--------- beginning of system
04-11 02:51:20.218   958  2829 D WifiService: acquireWifiLockLocked: WifiLock{com.amazon.dcp.framework.iuc.ConnectionEstablisherWithConnectivityEnforcement type=1 binder=android.os.BinderProxy@22c42c5c}
04-11 02:51:20.233   958  1718 D ActivityManager: single user service: com.amazon.imp
04-11 02:51:20.236   958  1718 D ActivityManager: app = com.amazon.imp, has single user service, setting process record.
--------- beginning of main
04-11 02:51:20.483 24620 24620 D AndroidRuntime: >>>>>> START com.android.internal.os.RuntimeInit uid 2000 <<<<<<
04-11 02:51:20.485 24620 24620 D AndroidRuntime: CheckJNI is OFF
04-11 02:51:20.486 24620 24620 I art     : Skinny Heap Starting Size = 2048KB
04-11 02:51:20.486 24620 24620 I art     : Skinny Heap Growth Limit = 20480KB
04-11 02:51:20.486 24620 24620 I art     : Skinny Heap Min Free = 128KB
04-11 02:51:20.486 24620 24620 I art     : Skinny Heap Max Free = 512KB
04-11 02:51:20.486 24620 24620 I art     : Skinny Heap Target Utilization = 0.9
04-11 02:51:20.562 24620 24620 I HAL     : loaded HAL id=memtrack path=/vendor/lib/hw/memtrack.mt8135.so hmi=0x0 handle=0x41db7694
04-11 02:51:20.573 24620 24620 I HAL     : loaded HAL id=perfboost path=/system/lib/hw/perfboost.mt8135.so hmi=0x0 handle=0x41db7934
04-11 02:51:20.597 24620 24620 D AndroidRuntime: Calling main entry com.android.commands.am.Am
04-11 02:51:20.599 24620 24620 D ActivityManager: default service binder = android.os.BinderProxy@13cb0fc9
04-11 02:51:20.599 24620 24620 D ActivityManager: default service = android.app.ActivityManagerProxy@abb26ce
04-11 02:51:20.623   958  2829 I ActivityManager: START u0 {act=android.intent.action.MAIN cat=[android.intent.category.LAUNCHER] flg=0x10000000 cmp=com.example.sonicdash_stage1/android.app.NativeActivity (has extras)} from uid 2000 on display 0
04-11 02:51:20.627   958  2829 W ActivityManager: Input dispatching paused for current ActivityRecord: ActivityRecord{995b248 u0 com.example.sonicdash_stage1/android.app.NativeActivity t618}
04-11 02:51:20.627   958  2829 V WindowManager: addAppToken: AppWindowToken{31118606 token=Token{1cbf08e1 ActivityRecord{995b248 u0 com.example.sonicdash_stage1/android.app.NativeActivity t618}}} to stack=1 task=618 at 0
04-11 02:51:20.632   958  2829 D BatteryStatsExtension.VitalEmitterBatteryAndTime: VitalEmitterBatteryAndTime.start(-): not runnable
04-11 02:51:20.637 24620 24620 D AndroidRuntime: Shutting down VM
04-11 02:51:20.637 24620 24633 E IPCThreadState: talkWithDriver returned result (-9)
04-11 02:51:20.637 24620 24634 E IPCThreadState: talkWithDriver returned result (-9)
04-11 02:51:20.658   958   991 V WindowManager: Adding window Window{1a77aaf4 u0 Starting com.example.sonicdash_stage1} at 2 of 6 (after Window{32e9e4b u0 com.amazon.firelauncher/com.amazon.firelauncher.Launcher})
04-11 02:51:20.661   958 13639 D WifiService: releaseWifiLockLocked: WifiLock{com.amazon.dcp.framework.iuc.ConnectionEstablisherWithConnectivityEnforcement type=1 binder=android.os.BinderProxy@22c42c5c}
04-11 02:51:20.662   266   266 W art     : PreZygoteFork called when we already have a zygote space.
04-11 02:51:20.672 24635 24635 I art     : Late-enabling -Xcheck:jni
04-11 02:51:20.674   958  1694 I ActivityManager: Start proc 24635:com.example.sonicdash_stage1/u0a9 for activity com.example.sonicdash_stage1/android.app.NativeActivity
04-11 02:51:20.687 24635 24635 I art     : Turning on check_jni_no_abort for targetSdkVersion 9
--------- beginning of metrics
04-11 02:51:20.687   958  1010 I LoggerMetricsFactoryImpl: PhoneWindowManager:ActivityChanged:com.example.sonicdash_stage1=1.0;CT;1:NR
--------- beginning of vitals
04-11 02:51:20.687   958  1010 I Vlog    : ScreenTime:PackageScreenTime:fgtracking=false;DV;1,key=com.amazon.firelauncher;DV;1,Timer=3.741666666666667E-4;TI;1,unit=hours;DV;1:HI
04-11 02:51:20.688   958  1010 I LoggerMetricsFactoryImpl: PhoneWindowManager:ScreenTime:endTimeMs=1.491904280687E12;TI;1,startTimeMs=1.491904279341E12;TI;1,com.amazon.firelauncher=1347.0;TI;1:NR
04-11 02:51:20.688   958  1010 I LoggerMetricsFactoryImpl: ScreenTime:updateLRUListLocked:page-type=KindleFramework;CK;1,hitType=deviceAction;CK;1,team-name=KindleFramework;CK;1,site_variant=KindleApplication;CK;1,page-action=fgEnd;CK;1,sub-page-type=com.amazon.firelauncher;CK;1,RequestId=748468097EAF213E9888;DV;1:NA
04-11 02:51:20.688   958  1010 I LoggerMetricsFactoryImpl: ScreenTime:updateLRUListLocked:page-type=KindleFramework;CK;1,hitType=deviceAction;CK;1,team-name=KindleFramework;CK;1,site_variant=KindleApplication;CK;1,page-action=fgStart;CK;1,sub-page-type=com.example.sonicdash_stage1;CK;1,RequestId=E9C4DB49C5691EBDE98A;DV;1:NA
04-11 02:51:20.711 24635 24635 D ActivityManager: default service binder = android.os.BinderProxy@99ae04d
04-11 02:51:20.711 24635 24635 D ActivityManager: default service = android.app.ActivityManagerProxy@fd72702
04-11 02:51:20.724   958  1721 I PackageRecencyCallback: Queuing notifcation to package: ComponentInfo{com.amazon.kindle.cms/com.amazon.kindle.cms.MaintenanceService$PackageRecencyListener}
04-11 02:51:20.726 24635 24635 D VendorDisplayManagerGlobalCallback: callGetInstance: nil
04-11 02:51:20.730  1696  1696 I Vlog    : performance:SkippedVsyncsBucket1:fgtracking=false;DV;1,key=com.amazon.firelauncher;DV;1,Counter=1.0;CT;1,unit=count;DV;1:HI
04-11 02:51:20.730  1696  1696 I Vlog    : performance:SkippedVsyncsBucket3:fgtracking=false;DV;1,key=com.amazon.firelauncher;DV;1,Counter=1.0;CT;1,unit=count;DV;1:HI
04-11 02:51:20.730  1696  1696 I Vlog    : performance:FrameDropTotal:fgtracking=false;DV;1,key=com.amazon.firelauncher;DV;1,Counter=3.0;CT;1,unit=count;DV;1:HI
04-11 02:51:20.730  1696  1696 I Vlog    : performance:FramesTotal:fgtracking=false;DV;1,key=com.amazon.firelauncher;DV;1,Counter=13.0;CT;1,unit=count;DV;1:HI
04-11 02:51:20.730  1696  1696 I Vlog    : performance:DelayedFirstFrames:fgtracking=false;DV;1,key=com.amazon.firelauncher;DV;1,Counter=1.0;CT;1,unit=count;DV;1:HI
04-11 02:51:20.730  1696  1696 I Vlog    : performance:FirstFramesTotal:fgtracking=false;DV;1,key=com.amazon.firelauncher;DV;1,Counter=3.0;CT;1,unit=count;DV;1:HI
04-11 02:51:20.785 24635 24635 E VendorContextExt: Failed to register system service "com.amazon.client.metrics.AndroidMetricsFactoryImpl". The class was not found for the provided classloader.
04-11 02:51:20.789 24635 24635 D ProfileManager: Create ProfileManager instance
04-11 02:51:20.801 24635 24635 I FrameworkJumpTable: Successfully loaded all classes
04-11 02:51:20.807 24635 24635 I FrameworkJumpTable: Successfully loaded all methods
04-11 02:51:20.810 24635 24635 I FrameworkJumpTable: Successfully loaded all fields
04-11 02:51:20.829 24635 24635 V threaded_app: Creating: 0x42af8150
04-11 02:51:20.829 24635 24653 V threaded_app: Config: mcc=0 mnc=0 lang=en cnt=US orien=2 touch=3 dens=213 keys=1 nav=1 keysHid=3 navHid=0 sdk=22 size=3 long=1 modetype=1 modenight=1
04-11 02:51:20.829 24635 24653 I native-activity: Starting android_main
04-11 02:51:20.829 24635 24653 I native-activity:   Activity 0x42af8150
04-11 02:51:20.829 24635 24653 I native-activity:   VM 0x4504eb80
04-11 02:51:20.829 24635 24653 I native-activity:   JNIEnv 0x451e13e8
04-11 02:51:20.829 24635 24653 D native-activity: Changing permissions for the internal storage at /data/data/com.example.sonicdash_stage1/files
04-11 02:51:20.830 24635 24653 I native-activity: Attaching entry point thread to JNIEnv
04-11 02:51:20.830 24635 24635 V threaded_app: Start: 0x42af8150
04-11 02:51:20.830 24635 24653 I native-activity: Loading activity configuration
04-11 02:51:20.830 24635 24653 V native-activity: get_boolean_extra for *env 0x420afd60 intent 0x100005 extra_name egl_swap_preserve_bit
04-11 02:51:20.831 24635 24653 V native-activity: get_boolean_extra for *env 0x420afd60 intent 0x100005 extra_name egl_window_bit
04-11 02:51:20.831 24635 24653 V native-activity: get_boolean_extra for *env 0x420afd60 intent 0x100005 extra_name egl_pbuffer_bit
04-11 02:51:20.831 24635 24653 V native-activity: get_boolean_extra for *env 0x420afd60 intent 0x100005 extra_name gl_enable_dither
04-11 02:51:20.831 24635 24653 V native-activity: get_boolean_extra for *env 0x420afd60 intent 0x100005 extra_name gl_disable_dither
04-11 02:51:20.831 24635 24653 V native-activity: get_boolean_extra for *env 0x420afd60 intent 0x100005 extra_name gl_log_context
04-11 02:51:20.831 24635 24653 V native-activity: get_boolean_extra for *env 0x420afd60 intent 0x100005 extra_name stop_motion
04-11 02:51:20.831 24635 24653 V native-activity: get_boolean_extra for *env 0x420afd60 intent 0x100005 extra_name capture_compressed
04-11 02:51:20.831 24635 24653 I native-activity: EGL configuration
04-11 02:51:20.831 24635 24653 I native-activity: 	egl_swap_preserve_bit: 0
04-11 02:51:20.831 24635 24653 I native-activity: 	egl_window_bit: 1
04-11 02:51:20.831 24635 24653 I native-activity: 	egl_pbuffer_bit: 1
04-11 02:51:20.831 24635 24653 I native-activity: 	egl_width: 720
04-11 02:51:20.831 24635 24653 I native-activity: 	egl_height: 1280
04-11 02:51:20.831 24635 24653 I native-activity: 	egl_red_size: 8
04-11 02:51:20.831 24635 24653 I native-activity: 	egl_green_size: 8
04-11 02:51:20.831 24635 24653 I native-activity: 	egl_blue_size: 8
04-11 02:51:20.831 24635 24653 I native-activity: 	egl_alpha_size: 8
04-11 02:51:20.831 24635 24653 I native-activity: 	egl_depth_size: 16
04-11 02:51:20.831 24635 24653 I native-activity: 	egl_stencil_size: -1
04-11 02:51:20.831 24635 24653 I native-activity: 	egl_swapbuffers_sync: 2
04-11 02:51:20.831 24635 24653 I native-activity: GL configuration
04-11 02:51:20.831 24635 24653 I native-activity: 	gl_enable_dither: 0
04-11 02:51:20.831 24635 24653 I native-activity: 	gl_disable_dither: 0
04-11 02:51:20.831 24635 24653 I native-activity: 	gl_get_error: 1
04-11 02:51:20.831 24635 24653 I native-activity: 	gl_log_context: 1
04-11 02:51:20.831 24635 24653 I native-activity: Runtime configuration
04-11 02:51:20.831 24635 24653 I native-activity: 	draw_limit:        0
04-11 02:51:20.831 24635 24653 I native-activity: 	frame_limit:       0
04-11 02:51:20.831 24635 24653 I native-activity: 	stop_motion:       0
04-11 02:51:20.831 24635 24653 I native-activity: 	capture_frequency: 0
04-11 02:51:20.831 24635 24653 I native-activity: 	capture_compressed: 1
04-11 02:51:20.834 24635 24653 V threaded_app: activityState=10
04-11 02:51:20.834 24635 24635 V threaded_app: Resume: 0x42af8150
04-11 02:51:20.834 24635 24653 V threaded_app: activityState=11
04-11 02:51:20.837  1607  1607 I Vlog    : PfxPrecog:WarmvCold:fgtracking=false;DV;1,key=cold;DV;1,Counter=1.000000;CT;1,unit=null;DV;1,metadata=mode:active;DV;1:HI
04-11 02:51:20.837  1607  1607 I Vlog    : PfxPrecog:WarmvCold:fgtracking=false;DV;1,key=cold;DV;1,Counter=1.000000;CT;1,unit=null;DV;1,metadata=pkg:com.example.sonicdash_stage1;DV;1:HI
04-11 02:51:20.853   958  2830 V WindowManager: Adding window Window{1519648c u0 com.example.sonicdash_stage1/android.app.NativeActivity} at 2 of 7 (before Window{1a77aaf4 u0 Starting com.example.sonicdash_stage1})
04-11 02:51:20.853 24635 24635 V threaded_app: InputQueueCreated: 0x42af8150 -- 0x42b01fb0
04-11 02:51:20.853 24635 24653 V threaded_app: APP_CMD_INPUT_CHANGED
04-11 02:51:20.853 24635 24653 V threaded_app: Attaching input queue to looper
04-11 02:51:20.890 24635 24635 V threaded_app: NativeWindowCreated: 0x42af8150 -- 0x535dd010
04-11 02:51:20.890 24635 24653 V threaded_app: APP_CMD_INIT_WINDOW
04-11 02:51:20.893 24635 24635 V threaded_app: WindowFocusChanged: 0x42af8150 -- 1
04-11 02:51:20.908   958   991 I Vlog    : Fluidity:cold_launch_time:fgtracking=false;DV;1,key=com.example.sonicdash_stage1/android.app.NativeActivity;DV;1,Timer=270.0;TI;1,unit=ms;DV;1:HI
04-11 02:51:20.908   958   991 I ActivityManager: Displayed com.example.sonicdash_stage1/android.app.NativeActivity: +270ms
04-11 02:51:20.910   958  1010 I LoggerMetricsFactoryImpl: PhoneWindowManager:ActivityChanged:com.example.sonicdash_stage1=1.0;CT;1:NR
04-11 02:51:20.915 24635 24653 I HAL     : loaded HAL id=hwcomposer path=/system/lib/hw/hwcomposer.mt8135.so hmi=0x0 handle=0x46998004
04-11 02:51:20.920 24635 24653 I HAL     : loaded HAL id=gralloc path=/vendor/lib/hw/gralloc.mt8135.so hmi=0x0 handle=0x4c1a9e74
04-11 02:51:20.934 24635 24653 I native-activity: EGL information on display 0x1
04-11 02:51:20.934 24635 24653 I native-activity: 		EGL_VENDOR: Android
04-11 02:51:20.934 24635 24653 I native-activity: 		EGL_VERSION: 1.4 Android META-EGL
04-11 02:51:20.934 24635 24653 I native-activity: 		EGL_CLIENT_APIS: OpenGL_ES
04-11 02:51:20.934 24635 24653 I native-activity: 		EGL_EXTENSIONS: EGL_KHR_get_all_proc_addresses EGL_ANDROID_presentation_time EGL_KHR_image EGL_KHR_image_base EGL_KHR_gl_texture_2D_image EGL_KHR_gl_texture_cubemap_image EGL_KHR_gl_renderbuffer_image EGL_KHR_fence_sync EGL_KHR_create_context EGL_EXT_create_context_robustness EGL_ANDROID_image_native_buffer EGL_KHR_wait_sync EGL_ANDROID_recordable 
04-11 02:51:20.934 24635 24653 D native-activity: EGL configurations 44
04-11 02:51:20.934 24635 24653 D native-activity: 	Config 0x1 index 0
04-11 02:51:20.934 24635 24653 V native-activity: 		EGL_CONFIG_ID: 1
04-11 02:51:20.934 24635 24653 V native-activity: 		EGL_CONFORMANT: 1 EGL_OPENGL_ES_BIT,
04-11 02:51:20.934 24635 24653 V native-activity: 		EGL_CONFIG_CAVEAT: 12344 EGL_NONE,
04-11 02:51:20.934 24635 24653 V native-activity: 		EGL_RENDERABLE_TYPE: 1 EGL_OPENGL_ES_BIT,
04-11 02:51:20.934 24635 24653 V native-activity: 		EGL_SURFACE_TYPE: 5 EGL_PBUFFER_BIT, EGL_WINDOW_BIT,
04-11 02:51:20.934 24635 24653 V native-activity: 		EGL_LEVEL: 0
04-11 02:51:20.934 24635 24653 V native-activity: 		EGL_COLOR_BUFFER_TYPE: 12430 EGL_RGB_BUFFER,
04-11 02:51:20.934 24635 24653 V native-activity: 		EGL_BUFFER_SIZE: 32
04-11 02:51:20.934 24635 24653 V native-activity: 		EGL_SAMPLES: 0
04-11 02:51:20.934 24635 24653 V native-activity: 		EGL_SAMPLE_BUFFERS: 0
04-11 02:51:20.934 24635 24653 V native-activity: 		EGL_RED_SIZE: 8
04-11 02:51:20.934 24635 24653 V native-activity: 		EGL_GREEN_SIZE: 8
04-11 02:51:20.934 24635 24653 V native-activity: 		EGL_BLUE_SIZE: 8
04-11 02:51:20.934 24635 24653 V native-activity: 		EGL_ALPHA_SIZE: 8
04-11 02:51:20.934 24635 24653 V native-activity: 		EGL_ALPHA_MASK_SIZE: 0
04-11 02:51:20.934 24635 24653 V native-activity: 		EGL_LUMINANCE_SIZE: 0
04-11 02:51:20.934 24635 24653 V native-activity: 		EGL_TRANSPARENT_TYPE: 12344 EGL_NONE,
04-11 02:51:20.936 24635 24653 V native-activity: 		EGL_TRANSPARENT_RED_VALUE: 0
04-11 02:51:20.938 24635 24653 V native-activity: 		EGL_TRANSPARENT_GREEN_VALUE: 0
04-11 02:51:20.938 24635 24653 V native-activity: 		EGL_TRANSPARENT_BLUE_VALUE: 0
04-11 02:51:20.938 24635 24653 V native-activity: 		EGL_STENCIL_SIZE: 8
04-11 02:51:20.938 24635 24653 V native-activity: 		EGL_DEPTH_SIZE: 24
04-11 02:51:20.938 24635 24653 V native-activity: 		EGL_BIND_TO_TEXTURE_RGB: 1
04-11 02:51:20.938 24635 24653 V native-activity: 		EGL_BIND_TO_TEXTURE_RGBA: 1
04-11 02:51:20.938 24635 24653 V native-activity: 		EGL_MIN_SWAP_INTERVAL: 0
04-11 02:51:20.938 24635 24653 V native-activity: 		EGL_MAX_SWAP_INTERVAL: 5
04-11 02:51:20.938 24635 24653 V native-activity: 		EGL_MAX_PBUFFER_WIDTH: 4096
04-11 02:51:20.938 24635 24653 V native-activity: 		EGL_MAX_PBUFFER_HEIGHT: 4096
04-11 02:51:20.938 24635 24653 D native-activity: 	Config 0x2 index 1
04-11 02:51:20.938 24635 24653 V native-activity: 		EGL_CONFIG_ID: 2
04-11 02:51:20.939 24635 24653 V native-activity: 		EGL_CONFORMANT: 1 EGL_OPENGL_ES_BIT,
04-11 02:51:20.939 24635 24653 V native-activity: 		EGL_CONFIG_CAVEAT: 12344 EGL_NONE,
04-11 02:51:20.939 24635 24653 V native-activity: 		EGL_RENDERABLE_TYPE: 1 EGL_OPENGL_ES_BIT,
04-11 02:51:20.939 24635 24653 V native-activity: 		EGL_SURFACE_TYPE: 5 EGL_PBUFFER_BIT, EGL_WINDOW_BIT,
04-11 02:51:20.939 24635 24653 V native-activity: 		EGL_LEVEL: 0
04-11 02:51:20.939 24635 24653 V native-activity: 		EGL_COLOR_BUFFER_TYPE: 12430 EGL_RGB_BUFFER,
04-11 02:51:20.939 24635 24653 V native-activity: 		EGL_BUFFER_SIZE: 32
04-11 02:51:20.939 24635 24653 V native-activity: 		EGL_SAMPLES: 0
04-11 02:51:20.939 24635 24653 V native-activity: 		EGL_SAMPLE_BUFFERS: 0
04-11 02:51:20.939 24635 24653 V native-activity: 		EGL_RED_SIZE: 8
04-11 02:51:20.939 24635 24653 V native-activity: 		EGL_GREEN_SIZE: 8
04-11 02:51:20.939 24635 24653 V native-activity: 		EGL_BLUE_SIZE: 8
04-11 02:51:20.939 24635 24653 V native-activity: 		EGL_ALPHA_SIZE: 8
04-11 02:51:20.939 24635 24653 V native-activity: 		EGL_ALPHA_MASK_SIZE: 0
04-11 02:51:20.939 24635 24653 V native-activity: 		EGL_LUMINANCE_SIZE: 0
04-11 02:51:20.939 24635 24653 V native-activity: 		EGL_TRANSPARENT_TYPE: 12344 EGL_NONE,
04-11 02:51:20.939 24635 24653 V native-activity: 		EGL_TRANSPARENT_RED_VALUE: 0
04-11 02:51:20.939 24635 24653 V native-activity: 		EGL_TRANSPARENT_GREEN_VALUE: 0
04-11 02:51:20.939 24635 24653 V native-activity: 		EGL_TRANSPARENT_BLUE_VALUE: 0
04-11 02:51:20.939 24635 24653 V native-activity: 		EGL_STENCIL_SIZE: 0
04-11 02:51:20.939 24635 24653 V native-activity: 		EGL_DEPTH_SIZE: 0
04-11 02:51:20.939 24635 24653 V native-activity: 		EGL_BIND_TO_TEXTURE_RGB: 1
04-11 02:51:20.939 24635 24653 V native-activity: 		EGL_BIND_TO_TEXTURE_RGBA: 1
04-11 02:51:20.939 24635 24653 V native-activity: 		EGL_MIN_SWAP_INTERVAL: 0
04-11 02:51:20.939 24635 24653 V native-activity: 		EGL_MAX_SWAP_INTERVAL: 5
04-11 02:51:20.939 24635 24653 V native-activity: 		EGL_MAX_PBUFFER_WIDTH: 4096
04-11 02:51:20.939 24635 24653 V native-activity: 		EGL_MAX_PBUFFER_HEIGHT: 4096
04-11 02:51:20.939 24635 24653 D native-activity: 	Config 0x3 index 2
04-11 02:51:20.939 24635 24653 V native-activity: 		EGL_CONFIG_ID: 3
04-11 02:51:20.939 24635 24653 V native-activity: 		EGL_CONFORMANT: 1 EGL_OPENGL_ES_BIT,
04-11 02:51:20.939 24635 24653 V native-activity: 		EGL_CONFIG_CAVEAT: 12344 EGL_NONE,
04-11 02:51:20.939 24635 24653 V native-activity: 		EGL_RENDERABLE_TYPE: 1 EGL_OPENGL_ES_BIT,
04-11 02:51:20.939 24635 24653 V native-activity: 		EGL_SURFACE_TYPE: 5 EGL_PBUFFER_BIT, EGL_WINDOW_BIT,
04-11 02:51:20.939 24635 24653 V native-activity: 		EGL_LEVEL: 0
04-11 02:51:20.939 24635 24653 V native-activity: 		EGL_COLOR_BUFFER_TYPE: 12430 EGL_RGB_BUFFER,
04-11 02:51:20.939 24635 24653 V native-activity: 		EGL_BUFFER_SIZE: 32
04-11 02:51:20.939 24635 24653 V native-activity: 		EGL_SAMPLES: 4
04-11 02:51:20.939 24635 24653 V native-activity: 		EGL_SAMPLE_BUFFERS: 1
04-11 02:51:20.939 24635 24653 V native-activity: 		EGL_RED_SIZE: 8
04-11 02:51:20.939 24635 24653 V native-activity: 		EGL_GREEN_SIZE: 8
04-11 02:51:20.939 24635 24653 V native-activity: 		EGL_BLUE_SIZE: 8
04-11 02:51:20.939 24635 24653 V native-activity: 		EGL_ALPHA_SIZE: 8
04-11 02:51:20.939 24635 24653 V native-activity: 		EGL_ALPHA_MASK_SIZE: 0
04-11 02:51:20.939 24635 24653 V native-activity: 		EGL_LUMINANCE_SIZE: 0
04-11 02:51:20.939 24635 24653 V native-activity: 		EGL_TRANSPARENT_TYPE: 12344 EGL_NONE,
04-11 02:51:20.939 24635 24653 V native-activity: 		EGL_TRANSPARENT_RED_VALUE: 0
04-11 02:51:20.939 24635 24653 V native-activity: 		EGL_TRANSPARENT_GREEN_VALUE: 0
04-11 02:51:20.939 24635 24653 V native-activity: 		EGL_TRANSPARENT_BLUE_VALUE: 0
04-11 02:51:20.939 24635 24653 V native-activity: 		EGL_STENCIL_SIZE: 8
04-11 02:51:20.939 24635 24653 V native-activity: 		EGL_DEPTH_SIZE: 24
04-11 02:51:20.939 24635 24653 V native-activity: 		EGL_BIND_TO_TEXTURE_RGB: 1
04-11 02:51:20.939 24635 24653 V native-activity: 		EGL_BIND_TO_TEXTURE_RGBA: 1
04-11 02:51:20.939 24635 24653 V native-activity: 		EGL_MIN_SWAP_INTERVAL: 0
04-11 02:51:20.940 24635 24653 V native-activity: 		EGL_MAX_SWAP_INTERVAL: 5
04-11 02:51:20.940 24635 24653 V native-activity: 		EGL_MAX_PBUFFER_WIDTH: 4096
04-11 02:51:20.940 24635 24653 V native-activity: 		EGL_MAX_PBUFFER_HEIGHT: 4096
04-11 02:51:20.940 24635 24653 D native-activity: 	Config 0x4 index 3
04-11 02:51:20.940 24635 24653 V native-activity: 		EGL_CONFIG_ID: 4
04-11 02:51:20.940 24635 24653 V native-activity: 		EGL_CONFORMANT: 1 EGL_OPENGL_ES_BIT,
04-11 02:51:20.940 24635 24653 V native-activity: 		EGL_CONFIG_CAVEAT: 12344 EGL_NONE,
04-11 02:51:20.940 24635 24653 V native-activity: 		EGL_RENDERABLE_TYPE: 1 EGL_OPENGL_ES_BIT,
04-11 02:51:20.940 24635 24653 V native-activity: 		EGL_SURFACE_TYPE: 5 EGL_PBUFFER_BIT, EGL_WINDOW_BIT,
04-11 02:51:20.940 24635 24653 V native-activity: 		EGL_LEVEL: 0
04-11 02:51:20.940 24635 24653 V native-activity: 		EGL_COLOR_BUFFER_TYPE: 12430 EGL_RGB_BUFFER,
04-11 02:51:20.940 24635 24653 V native-activity: 		EGL_BUFFER_SIZE: 32
04-11 02:51:20.940 24635 24653 V native-activity: 		EGL_SAMPLES: 0
04-11 02:51:20.940 24635 24653 V native-activity: 		EGL_SAMPLE_BUFFERS: 0
04-11 02:51:20.940 24635 24653 V native-activity: 		EGL_RED_SIZE: 8
04-11 02:51:20.940 24635 24653 V native-activity: 		EGL_GREEN_SIZE: 8
04-11 02:51:20.940 24635 24653 V native-activity: 		EGL_BLUE_SIZE: 8
04-11 02:51:20.940 24635 24653 V native-activity: 		EGL_ALPHA_SIZE: 0
04-11 02:51:20.940 24635 24653 V native-activity: 		EGL_ALPHA_MASK_SIZE: 0
04-11 02:51:20.940 24635 24653 V native-activity: 		EGL_LUMINANCE_SIZE: 0
04-11 02:51:20.940 24635 24653 V native-activity: 		EGL_TRANSPARENT_TYPE: 12344 EGL_NONE,
04-11 02:51:20.940 24635 24653 V native-activity: 		EGL_TRANSPARENT_RED_VALUE: 0
04-11 02:51:20.940 24635 24653 V native-activity: 		EGL_TRANSPARENT_GREEN_VALUE: 0
04-11 02:51:20.940 24635 24653 V native-activity: 		EGL_TRANSPARENT_BLUE_VALUE: 0
04-11 02:51:20.940 24635 24653 V native-activity: 		EGL_STENCIL_SIZE: 8
04-11 02:51:20.940 24635 24653 V native-activity: 		EGL_DEPTH_SIZE: 24
04-11 02:51:20.940 24635 24653 V native-activity: 		EGL_BIND_TO_TEXTURE_RGB: 1
04-11 02:51:20.940 24635 24653 V native-activity: 		EGL_BIND_TO_TEXTURE_RGBA: 0
04-11 02:51:20.940 24635 24653 V native-activity: 		EGL_MIN_SWAP_INTERVAL: 0
04-11 02:51:20.940 24635 24653 V native-activity: 		EGL_MAX_SWAP_INTERVAL: 5
04-11 02:51:20.940 24635 24653 V native-activity: 		EGL_MAX_PBUFFER_WIDTH: 4096
04-11 02:51:20.940 24635 24653 V native-activity: 		EGL_MAX_PBUFFER_HEIGHT: 4096
04-11 02:51:20.940 24635 24653 D native-activity: 	Config 0x5 index 4
04-11 02:51:20.940 24635 24653 V native-activity: 		EGL_CONFIG_ID: 5
04-11 02:51:20.940 24635 24653 V native-activity: 		EGL_CONFORMANT: 1 EGL_OPENGL_ES_BIT,
04-11 02:51:20.940 24635 24653 V native-activity: 		EGL_CONFIG_CAVEAT: 12344 EGL_NONE,
04-11 02:51:20.940 24635 24653 V native-activity: 		EGL_RENDERABLE_TYPE: 1 EGL_OPENGL_ES_BIT,
04-11 02:51:20.940 24635 24653 V native-activity: 		EGL_SURFACE_TYPE: 5 EGL_PBUFFER_BIT, EGL_WINDOW_BIT,
04-11 02:51:20.940 24635 24653 V native-activity: 		EGL_LEVEL: 0
04-11 02:51:20.940 24635 24653 V native-activity: 		EGL_COLOR_BUFFER_TYPE: 12430 EGL_RGB_BUFFER,
04-11 02:51:20.940 24635 24653 V native-activity: 		EGL_BUFFER_SIZE: 32
04-11 02:51:20.940 24635 24653 V native-activity: 		EGL_SAMPLES: 0
04-11 02:51:20.940 24635 24653 V native-activity: 		EGL_SAMPLE_BUFFERS: 0
04-11 02:51:20.940 24635 24653 V native-activity: 		EGL_RED_SIZE: 8
04-11 02:51:20.940 24635 24653 V native-activity: 		EGL_GREEN_SIZE: 8
04-11 02:51:20.940 24635 24653 V native-activity: 		EGL_BLUE_SIZE: 8
04-11 02:51:20.940 24635 24653 V native-activity: 		EGL_ALPHA_SIZE: 0
04-11 02:51:20.940 24635 24653 V native-activity: 		EGL_ALPHA_MASK_SIZE: 0
04-11 02:51:20.941 24635 24653 V native-activity: 		EGL_LUMINANCE_SIZE: 0
04-11 02:51:20.941 24635 24653 V native-activity: 		EGL_TRANSPARENT_TYPE: 12344 EGL_NONE,
04-11 02:51:20.941 24635 24653 V native-activity: 		EGL_TRANSPARENT_RED_VALUE: 0
04-11 02:51:20.941 24635 24653 V native-activity: 		EGL_TRANSPARENT_GREEN_VALUE: 0
04-11 02:51:20.941 24635 24653 V native-activity: 		EGL_TRANSPARENT_BLUE_VALUE: 0
04-11 02:51:20.941 24635 24653 V native-activity: 		EGL_STENCIL_SIZE: 0
04-11 02:51:20.941 24635 24653 V native-activity: 		EGL_DEPTH_SIZE: 0
04-11 02:51:20.941 24635 24653 V native-activity: 		EGL_BIND_TO_TEXTURE_RGB: 1
04-11 02:51:20.941 24635 24653 V native-activity: 		EGL_BIND_TO_TEXTURE_RGBA: 0
04-11 02:51:20.941 24635 24653 V native-activity: 		EGL_MIN_SWAP_INTERVAL: 0
04-11 02:51:20.941 24635 24653 V native-activity: 		EGL_MAX_SWAP_INTERVAL: 5
04-11 02:51:20.941 24635 24653 V native-activity: 		EGL_MAX_PBUFFER_WIDTH: 4096
04-11 02:51:20.941 24635 24653 V native-activity: 		EGL_MAX_PBUFFER_HEIGHT: 4096
04-11 02:51:20.941 24635 24653 D native-activity: 	Config 0x6 index 5
04-11 02:51:20.941 24635 24653 V native-activity: 		EGL_CONFIG_ID: 6
04-11 02:51:20.946 24635 24653 V native-activity: 		EGL_CONFORMANT: 1 EGL_OPENGL_ES_BIT,
04-11 02:51:20.946 24635 24653 V native-activity: 		EGL_CONFIG_CAVEAT: 12344 EGL_NONE,
04-11 02:51:20.946 24635 24653 V native-activity: 		EGL_RENDERABLE_TYPE: 1 EGL_OPENGL_ES_BIT,
04-11 02:51:20.946 24635 24653 V native-activity: 		EGL_SURFACE_TYPE: 5 EGL_PBUFFER_BIT, EGL_WINDOW_BIT,
04-11 02:51:20.946 24635 24653 V native-activity: 		EGL_LEVEL: 0
04-11 02:51:20.946 24635 24653 V native-activity: 		EGL_COLOR_BUFFER_TYPE: 12430 EGL_RGB_BUFFER,
04-11 02:51:20.946 24635 24653 V native-activity: 		EGL_BUFFER_SIZE: 32
04-11 02:51:20.947 24635 24653 V native-activity: 		EGL_SAMPLES: 4
04-11 02:51:20.947 24635 24653 V native-activity: 		EGL_SAMPLE_BUFFERS: 1
04-11 02:51:20.947 24635 24653 V native-activity: 		EGL_RED_SIZE: 8
04-11 02:51:20.947 24635 24653 V native-activity: 		EGL_GREEN_SIZE: 8
04-11 02:51:20.947 24635 24653 V native-activity: 		EGL_BLUE_SIZE: 8
04-11 02:51:20.947 24635 24653 V native-activity: 		EGL_ALPHA_SIZE: 0
04-11 02:51:20.947 24635 24653 V native-activity: 		EGL_ALPHA_MASK_SIZE: 0
04-11 02:51:20.947 24635 24653 V native-activity: 		EGL_LUMINANCE_SIZE: 0
04-11 02:51:20.947 24635 24653 V native-activity: 		EGL_TRANSPARENT_TYPE: 12344 EGL_NONE,
04-11 02:51:20.947 24635 24653 V native-activity: 		EGL_TRANSPARENT_RED_VALUE: 0
04-11 02:51:20.947 24635 24653 V native-activity: 		EGL_TRANSPARENT_GREEN_VALUE: 0
04-11 02:51:20.947 24635 24653 V native-activity: 		EGL_TRANSPARENT_BLUE_VALUE: 0
04-11 02:51:20.947 24635 24653 V native-activity: 		EGL_STENCIL_SIZE: 8
04-11 02:51:20.947 24635 24653 V native-activity: 		EGL_DEPTH_SIZE: 24
04-11 02:51:20.947 24635 24653 V native-activity: 		EGL_BIND_TO_TEXTURE_RGB: 1
04-11 02:51:20.947 24635 24653 V native-activity: 		EGL_BIND_TO_TEXTURE_RGBA: 0
04-11 02:51:20.947 24635 24653 V native-activity: 		EGL_MIN_SWAP_INTERVAL: 0
04-11 02:51:20.947 24635 24653 V native-activity: 		EGL_MAX_SWAP_INTERVAL: 5
04-11 02:51:20.947 24635 24653 V native-activity: 		EGL_MAX_PBUFFER_WIDTH: 4096
04-11 02:51:20.947 24635 24653 V native-activity: 		EGL_MAX_PBUFFER_HEIGHT: 4096
04-11 02:51:20.947 24635 24653 D native-activity: 	Config 0x7 index 6
04-11 02:51:20.947 24635 24653 V native-activity: 		EGL_CONFIG_ID: 7
04-11 02:51:20.947 24635 24653 V native-activity: 		EGL_CONFORMANT: 1 EGL_OPENGL_ES_BIT,
04-11 02:51:20.947 24635 24653 V native-activity: 		EGL_CONFIG_CAVEAT: 12344 EGL_NONE,
04-11 02:51:20.947 24635 24653 V native-activity: 		EGL_RENDERABLE_TYPE: 1 EGL_OPENGL_ES_BIT,
04-11 02:51:20.947 24635 24653 V native-activity: 		EGL_SURFACE_TYPE: 5 EGL_PBUFFER_BIT, EGL_WINDOW_BIT,
04-11 02:51:20.947 24635 24653 V native-activity: 		EGL_LEVEL: 0
04-11 02:51:20.947 24635 24653 V native-activity: 		EGL_COLOR_BUFFER_TYPE: 12430 EGL_RGB_BUFFER,
04-11 02:51:20.947 24635 24653 V native-activity: 		EGL_BUFFER_SIZE: 32
04-11 02:51:20.947 24635 24653 V native-activity: 		EGL_SAMPLES: 0
04-11 02:51:20.947 24635 24653 V native-activity: 		EGL_SAMPLE_BUFFERS: 0
04-11 02:51:20.947 24635 24653 V native-activity: 		EGL_RED_SIZE: 8
04-11 02:51:20.947 24635 24653 V native-activity: 		EGL_GREEN_SIZE: 8
04-11 02:51:20.947 24635 24653 V native-activity: 		EGL_BLUE_SIZE: 8
04-11 02:51:20.947 24635 24653 V native-activity: 		EGL_ALPHA_SIZE: 8
04-11 02:51:20.947 24635 24653 V native-activity: 		EGL_ALPHA_MASK_SIZE: 0
04-11 02:51:20.947 24635 24653 V native-activity: 		EGL_LUMINANCE_SIZE: 0
04-11 02:51:20.947 24635 24653 V native-activity: 		EGL_TRANSPARENT_TYPE: 12344 EGL_NONE,
04-11 02:51:20.947 24635 24653 V native-activity: 		EGL_TRANSPARENT_RED_VALUE: 0
04-11 02:51:20.947 24635 24653 V native-activity: 		EGL_TRANSPARENT_GREEN_VALUE: 0
04-11 02:51:20.947 24635 24653 V native-activity: 		EGL_TRANSPARENT_BLUE_VALUE: 0
04-11 02:51:20.947 24635 24653 V native-activity: 		EGL_STENCIL_SIZE: 8
04-11 02:51:20.947 24635 24653 V native-activity: 		EGL_DEPTH_SIZE: 24
04-11 02:51:20.947 24635 24653 V native-activity: 		EGL_BIND_TO_TEXTURE_RGB: 1
04-11 02:51:20.947 24635 24653 V native-activity: 		EGL_BIND_TO_TEXTURE_RGBA: 1
04-11 02:51:20.947 24635 24653 V native-activity: 		EGL_MIN_SWAP_INTERVAL: 0
04-11 02:51:20.947 24635 24653 V native-activity: 		EGL_MAX_SWAP_INTERVAL: 5
04-11 02:51:20.947 24635 24653 V native-activity: 		EGL_MAX_PBUFFER_WIDTH: 4096
04-11 02:51:20.947 24635 24653 V native-activity: 		EGL_MAX_PBUFFER_HEIGHT: 4096
04-11 02:51:20.947 24635 24653 D native-activity: 	Config 0x8 index 7
04-11 02:51:20.948 24635 24653 V native-activity: 		EGL_CONFIG_ID: 8
04-11 02:51:20.948 24635 24653 V native-activity: 		EGL_CONFORMANT: 1 EGL_OPENGL_ES_BIT,
04-11 02:51:20.948 24635 24653 V native-activity: 		EGL_CONFIG_CAVEAT: 12344 EGL_NONE,
04-11 02:51:20.948 24635 24653 V native-activity: 		EGL_RENDERABLE_TYPE: 1 EGL_OPENGL_ES_BIT,
04-11 02:51:20.948 24635 24653 V native-activity: 		EGL_SURFACE_TYPE: 5 EGL_PBUFFER_BIT, EGL_WINDOW_BIT,
04-11 02:51:20.948 24635 24653 V native-activity: 		EGL_LEVEL: 0
04-11 02:51:20.948 24635 24653 V native-activity: 		EGL_COLOR_BUFFER_TYPE: 12430 EGL_RGB_BUFFER,
04-11 02:51:20.948 24635 24653 V native-activity: 		EGL_BUFFER_SIZE: 32
04-11 02:51:20.948 24635 24653 V native-activity: 		EGL_SAMPLES: 0
04-11 02:51:20.948 24635 24653 V native-activity: 		EGL_SAMPLE_BUFFERS: 0
04-11 02:51:20.948 24635 24653 V native-activity: 		EGL_RED_SIZE: 8
04-11 02:51:20.948 24635 24653 V native-activity: 		EGL_GREEN_SIZE: 8
04-11 02:51:20.948 24635 24653 V native-activity: 		EGL_BLUE_SIZE: 8
04-11 02:51:20.948 24635 24653 V native-activity: 		EGL_ALPHA_SIZE: 8
04-11 02:51:20.948 24635 24653 V native-activity: 		EGL_ALPHA_MASK_SIZE: 0
04-11 02:51:20.948 24635 24653 V native-activity: 		EGL_LUMINANCE_SIZE: 0
04-11 02:51:20.948 24635 24653 V native-activity: 		EGL_TRANSPARENT_TYPE: 12344 EGL_NONE,
04-11 02:51:20.948 24635 24653 V native-activity: 		EGL_TRANSPARENT_RED_VALUE: 0
04-11 02:51:20.948 24635 24653 V native-activity: 		EGL_TRANSPARENT_GREEN_VALUE: 0
04-11 02:51:20.948 24635 24653 V native-activity: 		EGL_TRANSPARENT_BLUE_VALUE: 0
04-11 02:51:20.948 24635 24653 V native-activity: 		EGL_STENCIL_SIZE: 0
04-11 02:51:20.948 24635 24653 V native-activity: 		EGL_DEPTH_SIZE: 0
04-11 02:51:20.948 24635 24653 V native-activity: 		EGL_BIND_TO_TEXTURE_RGB: 1
04-11 02:51:20.948 24635 24653 V native-activity: 		EGL_BIND_TO_TEXTURE_RGBA: 1
04-11 02:51:20.948 24635 24653 V native-activity: 		EGL_MIN_SWAP_INTERVAL: 0
04-11 02:51:20.948 24635 24653 V native-activity: 		EGL_MAX_SWAP_INTERVAL: 5
04-11 02:51:20.948 24635 24653 V native-activity: 		EGL_MAX_PBUFFER_WIDTH: 4096
04-11 02:51:20.948 24635 24653 V native-activity: 		EGL_MAX_PBUFFER_HEIGHT: 4096
04-11 02:51:20.948 24635 24653 D native-activity: 	Config 0x9 index 8
04-11 02:51:20.948 24635 24653 V native-activity: 		EGL_CONFIG_ID: 9
04-11 02:51:20.948 24635 24653 V native-activity: 		EGL_CONFORMANT: 1 EGL_OPENGL_ES_BIT,
04-11 02:51:20.948 24635 24653 V native-activity: 		EGL_CONFIG_CAVEAT: 12344 EGL_NONE,
04-11 02:51:20.948 24635 24653 V native-activity: 		EGL_RENDERABLE_TYPE: 1 EGL_OPENGL_ES_BIT,
04-11 02:51:20.948 24635 24653 V native-activity: 		EGL_SURFACE_TYPE: 5 EGL_PBUFFER_BIT, EGL_WINDOW_BIT,
04-11 02:51:20.948 24635 24653 V native-activity: 		EGL_LEVEL: 0
04-11 02:51:20.948 24635 24653 V native-activity: 		EGL_COLOR_BUFFER_TYPE: 12430 EGL_RGB_BUFFER,
04-11 02:51:20.948 24635 24653 V native-activity: 		EGL_BUFFER_SIZE: 32
04-11 02:51:20.948 24635 24653 V native-activity: 		EGL_SAMPLES: 4
04-11 02:51:20.948 24635 24653 V native-activity: 		EGL_SAMPLE_BUFFERS: 1
04-11 02:51:20.948 24635 24653 V native-activity: 		EGL_RED_SIZE: 8
04-11 02:51:20.948 24635 24653 V native-activity: 		EGL_GREEN_SIZE: 8
04-11 02:51:20.948 24635 24653 V native-activity: 		EGL_BLUE_SIZE: 8
04-11 02:51:20.948 24635 24653 V native-activity: 		EGL_ALPHA_SIZE: 8
04-11 02:51:20.948 24635 24653 V native-activity: 		EGL_ALPHA_MASK_SIZE: 0
04-11 02:51:20.948 24635 24653 V native-activity: 		EGL_LUMINANCE_SIZE: 0
04-11 02:51:20.948 24635 24653 V native-activity: 		EGL_TRANSPARENT_TYPE: 12344 EGL_NONE,
04-11 02:51:20.948 24635 24653 V native-activity: 		EGL_TRANSPARENT_RED_VALUE: 0
04-11 02:51:20.948 24635 24653 V native-activity: 		EGL_TRANSPARENT_GREEN_VALUE: 0
04-11 02:51:20.948 24635 24653 V native-activity: 		EGL_TRANSPARENT_BLUE_VALUE: 0
04-11 02:51:20.948 24635 24653 V native-activity: 		EGL_STENCIL_SIZE: 8
04-11 02:51:20.948 24635 24653 V native-activity: 		EGL_DEPTH_SIZE: 24
04-11 02:51:20.948 24635 24653 V native-activity: 		EGL_BIND_TO_TEXTURE_RGB: 1
04-11 02:51:20.948 24635 24653 V native-activity: 		EGL_BIND_TO_TEXTURE_RGBA: 1
04-11 02:51:20.949 24635 24653 V native-activity: 		EGL_MIN_SWAP_INTERVAL: 0
04-11 02:51:20.949 24635 24653 V native-activity: 		EGL_MAX_SWAP_INTERVAL: 5
04-11 02:51:20.949 24635 24653 V native-activity: 		EGL_MAX_PBUFFER_WIDTH: 4096
04-11 02:51:20.949 24635 24653 V native-activity: 		EGL_MAX_PBUFFER_HEIGHT: 4096
04-11 02:51:20.949 24635 24653 D native-activity: 	Config 0xa index 9
04-11 02:51:20.949 24635 24653 V native-activity: 		EGL_CONFIG_ID: 10
04-11 02:51:20.949 24635 24653 V native-activity: 		EGL_CONFORMANT: 1 EGL_OPENGL_ES_BIT,
04-11 02:51:20.949 24635 24653 V native-activity: 		EGL_CONFIG_CAVEAT: 12344 EGL_NONE,
04-11 02:51:20.949 24635 24653 V native-activity: 		EGL_RENDERABLE_TYPE: 1 EGL_OPENGL_ES_BIT,
04-11 02:51:20.949 24635 24653 V native-activity: 		EGL_SURFACE_TYPE: 5 EGL_PBUFFER_BIT, EGL_WINDOW_BIT,
04-11 02:51:20.949 24635 24653 V native-activity: 		EGL_LEVEL: 0
04-11 02:51:20.949 24635 24653 V native-activity: 		EGL_COLOR_BUFFER_TYPE: 12430 EGL_RGB_BUFFER,
04-11 02:51:20.949 24635 24653 V native-activity: 		EGL_BUFFER_SIZE: 32
04-11 02:51:20.949 24635 24653 V native-activity: 		EGL_SAMPLES: 0
04-11 02:51:20.949 24635 24653 V native-activity: 		EGL_SAMPLE_BUFFERS: 0
04-11 02:51:20.949 24635 24653 V native-activity: 		EGL_RED_SIZE: 8
04-11 02:51:20.949 24635 24653 V native-activity: 		EGL_GREEN_SIZE: 8
04-11 02:51:20.949 24635 24653 V native-activity: 		EGL_BLUE_SIZE: 8
04-11 02:51:20.949 24635 24653 V native-activity: 		EGL_ALPHA_SIZE: 0
04-11 02:51:20.949 24635 24653 V native-activity: 		EGL_ALPHA_MASK_SIZE: 0
04-11 02:51:20.949 24635 24653 V native-activity: 		EGL_LUMINANCE_SIZE: 0
04-11 02:51:20.949 24635 24653 V native-activity: 		EGL_TRANSPARENT_TYPE: 12344 EGL_NONE,
04-11 02:51:20.949 24635 24653 V native-activity: 		EGL_TRANSPARENT_RED_VALUE: 0
04-11 02:51:20.949 24635 24653 V native-activity: 		EGL_TRANSPARENT_GREEN_VALUE: 0
04-11 02:51:20.949 24635 24653 V native-activity: 		EGL_TRANSPARENT_BLUE_VALUE: 0
04-11 02:51:20.949 24635 24653 V native-activity: 		EGL_STENCIL_SIZE: 8
04-11 02:51:20.949 24635 24653 V native-activity: 		EGL_DEPTH_SIZE: 24
04-11 02:51:20.949 24635 24653 V native-activity: 		EGL_BIND_TO_TEXTURE_RGB: 1
04-11 02:51:20.949 24635 24653 V native-activity: 		EGL_BIND_TO_TEXTURE_RGBA: 0
04-11 02:51:20.949 24635 24653 V native-activity: 		EGL_MIN_SWAP_INTERVAL: 0
04-11 02:51:20.949 24635 24653 V native-activity: 		EGL_MAX_SWAP_INTERVAL: 5
04-11 02:51:20.949 24635 24653 V native-activity: 		EGL_MAX_PBUFFER_WIDTH: 4096
04-11 02:51:20.949 24635 24653 V native-activity: 		EGL_MAX_PBUFFER_HEIGHT: 4096
04-11 02:51:20.949 24635 24653 D native-activity: 	Config 0xb index 10
04-11 02:51:20.949 24635 24653 V native-activity: 		EGL_CONFIG_ID: 11
04-11 02:51:20.949 24635 24653 V native-activity: 		EGL_CONFORMANT: 1 EGL_OPENGL_ES_BIT,
04-11 02:51:20.949 24635 24653 V native-activity: 		EGL_CONFIG_CAVEAT: 12344 EGL_NONE,
04-11 02:51:20.949 24635 24653 V native-activity: 		EGL_RENDERABLE_TYPE: 1 EGL_OPENGL_ES_BIT,
04-11 02:51:20.949 24635 24653 V native-activity: 		EGL_SURFACE_TYPE: 5 EGL_PBUFFER_BIT, EGL_WINDOW_BIT,
04-11 02:51:20.949 24635 24653 V native-activity: 		EGL_LEVEL: 0
04-11 02:51:20.949 24635 24653 V native-activity: 		EGL_COLOR_BUFFER_TYPE: 12430 EGL_RGB_BUFFER,
04-11 02:51:20.949 24635 24653 V native-activity: 		EGL_BUFFER_SIZE: 32
04-11 02:51:20.949 24635 24653 V native-activity: 		EGL_SAMPLES: 0
04-11 02:51:20.949 24635 24653 V native-activity: 		EGL_SAMPLE_BUFFERS: 0
04-11 02:51:20.949 24635 24653 V native-activity: 		EGL_RED_SIZE: 8
04-11 02:51:20.949 24635 24653 V native-activity: 		EGL_GREEN_SIZE: 8
04-11 02:51:20.949 24635 24653 V native-activity: 		EGL_BLUE_SIZE: 8
04-11 02:51:20.949 24635 24653 V native-activity: 		EGL_ALPHA_SIZE: 0
04-11 02:51:20.949 24635 24653 V native-activity: 		EGL_ALPHA_MASK_SIZE: 0
04-11 02:51:20.949 24635 24653 V native-activity: 		EGL_LUMINANCE_SIZE: 0
04-11 02:51:20.949 24635 24653 V native-activity: 		EGL_TRANSPARENT_TYPE: 12344 EGL_NONE,
04-11 02:51:20.949 24635 24653 V native-activity: 		EGL_TRANSPARENT_RED_VALUE: 0
04-11 02:51:20.949 24635 24653 V native-activity: 		EGL_TRANSPARENT_GREEN_VALUE: 0
04-11 02:51:20.949 24635 24653 V native-activity: 		EGL_TRANSPARENT_BLUE_VALUE: 0
04-11 02:51:20.950 24635 24653 V native-activity: 		EGL_STENCIL_SIZE: 0
04-11 02:51:20.950 24635 24653 V native-activity: 		EGL_DEPTH_SIZE: 0
04-11 02:51:20.950 24635 24653 V native-activity: 		EGL_BIND_TO_TEXTURE_RGB: 1
04-11 02:51:20.950 24635 24653 V native-activity: 		EGL_BIND_TO_TEXTURE_RGBA: 0
04-11 02:51:20.950 24635 24653 V native-activity: 		EGL_MIN_SWAP_INTERVAL: 0
04-11 02:51:20.950 24635 24653 V native-activity: 		EGL_MAX_SWAP_INTERVAL: 5
04-11 02:51:20.950 24635 24653 V native-activity: 		EGL_MAX_PBUFFER_WIDTH: 4096
04-11 02:51:20.950 24635 24653 V native-activity: 		EGL_MAX_PBUFFER_HEIGHT: 4096
04-11 02:51:20.950 24635 24653 D native-activity: 	Config 0xc index 11
04-11 02:51:20.950 24635 24653 V native-activity: 		EGL_CONFIG_ID: 12
04-11 02:51:20.950 24635 24653 V native-activity: 		EGL_CONFORMANT: 1 EGL_OPENGL_ES_BIT,
04-11 02:51:20.950 24635 24653 V native-activity: 		EGL_CONFIG_CAVEAT: 12344 EGL_NONE,
04-11 02:51:20.950 24635 24653 V native-activity: 		EGL_RENDERABLE_TYPE: 1 EGL_OPENGL_ES_BIT,
04-11 02:51:20.950 24635 24653 V native-activity: 		EGL_SURFACE_TYPE: 5 EGL_PBUFFER_BIT, EGL_WINDOW_BIT,
04-11 02:51:20.950 24635 24653 V native-activity: 		EGL_LEVEL: 0
04-11 02:51:20.950 24635 24653 V native-activity: 		EGL_COLOR_BUFFER_TYPE: 12430 EGL_RGB_BUFFER,
04-11 02:51:20.950 24635 24653 V native-activity: 		EGL_BUFFER_SIZE: 32
04-11 02:51:20.950 24635 24653 V native-activity: 		EGL_SAMPLES: 4
04-11 02:51:20.950 24635 24653 V native-activity: 		EGL_SAMPLE_BUFFERS: 1
04-11 02:51:20.950 24635 24653 V native-activity: 		EGL_RED_SIZE: 8
04-11 02:51:20.950 24635 24653 V native-activity: 		EGL_GREEN_SIZE: 8
04-11 02:51:20.950 24635 24653 V native-activity: 		EGL_BLUE_SIZE: 8
04-11 02:51:20.950 24635 24653 V native-activity: 		EGL_ALPHA_SIZE: 0
04-11 02:51:20.950 24635 24653 V native-activity: 		EGL_ALPHA_MASK_SIZE: 0
04-11 02:51:20.950 24635 24653 V native-activity: 		EGL_LUMINANCE_SIZE: 0
04-11 02:51:20.950 24635 24653 V native-activity: 		EGL_TRANSPARENT_TYPE: 12344 EGL_NONE,
04-11 02:51:20.950 24635 24653 V native-activity: 		EGL_TRANSPARENT_RED_VALUE: 0
04-11 02:51:20.950 24635 24653 V native-activity: 		EGL_TRANSPARENT_GREEN_VALUE: 0
04-11 02:51:20.950 24635 24653 V native-activity: 		EGL_TRANSPARENT_BLUE_VALUE: 0
04-11 02:51:20.950 24635 24653 V native-activity: 		EGL_STENCIL_SIZE: 8
04-11 02:51:20.950 24635 24653 V native-activity: 		EGL_DEPTH_SIZE: 24
04-11 02:51:20.950 24635 24653 V native-activity: 		EGL_BIND_TO_TEXTURE_RGB: 1
04-11 02:51:20.950 24635 24653 V native-activity: 		EGL_BIND_TO_TEXTURE_RGBA: 0
04-11 02:51:20.950 24635 24653 V native-activity: 		EGL_MIN_SWAP_INTERVAL: 0
04-11 02:51:20.950 24635 24653 V native-activity: 		EGL_MAX_SWAP_INTERVAL: 5
04-11 02:51:20.950 24635 24653 V native-activity: 		EGL_MAX_PBUFFER_WIDTH: 4096
04-11 02:51:20.950 24635 24653 V native-activity: 		EGL_MAX_PBUFFER_HEIGHT: 4096
04-11 02:51:20.950 24635 24653 D native-activity: 	Config 0xd index 12
04-11 02:51:20.950 24635 24653 V native-activity: 		EGL_CONFIG_ID: 13
04-11 02:51:20.950 24635 24653 V native-activity: 		EGL_CONFORMANT: 1 EGL_OPENGL_ES_BIT,
04-11 02:51:20.950 24635 24653 V native-activity: 		EGL_CONFIG_CAVEAT: 12344 EGL_NONE,
04-11 02:51:20.950 24635 24653 V native-activity: 		EGL_RENDERABLE_TYPE: 1 EGL_OPENGL_ES_BIT,
04-11 02:51:20.950 24635 24653 V native-activity: 		EGL_SURFACE_TYPE: 5 EGL_PBUFFER_BIT, EGL_WINDOW_BIT,
04-11 02:51:20.950 24635 24653 V native-activity: 		EGL_LEVEL: 0
04-11 02:51:20.950 24635 24653 V native-activity: 		EGL_COLOR_BUFFER_TYPE: 12430 EGL_RGB_BUFFER,
04-11 02:51:20.950 24635 24653 V native-activity: 		EGL_BUFFER_SIZE: 16
04-11 02:51:20.950 24635 24653 V native-activity: 		EGL_SAMPLES: 0
04-11 02:51:20.950 24635 24653 V native-activity: 		EGL_SAMPLE_BUFFERS: 0
04-11 02:51:20.950 24635 24653 V native-activity: 		EGL_RED_SIZE: 5
04-11 02:51:20.950 24635 24653 V native-activity: 		EGL_GREEN_SIZE: 6
04-11 02:51:20.950 24635 24653 V native-activity: 		EGL_BLUE_SIZE: 5
04-11 02:51:20.950 24635 24653 V native-activity: 		EGL_ALPHA_SIZE: 0
04-11 02:51:20.950 24635 24653 V native-activity: 		EGL_ALPHA_MASK_SIZE: 0
04-11 02:51:20.950 24635 24653 V native-activity: 		EGL_LUMINANCE_SIZE: 0
04-11 02:51:20.950 24635 24653 V native-activity: 		EGL_TRANSPARENT_TYPE: 12344 EGL_NONE,
04-11 02:51:20.951 24635 24653 V native-activity: 		EGL_TRANSPARENT_RED_VALUE: 0
04-11 02:51:20.951 24635 24653 V native-activity: 		EGL_TRANSPARENT_GREEN_VALUE: 0
04-11 02:51:20.951 24635 24653 V native-activity: 		EGL_TRANSPARENT_BLUE_VALUE: 0
04-11 02:51:20.951 24635 24653 V native-activity: 		EGL_STENCIL_SIZE: 8
04-11 02:51:20.951 24635 24653 V native-activity: 		EGL_DEPTH_SIZE: 24
04-11 02:51:20.951 24635 24653 V native-activity: 		EGL_BIND_TO_TEXTURE_RGB: 1
04-11 02:51:20.951 24635 24653 V native-activity: 		EGL_BIND_TO_TEXTURE_RGBA: 0
04-11 02:51:20.951 24635 24653 V native-activity: 		EGL_MIN_SWAP_INTERVAL: 0
04-11 02:51:20.951 24635 24653 V native-activity: 		EGL_MAX_SWAP_INTERVAL: 5
04-11 02:51:20.951 24635 24653 V native-activity: 		EGL_MAX_PBUFFER_WIDTH: 4096
04-11 02:51:20.951 24635 24653 V native-activity: 		EGL_MAX_PBUFFER_HEIGHT: 4096
04-11 02:51:20.951 24635 24653 D native-activity: 	Config 0xe index 13
04-11 02:51:20.951 24635 24653 V native-activity: 		EGL_CONFIG_ID: 14
04-11 02:51:20.951 24635 24653 V native-activity: 		EGL_CONFORMANT: 1 EGL_OPENGL_ES_BIT,
04-11 02:51:20.951 24635 24653 V native-activity: 		EGL_CONFIG_CAVEAT: 12344 EGL_NONE,
04-11 02:51:20.951 24635 24653 V native-activity: 		EGL_RENDERABLE_TYPE: 1 EGL_OPENGL_ES_BIT,
04-11 02:51:20.951 24635 24653 V native-activity: 		EGL_SURFACE_TYPE: 5 EGL_PBUFFER_BIT, EGL_WINDOW_BIT,
04-11 02:51:20.951 24635 24653 V native-activity: 		EGL_LEVEL: 0
04-11 02:51:20.951 24635 24653 V native-activity: 		EGL_COLOR_BUFFER_TYPE: 12430 EGL_RGB_BUFFER,
04-11 02:51:20.951 24635 24653 V native-activity: 		EGL_BUFFER_SIZE: 16
04-11 02:51:20.951 24635 24653 V native-activity: 		EGL_SAMPLES: 0
04-11 02:51:20.951 24635 24653 V native-activity: 		EGL_SAMPLE_BUFFERS: 0
04-11 02:51:20.951 24635 24653 V native-activity: 		EGL_RED_SIZE: 5
04-11 02:51:20.951 24635 24653 V native-activity: 		EGL_GREEN_SIZE: 6
04-11 02:51:20.951 24635 24653 V native-activity: 		EGL_BLUE_SIZE: 5
04-11 02:51:20.951 24635 24653 V native-activity: 		EGL_ALPHA_SIZE: 0
04-11 02:51:20.951 24635 24653 V native-activity: 		EGL_ALPHA_MASK_SIZE: 0
04-11 02:51:20.951 24635 24653 V native-activity: 		EGL_LUMINANCE_SIZE: 0
04-11 02:51:20.954 24635 24653 V native-activity: 		EGL_TRANSPARENT_TYPE: 12344 EGL_NONE,
04-11 02:51:20.954 24635 24653 V native-activity: 		EGL_TRANSPARENT_RED_VALUE: 0
04-11 02:51:20.954 24635 24653 V native-activity: 		EGL_TRANSPARENT_GREEN_VALUE: 0
04-11 02:51:20.954 24635 24653 V native-activity: 		EGL_TRANSPARENT_BLUE_VALUE: 0
04-11 02:51:20.954 24635 24653 V native-activity: 		EGL_STENCIL_SIZE: 0
04-11 02:51:20.954 24635 24653 V native-activity: 		EGL_DEPTH_SIZE: 0
04-11 02:51:20.954 24635 24653 V native-activity: 		EGL_BIND_TO_TEXTURE_RGB: 1
04-11 02:51:20.954 24635 24653 V native-activity: 		EGL_BIND_TO_TEXTURE_RGBA: 0
04-11 02:51:20.954 24635 24653 V native-activity: 		EGL_MIN_SWAP_INTERVAL: 0
04-11 02:51:20.954 24635 24653 V native-activity: 		EGL_MAX_SWAP_INTERVAL: 5
04-11 02:51:20.955 24635 24653 V native-activity: 		EGL_MAX_PBUFFER_WIDTH: 4096
04-11 02:51:20.956 24635 24653 V native-activity: 		EGL_MAX_PBUFFER_HEIGHT: 4096
04-11 02:51:20.956 24635 24653 D native-activity: 	Config 0xf index 14
04-11 02:51:20.956 24635 24653 V native-activity: 		EGL_CONFIG_ID: 15
04-11 02:51:20.956 24635 24653 V native-activity: 		EGL_CONFORMANT: 1 EGL_OPENGL_ES_BIT,
04-11 02:51:20.956 24635 24653 V native-activity: 		EGL_CONFIG_CAVEAT: 12344 EGL_NONE,
04-11 02:51:20.956 24635 24653 V native-activity: 		EGL_RENDERABLE_TYPE: 1 EGL_OPENGL_ES_BIT,
04-11 02:51:20.956 24635 24653 V native-activity: 		EGL_SURFACE_TYPE: 5 EGL_PBUFFER_BIT, EGL_WINDOW_BIT,
04-11 02:51:20.956 24635 24653 V native-activity: 		EGL_LEVEL: 0
04-11 02:51:20.956 24635 24653 V native-activity: 		EGL_COLOR_BUFFER_TYPE: 12430 EGL_RGB_BUFFER,
04-11 02:51:20.956 24635 24653 V native-activity: 		EGL_BUFFER_SIZE: 16
04-11 02:51:20.956 24635 24653 V native-activity: 		EGL_SAMPLES: 4
04-11 02:51:20.956 24635 24653 V native-activity: 		EGL_SAMPLE_BUFFERS: 1
04-11 02:51:20.956 24635 24653 V native-activity: 		EGL_RED_SIZE: 5
04-11 02:51:20.956 24635 24653 V native-activity: 		EGL_GREEN_SIZE: 6
04-11 02:51:20.956 24635 24653 V native-activity: 		EGL_BLUE_SIZE: 5
04-11 02:51:20.956 24635 24653 V native-activity: 		EGL_ALPHA_SIZE: 0
04-11 02:51:20.956 24635 24653 V native-activity: 		EGL_ALPHA_MASK_SIZE: 0
04-11 02:51:20.956 24635 24653 V native-activity: 		EGL_LUMINANCE_SIZE: 0
04-11 02:51:20.956 24635 24653 V native-activity: 		EGL_TRANSPARENT_TYPE: 12344 EGL_NONE,
04-11 02:51:20.956 24635 24653 V native-activity: 		EGL_TRANSPARENT_RED_VALUE: 0
04-11 02:51:20.956 24635 24653 V native-activity: 		EGL_TRANSPARENT_GREEN_VALUE: 0
04-11 02:51:20.956 24635 24653 V native-activity: 		EGL_TRANSPARENT_BLUE_VALUE: 0
04-11 02:51:20.956 24635 24653 V native-activity: 		EGL_STENCIL_SIZE: 8
04-11 02:51:20.956 24635 24653 V native-activity: 		EGL_DEPTH_SIZE: 24
04-11 02:51:20.956 24635 24653 V native-activity: 		EGL_BIND_TO_TEXTURE_RGB: 1
04-11 02:51:20.956 24635 24653 V native-activity: 		EGL_BIND_TO_TEXTURE_RGBA: 0
04-11 02:51:20.956 24635 24653 V native-activity: 		EGL_MIN_SWAP_INTERVAL: 0
04-11 02:51:20.956 24635 24653 V native-activity: 		EGL_MAX_SWAP_INTERVAL: 5
04-11 02:51:20.956 24635 24653 V native-activity: 		EGL_MAX_PBUFFER_WIDTH: 4096
04-11 02:51:20.956 24635 24653 V native-activity: 		EGL_MAX_PBUFFER_HEIGHT: 4096
04-11 02:51:20.956 24635 24653 D native-activity: 	Config 0x10 index 15
04-11 02:51:20.956 24635 24653 V native-activity: 		EGL_CONFIG_ID: 16
04-11 02:51:20.956 24635 24653 V native-activity: 		EGL_CONFORMANT: 1 EGL_OPENGL_ES_BIT,
04-11 02:51:20.956 24635 24653 V native-activity: 		EGL_CONFIG_CAVEAT: 12344 EGL_NONE,
04-11 02:51:20.956 24635 24653 V native-activity: 		EGL_RENDERABLE_TYPE: 1 EGL_OPENGL_ES_BIT,
04-11 02:51:20.956 24635 24653 V native-activity: 		EGL_SURFACE_TYPE: 1 EGL_PBUFFER_BIT,
04-11 02:51:20.956 24635 24653 V native-activity: 		EGL_LEVEL: 0
04-11 02:51:20.956 24635 24653 V native-activity: 		EGL_COLOR_BUFFER_TYPE: 12430 EGL_RGB_BUFFER,
04-11 02:51:20.956 24635 24653 V native-activity: 		EGL_BUFFER_SIZE: 32
04-11 02:51:20.956 24635 24653 V native-activity: 		EGL_SAMPLES: 0
04-11 02:51:20.956 24635 24653 V native-activity: 		EGL_SAMPLE_BUFFERS: 0
04-11 02:51:20.956 24635 24653 V native-activity: 		EGL_RED_SIZE: 8
04-11 02:51:20.957 24635 24653 V native-activity: 		EGL_GREEN_SIZE: 8
04-11 02:51:20.957 24635 24653 V native-activity: 		EGL_BLUE_SIZE: 8
04-11 02:51:20.957 24635 24653 V native-activity: 		EGL_ALPHA_SIZE: 8
04-11 02:51:20.957 24635 24653 V native-activity: 		EGL_ALPHA_MASK_SIZE: 0
04-11 02:51:20.957 24635 24653 V native-activity: 		EGL_LUMINANCE_SIZE: 0
04-11 02:51:20.957 24635 24653 V native-activity: 		EGL_TRANSPARENT_TYPE: 12344 EGL_NONE,
04-11 02:51:20.957 24635 24653 V native-activity: 		EGL_TRANSPARENT_RED_VALUE: 0
04-11 02:51:20.957 24635 24653 V native-activity: 		EGL_TRANSPARENT_GREEN_VALUE: 0
04-11 02:51:20.957 24635 24653 V native-activity: 		EGL_TRANSPARENT_BLUE_VALUE: 0
04-11 02:51:20.957 24635 24653 V native-activity: 		EGL_STENCIL_SIZE: 8
