04-11 02:55:17.764 26108 26128 I native-activity: Swap 138 time is 17.827ms
04-11 02:55:17.764 26108 26128 I native-activity: Animating
04-11 02:55:17.765 26108 26128 I native-activity: Frame 139 GL error is 0x0
04-11 02:55:17.765 26108 26128 I native-activity: Frame 139 time is 0.920ms
04-11 02:55:17.765 26108 26128 I native-activity: Doing egl_swapbuffers_sync 2
04-11 02:55:17.782 26108 26128 I native-activity: Swap 139 time is 17.898ms
04-11 02:55:17.782 26108 26128 I native-activity: Animating
04-11 02:55:17.783 26108 26128 I native-activity: Frame 140 GL error is 0x0
04-11 02:55:17.783 26108 26128 I native-activity: Frame 140 time is 0.442ms
04-11 02:55:17.783 26108 26128 I native-activity: Doing egl_swapbuffers_sync 2
04-11 02:55:17.800 26108 26128 I native-activity: Swap 140 time is 18.154ms
04-11 02:55:17.801 26108 26128 I native-activity: Animating
04-11 02:55:17.803 26108 26128 I native-activity: Frame 141 GL error is 0x0
04-11 02:55:17.803 26108 26128 I native-activity: Frame 141 time is 1.331ms
04-11 02:55:17.803 26108 26128 I native-activity: Doing egl_swapbuffers_sync 2
04-11 02:55:17.818 26108 26128 I native-activity: Swap 141 time is 17.123ms
04-11 02:55:17.819 26108 26128 I native-activity: Animating
04-11 02:55:17.819 26108 26128 I native-activity: Frame 142 GL error is 0x0
04-11 02:55:17.820 26108 26128 I native-activity: Frame 142 time is 1.611ms
04-11 02:55:17.821 26108 26128 I native-activity: Doing egl_swapbuffers_sync 2
04-11 02:55:17.836 26108 26128 I native-activity: Swap 142 time is 17.567ms
04-11 02:55:17.837 26108 26128 I native-activity: Animating
04-11 02:55:17.838 26108 26128 I native-activity: Frame 143 GL error is 0x0
04-11 02:55:17.838 26108 26128 I native-activity: Frame 143 time is 0.838ms
04-11 02:55:17.838 26108 26128 I native-activity: Doing egl_swapbuffers_sync 2
04-11 02:55:17.855 26108 26128 I native-activity: Swap 143 time is 17.752ms
04-11 02:55:17.855 26108 26128 I native-activity: Animating
04-11 02:55:17.856 26108 26128 I native-activity: Frame 144 GL error is 0x0
04-11 02:55:17.857 26108 26128 I native-activity: Frame 144 time is 1.719ms
04-11 02:55:17.857 26108 26128 I native-activity: Doing egl_swapbuffers_sync 2
04-11 02:55:17.846    93    93 I Kernel  : [310557.460597] (1)[93:irq/258-inv_irq]inv_mpu_iio: inv_read_fifo: Received Sensor Interrupt to read FIFO and Fifo_count is 6
04-11 02:55:17.872 26108 26128 I native-activity: Swap 144 time is 17.523ms
04-11 02:55:17.873 26108 26128 I native-activity: Animating
04-11 02:55:17.873 26108 26128 I native-activity: Frame 145 GL error is 0x0
04-11 02:55:17.873 26108 26128 I native-activity: Frame 145 time is 0.719ms
04-11 02:55:17.874 26108 26128 I native-activity: Doing egl_swapbuffers_sync 2
04-11 02:55:17.891 26108 26128 I native-activity: Swap 145 time is 17.694ms
04-11 02:55:17.891 26108 26128 I native-activity: Animating
04-11 02:55:17.893 26108 26128 I native-activity: Frame 146 GL error is 0x0
04-11 02:55:17.893 26108 26128 I native-activity: Frame 146 time is 2.078ms
04-11 02:55:17.893 26108 26128 I native-activity: Doing egl_swapbuffers_sync 2
04-11 02:55:17.909 26108 26128 I native-activity: Swap 146 time is 17.117ms
04-11 02:55:17.910 26108 26128 I native-activity: Animating
04-11 02:55:17.910 26108 26128 I native-activity: Frame 147 GL error is 0x0
04-11 02:55:17.911 26108 26128 I native-activity: Frame 147 time is 0.815ms
04-11 02:55:17.911 26108 26128 I native-activity: Doing egl_swapbuffers_sync 2
04-11 02:55:17.927 26108 26128 I native-activity: Swap 147 time is 16.772ms
04-11 02:55:17.927 26108 26128 I native-activity: Animating
04-11 02:55:17.928 26108 26128 I native-activity: Frame 148 GL error is 0x0
04-11 02:55:17.928 26108 26128 I native-activity: Frame 148 time is 0.677ms
04-11 02:55:17.928 26108 26128 I native-activity: Doing egl_swapbuffers_sync 2
04-11 02:55:17.945 26108 26128 I native-activity: Swap 148 time is 17.586ms
04-11 02:55:17.945 26108 26128 I native-activity: Animating
04-11 02:55:17.946 26108 26128 I native-activity: Frame 149 GL error is 0x0
04-11 02:55:17.946 26108 26128 I native-activity: Frame 149 time is 0.861ms
04-11 02:55:17.946 26108 26128 I native-activity: Doing egl_swapbuffers_sync 2
04-11 02:55:17.963 26108 26128 I native-activity: Swap 149 time is 17.707ms
04-11 02:55:17.963 26108 26128 I native-activity: Animating
04-11 02:55:17.966 26108 26128 I native-activity: Frame 150 GL error is 0x0
04-11 02:55:17.967 26108 26128 I native-activity: Frame 150 time is 3.567ms
04-11 02:55:17.967 26108 26128 I native-activity: Doing egl_swapbuffers_sync 2
04-11 02:55:17.981 26108 26128 I native-activity: Swap 150 time is 17.711ms
04-11 02:55:17.981 26108 26128 I native-activity: Animating
04-11 02:55:17.982 26108 26128 I native-activity: Frame 151 GL error is 0x0
04-11 02:55:17.982 26108 26128 I native-activity: Frame 151 time is 0.749ms
04-11 02:55:17.982 26108 26128 I native-activity: Doing egl_swapbuffers_sync 2
04-11 02:55:17.999 26108 26128 I native-activity: Swap 151 time is 17.652ms
04-11 02:55:17.999 26108 26128 I native-activity: Animating
04-11 02:55:18.000 26108 26128 I native-activity: Frame 152 GL error is 0x0
04-11 02:55:18.000 26108 26128 I native-activity: Frame 152 time is 0.669ms
04-11 02:55:18.000 26108 26128 I native-activity: Doing egl_swapbuffers_sync 2
04-11 02:55:18.016 26108 26128 I native-activity: Swap 152 time is 17.208ms
04-11 02:55:18.016 26108 26128 I native-activity: Animating
04-11 02:55:18.017 26108 26128 I native-activity: Frame 153 GL error is 0x0
04-11 02:55:18.017 26108 26128 I native-activity: Frame 153 time is 0.464ms
04-11 02:55:18.017 26108 26128 I native-activity: Doing egl_swapbuffers_sync 2
04-11 02:55:18.034 26108 26128 I native-activity: Swap 153 time is 17.839ms
04-11 02:55:18.035 26108 26128 I native-activity: Animating
04-11 02:55:18.035 26108 26128 I native-activity: Frame 154 GL error is 0x0
04-11 02:55:18.035 26108 26128 I native-activity: Frame 154 time is 0.466ms
04-11 02:55:18.035 26108 26128 I native-activity: Doing egl_swapbuffers_sync 2
04-11 02:55:18.052 26108 26128 I native-activity: Swap 154 time is 17.858ms
04-11 02:55:18.053 26108 26128 I native-activity: Animating
04-11 02:55:18.053 26108 26128 I native-activity: Frame 155 GL error is 0x0
04-11 02:55:18.053 26108 26128 I native-activity: Frame 155 time is 0.481ms
04-11 02:55:18.053 26108 26128 I native-activity: Doing egl_swapbuffers_sync 2
04-11 02:55:18.071 26108 26128 I native-activity: Swap 155 time is 17.913ms
04-11 02:55:18.071 26108 26128 I native-activity: Animating
04-11 02:55:18.071 26108 26128 I native-activity: Frame 156 GL error is 0x0
04-11 02:55:18.071 26108 26128 I native-activity: Frame 156 time is 0.470ms
04-11 02:55:18.071 26108 26128 I native-activity: Doing egl_swapbuffers_sync 2
04-11 02:55:18.089 26108 26128 I native-activity: Swap 156 time is 17.871ms
04-11 02:55:18.089 26108 26128 I native-activity: Animating
04-11 02:55:18.089 26108 26128 I native-activity: Frame 157 GL error is 0x0
04-11 02:55:18.089 26108 26128 I native-activity: Frame 157 time is 0.473ms
04-11 02:55:18.089 26108 26128 I native-activity: Doing egl_swapbuffers_sync 2
04-11 02:55:18.107 26108 26128 I native-activity: Swap 157 time is 18.236ms
04-11 02:55:18.107 26108 26128 I native-activity: Animating
04-11 02:55:18.108 26108 26128 I native-activity: Frame 158 GL error is 0x0
04-11 02:55:18.108 26108 26128 I native-activity: Frame 158 time is 0.731ms
04-11 02:55:18.108 26108 26128 I native-activity: Doing egl_swapbuffers_sync 2
04-11 02:55:18.125 26108 26128 I native-activity: Swap 158 time is 17.676ms
04-11 02:55:18.125 26108 26128 I native-activity: Animating
04-11 02:55:18.127 26108 26128 I native-activity: Frame 159 GL error is 0x0
04-11 02:55:18.127 26108 26128 I native-activity: Frame 159 time is 1.242ms
04-11 02:55:18.127 26108 26128 I native-activity: Doing egl_swapbuffers_sync 2
04-11 02:55:18.143 26108 26128 I native-activity: Swap 159 time is 17.544ms
04-11 02:55:18.143 26108 26128 I native-activity: Animating
04-11 02:55:18.145 26108 26128 I native-activity: Frame 160 GL error is 0x0
04-11 02:55:18.146 26108 26128 I native-activity: Frame 160 time is 2.135ms
04-11 02:55:18.146 26108 26128 I native-activity: Doing egl_swapbuffers_sync 2
04-11 02:55:18.161 26108 26128 I native-activity: Swap 160 time is 17.808ms
04-11 02:55:18.162 26108 26128 I native-activity: Animating
04-11 02:55:18.162 26108 26128 I native-activity: Frame 161 GL error is 0x0
04-11 02:55:18.165 26108 26128 I native-activity: Frame 161 time is 2.584ms
04-11 02:55:18.166 26108 26128 I native-activity: Doing egl_swapbuffers_sync 2
04-11 02:55:18.179 26108 26128 I native-activity: Swap 161 time is 17.647ms
04-11 02:55:18.180 26108 26128 I native-activity: Animating
04-11 02:55:18.182 26108 26128 I native-activity: Frame 162 GL error is 0x0
04-11 02:55:18.182 26108 26128 I native-activity: Frame 162 time is 2.830ms
04-11 02:55:18.183 26108 26128 I native-activity: Doing egl_swapbuffers_sync 2
04-11 02:55:18.197 26108 26128 I native-activity: Swap 162 time is 17.803ms
04-11 02:55:18.198 26108 26128 I native-activity: Animating
04-11 02:55:18.198 26108 26128 I native-activity: Frame 163 GL error is 0x0
04-11 02:55:18.199 26108 26128 I native-activity: Frame 163 time is 0.756ms
04-11 02:55:18.199 26108 26128 I native-activity: Doing egl_swapbuffers_sync 2
04-11 02:55:18.215 26108 26128 I native-activity: Swap 163 time is 17.361ms
04-11 02:55:18.216 26108 26128 I native-activity: Animating
04-11 02:55:18.216 26108 26128 I native-activity: Frame 164 GL error is 0x0
04-11 02:55:18.216 26108 26128 I native-activity: Frame 164 time is 0.734ms
04-11 02:55:18.216 26108 26128 I native-activity: Doing egl_swapbuffers_sync 2
04-11 02:55:18.233 26108 26128 I native-activity: Swap 164 time is 17.518ms
04-11 02:55:18.233 26108 26128 I native-activity: Animating
04-11 02:55:18.234 26108 26128 I native-activity: Frame 165 GL error is 0x0
04-11 02:55:18.234 26108 26128 I native-activity: Frame 165 time is 0.739ms
04-11 02:55:18.234 26108 26128 I native-activity: Doing egl_swapbuffers_sync 2
04-11 02:55:18.239   958  1024 D ConnectivityService: updateNetworkScore for NetworkAgentInfo [WIFI () - 196] to 56
04-11 02:55:18.240   958  1024 D ConnectivityService: rematching NetworkAgentInfo [WIFI () - 196]
04-11 02:55:18.240   958  1024 D ConnectivityService: Network NetworkAgentInfo [WIFI () - 196] was already satisfying request 1. No change.
04-11 02:55:18.240   958  1024 D ConnectivityService: notifyType AVAILABLE for NetworkAgentInfo [WIFI () - 196]
04-11 02:55:18.251 26108 26128 I native-activity: Swap 165 time is 17.693ms
04-11 02:55:18.252 26108 26128 I native-activity: Animating
04-11 02:55:18.252 26108 26128 I native-activity: Frame 166 GL error is 0x0
04-11 02:55:18.254 26108 26128 I native-activity: Frame 166 time is 2.816ms
04-11 02:55:18.256 26108 26128 I native-activity: Doing egl_swapbuffers_sync 2
04-11 02:55:18.258 25873 25984 D ConnectivityManager.CallbackHandler: CM callback handler got msg 524290
04-11 02:55:18.269 26108 26128 I native-activity: Swap 166 time is 17.566ms
04-11 02:55:18.269 26108 26128 I native-activity: Animating
04-11 02:55:18.270 26108 26128 I native-activity: Frame 167 GL error is 0x0
04-11 02:55:18.270 26108 26128 I native-activity: Frame 167 time is 0.473ms
04-11 02:55:18.270 26108 26128 I native-activity: Doing egl_swapbuffers_sync 2
04-11 02:55:18.287 26108 26128 I native-activity: Swap 167 time is 17.896ms
04-11 02:55:18.287 26108 26128 I native-activity: Animating
04-11 02:55:18.288 26108 26128 I native-activity: Frame 168 GL error is 0x0
04-11 02:55:18.288 26108 26128 I native-activity: Frame 168 time is 0.441ms
04-11 02:55:18.288 26108 26128 I native-activity: Doing egl_swapbuffers_sync 2
04-11 02:55:18.305 26108 26128 I native-activity: Swap 168 time is 17.767ms
04-11 02:55:18.306 26108 26128 I native-activity: Animating
04-11 02:55:18.306 26108 26128 I native-activity: Frame 169 GL error is 0x0
04-11 02:55:18.306 26108 26128 I native-activity: Frame 169 time is 0.461ms
04-11 02:55:18.306 26108 26128 I native-activity: Doing egl_swapbuffers_sync 2
04-11 02:55:18.323 26108 26128 I native-activity: Swap 169 time is 17.856ms
04-11 02:55:18.324 26108 26128 I native-activity: Animating
04-11 02:55:18.324 26108 26128 I native-activity: Frame 170 GL error is 0x0
04-11 02:55:18.324 26108 26128 I native-activity: Frame 170 time is 0.884ms
04-11 02:55:18.325 26108 26128 I native-activity: Doing egl_swapbuffers_sync 2
04-11 02:55:18.342 26108 26128 I native-activity: Swap 170 time is 17.931ms
04-11 02:55:18.342 26108 26128 I native-activity: Animating
04-11 02:55:18.342 26108 26128 I native-activity: Frame 171 GL error is 0x0
04-11 02:55:18.342 26108 26128 I native-activity: Frame 171 time is 0.474ms
04-11 02:55:18.342 26108 26128 I native-activity: Doing egl_swapbuffers_sync 2
04-11 02:55:18.360 26108 26128 I native-activity: Swap 171 time is 18.244ms
04-11 02:55:18.360 26108 26128 I native-activity: Animating
04-11 02:55:18.361 26108 26128 I native-activity: Frame 172 GL error is 0x0
04-11 02:55:18.361 26108 26128 I native-activity: Frame 172 time is 0.733ms
04-11 02:55:18.361 26108 26128 I native-activity: Doing egl_swapbuffers_sync 2
04-11 02:55:18.378 26108 26128 I native-activity: Swap 172 time is 17.647ms
04-11 02:55:18.378 26108 26128 I native-activity: Animating
04-11 02:55:18.379 26108 26128 I native-activity: Frame 173 GL error is 0x0
04-11 02:55:18.379 26108 26128 I native-activity: Frame 173 time is 0.782ms
04-11 02:55:18.379 26108 26128 I native-activity: Doing egl_swapbuffers_sync 2
04-11 02:55:18.396 26108 26128 I native-activity: Swap 173 time is 17.785ms
04-11 02:55:18.396 26108 26128 I native-activity: Animating
04-11 02:55:18.397 26108 26128 I native-activity: Frame 174 GL error is 0x0
04-11 02:55:18.397 26108 26128 I native-activity: Frame 174 time is 0.703ms
04-11 02:55:18.397 26108 26128 I native-activity: Doing egl_swapbuffers_sync 2
04-11 02:55:18.414 26108 26128 I native-activity: Swap 174 time is 17.467ms
04-11 02:55:18.414 26108 26128 I native-activity: Animating
04-11 02:55:18.415 26108 26128 I native-activity: Frame 175 GL error is 0x0
04-11 02:55:18.415 26108 26128 I native-activity: Frame 175 time is 0.754ms
04-11 02:55:18.415 26108 26128 I native-activity: Doing egl_swapbuffers_sync 2
04-11 02:55:18.432 26108 26128 I native-activity: Swap 175 time is 17.707ms
04-11 02:55:18.432 26108 26128 I native-activity: Animating
04-11 02:55:18.433 26108 26128 I native-activity: Frame 176 GL error is 0x0
04-11 02:55:18.433 26108 26128 I native-activity: Frame 176 time is 0.715ms
04-11 02:55:18.433 26108 26128 I native-activity: Doing egl_swapbuffers_sync 2
04-11 02:55:18.450 26108 26128 I native-activity: Swap 176 time is 17.707ms
04-11 02:55:18.450 26108 26128 I native-activity: Animating
04-11 02:55:18.453 26108 26128 I native-activity: Frame 177 GL error is 0x0
04-11 02:55:18.454 26108 26128 I native-activity: Frame 177 time is 3.421ms
04-11 02:55:18.454 26108 26128 I native-activity: Doing egl_swapbuffers_sync 2
04-11 02:55:18.469 26108 26128 I native-activity: Swap 177 time is 18.170ms
04-11 02:55:18.469 26108 26128 I native-activity: Animating
04-11 02:55:18.470 26108 26128 I native-activity: Frame 178 GL error is 0x0
04-11 02:55:18.470 26108 26128 I native-activity: Frame 178 time is 0.850ms
04-11 02:55:18.471 26108 26128 I native-activity: Doing egl_swapbuffers_sync 2
04-11 02:55:18.486 26108 26128 I native-activity: Swap 178 time is 17.144ms
04-11 02:55:18.486 26108 26128 I native-activity: Animating
04-11 02:55:18.487 26108 26128 I native-activity: Frame 179 GL error is 0x0
04-11 02:55:18.489 26108 26128 I native-activity: Frame 179 time is 2.571ms
04-11 02:55:18.489 26108 26128 I native-activity: Doing egl_swapbuffers_sync 2
04-11 02:55:18.504 26108 26128 I native-activity: Swap 179 time is 17.558ms
04-11 02:55:18.504 26108 26128 I native-activity: Animating
04-11 02:55:18.505 26108 26128 I native-activity: Frame 180 GL error is 0x0
04-11 02:55:18.505 26108 26128 I native-activity: Frame 180 time is 0.705ms
04-11 02:55:18.505 26108 26128 I native-activity: Doing egl_swapbuffers_sync 2
04-11 02:55:18.522 26108 26128 I native-activity: Swap 180 time is 17.688ms
04-11 02:55:18.522 26108 26128 I native-activity: Animating
04-11 02:55:18.523 26108 26128 I native-activity: Frame 181 GL error is 0x0
04-11 02:55:18.523 26108 26128 I native-activity: Frame 181 time is 0.757ms
04-11 02:55:18.523 26108 26128 I native-activity: Doing egl_swapbuffers_sync 2
04-11 02:55:18.540 26108 26128 I native-activity: Swap 181 time is 17.871ms
04-11 02:55:18.541 26108 26128 I native-activity: Animating
04-11 02:55:18.543 26108 26128 I native-activity: Frame 182 GL error is 0x0
04-11 02:55:18.544 26108 26128 I native-activity: Frame 182 time is 2.858ms
04-11 02:55:18.545 26108 26128 I native-activity: Doing egl_swapbuffers_sync 2
04-11 02:55:18.558 26108 26128 I native-activity: Swap 182 time is 17.372ms
04-11 02:55:18.558 26108 26128 I native-activity: Animating
04-11 02:55:18.559 26108 26128 I native-activity: Frame 183 GL error is 0x0
04-11 02:55:18.560 26108 26128 I native-activity: Frame 183 time is 1.613ms
04-11 02:55:18.561 26108 26128 I native-activity: Doing egl_swapbuffers_sync 2
04-11 02:55:18.577 26108 26128 I native-activity: Swap 183 time is 18.313ms
04-11 02:55:18.577 26108 26128 I native-activity: Animating
04-11 02:55:18.581 26108 26128 I native-activity: Frame 184 GL error is 0x0
04-11 02:55:18.581 26108 26128 I native-activity: Frame 184 time is 3.451ms
04-11 02:55:18.581 26108 26128 I native-activity: Doing egl_swapbuffers_sync 2
04-11 02:55:18.594 26108 26128 I native-activity: Swap 184 time is 16.972ms
04-11 02:55:18.595 26108 26128 I native-activity: Animating
04-11 02:55:18.597 26108 26128 I native-activity: Frame 185 GL error is 0x0
04-11 02:55:18.598 26108 26128 I native-activity: Frame 185 time is 2.802ms
04-11 02:55:18.598 26108 26128 I native-activity: Doing egl_swapbuffers_sync 2
04-11 02:55:18.613 26108 26128 I native-activity: Swap 185 time is 18.010ms
04-11 02:55:18.613 26108 26128 I native-activity: Animating
04-11 02:55:18.614 26108 26128 I native-activity: Frame 186 GL error is 0x0
04-11 02:55:18.614 26108 26128 I native-activity: Frame 186 time is 0.842ms
04-11 02:55:18.614 26108 26128 I native-activity: Doing egl_swapbuffers_sync 2
04-11 02:55:18.630 26108 26128 I native-activity: Swap 186 time is 17.139ms
04-11 02:55:18.631 26108 26128 I native-activity: Animating
04-11 02:55:18.631 26108 26128 I native-activity: Frame 187 GL error is 0x0
04-11 02:55:18.631 26108 26128 I native-activity: Frame 187 time is 0.669ms
04-11 02:55:18.631 26108 26128 I native-activity: Doing egl_swapbuffers_sync 2
04-11 02:55:18.648 26108 26128 I native-activity: Swap 187 time is 17.573ms
04-11 02:55:18.649 26108 26128 I native-activity: Animating
04-11 02:55:18.649 26108 26128 I native-activity: Frame 188 GL error is 0x0
04-11 02:55:18.649 26108 26128 I native-activity: Frame 188 time is 0.739ms
04-11 02:55:18.649 26108 26128 I native-activity: Doing egl_swapbuffers_sync 2
04-11 02:55:18.666 26108 26128 I native-activity: Swap 188 time is 17.712ms
04-11 02:55:18.667 26108 26128 I native-activity: Animating
04-11 02:55:18.667 26108 26128 I native-activity: Frame 189 GL error is 0x0
04-11 02:55:18.667 26108 26128 I native-activity: Frame 189 time is 0.723ms
04-11 02:55:18.667 26108 26128 I native-activity: Doing egl_swapbuffers_sync 2
04-11 02:55:18.678   958  1731 I PackageRecencyUtils: Waiting for idle
04-11 02:55:18.679   958  1731 I Vlog    : package_recency:broadcast_notification:fgtracking=false;DV;1,key=time_in_queue;DV;1,Timer=5001.0;TI;1,unit=ms;DV;1:HI
04-11 02:55:18.684 26108 26128 I native-activity: Swap 189 time is 17.534ms
04-11 02:55:18.684 26108 26128 I native-activity: Animating
04-11 02:55:18.685 26108 26128 I native-activity: Frame 190 GL error is 0x0
04-11 02:55:18.685 26108 26128 I native-activity: Frame 190 time is 0.476ms
04-11 02:55:18.685 26108 26128 I native-activity: Doing egl_swapbuffers_sync 2
04-11 02:55:18.687   958  1713 D ActivityManager: single user service: com.amazon.kindle.cms
04-11 02:55:18.676    93    93 I Kernel  : [310558.291411] (0)[93:irq/258-inv_irq]inv_mpu_iio: inv_read_fifo: Received Sensor Interrupt to read FIFO and Fifo_count is 6
04-11 02:55:18.691   958  1713 D ActivityManager: app = com.amazon.kindle.cms, has single user service, setting process record.
04-11 02:55:18.703 26108 26128 I native-activity: Swap 190 time is 18.553ms
04-11 02:55:18.703 26108 26128 I native-activity: Animating
04-11 02:55:18.704 26108 26128 I native-activity: Frame 191 GL error is 0x0
04-11 02:55:18.704 26108 26128 I native-activity: Frame 191 time is 0.474ms
04-11 02:55:18.704 26108 26128 I native-activity: Doing egl_swapbuffers_sync 2
04-11 02:55:18.722 26108 26128 I native-activity: Swap 191 time is 18.212ms
04-11 02:55:18.722 26108 26128 I native-activity: Animating
04-11 02:55:18.722 26108 26128 I native-activity: Frame 192 GL error is 0x0
04-11 02:55:18.722 26108 26128 I native-activity: Frame 192 time is 0.421ms
04-11 02:55:18.722 26108 26128 I native-activity: Doing egl_swapbuffers_sync 2
04-11 02:55:18.740 26108 26128 I native-activity: Swap 192 time is 18.231ms
04-11 02:55:18.740 26108 26128 I native-activity: Animating
04-11 02:55:18.741 26108 26128 I native-activity: Frame 193 GL error is 0x0
04-11 02:55:18.741 26108 26128 I native-activity: Frame 193 time is 0.535ms
04-11 02:55:18.741 26108 26128 I native-activity: Doing egl_swapbuffers_sync 2
04-11 02:55:18.758 26108 26128 I native-activity: Swap 193 time is 18.067ms
04-11 02:55:18.758 26108 26128 I native-activity: Animating
04-11 02:55:18.759 26108 26128 I native-activity: Frame 194 GL error is 0x0
04-11 02:55:18.759 26108 26128 I native-activity: Frame 194 time is 0.455ms
04-11 02:55:18.759 26108 26128 I native-activity: Doing egl_swapbuffers_sync 2
04-11 02:55:18.777 26108 26128 I native-activity: Swap 194 time is 18.453ms
04-11 02:55:18.777 26108 26128 I native-activity: Animating
04-11 02:55:18.778 26108 26128 I native-activity: Frame 195 GL error is 0x0
04-11 02:55:18.778 26108 26128 I native-activity: Frame 195 time is 0.449ms
04-11 02:55:18.778 26108 26128 I native-activity: Doing egl_swapbuffers_sync 2
04-11 02:55:18.796 26108 26128 I native-activity: Swap 195 time is 18.506ms
04-11 02:55:18.796 26108 26128 I native-activity: Animating
04-11 02:55:18.796 26108 26128 I native-activity: Frame 196 GL error is 0x0
04-11 02:55:18.796 26108 26128 I native-activity: Frame 196 time is 0.480ms
04-11 02:55:18.796 26108 26128 I native-activity: Doing egl_swapbuffers_sync 2
04-11 02:55:18.816 26108 26128 I native-activity: Swap 196 time is 19.895ms
04-11 02:55:18.816 26108 26128 I native-activity: Animating
04-11 02:55:18.816 26108 26128 I native-activity: Frame 197 GL error is 0x0
04-11 02:55:18.816 26108 26128 I native-activity: Frame 197 time is 0.397ms
04-11 02:55:18.817 26108 26128 I native-activity: Doing egl_swapbuffers_sync 2
04-11 02:55:18.833 26108 26128 I native-activity: Swap 197 time is 16.492ms
04-11 02:55:18.833 26108 26128 I native-activity: Animating
04-11 02:55:18.833 26108 26128 I native-activity: Frame 198 GL error is 0x0
04-11 02:55:18.833 26108 26128 I native-activity: Frame 198 time is 0.523ms
04-11 02:55:18.833 26108 26128 I native-activity: Doing egl_swapbuffers_sync 2
04-11 02:55:18.852 26108 26128 I native-activity: Swap 198 time is 18.913ms
04-11 02:55:18.852 26108 26128 I native-activity: Animating
04-11 02:55:18.853 26108 26128 I native-activity: Frame 199 GL error is 0x0
04-11 02:55:18.853 26108 26128 I native-activity: Frame 199 time is 0.619ms
04-11 02:55:18.853 26108 26128 I native-activity: Doing egl_swapbuffers_sync 2
04-11 02:55:18.871 26108 26128 I native-activity: Swap 199 time is 19.139ms
04-11 02:55:18.871 26108 26128 I native-activity: Animating
04-11 02:55:18.872 26108 26128 I native-activity: Frame 200 GL error is 0x0
04-11 02:55:18.872 26108 26128 I native-activity: Frame 200 time is 0.526ms
04-11 02:55:18.872 26108 26128 I native-activity: Doing egl_swapbuffers_sync 2
04-11 02:55:18.891 26108 26128 I native-activity: Swap 200 time is 19.780ms
04-11 02:55:18.891 26108 26128 I native-activity: Animating
04-11 02:55:18.892 26108 26128 I native-activity: Frame 201 GL error is 0x0
04-11 02:55:18.892 26108 26128 I native-activity: Frame 201 time is 0.591ms
04-11 02:55:18.892 26108 26128 I native-activity: Doing egl_swapbuffers_sync 2
04-11 02:55:18.911 26108 26128 I native-activity: Swap 201 time is 19.429ms
04-11 02:55:18.911 26108 26128 I native-activity: Animating
04-11 02:55:18.912 26108 26128 I native-activity: Frame 202 GL error is 0x0
04-11 02:55:18.912 26108 26128 I native-activity: Frame 202 time is 0.642ms
04-11 02:55:18.912 26108 26128 I native-activity: Doing egl_swapbuffers_sync 2
04-11 02:55:18.930 26108 26128 I native-activity: Swap 202 time is 19.193ms
04-11 02:55:18.931 26108 26128 I native-activity: Animating
04-11 02:55:18.932 26108 26128 I native-activity: Frame 203 GL error is 0x0
04-11 02:55:18.932 26108 26128 I native-activity: Frame 203 time is 1.320ms
04-11 02:55:18.932 26108 26128 I native-activity: Doing egl_swapbuffers_sync 2
04-11 02:55:18.949 26108 26128 I native-activity: Swap 203 time is 18.652ms
04-11 02:55:18.950 26108 26128 I native-activity: Animating
04-11 02:55:18.950 26108 26128 I native-activity: Frame 204 GL error is 0x0
04-11 02:55:18.950 26108 26128 I native-activity: Frame 204 time is 0.593ms
04-11 02:55:18.950 26108 26128 I native-activity: Doing egl_swapbuffers_sync 2
04-11 02:55:18.959   958  2823 D WifiService: acquireWifiLockLocked: WifiLock{com.amazon.dcp.framework.iuc.ConnectionEstablisherWithConnectivityEnforcement type=1 binder=android.os.BinderProxy@27b19819}
04-11 02:55:18.967 26108 26128 I native-activity: Swap 204 time is 17.522ms
04-11 02:55:18.967 26108 26128 I native-activity: Animating
04-11 02:55:18.967 26108 26128 I native-activity: Frame 205 GL error is 0x0
04-11 02:55:18.967 26108 26128 I native-activity: Frame 205 time is 0.253ms
04-11 02:55:18.968 26108 26128 I native-activity: Doing egl_swapbuffers_sync 2
04-11 02:55:18.975   958  1662 D ActivityManager: single user service: com.amazon.imp
04-11 02:55:18.977   958  1662 D ActivityManager: app = com.amazon.imp, has single user service, setting process record.
04-11 02:55:18.986 26108 26128 I native-activity: Swap 205 time is 18.423ms
04-11 02:55:18.986 26108 26128 I native-activity: Animating
04-11 02:55:18.986 26108 26128 I native-activity: Frame 206 GL error is 0x0
04-11 02:55:18.986 26108 26128 I native-activity: Frame 206 time is 0.236ms
04-11 02:55:18.986 26108 26128 I native-activity: Doing egl_swapbuffers_sync 2
04-11 02:55:19.004 26108 26128 I native-activity: Swap 206 time is 18.067ms
04-11 02:55:19.004 26108 26128 I native-activity: Animating
04-11 02:55:19.004 26108 26128 I native-activity: Frame 207 GL error is 0x0
04-11 02:55:19.004 26108 26128 I native-activity: Frame 207 time is 0.200ms
04-11 02:55:19.004 26108 26128 I native-activity: Doing egl_swapbuffers_sync 2
04-11 02:55:19.024 26108 26128 I native-activity: Swap 207 time is 19.606ms
04-11 02:55:19.024 26108 26128 I native-activity: Animating
04-11 02:55:19.024 26108 26128 I native-activity: Frame 208 GL error is 0x0
04-11 02:55:19.024 26108 26128 I native-activity: Frame 208 time is 0.536ms
04-11 02:55:19.024 26108 26128 I native-activity: Doing egl_swapbuffers_sync 2
04-11 02:55:19.030   958  1720 D ActivityManager: single user service: com.amazon.kindle.cms
04-11 02:55:19.033   958  1720 D ActivityManager: app = com.amazon.kindle.cms, has single user service, setting process record.
04-11 02:55:19.043 26108 26128 I native-activity: Swap 208 time is 19.131ms
04-11 02:55:19.043 26108 26128 I native-activity: Animating
04-11 02:55:19.044 26108 26128 I native-activity: Frame 209 GL error is 0x0
04-11 02:55:19.044 26108 26128 I native-activity: Frame 209 time is 0.523ms
04-11 02:55:19.044 26108 26128 I native-activity: Doing egl_swapbuffers_sync 2
04-11 02:55:19.063 26108 26128 I native-activity: Swap 209 time is 19.302ms
04-11 02:55:19.063 26108 26128 I native-activity: Animating
04-11 02:55:19.063 26108 26128 I native-activity: Frame 210 GL error is 0x0
04-11 02:55:19.063 26108 26128 I native-activity: Frame 210 time is 0.569ms
04-11 02:55:19.063 26108 26128 I native-activity: Doing egl_swapbuffers_sync 2
04-11 02:55:19.082 26108 26128 I native-activity: Swap 210 time is 19.072ms
04-11 02:55:19.082 26108 26128 I native-activity: Animating
04-11 02:55:19.083 26108 26128 I native-activity: Frame 211 GL error is 0x0
04-11 02:55:19.083 26108 26128 I native-activity: Frame 211 time is 0.548ms
04-11 02:55:19.083 26108 26128 I native-activity: Doing egl_swapbuffers_sync 2
04-11 02:55:19.102 26108 26128 I native-activity: Swap 211 time is 19.797ms
04-11 02:55:19.102 26108 26128 I native-activity: Animating
04-11 02:55:19.103 26108 26128 I native-activity: Frame 212 GL error is 0x0
04-11 02:55:19.103 26108 26128 I native-activity: Frame 212 time is 0.698ms
04-11 02:55:19.103 26108 26128 I native-activity: Doing egl_swapbuffers_sync 2
04-11 02:55:19.107   958  1235 D ActivityManager: single user service: com.amazon.kindle.cms
04-11 02:55:19.110   958  1235 D ActivityManager: app = com.amazon.kindle.cms, has single user service, setting process record.
04-11 02:55:19.122 26108 26128 I native-activity: Swap 212 time is 19.369ms
04-11 02:55:19.122 26108 26128 I native-activity: Animating
04-11 02:55:19.122 26108 26128 I native-activity: Frame 213 GL error is 0x0
04-11 02:55:19.123 26108 26128 I native-activity: Frame 213 time is 0.766ms
04-11 02:55:19.123 26108 26128 I native-activity: Doing egl_swapbuffers_sync 2
04-11 02:55:19.141 26108 26128 I native-activity: Swap 213 time is 19.066ms
04-11 02:55:19.141 26108 26128 I native-activity: Animating
04-11 02:55:19.142 26108 26128 I native-activity: Frame 214 GL error is 0x0
04-11 02:55:19.142 26108 26128 I native-activity: Frame 214 time is 0.556ms
04-11 02:55:19.142 26108 26128 I native-activity: Doing egl_swapbuffers_sync 2
04-11 02:55:19.160 26108 26128 I native-activity: Swap 214 time is 18.938ms
04-11 02:55:19.160 26108 26128 I native-activity: Animating
04-11 02:55:19.161 26108 26128 I native-activity: Frame 215 GL error is 0x0
04-11 02:55:19.161 26108 26128 I native-activity: Frame 215 time is 0.755ms
04-11 02:55:19.161 26108 26128 I native-activity: Doing egl_swapbuffers_sync 2
04-11 02:55:19.168   958  1660 W AccountManagerService: insertAccountIntoDatabase: Account {name=default_account, type=com.amazon.firelauncher.account}, skipping since the account already exists
04-11 02:55:19.179   958   974 W AccountManagerService: insertAccountIntoDatabase: Account {name=default_account, type=com.amazon.firelauncher.account}, skipping since the account already exists
04-11 02:55:19.179 26108 26128 I native-activity: Swap 215 time is 19.028ms
04-11 02:55:19.180 26108 26128 I native-activity: Animating
04-11 02:55:19.180 26108 26128 I native-activity: Frame 216 GL error is 0x0
04-11 02:55:19.180 26108 26128 I native-activity: Frame 216 time is 0.593ms
04-11 02:55:19.180 26108 26128 I native-activity: Doing egl_swapbuffers_sync 2
04-11 02:55:19.199 26108 26128 I native-activity: Swap 216 time is 19.033ms
04-11 02:55:19.199 26108 26128 I native-activity: Animating
04-11 02:55:19.200 26108 26128 I native-activity: Frame 217 GL error is 0x0
04-11 02:55:19.200 26108 26128 I native-activity: Frame 217 time is 0.538ms
04-11 02:55:19.200 26108 26128 I native-activity: Doing egl_swapbuffers_sync 2
04-11 02:55:19.207   958  1585 W AccountManagerService: insertAccountIntoDatabase: Account {name=default_account, type=com.amazon.firelauncher.account}, skipping since the account already exists
04-11 02:55:19.218 26108 26128 I native-activity: Swap 217 time is 18.872ms
04-11 02:55:19.218 26108 26128 I native-activity: Animating
04-11 02:55:19.218 26108 26128 I native-activity: Frame 218 GL error is 0x0
04-11 02:55:19.218 26108 26128 I native-activity: Frame 218 time is 0.233ms
04-11 02:55:19.218 26108 26128 I native-activity: Doing egl_swapbuffers_sync 2
04-11 02:55:19.225   958  1695 D ActivityManager: single user service: com.amazon.kindle.cms
04-11 02:55:19.226   958  1695 D ActivityManager: app = com.amazon.kindle.cms, has single user service, setting process record.
04-11 02:55:19.230   958  1234 W AccountManagerService: insertAccountIntoDatabase: Account {name=default_account, type=com.amazon.firelauncher.account}, skipping since the account already exists
04-11 02:55:19.238 26108 26128 I native-activity: Swap 218 time is 19.494ms
04-11 02:55:19.238 26108 26128 I native-activity: Animating
04-11 02:55:19.238 26108 26128 I native-activity: Frame 219 GL error is 0x0
04-11 02:55:19.238 26108 26128 I native-activity: Frame 219 time is 0.535ms
04-11 02:55:19.238 26108 26128 I native-activity: Doing egl_swapbuffers_sync 2
04-11 02:55:19.257 26108 26128 I native-activity: Swap 219 time is 19.495ms
04-11 02:55:19.257 26108 26128 I native-activity: Animating
04-11 02:55:19.258 26108 26128 I native-activity: Frame 220 GL error is 0x0
04-11 02:55:19.258 26108 26128 I native-activity: Frame 220 time is 0.644ms
04-11 02:55:19.258 26108 26128 I native-activity: Doing egl_swapbuffers_sync 2
04-11 02:55:19.270   958  2829 D ActivityManager: single user service: com.amazon.kindle.cms
04-11 02:55:19.272   958  2829 D ActivityManager: app = com.amazon.kindle.cms, has single user service, setting process record.
04-11 02:55:19.277 26108 26128 I native-activity: Swap 220 time is 19.242ms
04-11 02:55:19.277 26108 26128 I native-activity: Animating
04-11 02:55:19.277 26108 26128 I native-activity: Frame 221 GL error is 0x0
04-11 02:55:19.278 26108 26128 I native-activity: Frame 221 time is 0.537ms
04-11 02:55:19.278 26108 26128 I native-activity: Doing egl_swapbuffers_sync 2
04-11 02:55:19.295 26108 26128 I native-activity: Swap 221 time is 18.230ms
04-11 02:55:19.295 26108 26128 I native-activity: Animating
04-11 02:55:19.296 26108 26128 I native-activity: Frame 222 GL error is 0x0
04-11 02:55:19.296 26108 26128 I native-activity: Frame 222 time is 0.246ms
04-11 02:55:19.296 26108 26128 I native-activity: Doing egl_swapbuffers_sync 2
04-11 02:55:19.314 26108 26128 I native-activity: Swap 222 time is 18.611ms
04-11 02:55:19.314 26108 26128 I native-activity: Animating
04-11 02:55:19.315 26108 26128 I native-activity: Frame 223 GL error is 0x0
04-11 02:55:19.315 26108 26128 I native-activity: Frame 223 time is 0.567ms
04-11 02:55:19.315 26108 26128 I native-activity: Doing egl_swapbuffers_sync 2
04-11 02:55:19.333 26108 26128 I native-activity: Swap 223 time is 18.514ms
04-11 02:55:19.333 26108 26128 I native-activity: Animating
04-11 02:55:19.333 26108 26128 I native-activity: Frame 224 GL error is 0x0
04-11 02:55:19.333 26108 26128 I native-activity: Frame 224 time is 0.222ms
04-11 02:55:19.333 26108 26128 I native-activity: Doing egl_swapbuffers_sync 2
04-11 02:55:19.341   958  1662 W AccountManagerService: insertAccountIntoDatabase: Account {name=default_account, type=com.amazon.firelauncher.account}, skipping since the account already exists
04-11 02:55:19.351   958   973 W AccountManagerService: insertAccountIntoDatabase: Account {name=default_account, type=com.amazon.firelauncher.account}, skipping since the account already exists
04-11 02:55:19.352 26108 26128 I native-activity: Swap 224 time is 19.302ms
04-11 02:55:19.352 26108 26128 I native-activity: Animating
04-11 02:55:19.356   958  2823 W AccountManagerService: insertAccountIntoDatabase: Account {name=default_account, type=com.amazon.firelauncher.account}, skipping since the account already exists
04-11 02:55:19.397   958  1662 W AccountManagerService: insertAccountIntoDatabase: Account {name=default_account, type=com.amazon.firelauncher.account}, skipping since the account already exists
04-11 02:55:19.398   958  2829 W AccountManagerService: insertAccountIntoDatabase: Account {name=default_account, type=com.amazon.firelauncher.account}, skipping since the account already exists
04-11 02:55:19.408   958  1718 W AccountManagerService: insertAccountIntoDatabase: Account {name=default_account, type=com.amazon.firelauncher.account}, skipping since the account already exists
04-11 02:55:19.414   958  1660 W AccountManagerService: insertAccountIntoDatabase: Account {name=default_account, type=com.amazon.firelauncher.account}, skipping since the account already exists
04-11 02:55:19.424   958  1662 W AccountManagerService: insertAccountIntoDatabase: Account {name=default_account, type=com.amazon.firelauncher.account}, skipping since the account already exists
04-11 02:55:19.457   958  1713 W AccountManagerService: insertAccountIntoDatabase: Account {name=default_account, type=com.amazon.firelauncher.account}, skipping since the account already exists
04-11 02:55:19.476    93    93 I Kernel  : [310559.091123] (2)[93:irq/258-inv_irq]inv_mpu_iio: inv_push_8bytes_buffer: Received Accel Sensor Data at Driver Layer -492, 1792, -16440
04-11 02:55:19.492   958  2830 W AccountManagerService: insertAccountIntoDatabase: Account {name=default_account, type=com.amazon.firelauncher.account}, skipping since the account already exists
04-11 02:55:19.497   958  1718 W AccountManagerService: insertAccountIntoDatabase: Account {name=default_account, type=com.amazon.firelauncher.account}, skipping since the account already exists
04-11 02:55:19.511   958   973 W AccountManagerService: insertAccountIntoDatabase: Account {name=default_account, type=com.amazon.firelauncher.account}, skipping since the account already exists
04-11 02:55:19.513   958  1585 W AccountManagerService: insertAccountIntoDatabase: Account {name=default_account, type=com.amazon.firelauncher.account}, skipping since the account already exists
04-11 02:55:19.506    93    93 I Kernel  : [310559.122128] (2)[93:irq/258-inv_irq]inv_mpu_iio: inv_read_fifo: Received Sensor Interrupt to read FIFO and Fifo_count is 6
04-11 02:55:19.541   958  2829 W AccountManagerService: insertAccountIntoDatabase: Account {name=default_account, type=com.amazon.firelauncher.account}, skipping since the account already exists
04-11 02:55:19.558   958 13639 W AccountManagerService: insertAccountIntoDatabase: Account {name=default_account, type=com.amazon.firelauncher.account}, skipping since the account already exists
04-11 02:55:19.569   958  1032 W AccountManagerService: insertAccountIntoDatabase: Account {name=default_account, type=com.amazon.firelauncher.account}, skipping since the account already exists
04-11 02:55:19.580   958  2815 W AccountManagerService: insertAccountIntoDatabase: Account {name=default_account, type=com.amazon.firelauncher.account}, skipping since the account already exists
04-11 02:55:19.600   958   973 W AccountManagerService: insertAccountIntoDatabase: Account {name=default_account, type=com.amazon.firelauncher.account}, skipping since the account already exists
04-11 02:55:19.690   958  1032 D WifiService: releaseWifiLockLocked: WifiLock{com.amazon.dcp.framework.iuc.ConnectionEstablisherWithConnectivityEnforcement type=1 binder=android.os.BinderProxy@27b19819}
04-11 02:55:19.829 26108 26128 I native-activity: Frame 225 GL error is 0x501
04-11 02:55:19.829 26108 26128 I native-activity: Frame 225 time is 476.488ms
04-11 02:55:19.829 26108 26128 I native-activity: Doing egl_swapbuffers_sync 2
04-11 02:55:19.829 26108 26128 I native-activity: Swap 225 time is 476.938ms
04-11 02:55:19.829 26108 26128 I native-activity: Animating
04-11 02:55:19.831 26108 26128 I native-activity: Frame 226 GL error is 0x0
04-11 02:55:19.831 26108 26128 I native-activity: Frame 226 time is 1.226ms
04-11 02:55:19.831 26108 26128 I native-activity: Doing egl_swapbuffers_sync 2
04-11 02:55:19.831 26108 26128 I native-activity: Swap 226 time is 1.433ms
04-11 02:55:19.831 26108 26128 I native-activity: Animating
04-11 02:55:19.838 26108 26128 I native-activity: Frame 227 GL error is 0x0
04-11 02:55:19.838 26108 26128 I native-activity: Frame 227 time is 7.376ms
04-11 02:55:19.838 26108 26128 I native-activity: Doing egl_swapbuffers_sync 2
04-11 02:55:19.839 26108 26128 I native-activity: Swap 227 time is 7.562ms
04-11 02:55:19.839 26108 26128 I native-activity: Animating
04-11 02:55:19.840 26108 26128 I native-activity: Frame 228 GL error is 0x0
04-11 02:55:19.840 26108 26128 I native-activity: Frame 228 time is 1.327ms
04-11 02:55:19.840 26108 26128 I native-activity: Doing egl_swapbuffers_sync 2
04-11 02:55:19.840 26108 26128 I native-activity: Swap 228 time is 1.539ms
04-11 02:55:19.840 26108 26128 I native-activity: Animating
04-11 02:55:19.841 26108 26128 I native-activity: Frame 229 GL error is 0x0
04-11 02:55:19.841 26108 26128 I native-activity: Frame 229 time is 1.236ms
04-11 02:55:19.841 26108 26128 I native-activity: Doing egl_swapbuffers_sync 2
04-11 02:55:19.855   958  1694 D WifiService: acquireWifiLockLocked: WifiLock{com.amazon.dcp.framework.iuc.ConnectionEstablisherWithConnectivityEnforcement type=1 binder=android.os.BinderProxy@39a03f33}
04-11 02:55:19.866 26108 26128 I native-activity: Swap 229 time is 26.266ms
04-11 02:55:19.867 26108 26128 I native-activity: Animating
04-11 02:55:19.868 26108 26128 I native-activity: Frame 230 GL error is 0x0
04-11 02:55:19.868 26108 26128 I native-activity: Frame 230 time is 1.548ms
04-11 02:55:19.868 26108 26128 I native-activity: Doing egl_swapbuffers_sync 2
04-11 02:55:19.871   958  2822 D ActivityManager: single user service: com.amazon.imp
04-11 02:55:19.872   958  2822 D ActivityManager: app = com.amazon.imp, has single user service, setting process record.
04-11 02:55:19.892 26108 26128 I native-activity: Swap 230 time is 25.905ms
04-11 02:55:19.893 26108 26128 I native-activity: Animating
04-11 02:55:19.894 26108 26128 I native-activity: Frame 231 GL error is 0x0
04-11 02:55:19.894 26108 26128 I native-activity: Frame 231 time is 1.429ms
04-11 02:55:19.894 26108 26128 I native-activity: Doing egl_swapbuffers_sync 2
04-11 02:55:19.964 26108 26128 I native-activity: Swap 231 time is 71.889ms
04-11 02:55:19.965 26108 26128 I native-activity: Animating
04-11 02:55:20.195 26108 26128 I native-activity: Frame 232 GL error is 0x501
04-11 02:55:20.195 26108 26128 I native-activity: Frame 232 time is 230.578ms
04-11 02:55:20.195 26108 26128 I native-activity: Doing egl_swapbuffers_sync 2
04-11 02:55:20.195 26108 26128 I native-activity: Swap 232 time is 230.818ms
04-11 02:55:20.196 26108 26128 I native-activity: Animating
04-11 02:55:20.293   958  2815 D WifiService: releaseWifiLockLocked: WifiLock{com.amazon.dcp.framework.iuc.ConnectionEstablisherWithConnectivityEnforcement type=1 binder=android.os.BinderProxy@39a03f33}
04-11 02:55:20.336    93    93 I Kernel  : [310559.953021] (2)[93:irq/258-inv_irq]inv_mpu_iio: inv_read_fifo: Received Sensor Interrupt to read FIFO and Fifo_count is 6
04-11 02:55:20.406 26108 26128 I native-activity: Frame 233 GL error is 0x501
04-11 02:55:20.406 26108 26128 I native-activity: Frame 233 time is 210.904ms
04-11 02:55:20.407 26108 26128 I native-activity: Doing egl_swapbuffers_sync 2
04-11 02:55:20.407 26108 26128 I native-activity: Swap 233 time is 211.314ms
04-11 02:55:20.407 26108 26128 I native-activity: Animating
04-11 02:55:20.408 26108 26128 I native-activity: Frame 234 GL error is 0x0
04-11 02:55:20.408 26108 26128 I native-activity: Frame 234 time is 1.404ms
04-11 02:55:20.409 26108 26128 I native-activity: Doing egl_swapbuffers_sync 2
04-11 02:55:20.409 26108 26128 I native-activity: Swap 234 time is 1.625ms
04-11 02:55:20.409 26108 26128 I native-activity: Animating
04-11 02:55:20.409 26108 26128 I native-activity: Frame 235 GL error is 0x0
04-11 02:55:20.409 26108 26128 I native-activity: Frame 235 time is 0.701ms
04-11 02:55:20.409 26108 26128 I native-activity: Doing egl_swapbuffers_sync 2
04-11 02:55:20.410 26108 26128 I native-activity: Swap 235 time is 0.896ms
04-11 02:55:20.410 26108 26128 I native-activity: Animating
04-11 02:55:20.410 26108 26128 I native-activity: Frame 236 GL error is 0x0
04-11 02:55:20.411 26108 26128 I native-activity: Frame 236 time is 0.854ms
04-11 02:55:20.411 26108 26128 I native-activity: Doing egl_swapbuffers_sync 2
04-11 02:55:20.411 26108 26128 I native-activity: Swap 236 time is 1.063ms
04-11 02:55:20.411 26108 26128 I native-activity: Animating
04-11 02:55:20.411 26108 26128 I native-activity: Frame 237 GL error is 0x0
04-11 02:55:20.411 26108 26128 I native-activity: Frame 237 time is 0.640ms
04-11 02:55:20.411 26108 26128 I native-activity: Doing egl_swapbuffers_sync 2
04-11 02:55:20.438 26108 26128 I native-activity: Swap 237 time is 27.147ms
04-11 02:55:20.438 26108 26128 I native-activity: Animating
04-11 02:55:20.439 26108 26128 I native-activity: Frame 238 GL error is 0x0
04-11 02:55:20.439 26108 26128 I native-activity: Frame 238 time is 0.756ms
04-11 02:55:20.439 26108 26128 I native-activity: Doing egl_swapbuffers_sync 2
04-11 02:55:20.466 26108 26128 I native-activity: Swap 238 time is 27.479ms
04-11 02:55:20.466 26108 26128 I native-activity: Animating
04-11 02:55:20.466 26108 26128 I native-activity: Frame 239 GL error is 0x0
04-11 02:55:20.466 26108 26128 I native-activity: Frame 239 time is 0.777ms
04-11 02:55:20.466 26108 26128 I native-activity: Doing egl_swapbuffers_sync 2
04-11 02:55:20.493 26108 26128 I native-activity: Swap 239 time is 27.514ms
04-11 02:55:20.493 26108 26128 I native-activity: Animating
04-11 02:55:20.854 26108 26128 I native-activity: Frame 240 GL error is 0x501
04-11 02:55:20.854 26108 26128 I native-activity: Frame 240 time is 360.331ms
04-11 02:55:20.854 26108 26128 I native-activity: Doing egl_swapbuffers_sync 2
04-11 02:55:20.854 26108 26128 I native-activity: Swap 240 time is 360.770ms
04-11 02:55:20.854 26108 26128 I native-activity: Animating
04-11 02:55:21.166    93    93 I Kernel  : [310560.783942] (2)[93:irq/258-inv_irq]inv_mpu_iio: inv_read_fifo: Received Sensor Interrupt to read FIFO and Fifo_count is 6
04-11 02:55:21.230 26108 26128 I native-activity: Frame 241 GL error is 0x501
04-11 02:55:21.230 26108 26128 I native-activity: Frame 241 time is 375.433ms
04-11 02:55:21.230 26108 26128 I native-activity: Doing egl_swapbuffers_sync 2
04-11 02:55:21.230 26108 26128 I native-activity: Swap 241 time is 375.878ms
04-11 02:55:21.230 26108 26128 I native-activity: Animating
04-11 02:55:21.253 26108 26128 I native-activity: Frame 242 GL error is 0x0
04-11 02:55:21.254 26108 26128 I native-activity: Frame 242 time is 23.180ms
04-11 02:55:21.254 26108 26128 I native-activity: Doing egl_swapbuffers_sync 2
04-11 02:55:21.254 26108 26128 I native-activity: Swap 242 time is 23.378ms
04-11 02:55:21.254 26108 26128 I native-activity: Animating
04-11 02:55:21.263 26108 26128 I native-activity: Frame 243 GL error is 0x0
04-11 02:55:21.263 26108 26128 I native-activity: Frame 243 time is 9.122ms
04-11 02:55:21.263 26108 26128 I native-activity: Doing egl_swapbuffers_sync 2
04-11 02:55:21.263 26108 26128 I native-activity: Swap 243 time is 9.335ms
04-11 02:55:21.263 26108 26128 I native-activity: Animating
04-11 02:55:21.268 26108 26128 I native-activity: Frame 244 GL error is 0x0
04-11 02:55:21.268 26108 26128 I native-activity: Frame 244 time is 5.008ms
04-11 02:55:21.268 26108 26128 I native-activity: Doing egl_swapbuffers_sync 2
04-11 02:55:21.268 26108 26128 I native-activity: Swap 244 time is 5.203ms
04-11 02:55:21.268 26108 26128 I native-activity: Animating
04-11 02:55:21.269   958  1024 D ConnectivityService: updateNetworkScore for NetworkAgentInfo [WIFI () - 196] to 60
04-11 02:55:21.270   958  1024 D ConnectivityService: rematching NetworkAgentInfo [WIFI () - 196]
04-11 02:55:21.270   958  1024 D ConnectivityService: Network NetworkAgentInfo [WIFI () - 196] was already satisfying request 1. No change.
04-11 02:55:21.270   958  1024 D ConnectivityService: notifyType AVAILABLE for NetworkAgentInfo [WIFI () - 196]
04-11 02:55:21.276 25873 25984 D ConnectivityManager.CallbackHandler: CM callback handler got msg 524290
04-11 02:55:21.300 26108 26128 I native-activity: Frame 245 GL error is 0x0
04-11 02:55:21.300 26108 26128 I native-activity: Frame 245 time is 31.832ms
04-11 02:55:21.300 26108 26128 I native-activity: Doing egl_swapbuffers_sync 2
04-11 02:55:21.300 26108 26128 I native-activity: Swap 245 time is 32.036ms
04-11 02:55:21.301 26108 26128 I native-activity: Animating
04-11 02:55:21.361 26108 26128 I native-activity: Frame 246 GL error is 0x501
04-11 02:55:21.361 26108 26128 I native-activity: Frame 246 time is 60.312ms
04-11 02:55:21.361 26108 26128 I native-activity: Doing egl_swapbuffers_sync 2
04-11 02:55:21.361 26108 26128 I native-activity: Swap 246 time is 60.517ms
