04-13 01:08:10.508 10201 10220 I native-activity: Frame 176 time is 15.122ms
04-13 01:08:10.510 10201 10220 I native-activity: Swap 176 time is 16.724ms
04-13 01:08:10.510 10201 10220 I native-activity: Animating
04-13 01:08:10.525 10201 10220 I native-activity: Frame 177 GL error is 0x0
04-13 01:08:10.525 10201 10220 I native-activity: Frame 177 time is 15.402ms
04-13 01:08:10.527 10201 10220 I native-activity: Swap 177 time is 16.838ms
04-13 01:08:10.527 10201 10220 I native-activity: Animating
04-13 01:08:10.542 10201 10220 I native-activity: Frame 178 GL error is 0x0
04-13 01:08:10.542 10201 10220 I native-activity: Frame 178 time is 15.461ms
04-13 01:08:10.545 10201 10220 I native-activity: Swap 178 time is 17.624ms
04-13 01:08:10.545 10201 10220 I native-activity: Animating
04-13 01:08:10.549   962  1810 I PackageRecencyUtils: Waiting for idle
04-13 01:08:10.550   962  1810 I Vlog    : package_recency:broadcast_notification:fgtracking=false;DV;1,key=time_in_queue;DV;1,Timer=5002.0;TI;1,unit=ms;DV;1:HI
04-13 01:08:10.557   962  1011 D ActivityManager: single user service: com.amazon.kindle.cms
04-13 01:08:10.561 10201 10220 I native-activity: Frame 179 GL error is 0x0
04-13 01:08:10.561 10201 10220 I native-activity: Frame 179 time is 16.033ms
04-13 01:08:10.563 10201 10220 I native-activity: Swap 179 time is 18.415ms
04-13 01:08:10.564   962  1011 D ActivityManager: app = com.amazon.kindle.cms, has single user service, setting process record.
04-13 01:08:10.566 10201 10220 I native-activity: Animating
04-13 01:08:10.576 10201 10220 I native-activity: Frame 180 GL error is 0x0
04-13 01:08:10.576 10201 10220 I native-activity: Frame 180 time is 10.705ms
04-13 01:08:10.578 10201 10220 I native-activity: Swap 180 time is 12.122ms
04-13 01:08:10.578 10201 10220 I native-activity: Animating
04-13 01:08:10.595 10201 10220 I native-activity: Frame 181 GL error is 0x0
04-13 01:08:10.595 10201 10220 I native-activity: Frame 181 time is 17.496ms
04-13 01:08:10.597 10201 10220 I native-activity: Swap 181 time is 18.824ms
04-13 01:08:10.597 10201 10220 I native-activity: Animating
04-13 01:08:10.610 10201 10220 I native-activity: Frame 182 GL error is 0x0
04-13 01:08:10.610 10201 10220 I native-activity: Frame 182 time is 12.810ms
04-13 01:08:10.612 10201 10220 I native-activity: Swap 182 time is 13.915ms
04-13 01:08:10.612 10201 10220 I native-activity: Animating
04-13 01:08:10.630 10201 10220 I native-activity: Frame 183 GL error is 0x0
04-13 01:08:10.630 10201 10220 I native-activity: Frame 183 time is 17.895ms
04-13 01:08:10.631 10201 10220 I native-activity: Swap 183 time is 19.169ms
04-13 01:08:10.631 10201 10220 I native-activity: Animating
04-13 01:08:10.646 10201 10220 I native-activity: Frame 184 GL error is 0x0
04-13 01:08:10.646 10201 10220 I native-activity: Frame 184 time is 15.373ms
04-13 01:08:10.648 10201 10220 I native-activity: Swap 184 time is 16.575ms
04-13 01:08:10.648 10201 10220 I native-activity: Animating
04-13 01:08:10.665 10201 10220 I native-activity: Frame 185 GL error is 0x0
04-13 01:08:10.665 10201 10220 I native-activity: Frame 185 time is 16.832ms
04-13 01:08:10.668 10201 10220 I native-activity: Swap 185 time is 20.381ms
04-13 01:08:10.668 10201 10220 I native-activity: Animating
04-13 01:08:10.679 10201 10220 I native-activity: Frame 186 GL error is 0x0
04-13 01:08:10.679 10201 10220 I native-activity: Frame 186 time is 10.129ms
04-13 01:08:10.679 10201 10220 I native-activity: Swap 186 time is 10.981ms
04-13 01:08:10.680 10201 10220 I native-activity: Animating
04-13 01:08:10.700 10201 10220 I native-activity: Frame 187 GL error is 0x0
04-13 01:08:10.700 10201 10220 I native-activity: Frame 187 time is 20.655ms
04-13 01:08:10.702 10201 10220 I native-activity: Swap 187 time is 22.043ms
04-13 01:08:10.703 10201 10220 I native-activity: Animating
04-13 01:08:10.712 10201 10220 I native-activity: Frame 188 GL error is 0x0
04-13 01:08:10.712 10201 10220 I native-activity: Frame 188 time is 9.021ms
04-13 01:08:10.714 10201 10220 I native-activity: Swap 188 time is 10.879ms
04-13 01:08:10.714 10201 10220 I native-activity: Animating
04-13 01:08:10.731 10201 10220 I native-activity: Frame 189 GL error is 0x0
04-13 01:08:10.732 10201 10220 I native-activity: Frame 189 time is 17.414ms
04-13 01:08:10.732 10201 10220 I native-activity: Swap 189 time is 18.371ms
04-13 01:08:10.733 10201 10220 I native-activity: Animating
04-13 01:08:10.749 10201 10220 I native-activity: Frame 190 GL error is 0x0
04-13 01:08:10.749 10201 10220 I native-activity: Frame 190 time is 16.545ms
04-13 01:08:10.751 10201 10220 I native-activity: Swap 190 time is 17.906ms
04-13 01:08:10.751 10201 10220 I native-activity: Animating
04-13 01:08:10.764 10201 10220 I native-activity: Frame 191 GL error is 0x0
04-13 01:08:10.764 10201 10220 I native-activity: Frame 191 time is 12.797ms
04-13 01:08:10.765 10201 10220 I native-activity: Swap 191 time is 13.753ms
04-13 01:08:10.765 10201 10220 I native-activity: Animating
04-13 01:08:10.782 10201 10220 I native-activity: Frame 192 GL error is 0x0
04-13 01:08:10.782 10201 10220 I native-activity: Frame 192 time is 16.841ms
04-13 01:08:10.782 10201 10220 I native-activity: Swap 192 time is 17.507ms
04-13 01:08:10.782 10201 10220 I native-activity: Animating
04-13 01:08:10.797 10201 10220 I native-activity: Frame 193 GL error is 0x0
04-13 01:08:10.797 10201 10220 I native-activity: Frame 193 time is 15.010ms
04-13 01:08:10.798 10201 10220 I native-activity: Swap 193 time is 15.616ms
04-13 01:08:10.798 10201 10220 I native-activity: Animating
04-13 01:08:10.814 10201 10220 I native-activity: Frame 194 GL error is 0x0
04-13 01:08:10.814 10201 10220 I native-activity: Frame 194 time is 16.268ms
04-13 01:08:10.815 10201 10220 I native-activity: Swap 194 time is 17.196ms
04-13 01:08:10.815 10201 10220 I native-activity: Animating
04-13 01:08:10.831 10201 10220 I native-activity: Frame 195 GL error is 0x0
04-13 01:08:10.831 10201 10220 I native-activity: Frame 195 time is 15.857ms
04-13 01:08:10.832 10201 10220 I native-activity: Swap 195 time is 16.527ms
04-13 01:08:10.832 10201 10220 I native-activity: Animating
04-13 01:08:10.848 10201 10220 I native-activity: Frame 196 GL error is 0x0
04-13 01:08:10.848 10201 10220 I native-activity: Frame 196 time is 15.936ms
04-13 01:08:10.849 10201 10220 I native-activity: Swap 196 time is 16.642ms
04-13 01:08:10.849 10201 10220 I native-activity: Animating
04-13 01:08:10.865 10201 10220 I native-activity: Frame 197 GL error is 0x0
04-13 01:08:10.865 10201 10220 I native-activity: Frame 197 time is 16.599ms
04-13 01:08:10.866 10201 10220 I native-activity: Swap 197 time is 17.150ms
04-13 01:08:10.866 10201 10220 I native-activity: Animating
04-13 01:08:10.883 10201 10220 I native-activity: Frame 198 GL error is 0x0
04-13 01:08:10.883 10201 10220 I native-activity: Frame 198 time is 17.272ms
04-13 01:08:10.884 10201 10220 I native-activity: Swap 198 time is 18.159ms
04-13 01:08:10.884 10201 10220 I native-activity: Animating
04-13 01:08:10.899 10201 10220 I native-activity: Frame 199 GL error is 0x0
04-13 01:08:10.899 10201 10220 I native-activity: Frame 199 time is 15.021ms
04-13 01:08:10.900 10201 10220 I native-activity: Swap 199 time is 15.611ms
04-13 01:08:10.900 10201 10220 I native-activity: Animating
04-13 01:08:10.915   962  5334 D WifiService: acquireWifiLockLocked: WifiLock{com.amazon.dcp.framework.iuc.ConnectionEstablisherWithConnectivityEnforcement type=1 binder=android.os.BinderProxy@106b9d7c}
04-13 01:08:10.918 10201 10220 I native-activity: Frame 200 GL error is 0x0
04-13 01:08:10.918 10201 10220 I native-activity: Frame 200 time is 17.825ms
04-13 01:08:10.919 10201 10220 I native-activity: Swap 200 time is 18.905ms
04-13 01:08:10.919 10201 10220 I native-activity: Animating
04-13 01:08:10.935 10201 10220 I native-activity: Frame 201 GL error is 0x0
04-13 01:08:10.935 10201 10220 I native-activity: Frame 201 time is 15.903ms
04-13 01:08:10.936 10201 10220 I native-activity: Swap 201 time is 17.158ms
04-13 01:08:10.937 10201 10220 I native-activity: Animating
04-13 01:08:10.938   962  5335 D ActivityManager: single user service: com.amazon.imp
04-13 01:08:10.939   962  5335 D ActivityManager: app = com.amazon.imp, has single user service, setting process record.
04-13 01:08:10.951 10201 10220 I native-activity: Frame 202 GL error is 0x0
04-13 01:08:10.951 10201 10220 I native-activity: Frame 202 time is 14.653ms
04-13 01:08:10.953 10201 10220 I native-activity: Swap 202 time is 16.518ms
04-13 01:08:10.953 10201 10220 I native-activity: Animating
04-13 01:08:10.968 10201 10220 I native-activity: Frame 203 GL error is 0x0
04-13 01:08:10.968 10201 10220 I native-activity: Frame 203 time is 14.456ms
04-13 01:08:10.969 10201 10220 I native-activity: Swap 203 time is 15.280ms
04-13 01:08:10.969 10201 10220 I native-activity: Animating
04-13 01:08:10.985 10201 10220 I native-activity: Frame 204 GL error is 0x0
04-13 01:08:10.985 10201 10220 I native-activity: Frame 204 time is 16.130ms
04-13 01:08:10.986 10201 10220 I native-activity: Swap 204 time is 16.984ms
04-13 01:08:10.986 10201 10220 I native-activity: Animating
04-13 01:08:10.989   962  1725 D ActivityManager: single user service: com.amazon.kindle.cms
04-13 01:08:10.991   962  1725 D ActivityManager: app = com.amazon.kindle.cms, has single user service, setting process record.
04-13 01:08:11.003 10201 10220 I native-activity: Frame 205 GL error is 0x0
04-13 01:08:11.003 10201 10220 I native-activity: Frame 205 time is 17.112ms
04-13 01:08:11.005 10201 10220 I native-activity: Swap 205 time is 18.644ms
04-13 01:08:11.005 10201 10220 I native-activity: Animating
04-13 01:08:11.019 10201 10220 I native-activity: Frame 206 GL error is 0x0
04-13 01:08:11.019 10201 10220 I native-activity: Frame 206 time is 14.081ms
04-13 01:08:11.021 10201 10220 I native-activity: Swap 206 time is 15.703ms
04-13 01:08:11.021 10201 10220 I native-activity: Animating
04-13 01:08:11.037 10201 10220 I native-activity: Frame 207 GL error is 0x0
04-13 01:08:11.037 10201 10220 I native-activity: Frame 207 time is 16.430ms
04-13 01:08:11.038 10201 10220 I native-activity: Swap 207 time is 17.483ms
04-13 01:08:11.038 10201 10220 I native-activity: Animating
04-13 01:08:11.053 10201 10220 I native-activity: Frame 208 GL error is 0x0
04-13 01:08:11.053 10201 10220 I native-activity: Frame 208 time is 14.882ms
04-13 01:08:11.047    93    93 I Kernel  : [ 3409.642991] (3)[93:irq/258-inv_irq]inv_mpu_iio: inv_read_fifo: Received Sensor Interrupt to read FIFO and Fifo_count is 6
04-13 01:08:11.054 10201 10220 I native-activity: Swap 208 time is 15.768ms
04-13 01:08:11.055 10201 10220 I native-activity: Animating
04-13 01:08:11.070 10201 10220 I native-activity: Frame 209 GL error is 0x0
04-13 01:08:11.070 10201 10220 I native-activity: Frame 209 time is 15.520ms
04-13 01:08:11.071 10201 10220 I native-activity: Swap 209 time is 16.325ms
04-13 01:08:11.071 10201 10220 I native-activity: Animating
04-13 01:08:11.087 10201 10220 I native-activity: Frame 210 GL error is 0x0
04-13 01:08:11.087 10201 10220 I native-activity: Frame 210 time is 15.912ms
04-13 01:08:11.088 10201 10220 I native-activity: Swap 210 time is 17.081ms
04-13 01:08:11.088 10201 10220 I native-activity: Animating
04-13 01:08:11.104 10201 10220 I native-activity: Frame 211 GL error is 0x0
04-13 01:08:11.104 10201 10220 I native-activity: Frame 211 time is 15.866ms
04-13 01:08:11.105 10201 10220 I native-activity: Swap 211 time is 16.688ms
04-13 01:08:11.105 10201 10220 I native-activity: Animating
04-13 01:08:11.113   962  1725 D ActivityManager: single user service: com.amazon.kindle.cms
04-13 01:08:11.115   962  1725 D ActivityManager: app = com.amazon.kindle.cms, has single user service, setting process record.
04-13 01:08:11.122 10201 10220 I native-activity: Frame 212 GL error is 0x0
04-13 01:08:11.122 10201 10220 I native-activity: Frame 212 time is 16.778ms
04-13 01:08:11.122 10201 10220 I native-activity: Swap 212 time is 17.397ms
04-13 01:08:11.122 10201 10220 I native-activity: Animating
04-13 01:08:11.138 10201 10220 I native-activity: Frame 213 GL error is 0x0
04-13 01:08:11.138 10201 10220 I native-activity: Frame 213 time is 15.570ms
04-13 01:08:11.139 10201 10220 I native-activity: Swap 213 time is 16.120ms
04-13 01:08:11.139 10201 10220 I native-activity: Animating
04-13 01:08:11.142   962  5334 D ActivityManager: single user service: com.amazon.kindle.cms
04-13 01:08:11.144   962  5334 D ActivityManager: app = com.amazon.kindle.cms, has single user service, setting process record.
04-13 01:08:11.155 10201 10220 I native-activity: Frame 214 GL error is 0x0
04-13 01:08:11.155 10201 10220 I native-activity: Frame 214 time is 16.641ms
04-13 01:08:11.156 10201 10220 I native-activity: Swap 214 time is 17.209ms
04-13 01:08:11.156 10201 10220 I native-activity: Animating
04-13 01:08:11.172 10201 10220 I native-activity: Frame 215 GL error is 0x0
04-13 01:08:11.172 10201 10220 I native-activity: Frame 215 time is 15.948ms
04-13 01:08:11.173 10201 10220 I native-activity: Swap 215 time is 16.600ms
04-13 01:08:11.173 10201 10220 I native-activity: Animating
04-13 01:08:11.187   962  1011 W AccountManagerService: insertAccountIntoDatabase: Account {name=default_account, type=com.amazon.firelauncher.account}, skipping since the account already exists
04-13 01:08:11.190 10201 10220 I native-activity: Frame 216 GL error is 0x0
04-13 01:08:11.190 10201 10220 I native-activity: Frame 216 time is 17.194ms
04-13 01:08:11.191 10201 10220 I native-activity: Swap 216 time is 18.222ms
04-13 01:08:11.191 10201 10220 I native-activity: Animating
04-13 01:08:11.193   962  1726 W AccountManagerService: insertAccountIntoDatabase: Account {name=default_account, type=com.amazon.firelauncher.account}, skipping since the account already exists
04-13 01:08:11.199   962   977 W AccountManagerService: insertAccountIntoDatabase: Account {name=default_account, type=com.amazon.firelauncher.account}, skipping since the account already exists
04-13 01:08:11.207 10201 10220 I native-activity: Frame 217 GL error is 0x0
04-13 01:08:11.207 10201 10220 I native-activity: Frame 217 time is 15.999ms
04-13 01:08:11.208 10201 10220 I native-activity: Swap 217 time is 16.609ms
04-13 01:08:11.208 10201 10220 I native-activity: Animating
04-13 01:08:11.223 10201 10220 I native-activity: Frame 218 GL error is 0x0
04-13 01:08:11.223 10201 10220 I native-activity: Frame 218 time is 15.573ms
04-13 01:08:11.224 10201 10220 I native-activity: Swap 218 time is 16.472ms
04-13 01:08:11.224 10201 10220 I native-activity: Animating
04-13 01:08:11.226   962  3494 W AccountManagerService: insertAccountIntoDatabase: Account {name=default_account, type=com.amazon.firelauncher.account}, skipping since the account already exists
04-13 01:08:11.242 10201 10220 I native-activity: Frame 219 GL error is 0x0
04-13 01:08:11.242 10201 10220 I native-activity: Frame 219 time is 17.290ms
04-13 01:08:11.242 10201 10220 I native-activity: Swap 219 time is 17.956ms
04-13 01:08:11.242 10201 10220 I native-activity: Animating
04-13 01:08:11.260 10201 10220 I native-activity: Frame 220 GL error is 0x0
04-13 01:08:11.260 10201 10220 I native-activity: Frame 220 time is 17.348ms
04-13 01:08:11.261 10201 10220 I native-activity: Swap 220 time is 18.559ms
04-13 01:08:11.261 10201 10220 I native-activity: Animating
04-13 01:08:11.271   962  1726 D ActivityManager: single user service: com.amazon.kindle.cms
04-13 01:08:11.272   962  1726 D ActivityManager: app = com.amazon.kindle.cms, has single user service, setting process record.
04-13 01:08:11.275 10201 10220 I native-activity: Frame 221 GL error is 0x0
04-13 01:08:11.275 10201 10220 I native-activity: Frame 221 time is 14.257ms
04-13 01:08:11.276 10201 10220 I native-activity: Swap 221 time is 15.385ms
04-13 01:08:11.277 10201 10220 I native-activity: Animating
04-13 01:08:11.284   962  5334 W AccountManagerService: insertAccountIntoDatabase: Account {name=default_account, type=com.amazon.firelauncher.account}, skipping since the account already exists
04-13 01:08:11.291 10201 10220 I native-activity: Frame 222 GL error is 0x0
04-13 01:08:11.291 10201 10220 I native-activity: Frame 222 time is 14.855ms
04-13 01:08:11.292 10201 10220 I native-activity: Swap 222 time is 15.469ms
04-13 01:08:11.292 10201 10220 I native-activity: Animating
04-13 01:08:11.308 10201 10220 I native-activity: Frame 223 GL error is 0x0
04-13 01:08:11.308 10201 10220 I native-activity: Frame 223 time is 16.335ms
04-13 01:08:11.310 10201 10220 I native-activity: Swap 223 time is 17.597ms
04-13 01:08:11.310 10201 10220 I native-activity: Animating
04-13 01:08:11.316   962  5168 W AccountManagerService: insertAccountIntoDatabase: Account {name=default_account, type=com.amazon.firelauncher.account}, skipping since the account already exists
04-13 01:08:11.326 10201 10220 I native-activity: Frame 224 GL error is 0x0
04-13 01:08:11.326 10201 10220 I native-activity: Frame 224 time is 15.857ms
04-13 01:08:11.327 10201 10220 I native-activity: Swap 224 time is 16.748ms
04-13 01:08:11.327 10201 10220 I native-activity: Animating
04-13 01:08:11.339   962  1716 D WifiService: releaseWifiLockLocked: WifiLock{com.amazon.dcp.framework.iuc.ConnectionEstablisherWithConnectivityEnforcement type=1 binder=android.os.BinderProxy@106b9d7c}
04-13 01:08:11.406   962  1725 W AccountManagerService: insertAccountIntoDatabase: Account {name=default_account, type=com.amazon.firelauncher.account}, skipping since the account already exists
04-13 01:08:11.415   962  1940 W AccountManagerService: insertAccountIntoDatabase: Account {name=default_account, type=com.amazon.firelauncher.account}, skipping since the account already exists
04-13 01:08:11.417   962  3494 W AccountManagerService: insertAccountIntoDatabase: Account {name=default_account, type=com.amazon.firelauncher.account}, skipping since the account already exists
04-13 01:08:11.419   962  1726 W AccountManagerService: insertAccountIntoDatabase: Account {name=default_account, type=com.amazon.firelauncher.account}, skipping since the account already exists
04-13 01:08:11.424   962  5334 W AccountManagerService: insertAccountIntoDatabase: Account {name=default_account, type=com.amazon.firelauncher.account}, skipping since the account already exists
04-13 01:08:11.426   962  1940 W AccountManagerService: insertAccountIntoDatabase: Account {name=default_account, type=com.amazon.firelauncher.account}, skipping since the account already exists
04-13 01:08:11.429   962  5168 W AccountManagerService: insertAccountIntoDatabase: Account {name=default_account, type=com.amazon.firelauncher.account}, skipping since the account already exists
04-13 01:08:11.439   962  1716 W AccountManagerService: insertAccountIntoDatabase: Account {name=default_account, type=com.amazon.firelauncher.account}, skipping since the account already exists
04-13 01:08:11.443   962  5168 W AccountManagerService: insertAccountIntoDatabase: Account {name=default_account, type=com.amazon.firelauncher.account}, skipping since the account already exists
04-13 01:08:11.476   962  5335 W AccountManagerService: insertAccountIntoDatabase: Account {name=default_account, type=com.amazon.firelauncher.account}, skipping since the account already exists
04-13 01:08:11.490   962  1245 W AccountManagerService: insertAccountIntoDatabase: Account {name=default_account, type=com.amazon.firelauncher.account}, skipping since the account already exists
04-13 01:08:11.522   962  5168 W AccountManagerService: insertAccountIntoDatabase: Account {name=default_account, type=com.amazon.firelauncher.account}, skipping since the account already exists
04-13 01:08:11.534   962  1240 W AccountManagerService: insertAccountIntoDatabase: Account {name=default_account, type=com.amazon.firelauncher.account}, skipping since the account already exists
04-13 01:08:11.546   962  1940 W AccountManagerService: insertAccountIntoDatabase: Account {name=default_account, type=com.amazon.firelauncher.account}, skipping since the account already exists
04-13 01:08:11.561   962  1723 D WifiService: acquireWifiLockLocked: WifiLock{com.amazon.dcp.framework.iuc.ConnectionEstablisherWithConnectivityEnforcement type=1 binder=android.os.BinderProxy@25f1f2b0}
04-13 01:08:11.561   962  5168 W AccountManagerService: insertAccountIntoDatabase: Account {name=default_account, type=com.amazon.firelauncher.account}, skipping since the account already exists
04-13 01:08:11.580   962  1726 D ActivityManager: single user service: com.amazon.imp
04-13 01:08:11.581   962  1726 D ActivityManager: app = com.amazon.imp, has single user service, setting process record.
04-13 01:08:11.586   962  1240 W AccountManagerService: insertAccountIntoDatabase: Account {name=default_account, type=com.amazon.firelauncher.account}, skipping since the account already exists
04-13 01:08:11.596   962  1716 W AccountManagerService: insertAccountIntoDatabase: Account {name=default_account, type=com.amazon.firelauncher.account}, skipping since the account already exists
04-13 01:08:11.793 10201 10220 I native-activity: Frame 225 GL error is 0x501
04-13 01:08:11.793 10201 10220 I native-activity: Frame 225 time is 465.919ms
04-13 01:08:11.793 10201 10220 I native-activity: Swap 225 time is 466.691ms
04-13 01:08:11.794 10201 10220 I native-activity: Animating
04-13 01:08:11.795 10201 10220 I native-activity: Frame 226 GL error is 0x0
04-13 01:08:11.795 10201 10220 I native-activity: Frame 226 time is 1.346ms
04-13 01:08:11.798 10201 10220 I native-activity: Swap 226 time is 4.686ms
04-13 01:08:11.798 10201 10220 I native-activity: Animating
04-13 01:08:11.814 10201 10220 I native-activity: Frame 227 GL error is 0x0
04-13 01:08:11.814 10201 10220 I native-activity: Frame 227 time is 15.497ms
04-13 01:08:11.815 10201 10220 I native-activity: Swap 227 time is 16.263ms
04-13 01:08:11.815 10201 10220 I native-activity: Animating
04-13 01:08:11.823 10201 10220 I native-activity: Frame 228 GL error is 0x0
04-13 01:08:11.823 10201 10220 I native-activity: Frame 228 time is 8.261ms
04-13 01:08:11.827 10201 10220 I native-activity: Swap 228 time is 11.480ms
04-13 01:08:11.827 10201 10220 I native-activity: Animating
04-13 01:08:11.839 10201 10220 I native-activity: Frame 229 GL error is 0x0
04-13 01:08:11.839 10201 10220 I native-activity: Frame 229 time is 12.265ms
04-13 01:08:11.840 10201 10220 I native-activity: Swap 229 time is 13.117ms
04-13 01:08:11.840 10201 10220 I native-activity: Animating
04-13 01:08:11.856 10201 10220 I native-activity: Frame 230 GL error is 0x0
04-13 01:08:11.856 10201 10220 I native-activity: Frame 230 time is 15.810ms
04-13 01:08:11.857 10201 10220 I native-activity: Swap 230 time is 16.934ms
04-13 01:08:11.857 10201 10220 I native-activity: Animating
04-13 01:08:11.873 10201 10220 I native-activity: Frame 231 GL error is 0x0
04-13 01:08:11.873 10201 10220 I native-activity: Frame 231 time is 15.952ms
04-13 01:08:11.875 10201 10220 I native-activity: Swap 231 time is 17.878ms
04-13 01:08:11.875 10201 10220 I native-activity: Animating
04-13 01:08:11.877    93    93 I Kernel  : [ 3410.476101] (2)[93:irq/258-inv_irq]inv_mpu_iio: inv_read_fifo: Received Sensor Interrupt to read FIFO and Fifo_count is 6
04-13 01:08:11.933   962  5168 D WifiService: releaseWifiLockLocked: WifiLock{com.amazon.dcp.framework.iuc.ConnectionEstablisherWithConnectivityEnforcement type=1 binder=android.os.BinderProxy@25f1f2b0}
04-13 01:08:12.100 10201 10220 I native-activity: Frame 232 GL error is 0x501
04-13 01:08:12.100 10201 10220 I native-activity: Frame 232 time is 225.057ms
04-13 01:08:12.101 10201 10220 I native-activity: Swap 232 time is 226.138ms
04-13 01:08:12.101 10201 10220 I native-activity: Animating
04-13 01:08:12.297 10201 10220 I native-activity: Frame 233 GL error is 0x501
04-13 01:08:12.297 10201 10220 I native-activity: Frame 233 time is 195.534ms
04-13 01:08:12.298 10201 10220 I native-activity: Swap 233 time is 196.286ms
04-13 01:08:12.298 10201 10220 I native-activity: Animating
04-13 01:08:12.299 10201 10220 I native-activity: Frame 234 GL error is 0x0
04-13 01:08:12.299 10201 10220 I native-activity: Frame 234 time is 1.395ms
04-13 01:08:12.303 10201 10220 I native-activity: Swap 234 time is 5.486ms
04-13 01:08:12.303 10201 10220 I native-activity: Animating
04-13 01:08:12.318 10201 10220 I native-activity: Frame 235 GL error is 0x0
04-13 01:08:12.318 10201 10220 I native-activity: Frame 235 time is 14.657ms
04-13 01:08:12.318 10201 10220 I native-activity: Swap 235 time is 15.111ms
04-13 01:08:12.318 10201 10220 I native-activity: Animating
04-13 01:08:12.335 10201 10220 I native-activity: Frame 236 GL error is 0x0
04-13 01:08:12.335 10201 10220 I native-activity: Frame 236 time is 16.611ms
04-13 01:08:12.336 10201 10220 I native-activity: Swap 236 time is 17.147ms
04-13 01:08:12.336 10201 10220 I native-activity: Animating
04-13 01:08:12.352 10201 10220 I native-activity: Frame 237 GL error is 0x0
04-13 01:08:12.352 10201 10220 I native-activity: Frame 237 time is 16.274ms
04-13 01:08:12.352 10201 10220 I native-activity: Swap 237 time is 16.737ms
04-13 01:08:12.352 10201 10220 I native-activity: Animating
04-13 01:08:12.369 10201 10220 I native-activity: Frame 238 GL error is 0x0
04-13 01:08:12.369 10201 10220 I native-activity: Frame 238 time is 16.273ms
04-13 01:08:12.369 10201 10220 I native-activity: Swap 238 time is 16.745ms
04-13 01:08:12.369 10201 10220 I native-activity: Animating
04-13 01:08:12.384 10201 10220 I native-activity: Frame 239 GL error is 0x0
04-13 01:08:12.384 10201 10220 I native-activity: Frame 239 time is 15.120ms
04-13 01:08:12.386 10201 10220 I native-activity: Swap 239 time is 16.410ms
04-13 01:08:12.386 10201 10220 I native-activity: Animating
04-13 01:08:12.683 10201 10220 I native-activity: Frame 240 GL error is 0x501
04-13 01:08:12.683 10201 10220 I native-activity: Frame 240 time is 296.965ms
04-13 01:08:12.684 10201 10220 I native-activity: Swap 240 time is 297.693ms
04-13 01:08:12.684 10201 10220 I native-activity: Animating
04-13 01:08:12.707    93    93 I Kernel  : [ 3411.309192] (3)[93:irq/258-inv_irq]inv_mpu_iio: inv_read_fifo: Received Sensor Interrupt to read FIFO and Fifo_count is 6
04-13 01:08:13.088 10201 10220 I native-activity: Frame 241 GL error is 0x501
04-13 01:08:13.088 10201 10220 I native-activity: Frame 241 time is 403.922ms
04-13 01:08:13.089 10201 10220 I native-activity: Swap 241 time is 404.726ms
04-13 01:08:13.089 10201 10220 I native-activity: Animating
04-13 01:08:13.105 10201 10220 I native-activity: Frame 242 GL error is 0x0
04-13 01:08:13.105 10201 10220 I native-activity: Frame 242 time is 16.037ms
04-13 01:08:13.105 10201 10220 I native-activity: Swap 242 time is 16.545ms
04-13 01:08:13.105 10201 10220 I native-activity: Animating
04-13 01:08:13.113 10201 10220 I native-activity: Frame 243 GL error is 0x0
04-13 01:08:13.113 10201 10220 I native-activity: Frame 243 time is 7.973ms
04-13 01:08:13.114 10201 10220 I native-activity: Swap 243 time is 8.452ms
04-13 01:08:13.114 10201 10220 I native-activity: Animating
04-13 01:08:13.119 10201 10220 I native-activity: Frame 244 GL error is 0x0
04-13 01:08:13.119 10201 10220 I native-activity: Frame 244 time is 5.026ms
04-13 01:08:13.120 10201 10220 I native-activity: Swap 244 time is 6.214ms
04-13 01:08:13.120 10201 10220 I native-activity: Animating
04-13 01:08:13.158 10201 10220 I native-activity: Frame 245 GL error is 0x0
04-13 01:08:13.158 10201 10220 I native-activity: Frame 245 time is 38.093ms
04-13 01:08:13.159 10201 10220 I native-activity: Swap 245 time is 38.639ms
04-13 01:08:13.159 10201 10220 I native-activity: Animating
04-13 01:08:13.220 10201 10220 I native-activity: Frame 246 GL error is 0x501
04-13 01:08:13.220 10201 10220 I native-activity: Frame 246 time is 60.758ms
04-13 01:08:13.221 10201 10220 I native-activity: Swap 246 time is 61.552ms
04-13 01:08:13.221 10201 10220 I native-activity: Animating
04-13 01:08:13.260 10201 10220 I native-activity: Frame 247 GL error is 0x501
04-13 01:08:13.260 10201 10220 I native-activity: Frame 247 time is 39.342ms
04-13 01:08:13.261 10201 10220 I native-activity: Swap 247 time is 40.450ms
04-13 01:08:13.261 10201 10220 I native-activity: Animating
04-13 01:08:13.268 10201 10220 I native-activity: Frame 248 GL error is 0x0
04-13 01:08:13.268 10201 10220 I native-activity: Frame 248 time is 6.281ms
04-13 01:08:13.272 10201 10220 I native-activity: Swap 248 time is 10.275ms
04-13 01:08:13.272 10201 10220 I native-activity: Animating
04-13 01:08:13.295 10201 10220 I native-activity: Frame 249 GL error is 0x501
04-13 01:08:13.295 10201 10220 I native-activity: Frame 249 time is 23.533ms
04-13 01:08:13.297 10201 10220 I native-activity: Swap 249 time is 25.260ms
04-13 01:08:13.297 10201 10220 I native-activity: Animating
04-13 01:08:13.309 10201 10220 I native-activity: Frame 250 GL error is 0x0
04-13 01:08:13.309 10201 10220 I native-activity: Frame 250 time is 11.434ms
04-13 01:08:13.310 10201 10220 I native-activity: Swap 250 time is 12.973ms
04-13 01:08:13.310 10201 10220 I native-activity: Animating
04-13 01:08:13.319 10201 10220 I native-activity: Frame 251 GL error is 0x0
04-13 01:08:13.319 10201 10220 I native-activity: Frame 251 time is 9.010ms
04-13 01:08:13.328 10201 10220 I native-activity: Swap 251 time is 17.467ms
04-13 01:08:13.328 10201 10220 I native-activity: Animating
04-13 01:08:13.343 10201 10220 I native-activity: Frame 252 GL error is 0x501
04-13 01:08:13.343 10201 10220 I native-activity: Frame 252 time is 14.934ms
04-13 01:08:13.345 10201 10220 I native-activity: Swap 252 time is 17.298ms
04-13 01:08:13.345 10201 10220 I native-activity: Animating
04-13 01:08:13.351 10201 10220 I native-activity: Frame 253 GL error is 0x0
04-13 01:08:13.351 10201 10220 I native-activity: Frame 253 time is 5.484ms
04-13 01:08:13.362 10201 10220 I native-activity: Swap 253 time is 16.409ms
04-13 01:08:13.362 10201 10220 I native-activity: Animating
04-13 01:08:13.368 10201 10220 I native-activity: Frame 254 GL error is 0x0
04-13 01:08:13.368 10201 10220 I native-activity: Frame 254 time is 5.903ms
04-13 01:08:13.379 10201 10220 I native-activity: Swap 254 time is 17.376ms
04-13 01:08:13.379 10201 10220 I native-activity: Animating
04-13 01:08:13.386 10201 10220 I native-activity: Frame 255 GL error is 0x0
04-13 01:08:13.386 10201 10220 I native-activity: Frame 255 time is 6.465ms
04-13 01:08:13.397 10201 10220 I native-activity: Swap 255 time is 17.769ms
04-13 01:08:13.397 10201 10220 I native-activity: Animating
04-13 01:08:13.409 10201 10220 I native-activity: Frame 256 GL error is 0x0
04-13 01:08:13.409 10201 10220 I native-activity: Frame 256 time is 11.268ms
04-13 01:08:13.414 10201 10220 I native-activity: Swap 256 time is 16.612ms
04-13 01:08:13.414 10201 10220 I native-activity: Animating
04-13 01:08:13.421 10201 10220 I native-activity: Frame 257 GL error is 0x0
04-13 01:08:13.421 10201 10220 I native-activity: Frame 257 time is 6.660ms
04-13 01:08:13.432 10201 10220 I native-activity: Swap 257 time is 17.694ms
04-13 01:08:13.432 10201 10220 I native-activity: Animating
04-13 01:08:13.441 10201 10220 I native-activity: Frame 258 GL error is 0x0
04-13 01:08:13.441 10201 10220 I native-activity: Frame 258 time is 8.702ms
04-13 01:08:13.450 10201 10220 I native-activity: Swap 258 time is 17.630ms
04-13 01:08:13.450 10201 10220 I native-activity: Animating
04-13 01:08:13.456 10201 10220 I native-activity: Context 0x54798008 made current on surface 0x54507318, error 0x3000
04-13 01:08:13.456 10201 10220 I native-activity: GL information
04-13 01:08:13.456 10201 10220 I native-activity: 	Renderer: PowerVR Rogue G6200
04-13 01:08:13.456 10201 10220 I native-activity: 	Vendor: Imagination Technologies
04-13 01:08:13.456 10201 10220 I native-activity: 	Version: OpenGL ES 3.1 build 1.4@3573678
04-13 01:08:13.456 10201 10220 I native-activity: 	Shading Language: OpenGL ES GLSL ES 3.10 build 1.4@3573678
04-13 01:08:13.456 10201 10220 I native-activity: 	Extensions: GL_EXT_debug_marker GL_EXT_blend_minmax GL_EXT_color_buffer_float GL_EXT_discard_framebuffer GL_EXT_draw_buffers GL_EXT_multi_draw_arrays GL_EXT_multisampled_render_to_texture GL_EXT_occlusion_query_boolean GL_EXT_read_format_bgra GL_EXT_robustness GL_EXT_separate_shader_objects GL_EXT_shader_framebuffer_fetch GL_EXT_shader_texture_lod GL_EXT_texture_filter_anisotropic GL_EXT_texture_format_BGRA8888 GL_EXT_texture_rg GL_EXT_texture_sRGB_decode GL_IMG_multisampled_render_to_texture GL_IMG_program_binary GL_IMG_read_format GL_IMG_shader_binary GL_IMG_texture_compression_pvrtc GL_IMG_texture_compression_pvrtc2 GL_IMG_texture_format_BGRA8888 GL_IMG_texture_npot GL_KHR_blend_equation_advanced GL_KHR_blend_equation_advanced_coherent GL_KHR_debug GL_OES_compressed_ETC1_RGB8_texture GL_OES_depth24 GL_OES_depth_texture GL_OES_EGL_image GL_OES_EGL_image_external GL_OES_EGL_sync GL_OES_element_index_uint GL_OES_fragment_precision_high GL_OES_get_program_binary GL_OES_mapbuffer GL_OES_packed_depth_stencil G
04-13 01:08:13.456 10201 10220 I native-activity: Context 0x54798008 made current on surface 0x54507318, error 0x3000
04-13 01:08:13.456 10201 10220 I native-activity: GL information
04-13 01:08:13.456 10201 10220 I native-activity: 	Renderer: PowerVR Rogue G6200
04-13 01:08:13.456 10201 10220 I native-activity: 	Vendor: Imagination Technologies
04-13 01:08:13.456 10201 10220 I native-activity: 	Version: OpenGL ES 3.1 build 1.4@3573678
04-13 01:08:13.456 10201 10220 I native-activity: 	Shading Language: OpenGL ES GLSL ES 3.10 build 1.4@3573678
04-13 01:08:13.456 10201 10220 I native-activity: 	Extensions: GL_EXT_debug_marker GL_EXT_blend_minmax GL_EXT_color_buffer_float GL_EXT_discard_framebuffer GL_EXT_draw_buffers GL_EXT_multi_draw_arrays GL_EXT_multisampled_render_to_texture GL_EXT_occlusion_query_boolean GL_EXT_read_format_bgra GL_EXT_robustness GL_EXT_separate_shader_objects GL_EXT_shader_framebuffer_fetch GL_EXT_shader_texture_lod GL_EXT_texture_filter_anisotropic GL_EXT_texture_format_BGRA8888 GL_EXT_texture_rg GL_EXT_texture_sRGB_decode GL_IMG_multisampled_render_to_texture GL_IMG_program_binary GL_IMG_read_format GL_IMG_shader_binary GL_IMG_texture_compression_pvrtc GL_IMG_texture_compression_pvrtc2 GL_IMG_texture_format_BGRA8888 GL_IMG_texture_npot GL_KHR_blend_equation_advanced GL_KHR_blend_equation_advanced_coherent GL_KHR_debug GL_OES_compressed_ETC1_RGB8_texture GL_OES_depth24 GL_OES_depth_texture GL_OES_EGL_image GL_OES_EGL_image_external GL_OES_EGL_sync GL_OES_element_index_uint GL_OES_fragment_precision_high GL_OES_get_program_binary GL_OES_mapbuffer GL_OES_packed_depth_stencil G
04-13 01:08:13.457 10201 10220 I native-activity: Frame 259 GL error is 0x501
04-13 01:08:13.457 10201 10220 I native-activity: Frame 259 time is 6.872ms
04-13 01:08:13.466 10201 10220 I native-activity: Swap 259 time is 16.151ms
04-13 01:08:13.466 10201 10220 I native-activity: Animating
04-13 01:08:13.472 10201 10220 I native-activity: Frame 260 GL error is 0x500
04-13 01:08:13.472 10201 10220 I native-activity: Frame 260 time is 5.897ms
04-13 01:08:13.479 10201 10220 I native-activity: Swap 260 time is 13.244ms
04-13 01:08:13.479 10201 10220 I native-activity: Animating
04-13 01:08:13.488 10201 10220 I native-activity: Frame 261 GL error is 0x0
04-13 01:08:13.488 10201 10220 I native-activity: Frame 261 time is 8.287ms
04-13 01:08:13.493 10201 10220 I native-activity: Swap 261 time is 14.137ms
04-13 01:08:13.494 10201 10220 I native-activity: Animating
04-13 01:08:13.499 10201 10220 I native-activity: Frame 262 GL error is 0x0
04-13 01:08:13.499 10201 10220 I native-activity: Frame 262 time is 5.576ms
04-13 01:08:13.508 10201 10220 I native-activity: Swap 262 time is 14.213ms
04-13 01:08:13.508 10201 10220 I native-activity: Animating
04-13 01:08:13.518 10201 10220 I native-activity: Frame 263 GL error is 0x0
04-13 01:08:13.518 10201 10220 I native-activity: Frame 263 time is 10.225ms
04-13 01:08:13.519 10201 10220 I native-activity: Swap 263 time is 10.791ms
04-13 01:08:13.519 10201 10220 I native-activity: Animating
04-13 01:08:13.528 10201 10220 I native-activity: Frame 264 GL error is 0x0
04-13 01:08:13.528 10201 10220 I native-activity: Frame 264 time is 9.281ms
04-13 01:08:13.533 10201 10220 I native-activity: Swap 264 time is 14.285ms
04-13 01:08:13.533 10201 10220 I native-activity: Animating
04-13 01:08:13.543 10201 10220 I native-activity: Frame 265 GL error is 0x0
04-13 01:08:13.543 10201 10220 I native-activity: Frame 265 time is 10.201ms
04-13 01:08:13.547 10201 10220 I native-activity: Swap 265 time is 13.932ms
04-13 01:08:13.547 10201 10220 I native-activity: Animating
04-13 01:08:13.547    93    93 I Kernel  : [ 3412.142274] (2)[93:irq/258-inv_irq]inv_mpu_iio: inv_read_fifo: Received Sensor Interrupt to read FIFO and Fifo_count is 6
04-13 01:08:13.560 10201 10220 I native-activity: Frame 266 GL error is 0x0
04-13 01:08:13.560 10201 10220 I native-activity: Frame 266 time is 13.031ms
04-13 01:08:13.561 10201 10220 I native-activity: Swap 266 time is 13.884ms
04-13 01:08:13.561 10201 10220 I native-activity: Animating
04-13 01:08:13.577 10201 10220 I native-activity: Frame 267 GL error is 0x0
04-13 01:08:13.577 10201 10220 I native-activity: Frame 267 time is 15.684ms
04-13 01:08:13.578 10201 10220 I native-activity: Swap 267 time is 17.073ms
04-13 01:08:13.578 10201 10220 I native-activity: Animating
04-13 01:08:13.597 10201 10220 I native-activity: Frame 268 GL error is 0x0
04-13 01:08:13.597 10201 10220 I native-activity: Frame 268 time is 18.790ms
04-13 01:08:13.598 10201 10220 I native-activity: Swap 268 time is 19.248ms
04-13 01:08:13.598 10201 10220 I native-activity: Animating
04-13 01:08:13.613 10201 10220 I native-activity: Frame 269 GL error is 0x0
04-13 01:08:13.613 10201 10220 I native-activity: Frame 269 time is 14.957ms
04-13 01:08:13.613 10201 10220 I native-activity: Swap 269 time is 15.594ms
04-13 01:08:13.613 10201 10220 I native-activity: Animating
04-13 01:08:13.627 10201 10220 I native-activity: Frame 270 GL error is 0x0
04-13 01:08:13.627 10201 10220 I native-activity: Frame 270 time is 13.715ms
04-13 01:08:13.628 10201 10220 I native-activity: Swap 270 time is 14.161ms
04-13 01:08:13.628 10201 10220 I native-activity: Animating
04-13 01:08:13.648 10201 10220 I native-activity: Frame 271 GL error is 0x0
04-13 01:08:13.648 10201 10220 I native-activity: Frame 271 time is 20.377ms
04-13 01:08:13.649 10201 10220 I native-activity: Swap 271 time is 21.180ms
04-13 01:08:13.649 10201 10220 I native-activity: Animating
04-13 01:08:13.663 10201 10220 I native-activity: Frame 272 GL error is 0x0
04-13 01:08:13.663 10201 10220 I native-activity: Frame 272 time is 13.456ms
04-13 01:08:13.663 10201 10220 I native-activity: Swap 272 time is 14.091ms
04-13 01:08:13.663 10201 10220 I native-activity: Animating
04-13 01:08:13.679 10201 10220 I native-activity: Frame 273 GL error is 0x0
04-13 01:08:13.679 10201 10220 I native-activity: Frame 273 time is 15.450ms
04-13 01:08:13.679 10201 10220 I native-activity: Swap 273 time is 15.976ms
04-13 01:08:13.679 10201 10220 I native-activity: Animating
04-13 01:08:13.701 10201 10220 I native-activity: Frame 274 GL error is 0x501
04-13 01:08:13.701 10201 10220 I native-activity: Frame 274 time is 22.101ms
04-13 01:08:13.702 10201 10220 I native-activity: Swap 274 time is 22.680ms
04-13 01:08:13.702 10201 10220 I native-activity: Animating
04-13 01:08:13.717 10201 10220 I native-activity: Frame 275 GL error is 0x0
04-13 01:08:13.717 10201 10220 I native-activity: Frame 275 time is 14.609ms
04-13 01:08:13.717 10201 10220 I native-activity: Swap 275 time is 15.087ms
04-13 01:08:13.717 10201 10220 I native-activity: Animating
04-13 01:08:13.731 10201 10220 I native-activity: Frame 276 GL error is 0x0
04-13 01:08:13.731 10201 10220 I native-activity: Frame 276 time is 13.244ms
04-13 01:08:13.731 10201 10220 I native-activity: Swap 276 time is 13.870ms
04-13 01:08:13.731 10201 10220 I native-activity: Animating
04-13 01:08:13.751 10201 10220 I native-activity: Frame 277 GL error is 0x0
04-13 01:08:13.751 10201 10220 I native-activity: Frame 277 time is 19.689ms
04-13 01:08:13.752 10201 10220 I native-activity: Swap 277 time is 20.298ms
04-13 01:08:13.752 10201 10220 I native-activity: Animating
04-13 01:08:13.764 10201 10220 I native-activity: Frame 278 GL error is 0x0
04-13 01:08:13.764 10201 10220 I native-activity: Frame 278 time is 12.189ms
04-13 01:08:13.765 10201 10220 I native-activity: Swap 278 time is 12.895ms
04-13 01:08:13.765 10201 10220 I native-activity: Animating
04-13 01:08:13.781 10201 10220 I native-activity: Frame 279 GL error is 0x0
04-13 01:08:13.781 10201 10220 I native-activity: Frame 279 time is 16.530ms
04-13 01:08:13.782 10201 10220 I native-activity: Swap 279 time is 17.694ms
04-13 01:08:13.783 10201 10220 I native-activity: Animating
04-13 01:08:13.798 10201 10220 I native-activity: Frame 280 GL error is 0x0
04-13 01:08:13.798 10201 10220 I native-activity: Frame 280 time is 15.599ms
04-13 01:08:13.799 10201 10220 I native-activity: Swap 280 time is 16.250ms
04-13 01:08:13.799 10201 10220 I native-activity: Animating
04-13 01:08:13.817 10201 10220 I native-activity: Frame 281 GL error is 0x0
04-13 01:08:13.817 10201 10220 I native-activity: Frame 281 time is 18.310ms
04-13 01:08:13.818 10201 10220 I native-activity: Swap 281 time is 19.228ms
04-13 01:08:13.818 10201 10220 I native-activity: Animating
04-13 01:08:13.833 10201 10220 I native-activity: Frame 282 GL error is 0x0
04-13 01:08:13.833 10201 10220 I native-activity: Frame 282 time is 14.157ms
04-13 01:08:13.833 10201 10220 I native-activity: Swap 282 time is 15.023ms
04-13 01:08:13.834 10201 10220 I native-activity: Animating
04-13 01:08:13.851 10201 10220 I native-activity: Frame 283 GL error is 0x0
04-13 01:08:13.851 10201 10220 I native-activity: Frame 283 time is 17.579ms
04-13 01:08:13.852 10201 10220 I native-activity: Swap 283 time is 18.559ms
04-13 01:08:13.852 10201 10220 I native-activity: Animating
04-13 01:08:13.866 10201 10220 I native-activity: Frame 284 GL error is 0x0
04-13 01:08:13.866 10201 10220 I native-activity: Frame 284 time is 14.188ms
04-13 01:08:13.867 10201 10220 I native-activity: Swap 284 time is 14.877ms
04-13 01:08:13.867 10201 10220 I native-activity: Animating
04-13 01:08:13.885 10201 10220 I native-activity: Frame 285 GL error is 0x0
04-13 01:08:13.885 10201 10220 I native-activity: Frame 285 time is 17.770ms
04-13 01:08:13.886 10201 10220 I native-activity: Swap 285 time is 18.543ms
04-13 01:08:13.886 10201 10220 I native-activity: Animating
04-13 01:08:13.900 10201 10220 I native-activity: Frame 286 GL error is 0x0
04-13 01:08:13.900 10201 10220 I native-activity: Frame 286 time is 13.723ms
04-13 01:08:13.901 10201 10220 I native-activity: Swap 286 time is 14.453ms
04-13 01:08:13.901 10201 10220 I native-activity: Animating
04-13 01:08:13.919 10201 10220 I native-activity: Frame 287 GL error is 0x0
04-13 01:08:13.919 10201 10220 I native-activity: Frame 287 time is 18.605ms
04-13 01:08:13.920 10201 10220 I native-activity: Swap 287 time is 19.106ms
04-13 01:08:13.920 10201 10220 I native-activity: Animating
04-13 01:08:13.934 10201 10220 I native-activity: Frame 288 GL error is 0x0
04-13 01:08:13.934 10201 10220 I native-activity: Frame 288 time is 14.118ms
04-13 01:08:13.935 10201 10220 I native-activity: Swap 288 time is 14.709ms
04-13 01:08:13.935 10201 10220 I native-activity: Animating
04-13 01:08:13.951 10201 10220 I native-activity: Frame 289 GL error is 0x0
04-13 01:08:13.951 10201 10220 I native-activity: Frame 289 time is 16.485ms
04-13 01:08:13.952 10201 10220 I native-activity: Swap 289 time is 17.065ms
04-13 01:08:13.952 10201 10220 I native-activity: Animating
04-13 01:08:13.970 10201 10220 I native-activity: Frame 290 GL error is 0x0
04-13 01:08:13.970 10201 10220 I native-activity: Frame 290 time is 18.266ms
04-13 01:08:13.971 10201 10220 I native-activity: Swap 290 time is 19.091ms
04-13 01:08:13.971 10201 10220 I native-activity: Animating
04-13 01:08:13.988 10201 10220 I native-activity: Frame 291 GL error is 0x0
04-13 01:08:13.988 10201 10220 I native-activity: Frame 291 time is 17.090ms
04-13 01:08:13.989 10201 10220 I native-activity: Swap 291 time is 17.802ms
04-13 01:08:13.989 10201 10220 I native-activity: Animating
04-13 01:08:14.002 10201 10220 I native-activity: Frame 292 GL error is 0x0
04-13 01:08:14.002 10201 10220 I native-activity: Frame 292 time is 12.992ms
04-13 01:08:14.003 10201 10220 I native-activity: Swap 292 time is 13.945ms
04-13 01:08:14.003 10201 10220 I native-activity: Animating
04-13 01:08:14.019 10201 10220 I native-activity: Frame 293 GL error is 0x0
04-13 01:08:14.019 10201 10220 I native-activity: Frame 293 time is 15.956ms
04-13 01:08:14.020 10201 10220 I native-activity: Swap 293 time is 16.881ms
04-13 01:08:14.020 10201 10220 I native-activity: Animating
04-13 01:08:14.036 10201 10220 I native-activity: Frame 294 GL error is 0x0
04-13 01:08:14.036 10201 10220 I native-activity: Frame 294 time is 15.825ms
04-13 01:08:14.037 10201 10220 I native-activity: Swap 294 time is 16.467ms
04-13 01:08:14.037 10201 10220 I native-activity: Animating
04-13 01:08:14.054 10201 10220 I native-activity: Frame 295 GL error is 0x0
04-13 01:08:14.054 10201 10220 I native-activity: Frame 295 time is 16.916ms
04-13 01:08:14.054 10201 10220 I native-activity: Swap 295 time is 17.631ms
04-13 01:08:14.054 10201 10220 I native-activity: Animating
04-13 01:08:14.071 10201 10220 I native-activity: Frame 296 GL error is 0x0
04-13 01:08:14.071 10201 10220 I native-activity: Frame 296 time is 16.305ms
04-13 01:08:14.071 10201 10220 I native-activity: Swap 296 time is 17.005ms
04-13 01:08:14.072 10201 10220 I native-activity: Animating
04-13 01:08:14.091 10201 10220 I native-activity: Frame 297 GL error is 0x0
04-13 01:08:14.092 10201 10220 I native-activity: Frame 297 time is 19.948ms
04-13 01:08:14.092 10201 10220 I native-activity: Swap 297 time is 20.616ms
04-13 01:08:14.092 10201 10220 I native-activity: Animating
04-13 01:08:14.108 10201 10220 I native-activity: Frame 298 GL error is 0x0
04-13 01:08:14.108 10201 10220 I native-activity: Frame 298 time is 16.098ms
04-13 01:08:14.109 10201 10220 I native-activity: Swap 298 time is 16.752ms
04-13 01:08:14.109 10201 10220 I native-activity: Animating
04-13 01:08:14.122 10201 10220 I native-activity: Frame 299 GL error is 0x0
04-13 01:08:14.122 10201 10220 I native-activity: Frame 299 time is 13.131ms
04-13 01:08:14.123 10201 10220 I native-activity: Swap 299 time is 13.699ms
04-13 01:08:14.123 10201 10220 I native-activity: Animating
04-13 01:08:14.142 10201 10220 I native-activity: Frame 300 GL error is 0x0
04-13 01:08:14.142 10201 10220 I native-activity: Frame 300 time is 19.266ms
04-13 01:08:14.143 10201 10220 I native-activity: Swap 300 time is 20.064ms
04-13 01:08:14.143 10201 10220 I native-activity: Animating
04-13 01:08:14.159 10201 10220 I native-activity: Frame 301 GL error is 0x0
04-13 01:08:14.159 10201 10220 I native-activity: Frame 301 time is 15.887ms
04-13 01:08:14.160 10201 10220 I native-activity: Swap 301 time is 16.367ms
04-13 01:08:14.160 10201 10220 I native-activity: Animating
04-13 01:08:14.173 10201 10220 I native-activity: Frame 302 GL error is 0x0
04-13 01:08:14.173 10201 10220 I native-activity: Frame 302 time is 12.990ms
04-13 01:08:14.174 10201 10220 I native-activity: Swap 302 time is 13.905ms
04-13 01:08:14.174 10201 10220 I native-activity: Animating
04-13 01:08:14.189 10201 10220 I native-activity: Frame 303 GL error is 0x0
04-13 01:08:14.190 10201 10220 I native-activity: Frame 303 time is 15.885ms
04-13 01:08:14.190 10201 10220 I native-activity: Swap 303 time is 16.409ms
04-13 01:08:14.190 10201 10220 I native-activity: Animating
04-13 01:08:14.207 10201 10220 I native-activity: Frame 304 GL error is 0x0
04-13 01:08:14.207 10201 10220 I native-activity: Frame 304 time is 16.567ms
04-13 01:08:14.207 10201 10220 I native-activity: Swap 304 time is 17.146ms
04-13 01:08:14.207 10201 10220 I native-activity: Animating
04-13 01:08:14.224 10201 10220 I native-activity: Frame 305 GL error is 0x0
04-13 01:08:14.224 10201 10220 I native-activity: Frame 305 time is 16.226ms
04-13 01:08:14.224 10201 10220 I native-activity: Swap 305 time is 16.794ms
04-13 01:08:14.224 10201 10220 I native-activity: Animating
04-13 01:08:14.241 10201 10220 I native-activity: Frame 306 GL error is 0x0
04-13 01:08:14.241 10201 10220 I native-activity: Frame 306 time is 16.662ms
04-13 01:08:14.242 10201 10220 I native-activity: Swap 306 time is 17.855ms
04-13 01:08:14.242 10201 10220 I native-activity: Animating
