04-11 02:52:46.166 25312 25330 I native-activity: Frame 140 time is 0.600ms
04-11 02:52:46.166 25312 25330 I native-activity: Doing egl_swapbuffers_sync 2
04-11 02:52:46.170 25312 25330 I native-activity: Swap 140 time is 5.027ms
04-11 02:52:46.170 25312 25330 I native-activity: Animating
04-11 02:52:46.171 25312 25330 I native-activity: Frame 141 GL error is 0x0
04-11 02:52:46.171 25312 25330 I native-activity: Frame 141 time is 0.440ms
04-11 02:52:46.171 25312 25330 I native-activity: Doing egl_swapbuffers_sync 2
04-11 02:52:46.176 25312 25330 I native-activity: Swap 141 time is 5.275ms
04-11 02:52:46.176 25312 25330 I native-activity: Animating
04-11 02:52:46.177 25312 25330 I native-activity: Frame 142 GL error is 0x0
04-11 02:52:46.177 25312 25330 I native-activity: Frame 142 time is 1.032ms
04-11 02:52:46.177 25312 25330 I native-activity: Doing egl_swapbuffers_sync 2
04-11 02:52:46.181 25312 25330 I native-activity: Swap 142 time is 5.218ms
04-11 02:52:46.181 25312 25330 I native-activity: Animating
04-11 02:52:46.182 25312 25330 I native-activity: Frame 143 GL error is 0x0
04-11 02:52:46.182 25312 25330 I native-activity: Frame 143 time is 0.395ms
04-11 02:52:46.182 25312 25330 I native-activity: Doing egl_swapbuffers_sync 2
04-11 02:52:46.186 25312 25330 I native-activity: Swap 143 time is 5.155ms
04-11 02:52:46.186 25312 25330 I native-activity: Animating
04-11 02:52:46.187 25312 25330 I native-activity: Frame 144 GL error is 0x0
04-11 02:52:46.187 25312 25330 I native-activity: Frame 144 time is 0.470ms
04-11 02:52:46.187 25312 25330 I native-activity: Doing egl_swapbuffers_sync 2
04-11 02:52:46.192 25312 25330 I native-activity: Swap 144 time is 5.175ms
04-11 02:52:46.192 25312 25330 I native-activity: Animating
04-11 02:52:46.193 25312 25330 I native-activity: Frame 145 GL error is 0x0
04-11 02:52:46.193 25312 25330 I native-activity: Frame 145 time is 0.994ms
04-11 02:52:46.193 25312 25330 I native-activity: Doing egl_swapbuffers_sync 2
04-11 02:52:46.197 25312 25330 I native-activity: Swap 145 time is 5.234ms
04-11 02:52:46.197 25312 25330 I native-activity: Animating
04-11 02:52:46.198 25312 25330 I native-activity: Frame 146 GL error is 0x0
04-11 02:52:46.198 25312 25330 I native-activity: Frame 146 time is 0.425ms
04-11 02:52:46.198 25312 25330 I native-activity: Doing egl_swapbuffers_sync 2
04-11 02:52:46.202 25312 25330 I native-activity: Swap 146 time is 5.149ms
04-11 02:52:46.202 25312 25330 I native-activity: Animating
04-11 02:52:46.203 25312 25330 I native-activity: Frame 147 GL error is 0x0
04-11 02:52:46.203 25312 25330 I native-activity: Frame 147 time is 0.409ms
04-11 02:52:46.203 25312 25330 I native-activity: Doing egl_swapbuffers_sync 2
04-11 02:52:46.208 25312 25330 I native-activity: Swap 147 time is 5.268ms
04-11 02:52:46.208 25312 25330 I native-activity: Animating
04-11 02:52:46.209 25312 25330 I native-activity: Frame 148 GL error is 0x0
04-11 02:52:46.209 25312 25330 I native-activity: Frame 148 time is 0.901ms
04-11 02:52:46.209 25312 25330 I native-activity: Doing egl_swapbuffers_sync 2
04-11 02:52:46.214   958  1051 D TaskPersister: removeObsoleteFile: deleting file=621_task.xml
04-11 02:52:46.216 25312 25330 I native-activity: Swap 148 time is 8.122ms
04-11 02:52:46.216 25312 25330 I native-activity: Animating
04-11 02:52:46.217 25312 25330 I native-activity: Frame 149 GL error is 0x0
04-11 02:52:46.217 25312 25330 I native-activity: Frame 149 time is 0.556ms
04-11 02:52:46.217 25312 25330 I native-activity: Doing egl_swapbuffers_sync 2
04-11 02:52:46.219 25312 25330 I native-activity: Swap 149 time is 2.362ms
04-11 02:52:46.219 25312 25330 I native-activity: Animating
04-11 02:52:46.220 25312 25330 I native-activity: Frame 150 GL error is 0x0
04-11 02:52:46.220 25312 25330 I native-activity: Frame 150 time is 1.039ms
04-11 02:52:46.220 25312 25330 I native-activity: Doing egl_swapbuffers_sync 2
04-11 02:52:46.224 25312 25330 I native-activity: Swap 150 time is 5.365ms
04-11 02:52:46.224 25312 25330 I native-activity: Animating
04-11 02:52:46.225 25312 25330 I native-activity: Frame 151 GL error is 0x0
04-11 02:52:46.225 25312 25330 I native-activity: Frame 151 time is 0.569ms
04-11 02:52:46.225 25312 25330 I native-activity: Doing egl_swapbuffers_sync 2
04-11 02:52:46.229 25312 25330 I native-activity: Swap 151 time is 5.062ms
04-11 02:52:46.229 25312 25330 I native-activity: Animating
04-11 02:52:46.230 25312 25330 I native-activity: Frame 152 GL error is 0x0
04-11 02:52:46.230 25312 25330 I native-activity: Frame 152 time is 0.430ms
04-11 02:52:46.230 25312 25330 I native-activity: Doing egl_swapbuffers_sync 2
04-11 02:52:46.235 25312 25330 I native-activity: Swap 152 time is 5.095ms
04-11 02:52:46.235 25312 25330 I native-activity: Animating
04-11 02:52:46.235 25312 25330 I native-activity: Frame 153 GL error is 0x0
04-11 02:52:46.235 25312 25330 I native-activity: Frame 153 time is 0.424ms
04-11 02:52:46.235 25312 25330 I native-activity: Doing egl_swapbuffers_sync 2
04-11 02:52:46.240 25312 25330 I native-activity: Swap 153 time is 5.167ms
04-11 02:52:46.240 25312 25330 I native-activity: Animating
04-11 02:52:46.240 25312 25330 I native-activity: Frame 154 GL error is 0x0
04-11 02:52:46.240 25312 25330 I native-activity: Frame 154 time is 0.450ms
04-11 02:52:46.240 25312 25330 I native-activity: Doing egl_swapbuffers_sync 2
04-11 02:52:46.245 25312 25330 I native-activity: Swap 154 time is 5.219ms
04-11 02:52:46.246 25312 25330 I native-activity: Animating
04-11 02:52:46.246 25312 25330 I native-activity: Frame 155 GL error is 0x0
04-11 02:52:46.247 25312 25330 I native-activity: Frame 155 time is 0.979ms
04-11 02:52:46.247 25312 25330 I native-activity: Doing egl_swapbuffers_sync 2
04-11 02:52:46.251 25312 25330 I native-activity: Swap 155 time is 5.032ms
04-11 02:52:46.251 25312 25330 I native-activity: Animating
04-11 02:52:46.251 25312 25330 I native-activity: Frame 156 GL error is 0x0
04-11 02:52:46.251 25312 25330 I native-activity: Frame 156 time is 0.445ms
04-11 02:52:46.251 25312 25330 I native-activity: Doing egl_swapbuffers_sync 2
04-11 02:52:46.256 25312 25330 I native-activity: Swap 156 time is 5.168ms
04-11 02:52:46.256 25312 25330 I native-activity: Animating
04-11 02:52:46.256 25312 25330 I native-activity: Frame 157 GL error is 0x0
04-11 02:52:46.256 25312 25330 I native-activity: Frame 157 time is 0.465ms
04-11 02:52:46.256 25312 25330 I native-activity: Doing egl_swapbuffers_sync 2
04-11 02:52:46.261 25312 25330 I native-activity: Swap 157 time is 5.208ms
04-11 02:52:46.261 25312 25330 I native-activity: Animating
04-11 02:52:46.262 25312 25330 I native-activity: Frame 158 GL error is 0x0
04-11 02:52:46.262 25312 25330 I native-activity: Frame 158 time is 0.711ms
04-11 02:52:46.262 25312 25330 I native-activity: Doing egl_swapbuffers_sync 2
04-11 02:52:46.267 25312 25330 I native-activity: Swap 158 time is 5.137ms
04-11 02:52:46.267 25312 25330 I native-activity: Animating
04-11 02:52:46.267 25312 25330 I native-activity: Frame 159 GL error is 0x0
04-11 02:52:46.267 25312 25330 I native-activity: Frame 159 time is 0.425ms
04-11 02:52:46.267 25312 25330 I native-activity: Doing egl_swapbuffers_sync 2
04-11 02:52:46.272 25312 25330 I native-activity: Swap 159 time is 5.219ms
04-11 02:52:46.272 25312 25330 I native-activity: Animating
04-11 02:52:46.272 25312 25330 I native-activity: Frame 160 GL error is 0x0
04-11 02:52:46.272 25312 25330 I native-activity: Frame 160 time is 0.401ms
04-11 02:52:46.272 25312 25330 I native-activity: Doing egl_swapbuffers_sync 2
04-11 02:52:46.277 25312 25330 I native-activity: Swap 160 time is 5.151ms
04-11 02:52:46.277 25312 25330 I native-activity: Animating
04-11 02:52:46.278 25312 25330 I native-activity: Frame 161 GL error is 0x0
04-11 02:52:46.278 25312 25330 I native-activity: Frame 161 time is 0.819ms
04-11 02:52:46.278 25312 25330 I native-activity: Doing egl_swapbuffers_sync 2
04-11 02:52:46.283 25312 25330 I native-activity: Swap 161 time is 5.205ms
04-11 02:52:46.283 25312 25330 I native-activity: Animating
04-11 02:52:46.283 25312 25330 I native-activity: Frame 162 GL error is 0x0
04-11 02:52:46.283 25312 25330 I native-activity: Frame 162 time is 0.411ms
04-11 02:52:46.283 25312 25330 I native-activity: Doing egl_swapbuffers_sync 2
04-11 02:52:46.276    93    93 I Kernel  : [310405.887699] (0)[93:irq/258-inv_irq]inv_mpu_iio: inv_read_fifo: Received Sensor Interrupt to read FIFO and Fifo_count is 6
04-11 02:52:46.288 25312 25330 I native-activity: Swap 162 time is 5.173ms
04-11 02:52:46.288 25312 25330 I native-activity: Animating
04-11 02:52:46.288 25312 25330 I native-activity: Frame 163 GL error is 0x0
04-11 02:52:46.288 25312 25330 I native-activity: Frame 163 time is 0.414ms
04-11 02:52:46.288 25312 25330 I native-activity: Doing egl_swapbuffers_sync 2
04-11 02:52:46.293 25312 25330 I native-activity: Swap 163 time is 5.201ms
04-11 02:52:46.293 25312 25330 I native-activity: Animating
04-11 02:52:46.294 25312 25330 I native-activity: Frame 164 GL error is 0x0
04-11 02:52:46.294 25312 25330 I native-activity: Frame 164 time is 0.525ms
04-11 02:52:46.294 25312 25330 I native-activity: Doing egl_swapbuffers_sync 2
04-11 02:52:46.299 25312 25330 I native-activity: Swap 164 time is 5.152ms
04-11 02:52:46.299 25312 25330 I native-activity: Animating
04-11 02:52:46.299 25312 25330 I native-activity: Frame 165 GL error is 0x0
04-11 02:52:46.299 25312 25330 I native-activity: Frame 165 time is 0.409ms
04-11 02:52:46.299 25312 25330 I native-activity: Doing egl_swapbuffers_sync 2
04-11 02:52:46.304 25312 25330 I native-activity: Swap 165 time is 5.172ms
04-11 02:52:46.304 25312 25330 I native-activity: Animating
04-11 02:52:46.304 25312 25330 I native-activity: Frame 166 GL error is 0x0
04-11 02:52:46.304 25312 25330 I native-activity: Frame 166 time is 0.412ms
04-11 02:52:46.304 25312 25330 I native-activity: Doing egl_swapbuffers_sync 2
04-11 02:52:46.309 25312 25330 I native-activity: Swap 166 time is 5.201ms
04-11 02:52:46.309 25312 25330 I native-activity: Animating
04-11 02:52:46.310 25312 25330 I native-activity: Frame 167 GL error is 0x0
04-11 02:52:46.310 25312 25330 I native-activity: Frame 167 time is 0.459ms
04-11 02:52:46.310 25312 25330 I native-activity: Doing egl_swapbuffers_sync 2
04-11 02:52:46.315 25312 25330 I native-activity: Swap 167 time is 5.101ms
04-11 02:52:46.315 25312 25330 I native-activity: Animating
04-11 02:52:46.315 25312 25330 I native-activity: Frame 168 GL error is 0x0
04-11 02:52:46.315 25312 25330 I native-activity: Frame 168 time is 0.409ms
04-11 02:52:46.315 25312 25330 I native-activity: Doing egl_swapbuffers_sync 2
04-11 02:52:46.320 25312 25330 I native-activity: Swap 168 time is 5.256ms
04-11 02:52:46.320 25312 25330 I native-activity: Animating
04-11 02:52:46.321 25312 25330 I native-activity: Frame 169 GL error is 0x0
04-11 02:52:46.321 25312 25330 I native-activity: Frame 169 time is 0.502ms
04-11 02:52:46.321 25312 25330 I native-activity: Doing egl_swapbuffers_sync 2
04-11 02:52:46.325 25312 25330 I native-activity: Swap 169 time is 5.116ms
04-11 02:52:46.325 25312 25330 I native-activity: Animating
04-11 02:52:46.326 25312 25330 I native-activity: Frame 170 GL error is 0x0
04-11 02:52:46.326 25312 25330 I native-activity: Frame 170 time is 0.578ms
04-11 02:52:46.326 25312 25330 I native-activity: Doing egl_swapbuffers_sync 2
04-11 02:52:46.331 25312 25330 I native-activity: Swap 170 time is 5.108ms
04-11 02:52:46.331 25312 25330 I native-activity: Animating
04-11 02:52:46.331 25312 25330 I native-activity: Frame 171 GL error is 0x0
04-11 02:52:46.331 25312 25330 I native-activity: Frame 171 time is 0.469ms
04-11 02:52:46.331 25312 25330 I native-activity: Doing egl_swapbuffers_sync 2
04-11 02:52:46.336 25312 25330 I native-activity: Swap 171 time is 5.269ms
04-11 02:52:46.336 25312 25330 I native-activity: Animating
04-11 02:52:46.337 25312 25330 I native-activity: Frame 172 GL error is 0x0
04-11 02:52:46.337 25312 25330 I native-activity: Frame 172 time is 0.548ms
04-11 02:52:46.337 25312 25330 I native-activity: Doing egl_swapbuffers_sync 2
04-11 02:52:46.341 25312 25330 I native-activity: Swap 172 time is 5.033ms
04-11 02:52:46.341 25312 25330 I native-activity: Animating
04-11 02:52:46.342 25312 25330 I native-activity: Frame 173 GL error is 0x0
04-11 02:52:46.342 25312 25330 I native-activity: Frame 173 time is 0.573ms
04-11 02:52:46.342 25312 25330 I native-activity: Doing egl_swapbuffers_sync 2
04-11 02:52:46.346 25312 25330 I native-activity: Swap 173 time is 5.090ms
04-11 02:52:46.347 25312 25330 I native-activity: Animating
04-11 02:52:46.347 25312 25330 I native-activity: Frame 174 GL error is 0x0
04-11 02:52:46.347 25312 25330 I native-activity: Frame 174 time is 0.439ms
04-11 02:52:46.347 25312 25330 I native-activity: Doing egl_swapbuffers_sync 2
04-11 02:52:46.352 25312 25330 I native-activity: Swap 174 time is 5.270ms
04-11 02:52:46.352 25312 25330 I native-activity: Animating
04-11 02:52:46.353 25312 25330 I native-activity: Frame 175 GL error is 0x0
04-11 02:52:46.353 25312 25330 I native-activity: Frame 175 time is 0.550ms
04-11 02:52:46.353 25312 25330 I native-activity: Doing egl_swapbuffers_sync 2
04-11 02:52:46.357 25312 25330 I native-activity: Swap 175 time is 5.065ms
04-11 02:52:46.357 25312 25330 I native-activity: Animating
04-11 02:52:46.358 25312 25330 I native-activity: Frame 176 GL error is 0x0
04-11 02:52:46.359 25312 25330 I native-activity: Frame 176 time is 1.504ms
04-11 02:52:46.359 25312 25330 I native-activity: Doing egl_swapbuffers_sync 2
04-11 02:52:46.363 25312 25330 I native-activity: Swap 176 time is 5.147ms
04-11 02:52:46.363 25312 25330 I native-activity: Animating
04-11 02:52:46.363 25312 25330 I native-activity: Frame 177 GL error is 0x0
04-11 02:52:46.363 25312 25330 I native-activity: Frame 177 time is 0.503ms
04-11 02:52:46.363 25312 25330 I native-activity: Doing egl_swapbuffers_sync 2
04-11 02:52:46.368 25312 25330 I native-activity: Swap 177 time is 5.479ms
04-11 02:52:46.368 25312 25330 I native-activity: Animating
04-11 02:52:46.369 25312 25330 I native-activity: Frame 178 GL error is 0x0
04-11 02:52:46.369 25312 25330 I native-activity: Frame 178 time is 0.551ms
04-11 02:52:46.369 25312 25330 I native-activity: Doing egl_swapbuffers_sync 2
04-11 02:52:46.374 25312 25330 I native-activity: Swap 178 time is 5.226ms
04-11 02:52:46.374 25312 25330 I native-activity: Animating
04-11 02:52:46.374 25312 25330 I native-activity: Frame 179 GL error is 0x0
04-11 02:52:46.374 25312 25330 I native-activity: Frame 179 time is 0.462ms
04-11 02:52:46.374 25312 25330 I native-activity: Doing egl_swapbuffers_sync 2
04-11 02:52:46.379 25312 25330 I native-activity: Swap 179 time is 5.286ms
04-11 02:52:46.379 25312 25330 I native-activity: Animating
04-11 02:52:46.380 25312 25330 I native-activity: Frame 180 GL error is 0x0
04-11 02:52:46.380 25312 25330 I native-activity: Frame 180 time is 0.470ms
04-11 02:52:46.380 25312 25330 I native-activity: Doing egl_swapbuffers_sync 2
04-11 02:52:46.385 25312 25330 I native-activity: Swap 180 time is 5.541ms
04-11 02:52:46.385 25312 25330 I native-activity: Animating
04-11 02:52:46.386 25312 25330 I native-activity: Frame 181 GL error is 0x0
04-11 02:52:46.386 25312 25330 I native-activity: Frame 181 time is 0.878ms
04-11 02:52:46.386 25312 25330 I native-activity: Doing egl_swapbuffers_sync 2
04-11 02:52:46.390 25312 25330 I native-activity: Swap 181 time is 5.019ms
04-11 02:52:46.390 25312 25330 I native-activity: Animating
04-11 02:52:46.391 25312 25330 I native-activity: Frame 182 GL error is 0x0
04-11 02:52:46.391 25312 25330 I native-activity: Frame 182 time is 0.475ms
04-11 02:52:46.391 25312 25330 I native-activity: Doing egl_swapbuffers_sync 2
04-11 02:52:46.395 25312 25330 I native-activity: Swap 182 time is 5.088ms
04-11 02:52:46.395 25312 25330 I native-activity: Animating
04-11 02:52:46.396 25312 25330 I native-activity: Frame 183 GL error is 0x0
04-11 02:52:46.396 25312 25330 I native-activity: Frame 183 time is 0.434ms
04-11 02:52:46.396 25312 25330 I native-activity: Doing egl_swapbuffers_sync 2
04-11 02:52:46.401 25312 25330 I native-activity: Swap 183 time is 5.181ms
04-11 02:52:46.401 25312 25330 I native-activity: Animating
04-11 02:52:46.401 25312 25330 I native-activity: Frame 184 GL error is 0x0
04-11 02:52:46.401 25312 25330 I native-activity: Frame 184 time is 0.421ms
04-11 02:52:46.401 25312 25330 I native-activity: Doing egl_swapbuffers_sync 2
04-11 02:52:46.406 25312 25330 I native-activity: Swap 184 time is 5.162ms
04-11 02:52:46.406 25312 25330 I native-activity: Animating
04-11 02:52:46.406 25312 25330 I native-activity: Frame 185 GL error is 0x0
04-11 02:52:46.406 25312 25330 I native-activity: Frame 185 time is 0.385ms
04-11 02:52:46.406 25312 25330 I native-activity: Doing egl_swapbuffers_sync 2
04-11 02:52:46.411 25312 25330 I native-activity: Swap 185 time is 5.168ms
04-11 02:52:46.411 25312 25330 I native-activity: Animating
04-11 02:52:46.412 25312 25330 I native-activity: Frame 186 GL error is 0x0
04-11 02:52:46.412 25312 25330 I native-activity: Frame 186 time is 0.427ms
04-11 02:52:46.412 25312 25330 I native-activity: Doing egl_swapbuffers_sync 2
04-11 02:52:46.417 25312 25330 I native-activity: Swap 186 time is 5.193ms
04-11 02:52:46.417 25312 25330 I native-activity: Animating
04-11 02:52:46.417 25312 25330 I native-activity: Frame 187 GL error is 0x0
04-11 02:52:46.417 25312 25330 I native-activity: Frame 187 time is 0.396ms
04-11 02:52:46.417 25312 25330 I native-activity: Doing egl_swapbuffers_sync 2
04-11 02:52:46.422 25312 25330 I native-activity: Swap 187 time is 5.121ms
04-11 02:52:46.422 25312 25330 I native-activity: Animating
04-11 02:52:46.422 25312 25330 I native-activity: Frame 188 GL error is 0x0
04-11 02:52:46.423 25312 25330 I native-activity: Frame 188 time is 0.816ms
04-11 02:52:46.423 25312 25330 I native-activity: Doing egl_swapbuffers_sync 2
04-11 02:52:46.427 25312 25330 I native-activity: Swap 188 time is 5.189ms
04-11 02:52:46.427 25312 25330 I native-activity: Animating
04-11 02:52:46.428 25312 25330 I native-activity: Frame 189 GL error is 0x0
04-11 02:52:46.428 25312 25330 I native-activity: Frame 189 time is 0.409ms
04-11 02:52:46.428 25312 25330 I native-activity: Doing egl_swapbuffers_sync 2
04-11 02:52:46.433 25312 25330 I native-activity: Swap 189 time is 5.257ms
04-11 02:52:46.433 25312 25330 I native-activity: Animating
04-11 02:52:46.433 25312 25330 I native-activity: Frame 190 GL error is 0x0
04-11 02:52:46.433 25312 25330 I native-activity: Frame 190 time is 0.566ms
04-11 02:52:46.433 25312 25330 I native-activity: Doing egl_swapbuffers_sync 2
04-11 02:52:46.438 25312 25330 I native-activity: Swap 190 time is 5.075ms
04-11 02:52:46.438 25312 25330 I native-activity: Animating
04-11 02:52:46.438 25312 25330 I native-activity: Frame 191 GL error is 0x0
04-11 02:52:46.438 25312 25330 I native-activity: Frame 191 time is 0.421ms
04-11 02:52:46.438 25312 25330 I native-activity: Doing egl_swapbuffers_sync 2
04-11 02:52:46.443 25312 25330 I native-activity: Swap 191 time is 5.181ms
04-11 02:52:46.443 25312 25330 I native-activity: Animating
04-11 02:52:46.444 25312 25330 I native-activity: Frame 192 GL error is 0x0
04-11 02:52:46.444 25312 25330 I native-activity: Frame 192 time is 0.408ms
04-11 02:52:46.444 25312 25330 I native-activity: Doing egl_swapbuffers_sync 2
04-11 02:52:46.449 25312 25330 I native-activity: Swap 192 time is 5.282ms
04-11 02:52:46.449 25312 25330 I native-activity: Animating
04-11 02:52:46.449 25312 25330 I native-activity: Frame 193 GL error is 0x0
04-11 02:52:46.450 25312 25330 I native-activity: Frame 193 time is 0.792ms
04-11 02:52:46.450 25312 25330 I native-activity: Doing egl_swapbuffers_sync 2
04-11 02:52:46.454 25312 25330 I native-activity: Swap 193 time is 5.203ms
04-11 02:52:46.454 25312 25330 I native-activity: Animating
04-11 02:52:46.454 25312 25330 I native-activity: Frame 194 GL error is 0x0
04-11 02:52:46.454 25312 25330 I native-activity: Frame 194 time is 0.422ms
04-11 02:52:46.455 25312 25330 I native-activity: Doing egl_swapbuffers_sync 2
04-11 02:52:46.459 25312 25330 I native-activity: Swap 194 time is 5.207ms
04-11 02:52:46.459 25312 25330 I native-activity: Animating
04-11 02:52:46.460 25312 25330 I native-activity: Frame 195 GL error is 0x0
04-11 02:52:46.460 25312 25330 I native-activity: Frame 195 time is 0.839ms
04-11 02:52:46.460 25312 25330 I native-activity: Doing egl_swapbuffers_sync 2
04-11 02:52:46.465 25312 25330 I native-activity: Swap 195 time is 5.245ms
04-11 02:52:46.465 25312 25330 I native-activity: Animating
04-11 02:52:46.465 25312 25330 I native-activity: Frame 196 GL error is 0x0
04-11 02:52:46.465 25312 25330 I native-activity: Frame 196 time is 0.573ms
04-11 02:52:46.465 25312 25330 I native-activity: Doing egl_swapbuffers_sync 2
04-11 02:52:46.470 25312 25330 I native-activity: Swap 196 time is 5.142ms
04-11 02:52:46.470 25312 25330 I native-activity: Animating
04-11 02:52:46.470 25312 25330 I native-activity: Frame 197 GL error is 0x0
04-11 02:52:46.471 25312 25330 I native-activity: Frame 197 time is 0.411ms
04-11 02:52:46.471 25312 25330 I native-activity: Doing egl_swapbuffers_sync 2
04-11 02:52:46.475 25312 25330 I native-activity: Swap 197 time is 5.111ms
04-11 02:52:46.475 25312 25330 I native-activity: Animating
04-11 02:52:46.476 25312 25330 I native-activity: Frame 198 GL error is 0x0
04-11 02:52:46.476 25312 25330 I native-activity: Frame 198 time is 0.428ms
04-11 02:52:46.476 25312 25330 I native-activity: Doing egl_swapbuffers_sync 2
04-11 02:52:46.481 25312 25330 I native-activity: Swap 198 time is 5.215ms
04-11 02:52:46.481 25312 25330 I native-activity: Animating
04-11 02:52:46.481 25312 25330 I native-activity: Frame 199 GL error is 0x0
04-11 02:52:46.481 25312 25330 I native-activity: Frame 199 time is 0.462ms
04-11 02:52:46.481 25312 25330 I native-activity: Doing egl_swapbuffers_sync 2
04-11 02:52:46.486 25312 25330 I native-activity: Swap 199 time is 5.249ms
04-11 02:52:46.486 25312 25330 I native-activity: Animating
04-11 02:52:46.487 25312 25330 I native-activity: Frame 200 GL error is 0x0
04-11 02:52:46.487 25312 25330 I native-activity: Frame 200 time is 0.593ms
04-11 02:52:46.487 25312 25330 I native-activity: Doing egl_swapbuffers_sync 2
04-11 02:52:46.491 25312 25330 I native-activity: Swap 200 time is 5.140ms
04-11 02:52:46.492 25312 25330 I native-activity: Animating
04-11 02:52:46.492 25312 25330 I native-activity: Frame 201 GL error is 0x0
04-11 02:52:46.492 25312 25330 I native-activity: Frame 201 time is 0.516ms
04-11 02:52:46.492 25312 25330 I native-activity: Doing egl_swapbuffers_sync 2
04-11 02:52:46.497 25312 25330 I native-activity: Swap 201 time is 5.156ms
04-11 02:52:46.497 25312 25330 I native-activity: Animating
04-11 02:52:46.497 25312 25330 I native-activity: Frame 202 GL error is 0x0
04-11 02:52:46.498 25312 25330 I native-activity: Frame 202 time is 0.607ms
04-11 02:52:46.498 25312 25330 I native-activity: Doing egl_swapbuffers_sync 2
04-11 02:52:46.502 25312 25330 I native-activity: Swap 202 time is 5.038ms
04-11 02:52:46.502 25312 25330 I native-activity: Animating
04-11 02:52:46.503 25312 25330 I native-activity: Frame 203 GL error is 0x0
04-11 02:52:46.503 25312 25330 I native-activity: Frame 203 time is 0.531ms
04-11 02:52:46.503 25312 25330 I native-activity: Doing egl_swapbuffers_sync 2
04-11 02:52:46.507 25312 25330 I native-activity: Swap 203 time is 5.165ms
04-11 02:52:46.507 25312 25330 I native-activity: Animating
04-11 02:52:46.508 25312 25330 I native-activity: Frame 204 GL error is 0x0
04-11 02:52:46.508 25312 25330 I native-activity: Frame 204 time is 0.643ms
04-11 02:52:46.508 25312 25330 I native-activity: Doing egl_swapbuffers_sync 2
04-11 02:52:46.513 25312 25330 I native-activity: Swap 204 time is 5.179ms
04-11 02:52:46.513 25312 25330 I native-activity: Animating
04-11 02:52:46.513 25312 25330 I native-activity: Frame 205 GL error is 0x0
04-11 02:52:46.514 25312 25330 I native-activity: Frame 205 time is 0.590ms
04-11 02:52:46.514 25312 25330 I native-activity: Doing egl_swapbuffers_sync 2
04-11 02:52:46.518 25312 25330 I native-activity: Swap 205 time is 5.087ms
04-11 02:52:46.518 25312 25330 I native-activity: Animating
04-11 02:52:46.519 25312 25330 I native-activity: Frame 206 GL error is 0x0
04-11 02:52:46.519 25312 25330 I native-activity: Frame 206 time is 0.674ms
04-11 02:52:46.519 25312 25330 I native-activity: Doing egl_swapbuffers_sync 2
04-11 02:52:46.523 25312 25330 I native-activity: Swap 206 time is 5.114ms
04-11 02:52:46.523 25312 25330 I native-activity: Animating
04-11 02:52:46.524 25312 25330 I native-activity: Frame 207 GL error is 0x0
04-11 02:52:46.524 25312 25330 I native-activity: Frame 207 time is 0.579ms
04-11 02:52:46.524 25312 25330 I native-activity: Doing egl_swapbuffers_sync 2
04-11 02:52:46.529 25312 25330 I native-activity: Swap 207 time is 5.189ms
04-11 02:52:46.529 25312 25330 I native-activity: Animating
04-11 02:52:46.529 25312 25330 I native-activity: Frame 208 GL error is 0x0
04-11 02:52:46.530 25312 25330 I native-activity: Frame 208 time is 0.591ms
04-11 02:52:46.530 25312 25330 I native-activity: Doing egl_swapbuffers_sync 2
04-11 02:52:46.534 25312 25330 I native-activity: Swap 208 time is 5.055ms
04-11 02:52:46.534 25312 25330 I native-activity: Animating
04-11 02:52:46.535 25312 25330 I native-activity: Frame 209 GL error is 0x0
04-11 02:52:46.535 25312 25330 I native-activity: Frame 209 time is 0.602ms
04-11 02:52:46.535 25312 25330 I native-activity: Doing egl_swapbuffers_sync 2
04-11 02:52:46.539 25312 25330 I native-activity: Swap 209 time is 5.120ms
04-11 02:52:46.539 25312 25330 I native-activity: Animating
04-11 02:52:46.540 25312 25330 I native-activity: Frame 210 GL error is 0x0
04-11 02:52:46.540 25312 25330 I native-activity: Frame 210 time is 0.551ms
04-11 02:52:46.540 25312 25330 I native-activity: Doing egl_swapbuffers_sync 2
04-11 02:52:46.545 25312 25330 I native-activity: Swap 210 time is 5.202ms
04-11 02:52:46.545 25312 25330 I native-activity: Animating
04-11 02:52:46.546 25312 25330 I native-activity: Frame 211 GL error is 0x0
04-11 02:52:46.546 25312 25330 I native-activity: Frame 211 time is 0.690ms
04-11 02:52:46.546 25312 25330 I native-activity: Doing egl_swapbuffers_sync 2
04-11 02:52:46.550 25312 25330 I native-activity: Swap 211 time is 5.082ms
04-11 02:52:46.550 25312 25330 I native-activity: Animating
04-11 02:52:46.551 25312 25330 I native-activity: Frame 212 GL error is 0x0
04-11 02:52:46.551 25312 25330 I native-activity: Frame 212 time is 0.594ms
04-11 02:52:46.551 25312 25330 I native-activity: Doing egl_swapbuffers_sync 2
04-11 02:52:46.555 25312 25330 I native-activity: Swap 212 time is 5.083ms
04-11 02:52:46.555 25312 25330 I native-activity: Animating
04-11 02:52:46.556 25312 25330 I native-activity: Frame 213 GL error is 0x0
04-11 02:52:46.556 25312 25330 I native-activity: Frame 213 time is 0.528ms
04-11 02:52:46.556 25312 25330 I native-activity: Doing egl_swapbuffers_sync 2
04-11 02:52:46.561 25312 25330 I native-activity: Swap 213 time is 5.106ms
04-11 02:52:46.561 25312 25330 I native-activity: Animating
04-11 02:52:46.561 25312 25330 I native-activity: Frame 214 GL error is 0x0
04-11 02:52:46.561 25312 25330 I native-activity: Frame 214 time is 0.508ms
04-11 02:52:46.561 25312 25330 I native-activity: Doing egl_swapbuffers_sync 2
04-11 02:52:46.566 25312 25330 I native-activity: Swap 214 time is 5.067ms
04-11 02:52:46.566 25312 25330 I native-activity: Animating
04-11 02:52:46.567 25312 25330 I native-activity: Frame 215 GL error is 0x0
04-11 02:52:46.567 25312 25330 I native-activity: Frame 215 time is 1.044ms
04-11 02:52:46.567 25312 25330 I native-activity: Doing egl_swapbuffers_sync 2
04-11 02:52:46.571 25312 25330 I native-activity: Swap 215 time is 5.132ms
04-11 02:52:46.571 25312 25330 I native-activity: Animating
04-11 02:52:46.572 25312 25330 I native-activity: Frame 216 GL error is 0x0
04-11 02:52:46.572 25312 25330 I native-activity: Frame 216 time is 0.582ms
04-11 02:52:46.572 25312 25330 I native-activity: Doing egl_swapbuffers_sync 2
04-11 02:52:46.577 25312 25330 I native-activity: Swap 216 time is 5.248ms
04-11 02:52:46.577 25312 25330 I native-activity: Animating
04-11 02:52:46.577 25312 25330 I native-activity: Frame 217 GL error is 0x0
04-11 02:52:46.577 25312 25330 I native-activity: Frame 217 time is 0.518ms
04-11 02:52:46.577 25312 25330 I native-activity: Doing egl_swapbuffers_sync 2
04-11 02:52:46.582 25312 25330 I native-activity: Swap 217 time is 5.002ms
04-11 02:52:46.582 25312 25330 I native-activity: Animating
04-11 02:52:46.583 25312 25330 I native-activity: Frame 218 GL error is 0x0
04-11 02:52:46.583 25312 25330 I native-activity: Frame 218 time is 0.605ms
04-11 02:52:46.583 25312 25330 I native-activity: Doing egl_swapbuffers_sync 2
04-11 02:52:46.587 25312 25330 I native-activity: Swap 218 time is 5.110ms
04-11 02:52:46.587 25312 25330 I native-activity: Animating
04-11 02:52:46.588 25312 25330 I native-activity: Frame 219 GL error is 0x0
04-11 02:52:46.588 25312 25330 I native-activity: Frame 219 time is 0.505ms
04-11 02:52:46.588 25312 25330 I native-activity: Doing egl_swapbuffers_sync 2
04-11 02:52:46.593 25312 25330 I native-activity: Swap 219 time is 5.184ms
04-11 02:52:46.593 25312 25330 I native-activity: Animating
04-11 02:52:46.594 25312 25330 I native-activity: Frame 220 GL error is 0x0
04-11 02:52:46.594 25312 25330 I native-activity: Frame 220 time is 0.799ms
04-11 02:52:46.594 25312 25330 I native-activity: Doing egl_swapbuffers_sync 2
04-11 02:52:46.598 25312 25330 I native-activity: Swap 220 time is 5.091ms
04-11 02:52:46.598 25312 25330 I native-activity: Animating
04-11 02:52:46.599 25312 25330 I native-activity: Frame 221 GL error is 0x0
04-11 02:52:46.599 25312 25330 I native-activity: Frame 221 time is 0.600ms
04-11 02:52:46.599 25312 25330 I native-activity: Doing egl_swapbuffers_sync 2
04-11 02:52:46.603 25312 25330 I native-activity: Swap 221 time is 5.087ms
04-11 02:52:46.603 25312 25330 I native-activity: Animating
04-11 02:52:46.604 25312 25330 I native-activity: Frame 222 GL error is 0x0
04-11 02:52:46.604 25312 25330 I native-activity: Frame 222 time is 0.592ms
04-11 02:52:46.604 25312 25330 I native-activity: Doing egl_swapbuffers_sync 2
04-11 02:52:46.609 25312 25330 I native-activity: Swap 222 time is 5.350ms
04-11 02:52:46.609 25312 25330 I native-activity: Animating
04-11 02:52:46.610 25312 25330 I native-activity: Frame 223 GL error is 0x0
04-11 02:52:46.610 25312 25330 I native-activity: Frame 223 time is 0.620ms
04-11 02:52:46.610 25312 25330 I native-activity: Doing egl_swapbuffers_sync 2
04-11 02:52:46.614 25312 25330 I native-activity: Swap 223 time is 4.999ms
04-11 02:52:46.614 25312 25330 I native-activity: Animating
04-11 02:52:46.615 25312 25330 I native-activity: Frame 224 GL error is 0x0
04-11 02:52:46.615 25312 25330 I native-activity: Frame 224 time is 0.709ms
04-11 02:52:46.615 25312 25330 I native-activity: Doing egl_swapbuffers_sync 2
04-11 02:52:46.619 25312 25330 I native-activity: Swap 224 time is 5.088ms
04-11 02:52:46.619 25312 25330 I native-activity: Animating
04-11 02:52:47.113 25312 25330 I native-activity: Frame 225 GL error is 0x501
04-11 02:52:47.113 25312 25330 I native-activity: Frame 225 time is 493.356ms
04-11 02:52:47.113 25312 25330 I native-activity: Doing egl_swapbuffers_sync 2
04-11 02:52:47.113 25312 25330 I native-activity: Swap 225 time is 493.769ms
04-11 02:52:47.113 25312 25330 I native-activity: Animating
04-11 02:52:47.115 25312 25330 I native-activity: Frame 226 GL error is 0x0
04-11 02:52:47.115 25312 25330 I native-activity: Frame 226 time is 1.068ms
04-11 02:52:47.106    93    93 I Kernel  : [310406.718908] (2)[93:irq/258-inv_irq]inv_mpu_iio: inv_read_fifo: Received Sensor Interrupt to read FIFO and Fifo_count is 6
04-11 02:52:47.115 25312 25330 I native-activity: Doing egl_swapbuffers_sync 2
04-11 02:52:47.115 25312 25330 I native-activity: Swap 226 time is 1.250ms
04-11 02:52:47.115 25312 25330 I native-activity: Animating
04-11 02:52:47.122 25312 25330 I native-activity: Frame 227 GL error is 0x0
04-11 02:52:47.122 25312 25330 I native-activity: Frame 227 time is 7.339ms
04-11 02:52:47.122 25312 25330 I native-activity: Doing egl_swapbuffers_sync 2
04-11 02:52:47.122 25312 25330 I native-activity: Swap 227 time is 7.503ms
04-11 02:52:47.122 25312 25330 I native-activity: Animating
04-11 02:52:47.123 25312 25330 I native-activity: Frame 228 GL error is 0x0
04-11 02:52:47.123 25312 25330 I native-activity: Frame 228 time is 1.161ms
04-11 02:52:47.123 25312 25330 I native-activity: Doing egl_swapbuffers_sync 2
04-11 02:52:47.124 25312 25330 I native-activity: Swap 228 time is 1.292ms
04-11 02:52:47.124 25312 25330 I native-activity: Animating
04-11 02:52:47.125 25312 25330 I native-activity: Frame 229 GL error is 0x0
04-11 02:52:47.125 25312 25330 I native-activity: Frame 229 time is 1.029ms
04-11 02:52:47.125 25312 25330 I native-activity: Doing egl_swapbuffers_sync 2
04-11 02:52:47.125 25312 25330 I native-activity: Swap 229 time is 1.156ms
04-11 02:52:47.125 25312 25330 I native-activity: Animating
04-11 02:52:47.126 25312 25330 I native-activity: Frame 230 GL error is 0x0
04-11 02:52:47.126 25312 25330 I native-activity: Frame 230 time is 1.344ms
04-11 02:52:47.126 25312 25330 I native-activity: Doing egl_swapbuffers_sync 2
04-11 02:52:47.130 25312 25330 I native-activity: Swap 230 time is 5.655ms
04-11 02:52:47.130 25312 25330 I native-activity: Animating
04-11 02:52:47.132 25312 25330 I native-activity: Frame 231 GL error is 0x0
04-11 02:52:47.132 25312 25330 I native-activity: Frame 231 time is 1.135ms
04-11 02:52:47.132 25312 25330 I native-activity: Doing egl_swapbuffers_sync 2
04-11 02:52:47.154 25312 25330 I native-activity: Swap 231 time is 23.592ms
04-11 02:52:47.154 25312 25330 I native-activity: Animating
04-11 02:52:47.367 25312 25330 I native-activity: Frame 232 GL error is 0x501
04-11 02:52:47.367 25312 25330 I native-activity: Frame 232 time is 212.596ms
04-11 02:52:47.367 25312 25330 I native-activity: Doing egl_swapbuffers_sync 2
04-11 02:52:47.367 25312 25330 I native-activity: Swap 232 time is 213.022ms
04-11 02:52:47.367 25312 25330 I native-activity: Animating
04-11 02:52:47.559 25312 25330 I native-activity: Frame 233 GL error is 0x501
04-11 02:52:47.559 25312 25330 I native-activity: Frame 233 time is 192.122ms
04-11 02:52:47.559 25312 25330 I native-activity: Doing egl_swapbuffers_sync 2
04-11 02:52:47.560 25312 25330 I native-activity: Swap 233 time is 192.531ms
04-11 02:52:47.560 25312 25330 I native-activity: Animating
04-11 02:52:47.561 25312 25330 I native-activity: Frame 234 GL error is 0x0
04-11 02:52:47.561 25312 25330 I native-activity: Frame 234 time is 1.294ms
04-11 02:52:47.561 25312 25330 I native-activity: Doing egl_swapbuffers_sync 2
04-11 02:52:47.561 25312 25330 I native-activity: Swap 234 time is 1.445ms
04-11 02:52:47.561 25312 25330 I native-activity: Animating
04-11 02:52:47.562 25312 25330 I native-activity: Frame 235 GL error is 0x0
04-11 02:52:47.562 25312 25330 I native-activity: Frame 235 time is 0.482ms
04-11 02:52:47.562 25312 25330 I native-activity: Doing egl_swapbuffers_sync 2
04-11 02:52:47.562 25312 25330 I native-activity: Swap 235 time is 0.600ms
04-11 02:52:47.562 25312 25330 I native-activity: Animating
04-11 02:52:47.562 25312 25330 I native-activity: Frame 236 GL error is 0x0
04-11 02:52:47.563 25312 25330 I native-activity: Frame 236 time is 0.454ms
04-11 02:52:47.563 25312 25330 I native-activity: Doing egl_swapbuffers_sync 2
04-11 02:52:47.563 25312 25330 I native-activity: Swap 236 time is 0.570ms
04-11 02:52:47.563 25312 25330 I native-activity: Animating
04-11 02:52:47.563 25312 25330 I native-activity: Frame 237 GL error is 0x0
04-11 02:52:47.563 25312 25330 I native-activity: Frame 237 time is 0.472ms
04-11 02:52:47.563 25312 25330 I native-activity: Doing egl_swapbuffers_sync 2
04-11 02:52:47.571 25312 25330 I native-activity: Swap 237 time is 8.805ms
04-11 02:52:47.571 25312 25330 I native-activity: Animating
04-11 02:52:47.572 25312 25330 I native-activity: Frame 238 GL error is 0x0
04-11 02:52:47.572 25312 25330 I native-activity: Frame 238 time is 0.505ms
04-11 02:52:47.572 25312 25330 I native-activity: Doing egl_swapbuffers_sync 2
04-11 02:52:47.582 25312 25330 I native-activity: Swap 238 time is 10.519ms
04-11 02:52:47.582 25312 25330 I native-activity: Animating
04-11 02:52:47.583 25312 25330 I native-activity: Frame 239 GL error is 0x0
04-11 02:52:47.584 25312 25330 I native-activity: Frame 239 time is 1.389ms
04-11 02:52:47.584 25312 25330 I native-activity: Doing egl_swapbuffers_sync 2
04-11 02:52:47.592 25312 25330 I native-activity: Swap 239 time is 10.293ms
04-11 02:52:47.593 25312 25330 I native-activity: Animating
04-11 02:52:47.666    93    93 I Kernel  : [310407.279385] (2)[93:irq/258-inv_irq]inv_mpu_iio: inv_push_8bytes_buffer: Received Accel Sensor Data at Driver Layer -484, 1716, -16412
04-11 02:52:47.879 25312 25330 I native-activity: Frame 240 GL error is 0x501
04-11 02:52:47.879 25312 25330 I native-activity: Frame 240 time is 286.568ms
04-11 02:52:47.879 25312 25330 I native-activity: Doing egl_swapbuffers_sync 2
04-11 02:52:47.879 25312 25330 I native-activity: Swap 240 time is 286.950ms
04-11 02:52:47.880 25312 25330 I native-activity: Animating
04-11 02:52:47.936    93    93 I Kernel  : [310407.550100] (2)[93:irq/258-inv_irq]inv_mpu_iio: inv_read_fifo: Received Sensor Interrupt to read FIFO and Fifo_count is 6
04-11 02:52:48.290 25312 25330 I native-activity: Frame 241 GL error is 0x501
04-11 02:52:48.290 25312 25330 I native-activity: Frame 241 time is 410.121ms
04-11 02:52:48.290 25312 25330 I native-activity: Doing egl_swapbuffers_sync 2
04-11 02:52:48.290 25312 25330 I native-activity: Swap 241 time is 410.311ms
04-11 02:52:48.290 25312 25330 I native-activity: Animating
04-11 02:52:48.303 25312 25330 I native-activity: Frame 242 GL error is 0x0
04-11 02:52:48.303 25312 25330 I native-activity: Frame 242 time is 12.787ms
04-11 02:52:48.303 25312 25330 I native-activity: Doing egl_swapbuffers_sync 2
04-11 02:52:48.303 25312 25330 I native-activity: Swap 242 time is 12.982ms
04-11 02:52:48.303 25312 25330 I native-activity: Animating
04-11 02:52:48.310 25312 25330 I native-activity: Frame 243 GL error is 0x0
04-11 02:52:48.310 25312 25330 I native-activity: Frame 243 time is 7.139ms
04-11 02:52:48.310 25312 25330 I native-activity: Doing egl_swapbuffers_sync 2
04-11 02:52:48.311 25312 25330 I native-activity: Swap 243 time is 7.328ms
04-11 02:52:48.311 25312 25330 I native-activity: Animating
04-11 02:52:48.315 25312 25330 I native-activity: Frame 244 GL error is 0x0
04-11 02:52:48.315 25312 25330 I native-activity: Frame 244 time is 4.312ms
04-11 02:52:48.315 25312 25330 I native-activity: Doing egl_swapbuffers_sync 2
04-11 02:52:48.315 25312 25330 I native-activity: Swap 244 time is 4.497ms
04-11 02:52:48.315 25312 25330 I native-activity: Animating
04-11 02:52:48.344 25312 25330 I native-activity: Frame 245 GL error is 0x0
04-11 02:52:48.344 25312 25330 I native-activity: Frame 245 time is 28.443ms
04-11 02:52:48.344 25312 25330 I native-activity: Doing egl_swapbuffers_sync 2
04-11 02:52:48.344 25312 25330 I native-activity: Swap 245 time is 28.649ms
04-11 02:52:48.344 25312 25330 I native-activity: Animating
04-11 02:52:48.402 25312 25330 I native-activity: Frame 246 GL error is 0x501
04-11 02:52:48.402 25312 25330 I native-activity: Frame 246 time is 58.469ms
04-11 02:52:48.402 25312 25330 I native-activity: Doing egl_swapbuffers_sync 2
04-11 02:52:48.403 25312 25330 I native-activity: Swap 246 time is 58.919ms
04-11 02:52:48.403 25312 25330 I native-activity: Animating
04-11 02:52:48.437 25312 25330 I native-activity: Frame 247 GL error is 0x501
04-11 02:52:48.437 25312 25330 I native-activity: Frame 247 time is 34.361ms
04-11 02:52:48.437 25312 25330 I native-activity: Doing egl_swapbuffers_sync 2
04-11 02:52:48.437 25312 25330 I native-activity: Swap 247 time is 34.523ms
04-11 02:52:48.437 25312 25330 I native-activity: Animating
04-11 02:52:48.442 25312 25330 I native-activity: Frame 248 GL error is 0x0
04-11 02:52:48.442 25312 25330 I native-activity: Frame 248 time is 5.007ms
04-11 02:52:48.442 25312 25330 I native-activity: Doing egl_swapbuffers_sync 2
04-11 02:52:48.443 25312 25330 I native-activity: Swap 248 time is 5.172ms
04-11 02:52:48.443 25312 25330 I native-activity: Animating
04-11 02:52:48.462 25312 25330 I native-activity: Frame 249 GL error is 0x501
04-11 02:52:48.462 25312 25330 I native-activity: Frame 249 time is 19.681ms
04-11 02:52:48.462 25312 25330 I native-activity: Doing egl_swapbuffers_sync 2
04-11 02:52:48.463 25312 25330 I native-activity: Swap 249 time is 19.865ms
04-11 02:52:48.463 25312 25330 I native-activity: Animating
04-11 02:52:48.472 25312 25330 I native-activity: Frame 250 GL error is 0x0
04-11 02:52:48.472 25312 25330 I native-activity: Frame 250 time is 9.349ms
04-11 02:52:48.472 25312 25330 I native-activity: Doing egl_swapbuffers_sync 2
04-11 02:52:48.472 25312 25330 I native-activity: Swap 250 time is 9.525ms
04-11 02:52:48.472 25312 25330 I native-activity: Animating
04-11 02:52:48.479 25312 25330 I native-activity: Frame 251 GL error is 0x0
04-11 02:52:48.479 25312 25330 I native-activity: Frame 251 time is 6.740ms
04-11 02:52:48.479 25312 25330 I native-activity: Doing egl_swapbuffers_sync 2
04-11 02:52:48.479 25312 25330 I native-activity: Swap 251 time is 6.918ms
04-11 02:52:48.479 25312 25330 I native-activity: Animating
04-11 02:52:48.492 25312 25330 I native-activity: Frame 252 GL error is 0x501
04-11 02:52:48.492 25312 25330 I native-activity: Frame 252 time is 13.322ms
04-11 02:52:48.492 25312 25330 I native-activity: Doing egl_swapbuffers_sync 2
04-11 02:52:48.493 25312 25330 I native-activity: Swap 252 time is 13.494ms
04-11 02:52:48.493 25312 25330 I native-activity: Animating
04-11 02:52:48.504 25312 25330 I native-activity: Frame 253 GL error is 0x0
04-11 02:52:48.504 25312 25330 I native-activity: Frame 253 time is 11.333ms
04-11 02:52:48.504 25312 25330 I native-activity: Doing egl_swapbuffers_sync 2
04-11 02:52:48.504 25312 25330 I native-activity: Swap 253 time is 11.545ms
04-11 02:52:48.504 25312 25330 I native-activity: Animating
04-11 02:52:48.510 25312 25330 I native-activity: Frame 254 GL error is 0x0
04-11 02:52:48.510 25312 25330 I native-activity: Frame 254 time is 5.822ms
04-11 02:52:48.510 25312 25330 I native-activity: Doing egl_swapbuffers_sync 2
04-11 02:52:48.519 25312 25330 I native-activity: Swap 254 time is 14.678ms
04-11 02:52:48.519 25312 25330 I native-activity: Animating
04-11 02:52:48.525 25312 25330 I native-activity: Frame 255 GL error is 0x0
04-11 02:52:48.525 25312 25330 I native-activity: Frame 255 time is 5.930ms
04-11 02:52:48.525 25312 25330 I native-activity: Doing egl_swapbuffers_sync 2
04-11 02:52:48.535 25312 25330 I native-activity: Swap 255 time is 15.729ms
04-11 02:52:48.535 25312 25330 I native-activity: Animating
04-11 02:52:48.542 25312 25330 I native-activity: Frame 256 GL error is 0x0
04-11 02:52:48.542 25312 25330 I native-activity: Frame 256 time is 7.021ms
04-11 02:52:48.542 25312 25330 I native-activity: Doing egl_swapbuffers_sync 2
04-11 02:52:48.551 25312 25330 I native-activity: Swap 256 time is 16.127ms
04-11 02:52:48.551 25312 25330 I native-activity: Animating
04-11 02:52:48.557 25312 25330 I native-activity: Frame 257 GL error is 0x0
04-11 02:52:48.557 25312 25330 I native-activity: Frame 257 time is 6.150ms
04-11 02:52:48.557 25312 25330 I native-activity: Doing egl_swapbuffers_sync 2
04-11 02:52:48.567   958  1731 I PackageRecencyUtils: Waiting for idle
04-11 02:52:48.567   958  1731 I Vlog    : package_recency:broadcast_notification:fgtracking=false;DV;1,key=time_in_queue;DV;1,Timer=5001.0;TI;1,unit=ms;DV;1:HI
04-11 02:52:48.568 25312 25330 I native-activity: Swap 257 time is 16.754ms
04-11 02:52:48.568 25312 25330 I native-activity: Animating
04-11 02:52:48.573   958  2822 D ActivityManager: single user service: com.amazon.kindle.cms
04-11 02:52:48.577 25312 25330 I native-activity: Frame 258 GL error is 0x0
04-11 02:52:48.577 25312 25330 I native-activity: Frame 258 time is 8.893ms
04-11 02:52:48.577 25312 25330 I native-activity: Doing egl_swapbuffers_sync 2
04-11 02:52:48.583   958  2822 D ActivityManager: app = com.amazon.kindle.cms, has single user service, setting process record.
04-11 02:52:48.586 25312 25330 I native-activity: Swap 258 time is 17.809ms
04-11 02:52:48.586 25312 25330 I native-activity: Animating
04-11 02:52:48.596 25312 25330 I native-activity: Context 0x546fd5a0 made current on surface 0x5446c960, error 0x3000
04-11 02:52:48.596 25312 25330 I native-activity: GL information
04-11 02:52:48.596 25312 25330 I native-activity: 	Renderer: PowerVR Rogue G6200
04-11 02:52:48.596 25312 25330 I native-activity: 	Vendor: Imagination Technologies
04-11 02:52:48.596 25312 25330 I native-activity: 	Version: OpenGL ES 3.1 build 1.4@3573678
04-11 02:52:48.596 25312 25330 I native-activity: 	Shading Language: OpenGL ES GLSL ES 3.10 build 1.4@3573678
04-11 02:52:48.596 25312 25330 I native-activity: 	Extensions: GL_EXT_debug_marker GL_EXT_blend_minmax GL_EXT_color_buffer_float GL_EXT_discard_framebuffer GL_EXT_draw_buffers GL_EXT_multi_draw_arrays GL_EXT_multisampled_render_to_texture GL_EXT_occlusion_query_boolean GL_EXT_read_format_bgra GL_EXT_robustness GL_EXT_separate_shader_objects GL_EXT_shader_framebuffer_fetch GL_EXT_shader_texture_lod GL_EXT_texture_filter_anisotropic GL_EXT_texture_format_BGRA8888 GL_EXT_texture_rg GL_EXT_texture_sRGB_decode GL_IMG_multisampled_render_to_texture GL_IMG_program_binary GL_IMG_read_format GL_IMG_shader_binary GL_IMG_texture_compression_pvrtc GL_IMG_texture_compression_pvrtc2 GL_IMG_texture_format_BGRA8888 GL_IMG_texture_npot GL_KHR_blend_equation_advanced GL_KHR_blend_equation_advanced_coherent GL_KHR_debug GL_OES_compressed_ETC1_RGB8_texture GL_OES_depth24 GL_OES_depth_texture GL_OES_EGL_image GL_OES_EGL_image_external GL_OES_EGL_sync GL_OES_element_index_uint GL_OES_fragment_precision_high GL_OES_get_program_binary GL_OES_mapbuffer GL_OES_packed_depth_stencil G
04-11 02:52:48.596 25312 25330 I native-activity: Context 0x546fd5a0 made current on surface 0x5446c960, error 0x3000
04-11 02:52:48.596 25312 25330 I native-activity: GL information
04-11 02:52:48.596 25312 25330 I native-activity: 	Renderer: PowerVR Rogue G6200
04-11 02:52:48.596 25312 25330 I native-activity: 	Vendor: Imagination Technologies
04-11 02:52:48.596 25312 25330 I native-activity: 	Version: OpenGL ES 3.1 build 1.4@3573678
04-11 02:52:48.596 25312 25330 I native-activity: 	Shading Language: OpenGL ES GLSL ES 3.10 build 1.4@3573678
04-11 02:52:48.596 25312 25330 I native-activity: 	Extensions: GL_EXT_debug_marker GL_EXT_blend_minmax GL_EXT_color_buffer_float GL_EXT_discard_framebuffer GL_EXT_draw_buffers GL_EXT_multi_draw_arrays GL_EXT_multisampled_render_to_texture GL_EXT_occlusion_query_boolean GL_EXT_read_format_bgra GL_EXT_robustness GL_EXT_separate_shader_objects GL_EXT_shader_framebuffer_fetch GL_EXT_shader_texture_lod GL_EXT_texture_filter_anisotropic GL_EXT_texture_format_BGRA8888 GL_EXT_texture_rg GL_EXT_texture_sRGB_decode GL_IMG_multisampled_render_to_texture GL_IMG_program_binary GL_IMG_read_format GL_IMG_shader_binary GL_IMG_texture_compression_pvrtc GL_IMG_texture_compression_pvrtc2 GL_IMG_texture_format_BGRA8888 GL_IMG_texture_npot GL_KHR_blend_equation_advanced GL_KHR_blend_equation_advanced_coherent GL_KHR_debug GL_OES_compressed_ETC1_RGB8_texture GL_OES_depth24 GL_OES_depth_texture GL_OES_EGL_image GL_OES_EGL_image_external GL_OES_EGL_sync GL_OES_element_index_uint GL_OES_fragment_precision_high GL_OES_get_program_binary GL_OES_mapbuffer GL_OES_packed_depth_stencil G
04-11 02:52:48.596 25312 25330 I native-activity: Frame 259 GL error is 0x501
04-11 02:52:48.596 25312 25330 I native-activity: Frame 259 time is 9.654ms
04-11 02:52:48.596 25312 25330 I native-activity: Doing egl_swapbuffers_sync 2
04-11 02:52:48.604 25312 25330 I native-activity: Swap 259 time is 17.715ms
04-11 02:52:48.604 25312 25330 I native-activity: Animating
04-11 02:52:48.619 25312 25330 I native-activity: Frame 260 GL error is 0x500
04-11 02:52:48.619 25312 25330 I native-activity: Frame 260 time is 15.501ms
04-11 02:52:48.619 25312 25330 I native-activity: Doing egl_swapbuffers_sync 2
04-11 02:52:48.623 25312 25330 I native-activity: Swap 260 time is 18.646ms
