04-11 02:51:25.162 24635 24653 I native-activity: Doing egl_swapbuffers_sync 2
04-11 02:51:25.166 24635 24653 I native-activity: Swap 264 time is 10.371ms
04-11 02:51:25.166 24635 24653 I native-activity: Animating
04-11 02:51:25.183 24635 24653 I native-activity: Frame 265 GL error is 0x0
04-11 02:51:25.183 24635 24653 I native-activity: Frame 265 time is 16.464ms
04-11 02:51:25.183 24635 24653 I native-activity: Doing egl_swapbuffers_sync 2
04-11 02:51:25.183 24635 24653 I native-activity: Swap 265 time is 16.652ms
04-11 02:51:25.183 24635 24653 I native-activity: Animating
04-11 02:51:25.191 24635 24653 I native-activity: Frame 266 GL error is 0x0
04-11 02:51:25.191 24635 24653 I native-activity: Frame 266 time is 8.611ms
04-11 02:51:25.191 24635 24653 I native-activity: Doing egl_swapbuffers_sync 2
04-11 02:51:25.192 24635 24653 I native-activity: Swap 266 time is 8.844ms
04-11 02:51:25.192 24635 24653 I native-activity: Animating
04-11 02:51:25.198 24635 24653 I native-activity: Frame 267 GL error is 0x0
04-11 02:51:25.198 24635 24653 I native-activity: Frame 267 time is 6.205ms
04-11 02:51:25.198 24635 24653 I native-activity: Doing egl_swapbuffers_sync 2
04-11 02:51:25.198 24635 24653 I native-activity: Swap 267 time is 6.407ms
04-11 02:51:25.198 24635 24653 I native-activity: Animating
04-11 02:51:25.206 24635 24653 I native-activity: Frame 268 GL error is 0x0
04-11 02:51:25.206 24635 24653 I native-activity: Frame 268 time is 7.519ms
04-11 02:51:25.206 24635 24653 I native-activity: Doing egl_swapbuffers_sync 2
04-11 02:51:25.208 24635 24653 I native-activity: Swap 268 time is 9.744ms
04-11 02:51:25.208 24635 24653 I native-activity: Animating
04-11 02:51:25.217 24635 24653 I native-activity: Frame 269 GL error is 0x0
04-11 02:51:25.217 24635 24653 I native-activity: Frame 269 time is 9.104ms
04-11 02:51:25.217 24635 24653 I native-activity: Doing egl_swapbuffers_sync 2
04-11 02:51:25.219 24635 24653 I native-activity: Swap 269 time is 10.518ms
04-11 02:51:25.219 24635 24653 I native-activity: Animating
04-11 02:51:25.227 24635 24653 I native-activity: Frame 270 GL error is 0x0
04-11 02:51:25.228 24635 24653 I native-activity: Frame 270 time is 8.900ms
04-11 02:51:25.228 24635 24653 I native-activity: Doing egl_swapbuffers_sync 2
04-11 02:51:25.229 24635 24653 I native-activity: Swap 270 time is 10.814ms
04-11 02:51:25.230 24635 24653 I native-activity: Animating
04-11 02:51:25.236 24635 24653 I native-activity: Frame 271 GL error is 0x0
04-11 02:51:25.236 24635 24653 I native-activity: Frame 271 time is 6.611ms
04-11 02:51:25.236 24635 24653 I native-activity: Doing egl_swapbuffers_sync 2
04-11 02:51:25.240 24635 24653 I native-activity: Swap 271 time is 10.529ms
04-11 02:51:25.240 24635 24653 I native-activity: Animating
04-11 02:51:25.247 24635 24653 I native-activity: Frame 272 GL error is 0x0
04-11 02:51:25.247 24635 24653 I native-activity: Frame 272 time is 6.677ms
04-11 02:51:25.247 24635 24653 I native-activity: Doing egl_swapbuffers_sync 2
04-11 02:51:25.251 24635 24653 I native-activity: Swap 272 time is 10.473ms
04-11 02:51:25.251 24635 24653 I native-activity: Animating
04-11 02:51:25.257 24635 24653 I native-activity: Frame 273 GL error is 0x0
04-11 02:51:25.257 24635 24653 I native-activity: Frame 273 time is 6.510ms
04-11 02:51:25.257 24635 24653 I native-activity: Doing egl_swapbuffers_sync 2
04-11 02:51:25.261 24635 24653 I native-activity: Swap 273 time is 10.542ms
04-11 02:51:25.261 24635 24653 I native-activity: Animating
04-11 02:51:25.284 24635 24653 I native-activity: Frame 274 GL error is 0x501
04-11 02:51:25.284 24635 24653 I native-activity: Frame 274 time is 22.418ms
04-11 02:51:25.284 24635 24653 I native-activity: Doing egl_swapbuffers_sync 2
04-11 02:51:25.284 24635 24653 I native-activity: Swap 274 time is 22.684ms
04-11 02:51:25.284 24635 24653 I native-activity: Animating
04-11 02:51:25.291 24635 24653 I native-activity: Frame 275 GL error is 0x0
04-11 02:51:25.291 24635 24653 I native-activity: Frame 275 time is 6.669ms
04-11 02:51:25.291 24635 24653 I native-activity: Doing egl_swapbuffers_sync 2
04-11 02:51:25.291 24635 24653 I native-activity: Swap 275 time is 6.842ms
04-11 02:51:25.291 24635 24653 I native-activity: Animating
04-11 02:51:25.297 24635 24653 I native-activity: Frame 276 GL error is 0x0
04-11 02:51:25.297 24635 24653 I native-activity: Frame 276 time is 5.717ms
04-11 02:51:25.297 24635 24653 I native-activity: Doing egl_swapbuffers_sync 2
04-11 02:51:25.297 24635 24653 I native-activity: Swap 276 time is 5.927ms
04-11 02:51:25.297 24635 24653 I native-activity: Animating
04-11 02:51:25.304 24635 24653 I native-activity: Frame 277 GL error is 0x0
04-11 02:51:25.304 24635 24653 I native-activity: Frame 277 time is 6.784ms
04-11 02:51:25.304 24635 24653 I native-activity: Doing egl_swapbuffers_sync 2
04-11 02:51:25.304 24635 24653 I native-activity: Swap 277 time is 7.041ms
04-11 02:51:25.304 24635 24653 I native-activity: Animating
04-11 02:51:25.311 24635 24653 I native-activity: Frame 278 GL error is 0x0
04-11 02:51:25.311 24635 24653 I native-activity: Frame 278 time is 6.933ms
04-11 02:51:25.311 24635 24653 I native-activity: Doing egl_swapbuffers_sync 2
04-11 02:51:25.315 24635 24653 I native-activity: Swap 278 time is 10.998ms
04-11 02:51:25.315 24635 24653 I native-activity: Animating
04-11 02:51:25.322 24635 24653 I native-activity: Frame 279 GL error is 0x0
04-11 02:51:25.322 24635 24653 I native-activity: Frame 279 time is 6.620ms
04-11 02:51:25.322 24635 24653 I native-activity: Doing egl_swapbuffers_sync 2
04-11 02:51:25.326 24635 24653 I native-activity: Swap 279 time is 10.537ms
04-11 02:51:25.326 24635 24653 I native-activity: Animating
04-11 02:51:25.332 24635 24653 I native-activity: Frame 280 GL error is 0x0
04-11 02:51:25.332 24635 24653 I native-activity: Frame 280 time is 6.602ms
04-11 02:51:25.332 24635 24653 I native-activity: Doing egl_swapbuffers_sync 2
04-11 02:51:25.337 24635 24653 I native-activity: Swap 280 time is 10.664ms
04-11 02:51:25.337 24635 24653 I native-activity: Animating
04-11 02:51:25.344 24635 24653 I native-activity: Frame 281 GL error is 0x0
04-11 02:51:25.344 24635 24653 I native-activity: Frame 281 time is 7.253ms
04-11 02:51:25.344 24635 24653 I native-activity: Doing egl_swapbuffers_sync 2
04-11 02:51:25.348 24635 24653 I native-activity: Swap 281 time is 11.390ms
04-11 02:51:25.348 24635 24653 I native-activity: Animating
04-11 02:51:25.354 24635 24653 I native-activity: Frame 282 GL error is 0x0
04-11 02:51:25.354 24635 24653 I native-activity: Frame 282 time is 6.208ms
04-11 02:51:25.354 24635 24653 I native-activity: Doing egl_swapbuffers_sync 2
04-11 02:51:25.358 24635 24653 I native-activity: Swap 282 time is 10.297ms
04-11 02:51:25.359 24635 24653 I native-activity: Animating
04-11 02:51:25.365 24635 24653 I native-activity: Frame 283 GL error is 0x0
04-11 02:51:25.365 24635 24653 I native-activity: Frame 283 time is 6.517ms
04-11 02:51:25.365 24635 24653 I native-activity: Doing egl_swapbuffers_sync 2
04-11 02:51:25.369 24635 24653 I native-activity: Swap 283 time is 10.515ms
04-11 02:51:25.369 24635 24653 I native-activity: Animating
04-11 02:51:25.376 24635 24653 I native-activity: Frame 284 GL error is 0x0
04-11 02:51:25.376 24635 24653 I native-activity: Frame 284 time is 6.374ms
04-11 02:51:25.376 24635 24653 I native-activity: Doing egl_swapbuffers_sync 2
04-11 02:51:25.380 24635 24653 I native-activity: Swap 284 time is 10.461ms
04-11 02:51:25.380 24635 24653 I native-activity: Animating
04-11 02:51:25.386 24635 24653 I native-activity: Frame 285 GL error is 0x0
04-11 02:51:25.386 24635 24653 I native-activity: Frame 285 time is 6.580ms
04-11 02:51:25.386 24635 24653 I native-activity: Doing egl_swapbuffers_sync 2
04-11 02:51:25.390 24635 24653 I native-activity: Swap 285 time is 10.499ms
04-11 02:51:25.390 24635 24653 I native-activity: Animating
04-11 02:51:25.397 24635 24653 I native-activity: Frame 286 GL error is 0x0
04-11 02:51:25.397 24635 24653 I native-activity: Frame 286 time is 6.429ms
04-11 02:51:25.397 24635 24653 I native-activity: Doing egl_swapbuffers_sync 2
04-11 02:51:25.401 24635 24653 I native-activity: Swap 286 time is 10.418ms
04-11 02:51:25.401 24635 24653 I native-activity: Animating
04-11 02:51:25.407 24635 24653 I native-activity: Frame 287 GL error is 0x0
04-11 02:51:25.407 24635 24653 I native-activity: Frame 287 time is 6.422ms
04-11 02:51:25.407 24635 24653 I native-activity: Doing egl_swapbuffers_sync 2
04-11 02:51:25.411 24635 24653 I native-activity: Swap 287 time is 10.466ms
04-11 02:51:25.411 24635 24653 I native-activity: Animating
04-11 02:51:25.419 24635 24653 I native-activity: Frame 288 GL error is 0x0
04-11 02:51:25.419 24635 24653 I native-activity: Frame 288 time is 7.085ms
04-11 02:51:25.419 24635 24653 I native-activity: Doing egl_swapbuffers_sync 2
04-11 02:51:25.422 24635 24653 I native-activity: Swap 288 time is 10.366ms
04-11 02:51:25.422 24635 24653 I native-activity: Animating
04-11 02:51:25.428 24635 24653 I native-activity: Frame 289 GL error is 0x0
04-11 02:51:25.428 24635 24653 I native-activity: Frame 289 time is 6.366ms
04-11 02:51:25.428 24635 24653 I native-activity: Doing egl_swapbuffers_sync 2
04-11 02:51:25.433 24635 24653 I native-activity: Swap 289 time is 10.762ms
04-11 02:51:25.433 24635 24653 I native-activity: Animating
04-11 02:51:25.439 24635 24653 I native-activity: Frame 290 GL error is 0x0
04-11 02:51:25.439 24635 24653 I native-activity: Frame 290 time is 6.420ms
04-11 02:51:25.439 24635 24653 I native-activity: Doing egl_swapbuffers_sync 2
04-11 02:51:25.443 24635 24653 I native-activity: Swap 290 time is 10.361ms
04-11 02:51:25.443 24635 24653 I native-activity: Animating
04-11 02:51:25.449 24635 24653 I native-activity: Frame 291 GL error is 0x0
04-11 02:51:25.449 24635 24653 I native-activity: Frame 291 time is 6.053ms
04-11 02:51:25.449 24635 24653 I native-activity: Doing egl_swapbuffers_sync 2
04-11 02:51:25.454 24635 24653 I native-activity: Swap 291 time is 10.556ms
04-11 02:51:25.454 24635 24653 I native-activity: Animating
04-11 02:51:25.460 24635 24653 I native-activity: Frame 292 GL error is 0x0
04-11 02:51:25.460 24635 24653 I native-activity: Frame 292 time is 5.863ms
04-11 02:51:25.460 24635 24653 I native-activity: Doing egl_swapbuffers_sync 2
04-11 02:51:25.464 24635 24653 I native-activity: Swap 292 time is 10.338ms
04-11 02:51:25.464 24635 24653 I native-activity: Animating
04-11 02:51:25.472 24635 24653 I native-activity: Frame 293 GL error is 0x0
04-11 02:51:25.472 24635 24653 I native-activity: Frame 293 time is 8.166ms
04-11 02:51:25.472 24635 24653 I native-activity: Doing egl_swapbuffers_sync 2
04-11 02:51:25.475 24635 24653 I native-activity: Swap 293 time is 10.388ms
04-11 02:51:25.475 24635 24653 I native-activity: Animating
04-11 02:51:25.481 24635 24653 I native-activity: Frame 294 GL error is 0x0
04-11 02:51:25.481 24635 24653 I native-activity: Frame 294 time is 6.157ms
04-11 02:51:25.481 24635 24653 I native-activity: Doing egl_swapbuffers_sync 2
04-11 02:51:25.485 24635 24653 I native-activity: Swap 294 time is 10.512ms
04-11 02:51:25.486 24635 24653 I native-activity: Animating
04-11 02:51:25.493 24635 24653 I native-activity: Frame 295 GL error is 0x0
04-11 02:51:25.493 24635 24653 I native-activity: Frame 295 time is 7.835ms
04-11 02:51:25.493 24635 24653 I native-activity: Doing egl_swapbuffers_sync 2
04-11 02:51:25.496 24635 24653 I native-activity: Swap 295 time is 10.175ms
04-11 02:51:25.496 24635 24653 I native-activity: Animating
04-11 02:51:25.502 24635 24653 I native-activity: Frame 296 GL error is 0x0
04-11 02:51:25.503 24635 24653 I native-activity: Frame 296 time is 6.645ms
04-11 02:51:25.503 24635 24653 I native-activity: Doing egl_swapbuffers_sync 2
04-11 02:51:25.506 24635 24653 I native-activity: Swap 296 time is 10.388ms
04-11 02:51:25.506 24635 24653 I native-activity: Animating
04-11 02:51:25.513 24635 24653 I native-activity: Frame 297 GL error is 0x0
04-11 02:51:25.513 24635 24653 I native-activity: Frame 297 time is 6.822ms
04-11 02:51:25.513 24635 24653 I native-activity: Doing egl_swapbuffers_sync 2
04-11 02:51:25.517 24635 24653 I native-activity: Swap 297 time is 10.358ms
04-11 02:51:25.517 24635 24653 I native-activity: Animating
04-11 02:51:25.524 24635 24653 I native-activity: Frame 298 GL error is 0x0
04-11 02:51:25.524 24635 24653 I native-activity: Frame 298 time is 6.808ms
04-11 02:51:25.524 24635 24653 I native-activity: Doing egl_swapbuffers_sync 2
04-11 02:51:25.527 24635 24653 I native-activity: Swap 298 time is 10.398ms
04-11 02:51:25.527 24635 24653 I native-activity: Animating
04-11 02:51:25.534 24635 24653 I native-activity: Frame 299 GL error is 0x0
04-11 02:51:25.534 24635 24653 I native-activity: Frame 299 time is 7.058ms
04-11 02:51:25.534 24635 24653 I native-activity: Doing egl_swapbuffers_sync 2
04-11 02:51:25.542 24635 24653 I native-activity: Swap 299 time is 14.702ms
04-11 02:51:25.542 24635 24653 I native-activity: Animating
04-11 02:51:25.547 24635 24653 I native-activity: Frame 300 GL error is 0x0
04-11 02:51:25.547 24635 24653 I native-activity: Frame 300 time is 4.445ms
04-11 02:51:25.547 24635 24653 I native-activity: Doing egl_swapbuffers_sync 2
04-11 02:51:25.548 24635 24653 I native-activity: Swap 300 time is 5.743ms
04-11 02:51:25.548 24635 24653 I native-activity: Animating
04-11 02:51:25.554 24635 24653 I native-activity: Frame 301 GL error is 0x0
04-11 02:51:25.554 24635 24653 I native-activity: Frame 301 time is 6.328ms
04-11 02:51:25.554 24635 24653 I native-activity: Doing egl_swapbuffers_sync 2
04-11 02:51:25.558 24635 24653 I native-activity: Swap 301 time is 10.554ms
04-11 02:51:25.559 24635 24653 I native-activity: Animating
04-11 02:51:25.565 24635 24653 I native-activity: Frame 302 GL error is 0x0
04-11 02:51:25.565 24635 24653 I native-activity: Frame 302 time is 5.996ms
04-11 02:51:25.565 24635 24653 I native-activity: Doing egl_swapbuffers_sync 2
04-11 02:51:25.569 24635 24653 I native-activity: Swap 302 time is 10.327ms
04-11 02:51:25.569 24635 24653 I native-activity: Animating
04-11 02:51:25.556    93    93 I Kernel  : [310325.173026] (3)[93:irq/258-inv_irq]inv_mpu_iio: inv_read_fifo: Received Sensor Interrupt to read FIFO and Fifo_count is 6
04-11 02:51:25.576 24635 24653 I native-activity: Frame 303 GL error is 0x0
04-11 02:51:25.576 24635 24653 I native-activity: Frame 303 time is 7.075ms
04-11 02:51:25.576 24635 24653 I native-activity: Doing egl_swapbuffers_sync 2
04-11 02:51:25.579 24635 24653 I native-activity: Swap 303 time is 10.476ms
04-11 02:51:25.580 24635 24653 I native-activity: Animating
04-11 02:51:25.585 24635 24653 I native-activity: Frame 304 GL error is 0x0
04-11 02:51:25.585 24635 24653 I native-activity: Frame 304 time is 5.862ms
04-11 02:51:25.585 24635 24653 I native-activity: Doing egl_swapbuffers_sync 2
04-11 02:51:25.590 24635 24653 I native-activity: Swap 304 time is 10.344ms
04-11 02:51:25.590 24635 24653 I native-activity: Animating
04-11 02:51:25.596 24635 24653 I native-activity: Frame 305 GL error is 0x0
04-11 02:51:25.597 24635 24653 I native-activity: Frame 305 time is 6.520ms
04-11 02:51:25.597 24635 24653 I native-activity: Doing egl_swapbuffers_sync 2
04-11 02:51:25.601 24635 24653 I native-activity: Swap 305 time is 10.512ms
04-11 02:51:25.601 24635 24653 I native-activity: Animating
04-11 02:51:25.607 24635 24653 I native-activity: Frame 306 GL error is 0x0
04-11 02:51:25.607 24635 24653 I native-activity: Frame 306 time is 6.387ms
04-11 02:51:25.607 24635 24653 I native-activity: Doing egl_swapbuffers_sync 2
04-11 02:51:25.611 24635 24653 I native-activity: Swap 306 time is 10.573ms
04-11 02:51:25.611 24635 24653 I native-activity: Animating
04-11 02:51:25.617 24635 24653 I native-activity: Frame 307 GL error is 0x0
04-11 02:51:25.617 24635 24653 I native-activity: Frame 307 time is 6.080ms
04-11 02:51:25.617 24635 24653 I native-activity: Doing egl_swapbuffers_sync 2
04-11 02:51:25.622 24635 24653 I native-activity: Swap 307 time is 10.534ms
04-11 02:51:25.622 24635 24653 I native-activity: Animating
04-11 02:51:25.628 24635 24653 I native-activity: Frame 308 GL error is 0x0
04-11 02:51:25.628 24635 24653 I native-activity: Frame 308 time is 5.907ms
04-11 02:51:25.628 24635 24653 I native-activity: Doing egl_swapbuffers_sync 2
04-11 02:51:25.632 24635 24653 I native-activity: Swap 308 time is 10.422ms
04-11 02:51:25.632 24635 24653 I native-activity: Animating
04-11 02:51:25.639 24635 24653 I native-activity: Frame 309 GL error is 0x0
04-11 02:51:25.639 24635 24653 I native-activity: Frame 309 time is 6.358ms
04-11 02:51:25.639 24635 24653 I native-activity: Doing egl_swapbuffers_sync 2
04-11 02:51:25.643 24635 24653 I native-activity: Swap 309 time is 10.529ms
04-11 02:51:25.643 24635 24653 I native-activity: Animating
04-11 02:51:25.650 24635 24653 I native-activity: Frame 310 GL error is 0x0
04-11 02:51:25.651 24635 24653 I native-activity: Frame 310 time is 7.521ms
04-11 02:51:25.651 24635 24653 I native-activity: Doing egl_swapbuffers_sync 2
04-11 02:51:25.654 24635 24653 I native-activity: Swap 310 time is 10.998ms
04-11 02:51:25.654 24635 24653 I native-activity: Animating
04-11 02:51:25.725   958  1731 I PackageRecencyUtils: Waiting for idle
04-11 02:51:25.726   958  1731 I Vlog    : package_recency:broadcast_notification:fgtracking=false;DV;1,key=time_in_queue;DV;1,Timer=5001.0;TI;1,unit=ms;DV;1:HI
04-11 02:51:25.736   958  1662 D ActivityManager: single user service: com.amazon.kindle.cms
04-11 02:51:25.753   958  1662 D ActivityManager: app = com.amazon.kindle.cms, has single user service, setting process record.
04-11 02:51:25.812 24635 24653 I native-activity: Frame 311 GL error is 0x501
04-11 02:51:25.812 24635 24653 I native-activity: Frame 311 time is 157.821ms
04-11 02:51:25.812 24635 24653 I native-activity: Doing egl_swapbuffers_sync 2
04-11 02:51:25.812 24635 24653 I native-activity: Swap 311 time is 158.153ms
04-11 02:51:25.813 24635 24653 I native-activity: Animating
04-11 02:51:25.826 24635 24653 I native-activity: Frame 312 GL error is 0x0
04-11 02:51:25.826 24635 24653 I native-activity: Frame 312 time is 13.765ms
04-11 02:51:25.826 24635 24653 I native-activity: Doing egl_swapbuffers_sync 2
04-11 02:51:25.827 24635 24653 I native-activity: Swap 312 time is 14.039ms
04-11 02:51:25.827 24635 24653 I native-activity: Animating
04-11 02:51:25.835 24635 24653 I native-activity: Frame 313 GL error is 0x0
04-11 02:51:25.835 24635 24653 I native-activity: Frame 313 time is 8.771ms
04-11 02:51:25.835 24635 24653 I native-activity: Doing egl_swapbuffers_sync 2
04-11 02:51:25.836 24635 24653 I native-activity: Swap 313 time is 8.973ms
04-11 02:51:25.836 24635 24653 I native-activity: Animating
04-11 02:51:25.842 24635 24653 I native-activity: Frame 314 GL error is 0x0
04-11 02:51:25.842 24635 24653 I native-activity: Frame 314 time is 6.485ms
04-11 02:51:25.842 24635 24653 I native-activity: Doing egl_swapbuffers_sync 2
04-11 02:51:25.842 24635 24653 I native-activity: Swap 314 time is 6.728ms
04-11 02:51:25.843 24635 24653 I native-activity: Animating
04-11 02:51:25.869 24635 24653 I native-activity: Frame 315 GL error is 0x501
04-11 02:51:25.869 24635 24653 I native-activity: Frame 315 time is 26.231ms
04-11 02:51:25.869 24635 24653 I native-activity: Doing egl_swapbuffers_sync 2
04-11 02:51:25.869 24635 24653 I native-activity: Swap 315 time is 26.451ms
04-11 02:51:25.869 24635 24653 I native-activity: Animating
04-11 02:51:25.878 24635 24653 I native-activity: Frame 316 GL error is 0x0
04-11 02:51:25.878 24635 24653 I native-activity: Frame 316 time is 9.400ms
04-11 02:51:25.878 24635 24653 I native-activity: Doing egl_swapbuffers_sync 2
04-11 02:51:25.879 24635 24653 I native-activity: Swap 316 time is 9.595ms
04-11 02:51:25.879 24635 24653 I native-activity: Animating
04-11 02:51:25.894 24635 24653 I native-activity: Frame 317 GL error is 0x0
04-11 02:51:25.894 24635 24653 I native-activity: Frame 317 time is 15.528ms
04-11 02:51:25.894 24635 24653 I native-activity: Doing egl_swapbuffers_sync 2
04-11 02:51:25.895 24635 24653 I native-activity: Swap 317 time is 15.784ms
04-11 02:51:25.895 24635 24653 I native-activity: Animating
04-11 02:51:25.900 24635 24653 I native-activity: Frame 318 GL error is 0x0
04-11 02:51:25.900 24635 24653 I native-activity: Frame 318 time is 5.832ms
04-11 02:51:25.900 24635 24653 I native-activity: Doing egl_swapbuffers_sync 2
04-11 02:51:25.901 24635 24653 I native-activity: Swap 318 time is 6.034ms
04-11 02:51:25.901 24635 24653 I native-activity: Animating
04-11 02:51:25.906 24635 24653 I native-activity: Frame 319 GL error is 0x0
04-11 02:51:25.906 24635 24653 I native-activity: Frame 319 time is 5.418ms
04-11 02:51:25.906 24635 24653 I native-activity: Doing egl_swapbuffers_sync 2
04-11 02:51:25.906 24635 24653 I native-activity: Swap 319 time is 5.629ms
04-11 02:51:25.906 24635 24653 I native-activity: Animating
04-11 02:51:25.913 24635 24653 I native-activity: Frame 320 GL error is 0x0
04-11 02:51:25.913 24635 24653 I native-activity: Frame 320 time is 6.788ms
04-11 02:51:25.913 24635 24653 I native-activity: Doing egl_swapbuffers_sync 2
04-11 02:51:25.913 24635 24653 I native-activity: Swap 320 time is 6.979ms
04-11 02:51:25.913 24635 24653 I native-activity: Animating
04-11 02:51:25.924 24635 24653 I native-activity: Frame 321 GL error is 0x0
04-11 02:51:25.924 24635 24653 I native-activity: Frame 321 time is 10.826ms
04-11 02:51:25.924 24635 24653 I native-activity: Doing egl_swapbuffers_sync 2
04-11 02:51:25.925 24635 24653 I native-activity: Swap 321 time is 11.112ms
04-11 02:51:25.925 24635 24653 I native-activity: Animating
04-11 02:51:25.930 24635 24653 I native-activity: Frame 322 GL error is 0x0
04-11 02:51:25.930 24635 24653 I native-activity: Frame 322 time is 5.312ms
04-11 02:51:25.930 24635 24653 I native-activity: Doing egl_swapbuffers_sync 2
04-11 02:51:25.930 24635 24653 I native-activity: Swap 322 time is 5.573ms
04-11 02:51:25.930 24635 24653 I native-activity: Animating
04-11 02:51:25.936 24635 24653 I native-activity: Frame 323 GL error is 0x0
04-11 02:51:25.936 24635 24653 I native-activity: Frame 323 time is 5.443ms
04-11 02:51:25.936 24635 24653 I native-activity: Doing egl_swapbuffers_sync 2
04-11 02:51:25.936 24635 24653 I native-activity: Swap 323 time is 5.640ms
04-11 02:51:25.936 24635 24653 I native-activity: Animating
04-11 02:51:25.942 24635 24653 I native-activity: Frame 324 GL error is 0x0
04-11 02:51:25.942 24635 24653 I native-activity: Frame 324 time is 5.856ms
04-11 02:51:25.942 24635 24653 I native-activity: Doing egl_swapbuffers_sync 2
04-11 02:51:25.942 24635 24653 I native-activity: Swap 324 time is 6.096ms
04-11 02:51:25.942 24635 24653 I native-activity: Animating
04-11 02:51:25.949 24635 24653 I native-activity: Frame 325 GL error is 0x0
04-11 02:51:25.949 24635 24653 I native-activity: Frame 325 time is 6.715ms
04-11 02:51:25.949 24635 24653 I native-activity: Doing egl_swapbuffers_sync 2
04-11 02:51:25.960 24635 24653 I native-activity: Swap 325 time is 17.404ms
04-11 02:51:25.960 24635 24653 I native-activity: Animating
04-11 02:51:25.965 24635 24653 I native-activity: Frame 326 GL error is 0x0
04-11 02:51:25.965 24635 24653 I native-activity: Frame 326 time is 5.292ms
04-11 02:51:25.965 24635 24653 I native-activity: Doing egl_swapbuffers_sync 2
04-11 02:51:25.965 24635 24653 I native-activity: Swap 326 time is 5.776ms
04-11 02:51:25.965 24635 24653 I native-activity: Animating
04-11 02:51:25.972 24635 24653 I native-activity: Frame 327 GL error is 0x0
04-11 02:51:25.972 24635 24653 I native-activity: Frame 327 time is 6.931ms
04-11 02:51:25.972 24635 24653 I native-activity: Doing egl_swapbuffers_sync 2
04-11 02:51:25.974 24635 24653 I native-activity: Swap 327 time is 8.970ms
04-11 02:51:25.975 24635 24653 I native-activity: Animating
04-11 02:51:25.981 24635 24653 I native-activity: Frame 328 GL error is 0x0
04-11 02:51:25.981 24635 24653 I native-activity: Frame 328 time is 6.401ms
04-11 02:51:25.981 24635 24653 I native-activity: Doing egl_swapbuffers_sync 2
04-11 02:51:25.986 24635 24653 I native-activity: Swap 328 time is 11.002ms
04-11 02:51:25.986 24635 24653 I native-activity: Animating
04-11 02:51:25.992 24635 24653 I native-activity: Frame 329 GL error is 0x0
04-11 02:51:25.992 24635 24653 I native-activity: Frame 329 time is 6.498ms
04-11 02:51:25.992 24635 24653 I native-activity: Doing egl_swapbuffers_sync 2
04-11 02:51:25.997 24635 24653 I native-activity: Swap 329 time is 11.215ms
04-11 02:51:25.997 24635 24653 I native-activity: Animating
04-11 02:51:26.006 24635 24653 I native-activity: Frame 330 GL error is 0x0
04-11 02:51:26.006 24635 24653 I native-activity: Frame 330 time is 9.186ms
04-11 02:51:26.006 24635 24653 I native-activity: Doing egl_swapbuffers_sync 2
04-11 02:51:26.008 24635 24653 I native-activity: Swap 330 time is 10.505ms
04-11 02:51:26.008 24635 24653 I native-activity: Animating
04-11 02:51:26.016 24635 24653 I native-activity: Frame 331 GL error is 0x0
04-11 02:51:26.016 24635 24653 I native-activity: Frame 331 time is 7.764ms
04-11 02:51:26.016 24635 24653 I native-activity: Doing egl_swapbuffers_sync 2
04-11 02:51:26.019 24635 24653 I native-activity: Swap 331 time is 10.743ms
04-11 02:51:26.019 24635 24653 I native-activity: Animating
04-11 02:51:26.025 24635 24653 I native-activity: Frame 332 GL error is 0x0
04-11 02:51:26.025 24635 24653 I native-activity: Frame 332 time is 6.448ms
04-11 02:51:26.025 24635 24653 I native-activity: Doing egl_swapbuffers_sync 2
04-11 02:51:26.030 24635 24653 I native-activity: Swap 332 time is 10.956ms
04-11 02:51:26.030 24635 24653 I native-activity: Animating
04-11 02:51:26.036 24635 24653 I native-activity: Frame 333 GL error is 0x0
04-11 02:51:26.036 24635 24653 I native-activity: Frame 333 time is 6.577ms
04-11 02:51:26.036 24635 24653 I native-activity: Doing egl_swapbuffers_sync 2
04-11 02:51:26.041 24635 24653 I native-activity: Swap 333 time is 10.994ms
04-11 02:51:26.041 24635 24653 I native-activity: Animating
04-11 02:51:26.048 24635 24653 I native-activity: Frame 334 GL error is 0x0
04-11 02:51:26.048 24635 24653 I native-activity: Frame 334 time is 7.094ms
04-11 02:51:26.048 24635 24653 I native-activity: Doing egl_swapbuffers_sync 2
04-11 02:51:26.052 24635 24653 I native-activity: Swap 334 time is 11.196ms
04-11 02:51:26.052 24635 24653 I native-activity: Animating
04-11 02:51:26.059 24635 24653 I native-activity: Frame 335 GL error is 0x0
04-11 02:51:26.059 24635 24653 I native-activity: Frame 335 time is 7.132ms
04-11 02:51:26.059 24635 24653 I native-activity: Doing egl_swapbuffers_sync 2
04-11 02:51:26.064 24635 24653 I native-activity: Swap 335 time is 11.525ms
04-11 02:51:26.064 24635 24653 I native-activity: Animating
04-11 02:51:26.070 24635 24653 I native-activity: Frame 336 GL error is 0x0
04-11 02:51:26.070 24635 24653 I native-activity: Frame 336 time is 6.415ms
04-11 02:51:26.070 24635 24653 I native-activity: Doing egl_swapbuffers_sync 2
04-11 02:51:26.075 24635 24653 I native-activity: Swap 336 time is 10.928ms
04-11 02:51:26.075 24635 24653 I native-activity: Animating
04-11 02:51:26.082 24635 24653 I native-activity: Frame 337 GL error is 0x0
04-11 02:51:26.082 24635 24653 I native-activity: Frame 337 time is 6.856ms
04-11 02:51:26.082 24635 24653 I native-activity: Doing egl_swapbuffers_sync 2
04-11 02:51:26.086 24635 24653 I native-activity: Swap 337 time is 11.394ms
04-11 02:51:26.086 24635 24653 I native-activity: Animating
04-11 02:51:26.091   958   974 D WifiService: acquireWifiLockLocked: WifiLock{com.amazon.dcp.framework.iuc.ConnectionEstablisherWithConnectivityEnforcement type=1 binder=android.os.BinderProxy@354d7cb6}
04-11 02:51:26.093 24635 24653 I native-activity: Frame 338 GL error is 0x0
04-11 02:51:26.093 24635 24653 I native-activity: Frame 338 time is 6.870ms
04-11 02:51:26.093 24635 24653 I native-activity: Doing egl_swapbuffers_sync 2
04-11 02:51:26.098 24635 24653 I native-activity: Swap 338 time is 11.246ms
04-11 02:51:26.098 24635 24653 I native-activity: Animating
04-11 02:51:26.104 24635 24653 I native-activity: Frame 339 GL error is 0x0
04-11 02:51:26.104 24635 24653 I native-activity: Frame 339 time is 6.329ms
04-11 02:51:26.104 24635 24653 I native-activity: Doing egl_swapbuffers_sync 2
04-11 02:51:26.109 24635 24653 I native-activity: Swap 339 time is 10.857ms
04-11 02:51:26.109 24635 24653 I native-activity: Animating
04-11 02:51:26.115 24635 24653 I native-activity: Frame 340 GL error is 0x0
04-11 02:51:26.115 24635 24653 I native-activity: Frame 340 time is 6.247ms
04-11 02:51:26.115 24635 24653 I native-activity: Doing egl_swapbuffers_sync 2
04-11 02:51:26.119 24635 24653 I native-activity: Swap 340 time is 10.841ms
04-11 02:51:26.120 24635 24653 I native-activity: Animating
04-11 02:51:26.126 24635 24653 I native-activity: Frame 341 GL error is 0x0
04-11 02:51:26.126 24635 24653 I native-activity: Frame 341 time is 6.443ms
04-11 02:51:26.126 24635 24653 I native-activity: Doing egl_swapbuffers_sync 2
04-11 02:51:26.131 24635 24653 I native-activity: Swap 341 time is 10.964ms
04-11 02:51:26.131 24635 24653 I native-activity: Animating
04-11 02:51:26.138 24635 24653 I native-activity: Frame 342 GL error is 0x0
04-11 02:51:26.138 24635 24653 I native-activity: Frame 342 time is 7.571ms
04-11 02:51:26.138 24635 24653 I native-activity: Doing egl_swapbuffers_sync 2
04-11 02:51:26.142 24635 24653 I native-activity: Swap 342 time is 11.418ms
04-11 02:51:26.142 24635 24653 I native-activity: Animating
04-11 02:51:26.150 24635 24653 I native-activity: Frame 343 GL error is 0x0
04-11 02:51:26.150 24635 24653 I native-activity: Frame 343 time is 7.936ms
04-11 02:51:26.150 24635 24653 I native-activity: Doing egl_swapbuffers_sync 2
04-11 02:51:26.153   958  1235 D ActivityManager: single user service: com.amazon.imp
04-11 02:51:26.154 24635 24653 I native-activity: Swap 343 time is 11.514ms
04-11 02:51:26.154   958  1235 D ActivityManager: app = com.amazon.imp, has single user service, setting process record.
04-11 02:51:26.154 24635 24653 I native-activity: Animating
04-11 02:51:26.162 24635 24653 I native-activity: Frame 344 GL error is 0x0
04-11 02:51:26.162 24635 24653 I native-activity: Frame 344 time is 7.709ms
04-11 02:51:26.162 24635 24653 I native-activity: Doing egl_swapbuffers_sync 2
04-11 02:51:26.166 24635 24653 I native-activity: Swap 344 time is 12.150ms
04-11 02:51:26.166 24635 24653 I native-activity: Animating
04-11 02:51:26.174 24635 24653 I native-activity: Frame 345 GL error is 0x0
04-11 02:51:26.174 24635 24653 I native-activity: Frame 345 time is 8.233ms
04-11 02:51:26.174 24635 24653 I native-activity: Doing egl_swapbuffers_sync 2
04-11 02:51:26.179 24635 24653 I native-activity: Swap 345 time is 12.349ms
04-11 02:51:26.179 24635 24653 I native-activity: Animating
04-11 02:51:26.187 24635 24653 I native-activity: Frame 346 GL error is 0x0
04-11 02:51:26.187 24635 24653 I native-activity: Frame 346 time is 8.069ms
04-11 02:51:26.187 24635 24653 I native-activity: Doing egl_swapbuffers_sync 2
04-11 02:51:26.188   958   972 I art     : Background sticky concurrent mark sweep GC freed 36860(1752KB) AllocSpace objects, 7(112KB) LOS objects, 6% free, 27MB/29MB, paused 1.581ms total 107.653ms
04-11 02:51:26.191 24635 24653 I native-activity: Swap 346 time is 12.486ms
04-11 02:51:26.191 24635 24653 I native-activity: Animating
04-11 02:51:26.204   958  2815 D ActivityManager: single user service: com.amazon.kindle.cms
04-11 02:51:26.207   958  2815 D ActivityManager: app = com.amazon.kindle.cms, has single user service, setting process record.
04-11 02:51:26.213 24635 24653 I native-activity: Frame 347 GL error is 0x0
04-11 02:51:26.214 24635 24653 I native-activity: Frame 347 time is 22.247ms
04-11 02:51:26.214 24635 24653 I native-activity: Doing egl_swapbuffers_sync 2
04-11 02:51:26.214 24635 24653 I native-activity: Swap 347 time is 22.507ms
04-11 02:51:26.214 24635 24653 I native-activity: Animating
04-11 02:51:26.220 24635 24653 I native-activity: Frame 348 GL error is 0x0
04-11 02:51:26.220 24635 24653 I native-activity: Frame 348 time is 6.581ms
04-11 02:51:26.220 24635 24653 I native-activity: Doing egl_swapbuffers_sync 2
04-11 02:51:26.221 24635 24653 I native-activity: Swap 348 time is 6.836ms
04-11 02:51:26.221 24635 24653 I native-activity: Animating
04-11 02:51:26.226 24635 24653 I native-activity: Frame 349 GL error is 0x0
04-11 02:51:26.226 24635 24653 I native-activity: Frame 349 time is 5.085ms
04-11 02:51:26.226 24635 24653 I native-activity: Doing egl_swapbuffers_sync 2
04-11 02:51:26.228 24635 24653 I native-activity: Swap 349 time is 6.904ms
04-11 02:51:26.228 24635 24653 I native-activity: Animating
04-11 02:51:26.235 24635 24653 I native-activity: Frame 350 GL error is 0x0
04-11 02:51:26.235 24635 24653 I native-activity: Frame 350 time is 6.974ms
04-11 02:51:26.235 24635 24653 I native-activity: Doing egl_swapbuffers_sync 2
04-11 02:51:26.239 24635 24653 I native-activity: Swap 350 time is 11.021ms
04-11 02:51:26.239 24635 24653 I native-activity: Animating
04-11 02:51:26.248 24635 24653 I native-activity: Frame 351 GL error is 0x0
04-11 02:51:26.248 24635 24653 I native-activity: Frame 351 time is 8.712ms
04-11 02:51:26.248 24635 24653 I native-activity: Doing egl_swapbuffers_sync 2
04-11 02:51:26.251 24635 24653 I native-activity: Swap 351 time is 11.913ms
04-11 02:51:26.251 24635 24653 I native-activity: Animating
04-11 02:51:26.258 24635 24653 I native-activity: Frame 352 GL error is 0x0
04-11 02:51:26.258 24635 24653 I native-activity: Frame 352 time is 7.262ms
04-11 02:51:26.258 24635 24653 I native-activity: Doing egl_swapbuffers_sync 2
04-11 02:51:26.263 24635 24653 I native-activity: Swap 352 time is 12.195ms
04-11 02:51:26.263 24635 24653 I native-activity: Animating
04-11 02:51:26.271 24635 24653 I native-activity: Frame 353 GL error is 0x0
04-11 02:51:26.271 24635 24653 I native-activity: Frame 353 time is 7.853ms
04-11 02:51:26.271 24635 24653 I native-activity: Doing egl_swapbuffers_sync 2
04-11 02:51:26.275 24635 24653 I native-activity: Swap 353 time is 11.775ms
04-11 02:51:26.275 24635 24653 I native-activity: Animating
04-11 02:51:26.292 24635 24653 I native-activity: Frame 354 GL error is 0x0
04-11 02:51:26.292 24635 24653 I native-activity: Frame 354 time is 16.948ms
04-11 02:51:26.292 24635 24653 I native-activity: Doing egl_swapbuffers_sync 2
04-11 02:51:26.292 24635 24653 I native-activity: Swap 354 time is 17.257ms
04-11 02:51:26.293 24635 24653 I native-activity: Animating
04-11 02:51:26.298 24635 24653 I native-activity: Frame 355 GL error is 0x0
04-11 02:51:26.298 24635 24653 I native-activity: Frame 355 time is 5.714ms
04-11 02:51:26.298 24635 24653 I native-activity: Doing egl_swapbuffers_sync 2
04-11 02:51:26.299 24635 24653 I native-activity: Swap 355 time is 6.640ms
04-11 02:51:26.299 24635 24653 I native-activity: Animating
04-11 02:51:26.307 24635 24653 I native-activity: Frame 356 GL error is 0x0
04-11 02:51:26.308 24635 24653 I native-activity: Frame 356 time is 8.366ms
04-11 02:51:26.308 24635 24653 I native-activity: Doing egl_swapbuffers_sync 2
04-11 02:51:26.312 24635 24653 I native-activity: Swap 356 time is 12.510ms
04-11 02:51:26.312 24635 24653 I native-activity: Animating
04-11 02:51:26.319 24635 24653 I native-activity: Frame 357 GL error is 0x0
04-11 02:51:26.319 24635 24653 I native-activity: Frame 357 time is 7.011ms
04-11 02:51:26.319 24635 24653 I native-activity: Doing egl_swapbuffers_sync 2
04-11 02:51:26.323 24635 24653 I native-activity: Swap 357 time is 10.983ms
04-11 02:51:26.323 24635 24653 I native-activity: Animating
04-11 02:51:26.330 24635 24653 I native-activity: Frame 358 GL error is 0x0
04-11 02:51:26.330 24635 24653 I native-activity: Frame 358 time is 6.797ms
04-11 02:51:26.330 24635 24653 I native-activity: Doing egl_swapbuffers_sync 2
04-11 02:51:26.335 24635 24653 I native-activity: Swap 358 time is 11.686ms
04-11 02:51:26.335 24635 24653 I native-activity: Animating
04-11 02:51:26.341 24635 24653 I native-activity: Frame 359 GL error is 0x0
04-11 02:51:26.341 24635 24653 I native-activity: Frame 359 time is 6.333ms
04-11 02:51:26.341 24635 24653 I native-activity: Doing egl_swapbuffers_sync 2
04-11 02:51:26.346 24635 24653 I native-activity: Swap 359 time is 10.994ms
04-11 02:51:26.346 24635 24653 I native-activity: Animating
04-11 02:51:26.353 24635 24653 I native-activity: Frame 360 GL error is 0x0
04-11 02:51:26.353 24635 24653 I native-activity: Frame 360 time is 6.589ms
04-11 02:51:26.353 24635 24653 I native-activity: Doing egl_swapbuffers_sync 2
04-11 02:51:26.357 24635 24653 I native-activity: Swap 360 time is 11.165ms
04-11 02:51:26.357 24635 24653 I native-activity: Animating
04-11 02:51:26.365 24635 24653 I native-activity: Frame 361 GL error is 0x0
04-11 02:51:26.365 24635 24653 I native-activity: Frame 361 time is 7.650ms
04-11 02:51:26.365 24635 24653 I native-activity: Doing egl_swapbuffers_sync 2
04-11 02:51:26.369 24635 24653 I native-activity: Swap 361 time is 11.180ms
04-11 02:51:26.369 24635 24653 I native-activity: Animating
04-11 02:51:26.376 24635 24653 I native-activity: Frame 362 GL error is 0x0
04-11 02:51:26.376 24635 24653 I native-activity: Frame 362 time is 7.403ms
04-11 02:51:26.376 24635 24653 I native-activity: Doing egl_swapbuffers_sync 2
04-11 02:51:26.380 24635 24653 I native-activity: Swap 362 time is 11.287ms
04-11 02:51:26.380 24635 24653 I native-activity: Animating
04-11 02:51:26.387 24635 24653 I native-activity: Frame 363 GL error is 0x0
04-11 02:51:26.387 24635 24653 I native-activity: Frame 363 time is 7.304ms
04-11 02:51:26.388 24635 24653 I native-activity: Doing egl_swapbuffers_sync 2
04-11 02:51:26.391 24635 24653 I native-activity: Swap 363 time is 11.194ms
04-11 02:51:26.392 24635 24653 I native-activity: Animating
04-11 02:51:26.392   958  2823 D ActivityManager: single user service: com.amazon.kindle.cms
04-11 02:51:26.396   958  2823 D ActivityManager: app = com.amazon.kindle.cms, has single user service, setting process record.
04-11 02:51:26.398 24635 24653 I native-activity: Frame 364 GL error is 0x0
04-11 02:51:26.398 24635 24653 I native-activity: Frame 364 time is 6.933ms
04-11 02:51:26.398 24635 24653 I native-activity: Doing egl_swapbuffers_sync 2
04-11 02:51:26.403 24635 24653 I native-activity: Swap 364 time is 11.892ms
04-11 02:51:26.403 24635 24653 I native-activity: Animating
04-11 02:51:26.386    93    93 I Kernel  : [310326.004959] (2)[93:irq/258-inv_irq]inv_mpu_iio: inv_read_fifo: Received Sensor Interrupt to read FIFO and Fifo_count is 6
04-11 02:51:26.411 24635 24653 I native-activity: Frame 365 GL error is 0x0
04-11 02:51:26.411 24635 24653 I native-activity: Frame 365 time is 7.616ms
04-11 02:51:26.411 24635 24653 I native-activity: Doing egl_swapbuffers_sync 2
04-11 02:51:26.415 24635 24653 I native-activity: Swap 365 time is 11.505ms
04-11 02:51:26.415 24635 24653 I native-activity: Animating
04-11 02:51:26.424 24635 24653 I native-activity: Frame 366 GL error is 0x0
04-11 02:51:26.424 24635 24653 I native-activity: Frame 366 time is 8.585ms
04-11 02:51:26.424 24635 24653 I native-activity: Doing egl_swapbuffers_sync 2
04-11 02:51:26.427 24635 24653 I native-activity: Swap 366 time is 11.858ms
04-11 02:51:26.427 24635 24653 I native-activity: Animating
04-11 02:51:26.431   958  2829 D ActivityManager: single user service: com.amazon.kindle.cms
04-11 02:51:26.434   958  2829 D ActivityManager: app = com.amazon.kindle.cms, has single user service, setting process record.
04-11 02:51:26.438 24635 24653 I native-activity: Frame 367 GL error is 0x0
04-11 02:51:26.438 24635 24653 I native-activity: Frame 367 time is 10.219ms
04-11 02:51:26.438 24635 24653 I native-activity: Doing egl_swapbuffers_sync 2
04-11 02:51:26.439 24635 24653 I native-activity: Swap 367 time is 10.999ms
04-11 02:51:26.439 24635 24653 I native-activity: Animating
04-11 02:51:26.450 24635 24653 I native-activity: Frame 368 GL error is 0x0
04-11 02:51:26.450 24635 24653 I native-activity: Frame 368 time is 11.442ms
04-11 02:51:26.450 24635 24653 I native-activity: Doing egl_swapbuffers_sync 2
04-11 02:51:26.451 24635 24653 I native-activity: Swap 368 time is 12.073ms
04-11 02:51:26.451 24635 24653 I native-activity: Animating
04-11 02:51:26.458 24635 24653 I native-activity: Frame 369 GL error is 0x0
04-11 02:51:26.458 24635 24653 I native-activity: Frame 369 time is 6.909ms
04-11 02:51:26.458 24635 24653 I native-activity: Doing egl_swapbuffers_sync 2
04-11 02:51:26.462 24635 24653 I native-activity: Swap 369 time is 10.625ms
04-11 02:51:26.462 24635 24653 I native-activity: Animating
04-11 02:51:26.469 24635 24653 I native-activity: Frame 370 GL error is 0x0
04-11 02:51:26.470 24635 24653 I native-activity: Frame 370 time is 7.300ms
04-11 02:51:26.470 24635 24653 I native-activity: Doing egl_swapbuffers_sync 2
04-11 02:51:26.473 24635 24653 I native-activity: Swap 370 time is 10.957ms
04-11 02:51:26.473 24635 24653 I native-activity: Animating
04-11 02:51:26.484 24635 24653 I native-activity: Frame 371 GL error is 0x0
04-11 02:51:26.485 24635 24653 I native-activity: Frame 371 time is 11.016ms
04-11 02:51:26.485 24635 24653 I native-activity: Doing egl_swapbuffers_sync 2
04-11 02:51:26.485 24635 24653 I native-activity: Swap 371 time is 11.271ms
04-11 02:51:26.485 24635 24653 I native-activity: Animating
04-11 02:51:26.492 24635 24653 I native-activity: Frame 372 GL error is 0x0
04-11 02:51:26.492 24635 24653 I native-activity: Frame 372 time is 7.322ms
04-11 02:51:26.492 24635 24653 I native-activity: Doing egl_swapbuffers_sync 2
04-11 02:51:26.497   958   974 W AccountManagerService: insertAccountIntoDatabase: Account {name=default_account, type=com.amazon.firelauncher.account}, skipping since the account already exists
04-11 02:51:26.497 24635 24653 I native-activity: Swap 372 time is 12.036ms
04-11 02:51:26.497 24635 24653 I native-activity: Animating
04-11 02:51:26.505   958  1694 W AccountManagerService: insertAccountIntoDatabase: Account {name=default_account, type=com.amazon.firelauncher.account}, skipping since the account already exists
04-11 02:51:26.505 24635 24653 I native-activity: Frame 373 GL error is 0x0
04-11 02:51:26.505 24635 24653 I native-activity: Frame 373 time is 8.289ms
04-11 02:51:26.505 24635 24653 I native-activity: Doing egl_swapbuffers_sync 2
04-11 02:51:26.509 24635 24653 I native-activity: Swap 373 time is 11.881ms
04-11 02:51:26.509 24635 24653 I native-activity: Animating
04-11 02:51:26.516 24635 24653 I native-activity: Frame 374 GL error is 0x0
04-11 02:51:26.516 24635 24653 I native-activity: Frame 374 time is 6.684ms
04-11 02:51:26.516 24635 24653 I native-activity: Doing egl_swapbuffers_sync 2
04-11 02:51:26.518   958  1235 W AccountManagerService: insertAccountIntoDatabase: Account {name=default_account, type=com.amazon.firelauncher.account}, skipping since the account already exists
04-11 02:51:26.521 24635 24653 I native-activity: Swap 374 time is 11.797ms
04-11 02:51:26.521 24635 24653 I native-activity: Animating
04-11 02:51:26.528 24635 24653 I native-activity: Frame 375 GL error is 0x0
04-11 02:51:26.528 24635 24653 I native-activity: Frame 375 time is 7.005ms
04-11 02:51:26.528 24635 24653 I native-activity: Doing egl_swapbuffers_sync 2
04-11 02:51:26.533 24635 24653 I native-activity: Swap 375 time is 11.894ms
04-11 02:51:26.533 24635 24653 I native-activity: Animating
04-11 02:51:26.540 24635 24653 I native-activity: Frame 376 GL error is 0x0
04-11 02:51:26.540 24635 24653 I native-activity: Frame 376 time is 6.836ms
04-11 02:51:26.540 24635 24653 I native-activity: Doing egl_swapbuffers_sync 2
04-11 02:51:26.542   958  2830 D ActivityManager: single user service: com.amazon.kindle.cms
04-11 02:51:26.543   958  2830 D ActivityManager: app = com.amazon.kindle.cms, has single user service, setting process record.
04-11 02:51:26.545 24635 24653 I native-activity: Swap 376 time is 11.680ms
04-11 02:51:26.545 24635 24653 I native-activity: Animating
04-11 02:51:26.552 24635 24653 I native-activity: Frame 377 GL error is 0x0
04-11 02:51:26.552 24635 24653 I native-activity: Frame 377 time is 7.297ms
04-11 02:51:26.552 24635 24653 I native-activity: Doing egl_swapbuffers_sync 2
04-11 02:51:26.557 24635 24653 I native-activity: Swap 377 time is 11.871ms
04-11 02:51:26.557 24635 24653 I native-activity: Animating
04-11 02:51:26.564   958  1660 W AccountManagerService: insertAccountIntoDatabase: Account {name=default_account, type=com.amazon.firelauncher.account}, skipping since the account already exists
04-11 02:51:26.564 24635 24653 I native-activity: Frame 378 GL error is 0x0
04-11 02:51:26.564 24635 24653 I native-activity: Frame 378 time is 7.203ms
04-11 02:51:26.564 24635 24653 I native-activity: Doing egl_swapbuffers_sync 2
04-11 02:51:26.569 24635 24653 I native-activity: Swap 378 time is 11.679ms
04-11 02:51:26.569 24635 24653 I native-activity: Animating
04-11 02:51:26.576 24635 24653 I native-activity: Frame 379 GL error is 0x0
04-11 02:51:26.576 24635 24653 I native-activity: Frame 379 time is 6.860ms
04-11 02:51:26.576 24635 24653 I native-activity: Doing egl_swapbuffers_sync 2
04-11 02:51:26.580   958  1032 W AccountManagerService: insertAccountIntoDatabase: Account {name=default_account, type=com.amazon.firelauncher.account}, skipping since the account already exists
04-11 02:51:26.580 24635 24653 I native-activity: Swap 379 time is 11.596ms
04-11 02:51:26.581 24635 24653 I native-activity: Animating
04-11 02:51:26.586   958  1720 W AccountManagerService: insertAccountIntoDatabase: Account {name=default_account, type=com.amazon.firelauncher.account}, skipping since the account already exists
04-11 02:51:26.588 24635 24653 I native-activity: Frame 380 GL error is 0x0
04-11 02:51:26.588 24635 24653 I native-activity: Frame 380 time is 7.587ms
04-11 02:51:26.588 24635 24653 I native-activity: Doing egl_swapbuffers_sync 2
04-11 02:51:26.593 24635 24653 I native-activity: Swap 380 time is 12.271ms
04-11 02:51:26.593 24635 24653 I native-activity: Animating
04-11 02:51:26.600   958  1585 W AccountManagerService: insertAccountIntoDatabase: Account {name=default_account, type=com.amazon.firelauncher.account}, skipping since the account already exists
04-11 02:51:26.600 24635 24653 I native-activity: Frame 381 GL error is 0x0
04-11 02:51:26.600 24635 24653 I native-activity: Frame 381 time is 7.103ms
04-11 02:51:26.600 24635 24653 I native-activity: Doing egl_swapbuffers_sync 2
04-11 02:51:26.600   958  2829 W AccountManagerService: insertAccountIntoDatabase: Account {name=default_account, type=com.amazon.firelauncher.account}, skipping since the account already exists
04-11 02:51:26.605 24635 24653 I native-activity: Swap 381 time is 11.866ms
04-11 02:51:26.605 24635 24653 I native-activity: Animating
04-11 02:51:26.612 24635 24653 I native-activity: Frame 382 GL error is 0x0
04-11 02:51:26.612 24635 24653 I native-activity: Frame 382 time is 6.723ms
04-11 02:51:26.612 24635 24653 I native-activity: Doing egl_swapbuffers_sync 2
04-11 02:51:26.617 24635 24653 I native-activity: Swap 382 time is 11.520ms
04-11 02:51:26.617 24635 24653 I native-activity: Animating
04-11 02:51:26.623 24635 24653 I native-activity: Frame 383 GL error is 0x0
04-11 02:51:26.623 24635 24653 I native-activity: Frame 383 time is 6.656ms
04-11 02:51:26.623 24635 24653 I native-activity: Doing egl_swapbuffers_sync 2
04-11 02:51:26.624   958  2825 W AccountManagerService: insertAccountIntoDatabase: Account {name=default_account, type=com.amazon.firelauncher.account}, skipping since the account already exists
04-11 02:51:26.628 24635 24653 I native-activity: Swap 383 time is 11.504ms
04-11 02:51:26.628 24635 24653 I native-activity: Animating
04-11 02:51:26.636 24635 24653 I native-activity: Frame 384 GL error is 0x0
04-11 02:51:26.636 24635 24653 I native-activity: Frame 384 time is 7.408ms
04-11 02:51:26.636 24635 24653 I native-activity: Doing egl_swapbuffers_sync 2
04-11 02:51:26.640 24635 24653 I native-activity: Swap 384 time is 11.670ms
04-11 02:51:26.640 24635 24653 I native-activity: Animating
04-11 02:51:26.648 24635 24653 I native-activity: Frame 385 GL error is 0x0
04-11 02:51:26.648 24635 24653 I native-activity: Frame 385 time is 7.710ms
04-11 02:51:26.648 24635 24653 I native-activity: Doing egl_swapbuffers_sync 2
04-11 02:51:26.652 24635 24653 I native-activity: Swap 385 time is 11.626ms
04-11 02:51:26.652 24635 24653 I native-activity: Animating
