04-13 01:08:55.616 10462 10480 I native-activity: Frame 637 GL error is 0x0
04-13 01:08:55.616 10462 10480 I native-activity: Frame 637 time is 12.262ms
04-13 01:08:55.622 10462 10480 I native-activity: Swap 637 time is 17.649ms
04-13 01:08:55.622 10462 10480 I native-activity: Animating
04-13 01:08:55.637 10462 10480 I native-activity: Frame 638 GL error is 0x0
04-13 01:08:55.637 10462 10480 I native-activity: Frame 638 time is 15.527ms
04-13 01:08:55.639 10462 10480 I native-activity: Swap 638 time is 17.546ms
04-13 01:08:55.640 10462 10480 I native-activity: Animating
04-13 01:08:55.657 10462 10480 I native-activity: Frame 639 GL error is 0x0
04-13 01:08:55.657 10462 10480 I native-activity: Frame 639 time is 17.732ms
04-13 01:08:55.658 10462 10480 I native-activity: Swap 639 time is 18.799ms
04-13 01:08:55.659 10462 10480 I native-activity: Animating
04-13 01:08:55.668 10462 10480 I native-activity: Frame 640 GL error is 0x0
04-13 01:08:55.668 10462 10480 I native-activity: Frame 640 time is 9.517ms
04-13 01:08:55.674 10462 10480 I native-activity: Swap 640 time is 15.900ms
04-13 01:08:55.675 10462 10480 I native-activity: Animating
04-13 01:08:55.681 10462 10480 I native-activity: Frame 641 GL error is 0x0
04-13 01:08:55.682 10462 10480 I native-activity: Frame 641 time is 6.963ms
04-13 01:08:55.693 10462 10480 I native-activity: Swap 641 time is 18.038ms
04-13 01:08:55.693 10462 10480 I native-activity: Animating
04-13 01:08:55.700 10462 10480 I native-activity: Frame 642 GL error is 0x0
04-13 01:08:55.700 10462 10480 I native-activity: Frame 642 time is 7.635ms
04-13 01:08:55.711 10462 10480 I native-activity: Swap 642 time is 17.885ms
04-13 01:08:55.711 10462 10480 I native-activity: Animating
04-13 01:08:55.718 10462 10480 I native-activity: Frame 643 GL error is 0x0
04-13 01:08:55.718 10462 10480 I native-activity: Frame 643 time is 6.964ms
04-13 01:08:55.729 10462 10480 I native-activity: Swap 643 time is 17.930ms
04-13 01:08:55.729 10462 10480 I native-activity: Animating
04-13 01:08:55.743 10462 10480 I native-activity: Frame 644 GL error is 0x0
04-13 01:08:55.743 10462 10480 I native-activity: Frame 644 time is 14.030ms
04-13 01:08:55.749 10462 10480 I native-activity: Swap 644 time is 20.361ms
04-13 01:08:55.749 10462 10480 I native-activity: Animating
04-13 01:08:55.757 10462 10480 I native-activity: Frame 645 GL error is 0x0
04-13 01:08:55.757 10462 10480 I native-activity: Frame 645 time is 7.996ms
04-13 01:08:55.767 10462 10480 I native-activity: Swap 645 time is 17.848ms
04-13 01:08:55.767 10462 10480 I native-activity: Animating
04-13 01:08:55.775 10462 10480 I native-activity: Frame 646 GL error is 0x0
04-13 01:08:55.775 10462 10480 I native-activity: Frame 646 time is 7.625ms
04-13 01:08:55.786 10462 10480 I native-activity: Swap 646 time is 18.884ms
04-13 01:08:55.786 10462 10480 I native-activity: Animating
04-13 01:08:55.797 10462 10480 I native-activity: Frame 647 GL error is 0x0
04-13 01:08:55.797 10462 10480 I native-activity: Frame 647 time is 10.698ms
04-13 01:08:55.805 10462 10480 I native-activity: Swap 647 time is 19.251ms
04-13 01:08:55.805 10462 10480 I native-activity: Animating
04-13 01:08:55.816 10462 10480 I native-activity: Frame 648 GL error is 0x0
04-13 01:08:55.816 10462 10480 I native-activity: Frame 648 time is 10.374ms
04-13 01:08:55.825 10462 10480 I native-activity: Swap 648 time is 19.447ms
04-13 01:08:55.825 10462 10480 I native-activity: Animating
04-13 01:08:55.836 10462 10480 I native-activity: Frame 649 GL error is 0x0
04-13 01:08:55.836 10462 10480 I native-activity: Frame 649 time is 10.748ms
04-13 01:08:55.827    93    93 I Kernel  : [ 3454.428345] (3)[93:irq/258-inv_irq]inv_mpu_iio: inv_read_fifo: Received Sensor Interrupt to read FIFO and Fifo_count is 6
04-13 01:08:55.845 10462 10480 I native-activity: Swap 649 time is 19.489ms
04-13 01:08:55.845 10462 10480 I native-activity: Animating
04-13 01:08:55.855 10462 10480 I native-activity: Frame 650 GL error is 0x0
04-13 01:08:55.855 10462 10480 I native-activity: Frame 650 time is 10.134ms
04-13 01:08:55.864 10462 10480 I native-activity: Swap 650 time is 19.425ms
04-13 01:08:55.864 10462 10480 I native-activity: Animating
04-13 01:08:55.872 10462 10480 I native-activity: Frame 651 GL error is 0x0
04-13 01:08:55.872 10462 10480 I native-activity: Frame 651 time is 7.401ms
04-13 01:08:55.883 10462 10480 I native-activity: Swap 651 time is 19.152ms
04-13 01:08:55.883 10462 10480 I native-activity: Animating
04-13 01:08:55.891 10462 10480 I native-activity: Frame 652 GL error is 0x0
04-13 01:08:55.891 10462 10480 I native-activity: Frame 652 time is 7.118ms
04-13 01:08:55.903 10462 10480 I native-activity: Swap 652 time is 19.538ms
04-13 01:08:55.903 10462 10480 I native-activity: Animating
04-13 01:08:55.910 10462 10480 I native-activity: Frame 653 GL error is 0x0
04-13 01:08:55.910 10462 10480 I native-activity: Frame 653 time is 6.868ms
04-13 01:08:55.923 10462 10480 I native-activity: Swap 653 time is 19.590ms
04-13 01:08:55.923 10462 10480 I native-activity: Animating
04-13 01:08:55.930 10462 10480 I native-activity: Frame 654 GL error is 0x0
04-13 01:08:55.930 10462 10480 I native-activity: Frame 654 time is 6.915ms
04-13 01:08:55.943 10462 10480 I native-activity: Swap 654 time is 19.736ms
04-13 01:08:55.943 10462 10480 I native-activity: Animating
04-13 01:08:55.949 10462 10480 I native-activity: Frame 655 GL error is 0x0
04-13 01:08:55.949 10462 10480 I native-activity: Frame 655 time is 6.628ms
04-13 01:08:55.962 10462 10480 I native-activity: Swap 655 time is 19.444ms
04-13 01:08:55.962 10462 10480 I native-activity: Animating
04-13 01:08:55.975 10462 10480 I native-activity: Frame 656 GL error is 0x0
04-13 01:08:55.976 10462 10480 I native-activity: Frame 656 time is 13.353ms
04-13 01:08:55.981 10462 10480 I native-activity: Swap 656 time is 19.248ms
04-13 01:08:55.982 10462 10480 I native-activity: Animating
04-13 01:08:55.996 10462 10480 I native-activity: Frame 657 GL error is 0x0
04-13 01:08:55.996 10462 10480 I native-activity: Frame 657 time is 14.628ms
04-13 01:08:56.001 10462 10480 I native-activity: Swap 657 time is 19.250ms
04-13 01:08:56.001 10462 10480 I native-activity: Animating
04-13 01:08:56.014 10462 10480 I native-activity: Frame 658 GL error is 0x0
04-13 01:08:56.014 10462 10480 I native-activity: Frame 658 time is 12.981ms
04-13 01:08:56.020 10462 10480 I native-activity: Swap 658 time is 19.270ms
04-13 01:08:56.021 10462 10480 I native-activity: Animating
04-13 01:08:56.028 10462 10480 I native-activity: Frame 659 GL error is 0x0
04-13 01:08:56.028 10462 10480 I native-activity: Frame 659 time is 7.017ms
04-13 01:08:56.040 10462 10480 I native-activity: Swap 659 time is 19.192ms
04-13 01:08:56.040 10462 10480 I native-activity: Animating
04-13 01:08:56.047 10462 10480 I native-activity: Frame 660 GL error is 0x0
04-13 01:08:56.047 10462 10480 I native-activity: Frame 660 time is 6.869ms
04-13 01:08:56.059 10462 10480 I native-activity: Swap 660 time is 19.442ms
04-13 01:08:56.059 10462 10480 I native-activity: Animating
04-13 01:08:56.066 10462 10480 I native-activity: Frame 661 GL error is 0x0
04-13 01:08:56.066 10462 10480 I native-activity: Frame 661 time is 6.645ms
04-13 01:08:56.079 10462 10480 I native-activity: Swap 661 time is 19.347ms
04-13 01:08:56.079 10462 10480 I native-activity: Animating
04-13 01:08:56.086 10462 10480 I native-activity: Frame 662 GL error is 0x0
04-13 01:08:56.086 10462 10480 I native-activity: Frame 662 time is 7.043ms
04-13 01:08:56.098 10462 10480 I native-activity: Swap 662 time is 19.433ms
04-13 01:08:56.098 10462 10480 I native-activity: Animating
04-13 01:08:56.105 10462 10480 I native-activity: Frame 663 GL error is 0x0
04-13 01:08:56.105 10462 10480 I native-activity: Frame 663 time is 6.586ms
04-13 01:08:56.118 10462 10480 I native-activity: Swap 663 time is 19.263ms
04-13 01:08:56.118 10462 10480 I native-activity: Animating
04-13 01:08:56.130 10462 10480 I native-activity: Frame 664 GL error is 0x0
04-13 01:08:56.130 10462 10480 I native-activity: Frame 664 time is 12.455ms
04-13 01:08:56.137 10462 10480 I native-activity: Swap 664 time is 19.090ms
04-13 01:08:56.137 10462 10480 I native-activity: Animating
04-13 01:08:56.145 10462 10480 I native-activity: Frame 665 GL error is 0x0
04-13 01:08:56.145 10462 10480 I native-activity: Frame 665 time is 8.579ms
04-13 01:08:56.156 10462 10480 I native-activity: Swap 665 time is 19.040ms
04-13 01:08:56.156 10462 10480 I native-activity: Animating
04-13 01:08:56.162 10462 10480 I native-activity: Frame 666 GL error is 0x0
04-13 01:08:56.162 10462 10480 I native-activity: Frame 666 time is 6.428ms
04-13 01:08:56.175 10462 10480 I native-activity: Swap 666 time is 19.387ms
04-13 01:08:56.175 10462 10480 I native-activity: Animating
04-13 01:08:56.182 10462 10480 I native-activity: Frame 667 GL error is 0x0
04-13 01:08:56.182 10462 10480 I native-activity: Frame 667 time is 7.003ms
04-13 01:08:56.195 10462 10480 I native-activity: Swap 667 time is 19.545ms
04-13 01:08:56.195 10462 10480 I native-activity: Animating
04-13 01:08:56.201 10462 10480 I native-activity: Frame 668 GL error is 0x0
04-13 01:08:56.202 10462 10480 I native-activity: Frame 668 time is 6.438ms
04-13 01:08:56.215 10462 10480 I native-activity: Swap 668 time is 19.725ms
04-13 01:08:56.215 10462 10480 I native-activity: Animating
04-13 01:08:56.221 10462 10480 I native-activity: Frame 669 GL error is 0x0
04-13 01:08:56.221 10462 10480 I native-activity: Frame 669 time is 6.532ms
04-13 01:08:56.235 10462 10480 I native-activity: Swap 669 time is 19.786ms
04-13 01:08:56.235 10462 10480 I native-activity: Animating
04-13 01:08:56.227    93    93 I Kernel  : [ 3454.829405] (3)[93:irq/258-inv_irq]inv_mpu_iio: inv_push_8bytes_buffer: Received Accel Sensor Data at Driver Layer -888, 1844, -16348
04-13 01:08:56.243 10462 10480 I native-activity: Frame 670 GL error is 0x0
04-13 01:08:56.243 10462 10480 I native-activity: Frame 670 time is 8.202ms
04-13 01:08:56.255 10462 10480 I native-activity: Swap 670 time is 20.096ms
04-13 01:08:56.255 10462 10480 I native-activity: Animating
04-13 01:08:56.265 10462 10480 I native-activity: Frame 671 GL error is 0x0
04-13 01:08:56.265 10462 10480 I native-activity: Frame 671 time is 10.010ms
04-13 01:08:56.275 10462 10480 I native-activity: Swap 671 time is 20.104ms
04-13 01:08:56.275 10462 10480 I native-activity: Animating
04-13 01:08:56.282 10462 10480 I native-activity: Frame 672 GL error is 0x0
04-13 01:08:56.282 10462 10480 I native-activity: Frame 672 time is 6.529ms
04-13 01:08:56.295 10462 10480 I native-activity: Swap 672 time is 19.790ms
04-13 01:08:56.295 10462 10480 I native-activity: Animating
04-13 01:08:56.306 10462 10480 I native-activity: Frame 673 GL error is 0x0
04-13 01:08:56.306 10462 10480 I native-activity: Frame 673 time is 11.265ms
04-13 01:08:56.316 10462 10480 I native-activity: Swap 673 time is 20.872ms
04-13 01:08:56.316 10462 10480 I native-activity: Animating
04-13 01:08:56.322 10462 10480 I native-activity: Frame 674 GL error is 0x0
04-13 01:08:56.322 10462 10480 I native-activity: Frame 674 time is 5.759ms
04-13 01:08:56.337 10462 10480 I native-activity: Swap 674 time is 21.311ms
04-13 01:08:56.337 10462 10480 I native-activity: Animating
04-13 01:08:56.342 10462 10480 I native-activity: Frame 675 GL error is 0x0
04-13 01:08:56.342 10462 10480 I native-activity: Frame 675 time is 4.427ms
04-13 01:08:56.359 10462 10480 I native-activity: Swap 675 time is 21.224ms
04-13 01:08:56.359 10462 10480 I native-activity: Animating
04-13 01:08:56.364 10462 10480 I native-activity: Frame 676 GL error is 0x0
04-13 01:08:56.364 10462 10480 I native-activity: Frame 676 time is 5.140ms
04-13 01:08:56.378 10462 10480 I native-activity: Swap 676 time is 19.709ms
04-13 01:08:56.379 10462 10480 I native-activity: Animating
04-13 01:08:56.385 10462 10480 I native-activity: Frame 677 GL error is 0x0
04-13 01:08:56.386 10462 10480 I native-activity: Frame 677 time is 7.000ms
04-13 01:08:56.399 10462 10480 I native-activity: Swap 677 time is 20.082ms
04-13 01:08:56.399 10462 10480 I native-activity: Animating
04-13 01:08:56.404 10462 10480 I native-activity: Frame 678 GL error is 0x0
04-13 01:08:56.404 10462 10480 I native-activity: Frame 678 time is 5.303ms
04-13 01:08:56.419 10462 10480 I native-activity: Swap 678 time is 20.020ms
04-13 01:08:56.419 10462 10480 I native-activity: Animating
04-13 01:08:56.425 10462 10480 I native-activity: Frame 679 GL error is 0x0
04-13 01:08:56.425 10462 10480 I native-activity: Frame 679 time is 5.618ms
04-13 01:08:56.439 10462 10480 I native-activity: Swap 679 time is 19.558ms
04-13 01:08:56.439 10462 10480 I native-activity: Animating
04-13 01:08:56.448 10462 10480 I native-activity: Frame 680 GL error is 0x0
04-13 01:08:56.448 10462 10480 I native-activity: Frame 680 time is 9.124ms
04-13 01:08:56.458 10462 10480 I native-activity: Swap 680 time is 19.834ms
04-13 01:08:56.459 10462 10480 I native-activity: Animating
04-13 01:08:56.471 10462 10480 I native-activity: Frame 681 GL error is 0x0
04-13 01:08:56.471 10462 10480 I native-activity: Frame 681 time is 12.909ms
04-13 01:08:56.478 10462 10480 I native-activity: Swap 681 time is 19.892ms
04-13 01:08:56.479 10462 10480 I native-activity: Animating
04-13 01:08:56.495 10462 10480 I native-activity: Frame 682 GL error is 0x0
04-13 01:08:56.495 10462 10480 I native-activity: Frame 682 time is 16.588ms
04-13 01:08:56.498 10462 10480 I native-activity: Swap 682 time is 19.534ms
04-13 01:08:56.498 10462 10480 I native-activity: Animating
04-13 01:08:56.505 10462 10480 I native-activity: Frame 683 GL error is 0x0
04-13 01:08:56.505 10462 10480 I native-activity: Frame 683 time is 6.146ms
04-13 01:08:56.507   168   168 I Kernel  : [ 3455.101452] (1)[168:healthd]healthd: battery l=96 v=4125 t=24.0 h=2 st=2 chg=u
04-13 01:08:56.518 10462 10480 I native-activity: Swap 683 time is 19.776ms
04-13 01:08:56.518 10462 10480 I native-activity: Animating
04-13 01:08:56.526 10462 10480 I native-activity: Frame 684 GL error is 0x0
04-13 01:08:56.526 10462 10480 I native-activity: Frame 684 time is 7.684ms
04-13 01:08:56.537 10462 10480 I native-activity: Swap 684 time is 19.029ms
04-13 01:08:56.537 10462 10480 I native-activity: Animating
04-13 01:08:56.542 10462 10480 I native-activity: Frame 685 GL error is 0x0
04-13 01:08:56.542 10462 10480 I native-activity: Frame 685 time is 4.924ms
04-13 01:08:56.557 10462 10480 I native-activity: Swap 685 time is 19.398ms
04-13 01:08:56.557 10462 10480 I native-activity: Animating
04-13 01:08:56.563 10462 10480 I native-activity: Frame 686 GL error is 0x0
04-13 01:08:56.563 10462 10480 I native-activity: Frame 686 time is 5.657ms
04-13 01:08:56.576 10462 10480 I native-activity: Swap 686 time is 19.510ms
04-13 01:08:56.577 10462 10480 I native-activity: Animating
04-13 01:08:56.582 10462 10480 I native-activity: Frame 687 GL error is 0x0
04-13 01:08:56.582 10462 10480 I native-activity: Frame 687 time is 5.668ms
04-13 01:08:56.595 10462 10480 I native-activity: Swap 687 time is 18.417ms
04-13 01:08:56.595 10462 10480 I native-activity: Animating
04-13 01:08:56.601 10462 10480 I native-activity: Frame 688 GL error is 0x0
04-13 01:08:56.601 10462 10480 I native-activity: Frame 688 time is 5.529ms
04-13 01:08:56.614 10462 10480 I native-activity: Swap 688 time is 19.148ms
04-13 01:08:56.614 10462 10480 I native-activity: Animating
04-13 01:08:56.619 10462 10480 I native-activity: Frame 689 GL error is 0x0
04-13 01:08:56.619 10462 10480 I native-activity: Frame 689 time is 4.981ms
04-13 01:08:56.632 10462 10480 I native-activity: Swap 689 time is 18.065ms
04-13 01:08:56.632 10462 10480 I native-activity: Animating
04-13 01:08:56.643 10462 10480 I native-activity: Frame 690 GL error is 0x0
04-13 01:08:56.643 10462 10480 I native-activity: Frame 690 time is 10.556ms
04-13 01:08:56.650 10462 10480 I native-activity: Swap 690 time is 17.132ms
04-13 01:08:56.650 10462 10480 I native-activity: Animating
04-13 01:08:56.655 10462 10480 I native-activity: Frame 691 GL error is 0x0
04-13 01:08:56.655 10462 10480 I native-activity: Frame 691 time is 5.339ms
04-13 01:08:56.667 10462 10480 I native-activity: Swap 691 time is 17.081ms
04-13 01:08:56.667 10462 10480 I native-activity: Animating
04-13 01:08:56.667    93    93 I Kernel  : [ 3455.260461] (2)[93:irq/258-inv_irq]inv_mpu_iio: inv_read_fifo: Received Sensor Interrupt to read FIFO and Fifo_count is 6
04-13 01:08:56.672 10462 10480 I native-activity: Frame 692 GL error is 0x0
04-13 01:08:56.672 10462 10480 I native-activity: Frame 692 time is 5.370ms
04-13 01:08:56.684 10462 10480 I native-activity: Swap 692 time is 16.659ms
04-13 01:08:56.684 10462 10480 I native-activity: Animating
04-13 01:08:56.688 10462 10480 I native-activity: Frame 693 GL error is 0x0
04-13 01:08:56.688 10462 10480 I native-activity: Frame 693 time is 4.626ms
04-13 01:08:56.700 10462 10480 I native-activity: Swap 693 time is 16.486ms
04-13 01:08:56.701 10462 10480 I native-activity: Animating
04-13 01:08:56.706 10462 10480 I native-activity: Frame 694 GL error is 0x0
04-13 01:08:56.706 10462 10480 I native-activity: Frame 694 time is 5.521ms
04-13 01:08:56.717 10462 10480 I native-activity: Swap 694 time is 16.270ms
04-13 01:08:56.717 10462 10480 I native-activity: Animating
04-13 01:08:56.720 10462 10480 I native-activity: Frame 695 GL error is 0x0
04-13 01:08:56.720 10462 10480 I native-activity: Frame 695 time is 3.392ms
04-13 01:08:56.732 10462 10480 I native-activity: Swap 695 time is 15.467ms
04-13 01:08:56.733 10462 10480 I native-activity: Animating
04-13 01:08:56.736 10462 10480 I native-activity: Frame 696 GL error is 0x0
04-13 01:08:56.737 10462 10480 I native-activity: Frame 696 time is 3.936ms
04-13 01:08:56.748 10462 10480 I native-activity: Swap 696 time is 14.987ms
04-13 01:08:56.748 10462 10480 I native-activity: Animating
04-13 01:08:56.754 10462 10480 I native-activity: Frame 697 GL error is 0x0
04-13 01:08:56.754 10462 10480 I native-activity: Frame 697 time is 6.649ms
04-13 01:08:56.763 10462 10480 I native-activity: Swap 697 time is 15.306ms
04-13 01:08:56.763 10462 10480 I native-activity: Animating
04-13 01:08:56.772 10462 10480 I native-activity: Frame 698 GL error is 0x0
04-13 01:08:56.772 10462 10480 I native-activity: Frame 698 time is 9.044ms
04-13 01:08:56.778 10462 10480 I native-activity: Swap 698 time is 14.980ms
04-13 01:08:56.778 10462 10480 I native-activity: Animating
04-13 01:08:56.792 10462 10480 I native-activity: Frame 699 GL error is 0x0
04-13 01:08:56.792 10462 10480 I native-activity: Frame 699 time is 13.890ms
04-13 01:08:56.793 10462 10480 I native-activity: Swap 699 time is 14.624ms
04-13 01:08:56.793 10462 10480 I native-activity: Animating
04-13 01:08:56.810 10462 10480 I native-activity: Frame 700 GL error is 0x0
04-13 01:08:56.810 10462 10480 I native-activity: Frame 700 time is 16.629ms
04-13 01:08:56.810 10462 10480 I native-activity: Swap 700 time is 17.189ms
04-13 01:08:56.810 10462 10480 I native-activity: Animating
04-13 01:08:56.828 10462 10480 I native-activity: Frame 701 GL error is 0x0
04-13 01:08:56.828 10462 10480 I native-activity: Frame 701 time is 17.344ms
04-13 01:08:56.829 10462 10480 I native-activity: Swap 701 time is 18.257ms
04-13 01:08:56.829 10462 10480 I native-activity: Animating
04-13 01:08:56.846 10462 10480 I native-activity: Frame 702 GL error is 0x0
04-13 01:08:56.846 10462 10480 I native-activity: Frame 702 time is 17.118ms
04-13 01:08:56.847 10462 10480 I native-activity: Swap 702 time is 18.222ms
04-13 01:08:56.847 10462 10480 I native-activity: Animating
04-13 01:08:56.863 10462 10480 I native-activity: Frame 703 GL error is 0x0
04-13 01:08:56.863 10462 10480 I native-activity: Frame 703 time is 16.234ms
04-13 01:08:56.864 10462 10480 I native-activity: Swap 703 time is 17.335ms
04-13 01:08:56.865 10462 10480 I native-activity: Animating
04-13 01:08:56.876 10462 10480 I native-activity: Frame 704 GL error is 0x0
04-13 01:08:56.876 10462 10480 I native-activity: Frame 704 time is 11.770ms
04-13 01:08:56.878 10462 10480 I native-activity: Swap 704 time is 13.450ms
04-13 01:08:56.879 10462 10480 I native-activity: Animating
04-13 01:08:56.912 10462 10480 I native-activity: Frame 705 GL error is 0x0
04-13 01:08:56.912 10462 10480 I native-activity: Frame 705 time is 32.887ms
04-13 01:08:56.913 10462 10480 I native-activity: Swap 705 time is 34.331ms
04-13 01:08:56.914 10462 10480 I native-activity: Animating
04-13 01:08:56.923 10462 10480 I native-activity: Frame 706 GL error is 0x0
04-13 01:08:56.923 10462 10480 I native-activity: Frame 706 time is 9.040ms
04-13 01:08:56.924 10462 10480 I native-activity: Swap 706 time is 10.021ms
04-13 01:08:56.924 10462 10480 I native-activity: Animating
04-13 01:08:56.932 10462 10480 I native-activity: Frame 707 GL error is 0x0
04-13 01:08:56.932 10462 10480 I native-activity: Frame 707 time is 8.054ms
04-13 01:08:56.934 10462 10480 I native-activity: Swap 707 time is 10.403ms
04-13 01:08:56.934 10462 10480 I native-activity: Animating
04-13 01:08:56.945 10462 10480 I native-activity: Frame 708 GL error is 0x0
04-13 01:08:56.946 10462 10480 I native-activity: Frame 708 time is 11.238ms
04-13 01:08:56.951 10462 10480 I native-activity: Swap 708 time is 16.533ms
04-13 01:08:56.951 10462 10480 I native-activity: Animating
04-13 01:08:56.963 10462 10480 I native-activity: Frame 709 GL error is 0x0
04-13 01:08:56.963 10462 10480 I native-activity: Frame 709 time is 11.946ms
04-13 01:08:56.968 10462 10480 I native-activity: Swap 709 time is 16.682ms
04-13 01:08:56.968 10462 10480 I native-activity: Animating
04-13 01:08:56.981 10462 10480 I native-activity: Frame 710 GL error is 0x0
04-13 01:08:56.981 10462 10480 I native-activity: Frame 710 time is 13.423ms
04-13 01:08:56.985 10462 10480 I native-activity: Swap 710 time is 16.750ms
04-13 01:08:56.985 10462 10480 I native-activity: Animating
04-13 01:08:56.996 10462 10480 I native-activity: Frame 711 GL error is 0x0
04-13 01:08:56.996 10462 10480 I native-activity: Frame 711 time is 11.651ms
04-13 01:08:57.002 10462 10480 I native-activity: Swap 711 time is 16.991ms
04-13 01:08:57.002 10462 10480 I native-activity: Animating
04-13 01:08:57.020 10462 10480 I native-activity: Frame 712 GL error is 0x0
04-13 01:08:57.020 10462 10480 I native-activity: Frame 712 time is 17.923ms
04-13 01:08:57.021 10462 10480 I native-activity: Swap 712 time is 19.075ms
04-13 01:08:57.021 10462 10480 I native-activity: Animating
04-13 01:08:57.035 10462 10480 I native-activity: Frame 713 GL error is 0x0
04-13 01:08:57.035 10462 10480 I native-activity: Frame 713 time is 13.716ms
04-13 01:08:57.036 10462 10480 I native-activity: Swap 713 time is 15.073ms
04-13 01:08:57.036 10462 10480 I native-activity: Animating
04-13 01:08:57.048 10462 10480 I native-activity: Frame 714 GL error is 0x0
04-13 01:08:57.048 10462 10480 I native-activity: Frame 714 time is 11.802ms
04-13 01:08:57.054 10462 10480 I native-activity: Swap 714 time is 17.322ms
04-13 01:08:57.054 10462 10480 I native-activity: Animating
04-13 01:08:57.064 10462 10480 I native-activity: Frame 715 GL error is 0x0
04-13 01:08:57.064 10462 10480 I native-activity: Frame 715 time is 10.312ms
04-13 01:08:57.071 10462 10480 I native-activity: Swap 715 time is 17.113ms
04-13 01:08:57.071 10462 10480 I native-activity: Animating
04-13 01:08:57.081 10462 10480 I native-activity: Frame 716 GL error is 0x0
04-13 01:08:57.081 10462 10480 I native-activity: Frame 716 time is 10.018ms
04-13 01:08:57.088 10462 10480 I native-activity: Swap 716 time is 17.289ms
04-13 01:08:57.088 10462 10480 I native-activity: Animating
04-13 01:08:57.095 10462 10480 I native-activity: Frame 717 GL error is 0x0
04-13 01:08:57.096 10462 10480 I native-activity: Frame 717 time is 7.091ms
04-13 01:08:57.106 10462 10480 I native-activity: Swap 717 time is 17.977ms
04-13 01:08:57.106 10462 10480 I native-activity: Animating
04-13 01:08:57.113 10462 10480 I native-activity: Frame 718 GL error is 0x0
04-13 01:08:57.113 10462 10480 I native-activity: Frame 718 time is 6.970ms
04-13 01:08:57.128 10462 10480 I native-activity: Swap 718 time is 21.529ms
04-13 01:08:57.128 10462 10480 I native-activity: Animating
04-13 01:08:57.136 10462 10480 I native-activity: Frame 719 GL error is 0x0
04-13 01:08:57.136 10462 10480 I native-activity: Frame 719 time is 7.475ms
04-13 01:08:57.145 10462 10480 I native-activity: Swap 719 time is 17.022ms
04-13 01:08:57.145 10462 10480 I native-activity: Animating
04-13 01:08:57.152 10462 10480 I native-activity: Frame 720 GL error is 0x0
04-13 01:08:57.152 10462 10480 I native-activity: Frame 720 time is 6.390ms
04-13 01:08:57.164 10462 10480 I native-activity: Swap 720 time is 18.462ms
04-13 01:08:57.164 10462 10480 I native-activity: Animating
04-13 01:08:57.171 10462 10480 I native-activity: Frame 721 GL error is 0x0
04-13 01:08:57.171 10462 10480 I native-activity: Frame 721 time is 6.937ms
04-13 01:08:57.183 10462 10480 I native-activity: Swap 721 time is 18.741ms
04-13 01:08:57.183 10462 10480 I native-activity: Animating
04-13 01:08:57.189 10462 10480 I native-activity: Frame 722 GL error is 0x0
04-13 01:08:57.189 10462 10480 I native-activity: Frame 722 time is 6.196ms
04-13 01:08:57.201 10462 10480 I native-activity: Swap 722 time is 18.744ms
04-13 01:08:57.202 10462 10480 I native-activity: Animating
04-13 01:08:57.208 10462 10480 I native-activity: Frame 723 GL error is 0x0
04-13 01:08:57.208 10462 10480 I native-activity: Frame 723 time is 6.746ms
04-13 01:08:57.221 10462 10480 I native-activity: Swap 723 time is 19.282ms
04-13 01:08:57.221 10462 10480 I native-activity: Animating
04-13 01:08:57.227 10462 10480 I native-activity: Frame 724 GL error is 0x0
04-13 01:08:57.227 10462 10480 I native-activity: Frame 724 time is 5.843ms
04-13 01:08:57.241 10462 10480 I native-activity: Swap 724 time is 19.892ms
04-13 01:08:57.241 10462 10480 I native-activity: Animating
04-13 01:08:57.251 10462 10480 I native-activity: Frame 725 GL error is 0x0
04-13 01:08:57.251 10462 10480 I native-activity: Frame 725 time is 9.724ms
04-13 01:08:57.261 10462 10480 I native-activity: Swap 725 time is 19.856ms
04-13 01:08:57.261 10462 10480 I native-activity: Animating
04-13 01:08:57.264   962  1015 D ActivityManager: single user service: com.amazon.kindle.kso
04-13 01:08:57.265   962  1015 W AmazonGidPackageManagerCallback: Launching com.amazon.kindle.kso (32063) with AMZ_APP_GID
04-13 01:08:57.268 10462 10480 I native-activity: Frame 726 GL error is 0x0
04-13 01:08:57.268 10462 10480 I native-activity: Frame 726 time is 7.517ms
04-13 01:08:57.281 10462 10480 I native-activity: Swap 726 time is 20.364ms
04-13 01:08:57.281 10462 10480 I native-activity: Animating
04-13 01:08:57.284   263   263 W art     : PreZygoteFork called when we already have a zygote space.
04-13 01:08:57.288 10462 10480 I native-activity: Frame 727 GL error is 0x0
04-13 01:08:57.288 10462 10480 I native-activity: Frame 727 time is 6.605ms
04-13 01:08:57.302 10462 10480 I native-activity: Swap 727 time is 20.811ms
04-13 01:08:57.302 10462 10480 I native-activity: Animating
04-13 01:08:57.309 10462 10480 I native-activity: Frame 728 GL error is 0x0
04-13 01:08:57.309 10462 10480 I native-activity: Frame 728 time is 6.347ms
04-13 01:08:57.319   962  1015 I ActivityManager: Start proc 10633:com.amazon.kindle.kso/u0a22063 for service com.amazon.kindle.kso/.alarm.HouseKeepingService
04-13 01:08:57.319   962  1015 D ActivityManager: app = com.amazon.kindle.kso, has single user service, setting process record!
04-13 01:08:57.323 10462 10480 I native-activity: Swap 728 time is 20.909ms
04-13 01:08:57.323 10462 10480 I native-activity: Animating
04-13 01:08:57.333 10462 10480 I native-activity: Frame 729 GL error is 0x0
04-13 01:08:57.333 10462 10480 I native-activity: Frame 729 time is 9.533ms
04-13 01:08:57.345 10462 10480 I native-activity: Swap 729 time is 21.238ms
04-13 01:08:57.345 10462 10480 I native-activity: Animating
04-13 01:08:57.347 10633 10633 D VendorDisplayManagerGlobalCallback: callGetInstance: nil
04-13 01:08:57.361 10462 10480 I native-activity: Frame 730 GL error is 0x0
04-13 01:08:57.361 10462 10480 I native-activity: Frame 730 time is 16.057ms
04-13 01:08:57.366 10462 10480 I native-activity: Swap 730 time is 21.092ms
04-13 01:08:57.366 10462 10480 I native-activity: Animating
04-13 01:08:57.372 10462 10480 I native-activity: Frame 731 GL error is 0x0
04-13 01:08:57.372 10462 10480 I native-activity: Frame 731 time is 6.502ms
04-13 01:08:57.374 10633 10633 W ResourcesManager: Asset path '/system/framework/android.amazon.res.jar' does not exist or contains no resources.
04-13 01:08:57.387 10462 10480 I native-activity: Swap 731 time is 21.404ms
04-13 01:08:57.388 10462 10480 I native-activity: Animating
04-13 01:08:57.399 10462 10480 I native-activity: Frame 732 GL error is 0x0
04-13 01:08:57.399 10462 10480 I native-activity: Frame 732 time is 11.435ms
04-13 01:08:57.408 10462 10480 I native-activity: Swap 732 time is 20.238ms
04-13 01:08:57.408 10462 10480 I native-activity: Animating
04-13 01:08:57.415 10462 10480 I native-activity: Frame 733 GL error is 0x0
04-13 01:08:57.415 10462 10480 I native-activity: Frame 733 time is 6.844ms
04-13 01:08:57.429 10462 10480 I native-activity: Swap 733 time is 20.822ms
04-13 01:08:57.429 10462 10480 I native-activity: Animating
04-13 01:08:57.435 10462 10480 I native-activity: Frame 734 GL error is 0x0
04-13 01:08:57.435 10462 10480 I native-activity: Frame 734 time is 6.543ms
04-13 01:08:57.450 10462 10480 I native-activity: Swap 734 time is 20.837ms
04-13 01:08:57.450 10462 10480 I native-activity: Animating
04-13 01:08:57.457 10462 10480 I native-activity: Frame 735 GL error is 0x0
04-13 01:08:57.457 10462 10480 I native-activity: Frame 735 time is 6.767ms
04-13 01:08:57.471 10462 10480 I native-activity: Swap 735 time is 20.757ms
04-13 01:08:57.471 10462 10480 I native-activity: Animating
04-13 01:08:57.478 10462 10480 I native-activity: Frame 736 GL error is 0x0
04-13 01:08:57.478 10462 10480 I native-activity: Frame 736 time is 6.854ms
04-13 01:08:57.491 10462 10480 I native-activity: Swap 736 time is 20.094ms
04-13 01:08:57.491 10462 10480 I native-activity: Animating
04-13 01:08:57.499 10462 10480 I native-activity: Frame 737 GL error is 0x0
04-13 01:08:57.499 10462 10480 I native-activity: Frame 737 time is 7.762ms
04-13 01:08:57.497    93    93 I Kernel  : [ 3456.092522] (3)[93:irq/258-inv_irq]inv_mpu_iio: inv_read_fifo: Received Sensor Interrupt to read FIFO and Fifo_count is 6
04-13 01:08:57.512 10462 10480 I native-activity: Swap 737 time is 20.547ms
04-13 01:08:57.512 10462 10480 I native-activity: Animating
04-13 01:08:57.518 10462 10480 I native-activity: Frame 738 GL error is 0x0
04-13 01:08:57.518 10462 10480 I native-activity: Frame 738 time is 6.736ms
04-13 01:08:57.533 10462 10480 I native-activity: Swap 738 time is 20.907ms
04-13 01:08:57.533 10462 10480 I native-activity: Animating
04-13 01:08:57.540 10462 10480 I native-activity: Frame 739 GL error is 0x0
04-13 01:08:57.540 10462 10480 I native-activity: Frame 739 time is 7.156ms
04-13 01:08:57.554 10462 10480 I native-activity: Swap 739 time is 21.306ms
04-13 01:08:57.554 10462 10480 I native-activity: Animating
04-13 01:08:57.561 10462 10480 I native-activity: Frame 740 GL error is 0x0
04-13 01:08:57.561 10462 10480 I native-activity: Frame 740 time is 6.935ms
04-13 01:08:57.575 10462 10480 I native-activity: Swap 740 time is 20.982ms
04-13 01:08:57.575 10462 10480 I native-activity: Animating
04-13 01:08:57.585 10462 10480 I native-activity: Frame 741 GL error is 0x0
04-13 01:08:57.585 10462 10480 I native-activity: Frame 741 time is 10.106ms
04-13 01:08:57.596 10462 10480 I native-activity: Swap 741 time is 21.241ms
04-13 01:08:57.597 10462 10480 I native-activity: Animating
04-13 01:08:57.612 10462 10480 I native-activity: Frame 742 GL error is 0x0
04-13 01:08:57.612 10462 10480 I native-activity: Frame 742 time is 14.961ms
04-13 01:08:57.617 10462 10480 I native-activity: Swap 742 time is 20.910ms
04-13 01:08:57.618 10462 10480 I native-activity: Animating
04-13 01:08:57.627 10462 10480 I native-activity: Frame 743 GL error is 0x0
04-13 01:08:57.627 10462 10480 I native-activity: Frame 743 time is 9.890ms
04-13 01:08:57.637 10462 10480 I native-activity: Swap 743 time is 19.742ms
04-13 01:08:57.637 10462 10480 I native-activity: Animating
04-13 01:08:57.646 10462 10480 I native-activity: Frame 744 GL error is 0x0
04-13 01:08:57.646 10462 10480 I native-activity: Frame 744 time is 8.337ms
04-13 01:08:57.657 10462 10480 I native-activity: Swap 744 time is 19.951ms
04-13 01:08:57.658 10462 10480 I native-activity: Animating
04-13 01:08:57.665 10462 10480 I native-activity: Frame 745 GL error is 0x0
04-13 01:08:57.665 10462 10480 I native-activity: Frame 745 time is 7.900ms
04-13 01:08:57.677 10462 10480 I native-activity: Swap 745 time is 19.181ms
04-13 01:08:57.677 10462 10480 I native-activity: Animating
04-13 01:08:57.684 10462 10480 I native-activity: Frame 746 GL error is 0x0
04-13 01:08:57.684 10462 10480 I native-activity: Frame 746 time is 7.559ms
04-13 01:08:57.696 10462 10480 I native-activity: Swap 746 time is 19.212ms
04-13 01:08:57.696 10462 10480 I native-activity: Animating
04-13 01:08:57.704 10462 10480 I native-activity: Frame 747 GL error is 0x0
04-13 01:08:57.704 10462 10480 I native-activity: Frame 747 time is 7.563ms
04-13 01:08:57.716 10462 10480 I native-activity: Swap 747 time is 19.333ms
04-13 01:08:57.716 10462 10480 I native-activity: Animating
04-13 01:08:57.724 10462 10480 I native-activity: Frame 748 GL error is 0x0
04-13 01:08:57.725   962   977 D ActivityManager: single user service: com.amazon.kindle.kso
04-13 01:08:57.725 10462 10480 I native-activity: Frame 748 time is 8.896ms
04-13 01:08:57.727   962   977 D ActivityManager: app = com.amazon.kindle.kso, has single user service, setting process record.
04-13 01:08:57.736 10462 10480 I native-activity: Swap 748 time is 19.912ms
04-13 01:08:57.736 10462 10480 I native-activity: Animating
04-13 01:08:57.744 10462 10480 I native-activity: Frame 749 GL error is 0x0
04-13 01:08:57.744 10462 10480 I native-activity: Frame 749 time is 8.802ms
04-13 01:08:57.755 10462 10480 I native-activity: Swap 749 time is 19.737ms
04-13 01:08:57.756 10462 10480 I native-activity: Animating
04-13 01:08:57.764 10462 10480 I native-activity: Frame 750 GL error is 0x0
04-13 01:08:57.764 10462 10480 I native-activity: Frame 750 time is 8.354ms
04-13 01:08:57.776 10462 10480 I native-activity: Swap 750 time is 20.048ms
04-13 01:08:57.776 10462 10480 I native-activity: Animating
04-13 01:08:57.790 10462 10480 I native-activity: Frame 751 GL error is 0x0
04-13 01:08:57.790 10462 10480 I native-activity: Frame 751 time is 14.023ms
04-13 01:08:57.797 10462 10480 I native-activity: Swap 751 time is 20.971ms
04-13 01:08:57.797 10462 10480 I native-activity: Animating
04-13 01:08:57.805 10462 10480 I native-activity: Frame 752 GL error is 0x0
04-13 01:08:57.805 10462 10480 I native-activity: Frame 752 time is 7.931ms
04-13 01:08:57.817 10462 10480 I native-activity: Swap 752 time is 20.419ms
04-13 01:08:57.817 10462 10480 I native-activity: Animating
04-13 01:08:57.825 10462 10480 I native-activity: Frame 753 GL error is 0x0
04-13 01:08:57.825 10462 10480 I native-activity: Frame 753 time is 8.110ms
04-13 01:08:57.837 10462 10480 I native-activity: Swap 753 time is 19.755ms
04-13 01:08:57.837 10462 10480 I native-activity: Animating
04-13 01:08:57.845 10462 10480 I native-activity: Frame 754 GL error is 0x0
04-13 01:08:57.845 10462 10480 I native-activity: Frame 754 time is 7.356ms
04-13 01:08:57.857 10462 10480 I native-activity: Swap 754 time is 19.686ms
04-13 01:08:57.857 10462 10480 I native-activity: Animating
04-13 01:08:57.866 10462 10480 I native-activity: Frame 755 GL error is 0x0
04-13 01:08:57.866 10462 10480 I native-activity: Frame 755 time is 9.125ms
04-13 01:08:57.877 10462 10480 I native-activity: Swap 755 time is 19.478ms
04-13 01:08:57.877 10462 10480 I native-activity: Animating
04-13 01:08:57.884 10462 10480 I native-activity: Frame 756 GL error is 0x0
04-13 01:08:57.884 10462 10480 I native-activity: Frame 756 time is 7.464ms
04-13 01:08:57.896 10462 10480 I native-activity: Swap 756 time is 19.509ms
04-13 01:08:57.896 10462 10480 I native-activity: Animating
04-13 01:08:57.905 10462 10480 I native-activity: Frame 757 GL error is 0x0
04-13 01:08:57.905 10462 10480 I native-activity: Frame 757 time is 9.075ms
04-13 01:08:57.915 10462 10480 I native-activity: Swap 757 time is 18.300ms
04-13 01:08:57.915 10462 10480 I native-activity: Animating
04-13 01:08:57.924 10462 10480 I native-activity: Frame 758 GL error is 0x0
04-13 01:08:57.924 10462 10480 I native-activity: Frame 758 time is 9.652ms
04-13 01:08:57.932 10462 10480 I native-activity: Swap 758 time is 17.580ms
04-13 01:08:57.932 10462 10480 I native-activity: Animating
04-13 01:08:57.941 10462 10480 I native-activity: Frame 759 GL error is 0x0
04-13 01:08:57.941 10462 10480 I native-activity: Frame 759 time is 8.226ms
04-13 01:08:57.951 10462 10480 I native-activity: Swap 759 time is 18.528ms
04-13 01:08:57.951 10462 10480 I native-activity: Animating
04-13 01:08:57.969 10462 10480 I native-activity: Frame 760 GL error is 0x0
04-13 01:08:57.969 10462 10480 I native-activity: Frame 760 time is 18.089ms
04-13 01:08:57.971 10462 10480 I native-activity: Swap 760 time is 19.274ms
04-13 01:08:57.971 10462 10480 I native-activity: Animating
04-13 01:08:57.990 10462 10480 I native-activity: Frame 761 GL error is 0x0
04-13 01:08:57.990 10462 10480 I native-activity: Frame 761 time is 18.981ms
04-13 01:08:57.991 10462 10480 I native-activity: Swap 761 time is 19.932ms
04-13 01:08:57.991 10462 10480 I native-activity: Animating
04-13 01:08:58.012 10462 10480 I native-activity: Frame 762 GL error is 0x0
04-13 01:08:58.012 10462 10480 I native-activity: Frame 762 time is 21.415ms
04-13 01:08:58.013 10462 10480 I native-activity: Swap 762 time is 22.535ms
04-13 01:08:58.013 10462 10480 I native-activity: Animating
04-13 01:08:58.022 10462 10480 I native-activity: Frame 763 GL error is 0x0
04-13 01:08:58.022 10462 10480 I native-activity: Frame 763 time is 8.895ms
04-13 01:08:58.029 10462 10480 I native-activity: Swap 763 time is 15.636ms
04-13 01:08:58.029 10462 10480 I native-activity: Animating
04-13 01:08:58.039 10462 10480 I native-activity: Frame 764 GL error is 0x0
04-13 01:08:58.039 10462 10480 I native-activity: Frame 764 time is 10.036ms
04-13 01:08:58.047 10462 10480 I native-activity: Swap 764 time is 17.359ms
04-13 01:08:58.047 10462 10480 I native-activity: Animating
04-13 01:08:58.059 10462 10480 I native-activity: Frame 765 GL error is 0x0
04-13 01:08:58.059 10462 10480 I native-activity: Frame 765 time is 12.657ms
04-13 01:08:58.064 10462 10480 I native-activity: Swap 765 time is 17.420ms
04-13 01:08:58.064 10462 10480 I native-activity: Animating
04-13 01:08:58.075 10462 10480 I native-activity: Frame 766 GL error is 0x0
04-13 01:08:58.075 10462 10480 I native-activity: Frame 766 time is 10.368ms
04-13 01:08:58.083 10462 10480 I native-activity: Swap 766 time is 18.382ms
04-13 01:08:58.083 10462 10480 I native-activity: Animating
04-13 01:08:58.096 10462 10480 I native-activity: Frame 767 GL error is 0x0
04-13 01:08:58.096 10462 10480 I native-activity: Frame 767 time is 13.271ms
04-13 01:08:58.102 10462 10480 I native-activity: Swap 767 time is 18.772ms
04-13 01:08:58.102 10462 10480 I native-activity: Animating
04-13 01:08:58.114 10462 10480 I native-activity: Frame 768 GL error is 0x0
04-13 01:08:58.114 10462 10480 I native-activity: Frame 768 time is 12.351ms
04-13 01:08:58.121 10462 10480 I native-activity: Swap 768 time is 19.359ms
04-13 01:08:58.121 10462 10480 I native-activity: Animating
04-13 01:08:58.138 10462 10480 I native-activity: Frame 769 GL error is 0x0
04-13 01:08:58.139 10462 10480 I native-activity: Frame 769 time is 17.192ms
04-13 01:08:58.141 10462 10480 I native-activity: Swap 769 time is 19.670ms
04-13 01:08:58.141 10462 10480 I native-activity: Animating
04-13 01:08:58.159 10462 10480 I native-activity: Frame 770 GL error is 0x0
04-13 01:08:58.159 10462 10480 I native-activity: Frame 770 time is 17.930ms
04-13 01:08:58.161 10462 10480 I native-activity: Swap 770 time is 19.654ms
04-13 01:08:58.161 10462 10480 I native-activity: Animating
04-13 01:08:58.181 10462 10480 I native-activity: Frame 771 GL error is 0x0
04-13 01:08:58.181 10462 10480 I native-activity: Frame 771 time is 19.905ms
04-13 01:08:58.182 10462 10480 I native-activity: Swap 771 time is 21.081ms
04-13 01:08:58.182 10462 10480 I native-activity: Animating
04-13 01:08:58.199 10462 10480 I native-activity: Frame 772 GL error is 0x0
04-13 01:08:58.199 10462 10480 I native-activity: Frame 772 time is 17.017ms
04-13 01:08:58.201 10462 10480 I native-activity: Swap 772 time is 18.484ms
04-13 01:08:58.201 10462 10480 I native-activity: Animating
04-13 01:08:58.211 10462 10480 I native-activity: Frame 773 GL error is 0x0
04-13 01:08:58.211 10462 10480 I native-activity: Frame 773 time is 9.726ms
04-13 01:08:58.214 10462 10480 I native-activity: Swap 773 time is 13.024ms
04-13 01:08:58.215 10462 10480 I native-activity: Animating
04-13 01:08:58.229 10462 10480 I native-activity: Frame 774 GL error is 0x0
04-13 01:08:58.229 10462 10480 I native-activity: Frame 774 time is 14.597ms
04-13 01:08:58.238 10462 10480 I native-activity: Swap 774 time is 23.845ms
04-13 01:08:58.239 10462 10480 I native-activity: Animating
04-13 01:08:58.263 10462 10480 I native-activity: Frame 775 GL error is 0x0
04-13 01:08:58.264 10462 10480 I native-activity: Frame 775 time is 24.896ms
04-13 01:08:58.265 10462 10480 I native-activity: Swap 775 time is 26.299ms
04-13 01:08:58.265 10462 10480 I native-activity: Animating
04-13 01:08:58.286 10462 10480 I native-activity: Frame 776 GL error is 0x0
04-13 01:08:58.286 10462 10480 I native-activity: Frame 776 time is 20.624ms
04-13 01:08:58.287 10462 10480 I native-activity: Swap 776 time is 22.189ms
04-13 01:08:58.288 10462 10480 I native-activity: Animating
04-13 01:08:58.297 10462 10480 I native-activity: Frame 777 GL error is 0x0
04-13 01:08:58.297 10462 10480 I native-activity: Frame 777 time is 9.454ms
04-13 01:08:58.299 10462 10480 I native-activity: Swap 777 time is 11.444ms
04-13 01:08:58.299 10462 10480 I native-activity: Animating
04-13 01:08:58.309 10462 10480 I native-activity: Frame 778 GL error is 0x0
04-13 01:08:58.309 10462 10480 I native-activity: Frame 778 time is 10.017ms
04-13 01:08:58.313 10462 10480 I native-activity: Swap 778 time is 14.312ms
04-13 01:08:58.314 10462 10480 I native-activity: Animating
04-13 01:08:58.324 10462 10480 I native-activity: Frame 779 GL error is 0x0
04-13 01:08:58.324 10462 10480 I native-activity: Frame 779 time is 10.550ms
04-13 01:08:58.333 10462 10480 I native-activity: Swap 779 time is 19.600ms
04-13 01:08:58.333 10462 10480 I native-activity: Animating
04-13 01:08:58.327    93    93 I Kernel  : [ 3456.924620] (3)[93:irq/258-inv_irq]inv_mpu_iio: inv_read_fifo: Received Sensor Interrupt to read FIFO and Fifo_count is 6
04-13 01:08:58.342 10462 10480 I native-activity: Frame 780 GL error is 0x0
04-13 01:08:58.342 10462 10480 I native-activity: Frame 780 time is 9.061ms
04-13 01:08:58.353 10462 10480 I native-activity: Swap 780 time is 19.815ms
04-13 01:08:58.353 10462 10480 I native-activity: Animating
04-13 01:08:58.376 10462 10480 I native-activity: Frame 781 GL error is 0x501
04-13 01:08:58.376 10462 10480 I native-activity: Frame 781 time is 23.135ms
04-13 01:08:58.377 10462 10480 I native-activity: Swap 781 time is 23.917ms
04-13 01:08:58.377 10462 10480 I native-activity: Animating
04-13 01:08:58.393 10462 10480 I native-activity: Frame 782 GL error is 0x0
04-13 01:08:58.393 10462 10480 I native-activity: Frame 782 time is 15.642ms
04-13 01:08:58.394 10462 10480 I native-activity: Swap 782 time is 16.505ms
04-13 01:08:58.394 10462 10480 I native-activity: Animating
04-13 01:08:58.406 10462 10480 I native-activity: Frame 783 GL error is 0x0
04-13 01:08:58.406 10462 10480 I native-activity: Frame 783 time is 11.781ms
04-13 01:08:58.414 10462 10480 I native-activity: Swap 783 time is 20.175ms
04-13 01:08:58.414 10462 10480 I native-activity: Animating
04-13 01:08:58.424 10462 10480 I native-activity: Frame 784 GL error is 0x0
04-13 01:08:58.424 10462 10480 I native-activity: Frame 784 time is 9.784ms
04-13 01:08:58.434 10462 10480 I native-activity: Swap 784 time is 20.165ms
04-13 01:08:58.434 10462 10480 I native-activity: Animating
04-13 01:08:58.445 10462 10480 I native-activity: Frame 785 GL error is 0x0
04-13 01:08:58.445 10462 10480 I native-activity: Frame 785 time is 10.770ms
04-13 01:08:58.454 10462 10480 I native-activity: Swap 785 time is 19.990ms
04-13 01:08:58.455 10462 10480 I native-activity: Animating
04-13 01:08:58.468 10462 10480 I native-activity: Frame 786 GL error is 0x0
04-13 01:08:58.468 10462 10480 I native-activity: Frame 786 time is 13.009ms
04-13 01:08:58.476 10462 10480 I native-activity: Swap 786 time is 21.424ms
04-13 01:08:58.476 10462 10480 I native-activity: Animating
04-13 01:08:58.484 10462 10480 I native-activity: Frame 787 GL error is 0x0
04-13 01:08:58.484 10462 10480 I native-activity: Frame 787 time is 8.217ms
04-13 01:08:58.495 10462 10480 I native-activity: Swap 787 time is 19.023ms
04-13 01:08:58.495 10462 10480 I native-activity: Animating
04-13 01:08:58.506 10462 10480 I native-activity: Frame 788 GL error is 0x0
04-13 01:08:58.506 10462 10480 I native-activity: Frame 788 time is 10.653ms
04-13 01:08:58.515 10462 10480 I native-activity: Swap 788 time is 20.090ms
04-13 01:08:58.516 10462 10480 I native-activity: Animating
04-13 01:08:58.523 10462 10480 I native-activity: Frame 789 GL error is 0x0
04-13 01:08:58.523 10462 10480 I native-activity: Frame 789 time is 7.693ms
04-13 01:08:58.534 10462 10480 I native-activity: Swap 789 time is 18.813ms
04-13 01:08:58.534 10462 10480 I native-activity: Animating
04-13 01:08:58.542 10462 10480 I native-activity: Frame 790 GL error is 0x0
04-13 01:08:58.542 10462 10480 I native-activity: Frame 790 time is 7.776ms
04-13 01:08:58.553 10462 10480 I native-activity: Swap 790 time is 18.786ms
04-13 01:08:58.553 10462 10480 I native-activity: Animating
04-13 01:08:58.560 10462 10480 I native-activity: Frame 791 GL error is 0x0
04-13 01:08:58.561 10462 10480 I native-activity: Frame 791 time is 7.032ms
04-13 01:08:58.573 10462 10480 I native-activity: Swap 791 time is 19.915ms
04-13 01:08:58.573 10462 10480 I native-activity: Animating
04-13 01:08:58.579 10462 10480 I native-activity: Frame 792 GL error is 0x0
04-13 01:08:58.579 10462 10480 I native-activity: Frame 792 time is 6.047ms
04-13 01:08:58.593 10462 10480 I native-activity: Swap 792 time is 19.639ms
04-13 01:08:58.593 10462 10480 I native-activity: Animating
04-13 01:08:58.600 10462 10480 I native-activity: Frame 793 GL error is 0x0
04-13 01:08:58.600 10462 10480 I native-activity: Frame 793 time is 6.467ms
04-13 01:08:58.613 10462 10480 I native-activity: Swap 793 time is 20.217ms
04-13 01:08:58.613 10462 10480 I native-activity: Animating
04-13 01:08:58.621 10462 10480 I native-activity: Frame 794 GL error is 0x0
04-13 01:08:58.622 10462 10480 I native-activity: Frame 794 time is 8.239ms
04-13 01:08:58.633 10462 10480 I native-activity: Swap 794 time is 19.809ms
04-13 01:08:58.633 10462 10480 I native-activity: Animating
04-13 01:08:58.641 10462 10480 I native-activity: Frame 795 GL error is 0x0
04-13 01:08:58.641 10462 10480 I native-activity: Frame 795 time is 7.658ms
04-13 01:08:58.654 10462 10480 I native-activity: Swap 795 time is 20.293ms
04-13 01:08:58.654 10462 10480 I native-activity: Animating
04-13 01:08:58.661 10462 10480 I native-activity: Frame 796 GL error is 0x0
04-13 01:08:58.661 10462 10480 I native-activity: Frame 796 time is 6.971ms
04-13 01:08:58.674 10462 10480 I native-activity: Swap 796 time is 20.352ms
04-13 01:08:58.674 10462 10480 I native-activity: Animating
04-13 01:08:58.681 10462 10480 I native-activity: Frame 797 GL error is 0x0
04-13 01:08:58.681 10462 10480 I native-activity: Frame 797 time is 6.486ms
04-13 01:08:58.695 10462 10480 I native-activity: Swap 797 time is 20.612ms
04-13 01:08:58.695 10462 10480 I native-activity: Animating
04-13 01:08:58.707 10462 10480 I native-activity: Frame 798 GL error is 0x0
04-13 01:08:58.707 10462 10480 I native-activity: Frame 798 time is 11.806ms
