04-13 01:08:33.419 10339 10357 I native-activity: Frame 480 time is 13.196ms
04-13 01:08:33.419 10339 10357 I native-activity: Swap 480 time is 13.230ms
04-13 01:08:33.419 10339 10357 I native-activity: Animating
04-13 01:08:33.434 10339 10357 I native-activity: Frame 481 GL error is 0x0
04-13 01:08:33.434 10339 10357 I native-activity: Frame 481 time is 14.172ms
04-13 01:08:33.434 10339 10357 I native-activity: Swap 481 time is 14.216ms
04-13 01:08:33.434 10339 10357 I native-activity: Animating
04-13 01:08:33.446 10339 10357 I native-activity: Frame 482 GL error is 0x0
04-13 01:08:33.446 10339 10357 I native-activity: Frame 482 time is 12.697ms
04-13 01:08:33.446 10339 10357 I native-activity: Swap 482 time is 12.745ms
04-13 01:08:33.446 10339 10357 I native-activity: Animating
04-13 01:08:33.461 10339 10357 I native-activity: Frame 483 GL error is 0x0
04-13 01:08:33.461 10339 10357 I native-activity: Frame 483 time is 14.907ms
04-13 01:08:33.461 10339 10357 I native-activity: Swap 483 time is 14.940ms
04-13 01:08:33.461 10339 10357 I native-activity: Animating
04-13 01:08:33.475 10339 10357 I native-activity: Frame 484 GL error is 0x0
04-13 01:08:33.475 10339 10357 I native-activity: Frame 484 time is 13.724ms
04-13 01:08:33.475 10339 10357 I native-activity: Swap 484 time is 13.769ms
04-13 01:08:33.475 10339 10357 I native-activity: Animating
04-13 01:08:33.489 10339 10357 I native-activity: Frame 485 GL error is 0x0
04-13 01:08:33.489 10339 10357 I native-activity: Frame 485 time is 14.020ms
04-13 01:08:33.489 10339 10357 I native-activity: Swap 485 time is 14.055ms
04-13 01:08:33.489 10339 10357 I native-activity: Animating
04-13 01:08:33.504 10339 10357 I native-activity: Frame 486 GL error is 0x0
04-13 01:08:33.504 10339 10357 I native-activity: Frame 486 time is 14.501ms
04-13 01:08:33.504 10339 10357 I native-activity: Swap 486 time is 14.547ms
04-13 01:08:33.504 10339 10357 I native-activity: Animating
04-13 01:08:33.518 10339 10357 I native-activity: Frame 487 GL error is 0x0
04-13 01:08:33.518 10339 10357 I native-activity: Frame 487 time is 13.944ms
04-13 01:08:33.518 10339 10357 I native-activity: Swap 487 time is 13.977ms
04-13 01:08:33.518 10339 10357 I native-activity: Animating
04-13 01:08:33.517    93    93 I Kernel  : [ 3432.115773] (3)[93:irq/258-inv_irq]inv_mpu_iio: inv_read_fifo: Received Sensor Interrupt to read FIFO and Fifo_count is 6
04-13 01:08:33.535 10339 10357 I native-activity: Frame 488 GL error is 0x0
04-13 01:08:33.535 10339 10357 I native-activity: Frame 488 time is 17.046ms
04-13 01:08:33.535 10339 10357 I native-activity: Swap 488 time is 17.090ms
04-13 01:08:33.535 10339 10357 I native-activity: Animating
04-13 01:08:33.547 10339 10357 I native-activity: Frame 489 GL error is 0x0
04-13 01:08:33.547 10339 10357 I native-activity: Frame 489 time is 11.919ms
04-13 01:08:33.547 10339 10357 I native-activity: Swap 489 time is 11.963ms
04-13 01:08:33.547 10339 10357 I native-activity: Animating
04-13 01:08:33.561 10339 10357 I native-activity: Frame 490 GL error is 0x0
04-13 01:08:33.561 10339 10357 I native-activity: Frame 490 time is 13.903ms
04-13 01:08:33.561 10339 10357 I native-activity: Swap 490 time is 13.935ms
04-13 01:08:33.561 10339 10357 I native-activity: Animating
04-13 01:08:33.576 10339 10357 I native-activity: Frame 491 GL error is 0x0
04-13 01:08:33.576 10339 10357 I native-activity: Frame 491 time is 14.938ms
04-13 01:08:33.576 10339 10357 I native-activity: Swap 491 time is 14.974ms
04-13 01:08:33.576 10339 10357 I native-activity: Animating
04-13 01:08:33.589 10339 10357 I native-activity: Frame 492 GL error is 0x0
04-13 01:08:33.589 10339 10357 I native-activity: Frame 492 time is 13.084ms
04-13 01:08:33.589 10339 10357 I native-activity: Swap 492 time is 13.122ms
04-13 01:08:33.589 10339 10357 I native-activity: Animating
04-13 01:08:33.604 10339 10357 I native-activity: Frame 493 GL error is 0x0
04-13 01:08:33.604 10339 10357 I native-activity: Frame 493 time is 14.140ms
04-13 01:08:33.604 10339 10357 I native-activity: Swap 493 time is 14.175ms
04-13 01:08:33.604 10339 10357 I native-activity: Animating
04-13 01:08:33.618 10339 10357 I native-activity: Frame 494 GL error is 0x0
04-13 01:08:33.618 10339 10357 I native-activity: Frame 494 time is 14.214ms
04-13 01:08:33.618 10339 10357 I native-activity: Swap 494 time is 14.248ms
04-13 01:08:33.618 10339 10357 I native-activity: Animating
04-13 01:08:33.634 10339 10357 I native-activity: Frame 495 GL error is 0x0
04-13 01:08:33.634 10339 10357 I native-activity: Frame 495 time is 16.035ms
04-13 01:08:33.634 10339 10357 I native-activity: Swap 495 time is 16.084ms
04-13 01:08:33.634 10339 10357 I native-activity: Animating
04-13 01:08:33.647 10339 10357 I native-activity: Frame 496 GL error is 0x0
04-13 01:08:33.647 10339 10357 I native-activity: Frame 496 time is 13.122ms
04-13 01:08:33.647 10339 10357 I native-activity: Swap 496 time is 13.161ms
04-13 01:08:33.647 10339 10357 I native-activity: Animating
04-13 01:08:33.662 10339 10357 I native-activity: Frame 497 GL error is 0x0
04-13 01:08:33.662 10339 10357 I native-activity: Frame 497 time is 14.147ms
04-13 01:08:33.662 10339 10357 I native-activity: Swap 497 time is 14.184ms
04-13 01:08:33.662 10339 10357 I native-activity: Animating
04-13 01:08:33.676 10339 10357 I native-activity: Frame 498 GL error is 0x0
04-13 01:08:33.676 10339 10357 I native-activity: Frame 498 time is 14.194ms
04-13 01:08:33.676 10339 10357 I native-activity: Swap 498 time is 14.235ms
04-13 01:08:33.676 10339 10357 I native-activity: Animating
04-13 01:08:33.690 10339 10357 I native-activity: Frame 499 GL error is 0x0
04-13 01:08:33.691 10339 10357 I native-activity: Frame 499 time is 14.510ms
04-13 01:08:33.691 10339 10357 I native-activity: Swap 499 time is 14.549ms
04-13 01:08:33.691 10339 10357 I native-activity: Animating
04-13 01:08:33.705 10339 10357 I native-activity: Frame 500 GL error is 0x0
04-13 01:08:33.705 10339 10357 I native-activity: Frame 500 time is 13.907ms
04-13 01:08:33.705 10339 10357 I native-activity: Swap 500 time is 13.947ms
04-13 01:08:33.705 10339 10357 I native-activity: Animating
04-13 01:08:33.719 10339 10357 I native-activity: Frame 501 GL error is 0x0
04-13 01:08:33.719 10339 10357 I native-activity: Frame 501 time is 14.125ms
04-13 01:08:33.719 10339 10357 I native-activity: Swap 501 time is 14.163ms
04-13 01:08:33.719 10339 10357 I native-activity: Animating
04-13 01:08:33.735 10339 10357 I native-activity: Frame 502 GL error is 0x0
04-13 01:08:33.735 10339 10357 I native-activity: Frame 502 time is 16.059ms
04-13 01:08:33.735 10339 10357 I native-activity: Swap 502 time is 16.108ms
04-13 01:08:33.735 10339 10357 I native-activity: Animating
04-13 01:08:33.749 10339 10357 I native-activity: Frame 503 GL error is 0x0
04-13 01:08:33.749 10339 10357 I native-activity: Frame 503 time is 14.173ms
04-13 01:08:33.749 10339 10357 I native-activity: Swap 503 time is 14.220ms
04-13 01:08:33.749 10339 10357 I native-activity: Animating
04-13 01:08:33.764 10339 10357 I native-activity: Frame 504 GL error is 0x0
04-13 01:08:33.764 10339 10357 I native-activity: Frame 504 time is 14.377ms
04-13 01:08:33.764 10339 10357 I native-activity: Swap 504 time is 14.424ms
04-13 01:08:33.764 10339 10357 I native-activity: Animating
04-13 01:08:33.778 10339 10357 I native-activity: Frame 505 GL error is 0x0
04-13 01:08:33.778 10339 10357 I native-activity: Frame 505 time is 14.370ms
04-13 01:08:33.778 10339 10357 I native-activity: Swap 505 time is 14.419ms
04-13 01:08:33.778 10339 10357 I native-activity: Animating
04-13 01:08:33.793 10339 10357 I native-activity: Frame 506 GL error is 0x0
04-13 01:08:33.793 10339 10357 I native-activity: Frame 506 time is 14.139ms
04-13 01:08:33.793 10339 10357 I native-activity: Swap 506 time is 14.186ms
04-13 01:08:33.793 10339 10357 I native-activity: Animating
04-13 01:08:33.807 10339 10357 I native-activity: Frame 507 GL error is 0x0
04-13 01:08:33.808 10339 10357 I native-activity: Frame 507 time is 14.873ms
04-13 01:08:33.808 10339 10357 I native-activity: Swap 507 time is 14.925ms
04-13 01:08:33.808 10339 10357 I native-activity: Animating
04-13 01:08:33.822 10339 10357 I native-activity: Frame 508 GL error is 0x0
04-13 01:08:33.822 10339 10357 I native-activity: Frame 508 time is 13.922ms
04-13 01:08:33.822 10339 10357 I native-activity: Swap 508 time is 13.974ms
04-13 01:08:33.822 10339 10357 I native-activity: Animating
04-13 01:08:33.834 10339 10357 I native-activity: Frame 509 GL error is 0x0
04-13 01:08:33.834 10339 10357 I native-activity: Frame 509 time is 12.341ms
04-13 01:08:33.834 10339 10357 I native-activity: Swap 509 time is 12.377ms
04-13 01:08:33.834 10339 10357 I native-activity: Animating
04-13 01:08:33.848 10339 10357 I native-activity: Frame 510 GL error is 0x0
04-13 01:08:33.848 10339 10357 I native-activity: Frame 510 time is 13.433ms
04-13 01:08:33.848 10339 10357 I native-activity: Swap 510 time is 13.480ms
04-13 01:08:33.848 10339 10357 I native-activity: Animating
04-13 01:08:33.863 10339 10357 I native-activity: Frame 511 GL error is 0x0
04-13 01:08:33.863 10339 10357 I native-activity: Frame 511 time is 14.983ms
04-13 01:08:33.863 10339 10357 I native-activity: Swap 511 time is 15.015ms
04-13 01:08:33.863 10339 10357 I native-activity: Animating
04-13 01:08:33.876 10339 10357 I native-activity: Frame 512 GL error is 0x0
04-13 01:08:33.876 10339 10357 I native-activity: Frame 512 time is 13.185ms
04-13 01:08:33.876 10339 10357 I native-activity: Swap 512 time is 13.221ms
04-13 01:08:33.876 10339 10357 I native-activity: Animating
04-13 01:08:33.890 10339 10357 I native-activity: Frame 513 GL error is 0x0
04-13 01:08:33.891 10339 10357 I native-activity: Frame 513 time is 14.411ms
04-13 01:08:33.891 10339 10357 I native-activity: Swap 513 time is 14.460ms
04-13 01:08:33.891 10339 10357 I native-activity: Animating
04-13 01:08:33.905 10339 10357 I native-activity: Frame 514 GL error is 0x0
04-13 01:08:33.905 10339 10357 I native-activity: Frame 514 time is 14.128ms
04-13 01:08:33.905 10339 10357 I native-activity: Swap 514 time is 14.162ms
04-13 01:08:33.905 10339 10357 I native-activity: Animating
04-13 01:08:33.919 10339 10357 I native-activity: Frame 515 GL error is 0x0
04-13 01:08:33.919 10339 10357 I native-activity: Frame 515 time is 14.350ms
04-13 01:08:33.919 10339 10357 I native-activity: Swap 515 time is 14.385ms
04-13 01:08:33.919 10339 10357 I native-activity: Animating
04-13 01:08:33.937 10339 10357 I native-activity: Frame 516 GL error is 0x0
04-13 01:08:33.937 10339 10357 I native-activity: Frame 516 time is 18.013ms
04-13 01:08:33.937 10339 10357 I native-activity: Swap 516 time is 18.061ms
04-13 01:08:33.937 10339 10357 I native-activity: Animating
04-13 01:08:33.951 10339 10357 I native-activity: Frame 517 GL error is 0x0
04-13 01:08:33.951 10339 10357 I native-activity: Frame 517 time is 13.226ms
04-13 01:08:33.951 10339 10357 I native-activity: Swap 517 time is 13.277ms
04-13 01:08:33.951 10339 10357 I native-activity: Animating
04-13 01:08:33.968 10339 10357 I native-activity: Frame 518 GL error is 0x0
04-13 01:08:33.968 10339 10357 I native-activity: Frame 518 time is 17.124ms
04-13 01:08:33.968 10339 10357 I native-activity: Swap 518 time is 17.191ms
04-13 01:08:33.968 10339 10357 I native-activity: Animating
04-13 01:08:33.982 10339 10357 I native-activity: Frame 519 GL error is 0x0
04-13 01:08:33.982 10339 10357 I native-activity: Frame 519 time is 14.235ms
04-13 01:08:33.982 10339 10357 I native-activity: Swap 519 time is 14.272ms
04-13 01:08:33.982 10339 10357 I native-activity: Animating
04-13 01:08:33.992 10339 10357 I native-activity: Frame 520 GL error is 0x0
04-13 01:08:33.992 10339 10357 I native-activity: Frame 520 time is 9.975ms
04-13 01:08:33.992 10339 10357 I native-activity: Swap 520 time is 10.013ms
04-13 01:08:33.993 10339 10357 I native-activity: Animating
04-13 01:08:34.007 10339 10357 I native-activity: Frame 521 GL error is 0x0
04-13 01:08:34.007 10339 10357 I native-activity: Frame 521 time is 14.012ms
04-13 01:08:34.007 10339 10357 I native-activity: Swap 521 time is 14.051ms
04-13 01:08:34.007 10339 10357 I native-activity: Animating
04-13 01:08:34.021 10339 10357 I native-activity: Frame 522 GL error is 0x0
04-13 01:08:34.021 10339 10357 I native-activity: Frame 522 time is 14.278ms
04-13 01:08:34.021 10339 10357 I native-activity: Swap 522 time is 14.321ms
04-13 01:08:34.021 10339 10357 I native-activity: Animating
04-13 01:08:34.035 10339 10357 I native-activity: Frame 523 GL error is 0x0
04-13 01:08:34.035 10339 10357 I native-activity: Frame 523 time is 13.825ms
04-13 01:08:34.035 10339 10357 I native-activity: Swap 523 time is 13.862ms
04-13 01:08:34.035 10339 10357 I native-activity: Animating
04-13 01:08:34.049 10339 10357 I native-activity: Frame 524 GL error is 0x0
04-13 01:08:34.049 10339 10357 I native-activity: Frame 524 time is 14.120ms
04-13 01:08:34.049 10339 10357 I native-activity: Swap 524 time is 14.162ms
04-13 01:08:34.049 10339 10357 I native-activity: Animating
04-13 01:08:34.063 10339 10357 I native-activity: Frame 525 GL error is 0x0
04-13 01:08:34.063 10339 10357 I native-activity: Frame 525 time is 13.811ms
04-13 01:08:34.063 10339 10357 I native-activity: Swap 525 time is 13.845ms
04-13 01:08:34.063 10339 10357 I native-activity: Animating
04-13 01:08:34.085 10339 10357 I native-activity: Frame 526 GL error is 0x0
04-13 01:08:34.085 10339 10357 I native-activity: Frame 526 time is 21.581ms
04-13 01:08:34.085 10339 10357 I native-activity: Swap 526 time is 21.619ms
04-13 01:08:34.085 10339 10357 I native-activity: Animating
04-13 01:08:34.092 10339 10357 I native-activity: Frame 527 GL error is 0x0
04-13 01:08:34.092 10339 10357 I native-activity: Frame 527 time is 7.150ms
04-13 01:08:34.092 10339 10357 I native-activity: Swap 527 time is 7.201ms
04-13 01:08:34.092 10339 10357 I native-activity: Animating
04-13 01:08:34.108 10339 10357 I native-activity: Frame 528 GL error is 0x0
04-13 01:08:34.108 10339 10357 I native-activity: Frame 528 time is 15.554ms
04-13 01:08:34.108 10339 10357 I native-activity: Swap 528 time is 15.592ms
04-13 01:08:34.108 10339 10357 I native-activity: Animating
04-13 01:08:34.133 10339 10357 I native-activity: Frame 529 GL error is 0x0
04-13 01:08:34.133 10339 10357 I native-activity: Frame 529 time is 25.461ms
04-13 01:08:34.133 10339 10357 I native-activity: Swap 529 time is 25.498ms
04-13 01:08:34.133 10339 10357 I native-activity: Animating
04-13 01:08:34.163 10339 10357 I native-activity: Frame 530 GL error is 0x0
04-13 01:08:34.163 10339 10357 I native-activity: Frame 530 time is 29.374ms
04-13 01:08:34.163 10339 10357 I native-activity: Swap 530 time is 29.409ms
04-13 01:08:34.163 10339 10357 I native-activity: Animating
04-13 01:08:34.171 10339 10357 I native-activity: Frame 531 GL error is 0x0
04-13 01:08:34.171 10339 10357 I native-activity: Frame 531 time is 7.980ms
04-13 01:08:34.171 10339 10357 I native-activity: Swap 531 time is 8.018ms
04-13 01:08:34.171 10339 10357 I native-activity: Animating
04-13 01:08:34.178 10339 10357 I native-activity: Frame 532 GL error is 0x0
04-13 01:08:34.178 10339 10357 I native-activity: Frame 532 time is 7.167ms
04-13 01:08:34.178 10339 10357 I native-activity: Swap 532 time is 7.204ms
04-13 01:08:34.178 10339 10357 I native-activity: Animating
04-13 01:08:34.186 10339 10357 I native-activity: Frame 533 GL error is 0x0
04-13 01:08:34.186 10339 10357 I native-activity: Frame 533 time is 7.696ms
04-13 01:08:34.186 10339 10357 I native-activity: Swap 533 time is 7.734ms
04-13 01:08:34.186 10339 10357 I native-activity: Animating
04-13 01:08:34.195 10339 10357 I native-activity: Frame 534 GL error is 0x0
04-13 01:08:34.195 10339 10357 I native-activity: Frame 534 time is 8.970ms
04-13 01:08:34.195 10339 10357 I native-activity: Swap 534 time is 9.008ms
04-13 01:08:34.195 10339 10357 I native-activity: Animating
04-13 01:08:34.208 10339 10357 I native-activity: Frame 535 GL error is 0x0
04-13 01:08:34.208 10339 10357 I native-activity: Frame 535 time is 13.215ms
04-13 01:08:34.208 10339 10357 I native-activity: Swap 535 time is 13.253ms
04-13 01:08:34.208 10339 10357 I native-activity: Animating
04-13 01:08:34.222 10339 10357 I native-activity: Frame 536 GL error is 0x0
04-13 01:08:34.222 10339 10357 I native-activity: Frame 536 time is 13.792ms
04-13 01:08:34.222 10339 10357 I native-activity: Swap 536 time is 13.827ms
04-13 01:08:34.222 10339 10357 I native-activity: Animating
04-13 01:08:34.236 10339 10357 I native-activity: Frame 537 GL error is 0x0
04-13 01:08:34.236 10339 10357 I native-activity: Frame 537 time is 14.159ms
04-13 01:08:34.236 10339 10357 I native-activity: Swap 537 time is 14.196ms
04-13 01:08:34.236 10339 10357 I native-activity: Animating
04-13 01:08:34.249 10339 10357 I native-activity: Frame 538 GL error is 0x0
04-13 01:08:34.249 10339 10357 I native-activity: Frame 538 time is 12.195ms
04-13 01:08:34.249 10339 10357 I native-activity: Swap 538 time is 12.232ms
04-13 01:08:34.249 10339 10357 I native-activity: Animating
04-13 01:08:34.263 10339 10357 I native-activity: Frame 539 GL error is 0x0
04-13 01:08:34.263 10339 10357 I native-activity: Frame 539 time is 14.031ms
04-13 01:08:34.263 10339 10357 I native-activity: Swap 539 time is 14.072ms
04-13 01:08:34.263 10339 10357 I native-activity: Animating
04-13 01:08:34.275 10339 10357 I native-activity: Frame 540 GL error is 0x0
04-13 01:08:34.275 10339 10357 I native-activity: Frame 540 time is 12.728ms
04-13 01:08:34.276 10339 10357 I native-activity: Swap 540 time is 12.764ms
04-13 01:08:34.276 10339 10357 I native-activity: Animating
04-13 01:08:34.289 10339 10357 I native-activity: Frame 541 GL error is 0x0
04-13 01:08:34.289 10339 10357 I native-activity: Frame 541 time is 13.111ms
04-13 01:08:34.289 10339 10357 I native-activity: Swap 541 time is 13.150ms
04-13 01:08:34.289 10339 10357 I native-activity: Animating
04-13 01:08:34.302 10339 10357 I native-activity: Frame 542 GL error is 0x0
04-13 01:08:34.302 10339 10357 I native-activity: Frame 542 time is 13.515ms
04-13 01:08:34.302 10339 10357 I native-activity: Swap 542 time is 13.552ms
04-13 01:08:34.302 10339 10357 I native-activity: Animating
04-13 01:08:34.320 10339 10357 I native-activity: Frame 543 GL error is 0x0
04-13 01:08:34.320 10339 10357 I native-activity: Frame 543 time is 17.214ms
04-13 01:08:34.320 10339 10357 I native-activity: Swap 543 time is 17.261ms
04-13 01:08:34.320 10339 10357 I native-activity: Animating
04-13 01:08:34.331 10339 10357 I native-activity: Frame 544 GL error is 0x0
04-13 01:08:34.331 10339 10357 I native-activity: Frame 544 time is 11.554ms
04-13 01:08:34.331 10339 10357 I native-activity: Swap 544 time is 11.610ms
04-13 01:08:34.331 10339 10357 I native-activity: Animating
04-13 01:08:34.344 10339 10357 I native-activity: Frame 545 GL error is 0x0
04-13 01:08:34.344 10339 10357 I native-activity: Frame 545 time is 12.321ms
04-13 01:08:34.344 10339 10357 I native-activity: Swap 545 time is 12.354ms
04-13 01:08:34.344 10339 10357 I native-activity: Animating
04-13 01:08:34.347    93    93 I Kernel  : [ 3432.948335] (2)[93:irq/258-inv_irq]inv_mpu_iio: inv_read_fifo: Received Sensor Interrupt to read FIFO and Fifo_count is 6
04-13 01:08:34.367 10339 10357 I native-activity: Frame 546 GL error is 0x0
04-13 01:08:34.367 10339 10357 I native-activity: Frame 546 time is 23.334ms
04-13 01:08:34.367 10339 10357 I native-activity: Swap 546 time is 23.382ms
04-13 01:08:34.367 10339 10357 I native-activity: Animating
04-13 01:08:34.376 10339 10357 I native-activity: Frame 547 GL error is 0x0
04-13 01:08:34.376 10339 10357 I native-activity: Frame 547 time is 8.278ms
04-13 01:08:34.376 10339 10357 I native-activity: Swap 547 time is 8.314ms
04-13 01:08:34.376 10339 10357 I native-activity: Animating
04-13 01:08:34.383 10339 10357 I native-activity: Frame 548 GL error is 0x0
04-13 01:08:34.383 10339 10357 I native-activity: Frame 548 time is 7.842ms
04-13 01:08:34.383 10339 10357 I native-activity: Swap 548 time is 7.879ms
04-13 01:08:34.384 10339 10357 I native-activity: Animating
04-13 01:08:34.396 10339 10357 I native-activity: Frame 549 GL error is 0x0
04-13 01:08:34.396 10339 10357 I native-activity: Frame 549 time is 12.830ms
04-13 01:08:34.396 10339 10357 I native-activity: Swap 549 time is 12.863ms
04-13 01:08:34.396 10339 10357 I native-activity: Animating
04-13 01:08:34.410 10339 10357 I native-activity: Frame 550 GL error is 0x0
04-13 01:08:34.410 10339 10357 I native-activity: Frame 550 time is 13.564ms
04-13 01:08:34.410 10339 10357 I native-activity: Swap 550 time is 13.597ms
04-13 01:08:34.410 10339 10357 I native-activity: Animating
04-13 01:08:34.424 10339 10357 I native-activity: Frame 551 GL error is 0x0
04-13 01:08:34.424 10339 10357 I native-activity: Frame 551 time is 13.840ms
04-13 01:08:34.424 10339 10357 I native-activity: Swap 551 time is 13.870ms
04-13 01:08:34.424 10339 10357 I native-activity: Animating
04-13 01:08:34.440 10339 10357 I native-activity: Frame 552 GL error is 0x0
04-13 01:08:34.440 10339 10357 I native-activity: Frame 552 time is 15.877ms
04-13 01:08:34.440 10339 10357 I native-activity: Swap 552 time is 15.914ms
04-13 01:08:34.440 10339 10357 I native-activity: Animating
04-13 01:08:34.451 10339 10357 I native-activity: Frame 553 GL error is 0x0
04-13 01:08:34.451 10339 10357 I native-activity: Frame 553 time is 11.317ms
04-13 01:08:34.451 10339 10357 I native-activity: Swap 553 time is 11.362ms
04-13 01:08:34.451 10339 10357 I native-activity: Animating
04-13 01:08:34.465 10339 10357 I native-activity: Frame 554 GL error is 0x0
04-13 01:08:34.465 10339 10357 I native-activity: Frame 554 time is 13.177ms
04-13 01:08:34.465 10339 10357 I native-activity: Swap 554 time is 13.218ms
04-13 01:08:34.465 10339 10357 I native-activity: Animating
04-13 01:08:34.478 10339 10357 I native-activity: Frame 555 GL error is 0x0
04-13 01:08:34.478 10339 10357 I native-activity: Frame 555 time is 13.585ms
04-13 01:08:34.478 10339 10357 I native-activity: Swap 555 time is 13.625ms
04-13 01:08:34.478 10339 10357 I native-activity: Animating
04-13 01:08:34.489 10339 10357 I native-activity: Frame 556 GL error is 0x0
04-13 01:08:34.489 10339 10357 I native-activity: Frame 556 time is 10.240ms
04-13 01:08:34.489 10339 10357 I native-activity: Swap 556 time is 10.269ms
04-13 01:08:34.489 10339 10357 I native-activity: Animating
04-13 01:08:34.502 10339 10357 I native-activity: Frame 557 GL error is 0x0
04-13 01:08:34.502 10339 10357 I native-activity: Frame 557 time is 13.221ms
04-13 01:08:34.502 10339 10357 I native-activity: Swap 557 time is 13.254ms
04-13 01:08:34.502 10339 10357 I native-activity: Animating
04-13 01:08:34.514 10339 10357 I native-activity: Frame 558 GL error is 0x0
04-13 01:08:34.514 10339 10357 I native-activity: Frame 558 time is 11.858ms
04-13 01:08:34.514 10339 10357 I native-activity: Swap 558 time is 11.886ms
04-13 01:08:34.514 10339 10357 I native-activity: Animating
04-13 01:08:34.527 10339 10357 I native-activity: Frame 559 GL error is 0x0
04-13 01:08:34.527 10339 10357 I native-activity: Frame 559 time is 13.271ms
04-13 01:08:34.527 10339 10357 I native-activity: Swap 559 time is 13.300ms
04-13 01:08:34.527 10339 10357 I native-activity: Animating
04-13 01:08:34.539 10339 10357 I native-activity: Frame 560 GL error is 0x0
04-13 01:08:34.539 10339 10357 I native-activity: Frame 560 time is 11.826ms
04-13 01:08:34.539 10339 10357 I native-activity: Swap 560 time is 11.857ms
04-13 01:08:34.539 10339 10357 I native-activity: Animating
04-13 01:08:34.556 10339 10357 I native-activity: Frame 561 GL error is 0x0
04-13 01:08:34.556 10339 10357 I native-activity: Frame 561 time is 16.921ms
04-13 01:08:34.556 10339 10357 I native-activity: Swap 561 time is 16.957ms
04-13 01:08:34.556 10339 10357 I native-activity: Animating
04-13 01:08:34.564 10339 10357 I native-activity: Frame 562 GL error is 0x0
04-13 01:08:34.564 10339 10357 I native-activity: Frame 562 time is 8.072ms
04-13 01:08:34.564 10339 10357 I native-activity: Swap 562 time is 8.104ms
04-13 01:08:34.564 10339 10357 I native-activity: Animating
04-13 01:08:34.578 10339 10357 I native-activity: Frame 563 GL error is 0x0
04-13 01:08:34.578 10339 10357 I native-activity: Frame 563 time is 13.572ms
04-13 01:08:34.578 10339 10357 I native-activity: Swap 563 time is 13.604ms
04-13 01:08:34.578 10339 10357 I native-activity: Animating
04-13 01:08:34.592 10339 10357 I native-activity: Frame 564 GL error is 0x0
04-13 01:08:34.592 10339 10357 I native-activity: Frame 564 time is 14.222ms
04-13 01:08:34.592 10339 10357 I native-activity: Swap 564 time is 14.287ms
04-13 01:08:34.593 10339 10357 I native-activity: Animating
04-13 01:08:34.606 10339 10357 I native-activity: Frame 565 GL error is 0x0
04-13 01:08:34.606 10339 10357 I native-activity: Frame 565 time is 13.890ms
04-13 01:08:34.607 10339 10357 I native-activity: Swap 565 time is 13.958ms
04-13 01:08:34.607 10339 10357 I native-activity: Animating
04-13 01:08:34.619 10339 10357 I native-activity: Frame 566 GL error is 0x0
04-13 01:08:34.619 10339 10357 I native-activity: Frame 566 time is 12.686ms
04-13 01:08:34.619 10339 10357 I native-activity: Swap 566 time is 12.754ms
04-13 01:08:34.619 10339 10357 I native-activity: Animating
04-13 01:08:34.632 10339 10357 I native-activity: Frame 567 GL error is 0x0
04-13 01:08:34.632 10339 10357 I native-activity: Frame 567 time is 12.868ms
04-13 01:08:34.632 10339 10357 I native-activity: Swap 567 time is 12.906ms
04-13 01:08:34.632 10339 10357 I native-activity: Animating
04-13 01:08:34.638 10339 10357 I native-activity: Frame 568 GL error is 0x0
04-13 01:08:34.638 10339 10357 I native-activity: Frame 568 time is 5.563ms
04-13 01:08:34.638 10339 10357 I native-activity: Swap 568 time is 5.598ms
04-13 01:08:34.638 10339 10357 I native-activity: Animating
04-13 01:08:34.650 10339 10357 I native-activity: Frame 569 GL error is 0x0
04-13 01:08:34.650 10339 10357 I native-activity: Frame 569 time is 11.506ms
04-13 01:08:34.650 10339 10357 I native-activity: Swap 569 time is 11.540ms
04-13 01:08:34.650 10339 10357 I native-activity: Animating
04-13 01:08:34.661 10339 10357 I native-activity: Frame 570 GL error is 0x0
04-13 01:08:34.661 10339 10357 I native-activity: Frame 570 time is 11.476ms
04-13 01:08:34.661 10339 10357 I native-activity: Swap 570 time is 11.515ms
04-13 01:08:34.661 10339 10357 I native-activity: Animating
04-13 01:08:34.673 10339 10357 I native-activity: Frame 571 GL error is 0x0
04-13 01:08:34.673 10339 10357 I native-activity: Frame 571 time is 11.342ms
04-13 01:08:34.673 10339 10357 I native-activity: Swap 571 time is 11.380ms
04-13 01:08:34.673 10339 10357 I native-activity: Animating
04-13 01:08:34.684 10339 10357 I native-activity: Frame 572 GL error is 0x0
04-13 01:08:34.684 10339 10357 I native-activity: Frame 572 time is 11.381ms
04-13 01:08:34.684 10339 10357 I native-activity: Swap 572 time is 11.416ms
04-13 01:08:34.684 10339 10357 I native-activity: Animating
04-13 01:08:34.695 10339 10357 I native-activity: Frame 573 GL error is 0x0
04-13 01:08:34.695 10339 10357 I native-activity: Frame 573 time is 10.531ms
04-13 01:08:34.695 10339 10357 I native-activity: Swap 573 time is 10.568ms
04-13 01:08:34.695 10339 10357 I native-activity: Animating
04-13 01:08:34.706 10339 10357 I native-activity: Frame 574 GL error is 0x0
04-13 01:08:34.706 10339 10357 I native-activity: Frame 574 time is 11.221ms
04-13 01:08:34.706 10339 10357 I native-activity: Swap 574 time is 11.257ms
04-13 01:08:34.706 10339 10357 I native-activity: Animating
04-13 01:08:34.717 10339 10357 I native-activity: Frame 575 GL error is 0x0
04-13 01:08:34.717 10339 10357 I native-activity: Frame 575 time is 11.406ms
04-13 01:08:34.718 10339 10357 I native-activity: Swap 575 time is 11.439ms
04-13 01:08:34.718 10339 10357 I native-activity: Animating
04-13 01:08:34.730 10339 10357 I native-activity: Frame 576 GL error is 0x0
04-13 01:08:34.730 10339 10357 I native-activity: Frame 576 time is 12.355ms
04-13 01:08:34.730 10339 10357 I native-activity: Swap 576 time is 12.394ms
04-13 01:08:34.730 10339 10357 I native-activity: Animating
04-13 01:08:34.738 10339 10357 I native-activity: Frame 577 GL error is 0x0
04-13 01:08:34.738 10339 10357 I native-activity: Frame 577 time is 8.036ms
04-13 01:08:34.738 10339 10357 I native-activity: Swap 577 time is 8.075ms
04-13 01:08:34.738 10339 10357 I native-activity: Animating
04-13 01:08:34.748 10339 10357 I native-activity: Frame 578 GL error is 0x0
04-13 01:08:34.748 10339 10357 I native-activity: Frame 578 time is 10.105ms
04-13 01:08:34.748 10339 10357 I native-activity: Swap 578 time is 10.140ms
04-13 01:08:34.748 10339 10357 I native-activity: Animating
04-13 01:08:34.760 10339 10357 I native-activity: Frame 579 GL error is 0x0
04-13 01:08:34.760 10339 10357 I native-activity: Frame 579 time is 12.099ms
04-13 01:08:34.761 10339 10357 I native-activity: Swap 579 time is 12.139ms
04-13 01:08:34.761 10339 10357 I native-activity: Animating
04-13 01:08:34.772 10339 10357 I native-activity: Frame 580 GL error is 0x0
04-13 01:08:34.772 10339 10357 I native-activity: Frame 580 time is 11.174ms
04-13 01:08:34.772 10339 10357 I native-activity: Swap 580 time is 11.213ms
04-13 01:08:34.772 10339 10357 I native-activity: Animating
04-13 01:08:34.784 10339 10357 I native-activity: Frame 581 GL error is 0x0
04-13 01:08:34.784 10339 10357 I native-activity: Frame 581 time is 11.826ms
04-13 01:08:34.784 10339 10357 I native-activity: Swap 581 time is 11.865ms
04-13 01:08:34.784 10339 10357 I native-activity: Animating
04-13 01:08:34.794 10339 10357 I native-activity: Frame 582 GL error is 0x0
04-13 01:08:34.794 10339 10357 I native-activity: Frame 582 time is 9.883ms
04-13 01:08:34.794 10339 10357 I native-activity: Swap 582 time is 9.926ms
04-13 01:08:34.794 10339 10357 I native-activity: Animating
04-13 01:08:34.804 10339 10357 I native-activity: Frame 583 GL error is 0x0
04-13 01:08:34.804 10339 10357 I native-activity: Frame 583 time is 10.361ms
04-13 01:08:34.804 10339 10357 I native-activity: Swap 583 time is 10.400ms
04-13 01:08:34.804 10339 10357 I native-activity: Animating
04-13 01:08:34.815 10339 10357 I native-activity: Frame 584 GL error is 0x0
04-13 01:08:34.815 10339 10357 I native-activity: Frame 584 time is 10.829ms
04-13 01:08:34.815 10339 10357 I native-activity: Swap 584 time is 10.868ms
04-13 01:08:34.815 10339 10357 I native-activity: Animating
04-13 01:08:34.827 10339 10357 I native-activity: Frame 585 GL error is 0x0
04-13 01:08:34.827 10339 10357 I native-activity: Frame 585 time is 11.440ms
04-13 01:08:34.827 10339 10357 I native-activity: Swap 585 time is 11.477ms
04-13 01:08:34.827 10339 10357 I native-activity: Animating
04-13 01:08:34.840 10339 10357 I native-activity: Frame 586 GL error is 0x0
04-13 01:08:34.840 10339 10357 I native-activity: Frame 586 time is 13.140ms
04-13 01:08:34.840 10339 10357 I native-activity: Swap 586 time is 13.178ms
04-13 01:08:34.840 10339 10357 I native-activity: Animating
04-13 01:08:34.852 10339 10357 I native-activity: Frame 587 GL error is 0x0
04-13 01:08:34.852 10339 10357 I native-activity: Frame 587 time is 12.256ms
04-13 01:08:34.852 10339 10357 I native-activity: Swap 587 time is 12.292ms
04-13 01:08:34.852 10339 10357 I native-activity: Animating
04-13 01:08:34.865 10339 10357 I native-activity: Frame 588 GL error is 0x0
04-13 01:08:34.865 10339 10357 I native-activity: Frame 588 time is 12.560ms
04-13 01:08:34.865 10339 10357 I native-activity: Swap 588 time is 12.599ms
04-13 01:08:34.865 10339 10357 I native-activity: Animating
04-13 01:08:34.880 10339 10357 I native-activity: Frame 589 GL error is 0x0
04-13 01:08:34.880 10339 10357 I native-activity: Frame 589 time is 15.473ms
04-13 01:08:34.880 10339 10357 I native-activity: Swap 589 time is 15.520ms
04-13 01:08:34.880 10339 10357 I native-activity: Animating
04-13 01:08:34.894 10339 10357 I native-activity: Frame 590 GL error is 0x0
04-13 01:08:34.894 10339 10357 I native-activity: Frame 590 time is 13.176ms
04-13 01:08:34.894 10339 10357 I native-activity: Swap 590 time is 13.218ms
04-13 01:08:34.894 10339 10357 I native-activity: Animating
04-13 01:08:34.906 10339 10357 I native-activity: Frame 591 GL error is 0x0
04-13 01:08:34.906 10339 10357 I native-activity: Frame 591 time is 11.828ms
04-13 01:08:34.906 10339 10357 I native-activity: Swap 591 time is 11.882ms
04-13 01:08:34.906 10339 10357 I native-activity: Animating
04-13 01:08:34.927 10339 10357 I native-activity: Frame 592 GL error is 0x501
04-13 01:08:34.927 10339 10357 I native-activity: Frame 592 time is 21.078ms
04-13 01:08:34.927 10339 10357 I native-activity: Swap 592 time is 21.135ms
04-13 01:08:34.927 10339 10357 I native-activity: Animating
04-13 01:08:34.934   962  1030 D ConnectivityService: updateNetworkScore for NetworkAgentInfo [WIFI () - 111] to 60
04-13 01:08:34.935 10339 10357 I native-activity: Frame 593 GL error is 0x0
04-13 01:08:34.935   962  1030 D ConnectivityService: rematching NetworkAgentInfo [WIFI () - 111]
04-13 01:08:34.935 10339 10357 I native-activity: Frame 593 time is 8.311ms
04-13 01:08:34.935   962  1030 D ConnectivityService: Network NetworkAgentInfo [WIFI () - 111] was already satisfying request 1. No change.
04-13 01:08:34.935 10339 10357 I native-activity: Swap 593 time is 8.360ms
04-13 01:08:34.935   962  1030 D ConnectivityService: notifyType AVAILABLE for NetworkAgentInfo [WIFI () - 111]
04-13 01:08:34.935 10339 10357 I native-activity: Animating
04-13 01:08:34.957 10339 10357 I native-activity: Frame 594 GL error is 0x0
04-13 01:08:34.957 10339 10357 I native-activity: Frame 594 time is 21.963ms
04-13 01:08:34.957 10339 10357 I native-activity: Swap 594 time is 22.011ms
04-13 01:08:34.957 10339 10357 I native-activity: Animating
04-13 01:08:34.975 10339 10357 I native-activity: Frame 595 GL error is 0x0
04-13 01:08:34.975 10339 10357 I native-activity: Frame 595 time is 17.323ms
04-13 01:08:34.975 10339 10357 I native-activity: Swap 595 time is 17.377ms
04-13 01:08:34.975 10339 10357 I native-activity: Animating
04-13 01:08:34.995 10339 10357 I native-activity: Frame 596 GL error is 0x0
04-13 01:08:34.995 10339 10357 I native-activity: Frame 596 time is 20.543ms
04-13 01:08:34.995 10339 10357 I native-activity: Swap 596 time is 20.586ms
04-13 01:08:34.996 10339 10357 I native-activity: Animating
04-13 01:08:35.008 10339 10357 I native-activity: Frame 597 GL error is 0x0
04-13 01:08:35.008 10339 10357 I native-activity: Frame 597 time is 12.723ms
04-13 01:08:35.008 10339 10357 I native-activity: Swap 597 time is 12.773ms
04-13 01:08:35.008 10339 10357 I native-activity: Animating
04-13 01:08:35.023 10339 10357 I native-activity: Frame 598 GL error is 0x0
04-13 01:08:35.023 10339 10357 I native-activity: Frame 598 time is 14.865ms
04-13 01:08:35.023 10339 10357 I native-activity: Swap 598 time is 14.912ms
04-13 01:08:35.023 10339 10357 I native-activity: Animating
04-13 01:08:35.038 10339 10357 I native-activity: Frame 599 GL error is 0x0
04-13 01:08:35.038 10339 10357 I native-activity: Frame 599 time is 14.386ms
04-13 01:08:35.038 10339 10357 I native-activity: Swap 599 time is 14.430ms
04-13 01:08:35.038 10339 10357 I native-activity: Animating
04-13 01:08:35.047 10339 10357 I native-activity: Frame 600 GL error is 0x0
04-13 01:08:35.047 10339 10357 I native-activity: Frame 600 time is 8.938ms
04-13 01:08:35.047 10339 10357 I native-activity: Swap 600 time is 8.981ms
04-13 01:08:35.047 10339 10357 I native-activity: Animating
04-13 01:08:35.057 10339 10357 I native-activity: Frame 601 GL error is 0x0
04-13 01:08:35.057 10339 10357 I native-activity: Frame 601 time is 9.889ms
04-13 01:08:35.057 10339 10357 I native-activity: Swap 601 time is 9.937ms
04-13 01:08:35.057 10339 10357 I native-activity: Animating
04-13 01:08:35.076 10339 10357 I native-activity: Frame 602 GL error is 0x0
04-13 01:08:35.077 10339 10357 I native-activity: Frame 602 time is 19.641ms
04-13 01:08:35.077 10339 10357 I native-activity: Swap 602 time is 19.833ms
04-13 01:08:35.077 10339 10357 I native-activity: Animating
04-13 01:08:35.085 10339 10357 I native-activity: Frame 603 GL error is 0x0
04-13 01:08:35.085 10339 10357 I native-activity: Frame 603 time is 8.146ms
04-13 01:08:35.085 10339 10357 I native-activity: Swap 603 time is 8.187ms
04-13 01:08:35.085 10339 10357 I native-activity: Animating
04-13 01:08:35.094 10339 10357 I native-activity: Frame 604 GL error is 0x0
04-13 01:08:35.094 10339 10357 I native-activity: Frame 604 time is 8.562ms
04-13 01:08:35.094 10339 10357 I native-activity: Swap 604 time is 8.617ms
04-13 01:08:35.094 10339 10357 I native-activity: Animating
04-13 01:08:35.106 10339 10357 I native-activity: Frame 605 GL error is 0x0
04-13 01:08:35.106 10339 10357 I native-activity: Frame 605 time is 11.684ms
04-13 01:08:35.106 10339 10357 I native-activity: Swap 605 time is 11.721ms
04-13 01:08:35.106 10339 10357 I native-activity: Animating
04-13 01:08:35.120 10339 10357 I native-activity: Frame 606 GL error is 0x0
04-13 01:08:35.120 10339 10357 I native-activity: Frame 606 time is 13.968ms
04-13 01:08:35.120 10339 10357 I native-activity: Swap 606 time is 14.008ms
04-13 01:08:35.120 10339 10357 I native-activity: Animating
04-13 01:08:35.133 10339 10357 I native-activity: Frame 607 GL error is 0x0
04-13 01:08:35.133 10339 10357 I native-activity: Frame 607 time is 12.946ms
04-13 01:08:35.133 10339 10357 I native-activity: Swap 607 time is 12.984ms
04-13 01:08:35.133 10339 10357 I native-activity: Animating
04-13 01:08:35.147 10339 10357 I native-activity: Frame 608 GL error is 0x0
04-13 01:08:35.147 10339 10357 I native-activity: Frame 608 time is 14.092ms
04-13 01:08:35.147 10339 10357 I native-activity: Swap 608 time is 14.129ms
04-13 01:08:35.147 10339 10357 I native-activity: Animating
04-13 01:08:35.162 10339 10357 I native-activity: Frame 609 GL error is 0x0
04-13 01:08:35.162 10339 10357 I native-activity: Frame 609 time is 14.496ms
04-13 01:08:35.162 10339 10357 I native-activity: Swap 609 time is 14.532ms
04-13 01:08:35.162 10339 10357 I native-activity: Animating
04-13 01:08:35.177 10339 10357 I native-activity: Frame 610 GL error is 0x0
04-13 01:08:35.177 10339 10357 I native-activity: Frame 610 time is 14.872ms
04-13 01:08:35.177 10339 10357 I native-activity: Swap 610 time is 14.912ms
04-13 01:08:35.177 10339 10357 I native-activity: Animating
04-13 01:08:35.187    93    93 I Kernel  : [ 3433.780840] (3)[93:irq/258-inv_irq]inv_mpu_iio: inv_read_fifo: Received Sensor Interrupt to read FIFO and Fifo_count is 6
04-13 01:08:35.203 10339 10357 I native-activity: Frame 611 GL error is 0x0
04-13 01:08:35.203 10339 10357 I native-activity: Frame 611 time is 25.967ms
04-13 01:08:35.203 10339 10357 I native-activity: Swap 611 time is 26.020ms
04-13 01:08:35.203 10339 10357 I native-activity: Animating
04-13 01:08:35.213 10339 10357 I native-activity: Frame 612 GL error is 0x0
04-13 01:08:35.213 10339 10357 I native-activity: Frame 612 time is 10.122ms
04-13 01:08:35.213 10339 10357 I native-activity: Swap 612 time is 10.166ms
04-13 01:08:35.213 10339 10357 I native-activity: Animating
04-13 01:08:35.236 10339 10357 I native-activity: Frame 613 GL error is 0x0
04-13 01:08:35.236 10339 10357 I native-activity: Frame 613 time is 22.353ms
04-13 01:08:35.236 10339 10357 I native-activity: Swap 613 time is 22.397ms
04-13 01:08:35.236 10339 10357 I native-activity: Animating
04-13 01:08:35.244 10339 10357 I native-activity: Frame 614 GL error is 0x0
04-13 01:08:35.244 10339 10357 I native-activity: Frame 614 time is 8.106ms
04-13 01:08:35.244 10339 10357 I native-activity: Swap 614 time is 8.141ms
04-13 01:08:35.244 10339 10357 I native-activity: Animating
04-13 01:08:35.249 10339 10357 I native-activity: Frame 615 GL error is 0x0
04-13 01:08:35.249 10339 10357 I native-activity: Frame 615 time is 4.774ms
04-13 01:08:35.249 10339 10357 I native-activity: Swap 615 time is 4.806ms
04-13 01:08:35.249 10339 10357 I native-activity: Animating
04-13 01:08:35.255 10339 10357 I native-activity: Frame 616 GL error is 0x0
04-13 01:08:35.255 10339 10357 I native-activity: Frame 616 time is 6.219ms
04-13 01:08:35.255 10339 10357 I native-activity: Swap 616 time is 6.277ms
04-13 01:08:35.255 10339 10357 I native-activity: Animating
04-13 01:08:35.269 10339 10357 I native-activity: Frame 617 GL error is 0x0
04-13 01:08:35.269 10339 10357 I native-activity: Frame 617 time is 13.619ms
04-13 01:08:35.269 10339 10357 I native-activity: Swap 617 time is 13.668ms
04-13 01:08:35.269 10339 10357 I native-activity: Animating
04-13 01:08:35.283 10339 10357 I native-activity: Frame 618 GL error is 0x0
04-13 01:08:35.283 10339 10357 I native-activity: Frame 618 time is 14.351ms
04-13 01:08:35.283 10339 10357 I native-activity: Swap 618 time is 14.386ms
04-13 01:08:35.283 10339 10357 I native-activity: Animating
04-13 01:08:35.297 10339 10357 I native-activity: Frame 619 GL error is 0x0
04-13 01:08:35.297 10339 10357 I native-activity: Frame 619 time is 13.455ms
04-13 01:08:35.297 10339 10357 I native-activity: Swap 619 time is 13.502ms
04-13 01:08:35.297 10339 10357 I native-activity: Animating
04-13 01:08:35.312 10339 10357 I native-activity: Frame 620 GL error is 0x0
04-13 01:08:35.312 10339 10357 I native-activity: Frame 620 time is 15.283ms
04-13 01:08:35.312 10339 10357 I native-activity: Swap 620 time is 15.333ms
04-13 01:08:35.312 10339 10357 I native-activity: Animating
04-13 01:08:35.327 10339 10357 I native-activity: Frame 621 GL error is 0x0
04-13 01:08:35.327 10339 10357 I native-activity: Frame 621 time is 14.422ms
04-13 01:08:35.327 10339 10357 I native-activity: Swap 621 time is 14.464ms
04-13 01:08:35.327 10339 10357 I native-activity: Animating
04-13 01:08:35.341 10339 10357 I native-activity: Frame 622 GL error is 0x0
04-13 01:08:35.341 10339 10357 I native-activity: Frame 622 time is 14.433ms
04-13 01:08:35.341 10339 10357 I native-activity: Swap 622 time is 14.476ms
04-13 01:08:35.341 10339 10357 I native-activity: Animating
04-13 01:08:35.358 10339 10357 I native-activity: Frame 623 GL error is 0x0
04-13 01:08:35.359 10339 10357 I native-activity: Frame 623 time is 17.114ms
04-13 01:08:35.359 10339 10357 I native-activity: Swap 623 time is 17.193ms
04-13 01:08:35.359 10339 10357 I native-activity: Animating
04-13 01:08:35.368 10339 10357 I native-activity: Frame 624 GL error is 0x0
04-13 01:08:35.368 10339 10357 I native-activity: Frame 624 time is 9.728ms
04-13 01:08:35.368 10339 10357 I native-activity: Swap 624 time is 9.769ms
04-13 01:08:35.369 10339 10357 I native-activity: Animating
04-13 01:08:35.381 10339 10357 I native-activity: Frame 625 GL error is 0x0
04-13 01:08:35.381 10339 10357 I native-activity: Frame 625 time is 12.378ms
04-13 01:08:35.381 10339 10357 I native-activity: Swap 625 time is 12.436ms
04-13 01:08:35.381 10339 10357 I native-activity: Animating
04-13 01:08:35.394 10339 10357 I native-activity: Frame 626 GL error is 0x0
04-13 01:08:35.394 10339 10357 I native-activity: Frame 626 time is 12.493ms
04-13 01:08:35.394 10339 10357 I native-activity: Swap 626 time is 12.531ms
04-13 01:08:35.394 10339 10357 I native-activity: Animating
04-13 01:08:35.397    93    93 I Kernel  : [ 3433.989902] (3)[93:irq/258-inv_irq]inv_mpu_iio: inv_push_8bytes_buffer: Received Accel Sensor Data at Driver Layer -900, 1932, -16324
04-13 01:08:35.406 10339 10357 I native-activity: Frame 627 GL error is 0x0
04-13 01:08:35.406 10339 10357 I native-activity: Frame 627 time is 12.153ms
04-13 01:08:35.406 10339 10357 I native-activity: Swap 627 time is 12.191ms
04-13 01:08:35.406 10339 10357 I native-activity: Animating
04-13 01:08:35.418 10339 10357 I native-activity: Frame 628 GL error is 0x0
04-13 01:08:35.418 10339 10357 I native-activity: Frame 628 time is 12.425ms
04-13 01:08:35.418 10339 10357 I native-activity: Swap 628 time is 12.471ms
04-13 01:08:35.418 10339 10357 I native-activity: Animating
04-13 01:08:35.430 10339 10357 I native-activity: Frame 629 GL error is 0x0
04-13 01:08:35.430 10339 10357 I native-activity: Frame 629 time is 11.278ms
04-13 01:08:35.430 10339 10357 I native-activity: Swap 629 time is 11.312ms
04-13 01:08:35.430 10339 10357 I native-activity: Animating
04-13 01:08:35.442 10339 10357 I native-activity: Frame 630 GL error is 0x0
04-13 01:08:35.442 10339 10357 I native-activity: Frame 630 time is 11.823ms
04-13 01:08:35.442 10339 10357 I native-activity: Swap 630 time is 11.863ms
04-13 01:08:35.442 10339 10357 I native-activity: Animating
04-13 01:08:35.454 10339 10357 I native-activity: Frame 631 GL error is 0x0
04-13 01:08:35.454 10339 10357 I native-activity: Frame 631 time is 11.964ms
04-13 01:08:35.454 10339 10357 I native-activity: Swap 631 time is 12.005ms
04-13 01:08:35.454 10339 10357 I native-activity: Animating
04-13 01:08:35.465 10339 10357 I native-activity: Frame 632 GL error is 0x0
04-13 01:08:35.465 10339 10357 I native-activity: Frame 632 time is 10.784ms
04-13 01:08:35.465 10339 10357 I native-activity: Swap 632 time is 10.824ms
04-13 01:08:35.465 10339 10357 I native-activity: Animating
04-13 01:08:35.476 10339 10357 I native-activity: Frame 633 GL error is 0x0
04-13 01:08:35.476 10339 10357 I native-activity: Frame 633 time is 11.020ms
04-13 01:08:35.476 10339 10357 I native-activity: Swap 633 time is 11.076ms
04-13 01:08:35.476 10339 10357 I native-activity: Animating
04-13 01:08:35.488 10339 10357 I native-activity: Frame 634 GL error is 0x0
04-13 01:08:35.488 10339 10357 I native-activity: Frame 634 time is 11.881ms
04-13 01:08:35.488 10339 10357 I native-activity: Swap 634 time is 11.937ms
04-13 01:08:35.488 10339 10357 I native-activity: Animating
04-13 01:08:35.499 10339 10357 I native-activity: Frame 635 GL error is 0x0
04-13 01:08:35.499 10339 10357 I native-activity: Frame 635 time is 11.016ms
04-13 01:08:35.499 10339 10357 I native-activity: Swap 635 time is 11.065ms
04-13 01:08:35.499 10339 10357 I native-activity: Animating
04-13 01:08:35.509 10339 10357 I native-activity: Frame 636 GL error is 0x0
04-13 01:08:35.509 10339 10357 I native-activity: Frame 636 time is 9.722ms
04-13 01:08:35.509 10339 10357 I native-activity: Swap 636 time is 9.765ms
04-13 01:08:35.509 10339 10357 I native-activity: Animating
04-13 01:08:35.519 10339 10357 I native-activity: Frame 637 GL error is 0x0
04-13 01:08:35.519 10339 10357 I native-activity: Frame 637 time is 10.211ms
04-13 01:08:35.519 10339 10357 I native-activity: Swap 637 time is 10.242ms
04-13 01:08:35.519 10339 10357 I native-activity: Animating
04-13 01:08:35.530 10339 10357 I native-activity: Frame 638 GL error is 0x0
04-13 01:08:35.530 10339 10357 I native-activity: Frame 638 time is 11.280ms
04-13 01:08:35.530 10339 10357 I native-activity: Swap 638 time is 11.320ms
04-13 01:08:35.530 10339 10357 I native-activity: Animating
04-13 01:08:35.541 10339 10357 I native-activity: Frame 639 GL error is 0x0
04-13 01:08:35.541 10339 10357 I native-activity: Frame 639 time is 10.627ms
04-13 01:08:35.541 10339 10357 I native-activity: Swap 639 time is 10.662ms
04-13 01:08:35.541 10339 10357 I native-activity: Animating
04-13 01:08:35.552 10339 10357 I native-activity: Frame 640 GL error is 0x0
04-13 01:08:35.552 10339 10357 I native-activity: Frame 640 time is 10.547ms
04-13 01:08:35.552 10339 10357 I native-activity: Swap 640 time is 10.582ms
04-13 01:08:35.552 10339 10357 I native-activity: Animating
04-13 01:08:35.564 10339 10357 I native-activity: Frame 641 GL error is 0x0
04-13 01:08:35.564 10339 10357 I native-activity: Frame 641 time is 11.835ms
04-13 01:08:35.564 10339 10357 I native-activity: Swap 641 time is 11.870ms
04-13 01:08:35.564 10339 10357 I native-activity: Animating
04-13 01:08:35.574 10339 10357 I native-activity: Frame 642 GL error is 0x0
04-13 01:08:35.574 10339 10357 I native-activity: Frame 642 time is 10.062ms
04-13 01:08:35.574 10339 10357 I native-activity: Swap 642 time is 10.096ms
04-13 01:08:35.574 10339 10357 I native-activity: Animating
04-13 01:08:35.584 10339 10357 I native-activity: Frame 643 GL error is 0x0
04-13 01:08:35.584 10339 10357 I native-activity: Frame 643 time is 10.586ms
04-13 01:08:35.584 10339 10357 I native-activity: Swap 643 time is 10.622ms
04-13 01:08:35.585 10339 10357 I native-activity: Animating
04-13 01:08:35.605 10339 10357 I native-activity: Frame 644 GL error is 0x0
04-13 01:08:35.605 10339 10357 I native-activity: Frame 644 time is 20.355ms
04-13 01:08:35.605 10339 10357 I native-activity: Swap 644 time is 20.403ms
