04-13 01:08:48.735 10462 10480 I native-activity: Animating
04-13 01:08:48.748 10462 10480 I native-activity: Frame 307 GL error is 0x0
04-13 01:08:48.748 10462 10480 I native-activity: Frame 307 time is 13.505ms
04-13 01:08:48.756 10462 10480 I native-activity: Swap 307 time is 20.997ms
04-13 01:08:48.756 10462 10480 I native-activity: Animating
04-13 01:08:48.763 10462 10480 I native-activity: Frame 308 GL error is 0x0
04-13 01:08:48.763 10462 10480 I native-activity: Frame 308 time is 7.068ms
04-13 01:08:48.777 10462 10480 I native-activity: Swap 308 time is 21.590ms
04-13 01:08:48.777 10462 10480 I native-activity: Animating
04-13 01:08:48.785 10462 10480 I native-activity: Frame 309 GL error is 0x0
04-13 01:08:48.785 10462 10480 I native-activity: Frame 309 time is 7.775ms
04-13 01:08:48.798 10462 10480 I native-activity: Swap 309 time is 20.456ms
04-13 01:08:48.798 10462 10480 I native-activity: Animating
04-13 01:08:48.805 10462 10480 I native-activity: Frame 310 GL error is 0x0
04-13 01:08:48.805 10462 10480 I native-activity: Frame 310 time is 6.783ms
04-13 01:08:48.819 10462 10480 I native-activity: Swap 310 time is 21.245ms
04-13 01:08:48.820 10462 10480 I native-activity: Animating
04-13 01:08:48.979 10462 10480 I native-activity: Frame 311 GL error is 0x501
04-13 01:08:48.979 10462 10480 I native-activity: Frame 311 time is 159.880ms
04-13 01:08:48.980 10462 10480 I native-activity: Swap 311 time is 160.397ms
04-13 01:08:48.980 10462 10480 I native-activity: Animating
04-13 01:08:48.990 10462 10480 I native-activity: Frame 312 GL error is 0x0
04-13 01:08:48.990 10462 10480 I native-activity: Frame 312 time is 9.592ms
04-13 01:08:49.002 10462 10480 I native-activity: Swap 312 time is 21.962ms
04-13 01:08:49.002 10462 10480 I native-activity: Animating
04-13 01:08:49.010 10462 10480 I native-activity: Frame 313 GL error is 0x0
04-13 01:08:49.010 10462 10480 I native-activity: Frame 313 time is 7.769ms
04-13 01:08:49.028 10462 10480 I native-activity: Swap 313 time is 26.152ms
04-13 01:08:49.028 10462 10480 I native-activity: Animating
04-13 01:08:49.034 10462 10480 I native-activity: Frame 314 GL error is 0x0
04-13 01:08:49.034 10462 10480 I native-activity: Frame 314 time is 5.913ms
04-13 01:08:49.055 10462 10480 I native-activity: Swap 314 time is 26.516ms
04-13 01:08:49.055 10462 10480 I native-activity: Animating
04-13 01:08:49.079 10462 10480 I native-activity: Frame 315 GL error is 0x501
04-13 01:08:49.079 10462 10480 I native-activity: Frame 315 time is 23.934ms
04-13 01:08:49.080 10462 10480 I native-activity: Swap 315 time is 24.454ms
04-13 01:08:49.080 10462 10480 I native-activity: Animating
04-13 01:08:49.085 10462 10480 I native-activity: Frame 316 GL error is 0x0
04-13 01:08:49.085 10462 10480 I native-activity: Frame 316 time is 5.610ms
04-13 01:08:49.107 10462 10480 I native-activity: Swap 316 time is 27.011ms
04-13 01:08:49.107 10462 10480 I native-activity: Animating
04-13 01:08:49.112 10462 10480 I native-activity: Frame 317 GL error is 0x0
04-13 01:08:49.112 10462 10480 I native-activity: Frame 317 time is 4.888ms
04-13 01:08:49.133 10462 10480 I native-activity: Swap 317 time is 26.057ms
04-13 01:08:49.133 10462 10480 I native-activity: Animating
04-13 01:08:49.138 10462 10480 I native-activity: Frame 318 GL error is 0x0
04-13 01:08:49.138 10462 10480 I native-activity: Frame 318 time is 5.259ms
04-13 01:08:49.160 10462 10480 I native-activity: Swap 318 time is 26.616ms
04-13 01:08:49.160 10462 10480 I native-activity: Animating
04-13 01:08:49.165 10462 10480 I native-activity: Frame 319 GL error is 0x0
04-13 01:08:49.165 10462 10480 I native-activity: Frame 319 time is 5.116ms
04-13 01:08:49.177    93    93 I Kernel  : [ 3447.771220] (3)[93:irq/258-inv_irq]inv_mpu_iio: inv_read_fifo: Received Sensor Interrupt to read FIFO and Fifo_count is 6
04-13 01:08:49.185 10462 10480 I native-activity: Swap 319 time is 25.489ms
04-13 01:08:49.185 10462 10480 I native-activity: Animating
04-13 01:08:49.196 10462 10480 I native-activity: Frame 320 GL error is 0x0
04-13 01:08:49.196 10462 10480 I native-activity: Frame 320 time is 10.541ms
04-13 01:08:49.211 10462 10480 I native-activity: Swap 320 time is 26.143ms
04-13 01:08:49.212 10462 10480 I native-activity: Animating
04-13 01:08:49.218 10462 10480 I native-activity: Frame 321 GL error is 0x0
04-13 01:08:49.218 10462 10480 I native-activity: Frame 321 time is 6.178ms
04-13 01:08:49.234 10462 10480 I native-activity: Swap 321 time is 22.503ms
04-13 01:08:49.234 10462 10480 I native-activity: Animating
04-13 01:08:49.241 10462 10480 I native-activity: Frame 322 GL error is 0x0
04-13 01:08:49.241 10462 10480 I native-activity: Frame 322 time is 6.653ms
04-13 01:08:49.255 10462 10480 I native-activity: Swap 322 time is 20.593ms
04-13 01:08:49.255 10462 10480 I native-activity: Animating
04-13 01:08:49.260 10462 10480 I native-activity: Frame 323 GL error is 0x0
04-13 01:08:49.260 10462 10480 I native-activity: Frame 323 time is 4.936ms
04-13 01:08:49.276 10462 10480 I native-activity: Swap 323 time is 21.308ms
04-13 01:08:49.276 10462 10480 I native-activity: Animating
04-13 01:08:49.281 10462 10480 I native-activity: Frame 324 GL error is 0x0
04-13 01:08:49.281 10462 10480 I native-activity: Frame 324 time is 5.078ms
04-13 01:08:49.297 10462 10480 I native-activity: Swap 324 time is 21.000ms
04-13 01:08:49.297 10462 10480 I native-activity: Animating
04-13 01:08:49.306 10462 10480 I native-activity: Frame 325 GL error is 0x0
04-13 01:08:49.306 10462 10480 I native-activity: Frame 325 time is 8.558ms
04-13 01:08:49.319 10462 10480 I native-activity: Swap 325 time is 21.371ms
04-13 01:08:49.319 10462 10480 I native-activity: Animating
04-13 01:08:49.333 10462 10480 I native-activity: Frame 326 GL error is 0x0
04-13 01:08:49.333 10462 10480 I native-activity: Frame 326 time is 14.164ms
04-13 01:08:49.339 10462 10480 I native-activity: Swap 326 time is 19.687ms
04-13 01:08:49.339 10462 10480 I native-activity: Animating
04-13 01:08:49.345 10462 10480 I native-activity: Frame 327 GL error is 0x0
04-13 01:08:49.345 10462 10480 I native-activity: Frame 327 time is 6.128ms
04-13 01:08:49.360 10462 10480 I native-activity: Swap 327 time is 21.259ms
04-13 01:08:49.360 10462 10480 I native-activity: Animating
04-13 01:08:49.366 10462 10480 I native-activity: Frame 328 GL error is 0x0
04-13 01:08:49.366 10462 10480 I native-activity: Frame 328 time is 5.435ms
04-13 01:08:49.381 10462 10480 I native-activity: Swap 328 time is 21.116ms
04-13 01:08:49.381 10462 10480 I native-activity: Animating
04-13 01:08:49.387 10462 10480 I native-activity: Frame 329 GL error is 0x0
04-13 01:08:49.387 10462 10480 I native-activity: Frame 329 time is 5.049ms
04-13 01:08:49.403 10462 10480 I native-activity: Swap 329 time is 21.121ms
04-13 01:08:49.403 10462 10480 I native-activity: Animating
04-13 01:08:49.409 10462 10480 I native-activity: Frame 330 GL error is 0x0
04-13 01:08:49.409 10462 10480 I native-activity: Frame 330 time is 6.330ms
04-13 01:08:49.424 10462 10480 I native-activity: Swap 330 time is 20.773ms
04-13 01:08:49.424 10462 10480 I native-activity: Animating
04-13 01:08:49.429 10462 10480 I native-activity: Frame 331 GL error is 0x0
04-13 01:08:49.429 10462 10480 I native-activity: Frame 331 time is 4.913ms
04-13 01:08:49.445 10462 10480 I native-activity: Swap 331 time is 21.235ms
04-13 01:08:49.445 10462 10480 I native-activity: Animating
04-13 01:08:49.455 10462 10480 I native-activity: Frame 332 GL error is 0x0
04-13 01:08:49.455 10462 10480 I native-activity: Frame 332 time is 10.293ms
04-13 01:08:49.466 10462 10480 I native-activity: Swap 332 time is 20.770ms
04-13 01:08:49.466 10462 10480 I native-activity: Animating
04-13 01:08:49.477 10462 10480 I native-activity: Frame 333 GL error is 0x0
04-13 01:08:49.477 10462 10480 I native-activity: Frame 333 time is 11.335ms
04-13 01:08:49.487 10462 10480 I native-activity: Swap 333 time is 20.906ms
04-13 01:08:49.487 10462 10480 I native-activity: Animating
04-13 01:08:49.493 10462 10480 I native-activity: Frame 334 GL error is 0x0
04-13 01:08:49.493 10462 10480 I native-activity: Frame 334 time is 5.835ms
04-13 01:08:49.508 10462 10480 I native-activity: Swap 334 time is 21.143ms
04-13 01:08:49.510 10462 10480 I native-activity: Animating
04-13 01:08:49.515 10462 10480 I native-activity: Frame 335 GL error is 0x0
04-13 01:08:49.515 10462 10480 I native-activity: Frame 335 time is 5.318ms
04-13 01:08:49.529 10462 10480 I native-activity: Swap 335 time is 19.609ms
04-13 01:08:49.529 10462 10480 I native-activity: Animating
04-13 01:08:49.535 10462 10480 I native-activity: Frame 336 GL error is 0x0
04-13 01:08:49.535 10462 10480 I native-activity: Frame 336 time is 5.380ms
04-13 01:08:49.550 10462 10480 I native-activity: Swap 336 time is 20.950ms
04-13 01:08:49.550 10462 10480 I native-activity: Animating
04-13 01:08:49.555 10462 10480 I native-activity: Frame 337 GL error is 0x0
04-13 01:08:49.555 10462 10480 I native-activity: Frame 337 time is 5.123ms
04-13 01:08:49.572 10462 10480 I native-activity: Swap 337 time is 21.199ms
04-13 01:08:49.572 10462 10480 I native-activity: Animating
04-13 01:08:49.577 10462 10480 I native-activity: Frame 338 GL error is 0x0
04-13 01:08:49.577 10462 10480 I native-activity: Frame 338 time is 5.641ms
04-13 01:08:49.593 10462 10480 I native-activity: Swap 338 time is 21.755ms
04-13 01:08:49.594 10462 10480 I native-activity: Animating
04-13 01:08:49.599 10462 10480 I native-activity: Frame 339 GL error is 0x0
04-13 01:08:49.599 10462 10480 I native-activity: Frame 339 time is 5.250ms
04-13 01:08:49.614 10462 10480 I native-activity: Swap 339 time is 20.018ms
04-13 01:08:49.614 10462 10480 I native-activity: Animating
04-13 01:08:49.619 10462 10480 I native-activity: Frame 340 GL error is 0x0
04-13 01:08:49.619 10462 10480 I native-activity: Frame 340 time is 5.669ms
04-13 01:08:49.635 10462 10480 I native-activity: Swap 340 time is 21.685ms
04-13 01:08:49.636 10462 10480 I native-activity: Animating
04-13 01:08:49.644 10462 10480 I native-activity: Frame 341 GL error is 0x0
04-13 01:08:49.644 10462 10480 I native-activity: Frame 341 time is 8.427ms
04-13 01:08:49.656 10462 10480 I native-activity: Swap 341 time is 20.574ms
04-13 01:08:49.656 10462 10480 I native-activity: Animating
04-13 01:08:49.665 10462 10480 I native-activity: Frame 342 GL error is 0x0
04-13 01:08:49.665 10462 10480 I native-activity: Frame 342 time is 8.574ms
04-13 01:08:49.678 10462 10480 I native-activity: Swap 342 time is 21.601ms
04-13 01:08:49.678 10462 10480 I native-activity: Animating
04-13 01:08:49.688 10462 10480 I native-activity: Frame 343 GL error is 0x0
04-13 01:08:49.688 10462 10480 I native-activity: Frame 343 time is 9.622ms
04-13 01:08:49.700 10462 10480 I native-activity: Swap 343 time is 21.552ms
04-13 01:08:49.700 10462 10480 I native-activity: Animating
04-13 01:08:49.706 10462 10480 I native-activity: Frame 344 GL error is 0x0
04-13 01:08:49.706 10462 10480 I native-activity: Frame 344 time is 5.835ms
04-13 01:08:49.720 10462 10480 I native-activity: Swap 344 time is 20.223ms
04-13 01:08:49.720 10462 10480 I native-activity: Animating
04-13 01:08:49.725 10462 10480 I native-activity: Frame 345 GL error is 0x0
04-13 01:08:49.725 10462 10480 I native-activity: Frame 345 time is 5.227ms
04-13 01:08:49.742 10462 10480 I native-activity: Swap 345 time is 21.590ms
04-13 01:08:49.742 10462 10480 I native-activity: Animating
04-13 01:08:49.747 10462 10480 I native-activity: Frame 346 GL error is 0x0
04-13 01:08:49.747 10462 10480 I native-activity: Frame 346 time is 5.480ms
04-13 01:08:49.763 10462 10480 I native-activity: Swap 346 time is 21.299ms
04-13 01:08:49.763 10462 10480 I native-activity: Animating
04-13 01:08:49.769 10462 10480 I native-activity: Frame 347 GL error is 0x0
04-13 01:08:49.770 10462 10480 I native-activity: Frame 347 time is 6.298ms
04-13 01:08:49.784 10462 10480 I native-activity: Swap 347 time is 20.275ms
04-13 01:08:49.784 10462 10480 I native-activity: Animating
04-13 01:08:49.790 10462 10480 I native-activity: Frame 348 GL error is 0x0
04-13 01:08:49.790 10462 10480 I native-activity: Frame 348 time is 6.751ms
04-13 01:08:49.805 10462 10480 I native-activity: Swap 348 time is 21.456ms
04-13 01:08:49.805 10462 10480 I native-activity: Animating
04-13 01:08:49.814 10462 10480 I native-activity: Frame 349 GL error is 0x0
04-13 01:08:49.814 10462 10480 I native-activity: Frame 349 time is 9.217ms
04-13 01:08:49.827 10462 10480 I native-activity: Swap 349 time is 21.270ms
04-13 01:08:49.827 10462 10480 I native-activity: Animating
04-13 01:08:49.835 10462 10480 I native-activity: Frame 350 GL error is 0x0
04-13 01:08:49.835 10462 10480 I native-activity: Frame 350 time is 8.727ms
04-13 01:08:49.848 10462 10480 I native-activity: Swap 350 time is 21.452ms
04-13 01:08:49.848 10462 10480 I native-activity: Animating
04-13 01:08:49.859 10462 10480 I native-activity: Frame 351 GL error is 0x0
04-13 01:08:49.859 10462 10480 I native-activity: Frame 351 time is 10.779ms
04-13 01:08:49.868 10462 10480 I native-activity: Swap 351 time is 20.185ms
04-13 01:08:49.869 10462 10480 I native-activity: Animating
04-13 01:08:49.877 10462 10480 I native-activity: Frame 352 GL error is 0x0
04-13 01:08:49.877 10462 10480 I native-activity: Frame 352 time is 8.675ms
04-13 01:08:49.890 10462 10480 I native-activity: Swap 352 time is 21.244ms
04-13 01:08:49.890 10462 10480 I native-activity: Animating
04-13 01:08:49.900 10462 10480 I native-activity: Frame 353 GL error is 0x0
04-13 01:08:49.900 10462 10480 I native-activity: Frame 353 time is 10.376ms
04-13 01:08:49.911 10462 10480 I native-activity: Swap 353 time is 21.101ms
04-13 01:08:49.911 10462 10480 I native-activity: Animating
04-13 01:08:49.924 10462 10480 I native-activity: Frame 354 GL error is 0x0
04-13 01:08:49.924 10462 10480 I native-activity: Frame 354 time is 12.397ms
04-13 01:08:49.932 10462 10480 I native-activity: Swap 354 time is 20.773ms
04-13 01:08:49.932 10462 10480 I native-activity: Animating
04-13 01:08:49.943 10462 10480 I native-activity: Frame 355 GL error is 0x0
04-13 01:08:49.943 10462 10480 I native-activity: Frame 355 time is 10.605ms
04-13 01:08:49.954 10462 10480 I native-activity: Swap 355 time is 21.272ms
04-13 01:08:49.954 10462 10480 I native-activity: Animating
04-13 01:08:49.965 10462 10480 I native-activity: Frame 356 GL error is 0x0
04-13 01:08:49.965 10462 10480 I native-activity: Frame 356 time is 10.855ms
04-13 01:08:49.974 10462 10480 I native-activity: Swap 356 time is 20.070ms
04-13 01:08:49.974 10462 10480 I native-activity: Animating
04-13 01:08:49.987 10462 10480 I native-activity: Frame 357 GL error is 0x0
04-13 01:08:49.987 10462 10480 I native-activity: Frame 357 time is 13.078ms
04-13 01:08:49.995 10462 10480 I native-activity: Swap 357 time is 20.750ms
04-13 01:08:49.995 10462 10480 I native-activity: Animating
04-13 01:08:50.010 10462 10480 I native-activity: Frame 358 GL error is 0x0
04-13 01:08:50.010 10462 10480 I native-activity: Frame 358 time is 15.409ms
04-13 01:08:50.007    93    93 I Kernel  : [ 3448.603517] (2)[93:irq/258-inv_irq]inv_mpu_iio: inv_read_fifo: Received Sensor Interrupt to read FIFO and Fifo_count is 6
04-13 01:08:50.015 10462 10480 I native-activity: Swap 358 time is 20.453ms
04-13 01:08:50.016 10462 10480 I native-activity: Animating
04-13 01:08:50.028 10462 10480 I native-activity: Frame 359 GL error is 0x0
04-13 01:08:50.028 10462 10480 I native-activity: Frame 359 time is 12.844ms
04-13 01:08:50.040 10462 10480 I native-activity: Swap 359 time is 24.435ms
04-13 01:08:50.040 10462 10480 I native-activity: Animating
04-13 01:08:50.053 10462 10480 I native-activity: Frame 360 GL error is 0x0
04-13 01:08:50.053 10462 10480 I native-activity: Frame 360 time is 12.845ms
04-13 01:08:50.054   962  1030 D ConnectivityService: updateNetworkScore for NetworkAgentInfo [WIFI () - 111] to 56
04-13 01:08:50.054   962  1030 D ConnectivityService: rematching NetworkAgentInfo [WIFI () - 111]
04-13 01:08:50.054   962  1030 D ConnectivityService: Network NetworkAgentInfo [WIFI () - 111] was already satisfying request 1. No change.
04-13 01:08:50.055   962  1030 D ConnectivityService: notifyType AVAILABLE for NetworkAgentInfo [WIFI () - 111]
04-13 01:08:50.061 10462 10480 I native-activity: Swap 360 time is 20.319ms
04-13 01:08:50.061 10462 10480 I native-activity: Animating
04-13 01:08:50.066 10462 10480 I native-activity: Frame 361 GL error is 0x0
04-13 01:08:50.066 10462 10480 I native-activity: Frame 361 time is 5.045ms
04-13 01:08:50.077 10462 10480 I native-activity: Swap 361 time is 16.692ms
04-13 01:08:50.077 10462 10480 I native-activity: Animating
04-13 01:08:50.083 10462 10480 I native-activity: Frame 362 GL error is 0x0
04-13 01:08:50.083 10462 10480 I native-activity: Frame 362 time is 5.493ms
04-13 01:08:50.099 10462 10480 I native-activity: Swap 362 time is 21.670ms
04-13 01:08:50.099 10462 10480 I native-activity: Animating
04-13 01:08:50.105 10462 10480 I native-activity: Frame 363 GL error is 0x0
04-13 01:08:50.105 10462 10480 I native-activity: Frame 363 time is 5.291ms
04-13 01:08:50.121 10462 10480 I native-activity: Swap 363 time is 21.749ms
04-13 01:08:50.121 10462 10480 I native-activity: Animating
04-13 01:08:50.128 10462 10480 I native-activity: Frame 364 GL error is 0x0
04-13 01:08:50.128 10462 10480 I native-activity: Frame 364 time is 6.474ms
04-13 01:08:50.142 10462 10480 I native-activity: Swap 364 time is 20.620ms
04-13 01:08:50.142 10462 10480 I native-activity: Animating
04-13 01:08:50.147 10462 10480 I native-activity: Frame 365 GL error is 0x0
04-13 01:08:50.147 10462 10480 I native-activity: Frame 365 time is 4.918ms
04-13 01:08:50.163 10462 10480 I native-activity: Swap 365 time is 21.338ms
04-13 01:08:50.163 10462 10480 I native-activity: Animating
04-13 01:08:50.174 10462 10480 I native-activity: Frame 366 GL error is 0x0
04-13 01:08:50.174 10462 10480 I native-activity: Frame 366 time is 10.476ms
04-13 01:08:50.185 10462 10480 I native-activity: Swap 366 time is 21.053ms
04-13 01:08:50.185 10462 10480 I native-activity: Animating
04-13 01:08:50.190 10462 10480 I native-activity: Frame 367 GL error is 0x0
04-13 01:08:50.190 10462 10480 I native-activity: Frame 367 time is 5.199ms
04-13 01:08:50.207 10462 10480 I native-activity: Swap 367 time is 21.917ms
04-13 01:08:50.207 10462 10480 I native-activity: Animating
04-13 01:08:50.212 10462 10480 I native-activity: Frame 368 GL error is 0x0
04-13 01:08:50.212 10462 10480 I native-activity: Frame 368 time is 5.637ms
04-13 01:08:50.227 10462 10480 I native-activity: Swap 368 time is 20.137ms
04-13 01:08:50.227 10462 10480 I native-activity: Animating
04-13 01:08:50.232 10462 10480 I native-activity: Frame 369 GL error is 0x0
04-13 01:08:50.232 10462 10480 I native-activity: Frame 369 time is 5.279ms
04-13 01:08:50.248 10462 10480 I native-activity: Swap 369 time is 21.116ms
04-13 01:08:50.248 10462 10480 I native-activity: Animating
04-13 01:08:50.253 10462 10480 I native-activity: Frame 370 GL error is 0x0
04-13 01:08:50.254 10462 10480 I native-activity: Frame 370 time is 5.298ms
04-13 01:08:50.269 10462 10480 I native-activity: Swap 370 time is 21.186ms
04-13 01:08:50.270 10462 10480 I native-activity: Animating
04-13 01:08:50.275 10462 10480 I native-activity: Frame 371 GL error is 0x0
04-13 01:08:50.275 10462 10480 I native-activity: Frame 371 time is 5.692ms
04-13 01:08:50.291 10462 10480 I native-activity: Swap 371 time is 21.357ms
04-13 01:08:50.291 10462 10480 I native-activity: Animating
04-13 01:08:50.299 10462 10480 I native-activity: Frame 372 GL error is 0x0
04-13 01:08:50.299 10462 10480 I native-activity: Frame 372 time is 7.903ms
04-13 01:08:50.312 10462 10480 I native-activity: Swap 372 time is 20.546ms
04-13 01:08:50.312 10462 10480 I native-activity: Animating
04-13 01:08:50.317 10462 10480 I native-activity: Frame 373 GL error is 0x0
04-13 01:08:50.317 10462 10480 I native-activity: Frame 373 time is 5.177ms
04-13 01:08:50.333 10462 10480 I native-activity: Swap 373 time is 21.015ms
04-13 01:08:50.333 10462 10480 I native-activity: Animating
04-13 01:08:50.338 10462 10480 I native-activity: Frame 374 GL error is 0x0
04-13 01:08:50.338 10462 10480 I native-activity: Frame 374 time is 5.546ms
04-13 01:08:50.354 10462 10480 I native-activity: Swap 374 time is 20.905ms
04-13 01:08:50.354 10462 10480 I native-activity: Animating
04-13 01:08:50.359 10462 10480 I native-activity: Frame 375 GL error is 0x0
04-13 01:08:50.359 10462 10480 I native-activity: Frame 375 time is 5.168ms
04-13 01:08:50.375 10462 10480 I native-activity: Swap 375 time is 21.293ms
04-13 01:08:50.375 10462 10480 I native-activity: Animating
04-13 01:08:50.382 10462 10480 I native-activity: Frame 376 GL error is 0x0
04-13 01:08:50.382 10462 10480 I native-activity: Frame 376 time is 6.214ms
04-13 01:08:50.396 10462 10480 I native-activity: Swap 376 time is 21.002ms
04-13 01:08:50.396 10462 10480 I native-activity: Animating
04-13 01:08:50.408 10462 10480 I native-activity: Frame 377 GL error is 0x0
04-13 01:08:50.408 10462 10480 I native-activity: Frame 377 time is 11.425ms
04-13 01:08:50.418 10462 10480 I native-activity: Swap 377 time is 21.620ms
04-13 01:08:50.418 10462 10480 I native-activity: Animating
04-13 01:08:50.430 10462 10480 I native-activity: Frame 378 GL error is 0x0
04-13 01:08:50.430 10462 10480 I native-activity: Frame 378 time is 11.414ms
04-13 01:08:50.441 10462 10480 I native-activity: Swap 378 time is 22.160ms
04-13 01:08:50.441 10462 10480 I native-activity: Animating
04-13 01:08:50.447 10462 10480 I native-activity: Frame 379 GL error is 0x0
04-13 01:08:50.447 10462 10480 I native-activity: Frame 379 time is 6.021ms
04-13 01:08:50.464 10462 10480 I native-activity: Swap 379 time is 23.736ms
04-13 01:08:50.465 10462 10480 I native-activity: Animating
04-13 01:08:50.471 10462 10480 I native-activity: Frame 380 GL error is 0x0
04-13 01:08:50.471 10462 10480 I native-activity: Frame 380 time is 6.013ms
04-13 01:08:50.486 10462 10480 I native-activity: Swap 380 time is 21.850ms
04-13 01:08:50.487 10462 10480 I native-activity: Animating
04-13 01:08:50.492 10462 10480 I native-activity: Frame 381 GL error is 0x0
04-13 01:08:50.492 10462 10480 I native-activity: Frame 381 time is 5.085ms
04-13 01:08:50.508 10462 10480 I native-activity: Swap 381 time is 21.660ms
04-13 01:08:50.508 10462 10480 I native-activity: Animating
04-13 01:08:50.514 10462 10480 I native-activity: Frame 382 GL error is 0x0
04-13 01:08:50.514 10462 10480 I native-activity: Frame 382 time is 5.653ms
04-13 01:08:50.530 10462 10480 I native-activity: Swap 382 time is 21.482ms
04-13 01:08:50.530 10462 10480 I native-activity: Animating
04-13 01:08:50.535 10462 10480 I native-activity: Frame 383 GL error is 0x0
04-13 01:08:50.535 10462 10480 I native-activity: Frame 383 time is 5.314ms
04-13 01:08:50.550 10462 10480 I native-activity: Swap 383 time is 20.308ms
04-13 01:08:50.551 10462 10480 I native-activity: Animating
04-13 01:08:50.561 10462 10480 I native-activity: Frame 384 GL error is 0x0
04-13 01:08:50.561 10462 10480 I native-activity: Frame 384 time is 10.183ms
04-13 01:08:50.572 10462 10480 I native-activity: Swap 384 time is 20.991ms
04-13 01:08:50.572 10462 10480 I native-activity: Animating
04-13 01:08:50.582 10462 10480 I native-activity: Frame 385 GL error is 0x0
04-13 01:08:50.582 10462 10480 I native-activity: Frame 385 time is 10.390ms
04-13 01:08:50.593 10462 10480 I native-activity: Swap 385 time is 21.160ms
04-13 01:08:50.593 10462 10480 I native-activity: Animating
04-13 01:08:50.605 10462 10480 I native-activity: Frame 386 GL error is 0x0
04-13 01:08:50.605 10462 10480 I native-activity: Frame 386 time is 11.868ms
04-13 01:08:50.614 10462 10480 I native-activity: Swap 386 time is 21.015ms
04-13 01:08:50.614 10462 10480 I native-activity: Animating
04-13 01:08:50.627 10462 10480 I native-activity: Frame 387 GL error is 0x0
04-13 01:08:50.627 10462 10480 I native-activity: Frame 387 time is 13.106ms
04-13 01:08:50.634 10462 10480 I native-activity: Swap 387 time is 19.729ms
04-13 01:08:50.634 10462 10480 I native-activity: Animating
04-13 01:08:50.645 10462 10480 I native-activity: Frame 388 GL error is 0x0
04-13 01:08:50.645 10462 10480 I native-activity: Frame 388 time is 10.945ms
04-13 01:08:50.655 10462 10480 I native-activity: Swap 388 time is 20.772ms
04-13 01:08:50.655 10462 10480 I native-activity: Animating
04-13 01:08:50.665 10462 10480 I native-activity: Frame 389 GL error is 0x0
04-13 01:08:50.665 10462 10480 I native-activity: Frame 389 time is 10.207ms
04-13 01:08:50.676 10462 10480 I native-activity: Swap 389 time is 21.120ms
04-13 01:08:50.676 10462 10480 I native-activity: Animating
04-13 01:08:50.689 10462 10480 I native-activity: Frame 390 GL error is 0x0
04-13 01:08:50.689 10462 10480 I native-activity: Frame 390 time is 12.682ms
04-13 01:08:50.699 10462 10480 I native-activity: Swap 390 time is 22.424ms
04-13 01:08:50.699 10462 10480 I native-activity: Animating
04-13 01:08:50.705 10462 10480 I native-activity: Frame 391 GL error is 0x0
04-13 01:08:50.705 10462 10480 I native-activity: Frame 391 time is 6.237ms
04-13 01:08:50.722 10462 10480 I native-activity: Swap 391 time is 22.813ms
04-13 01:08:50.722 10462 10480 I native-activity: Animating
04-13 01:08:50.728 10462 10480 I native-activity: Frame 392 GL error is 0x0
04-13 01:08:50.728 10462 10480 I native-activity: Frame 392 time is 6.270ms
04-13 01:08:50.745 10462 10480 I native-activity: Swap 392 time is 22.485ms
04-13 01:08:50.745 10462 10480 I native-activity: Animating
04-13 01:08:50.751 10462 10480 I native-activity: Frame 393 GL error is 0x0
04-13 01:08:50.751 10462 10480 I native-activity: Frame 393 time is 6.038ms
04-13 01:08:50.769 10462 10480 I native-activity: Swap 393 time is 24.404ms
04-13 01:08:50.769 10462 10480 I native-activity: Animating
04-13 01:08:50.776 10462 10480 I native-activity: Frame 394 GL error is 0x0
04-13 01:08:50.776 10462 10480 I native-activity: Frame 394 time is 6.709ms
04-13 01:08:50.791 10462 10480 I native-activity: Swap 394 time is 22.140ms
04-13 01:08:50.792 10462 10480 I native-activity: Animating
04-13 01:08:50.798 10462 10480 I native-activity: Frame 395 GL error is 0x0
04-13 01:08:50.798 10462 10480 I native-activity: Frame 395 time is 6.315ms
04-13 01:08:50.815 10462 10480 I native-activity: Swap 395 time is 22.964ms
04-13 01:08:50.815 10462 10480 I native-activity: Animating
04-13 01:08:50.829 10462 10480 I native-activity: Frame 396 GL error is 0x0
04-13 01:08:50.829 10462 10480 I native-activity: Frame 396 time is 13.871ms
04-13 01:08:50.836 10462 10480 I native-activity: Swap 396 time is 21.083ms
04-13 01:08:50.836 10462 10480 I native-activity: Animating
04-13 01:08:50.841 10462 10480 I native-activity: Frame 397 GL error is 0x0
04-13 01:08:50.841 10462 10480 I native-activity: Frame 397 time is 5.127ms
04-13 01:08:50.837    93    93 I Kernel  : [ 3449.435597] (3)[93:irq/258-inv_irq]inv_mpu_iio: inv_read_fifo: Received Sensor Interrupt to read FIFO and Fifo_count is 6
04-13 01:08:50.858 10462 10480 I native-activity: Swap 397 time is 21.869ms
04-13 01:08:50.858 10462 10480 I native-activity: Animating
04-13 01:08:50.865 10462 10480 I native-activity: Frame 398 GL error is 0x0
04-13 01:08:50.865 10462 10480 I native-activity: Frame 398 time is 7.174ms
04-13 01:08:50.878 10462 10480 I native-activity: Swap 398 time is 20.300ms
04-13 01:08:50.878 10462 10480 I native-activity: Animating
04-13 01:08:50.889 10462 10480 I native-activity: Frame 399 GL error is 0x0
04-13 01:08:50.889 10462 10480 I native-activity: Frame 399 time is 10.330ms
04-13 01:08:50.899 10462 10480 I native-activity: Swap 399 time is 21.033ms
04-13 01:08:50.900 10462 10480 I native-activity: Animating
04-13 01:08:50.910 10462 10480 I native-activity: Frame 400 GL error is 0x0
04-13 01:08:50.911 10462 10480 I native-activity: Frame 400 time is 10.891ms
04-13 01:08:50.921 10462 10480 I native-activity: Swap 400 time is 21.275ms
04-13 01:08:50.921 10462 10480 I native-activity: Animating
04-13 01:08:50.932 10462 10480 I native-activity: Frame 401 GL error is 0x0
04-13 01:08:50.932 10462 10480 I native-activity: Frame 401 time is 10.607ms
04-13 01:08:50.943 10462 10480 I native-activity: Swap 401 time is 21.500ms
04-13 01:08:50.943 10462 10480 I native-activity: Animating
04-13 01:08:50.953 10462 10480 I native-activity: Frame 402 GL error is 0x0
04-13 01:08:50.953 10462 10480 I native-activity: Frame 402 time is 10.610ms
04-13 01:08:50.963 10462 10480 I native-activity: Swap 402 time is 19.881ms
04-13 01:08:50.963 10462 10480 I native-activity: Animating
04-13 01:08:50.976 10462 10480 I native-activity: Frame 403 GL error is 0x0
04-13 01:08:50.976 10462 10480 I native-activity: Frame 403 time is 12.811ms
04-13 01:08:50.983 10462 10480 I native-activity: Swap 403 time is 20.520ms
04-13 01:08:50.984 10462 10480 I native-activity: Animating
04-13 01:08:50.998 10462 10480 I native-activity: Frame 404 GL error is 0x0
04-13 01:08:50.998 10462 10480 I native-activity: Frame 404 time is 14.488ms
04-13 01:08:51.005 10462 10480 I native-activity: Swap 404 time is 21.528ms
04-13 01:08:51.005 10462 10480 I native-activity: Animating
04-13 01:08:51.011 10462 10480 I native-activity: Frame 405 GL error is 0x0
04-13 01:08:51.011 10462 10480 I native-activity: Frame 405 time is 6.301ms
04-13 01:08:51.027 10462 10480 I native-activity: Swap 405 time is 21.696ms
04-13 01:08:51.027 10462 10480 I native-activity: Animating
04-13 01:08:51.033 10462 10480 I native-activity: Frame 406 GL error is 0x0
04-13 01:08:51.033 10462 10480 I native-activity: Frame 406 time is 6.151ms
04-13 01:08:51.047 10462 10480 I native-activity: Swap 406 time is 20.342ms
04-13 01:08:51.047 10462 10480 I native-activity: Animating
04-13 01:08:51.054 10462 10480 I native-activity: Frame 407 GL error is 0x0
04-13 01:08:51.054 10462 10480 I native-activity: Frame 407 time is 6.857ms
04-13 01:08:51.069 10462 10480 I native-activity: Swap 407 time is 21.647ms
04-13 01:08:51.069 10462 10480 I native-activity: Animating
04-13 01:08:51.074 10462 10480 I native-activity: Frame 408 GL error is 0x0
04-13 01:08:51.074 10462 10480 I native-activity: Frame 408 time is 4.979ms
04-13 01:08:51.091 10462 10480 I native-activity: Swap 408 time is 21.807ms
04-13 01:08:51.091 10462 10480 I native-activity: Animating
04-13 01:08:51.097 10462 10480 I native-activity: Frame 409 GL error is 0x0
04-13 01:08:51.097 10462 10480 I native-activity: Frame 409 time is 5.411ms
04-13 01:08:51.112 10462 10480 I native-activity: Swap 409 time is 20.437ms
04-13 01:08:51.112 10462 10480 I native-activity: Animating
04-13 01:08:51.117 10462 10480 I native-activity: Frame 410 GL error is 0x0
04-13 01:08:51.117 10462 10480 I native-activity: Frame 410 time is 5.186ms
04-13 01:08:51.133 10462 10480 I native-activity: Swap 410 time is 21.207ms
04-13 01:08:51.133 10462 10480 I native-activity: Animating
04-13 01:08:51.138 10462 10480 I native-activity: Frame 411 GL error is 0x0
04-13 01:08:51.138 10462 10480 I native-activity: Frame 411 time is 4.894ms
04-13 01:08:51.154 10462 10480 I native-activity: Swap 411 time is 21.319ms
04-13 01:08:51.155 10462 10480 I native-activity: Animating
04-13 01:08:51.160 10462 10480 I native-activity: Frame 412 GL error is 0x0
04-13 01:08:51.160 10462 10480 I native-activity: Frame 412 time is 5.073ms
04-13 01:08:51.176 10462 10480 I native-activity: Swap 412 time is 21.545ms
04-13 01:08:51.176 10462 10480 I native-activity: Animating
04-13 01:08:51.232 10462 10480 I native-activity: Frame 413 GL error is 0x501
04-13 01:08:51.232 10462 10480 I native-activity: Frame 413 time is 55.932ms
04-13 01:08:51.233 10462 10480 I native-activity: Swap 413 time is 56.458ms
04-13 01:08:51.233 10462 10480 I native-activity: Animating
04-13 01:08:51.311 10462 10480 I native-activity: Frame 414 GL error is 0x0
04-13 01:08:51.311 10462 10480 I native-activity: Frame 414 time is 78.435ms
04-13 01:08:51.312 10462 10480 I native-activity: Swap 414 time is 78.977ms
04-13 01:08:51.312 10462 10480 I native-activity: Animating
04-13 01:08:51.316 10462 10480 I native-activity: Frame 415 GL error is 0x0
04-13 01:08:51.316 10462 10480 I native-activity: Frame 415 time is 4.582ms
04-13 01:08:51.327 10462 10480 I native-activity: Swap 415 time is 14.917ms
04-13 01:08:51.327 10462 10480 I native-activity: Animating
04-13 01:08:51.332 10462 10480 I native-activity: Frame 416 GL error is 0x0
04-13 01:08:51.332 10462 10480 I native-activity: Frame 416 time is 5.111ms
04-13 01:08:51.346 10462 10480 I native-activity: Swap 416 time is 18.708ms
04-13 01:08:51.346 10462 10480 I native-activity: Animating
04-13 01:08:51.351 10462 10480 I native-activity: Frame 417 GL error is 0x0
04-13 01:08:51.351 10462 10480 I native-activity: Frame 417 time is 5.567ms
04-13 01:08:51.365 10462 10480 I native-activity: Swap 417 time is 18.855ms
04-13 01:08:51.365 10462 10480 I native-activity: Animating
04-13 01:08:51.371 10462 10480 I native-activity: Frame 418 GL error is 0x0
04-13 01:08:51.371 10462 10480 I native-activity: Frame 418 time is 6.194ms
04-13 01:08:51.384 10462 10480 I native-activity: Swap 418 time is 19.462ms
04-13 01:08:51.384 10462 10480 I native-activity: Animating
04-13 01:08:51.388 10462 10480 I native-activity: Frame 419 GL error is 0x0
04-13 01:08:51.388 10462 10480 I native-activity: Frame 419 time is 3.922ms
04-13 01:08:51.403 10462 10480 I native-activity: Swap 419 time is 19.030ms
04-13 01:08:51.403 10462 10480 I native-activity: Animating
04-13 01:08:51.397    93    93 I Kernel  : [ 3449.996762] (2)[93:irq/258-inv_irq]inv_mpu_iio: inv_push_8bytes_buffer: Received Accel Sensor Data at Driver Layer -820, 1916, -16220
04-13 01:08:51.408 10462 10480 I native-activity: Frame 420 GL error is 0x0
04-13 01:08:51.408 10462 10480 I native-activity: Frame 420 time is 4.113ms
04-13 01:08:51.421 10462 10480 I native-activity: Swap 420 time is 17.285ms
04-13 01:08:51.421 10462 10480 I native-activity: Animating
04-13 01:08:51.427 10462 10480 I native-activity: Frame 421 GL error is 0x0
04-13 01:08:51.427 10462 10480 I native-activity: Frame 421 time is 6.375ms
04-13 01:08:51.428 10462 10480 I native-activity: Swap 421 time is 7.023ms
04-13 01:08:51.428 10462 10480 I native-activity: Animating
04-13 01:08:51.442 10462 10480 I native-activity: Frame 422 GL error is 0x0
04-13 01:08:51.442 10462 10480 I native-activity: Frame 422 time is 13.621ms
04-13 01:08:51.443 10462 10480 I native-activity: Swap 422 time is 15.204ms
04-13 01:08:51.443 10462 10480 I native-activity: Animating
04-13 01:08:51.458 10462 10480 I native-activity: Frame 423 GL error is 0x0
04-13 01:08:51.458 10462 10480 I native-activity: Frame 423 time is 14.878ms
04-13 01:08:51.459 10462 10480 I native-activity: Swap 423 time is 15.397ms
04-13 01:08:51.459 10462 10480 I native-activity: Animating
04-13 01:08:51.473 10462 10480 I native-activity: Frame 424 GL error is 0x0
04-13 01:08:51.473 10462 10480 I native-activity: Frame 424 time is 14.270ms
04-13 01:08:51.474 10462 10480 I native-activity: Swap 424 time is 15.598ms
04-13 01:08:51.475 10462 10480 I native-activity: Animating
04-13 01:08:51.488 10462 10480 I native-activity: Frame 425 GL error is 0x0
04-13 01:08:51.488 10462 10480 I native-activity: Frame 425 time is 13.154ms
04-13 01:08:51.492 10462 10480 I native-activity: Swap 425 time is 16.955ms
04-13 01:08:51.492 10462 10480 I native-activity: Animating
04-13 01:08:51.510 10462 10480 I native-activity: Frame 426 GL error is 0x0
04-13 01:08:51.510 10462 10480 I native-activity: Frame 426 time is 17.979ms
04-13 01:08:51.510 10462 10480 I native-activity: Swap 426 time is 18.500ms
04-13 01:08:51.510 10462 10480 I native-activity: Animating
04-13 01:08:51.522 10462 10480 I native-activity: Frame 427 GL error is 0x0
04-13 01:08:51.522 10462 10480 I native-activity: Frame 427 time is 12.197ms
04-13 01:08:51.525 10462 10480 I native-activity: Swap 427 time is 15.202ms
04-13 01:08:51.526 10462 10480 I native-activity: Animating
04-13 01:08:51.539 10462 10480 I native-activity: Frame 428 GL error is 0x0
04-13 01:08:51.539 10462 10480 I native-activity: Frame 428 time is 13.843ms
04-13 01:08:51.541 10462 10480 I native-activity: Swap 428 time is 15.483ms
04-13 01:08:51.541 10462 10480 I native-activity: Animating
04-13 01:08:51.556 10462 10480 I native-activity: Frame 429 GL error is 0x0
04-13 01:08:51.556 10462 10480 I native-activity: Frame 429 time is 15.212ms
04-13 01:08:51.557 10462 10480 I native-activity: Swap 429 time is 15.929ms
04-13 01:08:51.557 10462 10480 I native-activity: Animating
04-13 01:08:51.574 10462 10480 I native-activity: Frame 430 GL error is 0x0
04-13 01:08:51.574 10462 10480 I native-activity: Frame 430 time is 17.063ms
04-13 01:08:51.575 10462 10480 I native-activity: Swap 430 time is 17.976ms
04-13 01:08:51.575 10462 10480 I native-activity: Animating
04-13 01:08:51.591 10462 10480 I native-activity: Frame 431 GL error is 0x0
04-13 01:08:51.591 10462 10480 I native-activity: Frame 431 time is 15.975ms
04-13 01:08:51.592 10462 10480 I native-activity: Swap 431 time is 16.874ms
04-13 01:08:51.592 10462 10480 I native-activity: Animating
04-13 01:08:51.609 10462 10480 I native-activity: Frame 432 GL error is 0x0
04-13 01:08:51.609 10462 10480 I native-activity: Frame 432 time is 16.105ms
04-13 01:08:51.610 10462 10480 I native-activity: Swap 432 time is 17.649ms
04-13 01:08:51.610 10462 10480 I native-activity: Animating
04-13 01:08:51.629 10462 10480 I native-activity: Frame 433 GL error is 0x0
04-13 01:08:51.629 10462 10480 I native-activity: Frame 433 time is 18.731ms
04-13 01:08:51.630 10462 10480 I native-activity: Swap 433 time is 19.768ms
04-13 01:08:51.630 10462 10480 I native-activity: Animating
04-13 01:08:51.644 10462 10480 I native-activity: Frame 434 GL error is 0x0
04-13 01:08:51.644 10462 10480 I native-activity: Frame 434 time is 13.798ms
04-13 01:08:51.645 10462 10480 I native-activity: Swap 434 time is 14.602ms
04-13 01:08:51.645 10462 10480 I native-activity: Animating
04-13 01:08:51.663 10462 10480 I native-activity: Frame 435 GL error is 0x0
04-13 01:08:51.663 10462 10480 I native-activity: Frame 435 time is 18.207ms
04-13 01:08:51.664 10462 10480 I native-activity: Swap 435 time is 19.265ms
04-13 01:08:51.665 10462 10480 I native-activity: Animating
04-13 01:08:51.667    93    93 I Kernel  : [ 3450.267846] (3)[93:irq/258-inv_irq]inv_mpu_iio: inv_read_fifo: Received Sensor Interrupt to read FIFO and Fifo_count is 6
04-13 01:08:51.681 10462 10480 I native-activity: Frame 436 GL error is 0x0
04-13 01:08:51.681 10462 10480 I native-activity: Frame 436 time is 16.737ms
04-13 01:08:51.682 10462 10480 I native-activity: Swap 436 time is 17.637ms
04-13 01:08:51.682 10462 10480 I native-activity: Animating
04-13 01:08:51.696 10462 10480 I native-activity: Frame 437 GL error is 0x0
04-13 01:08:51.696 10462 10480 I native-activity: Frame 437 time is 13.474ms
04-13 01:08:51.697 10462 10480 I native-activity: Swap 437 time is 14.568ms
04-13 01:08:51.697 10462 10480 I native-activity: Animating
04-13 01:08:51.712 10462 10480 I native-activity: Frame 438 GL error is 0x0
04-13 01:08:51.712 10462 10480 I native-activity: Frame 438 time is 15.338ms
04-13 01:08:51.714 10462 10480 I native-activity: Swap 438 time is 17.034ms
04-13 01:08:51.714 10462 10480 I native-activity: Animating
04-13 01:08:51.725 10462 10480 I native-activity: Frame 439 GL error is 0x0
04-13 01:08:51.725 10462 10480 I native-activity: Frame 439 time is 11.088ms
04-13 01:08:51.727 10462 10480 I native-activity: Swap 439 time is 12.454ms
04-13 01:08:51.727 10462 10480 I native-activity: Animating
04-13 01:08:51.747 10462 10480 I native-activity: Frame 440 GL error is 0x0
04-13 01:08:51.747 10462 10480 I native-activity: Frame 440 time is 19.684ms
04-13 01:08:51.747 10462 10480 I native-activity: Swap 440 time is 20.502ms
04-13 01:08:51.747 10462 10480 I native-activity: Animating
04-13 01:08:51.763 10462 10480 I native-activity: Frame 441 GL error is 0x0
04-13 01:08:51.763 10462 10480 I native-activity: Frame 441 time is 15.426ms
04-13 01:08:51.764 10462 10480 I native-activity: Swap 441 time is 16.261ms
04-13 01:08:51.764 10462 10480 I native-activity: Animating
04-13 01:08:51.784 10462 10480 I native-activity: Frame 442 GL error is 0x0
04-13 01:08:51.784 10462 10480 I native-activity: Frame 442 time is 19.949ms
04-13 01:08:51.785 10462 10480 I native-activity: Swap 442 time is 20.758ms
04-13 01:08:51.785 10462 10480 I native-activity: Animating
04-13 01:08:51.797 10462 10480 I native-activity: Frame 443 GL error is 0x0
04-13 01:08:51.797 10462 10480 I native-activity: Frame 443 time is 11.942ms
04-13 01:08:51.799 10462 10480 I native-activity: Swap 443 time is 14.418ms
04-13 01:08:51.799 10462 10480 I native-activity: Animating
04-13 01:08:51.818 10462 10480 I native-activity: Frame 444 GL error is 0x0
04-13 01:08:51.818 10462 10480 I native-activity: Frame 444 time is 18.205ms
04-13 01:08:51.818 10462 10480 I native-activity: Swap 444 time is 18.966ms
04-13 01:08:51.819 10462 10480 I native-activity: Animating
04-13 01:08:51.831 10462 10480 I native-activity: Frame 445 GL error is 0x0
04-13 01:08:51.831 10462 10480 I native-activity: Frame 445 time is 12.528ms
04-13 01:08:51.834 10462 10480 I native-activity: Swap 445 time is 15.809ms
04-13 01:08:51.835 10462 10480 I native-activity: Animating
04-13 01:08:51.848 10462 10480 I native-activity: Frame 446 GL error is 0x0
04-13 01:08:51.848 10462 10480 I native-activity: Frame 446 time is 13.209ms
04-13 01:08:51.852 10462 10480 I native-activity: Swap 446 time is 17.158ms
04-13 01:08:51.852 10462 10480 I native-activity: Animating
04-13 01:08:51.868 10462 10480 I native-activity: Frame 447 GL error is 0x0
04-13 01:08:51.869 10462 10480 I native-activity: Frame 447 time is 16.643ms
04-13 01:08:51.869 10462 10480 I native-activity: Swap 447 time is 17.464ms
04-13 01:08:51.869 10462 10480 I native-activity: Animating
04-13 01:08:51.885 10462 10480 I native-activity: Frame 448 GL error is 0x0
04-13 01:08:51.885 10462 10480 I native-activity: Frame 448 time is 15.433ms
04-13 01:08:51.887 10462 10480 I native-activity: Swap 448 time is 17.227ms
04-13 01:08:51.887 10462 10480 I native-activity: Animating
04-13 01:08:51.899 10462 10480 I native-activity: Frame 449 GL error is 0x0
04-13 01:08:51.899 10462 10480 I native-activity: Frame 449 time is 12.035ms
04-13 01:08:51.905 10462 10480 I native-activity: Swap 449 time is 17.822ms
04-13 01:08:51.905 10462 10480 I native-activity: Animating
04-13 01:08:51.916 10462 10480 I native-activity: Frame 450 GL error is 0x0
04-13 01:08:51.916 10462 10480 I native-activity: Frame 450 time is 11.310ms
04-13 01:08:51.922 10462 10480 I native-activity: Swap 450 time is 17.114ms
04-13 01:08:51.922 10462 10480 I native-activity: Animating
04-13 01:08:51.934 10462 10480 I native-activity: Frame 451 GL error is 0x0
04-13 01:08:51.934 10462 10480 I native-activity: Frame 451 time is 11.391ms
04-13 01:08:51.940 10462 10480 I native-activity: Swap 451 time is 17.367ms
04-13 01:08:51.940 10462 10480 I native-activity: Animating
04-13 01:08:51.954 10462 10480 I native-activity: Frame 452 GL error is 0x0
04-13 01:08:51.954 10462 10480 I native-activity: Frame 452 time is 14.303ms
04-13 01:08:51.957 10462 10480 I native-activity: Swap 452 time is 17.017ms
04-13 01:08:51.957 10462 10480 I native-activity: Animating
04-13 01:08:51.972 10462 10480 I native-activity: Frame 453 GL error is 0x0
04-13 01:08:51.972 10462 10480 I native-activity: Frame 453 time is 14.859ms
04-13 01:08:51.974 10462 10480 I native-activity: Swap 453 time is 17.168ms
04-13 01:08:51.974 10462 10480 I native-activity: Animating
04-13 01:08:51.986 10462 10480 I native-activity: Frame 454 GL error is 0x0
04-13 01:08:51.986 10462 10480 I native-activity: Frame 454 time is 11.465ms
04-13 01:08:51.992 10462 10480 I native-activity: Swap 454 time is 17.582ms
04-13 01:08:51.992 10462 10480 I native-activity: Animating
04-13 01:08:52.006 10462 10480 I native-activity: Frame 455 GL error is 0x0
04-13 01:08:52.006 10462 10480 I native-activity: Frame 455 time is 14.139ms
04-13 01:08:52.009 10462 10480 I native-activity: Swap 455 time is 17.165ms
04-13 01:08:52.009 10462 10480 I native-activity: Animating
04-13 01:08:52.023 10462 10480 I native-activity: Frame 456 GL error is 0x0
04-13 01:08:52.023 10462 10480 I native-activity: Frame 456 time is 13.368ms
04-13 01:08:52.027 10462 10480 I native-activity: Swap 456 time is 17.601ms
04-13 01:08:52.027 10462 10480 I native-activity: Animating
04-13 01:08:52.040 10462 10480 I native-activity: Frame 457 GL error is 0x0
04-13 01:08:52.040 10462 10480 I native-activity: Frame 457 time is 13.001ms
04-13 01:08:52.045 10462 10480 I native-activity: Swap 457 time is 17.550ms
04-13 01:08:52.045 10462 10480 I native-activity: Animating
04-13 01:08:52.057 10462 10480 I native-activity: Frame 458 GL error is 0x0
04-13 01:08:52.057 10462 10480 I native-activity: Frame 458 time is 11.990ms
04-13 01:08:52.063 10462 10480 I native-activity: Swap 458 time is 17.654ms
04-13 01:08:52.063 10462 10480 I native-activity: Animating
04-13 01:08:52.074 10462 10480 I native-activity: Frame 459 GL error is 0x0
04-13 01:08:52.074 10462 10480 I native-activity: Frame 459 time is 11.698ms
04-13 01:08:52.080 10462 10480 I native-activity: Swap 459 time is 17.734ms
04-13 01:08:52.081 10462 10480 I native-activity: Animating
04-13 01:08:52.092 10462 10480 I native-activity: Frame 460 GL error is 0x0
04-13 01:08:52.092 10462 10480 I native-activity: Frame 460 time is 11.867ms
04-13 01:08:52.098 10462 10480 I native-activity: Swap 460 time is 17.277ms
04-13 01:08:52.098 10462 10480 I native-activity: Animating
04-13 01:08:52.109 10462 10480 I native-activity: Frame 461 GL error is 0x0
04-13 01:08:52.109 10462 10480 I native-activity: Frame 461 time is 11.343ms
04-13 01:08:52.116 10462 10480 I native-activity: Swap 461 time is 17.754ms
04-13 01:08:52.116 10462 10480 I native-activity: Animating
04-13 01:08:52.141 10462 10480 I native-activity: Frame 462 GL error is 0x501
04-13 01:08:52.141 10462 10480 I native-activity: Frame 462 time is 25.505ms
04-13 01:08:52.142 10462 10480 I native-activity: Swap 462 time is 26.371ms
04-13 01:08:52.142 10462 10480 I native-activity: Animating
04-13 01:08:52.150 10462 10480 I native-activity: Frame 463 GL error is 0x0
04-13 01:08:52.150 10462 10480 I native-activity: Frame 463 time is 7.109ms
04-13 01:08:52.156 10462 10480 I native-activity: Swap 463 time is 13.072ms
04-13 01:08:52.156 10462 10480 I native-activity: Animating
04-13 01:08:52.159 10462 10480 I native-activity: Frame 464 GL error is 0x0
04-13 01:08:52.159 10462 10480 I native-activity: Frame 464 time is 3.562ms
04-13 01:08:52.171 10462 10480 I native-activity: Swap 464 time is 15.042ms
04-13 01:08:52.171 10462 10480 I native-activity: Animating
04-13 01:08:52.178 10462 10480 I native-activity: Frame 465 GL error is 0x0
04-13 01:08:52.178 10462 10480 I native-activity: Frame 465 time is 7.184ms
04-13 01:08:52.184 10462 10480 I native-activity: Swap 465 time is 13.605ms
04-13 01:08:52.185 10462 10480 I native-activity: Animating
04-13 01:08:52.189 10462 10480 I native-activity: Frame 466 GL error is 0x0
04-13 01:08:52.189 10462 10480 I native-activity: Frame 466 time is 4.464ms
04-13 01:08:52.196 10462 10480 I native-activity: Swap 466 time is 10.990ms
04-13 01:08:52.196 10462 10480 I native-activity: Animating
04-13 01:08:52.206 10462 10480 I native-activity: Frame 467 GL error is 0x0
04-13 01:08:52.206 10462 10480 I native-activity: Frame 467 time is 10.681ms
04-13 01:08:52.212 10462 10480 I native-activity: Swap 467 time is 15.920ms
04-13 01:08:52.212 10462 10480 I native-activity: Animating
04-13 01:08:52.222 10462 10480 I native-activity: Frame 468 GL error is 0x0
04-13 01:08:52.222 10462 10480 I native-activity: Frame 468 time is 9.919ms
04-13 01:08:52.228 10462 10480 I native-activity: Swap 468 time is 16.214ms
04-13 01:08:52.228 10462 10480 I native-activity: Animating
04-13 01:08:52.269 10462 10480 I native-activity: Frame 469 GL error is 0x501
04-13 01:08:52.269 10462 10480 I native-activity: Frame 469 time is 40.925ms
04-13 01:08:52.270 10462 10480 I native-activity: Swap 469 time is 41.445ms
04-13 01:08:52.270 10462 10480 I native-activity: Animating
04-13 01:08:52.275 10462 10480 I native-activity: Frame 470 GL error is 0x0
04-13 01:08:52.275 10462 10480 I native-activity: Frame 470 time is 5.716ms
04-13 01:08:52.278 10462 10480 I native-activity: Swap 470 time is 8.187ms
