04-11 02:54:09.192 25925 25949 V native-activity: 		EGL_BIND_TO_TEXTURE_RGBA: 0
04-11 02:54:09.192 25925 25949 V native-activity: 		EGL_MIN_SWAP_INTERVAL: 0
04-11 02:54:09.192 25925 25949 V native-activity: 		EGL_MAX_SWAP_INTERVAL: 5
04-11 02:54:09.192 25925 25949 V native-activity: 		EGL_MAX_PBUFFER_WIDTH: 8192
04-11 02:54:09.192 25925 25949 V native-activity: 		EGL_MAX_PBUFFER_HEIGHT: 8192
04-11 02:54:09.192 25925 25949 D native-activity: 	Config 0x26 index 37
04-11 02:54:09.192 25925 25949 V native-activity: 		EGL_CONFIG_ID: 38
04-11 02:54:09.192 25925 25949 V native-activity: 		EGL_CONFORMANT: 68 EGL_OPENGL_ES2_BIT,
04-11 02:54:09.192 25925 25949 V native-activity: 		EGL_CONFIG_CAVEAT: 12344 EGL_NONE,
04-11 02:54:09.192 25925 25949 V native-activity: 		EGL_RENDERABLE_TYPE: 68 EGL_OPENGL_ES2_BIT,
04-11 02:54:09.192 25925 25949 V native-activity: 		EGL_SURFACE_TYPE: 4 EGL_WINDOW_BIT,
04-11 02:54:09.192 25925 25949 V native-activity: 		EGL_LEVEL: 0
04-11 02:54:09.192 25925 25949 V native-activity: 		EGL_COLOR_BUFFER_TYPE: 12430 EGL_RGB_BUFFER,
04-11 02:54:09.192 25925 25949 V native-activity: 		EGL_BUFFER_SIZE: 32
04-11 02:54:09.192 25925 25949 V native-activity: 		EGL_SAMPLES: 4
04-11 02:54:09.192 25925 25949 V native-activity: 		EGL_SAMPLE_BUFFERS: 1
04-11 02:54:09.192 25925 25949 V native-activity: 		EGL_RED_SIZE: 8
04-11 02:54:09.192 25925 25949 V native-activity: 		EGL_GREEN_SIZE: 8
04-11 02:54:09.192 25925 25949 V native-activity: 		EGL_BLUE_SIZE: 8
04-11 02:54:09.192 25925 25949 V native-activity: 		EGL_ALPHA_SIZE: 0
04-11 02:54:09.192 25925 25949 V native-activity: 		EGL_ALPHA_MASK_SIZE: 0
04-11 02:54:09.192 25925 25949 V native-activity: 		EGL_LUMINANCE_SIZE: 0
04-11 02:54:09.192 25925 25949 V native-activity: 		EGL_TRANSPARENT_TYPE: 12344 EGL_NONE,
04-11 02:54:09.192 25925 25949 V native-activity: 		EGL_TRANSPARENT_RED_VALUE: 0
04-11 02:54:09.192 25925 25949 V native-activity: 		EGL_TRANSPARENT_GREEN_VALUE: 0
04-11 02:54:09.192 25925 25949 V native-activity: 		EGL_TRANSPARENT_BLUE_VALUE: 0
04-11 02:54:09.192 25925 25949 V native-activity: 		EGL_STENCIL_SIZE: 8
04-11 02:54:09.192 25925 25949 V native-activity: 		EGL_DEPTH_SIZE: 24
04-11 02:54:09.192 25925 25949 V native-activity: 		EGL_BIND_TO_TEXTURE_RGB: 0
04-11 02:54:09.192 25925 25949 V native-activity: 		EGL_BIND_TO_TEXTURE_RGBA: 0
04-11 02:54:09.192 25925 25949 V native-activity: 		EGL_MIN_SWAP_INTERVAL: 0
04-11 02:54:09.192 25925 25949 V native-activity: 		EGL_MAX_SWAP_INTERVAL: 5
04-11 02:54:09.192 25925 25949 V native-activity: 		EGL_MAX_PBUFFER_WIDTH: 8192
04-11 02:54:09.192 25925 25949 V native-activity: 		EGL_MAX_PBUFFER_HEIGHT: 8192
04-11 02:54:09.192 25925 25949 D native-activity: 	Config 0x27 index 38
04-11 02:54:09.192 25925 25949 V native-activity: 		EGL_CONFIG_ID: 39
04-11 02:54:09.192 25925 25949 V native-activity: 		EGL_CONFORMANT: 68 EGL_OPENGL_ES2_BIT,
04-11 02:54:09.192 25925 25949 V native-activity: 		EGL_CONFIG_CAVEAT: 12344 EGL_NONE,
04-11 02:54:09.192 25925 25949 V native-activity: 		EGL_RENDERABLE_TYPE: 68 EGL_OPENGL_ES2_BIT,
04-11 02:54:09.192 25925 25949 V native-activity: 		EGL_SURFACE_TYPE: 4 EGL_WINDOW_BIT,
04-11 02:54:09.192 25925 25949 V native-activity: 		EGL_LEVEL: 0
04-11 02:54:09.192 25925 25949 V native-activity: 		EGL_COLOR_BUFFER_TYPE: 12430 EGL_RGB_BUFFER,
04-11 02:54:09.192 25925 25949 V native-activity: 		EGL_BUFFER_SIZE: 32
04-11 02:54:09.192 25925 25949 V native-activity: 		EGL_SAMPLES: 8
04-11 02:54:09.192 25925 25949 V native-activity: 		EGL_SAMPLE_BUFFERS: 1
04-11 02:54:09.192 25925 25949 V native-activity: 		EGL_RED_SIZE: 8
04-11 02:54:09.192 25925 25949 V native-activity: 		EGL_GREEN_SIZE: 8
04-11 02:54:09.192 25925 25949 V native-activity: 		EGL_BLUE_SIZE: 8
04-11 02:54:09.192 25925 25949 V native-activity: 		EGL_ALPHA_SIZE: 0
04-11 02:54:09.192 25925 25949 V native-activity: 		EGL_ALPHA_MASK_SIZE: 0
04-11 02:54:09.192 25925 25949 V native-activity: 		EGL_LUMINANCE_SIZE: 0
04-11 02:54:09.192 25925 25949 V native-activity: 		EGL_TRANSPARENT_TYPE: 12344 EGL_NONE,
04-11 02:54:09.192 25925 25949 V native-activity: 		EGL_TRANSPARENT_RED_VALUE: 0
04-11 02:54:09.192 25925 25949 V native-activity: 		EGL_TRANSPARENT_GREEN_VALUE: 0
04-11 02:54:09.192 25925 25949 V native-activity: 		EGL_TRANSPARENT_BLUE_VALUE: 0
04-11 02:54:09.192 25925 25949 V native-activity: 		EGL_STENCIL_SIZE: 8
04-11 02:54:09.192 25925 25949 V native-activity: 		EGL_DEPTH_SIZE: 24
04-11 02:54:09.192 25925 25949 V native-activity: 		EGL_BIND_TO_TEXTURE_RGB: 0
04-11 02:54:09.192 25925 25949 V native-activity: 		EGL_BIND_TO_TEXTURE_RGBA: 0
04-11 02:54:09.193 25925 25949 V native-activity: 		EGL_MIN_SWAP_INTERVAL: 0
04-11 02:54:09.193 25925 25949 V native-activity: 		EGL_MAX_SWAP_INTERVAL: 5
04-11 02:54:09.193 25925 25949 V native-activity: 		EGL_MAX_PBUFFER_WIDTH: 8192
04-11 02:54:09.193 25925 25949 V native-activity: 		EGL_MAX_PBUFFER_HEIGHT: 8192
04-11 02:54:09.193 25925 25949 D native-activity: 	Config 0x28 index 39
04-11 02:54:09.193 25925 25949 V native-activity: 		EGL_CONFIG_ID: 40
04-11 02:54:09.193 25925 25949 V native-activity: 		EGL_CONFORMANT: 68 EGL_OPENGL_ES2_BIT,
04-11 02:54:09.193 25925 25949 V native-activity: 		EGL_CONFIG_CAVEAT: 12344 EGL_NONE,
04-11 02:54:09.193 25925 25949 V native-activity: 		EGL_RENDERABLE_TYPE: 68 EGL_OPENGL_ES2_BIT,
04-11 02:54:09.193 25925 25949 V native-activity: 		EGL_SURFACE_TYPE: 5 EGL_PBUFFER_BIT, EGL_WINDOW_BIT,
04-11 02:54:09.193 25925 25949 V native-activity: 		EGL_LEVEL: 0
04-11 02:54:09.193 25925 25949 V native-activity: 		EGL_COLOR_BUFFER_TYPE: 12430 EGL_RGB_BUFFER,
04-11 02:54:09.193 25925 25949 V native-activity: 		EGL_BUFFER_SIZE: 16
04-11 02:54:09.193 25925 25949 V native-activity: 		EGL_SAMPLES: 0
04-11 02:54:09.193 25925 25949 V native-activity: 		EGL_SAMPLE_BUFFERS: 0
04-11 02:54:09.193 25925 25949 V native-activity: 		EGL_RED_SIZE: 5
04-11 02:54:09.193 25925 25949 V native-activity: 		EGL_GREEN_SIZE: 6
04-11 02:54:09.193 25925 25949 V native-activity: 		EGL_BLUE_SIZE: 5
04-11 02:54:09.193 25925 25949 V native-activity: 		EGL_ALPHA_SIZE: 0
04-11 02:54:09.193 25925 25949 V native-activity: 		EGL_ALPHA_MASK_SIZE: 0
04-11 02:54:09.193 25925 25949 V native-activity: 		EGL_LUMINANCE_SIZE: 0
04-11 02:54:09.193 25925 25949 V native-activity: 		EGL_TRANSPARENT_TYPE: 12344 EGL_NONE,
04-11 02:54:09.193 25925 25949 V native-activity: 		EGL_TRANSPARENT_RED_VALUE: 0
04-11 02:54:09.193 25925 25949 V native-activity: 		EGL_TRANSPARENT_GREEN_VALUE: 0
04-11 02:54:09.193 25925 25949 V native-activity: 		EGL_TRANSPARENT_BLUE_VALUE: 0
04-11 02:54:09.193 25925 25949 V native-activity: 		EGL_STENCIL_SIZE: 8
04-11 02:54:09.193 25925 25949 V native-activity: 		EGL_DEPTH_SIZE: 24
04-11 02:54:09.193 25925 25949 V native-activity: 		EGL_BIND_TO_TEXTURE_RGB: 1
04-11 02:54:09.193 25925 25949 V native-activity: 		EGL_BIND_TO_TEXTURE_RGBA: 0
04-11 02:54:09.193 25925 25949 V native-activity: 		EGL_MIN_SWAP_INTERVAL: 0
04-11 02:54:09.193 25925 25949 V native-activity: 		EGL_MAX_SWAP_INTERVAL: 5
04-11 02:54:09.193 25925 25949 V native-activity: 		EGL_MAX_PBUFFER_WIDTH: 8192
04-11 02:54:09.193 25925 25949 V native-activity: 		EGL_MAX_PBUFFER_HEIGHT: 8192
04-11 02:54:09.193 25925 25949 D native-activity: 	Config 0x29 index 40
04-11 02:54:09.193 25925 25949 V native-activity: 		EGL_CONFIG_ID: 41
04-11 02:54:09.193 25925 25949 V native-activity: 		EGL_CONFORMANT: 68 EGL_OPENGL_ES2_BIT,
04-11 02:54:09.193 25925 25949 V native-activity: 		EGL_CONFIG_CAVEAT: 12344 EGL_NONE,
04-11 02:54:09.193 25925 25949 V native-activity: 		EGL_RENDERABLE_TYPE: 68 EGL_OPENGL_ES2_BIT,
04-11 02:54:09.193 25925 25949 V native-activity: 		EGL_SURFACE_TYPE: 5 EGL_PBUFFER_BIT, EGL_WINDOW_BIT,
04-11 02:54:09.193 25925 25949 V native-activity: 		EGL_LEVEL: 0
04-11 02:54:09.193 25925 25949 V native-activity: 		EGL_COLOR_BUFFER_TYPE: 12430 EGL_RGB_BUFFER,
04-11 02:54:09.193 25925 25949 V native-activity: 		EGL_BUFFER_SIZE: 16
04-11 02:54:09.193 25925 25949 V native-activity: 		EGL_SAMPLES: 0
04-11 02:54:09.193 25925 25949 V native-activity: 		EGL_SAMPLE_BUFFERS: 0
04-11 02:54:09.193 25925 25949 V native-activity: 		EGL_RED_SIZE: 5
04-11 02:54:09.193 25925 25949 V native-activity: 		EGL_GREEN_SIZE: 6
04-11 02:54:09.193 25925 25949 V native-activity: 		EGL_BLUE_SIZE: 5
04-11 02:54:09.193 25925 25949 V native-activity: 		EGL_ALPHA_SIZE: 0
04-11 02:54:09.193 25925 25949 V native-activity: 		EGL_ALPHA_MASK_SIZE: 0
04-11 02:54:09.193 25925 25949 V native-activity: 		EGL_LUMINANCE_SIZE: 0
04-11 02:54:09.193 25925 25949 V native-activity: 		EGL_TRANSPARENT_TYPE: 12344 EGL_NONE,
04-11 02:54:09.193 25925 25949 V native-activity: 		EGL_TRANSPARENT_RED_VALUE: 0
04-11 02:54:09.193 25925 25949 V native-activity: 		EGL_TRANSPARENT_GREEN_VALUE: 0
04-11 02:54:09.193 25925 25949 V native-activity: 		EGL_TRANSPARENT_BLUE_VALUE: 0
04-11 02:54:09.193 25925 25949 V native-activity: 		EGL_STENCIL_SIZE: 0
04-11 02:54:09.193 25925 25949 V native-activity: 		EGL_DEPTH_SIZE: 0
04-11 02:54:09.193 25925 25949 V native-activity: 		EGL_BIND_TO_TEXTURE_RGB: 1
04-11 02:54:09.193 25925 25949 V native-activity: 		EGL_BIND_TO_TEXTURE_RGBA: 0
04-11 02:54:09.193 25925 25949 V native-activity: 		EGL_MIN_SWAP_INTERVAL: 0
04-11 02:54:09.193 25925 25949 V native-activity: 		EGL_MAX_SWAP_INTERVAL: 5
04-11 02:54:09.193 25925 25949 V native-activity: 		EGL_MAX_PBUFFER_WIDTH: 8192
04-11 02:54:09.194 25925 25949 V native-activity: 		EGL_MAX_PBUFFER_HEIGHT: 8192
04-11 02:54:09.194 25925 25949 D native-activity: 	Config 0x2a index 41
04-11 02:54:09.194 25925 25949 V native-activity: 		EGL_CONFIG_ID: 42
04-11 02:54:09.194 25925 25949 V native-activity: 		EGL_CONFORMANT: 68 EGL_OPENGL_ES2_BIT,
04-11 02:54:09.194 25925 25949 V native-activity: 		EGL_CONFIG_CAVEAT: 12344 EGL_NONE,
04-11 02:54:09.194 25925 25949 V native-activity: 		EGL_RENDERABLE_TYPE: 68 EGL_OPENGL_ES2_BIT,
04-11 02:54:09.194 25925 25949 V native-activity: 		EGL_SURFACE_TYPE: 4 EGL_WINDOW_BIT,
04-11 02:54:09.194 25925 25949 V native-activity: 		EGL_LEVEL: 0
04-11 02:54:09.194 25925 25949 V native-activity: 		EGL_COLOR_BUFFER_TYPE: 12430 EGL_RGB_BUFFER,
04-11 02:54:09.194 25925 25949 V native-activity: 		EGL_BUFFER_SIZE: 16
04-11 02:54:09.194 25925 25949 V native-activity: 		EGL_SAMPLES: 2
04-11 02:54:09.194 25925 25949 V native-activity: 		EGL_SAMPLE_BUFFERS: 1
04-11 02:54:09.194 25925 25949 V native-activity: 		EGL_RED_SIZE: 5
04-11 02:54:09.194 25925 25949 V native-activity: 		EGL_GREEN_SIZE: 6
04-11 02:54:09.194 25925 25949 V native-activity: 		EGL_BLUE_SIZE: 5
04-11 02:54:09.194 25925 25949 V native-activity: 		EGL_ALPHA_SIZE: 0
04-11 02:54:09.194 25925 25949 V native-activity: 		EGL_ALPHA_MASK_SIZE: 0
04-11 02:54:09.194 25925 25949 V native-activity: 		EGL_LUMINANCE_SIZE: 0
04-11 02:54:09.194 25925 25949 V native-activity: 		EGL_TRANSPARENT_TYPE: 12344 EGL_NONE,
04-11 02:54:09.194 25925 25949 V native-activity: 		EGL_TRANSPARENT_RED_VALUE: 0
04-11 02:54:09.194 25925 25949 V native-activity: 		EGL_TRANSPARENT_GREEN_VALUE: 0
04-11 02:54:09.194 25925 25949 V native-activity: 		EGL_TRANSPARENT_BLUE_VALUE: 0
04-11 02:54:09.194 25925 25949 V native-activity: 		EGL_STENCIL_SIZE: 8
04-11 02:54:09.194 25925 25949 V native-activity: 		EGL_DEPTH_SIZE: 24
04-11 02:54:09.194 25925 25949 V native-activity: 		EGL_BIND_TO_TEXTURE_RGB: 0
04-11 02:54:09.194 25925 25949 V native-activity: 		EGL_BIND_TO_TEXTURE_RGBA: 0
04-11 02:54:09.194 25925 25949 V native-activity: 		EGL_MIN_SWAP_INTERVAL: 0
04-11 02:54:09.194 25925 25949 V native-activity: 		EGL_MAX_SWAP_INTERVAL: 5
04-11 02:54:09.194 25925 25949 V native-activity: 		EGL_MAX_PBUFFER_WIDTH: 8192
04-11 02:54:09.194 25925 25949 V native-activity: 		EGL_MAX_PBUFFER_HEIGHT: 8192
04-11 02:54:09.194 25925 25949 D native-activity: 	Config 0x2b index 42
04-11 02:54:09.194 25925 25949 V native-activity: 		EGL_CONFIG_ID: 43
04-11 02:54:09.194 25925 25949 V native-activity: 		EGL_CONFORMANT: 68 EGL_OPENGL_ES2_BIT,
04-11 02:54:09.194 25925 25949 V native-activity: 		EGL_CONFIG_CAVEAT: 12344 EGL_NONE,
04-11 02:54:09.194 25925 25949 V native-activity: 		EGL_RENDERABLE_TYPE: 68 EGL_OPENGL_ES2_BIT,
04-11 02:54:09.194 25925 25949 V native-activity: 		EGL_SURFACE_TYPE: 4 EGL_WINDOW_BIT,
04-11 02:54:09.194 25925 25949 V native-activity: 		EGL_LEVEL: 0
04-11 02:54:09.194 25925 25949 V native-activity: 		EGL_COLOR_BUFFER_TYPE: 12430 EGL_RGB_BUFFER,
04-11 02:54:09.194 25925 25949 V native-activity: 		EGL_BUFFER_SIZE: 16
04-11 02:54:09.194 25925 25949 V native-activity: 		EGL_SAMPLES: 4
04-11 02:54:09.194 25925 25949 V native-activity: 		EGL_SAMPLE_BUFFERS: 1
04-11 02:54:09.194 25925 25949 V native-activity: 		EGL_RED_SIZE: 5
04-11 02:54:09.194 25925 25949 V native-activity: 		EGL_GREEN_SIZE: 6
04-11 02:54:09.194 25925 25949 V native-activity: 		EGL_BLUE_SIZE: 5
04-11 02:54:09.194 25925 25949 V native-activity: 		EGL_ALPHA_SIZE: 0
04-11 02:54:09.194 25925 25949 V native-activity: 		EGL_ALPHA_MASK_SIZE: 0
04-11 02:54:09.194 25925 25949 V native-activity: 		EGL_LUMINANCE_SIZE: 0
04-11 02:54:09.194 25925 25949 V native-activity: 		EGL_TRANSPARENT_TYPE: 12344 EGL_NONE,
04-11 02:54:09.194 25925 25949 V native-activity: 		EGL_TRANSPARENT_RED_VALUE: 0
04-11 02:54:09.194 25925 25949 V native-activity: 		EGL_TRANSPARENT_GREEN_VALUE: 0
04-11 02:54:09.195 25925 25949 V native-activity: 		EGL_TRANSPARENT_BLUE_VALUE: 0
04-11 02:54:09.195 25925 25949 V native-activity: 		EGL_STENCIL_SIZE: 8
04-11 02:54:09.195 25925 25949 V native-activity: 		EGL_DEPTH_SIZE: 24
04-11 02:54:09.195 25925 25949 V native-activity: 		EGL_BIND_TO_TEXTURE_RGB: 0
04-11 02:54:09.195 25925 25949 V native-activity: 		EGL_BIND_TO_TEXTURE_RGBA: 0
04-11 02:54:09.195 25925 25949 V native-activity: 		EGL_MIN_SWAP_INTERVAL: 0
04-11 02:54:09.195 25925 25949 V native-activity: 		EGL_MAX_SWAP_INTERVAL: 5
04-11 02:54:09.195 25925 25949 V native-activity: 		EGL_MAX_PBUFFER_WIDTH: 8192
04-11 02:54:09.195 25925 25949 V native-activity: 		EGL_MAX_PBUFFER_HEIGHT: 8192
04-11 02:54:09.195 25925 25949 D native-activity: 	Config 0x2c index 43
04-11 02:54:09.195 25925 25949 V native-activity: 		EGL_CONFIG_ID: 44
04-11 02:54:09.195 25925 25949 V native-activity: 		EGL_CONFORMANT: 68 EGL_OPENGL_ES2_BIT,
04-11 02:54:09.195 25925 25949 V native-activity: 		EGL_CONFIG_CAVEAT: 12344 EGL_NONE,
04-11 02:54:09.195 25925 25949 V native-activity: 		EGL_RENDERABLE_TYPE: 68 EGL_OPENGL_ES2_BIT,
04-11 02:54:09.196 25925 25949 V native-activity: 		EGL_SURFACE_TYPE: 4 EGL_WINDOW_BIT,
04-11 02:54:09.196 25925 25949 V native-activity: 		EGL_LEVEL: 0
04-11 02:54:09.196 25925 25949 V native-activity: 		EGL_COLOR_BUFFER_TYPE: 12430 EGL_RGB_BUFFER,
04-11 02:54:09.196 25925 25949 V native-activity: 		EGL_BUFFER_SIZE: 16
04-11 02:54:09.199 25925 25949 V native-activity: 		EGL_SAMPLES: 8
04-11 02:54:09.200 25925 25949 V native-activity: 		EGL_SAMPLE_BUFFERS: 1
04-11 02:54:09.200 25925 25949 V native-activity: 		EGL_RED_SIZE: 5
04-11 02:54:09.200 25925 25949 V native-activity: 		EGL_GREEN_SIZE: 6
04-11 02:54:09.200 25925 25949 V native-activity: 		EGL_BLUE_SIZE: 5
04-11 02:54:09.200 25925 25949 V native-activity: 		EGL_ALPHA_SIZE: 0
04-11 02:54:09.200 25925 25949 V native-activity: 		EGL_ALPHA_MASK_SIZE: 0
04-11 02:54:09.200 25925 25949 V native-activity: 		EGL_LUMINANCE_SIZE: 0
04-11 02:54:09.200 25925 25949 V native-activity: 		EGL_TRANSPARENT_TYPE: 12344 EGL_NONE,
04-11 02:54:09.200 25925 25949 V native-activity: 		EGL_TRANSPARENT_RED_VALUE: 0
04-11 02:54:09.200 25925 25949 V native-activity: 		EGL_TRANSPARENT_GREEN_VALUE: 0
04-11 02:54:09.200 25925 25949 V native-activity: 		EGL_TRANSPARENT_BLUE_VALUE: 0
04-11 02:54:09.200 25925 25949 V native-activity: 		EGL_STENCIL_SIZE: 8
04-11 02:54:09.200 25925 25949 V native-activity: 		EGL_DEPTH_SIZE: 24
04-11 02:54:09.200 25925 25949 V native-activity: 		EGL_BIND_TO_TEXTURE_RGB: 0
04-11 02:54:09.200 25925 25949 V native-activity: 		EGL_BIND_TO_TEXTURE_RGBA: 0
04-11 02:54:09.200 25925 25949 V native-activity: 		EGL_MIN_SWAP_INTERVAL: 0
04-11 02:54:09.200 25925 25949 V native-activity: 		EGL_MAX_SWAP_INTERVAL: 5
04-11 02:54:09.200 25925 25949 V native-activity: 		EGL_MAX_PBUFFER_WIDTH: 8192
04-11 02:54:09.200 25925 25949 V native-activity: 		EGL_MAX_PBUFFER_HEIGHT: 8192
04-11 02:54:09.200 25925 25949 D native-activity: Examining config 0x1
04-11 02:54:09.200 25925 25949 D native-activity: Comparing requested attrib 12339 value 4 to 5
04-11 02:54:09.200 25925 25949 D native-activity: Comparing requested attrib 12352 value 4 to 1
04-11 02:54:09.200 25925 25949 D native-activity: Examining config 0x2
04-11 02:54:09.200 25925 25949 D native-activity: Comparing requested attrib 12339 value 4 to 5
04-11 02:54:09.200 25925 25949 D native-activity: Comparing requested attrib 12352 value 4 to 1
04-11 02:54:09.200 25925 25949 D native-activity: Examining config 0x3
04-11 02:54:09.200 25925 25949 D native-activity: Comparing requested attrib 12339 value 4 to 5
04-11 02:54:09.200 25925 25949 D native-activity: Comparing requested attrib 12352 value 4 to 1
04-11 02:54:09.200 25925 25949 D native-activity: Examining config 0x4
04-11 02:54:09.200 25925 25949 D native-activity: Comparing requested attrib 12339 value 4 to 5
04-11 02:54:09.200 25925 25949 D native-activity: Comparing requested attrib 12352 value 4 to 1
04-11 02:54:09.200 25925 25949 D native-activity: Examining config 0x5
04-11 02:54:09.200 25925 25949 D native-activity: Comparing requested attrib 12339 value 4 to 5
04-11 02:54:09.200 25925 25949 D native-activity: Comparing requested attrib 12352 value 4 to 1
04-11 02:54:09.200 25925 25949 D native-activity: Examining config 0x6
04-11 02:54:09.200 25925 25949 D native-activity: Comparing requested attrib 12339 value 4 to 5
04-11 02:54:09.200 25925 25949 D native-activity: Comparing requested attrib 12352 value 4 to 1
04-11 02:54:09.200 25925 25949 D native-activity: Examining config 0x7
04-11 02:54:09.200 25925 25949 D native-activity: Comparing requested attrib 12339 value 4 to 5
04-11 02:54:09.200 25925 25949 D native-activity: Comparing requested attrib 12352 value 4 to 1
04-11 02:54:09.200 25925 25949 D native-activity: Examining config 0x8
04-11 02:54:09.200 25925 25949 D native-activity: Comparing requested attrib 12339 value 4 to 5
04-11 02:54:09.200 25925 25949 D native-activity: Comparing requested attrib 12352 value 4 to 1
04-11 02:54:09.200 25925 25949 D native-activity: Examining config 0x9
04-11 02:54:09.200 25925 25949 D native-activity: Comparing requested attrib 12339 value 4 to 5
04-11 02:54:09.200 25925 25949 D native-activity: Comparing requested attrib 12352 value 4 to 1
04-11 02:54:09.200 25925 25949 D native-activity: Examining config 0xa
04-11 02:54:09.200 25925 25949 D native-activity: Comparing requested attrib 12339 value 4 to 5
04-11 02:54:09.200 25925 25949 D native-activity: Comparing requested attrib 12352 value 4 to 1
04-11 02:54:09.200 25925 25949 D native-activity: Examining config 0xb
04-11 02:54:09.200 25925 25949 D native-activity: Comparing requested attrib 12339 value 4 to 5
04-11 02:54:09.200 25925 25949 D native-activity: Comparing requested attrib 12352 value 4 to 1
04-11 02:54:09.200 25925 25949 D native-activity: Examining config 0xc
04-11 02:54:09.200 25925 25949 D native-activity: Comparing requested attrib 12339 value 4 to 5
04-11 02:54:09.200 25925 25949 D native-activity: Comparing requested attrib 12352 value 4 to 1
04-11 02:54:09.200 25925 25949 D native-activity: Examining config 0xd
04-11 02:54:09.200 25925 25949 D native-activity: Comparing requested attrib 12339 value 4 to 5
04-11 02:54:09.200 25925 25949 D native-activity: Comparing requested attrib 12352 value 4 to 1
04-11 02:54:09.200 25925 25949 D native-activity: Examining config 0xe
04-11 02:54:09.200 25925 25949 D native-activity: Comparing requested attrib 12339 value 4 to 5
04-11 02:54:09.200 25925 25949 D native-activity: Comparing requested attrib 12352 value 4 to 1
04-11 02:54:09.200 25925 25949 D native-activity: Examining config 0xf
04-11 02:54:09.200 25925 25949 D native-activity: Comparing requested attrib 12339 value 4 to 5
04-11 02:54:09.200 25925 25949 D native-activity: Comparing requested attrib 12352 value 4 to 1
04-11 02:54:09.200 25925 25949 D native-activity: Examining config 0x10
04-11 02:54:09.200 25925 25949 D native-activity: Comparing requested attrib 12339 value 4 to 1
04-11 02:54:09.200 25925 25949 D native-activity: Examining config 0x11
04-11 02:54:09.200 25925 25949 D native-activity: Comparing requested attrib 12339 value 4 to 1
04-11 02:54:09.200 25925 25949 D native-activity: Examining config 0x12
04-11 02:54:09.201 25925 25949 D native-activity: Comparing requested attrib 12339 value 4 to 1
04-11 02:54:09.201 25925 25949 D native-activity: Examining config 0x13
04-11 02:54:09.201 25925 25949 D native-activity: Comparing requested attrib 12339 value 4 to 1
04-11 02:54:09.201 25925 25949 D native-activity: Examining config 0x14
04-11 02:54:09.201 25925 25949 D native-activity: Comparing requested attrib 12339 value 4 to 5
04-11 02:54:09.201 25925 25949 D native-activity: Comparing requested attrib 12352 value 4 to 68
04-11 02:54:09.201 25925 25949 D native-activity: Comparing requested attrib 12322 value 8 to 8
04-11 02:54:09.201 25925 25949 D native-activity: Comparing requested attrib 12323 value 8 to 8
04-11 02:54:09.201 25925 25949 D native-activity: Comparing requested attrib 12324 value 8 to 8
04-11 02:54:09.201 25925 25949 D native-activity: Comparing requested attrib 12321 value 8 to 8
04-11 02:54:09.201 25925 25949 D native-activity: Comparing requested attrib 12325 value 16 to 24
04-11 02:54:09.201 25925 25949 D native-activity: Examining config 0x15
04-11 02:54:09.201 25925 25949 D native-activity: Comparing requested attrib 12339 value 4 to 5
04-11 02:54:09.201 25925 25949 D native-activity: Comparing requested attrib 12352 value 4 to 68
04-11 02:54:09.201 25925 25949 D native-activity: Comparing requested attrib 12322 value 8 to 8
04-11 02:54:09.201 25925 25949 D native-activity: Comparing requested attrib 12323 value 8 to 8
04-11 02:54:09.201 25925 25949 D native-activity: Comparing requested attrib 12324 value 8 to 8
04-11 02:54:09.201 25925 25949 D native-activity: Comparing requested attrib 12321 value 8 to 8
04-11 02:54:09.201 25925 25949 D native-activity: Comparing requested attrib 12325 value 16 to 0
04-11 02:54:09.201 25925 25949 D native-activity: Examining config 0x16
04-11 02:54:09.201 25925 25949 D native-activity: Comparing requested attrib 12339 value 4 to 4
04-11 02:54:09.201 25925 25949 D native-activity: Comparing requested attrib 12352 value 4 to 68
04-11 02:54:09.201 25925 25949 D native-activity: Comparing requested attrib 12322 value 8 to 8
04-11 02:54:09.201 25925 25949 D native-activity: Comparing requested attrib 12323 value 8 to 8
04-11 02:54:09.201 25925 25949 D native-activity: Comparing requested attrib 12324 value 8 to 8
04-11 02:54:09.201 25925 25949 D native-activity: Comparing requested attrib 12321 value 8 to 8
04-11 02:54:09.201 25925 25949 D native-activity: Comparing requested attrib 12325 value 16 to 24
04-11 02:54:09.201 25925 25949 D native-activity: Examining config 0x17
04-11 02:54:09.201 25925 25949 D native-activity: Comparing requested attrib 12339 value 4 to 4
04-11 02:54:09.201 25925 25949 D native-activity: Comparing requested attrib 12352 value 4 to 68
04-11 02:54:09.201 25925 25949 D native-activity: Comparing requested attrib 12322 value 8 to 8
04-11 02:54:09.201 25925 25949 D native-activity: Comparing requested attrib 12323 value 8 to 8
04-11 02:54:09.201 25925 25949 D native-activity: Comparing requested attrib 12324 value 8 to 8
04-11 02:54:09.201 25925 25949 D native-activity: Comparing requested attrib 12321 value 8 to 8
04-11 02:54:09.201 25925 25949 D native-activity: Comparing requested attrib 12325 value 16 to 24
04-11 02:54:09.201 25925 25949 D native-activity: Examining config 0x18
04-11 02:54:09.201 25925 25949 D native-activity: Comparing requested attrib 12339 value 4 to 4
04-11 02:54:09.201 25925 25949 D native-activity: Comparing requested attrib 12352 value 4 to 68
04-11 02:54:09.201 25925 25949 D native-activity: Comparing requested attrib 12322 value 8 to 8
04-11 02:54:09.201 25925 25949 D native-activity: Comparing requested attrib 12323 value 8 to 8
04-11 02:54:09.201 25925 25949 D native-activity: Comparing requested attrib 12324 value 8 to 8
04-11 02:54:09.201 25925 25949 D native-activity: Comparing requested attrib 12321 value 8 to 8
04-11 02:54:09.201 25925 25949 D native-activity: Comparing requested attrib 12325 value 16 to 24
04-11 02:54:09.201 25925 25949 D native-activity: Examining config 0x19
04-11 02:54:09.201 25925 25949 D native-activity: Comparing requested attrib 12339 value 4 to 5
04-11 02:54:09.201 25925 25949 D native-activity: Comparing requested attrib 12352 value 4 to 68
04-11 02:54:09.201 25925 25949 D native-activity: Comparing requested attrib 12322 value 8 to 8
04-11 02:54:09.201 25925 25949 D native-activity: Comparing requested attrib 12323 value 8 to 8
04-11 02:54:09.201 25925 25949 D native-activity: Comparing requested attrib 12324 value 8 to 8
04-11 02:54:09.201 25925 25949 D native-activity: Comparing requested attrib 12321 value 8 to 0
04-11 02:54:09.201 25925 25949 D native-activity: Examining config 0x1a
04-11 02:54:09.201 25925 25949 D native-activity: Comparing requested attrib 12339 value 4 to 5
04-11 02:54:09.201 25925 25949 D native-activity: Comparing requested attrib 12352 value 4 to 68
04-11 02:54:09.201 25925 25949 D native-activity: Comparing requested attrib 12322 value 8 to 8
04-11 02:54:09.201 25925 25949 D native-activity: Comparing requested attrib 12323 value 8 to 8
04-11 02:54:09.201 25925 25949 D native-activity: Comparing requested attrib 12324 value 8 to 8
04-11 02:54:09.201 25925 25949 D native-activity: Comparing requested attrib 12321 value 8 to 0
04-11 02:54:09.201 25925 25949 D native-activity: Examining config 0x1b
04-11 02:54:09.201 25925 25949 D native-activity: Comparing requested attrib 12339 value 4 to 4
04-11 02:54:09.201 25925 25949 D native-activity: Comparing requested attrib 12352 value 4 to 68
04-11 02:54:09.201 25925 25949 D native-activity: Comparing requested attrib 12322 value 8 to 8
04-11 02:54:09.201 25925 25949 D native-activity: Comparing requested attrib 12323 value 8 to 8
04-11 02:54:09.201 25925 25949 D native-activity: Comparing requested attrib 12324 value 8 to 8
04-11 02:54:09.201 25925 25949 D native-activity: Comparing requested attrib 12321 value 8 to 0
04-11 02:54:09.201 25925 25949 D native-activity: Examining config 0x1c
04-11 02:54:09.201 25925 25949 D native-activity: Comparing requested attrib 12339 value 4 to 4
04-11 02:54:09.202 25925 25949 D native-activity: Comparing requested attrib 12352 value 4 to 68
04-11 02:54:09.202 25925 25949 D native-activity: Comparing requested attrib 12322 value 8 to 8
04-11 02:54:09.202 25925 25949 D native-activity: Comparing requested attrib 12323 value 8 to 8
04-11 02:54:09.202 25925 25949 D native-activity: Comparing requested attrib 12324 value 8 to 8
04-11 02:54:09.202 25925 25949 D native-activity: Comparing requested attrib 12321 value 8 to 0
04-11 02:54:09.202 25925 25949 D native-activity: Examining config 0x1d
04-11 02:54:09.202 25925 25949 D native-activity: Comparing requested attrib 12339 value 4 to 4
04-11 02:54:09.202 25925 25949 D native-activity: Comparing requested attrib 12352 value 4 to 68
04-11 02:54:09.202 25925 25949 D native-activity: Comparing requested attrib 12322 value 8 to 8
04-11 02:54:09.202 25925 25949 D native-activity: Comparing requested attrib 12323 value 8 to 8
04-11 02:54:09.202 25925 25949 D native-activity: Comparing requested attrib 12324 value 8 to 8
04-11 02:54:09.202 25925 25949 D native-activity: Comparing requested attrib 12321 value 8 to 0
04-11 02:54:09.202 25925 25949 D native-activity: Examining config 0x1e
04-11 02:54:09.202 25925 25949 D native-activity: Comparing requested attrib 12339 value 4 to 5
04-11 02:54:09.202 25925 25949 D native-activity: Comparing requested attrib 12352 value 4 to 68
04-11 02:54:09.202 25925 25949 D native-activity: Comparing requested attrib 12322 value 8 to 8
04-11 02:54:09.202 25925 25949 D native-activity: Comparing requested attrib 12323 value 8 to 8
04-11 02:54:09.202 25925 25949 D native-activity: Comparing requested attrib 12324 value 8 to 8
04-11 02:54:09.202 25925 25949 D native-activity: Comparing requested attrib 12321 value 8 to 8
04-11 02:54:09.202 25925 25949 D native-activity: Comparing requested attrib 12325 value 16 to 24
04-11 02:54:09.202 25925 25949 D native-activity: Examining config 0x1f
04-11 02:54:09.202 25925 25949 D native-activity: Comparing requested attrib 12339 value 4 to 5
04-11 02:54:09.202 25925 25949 D native-activity: Comparing requested attrib 12352 value 4 to 68
04-11 02:54:09.202 25925 25949 D native-activity: Comparing requested attrib 12322 value 8 to 8
04-11 02:54:09.202 25925 25949 D native-activity: Comparing requested attrib 12323 value 8 to 8
04-11 02:54:09.202 25925 25949 D native-activity: Comparing requested attrib 12324 value 8 to 8
04-11 02:54:09.202 25925 25949 D native-activity: Comparing requested attrib 12321 value 8 to 8
04-11 02:54:09.202 25925 25949 D native-activity: Comparing requested attrib 12325 value 16 to 0
04-11 02:54:09.202 25925 25949 D native-activity: Examining config 0x20
04-11 02:54:09.202 25925 25949 D native-activity: Comparing requested attrib 12339 value 4 to 4
04-11 02:54:09.202 25925 25949 D native-activity: Comparing requested attrib 12352 value 4 to 68
04-11 02:54:09.202 25925 25949 D native-activity: Comparing requested attrib 12322 value 8 to 8
04-11 02:54:09.202 25925 25949 D native-activity: Comparing requested attrib 12323 value 8 to 8
04-11 02:54:09.202 25925 25949 D native-activity: Comparing requested attrib 12324 value 8 to 8
04-11 02:54:09.202 25925 25949 D native-activity: Comparing requested attrib 12321 value 8 to 8
04-11 02:54:09.202 25925 25949 D native-activity: Comparing requested attrib 12325 value 16 to 24
04-11 02:54:09.202 25925 25949 D native-activity: Examining config 0x21
04-11 02:54:09.202 25925 25949 D native-activity: Comparing requested attrib 12339 value 4 to 4
04-11 02:54:09.202 25925 25949 D native-activity: Comparing requested attrib 12352 value 4 to 68
04-11 02:54:09.202 25925 25949 D native-activity: Comparing requested attrib 12322 value 8 to 8
04-11 02:54:09.202 25925 25949 D native-activity: Comparing requested attrib 12323 value 8 to 8
04-11 02:54:09.202 25925 25949 D native-activity: Comparing requested attrib 12324 value 8 to 8
04-11 02:54:09.202 25925 25949 D native-activity: Comparing requested attrib 12321 value 8 to 8
04-11 02:54:09.202 25925 25949 D native-activity: Comparing requested attrib 12325 value 16 to 24
04-11 02:54:09.202 25925 25949 D native-activity: Examining config 0x22
04-11 02:54:09.202 25925 25949 D native-activity: Comparing requested attrib 12339 value 4 to 4
04-11 02:54:09.202 25925 25949 D native-activity: Comparing requested attrib 12352 value 4 to 68
04-11 02:54:09.202 25925 25949 D native-activity: Comparing requested attrib 12322 value 8 to 8
04-11 02:54:09.202 25925 25949 D native-activity: Comparing requested attrib 12323 value 8 to 8
04-11 02:54:09.202 25925 25949 D native-activity: Comparing requested attrib 12324 value 8 to 8
04-11 02:54:09.202 25925 25949 D native-activity: Comparing requested attrib 12321 value 8 to 8
04-11 02:54:09.202 25925 25949 D native-activity: Comparing requested attrib 12325 value 16 to 24
04-11 02:54:09.202 25925 25949 D native-activity: Examining config 0x23
04-11 02:54:09.202 25925 25949 D native-activity: Comparing requested attrib 12339 value 4 to 5
04-11 02:54:09.202 25925 25949 D native-activity: Comparing requested attrib 12352 value 4 to 68
04-11 02:54:09.202 25925 25949 D native-activity: Comparing requested attrib 12322 value 8 to 8
04-11 02:54:09.203 25925 25949 D native-activity: Comparing requested attrib 12323 value 8 to 8
04-11 02:54:09.203 25925 25949 D native-activity: Comparing requested attrib 12324 value 8 to 8
04-11 02:54:09.203 25925 25949 D native-activity: Comparing requested attrib 12321 value 8 to 0
04-11 02:54:09.203 25925 25949 D native-activity: Examining config 0x24
04-11 02:54:09.203 25925 25949 D native-activity: Comparing requested attrib 12339 value 4 to 5
04-11 02:54:09.203 25925 25949 D native-activity: Comparing requested attrib 12352 value 4 to 68
04-11 02:54:09.203 25925 25949 D native-activity: Comparing requested attrib 12322 value 8 to 8
04-11 02:54:09.203 25925 25949 D native-activity: Comparing requested attrib 12323 value 8 to 8
04-11 02:54:09.203 25925 25949 D native-activity: Comparing requested attrib 12324 value 8 to 8
04-11 02:54:09.203 25925 25949 D native-activity: Comparing requested attrib 12321 value 8 to 0
04-11 02:54:09.203 25925 25949 D native-activity: Examining config 0x25
04-11 02:54:09.203 25925 25949 D native-activity: Comparing requested attrib 12339 value 4 to 4
04-11 02:54:09.203 25925 25949 D native-activity: Comparing requested attrib 12352 value 4 to 68
04-11 02:54:09.203 25925 25949 D native-activity: Comparing requested attrib 12322 value 8 to 8
04-11 02:54:09.203 25925 25949 D native-activity: Comparing requested attrib 12323 value 8 to 8
04-11 02:54:09.203 25925 25949 D native-activity: Comparing requested attrib 12324 value 8 to 8
04-11 02:54:09.203 25925 25949 D native-activity: Comparing requested attrib 12321 value 8 to 0
04-11 02:54:09.203 25925 25949 D native-activity: Examining config 0x26
04-11 02:54:09.203 25925 25949 D native-activity: Comparing requested attrib 12339 value 4 to 4
04-11 02:54:09.203 25925 25949 D native-activity: Comparing requested attrib 12352 value 4 to 68
04-11 02:54:09.203 25925 25949 D native-activity: Comparing requested attrib 12322 value 8 to 8
04-11 02:54:09.203 25925 25949 D native-activity: Comparing requested attrib 12323 value 8 to 8
04-11 02:54:09.203 25925 25949 D native-activity: Comparing requested attrib 12324 value 8 to 8
04-11 02:54:09.203 25925 25949 D native-activity: Comparing requested attrib 12321 value 8 to 0
04-11 02:54:09.203 25925 25949 D native-activity: Examining config 0x27
04-11 02:54:09.203 25925 25949 D native-activity: Comparing requested attrib 12339 value 4 to 4
04-11 02:54:09.203 25925 25949 D native-activity: Comparing requested attrib 12352 value 4 to 68
04-11 02:54:09.203 25925 25949 D native-activity: Comparing requested attrib 12322 value 8 to 8
04-11 02:54:09.203 25925 25949 D native-activity: Comparing requested attrib 12323 value 8 to 8
04-11 02:54:09.203 25925 25949 D native-activity: Comparing requested attrib 12324 value 8 to 8
04-11 02:54:09.203 25925 25949 D native-activity: Comparing requested attrib 12321 value 8 to 0
04-11 02:54:09.203 25925 25949 D native-activity: Examining config 0x28
04-11 02:54:09.203 25925 25949 D native-activity: Comparing requested attrib 12339 value 4 to 5
04-11 02:54:09.203 25925 25949 D native-activity: Comparing requested attrib 12352 value 4 to 68
04-11 02:54:09.203 25925 25949 D native-activity: Comparing requested attrib 12322 value 8 to 5
04-11 02:54:09.203 25925 25949 D native-activity: Examining config 0x29
04-11 02:54:09.203 25925 25949 D native-activity: Comparing requested attrib 12339 value 4 to 5
04-11 02:54:09.203 25925 25949 D native-activity: Comparing requested attrib 12352 value 4 to 68
04-11 02:54:09.203 25925 25949 D native-activity: Comparing requested attrib 12322 value 8 to 5
04-11 02:54:09.203 25925 25949 D native-activity: Examining config 0x2a
04-11 02:54:09.203 25925 25949 D native-activity: Comparing requested attrib 12339 value 4 to 4
04-11 02:54:09.203 25925 25949 D native-activity: Comparing requested attrib 12352 value 4 to 68
04-11 02:54:09.203 25925 25949 D native-activity: Comparing requested attrib 12322 value 8 to 5
04-11 02:54:09.203 25925 25949 D native-activity: Examining config 0x2b
04-11 02:54:09.203 25925 25949 D native-activity: Comparing requested attrib 12339 value 4 to 4
04-11 02:54:09.203 25925 25949 D native-activity: Comparing requested attrib 12352 value 4 to 68
04-11 02:54:09.203 25925 25949 D native-activity: Comparing requested attrib 12322 value 8 to 5
04-11 02:54:09.203 25925 25949 D native-activity: Examining config 0x2c
04-11 02:54:09.203 25925 25949 D native-activity: Comparing requested attrib 12339 value 4 to 4
04-11 02:54:09.203 25925 25949 D native-activity: Comparing requested attrib 12352 value 4 to 68
04-11 02:54:09.203 25925 25949 D native-activity: Comparing requested attrib 12322 value 8 to 5
04-11 02:54:09.203 25925 25949 W native-activity: Couldn't find an exact config match, trying eglChooseConfig
04-11 02:54:09.204 25925 25949 I native-activity: Using config 0x14 of 8 configs
04-11 02:54:09.204 25925 25949 I native-activity: 		EGL_CONFIG_ID: 20
04-11 02:54:09.204 25925 25949 I native-activity: 		EGL_CONFORMANT: 68 EGL_OPENGL_ES2_BIT,
04-11 02:54:09.204 25925 25949 I native-activity: 		EGL_CONFIG_CAVEAT: 12344 EGL_NONE,
04-11 02:54:09.204 25925 25949 I native-activity: 		EGL_RENDERABLE_TYPE: 68 EGL_OPENGL_ES2_BIT,
04-11 02:54:09.204 25925 25949 I native-activity: 		EGL_SURFACE_TYPE: 5 EGL_PBUFFER_BIT, EGL_WINDOW_BIT,
04-11 02:54:09.204 25925 25949 I native-activity: 		EGL_LEVEL: 0
04-11 02:54:09.204 25925 25949 I native-activity: 		EGL_COLOR_BUFFER_TYPE: 12430 EGL_RGB_BUFFER,
04-11 02:54:09.204 25925 25949 I native-activity: 		EGL_BUFFER_SIZE: 32
04-11 02:54:09.204 25925 25949 I native-activity: 		EGL_SAMPLES: 0
04-11 02:54:09.204 25925 25949 I native-activity: 		EGL_SAMPLE_BUFFERS: 0
04-11 02:54:09.204 25925 25949 I native-activity: 		EGL_RED_SIZE: 8
04-11 02:54:09.204 25925 25949 I native-activity: 		EGL_GREEN_SIZE: 8
04-11 02:54:09.204 25925 25949 I native-activity: 		EGL_BLUE_SIZE: 8
04-11 02:54:09.204 25925 25949 I native-activity: 		EGL_ALPHA_SIZE: 8
04-11 02:54:09.204 25925 25949 I native-activity: 		EGL_ALPHA_MASK_SIZE: 0
04-11 02:54:09.204 25925 25949 I native-activity: 		EGL_LUMINANCE_SIZE: 0
04-11 02:54:09.204 25925 25949 I native-activity: 		EGL_TRANSPARENT_TYPE: 12344 EGL_NONE,
04-11 02:54:09.204 25925 25949 I native-activity: 		EGL_TRANSPARENT_RED_VALUE: 0
04-11 02:54:09.204 25925 25949 I native-activity: 		EGL_TRANSPARENT_GREEN_VALUE: 0
04-11 02:54:09.204 25925 25949 I native-activity: 		EGL_TRANSPARENT_BLUE_VALUE: 0
04-11 02:54:09.204 25925 25949 I native-activity: 		EGL_STENCIL_SIZE: 8
04-11 02:54:09.204 25925 25949 I native-activity: 		EGL_DEPTH_SIZE: 24
04-11 02:54:09.204 25925 25949 I native-activity: 		EGL_BIND_TO_TEXTURE_RGB: 1
04-11 02:54:09.204 25925 25949 I native-activity: 		EGL_BIND_TO_TEXTURE_RGBA: 1
04-11 02:54:09.204 25925 25949 I native-activity: 		EGL_MIN_SWAP_INTERVAL: 0
04-11 02:54:09.204 25925 25949 I native-activity: 		EGL_MAX_SWAP_INTERVAL: 5
04-11 02:54:09.204 25925 25949 I native-activity: 		EGL_MAX_PBUFFER_WIDTH: 8192
04-11 02:54:09.204 25925 25949 I native-activity: 		EGL_MAX_PBUFFER_HEIGHT: 8192
04-11 02:54:09.204 25925 25949 I native-activity: Creating pbuffer surface as pbuffer_bit is set
04-11 02:54:09.214 25925 25949 I native-activity: EGL Surface 0x5446b7f8 information
04-11 02:54:09.214 25925 25949 I native-activity: 		EGL_CONFIG_ID: 20
04-11 02:54:09.214 25925 25949 I native-activity: 		EGL_WIDTH: 2160
04-11 02:54:09.214 25925 25949 I native-activity: 		EGL_HEIGHT: 3840
04-11 02:54:09.214 25925 25949 I native-activity: 		EGL_HORIZONTAL_RESOLUTION: -1 EGL_UNKNOWN,
04-11 02:54:09.214 25925 25949 I native-activity: 		EGL_VERTICAL_RESOLUTION: -1 EGL_UNKNOWN,
04-11 02:54:09.214 25925 25949 I native-activity: 		EGL_PIXEL_ASPECT_RATIO: -1 EGL_UNKNOWN,
04-11 02:54:09.214 25925 25949 I native-activity: 		EGL_RENDER_BUFFER: 12420 EGL_BACK_BUFFER,
04-11 02:54:09.214 25925 25949 I native-activity: 		EGL_MIPMAP_TEXTURE: 0
04-11 02:54:09.214 25925 25949 I native-activity: 		EGL_TEXTURE_FORMAT: 12380 EGL_NO_TEXTURE,
04-11 02:54:09.214 25925 25949 I native-activity: 		EGL_TEXTURE_TARGET: 12380 EGL_NO_TEXTURE,
04-11 02:54:09.214 25925 25949 I native-activity: 		EGL_SWAP_BEHAVIOR: 0
04-11 02:54:09.214 25925 25949 I native-activity: 		EGL_MULTISAMPLE_RESOLVE: 0
04-11 02:54:09.225 25925 25949 I native-activity: Created context 0x546e6e98, error 0x3000
04-11 02:54:09.225 25925 25949 I native-activity: 		EGL_CONFIG_ID: 20
04-11 02:54:09.225 25925 25949 I native-activity: 		EGL_CONTEXT_CLIENT_TYPE: 12448 EGL_OPENGL_ES_API,
04-11 02:54:09.225 25925 25949 I native-activity: 		EGL_CONTEXT_CLIENT_VERSION: 2
04-11 02:54:09.225 25925 25949 I native-activity: 		EGL_RENDER_BUFFER: 12344 EGL_NONE,
04-11 02:54:09.225 25925 25949 I native-activity: Context 0x546e6e98 made current on surface 0x5446b7f8, error 0x3000
04-11 02:54:09.225 25925 25949 I native-activity: GL information
04-11 02:54:09.225 25925 25949 I native-activity: 	Renderer: PowerVR Rogue G6200
04-11 02:54:09.225 25925 25949 I native-activity: 	Vendor: Imagination Technologies
04-11 02:54:09.225 25925 25949 I native-activity: 	Version: OpenGL ES 3.1 build 1.4@3573678
04-11 02:54:09.225 25925 25949 I native-activity: 	Shading Language: OpenGL ES GLSL ES 3.10 build 1.4@3573678
04-11 02:54:09.225 25925 25949 I native-activity: 	Extensions: GL_EXT_debug_marker GL_EXT_blend_minmax GL_EXT_color_buffer_float GL_EXT_discard_framebuffer GL_EXT_draw_buffers GL_EXT_multi_draw_arrays GL_EXT_multisampled_render_to_texture GL_EXT_occlusion_query_boolean GL_EXT_read_format_bgra GL_EXT_robustness GL_EXT_separate_shader_objects GL_EXT_shader_framebuffer_fetch GL_EXT_shader_texture_lod GL_EXT_texture_filter_anisotropic GL_EXT_texture_format_BGRA8888 GL_EXT_texture_rg GL_EXT_texture_sRGB_decode GL_IMG_multisampled_render_to_texture GL_IMG_program_binary GL_IMG_read_format GL_IMG_shader_binary GL_IMG_texture_compression_pvrtc GL_IMG_texture_compression_pvrtc2 GL_IMG_texture_format_BGRA8888 GL_IMG_texture_npot GL_KHR_blend_equation_advanced GL_KHR_blend_equation_advanced_coherent GL_KHR_debug GL_OES_compressed_ETC1_RGB8_texture GL_OES_depth24 GL_OES_depth_texture GL_OES_EGL_image GL_OES_EGL_image_external GL_OES_EGL_sync GL_OES_element_index_uint GL_OES_fragment_precision_high GL_OES_get_program_binary GL_OES_mapbuffer GL_OES_packed_depth_stencil G
04-11 02:54:09.288 25873 25923 D CRLSetManager: getInstance binder: android.os.BinderProxy@2a0eeef1
04-11 02:54:09.291 25873 25922 D CRLSetManager: getInstance binder: android.os.BinderProxy@2a0eeef1
04-11 02:54:09.291 25925 25949 I native-activity: Context 0x546e6e98 made current on surface 0x5446b7f8, error 0x3000
04-11 02:54:09.291 25925 25949 I native-activity: GL information
04-11 02:54:09.291 25925 25949 I native-activity: 	Renderer: PowerVR Rogue G6200
04-11 02:54:09.291 25925 25949 I native-activity: 	Vendor: Imagination Technologies
04-11 02:54:09.291 25925 25949 I native-activity: 	Version: OpenGL ES 3.1 build 1.4@3573678
04-11 02:54:09.291 25925 25949 I native-activity: 	Shading Language: OpenGL ES GLSL ES 3.10 build 1.4@3573678
04-11 02:54:09.291 25925 25949 I native-activity: 	Extensions: GL_EXT_debug_marker GL_EXT_blend_minmax GL_EXT_color_buffer_float GL_EXT_discard_framebuffer GL_EXT_draw_buffers GL_EXT_multi_draw_arrays GL_EXT_multisampled_render_to_texture GL_EXT_occlusion_query_boolean GL_EXT_read_format_bgra GL_EXT_robustness GL_EXT_separate_shader_objects GL_EXT_shader_framebuffer_fetch GL_EXT_shader_texture_lod GL_EXT_texture_filter_anisotropic GL_EXT_texture_format_BGRA8888 GL_EXT_texture_rg GL_EXT_texture_sRGB_decode GL_IMG_multisampled_render_to_texture GL_IMG_program_binary GL_IMG_read_format GL_IMG_shader_binary GL_IMG_texture_compression_pvrtc GL_IMG_texture_compression_pvrtc2 GL_IMG_texture_format_BGRA8888 GL_IMG_texture_npot GL_KHR_blend_equation_advanced GL_KHR_blend_equation_advanced_coherent GL_KHR_debug GL_OES_compressed_ETC1_RGB8_texture GL_OES_depth24 GL_OES_depth_texture GL_OES_EGL_image GL_OES_EGL_image_external GL_OES_EGL_sync GL_OES_element_index_uint GL_OES_fragment_precision_high GL_OES_get_program_binary GL_OES_mapbuffer GL_OES_packed_depth_stencil G
04-11 02:54:09.301 25873 25900 D CRLSetManager: getInstance binder: android.os.BinderProxy@2a0eeef1
04-11 02:54:09.419 25925 25949 I native-activity: Frame 0 GL error is 0x501
04-11 02:54:09.419 25925 25949 I native-activity: Frame 0 time is 204.976ms
04-11 02:54:09.419 25925 25949 I native-activity: Doing egl_swapbuffers_sync 1
04-11 02:54:09.419 25925 25949 D native-activity: Reading pixels format 0x1908 type 0x1401 bpp 4
04-11 02:54:09.440 25873 25873 I WebViewFactory: Loading com.amazon.webview.chromium version 49.5310.2623.105.213 (code 1669210)
04-11 02:54:09.496 25925 25949 I native-activity: Read pixels, GL error is 0x0
04-11 02:54:09.497 25925 25949 I native-activity: Swap 0 time is 282.573ms
04-11 02:54:09.486   958  1660 I Kernel  : [310489.100577] (1)[1660:Binder_7]inv_switch_engine: Sensor: 7, Enable: 0
04-11 02:54:09.486   958  1660 I Kernel  : [310489.102501] (1)[1660:Binder_7]inv_switch_engine: Sensor: 56, Enable: 0
04-11 02:54:09.506   958  1660 I Kernel  : [310489.117116] (2)[1660:Binder_7]inv_switch_engine: Sensor: 56, Enable: 1
04-11 02:54:09.526   958  1720 I Kernel  : [310489.143119] (1)[1720:Binder_D]inv_switch_engine: Sensor: 7, Enable: 0
04-11 02:54:09.526   958  1720 I Kernel  : [310489.145763] (3)[1720:Binder_D]inv_switch_engine: Sensor: 56, Enable: 0
04-11 02:54:09.575 25873 25900 D com.washingtonpost.rainbow.util.Utils: Opened Connection And got a 200 Response Code
04-11 02:54:09.566   958  1720 I Kernel  : [310489.177209] (2)[1720:Binder_D]inv_switch_engine: Sensor: 56, Enable: 1
04-11 02:54:09.582 25873 25873 I cr_LibraryLoader: Time to load native libraries: 31 ms (timestamps 9094-9125)
04-11 02:54:09.584 25873 25873 I cr_LibraryLoader: Expected native library version number "49.0.2623.105", actual native library version number "49.0.2623.105"
04-11 02:54:09.600 25925 25949 I native-activity: Animating
04-11 02:54:09.600 25925 25949 I native-activity: Frame 1 GL error is 0x0
04-11 02:54:09.600 25925 25949 I native-activity: Frame 1 time is 0.173ms
04-11 02:54:09.600 25925 25949 I native-activity: Doing egl_swapbuffers_sync 1
04-11 02:54:09.600 25925 25949 D native-activity: Reading pixels format 0x1908 type 0x1401 bpp 4
04-11 02:54:09.614 25873 25873 V WebViewChromiumFactoryProvider: Binding Chromium to main looper Looper (main, tid 1) {1a5a2d22}
04-11 02:54:09.614 25873 25873 I cr_LibraryLoader: Expected native library version number "49.0.2623.105", actual native library version number "49.0.2623.105"
04-11 02:54:09.630 25873 25873 I chromium: [INFO:library_loader_hooks.cc(144)] Chromium logging enabled: level = 0, default verbosity = 0
04-11 02:54:09.661 25925 25949 I native-activity: Read pixels, GL error is 0x0
04-11 02:54:09.661 25925 25949 I native-activity: Swap 1 time is 61.639ms
04-11 02:54:09.661 25925 25949 I native-activity: Animating
04-11 02:54:09.662 25925 25949 I native-activity: Frame 2 GL error is 0x0
04-11 02:54:09.662 25925 25949 I native-activity: Frame 2 time is 0.494ms
04-11 02:54:09.662 25925 25949 I native-activity: Doing egl_swapbuffers_sync 1
04-11 02:54:09.662 25925 25949 D native-activity: Reading pixels format 0x1908 type 0x1401 bpp 4
04-11 02:54:09.664 25873 25873 I cr_BrowserStartup: Initializing chromium process, singleProcess=true
04-11 02:54:09.699 25873 25873 I HAL     : loaded HAL id=hwcomposer path=/system/lib/hw/hwcomposer.mt8135.so hmi=0x0 handle=0x4c1a4154
04-11 02:54:09.700 25873 25873 I HAL     : loaded HAL id=gralloc path=/vendor/lib/hw/gralloc.mt8135.so hmi=0x0 handle=0x4c1a4004
04-11 02:54:09.714 25925 25949 I native-activity: Read pixels, GL error is 0x0
04-11 02:54:09.715 25925 25949 I native-activity: Swap 2 time is 53.164ms
04-11 02:54:09.715 25925 25949 I native-activity: Animating
04-11 02:54:09.716 25925 25949 I native-activity: Context 0x546e6e98 made current on surface 0x5446b7f8, error 0x3000
04-11 02:54:09.716 25925 25949 I native-activity: GL information
04-11 02:54:09.716 25925 25949 I native-activity: 	Renderer: PowerVR Rogue G6200
04-11 02:54:09.716 25925 25949 I native-activity: 	Vendor: Imagination Technologies
04-11 02:54:09.716 25925 25949 I native-activity: 	Version: OpenGL ES 3.1 build 1.4@3573678
04-11 02:54:09.716 25925 25949 I native-activity: 	Shading Language: OpenGL ES GLSL ES 3.10 build 1.4@3573678
