04-11 02:55:21.361 26108 26128 I native-activity: Animating
04-11 02:55:21.413 26108 26128 I native-activity: Frame 247 GL error is 0x501
04-11 02:55:21.413 26108 26128 I native-activity: Frame 247 time is 51.572ms
04-11 02:55:21.413 26108 26128 I native-activity: Doing egl_swapbuffers_sync 2
04-11 02:55:21.413 26108 26128 I native-activity: Swap 247 time is 51.748ms
04-11 02:55:21.413 26108 26128 I native-activity: Animating
04-11 02:55:21.425 26108 26128 I native-activity: Frame 248 GL error is 0x0
04-11 02:55:21.425 26108 26128 I native-activity: Frame 248 time is 11.980ms
04-11 02:55:21.425 26108 26128 I native-activity: Doing egl_swapbuffers_sync 2
04-11 02:55:21.425 26108 26128 I native-activity: Swap 248 time is 12.149ms
04-11 02:55:21.425 26108 26128 I native-activity: Animating
04-11 02:55:21.458 26108 26128 I native-activity: Frame 249 GL error is 0x501
04-11 02:55:21.458 26108 26128 I native-activity: Frame 249 time is 33.212ms
04-11 02:55:21.458 26108 26128 I native-activity: Doing egl_swapbuffers_sync 2
04-11 02:55:21.459 26108 26128 I native-activity: Swap 249 time is 33.383ms
04-11 02:55:21.459 26108 26128 I native-activity: Animating
04-11 02:55:21.479 26108 26128 I native-activity: Frame 250 GL error is 0x0
04-11 02:55:21.479 26108 26128 I native-activity: Frame 250 time is 20.770ms
04-11 02:55:21.479 26108 26128 I native-activity: Doing egl_swapbuffers_sync 2
04-11 02:55:21.480 26108 26128 I native-activity: Swap 250 time is 20.958ms
04-11 02:55:21.480 26108 26128 I native-activity: Animating
04-11 02:55:21.488 26108 26128 I native-activity: Frame 251 GL error is 0x0
04-11 02:55:21.488 26108 26128 I native-activity: Frame 251 time is 8.331ms
04-11 02:55:21.488 26108 26128 I native-activity: Doing egl_swapbuffers_sync 2
04-11 02:55:21.513 26108 26128 I native-activity: Swap 251 time is 33.012ms
04-11 02:55:21.513 26108 26128 I native-activity: Animating
04-11 02:55:21.529 26108 26128 I native-activity: Frame 252 GL error is 0x501
04-11 02:55:21.529 26108 26128 I native-activity: Frame 252 time is 15.831ms
04-11 02:55:21.529 26108 26128 I native-activity: Doing egl_swapbuffers_sync 2
04-11 02:55:21.556 26108 26128 I native-activity: Swap 252 time is 43.148ms
04-11 02:55:21.556 26108 26128 I native-activity: Animating
04-11 02:55:21.564 26108 26128 I native-activity: Frame 253 GL error is 0x0
04-11 02:55:21.564 26108 26128 I native-activity: Frame 253 time is 7.695ms
04-11 02:55:21.564 26108 26128 I native-activity: Doing egl_swapbuffers_sync 2
04-11 02:55:21.600 26108 26128 I native-activity: Swap 253 time is 44.124ms
04-11 02:55:21.600 26108 26128 I native-activity: Animating
04-11 02:55:21.607 26108 26128 I native-activity: Frame 254 GL error is 0x0
04-11 02:55:21.607 26108 26128 I native-activity: Frame 254 time is 7.027ms
04-11 02:55:21.607 26108 26128 I native-activity: Doing egl_swapbuffers_sync 2
04-11 02:55:21.643 26108 26128 I native-activity: Swap 254 time is 43.096ms
04-11 02:55:21.644 26108 26128 I native-activity: Animating
04-11 02:55:21.661 26108 26128 I native-activity: Frame 255 GL error is 0x0
04-11 02:55:21.661 26108 26128 I native-activity: Frame 255 time is 17.368ms
04-11 02:55:21.661 26108 26128 I native-activity: Doing egl_swapbuffers_sync 2
04-11 02:55:21.686 26108 26128 I native-activity: Swap 255 time is 42.439ms
04-11 02:55:21.686 26108 26128 I native-activity: Animating
04-11 02:55:21.712 26108 26128 I native-activity: Frame 256 GL error is 0x0
04-11 02:55:21.712 26108 26128 I native-activity: Frame 256 time is 25.724ms
04-11 02:55:21.712 26108 26128 I native-activity: Doing egl_swapbuffers_sync 2
04-11 02:55:21.730 26108 26128 I native-activity: Swap 256 time is 43.179ms
04-11 02:55:21.730 26108 26128 I native-activity: Animating
04-11 02:55:21.736 26108 26128 I native-activity: Frame 257 GL error is 0x0
04-11 02:55:21.736 26108 26128 I native-activity: Frame 257 time is 6.358ms
04-11 02:55:21.736 26108 26128 I native-activity: Doing egl_swapbuffers_sync 2
04-11 02:55:21.774 26108 26128 I native-activity: Swap 257 time is 44.026ms
04-11 02:55:21.774 26108 26128 I native-activity: Animating
04-11 02:55:21.781 26108 26128 I native-activity: Frame 258 GL error is 0x0
04-11 02:55:21.781 26108 26128 I native-activity: Frame 258 time is 7.406ms
04-11 02:55:21.781 26108 26128 I native-activity: Doing egl_swapbuffers_sync 2
04-11 02:55:21.818 26108 26128 I native-activity: Swap 258 time is 44.143ms
04-11 02:55:21.818 26108 26128 I native-activity: Animating
04-11 02:55:21.834 26108 26128 I native-activity: Context 0x546fc608 made current on surface 0x5446ba08, error 0x3000
04-11 02:55:21.834 26108 26128 I native-activity: GL information
04-11 02:55:21.834 26108 26128 I native-activity: 	Renderer: PowerVR Rogue G6200
04-11 02:55:21.834 26108 26128 I native-activity: 	Vendor: Imagination Technologies
04-11 02:55:21.834 26108 26128 I native-activity: 	Version: OpenGL ES 3.1 build 1.4@3573678
04-11 02:55:21.834 26108 26128 I native-activity: 	Shading Language: OpenGL ES GLSL ES 3.10 build 1.4@3573678
04-11 02:55:21.834 26108 26128 I native-activity: 	Extensions: GL_EXT_debug_marker GL_EXT_blend_minmax GL_EXT_color_buffer_float GL_EXT_discard_framebuffer GL_EXT_draw_buffers GL_EXT_multi_draw_arrays GL_EXT_multisampled_render_to_texture GL_EXT_occlusion_query_boolean GL_EXT_read_format_bgra GL_EXT_robustness GL_EXT_separate_shader_objects GL_EXT_shader_framebuffer_fetch GL_EXT_shader_texture_lod GL_EXT_texture_filter_anisotropic GL_EXT_texture_format_BGRA8888 GL_EXT_texture_rg GL_EXT_texture_sRGB_decode GL_IMG_multisampled_render_to_texture GL_IMG_program_binary GL_IMG_read_format GL_IMG_shader_binary GL_IMG_texture_compression_pvrtc GL_IMG_texture_compression_pvrtc2 GL_IMG_texture_format_BGRA8888 GL_IMG_texture_npot GL_KHR_blend_equation_advanced GL_KHR_blend_equation_advanced_coherent GL_KHR_debug GL_OES_compressed_ETC1_RGB8_texture GL_OES_depth24 GL_OES_depth_texture GL_OES_EGL_image GL_OES_EGL_image_external GL_OES_EGL_sync GL_OES_element_index_uint GL_OES_fragment_precision_high GL_OES_get_program_binary GL_OES_mapbuffer GL_OES_packed_depth_stencil G
04-11 02:55:21.834 26108 26128 I native-activity: Context 0x546fc608 made current on surface 0x5446ba08, error 0x3000
04-11 02:55:21.835 26108 26128 I native-activity: GL information
04-11 02:55:21.835 26108 26128 I native-activity: 	Renderer: PowerVR Rogue G6200
04-11 02:55:21.835 26108 26128 I native-activity: 	Vendor: Imagination Technologies
04-11 02:55:21.835 26108 26128 I native-activity: 	Version: OpenGL ES 3.1 build 1.4@3573678
04-11 02:55:21.835 26108 26128 I native-activity: 	Shading Language: OpenGL ES GLSL ES 3.10 build 1.4@3573678
04-11 02:55:21.835 26108 26128 I native-activity: 	Extensions: GL_EXT_debug_marker GL_EXT_blend_minmax GL_EXT_color_buffer_float GL_EXT_discard_framebuffer GL_EXT_draw_buffers GL_EXT_multi_draw_arrays GL_EXT_multisampled_render_to_texture GL_EXT_occlusion_query_boolean GL_EXT_read_format_bgra GL_EXT_robustness GL_EXT_separate_shader_objects GL_EXT_shader_framebuffer_fetch GL_EXT_shader_texture_lod GL_EXT_texture_filter_anisotropic GL_EXT_texture_format_BGRA8888 GL_EXT_texture_rg GL_EXT_texture_sRGB_decode GL_IMG_multisampled_render_to_texture GL_IMG_program_binary GL_IMG_read_format GL_IMG_shader_binary GL_IMG_texture_compression_pvrtc GL_IMG_texture_compression_pvrtc2 GL_IMG_texture_format_BGRA8888 GL_IMG_texture_npot GL_KHR_blend_equation_advanced GL_KHR_blend_equation_advanced_coherent GL_KHR_debug GL_OES_compressed_ETC1_RGB8_texture GL_OES_depth24 GL_OES_depth_texture GL_OES_EGL_image GL_OES_EGL_image_external GL_OES_EGL_sync GL_OES_element_index_uint GL_OES_fragment_precision_high GL_OES_get_program_binary GL_OES_mapbuffer GL_OES_packed_depth_stencil G
04-11 02:55:21.835 26108 26128 I native-activity: Frame 259 GL error is 0x501
04-11 02:55:21.835 26108 26128 I native-activity: Frame 259 time is 16.550ms
04-11 02:55:21.835 26108 26128 I native-activity: Doing egl_swapbuffers_sync 2
04-11 02:55:21.861 26108 26128 I native-activity: Swap 259 time is 43.101ms
04-11 02:55:21.861 26108 26128 I native-activity: Animating
04-11 02:55:21.869 26108 26128 I native-activity: Frame 260 GL error is 0x500
04-11 02:55:21.869 26108 26128 I native-activity: Frame 260 time is 7.489ms
04-11 02:55:21.869 26108 26128 I native-activity: Doing egl_swapbuffers_sync 2
04-11 02:55:21.906 26108 26128 I native-activity: Swap 260 time is 44.217ms
04-11 02:55:21.906 26108 26128 I native-activity: Animating
04-11 02:55:21.914 26108 26128 I native-activity: Frame 261 GL error is 0x0
04-11 02:55:21.914 26108 26128 I native-activity: Frame 261 time is 7.908ms
04-11 02:55:21.914 26108 26128 I native-activity: Doing egl_swapbuffers_sync 2
04-11 02:55:21.950 26108 26128 I native-activity: Swap 261 time is 44.404ms
04-11 02:55:21.950 26108 26128 I native-activity: Animating
04-11 02:55:21.966 26108 26128 I native-activity: Frame 262 GL error is 0x0
04-11 02:55:21.966 26108 26128 I native-activity: Frame 262 time is 15.798ms
04-11 02:55:21.966 26108 26128 I native-activity: Doing egl_swapbuffers_sync 2
04-11 02:55:21.994 26108 26128 I native-activity: Swap 262 time is 43.153ms
04-11 02:55:21.994 26108 26128 I native-activity: Animating
04-11 02:55:21.996    93    93 I Kernel  : [310561.614928] (3)[93:irq/258-inv_irq]inv_mpu_iio: inv_read_fifo: Received Sensor Interrupt to read FIFO and Fifo_count is 6
04-11 02:55:22.017 26108 26128 I native-activity: Frame 263 GL error is 0x0
04-11 02:55:22.017 26108 26128 I native-activity: Frame 263 time is 23.431ms
04-11 02:55:22.017 26108 26128 I native-activity: Doing egl_swapbuffers_sync 2
04-11 02:55:22.037 26108 26128 I native-activity: Swap 263 time is 43.267ms
04-11 02:55:22.037 26108 26128 I native-activity: Animating
04-11 02:55:22.044 26108 26128 I native-activity: Frame 264 GL error is 0x0
04-11 02:55:22.044 26108 26128 I native-activity: Frame 264 time is 7.112ms
04-11 02:55:22.044 26108 26128 I native-activity: Doing egl_swapbuffers_sync 2
04-11 02:55:22.081 26108 26128 I native-activity: Swap 264 time is 43.806ms
04-11 02:55:22.081 26108 26128 I native-activity: Animating
04-11 02:55:22.088 26108 26128 I native-activity: Frame 265 GL error is 0x0
04-11 02:55:22.088 26108 26128 I native-activity: Frame 265 time is 6.706ms
04-11 02:55:22.088 26108 26128 I native-activity: Doing egl_swapbuffers_sync 2
04-11 02:55:22.125 26108 26128 I native-activity: Swap 265 time is 44.448ms
04-11 02:55:22.126 26108 26128 I native-activity: Animating
04-11 02:55:22.151 26108 26128 I native-activity: Frame 266 GL error is 0x0
04-11 02:55:22.151 26108 26128 I native-activity: Frame 266 time is 25.235ms
04-11 02:55:22.151 26108 26128 I native-activity: Doing egl_swapbuffers_sync 2
04-11 02:55:22.169 26108 26128 I native-activity: Swap 266 time is 43.323ms
04-11 02:55:22.169 26108 26128 I native-activity: Animating
04-11 02:55:22.190 26108 26128 I native-activity: Frame 267 GL error is 0x0
04-11 02:55:22.190 26108 26128 I native-activity: Frame 267 time is 21.184ms
04-11 02:55:22.190 26108 26128 I native-activity: Doing egl_swapbuffers_sync 2
04-11 02:55:22.213 26108 26128 I native-activity: Swap 267 time is 43.724ms
04-11 02:55:22.213 26108 26128 I native-activity: Animating
04-11 02:55:22.234 26108 26128 I native-activity: Frame 268 GL error is 0x0
04-11 02:55:22.234 26108 26128 I native-activity: Frame 268 time is 20.674ms
04-11 02:55:22.234 26108 26128 I native-activity: Doing egl_swapbuffers_sync 2
04-11 02:55:22.256 26108 26128 I native-activity: Swap 268 time is 43.102ms
04-11 02:55:22.256 26108 26128 I native-activity: Animating
04-11 02:55:22.267 26108 26128 I native-activity: Frame 269 GL error is 0x0
04-11 02:55:22.267 26108 26128 I native-activity: Frame 269 time is 10.913ms
04-11 02:55:22.267 26108 26128 I native-activity: Doing egl_swapbuffers_sync 2
04-11 02:55:22.300 26108 26128 I native-activity: Swap 269 time is 43.822ms
04-11 02:55:22.300 26108 26128 I native-activity: Animating
04-11 02:55:22.309 26108 26128 I native-activity: Frame 270 GL error is 0x0
04-11 02:55:22.309 26108 26128 I native-activity: Frame 270 time is 8.440ms
04-11 02:55:22.309 26108 26128 I native-activity: Doing egl_swapbuffers_sync 2
04-11 02:55:22.345 26108 26128 I native-activity: Swap 270 time is 44.321ms
04-11 02:55:22.345 26108 26128 I native-activity: Animating
04-11 02:55:22.361 26108 26128 I native-activity: Frame 271 GL error is 0x0
04-11 02:55:22.361 26108 26128 I native-activity: Frame 271 time is 15.776ms
04-11 02:55:22.361 26108 26128 I native-activity: Doing egl_swapbuffers_sync 2
04-11 02:55:22.388 26108 26128 I native-activity: Swap 271 time is 43.512ms
04-11 02:55:22.389 26108 26128 I native-activity: Animating
04-11 02:55:22.409 26108 26128 I native-activity: Frame 272 GL error is 0x0
04-11 02:55:22.409 26108 26128 I native-activity: Frame 272 time is 20.080ms
04-11 02:55:22.409 26108 26128 I native-activity: Doing egl_swapbuffers_sync 2
04-11 02:55:22.433 26108 26128 I native-activity: Swap 272 time is 44.033ms
04-11 02:55:22.433 26108 26128 I native-activity: Animating
04-11 02:55:22.452 26108 26128 I native-activity: Frame 273 GL error is 0x0
04-11 02:55:22.452 26108 26128 I native-activity: Frame 273 time is 19.144ms
04-11 02:55:22.452 26108 26128 I native-activity: Doing egl_swapbuffers_sync 2
04-11 02:55:22.476 26108 26128 I native-activity: Swap 273 time is 43.132ms
04-11 02:55:22.476 26108 26128 I native-activity: Animating
04-11 02:55:22.497 26108 26128 I native-activity: Frame 274 GL error is 0x501
04-11 02:55:22.497 26108 26128 I native-activity: Frame 274 time is 20.941ms
04-11 02:55:22.497 26108 26128 I native-activity: Doing egl_swapbuffers_sync 2
04-11 02:55:22.520 26108 26128 I native-activity: Swap 274 time is 44.031ms
04-11 02:55:22.520 26108 26128 I native-activity: Animating
04-11 02:55:22.528 26108 26128 I native-activity: Frame 275 GL error is 0x0
04-11 02:55:22.528 26108 26128 I native-activity: Frame 275 time is 7.251ms
04-11 02:55:22.528 26108 26128 I native-activity: Doing egl_swapbuffers_sync 2
04-11 02:55:22.565 26108 26128 I native-activity: Swap 275 time is 44.279ms
04-11 02:55:22.565 26108 26128 I native-activity: Animating
04-11 02:55:22.572 26108 26128 I native-activity: Frame 276 GL error is 0x0
04-11 02:55:22.572 26108 26128 I native-activity: Frame 276 time is 6.903ms
04-11 02:55:22.572 26108 26128 I native-activity: Doing egl_swapbuffers_sync 2
04-11 02:55:22.609 26108 26128 I native-activity: Swap 276 time is 44.642ms
04-11 02:55:22.610 26108 26128 I native-activity: Animating
04-11 02:55:22.630 26108 26128 I native-activity: Frame 277 GL error is 0x0
04-11 02:55:22.630 26108 26128 I native-activity: Frame 277 time is 20.287ms
04-11 02:55:22.630 26108 26128 I native-activity: Doing egl_swapbuffers_sync 2
04-11 02:55:22.653 26108 26128 I native-activity: Swap 277 time is 43.662ms
04-11 02:55:22.654 26108 26128 I native-activity: Animating
04-11 02:55:22.669 26108 26128 I native-activity: Frame 278 GL error is 0x0
04-11 02:55:22.669 26108 26128 I native-activity: Frame 278 time is 15.819ms
04-11 02:55:22.669 26108 26128 I native-activity: Doing egl_swapbuffers_sync 2
04-11 02:55:22.698 26108 26128 I native-activity: Swap 278 time is 44.205ms
04-11 02:55:22.698 26108 26128 I native-activity: Animating
04-11 02:55:22.716 26108 26128 I native-activity: Frame 279 GL error is 0x0
04-11 02:55:22.716 26108 26128 I native-activity: Frame 279 time is 17.739ms
04-11 02:55:22.716 26108 26128 I native-activity: Doing egl_swapbuffers_sync 2
04-11 02:55:22.741 26108 26128 I native-activity: Swap 279 time is 43.172ms
04-11 02:55:22.741 26108 26128 I native-activity: Animating
04-11 02:55:22.748 26108 26128 I native-activity: Frame 280 GL error is 0x0
04-11 02:55:22.748 26108 26128 I native-activity: Frame 280 time is 7.144ms
04-11 02:55:22.748 26108 26128 I native-activity: Doing egl_swapbuffers_sync 2
04-11 02:55:22.785 26108 26128 I native-activity: Swap 280 time is 43.975ms
04-11 02:55:22.785 26108 26128 I native-activity: Animating
04-11 02:55:22.792 26108 26128 I native-activity: Frame 281 GL error is 0x0
04-11 02:55:22.792 26108 26128 I native-activity: Frame 281 time is 6.578ms
04-11 02:55:22.792 26108 26128 I native-activity: Doing egl_swapbuffers_sync 2
04-11 02:55:22.830 26108 26128 I native-activity: Swap 281 time is 44.248ms
04-11 02:55:22.830 26108 26128 I native-activity: Animating
04-11 02:55:22.826    93    93 I Kernel  : [310562.445771] (3)[93:irq/258-inv_irq]inv_mpu_iio: inv_read_fifo: Received Sensor Interrupt to read FIFO and Fifo_count is 6
04-11 02:55:22.848 26108 26128 I native-activity: Frame 282 GL error is 0x0
04-11 02:55:22.848 26108 26128 I native-activity: Frame 282 time is 17.703ms
04-11 02:55:22.848 26108 26128 I native-activity: Doing egl_swapbuffers_sync 2
04-11 02:55:22.874 26108 26128 I native-activity: Swap 282 time is 43.689ms
04-11 02:55:22.874 26108 26128 I native-activity: Animating
04-11 02:55:22.891 26108 26128 I native-activity: Frame 283 GL error is 0x0
04-11 02:55:22.891 26108 26128 I native-activity: Frame 283 time is 17.262ms
04-11 02:55:22.891 26108 26128 I native-activity: Doing egl_swapbuffers_sync 2
04-11 02:55:22.917 26108 26128 I native-activity: Swap 283 time is 43.180ms
04-11 02:55:22.917 26108 26128 I native-activity: Animating
04-11 02:55:22.924 26108 26128 I native-activity: Frame 284 GL error is 0x0
04-11 02:55:22.924 26108 26128 I native-activity: Frame 284 time is 6.773ms
04-11 02:55:22.924 26108 26128 I native-activity: Doing egl_swapbuffers_sync 2
04-11 02:55:22.961 26108 26128 I native-activity: Swap 284 time is 44.005ms
04-11 02:55:22.961 26108 26128 I native-activity: Animating
04-11 02:55:22.968 26108 26128 I native-activity: Frame 285 GL error is 0x0
04-11 02:55:22.968 26108 26128 I native-activity: Frame 285 time is 6.714ms
04-11 02:55:22.968 26108 26128 I native-activity: Doing egl_swapbuffers_sync 2
04-11 02:55:23.006 26108 26128 I native-activity: Swap 285 time is 44.570ms
04-11 02:55:23.006 26108 26128 I native-activity: Animating
04-11 02:55:23.023 26108 26128 I native-activity: Frame 286 GL error is 0x0
04-11 02:55:23.023 26108 26128 I native-activity: Frame 286 time is 16.882ms
04-11 02:55:23.023 26108 26128 I native-activity: Doing egl_swapbuffers_sync 2
04-11 02:55:23.049 26108 26128 I native-activity: Swap 286 time is 43.336ms
04-11 02:55:23.050 26108 26128 I native-activity: Animating
04-11 02:55:23.067 26108 26128 I native-activity: Frame 287 GL error is 0x0
04-11 02:55:23.067 26108 26128 I native-activity: Frame 287 time is 17.469ms
04-11 02:55:23.067 26108 26128 I native-activity: Doing egl_swapbuffers_sync 2
04-11 02:55:23.093 26108 26128 I native-activity: Swap 287 time is 43.574ms
04-11 02:55:23.093 26108 26128 I native-activity: Animating
04-11 02:55:23.110 26108 26128 I native-activity: Frame 288 GL error is 0x0
04-11 02:55:23.110 26108 26128 I native-activity: Frame 288 time is 16.517ms
04-11 02:55:23.110 26108 26128 I native-activity: Doing egl_swapbuffers_sync 2
04-11 02:55:23.137 26108 26128 I native-activity: Swap 288 time is 43.487ms
04-11 02:55:23.137 26108 26128 I native-activity: Animating
04-11 02:55:23.153 26108 26128 I native-activity: Frame 289 GL error is 0x0
04-11 02:55:23.153 26108 26128 I native-activity: Frame 289 time is 15.420ms
04-11 02:55:23.153 26108 26128 I native-activity: Doing egl_swapbuffers_sync 2
04-11 02:55:23.181 26108 26128 I native-activity: Swap 289 time is 43.487ms
04-11 02:55:23.181 26108 26128 I native-activity: Animating
04-11 02:55:23.194 26108 26128 I native-activity: Frame 290 GL error is 0x0
04-11 02:55:23.194 26108 26128 I native-activity: Frame 290 time is 13.668ms
04-11 02:55:23.194 26108 26128 I native-activity: Doing egl_swapbuffers_sync 2
04-11 02:55:23.224 26108 26128 I native-activity: Swap 290 time is 43.548ms
04-11 02:55:23.224 26108 26128 I native-activity: Animating
04-11 02:55:23.239 26108 26128 I native-activity: Frame 291 GL error is 0x0
04-11 02:55:23.239 26108 26128 I native-activity: Frame 291 time is 14.633ms
04-11 02:55:23.239 26108 26128 I native-activity: Doing egl_swapbuffers_sync 2
04-11 02:55:23.268 26108 26128 I native-activity: Swap 291 time is 43.718ms
04-11 02:55:23.268 26108 26128 I native-activity: Animating
04-11 02:55:23.281 26108 26128 I native-activity: Frame 292 GL error is 0x0
04-11 02:55:23.281 26108 26128 I native-activity: Frame 292 time is 12.855ms
04-11 02:55:23.281 26108 26128 I native-activity: Doing egl_swapbuffers_sync 2
04-11 02:55:23.312 26108 26128 I native-activity: Swap 292 time is 43.940ms
04-11 02:55:23.313 26108 26128 I native-activity: Animating
04-11 02:55:23.332 26108 26128 I native-activity: Frame 293 GL error is 0x0
04-11 02:55:23.332 26108 26128 I native-activity: Frame 293 time is 19.480ms
04-11 02:55:23.332 26108 26128 I native-activity: Doing egl_swapbuffers_sync 2
04-11 02:55:23.356 26108 26128 I native-activity: Swap 293 time is 43.428ms
04-11 02:55:23.356 26108 26128 I native-activity: Animating
04-11 02:55:23.369 26108 26128 I native-activity: Frame 294 GL error is 0x0
04-11 02:55:23.369 26108 26128 I native-activity: Frame 294 time is 12.285ms
04-11 02:55:23.369 26108 26128 I native-activity: Doing egl_swapbuffers_sync 2
04-11 02:55:23.400 26108 26128 I native-activity: Swap 294 time is 43.451ms
04-11 02:55:23.400 26108 26128 I native-activity: Animating
04-11 02:55:23.414 26108 26128 I native-activity: Frame 295 GL error is 0x0
04-11 02:55:23.414 26108 26128 I native-activity: Frame 295 time is 13.666ms
04-11 02:55:23.414 26108 26128 I native-activity: Doing egl_swapbuffers_sync 2
04-11 02:55:23.444 26108 26128 I native-activity: Swap 295 time is 43.678ms
04-11 02:55:23.444 26108 26128 I native-activity: Animating
04-11 02:55:23.459 26108 26128 I native-activity: Frame 296 GL error is 0x0
04-11 02:55:23.459 26108 26128 I native-activity: Frame 296 time is 14.737ms
04-11 02:55:23.459 26108 26128 I native-activity: Doing egl_swapbuffers_sync 2
04-11 02:55:23.487 26108 26128 I native-activity: Swap 296 time is 43.603ms
04-11 02:55:23.488 26108 26128 I native-activity: Animating
04-11 02:55:23.502 26108 26128 I native-activity: Frame 297 GL error is 0x0
04-11 02:55:23.502 26108 26128 I native-activity: Frame 297 time is 14.156ms
04-11 02:55:23.502 26108 26128 I native-activity: Doing egl_swapbuffers_sync 2
04-11 02:55:23.532 26108 26128 I native-activity: Swap 297 time is 44.003ms
04-11 02:55:23.532 26108 26128 I native-activity: Animating
04-11 02:55:23.545 26108 26128 I native-activity: Frame 298 GL error is 0x0
04-11 02:55:23.545 26108 26128 I native-activity: Frame 298 time is 12.759ms
04-11 02:55:23.545 26108 26128 I native-activity: Doing egl_swapbuffers_sync 2
04-11 02:55:23.576 26108 26128 I native-activity: Swap 298 time is 43.867ms
04-11 02:55:23.576 26108 26128 I native-activity: Animating
04-11 02:55:23.596 26108 26128 I native-activity: Frame 299 GL error is 0x0
04-11 02:55:23.596 26108 26128 I native-activity: Frame 299 time is 19.616ms
04-11 02:55:23.596 26108 26128 I native-activity: Doing egl_swapbuffers_sync 2
04-11 02:55:23.619 26108 26128 I native-activity: Swap 299 time is 43.146ms
04-11 02:55:23.619 26108 26128 I native-activity: Animating
04-11 02:55:23.625 26108 26128 I native-activity: Frame 300 GL error is 0x0
04-11 02:55:23.625 26108 26128 I native-activity: Frame 300 time is 6.098ms
04-11 02:55:23.625 26108 26128 I native-activity: Doing egl_swapbuffers_sync 2
04-11 02:55:23.663 26108 26128 I native-activity: Swap 300 time is 43.991ms
04-11 02:55:23.663 26108 26128 I native-activity: Animating
04-11 02:55:23.670 26108 26128 I native-activity: Frame 301 GL error is 0x0
04-11 02:55:23.670 26108 26128 I native-activity: Frame 301 time is 6.337ms
04-11 02:55:23.670 26108 26128 I native-activity: Doing egl_swapbuffers_sync 2
04-11 02:55:23.666    93    93 I Kernel  : [310563.276417] (3)[93:irq/258-inv_irq]inv_mpu_iio: inv_read_fifo: Received Sensor Interrupt to read FIFO and Fifo_count is 6
04-11 02:55:23.708 26108 26128 I native-activity: Swap 301 time is 44.623ms
04-11 02:55:23.708 26108 26128 I native-activity: Animating
04-11 02:55:23.722 26108 26128 I native-activity: Frame 302 GL error is 0x0
04-11 02:55:23.722 26108 26128 I native-activity: Frame 302 time is 14.004ms
04-11 02:55:23.722 26108 26128 I native-activity: Doing egl_swapbuffers_sync 2
04-11 02:55:23.752 26108 26128 I native-activity: Swap 302 time is 43.472ms
04-11 02:55:23.752 26108 26128 I native-activity: Animating
04-11 02:55:23.766 26108 26128 I native-activity: Frame 303 GL error is 0x0
04-11 02:55:23.766 26108 26128 I native-activity: Frame 303 time is 14.131ms
04-11 02:55:23.766 26108 26128 I native-activity: Doing egl_swapbuffers_sync 2
04-11 02:55:23.796 26108 26128 I native-activity: Swap 303 time is 43.730ms
04-11 02:55:23.796 26108 26128 I native-activity: Animating
04-11 02:55:23.811 26108 26128 I native-activity: Frame 304 GL error is 0x0
04-11 02:55:23.811 26108 26128 I native-activity: Frame 304 time is 14.894ms
04-11 02:55:23.811 26108 26128 I native-activity: Doing egl_swapbuffers_sync 2
04-11 02:55:23.839 26108 26128 I native-activity: Swap 304 time is 43.657ms
04-11 02:55:23.840 26108 26128 I native-activity: Animating
04-11 02:55:23.856 26108 26128 I native-activity: Frame 305 GL error is 0x0
04-11 02:55:23.856 26108 26128 I native-activity: Frame 305 time is 16.535ms
04-11 02:55:23.856 26108 26128 I native-activity: Doing egl_swapbuffers_sync 2
04-11 02:55:23.883 26108 26128 I native-activity: Swap 305 time is 43.454ms
04-11 02:55:23.883 26108 26128 I native-activity: Animating
04-11 02:55:23.895 26108 26128 I native-activity: Frame 306 GL error is 0x0
04-11 02:55:23.895 26108 26128 I native-activity: Frame 306 time is 11.798ms
04-11 02:55:23.895 26108 26128 I native-activity: Doing egl_swapbuffers_sync 2
04-11 02:55:23.927 26108 26128 I native-activity: Swap 306 time is 43.789ms
04-11 02:55:23.927 26108 26128 I native-activity: Animating
04-11 02:55:23.940 26108 26128 I native-activity: Frame 307 GL error is 0x0
04-11 02:55:23.940 26108 26128 I native-activity: Frame 307 time is 13.005ms
04-11 02:55:23.940 26108 26128 I native-activity: Doing egl_swapbuffers_sync 2
04-11 02:55:23.971 26108 26128 I native-activity: Swap 307 time is 43.653ms
04-11 02:55:23.971 26108 26128 I native-activity: Animating
04-11 02:55:23.984 26108 26128 I native-activity: Frame 308 GL error is 0x0
04-11 02:55:23.984 26108 26128 I native-activity: Frame 308 time is 12.349ms
04-11 02:55:23.984 26108 26128 I native-activity: Doing egl_swapbuffers_sync 2
04-11 02:55:24.015 26108 26128 I native-activity: Swap 308 time is 43.668ms
04-11 02:55:24.015 26108 26128 I native-activity: Animating
04-11 02:55:24.033 26108 26128 I native-activity: Frame 309 GL error is 0x0
04-11 02:55:24.033 26108 26128 I native-activity: Frame 309 time is 17.470ms
04-11 02:55:24.033 26108 26128 I native-activity: Doing egl_swapbuffers_sync 2
04-11 02:55:24.059 26108 26128 I native-activity: Swap 309 time is 43.401ms
04-11 02:55:24.059 26108 26128 I native-activity: Animating
04-11 02:55:24.066 26108 26128 I native-activity: Frame 310 GL error is 0x0
04-11 02:55:24.066 26108 26128 I native-activity: Frame 310 time is 7.620ms
04-11 02:55:24.066 26108 26128 I native-activity: Doing egl_swapbuffers_sync 2
04-11 02:55:24.103 26108 26128 I native-activity: Swap 310 time is 44.477ms
04-11 02:55:24.103 26108 26128 I native-activity: Animating
04-11 02:55:24.288   958  1024 D ConnectivityService: updateNetworkScore for NetworkAgentInfo [WIFI () - 196] to 56
04-11 02:55:24.288   958  1024 D ConnectivityService: rematching NetworkAgentInfo [WIFI () - 196]
04-11 02:55:24.288   958  1024 D ConnectivityService: Network NetworkAgentInfo [WIFI () - 196] was already satisfying request 1. No change.
04-11 02:55:24.288   958  1024 D ConnectivityService: notifyType AVAILABLE for NetworkAgentInfo [WIFI () - 196]
04-11 02:55:24.298 25873 25984 D ConnectivityManager.CallbackHandler: CM callback handler got msg 524290
04-11 02:55:24.306    93    93 I Kernel  : [310563.916511] (3)[93:irq/258-inv_irq]inv_mpu_iio: inv_push_8bytes_buffer: Received Accel Sensor Data at Driver Layer -516, 1680, -16504
04-11 02:55:24.353 26108 26128 I native-activity: Frame 311 GL error is 0x501
04-11 02:55:24.353 26108 26128 I native-activity: Frame 311 time is 249.339ms
04-11 02:55:24.353 26108 26128 I native-activity: Doing egl_swapbuffers_sync 2
04-11 02:55:24.353 26108 26128 I native-activity: Swap 311 time is 249.505ms
04-11 02:55:24.353 26108 26128 I native-activity: Animating
04-11 02:55:24.362 26108 26128 I native-activity: Frame 312 GL error is 0x0
04-11 02:55:24.362 26108 26128 I native-activity: Frame 312 time is 9.126ms
04-11 02:55:24.362 26108 26128 I native-activity: Doing egl_swapbuffers_sync 2
04-11 02:55:24.362 26108 26128 I native-activity: Swap 312 time is 9.286ms
04-11 02:55:24.362 26108 26128 I native-activity: Animating
04-11 02:55:24.369 26108 26128 I native-activity: Frame 313 GL error is 0x0
04-11 02:55:24.369 26108 26128 I native-activity: Frame 313 time is 6.789ms
04-11 02:55:24.369 26108 26128 I native-activity: Doing egl_swapbuffers_sync 2
04-11 02:55:24.369 26108 26128 I native-activity: Swap 313 time is 6.944ms
04-11 02:55:24.369 26108 26128 I native-activity: Animating
04-11 02:55:24.375 26108 26128 I native-activity: Frame 314 GL error is 0x0
04-11 02:55:24.375 26108 26128 I native-activity: Frame 314 time is 5.348ms
04-11 02:55:24.375 26108 26128 I native-activity: Doing egl_swapbuffers_sync 2
04-11 02:55:24.375 26108 26128 I native-activity: Swap 314 time is 5.497ms
04-11 02:55:24.375 26108 26128 I native-activity: Animating
04-11 02:55:24.397 26108 26128 I native-activity: Frame 315 GL error is 0x501
04-11 02:55:24.397 26108 26128 I native-activity: Frame 315 time is 22.059ms
04-11 02:55:24.397 26108 26128 I native-activity: Doing egl_swapbuffers_sync 2
04-11 02:55:24.401 26108 26128 I native-activity: Swap 315 time is 25.742ms
04-11 02:55:24.401 26108 26128 I native-activity: Animating
04-11 02:55:24.407 26108 26128 I native-activity: Frame 316 GL error is 0x0
04-11 02:55:24.407 26108 26128 I native-activity: Frame 316 time is 6.231ms
04-11 02:55:24.407 26108 26128 I native-activity: Doing egl_swapbuffers_sync 2
04-11 02:55:24.445 26108 26128 I native-activity: Swap 316 time is 44.124ms
04-11 02:55:24.445 26108 26128 I native-activity: Animating
04-11 02:55:24.451 26108 26128 I native-activity: Frame 317 GL error is 0x0
04-11 02:55:24.451 26108 26128 I native-activity: Frame 317 time is 6.121ms
04-11 02:55:24.451 26108 26128 I native-activity: Doing egl_swapbuffers_sync 2
04-11 02:55:24.490 26108 26128 I native-activity: Swap 317 time is 44.759ms
04-11 02:55:24.490 26108 26128 I native-activity: Animating
04-11 02:55:24.499 26108 26128 I native-activity: Frame 318 GL error is 0x0
04-11 02:55:24.499 26108 26128 I native-activity: Frame 318 time is 9.292ms
04-11 02:55:24.499 26108 26128 I native-activity: Doing egl_swapbuffers_sync 2
04-11 02:55:24.496    93    93 I Kernel  : [310564.107216] (3)[93:irq/258-inv_irq]inv_mpu_iio: inv_read_fifo: Received Sensor Interrupt to read FIFO and Fifo_count is 6
04-11 02:55:24.535 26108 26128 I native-activity: Swap 318 time is 45.428ms
04-11 02:55:24.535 26108 26128 I native-activity: Animating
04-11 02:55:24.556 26108 26128 I native-activity: Frame 319 GL error is 0x0
04-11 02:55:24.556 26108 26128 I native-activity: Frame 319 time is 20.937ms
04-11 02:55:24.556 26108 26128 I native-activity: Doing egl_swapbuffers_sync 2
04-11 02:55:24.581 26108 26128 I native-activity: Swap 319 time is 45.906ms
04-11 02:55:24.582 26108 26128 I native-activity: Animating
04-11 02:55:24.593 26108 26128 I native-activity: Frame 320 GL error is 0x0
04-11 02:55:24.594 26108 26128 I native-activity: Frame 320 time is 11.883ms
04-11 02:55:24.594 26108 26128 I native-activity: Doing egl_swapbuffers_sync 2
04-11 02:55:24.627 26108 26128 I native-activity: Swap 320 time is 44.879ms
04-11 02:55:24.627 26108 26128 I native-activity: Animating
04-11 02:55:24.633 26108 26128 I native-activity: Frame 321 GL error is 0x0
04-11 02:55:24.633 26108 26128 I native-activity: Frame 321 time is 6.314ms
04-11 02:55:24.633 26108 26128 I native-activity: Doing egl_swapbuffers_sync 2
04-11 02:55:24.671 26108 26128 I native-activity: Swap 321 time is 44.286ms
04-11 02:55:24.671 26108 26128 I native-activity: Animating
04-11 02:55:24.678 26108 26128 I native-activity: Frame 322 GL error is 0x0
04-11 02:55:24.678 26108 26128 I native-activity: Frame 322 time is 7.067ms
04-11 02:55:24.678 26108 26128 I native-activity: Doing egl_swapbuffers_sync 2
04-11 02:55:24.716 26108 26128 I native-activity: Swap 322 time is 44.838ms
04-11 02:55:24.716 26108 26128 I native-activity: Animating
04-11 02:55:24.739 26108 26128 I native-activity: Frame 323 GL error is 0x0
04-11 02:55:24.739 26108 26128 I native-activity: Frame 323 time is 23.000ms
04-11 02:55:24.739 26108 26128 I native-activity: Doing egl_swapbuffers_sync 2
04-11 02:55:24.760 26108 26128 I native-activity: Swap 323 time is 43.531ms
04-11 02:55:24.760 26108 26128 I native-activity: Animating
04-11 02:55:24.768 26108 26128 I native-activity: Frame 324 GL error is 0x0
04-11 02:55:24.768 26108 26128 I native-activity: Frame 324 time is 8.028ms
04-11 02:55:24.768 26108 26128 I native-activity: Doing egl_swapbuffers_sync 2
04-11 02:55:24.804 26108 26128 I native-activity: Swap 324 time is 44.481ms
04-11 02:55:24.804 26108 26128 I native-activity: Animating
04-11 02:55:24.811 26108 26128 I native-activity: Frame 325 GL error is 0x0
04-11 02:55:24.812 26108 26128 I native-activity: Frame 325 time is 7.054ms
04-11 02:55:24.812 26108 26128 I native-activity: Doing egl_swapbuffers_sync 2
04-11 02:55:24.849 26108 26128 I native-activity: Swap 325 time is 44.928ms
04-11 02:55:24.850 26108 26128 I native-activity: Animating
04-11 02:55:24.865 26108 26128 I native-activity: Frame 326 GL error is 0x0
04-11 02:55:24.866 26108 26128 I native-activity: Frame 326 time is 16.034ms
04-11 02:55:24.866 26108 26128 I native-activity: Doing egl_swapbuffers_sync 2
04-11 02:55:24.893 26108 26128 I native-activity: Swap 326 time is 43.739ms
04-11 02:55:24.894 26108 26128 I native-activity: Animating
04-11 02:55:24.908 26108 26128 I native-activity: Frame 327 GL error is 0x0
04-11 02:55:24.908 26108 26128 I native-activity: Frame 327 time is 14.882ms
04-11 02:55:24.908 26108 26128 I native-activity: Doing egl_swapbuffers_sync 2
04-11 02:55:24.937 26108 26128 I native-activity: Swap 327 time is 43.853ms
04-11 02:55:24.938 26108 26128 I native-activity: Animating
04-11 02:55:24.952 26108 26128 I native-activity: Frame 328 GL error is 0x0
04-11 02:55:24.952 26108 26128 I native-activity: Frame 328 time is 14.718ms
04-11 02:55:24.952 26108 26128 I native-activity: Doing egl_swapbuffers_sync 2
04-11 02:55:24.981 26108 26128 I native-activity: Swap 328 time is 43.582ms
04-11 02:55:24.981 26108 26128 I native-activity: Animating
04-11 02:55:24.994 26108 26128 I native-activity: Frame 329 GL error is 0x0
04-11 02:55:24.994 26108 26128 I native-activity: Frame 329 time is 12.071ms
04-11 02:55:24.994 26108 26128 I native-activity: Doing egl_swapbuffers_sync 2
04-11 02:55:25.026 26108 26128 I native-activity: Swap 329 time is 44.054ms
04-11 02:55:25.026 26108 26128 I native-activity: Animating
04-11 02:55:25.038 26108 26128 I native-activity: Frame 330 GL error is 0x0
04-11 02:55:25.038 26108 26128 I native-activity: Frame 330 time is 12.429ms
04-11 02:55:25.038 26108 26128 I native-activity: Doing egl_swapbuffers_sync 2
04-11 02:55:25.070 26108 26128 I native-activity: Swap 330 time is 43.873ms
04-11 02:55:25.070 26108 26128 I native-activity: Animating
04-11 02:55:25.084 26108 26128 I native-activity: Frame 331 GL error is 0x0
04-11 02:55:25.084 26108 26128 I native-activity: Frame 331 time is 13.837ms
04-11 02:55:25.084 26108 26128 I native-activity: Doing egl_swapbuffers_sync 2
04-11 02:55:25.114 26108 26128 I native-activity: Swap 331 time is 44.167ms
04-11 02:55:25.114 26108 26128 I native-activity: Animating
04-11 02:55:25.128 26108 26128 I native-activity: Frame 332 GL error is 0x0
04-11 02:55:25.128 26108 26128 I native-activity: Frame 332 time is 14.224ms
04-11 02:55:25.128 26108 26128 I native-activity: Doing egl_swapbuffers_sync 2
04-11 02:55:25.158 26108 26128 I native-activity: Swap 332 time is 43.674ms
04-11 02:55:25.158 26108 26128 I native-activity: Animating
04-11 02:55:25.173 26108 26128 I native-activity: Frame 333 GL error is 0x0
04-11 02:55:25.173 26108 26128 I native-activity: Frame 333 time is 14.839ms
04-11 02:55:25.173 26108 26128 I native-activity: Doing egl_swapbuffers_sync 2
04-11 02:55:25.202 26108 26128 I native-activity: Swap 333 time is 43.911ms
04-11 02:55:25.202 26108 26128 I native-activity: Animating
04-11 02:55:25.215 26108 26128 I native-activity: Frame 334 GL error is 0x0
04-11 02:55:25.215 26108 26128 I native-activity: Frame 334 time is 12.434ms
04-11 02:55:25.215 26108 26128 I native-activity: Doing egl_swapbuffers_sync 2
04-11 02:55:25.246 26108 26128 I native-activity: Swap 334 time is 43.840ms
04-11 02:55:25.246 26108 26128 I native-activity: Animating
04-11 02:55:25.259 26108 26128 I native-activity: Frame 335 GL error is 0x0
04-11 02:55:25.259 26108 26128 I native-activity: Frame 335 time is 12.700ms
04-11 02:55:25.259 26108 26128 I native-activity: Doing egl_swapbuffers_sync 2
04-11 02:55:25.290 26108 26128 I native-activity: Swap 335 time is 44.119ms
04-11 02:55:25.290 26108 26128 I native-activity: Animating
04-11 02:55:25.303 26108 26128 I native-activity: Frame 336 GL error is 0x0
04-11 02:55:25.303 26108 26128 I native-activity: Frame 336 time is 12.263ms
04-11 02:55:25.303 26108 26128 I native-activity: Doing egl_swapbuffers_sync 2
04-11 02:55:25.335 26108 26128 I native-activity: Swap 336 time is 44.080ms
04-11 02:55:25.335 26108 26128 I native-activity: Animating
04-11 02:55:25.326    93    93 I Kernel  : [310564.938038] (3)[93:irq/258-inv_irq]inv_mpu_iio: inv_read_fifo: Received Sensor Interrupt to read FIFO and Fifo_count is 6
04-11 02:55:25.350 26108 26128 I native-activity: Frame 337 GL error is 0x0
04-11 02:55:25.350 26108 26128 I native-activity: Frame 337 time is 15.090ms
04-11 02:55:25.350 26108 26128 I native-activity: Doing egl_swapbuffers_sync 2
04-11 02:55:25.378 26108 26128 I native-activity: Swap 337 time is 43.662ms
04-11 02:55:25.379 26108 26128 I native-activity: Animating
04-11 02:55:25.394 26108 26128 I native-activity: Frame 338 GL error is 0x0
04-11 02:55:25.394 26108 26128 I native-activity: Frame 338 time is 15.779ms
04-11 02:55:25.394 26108 26128 I native-activity: Doing egl_swapbuffers_sync 2
04-11 02:55:25.422 26108 26128 I native-activity: Swap 338 time is 43.785ms
04-11 02:55:25.423 26108 26128 I native-activity: Animating
04-11 02:55:25.436 26108 26128 I native-activity: Frame 339 GL error is 0x0
04-11 02:55:25.436 26108 26128 I native-activity: Frame 339 time is 13.158ms
04-11 02:55:25.436 26108 26128 I native-activity: Doing egl_swapbuffers_sync 2
04-11 02:55:25.467 26108 26128 I native-activity: Swap 339 time is 44.141ms
04-11 02:55:25.467 26108 26128 I native-activity: Animating
04-11 02:55:25.479 26108 26128 I native-activity: Frame 340 GL error is 0x0
04-11 02:55:25.479 26108 26128 I native-activity: Frame 340 time is 11.962ms
04-11 02:55:25.479 26108 26128 I native-activity: Doing egl_swapbuffers_sync 2
04-11 02:55:25.511 26108 26128 I native-activity: Swap 340 time is 43.890ms
04-11 02:55:25.511 26108 26128 I native-activity: Animating
04-11 02:55:25.525 26108 26128 I native-activity: Frame 341 GL error is 0x0
04-11 02:55:25.525 26108 26128 I native-activity: Frame 341 time is 13.833ms
04-11 02:55:25.525 26108 26128 I native-activity: Doing egl_swapbuffers_sync 2
04-11 02:55:25.555 26108 26128 I native-activity: Swap 341 time is 44.183ms
04-11 02:55:25.556 26108 26128 I native-activity: Animating
04-11 02:55:25.571 26108 26128 I native-activity: Frame 342 GL error is 0x0
04-11 02:55:25.571 26108 26128 I native-activity: Frame 342 time is 15.440ms
04-11 02:55:25.571 26108 26128 I native-activity: Doing egl_swapbuffers_sync 2
04-11 02:55:25.599 26108 26128 I native-activity: Swap 342 time is 43.568ms
04-11 02:55:25.599 26108 26128 I native-activity: Animating
04-11 02:55:25.612 26108 26128 I native-activity: Frame 343 GL error is 0x0
04-11 02:55:25.612 26108 26128 I native-activity: Frame 343 time is 12.714ms
04-11 02:55:25.612 26108 26128 I native-activity: Doing egl_swapbuffers_sync 2
04-11 02:55:25.643 26108 26128 I native-activity: Swap 343 time is 43.868ms
04-11 02:55:25.643 26108 26128 I native-activity: Animating
04-11 02:55:25.655 26108 26128 I native-activity: Frame 344 GL error is 0x0
04-11 02:55:25.655 26108 26128 I native-activity: Frame 344 time is 12.053ms
04-11 02:55:25.655 26108 26128 I native-activity: Doing egl_swapbuffers_sync 2
04-11 02:55:25.687 26108 26128 I native-activity: Swap 344 time is 43.963ms
04-11 02:55:25.688 26108 26128 I native-activity: Animating
04-11 02:55:25.700 26108 26128 I native-activity: Frame 345 GL error is 0x0
04-11 02:55:25.700 26108 26128 I native-activity: Frame 345 time is 12.501ms
04-11 02:55:25.700 26108 26128 I native-activity: Doing egl_swapbuffers_sync 2
04-11 02:55:25.732 26108 26128 I native-activity: Swap 345 time is 44.125ms
04-11 02:55:25.732 26108 26128 I native-activity: Animating
04-11 02:55:25.745 26108 26128 I native-activity: Frame 346 GL error is 0x0
04-11 02:55:25.745 26108 26128 I native-activity: Frame 346 time is 12.785ms
04-11 02:55:25.745 26108 26128 I native-activity: Doing egl_swapbuffers_sync 2
04-11 02:55:25.776 26108 26128 I native-activity: Swap 346 time is 44.182ms
04-11 02:55:25.776 26108 26128 I native-activity: Animating
04-11 02:55:25.791 26108 26128 I native-activity: Frame 347 GL error is 0x0
04-11 02:55:25.791 26108 26128 I native-activity: Frame 347 time is 14.459ms
04-11 02:55:25.791 26108 26128 I native-activity: Doing egl_swapbuffers_sync 2
04-11 02:55:25.820 26108 26128 I native-activity: Swap 347 time is 43.892ms
04-11 02:55:25.820 26108 26128 I native-activity: Animating
04-11 02:55:25.834 26108 26128 I native-activity: Frame 348 GL error is 0x0
04-11 02:55:25.835 26108 26128 I native-activity: Frame 348 time is 14.180ms
04-11 02:55:25.835 26108 26128 I native-activity: Doing egl_swapbuffers_sync 2
04-11 02:55:25.864 26108 26128 I native-activity: Swap 348 time is 43.862ms
04-11 02:55:25.864 26108 26128 I native-activity: Animating
04-11 02:55:25.879 26108 26128 I native-activity: Frame 349 GL error is 0x0
04-11 02:55:25.879 26108 26128 I native-activity: Frame 349 time is 14.331ms
04-11 02:55:25.879 26108 26128 I native-activity: Doing egl_swapbuffers_sync 2
04-11 02:55:25.908 26108 26128 I native-activity: Swap 349 time is 43.718ms
04-11 02:55:25.908 26108 26128 I native-activity: Animating
04-11 02:55:25.923 26108 26128 I native-activity: Frame 350 GL error is 0x0
04-11 02:55:25.923 26108 26128 I native-activity: Frame 350 time is 14.807ms
04-11 02:55:25.923 26108 26128 I native-activity: Doing egl_swapbuffers_sync 2
04-11 02:55:25.952 26108 26128 I native-activity: Swap 350 time is 43.894ms
04-11 02:55:25.953 26108 26128 I native-activity: Animating
04-11 02:55:25.967 26108 26128 I native-activity: Frame 351 GL error is 0x0
04-11 02:55:25.967 26108 26128 I native-activity: Frame 351 time is 14.664ms
04-11 02:55:25.967 26108 26128 I native-activity: Doing egl_swapbuffers_sync 2
04-11 02:55:25.996 26108 26128 I native-activity: Swap 351 time is 43.820ms
04-11 02:55:25.997 26108 26128 I native-activity: Animating
04-11 02:55:26.011 26108 26128 I native-activity: Frame 352 GL error is 0x0
04-11 02:55:26.011 26108 26128 I native-activity: Frame 352 time is 14.203ms
04-11 02:55:26.011 26108 26128 I native-activity: Doing egl_swapbuffers_sync 2
04-11 02:55:26.041 26108 26128 I native-activity: Swap 352 time is 43.963ms
04-11 02:55:26.041 26108 26128 I native-activity: Animating
04-11 02:55:26.055 26108 26128 I native-activity: Frame 353 GL error is 0x0
04-11 02:55:26.055 26108 26128 I native-activity: Frame 353 time is 13.977ms
04-11 02:55:26.055 26108 26128 I native-activity: Doing egl_swapbuffers_sync 2
04-11 02:55:26.084 26108 26128 I native-activity: Swap 353 time is 43.679ms
04-11 02:55:26.085 26108 26128 I native-activity: Animating
04-11 02:55:26.099 26108 26128 I native-activity: Frame 354 GL error is 0x0
04-11 02:55:26.099 26108 26128 I native-activity: Frame 354 time is 14.545ms
04-11 02:55:26.099 26108 26128 I native-activity: Doing egl_swapbuffers_sync 2
04-11 02:55:26.129 26108 26128 I native-activity: Swap 354 time is 44.362ms
04-11 02:55:26.131 26108 26128 I native-activity: Animating
04-11 02:55:26.157 26108 26128 I native-activity: Frame 355 GL error is 0x0
04-11 02:55:26.157 26108 26128 I native-activity: Frame 355 time is 25.703ms
04-11 02:55:26.158 26108 26128 I native-activity: Doing egl_swapbuffers_sync 2
04-11 02:55:26.156    93    93 I Kernel  : [310565.768639] (3)[93:irq/258-inv_irq]inv_mpu_iio: inv_read_fifo: Received Sensor Interrupt to read FIFO and Fifo_count is 6
04-11 02:55:26.173 26108 26128 I native-activity: Swap 355 time is 41.279ms
04-11 02:55:26.174 26108 26128 I native-activity: Animating
04-11 02:55:26.185 26108 26128 I native-activity: Frame 356 GL error is 0x0
04-11 02:55:26.185 26108 26128 I native-activity: Frame 356 time is 10.493ms
04-11 02:55:26.185 26108 26128 I native-activity: Doing egl_swapbuffers_sync 2
04-11 02:55:26.217 26108 26128 I native-activity: Swap 356 time is 42.606ms
04-11 02:55:26.218 26108 26128 I native-activity: Animating
04-11 02:55:26.229 26108 26128 I native-activity: Frame 357 GL error is 0x0
04-11 02:55:26.229 26108 26128 I native-activity: Frame 357 time is 10.977ms
04-11 02:55:26.229 26108 26128 I native-activity: Doing egl_swapbuffers_sync 2
04-11 02:55:26.262 26108 26128 I native-activity: Swap 357 time is 43.978ms
04-11 02:55:26.262 26108 26128 I native-activity: Animating
04-11 02:55:26.276 26108 26128 I native-activity: Frame 358 GL error is 0x0
04-11 02:55:26.276 26108 26128 I native-activity: Frame 358 time is 14.713ms
04-11 02:55:26.277 26108 26128 I native-activity: Doing egl_swapbuffers_sync 2
04-11 02:55:26.306 26108 26128 I native-activity: Swap 358 time is 44.161ms
04-11 02:55:26.306 26108 26128 I native-activity: Animating
04-11 02:55:26.296   169   169 I Kernel  : [310565.909875] (1)[169:healthd]healthd: battery l=23 v=3594 t=26.0 h=2 st=2 chg=u
04-11 02:55:26.330 26108 26128 I native-activity: Frame 359 GL error is 0x0
04-11 02:55:26.330 26108 26128 I native-activity: Frame 359 time is 24.207ms
04-11 02:55:26.330 26108 26128 I native-activity: Doing egl_swapbuffers_sync 2
04-11 02:55:26.350 26108 26128 I native-activity: Swap 359 time is 44.265ms
04-11 02:55:26.351 26108 26128 I native-activity: Animating
04-11 02:55:26.367 26108 26128 I native-activity: Frame 360 GL error is 0x0
04-11 02:55:26.367 26108 26128 I native-activity: Frame 360 time is 16.111ms
04-11 02:55:26.367 26108 26128 I native-activity: Doing egl_swapbuffers_sync 2
04-11 02:55:26.395 26108 26128 I native-activity: Swap 360 time is 43.906ms
04-11 02:55:26.395 26108 26128 I native-activity: Animating
04-11 02:55:26.412 26108 26128 I native-activity: Frame 361 GL error is 0x0
04-11 02:55:26.413 26108 26128 I native-activity: Frame 361 time is 17.702ms
04-11 02:55:26.413 26108 26128 I native-activity: Doing egl_swapbuffers_sync 2
04-11 02:55:26.439 26108 26128 I native-activity: Swap 361 time is 43.837ms
04-11 02:55:26.440 26108 26128 I native-activity: Animating
04-11 02:55:26.460 26108 26128 I native-activity: Frame 362 GL error is 0x0
04-11 02:55:26.460 26108 26128 I native-activity: Frame 362 time is 20.192ms
04-11 02:55:26.460 26108 26128 I native-activity: Doing egl_swapbuffers_sync 2
04-11 02:55:26.483 26108 26128 I native-activity: Swap 362 time is 42.888ms
04-11 02:55:26.483 26108 26128 I native-activity: Animating
04-11 02:55:26.494 26108 26128 I native-activity: Frame 363 GL error is 0x0
04-11 02:55:26.494 26108 26128 I native-activity: Frame 363 time is 10.823ms
04-11 02:55:26.494 26108 26128 I native-activity: Doing egl_swapbuffers_sync 2
04-11 02:55:26.527 26108 26128 I native-activity: Swap 363 time is 44.137ms
04-11 02:55:26.527 26108 26128 I native-activity: Animating
04-11 02:55:26.539 26108 26128 I native-activity: Frame 364 GL error is 0x0
04-11 02:55:26.540 26108 26128 I native-activity: Frame 364 time is 12.428ms
04-11 02:55:26.540 26108 26128 I native-activity: Doing egl_swapbuffers_sync 2
04-11 02:55:26.572 26108 26128 I native-activity: Swap 364 time is 44.216ms
04-11 02:55:26.572 26108 26128 I native-activity: Animating
04-11 02:55:26.588 26108 26128 I native-activity: Frame 365 GL error is 0x0
