--------- beginning of system
04-13 01:08:25.721   962  3494 D WifiService: acquireWifiLockLocked: WifiLock{com.amazon.dcp.framework.iuc.ConnectionEstablisherWithConnectivityEnforcement type=1 binder=android.os.BinderProxy@1b78d02f}
04-13 01:08:25.732   962   978 D ActivityManager: single user service: com.amazon.imp
04-13 01:08:25.735   962   978 D ActivityManager: app = com.amazon.imp, has single user service, setting process record.
--------- beginning of main
04-13 01:08:25.940 10325 10325 D AndroidRuntime: >>>>>> START com.android.internal.os.RuntimeInit uid 2000 <<<<<<
04-13 01:08:25.943 10325 10325 D AndroidRuntime: CheckJNI is OFF
04-13 01:08:25.944 10325 10325 I art     : Skinny Heap Starting Size = 2048KB
04-13 01:08:25.944 10325 10325 I art     : Skinny Heap Growth Limit = 20480KB
04-13 01:08:25.944 10325 10325 I art     : Skinny Heap Min Free = 128KB
04-13 01:08:25.944 10325 10325 I art     : Skinny Heap Max Free = 512KB
04-13 01:08:25.944 10325 10325 I art     : Skinny Heap Target Utilization = 0.9
04-13 01:08:26.023 10325 10325 I HAL     : loaded HAL id=memtrack path=/vendor/lib/hw/memtrack.mt8135.so hmi=0x0 handle=0x41da2694
04-13 01:08:26.033 10325 10325 I HAL     : loaded HAL id=perfboost path=/system/lib/hw/perfboost.mt8135.so hmi=0x0 handle=0x41da2934
--------- beginning of kernel
04-13 01:08:26.047   168   168 I Kernel  : [ 3424.640660] (2)[168:healthd]healthd: battery l=96 v=4127 t=24.0 h=2 st=2 chg=u
04-13 01:08:26.059 10325 10325 D AndroidRuntime: Calling main entry com.android.commands.am.Am
04-13 01:08:26.063 10325 10325 D ActivityManager: default service binder = android.os.BinderProxy@13cd9aaa
04-13 01:08:26.063 10325 10325 D ActivityManager: default service = android.app.ActivityManagerProxy@1d26d69b
04-13 01:08:26.069   962  1011 D WifiService: releaseWifiLockLocked: WifiLock{com.amazon.dcp.framework.iuc.ConnectionEstablisherWithConnectivityEnforcement type=1 binder=android.os.BinderProxy@1b78d02f}
04-13 01:08:26.072   962   978 I ActivityManager: START u0 {act=android.intent.action.MAIN cat=[android.intent.category.LAUNCHER] flg=0x10000000 cmp=com.example.sonicdash_stage1/android.app.NativeActivity (has extras)} from uid 2000 on display 0
04-13 01:08:26.074   962   978 W ActivityManager: Input dispatching paused for current ActivityRecord: ActivityRecord{2bcc404b u0 com.example.sonicdash_stage1/android.app.NativeActivity t637}
04-13 01:08:26.074   962   978 V WindowManager: addAppToken: AppWindowToken{2ec59341 token=Token{26906a28 ActivityRecord{2bcc404b u0 com.example.sonicdash_stage1/android.app.NativeActivity t637}}} to stack=1 task=637 at 0
04-13 01:08:26.077   962   978 D BatteryStatsExtension.VitalEmitterBatteryAndTime: VitalEmitterBatteryAndTime.start(-): not runnable
04-13 01:08:26.082 10325 10325 D AndroidRuntime: Shutting down VM
04-13 01:08:26.083 10325 10337 E IPCThreadState: talkWithDriver returned result (-9)
04-13 01:08:26.085 10325 10338 E IPCThreadState: talkWithDriver returned result (-9)
04-13 01:08:26.085   962   995 V WindowManager: Adding window Window{e9c9627 u0 Starting com.example.sonicdash_stage1} at 3 of 7 (after Window{2c097509 u0 com.android.settings/com.android.settings.DevelopmentSettings})
04-13 01:08:26.090   263   263 W art     : PreZygoteFork called when we already have a zygote space.
04-13 01:08:26.101 10339 10339 I art     : Late-enabling -Xcheck:jni
04-13 01:08:26.103   962  3494 I ActivityManager: Start proc 10339:com.example.sonicdash_stage1/u0a9 for activity com.example.sonicdash_stage1/android.app.NativeActivity
04-13 01:08:26.114 10339 10339 I art     : Turning on check_jni_no_abort for targetSdkVersion 9
--------- beginning of metrics
04-13 01:08:26.124   962  1016 I LoggerMetricsFactoryImpl: PhoneWindowManager:ActivityChanged:com.example.sonicdash_stage1=1.0;CT;1:NR
--------- beginning of vitals
04-13 01:08:26.125   962  1016 I Vlog    : ScreenTime:PackageScreenTime:fgtracking=false;DV;1,key=com.amazon.firelauncher;DV;1,Timer=4.0583333333333335E-4;TI;1,unit=hours;DV;1:HI
04-13 01:08:26.125   962  1016 I LoggerMetricsFactoryImpl: PhoneWindowManager:ScreenTime:endTimeMs=1.492070906125E12;TI;1,startTimeMs=1.492070904664E12;TI;1,com.amazon.firelauncher=1461.0;TI;1:NR
04-13 01:08:26.125   962  1016 I LoggerMetricsFactoryImpl: ScreenTime:updateLRUListLocked:page-type=KindleFramework;CK;1,hitType=deviceAction;CK;1,team-name=KindleFramework;CK;1,site_variant=KindleApplication;CK;1,page-action=fgEnd;CK;1,sub-page-type=com.amazon.firelauncher;CK;1,RequestId=0D45E95B0434C8B9FBD5;DV;1:NA
04-13 01:08:26.125   962  1016 I LoggerMetricsFactoryImpl: ScreenTime:updateLRUListLocked:page-type=KindleFramework;CK;1,hitType=deviceAction;CK;1,team-name=KindleFramework;CK;1,site_variant=KindleApplication;CK;1,page-action=fgStart;CK;1,sub-page-type=com.example.sonicdash_stage1;CK;1,RequestId=FF2DE9CC63C4AC6829D9;DV;1:NA
04-13 01:08:26.132 10339 10339 D ActivityManager: default service binder = android.os.BinderProxy@94a397f
04-13 01:08:26.132 10339 10339 D ActivityManager: default service = android.app.ActivityManagerProxy@9595d4c
04-13 01:08:26.144   962  1795 I PackageRecencyCallback: Queuing notifcation to package: ComponentInfo{com.amazon.kindle.cms/com.amazon.kindle.cms.MaintenanceService$PackageRecencyListener}
04-13 01:08:26.151 10339 10339 D VendorDisplayManagerGlobalCallback: callGetInstance: nil
04-13 01:08:26.183  1728  1728 I Vlog    : performance:SkippedVsyncsBucket2:fgtracking=false;DV;1,key=com.amazon.firelauncher;DV;1,Counter=1.0;CT;1,unit=count;DV;1:HI
04-13 01:08:26.183  1728  1728 I Vlog    : performance:SkippedVsyncsBucket3:fgtracking=false;DV;1,key=com.amazon.firelauncher;DV;1,Counter=1.0;CT;1,unit=count;DV;1:HI
04-13 01:08:26.183  1728  1728 I Vlog    : performance:FrameDropTotal:fgtracking=false;DV;1,key=com.amazon.firelauncher;DV;1,Counter=3.0;CT;1,unit=count;DV;1:HI
04-13 01:08:26.183  1728  1728 I Vlog    : performance:FramesTotal:fgtracking=false;DV;1,key=com.amazon.firelauncher;DV;1,Counter=37.0;CT;1,unit=count;DV;1:HI
04-13 01:08:26.183  1728  1728 I Vlog    : performance:DelayedFirstFrames:fgtracking=false;DV;1,key=com.amazon.firelauncher;DV;1,Counter=1.0;CT;1,unit=count;DV;1:HI
04-13 01:08:26.183  1728  1728 I Vlog    : performance:FirstFramesTotal:fgtracking=false;DV;1,key=com.amazon.firelauncher;DV;1,Counter=2.0;CT;1,unit=count;DV;1:HI
04-13 01:08:26.198 10339 10339 E VendorContextExt: Failed to register system service "com.amazon.client.metrics.AndroidMetricsFactoryImpl". The class was not found for the provided classloader.
04-13 01:08:26.207 10339 10339 D ProfileManager: Create ProfileManager instance
04-13 01:08:26.219 10339 10339 I FrameworkJumpTable: Successfully loaded all classes
04-13 01:08:26.231 10339 10339 I FrameworkJumpTable: Successfully loaded all methods
04-13 01:08:26.231 10339 10339 I FrameworkJumpTable: Successfully loaded all fields
04-13 01:08:26.256 10339 10339 V threaded_app: Creating: 0x42b920d8
04-13 01:08:26.256 10339 10357 V threaded_app: Config: mcc=0 mnc=0 lang=en cnt=US orien=2 touch=3 dens=213 keys=1 nav=1 keysHid=3 navHid=0 sdk=22 size=3 long=1 modetype=1 modenight=1
04-13 01:08:26.257 10339 10357 I native-activity: Starting android_main
04-13 01:08:26.257 10339 10357 I native-activity:   Activity 0x42b920d8
04-13 01:08:26.257 10339 10357 I native-activity:   VM 0x450ebb80
04-13 01:08:26.257 10339 10357 I native-activity:   JNIEnv 0x4527e3e8
04-13 01:08:26.257 10339 10357 D native-activity: Changing permissions for the internal storage at /data/data/com.example.sonicdash_stage1/files
04-13 01:08:26.257 10339 10357 I native-activity: Attaching entry point thread to JNIEnv
04-13 01:08:26.258 10339 10339 V threaded_app: Start: 0x42b920d8
04-13 01:08:26.258 10339 10357 I native-activity: Loading activity configuration
04-13 01:08:26.258 10339 10357 V native-activity: get_boolean_extra for *env 0x4214cd60 intent 0x100005 extra_name egl_swap_preserve_bit
04-13 01:08:26.258 10339 10357 V native-activity: get_boolean_extra for *env 0x4214cd60 intent 0x100005 extra_name egl_window_bit
04-13 01:08:26.258 10339 10357 V native-activity: get_boolean_extra for *env 0x4214cd60 intent 0x100005 extra_name egl_pbuffer_bit
04-13 01:08:26.259 10339 10357 V native-activity: get_boolean_extra for *env 0x4214cd60 intent 0x100005 extra_name gl_enable_dither
04-13 01:08:26.259 10339 10357 V native-activity: get_boolean_extra for *env 0x4214cd60 intent 0x100005 extra_name gl_disable_dither
04-13 01:08:26.259 10339 10357 V native-activity: get_boolean_extra for *env 0x4214cd60 intent 0x100005 extra_name gl_log_context
04-13 01:08:26.259 10339 10357 V native-activity: get_boolean_extra for *env 0x4214cd60 intent 0x100005 extra_name stop_motion
04-13 01:08:26.259 10339 10357 V native-activity: get_boolean_extra for *env 0x4214cd60 intent 0x100005 extra_name capture_compressed
04-13 01:08:26.259 10339 10357 I native-activity: EGL configuration
04-13 01:08:26.259 10339 10357 I native-activity: 	egl_swap_preserve_bit: 0
04-13 01:08:26.259 10339 10357 I native-activity: 	egl_window_bit: 1
04-13 01:08:26.259 10339 10357 I native-activity: 	egl_pbuffer_bit: 1
04-13 01:08:26.259 10339 10357 I native-activity: 	egl_width: 720
04-13 01:08:26.259 10339 10357 I native-activity: 	egl_height: 1280
04-13 01:08:26.259 10339 10357 I native-activity: 	egl_red_size: 8
04-13 01:08:26.259 10339 10357 I native-activity: 	egl_green_size: 8
04-13 01:08:26.259 10339 10357 I native-activity: 	egl_blue_size: 8
04-13 01:08:26.259 10339 10357 I native-activity: 	egl_alpha_size: 8
04-13 01:08:26.259 10339 10357 I native-activity: 	egl_depth_size: 16
04-13 01:08:26.259 10339 10357 I native-activity: 	egl_stencil_size: -1
04-13 01:08:26.259 10339 10357 I native-activity: 	egl_swapbuffers_sync: 0
04-13 01:08:26.259 10339 10357 I native-activity: GL configuration
04-13 01:08:26.259 10339 10357 I native-activity: 	gl_enable_dither: 0
04-13 01:08:26.259 10339 10357 I native-activity: 	gl_disable_dither: 0
04-13 01:08:26.259 10339 10357 I native-activity: 	gl_get_error: 1
04-13 01:08:26.259 10339 10357 I native-activity: 	gl_log_context: 1
04-13 01:08:26.259 10339 10357 I native-activity: Runtime configuration
04-13 01:08:26.259 10339 10357 I native-activity: 	draw_limit:        0
04-13 01:08:26.259 10339 10357 I native-activity: 	frame_limit:       0
04-13 01:08:26.259 10339 10357 I native-activity: 	stop_motion:       0
04-13 01:08:26.259 10339 10357 I native-activity: 	capture_frequency: 0
04-13 01:08:26.259 10339 10357 I native-activity: 	capture_compressed: 1
04-13 01:08:26.261 10339 10357 V threaded_app: activityState=10
04-13 01:08:26.262 10339 10339 V threaded_app: Resume: 0x42b920d8
04-13 01:08:26.262 10339 10357 V threaded_app: activityState=11
04-13 01:08:26.266  1646  1646 I Vlog    : PfxPrecog:WarmvCold:fgtracking=false;DV;1,key=cold;DV;1,Counter=1.000000;CT;1,unit=null;DV;1,metadata=mode:active;DV;1:HI
04-13 01:08:26.267  1646  1646 I Vlog    : PfxPrecog:WarmvCold:fgtracking=false;DV;1,key=cold;DV;1,Counter=1.000000;CT;1,unit=null;DV;1,metadata=pkg:com.example.sonicdash_stage1;DV;1:HI
04-13 01:08:26.278   962   978 V WindowManager: Adding window Window{3ec4231f u0 com.example.sonicdash_stage1/android.app.NativeActivity} at 3 of 8 (before Window{e9c9627 u0 Starting com.example.sonicdash_stage1})
04-13 01:08:26.279 10339 10339 V threaded_app: InputQueueCreated: 0x42b920d8 -- 0x42b9bee8
04-13 01:08:26.279 10339 10357 V threaded_app: APP_CMD_INPUT_CHANGED
04-13 01:08:26.279 10339 10357 V threaded_app: Attaching input queue to looper
04-13 01:08:26.309 10339 10339 V threaded_app: NativeWindowCreated: 0x42b920d8 -- 0x5367a010
04-13 01:08:26.309 10339 10357 V threaded_app: APP_CMD_INIT_WINDOW
04-13 01:08:26.312 10339 10339 V threaded_app: WindowFocusChanged: 0x42b920d8 -- 1
04-13 01:08:26.317 10339 10357 I HAL     : loaded HAL id=hwcomposer path=/system/lib/hw/hwcomposer.mt8135.so hmi=0x0 handle=0x42ba1004
04-13 01:08:26.318 10339 10357 I HAL     : loaded HAL id=gralloc path=/vendor/lib/hw/gralloc.mt8135.so hmi=0x0 handle=0x4c246e74
04-13 01:08:26.325   962   995 I Vlog    : Fluidity:cold_launch_time:fgtracking=false;DV;1,key=com.example.sonicdash_stage1/android.app.NativeActivity;DV;1,Timer=243.0;TI;1,unit=ms;DV;1:HI
04-13 01:08:26.325   962   995 I ActivityManager: Displayed com.example.sonicdash_stage1/android.app.NativeActivity: +243ms
04-13 01:08:26.327   962  1016 I LoggerMetricsFactoryImpl: PhoneWindowManager:ActivityChanged:com.example.sonicdash_stage1=1.0;CT;1:NR
04-13 01:08:26.333 10339 10357 I native-activity: EGL information on display 0x1
04-13 01:08:26.333 10339 10357 I native-activity: 		EGL_VENDOR: Android
04-13 01:08:26.333 10339 10357 I native-activity: 		EGL_VERSION: 1.4 Android META-EGL
04-13 01:08:26.333 10339 10357 I native-activity: 		EGL_CLIENT_APIS: OpenGL_ES
04-13 01:08:26.333 10339 10357 I native-activity: 		EGL_EXTENSIONS: EGL_KHR_get_all_proc_addresses EGL_ANDROID_presentation_time EGL_KHR_image EGL_KHR_image_base EGL_KHR_gl_texture_2D_image EGL_KHR_gl_texture_cubemap_image EGL_KHR_gl_renderbuffer_image EGL_KHR_fence_sync EGL_KHR_create_context EGL_EXT_create_context_robustness EGL_ANDROID_image_native_buffer EGL_KHR_wait_sync EGL_ANDROID_recordable 
04-13 01:08:26.333 10339 10357 D native-activity: EGL configurations 44
04-13 01:08:26.333 10339 10357 D native-activity: 	Config 0x1 index 0
04-13 01:08:26.333 10339 10357 V native-activity: 		EGL_CONFIG_ID: 1
04-13 01:08:26.333 10339 10357 V native-activity: 		EGL_CONFORMANT: 1 EGL_OPENGL_ES_BIT,
04-13 01:08:26.333 10339 10357 V native-activity: 		EGL_CONFIG_CAVEAT: 12344 EGL_NONE,
04-13 01:08:26.333 10339 10357 V native-activity: 		EGL_RENDERABLE_TYPE: 1 EGL_OPENGL_ES_BIT,
04-13 01:08:26.333 10339 10357 V native-activity: 		EGL_SURFACE_TYPE: 5 EGL_PBUFFER_BIT, EGL_WINDOW_BIT,
04-13 01:08:26.333 10339 10357 V native-activity: 		EGL_LEVEL: 0
04-13 01:08:26.333 10339 10357 V native-activity: 		EGL_COLOR_BUFFER_TYPE: 12430 EGL_RGB_BUFFER,
04-13 01:08:26.333 10339 10357 V native-activity: 		EGL_BUFFER_SIZE: 32
04-13 01:08:26.333 10339 10357 V native-activity: 		EGL_SAMPLES: 0
04-13 01:08:26.333 10339 10357 V native-activity: 		EGL_SAMPLE_BUFFERS: 0
04-13 01:08:26.333 10339 10357 V native-activity: 		EGL_RED_SIZE: 8
04-13 01:08:26.333 10339 10357 V native-activity: 		EGL_GREEN_SIZE: 8
04-13 01:08:26.333 10339 10357 V native-activity: 		EGL_BLUE_SIZE: 8
04-13 01:08:26.333 10339 10357 V native-activity: 		EGL_ALPHA_SIZE: 8
04-13 01:08:26.333 10339 10357 V native-activity: 		EGL_ALPHA_MASK_SIZE: 0
04-13 01:08:26.333 10339 10357 V native-activity: 		EGL_LUMINANCE_SIZE: 0
04-13 01:08:26.333 10339 10357 V native-activity: 		EGL_TRANSPARENT_TYPE: 12344 EGL_NONE,
04-13 01:08:26.333 10339 10357 V native-activity: 		EGL_TRANSPARENT_RED_VALUE: 0
04-13 01:08:26.333 10339 10357 V native-activity: 		EGL_TRANSPARENT_GREEN_VALUE: 0
04-13 01:08:26.333 10339 10357 V native-activity: 		EGL_TRANSPARENT_BLUE_VALUE: 0
04-13 01:08:26.333 10339 10357 V native-activity: 		EGL_STENCIL_SIZE: 8
04-13 01:08:26.333 10339 10357 V native-activity: 		EGL_DEPTH_SIZE: 24
04-13 01:08:26.333 10339 10357 V native-activity: 		EGL_BIND_TO_TEXTURE_RGB: 1
04-13 01:08:26.333 10339 10357 V native-activity: 		EGL_BIND_TO_TEXTURE_RGBA: 1
04-13 01:08:26.333 10339 10357 V native-activity: 		EGL_MIN_SWAP_INTERVAL: 0
04-13 01:08:26.333 10339 10357 V native-activity: 		EGL_MAX_SWAP_INTERVAL: 5
04-13 01:08:26.333 10339 10357 V native-activity: 		EGL_MAX_PBUFFER_WIDTH: 4096
04-13 01:08:26.333 10339 10357 V native-activity: 		EGL_MAX_PBUFFER_HEIGHT: 4096
04-13 01:08:26.333 10339 10357 D native-activity: 	Config 0x2 index 1
04-13 01:08:26.333 10339 10357 V native-activity: 		EGL_CONFIG_ID: 2
04-13 01:08:26.333 10339 10357 V native-activity: 		EGL_CONFORMANT: 1 EGL_OPENGL_ES_BIT,
04-13 01:08:26.333 10339 10357 V native-activity: 		EGL_CONFIG_CAVEAT: 12344 EGL_NONE,
04-13 01:08:26.333 10339 10357 V native-activity: 		EGL_RENDERABLE_TYPE: 1 EGL_OPENGL_ES_BIT,
04-13 01:08:26.333 10339 10357 V native-activity: 		EGL_SURFACE_TYPE: 5 EGL_PBUFFER_BIT, EGL_WINDOW_BIT,
04-13 01:08:26.333 10339 10357 V native-activity: 		EGL_LEVEL: 0
04-13 01:08:26.333 10339 10357 V native-activity: 		EGL_COLOR_BUFFER_TYPE: 12430 EGL_RGB_BUFFER,
04-13 01:08:26.333 10339 10357 V native-activity: 		EGL_BUFFER_SIZE: 32
04-13 01:08:26.333 10339 10357 V native-activity: 		EGL_SAMPLES: 0
04-13 01:08:26.333 10339 10357 V native-activity: 		EGL_SAMPLE_BUFFERS: 0
04-13 01:08:26.333 10339 10357 V native-activity: 		EGL_RED_SIZE: 8
04-13 01:08:26.333 10339 10357 V native-activity: 		EGL_GREEN_SIZE: 8
04-13 01:08:26.334 10339 10357 V native-activity: 		EGL_BLUE_SIZE: 8
04-13 01:08:26.334 10339 10357 V native-activity: 		EGL_ALPHA_SIZE: 8
04-13 01:08:26.334 10339 10357 V native-activity: 		EGL_ALPHA_MASK_SIZE: 0
04-13 01:08:26.334 10339 10357 V native-activity: 		EGL_LUMINANCE_SIZE: 0
04-13 01:08:26.334 10339 10357 V native-activity: 		EGL_TRANSPARENT_TYPE: 12344 EGL_NONE,
04-13 01:08:26.334 10339 10357 V native-activity: 		EGL_TRANSPARENT_RED_VALUE: 0
04-13 01:08:26.334 10339 10357 V native-activity: 		EGL_TRANSPARENT_GREEN_VALUE: 0
04-13 01:08:26.334 10339 10357 V native-activity: 		EGL_TRANSPARENT_BLUE_VALUE: 0
04-13 01:08:26.334 10339 10357 V native-activity: 		EGL_STENCIL_SIZE: 0
04-13 01:08:26.334 10339 10357 V native-activity: 		EGL_DEPTH_SIZE: 0
04-13 01:08:26.334 10339 10357 V native-activity: 		EGL_BIND_TO_TEXTURE_RGB: 1
04-13 01:08:26.334 10339 10357 V native-activity: 		EGL_BIND_TO_TEXTURE_RGBA: 1
04-13 01:08:26.334 10339 10357 V native-activity: 		EGL_MIN_SWAP_INTERVAL: 0
04-13 01:08:26.334 10339 10357 V native-activity: 		EGL_MAX_SWAP_INTERVAL: 5
04-13 01:08:26.334 10339 10357 V native-activity: 		EGL_MAX_PBUFFER_WIDTH: 4096
04-13 01:08:26.334 10339 10357 V native-activity: 		EGL_MAX_PBUFFER_HEIGHT: 4096
04-13 01:08:26.334 10339 10357 D native-activity: 	Config 0x3 index 2
04-13 01:08:26.334 10339 10357 V native-activity: 		EGL_CONFIG_ID: 3
04-13 01:08:26.334 10339 10357 V native-activity: 		EGL_CONFORMANT: 1 EGL_OPENGL_ES_BIT,
04-13 01:08:26.334 10339 10357 V native-activity: 		EGL_CONFIG_CAVEAT: 12344 EGL_NONE,
04-13 01:08:26.334 10339 10357 V native-activity: 		EGL_RENDERABLE_TYPE: 1 EGL_OPENGL_ES_BIT,
04-13 01:08:26.334 10339 10357 V native-activity: 		EGL_SURFACE_TYPE: 5 EGL_PBUFFER_BIT, EGL_WINDOW_BIT,
04-13 01:08:26.334 10339 10357 V native-activity: 		EGL_LEVEL: 0
04-13 01:08:26.334 10339 10357 V native-activity: 		EGL_COLOR_BUFFER_TYPE: 12430 EGL_RGB_BUFFER,
04-13 01:08:26.334 10339 10357 V native-activity: 		EGL_BUFFER_SIZE: 32
04-13 01:08:26.334 10339 10357 V native-activity: 		EGL_SAMPLES: 4
04-13 01:08:26.334 10339 10357 V native-activity: 		EGL_SAMPLE_BUFFERS: 1
04-13 01:08:26.334 10339 10357 V native-activity: 		EGL_RED_SIZE: 8
04-13 01:08:26.334 10339 10357 V native-activity: 		EGL_GREEN_SIZE: 8
04-13 01:08:26.334 10339 10357 V native-activity: 		EGL_BLUE_SIZE: 8
04-13 01:08:26.334 10339 10357 V native-activity: 		EGL_ALPHA_SIZE: 8
04-13 01:08:26.334 10339 10357 V native-activity: 		EGL_ALPHA_MASK_SIZE: 0
04-13 01:08:26.334 10339 10357 V native-activity: 		EGL_LUMINANCE_SIZE: 0
04-13 01:08:26.334 10339 10357 V native-activity: 		EGL_TRANSPARENT_TYPE: 12344 EGL_NONE,
04-13 01:08:26.334 10339 10357 V native-activity: 		EGL_TRANSPARENT_RED_VALUE: 0
04-13 01:08:26.334 10339 10357 V native-activity: 		EGL_TRANSPARENT_GREEN_VALUE: 0
04-13 01:08:26.334 10339 10357 V native-activity: 		EGL_TRANSPARENT_BLUE_VALUE: 0
04-13 01:08:26.334 10339 10357 V native-activity: 		EGL_STENCIL_SIZE: 8
04-13 01:08:26.334 10339 10357 V native-activity: 		EGL_DEPTH_SIZE: 24
04-13 01:08:26.334 10339 10357 V native-activity: 		EGL_BIND_TO_TEXTURE_RGB: 1
04-13 01:08:26.334 10339 10357 V native-activity: 		EGL_BIND_TO_TEXTURE_RGBA: 1
04-13 01:08:26.334 10339 10357 V native-activity: 		EGL_MIN_SWAP_INTERVAL: 0
04-13 01:08:26.334 10339 10357 V native-activity: 		EGL_MAX_SWAP_INTERVAL: 5
04-13 01:08:26.334 10339 10357 V native-activity: 		EGL_MAX_PBUFFER_WIDTH: 4096
04-13 01:08:26.334 10339 10357 V native-activity: 		EGL_MAX_PBUFFER_HEIGHT: 4096
04-13 01:08:26.334 10339 10357 D native-activity: 	Config 0x4 index 3
04-13 01:08:26.334 10339 10357 V native-activity: 		EGL_CONFIG_ID: 4
04-13 01:08:26.334 10339 10357 V native-activity: 		EGL_CONFORMANT: 1 EGL_OPENGL_ES_BIT,
04-13 01:08:26.334 10339 10357 V native-activity: 		EGL_CONFIG_CAVEAT: 12344 EGL_NONE,
04-13 01:08:26.334 10339 10357 V native-activity: 		EGL_RENDERABLE_TYPE: 1 EGL_OPENGL_ES_BIT,
04-13 01:08:26.334 10339 10357 V native-activity: 		EGL_SURFACE_TYPE: 5 EGL_PBUFFER_BIT, EGL_WINDOW_BIT,
04-13 01:08:26.334 10339 10357 V native-activity: 		EGL_LEVEL: 0
04-13 01:08:26.334 10339 10357 V native-activity: 		EGL_COLOR_BUFFER_TYPE: 12430 EGL_RGB_BUFFER,
04-13 01:08:26.335 10339 10357 V native-activity: 		EGL_BUFFER_SIZE: 32
04-13 01:08:26.335 10339 10357 V native-activity: 		EGL_SAMPLES: 0
04-13 01:08:26.335 10339 10357 V native-activity: 		EGL_SAMPLE_BUFFERS: 0
04-13 01:08:26.335 10339 10357 V native-activity: 		EGL_RED_SIZE: 8
04-13 01:08:26.335 10339 10357 V native-activity: 		EGL_GREEN_SIZE: 8
04-13 01:08:26.335 10339 10357 V native-activity: 		EGL_BLUE_SIZE: 8
04-13 01:08:26.335 10339 10357 V native-activity: 		EGL_ALPHA_SIZE: 0
04-13 01:08:26.335 10339 10357 V native-activity: 		EGL_ALPHA_MASK_SIZE: 0
04-13 01:08:26.335 10339 10357 V native-activity: 		EGL_LUMINANCE_SIZE: 0
04-13 01:08:26.335 10339 10357 V native-activity: 		EGL_TRANSPARENT_TYPE: 12344 EGL_NONE,
04-13 01:08:26.335 10339 10357 V native-activity: 		EGL_TRANSPARENT_RED_VALUE: 0
04-13 01:08:26.335 10339 10357 V native-activity: 		EGL_TRANSPARENT_GREEN_VALUE: 0
04-13 01:08:26.335 10339 10357 V native-activity: 		EGL_TRANSPARENT_BLUE_VALUE: 0
04-13 01:08:26.335 10339 10357 V native-activity: 		EGL_STENCIL_SIZE: 8
04-13 01:08:26.335 10339 10357 V native-activity: 		EGL_DEPTH_SIZE: 24
04-13 01:08:26.335 10339 10357 V native-activity: 		EGL_BIND_TO_TEXTURE_RGB: 1
04-13 01:08:26.335 10339 10357 V native-activity: 		EGL_BIND_TO_TEXTURE_RGBA: 0
04-13 01:08:26.335 10339 10357 V native-activity: 		EGL_MIN_SWAP_INTERVAL: 0
04-13 01:08:26.335 10339 10357 V native-activity: 		EGL_MAX_SWAP_INTERVAL: 5
04-13 01:08:26.335 10339 10357 V native-activity: 		EGL_MAX_PBUFFER_WIDTH: 4096
04-13 01:08:26.335 10339 10357 V native-activity: 		EGL_MAX_PBUFFER_HEIGHT: 4096
04-13 01:08:26.335 10339 10357 D native-activity: 	Config 0x5 index 4
04-13 01:08:26.335 10339 10357 V native-activity: 		EGL_CONFIG_ID: 5
04-13 01:08:26.335 10339 10357 V native-activity: 		EGL_CONFORMANT: 1 EGL_OPENGL_ES_BIT,
04-13 01:08:26.335 10339 10357 V native-activity: 		EGL_CONFIG_CAVEAT: 12344 EGL_NONE,
04-13 01:08:26.335 10339 10357 V native-activity: 		EGL_RENDERABLE_TYPE: 1 EGL_OPENGL_ES_BIT,
04-13 01:08:26.335 10339 10357 V native-activity: 		EGL_SURFACE_TYPE: 5 EGL_PBUFFER_BIT, EGL_WINDOW_BIT,
04-13 01:08:26.335 10339 10357 V native-activity: 		EGL_LEVEL: 0
04-13 01:08:26.335 10339 10357 V native-activity: 		EGL_COLOR_BUFFER_TYPE: 12430 EGL_RGB_BUFFER,
04-13 01:08:26.335 10339 10357 V native-activity: 		EGL_BUFFER_SIZE: 32
04-13 01:08:26.335 10339 10357 V native-activity: 		EGL_SAMPLES: 0
04-13 01:08:26.335 10339 10357 V native-activity: 		EGL_SAMPLE_BUFFERS: 0
04-13 01:08:26.335 10339 10357 V native-activity: 		EGL_RED_SIZE: 8
04-13 01:08:26.335 10339 10357 V native-activity: 		EGL_GREEN_SIZE: 8
04-13 01:08:26.335 10339 10357 V native-activity: 		EGL_BLUE_SIZE: 8
04-13 01:08:26.335 10339 10357 V native-activity: 		EGL_ALPHA_SIZE: 0
04-13 01:08:26.335 10339 10357 V native-activity: 		EGL_ALPHA_MASK_SIZE: 0
04-13 01:08:26.335 10339 10357 V native-activity: 		EGL_LUMINANCE_SIZE: 0
04-13 01:08:26.335 10339 10357 V native-activity: 		EGL_TRANSPARENT_TYPE: 12344 EGL_NONE,
04-13 01:08:26.335 10339 10357 V native-activity: 		EGL_TRANSPARENT_RED_VALUE: 0
04-13 01:08:26.335 10339 10357 V native-activity: 		EGL_TRANSPARENT_GREEN_VALUE: 0
04-13 01:08:26.335 10339 10357 V native-activity: 		EGL_TRANSPARENT_BLUE_VALUE: 0
04-13 01:08:26.335 10339 10357 V native-activity: 		EGL_STENCIL_SIZE: 0
04-13 01:08:26.335 10339 10357 V native-activity: 		EGL_DEPTH_SIZE: 0
04-13 01:08:26.335 10339 10357 V native-activity: 		EGL_BIND_TO_TEXTURE_RGB: 1
04-13 01:08:26.335 10339 10357 V native-activity: 		EGL_BIND_TO_TEXTURE_RGBA: 0
04-13 01:08:26.335 10339 10357 V native-activity: 		EGL_MIN_SWAP_INTERVAL: 0
04-13 01:08:26.335 10339 10357 V native-activity: 		EGL_MAX_SWAP_INTERVAL: 5
04-13 01:08:26.335 10339 10357 V native-activity: 		EGL_MAX_PBUFFER_WIDTH: 4096
04-13 01:08:26.335 10339 10357 V native-activity: 		EGL_MAX_PBUFFER_HEIGHT: 4096
04-13 01:08:26.335 10339 10357 D native-activity: 	Config 0x6 index 5
04-13 01:08:26.335 10339 10357 V native-activity: 		EGL_CONFIG_ID: 6
04-13 01:08:26.335 10339 10357 V native-activity: 		EGL_CONFORMANT: 1 EGL_OPENGL_ES_BIT,
04-13 01:08:26.336 10339 10357 V native-activity: 		EGL_CONFIG_CAVEAT: 12344 EGL_NONE,
04-13 01:08:26.336 10339 10357 V native-activity: 		EGL_RENDERABLE_TYPE: 1 EGL_OPENGL_ES_BIT,
04-13 01:08:26.336 10339 10357 V native-activity: 		EGL_SURFACE_TYPE: 5 EGL_PBUFFER_BIT, EGL_WINDOW_BIT,
04-13 01:08:26.336 10339 10357 V native-activity: 		EGL_LEVEL: 0
04-13 01:08:26.336 10339 10357 V native-activity: 		EGL_COLOR_BUFFER_TYPE: 12430 EGL_RGB_BUFFER,
04-13 01:08:26.336 10339 10357 V native-activity: 		EGL_BUFFER_SIZE: 32
04-13 01:08:26.336 10339 10357 V native-activity: 		EGL_SAMPLES: 4
04-13 01:08:26.336 10339 10357 V native-activity: 		EGL_SAMPLE_BUFFERS: 1
04-13 01:08:26.336 10339 10357 V native-activity: 		EGL_RED_SIZE: 8
04-13 01:08:26.338 10339 10357 V native-activity: 		EGL_GREEN_SIZE: 8
04-13 01:08:26.338 10339 10357 V native-activity: 		EGL_BLUE_SIZE: 8
04-13 01:08:26.338 10339 10357 V native-activity: 		EGL_ALPHA_SIZE: 0
04-13 01:08:26.338 10339 10357 V native-activity: 		EGL_ALPHA_MASK_SIZE: 0
04-13 01:08:26.338 10339 10357 V native-activity: 		EGL_LUMINANCE_SIZE: 0
04-13 01:08:26.338 10339 10357 V native-activity: 		EGL_TRANSPARENT_TYPE: 12344 EGL_NONE,
04-13 01:08:26.338 10339 10357 V native-activity: 		EGL_TRANSPARENT_RED_VALUE: 0
04-13 01:08:26.338 10339 10357 V native-activity: 		EGL_TRANSPARENT_GREEN_VALUE: 0
04-13 01:08:26.338 10339 10357 V native-activity: 		EGL_TRANSPARENT_BLUE_VALUE: 0
04-13 01:08:26.338 10339 10357 V native-activity: 		EGL_STENCIL_SIZE: 8
04-13 01:08:26.338 10339 10357 V native-activity: 		EGL_DEPTH_SIZE: 24
04-13 01:08:26.338 10339 10357 V native-activity: 		EGL_BIND_TO_TEXTURE_RGB: 1
04-13 01:08:26.338 10339 10357 V native-activity: 		EGL_BIND_TO_TEXTURE_RGBA: 0
04-13 01:08:26.338 10339 10357 V native-activity: 		EGL_MIN_SWAP_INTERVAL: 0
04-13 01:08:26.338 10339 10357 V native-activity: 		EGL_MAX_SWAP_INTERVAL: 5
04-13 01:08:26.338 10339 10357 V native-activity: 		EGL_MAX_PBUFFER_WIDTH: 4096
04-13 01:08:26.338 10339 10357 V native-activity: 		EGL_MAX_PBUFFER_HEIGHT: 4096
04-13 01:08:26.338 10339 10357 D native-activity: 	Config 0x7 index 6
04-13 01:08:26.338 10339 10357 V native-activity: 		EGL_CONFIG_ID: 7
04-13 01:08:26.338 10339 10357 V native-activity: 		EGL_CONFORMANT: 1 EGL_OPENGL_ES_BIT,
04-13 01:08:26.338 10339 10357 V native-activity: 		EGL_CONFIG_CAVEAT: 12344 EGL_NONE,
04-13 01:08:26.338 10339 10357 V native-activity: 		EGL_RENDERABLE_TYPE: 1 EGL_OPENGL_ES_BIT,
04-13 01:08:26.338 10339 10357 V native-activity: 		EGL_SURFACE_TYPE: 5 EGL_PBUFFER_BIT, EGL_WINDOW_BIT,
04-13 01:08:26.338 10339 10357 V native-activity: 		EGL_LEVEL: 0
04-13 01:08:26.338 10339 10357 V native-activity: 		EGL_COLOR_BUFFER_TYPE: 12430 EGL_RGB_BUFFER,
04-13 01:08:26.338 10339 10357 V native-activity: 		EGL_BUFFER_SIZE: 32
04-13 01:08:26.338 10339 10357 V native-activity: 		EGL_SAMPLES: 0
04-13 01:08:26.338 10339 10357 V native-activity: 		EGL_SAMPLE_BUFFERS: 0
04-13 01:08:26.338 10339 10357 V native-activity: 		EGL_RED_SIZE: 8
04-13 01:08:26.338 10339 10357 V native-activity: 		EGL_GREEN_SIZE: 8
04-13 01:08:26.338 10339 10357 V native-activity: 		EGL_BLUE_SIZE: 8
04-13 01:08:26.338 10339 10357 V native-activity: 		EGL_ALPHA_SIZE: 8
04-13 01:08:26.338 10339 10357 V native-activity: 		EGL_ALPHA_MASK_SIZE: 0
04-13 01:08:26.338 10339 10357 V native-activity: 		EGL_LUMINANCE_SIZE: 0
04-13 01:08:26.338 10339 10357 V native-activity: 		EGL_TRANSPARENT_TYPE: 12344 EGL_NONE,
04-13 01:08:26.338 10339 10357 V native-activity: 		EGL_TRANSPARENT_RED_VALUE: 0
04-13 01:08:26.338 10339 10357 V native-activity: 		EGL_TRANSPARENT_GREEN_VALUE: 0
04-13 01:08:26.338 10339 10357 V native-activity: 		EGL_TRANSPARENT_BLUE_VALUE: 0
04-13 01:08:26.339 10339 10357 V native-activity: 		EGL_STENCIL_SIZE: 8
04-13 01:08:26.339 10339 10357 V native-activity: 		EGL_DEPTH_SIZE: 24
04-13 01:08:26.339 10339 10357 V native-activity: 		EGL_BIND_TO_TEXTURE_RGB: 1
04-13 01:08:26.339 10339 10357 V native-activity: 		EGL_BIND_TO_TEXTURE_RGBA: 1
04-13 01:08:26.339 10339 10357 V native-activity: 		EGL_MIN_SWAP_INTERVAL: 0
04-13 01:08:26.339 10339 10357 V native-activity: 		EGL_MAX_SWAP_INTERVAL: 5
04-13 01:08:26.339 10339 10357 V native-activity: 		EGL_MAX_PBUFFER_WIDTH: 4096
04-13 01:08:26.339 10339 10357 V native-activity: 		EGL_MAX_PBUFFER_HEIGHT: 4096
04-13 01:08:26.339 10339 10357 D native-activity: 	Config 0x8 index 7
04-13 01:08:26.339 10339 10357 V native-activity: 		EGL_CONFIG_ID: 8
04-13 01:08:26.339 10339 10357 V native-activity: 		EGL_CONFORMANT: 1 EGL_OPENGL_ES_BIT,
04-13 01:08:26.339 10339 10357 V native-activity: 		EGL_CONFIG_CAVEAT: 12344 EGL_NONE,
04-13 01:08:26.339 10339 10357 V native-activity: 		EGL_RENDERABLE_TYPE: 1 EGL_OPENGL_ES_BIT,
04-13 01:08:26.339 10339 10357 V native-activity: 		EGL_SURFACE_TYPE: 5 EGL_PBUFFER_BIT, EGL_WINDOW_BIT,
04-13 01:08:26.339 10339 10357 V native-activity: 		EGL_LEVEL: 0
04-13 01:08:26.339 10339 10357 V native-activity: 		EGL_COLOR_BUFFER_TYPE: 12430 EGL_RGB_BUFFER,
04-13 01:08:26.339 10339 10357 V native-activity: 		EGL_BUFFER_SIZE: 32
04-13 01:08:26.339 10339 10357 V native-activity: 		EGL_SAMPLES: 0
04-13 01:08:26.339 10339 10357 V native-activity: 		EGL_SAMPLE_BUFFERS: 0
04-13 01:08:26.339 10339 10357 V native-activity: 		EGL_RED_SIZE: 8
04-13 01:08:26.339 10339 10357 V native-activity: 		EGL_GREEN_SIZE: 8
04-13 01:08:26.339 10339 10357 V native-activity: 		EGL_BLUE_SIZE: 8
04-13 01:08:26.339 10339 10357 V native-activity: 		EGL_ALPHA_SIZE: 8
04-13 01:08:26.339 10339 10357 V native-activity: 		EGL_ALPHA_MASK_SIZE: 0
04-13 01:08:26.339 10339 10357 V native-activity: 		EGL_LUMINANCE_SIZE: 0
04-13 01:08:26.339 10339 10357 V native-activity: 		EGL_TRANSPARENT_TYPE: 12344 EGL_NONE,
04-13 01:08:26.339 10339 10357 V native-activity: 		EGL_TRANSPARENT_RED_VALUE: 0
04-13 01:08:26.339 10339 10357 V native-activity: 		EGL_TRANSPARENT_GREEN_VALUE: 0
04-13 01:08:26.339 10339 10357 V native-activity: 		EGL_TRANSPARENT_BLUE_VALUE: 0
04-13 01:08:26.339 10339 10357 V native-activity: 		EGL_STENCIL_SIZE: 0
04-13 01:08:26.339 10339 10357 V native-activity: 		EGL_DEPTH_SIZE: 0
04-13 01:08:26.339 10339 10357 V native-activity: 		EGL_BIND_TO_TEXTURE_RGB: 1
04-13 01:08:26.339 10339 10357 V native-activity: 		EGL_BIND_TO_TEXTURE_RGBA: 1
04-13 01:08:26.339 10339 10357 V native-activity: 		EGL_MIN_SWAP_INTERVAL: 0
04-13 01:08:26.339 10339 10357 V native-activity: 		EGL_MAX_SWAP_INTERVAL: 5
04-13 01:08:26.339 10339 10357 V native-activity: 		EGL_MAX_PBUFFER_WIDTH: 4096
04-13 01:08:26.339 10339 10357 V native-activity: 		EGL_MAX_PBUFFER_HEIGHT: 4096
04-13 01:08:26.339 10339 10357 D native-activity: 	Config 0x9 index 8
04-13 01:08:26.339 10339 10357 V native-activity: 		EGL_CONFIG_ID: 9
04-13 01:08:26.339 10339 10357 V native-activity: 		EGL_CONFORMANT: 1 EGL_OPENGL_ES_BIT,
04-13 01:08:26.339 10339 10357 V native-activity: 		EGL_CONFIG_CAVEAT: 12344 EGL_NONE,
04-13 01:08:26.339 10339 10357 V native-activity: 		EGL_RENDERABLE_TYPE: 1 EGL_OPENGL_ES_BIT,
04-13 01:08:26.339 10339 10357 V native-activity: 		EGL_SURFACE_TYPE: 5 EGL_PBUFFER_BIT, EGL_WINDOW_BIT,
04-13 01:08:26.339 10339 10357 V native-activity: 		EGL_LEVEL: 0
04-13 01:08:26.339 10339 10357 V native-activity: 		EGL_COLOR_BUFFER_TYPE: 12430 EGL_RGB_BUFFER,
04-13 01:08:26.339 10339 10357 V native-activity: 		EGL_BUFFER_SIZE: 32
04-13 01:08:26.339 10339 10357 V native-activity: 		EGL_SAMPLES: 4
04-13 01:08:26.340 10339 10357 V native-activity: 		EGL_SAMPLE_BUFFERS: 1
04-13 01:08:26.340 10339 10357 V native-activity: 		EGL_RED_SIZE: 8
04-13 01:08:26.340 10339 10357 V native-activity: 		EGL_GREEN_SIZE: 8
04-13 01:08:26.340 10339 10357 V native-activity: 		EGL_BLUE_SIZE: 8
04-13 01:08:26.340 10339 10357 V native-activity: 		EGL_ALPHA_SIZE: 8
04-13 01:08:26.340 10339 10357 V native-activity: 		EGL_ALPHA_MASK_SIZE: 0
04-13 01:08:26.340 10339 10357 V native-activity: 		EGL_LUMINANCE_SIZE: 0
04-13 01:08:26.340 10339 10357 V native-activity: 		EGL_TRANSPARENT_TYPE: 12344 EGL_NONE,
04-13 01:08:26.340 10339 10357 V native-activity: 		EGL_TRANSPARENT_RED_VALUE: 0
04-13 01:08:26.340 10339 10357 V native-activity: 		EGL_TRANSPARENT_GREEN_VALUE: 0
04-13 01:08:26.340 10339 10357 V native-activity: 		EGL_TRANSPARENT_BLUE_VALUE: 0
04-13 01:08:26.340 10339 10357 V native-activity: 		EGL_STENCIL_SIZE: 8
04-13 01:08:26.340 10339 10357 V native-activity: 		EGL_DEPTH_SIZE: 24
04-13 01:08:26.340 10339 10357 V native-activity: 		EGL_BIND_TO_TEXTURE_RGB: 1
04-13 01:08:26.340 10339 10357 V native-activity: 		EGL_BIND_TO_TEXTURE_RGBA: 1
04-13 01:08:26.340 10339 10357 V native-activity: 		EGL_MIN_SWAP_INTERVAL: 0
04-13 01:08:26.340 10339 10357 V native-activity: 		EGL_MAX_SWAP_INTERVAL: 5
04-13 01:08:26.340 10339 10357 V native-activity: 		EGL_MAX_PBUFFER_WIDTH: 4096
04-13 01:08:26.340 10339 10357 V native-activity: 		EGL_MAX_PBUFFER_HEIGHT: 4096
04-13 01:08:26.340 10339 10357 D native-activity: 	Config 0xa index 9
04-13 01:08:26.340 10339 10357 V native-activity: 		EGL_CONFIG_ID: 10
04-13 01:08:26.340 10339 10357 V native-activity: 		EGL_CONFORMANT: 1 EGL_OPENGL_ES_BIT,
04-13 01:08:26.340 10339 10357 V native-activity: 		EGL_CONFIG_CAVEAT: 12344 EGL_NONE,
04-13 01:08:26.340 10339 10357 V native-activity: 		EGL_RENDERABLE_TYPE: 1 EGL_OPENGL_ES_BIT,
04-13 01:08:26.340 10339 10357 V native-activity: 		EGL_SURFACE_TYPE: 5 EGL_PBUFFER_BIT, EGL_WINDOW_BIT,
04-13 01:08:26.340 10339 10357 V native-activity: 		EGL_LEVEL: 0
04-13 01:08:26.340 10339 10357 V native-activity: 		EGL_COLOR_BUFFER_TYPE: 12430 EGL_RGB_BUFFER,
04-13 01:08:26.340 10339 10357 V native-activity: 		EGL_BUFFER_SIZE: 32
04-13 01:08:26.340 10339 10357 V native-activity: 		EGL_SAMPLES: 0
04-13 01:08:26.340 10339 10357 V native-activity: 		EGL_SAMPLE_BUFFERS: 0
04-13 01:08:26.340 10339 10357 V native-activity: 		EGL_RED_SIZE: 8
04-13 01:08:26.340 10339 10357 V native-activity: 		EGL_GREEN_SIZE: 8
04-13 01:08:26.340 10339 10357 V native-activity: 		EGL_BLUE_SIZE: 8
04-13 01:08:26.340 10339 10357 V native-activity: 		EGL_ALPHA_SIZE: 0
04-13 01:08:26.340 10339 10357 V native-activity: 		EGL_ALPHA_MASK_SIZE: 0
04-13 01:08:26.340 10339 10357 V native-activity: 		EGL_LUMINANCE_SIZE: 0
04-13 01:08:26.340 10339 10357 V native-activity: 		EGL_TRANSPARENT_TYPE: 12344 EGL_NONE,
04-13 01:08:26.340 10339 10357 V native-activity: 		EGL_TRANSPARENT_RED_VALUE: 0
04-13 01:08:26.340 10339 10357 V native-activity: 		EGL_TRANSPARENT_GREEN_VALUE: 0
04-13 01:08:26.340 10339 10357 V native-activity: 		EGL_TRANSPARENT_BLUE_VALUE: 0
04-13 01:08:26.340 10339 10357 V native-activity: 		EGL_STENCIL_SIZE: 8
04-13 01:08:26.340 10339 10357 V native-activity: 		EGL_DEPTH_SIZE: 24
04-13 01:08:26.340 10339 10357 V native-activity: 		EGL_BIND_TO_TEXTURE_RGB: 1
04-13 01:08:26.340 10339 10357 V native-activity: 		EGL_BIND_TO_TEXTURE_RGBA: 0
04-13 01:08:26.340 10339 10357 V native-activity: 		EGL_MIN_SWAP_INTERVAL: 0
04-13 01:08:26.340 10339 10357 V native-activity: 		EGL_MAX_SWAP_INTERVAL: 5
04-13 01:08:26.340 10339 10357 V native-activity: 		EGL_MAX_PBUFFER_WIDTH: 4096
04-13 01:08:26.340 10339 10357 V native-activity: 		EGL_MAX_PBUFFER_HEIGHT: 4096
04-13 01:08:26.340 10339 10357 D native-activity: 	Config 0xb index 10
04-13 01:08:26.340 10339 10357 V native-activity: 		EGL_CONFIG_ID: 11
04-13 01:08:26.340 10339 10357 V native-activity: 		EGL_CONFORMANT: 1 EGL_OPENGL_ES_BIT,
04-13 01:08:26.340 10339 10357 V native-activity: 		EGL_CONFIG_CAVEAT: 12344 EGL_NONE,
04-13 01:08:26.340 10339 10357 V native-activity: 		EGL_RENDERABLE_TYPE: 1 EGL_OPENGL_ES_BIT,
04-13 01:08:26.340 10339 10357 V native-activity: 		EGL_SURFACE_TYPE: 5 EGL_PBUFFER_BIT, EGL_WINDOW_BIT,
04-13 01:08:26.340 10339 10357 V native-activity: 		EGL_LEVEL: 0
04-13 01:08:26.340 10339 10357 V native-activity: 		EGL_COLOR_BUFFER_TYPE: 12430 EGL_RGB_BUFFER,
04-13 01:08:26.340 10339 10357 V native-activity: 		EGL_BUFFER_SIZE: 32
04-13 01:08:26.340 10339 10357 V native-activity: 		EGL_SAMPLES: 0
04-13 01:08:26.340 10339 10357 V native-activity: 		EGL_SAMPLE_BUFFERS: 0
04-13 01:08:26.341 10339 10357 V native-activity: 		EGL_RED_SIZE: 8
04-13 01:08:26.341 10339 10357 V native-activity: 		EGL_GREEN_SIZE: 8
04-13 01:08:26.341 10339 10357 V native-activity: 		EGL_BLUE_SIZE: 8
04-13 01:08:26.341 10339 10357 V native-activity: 		EGL_ALPHA_SIZE: 0
04-13 01:08:26.341 10339 10357 V native-activity: 		EGL_ALPHA_MASK_SIZE: 0
04-13 01:08:26.341 10339 10357 V native-activity: 		EGL_LUMINANCE_SIZE: 0
04-13 01:08:26.341 10339 10357 V native-activity: 		EGL_TRANSPARENT_TYPE: 12344 EGL_NONE,
04-13 01:08:26.341 10339 10357 V native-activity: 		EGL_TRANSPARENT_RED_VALUE: 0
04-13 01:08:26.341 10339 10357 V native-activity: 		EGL_TRANSPARENT_GREEN_VALUE: 0
04-13 01:08:26.341 10339 10357 V native-activity: 		EGL_TRANSPARENT_BLUE_VALUE: 0
04-13 01:08:26.341 10339 10357 V native-activity: 		EGL_STENCIL_SIZE: 0
04-13 01:08:26.341 10339 10357 V native-activity: 		EGL_DEPTH_SIZE: 0
04-13 01:08:26.341 10339 10357 V native-activity: 		EGL_BIND_TO_TEXTURE_RGB: 1
04-13 01:08:26.343 10339 10357 V native-activity: 		EGL_BIND_TO_TEXTURE_RGBA: 0
04-13 01:08:26.343 10339 10357 V native-activity: 		EGL_MIN_SWAP_INTERVAL: 0
04-13 01:08:26.343 10339 10357 V native-activity: 		EGL_MAX_SWAP_INTERVAL: 5
04-13 01:08:26.343 10339 10357 V native-activity: 		EGL_MAX_PBUFFER_WIDTH: 4096
04-13 01:08:26.343 10339 10357 V native-activity: 		EGL_MAX_PBUFFER_HEIGHT: 4096
04-13 01:08:26.343 10339 10357 D native-activity: 	Config 0xc index 11
04-13 01:08:26.343 10339 10357 V native-activity: 		EGL_CONFIG_ID: 12
04-13 01:08:26.343 10339 10357 V native-activity: 		EGL_CONFORMANT: 1 EGL_OPENGL_ES_BIT,
04-13 01:08:26.343 10339 10357 V native-activity: 		EGL_CONFIG_CAVEAT: 12344 EGL_NONE,
04-13 01:08:26.343 10339 10357 V native-activity: 		EGL_RENDERABLE_TYPE: 1 EGL_OPENGL_ES_BIT,
04-13 01:08:26.343 10339 10357 V native-activity: 		EGL_SURFACE_TYPE: 5 EGL_PBUFFER_BIT, EGL_WINDOW_BIT,
04-13 01:08:26.343 10339 10357 V native-activity: 		EGL_LEVEL: 0
04-13 01:08:26.343 10339 10357 V native-activity: 		EGL_COLOR_BUFFER_TYPE: 12430 EGL_RGB_BUFFER,
04-13 01:08:26.343 10339 10357 V native-activity: 		EGL_BUFFER_SIZE: 32
04-13 01:08:26.343 10339 10357 V native-activity: 		EGL_SAMPLES: 4
04-13 01:08:26.343 10339 10357 V native-activity: 		EGL_SAMPLE_BUFFERS: 1
04-13 01:08:26.343 10339 10357 V native-activity: 		EGL_RED_SIZE: 8
04-13 01:08:26.343 10339 10357 V native-activity: 		EGL_GREEN_SIZE: 8
04-13 01:08:26.343 10339 10357 V native-activity: 		EGL_BLUE_SIZE: 8
04-13 01:08:26.343 10339 10357 V native-activity: 		EGL_ALPHA_SIZE: 0
04-13 01:08:26.343 10339 10357 V native-activity: 		EGL_ALPHA_MASK_SIZE: 0
04-13 01:08:26.343 10339 10357 V native-activity: 		EGL_LUMINANCE_SIZE: 0
04-13 01:08:26.343 10339 10357 V native-activity: 		EGL_TRANSPARENT_TYPE: 12344 EGL_NONE,
04-13 01:08:26.343 10339 10357 V native-activity: 		EGL_TRANSPARENT_RED_VALUE: 0
04-13 01:08:26.343 10339 10357 V native-activity: 		EGL_TRANSPARENT_GREEN_VALUE: 0
04-13 01:08:26.343 10339 10357 V native-activity: 		EGL_TRANSPARENT_BLUE_VALUE: 0
04-13 01:08:26.343 10339 10357 V native-activity: 		EGL_STENCIL_SIZE: 8
04-13 01:08:26.343 10339 10357 V native-activity: 		EGL_DEPTH_SIZE: 24
04-13 01:08:26.344 10339 10357 V native-activity: 		EGL_BIND_TO_TEXTURE_RGB: 1
04-13 01:08:26.344 10339 10357 V native-activity: 		EGL_BIND_TO_TEXTURE_RGBA: 0
04-13 01:08:26.344 10339 10357 V native-activity: 		EGL_MIN_SWAP_INTERVAL: 0
04-13 01:08:26.344 10339 10357 V native-activity: 		EGL_MAX_SWAP_INTERVAL: 5
04-13 01:08:26.344 10339 10357 V native-activity: 		EGL_MAX_PBUFFER_WIDTH: 4096
04-13 01:08:26.344 10339 10357 V native-activity: 		EGL_MAX_PBUFFER_HEIGHT: 4096
04-13 01:08:26.344 10339 10357 D native-activity: 	Config 0xd index 12
04-13 01:08:26.344 10339 10357 V native-activity: 		EGL_CONFIG_ID: 13
04-13 01:08:26.344 10339 10357 V native-activity: 		EGL_CONFORMANT: 1 EGL_OPENGL_ES_BIT,
04-13 01:08:26.344 10339 10357 V native-activity: 		EGL_CONFIG_CAVEAT: 12344 EGL_NONE,
04-13 01:08:26.344 10339 10357 V native-activity: 		EGL_RENDERABLE_TYPE: 1 EGL_OPENGL_ES_BIT,
04-13 01:08:26.345 10339 10357 V native-activity: 		EGL_SURFACE_TYPE: 5 EGL_PBUFFER_BIT, EGL_WINDOW_BIT,
04-13 01:08:26.345 10339 10357 V native-activity: 		EGL_LEVEL: 0
04-13 01:08:26.345 10339 10357 V native-activity: 		EGL_COLOR_BUFFER_TYPE: 12430 EGL_RGB_BUFFER,
04-13 01:08:26.345 10339 10357 V native-activity: 		EGL_BUFFER_SIZE: 16
04-13 01:08:26.345 10339 10357 V native-activity: 		EGL_SAMPLES: 0
04-13 01:08:26.346 10339 10357 V native-activity: 		EGL_SAMPLE_BUFFERS: 0
04-13 01:08:26.346 10339 10357 V native-activity: 		EGL_RED_SIZE: 5
04-13 01:08:26.346 10339 10357 V native-activity: 		EGL_GREEN_SIZE: 6
04-13 01:08:26.346 10339 10357 V native-activity: 		EGL_BLUE_SIZE: 5
04-13 01:08:26.346 10339 10357 V native-activity: 		EGL_ALPHA_SIZE: 0
04-13 01:08:26.346 10339 10357 V native-activity: 		EGL_ALPHA_MASK_SIZE: 0
04-13 01:08:26.346 10339 10357 V native-activity: 		EGL_LUMINANCE_SIZE: 0
04-13 01:08:26.346 10339 10357 V native-activity: 		EGL_TRANSPARENT_TYPE: 12344 EGL_NONE,
04-13 01:08:26.346 10339 10357 V native-activity: 		EGL_TRANSPARENT_RED_VALUE: 0
04-13 01:08:26.346 10339 10357 V native-activity: 		EGL_TRANSPARENT_GREEN_VALUE: 0
04-13 01:08:26.346 10339 10357 V native-activity: 		EGL_TRANSPARENT_BLUE_VALUE: 0
04-13 01:08:26.346 10339 10357 V native-activity: 		EGL_STENCIL_SIZE: 8
04-13 01:08:26.346 10339 10357 V native-activity: 		EGL_DEPTH_SIZE: 24
04-13 01:08:26.346 10339 10357 V native-activity: 		EGL_BIND_TO_TEXTURE_RGB: 1
04-13 01:08:26.346 10339 10357 V native-activity: 		EGL_BIND_TO_TEXTURE_RGBA: 0
04-13 01:08:26.346 10339 10357 V native-activity: 		EGL_MIN_SWAP_INTERVAL: 0
04-13 01:08:26.346 10339 10357 V native-activity: 		EGL_MAX_SWAP_INTERVAL: 5
04-13 01:08:26.346 10339 10357 V native-activity: 		EGL_MAX_PBUFFER_WIDTH: 4096
04-13 01:08:26.346 10339 10357 V native-activity: 		EGL_MAX_PBUFFER_HEIGHT: 4096
04-13 01:08:26.346 10339 10357 D native-activity: 	Config 0xe index 13
04-13 01:08:26.346 10339 10357 V native-activity: 		EGL_CONFIG_ID: 14
04-13 01:08:26.346 10339 10357 V native-activity: 		EGL_CONFORMANT: 1 EGL_OPENGL_ES_BIT,
04-13 01:08:26.346 10339 10357 V native-activity: 		EGL_CONFIG_CAVEAT: 12344 EGL_NONE,
04-13 01:08:26.346 10339 10357 V native-activity: 		EGL_RENDERABLE_TYPE: 1 EGL_OPENGL_ES_BIT,
04-13 01:08:26.346 10339 10357 V native-activity: 		EGL_SURFACE_TYPE: 5 EGL_PBUFFER_BIT, EGL_WINDOW_BIT,
04-13 01:08:26.346 10339 10357 V native-activity: 		EGL_LEVEL: 0
04-13 01:08:26.346 10339 10357 V native-activity: 		EGL_COLOR_BUFFER_TYPE: 12430 EGL_RGB_BUFFER,
04-13 01:08:26.346 10339 10357 V native-activity: 		EGL_BUFFER_SIZE: 16
04-13 01:08:26.346 10339 10357 V native-activity: 		EGL_SAMPLES: 0
04-13 01:08:26.346 10339 10357 V native-activity: 		EGL_SAMPLE_BUFFERS: 0
04-13 01:08:26.346 10339 10357 V native-activity: 		EGL_RED_SIZE: 5
04-13 01:08:26.346 10339 10357 V native-activity: 		EGL_GREEN_SIZE: 6
04-13 01:08:26.346 10339 10357 V native-activity: 		EGL_BLUE_SIZE: 5
04-13 01:08:26.346 10339 10357 V native-activity: 		EGL_ALPHA_SIZE: 0
04-13 01:08:26.346 10339 10357 V native-activity: 		EGL_ALPHA_MASK_SIZE: 0
04-13 01:08:26.346 10339 10357 V native-activity: 		EGL_LUMINANCE_SIZE: 0
04-13 01:08:26.346 10339 10357 V native-activity: 		EGL_TRANSPARENT_TYPE: 12344 EGL_NONE,
04-13 01:08:26.346 10339 10357 V native-activity: 		EGL_TRANSPARENT_RED_VALUE: 0
04-13 01:08:26.346 10339 10357 V native-activity: 		EGL_TRANSPARENT_GREEN_VALUE: 0
04-13 01:08:26.346 10339 10357 V native-activity: 		EGL_TRANSPARENT_BLUE_VALUE: 0
04-13 01:08:26.346 10339 10357 V native-activity: 		EGL_STENCIL_SIZE: 0
04-13 01:08:26.346 10339 10357 V native-activity: 		EGL_DEPTH_SIZE: 0
04-13 01:08:26.346 10339 10357 V native-activity: 		EGL_BIND_TO_TEXTURE_RGB: 1
04-13 01:08:26.346 10339 10357 V native-activity: 		EGL_BIND_TO_TEXTURE_RGBA: 0
04-13 01:08:26.346 10339 10357 V native-activity: 		EGL_MIN_SWAP_INTERVAL: 0
04-13 01:08:26.346 10339 10357 V native-activity: 		EGL_MAX_SWAP_INTERVAL: 5
04-13 01:08:26.347 10339 10357 V native-activity: 		EGL_MAX_PBUFFER_WIDTH: 4096
04-13 01:08:26.347 10339 10357 V native-activity: 		EGL_MAX_PBUFFER_HEIGHT: 4096
04-13 01:08:26.351 10339 10357 D native-activity: 	Config 0xf index 14
04-13 01:08:26.351 10339 10357 V native-activity: 		EGL_CONFIG_ID: 15
04-13 01:08:26.351 10339 10357 V native-activity: 		EGL_CONFORMANT: 1 EGL_OPENGL_ES_BIT,
04-13 01:08:26.351 10339 10357 V native-activity: 		EGL_CONFIG_CAVEAT: 12344 EGL_NONE,
04-13 01:08:26.351 10339 10357 V native-activity: 		EGL_RENDERABLE_TYPE: 1 EGL_OPENGL_ES_BIT,
04-13 01:08:26.351 10339 10357 V native-activity: 		EGL_SURFACE_TYPE: 5 EGL_PBUFFER_BIT, EGL_WINDOW_BIT,
04-13 01:08:26.351 10339 10357 V native-activity: 		EGL_LEVEL: 0
04-13 01:08:26.351 10339 10357 V native-activity: 		EGL_COLOR_BUFFER_TYPE: 12430 EGL_RGB_BUFFER,
04-13 01:08:26.351 10339 10357 V native-activity: 		EGL_BUFFER_SIZE: 16
04-13 01:08:26.351 10339 10357 V native-activity: 		EGL_SAMPLES: 4
04-13 01:08:26.351 10339 10357 V native-activity: 		EGL_SAMPLE_BUFFERS: 1
04-13 01:08:26.351 10339 10357 V native-activity: 		EGL_RED_SIZE: 5
04-13 01:08:26.351 10339 10357 V native-activity: 		EGL_GREEN_SIZE: 6
04-13 01:08:26.351 10339 10357 V native-activity: 		EGL_BLUE_SIZE: 5
04-13 01:08:26.351 10339 10357 V native-activity: 		EGL_ALPHA_SIZE: 0
04-13 01:08:26.351 10339 10357 V native-activity: 		EGL_ALPHA_MASK_SIZE: 0
04-13 01:08:26.351 10339 10357 V native-activity: 		EGL_LUMINANCE_SIZE: 0
04-13 01:08:26.351 10339 10357 V native-activity: 		EGL_TRANSPARENT_TYPE: 12344 EGL_NONE,
04-13 01:08:26.351 10339 10357 V native-activity: 		EGL_TRANSPARENT_RED_VALUE: 0
04-13 01:08:26.351 10339 10357 V native-activity: 		EGL_TRANSPARENT_GREEN_VALUE: 0
04-13 01:08:26.351 10339 10357 V native-activity: 		EGL_TRANSPARENT_BLUE_VALUE: 0
04-13 01:08:26.351 10339 10357 V native-activity: 		EGL_STENCIL_SIZE: 8
04-13 01:08:26.351 10339 10357 V native-activity: 		EGL_DEPTH_SIZE: 24
04-13 01:08:26.351 10339 10357 V native-activity: 		EGL_BIND_TO_TEXTURE_RGB: 1
04-13 01:08:26.351 10339 10357 V native-activity: 		EGL_BIND_TO_TEXTURE_RGBA: 0
04-13 01:08:26.351 10339 10357 V native-activity: 		EGL_MIN_SWAP_INTERVAL: 0
04-13 01:08:26.351 10339 10357 V native-activity: 		EGL_MAX_SWAP_INTERVAL: 5
04-13 01:08:26.351 10339 10357 V native-activity: 		EGL_MAX_PBUFFER_WIDTH: 4096
04-13 01:08:26.351 10339 10357 V native-activity: 		EGL_MAX_PBUFFER_HEIGHT: 4096
04-13 01:08:26.351 10339 10357 D native-activity: 	Config 0x10 index 15
04-13 01:08:26.351 10339 10357 V native-activity: 		EGL_CONFIG_ID: 16
04-13 01:08:26.351 10339 10357 V native-activity: 		EGL_CONFORMANT: 1 EGL_OPENGL_ES_BIT,
04-13 01:08:26.351 10339 10357 V native-activity: 		EGL_CONFIG_CAVEAT: 12344 EGL_NONE,
04-13 01:08:26.351 10339 10357 V native-activity: 		EGL_RENDERABLE_TYPE: 1 EGL_OPENGL_ES_BIT,
04-13 01:08:26.351 10339 10357 V native-activity: 		EGL_SURFACE_TYPE: 1 EGL_PBUFFER_BIT,
04-13 01:08:26.351 10339 10357 V native-activity: 		EGL_LEVEL: 0
04-13 01:08:26.351 10339 10357 V native-activity: 		EGL_COLOR_BUFFER_TYPE: 12430 EGL_RGB_BUFFER,
04-13 01:08:26.351 10339 10357 V native-activity: 		EGL_BUFFER_SIZE: 32
04-13 01:08:26.351 10339 10357 V native-activity: 		EGL_SAMPLES: 0
04-13 01:08:26.351 10339 10357 V native-activity: 		EGL_SAMPLE_BUFFERS: 0
04-13 01:08:26.351 10339 10357 V native-activity: 		EGL_RED_SIZE: 8
04-13 01:08:26.351 10339 10357 V native-activity: 		EGL_GREEN_SIZE: 8
04-13 01:08:26.351 10339 10357 V native-activity: 		EGL_BLUE_SIZE: 8
04-13 01:08:26.351 10339 10357 V native-activity: 		EGL_ALPHA_SIZE: 8
04-13 01:08:26.351 10339 10357 V native-activity: 		EGL_ALPHA_MASK_SIZE: 0
04-13 01:08:26.351 10339 10357 V native-activity: 		EGL_LUMINANCE_SIZE: 0
04-13 01:08:26.352 10339 10357 V native-activity: 		EGL_TRANSPARENT_TYPE: 12344 EGL_NONE,
04-13 01:08:26.352 10339 10357 V native-activity: 		EGL_TRANSPARENT_RED_VALUE: 0
04-13 01:08:26.352 10339 10357 V native-activity: 		EGL_TRANSPARENT_GREEN_VALUE: 0
