04-13 01:09:04.266 10854 10873 I native-activity: Frame 178 time is 0.069ms
04-13 01:09:04.267 10854 10873 I native-activity: Swap 178 time is 0.086ms
04-13 01:09:04.267 10854 10873 I native-activity: Animating
04-13 01:09:04.267 10854 10873 I native-activity: Frame 179 GL error is 0x0
04-13 01:09:04.267 10854 10873 I native-activity: Frame 179 time is 0.057ms
04-13 01:09:04.267 10854 10873 I native-activity: Swap 179 time is 0.073ms
04-13 01:09:04.267 10854 10873 I native-activity: Animating
04-13 01:09:04.267 10854 10873 I native-activity: Frame 180 GL error is 0x0
04-13 01:09:04.267 10854 10873 I native-activity: Frame 180 time is 0.061ms
04-13 01:09:04.267 10854 10873 I native-activity: Swap 180 time is 0.076ms
04-13 01:09:04.267 10854 10873 I native-activity: Animating
04-13 01:09:04.267 10854 10873 I native-activity: Frame 181 GL error is 0x0
04-13 01:09:04.267 10854 10873 I native-activity: Frame 181 time is 0.069ms
04-13 01:09:04.267 10854 10873 I native-activity: Swap 181 time is 0.085ms
04-13 01:09:04.267 10854 10873 I native-activity: Animating
04-13 01:09:04.267 10854 10873 I native-activity: Frame 182 GL error is 0x0
04-13 01:09:04.267 10854 10873 I native-activity: Frame 182 time is 0.057ms
04-13 01:09:04.267 10854 10873 I native-activity: Swap 182 time is 0.071ms
04-13 01:09:04.267 10854 10873 I native-activity: Animating
04-13 01:09:04.267 10854 10873 I native-activity: Frame 183 GL error is 0x0
04-13 01:09:04.267 10854 10873 I native-activity: Frame 183 time is 0.067ms
04-13 01:09:04.267 10854 10873 I native-activity: Swap 183 time is 0.083ms
04-13 01:09:04.267 10854 10873 I native-activity: Animating
04-13 01:09:04.267 10854 10873 I native-activity: Frame 184 GL error is 0x0
04-13 01:09:04.267 10854 10873 I native-activity: Frame 184 time is 0.074ms
04-13 01:09:04.267 10854 10873 I native-activity: Swap 184 time is 0.090ms
04-13 01:09:04.267 10854 10873 I native-activity: Animating
04-13 01:09:04.267 10854 10873 I native-activity: Frame 185 GL error is 0x0
04-13 01:09:04.267 10854 10873 I native-activity: Frame 185 time is 0.058ms
04-13 01:09:04.267 10854 10873 I native-activity: Swap 185 time is 0.078ms
04-13 01:09:04.267 10854 10873 I native-activity: Animating
04-13 01:09:04.267 10854 10873 I native-activity: Frame 186 GL error is 0x0
04-13 01:09:04.267 10854 10873 I native-activity: Frame 186 time is 0.068ms
04-13 01:09:04.267 10854 10873 I native-activity: Swap 186 time is 0.085ms
04-13 01:09:04.267 10854 10873 I native-activity: Animating
04-13 01:09:04.267 10854 10873 I native-activity: Frame 187 GL error is 0x0
04-13 01:09:04.267 10854 10873 I native-activity: Frame 187 time is 0.061ms
04-13 01:09:04.267 10854 10873 I native-activity: Swap 187 time is 0.077ms
04-13 01:09:04.267 10854 10873 I native-activity: Animating
04-13 01:09:04.267 10854 10873 I native-activity: Frame 188 GL error is 0x0
04-13 01:09:04.268 10854 10873 I native-activity: Frame 188 time is 0.074ms
04-13 01:09:04.268 10854 10873 I native-activity: Swap 188 time is 0.093ms
04-13 01:09:04.268 10854 10873 I native-activity: Animating
04-13 01:09:04.268 10854 10873 I native-activity: Frame 189 GL error is 0x0
04-13 01:09:04.268 10854 10873 I native-activity: Frame 189 time is 0.062ms
04-13 01:09:04.268 10854 10873 I native-activity: Swap 189 time is 0.077ms
04-13 01:09:04.268 10854 10873 I native-activity: Animating
04-13 01:09:04.268 10854 10873 I native-activity: Frame 190 GL error is 0x0
04-13 01:09:04.268 10854 10873 I native-activity: Frame 190 time is 0.060ms
04-13 01:09:04.268 10854 10873 I native-activity: Swap 190 time is 0.076ms
04-13 01:09:04.268 10854 10873 I native-activity: Animating
04-13 01:09:04.268 10854 10873 I native-activity: Frame 191 GL error is 0x0
04-13 01:09:04.268 10854 10873 I native-activity: Frame 191 time is 0.074ms
04-13 01:09:04.268 10854 10873 I native-activity: Swap 191 time is 0.093ms
04-13 01:09:04.268 10854 10873 I native-activity: Animating
04-13 01:09:04.268 10854 10873 I native-activity: Frame 192 GL error is 0x0
04-13 01:09:04.268 10854 10873 I native-activity: Frame 192 time is 0.059ms
04-13 01:09:04.268 10854 10873 I native-activity: Swap 192 time is 0.073ms
04-13 01:09:04.268 10854 10873 I native-activity: Animating
04-13 01:09:04.268 10854 10873 I native-activity: Frame 193 GL error is 0x0
04-13 01:09:04.268 10854 10873 I native-activity: Frame 193 time is 0.070ms
04-13 01:09:04.268 10854 10873 I native-activity: Swap 193 time is 0.086ms
04-13 01:09:04.268 10854 10873 I native-activity: Animating
04-13 01:09:04.268 10854 10873 I native-activity: Frame 194 GL error is 0x0
04-13 01:09:04.268 10854 10873 I native-activity: Frame 194 time is 0.060ms
04-13 01:09:04.268 10854 10873 I native-activity: Swap 194 time is 0.074ms
04-13 01:09:04.268 10854 10873 I native-activity: Animating
04-13 01:09:04.268 10854 10873 I native-activity: Frame 195 GL error is 0x0
04-13 01:09:04.268 10854 10873 I native-activity: Frame 195 time is 0.059ms
04-13 01:09:04.268 10854 10873 I native-activity: Swap 195 time is 0.073ms
04-13 01:09:04.268 10854 10873 I native-activity: Animating
04-13 01:09:04.282 10854 10873 I native-activity: Frame 196 GL error is 0x0
04-13 01:09:04.282 10854 10873 I native-activity: Frame 196 time is 13.455ms
04-13 01:09:04.282 10854 10873 I native-activity: Swap 196 time is 13.494ms
04-13 01:09:04.282 10854 10873 I native-activity: Animating
04-13 01:09:04.282 10854 10873 I native-activity: Frame 197 GL error is 0x0
04-13 01:09:04.282 10854 10873 I native-activity: Frame 197 time is 0.125ms
04-13 01:09:04.282 10854 10873 I native-activity: Swap 197 time is 0.143ms
04-13 01:09:04.282 10854 10873 I native-activity: Animating
04-13 01:09:04.282 10854 10873 I native-activity: Frame 198 GL error is 0x0
04-13 01:09:04.282 10854 10873 I native-activity: Frame 198 time is 0.090ms
04-13 01:09:04.282 10854 10873 I native-activity: Swap 198 time is 0.108ms
04-13 01:09:04.282 10854 10873 I native-activity: Animating
04-13 01:09:04.282 10854 10873 I native-activity: Frame 199 GL error is 0x0
04-13 01:09:04.282 10854 10873 I native-activity: Frame 199 time is 0.065ms
04-13 01:09:04.282 10854 10873 I native-activity: Swap 199 time is 0.081ms
04-13 01:09:04.282 10854 10873 I native-activity: Animating
04-13 01:09:04.282 10854 10873 I native-activity: Frame 200 GL error is 0x0
04-13 01:09:04.282 10854 10873 I native-activity: Frame 200 time is 0.062ms
04-13 01:09:04.282 10854 10873 I native-activity: Swap 200 time is 0.076ms
04-13 01:09:04.282 10854 10873 I native-activity: Animating
04-13 01:09:04.282 10854 10873 I native-activity: Frame 201 GL error is 0x0
04-13 01:09:04.282 10854 10873 I native-activity: Frame 201 time is 0.070ms
04-13 01:09:04.282 10854 10873 I native-activity: Swap 201 time is 0.086ms
04-13 01:09:04.282 10854 10873 I native-activity: Animating
04-13 01:09:04.282 10854 10873 I native-activity: Frame 202 GL error is 0x0
04-13 01:09:04.282 10854 10873 I native-activity: Frame 202 time is 0.065ms
04-13 01:09:04.282 10854 10873 I native-activity: Swap 202 time is 0.080ms
04-13 01:09:04.283 10854 10873 I native-activity: Animating
04-13 01:09:04.283 10854 10873 I native-activity: Frame 203 GL error is 0x0
04-13 01:09:04.283 10854 10873 I native-activity: Frame 203 time is 0.071ms
04-13 01:09:04.283 10854 10873 I native-activity: Swap 203 time is 0.093ms
04-13 01:09:04.283 10854 10873 I native-activity: Animating
04-13 01:09:04.283 10854 10873 I native-activity: Frame 204 GL error is 0x0
04-13 01:09:04.283 10854 10873 I native-activity: Frame 204 time is 0.068ms
04-13 01:09:04.283 10854 10873 I native-activity: Swap 204 time is 0.086ms
04-13 01:09:04.283 10854 10873 I native-activity: Animating
04-13 01:09:04.283 10854 10873 I native-activity: Frame 205 GL error is 0x0
04-13 01:09:04.283 10854 10873 I native-activity: Frame 205 time is 0.078ms
04-13 01:09:04.283 10854 10873 I native-activity: Swap 205 time is 0.099ms
04-13 01:09:04.283 10854 10873 I native-activity: Animating
04-13 01:09:04.283 10854 10873 I native-activity: Frame 206 GL error is 0x0
04-13 01:09:04.283 10854 10873 I native-activity: Frame 206 time is 0.066ms
04-13 01:09:04.283 10854 10873 I native-activity: Swap 206 time is 0.082ms
04-13 01:09:04.283 10854 10873 I native-activity: Animating
04-13 01:09:04.283 10854 10873 I native-activity: Frame 207 GL error is 0x0
04-13 01:09:04.283 10854 10873 I native-activity: Frame 207 time is 0.057ms
04-13 01:09:04.283 10854 10873 I native-activity: Swap 207 time is 0.072ms
04-13 01:09:04.283 10854 10873 I native-activity: Animating
04-13 01:09:04.283 10854 10873 I native-activity: Frame 208 GL error is 0x0
04-13 01:09:04.283 10854 10873 I native-activity: Frame 208 time is 0.072ms
04-13 01:09:04.283 10854 10873 I native-activity: Swap 208 time is 0.093ms
04-13 01:09:04.283 10854 10873 I native-activity: Animating
04-13 01:09:04.283 10854 10873 I native-activity: Frame 209 GL error is 0x0
04-13 01:09:04.283 10854 10873 I native-activity: Frame 209 time is 0.057ms
04-13 01:09:04.283 10854 10873 I native-activity: Swap 209 time is 0.072ms
04-13 01:09:04.283 10854 10873 I native-activity: Animating
04-13 01:09:04.283 10854 10873 I native-activity: Frame 210 GL error is 0x0
04-13 01:09:04.283 10854 10873 I native-activity: Frame 210 time is 0.070ms
04-13 01:09:04.283 10854 10873 I native-activity: Swap 210 time is 0.087ms
04-13 01:09:04.283 10854 10873 I native-activity: Animating
04-13 01:09:04.283 10854 10873 I native-activity: Frame 211 GL error is 0x0
04-13 01:09:04.283 10854 10873 I native-activity: Frame 211 time is 0.057ms
04-13 01:09:04.283 10854 10873 I native-activity: Swap 211 time is 0.073ms
04-13 01:09:04.283 10854 10873 I native-activity: Animating
04-13 01:09:04.284 10854 10873 I native-activity: Frame 212 GL error is 0x0
04-13 01:09:04.284 10854 10873 I native-activity: Frame 212 time is 0.067ms
04-13 01:09:04.284 10854 10873 I native-activity: Swap 212 time is 0.084ms
04-13 01:09:04.284 10854 10873 I native-activity: Animating
04-13 01:09:04.284 10854 10873 I native-activity: Frame 213 GL error is 0x0
04-13 01:09:04.284 10854 10873 I native-activity: Frame 213 time is 0.083ms
04-13 01:09:04.284 10854 10873 I native-activity: Swap 213 time is 0.100ms
04-13 01:09:04.284 10854 10873 I native-activity: Animating
04-13 01:09:04.284 10854 10873 I native-activity: Frame 214 GL error is 0x0
04-13 01:09:04.284 10854 10873 I native-activity: Frame 214 time is 0.066ms
04-13 01:09:04.284 10854 10873 I native-activity: Swap 214 time is 0.083ms
04-13 01:09:04.284 10854 10873 I native-activity: Animating
04-13 01:09:04.284 10854 10873 I native-activity: Frame 215 GL error is 0x0
04-13 01:09:04.284 10854 10873 I native-activity: Frame 215 time is 0.070ms
04-13 01:09:04.284 10854 10873 I native-activity: Swap 215 time is 0.087ms
04-13 01:09:04.284 10854 10873 I native-activity: Animating
04-13 01:09:04.284 10854 10873 I native-activity: Frame 216 GL error is 0x0
04-13 01:09:04.284 10854 10873 I native-activity: Frame 216 time is 0.060ms
04-13 01:09:04.284 10854 10873 I native-activity: Swap 216 time is 0.075ms
04-13 01:09:04.284 10854 10873 I native-activity: Animating
04-13 01:09:04.284 10854 10873 I native-activity: Frame 217 GL error is 0x0
04-13 01:09:04.284 10854 10873 I native-activity: Frame 217 time is 0.056ms
04-13 01:09:04.284 10854 10873 I native-activity: Swap 217 time is 0.071ms
04-13 01:09:04.284 10854 10873 I native-activity: Animating
04-13 01:09:04.284 10854 10873 I native-activity: Frame 218 GL error is 0x0
04-13 01:09:04.284 10854 10873 I native-activity: Frame 218 time is 0.068ms
04-13 01:09:04.284 10854 10873 I native-activity: Swap 218 time is 0.085ms
04-13 01:09:04.284 10854 10873 I native-activity: Animating
04-13 01:09:04.284 10854 10873 I native-activity: Frame 219 GL error is 0x0
04-13 01:09:04.284 10854 10873 I native-activity: Frame 219 time is 0.067ms
04-13 01:09:04.284 10854 10873 I native-activity: Swap 219 time is 0.083ms
04-13 01:09:04.284 10854 10873 I native-activity: Animating
04-13 01:09:04.284 10854 10873 I native-activity: Frame 220 GL error is 0x0
04-13 01:09:04.284 10854 10873 I native-activity: Frame 220 time is 0.074ms
04-13 01:09:04.284 10854 10873 I native-activity: Swap 220 time is 0.093ms
04-13 01:09:04.284 10854 10873 I native-activity: Animating
04-13 01:09:04.284 10854 10873 I native-activity: Frame 221 GL error is 0x0
04-13 01:09:04.284 10854 10873 I native-activity: Frame 221 time is 0.062ms
04-13 01:09:04.285 10854 10873 I native-activity: Swap 221 time is 0.078ms
04-13 01:09:04.285 10854 10873 I native-activity: Animating
04-13 01:09:04.285 10854 10873 I native-activity: Frame 222 GL error is 0x0
04-13 01:09:04.285 10854 10873 I native-activity: Frame 222 time is 0.064ms
04-13 01:09:04.285 10854 10873 I native-activity: Swap 222 time is 0.078ms
04-13 01:09:04.285 10854 10873 I native-activity: Animating
04-13 01:09:04.285 10854 10873 I native-activity: Frame 223 GL error is 0x0
04-13 01:09:04.285 10854 10873 I native-activity: Frame 223 time is 0.068ms
04-13 01:09:04.285 10854 10873 I native-activity: Swap 223 time is 0.085ms
04-13 01:09:04.285 10854 10873 I native-activity: Animating
04-13 01:09:04.285 10854 10873 I native-activity: Frame 224 GL error is 0x0
04-13 01:09:04.285 10854 10873 I native-activity: Frame 224 time is 0.056ms
04-13 01:09:04.285 10854 10873 I native-activity: Swap 224 time is 0.071ms
04-13 01:09:04.285 10854 10873 I native-activity: Animating
04-13 01:09:04.454   962  1056 D TaskPersister: removeObsoleteFile: deleting file=638_task.xml
04-13 01:09:04.668 10854 10873 I native-activity: Frame 225 GL error is 0x501
04-13 01:09:04.668 10854 10873 I native-activity: Frame 225 time is 383.524ms
04-13 01:09:04.668 10854 10873 I native-activity: Swap 225 time is 383.563ms
04-13 01:09:04.669 10854 10873 I native-activity: Animating
04-13 01:09:04.670 10854 10873 I native-activity: Frame 226 GL error is 0x0
04-13 01:09:04.670 10854 10873 I native-activity: Frame 226 time is 1.088ms
04-13 01:09:04.670 10854 10873 I native-activity: Swap 226 time is 1.116ms
04-13 01:09:04.670 10854 10873 I native-activity: Animating
04-13 01:09:04.680 10854 10873 I native-activity: Frame 227 GL error is 0x0
04-13 01:09:04.681 10854 10873 I native-activity: Frame 227 time is 10.767ms
04-13 01:09:04.681 10854 10873 I native-activity: Swap 227 time is 10.812ms
04-13 01:09:04.681 10854 10873 I native-activity: Animating
04-13 01:09:04.682 10854 10873 I native-activity: Frame 228 GL error is 0x0
04-13 01:09:04.682 10854 10873 I native-activity: Frame 228 time is 1.400ms
04-13 01:09:04.682 10854 10873 I native-activity: Swap 228 time is 1.435ms
04-13 01:09:04.682 10854 10873 I native-activity: Animating
04-13 01:09:04.683 10854 10873 I native-activity: Frame 229 GL error is 0x0
04-13 01:09:04.683 10854 10873 I native-activity: Frame 229 time is 1.223ms
04-13 01:09:04.683 10854 10873 I native-activity: Swap 229 time is 1.254ms
04-13 01:09:04.683 10854 10873 I native-activity: Animating
04-13 01:09:04.685 10854 10873 I native-activity: Frame 230 GL error is 0x0
04-13 01:09:04.685 10854 10873 I native-activity: Frame 230 time is 1.194ms
04-13 01:09:04.685 10854 10873 I native-activity: Swap 230 time is 1.224ms
04-13 01:09:04.685 10854 10873 I native-activity: Animating
04-13 01:09:04.687 10854 10873 I native-activity: Frame 231 GL error is 0x0
04-13 01:09:04.687 10854 10873 I native-activity: Frame 231 time is 2.753ms
04-13 01:09:04.687 10854 10873 I native-activity: Swap 231 time is 2.786ms
04-13 01:09:04.687 10854 10873 I native-activity: Animating
04-13 01:09:04.913 10854 10873 I native-activity: Frame 232 GL error is 0x501
04-13 01:09:04.913 10854 10873 I native-activity: Frame 232 time is 225.532ms
04-13 01:09:04.913 10854 10873 I native-activity: Swap 232 time is 225.569ms
04-13 01:09:04.913 10854 10873 I native-activity: Animating
04-13 01:09:05.027    93    93 I Kernel  : [ 3463.620787] (2)[93:irq/258-inv_irq]inv_mpu_iio: inv_read_fifo: Received Sensor Interrupt to read FIFO and Fifo_count is 6
04-13 01:09:05.103 10854 10873 I native-activity: Frame 233 GL error is 0x501
04-13 01:09:05.103 10854 10873 I native-activity: Frame 233 time is 190.258ms
04-13 01:09:05.103 10854 10873 I native-activity: Swap 233 time is 190.293ms
04-13 01:09:05.104 10854 10873 I native-activity: Animating
04-13 01:09:05.105 10854 10873 I native-activity: Frame 234 GL error is 0x0
04-13 01:09:05.105 10854 10873 I native-activity: Frame 234 time is 1.168ms
04-13 01:09:05.105 10854 10873 I native-activity: Swap 234 time is 1.197ms
04-13 01:09:05.105 10854 10873 I native-activity: Animating
04-13 01:09:05.105 10854 10873 I native-activity: Frame 235 GL error is 0x0
04-13 01:09:05.105 10854 10873 I native-activity: Frame 235 time is 0.500ms
04-13 01:09:05.105 10854 10873 I native-activity: Swap 235 time is 0.522ms
04-13 01:09:05.105 10854 10873 I native-activity: Animating
04-13 01:09:05.106 10854 10873 I native-activity: Frame 236 GL error is 0x0
04-13 01:09:05.106 10854 10873 I native-activity: Frame 236 time is 0.439ms
04-13 01:09:05.106 10854 10873 I native-activity: Swap 236 time is 0.458ms
04-13 01:09:05.106 10854 10873 I native-activity: Animating
04-13 01:09:05.106 10854 10873 I native-activity: Frame 237 GL error is 0x0
04-13 01:09:05.106 10854 10873 I native-activity: Frame 237 time is 0.439ms
04-13 01:09:05.106 10854 10873 I native-activity: Swap 237 time is 0.459ms
04-13 01:09:05.106 10854 10873 I native-activity: Animating
04-13 01:09:05.107 10854 10873 I native-activity: Frame 238 GL error is 0x0
04-13 01:09:05.107 10854 10873 I native-activity: Frame 238 time is 0.428ms
04-13 01:09:05.107 10854 10873 I native-activity: Swap 238 time is 0.447ms
04-13 01:09:05.107 10854 10873 I native-activity: Animating
04-13 01:09:05.107 10854 10873 I native-activity: Frame 239 GL error is 0x0
04-13 01:09:05.107 10854 10873 I native-activity: Frame 239 time is 0.434ms
04-13 01:09:05.107 10854 10873 I native-activity: Swap 239 time is 0.453ms
04-13 01:09:05.107 10854 10873 I native-activity: Animating
04-13 01:09:05.390 10854 10873 I native-activity: Frame 240 GL error is 0x501
04-13 01:09:05.390 10854 10873 I native-activity: Frame 240 time is 282.988ms
04-13 01:09:05.390 10854 10873 I native-activity: Swap 240 time is 283.025ms
04-13 01:09:05.390 10854 10873 I native-activity: Animating
04-13 01:09:05.788 10854 10873 I native-activity: Frame 241 GL error is 0x501
04-13 01:09:05.788 10854 10873 I native-activity: Frame 241 time is 397.401ms
04-13 01:09:05.788 10854 10873 I native-activity: Swap 241 time is 397.439ms
04-13 01:09:05.788 10854 10873 I native-activity: Animating
04-13 01:09:05.801 10854 10873 I native-activity: Frame 242 GL error is 0x0
04-13 01:09:05.801 10854 10873 I native-activity: Frame 242 time is 12.862ms
04-13 01:09:05.801 10854 10873 I native-activity: Swap 242 time is 12.901ms
04-13 01:09:05.801 10854 10873 I native-activity: Animating
04-13 01:09:05.809 10854 10873 I native-activity: Frame 243 GL error is 0x0
04-13 01:09:05.809 10854 10873 I native-activity: Frame 243 time is 7.775ms
04-13 01:09:05.809 10854 10873 I native-activity: Swap 243 time is 7.809ms
04-13 01:09:05.809 10854 10873 I native-activity: Animating
04-13 01:09:05.814 10854 10873 I native-activity: Frame 244 GL error is 0x0
04-13 01:09:05.814 10854 10873 I native-activity: Frame 244 time is 5.341ms
04-13 01:09:05.814 10854 10873 I native-activity: Swap 244 time is 5.374ms
04-13 01:09:05.814 10854 10873 I native-activity: Animating
04-13 01:09:05.844 10854 10873 I native-activity: Frame 245 GL error is 0x0
04-13 01:09:05.844 10854 10873 I native-activity: Frame 245 time is 29.792ms
04-13 01:09:05.844 10854 10873 I native-activity: Swap 245 time is 29.832ms
04-13 01:09:05.844 10854 10873 I native-activity: Animating
04-13 01:09:05.857    93    93 I Kernel  : [ 3464.452754] (2)[93:irq/258-inv_irq]inv_mpu_iio: inv_read_fifo: Received Sensor Interrupt to read FIFO and Fifo_count is 6
04-13 01:09:05.905 10854 10873 I native-activity: Frame 246 GL error is 0x501
04-13 01:09:05.905 10854 10873 I native-activity: Frame 246 time is 60.366ms
04-13 01:09:05.905 10854 10873 I native-activity: Swap 246 time is 60.407ms
04-13 01:09:05.905 10854 10873 I native-activity: Animating
04-13 01:09:05.941 10854 10873 I native-activity: Frame 247 GL error is 0x501
04-13 01:09:05.941 10854 10873 I native-activity: Frame 247 time is 36.663ms
04-13 01:09:05.941 10854 10873 I native-activity: Swap 247 time is 36.715ms
04-13 01:09:05.941 10854 10873 I native-activity: Animating
04-13 01:09:05.949 10854 10873 I native-activity: Frame 248 GL error is 0x0
04-13 01:09:05.949 10854 10873 I native-activity: Frame 248 time is 7.918ms
04-13 01:09:05.949 10854 10873 I native-activity: Swap 248 time is 7.955ms
04-13 01:09:05.949 10854 10873 I native-activity: Animating
04-13 01:09:05.972 10854 10873 I native-activity: Frame 249 GL error is 0x501
04-13 01:09:05.972 10854 10873 I native-activity: Frame 249 time is 22.571ms
04-13 01:09:05.972 10854 10873 I native-activity: Swap 249 time is 22.609ms
04-13 01:09:05.972 10854 10873 I native-activity: Animating
04-13 01:09:05.983 10854 10873 I native-activity: Frame 250 GL error is 0x0
04-13 01:09:05.983 10854 10873 I native-activity: Frame 250 time is 10.575ms
04-13 01:09:05.983 10854 10873 I native-activity: Swap 250 time is 10.611ms
04-13 01:09:05.983 10854 10873 I native-activity: Animating
04-13 01:09:05.990 10854 10873 I native-activity: Frame 251 GL error is 0x0
04-13 01:09:05.990 10854 10873 I native-activity: Frame 251 time is 7.447ms
04-13 01:09:05.990 10854 10873 I native-activity: Swap 251 time is 7.485ms
04-13 01:09:05.990 10854 10873 I native-activity: Animating
04-13 01:09:06.528   962  1240 I ActivityManager: Killing 9540:com.amazon.tahoe/u0a22078 (adj 12): empty #13
04-13 01:09:06.647   168   168 I Kernel  : [ 3465.247718] (1)[168:healthd]healthd: battery l=96 v=4125 t=24.0 h=2 st=2 chg=u
04-13 01:09:06.687    93    93 I Kernel  : [ 3465.284651] (2)[93:irq/258-inv_irq]inv_mpu_iio: inv_read_fifo: Received Sensor Interrupt to read FIFO and Fifo_count is 6
04-13 01:09:06.843 10854 10873 I native-activity: Frame 252 GL error is 0x501
04-13 01:09:06.843 10854 10873 I native-activity: Frame 252 time is 853.059ms
04-13 01:09:06.844 10854 10873 I native-activity: Swap 252 time is 853.234ms
04-13 01:09:06.844 10854 10873 I native-activity: Animating
04-13 01:09:06.857 10854 10873 I native-activity: Frame 253 GL error is 0x0
04-13 01:09:06.857 10854 10873 I native-activity: Frame 253 time is 12.268ms
04-13 01:09:06.857 10854 10873 I native-activity: Swap 253 time is 12.357ms
04-13 01:09:06.857 10854 10873 I native-activity: Animating
04-13 01:09:06.876 10854 10873 I native-activity: Frame 254 GL error is 0x0
04-13 01:09:06.876 10854 10873 I native-activity: Frame 254 time is 18.780ms
04-13 01:09:06.876 10854 10873 I native-activity: Swap 254 time is 18.864ms
04-13 01:09:06.876 10854 10873 I native-activity: Animating
04-13 01:09:06.886 10854 10873 I native-activity: Frame 255 GL error is 0x0
04-13 01:09:06.886 10854 10873 I native-activity: Frame 255 time is 9.614ms
04-13 01:09:06.886 10854 10873 I native-activity: Swap 255 time is 9.647ms
04-13 01:09:06.886 10854 10873 I native-activity: Animating
04-13 01:09:06.904 10854 10873 I native-activity: Frame 256 GL error is 0x0
04-13 01:09:06.904 10854 10873 I native-activity: Frame 256 time is 18.283ms
04-13 01:09:06.904 10854 10873 I native-activity: Swap 256 time is 18.325ms
04-13 01:09:06.904 10854 10873 I native-activity: Animating
04-13 01:09:06.925 10854 10873 I native-activity: Frame 257 GL error is 0x0
04-13 01:09:06.925 10854 10873 I native-activity: Frame 257 time is 20.416ms
04-13 01:09:06.925 10854 10873 I native-activity: Swap 257 time is 20.454ms
04-13 01:09:06.925 10854 10873 I native-activity: Animating
04-13 01:09:06.945 10854 10873 I native-activity: Frame 258 GL error is 0x0
04-13 01:09:06.945 10854 10873 I native-activity: Frame 258 time is 19.906ms
04-13 01:09:06.945 10854 10873 I native-activity: Swap 258 time is 19.944ms
04-13 01:09:06.945 10854 10873 I native-activity: Animating
04-13 01:09:06.965 10854 10873 I native-activity: Context 0x54791c10 made current on surface 0x54506520, error 0x3000
04-13 01:09:06.965 10854 10873 I native-activity: GL information
04-13 01:09:06.965 10854 10873 I native-activity: 	Renderer: PowerVR Rogue G6200
04-13 01:09:06.965 10854 10873 I native-activity: 	Vendor: Imagination Technologies
04-13 01:09:06.965 10854 10873 I native-activity: 	Version: OpenGL ES 3.1 build 1.4@3573678
04-13 01:09:06.965 10854 10873 I native-activity: 	Shading Language: OpenGL ES GLSL ES 3.10 build 1.4@3573678
04-13 01:09:06.965 10854 10873 I native-activity: 	Extensions: GL_EXT_debug_marker GL_EXT_blend_minmax GL_EXT_color_buffer_float GL_EXT_discard_framebuffer GL_EXT_draw_buffers GL_EXT_multi_draw_arrays GL_EXT_multisampled_render_to_texture GL_EXT_occlusion_query_boolean GL_EXT_read_format_bgra GL_EXT_robustness GL_EXT_separate_shader_objects GL_EXT_shader_framebuffer_fetch GL_EXT_shader_texture_lod GL_EXT_texture_filter_anisotropic GL_EXT_texture_format_BGRA8888 GL_EXT_texture_rg GL_EXT_texture_sRGB_decode GL_IMG_multisampled_render_to_texture GL_IMG_program_binary GL_IMG_read_format GL_IMG_shader_binary GL_IMG_texture_compression_pvrtc GL_IMG_texture_compression_pvrtc2 GL_IMG_texture_format_BGRA8888 GL_IMG_texture_npot GL_KHR_blend_equation_advanced GL_KHR_blend_equation_advanced_coherent GL_KHR_debug GL_OES_compressed_ETC1_RGB8_texture GL_OES_depth24 GL_OES_depth_texture GL_OES_EGL_image GL_OES_EGL_image_external GL_OES_EGL_sync GL_OES_element_index_uint GL_OES_fragment_precision_high GL_OES_get_program_binary GL_OES_mapbuffer GL_OES_packed_depth_stencil G
04-13 01:09:06.965 10854 10873 I native-activity: Context 0x54791c10 made current on surface 0x54506520, error 0x3000
04-13 01:09:06.965 10854 10873 I native-activity: GL information
04-13 01:09:06.965 10854 10873 I native-activity: 	Renderer: PowerVR Rogue G6200
04-13 01:09:06.965 10854 10873 I native-activity: 	Vendor: Imagination Technologies
04-13 01:09:06.965 10854 10873 I native-activity: 	Version: OpenGL ES 3.1 build 1.4@3573678
04-13 01:09:06.965 10854 10873 I native-activity: 	Shading Language: OpenGL ES GLSL ES 3.10 build 1.4@3573678
04-13 01:09:06.965 10854 10873 I native-activity: 	Extensions: GL_EXT_debug_marker GL_EXT_blend_minmax GL_EXT_color_buffer_float GL_EXT_discard_framebuffer GL_EXT_draw_buffers GL_EXT_multi_draw_arrays GL_EXT_multisampled_render_to_texture GL_EXT_occlusion_query_boolean GL_EXT_read_format_bgra GL_EXT_robustness GL_EXT_separate_shader_objects GL_EXT_shader_framebuffer_fetch GL_EXT_shader_texture_lod GL_EXT_texture_filter_anisotropic GL_EXT_texture_format_BGRA8888 GL_EXT_texture_rg GL_EXT_texture_sRGB_decode GL_IMG_multisampled_render_to_texture GL_IMG_program_binary GL_IMG_read_format GL_IMG_shader_binary GL_IMG_texture_compression_pvrtc GL_IMG_texture_compression_pvrtc2 GL_IMG_texture_format_BGRA8888 GL_IMG_texture_npot GL_KHR_blend_equation_advanced GL_KHR_blend_equation_advanced_coherent GL_KHR_debug GL_OES_compressed_ETC1_RGB8_texture GL_OES_depth24 GL_OES_depth_texture GL_OES_EGL_image GL_OES_EGL_image_external GL_OES_EGL_sync GL_OES_element_index_uint GL_OES_fragment_precision_high GL_OES_get_program_binary GL_OES_mapbuffer GL_OES_packed_depth_stencil G
04-13 01:09:06.965 10854 10873 I native-activity: Frame 259 GL error is 0x501
04-13 01:09:06.965 10854 10873 I native-activity: Frame 259 time is 20.446ms
04-13 01:09:06.965 10854 10873 I native-activity: Swap 259 time is 20.471ms
04-13 01:09:06.965 10854 10873 I native-activity: Animating
04-13 01:09:06.986 10854 10873 I native-activity: Frame 260 GL error is 0x500
04-13 01:09:06.986 10854 10873 I native-activity: Frame 260 time is 20.590ms
04-13 01:09:06.986 10854 10873 I native-activity: Swap 260 time is 20.625ms
04-13 01:09:06.986 10854 10873 I native-activity: Animating
04-13 01:09:07.007 10854 10873 I native-activity: Frame 261 GL error is 0x0
04-13 01:09:07.007 10854 10873 I native-activity: Frame 261 time is 21.082ms
04-13 01:09:07.007 10854 10873 I native-activity: Swap 261 time is 21.130ms
04-13 01:09:07.007 10854 10873 I native-activity: Animating
04-13 01:09:07.026 10854 10873 I native-activity: Frame 262 GL error is 0x0
04-13 01:09:07.026 10854 10873 I native-activity: Frame 262 time is 18.813ms
04-13 01:09:07.026 10854 10873 I native-activity: Swap 262 time is 18.860ms
04-13 01:09:07.026 10854 10873 I native-activity: Animating
04-13 01:09:07.046 10854 10873 I native-activity: Frame 263 GL error is 0x0
04-13 01:09:07.046 10854 10873 I native-activity: Frame 263 time is 20.075ms
04-13 01:09:07.046 10854 10873 I native-activity: Swap 263 time is 20.125ms
04-13 01:09:07.046 10854 10873 I native-activity: Animating
04-13 01:09:07.066 10854 10873 I native-activity: Frame 264 GL error is 0x0
04-13 01:09:07.067 10854 10873 I native-activity: Frame 264 time is 20.215ms
04-13 01:09:07.067 10854 10873 I native-activity: Swap 264 time is 20.264ms
04-13 01:09:07.067 10854 10873 I native-activity: Animating
04-13 01:09:07.081   962  1810 I PackageRecencyUtils: Waiting for idle
04-13 01:09:07.082   962  1810 I Vlog    : package_recency:broadcast_notification:fgtracking=false;DV;1,key=time_in_queue;DV;1,Timer=5002.0;TI;1,unit=ms;DV;1:HI
04-13 01:09:07.088 10854 10873 I native-activity: Frame 265 GL error is 0x0
04-13 01:09:07.088 10854 10873 I native-activity: Frame 265 time is 21.111ms
04-13 01:09:07.088 10854 10873 I native-activity: Swap 265 time is 21.170ms
04-13 01:09:07.088 10854 10873 I native-activity: Animating
04-13 01:09:07.092   962  5335 D ActivityManager: single user service: com.amazon.kindle.cms
04-13 01:09:07.094   962  5335 D ActivityManager: app = com.amazon.kindle.cms, has single user service, setting process record.
04-13 01:09:07.109 10854 10873 I native-activity: Frame 266 GL error is 0x0
04-13 01:09:07.109 10854 10873 I native-activity: Frame 266 time is 20.782ms
04-13 01:09:07.109 10854 10873 I native-activity: Swap 266 time is 20.822ms
04-13 01:09:07.109 10854 10873 I native-activity: Animating
04-13 01:09:07.132 10854 10873 I native-activity: Frame 267 GL error is 0x0
04-13 01:09:07.132 10854 10873 I native-activity: Frame 267 time is 22.750ms
04-13 01:09:07.132 10854 10873 I native-activity: Swap 267 time is 22.793ms
04-13 01:09:07.132 10854 10873 I native-activity: Animating
04-13 01:09:07.155 10854 10873 I native-activity: Frame 268 GL error is 0x0
04-13 01:09:07.155 10854 10873 I native-activity: Frame 268 time is 23.541ms
04-13 01:09:07.155 10854 10873 I native-activity: Swap 268 time is 23.624ms
04-13 01:09:07.155 10854 10873 I native-activity: Animating
04-13 01:09:07.179 10854 10873 I native-activity: Frame 269 GL error is 0x0
04-13 01:09:07.179 10854 10873 I native-activity: Frame 269 time is 23.394ms
04-13 01:09:07.179 10854 10873 I native-activity: Swap 269 time is 23.473ms
04-13 01:09:07.179 10854 10873 I native-activity: Animating
04-13 01:09:07.203 10854 10873 I native-activity: Frame 270 GL error is 0x0
04-13 01:09:07.204 10854 10873 I native-activity: Frame 270 time is 24.847ms
04-13 01:09:07.204 10854 10873 I native-activity: Swap 270 time is 25.306ms
04-13 01:09:07.205 10854 10873 I native-activity: Animating
04-13 01:09:07.227 10854 10873 I native-activity: Frame 271 GL error is 0x0
04-13 01:09:07.227 10854 10873 I native-activity: Frame 271 time is 22.061ms
04-13 01:09:07.228 10854 10873 I native-activity: Swap 271 time is 22.149ms
04-13 01:09:07.228 10854 10873 I native-activity: Animating
04-13 01:09:07.247 10854 10873 I native-activity: Frame 272 GL error is 0x0
04-13 01:09:07.247 10854 10873 I native-activity: Frame 272 time is 19.554ms
04-13 01:09:07.247 10854 10873 I native-activity: Swap 272 time is 19.642ms
04-13 01:09:07.247 10854 10873 I native-activity: Animating
04-13 01:09:07.270 10854 10873 I native-activity: Frame 273 GL error is 0x0
04-13 01:09:07.270 10854 10873 I native-activity: Frame 273 time is 22.611ms
04-13 01:09:07.270 10854 10873 I native-activity: Swap 273 time is 22.659ms
04-13 01:09:07.270 10854 10873 I native-activity: Animating
04-13 01:09:07.296 10854 10873 I native-activity: Frame 274 GL error is 0x501
04-13 01:09:07.296 10854 10873 I native-activity: Frame 274 time is 25.408ms
04-13 01:09:07.296 10854 10873 I native-activity: Swap 274 time is 25.453ms
04-13 01:09:07.296 10854 10873 I native-activity: Animating
04-13 01:09:07.316 10854 10873 I native-activity: Frame 275 GL error is 0x0
04-13 01:09:07.316 10854 10873 I native-activity: Frame 275 time is 20.644ms
04-13 01:09:07.316 10854 10873 I native-activity: Swap 275 time is 20.693ms
04-13 01:09:07.316 10854 10873 I native-activity: Animating
04-13 01:09:07.332   962  1716 D WifiService: acquireWifiLockLocked: WifiLock{com.amazon.dcp.framework.iuc.ConnectionEstablisherWithConnectivityEnforcement type=1 binder=android.os.BinderProxy@35c7acdc}
04-13 01:09:07.339 10854 10873 I native-activity: Frame 276 GL error is 0x0
04-13 01:09:07.339 10854 10873 I native-activity: Frame 276 time is 22.231ms
04-13 01:09:07.339 10854 10873 I native-activity: Swap 276 time is 22.283ms
04-13 01:09:07.339 10854 10873 I native-activity: Animating
04-13 01:09:07.348   962  1245 D ActivityManager: single user service: com.amazon.imp
04-13 01:09:07.350   962  1245 D ActivityManager: app = com.amazon.imp, has single user service, setting process record.
04-13 01:09:07.360 10854 10873 I native-activity: Frame 277 GL error is 0x0
04-13 01:09:07.360 10854 10873 I native-activity: Frame 277 time is 21.644ms
04-13 01:09:07.361 10854 10873 I native-activity: Swap 277 time is 21.686ms
04-13 01:09:07.361 10854 10873 I native-activity: Animating
04-13 01:09:07.383 10854 10873 I native-activity: Frame 278 GL error is 0x0
04-13 01:09:07.383 10854 10873 I native-activity: Frame 278 time is 22.486ms
04-13 01:09:07.383 10854 10873 I native-activity: Swap 278 time is 22.530ms
04-13 01:09:07.383 10854 10873 I native-activity: Animating
04-13 01:09:07.404 10854 10873 I native-activity: Frame 279 GL error is 0x0
04-13 01:09:07.404 10854 10873 I native-activity: Frame 279 time is 20.401ms
04-13 01:09:07.404 10854 10873 I native-activity: Swap 279 time is 20.439ms
04-13 01:09:07.404 10854 10873 I native-activity: Animating
04-13 01:09:07.425 10854 10873 I native-activity: Frame 280 GL error is 0x0
04-13 01:09:07.425 10854 10873 I native-activity: Frame 280 time is 20.952ms
04-13 01:09:07.425 10854 10873 I native-activity: Swap 280 time is 20.999ms
04-13 01:09:07.425 10854 10873 I native-activity: Animating
04-13 01:09:07.448 10854 10873 I native-activity: Frame 281 GL error is 0x0
04-13 01:09:07.448 10854 10873 I native-activity: Frame 281 time is 23.140ms
04-13 01:09:07.448 10854 10873 I native-activity: Swap 281 time is 23.197ms
04-13 01:09:07.448 10854 10873 I native-activity: Animating
04-13 01:09:07.459   962  3494 D ActivityManager: single user service: com.amazon.kindle.cms
04-13 01:09:07.460   962  3494 D ActivityManager: app = com.amazon.kindle.cms, has single user service, setting process record.
04-13 01:09:07.472 10854 10873 I native-activity: Frame 282 GL error is 0x0
04-13 01:09:07.472 10854 10873 I native-activity: Frame 282 time is 24.148ms
04-13 01:09:07.472 10854 10873 I native-activity: Swap 282 time is 24.193ms
04-13 01:09:07.472 10854 10873 I native-activity: Animating
04-13 01:09:07.496 10854 10873 I native-activity: Frame 283 GL error is 0x0
04-13 01:09:07.496 10854 10873 I native-activity: Frame 283 time is 23.632ms
04-13 01:09:07.496 10854 10873 I native-activity: Swap 283 time is 23.675ms
04-13 01:09:07.496 10854 10873 I native-activity: Animating
04-13 01:09:07.522 10854 10873 I native-activity: Frame 284 GL error is 0x0
04-13 01:09:07.522 10854 10873 I native-activity: Frame 284 time is 26.241ms
04-13 01:09:07.522 10854 10873 I native-activity: Swap 284 time is 26.287ms
04-13 01:09:07.522 10854 10873 I native-activity: Animating
04-13 01:09:07.517    93    93 I Kernel  : [ 3466.116469] (3)[93:irq/258-inv_irq]inv_mpu_iio: inv_read_fifo: Received Sensor Interrupt to read FIFO and Fifo_count is 6
04-13 01:09:07.554 10854 10873 I native-activity: Frame 285 GL error is 0x0
04-13 01:09:07.554 10854 10873 I native-activity: Frame 285 time is 31.297ms
04-13 01:09:07.554 10854 10873 I native-activity: Swap 285 time is 31.380ms
04-13 01:09:07.554 10854 10873 I native-activity: Animating
04-13 01:09:07.573 10854 10873 I native-activity: Frame 286 GL error is 0x0
04-13 01:09:07.574 10854 10873 I native-activity: Frame 286 time is 19.503ms
04-13 01:09:07.574 10854 10873 I native-activity: Swap 286 time is 19.578ms
04-13 01:09:07.574 10854 10873 I native-activity: Animating
04-13 01:09:07.595 10854 10873 I native-activity: Frame 287 GL error is 0x0
04-13 01:09:07.595 10854 10873 I native-activity: Frame 287 time is 21.072ms
04-13 01:09:07.595 10854 10873 I native-activity: Swap 287 time is 21.113ms
04-13 01:09:07.595 10854 10873 I native-activity: Animating
04-13 01:09:07.607   962  5168 D ActivityManager: single user service: com.amazon.kindle.cms
04-13 01:09:07.597    93    93 I Kernel  : [ 3466.197433] (3)[93:irq/258-inv_irq]inv_mpu_iio: inv_push_8bytes_buffer: Received Accel Sensor Data at Driver Layer -800, 1852, -16388
04-13 01:09:07.608   962  5168 D ActivityManager: app = com.amazon.kindle.cms, has single user service, setting process record.
04-13 01:09:07.617 10854 10873 I native-activity: Frame 288 GL error is 0x0
04-13 01:09:07.617 10854 10873 I native-activity: Frame 288 time is 21.737ms
04-13 01:09:07.617 10854 10873 I native-activity: Swap 288 time is 21.781ms
04-13 01:09:07.617 10854 10873 I native-activity: Animating
04-13 01:09:07.634   962   977 D ActivityManager: single user service: com.amazon.kindle.cms
04-13 01:09:07.636   962   977 D ActivityManager: app = com.amazon.kindle.cms, has single user service, setting process record.
04-13 01:09:07.641 10854 10873 I native-activity: Frame 289 GL error is 0x0
04-13 01:09:07.642 10854 10873 I native-activity: Frame 289 time is 24.784ms
04-13 01:09:07.642 10854 10873 I native-activity: Swap 289 time is 24.830ms
04-13 01:09:07.642 10854 10873 I native-activity: Animating
04-13 01:09:07.664 10854 10873 I native-activity: Frame 290 GL error is 0x0
04-13 01:09:07.664 10854 10873 I native-activity: Frame 290 time is 22.247ms
04-13 01:09:07.664 10854 10873 I native-activity: Swap 290 time is 22.324ms
04-13 01:09:07.664 10854 10873 I native-activity: Animating
04-13 01:09:07.686 10854 10873 I native-activity: Frame 291 GL error is 0x0
04-13 01:09:07.686 10854 10873 I native-activity: Frame 291 time is 21.980ms
04-13 01:09:07.686 10854 10873 I native-activity: Swap 291 time is 22.026ms
04-13 01:09:07.686 10854 10873 I native-activity: Animating
04-13 01:09:07.692   962  1716 W AccountManagerService: insertAccountIntoDatabase: Account {name=default_account, type=com.amazon.firelauncher.account}, skipping since the account already exists
04-13 01:09:07.697   962  1245 W AccountManagerService: insertAccountIntoDatabase: Account {name=default_account, type=com.amazon.firelauncher.account}, skipping since the account already exists
04-13 01:09:07.701   962  1726 W AccountManagerService: insertAccountIntoDatabase: Account {name=default_account, type=com.amazon.firelauncher.account}, skipping since the account already exists
04-13 01:09:07.709 10854 10873 I native-activity: Frame 292 GL error is 0x0
04-13 01:09:07.709 10854 10873 I native-activity: Frame 292 time is 23.036ms
04-13 01:09:07.709 10854 10873 I native-activity: Swap 292 time is 23.084ms
04-13 01:09:07.709 10854 10873 I native-activity: Animating
04-13 01:09:07.725   962  5335 D ActivityManager: single user service: com.amazon.kindle.cms
04-13 01:09:07.726   962  5335 D ActivityManager: app = com.amazon.kindle.cms, has single user service, setting process record.
04-13 01:09:07.734 10854 10873 I native-activity: Frame 293 GL error is 0x0
04-13 01:09:07.734 10854 10873 I native-activity: Frame 293 time is 24.486ms
04-13 01:09:07.734 10854 10873 I native-activity: Swap 293 time is 24.531ms
04-13 01:09:07.734 10854 10873 I native-activity: Animating
04-13 01:09:07.746   962  3494 W AccountManagerService: insertAccountIntoDatabase: Account {name=default_account, type=com.amazon.firelauncher.account}, skipping since the account already exists
04-13 01:09:07.757 10854 10873 I native-activity: Frame 294 GL error is 0x0
04-13 01:09:07.757 10854 10873 I native-activity: Frame 294 time is 23.092ms
04-13 01:09:07.757 10854 10873 I native-activity: Swap 294 time is 23.137ms
04-13 01:09:07.757 10854 10873 I native-activity: Animating
04-13 01:09:07.765   962  1240 W AccountManagerService: insertAccountIntoDatabase: Account {name=default_account, type=com.amazon.firelauncher.account}, skipping since the account already exists
04-13 01:09:07.773   962   977 W AccountManagerService: insertAccountIntoDatabase: Account {name=default_account, type=com.amazon.firelauncher.account}, skipping since the account already exists
04-13 01:09:07.778   962  1716 W AccountManagerService: insertAccountIntoDatabase: Account {name=default_account, type=com.amazon.firelauncher.account}, skipping since the account already exists
04-13 01:09:07.782 10854 10873 I native-activity: Frame 295 GL error is 0x0
04-13 01:09:07.782 10854 10873 I native-activity: Frame 295 time is 24.383ms
04-13 01:09:07.782 10854 10873 I native-activity: Swap 295 time is 24.441ms
04-13 01:09:07.782 10854 10873 I native-activity: Animating
04-13 01:09:07.806 10854 10873 I native-activity: Frame 296 GL error is 0x0
04-13 01:09:07.806 10854 10873 I native-activity: Frame 296 time is 24.489ms
04-13 01:09:07.806 10854 10873 I native-activity: Swap 296 time is 24.570ms
04-13 01:09:07.806 10854 10873 I native-activity: Animating
04-13 01:09:07.825   962  5334 W AccountManagerService: insertAccountIntoDatabase: Account {name=default_account, type=com.amazon.firelauncher.account}, skipping since the account already exists
04-13 01:09:07.832 10854 10873 I native-activity: Frame 297 GL error is 0x0
04-13 01:09:07.832 10854 10873 I native-activity: Frame 297 time is 25.294ms
04-13 01:09:07.832   962   976 I art     : Background sticky concurrent mark sweep GC freed 17519(871KB) AllocSpace objects, 5(80KB) LOS objects, 4% free, 19MB/20MB, paused 18.515ms total 62.922ms
04-13 01:09:07.832 10854 10873 I native-activity: Swap 297 time is 25.415ms
04-13 01:09:07.832 10854 10873 I native-activity: Animating
04-13 01:09:07.845   962  1011 W AccountManagerService: insertAccountIntoDatabase: Account {name=default_account, type=com.amazon.firelauncher.account}, skipping since the account already exists
04-13 01:09:07.854 10854 10873 I native-activity: Frame 298 GL error is 0x0
04-13 01:09:07.854 10854 10873 I native-activity: Frame 298 time is 21.948ms
04-13 01:09:07.854 10854 10873 I native-activity: Swap 298 time is 22.031ms
04-13 01:09:07.854 10854 10873 I native-activity: Animating
04-13 01:09:07.859   962   977 W AccountManagerService: insertAccountIntoDatabase: Account {name=default_account, type=com.amazon.firelauncher.account}, skipping since the account already exists
04-13 01:09:07.869   962  1725 W AccountManagerService: insertAccountIntoDatabase: Account {name=default_account, type=com.amazon.firelauncher.account}, skipping since the account already exists
04-13 01:09:07.871   962  1245 W AccountManagerService: insertAccountIntoDatabase: Account {name=default_account, type=com.amazon.firelauncher.account}, skipping since the account already exists
04-13 01:09:07.877 10854 10873 I native-activity: Frame 299 GL error is 0x0
04-13 01:09:07.877 10854 10873 I native-activity: Frame 299 time is 22.957ms
04-13 01:09:07.877 10854 10873 I native-activity: Swap 299 time is 23.003ms
04-13 01:09:07.877 10854 10873 I native-activity: Animating
04-13 01:09:07.898   962  1723 W AccountManagerService: insertAccountIntoDatabase: Account {name=default_account, type=com.amazon.firelauncher.account}, skipping since the account already exists
04-13 01:09:07.908 10854 10873 I native-activity: Frame 300 GL error is 0x0
04-13 01:09:07.908 10854 10873 I native-activity: Frame 300 time is 30.299ms
04-13 01:09:07.908 10854 10873 I native-activity: Swap 300 time is 30.376ms
04-13 01:09:07.908 10854 10873 I native-activity: Animating
04-13 01:09:07.918   962  1011 W AccountManagerService: insertAccountIntoDatabase: Account {name=default_account, type=com.amazon.firelauncher.account}, skipping since the account already exists
04-13 01:09:07.925   962  5334 W AccountManagerService: insertAccountIntoDatabase: Account {name=default_account, type=com.amazon.firelauncher.account}, skipping since the account already exists
04-13 01:09:07.926 10854 10873 I native-activity: Frame 301 GL error is 0x0
04-13 01:09:07.926 10854 10873 I native-activity: Frame 301 time is 17.960ms
04-13 01:09:07.926 10854 10873 I native-activity: Swap 301 time is 18.006ms
04-13 01:09:07.926 10854 10873 I native-activity: Animating
04-13 01:09:07.930   962  1240 W AccountManagerService: insertAccountIntoDatabase: Account {name=default_account, type=com.amazon.firelauncher.account}, skipping since the account already exists
04-13 01:09:07.947 10854 10873 I native-activity: Frame 302 GL error is 0x0
04-13 01:09:07.947 10854 10873 I native-activity: Frame 302 time is 20.879ms
04-13 01:09:07.947 10854 10873 I native-activity: Swap 302 time is 20.925ms
04-13 01:09:07.947 10854 10873 I native-activity: Animating
04-13 01:09:07.959   962  1011 W AccountManagerService: insertAccountIntoDatabase: Account {name=default_account, type=com.amazon.firelauncher.account}, skipping since the account already exists
04-13 01:09:07.969 10854 10873 I native-activity: Frame 303 GL error is 0x0
04-13 01:09:07.969 10854 10873 I native-activity: Frame 303 time is 22.247ms
04-13 01:09:07.969 10854 10873 I native-activity: Swap 303 time is 22.294ms
04-13 01:09:07.969 10854 10873 I native-activity: Animating
04-13 01:09:07.971   962  1723 W AccountManagerService: insertAccountIntoDatabase: Account {name=default_account, type=com.amazon.firelauncher.account}, skipping since the account already exists
04-13 01:09:07.990 10854 10873 I native-activity: Frame 304 GL error is 0x0
04-13 01:09:07.990 10854 10873 I native-activity: Frame 304 time is 20.480ms
04-13 01:09:07.990 10854 10873 I native-activity: Swap 304 time is 20.519ms
04-13 01:09:07.990 10854 10873 I native-activity: Animating
04-13 01:09:08.011 10854 10873 I native-activity: Frame 305 GL error is 0x0
04-13 01:09:08.011 10854 10873 I native-activity: Frame 305 time is 20.944ms
04-13 01:09:08.011 10854 10873 I native-activity: Swap 305 time is 20.982ms
04-13 01:09:08.011 10854 10873 I native-activity: Animating
04-13 01:09:08.016   962  1245 W AccountManagerService: insertAccountIntoDatabase: Account {name=default_account, type=com.amazon.firelauncher.account}, skipping since the account already exists
04-13 01:09:08.032 10854 10873 I native-activity: Frame 306 GL error is 0x0
04-13 01:09:08.032 10854 10873 I native-activity: Frame 306 time is 21.485ms
04-13 01:09:08.032 10854 10873 I native-activity: Swap 306 time is 21.526ms
04-13 01:09:08.032 10854 10873 I native-activity: Animating
04-13 01:09:08.038   962  5168 W AccountManagerService: insertAccountIntoDatabase: Account {name=default_account, type=com.amazon.firelauncher.account}, skipping since the account already exists
04-13 01:09:08.053 10854 10873 I native-activity: Frame 307 GL error is 0x0
04-13 01:09:08.053 10854 10873 I native-activity: Frame 307 time is 20.854ms
04-13 01:09:08.053 10854 10873 I native-activity: Swap 307 time is 20.899ms
04-13 01:09:08.053 10854 10873 I native-activity: Animating
04-13 01:09:08.057   962  3494 W AccountManagerService: insertAccountIntoDatabase: Account {name=default_account, type=com.amazon.firelauncher.account}, skipping since the account already exists
04-13 01:09:08.072   962  1716 W AccountManagerService: insertAccountIntoDatabase: Account {name=default_account, type=com.amazon.firelauncher.account}, skipping since the account already exists
04-13 01:09:08.076 10854 10873 I native-activity: Frame 308 GL error is 0x0
04-13 01:09:08.076 10854 10873 I native-activity: Frame 308 time is 23.033ms
04-13 01:09:08.077 10854 10873 I native-activity: Swap 308 time is 23.080ms
04-13 01:09:08.077 10854 10873 I native-activity: Animating
04-13 01:09:08.099 10854 10873 I native-activity: Frame 309 GL error is 0x0
04-13 01:09:08.099 10854 10873 I native-activity: Frame 309 time is 22.604ms
04-13 01:09:08.099 10854 10873 I native-activity: Swap 309 time is 22.645ms
04-13 01:09:08.099 10854 10873 I native-activity: Animating
04-13 01:09:08.124 10854 10873 I native-activity: Frame 310 GL error is 0x0
04-13 01:09:08.124 10854 10873 I native-activity: Frame 310 time is 24.279ms
