04-13 01:08:28.231 10339 10357 I native-activity: Animating
04-13 01:08:28.231 10339 10357 I native-activity: Frame 182 GL error is 0x0
04-13 01:08:28.231 10339 10357 I native-activity: Frame 182 time is 0.055ms
04-13 01:08:28.231 10339 10357 I native-activity: Swap 182 time is 0.069ms
04-13 01:08:28.231 10339 10357 I native-activity: Animating
04-13 01:08:28.231 10339 10357 I native-activity: Frame 183 GL error is 0x0
04-13 01:08:28.231 10339 10357 I native-activity: Frame 183 time is 0.066ms
04-13 01:08:28.231 10339 10357 I native-activity: Swap 183 time is 0.085ms
04-13 01:08:28.231 10339 10357 I native-activity: Animating
04-13 01:08:28.231 10339 10357 I native-activity: Frame 184 GL error is 0x0
04-13 01:08:28.231 10339 10357 I native-activity: Frame 184 time is 0.064ms
04-13 01:08:28.231 10339 10357 I native-activity: Swap 184 time is 0.080ms
04-13 01:08:28.231 10339 10357 I native-activity: Animating
04-13 01:08:28.231 10339 10357 I native-activity: Frame 185 GL error is 0x0
04-13 01:08:28.231 10339 10357 I native-activity: Frame 185 time is 0.057ms
04-13 01:08:28.231 10339 10357 I native-activity: Swap 185 time is 0.072ms
04-13 01:08:28.231 10339 10357 I native-activity: Animating
04-13 01:08:28.231 10339 10357 I native-activity: Frame 186 GL error is 0x0
04-13 01:08:28.231 10339 10357 I native-activity: Frame 186 time is 0.068ms
04-13 01:08:28.231 10339 10357 I native-activity: Swap 186 time is 0.085ms
04-13 01:08:28.231 10339 10357 I native-activity: Animating
04-13 01:08:28.231 10339 10357 I native-activity: Frame 187 GL error is 0x0
04-13 01:08:28.231 10339 10357 I native-activity: Frame 187 time is 0.059ms
04-13 01:08:28.231 10339 10357 I native-activity: Swap 187 time is 0.074ms
04-13 01:08:28.231 10339 10357 I native-activity: Animating
04-13 01:08:28.232 10339 10357 I native-activity: Frame 188 GL error is 0x0
04-13 01:08:28.232 10339 10357 I native-activity: Frame 188 time is 0.068ms
04-13 01:08:28.232 10339 10357 I native-activity: Swap 188 time is 0.084ms
04-13 01:08:28.232 10339 10357 I native-activity: Animating
04-13 01:08:28.232 10339 10357 I native-activity: Frame 189 GL error is 0x0
04-13 01:08:28.232 10339 10357 I native-activity: Frame 189 time is 0.056ms
04-13 01:08:28.232 10339 10357 I native-activity: Swap 189 time is 0.071ms
04-13 01:08:28.232 10339 10357 I native-activity: Animating
04-13 01:08:28.232 10339 10357 I native-activity: Frame 190 GL error is 0x0
04-13 01:08:28.232 10339 10357 I native-activity: Frame 190 time is 0.055ms
04-13 01:08:28.232 10339 10357 I native-activity: Swap 190 time is 0.069ms
04-13 01:08:28.232 10339 10357 I native-activity: Animating
04-13 01:08:28.232 10339 10357 I native-activity: Frame 191 GL error is 0x0
04-13 01:08:28.232 10339 10357 I native-activity: Frame 191 time is 0.071ms
04-13 01:08:28.232 10339 10357 I native-activity: Swap 191 time is 0.088ms
04-13 01:08:28.232 10339 10357 I native-activity: Animating
04-13 01:08:28.232 10339 10357 I native-activity: Frame 192 GL error is 0x0
04-13 01:08:28.232 10339 10357 I native-activity: Frame 192 time is 0.056ms
04-13 01:08:28.232 10339 10357 I native-activity: Swap 192 time is 0.071ms
04-13 01:08:28.232 10339 10357 I native-activity: Animating
04-13 01:08:28.232 10339 10357 I native-activity: Frame 193 GL error is 0x0
04-13 01:08:28.232 10339 10357 I native-activity: Frame 193 time is 0.066ms
04-13 01:08:28.232 10339 10357 I native-activity: Swap 193 time is 0.083ms
04-13 01:08:28.232 10339 10357 I native-activity: Animating
04-13 01:08:28.232 10339 10357 I native-activity: Frame 194 GL error is 0x0
04-13 01:08:28.232 10339 10357 I native-activity: Frame 194 time is 0.056ms
04-13 01:08:28.232 10339 10357 I native-activity: Swap 194 time is 0.071ms
04-13 01:08:28.232 10339 10357 I native-activity: Animating
04-13 01:08:28.232 10339 10357 I native-activity: Frame 195 GL error is 0x0
04-13 01:08:28.232 10339 10357 I native-activity: Frame 195 time is 0.056ms
04-13 01:08:28.232 10339 10357 I native-activity: Swap 195 time is 0.072ms
04-13 01:08:28.232 10339 10357 I native-activity: Animating
04-13 01:08:28.236 10339 10357 I native-activity: Frame 196 GL error is 0x0
04-13 01:08:28.236 10339 10357 I native-activity: Frame 196 time is 3.912ms
04-13 01:08:28.236 10339 10357 I native-activity: Swap 196 time is 3.936ms
04-13 01:08:28.236 10339 10357 I native-activity: Animating
04-13 01:08:28.236 10339 10357 I native-activity: Frame 197 GL error is 0x0
04-13 01:08:28.236 10339 10357 I native-activity: Frame 197 time is 0.091ms
04-13 01:08:28.236 10339 10357 I native-activity: Swap 197 time is 0.108ms
04-13 01:08:28.236 10339 10357 I native-activity: Animating
04-13 01:08:28.236 10339 10357 I native-activity: Frame 198 GL error is 0x0
04-13 01:08:28.236 10339 10357 I native-activity: Frame 198 time is 0.087ms
04-13 01:08:28.236 10339 10357 I native-activity: Swap 198 time is 0.105ms
04-13 01:08:28.236 10339 10357 I native-activity: Animating
04-13 01:08:28.236 10339 10357 I native-activity: Frame 199 GL error is 0x0
04-13 01:08:28.237 10339 10357 I native-activity: Frame 199 time is 0.057ms
04-13 01:08:28.237 10339 10357 I native-activity: Swap 199 time is 0.072ms
04-13 01:08:28.237 10339 10357 I native-activity: Animating
04-13 01:08:28.237 10339 10357 I native-activity: Frame 200 GL error is 0x0
04-13 01:08:28.237 10339 10357 I native-activity: Frame 200 time is 0.056ms
04-13 01:08:28.237 10339 10357 I native-activity: Swap 200 time is 0.071ms
04-13 01:08:28.237 10339 10357 I native-activity: Animating
04-13 01:08:28.237 10339 10357 I native-activity: Frame 201 GL error is 0x0
04-13 01:08:28.237 10339 10357 I native-activity: Frame 201 time is 0.069ms
04-13 01:08:28.237 10339 10357 I native-activity: Swap 201 time is 0.086ms
04-13 01:08:28.237 10339 10357 I native-activity: Animating
04-13 01:08:28.237 10339 10357 I native-activity: Frame 202 GL error is 0x0
04-13 01:08:28.237 10339 10357 I native-activity: Frame 202 time is 0.062ms
04-13 01:08:28.237 10339 10357 I native-activity: Swap 202 time is 0.079ms
04-13 01:08:28.237 10339 10357 I native-activity: Animating
04-13 01:08:28.237 10339 10357 I native-activity: Frame 203 GL error is 0x0
04-13 01:08:28.237 10339 10357 I native-activity: Frame 203 time is 0.067ms
04-13 01:08:28.237 10339 10357 I native-activity: Swap 203 time is 0.092ms
04-13 01:08:28.237 10339 10357 I native-activity: Animating
04-13 01:08:28.237 10339 10357 I native-activity: Frame 204 GL error is 0x0
04-13 01:08:28.237 10339 10357 I native-activity: Frame 204 time is 0.055ms
04-13 01:08:28.237 10339 10357 I native-activity: Swap 204 time is 0.071ms
04-13 01:08:28.237 10339 10357 I native-activity: Animating
04-13 01:08:28.237 10339 10357 I native-activity: Frame 205 GL error is 0x0
04-13 01:08:28.237 10339 10357 I native-activity: Frame 205 time is 0.066ms
04-13 01:08:28.237 10339 10357 I native-activity: Swap 205 time is 0.083ms
04-13 01:08:28.237 10339 10357 I native-activity: Animating
04-13 01:08:28.237 10339 10357 I native-activity: Frame 206 GL error is 0x0
04-13 01:08:28.237 10339 10357 I native-activity: Frame 206 time is 0.056ms
04-13 01:08:28.237 10339 10357 I native-activity: Swap 206 time is 0.070ms
04-13 01:08:28.237 10339 10357 I native-activity: Animating
04-13 01:08:28.237 10339 10357 I native-activity: Frame 207 GL error is 0x0
04-13 01:08:28.237 10339 10357 I native-activity: Frame 207 time is 0.060ms
04-13 01:08:28.237 10339 10357 I native-activity: Swap 207 time is 0.074ms
04-13 01:08:28.237 10339 10357 I native-activity: Animating
04-13 01:08:28.237 10339 10357 I native-activity: Frame 208 GL error is 0x0
04-13 01:08:28.237 10339 10357 I native-activity: Frame 208 time is 0.066ms
04-13 01:08:28.237 10339 10357 I native-activity: Swap 208 time is 0.083ms
04-13 01:08:28.237 10339 10357 I native-activity: Animating
04-13 01:08:28.237 10339 10357 I native-activity: Frame 209 GL error is 0x0
04-13 01:08:28.237 10339 10357 I native-activity: Frame 209 time is 0.055ms
04-13 01:08:28.238 10339 10357 I native-activity: Swap 209 time is 0.070ms
04-13 01:08:28.238 10339 10357 I native-activity: Animating
04-13 01:08:28.238 10339 10357 I native-activity: Frame 210 GL error is 0x0
04-13 01:08:28.238 10339 10357 I native-activity: Frame 210 time is 0.067ms
04-13 01:08:28.238 10339 10357 I native-activity: Swap 210 time is 0.084ms
04-13 01:08:28.238 10339 10357 I native-activity: Animating
04-13 01:08:28.238 10339 10357 I native-activity: Frame 211 GL error is 0x0
04-13 01:08:28.238 10339 10357 I native-activity: Frame 211 time is 0.056ms
04-13 01:08:28.238 10339 10357 I native-activity: Swap 211 time is 0.070ms
04-13 01:08:28.238 10339 10357 I native-activity: Animating
04-13 01:08:28.238 10339 10357 I native-activity: Frame 212 GL error is 0x0
04-13 01:08:28.238 10339 10357 I native-activity: Frame 212 time is 0.055ms
04-13 01:08:28.238 10339 10357 I native-activity: Swap 212 time is 0.079ms
04-13 01:08:28.238 10339 10357 I native-activity: Animating
04-13 01:08:28.238 10339 10357 I native-activity: Frame 213 GL error is 0x0
04-13 01:08:28.238 10339 10357 I native-activity: Frame 213 time is 0.071ms
04-13 01:08:28.238 10339 10357 I native-activity: Swap 213 time is 0.088ms
04-13 01:08:28.238 10339 10357 I native-activity: Animating
04-13 01:08:28.238 10339 10357 I native-activity: Frame 214 GL error is 0x0
04-13 01:08:28.238 10339 10357 I native-activity: Frame 214 time is 0.060ms
04-13 01:08:28.238 10339 10357 I native-activity: Swap 214 time is 0.076ms
04-13 01:08:28.238 10339 10357 I native-activity: Animating
04-13 01:08:28.238 10339 10357 I native-activity: Frame 215 GL error is 0x0
04-13 01:08:28.238 10339 10357 I native-activity: Frame 215 time is 0.069ms
04-13 01:08:28.238 10339 10357 I native-activity: Swap 215 time is 0.085ms
04-13 01:08:28.238 10339 10357 I native-activity: Animating
04-13 01:08:28.238 10339 10357 I native-activity: Frame 216 GL error is 0x0
04-13 01:08:28.238 10339 10357 I native-activity: Frame 216 time is 0.059ms
04-13 01:08:28.238 10339 10357 I native-activity: Swap 216 time is 0.074ms
04-13 01:08:28.238 10339 10357 I native-activity: Animating
04-13 01:08:28.238 10339 10357 I native-activity: Frame 217 GL error is 0x0
04-13 01:08:28.238 10339 10357 I native-activity: Frame 217 time is 0.062ms
04-13 01:08:28.238 10339 10357 I native-activity: Swap 217 time is 0.081ms
04-13 01:08:28.238 10339 10357 I native-activity: Animating
04-13 01:08:28.238 10339 10357 I native-activity: Frame 218 GL error is 0x0
04-13 01:08:28.238 10339 10357 I native-activity: Frame 218 time is 0.072ms
04-13 01:08:28.238 10339 10357 I native-activity: Swap 218 time is 0.088ms
04-13 01:08:28.238 10339 10357 I native-activity: Animating
04-13 01:08:28.238 10339 10357 I native-activity: Frame 219 GL error is 0x0
04-13 01:08:28.239 10339 10357 I native-activity: Frame 219 time is 0.063ms
04-13 01:08:28.239 10339 10357 I native-activity: Swap 219 time is 0.080ms
04-13 01:08:28.239 10339 10357 I native-activity: Animating
04-13 01:08:28.239 10339 10357 I native-activity: Frame 220 GL error is 0x0
04-13 01:08:28.239 10339 10357 I native-activity: Frame 220 time is 0.073ms
04-13 01:08:28.239 10339 10357 I native-activity: Swap 220 time is 0.092ms
04-13 01:08:28.239 10339 10357 I native-activity: Animating
04-13 01:08:28.239 10339 10357 I native-activity: Frame 221 GL error is 0x0
04-13 01:08:28.239 10339 10357 I native-activity: Frame 221 time is 0.058ms
04-13 01:08:28.239 10339 10357 I native-activity: Swap 221 time is 0.073ms
04-13 01:08:28.239 10339 10357 I native-activity: Animating
04-13 01:08:28.239 10339 10357 I native-activity: Frame 222 GL error is 0x0
04-13 01:08:28.239 10339 10357 I native-activity: Frame 222 time is 0.057ms
04-13 01:08:28.239 10339 10357 I native-activity: Swap 222 time is 0.072ms
04-13 01:08:28.239 10339 10357 I native-activity: Animating
04-13 01:08:28.239 10339 10357 I native-activity: Frame 223 GL error is 0x0
04-13 01:08:28.239 10339 10357 I native-activity: Frame 223 time is 0.068ms
04-13 01:08:28.239 10339 10357 I native-activity: Swap 223 time is 0.085ms
04-13 01:08:28.239 10339 10357 I native-activity: Animating
04-13 01:08:28.239 10339 10357 I native-activity: Frame 224 GL error is 0x0
04-13 01:08:28.239 10339 10357 I native-activity: Frame 224 time is 0.055ms
04-13 01:08:28.239 10339 10357 I native-activity: Swap 224 time is 0.069ms
04-13 01:08:28.239 10339 10357 I native-activity: Animating
04-13 01:08:28.527    93    93 I Kernel  : [ 3427.120207] (3)[93:irq/258-inv_irq]inv_mpu_iio: inv_read_fifo: Received Sensor Interrupt to read FIFO and Fifo_count is 6
04-13 01:08:28.591   962  1056 D TaskPersister: removeObsoleteFile: deleting file=636_task.xml
04-13 01:08:28.635 10339 10357 I native-activity: Frame 225 GL error is 0x501
04-13 01:08:28.635 10339 10357 I native-activity: Frame 225 time is 395.846ms
04-13 01:08:28.635 10339 10357 I native-activity: Swap 225 time is 395.885ms
04-13 01:08:28.635 10339 10357 I native-activity: Animating
04-13 01:08:28.636 10339 10357 I native-activity: Frame 226 GL error is 0x0
04-13 01:08:28.636 10339 10357 I native-activity: Frame 226 time is 1.074ms
04-13 01:08:28.636 10339 10357 I native-activity: Swap 226 time is 1.100ms
04-13 01:08:28.636 10339 10357 I native-activity: Animating
04-13 01:08:28.645 10339 10357 I native-activity: Frame 227 GL error is 0x0
04-13 01:08:28.645 10339 10357 I native-activity: Frame 227 time is 8.343ms
04-13 01:08:28.645 10339 10357 I native-activity: Swap 227 time is 8.378ms
04-13 01:08:28.645 10339 10357 I native-activity: Animating
04-13 01:08:28.646 10339 10357 I native-activity: Frame 228 GL error is 0x0
04-13 01:08:28.646 10339 10357 I native-activity: Frame 228 time is 1.159ms
04-13 01:08:28.646 10339 10357 I native-activity: Swap 228 time is 1.180ms
04-13 01:08:28.646 10339 10357 I native-activity: Animating
04-13 01:08:28.647 10339 10357 I native-activity: Frame 229 GL error is 0x0
04-13 01:08:28.647 10339 10357 I native-activity: Frame 229 time is 1.005ms
04-13 01:08:28.647 10339 10357 I native-activity: Swap 229 time is 1.026ms
04-13 01:08:28.647 10339 10357 I native-activity: Animating
04-13 01:08:28.648 10339 10357 I native-activity: Frame 230 GL error is 0x0
04-13 01:08:28.648 10339 10357 I native-activity: Frame 230 time is 1.025ms
04-13 01:08:28.648 10339 10357 I native-activity: Swap 230 time is 1.044ms
04-13 01:08:28.648 10339 10357 I native-activity: Animating
04-13 01:08:28.649 10339 10357 I native-activity: Frame 231 GL error is 0x0
04-13 01:08:28.649 10339 10357 I native-activity: Frame 231 time is 1.017ms
04-13 01:08:28.649 10339 10357 I native-activity: Swap 231 time is 1.035ms
04-13 01:08:28.649 10339 10357 I native-activity: Animating
04-13 01:08:28.854 10339 10357 I native-activity: Frame 232 GL error is 0x501
04-13 01:08:28.854 10339 10357 I native-activity: Frame 232 time is 204.565ms
04-13 01:08:28.854 10339 10357 I native-activity: Swap 232 time is 204.600ms
04-13 01:08:28.854 10339 10357 I native-activity: Animating
04-13 01:08:29.067 10339 10357 I native-activity: Frame 233 GL error is 0x501
04-13 01:08:29.067 10339 10357 I native-activity: Frame 233 time is 213.547ms
04-13 01:08:29.067 10339 10357 I native-activity: Swap 233 time is 213.583ms
04-13 01:08:29.067 10339 10357 I native-activity: Animating
04-13 01:08:29.069 10339 10357 I native-activity: Frame 234 GL error is 0x0
04-13 01:08:29.069 10339 10357 I native-activity: Frame 234 time is 1.070ms
04-13 01:08:29.069 10339 10357 I native-activity: Swap 234 time is 1.098ms
04-13 01:08:29.069 10339 10357 I native-activity: Animating
04-13 01:08:29.069 10339 10357 I native-activity: Frame 235 GL error is 0x0
04-13 01:08:29.069 10339 10357 I native-activity: Frame 235 time is 0.470ms
04-13 01:08:29.069 10339 10357 I native-activity: Swap 235 time is 0.491ms
04-13 01:08:29.069 10339 10357 I native-activity: Animating
04-13 01:08:29.070 10339 10357 I native-activity: Frame 236 GL error is 0x0
04-13 01:08:29.070 10339 10357 I native-activity: Frame 236 time is 0.436ms
04-13 01:08:29.070 10339 10357 I native-activity: Swap 236 time is 0.455ms
04-13 01:08:29.070 10339 10357 I native-activity: Animating
04-13 01:08:29.070 10339 10357 I native-activity: Frame 237 GL error is 0x0
04-13 01:08:29.070 10339 10357 I native-activity: Frame 237 time is 0.443ms
04-13 01:08:29.070 10339 10357 I native-activity: Swap 237 time is 0.463ms
04-13 01:08:29.070 10339 10357 I native-activity: Animating
04-13 01:08:29.071 10339 10357 I native-activity: Frame 238 GL error is 0x0
04-13 01:08:29.071 10339 10357 I native-activity: Frame 238 time is 0.555ms
04-13 01:08:29.071 10339 10357 I native-activity: Swap 238 time is 0.576ms
04-13 01:08:29.071 10339 10357 I native-activity: Animating
04-13 01:08:29.071 10339 10357 I native-activity: Frame 239 GL error is 0x0
04-13 01:08:29.071 10339 10357 I native-activity: Frame 239 time is 0.461ms
04-13 01:08:29.071 10339 10357 I native-activity: Swap 239 time is 0.481ms
04-13 01:08:29.071 10339 10357 I native-activity: Animating
04-13 01:08:29.354 10339 10357 I native-activity: Frame 240 GL error is 0x501
04-13 01:08:29.354 10339 10357 I native-activity: Frame 240 time is 283.045ms
04-13 01:08:29.354 10339 10357 I native-activity: Swap 240 time is 283.083ms
04-13 01:08:29.354 10339 10357 I native-activity: Animating
04-13 01:08:29.357    93    93 I Kernel  : [ 3427.952904] (3)[93:irq/258-inv_irq]inv_mpu_iio: inv_read_fifo: Received Sensor Interrupt to read FIFO and Fifo_count is 6
04-13 01:08:29.751 10339 10357 I native-activity: Frame 241 GL error is 0x501
04-13 01:08:29.751 10339 10357 I native-activity: Frame 241 time is 396.723ms
04-13 01:08:29.751 10339 10357 I native-activity: Swap 241 time is 396.757ms
04-13 01:08:29.751 10339 10357 I native-activity: Animating
04-13 01:08:29.766 10339 10357 I native-activity: Frame 242 GL error is 0x0
04-13 01:08:29.766 10339 10357 I native-activity: Frame 242 time is 14.516ms
04-13 01:08:29.766 10339 10357 I native-activity: Swap 242 time is 14.551ms
04-13 01:08:29.766 10339 10357 I native-activity: Animating
04-13 01:08:29.773 10339 10357 I native-activity: Frame 243 GL error is 0x0
04-13 01:08:29.773 10339 10357 I native-activity: Frame 243 time is 7.341ms
04-13 01:08:29.773 10339 10357 I native-activity: Swap 243 time is 7.375ms
04-13 01:08:29.773 10339 10357 I native-activity: Animating
04-13 01:08:29.778 10339 10357 I native-activity: Frame 244 GL error is 0x0
04-13 01:08:29.778 10339 10357 I native-activity: Frame 244 time is 4.407ms
04-13 01:08:29.778 10339 10357 I native-activity: Swap 244 time is 4.437ms
04-13 01:08:29.778 10339 10357 I native-activity: Animating
04-13 01:08:29.807 10339 10357 I native-activity: Frame 245 GL error is 0x0
04-13 01:08:29.807 10339 10357 I native-activity: Frame 245 time is 29.176ms
04-13 01:08:29.807 10339 10357 I native-activity: Swap 245 time is 29.216ms
04-13 01:08:29.807 10339 10357 I native-activity: Animating
04-13 01:08:29.868 10339 10357 I native-activity: Frame 246 GL error is 0x501
04-13 01:08:29.868 10339 10357 I native-activity: Frame 246 time is 60.819ms
04-13 01:08:29.868 10339 10357 I native-activity: Swap 246 time is 60.858ms
04-13 01:08:29.868 10339 10357 I native-activity: Animating
04-13 01:08:29.913 10339 10357 I native-activity: Frame 247 GL error is 0x501
04-13 01:08:29.913 10339 10357 I native-activity: Frame 247 time is 45.361ms
04-13 01:08:29.913 10339 10357 I native-activity: Swap 247 time is 45.398ms
04-13 01:08:29.914 10339 10357 I native-activity: Animating
04-13 01:08:29.920 10339 10357 I native-activity: Frame 248 GL error is 0x0
04-13 01:08:29.920 10339 10357 I native-activity: Frame 248 time is 6.055ms
04-13 01:08:29.920 10339 10357 I native-activity: Swap 248 time is 6.091ms
04-13 01:08:29.920 10339 10357 I native-activity: Animating
04-13 01:08:29.941 10339 10357 I native-activity: Frame 249 GL error is 0x501
04-13 01:08:29.941 10339 10357 I native-activity: Frame 249 time is 20.944ms
04-13 01:08:29.941 10339 10357 I native-activity: Swap 249 time is 20.984ms
04-13 01:08:29.941 10339 10357 I native-activity: Animating
04-13 01:08:30.187    93    93 I Kernel  : [ 3428.785574] (3)[93:irq/258-inv_irq]inv_mpu_iio: inv_read_fifo: Received Sensor Interrupt to read FIFO and Fifo_count is 6
04-13 01:08:30.328 10339 10357 I native-activity: Frame 250 GL error is 0x0
04-13 01:08:30.328 10339 10357 I native-activity: Frame 250 time is 387.396ms
04-13 01:08:30.328 10339 10357 I native-activity: Swap 250 time is 387.483ms
04-13 01:08:30.329 10339 10357 I native-activity: Animating
04-13 01:08:30.353 10339 10357 I native-activity: Frame 251 GL error is 0x0
04-13 01:08:30.353 10339 10357 I native-activity: Frame 251 time is 24.730ms
04-13 01:08:30.354 10339 10357 I native-activity: Swap 251 time is 24.777ms
04-13 01:08:30.354 10339 10357 I native-activity: Animating
04-13 01:08:30.369 10339 10357 I native-activity: Frame 252 GL error is 0x501
04-13 01:08:30.369 10339 10357 I native-activity: Frame 252 time is 15.745ms
04-13 01:08:30.369 10339 10357 I native-activity: Swap 252 time is 15.792ms
04-13 01:08:30.369 10339 10357 I native-activity: Animating
04-13 01:08:30.376 10339 10357 I native-activity: Frame 253 GL error is 0x0
04-13 01:08:30.376 10339 10357 I native-activity: Frame 253 time is 6.567ms
04-13 01:08:30.376 10339 10357 I native-activity: Swap 253 time is 6.621ms
04-13 01:08:30.376 10339 10357 I native-activity: Animating
04-13 01:08:30.383 10339 10357 I native-activity: Frame 254 GL error is 0x0
04-13 01:08:30.383 10339 10357 I native-activity: Frame 254 time is 6.827ms
04-13 01:08:30.383 10339 10357 I native-activity: Swap 254 time is 6.875ms
04-13 01:08:30.383 10339 10357 I native-activity: Animating
04-13 01:08:30.390 10339 10357 I native-activity: Frame 255 GL error is 0x0
04-13 01:08:30.390 10339 10357 I native-activity: Frame 255 time is 7.000ms
04-13 01:08:30.390 10339 10357 I native-activity: Swap 255 time is 7.046ms
04-13 01:08:30.390 10339 10357 I native-activity: Animating
04-13 01:08:30.400 10339 10357 I native-activity: Frame 256 GL error is 0x0
04-13 01:08:30.400 10339 10357 I native-activity: Frame 256 time is 10.264ms
04-13 01:08:30.401 10339 10357 I native-activity: Swap 256 time is 10.308ms
04-13 01:08:30.401 10339 10357 I native-activity: Animating
04-13 01:08:30.408 10339 10357 I native-activity: Frame 257 GL error is 0x0
04-13 01:08:30.408 10339 10357 I native-activity: Frame 257 time is 7.365ms
04-13 01:08:30.408 10339 10357 I native-activity: Swap 257 time is 7.419ms
04-13 01:08:30.408 10339 10357 I native-activity: Animating
04-13 01:08:30.417 10339 10357 I native-activity: Frame 258 GL error is 0x0
04-13 01:08:30.417 10339 10357 I native-activity: Frame 258 time is 8.575ms
04-13 01:08:30.417 10339 10357 I native-activity: Swap 258 time is 8.616ms
04-13 01:08:30.417 10339 10357 I native-activity: Animating
04-13 01:08:30.426 10339 10357 I native-activity: Context 0x547919a8 made current on surface 0x54505dc0, error 0x3000
04-13 01:08:30.426 10339 10357 I native-activity: GL information
04-13 01:08:30.426 10339 10357 I native-activity: 	Renderer: PowerVR Rogue G6200
04-13 01:08:30.426 10339 10357 I native-activity: 	Vendor: Imagination Technologies
04-13 01:08:30.427 10339 10357 I native-activity: 	Version: OpenGL ES 3.1 build 1.4@3573678
04-13 01:08:30.427 10339 10357 I native-activity: 	Shading Language: OpenGL ES GLSL ES 3.10 build 1.4@3573678
04-13 01:08:30.427 10339 10357 I native-activity: 	Extensions: GL_EXT_debug_marker GL_EXT_blend_minmax GL_EXT_color_buffer_float GL_EXT_discard_framebuffer GL_EXT_draw_buffers GL_EXT_multi_draw_arrays GL_EXT_multisampled_render_to_texture GL_EXT_occlusion_query_boolean GL_EXT_read_format_bgra GL_EXT_robustness GL_EXT_separate_shader_objects GL_EXT_shader_framebuffer_fetch GL_EXT_shader_texture_lod GL_EXT_texture_filter_anisotropic GL_EXT_texture_format_BGRA8888 GL_EXT_texture_rg GL_EXT_texture_sRGB_decode GL_IMG_multisampled_render_to_texture GL_IMG_program_binary GL_IMG_read_format GL_IMG_shader_binary GL_IMG_texture_compression_pvrtc GL_IMG_texture_compression_pvrtc2 GL_IMG_texture_format_BGRA8888 GL_IMG_texture_npot GL_KHR_blend_equation_advanced GL_KHR_blend_equation_advanced_coherent GL_KHR_debug GL_OES_compressed_ETC1_RGB8_texture GL_OES_depth24 GL_OES_depth_texture GL_OES_EGL_image GL_OES_EGL_image_external GL_OES_EGL_sync GL_OES_element_index_uint GL_OES_fragment_precision_high GL_OES_get_program_binary GL_OES_mapbuffer GL_OES_packed_depth_stencil G
04-13 01:08:30.427 10339 10357 I native-activity: Context 0x547919a8 made current on surface 0x54505dc0, error 0x3000
04-13 01:08:30.427 10339 10357 I native-activity: GL information
04-13 01:08:30.427 10339 10357 I native-activity: 	Renderer: PowerVR Rogue G6200
04-13 01:08:30.427 10339 10357 I native-activity: 	Vendor: Imagination Technologies
04-13 01:08:30.427 10339 10357 I native-activity: 	Version: OpenGL ES 3.1 build 1.4@3573678
04-13 01:08:30.427 10339 10357 I native-activity: 	Shading Language: OpenGL ES GLSL ES 3.10 build 1.4@3573678
04-13 01:08:30.427 10339 10357 I native-activity: 	Extensions: GL_EXT_debug_marker GL_EXT_blend_minmax GL_EXT_color_buffer_float GL_EXT_discard_framebuffer GL_EXT_draw_buffers GL_EXT_multi_draw_arrays GL_EXT_multisampled_render_to_texture GL_EXT_occlusion_query_boolean GL_EXT_read_format_bgra GL_EXT_robustness GL_EXT_separate_shader_objects GL_EXT_shader_framebuffer_fetch GL_EXT_shader_texture_lod GL_EXT_texture_filter_anisotropic GL_EXT_texture_format_BGRA8888 GL_EXT_texture_rg GL_EXT_texture_sRGB_decode GL_IMG_multisampled_render_to_texture GL_IMG_program_binary GL_IMG_read_format GL_IMG_shader_binary GL_IMG_texture_compression_pvrtc GL_IMG_texture_compression_pvrtc2 GL_IMG_texture_format_BGRA8888 GL_IMG_texture_npot GL_KHR_blend_equation_advanced GL_KHR_blend_equation_advanced_coherent GL_KHR_debug GL_OES_compressed_ETC1_RGB8_texture GL_OES_depth24 GL_OES_depth_texture GL_OES_EGL_image GL_OES_EGL_image_external GL_OES_EGL_sync GL_OES_element_index_uint GL_OES_fragment_precision_high GL_OES_get_program_binary GL_OES_mapbuffer GL_OES_packed_depth_stencil G
04-13 01:08:30.427 10339 10357 I native-activity: Frame 259 GL error is 0x501
04-13 01:08:30.427 10339 10357 I native-activity: Frame 259 time is 9.884ms
04-13 01:08:30.427 10339 10357 I native-activity: Swap 259 time is 9.914ms
04-13 01:08:30.427 10339 10357 I native-activity: Animating
04-13 01:08:30.437 10339 10357 I native-activity: Frame 260 GL error is 0x500
04-13 01:08:30.437 10339 10357 I native-activity: Frame 260 time is 10.557ms
04-13 01:08:30.437 10339 10357 I native-activity: Swap 260 time is 10.597ms
04-13 01:08:30.437 10339 10357 I native-activity: Animating
04-13 01:08:30.449 10339 10357 I native-activity: Frame 261 GL error is 0x0
04-13 01:08:30.449 10339 10357 I native-activity: Frame 261 time is 12.050ms
04-13 01:08:30.449 10339 10357 I native-activity: Swap 261 time is 12.091ms
04-13 01:08:30.450 10339 10357 I native-activity: Animating
04-13 01:08:30.461 10339 10357 I native-activity: Frame 262 GL error is 0x0
04-13 01:08:30.461 10339 10357 I native-activity: Frame 262 time is 11.718ms
04-13 01:08:30.461 10339 10357 I native-activity: Swap 262 time is 11.758ms
04-13 01:08:30.461 10339 10357 I native-activity: Animating
04-13 01:08:30.474 10339 10357 I native-activity: Frame 263 GL error is 0x0
04-13 01:08:30.474 10339 10357 I native-activity: Frame 263 time is 12.242ms
04-13 01:08:30.474 10339 10357 I native-activity: Swap 263 time is 12.277ms
04-13 01:08:30.474 10339 10357 I native-activity: Animating
04-13 01:08:30.486 10339 10357 I native-activity: Frame 264 GL error is 0x0
04-13 01:08:30.486 10339 10357 I native-activity: Frame 264 time is 12.269ms
04-13 01:08:30.486 10339 10357 I native-activity: Swap 264 time is 12.306ms
04-13 01:08:30.486 10339 10357 I native-activity: Animating
04-13 01:08:30.498 10339 10357 I native-activity: Frame 265 GL error is 0x0
04-13 01:08:30.498 10339 10357 I native-activity: Frame 265 time is 12.038ms
04-13 01:08:30.498 10339 10357 I native-activity: Swap 265 time is 12.078ms
04-13 01:08:30.498 10339 10357 I native-activity: Animating
04-13 01:08:30.510 10339 10357 I native-activity: Frame 266 GL error is 0x0
04-13 01:08:30.510 10339 10357 I native-activity: Frame 266 time is 12.294ms
04-13 01:08:30.510 10339 10357 I native-activity: Swap 266 time is 12.332ms
04-13 01:08:30.511 10339 10357 I native-activity: Animating
04-13 01:08:30.523 10339 10357 I native-activity: Frame 267 GL error is 0x0
04-13 01:08:30.523 10339 10357 I native-activity: Frame 267 time is 12.279ms
04-13 01:08:30.523 10339 10357 I native-activity: Swap 267 time is 12.315ms
04-13 01:08:30.523 10339 10357 I native-activity: Animating
04-13 01:08:30.535 10339 10357 I native-activity: Frame 268 GL error is 0x0
04-13 01:08:30.535 10339 10357 I native-activity: Frame 268 time is 12.548ms
04-13 01:08:30.536 10339 10357 I native-activity: Swap 268 time is 12.586ms
04-13 01:08:30.536 10339 10357 I native-activity: Animating
04-13 01:08:30.548 10339 10357 I native-activity: Frame 269 GL error is 0x0
04-13 01:08:30.548 10339 10357 I native-activity: Frame 269 time is 12.228ms
04-13 01:08:30.548 10339 10357 I native-activity: Swap 269 time is 12.268ms
04-13 01:08:30.548 10339 10357 I native-activity: Animating
04-13 01:08:30.560 10339 10357 I native-activity: Frame 270 GL error is 0x0
04-13 01:08:30.560 10339 10357 I native-activity: Frame 270 time is 12.343ms
04-13 01:08:30.560 10339 10357 I native-activity: Swap 270 time is 12.380ms
04-13 01:08:30.560 10339 10357 I native-activity: Animating
04-13 01:08:30.557    93    93 I Kernel  : [ 3429.154788] (3)[93:irq/258-inv_irq]inv_mpu_iio: inv_push_8bytes_buffer: Received Accel Sensor Data at Driver Layer -892, 1904, -16432
04-13 01:08:30.573 10339 10357 I native-activity: Frame 271 GL error is 0x0
04-13 01:08:30.573 10339 10357 I native-activity: Frame 271 time is 12.399ms
04-13 01:08:30.573 10339 10357 I native-activity: Swap 271 time is 12.441ms
04-13 01:08:30.573 10339 10357 I native-activity: Animating
04-13 01:08:30.585 10339 10357 I native-activity: Frame 272 GL error is 0x0
04-13 01:08:30.585 10339 10357 I native-activity: Frame 272 time is 12.187ms
04-13 01:08:30.585 10339 10357 I native-activity: Swap 272 time is 12.226ms
04-13 01:08:30.585 10339 10357 I native-activity: Animating
04-13 01:08:30.597 10339 10357 I native-activity: Frame 273 GL error is 0x0
04-13 01:08:30.597 10339 10357 I native-activity: Frame 273 time is 12.177ms
04-13 01:08:30.597 10339 10357 I native-activity: Swap 273 time is 12.211ms
04-13 01:08:30.597 10339 10357 I native-activity: Animating
04-13 01:08:30.618 10339 10357 I native-activity: Frame 274 GL error is 0x501
04-13 01:08:30.618 10339 10357 I native-activity: Frame 274 time is 20.372ms
04-13 01:08:30.618 10339 10357 I native-activity: Swap 274 time is 20.422ms
04-13 01:08:30.618 10339 10357 I native-activity: Animating
04-13 01:08:30.625 10339 10357 I native-activity: Frame 275 GL error is 0x0
04-13 01:08:30.625 10339 10357 I native-activity: Frame 275 time is 7.042ms
04-13 01:08:30.625 10339 10357 I native-activity: Swap 275 time is 7.080ms
04-13 01:08:30.625 10339 10357 I native-activity: Animating
04-13 01:08:30.635 10339 10357 I native-activity: Frame 276 GL error is 0x0
04-13 01:08:30.635 10339 10357 I native-activity: Frame 276 time is 9.806ms
04-13 01:08:30.635 10339 10357 I native-activity: Swap 276 time is 9.844ms
04-13 01:08:30.635 10339 10357 I native-activity: Animating
04-13 01:08:30.648 10339 10357 I native-activity: Frame 277 GL error is 0x0
04-13 01:08:30.648 10339 10357 I native-activity: Frame 277 time is 12.953ms
04-13 01:08:30.648 10339 10357 I native-activity: Swap 277 time is 12.991ms
04-13 01:08:30.648 10339 10357 I native-activity: Animating
04-13 01:08:30.660 10339 10357 I native-activity: Frame 278 GL error is 0x0
04-13 01:08:30.660 10339 10357 I native-activity: Frame 278 time is 12.418ms
04-13 01:08:30.660 10339 10357 I native-activity: Swap 278 time is 12.455ms
04-13 01:08:30.661 10339 10357 I native-activity: Animating
04-13 01:08:30.673 10339 10357 I native-activity: Frame 279 GL error is 0x0
04-13 01:08:30.673 10339 10357 I native-activity: Frame 279 time is 12.177ms
04-13 01:08:30.673 10339 10357 I native-activity: Swap 279 time is 12.216ms
04-13 01:08:30.673 10339 10357 I native-activity: Animating
04-13 01:08:30.685 10339 10357 I native-activity: Frame 280 GL error is 0x0
04-13 01:08:30.685 10339 10357 I native-activity: Frame 280 time is 12.370ms
04-13 01:08:30.685 10339 10357 I native-activity: Swap 280 time is 12.404ms
04-13 01:08:30.685 10339 10357 I native-activity: Animating
04-13 01:08:30.698 10339 10357 I native-activity: Frame 281 GL error is 0x0
04-13 01:08:30.698 10339 10357 I native-activity: Frame 281 time is 13.053ms
04-13 01:08:30.698 10339 10357 I native-activity: Swap 281 time is 13.094ms
04-13 01:08:30.698 10339 10357 I native-activity: Animating
04-13 01:08:30.711 10339 10357 I native-activity: Frame 282 GL error is 0x0
04-13 01:08:30.711 10339 10357 I native-activity: Frame 282 time is 12.704ms
04-13 01:08:30.711 10339 10357 I native-activity: Swap 282 time is 12.742ms
04-13 01:08:30.711 10339 10357 I native-activity: Animating
04-13 01:08:30.723 10339 10357 I native-activity: Frame 283 GL error is 0x0
04-13 01:08:30.723 10339 10357 I native-activity: Frame 283 time is 11.825ms
04-13 01:08:30.723 10339 10357 I native-activity: Swap 283 time is 11.859ms
04-13 01:08:30.723 10339 10357 I native-activity: Animating
04-13 01:08:30.735 10339 10357 I native-activity: Frame 284 GL error is 0x0
04-13 01:08:30.735 10339 10357 I native-activity: Frame 284 time is 12.265ms
04-13 01:08:30.735 10339 10357 I native-activity: Swap 284 time is 12.300ms
04-13 01:08:30.735 10339 10357 I native-activity: Animating
04-13 01:08:30.748 10339 10357 I native-activity: Frame 285 GL error is 0x0
04-13 01:08:30.748 10339 10357 I native-activity: Frame 285 time is 12.235ms
04-13 01:08:30.748 10339 10357 I native-activity: Swap 285 time is 12.271ms
04-13 01:08:30.748 10339 10357 I native-activity: Animating
04-13 01:08:30.760 10339 10357 I native-activity: Frame 286 GL error is 0x0
04-13 01:08:30.760 10339 10357 I native-activity: Frame 286 time is 12.220ms
04-13 01:08:30.760 10339 10357 I native-activity: Swap 286 time is 12.254ms
04-13 01:08:30.760 10339 10357 I native-activity: Animating
04-13 01:08:30.772 10339 10357 I native-activity: Frame 287 GL error is 0x0
04-13 01:08:30.772 10339 10357 I native-activity: Frame 287 time is 12.354ms
04-13 01:08:30.773 10339 10357 I native-activity: Swap 287 time is 12.389ms
04-13 01:08:30.773 10339 10357 I native-activity: Animating
04-13 01:08:30.785 10339 10357 I native-activity: Frame 288 GL error is 0x0
04-13 01:08:30.785 10339 10357 I native-activity: Frame 288 time is 12.172ms
04-13 01:08:30.785 10339 10357 I native-activity: Swap 288 time is 12.206ms
04-13 01:08:30.785 10339 10357 I native-activity: Animating
04-13 01:08:30.797 10339 10357 I native-activity: Frame 289 GL error is 0x0
04-13 01:08:30.797 10339 10357 I native-activity: Frame 289 time is 12.223ms
04-13 01:08:30.797 10339 10357 I native-activity: Swap 289 time is 12.260ms
04-13 01:08:30.797 10339 10357 I native-activity: Animating
04-13 01:08:30.809 10339 10357 I native-activity: Frame 290 GL error is 0x0
04-13 01:08:30.809 10339 10357 I native-activity: Frame 290 time is 12.188ms
04-13 01:08:30.809 10339 10357 I native-activity: Swap 290 time is 12.222ms
04-13 01:08:30.809 10339 10357 I native-activity: Animating
04-13 01:08:30.821 10339 10357 I native-activity: Frame 291 GL error is 0x0
04-13 01:08:30.821 10339 10357 I native-activity: Frame 291 time is 11.867ms
04-13 01:08:30.821 10339 10357 I native-activity: Swap 291 time is 11.900ms
04-13 01:08:30.821 10339 10357 I native-activity: Animating
04-13 01:08:30.833 10339 10357 I native-activity: Frame 292 GL error is 0x0
04-13 01:08:30.833 10339 10357 I native-activity: Frame 292 time is 12.119ms
04-13 01:08:30.834 10339 10357 I native-activity: Swap 292 time is 12.158ms
04-13 01:08:30.834 10339 10357 I native-activity: Animating
04-13 01:08:30.846 10339 10357 I native-activity: Frame 293 GL error is 0x0
04-13 01:08:30.846 10339 10357 I native-activity: Frame 293 time is 12.217ms
04-13 01:08:30.846 10339 10357 I native-activity: Swap 293 time is 12.253ms
04-13 01:08:30.846 10339 10357 I native-activity: Animating
04-13 01:08:30.858 10339 10357 I native-activity: Frame 294 GL error is 0x0
04-13 01:08:30.858 10339 10357 I native-activity: Frame 294 time is 12.266ms
04-13 01:08:30.858 10339 10357 I native-activity: Swap 294 time is 12.304ms
04-13 01:08:30.858 10339 10357 I native-activity: Animating
04-13 01:08:30.871 10339 10357 I native-activity: Frame 295 GL error is 0x0
04-13 01:08:30.871 10339 10357 I native-activity: Frame 295 time is 12.512ms
04-13 01:08:30.871 10339 10357 I native-activity: Swap 295 time is 12.549ms
04-13 01:08:30.871 10339 10357 I native-activity: Animating
04-13 01:08:30.883 10339 10357 I native-activity: Frame 296 GL error is 0x0
04-13 01:08:30.883 10339 10357 I native-activity: Frame 296 time is 11.769ms
04-13 01:08:30.883 10339 10357 I native-activity: Swap 296 time is 11.803ms
04-13 01:08:30.883 10339 10357 I native-activity: Animating
04-13 01:08:30.895 10339 10357 I native-activity: Frame 297 GL error is 0x0
04-13 01:08:30.895 10339 10357 I native-activity: Frame 297 time is 12.424ms
04-13 01:08:30.895 10339 10357 I native-activity: Swap 297 time is 12.460ms
04-13 01:08:30.895 10339 10357 I native-activity: Animating
04-13 01:08:30.907 10339 10357 I native-activity: Frame 298 GL error is 0x0
04-13 01:08:30.907 10339 10357 I native-activity: Frame 298 time is 12.150ms
04-13 01:08:30.907 10339 10357 I native-activity: Swap 298 time is 12.187ms
04-13 01:08:30.907 10339 10357 I native-activity: Animating
04-13 01:08:30.920 10339 10357 I native-activity: Frame 299 GL error is 0x0
04-13 01:08:30.920 10339 10357 I native-activity: Frame 299 time is 12.126ms
04-13 01:08:30.920 10339 10357 I native-activity: Swap 299 time is 12.161ms
04-13 01:08:30.920 10339 10357 I native-activity: Animating
04-13 01:08:30.932 10339 10357 I native-activity: Frame 300 GL error is 0x0
04-13 01:08:30.932 10339 10357 I native-activity: Frame 300 time is 12.550ms
04-13 01:08:30.932 10339 10357 I native-activity: Swap 300 time is 12.595ms
04-13 01:08:30.932 10339 10357 I native-activity: Animating
04-13 01:08:30.945 10339 10357 I native-activity: Frame 301 GL error is 0x0
04-13 01:08:30.945 10339 10357 I native-activity: Frame 301 time is 12.286ms
04-13 01:08:30.945 10339 10357 I native-activity: Swap 301 time is 12.328ms
04-13 01:08:30.945 10339 10357 I native-activity: Animating
04-13 01:08:30.957 10339 10357 I native-activity: Frame 302 GL error is 0x0
04-13 01:08:30.957 10339 10357 I native-activity: Frame 302 time is 12.096ms
04-13 01:08:30.957 10339 10357 I native-activity: Swap 302 time is 12.127ms
04-13 01:08:30.957 10339 10357 I native-activity: Animating
04-13 01:08:30.969 10339 10357 I native-activity: Frame 303 GL error is 0x0
04-13 01:08:30.969 10339 10357 I native-activity: Frame 303 time is 12.233ms
04-13 01:08:30.969 10339 10357 I native-activity: Swap 303 time is 12.266ms
04-13 01:08:30.969 10339 10357 I native-activity: Animating
04-13 01:08:30.981 10339 10357 I native-activity: Frame 304 GL error is 0x0
04-13 01:08:30.981 10339 10357 I native-activity: Frame 304 time is 11.966ms
04-13 01:08:30.981 10339 10357 I native-activity: Swap 304 time is 11.999ms
04-13 01:08:30.981 10339 10357 I native-activity: Animating
04-13 01:08:30.993 10339 10357 I native-activity: Frame 305 GL error is 0x0
04-13 01:08:30.993 10339 10357 I native-activity: Frame 305 time is 12.100ms
04-13 01:08:30.993 10339 10357 I native-activity: Swap 305 time is 12.139ms
04-13 01:08:30.993 10339 10357 I native-activity: Animating
04-13 01:08:31.006 10339 10357 I native-activity: Frame 306 GL error is 0x0
04-13 01:08:31.006 10339 10357 I native-activity: Frame 306 time is 12.331ms
04-13 01:08:31.006 10339 10357 I native-activity: Swap 306 time is 12.369ms
04-13 01:08:31.006 10339 10357 I native-activity: Animating
04-13 01:08:31.018 10339 10357 I native-activity: Frame 307 GL error is 0x0
04-13 01:08:31.018 10339 10357 I native-activity: Frame 307 time is 12.176ms
04-13 01:08:31.018 10339 10357 I native-activity: Swap 307 time is 12.212ms
04-13 01:08:31.018 10339 10357 I native-activity: Animating
04-13 01:08:31.017    93    93 I Kernel  : [ 3429.618096] (3)[93:irq/258-inv_irq]inv_mpu_iio: inv_read_fifo: Received Sensor Interrupt to read FIFO and Fifo_count is 6
04-13 01:08:31.031 10339 10357 I native-activity: Frame 308 GL error is 0x0
04-13 01:08:31.031 10339 10357 I native-activity: Frame 308 time is 12.474ms
04-13 01:08:31.031 10339 10357 I native-activity: Swap 308 time is 12.509ms
04-13 01:08:31.031 10339 10357 I native-activity: Animating
04-13 01:08:31.043 10339 10357 I native-activity: Frame 309 GL error is 0x0
04-13 01:08:31.043 10339 10357 I native-activity: Frame 309 time is 11.794ms
04-13 01:08:31.043 10339 10357 I native-activity: Swap 309 time is 11.827ms
04-13 01:08:31.043 10339 10357 I native-activity: Animating
04-13 01:08:31.055 10339 10357 I native-activity: Frame 310 GL error is 0x0
04-13 01:08:31.055 10339 10357 I native-activity: Frame 310 time is 12.294ms
04-13 01:08:31.055 10339 10357 I native-activity: Swap 310 time is 12.326ms
04-13 01:08:31.055 10339 10357 I native-activity: Animating
04-13 01:08:31.144   962  1810 I PackageRecencyUtils: Waiting for idle
04-13 01:08:31.145   962  1810 I Vlog    : package_recency:broadcast_notification:fgtracking=false;DV;1,key=time_in_queue;DV;1,Timer=5001.0;TI;1,unit=ms;DV;1:HI
04-13 01:08:31.157   962  5335 D ActivityManager: single user service: com.amazon.kindle.cms
04-13 01:08:31.165   962  5335 D ActivityManager: app = com.amazon.kindle.cms, has single user service, setting process record.
04-13 01:08:31.218 10339 10357 I native-activity: Frame 311 GL error is 0x501
04-13 01:08:31.218 10339 10357 I native-activity: Frame 311 time is 163.287ms
04-13 01:08:31.218 10339 10357 I native-activity: Swap 311 time is 163.339ms
04-13 01:08:31.219 10339 10357 I native-activity: Animating
04-13 01:08:31.229 10339 10357 I native-activity: Frame 312 GL error is 0x0
04-13 01:08:31.229 10339 10357 I native-activity: Frame 312 time is 10.645ms
04-13 01:08:31.229 10339 10357 I native-activity: Swap 312 time is 10.706ms
04-13 01:08:31.229 10339 10357 I native-activity: Animating
04-13 01:08:31.239 10339 10357 I native-activity: Frame 313 GL error is 0x0
04-13 01:08:31.239 10339 10357 I native-activity: Frame 313 time is 9.559ms
04-13 01:08:31.239 10339 10357 I native-activity: Swap 313 time is 9.609ms
04-13 01:08:31.239 10339 10357 I native-activity: Animating
04-13 01:08:31.246 10339 10357 I native-activity: Frame 314 GL error is 0x0
04-13 01:08:31.246 10339 10357 I native-activity: Frame 314 time is 6.515ms
04-13 01:08:31.246 10339 10357 I native-activity: Swap 314 time is 6.575ms
04-13 01:08:31.246 10339 10357 I native-activity: Animating
04-13 01:08:31.274 10339 10357 I native-activity: Frame 315 GL error is 0x501
04-13 01:08:31.274 10339 10357 I native-activity: Frame 315 time is 28.609ms
04-13 01:08:31.274 10339 10357 I native-activity: Swap 315 time is 28.663ms
04-13 01:08:31.274 10339 10357 I native-activity: Animating
04-13 01:08:31.280 10339 10357 I native-activity: Frame 316 GL error is 0x0
04-13 01:08:31.280 10339 10357 I native-activity: Frame 316 time is 5.754ms
04-13 01:08:31.280 10339 10357 I native-activity: Swap 316 time is 5.814ms
04-13 01:08:31.280 10339 10357 I native-activity: Animating
04-13 01:08:31.287 10339 10357 I native-activity: Frame 317 GL error is 0x0
04-13 01:08:31.287 10339 10357 I native-activity: Frame 317 time is 6.503ms
04-13 01:08:31.287 10339 10357 I native-activity: Swap 317 time is 6.547ms
04-13 01:08:31.287 10339 10357 I native-activity: Animating
04-13 01:08:31.292 10339 10357 I native-activity: Frame 318 GL error is 0x0
04-13 01:08:31.292 10339 10357 I native-activity: Frame 318 time is 5.382ms
04-13 01:08:31.292 10339 10357 I native-activity: Swap 318 time is 5.426ms
04-13 01:08:31.292 10339 10357 I native-activity: Animating
04-13 01:08:31.305 10339 10357 I native-activity: Frame 319 GL error is 0x0
04-13 01:08:31.305 10339 10357 I native-activity: Frame 319 time is 12.832ms
04-13 01:08:31.305 10339 10357 I native-activity: Swap 319 time is 12.927ms
04-13 01:08:31.305 10339 10357 I native-activity: Animating
04-13 01:08:31.322 10339 10357 I native-activity: Frame 320 GL error is 0x0
04-13 01:08:31.322 10339 10357 I native-activity: Frame 320 time is 16.906ms
04-13 01:08:31.323 10339 10357 I native-activity: Swap 320 time is 16.995ms
04-13 01:08:31.323 10339 10357 I native-activity: Animating
04-13 01:08:31.338 10339 10357 I native-activity: Frame 321 GL error is 0x0
04-13 01:08:31.338 10339 10357 I native-activity: Frame 321 time is 15.318ms
04-13 01:08:31.338 10339 10357 I native-activity: Swap 321 time is 15.360ms
04-13 01:08:31.338 10339 10357 I native-activity: Animating
04-13 01:08:31.353 10339 10357 I native-activity: Frame 322 GL error is 0x0
04-13 01:08:31.353 10339 10357 I native-activity: Frame 322 time is 15.101ms
04-13 01:08:31.353 10339 10357 I native-activity: Swap 322 time is 15.143ms
04-13 01:08:31.353 10339 10357 I native-activity: Animating
04-13 01:08:31.369 10339 10357 I native-activity: Frame 323 GL error is 0x0
04-13 01:08:31.369 10339 10357 I native-activity: Frame 323 time is 16.125ms
04-13 01:08:31.369 10339 10357 I native-activity: Swap 323 time is 16.169ms
04-13 01:08:31.370 10339 10357 I native-activity: Animating
04-13 01:08:31.385 10339 10357 I native-activity: Frame 324 GL error is 0x0
04-13 01:08:31.385 10339 10357 I native-activity: Frame 324 time is 15.692ms
04-13 01:08:31.385 10339 10357 I native-activity: Swap 324 time is 15.733ms
04-13 01:08:31.385 10339 10357 I native-activity: Animating
04-13 01:08:31.401 10339 10357 I native-activity: Frame 325 GL error is 0x0
04-13 01:08:31.401 10339 10357 I native-activity: Frame 325 time is 16.054ms
04-13 01:08:31.401 10339 10357 I native-activity: Swap 325 time is 16.094ms
04-13 01:08:31.401 10339 10357 I native-activity: Animating
04-13 01:08:31.408   962   978 D WifiService: acquireWifiLockLocked: WifiLock{com.amazon.dcp.framework.iuc.ConnectionEstablisherWithConnectivityEnforcement type=1 binder=android.os.BinderProxy@3278ceb1}
04-13 01:08:31.417 10339 10357 I native-activity: Frame 326 GL error is 0x0
04-13 01:08:31.418 10339 10357 I native-activity: Frame 326 time is 16.015ms
04-13 01:08:31.418 10339 10357 I native-activity: Swap 326 time is 16.052ms
04-13 01:08:31.418 10339 10357 I native-activity: Animating
04-13 01:08:31.424   962   977 D ActivityManager: single user service: com.amazon.imp
04-13 01:08:31.425   962   977 D ActivityManager: app = com.amazon.imp, has single user service, setting process record.
04-13 01:08:31.434 10339 10357 I native-activity: Frame 327 GL error is 0x0
04-13 01:08:31.434 10339 10357 I native-activity: Frame 327 time is 15.994ms
04-13 01:08:31.434 10339 10357 I native-activity: Swap 327 time is 16.036ms
04-13 01:08:31.434 10339 10357 I native-activity: Animating
04-13 01:08:31.449 10339 10357 I native-activity: Frame 328 GL error is 0x0
04-13 01:08:31.449 10339 10357 I native-activity: Frame 328 time is 15.212ms
04-13 01:08:31.449 10339 10357 I native-activity: Swap 328 time is 15.251ms
04-13 01:08:31.449 10339 10357 I native-activity: Animating
04-13 01:08:31.465 10339 10357 I native-activity: Frame 329 GL error is 0x0
04-13 01:08:31.465 10339 10357 I native-activity: Frame 329 time is 15.736ms
04-13 01:08:31.465 10339 10357 I native-activity: Swap 329 time is 15.854ms
04-13 01:08:31.465 10339 10357 I native-activity: Animating
04-13 01:08:31.480 10339 10357 I native-activity: Frame 330 GL error is 0x0
04-13 01:08:31.480 10339 10357 I native-activity: Frame 330 time is 15.118ms
04-13 01:08:31.480 10339 10357 I native-activity: Swap 330 time is 15.155ms
04-13 01:08:31.480 10339 10357 I native-activity: Animating
04-13 01:08:31.496 10339 10357 I native-activity: Frame 331 GL error is 0x0
04-13 01:08:31.496 10339 10357 I native-activity: Frame 331 time is 16.192ms
04-13 01:08:31.496 10339 10357 I native-activity: Swap 331 time is 16.242ms
04-13 01:08:31.496 10339 10357 I native-activity: Animating
04-13 01:08:31.512 10339 10357 I native-activity: Frame 332 GL error is 0x0
04-13 01:08:31.512 10339 10357 I native-activity: Frame 332 time is 15.643ms
04-13 01:08:31.512 10339 10357 I native-activity: Swap 332 time is 15.691ms
04-13 01:08:31.512 10339 10357 I native-activity: Animating
04-13 01:08:31.530 10339 10357 I native-activity: Frame 333 GL error is 0x0
