--------- beginning of kernel
04-11 02:52:43.056    93    93 I Kernel  : [310402.670475] (3)[93:irq/258-inv_irq]inv_mpu_iio: inv_read_fifo: Received Sensor Interrupt to read FIFO and Fifo_count is 6
--------- beginning of system
04-11 02:52:43.125   958  1695 D WifiService: acquireWifiLockLocked: WifiLock{com.amazon.dcp.framework.iuc.ConnectionEstablisherWithConnectivityEnforcement type=1 binder=android.os.BinderProxy@1d8d7350}
04-11 02:52:43.141   958  3891 D ActivityManager: single user service: com.amazon.imp
04-11 02:52:43.142   958  3891 D ActivityManager: app = com.amazon.imp, has single user service, setting process record.
--------- beginning of main
04-11 02:52:43.353 25298 25298 D AndroidRuntime: >>>>>> START com.android.internal.os.RuntimeInit uid 2000 <<<<<<
04-11 02:52:43.356 25298 25298 D AndroidRuntime: CheckJNI is OFF
04-11 02:52:43.357 25298 25298 I art     : Skinny Heap Starting Size = 2048KB
04-11 02:52:43.357 25298 25298 I art     : Skinny Heap Growth Limit = 20480KB
04-11 02:52:43.357 25298 25298 I art     : Skinny Heap Min Free = 128KB
04-11 02:52:43.357 25298 25298 I art     : Skinny Heap Max Free = 512KB
04-11 02:52:43.357 25298 25298 I art     : Skinny Heap Target Utilization = 0.9
04-11 02:52:43.432 25298 25298 I HAL     : loaded HAL id=memtrack path=/vendor/lib/hw/memtrack.mt8135.so hmi=0x0 handle=0x41db5694
04-11 02:52:43.443 25298 25298 I HAL     : loaded HAL id=perfboost path=/system/lib/hw/perfboost.mt8135.so hmi=0x0 handle=0x41db5934
04-11 02:52:43.466 25298 25298 D AndroidRuntime: Calling main entry com.android.commands.am.Am
04-11 02:52:43.469 25298 25298 D ActivityManager: default service binder = android.os.BinderProxy@13cb101c
04-11 02:52:43.469 25298 25298 D ActivityManager: default service = android.app.ActivityManagerProxy@1e069425
04-11 02:52:43.472   958   973 I ActivityManager: START u0 {act=android.intent.action.MAIN cat=[android.intent.category.LAUNCHER] flg=0x10000000 cmp=com.example.sonicdash_stage1/android.app.NativeActivity (has extras)} from uid 2000 on display 0
04-11 02:52:43.475   958   973 W ActivityManager: Input dispatching paused for current ActivityRecord: ActivityRecord{cde747c u0 com.example.sonicdash_stage1/android.app.NativeActivity t622}
04-11 02:52:43.476   958   973 V WindowManager: addAppToken: AppWindowToken{1ba4755a token=Token{161d9105 ActivityRecord{cde747c u0 com.example.sonicdash_stage1/android.app.NativeActivity t622}}} to stack=1 task=622 at 0
04-11 02:52:43.481   958   991 V WindowManager: Adding window Window{fdc5c68 u0 Starting com.example.sonicdash_stage1} at 2 of 6 (after Window{32e9e4b u0 com.amazon.firelauncher/com.amazon.firelauncher.Launcher})
04-11 02:52:43.483   958   973 D BatteryStatsExtension.VitalEmitterBatteryAndTime: VitalEmitterBatteryAndTime.start(-): not runnable
04-11 02:52:43.488 25298 25298 D AndroidRuntime: Shutting down VM
04-11 02:52:43.488 25298 25310 E IPCThreadState: talkWithDriver returned result (-9)
04-11 02:52:43.488 25298 25311 E IPCThreadState: talkWithDriver returned result (-9)
04-11 02:52:43.494   266   266 W art     : PreZygoteFork called when we already have a zygote space.
04-11 02:52:43.506 25312 25312 I art     : Late-enabling -Xcheck:jni
04-11 02:52:43.516   958  1695 I ActivityManager: Start proc 25312:com.example.sonicdash_stage1/u0a9 for activity com.example.sonicdash_stage1/android.app.NativeActivity
--------- beginning of metrics
04-11 02:52:43.522   958  1010 I LoggerMetricsFactoryImpl: PhoneWindowManager:ActivityChanged:com.example.sonicdash_stage1=1.0;CT;1:NR
--------- beginning of vitals
04-11 02:52:43.522   958  1010 I Vlog    : ScreenTime:PackageScreenTime:fgtracking=false;DV;1,key=com.amazon.firelauncher;DV;1,Timer=3.4972222222222224E-4;TI;1,unit=hours;DV;1:HI
04-11 02:52:43.522   958  1010 I LoggerMetricsFactoryImpl: PhoneWindowManager:ScreenTime:endTimeMs=1.491904363522E12;TI;1,startTimeMs=1.491904362263E12;TI;1,com.amazon.firelauncher=1259.0;TI;1:NR
04-11 02:52:43.523   958  1010 I LoggerMetricsFactoryImpl: ScreenTime:updateLRUListLocked:page-type=KindleFramework;CK;1,hitType=deviceAction;CK;1,team-name=KindleFramework;CK;1,site_variant=KindleApplication;CK;1,page-action=fgEnd;CK;1,sub-page-type=com.amazon.firelauncher;CK;1,RequestId=331ADB09645F39F07DFD;DV;1:NA
04-11 02:52:43.523   958  1010 I LoggerMetricsFactoryImpl: ScreenTime:updateLRUListLocked:page-type=KindleFramework;CK;1,hitType=deviceAction;CK;1,team-name=KindleFramework;CK;1,site_variant=KindleApplication;CK;1,page-action=fgStart;CK;1,sub-page-type=com.example.sonicdash_stage1;CK;1,RequestId=C1D1E1BBA49AF9C1A4D4;DV;1:NA
04-11 02:52:43.527 25312 25312 I art     : Turning on check_jni_no_abort for targetSdkVersion 9
04-11 02:52:43.544 25312 25312 D ActivityManager: default service binder = android.os.BinderProxy@99ae04d
04-11 02:52:43.544 25312 25312 D ActivityManager: default service = android.app.ActivityManagerProxy@fd72702
04-11 02:52:43.562   266   266 I art     : Explicit concurrent mark sweep GC freed 8689(369KB) AllocSpace objects, 0(0B) LOS objects, 39% free, 2MB/4MB, paused 207us total 45.544ms
04-11 02:52:43.566   958  1721 I PackageRecencyCallback: Queuing notifcation to package: ComponentInfo{com.amazon.kindle.cms/com.amazon.kindle.cms.MaintenanceService$PackageRecencyListener}
04-11 02:52:43.570 25312 25312 D VendorDisplayManagerGlobalCallback: callGetInstance: nil
04-11 02:52:43.572  1696  1696 I Vlog    : performance:SkippedVsyncsBucket1:fgtracking=false;DV;1,key=com.amazon.firelauncher;DV;1,Counter=1.0;CT;1,unit=count;DV;1:HI
04-11 02:52:43.572  1696  1696 I Vlog    : performance:SkippedVsyncsBucket2:fgtracking=false;DV;1,key=com.amazon.firelauncher;DV;1,Counter=1.0;CT;1,unit=count;DV;1:HI
04-11 02:52:43.572  1696  1696 I Vlog    : performance:SkippedVsyncsBucket3:fgtracking=false;DV;1,key=com.amazon.firelauncher;DV;1,Counter=1.0;CT;1,unit=count;DV;1:HI
04-11 02:52:43.572  1696  1696 I Vlog    : performance:FrameDropTotal:fgtracking=false;DV;1,key=com.amazon.firelauncher;DV;1,Counter=3.0;CT;1,unit=count;DV;1:HI
04-11 02:52:43.572  1696  1696 I Vlog    : performance:FramesTotal:fgtracking=false;DV;1,key=com.amazon.firelauncher;DV;1,Counter=30.0;CT;1,unit=count;DV;1:HI
04-11 02:52:43.572  1696  1696 I Vlog    : performance:FirstFramesTotal:fgtracking=false;DV;1,key=com.amazon.firelauncher;DV;1,Counter=4.0;CT;1,unit=count;DV;1:HI
04-11 02:52:43.594   266   266 I art     : Explicit concurrent mark sweep GC freed 5(160B) AllocSpace objects, 0(0B) LOS objects, 39% free, 2MB/4MB, paused 940us total 31.628ms
04-11 02:52:43.612   266   266 I art     : Explicit concurrent mark sweep GC freed 5(160B) AllocSpace objects, 0(0B) LOS objects, 39% free, 2MB/4MB, paused 202us total 17.308ms
04-11 02:52:43.615 25312 25312 E VendorContextExt: Failed to register system service "com.amazon.client.metrics.AndroidMetricsFactoryImpl". The class was not found for the provided classloader.
04-11 02:52:43.616   958  2830 D WifiService: releaseWifiLockLocked: WifiLock{com.amazon.dcp.framework.iuc.ConnectionEstablisherWithConnectivityEnforcement type=1 binder=android.os.BinderProxy@1d8d7350}
04-11 02:52:43.618 25312 25312 D ProfileManager: Create ProfileManager instance
04-11 02:52:43.629 25312 25312 I FrameworkJumpTable: Successfully loaded all classes
04-11 02:52:43.636 25312 25312 I FrameworkJumpTable: Successfully loaded all methods
04-11 02:52:43.636 25312 25312 I FrameworkJumpTable: Successfully loaded all fields
04-11 02:52:43.655 25312 25312 V threaded_app: Creating: 0x42af8a48
04-11 02:52:43.655 25312 25330 V threaded_app: Config: mcc=0 mnc=0 lang=en cnt=US orien=2 touch=3 dens=213 keys=1 nav=1 keysHid=3 navHid=0 sdk=22 size=3 long=1 modetype=1 modenight=1
04-11 02:52:43.655 25312 25330 I native-activity: Starting android_main
04-11 02:52:43.655 25312 25330 I native-activity:   Activity 0x42af8a48
04-11 02:52:43.655 25312 25330 I native-activity:   VM 0x4504eb80
04-11 02:52:43.655 25312 25330 I native-activity:   JNIEnv 0x451e13e8
04-11 02:52:43.655 25312 25330 D native-activity: Changing permissions for the internal storage at /data/data/com.example.sonicdash_stage1/files
04-11 02:52:43.655 25312 25330 I native-activity: Attaching entry point thread to JNIEnv
04-11 02:52:43.656 25312 25312 V threaded_app: Start: 0x42af8a48
04-11 02:52:43.656 25312 25330 I native-activity: Loading activity configuration
04-11 02:52:43.656 25312 25330 V native-activity: get_boolean_extra for *env 0x420afd60 intent 0x100005 extra_name egl_swap_preserve_bit
04-11 02:52:43.656 25312 25330 V native-activity: get_boolean_extra for *env 0x420afd60 intent 0x100005 extra_name egl_window_bit
04-11 02:52:43.656 25312 25330 V native-activity: get_boolean_extra for *env 0x420afd60 intent 0x100005 extra_name egl_pbuffer_bit
04-11 02:52:43.656 25312 25330 V native-activity: get_boolean_extra for *env 0x420afd60 intent 0x100005 extra_name gl_enable_dither
04-11 02:52:43.657 25312 25330 V native-activity: get_boolean_extra for *env 0x420afd60 intent 0x100005 extra_name gl_disable_dither
04-11 02:52:43.657 25312 25330 V native-activity: get_boolean_extra for *env 0x420afd60 intent 0x100005 extra_name gl_log_context
04-11 02:52:43.657 25312 25330 V native-activity: get_boolean_extra for *env 0x420afd60 intent 0x100005 extra_name stop_motion
04-11 02:52:43.657 25312 25330 V native-activity: get_boolean_extra for *env 0x420afd60 intent 0x100005 extra_name capture_compressed
04-11 02:52:43.657 25312 25330 I native-activity: EGL configuration
04-11 02:52:43.657 25312 25330 I native-activity: 	egl_swap_preserve_bit: 0
04-11 02:52:43.657 25312 25330 I native-activity: 	egl_window_bit: 1
04-11 02:52:43.657 25312 25330 I native-activity: 	egl_pbuffer_bit: 1
04-11 02:52:43.657 25312 25330 I native-activity: 	egl_width: 1080
04-11 02:52:43.657 25312 25330 I native-activity: 	egl_height: 1920
04-11 02:52:43.657 25312 25330 I native-activity: 	egl_red_size: 8
04-11 02:52:43.657 25312 25330 I native-activity: 	egl_green_size: 8
04-11 02:52:43.657 25312 25330 I native-activity: 	egl_blue_size: 8
04-11 02:52:43.657 25312 25330 I native-activity: 	egl_alpha_size: 8
04-11 02:52:43.657 25312 25330 I native-activity: 	egl_depth_size: 16
04-11 02:52:43.657 25312 25330 I native-activity: 	egl_stencil_size: -1
04-11 02:52:43.657 25312 25330 I native-activity: 	egl_swapbuffers_sync: 2
04-11 02:52:43.657 25312 25330 I native-activity: GL configuration
04-11 02:52:43.657 25312 25330 I native-activity: 	gl_enable_dither: 0
04-11 02:52:43.657 25312 25330 I native-activity: 	gl_disable_dither: 0
04-11 02:52:43.657 25312 25330 I native-activity: 	gl_get_error: 1
04-11 02:52:43.657 25312 25330 I native-activity: 	gl_log_context: 1
04-11 02:52:43.657 25312 25330 I native-activity: Runtime configuration
04-11 02:52:43.657 25312 25330 I native-activity: 	draw_limit:        0
04-11 02:52:43.657 25312 25330 I native-activity: 	frame_limit:       0
04-11 02:52:43.657 25312 25330 I native-activity: 	stop_motion:       0
04-11 02:52:43.657 25312 25330 I native-activity: 	capture_frequency: 0
04-11 02:52:43.657 25312 25330 I native-activity: 	capture_compressed: 1
04-11 02:52:43.658 25312 25330 V threaded_app: activityState=10
04-11 02:52:43.658 25312 25312 V threaded_app: Resume: 0x42af8a48
04-11 02:52:43.658 25312 25330 V threaded_app: activityState=11
04-11 02:52:43.662  1607  1607 I Vlog    : PfxPrecog:WarmvCold:fgtracking=false;DV;1,key=cold;DV;1,Counter=1.000000;CT;1,unit=null;DV;1,metadata=mode:active;DV;1:HI
04-11 02:52:43.664  1607  1607 I Vlog    : PfxPrecog:WarmvCold:fgtracking=false;DV;1,key=cold;DV;1,Counter=1.000000;CT;1,unit=null;DV;1,metadata=pkg:com.example.sonicdash_stage1;DV;1:HI
04-11 02:52:43.669   958  1718 V WindowManager: Adding window Window{2acc5080 u0 com.example.sonicdash_stage1/android.app.NativeActivity} at 2 of 7 (before Window{fdc5c68 u0 Starting com.example.sonicdash_stage1})
04-11 02:52:43.670 25312 25312 V threaded_app: InputQueueCreated: 0x42af8a48 -- 0x42b02960
04-11 02:52:43.670 25312 25330 V threaded_app: APP_CMD_INPUT_CHANGED
04-11 02:52:43.670 25312 25330 V threaded_app: Attaching input queue to looper
04-11 02:52:43.701 25312 25312 V threaded_app: NativeWindowCreated: 0x42af8a48 -- 0x535dda28
04-11 02:52:43.701 25312 25330 V threaded_app: APP_CMD_INIT_WINDOW
04-11 02:52:43.704 25312 25312 V threaded_app: WindowFocusChanged: 0x42af8a48 -- 1
04-11 02:52:43.710 25312 25330 I HAL     : loaded HAL id=hwcomposer path=/system/lib/hw/hwcomposer.mt8135.so hmi=0x0 handle=0x46998004
04-11 02:52:43.711 25312 25330 I HAL     : loaded HAL id=gralloc path=/vendor/lib/hw/gralloc.mt8135.so hmi=0x0 handle=0x4c1a9e74
04-11 02:52:43.717   958   991 I Vlog    : Fluidity:cold_launch_time:fgtracking=false;DV;1,key=com.example.sonicdash_stage1/android.app.NativeActivity;DV;1,Timer=231.0;TI;1,unit=ms;DV;1:HI
04-11 02:52:43.718   958   991 I ActivityManager: Displayed com.example.sonicdash_stage1/android.app.NativeActivity: +231ms
04-11 02:52:43.719   958  1010 I LoggerMetricsFactoryImpl: PhoneWindowManager:ActivityChanged:com.example.sonicdash_stage1=1.0;CT;1:NR
04-11 02:52:43.723 25312 25330 I native-activity: EGL information on display 0x1
04-11 02:52:43.723 25312 25330 I native-activity: 		EGL_VENDOR: Android
04-11 02:52:43.723 25312 25330 I native-activity: 		EGL_VERSION: 1.4 Android META-EGL
04-11 02:52:43.723 25312 25330 I native-activity: 		EGL_CLIENT_APIS: OpenGL_ES
04-11 02:52:43.723 25312 25330 I native-activity: 		EGL_EXTENSIONS: EGL_KHR_get_all_proc_addresses EGL_ANDROID_presentation_time EGL_KHR_image EGL_KHR_image_base EGL_KHR_gl_texture_2D_image EGL_KHR_gl_texture_cubemap_image EGL_KHR_gl_renderbuffer_image EGL_KHR_fence_sync EGL_KHR_create_context EGL_EXT_create_context_robustness EGL_ANDROID_image_native_buffer EGL_KHR_wait_sync EGL_ANDROID_recordable 
04-11 02:52:43.723 25312 25330 D native-activity: EGL configurations 44
04-11 02:52:43.723 25312 25330 D native-activity: 	Config 0x1 index 0
04-11 02:52:43.723 25312 25330 V native-activity: 		EGL_CONFIG_ID: 1
04-11 02:52:43.723 25312 25330 V native-activity: 		EGL_CONFORMANT: 1 EGL_OPENGL_ES_BIT,
04-11 02:52:43.723 25312 25330 V native-activity: 		EGL_CONFIG_CAVEAT: 12344 EGL_NONE,
04-11 02:52:43.723 25312 25330 V native-activity: 		EGL_RENDERABLE_TYPE: 1 EGL_OPENGL_ES_BIT,
04-11 02:52:43.723 25312 25330 V native-activity: 		EGL_SURFACE_TYPE: 5 EGL_PBUFFER_BIT, EGL_WINDOW_BIT,
04-11 02:52:43.723 25312 25330 V native-activity: 		EGL_LEVEL: 0
04-11 02:52:43.723 25312 25330 V native-activity: 		EGL_COLOR_BUFFER_TYPE: 12430 EGL_RGB_BUFFER,
04-11 02:52:43.724 25312 25330 V native-activity: 		EGL_BUFFER_SIZE: 32
04-11 02:52:43.724 25312 25330 V native-activity: 		EGL_SAMPLES: 0
04-11 02:52:43.724 25312 25330 V native-activity: 		EGL_SAMPLE_BUFFERS: 0
04-11 02:52:43.724 25312 25330 V native-activity: 		EGL_RED_SIZE: 8
04-11 02:52:43.724 25312 25330 V native-activity: 		EGL_GREEN_SIZE: 8
04-11 02:52:43.724 25312 25330 V native-activity: 		EGL_BLUE_SIZE: 8
04-11 02:52:43.724 25312 25330 V native-activity: 		EGL_ALPHA_SIZE: 8
04-11 02:52:43.724 25312 25330 V native-activity: 		EGL_ALPHA_MASK_SIZE: 0
04-11 02:52:43.724 25312 25330 V native-activity: 		EGL_LUMINANCE_SIZE: 0
04-11 02:52:43.724 25312 25330 V native-activity: 		EGL_TRANSPARENT_TYPE: 12344 EGL_NONE,
04-11 02:52:43.724 25312 25330 V native-activity: 		EGL_TRANSPARENT_RED_VALUE: 0
04-11 02:52:43.724 25312 25330 V native-activity: 		EGL_TRANSPARENT_GREEN_VALUE: 0
04-11 02:52:43.724 25312 25330 V native-activity: 		EGL_TRANSPARENT_BLUE_VALUE: 0
04-11 02:52:43.724 25312 25330 V native-activity: 		EGL_STENCIL_SIZE: 8
04-11 02:52:43.724 25312 25330 V native-activity: 		EGL_DEPTH_SIZE: 24
04-11 02:52:43.724 25312 25330 V native-activity: 		EGL_BIND_TO_TEXTURE_RGB: 1
04-11 02:52:43.724 25312 25330 V native-activity: 		EGL_BIND_TO_TEXTURE_RGBA: 1
04-11 02:52:43.724 25312 25330 V native-activity: 		EGL_MIN_SWAP_INTERVAL: 0
04-11 02:52:43.724 25312 25330 V native-activity: 		EGL_MAX_SWAP_INTERVAL: 5
04-11 02:52:43.724 25312 25330 V native-activity: 		EGL_MAX_PBUFFER_WIDTH: 4096
04-11 02:52:43.724 25312 25330 V native-activity: 		EGL_MAX_PBUFFER_HEIGHT: 4096
04-11 02:52:43.724 25312 25330 D native-activity: 	Config 0x2 index 1
04-11 02:52:43.724 25312 25330 V native-activity: 		EGL_CONFIG_ID: 2
04-11 02:52:43.724 25312 25330 V native-activity: 		EGL_CONFORMANT: 1 EGL_OPENGL_ES_BIT,
04-11 02:52:43.724 25312 25330 V native-activity: 		EGL_CONFIG_CAVEAT: 12344 EGL_NONE,
04-11 02:52:43.726 25312 25330 V native-activity: 		EGL_RENDERABLE_TYPE: 1 EGL_OPENGL_ES_BIT,
04-11 02:52:43.726 25312 25330 V native-activity: 		EGL_SURFACE_TYPE: 5 EGL_PBUFFER_BIT, EGL_WINDOW_BIT,
04-11 02:52:43.726 25312 25330 V native-activity: 		EGL_LEVEL: 0
04-11 02:52:43.726 25312 25330 V native-activity: 		EGL_COLOR_BUFFER_TYPE: 12430 EGL_RGB_BUFFER,
04-11 02:52:43.726 25312 25330 V native-activity: 		EGL_BUFFER_SIZE: 32
04-11 02:52:43.726 25312 25330 V native-activity: 		EGL_SAMPLES: 0
04-11 02:52:43.726 25312 25330 V native-activity: 		EGL_SAMPLE_BUFFERS: 0
04-11 02:52:43.726 25312 25330 V native-activity: 		EGL_RED_SIZE: 8
04-11 02:52:43.726 25312 25330 V native-activity: 		EGL_GREEN_SIZE: 8
04-11 02:52:43.726 25312 25330 V native-activity: 		EGL_BLUE_SIZE: 8
04-11 02:52:43.726 25312 25330 V native-activity: 		EGL_ALPHA_SIZE: 8
04-11 02:52:43.726 25312 25330 V native-activity: 		EGL_ALPHA_MASK_SIZE: 0
04-11 02:52:43.726 25312 25330 V native-activity: 		EGL_LUMINANCE_SIZE: 0
04-11 02:52:43.726 25312 25330 V native-activity: 		EGL_TRANSPARENT_TYPE: 12344 EGL_NONE,
04-11 02:52:43.726 25312 25330 V native-activity: 		EGL_TRANSPARENT_RED_VALUE: 0
04-11 02:52:43.726 25312 25330 V native-activity: 		EGL_TRANSPARENT_GREEN_VALUE: 0
04-11 02:52:43.726 25312 25330 V native-activity: 		EGL_TRANSPARENT_BLUE_VALUE: 0
04-11 02:52:43.726 25312 25330 V native-activity: 		EGL_STENCIL_SIZE: 0
04-11 02:52:43.726 25312 25330 V native-activity: 		EGL_DEPTH_SIZE: 0
04-11 02:52:43.726 25312 25330 V native-activity: 		EGL_BIND_TO_TEXTURE_RGB: 1
04-11 02:52:43.726 25312 25330 V native-activity: 		EGL_BIND_TO_TEXTURE_RGBA: 1
04-11 02:52:43.726 25312 25330 V native-activity: 		EGL_MIN_SWAP_INTERVAL: 0
04-11 02:52:43.726 25312 25330 V native-activity: 		EGL_MAX_SWAP_INTERVAL: 5
04-11 02:52:43.727 25312 25330 V native-activity: 		EGL_MAX_PBUFFER_WIDTH: 4096
04-11 02:52:43.727 25312 25330 V native-activity: 		EGL_MAX_PBUFFER_HEIGHT: 4096
04-11 02:52:43.727 25312 25330 D native-activity: 	Config 0x3 index 2
04-11 02:52:43.727 25312 25330 V native-activity: 		EGL_CONFIG_ID: 3
04-11 02:52:43.727 25312 25330 V native-activity: 		EGL_CONFORMANT: 1 EGL_OPENGL_ES_BIT,
04-11 02:52:43.727 25312 25330 V native-activity: 		EGL_CONFIG_CAVEAT: 12344 EGL_NONE,
04-11 02:52:43.727 25312 25330 V native-activity: 		EGL_RENDERABLE_TYPE: 1 EGL_OPENGL_ES_BIT,
04-11 02:52:43.727 25312 25330 V native-activity: 		EGL_SURFACE_TYPE: 5 EGL_PBUFFER_BIT, EGL_WINDOW_BIT,
04-11 02:52:43.727 25312 25330 V native-activity: 		EGL_LEVEL: 0
04-11 02:52:43.727 25312 25330 V native-activity: 		EGL_COLOR_BUFFER_TYPE: 12430 EGL_RGB_BUFFER,
04-11 02:52:43.727 25312 25330 V native-activity: 		EGL_BUFFER_SIZE: 32
04-11 02:52:43.727 25312 25330 V native-activity: 		EGL_SAMPLES: 4
04-11 02:52:43.727 25312 25330 V native-activity: 		EGL_SAMPLE_BUFFERS: 1
04-11 02:52:43.727 25312 25330 V native-activity: 		EGL_RED_SIZE: 8
04-11 02:52:43.727 25312 25330 V native-activity: 		EGL_GREEN_SIZE: 8
04-11 02:52:43.727 25312 25330 V native-activity: 		EGL_BLUE_SIZE: 8
04-11 02:52:43.727 25312 25330 V native-activity: 		EGL_ALPHA_SIZE: 8
04-11 02:52:43.727 25312 25330 V native-activity: 		EGL_ALPHA_MASK_SIZE: 0
04-11 02:52:43.727 25312 25330 V native-activity: 		EGL_LUMINANCE_SIZE: 0
04-11 02:52:43.727 25312 25330 V native-activity: 		EGL_TRANSPARENT_TYPE: 12344 EGL_NONE,
04-11 02:52:43.727 25312 25330 V native-activity: 		EGL_TRANSPARENT_RED_VALUE: 0
04-11 02:52:43.727 25312 25330 V native-activity: 		EGL_TRANSPARENT_GREEN_VALUE: 0
04-11 02:52:43.727 25312 25330 V native-activity: 		EGL_TRANSPARENT_BLUE_VALUE: 0
04-11 02:52:43.727 25312 25330 V native-activity: 		EGL_STENCIL_SIZE: 8
04-11 02:52:43.727 25312 25330 V native-activity: 		EGL_DEPTH_SIZE: 24
04-11 02:52:43.727 25312 25330 V native-activity: 		EGL_BIND_TO_TEXTURE_RGB: 1
04-11 02:52:43.727 25312 25330 V native-activity: 		EGL_BIND_TO_TEXTURE_RGBA: 1
04-11 02:52:43.727 25312 25330 V native-activity: 		EGL_MIN_SWAP_INTERVAL: 0
04-11 02:52:43.727 25312 25330 V native-activity: 		EGL_MAX_SWAP_INTERVAL: 5
04-11 02:52:43.727 25312 25330 V native-activity: 		EGL_MAX_PBUFFER_WIDTH: 4096
04-11 02:52:43.727 25312 25330 V native-activity: 		EGL_MAX_PBUFFER_HEIGHT: 4096
04-11 02:52:43.727 25312 25330 D native-activity: 	Config 0x4 index 3
04-11 02:52:43.727 25312 25330 V native-activity: 		EGL_CONFIG_ID: 4
04-11 02:52:43.727 25312 25330 V native-activity: 		EGL_CONFORMANT: 1 EGL_OPENGL_ES_BIT,
04-11 02:52:43.727 25312 25330 V native-activity: 		EGL_CONFIG_CAVEAT: 12344 EGL_NONE,
04-11 02:52:43.727 25312 25330 V native-activity: 		EGL_RENDERABLE_TYPE: 1 EGL_OPENGL_ES_BIT,
04-11 02:52:43.727 25312 25330 V native-activity: 		EGL_SURFACE_TYPE: 5 EGL_PBUFFER_BIT, EGL_WINDOW_BIT,
04-11 02:52:43.727 25312 25330 V native-activity: 		EGL_LEVEL: 0
04-11 02:52:43.727 25312 25330 V native-activity: 		EGL_COLOR_BUFFER_TYPE: 12430 EGL_RGB_BUFFER,
04-11 02:52:43.727 25312 25330 V native-activity: 		EGL_BUFFER_SIZE: 32
04-11 02:52:43.727 25312 25330 V native-activity: 		EGL_SAMPLES: 0
04-11 02:52:43.727 25312 25330 V native-activity: 		EGL_SAMPLE_BUFFERS: 0
04-11 02:52:43.727 25312 25330 V native-activity: 		EGL_RED_SIZE: 8
04-11 02:52:43.727 25312 25330 V native-activity: 		EGL_GREEN_SIZE: 8
04-11 02:52:43.727 25312 25330 V native-activity: 		EGL_BLUE_SIZE: 8
04-11 02:52:43.727 25312 25330 V native-activity: 		EGL_ALPHA_SIZE: 0
04-11 02:52:43.727 25312 25330 V native-activity: 		EGL_ALPHA_MASK_SIZE: 0
04-11 02:52:43.727 25312 25330 V native-activity: 		EGL_LUMINANCE_SIZE: 0
04-11 02:52:43.727 25312 25330 V native-activity: 		EGL_TRANSPARENT_TYPE: 12344 EGL_NONE,
04-11 02:52:43.727 25312 25330 V native-activity: 		EGL_TRANSPARENT_RED_VALUE: 0
04-11 02:52:43.728 25312 25330 V native-activity: 		EGL_TRANSPARENT_GREEN_VALUE: 0
04-11 02:52:43.728 25312 25330 V native-activity: 		EGL_TRANSPARENT_BLUE_VALUE: 0
04-11 02:52:43.728 25312 25330 V native-activity: 		EGL_STENCIL_SIZE: 8
04-11 02:52:43.728 25312 25330 V native-activity: 		EGL_DEPTH_SIZE: 24
04-11 02:52:43.728 25312 25330 V native-activity: 		EGL_BIND_TO_TEXTURE_RGB: 1
04-11 02:52:43.728 25312 25330 V native-activity: 		EGL_BIND_TO_TEXTURE_RGBA: 0
04-11 02:52:43.728 25312 25330 V native-activity: 		EGL_MIN_SWAP_INTERVAL: 0
04-11 02:52:43.728 25312 25330 V native-activity: 		EGL_MAX_SWAP_INTERVAL: 5
04-11 02:52:43.728 25312 25330 V native-activity: 		EGL_MAX_PBUFFER_WIDTH: 4096
04-11 02:52:43.728 25312 25330 V native-activity: 		EGL_MAX_PBUFFER_HEIGHT: 4096
04-11 02:52:43.728 25312 25330 D native-activity: 	Config 0x5 index 4
04-11 02:52:43.728 25312 25330 V native-activity: 		EGL_CONFIG_ID: 5
04-11 02:52:43.728 25312 25330 V native-activity: 		EGL_CONFORMANT: 1 EGL_OPENGL_ES_BIT,
04-11 02:52:43.728 25312 25330 V native-activity: 		EGL_CONFIG_CAVEAT: 12344 EGL_NONE,
04-11 02:52:43.728 25312 25330 V native-activity: 		EGL_RENDERABLE_TYPE: 1 EGL_OPENGL_ES_BIT,
04-11 02:52:43.728 25312 25330 V native-activity: 		EGL_SURFACE_TYPE: 5 EGL_PBUFFER_BIT, EGL_WINDOW_BIT,
04-11 02:52:43.728 25312 25330 V native-activity: 		EGL_LEVEL: 0
04-11 02:52:43.728 25312 25330 V native-activity: 		EGL_COLOR_BUFFER_TYPE: 12430 EGL_RGB_BUFFER,
04-11 02:52:43.728 25312 25330 V native-activity: 		EGL_BUFFER_SIZE: 32
04-11 02:52:43.728 25312 25330 V native-activity: 		EGL_SAMPLES: 0
04-11 02:52:43.728 25312 25330 V native-activity: 		EGL_SAMPLE_BUFFERS: 0
04-11 02:52:43.728 25312 25330 V native-activity: 		EGL_RED_SIZE: 8
04-11 02:52:43.728 25312 25330 V native-activity: 		EGL_GREEN_SIZE: 8
04-11 02:52:43.728 25312 25330 V native-activity: 		EGL_BLUE_SIZE: 8
04-11 02:52:43.728 25312 25330 V native-activity: 		EGL_ALPHA_SIZE: 0
04-11 02:52:43.728 25312 25330 V native-activity: 		EGL_ALPHA_MASK_SIZE: 0
04-11 02:52:43.728 25312 25330 V native-activity: 		EGL_LUMINANCE_SIZE: 0
04-11 02:52:43.728 25312 25330 V native-activity: 		EGL_TRANSPARENT_TYPE: 12344 EGL_NONE,
04-11 02:52:43.728 25312 25330 V native-activity: 		EGL_TRANSPARENT_RED_VALUE: 0
04-11 02:52:43.728 25312 25330 V native-activity: 		EGL_TRANSPARENT_GREEN_VALUE: 0
04-11 02:52:43.728 25312 25330 V native-activity: 		EGL_TRANSPARENT_BLUE_VALUE: 0
04-11 02:52:43.728 25312 25330 V native-activity: 		EGL_STENCIL_SIZE: 0
04-11 02:52:43.728 25312 25330 V native-activity: 		EGL_DEPTH_SIZE: 0
04-11 02:52:43.728 25312 25330 V native-activity: 		EGL_BIND_TO_TEXTURE_RGB: 1
04-11 02:52:43.728 25312 25330 V native-activity: 		EGL_BIND_TO_TEXTURE_RGBA: 0
04-11 02:52:43.728 25312 25330 V native-activity: 		EGL_MIN_SWAP_INTERVAL: 0
04-11 02:52:43.728 25312 25330 V native-activity: 		EGL_MAX_SWAP_INTERVAL: 5
04-11 02:52:43.728 25312 25330 V native-activity: 		EGL_MAX_PBUFFER_WIDTH: 4096
04-11 02:52:43.729 25312 25330 V native-activity: 		EGL_MAX_PBUFFER_HEIGHT: 4096
04-11 02:52:43.729 25312 25330 D native-activity: 	Config 0x6 index 5
04-11 02:52:43.729 25312 25330 V native-activity: 		EGL_CONFIG_ID: 6
04-11 02:52:43.729 25312 25330 V native-activity: 		EGL_CONFORMANT: 1 EGL_OPENGL_ES_BIT,
04-11 02:52:43.729 25312 25330 V native-activity: 		EGL_CONFIG_CAVEAT: 12344 EGL_NONE,
04-11 02:52:43.729 25312 25330 V native-activity: 		EGL_RENDERABLE_TYPE: 1 EGL_OPENGL_ES_BIT,
04-11 02:52:43.729 25312 25330 V native-activity: 		EGL_SURFACE_TYPE: 5 EGL_PBUFFER_BIT, EGL_WINDOW_BIT,
04-11 02:52:43.729 25312 25330 V native-activity: 		EGL_LEVEL: 0
04-11 02:52:43.729 25312 25330 V native-activity: 		EGL_COLOR_BUFFER_TYPE: 12430 EGL_RGB_BUFFER,
04-11 02:52:43.729 25312 25330 V native-activity: 		EGL_BUFFER_SIZE: 32
04-11 02:52:43.729 25312 25330 V native-activity: 		EGL_SAMPLES: 4
04-11 02:52:43.729 25312 25330 V native-activity: 		EGL_SAMPLE_BUFFERS: 1
04-11 02:52:43.729 25312 25330 V native-activity: 		EGL_RED_SIZE: 8
04-11 02:52:43.729 25312 25330 V native-activity: 		EGL_GREEN_SIZE: 8
04-11 02:52:43.729 25312 25330 V native-activity: 		EGL_BLUE_SIZE: 8
04-11 02:52:43.729 25312 25330 V native-activity: 		EGL_ALPHA_SIZE: 0
04-11 02:52:43.729 25312 25330 V native-activity: 		EGL_ALPHA_MASK_SIZE: 0
04-11 02:52:43.729 25312 25330 V native-activity: 		EGL_LUMINANCE_SIZE: 0
04-11 02:52:43.729 25312 25330 V native-activity: 		EGL_TRANSPARENT_TYPE: 12344 EGL_NONE,
04-11 02:52:43.729 25312 25330 V native-activity: 		EGL_TRANSPARENT_RED_VALUE: 0
04-11 02:52:43.729 25312 25330 V native-activity: 		EGL_TRANSPARENT_GREEN_VALUE: 0
04-11 02:52:43.729 25312 25330 V native-activity: 		EGL_TRANSPARENT_BLUE_VALUE: 0
04-11 02:52:43.729 25312 25330 V native-activity: 		EGL_STENCIL_SIZE: 8
04-11 02:52:43.729 25312 25330 V native-activity: 		EGL_DEPTH_SIZE: 24
04-11 02:52:43.729 25312 25330 V native-activity: 		EGL_BIND_TO_TEXTURE_RGB: 1
04-11 02:52:43.729 25312 25330 V native-activity: 		EGL_BIND_TO_TEXTURE_RGBA: 0
04-11 02:52:43.729 25312 25330 V native-activity: 		EGL_MIN_SWAP_INTERVAL: 0
04-11 02:52:43.729 25312 25330 V native-activity: 		EGL_MAX_SWAP_INTERVAL: 5
04-11 02:52:43.729 25312 25330 V native-activity: 		EGL_MAX_PBUFFER_WIDTH: 4096
04-11 02:52:43.729 25312 25330 V native-activity: 		EGL_MAX_PBUFFER_HEIGHT: 4096
04-11 02:52:43.729 25312 25330 D native-activity: 	Config 0x7 index 6
04-11 02:52:43.729 25312 25330 V native-activity: 		EGL_CONFIG_ID: 7
04-11 02:52:43.729 25312 25330 V native-activity: 		EGL_CONFORMANT: 1 EGL_OPENGL_ES_BIT,
04-11 02:52:43.729 25312 25330 V native-activity: 		EGL_CONFIG_CAVEAT: 12344 EGL_NONE,
04-11 02:52:43.729 25312 25330 V native-activity: 		EGL_RENDERABLE_TYPE: 1 EGL_OPENGL_ES_BIT,
04-11 02:52:43.729 25312 25330 V native-activity: 		EGL_SURFACE_TYPE: 5 EGL_PBUFFER_BIT, EGL_WINDOW_BIT,
04-11 02:52:43.729 25312 25330 V native-activity: 		EGL_LEVEL: 0
04-11 02:52:43.729 25312 25330 V native-activity: 		EGL_COLOR_BUFFER_TYPE: 12430 EGL_RGB_BUFFER,
04-11 02:52:43.729 25312 25330 V native-activity: 		EGL_BUFFER_SIZE: 32
04-11 02:52:43.729 25312 25330 V native-activity: 		EGL_SAMPLES: 0
04-11 02:52:43.729 25312 25330 V native-activity: 		EGL_SAMPLE_BUFFERS: 0
04-11 02:52:43.729 25312 25330 V native-activity: 		EGL_RED_SIZE: 8
04-11 02:52:43.729 25312 25330 V native-activity: 		EGL_GREEN_SIZE: 8
04-11 02:52:43.729 25312 25330 V native-activity: 		EGL_BLUE_SIZE: 8
04-11 02:52:43.729 25312 25330 V native-activity: 		EGL_ALPHA_SIZE: 8
04-11 02:52:43.729 25312 25330 V native-activity: 		EGL_ALPHA_MASK_SIZE: 0
04-11 02:52:43.729 25312 25330 V native-activity: 		EGL_LUMINANCE_SIZE: 0
04-11 02:52:43.729 25312 25330 V native-activity: 		EGL_TRANSPARENT_TYPE: 12344 EGL_NONE,
04-11 02:52:43.729 25312 25330 V native-activity: 		EGL_TRANSPARENT_RED_VALUE: 0
04-11 02:52:43.729 25312 25330 V native-activity: 		EGL_TRANSPARENT_GREEN_VALUE: 0
04-11 02:52:43.729 25312 25330 V native-activity: 		EGL_TRANSPARENT_BLUE_VALUE: 0
04-11 02:52:43.729 25312 25330 V native-activity: 		EGL_STENCIL_SIZE: 8
04-11 02:52:43.729 25312 25330 V native-activity: 		EGL_DEPTH_SIZE: 24
04-11 02:52:43.729 25312 25330 V native-activity: 		EGL_BIND_TO_TEXTURE_RGB: 1
04-11 02:52:43.729 25312 25330 V native-activity: 		EGL_BIND_TO_TEXTURE_RGBA: 1
04-11 02:52:43.729 25312 25330 V native-activity: 		EGL_MIN_SWAP_INTERVAL: 0
04-11 02:52:43.729 25312 25330 V native-activity: 		EGL_MAX_SWAP_INTERVAL: 5
04-11 02:52:43.729 25312 25330 V native-activity: 		EGL_MAX_PBUFFER_WIDTH: 4096
04-11 02:52:43.729 25312 25330 V native-activity: 		EGL_MAX_PBUFFER_HEIGHT: 4096
04-11 02:52:43.729 25312 25330 D native-activity: 	Config 0x8 index 7
04-11 02:52:43.729 25312 25330 V native-activity: 		EGL_CONFIG_ID: 8
04-11 02:52:43.729 25312 25330 V native-activity: 		EGL_CONFORMANT: 1 EGL_OPENGL_ES_BIT,
04-11 02:52:43.729 25312 25330 V native-activity: 		EGL_CONFIG_CAVEAT: 12344 EGL_NONE,
04-11 02:52:43.729 25312 25330 V native-activity: 		EGL_RENDERABLE_TYPE: 1 EGL_OPENGL_ES_BIT,
04-11 02:52:43.729 25312 25330 V native-activity: 		EGL_SURFACE_TYPE: 5 EGL_PBUFFER_BIT, EGL_WINDOW_BIT,
04-11 02:52:43.729 25312 25330 V native-activity: 		EGL_LEVEL: 0
04-11 02:52:43.730 25312 25330 V native-activity: 		EGL_COLOR_BUFFER_TYPE: 12430 EGL_RGB_BUFFER,
04-11 02:52:43.730 25312 25330 V native-activity: 		EGL_BUFFER_SIZE: 32
04-11 02:52:43.730 25312 25330 V native-activity: 		EGL_SAMPLES: 0
04-11 02:52:43.730 25312 25330 V native-activity: 		EGL_SAMPLE_BUFFERS: 0
04-11 02:52:43.730 25312 25330 V native-activity: 		EGL_RED_SIZE: 8
04-11 02:52:43.730 25312 25330 V native-activity: 		EGL_GREEN_SIZE: 8
04-11 02:52:43.730 25312 25330 V native-activity: 		EGL_BLUE_SIZE: 8
04-11 02:52:43.730 25312 25330 V native-activity: 		EGL_ALPHA_SIZE: 8
04-11 02:52:43.730 25312 25330 V native-activity: 		EGL_ALPHA_MASK_SIZE: 0
04-11 02:52:43.730 25312 25330 V native-activity: 		EGL_LUMINANCE_SIZE: 0
04-11 02:52:43.730 25312 25330 V native-activity: 		EGL_TRANSPARENT_TYPE: 12344 EGL_NONE,
04-11 02:52:43.730 25312 25330 V native-activity: 		EGL_TRANSPARENT_RED_VALUE: 0
04-11 02:52:43.730 25312 25330 V native-activity: 		EGL_TRANSPARENT_GREEN_VALUE: 0
04-11 02:52:43.730 25312 25330 V native-activity: 		EGL_TRANSPARENT_BLUE_VALUE: 0
04-11 02:52:43.730 25312 25330 V native-activity: 		EGL_STENCIL_SIZE: 0
04-11 02:52:43.730 25312 25330 V native-activity: 		EGL_DEPTH_SIZE: 0
04-11 02:52:43.730 25312 25330 V native-activity: 		EGL_BIND_TO_TEXTURE_RGB: 1
04-11 02:52:43.730 25312 25330 V native-activity: 		EGL_BIND_TO_TEXTURE_RGBA: 1
04-11 02:52:43.730 25312 25330 V native-activity: 		EGL_MIN_SWAP_INTERVAL: 0
04-11 02:52:43.730 25312 25330 V native-activity: 		EGL_MAX_SWAP_INTERVAL: 5
04-11 02:52:43.730 25312 25330 V native-activity: 		EGL_MAX_PBUFFER_WIDTH: 4096
04-11 02:52:43.730 25312 25330 V native-activity: 		EGL_MAX_PBUFFER_HEIGHT: 4096
04-11 02:52:43.730 25312 25330 D native-activity: 	Config 0x9 index 8
04-11 02:52:43.730 25312 25330 V native-activity: 		EGL_CONFIG_ID: 9
04-11 02:52:43.730 25312 25330 V native-activity: 		EGL_CONFORMANT: 1 EGL_OPENGL_ES_BIT,
04-11 02:52:43.730 25312 25330 V native-activity: 		EGL_CONFIG_CAVEAT: 12344 EGL_NONE,
04-11 02:52:43.730 25312 25330 V native-activity: 		EGL_RENDERABLE_TYPE: 1 EGL_OPENGL_ES_BIT,
04-11 02:52:43.730 25312 25330 V native-activity: 		EGL_SURFACE_TYPE: 5 EGL_PBUFFER_BIT, EGL_WINDOW_BIT,
04-11 02:52:43.730 25312 25330 V native-activity: 		EGL_LEVEL: 0
04-11 02:52:43.730 25312 25330 V native-activity: 		EGL_COLOR_BUFFER_TYPE: 12430 EGL_RGB_BUFFER,
04-11 02:52:43.730 25312 25330 V native-activity: 		EGL_BUFFER_SIZE: 32
04-11 02:52:43.730 25312 25330 V native-activity: 		EGL_SAMPLES: 4
04-11 02:52:43.730 25312 25330 V native-activity: 		EGL_SAMPLE_BUFFERS: 1
04-11 02:52:43.730 25312 25330 V native-activity: 		EGL_RED_SIZE: 8
04-11 02:52:43.730 25312 25330 V native-activity: 		EGL_GREEN_SIZE: 8
04-11 02:52:43.730 25312 25330 V native-activity: 		EGL_BLUE_SIZE: 8
04-11 02:52:43.730 25312 25330 V native-activity: 		EGL_ALPHA_SIZE: 8
04-11 02:52:43.730 25312 25330 V native-activity: 		EGL_ALPHA_MASK_SIZE: 0
04-11 02:52:43.730 25312 25330 V native-activity: 		EGL_LUMINANCE_SIZE: 0
04-11 02:52:43.730 25312 25330 V native-activity: 		EGL_TRANSPARENT_TYPE: 12344 EGL_NONE,
04-11 02:52:43.730 25312 25330 V native-activity: 		EGL_TRANSPARENT_RED_VALUE: 0
04-11 02:52:43.730 25312 25330 V native-activity: 		EGL_TRANSPARENT_GREEN_VALUE: 0
04-11 02:52:43.730 25312 25330 V native-activity: 		EGL_TRANSPARENT_BLUE_VALUE: 0
04-11 02:52:43.730 25312 25330 V native-activity: 		EGL_STENCIL_SIZE: 8
04-11 02:52:43.730 25312 25330 V native-activity: 		EGL_DEPTH_SIZE: 24
04-11 02:52:43.730 25312 25330 V native-activity: 		EGL_BIND_TO_TEXTURE_RGB: 1
04-11 02:52:43.730 25312 25330 V native-activity: 		EGL_BIND_TO_TEXTURE_RGBA: 1
04-11 02:52:43.730 25312 25330 V native-activity: 		EGL_MIN_SWAP_INTERVAL: 0
04-11 02:52:43.730 25312 25330 V native-activity: 		EGL_MAX_SWAP_INTERVAL: 5
04-11 02:52:43.730 25312 25330 V native-activity: 		EGL_MAX_PBUFFER_WIDTH: 4096
04-11 02:52:43.730 25312 25330 V native-activity: 		EGL_MAX_PBUFFER_HEIGHT: 4096
04-11 02:52:43.730 25312 25330 D native-activity: 	Config 0xa index 9
04-11 02:52:43.730 25312 25330 V native-activity: 		EGL_CONFIG_ID: 10
04-11 02:52:43.730 25312 25330 V native-activity: 		EGL_CONFORMANT: 1 EGL_OPENGL_ES_BIT,
04-11 02:52:43.730 25312 25330 V native-activity: 		EGL_CONFIG_CAVEAT: 12344 EGL_NONE,
04-11 02:52:43.730 25312 25330 V native-activity: 		EGL_RENDERABLE_TYPE: 1 EGL_OPENGL_ES_BIT,
04-11 02:52:43.730 25312 25330 V native-activity: 		EGL_SURFACE_TYPE: 5 EGL_PBUFFER_BIT, EGL_WINDOW_BIT,
04-11 02:52:43.730 25312 25330 V native-activity: 		EGL_LEVEL: 0
04-11 02:52:43.730 25312 25330 V native-activity: 		EGL_COLOR_BUFFER_TYPE: 12430 EGL_RGB_BUFFER,
04-11 02:52:43.730 25312 25330 V native-activity: 		EGL_BUFFER_SIZE: 32
04-11 02:52:43.730 25312 25330 V native-activity: 		EGL_SAMPLES: 0
04-11 02:52:43.730 25312 25330 V native-activity: 		EGL_SAMPLE_BUFFERS: 0
04-11 02:52:43.730 25312 25330 V native-activity: 		EGL_RED_SIZE: 8
04-11 02:52:43.730 25312 25330 V native-activity: 		EGL_GREEN_SIZE: 8
04-11 02:52:43.730 25312 25330 V native-activity: 		EGL_BLUE_SIZE: 8
04-11 02:52:43.730 25312 25330 V native-activity: 		EGL_ALPHA_SIZE: 0
04-11 02:52:43.730 25312 25330 V native-activity: 		EGL_ALPHA_MASK_SIZE: 0
04-11 02:52:43.730 25312 25330 V native-activity: 		EGL_LUMINANCE_SIZE: 0
04-11 02:52:43.730 25312 25330 V native-activity: 		EGL_TRANSPARENT_TYPE: 12344 EGL_NONE,
04-11 02:52:43.730 25312 25330 V native-activity: 		EGL_TRANSPARENT_RED_VALUE: 0
04-11 02:52:43.730 25312 25330 V native-activity: 		EGL_TRANSPARENT_GREEN_VALUE: 0
04-11 02:52:43.730 25312 25330 V native-activity: 		EGL_TRANSPARENT_BLUE_VALUE: 0
04-11 02:52:43.730 25312 25330 V native-activity: 		EGL_STENCIL_SIZE: 8
04-11 02:52:43.731 25312 25330 V native-activity: 		EGL_DEPTH_SIZE: 24
04-11 02:52:43.731 25312 25330 V native-activity: 		EGL_BIND_TO_TEXTURE_RGB: 1
04-11 02:52:43.731 25312 25330 V native-activity: 		EGL_BIND_TO_TEXTURE_RGBA: 0
04-11 02:52:43.731 25312 25330 V native-activity: 		EGL_MIN_SWAP_INTERVAL: 0
04-11 02:52:43.731 25312 25330 V native-activity: 		EGL_MAX_SWAP_INTERVAL: 5
04-11 02:52:43.731 25312 25330 V native-activity: 		EGL_MAX_PBUFFER_WIDTH: 4096
04-11 02:52:43.731 25312 25330 V native-activity: 		EGL_MAX_PBUFFER_HEIGHT: 4096
04-11 02:52:43.731 25312 25330 D native-activity: 	Config 0xb index 10
04-11 02:52:43.731 25312 25330 V native-activity: 		EGL_CONFIG_ID: 11
04-11 02:52:43.731 25312 25330 V native-activity: 		EGL_CONFORMANT: 1 EGL_OPENGL_ES_BIT,
04-11 02:52:43.731 25312 25330 V native-activity: 		EGL_CONFIG_CAVEAT: 12344 EGL_NONE,
04-11 02:52:43.731 25312 25330 V native-activity: 		EGL_RENDERABLE_TYPE: 1 EGL_OPENGL_ES_BIT,
04-11 02:52:43.731 25312 25330 V native-activity: 		EGL_SURFACE_TYPE: 5 EGL_PBUFFER_BIT, EGL_WINDOW_BIT,
04-11 02:52:43.731 25312 25330 V native-activity: 		EGL_LEVEL: 0
04-11 02:52:43.731 25312 25330 V native-activity: 		EGL_COLOR_BUFFER_TYPE: 12430 EGL_RGB_BUFFER,
04-11 02:52:43.731 25312 25330 V native-activity: 		EGL_BUFFER_SIZE: 32
04-11 02:52:43.731 25312 25330 V native-activity: 		EGL_SAMPLES: 0
04-11 02:52:43.731 25312 25330 V native-activity: 		EGL_SAMPLE_BUFFERS: 0
04-11 02:52:43.731 25312 25330 V native-activity: 		EGL_RED_SIZE: 8
04-11 02:52:43.731 25312 25330 V native-activity: 		EGL_GREEN_SIZE: 8
04-11 02:52:43.731 25312 25330 V native-activity: 		EGL_BLUE_SIZE: 8
04-11 02:52:43.731 25312 25330 V native-activity: 		EGL_ALPHA_SIZE: 0
04-11 02:52:43.731 25312 25330 V native-activity: 		EGL_ALPHA_MASK_SIZE: 0
04-11 02:52:43.731 25312 25330 V native-activity: 		EGL_LUMINANCE_SIZE: 0
04-11 02:52:43.731 25312 25330 V native-activity: 		EGL_TRANSPARENT_TYPE: 12344 EGL_NONE,
04-11 02:52:43.731 25312 25330 V native-activity: 		EGL_TRANSPARENT_RED_VALUE: 0
04-11 02:52:43.731 25312 25330 V native-activity: 		EGL_TRANSPARENT_GREEN_VALUE: 0
04-11 02:52:43.731 25312 25330 V native-activity: 		EGL_TRANSPARENT_BLUE_VALUE: 0
04-11 02:52:43.731 25312 25330 V native-activity: 		EGL_STENCIL_SIZE: 0
04-11 02:52:43.731 25312 25330 V native-activity: 		EGL_DEPTH_SIZE: 0
04-11 02:52:43.731 25312 25330 V native-activity: 		EGL_BIND_TO_TEXTURE_RGB: 1
04-11 02:52:43.731 25312 25330 V native-activity: 		EGL_BIND_TO_TEXTURE_RGBA: 0
04-11 02:52:43.731 25312 25330 V native-activity: 		EGL_MIN_SWAP_INTERVAL: 0
04-11 02:52:43.731 25312 25330 V native-activity: 		EGL_MAX_SWAP_INTERVAL: 5
04-11 02:52:43.731 25312 25330 V native-activity: 		EGL_MAX_PBUFFER_WIDTH: 4096
04-11 02:52:43.731 25312 25330 V native-activity: 		EGL_MAX_PBUFFER_HEIGHT: 4096
04-11 02:52:43.731 25312 25330 D native-activity: 	Config 0xc index 11
04-11 02:52:43.731 25312 25330 V native-activity: 		EGL_CONFIG_ID: 12
04-11 02:52:43.731 25312 25330 V native-activity: 		EGL_CONFORMANT: 1 EGL_OPENGL_ES_BIT,
04-11 02:52:43.731 25312 25330 V native-activity: 		EGL_CONFIG_CAVEAT: 12344 EGL_NONE,
04-11 02:52:43.731 25312 25330 V native-activity: 		EGL_RENDERABLE_TYPE: 1 EGL_OPENGL_ES_BIT,
04-11 02:52:43.731 25312 25330 V native-activity: 		EGL_SURFACE_TYPE: 5 EGL_PBUFFER_BIT, EGL_WINDOW_BIT,
04-11 02:52:43.731 25312 25330 V native-activity: 		EGL_LEVEL: 0
04-11 02:52:43.731 25312 25330 V native-activity: 		EGL_COLOR_BUFFER_TYPE: 12430 EGL_RGB_BUFFER,
04-11 02:52:43.731 25312 25330 V native-activity: 		EGL_BUFFER_SIZE: 32
04-11 02:52:43.731 25312 25330 V native-activity: 		EGL_SAMPLES: 4
04-11 02:52:43.731 25312 25330 V native-activity: 		EGL_SAMPLE_BUFFERS: 1
04-11 02:52:43.731 25312 25330 V native-activity: 		EGL_RED_SIZE: 8
04-11 02:52:43.731 25312 25330 V native-activity: 		EGL_GREEN_SIZE: 8
04-11 02:52:43.731 25312 25330 V native-activity: 		EGL_BLUE_SIZE: 8
04-11 02:52:43.731 25312 25330 V native-activity: 		EGL_ALPHA_SIZE: 0
04-11 02:52:43.731 25312 25330 V native-activity: 		EGL_ALPHA_MASK_SIZE: 0
04-11 02:52:43.731 25312 25330 V native-activity: 		EGL_LUMINANCE_SIZE: 0
04-11 02:52:43.731 25312 25330 V native-activity: 		EGL_TRANSPARENT_TYPE: 12344 EGL_NONE,
04-11 02:52:43.731 25312 25330 V native-activity: 		EGL_TRANSPARENT_RED_VALUE: 0
04-11 02:52:43.731 25312 25330 V native-activity: 		EGL_TRANSPARENT_GREEN_VALUE: 0
04-11 02:52:43.731 25312 25330 V native-activity: 		EGL_TRANSPARENT_BLUE_VALUE: 0
04-11 02:52:43.731 25312 25330 V native-activity: 		EGL_STENCIL_SIZE: 8
04-11 02:52:43.731 25312 25330 V native-activity: 		EGL_DEPTH_SIZE: 24
04-11 02:52:43.731 25312 25330 V native-activity: 		EGL_BIND_TO_TEXTURE_RGB: 1
04-11 02:52:43.731 25312 25330 V native-activity: 		EGL_BIND_TO_TEXTURE_RGBA: 0
04-11 02:52:43.731 25312 25330 V native-activity: 		EGL_MIN_SWAP_INTERVAL: 0
04-11 02:52:43.731 25312 25330 V native-activity: 		EGL_MAX_SWAP_INTERVAL: 5
04-11 02:52:43.731 25312 25330 V native-activity: 		EGL_MAX_PBUFFER_WIDTH: 4096
04-11 02:52:43.731 25312 25330 V native-activity: 		EGL_MAX_PBUFFER_HEIGHT: 4096
04-11 02:52:43.731 25312 25330 D native-activity: 	Config 0xd index 12
04-11 02:52:43.731 25312 25330 V native-activity: 		EGL_CONFIG_ID: 13
04-11 02:52:43.731 25312 25330 V native-activity: 		EGL_CONFORMANT: 1 EGL_OPENGL_ES_BIT,
04-11 02:52:43.731 25312 25330 V native-activity: 		EGL_CONFIG_CAVEAT: 12344 EGL_NONE,
04-11 02:52:43.731 25312 25330 V native-activity: 		EGL_RENDERABLE_TYPE: 1 EGL_OPENGL_ES_BIT,
04-11 02:52:43.731 25312 25330 V native-activity: 		EGL_SURFACE_TYPE: 5 EGL_PBUFFER_BIT, EGL_WINDOW_BIT,
04-11 02:52:43.731 25312 25330 V native-activity: 		EGL_LEVEL: 0
04-11 02:52:43.732 25312 25330 V native-activity: 		EGL_COLOR_BUFFER_TYPE: 12430 EGL_RGB_BUFFER,
04-11 02:52:43.732 25312 25330 V native-activity: 		EGL_BUFFER_SIZE: 16
04-11 02:52:43.732 25312 25330 V native-activity: 		EGL_SAMPLES: 0
04-11 02:52:43.732 25312 25330 V native-activity: 		EGL_SAMPLE_BUFFERS: 0
04-11 02:52:43.732 25312 25330 V native-activity: 		EGL_RED_SIZE: 5
04-11 02:52:43.732 25312 25330 V native-activity: 		EGL_GREEN_SIZE: 6
04-11 02:52:43.732 25312 25330 V native-activity: 		EGL_BLUE_SIZE: 5
04-11 02:52:43.732 25312 25330 V native-activity: 		EGL_ALPHA_SIZE: 0
04-11 02:52:43.732 25312 25330 V native-activity: 		EGL_ALPHA_MASK_SIZE: 0
04-11 02:52:43.732 25312 25330 V native-activity: 		EGL_LUMINANCE_SIZE: 0
04-11 02:52:43.732 25312 25330 V native-activity: 		EGL_TRANSPARENT_TYPE: 12344 EGL_NONE,
04-11 02:52:43.732 25312 25330 V native-activity: 		EGL_TRANSPARENT_RED_VALUE: 0
04-11 02:52:43.732 25312 25330 V native-activity: 		EGL_TRANSPARENT_GREEN_VALUE: 0
04-11 02:52:43.732 25312 25330 V native-activity: 		EGL_TRANSPARENT_BLUE_VALUE: 0
04-11 02:52:43.732 25312 25330 V native-activity: 		EGL_STENCIL_SIZE: 8
04-11 02:52:43.732 25312 25330 V native-activity: 		EGL_DEPTH_SIZE: 24
04-11 02:52:43.732 25312 25330 V native-activity: 		EGL_BIND_TO_TEXTURE_RGB: 1
04-11 02:52:43.732 25312 25330 V native-activity: 		EGL_BIND_TO_TEXTURE_RGBA: 0
04-11 02:52:43.732 25312 25330 V native-activity: 		EGL_MIN_SWAP_INTERVAL: 0
04-11 02:52:43.732 25312 25330 V native-activity: 		EGL_MAX_SWAP_INTERVAL: 5
04-11 02:52:43.732 25312 25330 V native-activity: 		EGL_MAX_PBUFFER_WIDTH: 4096
04-11 02:52:43.732 25312 25330 V native-activity: 		EGL_MAX_PBUFFER_HEIGHT: 4096
04-11 02:52:43.732 25312 25330 D native-activity: 	Config 0xe index 13
04-11 02:52:43.732 25312 25330 V native-activity: 		EGL_CONFIG_ID: 14
04-11 02:52:43.732 25312 25330 V native-activity: 		EGL_CONFORMANT: 1 EGL_OPENGL_ES_BIT,
04-11 02:52:43.732 25312 25330 V native-activity: 		EGL_CONFIG_CAVEAT: 12344 EGL_NONE,
04-11 02:52:43.732 25312 25330 V native-activity: 		EGL_RENDERABLE_TYPE: 1 EGL_OPENGL_ES_BIT,
04-11 02:52:43.732 25312 25330 V native-activity: 		EGL_SURFACE_TYPE: 5 EGL_PBUFFER_BIT, EGL_WINDOW_BIT,
04-11 02:52:43.732 25312 25330 V native-activity: 		EGL_LEVEL: 0
04-11 02:52:43.732 25312 25330 V native-activity: 		EGL_COLOR_BUFFER_TYPE: 12430 EGL_RGB_BUFFER,
04-11 02:52:43.732 25312 25330 V native-activity: 		EGL_BUFFER_SIZE: 16
04-11 02:52:43.732 25312 25330 V native-activity: 		EGL_SAMPLES: 0
04-11 02:52:43.732 25312 25330 V native-activity: 		EGL_SAMPLE_BUFFERS: 0
04-11 02:52:43.732 25312 25330 V native-activity: 		EGL_RED_SIZE: 5
04-11 02:52:43.732 25312 25330 V native-activity: 		EGL_GREEN_SIZE: 6
04-11 02:52:43.732 25312 25330 V native-activity: 		EGL_BLUE_SIZE: 5
04-11 02:52:43.732 25312 25330 V native-activity: 		EGL_ALPHA_SIZE: 0
04-11 02:52:43.732 25312 25330 V native-activity: 		EGL_ALPHA_MASK_SIZE: 0
04-11 02:52:43.732 25312 25330 V native-activity: 		EGL_LUMINANCE_SIZE: 0
04-11 02:52:43.732 25312 25330 V native-activity: 		EGL_TRANSPARENT_TYPE: 12344 EGL_NONE,
04-11 02:52:43.732 25312 25330 V native-activity: 		EGL_TRANSPARENT_RED_VALUE: 0
04-11 02:52:43.732 25312 25330 V native-activity: 		EGL_TRANSPARENT_GREEN_VALUE: 0
04-11 02:52:43.732 25312 25330 V native-activity: 		EGL_TRANSPARENT_BLUE_VALUE: 0
04-11 02:52:43.732 25312 25330 V native-activity: 		EGL_STENCIL_SIZE: 0
04-11 02:52:43.732 25312 25330 V native-activity: 		EGL_DEPTH_SIZE: 0
04-11 02:52:43.732 25312 25330 V native-activity: 		EGL_BIND_TO_TEXTURE_RGB: 1
04-11 02:52:43.732 25312 25330 V native-activity: 		EGL_BIND_TO_TEXTURE_RGBA: 0
04-11 02:52:43.732 25312 25330 V native-activity: 		EGL_MIN_SWAP_INTERVAL: 0
04-11 02:52:43.732 25312 25330 V native-activity: 		EGL_MAX_SWAP_INTERVAL: 5
04-11 02:52:43.732 25312 25330 V native-activity: 		EGL_MAX_PBUFFER_WIDTH: 4096
04-11 02:52:43.732 25312 25330 V native-activity: 		EGL_MAX_PBUFFER_HEIGHT: 4096
04-11 02:52:43.732 25312 25330 D native-activity: 	Config 0xf index 14
04-11 02:52:43.732 25312 25330 V native-activity: 		EGL_CONFIG_ID: 15
04-11 02:52:43.732 25312 25330 V native-activity: 		EGL_CONFORMANT: 1 EGL_OPENGL_ES_BIT,
04-11 02:52:43.732 25312 25330 V native-activity: 		EGL_CONFIG_CAVEAT: 12344 EGL_NONE,
04-11 02:52:43.732 25312 25330 V native-activity: 		EGL_RENDERABLE_TYPE: 1 EGL_OPENGL_ES_BIT,
04-11 02:52:43.732 25312 25330 V native-activity: 		EGL_SURFACE_TYPE: 5 EGL_PBUFFER_BIT, EGL_WINDOW_BIT,
04-11 02:52:43.732 25312 25330 V native-activity: 		EGL_LEVEL: 0
04-11 02:52:43.732 25312 25330 V native-activity: 		EGL_COLOR_BUFFER_TYPE: 12430 EGL_RGB_BUFFER,
04-11 02:52:43.732 25312 25330 V native-activity: 		EGL_BUFFER_SIZE: 16
04-11 02:52:43.732 25312 25330 V native-activity: 		EGL_SAMPLES: 4
04-11 02:52:43.732 25312 25330 V native-activity: 		EGL_SAMPLE_BUFFERS: 1
04-11 02:52:43.732 25312 25330 V native-activity: 		EGL_RED_SIZE: 5
04-11 02:52:43.732 25312 25330 V native-activity: 		EGL_GREEN_SIZE: 6
04-11 02:52:43.732 25312 25330 V native-activity: 		EGL_BLUE_SIZE: 5
04-11 02:52:43.732 25312 25330 V native-activity: 		EGL_ALPHA_SIZE: 0
04-11 02:52:43.732 25312 25330 V native-activity: 		EGL_ALPHA_MASK_SIZE: 0
04-11 02:52:43.732 25312 25330 V native-activity: 		EGL_LUMINANCE_SIZE: 0
04-11 02:52:43.733 25312 25330 V native-activity: 		EGL_TRANSPARENT_TYPE: 12344 EGL_NONE,
04-11 02:52:43.733 25312 25330 V native-activity: 		EGL_TRANSPARENT_RED_VALUE: 0
04-11 02:52:43.733 25312 25330 V native-activity: 		EGL_TRANSPARENT_GREEN_VALUE: 0
04-11 02:52:43.733 25312 25330 V native-activity: 		EGL_TRANSPARENT_BLUE_VALUE: 0
04-11 02:52:43.733 25312 25330 V native-activity: 		EGL_STENCIL_SIZE: 8
04-11 02:52:43.733 25312 25330 V native-activity: 		EGL_DEPTH_SIZE: 24
04-11 02:52:43.733 25312 25330 V native-activity: 		EGL_BIND_TO_TEXTURE_RGB: 1
04-11 02:52:43.733 25312 25330 V native-activity: 		EGL_BIND_TO_TEXTURE_RGBA: 0
04-11 02:52:43.733 25312 25330 V native-activity: 		EGL_MIN_SWAP_INTERVAL: 0
04-11 02:52:43.733 25312 25330 V native-activity: 		EGL_MAX_SWAP_INTERVAL: 5
04-11 02:52:43.733 25312 25330 V native-activity: 		EGL_MAX_PBUFFER_WIDTH: 4096
04-11 02:52:43.733 25312 25330 V native-activity: 		EGL_MAX_PBUFFER_HEIGHT: 4096
04-11 02:52:43.733 25312 25330 D native-activity: 	Config 0x10 index 15
04-11 02:52:43.733 25312 25330 V native-activity: 		EGL_CONFIG_ID: 16
04-11 02:52:43.733 25312 25330 V native-activity: 		EGL_CONFORMANT: 1 EGL_OPENGL_ES_BIT,
04-11 02:52:43.733 25312 25330 V native-activity: 		EGL_CONFIG_CAVEAT: 12344 EGL_NONE,
04-11 02:52:43.733 25312 25330 V native-activity: 		EGL_RENDERABLE_TYPE: 1 EGL_OPENGL_ES_BIT,
04-11 02:52:43.733 25312 25330 V native-activity: 		EGL_SURFACE_TYPE: 1 EGL_PBUFFER_BIT,
04-11 02:52:43.733 25312 25330 V native-activity: 		EGL_LEVEL: 0
04-11 02:52:43.733 25312 25330 V native-activity: 		EGL_COLOR_BUFFER_TYPE: 12430 EGL_RGB_BUFFER,
04-11 02:52:43.733 25312 25330 V native-activity: 		EGL_BUFFER_SIZE: 32
04-11 02:52:43.733 25312 25330 V native-activity: 		EGL_SAMPLES: 0
04-11 02:52:43.733 25312 25330 V native-activity: 		EGL_SAMPLE_BUFFERS: 0
04-11 02:52:43.733 25312 25330 V native-activity: 		EGL_RED_SIZE: 8
