04-11 02:55:45.406 26238 26256 I native-activity: Swap 11 time is 42.230ms
04-11 02:55:45.406 26238 26256 I native-activity: Animating
04-11 02:55:45.406 26238 26256 I native-activity: Frame 12 GL error is 0x0
04-11 02:55:45.406 26238 26256 I native-activity: Frame 12 time is 0.366ms
04-11 02:55:45.444 26238 26256 I native-activity: Swap 12 time is 37.765ms
04-11 02:55:45.444 26238 26256 I native-activity: Animating
04-11 02:55:45.444 26238 26256 I native-activity: Frame 13 GL error is 0x0
04-11 02:55:45.444 26238 26256 I native-activity: Frame 13 time is 0.281ms
04-11 02:55:45.480 26238 26256 I native-activity: Swap 13 time is 35.911ms
04-11 02:55:45.480 26238 26256 I native-activity: Animating
04-11 02:55:45.480 26238 26256 I native-activity: Frame 14 GL error is 0x0
04-11 02:55:45.480 26238 26256 I native-activity: Frame 14 time is 0.249ms
04-11 02:55:45.517 26238 26256 I native-activity: Swap 14 time is 36.734ms
04-11 02:55:45.517 26238 26256 I native-activity: Animating
04-11 02:55:45.517 26238 26256 I native-activity: Frame 15 GL error is 0x0
04-11 02:55:45.518 26238 26256 I native-activity: Frame 15 time is 0.526ms
04-11 02:55:45.555 26238 26256 I native-activity: Swap 15 time is 37.571ms
04-11 02:55:45.556 26238 26256 I native-activity: Animating
04-11 02:55:45.558 26238 26256 I native-activity: Frame 16 GL error is 0x0
04-11 02:55:45.559 26238 26256 I native-activity: Frame 16 time is 2.937ms
04-11 02:55:45.597 26238 26256 I native-activity: Swap 16 time is 40.241ms
04-11 02:55:45.597 26238 26256 I native-activity: Animating
04-11 02:55:45.598 26238 26256 I native-activity: Frame 17 GL error is 0x0
04-11 02:55:45.598 26238 26256 I native-activity: Frame 17 time is 0.771ms
04-11 02:55:45.633 26238 26256 I native-activity: Swap 17 time is 36.316ms
04-11 02:55:45.633 26238 26256 I native-activity: Animating
04-11 02:55:45.634 26238 26256 I native-activity: Frame 18 GL error is 0x0
04-11 02:55:45.634 26238 26256 I native-activity: Frame 18 time is 0.728ms
04-11 02:55:45.670 26238 26256 I native-activity: Swap 18 time is 36.564ms
04-11 02:55:45.671 26238 26256 I native-activity: Animating
04-11 02:55:45.671 26238 26256 I native-activity: Frame 19 GL error is 0x0
04-11 02:55:45.672 26238 26256 I native-activity: Frame 19 time is 0.914ms
04-11 02:55:45.708 26238 26256 I native-activity: Swap 19 time is 37.096ms
04-11 02:55:45.710 26238 26256 I native-activity: Animating
04-11 02:55:45.713 26238 26256 I native-activity: Frame 20 GL error is 0x0
04-11 02:55:45.714 26238 26256 I native-activity: Frame 20 time is 2.111ms
04-11 02:55:45.751 26238 26256 I native-activity: Swap 20 time is 39.257ms
04-11 02:55:45.751 26238 26256 I native-activity: Animating
04-11 02:55:45.752 26238 26256 I native-activity: Frame 21 GL error is 0x0
04-11 02:55:45.752 26238 26256 I native-activity: Frame 21 time is 0.534ms
04-11 02:55:45.788 26238 26256 I native-activity: Swap 21 time is 36.290ms
04-11 02:55:45.789 26238 26256 I native-activity: Animating
04-11 02:55:45.792 26238 26256 I native-activity: Frame 22 GL error is 0x0
04-11 02:55:45.793 26238 26256 I native-activity: Frame 22 time is 1.657ms
04-11 02:55:45.830 26238 26256 I native-activity: Swap 22 time is 38.588ms
04-11 02:55:45.830 26238 26256 I native-activity: Animating
04-11 02:55:45.831 26238 26256 I native-activity: Frame 23 GL error is 0x0
04-11 02:55:45.831 26238 26256 I native-activity: Frame 23 time is 0.516ms
04-11 02:55:45.866 26238 26256 I native-activity: Swap 23 time is 36.277ms
04-11 02:55:45.867 26238 26256 I native-activity: Animating
04-11 02:55:45.867 26238 26256 I native-activity: Frame 24 GL error is 0x0
04-11 02:55:45.867 26238 26256 I native-activity: Frame 24 time is 0.524ms
04-11 02:55:45.903 26238 26256 I native-activity: Swap 24 time is 36.452ms
04-11 02:55:45.905 26238 26256 I native-activity: Animating
04-11 02:55:45.907 26238 26256 I native-activity: Frame 25 GL error is 0x0
04-11 02:55:45.908 26238 26256 I native-activity: Frame 25 time is 1.832ms
04-11 02:55:45.945 26238 26256 I native-activity: Swap 25 time is 38.872ms
04-11 02:55:45.945 26238 26256 I native-activity: Animating
04-11 02:55:45.946 26238 26256 I native-activity: Frame 26 GL error is 0x0
04-11 02:55:45.946 26238 26256 I native-activity: Frame 26 time is 0.625ms
04-11 02:55:45.981 26238 26256 I native-activity: Swap 26 time is 36.347ms
04-11 02:55:45.982 26238 26256 I native-activity: Animating
04-11 02:55:45.982 26238 26256 I native-activity: Frame 27 GL error is 0x0
04-11 02:55:45.982 26238 26256 I native-activity: Frame 27 time is 0.639ms
04-11 02:55:45.986    93    93 I Kernel  : [310585.598027] (1)[93:irq/258-inv_irq]inv_mpu_iio: inv_read_fifo: Received Sensor Interrupt to read FIFO and Fifo_count is 6
04-11 02:55:46.019 26238 26256 I native-activity: Swap 27 time is 36.843ms
04-11 02:55:46.020 26238 26256 I native-activity: Animating
04-11 02:55:46.022 26238 26256 I native-activity: Frame 28 GL error is 0x0
04-11 02:55:46.023 26238 26256 I native-activity: Frame 28 time is 1.694ms
04-11 02:55:46.060 26238 26256 I native-activity: Swap 28 time is 38.691ms
04-11 02:55:46.060 26238 26256 I native-activity: Animating
04-11 02:55:46.061 26238 26256 I native-activity: Frame 29 GL error is 0x0
04-11 02:55:46.061 26238 26256 I native-activity: Frame 29 time is 0.818ms
04-11 02:55:46.097 26238 26256 I native-activity: Swap 29 time is 36.781ms
04-11 02:55:46.097 26238 26256 I native-activity: Animating
04-11 02:55:46.098 26238 26256 I native-activity: Frame 30 GL error is 0x0
04-11 02:55:46.098 26238 26256 I native-activity: Frame 30 time is 0.524ms
04-11 02:55:46.134 26238 26256 I native-activity: Swap 30 time is 36.324ms
04-11 02:55:46.134 26238 26256 I native-activity: Animating
04-11 02:55:46.161 26238 26256 I native-activity: Frame 31 GL error is 0x0
04-11 02:55:46.161 26238 26256 I native-activity: Frame 31 time is 27.535ms
04-11 02:55:46.198 26238 26256 I native-activity: Swap 31 time is 63.833ms
04-11 02:55:46.198 26238 26256 I native-activity: Animating
04-11 02:55:46.246 26238 26256 I native-activity: Frame 32 GL error is 0x0
04-11 02:55:46.246 26238 26256 I native-activity: Frame 32 time is 47.113ms
04-11 02:55:46.281 26238 26256 I native-activity: Swap 32 time is 82.651ms
04-11 02:55:46.282 26238 26256 I native-activity: Animating
04-11 02:55:46.316 26238 26256 I native-activity: Frame 33 GL error is 0x0
04-11 02:55:46.316 26238 26256 I native-activity: Frame 33 time is 33.584ms
04-11 02:55:46.352 26238 26256 I native-activity: Swap 33 time is 69.427ms
04-11 02:55:46.352 26238 26256 I native-activity: Animating
04-11 02:55:46.520 26238 26256 I native-activity: Frame 34 GL error is 0x0
04-11 02:55:46.520 26238 26256 I native-activity: Frame 34 time is 167.831ms
04-11 02:55:46.556 26238 26256 I native-activity: Swap 34 time is 203.676ms
04-11 02:55:46.556 26238 26256 I native-activity: Animating
04-11 02:55:46.597 26238 26256 I native-activity: Frame 35 GL error is 0x0
04-11 02:55:46.597 26238 26256 I native-activity: Frame 35 time is 40.354ms
04-11 02:55:46.586   169   169 I Kernel  : [310586.204742] (1)[169:healthd]healthd: battery l=23 v=3594 t=27.0 h=2 st=2 chg=u
04-11 02:55:46.633 26238 26256 I native-activity: Swap 35 time is 76.866ms
04-11 02:55:46.633 26238 26256 I native-activity: Animating
04-11 02:55:46.816    93    93 I Kernel  : [310586.428426] (2)[93:irq/258-inv_irq]inv_mpu_iio: inv_read_fifo: Received Sensor Interrupt to read FIFO and Fifo_count is 6
04-11 02:55:46.945   958  1051 D TaskPersister: removeObsoleteFile: deleting file=626_task.xml
04-11 02:55:47.258 26238 26256 I native-activity: Frame 36 GL error is 0x501
04-11 02:55:47.258 26238 26256 I native-activity: Frame 36 time is 624.992ms
04-11 02:55:47.300 26238 26256 I native-activity: Swap 36 time is 666.734ms
04-11 02:55:47.301 26238 26256 I native-activity: Animating
04-11 02:55:47.498 26238 26256 I native-activity: Frame 37 GL error is 0x501
04-11 02:55:47.498 26238 26256 I native-activity: Frame 37 time is 197.338ms
04-11 02:55:47.542 26238 26256 I native-activity: Swap 37 time is 240.964ms
04-11 02:55:47.542 26238 26256 I native-activity: Animating
04-11 02:55:47.587 26238 26256 I native-activity: Frame 38 GL error is 0x501
04-11 02:55:47.587 26238 26256 I native-activity: Frame 38 time is 44.557ms
04-11 02:55:47.624 26238 26256 I native-activity: Swap 38 time is 81.375ms
04-11 02:55:47.624 26238 26256 I native-activity: Animating
04-11 02:55:47.635 26238 26256 I native-activity: Frame 39 GL error is 0x0
04-11 02:55:47.636 26238 26256 I native-activity: Frame 39 time is 11.748ms
04-11 02:55:47.646    93    93 I Kernel  : [310587.258888] (2)[93:irq/258-inv_irq]inv_mpu_iio: inv_read_fifo: Received Sensor Interrupt to read FIFO and Fifo_count is 6
04-11 02:55:47.673 26238 26256 I native-activity: Swap 39 time is 49.173ms
04-11 02:55:47.673 26238 26256 I native-activity: Animating
04-11 02:55:47.685 26238 26256 I native-activity: Frame 40 GL error is 0x0
04-11 02:55:47.685 26238 26256 I native-activity: Frame 40 time is 12.164ms
04-11 02:55:47.723 26238 26256 I native-activity: Swap 40 time is 49.636ms
04-11 02:55:47.723 26238 26256 I native-activity: Animating
04-11 02:55:47.743 26238 26256 I native-activity: Frame 41 GL error is 0x0
04-11 02:55:47.743 26238 26256 I native-activity: Frame 41 time is 20.306ms
04-11 02:55:47.781 26238 26256 I native-activity: Swap 41 time is 57.506ms
04-11 02:55:47.781 26238 26256 I native-activity: Animating
04-11 02:55:47.786 26238 26256 I native-activity: Frame 42 GL error is 0x0
04-11 02:55:47.786 26238 26256 I native-activity: Frame 42 time is 5.093ms
04-11 02:55:47.823 26238 26256 I native-activity: Swap 42 time is 41.901ms
04-11 02:55:47.823 26238 26256 I native-activity: Animating
04-11 02:55:47.832 26238 26256 I native-activity: Frame 43 GL error is 0x0
04-11 02:55:47.832 26238 26256 I native-activity: Frame 43 time is 9.212ms
04-11 02:55:47.870 26238 26256 I native-activity: Swap 43 time is 47.013ms
04-11 02:55:47.870 26238 26256 I native-activity: Animating
04-11 02:55:47.880 26238 26256 I native-activity: Frame 44 GL error is 0x0
04-11 02:55:47.880 26238 26256 I native-activity: Frame 44 time is 10.447ms
04-11 02:55:47.917 26238 26256 I native-activity: Swap 44 time is 47.437ms
04-11 02:55:47.917 26238 26256 I native-activity: Animating
04-11 02:55:48.093 26238 26256 I native-activity: Frame 45 GL error is 0x501
04-11 02:55:48.093 26238 26256 I native-activity: Frame 45 time is 175.526ms
04-11 02:55:48.130 26238 26256 I native-activity: Swap 45 time is 212.786ms
04-11 02:55:48.130 26238 26256 I native-activity: Animating
04-11 02:55:48.374 26238 26256 I native-activity: Frame 46 GL error is 0x501
04-11 02:55:48.374 26238 26256 I native-activity: Frame 46 time is 243.327ms
04-11 02:55:48.411 26238 26256 I native-activity: Swap 46 time is 280.351ms
04-11 02:55:48.411 26238 26256 I native-activity: Animating
04-11 02:55:48.476    93    93 I Kernel  : [310588.089515] (2)[93:irq/258-inv_irq]inv_mpu_iio: inv_read_fifo: Received Sensor Interrupt to read FIFO and Fifo_count is 6
04-11 02:55:48.573 26238 26256 I native-activity: Frame 47 GL error is 0x501
04-11 02:55:48.573 26238 26256 I native-activity: Frame 47 time is 161.815ms
04-11 02:55:48.613 26238 26256 I native-activity: Swap 47 time is 201.280ms
04-11 02:55:48.613 26238 26256 I native-activity: Animating
04-11 02:55:48.613 26238 26256 I native-activity: Frame 48 GL error is 0x0
04-11 02:55:48.613 26238 26256 I native-activity: Frame 48 time is 0.413ms
04-11 02:55:48.654 26238 26256 I native-activity: Swap 48 time is 40.842ms
04-11 02:55:48.654 26238 26256 I native-activity: Animating
04-11 02:55:48.654 26238 26256 I native-activity: Frame 49 GL error is 0x0
04-11 02:55:48.654 26238 26256 I native-activity: Frame 49 time is 0.166ms
04-11 02:55:48.695 26238 26256 I native-activity: Swap 49 time is 41.437ms
04-11 02:55:48.695 26238 26256 I native-activity: Animating
04-11 02:55:48.696 26238 26256 I native-activity: Frame 50 GL error is 0x0
04-11 02:55:48.696 26238 26256 I native-activity: Frame 50 time is 0.222ms
04-11 02:55:48.733 26238 26256 I native-activity: Swap 50 time is 37.191ms
04-11 02:55:48.733 26238 26256 I native-activity: Animating
04-11 02:55:48.733 26238 26256 I native-activity: Frame 51 GL error is 0x0
04-11 02:55:48.733 26238 26256 I native-activity: Frame 51 time is 0.320ms
04-11 02:55:48.770 26238 26256 I native-activity: Swap 51 time is 37.192ms
04-11 02:55:48.770 26238 26256 I native-activity: Animating
04-11 02:55:48.771 26238 26256 I native-activity: Frame 52 GL error is 0x0
04-11 02:55:48.771 26238 26256 I native-activity: Frame 52 time is 0.293ms
04-11 02:55:48.808 26238 26256 I native-activity: Swap 52 time is 37.283ms
04-11 02:55:48.808 26238 26256 I native-activity: Animating
04-11 02:55:48.808 26238 26256 I native-activity: Frame 53 GL error is 0x0
04-11 02:55:48.808 26238 26256 I native-activity: Frame 53 time is 0.402ms
04-11 02:55:48.845 26238 26256 I native-activity: Swap 53 time is 37.284ms
04-11 02:55:48.845 26238 26256 I native-activity: Animating
04-11 02:55:48.846 26238 26256 I native-activity: Frame 54 GL error is 0x0
04-11 02:55:48.846 26238 26256 I native-activity: Frame 54 time is 0.464ms
04-11 02:55:48.883 26238 26256 I native-activity: Swap 54 time is 37.272ms
04-11 02:55:48.883 26238 26256 I native-activity: Animating
04-11 02:55:48.883 26238 26256 I native-activity: Frame 55 GL error is 0x0
04-11 02:55:48.883 26238 26256 I native-activity: Frame 55 time is 0.305ms
04-11 02:55:48.920 26238 26256 I native-activity: Swap 55 time is 37.214ms
04-11 02:55:48.920 26238 26256 I native-activity: Animating
04-11 02:55:48.920 26238 26256 I native-activity: Frame 56 GL error is 0x0
04-11 02:55:48.920 26238 26256 I native-activity: Frame 56 time is 0.291ms
04-11 02:55:48.958 26238 26256 I native-activity: Swap 56 time is 37.332ms
04-11 02:55:48.958 26238 26256 I native-activity: Animating
04-11 02:55:48.958 26238 26256 I native-activity: Frame 57 GL error is 0x0
04-11 02:55:48.958 26238 26256 I native-activity: Frame 57 time is 0.287ms
04-11 02:55:48.995 26238 26256 I native-activity: Swap 57 time is 37.163ms
04-11 02:55:48.995 26238 26256 I native-activity: Animating
04-11 02:55:48.995 26238 26256 I native-activity: Frame 58 GL error is 0x0
04-11 02:55:48.995 26238 26256 I native-activity: Frame 58 time is 0.355ms
04-11 02:55:49.034 26238 26256 I native-activity: Swap 58 time is 38.565ms
04-11 02:55:49.034 26238 26256 I native-activity: Animating
04-11 02:55:49.034 26238 26256 I native-activity: Frame 59 GL error is 0x0
04-11 02:55:49.034 26238 26256 I native-activity: Frame 59 time is 0.338ms
04-11 02:55:49.072 26238 26256 I native-activity: Swap 59 time is 38.173ms
04-11 02:55:49.072 26238 26256 I native-activity: Animating
04-11 02:55:49.073 26238 26256 I native-activity: Frame 60 GL error is 0x0
04-11 02:55:49.073 26238 26256 I native-activity: Frame 60 time is 0.387ms
04-11 02:55:49.109 26238 26256 I native-activity: Swap 60 time is 37.269ms
04-11 02:55:49.110 26238 26256 I native-activity: Animating
04-11 02:55:49.110 26238 26256 I native-activity: Frame 61 GL error is 0x0
04-11 02:55:49.110 26238 26256 I native-activity: Frame 61 time is 0.374ms
04-11 02:55:49.147 26238 26256 I native-activity: Swap 61 time is 37.290ms
04-11 02:55:49.147 26238 26256 I native-activity: Animating
04-11 02:55:49.147 26238 26256 I native-activity: Frame 62 GL error is 0x0
04-11 02:55:49.147 26238 26256 I native-activity: Frame 62 time is 0.320ms
04-11 02:55:49.185 26238 26256 I native-activity: Swap 62 time is 37.551ms
04-11 02:55:49.185 26238 26256 I native-activity: Animating
04-11 02:55:49.186 26238 26256 I native-activity: Frame 63 GL error is 0x0
04-11 02:55:49.187 26238 26256 I native-activity: Frame 63 time is 1.613ms
04-11 02:55:49.224 26238 26256 I native-activity: Swap 63 time is 38.726ms
04-11 02:55:49.224 26238 26256 I native-activity: Animating
04-11 02:55:49.225 26238 26256 I native-activity: Frame 64 GL error is 0x0
04-11 02:55:49.225 26238 26256 I native-activity: Frame 64 time is 0.779ms
04-11 02:55:49.262 26238 26256 I native-activity: Swap 64 time is 37.877ms
04-11 02:55:49.262 26238 26256 I native-activity: Animating
04-11 02:55:49.263 26238 26256 I native-activity: Frame 65 GL error is 0x0
04-11 02:55:49.263 26238 26256 I native-activity: Frame 65 time is 0.684ms
04-11 02:55:49.300 26238 26256 I native-activity: Swap 65 time is 37.840ms
04-11 02:55:49.300 26238 26256 I native-activity: Animating
04-11 02:55:49.301 26238 26256 I native-activity: Frame 66 GL error is 0x0
04-11 02:55:49.301 26238 26256 I native-activity: Frame 66 time is 0.650ms
04-11 02:55:49.306    93    93 I Kernel  : [310588.920325] (1)[93:irq/258-inv_irq]inv_mpu_iio: inv_read_fifo: Received Sensor Interrupt to read FIFO and Fifo_count is 6
04-11 02:55:49.339 26238 26256 I native-activity: Swap 66 time is 38.130ms
04-11 02:55:49.339 26238 26256 I native-activity: Animating
04-11 02:55:49.339 26238 26256 I native-activity: Frame 67 GL error is 0x0
04-11 02:55:49.339 26238 26256 I native-activity: Frame 67 time is 0.648ms
04-11 02:55:49.377 26238 26256 I native-activity: Swap 67 time is 37.933ms
04-11 02:55:49.377 26238 26256 I native-activity: Animating
04-11 02:55:49.378 26238 26256 I native-activity: Frame 68 GL error is 0x0
04-11 02:55:49.378 26238 26256 I native-activity: Frame 68 time is 0.692ms
04-11 02:55:49.415 26238 26256 I native-activity: Swap 68 time is 37.893ms
04-11 02:55:49.418 26238 26256 I native-activity: Animating
04-11 02:55:49.420 26238 26256 I native-activity: Frame 69 GL error is 0x0
04-11 02:55:49.421 26238 26256 I native-activity: Frame 69 time is 2.780ms
04-11 02:55:49.424   958  1731 I PackageRecencyUtils: Waiting for idle
04-11 02:55:49.425   958  1731 I Vlog    : package_recency:broadcast_notification:fgtracking=false;DV;1,key=time_in_queue;DV;1,Timer=5001.0;TI;1,unit=ms;DV;1:HI
04-11 02:55:49.438   958  2829 D ActivityManager: single user service: com.amazon.kindle.cms
04-11 02:55:49.448   958  2829 D ActivityManager: app = com.amazon.kindle.cms, has single user service, setting process record.
04-11 02:55:49.465 26238 26256 I native-activity: Swap 69 time is 46.088ms
04-11 02:55:49.465 26238 26256 I native-activity: Animating
04-11 02:55:49.465 26238 26256 I native-activity: Frame 70 GL error is 0x0
04-11 02:55:49.465 26238 26256 I native-activity: Frame 70 time is 0.369ms
04-11 02:55:49.507 26238 26256 I native-activity: Swap 70 time is 41.910ms
04-11 02:55:49.507 26238 26256 I native-activity: Animating
04-11 02:55:49.507 26238 26256 I native-activity: Frame 71 GL error is 0x0
04-11 02:55:49.507 26238 26256 I native-activity: Frame 71 time is 0.362ms
04-11 02:55:49.550 26238 26256 I native-activity: Swap 71 time is 42.721ms
04-11 02:55:49.550 26238 26256 I native-activity: Animating
04-11 02:55:49.550 26238 26256 I native-activity: Frame 72 GL error is 0x0
04-11 02:55:49.550 26238 26256 I native-activity: Frame 72 time is 0.374ms
04-11 02:55:49.592 26238 26256 I native-activity: Swap 72 time is 42.436ms
04-11 02:55:49.593 26238 26256 I native-activity: Animating
04-11 02:55:49.593 26238 26256 I native-activity: Frame 73 GL error is 0x0
04-11 02:55:49.593 26238 26256 I native-activity: Frame 73 time is 0.387ms
04-11 02:55:49.635 26238 26256 I native-activity: Swap 73 time is 42.489ms
04-11 02:55:49.635 26238 26256 I native-activity: Animating
04-11 02:55:49.636 26238 26256 I native-activity: Frame 74 GL error is 0x0
04-11 02:55:49.636 26238 26256 I native-activity: Frame 74 time is 0.605ms
04-11 02:55:49.681 26238 26256 I native-activity: Swap 74 time is 45.659ms
04-11 02:55:49.681 26238 26256 I native-activity: Animating
04-11 02:55:49.682 26238 26256 I native-activity: Frame 75 GL error is 0x0
04-11 02:55:49.682 26238 26256 I native-activity: Frame 75 time is 0.558ms
04-11 02:55:49.726 26238 26256 I native-activity: Swap 75 time is 45.262ms
04-11 02:55:49.727 26238 26256 I native-activity: Animating
04-11 02:55:49.727 26238 26256 I native-activity: Frame 76 GL error is 0x0
04-11 02:55:49.727 26238 26256 I native-activity: Frame 76 time is 0.588ms
04-11 02:55:49.746   958  1720 D WifiService: acquireWifiLockLocked: WifiLock{com.amazon.dcp.framework.iuc.ConnectionEstablisherWithConnectivityEnforcement type=1 binder=android.os.BinderProxy@2078d598}
04-11 02:55:49.761   958  1585 D ActivityManager: single user service: com.amazon.imp
04-11 02:55:49.762   958  1585 D ActivityManager: app = com.amazon.imp, has single user service, setting process record.
04-11 02:55:49.768 26238 26256 I native-activity: Swap 76 time is 41.291ms
04-11 02:55:49.768 26238 26256 I native-activity: Animating
04-11 02:55:49.768 26238 26256 I native-activity: Frame 77 GL error is 0x0
04-11 02:55:49.768 26238 26256 I native-activity: Frame 77 time is 0.239ms
04-11 02:55:49.812 26238 26256 I native-activity: Swap 77 time is 43.767ms
04-11 02:55:49.812 26238 26256 I native-activity: Animating
04-11 02:55:49.812 26238 26256 I native-activity: Frame 78 GL error is 0x0
04-11 02:55:49.813 26238 26256 I native-activity: Frame 78 time is 0.438ms
04-11 02:55:49.819   958  1234 D ActivityManager: single user service: com.amazon.kindle.cms
04-11 02:55:49.821   958  1234 D ActivityManager: app = com.amazon.kindle.cms, has single user service, setting process record.
04-11 02:55:49.856 26238 26256 I native-activity: Swap 78 time is 44.130ms
04-11 02:55:49.856 26238 26256 I native-activity: Animating
04-11 02:55:49.857 26238 26256 I native-activity: Frame 79 GL error is 0x0
04-11 02:55:49.857 26238 26256 I native-activity: Frame 79 time is 0.186ms
04-11 02:55:49.904 26238 26256 I native-activity: Swap 79 time is 47.956ms
04-11 02:55:49.904 26238 26256 I native-activity: Animating
04-11 02:55:49.905 26238 26256 I native-activity: Frame 80 GL error is 0x0
04-11 02:55:49.905 26238 26256 I native-activity: Frame 80 time is 0.214ms
04-11 02:55:49.908   958  1694 D ActivityManager: single user service: com.amazon.kindle.cms
04-11 02:55:49.910   958  1694 D ActivityManager: app = com.amazon.kindle.cms, has single user service, setting process record.
04-11 02:55:49.952 26238 26256 I native-activity: Swap 80 time is 47.983ms
04-11 02:55:49.953 26238 26256 I native-activity: Animating
04-11 02:55:49.953 26238 26256 I native-activity: Frame 81 GL error is 0x0
04-11 02:55:49.953 26238 26256 I native-activity: Frame 81 time is 0.174ms
04-11 02:55:49.979   958  2823 W AccountManagerService: insertAccountIntoDatabase: Account {name=default_account, type=com.amazon.firelauncher.account}, skipping since the account already exists
04-11 02:55:49.987   958  1585 W AccountManagerService: insertAccountIntoDatabase: Account {name=default_account, type=com.amazon.firelauncher.account}, skipping since the account already exists
04-11 02:55:49.998 26238 26256 I native-activity: Swap 81 time is 45.390ms
04-11 02:55:49.998 26238 26256 I native-activity: Animating
04-11 02:55:49.998 26238 26256 I native-activity: Frame 82 GL error is 0x0
04-11 02:55:49.998 26238 26256 I native-activity: Frame 82 time is 0.205ms
04-11 02:55:49.996    93    93 I Kernel  : [310589.607990] (2)[93:irq/258-inv_irq]inv_mpu_iio: inv_push_8bytes_buffer: Received Accel Sensor Data at Driver Layer -468, 1724, -16424
04-11 02:55:50.038   958  2829 W AccountManagerService: insertAccountIntoDatabase: Account {name=default_account, type=com.amazon.firelauncher.account}, skipping since the account already exists
04-11 02:55:50.046 26238 26256 I native-activity: Swap 82 time is 47.714ms
04-11 02:55:50.046 26238 26256 I native-activity: Animating
04-11 02:55:50.046 26238 26256 I native-activity: Frame 83 GL error is 0x0
04-11 02:55:50.046 26238 26256 I native-activity: Frame 83 time is 0.190ms
04-11 02:55:50.047   958  2822 D WifiService: releaseWifiLockLocked: WifiLock{com.amazon.dcp.framework.iuc.ConnectionEstablisherWithConnectivityEnforcement type=1 binder=android.os.BinderProxy@2078d598}
04-11 02:55:50.056   958   973 D ActivityManager: single user service: com.amazon.kindle.cms
04-11 02:55:50.059   958   973 D ActivityManager: app = com.amazon.kindle.cms, has single user service, setting process record.
04-11 02:55:50.060   958 13639 W AccountManagerService: insertAccountIntoDatabase: Account {name=default_account, type=com.amazon.firelauncher.account}, skipping since the account already exists
04-11 02:55:50.092 26238 26256 I native-activity: Swap 83 time is 45.918ms
04-11 02:55:50.092 26238 26256 I native-activity: Animating
04-11 02:55:50.092 26238 26256 I native-activity: Frame 84 GL error is 0x0
04-11 02:55:50.092 26238 26256 I native-activity: Frame 84 time is 0.193ms
04-11 02:55:50.100   958  2815 D ActivityManager: single user service: com.amazon.kindle.cms
04-11 02:55:50.101   958  2815 D ActivityManager: app = com.amazon.kindle.cms, has single user service, setting process record.
04-11 02:55:50.139 26238 26256 I native-activity: Swap 84 time is 46.814ms
04-11 02:55:50.139 26238 26256 I native-activity: Animating
04-11 02:55:50.139 26238 26256 I native-activity: Frame 85 GL error is 0x0
04-11 02:55:50.140 26238 26256 I native-activity: Frame 85 time is 0.541ms
04-11 02:55:50.146   958  1585 W AccountManagerService: insertAccountIntoDatabase: Account {name=default_account, type=com.amazon.firelauncher.account}, skipping since the account already exists
04-11 02:55:50.136    93    93 I Kernel  : [310589.750723] (2)[93:irq/258-inv_irq]inv_mpu_iio: inv_read_fifo: Received Sensor Interrupt to read FIFO and Fifo_count is 6
04-11 02:55:50.157   958  1718 W AccountManagerService: insertAccountIntoDatabase: Account {name=default_account, type=com.amazon.firelauncher.account}, skipping since the account already exists
04-11 02:55:50.167   958  2823 W AccountManagerService: insertAccountIntoDatabase: Account {name=default_account, type=com.amazon.firelauncher.account}, skipping since the account already exists
04-11 02:55:50.184 26238 26256 I native-activity: Swap 85 time is 45.333ms
04-11 02:55:50.184 26238 26256 I native-activity: Animating
04-11 02:55:50.185 26238 26256 I native-activity: Frame 86 GL error is 0x0
04-11 02:55:50.185 26238 26256 I native-activity: Frame 86 time is 0.498ms
04-11 02:55:50.205   958  1660 W AccountManagerService: insertAccountIntoDatabase: Account {name=default_account, type=com.amazon.firelauncher.account}, skipping since the account already exists
04-11 02:55:50.220   958 13639 W AccountManagerService: insertAccountIntoDatabase: Account {name=default_account, type=com.amazon.firelauncher.account}, skipping since the account already exists
04-11 02:55:50.232 26238 26256 I native-activity: Swap 86 time is 47.492ms
04-11 02:55:50.232 26238 26256 I native-activity: Animating
04-11 02:55:50.233 26238 26256 I native-activity: Frame 87 GL error is 0x0
04-11 02:55:50.233 26238 26256 I native-activity: Frame 87 time is 0.520ms
04-11 02:55:50.239   958  1720 W AccountManagerService: insertAccountIntoDatabase: Account {name=default_account, type=com.amazon.firelauncher.account}, skipping since the account already exists
04-11 02:55:50.240   958  1032 W AccountManagerService: insertAccountIntoDatabase: Account {name=default_account, type=com.amazon.firelauncher.account}, skipping since the account already exists
04-11 02:55:50.249   958  1585 W AccountManagerService: insertAccountIntoDatabase: Account {name=default_account, type=com.amazon.firelauncher.account}, skipping since the account already exists
04-11 02:55:50.253   958  3891 W AccountManagerService: insertAccountIntoDatabase: Account {name=default_account, type=com.amazon.firelauncher.account}, skipping since the account already exists
04-11 02:55:50.276 26238 26256 I native-activity: Swap 87 time is 43.708ms
04-11 02:55:50.276 26238 26256 I native-activity: Animating
04-11 02:55:50.277 26238 26256 I native-activity: Frame 88 GL error is 0x0
04-11 02:55:50.277 26238 26256 I native-activity: Frame 88 time is 0.461ms
04-11 02:55:50.292   958  2823 W AccountManagerService: insertAccountIntoDatabase: Account {name=default_account, type=com.amazon.firelauncher.account}, skipping since the account already exists
04-11 02:55:50.316   958  3891 W AccountManagerService: insertAccountIntoDatabase: Account {name=default_account, type=com.amazon.firelauncher.account}, skipping since the account already exists
04-11 02:55:50.323   958  1695 W AccountManagerService: insertAccountIntoDatabase: Account {name=default_account, type=com.amazon.firelauncher.account}, skipping since the account already exists
04-11 02:55:50.323 26238 26256 I native-activity: Swap 88 time is 47.051ms
04-11 02:55:50.323 26238 26256 I native-activity: Animating
04-11 02:55:50.324 26238 26256 I native-activity: Frame 89 GL error is 0x0
04-11 02:55:50.324 26238 26256 I native-activity: Frame 89 time is 0.435ms
04-11 02:55:50.326   958  2829 W AccountManagerService: insertAccountIntoDatabase: Account {name=default_account, type=com.amazon.firelauncher.account}, skipping since the account already exists
04-11 02:55:50.336   958   974 W AccountManagerService: insertAccountIntoDatabase: Account {name=default_account, type=com.amazon.firelauncher.account}, skipping since the account already exists
04-11 02:55:50.346   958  2825 D WifiService: acquireWifiLockLocked: WifiLock{com.amazon.dcp.framework.iuc.ConnectionEstablisherWithConnectivityEnforcement type=1 binder=android.os.BinderProxy@1dee4336}
04-11 02:55:50.357   958  1662 D ActivityManager: single user service: com.amazon.imp
04-11 02:55:50.359   958  1662 D ActivityManager: app = com.amazon.imp, has single user service, setting process record.
04-11 02:55:50.370 26238 26256 I native-activity: Swap 89 time is 46.193ms
04-11 02:55:50.370 26238 26256 I native-activity: Animating
04-11 02:55:50.370 26238 26256 I native-activity: Frame 90 GL error is 0x0
04-11 02:55:50.370 26238 26256 I native-activity: Frame 90 time is 0.513ms
04-11 02:55:50.408   958   974 W AccountManagerService: insertAccountIntoDatabase: Account {name=default_account, type=com.amazon.firelauncher.account}, skipping since the account already exists
04-11 02:55:50.411 26238 26256 I native-activity: Swap 90 time is 41.170ms
04-11 02:55:50.411 26238 26256 I native-activity: Animating
04-11 02:55:50.412 26238 26256 I native-activity: Frame 91 GL error is 0x0
04-11 02:55:50.412 26238 26256 I native-activity: Frame 91 time is 0.511ms
04-11 02:55:50.450 26238 26256 I native-activity: Swap 91 time is 38.699ms
04-11 02:55:50.450 26238 26256 I native-activity: Animating
04-11 02:55:50.450 26238 26256 I native-activity: Frame 92 GL error is 0x0
04-11 02:55:50.450 26238 26256 I native-activity: Frame 92 time is 0.366ms
04-11 02:55:50.462   958  2825 W AccountManagerService: insertAccountIntoDatabase: Account {name=default_account, type=com.amazon.firelauncher.account}, skipping since the account already exists
04-11 02:55:50.477   958  1235 W AccountManagerService: insertAccountIntoDatabase: Account {name=default_account, type=com.amazon.firelauncher.account}, skipping since the account already exists
04-11 02:55:50.490 26238 26256 I native-activity: Swap 92 time is 40.291ms
04-11 02:55:50.491 26238 26256 I native-activity: Animating
04-11 02:55:50.491 26238 26256 I native-activity: Frame 93 GL error is 0x0
04-11 02:55:50.491 26238 26256 I native-activity: Frame 93 time is 0.303ms
04-11 02:55:50.499   958  1695 W AccountManagerService: insertAccountIntoDatabase: Account {name=default_account, type=com.amazon.firelauncher.account}, skipping since the account already exists
04-11 02:55:50.532 26238 26256 I native-activity: Swap 93 time is 41.338ms
04-11 02:55:50.532 26238 26256 I native-activity: Animating
04-11 02:55:50.532 26238 26256 I native-activity: Frame 94 GL error is 0x0
04-11 02:55:50.532 26238 26256 I native-activity: Frame 94 time is 0.199ms
04-11 02:55:50.574 26238 26256 I native-activity: Swap 94 time is 42.017ms
04-11 02:55:50.574 26238 26256 I native-activity: Animating
04-11 02:55:50.575 26238 26256 I native-activity: Frame 95 GL error is 0x0
04-11 02:55:50.575 26238 26256 I native-activity: Frame 95 time is 0.405ms
04-11 02:55:50.612 26238 26256 I native-activity: Swap 95 time is 37.322ms
04-11 02:55:50.612 26238 26256 I native-activity: Animating
04-11 02:55:50.612 26238 26256 I native-activity: Frame 96 GL error is 0x0
04-11 02:55:50.612 26238 26256 I native-activity: Frame 96 time is 0.397ms
04-11 02:55:50.647   958  1235 D WifiService: releaseWifiLockLocked: WifiLock{com.amazon.dcp.framework.iuc.ConnectionEstablisherWithConnectivityEnforcement type=1 binder=android.os.BinderProxy@1dee4336}
04-11 02:55:50.650 26238 26256 I native-activity: Swap 96 time is 38.007ms
04-11 02:55:50.650 26238 26256 I native-activity: Animating
04-11 02:55:50.650 26238 26256 I native-activity: Frame 97 GL error is 0x0
04-11 02:55:50.650 26238 26256 I native-activity: Frame 97 time is 0.399ms
04-11 02:55:50.689 26238 26256 I native-activity: Swap 97 time is 38.991ms
04-11 02:55:50.689 26238 26256 I native-activity: Animating
04-11 02:55:50.690 26238 26256 I native-activity: Frame 98 GL error is 0x0
04-11 02:55:50.690 26238 26256 I native-activity: Frame 98 time is 0.691ms
04-11 02:55:50.729 26238 26256 I native-activity: Swap 98 time is 39.945ms
04-11 02:55:50.729 26238 26256 I native-activity: Animating
04-11 02:55:50.730 26238 26256 I native-activity: Frame 99 GL error is 0x0
04-11 02:55:50.730 26238 26256 I native-activity: Frame 99 time is 0.412ms
04-11 02:55:50.768 26238 26256 I native-activity: Swap 99 time is 38.183ms
04-11 02:55:50.768 26238 26256 I native-activity: Animating
04-11 02:55:50.768 26238 26256 I native-activity: Frame 100 GL error is 0x0
04-11 02:55:50.768 26238 26256 I native-activity: Frame 100 time is 0.398ms
04-11 02:55:50.806 26238 26256 I native-activity: Swap 100 time is 38.574ms
04-11 02:55:50.807 26238 26256 I native-activity: Animating
04-11 02:55:50.807 26238 26256 I native-activity: Frame 101 GL error is 0x0
04-11 02:55:50.807 26238 26256 I native-activity: Frame 101 time is 0.519ms
04-11 02:55:50.845 26238 26256 I native-activity: Swap 101 time is 38.552ms
04-11 02:55:50.845 26238 26256 I native-activity: Animating
04-11 02:55:50.846 26238 26256 I native-activity: Frame 102 GL error is 0x0
04-11 02:55:50.846 26238 26256 I native-activity: Frame 102 time is 0.440ms
04-11 02:55:50.885 26238 26256 I native-activity: Swap 102 time is 39.250ms
04-11 02:55:50.885 26238 26256 I native-activity: Animating
04-11 02:55:50.886 26238 26256 I native-activity: Frame 103 GL error is 0x0
04-11 02:55:50.886 26238 26256 I native-activity: Frame 103 time is 0.700ms
04-11 02:55:50.924 26238 26256 I native-activity: Swap 103 time is 38.947ms
04-11 02:55:50.924 26238 26256 I native-activity: Animating
04-11 02:55:50.924 26238 26256 I native-activity: Frame 104 GL error is 0x0
04-11 02:55:50.924 26238 26256 I native-activity: Frame 104 time is 0.399ms
04-11 02:55:50.963 26238 26256 I native-activity: Swap 104 time is 39.358ms
04-11 02:55:50.964 26238 26256 I native-activity: Animating
04-11 02:55:50.964 26238 26256 I native-activity: Frame 105 GL error is 0x0
04-11 02:55:50.964 26238 26256 I native-activity: Frame 105 time is 0.547ms
04-11 02:55:50.966    93    93 I Kernel  : [310590.581327] (2)[93:irq/258-inv_irq]inv_mpu_iio: inv_read_fifo: Received Sensor Interrupt to read FIFO and Fifo_count is 6
04-11 02:55:51.005 26238 26256 I native-activity: Swap 105 time is 41.111ms
04-11 02:55:51.005 26238 26256 I native-activity: Animating
04-11 02:55:51.005 26238 26256 I native-activity: Frame 106 GL error is 0x0
04-11 02:55:51.005 26238 26256 I native-activity: Frame 106 time is 0.485ms
04-11 02:55:51.042 26238 26256 I native-activity: Swap 106 time is 37.361ms
04-11 02:55:51.042 26238 26256 I native-activity: Animating
04-11 02:55:51.043 26238 26256 I native-activity: Frame 107 GL error is 0x0
04-11 02:55:51.043 26238 26256 I native-activity: Frame 107 time is 0.405ms
04-11 02:55:51.080 26238 26256 I native-activity: Swap 107 time is 37.248ms
04-11 02:55:51.080 26238 26256 I native-activity: Animating
04-11 02:55:51.080 26238 26256 I native-activity: Frame 108 GL error is 0x0
04-11 02:55:51.080 26238 26256 I native-activity: Frame 108 time is 0.440ms
04-11 02:55:51.117 26238 26256 I native-activity: Swap 108 time is 37.468ms
04-11 02:55:51.118 26238 26256 I native-activity: Animating
04-11 02:55:51.118 26238 26256 I native-activity: Frame 109 GL error is 0x0
04-11 02:55:51.118 26238 26256 I native-activity: Frame 109 time is 0.743ms
04-11 02:55:51.156 26238 26256 I native-activity: Swap 109 time is 38.070ms
04-11 02:55:51.156 26238 26256 I native-activity: Animating
04-11 02:55:51.159 26238 26256 I native-activity: Frame 110 GL error is 0x0
04-11 02:55:51.159 26238 26256 I native-activity: Frame 110 time is 2.983ms
04-11 02:55:51.196 26238 26256 I native-activity: Swap 110 time is 40.072ms
04-11 02:55:51.197 26238 26256 I native-activity: Animating
04-11 02:55:51.199 26238 26256 I native-activity: Frame 111 GL error is 0x0
04-11 02:55:51.201 26238 26256 I native-activity: Frame 111 time is 1.920ms
04-11 02:55:51.239 26238 26256 I native-activity: Swap 111 time is 40.090ms
04-11 02:55:51.239 26238 26256 I native-activity: Animating
04-11 02:55:51.239 26238 26256 I native-activity: Frame 112 GL error is 0x0
04-11 02:55:51.239 26238 26256 I native-activity: Frame 112 time is 0.410ms
04-11 02:55:51.276 26238 26256 I native-activity: Swap 112 time is 37.394ms
04-11 02:55:51.278 26238 26256 I native-activity: Animating
04-11 02:55:51.280 26238 26256 I native-activity: Frame 113 GL error is 0x0
04-11 02:55:51.281 26238 26256 I native-activity: Frame 113 time is 2.090ms
04-11 02:55:51.319 26238 26256 I native-activity: Swap 113 time is 40.265ms
04-11 02:55:51.319 26238 26256 I native-activity: Animating
04-11 02:55:51.320 26238 26256 I native-activity: Frame 114 GL error is 0x0
04-11 02:55:51.320 26238 26256 I native-activity: Frame 114 time is 0.382ms
04-11 02:55:51.357 26238 26256 I native-activity: Swap 114 time is 37.220ms
04-11 02:55:51.357 26238 26256 I native-activity: Animating
04-11 02:55:51.357 26238 26256 I native-activity: Frame 115 GL error is 0x0
04-11 02:55:51.357 26238 26256 I native-activity: Frame 115 time is 0.313ms
04-11 02:55:51.394 26238 26256 I native-activity: Swap 115 time is 37.195ms
04-11 02:55:51.394 26238 26256 I native-activity: Animating
04-11 02:55:51.394 26238 26256 I native-activity: Frame 116 GL error is 0x0
04-11 02:55:51.394 26238 26256 I native-activity: Frame 116 time is 0.289ms
04-11 02:55:51.431 26238 26256 I native-activity: Swap 116 time is 37.156ms
04-11 02:55:51.431 26238 26256 I native-activity: Animating
04-11 02:55:51.432 26238 26256 I native-activity: Frame 117 GL error is 0x0
04-11 02:55:51.432 26238 26256 I native-activity: Frame 117 time is 0.316ms
04-11 02:55:51.469 26238 26256 I native-activity: Swap 117 time is 37.281ms
04-11 02:55:51.470 26238 26256 I native-activity: Animating
04-11 02:55:51.482 26238 26256 I native-activity: Frame 118 GL error is 0x0
04-11 02:55:51.482 26238 26256 I native-activity: Frame 118 time is 1.329ms
04-11 02:55:51.508   958  1024 D ConnectivityService: updateNetworkScore for NetworkAgentInfo [WIFI () - 196] to 60
04-11 02:55:51.509   958  1024 D ConnectivityService: rematching NetworkAgentInfo [WIFI () - 196]
04-11 02:55:51.509   958  1024 D ConnectivityService: Network NetworkAgentInfo [WIFI () - 196] was already satisfying request 1. No change.
04-11 02:55:51.509   958  1024 D ConnectivityService: notifyType AVAILABLE for NetworkAgentInfo [WIFI () - 196]
04-11 02:55:51.516 25873 25984 D ConnectivityManager.CallbackHandler: CM callback handler got msg 524290
04-11 02:55:51.521 26238 26256 I native-activity: Swap 118 time is 40.656ms
04-11 02:55:51.522 26238 26256 I native-activity: Animating
04-11 02:55:51.522 26238 26256 I native-activity: Frame 119 GL error is 0x0
04-11 02:55:51.522 26238 26256 I native-activity: Frame 119 time is 0.375ms
04-11 02:55:51.559 26238 26256 I native-activity: Swap 119 time is 37.227ms
04-11 02:55:51.559 26238 26256 I native-activity: Animating
04-11 02:55:51.559 26238 26256 I native-activity: Frame 120 GL error is 0x0
04-11 02:55:51.559 26238 26256 I native-activity: Frame 120 time is 0.368ms
04-11 02:55:51.596 26238 26256 I native-activity: Swap 120 time is 37.338ms
04-11 02:55:51.596 26238 26256 I native-activity: Animating
04-11 02:55:51.597 26238 26256 I native-activity: Frame 121 GL error is 0x0
04-11 02:55:51.597 26238 26256 I native-activity: Frame 121 time is 0.349ms
04-11 02:55:51.634 26238 26256 I native-activity: Swap 121 time is 37.288ms
04-11 02:55:51.634 26238 26256 I native-activity: Animating
04-11 02:55:51.636 26238 26256 I native-activity: Frame 122 GL error is 0x0
04-11 02:55:51.636 26238 26256 I native-activity: Frame 122 time is 1.979ms
04-11 02:55:51.674 26238 26256 I native-activity: Swap 122 time is 40.062ms
04-11 02:55:51.674 26238 26256 I native-activity: Animating
04-11 02:55:51.675 26238 26256 I native-activity: Frame 123 GL error is 0x0
04-11 02:55:51.675 26238 26256 I native-activity: Frame 123 time is 0.665ms
04-11 02:55:51.712 26238 26256 I native-activity: Swap 123 time is 37.873ms
04-11 02:55:51.713 26238 26256 I native-activity: Animating
04-11 02:55:51.713 26238 26256 I native-activity: Frame 124 GL error is 0x0
04-11 02:55:51.713 26238 26256 I native-activity: Frame 124 time is 0.685ms
04-11 02:55:51.751 26238 26256 I native-activity: Swap 124 time is 37.845ms
04-11 02:55:51.751 26238 26256 I native-activity: Animating
04-11 02:55:51.752 26238 26256 I native-activity: Frame 125 GL error is 0x0
04-11 02:55:51.752 26238 26256 I native-activity: Frame 125 time is 0.684ms
04-11 02:55:51.789 26238 26256 I native-activity: Swap 125 time is 37.771ms
04-11 02:55:51.789 26238 26256 I native-activity: Animating
04-11 02:55:51.790 26238 26256 I native-activity: Frame 126 GL error is 0x0
04-11 02:55:51.791 26238 26256 I native-activity: Frame 126 time is 2.398ms
04-11 02:55:51.796    93    93 I Kernel  : [310591.412006] (1)[93:irq/258-inv_irq]inv_mpu_iio: inv_read_fifo: Received Sensor Interrupt to read FIFO and Fifo_count is 6
04-11 02:55:51.829 26238 26256 I native-activity: Swap 126 time is 40.311ms
04-11 02:55:51.830 26238 26256 I native-activity: Animating
04-11 02:55:51.830 26238 26256 I native-activity: Frame 127 GL error is 0x0
04-11 02:55:51.830 26238 26256 I native-activity: Frame 127 time is 0.698ms
04-11 02:55:51.867 26238 26256 I native-activity: Swap 127 time is 37.744ms
04-11 02:55:51.868 26238 26256 I native-activity: Animating
04-11 02:55:51.868 26238 26256 I native-activity: Frame 128 GL error is 0x0
04-11 02:55:51.868 26238 26256 I native-activity: Frame 128 time is 0.627ms
04-11 02:55:51.906 26238 26256 I native-activity: Swap 128 time is 37.924ms
04-11 02:55:51.906 26238 26256 I native-activity: Animating
04-11 02:55:51.909 26238 26256 I native-activity: Frame 129 GL error is 0x0
04-11 02:55:51.910 26238 26256 I native-activity: Frame 129 time is 3.976ms
04-11 02:55:51.948 26238 26256 I native-activity: Swap 129 time is 42.155ms
04-11 02:55:51.948 26238 26256 I native-activity: Animating
04-11 02:55:51.949 26238 26256 I native-activity: Frame 130 GL error is 0x0
04-11 02:55:51.949 26238 26256 I native-activity: Frame 130 time is 0.806ms
04-11 02:55:51.986 26238 26256 I native-activity: Swap 130 time is 38.000ms
04-11 02:55:51.987 26238 26256 I native-activity: Animating
04-11 02:55:51.988 26238 26256 I native-activity: Frame 131 GL error is 0x0
04-11 02:55:51.988 26238 26256 I native-activity: Frame 131 time is 0.735ms
04-11 02:55:52.025 26238 26256 I native-activity: Swap 131 time is 38.104ms
04-11 02:55:52.025 26238 26256 I native-activity: Animating
04-11 02:55:52.026 26238 26256 I native-activity: Frame 132 GL error is 0x0
04-11 02:55:52.026 26238 26256 I native-activity: Frame 132 time is 0.911ms
04-11 02:55:52.063 26238 26256 I native-activity: Swap 132 time is 38.171ms
04-11 02:55:52.064 26238 26256 I native-activity: Animating
04-11 02:55:52.064 26238 26256 I native-activity: Frame 133 GL error is 0x0
04-11 02:55:52.064 26238 26256 I native-activity: Frame 133 time is 0.673ms
04-11 02:55:52.102 26238 26256 I native-activity: Swap 133 time is 37.879ms
04-11 02:55:52.102 26238 26256 I native-activity: Animating
04-11 02:55:52.103 26238 26256 I native-activity: Frame 134 GL error is 0x0
04-11 02:55:52.103 26238 26256 I native-activity: Frame 134 time is 0.697ms
04-11 02:55:52.140 26238 26256 I native-activity: Swap 134 time is 37.806ms
04-11 02:55:52.140 26238 26256 I native-activity: Animating
04-11 02:55:52.141 26238 26256 I native-activity: Frame 135 GL error is 0x0
04-11 02:55:52.141 26238 26256 I native-activity: Frame 135 time is 0.659ms
04-11 02:55:52.178 26238 26256 I native-activity: Swap 135 time is 37.933ms
04-11 02:55:52.178 26238 26256 I native-activity: Animating
04-11 02:55:52.180 26238 26256 I native-activity: Frame 136 GL error is 0x0
04-11 02:55:52.180 26238 26256 I native-activity: Frame 136 time is 1.006ms
04-11 02:55:52.217 26238 26256 I native-activity: Swap 136 time is 38.402ms
04-11 02:55:52.217 26238 26256 I native-activity: Animating
04-11 02:55:52.218 26238 26256 I native-activity: Frame 137 GL error is 0x0
04-11 02:55:52.218 26238 26256 I native-activity: Frame 137 time is 0.708ms
04-11 02:55:52.255 26238 26256 I native-activity: Swap 137 time is 37.900ms
04-11 02:55:52.256 26238 26256 I native-activity: Animating
04-11 02:55:52.256 26238 26256 I native-activity: Frame 138 GL error is 0x0
04-11 02:55:52.256 26238 26256 I native-activity: Frame 138 time is 0.626ms
04-11 02:55:52.293 26238 26256 I native-activity: Swap 138 time is 37.828ms
04-11 02:55:52.294 26238 26256 I native-activity: Animating
04-11 02:55:52.294 26238 26256 I native-activity: Frame 139 GL error is 0x0
04-11 02:55:52.294 26238 26256 I native-activity: Frame 139 time is 0.689ms
04-11 02:55:52.332 26238 26256 I native-activity: Swap 139 time is 37.765ms
04-11 02:55:52.332 26238 26256 I native-activity: Animating
04-11 02:55:52.332 26238 26256 I native-activity: Frame 140 GL error is 0x0
04-11 02:55:52.333 26238 26256 I native-activity: Frame 140 time is 0.697ms
04-11 02:55:52.370 26238 26256 I native-activity: Swap 140 time is 38.002ms
04-11 02:55:52.370 26238 26256 I native-activity: Animating
04-11 02:55:52.371 26238 26256 I native-activity: Frame 141 GL error is 0x0
04-11 02:55:52.371 26238 26256 I native-activity: Frame 141 time is 0.777ms
04-11 02:55:52.408 26238 26256 I native-activity: Swap 141 time is 37.974ms
04-11 02:55:52.409 26238 26256 I native-activity: Animating
04-11 02:55:52.410 26238 26256 I native-activity: Frame 142 GL error is 0x0
04-11 02:55:52.411 26238 26256 I native-activity: Frame 142 time is 2.422ms
04-11 02:55:52.449 26238 26256 I native-activity: Swap 142 time is 40.768ms
04-11 02:55:52.451 26238 26256 I native-activity: Animating
04-11 02:55:52.454 26238 26256 I native-activity: Frame 143 GL error is 0x0
04-11 02:55:52.455 26238 26256 I native-activity: Frame 143 time is 1.948ms
04-11 02:55:52.493 26238 26256 I native-activity: Swap 143 time is 40.319ms
04-11 02:55:52.493 26238 26256 I native-activity: Animating
04-11 02:55:52.494 26238 26256 I native-activity: Frame 144 GL error is 0x0
04-11 02:55:52.494 26238 26256 I native-activity: Frame 144 time is 0.693ms
04-11 02:55:52.534 26238 26256 I native-activity: Swap 144 time is 40.812ms
04-11 02:55:52.535 26238 26256 I native-activity: Animating
04-11 02:55:52.537 26238 26256 I native-activity: Frame 145 GL error is 0x0
04-11 02:55:52.539 26238 26256 I native-activity: Frame 145 time is 2.475ms
04-11 02:55:52.578 26238 26256 I native-activity: Swap 145 time is 42.238ms
04-11 02:55:52.579 26238 26256 I native-activity: Animating
04-11 02:55:52.580 26238 26256 I native-activity: Frame 146 GL error is 0x0
04-11 02:55:52.580 26238 26256 I native-activity: Frame 146 time is 1.471ms
04-11 02:55:52.618 26238 26256 I native-activity: Swap 146 time is 38.857ms
04-11 02:55:52.618 26238 26256 I native-activity: Animating
04-11 02:55:52.618 26238 26256 I native-activity: Frame 147 GL error is 0x0
04-11 02:55:52.618 26238 26256 I native-activity: Frame 147 time is 0.610ms
04-11 02:55:52.626    93    93 I Kernel  : [310592.242482] (1)[93:irq/258-inv_irq]inv_mpu_iio: inv_read_fifo: Received Sensor Interrupt to read FIFO and Fifo_count is 6
04-11 02:55:52.656 26238 26256 I native-activity: Swap 147 time is 37.876ms
04-11 02:55:52.656 26238 26256 I native-activity: Animating
04-11 02:55:52.657 26238 26256 I native-activity: Frame 148 GL error is 0x0
04-11 02:55:52.657 26238 26256 I native-activity: Frame 148 time is 0.659ms
04-11 02:55:52.694 26238 26256 I native-activity: Swap 148 time is 38.268ms
04-11 02:55:52.695 26238 26256 I native-activity: Animating
