04-13 01:09:21.346 10967 10985 I native-activity: Swap 13 time is 24.423ms
04-13 01:09:21.347 10967 10985 I native-activity: Animating
04-13 01:09:21.359 10967 10985 I native-activity: Frame 14 GL error is 0x0
04-13 01:09:21.359 10967 10985 I native-activity: Frame 14 time is 11.126ms
04-13 01:09:21.371 10967 10985 I native-activity: Swap 14 time is 22.992ms
04-13 01:09:21.373 10967 10985 I native-activity: Animating
04-13 01:09:21.383 10967 10985 I native-activity: Frame 15 GL error is 0x0
04-13 01:09:21.385 10967 10985 I native-activity: Frame 15 time is 11.577ms
04-13 01:09:21.394 10967 10985 I native-activity: Swap 15 time is 21.514ms
04-13 01:09:21.395 10967 10985 I native-activity: Animating
04-13 01:09:21.408 10967 10985 I native-activity: Frame 16 GL error is 0x0
04-13 01:09:21.411 10967 10985 I native-activity: Frame 16 time is 15.005ms
04-13 01:09:21.422 10967 10985 I native-activity: Swap 16 time is 27.477ms
04-13 01:09:21.424 10967 10985 I native-activity: Animating
04-13 01:09:21.433 10967 10985 I native-activity: Frame 17 GL error is 0x0
04-13 01:09:21.433 10967 10985 I native-activity: Frame 17 time is 8.412ms
04-13 01:09:21.443 10967 10985 I native-activity: Swap 17 time is 19.088ms
04-13 01:09:21.444 10967 10985 I native-activity: Animating
04-13 01:09:21.460 10967 10985 I native-activity: Frame 18 GL error is 0x0
04-13 01:09:21.462 10967 10985 I native-activity: Frame 18 time is 18.033ms
04-13 01:09:21.468 10967 10985 I native-activity: Swap 18 time is 24.008ms
04-13 01:09:21.468 10967 10985 I native-activity: Animating
04-13 01:09:21.485 10967 10985 I native-activity: Frame 19 GL error is 0x0
04-13 01:09:21.477    93    93 I Kernel  : [ 3480.074445] (3)[93:irq/258-inv_irq]inv_mpu_iio: inv_read_fifo: Received Sensor Interrupt to read FIFO and Fifo_count is 6
04-13 01:09:21.487 10967 10985 I native-activity: Frame 19 time is 19.538ms
04-13 01:09:21.492 10967 10985 I native-activity: Swap 19 time is 24.077ms
04-13 01:09:21.492 10967 10985 I native-activity: Animating
04-13 01:09:21.506 10967 10985 I native-activity: Frame 20 GL error is 0x0
04-13 01:09:21.506 10967 10985 I native-activity: Frame 20 time is 13.578ms
04-13 01:09:21.516 10967 10985 I native-activity: Swap 20 time is 24.141ms
04-13 01:09:21.516 10967 10985 I native-activity: Animating
04-13 01:09:21.530 10967 10985 I native-activity: Frame 21 GL error is 0x0
04-13 01:09:21.530 10967 10985 I native-activity: Frame 21 time is 13.231ms
04-13 01:09:21.541 10967 10985 I native-activity: Swap 21 time is 24.433ms
04-13 01:09:21.542 10967 10985 I native-activity: Animating
04-13 01:09:21.554 10967 10985 I native-activity: Frame 22 GL error is 0x0
04-13 01:09:21.554 10967 10985 I native-activity: Frame 22 time is 11.296ms
04-13 01:09:21.565 10967 10985 I native-activity: Swap 22 time is 22.382ms
04-13 01:09:21.565 10967 10985 I native-activity: Animating
04-13 01:09:21.581 10967 10985 I native-activity: Frame 23 GL error is 0x0
04-13 01:09:21.581 10967 10985 I native-activity: Frame 23 time is 16.055ms
04-13 01:09:21.589 10967 10985 I native-activity: Swap 23 time is 23.929ms
04-13 01:09:21.589 10967 10985 I native-activity: Animating
04-13 01:09:21.606 10967 10985 I native-activity: Frame 24 GL error is 0x0
04-13 01:09:21.606 10967 10985 I native-activity: Frame 24 time is 16.136ms
04-13 01:09:21.614 10967 10985 I native-activity: Swap 24 time is 24.160ms
04-13 01:09:21.614 10967 10985 I native-activity: Animating
04-13 01:09:21.628 10967 10985 I native-activity: Frame 25 GL error is 0x0
04-13 01:09:21.628 10967 10985 I native-activity: Frame 25 time is 13.816ms
04-13 01:09:21.638 10967 10985 I native-activity: Swap 25 time is 24.213ms
04-13 01:09:21.638 10967 10985 I native-activity: Animating
04-13 01:09:21.654 10967 10985 I native-activity: Frame 26 GL error is 0x0
04-13 01:09:21.654 10967 10985 I native-activity: Frame 26 time is 16.082ms
04-13 01:09:21.662 10967 10985 I native-activity: Swap 26 time is 23.923ms
04-13 01:09:21.663 10967 10985 I native-activity: Animating
04-13 01:09:21.676 10967 10985 I native-activity: Frame 27 GL error is 0x0
04-13 01:09:21.676 10967 10985 I native-activity: Frame 27 time is 13.375ms
04-13 01:09:21.687 10967 10985 I native-activity: Swap 27 time is 24.043ms
04-13 01:09:21.687 10967 10985 I native-activity: Animating
04-13 01:09:21.702 10967 10985 I native-activity: Frame 28 GL error is 0x0
04-13 01:09:21.703 10967 10985 I native-activity: Frame 28 time is 16.188ms
04-13 01:09:21.711 10967 10985 I native-activity: Swap 28 time is 24.041ms
04-13 01:09:21.711 10967 10985 I native-activity: Animating
04-13 01:09:21.729 10967 10985 I native-activity: Frame 29 GL error is 0x0
04-13 01:09:21.729 10967 10985 I native-activity: Frame 29 time is 18.060ms
04-13 01:09:21.736 10967 10985 I native-activity: Swap 29 time is 24.546ms
04-13 01:09:21.737 10967 10985 I native-activity: Animating
04-13 01:09:21.749 10967 10985 I native-activity: Frame 30 GL error is 0x0
04-13 01:09:21.749 10967 10985 I native-activity: Frame 30 time is 11.030ms
04-13 01:09:21.760 10967 10985 I native-activity: Swap 30 time is 22.530ms
04-13 01:09:21.760 10967 10985 I native-activity: Animating
04-13 01:09:21.775 10967 10985 I native-activity: Frame 31 GL error is 0x0
04-13 01:09:21.775 10967 10985 I native-activity: Frame 31 time is 14.745ms
04-13 01:09:21.786 10967 10985 I native-activity: Swap 31 time is 25.437ms
04-13 01:09:21.786 10967 10985 I native-activity: Animating
04-13 01:09:21.839 10967 10985 I native-activity: Frame 32 GL error is 0x0
04-13 01:09:21.839 10967 10985 I native-activity: Frame 32 time is 53.212ms
04-13 01:09:21.841 10967 10985 I native-activity: Swap 32 time is 55.224ms
04-13 01:09:21.842 10967 10985 I native-activity: Animating
04-13 01:09:21.879 10967 10985 I native-activity: Frame 33 GL error is 0x0
04-13 01:09:21.879 10967 10985 I native-activity: Frame 33 time is 37.232ms
04-13 01:09:21.880 10967 10985 I native-activity: Swap 33 time is 38.529ms
04-13 01:09:21.880 10967 10985 I native-activity: Animating
04-13 01:09:22.034 10967 10985 I native-activity: Frame 34 GL error is 0x0
04-13 01:09:22.034 10967 10985 I native-activity: Frame 34 time is 153.784ms
04-13 01:09:22.035 10967 10985 I native-activity: Swap 34 time is 154.694ms
04-13 01:09:22.035 10967 10985 I native-activity: Animating
04-13 01:09:22.079 10967 10985 I native-activity: Frame 35 GL error is 0x0
04-13 01:09:22.079 10967 10985 I native-activity: Frame 35 time is 43.835ms
04-13 01:09:22.081 10967 10985 I native-activity: Swap 35 time is 45.396ms
04-13 01:09:22.081 10967 10985 I native-activity: Animating
04-13 01:09:22.307    93    93 I Kernel  : [ 3480.905926] (2)[93:irq/258-inv_irq]inv_mpu_iio: inv_read_fifo: Received Sensor Interrupt to read FIFO and Fifo_count is 6
04-13 01:09:22.712 10967 10985 I native-activity: Frame 36 GL error is 0x501
04-13 01:09:22.712 10967 10985 I native-activity: Frame 36 time is 631.344ms
04-13 01:09:22.715 10967 10985 I native-activity: Swap 36 time is 633.636ms
04-13 01:09:22.715 10967 10985 I native-activity: Animating
04-13 01:09:22.905 10967 10985 I native-activity: Frame 37 GL error is 0x501
04-13 01:09:22.905 10967 10985 I native-activity: Frame 37 time is 190.050ms
04-13 01:09:22.907 10967 10985 I native-activity: Swap 37 time is 192.108ms
04-13 01:09:22.907 10967 10985 I native-activity: Animating
04-13 01:09:22.926 10967 10985 I native-activity: Frame 38 GL error is 0x501
04-13 01:09:22.926 10967 10985 I native-activity: Frame 38 time is 18.850ms
04-13 01:09:22.927 10967 10985 I native-activity: Swap 38 time is 19.607ms
04-13 01:09:22.927 10967 10985 I native-activity: Animating
04-13 01:09:22.935 10967 10985 I native-activity: Frame 39 GL error is 0x0
04-13 01:09:22.935 10967 10985 I native-activity: Frame 39 time is 8.520ms
04-13 01:09:22.965 10967 10985 I native-activity: Swap 39 time is 37.735ms
04-13 01:09:22.965 10967 10985 I native-activity: Animating
04-13 01:09:22.972 10967 10985 I native-activity: Frame 40 GL error is 0x0
04-13 01:09:22.972 10967 10985 I native-activity: Frame 40 time is 7.399ms
04-13 01:09:22.990 10967 10985 I native-activity: Swap 40 time is 25.735ms
04-13 01:09:22.991 10967 10985 I native-activity: Animating
04-13 01:09:22.997 10967 10985 I native-activity: Frame 41 GL error is 0x0
04-13 01:09:22.997 10967 10985 I native-activity: Frame 41 time is 6.452ms
04-13 01:09:23.030 10967 10985 I native-activity: Swap 41 time is 39.272ms
04-13 01:09:23.030 10967 10985 I native-activity: Animating
04-13 01:09:23.048 10967 10985 I native-activity: Frame 42 GL error is 0x0
04-13 01:09:23.048 10967 10985 I native-activity: Frame 42 time is 18.418ms
04-13 01:09:23.050 10967 10985 I native-activity: Swap 42 time is 19.680ms
04-13 01:09:23.050 10967 10985 I native-activity: Animating
04-13 01:09:23.053   962  1056 D TaskPersister: removeObsoleteFile: deleting file=639_task.xml
04-13 01:09:23.066 10967 10985 I native-activity: Frame 43 GL error is 0x0
04-13 01:09:23.066 10967 10985 I native-activity: Frame 43 time is 15.691ms
04-13 01:09:23.079 10967 10985 I native-activity: Swap 43 time is 28.736ms
04-13 01:09:23.079 10967 10985 I native-activity: Animating
04-13 01:09:23.093 10967 10985 I native-activity: Frame 44 GL error is 0x0
04-13 01:09:23.093 10967 10985 I native-activity: Frame 44 time is 14.036ms
04-13 01:09:23.109 10967 10985 I native-activity: Swap 44 time is 30.513ms
04-13 01:09:23.109 10967 10985 I native-activity: Animating
04-13 01:09:23.137    93    93 I Kernel  : [ 3481.737537] (2)[93:irq/258-inv_irq]inv_mpu_iio: inv_read_fifo: Received Sensor Interrupt to read FIFO and Fifo_count is 6
04-13 01:09:23.268 10967 10985 I native-activity: Frame 45 GL error is 0x501
04-13 01:09:23.268 10967 10985 I native-activity: Frame 45 time is 158.831ms
04-13 01:09:23.269 10967 10985 I native-activity: Swap 45 time is 159.824ms
04-13 01:09:23.269 10967 10985 I native-activity: Animating
04-13 01:09:23.480 10967 10985 I native-activity: Frame 46 GL error is 0x501
04-13 01:09:23.480 10967 10985 I native-activity: Frame 46 time is 210.558ms
04-13 01:09:23.481 10967 10985 I native-activity: Swap 46 time is 211.807ms
04-13 01:09:23.481 10967 10985 I native-activity: Animating
04-13 01:09:23.587    93    93 I Kernel  : [ 3482.186322] (2)[93:irq/258-inv_irq]inv_mpu_iio: inv_push_8bytes_buffer: Received Accel Sensor Data at Driver Layer -900, 1892, -16352
04-13 01:09:23.611 10967 10985 I native-activity: Frame 47 GL error is 0x501
04-13 01:09:23.611 10967 10985 I native-activity: Frame 47 time is 129.929ms
04-13 01:09:23.613 10967 10985 I native-activity: Swap 47 time is 131.584ms
04-13 01:09:23.613 10967 10985 I native-activity: Animating
04-13 01:09:23.614 10967 10985 I native-activity: Frame 48 GL error is 0x0
04-13 01:09:23.614 10967 10985 I native-activity: Frame 48 time is 0.908ms
04-13 01:09:23.633 10967 10985 I native-activity: Swap 48 time is 19.346ms
04-13 01:09:23.633 10967 10985 I native-activity: Animating
04-13 01:09:23.634 10967 10985 I native-activity: Frame 49 GL error is 0x0
04-13 01:09:23.634 10967 10985 I native-activity: Frame 49 time is 0.949ms
04-13 01:09:23.659 10967 10985 I native-activity: Swap 49 time is 26.115ms
04-13 01:09:23.659 10967 10985 I native-activity: Animating
04-13 01:09:23.660 10967 10985 I native-activity: Frame 50 GL error is 0x0
04-13 01:09:23.660 10967 10985 I native-activity: Frame 50 time is 0.974ms
04-13 01:09:23.697 10967 10985 I native-activity: Swap 50 time is 37.581ms
04-13 01:09:23.697 10967 10985 I native-activity: Animating
04-13 01:09:23.698 10967 10985 I native-activity: Frame 51 GL error is 0x0
04-13 01:09:23.698 10967 10985 I native-activity: Frame 51 time is 0.978ms
04-13 01:09:23.722 10967 10985 I native-activity: Swap 51 time is 25.532ms
04-13 01:09:23.723 10967 10985 I native-activity: Animating
04-13 01:09:23.737 10967 10985 I native-activity: Frame 52 GL error is 0x0
04-13 01:09:23.737 10967 10985 I native-activity: Frame 52 time is 14.065ms
04-13 01:09:23.762 10967 10985 I native-activity: Swap 52 time is 39.789ms
04-13 01:09:23.763 10967 10985 I native-activity: Animating
04-13 01:09:23.777 10967 10985 I native-activity: Frame 53 GL error is 0x0
04-13 01:09:23.778 10967 10985 I native-activity: Frame 53 time is 14.964ms
04-13 01:09:23.802 10967 10985 I native-activity: Swap 53 time is 39.294ms
04-13 01:09:23.802 10967 10985 I native-activity: Animating
04-13 01:09:23.816 10967 10985 I native-activity: Frame 54 GL error is 0x0
04-13 01:09:23.816 10967 10985 I native-activity: Frame 54 time is 13.806ms
04-13 01:09:23.842 10967 10985 I native-activity: Swap 54 time is 39.540ms
04-13 01:09:23.842 10967 10985 I native-activity: Animating
04-13 01:09:23.857 10967 10985 I native-activity: Frame 55 GL error is 0x0
04-13 01:09:23.858 10967 10985 I native-activity: Frame 55 time is 15.695ms
04-13 01:09:23.881 10967 10985 I native-activity: Swap 55 time is 39.253ms
04-13 01:09:23.881 10967 10985 I native-activity: Animating
04-13 01:09:23.895 10967 10985 I native-activity: Frame 56 GL error is 0x0
04-13 01:09:23.895 10967 10985 I native-activity: Frame 56 time is 14.083ms
04-13 01:09:23.921 10967 10985 I native-activity: Swap 56 time is 39.544ms
04-13 01:09:23.921 10967 10985 I native-activity: Animating
04-13 01:09:23.937 10967 10985 I native-activity: Frame 57 GL error is 0x0
04-13 01:09:23.937 10967 10985 I native-activity: Frame 57 time is 15.841ms
04-13 01:09:23.965 10967 10985 I native-activity: Swap 57 time is 43.949ms
04-13 01:09:23.965 10967 10985 I native-activity: Animating
04-13 01:09:23.967 10967 10985 I native-activity: Frame 58 GL error is 0x0
04-13 01:09:23.967 10967 10985 I native-activity: Frame 58 time is 1.328ms
04-13 01:09:23.967    93    93 I Kernel  : [ 3482.569284] (2)[93:irq/258-inv_irq]inv_mpu_iio: inv_read_fifo: Received Sensor Interrupt to read FIFO and Fifo_count is 6
04-13 01:09:23.983 10967 10985 I native-activity: Swap 58 time is 17.513ms
04-13 01:09:23.983 10967 10985 I native-activity: Animating
04-13 01:09:23.997 10967 10985 I native-activity: Frame 59 GL error is 0x0
04-13 01:09:23.998 10967 10985 I native-activity: Frame 59 time is 14.516ms
04-13 01:09:24.013 10967 10985 I native-activity: Swap 59 time is 30.265ms
04-13 01:09:24.013 10967 10985 I native-activity: Animating
04-13 01:09:24.027 10967 10985 I native-activity: Frame 60 GL error is 0x0
04-13 01:09:24.027 10967 10985 I native-activity: Frame 60 time is 13.714ms
04-13 01:09:24.044 10967 10985 I native-activity: Swap 60 time is 30.402ms
04-13 01:09:24.045 10967 10985 I native-activity: Animating
04-13 01:09:24.058 10967 10985 I native-activity: Frame 61 GL error is 0x0
04-13 01:09:24.058 10967 10985 I native-activity: Frame 61 time is 13.667ms
04-13 01:09:24.075 10967 10985 I native-activity: Swap 61 time is 29.932ms
04-13 01:09:24.075 10967 10985 I native-activity: Animating
04-13 01:09:24.089 10967 10985 I native-activity: Frame 62 GL error is 0x0
04-13 01:09:24.089 10967 10985 I native-activity: Frame 62 time is 14.176ms
04-13 01:09:24.105 10967 10985 I native-activity: Swap 62 time is 30.463ms
04-13 01:09:24.105 10967 10985 I native-activity: Animating
04-13 01:09:24.119 10967 10985 I native-activity: Frame 63 GL error is 0x0
04-13 01:09:24.119 10967 10985 I native-activity: Frame 63 time is 13.284ms
04-13 01:09:24.136 10967 10985 I native-activity: Swap 63 time is 30.464ms
04-13 01:09:24.136 10967 10985 I native-activity: Animating
04-13 01:09:24.150 10967 10985 I native-activity: Frame 64 GL error is 0x0
04-13 01:09:24.150 10967 10985 I native-activity: Frame 64 time is 13.442ms
04-13 01:09:24.167 10967 10985 I native-activity: Swap 64 time is 30.777ms
04-13 01:09:24.167 10967 10985 I native-activity: Animating
04-13 01:09:24.180 10967 10985 I native-activity: Frame 65 GL error is 0x0
04-13 01:09:24.180 10967 10985 I native-activity: Frame 65 time is 12.631ms
04-13 01:09:24.198 10967 10985 I native-activity: Swap 65 time is 30.568ms
04-13 01:09:24.198 10967 10985 I native-activity: Animating
04-13 01:09:24.211 10967 10985 I native-activity: Frame 66 GL error is 0x0
04-13 01:09:24.212 10967 10985 I native-activity: Frame 66 time is 13.684ms
04-13 01:09:24.228 10967 10985 I native-activity: Swap 66 time is 30.550ms
04-13 01:09:24.229 10967 10985 I native-activity: Animating
04-13 01:09:24.242 10967 10985 I native-activity: Frame 67 GL error is 0x0
04-13 01:09:24.242 10967 10985 I native-activity: Frame 67 time is 12.750ms
04-13 01:09:24.260 10967 10985 I native-activity: Swap 67 time is 30.680ms
04-13 01:09:24.260 10967 10985 I native-activity: Animating
04-13 01:09:24.274 10967 10985 I native-activity: Frame 68 GL error is 0x0
04-13 01:09:24.274 10967 10985 I native-activity: Frame 68 time is 13.932ms
04-13 01:09:24.291 10967 10985 I native-activity: Swap 68 time is 30.847ms
04-13 01:09:24.291 10967 10985 I native-activity: Animating
04-13 01:09:24.304 10967 10985 I native-activity: Frame 69 GL error is 0x0
04-13 01:09:24.304 10967 10985 I native-activity: Frame 69 time is 13.189ms
04-13 01:09:24.321 10967 10985 I native-activity: Swap 69 time is 29.980ms
04-13 01:09:24.321 10967 10985 I native-activity: Animating
04-13 01:09:24.339 10967 10985 I native-activity: Frame 70 GL error is 0x0
04-13 01:09:24.339 10967 10985 I native-activity: Frame 70 time is 18.022ms
04-13 01:09:24.352 10967 10985 I native-activity: Swap 70 time is 30.895ms
04-13 01:09:24.352 10967 10985 I native-activity: Animating
04-13 01:09:24.370 10967 10985 I native-activity: Frame 71 GL error is 0x0
04-13 01:09:24.370 10967 10985 I native-activity: Frame 71 time is 17.569ms
04-13 01:09:24.383 10967 10985 I native-activity: Swap 71 time is 30.477ms
04-13 01:09:24.383 10967 10985 I native-activity: Animating
04-13 01:09:24.398 10967 10985 I native-activity: Frame 72 GL error is 0x0
04-13 01:09:24.399 10967 10985 I native-activity: Frame 72 time is 15.211ms
04-13 01:09:24.413 10967 10985 I native-activity: Swap 72 time is 29.701ms
04-13 01:09:24.413 10967 10985 I native-activity: Animating
04-13 01:09:24.428 10967 10985 I native-activity: Frame 73 GL error is 0x0
04-13 01:09:24.429 10967 10985 I native-activity: Frame 73 time is 15.203ms
04-13 01:09:24.444 10967 10985 I native-activity: Swap 73 time is 30.559ms
04-13 01:09:24.444 10967 10985 I native-activity: Animating
04-13 01:09:24.459 10967 10985 I native-activity: Frame 74 GL error is 0x0
04-13 01:09:24.459 10967 10985 I native-activity: Frame 74 time is 14.681ms
04-13 01:09:24.474 10967 10985 I native-activity: Swap 74 time is 29.813ms
04-13 01:09:24.475 10967 10985 I native-activity: Animating
04-13 01:09:24.490 10967 10985 I native-activity: Frame 75 GL error is 0x0
04-13 01:09:24.490 10967 10985 I native-activity: Frame 75 time is 15.096ms
04-13 01:09:24.506 10967 10985 I native-activity: Swap 75 time is 30.726ms
04-13 01:09:24.506 10967 10985 I native-activity: Animating
04-13 01:09:24.520 10967 10985 I native-activity: Frame 76 GL error is 0x0
04-13 01:09:24.521 10967 10985 I native-activity: Frame 76 time is 14.691ms
04-13 01:09:24.536 10967 10985 I native-activity: Swap 76 time is 29.939ms
04-13 01:09:24.536 10967 10985 I native-activity: Animating
04-13 01:09:24.550 10967 10985 I native-activity: Frame 77 GL error is 0x0
04-13 01:09:24.551 10967 10985 I native-activity: Frame 77 time is 14.440ms
04-13 01:09:24.567 10967 10985 I native-activity: Swap 77 time is 30.477ms
04-13 01:09:24.567 10967 10985 I native-activity: Animating
04-13 01:09:24.580 10967 10985 I native-activity: Frame 78 GL error is 0x0
04-13 01:09:24.580 10967 10985 I native-activity: Frame 78 time is 12.639ms
04-13 01:09:24.598 10967 10985 I native-activity: Swap 78 time is 30.599ms
04-13 01:09:24.598 10967 10985 I native-activity: Animating
04-13 01:09:24.611 10967 10985 I native-activity: Frame 79 GL error is 0x0
04-13 01:09:24.611 10967 10985 I native-activity: Frame 79 time is 13.281ms
04-13 01:09:24.629 10967 10985 I native-activity: Swap 79 time is 31.298ms
04-13 01:09:24.629 10967 10985 I native-activity: Animating
04-13 01:09:24.644 10967 10985 I native-activity: Frame 80 GL error is 0x0
04-13 01:09:24.644 10967 10985 I native-activity: Frame 80 time is 14.947ms
04-13 01:09:24.661 10967 10985 I native-activity: Swap 80 time is 31.749ms
04-13 01:09:24.661 10967 10985 I native-activity: Animating
04-13 01:09:24.676 10967 10985 I native-activity: Frame 81 GL error is 0x0
04-13 01:09:24.676 10967 10985 I native-activity: Frame 81 time is 14.697ms
04-13 01:09:24.693 10967 10985 I native-activity: Swap 81 time is 31.732ms
04-13 01:09:24.693 10967 10985 I native-activity: Animating
04-13 01:09:24.707 10967 10985 I native-activity: Frame 82 GL error is 0x0
04-13 01:09:24.707 10967 10985 I native-activity: Frame 82 time is 13.545ms
04-13 01:09:24.725 10967 10985 I native-activity: Swap 82 time is 31.565ms
04-13 01:09:24.725 10967 10985 I native-activity: Animating
04-13 01:09:24.740 10967 10985 I native-activity: Frame 83 GL error is 0x0
04-13 01:09:24.740 10967 10985 I native-activity: Frame 83 time is 15.123ms
04-13 01:09:24.757 10967 10985 I native-activity: Swap 83 time is 31.754ms
04-13 01:09:24.757 10967 10985 I native-activity: Animating
04-13 01:09:24.770 10967 10985 I native-activity: Frame 84 GL error is 0x0
04-13 01:09:24.770 10967 10985 I native-activity: Frame 84 time is 12.688ms
04-13 01:09:24.788 10967 10985 I native-activity: Swap 84 time is 30.866ms
04-13 01:09:24.788 10967 10985 I native-activity: Animating
04-13 01:09:24.801 10967 10985 I native-activity: Frame 85 GL error is 0x0
04-13 01:09:24.801 10967 10985 I native-activity: Frame 85 time is 12.642ms
04-13 01:09:24.807    93    93 I Kernel  : [ 3483.400869] (0)[93:irq/258-inv_irq]inv_mpu_iio: inv_read_fifo: Received Sensor Interrupt to read FIFO and Fifo_count is 6
04-13 01:09:24.819 10967 10985 I native-activity: Swap 85 time is 30.682ms
04-13 01:09:24.819 10967 10985 I native-activity: Animating
04-13 01:09:24.832 10967 10985 I native-activity: Frame 86 GL error is 0x0
04-13 01:09:24.832 10967 10985 I native-activity: Frame 86 time is 12.742ms
04-13 01:09:24.850 10967 10985 I native-activity: Swap 86 time is 30.824ms
04-13 01:09:24.851 10967 10985 I native-activity: Animating
04-13 01:09:24.863 10967 10985 I native-activity: Frame 87 GL error is 0x0
04-13 01:09:24.863 10967 10985 I native-activity: Frame 87 time is 12.260ms
04-13 01:09:24.881 10967 10985 I native-activity: Swap 87 time is 29.545ms
04-13 01:09:24.881 10967 10985 I native-activity: Animating
04-13 01:09:24.895 10967 10985 I native-activity: Frame 88 GL error is 0x0
04-13 01:09:24.895 10967 10985 I native-activity: Frame 88 time is 14.076ms
04-13 01:09:24.912 10967 10985 I native-activity: Swap 88 time is 30.575ms
04-13 01:09:24.913 10967 10985 I native-activity: Animating
04-13 01:09:24.926 10967 10985 I native-activity: Frame 89 GL error is 0x0
04-13 01:09:24.927 10967 10985 I native-activity: Frame 89 time is 13.414ms
04-13 01:09:24.942 10967 10985 I native-activity: Swap 89 time is 28.622ms
04-13 01:09:24.943 10967 10985 I native-activity: Animating
04-13 01:09:24.956 10967 10985 I native-activity: Frame 90 GL error is 0x0
04-13 01:09:24.958 10967 10985 I native-activity: Frame 90 time is 13.177ms
04-13 01:09:24.973 10967 10985 I native-activity: Swap 90 time is 28.068ms
04-13 01:09:24.973 10967 10985 I native-activity: Animating
04-13 01:09:24.986 10967 10985 I native-activity: Frame 91 GL error is 0x0
04-13 01:09:24.986 10967 10985 I native-activity: Frame 91 time is 13.285ms
04-13 01:09:25.003 10967 10985 I native-activity: Swap 91 time is 30.472ms
04-13 01:09:25.003 10967 10985 I native-activity: Animating
04-13 01:09:25.017 10967 10985 I native-activity: Frame 92 GL error is 0x0
04-13 01:09:25.017 10967 10985 I native-activity: Frame 92 time is 13.740ms
04-13 01:09:25.034 10967 10985 I native-activity: Swap 92 time is 30.250ms
04-13 01:09:25.035 10967 10985 I native-activity: Animating
04-13 01:09:25.047 10967 10985 I native-activity: Frame 93 GL error is 0x0
04-13 01:09:25.048 10967 10985 I native-activity: Frame 93 time is 11.024ms
04-13 01:09:25.065 10967 10985 I native-activity: Swap 93 time is 28.013ms
04-13 01:09:25.065 10967 10985 I native-activity: Animating
04-13 01:09:25.078 10967 10985 I native-activity: Frame 94 GL error is 0x0
04-13 01:09:25.078 10967 10985 I native-activity: Frame 94 time is 13.373ms
04-13 01:09:25.095 10967 10985 I native-activity: Swap 94 time is 30.724ms
04-13 01:09:25.096 10967 10985 I native-activity: Animating
04-13 01:09:25.109 10967 10985 I native-activity: Frame 95 GL error is 0x0
04-13 01:09:25.109 10967 10985 I native-activity: Frame 95 time is 12.955ms
04-13 01:09:25.126 10967 10985 I native-activity: Swap 95 time is 30.277ms
04-13 01:09:25.126 10967 10985 I native-activity: Animating
04-13 01:09:25.140 10967 10985 I native-activity: Frame 96 GL error is 0x0
04-13 01:09:25.140 10967 10985 I native-activity: Frame 96 time is 14.061ms
04-13 01:09:25.157 10967 10985 I native-activity: Swap 96 time is 30.598ms
04-13 01:09:25.157 10967 10985 I native-activity: Animating
04-13 01:09:25.169 10967 10985 I native-activity: Frame 97 GL error is 0x0
04-13 01:09:25.169 10967 10985 I native-activity: Frame 97 time is 12.207ms
04-13 01:09:25.188 10967 10985 I native-activity: Swap 97 time is 30.834ms
04-13 01:09:25.188 10967 10985 I native-activity: Animating
04-13 01:09:25.201 10967 10985 I native-activity: Frame 98 GL error is 0x0
04-13 01:09:25.201 10967 10985 I native-activity: Frame 98 time is 13.180ms
04-13 01:09:25.219 10967 10985 I native-activity: Swap 98 time is 30.615ms
04-13 01:09:25.219 10967 10985 I native-activity: Animating
04-13 01:09:25.232 10967 10985 I native-activity: Frame 99 GL error is 0x0
04-13 01:09:25.232 10967 10985 I native-activity: Frame 99 time is 13.021ms
04-13 01:09:25.249 10967 10985 I native-activity: Swap 99 time is 30.560ms
04-13 01:09:25.250 10967 10985 I native-activity: Animating
04-13 01:09:25.262 10967 10985 I native-activity: Frame 100 GL error is 0x0
04-13 01:09:25.263 10967 10985 I native-activity: Frame 100 time is 13.425ms
04-13 01:09:25.281 10967 10985 I native-activity: Swap 100 time is 31.059ms
04-13 01:09:25.281 10967 10985 I native-activity: Animating
04-13 01:09:25.294 10967 10985 I native-activity: Frame 101 GL error is 0x0
04-13 01:09:25.294 10967 10985 I native-activity: Frame 101 time is 13.627ms
04-13 01:09:25.311 10967 10985 I native-activity: Swap 101 time is 30.545ms
04-13 01:09:25.312 10967 10985 I native-activity: Animating
04-13 01:09:25.327 10967 10985 I native-activity: Frame 102 GL error is 0x0
04-13 01:09:25.327 10967 10985 I native-activity: Frame 102 time is 14.653ms
04-13 01:09:25.342 10967 10985 I native-activity: Swap 102 time is 30.071ms
04-13 01:09:25.342 10967 10985 I native-activity: Animating
04-13 01:09:25.356 10967 10985 I native-activity: Frame 103 GL error is 0x0
04-13 01:09:25.356 10967 10985 I native-activity: Frame 103 time is 13.743ms
04-13 01:09:25.373 10967 10985 I native-activity: Swap 103 time is 30.567ms
04-13 01:09:25.373 10967 10985 I native-activity: Animating
04-13 01:09:25.388 10967 10985 I native-activity: Frame 104 GL error is 0x0
04-13 01:09:25.388 10967 10985 I native-activity: Frame 104 time is 14.931ms
04-13 01:09:25.404 10967 10985 I native-activity: Swap 104 time is 30.647ms
04-13 01:09:25.404 10967 10985 I native-activity: Animating
04-13 01:09:25.418 10967 10985 I native-activity: Frame 105 GL error is 0x0
04-13 01:09:25.418 10967 10985 I native-activity: Frame 105 time is 14.042ms
04-13 01:09:25.434 10967 10985 I native-activity: Swap 105 time is 29.966ms
04-13 01:09:25.434 10967 10985 I native-activity: Animating
04-13 01:09:25.449 10967 10985 I native-activity: Frame 106 GL error is 0x0
04-13 01:09:25.449 10967 10985 I native-activity: Frame 106 time is 14.851ms
04-13 01:09:25.454   962  1810 I PackageRecencyUtils: Waiting for idle
04-13 01:09:25.455   962  1810 I Vlog    : package_recency:broadcast_notification:fgtracking=false;DV;1,key=time_in_queue;DV;1,Timer=5001.0;TI;1,unit=ms;DV;1:HI
04-13 01:09:25.465 10967 10985 I native-activity: Swap 106 time is 30.236ms
04-13 01:09:25.465 10967 10985 I native-activity: Animating
04-13 01:09:25.471   962  1725 D ActivityManager: single user service: com.amazon.kindle.cms
04-13 01:09:25.475   962  1725 D ActivityManager: app = com.amazon.kindle.cms, has single user service, setting process record.
04-13 01:09:25.479 10967 10985 I native-activity: Frame 107 GL error is 0x0
04-13 01:09:25.479 10967 10985 I native-activity: Frame 107 time is 13.950ms
04-13 01:09:25.497 10967 10985 I native-activity: Swap 107 time is 32.260ms
04-13 01:09:25.498 10967 10985 I native-activity: Animating
04-13 01:09:25.510 10967 10985 I native-activity: Frame 108 GL error is 0x0
04-13 01:09:25.510 10967 10985 I native-activity: Frame 108 time is 12.522ms
04-13 01:09:25.528 10967 10985 I native-activity: Swap 108 time is 30.228ms
04-13 01:09:25.528 10967 10985 I native-activity: Animating
04-13 01:09:25.543 10967 10985 I native-activity: Frame 109 GL error is 0x0
04-13 01:09:25.543 10967 10985 I native-activity: Frame 109 time is 14.688ms
04-13 01:09:25.560 10967 10985 I native-activity: Swap 109 time is 31.700ms
04-13 01:09:25.560 10967 10985 I native-activity: Animating
04-13 01:09:25.574 10967 10985 I native-activity: Frame 110 GL error is 0x0
04-13 01:09:25.574 10967 10985 I native-activity: Frame 110 time is 14.332ms
04-13 01:09:25.592 10967 10985 I native-activity: Swap 110 time is 31.886ms
04-13 01:09:25.592 10967 10985 I native-activity: Animating
04-13 01:09:25.606 10967 10985 I native-activity: Frame 111 GL error is 0x0
04-13 01:09:25.606 10967 10985 I native-activity: Frame 111 time is 14.202ms
04-13 01:09:25.624 10967 10985 I native-activity: Swap 111 time is 32.004ms
04-13 01:09:25.624 10967 10985 I native-activity: Animating
04-13 01:09:25.640 10967 10985 I native-activity: Frame 112 GL error is 0x0
04-13 01:09:25.640 10967 10985 I native-activity: Frame 112 time is 16.094ms
04-13 01:09:25.637    93    93 I Kernel  : [ 3484.232499] (0)[93:irq/258-inv_irq]inv_mpu_iio: inv_read_fifo: Received Sensor Interrupt to read FIFO and Fifo_count is 6
04-13 01:09:25.656 10967 10985 I native-activity: Swap 112 time is 32.056ms
04-13 01:09:25.657 10967 10985 I native-activity: Animating
04-13 01:09:25.671 10967 10985 I native-activity: Frame 113 GL error is 0x0
04-13 01:09:25.671 10967 10985 I native-activity: Frame 113 time is 14.724ms
04-13 01:09:25.688 10967 10985 I native-activity: Swap 113 time is 31.836ms
04-13 01:09:25.689 10967 10985 I native-activity: Animating
04-13 01:09:25.702 10967 10985 I native-activity: Frame 114 GL error is 0x0
04-13 01:09:25.702 10967 10985 I native-activity: Frame 114 time is 13.387ms
04-13 01:09:25.721 10967 10985 I native-activity: Swap 114 time is 32.536ms
04-13 01:09:25.722 10967 10985 I native-activity: Animating
04-13 01:09:25.736 10967 10985 I native-activity: Frame 115 GL error is 0x0
04-13 01:09:25.736 10967 10985 I native-activity: Frame 115 time is 14.247ms
04-13 01:09:25.755 10967 10985 I native-activity: Swap 115 time is 33.091ms
04-13 01:09:25.755 10967 10985 I native-activity: Animating
04-13 01:09:25.776 10967 10985 I native-activity: Frame 116 GL error is 0x0
04-13 01:09:25.776 10967 10985 I native-activity: Frame 116 time is 20.985ms
04-13 01:09:25.786 10967 10985 I native-activity: Swap 116 time is 30.742ms
04-13 01:09:25.786 10967 10985 I native-activity: Animating
04-13 01:09:25.798 10967 10985 I native-activity: Frame 117 GL error is 0x0
04-13 01:09:25.798 10967 10985 I native-activity: Frame 117 time is 12.281ms
04-13 01:09:25.818 10967 10985 I native-activity: Swap 117 time is 31.989ms
04-13 01:09:25.818 10967 10985 I native-activity: Animating
04-13 01:09:25.830 10967 10985 I native-activity: Frame 118 GL error is 0x0
04-13 01:09:25.830 10967 10985 I native-activity: Frame 118 time is 11.808ms
04-13 01:09:25.842   962   978 D WifiService: acquireWifiLockLocked: WifiLock{com.amazon.dcp.framework.iuc.ConnectionEstablisherWithConnectivityEnforcement type=1 binder=android.os.BinderProxy@f05ebf6}
04-13 01:09:25.852 10967 10985 I native-activity: Swap 118 time is 33.400ms
04-13 01:09:25.852 10967 10985 I native-activity: Animating
04-13 01:09:25.865 10967 10985 I native-activity: Frame 119 GL error is 0x0
04-13 01:09:25.865 10967 10985 I native-activity: Frame 119 time is 13.091ms
04-13 01:09:25.868   962  1011 D ActivityManager: single user service: com.amazon.kindle.cms
04-13 01:09:25.870   962  1011 D ActivityManager: app = com.amazon.kindle.cms, has single user service, setting process record.
04-13 01:09:25.871   962  1240 D ActivityManager: single user service: com.amazon.imp
04-13 01:09:25.873   962  1240 D ActivityManager: app = com.amazon.imp, has single user service, setting process record.
04-13 01:09:25.886 10967 10985 I native-activity: Swap 119 time is 33.693ms
04-13 01:09:25.886 10967 10985 I native-activity: Animating
04-13 01:09:25.899 10967 10985 I native-activity: Frame 120 GL error is 0x0
04-13 01:09:25.899 10967 10985 I native-activity: Frame 120 time is 13.521ms
04-13 01:09:25.920 10967 10985 I native-activity: Swap 120 time is 33.925ms
04-13 01:09:25.920 10967 10985 I native-activity: Animating
04-13 01:09:25.934 10967 10985 I native-activity: Frame 121 GL error is 0x0
04-13 01:09:25.934 10967 10985 I native-activity: Frame 121 time is 14.317ms
04-13 01:09:25.955 10967 10985 I native-activity: Swap 121 time is 34.782ms
04-13 01:09:25.955 10967 10985 I native-activity: Animating
04-13 01:09:25.968 10967 10985 I native-activity: Frame 122 GL error is 0x0
04-13 01:09:25.968 10967 10985 I native-activity: Frame 122 time is 13.091ms
04-13 01:09:25.987 10967 10985 I native-activity: Swap 122 time is 32.333ms
04-13 01:09:25.987 10967 10985 I native-activity: Animating
04-13 01:09:25.996   962  1726 D ActivityManager: single user service: com.amazon.kindle.cms
04-13 01:09:25.998   962  1726 D ActivityManager: app = com.amazon.kindle.cms, has single user service, setting process record.
04-13 01:09:26.000 10967 10985 I native-activity: Frame 123 GL error is 0x0
04-13 01:09:26.000 10967 10985 I native-activity: Frame 123 time is 12.717ms
04-13 01:09:26.020 10967 10985 I native-activity: Swap 123 time is 32.256ms
04-13 01:09:26.020 10967 10985 I native-activity: Animating
04-13 01:09:26.034 10967 10985 I native-activity: Frame 124 GL error is 0x0
04-13 01:09:26.034 10967 10985 I native-activity: Frame 124 time is 13.700ms
04-13 01:09:26.053   962  1716 W AccountManagerService: insertAccountIntoDatabase: Account {name=default_account, type=com.amazon.firelauncher.account}, skipping since the account already exists
04-13 01:09:26.053 10967 10985 I native-activity: Swap 124 time is 32.942ms
04-13 01:09:26.053 10967 10985 I native-activity: Animating
04-13 01:09:26.061   962  5168 W AccountManagerService: insertAccountIntoDatabase: Account {name=default_account, type=com.amazon.firelauncher.account}, skipping since the account already exists
04-13 01:09:26.066 10967 10985 I native-activity: Frame 125 GL error is 0x0
04-13 01:09:26.066 10967 10985 I native-activity: Frame 125 time is 13.531ms
04-13 01:09:26.068   962  1940 W AccountManagerService: insertAccountIntoDatabase: Account {name=default_account, type=com.amazon.firelauncher.account}, skipping since the account already exists
04-13 01:09:26.080   962  5168 W AccountManagerService: insertAccountIntoDatabase: Account {name=default_account, type=com.amazon.firelauncher.account}, skipping since the account already exists
04-13 01:09:26.087 10967 10985 I native-activity: Swap 125 time is 34.121ms
04-13 01:09:26.087 10967 10985 I native-activity: Animating
04-13 01:09:26.098   962  5334 W AccountManagerService: insertAccountIntoDatabase: Account {name=default_account, type=com.amazon.firelauncher.account}, skipping since the account already exists
04-13 01:09:26.101 10967 10985 I native-activity: Frame 126 GL error is 0x0
04-13 01:09:26.101 10967 10985 I native-activity: Frame 126 time is 14.202ms
04-13 01:09:26.117   962  1011 D ActivityManager: single user service: com.amazon.kindle.cms
04-13 01:09:26.120   962  1011 D ActivityManager: app = com.amazon.kindle.cms, has single user service, setting process record.
04-13 01:09:26.122 10967 10985 I native-activity: Swap 126 time is 34.703ms
04-13 01:09:26.122 10967 10985 I native-activity: Animating
04-13 01:09:26.123   962  1723 W AccountManagerService: insertAccountIntoDatabase: Account {name=default_account, type=com.amazon.firelauncher.account}, skipping since the account already exists
04-13 01:09:26.138 10967 10985 I native-activity: Frame 127 GL error is 0x0
04-13 01:09:26.138 10967 10985 I native-activity: Frame 127 time is 15.585ms
04-13 01:09:26.148   962  1726 W AccountManagerService: insertAccountIntoDatabase: Account {name=default_account, type=com.amazon.firelauncher.account}, skipping since the account already exists
04-13 01:09:26.154   962  1011 W AccountManagerService: insertAccountIntoDatabase: Account {name=default_account, type=com.amazon.firelauncher.account}, skipping since the account already exists
04-13 01:09:26.157 10967 10985 I native-activity: Swap 127 time is 34.631ms
04-13 01:09:26.157 10967 10985 I native-activity: Animating
04-13 01:09:26.162   962  3494 W AccountManagerService: insertAccountIntoDatabase: Account {name=default_account, type=com.amazon.firelauncher.account}, skipping since the account already exists
04-13 01:09:26.173 10967 10985 I native-activity: Frame 128 GL error is 0x0
04-13 01:09:26.173 10967 10985 I native-activity: Frame 128 time is 15.690ms
04-13 01:09:26.191 10967 10985 I native-activity: Swap 128 time is 34.064ms
04-13 01:09:26.191 10967 10985 I native-activity: Animating
04-13 01:09:26.201   962  1240 W AccountManagerService: insertAccountIntoDatabase: Account {name=default_account, type=com.amazon.firelauncher.account}, skipping since the account already exists
04-13 01:09:26.205 10967 10985 I native-activity: Frame 129 GL error is 0x0
04-13 01:09:26.205 10967 10985 I native-activity: Frame 129 time is 13.728ms
04-13 01:09:26.222   962  1245 W AccountManagerService: insertAccountIntoDatabase: Account {name=default_account, type=com.amazon.firelauncher.account}, skipping since the account already exists
04-13 01:09:26.224 10967 10985 I native-activity: Swap 129 time is 32.697ms
04-13 01:09:26.224 10967 10985 I native-activity: Animating
04-13 01:09:26.237   962   977 W AccountManagerService: insertAccountIntoDatabase: Account {name=default_account, type=com.amazon.firelauncher.account}, skipping since the account already exists
04-13 01:09:26.239 10967 10985 I native-activity: Frame 130 GL error is 0x0
04-13 01:09:26.239 10967 10985 I native-activity: Frame 130 time is 14.570ms
04-13 01:09:26.258 10967 10985 I native-activity: Swap 130 time is 34.258ms
04-13 01:09:26.259 10967 10985 I native-activity: Animating
04-13 01:09:26.271 10967 10985 I native-activity: Frame 131 GL error is 0x0
04-13 01:09:26.271 10967 10985 I native-activity: Frame 131 time is 12.792ms
04-13 01:09:26.290 10967 10985 I native-activity: Swap 131 time is 31.699ms
04-13 01:09:26.291 10967 10985 I native-activity: Animating
04-13 01:09:26.304 10967 10985 I native-activity: Frame 132 GL error is 0x0
04-13 01:09:26.304 10967 10985 I native-activity: Frame 132 time is 13.086ms
04-13 01:09:26.323   962  1716 W AccountManagerService: insertAccountIntoDatabase: Account {name=default_account, type=com.amazon.firelauncher.account}, skipping since the account already exists
04-13 01:09:26.324 10967 10985 I native-activity: Swap 132 time is 33.275ms
04-13 01:09:26.324 10967 10985 I native-activity: Animating
04-13 01:09:26.329   962  1940 W AccountManagerService: insertAccountIntoDatabase: Account {name=default_account, type=com.amazon.firelauncher.account}, skipping since the account already exists
04-13 01:09:26.332   962  1245 W AccountManagerService: insertAccountIntoDatabase: Account {name=default_account, type=com.amazon.firelauncher.account}, skipping since the account already exists
04-13 01:09:26.334   962  1030 D ConnectivityService: updateNetworkScore for NetworkAgentInfo [WIFI () - 111] to 60
04-13 01:09:26.334   962  1030 D ConnectivityService: rematching NetworkAgentInfo [WIFI () - 111]
04-13 01:09:26.334   962  1030 D ConnectivityService: Network NetworkAgentInfo [WIFI () - 111] was already satisfying request 1. No change.
04-13 01:09:26.334   962  1030 D ConnectivityService: notifyType AVAILABLE for NetworkAgentInfo [WIFI () - 111]
04-13 01:09:26.341 10967 10985 I native-activity: Frame 133 GL error is 0x0
04-13 01:09:26.341 10967 10985 I native-activity: Frame 133 time is 16.648ms
04-13 01:09:26.358 10967 10985 I native-activity: Swap 133 time is 33.625ms
04-13 01:09:26.358 10967 10985 I native-activity: Animating
04-13 01:09:26.371 10967 10985 I native-activity: Frame 134 GL error is 0x0
04-13 01:09:26.371 10967 10985 I native-activity: Frame 134 time is 13.302ms
04-13 01:09:26.384   962  1716 W AccountManagerService: insertAccountIntoDatabase: Account {name=default_account, type=com.amazon.firelauncher.account}, skipping since the account already exists
04-13 01:09:26.390   962  5335 W AccountManagerService: insertAccountIntoDatabase: Account {name=default_account, type=com.amazon.firelauncher.account}, skipping since the account already exists
04-13 01:09:26.391   962   977 W AccountManagerService: insertAccountIntoDatabase: Account {name=default_account, type=com.amazon.firelauncher.account}, skipping since the account already exists
04-13 01:09:26.404 10967 10985 I native-activity: Swap 134 time is 46.158ms
04-13 01:09:26.404 10967 10985 I native-activity: Animating
04-13 01:09:26.405 10967 10985 I native-activity: Frame 135 GL error is 0x0
04-13 01:09:26.405 10967 10985 I native-activity: Frame 135 time is 0.550ms
04-13 01:09:26.420   962  1723 W AccountManagerService: insertAccountIntoDatabase: Account {name=default_account, type=com.amazon.firelauncher.account}, skipping since the account already exists
04-13 01:09:26.422 10967 10985 I native-activity: Swap 135 time is 18.269ms
04-13 01:09:26.422 10967 10985 I native-activity: Animating
04-13 01:09:26.435 10967 10985 I native-activity: Frame 136 GL error is 0x0
04-13 01:09:26.435 10967 10985 I native-activity: Frame 136 time is 12.888ms
04-13 01:09:26.438   962  1240 W AccountManagerService: insertAccountIntoDatabase: Account {name=default_account, type=com.amazon.firelauncher.account}, skipping since the account already exists
04-13 01:09:26.455 10967 10985 I native-activity: Swap 136 time is 32.441ms
04-13 01:09:26.455 10967 10985 I native-activity: Animating
04-13 01:09:26.459   962  5334 W AccountManagerService: insertAccountIntoDatabase: Account {name=default_account, type=com.amazon.firelauncher.account}, skipping since the account already exists
04-13 01:09:26.469 10967 10985 I native-activity: Frame 137 GL error is 0x0
04-13 01:09:26.469 10967 10985 I native-activity: Frame 137 time is 14.016ms
04-13 01:09:26.472   962  3494 W AccountManagerService: insertAccountIntoDatabase: Account {name=default_account, type=com.amazon.firelauncher.account}, skipping since the account already exists
04-13 01:09:26.467    93    93 I Kernel  : [ 3485.063970] (3)[93:irq/258-inv_irq]inv_mpu_iio: inv_read_fifo: Received Sensor Interrupt to read FIFO and Fifo_count is 6
04-13 01:09:26.489 10967 10985 I native-activity: Swap 137 time is 33.532ms
04-13 01:09:26.489 10967 10985 I native-activity: Animating
04-13 01:09:26.503 10967 10985 I native-activity: Frame 138 GL error is 0x0
04-13 01:09:26.503 10967 10985 I native-activity: Frame 138 time is 14.104ms
04-13 01:09:26.522 10967 10985 I native-activity: Swap 138 time is 33.494ms
04-13 01:09:26.522 10967 10985 I native-activity: Animating
04-13 01:09:26.536 10967 10985 I native-activity: Frame 139 GL error is 0x0
04-13 01:09:26.536 10967 10985 I native-activity: Frame 139 time is 13.254ms
04-13 01:09:26.554 10967 10985 I native-activity: Swap 139 time is 32.126ms
04-13 01:09:26.555 10967 10985 I native-activity: Animating
04-13 01:09:26.566 10967 10985 I native-activity: Frame 140 GL error is 0x0
04-13 01:09:26.566 10967 10985 I native-activity: Frame 140 time is 11.580ms
04-13 01:09:26.586 10967 10985 I native-activity: Swap 140 time is 30.971ms
04-13 01:09:26.586 10967 10985 I native-activity: Animating
04-13 01:09:26.598 10967 10985 I native-activity: Frame 141 GL error is 0x0
04-13 01:09:26.599 10967 10985 I native-activity: Frame 141 time is 12.765ms
04-13 01:09:26.616 10967 10985 I native-activity: Swap 141 time is 30.330ms
04-13 01:09:26.616 10967 10985 I native-activity: Animating
04-13 01:09:26.629 10967 10985 I native-activity: Frame 142 GL error is 0x0
04-13 01:09:26.629 10967 10985 I native-activity: Frame 142 time is 12.923ms
04-13 01:09:26.647 10967 10985 I native-activity: Swap 142 time is 30.511ms
04-13 01:09:26.647 10967 10985 I native-activity: Animating
04-13 01:09:26.653   962   977 D WifiService: releaseWifiLockLocked: WifiLock{com.amazon.dcp.framework.iuc.ConnectionEstablisherWithConnectivityEnforcement type=1 binder=android.os.BinderProxy@f05ebf6}
04-13 01:09:26.661 10967 10985 I native-activity: Frame 143 GL error is 0x0
04-13 01:09:26.661 10967 10985 I native-activity: Frame 143 time is 14.022ms
04-13 01:09:26.678 10967 10985 I native-activity: Swap 143 time is 30.755ms
04-13 01:09:26.678 10967 10985 I native-activity: Animating
04-13 01:09:26.691 10967 10985 I native-activity: Frame 144 GL error is 0x0
04-13 01:09:26.691 10967 10985 I native-activity: Frame 144 time is 12.922ms
04-13 01:09:26.709 10967 10985 I native-activity: Swap 144 time is 30.944ms
04-13 01:09:26.709 10967 10985 I native-activity: Animating
04-13 01:09:26.722 10967 10985 I native-activity: Frame 145 GL error is 0x0
04-13 01:09:26.722 10967 10985 I native-activity: Frame 145 time is 12.592ms
04-13 01:09:26.740 10967 10985 I native-activity: Swap 145 time is 31.138ms
04-13 01:09:26.741 10967 10985 I native-activity: Animating
04-13 01:09:26.754 10967 10985 I native-activity: Frame 146 GL error is 0x0
04-13 01:09:26.754 10967 10985 I native-activity: Frame 146 time is 13.514ms
04-13 01:09:26.773 10967 10985 I native-activity: Swap 146 time is 31.981ms
04-13 01:09:26.773 10967 10985 I native-activity: Animating
04-13 01:09:26.787 10967 10985 I native-activity: Frame 147 GL error is 0x0
04-13 01:09:26.787 10967 10985 I native-activity: Frame 147 time is 14.551ms
04-13 01:09:26.804 10967 10985 I native-activity: Swap 147 time is 31.168ms
04-13 01:09:26.804 10967 10985 I native-activity: Animating
04-13 01:09:26.816 10967 10985 I native-activity: Frame 148 GL error is 0x0
04-13 01:09:26.816 10967 10985 I native-activity: Frame 148 time is 11.901ms
04-13 01:09:26.835 10967 10985 I native-activity: Swap 148 time is 30.936ms
04-13 01:09:26.835 10967 10985 I native-activity: Animating
04-13 01:09:26.847 10967 10985 I native-activity: Frame 149 GL error is 0x0
04-13 01:09:26.848 10967 10985 I native-activity: Frame 149 time is 12.394ms
04-13 01:09:26.857   962  1716 D WifiService: acquireWifiLockLocked: WifiLock{com.amazon.dcp.framework.iuc.ConnectionEstablisherWithConnectivityEnforcement type=1 binder=android.os.BinderProxy@1cd8b4cf}
04-13 01:09:26.867 10967 10985 I native-activity: Swap 149 time is 31.489ms
04-13 01:09:26.867 10967 10985 I native-activity: Animating
04-13 01:09:26.872   962  1940 D ActivityManager: single user service: com.amazon.imp
04-13 01:09:26.873   962  1940 D ActivityManager: app = com.amazon.imp, has single user service, setting process record.
04-13 01:09:26.881 10967 10985 I native-activity: Frame 150 GL error is 0x0
04-13 01:09:26.881 10967 10985 I native-activity: Frame 150 time is 13.906ms
04-13 01:09:26.899 10967 10985 I native-activity: Swap 150 time is 32.193ms
04-13 01:09:26.899 10967 10985 I native-activity: Animating
04-13 01:09:26.911 10967 10985 I native-activity: Frame 151 GL error is 0x0
04-13 01:09:26.912 10967 10985 I native-activity: Frame 151 time is 12.359ms
04-13 01:09:26.931 10967 10985 I native-activity: Swap 151 time is 31.368ms
04-13 01:09:26.931 10967 10985 I native-activity: Animating
04-13 01:09:26.942 10967 10985 I native-activity: Frame 152 GL error is 0x0
04-13 01:09:26.942 10967 10985 I native-activity: Frame 152 time is 11.678ms
04-13 01:09:26.961 10967 10985 I native-activity: Swap 152 time is 30.563ms
04-13 01:09:26.961 10967 10985 I native-activity: Animating
04-13 01:09:26.957   168   168 I Kernel  : [ 3485.556369] (3)[168:healthd]healthd: battery l=96 v=4122 t=24.0 h=2 st=2 chg=u
04-13 01:09:26.973 10967 10985 I native-activity: Frame 153 GL error is 0x0
04-13 01:09:26.973 10967 10985 I native-activity: Frame 153 time is 12.070ms
04-13 01:09:26.992 10967 10985 I native-activity: Swap 153 time is 30.961ms
