--------- beginning of main
04-13 01:08:05.249 10188 10188 D AndroidRuntime: >>>>>> START com.android.internal.os.RuntimeInit uid 2000 <<<<<<
04-13 01:08:05.252 10188 10188 D AndroidRuntime: CheckJNI is OFF
04-13 01:08:05.252 10188 10188 I art     : Skinny Heap Starting Size = 2048KB
04-13 01:08:05.252 10188 10188 I art     : Skinny Heap Growth Limit = 20480KB
04-13 01:08:05.252 10188 10188 I art     : Skinny Heap Min Free = 128KB
04-13 01:08:05.252 10188 10188 I art     : Skinny Heap Max Free = 512KB
04-13 01:08:05.252 10188 10188 I art     : Skinny Heap Target Utilization = 0.9
04-13 01:08:05.327 10188 10188 I HAL     : loaded HAL id=memtrack path=/vendor/lib/hw/memtrack.mt8135.so hmi=0x0 handle=0x41d6a694
04-13 01:08:05.338 10188 10188 I HAL     : loaded HAL id=perfboost path=/system/lib/hw/perfboost.mt8135.so hmi=0x0 handle=0x41d6a934
04-13 01:08:05.362 10188 10188 D AndroidRuntime: Calling main entry com.android.commands.am.Am
04-13 01:08:05.364 10188 10188 D ActivityManager: default service binder = android.os.BinderProxy@13cd9a96
04-13 01:08:05.364 10188 10188 D ActivityManager: default service = android.app.ActivityManagerProxy@39a8b617
--------- beginning of system
04-13 01:08:05.370   962  1240 I ActivityManager: START u0 {act=android.intent.action.MAIN cat=[android.intent.category.LAUNCHER] flg=0x10000000 cmp=com.example.sonicdash_stage1/android.app.NativeActivity (has extras)} from uid 2000 on display 0
04-13 01:08:05.403   962  1240 W ActivityManager: Input dispatching paused for current ActivityRecord: ActivityRecord{14e83a23 u0 com.example.sonicdash_stage1/android.app.NativeActivity t636}
04-13 01:08:05.404   962  1240 V WindowManager: addAppToken: AppWindowToken{2a3afcd9 token=Token{2a99b20 ActivityRecord{14e83a23 u0 com.example.sonicdash_stage1/android.app.NativeActivity t636}}} to stack=1 task=636 at 0
04-13 01:08:05.408   962  1240 D BatteryStatsExtension.VitalEmitterBatteryAndTime: VitalEmitterBatteryAndTime.start(-): not runnable
04-13 01:08:05.427   962   995 V WindowManager: Adding window Window{2c4edeaa u0 Starting com.example.sonicdash_stage1} at 3 of 7 (after Window{2c097509 u0 com.android.settings/com.android.settings.DevelopmentSettings})
04-13 01:08:05.431 10188 10188 D AndroidRuntime: Shutting down VM
04-13 01:08:05.431 10188 10200 E IPCThreadState: talkWithDriver returned result (-9)
04-13 01:08:05.431 10188 10199 E IPCThreadState: talkWithDriver returned result (-9)
04-13 01:08:05.450   263   263 W art     : PreZygoteFork called when we already have a zygote space.
04-13 01:08:05.461 10201 10201 I art     : Late-enabling -Xcheck:jni
04-13 01:08:05.464   962  5168 I ActivityManager: Start proc 10201:com.example.sonicdash_stage1/u0a9 for activity com.example.sonicdash_stage1/android.app.NativeActivity
--------- beginning of metrics
04-13 01:08:05.474   962  1016 I LoggerMetricsFactoryImpl: PhoneWindowManager:ActivityChanged:com.example.sonicdash_stage1=1.0;CT;1:NR
--------- beginning of vitals
04-13 01:08:05.474   962  1016 I Vlog    : ScreenTime:PackageScreenTime:fgtracking=false;DV;1,key=com.amazon.firelauncher;DV;1,Timer=0.0016144444444444444;TI;1,unit=hours;DV;1:HI
04-13 01:08:05.474   962  1016 I LoggerMetricsFactoryImpl: PhoneWindowManager:ScreenTime:endTimeMs=1.492070885474E12;TI;1,startTimeMs=1.492070879662E12;TI;1,com.amazon.firelauncher=5812.0;TI;1:NR
04-13 01:08:05.474   962  1016 I LoggerMetricsFactoryImpl: ScreenTime:updateLRUListLocked:page-type=KindleFramework;CK;1,hitType=deviceAction;CK;1,team-name=KindleFramework;CK;1,site_variant=KindleApplication;CK;1,page-action=fgEnd;CK;1,sub-page-type=com.amazon.firelauncher;CK;1,RequestId=27374382A44F92B29EAC;DV;1:NA
04-13 01:08:05.475   962  1016 I LoggerMetricsFactoryImpl: ScreenTime:updateLRUListLocked:page-type=KindleFramework;CK;1,hitType=deviceAction;CK;1,team-name=KindleFramework;CK;1,site_variant=KindleApplication;CK;1,page-action=fgStart;CK;1,sub-page-type=com.example.sonicdash_stage1;CK;1,RequestId=3FB0445EAE6F8B959705;DV;1:NA
04-13 01:08:05.491   263   263 I art     : Explicit concurrent mark sweep GC freed 8677(368KB) AllocSpace objects, 0(0B) LOS objects, 39% free, 2MB/4MB, paused 212us total 28.147ms
04-13 01:08:05.492 10201 10201 I art     : Turning on check_jni_no_abort for targetSdkVersion 9
04-13 01:08:05.522   263   263 I art     : Explicit concurrent mark sweep GC freed 5(160B) AllocSpace objects, 0(0B) LOS objects, 39% free, 2MB/4MB, paused 243us total 29.090ms
04-13 01:08:05.526 10201 10201 D ActivityManager: default service binder = android.os.BinderProxy@94a397f
04-13 01:08:05.526 10201 10201 D ActivityManager: default service = android.app.ActivityManagerProxy@9595d4c
04-13 01:08:05.544   263   263 I art     : Explicit concurrent mark sweep GC freed 5(160B) AllocSpace objects, 0(0B) LOS objects, 39% free, 2MB/4MB, paused 243us total 20.650ms
04-13 01:08:05.548   962  1795 I PackageRecencyCallback: Queuing notifcation to package: ComponentInfo{com.amazon.kindle.cms/com.amazon.kindle.cms.MaintenanceService$PackageRecencyListener}
04-13 01:08:05.550 10201 10201 D VendorDisplayManagerGlobalCallback: callGetInstance: nil
04-13 01:08:05.551  1728  1728 I Vlog    : performance:SkippedVsyncsBucket2:fgtracking=false;DV;1,key=com.amazon.firelauncher;DV;1,Counter=1.0;CT;1,unit=count;DV;1:HI
04-13 01:08:05.551  1728  1728 I Vlog    : performance:SkippedVsyncsBucket5:fgtracking=false;DV;1,key=com.amazon.firelauncher;DV;1,Counter=1.0;CT;1,unit=count;DV;1:HI
04-13 01:08:05.551  1728  1728 I Vlog    : performance:FrameDropTotal:fgtracking=false;DV;1,key=com.amazon.firelauncher;DV;1,Counter=2.0;CT;1,unit=count;DV;1:HI
04-13 01:08:05.551  1728  1728 I Vlog    : performance:FramesTotal:fgtracking=false;DV;1,key=com.amazon.firelauncher;DV;1,Counter=13.0;CT;1,unit=count;DV;1:HI
04-13 01:08:05.551  1728  1728 I Vlog    : performance:FirstFramesTotal:fgtracking=false;DV;1,key=com.amazon.firelauncher;DV;1,Counter=2.0;CT;1,unit=count;DV;1:HI
04-13 01:08:05.592 10201 10201 E VendorContextExt: Failed to register system service "com.amazon.client.metrics.AndroidMetricsFactoryImpl". The class was not found for the provided classloader.
04-13 01:08:05.595 10201 10201 D ProfileManager: Create ProfileManager instance
04-13 01:08:05.610 10201 10201 I FrameworkJumpTable: Successfully loaded all classes
04-13 01:08:05.619 10201 10201 I FrameworkJumpTable: Successfully loaded all methods
04-13 01:08:05.619 10201 10201 I FrameworkJumpTable: Successfully loaded all fields
04-13 01:08:05.626   962   977 I ActivityManager: Killing 9515:com.amazon.kindle.rdmdeviceadmin/u0a22069 (adj 12): empty #13
04-13 01:08:05.654 10201 10201 V threaded_app: Creating: 0x42b936c8
04-13 01:08:05.656 10201 10220 V threaded_app: Config: mcc=0 mnc=0 lang=en cnt=US orien=2 touch=3 dens=213 keys=1 nav=1 keysHid=3 navHid=0 sdk=22 size=3 long=1 modetype=1 modenight=1
04-13 01:08:05.656 10201 10220 I native-activity: Starting android_main
04-13 01:08:05.656 10201 10220 I native-activity:   Activity 0x42b936c8
04-13 01:08:05.656 10201 10220 I native-activity:   VM 0x450ebb80
04-13 01:08:05.656 10201 10220 I native-activity:   JNIEnv 0x4527e3e8
04-13 01:08:05.656 10201 10220 D native-activity: Changing permissions for the internal storage at /data/data/com.example.sonicdash_stage1/files
04-13 01:08:05.656 10201 10220 I native-activity: Attaching entry point thread to JNIEnv
04-13 01:08:05.657 10201 10220 I native-activity: Loading activity configuration
04-13 01:08:05.657 10201 10220 V native-activity: get_boolean_extra for *env 0x4214cd60 intent 0x100005 extra_name egl_swap_preserve_bit
04-13 01:08:05.657 10201 10220 V native-activity: get_boolean_extra for *env 0x4214cd60 intent 0x100005 extra_name egl_window_bit
04-13 01:08:05.657 10201 10220 V native-activity: get_boolean_extra for *env 0x4214cd60 intent 0x100005 extra_name egl_pbuffer_bit
04-13 01:08:05.657 10201 10220 V native-activity: get_boolean_extra for *env 0x4214cd60 intent 0x100005 extra_name gl_enable_dither
04-13 01:08:05.657 10201 10220 V native-activity: get_boolean_extra for *env 0x4214cd60 intent 0x100005 extra_name gl_disable_dither
04-13 01:08:05.658 10201 10220 V native-activity: get_boolean_extra for *env 0x4214cd60 intent 0x100005 extra_name gl_log_context
04-13 01:08:05.658 10201 10220 V native-activity: get_boolean_extra for *env 0x4214cd60 intent 0x100005 extra_name stop_motion
04-13 01:08:05.658 10201 10220 V native-activity: get_boolean_extra for *env 0x4214cd60 intent 0x100005 extra_name capture_compressed
04-13 01:08:05.658 10201 10220 I native-activity: EGL configuration
04-13 01:08:05.658 10201 10220 I native-activity: 	egl_swap_preserve_bit: 0
04-13 01:08:05.658 10201 10220 I native-activity: 	egl_window_bit: 1
04-13 01:08:05.658 10201 10220 I native-activity: 	egl_pbuffer_bit: 0
04-13 01:08:05.658 10201 10220 I native-activity: 	egl_width: 720
04-13 01:08:05.658 10201 10220 I native-activity: 	egl_height: 1280
04-13 01:08:05.658 10201 10220 I native-activity: 	egl_red_size: 8
04-13 01:08:05.658 10201 10220 I native-activity: 	egl_green_size: 8
04-13 01:08:05.658 10201 10220 I native-activity: 	egl_blue_size: 8
04-13 01:08:05.658 10201 10220 I native-activity: 	egl_alpha_size: 8
04-13 01:08:05.658 10201 10220 I native-activity: 	egl_depth_size: 16
04-13 01:08:05.658 10201 10220 I native-activity: 	egl_stencil_size: -1
04-13 01:08:05.658 10201 10220 I native-activity: 	egl_swapbuffers_sync: 0
04-13 01:08:05.658 10201 10220 I native-activity: GL configuration
04-13 01:08:05.658 10201 10220 I native-activity: 	gl_enable_dither: 0
04-13 01:08:05.658 10201 10220 I native-activity: 	gl_disable_dither: 0
04-13 01:08:05.658 10201 10220 I native-activity: 	gl_get_error: 1
04-13 01:08:05.658 10201 10220 I native-activity: 	gl_log_context: 1
04-13 01:08:05.658 10201 10220 I native-activity: Runtime configuration
04-13 01:08:05.658 10201 10220 I native-activity: 	draw_limit:        0
04-13 01:08:05.658 10201 10220 I native-activity: 	frame_limit:       0
04-13 01:08:05.658 10201 10220 I native-activity: 	stop_motion:       0
04-13 01:08:05.658 10201 10220 I native-activity: 	capture_frequency: 0
04-13 01:08:05.658 10201 10220 I native-activity: 	capture_compressed: 1
04-13 01:08:05.736 10201 10201 V threaded_app: Start: 0x42b936c8
04-13 01:08:05.737 10201 10220 V threaded_app: activityState=10
04-13 01:08:05.737 10201 10201 V threaded_app: Resume: 0x42b936c8
04-13 01:08:05.737 10201 10220 V threaded_app: activityState=11
04-13 01:08:05.740  1646  1646 I Vlog    : PfxPrecog:WarmvCold:fgtracking=false;DV;1,key=cold;DV;1,Counter=1.000000;CT;1,unit=null;DV;1,metadata=mode:active;DV;1:HI
04-13 01:08:05.740  1646  1646 I Vlog    : PfxPrecog:WarmvCold:fgtracking=false;DV;1,key=cold;DV;1,Counter=1.000000;CT;1,unit=null;DV;1,metadata=pkg:com.example.sonicdash_stage1;DV;1:HI
--------- beginning of kernel
04-13 01:08:05.747   168   168 I Kernel  : [ 3404.340741] (1)[168:healthd]healthd: battery l=96 v=4127 t=23.0 h=2 st=2 chg=u
04-13 01:08:05.761   962  5335 V WindowManager: Adding window Window{26009902 u0 com.example.sonicdash_stage1/android.app.NativeActivity} at 3 of 8 (before Window{2c4edeaa u0 Starting com.example.sonicdash_stage1})
04-13 01:08:05.762 10201 10201 V threaded_app: InputQueueCreated: 0x42b936c8 -- 0x42b9d668
04-13 01:08:05.762 10201 10220 V threaded_app: APP_CMD_INPUT_CHANGED
04-13 01:08:05.762 10201 10220 V threaded_app: Attaching input queue to looper
04-13 01:08:05.795 10201 10201 V threaded_app: NativeWindowCreated: 0x42b936c8 -- 0x5367aa28
04-13 01:08:05.795 10201 10220 V threaded_app: APP_CMD_INIT_WINDOW
04-13 01:08:05.798 10201 10201 V threaded_app: WindowFocusChanged: 0x42b936c8 -- 1
04-13 01:08:05.805 10201 10220 I HAL     : loaded HAL id=hwcomposer path=/system/lib/hw/hwcomposer.mt8135.so hmi=0x0 handle=0x46a35004
04-13 01:08:05.807 10201 10220 I HAL     : loaded HAL id=gralloc path=/vendor/lib/hw/gralloc.mt8135.so hmi=0x0 handle=0x4c246e74
04-13 01:08:05.814   962   995 I Vlog    : Fluidity:cold_launch_time:fgtracking=false;DV;1,key=com.example.sonicdash_stage1/android.app.NativeActivity;DV;1,Timer=383.0;TI;1,unit=ms;DV;1:HI
04-13 01:08:05.814   962   995 I ActivityManager: Displayed com.example.sonicdash_stage1/android.app.NativeActivity: +383ms
04-13 01:08:05.807    93    93 I Kernel  : [ 3404.406382] (2)[93:irq/258-inv_irq]inv_mpu_iio: inv_read_fifo: Received Sensor Interrupt to read FIFO and Fifo_count is 6
04-13 01:08:05.818 10201 10220 I native-activity: EGL information on display 0x1
04-13 01:08:05.818 10201 10220 I native-activity: 		EGL_VENDOR: Android
04-13 01:08:05.818 10201 10220 I native-activity: 		EGL_VERSION: 1.4 Android META-EGL
04-13 01:08:05.818 10201 10220 I native-activity: 		EGL_CLIENT_APIS: OpenGL_ES
04-13 01:08:05.818 10201 10220 I native-activity: 		EGL_EXTENSIONS: EGL_KHR_get_all_proc_addresses EGL_ANDROID_presentation_time EGL_KHR_image EGL_KHR_image_base EGL_KHR_gl_texture_2D_image EGL_KHR_gl_texture_cubemap_image EGL_KHR_gl_renderbuffer_image EGL_KHR_fence_sync EGL_KHR_create_context EGL_EXT_create_context_robustness EGL_ANDROID_image_native_buffer EGL_KHR_wait_sync EGL_ANDROID_recordable 
04-13 01:08:05.818 10201 10220 D native-activity: EGL configurations 44
04-13 01:08:05.818 10201 10220 D native-activity: 	Config 0x1 index 0
04-13 01:08:05.818 10201 10220 V native-activity: 		EGL_CONFIG_ID: 1
04-13 01:08:05.818 10201 10220 V native-activity: 		EGL_CONFORMANT: 1 EGL_OPENGL_ES_BIT,
04-13 01:08:05.819 10201 10220 V native-activity: 		EGL_CONFIG_CAVEAT: 12344 EGL_NONE,
04-13 01:08:05.819 10201 10220 V native-activity: 		EGL_RENDERABLE_TYPE: 1 EGL_OPENGL_ES_BIT,
04-13 01:08:05.819 10201 10220 V native-activity: 		EGL_SURFACE_TYPE: 5 EGL_PBUFFER_BIT, EGL_WINDOW_BIT,
04-13 01:08:05.819 10201 10220 V native-activity: 		EGL_LEVEL: 0
04-13 01:08:05.819 10201 10220 V native-activity: 		EGL_COLOR_BUFFER_TYPE: 12430 EGL_RGB_BUFFER,
04-13 01:08:05.819 10201 10220 V native-activity: 		EGL_BUFFER_SIZE: 32
04-13 01:08:05.819 10201 10220 V native-activity: 		EGL_SAMPLES: 0
04-13 01:08:05.819 10201 10220 V native-activity: 		EGL_SAMPLE_BUFFERS: 0
04-13 01:08:05.819 10201 10220 V native-activity: 		EGL_RED_SIZE: 8
04-13 01:08:05.819 10201 10220 V native-activity: 		EGL_GREEN_SIZE: 8
04-13 01:08:05.819 10201 10220 V native-activity: 		EGL_BLUE_SIZE: 8
04-13 01:08:05.819 10201 10220 V native-activity: 		EGL_ALPHA_SIZE: 8
04-13 01:08:05.819 10201 10220 V native-activity: 		EGL_ALPHA_MASK_SIZE: 0
04-13 01:08:05.819 10201 10220 V native-activity: 		EGL_LUMINANCE_SIZE: 0
04-13 01:08:05.819 10201 10220 V native-activity: 		EGL_TRANSPARENT_TYPE: 12344 EGL_NONE,
04-13 01:08:05.819 10201 10220 V native-activity: 		EGL_TRANSPARENT_RED_VALUE: 0
04-13 01:08:05.819 10201 10220 V native-activity: 		EGL_TRANSPARENT_GREEN_VALUE: 0
04-13 01:08:05.819 10201 10220 V native-activity: 		EGL_TRANSPARENT_BLUE_VALUE: 0
04-13 01:08:05.819 10201 10220 V native-activity: 		EGL_STENCIL_SIZE: 8
04-13 01:08:05.819 10201 10220 V native-activity: 		EGL_DEPTH_SIZE: 24
04-13 01:08:05.819 10201 10220 V native-activity: 		EGL_BIND_TO_TEXTURE_RGB: 1
04-13 01:08:05.819 10201 10220 V native-activity: 		EGL_BIND_TO_TEXTURE_RGBA: 1
04-13 01:08:05.819 10201 10220 V native-activity: 		EGL_MIN_SWAP_INTERVAL: 0
04-13 01:08:05.819 10201 10220 V native-activity: 		EGL_MAX_SWAP_INTERVAL: 5
04-13 01:08:05.819 10201 10220 V native-activity: 		EGL_MAX_PBUFFER_WIDTH: 4096
04-13 01:08:05.819 10201 10220 V native-activity: 		EGL_MAX_PBUFFER_HEIGHT: 4096
04-13 01:08:05.819 10201 10220 D native-activity: 	Config 0x2 index 1
04-13 01:08:05.819 10201 10220 V native-activity: 		EGL_CONFIG_ID: 2
04-13 01:08:05.819 10201 10220 V native-activity: 		EGL_CONFORMANT: 1 EGL_OPENGL_ES_BIT,
04-13 01:08:05.819 10201 10220 V native-activity: 		EGL_CONFIG_CAVEAT: 12344 EGL_NONE,
04-13 01:08:05.819 10201 10220 V native-activity: 		EGL_RENDERABLE_TYPE: 1 EGL_OPENGL_ES_BIT,
04-13 01:08:05.819 10201 10220 V native-activity: 		EGL_SURFACE_TYPE: 5 EGL_PBUFFER_BIT, EGL_WINDOW_BIT,
04-13 01:08:05.819 10201 10220 V native-activity: 		EGL_LEVEL: 0
04-13 01:08:05.819 10201 10220 V native-activity: 		EGL_COLOR_BUFFER_TYPE: 12430 EGL_RGB_BUFFER,
04-13 01:08:05.819 10201 10220 V native-activity: 		EGL_BUFFER_SIZE: 32
04-13 01:08:05.819 10201 10220 V native-activity: 		EGL_SAMPLES: 0
04-13 01:08:05.819 10201 10220 V native-activity: 		EGL_SAMPLE_BUFFERS: 0
04-13 01:08:05.819 10201 10220 V native-activity: 		EGL_RED_SIZE: 8
04-13 01:08:05.819 10201 10220 V native-activity: 		EGL_GREEN_SIZE: 8
04-13 01:08:05.819 10201 10220 V native-activity: 		EGL_BLUE_SIZE: 8
04-13 01:08:05.819 10201 10220 V native-activity: 		EGL_ALPHA_SIZE: 8
04-13 01:08:05.819 10201 10220 V native-activity: 		EGL_ALPHA_MASK_SIZE: 0
04-13 01:08:05.819 10201 10220 V native-activity: 		EGL_LUMINANCE_SIZE: 0
04-13 01:08:05.819 10201 10220 V native-activity: 		EGL_TRANSPARENT_TYPE: 12344 EGL_NONE,
04-13 01:08:05.819 10201 10220 V native-activity: 		EGL_TRANSPARENT_RED_VALUE: 0
04-13 01:08:05.819 10201 10220 V native-activity: 		EGL_TRANSPARENT_GREEN_VALUE: 0
04-13 01:08:05.819 10201 10220 V native-activity: 		EGL_TRANSPARENT_BLUE_VALUE: 0
04-13 01:08:05.819 10201 10220 V native-activity: 		EGL_STENCIL_SIZE: 0
04-13 01:08:05.820 10201 10220 V native-activity: 		EGL_DEPTH_SIZE: 0
04-13 01:08:05.820 10201 10220 V native-activity: 		EGL_BIND_TO_TEXTURE_RGB: 1
04-13 01:08:05.820 10201 10220 V native-activity: 		EGL_BIND_TO_TEXTURE_RGBA: 1
04-13 01:08:05.820 10201 10220 V native-activity: 		EGL_MIN_SWAP_INTERVAL: 0
04-13 01:08:05.820 10201 10220 V native-activity: 		EGL_MAX_SWAP_INTERVAL: 5
04-13 01:08:05.820 10201 10220 V native-activity: 		EGL_MAX_PBUFFER_WIDTH: 4096
04-13 01:08:05.820 10201 10220 V native-activity: 		EGL_MAX_PBUFFER_HEIGHT: 4096
04-13 01:08:05.820 10201 10220 D native-activity: 	Config 0x3 index 2
04-13 01:08:05.820 10201 10220 V native-activity: 		EGL_CONFIG_ID: 3
04-13 01:08:05.820 10201 10220 V native-activity: 		EGL_CONFORMANT: 1 EGL_OPENGL_ES_BIT,
04-13 01:08:05.820 10201 10220 V native-activity: 		EGL_CONFIG_CAVEAT: 12344 EGL_NONE,
04-13 01:08:05.820 10201 10220 V native-activity: 		EGL_RENDERABLE_TYPE: 1 EGL_OPENGL_ES_BIT,
04-13 01:08:05.820 10201 10220 V native-activity: 		EGL_SURFACE_TYPE: 5 EGL_PBUFFER_BIT, EGL_WINDOW_BIT,
04-13 01:08:05.820 10201 10220 V native-activity: 		EGL_LEVEL: 0
04-13 01:08:05.820 10201 10220 V native-activity: 		EGL_COLOR_BUFFER_TYPE: 12430 EGL_RGB_BUFFER,
04-13 01:08:05.820 10201 10220 V native-activity: 		EGL_BUFFER_SIZE: 32
04-13 01:08:05.820 10201 10220 V native-activity: 		EGL_SAMPLES: 4
04-13 01:08:05.820 10201 10220 V native-activity: 		EGL_SAMPLE_BUFFERS: 1
04-13 01:08:05.820 10201 10220 V native-activity: 		EGL_RED_SIZE: 8
04-13 01:08:05.832   962  1016 I LoggerMetricsFactoryImpl: PhoneWindowManager:ActivityChanged:com.example.sonicdash_stage1=1.0;CT;1:NR
04-13 01:08:05.820 10201 10220 V native-activity: 		EGL_GREEN_SIZE: 8
04-13 01:08:05.820 10201 10220 V native-activity: 		EGL_BLUE_SIZE: 8
04-13 01:08:05.820 10201 10220 V native-activity: 		EGL_ALPHA_SIZE: 8
04-13 01:08:05.820 10201 10220 V native-activity: 		EGL_ALPHA_MASK_SIZE: 0
04-13 01:08:05.820 10201 10220 V native-activity: 		EGL_LUMINANCE_SIZE: 0
04-13 01:08:05.820 10201 10220 V native-activity: 		EGL_TRANSPARENT_TYPE: 12344 EGL_NONE,
04-13 01:08:05.820 10201 10220 V native-activity: 		EGL_TRANSPARENT_RED_VALUE: 0
04-13 01:08:05.820 10201 10220 V native-activity: 		EGL_TRANSPARENT_GREEN_VALUE: 0
04-13 01:08:05.820 10201 10220 V native-activity: 		EGL_TRANSPARENT_BLUE_VALUE: 0
04-13 01:08:05.820 10201 10220 V native-activity: 		EGL_STENCIL_SIZE: 8
04-13 01:08:05.820 10201 10220 V native-activity: 		EGL_DEPTH_SIZE: 24
04-13 01:08:05.820 10201 10220 V native-activity: 		EGL_BIND_TO_TEXTURE_RGB: 1
04-13 01:08:05.820 10201 10220 V native-activity: 		EGL_BIND_TO_TEXTURE_RGBA: 1
04-13 01:08:05.820 10201 10220 V native-activity: 		EGL_MIN_SWAP_INTERVAL: 0
04-13 01:08:05.820 10201 10220 V native-activity: 		EGL_MAX_SWAP_INTERVAL: 5
04-13 01:08:05.820 10201 10220 V native-activity: 		EGL_MAX_PBUFFER_WIDTH: 4096
04-13 01:08:05.820 10201 10220 V native-activity: 		EGL_MAX_PBUFFER_HEIGHT: 4096
04-13 01:08:05.820 10201 10220 D native-activity: 	Config 0x4 index 3
04-13 01:08:05.820 10201 10220 V native-activity: 		EGL_CONFIG_ID: 4
04-13 01:08:05.820 10201 10220 V native-activity: 		EGL_CONFORMANT: 1 EGL_OPENGL_ES_BIT,
04-13 01:08:05.820 10201 10220 V native-activity: 		EGL_CONFIG_CAVEAT: 12344 EGL_NONE,
04-13 01:08:05.820 10201 10220 V native-activity: 		EGL_RENDERABLE_TYPE: 1 EGL_OPENGL_ES_BIT,
04-13 01:08:05.820 10201 10220 V native-activity: 		EGL_SURFACE_TYPE: 5 EGL_PBUFFER_BIT, EGL_WINDOW_BIT,
04-13 01:08:05.820 10201 10220 V native-activity: 		EGL_LEVEL: 0
04-13 01:08:05.820 10201 10220 V native-activity: 		EGL_COLOR_BUFFER_TYPE: 12430 EGL_RGB_BUFFER,
04-13 01:08:05.821 10201 10220 V native-activity: 		EGL_BUFFER_SIZE: 32
04-13 01:08:05.821 10201 10220 V native-activity: 		EGL_SAMPLES: 0
04-13 01:08:05.821 10201 10220 V native-activity: 		EGL_SAMPLE_BUFFERS: 0
04-13 01:08:05.821 10201 10220 V native-activity: 		EGL_RED_SIZE: 8
04-13 01:08:05.821 10201 10220 V native-activity: 		EGL_GREEN_SIZE: 8
04-13 01:08:05.821 10201 10220 V native-activity: 		EGL_BLUE_SIZE: 8
04-13 01:08:05.821 10201 10220 V native-activity: 		EGL_ALPHA_SIZE: 0
04-13 01:08:05.821 10201 10220 V native-activity: 		EGL_ALPHA_MASK_SIZE: 0
04-13 01:08:05.821 10201 10220 V native-activity: 		EGL_LUMINANCE_SIZE: 0
04-13 01:08:05.821 10201 10220 V native-activity: 		EGL_TRANSPARENT_TYPE: 12344 EGL_NONE,
04-13 01:08:05.821 10201 10220 V native-activity: 		EGL_TRANSPARENT_RED_VALUE: 0
04-13 01:08:05.821 10201 10220 V native-activity: 		EGL_TRANSPARENT_GREEN_VALUE: 0
04-13 01:08:05.821 10201 10220 V native-activity: 		EGL_TRANSPARENT_BLUE_VALUE: 0
04-13 01:08:05.821 10201 10220 V native-activity: 		EGL_STENCIL_SIZE: 8
04-13 01:08:05.821 10201 10220 V native-activity: 		EGL_DEPTH_SIZE: 24
04-13 01:08:05.821 10201 10220 V native-activity: 		EGL_BIND_TO_TEXTURE_RGB: 1
04-13 01:08:05.821 10201 10220 V native-activity: 		EGL_BIND_TO_TEXTURE_RGBA: 0
04-13 01:08:05.821 10201 10220 V native-activity: 		EGL_MIN_SWAP_INTERVAL: 0
04-13 01:08:05.821 10201 10220 V native-activity: 		EGL_MAX_SWAP_INTERVAL: 5
04-13 01:08:05.821 10201 10220 V native-activity: 		EGL_MAX_PBUFFER_WIDTH: 4096
04-13 01:08:05.821 10201 10220 V native-activity: 		EGL_MAX_PBUFFER_HEIGHT: 4096
04-13 01:08:05.821 10201 10220 D native-activity: 	Config 0x5 index 4
04-13 01:08:05.821 10201 10220 V native-activity: 		EGL_CONFIG_ID: 5
04-13 01:08:05.821 10201 10220 V native-activity: 		EGL_CONFORMANT: 1 EGL_OPENGL_ES_BIT,
04-13 01:08:05.821 10201 10220 V native-activity: 		EGL_CONFIG_CAVEAT: 12344 EGL_NONE,
04-13 01:08:05.821 10201 10220 V native-activity: 		EGL_RENDERABLE_TYPE: 1 EGL_OPENGL_ES_BIT,
04-13 01:08:05.821 10201 10220 V native-activity: 		EGL_SURFACE_TYPE: 5 EGL_PBUFFER_BIT, EGL_WINDOW_BIT,
04-13 01:08:05.821 10201 10220 V native-activity: 		EGL_LEVEL: 0
04-13 01:08:05.821 10201 10220 V native-activity: 		EGL_COLOR_BUFFER_TYPE: 12430 EGL_RGB_BUFFER,
04-13 01:08:05.821 10201 10220 V native-activity: 		EGL_BUFFER_SIZE: 32
04-13 01:08:05.821 10201 10220 V native-activity: 		EGL_SAMPLES: 0
04-13 01:08:05.821 10201 10220 V native-activity: 		EGL_SAMPLE_BUFFERS: 0
04-13 01:08:05.821 10201 10220 V native-activity: 		EGL_RED_SIZE: 8
04-13 01:08:05.821 10201 10220 V native-activity: 		EGL_GREEN_SIZE: 8
04-13 01:08:05.821 10201 10220 V native-activity: 		EGL_BLUE_SIZE: 8
04-13 01:08:05.821 10201 10220 V native-activity: 		EGL_ALPHA_SIZE: 0
04-13 01:08:05.821 10201 10220 V native-activity: 		EGL_ALPHA_MASK_SIZE: 0
04-13 01:08:05.821 10201 10220 V native-activity: 		EGL_LUMINANCE_SIZE: 0
04-13 01:08:05.821 10201 10220 V native-activity: 		EGL_TRANSPARENT_TYPE: 12344 EGL_NONE,
04-13 01:08:05.821 10201 10220 V native-activity: 		EGL_TRANSPARENT_RED_VALUE: 0
04-13 01:08:05.821 10201 10220 V native-activity: 		EGL_TRANSPARENT_GREEN_VALUE: 0
04-13 01:08:05.821 10201 10220 V native-activity: 		EGL_TRANSPARENT_BLUE_VALUE: 0
04-13 01:08:05.821 10201 10220 V native-activity: 		EGL_STENCIL_SIZE: 0
04-13 01:08:05.821 10201 10220 V native-activity: 		EGL_DEPTH_SIZE: 0
04-13 01:08:05.821 10201 10220 V native-activity: 		EGL_BIND_TO_TEXTURE_RGB: 1
04-13 01:08:05.821 10201 10220 V native-activity: 		EGL_BIND_TO_TEXTURE_RGBA: 0
04-13 01:08:05.821 10201 10220 V native-activity: 		EGL_MIN_SWAP_INTERVAL: 0
04-13 01:08:05.821 10201 10220 V native-activity: 		EGL_MAX_SWAP_INTERVAL: 5
04-13 01:08:05.821 10201 10220 V native-activity: 		EGL_MAX_PBUFFER_WIDTH: 4096
04-13 01:08:05.821 10201 10220 V native-activity: 		EGL_MAX_PBUFFER_HEIGHT: 4096
04-13 01:08:05.821 10201 10220 D native-activity: 	Config 0x6 index 5
04-13 01:08:05.821 10201 10220 V native-activity: 		EGL_CONFIG_ID: 6
04-13 01:08:05.821 10201 10220 V native-activity: 		EGL_CONFORMANT: 1 EGL_OPENGL_ES_BIT,
04-13 01:08:05.821 10201 10220 V native-activity: 		EGL_CONFIG_CAVEAT: 12344 EGL_NONE,
04-13 01:08:05.821 10201 10220 V native-activity: 		EGL_RENDERABLE_TYPE: 1 EGL_OPENGL_ES_BIT,
04-13 01:08:05.821 10201 10220 V native-activity: 		EGL_SURFACE_TYPE: 5 EGL_PBUFFER_BIT, EGL_WINDOW_BIT,
04-13 01:08:05.821 10201 10220 V native-activity: 		EGL_LEVEL: 0
04-13 01:08:05.821 10201 10220 V native-activity: 		EGL_COLOR_BUFFER_TYPE: 12430 EGL_RGB_BUFFER,
04-13 01:08:05.821 10201 10220 V native-activity: 		EGL_BUFFER_SIZE: 32
04-13 01:08:05.821 10201 10220 V native-activity: 		EGL_SAMPLES: 4
04-13 01:08:05.821 10201 10220 V native-activity: 		EGL_SAMPLE_BUFFERS: 1
04-13 01:08:05.821 10201 10220 V native-activity: 		EGL_RED_SIZE: 8
04-13 01:08:05.821 10201 10220 V native-activity: 		EGL_GREEN_SIZE: 8
04-13 01:08:05.821 10201 10220 V native-activity: 		EGL_BLUE_SIZE: 8
04-13 01:08:05.821 10201 10220 V native-activity: 		EGL_ALPHA_SIZE: 0
04-13 01:08:05.821 10201 10220 V native-activity: 		EGL_ALPHA_MASK_SIZE: 0
04-13 01:08:05.821 10201 10220 V native-activity: 		EGL_LUMINANCE_SIZE: 0
04-13 01:08:05.821 10201 10220 V native-activity: 		EGL_TRANSPARENT_TYPE: 12344 EGL_NONE,
04-13 01:08:05.821 10201 10220 V native-activity: 		EGL_TRANSPARENT_RED_VALUE: 0
04-13 01:08:05.821 10201 10220 V native-activity: 		EGL_TRANSPARENT_GREEN_VALUE: 0
04-13 01:08:05.821 10201 10220 V native-activity: 		EGL_TRANSPARENT_BLUE_VALUE: 0
04-13 01:08:05.821 10201 10220 V native-activity: 		EGL_STENCIL_SIZE: 8
04-13 01:08:05.822 10201 10220 V native-activity: 		EGL_DEPTH_SIZE: 24
04-13 01:08:05.822 10201 10220 V native-activity: 		EGL_BIND_TO_TEXTURE_RGB: 1
04-13 01:08:05.822 10201 10220 V native-activity: 		EGL_BIND_TO_TEXTURE_RGBA: 0
04-13 01:08:05.822 10201 10220 V native-activity: 		EGL_MIN_SWAP_INTERVAL: 0
04-13 01:08:05.822 10201 10220 V native-activity: 		EGL_MAX_SWAP_INTERVAL: 5
04-13 01:08:05.822 10201 10220 V native-activity: 		EGL_MAX_PBUFFER_WIDTH: 4096
04-13 01:08:05.822 10201 10220 V native-activity: 		EGL_MAX_PBUFFER_HEIGHT: 4096
04-13 01:08:05.822 10201 10220 D native-activity: 	Config 0x7 index 6
04-13 01:08:05.822 10201 10220 V native-activity: 		EGL_CONFIG_ID: 7
04-13 01:08:05.822 10201 10220 V native-activity: 		EGL_CONFORMANT: 1 EGL_OPENGL_ES_BIT,
04-13 01:08:05.822 10201 10220 V native-activity: 		EGL_CONFIG_CAVEAT: 12344 EGL_NONE,
04-13 01:08:05.822 10201 10220 V native-activity: 		EGL_RENDERABLE_TYPE: 1 EGL_OPENGL_ES_BIT,
04-13 01:08:05.822 10201 10220 V native-activity: 		EGL_SURFACE_TYPE: 5 EGL_PBUFFER_BIT, EGL_WINDOW_BIT,
04-13 01:08:05.822 10201 10220 V native-activity: 		EGL_LEVEL: 0
04-13 01:08:05.822 10201 10220 V native-activity: 		EGL_COLOR_BUFFER_TYPE: 12430 EGL_RGB_BUFFER,
04-13 01:08:05.822 10201 10220 V native-activity: 		EGL_BUFFER_SIZE: 32
04-13 01:08:05.822 10201 10220 V native-activity: 		EGL_SAMPLES: 0
04-13 01:08:05.822 10201 10220 V native-activity: 		EGL_SAMPLE_BUFFERS: 0
04-13 01:08:05.822 10201 10220 V native-activity: 		EGL_RED_SIZE: 8
04-13 01:08:05.822 10201 10220 V native-activity: 		EGL_GREEN_SIZE: 8
04-13 01:08:05.822 10201 10220 V native-activity: 		EGL_BLUE_SIZE: 8
04-13 01:08:05.822 10201 10220 V native-activity: 		EGL_ALPHA_SIZE: 8
04-13 01:08:05.822 10201 10220 V native-activity: 		EGL_ALPHA_MASK_SIZE: 0
04-13 01:08:05.822 10201 10220 V native-activity: 		EGL_LUMINANCE_SIZE: 0
04-13 01:08:05.822 10201 10220 V native-activity: 		EGL_TRANSPARENT_TYPE: 12344 EGL_NONE,
04-13 01:08:05.822 10201 10220 V native-activity: 		EGL_TRANSPARENT_RED_VALUE: 0
04-13 01:08:05.822 10201 10220 V native-activity: 		EGL_TRANSPARENT_GREEN_VALUE: 0
04-13 01:08:05.822 10201 10220 V native-activity: 		EGL_TRANSPARENT_BLUE_VALUE: 0
04-13 01:08:05.822 10201 10220 V native-activity: 		EGL_STENCIL_SIZE: 8
04-13 01:08:05.822 10201 10220 V native-activity: 		EGL_DEPTH_SIZE: 24
04-13 01:08:05.822 10201 10220 V native-activity: 		EGL_BIND_TO_TEXTURE_RGB: 1
04-13 01:08:05.822 10201 10220 V native-activity: 		EGL_BIND_TO_TEXTURE_RGBA: 1
04-13 01:08:05.822 10201 10220 V native-activity: 		EGL_MIN_SWAP_INTERVAL: 0
04-13 01:08:05.822 10201 10220 V native-activity: 		EGL_MAX_SWAP_INTERVAL: 5
04-13 01:08:05.822 10201 10220 V native-activity: 		EGL_MAX_PBUFFER_WIDTH: 4096
04-13 01:08:05.822 10201 10220 V native-activity: 		EGL_MAX_PBUFFER_HEIGHT: 4096
04-13 01:08:05.822 10201 10220 D native-activity: 	Config 0x8 index 7
04-13 01:08:05.822 10201 10220 V native-activity: 		EGL_CONFIG_ID: 8
04-13 01:08:05.822 10201 10220 V native-activity: 		EGL_CONFORMANT: 1 EGL_OPENGL_ES_BIT,
04-13 01:08:05.822 10201 10220 V native-activity: 		EGL_CONFIG_CAVEAT: 12344 EGL_NONE,
04-13 01:08:05.822 10201 10220 V native-activity: 		EGL_RENDERABLE_TYPE: 1 EGL_OPENGL_ES_BIT,
04-13 01:08:05.822 10201 10220 V native-activity: 		EGL_SURFACE_TYPE: 5 EGL_PBUFFER_BIT, EGL_WINDOW_BIT,
04-13 01:08:05.822 10201 10220 V native-activity: 		EGL_LEVEL: 0
04-13 01:08:05.822 10201 10220 V native-activity: 		EGL_COLOR_BUFFER_TYPE: 12430 EGL_RGB_BUFFER,
04-13 01:08:05.822 10201 10220 V native-activity: 		EGL_BUFFER_SIZE: 32
04-13 01:08:05.822 10201 10220 V native-activity: 		EGL_SAMPLES: 0
04-13 01:08:05.822 10201 10220 V native-activity: 		EGL_SAMPLE_BUFFERS: 0
04-13 01:08:05.822 10201 10220 V native-activity: 		EGL_RED_SIZE: 8
04-13 01:08:05.822 10201 10220 V native-activity: 		EGL_GREEN_SIZE: 8
04-13 01:08:05.822 10201 10220 V native-activity: 		EGL_BLUE_SIZE: 8
04-13 01:08:05.822 10201 10220 V native-activity: 		EGL_ALPHA_SIZE: 8
04-13 01:08:05.822 10201 10220 V native-activity: 		EGL_ALPHA_MASK_SIZE: 0
04-13 01:08:05.822 10201 10220 V native-activity: 		EGL_LUMINANCE_SIZE: 0
04-13 01:08:05.822 10201 10220 V native-activity: 		EGL_TRANSPARENT_TYPE: 12344 EGL_NONE,
04-13 01:08:05.822 10201 10220 V native-activity: 		EGL_TRANSPARENT_RED_VALUE: 0
04-13 01:08:05.822 10201 10220 V native-activity: 		EGL_TRANSPARENT_GREEN_VALUE: 0
04-13 01:08:05.822 10201 10220 V native-activity: 		EGL_TRANSPARENT_BLUE_VALUE: 0
04-13 01:08:05.822 10201 10220 V native-activity: 		EGL_STENCIL_SIZE: 0
04-13 01:08:05.822 10201 10220 V native-activity: 		EGL_DEPTH_SIZE: 0
04-13 01:08:05.822 10201 10220 V native-activity: 		EGL_BIND_TO_TEXTURE_RGB: 1
04-13 01:08:05.822 10201 10220 V native-activity: 		EGL_BIND_TO_TEXTURE_RGBA: 1
04-13 01:08:05.822 10201 10220 V native-activity: 		EGL_MIN_SWAP_INTERVAL: 0
04-13 01:08:05.822 10201 10220 V native-activity: 		EGL_MAX_SWAP_INTERVAL: 5
04-13 01:08:05.822 10201 10220 V native-activity: 		EGL_MAX_PBUFFER_WIDTH: 4096
04-13 01:08:05.822 10201 10220 V native-activity: 		EGL_MAX_PBUFFER_HEIGHT: 4096
04-13 01:08:05.822 10201 10220 D native-activity: 	Config 0x9 index 8
04-13 01:08:05.822 10201 10220 V native-activity: 		EGL_CONFIG_ID: 9
04-13 01:08:05.822 10201 10220 V native-activity: 		EGL_CONFORMANT: 1 EGL_OPENGL_ES_BIT,
04-13 01:08:05.822 10201 10220 V native-activity: 		EGL_CONFIG_CAVEAT: 12344 EGL_NONE,
04-13 01:08:05.822 10201 10220 V native-activity: 		EGL_RENDERABLE_TYPE: 1 EGL_OPENGL_ES_BIT,
04-13 01:08:05.822 10201 10220 V native-activity: 		EGL_SURFACE_TYPE: 5 EGL_PBUFFER_BIT, EGL_WINDOW_BIT,
04-13 01:08:05.822 10201 10220 V native-activity: 		EGL_LEVEL: 0
04-13 01:08:05.822 10201 10220 V native-activity: 		EGL_COLOR_BUFFER_TYPE: 12430 EGL_RGB_BUFFER,
04-13 01:08:05.822 10201 10220 V native-activity: 		EGL_BUFFER_SIZE: 32
04-13 01:08:05.822 10201 10220 V native-activity: 		EGL_SAMPLES: 4
04-13 01:08:05.823 10201 10220 V native-activity: 		EGL_SAMPLE_BUFFERS: 1
04-13 01:08:05.823 10201 10220 V native-activity: 		EGL_RED_SIZE: 8
04-13 01:08:05.823 10201 10220 V native-activity: 		EGL_GREEN_SIZE: 8
04-13 01:08:05.823 10201 10220 V native-activity: 		EGL_BLUE_SIZE: 8
04-13 01:08:05.823 10201 10220 V native-activity: 		EGL_ALPHA_SIZE: 8
04-13 01:08:05.823 10201 10220 V native-activity: 		EGL_ALPHA_MASK_SIZE: 0
04-13 01:08:05.823 10201 10220 V native-activity: 		EGL_LUMINANCE_SIZE: 0
04-13 01:08:05.823 10201 10220 V native-activity: 		EGL_TRANSPARENT_TYPE: 12344 EGL_NONE,
04-13 01:08:05.823 10201 10220 V native-activity: 		EGL_TRANSPARENT_RED_VALUE: 0
04-13 01:08:05.823 10201 10220 V native-activity: 		EGL_TRANSPARENT_GREEN_VALUE: 0
04-13 01:08:05.823 10201 10220 V native-activity: 		EGL_TRANSPARENT_BLUE_VALUE: 0
04-13 01:08:05.823 10201 10220 V native-activity: 		EGL_STENCIL_SIZE: 8
04-13 01:08:05.823 10201 10220 V native-activity: 		EGL_DEPTH_SIZE: 24
04-13 01:08:05.823 10201 10220 V native-activity: 		EGL_BIND_TO_TEXTURE_RGB: 1
04-13 01:08:05.823 10201 10220 V native-activity: 		EGL_BIND_TO_TEXTURE_RGBA: 1
04-13 01:08:05.823 10201 10220 V native-activity: 		EGL_MIN_SWAP_INTERVAL: 0
04-13 01:08:05.823 10201 10220 V native-activity: 		EGL_MAX_SWAP_INTERVAL: 5
04-13 01:08:05.823 10201 10220 V native-activity: 		EGL_MAX_PBUFFER_WIDTH: 4096
04-13 01:08:05.823 10201 10220 V native-activity: 		EGL_MAX_PBUFFER_HEIGHT: 4096
04-13 01:08:05.823 10201 10220 D native-activity: 	Config 0xa index 9
04-13 01:08:05.823 10201 10220 V native-activity: 		EGL_CONFIG_ID: 10
04-13 01:08:05.823 10201 10220 V native-activity: 		EGL_CONFORMANT: 1 EGL_OPENGL_ES_BIT,
04-13 01:08:05.823 10201 10220 V native-activity: 		EGL_CONFIG_CAVEAT: 12344 EGL_NONE,
04-13 01:08:05.823 10201 10220 V native-activity: 		EGL_RENDERABLE_TYPE: 1 EGL_OPENGL_ES_BIT,
04-13 01:08:05.823 10201 10220 V native-activity: 		EGL_SURFACE_TYPE: 5 EGL_PBUFFER_BIT, EGL_WINDOW_BIT,
04-13 01:08:05.823 10201 10220 V native-activity: 		EGL_LEVEL: 0
04-13 01:08:05.823 10201 10220 V native-activity: 		EGL_COLOR_BUFFER_TYPE: 12430 EGL_RGB_BUFFER,
04-13 01:08:05.823 10201 10220 V native-activity: 		EGL_BUFFER_SIZE: 32
04-13 01:08:05.823 10201 10220 V native-activity: 		EGL_SAMPLES: 0
04-13 01:08:05.823 10201 10220 V native-activity: 		EGL_SAMPLE_BUFFERS: 0
04-13 01:08:05.823 10201 10220 V native-activity: 		EGL_RED_SIZE: 8
04-13 01:08:05.823 10201 10220 V native-activity: 		EGL_GREEN_SIZE: 8
04-13 01:08:05.823 10201 10220 V native-activity: 		EGL_BLUE_SIZE: 8
04-13 01:08:05.823 10201 10220 V native-activity: 		EGL_ALPHA_SIZE: 0
04-13 01:08:05.823 10201 10220 V native-activity: 		EGL_ALPHA_MASK_SIZE: 0
04-13 01:08:05.823 10201 10220 V native-activity: 		EGL_LUMINANCE_SIZE: 0
04-13 01:08:05.823 10201 10220 V native-activity: 		EGL_TRANSPARENT_TYPE: 12344 EGL_NONE,
04-13 01:08:05.823 10201 10220 V native-activity: 		EGL_TRANSPARENT_RED_VALUE: 0
04-13 01:08:05.823 10201 10220 V native-activity: 		EGL_TRANSPARENT_GREEN_VALUE: 0
04-13 01:08:05.823 10201 10220 V native-activity: 		EGL_TRANSPARENT_BLUE_VALUE: 0
04-13 01:08:05.823 10201 10220 V native-activity: 		EGL_STENCIL_SIZE: 8
04-13 01:08:05.823 10201 10220 V native-activity: 		EGL_DEPTH_SIZE: 24
04-13 01:08:05.823 10201 10220 V native-activity: 		EGL_BIND_TO_TEXTURE_RGB: 1
04-13 01:08:05.823 10201 10220 V native-activity: 		EGL_BIND_TO_TEXTURE_RGBA: 0
04-13 01:08:05.823 10201 10220 V native-activity: 		EGL_MIN_SWAP_INTERVAL: 0
04-13 01:08:05.823 10201 10220 V native-activity: 		EGL_MAX_SWAP_INTERVAL: 5
04-13 01:08:05.823 10201 10220 V native-activity: 		EGL_MAX_PBUFFER_WIDTH: 4096
04-13 01:08:05.823 10201 10220 V native-activity: 		EGL_MAX_PBUFFER_HEIGHT: 4096
04-13 01:08:05.823 10201 10220 D native-activity: 	Config 0xb index 10
04-13 01:08:05.823 10201 10220 V native-activity: 		EGL_CONFIG_ID: 11
04-13 01:08:05.823 10201 10220 V native-activity: 		EGL_CONFORMANT: 1 EGL_OPENGL_ES_BIT,
04-13 01:08:05.823 10201 10220 V native-activity: 		EGL_CONFIG_CAVEAT: 12344 EGL_NONE,
04-13 01:08:05.823 10201 10220 V native-activity: 		EGL_RENDERABLE_TYPE: 1 EGL_OPENGL_ES_BIT,
04-13 01:08:05.823 10201 10220 V native-activity: 		EGL_SURFACE_TYPE: 5 EGL_PBUFFER_BIT, EGL_WINDOW_BIT,
04-13 01:08:05.823 10201 10220 V native-activity: 		EGL_LEVEL: 0
04-13 01:08:05.823 10201 10220 V native-activity: 		EGL_COLOR_BUFFER_TYPE: 12430 EGL_RGB_BUFFER,
04-13 01:08:05.823 10201 10220 V native-activity: 		EGL_BUFFER_SIZE: 32
04-13 01:08:05.823 10201 10220 V native-activity: 		EGL_SAMPLES: 0
04-13 01:08:05.823 10201 10220 V native-activity: 		EGL_SAMPLE_BUFFERS: 0
04-13 01:08:05.823 10201 10220 V native-activity: 		EGL_RED_SIZE: 8
04-13 01:08:05.823 10201 10220 V native-activity: 		EGL_GREEN_SIZE: 8
04-13 01:08:05.823 10201 10220 V native-activity: 		EGL_BLUE_SIZE: 8
04-13 01:08:05.823 10201 10220 V native-activity: 		EGL_ALPHA_SIZE: 0
04-13 01:08:05.823 10201 10220 V native-activity: 		EGL_ALPHA_MASK_SIZE: 0
04-13 01:08:05.823 10201 10220 V native-activity: 		EGL_LUMINANCE_SIZE: 0
04-13 01:08:05.823 10201 10220 V native-activity: 		EGL_TRANSPARENT_TYPE: 12344 EGL_NONE,
04-13 01:08:05.823 10201 10220 V native-activity: 		EGL_TRANSPARENT_RED_VALUE: 0
04-13 01:08:05.823 10201 10220 V native-activity: 		EGL_TRANSPARENT_GREEN_VALUE: 0
04-13 01:08:05.823 10201 10220 V native-activity: 		EGL_TRANSPARENT_BLUE_VALUE: 0
04-13 01:08:05.823 10201 10220 V native-activity: 		EGL_STENCIL_SIZE: 0
04-13 01:08:05.823 10201 10220 V native-activity: 		EGL_DEPTH_SIZE: 0
04-13 01:08:05.823 10201 10220 V native-activity: 		EGL_BIND_TO_TEXTURE_RGB: 1
04-13 01:08:05.823 10201 10220 V native-activity: 		EGL_BIND_TO_TEXTURE_RGBA: 0
04-13 01:08:05.823 10201 10220 V native-activity: 		EGL_MIN_SWAP_INTERVAL: 0
04-13 01:08:05.823 10201 10220 V native-activity: 		EGL_MAX_SWAP_INTERVAL: 5
04-13 01:08:05.823 10201 10220 V native-activity: 		EGL_MAX_PBUFFER_WIDTH: 4096
04-13 01:08:05.823 10201 10220 V native-activity: 		EGL_MAX_PBUFFER_HEIGHT: 4096
04-13 01:08:05.823 10201 10220 D native-activity: 	Config 0xc index 11
04-13 01:08:05.823 10201 10220 V native-activity: 		EGL_CONFIG_ID: 12
04-13 01:08:05.823 10201 10220 V native-activity: 		EGL_CONFORMANT: 1 EGL_OPENGL_ES_BIT,
04-13 01:08:05.823 10201 10220 V native-activity: 		EGL_CONFIG_CAVEAT: 12344 EGL_NONE,
04-13 01:08:05.823 10201 10220 V native-activity: 		EGL_RENDERABLE_TYPE: 1 EGL_OPENGL_ES_BIT,
04-13 01:08:05.824 10201 10220 V native-activity: 		EGL_SURFACE_TYPE: 5 EGL_PBUFFER_BIT, EGL_WINDOW_BIT,
04-13 01:08:05.824 10201 10220 V native-activity: 		EGL_LEVEL: 0
04-13 01:08:05.824 10201 10220 V native-activity: 		EGL_COLOR_BUFFER_TYPE: 12430 EGL_RGB_BUFFER,
04-13 01:08:05.824 10201 10220 V native-activity: 		EGL_BUFFER_SIZE: 32
04-13 01:08:05.824 10201 10220 V native-activity: 		EGL_SAMPLES: 4
04-13 01:08:05.824 10201 10220 V native-activity: 		EGL_SAMPLE_BUFFERS: 1
04-13 01:08:05.824 10201 10220 V native-activity: 		EGL_RED_SIZE: 8
04-13 01:08:05.824 10201 10220 V native-activity: 		EGL_GREEN_SIZE: 8
04-13 01:08:05.824 10201 10220 V native-activity: 		EGL_BLUE_SIZE: 8
04-13 01:08:05.824 10201 10220 V native-activity: 		EGL_ALPHA_SIZE: 0
04-13 01:08:05.824 10201 10220 V native-activity: 		EGL_ALPHA_MASK_SIZE: 0
04-13 01:08:05.824 10201 10220 V native-activity: 		EGL_LUMINANCE_SIZE: 0
04-13 01:08:05.824 10201 10220 V native-activity: 		EGL_TRANSPARENT_TYPE: 12344 EGL_NONE,
04-13 01:08:05.824 10201 10220 V native-activity: 		EGL_TRANSPARENT_RED_VALUE: 0
04-13 01:08:05.824 10201 10220 V native-activity: 		EGL_TRANSPARENT_GREEN_VALUE: 0
04-13 01:08:05.824 10201 10220 V native-activity: 		EGL_TRANSPARENT_BLUE_VALUE: 0
04-13 01:08:05.824 10201 10220 V native-activity: 		EGL_STENCIL_SIZE: 8
04-13 01:08:05.824 10201 10220 V native-activity: 		EGL_DEPTH_SIZE: 24
04-13 01:08:05.824 10201 10220 V native-activity: 		EGL_BIND_TO_TEXTURE_RGB: 1
04-13 01:08:05.824 10201 10220 V native-activity: 		EGL_BIND_TO_TEXTURE_RGBA: 0
04-13 01:08:05.824 10201 10220 V native-activity: 		EGL_MIN_SWAP_INTERVAL: 0
04-13 01:08:05.824 10201 10220 V native-activity: 		EGL_MAX_SWAP_INTERVAL: 5
04-13 01:08:05.824 10201 10220 V native-activity: 		EGL_MAX_PBUFFER_WIDTH: 4096
04-13 01:08:05.824 10201 10220 V native-activity: 		EGL_MAX_PBUFFER_HEIGHT: 4096
04-13 01:08:05.824 10201 10220 D native-activity: 	Config 0xd index 12
04-13 01:08:05.824 10201 10220 V native-activity: 		EGL_CONFIG_ID: 13
04-13 01:08:05.824 10201 10220 V native-activity: 		EGL_CONFORMANT: 1 EGL_OPENGL_ES_BIT,
04-13 01:08:05.824 10201 10220 V native-activity: 		EGL_CONFIG_CAVEAT: 12344 EGL_NONE,
04-13 01:08:05.824 10201 10220 V native-activity: 		EGL_RENDERABLE_TYPE: 1 EGL_OPENGL_ES_BIT,
04-13 01:08:05.824 10201 10220 V native-activity: 		EGL_SURFACE_TYPE: 5 EGL_PBUFFER_BIT, EGL_WINDOW_BIT,
04-13 01:08:05.824 10201 10220 V native-activity: 		EGL_LEVEL: 0
04-13 01:08:05.824 10201 10220 V native-activity: 		EGL_COLOR_BUFFER_TYPE: 12430 EGL_RGB_BUFFER,
04-13 01:08:05.824 10201 10220 V native-activity: 		EGL_BUFFER_SIZE: 16
04-13 01:08:05.824 10201 10220 V native-activity: 		EGL_SAMPLES: 0
04-13 01:08:05.824 10201 10220 V native-activity: 		EGL_SAMPLE_BUFFERS: 0
04-13 01:08:05.824 10201 10220 V native-activity: 		EGL_RED_SIZE: 5
04-13 01:08:05.824 10201 10220 V native-activity: 		EGL_GREEN_SIZE: 6
04-13 01:08:05.824 10201 10220 V native-activity: 		EGL_BLUE_SIZE: 5
04-13 01:08:05.824 10201 10220 V native-activity: 		EGL_ALPHA_SIZE: 0
04-13 01:08:05.824 10201 10220 V native-activity: 		EGL_ALPHA_MASK_SIZE: 0
04-13 01:08:05.824 10201 10220 V native-activity: 		EGL_LUMINANCE_SIZE: 0
04-13 01:08:05.824 10201 10220 V native-activity: 		EGL_TRANSPARENT_TYPE: 12344 EGL_NONE,
04-13 01:08:05.824 10201 10220 V native-activity: 		EGL_TRANSPARENT_RED_VALUE: 0
04-13 01:08:05.824 10201 10220 V native-activity: 		EGL_TRANSPARENT_GREEN_VALUE: 0
04-13 01:08:05.824 10201 10220 V native-activity: 		EGL_TRANSPARENT_BLUE_VALUE: 0
04-13 01:08:05.824 10201 10220 V native-activity: 		EGL_STENCIL_SIZE: 8
04-13 01:08:05.824 10201 10220 V native-activity: 		EGL_DEPTH_SIZE: 24
04-13 01:08:05.824 10201 10220 V native-activity: 		EGL_BIND_TO_TEXTURE_RGB: 1
04-13 01:08:05.824 10201 10220 V native-activity: 		EGL_BIND_TO_TEXTURE_RGBA: 0
04-13 01:08:05.824 10201 10220 V native-activity: 		EGL_MIN_SWAP_INTERVAL: 0
04-13 01:08:05.824 10201 10220 V native-activity: 		EGL_MAX_SWAP_INTERVAL: 5
04-13 01:08:05.824 10201 10220 V native-activity: 		EGL_MAX_PBUFFER_WIDTH: 4096
04-13 01:08:05.824 10201 10220 V native-activity: 		EGL_MAX_PBUFFER_HEIGHT: 4096
04-13 01:08:05.824 10201 10220 D native-activity: 	Config 0xe index 13
04-13 01:08:05.824 10201 10220 V native-activity: 		EGL_CONFIG_ID: 14
04-13 01:08:05.824 10201 10220 V native-activity: 		EGL_CONFORMANT: 1 EGL_OPENGL_ES_BIT,
04-13 01:08:05.824 10201 10220 V native-activity: 		EGL_CONFIG_CAVEAT: 12344 EGL_NONE,
04-13 01:08:05.824 10201 10220 V native-activity: 		EGL_RENDERABLE_TYPE: 1 EGL_OPENGL_ES_BIT,
04-13 01:08:05.824 10201 10220 V native-activity: 		EGL_SURFACE_TYPE: 5 EGL_PBUFFER_BIT, EGL_WINDOW_BIT,
04-13 01:08:05.824 10201 10220 V native-activity: 		EGL_LEVEL: 0
04-13 01:08:05.824 10201 10220 V native-activity: 		EGL_COLOR_BUFFER_TYPE: 12430 EGL_RGB_BUFFER,
04-13 01:08:05.824 10201 10220 V native-activity: 		EGL_BUFFER_SIZE: 16
04-13 01:08:05.824 10201 10220 V native-activity: 		EGL_SAMPLES: 0
04-13 01:08:05.824 10201 10220 V native-activity: 		EGL_SAMPLE_BUFFERS: 0
04-13 01:08:05.824 10201 10220 V native-activity: 		EGL_RED_SIZE: 5
04-13 01:08:05.824 10201 10220 V native-activity: 		EGL_GREEN_SIZE: 6
04-13 01:08:05.824 10201 10220 V native-activity: 		EGL_BLUE_SIZE: 5
04-13 01:08:05.824 10201 10220 V native-activity: 		EGL_ALPHA_SIZE: 0
04-13 01:08:05.824 10201 10220 V native-activity: 		EGL_ALPHA_MASK_SIZE: 0
04-13 01:08:05.824 10201 10220 V native-activity: 		EGL_LUMINANCE_SIZE: 0
04-13 01:08:05.824 10201 10220 V native-activity: 		EGL_TRANSPARENT_TYPE: 12344 EGL_NONE,
04-13 01:08:05.824 10201 10220 V native-activity: 		EGL_TRANSPARENT_RED_VALUE: 0
04-13 01:08:05.824 10201 10220 V native-activity: 		EGL_TRANSPARENT_GREEN_VALUE: 0
04-13 01:08:05.824 10201 10220 V native-activity: 		EGL_TRANSPARENT_BLUE_VALUE: 0
04-13 01:08:05.824 10201 10220 V native-activity: 		EGL_STENCIL_SIZE: 0
04-13 01:08:05.824 10201 10220 V native-activity: 		EGL_DEPTH_SIZE: 0
04-13 01:08:05.824 10201 10220 V native-activity: 		EGL_BIND_TO_TEXTURE_RGB: 1
04-13 01:08:05.824 10201 10220 V native-activity: 		EGL_BIND_TO_TEXTURE_RGBA: 0
04-13 01:08:05.824 10201 10220 V native-activity: 		EGL_MIN_SWAP_INTERVAL: 0
04-13 01:08:05.824 10201 10220 V native-activity: 		EGL_MAX_SWAP_INTERVAL: 5
04-13 01:08:05.824 10201 10220 V native-activity: 		EGL_MAX_PBUFFER_WIDTH: 4096
04-13 01:08:05.824 10201 10220 V native-activity: 		EGL_MAX_PBUFFER_HEIGHT: 4096
04-13 01:08:05.824 10201 10220 D native-activity: 	Config 0xf index 14
04-13 01:08:05.824 10201 10220 V native-activity: 		EGL_CONFIG_ID: 15
04-13 01:08:05.825 10201 10220 V native-activity: 		EGL_CONFORMANT: 1 EGL_OPENGL_ES_BIT,
04-13 01:08:05.825 10201 10220 V native-activity: 		EGL_CONFIG_CAVEAT: 12344 EGL_NONE,
04-13 01:08:05.825 10201 10220 V native-activity: 		EGL_RENDERABLE_TYPE: 1 EGL_OPENGL_ES_BIT,
04-13 01:08:05.825 10201 10220 V native-activity: 		EGL_SURFACE_TYPE: 5 EGL_PBUFFER_BIT, EGL_WINDOW_BIT,
04-13 01:08:05.825 10201 10220 V native-activity: 		EGL_LEVEL: 0
04-13 01:08:05.825 10201 10220 V native-activity: 		EGL_COLOR_BUFFER_TYPE: 12430 EGL_RGB_BUFFER,
04-13 01:08:05.825 10201 10220 V native-activity: 		EGL_BUFFER_SIZE: 16
04-13 01:08:05.825 10201 10220 V native-activity: 		EGL_SAMPLES: 4
04-13 01:08:05.825 10201 10220 V native-activity: 		EGL_SAMPLE_BUFFERS: 1
04-13 01:08:05.825 10201 10220 V native-activity: 		EGL_RED_SIZE: 5
04-13 01:08:05.825 10201 10220 V native-activity: 		EGL_GREEN_SIZE: 6
04-13 01:08:05.825 10201 10220 V native-activity: 		EGL_BLUE_SIZE: 5
04-13 01:08:05.825 10201 10220 V native-activity: 		EGL_ALPHA_SIZE: 0
04-13 01:08:05.825 10201 10220 V native-activity: 		EGL_ALPHA_MASK_SIZE: 0
04-13 01:08:05.825 10201 10220 V native-activity: 		EGL_LUMINANCE_SIZE: 0
04-13 01:08:05.825 10201 10220 V native-activity: 		EGL_TRANSPARENT_TYPE: 12344 EGL_NONE,
04-13 01:08:05.825 10201 10220 V native-activity: 		EGL_TRANSPARENT_RED_VALUE: 0
04-13 01:08:05.825 10201 10220 V native-activity: 		EGL_TRANSPARENT_GREEN_VALUE: 0
04-13 01:08:05.825 10201 10220 V native-activity: 		EGL_TRANSPARENT_BLUE_VALUE: 0
04-13 01:08:05.825 10201 10220 V native-activity: 		EGL_STENCIL_SIZE: 8
04-13 01:08:05.825 10201 10220 V native-activity: 		EGL_DEPTH_SIZE: 24
04-13 01:08:05.825 10201 10220 V native-activity: 		EGL_BIND_TO_TEXTURE_RGB: 1
04-13 01:08:05.825 10201 10220 V native-activity: 		EGL_BIND_TO_TEXTURE_RGBA: 0
04-13 01:08:05.825 10201 10220 V native-activity: 		EGL_MIN_SWAP_INTERVAL: 0
04-13 01:08:05.825 10201 10220 V native-activity: 		EGL_MAX_SWAP_INTERVAL: 5
04-13 01:08:05.825 10201 10220 V native-activity: 		EGL_MAX_PBUFFER_WIDTH: 4096
04-13 01:08:05.825 10201 10220 V native-activity: 		EGL_MAX_PBUFFER_HEIGHT: 4096
04-13 01:08:05.825 10201 10220 D native-activity: 	Config 0x10 index 15
04-13 01:08:05.825 10201 10220 V native-activity: 		EGL_CONFIG_ID: 16
04-13 01:08:05.825 10201 10220 V native-activity: 		EGL_CONFORMANT: 1 EGL_OPENGL_ES_BIT,
04-13 01:08:05.825 10201 10220 V native-activity: 		EGL_CONFIG_CAVEAT: 12344 EGL_NONE,
04-13 01:08:05.825 10201 10220 V native-activity: 		EGL_RENDERABLE_TYPE: 1 EGL_OPENGL_ES_BIT,
04-13 01:08:05.825 10201 10220 V native-activity: 		EGL_SURFACE_TYPE: 1 EGL_PBUFFER_BIT,
04-13 01:08:05.825 10201 10220 V native-activity: 		EGL_LEVEL: 0
04-13 01:08:05.825 10201 10220 V native-activity: 		EGL_COLOR_BUFFER_TYPE: 12430 EGL_RGB_BUFFER,
04-13 01:08:05.825 10201 10220 V native-activity: 		EGL_BUFFER_SIZE: 32
04-13 01:08:05.825 10201 10220 V native-activity: 		EGL_SAMPLES: 0
04-13 01:08:05.825 10201 10220 V native-activity: 		EGL_SAMPLE_BUFFERS: 0
04-13 01:08:05.825 10201 10220 V native-activity: 		EGL_RED_SIZE: 8
04-13 01:08:05.825 10201 10220 V native-activity: 		EGL_GREEN_SIZE: 8
04-13 01:08:05.825 10201 10220 V native-activity: 		EGL_BLUE_SIZE: 8
04-13 01:08:05.825 10201 10220 V native-activity: 		EGL_ALPHA_SIZE: 8
04-13 01:08:05.825 10201 10220 V native-activity: 		EGL_ALPHA_MASK_SIZE: 0
04-13 01:08:05.825 10201 10220 V native-activity: 		EGL_LUMINANCE_SIZE: 0
04-13 01:08:05.825 10201 10220 V native-activity: 		EGL_TRANSPARENT_TYPE: 12344 EGL_NONE,
04-13 01:08:05.825 10201 10220 V native-activity: 		EGL_TRANSPARENT_RED_VALUE: 0
