04-11 02:51:36.903 24763 24781 I native-activity: Swap 179 time is 5.859ms
04-11 02:51:36.903 24763 24781 I native-activity: Animating
04-11 02:51:36.903 24763 24781 I native-activity: Frame 180 GL error is 0x0
04-11 02:51:36.903 24763 24781 I native-activity: Frame 180 time is 0.567ms
04-11 02:51:36.909 24763 24781 I native-activity: Swap 180 time is 5.850ms
04-11 02:51:36.909 24763 24781 I native-activity: Animating
04-11 02:51:36.910 24763 24781 I native-activity: Frame 181 GL error is 0x0
04-11 02:51:36.910 24763 24781 I native-activity: Frame 181 time is 0.575ms
04-11 02:51:36.916 24763 24781 I native-activity: Swap 181 time is 6.086ms
04-11 02:51:36.916 24763 24781 I native-activity: Animating
04-11 02:51:36.916 24763 24781 I native-activity: Frame 182 GL error is 0x0
04-11 02:51:36.917 24763 24781 I native-activity: Frame 182 time is 0.653ms
04-11 02:51:36.922 24763 24781 I native-activity: Swap 182 time is 6.000ms
04-11 02:51:36.922 24763 24781 I native-activity: Animating
04-11 02:51:36.923 24763 24781 I native-activity: Frame 183 GL error is 0x0
04-11 02:51:36.923 24763 24781 I native-activity: Frame 183 time is 0.564ms
04-11 02:51:36.928 24763 24781 I native-activity: Swap 183 time is 6.067ms
04-11 02:51:36.928 24763 24781 I native-activity: Animating
04-11 02:51:36.929 24763 24781 I native-activity: Frame 184 GL error is 0x0
04-11 02:51:36.929 24763 24781 I native-activity: Frame 184 time is 0.607ms
04-11 02:51:36.934 24763 24781 I native-activity: Swap 184 time is 5.934ms
04-11 02:51:36.934 24763 24781 I native-activity: Animating
04-11 02:51:36.937 24763 24781 I native-activity: Frame 185 GL error is 0x0
04-11 02:51:36.937 24763 24781 I native-activity: Frame 185 time is 2.188ms
04-11 02:51:36.942 24763 24781 I native-activity: Swap 185 time is 7.512ms
04-11 02:51:36.943 24763 24781 I native-activity: Animating
04-11 02:51:36.944 24763 24781 I native-activity: Frame 186 GL error is 0x0
04-11 02:51:36.944 24763 24781 I native-activity: Frame 186 time is 0.978ms
04-11 02:51:36.950 24763 24781 I native-activity: Swap 186 time is 6.379ms
04-11 02:51:36.950 24763 24781 I native-activity: Animating
04-11 02:51:36.950 24763 24781 I native-activity: Frame 187 GL error is 0x0
04-11 02:51:36.950 24763 24781 I native-activity: Frame 187 time is 0.630ms
04-11 02:51:36.956 24763 24781 I native-activity: Swap 187 time is 5.939ms
04-11 02:51:36.956 24763 24781 I native-activity: Animating
04-11 02:51:36.957 24763 24781 I native-activity: Frame 188 GL error is 0x0
04-11 02:51:36.957 24763 24781 I native-activity: Frame 188 time is 1.409ms
04-11 02:51:36.963 24763 24781 I native-activity: Swap 188 time is 7.346ms
04-11 02:51:36.963 24763 24781 I native-activity: Animating
04-11 02:51:36.964 24763 24781 I native-activity: Frame 189 GL error is 0x0
04-11 02:51:36.965 24763 24781 I native-activity: Frame 189 time is 1.021ms
04-11 02:51:36.970 24763 24781 I native-activity: Swap 189 time is 6.388ms
04-11 02:51:36.970 24763 24781 I native-activity: Animating
04-11 02:51:36.972 24763 24781 I native-activity: Frame 190 GL error is 0x0
04-11 02:51:36.972 24763 24781 I native-activity: Frame 190 time is 1.896ms
04-11 02:51:36.978 24763 24781 I native-activity: Swap 190 time is 7.649ms
04-11 02:51:36.978 24763 24781 I native-activity: Animating
04-11 02:51:36.978 24763 24781 I native-activity: Frame 191 GL error is 0x0
04-11 02:51:36.979 24763 24781 I native-activity: Frame 191 time is 0.613ms
04-11 02:51:36.984 24763 24781 I native-activity: Swap 191 time is 5.922ms
04-11 02:51:36.984 24763 24781 I native-activity: Animating
04-11 02:51:36.985 24763 24781 I native-activity: Frame 192 GL error is 0x0
04-11 02:51:36.985 24763 24781 I native-activity: Frame 192 time is 0.623ms
04-11 02:51:36.990 24763 24781 I native-activity: Swap 192 time is 5.891ms
04-11 02:51:36.990 24763 24781 I native-activity: Animating
04-11 02:51:36.991 24763 24781 I native-activity: Frame 193 GL error is 0x0
04-11 02:51:36.991 24763 24781 I native-activity: Frame 193 time is 0.583ms
04-11 02:51:36.997 24763 24781 I native-activity: Swap 193 time is 6.290ms
04-11 02:51:36.997 24763 24781 I native-activity: Animating
04-11 02:51:36.998 24763 24781 I native-activity: Frame 194 GL error is 0x0
04-11 02:51:36.999 24763 24781 I native-activity: Frame 194 time is 1.538ms
04-11 02:51:37.006 24763 24781 I native-activity: Swap 194 time is 8.707ms
04-11 02:51:37.006 24763 24781 I native-activity: Animating
04-11 02:51:37.008 24763 24781 I native-activity: Frame 195 GL error is 0x0
04-11 02:51:37.008 24763 24781 I native-activity: Frame 195 time is 1.293ms
04-11 02:51:37.013 24763 24781 I native-activity: Swap 195 time is 6.643ms
04-11 02:51:37.013 24763 24781 I native-activity: Animating
04-11 02:51:37.014 24763 24781 I native-activity: Frame 196 GL error is 0x0
04-11 02:51:37.014 24763 24781 I native-activity: Frame 196 time is 0.591ms
04-11 02:51:37.019 24763 24781 I native-activity: Swap 196 time is 5.884ms
04-11 02:51:37.019 24763 24781 I native-activity: Animating
04-11 02:51:37.020 24763 24781 I native-activity: Frame 197 GL error is 0x0
04-11 02:51:37.020 24763 24781 I native-activity: Frame 197 time is 0.565ms
04-11 02:51:37.026 24763 24781 I native-activity: Swap 197 time is 6.301ms
04-11 02:51:37.026 24763 24781 I native-activity: Animating
04-11 02:51:37.027 24763 24781 I native-activity: Frame 198 GL error is 0x0
04-11 02:51:37.027 24763 24781 I native-activity: Frame 198 time is 1.358ms
04-11 02:51:37.033 24763 24781 I native-activity: Swap 198 time is 6.735ms
04-11 02:51:37.033 24763 24781 I native-activity: Animating
04-11 02:51:37.034 24763 24781 I native-activity: Frame 199 GL error is 0x0
04-11 02:51:37.034 24763 24781 I native-activity: Frame 199 time is 1.447ms
04-11 02:51:37.040 24763 24781 I native-activity: Swap 199 time is 7.128ms
04-11 02:51:37.040 24763 24781 I native-activity: Animating
04-11 02:51:37.041 24763 24781 I native-activity: Frame 200 GL error is 0x0
04-11 02:51:37.041 24763 24781 I native-activity: Frame 200 time is 0.594ms
04-11 02:51:37.046 24763 24781 I native-activity: Swap 200 time is 5.946ms
04-11 02:51:37.046 24763 24781 I native-activity: Animating
04-11 02:51:37.047 24763 24781 I native-activity: Frame 201 GL error is 0x0
04-11 02:51:37.047 24763 24781 I native-activity: Frame 201 time is 0.587ms
04-11 02:51:37.053 24763 24781 I native-activity: Swap 201 time is 6.019ms
04-11 02:51:37.053 24763 24781 I native-activity: Animating
04-11 02:51:37.053 24763 24781 I native-activity: Frame 202 GL error is 0x0
04-11 02:51:37.053 24763 24781 I native-activity: Frame 202 time is 0.540ms
04-11 02:51:37.059 24763 24781 I native-activity: Swap 202 time is 5.986ms
04-11 02:51:37.059 24763 24781 I native-activity: Animating
04-11 02:51:37.060 24763 24781 I native-activity: Frame 203 GL error is 0x0
04-11 02:51:37.060 24763 24781 I native-activity: Frame 203 time is 0.690ms
04-11 02:51:37.065 24763 24781 I native-activity: Swap 203 time is 5.976ms
04-11 02:51:37.065 24763 24781 I native-activity: Animating
04-11 02:51:37.066 24763 24781 I native-activity: Frame 204 GL error is 0x0
04-11 02:51:37.066 24763 24781 I native-activity: Frame 204 time is 0.694ms
04-11 02:51:37.071 24763 24781 I native-activity: Swap 204 time is 6.079ms
04-11 02:51:37.071 24763 24781 I native-activity: Animating
04-11 02:51:37.072 24763 24781 I native-activity: Frame 205 GL error is 0x0
04-11 02:51:37.072 24763 24781 I native-activity: Frame 205 time is 0.573ms
04-11 02:51:37.077 24763 24781 I native-activity: Swap 205 time is 5.889ms
04-11 02:51:37.077 24763 24781 I native-activity: Animating
04-11 02:51:37.078 24763 24781 I native-activity: Frame 206 GL error is 0x0
04-11 02:51:37.078 24763 24781 I native-activity: Frame 206 time is 0.600ms
04-11 02:51:37.084 24763 24781 I native-activity: Swap 206 time is 6.019ms
04-11 02:51:37.084 24763 24781 I native-activity: Animating
04-11 02:51:37.084 24763 24781 I native-activity: Frame 207 GL error is 0x0
04-11 02:51:37.084 24763 24781 I native-activity: Frame 207 time is 0.539ms
04-11 02:51:37.090 24763 24781 I native-activity: Swap 207 time is 5.968ms
04-11 02:51:37.090 24763 24781 I native-activity: Animating
04-11 02:51:37.091 24763 24781 I native-activity: Frame 208 GL error is 0x0
04-11 02:51:37.091 24763 24781 I native-activity: Frame 208 time is 0.571ms
04-11 02:51:37.096 24763 24781 I native-activity: Swap 208 time is 5.906ms
04-11 02:51:37.096 24763 24781 I native-activity: Animating
04-11 02:51:37.097 24763 24781 I native-activity: Frame 209 GL error is 0x0
04-11 02:51:37.097 24763 24781 I native-activity: Frame 209 time is 0.573ms
04-11 02:51:37.106 24763 24781 I native-activity: Swap 209 time is 5.955ms
04-11 02:51:37.106 24763 24781 I native-activity: Animating
04-11 02:51:37.106 24763 24781 I native-activity: Frame 210 GL error is 0x0
04-11 02:51:37.106 24763 24781 I native-activity: Frame 210 time is 0.621ms
04-11 02:51:37.112 24763 24781 I native-activity: Swap 210 time is 6.126ms
04-11 02:51:37.112 24763 24781 I native-activity: Animating
04-11 02:51:37.113 24763 24781 I native-activity: Frame 211 GL error is 0x0
04-11 02:51:37.113 24763 24781 I native-activity: Frame 211 time is 0.549ms
04-11 02:51:37.119 24763 24781 I native-activity: Swap 211 time is 6.654ms
04-11 02:51:37.119 24763 24781 I native-activity: Animating
04-11 02:51:37.120 24763 24781 I native-activity: Frame 212 GL error is 0x0
04-11 02:51:37.120 24763 24781 I native-activity: Frame 212 time is 0.596ms
04-11 02:51:37.125 24763 24781 I native-activity: Swap 212 time is 6.074ms
04-11 02:51:37.126 24763 24781 I native-activity: Animating
04-11 02:51:37.127 24763 24781 I native-activity: Frame 213 GL error is 0x0
04-11 02:51:37.127 24763 24781 I native-activity: Frame 213 time is 0.445ms
04-11 02:51:37.132 24763 24781 I native-activity: Swap 213 time is 5.868ms
04-11 02:51:37.132 24763 24781 I native-activity: Animating
04-11 02:51:37.133 24763 24781 I native-activity: Frame 214 GL error is 0x0
04-11 02:51:37.133 24763 24781 I native-activity: Frame 214 time is 0.453ms
04-11 02:51:37.138 24763 24781 I native-activity: Swap 214 time is 6.005ms
04-11 02:51:37.139 24763 24781 I native-activity: Animating
04-11 02:51:37.139 24763 24781 I native-activity: Frame 215 GL error is 0x0
04-11 02:51:37.139 24763 24781 I native-activity: Frame 215 time is 0.366ms
04-11 02:51:37.144 24763 24781 I native-activity: Swap 215 time is 5.729ms
04-11 02:51:37.144 24763 24781 I native-activity: Animating
04-11 02:51:37.145 24763 24781 I native-activity: Frame 216 GL error is 0x0
04-11 02:51:37.145 24763 24781 I native-activity: Frame 216 time is 0.341ms
04-11 02:51:37.150 24763 24781 I native-activity: Swap 216 time is 5.404ms
04-11 02:51:37.150 24763 24781 I native-activity: Animating
04-11 02:51:37.150 24763 24781 I native-activity: Frame 217 GL error is 0x0
04-11 02:51:37.150 24763 24781 I native-activity: Frame 217 time is 0.349ms
04-11 02:51:37.155 24763 24781 I native-activity: Swap 217 time is 5.476ms
04-11 02:51:37.156 24763 24781 I native-activity: Animating
04-11 02:51:37.156 24763 24781 I native-activity: Frame 218 GL error is 0x0
04-11 02:51:37.156 24763 24781 I native-activity: Frame 218 time is 0.378ms
04-11 02:51:37.161 24763 24781 I native-activity: Swap 218 time is 5.456ms
04-11 02:51:37.161 24763 24781 I native-activity: Animating
04-11 02:51:37.161 24763 24781 I native-activity: Frame 219 GL error is 0x0
04-11 02:51:37.162 24763 24781 I native-activity: Frame 219 time is 0.325ms
04-11 02:51:37.167 24763 24781 I native-activity: Swap 219 time is 5.506ms
04-11 02:51:37.167 24763 24781 I native-activity: Animating
04-11 02:51:37.167 24763 24781 I native-activity: Frame 220 GL error is 0x0
04-11 02:51:37.167 24763 24781 I native-activity: Frame 220 time is 0.370ms
04-11 02:51:37.172 24763 24781 I native-activity: Swap 220 time is 5.518ms
04-11 02:51:37.172 24763 24781 I native-activity: Animating
04-11 02:51:37.173 24763 24781 I native-activity: Frame 221 GL error is 0x0
04-11 02:51:37.173 24763 24781 I native-activity: Frame 221 time is 0.361ms
04-11 02:51:37.178 24763 24781 I native-activity: Swap 221 time is 5.465ms
04-11 02:51:37.178 24763 24781 I native-activity: Animating
04-11 02:51:37.178 24763 24781 I native-activity: Frame 222 GL error is 0x0
04-11 02:51:37.178 24763 24781 I native-activity: Frame 222 time is 0.380ms
04-11 02:51:37.184 24763 24781 I native-activity: Swap 222 time is 5.518ms
04-11 02:51:37.184 24763 24781 I native-activity: Animating
04-11 02:51:37.184 24763 24781 I native-activity: Frame 223 GL error is 0x0
04-11 02:51:37.184 24763 24781 I native-activity: Frame 223 time is 0.378ms
04-11 02:51:37.189 24763 24781 I native-activity: Swap 223 time is 5.544ms
04-11 02:51:37.189 24763 24781 I native-activity: Animating
04-11 02:51:37.190 24763 24781 I native-activity: Frame 224 GL error is 0x0
04-11 02:51:37.190 24763 24781 I native-activity: Frame 224 time is 0.363ms
04-11 02:51:37.195 24763 24781 I native-activity: Swap 224 time is 5.382ms
04-11 02:51:37.195 24763 24781 I native-activity: Animating
04-11 02:51:37.196    93    93 I Kernel  : [310336.813921] (1)[93:irq/258-inv_irq]inv_mpu_iio: inv_read_fifo: Received Sensor Interrupt to read FIFO and Fifo_count is 6
04-11 02:51:37.675 24763 24781 I native-activity: Frame 225 GL error is 0x501
04-11 02:51:37.675 24763 24781 I native-activity: Frame 225 time is 480.293ms
04-11 02:51:37.686 24763 24781 I native-activity: Swap 225 time is 490.885ms
04-11 02:51:37.686 24763 24781 I native-activity: Animating
04-11 02:51:37.687 24763 24781 I native-activity: Frame 226 GL error is 0x0
04-11 02:51:37.687 24763 24781 I native-activity: Frame 226 time is 1.133ms
04-11 02:51:37.694 24763 24781 I native-activity: Swap 226 time is 8.213ms
04-11 02:51:37.694 24763 24781 I native-activity: Animating
04-11 02:51:37.713 24763 24781 I native-activity: Frame 227 GL error is 0x0
04-11 02:51:37.714 24763 24781 I native-activity: Frame 227 time is 19.257ms
04-11 02:51:37.728 24763 24781 I native-activity: Swap 227 time is 33.376ms
04-11 02:51:37.728 24763 24781 I native-activity: Animating
04-11 02:51:37.729 24763 24781 I native-activity: Frame 228 GL error is 0x0
04-11 02:51:37.729 24763 24781 I native-activity: Frame 228 time is 1.036ms
04-11 02:51:37.739 24763 24781 I native-activity: Swap 228 time is 11.370ms
04-11 02:51:37.739 24763 24781 I native-activity: Animating
04-11 02:51:37.740 24763 24781 I native-activity: Frame 229 GL error is 0x0
04-11 02:51:37.740 24763 24781 I native-activity: Frame 229 time is 1.035ms
04-11 02:51:37.751 24763 24781 I native-activity: Swap 229 time is 11.524ms
04-11 02:51:37.751 24763 24781 I native-activity: Animating
04-11 02:51:37.752 24763 24781 I native-activity: Frame 230 GL error is 0x0
04-11 02:51:37.752 24763 24781 I native-activity: Frame 230 time is 1.126ms
04-11 02:51:37.763 24763 24781 I native-activity: Swap 230 time is 11.761ms
04-11 02:51:37.763 24763 24781 I native-activity: Animating
04-11 02:51:37.765 24763 24781 I native-activity: Frame 231 GL error is 0x0
04-11 02:51:37.765 24763 24781 I native-activity: Frame 231 time is 2.195ms
04-11 02:51:37.776 24763 24781 I native-activity: Swap 231 time is 12.946ms
04-11 02:51:37.776 24763 24781 I native-activity: Animating
04-11 02:51:37.990 24763 24781 I native-activity: Frame 232 GL error is 0x501
04-11 02:51:37.990 24763 24781 I native-activity: Frame 232 time is 214.483ms
04-11 02:51:37.998 24763 24781 I native-activity: Swap 232 time is 222.475ms
04-11 02:51:37.998 24763 24781 I native-activity: Animating
04-11 02:51:38.026    93    93 I Kernel  : [310337.645565] (2)[93:irq/258-inv_irq]inv_mpu_iio: inv_read_fifo: Received Sensor Interrupt to read FIFO and Fifo_count is 6
04-11 02:51:38.210 24763 24781 I native-activity: Frame 233 GL error is 0x501
04-11 02:51:38.210 24763 24781 I native-activity: Frame 233 time is 211.053ms
04-11 02:51:38.217 24763 24781 I native-activity: Swap 233 time is 218.855ms
04-11 02:51:38.217 24763 24781 I native-activity: Animating
04-11 02:51:38.219 24763 24781 I native-activity: Frame 234 GL error is 0x0
04-11 02:51:38.219 24763 24781 I native-activity: Frame 234 time is 1.149ms
04-11 02:51:38.226 24763 24781 I native-activity: Swap 234 time is 8.893ms
04-11 02:51:38.227 24763 24781 I native-activity: Animating
04-11 02:51:38.228 24763 24781 I native-activity: Frame 235 GL error is 0x0
04-11 02:51:38.228 24763 24781 I native-activity: Frame 235 time is 1.546ms
04-11 02:51:38.236 24763 24781 I native-activity: Swap 235 time is 9.159ms
04-11 02:51:38.236 24763 24781 I native-activity: Animating
04-11 02:51:38.238 24763 24781 I native-activity: Frame 236 GL error is 0x0
04-11 02:51:38.238 24763 24781 I native-activity: Frame 236 time is 1.932ms
04-11 02:51:38.246 24763 24781 I native-activity: Swap 236 time is 9.666ms
04-11 02:51:38.246 24763 24781 I native-activity: Animating
04-11 02:51:38.247 24763 24781 I native-activity: Frame 237 GL error is 0x0
04-11 02:51:38.247 24763 24781 I native-activity: Frame 237 time is 1.468ms
04-11 02:51:38.255 24763 24781 I native-activity: Swap 237 time is 9.197ms
04-11 02:51:38.255 24763 24781 I native-activity: Animating
04-11 02:51:38.257 24763 24781 I native-activity: Frame 238 GL error is 0x0
04-11 02:51:38.257 24763 24781 I native-activity: Frame 238 time is 1.815ms
04-11 02:51:38.265 24763 24781 I native-activity: Swap 238 time is 9.511ms
04-11 02:51:38.265 24763 24781 I native-activity: Animating
04-11 02:51:38.266 24763 24781 I native-activity: Frame 239 GL error is 0x0
04-11 02:51:38.266 24763 24781 I native-activity: Frame 239 time is 1.567ms
04-11 02:51:38.274 24763 24781 I native-activity: Swap 239 time is 9.266ms
04-11 02:51:38.274 24763 24781 I native-activity: Animating
04-11 02:51:38.586 24763 24781 I native-activity: Frame 240 GL error is 0x501
04-11 02:51:38.586 24763 24781 I native-activity: Frame 240 time is 311.834ms
04-11 02:51:38.594 24763 24781 I native-activity: Swap 240 time is 319.603ms
04-11 02:51:38.594 24763 24781 I native-activity: Animating
04-11 02:51:38.711   958  1731 I PackageRecencyUtils: Waiting for idle
04-11 02:51:38.712   958  1731 I Vlog    : package_recency:broadcast_notification:fgtracking=false;DV;1,key=time_in_queue;DV;1,Timer=5001.0;TI;1,unit=ms;DV;1:HI
04-11 02:51:38.720   958  2825 D ActivityManager: single user service: com.amazon.kindle.cms
04-11 02:51:38.728   958  2825 D ActivityManager: app = com.amazon.kindle.cms, has single user service, setting process record.
04-11 02:51:38.866    93    93 I Kernel  : [310338.477279] (2)[93:irq/258-inv_irq]inv_mpu_iio: inv_read_fifo: Received Sensor Interrupt to read FIFO and Fifo_count is 6
04-11 02:51:39.036 24763 24781 I native-activity: Frame 241 GL error is 0x501
04-11 02:51:39.036 24763 24781 I native-activity: Frame 241 time is 442.073ms
04-11 02:51:39.037   958  2823 D WifiService: acquireWifiLockLocked: WifiLock{com.amazon.dcp.framework.iuc.ConnectionEstablisherWithConnectivityEnforcement type=1 binder=android.os.BinderProxy@168d1ab2}
04-11 02:51:39.044 24763 24781 I native-activity: Swap 241 time is 450.389ms
04-11 02:51:39.044 24763 24781 I native-activity: Animating
04-11 02:51:39.051   958  1694 D ActivityManager: single user service: com.amazon.imp
04-11 02:51:39.052   958  1694 D ActivityManager: app = com.amazon.imp, has single user service, setting process record.
04-11 02:51:39.059 24763 24781 I native-activity: Frame 242 GL error is 0x0
04-11 02:51:39.059 24763 24781 I native-activity: Frame 242 time is 14.231ms
04-11 02:51:39.067 24763 24781 I native-activity: Swap 242 time is 21.989ms
04-11 02:51:39.067 24763 24781 I native-activity: Animating
04-11 02:51:39.074 24763 24781 I native-activity: Frame 243 GL error is 0x0
04-11 02:51:39.074 24763 24781 I native-activity: Frame 243 time is 7.079ms
04-11 02:51:39.081 24763 24781 I native-activity: Swap 243 time is 14.722ms
04-11 02:51:39.081 24763 24781 I native-activity: Animating
04-11 02:51:39.086 24763 24781 I native-activity: Frame 244 GL error is 0x0
04-11 02:51:39.086 24763 24781 I native-activity: Frame 244 time is 4.939ms
04-11 02:51:39.095 24763 24781 I native-activity: Swap 244 time is 13.112ms
04-11 02:51:39.095 24763 24781 I native-activity: Animating
04-11 02:51:39.128 24763 24781 I native-activity: Frame 245 GL error is 0x0
04-11 02:51:39.128 24763 24781 I native-activity: Frame 245 time is 33.624ms
04-11 02:51:39.139 24763 24781 I native-activity: Swap 245 time is 44.862ms
04-11 02:51:39.140 24763 24781 I native-activity: Animating
04-11 02:51:39.148   958 13639 D ActivityManager: single user service: com.amazon.kindle.cms
04-11 02:51:39.149   958 13639 D ActivityManager: app = com.amazon.kindle.cms, has single user service, setting process record.
04-11 02:51:39.217 24763 24781 I native-activity: Frame 246 GL error is 0x501
04-11 02:51:39.217 24763 24781 I native-activity: Frame 246 time is 77.237ms
04-11 02:51:39.229 24763 24781 I native-activity: Swap 246 time is 88.909ms
04-11 02:51:39.229 24763 24781 I native-activity: Animating
04-11 02:51:39.269 24763 24781 I native-activity: Frame 247 GL error is 0x501
04-11 02:51:39.269 24763 24781 I native-activity: Frame 247 time is 40.732ms
04-11 02:51:39.282 24763 24781 I native-activity: Swap 247 time is 53.403ms
04-11 02:51:39.282 24763 24781 I native-activity: Animating
04-11 02:51:39.287   958  1694 D ActivityManager: single user service: com.amazon.kindle.cms
04-11 02:51:39.288 24763 24781 I native-activity: Frame 248 GL error is 0x0
04-11 02:51:39.288 24763 24781 I native-activity: Frame 248 time is 5.399ms
04-11 02:51:39.292   958  1694 D ActivityManager: app = com.amazon.kindle.cms, has single user service, setting process record.
04-11 02:51:39.304 24763 24781 I native-activity: Swap 248 time is 21.522ms
04-11 02:51:39.304 24763 24781 I native-activity: Animating
04-11 02:51:39.318   958  1695 D ActivityManager: single user service: com.amazon.kindle.cms
04-11 02:51:39.322   958  1695 D ActivityManager: app = com.amazon.kindle.cms, has single user service, setting process record.
04-11 02:51:39.333   958  3891 D WifiService: releaseWifiLockLocked: WifiLock{com.amazon.dcp.framework.iuc.ConnectionEstablisherWithConnectivityEnforcement type=1 binder=android.os.BinderProxy@168d1ab2}
04-11 02:51:39.346 24763 24781 I native-activity: Frame 249 GL error is 0x501
04-11 02:51:39.346 24763 24781 I native-activity: Frame 249 time is 42.094ms
04-11 02:51:39.358 24763 24781 I native-activity: Swap 249 time is 54.650ms
04-11 02:51:39.359 24763 24781 I native-activity: Animating
04-11 02:51:39.379 24763 24781 I native-activity: Frame 250 GL error is 0x0
04-11 02:51:39.380 24763 24781 I native-activity: Frame 250 time is 21.769ms
04-11 02:51:39.388   958  1585 W AccountManagerService: insertAccountIntoDatabase: Account {name=default_account, type=com.amazon.firelauncher.account}, skipping since the account already exists
04-11 02:51:39.392 24763 24781 I native-activity: Swap 250 time is 32.957ms
04-11 02:51:39.392 24763 24781 I native-activity: Animating
04-11 02:51:39.401   958  2822 W AccountManagerService: insertAccountIntoDatabase: Account {name=default_account, type=com.amazon.firelauncher.account}, skipping since the account already exists
04-11 02:51:39.402 24763 24781 I native-activity: Frame 251 GL error is 0x0
04-11 02:51:39.402 24763 24781 I native-activity: Frame 251 time is 10.128ms
04-11 02:51:39.417 24763 24781 I native-activity: Swap 251 time is 25.473ms
04-11 02:51:39.417 24763 24781 I native-activity: Animating
04-11 02:51:39.433 24763 24781 I native-activity: Frame 252 GL error is 0x501
04-11 02:51:39.433 24763 24781 I native-activity: Frame 252 time is 15.910ms
04-11 02:51:39.441   958  1713 W AccountManagerService: insertAccountIntoDatabase: Account {name=default_account, type=com.amazon.firelauncher.account}, skipping since the account already exists
04-11 02:51:39.450 24763 24781 I native-activity: Swap 252 time is 32.439ms
04-11 02:51:39.450 24763 24781 I native-activity: Animating
04-11 02:51:39.455 24763 24781 I native-activity: Frame 253 GL error is 0x0
04-11 02:51:39.455 24763 24781 I native-activity: Frame 253 time is 5.124ms
04-11 02:51:39.466   958  1718 D ActivityManager: single user service: com.amazon.kindle.cms
04-11 02:51:39.469   958  1718 D ActivityManager: app = com.amazon.kindle.cms, has single user service, setting process record.
04-11 02:51:39.471 24763 24781 I native-activity: Swap 253 time is 21.433ms
04-11 02:51:39.472 24763 24781 I native-activity: Animating
04-11 02:51:39.478 24763 24781 I native-activity: Frame 254 GL error is 0x0
04-11 02:51:39.478 24763 24781 I native-activity: Frame 254 time is 6.305ms
04-11 02:51:39.491 24763 24781 I native-activity: Swap 254 time is 19.217ms
04-11 02:51:39.491 24763 24781 I native-activity: Animating
04-11 02:51:39.497 24763 24781 I native-activity: Frame 255 GL error is 0x0
04-11 02:51:39.498 24763 24781 I native-activity: Frame 255 time is 7.284ms
04-11 02:51:39.507   958  1032 W AccountManagerService: insertAccountIntoDatabase: Account {name=default_account, type=com.amazon.firelauncher.account}, skipping since the account already exists
04-11 02:51:39.510 24763 24781 I native-activity: Swap 255 time is 19.360ms
04-11 02:51:39.510 24763 24781 I native-activity: Animating
04-11 02:51:39.520 24763 24781 I native-activity: Frame 256 GL error is 0x0
04-11 02:51:39.520 24763 24781 I native-activity: Frame 256 time is 9.429ms
04-11 02:51:39.532 24763 24781 I native-activity: Swap 256 time is 21.601ms
04-11 02:51:39.532 24763 24781 I native-activity: Animating
04-11 02:51:39.538   958  2830 W AccountManagerService: insertAccountIntoDatabase: Account {name=default_account, type=com.amazon.firelauncher.account}, skipping since the account already exists
04-11 02:51:39.540 24763 24781 I native-activity: Frame 257 GL error is 0x0
04-11 02:51:39.540 24763 24781 I native-activity: Frame 257 time is 7.541ms
04-11 02:51:39.549   958  2823 W AccountManagerService: insertAccountIntoDatabase: Account {name=default_account, type=com.amazon.firelauncher.account}, skipping since the account already exists
04-11 02:51:39.553 24763 24781 I native-activity: Swap 257 time is 20.720ms
04-11 02:51:39.553 24763 24781 I native-activity: Animating
04-11 02:51:39.553   958  1660 W AccountManagerService: insertAccountIntoDatabase: Account {name=default_account, type=com.amazon.firelauncher.account}, skipping since the account already exists
04-11 02:51:39.562 24763 24781 I native-activity: Frame 258 GL error is 0x0
04-11 02:51:39.562 24763 24781 I native-activity: Frame 258 time is 9.480ms
04-11 02:51:39.572   958  2825 W AccountManagerService: insertAccountIntoDatabase: Account {name=default_account, type=com.amazon.firelauncher.account}, skipping since the account already exists
04-11 02:51:39.575 24763 24781 I native-activity: Swap 258 time is 22.522ms
04-11 02:51:39.576 24763 24781 I native-activity: Animating
04-11 02:51:39.591 24763 24781 I native-activity: Context 0x546f7e98 made current on surface 0x5446c290, error 0x3000
04-11 02:51:39.591 24763 24781 I native-activity: GL information
04-11 02:51:39.591 24763 24781 I native-activity: 	Renderer: PowerVR Rogue G6200
04-11 02:51:39.591 24763 24781 I native-activity: 	Vendor: Imagination Technologies
04-11 02:51:39.591 24763 24781 I native-activity: 	Version: OpenGL ES 3.1 build 1.4@3573678
04-11 02:51:39.591 24763 24781 I native-activity: 	Shading Language: OpenGL ES GLSL ES 3.10 build 1.4@3573678
04-11 02:51:39.591 24763 24781 I native-activity: 	Extensions: GL_EXT_debug_marker GL_EXT_blend_minmax GL_EXT_color_buffer_float GL_EXT_discard_framebuffer GL_EXT_draw_buffers GL_EXT_multi_draw_arrays GL_EXT_multisampled_render_to_texture GL_EXT_occlusion_query_boolean GL_EXT_read_format_bgra GL_EXT_robustness GL_EXT_separate_shader_objects GL_EXT_shader_framebuffer_fetch GL_EXT_shader_texture_lod GL_EXT_texture_filter_anisotropic GL_EXT_texture_format_BGRA8888 GL_EXT_texture_rg GL_EXT_texture_sRGB_decode GL_IMG_multisampled_render_to_texture GL_IMG_program_binary GL_IMG_read_format GL_IMG_shader_binary GL_IMG_texture_compression_pvrtc GL_IMG_texture_compression_pvrtc2 GL_IMG_texture_format_BGRA8888 GL_IMG_texture_npot GL_KHR_blend_equation_advanced GL_KHR_blend_equation_advanced_coherent GL_KHR_debug GL_OES_compressed_ETC1_RGB8_texture GL_OES_depth24 GL_OES_depth_texture GL_OES_EGL_image GL_OES_EGL_image_external GL_OES_EGL_sync GL_OES_element_index_uint GL_OES_fragment_precision_high GL_OES_get_program_binary GL_OES_mapbuffer GL_OES_packed_depth_stencil G
04-11 02:51:39.591 24763 24781 I native-activity: Context 0x546f7e98 made current on surface 0x5446c290, error 0x3000
04-11 02:51:39.591 24763 24781 I native-activity: GL information
04-11 02:51:39.591 24763 24781 I native-activity: 	Renderer: PowerVR Rogue G6200
04-11 02:51:39.591 24763 24781 I native-activity: 	Vendor: Imagination Technologies
04-11 02:51:39.591 24763 24781 I native-activity: 	Version: OpenGL ES 3.1 build 1.4@3573678
04-11 02:51:39.591 24763 24781 I native-activity: 	Shading Language: OpenGL ES GLSL ES 3.10 build 1.4@3573678
04-11 02:51:39.591 24763 24781 I native-activity: 	Extensions: GL_EXT_debug_marker GL_EXT_blend_minmax GL_EXT_color_buffer_float GL_EXT_discard_framebuffer GL_EXT_draw_buffers GL_EXT_multi_draw_arrays GL_EXT_multisampled_render_to_texture GL_EXT_occlusion_query_boolean GL_EXT_read_format_bgra GL_EXT_robustness GL_EXT_separate_shader_objects GL_EXT_shader_framebuffer_fetch GL_EXT_shader_texture_lod GL_EXT_texture_filter_anisotropic GL_EXT_texture_format_BGRA8888 GL_EXT_texture_rg GL_EXT_texture_sRGB_decode GL_IMG_multisampled_render_to_texture GL_IMG_program_binary GL_IMG_read_format GL_IMG_shader_binary GL_IMG_texture_compression_pvrtc GL_IMG_texture_compression_pvrtc2 GL_IMG_texture_format_BGRA8888 GL_IMG_texture_npot GL_KHR_blend_equation_advanced GL_KHR_blend_equation_advanced_coherent GL_KHR_debug GL_OES_compressed_ETC1_RGB8_texture GL_OES_depth24 GL_OES_depth_texture GL_OES_EGL_image GL_OES_EGL_image_external GL_OES_EGL_sync GL_OES_element_index_uint GL_OES_fragment_precision_high GL_OES_get_program_binary GL_OES_mapbuffer GL_OES_packed_depth_stencil G
04-11 02:51:39.591 24763 24781 I native-activity: Frame 259 GL error is 0x501
04-11 02:51:39.591 24763 24781 I native-activity: Frame 259 time is 15.327ms
04-11 02:51:39.602 24763 24781 I native-activity: Swap 259 time is 26.846ms
04-11 02:51:39.602 24763 24781 I native-activity: Animating
04-11 02:51:39.609 24763 24781 I native-activity: Frame 260 GL error is 0x500
04-11 02:51:39.609 24763 24781 I native-activity: Frame 260 time is 6.368ms
04-11 02:51:39.621 24763 24781 I native-activity: Swap 260 time is 18.510ms
04-11 02:51:39.621 24763 24781 I native-activity: Animating
04-11 02:51:39.629 24763 24781 I native-activity: Frame 261 GL error is 0x0
04-11 02:51:39.629 24763 24781 I native-activity: Frame 261 time is 8.191ms
04-11 02:51:39.636   958   973 W AccountManagerService: insertAccountIntoDatabase: Account {name=default_account, type=com.amazon.firelauncher.account}, skipping since the account already exists
04-11 02:51:39.642 24763 24781 I native-activity: Swap 261 time is 20.570ms
04-11 02:51:39.642 24763 24781 I native-activity: Animating
04-11 02:51:39.649 24763 24781 I native-activity: Frame 262 GL error is 0x0
04-11 02:51:39.649 24763 24781 I native-activity: Frame 262 time is 7.052ms
04-11 02:51:39.661 24763 24781 I native-activity: Swap 262 time is 19.522ms
04-11 02:51:39.662 24763 24781 I native-activity: Animating
04-11 02:51:39.665   958  1695 W AccountManagerService: insertAccountIntoDatabase: Account {name=default_account, type=com.amazon.firelauncher.account}, skipping since the account already exists
04-11 02:51:39.671 24763 24781 I native-activity: Frame 263 GL error is 0x0
04-11 02:51:39.671 24763 24781 I native-activity: Frame 263 time is 9.031ms
04-11 02:51:39.671   958  1694 W AccountManagerService: insertAccountIntoDatabase: Account {name=default_account, type=com.amazon.firelauncher.account}, skipping since the account already exists
04-11 02:51:39.676   958  2830 W AccountManagerService: insertAccountIntoDatabase: Account {name=default_account, type=com.amazon.firelauncher.account}, skipping since the account already exists
04-11 02:51:39.683 24763 24781 I native-activity: Swap 263 time is 21.617ms
04-11 02:51:39.683 24763 24781 I native-activity: Animating
04-11 02:51:39.690 24763 24781 I native-activity: Frame 264 GL error is 0x0
04-11 02:51:39.690 24763 24781 I native-activity: Frame 264 time is 6.812ms
04-11 02:51:39.703 24763 24781 I native-activity: Swap 264 time is 19.603ms
04-11 02:51:39.703 24763 24781 I native-activity: Animating
04-11 02:51:39.696    93    93 I Kernel  : [310339.308958] (3)[93:irq/258-inv_irq]inv_mpu_iio: inv_read_fifo: Received Sensor Interrupt to read FIFO and Fifo_count is 6
04-11 02:51:39.710 24763 24781 I native-activity: Frame 265 GL error is 0x0
04-11 02:51:39.710 24763 24781 I native-activity: Frame 265 time is 6.523ms
04-11 02:51:39.719   958  2823 W AccountManagerService: insertAccountIntoDatabase: Account {name=default_account, type=com.amazon.firelauncher.account}, skipping since the account already exists
04-11 02:51:39.721 24763 24781 I native-activity: Swap 265 time is 18.416ms
04-11 02:51:39.722 24763 24781 I native-activity: Animating
04-11 02:51:39.736   958  1585 W AccountManagerService: insertAccountIntoDatabase: Account {name=default_account, type=com.amazon.firelauncher.account}, skipping since the account already exists
04-11 02:51:39.742 24763 24781 I native-activity: Frame 266 GL error is 0x0
04-11 02:51:39.742 24763 24781 I native-activity: Frame 266 time is 20.241ms
04-11 02:51:39.748   958  1235 W AccountManagerService: insertAccountIntoDatabase: Account {name=default_account, type=com.amazon.firelauncher.account}, skipping since the account already exists
04-11 02:51:39.756 24763 24781 I native-activity: Swap 266 time is 34.517ms
04-11 02:51:39.756 24763 24781 I native-activity: Animating
04-11 02:51:39.773 24763 24781 I native-activity: Frame 267 GL error is 0x0
04-11 02:51:39.773 24763 24781 I native-activity: Frame 267 time is 17.210ms
04-11 02:51:39.774   958  1660 W AccountManagerService: insertAccountIntoDatabase: Account {name=default_account, type=com.amazon.firelauncher.account}, skipping since the account already exists
04-11 02:51:39.782 24763 24781 I native-activity: Swap 267 time is 26.107ms
04-11 02:51:39.782 24763 24781 I native-activity: Animating
04-11 02:51:39.791 24763 24781 I native-activity: Frame 268 GL error is 0x0
04-11 02:51:39.791 24763 24781 I native-activity: Frame 268 time is 8.784ms
04-11 02:51:39.793   958  2815 D WifiService: acquireWifiLockLocked: WifiLock{com.amazon.dcp.framework.iuc.ConnectionEstablisherWithConnectivityEnforcement type=1 binder=android.os.BinderProxy@163eb461}
04-11 02:51:39.801   958  1032 W AccountManagerService: insertAccountIntoDatabase: Account {name=default_account, type=com.amazon.firelauncher.account}, skipping since the account already exists
04-11 02:51:39.808 24763 24781 I native-activity: Swap 268 time is 25.283ms
04-11 02:51:39.808 24763 24781 I native-activity: Animating
04-11 02:51:39.819 24763 24781 I native-activity: Frame 269 GL error is 0x0
04-11 02:51:39.819 24763 24781 I native-activity: Frame 269 time is 10.779ms
04-11 02:51:39.824   958  1660 D ActivityManager: single user service: com.amazon.imp
04-11 02:51:39.825   958  2823 W AccountManagerService: insertAccountIntoDatabase: Account {name=default_account, type=com.amazon.firelauncher.account}, skipping since the account already exists
04-11 02:51:39.826   958  1660 D ActivityManager: app = com.amazon.imp, has single user service, setting process record.
04-11 02:51:39.834 24763 24781 I native-activity: Swap 269 time is 26.582ms
04-11 02:51:39.834 24763 24781 I native-activity: Animating
04-11 02:51:39.836   958  1585 W AccountManagerService: insertAccountIntoDatabase: Account {name=default_account, type=com.amazon.firelauncher.account}, skipping since the account already exists
04-11 02:51:39.844 24763 24781 I native-activity: Frame 270 GL error is 0x0
04-11 02:51:39.844 24763 24781 I native-activity: Frame 270 time is 9.291ms
04-11 02:51:39.852   958  1713 W AccountManagerService: insertAccountIntoDatabase: Account {name=default_account, type=com.amazon.firelauncher.account}, skipping since the account already exists
04-11 02:51:39.859 24763 24781 I native-activity: Swap 270 time is 24.647ms
04-11 02:51:39.859 24763 24781 I native-activity: Animating
04-11 02:51:39.864 24763 24781 I native-activity: Frame 271 GL error is 0x0
04-11 02:51:39.864 24763 24781 I native-activity: Frame 271 time is 4.792ms
04-11 02:51:39.871   958  3891 W AccountManagerService: insertAccountIntoDatabase: Account {name=default_account, type=com.amazon.firelauncher.account}, skipping since the account already exists
04-11 02:51:39.880 24763 24781 I native-activity: Swap 271 time is 20.339ms
04-11 02:51:39.880 24763 24781 I native-activity: Animating
04-11 02:51:39.887 24763 24781 I native-activity: Frame 272 GL error is 0x0
04-11 02:51:39.887 24763 24781 I native-activity: Frame 272 time is 7.440ms
04-11 02:51:39.894   958  2829 W AccountManagerService: insertAccountIntoDatabase: Account {name=default_account, type=com.amazon.firelauncher.account}, skipping since the account already exists
04-11 02:51:39.901 24763 24781 I native-activity: Swap 272 time is 21.556ms
04-11 02:51:39.901 24763 24781 I native-activity: Animating
04-11 02:51:39.907 24763 24781 I native-activity: Frame 273 GL error is 0x0
04-11 02:51:39.907 24763 24781 I native-activity: Frame 273 time is 5.827ms
04-11 02:51:39.922 24763 24781 I native-activity: Swap 273 time is 20.990ms
04-11 02:51:39.922 24763 24781 I native-activity: Animating
04-11 02:51:39.946 24763 24781 I native-activity: Frame 274 GL error is 0x501
04-11 02:51:39.946 24763 24781 I native-activity: Frame 274 time is 23.462ms
04-11 02:51:39.961 24763 24781 I native-activity: Swap 274 time is 38.319ms
04-11 02:51:39.961 24763 24781 I native-activity: Animating
04-11 02:51:39.967 24763 24781 I native-activity: Frame 275 GL error is 0x0
04-11 02:51:39.967 24763 24781 I native-activity: Frame 275 time is 6.024ms
04-11 02:51:39.982 24763 24781 I native-activity: Swap 275 time is 20.648ms
04-11 02:51:39.982 24763 24781 I native-activity: Animating
04-11 02:51:39.987 24763 24781 I native-activity: Frame 276 GL error is 0x0
04-11 02:51:39.987 24763 24781 I native-activity: Frame 276 time is 5.316ms
04-11 02:51:40.001 24763 24781 I native-activity: Swap 276 time is 19.831ms
04-11 02:51:40.001 24763 24781 I native-activity: Animating
04-11 02:51:40.008 24763 24781 I native-activity: Frame 277 GL error is 0x0
04-11 02:51:40.008 24763 24781 I native-activity: Frame 277 time is 6.287ms
04-11 02:51:40.023 24763 24781 I native-activity: Swap 277 time is 21.253ms
04-11 02:51:40.023 24763 24781 I native-activity: Animating
04-11 02:51:40.027 24763 24781 I native-activity: Frame 278 GL error is 0x0
04-11 02:51:40.027 24763 24781 I native-activity: Frame 278 time is 4.586ms
04-11 02:51:40.042 24763 24781 I native-activity: Swap 278 time is 19.283ms
04-11 02:51:40.042 24763 24781 I native-activity: Animating
04-11 02:51:40.048 24763 24781 I native-activity: Frame 279 GL error is 0x0
04-11 02:51:40.048 24763 24781 I native-activity: Frame 279 time is 5.535ms
04-11 02:51:40.063 24763 24781 I native-activity: Swap 279 time is 20.575ms
04-11 02:51:40.063 24763 24781 I native-activity: Animating
04-11 02:51:40.073 24763 24781 I native-activity: Frame 280 GL error is 0x0
04-11 02:51:40.073 24763 24781 I native-activity: Frame 280 time is 10.549ms
04-11 02:51:40.086 24763 24781 I native-activity: Swap 280 time is 23.270ms
04-11 02:51:40.086 24763 24781 I native-activity: Animating
04-11 02:51:40.098 24763 24781 I native-activity: Frame 281 GL error is 0x0
04-11 02:51:40.098 24763 24781 I native-activity: Frame 281 time is 11.264ms
04-11 02:51:40.107 24763 24781 I native-activity: Swap 281 time is 21.096ms
04-11 02:51:40.108 24763 24781 I native-activity: Animating
04-11 02:51:40.118 24763 24781 I native-activity: Frame 282 GL error is 0x0
04-11 02:51:40.118 24763 24781 I native-activity: Frame 282 time is 10.601ms
04-11 02:51:40.128 24763 24781 I native-activity: Swap 282 time is 20.369ms
04-11 02:51:40.128 24763 24781 I native-activity: Animating
04-11 02:51:40.139 24763 24781 I native-activity: Frame 283 GL error is 0x0
04-11 02:51:40.139 24763 24781 I native-activity: Frame 283 time is 10.872ms
04-11 02:51:40.148 24763 24781 I native-activity: Swap 283 time is 20.191ms
04-11 02:51:40.148 24763 24781 I native-activity: Animating
04-11 02:51:40.161 24763 24781 I native-activity: Frame 284 GL error is 0x0
04-11 02:51:40.161 24763 24781 I native-activity: Frame 284 time is 12.211ms
04-11 02:51:40.170 24763 24781 I native-activity: Swap 284 time is 21.538ms
04-11 02:51:40.170 24763 24781 I native-activity: Animating
04-11 02:51:40.182 24763 24781 I native-activity: Frame 285 GL error is 0x0
04-11 02:51:40.182 24763 24781 I native-activity: Frame 285 time is 12.192ms
04-11 02:51:40.192 24763 24781 I native-activity: Swap 285 time is 21.643ms
04-11 02:51:40.192 24763 24781 I native-activity: Animating
04-11 02:51:40.204 24763 24781 I native-activity: Frame 286 GL error is 0x0
04-11 02:51:40.204 24763 24781 I native-activity: Frame 286 time is 12.115ms
04-11 02:51:40.213 24763 24781 I native-activity: Swap 286 time is 21.431ms
04-11 02:51:40.214 24763 24781 I native-activity: Animating
04-11 02:51:40.231 24763 24781 I native-activity: Frame 287 GL error is 0x0
04-11 02:51:40.231 24763 24781 I native-activity: Frame 287 time is 17.265ms
04-11 02:51:40.240 24763 24781 I native-activity: Swap 287 time is 25.977ms
04-11 02:51:40.241 24763 24781 I native-activity: Animating
04-11 02:51:40.262 24763 24781 I native-activity: Frame 288 GL error is 0x0
04-11 02:51:40.263 24763 24781 I native-activity: Frame 288 time is 21.526ms
04-11 02:51:40.271 24763 24781 I native-activity: Swap 288 time is 30.064ms
04-11 02:51:40.272 24763 24781 I native-activity: Animating
04-11 02:51:40.284 24763 24781 I native-activity: Frame 289 GL error is 0x0
04-11 02:51:40.284 24763 24781 I native-activity: Frame 289 time is 12.222ms
04-11 02:51:40.293 24763 24781 I native-activity: Swap 289 time is 21.451ms
04-11 02:51:40.293 24763 24781 I native-activity: Animating
04-11 02:51:40.306 24763 24781 I native-activity: Frame 290 GL error is 0x0
04-11 02:51:40.306 24763 24781 I native-activity: Frame 290 time is 12.419ms
04-11 02:51:40.311   958  1720 D WifiService: releaseWifiLockLocked: WifiLock{com.amazon.dcp.framework.iuc.ConnectionEstablisherWithConnectivityEnforcement type=1 binder=android.os.BinderProxy@163eb461}
04-11 02:51:40.315 24763 24781 I native-activity: Swap 290 time is 21.860ms
04-11 02:51:40.315 24763 24781 I native-activity: Animating
04-11 02:51:40.327 24763 24781 I native-activity: Frame 291 GL error is 0x0
04-11 02:51:40.327 24763 24781 I native-activity: Frame 291 time is 12.118ms
04-11 02:51:40.338 24763 24781 I native-activity: Swap 291 time is 22.712ms
04-11 02:51:40.338 24763 24781 I native-activity: Animating
04-11 02:51:40.349 24763 24781 I native-activity: Frame 292 GL error is 0x0
04-11 02:51:40.349 24763 24781 I native-activity: Frame 292 time is 10.412ms
04-11 02:51:40.359 24763 24781 I native-activity: Swap 292 time is 21.103ms
04-11 02:51:40.359 24763 24781 I native-activity: Animating
04-11 02:51:40.375 24763 24781 I native-activity: Frame 293 GL error is 0x0
04-11 02:51:40.376 24763 24781 I native-activity: Frame 293 time is 16.088ms
04-11 02:51:40.386 24763 24781 I native-activity: Swap 293 time is 26.269ms
04-11 02:51:40.386 24763 24781 I native-activity: Animating
04-11 02:51:40.397 24763 24781 I native-activity: Frame 294 GL error is 0x0
04-11 02:51:40.397 24763 24781 I native-activity: Frame 294 time is 10.826ms
04-11 02:51:40.408 24763 24781 I native-activity: Swap 294 time is 21.722ms
04-11 02:51:40.408 24763 24781 I native-activity: Animating
04-11 02:51:40.420 24763 24781 I native-activity: Frame 295 GL error is 0x0
04-11 02:51:40.420 24763 24781 I native-activity: Frame 295 time is 11.976ms
04-11 02:51:40.432 24763 24781 I native-activity: Swap 295 time is 24.426ms
04-11 02:51:40.432 24763 24781 I native-activity: Animating
04-11 02:51:40.437 24763 24781 I native-activity: Frame 296 GL error is 0x0
04-11 02:51:40.437 24763 24781 I native-activity: Frame 296 time is 4.679ms
04-11 02:51:40.449 24763 24781 I native-activity: Swap 296 time is 16.302ms
04-11 02:51:40.449 24763 24781 I native-activity: Animating
04-11 02:51:40.454 24763 24781 I native-activity: Frame 297 GL error is 0x0
04-11 02:51:40.454 24763 24781 I native-activity: Frame 297 time is 5.302ms
04-11 02:51:40.465 24763 24781 I native-activity: Swap 297 time is 16.772ms
04-11 02:51:40.466 24763 24781 I native-activity: Animating
04-11 02:51:40.470 24763 24781 I native-activity: Frame 298 GL error is 0x0
04-11 02:51:40.470 24763 24781 I native-activity: Frame 298 time is 4.640ms
04-11 02:51:40.482 24763 24781 I native-activity: Swap 298 time is 16.442ms
04-11 02:51:40.482 24763 24781 I native-activity: Animating
04-11 02:51:40.488 24763 24781 I native-activity: Frame 299 GL error is 0x0
04-11 02:51:40.488 24763 24781 I native-activity: Frame 299 time is 5.551ms
04-11 02:51:40.500 24763 24781 I native-activity: Swap 299 time is 17.482ms
04-11 02:51:40.500 24763 24781 I native-activity: Animating
04-11 02:51:40.504 24763 24781 I native-activity: Frame 300 GL error is 0x0
04-11 02:51:40.504 24763 24781 I native-activity: Frame 300 time is 4.593ms
04-11 02:51:40.516 24763 24781 I native-activity: Swap 300 time is 16.148ms
04-11 02:51:40.516 24763 24781 I native-activity: Animating
04-11 02:51:40.522 24763 24781 I native-activity: Frame 301 GL error is 0x0
04-11 02:51:40.522 24763 24781 I native-activity: Frame 301 time is 5.826ms
04-11 02:51:40.534 24763 24781 I native-activity: Swap 301 time is 18.586ms
04-11 02:51:40.535 24763 24781 I native-activity: Animating
04-11 02:51:40.539 24763 24781 I native-activity: Frame 302 GL error is 0x0
04-11 02:51:40.539 24763 24781 I native-activity: Frame 302 time is 4.573ms
04-11 02:51:40.526    93    93 I Kernel  : [310340.140624] (3)[93:irq/258-inv_irq]inv_mpu_iio: inv_read_fifo: Received Sensor Interrupt to read FIFO and Fifo_count is 6
04-11 02:51:40.551 24763 24781 I native-activity: Swap 302 time is 16.607ms
04-11 02:51:40.551 24763 24781 I native-activity: Animating
04-11 02:51:40.557 24763 24781 I native-activity: Frame 303 GL error is 0x0
04-11 02:51:40.557 24763 24781 I native-activity: Frame 303 time is 6.085ms
04-11 02:51:40.568 24763 24781 I native-activity: Swap 303 time is 16.561ms
04-11 02:51:40.568 24763 24781 I native-activity: Animating
04-11 02:51:40.572 24763 24781 I native-activity: Frame 304 GL error is 0x0
04-11 02:51:40.572 24763 24781 I native-activity: Frame 304 time is 4.498ms
04-11 02:51:40.584 24763 24781 I native-activity: Swap 304 time is 16.523ms
04-11 02:51:40.584 24763 24781 I native-activity: Animating
04-11 02:51:40.591 24763 24781 I native-activity: Frame 305 GL error is 0x0
04-11 02:51:40.591 24763 24781 I native-activity: Frame 305 time is 6.112ms
04-11 02:51:40.603 24763 24781 I native-activity: Swap 305 time is 18.288ms
04-11 02:51:40.603 24763 24781 I native-activity: Animating
04-11 02:51:40.608 24763 24781 I native-activity: Frame 306 GL error is 0x0
04-11 02:51:40.608 24763 24781 I native-activity: Frame 306 time is 5.522ms
04-11 02:51:40.620 24763 24781 I native-activity: Swap 306 time is 17.529ms
04-11 02:51:40.621 24763 24781 I native-activity: Animating
04-11 02:51:40.626 24763 24781 I native-activity: Frame 307 GL error is 0x0
04-11 02:51:40.626 24763 24781 I native-activity: Frame 307 time is 5.344ms
04-11 02:51:40.638 24763 24781 I native-activity: Swap 307 time is 17.249ms
04-11 02:51:40.638 24763 24781 I native-activity: Animating
04-11 02:51:40.642 24763 24781 I native-activity: Frame 308 GL error is 0x0
04-11 02:51:40.642 24763 24781 I native-activity: Frame 308 time is 4.380ms
04-11 02:51:40.654 24763 24781 I native-activity: Swap 308 time is 15.819ms
04-11 02:51:40.654 24763 24781 I native-activity: Animating
04-11 02:51:40.659 24763 24781 I native-activity: Frame 309 GL error is 0x0
04-11 02:51:40.659 24763 24781 I native-activity: Frame 309 time is 5.369ms
04-11 02:51:40.656    93    93 I Kernel  : [310340.269550] (3)[93:irq/258-inv_irq]inv_mpu_iio: inv_push_8bytes_buffer: Received Accel Sensor Data at Driver Layer -456, 1736, -16356
04-11 02:51:40.671 24763 24781 I native-activity: Swap 309 time is 17.005ms
04-11 02:51:40.671 24763 24781 I native-activity: Animating
04-11 02:51:40.677 24763 24781 I native-activity: Frame 310 GL error is 0x0
