04-13 01:09:26.992 10967 10985 I native-activity: Animating
04-13 01:09:27.005 10967 10985 I native-activity: Frame 154 GL error is 0x0
04-13 01:09:27.005 10967 10985 I native-activity: Frame 154 time is 12.220ms
04-13 01:09:27.023 10967 10985 I native-activity: Swap 154 time is 30.192ms
04-13 01:09:27.024 10967 10985 I native-activity: Animating
04-13 01:09:27.037 10967 10985 I native-activity: Frame 155 GL error is 0x0
04-13 01:09:27.037 10967 10985 I native-activity: Frame 155 time is 12.419ms
04-13 01:09:27.054 10967 10985 I native-activity: Swap 155 time is 29.676ms
04-13 01:09:27.054 10967 10985 I native-activity: Animating
04-13 01:09:27.067 10967 10985 I native-activity: Frame 156 GL error is 0x0
04-13 01:09:27.067 10967 10985 I native-activity: Frame 156 time is 13.174ms
04-13 01:09:27.085 10967 10985 I native-activity: Swap 156 time is 30.519ms
04-13 01:09:27.085 10967 10985 I native-activity: Animating
04-13 01:09:27.101 10967 10985 I native-activity: Frame 157 GL error is 0x0
04-13 01:09:27.101 10967 10985 I native-activity: Frame 157 time is 16.418ms
04-13 01:09:27.115 10967 10985 I native-activity: Swap 157 time is 30.322ms
04-13 01:09:27.116 10967 10985 I native-activity: Animating
04-13 01:09:27.128 10967 10985 I native-activity: Frame 158 GL error is 0x0
04-13 01:09:27.130 10967 10985 I native-activity: Frame 158 time is 14.476ms
04-13 01:09:27.147 10967 10985 I native-activity: Swap 158 time is 31.074ms
04-13 01:09:27.147 10967 10985 I native-activity: Animating
04-13 01:09:27.160 10967 10985 I native-activity: Frame 159 GL error is 0x0
04-13 01:09:27.160 10967 10985 I native-activity: Frame 159 time is 12.843ms
04-13 01:09:27.177 10967 10985 I native-activity: Swap 159 time is 29.762ms
04-13 01:09:27.177 10967 10985 I native-activity: Animating
04-13 01:09:27.193 10967 10985 I native-activity: Frame 160 GL error is 0x0
04-13 01:09:27.194 10967 10985 I native-activity: Frame 160 time is 17.082ms
04-13 01:09:27.208 10967 10985 I native-activity: Swap 160 time is 31.031ms
04-13 01:09:27.208 10967 10985 I native-activity: Animating
04-13 01:09:27.210   962  1723 D WifiService: releaseWifiLockLocked: WifiLock{com.amazon.dcp.framework.iuc.ConnectionEstablisherWithConnectivityEnforcement type=1 binder=android.os.BinderProxy@1cd8b4cf}
04-13 01:09:27.221 10967 10985 I native-activity: Frame 161 GL error is 0x0
04-13 01:09:27.221 10967 10985 I native-activity: Frame 161 time is 12.885ms
04-13 01:09:27.238 10967 10985 I native-activity: Swap 161 time is 29.856ms
04-13 01:09:27.238 10967 10985 I native-activity: Animating
04-13 01:09:27.252 10967 10985 I native-activity: Frame 162 GL error is 0x0
04-13 01:09:27.252 10967 10985 I native-activity: Frame 162 time is 13.542ms
04-13 01:09:27.269 10967 10985 I native-activity: Swap 162 time is 30.412ms
04-13 01:09:27.269 10967 10985 I native-activity: Animating
04-13 01:09:27.283 10967 10985 I native-activity: Frame 163 GL error is 0x0
04-13 01:09:27.283 10967 10985 I native-activity: Frame 163 time is 13.761ms
04-13 01:09:27.300 10967 10985 I native-activity: Swap 163 time is 31.332ms
04-13 01:09:27.300 10967 10985 I native-activity: Animating
04-13 01:09:27.297    93    93 I Kernel  : [ 3485.895553] (3)[93:irq/258-inv_irq]inv_mpu_iio: inv_read_fifo: Received Sensor Interrupt to read FIFO and Fifo_count is 6
04-13 01:09:27.313 10967 10985 I native-activity: Frame 164 GL error is 0x0
04-13 01:09:27.313 10967 10985 I native-activity: Frame 164 time is 12.693ms
04-13 01:09:27.332 10967 10985 I native-activity: Swap 164 time is 31.592ms
04-13 01:09:27.332 10967 10985 I native-activity: Animating
04-13 01:09:27.345 10967 10985 I native-activity: Frame 165 GL error is 0x0
04-13 01:09:27.345 10967 10985 I native-activity: Frame 165 time is 12.686ms
04-13 01:09:27.363 10967 10985 I native-activity: Swap 165 time is 31.280ms
04-13 01:09:27.364 10967 10985 I native-activity: Animating
04-13 01:09:27.376 10967 10985 I native-activity: Frame 166 GL error is 0x0
04-13 01:09:27.376 10967 10985 I native-activity: Frame 166 time is 12.767ms
04-13 01:09:27.395 10967 10985 I native-activity: Swap 166 time is 31.567ms
04-13 01:09:27.395 10967 10985 I native-activity: Animating
04-13 01:09:27.408 10967 10985 I native-activity: Frame 167 GL error is 0x0
04-13 01:09:27.408 10967 10985 I native-activity: Frame 167 time is 12.841ms
04-13 01:09:27.426 10967 10985 I native-activity: Swap 167 time is 31.110ms
04-13 01:09:27.426 10967 10985 I native-activity: Animating
04-13 01:09:27.439 10967 10985 I native-activity: Frame 168 GL error is 0x0
04-13 01:09:27.439 10967 10985 I native-activity: Frame 168 time is 12.333ms
04-13 01:09:27.458 10967 10985 I native-activity: Swap 168 time is 31.507ms
04-13 01:09:27.458 10967 10985 I native-activity: Animating
04-13 01:09:27.471 10967 10985 I native-activity: Frame 169 GL error is 0x0
04-13 01:09:27.471 10967 10985 I native-activity: Frame 169 time is 13.210ms
04-13 01:09:27.490 10967 10985 I native-activity: Swap 169 time is 32.016ms
04-13 01:09:27.490 10967 10985 I native-activity: Animating
04-13 01:09:27.502 10967 10985 I native-activity: Frame 170 GL error is 0x0
04-13 01:09:27.503 10967 10985 I native-activity: Frame 170 time is 12.296ms
04-13 01:09:27.522 10967 10985 I native-activity: Swap 170 time is 31.281ms
04-13 01:09:27.522 10967 10985 I native-activity: Animating
04-13 01:09:27.533 10967 10985 I native-activity: Frame 171 GL error is 0x0
04-13 01:09:27.533 10967 10985 I native-activity: Frame 171 time is 11.650ms
04-13 01:09:27.552 10967 10985 I native-activity: Swap 171 time is 30.749ms
04-13 01:09:27.552 10967 10985 I native-activity: Animating
04-13 01:09:27.564 10967 10985 I native-activity: Frame 172 GL error is 0x0
04-13 01:09:27.564 10967 10985 I native-activity: Frame 172 time is 11.454ms
04-13 01:09:27.583 10967 10985 I native-activity: Swap 172 time is 30.688ms
04-13 01:09:27.583 10967 10985 I native-activity: Animating
04-13 01:09:27.595 10967 10985 I native-activity: Frame 173 GL error is 0x0
04-13 01:09:27.596 10967 10985 I native-activity: Frame 173 time is 12.098ms
04-13 01:09:27.614 10967 10985 I native-activity: Swap 173 time is 30.835ms
04-13 01:09:27.614 10967 10985 I native-activity: Animating
04-13 01:09:27.628 10967 10985 I native-activity: Frame 174 GL error is 0x0
04-13 01:09:27.630 10967 10985 I native-activity: Frame 174 time is 15.202ms
04-13 01:09:27.645 10967 10985 I native-activity: Swap 174 time is 30.406ms
04-13 01:09:27.645 10967 10985 I native-activity: Animating
04-13 01:09:27.659 10967 10985 I native-activity: Frame 175 GL error is 0x0
04-13 01:09:27.660 10967 10985 I native-activity: Frame 175 time is 15.108ms
04-13 01:09:27.676 10967 10985 I native-activity: Swap 175 time is 30.550ms
04-13 01:09:27.676 10967 10985 I native-activity: Animating
04-13 01:09:27.689 10967 10985 I native-activity: Frame 176 GL error is 0x0
04-13 01:09:27.689 10967 10985 I native-activity: Frame 176 time is 13.487ms
04-13 01:09:27.706 10967 10985 I native-activity: Swap 176 time is 30.179ms
04-13 01:09:27.706 10967 10985 I native-activity: Animating
04-13 01:09:27.719 10967 10985 I native-activity: Frame 177 GL error is 0x0
04-13 01:09:27.721 10967 10985 I native-activity: Frame 177 time is 14.404ms
04-13 01:09:27.737 10967 10985 I native-activity: Swap 177 time is 30.384ms
04-13 01:09:27.737 10967 10985 I native-activity: Animating
04-13 01:09:27.751 10967 10985 I native-activity: Frame 178 GL error is 0x0
04-13 01:09:27.751 10967 10985 I native-activity: Frame 178 time is 13.969ms
04-13 01:09:27.767 10967 10985 I native-activity: Swap 178 time is 30.594ms
04-13 01:09:27.768 10967 10985 I native-activity: Animating
04-13 01:09:27.784 10967 10985 I native-activity: Frame 179 GL error is 0x0
04-13 01:09:27.785 10967 10985 I native-activity: Frame 179 time is 17.317ms
04-13 01:09:27.798 10967 10985 I native-activity: Swap 179 time is 30.310ms
04-13 01:09:27.798 10967 10985 I native-activity: Animating
04-13 01:09:27.815 10967 10985 I native-activity: Frame 180 GL error is 0x0
04-13 01:09:27.816 10967 10985 I native-activity: Frame 180 time is 17.777ms
04-13 01:09:27.828 10967 10985 I native-activity: Swap 180 time is 30.259ms
04-13 01:09:27.830 10967 10985 I native-activity: Animating
04-13 01:09:27.841 10967 10985 I native-activity: Frame 181 GL error is 0x0
04-13 01:09:27.841 10967 10985 I native-activity: Frame 181 time is 10.691ms
04-13 01:09:27.859 10967 10985 I native-activity: Swap 181 time is 28.422ms
04-13 01:09:27.859 10967 10985 I native-activity: Animating
04-13 01:09:27.873 10967 10985 I native-activity: Frame 182 GL error is 0x0
04-13 01:09:27.873 10967 10985 I native-activity: Frame 182 time is 13.970ms
04-13 01:09:27.890 10967 10985 I native-activity: Swap 182 time is 30.268ms
04-13 01:09:27.890 10967 10985 I native-activity: Animating
04-13 01:09:27.903 10967 10985 I native-activity: Frame 183 GL error is 0x0
04-13 01:09:27.904 10967 10985 I native-activity: Frame 183 time is 14.400ms
04-13 01:09:27.921 10967 10985 I native-activity: Swap 183 time is 30.717ms
04-13 01:09:27.921 10967 10985 I native-activity: Animating
04-13 01:09:27.934 10967 10985 I native-activity: Frame 184 GL error is 0x0
04-13 01:09:27.934 10967 10985 I native-activity: Frame 184 time is 12.966ms
04-13 01:09:27.951 10967 10985 I native-activity: Swap 184 time is 30.157ms
04-13 01:09:27.951 10967 10985 I native-activity: Animating
04-13 01:09:27.965 10967 10985 I native-activity: Frame 185 GL error is 0x0
04-13 01:09:27.966 10967 10985 I native-activity: Frame 185 time is 15.111ms
04-13 01:09:27.982 10967 10985 I native-activity: Swap 185 time is 30.888ms
04-13 01:09:27.982 10967 10985 I native-activity: Animating
04-13 01:09:27.999 10967 10985 I native-activity: Frame 186 GL error is 0x0
04-13 01:09:27.999 10967 10985 I native-activity: Frame 186 time is 17.039ms
04-13 01:09:28.013 10967 10985 I native-activity: Swap 186 time is 30.140ms
04-13 01:09:28.013 10967 10985 I native-activity: Animating
04-13 01:09:28.028 10967 10985 I native-activity: Frame 187 GL error is 0x0
04-13 01:09:28.028 10967 10985 I native-activity: Frame 187 time is 15.581ms
04-13 01:09:28.043 10967 10985 I native-activity: Swap 187 time is 30.192ms
04-13 01:09:28.044 10967 10985 I native-activity: Animating
04-13 01:09:28.058 10967 10985 I native-activity: Frame 188 GL error is 0x0
04-13 01:09:28.060 10967 10985 I native-activity: Frame 188 time is 15.563ms
04-13 01:09:28.074 10967 10985 I native-activity: Swap 188 time is 30.553ms
04-13 01:09:28.077 10967 10985 I native-activity: Animating
04-13 01:09:28.089 10967 10985 I native-activity: Frame 189 GL error is 0x0
04-13 01:09:28.089 10967 10985 I native-activity: Frame 189 time is 11.292ms
04-13 01:09:28.105 10967 10985 I native-activity: Swap 189 time is 26.870ms
04-13 01:09:28.105 10967 10985 I native-activity: Animating
04-13 01:09:28.120 10967 10985 I native-activity: Frame 190 GL error is 0x0
04-13 01:09:28.120 10967 10985 I native-activity: Frame 190 time is 15.165ms
04-13 01:09:28.135 10967 10985 I native-activity: Swap 190 time is 30.140ms
04-13 01:09:28.135 10967 10985 I native-activity: Animating
04-13 01:09:28.127    93    93 I Kernel  : [ 3486.727393] (0)[93:irq/258-inv_irq]inv_mpu_iio: inv_read_fifo: Received Sensor Interrupt to read FIFO and Fifo_count is 6
04-13 01:09:28.150 10967 10985 I native-activity: Frame 191 GL error is 0x0
04-13 01:09:28.150 10967 10985 I native-activity: Frame 191 time is 14.750ms
04-13 01:09:28.166 10967 10985 I native-activity: Swap 191 time is 30.508ms
04-13 01:09:28.166 10967 10985 I native-activity: Animating
04-13 01:09:28.181 10967 10985 I native-activity: Frame 192 GL error is 0x0
04-13 01:09:28.181 10967 10985 I native-activity: Frame 192 time is 15.060ms
04-13 01:09:28.196 10967 10985 I native-activity: Swap 192 time is 30.121ms
04-13 01:09:28.197 10967 10985 I native-activity: Animating
04-13 01:09:28.212 10967 10985 I native-activity: Frame 193 GL error is 0x0
04-13 01:09:28.212 10967 10985 I native-activity: Frame 193 time is 15.385ms
04-13 01:09:28.227 10967 10985 I native-activity: Swap 193 time is 30.330ms
04-13 01:09:28.227 10967 10985 I native-activity: Animating
04-13 01:09:28.242 10967 10985 I native-activity: Frame 194 GL error is 0x0
04-13 01:09:28.242 10967 10985 I native-activity: Frame 194 time is 14.855ms
04-13 01:09:28.258 10967 10985 I native-activity: Swap 194 time is 30.536ms
04-13 01:09:28.258 10967 10985 I native-activity: Animating
04-13 01:09:28.275 10967 10985 I native-activity: Frame 195 GL error is 0x0
04-13 01:09:28.275 10967 10985 I native-activity: Frame 195 time is 17.067ms
04-13 01:09:28.289 10967 10985 I native-activity: Swap 195 time is 30.317ms
04-13 01:09:28.289 10967 10985 I native-activity: Animating
04-13 01:09:28.303 10967 10985 I native-activity: Frame 196 GL error is 0x0
04-13 01:09:28.304 10967 10985 I native-activity: Frame 196 time is 14.527ms
04-13 01:09:28.319 10967 10985 I native-activity: Swap 196 time is 30.032ms
04-13 01:09:28.319 10967 10985 I native-activity: Animating
04-13 01:09:28.334 10967 10985 I native-activity: Frame 197 GL error is 0x0
04-13 01:09:28.335 10967 10985 I native-activity: Frame 197 time is 15.169ms
04-13 01:09:28.350 10967 10985 I native-activity: Swap 197 time is 30.364ms
04-13 01:09:28.350 10967 10985 I native-activity: Animating
04-13 01:09:28.365 10967 10985 I native-activity: Frame 198 GL error is 0x0
04-13 01:09:28.365 10967 10985 I native-activity: Frame 198 time is 15.319ms
04-13 01:09:28.381 10967 10985 I native-activity: Swap 198 time is 30.660ms
04-13 01:09:28.381 10967 10985 I native-activity: Animating
04-13 01:09:28.395 10967 10985 I native-activity: Frame 199 GL error is 0x0
04-13 01:09:28.396 10967 10985 I native-activity: Frame 199 time is 14.505ms
04-13 01:09:28.412 10967 10985 I native-activity: Swap 199 time is 30.618ms
04-13 01:09:28.412 10967 10985 I native-activity: Animating
04-13 01:09:28.427 10967 10985 I native-activity: Frame 200 GL error is 0x0
04-13 01:09:28.417    93    93 I Kernel  : [ 3487.016264] (0)[93:irq/258-inv_irq]inv_mpu_iio: inv_push_8bytes_buffer: Received Accel Sensor Data at Driver Layer -932, 1920, -16328
04-13 01:09:28.427 10967 10985 I native-activity: Frame 200 time is 14.713ms
04-13 01:09:28.442 10967 10985 I native-activity: Swap 200 time is 29.877ms
04-13 01:09:28.442 10967 10985 I native-activity: Animating
04-13 01:09:28.457 10967 10985 I native-activity: Frame 201 GL error is 0x0
04-13 01:09:28.457 10967 10985 I native-activity: Frame 201 time is 14.397ms
04-13 01:09:28.472 10967 10985 I native-activity: Swap 201 time is 30.095ms
04-13 01:09:28.473 10967 10985 I native-activity: Animating
04-13 01:09:28.487 10967 10985 I native-activity: Frame 202 GL error is 0x0
04-13 01:09:28.487 10967 10985 I native-activity: Frame 202 time is 14.517ms
04-13 01:09:28.503 10967 10985 I native-activity: Swap 202 time is 30.379ms
04-13 01:09:28.503 10967 10985 I native-activity: Animating
04-13 01:09:28.518 10967 10985 I native-activity: Frame 203 GL error is 0x0
04-13 01:09:28.519 10967 10985 I native-activity: Frame 203 time is 14.977ms
04-13 01:09:28.534 10967 10985 I native-activity: Swap 203 time is 30.240ms
04-13 01:09:28.534 10967 10985 I native-activity: Animating
04-13 01:09:28.548 10967 10985 I native-activity: Frame 204 GL error is 0x0
04-13 01:09:28.548 10967 10985 I native-activity: Frame 204 time is 14.155ms
04-13 01:09:28.565 10967 10985 I native-activity: Swap 204 time is 30.357ms
04-13 01:09:28.565 10967 10985 I native-activity: Animating
04-13 01:09:28.579 10967 10985 I native-activity: Frame 205 GL error is 0x0
04-13 01:09:28.580 10967 10985 I native-activity: Frame 205 time is 14.798ms
04-13 01:09:28.595 10967 10985 I native-activity: Swap 205 time is 30.524ms
04-13 01:09:28.596 10967 10985 I native-activity: Animating
04-13 01:09:28.610 10967 10985 I native-activity: Frame 206 GL error is 0x0
04-13 01:09:28.610 10967 10985 I native-activity: Frame 206 time is 14.002ms
04-13 01:09:28.626 10967 10985 I native-activity: Swap 206 time is 30.176ms
04-13 01:09:28.626 10967 10985 I native-activity: Animating
04-13 01:09:28.641 10967 10985 I native-activity: Frame 207 GL error is 0x0
04-13 01:09:28.641 10967 10985 I native-activity: Frame 207 time is 14.939ms
04-13 01:09:28.656 10967 10985 I native-activity: Swap 207 time is 30.055ms
04-13 01:09:28.657 10967 10985 I native-activity: Animating
04-13 01:09:28.672 10967 10985 I native-activity: Frame 208 GL error is 0x0
04-13 01:09:28.672 10967 10985 I native-activity: Frame 208 time is 15.158ms
04-13 01:09:28.687 10967 10985 I native-activity: Swap 208 time is 30.342ms
04-13 01:09:28.687 10967 10985 I native-activity: Animating
04-13 01:09:28.702 10967 10985 I native-activity: Frame 209 GL error is 0x0
04-13 01:09:28.703 10967 10985 I native-activity: Frame 209 time is 15.200ms
04-13 01:09:28.718 10967 10985 I native-activity: Swap 209 time is 30.198ms
04-13 01:09:28.718 10967 10985 I native-activity: Animating
04-13 01:09:28.733 10967 10985 I native-activity: Frame 210 GL error is 0x0
04-13 01:09:28.734 10967 10985 I native-activity: Frame 210 time is 15.659ms
04-13 01:09:28.749 10967 10985 I native-activity: Swap 210 time is 30.819ms
04-13 01:09:28.749 10967 10985 I native-activity: Animating
04-13 01:09:28.764 10967 10985 I native-activity: Frame 211 GL error is 0x0
04-13 01:09:28.764 10967 10985 I native-activity: Frame 211 time is 14.684ms
04-13 01:09:28.780 10967 10985 I native-activity: Swap 211 time is 30.653ms
04-13 01:09:28.780 10967 10985 I native-activity: Animating
04-13 01:09:28.794 10967 10985 I native-activity: Frame 212 GL error is 0x0
04-13 01:09:28.794 10967 10985 I native-activity: Frame 212 time is 14.180ms
04-13 01:09:28.810 10967 10985 I native-activity: Swap 212 time is 29.498ms
04-13 01:09:28.810 10967 10985 I native-activity: Animating
04-13 01:09:28.824 10967 10985 I native-activity: Frame 213 GL error is 0x0
04-13 01:09:28.825 10967 10985 I native-activity: Frame 213 time is 14.546ms
04-13 01:09:28.841 10967 10985 I native-activity: Swap 213 time is 30.566ms
04-13 01:09:28.842 10967 10985 I native-activity: Animating
04-13 01:09:28.855 10967 10985 I native-activity: Frame 214 GL error is 0x0
04-13 01:09:28.856 10967 10985 I native-activity: Frame 214 time is 13.449ms
04-13 01:09:28.871 10967 10985 I native-activity: Swap 214 time is 28.878ms
04-13 01:09:28.871 10967 10985 I native-activity: Animating
04-13 01:09:28.886 10967 10985 I native-activity: Frame 215 GL error is 0x0
04-13 01:09:28.886 10967 10985 I native-activity: Frame 215 time is 15.024ms
04-13 01:09:28.902 10967 10985 I native-activity: Swap 215 time is 30.877ms
04-13 01:09:28.902 10967 10985 I native-activity: Animating
04-13 01:09:28.919 10967 10985 I native-activity: Frame 216 GL error is 0x0
04-13 01:09:28.919 10967 10985 I native-activity: Frame 216 time is 16.240ms
04-13 01:09:28.932 10967 10985 I native-activity: Swap 216 time is 29.726ms
04-13 01:09:28.933 10967 10985 I native-activity: Animating
04-13 01:09:28.947 10967 10985 I native-activity: Frame 217 GL error is 0x0
04-13 01:09:28.948 10967 10985 I native-activity: Frame 217 time is 14.866ms
04-13 01:09:28.963 10967 10985 I native-activity: Swap 217 time is 30.272ms
04-13 01:09:28.963 10967 10985 I native-activity: Animating
04-13 01:09:28.957    93    93 I Kernel  : [ 3487.558977] (0)[93:irq/258-inv_irq]inv_mpu_iio: inv_read_fifo: Received Sensor Interrupt to read FIFO and Fifo_count is 6
04-13 01:09:28.978 10967 10985 I native-activity: Frame 218 GL error is 0x0
04-13 01:09:28.978 10967 10985 I native-activity: Frame 218 time is 15.081ms
04-13 01:09:28.994 10967 10985 I native-activity: Swap 218 time is 30.252ms
04-13 01:09:28.994 10967 10985 I native-activity: Animating
04-13 01:09:29.008 10967 10985 I native-activity: Frame 219 GL error is 0x0
04-13 01:09:29.009 10967 10985 I native-activity: Frame 219 time is 14.645ms
04-13 01:09:29.024 10967 10985 I native-activity: Swap 219 time is 30.256ms
04-13 01:09:29.024 10967 10985 I native-activity: Animating
04-13 01:09:29.040 10967 10985 I native-activity: Frame 220 GL error is 0x0
04-13 01:09:29.040 10967 10985 I native-activity: Frame 220 time is 15.489ms
04-13 01:09:29.055 10967 10985 I native-activity: Swap 220 time is 30.792ms
04-13 01:09:29.056 10967 10985 I native-activity: Animating
04-13 01:09:29.070 10967 10985 I native-activity: Frame 221 GL error is 0x0
04-13 01:09:29.071 10967 10985 I native-activity: Frame 221 time is 14.594ms
04-13 01:09:29.086 10967 10985 I native-activity: Swap 221 time is 30.150ms
04-13 01:09:29.086 10967 10985 I native-activity: Animating
04-13 01:09:29.102 10967 10985 I native-activity: Frame 222 GL error is 0x0
04-13 01:09:29.102 10967 10985 I native-activity: Frame 222 time is 15.695ms
04-13 01:09:29.117 10967 10985 I native-activity: Swap 222 time is 30.273ms
04-13 01:09:29.117 10967 10985 I native-activity: Animating
04-13 01:09:29.131 10967 10985 I native-activity: Frame 223 GL error is 0x0
04-13 01:09:29.131 10967 10985 I native-activity: Frame 223 time is 14.619ms
04-13 01:09:29.149 10967 10985 I native-activity: Swap 223 time is 31.621ms
04-13 01:09:29.149 10967 10985 I native-activity: Animating
04-13 01:09:29.162 10967 10985 I native-activity: Frame 224 GL error is 0x0
04-13 01:09:29.166 10967 10985 I native-activity: Frame 224 time is 13.645ms
04-13 01:09:29.178 10967 10985 I native-activity: Swap 224 time is 28.855ms
04-13 01:09:29.178 10967 10985 I native-activity: Animating
04-13 01:09:29.692 10967 10985 I native-activity: Frame 225 GL error is 0x501
04-13 01:09:29.692 10967 10985 I native-activity: Frame 225 time is 514.033ms
04-13 01:09:29.694 10967 10985 I native-activity: Swap 225 time is 515.998ms
04-13 01:09:29.694 10967 10985 I native-activity: Animating
04-13 01:09:29.696 10967 10985 I native-activity: Frame 226 GL error is 0x0
04-13 01:09:29.696 10967 10985 I native-activity: Frame 226 time is 1.585ms
04-13 01:09:29.729 10967 10985 I native-activity: Swap 226 time is 34.967ms
04-13 01:09:29.729 10967 10985 I native-activity: Animating
04-13 01:09:29.751 10967 10985 I native-activity: Frame 227 GL error is 0x0
04-13 01:09:29.751 10967 10985 I native-activity: Frame 227 time is 21.385ms
04-13 01:09:29.755 10967 10985 I native-activity: Swap 227 time is 26.057ms
04-13 01:09:29.756 10967 10985 I native-activity: Animating
04-13 01:09:29.757 10967 10985 I native-activity: Frame 228 GL error is 0x0
04-13 01:09:29.757 10967 10985 I native-activity: Frame 228 time is 1.510ms
04-13 01:09:29.797    93    93 I Kernel  : [ 3488.390260] (2)[93:irq/258-inv_irq]inv_mpu_iio: inv_read_fifo: Received Sensor Interrupt to read FIFO and Fifo_count is 6
04-13 01:09:29.836 10967 10985 I native-activity: Swap 228 time is 80.808ms
04-13 01:09:29.836 10967 10985 I native-activity: Animating
04-13 01:09:29.838 10967 10985 I native-activity: Frame 229 GL error is 0x0
04-13 01:09:29.838 10967 10985 I native-activity: Frame 229 time is 1.727ms
04-13 01:09:29.900 10967 10985 I native-activity: Swap 229 time is 63.764ms
04-13 01:09:29.900 10967 10985 I native-activity: Animating
04-13 01:09:29.918 10967 10985 I native-activity: Frame 230 GL error is 0x0
04-13 01:09:29.918 10967 10985 I native-activity: Frame 230 time is 17.414ms
04-13 01:09:29.979 10967 10985 I native-activity: Swap 230 time is 78.093ms
04-13 01:09:29.979 10967 10985 I native-activity: Animating
04-13 01:09:29.995 10967 10985 I native-activity: Frame 231 GL error is 0x0
04-13 01:09:29.995 10967 10985 I native-activity: Frame 231 time is 16.425ms
04-13 01:09:30.035 10967 10985 I native-activity: Swap 231 time is 56.608ms
04-13 01:09:30.036 10967 10985 I native-activity: Animating
04-13 01:09:30.264 10967 10985 I native-activity: Frame 232 GL error is 0x501
04-13 01:09:30.264 10967 10985 I native-activity: Frame 232 time is 228.408ms
04-13 01:09:30.266 10967 10985 I native-activity: Swap 232 time is 230.371ms
04-13 01:09:30.266 10967 10985 I native-activity: Animating
04-13 01:09:30.459 10967 10985 I native-activity: Frame 233 GL error is 0x501
04-13 01:09:30.459 10967 10985 I native-activity: Frame 233 time is 193.040ms
04-13 01:09:30.461 10967 10985 I native-activity: Swap 233 time is 194.454ms
04-13 01:09:30.461 10967 10985 I native-activity: Animating
04-13 01:09:30.463 10967 10985 I native-activity: Frame 234 GL error is 0x0
04-13 01:09:30.463 10967 10985 I native-activity: Frame 234 time is 2.291ms
04-13 01:09:30.503 10967 10985 I native-activity: Swap 234 time is 41.760ms
04-13 01:09:30.503 10967 10985 I native-activity: Animating
04-13 01:09:30.505 10967 10985 I native-activity: Frame 235 GL error is 0x0
04-13 01:09:30.505 10967 10985 I native-activity: Frame 235 time is 2.164ms
04-13 01:09:30.542 10967 10985 I native-activity: Swap 235 time is 38.758ms
04-13 01:09:30.542 10967 10985 I native-activity: Animating
04-13 01:09:30.545 10967 10985 I native-activity: Frame 236 GL error is 0x0
04-13 01:09:30.545 10967 10985 I native-activity: Frame 236 time is 2.981ms
04-13 01:09:30.600 10967 10985 I native-activity: Swap 236 time is 58.390ms
04-13 01:09:30.601 10967 10985 I native-activity: Animating
04-13 01:09:30.604 10967 10985 I native-activity: Frame 237 GL error is 0x0
04-13 01:09:30.604 10967 10985 I native-activity: Frame 237 time is 3.243ms
04-13 01:09:30.620 10967 10985 I native-activity: Swap 237 time is 19.252ms
04-13 01:09:30.620 10967 10985 I native-activity: Animating
04-13 01:09:30.627    93    93 I Kernel  : [ 3489.221859] (2)[93:irq/258-inv_irq]inv_mpu_iio: inv_read_fifo: Received Sensor Interrupt to read FIFO and Fifo_count is 6
04-13 01:09:30.635 10967 10985 I native-activity: Frame 238 GL error is 0x0
04-13 01:09:30.635 10967 10985 I native-activity: Frame 238 time is 15.144ms
04-13 01:09:30.661 10967 10985 I native-activity: Swap 238 time is 41.058ms
04-13 01:09:30.661 10967 10985 I native-activity: Animating
04-13 01:09:30.675 10967 10985 I native-activity: Frame 239 GL error is 0x0
04-13 01:09:30.675 10967 10985 I native-activity: Frame 239 time is 13.692ms
04-13 01:09:30.701 10967 10985 I native-activity: Swap 239 time is 40.157ms
04-13 01:09:30.701 10967 10985 I native-activity: Animating
04-13 01:09:31.018 10967 10985 I native-activity: Frame 240 GL error is 0x501
04-13 01:09:31.018 10967 10985 I native-activity: Frame 240 time is 316.944ms
04-13 01:09:31.019 10967 10985 I native-activity: Swap 240 time is 318.110ms
04-13 01:09:31.020 10967 10985 I native-activity: Animating
04-13 01:09:31.457    93    93 I Kernel  : [ 3490.053410] (3)[93:irq/258-inv_irq]inv_mpu_iio: inv_read_fifo: Received Sensor Interrupt to read FIFO and Fifo_count is 6
04-13 01:09:31.475 10967 10985 I native-activity: Frame 241 GL error is 0x501
04-13 01:09:31.475 10967 10985 I native-activity: Frame 241 time is 455.271ms
04-13 01:09:31.476 10967 10985 I native-activity: Swap 241 time is 456.001ms
04-13 01:09:31.476 10967 10985 I native-activity: Animating
04-13 01:09:31.489 10967 10985 I native-activity: Frame 242 GL error is 0x0
04-13 01:09:31.489 10967 10985 I native-activity: Frame 242 time is 13.200ms
04-13 01:09:31.518 10967 10985 I native-activity: Swap 242 time is 42.390ms
04-13 01:09:31.518 10967 10985 I native-activity: Animating
04-13 01:09:31.529 10967 10985 I native-activity: Frame 243 GL error is 0x0
04-13 01:09:31.529 10967 10985 I native-activity: Frame 243 time is 10.136ms
04-13 01:09:31.557 10967 10985 I native-activity: Swap 243 time is 38.920ms
04-13 01:09:31.558 10967 10985 I native-activity: Animating
04-13 01:09:31.563 10967 10985 I native-activity: Frame 244 GL error is 0x0
04-13 01:09:31.563 10967 10985 I native-activity: Frame 244 time is 5.416ms
04-13 01:09:31.609 10967 10985 I native-activity: Swap 244 time is 51.307ms
04-13 01:09:31.609 10967 10985 I native-activity: Animating
04-13 01:09:31.643 10967 10985 I native-activity: Frame 245 GL error is 0x0
04-13 01:09:31.643 10967 10985 I native-activity: Frame 245 time is 33.957ms
04-13 01:09:31.648 10967 10985 I native-activity: Swap 245 time is 38.689ms
04-13 01:09:31.648 10967 10985 I native-activity: Animating
04-13 01:09:31.719 10967 10985 I native-activity: Frame 246 GL error is 0x501
04-13 01:09:31.719 10967 10985 I native-activity: Frame 246 time is 71.226ms
04-13 01:09:31.721 10967 10985 I native-activity: Swap 246 time is 73.306ms
04-13 01:09:31.721 10967 10985 I native-activity: Animating
04-13 01:09:31.760 10967 10985 I native-activity: Frame 247 GL error is 0x501
04-13 01:09:31.760 10967 10985 I native-activity: Frame 247 time is 38.299ms
04-13 01:09:31.789 10967 10985 I native-activity: Swap 247 time is 68.071ms
04-13 01:09:31.790 10967 10985 I native-activity: Animating
04-13 01:09:31.808 10967 10985 I native-activity: Frame 248 GL error is 0x0
04-13 01:09:31.808 10967 10985 I native-activity: Frame 248 time is 18.238ms
04-13 01:09:31.848 10967 10985 I native-activity: Swap 248 time is 58.627ms
04-13 01:09:31.849 10967 10985 I native-activity: Animating
04-13 01:09:31.870 10967 10985 I native-activity: Frame 249 GL error is 0x501
04-13 01:09:31.870 10967 10985 I native-activity: Frame 249 time is 21.136ms
04-13 01:09:31.906 10967 10985 I native-activity: Swap 249 time is 57.717ms
04-13 01:09:31.907 10967 10985 I native-activity: Animating
04-13 01:09:31.923 10967 10985 I native-activity: Frame 250 GL error is 0x0
04-13 01:09:31.923 10967 10985 I native-activity: Frame 250 time is 16.055ms
04-13 01:09:31.964 10967 10985 I native-activity: Swap 250 time is 57.231ms
04-13 01:09:31.964 10967 10985 I native-activity: Animating
04-13 01:09:31.981 10967 10985 I native-activity: Frame 251 GL error is 0x0
04-13 01:09:31.981 10967 10985 I native-activity: Frame 251 time is 17.282ms
04-13 01:09:32.021 10967 10985 I native-activity: Swap 251 time is 57.179ms
04-13 01:09:32.021 10967 10985 I native-activity: Animating
04-13 01:09:32.042 10967 10985 I native-activity: Frame 252 GL error is 0x501
04-13 01:09:32.042 10967 10985 I native-activity: Frame 252 time is 20.622ms
04-13 01:09:32.079 10967 10985 I native-activity: Swap 252 time is 57.457ms
04-13 01:09:32.079 10967 10985 I native-activity: Animating
04-13 01:09:32.096 10967 10985 I native-activity: Frame 253 GL error is 0x0
04-13 01:09:32.096 10967 10985 I native-activity: Frame 253 time is 17.456ms
04-13 01:09:32.137 10967 10985 I native-activity: Swap 253 time is 58.261ms
04-13 01:09:32.137 10967 10985 I native-activity: Animating
04-13 01:09:32.156 10967 10985 I native-activity: Frame 254 GL error is 0x0
04-13 01:09:32.156 10967 10985 I native-activity: Frame 254 time is 18.580ms
04-13 01:09:32.196 10967 10985 I native-activity: Swap 254 time is 58.660ms
04-13 01:09:32.196 10967 10985 I native-activity: Animating
04-13 01:09:32.214 10967 10985 I native-activity: Frame 255 GL error is 0x0
04-13 01:09:32.214 10967 10985 I native-activity: Frame 255 time is 17.522ms
04-13 01:09:32.255 10967 10985 I native-activity: Swap 255 time is 58.317ms
04-13 01:09:32.255 10967 10985 I native-activity: Animating
04-13 01:09:32.274 10967 10985 I native-activity: Frame 256 GL error is 0x0
04-13 01:09:32.274 10967 10985 I native-activity: Frame 256 time is 19.534ms
04-13 01:09:32.287    93    93 I Kernel  : [ 3490.885048] (2)[93:irq/258-inv_irq]inv_mpu_iio: inv_read_fifo: Received Sensor Interrupt to read FIFO and Fifo_count is 6
04-13 01:09:32.313 10967 10985 I native-activity: Swap 256 time is 58.322ms
04-13 01:09:32.313 10967 10985 I native-activity: Animating
04-13 01:09:32.336 10967 10985 I native-activity: Frame 257 GL error is 0x0
04-13 01:09:32.336 10967 10985 I native-activity: Frame 257 time is 22.684ms
04-13 01:09:32.367   962  1030 D ConnectivityService: updateNetworkScore for NetworkAgentInfo [WIFI () - 111] to 56
04-13 01:09:32.367   962  1030 D ConnectivityService: rematching NetworkAgentInfo [WIFI () - 111]
04-13 01:09:32.367   962  1030 D ConnectivityService: Network NetworkAgentInfo [WIFI () - 111] was already satisfying request 1. No change.
04-13 01:09:32.367   962  1030 D ConnectivityService: notifyType AVAILABLE for NetworkAgentInfo [WIFI () - 111]
04-13 01:09:32.371 10967 10985 I native-activity: Swap 257 time is 57.668ms
04-13 01:09:32.373 10967 10985 I native-activity: Animating
04-13 01:09:32.400 10967 10985 I native-activity: Frame 258 GL error is 0x0
04-13 01:09:32.400 10967 10985 I native-activity: Frame 258 time is 26.915ms
04-13 01:09:32.429 10967 10985 I native-activity: Swap 258 time is 56.284ms
04-13 01:09:32.429 10967 10985 I native-activity: Animating
04-13 01:09:32.450 10967 10985 I native-activity: Context 0x54894e50 made current on surface 0x546091a8, error 0x3000
04-13 01:09:32.450 10967 10985 I native-activity: GL information
04-13 01:09:32.450 10967 10985 I native-activity: 	Renderer: PowerVR Rogue G6200
04-13 01:09:32.450 10967 10985 I native-activity: 	Vendor: Imagination Technologies
04-13 01:09:32.450 10967 10985 I native-activity: 	Version: OpenGL ES 3.1 build 1.4@3573678
04-13 01:09:32.450 10967 10985 I native-activity: 	Shading Language: OpenGL ES GLSL ES 3.10 build 1.4@3573678
04-13 01:09:32.450 10967 10985 I native-activity: 	Extensions: GL_EXT_debug_marker GL_EXT_blend_minmax GL_EXT_color_buffer_float GL_EXT_discard_framebuffer GL_EXT_draw_buffers GL_EXT_multi_draw_arrays GL_EXT_multisampled_render_to_texture GL_EXT_occlusion_query_boolean GL_EXT_read_format_bgra GL_EXT_robustness GL_EXT_separate_shader_objects GL_EXT_shader_framebuffer_fetch GL_EXT_shader_texture_lod GL_EXT_texture_filter_anisotropic GL_EXT_texture_format_BGRA8888 GL_EXT_texture_rg GL_EXT_texture_sRGB_decode GL_IMG_multisampled_render_to_texture GL_IMG_program_binary GL_IMG_read_format GL_IMG_shader_binary GL_IMG_texture_compression_pvrtc GL_IMG_texture_compression_pvrtc2 GL_IMG_texture_format_BGRA8888 GL_IMG_texture_npot GL_KHR_blend_equation_advanced GL_KHR_blend_equation_advanced_coherent GL_KHR_debug GL_OES_compressed_ETC1_RGB8_texture GL_OES_depth24 GL_OES_depth_texture GL_OES_EGL_image GL_OES_EGL_image_external GL_OES_EGL_sync GL_OES_element_index_uint GL_OES_fragment_precision_high GL_OES_get_program_binary GL_OES_mapbuffer GL_OES_packed_depth_stencil G
04-13 01:09:32.451 10967 10985 I native-activity: Context 0x54894e50 made current on surface 0x546091a8, error 0x3000
04-13 01:09:32.451 10967 10985 I native-activity: GL information
04-13 01:09:32.451 10967 10985 I native-activity: 	Renderer: PowerVR Rogue G6200
04-13 01:09:32.451 10967 10985 I native-activity: 	Vendor: Imagination Technologies
04-13 01:09:32.451 10967 10985 I native-activity: 	Version: OpenGL ES 3.1 build 1.4@3573678
04-13 01:09:32.451 10967 10985 I native-activity: 	Shading Language: OpenGL ES GLSL ES 3.10 build 1.4@3573678
04-13 01:09:32.451 10967 10985 I native-activity: 	Extensions: GL_EXT_debug_marker GL_EXT_blend_minmax GL_EXT_color_buffer_float GL_EXT_discard_framebuffer GL_EXT_draw_buffers GL_EXT_multi_draw_arrays GL_EXT_multisampled_render_to_texture GL_EXT_occlusion_query_boolean GL_EXT_read_format_bgra GL_EXT_robustness GL_EXT_separate_shader_objects GL_EXT_shader_framebuffer_fetch GL_EXT_shader_texture_lod GL_EXT_texture_filter_anisotropic GL_EXT_texture_format_BGRA8888 GL_EXT_texture_rg GL_EXT_texture_sRGB_decode GL_IMG_multisampled_render_to_texture GL_IMG_program_binary GL_IMG_read_format GL_IMG_shader_binary GL_IMG_texture_compression_pvrtc GL_IMG_texture_compression_pvrtc2 GL_IMG_texture_format_BGRA8888 GL_IMG_texture_npot GL_KHR_blend_equation_advanced GL_KHR_blend_equation_advanced_coherent GL_KHR_debug GL_OES_compressed_ETC1_RGB8_texture GL_OES_depth24 GL_OES_depth_texture GL_OES_EGL_image GL_OES_EGL_image_external GL_OES_EGL_sync GL_OES_element_index_uint GL_OES_fragment_precision_high GL_OES_get_program_binary GL_OES_mapbuffer GL_OES_packed_depth_stencil G
04-13 01:09:32.451 10967 10985 I native-activity: Frame 259 GL error is 0x501
04-13 01:09:32.451 10967 10985 I native-activity: Frame 259 time is 21.364ms
04-13 01:09:32.487 10967 10985 I native-activity: Swap 259 time is 57.802ms
04-13 01:09:32.488 10967 10985 I native-activity: Animating
04-13 01:09:32.515 10967 10985 I native-activity: Frame 260 GL error is 0x500
04-13 01:09:32.516 10967 10985 I native-activity: Frame 260 time is 28.654ms
04-13 01:09:32.546 10967 10985 I native-activity: Swap 260 time is 58.327ms
04-13 01:09:32.548 10967 10985 I native-activity: Animating
04-13 01:09:32.586 10967 10985 I native-activity: Frame 261 GL error is 0x0
04-13 01:09:32.586 10967 10985 I native-activity: Frame 261 time is 37.026ms
04-13 01:09:32.605 10967 10985 I native-activity: Swap 261 time is 56.077ms
04-13 01:09:32.608 10967 10985 I native-activity: Animating
04-13 01:09:32.635 10967 10985 I native-activity: Frame 262 GL error is 0x0
04-13 01:09:32.636 10967 10985 I native-activity: Frame 262 time is 27.913ms
04-13 01:09:32.660 10967 10985 I native-activity: Swap 262 time is 52.377ms
04-13 01:09:32.661 10967 10985 I native-activity: Animating
04-13 01:09:32.688 10967 10985 I native-activity: Frame 263 GL error is 0x0
04-13 01:09:32.688 10967 10985 I native-activity: Frame 263 time is 27.367ms
04-13 01:09:32.718 10967 10985 I native-activity: Swap 263 time is 56.679ms
04-13 01:09:32.718 10967 10985 I native-activity: Animating
04-13 01:09:32.738 10967 10985 I native-activity: Frame 264 GL error is 0x0
04-13 01:09:32.738 10967 10985 I native-activity: Frame 264 time is 19.771ms
04-13 01:09:32.776 10967 10985 I native-activity: Swap 264 time is 57.603ms
04-13 01:09:32.776 10967 10985 I native-activity: Animating
04-13 01:09:32.799 10967 10985 I native-activity: Frame 265 GL error is 0x0
04-13 01:09:32.800 10967 10985 I native-activity: Frame 265 time is 23.138ms
04-13 01:09:32.834 10967 10985 I native-activity: Swap 265 time is 57.895ms
04-13 01:09:32.835 10967 10985 I native-activity: Animating
04-13 01:09:32.855 10967 10985 I native-activity: Frame 266 GL error is 0x0
04-13 01:09:32.855 10967 10985 I native-activity: Frame 266 time is 20.553ms
04-13 01:09:32.893 10967 10985 I native-activity: Swap 266 time is 58.077ms
04-13 01:09:32.893 10967 10985 I native-activity: Animating
04-13 01:09:32.913 10967 10985 I native-activity: Frame 267 GL error is 0x0
04-13 01:09:32.913 10967 10985 I native-activity: Frame 267 time is 19.735ms
04-13 01:09:32.951 10967 10985 I native-activity: Swap 267 time is 58.374ms
04-13 01:09:32.953 10967 10985 I native-activity: Animating
04-13 01:09:32.973 10967 10985 I native-activity: Frame 268 GL error is 0x0
04-13 01:09:32.973 10967 10985 I native-activity: Frame 268 time is 20.069ms
04-13 01:09:33.010 10967 10985 I native-activity: Swap 268 time is 57.368ms
04-13 01:09:33.011 10967 10985 I native-activity: Animating
04-13 01:09:33.032 10967 10985 I native-activity: Frame 269 GL error is 0x0
04-13 01:09:33.032 10967 10985 I native-activity: Frame 269 time is 20.542ms
04-13 01:09:33.068 10967 10985 I native-activity: Swap 269 time is 56.725ms
04-13 01:09:33.069 10967 10985 I native-activity: Animating
04-13 01:09:33.088 10967 10985 I native-activity: Frame 270 GL error is 0x0
04-13 01:09:33.088 10967 10985 I native-activity: Frame 270 time is 19.702ms
04-13 01:09:33.127 10967 10985 I native-activity: Swap 270 time is 58.493ms
04-13 01:09:33.117    93    93 I Kernel  : [ 3491.716604] (1)[93:irq/258-inv_irq]inv_mpu_iio: inv_read_fifo: Received Sensor Interrupt to read FIFO and Fifo_count is 6
04-13 01:09:33.128 10967 10985 I native-activity: Animating
04-13 01:09:33.147 10967 10985 I native-activity: Frame 271 GL error is 0x0
04-13 01:09:33.147 10967 10985 I native-activity: Frame 271 time is 19.390ms
04-13 01:09:33.185 10967 10985 I native-activity: Swap 271 time is 57.599ms
04-13 01:09:33.186 10967 10985 I native-activity: Animating
04-13 01:09:33.206 10967 10985 I native-activity: Frame 272 GL error is 0x0
04-13 01:09:33.206 10967 10985 I native-activity: Frame 272 time is 20.720ms
04-13 01:09:33.255 10967 10985 I native-activity: Swap 272 time is 69.711ms
04-13 01:09:33.247    93    93 I Kernel  : [ 3491.845513] (1)[93:irq/258-inv_irq]inv_mpu_iio: inv_push_8bytes_buffer: Received Accel Sensor Data at Driver Layer -844, 1876, -16288
04-13 01:09:33.256 10967 10985 I native-activity: Animating
04-13 01:09:33.268 10967 10985 I native-activity: Frame 273 GL error is 0x0
04-13 01:09:33.269 10967 10985 I native-activity: Frame 273 time is 12.011ms
04-13 01:09:33.313 10967 10985 I native-activity: Swap 273 time is 56.242ms
04-13 01:09:33.313 10967 10985 I native-activity: Animating
04-13 01:09:33.360 10967 10985 I native-activity: Frame 274 GL error is 0x501
04-13 01:09:33.360 10967 10985 I native-activity: Frame 274 time is 47.419ms
04-13 01:09:33.380 10967 10985 I native-activity: Swap 274 time is 67.117ms
04-13 01:09:33.381 10967 10985 I native-activity: Animating
04-13 01:09:33.396 10967 10985 I native-activity: Frame 275 GL error is 0x0
04-13 01:09:33.396 10967 10985 I native-activity: Frame 275 time is 14.423ms
04-13 01:09:33.439 10967 10985 I native-activity: Swap 275 time is 57.590ms
04-13 01:09:33.439 10967 10985 I native-activity: Animating
04-13 01:09:33.458 10967 10985 I native-activity: Frame 276 GL error is 0x0
04-13 01:09:33.458 10967 10985 I native-activity: Frame 276 time is 18.912ms
04-13 01:09:33.495 10967 10985 I native-activity: Swap 276 time is 55.744ms
04-13 01:09:33.495 10967 10985 I native-activity: Animating
04-13 01:09:33.511 10967 10985 I native-activity: Frame 277 GL error is 0x0
04-13 01:09:33.511 10967 10985 I native-activity: Frame 277 time is 16.034ms
04-13 01:09:33.552 10967 10985 I native-activity: Swap 277 time is 56.658ms
04-13 01:09:33.553 10967 10985 I native-activity: Animating
04-13 01:09:33.566 10967 10985 I native-activity: Frame 278 GL error is 0x0
04-13 01:09:33.566 10967 10985 I native-activity: Frame 278 time is 12.858ms
04-13 01:09:33.609 10967 10985 I native-activity: Swap 278 time is 55.686ms
04-13 01:09:33.609 10967 10985 I native-activity: Animating
04-13 01:09:33.620 10967 10985 I native-activity: Frame 279 GL error is 0x0
04-13 01:09:33.620 10967 10985 I native-activity: Frame 279 time is 10.948ms
04-13 01:09:33.666 10967 10985 I native-activity: Swap 279 time is 56.437ms
04-13 01:09:33.666 10967 10985 I native-activity: Animating
04-13 01:09:33.677 10967 10985 I native-activity: Frame 280 GL error is 0x0
04-13 01:09:33.677 10967 10985 I native-activity: Frame 280 time is 10.577ms
04-13 01:09:33.722 10967 10985 I native-activity: Swap 280 time is 55.441ms
04-13 01:09:33.722 10967 10985 I native-activity: Animating
04-13 01:09:33.733 10967 10985 I native-activity: Frame 281 GL error is 0x0
04-13 01:09:33.734 10967 10985 I native-activity: Frame 281 time is 11.775ms
04-13 01:09:33.779 10967 10985 I native-activity: Swap 281 time is 57.314ms
04-13 01:09:33.779 10967 10985 I native-activity: Animating
04-13 01:09:33.790 10967 10985 I native-activity: Frame 282 GL error is 0x0
04-13 01:09:33.790 10967 10985 I native-activity: Frame 282 time is 10.547ms
04-13 01:09:33.835 10967 10985 I native-activity: Swap 282 time is 55.348ms
04-13 01:09:33.835 10967 10985 I native-activity: Animating
04-13 01:09:33.854 10967 10985 I native-activity: Frame 283 GL error is 0x0
04-13 01:09:33.854 10967 10985 I native-activity: Frame 283 time is 18.582ms
04-13 01:09:33.892 10967 10985 I native-activity: Swap 283 time is 56.748ms
04-13 01:09:33.892 10967 10985 I native-activity: Animating
04-13 01:09:33.903 10967 10985 I native-activity: Frame 284 GL error is 0x0
04-13 01:09:33.903 10967 10985 I native-activity: Frame 284 time is 11.175ms
04-13 01:09:33.949 10967 10985 I native-activity: Swap 284 time is 56.549ms
04-13 01:09:33.949 10967 10985 I native-activity: Animating
04-13 01:09:33.959 10967 10985 I native-activity: Frame 285 GL error is 0x0
04-13 01:09:33.947    93    93 I Kernel  : [ 3492.548075] (1)[93:irq/258-inv_irq]inv_mpu_iio: inv_read_fifo: Received Sensor Interrupt to read FIFO and Fifo_count is 6
04-13 01:09:33.959 10967 10985 I native-activity: Frame 285 time is 9.745ms
04-13 01:09:34.006 10967 10985 I native-activity: Swap 285 time is 56.647ms
04-13 01:09:34.006 10967 10985 I native-activity: Animating
04-13 01:09:34.017 10967 10985 I native-activity: Frame 286 GL error is 0x0
04-13 01:09:34.017 10967 10985 I native-activity: Frame 286 time is 11.437ms
04-13 01:09:34.062 10967 10985 I native-activity: Swap 286 time is 55.606ms
04-13 01:09:34.062 10967 10985 I native-activity: Animating
04-13 01:09:34.073 10967 10985 I native-activity: Frame 287 GL error is 0x0
04-13 01:09:34.074 10967 10985 I native-activity: Frame 287 time is 11.755ms
04-13 01:09:34.119 10967 10985 I native-activity: Swap 287 time is 57.069ms
04-13 01:09:34.120 10967 10985 I native-activity: Animating
04-13 01:09:34.131 10967 10985 I native-activity: Frame 288 GL error is 0x0
04-13 01:09:34.131 10967 10985 I native-activity: Frame 288 time is 9.883ms
04-13 01:09:34.175 10967 10985 I native-activity: Swap 288 time is 53.988ms
04-13 01:09:34.176 10967 10985 I native-activity: Animating
04-13 01:09:34.187 10967 10985 I native-activity: Frame 289 GL error is 0x0
04-13 01:09:34.187 10967 10985 I native-activity: Frame 289 time is 10.491ms
04-13 01:09:34.233 10967 10985 I native-activity: Swap 289 time is 55.977ms
04-13 01:09:34.233 10967 10985 I native-activity: Animating
04-13 01:09:34.243 10967 10985 I native-activity: Frame 290 GL error is 0x0
04-13 01:09:34.243 10967 10985 I native-activity: Frame 290 time is 10.352ms
04-13 01:09:34.289 10967 10985 I native-activity: Swap 290 time is 55.788ms
04-13 01:09:34.289 10967 10985 I native-activity: Animating
04-13 01:09:34.299 10967 10985 I native-activity: Frame 291 GL error is 0x0
04-13 01:09:34.299 10967 10985 I native-activity: Frame 291 time is 10.289ms
04-13 01:09:34.346 10967 10985 I native-activity: Swap 291 time is 57.200ms
04-13 01:09:34.347 10967 10985 I native-activity: Animating
04-13 01:09:34.358 10967 10985 I native-activity: Frame 292 GL error is 0x0
04-13 01:09:34.358 10967 10985 I native-activity: Frame 292 time is 11.289ms
04-13 01:09:34.402 10967 10985 I native-activity: Swap 292 time is 55.165ms
04-13 01:09:34.402 10967 10985 I native-activity: Animating
04-13 01:09:34.414 10967 10985 I native-activity: Frame 293 GL error is 0x0
04-13 01:09:34.414 10967 10985 I native-activity: Frame 293 time is 12.003ms
04-13 01:09:34.459 10967 10985 I native-activity: Swap 293 time is 56.798ms
04-13 01:09:34.459 10967 10985 I native-activity: Animating
04-13 01:09:34.469 10967 10985 I native-activity: Frame 294 GL error is 0x0
04-13 01:09:34.469 10967 10985 I native-activity: Frame 294 time is 9.454ms
04-13 01:09:34.515 10967 10985 I native-activity: Swap 294 time is 56.087ms
04-13 01:09:34.517 10967 10985 I native-activity: Animating
04-13 01:09:34.528 10967 10985 I native-activity: Frame 295 GL error is 0x0
04-13 01:09:34.529 10967 10985 I native-activity: Frame 295 time is 11.455ms
04-13 01:09:34.573 10967 10985 I native-activity: Swap 295 time is 56.034ms
04-13 01:09:34.574 10967 10985 I native-activity: Animating
04-13 01:09:34.584 10967 10985 I native-activity: Frame 296 GL error is 0x0
04-13 01:09:34.584 10967 10985 I native-activity: Frame 296 time is 9.475ms
04-13 01:09:34.629 10967 10985 I native-activity: Swap 296 time is 54.713ms
04-13 01:09:34.629 10967 10985 I native-activity: Animating
04-13 01:09:34.640 10967 10985 I native-activity: Frame 297 GL error is 0x0
04-13 01:09:34.640 10967 10985 I native-activity: Frame 297 time is 10.646ms
04-13 01:09:34.687 10967 10985 I native-activity: Swap 297 time is 57.277ms
04-13 01:09:34.687 10967 10985 I native-activity: Animating
04-13 01:09:34.699 10967 10985 I native-activity: Frame 298 GL error is 0x0
04-13 01:09:34.699 10967 10985 I native-activity: Frame 298 time is 12.011ms
04-13 01:09:34.743 10967 10985 I native-activity: Swap 298 time is 55.837ms
04-13 01:09:34.743 10967 10985 I native-activity: Animating
04-13 01:09:34.756 10967 10985 I native-activity: Frame 299 GL error is 0x0
04-13 01:09:34.756 10967 10985 I native-activity: Frame 299 time is 12.729ms
04-13 01:09:34.777    93    93 I Kernel  : [ 3493.379455] (0)[93:irq/258-inv_irq]inv_mpu_iio: inv_read_fifo: Received Sensor Interrupt to read FIFO and Fifo_count is 6
04-13 01:09:34.800 10967 10985 I native-activity: Swap 299 time is 56.623ms
04-13 01:09:34.800 10967 10985 I native-activity: Animating
04-13 01:09:34.810 10967 10985 I native-activity: Frame 300 GL error is 0x0
04-13 01:09:34.810 10967 10985 I native-activity: Frame 300 time is 9.819ms
04-13 01:09:34.856 10967 10985 I native-activity: Swap 300 time is 56.154ms
04-13 01:09:34.857 10967 10985 I native-activity: Animating
04-13 01:09:34.868 10967 10985 I native-activity: Frame 301 GL error is 0x0
04-13 01:09:34.869 10967 10985 I native-activity: Frame 301 time is 11.944ms
04-13 01:09:34.914 10967 10985 I native-activity: Swap 301 time is 56.954ms
