04-13 01:10:05.299 11273 11291 I native-activity: Animating
04-13 01:10:05.299 11273 11291 I native-activity: Frame 181 GL error is 0x0
04-13 01:10:05.299 11273 11291 I native-activity: Frame 181 time is 0.068ms
04-13 01:10:05.299 11273 11291 I native-activity: Swap 181 time is 0.085ms
04-13 01:10:05.299 11273 11291 I native-activity: Animating
04-13 01:10:05.299 11273 11291 I native-activity: Frame 182 GL error is 0x0
04-13 01:10:05.299 11273 11291 I native-activity: Frame 182 time is 0.062ms
04-13 01:10:05.299 11273 11291 I native-activity: Swap 182 time is 0.077ms
04-13 01:10:05.299 11273 11291 I native-activity: Animating
04-13 01:10:05.299 11273 11291 I native-activity: Frame 183 GL error is 0x0
04-13 01:10:05.299 11273 11291 I native-activity: Frame 183 time is 0.067ms
04-13 01:10:05.299 11273 11291 I native-activity: Swap 183 time is 0.084ms
04-13 01:10:05.299 11273 11291 I native-activity: Animating
04-13 01:10:05.299 11273 11291 I native-activity: Frame 184 GL error is 0x0
04-13 01:10:05.299 11273 11291 I native-activity: Frame 184 time is 0.066ms
04-13 01:10:05.299 11273 11291 I native-activity: Swap 184 time is 0.082ms
04-13 01:10:05.299 11273 11291 I native-activity: Animating
04-13 01:10:05.299 11273 11291 I native-activity: Frame 185 GL error is 0x0
04-13 01:10:05.299 11273 11291 I native-activity: Frame 185 time is 0.059ms
04-13 01:10:05.299 11273 11291 I native-activity: Swap 185 time is 0.074ms
04-13 01:10:05.299 11273 11291 I native-activity: Animating
04-13 01:10:05.299 11273 11291 I native-activity: Frame 186 GL error is 0x0
04-13 01:10:05.299 11273 11291 I native-activity: Frame 186 time is 0.070ms
04-13 01:10:05.299 11273 11291 I native-activity: Swap 186 time is 0.087ms
04-13 01:10:05.299 11273 11291 I native-activity: Animating
04-13 01:10:05.299 11273 11291 I native-activity: Frame 187 GL error is 0x0
04-13 01:10:05.299 11273 11291 I native-activity: Frame 187 time is 0.058ms
04-13 01:10:05.299 11273 11291 I native-activity: Swap 187 time is 0.073ms
04-13 01:10:05.299 11273 11291 I native-activity: Animating
04-13 01:10:05.299 11273 11291 I native-activity: Frame 188 GL error is 0x0
04-13 01:10:05.299 11273 11291 I native-activity: Frame 188 time is 0.068ms
04-13 01:10:05.299 11273 11291 I native-activity: Swap 188 time is 0.086ms
04-13 01:10:05.299 11273 11291 I native-activity: Animating
04-13 01:10:05.299 11273 11291 I native-activity: Frame 189 GL error is 0x0
04-13 01:10:05.299 11273 11291 I native-activity: Frame 189 time is 0.058ms
04-13 01:10:05.299 11273 11291 I native-activity: Swap 189 time is 0.074ms
04-13 01:10:05.299 11273 11291 I native-activity: Animating
04-13 01:10:05.299 11273 11291 I native-activity: Frame 190 GL error is 0x0
04-13 01:10:05.299 11273 11291 I native-activity: Frame 190 time is 0.058ms
04-13 01:10:05.300 11273 11291 I native-activity: Swap 190 time is 0.073ms
04-13 01:10:05.300 11273 11291 I native-activity: Animating
04-13 01:10:05.300 11273 11291 I native-activity: Frame 191 GL error is 0x0
04-13 01:10:05.300 11273 11291 I native-activity: Frame 191 time is 0.071ms
04-13 01:10:05.300 11273 11291 I native-activity: Swap 191 time is 0.089ms
04-13 01:10:05.300 11273 11291 I native-activity: Animating
04-13 01:10:05.300 11273 11291 I native-activity: Frame 192 GL error is 0x0
04-13 01:10:05.300 11273 11291 I native-activity: Frame 192 time is 0.058ms
04-13 01:10:05.300 11273 11291 I native-activity: Swap 192 time is 0.074ms
04-13 01:10:05.300 11273 11291 I native-activity: Animating
04-13 01:10:05.300 11273 11291 I native-activity: Frame 193 GL error is 0x0
04-13 01:10:05.300 11273 11291 I native-activity: Frame 193 time is 0.067ms
04-13 01:10:05.300 11273 11291 I native-activity: Swap 193 time is 0.084ms
04-13 01:10:05.300 11273 11291 I native-activity: Animating
04-13 01:10:05.300 11273 11291 I native-activity: Frame 194 GL error is 0x0
04-13 01:10:05.300 11273 11291 I native-activity: Frame 194 time is 0.057ms
04-13 01:10:05.300 11273 11291 I native-activity: Swap 194 time is 0.072ms
04-13 01:10:05.300 11273 11291 I native-activity: Animating
04-13 01:10:05.300 11273 11291 I native-activity: Frame 195 GL error is 0x0
04-13 01:10:05.300 11273 11291 I native-activity: Frame 195 time is 0.056ms
04-13 01:10:05.300 11273 11291 I native-activity: Swap 195 time is 0.071ms
04-13 01:10:05.300 11273 11291 I native-activity: Animating
04-13 01:10:05.417    93    93 I Kernel  : [ 3524.013451] (3)[93:irq/258-inv_irq]inv_mpu_iio: inv_read_fifo: Received Sensor Interrupt to read FIFO and Fifo_count is 6
04-13 01:10:05.661   962  1056 D TaskPersister: removeObsoleteFile: deleting file=640_task.xml
04-13 01:10:06.247    93    93 I Kernel  : [ 3524.844966] (1)[93:irq/258-inv_irq]inv_mpu_iio: inv_read_fifo: Received Sensor Interrupt to read FIFO and Fifo_count is 6
04-13 01:10:06.752 11273 11291 I native-activity: Frame 196 GL error is 0x0
04-13 01:10:06.752 11273 11291 I native-activity: Frame 196 time is 1452.132ms
04-13 01:10:06.752 11273 11291 I native-activity: Swap 196 time is 1452.202ms
04-13 01:10:06.753 11273 11291 I native-activity: Animating
04-13 01:10:06.754 11273 11291 I native-activity: Frame 197 GL error is 0x0
04-13 01:10:06.754 11273 11291 I native-activity: Frame 197 time is 0.923ms
04-13 01:10:06.754 11273 11291 I native-activity: Swap 197 time is 0.991ms
04-13 01:10:06.754 11273 11291 I native-activity: Animating
04-13 01:10:06.754 11273 11291 I native-activity: Frame 198 GL error is 0x0
04-13 01:10:06.754 11273 11291 I native-activity: Frame 198 time is 0.399ms
04-13 01:10:06.754 11273 11291 I native-activity: Swap 198 time is 0.454ms
04-13 01:10:06.754 11273 11291 I native-activity: Animating
04-13 01:10:06.755 11273 11291 I native-activity: Frame 199 GL error is 0x0
04-13 01:10:06.755 11273 11291 I native-activity: Frame 199 time is 0.194ms
04-13 01:10:06.755 11273 11291 I native-activity: Swap 199 time is 0.239ms
04-13 01:10:06.755 11273 11291 I native-activity: Animating
04-13 01:10:06.755 11273 11291 I native-activity: Frame 200 GL error is 0x0
04-13 01:10:06.755 11273 11291 I native-activity: Frame 200 time is 0.154ms
04-13 01:10:06.755 11273 11291 I native-activity: Swap 200 time is 0.193ms
04-13 01:10:06.755 11273 11291 I native-activity: Animating
04-13 01:10:06.755 11273 11291 I native-activity: Frame 201 GL error is 0x0
04-13 01:10:06.755 11273 11291 I native-activity: Frame 201 time is 0.164ms
04-13 01:10:06.755 11273 11291 I native-activity: Swap 201 time is 0.200ms
04-13 01:10:06.755 11273 11291 I native-activity: Animating
04-13 01:10:06.755 11273 11291 I native-activity: Frame 202 GL error is 0x0
04-13 01:10:06.755 11273 11291 I native-activity: Frame 202 time is 0.151ms
04-13 01:10:06.755 11273 11291 I native-activity: Swap 202 time is 0.186ms
04-13 01:10:06.755 11273 11291 I native-activity: Animating
04-13 01:10:06.755 11273 11291 I native-activity: Frame 203 GL error is 0x0
04-13 01:10:06.756 11273 11291 I native-activity: Frame 203 time is 0.153ms
04-13 01:10:06.756 11273 11291 I native-activity: Swap 203 time is 0.190ms
04-13 01:10:06.756 11273 11291 I native-activity: Animating
04-13 01:10:06.756 11273 11291 I native-activity: Frame 204 GL error is 0x0
04-13 01:10:06.756 11273 11291 I native-activity: Frame 204 time is 0.132ms
04-13 01:10:06.756 11273 11291 I native-activity: Swap 204 time is 0.166ms
04-13 01:10:06.756 11273 11291 I native-activity: Animating
04-13 01:10:06.756 11273 11291 I native-activity: Frame 205 GL error is 0x0
04-13 01:10:06.756 11273 11291 I native-activity: Frame 205 time is 0.146ms
04-13 01:10:06.756 11273 11291 I native-activity: Swap 205 time is 0.185ms
04-13 01:10:06.756 11273 11291 I native-activity: Animating
04-13 01:10:06.756 11273 11291 I native-activity: Frame 206 GL error is 0x0
04-13 01:10:06.756 11273 11291 I native-activity: Frame 206 time is 0.134ms
04-13 01:10:06.756 11273 11291 I native-activity: Swap 206 time is 0.169ms
04-13 01:10:06.756 11273 11291 I native-activity: Animating
04-13 01:10:06.756 11273 11291 I native-activity: Frame 207 GL error is 0x0
04-13 01:10:06.756 11273 11291 I native-activity: Frame 207 time is 0.132ms
04-13 01:10:06.756 11273 11291 I native-activity: Swap 207 time is 0.164ms
04-13 01:10:06.756 11273 11291 I native-activity: Animating
04-13 01:10:06.757 11273 11291 I native-activity: Frame 208 GL error is 0x0
04-13 01:10:06.757 11273 11291 I native-activity: Frame 208 time is 0.158ms
04-13 01:10:06.757 11273 11291 I native-activity: Swap 208 time is 0.193ms
04-13 01:10:06.757 11273 11291 I native-activity: Animating
04-13 01:10:06.757 11273 11291 I native-activity: Frame 209 GL error is 0x0
04-13 01:10:06.757 11273 11291 I native-activity: Frame 209 time is 0.133ms
04-13 01:10:06.757 11273 11291 I native-activity: Swap 209 time is 0.166ms
04-13 01:10:06.757 11273 11291 I native-activity: Animating
04-13 01:10:06.757 11273 11291 I native-activity: Frame 210 GL error is 0x0
04-13 01:10:06.757 11273 11291 I native-activity: Frame 210 time is 0.151ms
04-13 01:10:06.757 11273 11291 I native-activity: Swap 210 time is 0.186ms
04-13 01:10:06.757 11273 11291 I native-activity: Animating
04-13 01:10:06.757 11273 11291 I native-activity: Frame 211 GL error is 0x0
04-13 01:10:06.757 11273 11291 I native-activity: Frame 211 time is 0.134ms
04-13 01:10:06.757 11273 11291 I native-activity: Swap 211 time is 0.165ms
04-13 01:10:06.757 11273 11291 I native-activity: Animating
04-13 01:10:06.757 11273 11291 I native-activity: Frame 212 GL error is 0x0
04-13 01:10:06.757 11273 11291 I native-activity: Frame 212 time is 0.125ms
04-13 01:10:06.757 11273 11291 I native-activity: Swap 212 time is 0.159ms
04-13 01:10:06.757 11273 11291 I native-activity: Animating
04-13 01:10:06.758 11273 11291 I native-activity: Frame 213 GL error is 0x0
04-13 01:10:06.758 11273 11291 I native-activity: Frame 213 time is 0.159ms
04-13 01:10:06.758 11273 11291 I native-activity: Swap 213 time is 0.196ms
04-13 01:10:06.758 11273 11291 I native-activity: Animating
04-13 01:10:06.758 11273 11291 I native-activity: Frame 214 GL error is 0x0
04-13 01:10:06.758 11273 11291 I native-activity: Frame 214 time is 0.144ms
04-13 01:10:06.758 11273 11291 I native-activity: Swap 214 time is 0.179ms
04-13 01:10:06.758 11273 11291 I native-activity: Animating
04-13 01:10:06.758 11273 11291 I native-activity: Frame 215 GL error is 0x0
04-13 01:10:06.758 11273 11291 I native-activity: Frame 215 time is 0.147ms
04-13 01:10:06.758 11273 11291 I native-activity: Swap 215 time is 0.202ms
04-13 01:10:06.758 11273 11291 I native-activity: Animating
04-13 01:10:06.758 11273 11291 I native-activity: Frame 216 GL error is 0x0
04-13 01:10:06.758 11273 11291 I native-activity: Frame 216 time is 0.137ms
04-13 01:10:06.758 11273 11291 I native-activity: Swap 216 time is 0.172ms
04-13 01:10:06.758 11273 11291 I native-activity: Animating
04-13 01:10:06.758 11273 11291 I native-activity: Frame 217 GL error is 0x0
04-13 01:10:06.758 11273 11291 I native-activity: Frame 217 time is 0.132ms
04-13 01:10:06.759 11273 11291 I native-activity: Swap 217 time is 0.166ms
04-13 01:10:06.759 11273 11291 I native-activity: Animating
04-13 01:10:06.759 11273 11291 I native-activity: Frame 218 GL error is 0x0
04-13 01:10:06.759 11273 11291 I native-activity: Frame 218 time is 0.150ms
04-13 01:10:06.759 11273 11291 I native-activity: Swap 218 time is 0.186ms
04-13 01:10:06.759 11273 11291 I native-activity: Animating
04-13 01:10:06.759 11273 11291 I native-activity: Frame 219 GL error is 0x0
04-13 01:10:06.759 11273 11291 I native-activity: Frame 219 time is 0.130ms
04-13 01:10:06.759 11273 11291 I native-activity: Swap 219 time is 0.163ms
04-13 01:10:06.759 11273 11291 I native-activity: Animating
04-13 01:10:06.759 11273 11291 I native-activity: Frame 220 GL error is 0x0
04-13 01:10:06.759 11273 11291 I native-activity: Frame 220 time is 0.148ms
04-13 01:10:06.759 11273 11291 I native-activity: Swap 220 time is 0.180ms
04-13 01:10:06.759 11273 11291 I native-activity: Animating
04-13 01:10:06.759 11273 11291 I native-activity: Frame 221 GL error is 0x0
04-13 01:10:06.759 11273 11291 I native-activity: Frame 221 time is 0.131ms
04-13 01:10:06.759 11273 11291 I native-activity: Swap 221 time is 0.164ms
04-13 01:10:06.759 11273 11291 I native-activity: Animating
04-13 01:10:06.760 11273 11291 I native-activity: Frame 222 GL error is 0x0
04-13 01:10:06.760 11273 11291 I native-activity: Frame 222 time is 0.131ms
04-13 01:10:06.760 11273 11291 I native-activity: Swap 222 time is 0.167ms
04-13 01:10:06.760 11273 11291 I native-activity: Animating
04-13 01:10:06.760 11273 11291 I native-activity: Frame 223 GL error is 0x0
04-13 01:10:06.760 11273 11291 I native-activity: Frame 223 time is 0.150ms
04-13 01:10:06.760 11273 11291 I native-activity: Swap 223 time is 0.186ms
04-13 01:10:06.760 11273 11291 I native-activity: Animating
04-13 01:10:06.760 11273 11291 I native-activity: Frame 224 GL error is 0x0
04-13 01:10:06.760 11273 11291 I native-activity: Frame 224 time is 0.132ms
04-13 01:10:06.760 11273 11291 I native-activity: Swap 224 time is 0.165ms
04-13 01:10:06.760 11273 11291 I native-activity: Animating
04-13 01:10:07.077    93    93 I Kernel  : [ 3525.676148] (2)[93:irq/258-inv_irq]inv_mpu_iio: inv_read_fifo: Received Sensor Interrupt to read FIFO and Fifo_count is 6
04-13 01:10:07.252 11273 11291 I native-activity: Frame 225 GL error is 0x501
04-13 01:10:07.252 11273 11291 I native-activity: Frame 225 time is 491.872ms
04-13 01:10:07.252 11273 11291 I native-activity: Swap 225 time is 491.908ms
04-13 01:10:07.252 11273 11291 I native-activity: Animating
04-13 01:10:07.253 11273 11291 I native-activity: Frame 226 GL error is 0x0
04-13 01:10:07.253 11273 11291 I native-activity: Frame 226 time is 1.085ms
04-13 01:10:07.253 11273 11291 I native-activity: Swap 226 time is 1.109ms
04-13 01:10:07.253 11273 11291 I native-activity: Animating
04-13 01:10:07.262 11273 11291 I native-activity: Frame 227 GL error is 0x0
04-13 01:10:07.262 11273 11291 I native-activity: Frame 227 time is 8.698ms
04-13 01:10:07.262 11273 11291 I native-activity: Swap 227 time is 8.738ms
04-13 01:10:07.262 11273 11291 I native-activity: Animating
04-13 01:10:07.263 11273 11291 I native-activity: Frame 228 GL error is 0x0
04-13 01:10:07.263 11273 11291 I native-activity: Frame 228 time is 1.411ms
04-13 01:10:07.264 11273 11291 I native-activity: Swap 228 time is 1.436ms
04-13 01:10:07.264 11273 11291 I native-activity: Animating
04-13 01:10:07.265 11273 11291 I native-activity: Frame 229 GL error is 0x0
04-13 01:10:07.265 11273 11291 I native-activity: Frame 229 time is 1.381ms
04-13 01:10:07.265 11273 11291 I native-activity: Swap 229 time is 1.403ms
04-13 01:10:07.265 11273 11291 I native-activity: Animating
04-13 01:10:07.266 11273 11291 I native-activity: Frame 230 GL error is 0x0
04-13 01:10:07.266 11273 11291 I native-activity: Frame 230 time is 1.497ms
04-13 01:10:07.267 11273 11291 I native-activity: Swap 230 time is 1.533ms
04-13 01:10:07.267 11273 11291 I native-activity: Animating
04-13 01:10:07.270 11273 11291 I native-activity: Frame 231 GL error is 0x0
04-13 01:10:07.270 11273 11291 I native-activity: Frame 231 time is 3.664ms
04-13 01:10:07.270 11273 11291 I native-activity: Swap 231 time is 3.686ms
04-13 01:10:07.270 11273 11291 I native-activity: Animating
04-13 01:10:07.493 11273 11291 I native-activity: Frame 232 GL error is 0x501
04-13 01:10:07.493 11273 11291 I native-activity: Frame 232 time is 222.851ms
04-13 01:10:07.493 11273 11291 I native-activity: Swap 232 time is 222.892ms
04-13 01:10:07.493 11273 11291 I native-activity: Animating
04-13 01:10:07.557   168   168 I Kernel  : [ 3526.151177] (3)[168:healthd]healthd: battery l=96 v=4113 t=24.0 h=2 st=2 chg=u
04-13 01:10:07.706 11273 11291 I native-activity: Frame 233 GL error is 0x501
04-13 01:10:07.706 11273 11291 I native-activity: Frame 233 time is 213.081ms
04-13 01:10:07.706 11273 11291 I native-activity: Swap 233 time is 213.121ms
04-13 01:10:07.707 11273 11291 I native-activity: Animating
04-13 01:10:07.708 11273 11291 I native-activity: Frame 234 GL error is 0x0
04-13 01:10:07.708 11273 11291 I native-activity: Frame 234 time is 1.187ms
04-13 01:10:07.708 11273 11291 I native-activity: Swap 234 time is 1.212ms
04-13 01:10:07.708 11273 11291 I native-activity: Animating
04-13 01:10:07.708 11273 11291 I native-activity: Frame 235 GL error is 0x0
04-13 01:10:07.708 11273 11291 I native-activity: Frame 235 time is 0.484ms
04-13 01:10:07.708 11273 11291 I native-activity: Swap 235 time is 0.507ms
04-13 01:10:07.708 11273 11291 I native-activity: Animating
04-13 01:10:07.709 11273 11291 I native-activity: Frame 236 GL error is 0x0
04-13 01:10:07.709 11273 11291 I native-activity: Frame 236 time is 0.457ms
04-13 01:10:07.709 11273 11291 I native-activity: Swap 236 time is 0.476ms
04-13 01:10:07.709 11273 11291 I native-activity: Animating
04-13 01:10:07.709 11273 11291 I native-activity: Frame 237 GL error is 0x0
04-13 01:10:07.709 11273 11291 I native-activity: Frame 237 time is 0.447ms
04-13 01:10:07.709 11273 11291 I native-activity: Swap 237 time is 0.467ms
04-13 01:10:07.709 11273 11291 I native-activity: Animating
04-13 01:10:07.710 11273 11291 I native-activity: Frame 238 GL error is 0x0
04-13 01:10:07.710 11273 11291 I native-activity: Frame 238 time is 0.504ms
04-13 01:10:07.710 11273 11291 I native-activity: Swap 238 time is 0.523ms
04-13 01:10:07.710 11273 11291 I native-activity: Animating
04-13 01:10:07.710 11273 11291 I native-activity: Frame 239 GL error is 0x0
04-13 01:10:07.710 11273 11291 I native-activity: Frame 239 time is 0.601ms
04-13 01:10:07.710 11273 11291 I native-activity: Swap 239 time is 0.622ms
04-13 01:10:07.711 11273 11291 I native-activity: Animating
04-13 01:10:07.907    93    93 I Kernel  : [ 3526.507564] (3)[93:irq/258-inv_irq]inv_mpu_iio: inv_read_fifo: Received Sensor Interrupt to read FIFO and Fifo_count is 6
04-13 01:10:08.132   962  1810 I PackageRecencyUtils: Waiting for idle
04-13 01:10:08.133   962  1810 I Vlog    : package_recency:broadcast_notification:fgtracking=false;DV;1,key=time_in_queue;DV;1,Timer=5001.0;TI;1,unit=ms;DV;1:HI
04-13 01:10:08.143   962  1725 D ActivityManager: single user service: com.amazon.kindle.cms
04-13 01:10:08.149   962  1725 D ActivityManager: app = com.amazon.kindle.cms, has single user service, setting process record.
04-13 01:10:08.378   962  1726 D WifiService: acquireWifiLockLocked: WifiLock{com.amazon.dcp.framework.iuc.ConnectionEstablisherWithConnectivityEnforcement type=1 binder=android.os.BinderProxy@e82b131}
04-13 01:10:08.394   962  1725 D ActivityManager: single user service: com.amazon.imp
04-13 01:10:08.395   962  1725 D ActivityManager: app = com.amazon.imp, has single user service, setting process record.
04-13 01:10:08.538   962  5334 D ActivityManager: single user service: com.amazon.kindle.cms
04-13 01:10:08.539   962  5334 D ActivityManager: app = com.amazon.kindle.cms, has single user service, setting process record.
04-13 01:10:08.597    93    93 I Kernel  : [ 3527.195959] (3)[93:irq/258-inv_irq]inv_mpu_iio: inv_push_8bytes_buffer: Received Accel Sensor Data at Driver Layer -932, 1904, -16448
04-13 01:10:08.611   962   977 D ActivityManager: single user service: com.amazon.kindle.cms
04-13 01:10:08.612   962   977 D ActivityManager: app = com.amazon.kindle.cms, has single user service, setting process record.
04-13 01:10:08.674   962  5335 W AccountManagerService: insertAccountIntoDatabase: Account {name=default_account, type=com.amazon.firelauncher.account}, skipping since the account already exists
04-13 01:10:08.678   962  5334 W AccountManagerService: insertAccountIntoDatabase: Account {name=default_account, type=com.amazon.firelauncher.account}, skipping since the account already exists
04-13 01:10:08.708   962  5334 W AccountManagerService: insertAccountIntoDatabase: Account {name=default_account, type=com.amazon.firelauncher.account}, skipping since the account already exists
04-13 01:10:08.713   962  1723 D ActivityManager: single user service: com.amazon.kindle.cms
04-13 01:10:08.716   962  1723 D ActivityManager: app = com.amazon.kindle.cms, has single user service, setting process record.
04-13 01:10:08.732   962   977 W AccountManagerService: insertAccountIntoDatabase: Account {name=default_account, type=com.amazon.firelauncher.account}, skipping since the account already exists
04-13 01:10:08.747   962  5335 D ActivityManager: single user service: com.amazon.kindle.cms
04-13 01:10:08.749   962  5335 D ActivityManager: app = com.amazon.kindle.cms, has single user service, setting process record.
04-13 01:10:08.737    93    93 I Kernel  : [ 3527.338858] (3)[93:irq/258-inv_irq]inv_mpu_iio: inv_read_fifo: Received Sensor Interrupt to read FIFO and Fifo_count is 6
04-13 01:10:08.781   962   977 W AccountManagerService: insertAccountIntoDatabase: Account {name=default_account, type=com.amazon.firelauncher.account}, skipping since the account already exists
04-13 01:10:08.789   962  1723 D WifiService: releaseWifiLockLocked: WifiLock{com.amazon.dcp.framework.iuc.ConnectionEstablisherWithConnectivityEnforcement type=1 binder=android.os.BinderProxy@e82b131}
04-13 01:10:08.790   962  1011 W AccountManagerService: insertAccountIntoDatabase: Account {name=default_account, type=com.amazon.firelauncher.account}, skipping since the account already exists
04-13 01:10:08.793   962  1245 W AccountManagerService: insertAccountIntoDatabase: Account {name=default_account, type=com.amazon.firelauncher.account}, skipping since the account already exists
04-13 01:10:08.816   962  1725 W AccountManagerService: insertAccountIntoDatabase: Account {name=default_account, type=com.amazon.firelauncher.account}, skipping since the account already exists
04-13 01:10:08.826   962  1940 W AccountManagerService: insertAccountIntoDatabase: Account {name=default_account, type=com.amazon.firelauncher.account}, skipping since the account already exists
04-13 01:10:08.827   962  3494 W AccountManagerService: insertAccountIntoDatabase: Account {name=default_account, type=com.amazon.firelauncher.account}, skipping since the account already exists
04-13 01:10:08.831   962  1011 W AccountManagerService: insertAccountIntoDatabase: Account {name=default_account, type=com.amazon.firelauncher.account}, skipping since the account already exists
04-13 01:10:08.836   962  5168 W AccountManagerService: insertAccountIntoDatabase: Account {name=default_account, type=com.amazon.firelauncher.account}, skipping since the account already exists
04-13 01:10:08.847   962  1723 W AccountManagerService: insertAccountIntoDatabase: Account {name=default_account, type=com.amazon.firelauncher.account}, skipping since the account already exists
04-13 01:10:08.899   962  5168 W AccountManagerService: insertAccountIntoDatabase: Account {name=default_account, type=com.amazon.firelauncher.account}, skipping since the account already exists
04-13 01:10:08.912   962   978 W AccountManagerService: insertAccountIntoDatabase: Account {name=default_account, type=com.amazon.firelauncher.account}, skipping since the account already exists
04-13 01:10:08.916   962  1245 W AccountManagerService: insertAccountIntoDatabase: Account {name=default_account, type=com.amazon.firelauncher.account}, skipping since the account already exists
04-13 01:10:08.922   962  1011 W AccountManagerService: insertAccountIntoDatabase: Account {name=default_account, type=com.amazon.firelauncher.account}, skipping since the account already exists
04-13 01:10:08.946   962  1245 W AccountManagerService: insertAccountIntoDatabase: Account {name=default_account, type=com.amazon.firelauncher.account}, skipping since the account already exists
04-13 01:10:09.019   962  1011 W AccountManagerService: insertAccountIntoDatabase: Account {name=default_account, type=com.amazon.firelauncher.account}, skipping since the account already exists
04-13 01:10:09.041   962  1940 D WifiService: acquireWifiLockLocked: WifiLock{com.amazon.dcp.framework.iuc.ConnectionEstablisherWithConnectivityEnforcement type=1 binder=android.os.BinderProxy@329f14aa}
04-13 01:10:09.043   962  5335 W AccountManagerService: insertAccountIntoDatabase: Account {name=default_account, type=com.amazon.firelauncher.account}, skipping since the account already exists
04-13 01:10:09.058   962  1716 W AccountManagerService: insertAccountIntoDatabase: Account {name=default_account, type=com.amazon.firelauncher.account}, skipping since the account already exists
04-13 01:10:09.059   962  1725 D ActivityManager: single user service: com.amazon.imp
04-13 01:10:09.060   962  1725 D ActivityManager: app = com.amazon.imp, has single user service, setting process record.
04-13 01:10:09.080   962  5335 W AccountManagerService: insertAccountIntoDatabase: Account {name=default_account, type=com.amazon.firelauncher.account}, skipping since the account already exists
04-13 01:10:09.155 11273 11291 I native-activity: Frame 240 GL error is 0x501
04-13 01:10:09.155 11273 11291 I native-activity: Frame 240 time is 1444.324ms
04-13 01:10:09.155 11273 11291 I native-activity: Swap 240 time is 1444.413ms
04-13 01:10:09.155 11273 11291 I native-activity: Animating
04-13 01:10:09.394   962  1725 D WifiService: releaseWifiLockLocked: WifiLock{com.amazon.dcp.framework.iuc.ConnectionEstablisherWithConnectivityEnforcement type=1 binder=android.os.BinderProxy@329f14aa}
04-13 01:10:09.538 11273 11291 I native-activity: Frame 241 GL error is 0x501
04-13 01:10:09.538 11273 11291 I native-activity: Frame 241 time is 382.222ms
04-13 01:10:09.538 11273 11291 I native-activity: Swap 241 time is 382.263ms
04-13 01:10:09.538 11273 11291 I native-activity: Animating
04-13 01:10:09.551 11273 11291 I native-activity: Frame 242 GL error is 0x0
04-13 01:10:09.551 11273 11291 I native-activity: Frame 242 time is 13.460ms
04-13 01:10:09.551 11273 11291 I native-activity: Swap 242 time is 13.503ms
04-13 01:10:09.552 11273 11291 I native-activity: Animating
04-13 01:10:09.559 11273 11291 I native-activity: Frame 243 GL error is 0x0
04-13 01:10:09.559 11273 11291 I native-activity: Frame 243 time is 7.300ms
04-13 01:10:09.559 11273 11291 I native-activity: Swap 243 time is 7.339ms
04-13 01:10:09.559 11273 11291 I native-activity: Animating
04-13 01:10:09.564 11273 11291 I native-activity: Frame 244 GL error is 0x0
04-13 01:10:09.564 11273 11291 I native-activity: Frame 244 time is 4.779ms
04-13 01:10:09.564 11273 11291 I native-activity: Swap 244 time is 4.819ms
04-13 01:10:09.564 11273 11291 I native-activity: Animating
04-13 01:10:09.577    93    93 I Kernel  : [ 3528.170241] (2)[93:irq/258-inv_irq]inv_mpu_iio: inv_read_fifo: Received Sensor Interrupt to read FIFO and Fifo_count is 6
04-13 01:10:09.594 11273 11291 I native-activity: Frame 245 GL error is 0x0
04-13 01:10:09.594 11273 11291 I native-activity: Frame 245 time is 30.379ms
04-13 01:10:09.594 11273 11291 I native-activity: Swap 245 time is 30.419ms
04-13 01:10:09.594 11273 11291 I native-activity: Animating
04-13 01:10:09.655 11273 11291 I native-activity: Frame 246 GL error is 0x501
04-13 01:10:09.656 11273 11291 I native-activity: Frame 246 time is 61.283ms
04-13 01:10:09.656 11273 11291 I native-activity: Swap 246 time is 61.322ms
04-13 01:10:09.656 11273 11291 I native-activity: Animating
04-13 01:10:09.694 11273 11291 I native-activity: Frame 247 GL error is 0x501
04-13 01:10:09.694 11273 11291 I native-activity: Frame 247 time is 38.631ms
04-13 01:10:09.694 11273 11291 I native-activity: Swap 247 time is 38.679ms
04-13 01:10:09.694 11273 11291 I native-activity: Animating
04-13 01:10:09.699 11273 11291 I native-activity: Frame 248 GL error is 0x0
04-13 01:10:09.699 11273 11291 I native-activity: Frame 248 time is 4.957ms
04-13 01:10:09.699 11273 11291 I native-activity: Swap 248 time is 4.998ms
04-13 01:10:09.699 11273 11291 I native-activity: Animating
04-13 01:10:09.720 11273 11291 I native-activity: Frame 249 GL error is 0x501
04-13 01:10:09.720 11273 11291 I native-activity: Frame 249 time is 20.042ms
04-13 01:10:09.720 11273 11291 I native-activity: Swap 249 time is 20.085ms
04-13 01:10:09.720 11273 11291 I native-activity: Animating
04-13 01:10:09.731 11273 11291 I native-activity: Frame 250 GL error is 0x0
04-13 01:10:09.731 11273 11291 I native-activity: Frame 250 time is 11.201ms
04-13 01:10:09.731 11273 11291 I native-activity: Swap 250 time is 11.242ms
04-13 01:10:09.731 11273 11291 I native-activity: Animating
04-13 01:10:09.738 11273 11291 I native-activity: Frame 251 GL error is 0x0
04-13 01:10:09.738 11273 11291 I native-activity: Frame 251 time is 7.053ms
04-13 01:10:09.738 11273 11291 I native-activity: Swap 251 time is 7.091ms
04-13 01:10:09.738 11273 11291 I native-activity: Animating
04-13 01:10:10.382 11273 11291 I native-activity: Frame 252 GL error is 0x501
04-13 01:10:10.382 11273 11291 I native-activity: Frame 252 time is 643.820ms
04-13 01:10:10.382 11273 11291 I native-activity: Swap 252 time is 643.903ms
04-13 01:10:10.382 11273 11291 I native-activity: Animating
04-13 01:10:10.407    93    93 I Kernel  : [ 3529.001573] (0)[93:irq/258-inv_irq]inv_mpu_iio: inv_read_fifo: Received Sensor Interrupt to read FIFO and Fifo_count is 6
04-13 01:10:10.425 11273 11291 I native-activity: Frame 253 GL error is 0x0
04-13 01:10:10.425 11273 11291 I native-activity: Frame 253 time is 42.802ms
04-13 01:10:10.425 11273 11291 I native-activity: Swap 253 time is 42.888ms
04-13 01:10:10.425 11273 11291 I native-activity: Animating
04-13 01:10:10.482 11273 11291 I native-activity: Frame 254 GL error is 0x0
04-13 01:10:10.482 11273 11291 I native-activity: Frame 254 time is 56.403ms
04-13 01:10:10.482 11273 11291 I native-activity: Swap 254 time is 56.485ms
04-13 01:10:10.482 11273 11291 I native-activity: Animating
04-13 01:10:10.539 11273 11291 I native-activity: Frame 255 GL error is 0x0
04-13 01:10:10.540 11273 11291 I native-activity: Frame 255 time is 57.804ms
04-13 01:10:10.541 11273 11291 I native-activity: Swap 255 time is 58.761ms
04-13 01:10:10.542 11273 11291 I native-activity: Animating
04-13 01:10:10.596 11273 11291 I native-activity: Frame 256 GL error is 0x0
04-13 01:10:10.596 11273 11291 I native-activity: Frame 256 time is 53.681ms
04-13 01:10:10.596 11273 11291 I native-activity: Swap 256 time is 53.756ms
04-13 01:10:10.596 11273 11291 I native-activity: Animating
04-13 01:10:10.654 11273 11291 I native-activity: Frame 257 GL error is 0x0
04-13 01:10:10.655 11273 11291 I native-activity: Frame 257 time is 58.939ms
04-13 01:10:10.656 11273 11291 I native-activity: Swap 257 time is 59.657ms
04-13 01:10:10.656 11273 11291 I native-activity: Animating
04-13 01:10:10.711 11273 11291 I native-activity: Frame 258 GL error is 0x0
04-13 01:10:10.711 11273 11291 I native-activity: Frame 258 time is 54.023ms
04-13 01:10:10.711 11273 11291 I native-activity: Swap 258 time is 54.108ms
04-13 01:10:10.711 11273 11291 I native-activity: Animating
04-13 01:10:10.769 11273 11291 I native-activity: Context 0x547975a0 made current on surface 0x545069a0, error 0x3000
04-13 01:10:10.769 11273 11291 I native-activity: GL information
04-13 01:10:10.769 11273 11291 I native-activity: 	Renderer: PowerVR Rogue G6200
04-13 01:10:10.769 11273 11291 I native-activity: 	Vendor: Imagination Technologies
04-13 01:10:10.769 11273 11291 I native-activity: 	Version: OpenGL ES 3.1 build 1.4@3573678
04-13 01:10:10.769 11273 11291 I native-activity: 	Shading Language: OpenGL ES GLSL ES 3.10 build 1.4@3573678
04-13 01:10:10.769 11273 11291 I native-activity: 	Extensions: GL_EXT_debug_marker GL_EXT_blend_minmax GL_EXT_color_buffer_float GL_EXT_discard_framebuffer GL_EXT_draw_buffers GL_EXT_multi_draw_arrays GL_EXT_multisampled_render_to_texture GL_EXT_occlusion_query_boolean GL_EXT_read_format_bgra GL_EXT_robustness GL_EXT_separate_shader_objects GL_EXT_shader_framebuffer_fetch GL_EXT_shader_texture_lod GL_EXT_texture_filter_anisotropic GL_EXT_texture_format_BGRA8888 GL_EXT_texture_rg GL_EXT_texture_sRGB_decode GL_IMG_multisampled_render_to_texture GL_IMG_program_binary GL_IMG_read_format GL_IMG_shader_binary GL_IMG_texture_compression_pvrtc GL_IMG_texture_compression_pvrtc2 GL_IMG_texture_format_BGRA8888 GL_IMG_texture_npot GL_KHR_blend_equation_advanced GL_KHR_blend_equation_advanced_coherent GL_KHR_debug GL_OES_compressed_ETC1_RGB8_texture GL_OES_depth24 GL_OES_depth_texture GL_OES_EGL_image GL_OES_EGL_image_external GL_OES_EGL_sync GL_OES_element_index_uint GL_OES_fragment_precision_high GL_OES_get_program_binary GL_OES_mapbuffer GL_OES_packed_depth_stencil G
04-13 01:10:10.769 11273 11291 I native-activity: Context 0x547975a0 made current on surface 0x545069a0, error 0x3000
04-13 01:10:10.769 11273 11291 I native-activity: GL information
04-13 01:10:10.769 11273 11291 I native-activity: 	Renderer: PowerVR Rogue G6200
04-13 01:10:10.769 11273 11291 I native-activity: 	Vendor: Imagination Technologies
04-13 01:10:10.769 11273 11291 I native-activity: 	Version: OpenGL ES 3.1 build 1.4@3573678
04-13 01:10:10.769 11273 11291 I native-activity: 	Shading Language: OpenGL ES GLSL ES 3.10 build 1.4@3573678
04-13 01:10:10.769 11273 11291 I native-activity: 	Extensions: GL_EXT_debug_marker GL_EXT_blend_minmax GL_EXT_color_buffer_float GL_EXT_discard_framebuffer GL_EXT_draw_buffers GL_EXT_multi_draw_arrays GL_EXT_multisampled_render_to_texture GL_EXT_occlusion_query_boolean GL_EXT_read_format_bgra GL_EXT_robustness GL_EXT_separate_shader_objects GL_EXT_shader_framebuffer_fetch GL_EXT_shader_texture_lod GL_EXT_texture_filter_anisotropic GL_EXT_texture_format_BGRA8888 GL_EXT_texture_rg GL_EXT_texture_sRGB_decode GL_IMG_multisampled_render_to_texture GL_IMG_program_binary GL_IMG_read_format GL_IMG_shader_binary GL_IMG_texture_compression_pvrtc GL_IMG_texture_compression_pvrtc2 GL_IMG_texture_format_BGRA8888 GL_IMG_texture_npot GL_KHR_blend_equation_advanced GL_KHR_blend_equation_advanced_coherent GL_KHR_debug GL_OES_compressed_ETC1_RGB8_texture GL_OES_depth24 GL_OES_depth_texture GL_OES_EGL_image GL_OES_EGL_image_external GL_OES_EGL_sync GL_OES_element_index_uint GL_OES_fragment_precision_high GL_OES_get_program_binary GL_OES_mapbuffer GL_OES_packed_depth_stencil G
04-13 01:10:10.769 11273 11291 I native-activity: Frame 259 GL error is 0x501
04-13 01:10:10.769 11273 11291 I native-activity: Frame 259 time is 57.985ms
04-13 01:10:10.769 11273 11291 I native-activity: Swap 259 time is 58.041ms
04-13 01:10:10.769 11273 11291 I native-activity: Animating
04-13 01:10:10.827 11273 11291 I native-activity: Frame 260 GL error is 0x500
04-13 01:10:10.827 11273 11291 I native-activity: Frame 260 time is 57.443ms
04-13 01:10:10.827 11273 11291 I native-activity: Swap 260 time is 57.523ms
04-13 01:10:10.827 11273 11291 I native-activity: Animating
04-13 01:10:10.885 11273 11291 I native-activity: Frame 261 GL error is 0x0
04-13 01:10:10.885 11273 11291 I native-activity: Frame 261 time is 57.532ms
04-13 01:10:10.885 11273 11291 I native-activity: Swap 261 time is 57.612ms
04-13 01:10:10.885 11273 11291 I native-activity: Animating
04-13 01:10:10.942 11273 11291 I native-activity: Frame 262 GL error is 0x0
04-13 01:10:10.942 11273 11291 I native-activity: Frame 262 time is 56.974ms
04-13 01:10:10.942 11273 11291 I native-activity: Swap 262 time is 57.054ms
04-13 01:10:10.942 11273 11291 I native-activity: Animating
04-13 01:10:10.999 11273 11291 I native-activity: Frame 263 GL error is 0x0
04-13 01:10:10.999 11273 11291 I native-activity: Frame 263 time is 56.761ms
04-13 01:10:10.999 11273 11291 I native-activity: Swap 263 time is 56.844ms
04-13 01:10:10.999 11273 11291 I native-activity: Animating
04-13 01:10:11.056 11273 11291 I native-activity: Frame 264 GL error is 0x0
04-13 01:10:11.056 11273 11291 I native-activity: Frame 264 time is 57.459ms
04-13 01:10:11.057 11273 11291 I native-activity: Swap 264 time is 57.539ms
04-13 01:10:11.057 11273 11291 I native-activity: Animating
04-13 01:10:11.114 11273 11291 I native-activity: Frame 265 GL error is 0x0
04-13 01:10:11.114 11273 11291 I native-activity: Frame 265 time is 56.959ms
04-13 01:10:11.114 11273 11291 I native-activity: Swap 265 time is 57.043ms
04-13 01:10:11.114 11273 11291 I native-activity: Animating
04-13 01:10:11.171 11273 11291 I native-activity: Frame 266 GL error is 0x0
04-13 01:10:11.171 11273 11291 I native-activity: Frame 266 time is 57.562ms
04-13 01:10:11.172 11273 11291 I native-activity: Swap 266 time is 57.642ms
04-13 01:10:11.172 11273 11291 I native-activity: Animating
04-13 01:10:11.229 11273 11291 I native-activity: Frame 267 GL error is 0x0
04-13 01:10:11.229 11273 11291 I native-activity: Frame 267 time is 57.604ms
04-13 01:10:11.229 11273 11291 I native-activity: Swap 267 time is 57.683ms
04-13 01:10:11.229 11273 11291 I native-activity: Animating
04-13 01:10:11.237    93    93 I Kernel  : [ 3529.833046] (1)[93:irq/258-inv_irq]inv_mpu_iio: inv_read_fifo: Received Sensor Interrupt to read FIFO and Fifo_count is 6
04-13 01:10:11.288 11273 11291 I native-activity: Frame 268 GL error is 0x0
04-13 01:10:11.288 11273 11291 I native-activity: Frame 268 time is 58.829ms
04-13 01:10:11.288 11273 11291 I native-activity: Swap 268 time is 58.910ms
04-13 01:10:11.289 11273 11291 I native-activity: Animating
04-13 01:10:11.347 11273 11291 I native-activity: Frame 269 GL error is 0x0
04-13 01:10:11.347 11273 11291 I native-activity: Frame 269 time is 58.127ms
04-13 01:10:11.347 11273 11291 I native-activity: Swap 269 time is 58.208ms
04-13 01:10:11.347 11273 11291 I native-activity: Animating
04-13 01:10:11.404 11273 11291 I native-activity: Frame 270 GL error is 0x0
04-13 01:10:11.404 11273 11291 I native-activity: Frame 270 time is 57.544ms
04-13 01:10:11.405 11273 11291 I native-activity: Swap 270 time is 57.625ms
04-13 01:10:11.405 11273 11291 I native-activity: Animating
04-13 01:10:11.461 11273 11291 I native-activity: Frame 271 GL error is 0x0
04-13 01:10:11.461 11273 11291 I native-activity: Frame 271 time is 56.550ms
04-13 01:10:11.461 11273 11291 I native-activity: Swap 271 time is 56.631ms
04-13 01:10:11.461 11273 11291 I native-activity: Animating
04-13 01:10:11.519 11273 11291 I native-activity: Frame 272 GL error is 0x0
04-13 01:10:11.519 11273 11291 I native-activity: Frame 272 time is 57.162ms
04-13 01:10:11.519 11273 11291 I native-activity: Swap 272 time is 57.243ms
04-13 01:10:11.519 11273 11291 I native-activity: Animating
04-13 01:10:11.578 11273 11291 I native-activity: Frame 273 GL error is 0x0
04-13 01:10:11.578 11273 11291 I native-activity: Frame 273 time is 58.792ms
04-13 01:10:11.578 11273 11291 I native-activity: Swap 273 time is 58.901ms
04-13 01:10:11.578 11273 11291 I native-activity: Animating
04-13 01:10:11.635 11273 11291 I native-activity: Frame 274 GL error is 0x501
04-13 01:10:11.635 11273 11291 I native-activity: Frame 274 time is 57.064ms
04-13 01:10:11.635 11273 11291 I native-activity: Swap 274 time is 57.144ms
04-13 01:10:11.635 11273 11291 I native-activity: Animating
04-13 01:10:11.694 11273 11291 I native-activity: Frame 275 GL error is 0x0
04-13 01:10:11.694 11273 11291 I native-activity: Frame 275 time is 58.934ms
04-13 01:10:11.695 11273 11291 I native-activity: Swap 275 time is 59.372ms
04-13 01:10:11.695 11273 11291 I native-activity: Animating
04-13 01:10:11.754 11273 11291 I native-activity: Frame 276 GL error is 0x0
04-13 01:10:11.754 11273 11291 I native-activity: Frame 276 time is 58.189ms
04-13 01:10:11.754 11273 11291 I native-activity: Swap 276 time is 58.326ms
04-13 01:10:11.754 11273 11291 I native-activity: Animating
04-13 01:10:11.808 11273 11291 I native-activity: Frame 277 GL error is 0x0
04-13 01:10:11.808 11273 11291 I native-activity: Frame 277 time is 54.015ms
04-13 01:10:11.808 11273 11291 I native-activity: Swap 277 time is 54.097ms
04-13 01:10:11.808 11273 11291 I native-activity: Animating
04-13 01:10:11.870 11273 11291 I native-activity: Frame 278 GL error is 0x0
04-13 01:10:11.870 11273 11291 I native-activity: Frame 278 time is 61.814ms
04-13 01:10:11.871 11273 11291 I native-activity: Swap 278 time is 62.567ms
04-13 01:10:11.871 11273 11291 I native-activity: Animating
04-13 01:10:11.924 11273 11291 I native-activity: Frame 279 GL error is 0x0
04-13 01:10:11.924 11273 11291 I native-activity: Frame 279 time is 52.522ms
04-13 01:10:11.924 11273 11291 I native-activity: Swap 279 time is 52.603ms
04-13 01:10:11.924 11273 11291 I native-activity: Animating
04-13 01:10:11.984 11273 11291 I native-activity: Frame 280 GL error is 0x0
04-13 01:10:11.986 11273 11291 I native-activity: Frame 280 time is 62.018ms
04-13 01:10:11.987 11273 11291 I native-activity: Swap 280 time is 62.678ms
04-13 01:10:11.987 11273 11291 I native-activity: Animating
04-13 01:10:12.039 11273 11291 I native-activity: Frame 281 GL error is 0x0
04-13 01:10:12.040 11273 11291 I native-activity: Frame 281 time is 52.712ms
04-13 01:10:12.040 11273 11291 I native-activity: Swap 281 time is 53.091ms
04-13 01:10:12.041 11273 11291 I native-activity: Animating
04-13 01:10:12.067    93    93 I Kernel  : [ 3530.664382] (1)[93:irq/258-inv_irq]inv_mpu_iio: inv_read_fifo: Received Sensor Interrupt to read FIFO and Fifo_count is 6
04-13 01:10:12.096 11273 11291 I native-activity: Frame 282 GL error is 0x0
04-13 01:10:12.096 11273 11291 I native-activity: Frame 282 time is 55.480ms
04-13 01:10:12.096 11273 11291 I native-activity: Swap 282 time is 55.572ms
04-13 01:10:12.096 11273 11291 I native-activity: Animating
04-13 01:10:12.154 11273 11291 I native-activity: Frame 283 GL error is 0x0
04-13 01:10:12.154 11273 11291 I native-activity: Frame 283 time is 57.911ms
04-13 01:10:12.155 11273 11291 I native-activity: Swap 283 time is 58.108ms
04-13 01:10:12.155 11273 11291 I native-activity: Animating
04-13 01:10:12.217 11273 11291 I native-activity: Frame 284 GL error is 0x0
04-13 01:10:12.217 11273 11291 I native-activity: Frame 284 time is 62.541ms
04-13 01:10:12.217 11273 11291 I native-activity: Swap 284 time is 62.631ms
04-13 01:10:12.218 11273 11291 I native-activity: Animating
04-13 01:10:12.270 11273 11291 I native-activity: Frame 285 GL error is 0x0
04-13 01:10:12.271 11273 11291 I native-activity: Frame 285 time is 52.854ms
04-13 01:10:12.271 11273 11291 I native-activity: Swap 285 time is 52.935ms
04-13 01:10:12.271 11273 11291 I native-activity: Animating
04-13 01:10:12.327 11273 11291 I native-activity: Frame 286 GL error is 0x0
04-13 01:10:12.327 11273 11291 I native-activity: Frame 286 time is 56.663ms
04-13 01:10:12.328 11273 11291 I native-activity: Swap 286 time is 56.747ms
04-13 01:10:12.328 11273 11291 I native-activity: Animating
04-13 01:10:12.386 11273 11291 I native-activity: Frame 287 GL error is 0x0
04-13 01:10:12.386 11273 11291 I native-activity: Frame 287 time is 58.181ms
04-13 01:10:12.386 11273 11291 I native-activity: Swap 287 time is 58.284ms
04-13 01:10:12.386 11273 11291 I native-activity: Animating
04-13 01:10:12.443 11273 11291 I native-activity: Frame 288 GL error is 0x0
04-13 01:10:12.443 11273 11291 I native-activity: Frame 288 time is 57.130ms
04-13 01:10:12.443 11273 11291 I native-activity: Swap 288 time is 57.214ms
04-13 01:10:12.443 11273 11291 I native-activity: Animating
04-13 01:10:12.500 11273 11291 I native-activity: Frame 289 GL error is 0x0
04-13 01:10:12.500 11273 11291 I native-activity: Frame 289 time is 56.778ms
04-13 01:10:12.501 11273 11291 I native-activity: Swap 289 time is 57.092ms
04-13 01:10:12.501 11273 11291 I native-activity: Animating
04-13 01:10:12.560 11273 11291 I native-activity: Frame 290 GL error is 0x0
04-13 01:10:12.561 11273 11291 I native-activity: Frame 290 time is 59.724ms
04-13 01:10:12.561 11273 11291 I native-activity: Swap 290 time is 59.860ms
04-13 01:10:12.561 11273 11291 I native-activity: Animating
04-13 01:10:12.616 11273 11291 I native-activity: Frame 291 GL error is 0x0
04-13 01:10:12.616 11273 11291 I native-activity: Frame 291 time is 55.018ms
04-13 01:10:12.616 11273 11291 I native-activity: Swap 291 time is 55.143ms
04-13 01:10:12.616 11273 11291 I native-activity: Animating
04-13 01:10:12.674 11273 11291 I native-activity: Frame 292 GL error is 0x0
04-13 01:10:12.676 11273 11291 I native-activity: Frame 292 time is 59.199ms
04-13 01:10:12.678 11273 11291 I native-activity: Swap 292 time is 61.865ms
04-13 01:10:12.679 11273 11291 I native-activity: Animating
04-13 01:10:12.729 11273 11291 I native-activity: Frame 293 GL error is 0x0
04-13 01:10:12.730 11273 11291 I native-activity: Frame 293 time is 48.538ms
04-13 01:10:12.730 11273 11291 I native-activity: Swap 293 time is 48.706ms
04-13 01:10:12.730 11273 11291 I native-activity: Animating
04-13 01:10:12.787 11273 11291 I native-activity: Frame 294 GL error is 0x0
04-13 01:10:12.787 11273 11291 I native-activity: Frame 294 time is 57.158ms
04-13 01:10:12.787 11273 11291 I native-activity: Swap 294 time is 57.239ms
04-13 01:10:12.787 11273 11291 I native-activity: Animating
04-13 01:10:12.847 11273 11291 I native-activity: Frame 295 GL error is 0x0
04-13 01:10:12.848 11273 11291 I native-activity: Frame 295 time is 60.276ms
04-13 01:10:12.848 11273 11291 I native-activity: Swap 295 time is 60.416ms
04-13 01:10:12.848 11273 11291 I native-activity: Animating
04-13 01:10:12.903 11273 11291 I native-activity: Frame 296 GL error is 0x0
04-13 01:10:12.903 11273 11291 I native-activity: Frame 296 time is 54.974ms
04-13 01:10:12.903 11273 11291 I native-activity: Swap 296 time is 55.286ms
04-13 01:10:12.903 11273 11291 I native-activity: Animating
04-13 01:10:12.897    93    93 I Kernel  : [ 3531.495855] (1)[93:irq/258-inv_irq]inv_mpu_iio: inv_read_fifo: Received Sensor Interrupt to read FIFO and Fifo_count is 6
04-13 01:10:12.961 11273 11291 I native-activity: Frame 297 GL error is 0x0
04-13 01:10:12.962 11273 11291 I native-activity: Frame 297 time is 58.085ms
04-13 01:10:12.962 11273 11291 I native-activity: Swap 297 time is 58.544ms
04-13 01:10:12.963 11273 11291 I native-activity: Animating
04-13 01:10:13.018 11273 11291 I native-activity: Frame 298 GL error is 0x0
04-13 01:10:13.019 11273 11291 I native-activity: Frame 298 time is 56.162ms
04-13 01:10:13.021 11273 11291 I native-activity: Swap 298 time is 57.699ms
04-13 01:10:13.021 11273 11291 I native-activity: Animating
04-13 01:10:13.075 11273 11291 I native-activity: Frame 299 GL error is 0x0
04-13 01:10:13.075 11273 11291 I native-activity: Frame 299 time is 53.780ms
04-13 01:10:13.075 11273 11291 I native-activity: Swap 299 time is 53.963ms
04-13 01:10:13.076 11273 11291 I native-activity: Animating
04-13 01:10:13.133 11273 11291 I native-activity: Frame 300 GL error is 0x0
04-13 01:10:13.133 11273 11291 I native-activity: Frame 300 time is 57.427ms
04-13 01:10:13.133 11273 11291 I native-activity: Swap 300 time is 57.532ms
04-13 01:10:13.133 11273 11291 I native-activity: Animating
04-13 01:10:13.190 11273 11291 I native-activity: Frame 301 GL error is 0x0
04-13 01:10:13.190 11273 11291 I native-activity: Frame 301 time is 56.886ms
04-13 01:10:13.190 11273 11291 I native-activity: Swap 301 time is 56.969ms
04-13 01:10:13.190 11273 11291 I native-activity: Animating
04-13 01:10:13.248 11273 11291 I native-activity: Frame 302 GL error is 0x0
04-13 01:10:13.248 11273 11291 I native-activity: Frame 302 time is 57.362ms
04-13 01:10:13.248 11273 11291 I native-activity: Swap 302 time is 57.495ms
04-13 01:10:13.248 11273 11291 I native-activity: Animating
04-13 01:10:13.307 11273 11291 I native-activity: Frame 303 GL error is 0x0
04-13 01:10:13.309 11273 11291 I native-activity: Frame 303 time is 60.617ms
04-13 01:10:13.310 11273 11291 I native-activity: Swap 303 time is 61.381ms
04-13 01:10:13.311 11273 11291 I native-activity: Animating
04-13 01:10:13.364 11273 11291 I native-activity: Frame 304 GL error is 0x0
04-13 01:10:13.364 11273 11291 I native-activity: Frame 304 time is 52.529ms
04-13 01:10:13.364 11273 11291 I native-activity: Swap 304 time is 52.637ms
04-13 01:10:13.364 11273 11291 I native-activity: Animating
04-13 01:10:13.421 11273 11291 I native-activity: Frame 305 GL error is 0x0
04-13 01:10:13.422 11273 11291 I native-activity: Frame 305 time is 57.509ms
04-13 01:10:13.422 11273 11291 I native-activity: Swap 305 time is 58.010ms
04-13 01:10:13.423 11273 11291 I native-activity: Animating
04-13 01:10:13.427    93    93 I Kernel  : [ 3532.024469] (1)[93:irq/258-inv_irq]inv_mpu_iio: inv_push_8bytes_buffer: Received Accel Sensor Data at Driver Layer -848, 1912, -16396
04-13 01:10:13.478 11273 11291 I native-activity: Frame 306 GL error is 0x0
04-13 01:10:13.478 11273 11291 I native-activity: Frame 306 time is 54.490ms
04-13 01:10:13.478 11273 11291 I native-activity: Swap 306 time is 54.573ms
04-13 01:10:13.478 11273 11291 I native-activity: Animating
04-13 01:10:13.538 11273 11291 I native-activity: Frame 307 GL error is 0x0
