04-11 02:51:26.659 24635 24653 I native-activity: Frame 386 GL error is 0x0
04-11 02:51:26.659 24635 24653 I native-activity: Frame 386 time is 7.324ms
04-11 02:51:26.659 24635 24653 I native-activity: Doing egl_swapbuffers_sync 2
04-11 02:51:26.660   958  1713 W AccountManagerService: insertAccountIntoDatabase: Account {name=default_account, type=com.amazon.firelauncher.account}, skipping since the account already exists
04-11 02:51:26.664 24635 24653 I native-activity: Swap 386 time is 11.901ms
04-11 02:51:26.664 24635 24653 I native-activity: Animating
04-11 02:51:26.669   958  2829 W AccountManagerService: insertAccountIntoDatabase: Account {name=default_account, type=com.amazon.firelauncher.account}, skipping since the account already exists
04-11 02:51:26.671 24635 24653 I native-activity: Frame 387 GL error is 0x0
04-11 02:51:26.671 24635 24653 I native-activity: Frame 387 time is 7.227ms
04-11 02:51:26.671 24635 24653 I native-activity: Doing egl_swapbuffers_sync 2
04-11 02:51:26.676 24635 24653 I native-activity: Swap 387 time is 11.945ms
04-11 02:51:26.676 24635 24653 I native-activity: Animating
04-11 02:51:26.683 24635 24653 I native-activity: Frame 388 GL error is 0x0
04-11 02:51:26.683 24635 24653 I native-activity: Frame 388 time is 7.174ms
04-11 02:51:26.683 24635 24653 I native-activity: Doing egl_swapbuffers_sync 2
04-11 02:51:26.687 24635 24653 I native-activity: Swap 388 time is 11.056ms
04-11 02:51:26.687 24635 24653 I native-activity: Animating
04-11 02:51:26.694 24635 24653 I native-activity: Frame 389 GL error is 0x0
04-11 02:51:26.694 24635 24653 I native-activity: Frame 389 time is 7.121ms
04-11 02:51:26.694 24635 24653 I native-activity: Doing egl_swapbuffers_sync 2
04-11 02:51:26.699 24635 24653 I native-activity: Swap 389 time is 12.025ms
04-11 02:51:26.699 24635 24653 I native-activity: Animating
04-11 02:51:26.703   958  1032 W AccountManagerService: insertAccountIntoDatabase: Account {name=default_account, type=com.amazon.firelauncher.account}, skipping since the account already exists
04-11 02:51:26.704   958  1718 W AccountManagerService: insertAccountIntoDatabase: Account {name=default_account, type=com.amazon.firelauncher.account}, skipping since the account already exists
04-11 02:51:26.708   958  1713 W AccountManagerService: insertAccountIntoDatabase: Account {name=default_account, type=com.amazon.firelauncher.account}, skipping since the account already exists
04-11 02:51:26.713 24635 24653 I native-activity: Frame 390 GL error is 0x0
04-11 02:51:26.713 24635 24653 I native-activity: Frame 390 time is 13.546ms
04-11 02:51:26.713 24635 24653 I native-activity: Doing egl_swapbuffers_sync 2
04-11 02:51:26.714 24635 24653 I native-activity: Swap 390 time is 14.134ms
04-11 02:51:26.714 24635 24653 I native-activity: Animating
04-11 02:51:26.724 24635 24653 I native-activity: Frame 391 GL error is 0x0
04-11 02:51:26.725 24635 24653 I native-activity: Frame 391 time is 10.839ms
04-11 02:51:26.725 24635 24653 I native-activity: Doing egl_swapbuffers_sync 2
04-11 02:51:26.725 24635 24653 I native-activity: Swap 391 time is 11.103ms
04-11 02:51:26.725 24635 24653 I native-activity: Animating
04-11 02:51:26.731   958  2829 W AccountManagerService: insertAccountIntoDatabase: Account {name=default_account, type=com.amazon.firelauncher.account}, skipping since the account already exists
04-11 02:51:26.731 24635 24653 I native-activity: Frame 392 GL error is 0x0
04-11 02:51:26.731 24635 24653 I native-activity: Frame 392 time is 6.491ms
04-11 02:51:26.731 24635 24653 I native-activity: Doing egl_swapbuffers_sync 2
04-11 02:51:26.736 24635 24653 I native-activity: Swap 392 time is 11.365ms
04-11 02:51:26.736 24635 24653 I native-activity: Animating
04-11 02:51:26.744 24635 24653 I native-activity: Frame 393 GL error is 0x0
04-11 02:51:26.744 24635 24653 I native-activity: Frame 393 time is 7.182ms
04-11 02:51:26.744 24635 24653 I native-activity: Doing egl_swapbuffers_sync 2
04-11 02:51:26.748 24635 24653 I native-activity: Swap 393 time is 11.906ms
04-11 02:51:26.748 24635 24653 I native-activity: Animating
04-11 02:51:26.754   958  3891 W AccountManagerService: insertAccountIntoDatabase: Account {name=default_account, type=com.amazon.firelauncher.account}, skipping since the account already exists
04-11 02:51:26.756 24635 24653 I native-activity: Frame 394 GL error is 0x0
04-11 02:51:26.757 24635 24653 I native-activity: Frame 394 time is 8.081ms
04-11 02:51:26.757 24635 24653 I native-activity: Doing egl_swapbuffers_sync 2
04-11 02:51:26.760 24635 24653 I native-activity: Swap 394 time is 11.616ms
04-11 02:51:26.760 24635 24653 I native-activity: Animating
04-11 02:51:26.767 24635 24653 I native-activity: Frame 395 GL error is 0x0
04-11 02:51:26.767 24635 24653 I native-activity: Frame 395 time is 6.765ms
04-11 02:51:26.767 24635 24653 I native-activity: Doing egl_swapbuffers_sync 2
04-11 02:51:26.771 24635 24653 I native-activity: Swap 395 time is 11.208ms
04-11 02:51:26.771 24635 24653 I native-activity: Animating
04-11 02:51:26.779 24635 24653 I native-activity: Frame 396 GL error is 0x0
04-11 02:51:26.779 24635 24653 I native-activity: Frame 396 time is 7.040ms
04-11 02:51:26.779 24635 24653 I native-activity: Doing egl_swapbuffers_sync 2
04-11 02:51:26.781   958  1720 W AccountManagerService: insertAccountIntoDatabase: Account {name=default_account, type=com.amazon.firelauncher.account}, skipping since the account already exists
04-11 02:51:26.783   958  2815 W AccountManagerService: insertAccountIntoDatabase: Account {name=default_account, type=com.amazon.firelauncher.account}, skipping since the account already exists
04-11 02:51:26.783 24635 24653 I native-activity: Swap 396 time is 11.774ms
04-11 02:51:26.783 24635 24653 I native-activity: Animating
04-11 02:51:26.791 24635 24653 I native-activity: Frame 397 GL error is 0x0
04-11 02:51:26.791 24635 24653 I native-activity: Frame 397 time is 8.086ms
04-11 02:51:26.792 24635 24653 I native-activity: Doing egl_swapbuffers_sync 2
04-11 02:51:26.795 24635 24653 I native-activity: Swap 397 time is 11.615ms
04-11 02:51:26.795 24635 24653 I native-activity: Animating
04-11 02:51:26.801 24635 24653 I native-activity: Frame 398 GL error is 0x0
04-11 02:51:26.802 24635 24653 I native-activity: Frame 398 time is 6.297ms
04-11 02:51:26.802 24635 24653 I native-activity: Doing egl_swapbuffers_sync 2
04-11 02:51:26.806 24635 24653 I native-activity: Swap 398 time is 11.095ms
04-11 02:51:26.806 24635 24653 I native-activity: Animating
04-11 02:51:26.811   958  2823 D WifiService: releaseWifiLockLocked: WifiLock{com.amazon.dcp.framework.iuc.ConnectionEstablisherWithConnectivityEnforcement type=1 binder=android.os.BinderProxy@354d7cb6}
04-11 02:51:26.812   958  1694 W AccountManagerService: insertAccountIntoDatabase: Account {name=default_account, type=com.amazon.firelauncher.account}, skipping since the account already exists
04-11 02:51:26.814 24635 24653 I native-activity: Frame 399 GL error is 0x0
04-11 02:51:26.814 24635 24653 I native-activity: Frame 399 time is 7.392ms
04-11 02:51:26.814 24635 24653 I native-activity: Doing egl_swapbuffers_sync 2
04-11 02:51:26.818 24635 24653 I native-activity: Swap 399 time is 11.994ms
04-11 02:51:26.819 24635 24653 I native-activity: Animating
04-11 02:51:26.826 24635 24653 I native-activity: Frame 400 GL error is 0x0
04-11 02:51:26.826 24635 24653 I native-activity: Frame 400 time is 7.166ms
04-11 02:51:26.826 24635 24653 I native-activity: Doing egl_swapbuffers_sync 2
04-11 02:51:26.830 24635 24653 I native-activity: Swap 400 time is 11.892ms
04-11 02:51:26.831 24635 24653 I native-activity: Animating
04-11 02:51:26.838 24635 24653 I native-activity: Frame 401 GL error is 0x0
04-11 02:51:26.838 24635 24653 I native-activity: Frame 401 time is 7.701ms
04-11 02:51:26.838 24635 24653 I native-activity: Doing egl_swapbuffers_sync 2
04-11 02:51:26.839   958  2825 W AccountManagerService: insertAccountIntoDatabase: Account {name=default_account, type=com.amazon.firelauncher.account}, skipping since the account already exists
04-11 02:51:26.842 24635 24653 I native-activity: Swap 401 time is 11.705ms
04-11 02:51:26.842 24635 24653 I native-activity: Animating
04-11 02:51:26.853   958  1032 W AccountManagerService: insertAccountIntoDatabase: Account {name=default_account, type=com.amazon.firelauncher.account}, skipping since the account already exists
04-11 02:51:26.853 24635 24653 I native-activity: Frame 402 GL error is 0x0
04-11 02:51:26.853 24635 24653 I native-activity: Frame 402 time is 10.711ms
04-11 02:51:26.853 24635 24653 I native-activity: Doing egl_swapbuffers_sync 2
04-11 02:51:26.854 24635 24653 I native-activity: Swap 402 time is 11.853ms
04-11 02:51:26.854 24635 24653 I native-activity: Animating
04-11 02:51:26.863 24635 24653 I native-activity: Frame 403 GL error is 0x0
04-11 02:51:26.863 24635 24653 I native-activity: Frame 403 time is 8.169ms
04-11 02:51:26.863 24635 24653 I native-activity: Doing egl_swapbuffers_sync 2
04-11 02:51:26.866 24635 24653 I native-activity: Swap 403 time is 11.681ms
04-11 02:51:26.866 24635 24653 I native-activity: Animating
04-11 02:51:26.873 24635 24653 I native-activity: Frame 404 GL error is 0x0
04-11 02:51:26.873 24635 24653 I native-activity: Frame 404 time is 6.907ms
04-11 02:51:26.873 24635 24653 I native-activity: Doing egl_swapbuffers_sync 2
04-11 02:51:26.878 24635 24653 I native-activity: Swap 404 time is 11.443ms
04-11 02:51:26.878 24635 24653 I native-activity: Animating
04-11 02:51:26.879   958  2822 W AccountManagerService: insertAccountIntoDatabase: Account {name=default_account, type=com.amazon.firelauncher.account}, skipping since the account already exists
04-11 02:51:26.886 24635 24653 I native-activity: Frame 405 GL error is 0x0
04-11 02:51:26.886 24635 24653 I native-activity: Frame 405 time is 8.447ms
04-11 02:51:26.886 24635 24653 I native-activity: Doing egl_swapbuffers_sync 2
04-11 02:51:26.890 24635 24653 I native-activity: Swap 405 time is 12.003ms
04-11 02:51:26.890 24635 24653 I native-activity: Animating
04-11 02:51:26.897 24635 24653 I native-activity: Frame 406 GL error is 0x0
04-11 02:51:26.897 24635 24653 I native-activity: Frame 406 time is 6.819ms
04-11 02:51:26.897 24635 24653 I native-activity: Doing egl_swapbuffers_sync 2
04-11 02:51:26.901 24635 24653 I native-activity: Swap 406 time is 11.377ms
04-11 02:51:26.902 24635 24653 I native-activity: Animating
04-11 02:51:26.908 24635 24653 I native-activity: Frame 407 GL error is 0x0
04-11 02:51:26.908 24635 24653 I native-activity: Frame 407 time is 6.628ms
04-11 02:51:26.908 24635 24653 I native-activity: Doing egl_swapbuffers_sync 2
04-11 02:51:26.913 24635 24653 I native-activity: Swap 407 time is 11.439ms
04-11 02:51:26.913 24635 24653 I native-activity: Animating
04-11 02:51:26.920 24635 24653 I native-activity: Frame 408 GL error is 0x0
04-11 02:51:26.920 24635 24653 I native-activity: Frame 408 time is 6.734ms
04-11 02:51:26.920 24635 24653 I native-activity: Doing egl_swapbuffers_sync 2
04-11 02:51:26.924 24635 24653 I native-activity: Swap 408 time is 11.320ms
04-11 02:51:26.925 24635 24653 I native-activity: Animating
04-11 02:51:26.931 24635 24653 I native-activity: Frame 409 GL error is 0x0
04-11 02:51:26.931 24635 24653 I native-activity: Frame 409 time is 6.600ms
04-11 02:51:26.931 24635 24653 I native-activity: Doing egl_swapbuffers_sync 2
04-11 02:51:26.936 24635 24653 I native-activity: Swap 409 time is 11.158ms
04-11 02:51:26.936 24635 24653 I native-activity: Animating
04-11 02:51:26.942 24635 24653 I native-activity: Frame 410 GL error is 0x0
04-11 02:51:26.942 24635 24653 I native-activity: Frame 410 time is 6.505ms
04-11 02:51:26.942 24635 24653 I native-activity: Doing egl_swapbuffers_sync 2
04-11 02:51:26.947 24635 24653 I native-activity: Swap 410 time is 11.200ms
04-11 02:51:26.947 24635 24653 I native-activity: Animating
04-11 02:51:26.954 24635 24653 I native-activity: Frame 411 GL error is 0x0
04-11 02:51:26.954 24635 24653 I native-activity: Frame 411 time is 6.922ms
04-11 02:51:26.954 24635 24653 I native-activity: Doing egl_swapbuffers_sync 2
04-11 02:51:26.959 24635 24653 I native-activity: Swap 411 time is 11.604ms
04-11 02:51:26.959 24635 24653 I native-activity: Animating
04-11 02:51:26.967 24635 24653 I native-activity: Frame 412 GL error is 0x0
04-11 02:51:26.967 24635 24653 I native-activity: Frame 412 time is 7.965ms
04-11 02:51:26.967 24635 24653 I native-activity: Doing egl_swapbuffers_sync 2
04-11 02:51:26.971 24635 24653 I native-activity: Swap 412 time is 12.093ms
04-11 02:51:26.971 24635 24653 I native-activity: Animating
04-11 02:51:27.031 24635 24653 I native-activity: Frame 413 GL error is 0x501
04-11 02:51:27.031 24635 24653 I native-activity: Frame 413 time is 59.858ms
04-11 02:51:27.031 24635 24653 I native-activity: Doing egl_swapbuffers_sync 2
04-11 02:51:27.031 24635 24653 I native-activity: Swap 413 time is 60.137ms
04-11 02:51:27.031 24635 24653 I native-activity: Animating
04-11 02:51:27.063   958  2830 D WifiService: acquireWifiLockLocked: WifiLock{com.amazon.dcp.framework.iuc.ConnectionEstablisherWithConnectivityEnforcement type=1 binder=android.os.BinderProxy@2eb0e731}
04-11 02:51:27.079   958  2829 D ActivityManager: single user service: com.amazon.imp
04-11 02:51:27.080   958  2829 D ActivityManager: app = com.amazon.imp, has single user service, setting process record.
04-11 02:51:27.112 24635 24653 I native-activity: Frame 414 GL error is 0x0
04-11 02:51:27.112 24635 24653 I native-activity: Frame 414 time is 80.418ms
04-11 02:51:27.112 24635 24653 I native-activity: Doing egl_swapbuffers_sync 2
04-11 02:51:27.112 24635 24653 I native-activity: Swap 414 time is 80.675ms
04-11 02:51:27.112 24635 24653 I native-activity: Animating
04-11 02:51:27.117 24635 24653 I native-activity: Frame 415 GL error is 0x0
04-11 02:51:27.117 24635 24653 I native-activity: Frame 415 time is 4.495ms
04-11 02:51:27.117 24635 24653 I native-activity: Doing egl_swapbuffers_sync 2
04-11 02:51:27.117 24635 24653 I native-activity: Swap 415 time is 4.676ms
04-11 02:51:27.117 24635 24653 I native-activity: Animating
04-11 02:51:27.121 24635 24653 I native-activity: Frame 416 GL error is 0x0
04-11 02:51:27.121 24635 24653 I native-activity: Frame 416 time is 4.288ms
04-11 02:51:27.121 24635 24653 I native-activity: Doing egl_swapbuffers_sync 2
04-11 02:51:27.121 24635 24653 I native-activity: Swap 416 time is 4.504ms
04-11 02:51:27.122 24635 24653 I native-activity: Animating
04-11 02:51:27.127 24635 24653 I native-activity: Frame 417 GL error is 0x0
04-11 02:51:27.127 24635 24653 I native-activity: Frame 417 time is 5.674ms
04-11 02:51:27.127 24635 24653 I native-activity: Doing egl_swapbuffers_sync 2
04-11 02:51:27.127 24635 24653 I native-activity: Swap 417 time is 5.844ms
04-11 02:51:27.128 24635 24653 I native-activity: Animating
04-11 02:51:27.134 24635 24653 I native-activity: Frame 418 GL error is 0x0
04-11 02:51:27.134 24635 24653 I native-activity: Frame 418 time is 5.991ms
04-11 02:51:27.134 24635 24653 I native-activity: Doing egl_swapbuffers_sync 2
04-11 02:51:27.134 24635 24653 I native-activity: Swap 418 time is 6.150ms
04-11 02:51:27.134 24635 24653 I native-activity: Animating
04-11 02:51:27.137 24635 24653 I native-activity: Frame 419 GL error is 0x0
04-11 02:51:27.137 24635 24653 I native-activity: Frame 419 time is 3.622ms
04-11 02:51:27.137 24635 24653 I native-activity: Doing egl_swapbuffers_sync 2
04-11 02:51:27.137 24635 24653 I native-activity: Swap 419 time is 3.770ms
04-11 02:51:27.138 24635 24653 I native-activity: Animating
04-11 02:51:27.142 24635 24653 I native-activity: Frame 420 GL error is 0x0
04-11 02:51:27.142 24635 24653 I native-activity: Frame 420 time is 4.059ms
04-11 02:51:27.142 24635 24653 I native-activity: Doing egl_swapbuffers_sync 2
04-11 02:51:27.142 24635 24653 I native-activity: Swap 420 time is 4.247ms
04-11 02:51:27.142 24635 24653 I native-activity: Animating
04-11 02:51:27.145 24635 24653 I native-activity: Frame 421 GL error is 0x0
04-11 02:51:27.145 24635 24653 I native-activity: Frame 421 time is 3.621ms
04-11 02:51:27.145 24635 24653 I native-activity: Doing egl_swapbuffers_sync 2
04-11 02:51:27.149 24635 24653 I native-activity: Swap 421 time is 6.925ms
04-11 02:51:27.149 24635 24653 I native-activity: Animating
04-11 02:51:27.157 24635 24653 I native-activity: Frame 422 GL error is 0x0
04-11 02:51:27.157 24635 24653 I native-activity: Frame 422 time is 7.695ms
04-11 02:51:27.157 24635 24653 I native-activity: Doing egl_swapbuffers_sync 2
04-11 02:51:27.158 24635 24653 I native-activity: Swap 422 time is 9.415ms
04-11 02:51:27.158 24635 24653 I native-activity: Animating
04-11 02:51:27.175 24635 24653 I native-activity: Frame 423 GL error is 0x0
04-11 02:51:27.175 24635 24653 I native-activity: Frame 423 time is 16.465ms
04-11 02:51:27.175 24635 24653 I native-activity: Doing egl_swapbuffers_sync 2
04-11 02:51:27.175 24635 24653 I native-activity: Swap 423 time is 16.658ms
04-11 02:51:27.175 24635 24653 I native-activity: Animating
04-11 02:51:27.182 24635 24653 I native-activity: Frame 424 GL error is 0x0
04-11 02:51:27.182 24635 24653 I native-activity: Frame 424 time is 6.647ms
04-11 02:51:27.182 24635 24653 I native-activity: Doing egl_swapbuffers_sync 2
04-11 02:51:27.182 24635 24653 I native-activity: Swap 424 time is 6.850ms
04-11 02:51:27.182 24635 24653 I native-activity: Animating
04-11 02:51:27.187 24635 24653 I native-activity: Frame 425 GL error is 0x0
04-11 02:51:27.187 24635 24653 I native-activity: Frame 425 time is 4.897ms
04-11 02:51:27.187 24635 24653 I native-activity: Doing egl_swapbuffers_sync 2
04-11 02:51:27.187 24635 24653 I native-activity: Swap 425 time is 5.092ms
04-11 02:51:27.187 24635 24653 I native-activity: Animating
04-11 02:51:27.192 24635 24653 I native-activity: Frame 426 GL error is 0x0
04-11 02:51:27.192 24635 24653 I native-activity: Frame 426 time is 5.132ms
04-11 02:51:27.192 24635 24653 I native-activity: Doing egl_swapbuffers_sync 2
04-11 02:51:27.192 24635 24653 I native-activity: Swap 426 time is 5.302ms
04-11 02:51:27.192 24635 24653 I native-activity: Animating
04-11 02:51:27.199 24635 24653 I native-activity: Frame 427 GL error is 0x0
04-11 02:51:27.199 24635 24653 I native-activity: Frame 427 time is 6.774ms
04-11 02:51:27.199 24635 24653 I native-activity: Doing egl_swapbuffers_sync 2
04-11 02:51:27.199 24635 24653 I native-activity: Swap 427 time is 6.952ms
04-11 02:51:27.199 24635 24653 I native-activity: Animating
04-11 02:51:27.204 24635 24653 I native-activity: Frame 428 GL error is 0x0
04-11 02:51:27.205 24635 24653 I native-activity: Frame 428 time is 5.060ms
04-11 02:51:27.205 24635 24653 I native-activity: Doing egl_swapbuffers_sync 2
04-11 02:51:27.205 24635 24653 I native-activity: Swap 428 time is 5.263ms
04-11 02:51:27.205 24635 24653 I native-activity: Animating
04-11 02:51:27.210 24635 24653 I native-activity: Frame 429 GL error is 0x0
04-11 02:51:27.210 24635 24653 I native-activity: Frame 429 time is 4.979ms
04-11 02:51:27.210 24635 24653 I native-activity: Doing egl_swapbuffers_sync 2
04-11 02:51:27.212 24635 24653 I native-activity: Swap 429 time is 6.851ms
04-11 02:51:27.212 24635 24653 I native-activity: Animating
04-11 02:51:27.217 24635 24653 I native-activity: Frame 430 GL error is 0x0
04-11 02:51:27.217 24635 24653 I native-activity: Frame 430 time is 5.353ms
04-11 02:51:27.217 24635 24653 I native-activity: Doing egl_swapbuffers_sync 2
04-11 02:51:27.220 24635 24653 I native-activity: Swap 430 time is 8.051ms
04-11 02:51:27.220 24635 24653 I native-activity: Animating
04-11 02:51:27.225 24635 24653 I native-activity: Frame 431 GL error is 0x0
04-11 02:51:27.225 24635 24653 I native-activity: Frame 431 time is 5.312ms
04-11 02:51:27.225 24635 24653 I native-activity: Doing egl_swapbuffers_sync 2
04-11 02:51:27.228 24635 24653 I native-activity: Swap 431 time is 8.048ms
04-11 02:51:27.228 24635 24653 I native-activity: Animating
04-11 02:51:27.233 24635 24653 I native-activity: Frame 432 GL error is 0x0
04-11 02:51:27.233 24635 24653 I native-activity: Frame 432 time is 4.878ms
04-11 02:51:27.233 24635 24653 I native-activity: Doing egl_swapbuffers_sync 2
04-11 02:51:27.236 24635 24653 I native-activity: Swap 432 time is 7.764ms
04-11 02:51:27.226    93    93 I Kernel  : [310326.836932] (3)[93:irq/258-inv_irq]inv_mpu_iio: inv_read_fifo: Received Sensor Interrupt to read FIFO and Fifo_count is 6
04-11 02:51:27.236 24635 24653 I native-activity: Animating
04-11 02:51:27.241 24635 24653 I native-activity: Frame 433 GL error is 0x0
04-11 02:51:27.241 24635 24653 I native-activity: Frame 433 time is 5.220ms
04-11 02:51:27.241 24635 24653 I native-activity: Doing egl_swapbuffers_sync 2
04-11 02:51:27.244 24635 24653 I native-activity: Swap 433 time is 8.028ms
04-11 02:51:27.244 24635 24653 I native-activity: Animating
04-11 02:51:27.249 24635 24653 I native-activity: Frame 434 GL error is 0x0
04-11 02:51:27.249 24635 24653 I native-activity: Frame 434 time is 5.366ms
04-11 02:51:27.249 24635 24653 I native-activity: Doing egl_swapbuffers_sync 2
04-11 02:51:27.252 24635 24653 I native-activity: Swap 434 time is 7.921ms
04-11 02:51:27.252 24635 24653 I native-activity: Animating
04-11 02:51:27.257 24635 24653 I native-activity: Frame 435 GL error is 0x0
04-11 02:51:27.257 24635 24653 I native-activity: Frame 435 time is 5.179ms
04-11 02:51:27.257 24635 24653 I native-activity: Doing egl_swapbuffers_sync 2
04-11 02:51:27.260 24635 24653 I native-activity: Swap 435 time is 8.021ms
04-11 02:51:27.260 24635 24653 I native-activity: Animating
04-11 02:51:27.265 24635 24653 I native-activity: Frame 436 GL error is 0x0
04-11 02:51:27.265 24635 24653 I native-activity: Frame 436 time is 5.014ms
04-11 02:51:27.265 24635 24653 I native-activity: Doing egl_swapbuffers_sync 2
04-11 02:51:27.268 24635 24653 I native-activity: Swap 436 time is 7.998ms
04-11 02:51:27.268 24635 24653 I native-activity: Animating
04-11 02:51:27.274 24635 24653 I native-activity: Frame 437 GL error is 0x0
04-11 02:51:27.274 24635 24653 I native-activity: Frame 437 time is 5.961ms
04-11 02:51:27.274 24635 24653 I native-activity: Doing egl_swapbuffers_sync 2
04-11 02:51:27.276 24635 24653 I native-activity: Swap 437 time is 7.913ms
04-11 02:51:27.276 24635 24653 I native-activity: Animating
04-11 02:51:27.282 24635 24653 I native-activity: Frame 438 GL error is 0x0
04-11 02:51:27.282 24635 24653 I native-activity: Frame 438 time is 5.887ms
04-11 02:51:27.282 24635 24653 I native-activity: Doing egl_swapbuffers_sync 2
04-11 02:51:27.284 24635 24653 I native-activity: Swap 438 time is 7.913ms
04-11 02:51:27.284 24635 24653 I native-activity: Animating
04-11 02:51:27.307 24635 24653 I native-activity: Frame 439 GL error is 0x0
04-11 02:51:27.307 24635 24653 I native-activity: Frame 439 time is 22.572ms
04-11 02:51:27.307 24635 24653 I native-activity: Doing egl_swapbuffers_sync 2
04-11 02:51:27.307 24635 24653 I native-activity: Swap 439 time is 22.808ms
04-11 02:51:27.307 24635 24653 I native-activity: Animating
04-11 02:51:27.313 24635 24653 I native-activity: Frame 440 GL error is 0x0
04-11 02:51:27.313 24635 24653 I native-activity: Frame 440 time is 5.592ms
04-11 02:51:27.313 24635 24653 I native-activity: Doing egl_swapbuffers_sync 2
04-11 02:51:27.313 24635 24653 I native-activity: Swap 440 time is 5.766ms
04-11 02:51:27.313 24635 24653 I native-activity: Animating
04-11 02:51:27.318 24635 24653 I native-activity: Frame 441 GL error is 0x0
04-11 02:51:27.318 24635 24653 I native-activity: Frame 441 time is 5.406ms
04-11 02:51:27.318 24635 24653 I native-activity: Doing egl_swapbuffers_sync 2
04-11 02:51:27.319 24635 24653 I native-activity: Swap 441 time is 5.586ms
04-11 02:51:27.319 24635 24653 I native-activity: Animating
04-11 02:51:27.324 24635 24653 I native-activity: Frame 442 GL error is 0x0
04-11 02:51:27.324 24635 24653 I native-activity: Frame 442 time is 5.313ms
04-11 02:51:27.324 24635 24653 I native-activity: Doing egl_swapbuffers_sync 2
04-11 02:51:27.324 24635 24653 I native-activity: Swap 442 time is 5.480ms
04-11 02:51:27.324 24635 24653 I native-activity: Animating
04-11 02:51:27.330 24635 24653 I native-activity: Frame 443 GL error is 0x0
04-11 02:51:27.330 24635 24653 I native-activity: Frame 443 time is 5.877ms
04-11 02:51:27.330 24635 24653 I native-activity: Doing egl_swapbuffers_sync 2
04-11 02:51:27.330 24635 24653 I native-activity: Swap 443 time is 6.139ms
04-11 02:51:27.330 24635 24653 I native-activity: Animating
04-11 02:51:27.337 24635 24653 I native-activity: Frame 444 GL error is 0x0
04-11 02:51:27.337 24635 24653 I native-activity: Frame 444 time is 6.260ms
04-11 02:51:27.337 24635 24653 I native-activity: Doing egl_swapbuffers_sync 2
04-11 02:51:27.337 24635 24653 I native-activity: Swap 444 time is 6.437ms
04-11 02:51:27.337 24635 24653 I native-activity: Animating
04-11 02:51:27.342 24635 24653 I native-activity: Frame 445 GL error is 0x0
04-11 02:51:27.342 24635 24653 I native-activity: Frame 445 time is 5.320ms
04-11 02:51:27.342 24635 24653 I native-activity: Doing egl_swapbuffers_sync 2
04-11 02:51:27.342 24635 24653 I native-activity: Swap 445 time is 5.483ms
04-11 02:51:27.342 24635 24653 I native-activity: Animating
04-11 02:51:27.349 24635 24653 I native-activity: Frame 446 GL error is 0x0
04-11 02:51:27.349 24635 24653 I native-activity: Frame 446 time is 6.410ms
04-11 02:51:27.349 24635 24653 I native-activity: Doing egl_swapbuffers_sync 2
04-11 02:51:27.349 24635 24653 I native-activity: Swap 446 time is 6.746ms
04-11 02:51:27.349 24635 24653 I native-activity: Animating
04-11 02:51:27.354 24635 24653 I native-activity: Frame 447 GL error is 0x0
04-11 02:51:27.354 24635 24653 I native-activity: Frame 447 time is 4.904ms
04-11 02:51:27.354 24635 24653 I native-activity: Doing egl_swapbuffers_sync 2
04-11 02:51:27.356 24635 24653 I native-activity: Swap 447 time is 6.730ms
04-11 02:51:27.356 24635 24653 I native-activity: Animating
04-11 02:51:27.362 24635 24653 I native-activity: Frame 448 GL error is 0x0
04-11 02:51:27.362 24635 24653 I native-activity: Frame 448 time is 6.101ms
04-11 02:51:27.362 24635 24653 I native-activity: Doing egl_swapbuffers_sync 2
04-11 02:51:27.365 24635 24653 I native-activity: Swap 448 time is 8.378ms
04-11 02:51:27.365 24635 24653 I native-activity: Animating
04-11 02:51:27.370 24635 24653 I native-activity: Frame 449 GL error is 0x0
04-11 02:51:27.370 24635 24653 I native-activity: Frame 449 time is 5.740ms
04-11 02:51:27.370 24635 24653 I native-activity: Doing egl_swapbuffers_sync 2
04-11 02:51:27.374 24635 24653 I native-activity: Swap 449 time is 9.034ms
04-11 02:51:27.374 24635 24653 I native-activity: Animating
04-11 02:51:27.379 24635 24653 I native-activity: Frame 450 GL error is 0x0
04-11 02:51:27.379 24635 24653 I native-activity: Frame 450 time is 5.641ms
04-11 02:51:27.379 24635 24653 I native-activity: Doing egl_swapbuffers_sync 2
04-11 02:51:27.383 24635 24653 I native-activity: Swap 450 time is 8.836ms
04-11 02:51:27.383 24635 24653 I native-activity: Animating
04-11 02:51:27.388 24635 24653 I native-activity: Frame 451 GL error is 0x0
04-11 02:51:27.388 24635 24653 I native-activity: Frame 451 time is 5.276ms
04-11 02:51:27.388 24635 24653 I native-activity: Doing egl_swapbuffers_sync 2
04-11 02:51:27.391 24635 24653 I native-activity: Swap 451 time is 8.693ms
04-11 02:51:27.391 24635 24653 I native-activity: Animating
04-11 02:51:27.397 24635 24653 I native-activity: Frame 452 GL error is 0x0
04-11 02:51:27.397 24635 24653 I native-activity: Frame 452 time is 5.434ms
04-11 02:51:27.397 24635 24653 I native-activity: Doing egl_swapbuffers_sync 2
04-11 02:51:27.400 24635 24653 I native-activity: Swap 452 time is 8.990ms
04-11 02:51:27.401 24635 24653 I native-activity: Animating
04-11 02:51:27.406 24635 24653 I native-activity: Frame 453 GL error is 0x0
04-11 02:51:27.406 24635 24653 I native-activity: Frame 453 time is 5.451ms
04-11 02:51:27.406 24635 24653 I native-activity: Doing egl_swapbuffers_sync 2
04-11 02:51:27.409 24635 24653 I native-activity: Swap 453 time is 8.797ms
04-11 02:51:27.409 24635 24653 I native-activity: Animating
04-11 02:51:27.415 24635 24653 I native-activity: Frame 454 GL error is 0x0
04-11 02:51:27.415 24635 24653 I native-activity: Frame 454 time is 5.537ms
04-11 02:51:27.415 24635 24653 I native-activity: Doing egl_swapbuffers_sync 2
04-11 02:51:27.418 24635 24653 I native-activity: Swap 454 time is 8.880ms
04-11 02:51:27.418 24635 24653 I native-activity: Animating
04-11 02:51:27.424 24635 24653 I native-activity: Frame 455 GL error is 0x0
04-11 02:51:27.424 24635 24653 I native-activity: Frame 455 time is 5.343ms
04-11 02:51:27.424 24635 24653 I native-activity: Doing egl_swapbuffers_sync 2
04-11 02:51:27.428 24635 24653 I native-activity: Swap 455 time is 9.078ms
04-11 02:51:27.428 24635 24653 I native-activity: Animating
04-11 02:51:27.431   958  1234 D WifiService: releaseWifiLockLocked: WifiLock{com.amazon.dcp.framework.iuc.ConnectionEstablisherWithConnectivityEnforcement type=1 binder=android.os.BinderProxy@2eb0e731}
04-11 02:51:27.433 24635 24653 I native-activity: Frame 456 GL error is 0x0
04-11 02:51:27.433 24635 24653 I native-activity: Frame 456 time is 5.606ms
04-11 02:51:27.433 24635 24653 I native-activity: Doing egl_swapbuffers_sync 2
04-11 02:51:27.437 24635 24653 I native-activity: Swap 456 time is 8.976ms
04-11 02:51:27.437 24635 24653 I native-activity: Animating
04-11 02:51:27.442 24635 24653 I native-activity: Frame 457 GL error is 0x0
04-11 02:51:27.442 24635 24653 I native-activity: Frame 457 time is 5.593ms
04-11 02:51:27.442 24635 24653 I native-activity: Doing egl_swapbuffers_sync 2
04-11 02:51:27.446 24635 24653 I native-activity: Swap 457 time is 9.715ms
04-11 02:51:27.447 24635 24653 I native-activity: Animating
04-11 02:51:27.452 24635 24653 I native-activity: Frame 458 GL error is 0x0
04-11 02:51:27.452 24635 24653 I native-activity: Frame 458 time is 5.399ms
04-11 02:51:27.452 24635 24653 I native-activity: Doing egl_swapbuffers_sync 2
04-11 02:51:27.455 24635 24653 I native-activity: Swap 458 time is 8.328ms
04-11 02:51:27.455 24635 24653 I native-activity: Animating
04-11 02:51:27.462 24635 24653 I native-activity: Frame 459 GL error is 0x0
04-11 02:51:27.462 24635 24653 I native-activity: Frame 459 time is 6.953ms
04-11 02:51:27.462 24635 24653 I native-activity: Doing egl_swapbuffers_sync 2
04-11 02:51:27.464 24635 24653 I native-activity: Swap 459 time is 9.052ms
04-11 02:51:27.464 24635 24653 I native-activity: Animating
04-11 02:51:27.470 24635 24653 I native-activity: Frame 460 GL error is 0x0
04-11 02:51:27.470 24635 24653 I native-activity: Frame 460 time is 5.645ms
04-11 02:51:27.470 24635 24653 I native-activity: Doing egl_swapbuffers_sync 2
04-11 02:51:27.473 24635 24653 I native-activity: Swap 460 time is 8.939ms
04-11 02:51:27.473 24635 24653 I native-activity: Animating
04-11 02:51:27.479 24635 24653 I native-activity: Frame 461 GL error is 0x0
04-11 02:51:27.479 24635 24653 I native-activity: Frame 461 time is 5.836ms
04-11 02:51:27.479 24635 24653 I native-activity: Doing egl_swapbuffers_sync 2
04-11 02:51:27.482 24635 24653 I native-activity: Swap 461 time is 9.019ms
04-11 02:51:27.482 24635 24653 I native-activity: Animating
04-11 02:51:27.503 24635 24653 I native-activity: Frame 462 GL error is 0x501
04-11 02:51:27.503 24635 24653 I native-activity: Frame 462 time is 20.345ms
04-11 02:51:27.503 24635 24653 I native-activity: Doing egl_swapbuffers_sync 2
04-11 02:51:27.503 24635 24653 I native-activity: Swap 462 time is 20.592ms
04-11 02:51:27.503 24635 24653 I native-activity: Animating
04-11 02:51:27.512 24635 24653 I native-activity: Frame 463 GL error is 0x0
04-11 02:51:27.512 24635 24653 I native-activity: Frame 463 time is 9.347ms
04-11 02:51:27.512 24635 24653 I native-activity: Doing egl_swapbuffers_sync 2
04-11 02:51:27.513 24635 24653 I native-activity: Swap 463 time is 9.533ms
04-11 02:51:27.513 24635 24653 I native-activity: Animating
04-11 02:51:27.516 24635 24653 I native-activity: Frame 464 GL error is 0x0
04-11 02:51:27.516 24635 24653 I native-activity: Frame 464 time is 3.830ms
04-11 02:51:27.516 24635 24653 I native-activity: Doing egl_swapbuffers_sync 2
04-11 02:51:27.517 24635 24653 I native-activity: Swap 464 time is 4.011ms
04-11 02:51:27.517 24635 24653 I native-activity: Animating
04-11 02:51:27.525 24635 24653 I native-activity: Frame 465 GL error is 0x0
04-11 02:51:27.525 24635 24653 I native-activity: Frame 465 time is 8.199ms
04-11 02:51:27.525 24635 24653 I native-activity: Doing egl_swapbuffers_sync 2
04-11 02:51:27.526 24635 24653 I native-activity: Swap 465 time is 8.936ms
04-11 02:51:27.526 24635 24653 I native-activity: Animating
04-11 02:51:27.531 24635 24653 I native-activity: Frame 466 GL error is 0x0
04-11 02:51:27.532 24635 24653 I native-activity: Frame 466 time is 5.154ms
04-11 02:51:27.532 24635 24653 I native-activity: Doing egl_swapbuffers_sync 2
04-11 02:51:27.532 24635 24653 I native-activity: Swap 466 time is 5.727ms
04-11 02:51:27.532 24635 24653 I native-activity: Animating
04-11 02:51:27.537 24635 24653 I native-activity: Frame 467 GL error is 0x0
04-11 02:51:27.537 24635 24653 I native-activity: Frame 467 time is 4.944ms
04-11 02:51:27.537 24635 24653 I native-activity: Doing egl_swapbuffers_sync 2
04-11 02:51:27.539 24635 24653 I native-activity: Swap 467 time is 6.237ms
04-11 02:51:27.539 24635 24653 I native-activity: Animating
04-11 02:51:27.545 24635 24653 I native-activity: Frame 468 GL error is 0x0
04-11 02:51:27.545 24635 24653 I native-activity: Frame 468 time is 5.738ms
04-11 02:51:27.545 24635 24653 I native-activity: Doing egl_swapbuffers_sync 2
04-11 02:51:27.546 24635 24653 I native-activity: Swap 468 time is 7.579ms
04-11 02:51:27.547 24635 24653 I native-activity: Animating
04-11 02:51:27.575 24635 24653 I native-activity: Frame 469 GL error is 0x501
04-11 02:51:27.576 24635 24653 I native-activity: Frame 469 time is 28.956ms
04-11 02:51:27.576 24635 24653 I native-activity: Doing egl_swapbuffers_sync 2
04-11 02:51:27.576 24635 24653 I native-activity: Swap 469 time is 29.162ms
04-11 02:51:27.576 24635 24653 I native-activity: Animating
04-11 02:51:27.581 24635 24653 I native-activity: Frame 470 GL error is 0x0
04-11 02:51:27.581 24635 24653 I native-activity: Frame 470 time is 5.289ms
04-11 02:51:27.581 24635 24653 I native-activity: Doing egl_swapbuffers_sync 2
04-11 02:51:27.581 24635 24653 I native-activity: Swap 470 time is 5.469ms
04-11 02:51:27.581 24635 24653 I native-activity: Animating
04-11 02:51:27.587 24635 24653 I native-activity: Frame 471 GL error is 0x0
04-11 02:51:27.587 24635 24653 I native-activity: Frame 471 time is 6.121ms
04-11 02:51:27.587 24635 24653 I native-activity: Doing egl_swapbuffers_sync 2
04-11 02:51:27.588 24635 24653 I native-activity: Swap 471 time is 6.307ms
04-11 02:51:27.588 24635 24653 I native-activity: Animating
04-11 02:51:27.593 24635 24653 I native-activity: Frame 472 GL error is 0x0
04-11 02:51:27.593 24635 24653 I native-activity: Frame 472 time is 5.525ms
04-11 02:51:27.593 24635 24653 I native-activity: Doing egl_swapbuffers_sync 2
04-11 02:51:27.593 24635 24653 I native-activity: Swap 472 time is 5.750ms
04-11 02:51:27.593 24635 24653 I native-activity: Animating
04-11 02:51:27.600 24635 24653 I native-activity: Frame 473 GL error is 0x0
04-11 02:51:27.600 24635 24653 I native-activity: Frame 473 time is 6.515ms
04-11 02:51:27.600 24635 24653 I native-activity: Doing egl_swapbuffers_sync 2
04-11 02:51:27.600 24635 24653 I native-activity: Swap 473 time is 6.720ms
04-11 02:51:27.600 24635 24653 I native-activity: Animating
04-11 02:51:27.606 24635 24653 I native-activity: Frame 474 GL error is 0x0
04-11 02:51:27.606 24635 24653 I native-activity: Frame 474 time is 5.856ms
04-11 02:51:27.606 24635 24653 I native-activity: Doing egl_swapbuffers_sync 2
04-11 02:51:27.606 24635 24653 I native-activity: Swap 474 time is 6.058ms
04-11 02:51:27.606 24635 24653 I native-activity: Animating
04-11 02:51:27.612 24635 24653 I native-activity: Frame 475 GL error is 0x0
04-11 02:51:27.612 24635 24653 I native-activity: Frame 475 time is 5.522ms
04-11 02:51:27.612 24635 24653 I native-activity: Doing egl_swapbuffers_sync 2
04-11 02:51:27.612 24635 24653 I native-activity: Swap 475 time is 5.722ms
04-11 02:51:27.612 24635 24653 I native-activity: Animating
04-11 02:51:27.619 24635 24653 I native-activity: Frame 476 GL error is 0x0
04-11 02:51:27.619 24635 24653 I native-activity: Frame 476 time is 6.864ms
04-11 02:51:27.619 24635 24653 I native-activity: Doing egl_swapbuffers_sync 2
04-11 02:51:27.622 24635 24653 I native-activity: Swap 476 time is 9.980ms
04-11 02:51:27.622 24635 24653 I native-activity: Animating
04-11 02:51:27.628 24635 24653 I native-activity: Frame 477 GL error is 0x0
04-11 02:51:27.628 24635 24653 I native-activity: Frame 477 time is 5.660ms
04-11 02:51:27.628 24635 24653 I native-activity: Doing egl_swapbuffers_sync 2
04-11 02:51:27.633 24635 24653 I native-activity: Swap 477 time is 11.173ms
04-11 02:51:27.633 24635 24653 I native-activity: Animating
04-11 02:51:27.641 24635 24653 I native-activity: Frame 478 GL error is 0x0
04-11 02:51:27.641 24635 24653 I native-activity: Frame 478 time is 7.719ms
04-11 02:51:27.641 24635 24653 I native-activity: Doing egl_swapbuffers_sync 2
04-11 02:51:27.645 24635 24653 I native-activity: Swap 478 time is 11.247ms
04-11 02:51:27.645 24635 24653 I native-activity: Animating
04-11 02:51:27.651 24635 24653 I native-activity: Frame 479 GL error is 0x0
04-11 02:51:27.652 24635 24653 I native-activity: Frame 479 time is 6.827ms
04-11 02:51:27.652 24635 24653 I native-activity: Doing egl_swapbuffers_sync 2
04-11 02:51:27.656 24635 24653 I native-activity: Swap 479 time is 11.549ms
04-11 02:51:27.656 24635 24653 I native-activity: Animating
04-11 02:51:27.665 24635 24653 I native-activity: Frame 480 GL error is 0x0
04-11 02:51:27.665 24635 24653 I native-activity: Frame 480 time is 8.560ms
04-11 02:51:27.665 24635 24653 I native-activity: Doing egl_swapbuffers_sync 2
04-11 02:51:27.668 24635 24653 I native-activity: Swap 480 time is 12.030ms
04-11 02:51:27.669 24635 24653 I native-activity: Animating
04-11 02:51:27.674 24635 24653 I native-activity: Frame 481 GL error is 0x0
04-11 02:51:27.674 24635 24653 I native-activity: Frame 481 time is 5.786ms
04-11 02:51:27.674 24635 24653 I native-activity: Doing egl_swapbuffers_sync 2
04-11 02:51:27.681 24635 24653 I native-activity: Swap 481 time is 12.307ms
04-11 02:51:27.681 24635 24653 I native-activity: Animating
04-11 02:51:27.688 24635 24653 I native-activity: Frame 482 GL error is 0x0
04-11 02:51:27.688 24635 24653 I native-activity: Frame 482 time is 7.376ms
04-11 02:51:27.688 24635 24653 I native-activity: Doing egl_swapbuffers_sync 2
04-11 02:51:27.694 24635 24653 I native-activity: Swap 482 time is 13.160ms
04-11 02:51:27.694 24635 24653 I native-activity: Animating
04-11 02:51:27.699 24635 24653 I native-activity: Frame 483 GL error is 0x0
04-11 02:51:27.699 24635 24653 I native-activity: Frame 483 time is 5.200ms
04-11 02:51:27.699 24635 24653 I native-activity: Doing egl_swapbuffers_sync 2
04-11 02:51:27.707 24635 24653 I native-activity: Swap 483 time is 13.156ms
04-11 02:51:27.708 24635 24653 I native-activity: Animating
04-11 02:51:27.713 24635 24653 I native-activity: Frame 484 GL error is 0x0
04-11 02:51:27.713 24635 24653 I native-activity: Frame 484 time is 5.093ms
04-11 02:51:27.713 24635 24653 I native-activity: Doing egl_swapbuffers_sync 2
04-11 02:51:27.721 24635 24653 I native-activity: Swap 484 time is 13.042ms
04-11 02:51:27.721 24635 24653 I native-activity: Animating
04-11 02:51:27.726 24635 24653 I native-activity: Frame 485 GL error is 0x0
04-11 02:51:27.726 24635 24653 I native-activity: Frame 485 time is 4.991ms
04-11 02:51:27.726 24635 24653 I native-activity: Doing egl_swapbuffers_sync 2
04-11 02:51:27.734 24635 24653 I native-activity: Swap 485 time is 12.938ms
04-11 02:51:27.734 24635 24653 I native-activity: Animating
04-11 02:51:27.739 24635 24653 I native-activity: Frame 486 GL error is 0x0
04-11 02:51:27.739 24635 24653 I native-activity: Frame 486 time is 5.033ms
04-11 02:51:27.739 24635 24653 I native-activity: Doing egl_swapbuffers_sync 2
04-11 02:51:27.747 24635 24653 I native-activity: Swap 486 time is 12.929ms
04-11 02:51:27.747 24635 24653 I native-activity: Animating
04-11 02:51:27.752 24635 24653 I native-activity: Frame 487 GL error is 0x0
04-11 02:51:27.752 24635 24653 I native-activity: Frame 487 time is 5.093ms
04-11 02:51:27.752 24635 24653 I native-activity: Doing egl_swapbuffers_sync 2
04-11 02:51:27.760 24635 24653 I native-activity: Swap 487 time is 13.058ms
04-11 02:51:27.760 24635 24653 I native-activity: Animating
04-11 02:51:27.767 24635 24653 I native-activity: Frame 488 GL error is 0x0
04-11 02:51:27.767 24635 24653 I native-activity: Frame 488 time is 6.984ms
04-11 02:51:27.767 24635 24653 I native-activity: Doing egl_swapbuffers_sync 2
04-11 02:51:27.773 24635 24653 I native-activity: Swap 488 time is 12.866ms
04-11 02:51:27.773 24635 24653 I native-activity: Animating
04-11 02:51:27.778 24635 24653 I native-activity: Frame 489 GL error is 0x0
04-11 02:51:27.778 24635 24653 I native-activity: Frame 489 time is 5.375ms
04-11 02:51:27.778 24635 24653 I native-activity: Doing egl_swapbuffers_sync 2
04-11 02:51:27.786 24635 24653 I native-activity: Swap 489 time is 12.856ms
04-11 02:51:27.786 24635 24653 I native-activity: Animating
04-11 02:51:27.792 24635 24653 I native-activity: Frame 490 GL error is 0x0
04-11 02:51:27.792 24635 24653 I native-activity: Frame 490 time is 6.062ms
04-11 02:51:27.792 24635 24653 I native-activity: Doing egl_swapbuffers_sync 2
04-11 02:51:27.799 24635 24653 I native-activity: Swap 490 time is 12.765ms
04-11 02:51:27.799 24635 24653 I native-activity: Animating
04-11 02:51:27.803 24635 24653 I native-activity: Frame 491 GL error is 0x0
04-11 02:51:27.803 24635 24653 I native-activity: Frame 491 time is 4.809ms
04-11 02:51:27.803 24635 24653 I native-activity: Doing egl_swapbuffers_sync 2
04-11 02:51:27.811 24635 24653 I native-activity: Swap 491 time is 12.680ms
04-11 02:51:27.811 24635 24653 I native-activity: Animating
04-11 02:51:27.818 24635 24653 I native-activity: Frame 492 GL error is 0x0
04-11 02:51:27.818 24635 24653 I native-activity: Frame 492 time is 6.215ms
04-11 02:51:27.818 24635 24653 I native-activity: Doing egl_swapbuffers_sync 2
04-11 02:51:27.824 24635 24653 I native-activity: Swap 492 time is 12.748ms
04-11 02:51:27.824 24635 24653 I native-activity: Animating
04-11 02:51:27.829 24635 24653 I native-activity: Frame 493 GL error is 0x0
04-11 02:51:27.829 24635 24653 I native-activity: Frame 493 time is 5.086ms
04-11 02:51:27.829 24635 24653 I native-activity: Doing egl_swapbuffers_sync 2
04-11 02:51:27.837 24635 24653 I native-activity: Swap 493 time is 12.722ms
04-11 02:51:27.837 24635 24653 I native-activity: Animating
04-11 02:51:27.843 24635 24653 I native-activity: Frame 494 GL error is 0x0
04-11 02:51:27.843 24635 24653 I native-activity: Frame 494 time is 5.764ms
04-11 02:51:27.843 24635 24653 I native-activity: Doing egl_swapbuffers_sync 2
04-11 02:51:27.850 24635 24653 I native-activity: Swap 494 time is 12.770ms
04-11 02:51:27.850 24635 24653 I native-activity: Animating
04-11 02:51:27.855 24635 24653 I native-activity: Frame 495 GL error is 0x0
04-11 02:51:27.855 24635 24653 I native-activity: Frame 495 time is 4.873ms
04-11 02:51:27.855 24635 24653 I native-activity: Doing egl_swapbuffers_sync 2
04-11 02:51:27.863 24635 24653 I native-activity: Swap 495 time is 12.773ms
04-11 02:51:27.863 24635 24653 I native-activity: Animating
04-11 02:51:27.869 24635 24653 I native-activity: Frame 496 GL error is 0x0
04-11 02:51:27.869 24635 24653 I native-activity: Frame 496 time is 6.062ms
04-11 02:51:27.869 24635 24653 I native-activity: Doing egl_swapbuffers_sync 2
04-11 02:51:27.875 24635 24653 I native-activity: Swap 496 time is 12.801ms
04-11 02:51:27.876 24635 24653 I native-activity: Animating
04-11 02:51:27.881 24635 24653 I native-activity: Frame 497 GL error is 0x0
04-11 02:51:27.881 24635 24653 I native-activity: Frame 497 time is 5.484ms
04-11 02:51:27.881 24635 24653 I native-activity: Doing egl_swapbuffers_sync 2
04-11 02:51:27.888 24635 24653 I native-activity: Swap 497 time is 12.846ms
04-11 02:51:27.888 24635 24653 I native-activity: Animating
04-11 02:51:27.894 24635 24653 I native-activity: Frame 498 GL error is 0x0
04-11 02:51:27.894 24635 24653 I native-activity: Frame 498 time is 5.399ms
04-11 02:51:27.894 24635 24653 I native-activity: Doing egl_swapbuffers_sync 2
04-11 02:51:27.901 24635 24653 I native-activity: Swap 498 time is 12.811ms
04-11 02:51:27.901 24635 24653 I native-activity: Animating
04-11 02:51:27.906 24635 24653 I native-activity: Frame 499 GL error is 0x0
04-11 02:51:27.906 24635 24653 I native-activity: Frame 499 time is 5.001ms
04-11 02:51:27.906 24635 24653 I native-activity: Doing egl_swapbuffers_sync 2
04-11 02:51:27.914 24635 24653 I native-activity: Swap 499 time is 12.857ms
04-11 02:51:27.914 24635 24653 I native-activity: Animating
04-11 02:51:27.919 24635 24653 I native-activity: Frame 500 GL error is 0x0
04-11 02:51:27.919 24635 24653 I native-activity: Frame 500 time is 5.021ms
04-11 02:51:27.919 24635 24653 I native-activity: Doing egl_swapbuffers_sync 2
04-11 02:51:27.927 24635 24653 I native-activity: Swap 500 time is 12.916ms
04-11 02:51:27.927 24635 24653 I native-activity: Animating
04-11 02:51:27.933 24635 24653 I native-activity: Frame 501 GL error is 0x0
04-11 02:51:27.933 24635 24653 I native-activity: Frame 501 time is 5.556ms
04-11 02:51:27.933 24635 24653 I native-activity: Doing egl_swapbuffers_sync 2
04-11 02:51:27.940 24635 24653 I native-activity: Swap 501 time is 12.955ms
04-11 02:51:27.940 24635 24653 I native-activity: Animating
04-11 02:51:27.946 24635 24653 I native-activity: Frame 502 GL error is 0x0
04-11 02:51:27.946 24635 24653 I native-activity: Frame 502 time is 5.324ms
04-11 02:51:27.946 24635 24653 I native-activity: Doing egl_swapbuffers_sync 2
04-11 02:51:27.953 24635 24653 I native-activity: Swap 502 time is 13.077ms
04-11 02:51:27.953 24635 24653 I native-activity: Animating
04-11 02:51:27.959 24635 24653 I native-activity: Frame 503 GL error is 0x0
04-11 02:51:27.959 24635 24653 I native-activity: Frame 503 time is 5.492ms
04-11 02:51:27.959 24635 24653 I native-activity: Doing egl_swapbuffers_sync 2
04-11 02:51:27.966 24635 24653 I native-activity: Swap 503 time is 12.983ms
04-11 02:51:27.967 24635 24653 I native-activity: Animating
04-11 02:51:27.973 24635 24653 I native-activity: Frame 504 GL error is 0x0
04-11 02:51:27.973 24635 24653 I native-activity: Frame 504 time is 6.445ms
04-11 02:51:27.973 24635 24653 I native-activity: Doing egl_swapbuffers_sync 2
04-11 02:51:27.979 24635 24653 I native-activity: Swap 504 time is 12.842ms
04-11 02:51:27.979 24635 24653 I native-activity: Animating
04-11 02:51:27.985 24635 24653 I native-activity: Frame 505 GL error is 0x0
04-11 02:51:27.985 24635 24653 I native-activity: Frame 505 time is 5.652ms
04-11 02:51:27.985 24635 24653 I native-activity: Doing egl_swapbuffers_sync 2
04-11 02:51:27.992 24635 24653 I native-activity: Swap 505 time is 12.910ms
04-11 02:51:27.992 24635 24653 I native-activity: Animating
04-11 02:51:27.999 24635 24653 I native-activity: Frame 506 GL error is 0x0
04-11 02:51:27.999 24635 24653 I native-activity: Frame 506 time is 6.392ms
04-11 02:51:27.999 24635 24653 I native-activity: Doing egl_swapbuffers_sync 2
04-11 02:51:28.006 24635 24653 I native-activity: Swap 506 time is 13.636ms
04-11 02:51:28.006 24635 24653 I native-activity: Animating
04-11 02:51:28.013 24635 24653 I native-activity: Frame 507 GL error is 0x0
04-11 02:51:28.013 24635 24653 I native-activity: Frame 507 time is 6.930ms
04-11 02:51:28.013 24635 24653 I native-activity: Doing egl_swapbuffers_sync 2
04-11 02:51:28.018 24635 24653 I native-activity: Swap 507 time is 11.843ms
04-11 02:51:28.018 24635 24653 I native-activity: Animating
04-11 02:51:28.025 24635 24653 I native-activity: Frame 508 GL error is 0x0
04-11 02:51:28.025 24635 24653 I native-activity: Frame 508 time is 6.963ms
04-11 02:51:28.025 24635 24653 I native-activity: Doing egl_swapbuffers_sync 2
04-11 02:51:28.031 24635 24653 I native-activity: Swap 508 time is 12.663ms
04-11 02:51:28.031 24635 24653 I native-activity: Animating
04-11 02:51:28.039 24635 24653 I native-activity: Frame 509 GL error is 0x0
