04-11 02:55:14.289 26108 26128 I native-activity: Animating
04-11 02:55:14.289 26108 26128 I native-activity: Frame 10 GL error is 0x0
04-11 02:55:14.289 26108 26128 I native-activity: Frame 10 time is 0.100ms
04-11 02:55:14.289 26108 26128 I native-activity: Doing egl_swapbuffers_sync 2
04-11 02:55:14.305 26108 26128 I native-activity: Swap 10 time is 16.366ms
04-11 02:55:14.305 26108 26128 I native-activity: Animating
04-11 02:55:14.306 26108 26128 I native-activity: Frame 11 GL error is 0x0
04-11 02:55:14.306 26108 26128 I native-activity: Frame 11 time is 0.141ms
04-11 02:55:14.306 26108 26128 I native-activity: Doing egl_swapbuffers_sync 2
04-11 02:55:14.322 26108 26128 I native-activity: Swap 11 time is 16.405ms
04-11 02:55:14.322 26108 26128 I native-activity: Animating
04-11 02:55:14.322 26108 26128 I native-activity: Frame 12 GL error is 0x0
04-11 02:55:14.322 26108 26128 I native-activity: Frame 12 time is 0.091ms
04-11 02:55:14.322 26108 26128 I native-activity: Doing egl_swapbuffers_sync 2
04-11 02:55:14.338 26108 26128 I native-activity: Swap 12 time is 16.362ms
04-11 02:55:14.338 26108 26128 I native-activity: Animating
04-11 02:55:14.338 26108 26128 I native-activity: Frame 13 GL error is 0x0
04-11 02:55:14.338 26108 26128 I native-activity: Frame 13 time is 0.097ms
04-11 02:55:14.338 26108 26128 I native-activity: Doing egl_swapbuffers_sync 2
04-11 02:55:14.355 26108 26128 I native-activity: Swap 13 time is 16.450ms
04-11 02:55:14.355 26108 26128 I native-activity: Animating
04-11 02:55:14.355 26108 26128 I native-activity: Frame 14 GL error is 0x0
04-11 02:55:14.355 26108 26128 I native-activity: Frame 14 time is 0.085ms
04-11 02:55:14.355 26108 26128 I native-activity: Doing egl_swapbuffers_sync 2
04-11 02:55:14.372 26108 26128 I native-activity: Swap 14 time is 16.708ms
04-11 02:55:14.372 26108 26128 I native-activity: Animating
04-11 02:55:14.372 26108 26128 I native-activity: Frame 15 GL error is 0x0
04-11 02:55:14.372 26108 26128 I native-activity: Frame 15 time is 0.259ms
04-11 02:55:14.372 26108 26128 I native-activity: Doing egl_swapbuffers_sync 2
04-11 02:55:14.388 26108 26128 I native-activity: Swap 15 time is 16.322ms
04-11 02:55:14.388 26108 26128 I native-activity: Animating
04-11 02:55:14.388 26108 26128 I native-activity: Frame 16 GL error is 0x0
04-11 02:55:14.388 26108 26128 I native-activity: Frame 16 time is 0.227ms
04-11 02:55:14.388 26108 26128 I native-activity: Doing egl_swapbuffers_sync 2
04-11 02:55:14.406 26108 26128 I native-activity: Swap 16 time is 17.666ms
04-11 02:55:14.406 26108 26128 I native-activity: Animating
04-11 02:55:14.407 26108 26128 I native-activity: Frame 17 GL error is 0x0
04-11 02:55:14.407 26108 26128 I native-activity: Frame 17 time is 0.531ms
04-11 02:55:14.407 26108 26128 I native-activity: Doing egl_swapbuffers_sync 2
04-11 02:55:14.418 26108 26128 I native-activity: Swap 17 time is 11.625ms
04-11 02:55:14.420 26108 26128 I native-activity: Animating
04-11 02:55:14.420 26108 26128 I native-activity: Frame 18 GL error is 0x0
04-11 02:55:14.421 26108 26128 I native-activity: Frame 18 time is 0.643ms
04-11 02:55:14.421 26108 26128 I native-activity: Doing egl_swapbuffers_sync 2
04-11 02:55:14.429 26108 26128 I native-activity: Swap 18 time is 9.350ms
04-11 02:55:14.430 26108 26128 I native-activity: Animating
04-11 02:55:14.430 26108 26128 I native-activity: Frame 19 GL error is 0x0
04-11 02:55:14.430 26108 26128 I native-activity: Frame 19 time is 0.552ms
04-11 02:55:14.430 26108 26128 I native-activity: Doing egl_swapbuffers_sync 2
04-11 02:55:14.441 26108 26128 I native-activity: Swap 19 time is 10.968ms
04-11 02:55:14.441 26108 26128 I native-activity: Animating
04-11 02:55:14.444 26108 26128 I native-activity: Frame 20 GL error is 0x0
04-11 02:55:14.445 26108 26128 I native-activity: Frame 20 time is 2.651ms
04-11 02:55:14.446 26108 26128 I native-activity: Doing egl_swapbuffers_sync 2
04-11 02:55:14.452 26108 26128 I native-activity: Swap 20 time is 9.521ms
04-11 02:55:14.452 26108 26128 I native-activity: Animating
04-11 02:55:14.452 26108 26128 I native-activity: Frame 21 GL error is 0x0
04-11 02:55:14.452 26108 26128 I native-activity: Frame 21 time is 0.363ms
04-11 02:55:14.452 26108 26128 I native-activity: Doing egl_swapbuffers_sync 2
04-11 02:55:14.463 26108 26128 I native-activity: Swap 21 time is 11.213ms
04-11 02:55:14.463 26108 26128 I native-activity: Animating
04-11 02:55:14.464 26108 26128 I native-activity: Frame 22 GL error is 0x0
04-11 02:55:14.464 26108 26128 I native-activity: Frame 22 time is 0.832ms
04-11 02:55:14.464 26108 26128 I native-activity: Doing egl_swapbuffers_sync 2
04-11 02:55:14.474 26108 26128 I native-activity: Swap 22 time is 11.160ms
04-11 02:55:14.475 26108 26128 I native-activity: Animating
04-11 02:55:14.475 26108 26128 I native-activity: Frame 23 GL error is 0x0
04-11 02:55:14.475 26108 26128 I native-activity: Frame 23 time is 0.845ms
04-11 02:55:14.475 26108 26128 I native-activity: Doing egl_swapbuffers_sync 2
04-11 02:55:14.486 26108 26128 I native-activity: Swap 23 time is 11.150ms
04-11 02:55:14.486 26108 26128 I native-activity: Animating
04-11 02:55:14.486 26108 26128 I native-activity: Frame 24 GL error is 0x0
04-11 02:55:14.486 26108 26128 I native-activity: Frame 24 time is 0.393ms
04-11 02:55:14.486 26108 26128 I native-activity: Doing egl_swapbuffers_sync 2
04-11 02:55:14.497 26108 26128 I native-activity: Swap 24 time is 11.202ms
04-11 02:55:14.497 26108 26128 I native-activity: Animating
04-11 02:55:14.498 26108 26128 I native-activity: Frame 25 GL error is 0x0
04-11 02:55:14.498 26108 26128 I native-activity: Frame 25 time is 0.393ms
04-11 02:55:14.498 26108 26128 I native-activity: Doing egl_swapbuffers_sync 2
04-11 02:55:14.508 26108 26128 I native-activity: Swap 25 time is 11.209ms
04-11 02:55:14.509 26108 26128 I native-activity: Animating
04-11 02:55:14.511 26108 26128 I native-activity: Frame 26 GL error is 0x0
04-11 02:55:14.511 26108 26128 I native-activity: Frame 26 time is 1.523ms
04-11 02:55:14.512 26108 26128 I native-activity: Doing egl_swapbuffers_sync 2
04-11 02:55:14.520 26108 26128 I native-activity: Swap 26 time is 10.053ms
04-11 02:55:14.520 26108 26128 I native-activity: Animating
04-11 02:55:14.521 26108 26128 I native-activity: Frame 27 GL error is 0x0
04-11 02:55:14.522 26108 26128 I native-activity: Frame 27 time is 0.986ms
04-11 02:55:14.522 26108 26128 I native-activity: Doing egl_swapbuffers_sync 2
04-11 02:55:14.531 26108 26128 I native-activity: Swap 27 time is 10.508ms
04-11 02:55:14.532 26108 26128 I native-activity: Animating
04-11 02:55:14.533 26108 26128 I native-activity: Frame 28 GL error is 0x0
04-11 02:55:14.534 26108 26128 I native-activity: Frame 28 time is 0.928ms
04-11 02:55:14.535 26108 26128 I native-activity: Doing egl_swapbuffers_sync 2
04-11 02:55:14.526    93    93 I Kernel  : [310554.137121] (3)[93:irq/258-inv_irq]inv_mpu_iio: inv_read_fifo: Received Sensor Interrupt to read FIFO and Fifo_count is 6
04-11 02:55:14.543 26108 26128 I native-activity: Swap 28 time is 10.598ms
04-11 02:55:14.544 26108 26128 I native-activity: Animating
04-11 02:55:14.544 26108 26128 I native-activity: Frame 29 GL error is 0x0
04-11 02:55:14.544 26108 26128 I native-activity: Frame 29 time is 0.551ms
04-11 02:55:14.544 26108 26128 I native-activity: Doing egl_swapbuffers_sync 2
04-11 02:55:14.554 26108 26128 I native-activity: Swap 29 time is 10.656ms
04-11 02:55:14.554 26108 26128 I native-activity: Animating
04-11 02:55:14.555 26108 26128 I native-activity: Frame 30 GL error is 0x0
04-11 02:55:14.555 26108 26128 I native-activity: Frame 30 time is 0.427ms
04-11 02:55:14.555 26108 26128 I native-activity: Doing egl_swapbuffers_sync 2
04-11 02:55:14.566 26108 26128 I native-activity: Swap 30 time is 11.077ms
04-11 02:55:14.566 26108 26128 I native-activity: Animating
04-11 02:55:14.584 26108 26128 I native-activity: Frame 31 GL error is 0x0
04-11 02:55:14.584 26108 26128 I native-activity: Frame 31 time is 18.226ms
04-11 02:55:14.584 26108 26128 I native-activity: Doing egl_swapbuffers_sync 2
04-11 02:55:14.584 26108 26128 I native-activity: Swap 31 time is 18.681ms
04-11 02:55:14.585 26108 26128 I native-activity: Animating
04-11 02:55:14.621 26108 26128 I native-activity: Frame 32 GL error is 0x0
04-11 02:55:14.621 26108 26128 I native-activity: Frame 32 time is 36.328ms
04-11 02:55:14.621 26108 26128 I native-activity: Doing egl_swapbuffers_sync 2
04-11 02:55:14.621 26108 26128 I native-activity: Swap 32 time is 36.531ms
04-11 02:55:14.621 26108 26128 I native-activity: Animating
04-11 02:55:14.647 26108 26128 I native-activity: Frame 33 GL error is 0x0
04-11 02:55:14.647 26108 26128 I native-activity: Frame 33 time is 26.240ms
04-11 02:55:14.647 26108 26128 I native-activity: Doing egl_swapbuffers_sync 2
04-11 02:55:14.648 26108 26128 I native-activity: Swap 33 time is 26.469ms
04-11 02:55:14.648 26108 26128 I native-activity: Animating
04-11 02:55:14.646    93    93 I Kernel  : [310554.265861] (3)[93:irq/258-inv_irq]inv_mpu_iio: inv_push_8bytes_buffer: Received Accel Sensor Data at Driver Layer -468, 1764, -16504
04-11 02:55:14.744 26108 26128 I native-activity: Frame 34 GL error is 0x0
04-11 02:55:14.744 26108 26128 I native-activity: Frame 34 time is 96.486ms
04-11 02:55:14.744 26108 26128 I native-activity: Doing egl_swapbuffers_sync 2
04-11 02:55:14.744 26108 26128 I native-activity: Swap 34 time is 96.685ms
04-11 02:55:14.744 26108 26128 I native-activity: Animating
04-11 02:55:14.771 26108 26128 I native-activity: Frame 35 GL error is 0x0
04-11 02:55:14.771 26108 26128 I native-activity: Frame 35 time is 26.740ms
04-11 02:55:14.771 26108 26128 I native-activity: Doing egl_swapbuffers_sync 2
04-11 02:55:14.771 26108 26128 I native-activity: Swap 35 time is 26.921ms
04-11 02:55:14.771 26108 26128 I native-activity: Animating
04-11 02:55:15.210   958  1024 D ConnectivityService: updateNetworkScore for NetworkAgentInfo [WIFI () - 196] to 60
04-11 02:55:15.210   958  1024 D ConnectivityService: rematching NetworkAgentInfo [WIFI () - 196]
04-11 02:55:15.210   958  1024 D ConnectivityService: Network NetworkAgentInfo [WIFI () - 196] was already satisfying request 1. No change.
04-11 02:55:15.210   958  1024 D ConnectivityService: notifyType AVAILABLE for NetworkAgentInfo [WIFI () - 196]
04-11 02:55:15.217 25873 25984 D ConnectivityManager.CallbackHandler: CM callback handler got msg 524290
04-11 02:55:15.356    93    93 I Kernel  : [310554.967858] (3)[93:irq/258-inv_irq]inv_mpu_iio: inv_read_fifo: Received Sensor Interrupt to read FIFO and Fifo_count is 6
04-11 02:55:15.392 26108 26128 I native-activity: Frame 36 GL error is 0x501
04-11 02:55:15.392 26108 26128 I native-activity: Frame 36 time is 620.003ms
04-11 02:55:15.392 26108 26128 I native-activity: Doing egl_swapbuffers_sync 2
04-11 02:55:15.392 26108 26128 I native-activity: Swap 36 time is 620.423ms
04-11 02:55:15.392 26108 26128 I native-activity: Animating
04-11 02:55:15.565 26108 26128 I native-activity: Frame 37 GL error is 0x501
04-11 02:55:15.565 26108 26128 I native-activity: Frame 37 time is 172.885ms
04-11 02:55:15.565 26108 26128 I native-activity: Doing egl_swapbuffers_sync 2
04-11 02:55:15.566 26108 26128 I native-activity: Swap 37 time is 173.346ms
04-11 02:55:15.566 26108 26128 I native-activity: Animating
04-11 02:55:15.576   958  1051 D TaskPersister: removeObsoleteFile: deleting file=625_task.xml
04-11 02:55:15.580 26108 26128 I native-activity: Frame 38 GL error is 0x501
04-11 02:55:15.580 26108 26128 I native-activity: Frame 38 time is 14.648ms
04-11 02:55:15.580 26108 26128 I native-activity: Doing egl_swapbuffers_sync 2
04-11 02:55:15.581 26108 26128 I native-activity: Swap 38 time is 14.848ms
04-11 02:55:15.581 26108 26128 I native-activity: Animating
04-11 02:55:15.588 26108 26128 I native-activity: Frame 39 GL error is 0x0
04-11 02:55:15.588 26108 26128 I native-activity: Frame 39 time is 7.205ms
04-11 02:55:15.588 26108 26128 I native-activity: Doing egl_swapbuffers_sync 2
04-11 02:55:15.588 26108 26128 I native-activity: Swap 39 time is 7.392ms
04-11 02:55:15.588 26108 26128 I native-activity: Animating
04-11 02:55:15.595 26108 26128 I native-activity: Frame 40 GL error is 0x0
04-11 02:55:15.595 26108 26128 I native-activity: Frame 40 time is 6.823ms
04-11 02:55:15.595 26108 26128 I native-activity: Doing egl_swapbuffers_sync 2
04-11 02:55:15.595 26108 26128 I native-activity: Swap 40 time is 7.010ms
04-11 02:55:15.595 26108 26128 I native-activity: Animating
04-11 02:55:15.601 26108 26128 I native-activity: Frame 41 GL error is 0x0
04-11 02:55:15.601 26108 26128 I native-activity: Frame 41 time is 5.815ms
04-11 02:55:15.601 26108 26128 I native-activity: Doing egl_swapbuffers_sync 2
04-11 02:55:15.601 26108 26128 I native-activity: Swap 41 time is 6.003ms
04-11 02:55:15.601 26108 26128 I native-activity: Animating
04-11 02:55:15.606 26108 26128 I native-activity: Frame 42 GL error is 0x0
04-11 02:55:15.606 26108 26128 I native-activity: Frame 42 time is 5.173ms
04-11 02:55:15.606 26108 26128 I native-activity: Doing egl_swapbuffers_sync 2
04-11 02:55:15.613 26108 26128 I native-activity: Swap 42 time is 12.248ms
04-11 02:55:15.613 26108 26128 I native-activity: Animating
04-11 02:55:15.621 26108 26128 I native-activity: Frame 43 GL error is 0x0
04-11 02:55:15.621 26108 26128 I native-activity: Frame 43 time is 7.767ms
04-11 02:55:15.621 26108 26128 I native-activity: Doing egl_swapbuffers_sync 2
04-11 02:55:15.632 26108 26128 I native-activity: Swap 43 time is 18.500ms
04-11 02:55:15.632 26108 26128 I native-activity: Animating
04-11 02:55:15.638 26108 26128 I native-activity: Frame 44 GL error is 0x0
04-11 02:55:15.638 26108 26128 I native-activity: Frame 44 time is 6.090ms
04-11 02:55:15.638 26108 26128 I native-activity: Doing egl_swapbuffers_sync 2
04-11 02:55:15.650 26108 26128 I native-activity: Swap 44 time is 17.986ms
04-11 02:55:15.650 26108 26128 I native-activity: Animating
04-11 02:55:15.806 26108 26128 I native-activity: Frame 45 GL error is 0x501
04-11 02:55:15.806 26108 26128 I native-activity: Frame 45 time is 155.819ms
04-11 02:55:15.806 26108 26128 I native-activity: Doing egl_swapbuffers_sync 2
04-11 02:55:15.806 26108 26128 I native-activity: Swap 45 time is 156.218ms
04-11 02:55:15.807 26108 26128 I native-activity: Animating
04-11 02:55:16.023 26108 26128 I native-activity: Frame 46 GL error is 0x501
04-11 02:55:16.023 26108 26128 I native-activity: Frame 46 time is 216.955ms
04-11 02:55:16.023 26108 26128 I native-activity: Doing egl_swapbuffers_sync 2
04-11 02:55:16.024 26108 26128 I native-activity: Swap 46 time is 217.393ms
04-11 02:55:16.024 26108 26128 I native-activity: Animating
04-11 02:55:16.153 26108 26128 I native-activity: Frame 47 GL error is 0x501
04-11 02:55:16.153 26108 26128 I native-activity: Frame 47 time is 128.940ms
04-11 02:55:16.153 26108 26128 I native-activity: Doing egl_swapbuffers_sync 2
04-11 02:55:16.153 26108 26128 I native-activity: Swap 47 time is 129.377ms
04-11 02:55:16.154 26108 26128 I native-activity: Animating
04-11 02:55:16.154 26108 26128 I native-activity: Frame 48 GL error is 0x0
04-11 02:55:16.154 26108 26128 I native-activity: Frame 48 time is 0.142ms
04-11 02:55:16.154 26108 26128 I native-activity: Doing egl_swapbuffers_sync 2
04-11 02:55:16.154 26108 26128 I native-activity: Swap 48 time is 0.644ms
04-11 02:55:16.154 26108 26128 I native-activity: Animating
04-11 02:55:16.154 26108 26128 I native-activity: Frame 49 GL error is 0x0
04-11 02:55:16.154 26108 26128 I native-activity: Frame 49 time is 0.107ms
04-11 02:55:16.154 26108 26128 I native-activity: Doing egl_swapbuffers_sync 2
04-11 02:55:16.154 26108 26128 I native-activity: Swap 49 time is 0.230ms
04-11 02:55:16.154 26108 26128 I native-activity: Animating
04-11 02:55:16.155 26108 26128 I native-activity: Frame 50 GL error is 0x0
04-11 02:55:16.155 26108 26128 I native-activity: Frame 50 time is 0.105ms
04-11 02:55:16.155 26108 26128 I native-activity: Doing egl_swapbuffers_sync 2
04-11 02:55:16.155 26108 26128 I native-activity: Swap 50 time is 0.222ms
04-11 02:55:16.155 26108 26128 I native-activity: Animating
04-11 02:55:16.155 26108 26128 I native-activity: Frame 51 GL error is 0x0
04-11 02:55:16.155 26108 26128 I native-activity: Frame 51 time is 0.095ms
04-11 02:55:16.155 26108 26128 I native-activity: Doing egl_swapbuffers_sync 2
04-11 02:55:16.146   169   169 I Kernel  : [310555.764475] (0)[169:healthd]healthd: battery l=23 v=3599 t=27.0 h=2 st=2 chg=u
04-11 02:55:16.182 26108 26128 I native-activity: Swap 51 time is 27.078ms
04-11 02:55:16.182 26108 26128 I native-activity: Animating
04-11 02:55:16.182 26108 26128 I native-activity: Frame 52 GL error is 0x0
04-11 02:55:16.182 26108 26128 I native-activity: Frame 52 time is 0.236ms
04-11 02:55:16.182 26108 26128 I native-activity: Doing egl_swapbuffers_sync 2
04-11 02:55:16.186    93    93 I Kernel  : [310555.798691] (3)[93:irq/258-inv_irq]inv_mpu_iio: inv_read_fifo: Received Sensor Interrupt to read FIFO and Fifo_count is 6
04-11 02:55:16.209 26108 26128 I native-activity: Swap 52 time is 26.720ms
04-11 02:55:16.209 26108 26128 I native-activity: Animating
04-11 02:55:16.209 26108 26128 I native-activity: Frame 53 GL error is 0x0
04-11 02:55:16.209 26108 26128 I native-activity: Frame 53 time is 0.155ms
04-11 02:55:16.209 26108 26128 I native-activity: Doing egl_swapbuffers_sync 2
04-11 02:55:16.227 26108 26128 I native-activity: Swap 53 time is 18.368ms
04-11 02:55:16.227 26108 26128 I native-activity: Animating
04-11 02:55:16.227 26108 26128 I native-activity: Frame 54 GL error is 0x0
04-11 02:55:16.227 26108 26128 I native-activity: Frame 54 time is 0.169ms
04-11 02:55:16.227 26108 26128 I native-activity: Doing egl_swapbuffers_sync 2
04-11 02:55:16.245 26108 26128 I native-activity: Swap 54 time is 17.952ms
04-11 02:55:16.245 26108 26128 I native-activity: Animating
04-11 02:55:16.245 26108 26128 I native-activity: Frame 55 GL error is 0x0
04-11 02:55:16.246 26108 26128 I native-activity: Frame 55 time is 0.290ms
04-11 02:55:16.246 26108 26128 I native-activity: Doing egl_swapbuffers_sync 2
04-11 02:55:16.263 26108 26128 I native-activity: Swap 55 time is 17.866ms
04-11 02:55:16.263 26108 26128 I native-activity: Animating
04-11 02:55:16.263 26108 26128 I native-activity: Frame 56 GL error is 0x0
04-11 02:55:16.263 26108 26128 I native-activity: Frame 56 time is 0.185ms
04-11 02:55:16.263 26108 26128 I native-activity: Doing egl_swapbuffers_sync 2
04-11 02:55:16.281 26108 26128 I native-activity: Swap 56 time is 18.096ms
04-11 02:55:16.281 26108 26128 I native-activity: Animating
04-11 02:55:16.282 26108 26128 I native-activity: Frame 57 GL error is 0x0
04-11 02:55:16.282 26108 26128 I native-activity: Frame 57 time is 0.300ms
04-11 02:55:16.282 26108 26128 I native-activity: Doing egl_swapbuffers_sync 2
04-11 02:55:16.299 26108 26128 I native-activity: Swap 57 time is 17.724ms
04-11 02:55:16.299 26108 26128 I native-activity: Animating
04-11 02:55:16.300 26108 26128 I native-activity: Frame 58 GL error is 0x0
04-11 02:55:16.300 26108 26128 I native-activity: Frame 58 time is 0.320ms
04-11 02:55:16.300 26108 26128 I native-activity: Doing egl_swapbuffers_sync 2
04-11 02:55:16.317 26108 26128 I native-activity: Swap 58 time is 17.789ms
04-11 02:55:16.317 26108 26128 I native-activity: Animating
04-11 02:55:16.318 26108 26128 I native-activity: Frame 59 GL error is 0x0
04-11 02:55:16.318 26108 26128 I native-activity: Frame 59 time is 0.319ms
04-11 02:55:16.318 26108 26128 I native-activity: Doing egl_swapbuffers_sync 2
04-11 02:55:16.335 26108 26128 I native-activity: Swap 59 time is 17.752ms
04-11 02:55:16.335 26108 26128 I native-activity: Animating
04-11 02:55:16.336 26108 26128 I native-activity: Frame 60 GL error is 0x0
04-11 02:55:16.336 26108 26128 I native-activity: Frame 60 time is 0.380ms
04-11 02:55:16.336 26108 26128 I native-activity: Doing egl_swapbuffers_sync 2
04-11 02:55:16.353 26108 26128 I native-activity: Swap 60 time is 17.696ms
04-11 02:55:16.353 26108 26128 I native-activity: Animating
04-11 02:55:16.354 26108 26128 I native-activity: Frame 61 GL error is 0x0
04-11 02:55:16.354 26108 26128 I native-activity: Frame 61 time is 0.298ms
04-11 02:55:16.354 26108 26128 I native-activity: Doing egl_swapbuffers_sync 2
04-11 02:55:16.371 26108 26128 I native-activity: Swap 61 time is 17.769ms
04-11 02:55:16.371 26108 26128 I native-activity: Animating
04-11 02:55:16.372 26108 26128 I native-activity: Frame 62 GL error is 0x0
04-11 02:55:16.372 26108 26128 I native-activity: Frame 62 time is 0.322ms
04-11 02:55:16.372 26108 26128 I native-activity: Doing egl_swapbuffers_sync 2
04-11 02:55:16.389 26108 26128 I native-activity: Swap 62 time is 17.943ms
04-11 02:55:16.389 26108 26128 I native-activity: Animating
04-11 02:55:16.390 26108 26128 I native-activity: Frame 63 GL error is 0x0
04-11 02:55:16.390 26108 26128 I native-activity: Frame 63 time is 0.495ms
04-11 02:55:16.390 26108 26128 I native-activity: Doing egl_swapbuffers_sync 2
04-11 02:55:16.408 26108 26128 I native-activity: Swap 63 time is 18.224ms
04-11 02:55:16.409 26108 26128 I native-activity: Animating
04-11 02:55:16.413 26108 26128 I native-activity: Frame 64 GL error is 0x0
04-11 02:55:16.415 26108 26128 I native-activity: Frame 64 time is 4.170ms
04-11 02:55:16.416 26108 26128 I native-activity: Doing egl_swapbuffers_sync 2
04-11 02:55:16.426 26108 26128 I native-activity: Swap 64 time is 15.218ms
04-11 02:55:16.427 26108 26128 I native-activity: Animating
04-11 02:55:16.429 26108 26128 I native-activity: Frame 65 GL error is 0x0
04-11 02:55:16.430 26108 26128 I native-activity: Frame 65 time is 1.812ms
04-11 02:55:16.431 26108 26128 I native-activity: Doing egl_swapbuffers_sync 2
04-11 02:55:16.443 26108 26128 I native-activity: Swap 65 time is 15.371ms
04-11 02:55:16.445 26108 26128 I native-activity: Animating
04-11 02:55:16.446 26108 26128 I native-activity: Frame 66 GL error is 0x0
04-11 02:55:16.446 26108 26128 I native-activity: Frame 66 time is 0.689ms
04-11 02:55:16.446 26108 26128 I native-activity: Doing egl_swapbuffers_sync 2
04-11 02:55:16.461 26108 26128 I native-activity: Swap 66 time is 15.613ms
04-11 02:55:16.463 26108 26128 I native-activity: Animating
04-11 02:55:16.465 26108 26128 I native-activity: Frame 67 GL error is 0x0
04-11 02:55:16.466 26108 26128 I native-activity: Frame 67 time is 2.239ms
04-11 02:55:16.467 26108 26128 I native-activity: Doing egl_swapbuffers_sync 2
04-11 02:55:16.479 26108 26128 I native-activity: Swap 67 time is 15.372ms
04-11 02:55:16.480 26108 26128 I native-activity: Animating
04-11 02:55:16.483 26108 26128 I native-activity: Frame 68 GL error is 0x0
04-11 02:55:16.484 26108 26128 I native-activity: Frame 68 time is 2.139ms
04-11 02:55:16.485 26108 26128 I native-activity: Doing egl_swapbuffers_sync 2
04-11 02:55:16.497 26108 26128 I native-activity: Swap 68 time is 15.485ms
04-11 02:55:16.498 26108 26128 I native-activity: Animating
04-11 02:55:16.501 26108 26128 I native-activity: Frame 69 GL error is 0x0
04-11 02:55:16.502 26108 26128 I native-activity: Frame 69 time is 2.015ms
04-11 02:55:16.503 26108 26128 I native-activity: Doing egl_swapbuffers_sync 2
04-11 02:55:16.515 26108 26128 I native-activity: Swap 69 time is 15.395ms
04-11 02:55:16.517 26108 26128 I native-activity: Animating
04-11 02:55:16.519 26108 26128 I native-activity: Frame 70 GL error is 0x0
04-11 02:55:16.520 26108 26128 I native-activity: Frame 70 time is 2.359ms
04-11 02:55:16.521 26108 26128 I native-activity: Doing egl_swapbuffers_sync 2
04-11 02:55:16.533 26108 26128 I native-activity: Swap 70 time is 15.643ms
04-11 02:55:16.535 26108 26128 I native-activity: Animating
04-11 02:55:16.536 26108 26128 I native-activity: Frame 71 GL error is 0x0
04-11 02:55:16.536 26108 26128 I native-activity: Frame 71 time is 0.695ms
04-11 02:55:16.536 26108 26128 I native-activity: Doing egl_swapbuffers_sync 2
04-11 02:55:16.551 26108 26128 I native-activity: Swap 71 time is 15.567ms
04-11 02:55:16.551 26108 26128 I native-activity: Animating
04-11 02:55:16.552 26108 26128 I native-activity: Frame 72 GL error is 0x0
04-11 02:55:16.552 26108 26128 I native-activity: Frame 72 time is 0.367ms
04-11 02:55:16.552 26108 26128 I native-activity: Doing egl_swapbuffers_sync 2
04-11 02:55:16.569 26108 26128 I native-activity: Swap 72 time is 17.836ms
04-11 02:55:16.569 26108 26128 I native-activity: Animating
04-11 02:55:16.570 26108 26128 I native-activity: Frame 73 GL error is 0x0
04-11 02:55:16.570 26108 26128 I native-activity: Frame 73 time is 0.677ms
04-11 02:55:16.570 26108 26128 I native-activity: Doing egl_swapbuffers_sync 2
04-11 02:55:16.587 26108 26128 I native-activity: Swap 73 time is 17.781ms
04-11 02:55:16.588 26108 26128 I native-activity: Animating
04-11 02:55:16.588 26108 26128 I native-activity: Frame 74 GL error is 0x0
04-11 02:55:16.588 26108 26128 I native-activity: Frame 74 time is 0.635ms
04-11 02:55:16.588 26108 26128 I native-activity: Doing egl_swapbuffers_sync 2
04-11 02:55:16.606 26108 26128 I native-activity: Swap 74 time is 18.045ms
04-11 02:55:16.606 26108 26128 I native-activity: Animating
04-11 02:55:16.607 26108 26128 I native-activity: Frame 75 GL error is 0x0
04-11 02:55:16.607 26108 26128 I native-activity: Frame 75 time is 0.658ms
04-11 02:55:16.607 26108 26128 I native-activity: Doing egl_swapbuffers_sync 2
04-11 02:55:16.623 26108 26128 I native-activity: Swap 75 time is 17.456ms
04-11 02:55:16.624 26108 26128 I native-activity: Animating
04-11 02:55:16.624 26108 26128 I native-activity: Frame 76 GL error is 0x0
04-11 02:55:16.625 26108 26128 I native-activity: Frame 76 time is 0.816ms
04-11 02:55:16.625 26108 26128 I native-activity: Doing egl_swapbuffers_sync 2
04-11 02:55:16.641 26108 26128 I native-activity: Swap 76 time is 17.585ms
04-11 02:55:16.642 26108 26128 I native-activity: Animating
04-11 02:55:16.642 26108 26128 I native-activity: Frame 77 GL error is 0x0
04-11 02:55:16.642 26108 26128 I native-activity: Frame 77 time is 0.442ms
04-11 02:55:16.642 26108 26128 I native-activity: Doing egl_swapbuffers_sync 2
04-11 02:55:16.659 26108 26128 I native-activity: Swap 77 time is 17.786ms
04-11 02:55:16.660 26108 26128 I native-activity: Animating
04-11 02:55:16.660 26108 26128 I native-activity: Frame 78 GL error is 0x0
04-11 02:55:16.660 26108 26128 I native-activity: Frame 78 time is 0.439ms
04-11 02:55:16.660 26108 26128 I native-activity: Doing egl_swapbuffers_sync 2
04-11 02:55:16.678 26108 26128 I native-activity: Swap 78 time is 17.883ms
04-11 02:55:16.678 26108 26128 I native-activity: Animating
04-11 02:55:16.678 26108 26128 I native-activity: Frame 79 GL error is 0x0
04-11 02:55:16.679 26108 26128 I native-activity: Frame 79 time is 0.863ms
04-11 02:55:16.679 26108 26128 I native-activity: Doing egl_swapbuffers_sync 2
04-11 02:55:16.696 26108 26128 I native-activity: Swap 79 time is 18.038ms
04-11 02:55:16.696 26108 26128 I native-activity: Animating
04-11 02:55:16.696 26108 26128 I native-activity: Frame 80 GL error is 0x0
04-11 02:55:16.696 26108 26128 I native-activity: Frame 80 time is 0.504ms
04-11 02:55:16.696 26108 26128 I native-activity: Doing egl_swapbuffers_sync 2
04-11 02:55:16.714 26108 26128 I native-activity: Swap 80 time is 17.838ms
04-11 02:55:16.714 26108 26128 I native-activity: Animating
04-11 02:55:16.714 26108 26128 I native-activity: Frame 81 GL error is 0x0
04-11 02:55:16.715 26108 26128 I native-activity: Frame 81 time is 0.640ms
04-11 02:55:16.715 26108 26128 I native-activity: Doing egl_swapbuffers_sync 2
04-11 02:55:16.732 26108 26128 I native-activity: Swap 81 time is 17.923ms
04-11 02:55:16.732 26108 26128 I native-activity: Animating
04-11 02:55:16.733 26108 26128 I native-activity: Frame 82 GL error is 0x0
04-11 02:55:16.733 26108 26128 I native-activity: Frame 82 time is 0.892ms
04-11 02:55:16.733 26108 26128 I native-activity: Doing egl_swapbuffers_sync 2
04-11 02:55:16.750 26108 26128 I native-activity: Swap 82 time is 18.284ms
04-11 02:55:16.751 26108 26128 I native-activity: Animating
04-11 02:55:16.751 26108 26128 I native-activity: Frame 83 GL error is 0x0
04-11 02:55:16.753 26108 26128 I native-activity: Frame 83 time is 2.079ms
04-11 02:55:16.753 26108 26128 I native-activity: Doing egl_swapbuffers_sync 2
04-11 02:55:16.768 26108 26128 I native-activity: Swap 83 time is 17.588ms
04-11 02:55:16.769 26108 26128 I native-activity: Animating
04-11 02:55:16.769 26108 26128 I native-activity: Frame 84 GL error is 0x0
04-11 02:55:16.769 26108 26128 I native-activity: Frame 84 time is 0.671ms
04-11 02:55:16.769 26108 26128 I native-activity: Doing egl_swapbuffers_sync 2
04-11 02:55:16.786 26108 26128 I native-activity: Swap 84 time is 17.675ms
04-11 02:55:16.787 26108 26128 I native-activity: Animating
04-11 02:55:16.787 26108 26128 I native-activity: Frame 85 GL error is 0x0
04-11 02:55:16.788 26108 26128 I native-activity: Frame 85 time is 0.767ms
04-11 02:55:16.788 26108 26128 I native-activity: Doing egl_swapbuffers_sync 2
04-11 02:55:16.805 26108 26128 I native-activity: Swap 85 time is 17.862ms
04-11 02:55:16.805 26108 26128 I native-activity: Animating
04-11 02:55:16.808 26108 26128 I native-activity: Frame 86 GL error is 0x0
04-11 02:55:16.808 26108 26128 I native-activity: Frame 86 time is 2.794ms
04-11 02:55:16.808 26108 26128 I native-activity: Doing egl_swapbuffers_sync 2
04-11 02:55:16.823 26108 26128 I native-activity: Swap 86 time is 17.366ms
04-11 02:55:16.823 26108 26128 I native-activity: Animating
04-11 02:55:16.823 26108 26128 I native-activity: Frame 87 GL error is 0x0
04-11 02:55:16.824 26108 26128 I native-activity: Frame 87 time is 0.715ms
04-11 02:55:16.824 26108 26128 I native-activity: Doing egl_swapbuffers_sync 2
04-11 02:55:16.841 26108 26128 I native-activity: Swap 87 time is 17.704ms
04-11 02:55:16.841 26108 26128 I native-activity: Animating
04-11 02:55:16.842 26108 26128 I native-activity: Frame 88 GL error is 0x0
04-11 02:55:16.843 26108 26128 I native-activity: Frame 88 time is 2.502ms
04-11 02:55:16.844 26108 26128 I native-activity: Doing egl_swapbuffers_sync 2
04-11 02:55:16.859 26108 26128 I native-activity: Swap 88 time is 17.588ms
04-11 02:55:16.860 26108 26128 I native-activity: Animating
04-11 02:55:16.862 26108 26128 I native-activity: Frame 89 GL error is 0x0
04-11 02:55:16.863 26108 26128 I native-activity: Frame 89 time is 2.420ms
04-11 02:55:16.865 26108 26128 I native-activity: Doing egl_swapbuffers_sync 2
04-11 02:55:16.877 26108 26128 I native-activity: Swap 89 time is 15.848ms
04-11 02:55:16.878 26108 26128 I native-activity: Animating
04-11 02:55:16.881 26108 26128 I native-activity: Frame 90 GL error is 0x0
04-11 02:55:16.882 26108 26128 I native-activity: Frame 90 time is 1.892ms
04-11 02:55:16.883 26108 26128 I native-activity: Doing egl_swapbuffers_sync 2
04-11 02:55:16.895 26108 26128 I native-activity: Swap 90 time is 14.583ms
04-11 02:55:16.896 26108 26128 I native-activity: Animating
04-11 02:55:16.897 26108 26128 I native-activity: Frame 91 GL error is 0x0
04-11 02:55:16.897 26108 26128 I native-activity: Frame 91 time is 1.037ms
04-11 02:55:16.897 26108 26128 I native-activity: Doing egl_swapbuffers_sync 2
04-11 02:55:16.912 26108 26128 I native-activity: Swap 91 time is 16.618ms
04-11 02:55:16.913 26108 26128 I native-activity: Animating
04-11 02:55:16.914 26108 26128 I native-activity: Frame 92 GL error is 0x0
04-11 02:55:16.914 26108 26128 I native-activity: Frame 92 time is 1.112ms
04-11 02:55:16.914 26108 26128 I native-activity: Doing egl_swapbuffers_sync 2
04-11 02:55:16.931 26108 26128 I native-activity: Swap 92 time is 17.752ms
04-11 02:55:16.931 26108 26128 I native-activity: Animating
04-11 02:55:16.932 26108 26128 I native-activity: Frame 93 GL error is 0x0
04-11 02:55:16.932 26108 26128 I native-activity: Frame 93 time is 0.668ms
04-11 02:55:16.932 26108 26128 I native-activity: Doing egl_swapbuffers_sync 2
04-11 02:55:16.949 26108 26128 I native-activity: Swap 93 time is 17.877ms
04-11 02:55:16.949 26108 26128 I native-activity: Animating
04-11 02:55:16.951 26108 26128 I native-activity: Frame 94 GL error is 0x0
04-11 02:55:16.952 26108 26128 I native-activity: Frame 94 time is 2.866ms
04-11 02:55:16.952 26108 26128 I native-activity: Doing egl_swapbuffers_sync 2
04-11 02:55:16.967 26108 26128 I native-activity: Swap 94 time is 17.934ms
04-11 02:55:16.967 26108 26128 I native-activity: Animating
04-11 02:55:16.969 26108 26128 I native-activity: Frame 95 GL error is 0x0
04-11 02:55:16.969 26108 26128 I native-activity: Frame 95 time is 1.824ms
04-11 02:55:16.969 26108 26128 I native-activity: Doing egl_swapbuffers_sync 2
04-11 02:55:16.985 26108 26128 I native-activity: Swap 95 time is 17.135ms
04-11 02:55:16.985 26108 26128 I native-activity: Animating
04-11 02:55:16.986 26108 26128 I native-activity: Frame 96 GL error is 0x0
04-11 02:55:16.986 26108 26128 I native-activity: Frame 96 time is 1.526ms
04-11 02:55:16.987 26108 26128 I native-activity: Doing egl_swapbuffers_sync 2
04-11 02:55:17.003 26108 26128 I native-activity: Swap 96 time is 17.810ms
04-11 02:55:17.003 26108 26128 I native-activity: Animating
04-11 02:55:17.004 26108 26128 I native-activity: Frame 97 GL error is 0x0
04-11 02:55:17.005 26108 26128 I native-activity: Frame 97 time is 2.050ms
04-11 02:55:17.006 26108 26128 I native-activity: Doing egl_swapbuffers_sync 2
04-11 02:55:17.021 26108 26128 I native-activity: Swap 97 time is 17.509ms
04-11 02:55:17.021 26108 26128 I native-activity: Animating
04-11 02:55:17.022 26108 26128 I native-activity: Frame 98 GL error is 0x0
04-11 02:55:17.022 26108 26128 I native-activity: Frame 98 time is 0.674ms
04-11 02:55:17.022 26108 26128 I native-activity: Doing egl_swapbuffers_sync 2
04-11 02:55:17.016    93    93 I Kernel  : [310556.629708] (1)[93:irq/258-inv_irq]inv_mpu_iio: inv_read_fifo: Received Sensor Interrupt to read FIFO and Fifo_count is 6
04-11 02:55:17.039 26108 26128 I native-activity: Swap 98 time is 17.774ms
04-11 02:55:17.039 26108 26128 I native-activity: Animating
04-11 02:55:17.040 26108 26128 I native-activity: Frame 99 GL error is 0x0
04-11 02:55:17.040 26108 26128 I native-activity: Frame 99 time is 1.369ms
04-11 02:55:17.041 26108 26128 I native-activity: Doing egl_swapbuffers_sync 2
04-11 02:55:17.057 26108 26128 I native-activity: Swap 99 time is 17.634ms
04-11 02:55:17.058 26108 26128 I native-activity: Animating
04-11 02:55:17.060 26108 26128 I native-activity: Frame 100 GL error is 0x0
04-11 02:55:17.062 26108 26128 I native-activity: Frame 100 time is 2.811ms
04-11 02:55:17.063 26108 26128 I native-activity: Doing egl_swapbuffers_sync 2
04-11 02:55:17.075 26108 26128 I native-activity: Swap 100 time is 15.913ms
04-11 02:55:17.075 26108 26128 I native-activity: Animating
04-11 02:55:17.078 26108 26128 I native-activity: Frame 101 GL error is 0x0
04-11 02:55:17.079 26108 26128 I native-activity: Frame 101 time is 2.772ms
04-11 02:55:17.080 26108 26128 I native-activity: Doing egl_swapbuffers_sync 2
04-11 02:55:17.093 26108 26128 I native-activity: Swap 101 time is 17.857ms
04-11 02:55:17.095 26108 26128 I native-activity: Animating
04-11 02:55:17.098 26108 26128 I native-activity: Frame 102 GL error is 0x0
04-11 02:55:17.099 26108 26128 I native-activity: Frame 102 time is 2.327ms
04-11 02:55:17.100 26108 26128 I native-activity: Doing egl_swapbuffers_sync 2
04-11 02:55:17.111 26108 26128 I native-activity: Swap 102 time is 14.589ms
04-11 02:55:17.113 26108 26128 I native-activity: Animating
04-11 02:55:17.115 26108 26128 I native-activity: Frame 103 GL error is 0x0
04-11 02:55:17.116 26108 26128 I native-activity: Frame 103 time is 2.672ms
04-11 02:55:17.117 26108 26128 I native-activity: Doing egl_swapbuffers_sync 2
04-11 02:55:17.129 26108 26128 I native-activity: Swap 103 time is 15.709ms
04-11 02:55:17.130 26108 26128 I native-activity: Animating
04-11 02:55:17.132 26108 26128 I native-activity: Frame 104 GL error is 0x0
04-11 02:55:17.134 26108 26128 I native-activity: Frame 104 time is 2.304ms
04-11 02:55:17.135 26108 26128 I native-activity: Doing egl_swapbuffers_sync 2
04-11 02:55:17.147 26108 26128 I native-activity: Swap 104 time is 15.569ms
04-11 02:55:17.148 26108 26128 I native-activity: Animating
04-11 02:55:17.149 26108 26128 I native-activity: Frame 105 GL error is 0x0
04-11 02:55:17.149 26108 26128 I native-activity: Frame 105 time is 0.929ms
04-11 02:55:17.149 26108 26128 I native-activity: Doing egl_swapbuffers_sync 2
04-11 02:55:17.165 26108 26128 I native-activity: Swap 105 time is 17.087ms
04-11 02:55:17.165 26108 26128 I native-activity: Animating
04-11 02:55:17.166 26108 26128 I native-activity: Frame 106 GL error is 0x0
04-11 02:55:17.166 26108 26128 I native-activity: Frame 106 time is 0.907ms
04-11 02:55:17.166 26108 26128 I native-activity: Doing egl_swapbuffers_sync 2
04-11 02:55:17.183 26108 26128 I native-activity: Swap 106 time is 17.496ms
04-11 02:55:17.183 26108 26128 I native-activity: Animating
04-11 02:55:17.184 26108 26128 I native-activity: Frame 107 GL error is 0x0
04-11 02:55:17.184 26108 26128 I native-activity: Frame 107 time is 0.739ms
04-11 02:55:17.184 26108 26128 I native-activity: Doing egl_swapbuffers_sync 2
04-11 02:55:17.201 26108 26128 I native-activity: Swap 107 time is 17.691ms
04-11 02:55:17.201 26108 26128 I native-activity: Animating
04-11 02:55:17.202 26108 26128 I native-activity: Frame 108 GL error is 0x0
04-11 02:55:17.202 26108 26128 I native-activity: Frame 108 time is 0.730ms
04-11 02:55:17.202 26108 26128 I native-activity: Doing egl_swapbuffers_sync 2
04-11 02:55:17.219 26108 26128 I native-activity: Swap 108 time is 17.662ms
04-11 02:55:17.219 26108 26128 I native-activity: Animating
04-11 02:55:17.220 26108 26128 I native-activity: Frame 109 GL error is 0x0
04-11 02:55:17.220 26108 26128 I native-activity: Frame 109 time is 0.861ms
04-11 02:55:17.220 26108 26128 I native-activity: Doing egl_swapbuffers_sync 2
04-11 02:55:17.237 26108 26128 I native-activity: Swap 109 time is 17.826ms
04-11 02:55:17.237 26108 26128 I native-activity: Animating
04-11 02:55:17.239 26108 26128 I native-activity: Frame 110 GL error is 0x0
04-11 02:55:17.239 26108 26128 I native-activity: Frame 110 time is 1.430ms
04-11 02:55:17.239 26108 26128 I native-activity: Doing egl_swapbuffers_sync 2
04-11 02:55:17.255 26108 26128 I native-activity: Swap 110 time is 17.926ms
04-11 02:55:17.256 26108 26128 I native-activity: Animating
04-11 02:55:17.257 26108 26128 I native-activity: Frame 111 GL error is 0x0
04-11 02:55:17.257 26108 26128 I native-activity: Frame 111 time is 1.674ms
04-11 02:55:17.257 26108 26128 I native-activity: Doing egl_swapbuffers_sync 2
04-11 02:55:17.273 26108 26128 I native-activity: Swap 111 time is 17.288ms
04-11 02:55:17.273 26108 26128 I native-activity: Animating
04-11 02:55:17.274 26108 26128 I native-activity: Frame 112 GL error is 0x0
04-11 02:55:17.274 26108 26128 I native-activity: Frame 112 time is 0.713ms
04-11 02:55:17.274 26108 26128 I native-activity: Doing egl_swapbuffers_sync 2
04-11 02:55:17.291 26108 26128 I native-activity: Swap 112 time is 17.633ms
04-11 02:55:17.291 26108 26128 I native-activity: Animating
04-11 02:55:17.292 26108 26128 I native-activity: Frame 113 GL error is 0x0
04-11 02:55:17.292 26108 26128 I native-activity: Frame 113 time is 0.698ms
04-11 02:55:17.292 26108 26128 I native-activity: Doing egl_swapbuffers_sync 2
04-11 02:55:17.309 26108 26128 I native-activity: Swap 113 time is 17.650ms
04-11 02:55:17.309 26108 26128 I native-activity: Animating
04-11 02:55:17.310 26108 26128 I native-activity: Frame 114 GL error is 0x0
04-11 02:55:17.310 26108 26128 I native-activity: Frame 114 time is 0.710ms
04-11 02:55:17.310 26108 26128 I native-activity: Doing egl_swapbuffers_sync 2
04-11 02:55:17.327 26108 26128 I native-activity: Swap 114 time is 17.684ms
04-11 02:55:17.327 26108 26128 I native-activity: Animating
04-11 02:55:17.329 26108 26128 I native-activity: Frame 115 GL error is 0x0
04-11 02:55:17.329 26108 26128 I native-activity: Frame 115 time is 1.617ms
04-11 02:55:17.329 26108 26128 I native-activity: Doing egl_swapbuffers_sync 2
04-11 02:55:17.345 26108 26128 I native-activity: Swap 115 time is 17.752ms
04-11 02:55:17.345 26108 26128 I native-activity: Animating
04-11 02:55:17.346 26108 26128 I native-activity: Frame 116 GL error is 0x0
04-11 02:55:17.346 26108 26128 I native-activity: Frame 116 time is 0.679ms
04-11 02:55:17.346 26108 26128 I native-activity: Doing egl_swapbuffers_sync 2
04-11 02:55:17.363 26108 26128 I native-activity: Swap 116 time is 17.647ms
04-11 02:55:17.364 26108 26128 I native-activity: Animating
04-11 02:55:17.364 26108 26128 I native-activity: Frame 117 GL error is 0x0
04-11 02:55:17.364 26108 26128 I native-activity: Frame 117 time is 0.812ms
04-11 02:55:17.364 26108 26128 I native-activity: Doing egl_swapbuffers_sync 2
04-11 02:55:17.381 26108 26128 I native-activity: Swap 117 time is 17.539ms
04-11 02:55:17.382 26108 26128 I native-activity: Animating
04-11 02:55:17.383 26108 26128 I native-activity: Frame 118 GL error is 0x0
04-11 02:55:17.383 26108 26128 I native-activity: Frame 118 time is 0.816ms
04-11 02:55:17.383 26108 26128 I native-activity: Doing egl_swapbuffers_sync 2
04-11 02:55:17.399 26108 26128 I native-activity: Swap 118 time is 17.020ms
04-11 02:55:17.400 26108 26128 I native-activity: Animating
04-11 02:55:17.400 26108 26128 I native-activity: Frame 119 GL error is 0x0
04-11 02:55:17.401 26108 26128 I native-activity: Frame 119 time is 1.076ms
04-11 02:55:17.401 26108 26128 I native-activity: Doing egl_swapbuffers_sync 2
04-11 02:55:17.417 26108 26128 I native-activity: Swap 119 time is 17.362ms
04-11 02:55:17.417 26108 26128 I native-activity: Animating
04-11 02:55:17.418 26108 26128 I native-activity: Frame 120 GL error is 0x0
04-11 02:55:17.418 26108 26128 I native-activity: Frame 120 time is 0.474ms
04-11 02:55:17.418 26108 26128 I native-activity: Doing egl_swapbuffers_sync 2
04-11 02:55:17.435 26108 26128 I native-activity: Swap 120 time is 17.996ms
04-11 02:55:17.435 26108 26128 I native-activity: Animating
04-11 02:55:17.436 26108 26128 I native-activity: Frame 121 GL error is 0x0
04-11 02:55:17.436 26108 26128 I native-activity: Frame 121 time is 0.442ms
04-11 02:55:17.436 26108 26128 I native-activity: Doing egl_swapbuffers_sync 2
04-11 02:55:17.453 26108 26128 I native-activity: Swap 121 time is 17.866ms
04-11 02:55:17.454 26108 26128 I native-activity: Animating
04-11 02:55:17.454 26108 26128 I native-activity: Frame 122 GL error is 0x0
04-11 02:55:17.454 26108 26128 I native-activity: Frame 122 time is 0.472ms
04-11 02:55:17.454 26108 26128 I native-activity: Doing egl_swapbuffers_sync 2
04-11 02:55:17.472 26108 26128 I native-activity: Swap 122 time is 18.157ms
04-11 02:55:17.472 26108 26128 I native-activity: Animating
04-11 02:55:17.472 26108 26128 I native-activity: Frame 123 GL error is 0x0
04-11 02:55:17.473 26108 26128 I native-activity: Frame 123 time is 0.437ms
04-11 02:55:17.473 26108 26128 I native-activity: Doing egl_swapbuffers_sync 2
04-11 02:55:17.490 26108 26128 I native-activity: Swap 123 time is 17.934ms
04-11 02:55:17.490 26108 26128 I native-activity: Animating
04-11 02:55:17.491 26108 26128 I native-activity: Frame 124 GL error is 0x0
04-11 02:55:17.491 26108 26128 I native-activity: Frame 124 time is 0.465ms
04-11 02:55:17.491 26108 26128 I native-activity: Doing egl_swapbuffers_sync 2
04-11 02:55:17.508 26108 26128 I native-activity: Swap 124 time is 18.169ms
04-11 02:55:17.509 26108 26128 I native-activity: Animating
04-11 02:55:17.510 26108 26128 I native-activity: Frame 125 GL error is 0x0
04-11 02:55:17.510 26108 26128 I native-activity: Frame 125 time is 1.717ms
04-11 02:55:17.510 26108 26128 I native-activity: Doing egl_swapbuffers_sync 2
04-11 02:55:17.527 26108 26128 I native-activity: Swap 125 time is 17.919ms
04-11 02:55:17.527 26108 26128 I native-activity: Animating
04-11 02:55:17.527 26108 26128 I native-activity: Frame 126 GL error is 0x0
04-11 02:55:17.527 26108 26128 I native-activity: Frame 126 time is 0.478ms
04-11 02:55:17.555 26108 26128 I native-activity: Doing egl_swapbuffers_sync 2
04-11 02:55:17.556 26108 26128 I native-activity: Swap 126 time is 28.879ms
04-11 02:55:17.556 26108 26128 I native-activity: Animating
04-11 02:55:17.557 26108 26128 I native-activity: Frame 127 GL error is 0x0
04-11 02:55:17.558 26108 26128 I native-activity: Frame 127 time is 0.452ms
04-11 02:55:17.558 26108 26128 I native-activity: Doing egl_swapbuffers_sync 2
04-11 02:55:17.563 26108 26128 I native-activity: Swap 127 time is 7.003ms
04-11 02:55:17.564 26108 26128 I native-activity: Animating
04-11 02:55:17.564 26108 26128 I native-activity: Frame 128 GL error is 0x0
04-11 02:55:17.564 26108 26128 I native-activity: Frame 128 time is 0.447ms
04-11 02:55:17.564 26108 26128 I native-activity: Doing egl_swapbuffers_sync 2
04-11 02:55:17.582 26108 26128 I native-activity: Swap 128 time is 18.257ms
04-11 02:55:17.582 26108 26128 I native-activity: Animating
04-11 02:55:17.583 26108 26128 I native-activity: Frame 129 GL error is 0x0
04-11 02:55:17.583 26108 26128 I native-activity: Frame 129 time is 0.474ms
04-11 02:55:17.583 26108 26128 I native-activity: Doing egl_swapbuffers_sync 2
04-11 02:55:17.600 26108 26128 I native-activity: Swap 129 time is 18.205ms
04-11 02:55:17.601 26108 26128 I native-activity: Animating
04-11 02:55:17.601 26108 26128 I native-activity: Frame 130 GL error is 0x0
04-11 02:55:17.601 26108 26128 I native-activity: Frame 130 time is 0.453ms
04-11 02:55:17.601 26108 26128 I native-activity: Doing egl_swapbuffers_sync 2
04-11 02:55:17.619 26108 26128 I native-activity: Swap 130 time is 18.135ms
04-11 02:55:17.619 26108 26128 I native-activity: Animating
04-11 02:55:17.620 26108 26128 I native-activity: Frame 131 GL error is 0x0
04-11 02:55:17.620 26108 26128 I native-activity: Frame 131 time is 0.557ms
04-11 02:55:17.620 26108 26128 I native-activity: Doing egl_swapbuffers_sync 2
04-11 02:55:17.638 26108 26128 I native-activity: Swap 131 time is 18.552ms
04-11 02:55:17.638 26108 26128 I native-activity: Animating
04-11 02:55:17.638 26108 26128 I native-activity: Frame 132 GL error is 0x0
04-11 02:55:17.638 26108 26128 I native-activity: Frame 132 time is 0.403ms
04-11 02:55:17.638 26108 26128 I native-activity: Doing egl_swapbuffers_sync 2
04-11 02:55:17.655 26108 26128 I native-activity: Swap 132 time is 17.381ms
04-11 02:55:17.656 26108 26128 I native-activity: Animating
04-11 02:55:17.656 26108 26128 I native-activity: Frame 133 GL error is 0x0
04-11 02:55:17.656 26108 26128 I native-activity: Frame 133 time is 0.467ms
04-11 02:55:17.656 26108 26128 I native-activity: Doing egl_swapbuffers_sync 2
04-11 02:55:17.673 26108 26128 I native-activity: Swap 133 time is 17.688ms
04-11 02:55:17.673 26108 26128 I native-activity: Animating
04-11 02:55:17.674 26108 26128 I native-activity: Frame 134 GL error is 0x0
04-11 02:55:17.674 26108 26128 I native-activity: Frame 134 time is 0.603ms
04-11 02:55:17.674 26108 26128 I native-activity: Doing egl_swapbuffers_sync 2
04-11 02:55:17.692 26108 26128 I native-activity: Swap 134 time is 18.121ms
04-11 02:55:17.692 26108 26128 I native-activity: Animating
04-11 02:55:17.692 26108 26128 I native-activity: Frame 135 GL error is 0x0
04-11 02:55:17.692 26108 26128 I native-activity: Frame 135 time is 0.447ms
04-11 02:55:17.692 26108 26128 I native-activity: Doing egl_swapbuffers_sync 2
04-11 02:55:17.710 26108 26128 I native-activity: Swap 135 time is 17.862ms
04-11 02:55:17.710 26108 26128 I native-activity: Animating
04-11 02:55:17.710 26108 26128 I native-activity: Frame 136 GL error is 0x0
04-11 02:55:17.710 26108 26128 I native-activity: Frame 136 time is 0.468ms
04-11 02:55:17.710 26108 26128 I native-activity: Doing egl_swapbuffers_sync 2
04-11 02:55:17.728 26108 26128 I native-activity: Swap 136 time is 17.880ms
04-11 02:55:17.728 26108 26128 I native-activity: Animating
04-11 02:55:17.728 26108 26128 I native-activity: Frame 137 GL error is 0x0
04-11 02:55:17.728 26108 26128 I native-activity: Frame 137 time is 0.478ms
04-11 02:55:17.728 26108 26128 I native-activity: Doing egl_swapbuffers_sync 2
04-11 02:55:17.746 26108 26128 I native-activity: Swap 137 time is 17.826ms
04-11 02:55:17.746 26108 26128 I native-activity: Animating
04-11 02:55:17.746 26108 26128 I native-activity: Frame 138 GL error is 0x0
04-11 02:55:17.746 26108 26128 I native-activity: Frame 138 time is 0.452ms
04-11 02:55:17.746 26108 26128 I native-activity: Doing egl_swapbuffers_sync 2
