04-11 02:52:16.538 25181 25199 I native-activity: Frame 7 time is 0.098ms
04-11 02:52:16.538 25181 25199 I native-activity: Doing egl_swapbuffers_sync 1
04-11 02:52:16.538 25181 25199 D native-activity: Reading pixels format 0x1908 type 0x1401 bpp 4
04-11 02:52:16.550 25181 25199 I native-activity: Read pixels, GL error is 0x0
04-11 02:52:16.550 25181 25199 I native-activity: Swap 7 time is 12.707ms
04-11 02:52:16.550 25181 25199 I native-activity: Animating
04-11 02:52:16.550 25181 25199 I native-activity: Frame 8 GL error is 0x0
04-11 02:52:16.550 25181 25199 I native-activity: Frame 8 time is 0.090ms
04-11 02:52:16.550 25181 25199 I native-activity: Doing egl_swapbuffers_sync 1
04-11 02:52:16.550 25181 25199 D native-activity: Reading pixels format 0x1908 type 0x1401 bpp 4
04-11 02:52:16.563 25181 25199 I native-activity: Read pixels, GL error is 0x0
04-11 02:52:16.563 25181 25199 I native-activity: Swap 8 time is 12.814ms
04-11 02:52:16.563 25181 25199 I native-activity: Animating
04-11 02:52:16.563 25181 25199 I native-activity: Frame 9 GL error is 0x0
04-11 02:52:16.563 25181 25199 I native-activity: Frame 9 time is 0.102ms
04-11 02:52:16.563 25181 25199 I native-activity: Doing egl_swapbuffers_sync 1
04-11 02:52:16.563 25181 25199 D native-activity: Reading pixels format 0x1908 type 0x1401 bpp 4
04-11 02:52:16.579 25181 25199 I native-activity: Read pixels, GL error is 0x0
04-11 02:52:16.579 25181 25199 I native-activity: Swap 9 time is 15.465ms
04-11 02:52:16.579 25181 25199 I native-activity: Animating
04-11 02:52:16.579 25181 25199 I native-activity: Frame 10 GL error is 0x0
04-11 02:52:16.579 25181 25199 I native-activity: Frame 10 time is 0.278ms
04-11 02:52:16.579 25181 25199 I native-activity: Doing egl_swapbuffers_sync 1
04-11 02:52:16.579 25181 25199 D native-activity: Reading pixels format 0x1908 type 0x1401 bpp 4
04-11 02:52:16.594 25181 25199 I native-activity: Read pixels, GL error is 0x0
04-11 02:52:16.594 25181 25199 I native-activity: Swap 10 time is 15.607ms
04-11 02:52:16.595 25181 25199 I native-activity: Animating
04-11 02:52:16.595 25181 25199 I native-activity: Frame 11 GL error is 0x0
04-11 02:52:16.595 25181 25199 I native-activity: Frame 11 time is 0.273ms
04-11 02:52:16.595 25181 25199 I native-activity: Doing egl_swapbuffers_sync 1
04-11 02:52:16.595 25181 25199 D native-activity: Reading pixels format 0x1908 type 0x1401 bpp 4
04-11 02:52:16.586    93    93 I Kernel  : [310376.197258] (3)[93:irq/258-inv_irq]inv_mpu_iio: inv_read_fifo: Received Sensor Interrupt to read FIFO and Fifo_count is 6
04-11 02:52:16.610 25181 25199 I native-activity: Read pixels, GL error is 0x0
04-11 02:52:16.610 25181 25199 I native-activity: Swap 11 time is 15.682ms
04-11 02:52:16.610 25181 25199 I native-activity: Animating
04-11 02:52:16.611 25181 25199 I native-activity: Frame 12 GL error is 0x0
04-11 02:52:16.611 25181 25199 I native-activity: Frame 12 time is 0.240ms
04-11 02:52:16.611 25181 25199 I native-activity: Doing egl_swapbuffers_sync 1
04-11 02:52:16.611 25181 25199 D native-activity: Reading pixels format 0x1908 type 0x1401 bpp 4
04-11 02:52:16.626 25181 25199 I native-activity: Read pixels, GL error is 0x0
04-11 02:52:16.626 25181 25199 I native-activity: Swap 12 time is 15.617ms
04-11 02:52:16.626 25181 25199 I native-activity: Animating
04-11 02:52:16.626 25181 25199 I native-activity: Frame 13 GL error is 0x0
04-11 02:52:16.626 25181 25199 I native-activity: Frame 13 time is 0.238ms
04-11 02:52:16.626 25181 25199 I native-activity: Doing egl_swapbuffers_sync 1
04-11 02:52:16.626 25181 25199 D native-activity: Reading pixels format 0x1908 type 0x1401 bpp 4
04-11 02:52:16.644 25181 25199 I native-activity: Read pixels, GL error is 0x0
04-11 02:52:16.645 25181 25199 I native-activity: Swap 13 time is 18.570ms
04-11 02:52:16.646 25181 25199 I native-activity: Animating
04-11 02:52:16.646 25181 25199 I native-activity: Frame 14 GL error is 0x0
04-11 02:52:16.646 25181 25199 I native-activity: Frame 14 time is 0.498ms
04-11 02:52:16.647 25181 25199 I native-activity: Doing egl_swapbuffers_sync 1
04-11 02:52:16.647 25181 25199 D native-activity: Reading pixels format 0x1908 type 0x1401 bpp 4
04-11 02:52:16.664 25181 25199 I native-activity: Read pixels, GL error is 0x0
04-11 02:52:16.665 25181 25199 I native-activity: Swap 14 time is 18.842ms
04-11 02:52:16.666 25181 25199 I native-activity: Animating
04-11 02:52:16.667 25181 25199 I native-activity: Frame 15 GL error is 0x0
04-11 02:52:16.667 25181 25199 I native-activity: Frame 15 time is 0.592ms
04-11 02:52:16.667 25181 25199 I native-activity: Doing egl_swapbuffers_sync 1
04-11 02:52:16.667 25181 25199 D native-activity: Reading pixels format 0x1908 type 0x1401 bpp 4
04-11 02:52:16.685 25181 25199 I native-activity: Read pixels, GL error is 0x0
04-11 02:52:16.686 25181 25199 I native-activity: Swap 15 time is 18.809ms
04-11 02:52:16.686 25181 25199 I native-activity: Animating
04-11 02:52:16.686 25181 25199 I native-activity: Frame 16 GL error is 0x0
04-11 02:52:16.686 25181 25199 I native-activity: Frame 16 time is 0.496ms
04-11 02:52:16.686 25181 25199 I native-activity: Doing egl_swapbuffers_sync 1
04-11 02:52:16.686 25181 25199 D native-activity: Reading pixels format 0x1908 type 0x1401 bpp 4
04-11 02:52:16.692   958  1024 D ConnectivityService: updateNetworkScore for NetworkAgentInfo [WIFI () - 196] to 60
04-11 02:52:16.692   958  1024 D ConnectivityService: rematching NetworkAgentInfo [WIFI () - 196]
04-11 02:52:16.692   958  1024 D ConnectivityService: Network NetworkAgentInfo [WIFI () - 196] was already satisfying request 1. No change.
04-11 02:52:16.692   958  1024 D ConnectivityService: notifyType AVAILABLE for NetworkAgentInfo [WIFI () - 196]
04-11 02:52:16.706 25181 25199 I native-activity: Read pixels, GL error is 0x0
04-11 02:52:16.706 25181 25199 I native-activity: Swap 16 time is 20.050ms
04-11 02:52:16.706 25181 25199 I native-activity: Animating
04-11 02:52:16.707 25181 25199 I native-activity: Frame 17 GL error is 0x0
04-11 02:52:16.707 25181 25199 I native-activity: Frame 17 time is 0.452ms
04-11 02:52:16.707 25181 25199 I native-activity: Doing egl_swapbuffers_sync 1
04-11 02:52:16.707 25181 25199 D native-activity: Reading pixels format 0x1908 type 0x1401 bpp 4
04-11 02:52:16.721 25181 25199 I native-activity: Read pixels, GL error is 0x0
04-11 02:52:16.722 25181 25199 I native-activity: Swap 17 time is 15.812ms
04-11 02:52:16.723 25181 25199 I native-activity: Animating
04-11 02:52:16.725 25181 25199 I native-activity: Frame 18 GL error is 0x0
04-11 02:52:16.726 25181 25199 I native-activity: Frame 18 time is 1.518ms
04-11 02:52:16.726 25181 25199 I native-activity: Doing egl_swapbuffers_sync 1
04-11 02:52:16.726 25181 25199 D native-activity: Reading pixels format 0x1908 type 0x1401 bpp 4
04-11 02:52:16.741 25181 25199 I native-activity: Read pixels, GL error is 0x0
04-11 02:52:16.742 25181 25199 I native-activity: Swap 18 time is 18.271ms
04-11 02:52:16.743 25181 25199 I native-activity: Animating
04-11 02:52:16.745 25181 25199 I native-activity: Frame 19 GL error is 0x0
04-11 02:52:16.746 25181 25199 I native-activity: Frame 19 time is 1.680ms
04-11 02:52:16.747 25181 25199 I native-activity: Doing egl_swapbuffers_sync 1
04-11 02:52:16.748 25181 25199 D native-activity: Reading pixels format 0x1908 type 0x1401 bpp 4
04-11 02:52:16.764 25181 25199 I native-activity: Read pixels, GL error is 0x0
04-11 02:52:16.765 25181 25199 I native-activity: Swap 19 time is 20.795ms
04-11 02:52:16.766 25181 25199 I native-activity: Animating
04-11 02:52:16.767 25181 25199 I native-activity: Frame 20 GL error is 0x0
04-11 02:52:16.768 25181 25199 I native-activity: Frame 20 time is 1.770ms
04-11 02:52:16.769 25181 25199 I native-activity: Doing egl_swapbuffers_sync 1
04-11 02:52:16.770 25181 25199 D native-activity: Reading pixels format 0x1908 type 0x1401 bpp 4
04-11 02:52:16.786 25181 25199 I native-activity: Read pixels, GL error is 0x0
04-11 02:52:16.787 25181 25199 I native-activity: Swap 20 time is 20.210ms
04-11 02:52:16.787 25181 25199 I native-activity: Animating
04-11 02:52:16.790 25181 25199 I native-activity: Frame 21 GL error is 0x0
04-11 02:52:16.791 25181 25199 I native-activity: Frame 21 time is 2.569ms
04-11 02:52:16.792 25181 25199 I native-activity: Doing egl_swapbuffers_sync 1
04-11 02:52:16.793 25181 25199 D native-activity: Reading pixels format 0x1908 type 0x1401 bpp 4
04-11 02:52:16.808 25181 25199 I native-activity: Read pixels, GL error is 0x0
04-11 02:52:16.808 25181 25199 I native-activity: Swap 21 time is 20.174ms
04-11 02:52:16.808 25181 25199 I native-activity: Animating
04-11 02:52:16.809 25181 25199 I native-activity: Frame 22 GL error is 0x0
04-11 02:52:16.809 25181 25199 I native-activity: Frame 22 time is 0.317ms
04-11 02:52:16.809 25181 25199 I native-activity: Doing egl_swapbuffers_sync 1
04-11 02:52:16.809 25181 25199 D native-activity: Reading pixels format 0x1908 type 0x1401 bpp 4
04-11 02:52:16.823 25181 25199 I native-activity: Read pixels, GL error is 0x0
04-11 02:52:16.823 25181 25199 I native-activity: Swap 22 time is 14.302ms
04-11 02:52:16.823 25181 25199 I native-activity: Animating
04-11 02:52:16.823 25181 25199 I native-activity: Frame 23 GL error is 0x0
04-11 02:52:16.823 25181 25199 I native-activity: Frame 23 time is 0.254ms
04-11 02:52:16.823 25181 25199 I native-activity: Doing egl_swapbuffers_sync 1
04-11 02:52:16.823 25181 25199 D native-activity: Reading pixels format 0x1908 type 0x1401 bpp 4
04-11 02:52:16.840 25181 25199 I native-activity: Read pixels, GL error is 0x0
04-11 02:52:16.841 25181 25199 I native-activity: Swap 23 time is 17.955ms
04-11 02:52:16.842 25181 25199 I native-activity: Animating
04-11 02:52:16.844 25181 25199 I native-activity: Frame 24 GL error is 0x0
04-11 02:52:16.846 25181 25199 I native-activity: Frame 24 time is 2.503ms
04-11 02:52:16.846 25181 25199 I native-activity: Doing egl_swapbuffers_sync 1
04-11 02:52:16.847 25181 25199 D native-activity: Reading pixels format 0x1908 type 0x1401 bpp 4
04-11 02:52:16.866 25181 25199 I native-activity: Read pixels, GL error is 0x0
04-11 02:52:16.868 25181 25199 I native-activity: Swap 24 time is 24.794ms
04-11 02:52:16.870 25181 25199 I native-activity: Animating
04-11 02:52:16.872 25181 25199 I native-activity: Frame 25 GL error is 0x0
04-11 02:52:16.873 25181 25199 I native-activity: Frame 25 time is 1.765ms
04-11 02:52:16.874 25181 25199 I native-activity: Doing egl_swapbuffers_sync 1
04-11 02:52:16.875 25181 25199 D native-activity: Reading pixels format 0x1908 type 0x1401 bpp 4
04-11 02:52:16.892 25181 25199 I native-activity: Read pixels, GL error is 0x0
04-11 02:52:16.893 25181 25199 I native-activity: Swap 25 time is 21.849ms
04-11 02:52:16.895 25181 25199 I native-activity: Animating
04-11 02:52:16.896 25181 25199 I native-activity: Frame 26 GL error is 0x0
04-11 02:52:16.896 25181 25199 I native-activity: Frame 26 time is 0.559ms
04-11 02:52:16.896 25181 25199 I native-activity: Doing egl_swapbuffers_sync 1
04-11 02:52:16.896 25181 25199 D native-activity: Reading pixels format 0x1908 type 0x1401 bpp 4
04-11 02:52:16.912 25181 25199 I native-activity: Read pixels, GL error is 0x0
04-11 02:52:16.913 25181 25199 I native-activity: Swap 26 time is 17.229ms
04-11 02:52:16.914 25181 25199 I native-activity: Animating
04-11 02:52:16.916 25181 25199 I native-activity: Frame 27 GL error is 0x0
04-11 02:52:16.917 25181 25199 I native-activity: Frame 27 time is 2.080ms
04-11 02:52:16.918 25181 25199 I native-activity: Doing egl_swapbuffers_sync 1
04-11 02:52:16.919 25181 25199 D native-activity: Reading pixels format 0x1908 type 0x1401 bpp 4
04-11 02:52:16.938 25181 25199 I native-activity: Read pixels, GL error is 0x0
04-11 02:52:16.938 25181 25199 I native-activity: Swap 27 time is 23.691ms
04-11 02:52:16.939 25181 25199 I native-activity: Animating
04-11 02:52:16.939 25181 25199 I native-activity: Frame 28 GL error is 0x0
04-11 02:52:16.939 25181 25199 I native-activity: Frame 28 time is 0.485ms
04-11 02:52:16.939 25181 25199 I native-activity: Doing egl_swapbuffers_sync 1
04-11 02:52:16.939 25181 25199 D native-activity: Reading pixels format 0x1908 type 0x1401 bpp 4
04-11 02:52:16.954 25181 25199 I native-activity: Read pixels, GL error is 0x0
04-11 02:52:16.955 25181 25199 I native-activity: Swap 28 time is 16.372ms
04-11 02:52:16.956 25181 25199 I native-activity: Animating
04-11 02:52:16.958 25181 25199 I native-activity: Frame 29 GL error is 0x0
04-11 02:52:16.959 25181 25199 I native-activity: Frame 29 time is 1.657ms
04-11 02:52:16.960 25181 25199 I native-activity: Doing egl_swapbuffers_sync 1
04-11 02:52:16.961 25181 25199 D native-activity: Reading pixels format 0x1908 type 0x1401 bpp 4
04-11 02:52:16.984 25181 25199 I native-activity: Read pixels, GL error is 0x0
04-11 02:52:16.985 25181 25199 I native-activity: Swap 29 time is 27.696ms
04-11 02:52:16.986 25181 25199 I native-activity: Animating
04-11 02:52:16.986 25181 25199 I native-activity: Frame 30 GL error is 0x0
04-11 02:52:16.987 25181 25199 I native-activity: Frame 30 time is 0.342ms
04-11 02:52:16.987 25181 25199 I native-activity: Doing egl_swapbuffers_sync 1
04-11 02:52:16.987 25181 25199 D native-activity: Reading pixels format 0x1908 type 0x1401 bpp 4
04-11 02:52:16.999 25181 25199 I native-activity: Read pixels, GL error is 0x0
04-11 02:52:16.999 25181 25199 I native-activity: Swap 30 time is 12.894ms
04-11 02:52:16.999 25181 25199 I native-activity: Animating
04-11 02:52:17.010 25181 25199 I native-activity: Frame 31 GL error is 0x0
04-11 02:52:17.010 25181 25199 I native-activity: Frame 31 time is 11.040ms
04-11 02:52:17.010 25181 25199 I native-activity: Doing egl_swapbuffers_sync 1
04-11 02:52:17.010 25181 25199 D native-activity: Reading pixels format 0x1908 type 0x1401 bpp 4
04-11 02:52:17.024 25181 25199 I native-activity: Read pixels, GL error is 0x0
04-11 02:52:17.024 25181 25199 I native-activity: Swap 31 time is 24.405ms
04-11 02:52:17.024 25181 25199 I native-activity: Animating
04-11 02:52:17.067 25181 25199 I native-activity: Frame 32 GL error is 0x0
04-11 02:52:17.067 25181 25199 I native-activity: Frame 32 time is 43.607ms
04-11 02:52:17.067 25181 25199 I native-activity: Doing egl_swapbuffers_sync 1
04-11 02:52:17.067 25181 25199 D native-activity: Reading pixels format 0x1908 type 0x1401 bpp 4
04-11 02:52:17.081 25181 25199 I native-activity: Read pixels, GL error is 0x0
04-11 02:52:17.081 25181 25199 I native-activity: Swap 32 time is 57.319ms
04-11 02:52:17.081 25181 25199 I native-activity: Animating
04-11 02:52:17.114 25181 25199 I native-activity: Frame 33 GL error is 0x0
04-11 02:52:17.114 25181 25199 I native-activity: Frame 33 time is 32.771ms
04-11 02:52:17.114 25181 25199 I native-activity: Doing egl_swapbuffers_sync 1
04-11 02:52:17.114 25181 25199 D native-activity: Reading pixels format 0x1908 type 0x1401 bpp 4
04-11 02:52:17.128 25181 25199 I native-activity: Read pixels, GL error is 0x0
04-11 02:52:17.128 25181 25199 I native-activity: Swap 33 time is 46.425ms
04-11 02:52:17.128 25181 25199 I native-activity: Animating
04-11 02:52:17.277 25181 25199 I native-activity: Frame 34 GL error is 0x0
04-11 02:52:17.277 25181 25199 I native-activity: Frame 34 time is 148.916ms
04-11 02:52:17.277 25181 25199 I native-activity: Doing egl_swapbuffers_sync 1
04-11 02:52:17.277 25181 25199 D native-activity: Reading pixels format 0x1908 type 0x1401 bpp 4
04-11 02:52:17.266    93    93 I Kernel  : [310376.885674] (1)[93:irq/258-inv_irq]inv_mpu_iio: inv_push_8bytes_buffer: Received Accel Sensor Data at Driver Layer -544, 1788, -16452
04-11 02:52:17.290 25181 25199 I native-activity: Read pixels, GL error is 0x0
04-11 02:52:17.291 25181 25199 I native-activity: Swap 34 time is 163.183ms
04-11 02:52:17.292 25181 25199 I native-activity: Animating
04-11 02:52:17.333 25181 25199 I native-activity: Frame 35 GL error is 0x0
04-11 02:52:17.334 25181 25199 I native-activity: Frame 35 time is 41.772ms
04-11 02:52:17.334 25181 25199 I native-activity: Doing egl_swapbuffers_sync 1
04-11 02:52:17.334 25181 25199 D native-activity: Reading pixels format 0x1908 type 0x1401 bpp 4
04-11 02:52:17.350 25181 25199 I native-activity: Read pixels, GL error is 0x0
04-11 02:52:17.350 25181 25199 I native-activity: Swap 35 time is 57.851ms
04-11 02:52:17.350 25181 25199 I native-activity: Animating
04-11 02:52:17.416    93    93 I Kernel  : [310377.028601] (2)[93:irq/258-inv_irq]inv_mpu_iio: inv_read_fifo: Received Sensor Interrupt to read FIFO and Fifo_count is 6
04-11 02:52:17.962 25181 25199 I native-activity: Frame 36 GL error is 0x501
04-11 02:52:17.962 25181 25199 I native-activity: Frame 36 time is 612.525ms
04-11 02:52:17.962 25181 25199 I native-activity: Doing egl_swapbuffers_sync 1
04-11 02:52:17.962 25181 25199 D native-activity: Reading pixels format 0x1908 type 0x1401 bpp 4
04-11 02:52:17.976 25181 25199 I native-activity: Read pixels, GL error is 0x0
04-11 02:52:17.976 25181 25199 I native-activity: Swap 36 time is 626.149ms
04-11 02:52:17.977 25181 25199 I native-activity: Animating
04-11 02:52:18.171 25181 25199 I native-activity: Frame 37 GL error is 0x501
04-11 02:52:18.171 25181 25199 I native-activity: Frame 37 time is 194.426ms
04-11 02:52:18.171 25181 25199 I native-activity: Doing egl_swapbuffers_sync 1
04-11 02:52:18.171 25181 25199 D native-activity: Reading pixels format 0x1908 type 0x1401 bpp 4
04-11 02:52:18.184 25181 25199 I native-activity: Read pixels, GL error is 0x0
04-11 02:52:18.184 25181 25199 I native-activity: Swap 37 time is 207.553ms
04-11 02:52:18.184 25181 25199 I native-activity: Animating
04-11 02:52:18.214 25181 25199 I native-activity: Frame 38 GL error is 0x501
04-11 02:52:18.214 25181 25199 I native-activity: Frame 38 time is 29.317ms
04-11 02:52:18.214 25181 25199 I native-activity: Doing egl_swapbuffers_sync 1
04-11 02:52:18.214 25181 25199 D native-activity: Reading pixels format 0x1908 type 0x1401 bpp 4
04-11 02:52:18.229 25181 25199 I native-activity: Read pixels, GL error is 0x0
04-11 02:52:18.229 25181 25199 I native-activity: Swap 38 time is 45.058ms
04-11 02:52:18.230 25181 25199 I native-activity: Animating
04-11 02:52:18.236 25181 25199 I native-activity: Frame 39 GL error is 0x0
04-11 02:52:18.236 25181 25199 I native-activity: Frame 39 time is 6.579ms
04-11 02:52:18.236 25181 25199 I native-activity: Doing egl_swapbuffers_sync 1
04-11 02:52:18.236 25181 25199 D native-activity: Reading pixels format 0x1908 type 0x1401 bpp 4
04-11 02:52:18.250 25181 25199 I native-activity: Read pixels, GL error is 0x0
04-11 02:52:18.250 25181 25199 I native-activity: Swap 39 time is 20.860ms
04-11 02:52:18.250 25181 25199 I native-activity: Animating
04-11 02:52:18.257 25181 25199 I native-activity: Frame 40 GL error is 0x0
04-11 02:52:18.257 25181 25199 I native-activity: Frame 40 time is 6.412ms
04-11 02:52:18.257 25181 25199 I native-activity: Doing egl_swapbuffers_sync 1
04-11 02:52:18.257 25181 25199 D native-activity: Reading pixels format 0x1908 type 0x1401 bpp 4
04-11 02:52:18.246    93    93 I Kernel  : [310377.860044] (2)[93:irq/258-inv_irq]inv_mpu_iio: inv_read_fifo: Received Sensor Interrupt to read FIFO and Fifo_count is 6
04-11 02:52:18.271 25181 25199 I native-activity: Read pixels, GL error is 0x0
04-11 02:52:18.271 25181 25199 I native-activity: Swap 40 time is 20.481ms
04-11 02:52:18.271 25181 25199 I native-activity: Animating
04-11 02:52:18.277 25181 25199 I native-activity: Frame 41 GL error is 0x0
04-11 02:52:18.277 25181 25199 I native-activity: Frame 41 time is 5.889ms
04-11 02:52:18.277 25181 25199 I native-activity: Doing egl_swapbuffers_sync 1
04-11 02:52:18.277 25181 25199 D native-activity: Reading pixels format 0x1908 type 0x1401 bpp 4
04-11 02:52:18.291 25181 25199 I native-activity: Read pixels, GL error is 0x0
04-11 02:52:18.291 25181 25199 I native-activity: Swap 41 time is 19.941ms
04-11 02:52:18.291 25181 25199 I native-activity: Animating
04-11 02:52:18.296 25181 25199 I native-activity: Frame 42 GL error is 0x0
04-11 02:52:18.296 25181 25199 I native-activity: Frame 42 time is 5.059ms
04-11 02:52:18.296 25181 25199 I native-activity: Doing egl_swapbuffers_sync 1
04-11 02:52:18.296 25181 25199 D native-activity: Reading pixels format 0x1908 type 0x1401 bpp 4
04-11 02:52:18.311 25181 25199 I native-activity: Read pixels, GL error is 0x0
04-11 02:52:18.311 25181 25199 I native-activity: Swap 42 time is 19.953ms
04-11 02:52:18.311 25181 25199 I native-activity: Animating
04-11 02:52:18.323 25181 25199 I native-activity: Frame 43 GL error is 0x0
04-11 02:52:18.323 25181 25199 I native-activity: Frame 43 time is 11.609ms
04-11 02:52:18.323 25181 25199 I native-activity: Doing egl_swapbuffers_sync 1
04-11 02:52:18.323 25181 25199 D native-activity: Reading pixels format 0x1908 type 0x1401 bpp 4
04-11 02:52:18.338 25181 25199 I native-activity: Read pixels, GL error is 0x0
04-11 02:52:18.338 25181 25199 I native-activity: Swap 43 time is 26.605ms
04-11 02:52:18.338 25181 25199 I native-activity: Animating
04-11 02:52:18.348 25181 25199 I native-activity: Frame 44 GL error is 0x0
04-11 02:52:18.348 25181 25199 I native-activity: Frame 44 time is 10.332ms
04-11 02:52:18.348 25181 25199 I native-activity: Doing egl_swapbuffers_sync 1
04-11 02:52:18.348 25181 25199 D native-activity: Reading pixels format 0x1908 type 0x1401 bpp 4
04-11 02:52:18.363 25181 25199 I native-activity: Read pixels, GL error is 0x0
04-11 02:52:18.363 25181 25199 I native-activity: Swap 44 time is 25.190ms
04-11 02:52:18.363 25181 25199 I native-activity: Animating
04-11 02:52:18.525 25181 25199 I native-activity: Frame 45 GL error is 0x501
04-11 02:52:18.525 25181 25199 I native-activity: Frame 45 time is 161.725ms
04-11 02:52:18.525 25181 25199 I native-activity: Doing egl_swapbuffers_sync 1
04-11 02:52:18.525 25181 25199 D native-activity: Reading pixels format 0x1908 type 0x1401 bpp 4
04-11 02:52:18.542 25181 25199 I native-activity: Read pixels, GL error is 0x0
04-11 02:52:18.542 25181 25199 I native-activity: Swap 45 time is 178.720ms
04-11 02:52:18.542 25181 25199 I native-activity: Animating
04-11 02:52:18.644   958  1051 D TaskPersister: removeObsoleteFile: deleting file=620_task.xml
04-11 02:52:18.762 25181 25199 I native-activity: Frame 46 GL error is 0x501
04-11 02:52:18.762 25181 25199 I native-activity: Frame 46 time is 219.456ms
04-11 02:52:18.762 25181 25199 I native-activity: Doing egl_swapbuffers_sync 1
04-11 02:52:18.762 25181 25199 D native-activity: Reading pixels format 0x1908 type 0x1401 bpp 4
04-11 02:52:18.777 25181 25199 I native-activity: Read pixels, GL error is 0x0
04-11 02:52:18.777 25181 25199 I native-activity: Swap 46 time is 234.795ms
04-11 02:52:18.777 25181 25199 I native-activity: Animating
04-11 02:52:18.918 25181 25199 I native-activity: Frame 47 GL error is 0x501
04-11 02:52:18.918 25181 25199 I native-activity: Frame 47 time is 140.453ms
04-11 02:52:18.918 25181 25199 I native-activity: Doing egl_swapbuffers_sync 1
04-11 02:52:18.918 25181 25199 D native-activity: Reading pixels format 0x1908 type 0x1401 bpp 4
04-11 02:52:18.932 25181 25199 I native-activity: Read pixels, GL error is 0x0
04-11 02:52:18.932 25181 25199 I native-activity: Swap 47 time is 154.949ms
04-11 02:52:18.932 25181 25199 I native-activity: Animating
04-11 02:52:18.932 25181 25199 I native-activity: Frame 48 GL error is 0x0
04-11 02:52:18.932 25181 25199 I native-activity: Frame 48 time is 0.129ms
04-11 02:52:18.932 25181 25199 I native-activity: Doing egl_swapbuffers_sync 1
04-11 02:52:18.932 25181 25199 D native-activity: Reading pixels format 0x1908 type 0x1401 bpp 4
04-11 02:52:18.950 25181 25199 I native-activity: Read pixels, GL error is 0x0
04-11 02:52:18.950 25181 25199 I native-activity: Swap 48 time is 17.359ms
04-11 02:52:18.950 25181 25199 I native-activity: Animating
04-11 02:52:18.950 25181 25199 I native-activity: Frame 49 GL error is 0x0
04-11 02:52:18.950 25181 25199 I native-activity: Frame 49 time is 0.375ms
04-11 02:52:18.950 25181 25199 I native-activity: Doing egl_swapbuffers_sync 1
04-11 02:52:18.950 25181 25199 D native-activity: Reading pixels format 0x1908 type 0x1401 bpp 4
04-11 02:52:18.967 25181 25199 I native-activity: Read pixels, GL error is 0x0
04-11 02:52:18.967 25181 25199 I native-activity: Swap 49 time is 17.370ms
04-11 02:52:18.967 25181 25199 I native-activity: Animating
04-11 02:52:18.968 25181 25199 I native-activity: Frame 50 GL error is 0x0
04-11 02:52:18.968 25181 25199 I native-activity: Frame 50 time is 0.320ms
04-11 02:52:18.968 25181 25199 I native-activity: Doing egl_swapbuffers_sync 1
04-11 02:52:18.968 25181 25199 D native-activity: Reading pixels format 0x1908 type 0x1401 bpp 4
04-11 02:52:18.984 25181 25199 I native-activity: Read pixels, GL error is 0x0
04-11 02:52:18.985 25181 25199 I native-activity: Swap 50 time is 17.173ms
04-11 02:52:18.985 25181 25199 I native-activity: Animating
04-11 02:52:18.985 25181 25199 I native-activity: Frame 51 GL error is 0x0
04-11 02:52:18.985 25181 25199 I native-activity: Frame 51 time is 0.323ms
04-11 02:52:18.985 25181 25199 I native-activity: Doing egl_swapbuffers_sync 1
04-11 02:52:18.985 25181 25199 D native-activity: Reading pixels format 0x1908 type 0x1401 bpp 4
04-11 02:52:19.002 25181 25199 I native-activity: Read pixels, GL error is 0x0
04-11 02:52:19.002 25181 25199 I native-activity: Swap 51 time is 16.927ms
04-11 02:52:19.002 25181 25199 I native-activity: Animating
04-11 02:52:19.002 25181 25199 I native-activity: Frame 52 GL error is 0x0
04-11 02:52:19.002 25181 25199 I native-activity: Frame 52 time is 0.300ms
04-11 02:52:19.002 25181 25199 I native-activity: Doing egl_swapbuffers_sync 1
04-11 02:52:19.002 25181 25199 D native-activity: Reading pixels format 0x1908 type 0x1401 bpp 4
04-11 02:52:19.019 25181 25199 I native-activity: Read pixels, GL error is 0x0
04-11 02:52:19.019 25181 25199 I native-activity: Swap 52 time is 17.078ms
04-11 02:52:19.019 25181 25199 I native-activity: Animating
04-11 02:52:19.019 25181 25199 I native-activity: Frame 53 GL error is 0x0
04-11 02:52:19.019 25181 25199 I native-activity: Frame 53 time is 0.309ms
04-11 02:52:19.019 25181 25199 I native-activity: Doing egl_swapbuffers_sync 1
04-11 02:52:19.019 25181 25199 D native-activity: Reading pixels format 0x1908 type 0x1401 bpp 4
04-11 02:52:19.036 25181 25199 I native-activity: Read pixels, GL error is 0x0
04-11 02:52:19.036 25181 25199 I native-activity: Swap 53 time is 17.061ms
04-11 02:52:19.036 25181 25199 I native-activity: Animating
04-11 02:52:19.036 25181 25199 I native-activity: Frame 54 GL error is 0x0
04-11 02:52:19.036 25181 25199 I native-activity: Frame 54 time is 0.315ms
04-11 02:52:19.037 25181 25199 I native-activity: Doing egl_swapbuffers_sync 1
04-11 02:52:19.037 25181 25199 D native-activity: Reading pixels format 0x1908 type 0x1401 bpp 4
04-11 02:52:19.053 25181 25199 I native-activity: Read pixels, GL error is 0x0
04-11 02:52:19.053 25181 25199 I native-activity: Swap 54 time is 16.961ms
04-11 02:52:19.053 25181 25199 I native-activity: Animating
04-11 02:52:19.054 25181 25199 I native-activity: Frame 55 GL error is 0x0
04-11 02:52:19.054 25181 25199 I native-activity: Frame 55 time is 0.303ms
04-11 02:52:19.054 25181 25199 I native-activity: Doing egl_swapbuffers_sync 1
04-11 02:52:19.054 25181 25199 D native-activity: Reading pixels format 0x1908 type 0x1401 bpp 4
04-11 02:52:19.070 25181 25199 I native-activity: Read pixels, GL error is 0x0
04-11 02:52:19.070 25181 25199 I native-activity: Swap 55 time is 16.967ms
04-11 02:52:19.070 25181 25199 I native-activity: Animating
04-11 02:52:19.071 25181 25199 I native-activity: Frame 56 GL error is 0x0
04-11 02:52:19.071 25181 25199 I native-activity: Frame 56 time is 0.292ms
04-11 02:52:19.071 25181 25199 I native-activity: Doing egl_swapbuffers_sync 1
04-11 02:52:19.071 25181 25199 D native-activity: Reading pixels format 0x1908 type 0x1401 bpp 4
04-11 02:52:19.088 25181 25199 I native-activity: Read pixels, GL error is 0x0
04-11 02:52:19.088 25181 25199 I native-activity: Swap 56 time is 17.182ms
04-11 02:52:19.088 25181 25199 I native-activity: Animating
04-11 02:52:19.088 25181 25199 I native-activity: Frame 57 GL error is 0x0
04-11 02:52:19.088 25181 25199 I native-activity: Frame 57 time is 0.305ms
04-11 02:52:19.088 25181 25199 I native-activity: Doing egl_swapbuffers_sync 1
04-11 02:52:19.088 25181 25199 D native-activity: Reading pixels format 0x1908 type 0x1401 bpp 4
04-11 02:52:19.076    93    93 I Kernel  : [310378.691594] (2)[93:irq/258-inv_irq]inv_mpu_iio: inv_read_fifo: Received Sensor Interrupt to read FIFO and Fifo_count is 6
04-11 02:52:19.106 25181 25199 I native-activity: Read pixels, GL error is 0x0
04-11 02:52:19.106 25181 25199 I native-activity: Swap 57 time is 18.353ms
04-11 02:52:19.106 25181 25199 I native-activity: Animating
04-11 02:52:19.107 25181 25199 I native-activity: Frame 58 GL error is 0x0
04-11 02:52:19.107 25181 25199 I native-activity: Frame 58 time is 0.419ms
04-11 02:52:19.107 25181 25199 I native-activity: Doing egl_swapbuffers_sync 1
04-11 02:52:19.107 25181 25199 D native-activity: Reading pixels format 0x1908 type 0x1401 bpp 4
04-11 02:52:19.121 25181 25199 I native-activity: Read pixels, GL error is 0x0
04-11 02:52:19.121 25181 25199 I native-activity: Swap 58 time is 15.118ms
04-11 02:52:19.122 25181 25199 I native-activity: Animating
04-11 02:52:19.122 25181 25199 I native-activity: Frame 59 GL error is 0x0
04-11 02:52:19.122 25181 25199 I native-activity: Frame 59 time is 0.406ms
04-11 02:52:19.122 25181 25199 I native-activity: Doing egl_swapbuffers_sync 1
04-11 02:52:19.122 25181 25199 D native-activity: Reading pixels format 0x1908 type 0x1401 bpp 4
04-11 02:52:19.137 25181 25199 I native-activity: Read pixels, GL error is 0x0
04-11 02:52:19.137 25181 25199 I native-activity: Swap 59 time is 15.115ms
04-11 02:52:19.137 25181 25199 I native-activity: Animating
04-11 02:52:19.137 25181 25199 I native-activity: Frame 60 GL error is 0x0
04-11 02:52:19.137 25181 25199 I native-activity: Frame 60 time is 0.331ms
04-11 02:52:19.137 25181 25199 I native-activity: Doing egl_swapbuffers_sync 1
04-11 02:52:19.137 25181 25199 D native-activity: Reading pixels format 0x1908 type 0x1401 bpp 4
04-11 02:52:19.152 25181 25199 I native-activity: Read pixels, GL error is 0x0
04-11 02:52:19.152 25181 25199 I native-activity: Swap 60 time is 15.015ms
04-11 02:52:19.152 25181 25199 I native-activity: Animating
04-11 02:52:19.152 25181 25199 I native-activity: Frame 61 GL error is 0x0
04-11 02:52:19.152 25181 25199 I native-activity: Frame 61 time is 0.287ms
04-11 02:52:19.152 25181 25199 I native-activity: Doing egl_swapbuffers_sync 1
04-11 02:52:19.152 25181 25199 D native-activity: Reading pixels format 0x1908 type 0x1401 bpp 4
04-11 02:52:19.167 25181 25199 I native-activity: Read pixels, GL error is 0x0
04-11 02:52:19.167 25181 25199 I native-activity: Swap 61 time is 14.897ms
04-11 02:52:19.167 25181 25199 I native-activity: Animating
04-11 02:52:19.167 25181 25199 I native-activity: Frame 62 GL error is 0x0
04-11 02:52:19.167 25181 25199 I native-activity: Frame 62 time is 0.318ms
04-11 02:52:19.167 25181 25199 I native-activity: Doing egl_swapbuffers_sync 1
04-11 02:52:19.167 25181 25199 D native-activity: Reading pixels format 0x1908 type 0x1401 bpp 4
04-11 02:52:19.182 25181 25199 I native-activity: Read pixels, GL error is 0x0
04-11 02:52:19.182 25181 25199 I native-activity: Swap 62 time is 14.931ms
04-11 02:52:19.182 25181 25199 I native-activity: Animating
04-11 02:52:19.182 25181 25199 I native-activity: Frame 63 GL error is 0x0
04-11 02:52:19.182 25181 25199 I native-activity: Frame 63 time is 0.310ms
04-11 02:52:19.182 25181 25199 I native-activity: Doing egl_swapbuffers_sync 1
04-11 02:52:19.182 25181 25199 D native-activity: Reading pixels format 0x1908 type 0x1401 bpp 4
04-11 02:52:19.197 25181 25199 I native-activity: Read pixels, GL error is 0x0
04-11 02:52:19.197 25181 25199 I native-activity: Swap 63 time is 14.979ms
04-11 02:52:19.197 25181 25199 I native-activity: Animating
04-11 02:52:19.198 25181 25199 I native-activity: Frame 64 GL error is 0x0
04-11 02:52:19.198 25181 25199 I native-activity: Frame 64 time is 0.287ms
04-11 02:52:19.198 25181 25199 I native-activity: Doing egl_swapbuffers_sync 1
04-11 02:52:19.198 25181 25199 D native-activity: Reading pixels format 0x1908 type 0x1401 bpp 4
04-11 02:52:19.212 25181 25199 I native-activity: Read pixels, GL error is 0x0
04-11 02:52:19.212 25181 25199 I native-activity: Swap 64 time is 14.783ms
04-11 02:52:19.212 25181 25199 I native-activity: Animating
04-11 02:52:19.213 25181 25199 I native-activity: Frame 65 GL error is 0x0
04-11 02:52:19.213 25181 25199 I native-activity: Frame 65 time is 0.393ms
04-11 02:52:19.213 25181 25199 I native-activity: Doing egl_swapbuffers_sync 1
04-11 02:52:19.213 25181 25199 D native-activity: Reading pixels format 0x1908 type 0x1401 bpp 4
04-11 02:52:19.227 25181 25199 I native-activity: Read pixels, GL error is 0x0
04-11 02:52:19.227 25181 25199 I native-activity: Swap 65 time is 14.999ms
04-11 02:52:19.227 25181 25199 I native-activity: Animating
04-11 02:52:19.228 25181 25199 I native-activity: Frame 66 GL error is 0x0
04-11 02:52:19.228 25181 25199 I native-activity: Frame 66 time is 0.291ms
04-11 02:52:19.228 25181 25199 I native-activity: Doing egl_swapbuffers_sync 1
04-11 02:52:19.228 25181 25199 D native-activity: Reading pixels format 0x1908 type 0x1401 bpp 4
04-11 02:52:19.242 25181 25199 I native-activity: Read pixels, GL error is 0x0
04-11 02:52:19.242 25181 25199 I native-activity: Swap 66 time is 14.828ms
04-11 02:52:19.242 25181 25199 I native-activity: Animating
04-11 02:52:19.243 25181 25199 I native-activity: Frame 67 GL error is 0x0
04-11 02:52:19.243 25181 25199 I native-activity: Frame 67 time is 0.283ms
04-11 02:52:19.243 25181 25199 I native-activity: Doing egl_swapbuffers_sync 1
04-11 02:52:19.243 25181 25199 D native-activity: Reading pixels format 0x1908 type 0x1401 bpp 4
04-11 02:52:19.257 25181 25199 I native-activity: Read pixels, GL error is 0x0
04-11 02:52:19.257 25181 25199 I native-activity: Swap 67 time is 14.964ms
04-11 02:52:19.257 25181 25199 I native-activity: Animating
04-11 02:52:19.258 25181 25199 I native-activity: Frame 68 GL error is 0x0
04-11 02:52:19.258 25181 25199 I native-activity: Frame 68 time is 0.320ms
04-11 02:52:19.258 25181 25199 I native-activity: Doing egl_swapbuffers_sync 1
04-11 02:52:19.258 25181 25199 D native-activity: Reading pixels format 0x1908 type 0x1401 bpp 4
04-11 02:52:19.272 25181 25199 I native-activity: Read pixels, GL error is 0x0
04-11 02:52:19.272 25181 25199 I native-activity: Swap 68 time is 14.895ms
04-11 02:52:19.272 25181 25199 I native-activity: Animating
04-11 02:52:19.273 25181 25199 I native-activity: Frame 69 GL error is 0x0
04-11 02:52:19.273 25181 25199 I native-activity: Frame 69 time is 0.292ms
04-11 02:52:19.273 25181 25199 I native-activity: Doing egl_swapbuffers_sync 1
04-11 02:52:19.273 25181 25199 D native-activity: Reading pixels format 0x1908 type 0x1401 bpp 4
04-11 02:52:19.287 25181 25199 I native-activity: Read pixels, GL error is 0x0
04-11 02:52:19.287 25181 25199 I native-activity: Swap 69 time is 14.956ms
04-11 02:52:19.288 25181 25199 I native-activity: Animating
04-11 02:52:19.288 25181 25199 I native-activity: Frame 70 GL error is 0x0
04-11 02:52:19.288 25181 25199 I native-activity: Frame 70 time is 0.305ms
04-11 02:52:19.288 25181 25199 I native-activity: Doing egl_swapbuffers_sync 1
04-11 02:52:19.288 25181 25199 D native-activity: Reading pixels format 0x1908 type 0x1401 bpp 4
04-11 02:52:19.302 25181 25199 I native-activity: Read pixels, GL error is 0x0
04-11 02:52:19.303 25181 25199 I native-activity: Swap 70 time is 15.006ms
04-11 02:52:19.303 25181 25199 I native-activity: Animating
04-11 02:52:19.303 25181 25199 I native-activity: Frame 71 GL error is 0x0
04-11 02:52:19.303 25181 25199 I native-activity: Frame 71 time is 0.283ms
04-11 02:52:19.303 25181 25199 I native-activity: Doing egl_swapbuffers_sync 1
04-11 02:52:19.303 25181 25199 D native-activity: Reading pixels format 0x1908 type 0x1401 bpp 4
04-11 02:52:19.318 25181 25199 I native-activity: Read pixels, GL error is 0x0
04-11 02:52:19.318 25181 25199 I native-activity: Swap 71 time is 15.233ms
04-11 02:52:19.318 25181 25199 I native-activity: Animating
04-11 02:52:19.318 25181 25199 I native-activity: Frame 72 GL error is 0x0
04-11 02:52:19.318 25181 25199 I native-activity: Frame 72 time is 0.298ms
04-11 02:52:19.318 25181 25199 I native-activity: Doing egl_swapbuffers_sync 1
04-11 02:52:19.318 25181 25199 D native-activity: Reading pixels format 0x1908 type 0x1401 bpp 4
04-11 02:52:19.333 25181 25199 I native-activity: Read pixels, GL error is 0x0
04-11 02:52:19.333 25181 25199 I native-activity: Swap 72 time is 15.208ms
04-11 02:52:19.333 25181 25199 I native-activity: Animating
04-11 02:52:19.334 25181 25199 I native-activity: Frame 73 GL error is 0x0
04-11 02:52:19.334 25181 25199 I native-activity: Frame 73 time is 0.303ms
04-11 02:52:19.334 25181 25199 I native-activity: Doing egl_swapbuffers_sync 1
04-11 02:52:19.334 25181 25199 D native-activity: Reading pixels format 0x1908 type 0x1401 bpp 4
04-11 02:52:19.351 25181 25199 I native-activity: Read pixels, GL error is 0x0
04-11 02:52:19.352 25181 25199 I native-activity: Swap 73 time is 18.722ms
04-11 02:52:19.354 25181 25199 I native-activity: Animating
04-11 02:52:19.357 25181 25199 I native-activity: Frame 74 GL error is 0x0
04-11 02:52:19.358 25181 25199 I native-activity: Frame 74 time is 2.947ms
04-11 02:52:19.359 25181 25199 I native-activity: Doing egl_swapbuffers_sync 1
04-11 02:52:19.359 25181 25199 D native-activity: Reading pixels format 0x1908 type 0x1401 bpp 4
04-11 02:52:19.372 25181 25199 I native-activity: Read pixels, GL error is 0x0
04-11 02:52:19.373 25181 25199 I native-activity: Swap 74 time is 18.118ms
04-11 02:52:19.373 25181 25199 I native-activity: Animating
04-11 02:52:19.374 25181 25199 I native-activity: Frame 75 GL error is 0x0
04-11 02:52:19.375 25181 25199 I native-activity: Frame 75 time is 1.205ms
04-11 02:52:19.375 25181 25199 I native-activity: Doing egl_swapbuffers_sync 1
04-11 02:52:19.376 25181 25199 D native-activity: Reading pixels format 0x1908 type 0x1401 bpp 4
04-11 02:52:19.389 25181 25199 I native-activity: Read pixels, GL error is 0x0
04-11 02:52:19.389 25181 25199 I native-activity: Swap 75 time is 15.193ms
04-11 02:52:19.389 25181 25199 I native-activity: Animating
04-11 02:52:19.390 25181 25199 I native-activity: Frame 76 GL error is 0x0
04-11 02:52:19.390 25181 25199 I native-activity: Frame 76 time is 0.369ms
04-11 02:52:19.390 25181 25199 I native-activity: Doing egl_swapbuffers_sync 1
04-11 02:52:19.390 25181 25199 D native-activity: Reading pixels format 0x1908 type 0x1401 bpp 4
04-11 02:52:19.403 25181 25199 I native-activity: Read pixels, GL error is 0x0
04-11 02:52:19.403 25181 25199 I native-activity: Swap 76 time is 13.540ms
04-11 02:52:19.403 25181 25199 I native-activity: Animating
04-11 02:52:19.404 25181 25199 I native-activity: Frame 77 GL error is 0x0
04-11 02:52:19.404 25181 25199 I native-activity: Frame 77 time is 1.062ms
04-11 02:52:19.404 25181 25199 I native-activity: Doing egl_swapbuffers_sync 1
04-11 02:52:19.404 25181 25199 D native-activity: Reading pixels format 0x1908 type 0x1401 bpp 4
04-11 02:52:19.419 25181 25199 I native-activity: Read pixels, GL error is 0x0
04-11 02:52:19.419 25181 25199 I native-activity: Swap 77 time is 16.053ms
04-11 02:52:19.419 25181 25199 I native-activity: Animating
04-11 02:52:19.420 25181 25199 I native-activity: Frame 78 GL error is 0x0
04-11 02:52:19.421 25181 25199 I native-activity: Frame 78 time is 0.752ms
04-11 02:52:19.421 25181 25199 I native-activity: Doing egl_swapbuffers_sync 1
04-11 02:52:19.421 25181 25199 D native-activity: Reading pixels format 0x1908 type 0x1401 bpp 4
04-11 02:52:19.435 25181 25199 I native-activity: Read pixels, GL error is 0x0
04-11 02:52:19.435 25181 25199 I native-activity: Swap 78 time is 15.717ms
04-11 02:52:19.436 25181 25199 I native-activity: Animating
04-11 02:52:19.436 25181 25199 I native-activity: Frame 79 GL error is 0x0
04-11 02:52:19.436 25181 25199 I native-activity: Frame 79 time is 0.330ms
04-11 02:52:19.436 25181 25199 I native-activity: Doing egl_swapbuffers_sync 1
04-11 02:52:19.436 25181 25199 D native-activity: Reading pixels format 0x1908 type 0x1401 bpp 4
04-11 02:52:19.451 25181 25199 I native-activity: Read pixels, GL error is 0x0
04-11 02:52:19.451 25181 25199 I native-activity: Swap 79 time is 15.412ms
04-11 02:52:19.451 25181 25199 I native-activity: Animating
04-11 02:52:19.452 25181 25199 I native-activity: Frame 80 GL error is 0x0
04-11 02:52:19.452 25181 25199 I native-activity: Frame 80 time is 0.469ms
04-11 02:52:19.452 25181 25199 I native-activity: Doing egl_swapbuffers_sync 1
04-11 02:52:19.452 25181 25199 D native-activity: Reading pixels format 0x1908 type 0x1401 bpp 4
04-11 02:52:19.467 25181 25199 I native-activity: Read pixels, GL error is 0x0
04-11 02:52:19.468 25181 25199 I native-activity: Swap 80 time is 16.121ms
04-11 02:52:19.468 25181 25199 I native-activity: Animating
04-11 02:52:19.468 25181 25199 I native-activity: Frame 81 GL error is 0x0
04-11 02:52:19.469 25181 25199 I native-activity: Frame 81 time is 1.369ms
04-11 02:52:19.469 25181 25199 I native-activity: Doing egl_swapbuffers_sync 1
04-11 02:52:19.469 25181 25199 D native-activity: Reading pixels format 0x1908 type 0x1401 bpp 4
04-11 02:52:19.486 25181 25199 I native-activity: Read pixels, GL error is 0x0
04-11 02:52:19.487 25181 25199 I native-activity: Swap 81 time is 18.700ms
04-11 02:52:19.487 25181 25199 I native-activity: Animating
04-11 02:52:19.488 25181 25199 I native-activity: Frame 82 GL error is 0x0
04-11 02:52:19.488 25181 25199 I native-activity: Frame 82 time is 0.592ms
04-11 02:52:19.488 25181 25199 I native-activity: Doing egl_swapbuffers_sync 1
04-11 02:52:19.488 25181 25199 D native-activity: Reading pixels format 0x1908 type 0x1401 bpp 4
04-11 02:52:19.505 25181 25199 I native-activity: Read pixels, GL error is 0x0
04-11 02:52:19.505 25181 25199 I native-activity: Swap 82 time is 17.504ms
04-11 02:52:19.506 25181 25199 I native-activity: Animating
04-11 02:52:19.506 25181 25199 I native-activity: Frame 83 GL error is 0x0
04-11 02:52:19.506 25181 25199 I native-activity: Frame 83 time is 0.507ms
04-11 02:52:19.506 25181 25199 I native-activity: Doing egl_swapbuffers_sync 1
04-11 02:52:19.506 25181 25199 D native-activity: Reading pixels format 0x1908 type 0x1401 bpp 4
04-11 02:52:19.523 25181 25199 I native-activity: Read pixels, GL error is 0x0
04-11 02:52:19.524 25181 25199 I native-activity: Swap 83 time is 17.939ms
04-11 02:52:19.525 25181 25199 I native-activity: Animating
04-11 02:52:19.526 25181 25199 I native-activity: Frame 84 GL error is 0x0
04-11 02:52:19.526 25181 25199 I native-activity: Frame 84 time is 0.519ms
04-11 02:52:19.526 25181 25199 I native-activity: Doing egl_swapbuffers_sync 1
04-11 02:52:19.526 25181 25199 D native-activity: Reading pixels format 0x1908 type 0x1401 bpp 4
04-11 02:52:19.543 25181 25199 I native-activity: Read pixels, GL error is 0x0
04-11 02:52:19.543 25181 25199 I native-activity: Swap 84 time is 17.782ms
04-11 02:52:19.543 25181 25199 I native-activity: Animating
04-11 02:52:19.544 25181 25199 I native-activity: Frame 85 GL error is 0x0
04-11 02:52:19.544 25181 25199 I native-activity: Frame 85 time is 0.499ms
04-11 02:52:19.544 25181 25199 I native-activity: Doing egl_swapbuffers_sync 1
04-11 02:52:19.544 25181 25199 D native-activity: Reading pixels format 0x1908 type 0x1401 bpp 4
04-11 02:52:19.563 25181 25199 I native-activity: Read pixels, GL error is 0x0
04-11 02:52:19.564 25181 25199 I native-activity: Swap 85 time is 20.243ms
04-11 02:52:19.564 25181 25199 I native-activity: Animating
04-11 02:52:19.565 25181 25199 I native-activity: Frame 86 GL error is 0x0
04-11 02:52:19.565 25181 25199 I native-activity: Frame 86 time is 0.617ms
04-11 02:52:19.565 25181 25199 I native-activity: Doing egl_swapbuffers_sync 1
04-11 02:52:19.565 25181 25199 D native-activity: Reading pixels format 0x1908 type 0x1401 bpp 4
04-11 02:52:19.582 25181 25199 I native-activity: Read pixels, GL error is 0x0
04-11 02:52:19.582 25181 25199 I native-activity: Swap 86 time is 17.450ms
04-11 02:52:19.582 25181 25199 I native-activity: Animating
04-11 02:52:19.582 25181 25199 I native-activity: Frame 87 GL error is 0x0
04-11 02:52:19.582 25181 25199 I native-activity: Frame 87 time is 0.375ms
04-11 02:52:19.582 25181 25199 I native-activity: Doing egl_swapbuffers_sync 1
04-11 02:52:19.582 25181 25199 D native-activity: Reading pixels format 0x1908 type 0x1401 bpp 4
04-11 02:52:19.599 25181 25199 I native-activity: Read pixels, GL error is 0x0
04-11 02:52:19.599 25181 25199 I native-activity: Swap 87 time is 17.284ms
04-11 02:52:19.599 25181 25199 I native-activity: Animating
04-11 02:52:19.600 25181 25199 I native-activity: Frame 88 GL error is 0x0
04-11 02:52:19.600 25181 25199 I native-activity: Frame 88 time is 0.311ms
04-11 02:52:19.600 25181 25199 I native-activity: Doing egl_swapbuffers_sync 1
04-11 02:52:19.600 25181 25199 D native-activity: Reading pixels format 0x1908 type 0x1401 bpp 4
04-11 02:52:19.617 25181 25199 I native-activity: Read pixels, GL error is 0x0
04-11 02:52:19.617 25181 25199 I native-activity: Swap 88 time is 18.035ms
04-11 02:52:19.618 25181 25199 I native-activity: Animating
04-11 02:52:19.620 25181 25199 I native-activity: Frame 89 GL error is 0x0
04-11 02:52:19.620 25181 25199 I native-activity: Frame 89 time is 2.670ms
04-11 02:52:19.620 25181 25199 I native-activity: Doing egl_swapbuffers_sync 1
04-11 02:52:19.620 25181 25199 D native-activity: Reading pixels format 0x1908 type 0x1401 bpp 4
04-11 02:52:19.639 25181 25199 I native-activity: Read pixels, GL error is 0x0
04-11 02:52:19.640 25181 25199 I native-activity: Swap 89 time is 21.899ms
04-11 02:52:19.640 25181 25199 I native-activity: Animating
04-11 02:52:19.640 25181 25199 I native-activity: Frame 90 GL error is 0x0
04-11 02:52:19.640 25181 25199 I native-activity: Frame 90 time is 0.598ms
04-11 02:52:19.640 25181 25199 I native-activity: Doing egl_swapbuffers_sync 1
04-11 02:52:19.640 25181 25199 D native-activity: Reading pixels format 0x1908 type 0x1401 bpp 4
04-11 02:52:19.667 25181 25199 I native-activity: Read pixels, GL error is 0x0
04-11 02:52:19.667 25181 25199 I native-activity: Swap 90 time is 27.100ms
04-11 02:52:19.667 25181 25199 I native-activity: Animating
04-11 02:52:19.668 25181 25199 I native-activity: Frame 91 GL error is 0x0
04-11 02:52:19.668 25181 25199 I native-activity: Frame 91 time is 0.645ms
04-11 02:52:19.668 25181 25199 I native-activity: Doing egl_swapbuffers_sync 1
04-11 02:52:19.668 25181 25199 D native-activity: Reading pixels format 0x1908 type 0x1401 bpp 4
04-11 02:52:19.683 25181 25199 I native-activity: Read pixels, GL error is 0x0
04-11 02:52:19.683 25181 25199 I native-activity: Swap 91 time is 15.997ms
04-11 02:52:19.684 25181 25199 I native-activity: Animating
04-11 02:52:19.684 25181 25199 I native-activity: Frame 92 GL error is 0x0
04-11 02:52:19.685 25181 25199 I native-activity: Frame 92 time is 0.744ms
04-11 02:52:19.685 25181 25199 I native-activity: Doing egl_swapbuffers_sync 1
04-11 02:52:19.685 25181 25199 D native-activity: Reading pixels format 0x1908 type 0x1401 bpp 4
04-11 02:52:19.700 25181 25199 I native-activity: Read pixels, GL error is 0x0
04-11 02:52:19.700 25181 25199 I native-activity: Swap 92 time is 15.960ms
04-11 02:52:19.700 25181 25199 I native-activity: Animating
04-11 02:52:19.700 25181 25199 I native-activity: Frame 93 GL error is 0x0
04-11 02:52:19.700 25181 25199 I native-activity: Frame 93 time is 0.342ms
04-11 02:52:19.700 25181 25199 I native-activity: Doing egl_swapbuffers_sync 1
04-11 02:52:19.700 25181 25199 D native-activity: Reading pixels format 0x1908 type 0x1401 bpp 4
04-11 02:52:19.713 25181 25199 I native-activity: Read pixels, GL error is 0x0
04-11 02:52:19.713 25181 25199 I native-activity: Swap 93 time is 12.877ms
04-11 02:52:19.713 25181 25199 I native-activity: Animating
04-11 02:52:19.713 25181 25199 I native-activity: Frame 94 GL error is 0x0
04-11 02:52:19.714 25181 25199 I native-activity: Frame 94 time is 0.692ms
04-11 02:52:19.714 25181 25199 I native-activity: Doing egl_swapbuffers_sync 1
04-11 02:52:19.714 25181 25199 D native-activity: Reading pixels format 0x1908 type 0x1401 bpp 4
