04-11 02:51:03.377 24502 24520 D native-activity: Reading pixels format 0x1908 type 0x1401 bpp 4
04-11 02:51:03.384 24502 24520 I native-activity: Read pixels, GL error is 0x0
04-11 02:51:03.384 24502 24520 I native-activity: Swap 186 time is 6.973ms
04-11 02:51:03.384 24502 24520 I native-activity: Animating
04-11 02:51:03.384 24502 24520 I native-activity: Frame 187 GL error is 0x0
04-11 02:51:03.384 24502 24520 I native-activity: Frame 187 time is 0.360ms
04-11 02:51:03.384 24502 24520 I native-activity: Doing egl_swapbuffers_sync 1
04-11 02:51:03.384 24502 24520 D native-activity: Reading pixels format 0x1908 type 0x1401 bpp 4
04-11 02:51:03.392 24502 24520 I native-activity: Read pixels, GL error is 0x0
04-11 02:51:03.392 24502 24520 I native-activity: Swap 187 time is 8.035ms
04-11 02:51:03.392 24502 24520 I native-activity: Animating
04-11 02:51:03.392 24502 24520 I native-activity: Frame 188 GL error is 0x0
04-11 02:51:03.392 24502 24520 I native-activity: Frame 188 time is 0.366ms
04-11 02:51:03.392 24502 24520 I native-activity: Doing egl_swapbuffers_sync 1
04-11 02:51:03.392 24502 24520 D native-activity: Reading pixels format 0x1908 type 0x1401 bpp 4
04-11 02:51:03.399 24502 24520 I native-activity: Read pixels, GL error is 0x0
04-11 02:51:03.399 24502 24520 I native-activity: Swap 188 time is 6.892ms
04-11 02:51:03.399 24502 24520 I native-activity: Animating
04-11 02:51:03.399 24502 24520 I native-activity: Frame 189 GL error is 0x0
04-11 02:51:03.399 24502 24520 I native-activity: Frame 189 time is 0.390ms
04-11 02:51:03.399 24502 24520 I native-activity: Doing egl_swapbuffers_sync 1
04-11 02:51:03.399 24502 24520 D native-activity: Reading pixels format 0x1908 type 0x1401 bpp 4
04-11 02:51:03.406 24502 24520 I native-activity: Read pixels, GL error is 0x0
04-11 02:51:03.406 24502 24520 I native-activity: Swap 189 time is 6.793ms
04-11 02:51:03.406 24502 24520 I native-activity: Animating
04-11 02:51:03.406 24502 24520 I native-activity: Frame 190 GL error is 0x0
04-11 02:51:03.406 24502 24520 I native-activity: Frame 190 time is 0.376ms
04-11 02:51:03.406 24502 24520 I native-activity: Doing egl_swapbuffers_sync 1
04-11 02:51:03.406 24502 24520 D native-activity: Reading pixels format 0x1908 type 0x1401 bpp 4
04-11 02:51:03.412 24502 24520 I native-activity: Read pixels, GL error is 0x0
04-11 02:51:03.412 24502 24520 I native-activity: Swap 190 time is 6.567ms
04-11 02:51:03.412 24502 24520 I native-activity: Animating
04-11 02:51:03.413 24502 24520 I native-activity: Frame 191 GL error is 0x0
04-11 02:51:03.413 24502 24520 I native-activity: Frame 191 time is 0.371ms
04-11 02:51:03.413 24502 24520 I native-activity: Doing egl_swapbuffers_sync 1
04-11 02:51:03.413 24502 24520 D native-activity: Reading pixels format 0x1908 type 0x1401 bpp 4
04-11 02:51:03.419 24502 24520 I native-activity: Read pixels, GL error is 0x0
04-11 02:51:03.419 24502 24520 I native-activity: Swap 191 time is 6.588ms
04-11 02:51:03.419 24502 24520 I native-activity: Animating
04-11 02:51:03.419 24502 24520 I native-activity: Frame 192 GL error is 0x0
04-11 02:51:03.420 24502 24520 I native-activity: Frame 192 time is 0.638ms
04-11 02:51:03.420 24502 24520 I native-activity: Doing egl_swapbuffers_sync 1
04-11 02:51:03.420 24502 24520 D native-activity: Reading pixels format 0x1908 type 0x1401 bpp 4
04-11 02:51:03.426 24502 24520 I native-activity: Read pixels, GL error is 0x0
04-11 02:51:03.426 24502 24520 I native-activity: Swap 192 time is 7.056ms
04-11 02:51:03.426 24502 24520 I native-activity: Animating
04-11 02:51:03.427 24502 24520 I native-activity: Frame 193 GL error is 0x0
04-11 02:51:03.427 24502 24520 I native-activity: Frame 193 time is 0.366ms
04-11 02:51:03.427 24502 24520 I native-activity: Doing egl_swapbuffers_sync 1
04-11 02:51:03.427 24502 24520 D native-activity: Reading pixels format 0x1908 type 0x1401 bpp 4
04-11 02:51:03.433 24502 24520 I native-activity: Read pixels, GL error is 0x0
04-11 02:51:03.433 24502 24520 I native-activity: Swap 193 time is 6.555ms
04-11 02:51:03.433 24502 24520 I native-activity: Animating
04-11 02:51:03.433 24502 24520 I native-activity: Frame 194 GL error is 0x0
04-11 02:51:03.433 24502 24520 I native-activity: Frame 194 time is 0.620ms
04-11 02:51:03.434 24502 24520 I native-activity: Doing egl_swapbuffers_sync 1
04-11 02:51:03.434 24502 24520 D native-activity: Reading pixels format 0x1908 type 0x1401 bpp 4
04-11 02:51:03.440 24502 24520 I native-activity: Read pixels, GL error is 0x0
04-11 02:51:03.440 24502 24520 I native-activity: Swap 194 time is 6.942ms
04-11 02:51:03.440 24502 24520 I native-activity: Animating
04-11 02:51:03.440 24502 24520 I native-activity: Frame 195 GL error is 0x0
04-11 02:51:03.440 24502 24520 I native-activity: Frame 195 time is 0.362ms
04-11 02:51:03.440 24502 24520 I native-activity: Doing egl_swapbuffers_sync 1
04-11 02:51:03.440 24502 24520 D native-activity: Reading pixels format 0x1908 type 0x1401 bpp 4
04-11 02:51:03.447 24502 24520 I native-activity: Read pixels, GL error is 0x0
04-11 02:51:03.447 24502 24520 I native-activity: Swap 195 time is 6.870ms
04-11 02:51:03.447 24502 24520 I native-activity: Animating
04-11 02:51:03.447 24502 24520 I native-activity: Frame 196 GL error is 0x0
04-11 02:51:03.447 24502 24520 I native-activity: Frame 196 time is 0.362ms
04-11 02:51:03.447 24502 24520 I native-activity: Doing egl_swapbuffers_sync 1
04-11 02:51:03.447 24502 24520 D native-activity: Reading pixels format 0x1908 type 0x1401 bpp 4
04-11 02:51:03.453 24502 24520 I native-activity: Read pixels, GL error is 0x0
04-11 02:51:03.454 24502 24520 I native-activity: Swap 196 time is 6.607ms
04-11 02:51:03.454 24502 24520 I native-activity: Animating
04-11 02:51:03.454 24502 24520 I native-activity: Frame 197 GL error is 0x0
04-11 02:51:03.454 24502 24520 I native-activity: Frame 197 time is 0.333ms
04-11 02:51:03.454 24502 24520 I native-activity: Doing egl_swapbuffers_sync 1
04-11 02:51:03.454 24502 24520 D native-activity: Reading pixels format 0x1908 type 0x1401 bpp 4
04-11 02:51:03.460 24502 24520 I native-activity: Read pixels, GL error is 0x0
04-11 02:51:03.460 24502 24520 I native-activity: Swap 197 time is 6.488ms
04-11 02:51:03.460 24502 24520 I native-activity: Animating
04-11 02:51:03.460 24502 24520 I native-activity: Frame 198 GL error is 0x0
04-11 02:51:03.461 24502 24520 I native-activity: Frame 198 time is 0.353ms
04-11 02:51:03.461 24502 24520 I native-activity: Doing egl_swapbuffers_sync 1
04-11 02:51:03.461 24502 24520 D native-activity: Reading pixels format 0x1908 type 0x1401 bpp 4
04-11 02:51:03.467 24502 24520 I native-activity: Read pixels, GL error is 0x0
04-11 02:51:03.467 24502 24520 I native-activity: Swap 198 time is 6.613ms
04-11 02:51:03.467 24502 24520 I native-activity: Animating
04-11 02:51:03.467 24502 24520 I native-activity: Frame 199 GL error is 0x0
04-11 02:51:03.467 24502 24520 I native-activity: Frame 199 time is 0.355ms
04-11 02:51:03.467 24502 24520 I native-activity: Doing egl_swapbuffers_sync 1
04-11 02:51:03.467 24502 24520 D native-activity: Reading pixels format 0x1908 type 0x1401 bpp 4
04-11 02:51:03.473 24502 24520 I native-activity: Read pixels, GL error is 0x0
04-11 02:51:03.473 24502 24520 I native-activity: Swap 199 time is 6.619ms
04-11 02:51:03.474 24502 24520 I native-activity: Animating
04-11 02:51:03.474 24502 24520 I native-activity: Frame 200 GL error is 0x0
04-11 02:51:03.474 24502 24520 I native-activity: Frame 200 time is 0.357ms
04-11 02:51:03.474 24502 24520 I native-activity: Doing egl_swapbuffers_sync 1
04-11 02:51:03.474 24502 24520 D native-activity: Reading pixels format 0x1908 type 0x1401 bpp 4
04-11 02:51:03.480 24502 24520 I native-activity: Read pixels, GL error is 0x0
04-11 02:51:03.480 24502 24520 I native-activity: Swap 200 time is 6.537ms
04-11 02:51:03.480 24502 24520 I native-activity: Animating
04-11 02:51:03.480 24502 24520 I native-activity: Frame 201 GL error is 0x0
04-11 02:51:03.481 24502 24520 I native-activity: Frame 201 time is 0.564ms
04-11 02:51:03.481 24502 24520 I native-activity: Doing egl_swapbuffers_sync 1
04-11 02:51:03.481 24502 24520 D native-activity: Reading pixels format 0x1908 type 0x1401 bpp 4
04-11 02:51:03.487 24502 24520 I native-activity: Read pixels, GL error is 0x0
04-11 02:51:03.487 24502 24520 I native-activity: Swap 201 time is 7.031ms
04-11 02:51:03.487 24502 24520 I native-activity: Animating
04-11 02:51:03.488 24502 24520 I native-activity: Frame 202 GL error is 0x0
04-11 02:51:03.488 24502 24520 I native-activity: Frame 202 time is 0.735ms
04-11 02:51:03.488 24502 24520 I native-activity: Doing egl_swapbuffers_sync 1
04-11 02:51:03.488 24502 24520 D native-activity: Reading pixels format 0x1908 type 0x1401 bpp 4
04-11 02:51:03.494 24502 24520 I native-activity: Read pixels, GL error is 0x0
04-11 02:51:03.495 24502 24520 I native-activity: Swap 202 time is 7.193ms
04-11 02:51:03.495 24502 24520 I native-activity: Animating
04-11 02:51:03.495 24502 24520 I native-activity: Frame 203 GL error is 0x0
04-11 02:51:03.495 24502 24520 I native-activity: Frame 203 time is 0.573ms
04-11 02:51:03.496 24502 24520 I native-activity: Doing egl_swapbuffers_sync 1
04-11 02:51:03.496 24502 24520 D native-activity: Reading pixels format 0x1908 type 0x1401 bpp 4
04-11 02:51:03.502 24502 24520 I native-activity: Read pixels, GL error is 0x0
04-11 02:51:03.503 24502 24520 I native-activity: Swap 203 time is 8.030ms
04-11 02:51:03.503 24502 24520 I native-activity: Animating
04-11 02:51:03.503 24502 24520 I native-activity: Frame 204 GL error is 0x0
04-11 02:51:03.503 24502 24520 I native-activity: Frame 204 time is 0.417ms
04-11 02:51:03.503 24502 24520 I native-activity: Doing egl_swapbuffers_sync 1
04-11 02:51:03.503 24502 24520 D native-activity: Reading pixels format 0x1908 type 0x1401 bpp 4
04-11 02:51:03.510 24502 24520 I native-activity: Read pixels, GL error is 0x0
04-11 02:51:03.510 24502 24520 I native-activity: Swap 204 time is 7.079ms
04-11 02:51:03.510 24502 24520 I native-activity: Animating
04-11 02:51:03.511 24502 24520 I native-activity: Frame 205 GL error is 0x0
04-11 02:51:03.511 24502 24520 I native-activity: Frame 205 time is 0.740ms
04-11 02:51:03.511 24502 24520 I native-activity: Doing egl_swapbuffers_sync 1
04-11 02:51:03.511 24502 24520 D native-activity: Reading pixels format 0x1908 type 0x1401 bpp 4
04-11 02:51:03.517 24502 24520 I native-activity: Read pixels, GL error is 0x0
04-11 02:51:03.518 24502 24520 I native-activity: Swap 205 time is 7.635ms
04-11 02:51:03.518 24502 24520 I native-activity: Animating
04-11 02:51:03.518 24502 24520 I native-activity: Frame 206 GL error is 0x0
04-11 02:51:03.518 24502 24520 I native-activity: Frame 206 time is 0.424ms
04-11 02:51:03.518 24502 24520 I native-activity: Doing egl_swapbuffers_sync 1
04-11 02:51:03.518 24502 24520 D native-activity: Reading pixels format 0x1908 type 0x1401 bpp 4
04-11 02:51:03.525 24502 24520 I native-activity: Read pixels, GL error is 0x0
04-11 02:51:03.525 24502 24520 I native-activity: Swap 206 time is 7.073ms
04-11 02:51:03.525 24502 24520 I native-activity: Animating
04-11 02:51:03.526 24502 24520 I native-activity: Frame 207 GL error is 0x0
04-11 02:51:03.526 24502 24520 I native-activity: Frame 207 time is 0.869ms
04-11 02:51:03.526 24502 24520 I native-activity: Doing egl_swapbuffers_sync 1
04-11 02:51:03.526 24502 24520 D native-activity: Reading pixels format 0x1908 type 0x1401 bpp 4
04-11 02:51:03.532 24502 24520 I native-activity: Read pixels, GL error is 0x0
04-11 02:51:03.533 24502 24520 I native-activity: Swap 207 time is 7.678ms
04-11 02:51:03.533 24502 24520 I native-activity: Animating
04-11 02:51:03.534 24502 24520 I native-activity: Frame 208 GL error is 0x0
04-11 02:51:03.534 24502 24520 I native-activity: Frame 208 time is 1.185ms
04-11 02:51:03.534 24502 24520 I native-activity: Doing egl_swapbuffers_sync 1
04-11 02:51:03.534 24502 24520 D native-activity: Reading pixels format 0x1908 type 0x1401 bpp 4
04-11 02:51:03.540 24502 24520 I native-activity: Read pixels, GL error is 0x0
04-11 02:51:03.541 24502 24520 I native-activity: Swap 208 time is 7.865ms
04-11 02:51:03.541 24502 24520 I native-activity: Animating
04-11 02:51:03.541 24502 24520 I native-activity: Frame 209 GL error is 0x0
04-11 02:51:03.542 24502 24520 I native-activity: Frame 209 time is 0.918ms
04-11 02:51:03.542 24502 24520 I native-activity: Doing egl_swapbuffers_sync 1
04-11 02:51:03.542 24502 24520 D native-activity: Reading pixels format 0x1908 type 0x1401 bpp 4
04-11 02:51:03.549 24502 24520 I native-activity: Read pixels, GL error is 0x0
04-11 02:51:03.549 24502 24520 I native-activity: Swap 209 time is 8.214ms
04-11 02:51:03.549 24502 24520 I native-activity: Animating
04-11 02:51:03.550 24502 24520 I native-activity: Frame 210 GL error is 0x0
04-11 02:51:03.550 24502 24520 I native-activity: Frame 210 time is 1.174ms
04-11 02:51:03.550 24502 24520 I native-activity: Doing egl_swapbuffers_sync 1
04-11 02:51:03.550 24502 24520 D native-activity: Reading pixels format 0x1908 type 0x1401 bpp 4
04-11 02:51:03.557 24502 24520 I native-activity: Read pixels, GL error is 0x0
04-11 02:51:03.557 24502 24520 I native-activity: Swap 210 time is 8.017ms
04-11 02:51:03.557 24502 24520 I native-activity: Animating
04-11 02:51:03.558 24502 24520 I native-activity: Frame 211 GL error is 0x0
04-11 02:51:03.558 24502 24520 I native-activity: Frame 211 time is 0.716ms
04-11 02:51:03.558 24502 24520 I native-activity: Doing egl_swapbuffers_sync 1
04-11 02:51:03.558 24502 24520 D native-activity: Reading pixels format 0x1908 type 0x1401 bpp 4
04-11 02:51:03.565 24502 24520 I native-activity: Read pixels, GL error is 0x0
04-11 02:51:03.565 24502 24520 I native-activity: Swap 211 time is 7.823ms
04-11 02:51:03.565 24502 24520 I native-activity: Animating
04-11 02:51:03.566 24502 24520 I native-activity: Frame 212 GL error is 0x0
04-11 02:51:03.567 24502 24520 I native-activity: Frame 212 time is 1.507ms
04-11 02:51:03.567 24502 24520 I native-activity: Doing egl_swapbuffers_sync 1
04-11 02:51:03.567 24502 24520 D native-activity: Reading pixels format 0x1908 type 0x1401 bpp 4
04-11 02:51:03.573 24502 24520 I native-activity: Read pixels, GL error is 0x0
04-11 02:51:03.573 24502 24520 I native-activity: Swap 212 time is 8.245ms
04-11 02:51:03.573 24502 24520 I native-activity: Animating
04-11 02:51:03.574 24502 24520 I native-activity: Frame 213 GL error is 0x0
04-11 02:51:03.574 24502 24520 I native-activity: Frame 213 time is 0.880ms
04-11 02:51:03.574 24502 24520 I native-activity: Doing egl_swapbuffers_sync 1
04-11 02:51:03.574 24502 24520 D native-activity: Reading pixels format 0x1908 type 0x1401 bpp 4
04-11 02:51:03.581 24502 24520 I native-activity: Read pixels, GL error is 0x0
04-11 02:51:03.581 24502 24520 I native-activity: Swap 213 time is 7.930ms
04-11 02:51:03.581 24502 24520 I native-activity: Animating
04-11 02:51:03.582 24502 24520 I native-activity: Frame 214 GL error is 0x0
04-11 02:51:03.582 24502 24520 I native-activity: Frame 214 time is 0.406ms
04-11 02:51:03.582 24502 24520 I native-activity: Doing egl_swapbuffers_sync 1
04-11 02:51:03.582 24502 24520 D native-activity: Reading pixels format 0x1908 type 0x1401 bpp 4
04-11 02:51:03.588 24502 24520 I native-activity: Read pixels, GL error is 0x0
04-11 02:51:03.589 24502 24520 I native-activity: Swap 214 time is 7.104ms
04-11 02:51:03.589 24502 24520 I native-activity: Animating
04-11 02:51:03.589 24502 24520 I native-activity: Frame 215 GL error is 0x0
04-11 02:51:03.589 24502 24520 I native-activity: Frame 215 time is 0.420ms
04-11 02:51:03.589 24502 24520 I native-activity: Doing egl_swapbuffers_sync 1
04-11 02:51:03.589 24502 24520 D native-activity: Reading pixels format 0x1908 type 0x1401 bpp 4
04-11 02:51:03.596 24502 24520 I native-activity: Read pixels, GL error is 0x0
04-11 02:51:03.596 24502 24520 I native-activity: Swap 215 time is 7.321ms
04-11 02:51:03.596 24502 24520 I native-activity: Animating
04-11 02:51:03.597 24502 24520 I native-activity: Frame 216 GL error is 0x0
04-11 02:51:03.597 24502 24520 I native-activity: Frame 216 time is 0.736ms
04-11 02:51:03.597 24502 24520 I native-activity: Doing egl_swapbuffers_sync 1
04-11 02:51:03.597 24502 24520 D native-activity: Reading pixels format 0x1908 type 0x1401 bpp 4
04-11 02:51:03.605 24502 24520 I native-activity: Read pixels, GL error is 0x0
04-11 02:51:03.605 24502 24520 I native-activity: Swap 216 time is 8.937ms
04-11 02:51:03.605 24502 24520 I native-activity: Animating
04-11 02:51:03.607 24502 24520 I native-activity: Frame 217 GL error is 0x0
04-11 02:51:03.607 24502 24520 I native-activity: Frame 217 time is 1.631ms
04-11 02:51:03.607 24502 24520 I native-activity: Doing egl_swapbuffers_sync 1
04-11 02:51:03.607 24502 24520 D native-activity: Reading pixels format 0x1908 type 0x1401 bpp 4
04-11 02:51:03.596    93    93 I Kernel  : [310303.214093] (1)[93:irq/258-inv_irq]inv_mpu_iio: inv_push_8bytes_buffer: Received Accel Sensor Data at Driver Layer -512, 1716, -16440
04-11 02:51:03.614 24502 24520 I native-activity: Read pixels, GL error is 0x0
04-11 02:51:03.614 24502 24520 I native-activity: Swap 217 time is 8.415ms
04-11 02:51:03.614 24502 24520 I native-activity: Animating
04-11 02:51:03.614 24502 24520 I native-activity: Frame 218 GL error is 0x0
04-11 02:51:03.614 24502 24520 I native-activity: Frame 218 time is 0.456ms
04-11 02:51:03.614 24502 24520 I native-activity: Doing egl_swapbuffers_sync 1
04-11 02:51:03.614 24502 24520 D native-activity: Reading pixels format 0x1908 type 0x1401 bpp 4
04-11 02:51:03.621 24502 24520 I native-activity: Read pixels, GL error is 0x0
04-11 02:51:03.621 24502 24520 I native-activity: Swap 218 time is 7.224ms
04-11 02:51:03.621 24502 24520 I native-activity: Animating
04-11 02:51:03.621 24502 24520 I native-activity: Frame 219 GL error is 0x0
04-11 02:51:03.621 24502 24520 I native-activity: Frame 219 time is 0.392ms
04-11 02:51:03.622 24502 24520 I native-activity: Doing egl_swapbuffers_sync 1
04-11 02:51:03.622 24502 24520 D native-activity: Reading pixels format 0x1908 type 0x1401 bpp 4
04-11 02:51:03.628 24502 24520 I native-activity: Read pixels, GL error is 0x0
04-11 02:51:03.628 24502 24520 I native-activity: Swap 219 time is 7.116ms
04-11 02:51:03.628 24502 24520 I native-activity: Animating
04-11 02:51:03.629 24502 24520 I native-activity: Frame 220 GL error is 0x0
04-11 02:51:03.629 24502 24520 I native-activity: Frame 220 time is 0.447ms
04-11 02:51:03.629 24502 24520 I native-activity: Doing egl_swapbuffers_sync 1
04-11 02:51:03.629 24502 24520 D native-activity: Reading pixels format 0x1908 type 0x1401 bpp 4
04-11 02:51:03.636 24502 24520 I native-activity: Read pixels, GL error is 0x0
04-11 02:51:03.636 24502 24520 I native-activity: Swap 220 time is 7.309ms
04-11 02:51:03.636 24502 24520 I native-activity: Animating
04-11 02:51:03.636 24502 24520 I native-activity: Frame 221 GL error is 0x0
04-11 02:51:03.636 24502 24520 I native-activity: Frame 221 time is 0.427ms
04-11 02:51:03.637 24502 24520 I native-activity: Doing egl_swapbuffers_sync 1
04-11 02:51:03.637 24502 24520 D native-activity: Reading pixels format 0x1908 type 0x1401 bpp 4
04-11 02:51:03.643 24502 24520 I native-activity: Read pixels, GL error is 0x0
04-11 02:51:03.644 24502 24520 I native-activity: Swap 221 time is 7.988ms
04-11 02:51:03.644 24502 24520 I native-activity: Animating
04-11 02:51:03.645 24502 24520 I native-activity: Frame 222 GL error is 0x0
04-11 02:51:03.645 24502 24520 I native-activity: Frame 222 time is 0.547ms
04-11 02:51:03.645 24502 24520 I native-activity: Doing egl_swapbuffers_sync 1
04-11 02:51:03.645 24502 24520 D native-activity: Reading pixels format 0x1908 type 0x1401 bpp 4
04-11 02:51:03.652 24502 24520 I native-activity: Read pixels, GL error is 0x0
04-11 02:51:03.652 24502 24520 I native-activity: Swap 222 time is 7.355ms
04-11 02:51:03.652 24502 24520 I native-activity: Animating
04-11 02:51:03.652 24502 24520 I native-activity: Frame 223 GL error is 0x0
04-11 02:51:03.653 24502 24520 I native-activity: Frame 223 time is 0.443ms
04-11 02:51:03.653 24502 24520 I native-activity: Doing egl_swapbuffers_sync 1
04-11 02:51:03.653 24502 24520 D native-activity: Reading pixels format 0x1908 type 0x1401 bpp 4
04-11 02:51:03.660 24502 24520 I native-activity: Read pixels, GL error is 0x0
04-11 02:51:03.660 24502 24520 I native-activity: Swap 223 time is 7.871ms
04-11 02:51:03.660 24502 24520 I native-activity: Animating
04-11 02:51:03.660 24502 24520 I native-activity: Frame 224 GL error is 0x0
04-11 02:51:03.660 24502 24520 I native-activity: Frame 224 time is 0.521ms
04-11 02:51:03.661 24502 24520 I native-activity: Doing egl_swapbuffers_sync 1
04-11 02:51:03.661 24502 24520 D native-activity: Reading pixels format 0x1908 type 0x1401 bpp 4
04-11 02:51:03.667 24502 24520 I native-activity: Read pixels, GL error is 0x0
04-11 02:51:03.667 24502 24520 I native-activity: Swap 224 time is 7.622ms
04-11 02:51:03.668 24502 24520 I native-activity: Animating
04-11 02:51:04.026    93    93 I Kernel  : [310303.645120] (2)[93:irq/258-inv_irq]inv_mpu_iio: inv_read_fifo: Received Sensor Interrupt to read FIFO and Fifo_count is 6
04-11 02:51:04.216 24502 24520 I native-activity: Frame 225 GL error is 0x501
04-11 02:51:04.216 24502 24520 I native-activity: Frame 225 time is 548.425ms
04-11 02:51:04.216 24502 24520 I native-activity: Doing egl_swapbuffers_sync 1
04-11 02:51:04.216 24502 24520 D native-activity: Reading pixels format 0x1908 type 0x1401 bpp 4
04-11 02:51:04.227 24502 24520 I native-activity: Read pixels, GL error is 0x0
04-11 02:51:04.227 24502 24520 I native-activity: Swap 225 time is 559.708ms
04-11 02:51:04.227 24502 24520 I native-activity: Animating
04-11 02:51:04.229 24502 24520 I native-activity: Frame 226 GL error is 0x0
04-11 02:51:04.229 24502 24520 I native-activity: Frame 226 time is 1.062ms
04-11 02:51:04.229 24502 24520 I native-activity: Doing egl_swapbuffers_sync 1
04-11 02:51:04.229 24502 24520 D native-activity: Reading pixels format 0x1908 type 0x1401 bpp 4
04-11 02:51:04.237 24502 24520 I native-activity: Read pixels, GL error is 0x0
04-11 02:51:04.237 24502 24520 I native-activity: Swap 226 time is 9.838ms
04-11 02:51:04.237 24502 24520 I native-activity: Animating
04-11 02:51:04.258 24502 24520 I native-activity: Frame 227 GL error is 0x0
04-11 02:51:04.258 24502 24520 I native-activity: Frame 227 time is 21.031ms
04-11 02:51:04.258 24502 24520 I native-activity: Doing egl_swapbuffers_sync 1
04-11 02:51:04.258 24502 24520 D native-activity: Reading pixels format 0x1908 type 0x1401 bpp 4
04-11 02:51:04.274 24502 24520 I native-activity: Read pixels, GL error is 0x0
04-11 02:51:04.274 24502 24520 I native-activity: Swap 227 time is 36.228ms
04-11 02:51:04.274 24502 24520 I native-activity: Animating
04-11 02:51:04.275 24502 24520 I native-activity: Frame 228 GL error is 0x0
04-11 02:51:04.275 24502 24520 I native-activity: Frame 228 time is 1.092ms
04-11 02:51:04.275 24502 24520 I native-activity: Doing egl_swapbuffers_sync 1
04-11 02:51:04.275 24502 24520 D native-activity: Reading pixels format 0x1908 type 0x1401 bpp 4
04-11 02:51:04.286 24502 24520 I native-activity: Read pixels, GL error is 0x0
04-11 02:51:04.286 24502 24520 I native-activity: Swap 228 time is 12.226ms
04-11 02:51:04.286 24502 24520 I native-activity: Animating
04-11 02:51:04.287 24502 24520 I native-activity: Frame 229 GL error is 0x0
04-11 02:51:04.287 24502 24520 I native-activity: Frame 229 time is 1.105ms
04-11 02:51:04.287 24502 24520 I native-activity: Doing egl_swapbuffers_sync 1
04-11 02:51:04.287 24502 24520 D native-activity: Reading pixels format 0x1908 type 0x1401 bpp 4
04-11 02:51:04.298 24502 24520 I native-activity: Read pixels, GL error is 0x0
04-11 02:51:04.299 24502 24520 I native-activity: Swap 229 time is 12.524ms
04-11 02:51:04.299 24502 24520 I native-activity: Animating
04-11 02:51:04.300 24502 24520 I native-activity: Frame 230 GL error is 0x0
04-11 02:51:04.300 24502 24520 I native-activity: Frame 230 time is 1.225ms
04-11 02:51:04.300 24502 24520 I native-activity: Doing egl_swapbuffers_sync 1
04-11 02:51:04.300 24502 24520 D native-activity: Reading pixels format 0x1908 type 0x1401 bpp 4
04-11 02:51:04.311 24502 24520 I native-activity: Read pixels, GL error is 0x0
04-11 02:51:04.311 24502 24520 I native-activity: Swap 230 time is 12.219ms
04-11 02:51:04.311 24502 24520 I native-activity: Animating
04-11 02:51:04.312 24502 24520 I native-activity: Frame 231 GL error is 0x0
04-11 02:51:04.312 24502 24520 I native-activity: Frame 231 time is 1.140ms
04-11 02:51:04.312 24502 24520 I native-activity: Doing egl_swapbuffers_sync 1
04-11 02:51:04.312 24502 24520 D native-activity: Reading pixels format 0x1908 type 0x1401 bpp 4
04-11 02:51:04.323 24502 24520 I native-activity: Read pixels, GL error is 0x0
04-11 02:51:04.323 24502 24520 I native-activity: Swap 231 time is 11.923ms
04-11 02:51:04.323 24502 24520 I native-activity: Animating
04-11 02:51:04.346   958  1731 I Vlog    : package_recency:broadcast_notification:fgtracking=false;DV;1,key=time_in_queue;DV;1,Timer=6008.0;TI;1,unit=ms;DV;1:HI
04-11 02:51:04.373   958  1235 D ActivityManager: single user service: com.amazon.kindle.cms
04-11 02:51:04.378   958  1235 D ActivityManager: app = com.amazon.kindle.cms, has single user service, setting process record.
04-11 02:51:04.547 24502 24520 I native-activity: Frame 232 GL error is 0x501
04-11 02:51:04.547 24502 24520 I native-activity: Frame 232 time is 224.594ms
04-11 02:51:04.547 24502 24520 I native-activity: Doing egl_swapbuffers_sync 1
04-11 02:51:04.547 24502 24520 D native-activity: Reading pixels format 0x1908 type 0x1401 bpp 4
04-11 02:51:04.556 24502 24520 I native-activity: Read pixels, GL error is 0x0
04-11 02:51:04.556 24502 24520 I native-activity: Swap 232 time is 233.613ms
04-11 02:51:04.557 24502 24520 I native-activity: Animating
04-11 02:51:04.684   958  2815 D WifiService: acquireWifiLockLocked: WifiLock{com.amazon.dcp.framework.iuc.ConnectionEstablisherWithConnectivityEnforcement type=1 binder=android.os.BinderProxy@722c52b}
04-11 02:51:04.703   958  1718 D ActivityManager: single user service: com.amazon.imp
04-11 02:51:04.705   958  1718 D ActivityManager: app = com.amazon.imp, has single user service, setting process record.
04-11 02:51:04.779 24502 24520 I native-activity: Frame 233 GL error is 0x501
04-11 02:51:04.779 24502 24520 I native-activity: Frame 233 time is 222.182ms
04-11 02:51:04.779 24502 24520 I native-activity: Doing egl_swapbuffers_sync 1
04-11 02:51:04.779 24502 24520 D native-activity: Reading pixels format 0x1908 type 0x1401 bpp 4
04-11 02:51:04.791 24502 24520 I native-activity: Read pixels, GL error is 0x0
04-11 02:51:04.791 24502 24520 I native-activity: Swap 233 time is 234.075ms
04-11 02:51:04.791 24502 24520 I native-activity: Animating
04-11 02:51:04.792 24502 24520 I native-activity: Frame 234 GL error is 0x0
04-11 02:51:04.792 24502 24520 I native-activity: Frame 234 time is 1.583ms
04-11 02:51:04.792 24502 24520 I native-activity: Doing egl_swapbuffers_sync 1
04-11 02:51:04.792 24502 24520 D native-activity: Reading pixels format 0x1908 type 0x1401 bpp 4
04-11 02:51:04.802 24502 24520 I native-activity: Read pixels, GL error is 0x0
04-11 02:51:04.802 24502 24520 I native-activity: Swap 234 time is 11.031ms
04-11 02:51:04.802 24502 24520 I native-activity: Animating
04-11 02:51:04.803 24502 24520 I native-activity: Frame 235 GL error is 0x0
04-11 02:51:04.803 24502 24520 I native-activity: Frame 235 time is 0.601ms
04-11 02:51:04.803 24502 24520 I native-activity: Doing egl_swapbuffers_sync 1
04-11 02:51:04.803 24502 24520 D native-activity: Reading pixels format 0x1908 type 0x1401 bpp 4
04-11 02:51:04.805   958   973 D ActivityManager: single user service: com.amazon.kindle.cms
04-11 02:51:04.809   958   973 D ActivityManager: app = com.amazon.kindle.cms, has single user service, setting process record.
04-11 02:51:04.812 24502 24520 I native-activity: Read pixels, GL error is 0x0
04-11 02:51:04.812 24502 24520 I native-activity: Swap 235 time is 10.146ms
04-11 02:51:04.812 24502 24520 I native-activity: Animating
04-11 02:51:04.813 24502 24520 I native-activity: Frame 236 GL error is 0x0
04-11 02:51:04.813 24502 24520 I native-activity: Frame 236 time is 0.700ms
04-11 02:51:04.813 24502 24520 I native-activity: Doing egl_swapbuffers_sync 1
04-11 02:51:04.813 24502 24520 D native-activity: Reading pixels format 0x1908 type 0x1401 bpp 4
04-11 02:51:04.822 24502 24520 I native-activity: Read pixels, GL error is 0x0
04-11 02:51:04.822 24502 24520 I native-activity: Swap 236 time is 9.899ms
04-11 02:51:04.822 24502 24520 I native-activity: Animating
04-11 02:51:04.823 24502 24520 I native-activity: Frame 237 GL error is 0x0
04-11 02:51:04.823 24502 24520 I native-activity: Frame 237 time is 0.700ms
04-11 02:51:04.823 24502 24520 I native-activity: Doing egl_swapbuffers_sync 1
04-11 02:51:04.823 24502 24520 D native-activity: Reading pixels format 0x1908 type 0x1401 bpp 4
04-11 02:51:04.832 24502 24520 I native-activity: Read pixels, GL error is 0x0
04-11 02:51:04.833 24502 24520 I native-activity: Swap 237 time is 11.152ms
04-11 02:51:04.833 24502 24520 I native-activity: Animating
04-11 02:51:04.834 24502 24520 I native-activity: Frame 238 GL error is 0x0
04-11 02:51:04.834 24502 24520 I native-activity: Frame 238 time is 0.692ms
04-11 02:51:04.834 24502 24520 I native-activity: Doing egl_swapbuffers_sync 1
04-11 02:51:04.834 24502 24520 D native-activity: Reading pixels format 0x1908 type 0x1401 bpp 4
04-11 02:51:04.844 24502 24520 I native-activity: Read pixels, GL error is 0x0
04-11 02:51:04.844 24502 24520 I native-activity: Swap 238 time is 10.493ms
04-11 02:51:04.844 24502 24520 I native-activity: Animating
04-11 02:51:04.845 24502 24520 I native-activity: Frame 239 GL error is 0x0
04-11 02:51:04.845 24502 24520 I native-activity: Frame 239 time is 0.902ms
04-11 02:51:04.845 24502 24520 I native-activity: Doing egl_swapbuffers_sync 1
04-11 02:51:04.845 24502 24520 D native-activity: Reading pixels format 0x1908 type 0x1401 bpp 4
04-11 02:51:04.854 24502 24520 I native-activity: Read pixels, GL error is 0x0
04-11 02:51:04.854 24502 24520 I native-activity: Swap 239 time is 10.218ms
04-11 02:51:04.854 24502 24520 I native-activity: Animating
04-11 02:51:04.866    93    93 I Kernel  : [310304.477201] (2)[93:irq/258-inv_irq]inv_mpu_iio: inv_read_fifo: Received Sensor Interrupt to read FIFO and Fifo_count is 6
04-11 02:51:05.069   958  1234 D ActivityManager: single user service: com.amazon.kindle.cms
04-11 02:51:05.071   958  1234 D ActivityManager: app = com.amazon.kindle.cms, has single user service, setting process record.
04-11 02:51:05.186   958  1234 W AccountManagerService: insertAccountIntoDatabase: Account {name=default_account, type=com.amazon.firelauncher.account}, skipping since the account already exists
04-11 02:51:05.208   958  2829 W AccountManagerService: insertAccountIntoDatabase: Account {name=default_account, type=com.amazon.firelauncher.account}, skipping since the account already exists
04-11 02:51:05.208 24502 24520 I native-activity: Frame 240 GL error is 0x501
04-11 02:51:05.208 24502 24520 I native-activity: Frame 240 time is 353.851ms
04-11 02:51:05.208 24502 24520 I native-activity: Doing egl_swapbuffers_sync 1
04-11 02:51:05.208 24502 24520 D native-activity: Reading pixels format 0x1908 type 0x1401 bpp 4
04-11 02:51:05.218 24502 24520 I native-activity: Read pixels, GL error is 0x0
04-11 02:51:05.218 24502 24520 I native-activity: Swap 240 time is 363.831ms
04-11 02:51:05.218 24502 24520 I native-activity: Animating
04-11 02:51:05.220   958  2823 D ActivityManager: single user service: com.amazon.kindle.cms
04-11 02:51:05.221   958  2823 D ActivityManager: app = com.amazon.kindle.cms, has single user service, setting process record.
04-11 02:51:05.232   958  2830 W AccountManagerService: insertAccountIntoDatabase: Account {name=default_account, type=com.amazon.firelauncher.account}, skipping since the account already exists
04-11 02:51:05.331   958  1585 D WifiService: releaseWifiLockLocked: WifiLock{com.amazon.dcp.framework.iuc.ConnectionEstablisherWithConnectivityEnforcement type=1 binder=android.os.BinderProxy@722c52b}
04-11 02:51:05.332   958  2823 W AccountManagerService: insertAccountIntoDatabase: Account {name=default_account, type=com.amazon.firelauncher.account}, skipping since the account already exists
04-11 02:51:05.386   958   972 I art     : Background sticky concurrent mark sweep GC freed 59114(2MB) AllocSpace objects, 15(240KB) LOS objects, 6% free, 27MB/29MB, paused 4.657ms total 123.021ms
04-11 02:51:05.397   958  2823 W AccountManagerService: insertAccountIntoDatabase: Account {name=default_account, type=com.amazon.firelauncher.account}, skipping since the account already exists
04-11 02:51:05.429   958  3891 W AccountManagerService: insertAccountIntoDatabase: Account {name=default_account, type=com.amazon.firelauncher.account}, skipping since the account already exists
04-11 02:51:05.463   958  1713 W AccountManagerService: insertAccountIntoDatabase: Account {name=default_account, type=com.amazon.firelauncher.account}, skipping since the account already exists
04-11 02:51:05.541   958  1032 W AccountManagerService: insertAccountIntoDatabase: Account {name=default_account, type=com.amazon.firelauncher.account}, skipping since the account already exists
04-11 02:51:05.576   958  1662 W AccountManagerService: insertAccountIntoDatabase: Account {name=default_account, type=com.amazon.firelauncher.account}, skipping since the account already exists
04-11 02:51:05.580   958   973 W AccountManagerService: insertAccountIntoDatabase: Account {name=default_account, type=com.amazon.firelauncher.account}, skipping since the account already exists
04-11 02:51:05.584   958  1660 W AccountManagerService: insertAccountIntoDatabase: Account {name=default_account, type=com.amazon.firelauncher.account}, skipping since the account already exists
04-11 02:51:05.632   958  3891 W AccountManagerService: insertAccountIntoDatabase: Account {name=default_account, type=com.amazon.firelauncher.account}, skipping since the account already exists
04-11 02:51:05.655   958   974 W AccountManagerService: insertAccountIntoDatabase: Account {name=default_account, type=com.amazon.firelauncher.account}, skipping since the account already exists
04-11 02:51:05.670   958  1032 W AccountManagerService: insertAccountIntoDatabase: Account {name=default_account, type=com.amazon.firelauncher.account}, skipping since the account already exists
04-11 02:51:05.677   958  1235 W AccountManagerService: insertAccountIntoDatabase: Account {name=default_account, type=com.amazon.firelauncher.account}, skipping since the account already exists
04-11 02:51:05.680   958  1694 W AccountManagerService: insertAccountIntoDatabase: Account {name=default_account, type=com.amazon.firelauncher.account}, skipping since the account already exists
04-11 02:51:05.705   958 13639 D WifiService: acquireWifiLockLocked: WifiLock{com.amazon.dcp.framework.iuc.ConnectionEstablisherWithConnectivityEnforcement type=1 binder=android.os.BinderProxy@2b1fb6c9}
04-11 02:51:05.696    93    93 I Kernel  : [310305.309259] (2)[93:irq/258-inv_irq]inv_mpu_iio: inv_read_fifo: Received Sensor Interrupt to read FIFO and Fifo_count is 6
04-11 02:51:05.717 24502 24520 I native-activity: Frame 241 GL error is 0x501
04-11 02:51:05.717 24502 24520 I native-activity: Frame 241 time is 499.026ms
04-11 02:51:05.717 24502 24520 I native-activity: Doing egl_swapbuffers_sync 1
04-11 02:51:05.717 24502 24520 D native-activity: Reading pixels format 0x1908 type 0x1401 bpp 4
04-11 02:51:05.721   958  1695 W AccountManagerService: insertAccountIntoDatabase: Account {name=default_account, type=com.amazon.firelauncher.account}, skipping since the account already exists
04-11 02:51:05.727 24502 24520 I native-activity: Read pixels, GL error is 0x0
04-11 02:51:05.727 24502 24520 I native-activity: Swap 241 time is 508.707ms
04-11 02:51:05.727 24502 24520 I native-activity: Animating
04-11 02:51:05.737   958   973 D ActivityManager: single user service: com.amazon.imp
04-11 02:51:05.739   958   973 D ActivityManager: app = com.amazon.imp, has single user service, setting process record.
04-11 02:51:05.742   958  1713 W AccountManagerService: insertAccountIntoDatabase: Account {name=default_account, type=com.amazon.firelauncher.account}, skipping since the account already exists
04-11 02:51:05.744 24502 24520 I native-activity: Frame 242 GL error is 0x0
04-11 02:51:05.744 24502 24520 I native-activity: Frame 242 time is 16.761ms
04-11 02:51:05.744 24502 24520 I native-activity: Doing egl_swapbuffers_sync 1
04-11 02:51:05.744 24502 24520 D native-activity: Reading pixels format 0x1908 type 0x1401 bpp 4
04-11 02:51:05.753 24502 24520 I native-activity: Read pixels, GL error is 0x0
04-11 02:51:05.753 24502 24520 I native-activity: Swap 242 time is 26.016ms
04-11 02:51:05.753   958  1660 W AccountManagerService: insertAccountIntoDatabase: Account {name=default_account, type=com.amazon.firelauncher.account}, skipping since the account already exists
04-11 02:51:05.753 24502 24520 I native-activity: Animating
04-11 02:51:05.763 24502 24520 I native-activity: Frame 243 GL error is 0x0
04-11 02:51:05.763 24502 24520 I native-activity: Frame 243 time is 9.886ms
04-11 02:51:05.763 24502 24520 I native-activity: Doing egl_swapbuffers_sync 1
04-11 02:51:05.763 24502 24520 D native-activity: Reading pixels format 0x1908 type 0x1401 bpp 4
04-11 02:51:05.772 24502 24520 I native-activity: Read pixels, GL error is 0x0
04-11 02:51:05.772 24502 24520 I native-activity: Swap 243 time is 18.473ms
04-11 02:51:05.772 24502 24520 I native-activity: Animating
04-11 02:51:05.777 24502 24520 I native-activity: Frame 244 GL error is 0x0
04-11 02:51:05.777 24502 24520 I native-activity: Frame 244 time is 5.123ms
04-11 02:51:05.777 24502 24520 I native-activity: Doing egl_swapbuffers_sync 1
04-11 02:51:05.777 24502 24520 D native-activity: Reading pixels format 0x1908 type 0x1401 bpp 4
04-11 02:51:05.785 24502 24520 I native-activity: Read pixels, GL error is 0x0
04-11 02:51:05.786 24502 24520 I native-activity: Swap 244 time is 13.590ms
04-11 02:51:05.786 24502 24520 I native-activity: Animating
04-11 02:51:05.868 24502 24520 I native-activity: Frame 245 GL error is 0x0
04-11 02:51:05.868 24502 24520 I native-activity: Frame 245 time is 82.153ms
04-11 02:51:05.868 24502 24520 I native-activity: Doing egl_swapbuffers_sync 1
04-11 02:51:05.868 24502 24520 D native-activity: Reading pixels format 0x1908 type 0x1401 bpp 4
04-11 02:51:05.879 24502 24520 I native-activity: Read pixels, GL error is 0x0
04-11 02:51:05.879 24502 24520 I native-activity: Swap 245 time is 93.483ms
04-11 02:51:05.879 24502 24520 I native-activity: Animating
04-11 02:51:05.924   958  1662 W AccountManagerService: insertAccountIntoDatabase: Account {name=default_account, type=com.amazon.firelauncher.account}, skipping since the account already exists
04-11 02:51:05.939 24502 24520 I native-activity: Frame 246 GL error is 0x501
04-11 02:51:05.939 24502 24520 I native-activity: Frame 246 time is 60.289ms
04-11 02:51:05.939 24502 24520 I native-activity: Doing egl_swapbuffers_sync 1
04-11 02:51:05.939 24502 24520 D native-activity: Reading pixels format 0x1908 type 0x1401 bpp 4
04-11 02:51:05.940   958  3891 W AccountManagerService: insertAccountIntoDatabase: Account {name=default_account, type=com.amazon.firelauncher.account}, skipping since the account already exists
04-11 02:51:05.951 24502 24520 I native-activity: Read pixels, GL error is 0x0
04-11 02:51:05.951 24502 24520 I native-activity: Swap 246 time is 72.004ms
04-11 02:51:05.951 24502 24520 I native-activity: Animating
04-11 02:51:05.969   958  2815 W AccountManagerService: insertAccountIntoDatabase: Account {name=default_account, type=com.amazon.firelauncher.account}, skipping since the account already exists
04-11 02:51:05.994 24502 24520 I native-activity: Frame 247 GL error is 0x501
04-11 02:51:05.994 24502 24520 I native-activity: Frame 247 time is 42.831ms
04-11 02:51:05.994 24502 24520 I native-activity: Doing egl_swapbuffers_sync 1
04-11 02:51:05.994 24502 24520 D native-activity: Reading pixels format 0x1908 type 0x1401 bpp 4
04-11 02:51:06.007 24502 24520 I native-activity: Read pixels, GL error is 0x0
04-11 02:51:06.007 24502 24520 I native-activity: Swap 247 time is 56.131ms
04-11 02:51:06.007 24502 24520 I native-activity: Animating
04-11 02:51:06.013 24502 24520 I native-activity: Frame 248 GL error is 0x0
04-11 02:51:06.013 24502 24520 I native-activity: Frame 248 time is 5.592ms
04-11 02:51:06.013 24502 24520 I native-activity: Doing egl_swapbuffers_sync 1
04-11 02:51:06.013 24502 24520 D native-activity: Reading pixels format 0x1908 type 0x1401 bpp 4
04-11 02:51:06.029 24502 24520 I native-activity: Read pixels, GL error is 0x0
04-11 02:51:06.029 24502 24520 I native-activity: Swap 248 time is 21.839ms
04-11 02:51:06.029 24502 24520 I native-activity: Animating
04-11 02:51:06.042   958  2823 D WifiService: releaseWifiLockLocked: WifiLock{com.amazon.dcp.framework.iuc.ConnectionEstablisherWithConnectivityEnforcement type=1 binder=android.os.BinderProxy@2b1fb6c9}
04-11 02:51:06.051 24502 24520 I native-activity: Frame 249 GL error is 0x501
04-11 02:51:06.051 24502 24520 I native-activity: Frame 249 time is 21.874ms
04-11 02:51:06.051 24502 24520 I native-activity: Doing egl_swapbuffers_sync 1
04-11 02:51:06.051 24502 24520 D native-activity: Reading pixels format 0x1908 type 0x1401 bpp 4
04-11 02:51:06.068 24502 24520 I native-activity: Read pixels, GL error is 0x0
04-11 02:51:06.068 24502 24520 I native-activity: Swap 249 time is 38.199ms
04-11 02:51:06.068 24502 24520 I native-activity: Animating
04-11 02:51:06.079 24502 24520 I native-activity: Frame 250 GL error is 0x0
04-11 02:51:06.079 24502 24520 I native-activity: Frame 250 time is 11.228ms
04-11 02:51:06.079 24502 24520 I native-activity: Doing egl_swapbuffers_sync 1
04-11 02:51:06.079 24502 24520 D native-activity: Reading pixels format 0x1908 type 0x1401 bpp 4
04-11 02:51:06.095 24502 24520 I native-activity: Read pixels, GL error is 0x0
04-11 02:51:06.095 24502 24520 I native-activity: Swap 250 time is 27.094ms
04-11 02:51:06.095 24502 24520 I native-activity: Animating
04-11 02:51:06.102 24502 24520 I native-activity: Frame 251 GL error is 0x0
04-11 02:51:06.102 24502 24520 I native-activity: Frame 251 time is 7.119ms
04-11 02:51:06.102 24502 24520 I native-activity: Doing egl_swapbuffers_sync 1
04-11 02:51:06.102 24502 24520 D native-activity: Reading pixels format 0x1908 type 0x1401 bpp 4
04-11 02:51:06.118 24502 24520 I native-activity: Read pixels, GL error is 0x0
04-11 02:51:06.118 24502 24520 I native-activity: Swap 251 time is 23.527ms
04-11 02:51:06.118 24502 24520 I native-activity: Animating
04-11 02:51:06.132 24502 24520 I native-activity: Frame 252 GL error is 0x501
04-11 02:51:06.132 24502 24520 I native-activity: Frame 252 time is 13.944ms
04-11 02:51:06.132 24502 24520 I native-activity: Doing egl_swapbuffers_sync 1
04-11 02:51:06.132 24502 24520 D native-activity: Reading pixels format 0x1908 type 0x1401 bpp 4
04-11 02:51:06.149 24502 24520 I native-activity: Read pixels, GL error is 0x0
04-11 02:51:06.149 24502 24520 I native-activity: Swap 252 time is 30.164ms
04-11 02:51:06.149 24502 24520 I native-activity: Animating
04-11 02:51:06.153 24502 24520 I native-activity: Frame 253 GL error is 0x0
04-11 02:51:06.153 24502 24520 I native-activity: Frame 253 time is 4.638ms
04-11 02:51:06.153 24502 24520 I native-activity: Doing egl_swapbuffers_sync 1
04-11 02:51:06.153 24502 24520 D native-activity: Reading pixels format 0x1908 type 0x1401 bpp 4
04-11 02:51:06.169 24502 24520 I native-activity: Read pixels, GL error is 0x0
04-11 02:51:06.169 24502 24520 I native-activity: Swap 253 time is 20.661ms
04-11 02:51:06.169 24502 24520 I native-activity: Animating
04-11 02:51:06.175 24502 24520 I native-activity: Frame 254 GL error is 0x0
04-11 02:51:06.175 24502 24520 I native-activity: Frame 254 time is 5.447ms
04-11 02:51:06.175 24502 24520 I native-activity: Doing egl_swapbuffers_sync 1
04-11 02:51:06.175 24502 24520 D native-activity: Reading pixels format 0x1908 type 0x1401 bpp 4
04-11 02:51:06.190 24502 24520 I native-activity: Read pixels, GL error is 0x0
04-11 02:51:06.190 24502 24520 I native-activity: Swap 254 time is 20.447ms
04-11 02:51:06.190 24502 24520 I native-activity: Animating
04-11 02:51:06.196 24502 24520 I native-activity: Frame 255 GL error is 0x0
04-11 02:51:06.196 24502 24520 I native-activity: Frame 255 time is 5.868ms
04-11 02:51:06.196 24502 24520 I native-activity: Doing egl_swapbuffers_sync 1
04-11 02:51:06.196 24502 24520 D native-activity: Reading pixels format 0x1908 type 0x1401 bpp 4
04-11 02:51:06.208 24502 24520 I native-activity: Read pixels, GL error is 0x0
04-11 02:51:06.208 24502 24520 I native-activity: Swap 255 time is 18.361ms
04-11 02:51:06.208 24502 24520 I native-activity: Animating
04-11 02:51:06.216 24502 24520 I native-activity: Frame 256 GL error is 0x0
04-11 02:51:06.216 24502 24520 I native-activity: Frame 256 time is 7.530ms
04-11 02:51:06.216 24502 24520 I native-activity: Doing egl_swapbuffers_sync 1
04-11 02:51:06.216 24502 24520 D native-activity: Reading pixels format 0x1908 type 0x1401 bpp 4
04-11 02:51:06.228 24502 24520 I native-activity: Read pixels, GL error is 0x0
04-11 02:51:06.229 24502 24520 I native-activity: Swap 256 time is 20.094ms
04-11 02:51:06.229 24502 24520 I native-activity: Animating
04-11 02:51:06.234 24502 24520 I native-activity: Frame 257 GL error is 0x0
04-11 02:51:06.234 24502 24520 I native-activity: Frame 257 time is 5.638ms
04-11 02:51:06.234 24502 24520 I native-activity: Doing egl_swapbuffers_sync 1
04-11 02:51:06.234 24502 24520 D native-activity: Reading pixels format 0x1908 type 0x1401 bpp 4
04-11 02:51:06.247 24502 24520 I native-activity: Read pixels, GL error is 0x0
04-11 02:51:06.247 24502 24520 I native-activity: Swap 257 time is 18.363ms
04-11 02:51:06.247 24502 24520 I native-activity: Animating
04-11 02:51:06.254 24502 24520 I native-activity: Frame 258 GL error is 0x0
04-11 02:51:06.254 24502 24520 I native-activity: Frame 258 time is 6.656ms
04-11 02:51:06.254 24502 24520 I native-activity: Doing egl_swapbuffers_sync 1
04-11 02:51:06.254 24502 24520 D native-activity: Reading pixels format 0x1908 type 0x1401 bpp 4
04-11 02:51:06.266 24502 24520 I native-activity: Read pixels, GL error is 0x0
04-11 02:51:06.266 24502 24520 I native-activity: Swap 258 time is 19.239ms
04-11 02:51:06.266 24502 24520 I native-activity: Animating
04-11 02:51:06.273 24502 24520 I native-activity: Context 0x546f79f0 made current on surface 0x5446be30, error 0x3000
04-11 02:51:06.273 24502 24520 I native-activity: GL information
04-11 02:51:06.273 24502 24520 I native-activity: 	Renderer: PowerVR Rogue G6200
04-11 02:51:06.273 24502 24520 I native-activity: 	Vendor: Imagination Technologies
04-11 02:51:06.273 24502 24520 I native-activity: 	Version: OpenGL ES 3.1 build 1.4@3573678
04-11 02:51:06.273 24502 24520 I native-activity: 	Shading Language: OpenGL ES GLSL ES 3.10 build 1.4@3573678
04-11 02:51:06.273 24502 24520 I native-activity: 	Extensions: GL_EXT_debug_marker GL_EXT_blend_minmax GL_EXT_color_buffer_float GL_EXT_discard_framebuffer GL_EXT_draw_buffers GL_EXT_multi_draw_arrays GL_EXT_multisampled_render_to_texture GL_EXT_occlusion_query_boolean GL_EXT_read_format_bgra GL_EXT_robustness GL_EXT_separate_shader_objects GL_EXT_shader_framebuffer_fetch GL_EXT_shader_texture_lod GL_EXT_texture_filter_anisotropic GL_EXT_texture_format_BGRA8888 GL_EXT_texture_rg GL_EXT_texture_sRGB_decode GL_IMG_multisampled_render_to_texture GL_IMG_program_binary GL_IMG_read_format GL_IMG_shader_binary GL_IMG_texture_compression_pvrtc GL_IMG_texture_compression_pvrtc2 GL_IMG_texture_format_BGRA8888 GL_IMG_texture_npot GL_KHR_blend_equation_advanced GL_KHR_blend_equation_advanced_coherent GL_KHR_debug GL_OES_compressed_ETC1_RGB8_texture GL_OES_depth24 GL_OES_depth_texture GL_OES_EGL_image GL_OES_EGL_image_external GL_OES_EGL_sync GL_OES_element_index_uint GL_OES_fragment_precision_high GL_OES_get_program_binary GL_OES_mapbuffer GL_OES_packed_depth_stencil G
04-11 02:51:06.273 24502 24520 I native-activity: Context 0x546f79f0 made current on surface 0x5446be30, error 0x3000
04-11 02:51:06.273 24502 24520 I native-activity: GL information
04-11 02:51:06.273 24502 24520 I native-activity: 	Renderer: PowerVR Rogue G6200
04-11 02:51:06.273 24502 24520 I native-activity: 	Vendor: Imagination Technologies
