04-11 02:54:19.797   958  2815 D ActivityManager: single user service: com.amazon.kindle.cms
04-11 02:54:19.799   958  2815 D ActivityManager: app = com.amazon.kindle.cms, has single user service, setting process record.
04-11 02:54:19.844 25925 25949 I native-activity: Read pixels, GL error is 0x0
04-11 02:54:19.845 25925 25949 I native-activity: Swap 160 time is 50.693ms
04-11 02:54:19.846 25925 25949 I native-activity: Animating
04-11 02:54:19.847 25925 25949 I native-activity: Frame 161 GL error is 0x0
04-11 02:54:19.848 25925 25949 I native-activity: Frame 161 time is 1.211ms
04-11 02:54:19.848 25925 25949 I native-activity: Doing egl_swapbuffers_sync 1
04-11 02:54:19.848 25925 25949 D native-activity: Reading pixels format 0x1908 type 0x1401 bpp 4
04-11 02:54:19.898 25925 25949 I native-activity: Read pixels, GL error is 0x0
04-11 02:54:19.899 25925 25949 I native-activity: Swap 161 time is 52.121ms
04-11 02:54:19.899 25925 25949 I native-activity: Animating
04-11 02:54:19.899 25925 25949 I native-activity: Frame 162 GL error is 0x0
04-11 02:54:19.900 25925 25949 I native-activity: Frame 162 time is 0.960ms
04-11 02:54:19.900 25925 25949 I native-activity: Doing egl_swapbuffers_sync 1
04-11 02:54:19.900 25925 25949 D native-activity: Reading pixels format 0x1908 type 0x1401 bpp 4
04-11 02:54:19.950 25925 25949 I native-activity: Read pixels, GL error is 0x0
04-11 02:54:19.950 25925 25949 I native-activity: Swap 162 time is 51.628ms
04-11 02:54:19.951 25925 25949 I native-activity: Animating
04-11 02:54:19.952 25925 25949 I native-activity: Frame 163 GL error is 0x0
04-11 02:54:19.952 25925 25949 I native-activity: Frame 163 time is 1.315ms
04-11 02:54:19.952 25925 25949 I native-activity: Doing egl_swapbuffers_sync 1
04-11 02:54:19.952 25925 25949 D native-activity: Reading pixels format 0x1908 type 0x1401 bpp 4
04-11 02:54:20.000 25925 25949 I native-activity: Read pixels, GL error is 0x0
04-11 02:54:20.001 25925 25949 I native-activity: Swap 163 time is 49.618ms
04-11 02:54:20.001 25925 25949 I native-activity: Animating
04-11 02:54:20.001 25925 25949 I native-activity: Frame 164 GL error is 0x0
04-11 02:54:20.001 25925 25949 I native-activity: Frame 164 time is 0.408ms
04-11 02:54:20.001 25925 25949 I native-activity: Doing egl_swapbuffers_sync 1
04-11 02:54:20.001 25925 25949 D native-activity: Reading pixels format 0x1908 type 0x1401 bpp 4
04-11 02:54:20.050 25925 25949 I native-activity: Read pixels, GL error is 0x0
04-11 02:54:20.050 25925 25949 I native-activity: Swap 164 time is 49.009ms
04-11 02:54:20.050 25925 25949 I native-activity: Animating
04-11 02:54:20.050 25925 25949 I native-activity: Frame 165 GL error is 0x0
04-11 02:54:20.050 25925 25949 I native-activity: Frame 165 time is 0.506ms
04-11 02:54:20.050 25925 25949 I native-activity: Doing egl_swapbuffers_sync 1
04-11 02:54:20.050 25925 25949 D native-activity: Reading pixels format 0x1908 type 0x1401 bpp 4
04-11 02:54:20.069   958  1662 D WifiService: acquireWifiLockLocked: WifiLock{com.amazon.dcp.framework.iuc.ConnectionEstablisherWithConnectivityEnforcement type=1 binder=android.os.BinderProxy@33748104}
04-11 02:54:20.086   958  3891 D ActivityManager: single user service: com.amazon.imp
04-11 02:54:20.088   958  3891 D ActivityManager: app = com.amazon.imp, has single user service, setting process record.
04-11 02:54:20.101 25925 25949 I native-activity: Read pixels, GL error is 0x0
04-11 02:54:20.101 25925 25949 I native-activity: Swap 165 time is 51.347ms
04-11 02:54:20.101 25925 25949 I native-activity: Animating
04-11 02:54:20.102 25925 25949 I native-activity: Frame 166 GL error is 0x0
04-11 02:54:20.102 25925 25949 I native-activity: Frame 166 time is 0.384ms
04-11 02:54:20.102 25925 25949 I native-activity: Doing egl_swapbuffers_sync 1
04-11 02:54:20.102 25925 25949 D native-activity: Reading pixels format 0x1908 type 0x1401 bpp 4
04-11 02:54:20.106    93    93 I Kernel  : [310499.724172] (2)[93:irq/258-inv_irq]inv_mpu_iio: inv_read_fifo: Received Sensor Interrupt to read FIFO and Fifo_count is 6
04-11 02:54:20.149 25925 25949 I native-activity: Read pixels, GL error is 0x0
04-11 02:54:20.150 25925 25949 I native-activity: Swap 166 time is 48.146ms
04-11 02:54:20.150 25925 25949 I native-activity: Animating
04-11 02:54:20.150 25925 25949 I native-activity: Frame 167 GL error is 0x0
04-11 02:54:20.150 25925 25949 I native-activity: Frame 167 time is 0.381ms
04-11 02:54:20.150 25925 25949 I native-activity: Doing egl_swapbuffers_sync 1
04-11 02:54:20.150 25925 25949 D native-activity: Reading pixels format 0x1908 type 0x1401 bpp 4
04-11 02:54:20.206 25925 25949 I native-activity: Read pixels, GL error is 0x0
04-11 02:54:20.207   958  1234 D ActivityManager: single user service: com.amazon.kindle.cms
04-11 02:54:20.206 25925 25949 I native-activity: Swap 167 time is 56.516ms
04-11 02:54:20.209   958  1234 D ActivityManager: app = com.amazon.kindle.cms, has single user service, setting process record.
04-11 02:54:20.206 25925 25949 I native-activity: Animating
04-11 02:54:20.206 25925 25949 I native-activity: Frame 168 GL error is 0x0
04-11 02:54:20.206 25925 25949 I native-activity: Frame 168 time is 0.171ms
04-11 02:54:20.206 25925 25949 I native-activity: Doing egl_swapbuffers_sync 1
04-11 02:54:20.206 25925 25949 D native-activity: Reading pixels format 0x1908 type 0x1401 bpp 4
04-11 02:54:20.258 25925 25949 I native-activity: Read pixels, GL error is 0x0
04-11 02:54:20.258 25925 25949 I native-activity: Swap 168 time is 52.037ms
04-11 02:54:20.258 25925 25949 I native-activity: Animating
04-11 02:54:20.259 25925 25949 I native-activity: Frame 169 GL error is 0x0
04-11 02:54:20.259 25925 25949 I native-activity: Frame 169 time is 0.170ms
04-11 02:54:20.259 25925 25949 I native-activity: Doing egl_swapbuffers_sync 1
04-11 02:54:20.259 25925 25949 D native-activity: Reading pixels format 0x1908 type 0x1401 bpp 4
04-11 02:54:20.309 25925 25949 I native-activity: Read pixels, GL error is 0x0
04-11 02:54:20.309 25925 25949 I native-activity: Swap 169 time is 50.651ms
04-11 02:54:20.309 25925 25949 I native-activity: Animating
04-11 02:54:20.309 25925 25949 I native-activity: Frame 170 GL error is 0x0
04-11 02:54:20.309 25925 25949 I native-activity: Frame 170 time is 0.179ms
04-11 02:54:20.309 25925 25949 I native-activity: Doing egl_swapbuffers_sync 1
04-11 02:54:20.309 25925 25949 D native-activity: Reading pixels format 0x1908 type 0x1401 bpp 4
04-11 02:54:20.348   958   974 D ActivityManager: single user service: com.amazon.kindle.cms
04-11 02:54:20.349   958   974 D ActivityManager: app = com.amazon.kindle.cms, has single user service, setting process record.
04-11 02:54:20.363 25925 25949 I native-activity: Read pixels, GL error is 0x0
04-11 02:54:20.363 25925 25949 I native-activity: Swap 170 time is 54.143ms
04-11 02:54:20.363 25925 25949 I native-activity: Animating
04-11 02:54:20.364 25925 25949 I native-activity: Frame 171 GL error is 0x0
04-11 02:54:20.364 25925 25949 I native-activity: Frame 171 time is 0.310ms
04-11 02:54:20.364 25925 25949 I native-activity: Doing egl_swapbuffers_sync 1
04-11 02:54:20.364 25925 25949 D native-activity: Reading pixels format 0x1908 type 0x1401 bpp 4
04-11 02:54:20.415 25925 25949 I native-activity: Read pixels, GL error is 0x0
04-11 02:54:20.415 25925 25949 I native-activity: Swap 171 time is 51.467ms
04-11 02:54:20.415 25925 25949 I native-activity: Animating
04-11 02:54:20.415 25925 25949 I native-activity: Frame 172 GL error is 0x0
04-11 02:54:20.415 25925 25949 I native-activity: Frame 172 time is 0.193ms
04-11 02:54:20.415 25925 25949 I native-activity: Doing egl_swapbuffers_sync 1
04-11 02:54:20.415 25925 25949 D native-activity: Reading pixels format 0x1908 type 0x1401 bpp 4
04-11 02:54:20.448   958  1695 W AccountManagerService: insertAccountIntoDatabase: Account {name=default_account, type=com.amazon.firelauncher.account}, skipping since the account already exists
04-11 02:54:20.455   958  1235 D ActivityManager: single user service: com.amazon.kindle.cms
04-11 02:54:20.457   958  1235 D ActivityManager: app = com.amazon.kindle.cms, has single user service, setting process record.
04-11 02:54:20.459   958  2823 W AccountManagerService: insertAccountIntoDatabase: Account {name=default_account, type=com.amazon.firelauncher.account}, skipping since the account already exists
04-11 02:54:20.467 25925 25949 I native-activity: Read pixels, GL error is 0x0
04-11 02:54:20.467 25925 25949 I native-activity: Swap 172 time is 52.460ms
04-11 02:54:20.468 25925 25949 I native-activity: Animating
04-11 02:54:20.468 25925 25949 I native-activity: Frame 173 GL error is 0x0
04-11 02:54:20.468 25925 25949 I native-activity: Frame 173 time is 0.217ms
04-11 02:54:20.468 25925 25949 I native-activity: Doing egl_swapbuffers_sync 1
04-11 02:54:20.468 25925 25949 D native-activity: Reading pixels format 0x1908 type 0x1401 bpp 4
04-11 02:54:20.490   958  2830 W AccountManagerService: insertAccountIntoDatabase: Account {name=default_account, type=com.amazon.firelauncher.account}, skipping since the account already exists
04-11 02:54:20.519 25925 25949 I native-activity: Read pixels, GL error is 0x0
04-11 02:54:20.519 25925 25949 I native-activity: Swap 173 time is 51.597ms
04-11 02:54:20.519 25925 25949 I native-activity: Animating
04-11 02:54:20.519 25925 25949 I native-activity: Frame 174 GL error is 0x0
04-11 02:54:20.519 25925 25949 I native-activity: Frame 174 time is 0.174ms
04-11 02:54:20.519 25925 25949 I native-activity: Doing egl_swapbuffers_sync 1
04-11 02:54:20.519 25925 25949 D native-activity: Reading pixels format 0x1908 type 0x1401 bpp 4
04-11 02:54:20.527   958  1695 W AccountManagerService: insertAccountIntoDatabase: Account {name=default_account, type=com.amazon.firelauncher.account}, skipping since the account already exists
04-11 02:54:20.569   958  1718 W AccountManagerService: insertAccountIntoDatabase: Account {name=default_account, type=com.amazon.firelauncher.account}, skipping since the account already exists
04-11 02:54:20.577   958  2822 W AccountManagerService: insertAccountIntoDatabase: Account {name=default_account, type=com.amazon.firelauncher.account}, skipping since the account already exists
04-11 02:54:20.580   958  1662 W AccountManagerService: insertAccountIntoDatabase: Account {name=default_account, type=com.amazon.firelauncher.account}, skipping since the account already exists
04-11 02:54:20.585 25925 25949 I native-activity: Read pixels, GL error is 0x0
04-11 02:54:20.585 25925 25949 I native-activity: Swap 174 time is 65.569ms
04-11 02:54:20.585 25925 25949 I native-activity: Animating
04-11 02:54:20.586 25925 25949 I native-activity: Frame 175 GL error is 0x0
04-11 02:54:20.586 25925 25949 I native-activity: Frame 175 time is 1.097ms
04-11 02:54:20.586 25925 25949 I native-activity: Doing egl_swapbuffers_sync 1
04-11 02:54:20.587 25925 25949 D native-activity: Reading pixels format 0x1908 type 0x1401 bpp 4
04-11 02:54:20.600   958  2829 D WifiService: releaseWifiLockLocked: WifiLock{com.amazon.dcp.framework.iuc.ConnectionEstablisherWithConnectivityEnforcement type=1 binder=android.os.BinderProxy@33748104}
04-11 02:54:20.607   958  1694 W AccountManagerService: insertAccountIntoDatabase: Account {name=default_account, type=com.amazon.firelauncher.account}, skipping since the account already exists
04-11 02:54:20.619   958   974 W AccountManagerService: insertAccountIntoDatabase: Account {name=default_account, type=com.amazon.firelauncher.account}, skipping since the account already exists
04-11 02:54:20.639 25925 25949 I native-activity: Read pixels, GL error is 0x0
04-11 02:54:20.639 25925 25949 I native-activity: Swap 175 time is 54.446ms
04-11 02:54:20.640 25925 25949 I native-activity: Animating
04-11 02:54:20.640 25925 25949 I native-activity: Frame 176 GL error is 0x0
04-11 02:54:20.640 25925 25949 I native-activity: Frame 176 time is 0.190ms
04-11 02:54:20.640 25925 25949 I native-activity: Doing egl_swapbuffers_sync 1
04-11 02:54:20.640 25925 25949 D native-activity: Reading pixels format 0x1908 type 0x1401 bpp 4
04-11 02:54:20.647   958  1720 W AccountManagerService: insertAccountIntoDatabase: Account {name=default_account, type=com.amazon.firelauncher.account}, skipping since the account already exists
04-11 02:54:20.650   958  1662 W AccountManagerService: insertAccountIntoDatabase: Account {name=default_account, type=com.amazon.firelauncher.account}, skipping since the account already exists
04-11 02:54:20.653   958  1694 W AccountManagerService: insertAccountIntoDatabase: Account {name=default_account, type=com.amazon.firelauncher.account}, skipping since the account already exists
04-11 02:54:20.659   958  1234 W AccountManagerService: insertAccountIntoDatabase: Account {name=default_account, type=com.amazon.firelauncher.account}, skipping since the account already exists
04-11 02:54:20.708 25925 25949 I native-activity: Read pixels, GL error is 0x0
04-11 02:54:20.708 25925 25949 I native-activity: Swap 176 time is 68.452ms
04-11 02:54:20.708 25925 25949 I native-activity: Animating
04-11 02:54:20.709 25925 25949 I native-activity: Frame 177 GL error is 0x0
04-11 02:54:20.709 25925 25949 I native-activity: Frame 177 time is 0.515ms
04-11 02:54:20.709 25925 25949 I native-activity: Doing egl_swapbuffers_sync 1
04-11 02:54:20.709 25925 25949 D native-activity: Reading pixels format 0x1908 type 0x1401 bpp 4
04-11 02:54:20.747   958  3891 W AccountManagerService: insertAccountIntoDatabase: Account {name=default_account, type=com.amazon.firelauncher.account}, skipping since the account already exists
04-11 02:54:20.750   958  1695 W AccountManagerService: insertAccountIntoDatabase: Account {name=default_account, type=com.amazon.firelauncher.account}, skipping since the account already exists
04-11 02:54:20.753   958  1234 W AccountManagerService: insertAccountIntoDatabase: Account {name=default_account, type=com.amazon.firelauncher.account}, skipping since the account already exists
04-11 02:54:20.757   958  1660 W AccountManagerService: insertAccountIntoDatabase: Account {name=default_account, type=com.amazon.firelauncher.account}, skipping since the account already exists
04-11 02:54:20.763 25925 25949 I native-activity: Read pixels, GL error is 0x0
04-11 02:54:20.763 25925 25949 I native-activity: Swap 177 time is 54.758ms
04-11 02:54:20.763 25925 25949 I native-activity: Animating
04-11 02:54:20.763 25925 25949 I native-activity: Frame 178 GL error is 0x0
04-11 02:54:20.763 25925 25949 I native-activity: Frame 178 time is 0.202ms
04-11 02:54:20.763 25925 25949 I native-activity: Doing egl_swapbuffers_sync 1
04-11 02:54:20.763 25925 25949 D native-activity: Reading pixels format 0x1908 type 0x1401 bpp 4
04-11 02:54:20.769   958  1662 W AccountManagerService: insertAccountIntoDatabase: Account {name=default_account, type=com.amazon.firelauncher.account}, skipping since the account already exists
04-11 02:54:20.793   958  2825 W AccountManagerService: insertAccountIntoDatabase: Account {name=default_account, type=com.amazon.firelauncher.account}, skipping since the account already exists
04-11 02:54:20.808   958  1234 W AccountManagerService: insertAccountIntoDatabase: Account {name=default_account, type=com.amazon.firelauncher.account}, skipping since the account already exists
04-11 02:54:20.815 25925 25949 I native-activity: Read pixels, GL error is 0x0
04-11 02:54:20.815 25925 25949 I native-activity: Swap 178 time is 52.248ms
04-11 02:54:20.816 25925 25949 I native-activity: Animating
04-11 02:54:20.816 25925 25949 I native-activity: Frame 179 GL error is 0x0
04-11 02:54:20.816 25925 25949 I native-activity: Frame 179 time is 0.176ms
04-11 02:54:20.816 25925 25949 I native-activity: Doing egl_swapbuffers_sync 1
04-11 02:54:20.816 25925 25949 D native-activity: Reading pixels format 0x1908 type 0x1401 bpp 4
04-11 02:54:20.827   958 13639 W AccountManagerService: insertAccountIntoDatabase: Account {name=default_account, type=com.amazon.firelauncher.account}, skipping since the account already exists
04-11 02:54:20.838   958  2822 W AccountManagerService: insertAccountIntoDatabase: Account {name=default_account, type=com.amazon.firelauncher.account}, skipping since the account already exists
04-11 02:54:20.855   958  3891 D WifiService: acquireWifiLockLocked: WifiLock{com.amazon.dcp.framework.iuc.ConnectionEstablisherWithConnectivityEnforcement type=1 binder=android.os.BinderProxy@171bcc1b}
04-11 02:54:20.866 25925 25949 I native-activity: Read pixels, GL error is 0x0
04-11 02:54:20.867 25925 25949 I native-activity: Swap 179 time is 51.007ms
04-11 02:54:20.867 25925 25949 I native-activity: Animating
04-11 02:54:20.867 25925 25949 I native-activity: Frame 180 GL error is 0x0
04-11 02:54:20.867 25925 25949 I native-activity: Frame 180 time is 0.227ms
04-11 02:54:20.867 25925 25949 I native-activity: Doing egl_swapbuffers_sync 1
04-11 02:54:20.867 25925 25949 D native-activity: Reading pixels format 0x1908 type 0x1401 bpp 4
04-11 02:54:20.872   958 13639 D ActivityManager: single user service: com.amazon.imp
04-11 02:54:20.873   958 13639 D ActivityManager: app = com.amazon.imp, has single user service, setting process record.
04-11 02:54:20.914 25925 25949 I native-activity: Read pixels, GL error is 0x0
04-11 02:54:20.914 25925 25949 I native-activity: Swap 180 time is 47.609ms
04-11 02:54:20.914 25925 25949 I native-activity: Animating
04-11 02:54:20.914 25925 25949 I native-activity: Frame 181 GL error is 0x0
04-11 02:54:20.914 25925 25949 I native-activity: Frame 181 time is 0.189ms
04-11 02:54:20.915 25925 25949 I native-activity: Doing egl_swapbuffers_sync 1
04-11 02:54:20.915 25925 25949 D native-activity: Reading pixels format 0x1908 type 0x1401 bpp 4
04-11 02:54:20.936    93    93 I Kernel  : [310500.555067] (3)[93:irq/258-inv_irq]inv_mpu_iio: inv_read_fifo: Received Sensor Interrupt to read FIFO and Fifo_count is 6
04-11 02:54:20.957 25925 25949 I native-activity: Read pixels, GL error is 0x0
04-11 02:54:20.958 25925 25949 I native-activity: Swap 181 time is 43.193ms
04-11 02:54:20.958 25925 25949 I native-activity: Animating
04-11 02:54:20.958 25925 25949 I native-activity: Frame 182 GL error is 0x0
04-11 02:54:20.958 25925 25949 I native-activity: Frame 182 time is 0.162ms
04-11 02:54:20.958 25925 25949 I native-activity: Doing egl_swapbuffers_sync 1
04-11 02:54:20.958 25925 25949 D native-activity: Reading pixels format 0x1908 type 0x1401 bpp 4
04-11 02:54:21.007 25925 25949 I native-activity: Read pixels, GL error is 0x0
04-11 02:54:21.007 25925 25949 I native-activity: Swap 182 time is 49.174ms
04-11 02:54:21.007 25925 25949 I native-activity: Animating
04-11 02:54:21.007 25925 25949 I native-activity: Frame 183 GL error is 0x0
04-11 02:54:21.007 25925 25949 I native-activity: Frame 183 time is 0.240ms
04-11 02:54:21.007 25925 25949 I native-activity: Doing egl_swapbuffers_sync 1
04-11 02:54:21.007 25925 25949 D native-activity: Reading pixels format 0x1908 type 0x1401 bpp 4
04-11 02:54:21.062 25925 25949 I native-activity: Read pixels, GL error is 0x0
04-11 02:54:21.062 25925 25949 I native-activity: Swap 183 time is 55.581ms
04-11 02:54:21.063 25925 25949 I native-activity: Animating
04-11 02:54:21.063 25925 25949 I native-activity: Frame 184 GL error is 0x0
04-11 02:54:21.063 25925 25949 I native-activity: Frame 184 time is 0.342ms
04-11 02:54:21.063 25925 25949 I native-activity: Doing egl_swapbuffers_sync 1
04-11 02:54:21.063 25925 25949 D native-activity: Reading pixels format 0x1908 type 0x1401 bpp 4
04-11 02:54:21.107 25925 25949 I native-activity: Read pixels, GL error is 0x0
04-11 02:54:21.107 25925 25949 I native-activity: Swap 184 time is 44.198ms
04-11 02:54:21.107 25925 25949 I native-activity: Animating
04-11 02:54:21.107 25925 25949 I native-activity: Frame 185 GL error is 0x0
04-11 02:54:21.107 25925 25949 I native-activity: Frame 185 time is 0.118ms
04-11 02:54:21.107 25925 25949 I native-activity: Doing egl_swapbuffers_sync 1
04-11 02:54:21.107 25925 25949 D native-activity: Reading pixels format 0x1908 type 0x1401 bpp 4
04-11 02:54:21.151 25925 25949 I native-activity: Read pixels, GL error is 0x0
04-11 02:54:21.151 25925 25949 I native-activity: Swap 185 time is 43.878ms
04-11 02:54:21.151 25925 25949 I native-activity: Animating
04-11 02:54:21.151 25925 25949 I native-activity: Frame 186 GL error is 0x0
04-11 02:54:21.151 25925 25949 I native-activity: Frame 186 time is 0.129ms
04-11 02:54:21.151 25925 25949 I native-activity: Doing egl_swapbuffers_sync 1
04-11 02:54:21.151 25925 25949 D native-activity: Reading pixels format 0x1908 type 0x1401 bpp 4
04-11 02:54:21.200 25925 25949 I native-activity: Read pixels, GL error is 0x0
04-11 02:54:21.200 25925 25949 I native-activity: Swap 186 time is 48.903ms
04-11 02:54:21.200 25925 25949 I native-activity: Animating
04-11 02:54:21.200 25925 25949 I native-activity: Frame 187 GL error is 0x0
04-11 02:54:21.200 25925 25949 I native-activity: Frame 187 time is 0.248ms
04-11 02:54:21.200   958  1695 D WifiService: releaseWifiLockLocked: WifiLock{com.amazon.dcp.framework.iuc.ConnectionEstablisherWithConnectivityEnforcement type=1 binder=android.os.BinderProxy@171bcc1b}
04-11 02:54:21.200 25925 25949 I native-activity: Doing egl_swapbuffers_sync 1
04-11 02:54:21.200 25925 25949 D native-activity: Reading pixels format 0x1908 type 0x1401 bpp 4
04-11 02:54:21.247 25925 25949 I native-activity: Read pixels, GL error is 0x0
04-11 02:54:21.247 25925 25949 I native-activity: Swap 187 time is 47.036ms
04-11 02:54:21.247 25925 25949 I native-activity: Animating
04-11 02:54:21.247 25925 25949 I native-activity: Frame 188 GL error is 0x0
04-11 02:54:21.247 25925 25949 I native-activity: Frame 188 time is 0.185ms
04-11 02:54:21.247 25925 25949 I native-activity: Doing egl_swapbuffers_sync 1
04-11 02:54:21.247 25925 25949 D native-activity: Reading pixels format 0x1908 type 0x1401 bpp 4
04-11 02:54:21.293 25925 25949 I native-activity: Read pixels, GL error is 0x0
04-11 02:54:21.293 25925 25949 I native-activity: Swap 188 time is 45.775ms
04-11 02:54:21.293 25925 25949 I native-activity: Animating
04-11 02:54:21.293 25925 25949 I native-activity: Frame 189 GL error is 0x0
04-11 02:54:21.293 25925 25949 I native-activity: Frame 189 time is 0.161ms
04-11 02:54:21.293 25925 25949 I native-activity: Doing egl_swapbuffers_sync 1
04-11 02:54:21.293 25925 25949 D native-activity: Reading pixels format 0x1908 type 0x1401 bpp 4
04-11 02:54:21.341 25925 25949 I native-activity: Read pixels, GL error is 0x0
04-11 02:54:21.342 25925 25949 I native-activity: Swap 189 time is 48.647ms
04-11 02:54:21.342 25925 25949 I native-activity: Animating
04-11 02:54:21.342 25925 25949 I native-activity: Frame 190 GL error is 0x0
04-11 02:54:21.342 25925 25949 I native-activity: Frame 190 time is 0.429ms
04-11 02:54:21.342 25925 25949 I native-activity: Doing egl_swapbuffers_sync 1
04-11 02:54:21.342 25925 25949 D native-activity: Reading pixels format 0x1908 type 0x1401 bpp 4
04-11 02:54:21.389 25925 25949 I native-activity: Read pixels, GL error is 0x0
04-11 02:54:21.389 25925 25949 I native-activity: Swap 190 time is 47.081ms
04-11 02:54:21.389 25925 25949 I native-activity: Animating
04-11 02:54:21.389 25925 25949 I native-activity: Frame 191 GL error is 0x0
04-11 02:54:21.389 25925 25949 I native-activity: Frame 191 time is 0.177ms
04-11 02:54:21.389 25925 25949 I native-activity: Doing egl_swapbuffers_sync 1
04-11 02:54:21.389 25925 25949 D native-activity: Reading pixels format 0x1908 type 0x1401 bpp 4
04-11 02:54:21.435 25925 25949 I native-activity: Read pixels, GL error is 0x0
04-11 02:54:21.435 25925 25949 I native-activity: Swap 191 time is 45.840ms
04-11 02:54:21.435 25925 25949 I native-activity: Animating
04-11 02:54:21.435 25925 25949 I native-activity: Frame 192 GL error is 0x0
04-11 02:54:21.435 25925 25949 I native-activity: Frame 192 time is 0.345ms
04-11 02:54:21.435 25925 25949 I native-activity: Doing egl_swapbuffers_sync 1
04-11 02:54:21.435 25925 25949 D native-activity: Reading pixels format 0x1908 type 0x1401 bpp 4
04-11 02:54:21.485 25925 25949 I native-activity: Read pixels, GL error is 0x0
04-11 02:54:21.485 25925 25949 I native-activity: Swap 192 time is 50.144ms
04-11 02:54:21.485 25925 25949 I native-activity: Animating
04-11 02:54:21.486 25925 25949 I native-activity: Frame 193 GL error is 0x0
04-11 02:54:21.486 25925 25949 I native-activity: Frame 193 time is 0.489ms
04-11 02:54:21.486 25925 25949 I native-activity: Doing egl_swapbuffers_sync 1
04-11 02:54:21.486 25925 25949 D native-activity: Reading pixels format 0x1908 type 0x1401 bpp 4
04-11 02:54:21.544 25925 25949 I native-activity: Read pixels, GL error is 0x0
04-11 02:54:21.544 25925 25949 I native-activity: Swap 193 time is 58.578ms
04-11 02:54:21.544 25925 25949 I native-activity: Animating
04-11 02:54:21.544 25925 25949 I native-activity: Frame 194 GL error is 0x0
04-11 02:54:21.544 25925 25949 I native-activity: Frame 194 time is 0.353ms
04-11 02:54:21.544 25925 25949 I native-activity: Doing egl_swapbuffers_sync 1
04-11 02:54:21.544 25925 25949 D native-activity: Reading pixels format 0x1908 type 0x1401 bpp 4
04-11 02:54:21.605 25925 25949 I native-activity: Read pixels, GL error is 0x0
04-11 02:54:21.606 25925 25949 I native-activity: Swap 194 time is 61.771ms
04-11 02:54:21.606 25925 25949 I native-activity: Animating
04-11 02:54:21.607 25925 25949 I native-activity: Frame 195 GL error is 0x0
04-11 02:54:21.607 25925 25949 I native-activity: Frame 195 time is 0.653ms
04-11 02:54:21.607 25925 25949 I native-activity: Doing egl_swapbuffers_sync 1
04-11 02:54:21.607 25925 25949 D native-activity: Reading pixels format 0x1908 type 0x1401 bpp 4
04-11 02:54:21.668 25925 25949 I native-activity: Read pixels, GL error is 0x0
04-11 02:54:21.668 25925 25949 I native-activity: Swap 195 time is 62.552ms
04-11 02:54:21.669 25925 25949 I native-activity: Animating
04-11 02:54:21.669 25925 25949 I native-activity: Frame 196 GL error is 0x0
04-11 02:54:21.669 25925 25949 I native-activity: Frame 196 time is 0.387ms
04-11 02:54:21.669 25925 25949 I native-activity: Doing egl_swapbuffers_sync 1
04-11 02:54:21.669 25925 25949 D native-activity: Reading pixels format 0x1908 type 0x1401 bpp 4
04-11 02:54:21.730 25925 25949 I native-activity: Read pixels, GL error is 0x0
04-11 02:54:21.731 25925 25949 I native-activity: Swap 196 time is 62.597ms
04-11 02:54:21.733 25925 25949 I native-activity: Animating
04-11 02:54:21.735 25925 25949 I native-activity: Frame 197 GL error is 0x0
04-11 02:54:21.736 25925 25949 I native-activity: Frame 197 time is 1.732ms
04-11 02:54:21.736 25925 25949 I native-activity: Doing egl_swapbuffers_sync 1
04-11 02:54:21.736 25925 25949 D native-activity: Reading pixels format 0x1908 type 0x1401 bpp 4
04-11 02:54:21.784 25925 25949 I native-activity: Read pixels, GL error is 0x0
04-11 02:54:21.784 25925 25949 I native-activity: Swap 197 time is 50.293ms
04-11 02:54:21.785 25925 25949 I native-activity: Animating
04-11 02:54:21.766    93    93 I Kernel  : [310501.386091] (3)[93:irq/258-inv_irq]inv_mpu_iio: inv_read_fifo: Received Sensor Interrupt to read FIFO and Fifo_count is 6
04-11 02:54:21.785 25925 25949 I native-activity: Frame 198 GL error is 0x0
04-11 02:54:21.785 25925 25949 I native-activity: Frame 198 time is 0.431ms
04-11 02:54:21.785 25925 25949 I native-activity: Doing egl_swapbuffers_sync 1
04-11 02:54:21.785 25925 25949 D native-activity: Reading pixels format 0x1908 type 0x1401 bpp 4
04-11 02:54:21.833 25925 25949 I native-activity: Read pixels, GL error is 0x0
04-11 02:54:21.834 25925 25949 I native-activity: Swap 198 time is 49.021ms
04-11 02:54:21.834 25925 25949 I native-activity: Animating
04-11 02:54:21.834 25925 25949 I native-activity: Frame 199 GL error is 0x0
04-11 02:54:21.834 25925 25949 I native-activity: Frame 199 time is 0.693ms
04-11 02:54:21.835 25925 25949 I native-activity: Doing egl_swapbuffers_sync 1
04-11 02:54:21.835 25925 25949 D native-activity: Reading pixels format 0x1908 type 0x1401 bpp 4
04-11 02:54:21.884 25925 25949 I native-activity: Read pixels, GL error is 0x0
04-11 02:54:21.885 25925 25949 I native-activity: Swap 199 time is 50.964ms
04-11 02:54:21.885 25925 25949 I native-activity: Animating
04-11 02:54:21.886 25925 25949 I native-activity: Frame 200 GL error is 0x0
04-11 02:54:21.886 25925 25949 I native-activity: Frame 200 time is 0.442ms
04-11 02:54:21.886 25925 25949 I native-activity: Doing egl_swapbuffers_sync 1
04-11 02:54:21.886 25925 25949 D native-activity: Reading pixels format 0x1908 type 0x1401 bpp 4
04-11 02:54:21.938 25925 25949 I native-activity: Read pixels, GL error is 0x0
04-11 02:54:21.939 25925 25949 I native-activity: Swap 200 time is 53.503ms
04-11 02:54:21.940 25925 25949 I native-activity: Animating
04-11 02:54:21.941 25925 25949 I native-activity: Frame 201 GL error is 0x0
04-11 02:54:21.941 25925 25949 I native-activity: Frame 201 time is 0.912ms
04-11 02:54:21.941 25925 25949 I native-activity: Doing egl_swapbuffers_sync 1
04-11 02:54:21.941 25925 25949 D native-activity: Reading pixels format 0x1908 type 0x1401 bpp 4
04-11 02:54:21.986 25925 25949 I native-activity: Read pixels, GL error is 0x0
04-11 02:54:21.987 25925 25949 I native-activity: Swap 201 time is 46.567ms
04-11 02:54:21.987 25925 25949 I native-activity: Animating
04-11 02:54:21.987 25925 25949 I native-activity: Frame 202 GL error is 0x0
04-11 02:54:21.987 25925 25949 I native-activity: Frame 202 time is 0.364ms
04-11 02:54:21.987 25925 25949 I native-activity: Doing egl_swapbuffers_sync 1
04-11 02:54:21.987 25925 25949 D native-activity: Reading pixels format 0x1908 type 0x1401 bpp 4
04-11 02:54:22.033 25925 25949 I native-activity: Read pixels, GL error is 0x0
04-11 02:54:22.033 25925 25949 I native-activity: Swap 202 time is 46.129ms
04-11 02:54:22.033 25925 25949 I native-activity: Animating
04-11 02:54:22.033 25925 25949 I native-activity: Frame 203 GL error is 0x0
04-11 02:54:22.033 25925 25949 I native-activity: Frame 203 time is 0.377ms
04-11 02:54:22.033 25925 25949 I native-activity: Doing egl_swapbuffers_sync 1
04-11 02:54:22.033 25925 25949 D native-activity: Reading pixels format 0x1908 type 0x1401 bpp 4
04-11 02:54:22.081 25925 25949 I native-activity: Read pixels, GL error is 0x0
04-11 02:54:22.082 25925 25949 I native-activity: Swap 203 time is 48.611ms
04-11 02:54:22.082 25925 25949 I native-activity: Animating
04-11 02:54:22.082 25925 25949 I native-activity: Frame 204 GL error is 0x0
04-11 02:54:22.082 25925 25949 I native-activity: Frame 204 time is 0.383ms
04-11 02:54:22.082 25925 25949 I native-activity: Doing egl_swapbuffers_sync 1
04-11 02:54:22.082 25925 25949 D native-activity: Reading pixels format 0x1908 type 0x1401 bpp 4
04-11 02:54:22.135 25925 25949 I native-activity: Read pixels, GL error is 0x0
04-11 02:54:22.136 25925 25949 I native-activity: Swap 204 time is 54.125ms
04-11 02:54:22.136 25925 25949 I native-activity: Animating
04-11 02:54:22.137 25925 25949 I native-activity: Frame 205 GL error is 0x0
04-11 02:54:22.137 25925 25949 I native-activity: Frame 205 time is 0.619ms
04-11 02:54:22.137 25925 25949 I native-activity: Doing egl_swapbuffers_sync 1
04-11 02:54:22.137 25925 25949 D native-activity: Reading pixels format 0x1908 type 0x1401 bpp 4
04-11 02:54:22.190 25925 25949 I native-activity: Read pixels, GL error is 0x0
04-11 02:54:22.191 25925 25949 I native-activity: Swap 205 time is 54.070ms
04-11 02:54:22.191 25925 25949 I native-activity: Animating
04-11 02:54:22.192 25925 25949 I native-activity: Frame 206 GL error is 0x0
04-11 02:54:22.192 25925 25949 I native-activity: Frame 206 time is 0.567ms
04-11 02:54:22.193 25925 25949 I native-activity: Doing egl_swapbuffers_sync 1
04-11 02:54:22.193 25925 25949 D native-activity: Reading pixels format 0x1908 type 0x1401 bpp 4
04-11 02:54:22.239 25925 25949 I native-activity: Read pixels, GL error is 0x0
04-11 02:54:22.239 25925 25949 I native-activity: Swap 206 time is 47.747ms
04-11 02:54:22.239 25925 25949 I native-activity: Animating
04-11 02:54:22.240 25925 25949 I native-activity: Frame 207 GL error is 0x0
04-11 02:54:22.240 25925 25949 I native-activity: Frame 207 time is 0.349ms
04-11 02:54:22.240 25925 25949 I native-activity: Doing egl_swapbuffers_sync 1
04-11 02:54:22.240 25925 25949 D native-activity: Reading pixels format 0x1908 type 0x1401 bpp 4
04-11 02:54:22.287 25925 25949 I native-activity: Read pixels, GL error is 0x0
04-11 02:54:22.287 25925 25949 I native-activity: Swap 207 time is 47.817ms
04-11 02:54:22.287 25925 25949 I native-activity: Animating
04-11 02:54:22.288 25925 25949 I native-activity: Frame 208 GL error is 0x0
04-11 02:54:22.288 25925 25949 I native-activity: Frame 208 time is 0.376ms
04-11 02:54:22.288 25925 25949 I native-activity: Doing egl_swapbuffers_sync 1
04-11 02:54:22.288 25925 25949 D native-activity: Reading pixels format 0x1908 type 0x1401 bpp 4
04-11 02:54:22.333 25925 25949 I native-activity: Read pixels, GL error is 0x0
04-11 02:54:22.333 25925 25949 I native-activity: Swap 208 time is 45.858ms
04-11 02:54:22.333 25925 25949 I native-activity: Animating
04-11 02:54:22.333 25925 25949 I native-activity: Frame 209 GL error is 0x0
04-11 02:54:22.334 25925 25949 I native-activity: Frame 209 time is 0.363ms
04-11 02:54:22.334 25925 25949 I native-activity: Doing egl_swapbuffers_sync 1
04-11 02:54:22.334 25925 25949 D native-activity: Reading pixels format 0x1908 type 0x1401 bpp 4
04-11 02:54:22.393 25925 25949 I native-activity: Read pixels, GL error is 0x0
04-11 02:54:22.393 25925 25949 I native-activity: Swap 209 time is 59.857ms
04-11 02:54:22.393 25925 25949 I native-activity: Animating
04-11 02:54:22.394 25925 25949 I native-activity: Frame 210 GL error is 0x0
04-11 02:54:22.396 25925 25949 I native-activity: Frame 210 time is 0.688ms
04-11 02:54:22.396 25925 25949 I native-activity: Doing egl_swapbuffers_sync 1
04-11 02:54:22.396 25925 25949 D native-activity: Reading pixels format 0x1908 type 0x1401 bpp 4
04-11 02:54:22.441 25925 25949 I native-activity: Read pixels, GL error is 0x0
04-11 02:54:22.441 25925 25949 I native-activity: Swap 210 time is 47.599ms
04-11 02:54:22.441 25925 25949 I native-activity: Animating
04-11 02:54:22.442 25925 25949 I native-activity: Frame 211 GL error is 0x0
04-11 02:54:22.442 25925 25949 I native-activity: Frame 211 time is 0.359ms
04-11 02:54:22.442 25925 25949 I native-activity: Doing egl_swapbuffers_sync 1
04-11 02:54:22.442 25925 25949 D native-activity: Reading pixels format 0x1908 type 0x1401 bpp 4
04-11 02:54:22.487 25925 25949 I native-activity: Read pixels, GL error is 0x0
04-11 02:54:22.487 25925 25949 I native-activity: Swap 211 time is 45.631ms
04-11 02:54:22.487 25925 25949 I native-activity: Animating
04-11 02:54:22.487 25925 25949 I native-activity: Frame 212 GL error is 0x0
04-11 02:54:22.487 25925 25949 I native-activity: Frame 212 time is 0.444ms
04-11 02:54:22.487 25925 25949 I native-activity: Doing egl_swapbuffers_sync 1
04-11 02:54:22.487 25925 25949 D native-activity: Reading pixels format 0x1908 type 0x1401 bpp 4
04-11 02:54:22.533 25925 25949 I native-activity: Read pixels, GL error is 0x0
04-11 02:54:22.533 25925 25949 I native-activity: Swap 212 time is 45.882ms
04-11 02:54:22.533 25925 25949 I native-activity: Animating
04-11 02:54:22.533 25925 25949 I native-activity: Frame 213 GL error is 0x0
04-11 02:54:22.533 25925 25949 I native-activity: Frame 213 time is 0.367ms
04-11 02:54:22.533 25925 25949 I native-activity: Doing egl_swapbuffers_sync 1
04-11 02:54:22.533 25925 25949 D native-activity: Reading pixels format 0x1908 type 0x1401 bpp 4
04-11 02:54:22.589 25925 25949 I native-activity: Read pixels, GL error is 0x0
04-11 02:54:22.589 25925 25949 I native-activity: Swap 213 time is 56.333ms
04-11 02:54:22.590 25925 25949 I native-activity: Animating
04-11 02:54:22.590 25925 25949 I native-activity: Frame 214 GL error is 0x0
04-11 02:54:22.590 25925 25949 I native-activity: Frame 214 time is 0.675ms
04-11 02:54:22.590 25925 25949 I native-activity: Doing egl_swapbuffers_sync 1
04-11 02:54:22.590 25925 25949 D native-activity: Reading pixels format 0x1908 type 0x1401 bpp 4
04-11 02:54:22.606    93    93 I Kernel  : [310502.216848] (1)[93:irq/258-inv_irq]inv_mpu_iio: inv_read_fifo: Received Sensor Interrupt to read FIFO and Fifo_count is 6
04-11 02:54:22.637 25925 25949 I native-activity: Read pixels, GL error is 0x0
04-11 02:54:22.637 25925 25949 I native-activity: Swap 214 time is 47.284ms
04-11 02:54:22.637 25925 25949 I native-activity: Animating
04-11 02:54:22.638 25925 25949 I native-activity: Frame 215 GL error is 0x0
04-11 02:54:22.638 25925 25949 I native-activity: Frame 215 time is 0.647ms
04-11 02:54:22.638 25925 25949 I native-activity: Doing egl_swapbuffers_sync 1
04-11 02:54:22.638 25925 25949 D native-activity: Reading pixels format 0x1908 type 0x1401 bpp 4
04-11 02:54:22.683 25925 25949 I native-activity: Read pixels, GL error is 0x0
04-11 02:54:22.683 25925 25949 I native-activity: Swap 215 time is 45.936ms
04-11 02:54:22.683 25925 25949 I native-activity: Animating
04-11 02:54:22.684 25925 25949 I native-activity: Frame 216 GL error is 0x0
04-11 02:54:22.684 25925 25949 I native-activity: Frame 216 time is 0.548ms
04-11 02:54:22.684 25925 25949 I native-activity: Doing egl_swapbuffers_sync 1
04-11 02:54:22.684 25925 25949 D native-activity: Reading pixels format 0x1908 type 0x1401 bpp 4
04-11 02:54:22.729 25925 25949 I native-activity: Read pixels, GL error is 0x0
04-11 02:54:22.729 25925 25949 I native-activity: Swap 216 time is 45.784ms
04-11 02:54:22.729 25925 25949 I native-activity: Animating
04-11 02:54:22.729 25925 25949 I native-activity: Frame 217 GL error is 0x0
04-11 02:54:22.729 25925 25949 I native-activity: Frame 217 time is 0.346ms
04-11 02:54:22.729 25925 25949 I native-activity: Doing egl_swapbuffers_sync 1
04-11 02:54:22.729 25925 25949 D native-activity: Reading pixels format 0x1908 type 0x1401 bpp 4
04-11 02:54:22.778 25925 25949 I native-activity: Read pixels, GL error is 0x0
04-11 02:54:22.778 25925 25949 I native-activity: Swap 217 time is 49.117ms
04-11 02:54:22.778 25925 25949 I native-activity: Animating
04-11 02:54:22.779 25925 25949 I native-activity: Frame 218 GL error is 0x0
04-11 02:54:22.779 25925 25949 I native-activity: Frame 218 time is 0.432ms
04-11 02:54:22.779 25925 25949 I native-activity: Doing egl_swapbuffers_sync 1
04-11 02:54:22.779 25925 25949 D native-activity: Reading pixels format 0x1908 type 0x1401 bpp 4
04-11 02:54:22.829 25925 25949 I native-activity: Read pixels, GL error is 0x0
04-11 02:54:22.829 25925 25949 I native-activity: Swap 218 time is 50.534ms
04-11 02:54:22.829 25925 25949 I native-activity: Animating
04-11 02:54:22.829 25925 25949 I native-activity: Frame 219 GL error is 0x0
04-11 02:54:22.830 25925 25949 I native-activity: Frame 219 time is 1.059ms
04-11 02:54:22.830 25925 25949 I native-activity: Doing egl_swapbuffers_sync 1
04-11 02:54:22.831 25925 25949 D native-activity: Reading pixels format 0x1908 type 0x1401 bpp 4
04-11 02:54:22.877 25925 25949 I native-activity: Read pixels, GL error is 0x0
04-11 02:54:22.877 25925 25949 I native-activity: Swap 219 time is 48.172ms
04-11 02:54:22.877 25925 25949 I native-activity: Animating
04-11 02:54:22.878 25925 25949 I native-activity: Frame 220 GL error is 0x0
04-11 02:54:22.878 25925 25949 I native-activity: Frame 220 time is 0.382ms
04-11 02:54:22.878 25925 25949 I native-activity: Doing egl_swapbuffers_sync 1
04-11 02:54:22.878 25925 25949 D native-activity: Reading pixels format 0x1908 type 0x1401 bpp 4
04-11 02:54:22.923 25925 25949 I native-activity: Read pixels, GL error is 0x0
04-11 02:54:22.924 25925 25949 I native-activity: Swap 220 time is 46.219ms
04-11 02:54:22.924 25925 25949 I native-activity: Animating
04-11 02:54:22.924 25925 25949 I native-activity: Frame 221 GL error is 0x0
04-11 02:54:22.924 25925 25949 I native-activity: Frame 221 time is 0.346ms
04-11 02:54:22.924 25925 25949 I native-activity: Doing egl_swapbuffers_sync 1
04-11 02:54:22.924 25925 25949 D native-activity: Reading pixels format 0x1908 type 0x1401 bpp 4
04-11 02:54:22.974 25925 25949 I native-activity: Read pixels, GL error is 0x0
04-11 02:54:22.974 25925 25949 I native-activity: Swap 221 time is 50.344ms
04-11 02:54:22.974 25925 25949 I native-activity: Animating
04-11 02:54:22.975 25925 25949 I native-activity: Frame 222 GL error is 0x0
04-11 02:54:22.975 25925 25949 I native-activity: Frame 222 time is 0.472ms
04-11 02:54:22.975 25925 25949 I native-activity: Doing egl_swapbuffers_sync 1
04-11 02:54:22.975 25925 25949 D native-activity: Reading pixels format 0x1908 type 0x1401 bpp 4
04-11 02:54:23.025 25925 25949 I native-activity: Read pixels, GL error is 0x0
04-11 02:54:23.025 25925 25949 I native-activity: Swap 222 time is 50.656ms
04-11 02:54:23.025 25925 25949 I native-activity: Animating
04-11 02:54:23.026 25925 25949 I native-activity: Frame 223 GL error is 0x0
04-11 02:54:23.026 25925 25949 I native-activity: Frame 223 time is 0.525ms
04-11 02:54:23.026 25925 25949 I native-activity: Doing egl_swapbuffers_sync 1
04-11 02:54:23.026 25925 25949 D native-activity: Reading pixels format 0x1908 type 0x1401 bpp 4
04-11 02:54:23.075 25925 25949 I native-activity: Read pixels, GL error is 0x0
04-11 02:54:23.076 25925 25949 I native-activity: Swap 223 time is 50.677ms
04-11 02:54:23.076 25925 25949 I native-activity: Animating
04-11 02:54:23.077 25925 25949 I native-activity: Frame 224 GL error is 0x0
04-11 02:54:23.077 25925 25949 I native-activity: Frame 224 time is 0.473ms
04-11 02:54:23.077 25925 25949 I native-activity: Doing egl_swapbuffers_sync 1
04-11 02:54:23.077 25925 25949 D native-activity: Reading pixels format 0x1908 type 0x1401 bpp 4
04-11 02:54:23.126 25925 25949 I native-activity: Read pixels, GL error is 0x0
04-11 02:54:23.127 25925 25949 I native-activity: Swap 224 time is 50.210ms
04-11 02:54:23.127 25925 25949 I native-activity: Animating
04-11 02:54:23.436    93    93 I Kernel  : [310503.047620] (2)[93:irq/258-inv_irq]inv_mpu_iio: inv_read_fifo: Received Sensor Interrupt to read FIFO and Fifo_count is 6
04-11 02:54:23.650 25925 25949 I native-activity: Frame 225 GL error is 0x501
04-11 02:54:23.650 25925 25949 I native-activity: Frame 225 time is 522.711ms
04-11 02:54:23.650 25925 25949 I native-activity: Doing egl_swapbuffers_sync 1
04-11 02:54:23.650 25925 25949 D native-activity: Reading pixels format 0x1908 type 0x1401 bpp 4
04-11 02:54:23.744 25925 25949 I native-activity: Read pixels, GL error is 0x0
04-11 02:54:23.744 25925 25949 I native-activity: Swap 225 time is 617.136ms
04-11 02:54:23.745 25925 25949 I native-activity: Animating
04-11 02:54:23.746 25925 25949 I native-activity: Frame 226 GL error is 0x0
04-11 02:54:23.746 25925 25949 I native-activity: Frame 226 time is 1.167ms
04-11 02:54:23.746 25925 25949 I native-activity: Doing egl_swapbuffers_sync 1
04-11 02:54:23.746 25925 25949 D native-activity: Reading pixels format 0x1908 type 0x1401 bpp 4
04-11 02:54:23.805 25925 25949 I native-activity: Read pixels, GL error is 0x0
04-11 02:54:23.805 25925 25949 I native-activity: Swap 226 time is 60.280ms
04-11 02:54:23.805 25925 25949 I native-activity: Animating
04-11 02:54:23.823 25925 25949 I native-activity: Frame 227 GL error is 0x0
04-11 02:54:23.823 25925 25949 I native-activity: Frame 227 time is 18.021ms
04-11 02:54:23.823 25925 25949 I native-activity: Doing egl_swapbuffers_sync 1
04-11 02:54:23.823 25925 25949 D native-activity: Reading pixels format 0x1908 type 0x1401 bpp 4
04-11 02:54:23.890 25925 25949 I native-activity: Read pixels, GL error is 0x0
04-11 02:54:23.890 25925 25949 I native-activity: Swap 227 time is 85.255ms
04-11 02:54:23.890 25925 25949 I native-activity: Animating
04-11 02:54:23.892 25925 25949 I native-activity: Frame 228 GL error is 0x0
04-11 02:54:23.892 25925 25949 I native-activity: Frame 228 time is 2.011ms
04-11 02:54:23.892 25925 25949 I native-activity: Doing egl_swapbuffers_sync 1
04-11 02:54:23.892 25925 25949 D native-activity: Reading pixels format 0x1908 type 0x1401 bpp 4
04-11 02:54:23.972 25925 25949 I native-activity: Read pixels, GL error is 0x0
04-11 02:54:23.972 25925 25949 I native-activity: Swap 228 time is 81.596ms
04-11 02:54:23.972 25925 25949 I native-activity: Animating
04-11 02:54:23.976 25925 25949 I native-activity: Frame 229 GL error is 0x0
04-11 02:54:23.976 25925 25949 I native-activity: Frame 229 time is 3.854ms
04-11 02:54:23.976 25925 25949 I native-activity: Doing egl_swapbuffers_sync 1
04-11 02:54:23.976 25925 25949 D native-activity: Reading pixels format 0x1908 type 0x1401 bpp 4
04-11 02:54:24.041 25925 25949 I native-activity: Read pixels, GL error is 0x0
04-11 02:54:24.041 25925 25949 I native-activity: Swap 229 time is 69.157ms
04-11 02:54:24.042 25925 25949 I native-activity: Animating
04-11 02:54:24.043 25925 25949 I native-activity: Frame 230 GL error is 0x0
04-11 02:54:24.043 25925 25949 I native-activity: Frame 230 time is 1.134ms
04-11 02:54:24.043 25925 25949 I native-activity: Doing egl_swapbuffers_sync 1
04-11 02:54:24.043 25925 25949 D native-activity: Reading pixels format 0x1908 type 0x1401 bpp 4
04-11 02:54:24.118 25925 25949 I native-activity: Read pixels, GL error is 0x0
04-11 02:54:24.118 25925 25949 I native-activity: Swap 230 time is 76.403ms
04-11 02:54:24.118 25925 25949 I native-activity: Animating
04-11 02:54:24.122 25925 25949 I native-activity: Frame 231 GL error is 0x0
04-11 02:54:24.122 25925 25949 I native-activity: Frame 231 time is 3.384ms
04-11 02:54:24.122 25925 25949 I native-activity: Doing egl_swapbuffers_sync 1
04-11 02:54:24.122 25925 25949 D native-activity: Reading pixels format 0x1908 type 0x1401 bpp 4
04-11 02:54:24.197 25925 25949 I native-activity: Read pixels, GL error is 0x0
04-11 02:54:24.197 25925 25949 I native-activity: Swap 231 time is 79.090ms
04-11 02:54:24.198 25925 25949 I native-activity: Animating
04-11 02:54:24.266    93    93 I Kernel  : [310503.878503] (2)[93:irq/258-inv_irq]inv_mpu_iio: inv_read_fifo: Received Sensor Interrupt to read FIFO and Fifo_count is 6
04-11 02:54:24.316    93    93 I Kernel  : [310503.927440] (2)[93:irq/258-inv_irq]inv_mpu_iio: inv_push_8bytes_buffer: Received Accel Sensor Data at Driver Layer -468, 1700, -16560
04-11 02:54:24.413 25925 25949 I native-activity: Frame 232 GL error is 0x501
04-11 02:54:24.413 25925 25949 I native-activity: Frame 232 time is 215.545ms
04-11 02:54:24.413 25925 25949 I native-activity: Doing egl_swapbuffers_sync 1
04-11 02:54:24.413 25925 25949 D native-activity: Reading pixels format 0x1908 type 0x1401 bpp 4
04-11 02:54:24.484 25925 25949 I native-activity: Read pixels, GL error is 0x0
04-11 02:54:24.484 25925 25949 I native-activity: Swap 232 time is 286.665ms
04-11 02:54:24.485 25925 25949 I native-activity: Animating
04-11 02:54:24.678 25925 25949 I native-activity: Frame 233 GL error is 0x501
04-11 02:54:24.678 25925 25949 I native-activity: Frame 233 time is 193.761ms
04-11 02:54:24.678 25925 25949 I native-activity: Doing egl_swapbuffers_sync 1
04-11 02:54:24.678 25925 25949 D native-activity: Reading pixels format 0x1908 type 0x1401 bpp 4
04-11 02:54:24.751 25925 25949 I native-activity: Read pixels, GL error is 0x0
04-11 02:54:24.751 25925 25949 I native-activity: Swap 233 time is 266.445ms
04-11 02:54:24.752 25925 25949 I native-activity: Animating
04-11 02:54:24.755 25925 25949 I native-activity: Frame 234 GL error is 0x0
04-11 02:54:24.755 25925 25949 I native-activity: Frame 234 time is 3.695ms
04-11 02:54:24.755 25925 25949 I native-activity: Doing egl_swapbuffers_sync 1
04-11 02:54:24.756 25925 25949 D native-activity: Reading pixels format 0x1908 type 0x1401 bpp 4
04-11 02:54:24.805 25925 25949 I native-activity: Read pixels, GL error is 0x0
04-11 02:54:24.805 25925 25949 I native-activity: Swap 234 time is 53.212ms
04-11 02:54:24.805 25925 25949 I native-activity: Animating
04-11 02:54:24.805 25925 25949 I native-activity: Frame 235 GL error is 0x0
04-11 02:54:24.805 25925 25949 I native-activity: Frame 235 time is 0.555ms
04-11 02:54:24.805 25925 25949 I native-activity: Doing egl_swapbuffers_sync 1
04-11 02:54:24.805 25925 25949 D native-activity: Reading pixels format 0x1908 type 0x1401 bpp 4
04-11 02:54:24.866 25925 25949 I native-activity: Read pixels, GL error is 0x0
04-11 02:54:24.866 25925 25949 I native-activity: Swap 235 time is 61.283ms
04-11 02:54:24.866 25925 25949 I native-activity: Animating
04-11 02:54:24.868 25925 25949 I native-activity: Frame 236 GL error is 0x0
04-11 02:54:24.868 25925 25949 I native-activity: Frame 236 time is 1.525ms
04-11 02:54:24.868 25925 25949 I native-activity: Doing egl_swapbuffers_sync 1
