04-11 02:54:32.498 25925 25949 I native-activity: Swap 315 time is 97.966ms
04-11 02:54:32.498 25925 25949 I native-activity: Animating
04-11 02:54:32.502 25925 25949 I native-activity: Frame 316 GL error is 0x0
04-11 02:54:32.502 25925 25949 I native-activity: Frame 316 time is 4.196ms
04-11 02:54:32.502 25925 25949 I native-activity: Doing egl_swapbuffers_sync 1
04-11 02:54:32.502 25925 25949 D native-activity: Reading pixels format 0x1908 type 0x1401 bpp 4
04-11 02:54:32.577 25925 25949 I native-activity: Read pixels, GL error is 0x0
04-11 02:54:32.578 25925 25949 I native-activity: Swap 316 time is 79.538ms
04-11 02:54:32.578 25925 25949 I native-activity: Animating
04-11 02:54:32.576    93    93 I Kernel  : [310512.187162] (3)[93:irq/258-inv_irq]inv_mpu_iio: inv_read_fifo: Received Sensor Interrupt to read FIFO and Fifo_count is 6
04-11 02:54:32.588 25925 25949 I native-activity: Frame 317 GL error is 0x0
04-11 02:54:32.588 25925 25949 I native-activity: Frame 317 time is 10.279ms
04-11 02:54:32.588 25925 25949 I native-activity: Doing egl_swapbuffers_sync 1
04-11 02:54:32.588 25925 25949 D native-activity: Reading pixels format 0x1908 type 0x1401 bpp 4
04-11 02:54:32.653 25925 25949 I native-activity: Read pixels, GL error is 0x0
04-11 02:54:32.653 25925 25949 I native-activity: Swap 317 time is 74.834ms
04-11 02:54:32.653 25925 25949 I native-activity: Animating
04-11 02:54:32.657 25925 25949 I native-activity: Frame 318 GL error is 0x0
04-11 02:54:32.657 25925 25949 I native-activity: Frame 318 time is 4.342ms
04-11 02:54:32.657 25925 25949 I native-activity: Doing egl_swapbuffers_sync 1
04-11 02:54:32.657 25925 25949 D native-activity: Reading pixels format 0x1908 type 0x1401 bpp 4
04-11 02:54:32.733 25925 25949 I native-activity: Read pixels, GL error is 0x0
04-11 02:54:32.733 25925 25949 I native-activity: Swap 318 time is 80.435ms
04-11 02:54:32.733 25925 25949 I native-activity: Animating
04-11 02:54:32.746 25925 25949 I native-activity: Frame 319 GL error is 0x0
04-11 02:54:32.746 25925 25949 I native-activity: Frame 319 time is 13.113ms
04-11 02:54:32.746 25925 25949 I native-activity: Doing egl_swapbuffers_sync 1
04-11 02:54:32.746 25925 25949 D native-activity: Reading pixels format 0x1908 type 0x1401 bpp 4
04-11 02:54:32.810 25925 25949 I native-activity: Read pixels, GL error is 0x0
04-11 02:54:32.810 25925 25949 I native-activity: Swap 319 time is 77.189ms
04-11 02:54:32.811 25925 25949 I native-activity: Animating
04-11 02:54:32.815 25925 25949 I native-activity: Frame 320 GL error is 0x0
04-11 02:54:32.815 25925 25949 I native-activity: Frame 320 time is 4.309ms
04-11 02:54:32.815 25925 25949 I native-activity: Doing egl_swapbuffers_sync 1
04-11 02:54:32.815 25925 25949 D native-activity: Reading pixels format 0x1908 type 0x1401 bpp 4
04-11 02:54:32.891 25925 25949 I native-activity: Read pixels, GL error is 0x0
04-11 02:54:32.891 25925 25949 I native-activity: Swap 320 time is 80.375ms
04-11 02:54:32.891 25925 25949 I native-activity: Animating
04-11 02:54:32.906 25925 25949 I native-activity: Frame 321 GL error is 0x0
04-11 02:54:32.906 25925 25949 I native-activity: Frame 321 time is 14.722ms
04-11 02:54:32.906 25925 25949 I native-activity: Doing egl_swapbuffers_sync 1
04-11 02:54:32.906 25925 25949 D native-activity: Reading pixels format 0x1908 type 0x1401 bpp 4
04-11 02:54:32.968 25925 25949 I native-activity: Read pixels, GL error is 0x0
04-11 02:54:32.968 25925 25949 I native-activity: Swap 321 time is 77.092ms
04-11 02:54:32.968 25925 25949 I native-activity: Animating
04-11 02:54:32.973 25925 25949 I native-activity: Frame 322 GL error is 0x0
04-11 02:54:32.973 25925 25949 I native-activity: Frame 322 time is 4.577ms
04-11 02:54:32.973 25925 25949 I native-activity: Doing egl_swapbuffers_sync 1
04-11 02:54:32.973 25925 25949 D native-activity: Reading pixels format 0x1908 type 0x1401 bpp 4
04-11 02:54:33.049 25925 25949 I native-activity: Read pixels, GL error is 0x0
04-11 02:54:33.049 25925 25949 I native-activity: Swap 322 time is 80.298ms
04-11 02:54:33.049 25925 25949 I native-activity: Animating
04-11 02:54:33.064 25925 25949 I native-activity: Frame 323 GL error is 0x0
04-11 02:54:33.064 25925 25949 I native-activity: Frame 323 time is 15.134ms
04-11 02:54:33.064 25925 25949 I native-activity: Doing egl_swapbuffers_sync 1
04-11 02:54:33.064 25925 25949 D native-activity: Reading pixels format 0x1908 type 0x1401 bpp 4
04-11 02:54:33.126 25925 25949 I native-activity: Read pixels, GL error is 0x0
04-11 02:54:33.126 25925 25949 I native-activity: Swap 323 time is 77.292ms
04-11 02:54:33.126 25925 25949 I native-activity: Animating
04-11 02:54:33.131 25925 25949 I native-activity: Frame 324 GL error is 0x0
04-11 02:54:33.131 25925 25949 I native-activity: Frame 324 time is 4.530ms
04-11 02:54:33.131 25925 25949 I native-activity: Doing egl_swapbuffers_sync 1
04-11 02:54:33.131 25925 25949 D native-activity: Reading pixels format 0x1908 type 0x1401 bpp 4
04-11 02:54:33.206 25925 25949 I native-activity: Read pixels, GL error is 0x0
04-11 02:54:33.206 25925 25949 I native-activity: Swap 324 time is 79.994ms
04-11 02:54:33.206 25925 25949 I native-activity: Animating
04-11 02:54:33.218 25925 25949 I native-activity: Frame 325 GL error is 0x0
04-11 02:54:33.218 25925 25949 I native-activity: Frame 325 time is 11.176ms
04-11 02:54:33.218 25925 25949 I native-activity: Doing egl_swapbuffers_sync 1
04-11 02:54:33.218 25925 25949 D native-activity: Reading pixels format 0x1908 type 0x1401 bpp 4
04-11 02:54:33.288 25925 25949 I native-activity: Read pixels, GL error is 0x0
04-11 02:54:33.288 25925 25949 I native-activity: Swap 325 time is 81.848ms
04-11 02:54:33.289 25925 25949 I native-activity: Animating
04-11 02:54:33.300 25925 25949 I native-activity: Frame 326 GL error is 0x0
04-11 02:54:33.300 25925 25949 I native-activity: Frame 326 time is 11.414ms
04-11 02:54:33.300 25925 25949 I native-activity: Doing egl_swapbuffers_sync 1
04-11 02:54:33.300 25925 25949 D native-activity: Reading pixels format 0x1908 type 0x1401 bpp 4
04-11 02:54:33.371 25925 25949 I native-activity: Read pixels, GL error is 0x0
04-11 02:54:33.371 25925 25949 I native-activity: Swap 326 time is 81.925ms
04-11 02:54:33.371 25925 25949 I native-activity: Animating
04-11 02:54:33.382 25925 25949 I native-activity: Frame 327 GL error is 0x0
04-11 02:54:33.382 25925 25949 I native-activity: Frame 327 time is 11.167ms
04-11 02:54:33.382 25925 25949 I native-activity: Doing egl_swapbuffers_sync 1
04-11 02:54:33.382 25925 25949 D native-activity: Reading pixels format 0x1908 type 0x1401 bpp 4
04-11 02:54:33.406    93    93 I Kernel  : [310513.018040] (3)[93:irq/258-inv_irq]inv_mpu_iio: inv_read_fifo: Received Sensor Interrupt to read FIFO and Fifo_count is 6
04-11 02:54:33.453 25925 25949 I native-activity: Read pixels, GL error is 0x0
04-11 02:54:33.453 25925 25949 I native-activity: Swap 327 time is 82.141ms
04-11 02:54:33.453 25925 25949 I native-activity: Animating
04-11 02:54:33.464 25925 25949 I native-activity: Frame 328 GL error is 0x0
04-11 02:54:33.464 25925 25949 I native-activity: Frame 328 time is 10.893ms
04-11 02:54:33.464 25925 25949 I native-activity: Doing egl_swapbuffers_sync 1
04-11 02:54:33.464 25925 25949 D native-activity: Reading pixels format 0x1908 type 0x1401 bpp 4
04-11 02:54:33.535 25925 25949 I native-activity: Read pixels, GL error is 0x0
04-11 02:54:33.535 25925 25949 I native-activity: Swap 328 time is 82.111ms
04-11 02:54:33.536 25925 25949 I native-activity: Animating
04-11 02:54:33.547 25925 25949 I native-activity: Frame 329 GL error is 0x0
04-11 02:54:33.547 25925 25949 I native-activity: Frame 329 time is 11.341ms
04-11 02:54:33.547 25925 25949 I native-activity: Doing egl_swapbuffers_sync 1
04-11 02:54:33.547 25925 25949 D native-activity: Reading pixels format 0x1908 type 0x1401 bpp 4
04-11 02:54:33.617 25925 25949 I native-activity: Read pixels, GL error is 0x0
04-11 02:54:33.617 25925 25949 I native-activity: Swap 329 time is 81.828ms
04-11 02:54:33.618 25925 25949 I native-activity: Animating
04-11 02:54:33.629 25925 25949 I native-activity: Frame 330 GL error is 0x0
04-11 02:54:33.629 25925 25949 I native-activity: Frame 330 time is 11.183ms
04-11 02:54:33.629 25925 25949 I native-activity: Doing egl_swapbuffers_sync 1
04-11 02:54:33.629 25925 25949 D native-activity: Reading pixels format 0x1908 type 0x1401 bpp 4
04-11 02:54:33.700 25925 25949 I native-activity: Read pixels, GL error is 0x0
04-11 02:54:33.700 25925 25949 I native-activity: Swap 330 time is 82.034ms
04-11 02:54:33.700 25925 25949 I native-activity: Animating
04-11 02:54:33.708 25925 25949 I native-activity: Frame 331 GL error is 0x0
04-11 02:54:33.708 25925 25949 I native-activity: Frame 331 time is 8.367ms
04-11 02:54:33.708 25925 25949 I native-activity: Doing egl_swapbuffers_sync 1
04-11 02:54:33.708 25925 25949 D native-activity: Reading pixels format 0x1908 type 0x1401 bpp 4
04-11 02:54:33.773 25925 25949 I native-activity: Read pixels, GL error is 0x0
04-11 02:54:33.773 25925 25949 I native-activity: Swap 331 time is 72.789ms
04-11 02:54:33.773 25925 25949 I native-activity: Animating
04-11 02:54:33.777 25925 25949 I native-activity: Frame 332 GL error is 0x0
04-11 02:54:33.777 25925 25949 I native-activity: Frame 332 time is 4.412ms
04-11 02:54:33.777 25925 25949 I native-activity: Doing egl_swapbuffers_sync 1
04-11 02:54:33.777 25925 25949 D native-activity: Reading pixels format 0x1908 type 0x1401 bpp 4
04-11 02:54:33.853 25925 25949 I native-activity: Read pixels, GL error is 0x0
04-11 02:54:33.853 25925 25949 I native-activity: Swap 332 time is 79.958ms
04-11 02:54:33.853 25925 25949 I native-activity: Animating
04-11 02:54:33.866 25925 25949 I native-activity: Frame 333 GL error is 0x0
04-11 02:54:33.866 25925 25949 I native-activity: Frame 333 time is 13.406ms
04-11 02:54:33.866 25925 25949 I native-activity: Doing egl_swapbuffers_sync 1
04-11 02:54:33.866 25925 25949 D native-activity: Reading pixels format 0x1908 type 0x1401 bpp 4
04-11 02:54:33.930 25925 25949 I native-activity: Read pixels, GL error is 0x0
04-11 02:54:33.930 25925 25949 I native-activity: Swap 333 time is 76.797ms
04-11 02:54:33.930 25925 25949 I native-activity: Animating
04-11 02:54:33.934 25925 25949 I native-activity: Frame 334 GL error is 0x0
04-11 02:54:33.934 25925 25949 I native-activity: Frame 334 time is 4.358ms
04-11 02:54:33.934 25925 25949 I native-activity: Doing egl_swapbuffers_sync 1
04-11 02:54:33.934 25925 25949 D native-activity: Reading pixels format 0x1908 type 0x1401 bpp 4
04-11 02:54:33.966    93    93 I Kernel  : [310513.578369] (3)[93:irq/258-inv_irq]inv_mpu_iio: inv_push_8bytes_buffer: Received Accel Sensor Data at Driver Layer -420, 1692, -16432
04-11 02:54:34.010 25925 25949 I native-activity: Read pixels, GL error is 0x0
04-11 02:54:34.010 25925 25949 I native-activity: Swap 334 time is 80.493ms
04-11 02:54:34.010 25925 25949 I native-activity: Animating
04-11 02:54:34.024 25925 25949 I native-activity: Frame 335 GL error is 0x0
04-11 02:54:34.024 25925 25949 I native-activity: Frame 335 time is 14.039ms
04-11 02:54:34.024 25925 25949 I native-activity: Doing egl_swapbuffers_sync 1
04-11 02:54:34.025 25925 25949 D native-activity: Reading pixels format 0x1908 type 0x1401 bpp 4
04-11 02:54:34.087 25925 25949 I native-activity: Read pixels, GL error is 0x0
04-11 02:54:34.087 25925 25949 I native-activity: Swap 335 time is 76.578ms
04-11 02:54:34.087 25925 25949 I native-activity: Animating
04-11 02:54:34.092 25925 25949 I native-activity: Frame 336 GL error is 0x0
04-11 02:54:34.092 25925 25949 I native-activity: Frame 336 time is 4.519ms
04-11 02:54:34.092 25925 25949 I native-activity: Doing egl_swapbuffers_sync 1
04-11 02:54:34.092 25925 25949 D native-activity: Reading pixels format 0x1908 type 0x1401 bpp 4
04-11 02:54:34.167 25925 25949 I native-activity: Read pixels, GL error is 0x0
04-11 02:54:34.167 25925 25949 I native-activity: Swap 336 time is 80.244ms
04-11 02:54:34.168 25925 25949 I native-activity: Animating
04-11 02:54:34.182 25925 25949 I native-activity: Frame 337 GL error is 0x0
04-11 02:54:34.182 25925 25949 I native-activity: Frame 337 time is 14.702ms
04-11 02:54:34.182 25925 25949 I native-activity: Doing egl_swapbuffers_sync 1
04-11 02:54:34.182 25925 25949 D native-activity: Reading pixels format 0x1908 type 0x1401 bpp 4
04-11 02:54:34.245 25925 25949 I native-activity: Read pixels, GL error is 0x0
04-11 02:54:34.245 25925 25949 I native-activity: Swap 337 time is 77.223ms
04-11 02:54:34.245 25925 25949 I native-activity: Animating
04-11 02:54:34.236    93    93 I Kernel  : [310513.848891] (3)[93:irq/258-inv_irq]inv_mpu_iio: inv_read_fifo: Received Sensor Interrupt to read FIFO and Fifo_count is 6
04-11 02:54:34.249 25925 25949 I native-activity: Frame 338 GL error is 0x0
04-11 02:54:34.249 25925 25949 I native-activity: Frame 338 time is 4.382ms
04-11 02:54:34.249 25925 25949 I native-activity: Doing egl_swapbuffers_sync 1
04-11 02:54:34.249 25925 25949 D native-activity: Reading pixels format 0x1908 type 0x1401 bpp 4
04-11 02:54:34.325 25925 25949 I native-activity: Read pixels, GL error is 0x0
04-11 02:54:34.325 25925 25949 I native-activity: Swap 338 time is 79.843ms
04-11 02:54:34.325 25925 25949 I native-activity: Animating
04-11 02:54:34.330 25925 25949 I native-activity: Frame 339 GL error is 0x0
04-11 02:54:34.330 25925 25949 I native-activity: Frame 339 time is 5.218ms
04-11 02:54:34.330 25925 25949 I native-activity: Doing egl_swapbuffers_sync 1
04-11 02:54:34.330 25925 25949 D native-activity: Reading pixels format 0x1908 type 0x1401 bpp 4
04-11 02:54:34.395 25925 25949 I native-activity: Read pixels, GL error is 0x0
04-11 02:54:34.395 25925 25949 I native-activity: Swap 339 time is 69.749ms
04-11 02:54:34.395 25925 25949 I native-activity: Animating
04-11 02:54:34.399 25925 25949 I native-activity: Frame 340 GL error is 0x0
04-11 02:54:34.399 25925 25949 I native-activity: Frame 340 time is 4.219ms
04-11 02:54:34.399 25925 25949 I native-activity: Doing egl_swapbuffers_sync 1
04-11 02:54:34.399 25925 25949 D native-activity: Reading pixels format 0x1908 type 0x1401 bpp 4
04-11 02:54:34.475 25925 25949 I native-activity: Read pixels, GL error is 0x0
04-11 02:54:34.475 25925 25949 I native-activity: Swap 340 time is 79.890ms
04-11 02:54:34.475 25925 25949 I native-activity: Animating
04-11 02:54:34.487 25925 25949 I native-activity: Frame 341 GL error is 0x0
04-11 02:54:34.487 25925 25949 I native-activity: Frame 341 time is 12.077ms
04-11 02:54:34.487 25925 25949 I native-activity: Doing egl_swapbuffers_sync 1
04-11 02:54:34.487 25925 25949 D native-activity: Reading pixels format 0x1908 type 0x1401 bpp 4
04-11 02:54:34.551 25925 25949 I native-activity: Read pixels, GL error is 0x0
04-11 02:54:34.551 25925 25949 I native-activity: Swap 341 time is 76.210ms
04-11 02:54:34.551 25925 25949 I native-activity: Animating
04-11 02:54:34.556 25925 25949 I native-activity: Frame 342 GL error is 0x0
04-11 02:54:34.556 25925 25949 I native-activity: Frame 342 time is 4.416ms
04-11 02:54:34.556 25925 25949 I native-activity: Doing egl_swapbuffers_sync 1
04-11 02:54:34.556 25925 25949 D native-activity: Reading pixels format 0x1908 type 0x1401 bpp 4
04-11 02:54:34.650 25925 25949 I native-activity: Read pixels, GL error is 0x0
04-11 02:54:34.650 25925 25949 I native-activity: Swap 342 time is 98.525ms
04-11 02:54:34.650 25925 25949 I native-activity: Animating
04-11 02:54:34.665 25925 25949 I native-activity: Frame 343 GL error is 0x0
04-11 02:54:34.665 25925 25949 I native-activity: Frame 343 time is 15.185ms
04-11 02:54:34.665 25925 25949 I native-activity: Doing egl_swapbuffers_sync 1
04-11 02:54:34.665 25925 25949 D native-activity: Reading pixels format 0x1908 type 0x1401 bpp 4
04-11 02:54:34.746 25925 25949 I native-activity: Read pixels, GL error is 0x0
04-11 02:54:34.746 25925 25949 I native-activity: Swap 343 time is 96.111ms
04-11 02:54:34.746 25925 25949 I native-activity: Animating
04-11 02:54:34.750 25925 25949 I native-activity: Frame 344 GL error is 0x0
04-11 02:54:34.750 25925 25949 I native-activity: Frame 344 time is 4.255ms
04-11 02:54:34.750 25925 25949 I native-activity: Doing egl_swapbuffers_sync 1
04-11 02:54:34.750 25925 25949 D native-activity: Reading pixels format 0x1908 type 0x1401 bpp 4
04-11 02:54:34.838 25925 25949 I native-activity: Read pixels, GL error is 0x0
04-11 02:54:34.838 25925 25949 I native-activity: Swap 344 time is 92.335ms
04-11 02:54:34.839 25925 25949 I native-activity: Animating
04-11 02:54:34.847 25925 25949 I native-activity: Frame 345 GL error is 0x0
04-11 02:54:34.847 25925 25949 I native-activity: Frame 345 time is 8.800ms
04-11 02:54:34.847 25925 25949 I native-activity: Doing egl_swapbuffers_sync 1
04-11 02:54:34.847 25925 25949 D native-activity: Reading pixels format 0x1908 type 0x1401 bpp 4
04-11 02:54:34.912 25925 25949 I native-activity: Read pixels, GL error is 0x0
04-11 02:54:34.912 25925 25949 I native-activity: Swap 345 time is 73.261ms
04-11 02:54:34.912 25925 25949 I native-activity: Animating
04-11 02:54:34.916 25925 25949 I native-activity: Frame 346 GL error is 0x0
04-11 02:54:34.916 25925 25949 I native-activity: Frame 346 time is 4.282ms
04-11 02:54:34.916 25925 25949 I native-activity: Doing egl_swapbuffers_sync 1
04-11 02:54:34.916 25925 25949 D native-activity: Reading pixels format 0x1908 type 0x1401 bpp 4
04-11 02:54:34.992 25925 25949 I native-activity: Read pixels, GL error is 0x0
04-11 02:54:34.992 25925 25949 I native-activity: Swap 346 time is 79.777ms
04-11 02:54:34.992 25925 25949 I native-activity: Animating
04-11 02:54:35.006 25925 25949 I native-activity: Frame 347 GL error is 0x0
04-11 02:54:35.006 25925 25949 I native-activity: Frame 347 time is 13.979ms
04-11 02:54:35.006 25925 25949 I native-activity: Doing egl_swapbuffers_sync 1
04-11 02:54:35.006 25925 25949 D native-activity: Reading pixels format 0x1908 type 0x1401 bpp 4
04-11 02:54:35.069 25925 25949 I native-activity: Read pixels, GL error is 0x0
04-11 02:54:35.069 25925 25949 I native-activity: Swap 347 time is 76.904ms
04-11 02:54:35.069 25925 25949 I native-activity: Animating
04-11 02:54:35.073 25925 25949 I native-activity: Frame 348 GL error is 0x0
04-11 02:54:35.073 25925 25949 I native-activity: Frame 348 time is 4.119ms
04-11 02:54:35.073 25925 25949 I native-activity: Doing egl_swapbuffers_sync 1
04-11 02:54:35.073 25925 25949 D native-activity: Reading pixels format 0x1908 type 0x1401 bpp 4
04-11 02:54:35.066    93    93 I Kernel  : [310514.679714] (3)[93:irq/258-inv_irq]inv_mpu_iio: inv_read_fifo: Received Sensor Interrupt to read FIFO and Fifo_count is 6
04-11 02:54:35.149 25925 25949 I native-activity: Read pixels, GL error is 0x0
04-11 02:54:35.149 25925 25949 I native-activity: Swap 348 time is 79.848ms
04-11 02:54:35.149 25925 25949 I native-activity: Animating
04-11 02:54:35.163 25925 25949 I native-activity: Frame 349 GL error is 0x0
04-11 02:54:35.163 25925 25949 I native-activity: Frame 349 time is 14.365ms
04-11 02:54:35.163 25925 25949 I native-activity: Doing egl_swapbuffers_sync 1
04-11 02:54:35.163 25925 25949 D native-activity: Reading pixels format 0x1908 type 0x1401 bpp 4
04-11 02:54:35.226 25925 25949 I native-activity: Read pixels, GL error is 0x0
04-11 02:54:35.226 25925 25949 I native-activity: Swap 349 time is 77.027ms
04-11 02:54:35.226 25925 25949 I native-activity: Animating
04-11 02:54:35.230 25925 25949 I native-activity: Frame 350 GL error is 0x0
04-11 02:54:35.230 25925 25949 I native-activity: Frame 350 time is 4.090ms
04-11 02:54:35.230 25925 25949 I native-activity: Doing egl_swapbuffers_sync 1
04-11 02:54:35.230 25925 25949 D native-activity: Reading pixels format 0x1908 type 0x1401 bpp 4
04-11 02:54:35.306 25925 25949 I native-activity: Read pixels, GL error is 0x0
04-11 02:54:35.306 25925 25949 I native-activity: Swap 350 time is 80.012ms
04-11 02:54:35.306 25925 25949 I native-activity: Animating
04-11 02:54:35.318 25925 25949 I native-activity: Frame 351 GL error is 0x0
04-11 02:54:35.318 25925 25949 I native-activity: Frame 351 time is 11.595ms
04-11 02:54:35.318 25925 25949 I native-activity: Doing egl_swapbuffers_sync 1
04-11 02:54:35.318 25925 25949 D native-activity: Reading pixels format 0x1908 type 0x1401 bpp 4
04-11 02:54:35.388 25925 25949 I native-activity: Read pixels, GL error is 0x0
04-11 02:54:35.389 25925 25949 I native-activity: Swap 351 time is 82.232ms
04-11 02:54:35.389 25925 25949 I native-activity: Animating
04-11 02:54:35.400 25925 25949 I native-activity: Frame 352 GL error is 0x0
04-11 02:54:35.400 25925 25949 I native-activity: Frame 352 time is 11.765ms
04-11 02:54:35.400 25925 25949 I native-activity: Doing egl_swapbuffers_sync 1
04-11 02:54:35.400 25925 25949 D native-activity: Reading pixels format 0x1908 type 0x1401 bpp 4
04-11 02:54:35.471 25925 25949 I native-activity: Read pixels, GL error is 0x0
04-11 02:54:35.471 25925 25949 I native-activity: Swap 352 time is 82.571ms
04-11 02:54:35.471 25925 25949 I native-activity: Animating
04-11 02:54:35.483 25925 25949 I native-activity: Frame 353 GL error is 0x0
04-11 02:54:35.484 25925 25949 I native-activity: Frame 353 time is 12.132ms
04-11 02:54:35.484 25925 25949 I native-activity: Doing egl_swapbuffers_sync 1
04-11 02:54:35.484 25925 25949 D native-activity: Reading pixels format 0x1908 type 0x1401 bpp 4
04-11 02:54:35.526   169   169 I Kernel  : [310515.139451] (0)[169:healthd]healthd: battery l=23 v=3612 t=26.0 h=2 st=2 chg=u
04-11 02:54:35.548 25925 25949 I native-activity: Read pixels, GL error is 0x0
04-11 02:54:35.548 25925 25949 I native-activity: Swap 353 time is 76.231ms
04-11 02:54:35.548 25925 25949 I native-activity: Animating
04-11 02:54:35.553 25925 25949 I native-activity: Frame 354 GL error is 0x0
04-11 02:54:35.553 25925 25949 I native-activity: Frame 354 time is 5.087ms
04-11 02:54:35.553 25925 25949 I native-activity: Doing egl_swapbuffers_sync 1
04-11 02:54:35.553 25925 25949 D native-activity: Reading pixels format 0x1908 type 0x1401 bpp 4
04-11 02:54:35.629 25925 25949 I native-activity: Read pixels, GL error is 0x0
04-11 02:54:35.629 25925 25949 I native-activity: Swap 354 time is 81.510ms
04-11 02:54:35.629 25925 25949 I native-activity: Animating
04-11 02:54:35.644 25925 25949 I native-activity: Frame 355 GL error is 0x0
04-11 02:54:35.644 25925 25949 I native-activity: Frame 355 time is 14.775ms
04-11 02:54:35.644 25925 25949 I native-activity: Doing egl_swapbuffers_sync 1
04-11 02:54:35.644 25925 25949 D native-activity: Reading pixels format 0x1908 type 0x1401 bpp 4
04-11 02:54:35.707 25925 25949 I native-activity: Read pixels, GL error is 0x0
04-11 02:54:35.707 25925 25949 I native-activity: Swap 355 time is 77.637ms
04-11 02:54:35.707 25925 25949 I native-activity: Animating
04-11 02:54:35.712 25925 25949 I native-activity: Frame 356 GL error is 0x0
04-11 02:54:35.712 25925 25949 I native-activity: Frame 356 time is 4.950ms
04-11 02:54:35.712 25925 25949 I native-activity: Doing egl_swapbuffers_sync 1
04-11 02:54:35.712 25925 25949 D native-activity: Reading pixels format 0x1908 type 0x1401 bpp 4
04-11 02:54:35.788 25925 25949 I native-activity: Read pixels, GL error is 0x0
04-11 02:54:35.788 25925 25949 I native-activity: Swap 356 time is 80.941ms
04-11 02:54:35.788 25925 25949 I native-activity: Animating
04-11 02:54:35.804 25925 25949 I native-activity: Frame 357 GL error is 0x0
04-11 02:54:35.804 25925 25949 I native-activity: Frame 357 time is 15.992ms
04-11 02:54:35.804 25925 25949 I native-activity: Doing egl_swapbuffers_sync 1
04-11 02:54:35.804 25925 25949 D native-activity: Reading pixels format 0x1908 type 0x1401 bpp 4
04-11 02:54:35.867 25925 25949 I native-activity: Read pixels, GL error is 0x0
04-11 02:54:35.867 25925 25949 I native-activity: Swap 357 time is 78.312ms
04-11 02:54:35.867 25925 25949 I native-activity: Animating
04-11 02:54:35.872 25925 25949 I native-activity: Frame 358 GL error is 0x0
04-11 02:54:35.872 25925 25949 I native-activity: Frame 358 time is 4.952ms
04-11 02:54:35.872 25925 25949 I native-activity: Doing egl_swapbuffers_sync 1
04-11 02:54:35.872 25925 25949 D native-activity: Reading pixels format 0x1908 type 0x1401 bpp 4
04-11 02:54:35.896    93    93 I Kernel  : [310515.510584] (3)[93:irq/258-inv_irq]inv_mpu_iio: inv_read_fifo: Received Sensor Interrupt to read FIFO and Fifo_count is 6
04-11 02:54:35.948 25925 25949 I native-activity: Read pixels, GL error is 0x0
04-11 02:54:35.948 25925 25949 I native-activity: Swap 358 time is 80.925ms
04-11 02:54:35.948 25925 25949 I native-activity: Animating
04-11 02:54:35.962 25925 25949 I native-activity: Frame 359 GL error is 0x0
04-11 02:54:35.962 25925 25949 I native-activity: Frame 359 time is 14.412ms
04-11 02:54:35.962 25925 25949 I native-activity: Doing egl_swapbuffers_sync 1
04-11 02:54:35.962 25925 25949 D native-activity: Reading pixels format 0x1908 type 0x1401 bpp 4
04-11 02:54:36.025 25925 25949 I native-activity: Read pixels, GL error is 0x0
04-11 02:54:36.025 25925 25949 I native-activity: Swap 359 time is 77.249ms
04-11 02:54:36.025 25925 25949 I native-activity: Animating
04-11 02:54:36.029 25925 25949 I native-activity: Frame 360 GL error is 0x0
04-11 02:54:36.029 25925 25949 I native-activity: Frame 360 time is 4.175ms
04-11 02:54:36.029 25925 25949 I native-activity: Doing egl_swapbuffers_sync 1
04-11 02:54:36.029 25925 25949 D native-activity: Reading pixels format 0x1908 type 0x1401 bpp 4
04-11 02:54:36.105 25925 25949 I native-activity: Read pixels, GL error is 0x0
04-11 02:54:36.105 25925 25949 I native-activity: Swap 360 time is 79.839ms
04-11 02:54:36.105 25925 25949 I native-activity: Animating
04-11 02:54:36.111 25925 25949 I native-activity: Frame 361 GL error is 0x0
04-11 02:54:36.111 25925 25949 I native-activity: Frame 361 time is 5.643ms
04-11 02:54:36.111 25925 25949 I native-activity: Doing egl_swapbuffers_sync 1
04-11 02:54:36.111 25925 25949 D native-activity: Reading pixels format 0x1908 type 0x1401 bpp 4
04-11 02:54:36.175 25925 25949 I native-activity: Read pixels, GL error is 0x0
04-11 02:54:36.175 25925 25949 I native-activity: Swap 361 time is 70.106ms
04-11 02:54:36.175 25925 25949 I native-activity: Animating
04-11 02:54:36.181 25925 25949 I native-activity: Frame 362 GL error is 0x0
04-11 02:54:36.181 25925 25949 I native-activity: Frame 362 time is 5.411ms
04-11 02:54:36.181 25925 25949 I native-activity: Doing egl_swapbuffers_sync 1
04-11 02:54:36.181 25925 25949 D native-activity: Reading pixels format 0x1908 type 0x1401 bpp 4
04-11 02:54:36.257 25925 25949 I native-activity: Read pixels, GL error is 0x0
04-11 02:54:36.257 25925 25949 I native-activity: Swap 362 time is 81.467ms
04-11 02:54:36.257 25925 25949 I native-activity: Animating
04-11 02:54:36.268 25925 25949 I native-activity: Frame 363 GL error is 0x0
04-11 02:54:36.268 25925 25949 I native-activity: Frame 363 time is 11.158ms
04-11 02:54:36.268 25925 25949 I native-activity: Doing egl_swapbuffers_sync 1
04-11 02:54:36.268 25925 25949 D native-activity: Reading pixels format 0x1908 type 0x1401 bpp 4
04-11 02:54:36.333 25925 25949 I native-activity: Read pixels, GL error is 0x0
04-11 02:54:36.333 25925 25949 I native-activity: Swap 363 time is 75.590ms
04-11 02:54:36.333 25925 25949 I native-activity: Animating
04-11 02:54:36.337 25925 25949 I native-activity: Frame 364 GL error is 0x0
04-11 02:54:36.337 25925 25949 I native-activity: Frame 364 time is 4.294ms
04-11 02:54:36.337 25925 25949 I native-activity: Doing egl_swapbuffers_sync 1
04-11 02:54:36.337 25925 25949 D native-activity: Reading pixels format 0x1908 type 0x1401 bpp 4
04-11 02:54:36.413 25925 25949 I native-activity: Read pixels, GL error is 0x0
04-11 02:54:36.413 25925 25949 I native-activity: Swap 364 time is 80.164ms
04-11 02:54:36.413 25925 25949 I native-activity: Animating
04-11 02:54:36.426 25925 25949 I native-activity: Frame 365 GL error is 0x0
04-11 02:54:36.426 25925 25949 I native-activity: Frame 365 time is 13.094ms
04-11 02:54:36.426 25925 25949 I native-activity: Doing egl_swapbuffers_sync 1
04-11 02:54:36.426 25925 25949 D native-activity: Reading pixels format 0x1908 type 0x1401 bpp 4
04-11 02:54:36.490 25925 25949 I native-activity: Read pixels, GL error is 0x0
04-11 02:54:36.490 25925 25949 I native-activity: Swap 365 time is 77.088ms
04-11 02:54:36.490 25925 25949 I native-activity: Animating
04-11 02:54:36.495 25925 25949 I native-activity: Frame 366 GL error is 0x0
04-11 02:54:36.495 25925 25949 I native-activity: Frame 366 time is 4.203ms
04-11 02:54:36.495 25925 25949 I native-activity: Doing egl_swapbuffers_sync 1
04-11 02:54:36.495 25925 25949 D native-activity: Reading pixels format 0x1908 type 0x1401 bpp 4
04-11 02:54:36.570 25925 25949 I native-activity: Read pixels, GL error is 0x0
04-11 02:54:36.570 25925 25949 I native-activity: Swap 366 time is 79.961ms
04-11 02:54:36.570 25925 25949 I native-activity: Animating
04-11 02:54:36.579 25925 25949 I native-activity: Frame 367 GL error is 0x0
04-11 02:54:36.579 25925 25949 I native-activity: Frame 367 time is 8.701ms
04-11 02:54:36.579 25925 25949 I native-activity: Doing egl_swapbuffers_sync 1
04-11 02:54:36.579 25925 25949 D native-activity: Reading pixels format 0x1908 type 0x1401 bpp 4
04-11 02:54:36.644 25925 25949 I native-activity: Read pixels, GL error is 0x0
04-11 02:54:36.644 25925 25949 I native-activity: Swap 367 time is 73.141ms
04-11 02:54:36.644 25925 25949 I native-activity: Animating
04-11 02:54:36.649 25925 25949 I native-activity: Frame 368 GL error is 0x0
04-11 02:54:36.649 25925 25949 I native-activity: Frame 368 time is 4.994ms
04-11 02:54:36.649 25925 25949 I native-activity: Doing egl_swapbuffers_sync 1
04-11 02:54:36.649 25925 25949 D native-activity: Reading pixels format 0x1908 type 0x1401 bpp 4
04-11 02:54:36.725 25925 25949 I native-activity: Read pixels, GL error is 0x0
04-11 02:54:36.725 25925 25949 I native-activity: Swap 368 time is 81.127ms
04-11 02:54:36.725 25925 25949 I native-activity: Animating
04-11 02:54:36.737 25925 25949 I native-activity: Frame 369 GL error is 0x0
04-11 02:54:36.737 25925 25949 I native-activity: Frame 369 time is 12.166ms
04-11 02:54:36.737 25925 25949 I native-activity: Doing egl_swapbuffers_sync 1
04-11 02:54:36.737 25925 25949 D native-activity: Reading pixels format 0x1908 type 0x1401 bpp 4
04-11 02:54:36.726    93    93 I Kernel  : [310516.341289] (3)[93:irq/258-inv_irq]inv_mpu_iio: inv_read_fifo: Received Sensor Interrupt to read FIFO and Fifo_count is 6
04-11 02:54:36.802 25925 25949 I native-activity: Read pixels, GL error is 0x0
04-11 02:54:36.802 25925 25949 I native-activity: Swap 369 time is 76.513ms
04-11 02:54:36.802 25925 25949 I native-activity: Animating
04-11 02:54:36.807 25925 25949 I native-activity: Frame 370 GL error is 0x0
04-11 02:54:36.807 25925 25949 I native-activity: Frame 370 time is 5.004ms
04-11 02:54:36.807 25925 25949 I native-activity: Doing egl_swapbuffers_sync 1
04-11 02:54:36.807 25925 25949 D native-activity: Reading pixels format 0x1908 type 0x1401 bpp 4
04-11 02:54:36.872 25925 25949 I native-activity: Read pixels, GL error is 0x0
04-11 02:54:36.872 25925 25949 I native-activity: Swap 370 time is 70.778ms
04-11 02:54:36.872 25925 25949 I native-activity: Animating
04-11 02:54:36.879 25925 25949 I native-activity: Frame 371 GL error is 0x0
04-11 02:54:36.879 25925 25949 I native-activity: Frame 371 time is 6.140ms
04-11 02:54:36.879 25925 25949 I native-activity: Doing egl_swapbuffers_sync 1
04-11 02:54:36.879 25925 25949 D native-activity: Reading pixels format 0x1908 type 0x1401 bpp 4
04-11 02:54:36.954 25925 25949 I native-activity: Read pixels, GL error is 0x0
04-11 02:54:36.954 25925 25949 I native-activity: Swap 371 time is 81.388ms
04-11 02:54:36.954 25925 25949 I native-activity: Animating
04-11 02:54:36.960 25925 25949 I native-activity: Frame 372 GL error is 0x0
04-11 02:54:36.960 25925 25949 I native-activity: Frame 372 time is 6.057ms
04-11 02:54:36.960 25925 25949 I native-activity: Doing egl_swapbuffers_sync 1
04-11 02:54:36.960 25925 25949 D native-activity: Reading pixels format 0x1908 type 0x1401 bpp 4
04-11 02:54:37.025 25925 25949 I native-activity: Read pixels, GL error is 0x0
04-11 02:54:37.025 25925 25949 I native-activity: Swap 372 time is 70.576ms
04-11 02:54:37.025 25925 25949 I native-activity: Animating
04-11 02:54:37.030 25925 25949 I native-activity: Frame 373 GL error is 0x0
04-11 02:54:37.030 25925 25949 I native-activity: Frame 373 time is 4.914ms
04-11 02:54:37.030 25925 25949 I native-activity: Doing egl_swapbuffers_sync 1
04-11 02:54:37.030 25925 25949 D native-activity: Reading pixels format 0x1908 type 0x1401 bpp 4
04-11 02:54:37.106 25925 25949 I native-activity: Read pixels, GL error is 0x0
04-11 02:54:37.106 25925 25949 I native-activity: Swap 373 time is 81.187ms
04-11 02:54:37.106 25925 25949 I native-activity: Animating
04-11 02:54:37.118 25925 25949 I native-activity: Frame 374 GL error is 0x0
04-11 02:54:37.118 25925 25949 I native-activity: Frame 374 time is 11.555ms
04-11 02:54:37.118 25925 25949 I native-activity: Doing egl_swapbuffers_sync 1
04-11 02:54:37.118 25925 25949 D native-activity: Reading pixels format 0x1908 type 0x1401 bpp 4
04-11 02:54:37.182 25925 25949 I native-activity: Read pixels, GL error is 0x0
04-11 02:54:37.182 25925 25949 I native-activity: Swap 374 time is 76.100ms
04-11 02:54:37.182 25925 25949 I native-activity: Animating
04-11 02:54:37.187 25925 25949 I native-activity: Frame 375 GL error is 0x0
04-11 02:54:37.187 25925 25949 I native-activity: Frame 375 time is 4.908ms
04-11 02:54:37.187 25925 25949 I native-activity: Doing egl_swapbuffers_sync 1
04-11 02:54:37.187 25925 25949 D native-activity: Reading pixels format 0x1908 type 0x1401 bpp 4
04-11 02:54:37.263 25925 25949 I native-activity: Read pixels, GL error is 0x0
04-11 02:54:37.263 25925 25949 I native-activity: Swap 375 time is 80.636ms
04-11 02:54:37.263 25925 25949 I native-activity: Animating
04-11 02:54:37.276 25925 25949 I native-activity: Frame 376 GL error is 0x0
04-11 02:54:37.277 25925 25949 I native-activity: Frame 376 time is 13.293ms
04-11 02:54:37.277 25925 25949 I native-activity: Doing egl_swapbuffers_sync 1
04-11 02:54:37.277 25925 25949 D native-activity: Reading pixels format 0x1908 type 0x1401 bpp 4
04-11 02:54:37.341 25925 25949 I native-activity: Read pixels, GL error is 0x0
04-11 02:54:37.341 25925 25949 I native-activity: Swap 376 time is 77.788ms
04-11 02:54:37.341 25925 25949 I native-activity: Animating
04-11 02:54:37.346 25925 25949 I native-activity: Frame 377 GL error is 0x0
04-11 02:54:37.346 25925 25949 I native-activity: Frame 377 time is 4.760ms
04-11 02:54:37.346 25925 25949 I native-activity: Doing egl_swapbuffers_sync 1
04-11 02:54:37.346 25925 25949 D native-activity: Reading pixels format 0x1908 type 0x1401 bpp 4
04-11 02:54:37.422 25925 25949 I native-activity: Read pixels, GL error is 0x0
04-11 02:54:37.422 25925 25949 I native-activity: Swap 377 time is 80.954ms
04-11 02:54:37.422 25925 25949 I native-activity: Animating
04-11 02:54:37.436 25925 25949 I native-activity: Frame 378 GL error is 0x0
04-11 02:54:37.436 25925 25949 I native-activity: Frame 378 time is 13.757ms
04-11 02:54:37.436 25925 25949 I native-activity: Doing egl_swapbuffers_sync 1
04-11 02:54:37.436 25925 25949 D native-activity: Reading pixels format 0x1908 type 0x1401 bpp 4
04-11 02:54:37.499 25925 25949 I native-activity: Read pixels, GL error is 0x0
04-11 02:54:37.500 25925 25949 I native-activity: Swap 378 time is 77.282ms
04-11 02:54:37.500 25925 25949 I native-activity: Animating
04-11 02:54:37.504 25925 25949 I native-activity: Frame 379 GL error is 0x0
04-11 02:54:37.504 25925 25949 I native-activity: Frame 379 time is 4.862ms
04-11 02:54:37.504 25925 25949 I native-activity: Doing egl_swapbuffers_sync 1
04-11 02:54:37.504 25925 25949 D native-activity: Reading pixels format 0x1908 type 0x1401 bpp 4
04-11 02:54:37.556    93    93 I Kernel  : [310517.172179] (3)[93:irq/258-inv_irq]inv_mpu_iio: inv_read_fifo: Received Sensor Interrupt to read FIFO and Fifo_count is 6
04-11 02:54:37.581 25925 25949 I native-activity: Read pixels, GL error is 0x0
04-11 02:54:37.581 25925 25949 I native-activity: Swap 379 time is 81.109ms
04-11 02:54:37.581 25925 25949 I native-activity: Animating
04-11 02:54:37.596 25925 25949 I native-activity: Frame 380 GL error is 0x0
04-11 02:54:37.596 25925 25949 I native-activity: Frame 380 time is 14.915ms
04-11 02:54:37.596 25925 25949 I native-activity: Doing egl_swapbuffers_sync 1
04-11 02:54:37.596 25925 25949 D native-activity: Reading pixels format 0x1908 type 0x1401 bpp 4
04-11 02:54:37.659 25925 25949 I native-activity: Read pixels, GL error is 0x0
04-11 02:54:37.659 25925 25949 I native-activity: Swap 380 time is 77.817ms
04-11 02:54:37.659 25925 25949 I native-activity: Animating
04-11 02:54:37.663 25925 25949 I native-activity: Frame 381 GL error is 0x0
04-11 02:54:37.663 25925 25949 I native-activity: Frame 381 time is 4.223ms
04-11 02:54:37.663 25925 25949 I native-activity: Doing egl_swapbuffers_sync 1
04-11 02:54:37.663 25925 25949 D native-activity: Reading pixels format 0x1908 type 0x1401 bpp 4
04-11 02:54:37.739 25925 25949 I native-activity: Read pixels, GL error is 0x0
04-11 02:54:37.739 25925 25949 I native-activity: Swap 381 time is 80.218ms
04-11 02:54:37.739 25925 25949 I native-activity: Animating
04-11 02:54:37.755 25925 25949 I native-activity: Frame 382 GL error is 0x0
04-11 02:54:37.755 25925 25949 I native-activity: Frame 382 time is 15.560ms
04-11 02:54:37.755 25925 25949 I native-activity: Doing egl_swapbuffers_sync 1
04-11 02:54:37.755 25925 25949 D native-activity: Reading pixels format 0x1908 type 0x1401 bpp 4
04-11 02:54:37.817 25925 25949 I native-activity: Read pixels, GL error is 0x0
04-11 02:54:37.817 25925 25949 I native-activity: Swap 382 time is 77.943ms
04-11 02:54:37.817 25925 25949 I native-activity: Animating
04-11 02:54:37.821 25925 25949 I native-activity: Frame 383 GL error is 0x0
04-11 02:54:37.821 25925 25949 I native-activity: Frame 383 time is 4.195ms
04-11 02:54:37.821 25925 25949 I native-activity: Doing egl_swapbuffers_sync 1
04-11 02:54:37.821 25925 25949 D native-activity: Reading pixels format 0x1908 type 0x1401 bpp 4
04-11 02:54:37.898 25925 25949 I native-activity: Read pixels, GL error is 0x0
04-11 02:54:37.898 25925 25949 I native-activity: Swap 383 time is 80.318ms
04-11 02:54:37.898 25925 25949 I native-activity: Animating
04-11 02:54:37.913 25925 25949 I native-activity: Frame 384 GL error is 0x0
04-11 02:54:37.914 25925 25949 I native-activity: Frame 384 time is 15.702ms
04-11 02:54:37.914 25925 25949 I native-activity: Doing egl_swapbuffers_sync 1
04-11 02:54:37.914 25925 25949 D native-activity: Reading pixels format 0x1908 type 0x1401 bpp 4
04-11 02:54:37.976 25925 25949 I native-activity: Read pixels, GL error is 0x0
04-11 02:54:37.976 25925 25949 I native-activity: Swap 384 time is 78.116ms
04-11 02:54:37.976 25925 25949 I native-activity: Animating
04-11 02:54:37.981 25925 25949 I native-activity: Frame 385 GL error is 0x0
04-11 02:54:37.981 25925 25949 I native-activity: Frame 385 time is 4.901ms
04-11 02:54:37.981 25925 25949 I native-activity: Doing egl_swapbuffers_sync 1
04-11 02:54:37.981 25925 25949 D native-activity: Reading pixels format 0x1908 type 0x1401 bpp 4
04-11 02:54:38.056 25925 25949 I native-activity: Read pixels, GL error is 0x0
04-11 02:54:38.056 25925 25949 I native-activity: Swap 385 time is 80.080ms
04-11 02:54:38.056 25925 25949 I native-activity: Animating
04-11 02:54:38.067 25925 25949 I native-activity: Frame 386 GL error is 0x0
04-11 02:54:38.067 25925 25949 I native-activity: Frame 386 time is 11.201ms
04-11 02:54:38.068 25925 25949 I native-activity: Doing egl_swapbuffers_sync 1
04-11 02:54:38.068 25925 25949 D native-activity: Reading pixels format 0x1908 type 0x1401 bpp 4
04-11 02:54:38.138 25925 25949 I native-activity: Read pixels, GL error is 0x0
04-11 02:54:38.138 25925 25949 I native-activity: Swap 386 time is 81.785ms
04-11 02:54:38.138 25925 25949 I native-activity: Animating
04-11 02:54:38.149 25925 25949 I native-activity: Frame 387 GL error is 0x0
04-11 02:54:38.149 25925 25949 I native-activity: Frame 387 time is 11.188ms
04-11 02:54:38.149 25925 25949 I native-activity: Doing egl_swapbuffers_sync 1
04-11 02:54:38.149 25925 25949 D native-activity: Reading pixels format 0x1908 type 0x1401 bpp 4
04-11 02:54:38.221 25925 25949 I native-activity: Read pixels, GL error is 0x0
04-11 02:54:38.221 25925 25949 I native-activity: Swap 387 time is 82.372ms
04-11 02:54:38.221 25925 25949 I native-activity: Animating
04-11 02:54:38.232 25925 25949 I native-activity: Frame 388 GL error is 0x0
04-11 02:54:38.232 25925 25949 I native-activity: Frame 388 time is 11.535ms
04-11 02:54:38.232 25925 25949 I native-activity: Doing egl_swapbuffers_sync 1
04-11 02:54:38.232 25925 25949 D native-activity: Reading pixels format 0x1908 type 0x1401 bpp 4
04-11 02:54:38.296 25925 25949 I native-activity: Read pixels, GL error is 0x0
04-11 02:54:38.296 25925 25949 I native-activity: Swap 388 time is 74.849ms
04-11 02:54:38.296 25925 25949 I native-activity: Animating
04-11 02:54:38.301 25925 25949 I native-activity: Frame 389 GL error is 0x0
04-11 02:54:38.301 25925 25949 I native-activity: Frame 389 time is 4.847ms
04-11 02:54:38.301 25925 25949 I native-activity: Doing egl_swapbuffers_sync 1
04-11 02:54:38.301 25925 25949 D native-activity: Reading pixels format 0x1908 type 0x1401 bpp 4
04-11 02:54:38.376 25925 25949 I native-activity: Read pixels, GL error is 0x0
04-11 02:54:38.376 25925 25949 I native-activity: Swap 389 time is 80.622ms
04-11 02:54:38.376 25925 25949 I native-activity: Animating
04-11 02:54:38.388 25925 25949 I native-activity: Frame 390 GL error is 0x0
04-11 02:54:38.388 25925 25949 I native-activity: Frame 390 time is 11.766ms
04-11 02:54:38.388 25925 25949 I native-activity: Doing egl_swapbuffers_sync 1
04-11 02:54:38.388 25925 25949 D native-activity: Reading pixels format 0x1908 type 0x1401 bpp 4
04-11 02:54:38.386    93    93 I Kernel  : [310518.003016] (3)[93:irq/258-inv_irq]inv_mpu_iio: inv_read_fifo: Received Sensor Interrupt to read FIFO and Fifo_count is 6
04-11 02:54:38.459 25925 25949 I native-activity: Read pixels, GL error is 0x0
04-11 02:54:38.459 25925 25949 I native-activity: Swap 390 time is 82.505ms
04-11 02:54:38.459 25925 25949 I native-activity: Animating
04-11 02:54:38.470 25925 25949 I native-activity: Frame 391 GL error is 0x0
04-11 02:54:38.470 25925 25949 I native-activity: Frame 391 time is 11.069ms
04-11 02:54:38.470 25925 25949 I native-activity: Doing egl_swapbuffers_sync 1
04-11 02:54:38.470 25925 25949 D native-activity: Reading pixels format 0x1908 type 0x1401 bpp 4
04-11 02:54:38.541 25925 25949 I native-activity: Read pixels, GL error is 0x0
04-11 02:54:38.541 25925 25949 I native-activity: Swap 391 time is 81.997ms
04-11 02:54:38.541 25925 25949 I native-activity: Animating
04-11 02:54:38.554 25925 25949 I native-activity: Frame 392 GL error is 0x0
04-11 02:54:38.554 25925 25949 I native-activity: Frame 392 time is 12.919ms
04-11 02:54:38.554 25925 25949 I native-activity: Doing egl_swapbuffers_sync 1
04-11 02:54:38.554 25925 25949 D native-activity: Reading pixels format 0x1908 type 0x1401 bpp 4
04-11 02:54:38.617 25925 25949 I native-activity: Read pixels, GL error is 0x0
04-11 02:54:38.617 25925 25949 I native-activity: Swap 392 time is 76.032ms
04-11 02:54:38.617 25925 25949 I native-activity: Animating
04-11 02:54:38.622 25925 25949 I native-activity: Frame 393 GL error is 0x0
04-11 02:54:38.622 25925 25949 I native-activity: Frame 393 time is 4.268ms
04-11 02:54:38.622 25925 25949 I native-activity: Doing egl_swapbuffers_sync 1
04-11 02:54:38.622 25925 25949 D native-activity: Reading pixels format 0x1908 type 0x1401 bpp 4
04-11 02:54:38.698 25925 25949 I native-activity: Read pixels, GL error is 0x0
04-11 02:54:38.698 25925 25949 I native-activity: Swap 393 time is 80.365ms
04-11 02:54:38.698 25925 25949 I native-activity: Animating
04-11 02:54:38.712 25925 25949 I native-activity: Frame 394 GL error is 0x0
04-11 02:54:38.712 25925 25949 I native-activity: Frame 394 time is 14.270ms
04-11 02:54:38.712 25925 25949 I native-activity: Doing egl_swapbuffers_sync 1
04-11 02:54:38.712 25925 25949 D native-activity: Reading pixels format 0x1908 type 0x1401 bpp 4
04-11 02:54:38.775 25925 25949 I native-activity: Read pixels, GL error is 0x0
04-11 02:54:38.775 25925 25949 I native-activity: Swap 394 time is 77.338ms
04-11 02:54:38.775 25925 25949 I native-activity: Animating
04-11 02:54:38.780 25925 25949 I native-activity: Frame 395 GL error is 0x0
04-11 02:54:38.780 25925 25949 I native-activity: Frame 395 time is 4.114ms
04-11 02:54:38.780 25925 25949 I native-activity: Doing egl_swapbuffers_sync 1
04-11 02:54:38.780 25925 25949 D native-activity: Reading pixels format 0x1908 type 0x1401 bpp 4
04-11 02:54:38.786    93    93 I Kernel  : [310518.403398] (3)[93:irq/258-inv_irq]inv_mpu_iio: inv_push_8bytes_buffer: Received Accel Sensor Data at Driver Layer -488, 1692, -16448
04-11 02:54:38.855 25925 25949 I native-activity: Read pixels, GL error is 0x0
04-11 02:54:38.856 25925 25949 I native-activity: Swap 395 time is 80.096ms
04-11 02:54:38.856 25925 25949 I native-activity: Animating
04-11 02:54:38.860 25925 25949 I native-activity: Frame 396 GL error is 0x0
04-11 02:54:38.860 25925 25949 I native-activity: Frame 396 time is 4.493ms
04-11 02:54:38.860 25925 25949 I native-activity: Doing egl_swapbuffers_sync 1
04-11 02:54:38.860 25925 25949 D native-activity: Reading pixels format 0x1908 type 0x1401 bpp 4
04-11 02:54:38.925 25925 25949 I native-activity: Read pixels, GL error is 0x0
04-11 02:54:38.925 25925 25949 I native-activity: Swap 396 time is 69.288ms
04-11 02:54:38.925 25925 25949 I native-activity: Animating
04-11 02:54:38.929 25925 25949 I native-activity: Frame 397 GL error is 0x0
04-11 02:54:38.929 25925 25949 I native-activity: Frame 397 time is 4.445ms
04-11 02:54:38.929 25925 25949 I native-activity: Doing egl_swapbuffers_sync 1
04-11 02:54:38.929 25925 25949 D native-activity: Reading pixels format 0x1908 type 0x1401 bpp 4
04-11 02:54:39.005 25925 25949 I native-activity: Read pixels, GL error is 0x0
04-11 02:54:39.005 25925 25949 I native-activity: Swap 397 time is 80.409ms
04-11 02:54:39.006 25925 25949 I native-activity: Animating
04-11 02:54:39.017 25925 25949 I native-activity: Frame 398 GL error is 0x0
04-11 02:54:39.017 25925 25949 I native-activity: Frame 398 time is 11.761ms
04-11 02:54:39.017 25925 25949 I native-activity: Doing egl_swapbuffers_sync 1
04-11 02:54:39.017 25925 25949 D native-activity: Reading pixels format 0x1908 type 0x1401 bpp 4
04-11 02:54:39.082 25925 25949 I native-activity: Read pixels, GL error is 0x0
04-11 02:54:39.082 25925 25949 I native-activity: Swap 398 time is 76.272ms
04-11 02:54:39.082 25925 25949 I native-activity: Animating
04-11 02:54:39.086 25925 25949 I native-activity: Frame 399 GL error is 0x0
04-11 02:54:39.086 25925 25949 I native-activity: Frame 399 time is 4.220ms
04-11 02:54:39.086 25925 25949 I native-activity: Doing egl_swapbuffers_sync 1
04-11 02:54:39.086 25925 25949 D native-activity: Reading pixels format 0x1908 type 0x1401 bpp 4
04-11 02:54:39.162 25925 25949 I native-activity: Read pixels, GL error is 0x0
04-11 02:54:39.162 25925 25949 I native-activity: Swap 399 time is 80.139ms
04-11 02:54:39.162 25925 25949 I native-activity: Animating
04-11 02:54:39.176 25925 25949 I native-activity: Frame 400 GL error is 0x0
04-11 02:54:39.176 25925 25949 I native-activity: Frame 400 time is 13.698ms
04-11 02:54:39.176 25925 25949 I native-activity: Doing egl_swapbuffers_sync 1
04-11 02:54:39.176 25925 25949 D native-activity: Reading pixels format 0x1908 type 0x1401 bpp 4
04-11 02:54:39.216    93    93 I Kernel  : [310518.833842] (3)[93:irq/258-inv_irq]inv_mpu_iio: inv_read_fifo: Received Sensor Interrupt to read FIFO and Fifo_count is 6
04-11 02:54:39.239 25925 25949 I native-activity: Read pixels, GL error is 0x0
04-11 02:54:39.239 25925 25949 I native-activity: Swap 400 time is 77.140ms
04-11 02:54:39.239 25925 25949 I native-activity: Animating
04-11 02:54:39.244 25925 25949 I native-activity: Frame 401 GL error is 0x0
04-11 02:54:39.244 25925 25949 I native-activity: Frame 401 time is 4.131ms
04-11 02:54:39.244 25925 25949 I native-activity: Doing egl_swapbuffers_sync 1
04-11 02:54:39.244 25925 25949 D native-activity: Reading pixels format 0x1908 type 0x1401 bpp 4
04-11 02:54:39.320 25925 25949 I native-activity: Read pixels, GL error is 0x0
