04-13 01:08:44.708 10462 10480 I native-activity: Animating
04-13 01:08:44.724 10462 10480 I native-activity: Frame 177 GL error is 0x0
04-13 01:08:44.724 10462 10480 I native-activity: Frame 177 time is 16.505ms
04-13 01:08:44.726 10462 10480 I native-activity: Swap 177 time is 18.172ms
04-13 01:08:44.727 10462 10480 I native-activity: Animating
04-13 01:08:44.741 10462 10480 I native-activity: Frame 178 GL error is 0x0
04-13 01:08:44.741 10462 10480 I native-activity: Frame 178 time is 14.191ms
04-13 01:08:44.743 10462 10480 I native-activity: Swap 178 time is 15.697ms
04-13 01:08:44.743 10462 10480 I native-activity: Animating
04-13 01:08:44.756 10462 10480 I native-activity: Frame 179 GL error is 0x0
04-13 01:08:44.756 10462 10480 I native-activity: Frame 179 time is 13.046ms
04-13 01:08:44.757 10462 10480 I native-activity: Swap 179 time is 14.387ms
04-13 01:08:44.758 10462 10480 I native-activity: Animating
04-13 01:08:44.775 10462 10480 I native-activity: Frame 180 GL error is 0x0
04-13 01:08:44.775 10462 10480 I native-activity: Frame 180 time is 17.656ms
04-13 01:08:44.777 10462 10480 I native-activity: Swap 180 time is 19.322ms
04-13 01:08:44.777 10462 10480 I native-activity: Animating
04-13 01:08:44.792 10462 10480 I native-activity: Frame 181 GL error is 0x0
04-13 01:08:44.792 10462 10480 I native-activity: Frame 181 time is 15.241ms
04-13 01:08:44.794 10462 10480 I native-activity: Swap 181 time is 16.771ms
04-13 01:08:44.794 10462 10480 I native-activity: Animating
04-13 01:08:44.809 10462 10480 I native-activity: Frame 182 GL error is 0x0
04-13 01:08:44.809 10462 10480 I native-activity: Frame 182 time is 15.076ms
04-13 01:08:44.812 10462 10480 I native-activity: Swap 182 time is 17.266ms
04-13 01:08:44.813 10462 10480 I native-activity: Animating
04-13 01:08:44.825 10462 10480 I native-activity: Frame 183 GL error is 0x0
04-13 01:08:44.825 10462 10480 I native-activity: Frame 183 time is 11.991ms
04-13 01:08:44.829 10462 10480 I native-activity: Swap 183 time is 15.428ms
04-13 01:08:44.829 10462 10480 I native-activity: Animating
04-13 01:08:44.841 10462 10480 I native-activity: Frame 184 GL error is 0x0
04-13 01:08:44.841 10462 10480 I native-activity: Frame 184 time is 11.925ms
04-13 01:08:44.843 10462 10480 I native-activity: Swap 184 time is 13.375ms
04-13 01:08:44.843 10462 10480 I native-activity: Animating
04-13 01:08:44.858 10462 10480 I native-activity: Frame 185 GL error is 0x0
04-13 01:08:44.858 10462 10480 I native-activity: Frame 185 time is 15.301ms
04-13 01:08:44.861 10462 10480 I native-activity: Swap 185 time is 17.818ms
04-13 01:08:44.861 10462 10480 I native-activity: Animating
04-13 01:08:44.879 10462 10480 I native-activity: Frame 186 GL error is 0x0
04-13 01:08:44.879 10462 10480 I native-activity: Frame 186 time is 18.112ms
04-13 01:08:44.881 10462 10480 I native-activity: Swap 186 time is 20.531ms
04-13 01:08:44.882 10462 10480 I native-activity: Animating
04-13 01:08:44.893 10462 10480 I native-activity: Frame 187 GL error is 0x0
04-13 01:08:44.894 10462 10480 I native-activity: Frame 187 time is 11.825ms
04-13 01:08:44.897 10462 10480 I native-activity: Swap 187 time is 14.845ms
04-13 01:08:44.897 10462 10480 I native-activity: Animating
04-13 01:08:44.909 10462 10480 I native-activity: Frame 188 GL error is 0x0
04-13 01:08:44.910 10462 10480 I native-activity: Frame 188 time is 12.100ms
04-13 01:08:44.913 10462 10480 I native-activity: Swap 188 time is 15.461ms
04-13 01:08:44.913 10462 10480 I native-activity: Animating
04-13 01:08:44.929 10462 10480 I native-activity: Frame 189 GL error is 0x0
04-13 01:08:44.929 10462 10480 I native-activity: Frame 189 time is 15.636ms
04-13 01:08:44.931 10462 10480 I native-activity: Swap 189 time is 17.277ms
04-13 01:08:44.931 10462 10480 I native-activity: Animating
04-13 01:08:44.935   962  1810 I PackageRecencyUtils: Waiting for idle
04-13 01:08:44.936   962  1810 I Vlog    : package_recency:broadcast_notification:fgtracking=false;DV;1,key=time_in_queue;DV;1,Timer=5002.0;TI;1,unit=ms;DV;1:HI
04-13 01:08:44.945 10462 10480 I native-activity: Frame 190 GL error is 0x0
04-13 01:08:44.945 10462 10480 I native-activity: Frame 190 time is 14.007ms
04-13 01:08:44.946 10462 10480 I native-activity: Swap 190 time is 15.222ms
04-13 01:08:44.946 10462 10480 I native-activity: Animating
04-13 01:08:44.949   962  5334 D ActivityManager: single user service: com.amazon.kindle.cms
04-13 01:08:44.954   962  5334 D ActivityManager: app = com.amazon.kindle.cms, has single user service, setting process record.
04-13 01:08:44.960 10462 10480 I native-activity: Frame 191 GL error is 0x0
04-13 01:08:44.960 10462 10480 I native-activity: Frame 191 time is 13.620ms
04-13 01:08:44.962 10462 10480 I native-activity: Swap 191 time is 15.427ms
04-13 01:08:44.962 10462 10480 I native-activity: Animating
04-13 01:08:44.977 10462 10480 I native-activity: Frame 192 GL error is 0x0
04-13 01:08:44.977 10462 10480 I native-activity: Frame 192 time is 15.027ms
04-13 01:08:44.978 10462 10480 I native-activity: Swap 192 time is 16.332ms
04-13 01:08:44.978 10462 10480 I native-activity: Animating
04-13 01:08:44.994 10462 10480 I native-activity: Frame 193 GL error is 0x0
04-13 01:08:44.994 10462 10480 I native-activity: Frame 193 time is 15.644ms
04-13 01:08:44.996 10462 10480 I native-activity: Swap 193 time is 17.701ms
04-13 01:08:44.996 10462 10480 I native-activity: Animating
04-13 01:08:45.013 10462 10480 I native-activity: Frame 194 GL error is 0x0
04-13 01:08:45.013 10462 10480 I native-activity: Frame 194 time is 17.118ms
04-13 01:08:45.015 10462 10480 I native-activity: Swap 194 time is 18.389ms
04-13 01:08:45.015 10462 10480 I native-activity: Animating
04-13 01:08:45.017    93    93 I Kernel  : [ 3443.610023] (1)[93:irq/258-inv_irq]inv_mpu_iio: inv_read_fifo: Received Sensor Interrupt to read FIFO and Fifo_count is 6
04-13 01:08:45.030 10462 10480 I native-activity: Frame 195 GL error is 0x0
04-13 01:08:45.030 10462 10480 I native-activity: Frame 195 time is 15.270ms
04-13 01:08:45.032 10462 10480 I native-activity: Swap 195 time is 16.895ms
04-13 01:08:45.032 10462 10480 I native-activity: Animating
04-13 01:08:45.047 10462 10480 I native-activity: Frame 196 GL error is 0x0
04-13 01:08:45.048 10462 10480 I native-activity: Frame 196 time is 15.432ms
04-13 01:08:45.049 10462 10480 I native-activity: Swap 196 time is 16.594ms
04-13 01:08:45.049 10462 10480 I native-activity: Animating
04-13 01:08:45.062 10462 10480 I native-activity: Frame 197 GL error is 0x0
04-13 01:08:45.062 10462 10480 I native-activity: Frame 197 time is 13.261ms
04-13 01:08:45.063 10462 10480 I native-activity: Swap 197 time is 14.526ms
04-13 01:08:45.064 10462 10480 I native-activity: Animating
04-13 01:08:45.082 10462 10480 I native-activity: Frame 198 GL error is 0x0
04-13 01:08:45.082 10462 10480 I native-activity: Frame 198 time is 18.198ms
04-13 01:08:45.083 10462 10480 I native-activity: Swap 198 time is 19.388ms
04-13 01:08:45.083 10462 10480 I native-activity: Animating
04-13 01:08:45.099 10462 10480 I native-activity: Frame 199 GL error is 0x0
04-13 01:08:45.099 10462 10480 I native-activity: Frame 199 time is 15.509ms
04-13 01:08:45.101 10462 10480 I native-activity: Swap 199 time is 17.756ms
04-13 01:08:45.103 10462 10480 I native-activity: Animating
04-13 01:08:45.118 10462 10480 I native-activity: Frame 200 GL error is 0x0
04-13 01:08:45.118 10462 10480 I native-activity: Frame 200 time is 15.626ms
04-13 01:08:45.121 10462 10480 I native-activity: Swap 200 time is 18.167ms
04-13 01:08:45.121 10462 10480 I native-activity: Animating
04-13 01:08:45.131 10462 10480 I native-activity: Frame 201 GL error is 0x0
04-13 01:08:45.131 10462 10480 I native-activity: Frame 201 time is 9.650ms
04-13 01:08:45.133 10462 10480 I native-activity: Swap 201 time is 11.949ms
04-13 01:08:45.134 10462 10480 I native-activity: Animating
04-13 01:08:45.148 10462 10480 I native-activity: Frame 202 GL error is 0x0
04-13 01:08:45.148 10462 10480 I native-activity: Frame 202 time is 13.484ms
04-13 01:08:45.150 10462 10480 I native-activity: Swap 202 time is 15.346ms
04-13 01:08:45.150 10462 10480 I native-activity: Animating
04-13 01:08:45.165 10462 10480 I native-activity: Frame 203 GL error is 0x0
04-13 01:08:45.165 10462 10480 I native-activity: Frame 203 time is 15.146ms
04-13 01:08:45.166 10462 10480 I native-activity: Swap 203 time is 16.578ms
04-13 01:08:45.167 10462 10480 I native-activity: Animating
04-13 01:08:45.181 10462 10480 I native-activity: Frame 204 GL error is 0x0
04-13 01:08:45.181 10462 10480 I native-activity: Frame 204 time is 14.909ms
04-13 01:08:45.182 10462 10480 I native-activity: Swap 204 time is 15.786ms
04-13 01:08:45.182 10462 10480 I native-activity: Animating
04-13 01:08:45.198 10462 10480 I native-activity: Frame 205 GL error is 0x0
04-13 01:08:45.198 10462 10480 I native-activity: Frame 205 time is 15.711ms
04-13 01:08:45.199 10462 10480 I native-activity: Swap 205 time is 16.770ms
04-13 01:08:45.200 10462 10480 I native-activity: Animating
04-13 01:08:45.215 10462 10480 I native-activity: Frame 206 GL error is 0x0
04-13 01:08:45.215 10462 10480 I native-activity: Frame 206 time is 15.700ms
04-13 01:08:45.216 10462 10480 I native-activity: Swap 206 time is 16.609ms
04-13 01:08:45.216 10462 10480 I native-activity: Animating
04-13 01:08:45.232 10462 10480 I native-activity: Frame 207 GL error is 0x0
04-13 01:08:45.233 10462 10480 I native-activity: Frame 207 time is 16.269ms
04-13 01:08:45.234 10462 10480 I native-activity: Swap 207 time is 17.205ms
04-13 01:08:45.234 10462 10480 I native-activity: Animating
04-13 01:08:45.251 10462 10480 I native-activity: Frame 208 GL error is 0x0
04-13 01:08:45.251 10462 10480 I native-activity: Frame 208 time is 16.908ms
04-13 01:08:45.252 10462 10480 I native-activity: Swap 208 time is 17.753ms
04-13 01:08:45.252 10462 10480 I native-activity: Animating
04-13 01:08:45.266 10462 10480 I native-activity: Frame 209 GL error is 0x0
04-13 01:08:45.266 10462 10480 I native-activity: Frame 209 time is 14.577ms
04-13 01:08:45.267 10462 10480 I native-activity: Swap 209 time is 15.230ms
04-13 01:08:45.267 10462 10480 I native-activity: Animating
04-13 01:08:45.280   962  1725 D WifiService: acquireWifiLockLocked: WifiLock{com.amazon.dcp.framework.iuc.ConnectionEstablisherWithConnectivityEnforcement type=1 binder=android.os.BinderProxy@7559148}
04-13 01:08:45.284 10462 10480 I native-activity: Frame 210 GL error is 0x0
04-13 01:08:45.284 10462 10480 I native-activity: Frame 210 time is 17.202ms
04-13 01:08:45.285 10462 10480 I native-activity: Swap 210 time is 17.964ms
04-13 01:08:45.285 10462 10480 I native-activity: Animating
04-13 01:08:45.294   962  1726 D ActivityManager: single user service: com.amazon.imp
04-13 01:08:45.295   962  1726 D ActivityManager: app = com.amazon.imp, has single user service, setting process record.
04-13 01:08:45.301 10462 10480 I native-activity: Frame 211 GL error is 0x0
04-13 01:08:45.301 10462 10480 I native-activity: Frame 211 time is 16.170ms
04-13 01:08:45.302 10462 10480 I native-activity: Swap 211 time is 16.785ms
04-13 01:08:45.302 10462 10480 I native-activity: Animating
04-13 01:08:45.319 10462 10480 I native-activity: Frame 212 GL error is 0x0
04-13 01:08:45.319 10462 10480 I native-activity: Frame 212 time is 16.875ms
04-13 01:08:45.319 10462 10480 I native-activity: Swap 212 time is 17.470ms
04-13 01:08:45.320 10462 10480 I native-activity: Animating
04-13 01:08:45.335   962  1726 D ActivityManager: single user service: com.amazon.kindle.cms
04-13 01:08:45.337   962  1726 D ActivityManager: app = com.amazon.kindle.cms, has single user service, setting process record.
04-13 01:08:45.337 10462 10480 I native-activity: Frame 213 GL error is 0x0
04-13 01:08:45.337 10462 10480 I native-activity: Frame 213 time is 17.747ms
04-13 01:08:45.339 10462 10480 I native-activity: Swap 213 time is 18.743ms
04-13 01:08:45.339 10462 10480 I native-activity: Animating
04-13 01:08:45.354 10462 10480 I native-activity: Frame 214 GL error is 0x0
04-13 01:08:45.354 10462 10480 I native-activity: Frame 214 time is 14.896ms
04-13 01:08:45.355 10462 10480 I native-activity: Swap 214 time is 16.370ms
04-13 01:08:45.355 10462 10480 I native-activity: Animating
04-13 01:08:45.370 10462 10480 I native-activity: Frame 215 GL error is 0x0
04-13 01:08:45.370 10462 10480 I native-activity: Frame 215 time is 14.398ms
04-13 01:08:45.371 10462 10480 I native-activity: Swap 215 time is 15.440ms
04-13 01:08:45.371 10462 10480 I native-activity: Animating
04-13 01:08:45.385 10462 10480 I native-activity: Frame 216 GL error is 0x0
04-13 01:08:45.385 10462 10480 I native-activity: Frame 216 time is 14.620ms
04-13 01:08:45.386 10462 10480 I native-activity: Swap 216 time is 15.165ms
04-13 01:08:45.386 10462 10480 I native-activity: Animating
04-13 01:08:45.402 10462 10480 I native-activity: Frame 217 GL error is 0x0
04-13 01:08:45.403 10462 10480 I native-activity: Frame 217 time is 16.381ms
04-13 01:08:45.403 10462 10480 I native-activity: Swap 217 time is 16.983ms
04-13 01:08:45.403 10462 10480 I native-activity: Animating
04-13 01:08:45.419 10462 10480 I native-activity: Frame 218 GL error is 0x0
04-13 01:08:45.419 10462 10480 I native-activity: Frame 218 time is 16.128ms
04-13 01:08:45.421 10462 10480 I native-activity: Swap 218 time is 17.446ms
04-13 01:08:45.421 10462 10480 I native-activity: Animating
04-13 01:08:45.436 10462 10480 I native-activity: Frame 219 GL error is 0x0
04-13 01:08:45.436 10462 10480 I native-activity: Frame 219 time is 15.702ms
04-13 01:08:45.438 10462 10480 I native-activity: Swap 219 time is 16.889ms
04-13 01:08:45.438 10462 10480 I native-activity: Animating
04-13 01:08:45.455 10462 10480 I native-activity: Frame 220 GL error is 0x0
04-13 01:08:45.455 10462 10480 I native-activity: Frame 220 time is 16.838ms
04-13 01:08:45.455   962  5168 D ActivityManager: single user service: com.amazon.kindle.cms
04-13 01:08:45.456 10462 10480 I native-activity: Swap 220 time is 17.805ms
04-13 01:08:45.456 10462 10480 I native-activity: Animating
04-13 01:08:45.457   962  5168 D ActivityManager: app = com.amazon.kindle.cms, has single user service, setting process record.
04-13 01:08:45.471 10462 10480 I native-activity: Frame 221 GL error is 0x0
04-13 01:08:45.471 10462 10480 I native-activity: Frame 221 time is 15.112ms
04-13 01:08:45.472 10462 10480 I native-activity: Swap 221 time is 16.368ms
04-13 01:08:45.472 10462 10480 I native-activity: Animating
04-13 01:08:45.482   962  1245 D ActivityManager: single user service: com.amazon.kindle.cms
04-13 01:08:45.483   962  1245 D ActivityManager: app = com.amazon.kindle.cms, has single user service, setting process record.
04-13 01:08:45.488 10462 10480 I native-activity: Frame 222 GL error is 0x0
04-13 01:08:45.488 10462 10480 I native-activity: Frame 222 time is 15.328ms
04-13 01:08:45.489 10462 10480 I native-activity: Swap 222 time is 16.068ms
04-13 01:08:45.489 10462 10480 I native-activity: Animating
04-13 01:08:45.505 10462 10480 I native-activity: Frame 223 GL error is 0x0
04-13 01:08:45.505 10462 10480 I native-activity: Frame 223 time is 16.135ms
04-13 01:08:45.506 10462 10480 I native-activity: Swap 223 time is 17.087ms
04-13 01:08:45.506 10462 10480 I native-activity: Animating
04-13 01:08:45.510   962  1940 W AccountManagerService: insertAccountIntoDatabase: Account {name=default_account, type=com.amazon.firelauncher.account}, skipping since the account already exists
04-13 01:08:45.516   962  1725 W AccountManagerService: insertAccountIntoDatabase: Account {name=default_account, type=com.amazon.firelauncher.account}, skipping since the account already exists
04-13 01:08:45.522   962  3494 W AccountManagerService: insertAccountIntoDatabase: Account {name=default_account, type=com.amazon.firelauncher.account}, skipping since the account already exists
04-13 01:08:45.523 10462 10480 I native-activity: Frame 224 GL error is 0x0
04-13 01:08:45.523 10462 10480 I native-activity: Frame 224 time is 17.245ms
04-13 01:08:45.525 10462 10480 I native-activity: Swap 224 time is 19.094ms
04-13 01:08:45.525 10462 10480 I native-activity: Animating
04-13 01:08:45.592   962  1716 D ActivityManager: single user service: com.amazon.kindle.cms
04-13 01:08:45.594   962   977 D WifiService: releaseWifiLockLocked: WifiLock{com.amazon.dcp.framework.iuc.ConnectionEstablisherWithConnectivityEnforcement type=1 binder=android.os.BinderProxy@7559148}
04-13 01:08:45.594   962  1716 D ActivityManager: app = com.amazon.kindle.cms, has single user service, setting process record.
04-13 01:08:45.602   962  1240 W AccountManagerService: insertAccountIntoDatabase: Account {name=default_account, type=com.amazon.firelauncher.account}, skipping since the account already exists
04-13 01:08:45.617   962  1011 W AccountManagerService: insertAccountIntoDatabase: Account {name=default_account, type=com.amazon.firelauncher.account}, skipping since the account already exists
04-13 01:08:45.620   962  5335 W AccountManagerService: insertAccountIntoDatabase: Account {name=default_account, type=com.amazon.firelauncher.account}, skipping since the account already exists
04-13 01:08:45.624   962  5334 W AccountManagerService: insertAccountIntoDatabase: Account {name=default_account, type=com.amazon.firelauncher.account}, skipping since the account already exists
04-13 01:08:45.677   962  1245 W AccountManagerService: insertAccountIntoDatabase: Account {name=default_account, type=com.amazon.firelauncher.account}, skipping since the account already exists
04-13 01:08:45.684   962  1725 W AccountManagerService: insertAccountIntoDatabase: Account {name=default_account, type=com.amazon.firelauncher.account}, skipping since the account already exists
04-13 01:08:45.686   962  1240 W AccountManagerService: insertAccountIntoDatabase: Account {name=default_account, type=com.amazon.firelauncher.account}, skipping since the account already exists
04-13 01:08:45.691   962  3494 W AccountManagerService: insertAccountIntoDatabase: Account {name=default_account, type=com.amazon.firelauncher.account}, skipping since the account already exists
04-13 01:08:45.706   962   977 W AccountManagerService: insertAccountIntoDatabase: Account {name=default_account, type=com.amazon.firelauncher.account}, skipping since the account already exists
04-13 01:08:45.729   962  1725 W AccountManagerService: insertAccountIntoDatabase: Account {name=default_account, type=com.amazon.firelauncher.account}, skipping since the account already exists
04-13 01:08:45.758   962   978 W AccountManagerService: insertAccountIntoDatabase: Account {name=default_account, type=com.amazon.firelauncher.account}, skipping since the account already exists
04-13 01:08:45.762   962  1940 W AccountManagerService: insertAccountIntoDatabase: Account {name=default_account, type=com.amazon.firelauncher.account}, skipping since the account already exists
04-13 01:08:45.765   962  5335 W AccountManagerService: insertAccountIntoDatabase: Account {name=default_account, type=com.amazon.firelauncher.account}, skipping since the account already exists
04-13 01:08:45.806   962  1240 W AccountManagerService: insertAccountIntoDatabase: Account {name=default_account, type=com.amazon.firelauncher.account}, skipping since the account already exists
04-13 01:08:45.820   962  1245 W AccountManagerService: insertAccountIntoDatabase: Account {name=default_account, type=com.amazon.firelauncher.account}, skipping since the account already exists
04-13 01:08:45.821   962  1726 D WifiService: acquireWifiLockLocked: WifiLock{com.amazon.dcp.framework.iuc.ConnectionEstablisherWithConnectivityEnforcement type=1 binder=android.os.BinderProxy@38a477af}
04-13 01:08:45.837   962  1011 D ActivityManager: single user service: com.amazon.imp
04-13 01:08:45.839   962  1011 D ActivityManager: app = com.amazon.imp, has single user service, setting process record.
04-13 01:08:45.840   962  5334 W AccountManagerService: insertAccountIntoDatabase: Account {name=default_account, type=com.amazon.firelauncher.account}, skipping since the account already exists
04-13 01:08:45.847    93    93 I Kernel  : [ 3444.442221] (3)[93:irq/258-inv_irq]inv_mpu_iio: inv_read_fifo: Received Sensor Interrupt to read FIFO and Fifo_count is 6
04-13 01:08:45.859   962  3494 W AccountManagerService: insertAccountIntoDatabase: Account {name=default_account, type=com.amazon.firelauncher.account}, skipping since the account already exists
04-13 01:08:45.872   962  1723 W AccountManagerService: insertAccountIntoDatabase: Account {name=default_account, type=com.amazon.firelauncher.account}, skipping since the account already exists
04-13 01:08:45.887   962   977 W AccountManagerService: insertAccountIntoDatabase: Account {name=default_account, type=com.amazon.firelauncher.account}, skipping since the account already exists
04-13 01:08:45.986 10462 10480 I native-activity: Frame 225 GL error is 0x501
04-13 01:08:45.986 10462 10480 I native-activity: Frame 225 time is 460.536ms
04-13 01:08:45.987 10462 10480 I native-activity: Swap 225 time is 461.443ms
04-13 01:08:45.987 10462 10480 I native-activity: Animating
04-13 01:08:45.988 10462 10480 I native-activity: Frame 226 GL error is 0x0
04-13 01:08:45.988 10462 10480 I native-activity: Frame 226 time is 1.431ms
04-13 01:08:45.996 10462 10480 I native-activity: Swap 226 time is 9.254ms
04-13 01:08:45.996 10462 10480 I native-activity: Animating
04-13 01:08:46.006 10462 10480 I native-activity: Frame 227 GL error is 0x0
04-13 01:08:46.006 10462 10480 I native-activity: Frame 227 time is 9.543ms
04-13 01:08:46.006 10462 10480 I native-activity: Swap 227 time is 10.135ms
04-13 01:08:46.006 10462 10480 I native-activity: Animating
04-13 01:08:46.018 10462 10480 I native-activity: Frame 228 GL error is 0x0
04-13 01:08:46.018 10462 10480 I native-activity: Frame 228 time is 12.017ms
04-13 01:08:46.031 10462 10480 I native-activity: Swap 228 time is 24.301ms
04-13 01:08:46.031 10462 10480 I native-activity: Animating
04-13 01:08:46.034 10462 10480 I native-activity: Frame 229 GL error is 0x0
04-13 01:08:46.034 10462 10480 I native-activity: Frame 229 time is 3.023ms
04-13 01:08:46.047 10462 10480 I native-activity: Swap 229 time is 16.052ms
04-13 01:08:46.047 10462 10480 I native-activity: Animating
04-13 01:08:46.054 10462 10480 I native-activity: Frame 230 GL error is 0x0
04-13 01:08:46.054 10462 10480 I native-activity: Frame 230 time is 6.708ms
04-13 01:08:46.069 10462 10480 I native-activity: Swap 230 time is 21.778ms
04-13 01:08:46.069 10462 10480 I native-activity: Animating
04-13 01:08:46.075 10462 10480 I native-activity: Frame 231 GL error is 0x0
04-13 01:08:46.075 10462 10480 I native-activity: Frame 231 time is 6.488ms
04-13 01:08:46.091 10462 10480 I native-activity: Swap 231 time is 21.716ms
04-13 01:08:46.091 10462 10480 I native-activity: Animating
04-13 01:08:46.243   962  5335 D WifiService: releaseWifiLockLocked: WifiLock{com.amazon.dcp.framework.iuc.ConnectionEstablisherWithConnectivityEnforcement type=1 binder=android.os.BinderProxy@38a477af}
04-13 01:08:46.307 10462 10480 I native-activity: Frame 232 GL error is 0x501
04-13 01:08:46.307 10462 10480 I native-activity: Frame 232 time is 215.974ms
04-13 01:08:46.308 10462 10480 I native-activity: Swap 232 time is 217.323ms
04-13 01:08:46.308 10462 10480 I native-activity: Animating
04-13 01:08:46.347   168   168 I Kernel  : [ 3444.948654] (1)[168:healthd]healthd: battery l=96 v=4127 t=24.0 h=2 st=2 chg=u
04-13 01:08:46.513 10462 10480 I native-activity: Frame 233 GL error is 0x501
04-13 01:08:46.513 10462 10480 I native-activity: Frame 233 time is 205.152ms
04-13 01:08:46.514 10462 10480 I native-activity: Swap 233 time is 206.070ms
04-13 01:08:46.514 10462 10480 I native-activity: Animating
04-13 01:08:46.516 10462 10480 I native-activity: Frame 234 GL error is 0x0
04-13 01:08:46.516 10462 10480 I native-activity: Frame 234 time is 1.483ms
04-13 01:08:46.525 10462 10480 I native-activity: Swap 234 time is 10.966ms
04-13 01:08:46.525 10462 10480 I native-activity: Animating
04-13 01:08:46.527 10462 10480 I native-activity: Frame 235 GL error is 0x0
04-13 01:08:46.527 10462 10480 I native-activity: Frame 235 time is 1.942ms
04-13 01:08:46.535 10462 10480 I native-activity: Swap 235 time is 9.994ms
04-13 01:08:46.536 10462 10480 I native-activity: Animating
04-13 01:08:46.546 10462 10480 I native-activity: Frame 236 GL error is 0x0
04-13 01:08:46.546 10462 10480 I native-activity: Frame 236 time is 10.138ms
04-13 01:08:46.546 10462 10480 I native-activity: Swap 236 time is 10.624ms
04-13 01:08:46.546 10462 10480 I native-activity: Animating
04-13 01:08:46.563 10462 10480 I native-activity: Frame 237 GL error is 0x0
04-13 01:08:46.563 10462 10480 I native-activity: Frame 237 time is 16.669ms
04-13 01:08:46.563 10462 10480 I native-activity: Swap 237 time is 17.159ms
04-13 01:08:46.563 10462 10480 I native-activity: Animating
04-13 01:08:46.567    93    93 I Kernel  : [ 3445.163380] (3)[93:irq/258-inv_irq]inv_mpu_iio: inv_push_8bytes_buffer: Received Accel Sensor Data at Driver Layer -840, 1924, -16412
04-13 01:08:46.579 10462 10480 I native-activity: Frame 238 GL error is 0x0
04-13 01:08:46.579 10462 10480 I native-activity: Frame 238 time is 15.024ms
04-13 01:08:46.579 10462 10480 I native-activity: Swap 238 time is 15.564ms
04-13 01:08:46.579 10462 10480 I native-activity: Animating
04-13 01:08:46.598 10462 10480 I native-activity: Frame 239 GL error is 0x0
04-13 01:08:46.598 10462 10480 I native-activity: Frame 239 time is 18.729ms
04-13 01:08:46.599 10462 10480 I native-activity: Swap 239 time is 19.825ms
04-13 01:08:46.599 10462 10480 I native-activity: Animating
04-13 01:08:46.677    93    93 I Kernel  : [ 3445.274486] (2)[93:irq/258-inv_irq]inv_mpu_iio: inv_read_fifo: Received Sensor Interrupt to read FIFO and Fifo_count is 6
04-13 01:08:46.893 10462 10480 I native-activity: Frame 240 GL error is 0x501
04-13 01:08:46.893 10462 10480 I native-activity: Frame 240 time is 294.219ms
04-13 01:08:46.894 10462 10480 I native-activity: Swap 240 time is 294.970ms
04-13 01:08:46.894 10462 10480 I native-activity: Animating
04-13 01:08:47.273 10462 10480 I native-activity: Frame 241 GL error is 0x501
04-13 01:08:47.273 10462 10480 I native-activity: Frame 241 time is 378.830ms
04-13 01:08:47.275 10462 10480 I native-activity: Swap 241 time is 380.475ms
04-13 01:08:47.275 10462 10480 I native-activity: Animating
04-13 01:08:47.289 10462 10480 I native-activity: Frame 242 GL error is 0x0
04-13 01:08:47.289 10462 10480 I native-activity: Frame 242 time is 13.587ms
04-13 01:08:47.290 10462 10480 I native-activity: Swap 242 time is 14.802ms
04-13 01:08:47.290 10462 10480 I native-activity: Animating
04-13 01:08:47.297 10462 10480 I native-activity: Frame 243 GL error is 0x0
04-13 01:08:47.297 10462 10480 I native-activity: Frame 243 time is 7.452ms
04-13 01:08:47.301 10462 10480 I native-activity: Swap 243 time is 11.503ms
04-13 01:08:47.302 10462 10480 I native-activity: Animating
04-13 01:08:47.306 10462 10480 I native-activity: Frame 244 GL error is 0x0
04-13 01:08:47.306 10462 10480 I native-activity: Frame 244 time is 4.527ms
04-13 01:08:47.312 10462 10480 I native-activity: Swap 244 time is 10.214ms
04-13 01:08:47.312 10462 10480 I native-activity: Animating
04-13 01:08:47.342 10462 10480 I native-activity: Frame 245 GL error is 0x0
04-13 01:08:47.342 10462 10480 I native-activity: Frame 245 time is 29.985ms
04-13 01:08:47.342 10462 10480 I native-activity: Swap 245 time is 30.514ms
04-13 01:08:47.342 10462 10480 I native-activity: Animating
04-13 01:08:47.403 10462 10480 I native-activity: Frame 246 GL error is 0x501
04-13 01:08:47.403 10462 10480 I native-activity: Frame 246 time is 60.099ms
04-13 01:08:47.403 10462 10480 I native-activity: Swap 246 time is 60.864ms
04-13 01:08:47.403 10462 10480 I native-activity: Animating
04-13 01:08:47.440 10462 10480 I native-activity: Frame 247 GL error is 0x501
04-13 01:08:47.440 10462 10480 I native-activity: Frame 247 time is 36.320ms
04-13 01:08:47.440 10462 10480 I native-activity: Swap 247 time is 36.921ms
04-13 01:08:47.441 10462 10480 I native-activity: Animating
04-13 01:08:47.446 10462 10480 I native-activity: Frame 248 GL error is 0x0
04-13 01:08:47.446 10462 10480 I native-activity: Frame 248 time is 5.534ms
04-13 01:08:47.460 10462 10480 I native-activity: Swap 248 time is 19.361ms
04-13 01:08:47.460 10462 10480 I native-activity: Animating
04-13 01:08:47.480 10462 10480 I native-activity: Frame 249 GL error is 0x501
04-13 01:08:47.480 10462 10480 I native-activity: Frame 249 time is 20.272ms
04-13 01:08:47.486 10462 10480 I native-activity: Swap 249 time is 26.230ms
04-13 01:08:47.486 10462 10480 I native-activity: Animating
04-13 01:08:47.497 10462 10480 I native-activity: Frame 250 GL error is 0x0
04-13 01:08:47.497 10462 10480 I native-activity: Frame 250 time is 10.381ms
04-13 01:08:47.515 10462 10480 I native-activity: Swap 250 time is 28.539ms
04-13 01:08:47.515 10462 10480 I native-activity: Animating
04-13 01:08:47.507    93    93 I Kernel  : [ 3446.106756] (2)[93:irq/258-inv_irq]inv_mpu_iio: inv_read_fifo: Received Sensor Interrupt to read FIFO and Fifo_count is 6
04-13 01:08:47.525 10462 10480 I native-activity: Frame 251 GL error is 0x0
04-13 01:08:47.525 10462 10480 I native-activity: Frame 251 time is 9.528ms
04-13 01:08:47.542 10462 10480 I native-activity: Swap 251 time is 26.501ms
04-13 01:08:47.542 10462 10480 I native-activity: Animating
04-13 01:08:47.559 10462 10480 I native-activity: Frame 252 GL error is 0x501
04-13 01:08:47.559 10462 10480 I native-activity: Frame 252 time is 17.439ms
04-13 01:08:47.568 10462 10480 I native-activity: Swap 252 time is 25.919ms
04-13 01:08:47.568 10462 10480 I native-activity: Animating
04-13 01:08:47.575 10462 10480 I native-activity: Frame 253 GL error is 0x0
04-13 01:08:47.575 10462 10480 I native-activity: Frame 253 time is 7.308ms
04-13 01:08:47.593 10462 10480 I native-activity: Swap 253 time is 25.564ms
04-13 01:08:47.593 10462 10480 I native-activity: Animating
04-13 01:08:47.599 10462 10480 I native-activity: Frame 254 GL error is 0x0
04-13 01:08:47.599 10462 10480 I native-activity: Frame 254 time is 6.068ms
04-13 01:08:47.620 10462 10480 I native-activity: Swap 254 time is 27.058ms
04-13 01:08:47.621 10462 10480 I native-activity: Animating
04-13 01:08:47.627 10462 10480 I native-activity: Frame 255 GL error is 0x0
04-13 01:08:47.627 10462 10480 I native-activity: Frame 255 time is 6.233ms
04-13 01:08:47.646 10462 10480 I native-activity: Swap 255 time is 25.553ms
04-13 01:08:47.646 10462 10480 I native-activity: Animating
04-13 01:08:47.655 10462 10480 I native-activity: Frame 256 GL error is 0x0
04-13 01:08:47.655 10462 10480 I native-activity: Frame 256 time is 8.540ms
04-13 01:08:47.674 10462 10480 I native-activity: Swap 256 time is 27.348ms
04-13 01:08:47.674 10462 10480 I native-activity: Animating
04-13 01:08:47.680 10462 10480 I native-activity: Frame 257 GL error is 0x0
04-13 01:08:47.680 10462 10480 I native-activity: Frame 257 time is 6.039ms
04-13 01:08:47.699 10462 10480 I native-activity: Swap 257 time is 25.575ms
04-13 01:08:47.699 10462 10480 I native-activity: Animating
04-13 01:08:47.706 10462 10480 I native-activity: Frame 258 GL error is 0x0
04-13 01:08:47.706 10462 10480 I native-activity: Frame 258 time is 7.052ms
04-13 01:08:47.728 10462 10480 I native-activity: Swap 258 time is 28.678ms
04-13 01:08:47.728 10462 10480 I native-activity: Animating
04-13 01:08:47.734 10462 10480 I native-activity: Context 0x54791a50 made current on surface 0x54505dd0, error 0x3000
04-13 01:08:47.734 10462 10480 I native-activity: GL information
04-13 01:08:47.734 10462 10480 I native-activity: 	Renderer: PowerVR Rogue G6200
04-13 01:08:47.734 10462 10480 I native-activity: 	Vendor: Imagination Technologies
04-13 01:08:47.734 10462 10480 I native-activity: 	Version: OpenGL ES 3.1 build 1.4@3573678
04-13 01:08:47.734 10462 10480 I native-activity: 	Shading Language: OpenGL ES GLSL ES 3.10 build 1.4@3573678
04-13 01:08:47.734 10462 10480 I native-activity: 	Extensions: GL_EXT_debug_marker GL_EXT_blend_minmax GL_EXT_color_buffer_float GL_EXT_discard_framebuffer GL_EXT_draw_buffers GL_EXT_multi_draw_arrays GL_EXT_multisampled_render_to_texture GL_EXT_occlusion_query_boolean GL_EXT_read_format_bgra GL_EXT_robustness GL_EXT_separate_shader_objects GL_EXT_shader_framebuffer_fetch GL_EXT_shader_texture_lod GL_EXT_texture_filter_anisotropic GL_EXT_texture_format_BGRA8888 GL_EXT_texture_rg GL_EXT_texture_sRGB_decode GL_IMG_multisampled_render_to_texture GL_IMG_program_binary GL_IMG_read_format GL_IMG_shader_binary GL_IMG_texture_compression_pvrtc GL_IMG_texture_compression_pvrtc2 GL_IMG_texture_format_BGRA8888 GL_IMG_texture_npot GL_KHR_blend_equation_advanced GL_KHR_blend_equation_advanced_coherent GL_KHR_debug GL_OES_compressed_ETC1_RGB8_texture GL_OES_depth24 GL_OES_depth_texture GL_OES_EGL_image GL_OES_EGL_image_external GL_OES_EGL_sync GL_OES_element_index_uint GL_OES_fragment_precision_high GL_OES_get_program_binary GL_OES_mapbuffer GL_OES_packed_depth_stencil G
04-13 01:08:47.734 10462 10480 I native-activity: Context 0x54791a50 made current on surface 0x54505dd0, error 0x3000
04-13 01:08:47.734 10462 10480 I native-activity: GL information
04-13 01:08:47.734 10462 10480 I native-activity: 	Renderer: PowerVR Rogue G6200
04-13 01:08:47.734 10462 10480 I native-activity: 	Vendor: Imagination Technologies
04-13 01:08:47.734 10462 10480 I native-activity: 	Version: OpenGL ES 3.1 build 1.4@3573678
04-13 01:08:47.734 10462 10480 I native-activity: 	Shading Language: OpenGL ES GLSL ES 3.10 build 1.4@3573678
04-13 01:08:47.734 10462 10480 I native-activity: 	Extensions: GL_EXT_debug_marker GL_EXT_blend_minmax GL_EXT_color_buffer_float GL_EXT_discard_framebuffer GL_EXT_draw_buffers GL_EXT_multi_draw_arrays GL_EXT_multisampled_render_to_texture GL_EXT_occlusion_query_boolean GL_EXT_read_format_bgra GL_EXT_robustness GL_EXT_separate_shader_objects GL_EXT_shader_framebuffer_fetch GL_EXT_shader_texture_lod GL_EXT_texture_filter_anisotropic GL_EXT_texture_format_BGRA8888 GL_EXT_texture_rg GL_EXT_texture_sRGB_decode GL_IMG_multisampled_render_to_texture GL_IMG_program_binary GL_IMG_read_format GL_IMG_shader_binary GL_IMG_texture_compression_pvrtc GL_IMG_texture_compression_pvrtc2 GL_IMG_texture_format_BGRA8888 GL_IMG_texture_npot GL_KHR_blend_equation_advanced GL_KHR_blend_equation_advanced_coherent GL_KHR_debug GL_OES_compressed_ETC1_RGB8_texture GL_OES_depth24 GL_OES_depth_texture GL_OES_EGL_image GL_OES_EGL_image_external GL_OES_EGL_sync GL_OES_element_index_uint GL_OES_fragment_precision_high GL_OES_get_program_binary GL_OES_mapbuffer GL_OES_packed_depth_stencil G
04-13 01:08:47.734 10462 10480 I native-activity: Frame 259 GL error is 0x501
04-13 01:08:47.734 10462 10480 I native-activity: Frame 259 time is 5.862ms
04-13 01:08:47.749 10462 10480 I native-activity: Swap 259 time is 20.423ms
04-13 01:08:47.749 10462 10480 I native-activity: Animating
04-13 01:08:47.754 10462 10480 I native-activity: Frame 260 GL error is 0x500
04-13 01:08:47.754 10462 10480 I native-activity: Frame 260 time is 5.647ms
04-13 01:08:47.770 10462 10480 I native-activity: Swap 260 time is 21.709ms
04-13 01:08:47.771 10462 10480 I native-activity: Animating
04-13 01:08:47.778 10462 10480 I native-activity: Frame 261 GL error is 0x0
04-13 01:08:47.778 10462 10480 I native-activity: Frame 261 time is 7.474ms
04-13 01:08:47.791 10462 10480 I native-activity: Swap 261 time is 20.216ms
04-13 01:08:47.791 10462 10480 I native-activity: Animating
04-13 01:08:47.799 10462 10480 I native-activity: Frame 262 GL error is 0x0
04-13 01:08:47.799 10462 10480 I native-activity: Frame 262 time is 8.375ms
04-13 01:08:47.812 10462 10480 I native-activity: Swap 262 time is 20.874ms
04-13 01:08:47.812 10462 10480 I native-activity: Animating
04-13 01:08:47.826 10462 10480 I native-activity: Frame 263 GL error is 0x0
04-13 01:08:47.826 10462 10480 I native-activity: Frame 263 time is 13.659ms
04-13 01:08:47.832 10462 10480 I native-activity: Swap 263 time is 20.278ms
04-13 01:08:47.832 10462 10480 I native-activity: Animating
04-13 01:08:47.839 10462 10480 I native-activity: Frame 264 GL error is 0x0
04-13 01:08:47.839 10462 10480 I native-activity: Frame 264 time is 6.736ms
04-13 01:08:47.853 10462 10480 I native-activity: Swap 264 time is 20.201ms
04-13 01:08:47.853 10462 10480 I native-activity: Animating
04-13 01:08:47.858 10462 10480 I native-activity: Frame 265 GL error is 0x0
04-13 01:08:47.859 10462 10480 I native-activity: Frame 265 time is 5.760ms
04-13 01:08:47.874 10462 10480 I native-activity: Swap 265 time is 21.299ms
04-13 01:08:47.874 10462 10480 I native-activity: Animating
04-13 01:08:47.882 10462 10480 I native-activity: Frame 266 GL error is 0x0
04-13 01:08:47.882 10462 10480 I native-activity: Frame 266 time is 7.715ms
04-13 01:08:47.894 10462 10480 I native-activity: Swap 266 time is 19.984ms
04-13 01:08:47.894 10462 10480 I native-activity: Animating
04-13 01:08:47.901 10462 10480 I native-activity: Frame 267 GL error is 0x0
04-13 01:08:47.901 10462 10480 I native-activity: Frame 267 time is 7.143ms
04-13 01:08:47.916 10462 10480 I native-activity: Swap 267 time is 21.192ms
04-13 01:08:47.916 10462 10480 I native-activity: Animating
04-13 01:08:47.922 10462 10480 I native-activity: Frame 268 GL error is 0x0
04-13 01:08:47.922 10462 10480 I native-activity: Frame 268 time is 6.875ms
04-13 01:08:47.937 10462 10480 I native-activity: Swap 268 time is 21.676ms
04-13 01:08:47.937 10462 10480 I native-activity: Animating
04-13 01:08:47.948 10462 10480 I native-activity: Frame 269 GL error is 0x0
04-13 01:08:47.948 10462 10480 I native-activity: Frame 269 time is 10.407ms
04-13 01:08:47.958 10462 10480 I native-activity: Swap 269 time is 20.503ms
04-13 01:08:47.958 10462 10480 I native-activity: Animating
04-13 01:08:47.967 10462 10480 I native-activity: Frame 270 GL error is 0x0
04-13 01:08:47.967 10462 10480 I native-activity: Frame 270 time is 9.105ms
04-13 01:08:47.979 10462 10480 I native-activity: Swap 270 time is 21.245ms
04-13 01:08:47.979 10462 10480 I native-activity: Animating
04-13 01:08:47.985 10462 10480 I native-activity: Frame 271 GL error is 0x0
04-13 01:08:47.985 10462 10480 I native-activity: Frame 271 time is 5.475ms
04-13 01:08:48.000 10462 10480 I native-activity: Swap 271 time is 20.504ms
04-13 01:08:48.000 10462 10480 I native-activity: Animating
04-13 01:08:48.007 10462 10480 I native-activity: Frame 272 GL error is 0x0
04-13 01:08:48.007 10462 10480 I native-activity: Frame 272 time is 6.761ms
04-13 01:08:48.021 10462 10480 I native-activity: Swap 272 time is 21.315ms
04-13 01:08:48.021 10462 10480 I native-activity: Animating
04-13 01:08:48.028 10462 10480 I native-activity: Frame 273 GL error is 0x0
04-13 01:08:48.028 10462 10480 I native-activity: Frame 273 time is 6.184ms
04-13 01:08:48.043 10462 10480 I native-activity: Swap 273 time is 21.550ms
04-13 01:08:48.043 10462 10480 I native-activity: Animating
04-13 01:08:48.065 10462 10480 I native-activity: Frame 274 GL error is 0x501
04-13 01:08:48.065 10462 10480 I native-activity: Frame 274 time is 21.908ms
04-13 01:08:48.066 10462 10480 I native-activity: Swap 274 time is 22.437ms
04-13 01:08:48.066 10462 10480 I native-activity: Animating
04-13 01:08:48.072 10462 10480 I native-activity: Frame 275 GL error is 0x0
04-13 01:08:48.072 10462 10480 I native-activity: Frame 275 time is 6.513ms
04-13 01:08:48.087 10462 10480 I native-activity: Swap 275 time is 21.683ms
04-13 01:08:48.087 10462 10480 I native-activity: Animating
04-13 01:08:48.093 10462 10480 I native-activity: Frame 276 GL error is 0x0
04-13 01:08:48.093 10462 10480 I native-activity: Frame 276 time is 5.652ms
04-13 01:08:48.109 10462 10480 I native-activity: Swap 276 time is 21.458ms
04-13 01:08:48.109 10462 10480 I native-activity: Animating
04-13 01:08:48.117 10462 10480 I native-activity: Frame 277 GL error is 0x0
04-13 01:08:48.117 10462 10480 I native-activity: Frame 277 time is 7.467ms
04-13 01:08:48.130 10462 10480 I native-activity: Swap 277 time is 21.337ms
04-13 01:08:48.131 10462 10480 I native-activity: Animating
04-13 01:08:48.137 10462 10480 I native-activity: Frame 278 GL error is 0x0
04-13 01:08:48.137 10462 10480 I native-activity: Frame 278 time is 6.172ms
04-13 01:08:48.151 10462 10480 I native-activity: Swap 278 time is 20.022ms
04-13 01:08:48.151 10462 10480 I native-activity: Animating
04-13 01:08:48.157 10462 10480 I native-activity: Frame 279 GL error is 0x0
04-13 01:08:48.157 10462 10480 I native-activity: Frame 279 time is 6.327ms
04-13 01:08:48.172 10462 10480 I native-activity: Swap 279 time is 21.115ms
04-13 01:08:48.172 10462 10480 I native-activity: Animating
04-13 01:08:48.181 10462 10480 I native-activity: Frame 280 GL error is 0x0
04-13 01:08:48.181 10462 10480 I native-activity: Frame 280 time is 9.368ms
04-13 01:08:48.193 10462 10480 I native-activity: Swap 280 time is 21.324ms
04-13 01:08:48.193 10462 10480 I native-activity: Animating
04-13 01:08:48.204 10462 10480 I native-activity: Frame 281 GL error is 0x0
04-13 01:08:48.204 10462 10480 I native-activity: Frame 281 time is 10.186ms
04-13 01:08:48.214 10462 10480 I native-activity: Swap 281 time is 20.337ms
04-13 01:08:48.214 10462 10480 I native-activity: Animating
04-13 01:08:48.224 10462 10480 I native-activity: Frame 282 GL error is 0x0
04-13 01:08:48.224 10462 10480 I native-activity: Frame 282 time is 10.101ms
04-13 01:08:48.235 10462 10480 I native-activity: Swap 282 time is 21.063ms
04-13 01:08:48.235 10462 10480 I native-activity: Animating
04-13 01:08:48.246 10462 10480 I native-activity: Frame 283 GL error is 0x0
04-13 01:08:48.246 10462 10480 I native-activity: Frame 283 time is 10.992ms
04-13 01:08:48.256 10462 10480 I native-activity: Swap 283 time is 21.317ms
04-13 01:08:48.257 10462 10480 I native-activity: Animating
04-13 01:08:48.272 10462 10480 I native-activity: Frame 284 GL error is 0x0
04-13 01:08:48.272 10462 10480 I native-activity: Frame 284 time is 15.446ms
04-13 01:08:48.276 10462 10480 I native-activity: Swap 284 time is 19.412ms
04-13 01:08:48.276 10462 10480 I native-activity: Animating
04-13 01:08:48.287 10462 10480 I native-activity: Frame 285 GL error is 0x0
04-13 01:08:48.287 10462 10480 I native-activity: Frame 285 time is 10.798ms
04-13 01:08:48.297 10462 10480 I native-activity: Swap 285 time is 21.124ms
04-13 01:08:48.298 10462 10480 I native-activity: Animating
04-13 01:08:48.311 10462 10480 I native-activity: Frame 286 GL error is 0x0
04-13 01:08:48.311 10462 10480 I native-activity: Frame 286 time is 13.710ms
04-13 01:08:48.318 10462 10480 I native-activity: Swap 286 time is 20.478ms
04-13 01:08:48.318 10462 10480 I native-activity: Animating
04-13 01:08:48.330 10462 10480 I native-activity: Frame 287 GL error is 0x0
04-13 01:08:48.330 10462 10480 I native-activity: Frame 287 time is 11.407ms
04-13 01:08:48.338 10462 10480 I native-activity: Swap 287 time is 19.339ms
04-13 01:08:48.338 10462 10480 I native-activity: Animating
04-13 01:08:48.349 10462 10480 I native-activity: Frame 288 GL error is 0x0
04-13 01:08:48.349 10462 10480 I native-activity: Frame 288 time is 10.934ms
04-13 01:08:48.337    93    93 I Kernel  : [ 3446.939025] (2)[93:irq/258-inv_irq]inv_mpu_iio: inv_read_fifo: Received Sensor Interrupt to read FIFO and Fifo_count is 6
04-13 01:08:48.359 10462 10480 I native-activity: Swap 288 time is 21.050ms
04-13 01:08:48.359 10462 10480 I native-activity: Animating
04-13 01:08:48.371 10462 10480 I native-activity: Frame 289 GL error is 0x0
04-13 01:08:48.371 10462 10480 I native-activity: Frame 289 time is 12.155ms
04-13 01:08:48.380 10462 10480 I native-activity: Swap 289 time is 20.720ms
04-13 01:08:48.380 10462 10480 I native-activity: Animating
04-13 01:08:48.392 10462 10480 I native-activity: Frame 290 GL error is 0x0
04-13 01:08:48.392 10462 10480 I native-activity: Frame 290 time is 12.170ms
04-13 01:08:48.401 10462 10480 I native-activity: Swap 290 time is 20.803ms
04-13 01:08:48.401 10462 10480 I native-activity: Animating
04-13 01:08:48.411 10462 10480 I native-activity: Frame 291 GL error is 0x0
04-13 01:08:48.411 10462 10480 I native-activity: Frame 291 time is 10.249ms
04-13 01:08:48.421 10462 10480 I native-activity: Swap 291 time is 20.023ms
04-13 01:08:48.421 10462 10480 I native-activity: Animating
04-13 01:08:48.426 10462 10480 I native-activity: Frame 292 GL error is 0x0
04-13 01:08:48.426 10462 10480 I native-activity: Frame 292 time is 5.075ms
04-13 01:08:48.442 10462 10480 I native-activity: Swap 292 time is 21.001ms
04-13 01:08:48.442 10462 10480 I native-activity: Animating
04-13 01:08:48.449 10462 10480 I native-activity: Frame 293 GL error is 0x0
04-13 01:08:48.449 10462 10480 I native-activity: Frame 293 time is 7.237ms
04-13 01:08:48.464 10462 10480 I native-activity: Swap 293 time is 21.751ms
04-13 01:08:48.464 10462 10480 I native-activity: Animating
04-13 01:08:48.469 10462 10480 I native-activity: Frame 294 GL error is 0x0
04-13 01:08:48.469 10462 10480 I native-activity: Frame 294 time is 5.358ms
04-13 01:08:48.485 10462 10480 I native-activity: Swap 294 time is 20.719ms
04-13 01:08:48.485 10462 10480 I native-activity: Animating
04-13 01:08:48.491 10462 10480 I native-activity: Frame 295 GL error is 0x0
04-13 01:08:48.491 10462 10480 I native-activity: Frame 295 time is 6.431ms
04-13 01:08:48.505 10462 10480 I native-activity: Swap 295 time is 20.306ms
04-13 01:08:48.505 10462 10480 I native-activity: Animating
04-13 01:08:48.511 10462 10480 I native-activity: Frame 296 GL error is 0x0
04-13 01:08:48.511 10462 10480 I native-activity: Frame 296 time is 5.258ms
04-13 01:08:48.526 10462 10480 I native-activity: Swap 296 time is 21.192ms
04-13 01:08:48.527 10462 10480 I native-activity: Animating
04-13 01:08:48.532 10462 10480 I native-activity: Frame 297 GL error is 0x0
04-13 01:08:48.532 10462 10480 I native-activity: Frame 297 time is 5.500ms
04-13 01:08:48.548 10462 10480 I native-activity: Swap 297 time is 21.057ms
04-13 01:08:48.548 10462 10480 I native-activity: Animating
04-13 01:08:48.561 10462 10480 I native-activity: Frame 298 GL error is 0x0
04-13 01:08:48.561 10462 10480 I native-activity: Frame 298 time is 13.478ms
04-13 01:08:48.568 10462 10480 I native-activity: Swap 298 time is 20.465ms
04-13 01:08:48.568 10462 10480 I native-activity: Animating
04-13 01:08:48.581 10462 10480 I native-activity: Frame 299 GL error is 0x0
04-13 01:08:48.581 10462 10480 I native-activity: Frame 299 time is 12.426ms
04-13 01:08:48.588 10462 10480 I native-activity: Swap 299 time is 19.929ms
04-13 01:08:48.589 10462 10480 I native-activity: Animating
04-13 01:08:48.600 10462 10480 I native-activity: Frame 300 GL error is 0x0
04-13 01:08:48.600 10462 10480 I native-activity: Frame 300 time is 11.137ms
04-13 01:08:48.610 10462 10480 I native-activity: Swap 300 time is 20.929ms
04-13 01:08:48.610 10462 10480 I native-activity: Animating
04-13 01:08:48.624 10462 10480 I native-activity: Frame 301 GL error is 0x0
04-13 01:08:48.624 10462 10480 I native-activity: Frame 301 time is 14.403ms
04-13 01:08:48.629 10462 10480 I native-activity: Swap 301 time is 19.674ms
04-13 01:08:48.630 10462 10480 I native-activity: Animating
04-13 01:08:48.641 10462 10480 I native-activity: Frame 302 GL error is 0x0
04-13 01:08:48.641 10462 10480 I native-activity: Frame 302 time is 11.301ms
04-13 01:08:48.651 10462 10480 I native-activity: Swap 302 time is 21.191ms
04-13 01:08:48.651 10462 10480 I native-activity: Animating
04-13 01:08:48.662 10462 10480 I native-activity: Frame 303 GL error is 0x0
04-13 01:08:48.662 10462 10480 I native-activity: Frame 303 time is 10.587ms
04-13 01:08:48.672 10462 10480 I native-activity: Swap 303 time is 21.158ms
04-13 01:08:48.672 10462 10480 I native-activity: Animating
04-13 01:08:48.682 10462 10480 I native-activity: Frame 304 GL error is 0x0
04-13 01:08:48.682 10462 10480 I native-activity: Frame 304 time is 10.079ms
04-13 01:08:48.693 10462 10480 I native-activity: Swap 304 time is 20.272ms
04-13 01:08:48.693 10462 10480 I native-activity: Animating
04-13 01:08:48.705 10462 10480 I native-activity: Frame 305 GL error is 0x0
04-13 01:08:48.705 10462 10480 I native-activity: Frame 305 time is 12.017ms
04-13 01:08:48.713 10462 10480 I native-activity: Swap 305 time is 20.541ms
04-13 01:08:48.713 10462 10480 I native-activity: Animating
04-13 01:08:48.724 10462 10480 I native-activity: Frame 306 GL error is 0x0
04-13 01:08:48.724 10462 10480 I native-activity: Frame 306 time is 10.453ms
04-13 01:08:48.734 10462 10480 I native-activity: Swap 306 time is 20.921ms
