04-11 02:55:13.955 26108 26128 V native-activity: 		EGL_LEVEL: 0
04-11 02:55:13.955 26108 26128 V native-activity: 		EGL_COLOR_BUFFER_TYPE: 12430 EGL_RGB_BUFFER,
04-11 02:55:13.955 26108 26128 V native-activity: 		EGL_BUFFER_SIZE: 32
04-11 02:55:13.955 26108 26128 V native-activity: 		EGL_SAMPLES: 4
04-11 02:55:13.955 26108 26128 V native-activity: 		EGL_SAMPLE_BUFFERS: 1
04-11 02:55:13.955 26108 26128 V native-activity: 		EGL_RED_SIZE: 8
04-11 02:55:13.955 26108 26128 V native-activity: 		EGL_GREEN_SIZE: 8
04-11 02:55:13.955 26108 26128 V native-activity: 		EGL_BLUE_SIZE: 8
04-11 02:55:13.955 26108 26128 V native-activity: 		EGL_ALPHA_SIZE: 0
04-11 02:55:13.955 26108 26128 V native-activity: 		EGL_ALPHA_MASK_SIZE: 0
--------- beginning of kernel
04-11 02:55:14.086   958  2822 I Kernel  : [310553.698459] (0)[2822:Binder_11]inv_switch_engine: Sensor: 7, Enable: 0
04-11 02:55:13.955 26108 26128 V native-activity: 		EGL_LUMINANCE_SIZE: 0
04-11 02:55:13.955 26108 26128 V native-activity: 		EGL_TRANSPARENT_TYPE: 12344 EGL_NONE,
04-11 02:55:13.955 26108 26128 V native-activity: 		EGL_TRANSPARENT_RED_VALUE: 0
04-11 02:55:13.955 26108 26128 V native-activity: 		EGL_TRANSPARENT_GREEN_VALUE: 0
04-11 02:55:13.955 26108 26128 V native-activity: 		EGL_TRANSPARENT_BLUE_VALUE: 0
04-11 02:55:13.955 26108 26128 V native-activity: 		EGL_STENCIL_SIZE: 8
04-11 02:55:13.955 26108 26128 V native-activity: 		EGL_DEPTH_SIZE: 24
04-11 02:55:13.955 26108 26128 V native-activity: 		EGL_BIND_TO_TEXTURE_RGB: 0
04-11 02:55:13.956 26108 26128 V native-activity: 		EGL_BIND_TO_TEXTURE_RGBA: 0
04-11 02:55:13.956 26108 26128 V native-activity: 		EGL_MIN_SWAP_INTERVAL: 0
04-11 02:55:13.956 26108 26128 V native-activity: 		EGL_MAX_SWAP_INTERVAL: 5
04-11 02:55:13.956 26108 26128 V native-activity: 		EGL_MAX_PBUFFER_WIDTH: 8192
04-11 02:55:13.956 26108 26128 V native-activity: 		EGL_MAX_PBUFFER_HEIGHT: 8192
04-11 02:55:14.086   958  2822 I Kernel  : [310553.700565] (0)[2822:Binder_11]inv_switch_engine: Sensor: 56, Enable: 0
04-11 02:55:13.958 26108 26128 D native-activity: 	Config 0x27 index 38
04-11 02:55:13.958 26108 26128 V native-activity: 		EGL_CONFIG_ID: 39
04-11 02:55:13.958 26108 26128 V native-activity: 		EGL_CONFORMANT: 68 EGL_OPENGL_ES2_BIT,
04-11 02:55:13.958 26108 26128 V native-activity: 		EGL_CONFIG_CAVEAT: 12344 EGL_NONE,
04-11 02:55:13.958 26108 26128 V native-activity: 		EGL_RENDERABLE_TYPE: 68 EGL_OPENGL_ES2_BIT,
04-11 02:55:13.958 26108 26128 V native-activity: 		EGL_SURFACE_TYPE: 4 EGL_WINDOW_BIT,
04-11 02:55:13.958 26108 26128 V native-activity: 		EGL_LEVEL: 0
04-11 02:55:13.958 26108 26128 V native-activity: 		EGL_COLOR_BUFFER_TYPE: 12430 EGL_RGB_BUFFER,
04-11 02:55:13.958 26108 26128 V native-activity: 		EGL_BUFFER_SIZE: 32
04-11 02:55:13.958 26108 26128 V native-activity: 		EGL_SAMPLES: 8
04-11 02:55:13.958 26108 26128 V native-activity: 		EGL_SAMPLE_BUFFERS: 1
04-11 02:55:13.958 26108 26128 V native-activity: 		EGL_RED_SIZE: 8
04-11 02:55:13.958 26108 26128 V native-activity: 		EGL_GREEN_SIZE: 8
04-11 02:55:13.958 26108 26128 V native-activity: 		EGL_BLUE_SIZE: 8
04-11 02:55:13.958 26108 26128 V native-activity: 		EGL_ALPHA_SIZE: 0
04-11 02:55:13.958 26108 26128 V native-activity: 		EGL_ALPHA_MASK_SIZE: 0
04-11 02:55:13.958 26108 26128 V native-activity: 		EGL_LUMINANCE_SIZE: 0
04-11 02:55:13.958 26108 26128 V native-activity: 		EGL_TRANSPARENT_TYPE: 12344 EGL_NONE,
04-11 02:55:13.958 26108 26128 V native-activity: 		EGL_TRANSPARENT_RED_VALUE: 0
04-11 02:55:13.958 26108 26128 V native-activity: 		EGL_TRANSPARENT_GREEN_VALUE: 0
04-11 02:55:13.958 26108 26128 V native-activity: 		EGL_TRANSPARENT_BLUE_VALUE: 0
04-11 02:55:13.958 26108 26128 V native-activity: 		EGL_STENCIL_SIZE: 8
04-11 02:55:13.958 26108 26128 V native-activity: 		EGL_DEPTH_SIZE: 24
04-11 02:55:13.958 26108 26128 V native-activity: 		EGL_BIND_TO_TEXTURE_RGB: 0
04-11 02:55:13.958 26108 26128 V native-activity: 		EGL_BIND_TO_TEXTURE_RGBA: 0
04-11 02:55:13.958 26108 26128 V native-activity: 		EGL_MIN_SWAP_INTERVAL: 0
04-11 02:55:13.958 26108 26128 V native-activity: 		EGL_MAX_SWAP_INTERVAL: 5
04-11 02:55:13.958 26108 26128 V native-activity: 		EGL_MAX_PBUFFER_WIDTH: 8192
04-11 02:55:13.958 26108 26128 V native-activity: 		EGL_MAX_PBUFFER_HEIGHT: 8192
04-11 02:55:13.958 26108 26128 D native-activity: 	Config 0x28 index 39
04-11 02:55:13.958 26108 26128 V native-activity: 		EGL_CONFIG_ID: 40
04-11 02:55:13.958 26108 26128 V native-activity: 		EGL_CONFORMANT: 68 EGL_OPENGL_ES2_BIT,
04-11 02:55:13.958 26108 26128 V native-activity: 		EGL_CONFIG_CAVEAT: 12344 EGL_NONE,
04-11 02:55:13.958 26108 26128 V native-activity: 		EGL_RENDERABLE_TYPE: 68 EGL_OPENGL_ES2_BIT,
04-11 02:55:13.958 26108 26128 V native-activity: 		EGL_SURFACE_TYPE: 5 EGL_PBUFFER_BIT, EGL_WINDOW_BIT,
04-11 02:55:13.958 26108 26128 V native-activity: 		EGL_LEVEL: 0
04-11 02:55:13.958 26108 26128 V native-activity: 		EGL_COLOR_BUFFER_TYPE: 12430 EGL_RGB_BUFFER,
04-11 02:55:13.958 26108 26128 V native-activity: 		EGL_BUFFER_SIZE: 16
04-11 02:55:13.958 26108 26128 V native-activity: 		EGL_SAMPLES: 0
04-11 02:55:13.958 26108 26128 V native-activity: 		EGL_SAMPLE_BUFFERS: 0
04-11 02:55:13.958 26108 26128 V native-activity: 		EGL_RED_SIZE: 5
04-11 02:55:13.958 26108 26128 V native-activity: 		EGL_GREEN_SIZE: 6
04-11 02:55:13.958 26108 26128 V native-activity: 		EGL_BLUE_SIZE: 5
04-11 02:55:13.958 26108 26128 V native-activity: 		EGL_ALPHA_SIZE: 0
04-11 02:55:13.959 26108 26128 V native-activity: 		EGL_ALPHA_MASK_SIZE: 0
04-11 02:55:13.959 26108 26128 V native-activity: 		EGL_LUMINANCE_SIZE: 0
04-11 02:55:13.959 26108 26128 V native-activity: 		EGL_TRANSPARENT_TYPE: 12344 EGL_NONE,
04-11 02:55:13.959 26108 26128 V native-activity: 		EGL_TRANSPARENT_RED_VALUE: 0
04-11 02:55:13.959 26108 26128 V native-activity: 		EGL_TRANSPARENT_GREEN_VALUE: 0
04-11 02:55:13.959 26108 26128 V native-activity: 		EGL_TRANSPARENT_BLUE_VALUE: 0
04-11 02:55:13.959 26108 26128 V native-activity: 		EGL_STENCIL_SIZE: 8
04-11 02:55:13.959 26108 26128 V native-activity: 		EGL_DEPTH_SIZE: 24
04-11 02:55:13.959 26108 26128 V native-activity: 		EGL_BIND_TO_TEXTURE_RGB: 1
04-11 02:55:13.959 26108 26128 V native-activity: 		EGL_BIND_TO_TEXTURE_RGBA: 0
04-11 02:55:13.959 26108 26128 V native-activity: 		EGL_MIN_SWAP_INTERVAL: 0
04-11 02:55:13.959 26108 26128 V native-activity: 		EGL_MAX_SWAP_INTERVAL: 5
04-11 02:55:13.959 26108 26128 V native-activity: 		EGL_MAX_PBUFFER_WIDTH: 8192
04-11 02:55:13.959 26108 26128 V native-activity: 		EGL_MAX_PBUFFER_HEIGHT: 8192
04-11 02:55:13.959 26108 26128 D native-activity: 	Config 0x29 index 40
04-11 02:55:13.959 26108 26128 V native-activity: 		EGL_CONFIG_ID: 41
04-11 02:55:13.959 26108 26128 V native-activity: 		EGL_CONFORMANT: 68 EGL_OPENGL_ES2_BIT,
04-11 02:55:13.959 26108 26128 V native-activity: 		EGL_CONFIG_CAVEAT: 12344 EGL_NONE,
04-11 02:55:13.959 26108 26128 V native-activity: 		EGL_RENDERABLE_TYPE: 68 EGL_OPENGL_ES2_BIT,
04-11 02:55:13.959 26108 26128 V native-activity: 		EGL_SURFACE_TYPE: 5 EGL_PBUFFER_BIT, EGL_WINDOW_BIT,
04-11 02:55:13.959 26108 26128 V native-activity: 		EGL_LEVEL: 0
04-11 02:55:13.959 26108 26128 V native-activity: 		EGL_COLOR_BUFFER_TYPE: 12430 EGL_RGB_BUFFER,
04-11 02:55:13.959 26108 26128 V native-activity: 		EGL_BUFFER_SIZE: 16
04-11 02:55:13.959 26108 26128 V native-activity: 		EGL_SAMPLES: 0
04-11 02:55:13.959 26108 26128 V native-activity: 		EGL_SAMPLE_BUFFERS: 0
04-11 02:55:13.959 26108 26128 V native-activity: 		EGL_RED_SIZE: 5
04-11 02:55:13.959 26108 26128 V native-activity: 		EGL_GREEN_SIZE: 6
04-11 02:55:13.959 26108 26128 V native-activity: 		EGL_BLUE_SIZE: 5
04-11 02:55:13.959 26108 26128 V native-activity: 		EGL_ALPHA_SIZE: 0
04-11 02:55:13.959 26108 26128 V native-activity: 		EGL_ALPHA_MASK_SIZE: 0
04-11 02:55:13.959 26108 26128 V native-activity: 		EGL_LUMINANCE_SIZE: 0
04-11 02:55:13.959 26108 26128 V native-activity: 		EGL_TRANSPARENT_TYPE: 12344 EGL_NONE,
04-11 02:55:13.959 26108 26128 V native-activity: 		EGL_TRANSPARENT_RED_VALUE: 0
04-11 02:55:13.959 26108 26128 V native-activity: 		EGL_TRANSPARENT_GREEN_VALUE: 0
04-11 02:55:13.959 26108 26128 V native-activity: 		EGL_TRANSPARENT_BLUE_VALUE: 0
04-11 02:55:13.959 26108 26128 V native-activity: 		EGL_STENCIL_SIZE: 0
04-11 02:55:13.959 26108 26128 V native-activity: 		EGL_DEPTH_SIZE: 0
04-11 02:55:13.959 26108 26128 V native-activity: 		EGL_BIND_TO_TEXTURE_RGB: 1
04-11 02:55:13.959 26108 26128 V native-activity: 		EGL_BIND_TO_TEXTURE_RGBA: 0
04-11 02:55:13.959 26108 26128 V native-activity: 		EGL_MIN_SWAP_INTERVAL: 0
04-11 02:55:13.959 26108 26128 V native-activity: 		EGL_MAX_SWAP_INTERVAL: 5
04-11 02:55:13.959 26108 26128 V native-activity: 		EGL_MAX_PBUFFER_WIDTH: 8192
04-11 02:55:13.959 26108 26128 V native-activity: 		EGL_MAX_PBUFFER_HEIGHT: 8192
04-11 02:55:13.959 26108 26128 D native-activity: 	Config 0x2a index 41
04-11 02:55:13.959 26108 26128 V native-activity: 		EGL_CONFIG_ID: 42
04-11 02:55:13.959 26108 26128 V native-activity: 		EGL_CONFORMANT: 68 EGL_OPENGL_ES2_BIT,
04-11 02:55:13.959 26108 26128 V native-activity: 		EGL_CONFIG_CAVEAT: 12344 EGL_NONE,
04-11 02:55:13.959 26108 26128 V native-activity: 		EGL_RENDERABLE_TYPE: 68 EGL_OPENGL_ES2_BIT,
04-11 02:55:13.959 26108 26128 V native-activity: 		EGL_SURFACE_TYPE: 4 EGL_WINDOW_BIT,
04-11 02:55:13.959 26108 26128 V native-activity: 		EGL_LEVEL: 0
04-11 02:55:13.959 26108 26128 V native-activity: 		EGL_COLOR_BUFFER_TYPE: 12430 EGL_RGB_BUFFER,
04-11 02:55:13.959 26108 26128 V native-activity: 		EGL_BUFFER_SIZE: 16
04-11 02:55:13.960 26108 26128 V native-activity: 		EGL_SAMPLES: 2
04-11 02:55:13.960 26108 26128 V native-activity: 		EGL_SAMPLE_BUFFERS: 1
04-11 02:55:13.960 26108 26128 V native-activity: 		EGL_RED_SIZE: 5
04-11 02:55:13.960 26108 26128 V native-activity: 		EGL_GREEN_SIZE: 6
04-11 02:55:13.960 26108 26128 V native-activity: 		EGL_BLUE_SIZE: 5
04-11 02:55:13.960 26108 26128 V native-activity: 		EGL_ALPHA_SIZE: 0
04-11 02:55:13.960 26108 26128 V native-activity: 		EGL_ALPHA_MASK_SIZE: 0
04-11 02:55:13.960 26108 26128 V native-activity: 		EGL_LUMINANCE_SIZE: 0
04-11 02:55:13.960 26108 26128 V native-activity: 		EGL_TRANSPARENT_TYPE: 12344 EGL_NONE,
04-11 02:55:13.960 26108 26128 V native-activity: 		EGL_TRANSPARENT_RED_VALUE: 0
04-11 02:55:13.960 26108 26128 V native-activity: 		EGL_TRANSPARENT_GREEN_VALUE: 0
04-11 02:55:13.960 26108 26128 V native-activity: 		EGL_TRANSPARENT_BLUE_VALUE: 0
04-11 02:55:13.960 26108 26128 V native-activity: 		EGL_STENCIL_SIZE: 8
04-11 02:55:13.960 26108 26128 V native-activity: 		EGL_DEPTH_SIZE: 24
04-11 02:55:13.960 26108 26128 V native-activity: 		EGL_BIND_TO_TEXTURE_RGB: 0
04-11 02:55:13.960 26108 26128 V native-activity: 		EGL_BIND_TO_TEXTURE_RGBA: 0
04-11 02:55:13.960 26108 26128 V native-activity: 		EGL_MIN_SWAP_INTERVAL: 0
04-11 02:55:14.106   958  2822 I Kernel  : [310553.717163] (0)[2822:Binder_11]inv_switch_engine: Sensor: 56, Enable: 1
04-11 02:55:13.960 26108 26128 V native-activity: 		EGL_MAX_SWAP_INTERVAL: 5
04-11 02:55:13.960 26108 26128 V native-activity: 		EGL_MAX_PBUFFER_WIDTH: 8192
04-11 02:55:13.960 26108 26128 V native-activity: 		EGL_MAX_PBUFFER_HEIGHT: 8192
04-11 02:55:13.960 26108 26128 D native-activity: 	Config 0x2b index 42
04-11 02:55:13.960 26108 26128 V native-activity: 		EGL_CONFIG_ID: 43
04-11 02:55:13.960 26108 26128 V native-activity: 		EGL_CONFORMANT: 68 EGL_OPENGL_ES2_BIT,
04-11 02:55:13.960 26108 26128 V native-activity: 		EGL_CONFIG_CAVEAT: 12344 EGL_NONE,
04-11 02:55:13.960 26108 26128 V native-activity: 		EGL_RENDERABLE_TYPE: 68 EGL_OPENGL_ES2_BIT,
04-11 02:55:13.960 26108 26128 V native-activity: 		EGL_SURFACE_TYPE: 4 EGL_WINDOW_BIT,
04-11 02:55:13.960 26108 26128 V native-activity: 		EGL_LEVEL: 0
04-11 02:55:13.960 26108 26128 V native-activity: 		EGL_COLOR_BUFFER_TYPE: 12430 EGL_RGB_BUFFER,
04-11 02:55:13.960 26108 26128 V native-activity: 		EGL_BUFFER_SIZE: 16
04-11 02:55:13.960 26108 26128 V native-activity: 		EGL_SAMPLES: 4
04-11 02:55:13.960 26108 26128 V native-activity: 		EGL_SAMPLE_BUFFERS: 1
04-11 02:55:13.960 26108 26128 V native-activity: 		EGL_RED_SIZE: 5
04-11 02:55:13.960 26108 26128 V native-activity: 		EGL_GREEN_SIZE: 6
04-11 02:55:13.960 26108 26128 V native-activity: 		EGL_BLUE_SIZE: 5
04-11 02:55:13.960 26108 26128 V native-activity: 		EGL_ALPHA_SIZE: 0
04-11 02:55:13.960 26108 26128 V native-activity: 		EGL_ALPHA_MASK_SIZE: 0
04-11 02:55:13.960 26108 26128 V native-activity: 		EGL_LUMINANCE_SIZE: 0
04-11 02:55:13.960 26108 26128 V native-activity: 		EGL_TRANSPARENT_TYPE: 12344 EGL_NONE,
04-11 02:55:13.960 26108 26128 V native-activity: 		EGL_TRANSPARENT_RED_VALUE: 0
04-11 02:55:13.960 26108 26128 V native-activity: 		EGL_TRANSPARENT_GREEN_VALUE: 0
04-11 02:55:13.960 26108 26128 V native-activity: 		EGL_TRANSPARENT_BLUE_VALUE: 0
04-11 02:55:13.960 26108 26128 V native-activity: 		EGL_STENCIL_SIZE: 8
04-11 02:55:13.960 26108 26128 V native-activity: 		EGL_DEPTH_SIZE: 24
04-11 02:55:13.961 26108 26128 V native-activity: 		EGL_BIND_TO_TEXTURE_RGB: 0
04-11 02:55:13.961 26108 26128 V native-activity: 		EGL_BIND_TO_TEXTURE_RGBA: 0
04-11 02:55:13.961 26108 26128 V native-activity: 		EGL_MIN_SWAP_INTERVAL: 0
04-11 02:55:13.961 26108 26128 V native-activity: 		EGL_MAX_SWAP_INTERVAL: 5
04-11 02:55:13.961 26108 26128 V native-activity: 		EGL_MAX_PBUFFER_WIDTH: 8192
04-11 02:55:13.961 26108 26128 V native-activity: 		EGL_MAX_PBUFFER_HEIGHT: 8192
04-11 02:55:13.961 26108 26128 D native-activity: 	Config 0x2c index 43
04-11 02:55:13.961 26108 26128 V native-activity: 		EGL_CONFIG_ID: 44
04-11 02:55:13.961 26108 26128 V native-activity: 		EGL_CONFORMANT: 68 EGL_OPENGL_ES2_BIT,
04-11 02:55:13.961 26108 26128 V native-activity: 		EGL_CONFIG_CAVEAT: 12344 EGL_NONE,
04-11 02:55:13.961 26108 26128 V native-activity: 		EGL_RENDERABLE_TYPE: 68 EGL_OPENGL_ES2_BIT,
04-11 02:55:13.961 26108 26128 V native-activity: 		EGL_SURFACE_TYPE: 4 EGL_WINDOW_BIT,
04-11 02:55:13.961 26108 26128 V native-activity: 		EGL_LEVEL: 0
04-11 02:55:13.961 26108 26128 V native-activity: 		EGL_COLOR_BUFFER_TYPE: 12430 EGL_RGB_BUFFER,
04-11 02:55:13.961 26108 26128 V native-activity: 		EGL_BUFFER_SIZE: 16
04-11 02:55:13.961 26108 26128 V native-activity: 		EGL_SAMPLES: 8
04-11 02:55:13.961 26108 26128 V native-activity: 		EGL_SAMPLE_BUFFERS: 1
04-11 02:55:13.961 26108 26128 V native-activity: 		EGL_RED_SIZE: 5
04-11 02:55:13.961 26108 26128 V native-activity: 		EGL_GREEN_SIZE: 6
04-11 02:55:13.961 26108 26128 V native-activity: 		EGL_BLUE_SIZE: 5
04-11 02:55:13.961 26108 26128 V native-activity: 		EGL_ALPHA_SIZE: 0
04-11 02:55:13.961 26108 26128 V native-activity: 		EGL_ALPHA_MASK_SIZE: 0
04-11 02:55:13.961 26108 26128 V native-activity: 		EGL_LUMINANCE_SIZE: 0
04-11 02:55:13.961 26108 26128 V native-activity: 		EGL_TRANSPARENT_TYPE: 12344 EGL_NONE,
04-11 02:55:13.961 26108 26128 V native-activity: 		EGL_TRANSPARENT_RED_VALUE: 0
04-11 02:55:13.961 26108 26128 V native-activity: 		EGL_TRANSPARENT_GREEN_VALUE: 0
04-11 02:55:13.961 26108 26128 V native-activity: 		EGL_TRANSPARENT_BLUE_VALUE: 0
04-11 02:55:13.961 26108 26128 V native-activity: 		EGL_STENCIL_SIZE: 8
04-11 02:55:13.961 26108 26128 V native-activity: 		EGL_DEPTH_SIZE: 24
04-11 02:55:13.961 26108 26128 V native-activity: 		EGL_BIND_TO_TEXTURE_RGB: 0
04-11 02:55:13.961 26108 26128 V native-activity: 		EGL_BIND_TO_TEXTURE_RGBA: 0
04-11 02:55:13.961 26108 26128 V native-activity: 		EGL_MIN_SWAP_INTERVAL: 0
04-11 02:55:13.961 26108 26128 V native-activity: 		EGL_MAX_SWAP_INTERVAL: 5
04-11 02:55:13.961 26108 26128 V native-activity: 		EGL_MAX_PBUFFER_WIDTH: 8192
04-11 02:55:13.961 26108 26128 V native-activity: 		EGL_MAX_PBUFFER_HEIGHT: 8192
04-11 02:55:13.961 26108 26128 D native-activity: Examining config 0x1
04-11 02:55:13.961 26108 26128 D native-activity: Comparing requested attrib 12339 value 4 to 5
04-11 02:55:13.961 26108 26128 D native-activity: Comparing requested attrib 12352 value 4 to 1
04-11 02:55:13.961 26108 26128 D native-activity: Examining config 0x2
04-11 02:55:13.961 26108 26128 D native-activity: Comparing requested attrib 12339 value 4 to 5
04-11 02:55:13.961 26108 26128 D native-activity: Comparing requested attrib 12352 value 4 to 1
04-11 02:55:13.961 26108 26128 D native-activity: Examining config 0x3
04-11 02:55:13.961 26108 26128 D native-activity: Comparing requested attrib 12339 value 4 to 5
04-11 02:55:13.961 26108 26128 D native-activity: Comparing requested attrib 12352 value 4 to 1
04-11 02:55:13.961 26108 26128 D native-activity: Examining config 0x4
04-11 02:55:13.961 26108 26128 D native-activity: Comparing requested attrib 12339 value 4 to 5
04-11 02:55:13.961 26108 26128 D native-activity: Comparing requested attrib 12352 value 4 to 1
04-11 02:55:13.961 26108 26128 D native-activity: Examining config 0x5
04-11 02:55:13.961 26108 26128 D native-activity: Comparing requested attrib 12339 value 4 to 5
04-11 02:55:13.961 26108 26128 D native-activity: Comparing requested attrib 12352 value 4 to 1
04-11 02:55:13.961 26108 26128 D native-activity: Examining config 0x6
04-11 02:55:13.962 26108 26128 D native-activity: Comparing requested attrib 12339 value 4 to 5
04-11 02:55:13.962 26108 26128 D native-activity: Comparing requested attrib 12352 value 4 to 1
04-11 02:55:13.962 26108 26128 D native-activity: Examining config 0x7
04-11 02:55:13.962 26108 26128 D native-activity: Comparing requested attrib 12339 value 4 to 5
04-11 02:55:13.962 26108 26128 D native-activity: Comparing requested attrib 12352 value 4 to 1
04-11 02:55:13.962 26108 26128 D native-activity: Examining config 0x8
04-11 02:55:13.962 26108 26128 D native-activity: Comparing requested attrib 12339 value 4 to 5
04-11 02:55:13.962 26108 26128 D native-activity: Comparing requested attrib 12352 value 4 to 1
04-11 02:55:13.962 26108 26128 D native-activity: Examining config 0x9
04-11 02:55:13.962 26108 26128 D native-activity: Comparing requested attrib 12339 value 4 to 5
04-11 02:55:13.962 26108 26128 D native-activity: Comparing requested attrib 12352 value 4 to 1
04-11 02:55:13.962 26108 26128 D native-activity: Examining config 0xa
04-11 02:55:13.962 26108 26128 D native-activity: Comparing requested attrib 12339 value 4 to 5
04-11 02:55:13.962 26108 26128 D native-activity: Comparing requested attrib 12352 value 4 to 1
04-11 02:55:13.962 26108 26128 D native-activity: Examining config 0xb
04-11 02:55:13.962 26108 26128 D native-activity: Comparing requested attrib 12339 value 4 to 5
04-11 02:55:13.962 26108 26128 D native-activity: Comparing requested attrib 12352 value 4 to 1
04-11 02:55:13.962 26108 26128 D native-activity: Examining config 0xc
04-11 02:55:13.962 26108 26128 D native-activity: Comparing requested attrib 12339 value 4 to 5
04-11 02:55:13.962 26108 26128 D native-activity: Comparing requested attrib 12352 value 4 to 1
04-11 02:55:13.962 26108 26128 D native-activity: Examining config 0xd
04-11 02:55:13.962 26108 26128 D native-activity: Comparing requested attrib 12339 value 4 to 5
04-11 02:55:13.962 26108 26128 D native-activity: Comparing requested attrib 12352 value 4 to 1
04-11 02:55:13.962 26108 26128 D native-activity: Examining config 0xe
04-11 02:55:13.962 26108 26128 D native-activity: Comparing requested attrib 12339 value 4 to 5
04-11 02:55:13.962 26108 26128 D native-activity: Comparing requested attrib 12352 value 4 to 1
04-11 02:55:13.962 26108 26128 D native-activity: Examining config 0xf
04-11 02:55:13.962 26108 26128 D native-activity: Comparing requested attrib 12339 value 4 to 5
04-11 02:55:13.962 26108 26128 D native-activity: Comparing requested attrib 12352 value 4 to 1
04-11 02:55:13.962 26108 26128 D native-activity: Examining config 0x10
04-11 02:55:13.962 26108 26128 D native-activity: Comparing requested attrib 12339 value 4 to 1
04-11 02:55:13.962 26108 26128 D native-activity: Examining config 0x11
04-11 02:55:13.962 26108 26128 D native-activity: Comparing requested attrib 12339 value 4 to 1
04-11 02:55:13.962 26108 26128 D native-activity: Examining config 0x12
04-11 02:55:13.962 26108 26128 D native-activity: Comparing requested attrib 12339 value 4 to 1
04-11 02:55:13.962 26108 26128 D native-activity: Examining config 0x13
04-11 02:55:13.962 26108 26128 D native-activity: Comparing requested attrib 12339 value 4 to 1
04-11 02:55:13.962 26108 26128 D native-activity: Examining config 0x14
04-11 02:55:13.962 26108 26128 D native-activity: Comparing requested attrib 12339 value 4 to 5
04-11 02:55:13.962 26108 26128 D native-activity: Comparing requested attrib 12352 value 4 to 68
04-11 02:55:13.962 26108 26128 D native-activity: Comparing requested attrib 12322 value 8 to 8
04-11 02:55:13.962 26108 26128 D native-activity: Comparing requested attrib 12323 value 8 to 8
04-11 02:55:13.962 26108 26128 D native-activity: Comparing requested attrib 12324 value 8 to 8
04-11 02:55:13.962 26108 26128 D native-activity: Comparing requested attrib 12321 value 8 to 8
04-11 02:55:13.962 26108 26128 D native-activity: Comparing requested attrib 12325 value 16 to 24
04-11 02:55:13.963 26108 26128 D native-activity: Examining config 0x15
04-11 02:55:13.963 26108 26128 D native-activity: Comparing requested attrib 12339 value 4 to 5
04-11 02:55:13.963 26108 26128 D native-activity: Comparing requested attrib 12352 value 4 to 68
04-11 02:55:13.963 26108 26128 D native-activity: Comparing requested attrib 12322 value 8 to 8
04-11 02:55:13.963 26108 26128 D native-activity: Comparing requested attrib 12323 value 8 to 8
04-11 02:55:13.963 26108 26128 D native-activity: Comparing requested attrib 12324 value 8 to 8
04-11 02:55:13.963 26108 26128 D native-activity: Comparing requested attrib 12321 value 8 to 8
04-11 02:55:13.963 26108 26128 D native-activity: Comparing requested attrib 12325 value 16 to 0
04-11 02:55:13.963 26108 26128 D native-activity: Examining config 0x16
04-11 02:55:13.963 26108 26128 D native-activity: Comparing requested attrib 12339 value 4 to 4
04-11 02:55:13.963 26108 26128 D native-activity: Comparing requested attrib 12352 value 4 to 68
04-11 02:55:13.963 26108 26128 D native-activity: Comparing requested attrib 12322 value 8 to 8
04-11 02:55:13.963 26108 26128 D native-activity: Comparing requested attrib 12323 value 8 to 8
04-11 02:55:13.963 26108 26128 D native-activity: Comparing requested attrib 12324 value 8 to 8
04-11 02:55:13.963 26108 26128 D native-activity: Comparing requested attrib 12321 value 8 to 8
04-11 02:55:13.963 26108 26128 D native-activity: Comparing requested attrib 12325 value 16 to 24
04-11 02:55:13.963 26108 26128 D native-activity: Examining config 0x17
04-11 02:55:13.963 26108 26128 D native-activity: Comparing requested attrib 12339 value 4 to 4
04-11 02:55:13.963 26108 26128 D native-activity: Comparing requested attrib 12352 value 4 to 68
04-11 02:55:13.963 26108 26128 D native-activity: Comparing requested attrib 12322 value 8 to 8
04-11 02:55:13.963 26108 26128 D native-activity: Comparing requested attrib 12323 value 8 to 8
04-11 02:55:13.963 26108 26128 D native-activity: Comparing requested attrib 12324 value 8 to 8
04-11 02:55:13.963 26108 26128 D native-activity: Comparing requested attrib 12321 value 8 to 8
04-11 02:55:13.963 26108 26128 D native-activity: Comparing requested attrib 12325 value 16 to 24
04-11 02:55:13.963 26108 26128 D native-activity: Examining config 0x18
04-11 02:55:13.963 26108 26128 D native-activity: Comparing requested attrib 12339 value 4 to 4
04-11 02:55:13.963 26108 26128 D native-activity: Comparing requested attrib 12352 value 4 to 68
04-11 02:55:13.963 26108 26128 D native-activity: Comparing requested attrib 12322 value 8 to 8
04-11 02:55:13.963 26108 26128 D native-activity: Comparing requested attrib 12323 value 8 to 8
04-11 02:55:13.963 26108 26128 D native-activity: Comparing requested attrib 12324 value 8 to 8
04-11 02:55:13.963 26108 26128 D native-activity: Comparing requested attrib 12321 value 8 to 8
04-11 02:55:13.963 26108 26128 D native-activity: Comparing requested attrib 12325 value 16 to 24
04-11 02:55:13.963 26108 26128 D native-activity: Examining config 0x19
04-11 02:55:13.963 26108 26128 D native-activity: Comparing requested attrib 12339 value 4 to 5
04-11 02:55:13.963 26108 26128 D native-activity: Comparing requested attrib 12352 value 4 to 68
04-11 02:55:13.963 26108 26128 D native-activity: Comparing requested attrib 12322 value 8 to 8
04-11 02:55:13.963 26108 26128 D native-activity: Comparing requested attrib 12323 value 8 to 8
04-11 02:55:13.963 26108 26128 D native-activity: Comparing requested attrib 12324 value 8 to 8
04-11 02:55:13.963 26108 26128 D native-activity: Comparing requested attrib 12321 value 8 to 0
04-11 02:55:13.963 26108 26128 D native-activity: Examining config 0x1a
04-11 02:55:13.963 26108 26128 D native-activity: Comparing requested attrib 12339 value 4 to 5
04-11 02:55:13.963 26108 26128 D native-activity: Comparing requested attrib 12352 value 4 to 68
04-11 02:55:13.963 26108 26128 D native-activity: Comparing requested attrib 12322 value 8 to 8
04-11 02:55:13.963 26108 26128 D native-activity: Comparing requested attrib 12323 value 8 to 8
04-11 02:55:13.963 26108 26128 D native-activity: Comparing requested attrib 12324 value 8 to 8
04-11 02:55:13.963 26108 26128 D native-activity: Comparing requested attrib 12321 value 8 to 0
04-11 02:55:13.963 26108 26128 D native-activity: Examining config 0x1b
04-11 02:55:13.963 26108 26128 D native-activity: Comparing requested attrib 12339 value 4 to 4
04-11 02:55:13.963 26108 26128 D native-activity: Comparing requested attrib 12352 value 4 to 68
04-11 02:55:13.963 26108 26128 D native-activity: Comparing requested attrib 12322 value 8 to 8
04-11 02:55:13.963 26108 26128 D native-activity: Comparing requested attrib 12323 value 8 to 8
04-11 02:55:13.963 26108 26128 D native-activity: Comparing requested attrib 12324 value 8 to 8
04-11 02:55:13.963 26108 26128 D native-activity: Comparing requested attrib 12321 value 8 to 0
04-11 02:55:13.964 26108 26128 D native-activity: Examining config 0x1c
04-11 02:55:13.964 26108 26128 D native-activity: Comparing requested attrib 12339 value 4 to 4
04-11 02:55:13.964 26108 26128 D native-activity: Comparing requested attrib 12352 value 4 to 68
04-11 02:55:13.964 26108 26128 D native-activity: Comparing requested attrib 12322 value 8 to 8
04-11 02:55:13.964 26108 26128 D native-activity: Comparing requested attrib 12323 value 8 to 8
04-11 02:55:13.964 26108 26128 D native-activity: Comparing requested attrib 12324 value 8 to 8
04-11 02:55:13.964 26108 26128 D native-activity: Comparing requested attrib 12321 value 8 to 0
04-11 02:55:13.964 26108 26128 D native-activity: Examining config 0x1d
04-11 02:55:13.964 26108 26128 D native-activity: Comparing requested attrib 12339 value 4 to 4
04-11 02:55:13.964 26108 26128 D native-activity: Comparing requested attrib 12352 value 4 to 68
04-11 02:55:13.964 26108 26128 D native-activity: Comparing requested attrib 12322 value 8 to 8
04-11 02:55:13.964 26108 26128 D native-activity: Comparing requested attrib 12323 value 8 to 8
04-11 02:55:13.964 26108 26128 D native-activity: Comparing requested attrib 12324 value 8 to 8
04-11 02:55:13.964 26108 26128 D native-activity: Comparing requested attrib 12321 value 8 to 0
04-11 02:55:13.964 26108 26128 D native-activity: Examining config 0x1e
04-11 02:55:13.964 26108 26128 D native-activity: Comparing requested attrib 12339 value 4 to 5
04-11 02:55:13.964 26108 26128 D native-activity: Comparing requested attrib 12352 value 4 to 68
04-11 02:55:13.964 26108 26128 D native-activity: Comparing requested attrib 12322 value 8 to 8
04-11 02:55:13.964 26108 26128 D native-activity: Comparing requested attrib 12323 value 8 to 8
04-11 02:55:13.964 26108 26128 D native-activity: Comparing requested attrib 12324 value 8 to 8
04-11 02:55:13.964 26108 26128 D native-activity: Comparing requested attrib 12321 value 8 to 8
04-11 02:55:13.964 26108 26128 D native-activity: Comparing requested attrib 12325 value 16 to 24
04-11 02:55:13.964 26108 26128 D native-activity: Examining config 0x1f
04-11 02:55:13.964 26108 26128 D native-activity: Comparing requested attrib 12339 value 4 to 5
04-11 02:55:13.964 26108 26128 D native-activity: Comparing requested attrib 12352 value 4 to 68
04-11 02:55:13.964 26108 26128 D native-activity: Comparing requested attrib 12322 value 8 to 8
04-11 02:55:13.964 26108 26128 D native-activity: Comparing requested attrib 12323 value 8 to 8
04-11 02:55:13.964 26108 26128 D native-activity: Comparing requested attrib 12324 value 8 to 8
04-11 02:55:13.964 26108 26128 D native-activity: Comparing requested attrib 12321 value 8 to 8
04-11 02:55:13.964 26108 26128 D native-activity: Comparing requested attrib 12325 value 16 to 0
04-11 02:55:13.964 26108 26128 D native-activity: Examining config 0x20
04-11 02:55:13.964 26108 26128 D native-activity: Comparing requested attrib 12339 value 4 to 4
04-11 02:55:13.964 26108 26128 D native-activity: Comparing requested attrib 12352 value 4 to 68
04-11 02:55:13.964 26108 26128 D native-activity: Comparing requested attrib 12322 value 8 to 8
04-11 02:55:13.964 26108 26128 D native-activity: Comparing requested attrib 12323 value 8 to 8
04-11 02:55:13.964 26108 26128 D native-activity: Comparing requested attrib 12324 value 8 to 8
04-11 02:55:13.964 26108 26128 D native-activity: Comparing requested attrib 12321 value 8 to 8
04-11 02:55:13.964 26108 26128 D native-activity: Comparing requested attrib 12325 value 16 to 24
04-11 02:55:13.964 26108 26128 D native-activity: Examining config 0x21
04-11 02:55:13.964 26108 26128 D native-activity: Comparing requested attrib 12339 value 4 to 4
04-11 02:55:13.964 26108 26128 D native-activity: Comparing requested attrib 12352 value 4 to 68
04-11 02:55:13.964 26108 26128 D native-activity: Comparing requested attrib 12322 value 8 to 8
04-11 02:55:13.964 26108 26128 D native-activity: Comparing requested attrib 12323 value 8 to 8
04-11 02:55:13.964 26108 26128 D native-activity: Comparing requested attrib 12324 value 8 to 8
04-11 02:55:13.964 26108 26128 D native-activity: Comparing requested attrib 12321 value 8 to 8
04-11 02:55:13.964 26108 26128 D native-activity: Comparing requested attrib 12325 value 16 to 24
04-11 02:55:13.964 26108 26128 D native-activity: Examining config 0x22
04-11 02:55:13.964 26108 26128 D native-activity: Comparing requested attrib 12339 value 4 to 4
04-11 02:55:13.965 26108 26128 D native-activity: Comparing requested attrib 12352 value 4 to 68
04-11 02:55:13.965 26108 26128 D native-activity: Comparing requested attrib 12322 value 8 to 8
04-11 02:55:13.965 26108 26128 D native-activity: Comparing requested attrib 12323 value 8 to 8
04-11 02:55:13.965 26108 26128 D native-activity: Comparing requested attrib 12324 value 8 to 8
04-11 02:55:13.965 26108 26128 D native-activity: Comparing requested attrib 12321 value 8 to 8
04-11 02:55:13.965 26108 26128 D native-activity: Comparing requested attrib 12325 value 16 to 24
04-11 02:55:13.965 26108 26128 D native-activity: Examining config 0x23
04-11 02:55:13.965 26108 26128 D native-activity: Comparing requested attrib 12339 value 4 to 5
04-11 02:55:13.965 26108 26128 D native-activity: Comparing requested attrib 12352 value 4 to 68
04-11 02:55:13.965 26108 26128 D native-activity: Comparing requested attrib 12322 value 8 to 8
04-11 02:55:13.965 26108 26128 D native-activity: Comparing requested attrib 12323 value 8 to 8
04-11 02:55:13.965 26108 26128 D native-activity: Comparing requested attrib 12324 value 8 to 8
04-11 02:55:13.965 26108 26128 D native-activity: Comparing requested attrib 12321 value 8 to 0
04-11 02:55:13.965 26108 26128 D native-activity: Examining config 0x24
04-11 02:55:13.965 26108 26128 D native-activity: Comparing requested attrib 12339 value 4 to 5
04-11 02:55:13.965 26108 26128 D native-activity: Comparing requested attrib 12352 value 4 to 68
04-11 02:55:13.965 26108 26128 D native-activity: Comparing requested attrib 12322 value 8 to 8
04-11 02:55:13.965 26108 26128 D native-activity: Comparing requested attrib 12323 value 8 to 8
04-11 02:55:13.965 26108 26128 D native-activity: Comparing requested attrib 12324 value 8 to 8
04-11 02:55:13.965 26108 26128 D native-activity: Comparing requested attrib 12321 value 8 to 0
04-11 02:55:13.965 26108 26128 D native-activity: Examining config 0x25
04-11 02:55:13.965 26108 26128 D native-activity: Comparing requested attrib 12339 value 4 to 4
04-11 02:55:13.965 26108 26128 D native-activity: Comparing requested attrib 12352 value 4 to 68
04-11 02:55:13.965 26108 26128 D native-activity: Comparing requested attrib 12322 value 8 to 8
04-11 02:55:13.965 26108 26128 D native-activity: Comparing requested attrib 12323 value 8 to 8
04-11 02:55:13.965 26108 26128 D native-activity: Comparing requested attrib 12324 value 8 to 8
04-11 02:55:13.965 26108 26128 D native-activity: Comparing requested attrib 12321 value 8 to 0
04-11 02:55:13.965 26108 26128 D native-activity: Examining config 0x26
04-11 02:55:13.965 26108 26128 D native-activity: Comparing requested attrib 12339 value 4 to 4
04-11 02:55:14.126   958  2822 I Kernel  : [310553.743187] (0)[2822:Binder_11]inv_switch_engine: Sensor: 7, Enable: 0
04-11 02:55:13.965 26108 26128 D native-activity: Comparing requested attrib 12352 value 4 to 68
04-11 02:55:13.965 26108 26128 D native-activity: Comparing requested attrib 12322 value 8 to 8
04-11 02:55:13.965 26108 26128 D native-activity: Comparing requested attrib 12323 value 8 to 8
04-11 02:55:13.965 26108 26128 D native-activity: Comparing requested attrib 12324 value 8 to 8
04-11 02:55:13.965 26108 26128 D native-activity: Comparing requested attrib 12321 value 8 to 0
04-11 02:55:13.965 26108 26128 D native-activity: Examining config 0x27
04-11 02:55:13.965 26108 26128 D native-activity: Comparing requested attrib 12339 value 4 to 4
04-11 02:55:13.965 26108 26128 D native-activity: Comparing requested attrib 12352 value 4 to 68
04-11 02:55:13.965 26108 26128 D native-activity: Comparing requested attrib 12322 value 8 to 8
04-11 02:55:13.966 26108 26128 D native-activity: Comparing requested attrib 12323 value 8 to 8
04-11 02:55:13.966 26108 26128 D native-activity: Comparing requested attrib 12324 value 8 to 8
04-11 02:55:13.966 26108 26128 D native-activity: Comparing requested attrib 12321 value 8 to 0
04-11 02:55:13.966 26108 26128 D native-activity: Examining config 0x28
04-11 02:55:13.966 26108 26128 D native-activity: Comparing requested attrib 12339 value 4 to 5
04-11 02:55:13.966 26108 26128 D native-activity: Comparing requested attrib 12352 value 4 to 68
04-11 02:55:13.966 26108 26128 D native-activity: Comparing requested attrib 12322 value 8 to 5
04-11 02:55:13.966 26108 26128 D native-activity: Examining config 0x29
04-11 02:55:13.966 26108 26128 D native-activity: Comparing requested attrib 12339 value 4 to 5
04-11 02:55:13.966 26108 26128 D native-activity: Comparing requested attrib 12352 value 4 to 68
04-11 02:55:13.966 26108 26128 D native-activity: Comparing requested attrib 12322 value 8 to 5
04-11 02:55:14.126   958  2822 I Kernel  : [310553.745084] (0)[2822:Binder_11]inv_switch_engine: Sensor: 56, Enable: 0
04-11 02:55:13.966 26108 26128 D native-activity: Examining config 0x2a
04-11 02:55:13.966 26108 26128 D native-activity: Comparing requested attrib 12339 value 4 to 4
04-11 02:55:13.966 26108 26128 D native-activity: Comparing requested attrib 12352 value 4 to 68
04-11 02:55:13.966 26108 26128 D native-activity: Comparing requested attrib 12322 value 8 to 5
04-11 02:55:13.966 26108 26128 D native-activity: Examining config 0x2b
04-11 02:55:13.966 26108 26128 D native-activity: Comparing requested attrib 12339 value 4 to 4
04-11 02:55:13.966 26108 26128 D native-activity: Comparing requested attrib 12352 value 4 to 68
04-11 02:55:13.966 26108 26128 D native-activity: Comparing requested attrib 12322 value 8 to 5
04-11 02:55:13.966 26108 26128 D native-activity: Examining config 0x2c
04-11 02:55:13.966 26108 26128 D native-activity: Comparing requested attrib 12339 value 4 to 4
04-11 02:55:13.966 26108 26128 D native-activity: Comparing requested attrib 12352 value 4 to 68
04-11 02:55:13.966 26108 26128 D native-activity: Comparing requested attrib 12322 value 8 to 5
04-11 02:55:13.966 26108 26128 W native-activity: Couldn't find an exact config match, trying eglChooseConfig
04-11 02:55:13.966 26108 26128 I native-activity: Using config 0x14 of 8 configs
04-11 02:55:13.966 26108 26128 I native-activity: 		EGL_CONFIG_ID: 20
04-11 02:55:13.966 26108 26128 I native-activity: 		EGL_CONFORMANT: 68 EGL_OPENGL_ES2_BIT,
04-11 02:55:13.966 26108 26128 I native-activity: 		EGL_CONFIG_CAVEAT: 12344 EGL_NONE,
04-11 02:55:13.966 26108 26128 I native-activity: 		EGL_RENDERABLE_TYPE: 68 EGL_OPENGL_ES2_BIT,
04-11 02:55:13.966 26108 26128 I native-activity: 		EGL_SURFACE_TYPE: 5 EGL_PBUFFER_BIT, EGL_WINDOW_BIT,
04-11 02:55:13.966 26108 26128 I native-activity: 		EGL_LEVEL: 0
04-11 02:55:13.966 26108 26128 I native-activity: 		EGL_COLOR_BUFFER_TYPE: 12430 EGL_RGB_BUFFER,
04-11 02:55:13.966 26108 26128 I native-activity: 		EGL_BUFFER_SIZE: 32
04-11 02:55:13.966 26108 26128 I native-activity: 		EGL_SAMPLES: 0
04-11 02:55:13.966 26108 26128 I native-activity: 		EGL_SAMPLE_BUFFERS: 0
04-11 02:55:13.966 26108 26128 I native-activity: 		EGL_RED_SIZE: 8
04-11 02:55:13.966 26108 26128 I native-activity: 		EGL_GREEN_SIZE: 8
04-11 02:55:13.966 26108 26128 I native-activity: 		EGL_BLUE_SIZE: 8
04-11 02:55:13.967 26108 26128 I native-activity: 		EGL_ALPHA_SIZE: 8
04-11 02:55:13.967 26108 26128 I native-activity: 		EGL_ALPHA_MASK_SIZE: 0
04-11 02:55:13.967 26108 26128 I native-activity: 		EGL_LUMINANCE_SIZE: 0
04-11 02:55:13.967 26108 26128 I native-activity: 		EGL_TRANSPARENT_TYPE: 12344 EGL_NONE,
04-11 02:55:13.967 26108 26128 I native-activity: 		EGL_TRANSPARENT_RED_VALUE: 0
04-11 02:55:13.967 26108 26128 I native-activity: 		EGL_TRANSPARENT_GREEN_VALUE: 0
04-11 02:55:13.967 26108 26128 I native-activity: 		EGL_TRANSPARENT_BLUE_VALUE: 0
04-11 02:55:13.967 26108 26128 I native-activity: 		EGL_STENCIL_SIZE: 8
04-11 02:55:13.967 26108 26128 I native-activity: 		EGL_DEPTH_SIZE: 24
04-11 02:55:13.967 26108 26128 I native-activity: 		EGL_BIND_TO_TEXTURE_RGB: 1
04-11 02:55:13.967 26108 26128 I native-activity: 		EGL_BIND_TO_TEXTURE_RGBA: 1
04-11 02:55:13.967 26108 26128 I native-activity: 		EGL_MIN_SWAP_INTERVAL: 0
04-11 02:55:13.967 26108 26128 I native-activity: 		EGL_MAX_SWAP_INTERVAL: 5
04-11 02:55:13.967 26108 26128 I native-activity: 		EGL_MAX_PBUFFER_WIDTH: 8192
04-11 02:55:13.967 26108 26128 I native-activity: 		EGL_MAX_PBUFFER_HEIGHT: 8192
04-11 02:55:13.967 26108 26128 I native-activity: Creating pbuffer surface as pbuffer_bit is set
04-11 02:55:13.979 26108 26128 I native-activity: EGL Surface 0x5446ba08 information
04-11 02:55:13.979 26108 26128 I native-activity: 		EGL_CONFIG_ID: 20
04-11 02:55:13.979 26108 26128 I native-activity: 		EGL_WIDTH: 2160
04-11 02:55:13.979 26108 26128 I native-activity: 		EGL_HEIGHT: 3840
04-11 02:55:13.979 26108 26128 I native-activity: 		EGL_HORIZONTAL_RESOLUTION: -1 EGL_UNKNOWN,
04-11 02:55:13.979 26108 26128 I native-activity: 		EGL_VERTICAL_RESOLUTION: -1 EGL_UNKNOWN,
04-11 02:55:13.979 26108 26128 I native-activity: 		EGL_PIXEL_ASPECT_RATIO: -1 EGL_UNKNOWN,
04-11 02:55:13.979 26108 26128 I native-activity: 		EGL_RENDER_BUFFER: 12420 EGL_BACK_BUFFER,
04-11 02:55:13.979 26108 26128 I native-activity: 		EGL_MIPMAP_TEXTURE: 0
04-11 02:55:13.979 26108 26128 I native-activity: 		EGL_TEXTURE_FORMAT: 12380 EGL_NO_TEXTURE,
04-11 02:55:13.979 26108 26128 I native-activity: 		EGL_TEXTURE_TARGET: 12380 EGL_NO_TEXTURE,
04-11 02:55:13.979 26108 26128 I native-activity: 		EGL_SWAP_BEHAVIOR: 0
04-11 02:55:13.979 26108 26128 I native-activity: 		EGL_MULTISAMPLE_RESOLVE: 0
04-11 02:55:13.986 26108 26128 I native-activity: Created context 0x546fc608, error 0x3000
04-11 02:55:13.986 26108 26128 I native-activity: 		EGL_CONFIG_ID: 20
04-11 02:55:13.986 26108 26128 I native-activity: 		EGL_CONTEXT_CLIENT_TYPE: 12448 EGL_OPENGL_ES_API,
04-11 02:55:13.986 26108 26128 I native-activity: 		EGL_CONTEXT_CLIENT_VERSION: 2
04-11 02:55:13.986 26108 26128 I native-activity: 		EGL_RENDER_BUFFER: 12344 EGL_NONE,
04-11 02:55:13.986 26108 26128 I native-activity: Context 0x546fc608 made current on surface 0x5446ba08, error 0x3000
04-11 02:55:13.986 26108 26128 I native-activity: GL information
04-11 02:55:13.986 26108 26128 I native-activity: 	Renderer: PowerVR Rogue G6200
04-11 02:55:13.986 26108 26128 I native-activity: 	Vendor: Imagination Technologies
04-11 02:55:13.986 26108 26128 I native-activity: 	Version: OpenGL ES 3.1 build 1.4@3573678
04-11 02:55:13.986 26108 26128 I native-activity: 	Shading Language: OpenGL ES GLSL ES 3.10 build 1.4@3573678
04-11 02:55:13.986 26108 26128 I native-activity: 	Extensions: GL_EXT_debug_marker GL_EXT_blend_minmax GL_EXT_color_buffer_float GL_EXT_discard_framebuffer GL_EXT_draw_buffers GL_EXT_multi_draw_arrays GL_EXT_multisampled_render_to_texture GL_EXT_occlusion_query_boolean GL_EXT_read_format_bgra GL_EXT_robustness GL_EXT_separate_shader_objects GL_EXT_shader_framebuffer_fetch GL_EXT_shader_texture_lod GL_EXT_texture_filter_anisotropic GL_EXT_texture_format_BGRA8888 GL_EXT_texture_rg GL_EXT_texture_sRGB_decode GL_IMG_multisampled_render_to_texture GL_IMG_program_binary GL_IMG_read_format GL_IMG_shader_binary GL_IMG_texture_compression_pvrtc GL_IMG_texture_compression_pvrtc2 GL_IMG_texture_format_BGRA8888 GL_IMG_texture_npot GL_KHR_blend_equation_advanced GL_KHR_blend_equation_advanced_coherent GL_KHR_debug GL_OES_compressed_ETC1_RGB8_texture GL_OES_depth24 GL_OES_depth_texture GL_OES_EGL_image GL_OES_EGL_image_external GL_OES_EGL_sync GL_OES_element_index_uint GL_OES_fragment_precision_high GL_OES_get_program_binary GL_OES_mapbuffer GL_OES_packed_depth_stencil G
04-11 02:55:14.032 26108 26128 I native-activity: Context 0x546fc608 made current on surface 0x5446ba08, error 0x3000
04-11 02:55:14.032 26108 26128 I native-activity: GL information
04-11 02:55:14.032 26108 26128 I native-activity: 	Renderer: PowerVR Rogue G6200
04-11 02:55:14.032 26108 26128 I native-activity: 	Vendor: Imagination Technologies
04-11 02:55:14.032 26108 26128 I native-activity: 	Version: OpenGL ES 3.1 build 1.4@3573678
04-11 02:55:14.032 26108 26128 I native-activity: 	Shading Language: OpenGL ES GLSL ES 3.10 build 1.4@3573678
04-11 02:55:14.033 26108 26128 I native-activity: 	Extensions: GL_EXT_debug_marker GL_EXT_blend_minmax GL_EXT_color_buffer_float GL_EXT_discard_framebuffer GL_EXT_draw_buffers GL_EXT_multi_draw_arrays GL_EXT_multisampled_render_to_texture GL_EXT_occlusion_query_boolean GL_EXT_read_format_bgra GL_EXT_robustness GL_EXT_separate_shader_objects GL_EXT_shader_framebuffer_fetch GL_EXT_shader_texture_lod GL_EXT_texture_filter_anisotropic GL_EXT_texture_format_BGRA8888 GL_EXT_texture_rg GL_EXT_texture_sRGB_decode GL_IMG_multisampled_render_to_texture GL_IMG_program_binary GL_IMG_read_format GL_IMG_shader_binary GL_IMG_texture_compression_pvrtc GL_IMG_texture_compression_pvrtc2 GL_IMG_texture_format_BGRA8888 GL_IMG_texture_npot GL_KHR_blend_equation_advanced GL_KHR_blend_equation_advanced_coherent GL_KHR_debug GL_OES_compressed_ETC1_RGB8_texture GL_OES_depth24 GL_OES_depth_texture GL_OES_EGL_image GL_OES_EGL_image_external GL_OES_EGL_sync GL_OES_element_index_uint GL_OES_fragment_precision_high GL_OES_get_program_binary GL_OES_mapbuffer GL_OES_packed_depth_stencil G
04-11 02:55:14.095 26108 26128 I native-activity: Frame 0 GL error is 0x501
04-11 02:55:14.095 26108 26128 I native-activity: Frame 0 time is 116.048ms
04-11 02:55:14.095 26108 26128 I native-activity: Doing egl_swapbuffers_sync 2
04-11 02:55:14.095 26108 26128 I native-activity: Swap 0 time is 116.292ms
04-11 02:55:14.156   958  2822 I Kernel  : [310553.767161] (0)[2822:Binder_11]inv_switch_engine: Sensor: 56, Enable: 1
04-11 02:55:14.189 26108 26128 I native-activity: Animating
04-11 02:55:14.190 26108 26128 I native-activity: Frame 1 GL error is 0x0
04-11 02:55:14.190 26108 26128 I native-activity: Frame 1 time is 0.152ms
04-11 02:55:14.190 26108 26128 I native-activity: Doing egl_swapbuffers_sync 2
04-11 02:55:14.190 26108 26128 I native-activity: Swap 1 time is 0.628ms
04-11 02:55:14.190 26108 26128 I native-activity: Animating
04-11 02:55:14.190 26108 26128 I native-activity: Frame 2 GL error is 0x0
04-11 02:55:14.190 26108 26128 I native-activity: Frame 2 time is 0.099ms
04-11 02:55:14.190 26108 26128 I native-activity: Doing egl_swapbuffers_sync 2
04-11 02:55:14.190 26108 26128 I native-activity: Swap 2 time is 0.233ms
04-11 02:55:14.190 26108 26128 I native-activity: Animating
04-11 02:55:14.191 26108 26128 I native-activity: Context 0x546fc608 made current on surface 0x5446ba08, error 0x3000
04-11 02:55:14.191 26108 26128 I native-activity: GL information
04-11 02:55:14.191 26108 26128 I native-activity: 	Renderer: PowerVR Rogue G6200
04-11 02:55:14.191 26108 26128 I native-activity: 	Vendor: Imagination Technologies
04-11 02:55:14.191 26108 26128 I native-activity: 	Version: OpenGL ES 3.1 build 1.4@3573678
04-11 02:55:14.191 26108 26128 I native-activity: 	Shading Language: OpenGL ES GLSL ES 3.10 build 1.4@3573678
04-11 02:55:14.191 26108 26128 I native-activity: 	Extensions: GL_EXT_debug_marker GL_EXT_blend_minmax GL_EXT_color_buffer_float GL_EXT_discard_framebuffer GL_EXT_draw_buffers GL_EXT_multi_draw_arrays GL_EXT_multisampled_render_to_texture GL_EXT_occlusion_query_boolean GL_EXT_read_format_bgra GL_EXT_robustness GL_EXT_separate_shader_objects GL_EXT_shader_framebuffer_fetch GL_EXT_shader_texture_lod GL_EXT_texture_filter_anisotropic GL_EXT_texture_format_BGRA8888 GL_EXT_texture_rg GL_EXT_texture_sRGB_decode GL_IMG_multisampled_render_to_texture GL_IMG_program_binary GL_IMG_read_format GL_IMG_shader_binary GL_IMG_texture_compression_pvrtc GL_IMG_texture_compression_pvrtc2 GL_IMG_texture_format_BGRA8888 GL_IMG_texture_npot GL_KHR_blend_equation_advanced GL_KHR_blend_equation_advanced_coherent GL_KHR_debug GL_OES_compressed_ETC1_RGB8_texture GL_OES_depth24 GL_OES_depth_texture GL_OES_EGL_image GL_OES_EGL_image_external GL_OES_EGL_sync GL_OES_element_index_uint GL_OES_fragment_precision_high GL_OES_get_program_binary GL_OES_mapbuffer GL_OES_packed_depth_stencil G
04-11 02:55:14.191 26108 26128 I native-activity: Frame 3 GL error is 0x501
04-11 02:55:14.191 26108 26128 I native-activity: Frame 3 time is 0.231ms
04-11 02:55:14.191 26108 26128 I native-activity: Doing egl_swapbuffers_sync 2
04-11 02:55:14.191 26108 26128 I native-activity: Swap 3 time is 0.323ms
04-11 02:55:14.191 26108 26128 I native-activity: Animating
04-11 02:55:14.246 26108 26128 I native-activity: Frame 4 GL error is 0x501
04-11 02:55:14.246 26108 26128 I native-activity: Frame 4 time is 55.547ms
04-11 02:55:14.246 26108 26128 I native-activity: Doing egl_swapbuffers_sync 2
04-11 02:55:14.247 26108 26128 I native-activity: Swap 4 time is 55.744ms
04-11 02:55:14.247 26108 26128 I native-activity: Animating
04-11 02:55:14.247 26108 26128 I native-activity: Frame 5 GL error is 0x0
04-11 02:55:14.247 26108 26128 I native-activity: Frame 5 time is 0.119ms
04-11 02:55:14.247 26108 26128 I native-activity: Doing egl_swapbuffers_sync 2
04-11 02:55:14.247 26108 26128 I native-activity: Swap 5 time is 0.272ms
04-11 02:55:14.247 26108 26128 I native-activity: Animating
04-11 02:55:14.247 26108 26128 I native-activity: Frame 6 GL error is 0x0
04-11 02:55:14.247 26108 26128 I native-activity: Frame 6 time is 0.091ms
04-11 02:55:14.247 26108 26128 I native-activity: Doing egl_swapbuffers_sync 2
04-11 02:55:14.247 26108 26128 I native-activity: Swap 6 time is 0.222ms
04-11 02:55:14.247 26108 26128 I native-activity: Animating
04-11 02:55:14.247 26108 26128 I native-activity: Frame 7 GL error is 0x0
04-11 02:55:14.247 26108 26128 I native-activity: Frame 7 time is 0.062ms
04-11 02:55:14.247 26108 26128 I native-activity: Doing egl_swapbuffers_sync 2
04-11 02:55:14.253 26108 26128 I native-activity: Swap 7 time is 6.070ms
04-11 02:55:14.253 26108 26128 I native-activity: Animating
04-11 02:55:14.253 26108 26128 I native-activity: Frame 8 GL error is 0x0
04-11 02:55:14.253 26108 26128 I native-activity: Frame 8 time is 0.124ms
04-11 02:55:14.253 26108 26128 I native-activity: Doing egl_swapbuffers_sync 2
04-11 02:55:14.272 26108 26128 I native-activity: Swap 8 time is 18.996ms
04-11 02:55:14.272 26108 26128 I native-activity: Animating
04-11 02:55:14.273 26108 26128 I native-activity: Frame 9 GL error is 0x0
04-11 02:55:14.273 26108 26128 I native-activity: Frame 9 time is 0.284ms
04-11 02:55:14.273 26108 26128 I native-activity: Doing egl_swapbuffers_sync 2
04-11 02:55:14.289 26108 26128 I native-activity: Swap 9 time is 16.443ms
