04-11 02:52:48.623 25312 25330 I native-activity: Animating
04-11 02:52:48.632 25312 25330 I native-activity: Frame 261 GL error is 0x0
04-11 02:52:48.632 25312 25330 I native-activity: Frame 261 time is 9.742ms
04-11 02:52:48.633 25312 25330 I native-activity: Doing egl_swapbuffers_sync 2
04-11 02:52:48.642 25312 25330 I native-activity: Swap 261 time is 18.950ms
04-11 02:52:48.642 25312 25330 I native-activity: Animating
04-11 02:52:48.650 25312 25330 I native-activity: Frame 262 GL error is 0x0
04-11 02:52:48.650 25312 25330 I native-activity: Frame 262 time is 8.208ms
04-11 02:52:48.650 25312 25330 I native-activity: Doing egl_swapbuffers_sync 2
04-11 02:52:48.661 25312 25330 I native-activity: Swap 262 time is 18.831ms
04-11 02:52:48.661 25312 25330 I native-activity: Animating
04-11 02:52:48.670 25312 25330 I native-activity: Frame 263 GL error is 0x0
04-11 02:52:48.670 25312 25330 I native-activity: Frame 263 time is 9.152ms
04-11 02:52:48.670 25312 25330 I native-activity: Doing egl_swapbuffers_sync 2
04-11 02:52:48.680 25312 25330 I native-activity: Swap 263 time is 18.778ms
04-11 02:52:48.680 25312 25330 I native-activity: Animating
04-11 02:52:48.689 25312 25330 I native-activity: Frame 264 GL error is 0x0
04-11 02:52:48.689 25312 25330 I native-activity: Frame 264 time is 8.977ms
04-11 02:52:48.689 25312 25330 I native-activity: Doing egl_swapbuffers_sync 2
04-11 02:52:48.706 25312 25330 I native-activity: Swap 264 time is 25.759ms
04-11 02:52:48.706 25312 25330 I native-activity: Animating
04-11 02:52:48.711 25312 25330 I native-activity: Frame 265 GL error is 0x0
04-11 02:52:48.711 25312 25330 I native-activity: Frame 265 time is 5.532ms
04-11 02:52:48.711 25312 25330 I native-activity: Doing egl_swapbuffers_sync 2
04-11 02:52:48.717 25312 25330 I native-activity: Swap 265 time is 11.005ms
04-11 02:52:48.717 25312 25330 I native-activity: Animating
04-11 02:52:48.733 25312 25330 I native-activity: Frame 266 GL error is 0x0
04-11 02:52:48.733 25312 25330 I native-activity: Frame 266 time is 16.497ms
04-11 02:52:48.733 25312 25330 I native-activity: Doing egl_swapbuffers_sync 2
04-11 02:52:48.735 25312 25330 I native-activity: Swap 266 time is 18.015ms
04-11 02:52:48.735 25312 25330 I native-activity: Animating
04-11 02:52:48.749 25312 25330 I native-activity: Frame 267 GL error is 0x0
04-11 02:52:48.749 25312 25330 I native-activity: Frame 267 time is 14.335ms
04-11 02:52:48.749 25312 25330 I native-activity: Doing egl_swapbuffers_sync 2
04-11 02:52:48.753 25312 25330 I native-activity: Swap 267 time is 18.196ms
04-11 02:52:48.753 25312 25330 I native-activity: Animating
04-11 02:52:48.761 25312 25330 I native-activity: Frame 268 GL error is 0x0
04-11 02:52:48.761 25312 25330 I native-activity: Frame 268 time is 7.544ms
04-11 02:52:48.761 25312 25330 I native-activity: Doing egl_swapbuffers_sync 2
04-11 02:52:48.771 25312 25330 I native-activity: Swap 268 time is 18.038ms
04-11 02:52:48.771 25312 25330 I native-activity: Animating
04-11 02:52:48.766    93    93 I Kernel  : [310408.381392] (2)[93:irq/258-inv_irq]inv_mpu_iio: inv_read_fifo: Received Sensor Interrupt to read FIFO and Fifo_count is 6
04-11 02:52:48.783 25312 25330 I native-activity: Frame 269 GL error is 0x0
04-11 02:52:48.783 25312 25330 I native-activity: Frame 269 time is 11.193ms
04-11 02:52:48.783 25312 25330 I native-activity: Doing egl_swapbuffers_sync 2
04-11 02:52:48.789 25312 25330 I native-activity: Swap 269 time is 17.038ms
04-11 02:52:48.789 25312 25330 I native-activity: Animating
04-11 02:52:48.799 25312 25330 I native-activity: Frame 270 GL error is 0x0
04-11 02:52:48.799 25312 25330 I native-activity: Frame 270 time is 10.377ms
04-11 02:52:48.799 25312 25330 I native-activity: Doing egl_swapbuffers_sync 2
04-11 02:52:48.806 25312 25330 I native-activity: Swap 270 time is 17.028ms
04-11 02:52:48.806 25312 25330 I native-activity: Animating
04-11 02:52:48.813 25312 25330 I native-activity: Frame 271 GL error is 0x0
04-11 02:52:48.813 25312 25330 I native-activity: Frame 271 time is 7.498ms
04-11 02:52:48.813 25312 25330 I native-activity: Doing egl_swapbuffers_sync 2
04-11 02:52:48.823 25312 25330 I native-activity: Swap 271 time is 17.205ms
04-11 02:52:48.823 25312 25330 I native-activity: Animating
04-11 02:52:48.832 25312 25330 I native-activity: Frame 272 GL error is 0x0
04-11 02:52:48.832 25312 25330 I native-activity: Frame 272 time is 8.641ms
04-11 02:52:48.832 25312 25330 I native-activity: Doing egl_swapbuffers_sync 2
04-11 02:52:48.840 25312 25330 I native-activity: Swap 272 time is 16.709ms
04-11 02:52:48.840 25312 25330 I native-activity: Animating
04-11 02:52:48.848 25312 25330 I native-activity: Frame 273 GL error is 0x0
04-11 02:52:48.848 25312 25330 I native-activity: Frame 273 time is 7.918ms
04-11 02:52:48.848 25312 25330 I native-activity: Doing egl_swapbuffers_sync 2
04-11 02:52:48.857 25312 25330 I native-activity: Swap 273 time is 17.176ms
04-11 02:52:48.857 25312 25330 I native-activity: Animating
04-11 02:52:48.865   958  2829 D WifiService: acquireWifiLockLocked: WifiLock{com.amazon.dcp.framework.iuc.ConnectionEstablisherWithConnectivityEnforcement type=1 binder=android.os.BinderProxy@34e90a}
04-11 02:52:48.882 25312 25330 I native-activity: Frame 274 GL error is 0x501
04-11 02:52:48.882 25312 25330 I native-activity: Frame 274 time is 24.434ms
04-11 02:52:48.882 25312 25330 I native-activity: Doing egl_swapbuffers_sync 2
04-11 02:52:48.882 25312 25330 I native-activity: Swap 274 time is 24.647ms
04-11 02:52:48.882 25312 25330 I native-activity: Animating
04-11 02:52:48.888   958   974 D ActivityManager: single user service: com.amazon.imp
04-11 02:52:48.889 25312 25330 I native-activity: Frame 275 GL error is 0x0
04-11 02:52:48.889 25312 25330 I native-activity: Frame 275 time is 6.726ms
04-11 02:52:48.889 25312 25330 I native-activity: Doing egl_swapbuffers_sync 2
04-11 02:52:48.890   958   974 D ActivityManager: app = com.amazon.imp, has single user service, setting process record.
04-11 02:52:48.892 25312 25330 I native-activity: Swap 275 time is 9.921ms
04-11 02:52:48.892 25312 25330 I native-activity: Animating
04-11 02:52:48.900 25312 25330 I native-activity: Frame 276 GL error is 0x0
04-11 02:52:48.900 25312 25330 I native-activity: Frame 276 time is 7.570ms
04-11 02:52:48.900 25312 25330 I native-activity: Doing egl_swapbuffers_sync 2
04-11 02:52:48.910 25312 25330 I native-activity: Swap 276 time is 17.372ms
04-11 02:52:48.910 25312 25330 I native-activity: Animating
04-11 02:52:48.917 25312 25330 I native-activity: Frame 277 GL error is 0x0
04-11 02:52:48.918 25312 25330 I native-activity: Frame 277 time is 7.819ms
04-11 02:52:48.918 25312 25330 I native-activity: Doing egl_swapbuffers_sync 2
04-11 02:52:48.935 25312 25330 I native-activity: Swap 277 time is 25.354ms
04-11 02:52:48.935 25312 25330 I native-activity: Animating
04-11 02:52:48.942 25312 25330 I native-activity: Frame 278 GL error is 0x0
04-11 02:52:48.942 25312 25330 I native-activity: Frame 278 time is 6.518ms
04-11 02:52:48.942 25312 25330 I native-activity: Doing egl_swapbuffers_sync 2
04-11 02:52:48.945 25312 25330 I native-activity: Swap 278 time is 10.126ms
04-11 02:52:48.946 25312 25330 I native-activity: Animating
04-11 02:52:48.956 25312 25330 I native-activity: Frame 279 GL error is 0x0
04-11 02:52:48.956 25312 25330 I native-activity: Frame 279 time is 10.143ms
04-11 02:52:48.956 25312 25330 I native-activity: Doing egl_swapbuffers_sync 2
04-11 02:52:48.956   958  1032 D ActivityManager: single user service: com.amazon.kindle.cms
04-11 02:52:48.958   958  1032 D ActivityManager: app = com.amazon.kindle.cms, has single user service, setting process record.
04-11 02:52:48.964 25312 25330 I native-activity: Swap 279 time is 18.039ms
04-11 02:52:48.964 25312 25330 I native-activity: Animating
04-11 02:52:48.973 25312 25330 I native-activity: Frame 280 GL error is 0x0
04-11 02:52:48.973 25312 25330 I native-activity: Frame 280 time is 9.711ms
04-11 02:52:48.973 25312 25330 I native-activity: Doing egl_swapbuffers_sync 2
04-11 02:52:48.982 25312 25330 I native-activity: Swap 280 time is 18.305ms
04-11 02:52:48.982 25312 25330 I native-activity: Animating
04-11 02:52:48.990 25312 25330 I native-activity: Frame 281 GL error is 0x0
04-11 02:52:48.990 25312 25330 I native-activity: Frame 281 time is 8.166ms
04-11 02:52:48.990 25312 25330 I native-activity: Doing egl_swapbuffers_sync 2
04-11 02:52:49.002 25312 25330 I native-activity: Swap 281 time is 19.328ms
04-11 02:52:49.002 25312 25330 I native-activity: Animating
04-11 02:52:49.010 25312 25330 I native-activity: Frame 282 GL error is 0x0
04-11 02:52:49.010 25312 25330 I native-activity: Frame 282 time is 7.901ms
04-11 02:52:49.010 25312 25330 I native-activity: Doing egl_swapbuffers_sync 2
04-11 02:52:49.020 25312 25330 I native-activity: Swap 282 time is 18.050ms
04-11 02:52:49.020 25312 25330 I native-activity: Animating
04-11 02:52:49.038 25312 25330 I native-activity: Frame 283 GL error is 0x0
04-11 02:52:49.038 25312 25330 I native-activity: Frame 283 time is 18.196ms
04-11 02:52:49.038 25312 25330 I native-activity: Doing egl_swapbuffers_sync 2
04-11 02:52:49.038 25312 25330 I native-activity: Swap 283 time is 18.453ms
04-11 02:52:49.038 25312 25330 I native-activity: Animating
04-11 02:52:49.046 25312 25330 I native-activity: Frame 284 GL error is 0x0
04-11 02:52:49.046 25312 25330 I native-activity: Frame 284 time is 7.576ms
04-11 02:52:49.046 25312 25330 I native-activity: Doing egl_swapbuffers_sync 2
04-11 02:52:49.056 25312 25330 I native-activity: Swap 284 time is 17.405ms
04-11 02:52:49.056 25312 25330 I native-activity: Animating
04-11 02:52:49.064 25312 25330 I native-activity: Frame 285 GL error is 0x0
04-11 02:52:49.064 25312 25330 I native-activity: Frame 285 time is 7.608ms
04-11 02:52:49.064 25312 25330 I native-activity: Doing egl_swapbuffers_sync 2
04-11 02:52:49.065   958   973 D ActivityManager: single user service: com.amazon.kindle.cms
04-11 02:52:49.067   958   973 D ActivityManager: app = com.amazon.kindle.cms, has single user service, setting process record.
04-11 02:52:49.074 25312 25330 I native-activity: Swap 285 time is 17.775ms
04-11 02:52:49.074 25312 25330 I native-activity: Animating
04-11 02:52:49.082 25312 25330 I native-activity: Frame 286 GL error is 0x0
04-11 02:52:49.082 25312 25330 I native-activity: Frame 286 time is 7.671ms
04-11 02:52:49.082 25312 25330 I native-activity: Doing egl_swapbuffers_sync 2
04-11 02:52:49.092 25312 25330 I native-activity: Swap 286 time is 18.100ms
04-11 02:52:49.092 25312 25330 I native-activity: Animating
04-11 02:52:49.101 25312 25330 I native-activity: Frame 287 GL error is 0x0
04-11 02:52:49.101 25312 25330 I native-activity: Frame 287 time is 9.206ms
04-11 02:52:49.101 25312 25330 I native-activity: Doing egl_swapbuffers_sync 2
04-11 02:52:49.110 25312 25330 I native-activity: Swap 287 time is 17.851ms
04-11 02:52:49.110 25312 25330 I native-activity: Animating
04-11 02:52:49.118   958  2822 W AccountManagerService: insertAccountIntoDatabase: Account {name=default_account, type=com.amazon.firelauncher.account}, skipping since the account already exists
04-11 02:52:49.118 25312 25330 I native-activity: Frame 288 GL error is 0x0
04-11 02:52:49.118 25312 25330 I native-activity: Frame 288 time is 7.897ms
04-11 02:52:49.118 25312 25330 I native-activity: Doing egl_swapbuffers_sync 2
04-11 02:52:49.124   958  3891 W AccountManagerService: insertAccountIntoDatabase: Account {name=default_account, type=com.amazon.firelauncher.account}, skipping since the account already exists
04-11 02:52:49.128 25312 25330 I native-activity: Swap 288 time is 17.939ms
04-11 02:52:49.128 25312 25330 I native-activity: Animating
04-11 02:52:49.138 25312 25330 I native-activity: Frame 289 GL error is 0x0
04-11 02:52:49.138 25312 25330 I native-activity: Frame 289 time is 9.702ms
04-11 02:52:49.138 25312 25330 I native-activity: Doing egl_swapbuffers_sync 2
04-11 02:52:49.146 25312 25330 I native-activity: Swap 289 time is 18.022ms
04-11 02:52:49.146 25312 25330 I native-activity: Animating
04-11 02:52:49.154 25312 25330 I native-activity: Frame 290 GL error is 0x0
04-11 02:52:49.155 25312 25330 I native-activity: Frame 290 time is 8.004ms
04-11 02:52:49.155 25312 25330 I native-activity: Doing egl_swapbuffers_sync 2
04-11 02:52:49.163   958  1234 W AccountManagerService: insertAccountIntoDatabase: Account {name=default_account, type=com.amazon.firelauncher.account}, skipping since the account already exists
04-11 02:52:49.165 25312 25330 I native-activity: Swap 290 time is 18.266ms
04-11 02:52:49.165 25312 25330 I native-activity: Animating
04-11 02:52:49.172 25312 25330 I native-activity: Frame 291 GL error is 0x0
04-11 02:52:49.173 25312 25330 I native-activity: Frame 291 time is 7.584ms
04-11 02:52:49.173 25312 25330 I native-activity: Doing egl_swapbuffers_sync 2
04-11 02:52:49.181   958  2829 W AccountManagerService: insertAccountIntoDatabase: Account {name=default_account, type=com.amazon.firelauncher.account}, skipping since the account already exists
04-11 02:52:49.183 25312 25330 I native-activity: Swap 291 time is 17.815ms
04-11 02:52:49.183 25312 25330 I native-activity: Animating
04-11 02:52:49.190 25312 25330 I native-activity: Frame 292 GL error is 0x0
04-11 02:52:49.190 25312 25330 I native-activity: Frame 292 time is 7.156ms
04-11 02:52:49.190 25312 25330 I native-activity: Doing egl_swapbuffers_sync 2
04-11 02:52:49.200 25312 25330 I native-activity: Swap 292 time is 17.112ms
04-11 02:52:49.200 25312 25330 I native-activity: Animating
04-11 02:52:49.208 25312 25330 I native-activity: Frame 293 GL error is 0x0
04-11 02:52:49.208 25312 25330 I native-activity: Frame 293 time is 7.324ms
04-11 02:52:49.208 25312 25330 I native-activity: Doing egl_swapbuffers_sync 2
04-11 02:52:49.212   958  1032 D ActivityManager: single user service: com.amazon.kindle.cms
04-11 02:52:49.214   958  1032 D ActivityManager: app = com.amazon.kindle.cms, has single user service, setting process record.
04-11 02:52:49.218 25312 25330 I native-activity: Swap 293 time is 17.894ms
04-11 02:52:49.218 25312 25330 I native-activity: Animating
04-11 02:52:49.226 25312 25330 I native-activity: Frame 294 GL error is 0x0
04-11 02:52:49.226 25312 25330 I native-activity: Frame 294 time is 7.417ms
04-11 02:52:49.226 25312 25330 I native-activity: Doing egl_swapbuffers_sync 2
04-11 02:52:49.236 25312 25330 I native-activity: Swap 294 time is 17.677ms
04-11 02:52:49.236 25312 25330 I native-activity: Animating
04-11 02:52:49.243 25312 25330 I native-activity: Frame 295 GL error is 0x0
04-11 02:52:49.243 25312 25330 I native-activity: Frame 295 time is 7.198ms
04-11 02:52:49.243 25312 25330 I native-activity: Doing egl_swapbuffers_sync 2
04-11 02:52:49.253   958  2830 D ActivityManager: single user service: com.amazon.kindle.cms
04-11 02:52:49.254 25312 25330 I native-activity: Swap 295 time is 18.191ms
04-11 02:52:49.254 25312 25330 I native-activity: Animating
04-11 02:52:49.256   958  2830 D ActivityManager: app = com.amazon.kindle.cms, has single user service, setting process record.
04-11 02:52:49.262 25312 25330 I native-activity: Frame 296 GL error is 0x0
04-11 02:52:49.262 25312 25330 I native-activity: Frame 296 time is 7.215ms
04-11 02:52:49.262 25312 25330 I native-activity: Doing egl_swapbuffers_sync 2
04-11 02:52:49.273 25312 25330 I native-activity: Swap 296 time is 18.061ms
04-11 02:52:49.273 25312 25330 I native-activity: Animating
04-11 02:52:49.279 25312 25330 I native-activity: Frame 297 GL error is 0x0
04-11 02:52:49.279 25312 25330 I native-activity: Frame 297 time is 6.458ms
04-11 02:52:49.279 25312 25330 I native-activity: Doing egl_swapbuffers_sync 2
04-11 02:52:49.284   958  1713 W AccountManagerService: insertAccountIntoDatabase: Account {name=default_account, type=com.amazon.firelauncher.account}, skipping since the account already exists
04-11 02:52:49.290 25312 25330 I native-activity: Swap 297 time is 17.220ms
04-11 02:52:49.290 25312 25330 I native-activity: Animating
04-11 02:52:49.291   958  1718 W AccountManagerService: insertAccountIntoDatabase: Account {name=default_account, type=com.amazon.firelauncher.account}, skipping since the account already exists
04-11 02:52:49.298 25312 25330 I native-activity: Frame 298 GL error is 0x0
04-11 02:52:49.298 25312 25330 I native-activity: Frame 298 time is 7.535ms
04-11 02:52:49.298 25312 25330 I native-activity: Doing egl_swapbuffers_sync 2
04-11 02:52:49.298   958  2822 W AccountManagerService: insertAccountIntoDatabase: Account {name=default_account, type=com.amazon.firelauncher.account}, skipping since the account already exists
04-11 02:52:49.308 25312 25330 I native-activity: Swap 298 time is 17.907ms
04-11 02:52:49.308 25312 25330 I native-activity: Animating
04-11 02:52:49.316 25312 25330 I native-activity: Frame 299 GL error is 0x0
04-11 02:52:49.316 25312 25330 I native-activity: Frame 299 time is 8.258ms
04-11 02:52:49.316 25312 25330 I native-activity: Doing egl_swapbuffers_sync 2
04-11 02:52:49.317   958  1720 W AccountManagerService: insertAccountIntoDatabase: Account {name=default_account, type=com.amazon.firelauncher.account}, skipping since the account already exists
04-11 02:52:49.326 25312 25330 I native-activity: Swap 299 time is 17.692ms
04-11 02:52:49.326 25312 25330 I native-activity: Animating
04-11 02:52:49.330   958  1694 W AccountManagerService: insertAccountIntoDatabase: Account {name=default_account, type=com.amazon.firelauncher.account}, skipping since the account already exists
04-11 02:52:49.333 25312 25330 I native-activity: Frame 300 GL error is 0x0
04-11 02:52:49.334 25312 25330 I native-activity: Frame 300 time is 7.624ms
04-11 02:52:49.334 25312 25330 I native-activity: Doing egl_swapbuffers_sync 2
04-11 02:52:49.341   958  1660 W AccountManagerService: insertAccountIntoDatabase: Account {name=default_account, type=com.amazon.firelauncher.account}, skipping since the account already exists
04-11 02:52:49.344 25312 25330 I native-activity: Swap 300 time is 18.162ms
04-11 02:52:49.344 25312 25330 I native-activity: Animating
04-11 02:52:49.349   958  1585 W AccountManagerService: insertAccountIntoDatabase: Account {name=default_account, type=com.amazon.firelauncher.account}, skipping since the account already exists
04-11 02:52:49.352 25312 25330 I native-activity: Frame 301 GL error is 0x0
04-11 02:52:49.352 25312 25330 I native-activity: Frame 301 time is 7.965ms
04-11 02:52:49.352 25312 25330 I native-activity: Doing egl_swapbuffers_sync 2
04-11 02:52:49.357   958  3891 D WifiService: releaseWifiLockLocked: WifiLock{com.amazon.dcp.framework.iuc.ConnectionEstablisherWithConnectivityEnforcement type=1 binder=android.os.BinderProxy@34e90a}
04-11 02:52:49.362 25312 25330 I native-activity: Swap 301 time is 17.934ms
04-11 02:52:49.362 25312 25330 I native-activity: Animating
04-11 02:52:49.369 25312 25330 I native-activity: Frame 302 GL error is 0x0
04-11 02:52:49.369 25312 25330 I native-activity: Frame 302 time is 6.761ms
04-11 02:52:49.369 25312 25330 I native-activity: Doing egl_swapbuffers_sync 2
04-11 02:52:49.378   958  1713 W AccountManagerService: insertAccountIntoDatabase: Account {name=default_account, type=com.amazon.firelauncher.account}, skipping since the account already exists
04-11 02:52:49.380 25312 25330 I native-activity: Swap 302 time is 17.795ms
04-11 02:52:49.380 25312 25330 I native-activity: Animating
04-11 02:52:49.387   958  2830 W AccountManagerService: insertAccountIntoDatabase: Account {name=default_account, type=com.amazon.firelauncher.account}, skipping since the account already exists
04-11 02:52:49.388 25312 25330 I native-activity: Frame 303 GL error is 0x0
04-11 02:52:49.389 25312 25330 I native-activity: Frame 303 time is 8.404ms
04-11 02:52:49.390 25312 25330 I native-activity: Doing egl_swapbuffers_sync 2
04-11 02:52:49.398 25312 25330 I native-activity: Swap 303 time is 17.354ms
04-11 02:52:49.398 25312 25330 I native-activity: Animating
04-11 02:52:49.405 25312 25330 I native-activity: Frame 304 GL error is 0x0
04-11 02:52:49.405 25312 25330 I native-activity: Frame 304 time is 7.113ms
04-11 02:52:49.405 25312 25330 I native-activity: Doing egl_swapbuffers_sync 2
04-11 02:52:49.410   958  1235 W AccountManagerService: insertAccountIntoDatabase: Account {name=default_account, type=com.amazon.firelauncher.account}, skipping since the account already exists
04-11 02:52:49.416 25312 25330 I native-activity: Swap 304 time is 17.667ms
04-11 02:52:49.416 25312 25330 I native-activity: Animating
04-11 02:52:49.423 25312 25330 I native-activity: Frame 305 GL error is 0x0
04-11 02:52:49.423 25312 25330 I native-activity: Frame 305 time is 7.408ms
04-11 02:52:49.423 25312 25330 I native-activity: Doing egl_swapbuffers_sync 2
04-11 02:52:49.434 25312 25330 I native-activity: Swap 305 time is 18.319ms
04-11 02:52:49.434 25312 25330 I native-activity: Animating
04-11 02:52:49.442 25312 25330 I native-activity: Frame 306 GL error is 0x0
04-11 02:52:49.442 25312 25330 I native-activity: Frame 306 time is 7.420ms
04-11 02:52:49.442 25312 25330 I native-activity: Doing egl_swapbuffers_sync 2
04-11 02:52:49.442   958   973 W AccountManagerService: insertAccountIntoDatabase: Account {name=default_account, type=com.amazon.firelauncher.account}, skipping since the account already exists
04-11 02:52:49.449   958  1660 W AccountManagerService: insertAccountIntoDatabase: Account {name=default_account, type=com.amazon.firelauncher.account}, skipping since the account already exists
04-11 02:52:49.453 25312 25330 I native-activity: Swap 306 time is 18.477ms
04-11 02:52:49.453   958  1695 W AccountManagerService: insertAccountIntoDatabase: Account {name=default_account, type=com.amazon.firelauncher.account}, skipping since the account already exists
04-11 02:52:49.453 25312 25330 I native-activity: Animating
04-11 02:52:49.472 25312 25330 I native-activity: Frame 307 GL error is 0x0
04-11 02:52:49.473 25312 25330 I native-activity: Frame 307 time is 19.466ms
04-11 02:52:49.473 25312 25330 I native-activity: Doing egl_swapbuffers_sync 2
04-11 02:52:49.474 25312 25330 I native-activity: Swap 307 time is 20.228ms
04-11 02:52:49.474 25312 25330 I native-activity: Animating
04-11 02:52:49.480 25312 25330 I native-activity: Frame 308 GL error is 0x0
04-11 02:52:49.480 25312 25330 I native-activity: Frame 308 time is 5.816ms
04-11 02:52:49.480 25312 25330 I native-activity: Doing egl_swapbuffers_sync 2
04-11 02:52:49.488 25312 25330 I native-activity: Swap 308 time is 13.395ms
04-11 02:52:49.488 25312 25330 I native-activity: Animating
04-11 02:52:49.495 25312 25330 I native-activity: Frame 309 GL error is 0x0
04-11 02:52:49.495 25312 25330 I native-activity: Frame 309 time is 6.901ms
04-11 02:52:49.495 25312 25330 I native-activity: Doing egl_swapbuffers_sync 2
04-11 02:52:49.497   958   974 W AccountManagerService: insertAccountIntoDatabase: Account {name=default_account, type=com.amazon.firelauncher.account}, skipping since the account already exists
04-11 02:52:49.505 25312 25330 I native-activity: Swap 309 time is 17.408ms
04-11 02:52:49.505 25312 25330 I native-activity: Animating
04-11 02:52:49.513 25312 25330 I native-activity: Frame 310 GL error is 0x0
04-11 02:52:49.513 25312 25330 I native-activity: Frame 310 time is 7.786ms
04-11 02:52:49.513 25312 25330 I native-activity: Doing egl_swapbuffers_sync 2
04-11 02:52:49.520   958  1662 W AccountManagerService: insertAccountIntoDatabase: Account {name=default_account, type=com.amazon.firelauncher.account}, skipping since the account already exists
04-11 02:52:49.524 25312 25330 I native-activity: Swap 310 time is 18.245ms
04-11 02:52:49.524 25312 25330 I native-activity: Animating
04-11 02:52:49.535   958  1718 W AccountManagerService: insertAccountIntoDatabase: Account {name=default_account, type=com.amazon.firelauncher.account}, skipping since the account already exists
04-11 02:52:49.551   958  1585 W AccountManagerService: insertAccountIntoDatabase: Account {name=default_account, type=com.amazon.firelauncher.account}, skipping since the account already exists
04-11 02:52:49.574   958  1234 W AccountManagerService: insertAccountIntoDatabase: Account {name=default_account, type=com.amazon.firelauncher.account}, skipping since the account already exists
04-11 02:52:49.596    93    93 I Kernel  : [310409.212582] (2)[93:irq/258-inv_irq]inv_mpu_iio: inv_read_fifo: Received Sensor Interrupt to read FIFO and Fifo_count is 6
04-11 02:52:49.612   958  2815 D WifiService: acquireWifiLockLocked: WifiLock{com.amazon.dcp.framework.iuc.ConnectionEstablisherWithConnectivityEnforcement type=1 binder=android.os.BinderProxy@226a0ee0}
04-11 02:52:49.630   958  1032 D ActivityManager: single user service: com.amazon.imp
04-11 02:52:49.632   958  1032 D ActivityManager: app = com.amazon.imp, has single user service, setting process record.
04-11 02:52:49.679 25312 25330 I native-activity: Frame 311 GL error is 0x501
04-11 02:52:49.679 25312 25330 I native-activity: Frame 311 time is 155.385ms
04-11 02:52:49.679 25312 25330 I native-activity: Doing egl_swapbuffers_sync 2
04-11 02:52:49.679 25312 25330 I native-activity: Swap 311 time is 155.580ms
04-11 02:52:49.679 25312 25330 I native-activity: Animating
04-11 02:52:49.688 25312 25330 I native-activity: Frame 312 GL error is 0x0
04-11 02:52:49.688 25312 25330 I native-activity: Frame 312 time is 9.015ms
04-11 02:52:49.688 25312 25330 I native-activity: Doing egl_swapbuffers_sync 2
04-11 02:52:49.689 25312 25330 I native-activity: Swap 312 time is 9.190ms
04-11 02:52:49.689 25312 25330 I native-activity: Animating
04-11 02:52:49.695 25312 25330 I native-activity: Frame 313 GL error is 0x0
04-11 02:52:49.695 25312 25330 I native-activity: Frame 313 time is 6.609ms
04-11 02:52:49.695 25312 25330 I native-activity: Doing egl_swapbuffers_sync 2
04-11 02:52:49.695 25312 25330 I native-activity: Swap 313 time is 6.828ms
04-11 02:52:49.695 25312 25330 I native-activity: Animating
04-11 02:52:49.701 25312 25330 I native-activity: Frame 314 GL error is 0x0
04-11 02:52:49.701 25312 25330 I native-activity: Frame 314 time is 5.571ms
04-11 02:52:49.701 25312 25330 I native-activity: Doing egl_swapbuffers_sync 2
04-11 02:52:49.701 25312 25330 I native-activity: Swap 314 time is 5.765ms
04-11 02:52:49.701 25312 25330 I native-activity: Animating
04-11 02:52:49.724 25312 25330 I native-activity: Frame 315 GL error is 0x501
04-11 02:52:49.724 25312 25330 I native-activity: Frame 315 time is 22.387ms
04-11 02:52:49.724 25312 25330 I native-activity: Doing egl_swapbuffers_sync 2
04-11 02:52:49.724 25312 25330 I native-activity: Swap 315 time is 22.616ms
04-11 02:52:49.724 25312 25330 I native-activity: Animating
04-11 02:52:49.728 25312 25330 I native-activity: Frame 316 GL error is 0x0
04-11 02:52:49.728 25312 25330 I native-activity: Frame 316 time is 4.439ms
04-11 02:52:49.728 25312 25330 I native-activity: Doing egl_swapbuffers_sync 2
04-11 02:52:49.729 25312 25330 I native-activity: Swap 316 time is 4.606ms
04-11 02:52:49.729 25312 25330 I native-activity: Animating
04-11 02:52:49.733 25312 25330 I native-activity: Frame 317 GL error is 0x0
04-11 02:52:49.733 25312 25330 I native-activity: Frame 317 time is 4.249ms
04-11 02:52:49.733 25312 25330 I native-activity: Doing egl_swapbuffers_sync 2
04-11 02:52:49.741 25312 25330 I native-activity: Swap 317 time is 12.585ms
04-11 02:52:49.741 25312 25330 I native-activity: Animating
04-11 02:52:49.748 25312 25330 I native-activity: Frame 318 GL error is 0x0
04-11 02:52:49.748 25312 25330 I native-activity: Frame 318 time is 7.022ms
04-11 02:52:49.748 25312 25330 I native-activity: Doing egl_swapbuffers_sync 2
04-11 02:52:49.763 25312 25330 I native-activity: Swap 318 time is 21.776ms
04-11 02:52:49.763 25312 25330 I native-activity: Animating
04-11 02:52:49.770 25312 25330 I native-activity: Frame 319 GL error is 0x0
04-11 02:52:49.770 25312 25330 I native-activity: Frame 319 time is 6.941ms
04-11 02:52:49.770 25312 25330 I native-activity: Doing egl_swapbuffers_sync 2
04-11 02:52:49.785 25312 25330 I native-activity: Swap 319 time is 22.015ms
04-11 02:52:49.786 25312 25330 I native-activity: Animating
04-11 02:52:49.800 25312 25330 I native-activity: Frame 320 GL error is 0x0
04-11 02:52:49.800 25312 25330 I native-activity: Frame 320 time is 14.491ms
04-11 02:52:49.800 25312 25330 I native-activity: Doing egl_swapbuffers_sync 2
04-11 02:52:49.807 25312 25330 I native-activity: Swap 320 time is 21.247ms
04-11 02:52:49.807 25312 25330 I native-activity: Animating
04-11 02:52:49.821 25312 25330 I native-activity: Frame 321 GL error is 0x0
04-11 02:52:49.821 25312 25330 I native-activity: Frame 321 time is 14.241ms
04-11 02:52:49.821 25312 25330 I native-activity: Doing egl_swapbuffers_sync 2
04-11 02:52:49.828 25312 25330 I native-activity: Swap 321 time is 21.276ms
04-11 02:52:49.829 25312 25330 I native-activity: Animating
04-11 02:52:49.842 25312 25330 I native-activity: Frame 322 GL error is 0x0
04-11 02:52:49.842 25312 25330 I native-activity: Frame 322 time is 13.701ms
04-11 02:52:49.842 25312 25330 I native-activity: Doing egl_swapbuffers_sync 2
04-11 02:52:49.850 25312 25330 I native-activity: Swap 322 time is 21.293ms
04-11 02:52:49.850 25312 25330 I native-activity: Animating
04-11 02:52:49.861 25312 25330 I native-activity: Frame 323 GL error is 0x0
04-11 02:52:49.861 25312 25330 I native-activity: Frame 323 time is 10.800ms
04-11 02:52:49.861 25312 25330 I native-activity: Doing egl_swapbuffers_sync 2
04-11 02:52:49.872 25312 25330 I native-activity: Swap 323 time is 21.560ms
04-11 02:52:49.872 25312 25330 I native-activity: Animating
04-11 02:52:49.883 25312 25330 I native-activity: Frame 324 GL error is 0x0
04-11 02:52:49.883 25312 25330 I native-activity: Frame 324 time is 10.724ms
04-11 02:52:49.883 25312 25330 I native-activity: Doing egl_swapbuffers_sync 2
04-11 02:52:49.893 25312 25330 I native-activity: Swap 324 time is 21.351ms
04-11 02:52:49.893 25312 25330 I native-activity: Animating
04-11 02:52:49.904 25312 25330 I native-activity: Frame 325 GL error is 0x0
04-11 02:52:49.904 25312 25330 I native-activity: Frame 325 time is 10.741ms
04-11 02:52:49.904 25312 25330 I native-activity: Doing egl_swapbuffers_sync 2
04-11 02:52:49.915 25312 25330 I native-activity: Swap 325 time is 21.439ms
04-11 02:52:49.915 25312 25330 I native-activity: Animating
04-11 02:52:49.926 25312 25330 I native-activity: Frame 326 GL error is 0x0
04-11 02:52:49.926 25312 25330 I native-activity: Frame 326 time is 10.746ms
04-11 02:52:49.926 25312 25330 I native-activity: Doing egl_swapbuffers_sync 2
04-11 02:52:49.936 25312 25330 I native-activity: Swap 326 time is 21.422ms
04-11 02:52:49.937 25312 25330 I native-activity: Animating
04-11 02:52:49.949 25312 25330 I native-activity: Frame 327 GL error is 0x0
04-11 02:52:49.949 25312 25330 I native-activity: Frame 327 time is 12.438ms
04-11 02:52:49.949 25312 25330 I native-activity: Doing egl_swapbuffers_sync 2
04-11 02:52:49.958 25312 25330 I native-activity: Swap 327 time is 21.402ms
04-11 02:52:49.958 25312 25330 I native-activity: Animating
04-11 02:52:49.971 25312 25330 I native-activity: Frame 328 GL error is 0x0
04-11 02:52:49.971 25312 25330 I native-activity: Frame 328 time is 12.507ms
04-11 02:52:49.971 25312 25330 I native-activity: Doing egl_swapbuffers_sync 2
04-11 02:52:49.980 25312 25330 I native-activity: Swap 328 time is 21.529ms
04-11 02:52:49.980 25312 25330 I native-activity: Animating
04-11 02:52:49.991 25312 25330 I native-activity: Frame 329 GL error is 0x0
04-11 02:52:49.991 25312 25330 I native-activity: Frame 329 time is 11.094ms
04-11 02:52:49.991 25312 25330 I native-activity: Doing egl_swapbuffers_sync 2
04-11 02:52:50.003 25312 25330 I native-activity: Swap 329 time is 23.170ms
04-11 02:52:50.004 25312 25330 I native-activity: Animating
04-11 02:52:50.017 25312 25330 I native-activity: Frame 330 GL error is 0x0
04-11 02:52:50.018 25312 25330 I native-activity: Frame 330 time is 13.192ms
04-11 02:52:50.018 25312 25330 I native-activity: Doing egl_swapbuffers_sync 2
04-11 02:52:50.019 25312 25330 I native-activity: Swap 330 time is 15.079ms
04-11 02:52:50.020 25312 25330 I native-activity: Animating
04-11 02:52:50.031 25312 25330 I native-activity: Frame 331 GL error is 0x0
04-11 02:52:50.031 25312 25330 I native-activity: Frame 331 time is 11.314ms
04-11 02:52:50.031 25312 25330 I native-activity: Doing egl_swapbuffers_sync 2
04-11 02:52:50.036 25312 25330 I native-activity: Swap 331 time is 16.096ms
04-11 02:52:50.036 25312 25330 I native-activity: Animating
04-11 02:52:50.046 25312 25330 I native-activity: Frame 332 GL error is 0x0
04-11 02:52:50.046 25312 25330 I native-activity: Frame 332 time is 10.435ms
04-11 02:52:50.046 25312 25330 I native-activity: Doing egl_swapbuffers_sync 2
04-11 02:52:50.052 25312 25330 I native-activity: Swap 332 time is 16.005ms
04-11 02:52:50.052 25312 25330 I native-activity: Animating
04-11 02:52:50.058 25312 25330 I native-activity: Frame 333 GL error is 0x0
04-11 02:52:50.058 25312 25330 I native-activity: Frame 333 time is 6.263ms
04-11 02:52:50.058 25312 25330 I native-activity: Doing egl_swapbuffers_sync 2
04-11 02:52:50.069 25312 25330 I native-activity: Swap 333 time is 16.437ms
04-11 02:52:50.069 25312 25330 I native-activity: Animating
04-11 02:52:50.075 25312 25330 I native-activity: Frame 334 GL error is 0x0
04-11 02:52:50.075 25312 25330 I native-activity: Frame 334 time is 6.278ms
04-11 02:52:50.075 25312 25330 I native-activity: Doing egl_swapbuffers_sync 2
04-11 02:52:50.085 25312 25330 I native-activity: Swap 334 time is 16.425ms
04-11 02:52:50.085 25312 25330 I native-activity: Animating
04-11 02:52:50.091 25312 25330 I native-activity: Frame 335 GL error is 0x0
04-11 02:52:50.091 25312 25330 I native-activity: Frame 335 time is 6.342ms
04-11 02:52:50.091 25312 25330 I native-activity: Doing egl_swapbuffers_sync 2
04-11 02:52:50.102 25312 25330 I native-activity: Swap 335 time is 16.588ms
04-11 02:52:50.102 25312 25330 I native-activity: Animating
04-11 02:52:50.108 25312 25330 I native-activity: Frame 336 GL error is 0x0
04-11 02:52:50.108 25312 25330 I native-activity: Frame 336 time is 6.220ms
04-11 02:52:50.108 25312 25330 I native-activity: Doing egl_swapbuffers_sync 2
04-11 02:52:50.118 25312 25330 I native-activity: Swap 336 time is 16.396ms
04-11 02:52:50.118 25312 25330 I native-activity: Animating
04-11 02:52:50.125 25312 25330 I native-activity: Frame 337 GL error is 0x0
04-11 02:52:50.125 25312 25330 I native-activity: Frame 337 time is 6.467ms
04-11 02:52:50.125 25312 25330 I native-activity: Doing egl_swapbuffers_sync 2
04-11 02:52:50.135 25312 25330 I native-activity: Swap 337 time is 16.365ms
04-11 02:52:50.135 25312 25330 I native-activity: Animating
04-11 02:52:50.141 25312 25330 I native-activity: Frame 338 GL error is 0x0
04-11 02:52:50.141 25312 25330 I native-activity: Frame 338 time is 6.291ms
04-11 02:52:50.141 25312 25330 I native-activity: Doing egl_swapbuffers_sync 2
04-11 02:52:50.151 25312 25330 I native-activity: Swap 338 time is 16.374ms
04-11 02:52:50.151 25312 25330 I native-activity: Animating
04-11 02:52:50.159 25312 25330 I native-activity: Frame 339 GL error is 0x0
04-11 02:52:50.159 25312 25330 I native-activity: Frame 339 time is 7.680ms
04-11 02:52:50.159 25312 25330 I native-activity: Doing egl_swapbuffers_sync 2
04-11 02:52:50.168 25312 25330 I native-activity: Swap 339 time is 16.577ms
04-11 02:52:50.168 25312 25330 I native-activity: Animating
04-11 02:52:50.176 25312 25330 I native-activity: Frame 340 GL error is 0x0
04-11 02:52:50.176 25312 25330 I native-activity: Frame 340 time is 8.420ms
04-11 02:52:50.176 25312 25330 I native-activity: Doing egl_swapbuffers_sync 2
04-11 02:52:50.184 25312 25330 I native-activity: Swap 340 time is 16.058ms
04-11 02:52:50.184 25312 25330 I native-activity: Animating
04-11 02:52:50.191 25312 25330 I native-activity: Frame 341 GL error is 0x0
04-11 02:52:50.191 25312 25330 I native-activity: Frame 341 time is 6.443ms
04-11 02:52:50.191 25312 25330 I native-activity: Doing egl_swapbuffers_sync 2
04-11 02:52:50.201 25312 25330 I native-activity: Swap 341 time is 16.430ms
04-11 02:52:50.201 25312 25330 I native-activity: Animating
04-11 02:52:50.207 25312 25330 I native-activity: Frame 342 GL error is 0x0
04-11 02:52:50.207 25312 25330 I native-activity: Frame 342 time is 6.395ms
04-11 02:52:50.207 25312 25330 I native-activity: Doing egl_swapbuffers_sync 2
04-11 02:52:50.217 25312 25330 I native-activity: Swap 342 time is 16.446ms
04-11 02:52:50.217 25312 25330 I native-activity: Animating
04-11 02:52:50.223 25312 25330 I native-activity: Frame 343 GL error is 0x0
04-11 02:52:50.223 25312 25330 I native-activity: Frame 343 time is 6.291ms
04-11 02:52:50.224 25312 25330 I native-activity: Doing egl_swapbuffers_sync 2
04-11 02:52:50.234 25312 25330 I native-activity: Swap 343 time is 16.485ms
04-11 02:52:50.234 25312 25330 I native-activity: Animating
04-11 02:52:50.240 25312 25330 I native-activity: Frame 344 GL error is 0x0
04-11 02:52:50.240 25312 25330 I native-activity: Frame 344 time is 6.288ms
04-11 02:52:50.240 25312 25330 I native-activity: Doing egl_swapbuffers_sync 2
04-11 02:52:50.250 25312 25330 I native-activity: Swap 344 time is 16.482ms
04-11 02:52:50.250 25312 25330 I native-activity: Animating
04-11 02:52:50.257 25312 25330 I native-activity: Frame 345 GL error is 0x0
04-11 02:52:50.257 25312 25330 I native-activity: Frame 345 time is 6.401ms
04-11 02:52:50.257 25312 25330 I native-activity: Doing egl_swapbuffers_sync 2
04-11 02:52:50.267 25312 25330 I native-activity: Swap 345 time is 16.672ms
04-11 02:52:50.267 25312 25330 I native-activity: Animating
04-11 02:52:50.270   958  2825 D WifiService: releaseWifiLockLocked: WifiLock{com.amazon.dcp.framework.iuc.ConnectionEstablisherWithConnectivityEnforcement type=1 binder=android.os.BinderProxy@226a0ee0}
04-11 02:52:50.274 25312 25330 I native-activity: Frame 346 GL error is 0x0
04-11 02:52:50.274 25312 25330 I native-activity: Frame 346 time is 6.953ms
04-11 02:52:50.274 25312 25330 I native-activity: Doing egl_swapbuffers_sync 2
04-11 02:52:50.284 25312 25330 I native-activity: Swap 346 time is 16.983ms
04-11 02:52:50.284 25312 25330 I native-activity: Animating
04-11 02:52:50.292 25312 25330 I native-activity: Frame 347 GL error is 0x0
04-11 02:52:50.292 25312 25330 I native-activity: Frame 347 time is 7.592ms
04-11 02:52:50.292 25312 25330 I native-activity: Doing egl_swapbuffers_sync 2
04-11 02:52:50.301 25312 25330 I native-activity: Swap 347 time is 16.834ms
04-11 02:52:50.301 25312 25330 I native-activity: Animating
04-11 02:52:50.308 25312 25330 I native-activity: Frame 348 GL error is 0x0
04-11 02:52:50.308 25312 25330 I native-activity: Frame 348 time is 7.083ms
04-11 02:52:50.308 25312 25330 I native-activity: Doing egl_swapbuffers_sync 2
04-11 02:52:50.318 25312 25330 I native-activity: Swap 348 time is 16.663ms
04-11 02:52:50.318 25312 25330 I native-activity: Animating
04-11 02:52:50.325 25312 25330 I native-activity: Frame 349 GL error is 0x0
04-11 02:52:50.326 25312 25330 I native-activity: Frame 349 time is 7.130ms
04-11 02:52:50.326 25312 25330 I native-activity: Doing egl_swapbuffers_sync 2
04-11 02:52:50.335 25312 25330 I native-activity: Swap 349 time is 16.534ms
04-11 02:52:50.335 25312 25330 I native-activity: Animating
04-11 02:52:50.342 25312 25330 I native-activity: Frame 350 GL error is 0x0
04-11 02:52:50.342 25312 25330 I native-activity: Frame 350 time is 6.908ms
04-11 02:52:50.342 25312 25330 I native-activity: Doing egl_swapbuffers_sync 2
04-11 02:52:50.352 25312 25330 I native-activity: Swap 350 time is 17.051ms
04-11 02:52:50.352 25312 25330 I native-activity: Animating
04-11 02:52:50.359 25312 25330 I native-activity: Frame 351 GL error is 0x0
04-11 02:52:50.359 25312 25330 I native-activity: Frame 351 time is 6.756ms
04-11 02:52:50.359 25312 25330 I native-activity: Doing egl_swapbuffers_sync 2
04-11 02:52:50.369 25312 25330 I native-activity: Swap 351 time is 17.368ms
04-11 02:52:50.370 25312 25330 I native-activity: Animating
04-11 02:52:50.376 25312 25330 I native-activity: Frame 352 GL error is 0x0
04-11 02:52:50.376 25312 25330 I native-activity: Frame 352 time is 6.809ms
04-11 02:52:50.376 25312 25330 I native-activity: Doing egl_swapbuffers_sync 2
04-11 02:52:50.386 25312 25330 I native-activity: Swap 352 time is 16.766ms
04-11 02:52:50.386 25312 25330 I native-activity: Animating
04-11 02:52:50.393 25312 25330 I native-activity: Frame 353 GL error is 0x0
04-11 02:52:50.393 25312 25330 I native-activity: Frame 353 time is 6.637ms
04-11 02:52:50.393 25312 25330 I native-activity: Doing egl_swapbuffers_sync 2
04-11 02:52:50.403 25312 25330 I native-activity: Swap 353 time is 16.948ms
04-11 02:52:50.403 25312 25330 I native-activity: Animating
04-11 02:52:50.410 25312 25330 I native-activity: Frame 354 GL error is 0x0
04-11 02:52:50.411 25312 25330 I native-activity: Frame 354 time is 6.994ms
04-11 02:52:50.411 25312 25330 I native-activity: Doing egl_swapbuffers_sync 2
04-11 02:52:50.421 25312 25330 I native-activity: Swap 354 time is 16.983ms
04-11 02:52:50.421 25312 25330 I native-activity: Animating
04-11 02:52:50.427 25312 25330 I native-activity: Frame 355 GL error is 0x0
04-11 02:52:50.427 25312 25330 I native-activity: Frame 355 time is 6.706ms
04-11 02:52:50.427 25312 25330 I native-activity: Doing egl_swapbuffers_sync 2
04-11 02:52:50.438 25312 25330 I native-activity: Swap 355 time is 16.892ms
04-11 02:52:50.438 25312 25330 I native-activity: Animating
04-11 02:52:50.426    93    93 I Kernel  : [310410.043764] (2)[93:irq/258-inv_irq]inv_mpu_iio: inv_read_fifo: Received Sensor Interrupt to read FIFO and Fifo_count is 6
04-11 02:52:50.444 25312 25330 I native-activity: Frame 356 GL error is 0x0
04-11 02:52:50.444 25312 25330 I native-activity: Frame 356 time is 6.845ms
04-11 02:52:50.445 25312 25330 I native-activity: Doing egl_swapbuffers_sync 2
04-11 02:52:50.455 25312 25330 I native-activity: Swap 356 time is 17.257ms
04-11 02:52:50.455 25312 25330 I native-activity: Animating
04-11 02:52:50.462 25312 25330 I native-activity: Frame 357 GL error is 0x0
04-11 02:52:50.462 25312 25330 I native-activity: Frame 357 time is 7.358ms
04-11 02:52:50.462 25312 25330 I native-activity: Doing egl_swapbuffers_sync 2
04-11 02:52:50.473 25312 25330 I native-activity: Swap 357 time is 17.614ms
04-11 02:52:50.473 25312 25330 I native-activity: Animating
04-11 02:52:50.479 25312 25330 I native-activity: Frame 358 GL error is 0x0
04-11 02:52:50.479 25312 25330 I native-activity: Frame 358 time is 6.606ms
04-11 02:52:50.479 25312 25330 I native-activity: Doing egl_swapbuffers_sync 2
04-11 02:52:50.490 25312 25330 I native-activity: Swap 358 time is 17.179ms
04-11 02:52:50.490 25312 25330 I native-activity: Animating
04-11 02:52:50.497 25312 25330 I native-activity: Frame 359 GL error is 0x0
04-11 02:52:50.497 25312 25330 I native-activity: Frame 359 time is 6.809ms
04-11 02:52:50.497 25312 25330 I native-activity: Doing egl_swapbuffers_sync 2
04-11 02:52:50.507 25312 25330 I native-activity: Swap 359 time is 17.052ms
04-11 02:52:50.507 25312 25330 I native-activity: Animating
04-11 02:52:50.514 25312 25330 I native-activity: Frame 360 GL error is 0x0
04-11 02:52:50.514 25312 25330 I native-activity: Frame 360 time is 6.674ms
04-11 02:52:50.514 25312 25330 I native-activity: Doing egl_swapbuffers_sync 2
04-11 02:52:50.524 25312 25330 I native-activity: Swap 360 time is 16.988ms
04-11 02:52:50.524 25312 25330 I native-activity: Animating
04-11 02:52:50.532 25312 25330 I native-activity: Frame 361 GL error is 0x0
04-11 02:52:50.532 25312 25330 I native-activity: Frame 361 time is 7.182ms
04-11 02:52:50.532 25312 25330 I native-activity: Doing egl_swapbuffers_sync 2
04-11 02:52:50.542 25312 25330 I native-activity: Swap 361 time is 17.476ms
04-11 02:52:50.542 25312 25330 I native-activity: Animating
04-11 02:52:50.549 25312 25330 I native-activity: Frame 362 GL error is 0x0
04-11 02:52:50.549 25312 25330 I native-activity: Frame 362 time is 6.823ms
04-11 02:52:50.549 25312 25330 I native-activity: Doing egl_swapbuffers_sync 2
04-11 02:52:50.559 25312 25330 I native-activity: Swap 362 time is 17.003ms
04-11 02:52:50.559 25312 25330 I native-activity: Animating
04-11 02:52:50.566 25312 25330 I native-activity: Frame 363 GL error is 0x0
04-11 02:52:50.566 25312 25330 I native-activity: Frame 363 time is 6.387ms
04-11 02:52:50.566 25312 25330 I native-activity: Doing egl_swapbuffers_sync 2
04-11 02:52:50.576 25312 25330 I native-activity: Swap 363 time is 16.424ms
04-11 02:52:50.576 25312 25330 I native-activity: Animating
04-11 02:52:50.582 25312 25330 I native-activity: Frame 364 GL error is 0x0
04-11 02:52:50.582 25312 25330 I native-activity: Frame 364 time is 6.122ms
04-11 02:52:50.582 25312 25330 I native-activity: Doing egl_swapbuffers_sync 2
04-11 02:52:50.592 25312 25330 I native-activity: Swap 364 time is 16.315ms
04-11 02:52:50.592 25312 25330 I native-activity: Animating
04-11 02:52:50.598 25312 25330 I native-activity: Frame 365 GL error is 0x0
04-11 02:52:50.598 25312 25330 I native-activity: Frame 365 time is 6.173ms
04-11 02:52:50.598 25312 25330 I native-activity: Doing egl_swapbuffers_sync 2
04-11 02:52:50.609 25312 25330 I native-activity: Swap 365 time is 16.452ms
04-11 02:52:50.609 25312 25330 I native-activity: Animating
04-11 02:52:50.615 25312 25330 I native-activity: Frame 366 GL error is 0x0
04-11 02:52:50.615 25312 25330 I native-activity: Frame 366 time is 6.293ms
04-11 02:52:50.615 25312 25330 I native-activity: Doing egl_swapbuffers_sync 2
04-11 02:52:50.625 25312 25330 I native-activity: Swap 366 time is 16.469ms
04-11 02:52:50.625 25312 25330 I native-activity: Animating
04-11 02:52:50.632 25312 25330 I native-activity: Frame 367 GL error is 0x0
04-11 02:52:50.632 25312 25330 I native-activity: Frame 367 time is 6.292ms
04-11 02:52:50.632 25312 25330 I native-activity: Doing egl_swapbuffers_sync 2
04-11 02:52:50.642 25312 25330 I native-activity: Swap 367 time is 16.595ms
04-11 02:52:50.642 25312 25330 I native-activity: Animating
04-11 02:52:50.648 25312 25330 I native-activity: Frame 368 GL error is 0x0
04-11 02:52:50.648 25312 25330 I native-activity: Frame 368 time is 6.426ms
04-11 02:52:50.648 25312 25330 I native-activity: Doing egl_swapbuffers_sync 2
04-11 02:52:50.659 25312 25330 I native-activity: Swap 368 time is 16.659ms
04-11 02:52:50.659 25312 25330 I native-activity: Animating
04-11 02:52:50.673 25312 25330 I native-activity: Frame 369 GL error is 0x0
04-11 02:52:50.673 25312 25330 I native-activity: Frame 369 time is 14.081ms
04-11 02:52:50.673 25312 25330 I native-activity: Doing egl_swapbuffers_sync 2
04-11 02:52:50.675 25312 25330 I native-activity: Swap 369 time is 16.126ms
04-11 02:52:50.675 25312 25330 I native-activity: Animating
04-11 02:52:50.691 25312 25330 I native-activity: Frame 370 GL error is 0x0
04-11 02:52:50.691 25312 25330 I native-activity: Frame 370 time is 15.426ms
04-11 02:52:50.691 25312 25330 I native-activity: Doing egl_swapbuffers_sync 2
04-11 02:52:50.691 25312 25330 I native-activity: Swap 370 time is 15.989ms
04-11 02:52:50.691 25312 25330 I native-activity: Animating
04-11 02:52:50.699 25312 25330 I native-activity: Frame 371 GL error is 0x0
04-11 02:52:50.699 25312 25330 I native-activity: Frame 371 time is 7.496ms
04-11 02:52:50.699 25312 25330 I native-activity: Doing egl_swapbuffers_sync 2
04-11 02:52:50.707 25312 25330 I native-activity: Swap 371 time is 15.956ms
04-11 02:52:50.707 25312 25330 I native-activity: Animating
04-11 02:52:50.714 25312 25330 I native-activity: Frame 372 GL error is 0x0
04-11 02:52:50.714 25312 25330 I native-activity: Frame 372 time is 6.278ms
04-11 02:52:50.714 25312 25330 I native-activity: Doing egl_swapbuffers_sync 2
04-11 02:52:50.724 25312 25330 I native-activity: Swap 372 time is 16.466ms
04-11 02:52:50.724 25312 25330 I native-activity: Animating
04-11 02:52:50.730 25312 25330 I native-activity: Frame 373 GL error is 0x0
04-11 02:52:50.730 25312 25330 I native-activity: Frame 373 time is 6.358ms
04-11 02:52:50.730 25312 25330 I native-activity: Doing egl_swapbuffers_sync 2
04-11 02:52:50.740 25312 25330 I native-activity: Swap 373 time is 16.419ms
04-11 02:52:50.741 25312 25330 I native-activity: Animating
04-11 02:52:50.747 25312 25330 I native-activity: Frame 374 GL error is 0x0
04-11 02:52:50.747 25312 25330 I native-activity: Frame 374 time is 6.269ms
04-11 02:52:50.747 25312 25330 I native-activity: Doing egl_swapbuffers_sync 2
04-11 02:52:50.757 25312 25330 I native-activity: Swap 374 time is 16.405ms
