04-11 02:53:03.825 25442 25460 I native-activity: Animating
04-11 02:53:03.825 25442 25460 I native-activity: Frame 180 GL error is 0x0
04-11 02:53:03.825 25442 25460 I native-activity: Frame 180 time is 0.358ms
04-11 02:53:03.836 25442 25460 I native-activity: Swap 180 time is 11.674ms
04-11 02:53:03.836 25442 25460 I native-activity: Animating
04-11 02:53:03.837 25442 25460 I native-activity: Frame 181 GL error is 0x0
04-11 02:53:03.837 25442 25460 I native-activity: Frame 181 time is 0.371ms
04-11 02:53:03.847 25442 25460 I native-activity: Swap 181 time is 10.975ms
04-11 02:53:03.848 25442 25460 I native-activity: Animating
04-11 02:53:03.848 25442 25460 I native-activity: Frame 182 GL error is 0x0
04-11 02:53:03.848 25442 25460 I native-activity: Frame 182 time is 0.384ms
04-11 02:53:03.859 25442 25460 I native-activity: Swap 182 time is 10.918ms
04-11 02:53:03.859 25442 25460 I native-activity: Animating
04-11 02:53:03.859 25442 25460 I native-activity: Frame 183 GL error is 0x0
04-11 02:53:03.859 25442 25460 I native-activity: Frame 183 time is 0.481ms
04-11 02:53:03.870 25442 25460 I native-activity: Swap 183 time is 10.970ms
04-11 02:53:03.870 25442 25460 I native-activity: Animating
04-11 02:53:03.870 25442 25460 I native-activity: Frame 184 GL error is 0x0
04-11 02:53:03.870 25442 25460 I native-activity: Frame 184 time is 0.362ms
04-11 02:53:03.881 25442 25460 I native-activity: Swap 184 time is 10.953ms
04-11 02:53:03.881 25442 25460 I native-activity: Animating
04-11 02:53:03.881 25442 25460 I native-activity: Frame 185 GL error is 0x0
04-11 02:53:03.882 25442 25460 I native-activity: Frame 185 time is 0.573ms
04-11 02:53:03.892 25442 25460 I native-activity: Swap 185 time is 11.355ms
04-11 02:53:03.892 25442 25460 I native-activity: Animating
04-11 02:53:03.893 25442 25460 I native-activity: Frame 186 GL error is 0x0
04-11 02:53:03.893 25442 25460 I native-activity: Frame 186 time is 0.575ms
04-11 02:53:03.903 25442 25460 I native-activity: Swap 186 time is 11.060ms
04-11 02:53:03.903 25442 25460 I native-activity: Animating
04-11 02:53:03.904 25442 25460 I native-activity: Frame 187 GL error is 0x0
04-11 02:53:03.904 25442 25460 I native-activity: Frame 187 time is 0.517ms
04-11 02:53:03.915 25442 25460 I native-activity: Swap 187 time is 11.145ms
04-11 02:53:03.915 25442 25460 I native-activity: Animating
04-11 02:53:03.915 25442 25460 I native-activity: Frame 188 GL error is 0x0
04-11 02:53:03.916 25442 25460 I native-activity: Frame 188 time is 0.736ms
04-11 02:53:03.926 25442 25460 I native-activity: Swap 188 time is 11.268ms
04-11 02:53:03.926 25442 25460 I native-activity: Animating
04-11 02:53:03.927 25442 25460 I native-activity: Frame 189 GL error is 0x0
04-11 02:53:03.927 25442 25460 I native-activity: Frame 189 time is 0.597ms
04-11 02:53:03.937 25442 25460 I native-activity: Swap 189 time is 11.098ms
04-11 02:53:03.937 25442 25460 I native-activity: Animating
04-11 02:53:03.938 25442 25460 I native-activity: Frame 190 GL error is 0x0
04-11 02:53:03.938 25442 25460 I native-activity: Frame 190 time is 0.603ms
04-11 02:53:03.949 25442 25460 I native-activity: Swap 190 time is 11.458ms
04-11 02:53:03.949 25442 25460 I native-activity: Animating
04-11 02:53:03.949 25442 25460 I native-activity: Frame 191 GL error is 0x0
04-11 02:53:03.949 25442 25460 I native-activity: Frame 191 time is 0.356ms
04-11 02:53:03.960 25442 25460 I native-activity: Swap 191 time is 10.995ms
04-11 02:53:03.960 25442 25460 I native-activity: Animating
04-11 02:53:03.960 25442 25460 I native-activity: Frame 192 GL error is 0x0
04-11 02:53:03.960 25442 25460 I native-activity: Frame 192 time is 0.350ms
04-11 02:53:03.971 25442 25460 I native-activity: Swap 192 time is 11.059ms
04-11 02:53:03.971 25442 25460 I native-activity: Animating
04-11 02:53:03.974 25442 25460 I native-activity: Frame 193 GL error is 0x0
04-11 02:53:03.974 25442 25460 I native-activity: Frame 193 time is 2.374ms
04-11 02:53:03.986 25442 25460 I native-activity: Swap 193 time is 14.229ms
04-11 02:53:03.986 25442 25460 I native-activity: Animating
04-11 02:53:03.987 25442 25460 I native-activity: Frame 194 GL error is 0x0
04-11 02:53:03.988 25442 25460 I native-activity: Frame 194 time is 1.261ms
04-11 02:53:04.000 25442 25460 I native-activity: Swap 194 time is 14.287ms
04-11 02:53:04.002 25442 25460 I native-activity: Animating
04-11 02:53:04.004 25442 25460 I native-activity: Frame 195 GL error is 0x0
04-11 02:53:04.005 25442 25460 I native-activity: Frame 195 time is 2.316ms
04-11 02:53:04.017 25442 25460 I native-activity: Swap 195 time is 14.401ms
04-11 02:53:04.017 25442 25460 I native-activity: Animating
04-11 02:53:04.018 25442 25460 I native-activity: Frame 196 GL error is 0x0
04-11 02:53:04.018 25442 25460 I native-activity: Frame 196 time is 0.710ms
04-11 02:53:04.029 25442 25460 I native-activity: Swap 196 time is 11.477ms
04-11 02:53:04.029 25442 25460 I native-activity: Animating
04-11 02:53:04.030 25442 25460 I native-activity: Frame 197 GL error is 0x0
04-11 02:53:04.030 25442 25460 I native-activity: Frame 197 time is 0.625ms
04-11 02:53:04.041 25442 25460 I native-activity: Swap 197 time is 11.608ms
04-11 02:53:04.041 25442 25460 I native-activity: Animating
04-11 02:53:04.042 25442 25460 I native-activity: Frame 198 GL error is 0x0
04-11 02:53:04.042 25442 25460 I native-activity: Frame 198 time is 0.732ms
04-11 02:53:04.053 25442 25460 I native-activity: Swap 198 time is 11.574ms
04-11 02:53:04.053 25442 25460 I native-activity: Animating
04-11 02:53:04.054 25442 25460 I native-activity: Frame 199 GL error is 0x0
04-11 02:53:04.054 25442 25460 I native-activity: Frame 199 time is 0.783ms
04-11 02:53:04.066 25442 25460 I native-activity: Swap 199 time is 12.501ms
04-11 02:53:04.066 25442 25460 I native-activity: Animating
04-11 02:53:04.067 25442 25460 I native-activity: Frame 200 GL error is 0x0
04-11 02:53:04.067 25442 25460 I native-activity: Frame 200 time is 1.256ms
04-11 02:53:04.078 25442 25460 I native-activity: Swap 200 time is 12.434ms
04-11 02:53:04.078 25442 25460 I native-activity: Animating
04-11 02:53:04.079 25442 25460 I native-activity: Frame 201 GL error is 0x0
04-11 02:53:04.079 25442 25460 I native-activity: Frame 201 time is 0.753ms
04-11 02:53:04.090 25442 25460 I native-activity: Swap 201 time is 11.622ms
04-11 02:53:04.090 25442 25460 I native-activity: Animating
04-11 02:53:04.091 25442 25460 I native-activity: Frame 202 GL error is 0x0
04-11 02:53:04.092 25442 25460 I native-activity: Frame 202 time is 1.220ms
04-11 02:53:04.103 25442 25460 I native-activity: Swap 202 time is 12.756ms
04-11 02:53:04.103 25442 25460 I native-activity: Animating
04-11 02:53:04.104 25442 25460 I native-activity: Frame 203 GL error is 0x0
04-11 02:53:04.104 25442 25460 I native-activity: Frame 203 time is 0.652ms
04-11 02:53:04.115 25442 25460 I native-activity: Swap 203 time is 11.553ms
04-11 02:53:04.115 25442 25460 I native-activity: Animating
04-11 02:53:04.120 25442 25460 I native-activity: Frame 204 GL error is 0x0
04-11 02:53:04.120 25442 25460 I native-activity: Frame 204 time is 4.597ms
04-11 02:53:04.131 25442 25460 I native-activity: Swap 204 time is 15.487ms
04-11 02:53:04.132 25442 25460 I native-activity: Animating
04-11 02:53:04.133 25442 25460 I native-activity: Frame 205 GL error is 0x0
04-11 02:53:04.134 25442 25460 I native-activity: Frame 205 time is 1.718ms
04-11 02:53:04.146 25442 25460 I native-activity: Swap 205 time is 13.778ms
04-11 02:53:04.148 25442 25460 I native-activity: Animating
04-11 02:53:04.150 25442 25460 I native-activity: Frame 206 GL error is 0x0
04-11 02:53:04.151 25442 25460 I native-activity: Frame 206 time is 1.907ms
04-11 02:53:04.163 25442 25460 I native-activity: Swap 206 time is 14.109ms
04-11 02:53:04.164 25442 25460 I native-activity: Animating
04-11 02:53:04.166 25442 25460 I native-activity: Frame 207 GL error is 0x0
04-11 02:53:04.166 25442 25460 I native-activity: Frame 207 time is 0.683ms
04-11 02:53:04.179 25442 25460 I native-activity: Swap 207 time is 13.611ms
04-11 02:53:04.181 25442 25460 I native-activity: Animating
04-11 02:53:04.183 25442 25460 I native-activity: Frame 208 GL error is 0x0
04-11 02:53:04.184 25442 25460 I native-activity: Frame 208 time is 1.967ms
04-11 02:53:04.176   169   169 I Kernel  : [310423.787892] (1)[169:healthd]healthd: battery l=24 v=3635 t=26.0 h=2 st=2 chg=u
04-11 02:53:04.188   958  1032 W BatteryStatsExtension: got inappropriate bundle:Bundle[{type=3}]
04-11 02:53:04.197 25442 25460 I native-activity: Swap 208 time is 15.433ms
04-11 02:53:04.197 25442 25460 I native-activity: Animating
04-11 02:53:04.198 25442 25460 I native-activity: Frame 209 GL error is 0x0
04-11 02:53:04.198 25442 25460 I native-activity: Frame 209 time is 0.566ms
04-11 02:53:04.209 25442 25460 I native-activity: Swap 209 time is 12.122ms
04-11 02:53:04.210 25442 25460 I native-activity: Animating
04-11 02:53:04.210 25442 25460 I native-activity: Frame 210 GL error is 0x0
04-11 02:53:04.210 25442 25460 I native-activity: Frame 210 time is 0.413ms
04-11 02:53:04.221 25442 25460 I native-activity: Swap 210 time is 11.326ms
04-11 02:53:04.221 25442 25460 I native-activity: Animating
04-11 02:53:04.221 25442 25460 I native-activity: Frame 211 GL error is 0x0
04-11 02:53:04.221 25442 25460 I native-activity: Frame 211 time is 0.381ms
04-11 02:53:04.232 25442 25460 I native-activity: Swap 211 time is 11.239ms
04-11 02:53:04.232 25442 25460 I native-activity: Animating
04-11 02:53:04.233 25442 25460 I native-activity: Frame 212 GL error is 0x0
04-11 02:53:04.233 25442 25460 I native-activity: Frame 212 time is 0.784ms
04-11 02:53:04.245 25442 25460 I native-activity: Swap 212 time is 12.211ms
04-11 02:53:04.245 25442 25460 I native-activity: Animating
04-11 02:53:04.245 25442 25460 I native-activity: Frame 213 GL error is 0x0
04-11 02:53:04.245 25442 25460 I native-activity: Frame 213 time is 0.323ms
04-11 02:53:04.257 25442 25460 I native-activity: Swap 213 time is 12.121ms
04-11 02:53:04.257 25442 25460 I native-activity: Animating
04-11 02:53:04.257 25442 25460 I native-activity: Frame 214 GL error is 0x0
04-11 02:53:04.258 25442 25460 I native-activity: Frame 214 time is 0.365ms
04-11 02:53:04.268 25442 25460 I native-activity: Swap 214 time is 10.896ms
04-11 02:53:04.268 25442 25460 I native-activity: Animating
04-11 02:53:04.268 25442 25460 I native-activity: Frame 215 GL error is 0x0
04-11 02:53:04.268 25442 25460 I native-activity: Frame 215 time is 0.343ms
04-11 02:53:04.279 25442 25460 I native-activity: Swap 215 time is 10.998ms
04-11 02:53:04.279 25442 25460 I native-activity: Animating
04-11 02:53:04.280 25442 25460 I native-activity: Frame 216 GL error is 0x0
04-11 02:53:04.280 25442 25460 I native-activity: Frame 216 time is 0.625ms
04-11 02:53:04.291 25442 25460 I native-activity: Swap 216 time is 11.386ms
04-11 02:53:04.291 25442 25460 I native-activity: Animating
04-11 02:53:04.291 25442 25460 I native-activity: Frame 217 GL error is 0x0
04-11 02:53:04.292 25442 25460 I native-activity: Frame 217 time is 0.860ms
04-11 02:53:04.303 25442 25460 I native-activity: Swap 217 time is 11.639ms
04-11 02:53:04.303 25442 25460 I native-activity: Animating
04-11 02:53:04.304 25442 25460 I native-activity: Frame 218 GL error is 0x0
04-11 02:53:04.304 25442 25460 I native-activity: Frame 218 time is 0.919ms
04-11 02:53:04.315 25442 25460 I native-activity: Swap 218 time is 11.690ms
04-11 02:53:04.315 25442 25460 I native-activity: Animating
04-11 02:53:04.316 25442 25460 I native-activity: Frame 219 GL error is 0x0
04-11 02:53:04.316 25442 25460 I native-activity: Frame 219 time is 0.385ms
04-11 02:53:04.326 25442 25460 I native-activity: Swap 219 time is 10.988ms
04-11 02:53:04.326 25442 25460 I native-activity: Animating
04-11 02:53:04.327 25442 25460 I native-activity: Frame 220 GL error is 0x0
04-11 02:53:04.327 25442 25460 I native-activity: Frame 220 time is 0.360ms
04-11 02:53:04.337 25442 25460 I native-activity: Swap 220 time is 10.971ms
04-11 02:53:04.337 25442 25460 I native-activity: Animating
04-11 02:53:04.338 25442 25460 I native-activity: Frame 221 GL error is 0x0
04-11 02:53:04.338 25442 25460 I native-activity: Frame 221 time is 0.696ms
04-11 02:53:04.349 25442 25460 I native-activity: Swap 221 time is 11.509ms
04-11 02:53:04.349 25442 25460 I native-activity: Animating
04-11 02:53:04.351 25442 25460 I native-activity: Frame 222 GL error is 0x0
04-11 02:53:04.336    93    93 I Kernel  : [310423.951962] (2)[93:irq/258-inv_irq]inv_mpu_iio: inv_read_fifo: Received Sensor Interrupt to read FIFO and Fifo_count is 6
04-11 02:53:04.351 25442 25460 I native-activity: Frame 222 time is 1.670ms
04-11 02:53:04.362 25442 25460 I native-activity: Swap 222 time is 12.560ms
04-11 02:53:04.363 25442 25460 I native-activity: Animating
04-11 02:53:04.365 25442 25460 I native-activity: Frame 223 GL error is 0x0
04-11 02:53:04.366 25442 25460 I native-activity: Frame 223 time is 2.602ms
04-11 02:53:04.385 25442 25460 I native-activity: Swap 223 time is 20.992ms
04-11 02:53:04.387 25442 25460 I native-activity: Animating
04-11 02:53:04.390 25442 25460 I native-activity: Frame 224 GL error is 0x0
04-11 02:53:04.391 25442 25460 I native-activity: Frame 224 time is 1.771ms
04-11 02:53:04.404 25442 25460 I native-activity: Swap 224 time is 14.912ms
04-11 02:53:04.406 25442 25460 I native-activity: Animating
04-11 02:53:04.461   958  1731 I PackageRecencyUtils: Waiting for idle
04-11 02:53:04.462   958  1731 I Vlog    : package_recency:broadcast_notification:fgtracking=false;DV;1,key=time_in_queue;DV;1,Timer=5001.0;TI;1,unit=ms;DV;1:HI
04-11 02:53:04.466   958  2825 D ActivityManager: single user service: com.amazon.kindle.cms
04-11 02:53:04.470   958  2825 D ActivityManager: app = com.amazon.kindle.cms, has single user service, setting process record.
04-11 02:53:04.703   958   974 D WifiService: acquireWifiLockLocked: WifiLock{com.amazon.dcp.framework.iuc.ConnectionEstablisherWithConnectivityEnforcement type=1 binder=android.os.BinderProxy@1683e388}
04-11 02:53:04.725   958  2825 D ActivityManager: single user service: com.amazon.imp
04-11 02:53:04.726   958  2825 D ActivityManager: app = com.amazon.imp, has single user service, setting process record.
04-11 02:53:04.808   958  1713 D ActivityManager: single user service: com.amazon.kindle.cms
04-11 02:53:04.810   958  1713 D ActivityManager: app = com.amazon.kindle.cms, has single user service, setting process record.
04-11 02:53:04.879   958  1234 D ActivityManager: single user service: com.amazon.kindle.cms
04-11 02:53:04.882   958  1234 D ActivityManager: app = com.amazon.kindle.cms, has single user service, setting process record.
04-11 02:53:04.902 25442 25460 I native-activity: Frame 225 GL error is 0x501
04-11 02:53:04.902 25442 25460 I native-activity: Frame 225 time is 495.481ms
04-11 02:53:04.927 25442 25460 I native-activity: Swap 225 time is 520.951ms
04-11 02:53:04.928 25442 25460 I native-activity: Animating
04-11 02:53:04.929 25442 25460 I native-activity: Frame 226 GL error is 0x0
04-11 02:53:04.929 25442 25460 I native-activity: Frame 226 time is 1.421ms
04-11 02:53:04.945 25442 25460 I native-activity: Swap 226 time is 17.212ms
04-11 02:53:04.945 25442 25460 I native-activity: Animating
04-11 02:53:04.955 25442 25460 I native-activity: Frame 227 GL error is 0x0
04-11 02:53:04.955 25442 25460 I native-activity: Frame 227 time is 9.635ms
04-11 02:53:04.969   958 13639 W AccountManagerService: insertAccountIntoDatabase: Account {name=default_account, type=com.amazon.firelauncher.account}, skipping since the account already exists
04-11 02:53:04.975   958  1720 W AccountManagerService: insertAccountIntoDatabase: Account {name=default_account, type=com.amazon.firelauncher.account}, skipping since the account already exists
04-11 02:53:04.982 25442 25460 I native-activity: Swap 227 time is 37.227ms
04-11 02:53:04.982 25442 25460 I native-activity: Animating
04-11 02:53:04.983 25442 25460 I native-activity: Frame 228 GL error is 0x0
04-11 02:53:04.984 25442 25460 I native-activity: Frame 228 time is 1.241ms
04-11 02:53:05.004   958  2825 W AccountManagerService: insertAccountIntoDatabase: Account {name=default_account, type=com.amazon.firelauncher.account}, skipping since the account already exists
04-11 02:53:05.007 25442 25460 I native-activity: Swap 228 time is 24.268ms
04-11 02:53:05.007 25442 25460 I native-activity: Animating
04-11 02:53:05.008 25442 25460 I native-activity: Frame 229 GL error is 0x0
04-11 02:53:05.008 25442 25460 I native-activity: Frame 229 time is 1.344ms
04-11 02:53:05.015   958   973 D WifiService: releaseWifiLockLocked: WifiLock{com.amazon.dcp.framework.iuc.ConnectionEstablisherWithConnectivityEnforcement type=1 binder=android.os.BinderProxy@1683e388}
04-11 02:53:05.025   958  2830 W AccountManagerService: insertAccountIntoDatabase: Account {name=default_account, type=com.amazon.firelauncher.account}, skipping since the account already exists
04-11 02:53:05.027 25442 25460 I native-activity: Swap 229 time is 20.559ms
04-11 02:53:05.027 25442 25460 I native-activity: Animating
04-11 02:53:05.029 25442 25460 I native-activity: Frame 230 GL error is 0x0
04-11 02:53:05.029 25442 25460 I native-activity: Frame 230 time is 1.264ms
04-11 02:53:05.038   958  1235 D ActivityManager: single user service: com.amazon.kindle.cms
04-11 02:53:05.043   958  1235 D ActivityManager: app = com.amazon.kindle.cms, has single user service, setting process record.
04-11 02:53:05.048 25442 25460 I native-activity: Swap 230 time is 20.571ms
04-11 02:53:05.048 25442 25460 I native-activity: Animating
04-11 02:53:05.049 25442 25460 I native-activity: Frame 231 GL error is 0x0
04-11 02:53:05.049 25442 25460 I native-activity: Frame 231 time is 1.246ms
04-11 02:53:05.069 25442 25460 I native-activity: Swap 231 time is 20.846ms
04-11 02:53:05.069 25442 25460 I native-activity: Animating
04-11 02:53:05.087   958  2822 D ActivityManager: single user service: com.amazon.kindle.cms
04-11 02:53:05.091   958  2822 D ActivityManager: app = com.amazon.kindle.cms, has single user service, setting process record.
04-11 02:53:05.127   958  1694 W AccountManagerService: insertAccountIntoDatabase: Account {name=default_account, type=com.amazon.firelauncher.account}, skipping since the account already exists
04-11 02:53:05.132   958  2829 W AccountManagerService: insertAccountIntoDatabase: Account {name=default_account, type=com.amazon.firelauncher.account}, skipping since the account already exists
04-11 02:53:05.149   958  1660 W AccountManagerService: insertAccountIntoDatabase: Account {name=default_account, type=com.amazon.firelauncher.account}, skipping since the account already exists
04-11 02:53:05.169   958  1695 W AccountManagerService: insertAccountIntoDatabase: Account {name=default_account, type=com.amazon.firelauncher.account}, skipping since the account already exists
04-11 02:53:05.166    93    93 I Kernel  : [310424.782796] (3)[93:irq/258-inv_irq]inv_mpu_iio: inv_read_fifo: Received Sensor Interrupt to read FIFO and Fifo_count is 6
04-11 02:53:05.189   958  1585 W AccountManagerService: insertAccountIntoDatabase: Account {name=default_account, type=com.amazon.firelauncher.account}, skipping since the account already exists
04-11 02:53:05.198   958  2822 W AccountManagerService: insertAccountIntoDatabase: Account {name=default_account, type=com.amazon.firelauncher.account}, skipping since the account already exists
04-11 02:53:05.206   958  1660 W AccountManagerService: insertAccountIntoDatabase: Account {name=default_account, type=com.amazon.firelauncher.account}, skipping since the account already exists
04-11 02:53:05.209   958  1720 W AccountManagerService: insertAccountIntoDatabase: Account {name=default_account, type=com.amazon.firelauncher.account}, skipping since the account already exists
04-11 02:53:05.237   958  1585 W AccountManagerService: insertAccountIntoDatabase: Account {name=default_account, type=com.amazon.firelauncher.account}, skipping since the account already exists
04-11 02:53:05.263   958  1234 W AccountManagerService: insertAccountIntoDatabase: Account {name=default_account, type=com.amazon.firelauncher.account}, skipping since the account already exists
04-11 02:53:05.273   958  2823 W AccountManagerService: insertAccountIntoDatabase: Account {name=default_account, type=com.amazon.firelauncher.account}, skipping since the account already exists
04-11 02:53:05.284   958  2825 W AccountManagerService: insertAccountIntoDatabase: Account {name=default_account, type=com.amazon.firelauncher.account}, skipping since the account already exists
04-11 02:53:05.306   958  1694 W AccountManagerService: insertAccountIntoDatabase: Account {name=default_account, type=com.amazon.firelauncher.account}, skipping since the account already exists
04-11 02:53:05.310   958  2829 W AccountManagerService: insertAccountIntoDatabase: Account {name=default_account, type=com.amazon.firelauncher.account}, skipping since the account already exists
04-11 02:53:05.317   958  2825 W AccountManagerService: insertAccountIntoDatabase: Account {name=default_account, type=com.amazon.firelauncher.account}, skipping since the account already exists
04-11 02:53:05.330 25442 25460 I native-activity: Frame 232 GL error is 0x501
04-11 02:53:05.330 25442 25460 I native-activity: Frame 232 time is 260.704ms
04-11 02:53:05.340   958   973 W AccountManagerService: insertAccountIntoDatabase: Account {name=default_account, type=com.amazon.firelauncher.account}, skipping since the account already exists
04-11 02:53:05.347 25442 25460 I native-activity: Swap 232 time is 278.316ms
04-11 02:53:05.347 25442 25460 I native-activity: Animating
04-11 02:53:05.372   958  2822 D WifiService: acquireWifiLockLocked: WifiLock{com.amazon.dcp.framework.iuc.ConnectionEstablisherWithConnectivityEnforcement type=1 binder=android.os.BinderProxy@1b2862da}
04-11 02:53:05.378   958  1234 W AccountManagerService: insertAccountIntoDatabase: Account {name=default_account, type=com.amazon.firelauncher.account}, skipping since the account already exists
04-11 02:53:05.392   958  2815 D ActivityManager: single user service: com.amazon.imp
04-11 02:53:05.394   958  2815 D ActivityManager: app = com.amazon.imp, has single user service, setting process record.
04-11 02:53:05.402   958  2830 W AccountManagerService: insertAccountIntoDatabase: Account {name=default_account, type=com.amazon.firelauncher.account}, skipping since the account already exists
04-11 02:53:05.554 25442 25460 I native-activity: Frame 233 GL error is 0x501
04-11 02:53:05.554 25442 25460 I native-activity: Frame 233 time is 206.887ms
04-11 02:53:05.570 25442 25460 I native-activity: Swap 233 time is 222.703ms
04-11 02:53:05.571 25442 25460 I native-activity: Animating
04-11 02:53:05.574 25442 25460 I native-activity: Frame 234 GL error is 0x0
04-11 02:53:05.574 25442 25460 I native-activity: Frame 234 time is 3.617ms
04-11 02:53:05.590 25442 25460 I native-activity: Swap 234 time is 19.383ms
04-11 02:53:05.590 25442 25460 I native-activity: Animating
04-11 02:53:05.592 25442 25460 I native-activity: Frame 235 GL error is 0x0
04-11 02:53:05.592 25442 25460 I native-activity: Frame 235 time is 1.629ms
04-11 02:53:05.608 25442 25460 I native-activity: Swap 235 time is 18.201ms
04-11 02:53:05.609 25442 25460 I native-activity: Animating
04-11 02:53:05.610 25442 25460 I native-activity: Frame 236 GL error is 0x0
04-11 02:53:05.610 25442 25460 I native-activity: Frame 236 time is 1.525ms
04-11 02:53:05.623 25442 25460 I native-activity: Swap 236 time is 13.985ms
04-11 02:53:05.623 25442 25460 I native-activity: Animating
04-11 02:53:05.624 25442 25460 I native-activity: Frame 237 GL error is 0x0
04-11 02:53:05.624 25442 25460 I native-activity: Frame 237 time is 1.489ms
04-11 02:53:05.637 25442 25460 I native-activity: Swap 237 time is 13.954ms
04-11 02:53:05.637 25442 25460 I native-activity: Animating
04-11 02:53:05.638 25442 25460 I native-activity: Frame 238 GL error is 0x0
04-11 02:53:05.638 25442 25460 I native-activity: Frame 238 time is 1.474ms
04-11 02:53:05.651 25442 25460 I native-activity: Swap 238 time is 13.915ms
04-11 02:53:05.651 25442 25460 I native-activity: Animating
04-11 02:53:05.652 25442 25460 I native-activity: Frame 239 GL error is 0x0
04-11 02:53:05.652 25442 25460 I native-activity: Frame 239 time is 1.495ms
04-11 02:53:05.665 25442 25460 I native-activity: Swap 239 time is 13.957ms
04-11 02:53:05.665 25442 25460 I native-activity: Animating
04-11 02:53:05.729   958   973 D WifiService: releaseWifiLockLocked: WifiLock{com.amazon.dcp.framework.iuc.ConnectionEstablisherWithConnectivityEnforcement type=1 binder=android.os.BinderProxy@1b2862da}
04-11 02:53:05.997 25442 25460 I native-activity: Frame 240 GL error is 0x501
04-11 02:53:05.997 25442 25460 I native-activity: Frame 240 time is 331.936ms
04-11 02:53:06.013 25442 25460 I native-activity: Swap 240 time is 347.551ms
04-11 02:53:06.013 25442 25460 I native-activity: Animating
04-11 02:53:05.996    93    93 I Kernel  : [310425.613845] (3)[93:irq/258-inv_irq]inv_mpu_iio: inv_read_fifo: Received Sensor Interrupt to read FIFO and Fifo_count is 6
04-11 02:53:06.419 25442 25460 I native-activity: Frame 241 GL error is 0x501
04-11 02:53:06.419 25442 25460 I native-activity: Frame 241 time is 406.232ms
04-11 02:53:06.435 25442 25460 I native-activity: Swap 241 time is 421.971ms
04-11 02:53:06.435 25442 25460 I native-activity: Animating
04-11 02:53:06.448 25442 25460 I native-activity: Frame 242 GL error is 0x0
04-11 02:53:06.448 25442 25460 I native-activity: Frame 242 time is 13.056ms
04-11 02:53:06.464 25442 25460 I native-activity: Swap 242 time is 28.658ms
04-11 02:53:06.464 25442 25460 I native-activity: Animating
04-11 02:53:06.471 25442 25460 I native-activity: Frame 243 GL error is 0x0
04-11 02:53:06.471 25442 25460 I native-activity: Frame 243 time is 7.164ms
04-11 02:53:06.487 25442 25460 I native-activity: Swap 243 time is 22.808ms
04-11 02:53:06.487 25442 25460 I native-activity: Animating
04-11 02:53:06.495 25442 25460 I native-activity: Frame 244 GL error is 0x0
04-11 02:53:06.495 25442 25460 I native-activity: Frame 244 time is 7.929ms
04-11 02:53:06.510 25442 25460 I native-activity: Swap 244 time is 23.529ms
04-11 02:53:06.510 25442 25460 I native-activity: Animating
04-11 02:53:06.550 25442 25460 I native-activity: Frame 245 GL error is 0x0
04-11 02:53:06.550 25442 25460 I native-activity: Frame 245 time is 39.688ms
04-11 02:53:06.565 25442 25460 I native-activity: Swap 245 time is 55.061ms
04-11 02:53:06.565 25442 25460 I native-activity: Animating
04-11 02:53:06.625 25442 25460 I native-activity: Frame 246 GL error is 0x501
04-11 02:53:06.625 25442 25460 I native-activity: Frame 246 time is 59.544ms
04-11 02:53:06.641 25442 25460 I native-activity: Swap 246 time is 75.081ms
04-11 02:53:06.641 25442 25460 I native-activity: Animating
04-11 02:53:06.675 25442 25460 I native-activity: Frame 247 GL error is 0x501
04-11 02:53:06.675 25442 25460 I native-activity: Frame 247 time is 34.407ms
04-11 02:53:06.692 25442 25460 I native-activity: Swap 247 time is 51.307ms
04-11 02:53:06.692 25442 25460 I native-activity: Animating
04-11 02:53:06.697 25442 25460 I native-activity: Frame 248 GL error is 0x0
04-11 02:53:06.697 25442 25460 I native-activity: Frame 248 time is 4.895ms
04-11 02:53:06.716 25442 25460 I native-activity: Swap 248 time is 23.963ms
04-11 02:53:06.716 25442 25460 I native-activity: Animating
04-11 02:53:06.736 25442 25460 I native-activity: Frame 249 GL error is 0x501
04-11 02:53:06.736 25442 25460 I native-activity: Frame 249 time is 19.836ms
04-11 02:53:06.755 25442 25460 I native-activity: Swap 249 time is 38.970ms
04-11 02:53:06.755 25442 25460 I native-activity: Animating
04-11 02:53:06.765 25442 25460 I native-activity: Frame 250 GL error is 0x0
04-11 02:53:06.765 25442 25460 I native-activity: Frame 250 time is 9.509ms
04-11 02:53:06.784 25442 25460 I native-activity: Swap 250 time is 28.339ms
04-11 02:53:06.784 25442 25460 I native-activity: Animating
04-11 02:53:06.801 25442 25460 I native-activity: Frame 251 GL error is 0x0
04-11 02:53:06.801 25442 25460 I native-activity: Frame 251 time is 17.618ms
04-11 02:53:06.819 25442 25460 I native-activity: Swap 251 time is 34.982ms
04-11 02:53:06.819 25442 25460 I native-activity: Animating
04-11 02:53:06.832 25442 25460 I native-activity: Frame 252 GL error is 0x501
04-11 02:53:06.832 25442 25460 I native-activity: Frame 252 time is 13.236ms
04-11 02:53:06.826    93    93 I Kernel  : [310426.444984] (3)[93:irq/258-inv_irq]inv_mpu_iio: inv_read_fifo: Received Sensor Interrupt to read FIFO and Fifo_count is 6
04-11 02:53:06.851 25442 25460 I native-activity: Swap 252 time is 32.623ms
04-11 02:53:06.851 25442 25460 I native-activity: Animating
04-11 02:53:06.855 25442 25460 I native-activity: Frame 253 GL error is 0x0
04-11 02:53:06.855 25442 25460 I native-activity: Frame 253 time is 4.138ms
04-11 02:53:06.875 25442 25460 I native-activity: Swap 253 time is 23.463ms
04-11 02:53:06.875 25442 25460 I native-activity: Animating
04-11 02:53:06.880 25442 25460 I native-activity: Frame 254 GL error is 0x0
04-11 02:53:06.880 25442 25460 I native-activity: Frame 254 time is 5.039ms
04-11 02:53:06.899 25442 25460 I native-activity: Swap 254 time is 24.456ms
04-11 02:53:06.899 25442 25460 I native-activity: Animating
04-11 02:53:06.904 25442 25460 I native-activity: Frame 255 GL error is 0x0
04-11 02:53:06.904 25442 25460 I native-activity: Frame 255 time is 5.062ms
04-11 02:53:06.924 25442 25460 I native-activity: Swap 255 time is 24.546ms
04-11 02:53:06.924 25442 25460 I native-activity: Animating
04-11 02:53:06.939 25442 25460 I native-activity: Frame 256 GL error is 0x0
04-11 02:53:06.939 25442 25460 I native-activity: Frame 256 time is 14.936ms
04-11 02:53:06.958 25442 25460 I native-activity: Swap 256 time is 33.491ms
04-11 02:53:06.958 25442 25460 I native-activity: Animating
04-11 02:53:06.969 25442 25460 I native-activity: Frame 257 GL error is 0x0
04-11 02:53:06.969 25442 25460 I native-activity: Frame 257 time is 11.098ms
04-11 02:53:06.987 25442 25460 I native-activity: Swap 257 time is 29.658ms
04-11 02:53:06.988 25442 25460 I native-activity: Animating
04-11 02:53:07.001 25442 25460 I native-activity: Frame 258 GL error is 0x0
04-11 02:53:07.001 25442 25460 I native-activity: Frame 258 time is 13.210ms
04-11 02:53:07.023 25442 25460 I native-activity: Swap 258 time is 35.885ms
04-11 02:53:07.024 25442 25460 I native-activity: Animating
04-11 02:53:07.035 25442 25460 I native-activity: Context 0x547f9c10 made current on surface 0x5456bfb0, error 0x3000
04-11 02:53:07.035 25442 25460 I native-activity: GL information
04-11 02:53:07.035 25442 25460 I native-activity: 	Renderer: PowerVR Rogue G6200
04-11 02:53:07.036 25442 25460 I native-activity: 	Vendor: Imagination Technologies
04-11 02:53:07.036 25442 25460 I native-activity: 	Version: OpenGL ES 3.1 build 1.4@3573678
04-11 02:53:07.036 25442 25460 I native-activity: 	Shading Language: OpenGL ES GLSL ES 3.10 build 1.4@3573678
04-11 02:53:07.036 25442 25460 I native-activity: 	Extensions: GL_EXT_debug_marker GL_EXT_blend_minmax GL_EXT_color_buffer_float GL_EXT_discard_framebuffer GL_EXT_draw_buffers GL_EXT_multi_draw_arrays GL_EXT_multisampled_render_to_texture GL_EXT_occlusion_query_boolean GL_EXT_read_format_bgra GL_EXT_robustness GL_EXT_separate_shader_objects GL_EXT_shader_framebuffer_fetch GL_EXT_shader_texture_lod GL_EXT_texture_filter_anisotropic GL_EXT_texture_format_BGRA8888 GL_EXT_texture_rg GL_EXT_texture_sRGB_decode GL_IMG_multisampled_render_to_texture GL_IMG_program_binary GL_IMG_read_format GL_IMG_shader_binary GL_IMG_texture_compression_pvrtc GL_IMG_texture_compression_pvrtc2 GL_IMG_texture_format_BGRA8888 GL_IMG_texture_npot GL_KHR_blend_equation_advanced GL_KHR_blend_equation_advanced_coherent GL_KHR_debug GL_OES_compressed_ETC1_RGB8_texture GL_OES_depth24 GL_OES_depth_texture GL_OES_EGL_image GL_OES_EGL_image_external GL_OES_EGL_sync GL_OES_element_index_uint GL_OES_fragment_precision_high GL_OES_get_program_binary GL_OES_mapbuffer GL_OES_packed_depth_stencil G
04-11 02:53:07.036 25442 25460 I native-activity: Context 0x547f9c10 made current on surface 0x5456bfb0, error 0x3000
04-11 02:53:07.036 25442 25460 I native-activity: GL information
04-11 02:53:07.036 25442 25460 I native-activity: 	Renderer: PowerVR Rogue G6200
04-11 02:53:07.036 25442 25460 I native-activity: 	Vendor: Imagination Technologies
04-11 02:53:07.036 25442 25460 I native-activity: 	Version: OpenGL ES 3.1 build 1.4@3573678
04-11 02:53:07.036 25442 25460 I native-activity: 	Shading Language: OpenGL ES GLSL ES 3.10 build 1.4@3573678
04-11 02:53:07.036 25442 25460 I native-activity: 	Extensions: GL_EXT_debug_marker GL_EXT_blend_minmax GL_EXT_color_buffer_float GL_EXT_discard_framebuffer GL_EXT_draw_buffers GL_EXT_multi_draw_arrays GL_EXT_multisampled_render_to_texture GL_EXT_occlusion_query_boolean GL_EXT_read_format_bgra GL_EXT_robustness GL_EXT_separate_shader_objects GL_EXT_shader_framebuffer_fetch GL_EXT_shader_texture_lod GL_EXT_texture_filter_anisotropic GL_EXT_texture_format_BGRA8888 GL_EXT_texture_rg GL_EXT_texture_sRGB_decode GL_IMG_multisampled_render_to_texture GL_IMG_program_binary GL_IMG_read_format GL_IMG_shader_binary GL_IMG_texture_compression_pvrtc GL_IMG_texture_compression_pvrtc2 GL_IMG_texture_format_BGRA8888 GL_IMG_texture_npot GL_KHR_blend_equation_advanced GL_KHR_blend_equation_advanced_coherent GL_KHR_debug GL_OES_compressed_ETC1_RGB8_texture GL_OES_depth24 GL_OES_depth_texture GL_OES_EGL_image GL_OES_EGL_image_external GL_OES_EGL_sync GL_OES_element_index_uint GL_OES_fragment_precision_high GL_OES_get_program_binary GL_OES_mapbuffer GL_OES_packed_depth_stencil G
04-11 02:53:07.036 25442 25460 I native-activity: Frame 259 GL error is 0x501
04-11 02:53:07.036 25442 25460 I native-activity: Frame 259 time is 12.097ms
04-11 02:53:07.053 25442 25460 I native-activity: Swap 259 time is 29.682ms
04-11 02:53:07.053 25442 25460 I native-activity: Animating
04-11 02:53:07.059 25442 25460 I native-activity: Frame 260 GL error is 0x500
04-11 02:53:07.059 25442 25460 I native-activity: Frame 260 time is 5.115ms
04-11 02:53:07.077 25442 25460 I native-activity: Swap 260 time is 23.667ms
04-11 02:53:07.077 25442 25460 I native-activity: Animating
04-11 02:53:07.084 25442 25460 I native-activity: Frame 261 GL error is 0x0
04-11 02:53:07.084 25442 25460 I native-activity: Frame 261 time is 6.612ms
04-11 02:53:07.102 25442 25460 I native-activity: Swap 261 time is 24.880ms
04-11 02:53:07.102 25442 25460 I native-activity: Animating
04-11 02:53:07.107 25442 25460 I native-activity: Frame 262 GL error is 0x0
04-11 02:53:07.107 25442 25460 I native-activity: Frame 262 time is 4.614ms
04-11 02:53:07.126 25442 25460 I native-activity: Swap 262 time is 23.396ms
04-11 02:53:07.126 25442 25460 I native-activity: Animating
04-11 02:53:07.133 25442 25460 I native-activity: Frame 263 GL error is 0x0
04-11 02:53:07.133 25442 25460 I native-activity: Frame 263 time is 7.313ms
04-11 02:53:07.152 25442 25460 I native-activity: Swap 263 time is 26.033ms
04-11 02:53:07.152 25442 25460 I native-activity: Animating
04-11 02:53:07.158 25442 25460 I native-activity: Frame 264 GL error is 0x0
04-11 02:53:07.158 25442 25460 I native-activity: Frame 264 time is 5.966ms
04-11 02:53:07.177 25442 25460 I native-activity: Swap 264 time is 24.822ms
04-11 02:53:07.177 25442 25460 I native-activity: Animating
04-11 02:53:07.181 25442 25460 I native-activity: Frame 265 GL error is 0x0
04-11 02:53:07.181 25442 25460 I native-activity: Frame 265 time is 4.703ms
04-11 02:53:07.200 25442 25460 I native-activity: Swap 265 time is 23.479ms
04-11 02:53:07.200 25442 25460 I native-activity: Animating
04-11 02:53:07.217 25442 25460 I native-activity: Frame 266 GL error is 0x0
04-11 02:53:07.217 25442 25460 I native-activity: Frame 266 time is 17.023ms
04-11 02:53:07.234 25442 25460 I native-activity: Swap 266 time is 34.073ms
04-11 02:53:07.234 25442 25460 I native-activity: Animating
04-11 02:53:07.250 25442 25460 I native-activity: Frame 267 GL error is 0x0
04-11 02:53:07.250 25442 25460 I native-activity: Frame 267 time is 15.817ms
04-11 02:53:07.268 25442 25460 I native-activity: Swap 267 time is 33.082ms
04-11 02:53:07.268 25442 25460 I native-activity: Animating
04-11 02:53:07.283 25442 25460 I native-activity: Frame 268 GL error is 0x0
04-11 02:53:07.283 25442 25460 I native-activity: Frame 268 time is 14.991ms
04-11 02:53:07.300 25442 25460 I native-activity: Swap 268 time is 32.394ms
04-11 02:53:07.300 25442 25460 I native-activity: Animating
04-11 02:53:07.323 25442 25460 I native-activity: Frame 269 GL error is 0x0
04-11 02:53:07.324 25442 25460 I native-activity: Frame 269 time is 23.239ms
04-11 02:53:07.341 25442 25460 I native-activity: Swap 269 time is 40.289ms
04-11 02:53:07.341 25442 25460 I native-activity: Animating
04-11 02:53:07.348 25442 25460 I native-activity: Frame 270 GL error is 0x0
04-11 02:53:07.348 25442 25460 I native-activity: Frame 270 time is 7.381ms
04-11 02:53:07.367 25442 25460 I native-activity: Swap 270 time is 26.333ms
04-11 02:53:07.367 25442 25460 I native-activity: Animating
04-11 02:53:07.372 25442 25460 I native-activity: Frame 271 GL error is 0x0
04-11 02:53:07.372 25442 25460 I native-activity: Frame 271 time is 4.608ms
04-11 02:53:07.390 25442 25460 I native-activity: Swap 271 time is 23.355ms
04-11 02:53:07.391 25442 25460 I native-activity: Animating
04-11 02:53:07.396 25442 25460 I native-activity: Frame 272 GL error is 0x0
04-11 02:53:07.396 25442 25460 I native-activity: Frame 272 time is 5.530ms
04-11 02:53:07.415 25442 25460 I native-activity: Swap 272 time is 24.402ms
04-11 02:53:07.415 25442 25460 I native-activity: Animating
04-11 02:53:07.426 25442 25460 I native-activity: Frame 273 GL error is 0x0
04-11 02:53:07.426 25442 25460 I native-activity: Frame 273 time is 11.411ms
04-11 02:53:07.444 25442 25460 I native-activity: Swap 273 time is 28.811ms
04-11 02:53:07.444 25442 25460 I native-activity: Animating
04-11 02:53:07.477 25442 25460 I native-activity: Frame 274 GL error is 0x501
04-11 02:53:07.477 25442 25460 I native-activity: Frame 274 time is 33.027ms
04-11 02:53:07.496 25442 25460 I native-activity: Swap 274 time is 51.683ms
04-11 02:53:07.496 25442 25460 I native-activity: Animating
04-11 02:53:07.501 25442 25460 I native-activity: Frame 275 GL error is 0x0
04-11 02:53:07.502 25442 25460 I native-activity: Frame 275 time is 5.777ms
04-11 02:53:07.520 25442 25460 I native-activity: Swap 275 time is 24.596ms
04-11 02:53:07.520 25442 25460 I native-activity: Animating
04-11 02:53:07.525 25442 25460 I native-activity: Frame 276 GL error is 0x0
04-11 02:53:07.525 25442 25460 I native-activity: Frame 276 time is 4.815ms
04-11 02:53:07.544 25442 25460 I native-activity: Swap 276 time is 23.682ms
04-11 02:53:07.544 25442 25460 I native-activity: Animating
04-11 02:53:07.550 25442 25460 I native-activity: Frame 277 GL error is 0x0
04-11 02:53:07.550 25442 25460 I native-activity: Frame 277 time is 6.200ms
04-11 02:53:07.569 25442 25460 I native-activity: Swap 277 time is 25.142ms
04-11 02:53:07.569 25442 25460 I native-activity: Animating
04-11 02:53:07.579 25442 25460 I native-activity: Frame 278 GL error is 0x0
04-11 02:53:07.579 25442 25460 I native-activity: Frame 278 time is 9.846ms
04-11 02:53:07.597 25442 25460 I native-activity: Swap 278 time is 27.203ms
04-11 02:53:07.597 25442 25460 I native-activity: Animating
04-11 02:53:07.608 25442 25460 I native-activity: Frame 279 GL error is 0x0
04-11 02:53:07.608 25442 25460 I native-activity: Frame 279 time is 11.241ms
04-11 02:53:07.625 25442 25460 I native-activity: Swap 279 time is 28.676ms
04-11 02:53:07.626 25442 25460 I native-activity: Animating
04-11 02:53:07.635 25442 25460 I native-activity: Frame 280 GL error is 0x0
04-11 02:53:07.635 25442 25460 I native-activity: Frame 280 time is 9.669ms
04-11 02:53:07.653 25442 25460 I native-activity: Swap 280 time is 27.288ms
04-11 02:53:07.653 25442 25460 I native-activity: Animating
04-11 02:53:07.667 25442 25460 I native-activity: Frame 281 GL error is 0x0
04-11 02:53:07.667 25442 25460 I native-activity: Frame 281 time is 13.521ms
04-11 02:53:07.656    93    93 I Kernel  : [310427.276165] (3)[93:irq/258-inv_irq]inv_mpu_iio: inv_read_fifo: Received Sensor Interrupt to read FIFO and Fifo_count is 6
04-11 02:53:07.684 25442 25460 I native-activity: Swap 281 time is 30.613ms
04-11 02:53:07.684 25442 25460 I native-activity: Animating
04-11 02:53:07.697 25442 25460 I native-activity: Frame 282 GL error is 0x0
04-11 02:53:07.697 25442 25460 I native-activity: Frame 282 time is 13.226ms
04-11 02:53:07.714 25442 25460 I native-activity: Swap 282 time is 30.168ms
04-11 02:53:07.714 25442 25460 I native-activity: Animating
04-11 02:53:07.727 25442 25460 I native-activity: Frame 283 GL error is 0x0
04-11 02:53:07.727 25442 25460 I native-activity: Frame 283 time is 13.138ms
04-11 02:53:07.744 25442 25460 I native-activity: Swap 283 time is 30.204ms
04-11 02:53:07.744 25442 25460 I native-activity: Animating
04-11 02:53:07.757 25442 25460 I native-activity: Frame 284 GL error is 0x0
04-11 02:53:07.757 25442 25460 I native-activity: Frame 284 time is 12.662ms
04-11 02:53:07.774 25442 25460 I native-activity: Swap 284 time is 29.125ms
04-11 02:53:07.774 25442 25460 I native-activity: Animating
04-11 02:53:07.786 25442 25460 I native-activity: Frame 285 GL error is 0x0
04-11 02:53:07.786 25442 25460 I native-activity: Frame 285 time is 12.464ms
04-11 02:53:07.803 25442 25460 I native-activity: Swap 285 time is 29.019ms
04-11 02:53:07.803 25442 25460 I native-activity: Animating
04-11 02:53:07.815 25442 25460 I native-activity: Frame 286 GL error is 0x0
04-11 02:53:07.815 25442 25460 I native-activity: Frame 286 time is 12.311ms
04-11 02:53:07.832 25442 25460 I native-activity: Swap 286 time is 29.169ms
04-11 02:53:07.832 25442 25460 I native-activity: Animating
04-11 02:53:07.846 25442 25460 I native-activity: Frame 287 GL error is 0x0
04-11 02:53:07.846 25442 25460 I native-activity: Frame 287 time is 13.223ms
04-11 02:53:07.863 25442 25460 I native-activity: Swap 287 time is 30.485ms
04-11 02:53:07.863 25442 25460 I native-activity: Animating
04-11 02:53:07.875 25442 25460 I native-activity: Frame 288 GL error is 0x0
04-11 02:53:07.875 25442 25460 I native-activity: Frame 288 time is 11.834ms
04-11 02:53:07.892 25442 25460 I native-activity: Swap 288 time is 29.084ms
04-11 02:53:07.892 25442 25460 I native-activity: Animating
04-11 02:53:07.904 25442 25460 I native-activity: Frame 289 GL error is 0x0
04-11 02:53:07.904 25442 25460 I native-activity: Frame 289 time is 12.109ms
04-11 02:53:07.922 25442 25460 I native-activity: Swap 289 time is 29.315ms
04-11 02:53:07.922 25442 25460 I native-activity: Animating
04-11 02:53:07.934 25442 25460 I native-activity: Frame 290 GL error is 0x0
04-11 02:53:07.934 25442 25460 I native-activity: Frame 290 time is 12.622ms
04-11 02:53:07.951 25442 25460 I native-activity: Swap 290 time is 29.229ms
04-11 02:53:07.951 25442 25460 I native-activity: Animating
04-11 02:53:07.964 25442 25460 I native-activity: Frame 291 GL error is 0x0
04-11 02:53:07.964 25442 25460 I native-activity: Frame 291 time is 12.506ms
04-11 02:53:07.981 25442 25460 I native-activity: Swap 291 time is 30.237ms
04-11 02:53:07.981 25442 25460 I native-activity: Animating
04-11 02:53:07.992 25442 25460 I native-activity: Frame 292 GL error is 0x0
04-11 02:53:07.992 25442 25460 I native-activity: Frame 292 time is 10.727ms
04-11 02:53:08.010 25442 25460 I native-activity: Swap 292 time is 28.841ms
04-11 02:53:08.010 25442 25460 I native-activity: Animating
04-11 02:53:08.026 25442 25460 I native-activity: Frame 293 GL error is 0x0
04-11 02:53:08.026 25442 25460 I native-activity: Frame 293 time is 15.087ms
04-11 02:53:08.044 25442 25460 I native-activity: Swap 293 time is 32.997ms
04-11 02:53:08.044 25442 25460 I native-activity: Animating
04-11 02:53:08.055 25442 25460 I native-activity: Frame 294 GL error is 0x0
04-11 02:53:08.055 25442 25460 I native-activity: Frame 294 time is 10.939ms
04-11 02:53:08.073 25442 25460 I native-activity: Swap 294 time is 29.039ms
04-11 02:53:08.073 25442 25460 I native-activity: Animating
04-11 02:53:08.088 25442 25460 I native-activity: Frame 295 GL error is 0x0
04-11 02:53:08.088 25442 25460 I native-activity: Frame 295 time is 15.222ms
04-11 02:53:08.106 25442 25460 I native-activity: Swap 295 time is 33.513ms
04-11 02:53:08.107 25442 25460 I native-activity: Animating
04-11 02:53:08.118 25442 25460 I native-activity: Frame 296 GL error is 0x0
04-11 02:53:08.118 25442 25460 I native-activity: Frame 296 time is 11.296ms
04-11 02:53:08.120   958  1024 D ConnectivityService: updateNetworkScore for NetworkAgentInfo [WIFI () - 196] to 60
04-11 02:53:08.120   958  1024 D ConnectivityService: rematching NetworkAgentInfo [WIFI () - 196]
04-11 02:53:08.121   958  1024 D ConnectivityService: Network NetworkAgentInfo [WIFI () - 196] was already satisfying request 1. No change.
04-11 02:53:08.121   958  1024 D ConnectivityService: notifyType AVAILABLE for NetworkAgentInfo [WIFI () - 196]
04-11 02:53:08.136 25442 25460 I native-activity: Swap 296 time is 29.938ms
04-11 02:53:08.137 25442 25460 I native-activity: Animating
04-11 02:53:08.147 25442 25460 I native-activity: Frame 297 GL error is 0x0
04-11 02:53:08.147 25442 25460 I native-activity: Frame 297 time is 10.803ms
04-11 02:53:08.165 25442 25460 I native-activity: Swap 297 time is 28.538ms
04-11 02:53:08.165 25442 25460 I native-activity: Animating
04-11 02:53:08.175 25442 25460 I native-activity: Frame 298 GL error is 0x0
04-11 02:53:08.175 25442 25460 I native-activity: Frame 298 time is 9.630ms
04-11 02:53:08.193 25442 25460 I native-activity: Swap 298 time is 27.947ms
04-11 02:53:08.193 25442 25460 I native-activity: Animating
04-11 02:53:08.205 25442 25460 I native-activity: Frame 299 GL error is 0x0
04-11 02:53:08.205 25442 25460 I native-activity: Frame 299 time is 11.448ms
04-11 02:53:08.223 25442 25460 I native-activity: Swap 299 time is 29.967ms
04-11 02:53:08.223 25442 25460 I native-activity: Animating
04-11 02:53:08.232 25442 25460 I native-activity: Frame 300 GL error is 0x0
04-11 02:53:08.232 25442 25460 I native-activity: Frame 300 time is 9.015ms
04-11 02:53:08.251 25442 25460 I native-activity: Swap 300 time is 27.317ms
04-11 02:53:08.251 25442 25460 I native-activity: Animating
04-11 02:53:08.267 25442 25460 I native-activity: Frame 301 GL error is 0x0
04-11 02:53:08.267 25442 25460 I native-activity: Frame 301 time is 16.256ms
04-11 02:53:08.287 25442 25460 I native-activity: Swap 301 time is 35.862ms
04-11 02:53:08.287 25442 25460 I native-activity: Animating
04-11 02:53:08.291 25442 25460 I native-activity: Frame 302 GL error is 0x0
04-11 02:53:08.291 25442 25460 I native-activity: Frame 302 time is 4.045ms
04-11 02:53:08.310 25442 25460 I native-activity: Swap 302 time is 23.537ms
04-11 02:53:08.311 25442 25460 I native-activity: Animating
04-11 02:53:08.315 25442 25460 I native-activity: Frame 303 GL error is 0x0
04-11 02:53:08.315 25442 25460 I native-activity: Frame 303 time is 4.223ms
04-11 02:53:08.334 25442 25460 I native-activity: Swap 303 time is 23.440ms
04-11 02:53:08.334 25442 25460 I native-activity: Animating
04-11 02:53:08.338 25442 25460 I native-activity: Frame 304 GL error is 0x0
04-11 02:53:08.338 25442 25460 I native-activity: Frame 304 time is 4.103ms
04-11 02:53:08.358 25442 25460 I native-activity: Swap 304 time is 23.548ms
04-11 02:53:08.358 25442 25460 I native-activity: Animating
04-11 02:53:08.368 25442 25460 I native-activity: Frame 305 GL error is 0x0
04-11 02:53:08.368 25442 25460 I native-activity: Frame 305 time is 10.434ms
04-11 02:53:08.387 25442 25460 I native-activity: Swap 305 time is 28.907ms
04-11 02:53:08.387 25442 25460 I native-activity: Animating
04-11 02:53:08.396 25442 25460 I native-activity: Frame 306 GL error is 0x0
04-11 02:53:08.396 25442 25460 I native-activity: Frame 306 time is 8.801ms
04-11 02:53:08.414 25442 25460 I native-activity: Swap 306 time is 27.061ms
04-11 02:53:08.414 25442 25460 I native-activity: Animating
04-11 02:53:08.423 25442 25460 I native-activity: Frame 307 GL error is 0x0
04-11 02:53:08.423 25442 25460 I native-activity: Frame 307 time is 9.310ms
04-11 02:53:08.416    93    93 I Kernel  : [310428.028329] (3)[93:irq/258-inv_irq]inv_mpu_iio: inv_push_8bytes_buffer: Received Accel Sensor Data at Driver Layer -528, 1724, -16432
04-11 02:53:08.442 25442 25460 I native-activity: Swap 307 time is 27.724ms
04-11 02:53:08.442 25442 25460 I native-activity: Animating
