04-11 02:52:20.987 25181 25199 D native-activity: Reading pixels format 0x1908 type 0x1401 bpp 4
04-11 02:52:20.993   958  1032 D ActivityManager: single user service: com.amazon.kindle.cms
04-11 02:52:21.000   958  1032 D ActivityManager: app = com.amazon.kindle.cms, has single user service, setting process record.
04-11 02:52:21.001 25181 25199 I native-activity: Read pixels, GL error is 0x0
04-11 02:52:21.001 25181 25199 I native-activity: Swap 182 time is 14.274ms
04-11 02:52:21.001 25181 25199 I native-activity: Animating
04-11 02:52:21.002 25181 25199 I native-activity: Frame 183 GL error is 0x0
04-11 02:52:21.002 25181 25199 I native-activity: Frame 183 time is 0.632ms
04-11 02:52:21.002 25181 25199 I native-activity: Doing egl_swapbuffers_sync 1
04-11 02:52:21.002 25181 25199 D native-activity: Reading pixels format 0x1908 type 0x1401 bpp 4
04-11 02:52:21.017 25181 25199 I native-activity: Read pixels, GL error is 0x0
04-11 02:52:21.017 25181 25199 I native-activity: Swap 183 time is 15.631ms
04-11 02:52:21.017 25181 25199 I native-activity: Animating
04-11 02:52:21.017 25181 25199 I native-activity: Frame 184 GL error is 0x0
04-11 02:52:21.017 25181 25199 I native-activity: Frame 184 time is 0.375ms
04-11 02:52:21.017 25181 25199 I native-activity: Doing egl_swapbuffers_sync 1
04-11 02:52:21.017 25181 25199 D native-activity: Reading pixels format 0x1908 type 0x1401 bpp 4
04-11 02:52:21.032 25181 25199 I native-activity: Read pixels, GL error is 0x0
04-11 02:52:21.032 25181 25199 I native-activity: Swap 184 time is 14.619ms
04-11 02:52:21.032 25181 25199 I native-activity: Animating
04-11 02:52:21.032 25181 25199 I native-activity: Frame 185 GL error is 0x0
04-11 02:52:21.032 25181 25199 I native-activity: Frame 185 time is 0.531ms
04-11 02:52:21.032 25181 25199 I native-activity: Doing egl_swapbuffers_sync 1
04-11 02:52:21.032 25181 25199 D native-activity: Reading pixels format 0x1908 type 0x1401 bpp 4
04-11 02:52:21.046 25181 25199 I native-activity: Read pixels, GL error is 0x0
04-11 02:52:21.046 25181 25199 I native-activity: Swap 185 time is 14.430ms
04-11 02:52:21.046 25181 25199 I native-activity: Animating
04-11 02:52:21.047 25181 25199 I native-activity: Frame 186 GL error is 0x0
04-11 02:52:21.047 25181 25199 I native-activity: Frame 186 time is 0.770ms
04-11 02:52:21.047 25181 25199 I native-activity: Doing egl_swapbuffers_sync 1
04-11 02:52:21.047 25181 25199 D native-activity: Reading pixels format 0x1908 type 0x1401 bpp 4
04-11 02:52:21.061 25181 25199 I native-activity: Read pixels, GL error is 0x0
04-11 02:52:21.061 25181 25199 I native-activity: Swap 186 time is 14.547ms
04-11 02:52:21.061 25181 25199 I native-activity: Animating
04-11 02:52:21.061 25181 25199 I native-activity: Frame 187 GL error is 0x0
04-11 02:52:21.061 25181 25199 I native-activity: Frame 187 time is 0.356ms
04-11 02:52:21.061 25181 25199 I native-activity: Doing egl_swapbuffers_sync 1
04-11 02:52:21.061 25181 25199 D native-activity: Reading pixels format 0x1908 type 0x1401 bpp 4
04-11 02:52:21.075 25181 25199 I native-activity: Read pixels, GL error is 0x0
04-11 02:52:21.076 25181 25199 I native-activity: Swap 187 time is 14.501ms
04-11 02:52:21.076 25181 25199 I native-activity: Animating
04-11 02:52:21.076 25181 25199 I native-activity: Frame 188 GL error is 0x0
04-11 02:52:21.076 25181 25199 I native-activity: Frame 188 time is 0.379ms
04-11 02:52:21.076 25181 25199 I native-activity: Doing egl_swapbuffers_sync 1
04-11 02:52:21.076 25181 25199 D native-activity: Reading pixels format 0x1908 type 0x1401 bpp 4
04-11 02:52:21.091 25181 25199 I native-activity: Read pixels, GL error is 0x0
04-11 02:52:21.091 25181 25199 I native-activity: Swap 188 time is 15.571ms
04-11 02:52:21.092 25181 25199 I native-activity: Animating
04-11 02:52:21.092 25181 25199 I native-activity: Frame 189 GL error is 0x0
04-11 02:52:21.092 25181 25199 I native-activity: Frame 189 time is 0.401ms
04-11 02:52:21.092 25181 25199 I native-activity: Doing egl_swapbuffers_sync 1
04-11 02:52:21.092 25181 25199 D native-activity: Reading pixels format 0x1908 type 0x1401 bpp 4
04-11 02:52:21.107 25181 25199 I native-activity: Read pixels, GL error is 0x0
04-11 02:52:21.108 25181 25199 I native-activity: Swap 189 time is 16.124ms
04-11 02:52:21.108 25181 25199 I native-activity: Animating
04-11 02:52:21.109 25181 25199 I native-activity: Frame 190 GL error is 0x0
04-11 02:52:21.109 25181 25199 I native-activity: Frame 190 time is 0.610ms
04-11 02:52:21.109 25181 25199 I native-activity: Doing egl_swapbuffers_sync 1
04-11 02:52:21.109 25181 25199 D native-activity: Reading pixels format 0x1908 type 0x1401 bpp 4
04-11 02:52:21.124 25181 25199 I native-activity: Read pixels, GL error is 0x0
04-11 02:52:21.124 25181 25199 I native-activity: Swap 190 time is 15.519ms
04-11 02:52:21.125 25181 25199 I native-activity: Animating
04-11 02:52:21.126 25181 25199 I native-activity: Frame 191 GL error is 0x0
04-11 02:52:21.126 25181 25199 I native-activity: Frame 191 time is 0.765ms
04-11 02:52:21.126 25181 25199 I native-activity: Doing egl_swapbuffers_sync 1
04-11 02:52:21.126 25181 25199 D native-activity: Reading pixels format 0x1908 type 0x1401 bpp 4
04-11 02:52:21.140 25181 25199 I native-activity: Read pixels, GL error is 0x0
04-11 02:52:21.140 25181 25199 I native-activity: Swap 191 time is 14.673ms
04-11 02:52:21.140 25181 25199 I native-activity: Animating
04-11 02:52:21.140 25181 25199 I native-activity: Frame 192 GL error is 0x0
04-11 02:52:21.141 25181 25199 I native-activity: Frame 192 time is 0.563ms
04-11 02:52:21.141 25181 25199 I native-activity: Doing egl_swapbuffers_sync 1
04-11 02:52:21.141 25181 25199 D native-activity: Reading pixels format 0x1908 type 0x1401 bpp 4
04-11 02:52:21.156 25181 25199 I native-activity: Read pixels, GL error is 0x0
04-11 02:52:21.156 25181 25199 I native-activity: Swap 192 time is 16.165ms
04-11 02:52:21.157 25181 25199 I native-activity: Animating
04-11 02:52:21.158 25181 25199 I native-activity: Frame 193 GL error is 0x0
04-11 02:52:21.158 25181 25199 I native-activity: Frame 193 time is 1.177ms
04-11 02:52:21.159 25181 25199 I native-activity: Doing egl_swapbuffers_sync 1
04-11 02:52:21.159 25181 25199 D native-activity: Reading pixels format 0x1908 type 0x1401 bpp 4
04-11 02:52:21.173 25181 25199 I native-activity: Read pixels, GL error is 0x0
04-11 02:52:21.173 25181 25199 I native-activity: Swap 193 time is 16.280ms
04-11 02:52:21.173 25181 25199 I native-activity: Animating
04-11 02:52:21.174 25181 25199 I native-activity: Frame 194 GL error is 0x0
04-11 02:52:21.174 25181 25199 I native-activity: Frame 194 time is 0.176ms
04-11 02:52:21.174 25181 25199 I native-activity: Doing egl_swapbuffers_sync 1
04-11 02:52:21.174 25181 25199 D native-activity: Reading pixels format 0x1908 type 0x1401 bpp 4
04-11 02:52:21.188 25181 25199 I native-activity: Read pixels, GL error is 0x0
04-11 02:52:21.188 25181 25199 I native-activity: Swap 194 time is 14.804ms
04-11 02:52:21.188 25181 25199 I native-activity: Animating
04-11 02:52:21.188 25181 25199 I native-activity: Frame 195 GL error is 0x0
04-11 02:52:21.188 25181 25199 I native-activity: Frame 195 time is 0.187ms
04-11 02:52:21.188 25181 25199 I native-activity: Doing egl_swapbuffers_sync 1
04-11 02:52:21.188 25181 25199 D native-activity: Reading pixels format 0x1908 type 0x1401 bpp 4
04-11 02:52:21.203 25181 25199 I native-activity: Read pixels, GL error is 0x0
04-11 02:52:21.203 25181 25199 I native-activity: Swap 195 time is 15.126ms
04-11 02:52:21.203 25181 25199 I native-activity: Animating
04-11 02:52:21.204 25181 25199 I native-activity: Frame 196 GL error is 0x0
04-11 02:52:21.204 25181 25199 I native-activity: Frame 196 time is 0.200ms
04-11 02:52:21.204 25181 25199 I native-activity: Doing egl_swapbuffers_sync 1
04-11 02:52:21.204 25181 25199 D native-activity: Reading pixels format 0x1908 type 0x1401 bpp 4
04-11 02:52:21.218 25181 25199 I native-activity: Read pixels, GL error is 0x0
04-11 02:52:21.218 25181 25199 I native-activity: Swap 196 time is 14.986ms
04-11 02:52:21.219 25181 25199 I native-activity: Animating
04-11 02:52:21.219 25181 25199 I native-activity: Frame 197 GL error is 0x0
04-11 02:52:21.219 25181 25199 I native-activity: Frame 197 time is 0.169ms
04-11 02:52:21.219 25181 25199 I native-activity: Doing egl_swapbuffers_sync 1
04-11 02:52:21.219 25181 25199 D native-activity: Reading pixels format 0x1908 type 0x1401 bpp 4
04-11 02:52:21.232 25181 25199 I native-activity: Read pixels, GL error is 0x0
04-11 02:52:21.232 25181 25199 I native-activity: Swap 197 time is 13.892ms
04-11 02:52:21.232 25181 25199 I native-activity: Animating
04-11 02:52:21.233 25181 25199 I native-activity: Frame 198 GL error is 0x0
04-11 02:52:21.233 25181 25199 I native-activity: Frame 198 time is 0.225ms
04-11 02:52:21.233 25181 25199 I native-activity: Doing egl_swapbuffers_sync 1
04-11 02:52:21.233 25181 25199 D native-activity: Reading pixels format 0x1908 type 0x1401 bpp 4
04-11 02:52:21.247 25181 25199 I native-activity: Read pixels, GL error is 0x0
04-11 02:52:21.247 25181 25199 I native-activity: Swap 198 time is 14.154ms
04-11 02:52:21.247 25181 25199 I native-activity: Animating
04-11 02:52:21.247 25181 25199 I native-activity: Frame 199 GL error is 0x0
04-11 02:52:21.247 25181 25199 I native-activity: Frame 199 time is 0.180ms
04-11 02:52:21.247 25181 25199 I native-activity: Doing egl_swapbuffers_sync 1
04-11 02:52:21.247 25181 25199 D native-activity: Reading pixels format 0x1908 type 0x1401 bpp 4
04-11 02:52:21.260 25181 25199 I native-activity: Read pixels, GL error is 0x0
04-11 02:52:21.260 25181 25199 I native-activity: Swap 199 time is 13.593ms
04-11 02:52:21.260 25181 25199 I native-activity: Animating
04-11 02:52:21.261 25181 25199 I native-activity: Frame 200 GL error is 0x0
04-11 02:52:21.261 25181 25199 I native-activity: Frame 200 time is 0.172ms
04-11 02:52:21.261 25181 25199 I native-activity: Doing egl_swapbuffers_sync 1
04-11 02:52:21.261 25181 25199 D native-activity: Reading pixels format 0x1908 type 0x1401 bpp 4
04-11 02:52:21.274 25181 25199 I native-activity: Read pixels, GL error is 0x0
04-11 02:52:21.274 25181 25199 I native-activity: Swap 200 time is 13.148ms
04-11 02:52:21.274 25181 25199 I native-activity: Animating
04-11 02:52:21.274 25181 25199 I native-activity: Frame 201 GL error is 0x0
04-11 02:52:21.274 25181 25199 I native-activity: Frame 201 time is 0.180ms
04-11 02:52:21.274 25181 25199 I native-activity: Doing egl_swapbuffers_sync 1
04-11 02:52:21.274 25181 25199 D native-activity: Reading pixels format 0x1908 type 0x1401 bpp 4
04-11 02:52:21.286 25181 25199 I native-activity: Read pixels, GL error is 0x0
04-11 02:52:21.287 25181 25199 I native-activity: Swap 201 time is 12.862ms
04-11 02:52:21.287 25181 25199 I native-activity: Animating
04-11 02:52:21.287 25181 25199 I native-activity: Frame 202 GL error is 0x0
04-11 02:52:21.287 25181 25199 I native-activity: Frame 202 time is 0.148ms
04-11 02:52:21.287 25181 25199 I native-activity: Doing egl_swapbuffers_sync 1
04-11 02:52:21.287 25181 25199 D native-activity: Reading pixels format 0x1908 type 0x1401 bpp 4
04-11 02:52:21.299 25181 25199 I native-activity: Read pixels, GL error is 0x0
04-11 02:52:21.299 25181 25199 I native-activity: Swap 202 time is 12.599ms
04-11 02:52:21.299 25181 25199 I native-activity: Animating
04-11 02:52:21.299 25181 25199 I native-activity: Frame 203 GL error is 0x0
04-11 02:52:21.299 25181 25199 I native-activity: Frame 203 time is 0.132ms
04-11 02:52:21.299 25181 25199 I native-activity: Doing egl_swapbuffers_sync 1
04-11 02:52:21.299 25181 25199 D native-activity: Reading pixels format 0x1908 type 0x1401 bpp 4
04-11 02:52:21.305   958  1718 D WifiService: acquireWifiLockLocked: WifiLock{com.amazon.dcp.framework.iuc.ConnectionEstablisherWithConnectivityEnforcement type=1 binder=android.os.BinderProxy@188bcb89}
04-11 02:52:21.313 25181 25199 I native-activity: Read pixels, GL error is 0x0
04-11 02:52:21.313 25181 25199 I native-activity: Swap 203 time is 13.443ms
04-11 02:52:21.313 25181 25199 I native-activity: Animating
04-11 02:52:21.313 25181 25199 I native-activity: Frame 204 GL error is 0x0
04-11 02:52:21.313 25181 25199 I native-activity: Frame 204 time is 0.216ms
04-11 02:52:21.313 25181 25199 I native-activity: Doing egl_swapbuffers_sync 1
04-11 02:52:21.313 25181 25199 D native-activity: Reading pixels format 0x1908 type 0x1401 bpp 4
04-11 02:52:21.321   958  1032 D ActivityManager: single user service: com.amazon.imp
04-11 02:52:21.323   958  1032 D ActivityManager: app = com.amazon.imp, has single user service, setting process record.
04-11 02:52:21.327 25181 25199 I native-activity: Read pixels, GL error is 0x0
04-11 02:52:21.327 25181 25199 I native-activity: Swap 204 time is 14.170ms
04-11 02:52:21.327 25181 25199 I native-activity: Animating
04-11 02:52:21.327 25181 25199 I native-activity: Frame 205 GL error is 0x0
04-11 02:52:21.327 25181 25199 I native-activity: Frame 205 time is 0.188ms
04-11 02:52:21.327 25181 25199 I native-activity: Doing egl_swapbuffers_sync 1
04-11 02:52:21.327 25181 25199 D native-activity: Reading pixels format 0x1908 type 0x1401 bpp 4
04-11 02:52:21.344 25181 25199 I native-activity: Read pixels, GL error is 0x0
04-11 02:52:21.344 25181 25199 I native-activity: Swap 205 time is 16.820ms
04-11 02:52:21.344 25181 25199 I native-activity: Animating
04-11 02:52:21.344 25181 25199 I native-activity: Frame 206 GL error is 0x0
04-11 02:52:21.344 25181 25199 I native-activity: Frame 206 time is 0.263ms
04-11 02:52:21.344 25181 25199 I native-activity: Doing egl_swapbuffers_sync 1
04-11 02:52:21.344 25181 25199 D native-activity: Reading pixels format 0x1908 type 0x1401 bpp 4
04-11 02:52:21.359 25181 25199 I native-activity: Read pixels, GL error is 0x0
04-11 02:52:21.360 25181 25199 I native-activity: Swap 206 time is 15.616ms
04-11 02:52:21.360 25181 25199 I native-activity: Animating
04-11 02:52:21.360 25181 25199 I native-activity: Frame 207 GL error is 0x0
04-11 02:52:21.360 25181 25199 I native-activity: Frame 207 time is 0.178ms
04-11 02:52:21.360 25181 25199 I native-activity: Doing egl_swapbuffers_sync 1
04-11 02:52:21.360 25181 25199 D native-activity: Reading pixels format 0x1908 type 0x1401 bpp 4
04-11 02:52:21.371   958  1695 D ActivityManager: single user service: com.amazon.kindle.cms
04-11 02:52:21.372   958  1695 D ActivityManager: app = com.amazon.kindle.cms, has single user service, setting process record.
04-11 02:52:21.376 25181 25199 I native-activity: Read pixels, GL error is 0x0
04-11 02:52:21.376 25181 25199 I native-activity: Swap 207 time is 16.612ms
04-11 02:52:21.376 25181 25199 I native-activity: Animating
04-11 02:52:21.377 25181 25199 I native-activity: Frame 208 GL error is 0x0
04-11 02:52:21.377 25181 25199 I native-activity: Frame 208 time is 0.496ms
04-11 02:52:21.377 25181 25199 I native-activity: Doing egl_swapbuffers_sync 1
04-11 02:52:21.377 25181 25199 D native-activity: Reading pixels format 0x1908 type 0x1401 bpp 4
04-11 02:52:21.392 25181 25199 I native-activity: Read pixels, GL error is 0x0
04-11 02:52:21.392 25181 25199 I native-activity: Swap 208 time is 15.818ms
04-11 02:52:21.392 25181 25199 I native-activity: Animating
04-11 02:52:21.392 25181 25199 I native-activity: Frame 209 GL error is 0x0
04-11 02:52:21.392 25181 25199 I native-activity: Frame 209 time is 0.198ms
04-11 02:52:21.393 25181 25199 I native-activity: Doing egl_swapbuffers_sync 1
04-11 02:52:21.393 25181 25199 D native-activity: Reading pixels format 0x1908 type 0x1401 bpp 4
04-11 02:52:21.408 25181 25199 I native-activity: Read pixels, GL error is 0x0
04-11 02:52:21.408 25181 25199 I native-activity: Swap 209 time is 15.461ms
04-11 02:52:21.408 25181 25199 I native-activity: Animating
04-11 02:52:21.408 25181 25199 I native-activity: Frame 210 GL error is 0x0
04-11 02:52:21.408 25181 25199 I native-activity: Frame 210 time is 0.208ms
04-11 02:52:21.409 25181 25199 I native-activity: Doing egl_swapbuffers_sync 1
04-11 02:52:21.409 25181 25199 D native-activity: Reading pixels format 0x1908 type 0x1401 bpp 4
04-11 02:52:21.425 25181 25199 I native-activity: Read pixels, GL error is 0x0
04-11 02:52:21.425 25181 25199 I native-activity: Swap 210 time is 17.416ms
04-11 02:52:21.425 25181 25199 I native-activity: Animating
04-11 02:52:21.426 25181 25199 I native-activity: Frame 211 GL error is 0x0
04-11 02:52:21.426 25181 25199 I native-activity: Frame 211 time is 0.249ms
04-11 02:52:21.426 25181 25199 I native-activity: Doing egl_swapbuffers_sync 1
04-11 02:52:21.426 25181 25199 D native-activity: Reading pixels format 0x1908 type 0x1401 bpp 4
04-11 02:52:21.440 25181 25199 I native-activity: Read pixels, GL error is 0x0
04-11 02:52:21.440 25181 25199 I native-activity: Swap 211 time is 14.636ms
04-11 02:52:21.440 25181 25199 I native-activity: Animating
04-11 02:52:21.440 25181 25199 I native-activity: Frame 212 GL error is 0x0
04-11 02:52:21.440 25181 25199 I native-activity: Frame 212 time is 0.184ms
04-11 02:52:21.440 25181 25199 I native-activity: Doing egl_swapbuffers_sync 1
04-11 02:52:21.440 25181 25199 D native-activity: Reading pixels format 0x1908 type 0x1401 bpp 4
04-11 02:52:21.454 25181 25199 I native-activity: Read pixels, GL error is 0x0
04-11 02:52:21.454 25181 25199 I native-activity: Swap 212 time is 13.741ms
04-11 02:52:21.454 25181 25199 I native-activity: Animating
04-11 02:52:21.454 25181 25199 I native-activity: Frame 213 GL error is 0x0
04-11 02:52:21.454 25181 25199 I native-activity: Frame 213 time is 0.183ms
04-11 02:52:21.454 25181 25199 I native-activity: Doing egl_swapbuffers_sync 1
04-11 02:52:21.454 25181 25199 D native-activity: Reading pixels format 0x1908 type 0x1401 bpp 4
04-11 02:52:21.467 25181 25199 I native-activity: Read pixels, GL error is 0x0
04-11 02:52:21.467 25181 25199 I native-activity: Swap 213 time is 12.874ms
04-11 02:52:21.467 25181 25199 I native-activity: Animating
04-11 02:52:21.467 25181 25199 I native-activity: Frame 214 GL error is 0x0
04-11 02:52:21.467 25181 25199 I native-activity: Frame 214 time is 0.172ms
04-11 02:52:21.467 25181 25199 I native-activity: Doing egl_swapbuffers_sync 1
04-11 02:52:21.467 25181 25199 D native-activity: Reading pixels format 0x1908 type 0x1401 bpp 4
04-11 02:52:21.480 25181 25199 I native-activity: Read pixels, GL error is 0x0
04-11 02:52:21.480 25181 25199 I native-activity: Swap 214 time is 12.799ms
04-11 02:52:21.480 25181 25199 I native-activity: Animating
04-11 02:52:21.480 25181 25199 I native-activity: Frame 215 GL error is 0x0
04-11 02:52:21.480 25181 25199 I native-activity: Frame 215 time is 0.171ms
04-11 02:52:21.480 25181 25199 I native-activity: Doing egl_swapbuffers_sync 1
04-11 02:52:21.480 25181 25199 D native-activity: Reading pixels format 0x1908 type 0x1401 bpp 4
04-11 02:52:21.486   958   973 D ActivityManager: single user service: com.amazon.kindle.cms
04-11 02:52:21.487   958   973 D ActivityManager: app = com.amazon.kindle.cms, has single user service, setting process record.
04-11 02:52:21.494 25181 25199 I native-activity: Read pixels, GL error is 0x0
04-11 02:52:21.494 25181 25199 I native-activity: Swap 215 time is 13.756ms
04-11 02:52:21.494 25181 25199 I native-activity: Animating
04-11 02:52:21.494 25181 25199 I native-activity: Frame 216 GL error is 0x0
04-11 02:52:21.494 25181 25199 I native-activity: Frame 216 time is 0.170ms
04-11 02:52:21.494 25181 25199 I native-activity: Doing egl_swapbuffers_sync 1
04-11 02:52:21.494 25181 25199 D native-activity: Reading pixels format 0x1908 type 0x1401 bpp 4
04-11 02:52:21.509 25181 25199 I native-activity: Read pixels, GL error is 0x0
04-11 02:52:21.509 25181 25199 I native-activity: Swap 216 time is 15.282ms
04-11 02:52:21.509 25181 25199 I native-activity: Animating
04-11 02:52:21.509 25181 25199 I native-activity: Frame 217 GL error is 0x0
04-11 02:52:21.509 25181 25199 I native-activity: Frame 217 time is 0.182ms
04-11 02:52:21.509 25181 25199 I native-activity: Doing egl_swapbuffers_sync 1
04-11 02:52:21.509 25181 25199 D native-activity: Reading pixels format 0x1908 type 0x1401 bpp 4
04-11 02:52:21.514   958  1694 D ActivityManager: single user service: com.amazon.kindle.cms
04-11 02:52:21.517   958  1694 D ActivityManager: app = com.amazon.kindle.cms, has single user service, setting process record.
04-11 02:52:21.524 25181 25199 I native-activity: Read pixels, GL error is 0x0
04-11 02:52:21.524 25181 25199 I native-activity: Swap 217 time is 14.525ms
04-11 02:52:21.524 25181 25199 I native-activity: Animating
04-11 02:52:21.524 25181 25199 I native-activity: Frame 218 GL error is 0x0
04-11 02:52:21.524 25181 25199 I native-activity: Frame 218 time is 0.209ms
04-11 02:52:21.524 25181 25199 I native-activity: Doing egl_swapbuffers_sync 1
04-11 02:52:21.524 25181 25199 D native-activity: Reading pixels format 0x1908 type 0x1401 bpp 4
04-11 02:52:21.539 25181 25199 I native-activity: Read pixels, GL error is 0x0
04-11 02:52:21.540 25181 25199 I native-activity: Swap 218 time is 15.740ms
04-11 02:52:21.540 25181 25199 I native-activity: Animating
04-11 02:52:21.541 25181 25199 I native-activity: Frame 219 GL error is 0x0
04-11 02:52:21.541 25181 25199 I native-activity: Frame 219 time is 0.423ms
04-11 02:52:21.541 25181 25199 I native-activity: Doing egl_swapbuffers_sync 1
04-11 02:52:21.541 25181 25199 D native-activity: Reading pixels format 0x1908 type 0x1401 bpp 4
04-11 02:52:21.549   958  2825 W AccountManagerService: insertAccountIntoDatabase: Account {name=default_account, type=com.amazon.firelauncher.account}, skipping since the account already exists
04-11 02:52:21.556 25181 25199 I native-activity: Read pixels, GL error is 0x0
04-11 02:52:21.556 25181 25199 I native-activity: Swap 219 time is 15.292ms
04-11 02:52:21.556 25181 25199 I native-activity: Animating
04-11 02:52:21.560   958  1032 W AccountManagerService: insertAccountIntoDatabase: Account {name=default_account, type=com.amazon.firelauncher.account}, skipping since the account already exists
04-11 02:52:21.563 25181 25199 I native-activity: Frame 220 GL error is 0x0
04-11 02:52:21.563 25181 25199 I native-activity: Frame 220 time is 6.987ms
04-11 02:52:21.563 25181 25199 I native-activity: Doing egl_swapbuffers_sync 1
04-11 02:52:21.563 25181 25199 D native-activity: Reading pixels format 0x1908 type 0x1401 bpp 4
04-11 02:52:21.564   958  1720 W AccountManagerService: insertAccountIntoDatabase: Account {name=default_account, type=com.amazon.firelauncher.account}, skipping since the account already exists
04-11 02:52:21.580 25181 25199 I native-activity: Read pixels, GL error is 0x0
04-11 02:52:21.580 25181 25199 I native-activity: Swap 220 time is 23.990ms
04-11 02:52:21.580 25181 25199 I native-activity: Animating
04-11 02:52:21.581 25181 25199 I native-activity: Frame 221 GL error is 0x0
04-11 02:52:21.581 25181 25199 I native-activity: Frame 221 time is 0.508ms
04-11 02:52:21.581 25181 25199 I native-activity: Doing egl_swapbuffers_sync 1
04-11 02:52:21.581 25181 25199 D native-activity: Reading pixels format 0x1908 type 0x1401 bpp 4
04-11 02:52:21.566    93    93 I Kernel  : [310381.185608] (2)[93:irq/258-inv_irq]inv_mpu_iio: inv_read_fifo: Received Sensor Interrupt to read FIFO and Fifo_count is 6
04-11 02:52:21.595 25181 25199 I native-activity: Read pixels, GL error is 0x0
04-11 02:52:21.595 25181 25199 I native-activity: Swap 221 time is 15.325ms
04-11 02:52:21.596 25181 25199 I native-activity: Animating
04-11 02:52:21.596 25181 25199 I native-activity: Frame 222 GL error is 0x0
04-11 02:52:21.596 25181 25199 I native-activity: Frame 222 time is 0.198ms
04-11 02:52:21.596 25181 25199 I native-activity: Doing egl_swapbuffers_sync 1
04-11 02:52:21.596 25181 25199 D native-activity: Reading pixels format 0x1908 type 0x1401 bpp 4
04-11 02:52:21.598   958  1662 D ActivityManager: single user service: com.amazon.kindle.cms
04-11 02:52:21.600   958  1662 D ActivityManager: app = com.amazon.kindle.cms, has single user service, setting process record.
04-11 02:52:21.602   958  2823 W AccountManagerService: insertAccountIntoDatabase: Account {name=default_account, type=com.amazon.firelauncher.account}, skipping since the account already exists
04-11 02:52:21.611 25181 25199 I native-activity: Read pixels, GL error is 0x0
04-11 02:52:21.611 25181 25199 I native-activity: Swap 222 time is 15.156ms
04-11 02:52:21.611 25181 25199 I native-activity: Animating
04-11 02:52:21.611 25181 25199 I native-activity: Frame 223 GL error is 0x0
04-11 02:52:21.611 25181 25199 I native-activity: Frame 223 time is 0.177ms
04-11 02:52:21.611 25181 25199 I native-activity: Doing egl_swapbuffers_sync 1
04-11 02:52:21.611 25181 25199 D native-activity: Reading pixels format 0x1908 type 0x1401 bpp 4
04-11 02:52:21.624 25181 25199 I native-activity: Read pixels, GL error is 0x0
04-11 02:52:21.624 25181 25199 I native-activity: Swap 223 time is 13.315ms
04-11 02:52:21.624 25181 25199 I native-activity: Animating
04-11 02:52:21.625 25181 25199 I native-activity: Frame 224 GL error is 0x0
04-11 02:52:21.625 25181 25199 I native-activity: Frame 224 time is 0.517ms
04-11 02:52:21.625 25181 25199 I native-activity: Doing egl_swapbuffers_sync 1
04-11 02:52:21.625 25181 25199 D native-activity: Reading pixels format 0x1908 type 0x1401 bpp 4
04-11 02:52:21.638 25181 25199 I native-activity: Read pixels, GL error is 0x0
04-11 02:52:21.639 25181 25199 I native-activity: Swap 224 time is 14.339ms
04-11 02:52:21.639 25181 25199 I native-activity: Animating
04-11 02:52:21.642   958  1718 W AccountManagerService: insertAccountIntoDatabase: Account {name=default_account, type=com.amazon.firelauncher.account}, skipping since the account already exists
04-11 02:52:21.645   958  1032 W AccountManagerService: insertAccountIntoDatabase: Account {name=default_account, type=com.amazon.firelauncher.account}, skipping since the account already exists
04-11 02:52:21.650   958  2822 W AccountManagerService: insertAccountIntoDatabase: Account {name=default_account, type=com.amazon.firelauncher.account}, skipping since the account already exists
04-11 02:52:21.664   958  1660 W AccountManagerService: insertAccountIntoDatabase: Account {name=default_account, type=com.amazon.firelauncher.account}, skipping since the account already exists
04-11 02:52:21.686   958  2823 W AccountManagerService: insertAccountIntoDatabase: Account {name=default_account, type=com.amazon.firelauncher.account}, skipping since the account already exists
04-11 02:52:21.691   958  1032 W AccountManagerService: insertAccountIntoDatabase: Account {name=default_account, type=com.amazon.firelauncher.account}, skipping since the account already exists
04-11 02:52:21.766   958  2829 W AccountManagerService: insertAccountIntoDatabase: Account {name=default_account, type=com.amazon.firelauncher.account}, skipping since the account already exists
04-11 02:52:21.769   958   974 W AccountManagerService: insertAccountIntoDatabase: Account {name=default_account, type=com.amazon.firelauncher.account}, skipping since the account already exists
04-11 02:52:21.773   958  2830 W AccountManagerService: insertAccountIntoDatabase: Account {name=default_account, type=com.amazon.firelauncher.account}, skipping since the account already exists
04-11 02:52:21.776   958   973 W AccountManagerService: insertAccountIntoDatabase: Account {name=default_account, type=com.amazon.firelauncher.account}, skipping since the account already exists
04-11 02:52:21.784   958  1695 W AccountManagerService: insertAccountIntoDatabase: Account {name=default_account, type=com.amazon.firelauncher.account}, skipping since the account already exists
04-11 02:52:21.800   958  1235 W AccountManagerService: insertAccountIntoDatabase: Account {name=default_account, type=com.amazon.firelauncher.account}, skipping since the account already exists
04-11 02:52:21.814   958  2829 W AccountManagerService: insertAccountIntoDatabase: Account {name=default_account, type=com.amazon.firelauncher.account}, skipping since the account already exists
04-11 02:52:21.834   958  2823 W AccountManagerService: insertAccountIntoDatabase: Account {name=default_account, type=com.amazon.firelauncher.account}, skipping since the account already exists
04-11 02:52:21.846   958 13639 W AccountManagerService: insertAccountIntoDatabase: Account {name=default_account, type=com.amazon.firelauncher.account}, skipping since the account already exists
04-11 02:52:21.858   958  3891 W AccountManagerService: insertAccountIntoDatabase: Account {name=default_account, type=com.amazon.firelauncher.account}, skipping since the account already exists
04-11 02:52:21.862   958  2815 D WifiService: releaseWifiLockLocked: WifiLock{com.amazon.dcp.framework.iuc.ConnectionEstablisherWithConnectivityEnforcement type=1 binder=android.os.BinderProxy@188bcb89}
04-11 02:52:21.889   958  1585 W AccountManagerService: insertAccountIntoDatabase: Account {name=default_account, type=com.amazon.firelauncher.account}, skipping since the account already exists
04-11 02:52:21.905   958  1660 W AccountManagerService: insertAccountIntoDatabase: Account {name=default_account, type=com.amazon.firelauncher.account}, skipping since the account already exists
04-11 02:52:22.071 25181 25199 I native-activity: Frame 225 GL error is 0x501
04-11 02:52:22.071 25181 25199 I native-activity: Frame 225 time is 432.379ms
04-11 02:52:22.071 25181 25199 I native-activity: Doing egl_swapbuffers_sync 1
04-11 02:52:22.071 25181 25199 D native-activity: Reading pixels format 0x1908 type 0x1401 bpp 4
04-11 02:52:22.097 25181 25199 I native-activity: Read pixels, GL error is 0x0
04-11 02:52:22.097 25181 25199 I native-activity: Swap 225 time is 458.052ms
04-11 02:52:22.097 25181 25199 I native-activity: Animating
04-11 02:52:22.098 25181 25199 I native-activity: Frame 226 GL error is 0x0
04-11 02:52:22.098 25181 25199 I native-activity: Frame 226 time is 1.245ms
04-11 02:52:22.098 25181 25199 I native-activity: Doing egl_swapbuffers_sync 1
04-11 02:52:22.098 25181 25199 D native-activity: Reading pixels format 0x1908 type 0x1401 bpp 4
04-11 02:52:22.113 25181 25199 I native-activity: Read pixels, GL error is 0x0
04-11 02:52:22.113 25181 25199 I native-activity: Swap 226 time is 16.040ms
04-11 02:52:22.096    93    93 I Kernel  : [310381.714135] (3)[93:irq/258-inv_irq]inv_mpu_iio: inv_push_8bytes_buffer: Received Accel Sensor Data at Driver Layer -480, 1784, -16432
04-11 02:52:22.113 25181 25199 I native-activity: Animating
04-11 02:52:22.121 25181 25199 I native-activity: Frame 227 GL error is 0x0
04-11 02:52:22.121 25181 25199 I native-activity: Frame 227 time is 7.715ms
04-11 02:52:22.121 25181 25199 I native-activity: Doing egl_swapbuffers_sync 1
04-11 02:52:22.121 25181 25199 D native-activity: Reading pixels format 0x1908 type 0x1401 bpp 4
04-11 02:52:22.125   958  1713 D WifiService: acquireWifiLockLocked: WifiLock{com.amazon.dcp.framework.iuc.ConnectionEstablisherWithConnectivityEnforcement type=1 binder=android.os.BinderProxy@1720bcf0}
04-11 02:52:22.136   958  1032 D ActivityManager: single user service: com.amazon.imp
04-11 02:52:22.138   958  1032 D ActivityManager: app = com.amazon.imp, has single user service, setting process record.
04-11 02:52:22.148 25181 25199 I native-activity: Read pixels, GL error is 0x0
04-11 02:52:22.148 25181 25199 I native-activity: Swap 227 time is 34.945ms
04-11 02:52:22.148 25181 25199 I native-activity: Animating
04-11 02:52:22.149 25181 25199 I native-activity: Frame 228 GL error is 0x0
04-11 02:52:22.149 25181 25199 I native-activity: Frame 228 time is 1.127ms
04-11 02:52:22.149 25181 25199 I native-activity: Doing egl_swapbuffers_sync 1
04-11 02:52:22.149 25181 25199 D native-activity: Reading pixels format 0x1908 type 0x1401 bpp 4
04-11 02:52:22.172 25181 25199 I native-activity: Read pixels, GL error is 0x0
04-11 02:52:22.172 25181 25199 I native-activity: Swap 228 time is 23.669ms
04-11 02:52:22.172 25181 25199 I native-activity: Animating
04-11 02:52:22.173 25181 25199 I native-activity: Frame 229 GL error is 0x0
04-11 02:52:22.173 25181 25199 I native-activity: Frame 229 time is 1.107ms
04-11 02:52:22.173 25181 25199 I native-activity: Doing egl_swapbuffers_sync 1
04-11 02:52:22.173 25181 25199 D native-activity: Reading pixels format 0x1908 type 0x1401 bpp 4
04-11 02:52:22.195 25181 25199 I native-activity: Read pixels, GL error is 0x0
04-11 02:52:22.195 25181 25199 I native-activity: Swap 229 time is 23.532ms
04-11 02:52:22.195 25181 25199 I native-activity: Animating
04-11 02:52:22.196 25181 25199 I native-activity: Frame 230 GL error is 0x0
04-11 02:52:22.196 25181 25199 I native-activity: Frame 230 time is 1.045ms
04-11 02:52:22.196 25181 25199 I native-activity: Doing egl_swapbuffers_sync 1
04-11 02:52:22.197 25181 25199 D native-activity: Reading pixels format 0x1908 type 0x1401 bpp 4
04-11 02:52:22.221 25181 25199 I native-activity: Read pixels, GL error is 0x0
04-11 02:52:22.221 25181 25199 I native-activity: Swap 230 time is 25.834ms
04-11 02:52:22.221 25181 25199 I native-activity: Animating
04-11 02:52:22.225 25181 25199 I native-activity: Frame 231 GL error is 0x0
04-11 02:52:22.225 25181 25199 I native-activity: Frame 231 time is 3.293ms
04-11 02:52:22.225 25181 25199 I native-activity: Doing egl_swapbuffers_sync 1
04-11 02:52:22.225 25181 25199 D native-activity: Reading pixels format 0x1908 type 0x1401 bpp 4
04-11 02:52:22.250 25181 25199 I native-activity: Read pixels, GL error is 0x0
04-11 02:52:22.250 25181 25199 I native-activity: Swap 231 time is 28.437ms
04-11 02:52:22.250 25181 25199 I native-activity: Animating
04-11 02:52:22.406    93    93 I Kernel  : [310382.017045] (3)[93:irq/258-inv_irq]inv_mpu_iio: inv_read_fifo: Received Sensor Interrupt to read FIFO and Fifo_count is 6
04-11 02:52:22.468 25181 25199 I native-activity: Frame 232 GL error is 0x501
04-11 02:52:22.468 25181 25199 I native-activity: Frame 232 time is 218.019ms
04-11 02:52:22.468 25181 25199 I native-activity: Doing egl_swapbuffers_sync 1
04-11 02:52:22.468 25181 25199 D native-activity: Reading pixels format 0x1908 type 0x1401 bpp 4
04-11 02:52:22.485 25181 25199 I native-activity: Read pixels, GL error is 0x0
04-11 02:52:22.485 25181 25199 I native-activity: Swap 232 time is 235.175ms
04-11 02:52:22.485 25181 25199 I native-activity: Animating
04-11 02:52:22.608   958  1694 D WifiService: releaseWifiLockLocked: WifiLock{com.amazon.dcp.framework.iuc.ConnectionEstablisherWithConnectivityEnforcement type=1 binder=android.os.BinderProxy@1720bcf0}
04-11 02:52:22.684 25181 25199 I native-activity: Frame 233 GL error is 0x501
04-11 02:52:22.685 25181 25199 I native-activity: Frame 233 time is 199.058ms
04-11 02:52:22.685 25181 25199 I native-activity: Doing egl_swapbuffers_sync 1
04-11 02:52:22.685 25181 25199 D native-activity: Reading pixels format 0x1908 type 0x1401 bpp 4
04-11 02:52:22.702 25181 25199 I native-activity: Read pixels, GL error is 0x0
04-11 02:52:22.702 25181 25199 I native-activity: Swap 233 time is 216.355ms
04-11 02:52:22.702 25181 25199 I native-activity: Animating
04-11 02:52:22.703 25181 25199 I native-activity: Frame 234 GL error is 0x0
04-11 02:52:22.703 25181 25199 I native-activity: Frame 234 time is 1.280ms
04-11 02:52:22.703 25181 25199 I native-activity: Doing egl_swapbuffers_sync 1
04-11 02:52:22.703 25181 25199 D native-activity: Reading pixels format 0x1908 type 0x1401 bpp 4
04-11 02:52:22.720 25181 25199 I native-activity: Read pixels, GL error is 0x0
04-11 02:52:22.720 25181 25199 I native-activity: Swap 234 time is 18.432ms
04-11 02:52:22.720 25181 25199 I native-activity: Animating
04-11 02:52:22.721 25181 25199 I native-activity: Frame 235 GL error is 0x0
04-11 02:52:22.721 25181 25199 I native-activity: Frame 235 time is 0.797ms
04-11 02:52:22.721 25181 25199 I native-activity: Doing egl_swapbuffers_sync 1
04-11 02:52:22.721 25181 25199 D native-activity: Reading pixels format 0x1908 type 0x1401 bpp 4
04-11 02:52:22.739 25181 25199 I native-activity: Read pixels, GL error is 0x0
04-11 02:52:22.739 25181 25199 I native-activity: Swap 235 time is 18.273ms
04-11 02:52:22.739   958  1024 D ConnectivityService: updateNetworkScore for NetworkAgentInfo [WIFI () - 196] to 60
04-11 02:52:22.739 25181 25199 I native-activity: Animating
04-11 02:52:22.739   958  1024 D ConnectivityService: rematching NetworkAgentInfo [WIFI () - 196]
04-11 02:52:22.739   958  1024 D ConnectivityService: Network NetworkAgentInfo [WIFI () - 196] was already satisfying request 1. No change.
04-11 02:52:22.739   958  1024 D ConnectivityService: notifyType AVAILABLE for NetworkAgentInfo [WIFI () - 196]
04-11 02:52:22.740 25181 25199 I native-activity: Frame 236 GL error is 0x0
04-11 02:52:22.740 25181 25199 I native-activity: Frame 236 time is 0.810ms
04-11 02:52:22.740 25181 25199 I native-activity: Doing egl_swapbuffers_sync 1
04-11 02:52:22.740 25181 25199 D native-activity: Reading pixels format 0x1908 type 0x1401 bpp 4
04-11 02:52:22.758 25181 25199 I native-activity: Read pixels, GL error is 0x0
04-11 02:52:22.758 25181 25199 I native-activity: Swap 236 time is 19.160ms
04-11 02:52:22.758 25181 25199 I native-activity: Animating
04-11 02:52:22.759 25181 25199 I native-activity: Frame 237 GL error is 0x0
04-11 02:52:22.759 25181 25199 I native-activity: Frame 237 time is 0.647ms
04-11 02:52:22.759 25181 25199 I native-activity: Doing egl_swapbuffers_sync 1
04-11 02:52:22.759 25181 25199 D native-activity: Reading pixels format 0x1908 type 0x1401 bpp 4
04-11 02:52:22.776 25181 25199 I native-activity: Read pixels, GL error is 0x0
04-11 02:52:22.776 25181 25199 I native-activity: Swap 237 time is 18.042ms
04-11 02:52:22.776 25181 25199 I native-activity: Animating
04-11 02:52:22.777 25181 25199 I native-activity: Frame 238 GL error is 0x0
04-11 02:52:22.777 25181 25199 I native-activity: Frame 238 time is 0.621ms
04-11 02:52:22.777 25181 25199 I native-activity: Doing egl_swapbuffers_sync 1
04-11 02:52:22.777 25181 25199 D native-activity: Reading pixels format 0x1908 type 0x1401 bpp 4
04-11 02:52:22.794 25181 25199 I native-activity: Read pixels, GL error is 0x0
04-11 02:52:22.794 25181 25199 I native-activity: Swap 238 time is 17.942ms
04-11 02:52:22.794 25181 25199 I native-activity: Animating
04-11 02:52:22.795 25181 25199 I native-activity: Frame 239 GL error is 0x0
04-11 02:52:22.795 25181 25199 I native-activity: Frame 239 time is 0.550ms
04-11 02:52:22.795 25181 25199 I native-activity: Doing egl_swapbuffers_sync 1
04-11 02:52:22.795 25181 25199 D native-activity: Reading pixels format 0x1908 type 0x1401 bpp 4
04-11 02:52:22.812 25181 25199 I native-activity: Read pixels, GL error is 0x0
04-11 02:52:22.812 25181 25199 I native-activity: Swap 239 time is 17.837ms
04-11 02:52:22.812 25181 25199 I native-activity: Animating
04-11 02:52:23.092 25181 25199 I native-activity: Frame 240 GL error is 0x501
04-11 02:52:23.092 25181 25199 I native-activity: Frame 240 time is 280.195ms
04-11 02:52:23.092 25181 25199 I native-activity: Doing egl_swapbuffers_sync 1
04-11 02:52:23.092 25181 25199 D native-activity: Reading pixels format 0x1908 type 0x1401 bpp 4
04-11 02:52:23.112 25181 25199 I native-activity: Read pixels, GL error is 0x0
04-11 02:52:23.112 25181 25199 I native-activity: Swap 240 time is 300.079ms
04-11 02:52:23.113 25181 25199 I native-activity: Animating
04-11 02:52:23.236    93    93 I Kernel  : [310382.848478] (3)[93:irq/258-inv_irq]inv_mpu_iio: inv_read_fifo: Received Sensor Interrupt to read FIFO and Fifo_count is 6
04-11 02:52:23.517 25181 25199 I native-activity: Frame 241 GL error is 0x501
04-11 02:52:23.517 25181 25199 I native-activity: Frame 241 time is 404.511ms
04-11 02:52:23.517 25181 25199 I native-activity: Doing egl_swapbuffers_sync 1
04-11 02:52:23.517 25181 25199 D native-activity: Reading pixels format 0x1908 type 0x1401 bpp 4
04-11 02:52:23.534 25181 25199 I native-activity: Read pixels, GL error is 0x0
04-11 02:52:23.534 25181 25199 I native-activity: Swap 241 time is 421.630ms
04-11 02:52:23.534 25181 25199 I native-activity: Animating
04-11 02:52:23.547 25181 25199 I native-activity: Frame 242 GL error is 0x0
04-11 02:52:23.547 25181 25199 I native-activity: Frame 242 time is 12.995ms
04-11 02:52:23.547 25181 25199 I native-activity: Doing egl_swapbuffers_sync 1
04-11 02:52:23.547 25181 25199 D native-activity: Reading pixels format 0x1908 type 0x1401 bpp 4
04-11 02:52:23.564 25181 25199 I native-activity: Read pixels, GL error is 0x0
04-11 02:52:23.564 25181 25199 I native-activity: Swap 242 time is 30.066ms
04-11 02:52:23.565 25181 25199 I native-activity: Animating
04-11 02:52:23.572 25181 25199 I native-activity: Frame 243 GL error is 0x0
04-11 02:52:23.556   169   169 I Kernel  : [310383.172953] (1)[169:healthd]healthd: battery l=25 v=3650 t=25.0 h=2 st=2 chg=u
04-11 02:52:23.572 25181 25199 I native-activity: Frame 243 time is 7.393ms
04-11 02:52:23.572 25181 25199 I native-activity: Doing egl_swapbuffers_sync 1
04-11 02:52:23.572 25181 25199 D native-activity: Reading pixels format 0x1908 type 0x1401 bpp 4
04-11 02:52:23.590 25181 25199 I native-activity: Read pixels, GL error is 0x0
04-11 02:52:23.590 25181 25199 I native-activity: Swap 243 time is 25.161ms
04-11 02:52:23.590 25181 25199 I native-activity: Animating
04-11 02:52:23.596   958  2823 W BatteryStatsExtension: Unable to open suspend cycle file
04-11 02:52:23.597 25181 25199 I native-activity: Frame 244 GL error is 0x0
04-11 02:52:23.597 25181 25199 I native-activity: Frame 244 time is 6.983ms
04-11 02:52:23.597 25181 25199 I native-activity: Doing egl_swapbuffers_sync 1
04-11 02:52:23.597 25181 25199 D native-activity: Reading pixels format 0x1908 type 0x1401 bpp 4
04-11 02:52:23.612 25181 25199 I native-activity: Read pixels, GL error is 0x0
04-11 02:52:23.612 25181 25199 I native-activity: Swap 244 time is 21.828ms
04-11 02:52:23.612 25181 25199 I native-activity: Animating
04-11 02:52:23.643 25181 25199 I native-activity: Frame 245 GL error is 0x0
04-11 02:52:23.643 25181 25199 I native-activity: Frame 245 time is 30.922ms
04-11 02:52:23.643 25181 25199 I native-activity: Doing egl_swapbuffers_sync 1
04-11 02:52:23.643 25181 25199 D native-activity: Reading pixels format 0x1908 type 0x1401 bpp 4
04-11 02:52:23.660 25181 25199 I native-activity: Read pixels, GL error is 0x0
04-11 02:52:23.660 25181 25199 I native-activity: Swap 245 time is 47.992ms
04-11 02:52:23.660 25181 25199 I native-activity: Animating
04-11 02:52:23.719 25181 25199 I native-activity: Frame 246 GL error is 0x501
04-11 02:52:23.719 25181 25199 I native-activity: Frame 246 time is 59.704ms
04-11 02:52:23.719 25181 25199 I native-activity: Doing egl_swapbuffers_sync 1
04-11 02:52:23.719 25181 25199 D native-activity: Reading pixels format 0x1908 type 0x1401 bpp 4
04-11 02:52:23.737 25181 25199 I native-activity: Read pixels, GL error is 0x0
04-11 02:52:23.737 25181 25199 I native-activity: Swap 246 time is 76.885ms
04-11 02:52:23.737 25181 25199 I native-activity: Animating
04-11 02:52:23.776 25181 25199 I native-activity: Frame 247 GL error is 0x501
04-11 02:52:23.776 25181 25199 I native-activity: Frame 247 time is 38.941ms
04-11 02:52:23.776 25181 25199 I native-activity: Doing egl_swapbuffers_sync 1
04-11 02:52:23.776 25181 25199 D native-activity: Reading pixels format 0x1908 type 0x1401 bpp 4
04-11 02:52:23.794 25181 25199 I native-activity: Read pixels, GL error is 0x0
04-11 02:52:23.794 25181 25199 I native-activity: Swap 247 time is 57.669ms
04-11 02:52:23.794 25181 25199 I native-activity: Animating
04-11 02:52:23.800 25181 25199 I native-activity: Frame 248 GL error is 0x0
04-11 02:52:23.800 25181 25199 I native-activity: Frame 248 time is 5.623ms
04-11 02:52:23.800 25181 25199 I native-activity: Doing egl_swapbuffers_sync 1
04-11 02:52:23.800 25181 25199 D native-activity: Reading pixels format 0x1908 type 0x1401 bpp 4
04-11 02:52:23.821 25181 25199 I native-activity: Read pixels, GL error is 0x0
04-11 02:52:23.821 25181 25199 I native-activity: Swap 248 time is 26.661ms
04-11 02:52:23.821 25181 25199 I native-activity: Animating
04-11 02:52:23.844 25181 25199 I native-activity: Frame 249 GL error is 0x501
04-11 02:52:23.844 25181 25199 I native-activity: Frame 249 time is 22.811ms
04-11 02:52:23.844 25181 25199 I native-activity: Doing egl_swapbuffers_sync 1
04-11 02:52:23.844 25181 25199 D native-activity: Reading pixels format 0x1908 type 0x1401 bpp 4
04-11 02:52:23.865 25181 25199 I native-activity: Read pixels, GL error is 0x0
04-11 02:52:23.865 25181 25199 I native-activity: Swap 249 time is 44.023ms
04-11 02:52:23.865 25181 25199 I native-activity: Animating
04-11 02:52:23.879 25181 25199 I native-activity: Frame 250 GL error is 0x0
04-11 02:52:23.879 25181 25199 I native-activity: Frame 250 time is 13.441ms
04-11 02:52:23.879 25181 25199 I native-activity: Doing egl_swapbuffers_sync 1
04-11 02:52:23.879 25181 25199 D native-activity: Reading pixels format 0x1908 type 0x1401 bpp 4
04-11 02:52:23.899 25181 25199 I native-activity: Read pixels, GL error is 0x0
04-11 02:52:23.899 25181 25199 I native-activity: Swap 250 time is 33.506ms
04-11 02:52:23.899 25181 25199 I native-activity: Animating
04-11 02:52:23.908 25181 25199 I native-activity: Frame 251 GL error is 0x0
04-11 02:52:23.908 25181 25199 I native-activity: Frame 251 time is 8.799ms
04-11 02:52:23.909 25181 25199 I native-activity: Doing egl_swapbuffers_sync 1
04-11 02:52:23.909 25181 25199 D native-activity: Reading pixels format 0x1908 type 0x1401 bpp 4
04-11 02:52:23.929 25181 25199 I native-activity: Read pixels, GL error is 0x0
04-11 02:52:23.929 25181 25199 I native-activity: Swap 251 time is 29.663ms
04-11 02:52:23.929 25181 25199 I native-activity: Animating
04-11 02:52:23.943 25181 25199 I native-activity: Frame 252 GL error is 0x501
04-11 02:52:23.943 25181 25199 I native-activity: Frame 252 time is 13.904ms
04-11 02:52:23.943 25181 25199 I native-activity: Doing egl_swapbuffers_sync 1
04-11 02:52:23.943 25181 25199 D native-activity: Reading pixels format 0x1908 type 0x1401 bpp 4
04-11 02:52:23.964 25181 25199 I native-activity: Read pixels, GL error is 0x0
04-11 02:52:23.964 25181 25199 I native-activity: Swap 252 time is 34.561ms
04-11 02:52:23.964 25181 25199 I native-activity: Animating
04-11 02:52:23.968 25181 25199 I native-activity: Frame 253 GL error is 0x0
04-11 02:52:23.968 25181 25199 I native-activity: Frame 253 time is 4.437ms
04-11 02:52:23.968 25181 25199 I native-activity: Doing egl_swapbuffers_sync 1
04-11 02:52:23.968 25181 25199 D native-activity: Reading pixels format 0x1908 type 0x1401 bpp 4
04-11 02:52:23.989 25181 25199 I native-activity: Read pixels, GL error is 0x0
04-11 02:52:23.989 25181 25199 I native-activity: Swap 253 time is 25.289ms
04-11 02:52:23.989 25181 25199 I native-activity: Animating
04-11 02:52:23.995 25181 25199 I native-activity: Frame 254 GL error is 0x0
04-11 02:52:23.995 25181 25199 I native-activity: Frame 254 time is 5.584ms
04-11 02:52:23.995 25181 25199 I native-activity: Doing egl_swapbuffers_sync 1
04-11 02:52:23.995 25181 25199 D native-activity: Reading pixels format 0x1908 type 0x1401 bpp 4
04-11 02:52:24.016 25181 25199 I native-activity: Read pixels, GL error is 0x0
04-11 02:52:24.016 25181 25199 I native-activity: Swap 254 time is 26.864ms
04-11 02:52:24.016 25181 25199 I native-activity: Animating
04-11 02:52:24.034 25181 25199 I native-activity: Frame 255 GL error is 0x0
04-11 02:52:24.034 25181 25199 I native-activity: Frame 255 time is 17.571ms
04-11 02:52:24.034 25181 25199 I native-activity: Doing egl_swapbuffers_sync 1
04-11 02:52:24.034 25181 25199 D native-activity: Reading pixels format 0x1908 type 0x1401 bpp 4
04-11 02:52:24.053 25181 25199 I native-activity: Read pixels, GL error is 0x0
04-11 02:52:24.053 25181 25199 I native-activity: Swap 255 time is 36.388ms
04-11 02:52:24.053 25181 25199 I native-activity: Animating
04-11 02:52:24.060 25181 25199 I native-activity: Frame 256 GL error is 0x0
04-11 02:52:24.060 25181 25199 I native-activity: Frame 256 time is 6.958ms
04-11 02:52:24.060 25181 25199 I native-activity: Doing egl_swapbuffers_sync 1
04-11 02:52:24.060 25181 25199 D native-activity: Reading pixels format 0x1908 type 0x1401 bpp 4
04-11 02:52:24.066    93    93 I Kernel  : [310383.679877] (3)[93:irq/258-inv_irq]inv_mpu_iio: inv_read_fifo: Received Sensor Interrupt to read FIFO and Fifo_count is 6
04-11 02:52:24.081 25181 25199 I native-activity: Read pixels, GL error is 0x0
04-11 02:52:24.081 25181 25199 I native-activity: Swap 256 time is 27.850ms
04-11 02:52:24.081 25181 25199 I native-activity: Animating
04-11 02:52:24.086 25181 25199 I native-activity: Frame 257 GL error is 0x0
04-11 02:52:24.086 25181 25199 I native-activity: Frame 257 time is 5.471ms
