04-11 02:54:24.868 25925 25949 D native-activity: Reading pixels format 0x1908 type 0x1401 bpp 4
04-11 02:54:24.930 25925 25949 I native-activity: Read pixels, GL error is 0x0
04-11 02:54:24.930 25925 25949 I native-activity: Swap 236 time is 63.566ms
04-11 02:54:24.930 25925 25949 I native-activity: Animating
04-11 02:54:24.932 25925 25949 I native-activity: Frame 237 GL error is 0x0
04-11 02:54:24.936 25925 25949 I native-activity: Frame 237 time is 5.966ms
04-11 02:54:24.936 25925 25949 I native-activity: Doing egl_swapbuffers_sync 1
04-11 02:54:24.936 25925 25949 D native-activity: Reading pixels format 0x1908 type 0x1401 bpp 4
04-11 02:54:24.986 25925 25949 I native-activity: Read pixels, GL error is 0x0
04-11 02:54:24.986 25925 25949 I native-activity: Swap 237 time is 55.758ms
04-11 02:54:24.986 25925 25949 I native-activity: Animating
04-11 02:54:24.986 25925 25949 I native-activity: Frame 238 GL error is 0x0
04-11 02:54:24.986 25925 25949 I native-activity: Frame 238 time is 0.505ms
04-11 02:54:24.986 25925 25949 I native-activity: Doing egl_swapbuffers_sync 1
04-11 02:54:24.986 25925 25949 D native-activity: Reading pixels format 0x1908 type 0x1401 bpp 4
04-11 02:54:25.036 25925 25949 I native-activity: Read pixels, GL error is 0x0
04-11 02:54:25.036 25925 25949 I native-activity: Swap 238 time is 49.923ms
04-11 02:54:25.036 25925 25949 I native-activity: Animating
04-11 02:54:25.037 25925 25949 I native-activity: Frame 239 GL error is 0x0
04-11 02:54:25.038 25925 25949 I native-activity: Frame 239 time is 1.381ms
04-11 02:54:25.038 25925 25949 I native-activity: Doing egl_swapbuffers_sync 1
04-11 02:54:25.038 25925 25949 D native-activity: Reading pixels format 0x1908 type 0x1401 bpp 4
04-11 02:54:25.095 25925 25949 I native-activity: Read pixels, GL error is 0x0
04-11 02:54:25.095 25925 25949 I native-activity: Swap 239 time is 59.272ms
04-11 02:54:25.096 25925 25949 I native-activity: Animating
04-11 02:54:25.096    93    93 I Kernel  : [310504.709483] (2)[93:irq/258-inv_irq]inv_mpu_iio: inv_read_fifo: Received Sensor Interrupt to read FIFO and Fifo_count is 6
04-11 02:54:25.366   169   169 I Kernel  : [310504.984659] (1)[169:healthd]healthd: battery l=23 v=3614 t=26.0 h=2 st=2 chg=u
04-11 02:54:25.426 25925 25949 I native-activity: Frame 240 GL error is 0x501
04-11 02:54:25.426 25925 25949 I native-activity: Frame 240 time is 330.625ms
04-11 02:54:25.426 25925 25949 I native-activity: Doing egl_swapbuffers_sync 1
04-11 02:54:25.426 25925 25949 D native-activity: Reading pixels format 0x1908 type 0x1401 bpp 4
04-11 02:54:25.500 25925 25949 I native-activity: Read pixels, GL error is 0x0
04-11 02:54:25.500 25925 25949 I native-activity: Swap 240 time is 404.744ms
04-11 02:54:25.501 25925 25949 I native-activity: Animating
04-11 02:54:25.926    93    93 I Kernel  : [310505.540254] (2)[93:irq/258-inv_irq]inv_mpu_iio: inv_read_fifo: Received Sensor Interrupt to read FIFO and Fifo_count is 6
04-11 02:54:26.089 25925 25949 I native-activity: Frame 241 GL error is 0x501
04-11 02:54:26.089 25925 25949 I native-activity: Frame 241 time is 587.781ms
04-11 02:54:26.089 25925 25949 I native-activity: Doing egl_swapbuffers_sync 1
04-11 02:54:26.089 25925 25949 D native-activity: Reading pixels format 0x1908 type 0x1401 bpp 4
04-11 02:54:26.161 25925 25949 I native-activity: Read pixels, GL error is 0x0
04-11 02:54:26.162 25925 25949 I native-activity: Swap 241 time is 660.714ms
04-11 02:54:26.162 25925 25949 I native-activity: Animating
04-11 02:54:26.178 25925 25949 I native-activity: Frame 242 GL error is 0x0
04-11 02:54:26.178 25925 25949 I native-activity: Frame 242 time is 15.880ms
04-11 02:54:26.178 25925 25949 I native-activity: Doing egl_swapbuffers_sync 1
04-11 02:54:26.178 25925 25949 D native-activity: Reading pixels format 0x1908 type 0x1401 bpp 4
04-11 02:54:26.241 25925 25949 I native-activity: Read pixels, GL error is 0x0
04-11 02:54:26.241 25925 25949 I native-activity: Swap 242 time is 79.145ms
04-11 02:54:26.241 25925 25949 I native-activity: Animating
04-11 02:54:26.250 25925 25949 I native-activity: Frame 243 GL error is 0x0
04-11 02:54:26.250 25925 25949 I native-activity: Frame 243 time is 8.639ms
04-11 02:54:26.250 25925 25949 I native-activity: Doing egl_swapbuffers_sync 1
04-11 02:54:26.250 25925 25949 D native-activity: Reading pixels format 0x1908 type 0x1401 bpp 4
04-11 02:54:26.308 25925 25949 I native-activity: Read pixels, GL error is 0x0
04-11 02:54:26.308 25925 25949 I native-activity: Swap 243 time is 66.335ms
04-11 02:54:26.308 25925 25949 I native-activity: Animating
04-11 02:54:26.320 25925 25949 I native-activity: Frame 244 GL error is 0x0
04-11 02:54:26.321 25925 25949 I native-activity: Frame 244 time is 11.806ms
04-11 02:54:26.321 25925 25949 I native-activity: Doing egl_swapbuffers_sync 1
04-11 02:54:26.321 25925 25949 D native-activity: Reading pixels format 0x1908 type 0x1401 bpp 4
04-11 02:54:26.380 25925 25949 I native-activity: Read pixels, GL error is 0x0
04-11 02:54:26.380 25925 25949 I native-activity: Swap 244 time is 72.527ms
04-11 02:54:26.381 25925 25949 I native-activity: Animating
04-11 02:54:26.420 25925 25949 I native-activity: Frame 245 GL error is 0x0
04-11 02:54:26.420 25925 25949 I native-activity: Frame 245 time is 39.806ms
04-11 02:54:26.420 25925 25949 I native-activity: Doing egl_swapbuffers_sync 1
04-11 02:54:26.420 25925 25949 D native-activity: Reading pixels format 0x1908 type 0x1401 bpp 4
04-11 02:54:26.479 25925 25949 I native-activity: Read pixels, GL error is 0x0
04-11 02:54:26.479 25925 25949 I native-activity: Swap 245 time is 98.072ms
04-11 02:54:26.479 25925 25949 I native-activity: Animating
04-11 02:54:26.540 25925 25949 I native-activity: Frame 246 GL error is 0x501
04-11 02:54:26.540 25925 25949 I native-activity: Frame 246 time is 61.315ms
04-11 02:54:26.540 25925 25949 I native-activity: Doing egl_swapbuffers_sync 1
04-11 02:54:26.540 25925 25949 D native-activity: Reading pixels format 0x1908 type 0x1401 bpp 4
04-11 02:54:26.624 25925 25949 I native-activity: Read pixels, GL error is 0x0
04-11 02:54:26.624 25925 25949 I native-activity: Swap 246 time is 145.248ms
04-11 02:54:26.624 25925 25949 I native-activity: Animating
04-11 02:54:26.670 25925 25949 I native-activity: Frame 247 GL error is 0x501
04-11 02:54:26.670 25925 25949 I native-activity: Frame 247 time is 45.503ms
04-11 02:54:26.670 25925 25949 I native-activity: Doing egl_swapbuffers_sync 1
04-11 02:54:26.670 25925 25949 D native-activity: Reading pixels format 0x1908 type 0x1401 bpp 4
04-11 02:54:26.750   958  1024 D ConnectivityService: updateNetworkScore for NetworkAgentInfo [WIFI () - 196] to 56
04-11 02:54:26.751   958  1024 D ConnectivityService: rematching NetworkAgentInfo [WIFI () - 196]
04-11 02:54:26.751   958  1024 D ConnectivityService: Network NetworkAgentInfo [WIFI () - 196] was already satisfying request 1. No change.
04-11 02:54:26.751   958  1024 D ConnectivityService: notifyType AVAILABLE for NetworkAgentInfo [WIFI () - 196]
04-11 02:54:26.762 25925 25949 I native-activity: Read pixels, GL error is 0x0
04-11 02:54:26.762 25925 25949 I native-activity: Swap 247 time is 137.699ms
04-11 02:54:26.762 25925 25949 I native-activity: Animating
04-11 02:54:26.756    93    93 I Kernel  : [310506.371114] (3)[93:irq/258-inv_irq]inv_mpu_iio: inv_read_fifo: Received Sensor Interrupt to read FIFO and Fifo_count is 6
04-11 02:54:26.771 25925 25949 I native-activity: Frame 248 GL error is 0x0
04-11 02:54:26.772 25925 25949 I native-activity: Frame 248 time is 9.186ms
04-11 02:54:26.772 25925 25949 I native-activity: Doing egl_swapbuffers_sync 1
04-11 02:54:26.772 25925 25949 D native-activity: Reading pixels format 0x1908 type 0x1401 bpp 4
04-11 02:54:26.772 25873 25984 D ConnectivityManager.CallbackHandler: CM callback handler got msg 524290
04-11 02:54:26.864 25925 25949 I native-activity: Read pixels, GL error is 0x0
04-11 02:54:26.864 25925 25949 I native-activity: Swap 248 time is 101.813ms
04-11 02:54:26.864 25925 25949 I native-activity: Animating
04-11 02:54:26.887 25925 25949 I native-activity: Frame 249 GL error is 0x501
04-11 02:54:26.887 25925 25949 I native-activity: Frame 249 time is 22.674ms
04-11 02:54:26.887 25925 25949 I native-activity: Doing egl_swapbuffers_sync 1
04-11 02:54:26.887 25925 25949 D native-activity: Reading pixels format 0x1908 type 0x1401 bpp 4
04-11 02:54:26.950 25925 25949 I native-activity: Read pixels, GL error is 0x0
04-11 02:54:26.950 25925 25949 I native-activity: Swap 249 time is 85.544ms
04-11 02:54:26.950 25925 25949 I native-activity: Animating
04-11 02:54:26.960 25925 25949 I native-activity: Frame 250 GL error is 0x0
04-11 02:54:26.960 25925 25949 I native-activity: Frame 250 time is 10.472ms
04-11 02:54:26.960 25925 25949 I native-activity: Doing egl_swapbuffers_sync 1
04-11 02:54:26.960 25925 25949 D native-activity: Reading pixels format 0x1908 type 0x1401 bpp 4
04-11 02:54:27.024 25925 25949 I native-activity: Read pixels, GL error is 0x0
04-11 02:54:27.024 25925 25949 I native-activity: Swap 250 time is 73.659ms
04-11 02:54:27.024 25925 25949 I native-activity: Animating
04-11 02:54:27.033 25925 25949 I native-activity: Frame 251 GL error is 0x0
04-11 02:54:27.033 25925 25949 I native-activity: Frame 251 time is 9.277ms
04-11 02:54:27.033 25925 25949 I native-activity: Doing egl_swapbuffers_sync 1
04-11 02:54:27.033 25925 25949 D native-activity: Reading pixels format 0x1908 type 0x1401 bpp 4
04-11 02:54:27.108 25925 25949 I native-activity: Read pixels, GL error is 0x0
04-11 02:54:27.108 25925 25949 I native-activity: Swap 251 time is 83.871ms
04-11 02:54:27.108 25925 25949 I native-activity: Animating
04-11 02:54:27.132 25925 25949 I native-activity: Frame 252 GL error is 0x501
04-11 02:54:27.132 25925 25949 I native-activity: Frame 252 time is 24.564ms
04-11 02:54:27.132 25925 25949 I native-activity: Doing egl_swapbuffers_sync 1
04-11 02:54:27.132 25925 25949 D native-activity: Reading pixels format 0x1908 type 0x1401 bpp 4
04-11 02:54:27.196 25925 25949 I native-activity: Read pixels, GL error is 0x0
04-11 02:54:27.196 25925 25949 I native-activity: Swap 252 time is 88.562ms
04-11 02:54:27.196 25925 25949 I native-activity: Animating
04-11 02:54:27.200 25925 25949 I native-activity: Frame 253 GL error is 0x0
04-11 02:54:27.200 25925 25949 I native-activity: Frame 253 time is 4.006ms
04-11 02:54:27.200 25925 25949 I native-activity: Doing egl_swapbuffers_sync 1
04-11 02:54:27.200 25925 25949 D native-activity: Reading pixels format 0x1908 type 0x1401 bpp 4
04-11 02:54:27.294 25925 25949 I native-activity: Read pixels, GL error is 0x0
04-11 02:54:27.294 25925 25949 I native-activity: Swap 253 time is 97.464ms
04-11 02:54:27.294 25925 25949 I native-activity: Animating
04-11 02:54:27.308 25925 25949 I native-activity: Frame 254 GL error is 0x0
04-11 02:54:27.308 25925 25949 I native-activity: Frame 254 time is 13.689ms
04-11 02:54:27.308 25925 25949 I native-activity: Doing egl_swapbuffers_sync 1
04-11 02:54:27.308 25925 25949 D native-activity: Reading pixels format 0x1908 type 0x1401 bpp 4
04-11 02:54:27.391 25925 25949 I native-activity: Read pixels, GL error is 0x0
04-11 02:54:27.391 25925 25949 I native-activity: Swap 254 time is 96.724ms
04-11 02:54:27.391 25925 25949 I native-activity: Animating
04-11 02:54:27.396 25925 25949 I native-activity: Frame 255 GL error is 0x0
04-11 02:54:27.396 25925 25949 I native-activity: Frame 255 time is 5.487ms
04-11 02:54:27.396 25925 25949 I native-activity: Doing egl_swapbuffers_sync 1
04-11 02:54:27.396 25925 25949 D native-activity: Reading pixels format 0x1908 type 0x1401 bpp 4
04-11 02:54:27.480 25925 25949 I native-activity: Read pixels, GL error is 0x0
04-11 02:54:27.480 25925 25949 I native-activity: Swap 255 time is 89.553ms
04-11 02:54:27.481 25925 25949 I native-activity: Animating
04-11 02:54:27.489 25925 25949 I native-activity: Frame 256 GL error is 0x0
04-11 02:54:27.489 25925 25949 I native-activity: Frame 256 time is 8.296ms
04-11 02:54:27.489 25925 25949 I native-activity: Doing egl_swapbuffers_sync 1
04-11 02:54:27.489 25925 25949 D native-activity: Reading pixels format 0x1908 type 0x1401 bpp 4
04-11 02:54:27.553 25925 25949 I native-activity: Read pixels, GL error is 0x0
04-11 02:54:27.553 25925 25949 I native-activity: Swap 256 time is 72.398ms
04-11 02:54:27.553 25925 25949 I native-activity: Animating
04-11 02:54:27.559 25925 25949 I native-activity: Frame 257 GL error is 0x0
04-11 02:54:27.559 25925 25949 I native-activity: Frame 257 time is 6.074ms
04-11 02:54:27.559 25925 25949 I native-activity: Doing egl_swapbuffers_sync 1
04-11 02:54:27.559 25925 25949 D native-activity: Reading pixels format 0x1908 type 0x1401 bpp 4
04-11 02:54:27.586    93    93 I Kernel  : [310507.202094] (3)[93:irq/258-inv_irq]inv_mpu_iio: inv_read_fifo: Received Sensor Interrupt to read FIFO and Fifo_count is 6
04-11 02:54:27.635 25925 25949 I native-activity: Read pixels, GL error is 0x0
04-11 02:54:27.635 25925 25949 I native-activity: Swap 257 time is 81.938ms
04-11 02:54:27.635 25925 25949 I native-activity: Animating
04-11 02:54:27.649 25925 25949 I native-activity: Frame 258 GL error is 0x0
04-11 02:54:27.649 25925 25949 I native-activity: Frame 258 time is 13.855ms
04-11 02:54:27.649 25925 25949 I native-activity: Doing egl_swapbuffers_sync 1
04-11 02:54:27.649 25925 25949 D native-activity: Reading pixels format 0x1908 type 0x1401 bpp 4
04-11 02:54:27.713 25925 25949 I native-activity: Read pixels, GL error is 0x0
04-11 02:54:27.713 25925 25949 I native-activity: Swap 258 time is 77.901ms
04-11 02:54:27.713 25925 25949 I native-activity: Animating
04-11 02:54:27.718 25925 25949 I native-activity: Context 0x546e6e98 made current on surface 0x5446b7f8, error 0x3000
04-11 02:54:27.718 25925 25949 I native-activity: GL information
04-11 02:54:27.718 25925 25949 I native-activity: 	Renderer: PowerVR Rogue G6200
04-11 02:54:27.718 25925 25949 I native-activity: 	Vendor: Imagination Technologies
04-11 02:54:27.718 25925 25949 I native-activity: 	Version: OpenGL ES 3.1 build 1.4@3573678
04-11 02:54:27.718 25925 25949 I native-activity: 	Shading Language: OpenGL ES GLSL ES 3.10 build 1.4@3573678
04-11 02:54:27.718 25925 25949 I native-activity: 	Extensions: GL_EXT_debug_marker GL_EXT_blend_minmax GL_EXT_color_buffer_float GL_EXT_discard_framebuffer GL_EXT_draw_buffers GL_EXT_multi_draw_arrays GL_EXT_multisampled_render_to_texture GL_EXT_occlusion_query_boolean GL_EXT_read_format_bgra GL_EXT_robustness GL_EXT_separate_shader_objects GL_EXT_shader_framebuffer_fetch GL_EXT_shader_texture_lod GL_EXT_texture_filter_anisotropic GL_EXT_texture_format_BGRA8888 GL_EXT_texture_rg GL_EXT_texture_sRGB_decode GL_IMG_multisampled_render_to_texture GL_IMG_program_binary GL_IMG_read_format GL_IMG_shader_binary GL_IMG_texture_compression_pvrtc GL_IMG_texture_compression_pvrtc2 GL_IMG_texture_format_BGRA8888 GL_IMG_texture_npot GL_KHR_blend_equation_advanced GL_KHR_blend_equation_advanced_coherent GL_KHR_debug GL_OES_compressed_ETC1_RGB8_texture GL_OES_depth24 GL_OES_depth_texture GL_OES_EGL_image GL_OES_EGL_image_external GL_OES_EGL_sync GL_OES_element_index_uint GL_OES_fragment_precision_high GL_OES_get_program_binary GL_OES_mapbuffer GL_OES_packed_depth_stencil G
04-11 02:54:27.718 25925 25949 I native-activity: Context 0x546e6e98 made current on surface 0x5446b7f8, error 0x3000
04-11 02:54:27.718 25925 25949 I native-activity: GL information
04-11 02:54:27.718 25925 25949 I native-activity: 	Renderer: PowerVR Rogue G6200
04-11 02:54:27.718 25925 25949 I native-activity: 	Vendor: Imagination Technologies
04-11 02:54:27.718 25925 25949 I native-activity: 	Version: OpenGL ES 3.1 build 1.4@3573678
04-11 02:54:27.718 25925 25949 I native-activity: 	Shading Language: OpenGL ES GLSL ES 3.10 build 1.4@3573678
04-11 02:54:27.718 25925 25949 I native-activity: 	Extensions: GL_EXT_debug_marker GL_EXT_blend_minmax GL_EXT_color_buffer_float GL_EXT_discard_framebuffer GL_EXT_draw_buffers GL_EXT_multi_draw_arrays GL_EXT_multisampled_render_to_texture GL_EXT_occlusion_query_boolean GL_EXT_read_format_bgra GL_EXT_robustness GL_EXT_separate_shader_objects GL_EXT_shader_framebuffer_fetch GL_EXT_shader_texture_lod GL_EXT_texture_filter_anisotropic GL_EXT_texture_format_BGRA8888 GL_EXT_texture_rg GL_EXT_texture_sRGB_decode GL_IMG_multisampled_render_to_texture GL_IMG_program_binary GL_IMG_read_format GL_IMG_shader_binary GL_IMG_texture_compression_pvrtc GL_IMG_texture_compression_pvrtc2 GL_IMG_texture_format_BGRA8888 GL_IMG_texture_npot GL_KHR_blend_equation_advanced GL_KHR_blend_equation_advanced_coherent GL_KHR_debug GL_OES_compressed_ETC1_RGB8_texture GL_OES_depth24 GL_OES_depth_texture GL_OES_EGL_image GL_OES_EGL_image_external GL_OES_EGL_sync GL_OES_element_index_uint GL_OES_fragment_precision_high GL_OES_get_program_binary GL_OES_mapbuffer GL_OES_packed_depth_stencil G
04-11 02:54:27.718 25925 25949 I native-activity: Frame 259 GL error is 0x501
04-11 02:54:27.718 25925 25949 I native-activity: Frame 259 time is 4.956ms
04-11 02:54:27.718 25925 25949 I native-activity: Doing egl_swapbuffers_sync 1
04-11 02:54:27.718 25925 25949 D native-activity: Reading pixels format 0x1908 type 0x1401 bpp 4
04-11 02:54:27.793 25925 25949 I native-activity: Read pixels, GL error is 0x0
04-11 02:54:27.793 25925 25949 I native-activity: Swap 259 time is 79.687ms
04-11 02:54:27.793 25925 25949 I native-activity: Animating
04-11 02:54:27.807 25925 25949 I native-activity: Frame 260 GL error is 0x500
04-11 02:54:27.807 25925 25949 I native-activity: Frame 260 time is 13.847ms
04-11 02:54:27.807 25925 25949 I native-activity: Doing egl_swapbuffers_sync 1
04-11 02:54:27.807 25925 25949 D native-activity: Reading pixels format 0x1908 type 0x1401 bpp 4
04-11 02:54:27.870 25925 25949 I native-activity: Read pixels, GL error is 0x0
04-11 02:54:27.870 25925 25949 I native-activity: Swap 260 time is 76.475ms
04-11 02:54:27.870 25925 25949 I native-activity: Animating
04-11 02:54:27.877 25925 25949 I native-activity: Frame 261 GL error is 0x0
04-11 02:54:27.877 25925 25949 I native-activity: Frame 261 time is 6.829ms
04-11 02:54:27.877 25925 25949 I native-activity: Doing egl_swapbuffers_sync 1
04-11 02:54:27.877 25925 25949 D native-activity: Reading pixels format 0x1908 type 0x1401 bpp 4
04-11 02:54:27.951 25925 25949 I native-activity: Read pixels, GL error is 0x0
04-11 02:54:27.951 25925 25949 I native-activity: Swap 261 time is 81.192ms
04-11 02:54:27.951 25925 25949 I native-activity: Animating
04-11 02:54:27.966 25925 25949 I native-activity: Frame 262 GL error is 0x0
04-11 02:54:27.966 25925 25949 I native-activity: Frame 262 time is 14.871ms
04-11 02:54:27.966 25925 25949 I native-activity: Doing egl_swapbuffers_sync 1
04-11 02:54:27.966 25925 25949 D native-activity: Reading pixels format 0x1908 type 0x1401 bpp 4
04-11 02:54:28.028 25925 25949 I native-activity: Read pixels, GL error is 0x0
04-11 02:54:28.028 25925 25949 I native-activity: Swap 262 time is 76.408ms
04-11 02:54:28.028 25925 25949 I native-activity: Animating
04-11 02:54:28.036 25925 25949 I native-activity: Frame 263 GL error is 0x0
04-11 02:54:28.036 25925 25949 I native-activity: Frame 263 time is 7.994ms
04-11 02:54:28.036 25925 25949 I native-activity: Doing egl_swapbuffers_sync 1
04-11 02:54:28.036 25925 25949 D native-activity: Reading pixels format 0x1908 type 0x1401 bpp 4
04-11 02:54:28.111 25925 25949 I native-activity: Read pixels, GL error is 0x0
04-11 02:54:28.111 25925 25949 I native-activity: Swap 263 time is 83.370ms
04-11 02:54:28.111 25925 25949 I native-activity: Animating
04-11 02:54:28.128 25925 25949 I native-activity: Frame 264 GL error is 0x0
04-11 02:54:28.128 25925 25949 I native-activity: Frame 264 time is 16.658ms
04-11 02:54:28.128 25925 25949 I native-activity: Doing egl_swapbuffers_sync 1
04-11 02:54:28.128 25925 25949 D native-activity: Reading pixels format 0x1908 type 0x1401 bpp 4
04-11 02:54:28.192 25925 25949 I native-activity: Read pixels, GL error is 0x0
04-11 02:54:28.192 25925 25949 I native-activity: Swap 264 time is 80.352ms
04-11 02:54:28.192 25925 25949 I native-activity: Animating
04-11 02:54:28.196 25925 25949 I native-activity: Frame 265 GL error is 0x0
04-11 02:54:28.196 25925 25949 I native-activity: Frame 265 time is 4.692ms
04-11 02:54:28.196 25925 25949 I native-activity: Doing egl_swapbuffers_sync 1
04-11 02:54:28.196 25925 25949 D native-activity: Reading pixels format 0x1908 type 0x1401 bpp 4
04-11 02:54:28.262 25925 25949 I native-activity: Read pixels, GL error is 0x0
04-11 02:54:28.262 25925 25949 I native-activity: Swap 265 time is 69.961ms
04-11 02:54:28.262 25925 25949 I native-activity: Animating
04-11 02:54:28.269 25925 25949 I native-activity: Frame 266 GL error is 0x0
04-11 02:54:28.269 25925 25949 I native-activity: Frame 266 time is 7.529ms
04-11 02:54:28.269 25925 25949 I native-activity: Doing egl_swapbuffers_sync 1
04-11 02:54:28.269 25925 25949 D native-activity: Reading pixels format 0x1908 type 0x1401 bpp 4
04-11 02:54:28.333 25925 25949 I native-activity: Read pixels, GL error is 0x0
04-11 02:54:28.333 25925 25949 I native-activity: Swap 266 time is 71.381ms
04-11 02:54:28.333 25925 25949 I native-activity: Animating
04-11 02:54:28.339 25925 25949 I native-activity: Frame 267 GL error is 0x0
04-11 02:54:28.339 25925 25949 I native-activity: Frame 267 time is 6.000ms
04-11 02:54:28.339 25925 25949 I native-activity: Doing egl_swapbuffers_sync 1
04-11 02:54:28.339 25925 25949 D native-activity: Reading pixels format 0x1908 type 0x1401 bpp 4
04-11 02:54:28.403 25925 25949 I native-activity: Read pixels, GL error is 0x0
04-11 02:54:28.403 25925 25949 I native-activity: Swap 267 time is 70.080ms
04-11 02:54:28.403 25925 25949 I native-activity: Animating
04-11 02:54:28.419 25925 25949 I native-activity: Frame 268 GL error is 0x0
04-11 02:54:28.419 25925 25949 I native-activity: Frame 268 time is 15.597ms
04-11 02:54:28.419 25925 25949 I native-activity: Doing egl_swapbuffers_sync 1
04-11 02:54:28.419 25925 25949 D native-activity: Reading pixels format 0x1908 type 0x1401 bpp 4
04-11 02:54:28.416    93    93 I Kernel  : [310508.032847] (3)[93:irq/258-inv_irq]inv_mpu_iio: inv_read_fifo: Received Sensor Interrupt to read FIFO and Fifo_count is 6
04-11 02:54:28.484 25925 25949 I native-activity: Read pixels, GL error is 0x0
04-11 02:54:28.484 25925 25949 I native-activity: Swap 268 time is 81.094ms
04-11 02:54:28.485 25925 25949 I native-activity: Animating
04-11 02:54:28.520 25925 25949 I native-activity: Frame 269 GL error is 0x0
04-11 02:54:28.520 25925 25949 I native-activity: Frame 269 time is 35.742ms
04-11 02:54:28.520 25925 25949 I native-activity: Doing egl_swapbuffers_sync 1
04-11 02:54:28.520 25925 25949 D native-activity: Reading pixels format 0x1908 type 0x1401 bpp 4
04-11 02:54:28.585 25925 25949 I native-activity: Read pixels, GL error is 0x0
04-11 02:54:28.585 25925 25949 I native-activity: Swap 269 time is 100.917ms
04-11 02:54:28.586 25925 25949 I native-activity: Animating
04-11 02:54:28.603 25925 25949 I native-activity: Frame 270 GL error is 0x0
04-11 02:54:28.603 25925 25949 I native-activity: Frame 270 time is 17.608ms
04-11 02:54:28.603 25925 25949 I native-activity: Doing egl_swapbuffers_sync 1
04-11 02:54:28.603 25925 25949 D native-activity: Reading pixels format 0x1908 type 0x1401 bpp 4
04-11 02:54:28.674 25925 25949 I native-activity: Read pixels, GL error is 0x0
04-11 02:54:28.674 25925 25949 I native-activity: Swap 270 time is 88.581ms
04-11 02:54:28.674 25925 25949 I native-activity: Animating
04-11 02:54:28.680 25925 25949 I native-activity: Frame 271 GL error is 0x0
04-11 02:54:28.680 25925 25949 I native-activity: Frame 271 time is 5.858ms
04-11 02:54:28.680 25925 25949 I native-activity: Doing egl_swapbuffers_sync 1
04-11 02:54:28.680 25925 25949 D native-activity: Reading pixels format 0x1908 type 0x1401 bpp 4
04-11 02:54:28.744 25925 25949 I native-activity: Read pixels, GL error is 0x0
04-11 02:54:28.744 25925 25949 I native-activity: Swap 271 time is 69.504ms
04-11 02:54:28.744 25925 25949 I native-activity: Animating
04-11 02:54:28.750 25925 25949 I native-activity: Frame 272 GL error is 0x0
04-11 02:54:28.750 25925 25949 I native-activity: Frame 272 time is 5.616ms
04-11 02:54:28.750 25925 25949 I native-activity: Doing egl_swapbuffers_sync 1
04-11 02:54:28.750 25925 25949 D native-activity: Reading pixels format 0x1908 type 0x1401 bpp 4
04-11 02:54:28.825 25925 25949 I native-activity: Read pixels, GL error is 0x0
04-11 02:54:28.825 25925 25949 I native-activity: Swap 272 time is 80.838ms
04-11 02:54:28.825 25925 25949 I native-activity: Animating
04-11 02:54:28.838 25925 25949 I native-activity: Frame 273 GL error is 0x0
04-11 02:54:28.838 25925 25949 I native-activity: Frame 273 time is 13.169ms
04-11 02:54:28.838 25925 25949 I native-activity: Doing egl_swapbuffers_sync 1
04-11 02:54:28.838 25925 25949 D native-activity: Reading pixels format 0x1908 type 0x1401 bpp 4
04-11 02:54:28.903 25925 25949 I native-activity: Read pixels, GL error is 0x0
04-11 02:54:28.903 25925 25949 I native-activity: Swap 273 time is 77.703ms
04-11 02:54:28.903 25925 25949 I native-activity: Animating
04-11 02:54:28.924 25925 25949 I native-activity: Frame 274 GL error is 0x501
04-11 02:54:28.924 25925 25949 I native-activity: Frame 274 time is 20.917ms
04-11 02:54:28.924 25925 25949 I native-activity: Doing egl_swapbuffers_sync 1
04-11 02:54:28.924 25925 25949 D native-activity: Reading pixels format 0x1908 type 0x1401 bpp 4
04-11 02:54:28.988 25925 25949 I native-activity: Read pixels, GL error is 0x0
04-11 02:54:28.988 25925 25949 I native-activity: Swap 274 time is 84.913ms
04-11 02:54:28.988 25925 25949 I native-activity: Animating
04-11 02:54:28.994 25925 25949 I native-activity: Frame 275 GL error is 0x0
04-11 02:54:28.994 25925 25949 I native-activity: Frame 275 time is 6.109ms
04-11 02:54:28.994 25925 25949 I native-activity: Doing egl_swapbuffers_sync 1
04-11 02:54:28.994 25925 25949 D native-activity: Reading pixels format 0x1908 type 0x1401 bpp 4
04-11 02:54:29.059 25925 25949 I native-activity: Read pixels, GL error is 0x0
04-11 02:54:29.059 25925 25949 I native-activity: Swap 275 time is 70.783ms
04-11 02:54:29.059 25925 25949 I native-activity: Animating
04-11 02:54:29.065 25925 25949 I native-activity: Frame 276 GL error is 0x0
04-11 02:54:29.065 25925 25949 I native-activity: Frame 276 time is 6.051ms
04-11 02:54:29.065 25925 25949 I native-activity: Doing egl_swapbuffers_sync 1
04-11 02:54:29.065 25925 25949 D native-activity: Reading pixels format 0x1908 type 0x1401 bpp 4
04-11 02:54:29.140 25925 25949 I native-activity: Read pixels, GL error is 0x0
04-11 02:54:29.140 25925 25949 I native-activity: Swap 276 time is 80.936ms
04-11 02:54:29.140 25925 25949 I native-activity: Animating
04-11 02:54:29.136    93    93 I Kernel  : [310508.752941] (3)[93:irq/258-inv_irq]inv_mpu_iio: inv_push_8bytes_buffer: Received Accel Sensor Data at Driver Layer -492, 1796, -16500
04-11 02:54:29.157 25925 25949 I native-activity: Frame 277 GL error is 0x0
04-11 02:54:29.157 25925 25949 I native-activity: Frame 277 time is 17.432ms
04-11 02:54:29.157 25925 25949 I native-activity: Doing egl_swapbuffers_sync 1
04-11 02:54:29.157 25925 25949 D native-activity: Reading pixels format 0x1908 type 0x1401 bpp 4
04-11 02:54:29.221 25925 25949 I native-activity: Read pixels, GL error is 0x0
04-11 02:54:29.221 25925 25949 I native-activity: Swap 277 time is 81.270ms
04-11 02:54:29.221 25925 25949 I native-activity: Animating
04-11 02:54:29.226 25925 25949 I native-activity: Frame 278 GL error is 0x0
04-11 02:54:29.226 25925 25949 I native-activity: Frame 278 time is 4.803ms
04-11 02:54:29.226 25925 25949 I native-activity: Doing egl_swapbuffers_sync 1
04-11 02:54:29.226 25925 25949 D native-activity: Reading pixels format 0x1908 type 0x1401 bpp 4
04-11 02:54:29.246    93    93 I Kernel  : [310508.863726] (3)[93:irq/258-inv_irq]inv_mpu_iio: inv_read_fifo: Received Sensor Interrupt to read FIFO and Fifo_count is 6
04-11 02:54:29.303 25925 25949 I native-activity: Read pixels, GL error is 0x0
04-11 02:54:29.303 25925 25949 I native-activity: Swap 278 time is 82.140ms
04-11 02:54:29.304 25925 25949 I native-activity: Animating
04-11 02:54:29.318 25925 25949 I native-activity: Frame 279 GL error is 0x0
04-11 02:54:29.318 25925 25949 I native-activity: Frame 279 time is 14.423ms
04-11 02:54:29.318 25925 25949 I native-activity: Doing egl_swapbuffers_sync 1
04-11 02:54:29.318 25925 25949 D native-activity: Reading pixels format 0x1908 type 0x1401 bpp 4
04-11 02:54:29.382 25925 25949 I native-activity: Read pixels, GL error is 0x0
04-11 02:54:29.382 25925 25949 I native-activity: Swap 279 time is 78.283ms
04-11 02:54:29.382 25925 25949 I native-activity: Animating
04-11 02:54:29.387 25925 25949 I native-activity: Frame 280 GL error is 0x0
04-11 02:54:29.387 25925 25949 I native-activity: Frame 280 time is 4.686ms
04-11 02:54:29.387 25925 25949 I native-activity: Doing egl_swapbuffers_sync 1
04-11 02:54:29.387 25925 25949 D native-activity: Reading pixels format 0x1908 type 0x1401 bpp 4
04-11 02:54:29.452 25925 25949 I native-activity: Read pixels, GL error is 0x0
04-11 02:54:29.452 25925 25949 I native-activity: Swap 280 time is 69.873ms
04-11 02:54:29.452 25925 25949 I native-activity: Animating
04-11 02:54:29.459 25925 25949 I native-activity: Frame 281 GL error is 0x0
04-11 02:54:29.459 25925 25949 I native-activity: Frame 281 time is 7.505ms
04-11 02:54:29.459 25925 25949 I native-activity: Doing egl_swapbuffers_sync 1
04-11 02:54:29.459 25925 25949 D native-activity: Reading pixels format 0x1908 type 0x1401 bpp 4
04-11 02:54:29.535 25925 25949 I native-activity: Read pixels, GL error is 0x0
04-11 02:54:29.535 25925 25949 I native-activity: Swap 281 time is 83.190ms
04-11 02:54:29.536 25925 25949 I native-activity: Animating
04-11 02:54:29.541 25925 25949 I native-activity: Frame 282 GL error is 0x0
04-11 02:54:29.541 25925 25949 I native-activity: Frame 282 time is 5.270ms
04-11 02:54:29.541 25925 25949 I native-activity: Doing egl_swapbuffers_sync 1
04-11 02:54:29.541 25925 25949 D native-activity: Reading pixels format 0x1908 type 0x1401 bpp 4
04-11 02:54:29.605 25925 25949 I native-activity: Read pixels, GL error is 0x0
04-11 02:54:29.605 25925 25949 I native-activity: Swap 282 time is 69.259ms
04-11 02:54:29.605 25925 25949 I native-activity: Animating
04-11 02:54:29.610 25925 25949 I native-activity: Frame 283 GL error is 0x0
04-11 02:54:29.610 25925 25949 I native-activity: Frame 283 time is 5.154ms
04-11 02:54:29.610 25925 25949 I native-activity: Doing egl_swapbuffers_sync 1
04-11 02:54:29.610 25925 25949 D native-activity: Reading pixels format 0x1908 type 0x1401 bpp 4
04-11 02:54:29.685 25925 25949 I native-activity: Read pixels, GL error is 0x0
04-11 02:54:29.685 25925 25949 I native-activity: Swap 283 time is 79.922ms
04-11 02:54:29.685 25925 25949 I native-activity: Animating
04-11 02:54:29.697 25925 25949 I native-activity: Frame 284 GL error is 0x0
04-11 02:54:29.697 25925 25949 I native-activity: Frame 284 time is 12.214ms
04-11 02:54:29.697 25925 25949 I native-activity: Doing egl_swapbuffers_sync 1
04-11 02:54:29.697 25925 25949 D native-activity: Reading pixels format 0x1908 type 0x1401 bpp 4
04-11 02:54:29.761 25925 25949 I native-activity: Read pixels, GL error is 0x0
04-11 02:54:29.761 25925 25949 I native-activity: Swap 284 time is 76.022ms
04-11 02:54:29.761 25925 25949 I native-activity: Animating
04-11 02:54:29.766 25925 25949 I native-activity: Frame 285 GL error is 0x0
04-11 02:54:29.766 25925 25949 I native-activity: Frame 285 time is 4.719ms
04-11 02:54:29.766 25925 25949 I native-activity: Doing egl_swapbuffers_sync 1
04-11 02:54:29.766 25925 25949 D native-activity: Reading pixels format 0x1908 type 0x1401 bpp 4
04-11 02:54:29.841 25925 25949 I native-activity: Read pixels, GL error is 0x0
04-11 02:54:29.841 25925 25949 I native-activity: Swap 285 time is 80.141ms
04-11 02:54:29.841 25925 25949 I native-activity: Animating
04-11 02:54:29.856 25925 25949 I native-activity: Frame 286 GL error is 0x0
04-11 02:54:29.856 25925 25949 I native-activity: Frame 286 time is 15.002ms
04-11 02:54:29.856 25925 25949 I native-activity: Doing egl_swapbuffers_sync 1
04-11 02:54:29.856 25925 25949 D native-activity: Reading pixels format 0x1908 type 0x1401 bpp 4
04-11 02:54:29.919 25925 25949 I native-activity: Read pixels, GL error is 0x0
04-11 02:54:29.919 25925 25949 I native-activity: Swap 286 time is 77.266ms
04-11 02:54:29.919 25925 25949 I native-activity: Animating
04-11 02:54:29.924 25925 25949 I native-activity: Frame 287 GL error is 0x0
04-11 02:54:29.924 25925 25949 I native-activity: Frame 287 time is 4.969ms
04-11 02:54:29.924 25925 25949 I native-activity: Doing egl_swapbuffers_sync 1
04-11 02:54:29.924 25925 25949 D native-activity: Reading pixels format 0x1908 type 0x1401 bpp 4
04-11 02:54:30.000 25925 25949 I native-activity: Read pixels, GL error is 0x0
04-11 02:54:30.000 25925 25949 I native-activity: Swap 287 time is 80.751ms
04-11 02:54:30.000 25925 25949 I native-activity: Animating
04-11 02:54:30.016 25925 25949 I native-activity: Frame 288 GL error is 0x0
04-11 02:54:30.016 25925 25949 I native-activity: Frame 288 time is 15.890ms
04-11 02:54:30.016 25925 25949 I native-activity: Doing egl_swapbuffers_sync 1
04-11 02:54:30.016 25925 25949 D native-activity: Reading pixels format 0x1908 type 0x1401 bpp 4
04-11 02:54:30.077 25925 25949 I native-activity: Read pixels, GL error is 0x0
04-11 02:54:30.077 25925 25949 I native-activity: Swap 288 time is 76.828ms
04-11 02:54:30.077 25925 25949 I native-activity: Animating
04-11 02:54:30.082 25925 25949 I native-activity: Frame 289 GL error is 0x0
04-11 02:54:30.082 25925 25949 I native-activity: Frame 289 time is 4.702ms
04-11 02:54:30.082 25925 25949 I native-activity: Doing egl_swapbuffers_sync 1
04-11 02:54:30.082 25925 25949 D native-activity: Reading pixels format 0x1908 type 0x1401 bpp 4
04-11 02:54:30.076    93    93 I Kernel  : [310509.694438] (3)[93:irq/258-inv_irq]inv_mpu_iio: inv_read_fifo: Received Sensor Interrupt to read FIFO and Fifo_count is 6
04-11 02:54:30.157 25925 25949 I native-activity: Read pixels, GL error is 0x0
04-11 02:54:30.157 25925 25949 I native-activity: Swap 289 time is 79.554ms
04-11 02:54:30.157 25925 25949 I native-activity: Animating
04-11 02:54:30.172 25925 25949 I native-activity: Frame 290 GL error is 0x0
04-11 02:54:30.172 25925 25949 I native-activity: Frame 290 time is 15.289ms
04-11 02:54:30.172 25925 25949 I native-activity: Doing egl_swapbuffers_sync 1
04-11 02:54:30.172 25925 25949 D native-activity: Reading pixels format 0x1908 type 0x1401 bpp 4
04-11 02:54:30.233 25925 25949 I native-activity: Read pixels, GL error is 0x0
04-11 02:54:30.233 25925 25949 I native-activity: Swap 290 time is 76.298ms
04-11 02:54:30.233 25925 25949 I native-activity: Animating
04-11 02:54:30.239 25925 25949 I native-activity: Frame 291 GL error is 0x0
04-11 02:54:30.239 25925 25949 I native-activity: Frame 291 time is 5.413ms
04-11 02:54:30.239 25925 25949 I native-activity: Doing egl_swapbuffers_sync 1
04-11 02:54:30.239 25925 25949 D native-activity: Reading pixels format 0x1908 type 0x1401 bpp 4
04-11 02:54:30.333 25925 25949 I native-activity: Read pixels, GL error is 0x0
04-11 02:54:30.333 25925 25949 I native-activity: Swap 291 time is 99.441ms
04-11 02:54:30.333 25925 25949 I native-activity: Animating
04-11 02:54:30.339 25925 25949 I native-activity: Frame 292 GL error is 0x0
04-11 02:54:30.339 25925 25949 I native-activity: Frame 292 time is 6.259ms
04-11 02:54:30.339 25925 25949 I native-activity: Doing egl_swapbuffers_sync 1
04-11 02:54:30.339 25925 25949 D native-activity: Reading pixels format 0x1908 type 0x1401 bpp 4
04-11 02:54:30.422 25925 25949 I native-activity: Read pixels, GL error is 0x0
04-11 02:54:30.422 25925 25949 I native-activity: Swap 292 time is 88.782ms
04-11 02:54:30.422 25925 25949 I native-activity: Animating
04-11 02:54:30.427 25925 25949 I native-activity: Frame 293 GL error is 0x0
04-11 02:54:30.427 25925 25949 I native-activity: Frame 293 time is 5.452ms
04-11 02:54:30.427 25925 25949 I native-activity: Doing egl_swapbuffers_sync 1
04-11 02:54:30.427 25925 25949 D native-activity: Reading pixels format 0x1908 type 0x1401 bpp 4
04-11 02:54:30.511 25925 25949 I native-activity: Read pixels, GL error is 0x0
04-11 02:54:30.511 25925 25949 I native-activity: Swap 293 time is 89.191ms
04-11 02:54:30.511 25925 25949 I native-activity: Animating
04-11 02:54:30.516 25925 25949 I native-activity: Frame 294 GL error is 0x0
04-11 02:54:30.516 25925 25949 I native-activity: Frame 294 time is 4.988ms
04-11 02:54:30.516 25925 25949 I native-activity: Doing egl_swapbuffers_sync 1
04-11 02:54:30.516 25925 25949 D native-activity: Reading pixels format 0x1908 type 0x1401 bpp 4
04-11 02:54:30.596 25925 25949 I native-activity: Read pixels, GL error is 0x0
04-11 02:54:30.596 25925 25949 I native-activity: Swap 294 time is 84.533ms
04-11 02:54:30.596 25925 25949 I native-activity: Animating
04-11 02:54:30.610 25925 25949 I native-activity: Frame 295 GL error is 0x0
04-11 02:54:30.610 25925 25949 I native-activity: Frame 295 time is 14.536ms
04-11 02:54:30.610 25925 25949 I native-activity: Doing egl_swapbuffers_sync 1
04-11 02:54:30.611 25925 25949 D native-activity: Reading pixels format 0x1908 type 0x1401 bpp 4
04-11 02:54:30.681 25925 25949 I native-activity: Read pixels, GL error is 0x0
04-11 02:54:30.681 25925 25949 I native-activity: Swap 295 time is 85.439ms
04-11 02:54:30.682 25925 25949 I native-activity: Animating
04-11 02:54:30.693 25925 25949 I native-activity: Frame 296 GL error is 0x0
04-11 02:54:30.693 25925 25949 I native-activity: Frame 296 time is 11.236ms
04-11 02:54:30.693 25925 25949 I native-activity: Doing egl_swapbuffers_sync 1
04-11 02:54:30.693 25925 25949 D native-activity: Reading pixels format 0x1908 type 0x1401 bpp 4
04-11 02:54:30.756 25925 25949 I native-activity: Read pixels, GL error is 0x0
04-11 02:54:30.756 25925 25949 I native-activity: Swap 296 time is 74.206ms
04-11 02:54:30.756 25925 25949 I native-activity: Animating
04-11 02:54:30.761 25925 25949 I native-activity: Frame 297 GL error is 0x0
04-11 02:54:30.761 25925 25949 I native-activity: Frame 297 time is 4.757ms
04-11 02:54:30.761 25925 25949 I native-activity: Doing egl_swapbuffers_sync 1
04-11 02:54:30.761 25925 25949 D native-activity: Reading pixels format 0x1908 type 0x1401 bpp 4
04-11 02:54:30.836 25925 25949 I native-activity: Read pixels, GL error is 0x0
04-11 02:54:30.836 25925 25949 I native-activity: Swap 297 time is 80.517ms
04-11 02:54:30.837 25925 25949 I native-activity: Animating
04-11 02:54:30.848 25925 25949 I native-activity: Frame 298 GL error is 0x0
04-11 02:54:30.848 25925 25949 I native-activity: Frame 298 time is 11.805ms
04-11 02:54:30.848 25925 25949 I native-activity: Doing egl_swapbuffers_sync 1
04-11 02:54:30.848 25925 25949 D native-activity: Reading pixels format 0x1908 type 0x1401 bpp 4
04-11 02:54:30.919 25925 25949 I native-activity: Read pixels, GL error is 0x0
04-11 02:54:30.919 25925 25949 I native-activity: Swap 298 time is 82.916ms
04-11 02:54:30.920 25925 25949 I native-activity: Animating
04-11 02:54:30.906    93    93 I Kernel  : [310510.525336] (3)[93:irq/258-inv_irq]inv_mpu_iio: inv_read_fifo: Received Sensor Interrupt to read FIFO and Fifo_count is 6
04-11 02:54:30.934 25925 25949 I native-activity: Frame 299 GL error is 0x0
04-11 02:54:30.934 25925 25949 I native-activity: Frame 299 time is 14.432ms
04-11 02:54:30.934 25925 25949 I native-activity: Doing egl_swapbuffers_sync 1
04-11 02:54:30.934 25925 25949 D native-activity: Reading pixels format 0x1908 type 0x1401 bpp 4
04-11 02:54:30.997 25925 25949 I native-activity: Read pixels, GL error is 0x0
04-11 02:54:30.997 25925 25949 I native-activity: Swap 299 time is 77.513ms
04-11 02:54:30.997 25925 25949 I native-activity: Animating
04-11 02:54:31.002 25925 25949 I native-activity: Frame 300 GL error is 0x0
04-11 02:54:31.002 25925 25949 I native-activity: Frame 300 time is 4.293ms
04-11 02:54:31.002 25925 25949 I native-activity: Doing egl_swapbuffers_sync 1
04-11 02:54:31.002 25925 25949 D native-activity: Reading pixels format 0x1908 type 0x1401 bpp 4
04-11 02:54:31.077 25925 25949 I native-activity: Read pixels, GL error is 0x0
04-11 02:54:31.077 25925 25949 I native-activity: Swap 300 time is 80.208ms
04-11 02:54:31.078 25925 25949 I native-activity: Animating
04-11 02:54:31.096 25925 25949 I native-activity: Frame 301 GL error is 0x0
04-11 02:54:31.096 25925 25949 I native-activity: Frame 301 time is 18.194ms
04-11 02:54:31.096 25925 25949 I native-activity: Doing egl_swapbuffers_sync 1
04-11 02:54:31.096 25925 25949 D native-activity: Reading pixels format 0x1908 type 0x1401 bpp 4
04-11 02:54:31.159 25925 25949 I native-activity: Read pixels, GL error is 0x0
04-11 02:54:31.159 25925 25949 I native-activity: Swap 301 time is 81.285ms
04-11 02:54:31.159 25925 25949 I native-activity: Animating
04-11 02:54:31.163 25925 25949 I native-activity: Frame 302 GL error is 0x0
04-11 02:54:31.163 25925 25949 I native-activity: Frame 302 time is 4.138ms
04-11 02:54:31.163 25925 25949 I native-activity: Doing egl_swapbuffers_sync 1
04-11 02:54:31.163 25925 25949 D native-activity: Reading pixels format 0x1908 type 0x1401 bpp 4
04-11 02:54:31.239 25925 25949 I native-activity: Read pixels, GL error is 0x0
04-11 02:54:31.239 25925 25949 I native-activity: Swap 302 time is 79.660ms
04-11 02:54:31.239 25925 25949 I native-activity: Animating
04-11 02:54:31.253 25925 25949 I native-activity: Frame 303 GL error is 0x0
04-11 02:54:31.254 25925 25949 I native-activity: Frame 303 time is 14.598ms
04-11 02:54:31.254 25925 25949 I native-activity: Doing egl_swapbuffers_sync 1
04-11 02:54:31.254 25925 25949 D native-activity: Reading pixels format 0x1908 type 0x1401 bpp 4
04-11 02:54:31.316 25925 25949 I native-activity: Read pixels, GL error is 0x0
04-11 02:54:31.316 25925 25949 I native-activity: Swap 303 time is 77.535ms
04-11 02:54:31.317 25925 25949 I native-activity: Animating
04-11 02:54:31.321 25925 25949 I native-activity: Frame 304 GL error is 0x0
04-11 02:54:31.321 25925 25949 I native-activity: Frame 304 time is 4.173ms
04-11 02:54:31.321 25925 25949 I native-activity: Doing egl_swapbuffers_sync 1
04-11 02:54:31.321 25925 25949 D native-activity: Reading pixels format 0x1908 type 0x1401 bpp 4
04-11 02:54:31.396 25925 25949 I native-activity: Read pixels, GL error is 0x0
04-11 02:54:31.396 25925 25949 I native-activity: Swap 304 time is 79.754ms
04-11 02:54:31.396 25925 25949 I native-activity: Animating
04-11 02:54:31.410 25925 25949 I native-activity: Frame 305 GL error is 0x0
04-11 02:54:31.410 25925 25949 I native-activity: Frame 305 time is 13.510ms
04-11 02:54:31.410 25925 25949 I native-activity: Doing egl_swapbuffers_sync 1
04-11 02:54:31.410 25925 25949 D native-activity: Reading pixels format 0x1908 type 0x1401 bpp 4
04-11 02:54:31.481 25925 25949 I native-activity: Read pixels, GL error is 0x0
04-11 02:54:31.481 25925 25949 I native-activity: Swap 305 time is 84.809ms
04-11 02:54:31.481 25925 25949 I native-activity: Animating
04-11 02:54:31.493 25925 25949 I native-activity: Frame 306 GL error is 0x0
04-11 02:54:31.493 25925 25949 I native-activity: Frame 306 time is 11.477ms
04-11 02:54:31.493 25925 25949 I native-activity: Doing egl_swapbuffers_sync 1
04-11 02:54:31.493 25925 25949 D native-activity: Reading pixels format 0x1908 type 0x1401 bpp 4
04-11 02:54:31.574 25925 25949 I native-activity: Read pixels, GL error is 0x0
04-11 02:54:31.574 25925 25949 I native-activity: Swap 306 time is 92.904ms
04-11 02:54:31.574 25925 25949 I native-activity: Animating
04-11 02:54:31.579 25925 25949 I native-activity: Frame 307 GL error is 0x0
04-11 02:54:31.579 25925 25949 I native-activity: Frame 307 time is 4.605ms
04-11 02:54:31.579 25925 25949 I native-activity: Doing egl_swapbuffers_sync 1
04-11 02:54:31.579 25925 25949 D native-activity: Reading pixels format 0x1908 type 0x1401 bpp 4
04-11 02:54:31.669 25925 25949 I native-activity: Read pixels, GL error is 0x0
04-11 02:54:31.670 25925 25949 I native-activity: Swap 307 time is 95.122ms
04-11 02:54:31.670 25925 25949 I native-activity: Animating
04-11 02:54:31.678 25925 25949 I native-activity: Frame 308 GL error is 0x0
04-11 02:54:31.678 25925 25949 I native-activity: Frame 308 time is 8.202ms
04-11 02:54:31.678 25925 25949 I native-activity: Doing egl_swapbuffers_sync 1
04-11 02:54:31.678 25925 25949 D native-activity: Reading pixels format 0x1908 type 0x1401 bpp 4
04-11 02:54:31.736    93    93 I Kernel  : [310511.356155] (3)[93:irq/258-inv_irq]inv_mpu_iio: inv_read_fifo: Received Sensor Interrupt to read FIFO and Fifo_count is 6
04-11 02:54:31.761 25925 25949 I native-activity: Read pixels, GL error is 0x0
04-11 02:54:31.761 25925 25949 I native-activity: Swap 308 time is 91.518ms
04-11 02:54:31.761 25925 25949 I native-activity: Animating
04-11 02:54:31.769 25925 25949 I native-activity: Frame 309 GL error is 0x0
04-11 02:54:31.769 25925 25949 I native-activity: Frame 309 time is 7.290ms
04-11 02:54:31.769 25925 25949 I native-activity: Doing egl_swapbuffers_sync 1
04-11 02:54:31.769 25925 25949 D native-activity: Reading pixels format 0x1908 type 0x1401 bpp 4
04-11 02:54:31.836 25925 25949 I native-activity: Read pixels, GL error is 0x0
04-11 02:54:31.836 25925 25949 I native-activity: Swap 309 time is 74.568ms
04-11 02:54:31.836 25925 25949 I native-activity: Animating
04-11 02:54:31.844 25925 25949 I native-activity: Frame 310 GL error is 0x0
04-11 02:54:31.844 25925 25949 I native-activity: Frame 310 time is 8.249ms
04-11 02:54:31.844 25925 25949 I native-activity: Doing egl_swapbuffers_sync 1
04-11 02:54:31.844 25925 25949 D native-activity: Reading pixels format 0x1908 type 0x1401 bpp 4
04-11 02:54:31.908 25925 25949 I native-activity: Read pixels, GL error is 0x0
04-11 02:54:31.908 25925 25949 I native-activity: Swap 310 time is 72.077ms
04-11 02:54:31.908 25925 25949 I native-activity: Animating
04-11 02:54:32.047 25925 25949 I native-activity: Frame 311 GL error is 0x501
04-11 02:54:32.048 25925 25949 I native-activity: Frame 311 time is 139.339ms
04-11 02:54:32.048 25925 25949 I native-activity: Doing egl_swapbuffers_sync 1
04-11 02:54:32.048 25925 25949 D native-activity: Reading pixels format 0x1908 type 0x1401 bpp 4
04-11 02:54:32.123 25925 25949 I native-activity: Read pixels, GL error is 0x0
04-11 02:54:32.123 25925 25949 I native-activity: Swap 311 time is 214.750ms
04-11 02:54:32.123 25925 25949 I native-activity: Animating
04-11 02:54:32.134 25925 25949 I native-activity: Frame 312 GL error is 0x0
04-11 02:54:32.134 25925 25949 I native-activity: Frame 312 time is 10.276ms
04-11 02:54:32.134 25925 25949 I native-activity: Doing egl_swapbuffers_sync 1
04-11 02:54:32.134 25925 25949 D native-activity: Reading pixels format 0x1908 type 0x1401 bpp 4
04-11 02:54:32.217 25925 25949 I native-activity: Read pixels, GL error is 0x0
04-11 02:54:32.217 25925 25949 I native-activity: Swap 312 time is 93.157ms
04-11 02:54:32.217 25925 25949 I native-activity: Animating
04-11 02:54:32.223 25925 25949 I native-activity: Frame 313 GL error is 0x0
04-11 02:54:32.223 25925 25949 I native-activity: Frame 313 time is 6.776ms
04-11 02:54:32.223 25925 25949 I native-activity: Doing egl_swapbuffers_sync 1
04-11 02:54:32.223 25925 25949 D native-activity: Reading pixels format 0x1908 type 0x1401 bpp 4
04-11 02:54:32.307 25925 25949 I native-activity: Read pixels, GL error is 0x0
04-11 02:54:32.307 25925 25949 I native-activity: Swap 313 time is 90.537ms
04-11 02:54:32.307 25925 25949 I native-activity: Animating
04-11 02:54:32.313 25925 25949 I native-activity: Frame 314 GL error is 0x0
04-11 02:54:32.313 25925 25949 I native-activity: Frame 314 time is 5.804ms
04-11 02:54:32.313 25925 25949 I native-activity: Doing egl_swapbuffers_sync 1
04-11 02:54:32.313 25925 25949 D native-activity: Reading pixels format 0x1908 type 0x1401 bpp 4
04-11 02:54:32.400 25925 25949 I native-activity: Read pixels, GL error is 0x0
04-11 02:54:32.400 25925 25949 I native-activity: Swap 314 time is 92.507ms
04-11 02:54:32.400 25925 25949 I native-activity: Animating
04-11 02:54:32.433 25925 25949 I native-activity: Frame 315 GL error is 0x501
04-11 02:54:32.433 25925 25949 I native-activity: Frame 315 time is 33.281ms
04-11 02:54:32.433 25925 25949 I native-activity: Doing egl_swapbuffers_sync 1
04-11 02:54:32.433 25925 25949 D native-activity: Reading pixels format 0x1908 type 0x1401 bpp 4
04-11 02:54:32.498 25925 25949 I native-activity: Read pixels, GL error is 0x0
