04-13 01:08:31.530 10339 10357 I native-activity: Frame 333 time is 17.478ms
04-13 01:08:31.530 10339 10357 I native-activity: Swap 333 time is 17.536ms
04-13 01:08:31.530 10339 10357 I native-activity: Animating
04-13 01:08:31.543 10339 10357 I native-activity: Frame 334 GL error is 0x0
04-13 01:08:31.543 10339 10357 I native-activity: Frame 334 time is 13.283ms
04-13 01:08:31.543 10339 10357 I native-activity: Swap 334 time is 13.322ms
04-13 01:08:31.543 10339 10357 I native-activity: Animating
04-13 01:08:31.551   962  5334 D ActivityManager: single user service: com.amazon.kindle.cms
04-13 01:08:31.558   962  5334 D ActivityManager: app = com.amazon.kindle.cms, has single user service, setting process record.
04-13 01:08:31.559 10339 10357 I native-activity: Frame 335 GL error is 0x0
04-13 01:08:31.559 10339 10357 I native-activity: Frame 335 time is 15.755ms
04-13 01:08:31.559 10339 10357 I native-activity: Swap 335 time is 15.835ms
04-13 01:08:31.559 10339 10357 I native-activity: Animating
04-13 01:08:31.572 10339 10357 I native-activity: Frame 336 GL error is 0x0
04-13 01:08:31.572 10339 10357 I native-activity: Frame 336 time is 13.187ms
04-13 01:08:31.572 10339 10357 I native-activity: Swap 336 time is 13.235ms
04-13 01:08:31.572 10339 10357 I native-activity: Animating
04-13 01:08:31.587 10339 10357 I native-activity: Frame 337 GL error is 0x0
04-13 01:08:31.587 10339 10357 I native-activity: Frame 337 time is 14.442ms
04-13 01:08:31.587 10339 10357 I native-activity: Swap 337 time is 14.486ms
04-13 01:08:31.587 10339 10357 I native-activity: Animating
04-13 01:08:31.600 10339 10357 I native-activity: Frame 338 GL error is 0x0
04-13 01:08:31.600 10339 10357 I native-activity: Frame 338 time is 13.316ms
04-13 01:08:31.600 10339 10357 I native-activity: Swap 338 time is 13.360ms
04-13 01:08:31.600 10339 10357 I native-activity: Animating
04-13 01:08:31.616 10339 10357 I native-activity: Frame 339 GL error is 0x0
04-13 01:08:31.616 10339 10357 I native-activity: Frame 339 time is 15.471ms
04-13 01:08:31.616 10339 10357 I native-activity: Swap 339 time is 15.555ms
04-13 01:08:31.616 10339 10357 I native-activity: Animating
04-13 01:08:31.630 10339 10357 I native-activity: Frame 340 GL error is 0x0
04-13 01:08:31.630 10339 10357 I native-activity: Frame 340 time is 13.781ms
04-13 01:08:31.630 10339 10357 I native-activity: Swap 340 time is 13.828ms
04-13 01:08:31.630 10339 10357 I native-activity: Animating
04-13 01:08:31.644 10339 10357 I native-activity: Frame 341 GL error is 0x0
04-13 01:08:31.644 10339 10357 I native-activity: Frame 341 time is 13.815ms
04-13 01:08:31.644 10339 10357 I native-activity: Swap 341 time is 13.859ms
04-13 01:08:31.644 10339 10357 I native-activity: Animating
04-13 01:08:31.658 10339 10357 I native-activity: Frame 342 GL error is 0x0
04-13 01:08:31.658 10339 10357 I native-activity: Frame 342 time is 13.678ms
04-13 01:08:31.658 10339 10357 I native-activity: Swap 342 time is 13.723ms
04-13 01:08:31.658 10339 10357 I native-activity: Animating
04-13 01:08:31.674 10339 10357 I native-activity: Frame 343 GL error is 0x0
04-13 01:08:31.674 10339 10357 I native-activity: Frame 343 time is 16.116ms
04-13 01:08:31.674 10339 10357 I native-activity: Swap 343 time is 16.195ms
04-13 01:08:31.674 10339 10357 I native-activity: Animating
04-13 01:08:31.687 10339 10357 I native-activity: Frame 344 GL error is 0x0
04-13 01:08:31.687 10339 10357 I native-activity: Frame 344 time is 12.778ms
04-13 01:08:31.687 10339 10357 I native-activity: Swap 344 time is 12.820ms
04-13 01:08:31.687 10339 10357 I native-activity: Animating
04-13 01:08:31.700 10339 10357 I native-activity: Frame 345 GL error is 0x0
04-13 01:08:31.700 10339 10357 I native-activity: Frame 345 time is 12.983ms
04-13 01:08:31.700 10339 10357 I native-activity: Swap 345 time is 13.022ms
04-13 01:08:31.700 10339 10357 I native-activity: Animating
04-13 01:08:31.712   962  1723 D ActivityManager: single user service: com.amazon.kindle.cms
04-13 01:08:31.713   962  1723 D ActivityManager: app = com.amazon.kindle.cms, has single user service, setting process record.
04-13 01:08:31.715 10339 10357 I native-activity: Frame 346 GL error is 0x0
04-13 01:08:31.715 10339 10357 I native-activity: Frame 346 time is 14.476ms
04-13 01:08:31.715 10339 10357 I native-activity: Swap 346 time is 14.519ms
04-13 01:08:31.715 10339 10357 I native-activity: Animating
04-13 01:08:31.728 10339 10357 I native-activity: Frame 347 GL error is 0x0
04-13 01:08:31.728 10339 10357 I native-activity: Frame 347 time is 13.494ms
04-13 01:08:31.728 10339 10357 I native-activity: Swap 347 time is 13.542ms
04-13 01:08:31.728 10339 10357 I native-activity: Animating
04-13 01:08:31.742 10339 10357 I native-activity: Frame 348 GL error is 0x0
04-13 01:08:31.742 10339 10357 I native-activity: Frame 348 time is 13.870ms
04-13 01:08:31.742 10339 10357 I native-activity: Swap 348 time is 13.920ms
04-13 01:08:31.742 10339 10357 I native-activity: Animating
04-13 01:08:31.757 10339 10357 I native-activity: Frame 349 GL error is 0x0
04-13 01:08:31.757 10339 10357 I native-activity: Frame 349 time is 15.049ms
04-13 01:08:31.757 10339 10357 I native-activity: Swap 349 time is 15.127ms
04-13 01:08:31.758 10339 10357 I native-activity: Animating
04-13 01:08:31.772 10339 10357 I native-activity: Frame 350 GL error is 0x0
04-13 01:08:31.772 10339 10357 I native-activity: Frame 350 time is 14.481ms
04-13 01:08:31.772 10339 10357 I native-activity: Swap 350 time is 14.572ms
04-13 01:08:31.772 10339 10357 I native-activity: Animating
04-13 01:08:31.776   962  1716 W AccountManagerService: insertAccountIntoDatabase: Account {name=default_account, type=com.amazon.firelauncher.account}, skipping since the account already exists
04-13 01:08:31.780   962   978 W AccountManagerService: insertAccountIntoDatabase: Account {name=default_account, type=com.amazon.firelauncher.account}, skipping since the account already exists
04-13 01:08:31.783   962  5168 W AccountManagerService: insertAccountIntoDatabase: Account {name=default_account, type=com.amazon.firelauncher.account}, skipping since the account already exists
04-13 01:08:31.788 10339 10357 I native-activity: Frame 351 GL error is 0x0
04-13 01:08:31.788 10339 10357 I native-activity: Frame 351 time is 15.802ms
04-13 01:08:31.788 10339 10357 I native-activity: Swap 351 time is 15.885ms
04-13 01:08:31.788 10339 10357 I native-activity: Animating
04-13 01:08:31.800 10339 10357 I native-activity: Frame 352 GL error is 0x0
04-13 01:08:31.800 10339 10357 I native-activity: Frame 352 time is 11.497ms
04-13 01:08:31.800 10339 10357 I native-activity: Swap 352 time is 11.540ms
04-13 01:08:31.800 10339 10357 I native-activity: Animating
04-13 01:08:31.808   962  1245 D WifiService: releaseWifiLockLocked: WifiLock{com.amazon.dcp.framework.iuc.ConnectionEstablisherWithConnectivityEnforcement type=1 binder=android.os.BinderProxy@3278ceb1}
04-13 01:08:31.812   962  5335 W AccountManagerService: insertAccountIntoDatabase: Account {name=default_account, type=com.amazon.firelauncher.account}, skipping since the account already exists
04-13 01:08:31.815 10339 10357 I native-activity: Frame 353 GL error is 0x0
04-13 01:08:31.815 10339 10357 I native-activity: Frame 353 time is 14.953ms
04-13 01:08:31.815 10339 10357 I native-activity: Swap 353 time is 15.000ms
04-13 01:08:31.815 10339 10357 I native-activity: Animating
04-13 01:08:31.830 10339 10357 I native-activity: Frame 354 GL error is 0x0
04-13 01:08:31.830 10339 10357 I native-activity: Frame 354 time is 14.806ms
04-13 01:08:31.830 10339 10357 I native-activity: Swap 354 time is 14.847ms
04-13 01:08:31.830 10339 10357 I native-activity: Animating
04-13 01:08:31.844 10339 10357 I native-activity: Frame 355 GL error is 0x0
04-13 01:08:31.844 10339 10357 I native-activity: Frame 355 time is 14.073ms
04-13 01:08:31.844 10339 10357 I native-activity: Swap 355 time is 14.124ms
04-13 01:08:31.844 10339 10357 I native-activity: Animating
04-13 01:08:31.848   962  1240 W AccountManagerService: insertAccountIntoDatabase: Account {name=default_account, type=com.amazon.firelauncher.account}, skipping since the account already exists
04-13 01:08:31.859 10339 10357 I native-activity: Frame 356 GL error is 0x0
04-13 01:08:31.859 10339 10357 I native-activity: Frame 356 time is 14.962ms
04-13 01:08:31.859 10339 10357 I native-activity: Swap 356 time is 15.010ms
04-13 01:08:31.859 10339 10357 I native-activity: Animating
04-13 01:08:31.857    93    93 I Kernel  : [ 3430.450666] (3)[93:irq/258-inv_irq]inv_mpu_iio: inv_read_fifo: Received Sensor Interrupt to read FIFO and Fifo_count is 6
04-13 01:08:31.868   962  5335 W AccountManagerService: insertAccountIntoDatabase: Account {name=default_account, type=com.amazon.firelauncher.account}, skipping since the account already exists
04-13 01:08:31.874 10339 10357 I native-activity: Frame 357 GL error is 0x0
04-13 01:08:31.874 10339 10357 I native-activity: Frame 357 time is 15.052ms
04-13 01:08:31.874 10339 10357 I native-activity: Swap 357 time is 15.101ms
04-13 01:08:31.874 10339 10357 I native-activity: Animating
04-13 01:08:31.888   962  1240 D ActivityManager: single user service: com.amazon.kindle.cms
04-13 01:08:31.889   962  1011 W AccountManagerService: insertAccountIntoDatabase: Account {name=default_account, type=com.amazon.firelauncher.account}, skipping since the account already exists
04-13 01:08:31.892 10339 10357 I native-activity: Frame 358 GL error is 0x0
04-13 01:08:31.892 10339 10357 I native-activity: Frame 358 time is 17.607ms
04-13 01:08:31.892 10339 10357 I native-activity: Swap 358 time is 17.649ms
04-13 01:08:31.892 10339 10357 I native-activity: Animating
04-13 01:08:31.897   962  1240 D ActivityManager: app = com.amazon.kindle.cms, has single user service, setting process record.
04-13 01:08:31.899   962   978 W AccountManagerService: insertAccountIntoDatabase: Account {name=default_account, type=com.amazon.firelauncher.account}, skipping since the account already exists
04-13 01:08:31.908   962  3494 W AccountManagerService: insertAccountIntoDatabase: Account {name=default_account, type=com.amazon.firelauncher.account}, skipping since the account already exists
04-13 01:08:31.913 10339 10357 I native-activity: Frame 359 GL error is 0x0
04-13 01:08:31.913 10339 10357 I native-activity: Frame 359 time is 21.028ms
04-13 01:08:31.913 10339 10357 I native-activity: Swap 359 time is 21.080ms
04-13 01:08:31.913 10339 10357 I native-activity: Animating
04-13 01:08:31.920 10339 10357 I native-activity: Frame 360 GL error is 0x0
04-13 01:08:31.920 10339 10357 I native-activity: Frame 360 time is 6.570ms
04-13 01:08:31.920 10339 10357 I native-activity: Swap 360 time is 6.618ms
04-13 01:08:31.920 10339 10357 I native-activity: Animating
04-13 01:08:31.934 10339 10357 I native-activity: Frame 361 GL error is 0x0
04-13 01:08:31.934 10339 10357 I native-activity: Frame 361 time is 14.297ms
04-13 01:08:31.934 10339 10357 I native-activity: Swap 361 time is 14.341ms
04-13 01:08:31.934 10339 10357 I native-activity: Animating
04-13 01:08:31.949   962   977 W AccountManagerService: insertAccountIntoDatabase: Account {name=default_account, type=com.amazon.firelauncher.account}, skipping since the account already exists
04-13 01:08:31.950 10339 10357 I native-activity: Frame 362 GL error is 0x0
04-13 01:08:31.950 10339 10357 I native-activity: Frame 362 time is 16.163ms
04-13 01:08:31.951 10339 10357 I native-activity: Swap 362 time is 16.210ms
04-13 01:08:31.951 10339 10357 I native-activity: Animating
04-13 01:08:31.956   962  1940 W AccountManagerService: insertAccountIntoDatabase: Account {name=default_account, type=com.amazon.firelauncher.account}, skipping since the account already exists
04-13 01:08:31.958   962   976 I art     : Background sticky concurrent mark sweep GC freed 29910(1418KB) AllocSpace objects, 7(112KB) LOS objects, 6% free, 18MB/20MB, paused 1.921ms total 101.675ms
04-13 01:08:31.962   962  1726 W AccountManagerService: insertAccountIntoDatabase: Account {name=default_account, type=com.amazon.firelauncher.account}, skipping since the account already exists
04-13 01:08:31.965 10339 10357 I native-activity: Frame 363 GL error is 0x0
04-13 01:08:31.965 10339 10357 I native-activity: Frame 363 time is 14.198ms
04-13 01:08:31.965 10339 10357 I native-activity: Swap 363 time is 14.240ms
04-13 01:08:31.965 10339 10357 I native-activity: Animating
04-13 01:08:31.979 10339 10357 I native-activity: Frame 364 GL error is 0x0
04-13 01:08:31.979 10339 10357 I native-activity: Frame 364 time is 14.200ms
04-13 01:08:31.979 10339 10357 I native-activity: Swap 364 time is 14.243ms
04-13 01:08:31.979 10339 10357 I native-activity: Animating
04-13 01:08:31.984   962  1725 W AccountManagerService: insertAccountIntoDatabase: Account {name=default_account, type=com.amazon.firelauncher.account}, skipping since the account already exists
04-13 01:08:31.994 10339 10357 I native-activity: Frame 365 GL error is 0x0
04-13 01:08:31.994 10339 10357 I native-activity: Frame 365 time is 15.076ms
04-13 01:08:31.994 10339 10357 I native-activity: Swap 365 time is 15.126ms
04-13 01:08:31.994 10339 10357 I native-activity: Animating
04-13 01:08:32.009 10339 10357 I native-activity: Frame 366 GL error is 0x0
04-13 01:08:32.009 10339 10357 I native-activity: Frame 366 time is 14.931ms
04-13 01:08:32.009 10339 10357 I native-activity: Swap 366 time is 14.988ms
04-13 01:08:32.010 10339 10357 I native-activity: Animating
04-13 01:08:32.024 10339 10357 I native-activity: Frame 367 GL error is 0x0
04-13 01:08:32.024 10339 10357 I native-activity: Frame 367 time is 14.723ms
04-13 01:08:32.024 10339 10357 I native-activity: Swap 367 time is 14.770ms
04-13 01:08:32.024 10339 10357 I native-activity: Animating
04-13 01:08:32.034   962  1716 W AccountManagerService: insertAccountIntoDatabase: Account {name=default_account, type=com.amazon.firelauncher.account}, skipping since the account already exists
04-13 01:08:32.041 10339 10357 I native-activity: Frame 368 GL error is 0x0
04-13 01:08:32.041 10339 10357 I native-activity: Frame 368 time is 16.765ms
04-13 01:08:32.041 10339 10357 I native-activity: Swap 368 time is 16.842ms
04-13 01:08:32.041 10339 10357 I native-activity: Animating
04-13 01:08:32.055 10339 10357 I native-activity: Frame 369 GL error is 0x0
04-13 01:08:32.055 10339 10357 I native-activity: Frame 369 time is 13.707ms
04-13 01:08:32.055 10339 10357 I native-activity: Swap 369 time is 13.781ms
04-13 01:08:32.055 10339 10357 I native-activity: Animating
04-13 01:08:32.063   962  5168 W AccountManagerService: insertAccountIntoDatabase: Account {name=default_account, type=com.amazon.firelauncher.account}, skipping since the account already exists
04-13 01:08:32.070 10339 10357 I native-activity: Frame 370 GL error is 0x0
04-13 01:08:32.070 10339 10357 I native-activity: Frame 370 time is 14.742ms
04-13 01:08:32.070 10339 10357 I native-activity: Swap 370 time is 14.849ms
04-13 01:08:32.070 10339 10357 I native-activity: Animating
04-13 01:08:32.072   962  1725 W AccountManagerService: insertAccountIntoDatabase: Account {name=default_account, type=com.amazon.firelauncher.account}, skipping since the account already exists
04-13 01:08:32.077   962   978 W AccountManagerService: insertAccountIntoDatabase: Account {name=default_account, type=com.amazon.firelauncher.account}, skipping since the account already exists
04-13 01:08:32.083 10339 10357 I native-activity: Frame 371 GL error is 0x0
04-13 01:08:32.083 10339 10357 I native-activity: Frame 371 time is 13.000ms
04-13 01:08:32.083 10339 10357 I native-activity: Swap 371 time is 13.050ms
04-13 01:08:32.083 10339 10357 I native-activity: Animating
04-13 01:08:32.099 10339 10357 I native-activity: Frame 372 GL error is 0x0
04-13 01:08:32.099 10339 10357 I native-activity: Frame 372 time is 15.392ms
04-13 01:08:32.099 10339 10357 I native-activity: Swap 372 time is 15.469ms
04-13 01:08:32.099 10339 10357 I native-activity: Animating
04-13 01:08:32.113 10339 10357 I native-activity: Frame 373 GL error is 0x0
04-13 01:08:32.113 10339 10357 I native-activity: Frame 373 time is 14.043ms
04-13 01:08:32.113 10339 10357 I native-activity: Swap 373 time is 14.136ms
04-13 01:08:32.113 10339 10357 I native-activity: Animating
04-13 01:08:32.120   962  1725 W AccountManagerService: insertAccountIntoDatabase: Account {name=default_account, type=com.amazon.firelauncher.account}, skipping since the account already exists
04-13 01:08:32.127 10339 10357 I native-activity: Frame 374 GL error is 0x0
04-13 01:08:32.127 10339 10357 I native-activity: Frame 374 time is 13.787ms
04-13 01:08:32.127 10339 10357 I native-activity: Swap 374 time is 13.870ms
04-13 01:08:32.127 10339 10357 I native-activity: Animating
04-13 01:08:32.139   962   978 W AccountManagerService: insertAccountIntoDatabase: Account {name=default_account, type=com.amazon.firelauncher.account}, skipping since the account already exists
04-13 01:08:32.141 10339 10357 I native-activity: Frame 375 GL error is 0x0
04-13 01:08:32.141 10339 10357 I native-activity: Frame 375 time is 13.407ms
04-13 01:08:32.141 10339 10357 I native-activity: Swap 375 time is 13.448ms
04-13 01:08:32.141 10339 10357 I native-activity: Animating
04-13 01:08:32.154 10339 10357 I native-activity: Frame 376 GL error is 0x0
04-13 01:08:32.154 10339 10357 I native-activity: Frame 376 time is 13.015ms
04-13 01:08:32.154 10339 10357 I native-activity: Swap 376 time is 13.061ms
04-13 01:08:32.154 10339 10357 I native-activity: Animating
04-13 01:08:32.166   962  1716 W AccountManagerService: insertAccountIntoDatabase: Account {name=default_account, type=com.amazon.firelauncher.account}, skipping since the account already exists
04-13 01:08:32.168 10339 10357 I native-activity: Frame 377 GL error is 0x0
04-13 01:08:32.168 10339 10357 I native-activity: Frame 377 time is 14.059ms
04-13 01:08:32.168 10339 10357 I native-activity: Swap 377 time is 14.105ms
04-13 01:08:32.168 10339 10357 I native-activity: Animating
04-13 01:08:32.182 10339 10357 I native-activity: Frame 378 GL error is 0x0
04-13 01:08:32.182 10339 10357 I native-activity: Frame 378 time is 13.803ms
04-13 01:08:32.182 10339 10357 I native-activity: Swap 378 time is 13.842ms
04-13 01:08:32.182 10339 10357 I native-activity: Animating
04-13 01:08:32.187   962  1940 W AccountManagerService: insertAccountIntoDatabase: Account {name=default_account, type=com.amazon.firelauncher.account}, skipping since the account already exists
04-13 01:08:32.196 10339 10357 I native-activity: Frame 379 GL error is 0x0
04-13 01:08:32.196 10339 10357 I native-activity: Frame 379 time is 14.038ms
04-13 01:08:32.196 10339 10357 I native-activity: Swap 379 time is 14.082ms
04-13 01:08:32.196 10339 10357 I native-activity: Animating
04-13 01:08:32.196   962  1245 D WifiService: acquireWifiLockLocked: WifiLock{com.amazon.dcp.framework.iuc.ConnectionEstablisherWithConnectivityEnforcement type=1 binder=android.os.BinderProxy@3a0fac1e}
04-13 01:08:32.208   962  3494 W AccountManagerService: insertAccountIntoDatabase: Account {name=default_account, type=com.amazon.firelauncher.account}, skipping since the account already exists
04-13 01:08:32.210 10339 10357 I native-activity: Frame 380 GL error is 0x0
04-13 01:08:32.210 10339 10357 I native-activity: Frame 380 time is 14.333ms
04-13 01:08:32.210 10339 10357 I native-activity: Swap 380 time is 14.389ms
04-13 01:08:32.210 10339 10357 I native-activity: Animating
04-13 01:08:32.216   962   978 D ActivityManager: single user service: com.amazon.imp
04-13 01:08:32.218   962   978 D ActivityManager: app = com.amazon.imp, has single user service, setting process record.
04-13 01:08:32.225 10339 10357 I native-activity: Frame 381 GL error is 0x0
04-13 01:08:32.225 10339 10357 I native-activity: Frame 381 time is 14.479ms
04-13 01:08:32.225 10339 10357 I native-activity: Swap 381 time is 14.522ms
04-13 01:08:32.225 10339 10357 I native-activity: Animating
04-13 01:08:32.238 10339 10357 I native-activity: Frame 382 GL error is 0x0
04-13 01:08:32.238 10339 10357 I native-activity: Frame 382 time is 13.251ms
04-13 01:08:32.238 10339 10357 I native-activity: Swap 382 time is 13.290ms
04-13 01:08:32.238 10339 10357 I native-activity: Animating
04-13 01:08:32.251 10339 10357 I native-activity: Frame 383 GL error is 0x0
04-13 01:08:32.251 10339 10357 I native-activity: Frame 383 time is 12.845ms
04-13 01:08:32.251 10339 10357 I native-activity: Swap 383 time is 12.888ms
04-13 01:08:32.251 10339 10357 I native-activity: Animating
04-13 01:08:32.265 10339 10357 I native-activity: Frame 384 GL error is 0x0
04-13 01:08:32.265 10339 10357 I native-activity: Frame 384 time is 13.398ms
04-13 01:08:32.265 10339 10357 I native-activity: Swap 384 time is 13.445ms
04-13 01:08:32.265 10339 10357 I native-activity: Animating
04-13 01:08:32.278 10339 10357 I native-activity: Frame 385 GL error is 0x0
04-13 01:08:32.278 10339 10357 I native-activity: Frame 385 time is 13.322ms
04-13 01:08:32.278 10339 10357 I native-activity: Swap 385 time is 13.362ms
04-13 01:08:32.278 10339 10357 I native-activity: Animating
04-13 01:08:32.291 10339 10357 I native-activity: Frame 386 GL error is 0x0
04-13 01:08:32.291 10339 10357 I native-activity: Frame 386 time is 12.463ms
04-13 01:08:32.291 10339 10357 I native-activity: Swap 386 time is 12.505ms
04-13 01:08:32.291 10339 10357 I native-activity: Animating
04-13 01:08:32.303 10339 10357 I native-activity: Frame 387 GL error is 0x0
04-13 01:08:32.303 10339 10357 I native-activity: Frame 387 time is 12.385ms
04-13 01:08:32.303 10339 10357 I native-activity: Swap 387 time is 12.424ms
04-13 01:08:32.303 10339 10357 I native-activity: Animating
04-13 01:08:32.316 10339 10357 I native-activity: Frame 388 GL error is 0x0
04-13 01:08:32.316 10339 10357 I native-activity: Frame 388 time is 12.248ms
04-13 01:08:32.316 10339 10357 I native-activity: Swap 388 time is 12.284ms
04-13 01:08:32.316 10339 10357 I native-activity: Animating
04-13 01:08:32.328 10339 10357 I native-activity: Frame 389 GL error is 0x0
04-13 01:08:32.328 10339 10357 I native-activity: Frame 389 time is 12.448ms
04-13 01:08:32.328 10339 10357 I native-activity: Swap 389 time is 12.482ms
04-13 01:08:32.328 10339 10357 I native-activity: Animating
04-13 01:08:32.341 10339 10357 I native-activity: Frame 390 GL error is 0x0
04-13 01:08:32.341 10339 10357 I native-activity: Frame 390 time is 12.398ms
04-13 01:08:32.341 10339 10357 I native-activity: Swap 390 time is 12.436ms
04-13 01:08:32.341 10339 10357 I native-activity: Animating
04-13 01:08:32.353 10339 10357 I native-activity: Frame 391 GL error is 0x0
04-13 01:08:32.353 10339 10357 I native-activity: Frame 391 time is 12.239ms
04-13 01:08:32.353 10339 10357 I native-activity: Swap 391 time is 12.274ms
04-13 01:08:32.353 10339 10357 I native-activity: Animating
04-13 01:08:32.366 10339 10357 I native-activity: Frame 392 GL error is 0x0
04-13 01:08:32.366 10339 10357 I native-activity: Frame 392 time is 12.594ms
04-13 01:08:32.366 10339 10357 I native-activity: Swap 392 time is 12.629ms
04-13 01:08:32.366 10339 10357 I native-activity: Animating
04-13 01:08:32.378 10339 10357 I native-activity: Frame 393 GL error is 0x0
04-13 01:08:32.378 10339 10357 I native-activity: Frame 393 time is 12.422ms
04-13 01:08:32.378 10339 10357 I native-activity: Swap 393 time is 12.456ms
04-13 01:08:32.378 10339 10357 I native-activity: Animating
04-13 01:08:32.391 10339 10357 I native-activity: Frame 394 GL error is 0x0
04-13 01:08:32.391 10339 10357 I native-activity: Frame 394 time is 12.317ms
04-13 01:08:32.391 10339 10357 I native-activity: Swap 394 time is 12.353ms
04-13 01:08:32.391 10339 10357 I native-activity: Animating
04-13 01:08:32.403 10339 10357 I native-activity: Frame 395 GL error is 0x0
04-13 01:08:32.403 10339 10357 I native-activity: Frame 395 time is 12.359ms
04-13 01:08:32.403 10339 10357 I native-activity: Swap 395 time is 12.399ms
04-13 01:08:32.403 10339 10357 I native-activity: Animating
04-13 01:08:32.416 10339 10357 I native-activity: Frame 396 GL error is 0x0
04-13 01:08:32.416 10339 10357 I native-activity: Frame 396 time is 12.366ms
04-13 01:08:32.416 10339 10357 I native-activity: Swap 396 time is 12.400ms
04-13 01:08:32.416 10339 10357 I native-activity: Animating
04-13 01:08:32.428 10339 10357 I native-activity: Frame 397 GL error is 0x0
04-13 01:08:32.428 10339 10357 I native-activity: Frame 397 time is 12.347ms
04-13 01:08:32.428 10339 10357 I native-activity: Swap 397 time is 12.437ms
04-13 01:08:32.428 10339 10357 I native-activity: Animating
04-13 01:08:32.440 10339 10357 I native-activity: Frame 398 GL error is 0x0
04-13 01:08:32.440 10339 10357 I native-activity: Frame 398 time is 12.307ms
04-13 01:08:32.441 10339 10357 I native-activity: Swap 398 time is 12.345ms
04-13 01:08:32.441 10339 10357 I native-activity: Animating
04-13 01:08:32.453 10339 10357 I native-activity: Frame 399 GL error is 0x0
04-13 01:08:32.453 10339 10357 I native-activity: Frame 399 time is 12.158ms
04-13 01:08:32.453 10339 10357 I native-activity: Swap 399 time is 12.192ms
04-13 01:08:32.453 10339 10357 I native-activity: Animating
04-13 01:08:32.466 10339 10357 I native-activity: Frame 400 GL error is 0x0
04-13 01:08:32.466 10339 10357 I native-activity: Frame 400 time is 13.171ms
04-13 01:08:32.466 10339 10357 I native-activity: Swap 400 time is 13.228ms
04-13 01:08:32.466 10339 10357 I native-activity: Animating
04-13 01:08:32.478 10339 10357 I native-activity: Frame 401 GL error is 0x0
04-13 01:08:32.478 10339 10357 I native-activity: Frame 401 time is 12.201ms
04-13 01:08:32.478 10339 10357 I native-activity: Swap 401 time is 12.257ms
04-13 01:08:32.478 10339 10357 I native-activity: Animating
04-13 01:08:32.491 10339 10357 I native-activity: Frame 402 GL error is 0x0
04-13 01:08:32.491 10339 10357 I native-activity: Frame 402 time is 12.581ms
04-13 01:08:32.491 10339 10357 I native-activity: Swap 402 time is 12.638ms
04-13 01:08:32.491 10339 10357 I native-activity: Animating
04-13 01:08:32.504 10339 10357 I native-activity: Frame 403 GL error is 0x0
04-13 01:08:32.504 10339 10357 I native-activity: Frame 403 time is 12.402ms
04-13 01:08:32.504 10339 10357 I native-activity: Swap 403 time is 12.459ms
04-13 01:08:32.504 10339 10357 I native-activity: Animating
04-13 01:08:32.516 10339 10357 I native-activity: Frame 404 GL error is 0x0
04-13 01:08:32.516 10339 10357 I native-activity: Frame 404 time is 12.374ms
04-13 01:08:32.516 10339 10357 I native-activity: Swap 404 time is 12.436ms
04-13 01:08:32.516 10339 10357 I native-activity: Animating
04-13 01:08:32.527   962   977 D WifiService: releaseWifiLockLocked: WifiLock{com.amazon.dcp.framework.iuc.ConnectionEstablisherWithConnectivityEnforcement type=1 binder=android.os.BinderProxy@3a0fac1e}
04-13 01:08:32.529 10339 10357 I native-activity: Frame 405 GL error is 0x0
04-13 01:08:32.529 10339 10357 I native-activity: Frame 405 time is 13.162ms
04-13 01:08:32.530 10339 10357 I native-activity: Swap 405 time is 13.225ms
04-13 01:08:32.530 10339 10357 I native-activity: Animating
04-13 01:08:32.542 10339 10357 I native-activity: Frame 406 GL error is 0x0
04-13 01:08:32.542 10339 10357 I native-activity: Frame 406 time is 12.426ms
04-13 01:08:32.542 10339 10357 I native-activity: Swap 406 time is 12.489ms
04-13 01:08:32.542 10339 10357 I native-activity: Animating
04-13 01:08:32.555 10339 10357 I native-activity: Frame 407 GL error is 0x0
04-13 01:08:32.555 10339 10357 I native-activity: Frame 407 time is 12.625ms
04-13 01:08:32.555 10339 10357 I native-activity: Swap 407 time is 12.684ms
04-13 01:08:32.555 10339 10357 I native-activity: Animating
04-13 01:08:32.567 10339 10357 I native-activity: Frame 408 GL error is 0x0
04-13 01:08:32.567 10339 10357 I native-activity: Frame 408 time is 12.078ms
04-13 01:08:32.567 10339 10357 I native-activity: Swap 408 time is 12.124ms
04-13 01:08:32.567 10339 10357 I native-activity: Animating
04-13 01:08:32.580 10339 10357 I native-activity: Frame 409 GL error is 0x0
04-13 01:08:32.580 10339 10357 I native-activity: Frame 409 time is 12.874ms
04-13 01:08:32.580 10339 10357 I native-activity: Swap 409 time is 12.919ms
04-13 01:08:32.580 10339 10357 I native-activity: Animating
04-13 01:08:32.593 10339 10357 I native-activity: Frame 410 GL error is 0x0
04-13 01:08:32.593 10339 10357 I native-activity: Frame 410 time is 13.043ms
04-13 01:08:32.593 10339 10357 I native-activity: Swap 410 time is 13.085ms
04-13 01:08:32.593 10339 10357 I native-activity: Animating
04-13 01:08:32.607 10339 10357 I native-activity: Frame 411 GL error is 0x0
04-13 01:08:32.607 10339 10357 I native-activity: Frame 411 time is 13.369ms
04-13 01:08:32.607 10339 10357 I native-activity: Swap 411 time is 13.406ms
04-13 01:08:32.607 10339 10357 I native-activity: Animating
04-13 01:08:32.619 10339 10357 I native-activity: Frame 412 GL error is 0x0
04-13 01:08:32.619 10339 10357 I native-activity: Frame 412 time is 12.689ms
04-13 01:08:32.620 10339 10357 I native-activity: Swap 412 time is 12.732ms
04-13 01:08:32.620 10339 10357 I native-activity: Animating
04-13 01:08:32.683 10339 10357 I native-activity: Frame 413 GL error is 0x501
04-13 01:08:32.683 10339 10357 I native-activity: Frame 413 time is 63.124ms
04-13 01:08:32.683 10339 10357 I native-activity: Swap 413 time is 63.169ms
04-13 01:08:32.683 10339 10357 I native-activity: Animating
04-13 01:08:32.687    93    93 I Kernel  : [ 3431.283260] (3)[93:irq/258-inv_irq]inv_mpu_iio: inv_read_fifo: Received Sensor Interrupt to read FIFO and Fifo_count is 6
04-13 01:08:32.764 10339 10357 I native-activity: Frame 414 GL error is 0x0
04-13 01:08:32.764 10339 10357 I native-activity: Frame 414 time is 80.978ms
04-13 01:08:32.764 10339 10357 I native-activity: Swap 414 time is 81.020ms
04-13 01:08:32.764 10339 10357 I native-activity: Animating
04-13 01:08:32.768 10339 10357 I native-activity: Frame 415 GL error is 0x0
04-13 01:08:32.768 10339 10357 I native-activity: Frame 415 time is 4.396ms
04-13 01:08:32.768 10339 10357 I native-activity: Swap 415 time is 4.441ms
04-13 01:08:32.768 10339 10357 I native-activity: Animating
04-13 01:08:32.774 10339 10357 I native-activity: Frame 416 GL error is 0x0
04-13 01:08:32.774 10339 10357 I native-activity: Frame 416 time is 5.281ms
04-13 01:08:32.774 10339 10357 I native-activity: Swap 416 time is 5.334ms
04-13 01:08:32.774 10339 10357 I native-activity: Animating
04-13 01:08:32.780 10339 10357 I native-activity: Frame 417 GL error is 0x0
04-13 01:08:32.780 10339 10357 I native-activity: Frame 417 time is 5.725ms
04-13 01:08:32.780 10339 10357 I native-activity: Swap 417 time is 5.765ms
04-13 01:08:32.780 10339 10357 I native-activity: Animating
04-13 01:08:32.785 10339 10357 I native-activity: Frame 418 GL error is 0x0
04-13 01:08:32.785 10339 10357 I native-activity: Frame 418 time is 5.390ms
04-13 01:08:32.785 10339 10357 I native-activity: Swap 418 time is 5.441ms
04-13 01:08:32.785 10339 10357 I native-activity: Animating
04-13 01:08:32.789 10339 10357 I native-activity: Frame 419 GL error is 0x0
04-13 01:08:32.789 10339 10357 I native-activity: Frame 419 time is 3.910ms
04-13 01:08:32.789 10339 10357 I native-activity: Swap 419 time is 3.946ms
04-13 01:08:32.789 10339 10357 I native-activity: Animating
04-13 01:08:32.796 10339 10357 I native-activity: Frame 420 GL error is 0x0
04-13 01:08:32.796 10339 10357 I native-activity: Frame 420 time is 6.692ms
04-13 01:08:32.796 10339 10357 I native-activity: Swap 420 time is 6.743ms
04-13 01:08:32.796 10339 10357 I native-activity: Animating
04-13 01:08:32.807 10339 10357 I native-activity: Frame 421 GL error is 0x0
04-13 01:08:32.807 10339 10357 I native-activity: Frame 421 time is 10.992ms
04-13 01:08:32.807 10339 10357 I native-activity: Swap 421 time is 11.039ms
04-13 01:08:32.807 10339 10357 I native-activity: Animating
04-13 01:08:32.822 10339 10357 I native-activity: Frame 422 GL error is 0x0
04-13 01:08:32.822 10339 10357 I native-activity: Frame 422 time is 15.212ms
04-13 01:08:32.822 10339 10357 I native-activity: Swap 422 time is 15.256ms
04-13 01:08:32.822 10339 10357 I native-activity: Animating
04-13 01:08:32.851 10339 10357 I native-activity: Frame 423 GL error is 0x0
04-13 01:08:32.851 10339 10357 I native-activity: Frame 423 time is 28.217ms
04-13 01:08:32.851 10339 10357 I native-activity: Swap 423 time is 28.256ms
04-13 01:08:32.851 10339 10357 I native-activity: Animating
04-13 01:08:32.858 10339 10357 I native-activity: Frame 424 GL error is 0x0
04-13 01:08:32.858 10339 10357 I native-activity: Frame 424 time is 6.999ms
04-13 01:08:32.858 10339 10357 I native-activity: Swap 424 time is 7.048ms
04-13 01:08:32.858 10339 10357 I native-activity: Animating
04-13 01:08:32.863 10339 10357 I native-activity: Frame 425 GL error is 0x0
04-13 01:08:32.863 10339 10357 I native-activity: Frame 425 time is 4.801ms
04-13 01:08:32.863 10339 10357 I native-activity: Swap 425 time is 4.837ms
04-13 01:08:32.863 10339 10357 I native-activity: Animating
04-13 01:08:32.868 10339 10357 I native-activity: Frame 426 GL error is 0x0
04-13 01:08:32.868 10339 10357 I native-activity: Frame 426 time is 4.866ms
04-13 01:08:32.868 10339 10357 I native-activity: Swap 426 time is 4.901ms
04-13 01:08:32.868 10339 10357 I native-activity: Animating
04-13 01:08:32.873 10339 10357 I native-activity: Frame 427 GL error is 0x0
04-13 01:08:32.873 10339 10357 I native-activity: Frame 427 time is 4.970ms
04-13 01:08:32.873 10339 10357 I native-activity: Swap 427 time is 5.005ms
04-13 01:08:32.873 10339 10357 I native-activity: Animating
04-13 01:08:32.878 10339 10357 I native-activity: Frame 428 GL error is 0x0
04-13 01:08:32.878 10339 10357 I native-activity: Frame 428 time is 5.196ms
04-13 01:08:32.878 10339 10357 I native-activity: Swap 428 time is 5.232ms
04-13 01:08:32.878 10339 10357 I native-activity: Animating
04-13 01:08:32.887 10339 10357 I native-activity: Frame 429 GL error is 0x0
04-13 01:08:32.887 10339 10357 I native-activity: Frame 429 time is 8.701ms
04-13 01:08:32.887 10339 10357 I native-activity: Swap 429 time is 8.744ms
04-13 01:08:32.887 10339 10357 I native-activity: Animating
04-13 01:08:32.898 10339 10357 I native-activity: Frame 430 GL error is 0x0
04-13 01:08:32.898 10339 10357 I native-activity: Frame 430 time is 10.944ms
04-13 01:08:32.898 10339 10357 I native-activity: Swap 430 time is 10.987ms
04-13 01:08:32.898 10339 10357 I native-activity: Animating
04-13 01:08:32.906 10339 10357 I native-activity: Frame 431 GL error is 0x0
04-13 01:08:32.906 10339 10357 I native-activity: Frame 431 time is 8.624ms
04-13 01:08:32.906 10339 10357 I native-activity: Swap 431 time is 8.664ms
04-13 01:08:32.907 10339 10357 I native-activity: Animating
04-13 01:08:32.916 10339 10357 I native-activity: Frame 432 GL error is 0x0
04-13 01:08:32.916 10339 10357 I native-activity: Frame 432 time is 9.520ms
04-13 01:08:32.916 10339 10357 I native-activity: Swap 432 time is 9.562ms
04-13 01:08:32.916 10339 10357 I native-activity: Animating
04-13 01:08:32.926 10339 10357 I native-activity: Frame 433 GL error is 0x0
04-13 01:08:32.926 10339 10357 I native-activity: Frame 433 time is 9.688ms
04-13 01:08:32.926 10339 10357 I native-activity: Swap 433 time is 9.733ms
04-13 01:08:32.926 10339 10357 I native-activity: Animating
04-13 01:08:32.936 10339 10357 I native-activity: Frame 434 GL error is 0x0
04-13 01:08:32.936 10339 10357 I native-activity: Frame 434 time is 9.926ms
04-13 01:08:32.936 10339 10357 I native-activity: Swap 434 time is 9.977ms
04-13 01:08:32.936 10339 10357 I native-activity: Animating
04-13 01:08:32.945 10339 10357 I native-activity: Frame 435 GL error is 0x0
04-13 01:08:32.945 10339 10357 I native-activity: Frame 435 time is 9.519ms
04-13 01:08:32.946 10339 10357 I native-activity: Swap 435 time is 9.558ms
04-13 01:08:32.946 10339 10357 I native-activity: Animating
04-13 01:08:32.955 10339 10357 I native-activity: Frame 436 GL error is 0x0
04-13 01:08:32.955 10339 10357 I native-activity: Frame 436 time is 9.616ms
04-13 01:08:32.955 10339 10357 I native-activity: Swap 436 time is 9.650ms
04-13 01:08:32.955 10339 10357 I native-activity: Animating
04-13 01:08:32.966 10339 10357 I native-activity: Frame 437 GL error is 0x0
04-13 01:08:32.966 10339 10357 I native-activity: Frame 437 time is 10.764ms
04-13 01:08:32.966 10339 10357 I native-activity: Swap 437 time is 10.806ms
04-13 01:08:32.966 10339 10357 I native-activity: Animating
04-13 01:08:32.976 10339 10357 I native-activity: Frame 438 GL error is 0x0
04-13 01:08:32.976 10339 10357 I native-activity: Frame 438 time is 10.101ms
04-13 01:08:32.976 10339 10357 I native-activity: Swap 438 time is 10.141ms
04-13 01:08:32.976 10339 10357 I native-activity: Animating
04-13 01:08:33.008 10339 10357 I native-activity: Frame 439 GL error is 0x0
04-13 01:08:33.008 10339 10357 I native-activity: Frame 439 time is 31.720ms
04-13 01:08:33.008 10339 10357 I native-activity: Swap 439 time is 31.764ms
04-13 01:08:33.008 10339 10357 I native-activity: Animating
04-13 01:08:33.015 10339 10357 I native-activity: Frame 440 GL error is 0x0
04-13 01:08:33.015 10339 10357 I native-activity: Frame 440 time is 6.319ms
04-13 01:08:33.015 10339 10357 I native-activity: Swap 440 time is 6.356ms
04-13 01:08:33.015 10339 10357 I native-activity: Animating
04-13 01:08:33.020 10339 10357 I native-activity: Frame 441 GL error is 0x0
04-13 01:08:33.020 10339 10357 I native-activity: Frame 441 time is 5.722ms
04-13 01:08:33.021 10339 10357 I native-activity: Swap 441 time is 5.778ms
04-13 01:08:33.021 10339 10357 I native-activity: Animating
04-13 01:08:33.026 10339 10357 I native-activity: Frame 442 GL error is 0x0
04-13 01:08:33.026 10339 10357 I native-activity: Frame 442 time is 5.141ms
04-13 01:08:33.026 10339 10357 I native-activity: Swap 442 time is 5.178ms
04-13 01:08:33.026 10339 10357 I native-activity: Animating
04-13 01:08:33.032 10339 10357 I native-activity: Frame 443 GL error is 0x0
04-13 01:08:33.032 10339 10357 I native-activity: Frame 443 time is 5.889ms
04-13 01:08:33.032 10339 10357 I native-activity: Swap 443 time is 5.922ms
04-13 01:08:33.032 10339 10357 I native-activity: Animating
04-13 01:08:33.037 10339 10357 I native-activity: Frame 444 GL error is 0x0
04-13 01:08:33.037 10339 10357 I native-activity: Frame 444 time is 5.249ms
04-13 01:08:33.037 10339 10357 I native-activity: Swap 444 time is 5.283ms
04-13 01:08:33.037 10339 10357 I native-activity: Animating
04-13 01:08:33.044 10339 10357 I native-activity: Frame 445 GL error is 0x0
04-13 01:08:33.045 10339 10357 I native-activity: Frame 445 time is 7.388ms
04-13 01:08:33.045 10339 10357 I native-activity: Swap 445 time is 7.427ms
04-13 01:08:33.045 10339 10357 I native-activity: Animating
04-13 01:08:33.055 10339 10357 I native-activity: Frame 446 GL error is 0x0
04-13 01:08:33.055 10339 10357 I native-activity: Frame 446 time is 10.843ms
04-13 01:08:33.055 10339 10357 I native-activity: Swap 446 time is 10.882ms
04-13 01:08:33.056 10339 10357 I native-activity: Animating
04-13 01:08:33.066 10339 10357 I native-activity: Frame 447 GL error is 0x0
04-13 01:08:33.066 10339 10357 I native-activity: Frame 447 time is 10.251ms
04-13 01:08:33.066 10339 10357 I native-activity: Swap 447 time is 10.287ms
04-13 01:08:33.066 10339 10357 I native-activity: Animating
04-13 01:08:33.077 10339 10357 I native-activity: Frame 448 GL error is 0x0
04-13 01:08:33.077 10339 10357 I native-activity: Frame 448 time is 11.410ms
04-13 01:08:33.077 10339 10357 I native-activity: Swap 448 time is 11.446ms
04-13 01:08:33.077 10339 10357 I native-activity: Animating
04-13 01:08:33.086 10339 10357 I native-activity: Frame 449 GL error is 0x0
04-13 01:08:33.086 10339 10357 I native-activity: Frame 449 time is 9.109ms
04-13 01:08:33.087 10339 10357 I native-activity: Swap 449 time is 9.149ms
04-13 01:08:33.087 10339 10357 I native-activity: Animating
04-13 01:08:33.097 10339 10357 I native-activity: Frame 450 GL error is 0x0
04-13 01:08:33.097 10339 10357 I native-activity: Frame 450 time is 10.785ms
04-13 01:08:33.097 10339 10357 I native-activity: Swap 450 time is 10.819ms
04-13 01:08:33.097 10339 10357 I native-activity: Animating
04-13 01:08:33.107 10339 10357 I native-activity: Frame 451 GL error is 0x0
04-13 01:08:33.107 10339 10357 I native-activity: Frame 451 time is 10.009ms
04-13 01:08:33.107 10339 10357 I native-activity: Swap 451 time is 10.041ms
04-13 01:08:33.108 10339 10357 I native-activity: Animating
04-13 01:08:33.118 10339 10357 I native-activity: Frame 452 GL error is 0x0
04-13 01:08:33.118 10339 10357 I native-activity: Frame 452 time is 10.454ms
04-13 01:08:33.118 10339 10357 I native-activity: Swap 452 time is 10.488ms
04-13 01:08:33.118 10339 10357 I native-activity: Animating
04-13 01:08:33.128 10339 10357 I native-activity: Frame 453 GL error is 0x0
04-13 01:08:33.128 10339 10357 I native-activity: Frame 453 time is 10.404ms
04-13 01:08:33.128 10339 10357 I native-activity: Swap 453 time is 10.437ms
04-13 01:08:33.129 10339 10357 I native-activity: Animating
04-13 01:08:33.139 10339 10357 I native-activity: Frame 454 GL error is 0x0
04-13 01:08:33.139 10339 10357 I native-activity: Frame 454 time is 10.800ms
04-13 01:08:33.139 10339 10357 I native-activity: Swap 454 time is 10.838ms
04-13 01:08:33.139 10339 10357 I native-activity: Animating
04-13 01:08:33.150 10339 10357 I native-activity: Frame 455 GL error is 0x0
04-13 01:08:33.150 10339 10357 I native-activity: Frame 455 time is 10.225ms
04-13 01:08:33.150 10339 10357 I native-activity: Swap 455 time is 10.264ms
04-13 01:08:33.150 10339 10357 I native-activity: Animating
04-13 01:08:33.161 10339 10357 I native-activity: Frame 456 GL error is 0x0
04-13 01:08:33.161 10339 10357 I native-activity: Frame 456 time is 10.810ms
04-13 01:08:33.161 10339 10357 I native-activity: Swap 456 time is 10.853ms
04-13 01:08:33.161 10339 10357 I native-activity: Animating
04-13 01:08:33.171 10339 10357 I native-activity: Frame 457 GL error is 0x0
04-13 01:08:33.171 10339 10357 I native-activity: Frame 457 time is 10.190ms
04-13 01:08:33.171 10339 10357 I native-activity: Swap 457 time is 10.229ms
04-13 01:08:33.171 10339 10357 I native-activity: Animating
04-13 01:08:33.181 10339 10357 I native-activity: Frame 458 GL error is 0x0
04-13 01:08:33.181 10339 10357 I native-activity: Frame 458 time is 9.845ms
04-13 01:08:33.181 10339 10357 I native-activity: Swap 458 time is 9.877ms
04-13 01:08:33.181 10339 10357 I native-activity: Animating
04-13 01:08:33.191 10339 10357 I native-activity: Frame 459 GL error is 0x0
04-13 01:08:33.191 10339 10357 I native-activity: Frame 459 time is 10.402ms
04-13 01:08:33.191 10339 10357 I native-activity: Swap 459 time is 10.433ms
04-13 01:08:33.191 10339 10357 I native-activity: Animating
04-13 01:08:33.202 10339 10357 I native-activity: Frame 460 GL error is 0x0
04-13 01:08:33.202 10339 10357 I native-activity: Frame 460 time is 10.382ms
04-13 01:08:33.202 10339 10357 I native-activity: Swap 460 time is 10.417ms
04-13 01:08:33.202 10339 10357 I native-activity: Animating
04-13 01:08:33.212 10339 10357 I native-activity: Frame 461 GL error is 0x0
04-13 01:08:33.212 10339 10357 I native-activity: Frame 461 time is 10.562ms
04-13 01:08:33.212 10339 10357 I native-activity: Swap 461 time is 10.595ms
04-13 01:08:33.212 10339 10357 I native-activity: Animating
04-13 01:08:33.239 10339 10357 I native-activity: Frame 462 GL error is 0x501
04-13 01:08:33.239 10339 10357 I native-activity: Frame 462 time is 26.527ms
04-13 01:08:33.239 10339 10357 I native-activity: Swap 462 time is 26.578ms
04-13 01:08:33.239 10339 10357 I native-activity: Animating
04-13 01:08:33.252 10339 10357 I native-activity: Frame 463 GL error is 0x0
04-13 01:08:33.252 10339 10357 I native-activity: Frame 463 time is 12.831ms
04-13 01:08:33.252 10339 10357 I native-activity: Swap 463 time is 12.873ms
04-13 01:08:33.252 10339 10357 I native-activity: Animating
04-13 01:08:33.255 10339 10357 I native-activity: Frame 464 GL error is 0x0
04-13 01:08:33.255 10339 10357 I native-activity: Frame 464 time is 3.223ms
04-13 01:08:33.255 10339 10357 I native-activity: Swap 464 time is 3.257ms
04-13 01:08:33.255 10339 10357 I native-activity: Animating
04-13 01:08:33.262 10339 10357 I native-activity: Frame 465 GL error is 0x0
04-13 01:08:33.262 10339 10357 I native-activity: Frame 465 time is 6.690ms
04-13 01:08:33.262 10339 10357 I native-activity: Swap 465 time is 6.730ms
04-13 01:08:33.262 10339 10357 I native-activity: Animating
04-13 01:08:33.266 10339 10357 I native-activity: Frame 466 GL error is 0x0
04-13 01:08:33.267 10339 10357 I native-activity: Frame 466 time is 4.284ms
04-13 01:08:33.267 10339 10357 I native-activity: Swap 466 time is 4.325ms
04-13 01:08:33.267 10339 10357 I native-activity: Animating
04-13 01:08:33.272 10339 10357 I native-activity: Frame 467 GL error is 0x0
04-13 01:08:33.272 10339 10357 I native-activity: Frame 467 time is 5.099ms
04-13 01:08:33.272 10339 10357 I native-activity: Swap 467 time is 5.136ms
04-13 01:08:33.272 10339 10357 I native-activity: Animating
04-13 01:08:33.281 10339 10357 I native-activity: Frame 468 GL error is 0x0
04-13 01:08:33.281 10339 10357 I native-activity: Frame 468 time is 9.453ms
04-13 01:08:33.281 10339 10357 I native-activity: Swap 468 time is 9.492ms
04-13 01:08:33.281 10339 10357 I native-activity: Animating
04-13 01:08:33.304 10339 10357 I native-activity: Frame 469 GL error is 0x501
04-13 01:08:33.304 10339 10357 I native-activity: Frame 469 time is 22.893ms
04-13 01:08:33.304 10339 10357 I native-activity: Swap 469 time is 22.936ms
04-13 01:08:33.304 10339 10357 I native-activity: Animating
04-13 01:08:33.310 10339 10357 I native-activity: Frame 470 GL error is 0x0
04-13 01:08:33.310 10339 10357 I native-activity: Frame 470 time is 5.749ms
04-13 01:08:33.310 10339 10357 I native-activity: Swap 470 time is 5.799ms
04-13 01:08:33.310 10339 10357 I native-activity: Animating
04-13 01:08:33.316 10339 10357 I native-activity: Frame 471 GL error is 0x0
04-13 01:08:33.316 10339 10357 I native-activity: Frame 471 time is 5.478ms
04-13 01:08:33.316 10339 10357 I native-activity: Swap 471 time is 5.523ms
04-13 01:08:33.316 10339 10357 I native-activity: Animating
04-13 01:08:33.324 10339 10357 I native-activity: Frame 472 GL error is 0x0
04-13 01:08:33.324 10339 10357 I native-activity: Frame 472 time is 8.187ms
04-13 01:08:33.324 10339 10357 I native-activity: Swap 472 time is 8.230ms
04-13 01:08:33.324 10339 10357 I native-activity: Animating
04-13 01:08:33.333 10339 10357 I native-activity: Frame 473 GL error is 0x0
04-13 01:08:33.333 10339 10357 I native-activity: Frame 473 time is 9.156ms
04-13 01:08:33.333 10339 10357 I native-activity: Swap 473 time is 9.194ms
04-13 01:08:33.333 10339 10357 I native-activity: Animating
04-13 01:08:33.344 10339 10357 I native-activity: Frame 474 GL error is 0x0
04-13 01:08:33.344 10339 10357 I native-activity: Frame 474 time is 10.754ms
04-13 01:08:33.344 10339 10357 I native-activity: Swap 474 time is 10.788ms
04-13 01:08:33.344 10339 10357 I native-activity: Animating
04-13 01:08:33.356 10339 10357 I native-activity: Frame 475 GL error is 0x0
04-13 01:08:33.357 10339 10357 I native-activity: Frame 475 time is 12.441ms
04-13 01:08:33.357 10339 10357 I native-activity: Swap 475 time is 12.480ms
04-13 01:08:33.357 10339 10357 I native-activity: Animating
04-13 01:08:33.367 10339 10357 I native-activity: Frame 476 GL error is 0x0
04-13 01:08:33.367 10339 10357 I native-activity: Frame 476 time is 10.576ms
04-13 01:08:33.367 10339 10357 I native-activity: Swap 476 time is 10.610ms
04-13 01:08:33.367 10339 10357 I native-activity: Animating
04-13 01:08:33.379 10339 10357 I native-activity: Frame 477 GL error is 0x0
04-13 01:08:33.379 10339 10357 I native-activity: Frame 477 time is 12.074ms
04-13 01:08:33.379 10339 10357 I native-activity: Swap 477 time is 12.108ms
04-13 01:08:33.379 10339 10357 I native-activity: Animating
04-13 01:08:33.393 10339 10357 I native-activity: Frame 478 GL error is 0x0
04-13 01:08:33.393 10339 10357 I native-activity: Frame 478 time is 13.839ms
04-13 01:08:33.393 10339 10357 I native-activity: Swap 478 time is 13.877ms
04-13 01:08:33.393 10339 10357 I native-activity: Animating
04-13 01:08:33.406 10339 10357 I native-activity: Frame 479 GL error is 0x0
04-13 01:08:33.406 10339 10357 I native-activity: Frame 479 time is 12.665ms
04-13 01:08:33.406 10339 10357 I native-activity: Swap 479 time is 12.701ms
04-13 01:08:33.406 10339 10357 I native-activity: Animating
04-13 01:08:33.419 10339 10357 I native-activity: Frame 480 GL error is 0x0
