04-11 02:55:52.695 26238 26256 I native-activity: Frame 149 GL error is 0x0
04-11 02:55:52.696 26238 26256 I native-activity: Frame 149 time is 1.109ms
04-11 02:55:52.733 26238 26256 I native-activity: Swap 149 time is 38.224ms
04-11 02:55:52.733 26238 26256 I native-activity: Animating
04-11 02:55:52.734 26238 26256 I native-activity: Frame 150 GL error is 0x0
04-11 02:55:52.734 26238 26256 I native-activity: Frame 150 time is 0.659ms
04-11 02:55:52.771 26238 26256 I native-activity: Swap 150 time is 38.079ms
04-11 02:55:52.771 26238 26256 I native-activity: Animating
04-11 02:55:52.772 26238 26256 I native-activity: Frame 151 GL error is 0x0
04-11 02:55:52.772 26238 26256 I native-activity: Frame 151 time is 0.691ms
04-11 02:55:52.809 26238 26256 I native-activity: Swap 151 time is 37.797ms
04-11 02:55:52.810 26238 26256 I native-activity: Animating
04-11 02:55:52.810 26238 26256 I native-activity: Frame 152 GL error is 0x0
04-11 02:55:52.810 26238 26256 I native-activity: Frame 152 time is 0.621ms
04-11 02:55:52.847 26238 26256 I native-activity: Swap 152 time is 37.672ms
04-11 02:55:52.848 26238 26256 I native-activity: Animating
04-11 02:55:52.848 26238 26256 I native-activity: Frame 153 GL error is 0x0
04-11 02:55:52.849 26238 26256 I native-activity: Frame 153 time is 0.686ms
04-11 02:55:52.886 26238 26256 I native-activity: Swap 153 time is 38.650ms
04-11 02:55:52.887 26238 26256 I native-activity: Animating
04-11 02:55:52.887 26238 26256 I native-activity: Frame 154 GL error is 0x0
04-11 02:55:52.888 26238 26256 I native-activity: Frame 154 time is 1.552ms
04-11 02:55:52.927 26238 26256 I native-activity: Swap 154 time is 39.973ms
04-11 02:55:52.927 26238 26256 I native-activity: Animating
04-11 02:55:52.928 26238 26256 I native-activity: Frame 155 GL error is 0x0
04-11 02:55:52.931 26238 26256 I native-activity: Frame 155 time is 4.324ms
04-11 02:55:52.970 26238 26256 I native-activity: Swap 155 time is 42.858ms
04-11 02:55:52.970 26238 26256 I native-activity: Animating
04-11 02:55:52.972 26238 26256 I native-activity: Frame 156 GL error is 0x0
04-11 02:55:52.972 26238 26256 I native-activity: Frame 156 time is 2.204ms
04-11 02:55:53.011 26238 26256 I native-activity: Swap 156 time is 40.898ms
04-11 02:55:53.011 26238 26256 I native-activity: Animating
04-11 02:55:53.013 26238 26256 I native-activity: Frame 157 GL error is 0x0
04-11 02:55:53.013 26238 26256 I native-activity: Frame 157 time is 1.847ms
04-11 02:55:53.052 26238 26256 I native-activity: Swap 157 time is 40.848ms
04-11 02:55:53.052 26238 26256 I native-activity: Animating
04-11 02:55:53.053 26238 26256 I native-activity: Frame 158 GL error is 0x0
04-11 02:55:53.053 26238 26256 I native-activity: Frame 158 time is 0.677ms
04-11 02:55:53.091 26238 26256 I native-activity: Swap 158 time is 38.272ms
04-11 02:55:53.091 26238 26256 I native-activity: Animating
04-11 02:55:53.092 26238 26256 I native-activity: Frame 159 GL error is 0x0
04-11 02:55:53.092 26238 26256 I native-activity: Frame 159 time is 1.265ms
04-11 02:55:53.130 26238 26256 I native-activity: Swap 159 time is 39.297ms
04-11 02:55:53.131 26238 26256 I native-activity: Animating
04-11 02:55:53.131 26238 26256 I native-activity: Frame 160 GL error is 0x0
04-11 02:55:53.131 26238 26256 I native-activity: Frame 160 time is 0.628ms
04-11 02:55:53.169 26238 26256 I native-activity: Swap 160 time is 37.860ms
04-11 02:55:53.169 26238 26256 I native-activity: Animating
04-11 02:55:53.170 26238 26256 I native-activity: Frame 161 GL error is 0x0
04-11 02:55:53.170 26238 26256 I native-activity: Frame 161 time is 0.785ms
04-11 02:55:53.207 26238 26256 I native-activity: Swap 161 time is 38.196ms
04-11 02:55:53.208 26238 26256 I native-activity: Animating
04-11 02:55:53.208 26238 26256 I native-activity: Frame 162 GL error is 0x0
04-11 02:55:53.208 26238 26256 I native-activity: Frame 162 time is 0.656ms
04-11 02:55:53.246 26238 26256 I native-activity: Swap 162 time is 37.927ms
04-11 02:55:53.246 26238 26256 I native-activity: Animating
04-11 02:55:53.246 26238 26256 I native-activity: Frame 163 GL error is 0x0
04-11 02:55:53.247 26238 26256 I native-activity: Frame 163 time is 1.559ms
04-11 02:55:53.288 26238 26256 I native-activity: Swap 163 time is 41.906ms
04-11 02:55:53.288 26238 26256 I native-activity: Animating
04-11 02:55:53.289 26238 26256 I native-activity: Frame 164 GL error is 0x0
04-11 02:55:53.289 26238 26256 I native-activity: Frame 164 time is 0.862ms
04-11 02:55:53.326 26238 26256 I native-activity: Swap 164 time is 37.996ms
04-11 02:55:53.326 26238 26256 I native-activity: Animating
04-11 02:55:53.327 26238 26256 I native-activity: Frame 165 GL error is 0x0
04-11 02:55:53.327 26238 26256 I native-activity: Frame 165 time is 0.622ms
04-11 02:55:53.364 26238 26256 I native-activity: Swap 165 time is 37.805ms
04-11 02:55:53.364 26238 26256 I native-activity: Animating
04-11 02:55:53.365 26238 26256 I native-activity: Frame 166 GL error is 0x0
04-11 02:55:53.365 26238 26256 I native-activity: Frame 166 time is 0.707ms
04-11 02:55:53.403 26238 26256 I native-activity: Swap 166 time is 38.318ms
04-11 02:55:53.403 26238 26256 I native-activity: Animating
04-11 02:55:53.404 26238 26256 I native-activity: Frame 167 GL error is 0x0
04-11 02:55:53.404 26238 26256 I native-activity: Frame 167 time is 0.654ms
04-11 02:55:53.441 26238 26256 I native-activity: Swap 167 time is 37.809ms
04-11 02:55:53.441 26238 26256 I native-activity: Animating
04-11 02:55:53.442 26238 26256 I native-activity: Frame 168 GL error is 0x0
04-11 02:55:53.442 26238 26256 I native-activity: Frame 168 time is 0.654ms
04-11 02:55:53.456    93    93 I Kernel  : [310593.072995] (1)[93:irq/258-inv_irq]inv_mpu_iio: inv_read_fifo: Received Sensor Interrupt to read FIFO and Fifo_count is 6
04-11 02:55:53.479 26238 26256 I native-activity: Swap 168 time is 38.068ms
04-11 02:55:53.480 26238 26256 I native-activity: Animating
04-11 02:55:53.480 26238 26256 I native-activity: Frame 169 GL error is 0x0
04-11 02:55:53.480 26238 26256 I native-activity: Frame 169 time is 0.678ms
04-11 02:55:53.519 26238 26256 I native-activity: Swap 169 time is 38.858ms
04-11 02:55:53.519 26238 26256 I native-activity: Animating
04-11 02:55:53.520 26238 26256 I native-activity: Frame 170 GL error is 0x0
04-11 02:55:53.520 26238 26256 I native-activity: Frame 170 time is 1.360ms
04-11 02:55:53.558 26238 26256 I native-activity: Swap 170 time is 39.365ms
04-11 02:55:53.558 26238 26256 I native-activity: Animating
04-11 02:55:53.559 26238 26256 I native-activity: Frame 171 GL error is 0x0
04-11 02:55:53.559 26238 26256 I native-activity: Frame 171 time is 0.371ms
04-11 02:55:53.596 26238 26256 I native-activity: Swap 171 time is 37.251ms
04-11 02:55:53.596 26238 26256 I native-activity: Animating
04-11 02:55:53.596 26238 26256 I native-activity: Frame 172 GL error is 0x0
04-11 02:55:53.596 26238 26256 I native-activity: Frame 172 time is 0.366ms
04-11 02:55:53.634 26238 26256 I native-activity: Swap 172 time is 37.868ms
04-11 02:55:53.635 26238 26256 I native-activity: Animating
04-11 02:55:53.638 26238 26256 I native-activity: Frame 173 GL error is 0x0
04-11 02:55:53.639 26238 26256 I native-activity: Frame 173 time is 4.018ms
04-11 02:55:53.679 26238 26256 I native-activity: Swap 173 time is 43.748ms
04-11 02:55:53.680 26238 26256 I native-activity: Animating
04-11 02:55:53.682 26238 26256 I native-activity: Frame 174 GL error is 0x0
04-11 02:55:53.682 26238 26256 I native-activity: Frame 174 time is 2.010ms
04-11 02:55:53.720 26238 26256 I native-activity: Swap 174 time is 39.776ms
04-11 02:55:53.720 26238 26256 I native-activity: Animating
04-11 02:55:53.721 26238 26256 I native-activity: Frame 175 GL error is 0x0
04-11 02:55:53.721 26238 26256 I native-activity: Frame 175 time is 0.972ms
04-11 02:55:53.758 26238 26256 I native-activity: Swap 175 time is 37.820ms
04-11 02:55:53.758 26238 26256 I native-activity: Animating
04-11 02:55:53.758 26238 26256 I native-activity: Frame 176 GL error is 0x0
04-11 02:55:53.758 26238 26256 I native-activity: Frame 176 time is 0.382ms
04-11 02:55:53.796 26238 26256 I native-activity: Swap 176 time is 37.631ms
04-11 02:55:53.796 26238 26256 I native-activity: Animating
04-11 02:55:53.797 26238 26256 I native-activity: Frame 177 GL error is 0x0
04-11 02:55:53.797 26238 26256 I native-activity: Frame 177 time is 0.655ms
04-11 02:55:53.834 26238 26256 I native-activity: Swap 177 time is 37.716ms
04-11 02:55:53.834 26238 26256 I native-activity: Animating
04-11 02:55:53.835 26238 26256 I native-activity: Frame 178 GL error is 0x0
04-11 02:55:53.835 26238 26256 I native-activity: Frame 178 time is 0.679ms
04-11 02:55:53.872 26238 26256 I native-activity: Swap 178 time is 37.942ms
04-11 02:55:53.874 26238 26256 I native-activity: Animating
04-11 02:55:53.876 26238 26256 I native-activity: Frame 179 GL error is 0x0
04-11 02:55:53.878 26238 26256 I native-activity: Frame 179 time is 2.054ms
04-11 02:55:53.916 26238 26256 I native-activity: Swap 179 time is 40.218ms
04-11 02:55:53.916 26238 26256 I native-activity: Animating
04-11 02:55:53.917 26238 26256 I native-activity: Frame 180 GL error is 0x0
04-11 02:55:53.917 26238 26256 I native-activity: Frame 180 time is 0.649ms
04-11 02:55:53.954 26238 26256 I native-activity: Swap 180 time is 37.988ms
04-11 02:55:53.954 26238 26256 I native-activity: Animating
04-11 02:55:53.955 26238 26256 I native-activity: Frame 181 GL error is 0x0
04-11 02:55:53.955 26238 26256 I native-activity: Frame 181 time is 0.688ms
04-11 02:55:53.992 26238 26256 I native-activity: Swap 181 time is 37.763ms
04-11 02:55:53.992 26238 26256 I native-activity: Animating
04-11 02:55:53.993 26238 26256 I native-activity: Frame 182 GL error is 0x0
04-11 02:55:53.993 26238 26256 I native-activity: Frame 182 time is 0.662ms
04-11 02:55:54.030 26238 26256 I native-activity: Swap 182 time is 37.804ms
04-11 02:55:54.031 26238 26256 I native-activity: Animating
04-11 02:55:54.031 26238 26256 I native-activity: Frame 183 GL error is 0x0
04-11 02:55:54.031 26238 26256 I native-activity: Frame 183 time is 0.739ms
04-11 02:55:54.068 26238 26256 I native-activity: Swap 183 time is 37.866ms
04-11 02:55:54.069 26238 26256 I native-activity: Animating
04-11 02:55:54.069 26238 26256 I native-activity: Frame 184 GL error is 0x0
04-11 02:55:54.069 26238 26256 I native-activity: Frame 184 time is 0.671ms
04-11 02:55:54.107 26238 26256 I native-activity: Swap 184 time is 37.759ms
04-11 02:55:54.107 26238 26256 I native-activity: Animating
04-11 02:55:54.107 26238 26256 I native-activity: Frame 185 GL error is 0x0
04-11 02:55:54.108 26238 26256 I native-activity: Frame 185 time is 0.652ms
04-11 02:55:54.145 26238 26256 I native-activity: Swap 185 time is 38.076ms
04-11 02:55:54.145 26238 26256 I native-activity: Animating
04-11 02:55:54.146 26238 26256 I native-activity: Frame 186 GL error is 0x0
04-11 02:55:54.146 26238 26256 I native-activity: Frame 186 time is 0.814ms
04-11 02:55:54.183 26238 26256 I native-activity: Swap 186 time is 38.140ms
04-11 02:55:54.184 26238 26256 I native-activity: Animating
04-11 02:55:54.184 26238 26256 I native-activity: Frame 187 GL error is 0x0
04-11 02:55:54.184 26238 26256 I native-activity: Frame 187 time is 0.625ms
04-11 02:55:54.222 26238 26256 I native-activity: Swap 187 time is 37.825ms
04-11 02:55:54.222 26238 26256 I native-activity: Animating
04-11 02:55:54.223 26238 26256 I native-activity: Frame 188 GL error is 0x0
04-11 02:55:54.223 26238 26256 I native-activity: Frame 188 time is 0.766ms
04-11 02:55:54.260 26238 26256 I native-activity: Swap 188 time is 38.091ms
04-11 02:55:54.260 26238 26256 I native-activity: Animating
04-11 02:55:54.262 26238 26256 I native-activity: Frame 189 GL error is 0x0
04-11 02:55:54.262 26238 26256 I native-activity: Frame 189 time is 1.697ms
04-11 02:55:54.299 26238 26256 I native-activity: Swap 189 time is 38.812ms
04-11 02:55:54.299 26238 26256 I native-activity: Animating
04-11 02:55:54.301 26238 26256 I native-activity: Frame 190 GL error is 0x0
04-11 02:55:54.302 26238 26256 I native-activity: Frame 190 time is 1.207ms
04-11 02:55:54.286    93    93 I Kernel  : [310593.903486] (1)[93:irq/258-inv_irq]inv_mpu_iio: inv_read_fifo: Received Sensor Interrupt to read FIFO and Fifo_count is 6
04-11 02:55:54.340 26238 26256 I native-activity: Swap 190 time is 40.445ms
04-11 02:55:54.340 26238 26256 I native-activity: Animating
04-11 02:55:54.342 26238 26256 I native-activity: Frame 191 GL error is 0x0
04-11 02:55:54.343 26238 26256 I native-activity: Frame 191 time is 2.277ms
04-11 02:55:54.380 26238 26256 I native-activity: Swap 191 time is 39.303ms
04-11 02:55:54.380 26238 26256 I native-activity: Animating
04-11 02:55:54.380 26238 26256 I native-activity: Frame 192 GL error is 0x0
04-11 02:55:54.381 26238 26256 I native-activity: Frame 192 time is 0.653ms
04-11 02:55:54.418 26238 26256 I native-activity: Swap 192 time is 38.036ms
04-11 02:55:54.418 26238 26256 I native-activity: Animating
04-11 02:55:54.419 26238 26256 I native-activity: Frame 193 GL error is 0x0
04-11 02:55:54.421 26238 26256 I native-activity: Frame 193 time is 2.341ms
04-11 02:55:54.459 26238 26256 I native-activity: Swap 193 time is 40.940ms
04-11 02:55:54.459 26238 26256 I native-activity: Animating
04-11 02:55:54.460 26238 26256 I native-activity: Frame 194 GL error is 0x0
04-11 02:55:54.460 26238 26256 I native-activity: Frame 194 time is 0.637ms
04-11 02:55:54.497 26238 26256 I native-activity: Swap 194 time is 37.897ms
04-11 02:55:54.500 26238 26256 I native-activity: Animating
04-11 02:55:54.503 26238 26256 I native-activity: Frame 195 GL error is 0x0
04-11 02:55:54.504 26238 26256 I native-activity: Frame 195 time is 2.725ms
04-11 02:55:54.541   958  1024 D ConnectivityService: updateNetworkScore for NetworkAgentInfo [WIFI () - 196] to 56
04-11 02:55:54.542   958  1024 D ConnectivityService: rematching NetworkAgentInfo [WIFI () - 196]
04-11 02:55:54.542   958  1024 D ConnectivityService: Network NetworkAgentInfo [WIFI () - 196] was already satisfying request 1. No change.
04-11 02:55:54.542   958  1024 D ConnectivityService: notifyType AVAILABLE for NetworkAgentInfo [WIFI () - 196]
04-11 02:55:54.549 26238 26256 I native-activity: Swap 195 time is 48.199ms
04-11 02:55:54.550 26238 26256 I native-activity: Animating
04-11 02:55:54.550 26238 26256 I native-activity: Frame 196 GL error is 0x0
04-11 02:55:54.550 26238 26256 I native-activity: Frame 196 time is 0.687ms
04-11 02:55:54.568 25873 25984 D ConnectivityManager.CallbackHandler: CM callback handler got msg 524290
04-11 02:55:54.590 26238 26256 I native-activity: Swap 196 time is 40.013ms
04-11 02:55:54.590 26238 26256 I native-activity: Animating
04-11 02:55:54.590 26238 26256 I native-activity: Frame 197 GL error is 0x0
04-11 02:55:54.590 26238 26256 I native-activity: Frame 197 time is 0.414ms
04-11 02:55:54.627 26238 26256 I native-activity: Swap 197 time is 37.273ms
04-11 02:55:54.627 26238 26256 I native-activity: Animating
04-11 02:55:54.628 26238 26256 I native-activity: Frame 198 GL error is 0x0
04-11 02:55:54.628 26238 26256 I native-activity: Frame 198 time is 0.372ms
04-11 02:55:54.665 26238 26256 I native-activity: Swap 198 time is 37.305ms
04-11 02:55:54.665 26238 26256 I native-activity: Animating
04-11 02:55:54.666 26238 26256 I native-activity: Frame 199 GL error is 0x0
04-11 02:55:54.666 26238 26256 I native-activity: Frame 199 time is 0.791ms
04-11 02:55:54.703 26238 26256 I native-activity: Swap 199 time is 37.880ms
04-11 02:55:54.703 26238 26256 I native-activity: Animating
04-11 02:55:54.704 26238 26256 I native-activity: Frame 200 GL error is 0x0
04-11 02:55:54.704 26238 26256 I native-activity: Frame 200 time is 0.622ms
04-11 02:55:54.741 26238 26256 I native-activity: Swap 200 time is 37.680ms
04-11 02:55:54.741 26238 26256 I native-activity: Animating
04-11 02:55:54.742 26238 26256 I native-activity: Frame 201 GL error is 0x0
04-11 02:55:54.742 26238 26256 I native-activity: Frame 201 time is 0.674ms
04-11 02:55:54.779 26238 26256 I native-activity: Swap 201 time is 37.903ms
04-11 02:55:54.779 26238 26256 I native-activity: Animating
04-11 02:55:54.780 26238 26256 I native-activity: Frame 202 GL error is 0x0
04-11 02:55:54.780 26238 26256 I native-activity: Frame 202 time is 0.650ms
04-11 02:55:54.817 26238 26256 I native-activity: Swap 202 time is 37.906ms
04-11 02:55:54.818 26238 26256 I native-activity: Animating
04-11 02:55:54.820 26238 26256 I native-activity: Frame 203 GL error is 0x0
04-11 02:55:54.820 26238 26256 I native-activity: Frame 203 time is 2.162ms
04-11 02:55:54.816    93    93 I Kernel  : [310594.431564] (1)[93:irq/258-inv_irq]inv_mpu_iio: inv_push_8bytes_buffer: Received Accel Sensor Data at Driver Layer -528, 1752, -16440
04-11 02:55:54.857 26238 26256 I native-activity: Swap 203 time is 39.494ms
04-11 02:55:54.857 26238 26256 I native-activity: Animating
04-11 02:55:54.858 26238 26256 I native-activity: Frame 204 GL error is 0x0
04-11 02:55:54.858 26238 26256 I native-activity: Frame 204 time is 0.668ms
04-11 02:55:54.896 26238 26256 I native-activity: Swap 204 time is 38.124ms
04-11 02:55:54.896 26238 26256 I native-activity: Animating
04-11 02:55:54.897 26238 26256 I native-activity: Frame 205 GL error is 0x0
04-11 02:55:54.897 26238 26256 I native-activity: Frame 205 time is 0.655ms
04-11 02:55:54.937 26238 26256 I native-activity: Swap 205 time is 40.678ms
04-11 02:55:54.937 26238 26256 I native-activity: Animating
04-11 02:55:54.937 26238 26256 I native-activity: Frame 206 GL error is 0x0
04-11 02:55:54.937 26238 26256 I native-activity: Frame 206 time is 0.466ms
04-11 02:55:54.979 26238 26256 I native-activity: Swap 206 time is 42.115ms
04-11 02:55:54.979 26238 26256 I native-activity: Animating
04-11 02:55:54.979 26238 26256 I native-activity: Frame 207 GL error is 0x0
04-11 02:55:54.980 26238 26256 I native-activity: Frame 207 time is 0.365ms
04-11 02:55:55.021 26238 26256 I native-activity: Swap 207 time is 41.665ms
04-11 02:55:55.021 26238 26256 I native-activity: Animating
04-11 02:55:55.021 26238 26256 I native-activity: Frame 208 GL error is 0x0
04-11 02:55:55.021 26238 26256 I native-activity: Frame 208 time is 0.409ms
04-11 02:55:55.066 26238 26256 I native-activity: Swap 208 time is 44.439ms
04-11 02:55:55.066 26238 26256 I native-activity: Animating
04-11 02:55:55.066 26238 26256 I native-activity: Frame 209 GL error is 0x0
04-11 02:55:55.066 26238 26256 I native-activity: Frame 209 time is 0.362ms
04-11 02:55:55.105 26238 26256 I native-activity: Swap 209 time is 39.226ms
04-11 02:55:55.105 26238 26256 I native-activity: Animating
04-11 02:55:55.106 26238 26256 I native-activity: Frame 210 GL error is 0x0
04-11 02:55:55.106 26238 26256 I native-activity: Frame 210 time is 0.483ms
04-11 02:55:55.116    93    93 I Kernel  : [310594.733797] (2)[93:irq/258-inv_irq]inv_mpu_iio: inv_read_fifo: Received Sensor Interrupt to read FIFO and Fifo_count is 6
04-11 02:55:55.143 26238 26256 I native-activity: Swap 210 time is 38.131ms
04-11 02:55:55.143 26238 26256 I native-activity: Animating
04-11 02:55:55.144 26238 26256 I native-activity: Frame 211 GL error is 0x0
04-11 02:55:55.144 26238 26256 I native-activity: Frame 211 time is 0.358ms
04-11 02:55:55.181 26238 26256 I native-activity: Swap 211 time is 37.308ms
04-11 02:55:55.181 26238 26256 I native-activity: Animating
04-11 02:55:55.182 26238 26256 I native-activity: Frame 212 GL error is 0x0
04-11 02:55:55.184 26238 26256 I native-activity: Frame 212 time is 0.655ms
04-11 02:55:55.222 26238 26256 I native-activity: Swap 212 time is 40.527ms
04-11 02:55:55.222 26238 26256 I native-activity: Animating
04-11 02:55:55.222 26238 26256 I native-activity: Frame 213 GL error is 0x0
04-11 02:55:55.222 26238 26256 I native-activity: Frame 213 time is 0.390ms
04-11 02:55:55.259 26238 26256 I native-activity: Swap 213 time is 37.521ms
04-11 02:55:55.259 26238 26256 I native-activity: Animating
04-11 02:55:55.260 26238 26256 I native-activity: Frame 214 GL error is 0x0
04-11 02:55:55.260 26238 26256 I native-activity: Frame 214 time is 0.314ms
04-11 02:55:55.297 26238 26256 I native-activity: Swap 214 time is 37.334ms
04-11 02:55:55.297 26238 26256 I native-activity: Animating
04-11 02:55:55.297 26238 26256 I native-activity: Frame 215 GL error is 0x0
04-11 02:55:55.297 26238 26256 I native-activity: Frame 215 time is 0.313ms
04-11 02:55:55.336 26238 26256 I native-activity: Swap 215 time is 39.065ms
04-11 02:55:55.336 26238 26256 I native-activity: Animating
04-11 02:55:55.337 26238 26256 I native-activity: Frame 216 GL error is 0x0
04-11 02:55:55.337 26238 26256 I native-activity: Frame 216 time is 0.376ms
04-11 02:55:55.376 26238 26256 I native-activity: Swap 216 time is 39.677ms
04-11 02:55:55.376 26238 26256 I native-activity: Animating
04-11 02:55:55.377 26238 26256 I native-activity: Frame 217 GL error is 0x0
04-11 02:55:55.377 26238 26256 I native-activity: Frame 217 time is 0.383ms
04-11 02:55:55.415 26238 26256 I native-activity: Swap 217 time is 38.832ms
04-11 02:55:55.415 26238 26256 I native-activity: Animating
04-11 02:55:55.416 26238 26256 I native-activity: Frame 218 GL error is 0x0
04-11 02:55:55.416 26238 26256 I native-activity: Frame 218 time is 0.757ms
04-11 02:55:55.459 26238 26256 I native-activity: Swap 218 time is 43.541ms
04-11 02:55:55.459 26238 26256 I native-activity: Animating
04-11 02:55:55.460 26238 26256 I native-activity: Frame 219 GL error is 0x0
04-11 02:55:55.461 26238 26256 I native-activity: Frame 219 time is 1.635ms
04-11 02:55:55.506 26238 26256 I native-activity: Swap 219 time is 46.832ms
04-11 02:55:55.506 26238 26256 I native-activity: Animating
04-11 02:55:55.506 26238 26256 I native-activity: Frame 220 GL error is 0x0
04-11 02:55:55.506 26238 26256 I native-activity: Frame 220 time is 0.364ms
04-11 02:55:55.545 26238 26256 I native-activity: Swap 220 time is 39.403ms
04-11 02:55:55.546 26238 26256 I native-activity: Animating
04-11 02:55:55.546 26238 26256 I native-activity: Frame 221 GL error is 0x0
04-11 02:55:55.546 26238 26256 I native-activity: Frame 221 time is 0.376ms
04-11 02:55:55.584 26238 26256 I native-activity: Swap 221 time is 38.701ms
04-11 02:55:55.585 26238 26256 I native-activity: Animating
04-11 02:55:55.585 26238 26256 I native-activity: Frame 222 GL error is 0x0
04-11 02:55:55.585 26238 26256 I native-activity: Frame 222 time is 0.392ms
04-11 02:55:55.622 26238 26256 I native-activity: Swap 222 time is 37.476ms
04-11 02:55:55.622 26238 26256 I native-activity: Animating
04-11 02:55:55.623 26238 26256 I native-activity: Frame 223 GL error is 0x0
04-11 02:55:55.623 26238 26256 I native-activity: Frame 223 time is 0.603ms
04-11 02:55:55.660 26238 26256 I native-activity: Swap 223 time is 37.718ms
04-11 02:55:55.660 26238 26256 I native-activity: Animating
04-11 02:55:55.663 26238 26256 I native-activity: Frame 224 GL error is 0x0
04-11 02:55:55.663 26238 26256 I native-activity: Frame 224 time is 2.389ms
04-11 02:55:55.700 26238 26256 I native-activity: Swap 224 time is 39.978ms
04-11 02:55:55.701 26238 26256 I native-activity: Animating
04-11 02:55:55.946    93    93 I Kernel  : [310595.564368] (2)[93:irq/258-inv_irq]inv_mpu_iio: inv_read_fifo: Received Sensor Interrupt to read FIFO and Fifo_count is 6
04-11 02:55:56.148 26238 26256 I native-activity: Frame 225 GL error is 0x501
04-11 02:55:56.148 26238 26256 I native-activity: Frame 225 time is 445.811ms
04-11 02:55:56.230 26238 26256 I native-activity: Swap 225 time is 527.540ms
04-11 02:55:56.231 26238 26256 I native-activity: Animating
04-11 02:55:56.234 26238 26256 I native-activity: Frame 226 GL error is 0x0
04-11 02:55:56.234 26238 26256 I native-activity: Frame 226 time is 3.013ms
04-11 02:55:56.274 26238 26256 I native-activity: Swap 226 time is 43.429ms
04-11 02:55:56.274 26238 26256 I native-activity: Animating
04-11 02:55:56.298 26238 26256 I native-activity: Frame 227 GL error is 0x0
04-11 02:55:56.298 26238 26256 I native-activity: Frame 227 time is 23.451ms
04-11 02:55:56.358 26238 26256 I native-activity: Swap 227 time is 83.986ms
04-11 02:55:56.359 26238 26256 I native-activity: Animating
04-11 02:55:56.362 26238 26256 I native-activity: Frame 228 GL error is 0x0
04-11 02:55:56.362 26238 26256 I native-activity: Frame 228 time is 3.333ms
04-11 02:55:56.420 26238 26256 I native-activity: Swap 228 time is 61.013ms
04-11 02:55:56.420 26238 26256 I native-activity: Animating
04-11 02:55:56.423 26238 26256 I native-activity: Frame 229 GL error is 0x0
04-11 02:55:56.423 26238 26256 I native-activity: Frame 229 time is 3.169ms
04-11 02:55:56.481 26238 26256 I native-activity: Swap 229 time is 60.855ms
04-11 02:55:56.481 26238 26256 I native-activity: Animating
04-11 02:55:56.486 26238 26256 I native-activity: Frame 230 GL error is 0x0
04-11 02:55:56.486 26238 26256 I native-activity: Frame 230 time is 5.260ms
04-11 02:55:56.544 26238 26256 I native-activity: Swap 230 time is 62.893ms
04-11 02:55:56.544 26238 26256 I native-activity: Animating
04-11 02:55:56.547 26238 26256 I native-activity: Frame 231 GL error is 0x0
04-11 02:55:56.547 26238 26256 I native-activity: Frame 231 time is 3.408ms
04-11 02:55:56.606 26238 26256 I native-activity: Swap 231 time is 62.100ms
04-11 02:55:56.606 26238 26256 I native-activity: Animating
04-11 02:55:56.746   169   169 I Kernel  : [310596.360176] (1)[169:healthd]healthd: battery l=23 v=3594 t=27.0 h=2 st=2 chg=u
04-11 02:55:56.776    93    93 I Kernel  : [310596.394895] (2)[93:irq/258-inv_irq]inv_mpu_iio: inv_read_fifo: Received Sensor Interrupt to read FIFO and Fifo_count is 6
04-11 02:55:56.818 26238 26256 I native-activity: Frame 232 GL error is 0x501
04-11 02:55:56.818 26238 26256 I native-activity: Frame 232 time is 211.997ms
04-11 02:55:56.862 26238 26256 I native-activity: Swap 232 time is 255.796ms
04-11 02:55:56.863 26238 26256 I native-activity: Animating
04-11 02:55:57.091 26238 26256 I native-activity: Frame 233 GL error is 0x501
04-11 02:55:57.091 26238 26256 I native-activity: Frame 233 time is 228.581ms
04-11 02:55:57.147 26238 26256 I native-activity: Swap 233 time is 283.856ms
04-11 02:55:57.147 26238 26256 I native-activity: Animating
04-11 02:55:57.151 26238 26256 I native-activity: Frame 234 GL error is 0x0
04-11 02:55:57.151 26238 26256 I native-activity: Frame 234 time is 3.780ms
04-11 02:55:57.206 26238 26256 I native-activity: Swap 234 time is 59.212ms
04-11 02:55:57.206 26238 26256 I native-activity: Animating
04-11 02:55:57.208 26238 26256 I native-activity: Frame 235 GL error is 0x0
04-11 02:55:57.208 26238 26256 I native-activity: Frame 235 time is 1.850ms
04-11 02:55:57.252 26238 26256 I native-activity: Swap 235 time is 45.380ms
04-11 02:55:57.252 26238 26256 I native-activity: Animating
04-11 02:55:57.254 26238 26256 I native-activity: Frame 236 GL error is 0x0
04-11 02:55:57.254 26238 26256 I native-activity: Frame 236 time is 1.648ms
04-11 02:55:57.297 26238 26256 I native-activity: Swap 236 time is 45.150ms
04-11 02:55:57.297 26238 26256 I native-activity: Animating
04-11 02:55:57.299 26238 26256 I native-activity: Frame 237 GL error is 0x0
04-11 02:55:57.299 26238 26256 I native-activity: Frame 237 time is 1.580ms
04-11 02:55:57.342 26238 26256 I native-activity: Swap 237 time is 45.027ms
04-11 02:55:57.343 26238 26256 I native-activity: Animating
04-11 02:55:57.344 26238 26256 I native-activity: Frame 238 GL error is 0x0
04-11 02:55:57.344 26238 26256 I native-activity: Frame 238 time is 1.600ms
04-11 02:55:57.388 26238 26256 I native-activity: Swap 238 time is 45.071ms
04-11 02:55:57.388 26238 26256 I native-activity: Animating
04-11 02:55:57.390 26238 26256 I native-activity: Frame 239 GL error is 0x0
04-11 02:55:57.390 26238 26256 I native-activity: Frame 239 time is 1.890ms
04-11 02:55:57.433 26238 26256 I native-activity: Swap 239 time is 45.458ms
04-11 02:55:57.433 26238 26256 I native-activity: Animating
04-11 02:55:57.606    93    93 I Kernel  : [310597.225350] (2)[93:irq/258-inv_irq]inv_mpu_iio: inv_read_fifo: Received Sensor Interrupt to read FIFO and Fifo_count is 6
04-11 02:55:57.747 26238 26256 I native-activity: Frame 240 GL error is 0x501
04-11 02:55:57.747 26238 26256 I native-activity: Frame 240 time is 313.453ms
04-11 02:55:57.802 26238 26256 I native-activity: Swap 240 time is 368.969ms
04-11 02:55:57.803 26238 26256 I native-activity: Animating
04-11 02:55:58.199 26238 26256 I native-activity: Frame 241 GL error is 0x501
04-11 02:55:58.199 26238 26256 I native-activity: Frame 241 time is 396.265ms
04-11 02:55:58.254 26238 26256 I native-activity: Swap 241 time is 451.355ms
04-11 02:55:58.255 26238 26256 I native-activity: Animating
04-11 02:55:58.284 26238 26256 I native-activity: Frame 242 GL error is 0x0
04-11 02:55:58.284 26238 26256 I native-activity: Frame 242 time is 29.506ms
04-11 02:55:58.340 26238 26256 I native-activity: Swap 242 time is 85.008ms
04-11 02:55:58.340 26238 26256 I native-activity: Animating
04-11 02:55:58.348 26238 26256 I native-activity: Frame 243 GL error is 0x0
04-11 02:55:58.348 26238 26256 I native-activity: Frame 243 time is 8.279ms
04-11 02:55:58.403 26238 26256 I native-activity: Swap 243 time is 63.417ms
04-11 02:55:58.403 26238 26256 I native-activity: Animating
04-11 02:55:58.419 26238 26256 I native-activity: Frame 244 GL error is 0x0
04-11 02:55:58.419 26238 26256 I native-activity: Frame 244 time is 15.942ms
04-11 02:55:58.436    93    93 I Kernel  : [310598.055850] (2)[93:irq/258-inv_irq]inv_mpu_iio: inv_read_fifo: Received Sensor Interrupt to read FIFO and Fifo_count is 6
04-11 02:55:58.463 26238 26256 I native-activity: Swap 244 time is 59.756ms
04-11 02:55:58.463 26238 26256 I native-activity: Animating
04-11 02:55:58.517 26238 26256 I native-activity: Frame 245 GL error is 0x0
04-11 02:55:58.517 26238 26256 I native-activity: Frame 245 time is 53.687ms
04-11 02:55:58.569 26238 26256 I native-activity: Swap 245 time is 105.931ms
04-11 02:55:58.569 26238 26256 I native-activity: Animating
04-11 02:55:58.639 26238 26256 I native-activity: Frame 246 GL error is 0x501
04-11 02:55:58.639 26238 26256 I native-activity: Frame 246 time is 69.510ms
04-11 02:55:58.691 26238 26256 I native-activity: Swap 246 time is 121.312ms
04-11 02:55:58.691 26238 26256 I native-activity: Animating
04-11 02:55:58.729 26238 26256 I native-activity: Frame 247 GL error is 0x501
04-11 02:55:58.729 26238 26256 I native-activity: Frame 247 time is 37.817ms
04-11 02:55:58.784 26238 26256 I native-activity: Swap 247 time is 92.969ms
04-11 02:55:58.784 26238 26256 I native-activity: Animating
04-11 02:55:58.791 26238 26256 I native-activity: Frame 248 GL error is 0x0
04-11 02:55:58.791 26238 26256 I native-activity: Frame 248 time is 6.889ms
04-11 02:55:58.849 26238 26256 I native-activity: Swap 248 time is 64.759ms
04-11 02:55:58.849 26238 26256 I native-activity: Animating
04-11 02:55:58.869 26238 26256 I native-activity: Frame 249 GL error is 0x501
04-11 02:55:58.869 26238 26256 I native-activity: Frame 249 time is 20.512ms
04-11 02:55:58.926 26238 26256 I native-activity: Swap 249 time is 77.433ms
04-11 02:55:58.926 26238 26256 I native-activity: Animating
04-11 02:55:58.936 26238 26256 I native-activity: Frame 250 GL error is 0x0
04-11 02:55:58.936 26238 26256 I native-activity: Frame 250 time is 9.922ms
04-11 02:55:58.993 26238 26256 I native-activity: Swap 250 time is 66.597ms
04-11 02:55:58.993 26238 26256 I native-activity: Animating
04-11 02:55:59.016 26238 26256 I native-activity: Frame 251 GL error is 0x0
04-11 02:55:59.016 26238 26256 I native-activity: Frame 251 time is 22.957ms
04-11 02:55:59.072 26238 26256 I native-activity: Swap 251 time is 78.547ms
04-11 02:55:59.072 26238 26256 I native-activity: Animating
04-11 02:55:59.085 26238 26256 I native-activity: Frame 252 GL error is 0x501
04-11 02:55:59.085 26238 26256 I native-activity: Frame 252 time is 13.588ms
04-11 02:55:59.143 26238 26256 I native-activity: Swap 252 time is 71.594ms
04-11 02:55:59.144 26238 26256 I native-activity: Animating
04-11 02:55:59.159 26238 26256 I native-activity: Frame 253 GL error is 0x0
04-11 02:55:59.159 26238 26256 I native-activity: Frame 253 time is 15.433ms
04-11 02:55:59.214 26238 26256 I native-activity: Swap 253 time is 70.632ms
04-11 02:55:59.214 26238 26256 I native-activity: Animating
04-11 02:55:59.232 26238 26256 I native-activity: Frame 254 GL error is 0x0
04-11 02:55:59.232 26238 26256 I native-activity: Frame 254 time is 17.307ms
04-11 02:55:59.266    93    93 I Kernel  : [310598.886254] (2)[93:irq/258-inv_irq]inv_mpu_iio: inv_read_fifo: Received Sensor Interrupt to read FIFO and Fifo_count is 6
04-11 02:55:59.288 26238 26256 I native-activity: Swap 254 time is 73.139ms
04-11 02:55:59.288 26238 26256 I native-activity: Animating
04-11 02:55:59.293 26238 26256 I native-activity: Frame 255 GL error is 0x0
04-11 02:55:59.293 26238 26256 I native-activity: Frame 255 time is 5.258ms
04-11 02:55:59.351 26238 26256 I native-activity: Swap 255 time is 63.492ms
04-11 02:55:59.351 26238 26256 I native-activity: Animating
04-11 02:55:59.376 26238 26256 I native-activity: Frame 256 GL error is 0x0
04-11 02:55:59.376 26238 26256 I native-activity: Frame 256 time is 24.247ms
04-11 02:55:59.431 26238 26256 I native-activity: Swap 256 time is 80.095ms
04-11 02:55:59.432 26238 26256 I native-activity: Animating
04-11 02:55:59.437 26238 26256 I native-activity: Frame 257 GL error is 0x0
04-11 02:55:59.437 26238 26256 I native-activity: Frame 257 time is 5.526ms
04-11 02:55:59.495 26238 26256 I native-activity: Swap 257 time is 63.398ms
04-11 02:55:59.495 26238 26256 I native-activity: Animating
04-11 02:55:59.516 26238 26256 I native-activity: Frame 258 GL error is 0x0
04-11 02:55:59.516 26238 26256 I native-activity: Frame 258 time is 21.302ms
04-11 02:55:59.575 26238 26256 I native-activity: Swap 258 time is 80.071ms
04-11 02:55:59.575 26238 26256 I native-activity: Animating
04-11 02:55:59.581 26238 26256 I native-activity: Context 0x546fc7f8 made current on surface 0x5446bbf8, error 0x3000
04-11 02:55:59.581 26238 26256 I native-activity: GL information
04-11 02:55:59.581 26238 26256 I native-activity: 	Renderer: PowerVR Rogue G6200
04-11 02:55:59.581 26238 26256 I native-activity: 	Vendor: Imagination Technologies
04-11 02:55:59.581 26238 26256 I native-activity: 	Version: OpenGL ES 3.1 build 1.4@3573678
04-11 02:55:59.581 26238 26256 I native-activity: 	Shading Language: OpenGL ES GLSL ES 3.10 build 1.4@3573678
04-11 02:55:59.581 26238 26256 I native-activity: 	Extensions: GL_EXT_debug_marker GL_EXT_blend_minmax GL_EXT_color_buffer_float GL_EXT_discard_framebuffer GL_EXT_draw_buffers GL_EXT_multi_draw_arrays GL_EXT_multisampled_render_to_texture GL_EXT_occlusion_query_boolean GL_EXT_read_format_bgra GL_EXT_robustness GL_EXT_separate_shader_objects GL_EXT_shader_framebuffer_fetch GL_EXT_shader_texture_lod GL_EXT_texture_filter_anisotropic GL_EXT_texture_format_BGRA8888 GL_EXT_texture_rg GL_EXT_texture_sRGB_decode GL_IMG_multisampled_render_to_texture GL_IMG_program_binary GL_IMG_read_format GL_IMG_shader_binary GL_IMG_texture_compression_pvrtc GL_IMG_texture_compression_pvrtc2 GL_IMG_texture_format_BGRA8888 GL_IMG_texture_npot GL_KHR_blend_equation_advanced GL_KHR_blend_equation_advanced_coherent GL_KHR_debug GL_OES_compressed_ETC1_RGB8_texture GL_OES_depth24 GL_OES_depth_texture GL_OES_EGL_image GL_OES_EGL_image_external GL_OES_EGL_sync GL_OES_element_index_uint GL_OES_fragment_precision_high GL_OES_get_program_binary GL_OES_mapbuffer GL_OES_packed_depth_stencil G
04-11 02:55:59.581 26238 26256 I native-activity: Context 0x546fc7f8 made current on surface 0x5446bbf8, error 0x3000
04-11 02:55:59.581 26238 26256 I native-activity: GL information
04-11 02:55:59.581 26238 26256 I native-activity: 	Renderer: PowerVR Rogue G6200
04-11 02:55:59.581 26238 26256 I native-activity: 	Vendor: Imagination Technologies
04-11 02:55:59.581 26238 26256 I native-activity: 	Version: OpenGL ES 3.1 build 1.4@3573678
04-11 02:55:59.581 26238 26256 I native-activity: 	Shading Language: OpenGL ES GLSL ES 3.10 build 1.4@3573678
04-11 02:55:59.581 26238 26256 I native-activity: 	Extensions: GL_EXT_debug_marker GL_EXT_blend_minmax GL_EXT_color_buffer_float GL_EXT_discard_framebuffer GL_EXT_draw_buffers GL_EXT_multi_draw_arrays GL_EXT_multisampled_render_to_texture GL_EXT_occlusion_query_boolean GL_EXT_read_format_bgra GL_EXT_robustness GL_EXT_separate_shader_objects GL_EXT_shader_framebuffer_fetch GL_EXT_shader_texture_lod GL_EXT_texture_filter_anisotropic GL_EXT_texture_format_BGRA8888 GL_EXT_texture_rg GL_EXT_texture_sRGB_decode GL_IMG_multisampled_render_to_texture GL_IMG_program_binary GL_IMG_read_format GL_IMG_shader_binary GL_IMG_texture_compression_pvrtc GL_IMG_texture_compression_pvrtc2 GL_IMG_texture_format_BGRA8888 GL_IMG_texture_npot GL_KHR_blend_equation_advanced GL_KHR_blend_equation_advanced_coherent GL_KHR_debug GL_OES_compressed_ETC1_RGB8_texture GL_OES_depth24 GL_OES_depth_texture GL_OES_EGL_image GL_OES_EGL_image_external GL_OES_EGL_sync GL_OES_element_index_uint GL_OES_fragment_precision_high GL_OES_get_program_binary GL_OES_mapbuffer GL_OES_packed_depth_stencil G
04-11 02:55:59.581 26238 26256 I native-activity: Frame 259 GL error is 0x501
04-11 02:55:59.581 26238 26256 I native-activity: Frame 259 time is 5.283ms
04-11 02:55:59.639 26238 26256 I native-activity: Swap 259 time is 63.543ms
04-11 02:55:59.639 26238 26256 I native-activity: Animating
04-11 02:55:59.653 26238 26256 I native-activity: Frame 260 GL error is 0x500
04-11 02:55:59.653 26238 26256 I native-activity: Frame 260 time is 14.103ms
04-11 02:55:59.636    93    93 I Kernel  : [310599.254755] (2)[93:irq/258-inv_irq]inv_mpu_iio: inv_push_8bytes_buffer: Received Accel Sensor Data at Driver Layer -496, 1724, -16500
04-11 02:55:59.707 26238 26256 I native-activity: Swap 260 time is 67.766ms
04-11 02:55:59.707 26238 26256 I native-activity: Animating
04-11 02:55:59.722 26238 26256 I native-activity: Frame 261 GL error is 0x0
04-11 02:55:59.722 26238 26256 I native-activity: Frame 261 time is 14.586ms
04-11 02:55:59.777 26238 26256 I native-activity: Swap 261 time is 69.483ms
04-11 02:55:59.777 26238 26256 I native-activity: Animating
04-11 02:55:59.793 26238 26256 I native-activity: Frame 262 GL error is 0x0
04-11 02:55:59.793 26238 26256 I native-activity: Frame 262 time is 16.280ms
04-11 02:55:59.848 26238 26256 I native-activity: Swap 262 time is 70.907ms
04-11 02:55:59.848 26238 26256 I native-activity: Animating
04-11 02:55:59.868 26238 26256 I native-activity: Frame 263 GL error is 0x0
04-11 02:55:59.868 26238 26256 I native-activity: Frame 263 time is 19.764ms
04-11 02:55:59.923 26238 26256 I native-activity: Swap 263 time is 75.071ms
04-11 02:55:59.923 26238 26256 I native-activity: Animating
04-11 02:55:59.939 26238 26256 I native-activity: Frame 264 GL error is 0x0
04-11 02:55:59.939 26238 26256 I native-activity: Frame 264 time is 15.878ms
04-11 02:55:59.995 26238 26256 I native-activity: Swap 264 time is 71.432ms
04-11 02:55:59.995 26238 26256 I native-activity: Animating
04-11 02:56:00.008 26238 26256 I native-activity: Frame 265 GL error is 0x0
04-11 02:56:00.008 26238 26256 I native-activity: Frame 265 time is 13.122ms
04-11 02:56:00.066 26238 26256 I native-activity: Swap 265 time is 70.714ms
04-11 02:56:00.066 26238 26256 I native-activity: Animating
04-11 02:56:00.084 26238 26256 I native-activity: Frame 266 GL error is 0x0
04-11 02:56:00.084 26238 26256 I native-activity: Frame 266 time is 18.440ms
04-11 02:56:00.106    93    93 I Kernel  : [310599.716863] (2)[93:irq/258-inv_irq]inv_mpu_iio: inv_read_fifo: Received Sensor Interrupt to read FIFO and Fifo_count is 6
04-11 02:56:00.139 26238 26256 I native-activity: Swap 266 time is 73.466ms
04-11 02:56:00.140 26238 26256 I native-activity: Animating
04-11 02:56:00.160 26238 26256 I native-activity: Frame 267 GL error is 0x0
04-11 02:56:00.160 26238 26256 I native-activity: Frame 267 time is 20.635ms
04-11 02:56:00.215 26238 26256 I native-activity: Swap 267 time is 75.739ms
04-11 02:56:00.216 26238 26256 I native-activity: Animating
04-11 02:56:00.231 26238 26256 I native-activity: Frame 268 GL error is 0x0
04-11 02:56:00.231 26238 26256 I native-activity: Frame 268 time is 15.748ms
04-11 02:56:00.287 26238 26256 I native-activity: Swap 268 time is 70.896ms
04-11 02:56:00.287 26238 26256 I native-activity: Animating
04-11 02:56:00.306 26238 26256 I native-activity: Frame 269 GL error is 0x0
04-11 02:56:00.306 26238 26256 I native-activity: Frame 269 time is 18.913ms
04-11 02:56:00.362 26238 26256 I native-activity: Swap 269 time is 75.072ms
04-11 02:56:00.362 26238 26256 I native-activity: Animating
04-11 02:56:00.390 26238 26256 I native-activity: Frame 270 GL error is 0x0
04-11 02:56:00.390 26238 26256 I native-activity: Frame 270 time is 28.062ms
04-11 02:56:00.443 26238 26256 I native-activity: Swap 270 time is 81.259ms
04-11 02:56:00.443 26238 26256 I native-activity: Animating
04-11 02:56:00.460 26238 26256 I native-activity: Frame 271 GL error is 0x0
04-11 02:56:00.460 26238 26256 I native-activity: Frame 271 time is 16.250ms
04-11 02:56:00.515 26238 26256 I native-activity: Swap 271 time is 71.124ms
04-11 02:56:00.515 26238 26256 I native-activity: Animating
04-11 02:56:00.534 26238 26256 I native-activity: Frame 272 GL error is 0x0
04-11 02:56:00.534 26238 26256 I native-activity: Frame 272 time is 18.918ms
04-11 02:56:00.588 26238 26256 I native-activity: Swap 272 time is 73.495ms
04-11 02:56:00.588 26238 26256 I native-activity: Animating
04-11 02:56:00.594 26238 26256 I native-activity: Frame 273 GL error is 0x0
04-11 02:56:00.594 26238 26256 I native-activity: Frame 273 time is 5.142ms
04-11 02:56:00.651 26238 26256 I native-activity: Swap 273 time is 62.854ms
04-11 02:56:00.652 26238 26256 I native-activity: Animating
04-11 02:56:00.690 26238 26256 I native-activity: Frame 274 GL error is 0x501
04-11 02:56:00.690 26238 26256 I native-activity: Frame 274 time is 38.829ms
04-11 02:56:00.748 26238 26256 I native-activity: Swap 274 time is 96.009ms
04-11 02:56:00.748 26238 26256 I native-activity: Animating
04-11 02:56:00.753 26238 26256 I native-activity: Frame 275 GL error is 0x0
04-11 02:56:00.753 26238 26256 I native-activity: Frame 275 time is 5.522ms
04-11 02:56:00.811 26238 26256 I native-activity: Swap 275 time is 63.047ms
04-11 02:56:00.811 26238 26256 I native-activity: Animating
04-11 02:56:00.830 26238 26256 I native-activity: Frame 276 GL error is 0x0
04-11 02:56:00.830 26238 26256 I native-activity: Frame 276 time is 19.403ms
04-11 02:56:00.885 26238 26256 I native-activity: Swap 276 time is 73.891ms
04-11 02:56:00.885 26238 26256 I native-activity: Animating
04-11 02:56:00.901 26238 26256 I native-activity: Frame 277 GL error is 0x0
04-11 02:56:00.901 26238 26256 I native-activity: Frame 277 time is 16.386ms
04-11 02:56:00.936    93    93 I Kernel  : [310600.547505] (2)[93:irq/258-inv_irq]inv_mpu_iio: inv_read_fifo: Received Sensor Interrupt to read FIFO and Fifo_count is 6
04-11 02:56:00.957 26238 26256 I native-activity: Swap 277 time is 71.672ms
04-11 02:56:00.957 26238 26256 I native-activity: Animating
04-11 02:56:00.973 26238 26256 I native-activity: Frame 278 GL error is 0x0
04-11 02:56:00.973 26238 26256 I native-activity: Frame 278 time is 16.152ms
04-11 02:56:01.028 26238 26256 I native-activity: Swap 278 time is 71.025ms
04-11 02:56:01.028 26238 26256 I native-activity: Animating
04-11 02:56:01.033 26238 26256 I native-activity: Frame 279 GL error is 0x0
04-11 02:56:01.033 26238 26256 I native-activity: Frame 279 time is 5.333ms
04-11 02:56:01.091 26238 26256 I native-activity: Swap 279 time is 62.688ms
04-11 02:56:01.091 26238 26256 I native-activity: Animating
04-11 02:56:01.106 26238 26256 I native-activity: Frame 280 GL error is 0x0
04-11 02:56:01.106 26238 26256 I native-activity: Frame 280 time is 15.418ms
04-11 02:56:01.161 26238 26256 I native-activity: Swap 280 time is 70.109ms
04-11 02:56:01.161 26238 26256 I native-activity: Animating
04-11 02:56:01.180 26238 26256 I native-activity: Frame 281 GL error is 0x0
04-11 02:56:01.180 26238 26256 I native-activity: Frame 281 time is 19.047ms
04-11 02:56:01.235 26238 26256 I native-activity: Swap 281 time is 73.811ms
04-11 02:56:01.235 26238 26256 I native-activity: Animating
04-11 02:56:01.254 26238 26256 I native-activity: Frame 282 GL error is 0x0
04-11 02:56:01.254 26238 26256 I native-activity: Frame 282 time is 18.546ms
04-11 02:56:01.309 26238 26256 I native-activity: Swap 282 time is 73.033ms
04-11 02:56:01.309 26238 26256 I native-activity: Animating
04-11 02:56:01.314 26238 26256 I native-activity: Frame 283 GL error is 0x0
04-11 02:56:01.314 26238 26256 I native-activity: Frame 283 time is 5.022ms
04-11 02:56:01.371 26238 26256 I native-activity: Swap 283 time is 62.477ms
04-11 02:56:01.371 26238 26256 I native-activity: Animating
04-11 02:56:01.387 26238 26256 I native-activity: Frame 284 GL error is 0x0
04-11 02:56:01.387 26238 26256 I native-activity: Frame 284 time is 16.056ms
04-11 02:56:01.442 26238 26256 I native-activity: Swap 284 time is 70.978ms
04-11 02:56:01.442 26238 26256 I native-activity: Animating
04-11 02:56:01.459 26238 26256 I native-activity: Frame 285 GL error is 0x0
04-11 02:56:01.459 26238 26256 I native-activity: Frame 285 time is 16.900ms
04-11 02:56:01.513 26238 26256 I native-activity: Swap 285 time is 70.935ms
04-11 02:56:01.514 26238 26256 I native-activity: Animating
04-11 02:56:01.541 26238 26256 I native-activity: Frame 286 GL error is 0x0
04-11 02:56:01.542 26238 26256 I native-activity: Frame 286 time is 28.087ms
04-11 02:56:01.596 26238 26256 I native-activity: Swap 286 time is 82.364ms
04-11 02:56:01.597 26238 26256 I native-activity: Animating
04-11 02:56:01.609 26238 26256 I native-activity: Frame 287 GL error is 0x0
04-11 02:56:01.609 26238 26256 I native-activity: Frame 287 time is 12.101ms
04-11 02:56:01.665 26238 26256 I native-activity: Swap 287 time is 67.861ms
04-11 02:56:01.665 26238 26256 I native-activity: Animating
04-11 02:56:01.689 26238 26256 I native-activity: Frame 288 GL error is 0x0
04-11 02:56:01.689 26238 26256 I native-activity: Frame 288 time is 24.234ms
04-11 02:56:01.743 26238 26256 I native-activity: Swap 288 time is 77.455ms
04-11 02:56:01.743 26238 26256 I native-activity: Animating
04-11 02:56:01.766 26238 26256 I native-activity: Frame 289 GL error is 0x0
04-11 02:56:01.766 26238 26256 I native-activity: Frame 289 time is 22.847ms
04-11 02:56:01.766    93    93 I Kernel  : [310601.378100] (0)[93:irq/258-inv_irq]inv_mpu_iio: inv_read_fifo: Received Sensor Interrupt to read FIFO and Fifo_count is 6
04-11 02:56:01.819 26238 26256 I native-activity: Swap 289 time is 76.344ms
04-11 02:56:01.820 26238 26256 I native-activity: Animating
04-11 02:56:01.845 26238 26256 I native-activity: Frame 290 GL error is 0x0
04-11 02:56:01.845 26238 26256 I native-activity: Frame 290 time is 23.073ms
04-11 02:56:01.898 26238 26256 I native-activity: Swap 290 time is 76.206ms
04-11 02:56:01.898 26238 26256 I native-activity: Animating
04-11 02:56:01.909 26238 26256 I native-activity: Frame 291 GL error is 0x0
04-11 02:56:01.909 26238 26256 I native-activity: Frame 291 time is 10.515ms
04-11 02:56:01.966 26238 26256 I native-activity: Swap 291 time is 67.722ms
04-11 02:56:01.968 26238 26256 I native-activity: Animating
04-11 02:56:01.993 26238 26256 I native-activity: Frame 292 GL error is 0x0
04-11 02:56:01.993 26238 26256 I native-activity: Frame 292 time is 24.226ms
04-11 02:56:02.049 26238 26256 I native-activity: Swap 292 time is 79.301ms
04-11 02:56:02.051 26238 26256 I native-activity: Animating
04-11 02:56:02.083 26238 26256 I native-activity: Frame 293 GL error is 0x0
04-11 02:56:02.083 26238 26256 I native-activity: Frame 293 time is 31.311ms
04-11 02:56:02.138 26238 26256 I native-activity: Swap 293 time is 85.726ms
04-11 02:56:02.138 26238 26256 I native-activity: Animating
04-11 02:56:02.157 26238 26256 I native-activity: Frame 294 GL error is 0x0
04-11 02:56:02.157 26238 26256 I native-activity: Frame 294 time is 19.013ms
04-11 02:56:02.214 26238 26256 I native-activity: Swap 294 time is 75.701ms
04-11 02:56:02.214 26238 26256 I native-activity: Animating
04-11 02:56:02.227 26238 26256 I native-activity: Frame 295 GL error is 0x0
04-11 02:56:02.227 26238 26256 I native-activity: Frame 295 time is 11.986ms
04-11 02:56:02.283 26238 26256 I native-activity: Swap 295 time is 68.583ms
04-11 02:56:02.283 26238 26256 I native-activity: Animating
04-11 02:56:02.293 26238 26256 I native-activity: Frame 296 GL error is 0x0
04-11 02:56:02.294 26238 26256 I native-activity: Frame 296 time is 10.274ms
