04-11 02:53:08.454 25442 25460 I native-activity: Frame 308 GL error is 0x0
04-11 02:53:08.454 25442 25460 I native-activity: Frame 308 time is 12.322ms
04-11 02:53:08.472 25442 25460 I native-activity: Swap 308 time is 29.799ms
04-11 02:53:08.472 25442 25460 I native-activity: Animating
04-11 02:53:08.491 25442 25460 I native-activity: Frame 309 GL error is 0x0
04-11 02:53:08.491 25442 25460 I native-activity: Frame 309 time is 19.337ms
04-11 02:53:08.496    93    93 I Kernel  : [310428.107257] (3)[93:irq/258-inv_irq]inv_mpu_iio: inv_read_fifo: Received Sensor Interrupt to read FIFO and Fifo_count is 6
04-11 02:53:08.508 25442 25460 I native-activity: Swap 309 time is 36.297ms
04-11 02:53:08.508 25442 25460 I native-activity: Animating
04-11 02:53:08.524 25442 25460 I native-activity: Frame 310 GL error is 0x0
04-11 02:53:08.524 25442 25460 I native-activity: Frame 310 time is 15.823ms
04-11 02:53:08.542 25442 25460 I native-activity: Swap 310 time is 33.231ms
04-11 02:53:08.542 25442 25460 I native-activity: Animating
04-11 02:53:08.697 25442 25460 I native-activity: Frame 311 GL error is 0x501
04-11 02:53:08.697 25442 25460 I native-activity: Frame 311 time is 155.044ms
04-11 02:53:08.721 25442 25460 I native-activity: Swap 311 time is 179.225ms
04-11 02:53:08.721 25442 25460 I native-activity: Animating
04-11 02:53:08.751 25442 25460 I native-activity: Frame 312 GL error is 0x0
04-11 02:53:08.752 25442 25460 I native-activity: Frame 312 time is 30.327ms
04-11 02:53:08.774 25442 25460 I native-activity: Swap 312 time is 53.154ms
04-11 02:53:08.774 25442 25460 I native-activity: Animating
04-11 02:53:08.792 25442 25460 I native-activity: Frame 313 GL error is 0x0
04-11 02:53:08.792 25442 25460 I native-activity: Frame 313 time is 17.902ms
04-11 02:53:08.816 25442 25460 I native-activity: Swap 313 time is 41.379ms
04-11 02:53:08.816 25442 25460 I native-activity: Animating
04-11 02:53:08.821 25442 25460 I native-activity: Frame 314 GL error is 0x0
04-11 02:53:08.821 25442 25460 I native-activity: Frame 314 time is 4.779ms
04-11 02:53:08.846 25442 25460 I native-activity: Swap 314 time is 30.001ms
04-11 02:53:08.846 25442 25460 I native-activity: Animating
04-11 02:53:08.867 25442 25460 I native-activity: Frame 315 GL error is 0x501
04-11 02:53:08.867 25442 25460 I native-activity: Frame 315 time is 21.223ms
04-11 02:53:08.892 25442 25460 I native-activity: Swap 315 time is 46.040ms
04-11 02:53:08.892 25442 25460 I native-activity: Animating
04-11 02:53:08.899 25442 25460 I native-activity: Frame 316 GL error is 0x0
04-11 02:53:08.899 25442 25460 I native-activity: Frame 316 time is 6.853ms
04-11 02:53:08.922 25442 25460 I native-activity: Swap 316 time is 29.526ms
04-11 02:53:08.922 25442 25460 I native-activity: Animating
04-11 02:53:08.936 25442 25460 I native-activity: Frame 317 GL error is 0x0
04-11 02:53:08.936 25442 25460 I native-activity: Frame 317 time is 13.713ms
04-11 02:53:08.953 25442 25460 I native-activity: Swap 317 time is 31.513ms
04-11 02:53:08.954 25442 25460 I native-activity: Animating
04-11 02:53:08.968 25442 25460 I native-activity: Frame 318 GL error is 0x0
04-11 02:53:08.968 25442 25460 I native-activity: Frame 318 time is 14.767ms
04-11 02:53:08.986 25442 25460 I native-activity: Swap 318 time is 31.923ms
04-11 02:53:08.986 25442 25460 I native-activity: Animating
04-11 02:53:09.001 25442 25460 I native-activity: Frame 319 GL error is 0x0
04-11 02:53:09.001 25442 25460 I native-activity: Frame 319 time is 15.076ms
04-11 02:53:09.018 25442 25460 I native-activity: Swap 319 time is 32.257ms
04-11 02:53:09.018 25442 25460 I native-activity: Animating
04-11 02:53:09.033 25442 25460 I native-activity: Frame 320 GL error is 0x0
04-11 02:53:09.033 25442 25460 I native-activity: Frame 320 time is 14.478ms
04-11 02:53:09.050 25442 25460 I native-activity: Swap 320 time is 31.912ms
04-11 02:53:09.050 25442 25460 I native-activity: Animating
04-11 02:53:09.062 25442 25460 I native-activity: Frame 321 GL error is 0x0
04-11 02:53:09.062 25442 25460 I native-activity: Frame 321 time is 11.277ms
04-11 02:53:09.079 25442 25460 I native-activity: Swap 321 time is 28.908ms
04-11 02:53:09.079 25442 25460 I native-activity: Animating
04-11 02:53:09.091 25442 25460 I native-activity: Frame 322 GL error is 0x0
04-11 02:53:09.091 25442 25460 I native-activity: Frame 322 time is 11.422ms
04-11 02:53:09.109 25442 25460 I native-activity: Swap 322 time is 29.238ms
04-11 02:53:09.109 25442 25460 I native-activity: Animating
04-11 02:53:09.120 25442 25460 I native-activity: Frame 323 GL error is 0x0
04-11 02:53:09.120 25442 25460 I native-activity: Frame 323 time is 10.879ms
04-11 02:53:09.138 25442 25460 I native-activity: Swap 323 time is 28.925ms
04-11 02:53:09.138 25442 25460 I native-activity: Animating
04-11 02:53:09.149 25442 25460 I native-activity: Frame 324 GL error is 0x0
04-11 02:53:09.149 25442 25460 I native-activity: Frame 324 time is 10.693ms
04-11 02:53:09.167 25442 25460 I native-activity: Swap 324 time is 28.921ms
04-11 02:53:09.167 25442 25460 I native-activity: Animating
04-11 02:53:09.178 25442 25460 I native-activity: Frame 325 GL error is 0x0
04-11 02:53:09.178 25442 25460 I native-activity: Frame 325 time is 11.408ms
04-11 02:53:09.196 25442 25460 I native-activity: Swap 325 time is 28.829ms
04-11 02:53:09.196 25442 25460 I native-activity: Animating
04-11 02:53:09.210 25442 25460 I native-activity: Frame 326 GL error is 0x0
04-11 02:53:09.210 25442 25460 I native-activity: Frame 326 time is 14.024ms
04-11 02:53:09.227 25442 25460 I native-activity: Swap 326 time is 31.397ms
04-11 02:53:09.228 25442 25460 I native-activity: Animating
04-11 02:53:09.241 25442 25460 I native-activity: Frame 327 GL error is 0x0
04-11 02:53:09.241 25442 25460 I native-activity: Frame 327 time is 13.886ms
04-11 02:53:09.259 25442 25460 I native-activity: Swap 327 time is 31.524ms
04-11 02:53:09.259 25442 25460 I native-activity: Animating
04-11 02:53:09.273 25442 25460 I native-activity: Frame 328 GL error is 0x0
04-11 02:53:09.273 25442 25460 I native-activity: Frame 328 time is 13.990ms
04-11 02:53:09.291 25442 25460 I native-activity: Swap 328 time is 31.893ms
04-11 02:53:09.292 25442 25460 I native-activity: Animating
04-11 02:53:09.317 25442 25460 I native-activity: Frame 329 GL error is 0x0
04-11 02:53:09.319 25442 25460 I native-activity: Frame 329 time is 25.157ms
04-11 02:53:09.336 25442 25460 I native-activity: Swap 329 time is 42.141ms
04-11 02:53:09.337 25442 25460 I native-activity: Animating
04-11 02:53:09.326    93    93 I Kernel  : [310428.938417] (3)[93:irq/258-inv_irq]inv_mpu_iio: inv_read_fifo: Received Sensor Interrupt to read FIFO and Fifo_count is 6
04-11 02:53:09.360 25442 25460 I native-activity: Frame 330 GL error is 0x0
04-11 02:53:09.361 25442 25460 I native-activity: Frame 330 time is 23.799ms
04-11 02:53:09.378 25442 25460 I native-activity: Swap 330 time is 40.153ms
04-11 02:53:09.378 25442 25460 I native-activity: Animating
04-11 02:53:09.387 25442 25460 I native-activity: Frame 331 GL error is 0x0
04-11 02:53:09.387 25442 25460 I native-activity: Frame 331 time is 8.874ms
04-11 02:53:09.405 25442 25460 I native-activity: Swap 331 time is 26.613ms
04-11 02:53:09.405 25442 25460 I native-activity: Animating
04-11 02:53:09.420 25442 25460 I native-activity: Frame 332 GL error is 0x0
04-11 02:53:09.420 25442 25460 I native-activity: Frame 332 time is 15.321ms
04-11 02:53:09.436 25442 25460 I native-activity: Swap 332 time is 31.756ms
04-11 02:53:09.437 25442 25460 I native-activity: Animating
04-11 02:53:09.451 25442 25460 I native-activity: Frame 333 GL error is 0x0
04-11 02:53:09.451 25442 25460 I native-activity: Frame 333 time is 14.744ms
04-11 02:53:09.468 25442 25460 I native-activity: Swap 333 time is 31.765ms
04-11 02:53:09.469 25442 25460 I native-activity: Animating
04-11 02:53:09.480 25442 25460 I native-activity: Frame 334 GL error is 0x0
04-11 02:53:09.480 25442 25460 I native-activity: Frame 334 time is 11.224ms
04-11 02:53:09.498 25442 25460 I native-activity: Swap 334 time is 29.069ms
04-11 02:53:09.498 25442 25460 I native-activity: Animating
04-11 02:53:09.509 25442 25460 I native-activity: Frame 335 GL error is 0x0
04-11 02:53:09.509 25442 25460 I native-activity: Frame 335 time is 10.769ms
04-11 02:53:09.531 25442 25460 I native-activity: Swap 335 time is 33.075ms
04-11 02:53:09.531 25442 25460 I native-activity: Animating
04-11 02:53:09.542 25442 25460 I native-activity: Frame 336 GL error is 0x0
04-11 02:53:09.542 25442 25460 I native-activity: Frame 336 time is 10.696ms
04-11 02:53:09.561 25442 25460 I native-activity: Swap 336 time is 29.482ms
04-11 02:53:09.561 25442 25460 I native-activity: Animating
04-11 02:53:09.576 25442 25460 I native-activity: Frame 337 GL error is 0x0
04-11 02:53:09.576 25442 25460 I native-activity: Frame 337 time is 15.554ms
04-11 02:53:09.593 25442 25460 I native-activity: Swap 337 time is 32.653ms
04-11 02:53:09.594 25442 25460 I native-activity: Animating
04-11 02:53:09.608 25442 25460 I native-activity: Frame 338 GL error is 0x0
04-11 02:53:09.608 25442 25460 I native-activity: Frame 338 time is 14.613ms
04-11 02:53:09.625 25442 25460 I native-activity: Swap 338 time is 31.643ms
04-11 02:53:09.626 25442 25460 I native-activity: Animating
04-11 02:53:09.640 25442 25460 I native-activity: Frame 339 GL error is 0x0
04-11 02:53:09.640 25442 25460 I native-activity: Frame 339 time is 14.735ms
04-11 02:53:09.657 25442 25460 I native-activity: Swap 339 time is 31.850ms
04-11 02:53:09.660 25442 25460 I native-activity: Animating
04-11 02:53:09.680 25442 25460 I native-activity: Frame 340 GL error is 0x0
04-11 02:53:09.681 25442 25460 I native-activity: Frame 340 time is 19.800ms
04-11 02:53:09.698 25442 25460 I native-activity: Swap 340 time is 37.619ms
04-11 02:53:09.699 25442 25460 I native-activity: Animating
04-11 02:53:09.707 25442 25460 I native-activity: Frame 341 GL error is 0x0
04-11 02:53:09.707 25442 25460 I native-activity: Frame 341 time is 8.073ms
04-11 02:53:09.725 25442 25460 I native-activity: Swap 341 time is 26.464ms
04-11 02:53:09.725 25442 25460 I native-activity: Animating
04-11 02:53:09.733 25442 25460 I native-activity: Frame 342 GL error is 0x0
04-11 02:53:09.733 25442 25460 I native-activity: Frame 342 time is 7.983ms
04-11 02:53:09.752 25442 25460 I native-activity: Swap 342 time is 26.402ms
04-11 02:53:09.752 25442 25460 I native-activity: Animating
04-11 02:53:09.760 25442 25460 I native-activity: Frame 343 GL error is 0x0
04-11 02:53:09.760 25442 25460 I native-activity: Frame 343 time is 8.125ms
04-11 02:53:09.778 25442 25460 I native-activity: Swap 343 time is 26.616ms
04-11 02:53:09.778 25442 25460 I native-activity: Animating
04-11 02:53:09.792 25442 25460 I native-activity: Frame 344 GL error is 0x0
04-11 02:53:09.792 25442 25460 I native-activity: Frame 344 time is 13.630ms
04-11 02:53:09.810 25442 25460 I native-activity: Swap 344 time is 31.271ms
04-11 02:53:09.810 25442 25460 I native-activity: Animating
04-11 02:53:09.824 25442 25460 I native-activity: Frame 345 GL error is 0x0
04-11 02:53:09.824 25442 25460 I native-activity: Frame 345 time is 14.138ms
04-11 02:53:09.842 25442 25460 I native-activity: Swap 345 time is 31.827ms
04-11 02:53:09.842 25442 25460 I native-activity: Animating
04-11 02:53:09.856 25442 25460 I native-activity: Frame 346 GL error is 0x0
04-11 02:53:09.856 25442 25460 I native-activity: Frame 346 time is 14.352ms
04-11 02:53:09.874 25442 25460 I native-activity: Swap 346 time is 31.835ms
04-11 02:53:09.874 25442 25460 I native-activity: Animating
04-11 02:53:09.888 25442 25460 I native-activity: Frame 347 GL error is 0x0
04-11 02:53:09.888 25442 25460 I native-activity: Frame 347 time is 13.869ms
04-11 02:53:09.906 25442 25460 I native-activity: Swap 347 time is 31.591ms
04-11 02:53:09.906 25442 25460 I native-activity: Animating
04-11 02:53:09.936 25442 25460 I native-activity: Frame 348 GL error is 0x0
04-11 02:53:09.936 25442 25460 I native-activity: Frame 348 time is 29.687ms
04-11 02:53:09.953 25442 25460 I native-activity: Swap 348 time is 46.864ms
04-11 02:53:09.953 25442 25460 I native-activity: Animating
04-11 02:53:09.963 25442 25460 I native-activity: Frame 349 GL error is 0x0
04-11 02:53:09.964 25442 25460 I native-activity: Frame 349 time is 10.586ms
04-11 02:53:09.984 25442 25460 I native-activity: Swap 349 time is 30.686ms
04-11 02:53:09.984 25442 25460 I native-activity: Animating
04-11 02:53:09.993 25442 25460 I native-activity: Frame 350 GL error is 0x0
04-11 02:53:09.993 25442 25460 I native-activity: Frame 350 time is 8.826ms
04-11 02:53:10.014 25442 25460 I native-activity: Swap 350 time is 29.535ms
04-11 02:53:10.014 25442 25460 I native-activity: Animating
04-11 02:53:10.018 25442 25460 I native-activity: Frame 351 GL error is 0x0
04-11 02:53:10.018 25442 25460 I native-activity: Frame 351 time is 4.322ms
04-11 02:53:10.039 25442 25460 I native-activity: Swap 351 time is 25.618ms
04-11 02:53:10.039 25442 25460 I native-activity: Animating
04-11 02:53:10.044 25442 25460 I native-activity: Frame 352 GL error is 0x0
04-11 02:53:10.044 25442 25460 I native-activity: Frame 352 time is 4.417ms
04-11 02:53:10.063 25442 25460 I native-activity: Swap 352 time is 24.182ms
04-11 02:53:10.064 25442 25460 I native-activity: Animating
04-11 02:53:10.074 25442 25460 I native-activity: Frame 353 GL error is 0x0
04-11 02:53:10.074 25442 25460 I native-activity: Frame 353 time is 10.667ms
04-11 02:53:10.091 25442 25460 I native-activity: Swap 353 time is 27.541ms
04-11 02:53:10.091 25442 25460 I native-activity: Animating
04-11 02:53:10.108 25442 25460 I native-activity: Frame 354 GL error is 0x0
04-11 02:53:10.108 25442 25460 I native-activity: Frame 354 time is 16.289ms
04-11 02:53:10.124 25442 25460 I native-activity: Swap 354 time is 32.557ms
04-11 02:53:10.124 25442 25460 I native-activity: Animating
04-11 02:53:10.140 25442 25460 I native-activity: Frame 355 GL error is 0x0
04-11 02:53:10.140 25442 25460 I native-activity: Frame 355 time is 15.524ms
04-11 02:53:10.157 25442 25460 I native-activity: Swap 355 time is 32.455ms
04-11 02:53:10.157 25442 25460 I native-activity: Animating
04-11 02:53:10.156    93    93 I Kernel  : [310429.769604] (3)[93:irq/258-inv_irq]inv_mpu_iio: inv_read_fifo: Received Sensor Interrupt to read FIFO and Fifo_count is 6
04-11 02:53:10.172 25442 25460 I native-activity: Frame 356 GL error is 0x0
04-11 02:53:10.172 25442 25460 I native-activity: Frame 356 time is 15.447ms
04-11 02:53:10.189 25442 25460 I native-activity: Swap 356 time is 32.502ms
04-11 02:53:10.189 25442 25460 I native-activity: Animating
04-11 02:53:10.204 25442 25460 I native-activity: Frame 357 GL error is 0x0
04-11 02:53:10.204 25442 25460 I native-activity: Frame 357 time is 15.051ms
04-11 02:53:10.222 25442 25460 I native-activity: Swap 357 time is 32.497ms
04-11 02:53:10.222 25442 25460 I native-activity: Animating
04-11 02:53:10.234 25442 25460 I native-activity: Frame 358 GL error is 0x0
04-11 02:53:10.234 25442 25460 I native-activity: Frame 358 time is 11.832ms
04-11 02:53:10.251 25442 25460 I native-activity: Swap 358 time is 29.401ms
04-11 02:53:10.252 25442 25460 I native-activity: Animating
04-11 02:53:10.263 25442 25460 I native-activity: Frame 359 GL error is 0x0
04-11 02:53:10.263 25442 25460 I native-activity: Frame 359 time is 11.703ms
04-11 02:53:10.282 25442 25460 I native-activity: Swap 359 time is 30.239ms
04-11 02:53:10.282 25442 25460 I native-activity: Animating
04-11 02:53:10.294 25442 25460 I native-activity: Frame 360 GL error is 0x0
04-11 02:53:10.294 25442 25460 I native-activity: Frame 360 time is 11.611ms
04-11 02:53:10.312 25442 25460 I native-activity: Swap 360 time is 30.224ms
04-11 02:53:10.312 25442 25460 I native-activity: Animating
04-11 02:53:10.324 25442 25460 I native-activity: Frame 361 GL error is 0x0
04-11 02:53:10.324 25442 25460 I native-activity: Frame 361 time is 11.929ms
04-11 02:53:10.343 25442 25460 I native-activity: Swap 361 time is 30.486ms
04-11 02:53:10.343 25442 25460 I native-activity: Animating
04-11 02:53:10.349 25442 25460 I native-activity: Frame 362 GL error is 0x0
04-11 02:53:10.349 25442 25460 I native-activity: Frame 362 time is 5.999ms
04-11 02:53:10.370 25442 25460 I native-activity: Swap 362 time is 27.187ms
04-11 02:53:10.370 25442 25460 I native-activity: Animating
04-11 02:53:10.375 25442 25460 I native-activity: Frame 363 GL error is 0x0
04-11 02:53:10.375 25442 25460 I native-activity: Frame 363 time is 4.255ms
04-11 02:53:10.396 25442 25460 I native-activity: Swap 363 time is 26.013ms
04-11 02:53:10.396 25442 25460 I native-activity: Animating
04-11 02:53:10.401 25442 25460 I native-activity: Frame 364 GL error is 0x0
04-11 02:53:10.401 25442 25460 I native-activity: Frame 364 time is 4.214ms
04-11 02:53:10.423 25442 25460 I native-activity: Swap 364 time is 26.264ms
04-11 02:53:10.423 25442 25460 I native-activity: Animating
04-11 02:53:10.427 25442 25460 I native-activity: Frame 365 GL error is 0x0
04-11 02:53:10.427 25442 25460 I native-activity: Frame 365 time is 4.609ms
04-11 02:53:10.449 25442 25460 I native-activity: Swap 365 time is 26.084ms
04-11 02:53:10.449 25442 25460 I native-activity: Animating
04-11 02:53:10.453 25442 25460 I native-activity: Frame 366 GL error is 0x0
04-11 02:53:10.453 25442 25460 I native-activity: Frame 366 time is 4.290ms
04-11 02:53:10.475 25442 25460 I native-activity: Swap 366 time is 26.026ms
04-11 02:53:10.475 25442 25460 I native-activity: Animating
04-11 02:53:10.480 25442 25460 I native-activity: Frame 367 GL error is 0x0
04-11 02:53:10.480 25442 25460 I native-activity: Frame 367 time is 4.403ms
04-11 02:53:10.501 25442 25460 I native-activity: Swap 367 time is 25.922ms
04-11 02:53:10.501 25442 25460 I native-activity: Animating
04-11 02:53:10.506 25442 25460 I native-activity: Frame 368 GL error is 0x0
04-11 02:53:10.506 25442 25460 I native-activity: Frame 368 time is 5.184ms
04-11 02:53:10.526 25442 25460 I native-activity: Swap 368 time is 25.095ms
04-11 02:53:10.526 25442 25460 I native-activity: Animating
04-11 02:53:10.533 25442 25460 I native-activity: Frame 369 GL error is 0x0
04-11 02:53:10.534 25442 25460 I native-activity: Frame 369 time is 7.085ms
04-11 02:53:10.551 25442 25460 I native-activity: Swap 369 time is 24.727ms
04-11 02:53:10.551 25442 25460 I native-activity: Animating
04-11 02:53:10.561 25442 25460 I native-activity: Frame 370 GL error is 0x0
04-11 02:53:10.561 25442 25460 I native-activity: Frame 370 time is 9.529ms
04-11 02:53:10.577 25442 25460 I native-activity: Swap 370 time is 25.455ms
04-11 02:53:10.577 25442 25460 I native-activity: Animating
04-11 02:53:10.581 25442 25460 I native-activity: Frame 371 GL error is 0x0
04-11 02:53:10.581 25442 25460 I native-activity: Frame 371 time is 4.690ms
04-11 02:53:10.601 25442 25460 I native-activity: Swap 371 time is 24.313ms
04-11 02:53:10.601 25442 25460 I native-activity: Animating
04-11 02:53:10.612 25442 25460 I native-activity: Frame 372 GL error is 0x0
04-11 02:53:10.612 25442 25460 I native-activity: Frame 372 time is 10.528ms
04-11 02:53:10.629 25442 25460 I native-activity: Swap 372 time is 27.683ms
04-11 02:53:10.629 25442 25460 I native-activity: Animating
04-11 02:53:10.644 25442 25460 I native-activity: Frame 373 GL error is 0x0
04-11 02:53:10.644 25442 25460 I native-activity: Frame 373 time is 14.702ms
04-11 02:53:10.661 25442 25460 I native-activity: Swap 373 time is 32.000ms
04-11 02:53:10.661 25442 25460 I native-activity: Animating
04-11 02:53:10.673 25442 25460 I native-activity: Frame 374 GL error is 0x0
04-11 02:53:10.673 25442 25460 I native-activity: Frame 374 time is 11.605ms
04-11 02:53:10.691 25442 25460 I native-activity: Swap 374 time is 29.401ms
04-11 02:53:10.691 25442 25460 I native-activity: Animating
04-11 02:53:10.702 25442 25460 I native-activity: Frame 375 GL error is 0x0
04-11 02:53:10.702 25442 25460 I native-activity: Frame 375 time is 11.498ms
04-11 02:53:10.720 25442 25460 I native-activity: Swap 375 time is 29.364ms
04-11 02:53:10.720 25442 25460 I native-activity: Animating
04-11 02:53:10.732 25442 25460 I native-activity: Frame 376 GL error is 0x0
04-11 02:53:10.732 25442 25460 I native-activity: Frame 376 time is 11.341ms
04-11 02:53:10.750 25442 25460 I native-activity: Swap 376 time is 29.344ms
04-11 02:53:10.750 25442 25460 I native-activity: Animating
04-11 02:53:10.761 25442 25460 I native-activity: Frame 377 GL error is 0x0
04-11 02:53:10.761 25442 25460 I native-activity: Frame 377 time is 11.040ms
04-11 02:53:10.779 25442 25460 I native-activity: Swap 377 time is 28.863ms
04-11 02:53:10.779 25442 25460 I native-activity: Animating
04-11 02:53:10.790 25442 25460 I native-activity: Frame 378 GL error is 0x0
04-11 02:53:10.790 25442 25460 I native-activity: Frame 378 time is 11.222ms
04-11 02:53:10.808 25442 25460 I native-activity: Swap 378 time is 29.050ms
04-11 02:53:10.808 25442 25460 I native-activity: Animating
04-11 02:53:10.820 25442 25460 I native-activity: Frame 379 GL error is 0x0
04-11 02:53:10.820 25442 25460 I native-activity: Frame 379 time is 11.452ms
04-11 02:53:10.837 25442 25460 I native-activity: Swap 379 time is 29.238ms
04-11 02:53:10.838 25442 25460 I native-activity: Animating
04-11 02:53:10.849 25442 25460 I native-activity: Frame 380 GL error is 0x0
04-11 02:53:10.849 25442 25460 I native-activity: Frame 380 time is 11.179ms
04-11 02:53:10.867 25442 25460 I native-activity: Swap 380 time is 29.309ms
04-11 02:53:10.867 25442 25460 I native-activity: Animating
04-11 02:53:10.878 25442 25460 I native-activity: Frame 381 GL error is 0x0
04-11 02:53:10.878 25442 25460 I native-activity: Frame 381 time is 10.770ms
04-11 02:53:10.896 25442 25460 I native-activity: Swap 381 time is 29.030ms
04-11 02:53:10.896 25442 25460 I native-activity: Animating
04-11 02:53:10.907 25442 25460 I native-activity: Frame 382 GL error is 0x0
04-11 02:53:10.907 25442 25460 I native-activity: Frame 382 time is 10.811ms
04-11 02:53:10.925 25442 25460 I native-activity: Swap 382 time is 29.001ms
04-11 02:53:10.925 25442 25460 I native-activity: Animating
04-11 02:53:10.936 25442 25460 I native-activity: Frame 383 GL error is 0x0
04-11 02:53:10.936 25442 25460 I native-activity: Frame 383 time is 10.677ms
04-11 02:53:10.954 25442 25460 I native-activity: Swap 383 time is 28.646ms
04-11 02:53:10.954 25442 25460 I native-activity: Animating
04-11 02:53:10.965 25442 25460 I native-activity: Frame 384 GL error is 0x0
04-11 02:53:10.965 25442 25460 I native-activity: Frame 384 time is 10.459ms
04-11 02:53:10.983 25442 25460 I native-activity: Swap 384 time is 28.840ms
04-11 02:53:10.983 25442 25460 I native-activity: Animating
04-11 02:53:10.997 25442 25460 I native-activity: Frame 385 GL error is 0x0
04-11 02:53:10.997 25442 25460 I native-activity: Frame 385 time is 13.987ms
04-11 02:53:10.986    93    93 I Kernel  : [310430.600646] (3)[93:irq/258-inv_irq]inv_mpu_iio: inv_read_fifo: Received Sensor Interrupt to read FIFO and Fifo_count is 6
04-11 02:53:11.015 25442 25460 I native-activity: Swap 385 time is 31.654ms
04-11 02:53:11.015 25442 25460 I native-activity: Animating
04-11 02:53:11.029 25442 25460 I native-activity: Frame 386 GL error is 0x0
04-11 02:53:11.029 25442 25460 I native-activity: Frame 386 time is 14.143ms
04-11 02:53:11.047 25442 25460 I native-activity: Swap 386 time is 31.766ms
04-11 02:53:11.047 25442 25460 I native-activity: Animating
04-11 02:53:11.062 25442 25460 I native-activity: Frame 387 GL error is 0x0
04-11 02:53:11.062 25442 25460 I native-activity: Frame 387 time is 14.807ms
04-11 02:53:11.080 25442 25460 I native-activity: Swap 387 time is 32.463ms
04-11 02:53:11.082 25442 25460 I native-activity: Animating
04-11 02:53:11.107 25442 25460 I native-activity: Frame 388 GL error is 0x0
04-11 02:53:11.107 25442 25460 I native-activity: Frame 388 time is 23.631ms
04-11 02:53:11.123 25442 25460 I native-activity: Swap 388 time is 39.485ms
04-11 02:53:11.126 25442 25460 I native-activity: Animating
04-11 02:53:11.139 25442 25460 I native-activity: Frame 389 GL error is 0x0
04-11 02:53:11.140 25442 25460 I native-activity: Frame 389 time is 13.510ms
04-11 02:53:11.148   958  1024 D ConnectivityService: updateNetworkScore for NetworkAgentInfo [WIFI () - 196] to 56
04-11 02:53:11.148   958  1024 D ConnectivityService: rematching NetworkAgentInfo [WIFI () - 196]
04-11 02:53:11.148   958  1024 D ConnectivityService: Network NetworkAgentInfo [WIFI () - 196] was already satisfying request 1. No change.
04-11 02:53:11.148   958  1024 D ConnectivityService: notifyType AVAILABLE for NetworkAgentInfo [WIFI () - 196]
04-11 02:53:11.159 25442 25460 I native-activity: Swap 389 time is 32.974ms
04-11 02:53:11.159 25442 25460 I native-activity: Animating
04-11 02:53:11.168 25442 25460 I native-activity: Frame 390 GL error is 0x0
04-11 02:53:11.168 25442 25460 I native-activity: Frame 390 time is 8.375ms
04-11 02:53:11.187 25442 25460 I native-activity: Swap 390 time is 27.622ms
04-11 02:53:11.187 25442 25460 I native-activity: Animating
04-11 02:53:11.193 25442 25460 I native-activity: Frame 391 GL error is 0x0
04-11 02:53:11.193 25442 25460 I native-activity: Frame 391 time is 5.938ms
04-11 02:53:11.211 25442 25460 I native-activity: Swap 391 time is 23.690ms
04-11 02:53:11.211 25442 25460 I native-activity: Animating
04-11 02:53:11.215 25442 25460 I native-activity: Frame 392 GL error is 0x0
04-11 02:53:11.215 25442 25460 I native-activity: Frame 392 time is 4.255ms
04-11 02:53:11.234 25442 25460 I native-activity: Swap 392 time is 23.434ms
04-11 02:53:11.234 25442 25460 I native-activity: Animating
04-11 02:53:11.247 25442 25460 I native-activity: Frame 393 GL error is 0x0
04-11 02:53:11.247 25442 25460 I native-activity: Frame 393 time is 12.794ms
04-11 02:53:11.264 25442 25460 I native-activity: Swap 393 time is 29.941ms
04-11 02:53:11.265 25442 25460 I native-activity: Animating
04-11 02:53:11.279 25442 25460 I native-activity: Frame 394 GL error is 0x0
04-11 02:53:11.279 25442 25460 I native-activity: Frame 394 time is 14.825ms
04-11 02:53:11.297 25442 25460 I native-activity: Swap 394 time is 32.200ms
04-11 02:53:11.297 25442 25460 I native-activity: Animating
04-11 02:53:11.312 25442 25460 I native-activity: Frame 395 GL error is 0x0
04-11 02:53:11.312 25442 25460 I native-activity: Frame 395 time is 14.622ms
04-11 02:53:11.329 25442 25460 I native-activity: Swap 395 time is 32.075ms
04-11 02:53:11.329 25442 25460 I native-activity: Animating
04-11 02:53:11.341 25442 25460 I native-activity: Frame 396 GL error is 0x0
04-11 02:53:11.341 25442 25460 I native-activity: Frame 396 time is 11.471ms
04-11 02:53:11.358 25442 25460 I native-activity: Swap 396 time is 29.243ms
04-11 02:53:11.359 25442 25460 I native-activity: Animating
04-11 02:53:11.370 25442 25460 I native-activity: Frame 397 GL error is 0x0
04-11 02:53:11.370 25442 25460 I native-activity: Frame 397 time is 11.153ms
04-11 02:53:11.388 25442 25460 I native-activity: Swap 397 time is 29.355ms
04-11 02:53:11.388 25442 25460 I native-activity: Animating
04-11 02:53:11.401 25442 25460 I native-activity: Frame 398 GL error is 0x0
04-11 02:53:11.401 25442 25460 I native-activity: Frame 398 time is 12.961ms
04-11 02:53:11.418 25442 25460 I native-activity: Swap 398 time is 29.802ms
04-11 02:53:11.418 25442 25460 I native-activity: Animating
04-11 02:53:11.432 25442 25460 I native-activity: Frame 399 GL error is 0x0
04-11 02:53:11.432 25442 25460 I native-activity: Frame 399 time is 13.932ms
04-11 02:53:11.450 25442 25460 I native-activity: Swap 399 time is 31.573ms
04-11 02:53:11.450 25442 25460 I native-activity: Animating
04-11 02:53:11.465 25442 25460 I native-activity: Frame 400 GL error is 0x0
04-11 02:53:11.465 25442 25460 I native-activity: Frame 400 time is 15.046ms
04-11 02:53:11.482 25442 25460 I native-activity: Swap 400 time is 31.899ms
04-11 02:53:11.482 25442 25460 I native-activity: Animating
04-11 02:53:11.497 25442 25460 I native-activity: Frame 401 GL error is 0x0
04-11 02:53:11.497 25442 25460 I native-activity: Frame 401 time is 15.028ms
04-11 02:53:11.514 25442 25460 I native-activity: Swap 401 time is 31.746ms
04-11 02:53:11.514 25442 25460 I native-activity: Animating
04-11 02:53:11.529 25442 25460 I native-activity: Frame 402 GL error is 0x0
04-11 02:53:11.529 25442 25460 I native-activity: Frame 402 time is 15.305ms
04-11 02:53:11.546 25442 25460 I native-activity: Swap 402 time is 32.358ms
04-11 02:53:11.547 25442 25460 I native-activity: Animating
04-11 02:53:11.569 25442 25460 I native-activity: Frame 403 GL error is 0x0
04-11 02:53:11.569 25442 25460 I native-activity: Frame 403 time is 21.919ms
04-11 02:53:11.587 25442 25460 I native-activity: Swap 403 time is 39.935ms
04-11 02:53:11.587 25442 25460 I native-activity: Animating
04-11 02:53:11.595 25442 25460 I native-activity: Frame 404 GL error is 0x0
04-11 02:53:11.595 25442 25460 I native-activity: Frame 404 time is 8.109ms
04-11 02:53:11.613 25442 25460 I native-activity: Swap 404 time is 26.605ms
04-11 02:53:11.614 25442 25460 I native-activity: Animating
04-11 02:53:11.622 25442 25460 I native-activity: Frame 405 GL error is 0x0
04-11 02:53:11.622 25442 25460 I native-activity: Frame 405 time is 8.040ms
04-11 02:53:11.640 25442 25460 I native-activity: Swap 405 time is 26.685ms
04-11 02:53:11.640 25442 25460 I native-activity: Animating
04-11 02:53:11.655 25442 25460 I native-activity: Frame 406 GL error is 0x0
04-11 02:53:11.655 25442 25460 I native-activity: Frame 406 time is 14.684ms
04-11 02:53:11.672 25442 25460 I native-activity: Swap 406 time is 31.610ms
04-11 02:53:11.672 25442 25460 I native-activity: Animating
04-11 02:53:11.676 25442 25460 I native-activity: Frame 407 GL error is 0x0
04-11 02:53:11.676 25442 25460 I native-activity: Frame 407 time is 4.171ms
04-11 02:53:11.696 25442 25460 I native-activity: Swap 407 time is 23.749ms
04-11 02:53:11.696 25442 25460 I native-activity: Animating
04-11 02:53:11.700 25442 25460 I native-activity: Frame 408 GL error is 0x0
04-11 02:53:11.700 25442 25460 I native-activity: Frame 408 time is 4.075ms
04-11 02:53:11.719 25442 25460 I native-activity: Swap 408 time is 23.523ms
04-11 02:53:11.719 25442 25460 I native-activity: Animating
04-11 02:53:11.724 25442 25460 I native-activity: Frame 409 GL error is 0x0
04-11 02:53:11.724 25442 25460 I native-activity: Frame 409 time is 4.117ms
04-11 02:53:11.743 25442 25460 I native-activity: Swap 409 time is 23.650ms
04-11 02:53:11.743 25442 25460 I native-activity: Animating
04-11 02:53:11.752 25442 25460 I native-activity: Frame 410 GL error is 0x0
04-11 02:53:11.752 25442 25460 I native-activity: Frame 410 time is 9.077ms
04-11 02:53:11.771 25442 25460 I native-activity: Swap 410 time is 27.361ms
04-11 02:53:11.771 25442 25460 I native-activity: Animating
04-11 02:53:11.780 25442 25460 I native-activity: Frame 411 GL error is 0x0
04-11 02:53:11.780 25442 25460 I native-activity: Frame 411 time is 9.035ms
04-11 02:53:11.798 25442 25460 I native-activity: Swap 411 time is 27.335ms
04-11 02:53:11.798 25442 25460 I native-activity: Animating
04-11 02:53:11.807 25442 25460 I native-activity: Frame 412 GL error is 0x0
04-11 02:53:11.807 25442 25460 I native-activity: Frame 412 time is 8.909ms
04-11 02:53:11.826 25442 25460 I native-activity: Swap 412 time is 27.489ms
04-11 02:53:11.826 25442 25460 I native-activity: Animating
04-11 02:53:11.816    93    93 I Kernel  : [310431.431667] (3)[93:irq/258-inv_irq]inv_mpu_iio: inv_read_fifo: Received Sensor Interrupt to read FIFO and Fifo_count is 6
04-11 02:53:11.900 25442 25460 I native-activity: Frame 413 GL error is 0x501
04-11 02:53:11.900 25442 25460 I native-activity: Frame 413 time is 74.118ms
04-11 02:53:11.917 25442 25460 I native-activity: Swap 413 time is 91.598ms
04-11 02:53:11.918 25442 25460 I native-activity: Animating
04-11 02:53:11.995 25442 25460 I native-activity: Frame 414 GL error is 0x0
04-11 02:53:11.995 25442 25460 I native-activity: Frame 414 time is 77.388ms
04-11 02:53:12.018 25442 25460 I native-activity: Swap 414 time is 100.363ms
04-11 02:53:12.018 25442 25460 I native-activity: Animating
04-11 02:53:12.022 25442 25460 I native-activity: Frame 415 GL error is 0x0
04-11 02:53:12.022 25442 25460 I native-activity: Frame 415 time is 3.917ms
04-11 02:53:12.045 25442 25460 I native-activity: Swap 415 time is 27.075ms
04-11 02:53:12.045 25442 25460 I native-activity: Animating
04-11 02:53:12.049 25442 25460 I native-activity: Frame 416 GL error is 0x0
04-11 02:53:12.049 25442 25460 I native-activity: Frame 416 time is 3.952ms
04-11 02:53:12.072 25442 25460 I native-activity: Swap 416 time is 27.197ms
04-11 02:53:12.072 25442 25460 I native-activity: Animating
04-11 02:53:12.084 25442 25460 I native-activity: Frame 417 GL error is 0x0
04-11 02:53:12.084 25442 25460 I native-activity: Frame 417 time is 11.621ms
04-11 02:53:12.107 25442 25460 I native-activity: Swap 417 time is 34.139ms
04-11 02:53:12.107 25442 25460 I native-activity: Animating
04-11 02:53:12.120 25442 25460 I native-activity: Frame 418 GL error is 0x0
04-11 02:53:12.120 25442 25460 I native-activity: Frame 418 time is 13.328ms
04-11 02:53:12.143 25442 25460 I native-activity: Swap 418 time is 35.679ms
04-11 02:53:12.143 25442 25460 I native-activity: Animating
04-11 02:53:12.152 25442 25460 I native-activity: Frame 419 GL error is 0x0
04-11 02:53:12.152 25442 25460 I native-activity: Frame 419 time is 9.170ms
04-11 02:53:12.168 25442 25460 I native-activity: Swap 419 time is 25.603ms
04-11 02:53:12.168 25442 25460 I native-activity: Animating
04-11 02:53:12.177 25442 25460 I native-activity: Frame 420 GL error is 0x0
04-11 02:53:12.177 25442 25460 I native-activity: Frame 420 time is 8.821ms
04-11 02:53:12.194 25442 25460 I native-activity: Swap 420 time is 25.314ms
04-11 02:53:12.194 25442 25460 I native-activity: Animating
04-11 02:53:12.203 25442 25460 I native-activity: Frame 421 GL error is 0x0
04-11 02:53:12.203 25442 25460 I native-activity: Frame 421 time is 9.227ms
04-11 02:53:12.221 25442 25460 I native-activity: Swap 421 time is 27.434ms
04-11 02:53:12.221 25442 25460 I native-activity: Animating
04-11 02:53:12.246 25442 25460 I native-activity: Frame 422 GL error is 0x0
04-11 02:53:12.246 25442 25460 I native-activity: Frame 422 time is 24.895ms
04-11 02:53:12.259 25442 25460 I native-activity: Swap 422 time is 37.754ms
04-11 02:53:12.259 25442 25460 I native-activity: Animating
04-11 02:53:12.265 25442 25460 I native-activity: Frame 423 GL error is 0x0
04-11 02:53:12.265 25442 25460 I native-activity: Frame 423 time is 5.958ms
04-11 02:53:12.279 25442 25460 I native-activity: Swap 423 time is 19.837ms
04-11 02:53:12.279 25442 25460 I native-activity: Animating
04-11 02:53:12.284 25442 25460 I native-activity: Frame 424 GL error is 0x0
04-11 02:53:12.284 25442 25460 I native-activity: Frame 424 time is 4.979ms
04-11 02:53:12.299 25442 25460 I native-activity: Swap 424 time is 19.743ms
04-11 02:53:12.299 25442 25460 I native-activity: Animating
04-11 02:53:12.303 25442 25460 I native-activity: Frame 425 GL error is 0x0
04-11 02:53:12.304 25442 25460 I native-activity: Frame 425 time is 4.459ms
04-11 02:53:12.319 25442 25460 I native-activity: Swap 425 time is 19.868ms
04-11 02:53:12.319 25442 25460 I native-activity: Animating
04-11 02:53:12.324 25442 25460 I native-activity: Frame 426 GL error is 0x0
04-11 02:53:12.324 25442 25460 I native-activity: Frame 426 time is 4.565ms
04-11 02:53:12.339 25442 25460 I native-activity: Swap 426 time is 19.664ms
04-11 02:53:12.339 25442 25460 I native-activity: Animating
04-11 02:53:12.343 25442 25460 I native-activity: Frame 427 GL error is 0x0
04-11 02:53:12.343 25442 25460 I native-activity: Frame 427 time is 4.646ms
04-11 02:53:12.358 25442 25460 I native-activity: Swap 427 time is 19.731ms
04-11 02:53:12.359 25442 25460 I native-activity: Animating
04-11 02:53:12.370 25442 25460 I native-activity: Frame 428 GL error is 0x0
04-11 02:53:12.370 25442 25460 I native-activity: Frame 428 time is 11.848ms
04-11 02:53:12.384 25442 25460 I native-activity: Swap 428 time is 25.814ms
04-11 02:53:12.385 25442 25460 I native-activity: Animating
04-11 02:53:12.397 25442 25460 I native-activity: Frame 429 GL error is 0x0
04-11 02:53:12.397 25442 25460 I native-activity: Frame 429 time is 12.325ms
04-11 02:53:12.411 25442 25460 I native-activity: Swap 429 time is 26.292ms
04-11 02:53:12.411 25442 25460 I native-activity: Animating
04-11 02:53:12.423 25442 25460 I native-activity: Frame 430 GL error is 0x0
04-11 02:53:12.423 25442 25460 I native-activity: Frame 430 time is 11.999ms
04-11 02:53:12.437 25442 25460 I native-activity: Swap 430 time is 26.012ms
04-11 02:53:12.437 25442 25460 I native-activity: Animating
04-11 02:53:12.449 25442 25460 I native-activity: Frame 431 GL error is 0x0
04-11 02:53:12.449 25442 25460 I native-activity: Frame 431 time is 11.748ms
04-11 02:53:12.463 25442 25460 I native-activity: Swap 431 time is 25.724ms
04-11 02:53:12.463 25442 25460 I native-activity: Animating
04-11 02:53:12.475 25442 25460 I native-activity: Frame 432 GL error is 0x0
04-11 02:53:12.475 25442 25460 I native-activity: Frame 432 time is 11.946ms
04-11 02:53:12.489 25442 25460 I native-activity: Swap 432 time is 25.896ms
04-11 02:53:12.489 25442 25460 I native-activity: Animating
04-11 02:53:12.501 25442 25460 I native-activity: Frame 433 GL error is 0x0
04-11 02:53:12.501 25442 25460 I native-activity: Frame 433 time is 11.650ms
04-11 02:53:12.515 25442 25460 I native-activity: Swap 433 time is 25.580ms
04-11 02:53:12.515 25442 25460 I native-activity: Animating
04-11 02:53:12.527 25442 25460 I native-activity: Frame 434 GL error is 0x0
04-11 02:53:12.527 25442 25460 I native-activity: Frame 434 time is 12.173ms
04-11 02:53:12.541 25442 25460 I native-activity: Swap 434 time is 26.151ms
04-11 02:53:12.541 25442 25460 I native-activity: Animating
04-11 02:53:12.553 25442 25460 I native-activity: Frame 435 GL error is 0x0
04-11 02:53:12.553 25442 25460 I native-activity: Frame 435 time is 11.824ms
04-11 02:53:12.567 25442 25460 I native-activity: Swap 435 time is 25.723ms
04-11 02:53:12.567 25442 25460 I native-activity: Animating
04-11 02:53:12.578 25442 25460 I native-activity: Frame 436 GL error is 0x0
04-11 02:53:12.579 25442 25460 I native-activity: Frame 436 time is 11.459ms
04-11 02:53:12.592 25442 25460 I native-activity: Swap 436 time is 25.413ms
04-11 02:53:12.593 25442 25460 I native-activity: Animating
04-11 02:53:12.617 25442 25460 I native-activity: Frame 437 GL error is 0x0
04-11 02:53:12.617 25442 25460 I native-activity: Frame 437 time is 24.010ms
04-11 02:53:12.629 25442 25460 I native-activity: Swap 437 time is 36.323ms
04-11 02:53:12.629 25442 25460 I native-activity: Animating
04-11 02:53:12.642 25442 25460 I native-activity: Frame 438 GL error is 0x0
04-11 02:53:12.642 25442 25460 I native-activity: Frame 438 time is 13.002ms
04-11 02:53:12.654 25442 25460 I native-activity: Swap 438 time is 24.672ms
04-11 02:53:12.654 25442 25460 I native-activity: Animating
04-11 02:53:12.646    93    93 I Kernel  : [310432.262756] (3)[93:irq/258-inv_irq]inv_mpu_iio: inv_read_fifo: Received Sensor Interrupt to read FIFO and Fifo_count is 6
04-11 02:53:12.664 25442 25460 I native-activity: Frame 439 GL error is 0x0
04-11 02:53:12.664 25442 25460 I native-activity: Frame 439 time is 9.807ms
04-11 02:53:12.678 25442 25460 I native-activity: Swap 439 time is 23.463ms
04-11 02:53:12.679 25442 25460 I native-activity: Animating
04-11 02:53:12.707 25442 25460 I native-activity: Frame 440 GL error is 0x0
04-11 02:53:12.708 25442 25460 I native-activity: Frame 440 time is 26.895ms
04-11 02:53:12.723 25442 25460 I native-activity: Swap 440 time is 42.404ms
04-11 02:53:12.723 25442 25460 I native-activity: Animating
04-11 02:53:12.736 25442 25460 I native-activity: Frame 441 GL error is 0x0
04-11 02:53:12.736 25442 25460 I native-activity: Frame 441 time is 13.204ms
04-11 02:53:12.752 25442 25460 I native-activity: Swap 441 time is 28.565ms
04-11 02:53:12.752 25442 25460 I native-activity: Animating
04-11 02:53:12.769 25442 25460 I native-activity: Frame 442 GL error is 0x0
04-11 02:53:12.769 25442 25460 I native-activity: Frame 442 time is 16.947ms
04-11 02:53:12.784 25442 25460 I native-activity: Swap 442 time is 32.218ms
04-11 02:53:12.784 25442 25460 I native-activity: Animating
04-11 02:53:12.801 25442 25460 I native-activity: Frame 443 GL error is 0x0
04-11 02:53:12.801 25442 25460 I native-activity: Frame 443 time is 16.263ms
04-11 02:53:12.816 25442 25460 I native-activity: Swap 443 time is 31.662ms
04-11 02:53:12.817 25442 25460 I native-activity: Animating
04-11 02:53:12.846 25442 25460 I native-activity: Frame 444 GL error is 0x0
04-11 02:53:12.846 25442 25460 I native-activity: Frame 444 time is 27.962ms
04-11 02:53:12.862 25442 25460 I native-activity: Swap 444 time is 43.814ms
04-11 02:53:12.863 25442 25460 I native-activity: Animating
04-11 02:53:12.874 25442 25460 I native-activity: Frame 445 GL error is 0x0
04-11 02:53:12.874 25442 25460 I native-activity: Frame 445 time is 10.750ms
04-11 02:53:12.890 25442 25460 I native-activity: Swap 445 time is 26.262ms
04-11 02:53:12.890 25442 25460 I native-activity: Animating
04-11 02:53:12.906 25442 25460 I native-activity: Frame 446 GL error is 0x0
04-11 02:53:12.906 25442 25460 I native-activity: Frame 446 time is 16.495ms
04-11 02:53:12.921 25442 25460 I native-activity: Swap 446 time is 31.712ms
04-11 02:53:12.922 25442 25460 I native-activity: Animating
04-11 02:53:12.934 25442 25460 I native-activity: Frame 447 GL error is 0x0
04-11 02:53:12.934 25442 25460 I native-activity: Frame 447 time is 12.543ms
04-11 02:53:12.949 25442 25460 I native-activity: Swap 447 time is 27.881ms
04-11 02:53:12.950 25442 25460 I native-activity: Animating
04-11 02:53:12.962 25442 25460 I native-activity: Frame 448 GL error is 0x0
04-11 02:53:12.962 25442 25460 I native-activity: Frame 448 time is 12.409ms
04-11 02:53:12.977 25442 25460 I native-activity: Swap 448 time is 27.793ms
04-11 02:53:12.978 25442 25460 I native-activity: Animating
04-11 02:53:12.990 25442 25460 I native-activity: Frame 449 GL error is 0x0
04-11 02:53:12.990 25442 25460 I native-activity: Frame 449 time is 12.718ms
04-11 02:53:13.006 25442 25460 I native-activity: Swap 449 time is 28.140ms
04-11 02:53:13.006 25442 25460 I native-activity: Animating
04-11 02:53:13.019 25442 25460 I native-activity: Frame 450 GL error is 0x0
04-11 02:53:13.019 25442 25460 I native-activity: Frame 450 time is 12.753ms
04-11 02:53:13.034 25442 25460 I native-activity: Swap 450 time is 28.109ms
04-11 02:53:13.034 25442 25460 I native-activity: Animating
04-11 02:53:13.047 25442 25460 I native-activity: Frame 451 GL error is 0x0
04-11 02:53:13.047 25442 25460 I native-activity: Frame 451 time is 12.655ms
04-11 02:53:13.062 25442 25460 I native-activity: Swap 451 time is 27.917ms
04-11 02:53:13.062 25442 25460 I native-activity: Animating
04-11 02:53:13.075 25442 25460 I native-activity: Frame 452 GL error is 0x0
04-11 02:53:13.075 25442 25460 I native-activity: Frame 452 time is 12.618ms
04-11 02:53:13.090 25442 25460 I native-activity: Swap 452 time is 27.915ms
04-11 02:53:13.090 25442 25460 I native-activity: Animating
04-11 02:53:13.103 25442 25460 I native-activity: Frame 453 GL error is 0x0
04-11 02:53:13.103 25442 25460 I native-activity: Frame 453 time is 12.829ms
04-11 02:53:13.118 25442 25460 I native-activity: Swap 453 time is 28.134ms
04-11 02:53:13.119 25442 25460 I native-activity: Animating
04-11 02:53:13.131 25442 25460 I native-activity: Frame 454 GL error is 0x0
04-11 02:53:13.131 25442 25460 I native-activity: Frame 454 time is 12.623ms
04-11 02:53:13.147 25442 25460 I native-activity: Swap 454 time is 27.958ms
04-11 02:53:13.147 25442 25460 I native-activity: Animating
04-11 02:53:13.159 25442 25460 I native-activity: Frame 455 GL error is 0x0
04-11 02:53:13.159 25442 25460 I native-activity: Frame 455 time is 12.709ms
04-11 02:53:13.175 25442 25460 I native-activity: Swap 455 time is 28.534ms
04-11 02:53:13.175 25442 25460 I native-activity: Animating
04-11 02:53:13.188 25442 25460 I native-activity: Frame 456 GL error is 0x0
04-11 02:53:13.188 25442 25460 I native-activity: Frame 456 time is 12.281ms
04-11 02:53:13.203 25442 25460 I native-activity: Swap 456 time is 27.599ms
04-11 02:53:13.203 25442 25460 I native-activity: Animating
04-11 02:53:13.216 25442 25460 I native-activity: Frame 457 GL error is 0x0
04-11 02:53:13.216 25442 25460 I native-activity: Frame 457 time is 12.849ms
04-11 02:53:13.231 25442 25460 I native-activity: Swap 457 time is 28.132ms
04-11 02:53:13.231 25442 25460 I native-activity: Animating
04-11 02:53:13.244 25442 25460 I native-activity: Frame 458 GL error is 0x0
04-11 02:53:13.244 25442 25460 I native-activity: Frame 458 time is 12.671ms
04-11 02:53:13.236    93    93 I Kernel  : [310432.855127] (3)[93:irq/258-inv_irq]inv_mpu_iio: inv_push_8bytes_buffer: Received Accel Sensor Data at Driver Layer -396, 1772, -16456
04-11 02:53:13.260 25442 25460 I native-activity: Swap 458 time is 28.098ms
04-11 02:53:13.260 25442 25460 I native-activity: Animating
04-11 02:53:13.272 25442 25460 I native-activity: Frame 459 GL error is 0x0
04-11 02:53:13.272 25442 25460 I native-activity: Frame 459 time is 12.685ms
04-11 02:53:13.288 25442 25460 I native-activity: Swap 459 time is 28.041ms
04-11 02:53:13.288 25442 25460 I native-activity: Animating
04-11 02:53:13.300 25442 25460 I native-activity: Frame 460 GL error is 0x0
04-11 02:53:13.300 25442 25460 I native-activity: Frame 460 time is 12.292ms
04-11 02:53:13.316 25442 25460 I native-activity: Swap 460 time is 27.771ms
04-11 02:53:13.316 25442 25460 I native-activity: Animating
04-11 02:53:13.329 25442 25460 I native-activity: Frame 461 GL error is 0x0
04-11 02:53:13.329 25442 25460 I native-activity: Frame 461 time is 12.730ms
04-11 02:53:13.344 25442 25460 I native-activity: Swap 461 time is 27.710ms
04-11 02:53:13.344 25442 25460 I native-activity: Animating
04-11 02:53:13.378 25442 25460 I native-activity: Frame 462 GL error is 0x501
04-11 02:53:13.378 25442 25460 I native-activity: Frame 462 time is 34.434ms
04-11 02:53:13.390 25442 25460 I native-activity: Swap 462 time is 46.398ms
04-11 02:53:13.390 25442 25460 I native-activity: Animating
04-11 02:53:13.395 25442 25460 I native-activity: Frame 463 GL error is 0x0
04-11 02:53:13.395 25442 25460 I native-activity: Frame 463 time is 5.052ms
04-11 02:53:13.409 25442 25460 I native-activity: Swap 463 time is 18.895ms
04-11 02:53:13.409 25442 25460 I native-activity: Animating
04-11 02:53:13.412 25442 25460 I native-activity: Frame 464 GL error is 0x0
04-11 02:53:13.412 25442 25460 I native-activity: Frame 464 time is 2.387ms
04-11 02:53:13.426 25442 25460 I native-activity: Swap 464 time is 16.876ms
04-11 02:53:13.426 25442 25460 I native-activity: Animating
04-11 02:53:13.432 25442 25460 I native-activity: Frame 465 GL error is 0x0
04-11 02:53:13.433 25442 25460 I native-activity: Frame 465 time is 6.410ms
04-11 02:53:13.445 25442 25460 I native-activity: Swap 465 time is 18.409ms
04-11 02:53:13.445 25442 25460 I native-activity: Animating
04-11 02:53:13.448 25442 25460 I native-activity: Frame 466 GL error is 0x0
04-11 02:53:13.448 25442 25460 I native-activity: Frame 466 time is 3.719ms
04-11 02:53:13.463 25442 25460 I native-activity: Swap 466 time is 18.523ms
04-11 02:53:13.463 25442 25460 I native-activity: Animating
04-11 02:53:13.469 25442 25460 I native-activity: Frame 467 GL error is 0x0
04-11 02:53:13.469 25442 25460 I native-activity: Frame 467 time is 5.418ms
04-11 02:53:13.483 25442 25460 I native-activity: Swap 467 time is 19.603ms
04-11 02:53:13.483 25442 25460 I native-activity: Animating
04-11 02:53:13.490 25442 25460 I native-activity: Frame 468 GL error is 0x0
04-11 02:53:13.490 25442 25460 I native-activity: Frame 468 time is 6.980ms
04-11 02:53:13.476    93    93 I Kernel  : [310433.093770] (3)[93:irq/258-inv_irq]inv_mpu_iio: inv_read_fifo: Received Sensor Interrupt to read FIFO and Fifo_count is 6
04-11 02:53:13.503 25442 25460 I native-activity: Swap 468 time is 20.414ms
04-11 02:53:13.503 25442 25460 I native-activity: Animating
04-11 02:53:13.530 25442 25460 I native-activity: Frame 469 GL error is 0x501
04-11 02:53:13.530 25442 25460 I native-activity: Frame 469 time is 26.222ms
04-11 02:53:13.543 25442 25460 I native-activity: Swap 469 time is 39.281ms
04-11 02:53:13.543 25442 25460 I native-activity: Animating
