04-13 00:40:31.765 22207 22228 I native-activity: Doing egl_swapbuffers_sync 2
04-13 00:40:31.772 22207 22228 I native-activity: Swap 493 time is 16.250ms
04-13 00:40:31.772 22207 22228 I native-activity: Animating
04-13 00:40:31.782 22207 22228 I native-activity: Frame 494 GL error is 0x0
04-13 00:40:31.782 22207 22228 I native-activity: Frame 494 time is 10.121ms
04-13 00:40:31.782 22207 22228 I native-activity: Doing egl_swapbuffers_sync 2
04-13 00:40:31.788 22207 22228 I native-activity: Swap 494 time is 16.164ms
04-13 00:40:31.788 22207 22228 I native-activity: Animating
04-13 00:40:31.799 22207 22228 I native-activity: Frame 495 GL error is 0x0
04-13 00:40:31.799 22207 22228 I native-activity: Frame 495 time is 10.881ms
04-13 00:40:31.799 22207 22228 I native-activity: Doing egl_swapbuffers_sync 2
04-13 00:40:31.804 22207 22228 I native-activity: Swap 495 time is 16.246ms
04-13 00:40:31.805 22207 22228 I native-activity: Animating
04-13 00:40:31.815 22207 22228 I native-activity: Frame 496 GL error is 0x0
04-13 00:40:31.815 22207 22228 I native-activity: Frame 496 time is 10.107ms
04-13 00:40:31.815 22207 22228 I native-activity: Doing egl_swapbuffers_sync 2
04-13 00:40:31.821 22207 22228 I native-activity: Swap 496 time is 16.277ms
04-13 00:40:31.821 22207 22228 I native-activity: Animating
04-13 00:40:31.831 22207 22228 I native-activity: Frame 497 GL error is 0x0
04-13 00:40:31.831 22207 22228 I native-activity: Frame 497 time is 10.046ms
04-13 00:40:31.831 22207 22228 I native-activity: Doing egl_swapbuffers_sync 2
04-13 00:40:31.837 22207 22228 I native-activity: Swap 497 time is 16.082ms
04-13 00:40:31.837 22207 22228 I native-activity: Animating
04-13 00:40:31.848 22207 22228 I native-activity: Frame 498 GL error is 0x0
04-13 00:40:31.848 22207 22228 I native-activity: Frame 498 time is 10.142ms
04-13 00:40:31.848 22207 22228 I native-activity: Doing egl_swapbuffers_sync 2
04-13 00:40:31.854 22207 22228 I native-activity: Swap 498 time is 16.315ms
04-13 00:40:31.854 22207 22228 I native-activity: Animating
04-13 00:40:31.864 22207 22228 I native-activity: Frame 499 GL error is 0x0
04-13 00:40:31.864 22207 22228 I native-activity: Frame 499 time is 10.101ms
04-13 00:40:31.864 22207 22228 I native-activity: Doing egl_swapbuffers_sync 2
04-13 00:40:31.870 22207 22228 I native-activity: Swap 499 time is 16.247ms
04-13 00:40:31.870 22207 22228 I native-activity: Animating
04-13 00:40:31.880 22207 22228 I native-activity: Frame 500 GL error is 0x0
04-13 00:40:31.880 22207 22228 I native-activity: Frame 500 time is 10.032ms
04-13 00:40:31.880 22207 22228 I native-activity: Doing egl_swapbuffers_sync 2
04-13 00:40:31.887 22207 22228 I native-activity: Swap 500 time is 16.251ms
04-13 00:40:31.887 22207 22228 I native-activity: Animating
04-13 00:40:31.897 22207 22228 I native-activity: Frame 501 GL error is 0x0
04-13 00:40:31.897 22207 22228 I native-activity: Frame 501 time is 9.931ms
04-13 00:40:31.897 22207 22228 I native-activity: Doing egl_swapbuffers_sync 2
04-13 00:40:31.903 22207 22228 I native-activity: Swap 501 time is 16.274ms
04-13 00:40:31.903 22207 22228 I native-activity: Animating
04-13 00:40:31.913 22207 22228 I native-activity: Frame 502 GL error is 0x0
04-13 00:40:31.913 22207 22228 I native-activity: Frame 502 time is 9.893ms
04-13 00:40:31.913 22207 22228 I native-activity: Doing egl_swapbuffers_sync 2
04-13 00:40:31.900    82    82 I Kernel  : [45270.577130].(0)[82:mtk charger_hv_]charging_reset_watch_dog_timer
04-13 00:40:31.900    82    82 I Kernel  : [45270.578013].(0)[82:mtk charger_hv_]array_size = 16 
04-13 00:40:31.920 22207 22228 I native-activity: Swap 502 time is 16.387ms
04-13 00:40:31.920 22207 22228 I native-activity: Animating
04-13 00:40:31.929 22207 22228 I native-activity: Frame 503 GL error is 0x0
04-13 00:40:31.930 22207 22228 I native-activity: Frame 503 time is 9.749ms
04-13 00:40:31.930 22207 22228 I native-activity: Doing egl_swapbuffers_sync 2
04-13 00:40:31.936 22207 22228 I native-activity: Swap 503 time is 16.064ms
04-13 00:40:31.936 22207 22228 I native-activity: Animating
04-13 00:40:31.946 22207 22228 I native-activity: Frame 504 GL error is 0x0
04-13 00:40:31.946 22207 22228 I native-activity: Frame 504 time is 9.911ms
04-13 00:40:31.946 22207 22228 I native-activity: Doing egl_swapbuffers_sync 2
04-13 00:40:31.952 22207 22228 I native-activity: Swap 504 time is 16.083ms
04-13 00:40:31.952 22207 22228 I native-activity: Animating
04-13 00:40:31.962 22207 22228 I native-activity: Frame 505 GL error is 0x0
04-13 00:40:31.962 22207 22228 I native-activity: Frame 505 time is 9.889ms
04-13 00:40:31.962 22207 22228 I native-activity: Doing egl_swapbuffers_sync 2
04-13 00:40:31.968 22207 22228 I native-activity: Swap 505 time is 16.211ms
04-13 00:40:31.969 22207 22228 I native-activity: Animating
04-13 00:40:31.978 22207 22228 I native-activity: Frame 506 GL error is 0x0
04-13 00:40:31.978 22207 22228 I native-activity: Frame 506 time is 9.837ms
04-13 00:40:31.978 22207 22228 I native-activity: Doing egl_swapbuffers_sync 2
04-13 00:40:31.985 22207 22228 I native-activity: Swap 506 time is 16.168ms
04-13 00:40:31.985 22207 22228 I native-activity: Animating
04-13 00:40:31.995 22207 22228 I native-activity: Frame 507 GL error is 0x0
04-13 00:40:31.995 22207 22228 I native-activity: Frame 507 time is 9.890ms
04-13 00:40:31.995 22207 22228 I native-activity: Doing egl_swapbuffers_sync 2
04-13 00:40:32.001 22207 22228 I native-activity: Swap 507 time is 16.302ms
04-13 00:40:32.001 22207 22228 I native-activity: Animating
04-13 00:40:32.011 22207 22228 I native-activity: Frame 508 GL error is 0x0
04-13 00:40:32.011 22207 22228 I native-activity: Frame 508 time is 10.018ms
04-13 00:40:32.011 22207 22228 I native-activity: Doing egl_swapbuffers_sync 2
04-13 00:40:32.017 22207 22228 I native-activity: Swap 508 time is 15.997ms
04-13 00:40:32.018 22207 22228 I native-activity: Animating
04-13 00:40:32.028 22207 22228 I native-activity: Frame 509 GL error is 0x0
04-13 00:40:32.028 22207 22228 I native-activity: Frame 509 time is 10.040ms
04-13 00:40:32.028 22207 22228 I native-activity: Doing egl_swapbuffers_sync 2
04-13 00:40:32.034 22207 22228 I native-activity: Swap 509 time is 16.199ms
04-13 00:40:32.034 22207 22228 I native-activity: Animating
04-13 00:40:32.044 22207 22228 I native-activity: Frame 510 GL error is 0x0
04-13 00:40:32.044 22207 22228 I native-activity: Frame 510 time is 10.101ms
04-13 00:40:32.044 22207 22228 I native-activity: Doing egl_swapbuffers_sync 2
04-13 00:40:32.050 22207 22228 I native-activity: Swap 510 time is 16.131ms
04-13 00:40:32.050 22207 22228 I native-activity: Animating
04-13 00:40:32.060 22207 22228 I native-activity: Frame 511 GL error is 0x0
04-13 00:40:32.060 22207 22228 I native-activity: Frame 511 time is 9.967ms
04-13 00:40:32.060 22207 22228 I native-activity: Doing egl_swapbuffers_sync 2
04-13 00:40:32.066 22207 22228 I native-activity: Swap 511 time is 16.078ms
04-13 00:40:32.066 22207 22228 I native-activity: Animating
04-13 00:40:32.077 22207 22228 I native-activity: Frame 512 GL error is 0x0
04-13 00:40:32.077 22207 22228 I native-activity: Frame 512 time is 10.172ms
04-13 00:40:32.077 22207 22228 I native-activity: Doing egl_swapbuffers_sync 2
04-13 00:40:32.083 22207 22228 I native-activity: Swap 512 time is 16.171ms
04-13 00:40:32.083 22207 22228 I native-activity: Animating
04-13 00:40:32.093 22207 22228 I native-activity: Frame 513 GL error is 0x0
04-13 00:40:32.093 22207 22228 I native-activity: Frame 513 time is 10.173ms
04-13 00:40:32.093 22207 22228 I native-activity: Doing egl_swapbuffers_sync 2
04-13 00:40:32.099 22207 22228 I native-activity: Swap 513 time is 16.242ms
04-13 00:40:32.099 22207 22228 I native-activity: Animating
04-13 00:40:32.109 22207 22228 I native-activity: Frame 514 GL error is 0x0
04-13 00:40:32.109 22207 22228 I native-activity: Frame 514 time is 10.057ms
04-13 00:40:32.109 22207 22228 I native-activity: Doing egl_swapbuffers_sync 2
04-13 00:40:32.115 22207 22228 I native-activity: Swap 514 time is 16.266ms
04-13 00:40:32.116 22207 22228 I native-activity: Animating
04-13 00:40:32.126 22207 22228 I native-activity: Frame 515 GL error is 0x0
04-13 00:40:32.126 22207 22228 I native-activity: Frame 515 time is 10.240ms
04-13 00:40:32.126 22207 22228 I native-activity: Doing egl_swapbuffers_sync 2
04-13 00:40:32.132 22207 22228 I native-activity: Swap 515 time is 16.229ms
04-13 00:40:32.132 22207 22228 I native-activity: Animating
04-13 00:40:32.142 22207 22228 I native-activity: Frame 516 GL error is 0x0
04-13 00:40:32.142 22207 22228 I native-activity: Frame 516 time is 10.157ms
04-13 00:40:32.142 22207 22228 I native-activity: Doing egl_swapbuffers_sync 2
04-13 00:40:32.148 22207 22228 I native-activity: Swap 516 time is 16.157ms
04-13 00:40:32.148 22207 22228 I native-activity: Animating
04-13 00:40:32.158 22207 22228 I native-activity: Frame 517 GL error is 0x0
04-13 00:40:32.158 22207 22228 I native-activity: Frame 517 time is 10.021ms
04-13 00:40:32.158 22207 22228 I native-activity: Doing egl_swapbuffers_sync 2
04-13 00:40:32.165 22207 22228 I native-activity: Swap 517 time is 16.238ms
04-13 00:40:32.165 22207 22228 I native-activity: Animating
04-13 00:40:32.175 22207 22228 I native-activity: Frame 518 GL error is 0x0
04-13 00:40:32.175 22207 22228 I native-activity: Frame 518 time is 10.429ms
04-13 00:40:32.175 22207 22228 I native-activity: Doing egl_swapbuffers_sync 2
04-13 00:40:32.181 22207 22228 I native-activity: Swap 518 time is 16.416ms
04-13 00:40:32.181 22207 22228 I native-activity: Animating
04-13 00:40:32.191 22207 22228 I native-activity: Frame 519 GL error is 0x0
04-13 00:40:32.191 22207 22228 I native-activity: Frame 519 time is 10.130ms
04-13 00:40:32.191 22207 22228 I native-activity: Doing egl_swapbuffers_sync 2
04-13 00:40:32.198 22207 22228 I native-activity: Swap 519 time is 16.375ms
04-13 00:40:32.198 22207 22228 I native-activity: Animating
04-13 00:40:32.208 22207 22228 I native-activity: Frame 520 GL error is 0x0
04-13 00:40:32.208 22207 22228 I native-activity: Frame 520 time is 10.036ms
04-13 00:40:32.208 22207 22228 I native-activity: Doing egl_swapbuffers_sync 2
04-13 00:40:32.214 22207 22228 I native-activity: Swap 520 time is 16.393ms
04-13 00:40:32.214 22207 22228 I native-activity: Animating
04-13 00:40:32.224 22207 22228 I native-activity: Frame 521 GL error is 0x0
04-13 00:40:32.225 22207 22228 I native-activity: Frame 521 time is 10.146ms
04-13 00:40:32.225 22207 22228 I native-activity: Doing egl_swapbuffers_sync 2
04-13 00:40:32.231 22207 22228 I native-activity: Swap 521 time is 16.342ms
04-13 00:40:32.231 22207 22228 I native-activity: Animating
04-13 00:40:32.241 22207 22228 I native-activity: Frame 522 GL error is 0x0
04-13 00:40:32.241 22207 22228 I native-activity: Frame 522 time is 10.061ms
04-13 00:40:32.241 22207 22228 I native-activity: Doing egl_swapbuffers_sync 2
04-13 00:40:32.247 22207 22228 I native-activity: Swap 522 time is 16.295ms
04-13 00:40:32.247 22207 22228 I native-activity: Animating
04-13 00:40:32.257 22207 22228 I native-activity: Frame 523 GL error is 0x0
04-13 00:40:32.257 22207 22228 I native-activity: Frame 523 time is 10.114ms
04-13 00:40:32.257 22207 22228 I native-activity: Doing egl_swapbuffers_sync 2
04-13 00:40:32.264 22207 22228 I native-activity: Swap 523 time is 16.296ms
04-13 00:40:32.264 22207 22228 I native-activity: Animating
04-13 00:40:32.274 22207 22228 I native-activity: Frame 524 GL error is 0x0
04-13 00:40:32.274 22207 22228 I native-activity: Frame 524 time is 10.107ms
04-13 00:40:32.274 22207 22228 I native-activity: Doing egl_swapbuffers_sync 2
04-13 00:40:32.280 22207 22228 I native-activity: Swap 524 time is 16.319ms
04-13 00:40:32.280 22207 22228 I native-activity: Animating
04-13 00:40:32.290 22207 22228 I native-activity: Frame 525 GL error is 0x0
04-13 00:40:32.290 22207 22228 I native-activity: Frame 525 time is 9.448ms
04-13 00:40:32.290 22207 22228 I native-activity: Doing egl_swapbuffers_sync 2
04-13 00:40:32.297 22207 22228 I native-activity: Swap 525 time is 16.212ms
04-13 00:40:32.297 22207 22228 I native-activity: Animating
04-13 00:40:32.322 22207 22228 I native-activity: Frame 526 GL error is 0x0
04-13 00:40:32.322 22207 22228 I native-activity: Frame 526 time is 24.889ms
04-13 00:40:32.322 22207 22228 I native-activity: Doing egl_swapbuffers_sync 2
04-13 00:40:32.322 22207 22228 I native-activity: Swap 526 time is 25.266ms
04-13 00:40:32.322 22207 22228 I native-activity: Animating
04-13 00:40:32.335 22207 22228 I native-activity: Frame 527 GL error is 0x0
04-13 00:40:32.335 22207 22228 I native-activity: Frame 527 time is 12.542ms
04-13 00:40:32.335 22207 22228 I native-activity: Doing egl_swapbuffers_sync 2
04-13 00:40:32.335 22207 22228 I native-activity: Swap 527 time is 12.854ms
04-13 00:40:32.335 22207 22228 I native-activity: Animating
04-13 00:40:32.348 22207 22228 I native-activity: Frame 528 GL error is 0x0
04-13 00:40:32.348 22207 22228 I native-activity: Frame 528 time is 12.908ms
04-13 00:40:32.348 22207 22228 I native-activity: Doing egl_swapbuffers_sync 2
04-13 00:40:32.348 22207 22228 I native-activity: Swap 528 time is 13.237ms
04-13 00:40:32.348 22207 22228 I native-activity: Animating
04-13 00:40:32.363 22207 22228 I native-activity: Frame 529 GL error is 0x0
04-13 00:40:32.363 22207 22228 I native-activity: Frame 529 time is 14.198ms
04-13 00:40:32.363 22207 22228 I native-activity: Doing egl_swapbuffers_sync 2
04-13 00:40:32.363 22207 22228 I native-activity: Swap 529 time is 14.589ms
04-13 00:40:32.363 22207 22228 I native-activity: Animating
04-13 00:40:32.374 22207 22228 I native-activity: Frame 530 GL error is 0x0
04-13 00:40:32.375 22207 22228 I native-activity: Frame 530 time is 11.344ms
04-13 00:40:32.375 22207 22228 I native-activity: Doing egl_swapbuffers_sync 2
04-13 00:40:32.380 22207 22228 I native-activity: Swap 530 time is 16.478ms
04-13 00:40:32.380 22207 22228 I native-activity: Animating
04-13 00:40:32.392 22207 22228 I native-activity: Frame 531 GL error is 0x0
04-13 00:40:32.392 22207 22228 I native-activity: Frame 531 time is 12.190ms
04-13 00:40:32.392 22207 22228 I native-activity: Doing egl_swapbuffers_sync 2
04-13 00:40:32.396 22207 22228 I native-activity: Swap 531 time is 16.358ms
04-13 00:40:32.396 22207 22228 I native-activity: Animating
04-13 00:40:32.407 22207 22228 I native-activity: Frame 532 GL error is 0x0
04-13 00:40:32.407 22207 22228 I native-activity: Frame 532 time is 10.815ms
04-13 00:40:32.407 22207 22228 I native-activity: Doing egl_swapbuffers_sync 2
04-13 00:40:32.412 22207 22228 I native-activity: Swap 532 time is 15.596ms
04-13 00:40:32.412 22207 22228 I native-activity: Animating
04-13 00:40:32.424 22207 22228 I native-activity: Frame 533 GL error is 0x0
04-13 00:40:32.424 22207 22228 I native-activity: Frame 533 time is 11.616ms
04-13 00:40:32.424 22207 22228 I native-activity: Doing egl_swapbuffers_sync 2
04-13 00:40:32.427 22207 22228 I native-activity: Swap 533 time is 15.337ms
04-13 00:40:32.427 22207 22228 I native-activity: Animating
04-13 00:40:32.440 22207 22228 I native-activity: Frame 534 GL error is 0x0
04-13 00:40:32.440 22207 22228 I native-activity: Frame 534 time is 12.344ms
04-13 00:40:32.440 22207 22228 I native-activity: Doing egl_swapbuffers_sync 2
04-13 00:40:32.443 22207 22228 I native-activity: Swap 534 time is 15.016ms
04-13 00:40:32.443 22207 22228 I native-activity: Animating
04-13 00:40:32.453 22207 22228 I native-activity: Frame 535 GL error is 0x0
04-13 00:40:32.453 22207 22228 I native-activity: Frame 535 time is 10.748ms
04-13 00:40:32.453 22207 22228 I native-activity: Doing egl_swapbuffers_sync 2
04-13 00:40:32.458 22207 22228 I native-activity: Swap 535 time is 14.993ms
04-13 00:40:32.458 22207 22228 I native-activity: Animating
04-13 00:40:32.468 22207 22228 I native-activity: Frame 536 GL error is 0x0
04-13 00:40:32.468 22207 22228 I native-activity: Frame 536 time is 10.630ms
04-13 00:40:32.468 22207 22228 I native-activity: Doing egl_swapbuffers_sync 2
04-13 00:40:32.473 22207 22228 I native-activity: Swap 536 time is 15.162ms
04-13 00:40:32.473 22207 22228 I native-activity: Animating
04-13 00:40:32.484 22207 22228 I native-activity: Frame 537 GL error is 0x0
04-13 00:40:32.484 22207 22228 I native-activity: Frame 537 time is 10.786ms
04-13 00:40:32.484 22207 22228 I native-activity: Doing egl_swapbuffers_sync 2
04-13 00:40:32.488 22207 22228 I native-activity: Swap 537 time is 14.881ms
04-13 00:40:32.488 22207 22228 I native-activity: Animating
04-13 00:40:32.499 22207 22228 I native-activity: Frame 538 GL error is 0x0
04-13 00:40:32.499 22207 22228 I native-activity: Frame 538 time is 10.689ms
04-13 00:40:32.499 22207 22228 I native-activity: Doing egl_swapbuffers_sync 2
04-13 00:40:32.503 22207 22228 I native-activity: Swap 538 time is 14.949ms
04-13 00:40:32.503 22207 22228 I native-activity: Animating
04-13 00:40:32.515 22207 22228 I native-activity: Frame 539 GL error is 0x0
04-13 00:40:32.515 22207 22228 I native-activity: Frame 539 time is 11.730ms
04-13 00:40:32.515 22207 22228 I native-activity: Doing egl_swapbuffers_sync 2
04-13 00:40:32.518 22207 22228 I native-activity: Swap 539 time is 14.930ms
04-13 00:40:32.518 22207 22228 I native-activity: Animating
04-13 00:40:32.529 22207 22228 I native-activity: Frame 540 GL error is 0x0
04-13 00:40:32.529 22207 22228 I native-activity: Frame 540 time is 10.371ms
04-13 00:40:32.529 22207 22228 I native-activity: Doing egl_swapbuffers_sync 2
04-13 00:40:32.533 22207 22228 I native-activity: Swap 540 time is 14.924ms
04-13 00:40:32.533 22207 22228 I native-activity: Animating
04-13 00:40:32.544 22207 22228 I native-activity: Frame 541 GL error is 0x0
04-13 00:40:32.544 22207 22228 I native-activity: Frame 541 time is 10.401ms
04-13 00:40:32.544 22207 22228 I native-activity: Doing egl_swapbuffers_sync 2
04-13 00:40:32.548 22207 22228 I native-activity: Swap 541 time is 14.833ms
04-13 00:40:32.548 22207 22228 I native-activity: Animating
04-13 00:40:32.559 22207 22228 I native-activity: Frame 542 GL error is 0x0
04-13 00:40:32.559 22207 22228 I native-activity: Frame 542 time is 10.329ms
04-13 00:40:32.559 22207 22228 I native-activity: Doing egl_swapbuffers_sync 2
04-13 00:40:32.563 22207 22228 I native-activity: Swap 542 time is 14.745ms
04-13 00:40:32.563 22207 22228 I native-activity: Animating
04-13 00:40:32.574 22207 22228 I native-activity: Frame 543 GL error is 0x0
04-13 00:40:32.574 22207 22228 I native-activity: Frame 543 time is 10.358ms
04-13 00:40:32.574 22207 22228 I native-activity: Doing egl_swapbuffers_sync 2
04-13 00:40:32.578 22207 22228 I native-activity: Swap 543 time is 14.697ms
04-13 00:40:32.578 22207 22228 I native-activity: Animating
04-13 00:40:32.588 22207 22228 I native-activity: Frame 544 GL error is 0x0
04-13 00:40:32.588 22207 22228 I native-activity: Frame 544 time is 10.280ms
04-13 00:40:32.588 22207 22228 I native-activity: Doing egl_swapbuffers_sync 2
04-13 00:40:32.593 22207 22228 I native-activity: Swap 544 time is 14.803ms
04-13 00:40:32.593 22207 22228 I native-activity: Animating
04-13 00:40:32.604 22207 22228 I native-activity: Frame 545 GL error is 0x0
04-13 00:40:32.604 22207 22228 I native-activity: Frame 545 time is 10.911ms
04-13 00:40:32.604 22207 22228 I native-activity: Doing egl_swapbuffers_sync 2
04-13 00:40:32.608 22207 22228 I native-activity: Swap 545 time is 14.794ms
04-13 00:40:32.608 22207 22228 I native-activity: Animating
04-13 00:40:32.636 22207 22228 I native-activity: Frame 546 GL error is 0x0
04-13 00:40:32.636 22207 22228 I native-activity: Frame 546 time is 27.933ms
04-13 00:40:32.636 22207 22228 I native-activity: Doing egl_swapbuffers_sync 2
04-13 00:40:32.636 22207 22228 I native-activity: Swap 546 time is 28.280ms
04-13 00:40:32.636 22207 22228 I native-activity: Animating
04-13 00:40:32.647 22207 22228 I native-activity: Frame 547 GL error is 0x0
04-13 00:40:32.647 22207 22228 I native-activity: Frame 547 time is 10.603ms
04-13 00:40:32.647 22207 22228 I native-activity: Doing egl_swapbuffers_sync 2
04-13 00:40:32.647 22207 22228 I native-activity: Swap 547 time is 10.910ms
04-13 00:40:32.647 22207 22228 I native-activity: Animating
04-13 00:40:32.655 22207 22228 I native-activity: Frame 548 GL error is 0x0
04-13 00:40:32.655 22207 22228 I native-activity: Frame 548 time is 7.147ms
04-13 00:40:32.655 22207 22228 I native-activity: Doing egl_swapbuffers_sync 2
04-13 00:40:32.655 22207 22228 I native-activity: Swap 548 time is 7.474ms
04-13 00:40:32.655 22207 22228 I native-activity: Animating
04-13 00:40:32.659 22207 22228 I native-activity: Frame 549 GL error is 0x0
04-13 00:40:32.660 22207 22228 I native-activity: Frame 549 time is 4.460ms
04-13 00:40:32.660 22207 22228 I native-activity: Doing egl_swapbuffers_sync 2
04-13 00:40:32.668 22207 22228 I native-activity: Swap 549 time is 13.177ms
04-13 00:40:32.668 22207 22228 I native-activity: Animating
04-13 00:40:32.650 22226 22226 I Kernel  : [45271.331529]-(0)[22226:logcat]dpi vsync
04-13 00:40:32.673 22207 22228 I native-activity: Frame 550 GL error is 0x0
04-13 00:40:32.673 22207 22228 I native-activity: Frame 550 time is 4.887ms
04-13 00:40:32.673 22207 22228 I native-activity: Doing egl_swapbuffers_sync 2
04-13 00:40:32.683 22207 22228 I native-activity: Swap 550 time is 14.790ms
04-13 00:40:32.683 22207 22228 I native-activity: Animating
04-13 00:40:32.688 22207 22228 I native-activity: Frame 551 GL error is 0x0
04-13 00:40:32.688 22207 22228 I native-activity: Frame 551 time is 4.361ms
04-13 00:40:32.688 22207 22228 I native-activity: Doing egl_swapbuffers_sync 2
04-13 00:40:32.698 22207 22228 I native-activity: Swap 551 time is 14.388ms
04-13 00:40:32.698 22207 22228 I native-activity: Animating
04-13 00:40:32.703 22207 22228 I native-activity: Frame 552 GL error is 0x0
04-13 00:40:32.703 22207 22228 I native-activity: Frame 552 time is 4.723ms
04-13 00:40:32.703 22207 22228 I native-activity: Doing egl_swapbuffers_sync 2
04-13 00:40:32.712 22207 22228 I native-activity: Swap 552 time is 14.306ms
04-13 00:40:32.712 22207 22228 I native-activity: Animating
04-13 00:40:32.717 22207 22228 I native-activity: Frame 553 GL error is 0x0
04-13 00:40:32.717 22207 22228 I native-activity: Frame 553 time is 4.377ms
04-13 00:40:32.717 22207 22228 I native-activity: Doing egl_swapbuffers_sync 2
04-13 00:40:32.727 22207 22228 I native-activity: Swap 553 time is 14.354ms
04-13 00:40:32.727 22207 22228 I native-activity: Animating
04-13 00:40:32.731 22207 22228 I native-activity: Frame 554 GL error is 0x0
04-13 00:40:32.731 22207 22228 I native-activity: Frame 554 time is 4.457ms
04-13 00:40:32.731 22207 22228 I native-activity: Doing egl_swapbuffers_sync 2
04-13 00:40:32.741 22207 22228 I native-activity: Swap 554 time is 14.234ms
04-13 00:40:32.741 22207 22228 I native-activity: Animating
04-13 00:40:32.747 22207 22228 I native-activity: Frame 555 GL error is 0x0
04-13 00:40:32.747 22207 22228 I native-activity: Frame 555 time is 5.764ms
04-13 00:40:32.747 22207 22228 I native-activity: Doing egl_swapbuffers_sync 2
04-13 00:40:32.755 22207 22228 I native-activity: Swap 555 time is 14.207ms
04-13 00:40:32.756 22207 22228 I native-activity: Animating
04-13 00:40:32.760 22207 22228 I native-activity: Frame 556 GL error is 0x0
04-13 00:40:32.760 22207 22228 I native-activity: Frame 556 time is 4.714ms
04-13 00:40:32.760 22207 22228 I native-activity: Doing egl_swapbuffers_sync 2
04-13 00:40:32.770 22207 22228 I native-activity: Swap 556 time is 14.249ms
04-13 00:40:32.770 22207 22228 I native-activity: Animating
04-13 00:40:32.777 22207 22228 I native-activity: Frame 557 GL error is 0x0
04-13 00:40:32.777 22207 22228 I native-activity: Frame 557 time is 6.962ms
04-13 00:40:32.777 22207 22228 I native-activity: Doing egl_swapbuffers_sync 2
04-13 00:40:32.770 21409 21409 I Kernel  : [45271.442434].(0)[21409:kworker/0:1H]regs_hotplug_callback cpu = 3
04-13 00:40:32.770    19    19 I Kernel  : [45271.442934]-(3)[19:migration/3][Power/hotplug] platform_cpu_disable, cpu: 3
04-13 00:40:32.770    19    19 I Kernel  : [45271.443212]-(3)[19:migration/3]regs_hotplug_callback cpu = 3
04-13 00:40:32.770     0     0 I Kernel  : [45271.443272]-(3)[0:swapper/3][Power/hotplug] platform_cpu_die, cpu: 3
04-13 00:40:32.770 21409 21409 I Kernel  : [45271.443295].(0)[21409:kworker/0:1H]CPU3: shutdown
04-13 00:40:32.770 21409 21409 I Kernel  : [45271.443315].(0)[21409:kworker/0:1H][Power/hotplug] platform_cpu_kill, cpu: 3
04-13 00:40:32.770 21409 21409 I Kernel  : [45271.443896].(0)[21409:kworker/0:1H]regs_hotplug_callback cpu = 3
04-13 00:40:32.770 21409 21409 I Kernel  : [45271.444183].(0)[21409:kworker/0:1H][WDK]cpu 3 plug off, kick wdt
04-13 00:40:32.770 21409 21409 I Kernel  : [45271.444283].(0)[21409:kworker/0:1H]regs_hotplug_callback cpu = 3
04-13 00:40:32.784 22207 22228 I native-activity: Swap 557 time is 13.807ms
04-13 00:40:32.784 22207 22228 I native-activity: Animating
04-13 00:40:32.787 22207 22228 I native-activity: Frame 558 GL error is 0x0
04-13 00:40:32.788 22207 22228 I native-activity: Frame 558 time is 3.378ms
04-13 00:40:32.788 22207 22228 I native-activity: Doing egl_swapbuffers_sync 2
04-13 00:40:32.793  1787  1787 I AmazonLocationController: onWifiSignalChanged : connected : true
04-13 00:40:32.798 22207 22228 I native-activity: Swap 558 time is 14.005ms
04-13 00:40:32.798 22207 22228 I native-activity: Animating
04-13 00:40:32.803 22207 22228 I native-activity: Frame 559 GL error is 0x0
04-13 00:40:32.803 22207 22228 I native-activity: Frame 559 time is 4.690ms
04-13 00:40:32.803 22207 22228 I native-activity: Doing egl_swapbuffers_sync 2
04-13 00:40:32.812 22207 22228 I native-activity: Swap 559 time is 14.036ms
04-13 00:40:32.813 22207 22228 I native-activity: Animating
04-13 00:40:32.816 22207 22228 I native-activity: Frame 560 GL error is 0x0
04-13 00:40:32.816 22207 22228 I native-activity: Frame 560 time is 3.153ms
04-13 00:40:32.816 22207 22228 I native-activity: Doing egl_swapbuffers_sync 2
04-13 00:40:32.827 22207 22228 I native-activity: Swap 560 time is 13.938ms
04-13 00:40:32.827 22207 22228 I native-activity: Animating
04-13 00:40:32.833 22207 22228 I native-activity: Frame 561 GL error is 0x0
04-13 00:40:32.833 22207 22228 I native-activity: Frame 561 time is 6.468ms
04-13 00:40:32.833 22207 22228 I native-activity: Doing egl_swapbuffers_sync 2
04-13 00:40:32.841 22207 22228 I native-activity: Swap 561 time is 14.254ms
04-13 00:40:32.841 22207 22228 I native-activity: Animating
04-13 00:40:32.848 22207 22228 I native-activity: Frame 562 GL error is 0x0
04-13 00:40:32.848 22207 22228 I native-activity: Frame 562 time is 6.512ms
04-13 00:40:32.848 22207 22228 I native-activity: Doing egl_swapbuffers_sync 2
04-13 00:40:32.855 22207 22228 I native-activity: Swap 562 time is 14.028ms
04-13 00:40:32.855 22207 22228 I native-activity: Animating
04-13 00:40:32.863 22207 22228 I native-activity: Frame 563 GL error is 0x0
04-13 00:40:32.863 22207 22228 I native-activity: Frame 563 time is 7.601ms
04-13 00:40:32.863 22207 22228 I native-activity: Doing egl_swapbuffers_sync 2
04-13 00:40:32.870 22207 22228 I native-activity: Swap 563 time is 14.200ms
04-13 00:40:32.870 22207 22228 I native-activity: Animating
04-13 00:40:32.876 22207 22228 I native-activity: Frame 564 GL error is 0x0
04-13 00:40:32.876 22207 22228 I native-activity: Frame 564 time is 6.022ms
04-13 00:40:32.876 22207 22228 I native-activity: Doing egl_swapbuffers_sync 2
04-13 00:40:32.884 22207 22228 I native-activity: Swap 564 time is 14.061ms
04-13 00:40:32.884 22207 22228 I native-activity: Animating
04-13 00:40:32.891 22207 22228 I native-activity: Frame 565 GL error is 0x0
04-13 00:40:32.891 22207 22228 I native-activity: Frame 565 time is 7.487ms
04-13 00:40:32.891 22207 22228 I native-activity: Doing egl_swapbuffers_sync 2
04-13 00:40:32.898 22207 22228 I native-activity: Swap 565 time is 14.233ms
04-13 00:40:32.898 22207 22228 I native-activity: Animating
04-13 00:40:32.905 22207 22228 I native-activity: Frame 566 GL error is 0x0
04-13 00:40:32.906 22207 22228 I native-activity: Frame 566 time is 7.256ms
04-13 00:40:32.906 22207 22228 I native-activity: Doing egl_swapbuffers_sync 2
04-13 00:40:32.913 22207 22228 I native-activity: Swap 566 time is 14.272ms
04-13 00:40:32.913 22207 22228 I native-activity: Animating
04-13 00:40:32.900    82    82 I Kernel  : [45271.578232].(0)[82:mtk charger_hv_]charging_reset_watch_dog_timer
04-13 00:40:32.900    82    82 I Kernel  : [45271.579144].(0)[82:mtk charger_hv_]array_size = 16 
04-13 00:40:32.923 22207 22228 I native-activity: Frame 567 GL error is 0x0
04-13 00:40:32.923 22207 22228 I native-activity: Frame 567 time is 10.264ms
04-13 00:40:32.923 22207 22228 I native-activity: Doing egl_swapbuffers_sync 2
04-13 00:40:32.927 22207 22228 I native-activity: Swap 567 time is 14.283ms
04-13 00:40:32.927 22207 22228 I native-activity: Animating
04-13 00:40:32.934 22207 22228 I native-activity: Frame 568 GL error is 0x0
04-13 00:40:32.934 22207 22228 I native-activity: Frame 568 time is 6.802ms
04-13 00:40:32.934 22207 22228 I native-activity: Doing egl_swapbuffers_sync 2
04-13 00:40:32.941 22207 22228 I native-activity: Swap 568 time is 14.291ms
04-13 00:40:32.942 22207 22228 I native-activity: Animating
04-13 00:40:32.948 22207 22228 I native-activity: Frame 569 GL error is 0x0
04-13 00:40:32.948 22207 22228 I native-activity: Frame 569 time is 6.660ms
04-13 00:40:32.948 22207 22228 I native-activity: Doing egl_swapbuffers_sync 2
04-13 00:40:32.956 22207 22228 I native-activity: Swap 569 time is 14.313ms
04-13 00:40:32.956 22207 22228 I native-activity: Animating
04-13 00:40:32.963 22207 22228 I native-activity: Frame 570 GL error is 0x0
04-13 00:40:32.963 22207 22228 I native-activity: Frame 570 time is 6.850ms
04-13 00:40:32.963 22207 22228 I native-activity: Doing egl_swapbuffers_sync 2
04-13 00:40:32.970 22207 22228 I native-activity: Swap 570 time is 14.215ms
04-13 00:40:32.971 22207 22228 I native-activity: Animating
04-13 00:40:32.977 22207 22228 I native-activity: Frame 571 GL error is 0x0
04-13 00:40:32.977 22207 22228 I native-activity: Frame 571 time is 6.641ms
04-13 00:40:32.977 22207 22228 I native-activity: Doing egl_swapbuffers_sync 2
04-13 00:40:32.985 22207 22228 I native-activity: Swap 571 time is 14.173ms
04-13 00:40:32.985 22207 22228 I native-activity: Animating
04-13 00:40:32.992 22207 22228 I native-activity: Frame 572 GL error is 0x0
04-13 00:40:32.992 22207 22228 I native-activity: Frame 572 time is 6.763ms
04-13 00:40:32.992 22207 22228 I native-activity: Doing egl_swapbuffers_sync 2
04-13 00:40:32.999 22207 22228 I native-activity: Swap 572 time is 14.167ms
04-13 00:40:32.999 22207 22228 I native-activity: Animating
04-13 00:40:33.006 22207 22228 I native-activity: Frame 573 GL error is 0x0
04-13 00:40:33.006 22207 22228 I native-activity: Frame 573 time is 6.746ms
04-13 00:40:33.006 22207 22228 I native-activity: Doing egl_swapbuffers_sync 2
04-13 00:40:33.014 22207 22228 I native-activity: Swap 573 time is 14.313ms
04-13 00:40:33.014 22207 22228 I native-activity: Animating
04-13 00:40:33.022 22207 22228 I native-activity: Frame 574 GL error is 0x0
04-13 00:40:33.022 22207 22228 I native-activity: Frame 574 time is 8.210ms
04-13 00:40:33.022 22207 22228 I native-activity: Doing egl_swapbuffers_sync 2
04-13 00:40:33.028 22207 22228 I native-activity: Swap 574 time is 14.010ms
04-13 00:40:33.028 22207 22228 I native-activity: Animating
04-13 00:40:33.038 22207 22228 I native-activity: Frame 575 GL error is 0x0
04-13 00:40:33.038 22207 22228 I native-activity: Frame 575 time is 9.741ms
04-13 00:40:33.038 22207 22228 I native-activity: Doing egl_swapbuffers_sync 2
04-13 00:40:33.042 22207 22228 I native-activity: Swap 575 time is 14.314ms
04-13 00:40:33.042 22207 22228 I native-activity: Animating
04-13 00:40:33.056 22207 22228 I native-activity: Frame 576 GL error is 0x0
04-13 00:40:33.056 22207 22228 I native-activity: Frame 576 time is 13.507ms
04-13 00:40:33.056 22207 22228 I native-activity: Doing egl_swapbuffers_sync 2
04-13 00:40:33.057 22207 22228 I native-activity: Swap 576 time is 14.925ms
04-13 00:40:33.058 22207 22228 I native-activity: Animating
04-13 00:40:33.070 22207 22228 I native-activity: Frame 577 GL error is 0x0
04-13 00:40:33.070 22207 22228 I native-activity: Frame 577 time is 12.752ms
04-13 00:40:33.070 22207 22228 I native-activity: Doing egl_swapbuffers_sync 2
04-13 00:40:33.075 22207 22228 I native-activity: Swap 577 time is 17.811ms
04-13 00:40:33.076 22207 22228 I native-activity: Animating
04-13 00:40:33.088 22207 22228 I native-activity: Frame 578 GL error is 0x0
04-13 00:40:33.088 22207 22228 I native-activity: Frame 578 time is 12.515ms
04-13 00:40:33.088 22207 22228 I native-activity: Doing egl_swapbuffers_sync 2
04-13 00:40:33.088 22207 22228 I native-activity: Swap 578 time is 12.875ms
04-13 00:40:33.089 22207 22228 I native-activity: Animating
04-13 00:40:33.103 22207 22228 I native-activity: Frame 579 GL error is 0x0
04-13 00:40:33.103 22207 22228 I native-activity: Frame 579 time is 14.184ms
04-13 00:40:33.103 22207 22228 I native-activity: Doing egl_swapbuffers_sync 2
04-13 00:40:33.103 22207 22228 I native-activity: Swap 579 time is 14.581ms
04-13 00:40:33.103 22207 22228 I native-activity: Animating
04-13 00:40:33.118 22207 22228 I native-activity: Frame 580 GL error is 0x0
04-13 00:40:33.100  2137  2137 I Kernel  : [45271.772988][wlan] nicTxReleaseResource: (TX STATE)
04-13 00:40:33.119 22207 22228 I native-activity: Frame 580 time is 15.204ms
04-13 00:40:33.100  2137  2137 I Kernel  : Release: TC4 count 1, Free=3; TC5 count 0, Free=4
04-13 00:40:33.119 22207 22228 I native-activity: Doing egl_swapbuffers_sync 2
04-13 00:40:33.100  2159  2159 I Kernel  : [45271.773102].(0)[2159:wpa_supplicant]poorlink get state G(361505)F(49)dbad(0)dretry(0)LT(405)RT(-78)W(0)(12186)
04-13 00:40:33.100  2137  2137 I Kernel  : [45271.773856][wlan] nicTxReleaseResource: (TX STATE)
04-13 00:40:33.119 22207 22228 I native-activity: Swap 580 time is 15.530ms
04-13 00:40:33.100  2137  2137 I Kernel  : Release: TC4 count 1, Free=4; TC5 count 0, Free=4
04-13 00:40:33.119 22207 22228 I native-activity: Animating
04-13 00:40:33.136 22207 22228 I native-activity: Frame 581 GL error is 0x0
04-13 00:40:33.136 22207 22228 I native-activity: Frame 581 time is 17.467ms
04-13 00:40:33.136 22207 22228 I native-activity: Doing egl_swapbuffers_sync 2
04-13 00:40:33.137 22207 22228 I native-activity: Swap 581 time is 17.802ms
04-13 00:40:33.137 22207 22228 I native-activity: Animating
04-13 00:40:33.152 22207 22228 I native-activity: Frame 582 GL error is 0x0
04-13 00:40:33.152 22207 22228 I native-activity: Frame 582 time is 14.772ms
04-13 00:40:33.152 22207 22228 I native-activity: Doing egl_swapbuffers_sync 2
04-13 00:40:33.152 22207 22228 I native-activity: Swap 582 time is 15.113ms
04-13 00:40:33.152 22207 22228 I native-activity: Animating
04-13 00:40:33.165 22207 22228 I native-activity: Frame 583 GL error is 0x0
04-13 00:40:33.165 22207 22228 I native-activity: Frame 583 time is 12.610ms
04-13 00:40:33.165 22207 22228 I native-activity: Doing egl_swapbuffers_sync 2
04-13 00:40:33.165 22207 22228 I native-activity: Swap 583 time is 12.937ms
04-13 00:40:33.165 22207 22228 I native-activity: Animating
04-13 00:40:33.176 22207 22228 I native-activity: Frame 584 GL error is 0x0
04-13 00:40:33.176 22207 22228 I native-activity: Frame 584 time is 10.957ms
04-13 00:40:33.176 22207 22228 I native-activity: Doing egl_swapbuffers_sync 2
04-13 00:40:33.176 22207 22228 I native-activity: Swap 584 time is 11.284ms
04-13 00:40:33.177 22207 22228 I native-activity: Animating
04-13 00:40:33.187 22207 22228 I native-activity: Frame 585 GL error is 0x0
04-13 00:40:33.187 22207 22228 I native-activity: Frame 585 time is 10.606ms
04-13 00:40:33.187 22207 22228 I native-activity: Doing egl_swapbuffers_sync 2
04-13 00:40:33.190 22207 22228 I native-activity: Swap 585 time is 13.276ms
04-13 00:40:33.190 22207 22228 I native-activity: Animating
04-13 00:40:33.201 22207 22228 I native-activity: Frame 586 GL error is 0x0
04-13 00:40:33.201 22207 22228 I native-activity: Frame 586 time is 11.138ms
04-13 00:40:33.201 22207 22228 I native-activity: Doing egl_swapbuffers_sync 2
04-13 00:40:33.205 22207 22228 I native-activity: Swap 586 time is 14.859ms
04-13 00:40:33.205 22207 22228 I native-activity: Animating
04-13 00:40:33.216 22207 22228 I native-activity: Frame 587 GL error is 0x0
04-13 00:40:33.216 22207 22228 I native-activity: Frame 587 time is 10.595ms
04-13 00:40:33.216 22207 22228 I native-activity: Doing egl_swapbuffers_sync 2
04-13 00:40:33.220 22207 22228 I native-activity: Swap 587 time is 14.862ms
04-13 00:40:33.220 22207 22228 I native-activity: Animating
04-13 00:40:33.231 22207 22228 I native-activity: Frame 588 GL error is 0x0
04-13 00:40:33.231 22207 22228 I native-activity: Frame 588 time is 10.486ms
04-13 00:40:33.231 22207 22228 I native-activity: Doing egl_swapbuffers_sync 2
04-13 00:40:33.235 22207 22228 I native-activity: Swap 588 time is 15.138ms
04-13 00:40:33.235 22207 22228 I native-activity: Animating
04-13 00:40:33.246 22207 22228 I native-activity: Frame 589 GL error is 0x0
04-13 00:40:33.246 22207 22228 I native-activity: Frame 589 time is 10.885ms
04-13 00:40:33.246 22207 22228 I native-activity: Doing egl_swapbuffers_sync 2
04-13 00:40:33.251 22207 22228 I native-activity: Swap 589 time is 15.346ms
04-13 00:40:33.251 22207 22228 I native-activity: Animating
04-13 00:40:33.262 22207 22228 I native-activity: Frame 590 GL error is 0x0
04-13 00:40:33.262 22207 22228 I native-activity: Frame 590 time is 10.791ms
04-13 00:40:33.262 22207 22228 I native-activity: Doing egl_swapbuffers_sync 2
04-13 00:40:33.266 22207 22228 I native-activity: Swap 590 time is 15.233ms
04-13 00:40:33.266 22207 22228 I native-activity: Animating
04-13 00:40:33.277 22207 22228 I native-activity: Frame 591 GL error is 0x0
04-13 00:40:33.277 22207 22228 I native-activity: Frame 591 time is 11.067ms
04-13 00:40:33.277 22207 22228 I native-activity: Doing egl_swapbuffers_sync 2
04-13 00:40:33.282 22207 22228 I native-activity: Swap 591 time is 15.298ms
04-13 00:40:33.282 22207 22228 I native-activity: Animating
04-13 00:40:33.294 22207 22228 I native-activity: Frame 592 GL error is 0x501
04-13 00:40:33.294 22207 22228 I native-activity: Frame 592 time is 12.214ms
04-13 00:40:33.294 22207 22228 I native-activity: Doing egl_swapbuffers_sync 2
04-13 00:40:33.297 22207 22228 I native-activity: Swap 592 time is 15.110ms
04-13 00:40:33.297 22207 22228 I native-activity: Animating
04-13 00:40:33.308 22207 22228 I native-activity: Frame 593 GL error is 0x0
04-13 00:40:33.308 22207 22228 I native-activity: Frame 593 time is 11.045ms
04-13 00:40:33.308 22207 22228 I native-activity: Doing egl_swapbuffers_sync 2
04-13 00:40:33.312 22207 22228 I native-activity: Swap 593 time is 15.386ms
04-13 00:40:33.313 22207 22228 I native-activity: Animating
04-13 00:40:33.323 22207 22228 I native-activity: Frame 594 GL error is 0x0
04-13 00:40:33.323 22207 22228 I native-activity: Frame 594 time is 10.783ms
04-13 00:40:33.323 22207 22228 I native-activity: Doing egl_swapbuffers_sync 2
04-13 00:40:33.328 22207 22228 I native-activity: Swap 594 time is 15.363ms
04-13 00:40:33.328 22207 22228 I native-activity: Animating
04-13 00:40:33.355 22207 22228 I native-activity: Frame 595 GL error is 0x0
04-13 00:40:33.355 22207 22228 I native-activity: Frame 595 time is 26.722ms
04-13 00:40:33.355 22207 22228 I native-activity: Doing egl_swapbuffers_sync 2
04-13 00:40:33.355 22207 22228 I native-activity: Swap 595 time is 27.090ms
04-13 00:40:33.355 22207 22228 I native-activity: Animating
04-13 00:40:33.369 22207 22228 I native-activity: Frame 596 GL error is 0x0
04-13 00:40:33.369 22207 22228 I native-activity: Frame 596 time is 13.949ms
04-13 00:40:33.369 22207 22228 I native-activity: Doing egl_swapbuffers_sync 2
04-13 00:40:33.370 22207 22228 I native-activity: Swap 596 time is 14.675ms
04-13 00:40:33.370 22207 22228 I native-activity: Animating
04-13 00:40:33.382 22207 22228 I native-activity: Frame 597 GL error is 0x0
04-13 00:40:33.382 22207 22228 I native-activity: Frame 597 time is 12.192ms
04-13 00:40:33.382 22207 22228 I native-activity: Doing egl_swapbuffers_sync 2
04-13 00:40:33.383 22207 22228 I native-activity: Swap 597 time is 12.510ms
04-13 00:40:33.383 22207 22228 I native-activity: Animating
04-13 00:40:33.396 22207 22228 I native-activity: Frame 598 GL error is 0x0
04-13 00:40:33.396 22207 22228 I native-activity: Frame 598 time is 13.351ms
04-13 00:40:33.396 22207 22228 I native-activity: Doing egl_swapbuffers_sync 2
04-13 00:40:33.396 22207 22228 I native-activity: Swap 598 time is 13.678ms
04-13 00:40:33.397 22207 22228 I native-activity: Animating
04-13 00:40:33.409 22207 22228 I native-activity: Frame 599 GL error is 0x0
04-13 00:40:33.409 22207 22228 I native-activity: Frame 599 time is 12.505ms
04-13 00:40:33.409 22207 22228 I native-activity: Doing egl_swapbuffers_sync 2
04-13 00:40:33.409 22207 22228 I native-activity: Swap 599 time is 12.815ms
04-13 00:40:33.410 22207 22228 I native-activity: Animating
04-13 00:40:33.422 22207 22228 I native-activity: Frame 600 GL error is 0x0
04-13 00:40:33.422 22207 22228 I native-activity: Frame 600 time is 12.384ms
04-13 00:40:33.422 22207 22228 I native-activity: Doing egl_swapbuffers_sync 2
04-13 00:40:33.422 22207 22228 I native-activity: Swap 600 time is 12.803ms
04-13 00:40:33.422 22207 22228 I native-activity: Animating
04-13 00:40:33.434 22207 22228 I native-activity: Frame 601 GL error is 0x0
04-13 00:40:33.434 22207 22228 I native-activity: Frame 601 time is 11.736ms
04-13 00:40:33.434 22207 22228 I native-activity: Doing egl_swapbuffers_sync 2
04-13 00:40:33.435 22207 22228 I native-activity: Swap 601 time is 12.650ms
04-13 00:40:33.435 22207 22228 I native-activity: Animating
04-13 00:40:33.446 22207 22228 I native-activity: Frame 602 GL error is 0x0
04-13 00:40:33.446 22207 22228 I native-activity: Frame 602 time is 11.150ms
04-13 00:40:33.446 22207 22228 I native-activity: Doing egl_swapbuffers_sync 2
04-13 00:40:33.451 22207 22228 I native-activity: Swap 602 time is 15.846ms
04-13 00:40:33.451 22207 22228 I native-activity: Animating
04-13 00:40:33.462 22207 22228 I native-activity: Frame 603 GL error is 0x0
04-13 00:40:33.462 22207 22228 I native-activity: Frame 603 time is 11.067ms
04-13 00:40:33.462 22207 22228 I native-activity: Doing egl_swapbuffers_sync 2
04-13 00:40:33.466 22207 22228 I native-activity: Swap 603 time is 14.625ms
04-13 00:40:33.466 22207 22228 I native-activity: Animating
04-13 00:40:33.477 22207 22228 I native-activity: Frame 604 GL error is 0x0
04-13 00:40:33.478 22207 22228 I native-activity: Frame 604 time is 11.483ms
04-13 00:40:33.478 22207 22228 I native-activity: Doing egl_swapbuffers_sync 2
04-13 00:40:33.481 22207 22228 I native-activity: Swap 604 time is 15.028ms
04-13 00:40:33.481 22207 22228 I native-activity: Animating
04-13 00:40:33.493 22207 22228 I native-activity: Frame 605 GL error is 0x0
04-13 00:40:33.493 22207 22228 I native-activity: Frame 605 time is 11.799ms
04-13 00:40:33.493 22207 22228 I native-activity: Doing egl_swapbuffers_sync 2
04-13 00:40:33.496 22207 22228 I native-activity: Swap 605 time is 15.154ms
04-13 00:40:33.497 22207 22228 I native-activity: Animating
04-13 00:40:33.507 22207 22228 I native-activity: Frame 606 GL error is 0x0
04-13 00:40:33.507 22207 22228 I native-activity: Frame 606 time is 10.516ms
04-13 00:40:33.507 22207 22228 I native-activity: Doing egl_swapbuffers_sync 2
04-13 00:40:33.512 22207 22228 I native-activity: Swap 606 time is 14.998ms
04-13 00:40:33.512 22207 22228 I native-activity: Animating
04-13 00:40:33.520 22207 22228 I native-activity: Frame 607 GL error is 0x0
04-13 00:40:33.521 22207 22228 I native-activity: Frame 607 time is 9.129ms
04-13 00:40:33.521 22207 22228 I native-activity: Doing egl_swapbuffers_sync 2
04-13 00:40:33.527 22207 22228 I native-activity: Swap 607 time is 15.127ms
04-13 00:40:33.527 22207 22228 I native-activity: Animating
04-13 00:40:33.536 22207 22228 I native-activity: Frame 608 GL error is 0x0
04-13 00:40:33.536 22207 22228 I native-activity: Frame 608 time is 9.324ms
04-13 00:40:33.536 22207 22228 I native-activity: Doing egl_swapbuffers_sync 2
04-13 00:40:33.542 22207 22228 I native-activity: Swap 608 time is 14.718ms
04-13 00:40:33.542 22207 22228 I native-activity: Animating
04-13 00:40:33.553 22207 22228 I native-activity: Frame 609 GL error is 0x0
04-13 00:40:33.553 22207 22228 I native-activity: Frame 609 time is 11.318ms
04-13 00:40:33.553 22207 22228 I native-activity: Doing egl_swapbuffers_sync 2
04-13 00:40:33.556 22207 22228 I native-activity: Swap 609 time is 14.621ms
04-13 00:40:33.557 22207 22228 I native-activity: Animating
04-13 00:40:33.570 22207 22228 I native-activity: Frame 610 GL error is 0x0
04-13 00:40:33.570 22207 22228 I native-activity: Frame 610 time is 13.383ms
04-13 00:40:33.570 22207 22228 I native-activity: Doing egl_swapbuffers_sync 2
04-13 00:40:33.571 22207 22228 I native-activity: Swap 610 time is 14.690ms
04-13 00:40:33.571 22207 22228 I native-activity: Animating
04-13 00:40:33.582 22207 22228 I native-activity: Frame 611 GL error is 0x0
04-13 00:40:33.582 22207 22228 I native-activity: Frame 611 time is 10.779ms
04-13 00:40:33.582 22207 22228 I native-activity: Doing egl_swapbuffers_sync 2
04-13 00:40:33.586 22207 22228 I native-activity: Swap 611 time is 14.848ms
04-13 00:40:33.586 22207 22228 I native-activity: Animating
04-13 00:40:33.597 22207 22228 I native-activity: Frame 612 GL error is 0x0
04-13 00:40:33.597 22207 22228 I native-activity: Frame 612 time is 10.178ms
04-13 00:40:33.597 22207 22228 I native-activity: Doing egl_swapbuffers_sync 2
04-13 00:40:33.601 22207 22228 I native-activity: Swap 612 time is 14.991ms
04-13 00:40:33.602 22207 22228 I native-activity: Animating
04-13 00:40:33.630 22207 22228 I native-activity: Frame 613 GL error is 0x0
04-13 00:40:33.631 22207 22228 I native-activity: Frame 613 time is 29.235ms
04-13 00:40:33.631 22207 22228 I native-activity: Doing egl_swapbuffers_sync 2
04-13 00:40:33.631 22207 22228 I native-activity: Swap 613 time is 29.667ms
04-13 00:40:33.631 22207 22228 I native-activity: Animating
04-13 00:40:33.642 22207 22228 I native-activity: Frame 614 GL error is 0x0
04-13 00:40:33.642 22207 22228 I native-activity: Frame 614 time is 10.844ms
04-13 00:40:33.642 22207 22228 I native-activity: Doing egl_swapbuffers_sync 2
04-13 00:40:33.643 22207 22228 I native-activity: Swap 614 time is 11.166ms
04-13 00:40:33.643 22207 22228 I native-activity: Animating
04-13 00:40:33.649 22207 22228 I native-activity: Frame 615 GL error is 0x0
04-13 00:40:33.649 22207 22228 I native-activity: Frame 615 time is 6.813ms
04-13 00:40:33.650 22207 22228 I native-activity: Doing egl_swapbuffers_sync 2
04-13 00:40:33.650 22207 22228 I native-activity: Swap 615 time is 7.204ms
04-13 00:40:33.650 22207 22228 I native-activity: Animating
04-13 00:40:33.658 22207 22228 I native-activity: Frame 616 GL error is 0x0
04-13 00:40:33.658 22207 22228 I native-activity: Frame 616 time is 7.740ms
04-13 00:40:33.658 22207 22228 I native-activity: Doing egl_swapbuffers_sync 2
04-13 00:40:33.663 22207 22228 I native-activity: Swap 616 time is 12.822ms
04-13 00:40:33.663 22207 22228 I native-activity: Animating
04-13 00:40:33.670 22207 22228 I native-activity: Frame 617 GL error is 0x0
04-13 00:40:33.670 22207 22228 I native-activity: Frame 617 time is 7.170ms
04-13 00:40:33.670 22207 22228 I native-activity: Doing egl_swapbuffers_sync 2
04-13 00:40:33.678 22207 22228 I native-activity: Swap 617 time is 15.042ms
04-13 00:40:33.678 22207 22228 I native-activity: Animating
04-13 00:40:33.685 22207 22228 I native-activity: Frame 618 GL error is 0x0
04-13 00:40:33.685 22207 22228 I native-activity: Frame 618 time is 7.158ms
04-13 00:40:33.685 22207 22228 I native-activity: Doing egl_swapbuffers_sync 2
04-13 00:40:33.693 22207 22228 I native-activity: Swap 618 time is 14.968ms
04-13 00:40:33.693 22207 22228 I native-activity: Animating
04-13 00:40:33.700 22207 22228 I native-activity: Frame 619 GL error is 0x0
04-13 00:40:33.700 22207 22228 I native-activity: Frame 619 time is 6.917ms
04-13 00:40:33.700 22207 22228 I native-activity: Doing egl_swapbuffers_sync 2
04-13 00:40:33.708 22207 22228 I native-activity: Swap 619 time is 14.813ms
04-13 00:40:33.708 22207 22228 I native-activity: Animating
