04-13 00:57:17.857 25389 25389 I WhisperLink: WhisperLinkCoreService - initializeWPCorePlatform(): supportsCoreStopSelf=false;
04-13 00:57:17.884 25389 25389 I WhisperLink: FeatureFactory - Creating SecureTransport Feature;
04-13 00:57:17.885 25389 25389 I WhisperLink: CoreAuthFeatureFactory - Creating AuthenticationControl Feature;
04-13 00:57:17.887 25359 25377 I native-activity: Swap 92 time is 30.914ms
04-13 00:57:17.888 25359 25377 I native-activity: Animating
04-13 00:57:17.888 25359 25377 I native-activity: Frame 93 GL error is 0x0
04-13 00:57:17.888 25359 25377 I native-activity: Frame 93 time is 0.362ms
04-13 00:57:17.888 25359 25377 I native-activity: Doing egl_swapbuffers_sync 2
04-13 00:57:17.892 25414 25414 I ContextImpl: com.amazon.client.metrics.api registered service at i = 68
04-13 00:57:17.897 25389 25389 I WhisperLink: DialFeatureFactory - Installing DialCore Feature;
04-13 00:57:17.898 25414 25414 D ProfileManager: Create ProfileManager instance
04-13 00:57:17.914 25389 25389 I WhisperLink: WPLOG - New log handler set is :AmazonLogHandler :AmazonAndroidCorePlatform;
04-13 00:57:17.919 25359 25377 I native-activity: Swap 93 time is 31.336ms
04-13 00:57:17.919 25359 25377 I native-activity: Animating
04-13 00:57:17.920 25359 25377 I native-activity: Frame 94 GL error is 0x0
04-13 00:57:17.920 25359 25377 I native-activity: Frame 94 time is 0.439ms
04-13 00:57:17.920 25359 25377 I native-activity: Doing egl_swapbuffers_sync 2
04-13 00:57:17.932 25414 25414 I com.amazon.device.settings.SettingsProvider: SettingsProvider took 2 millis to initialize
04-13 00:57:17.941 25414 25414 I com.amazon.device.settings.SettingsProvider: SettingsProvider onCreate took 8 millis
04-13 00:57:17.944 25389 25410 I com.amazon.dcp.settings.SettingsCacheUpdater: took 350 millis to get the SettingsProvider
04-13 00:57:17.944 25389 25410 I com.amazon.dcp.settings.SettingsCacheUpdater: Starting sync with content provider.
04-13 00:57:17.948 25389 25435 I com.amazon.dcp.settings.SettingsCacheUpdater: took 199 millis to get the SettingsProvider
04-13 00:57:17.948 25389 25435 I com.amazon.dcp.settings.SettingsCacheUpdater: Starting sync with content provider.
04-13 00:57:17.951 25359 25377 I native-activity: Swap 94 time is 31.737ms
04-13 00:57:17.951 25359 25377 I native-activity: Animating
04-13 00:57:17.951 25359 25377 I native-activity: Frame 95 GL error is 0x0
04-13 00:57:17.951 25359 25377 I native-activity: Frame 95 time is 0.340ms
04-13 00:57:17.951 25359 25377 I native-activity: Doing egl_swapbuffers_sync 2
04-13 00:57:17.957 25414 25414 I com.amazon.dcp.settings.BackgroundSynchronizer: Requesting sync with content provider.
04-13 00:57:17.958 25414 25442 I com.amazon.dcp.settings.SettingsCacheUpdater: took 0 millis to get the SettingsProvider
04-13 00:57:17.958 25414 25442 I com.amazon.dcp.settings.SettingsCacheUpdater: Starting sync with content provider.
04-13 00:57:17.982 25359 25377 I native-activity: Swap 95 time is 30.664ms
04-13 00:57:17.982 25359 25377 I native-activity: Animating
04-13 00:57:17.982 25359 25377 I native-activity: Frame 96 GL error is 0x0
04-13 00:57:17.982 25359 25377 I native-activity: Frame 96 time is 0.314ms
04-13 00:57:17.982 25359 25377 I native-activity: Doing egl_swapbuffers_sync 2
04-13 00:57:18.007 25389 25389 V Metrics:: getService : Sent explicit intent to bind to metrics service. Service will be bound asynchronously.
04-13 00:57:18.011 25389 25389 I WhisperLink: PlatformCoreManager - updateGlobalActivityAccessLevel() level=false;
04-13 00:57:18.013 25359 25377 I native-activity: Swap 96 time is 31.419ms
04-13 00:57:18.014 25359 25377 I native-activity: Animating
04-13 00:57:18.014 25359 25377 I native-activity: Frame 97 GL error is 0x0
04-13 00:57:18.014 25359 25377 I native-activity: Frame 97 time is 0.522ms
04-13 00:57:18.014 25359 25377 I native-activity: Doing egl_swapbuffers_sync 2
04-13 00:57:18.025 25389 25389 I WhisperLink: CloudTransportFactory - Creating Cloud Transport Factory;
04-13 00:57:18.044 25389 25410 I com.amazon.dcp.settings.SettingsCacheUpdater: Sync with content provider complete. Values processed: 165
04-13 00:57:18.044 25389 25413 I com.amazon.dcp.settings.BackgroundSynchronizer: Wait for initial sync complete.
04-13 00:57:18.045 25359 25377 I native-activity: Swap 97 time is 31.243ms
04-13 00:57:18.045 25359 25377 I native-activity: Animating
04-13 00:57:18.045 25359 25377 I native-activity: Frame 98 GL error is 0x0
04-13 00:57:18.045 25359 25377 I native-activity: Frame 98 time is 0.351ms
04-13 00:57:18.045 25359 25377 I native-activity: Doing egl_swapbuffers_sync 2
04-13 00:57:18.053 25389 25435 I com.amazon.dcp.settings.SettingsCacheUpdater: Sync with content provider complete. Values processed: 166
04-13 00:57:18.054 25389 25437 I com.amazon.dcp.settings.BackgroundSynchronizer: Wait for initial sync complete.
04-13 00:57:18.061 25414 25442 I com.amazon.dcp.settings.SettingsCacheUpdater: Sync with content provider complete. Values processed: 165
04-13 00:57:18.067 25389 25409 W WhisperLink: EncryptionUtil - No random generator algorithm NativePRNG available, fall back to SHA1PRNG;
04-13 00:57:18.069 25389 25409 I WhisperLink: TTCommTransportFactory@7ba623c  - Socket Id starting from :-1233212091;
04-13 00:57:18.076 25359 25377 I native-activity: Swap 98 time is 31.314ms
04-13 00:57:18.077 25359 25377 I native-activity: Animating
04-13 00:57:18.077 25359 25377 I native-activity: Frame 99 GL error is 0x0
04-13 00:57:18.077 25359 25377 I native-activity: Frame 99 time is 0.315ms
04-13 00:57:18.077 25359 25377 I native-activity: Doing egl_swapbuffers_sync 2
04-13 00:57:18.078 25389 25389 I WhisperLink: TTCommTransportFactory@ab24bc5  - Socket Id starting from :723820937;
04-13 00:57:18.097 25389 25389 I DPLogger: DPLogger - Name was too long. Truncating; original name: TComm.BufferedMessageManagerBase, truncated name: TComm.BufferedMessageMa
04-13 00:57:18.097 25389 25409 I DPLogger: DPLogger - Name was too long. Truncating; original name: TComm.BufferedMessageManagerBase, truncated name: TComm.BufferedMessageMa
04-13 00:57:18.099 25389 25409 I DPLogger: DPLogger - Name was too long. Truncating; original name: TComm.PeriodicTimeoutInstanceRemover, truncated name: TComm.PeriodicTimeoutIn
04-13 00:57:18.104 25389 25389 I DPLogger: DPLogger - Name was too long. Truncating; original name: TComm.PeriodicTimeoutInstanceRemover, truncated name: TComm.PeriodicTimeoutIn
04-13 00:57:18.108 25359 25377 I native-activity: Swap 99 time is 31.578ms
04-13 00:57:18.109 25359 25377 I native-activity: Animating
04-13 00:57:18.109 25359 25377 I native-activity: Frame 100 GL error is 0x0
04-13 00:57:18.109 25359 25377 I native-activity: Frame 100 time is 0.454ms
04-13 00:57:18.109 25359 25377 I native-activity: Doing egl_swapbuffers_sync 2
04-13 00:57:18.112 25389 25409 I WhisperLink: SecureComChannelFactory - Creating SSL Socket Factory;
04-13 00:57:18.117 25389 25389 I WhisperLink: SecureComChannelFactory - Creating SSL Socket Factory;
04-13 00:57:18.122 25389 25409 I WhisperLink: CloudTransportFactory - Creating Cloud Transport Factory;
04-13 00:57:18.123 25389 25389 I WhisperLink: CloudTransportFactory - Creating Cloud Transport Factory;
04-13 00:57:18.126 25389 25409 I WhisperLink: TTCommTransportFactory@3d5b0ce6  - Socket Id starting from :-1829001585;
04-13 00:57:18.126 25389 25389 I WhisperLink: TTCommTransportFactory@3d96c227  - Socket Id starting from :-992114056;
04-13 00:57:18.126 25389 25389 I WhisperLink: SecureComChannelFactory - Creating SSL Socket Factory;
04-13 00:57:18.126 25389 25409 I WhisperLink: SecureComChannelFactory - Creating SSL Socket Factory;
04-13 00:57:18.127 25389 25389 I WhisperLink: PlatformCoreManager - Loading system services:;
04-13 00:57:18.127 25389 25409 I WhisperLink: PlatformManager - Starting; waiting on platform.waitForStart().;
04-13 00:57:18.127 25389 25409 I WhisperLink: AmazonAndroidPlatform - Sdk starts binding to Core;
04-13 00:57:18.110    82    82 I Kernel  : [46276.786534].(0)[82:mtk charger_hv_]charging_reset_watch_dog_timer
04-13 00:57:18.110    82    82 I Kernel  : [46276.787474].(0)[82:mtk charger_hv_]array_size = 16 
04-13 00:57:18.139 25359 25377 I native-activity: Swap 100 time is 30.769ms
04-13 00:57:18.140 25359 25377 I native-activity: Animating
04-13 00:57:18.140 25359 25377 I native-activity: Frame 101 GL error is 0x0
04-13 00:57:18.140 25359 25377 I native-activity: Frame 101 time is 0.428ms
04-13 00:57:18.140 25359 25377 I native-activity: Doing egl_swapbuffers_sync 2
04-13 00:57:18.171 25359 25377 I native-activity: Swap 101 time is 30.834ms
04-13 00:57:18.171 25359 25377 I native-activity: Animating
04-13 00:57:18.172 25359 25377 I native-activity: Frame 102 GL error is 0x0
04-13 00:57:18.172 25359 25377 I native-activity: Frame 102 time is 0.460ms
04-13 00:57:18.172 25359 25377 I native-activity: Doing egl_swapbuffers_sync 2
04-13 00:57:18.184 25389 25389 W WhisperLink: TExternalSocketFactory - Inet route refresh task cancelled or hasn't been scheduled;
04-13 00:57:18.202 25359 25377 I native-activity: Swap 102 time is 30.902ms
04-13 00:57:18.202 25359 25377 I native-activity: Animating
04-13 00:57:18.203 25359 25377 I native-activity: Frame 103 GL error is 0x0
04-13 00:57:18.203 25359 25377 I native-activity: Frame 103 time is 0.424ms
04-13 00:57:18.203 25359 25377 I native-activity: Doing egl_swapbuffers_sync 2
04-13 00:57:18.218 25389 25389 I WhisperLink: PlatformCoreManager - Registrar loaded.;
04-13 00:57:18.218 25389 25389 I WhisperLink: PlatformCoreManager - ServiceDiscovery loaded.;
04-13 00:57:18.221 25389 25389 I WhisperLink: DeviceManagerService - DeviceManagerService instanciating;
04-13 00:57:18.221 25389 25389 I WhisperLink: PlatformCoreManager - DeviceManagerService loaded;
04-13 00:57:18.225 25389 25389 I WhisperLink: PlatformCoreManager - Loading factory system services:;
04-13 00:57:18.234 25359 25377 I native-activity: Swap 103 time is 31.256ms
04-13 00:57:18.234 25359 25377 I native-activity: Animating
04-13 00:57:18.234 25359 25377 I native-activity: Frame 104 GL error is 0x0
04-13 00:57:18.234 25359 25377 I native-activity: Frame 104 time is 0.369ms
04-13 00:57:18.234 25359 25377 I native-activity: Doing egl_swapbuffers_sync 2
04-13 00:57:18.265 25359 25377 I native-activity: Swap 104 time is 30.884ms
04-13 00:57:18.265 25359 25377 I native-activity: Animating
04-13 00:57:18.265 25359 25377 I native-activity: Frame 105 GL error is 0x0
04-13 00:57:18.265 25359 25377 I native-activity: Frame 105 time is 0.381ms
04-13 00:57:18.265 25359 25377 I native-activity: Doing egl_swapbuffers_sync 2
04-13 00:57:18.296 25389 25389 I WhisperLink: SecurityServiceFactory - AuthDaemonExternalService loaded.;
04-13 00:57:18.296 25359 25377 I native-activity: Swap 105 time is 31.457ms
04-13 00:57:18.297 25359 25377 I native-activity: Animating
04-13 00:57:18.297 25359 25377 I native-activity: Frame 106 GL error is 0x0
04-13 00:57:18.297 25359 25377 I native-activity: Frame 106 time is 0.336ms
04-13 00:57:18.297 25359 25377 I native-activity: Doing egl_swapbuffers_sync 2
04-13 00:57:18.299 25389 25389 I WhisperLink: SecurityServiceFactory - AuthDaemonInternalService loaded.;
04-13 00:57:18.328 25359 25377 I native-activity: Swap 106 time is 31.095ms
04-13 00:57:18.328 25359 25377 I native-activity: Animating
04-13 00:57:18.328 25359 25377 I native-activity: Frame 107 GL error is 0x0
04-13 00:57:18.328 25359 25377 I native-activity: Frame 107 time is 0.372ms
04-13 00:57:18.328 25359 25377 I native-activity: Doing egl_swapbuffers_sync 2
04-13 00:57:18.332 25389 25389 I WhisperLink: CloudExplorer - Successfully registered TCommIntentReceiver;
04-13 00:57:18.343 25389 25445 I DPLogger: DPLogger - Name was too long. Truncating; original name: TComm.CommunicationFactory, truncated name: TComm.CommunicationFact
04-13 00:57:18.358 25389 25445 I DPLogger: DPLogger - Name was too long. Truncating; original name: TComm.AndroidTCommManager, truncated name: TComm.AndroidTCommManag
04-13 00:57:18.359 25359 25377 I native-activity: Swap 107 time is 31.023ms
04-13 00:57:18.359 25359 25377 I native-activity: Animating
04-13 00:57:18.360 25359 25377 I native-activity: Frame 108 GL error is 0x0
04-13 00:57:18.360 25359 25377 I native-activity: Frame 108 time is 0.522ms
04-13 00:57:18.360 25359 25377 I native-activity: Doing egl_swapbuffers_sync 2
04-13 00:57:18.362 25389 25389 I WhisperLink: PlatformCoreManager - loading routers;
04-13 00:57:18.362 25389 25389 I WhisperLink: PlatformCoreManager - Created secure transport:null;
04-13 00:57:18.362 25389 25389 I WhisperLink: PlatformCoreManager - Created secure transport:null;
04-13 00:57:18.362 25389 25389 I WhisperLink: PlatformCoreManager - Created secure transport:null;
04-13 00:57:18.362 25389 25389 E WhisperLink: PlatformCoreManager - Failed to create ServerTransport;
04-13 00:57:18.362 25389 25389 E WhisperLink: PlatformCoreManager - Failed to start service router for udp, secure=true;
04-13 00:57:18.362 25389 25389 E WhisperLink: PlatformCoreManager - Failed to create ServerTransport;
04-13 00:57:18.362 25389 25389 E WhisperLink: PlatformCoreManager - Failed to start service router for udp, secure=false;
04-13 00:57:18.362 25389 25445 I DPLogger: DPLogger - Name was too long. Truncating; original name: TComm.AndroidIdentityResolver, truncated name: TComm.AndroidIdentityRe
04-13 00:57:18.365 25389 25389 I WhisperLink: TTCommTransportFactory - Secure Server transport created on :11120;
04-13 00:57:18.365 25389 25389 I WhisperLink: PlatformCoreManager - Created secure transport:com.amazon.whisperlink.android.transport.tcomm.TTCommServerTransport@a5510a5;
04-13 00:57:18.368 25389 25445 I DPLogger: DPLogger - Name was too long. Truncating; original name: TComm.AndroidTCommServiceConnection, truncated name: TComm.AndroidTCommServi
04-13 00:57:18.373 25389 25389 I WhisperLink: PlatformCoreManager - Loaded Service router for external transport=cloud, secure=true;
04-13 00:57:18.375 25389 25389 I WhisperLink: TTCommTransportFactory - Server transport created on :11121;
04-13 00:57:18.376 25389 25389 I WhisperLink: PlatformCoreManager - Loaded Service router for external transport=cloud, secure=false;
04-13 00:57:18.378 25389 25445 I DPLogger: DPLogger - Name was too long. Truncating; original name: TComm.GatewayConnectivityImpl, truncated name: TComm.GatewayConnectivi
04-13 00:57:18.379 25389 25445 I TComm.AndroidTCommServi: getService - state is BINDING, waiting;
04-13 00:57:18.390 25359 25377 I native-activity: Swap 108 time is 31.217ms
04-13 00:57:18.391 25359 25377 I native-activity: Animating
04-13 00:57:18.391 25359 25377 I native-activity: Frame 109 GL error is 0x0
04-13 00:57:18.391 25359 25377 I native-activity: Frame 109 time is 0.315ms
04-13 00:57:18.391 25359 25377 I native-activity: Doing egl_swapbuffers_sync 2
04-13 00:57:18.422 25359 25377 I native-activity: Swap 109 time is 31.225ms
04-13 00:57:18.422 25359 25377 I native-activity: Animating
04-13 00:57:18.422 25359 25377 I native-activity: Frame 110 GL error is 0x0
04-13 00:57:18.422 25359 25377 I native-activity: Frame 110 time is 0.272ms
04-13 00:57:18.422 25359 25377 I native-activity: Doing egl_swapbuffers_sync 2
04-13 00:57:18.423   917  2201 I PackageRecencyUtils: Waiting for idle
04-13 00:57:18.453 25359 25377 I native-activity: Swap 110 time is 31.060ms
04-13 00:57:18.453 25359 25377 I native-activity: Animating
04-13 00:57:18.454 25389 25389 I WhisperLink: AbstractCertificateSource - Cert type :X.509;
04-13 00:57:18.454 25389 25389 I WhisperLink: AbstractCertificateSource - Loaded the X509 Cert;
04-13 00:57:18.454 25359 25377 I native-activity: Frame 111 GL error is 0x0
04-13 00:57:18.454 25359 25377 I native-activity: Frame 111 time is 0.394ms
04-13 00:57:18.454 25359 25377 I native-activity: Doing egl_swapbuffers_sync 2
04-13 00:57:18.485 25359 25377 I native-activity: Swap 111 time is 31.222ms
04-13 00:57:18.485 25359 25377 I native-activity: Animating
04-13 00:57:18.485 25359 25377 I native-activity: Frame 112 GL error is 0x0
04-13 00:57:18.485 25359 25377 I native-activity: Frame 112 time is 0.379ms
04-13 00:57:18.485 25359 25377 I native-activity: Doing egl_swapbuffers_sync 2
04-13 00:57:18.516 25359 25377 I native-activity: Swap 112 time is 31.255ms
04-13 00:57:18.516 25359 25377 I native-activity: Animating
04-13 00:57:18.517 25359 25377 I native-activity: Frame 113 GL error is 0x0
04-13 00:57:18.517 25359 25377 I native-activity: Frame 113 time is 0.333ms
04-13 00:57:18.517 25359 25377 I native-activity: Doing egl_swapbuffers_sync 2
04-13 00:57:18.547 25359 25377 I native-activity: Swap 113 time is 30.978ms
04-13 00:57:18.548 25359 25377 I native-activity: Animating
04-13 00:57:18.548 25359 25377 I native-activity: Frame 114 GL error is 0x0
04-13 00:57:18.548 25359 25377 I native-activity: Frame 114 time is 0.340ms
04-13 00:57:18.548 25359 25377 I native-activity: Doing egl_swapbuffers_sync 2
04-13 00:57:18.579 25359 25377 I native-activity: Swap 114 time is 31.145ms
04-13 00:57:18.579 25359 25377 I native-activity: Animating
04-13 00:57:18.579 25359 25377 I native-activity: Frame 115 GL error is 0x0
04-13 00:57:18.579 25359 25377 I native-activity: Frame 115 time is 0.442ms
04-13 00:57:18.579 25359 25377 I native-activity: Doing egl_swapbuffers_sync 2
04-13 00:57:18.580 25389 25400 I Kernel  : [46277.256515]-(0)[25400:FinalizerDaemon]dpi vsync
04-13 00:57:18.610 25359 25377 I native-activity: Swap 115 time is 31.355ms
04-13 00:57:18.611 25359 25377 I native-activity: Animating
04-13 00:57:18.611 25359 25377 I native-activity: Frame 116 GL error is 0x0
04-13 00:57:18.611 25359 25377 I native-activity: Frame 116 time is 0.584ms
04-13 00:57:18.611 25359 25377 I native-activity: Doing egl_swapbuffers_sync 2
04-13 00:57:18.622 25389 25389 I WhisperLink: TExternalSecureSocketFactory - Secure Server transport created on port :47269;
04-13 00:57:18.625 25389 25389 I WhisperLink: PlatformCoreManager - Created secure transport:org.apache.thrift.transport.TServerSocket@f2d2c2b;
04-13 00:57:18.626 25389 25389 I WhisperLink: PlatformCoreManager - Loaded Service router for external transport=inet, secure=true;
04-13 00:57:18.629 25389 25389 I WhisperLink: TExternalSocketFactory - Server Transport created on port :60582;
04-13 00:57:18.630 25389 25389 I WhisperLink: PlatformCoreManager - Loaded Service router for external transport=inet, secure=false;
04-13 00:57:18.642 25359 25377 I native-activity: Swap 116 time is 31.021ms
04-13 00:57:18.642 25359 25377 I native-activity: Animating
04-13 00:57:18.642 25359 25377 I native-activity: Frame 117 GL error is 0x0
04-13 00:57:18.642 25359 25377 I native-activity: Frame 117 time is 0.416ms
04-13 00:57:18.642 25359 25377 I native-activity: Doing egl_swapbuffers_sync 2
04-13 00:57:18.659   917  1641 D WifiService: New client listening to asynchronous messages
04-13 00:57:18.659 25389 25407 I WifiManager: RSSI_THRESHOLDS[0]=-92
04-13 00:57:18.660 25389 25407 I WifiManager: RSSI_THRESHOLDS[1]=-77
04-13 00:57:18.660 25389 25407 I WifiManager: RSSI_THRESHOLDS[2]=-68
04-13 00:57:18.660 25389 25407 I WifiManager: RSSI_THRESHOLDS[3]=-63
04-13 00:57:18.673 25359 25377 I native-activity: Swap 117 time is 31.367ms
04-13 00:57:18.673 25359 25377 I native-activity: Animating
04-13 00:57:18.674 25359 25377 I native-activity: Frame 118 GL error is 0x0
04-13 00:57:18.674 25359 25377 I native-activity: Frame 118 time is 0.327ms
04-13 00:57:18.674 25359 25377 I native-activity: Doing egl_swapbuffers_sync 2
04-13 00:57:18.705 25359 25377 I native-activity: Swap 118 time is 31.320ms
04-13 00:57:18.705 25359 25377 I native-activity: Animating
04-13 00:57:18.705 25359 25377 I native-activity: Frame 119 GL error is 0x0
04-13 00:57:18.705 25359 25377 I native-activity: Frame 119 time is 0.376ms
04-13 00:57:18.705 25359 25377 I native-activity: Doing egl_swapbuffers_sync 2
04-13 00:57:18.727 25389 25389 W asset   : Asset path /system/framework/android.amazon.res.jar is neither a directory nor file (type=1).
04-13 00:57:18.728 25389 25389 W ResourcesManager: Asset path '/system/framework/android.amazon.res.jar' does not exist or contains no resources.
04-13 00:57:18.736 25359 25377 I native-activity: Swap 119 time is 31.301ms
04-13 00:57:18.737 25359 25377 I native-activity: Animating
04-13 00:57:18.737 25359 25377 I native-activity: Frame 120 GL error is 0x0
04-13 00:57:18.737 25359 25377 I native-activity: Frame 120 time is 0.328ms
04-13 00:57:18.737 25359 25377 I native-activity: Doing egl_swapbuffers_sync 2
04-13 00:57:18.768 25359 25377 I native-activity: Swap 120 time is 31.016ms
04-13 00:57:18.768 25359 25377 I native-activity: Animating
04-13 00:57:18.768 25359 25377 I native-activity: Frame 121 GL error is 0x0
04-13 00:57:18.768 25359 25377 I native-activity: Frame 121 time is 0.333ms
04-13 00:57:18.768 25359 25377 I native-activity: Doing egl_swapbuffers_sync 2
04-13 00:57:18.774 25389 25389 W asset   : Asset path /system/framework/android.amazon.res.jar is neither a directory nor file (type=1).
04-13 00:57:18.774 25389 25389 W ResourcesManager: Asset path '/system/framework/android.amazon.res.jar' does not exist or contains no resources.
04-13 00:57:18.782 25389 25389 I WhisperLink: RegistrarService - Adding startable service amzn.photos from package com.amazon.photos;
04-13 00:57:18.785 25389 25389 I WhisperLink: RegistrarService - Adding startable service amzn.vkick from package com.amazon.dee.app;
04-13 00:57:18.788 25389 25389 I WhisperLink: RegistrarService - Adding startable service amzn.aiv.messaging from package com.amazon.avod;
04-13 00:57:18.789 25389 25389 I WhisperLink: PlatformManager - Starting; waiting on platform.waitForStart().;
04-13 00:57:18.789 25389 25389 I WhisperLink: PlatformManager - Starting platform; counter=1;
04-13 00:57:18.790 25389 25389 D AndroidMetricsFactoryImpl: shouldRecordMetrics : First time check recordMetricsSetting
04-13 00:57:18.790 25389 25389 D Metrics:: getRecordMetricsSetting : metrics service is not yet registed with the ServiceManager, use default record Metrics setting: true.
04-13 00:57:18.791 25389 25389 D AndroidMetricsFactoryImpl: shouldRecordMetrics : lastRecordSettingReadTime after IPC call getRecordMetricsSetting : 1492070238790
04-13 00:57:18.799 25389 25448 I WhisperLink: NetworkStateChangeListener - onReceive intent : android.net.conn.CONNECTIVITY_CHANGE;
04-13 00:57:18.799 25359 25377 I native-activity: Swap 121 time is 31.432ms
04-13 00:57:18.800 25359 25377 I native-activity: Animating
04-13 00:57:18.806 25389 25389 W Metrics:: record : Unable to bind MetricsService right now. Buffering MetricRecord. Program=Whisperlink Source=com.amazon.whisperlink.core.android
04-13 00:57:18.811 25359 25377 I native-activity: Frame 122 GL error is 0x0
04-13 00:57:18.811 25359 25377 I native-activity: Frame 122 time is 11.231ms
04-13 00:57:18.811 25359 25377 I native-activity: Doing egl_swapbuffers_sync 2
04-13 00:57:18.811 25389 25389 I WhisperLink: TTCommTransportFactory@3d96c227  - start();
04-13 00:57:18.831 25359 25377 I native-activity: Swap 122 time is 30.874ms
04-13 00:57:18.831 25359 25377 I native-activity: Animating
04-13 00:57:18.831 25359 25377 I native-activity: Frame 123 GL error is 0x0
04-13 00:57:18.831 25359 25377 I native-activity: Frame 123 time is 0.381ms
04-13 00:57:18.831 25359 25377 I native-activity: Doing egl_swapbuffers_sync 2
04-13 00:57:18.853 25389 25389 I WhisperLink: AbstractCertificateSource - Cert type :X.509;
04-13 00:57:18.853 25389 25389 I WhisperLink: AbstractCertificateSource - Loaded the X509 Cert;
04-13 00:57:18.862 25359 25377 I native-activity: Swap 123 time is 31.214ms
04-13 00:57:18.862 25359 25377 I native-activity: Animating
04-13 00:57:18.863 25359 25377 I native-activity: Frame 124 GL error is 0x0
04-13 00:57:18.863 25359 25377 I native-activity: Frame 124 time is 0.325ms
04-13 00:57:18.863 25359 25377 I native-activity: Doing egl_swapbuffers_sync 2
04-13 00:57:18.894 25359 25377 I native-activity: Swap 124 time is 31.373ms
04-13 00:57:18.894 25359 25377 I native-activity: Animating
04-13 00:57:18.894 25359 25377 I native-activity: Frame 125 GL error is 0x0
04-13 00:57:18.894 25359 25377 I native-activity: Frame 125 time is 0.290ms
04-13 00:57:18.894 25359 25377 I native-activity: Doing egl_swapbuffers_sync 2
04-13 00:57:18.925 25359 25377 I native-activity: Swap 125 time is 30.942ms
04-13 00:57:18.925 25359 25377 I native-activity: Animating
04-13 00:57:18.925 25359 25377 I native-activity: Frame 126 GL error is 0x0
04-13 00:57:18.925 25359 25377 I native-activity: Frame 126 time is 0.339ms
04-13 00:57:18.925 25359 25377 I native-activity: Doing egl_swapbuffers_sync 2
04-13 00:57:18.942   917   932 I ActivityManager: Process android.process.media (pid 24463) has died
04-13 00:57:18.942   917   932 D ActivityManager: cleanUpApplicationRecord -- 24463
04-13 00:57:18.942   917   932 W ActivityManager: Scheduling restart of crashed service com.android.providers.media/.MtpService in 1000ms
04-13 00:57:18.956 25359 25377 I native-activity: Swap 126 time is 31.468ms
04-13 00:57:18.957 25359 25377 I native-activity: Animating
04-13 00:57:18.957 25359 25377 I native-activity: Frame 127 GL error is 0x0
04-13 00:57:18.957 25359 25377 I native-activity: Frame 127 time is 0.356ms
04-13 00:57:18.957 25359 25377 I native-activity: Doing egl_swapbuffers_sync 2
04-13 00:57:18.960  2159  2159 I Kernel  : [46277.632850].(0)[2159:wpa_supplicant]poorlink get state G(362567)F(49)dbad(0)dretry(0)LT(810)RT(-73)W(0)(12519)
04-13 00:57:18.960  2137  2137 I Kernel  : [46277.633318][wlan] nicTxReleaseResource: (TX STATE)
04-13 00:57:18.960  2137  2137 I Kernel  : Release: TC4 count 1, Free=4; TC5 count 0, Free=4
04-13 00:57:18.978   917  1762 D ActivityManager: single user service: com.amazon.whisperlink.core.android
04-13 00:57:18.979   917  1762 D ActivityManager: app = com.amazon.whisperlink.core.android, has single user service, setting process record.
04-13 00:57:18.980 25389 25389 I WhisperLink: PlatformManager - Started.;
04-13 00:57:18.980 25389 25389 I WhisperLink: PlatformCoreManager - Starting system servers...;
04-13 00:57:18.988 25359 25377 I native-activity: Swap 127 time is 31.443ms
04-13 00:57:18.988 25359 25377 I native-activity: Animating
04-13 00:57:18.989 25389 25389 I WhisperLink: RegistrarService - Registering service amzn.wpen.brok from package com.amazon.whisperlink.core.android;
04-13 00:57:18.989 25359 25377 I native-activity: Frame 128 GL error is 0x0
04-13 00:57:18.989 25359 25377 I native-activity: Frame 128 time is 0.311ms
04-13 00:57:18.989 25359 25377 I native-activity: Doing egl_swapbuffers_sync 2
04-13 00:57:18.990 25389 25389 I WhisperLink: RegistrarService - Registering service amzn.wpen.sub from package com.amazon.whisperlink.core.android;
04-13 00:57:18.992 25389 25389 I WhisperLink: RegistrarService - Registering service amzn.state from package com.amazon.whisperlink.core.android;
04-13 00:57:18.993 25389 25389 I WhisperLink: RegistrarService - Registering service amzn.act.sub from package com.amazon.whisperlink.core.android;
04-13 00:57:18.994 25389 25389 I WhisperLink: RegistrarService - Registering service amzn.act.reg from package com.amazon.whisperlink.core.android;
04-13 00:57:19.011 25389 25443 I WhisperLink: WPServer - CONNECTION_POLICY_ONE_PER_REMOTE_DEVICE curr services=[] new services=[amzn.aiv.messaging];
04-13 00:57:19.015 25389 25389 I WhisperLink: WhisperLinkUtil - Adding processor to WPServer :com.amazon.whisperlink.core.activity.ActivityRegistrarService$RegistrarCallbackService@7b629cd: is data provider :false;
04-13 00:57:19.017 25389 25389 I WhisperLink: RegistrarService - Registering service wlink_cb_0_com.amazon.whisperlink.core.android from package com.amazon.whisperlink.core.android;
04-13 00:57:19.020 25359 25377 I native-activity: Swap 128 time is 31.231ms
04-13 00:57:19.020 25359 25377 I native-activity: Animating
04-13 00:57:19.020 25359 25377 I native-activity: Frame 129 GL error is 0x0
04-13 00:57:19.020 25359 25377 I native-activity: Frame 129 time is 0.458ms
04-13 00:57:19.020 25359 25377 I native-activity: Doing egl_swapbuffers_sync 2
04-13 00:57:19.023 25389 25443 I WhisperLink: WPServer - CONNECTION_POLICY_ONE_PER_REMOTE_DEVICE curr services=[] new services=[amzn.aiv.messaging];
04-13 00:57:19.026 25389 25389 I WhisperLink: DeviceCallbackRegistry - Adding callback, type=com.amazon.whisperlink.service.RegistrarCb, callback=[devicecb: device=[device: local=true, uuid=F157F4C0F2D642379DCEB801E0415999], cb=Description(sid:wlink_cb_0_com.amazon.whisperlink.core.android, friendlyName:null, accessLevel:0, security:0, flags:0, version:0), channel=binder, connInfo=null];
04-13 00:57:19.027 25389 25389 I WhisperLink: RegistrarService - Registering service amzn.auth.in from package com.amazon.whisperlink.core.android;
04-13 00:57:19.028 25389 25389 I WhisperLink: RegistrarService - Registering service amzn.auth.ex from package com.amazon.whisperlink.core.android;
04-13 00:57:19.030 25389 25443 I WhisperLink: WPServer - CONNECTION_POLICY_ONE_PER_REMOTE_DEVICE curr services=[] new services=[amzn.aiv.messaging];
04-13 00:57:19.040 25389 25389 I WhisperLink: RegistrarService - Registering service amzn.endpoint from package com.amazon.whisperlink.core.android;
04-13 00:57:19.041 25389 25389 I WhisperLink: RegistrarService - Registering service amzn.dmgr from package com.amazon.whisperlink.core.android;
04-13 00:57:19.042 25389 25389 I WhisperLink: RegistrarService - Registering service amzn.reg from package com.amazon.whisperlink.core.android;
04-13 00:57:19.044 25389 25443 I WhisperLink: WPServer - CONNECTION_POLICY_ONE_PER_REMOTE_DEVICE curr services=[] new services=[amzn.aiv.messaging];
04-13 00:57:19.051 25359 25377 I native-activity: Swap 129 time is 31.155ms
04-13 00:57:19.051 25359 25377 I native-activity: Animating
04-13 00:57:19.052 25359 25377 I native-activity: Frame 130 GL error is 0x0
04-13 00:57:19.052 25359 25377 I native-activity: Frame 130 time is 0.390ms
04-13 00:57:19.052 25359 25377 I native-activity: Doing egl_swapbuffers_sync 2
04-13 00:57:19.062 25389 25443 I WhisperLink: JmdnsManager - Starting JMDNS;
04-13 00:57:19.063 25389 25443 I WifiManager: RSSI_THRESHOLDS[0]=-92
04-13 00:57:19.063 25389 25443 I WifiManager: RSSI_THRESHOLDS[1]=-77
04-13 00:57:19.063 25389 25443 I WifiManager: RSSI_THRESHOLDS[2]=-68
04-13 00:57:19.063 25389 25443 I WifiManager: RSSI_THRESHOLDS[3]=-63
04-13 00:57:19.067 25389 25389 I WhisperLink: CloudExplorer - start(): Starting...;
04-13 00:57:19.050  2137  2137 I Kernel  : [46277.729203][wlan] swCrReadWriteCmd: (SW4 INFO)
04-13 00:57:19.050  2137  2137 I Kernel  : 1 addr 0x0 data 0x900000
04-13 00:57:19.083 25359 25377 I native-activity: Swap 130 time is 31.207ms
04-13 00:57:19.083 25359 25377 I native-activity: Animating
04-13 00:57:19.083 25359 25377 I native-activity: Frame 131 GL error is 0x0
04-13 00:57:19.083 25359 25377 I native-activity: Frame 131 time is 0.362ms
04-13 00:57:19.083 25359 25377 I native-activity: Doing egl_swapbuffers_sync 2
04-13 00:57:19.085 25389 25389 I WhisperLink: PlatformCoreManager - Started.;
04-13 00:57:19.085 25389 25389 W Metrics:: record : Unable to bind MetricsService right now. Buffering MetricRecord. Program=Whisperlink Source=com.amazon.whisperlink.core.android
04-13 00:57:19.085 25389 25389 I WhisperLink: WhisperLinkCoreService - WP Core service created;
04-13 00:57:19.086 25389 25389 I WhisperLink: WhisperLinkCoreService - WP Core service onStart;
04-13 00:57:19.070  2137  2137 I Kernel  : [46277.741688][wlan] swCrReadWriteCmd: (SW4 INFO)
04-13 00:57:19.070  2137  2137 I Kernel  : 1 addr 0x0 data 0x900202
04-13 00:57:19.070  2137  2137 I Kernel  : [46277.742846][wlan] nicTxReleaseResource: (TX STATE)
04-13 00:57:19.070  2137  2137 I Kernel  : Release: TC4 count 1, Free=4; TC5 count 0, Free=4
04-13 00:57:19.070  2137  2137 I Kernel  : [46277.743001][wlan] swCrReadWriteCmd: (SW4 INFO)
04-13 00:57:19.070  2137  2137 I Kernel  : 1 addr 0x0 data 0x900100
04-13 00:57:19.070  2137  2137 I Kernel  : [46277.743893][wlan] nicTxReleaseResource: (TX STATE)
04-13 00:57:19.070  2137  2137 I Kernel  : Release: TC4 count 1, Free=4; TC5 count 0, Free=4
04-13 00:57:19.096 25389 25389 V Metrics:: onServiceConnected : service android.os.BinderProxy@266e6de7
04-13 00:57:19.097 25389 25448 W Metrics:: record : Unable to bind MetricsService right now. Buffering MetricRecord. Program=Whisperlink Source=com.amazon.whisperlink.core.android
04-13 00:57:19.097 25389 25389 V Metrics:: onServiceConnected : service android.os.BinderProxy@266e6de7
04-13 00:57:19.097 25389 25448 I WhisperLink: TTCommTransportFactory@3d96c227  - onNetworkConnected();
04-13 00:57:19.100 25389 25448 I WhisperLink: CloudExplorer - start(): already started.;
04-13 00:57:19.102 25389 25464 I WhisperLink: PlatformCoreManager - Started router on channel :cloud, isSecure :false. Attempting to serve;
04-13 00:57:19.102 25389 25466 I WhisperLink: PlatformCoreManager - Started router on channel :inet, isSecure :false. Attempting to serve;
04-13 00:57:19.102 25389 25463 I WhisperLink: PlatformCoreManager - Started router on channel :cloud, isSecure :true. Attempting to serve;
04-13 00:57:19.102 25389 25463 I WhisperLink: TThreadPoolServiceRouter: CLOUD:  - Starting to listen on :cloud: isSecure :true;
04-13 00:57:19.102 25389 25464 I WhisperLink: TThreadPoolServiceRouter: CLOUD:  - Starting to listen on :cloud: isSecure :false;
04-13 00:57:19.102 25389 25466 I WhisperLink: TThreadPoolServiceRouter: INET:  - Starting to listen on :inet: isSecure :false;
04-13 00:57:19.104 25389 25465 I WhisperLink: PlatformCoreManager - Started router on channel :inet, isSecure :true. Attempting to serve;
04-13 00:57:19.104 25389 25465 I WhisperLink: TThreadPoolServiceRouter: INET:  - Starting to listen on :inet: isSecure :true;
04-13 00:57:19.114 25359 25377 I native-activity: Swap 131 time is 31.001ms
04-13 00:57:19.114 25359 25377 I native-activity: Animating
04-13 00:57:19.114 25359 25377 I native-activity: Frame 132 GL error is 0x0
04-13 00:57:19.114 25359 25377 I native-activity: Frame 132 time is 0.402ms
04-13 00:57:19.115 25359 25377 I native-activity: Doing egl_swapbuffers_sync 2
04-13 00:57:19.123  2067 25032 W TComm.ServiceSideMessag: deregisterMessageHandler - futile attempt; channel: 11120, uid: 32043
04-13 00:57:19.123  2067  2108 W TComm.ServiceSideMessag: deregisterMessageHandler - futile attempt; channel: 11121, uid: 32043
04-13 00:57:19.124 25389 25449 I DPLogger: DPLogger - Name was too long. Truncating; original name: TComm.MessageHandlerProxy, truncated name: TComm.MessageHandlerPro
04-13 00:57:19.126  2067  3692 I TComm.MessageRouterImpl: registerMessageHandler - adding route; channel: 11119, handler: com.amazon.communication.ServiceSideMessageRouter$RemoteMessageHandler@12862478
04-13 00:57:19.126  2067 25030 I TComm.MessageRouterImpl: registerMessageHandler - adding route; channel: 11050, handler: com.amazon.communication.ServiceSideMessageRouter$RemoteMessageHandler@2f0a4751
04-13 00:57:19.126  2067  3691 I TComm.MessageRouterImpl: registerMessageHandler - adding route; channel: 11120, handler: com.amazon.communication.ServiceSideMessageRouter$RemoteMessageHandler@22c13bb6
04-13 00:57:19.127  2067 25028 I TComm.MessageRouterImpl: registerMessageHandler - adding route; channel: 11121, handler: com.amazon.communication.ServiceSideMessageRouter$RemoteMessageHandler@113c10b7
04-13 00:57:19.127 25389 25463 I WhisperLink: TCommMsgBrok.Server.11120 - Registered on channel 11120;
04-13 00:57:19.128 25389 25449 I WhisperLink: TCommMsgBrok.Return.11050 - Registered on channel 11050;
04-13 00:57:19.128 25389 25464 I WhisperLink: TCommMsgBrok.Server.11121 - Registered on channel 11121;
04-13 00:57:19.110    82    82 I Kernel  : [46277.787628].(0)[82:mtk charger_hv_]charging_reset_watch_dog_timer
04-13 00:57:19.110    82    82 I Kernel  : [46277.789607].(0)[82:mtk charger_hv_]array_size = 16 
04-13 00:57:19.130 25389 25389 I WhisperLink: DialUpnpManager - OnStartCommand, initializing UpnpManager.  ServerEnabled? false;
04-13 00:57:19.132 25389 25389 I WhisperLink: AmazonAndroidPlatform - WP core daemon started, SDK connection established;
04-13 00:57:19.133 25389 25409 I WhisperLink: AmazonAndroidPlatform - Sdk finished binding to core;
04-13 00:57:19.133 25389 25409 I WhisperLink: PlatformManager - Starting platform; counter=1;
04-13 00:57:19.134 25389 25409 D AndroidMetricsFactoryImpl: shouldRecordMetrics : First time check recordMetricsSetting
04-13 00:57:19.138 25389 25445 I WhisperLink: CloudExplorer - registerOrUpdate(): Registering device; device availability=ONLINE;
04-13 00:57:19.145 25359 25377 I native-activity: Swap 132 time is 31.277ms
04-13 00:57:19.146 25359 25377 I native-activity: Animating
04-13 00:57:19.146 25359 25377 I native-activity: Frame 133 GL error is 0x0
04-13 00:57:19.146 25359 25377 I native-activity: Frame 133 time is 0.296ms
04-13 00:57:19.146 25359 25377 I native-activity: Doing egl_swapbuffers_sync 2
04-13 00:57:19.147 25389 25409 D AndroidMetricsFactoryImpl: shouldRecordMetrics : lastRecordSettingReadTime after IPC call getRecordMetricsSetting : 1492070239147
04-13 00:57:19.157 25389 25472 I WhisperLink: NetworkStateChangeListener - onReceive intent : android.net.conn.CONNECTIVITY_CHANGE;
04-13 00:57:19.164 25389 25472 I WhisperLink: TTCommTransportFactory@3d5b0ce6  - onNetworkConnected();
04-13 00:57:19.164 25389 25445 I ...h.device.api.MAPInit: Initializing MAP (130050002 / MAPAndroidLib-1.0.1435.0) for app com.amazon.whisperlink.core.android
04-13 00:57:19.169 25389 25409 W WhisperLink: TExternalSocketFactory - Inet route refresh task cancelled or hasn't been scheduled;
04-13 00:57:19.177 25359 25377 I native-activity: Swap 133 time is 31.411ms
04-13 00:57:19.177 25359 25377 I native-activity: Animating
04-13 00:57:19.178 25359 25377 I native-activity: Frame 134 GL error is 0x0
04-13 00:57:19.178 25359 25377 I native-activity: Frame 134 time is 0.508ms
04-13 00:57:19.178 25359 25377 I native-activity: Doing egl_swapbuffers_sync 2
04-13 00:57:19.193 25389 25421 I ...taStorageFactoryImpl: Creating new DataStorageFactoryImpl
04-13 00:57:19.194 25389 25421 I ...amework.MAPInitTasks: Get DataStorage instance for initialization
04-13 00:57:19.194 25389 25421 I ...taStorageFactoryImpl: Initializing new DataStorage
04-13 00:57:19.180 12908 12908 I Kernel  : [46277.860208][wlan] wlanSetMulticastListWorkQueue: (INIT INFO)
04-13 00:57:19.180 12908 12908 I Kernel  : wlanSetMulticastListWorkQueue start...
04-13 00:57:19.180  2137  2137 I Kernel  : [46277.860485][wlan] nicTxReleaseResource: (TX STATE)
04-13 00:57:19.180  2137  2137 I Kernel  : Release: TC4 count 1, Free=4; TC5 count 0, Free=4
04-13 00:57:19.180 12908 12908 I Kernel  : [46277.860629][wlan] wlanSetMulticastListWorkQueue: (INIT INFO)
04-13 00:57:19.180 12908 12908 I Kernel  : wlanSetMulticastListWorkQueue end
04-13 00:57:19.180  2137  2137 I Kernel  : [46277.860787][wlan] nicTxReleaseResource: (TX STATE)
04-13 00:57:19.180  2137  2137 I Kernel  : Release: TC4 count 1, Free=4; TC5 count 0, Free=4
04-13 00:57:19.206 25389 25409 I WhisperLink: TWhisperLinkTransport - Initiating connection to Service: amzn.reg Connection Id: 4018 Channel: binder;
04-13 00:57:19.208 25359 25377 I native-activity: Swap 134 time is 30.971ms
04-13 00:57:19.208 25359 25377 I native-activity: Animating
04-13 00:57:19.209 25359 25377 I native-activity: Frame 135 GL error is 0x0
04-13 00:57:19.209 25359 25377 I native-activity: Frame 135 time is 0.425ms
04-13 00:57:19.209 25359 25377 I native-activity: Doing egl_swapbuffers_sync 2
04-13 00:57:19.214 25389 25460 I WhisperLink: TWhisperLinkTransport - Incoming connection from Device: F157F4C0F2D642379DCEB801E0415999 to Service: amzn.reg  Connection Id: 4018 Channel: binder;
04-13 00:57:19.215 25389 25421 I ...DeviceAttributeCache: Setting device attribute CentralAPK to true
04-13 00:57:19.215 25389 25421 I ...taStorageFactoryImpl: Creating and using new NonCanonicalDataStorage
04-13 00:57:19.200  2137  2137 I Kernel  : [46277.872835][wlan] nicTxReleaseResource: (TX STATE)
04-13 00:57:19.200  2137  2137 I Kernel  : Release: TC4 count 0, Free=4; TC5 count 1, Free=4
04-13 00:57:19.222 25389 25460 I WhisperLink: TWhisperLinkTransport - Connection accepted for: sid: amzn.reg UUID: F157F4C0F2D642379DCEB801E0415999 Device Type: 2 Connection Id: 4018 Channel: binder;
04-13 00:57:19.225 25389 25443 I WhisperLink: JmdnsManager - Creating or resetting service for Description: Description(sid:amzn.dmgr, friendlyName:null, accessLevel:0, security:0, flags:0, version:2, minSupportedVersion:2);
04-13 00:57:19.234 25389 25421 I ...amework.MAPInitTasks: Initialize DataStorage instance
04-13 00:57:19.234 25389 25421 I ...amework.MAPInitTasks: Setup DataStorage instance
04-13 00:57:19.234 25389 25445 I DPLogger: DPLogger - Name was too long. Truncating; original name: TComm.HttpClientSrrManager, truncated name: TComm.HttpClientSrrMana
04-13 00:57:19.237 25389 25443 I WhisperLink: AndroidMdnsUtil - Secure port compiled from device :47269;
04-13 00:57:19.240 25359 25377 I native-activity: Swap 135 time is 31.748ms
04-13 00:57:19.241 25359 25377 I native-activity: Animating
04-13 00:57:19.241 25359 25377 I native-activity: Frame 136 GL error is 0x0
04-13 00:57:19.241 25359 25377 I native-activity: Frame 136 time is 0.451ms
04-13 00:57:19.241 25359 25377 I native-activity: Doing egl_swapbuffers_sync 2
04-13 00:57:19.245 25389 25479 I WhisperLink: WPServer - WorkerProcess: Starting UUID: F157F4C0F2D642379DCEB801E0415999 Service Id: amzn.reg, Connection Id: 4018 Channel: binder ;
04-13 00:57:19.266 25389 25445 I DPLogger: DPLogger - Name was too long. Truncating; original name: TComm.AbstractDcpRequestSigner, truncated name: TComm.AbstractDcpReques
04-13 00:57:19.272 25359 25377 I native-activity: Swap 136 time is 31.023ms
04-13 00:57:19.272 25359 25377 I native-activity: Animating
04-13 00:57:19.272 25359 25377 I native-activity: Frame 137 GL error is 0x0
04-13 00:57:19.272 25359 25377 I native-activity: Frame 137 time is 0.356ms
04-13 00:57:19.272 25359 25377 I native-activity: Doing egl_swapbuffers_sync 2
04-13 00:57:19.272   917  2246 I ActivityManager: Process com.amazon.device.settings (pid 25414) has died
04-13 00:57:19.272   917  2246 D ActivityManager: cleanUpApplicationRecord -- 25414
04-13 00:57:19.296 25389 25445 I DPLogger: DPLogger - Name was too long. Truncating; original name: DPDiscovery.AndroidDiscoveryClientImpl, truncated name: DPDiscovery.AndroidDisc
04-13 00:57:19.298 25389 25479 I WhisperLink: RegistrarService - Removing all callbacks for app=com.amazon.whisperlink.activityview.android;
04-13 00:57:19.300 25389 25409 I WhisperLink: Connection - Closing connection to Service: amzn.reg on Device: F157F4C0F2D642379DCEB801E0415999 Connection Id: 4018 Channel: binder;
04-13 00:57:19.301 25389 25409 I WhisperLink: TWhisperLinkTransport - Closing connection for Service: amzn.reg isClient: true Connection Id: 4018 Channel: binder;
04-13 00:57:19.302 25389 25409 I WhisperLink: TTCommTransportFactory@3d5b0ce6  - start();
04-13 00:57:19.302 25389 25479 I WhisperLink: Pipe - No data available! timeout=10000 isclosed=true;
04-13 00:57:19.303 25389 25479 I WhisperLink: WPServer - WorkerProcess: Closing UUID: F157F4C0F2D642379DCEB801E0415999 Service Id: amzn.reg, Connection Id: 4018 Channel: binder ;
04-13 00:57:19.303 25359 25377 I native-activity: Swap 137 time is 31.194ms
04-13 00:57:19.303 25359 25377 I native-activity: Animating
04-13 00:57:19.304 25359 25377 I native-activity: Frame 138 GL error is 0x0
04-13 00:57:19.304 25359 25377 I native-activity: Frame 138 time is 0.409ms
04-13 00:57:19.304 25359 25377 I native-activity: Doing egl_swapbuffers_sync 2
04-13 00:57:19.318 25389 25413 I WhisperLink: CloudInetUri - Incomplete or null inet route;
04-13 00:57:19.328 25389 25480 I DPLogger: DPLogger - Name was too long. Truncating; original name: TComm.CommunicationFactory, truncated name: TComm.CommunicationFact
04-13 00:57:19.334 25359 25377 I native-activity: Swap 138 time is 31.050ms
04-13 00:57:19.335 25359 25377 I native-activity: Animating
04-13 00:57:19.335 25359 25377 I native-activity: Frame 139 GL error is 0x0
04-13 00:57:19.335 25359 25377 I native-activity: Frame 139 time is 0.376ms
04-13 00:57:19.335 25359 25377 I native-activity: Doing egl_swapbuffers_sync 2
04-13 00:57:19.343 25389 25403 W art     : Suspending all threads took: 10.543ms
04-13 00:57:19.366 25359 25377 I native-activity: Swap 139 time is 31.145ms
04-13 00:57:19.366 25359 25377 I native-activity: Animating
04-13 00:57:19.366 25359 25377 I native-activity: Frame 140 GL error is 0x0
04-13 00:57:19.366 25359 25377 I native-activity: Frame 140 time is 0.353ms
04-13 00:57:19.366 25359 25377 I native-activity: Doing egl_swapbuffers_sync 2
04-13 00:57:19.371 25389 25421 W ...h.device.api.MAPInit: AdsIdentity class not found.
04-13 00:57:19.371 25389 25480 I DPLogger: DPLogger - Name was too long. Truncating; original name: TComm.AndroidTCommManager, truncated name: TComm.AndroidTCommManag
04-13 00:57:19.374 25389 25480 I DPLogger: DPLogger - Name was too long. Truncating; original name: TComm.AndroidIdentityResolver, truncated name: TComm.AndroidIdentityRe
04-13 00:57:19.374 25389 25445 I DPDiscovery.AndroidDisc: DPDiscovery - getting foregroundProfile; profileId: 0, directedIdHash: -1977309681
04-13 00:57:19.380 25389 25445 I DPLogger: DPLogger - Name was too long. Truncating; original name: TComm.SrrUriRequestProcessor, truncated name: TComm.SrrUriRequestProc
04-13 00:57:19.385 25389 25480 I DPLogger: DPLogger - Name was too long. Truncating; original name: TComm.AndroidTCommServiceConnection, truncated name: TComm.AndroidTCommServi
04-13 00:57:19.390 25389 25480 I TComm.AndroidTCommServi: getService - state is BINDING, waiting;
04-13 00:57:19.391 25389 25409 I WhisperLink: AbstractCertificateSource - Cert type :X.509;
04-13 00:57:19.391 25389 25409 I WhisperLink: AbstractCertificateSource - Loaded the X509 Cert;
04-13 00:57:19.394 25389 25480 I DPLogger: DPLogger - Name was too long. Truncating; original name: TComm.MessageHandlerProxy, truncated name: TComm.MessageHandlerPro
04-13 00:57:19.396  2067 25025 I TComm.MessageRouterImpl: registerMessageHandler - adding route; channel: 11013, handler: com.amazon.communication.ServiceSideMessageRouter$RemoteMessageHandler@8351024
04-13 00:57:19.397 25359 25377 I native-activity: Swap 140 time is 31.138ms
04-13 00:57:19.397 25359 25377 I native-activity: Animating
04-13 00:57:19.398 25359 25377 I native-activity: Frame 141 GL error is 0x0
04-13 00:57:19.398 25359 25377 I native-activity: Frame 141 time is 0.572ms
04-13 00:57:19.398 25359 25377 I native-activity: Doing egl_swapbuffers_sync 2
04-13 00:57:19.399 25389 25480 I WhisperLink: TCommMsgBrok.Return.11013 - Registered on channel 11013;
04-13 00:57:19.402 25389 25409 I WhisperLink: TWhisperLinkTransport - Initiating connection to Service: amzn.auth.in Connection Id: 3074 Channel: binder;
04-13 00:57:19.405 25389 25456 I WhisperLink: TWhisperLinkTransport - Incoming connection from Device: F157F4C0F2D642379DCEB801E0415999 to Service: amzn.auth.in  Connection Id: 3074 Channel: binder;
04-13 00:57:19.405 25389 25456 I WhisperLink: TWhisperLinkTransport - Connection accepted for: sid: amzn.auth.in UUID: F157F4C0F2D642379DCEB801E0415999 Device Type: 2 Connection Id: 3074 Channel: binder;
04-13 00:57:19.407 25389 25480 I DPLogger: DPLogger - Name was too long. Truncating; original name: TComm.GatewayConnectivityImpl, truncated name: TComm.GatewayConnectivi
04-13 00:57:19.415 25389 25483 I WhisperLink: WPServer - WorkerProcess: Starting UUID: F157F4C0F2D642379DCEB801E0415999 Service Id: amzn.auth.in, Connection Id: 3074 Channel: binder ;
04-13 00:57:19.429 25359 25377 I native-activity: Swap 141 time is 31.299ms
04-13 00:57:19.429 25359 25377 I native-activity: Animating
04-13 00:57:19.430 25359 25377 I native-activity: Frame 142 GL error is 0x0
04-13 00:57:19.430 25359 25377 I native-activity: Frame 142 time is 0.833ms
04-13 00:57:19.430 25359 25377 I native-activity: Doing egl_swapbuffers_sync 2
04-13 00:57:19.448 25389 25409 I WhisperLink: Connection - Closing connection to Service: amzn.auth.in on Device: F157F4C0F2D642379DCEB801E0415999 Connection Id: 3074 Channel: binder;
04-13 00:57:19.448 25389 25409 I WhisperLink: TWhisperLinkTransport - Closing connection for Service: amzn.auth.in isClient: true Connection Id: 3074 Channel: binder;
04-13 00:57:19.448 25389 25483 I WhisperLink: Pipe - No data available! timeout=10000 isclosed=true;
04-13 00:57:19.449 25389 25483 I WhisperLink: WPServer - WorkerProcess: Closing UUID: F157F4C0F2D642379DCEB801E0415999 Service Id: amzn.auth.in, Connection Id: 3074 Channel: binder ;
04-13 00:57:19.460 25359 25377 I native-activity: Swap 142 time is 31.232ms
04-13 00:57:19.461 25359 25377 I native-activity: Animating
