04-13 01:13:20.457 27385 27403 I native-activity: Frame 489 time is 14.561ms
04-13 01:13:20.462 27385 27403 I native-activity: Swap 489 time is 19.500ms
04-13 01:13:20.462 27385 27403 I native-activity: Animating
04-13 01:13:20.477 27385 27403 I native-activity: Frame 490 GL error is 0x0
04-13 01:13:20.477 27385 27403 I native-activity: Frame 490 time is 15.483ms
04-13 01:13:20.483 27385 27403 I native-activity: Swap 490 time is 20.928ms
04-13 01:13:20.483 27385 27403 I native-activity: Animating
04-13 01:13:20.496 27385 27403 I native-activity: Frame 491 GL error is 0x0
04-13 01:13:20.496 27385 27403 I native-activity: Frame 491 time is 13.573ms
04-13 01:13:20.501 27385 27403 I native-activity: Swap 491 time is 18.386ms
04-13 01:13:20.501 27385 27403 I native-activity: Animating
04-13 01:13:20.514 27385 27403 I native-activity: Frame 492 GL error is 0x0
04-13 01:13:20.514 27385 27403 I native-activity: Frame 492 time is 11.612ms
04-13 01:13:20.520 27385 27403 I native-activity: Swap 492 time is 17.718ms
04-13 01:13:20.520 27385 27403 I native-activity: Animating
04-13 01:13:20.533 25557 25643 I AmazonCMS: CMS is no longer being used, shutting down...
04-13 01:13:20.534 27385 27403 I native-activity: Frame 493 GL error is 0x0
04-13 01:13:20.534 27385 27403 I native-activity: Frame 493 time is 13.895ms
04-13 01:13:20.536 25557 25643 D AmazonCMS: Reconciler closing
04-13 01:13:20.540 27385 27403 I native-activity: Swap 493 time is 19.205ms
04-13 01:13:20.540 27385 27403 I native-activity: Animating
04-13 01:13:20.553 27385 27403 I native-activity: Frame 494 GL error is 0x0
04-13 01:13:20.553 27385 27403 I native-activity: Frame 494 time is 12.809ms
04-13 01:13:20.558 27385 27403 I native-activity: Swap 494 time is 18.510ms
04-13 01:13:20.558 27385 27403 I native-activity: Animating
04-13 01:13:20.571 27385 27403 I native-activity: Frame 495 GL error is 0x0
04-13 01:13:20.571 27385 27403 I native-activity: Frame 495 time is 12.766ms
04-13 01:13:20.577 27385 27403 I native-activity: Swap 495 time is 18.626ms
04-13 01:13:20.577 27385 27403 I native-activity: Animating
04-13 01:13:20.592 27385 27403 I native-activity: Frame 496 GL error is 0x0
04-13 01:13:20.592 27385 27403 I native-activity: Frame 496 time is 14.523ms
04-13 01:13:20.597 27385 27403 I native-activity: Swap 496 time is 19.151ms
04-13 01:13:20.597 27385 27403 I native-activity: Animating
04-13 01:13:20.610 27385 27403 I native-activity: Frame 497 GL error is 0x0
04-13 01:13:20.610 27385 27403 I native-activity: Frame 497 time is 13.404ms
04-13 01:13:20.615 27385 27403 I native-activity: Swap 497 time is 18.153ms
04-13 01:13:20.615 27385 27403 I native-activity: Animating
04-13 01:13:20.628 27385 27403 I native-activity: Frame 498 GL error is 0x0
04-13 01:13:20.628 27385 27403 I native-activity: Frame 498 time is 11.905ms
04-13 01:13:20.634 27385 27403 I native-activity: Swap 498 time is 18.200ms
04-13 01:13:20.634 27385 27403 I native-activity: Animating
04-13 01:13:20.646 27385 27403 I native-activity: Frame 499 GL error is 0x0
04-13 01:13:20.647 27385 27403 I native-activity: Frame 499 time is 12.235ms
04-13 01:13:20.653 27385 27403 I native-activity: Swap 499 time is 18.673ms
04-13 01:13:20.654 27385 27403 I native-activity: Animating
04-13 01:13:20.666 27385 27403 I native-activity: Frame 500 GL error is 0x0
04-13 01:13:20.666 27385 27403 I native-activity: Frame 500 time is 12.513ms
04-13 01:13:20.672 27385 27403 I native-activity: Swap 500 time is 18.662ms
04-13 01:13:20.674 27385 27403 I native-activity: Animating
04-13 01:13:20.685 27385 27403 I native-activity: Frame 501 GL error is 0x0
04-13 01:13:20.685 27385 27403 I native-activity: Frame 501 time is 11.557ms
04-13 01:13:20.691 27385 27403 I native-activity: Swap 501 time is 17.640ms
04-13 01:13:20.691 27385 27403 I native-activity: Animating
04-13 01:13:20.703 27385 27403 I native-activity: Frame 502 GL error is 0x0
04-13 01:13:20.704 27385 27403 I native-activity: Frame 502 time is 12.084ms
04-13 01:13:20.710 27385 27403 I native-activity: Swap 502 time is 18.115ms
04-13 01:13:20.710 27385 27403 I native-activity: Animating
04-13 01:13:20.721 27385 27403 I native-activity: Frame 503 GL error is 0x0
04-13 01:13:20.721 27385 27403 I native-activity: Frame 503 time is 10.809ms
04-13 01:13:20.728 27385 27403 I native-activity: Swap 503 time is 18.361ms
04-13 01:13:20.729 27385 27403 I native-activity: Animating
04-13 01:13:20.740 27385 27403 I native-activity: Frame 504 GL error is 0x0
04-13 01:13:20.740 27385 27403 I native-activity: Frame 504 time is 10.990ms
04-13 01:13:20.747 27385 27403 I native-activity: Swap 504 time is 18.284ms
04-13 01:13:20.747 27385 27403 I native-activity: Animating
04-13 01:13:20.758 27385 27403 I native-activity: Frame 505 GL error is 0x0
04-13 01:13:20.758 27385 27403 I native-activity: Frame 505 time is 10.752ms
04-13 01:13:20.766 27385 27403 I native-activity: Swap 505 time is 18.252ms
04-13 01:13:20.766 27385 27403 I native-activity: Animating
04-13 01:13:20.777 27385 27403 I native-activity: Frame 506 GL error is 0x0
04-13 01:13:20.777 27385 27403 I native-activity: Frame 506 time is 10.742ms
04-13 01:13:20.784 27385 27403 I native-activity: Swap 506 time is 18.423ms
04-13 01:13:20.785 27385 27403 I native-activity: Animating
04-13 01:13:20.796 27385 27403 I native-activity: Frame 507 GL error is 0x0
04-13 01:13:20.796 27385 27403 I native-activity: Frame 507 time is 10.223ms
04-13 01:13:20.803 27385 27403 I native-activity: Swap 507 time is 17.728ms
04-13 01:13:20.803 27385 27403 I native-activity: Animating
04-13 01:13:20.816 27385 27403 I native-activity: Frame 508 GL error is 0x0
04-13 01:13:20.816 27385 27403 I native-activity: Frame 508 time is 13.054ms
04-13 01:13:20.822 27385 27403 I native-activity: Swap 508 time is 18.503ms
04-13 01:13:20.822 27385 27403 I native-activity: Animating
04-13 01:13:20.835 27385 27403 I native-activity: Frame 509 GL error is 0x0
04-13 01:13:20.835 27385 27403 I native-activity: Frame 509 time is 12.720ms
04-13 01:13:20.842 27385 27403 I native-activity: Swap 509 time is 19.826ms
04-13 01:13:20.842 27385 27403 I native-activity: Animating
04-13 01:13:20.856 27385 27403 I native-activity: Frame 510 GL error is 0x0
04-13 01:13:20.856 27385 27403 I native-activity: Frame 510 time is 13.676ms
04-13 01:13:20.860 27385 27403 I native-activity: Swap 510 time is 17.405ms
04-13 01:13:20.860 27385 27403 I native-activity: Animating
04-13 01:13:20.873 27385 27403 I native-activity: Frame 511 GL error is 0x0
04-13 01:13:20.873 27385 27403 I native-activity: Frame 511 time is 13.022ms
04-13 01:13:20.879 27385 27403 I native-activity: Swap 511 time is 19.121ms
04-13 01:13:20.879 27385 27403 I native-activity: Animating
04-13 01:13:20.892 27385 27403 I native-activity: Frame 512 GL error is 0x0
04-13 01:13:20.892 27385 27403 I native-activity: Frame 512 time is 12.425ms
04-13 01:13:20.898 27385 27403 I native-activity: Swap 512 time is 18.369ms
04-13 01:13:20.898 27385 27403 I native-activity: Animating
04-13 01:13:20.910 27385 27403 I native-activity: Frame 513 GL error is 0x0
04-13 01:13:20.910 27385 27403 I native-activity: Frame 513 time is 12.104ms
04-13 01:13:20.916 27385 27403 I native-activity: Swap 513 time is 17.690ms
04-13 01:13:20.916 27385 27403 I native-activity: Animating
04-13 01:13:20.929 27385 27403 I native-activity: Frame 514 GL error is 0x0
04-13 01:13:20.929 27385 27403 I native-activity: Frame 514 time is 12.882ms
04-13 01:13:20.935 27385 27403 I native-activity: Swap 514 time is 19.456ms
04-13 01:13:20.935 27385 27403 I native-activity: Animating
04-13 01:13:20.948 27385 27403 I native-activity: Frame 515 GL error is 0x0
04-13 01:13:20.948 27385 27403 I native-activity: Frame 515 time is 13.004ms
04-13 01:13:20.953 27385 27403 I native-activity: Swap 515 time is 17.639ms
04-13 01:13:20.953 27385 27403 I native-activity: Animating
04-13 01:13:20.966 27385 27403 I native-activity: Frame 516 GL error is 0x0
04-13 01:13:20.966 27385 27403 I native-activity: Frame 516 time is 13.121ms
04-13 01:13:20.972 27385 27403 I native-activity: Swap 516 time is 18.540ms
04-13 01:13:20.972 27385 27403 I native-activity: Animating
04-13 01:13:20.985 27385 27403 I native-activity: Frame 517 GL error is 0x0
04-13 01:13:20.985 27385 27403 I native-activity: Frame 517 time is 12.838ms
04-13 01:13:20.991 27385 27403 I native-activity: Swap 517 time is 18.504ms
04-13 01:13:20.991 27385 27403 I native-activity: Animating
04-13 01:13:21.003 27385 27403 I native-activity: Frame 518 GL error is 0x0
04-13 01:13:21.003 27385 27403 I native-activity: Frame 518 time is 12.229ms
04-13 01:13:21.010 27385 27403 I native-activity: Swap 518 time is 18.478ms
04-13 01:13:21.010 27385 27403 I native-activity: Animating
04-13 01:13:21.022 27385 27403 I native-activity: Frame 519 GL error is 0x0
04-13 01:13:21.022 27385 27403 I native-activity: Frame 519 time is 12.594ms
04-13 01:13:21.028 27385 27403 I native-activity: Swap 519 time is 18.469ms
04-13 01:13:21.028 27385 27403 I native-activity: Animating
04-13 01:13:21.041 27385 27403 I native-activity: Frame 520 GL error is 0x0
04-13 01:13:21.041 27385 27403 I native-activity: Frame 520 time is 12.112ms
04-13 01:13:21.047 27385 27403 I native-activity: Swap 520 time is 18.649ms
04-13 01:13:21.047 27385 27403 I native-activity: Animating
04-13 01:13:21.059 27385 27403 I native-activity: Frame 521 GL error is 0x0
04-13 01:13:21.060 27385 27403 I native-activity: Frame 521 time is 12.171ms
04-13 01:13:21.066 27385 27403 I native-activity: Swap 521 time is 18.539ms
04-13 01:13:21.066 27385 27403 I native-activity: Animating
04-13 01:13:21.078 27385 27403 I native-activity: Frame 522 GL error is 0x0
04-13 01:13:21.078 27385 27403 I native-activity: Frame 522 time is 11.937ms
04-13 01:13:21.085 27385 27403 I native-activity: Swap 522 time is 18.454ms
04-13 01:13:21.085 27385 27403 I native-activity: Animating
04-13 01:13:21.097 27385 27403 I native-activity: Frame 523 GL error is 0x0
04-13 01:13:21.097 27385 27403 I native-activity: Frame 523 time is 11.891ms
04-13 01:13:21.104 27385 27403 I native-activity: Swap 523 time is 18.504ms
04-13 01:13:21.104 27385 27403 I native-activity: Animating
04-13 01:13:21.116 27385 27403 I native-activity: Frame 524 GL error is 0x0
04-13 01:13:21.116 27385 27403 I native-activity: Frame 524 time is 12.405ms
04-13 01:13:21.122 27385 27403 I native-activity: Swap 524 time is 18.492ms
04-13 01:13:21.123 27385 27403 I native-activity: Animating
04-13 01:13:21.135 27385 27403 I native-activity: Frame 525 GL error is 0x0
04-13 01:13:21.135 27385 27403 I native-activity: Frame 525 time is 11.976ms
04-13 01:13:21.141 27385 27403 I native-activity: Swap 525 time is 18.627ms
04-13 01:13:21.142 27385 27403 I native-activity: Animating
04-13 01:13:21.173 27385 27403 I native-activity: Frame 526 GL error is 0x0
04-13 01:13:21.173 27385 27403 I native-activity: Frame 526 time is 31.060ms
04-13 01:13:21.174 27385 27403 I native-activity: Swap 526 time is 32.856ms
04-13 01:13:21.175 27385 27403 I native-activity: Animating
04-13 01:13:21.188 27385 27403 I native-activity: Frame 527 GL error is 0x0
04-13 01:13:21.188 27385 27403 I native-activity: Frame 527 time is 13.314ms
04-13 01:13:21.190 27385 27403 I native-activity: Swap 527 time is 15.633ms
04-13 01:13:21.190 27385 27403 I native-activity: Animating
04-13 01:13:21.180    82    82 I Kernel  : [47239.856916].(0)[82:mtk charger_hv_]charging_reset_watch_dog_timer
04-13 01:13:21.180    82    82 I Kernel  : [47239.857818].(0)[82:mtk charger_hv_]array_size = 16 
04-13 01:13:21.210 27385 27403 I native-activity: Frame 528 GL error is 0x0
04-13 01:13:21.210 27385 27403 I native-activity: Frame 528 time is 19.397ms
04-13 01:13:21.212 27385 27403 I native-activity: Swap 528 time is 21.217ms
04-13 01:13:21.212 27385 27403 I native-activity: Animating
04-13 01:13:21.228 27385 27403 I native-activity: Frame 529 GL error is 0x0
04-13 01:13:21.228 27385 27403 I native-activity: Frame 529 time is 16.017ms
04-13 01:13:21.230 27385 27403 I native-activity: Swap 529 time is 18.496ms
04-13 01:13:21.231 27385 27403 I native-activity: Animating
04-13 01:13:21.243 27385 27403 I native-activity: Frame 530 GL error is 0x0
04-13 01:13:21.243 27385 27403 I native-activity: Frame 530 time is 12.793ms
04-13 01:13:21.248 27385 27403 I native-activity: Swap 530 time is 17.633ms
04-13 01:13:21.249 27385 27403 I native-activity: Animating
04-13 01:13:21.263 27385 27403 I native-activity: Frame 531 GL error is 0x0
04-13 01:13:21.263 27385 27403 I native-activity: Frame 531 time is 14.017ms
04-13 01:13:21.267 27385 27403 I native-activity: Swap 531 time is 17.893ms
04-13 01:13:21.267 27385 27403 I native-activity: Animating
04-13 01:13:21.279 27385 27403 I native-activity: Frame 532 GL error is 0x0
04-13 01:13:21.279 27385 27403 I native-activity: Frame 532 time is 12.290ms
04-13 01:13:21.284 27385 27403 I native-activity: Swap 532 time is 17.409ms
04-13 01:13:21.284 27385 27403 I native-activity: Animating
04-13 01:13:21.298 27385 27403 I native-activity: Frame 533 GL error is 0x0
04-13 01:13:21.298 27385 27403 I native-activity: Frame 533 time is 13.209ms
04-13 01:13:21.302 27385 27403 I native-activity: Swap 533 time is 17.223ms
04-13 01:13:21.302 27385 27403 I native-activity: Animating
04-13 01:13:21.316 27385 27403 I native-activity: Frame 534 GL error is 0x0
04-13 01:13:21.316 27385 27403 I native-activity: Frame 534 time is 13.820ms
04-13 01:13:21.319 27385 27403 I native-activity: Swap 534 time is 17.205ms
04-13 01:13:21.320 27385 27403 I native-activity: Animating
04-13 01:13:21.332 27385 27403 I native-activity: Frame 535 GL error is 0x0
04-13 01:13:21.332 27385 27403 I native-activity: Frame 535 time is 12.151ms
04-13 01:13:21.337 27385 27403 I native-activity: Swap 535 time is 17.091ms
04-13 01:13:21.337 27385 27403 I native-activity: Animating
04-13 01:13:21.349 27385 27403 I native-activity: Frame 536 GL error is 0x0
04-13 01:13:21.349 27385 27403 I native-activity: Frame 536 time is 12.138ms
04-13 01:13:21.354 27385 27403 I native-activity: Swap 536 time is 17.382ms
04-13 01:13:21.354 27385 27403 I native-activity: Animating
04-13 01:13:21.367 27385 27403 I native-activity: Frame 537 GL error is 0x0
04-13 01:13:21.367 27385 27403 I native-activity: Frame 537 time is 12.190ms
04-13 01:13:21.372 27385 27403 I native-activity: Swap 537 time is 17.192ms
04-13 01:13:21.372 27385 27403 I native-activity: Animating
04-13 01:13:21.385 27385 27403 I native-activity: Frame 538 GL error is 0x0
04-13 01:13:21.385 27385 27403 I native-activity: Frame 538 time is 13.455ms
04-13 01:13:21.389 27385 27403 I native-activity: Swap 538 time is 17.211ms
04-13 01:13:21.389 27385 27403 I native-activity: Animating
04-13 01:13:21.405 27385 27403 I native-activity: Frame 539 GL error is 0x0
04-13 01:13:21.406 27385 27403 I native-activity: Frame 539 time is 16.340ms
04-13 01:13:21.408 27385 27403 I native-activity: Swap 539 time is 18.942ms
04-13 01:13:21.408 27385 27403 I native-activity: Animating
04-13 01:13:21.422 27385 27403 I native-activity: Frame 540 GL error is 0x0
04-13 01:13:21.423 27385 27403 I native-activity: Frame 540 time is 14.210ms
04-13 01:13:21.425 27385 27403 I native-activity: Swap 540 time is 16.431ms
04-13 01:13:21.425 27385 27403 I native-activity: Animating
04-13 01:13:21.441 27385 27403 I native-activity: Frame 541 GL error is 0x0
04-13 01:13:21.441 27385 27403 I native-activity: Frame 541 time is 16.010ms
04-13 01:13:21.444 27385 27403 I native-activity: Swap 541 time is 18.767ms
04-13 01:13:21.444 27385 27403 I native-activity: Animating
04-13 01:13:21.458 27385 27403 I native-activity: Frame 542 GL error is 0x0
04-13 01:13:21.458 27385 27403 I native-activity: Frame 542 time is 14.072ms
04-13 01:13:21.461 27385 27403 I native-activity: Swap 542 time is 16.650ms
04-13 01:13:21.461 27385 27403 I native-activity: Animating
04-13 01:13:21.474 27385 27403 I native-activity: Frame 543 GL error is 0x0
04-13 01:13:21.474 27385 27403 I native-activity: Frame 543 time is 13.317ms
04-13 01:13:21.478 27385 27403 I native-activity: Swap 543 time is 16.940ms
04-13 01:13:21.478 27385 27403 I native-activity: Animating
04-13 01:13:21.490 27385 27403 I native-activity: Frame 544 GL error is 0x0
04-13 01:13:21.490 27385 27403 I native-activity: Frame 544 time is 11.980ms
04-13 01:13:21.496 27385 27403 I native-activity: Swap 544 time is 17.402ms
04-13 01:13:21.496 27385 27403 I native-activity: Animating
04-13 01:13:21.509 27385 27403 I native-activity: Frame 545 GL error is 0x0
04-13 01:13:21.510 27385 27403 I native-activity: Frame 545 time is 13.826ms
04-13 01:13:21.513 27385 27403 I native-activity: Swap 545 time is 16.874ms
04-13 01:13:21.513 27385 27403 I native-activity: Animating
04-13 01:13:21.543 27385 27403 I native-activity: Frame 546 GL error is 0x0
04-13 01:13:21.543 27385 27403 I native-activity: Frame 546 time is 30.109ms
04-13 01:13:21.544 27385 27403 I native-activity: Swap 546 time is 31.332ms
04-13 01:13:21.544 27385 27403 I native-activity: Animating
04-13 01:13:21.555 27385 27403 I native-activity: Frame 547 GL error is 0x0
04-13 01:13:21.555 27385 27403 I native-activity: Frame 547 time is 11.018ms
04-13 01:13:21.560 27385 27403 I native-activity: Swap 547 time is 15.532ms
04-13 01:13:21.560 27385 27403 I native-activity: Animating
04-13 01:13:21.568 27385 27403 I native-activity: Frame 548 GL error is 0x0
04-13 01:13:21.568 27385 27403 I native-activity: Frame 548 time is 8.139ms
04-13 01:13:21.575 27385 27403 I native-activity: Swap 548 time is 15.339ms
04-13 01:13:21.575 27385 27403 I native-activity: Animating
04-13 01:13:21.582 27385 27403 I native-activity: Frame 549 GL error is 0x0
04-13 01:13:21.582 27385 27403 I native-activity: Frame 549 time is 6.142ms
04-13 01:13:21.594 27385 27403 I native-activity: Swap 549 time is 18.340ms
04-13 01:13:21.594 27385 27403 I native-activity: Animating
04-13 01:13:21.600 27385 27403 I native-activity: Frame 550 GL error is 0x0
04-13 01:13:21.600 27385 27403 I native-activity: Frame 550 time is 6.255ms
04-13 01:13:21.610 27385 27403 I native-activity: Swap 550 time is 16.388ms
04-13 01:13:21.611 27385 27403 I native-activity: Animating
04-13 01:13:21.616 27385 27403 I native-activity: Frame 551 GL error is 0x0
04-13 01:13:21.616 27385 27403 I native-activity: Frame 551 time is 5.156ms
04-13 01:13:21.628 27385 27403 I native-activity: Swap 551 time is 16.912ms
04-13 01:13:21.628 27385 27403 I native-activity: Animating
04-13 01:13:21.634 27385 27403 I native-activity: Frame 552 GL error is 0x0
04-13 01:13:21.634 27385 27403 I native-activity: Frame 552 time is 6.551ms
04-13 01:13:21.644 27385 27403 I native-activity: Swap 552 time is 16.337ms
04-13 01:13:21.644 27385 27403 I native-activity: Animating
04-13 01:13:21.651 27385 27403 I native-activity: Frame 553 GL error is 0x0
04-13 01:13:21.651 27385 27403 I native-activity: Frame 553 time is 6.710ms
04-13 01:13:21.661 27385 27403 I native-activity: Swap 553 time is 16.929ms
04-13 01:13:21.661 27385 27403 I native-activity: Animating
04-13 01:13:21.667 27385 27403 I native-activity: Frame 554 GL error is 0x0
04-13 01:13:21.667 27385 27403 I native-activity: Frame 554 time is 5.631ms
04-13 01:13:21.679 27385 27403 I native-activity: Swap 554 time is 17.849ms
04-13 01:13:21.679 27385 27403 I native-activity: Animating
04-13 01:13:21.687 27385 27403 I native-activity: Frame 555 GL error is 0x0
04-13 01:13:21.687 27385 27403 I native-activity: Frame 555 time is 7.786ms
04-13 01:13:21.695 27385 27403 I native-activity: Swap 555 time is 15.470ms
04-13 01:13:21.695 27385 27403 I native-activity: Animating
04-13 01:13:21.701 27385 27403 I native-activity: Frame 556 GL error is 0x0
04-13 01:13:21.702 27385 27403 I native-activity: Frame 556 time is 6.351ms
04-13 01:13:21.712 27385 27403 I native-activity: Swap 556 time is 17.010ms
04-13 01:13:21.713 27385 27403 I native-activity: Animating
04-13 01:13:21.722 27385 27403 I native-activity: Frame 557 GL error is 0x0
04-13 01:13:21.722 27385 27403 I native-activity: Frame 557 time is 9.150ms
04-13 01:13:21.730 27385 27403 I native-activity: Swap 557 time is 17.098ms
04-13 01:13:21.730 27385 27403 I native-activity: Animating
04-13 01:13:21.736 27385 27403 I native-activity: Frame 558 GL error is 0x0
04-13 01:13:21.736 27385 27403 I native-activity: Frame 558 time is 5.986ms
04-13 01:13:21.746 27385 27403 I native-activity: Swap 558 time is 16.453ms
04-13 01:13:21.747 27385 27403 I native-activity: Animating
04-13 01:13:21.758 27385 27403 I native-activity: Frame 559 GL error is 0x0
04-13 01:13:21.758 27385 27403 I native-activity: Frame 559 time is 11.611ms
04-13 01:13:21.763 27385 27403 I native-activity: Swap 559 time is 16.007ms
04-13 01:13:21.763 27385 27403 I native-activity: Animating
04-13 01:13:21.769 27385 27403 I native-activity: Frame 560 GL error is 0x0
04-13 01:13:21.769 27385 27403 I native-activity: Frame 560 time is 5.940ms
04-13 01:13:21.780 27385 27403 I native-activity: Swap 560 time is 16.969ms
04-13 01:13:21.781 27385 27403 I native-activity: Animating
04-13 01:13:21.795 27385 27403 I native-activity: Frame 561 GL error is 0x0
04-13 01:13:21.795 27385 27403 I native-activity: Frame 561 time is 13.723ms
04-13 01:13:21.798 27385 27403 I native-activity: Swap 561 time is 17.426ms
04-13 01:13:21.799 27385 27403 I native-activity: Animating
04-13 01:13:21.809 27385 27403 I native-activity: Frame 562 GL error is 0x0
04-13 01:13:21.810 27385 27403 I native-activity: Frame 562 time is 10.905ms
04-13 01:13:21.814 27385 27403 I native-activity: Swap 562 time is 15.400ms
04-13 01:13:21.814 27385 27403 I native-activity: Animating
04-13 01:13:21.828 27385 27403 I native-activity: Frame 563 GL error is 0x0
04-13 01:13:21.828 27385 27403 I native-activity: Frame 563 time is 14.162ms
04-13 01:13:21.831 27385 27403 I native-activity: Swap 563 time is 17.004ms
04-13 01:13:21.832 27385 27403 I native-activity: Animating
04-13 01:13:21.844 27385 27403 I native-activity: Frame 564 GL error is 0x0
04-13 01:13:21.844 27385 27403 I native-activity: Frame 564 time is 12.188ms
04-13 01:13:21.847 27385 27403 I native-activity: Swap 564 time is 15.482ms
04-13 01:13:21.847 27385 27403 I native-activity: Animating
04-13 01:13:21.830 25574 25590 I Kernel  : [47240.505930]-(0)[25590:GCDaemon]dpi vsync
04-13 01:13:21.850 26597 26597 I Kernel  : [47240.522015].(0)[26597:kworker/0:0H]regs_hotplug_callback cpu = 2
04-13 01:13:21.850    15    15 I Kernel  : [47240.522579]-(2)[15:migration/2][Power/hotplug] platform_cpu_disable, cpu: 2
04-13 01:13:21.850    15    15 I Kernel  : [47240.522858]-(2)[15:migration/2]regs_hotplug_callback cpu = 2
04-13 01:13:21.850     0     0 I Kernel  : [47240.522921]-(2)[0:swapper/2][Power/hotplug] platform_cpu_die, cpu: 2
04-13 01:13:21.861 27385 27403 I native-activity: Frame 565 GL error is 0x0
04-13 01:13:21.861 27385 27403 I native-activity: Frame 565 time is 14.068ms
04-13 01:13:21.850 26597 26597 I Kernel  : [47240.523663].(0)[26597:kworker/0:0H]CPU2: shutdown
04-13 01:13:21.850 26597 26597 I Kernel  : [47240.523688].(0)[26597:kworker/0:0H][Power/hotplug] platform_cpu_kill, cpu: 2
04-13 01:13:21.850 26597 26597 I Kernel  : [47240.524372].(0)[26597:kworker/0:0H]regs_hotplug_callback cpu = 2
04-13 01:13:21.850 26597 26597 I Kernel  : [47240.524741].(0)[26597:kworker/0:0H][WDK]cpu 2 plug off, kick wdt
04-13 01:13:21.850 26597 26597 I Kernel  : [47240.524903].(0)[26597:kworker/0:0H]regs_hotplug_callback cpu = 2
04-13 01:13:21.864 27385 27403 I native-activity: Swap 565 time is 16.725ms
04-13 01:13:21.864 27385 27403 I native-activity: Animating
04-13 01:13:21.872 27385 27403 I native-activity: Frame 566 GL error is 0x0
04-13 01:13:21.872 27385 27403 I native-activity: Frame 566 time is 7.628ms
04-13 01:13:21.879 27385 27403 I native-activity: Swap 566 time is 14.395ms
04-13 01:13:21.879 27385 27403 I native-activity: Animating
04-13 01:13:21.890 27385 27403 I native-activity: Frame 567 GL error is 0x0
04-13 01:13:21.890 27385 27403 I native-activity: Frame 567 time is 11.275ms
04-13 01:13:21.899 27385 27403 I native-activity: Swap 567 time is 19.925ms
04-13 01:13:21.899 27385 27403 I native-activity: Animating
04-13 01:13:21.907 27385 27403 I native-activity: Frame 568 GL error is 0x0
04-13 01:13:21.907 27385 27403 I native-activity: Frame 568 time is 7.709ms
04-13 01:13:21.916 27385 27403 I native-activity: Swap 568 time is 16.944ms
04-13 01:13:21.916 27385 27403 I native-activity: Animating
04-13 01:13:21.924 27385 27403 I native-activity: Frame 569 GL error is 0x0
04-13 01:13:21.924 27385 27403 I native-activity: Frame 569 time is 8.246ms
04-13 01:13:21.933 27385 27403 I native-activity: Swap 569 time is 16.821ms
04-13 01:13:21.933 27385 27403 I native-activity: Animating
04-13 01:13:21.941 27385 27403 I native-activity: Frame 570 GL error is 0x0
04-13 01:13:21.941 27385 27403 I native-activity: Frame 570 time is 7.847ms
04-13 01:13:21.950 27385 27403 I native-activity: Swap 570 time is 16.957ms
04-13 01:13:21.950 27385 27403 I native-activity: Animating
04-13 01:13:21.959 27385 27403 I native-activity: Frame 571 GL error is 0x0
04-13 01:13:21.959 27385 27403 I native-activity: Frame 571 time is 9.010ms
04-13 01:13:21.967 27385 27403 I native-activity: Swap 571 time is 16.334ms
04-13 01:13:21.967 27385 27403 I native-activity: Animating
04-13 01:13:21.976 27385 27403 I native-activity: Frame 572 GL error is 0x0
04-13 01:13:21.976 27385 27403 I native-activity: Frame 572 time is 9.081ms
04-13 01:13:21.984 27385 27403 I native-activity: Swap 572 time is 16.692ms
04-13 01:13:21.984 27385 27403 I native-activity: Animating
04-13 01:13:21.993 27385 27403 I native-activity: Frame 573 GL error is 0x0
04-13 01:13:21.993 27385 27403 I native-activity: Frame 573 time is 9.245ms
04-13 01:13:22.000 27385 27403 I native-activity: Swap 573 time is 16.648ms
04-13 01:13:22.001 27385 27403 I native-activity: Animating
04-13 01:13:22.011 27385 27403 I native-activity: Frame 574 GL error is 0x0
04-13 01:13:22.011 27385 27403 I native-activity: Frame 574 time is 10.466ms
04-13 01:13:22.017 27385 27403 I native-activity: Swap 574 time is 16.604ms
04-13 01:13:22.017 27385 27403 I native-activity: Animating
04-13 01:13:22.030 27385 27403 I native-activity: Frame 575 GL error is 0x0
04-13 01:13:22.030 27385 27403 I native-activity: Frame 575 time is 12.659ms
04-13 01:13:22.034 27385 27403 I native-activity: Swap 575 time is 16.780ms
04-13 01:13:22.034 27385 27403 I native-activity: Animating
04-13 01:13:22.053 27385 27403 I native-activity: Frame 576 GL error is 0x0
04-13 01:13:22.053 27385 27403 I native-activity: Frame 576 time is 18.818ms
04-13 01:13:22.056 27385 27403 I native-activity: Swap 576 time is 21.522ms
04-13 01:13:22.056 27385 27403 I native-activity: Animating
04-13 01:13:22.071 27385 27403 I native-activity: Frame 577 GL error is 0x0
04-13 01:13:22.071 27385 27403 I native-activity: Frame 577 time is 15.031ms
04-13 01:13:22.074 27385 27403 I native-activity: Swap 577 time is 17.453ms
04-13 01:13:22.074 27385 27403 I native-activity: Animating
04-13 01:13:22.088 27385 27403 I native-activity: Frame 578 GL error is 0x0
04-13 01:13:22.088 27385 27403 I native-activity: Frame 578 time is 14.073ms
04-13 01:13:22.091 27385 27403 I native-activity: Swap 578 time is 16.913ms
04-13 01:13:22.091 27385 27403 I native-activity: Animating
04-13 01:13:22.116 27385 27403 I native-activity: Frame 579 GL error is 0x0
04-13 01:13:22.116 27385 27403 I native-activity: Frame 579 time is 25.017ms
04-13 01:13:22.120 27385 27403 I native-activity: Swap 579 time is 28.308ms
04-13 01:13:22.120 27385 27403 I native-activity: Animating
04-13 01:13:22.137 27385 27403 I native-activity: Frame 580 GL error is 0x0
04-13 01:13:22.137 27385 27403 I native-activity: Frame 580 time is 16.922ms
04-13 01:13:22.139 27385 27403 I native-activity: Swap 580 time is 18.905ms
04-13 01:13:22.139 27385 27403 I native-activity: Animating
04-13 01:13:22.157 27385 27403 I native-activity: Frame 581 GL error is 0x0
04-13 01:13:22.157 27385 27403 I native-activity: Frame 581 time is 17.846ms
04-13 01:13:22.159 27385 27403 I native-activity: Swap 581 time is 19.686ms
04-13 01:13:22.159 27385 27403 I native-activity: Animating
04-13 01:13:22.173 27385 27403 I native-activity: Frame 582 GL error is 0x0
04-13 01:13:22.173 27385 27403 I native-activity: Frame 582 time is 14.559ms
04-13 01:13:22.177 27385 27403 I native-activity: Swap 582 time is 17.859ms
04-13 01:13:22.177 27385 27403 I native-activity: Animating
04-13 01:13:22.192 27385 27403 I native-activity: Frame 583 GL error is 0x0
04-13 01:13:22.193 27385 27403 I native-activity: Frame 583 time is 15.640ms
04-13 01:13:22.180    82    82 I Kernel  : [47240.857899].(0)[82:mtk charger_hv_]charging_reset_watch_dog_timer
04-13 01:13:22.180    82    82 I Kernel  : [47240.858775].(0)[82:mtk charger_hv_]array_size = 16 
04-13 01:13:22.200 27385 27403 I native-activity: Swap 583 time is 23.109ms
04-13 01:13:22.200 27385 27403 I native-activity: Animating
04-13 01:13:22.213 27385 27403 I native-activity: Frame 584 GL error is 0x0
04-13 01:13:22.214 27385 27403 I native-activity: Frame 584 time is 13.539ms
04-13 01:13:22.216 27385 27403 I native-activity: Swap 584 time is 15.796ms
04-13 01:13:22.216 27385 27403 I native-activity: Animating
04-13 01:13:22.228 27385 27403 I native-activity: Frame 585 GL error is 0x0
04-13 01:13:22.228 27385 27403 I native-activity: Frame 585 time is 11.851ms
04-13 01:13:22.233 27385 27403 I native-activity: Swap 585 time is 17.242ms
04-13 01:13:22.234 27385 27403 I native-activity: Animating
04-13 01:13:22.250 27385 27403 I native-activity: Frame 586 GL error is 0x0
04-13 01:13:22.250 27385 27403 I native-activity: Frame 586 time is 15.677ms
04-13 01:13:22.254 27385 27403 I native-activity: Swap 586 time is 19.128ms
04-13 01:13:22.254 27385 27403 I native-activity: Animating
04-13 01:13:22.266 27385 27403 I native-activity: Frame 587 GL error is 0x0
04-13 01:13:22.266 27385 27403 I native-activity: Frame 587 time is 11.673ms
04-13 01:13:22.269 27385 27403 I native-activity: Swap 587 time is 14.969ms
04-13 01:13:22.270 27385 27403 I native-activity: Animating
04-13 01:13:22.285 27385 27403 I native-activity: Frame 588 GL error is 0x0
04-13 01:13:22.285 27385 27403 I native-activity: Frame 588 time is 15.059ms
04-13 01:13:22.291 27385 27403 I native-activity: Swap 588 time is 20.998ms
04-13 01:13:22.292 27385 27403 I native-activity: Animating
04-13 01:13:22.305 27385 27403 I native-activity: Frame 589 GL error is 0x0
04-13 01:13:22.305 27385 27403 I native-activity: Frame 589 time is 13.513ms
04-13 01:13:22.309 27385 27403 I native-activity: Swap 589 time is 17.393ms
04-13 01:13:22.309 27385 27403 I native-activity: Animating
04-13 01:13:22.323 27385 27403 I native-activity: Frame 590 GL error is 0x0
04-13 01:13:22.323 27385 27403 I native-activity: Frame 590 time is 14.317ms
04-13 01:13:22.327 27385 27403 I native-activity: Swap 590 time is 17.746ms
04-13 01:13:22.327 27385 27403 I native-activity: Animating
04-13 01:13:22.340 27385 27403 I native-activity: Frame 591 GL error is 0x0
04-13 01:13:22.340 27385 27403 I native-activity: Frame 591 time is 12.507ms
04-13 01:13:22.342 27385 27403 I native-activity: Swap 591 time is 15.043ms
04-13 01:13:22.342 27385 27403 I native-activity: Animating
04-13 01:13:22.359 27385 27403 I native-activity: Frame 592 GL error is 0x501
04-13 01:13:22.359 27385 27403 I native-activity: Frame 592 time is 16.410ms
04-13 01:13:22.365 27385 27403 I native-activity: Swap 592 time is 22.257ms
04-13 01:13:22.365 27385 27403 I native-activity: Animating
04-13 01:13:22.378 27385 27403 I native-activity: Frame 593 GL error is 0x0
04-13 01:13:22.378 27385 27403 I native-activity: Frame 593 time is 12.827ms
04-13 01:13:22.383 27385 27403 I native-activity: Swap 593 time is 18.237ms
04-13 01:13:22.383 27385 27403 I native-activity: Animating
04-13 01:13:22.396 27385 27403 I native-activity: Frame 594 GL error is 0x0
04-13 01:13:22.396 27385 27403 I native-activity: Frame 594 time is 12.990ms
04-13 01:13:22.400 27385 27403 I native-activity: Swap 594 time is 17.240ms
04-13 01:13:22.401 27385 27403 I native-activity: Animating
04-13 01:13:22.428 27385 27403 I native-activity: Frame 595 GL error is 0x0
04-13 01:13:22.428 27385 27403 I native-activity: Frame 595 time is 26.413ms
04-13 01:13:22.430 27385 27403 I native-activity: Swap 595 time is 28.179ms
04-13 01:13:22.430 27385 27403 I native-activity: Animating
04-13 01:13:22.444 27385 27403 I native-activity: Frame 596 GL error is 0x0
04-13 01:13:22.444 27385 27403 I native-activity: Frame 596 time is 13.999ms
04-13 01:13:22.447 27385 27403 I native-activity: Swap 596 time is 17.259ms
04-13 01:13:22.448 27385 27403 I native-activity: Animating
04-13 01:13:22.463 27385 27403 I native-activity: Frame 597 GL error is 0x0
04-13 01:13:22.463 27385 27403 I native-activity: Frame 597 time is 15.103ms
04-13 01:13:22.466 27385 27403 I native-activity: Swap 597 time is 17.650ms
04-13 01:13:22.466 27385 27403 I native-activity: Animating
04-13 01:13:22.483 27385 27403 I native-activity: Frame 598 GL error is 0x0
04-13 01:13:22.483 27385 27403 I native-activity: Frame 598 time is 17.259ms
04-13 01:13:22.485 27385 27403 I native-activity: Swap 598 time is 19.207ms
04-13 01:13:22.485 27385 27403 I native-activity: Animating
04-13 01:13:22.499 27385 27403 I native-activity: Frame 599 GL error is 0x0
04-13 01:13:22.499 27385 27403 I native-activity: Frame 599 time is 14.055ms
04-13 01:13:22.501 27385 27403 I native-activity: Swap 599 time is 16.190ms
04-13 01:13:22.502 27385 27403 I native-activity: Animating
04-13 01:13:22.518 27385 27403 I native-activity: Frame 600 GL error is 0x0
04-13 01:13:22.519 27385 27403 I native-activity: Frame 600 time is 16.873ms
04-13 01:13:22.523 27385 27403 I native-activity: Swap 600 time is 21.568ms
04-13 01:13:22.523 27385 27403 I native-activity: Animating
04-13 01:13:22.539 27385 27403 I native-activity: Frame 601 GL error is 0x0
04-13 01:13:22.539 27385 27403 I native-activity: Frame 601 time is 15.603ms
04-13 01:13:22.546 27385 27403 I native-activity: Swap 601 time is 22.169ms
04-13 01:13:22.546 27385 27403 I native-activity: Animating
04-13 01:13:22.530  2137  2137 I Kernel  : [47241.204563][wlan] nicTxReleaseResource: (TX STATE)
04-13 01:13:22.530  2137  2137 I Kernel  : Release: TC4 count 1, Free=3; TC5 count 0, Free=4
04-13 01:13:22.530  2159  2159 I Kernel  : [47241.204703].(0)[2159:wpa_supplicant]poorlink get state G(363147)F(49)dbad(0)dretry(0)LT(540)RT(-75)W(0)(12838)
04-13 01:13:22.530  2137  2137 I Kernel  : [47241.205237][wlan] nicTxReleaseResource: (TX STATE)
04-13 01:13:22.530  2137  2137 I Kernel  : Release: TC4 count 1, Free=4; TC5 count 0, Free=4
04-13 01:13:22.557 27385 27403 I native-activity: Frame 602 GL error is 0x0
04-13 01:13:22.557 27385 27403 I native-activity: Frame 602 time is 11.339ms
04-13 01:13:22.559 27385 27403 I native-activity: Swap 602 time is 12.957ms
04-13 01:13:22.559 27385 27403 I native-activity: Animating
04-13 01:13:22.574 27385 27403 I native-activity: Frame 603 GL error is 0x0
04-13 01:13:22.574 27385 27403 I native-activity: Frame 603 time is 14.722ms
04-13 01:13:22.576 27385 27403 I native-activity: Swap 603 time is 17.355ms
04-13 01:13:22.576 27385 27403 I native-activity: Animating
04-13 01:13:22.593 27385 27403 I native-activity: Frame 604 GL error is 0x0
04-13 01:13:22.593 27385 27403 I native-activity: Frame 604 time is 16.982ms
04-13 01:13:22.597 27385 27403 I native-activity: Swap 604 time is 20.842ms
04-13 01:13:22.598 27385 27403 I native-activity: Animating
04-13 01:13:22.612 27385 27403 I native-activity: Frame 605 GL error is 0x0
04-13 01:13:22.612 27385 27403 I native-activity: Frame 605 time is 14.880ms
04-13 01:13:22.615 27385 27403 I native-activity: Swap 605 time is 17.768ms
04-13 01:13:22.616 27385 27403 I native-activity: Animating
04-13 01:13:22.626 27385 27403 I native-activity: Frame 606 GL error is 0x0
04-13 01:13:22.626 27385 27403 I native-activity: Frame 606 time is 10.633ms
04-13 01:13:22.631 27385 27403 I native-activity: Swap 606 time is 15.659ms
04-13 01:13:22.632 27385 27403 I native-activity: Animating
04-13 01:13:22.644 27385 27403 I native-activity: Frame 607 GL error is 0x0
04-13 01:13:22.644 27385 27403 I native-activity: Frame 607 time is 12.080ms
04-13 01:13:22.652 27385 27403 I native-activity: Swap 607 time is 19.821ms
04-13 01:13:22.652 27385 27403 I native-activity: Animating
04-13 01:13:22.663 27385 27403 I native-activity: Frame 608 GL error is 0x0
04-13 01:13:22.663 27385 27403 I native-activity: Frame 608 time is 11.341ms
04-13 01:13:22.669 27385 27403 I native-activity: Swap 608 time is 16.756ms
04-13 01:13:22.669 27385 27403 I native-activity: Animating
04-13 01:13:22.682 27385 27403 I native-activity: Frame 609 GL error is 0x0
04-13 01:13:22.682 27385 27403 I native-activity: Frame 609 time is 13.425ms
04-13 01:13:22.686 27385 27403 I native-activity: Swap 609 time is 16.897ms
04-13 01:13:22.686 27385 27403 I native-activity: Animating
04-13 01:13:22.701 27385 27403 I native-activity: Frame 610 GL error is 0x0
04-13 01:13:22.702 27385 27403 I native-activity: Frame 610 time is 15.724ms
04-13 01:13:22.703 27385 27403 I native-activity: Swap 610 time is 17.609ms
04-13 01:13:22.704 27385 27403 I native-activity: Animating
04-13 01:13:22.716 27385 27403 I native-activity: Frame 611 GL error is 0x0
04-13 01:13:22.716 27385 27403 I native-activity: Frame 611 time is 11.890ms
04-13 01:13:22.719 27385 27403 I native-activity: Swap 611 time is 14.978ms
04-13 01:13:22.719 27385 27403 I native-activity: Animating
04-13 01:13:22.733 27385 27403 I native-activity: Frame 612 GL error is 0x0
04-13 01:13:22.733 27385 27403 I native-activity: Frame 612 time is 13.823ms
04-13 01:13:22.739 27385 27403 I native-activity: Swap 612 time is 19.556ms
04-13 01:13:22.739 27385 27403 I native-activity: Animating
04-13 01:13:22.773 27385 27403 I native-activity: Frame 613 GL error is 0x0
04-13 01:13:22.773 27385 27403 I native-activity: Frame 613 time is 34.254ms
04-13 01:13:22.775 27385 27403 I native-activity: Swap 613 time is 36.079ms
04-13 01:13:22.775 27385 27403 I native-activity: Animating
04-13 01:13:22.787 27385 27403 I native-activity: Frame 614 GL error is 0x0
04-13 01:13:22.787 27385 27403 I native-activity: Frame 614 time is 11.470ms
04-13 01:13:22.790 27385 27403 I native-activity: Swap 614 time is 14.592ms
04-13 01:13:22.791 27385 27403 I native-activity: Animating
04-13 01:13:22.801 27385 27403 I native-activity: Frame 615 GL error is 0x0
04-13 01:13:22.801 27385 27403 I native-activity: Frame 615 time is 9.859ms
04-13 01:13:22.807 27385 27403 I native-activity: Swap 615 time is 15.610ms
04-13 01:13:22.807 27385 27403 I native-activity: Animating
04-13 01:13:22.817 27385 27403 I native-activity: Frame 616 GL error is 0x0
04-13 01:13:22.817 27385 27403 I native-activity: Frame 616 time is 9.899ms
04-13 01:13:22.825 27385 27403 I native-activity: Swap 616 time is 17.530ms
04-13 01:13:22.825 27385 27403 I native-activity: Animating
04-13 01:13:22.835 27385 27403 I native-activity: Frame 617 GL error is 0x0
04-13 01:13:22.835 27385 27403 I native-activity: Frame 617 time is 9.885ms
04-13 01:13:22.842 27385 27403 I native-activity: Swap 617 time is 17.484ms
04-13 01:13:22.842 27385 27403 I native-activity: Animating
04-13 01:13:22.852 27385 27403 I native-activity: Frame 618 GL error is 0x0
04-13 01:13:22.852 27385 27403 I native-activity: Frame 618 time is 10.064ms
04-13 01:13:22.860 27385 27403 I native-activity: Swap 618 time is 17.485ms
04-13 01:13:22.860 27385 27403 I native-activity: Animating
04-13 01:13:22.870 27385 27403 I native-activity: Frame 619 GL error is 0x0
04-13 01:13:22.870 27385 27403 I native-activity: Frame 619 time is 9.972ms
04-13 01:13:22.877 27385 27403 I native-activity: Swap 619 time is 17.296ms
04-13 01:13:22.878 27385 27403 I native-activity: Animating
04-13 01:13:22.888 27385 27403 I native-activity: Frame 620 GL error is 0x0
04-13 01:13:22.888 27385 27403 I native-activity: Frame 620 time is 9.964ms
04-13 01:13:22.895 27385 27403 I native-activity: Swap 620 time is 17.112ms
04-13 01:13:22.895 27385 27403 I native-activity: Animating
04-13 01:13:22.905 27385 27403 I native-activity: Frame 621 GL error is 0x0
04-13 01:13:22.905 27385 27403 I native-activity: Frame 621 time is 9.751ms
04-13 01:13:22.912 27385 27403 I native-activity: Swap 621 time is 16.954ms
04-13 01:13:22.912 27385 27403 I native-activity: Animating
04-13 01:13:22.922 27385 27403 I native-activity: Frame 622 GL error is 0x0
04-13 01:13:22.922 27385 27403 I native-activity: Frame 622 time is 10.151ms
04-13 01:13:22.929 27385 27403 I native-activity: Swap 622 time is 16.940ms
04-13 01:13:22.929 27385 27403 I native-activity: Animating
04-13 01:13:22.939 27385 27403 I native-activity: Frame 623 GL error is 0x0
04-13 01:13:22.939 27385 27403 I native-activity: Frame 623 time is 9.609ms
04-13 01:13:22.946 27385 27403 I native-activity: Swap 623 time is 16.833ms
04-13 01:13:22.946 27385 27403 I native-activity: Animating
04-13 01:13:22.930    81    81 I Kernel  : [47241.611122].(0)[81:bat_thread_kthr][BAT_thread]Cable in, CHR_Type_num=2
04-13 01:13:22.957 27385 27403 I native-activity: Frame 624 GL error is 0x0
04-13 01:13:22.957 27385 27403 I native-activity: Frame 624 time is 10.829ms
04-13 01:13:22.963 27385 27403 I native-activity: Swap 624 time is 16.359ms
04-13 01:13:22.963 27385 27403 I native-activity: Animating
04-13 01:13:22.950    81    81 I Kernel  : [47241.623319].(0)[81:bat_thread_kthr]AvgVbat=(4203),bat_vol=(4192),AvgI=(0),I=(0),VChr=(4607),AvgT=(24),T=(24),pre_SOC=(100),SOC=(100),ZCV=(4045)
04-13 01:13:22.950    81    81 I Kernel  : [47241.623386].(0)[81:bat_thread_kthr][BATTERY] support JEITA, temperature=24
04-13 01:13:22.950    81    81 I Kernel  : [47241.623399][BATTERY] Battery Normal Temperature between 10 and 45 !!
04-13 01:13:22.950    81    81 I Kernel  : [47241.623413].(0)[81:bat_thread_kthr]array_size = 51 
04-13 01:13:22.950    81    81 I Kernel  : [47241.624256].(0)[81:bat_thread_kthr]charging_reset_watch_dog_timer
04-13 01:13:22.973 27385 27403 I native-activity: Frame 625 GL error is 0x0
04-13 01:13:22.973 27385 27403 I native-activity: Frame 625 time is 10.400ms
04-13 01:13:22.979 27385 27403 I native-activity: Swap 625 time is 16.576ms
04-13 01:13:22.979 27385 27403 I native-activity: Animating
04-13 01:13:22.960    81    81 I Kernel  : [47241.639834].(0)[81:bat_thread_kthr][BATTERY] Default CC mode charging : 150000, input current = 150000
04-13 01:13:22.960    81    81 I Kernel  : [47241.639863].(0)[81:bat_thread_kthr]array_size = 8 
04-13 01:13:22.970    81    81 I Kernel  : [47241.641659].(0)[81:bat_thread_kthr]array_size = 28 
04-13 01:13:22.970    81    81 I Kernel  : [47241.648814].(0)[81:bat_thread_kthr]charging_dump_register
04-13 01:13:22.970    81    81 I Kernel  : [47241.649340].(0)[81:bat_thread_kthr][bq24296_dump_register] Reg[0x0]=0x45
04-13 01:13:22.970    81    81 I Kernel  : [47241.649837].(0)[81:bat_thread_kthr][bq24296_dump_register] Reg[0x1]=0x1B
04-13 01:13:22.970    81    81 I Kernel  : [47241.650343].(0)[81:bat_thread_kthr][bq24296_dump_register] Reg[0x2]=0x3C
04-13 01:13:22.970    81    81 I Kernel  : [47241.650858].(0)[81:bat_thread_kthr][bq24296_dump_register] Reg[0x3]=0x30
04-13 01:13:22.970    81    81 I Kernel  : [47241.651366].(0)[81:bat_thread_kthr][bq24296_dump_register] Reg[0x4]=0xB2
04-13 01:13:22.990 27385 27403 I native-activity: Frame 626 GL error is 0x0
04-13 01:13:22.990 27385 27403 I native-activity: Frame 626 time is 10.562ms
04-13 01:13:22.980    81    81 I Kernel  : [47241.651883].(0)[81:bat_thread_kthr][bq24296_dump_register] Reg[0x5]=0x94
04-13 01:13:22.980    81    81 I Kernel  : [47241.653986].(0)[81:bat_thread_kthr][bq24296_dump_register] Reg[0x6]=0x73
04-13 01:13:22.980    81    81 I Kernel  : [47241.654511].(0)[81:bat_thread_kthr][bq24296_dump_register] Reg[0x7]=0x48
04-13 01:13:22.980    81    81 I Kernel  : [47241.655119].(0)[81:bat_thread_kthr][bq24296_dump_register] Reg[0x8]=0x74
04-13 01:13:22.980    81    81 I Kernel  : [47241.655623].(0)[81:bat_thread_kthr][bq24296_dump_register] Reg[0x9]=0x0
04-13 01:13:22.980    81    81 I Kernel  : [47241.656180].(0)[81:bat_thread_kthr][bq24296_dump_register] Reg[0xA]=0x20
04-13 01:13:22.980    81    81 I Kernel  : [47241.657164].(0)[81:bat_thread_kthr][100percent], UI_SOC(100), reset(0)
04-13 01:13:22.980    81    81 I Kernel  : [47241.657180].(0)[81:bat_thread_kthr]UI_SOC=(100), resetBatteryMeter=(0)
04-13 01:13:22.980    81    81 I Kernel  : [47241.657401].(0)[81:bat_thread_kthr][mt_kpoc_power_off_check] , chr_vol=4607, boot_mode=0
04-13 01:13:22.980   139   139 I Kernel  : [47241.658554].(0)[139:healthd]healthd: battery l=100 v=4203 t=24.0 h=2 st=5 chg=u
04-13 01:13:22.997   143   315 I hwcomposer: [DPY] UEventThread::threadLoop recv change@/devices/platform/battery/power_supply/battery
04-13 01:13:22.999 27385 27403 I native-activity: Swap 626 time is 18.939ms
04-13 01:13:22.999 27385 27403 I native-activity: Animating
04-13 01:13:23.014 27385 27403 I native-activity: Frame 627 GL error is 0x0
04-13 01:13:23.014 27385 27403 I native-activity: Frame 627 time is 14.964ms
04-13 01:13:23.016 27385 27403 I native-activity: Swap 627 time is 17.364ms
04-13 01:13:23.016 27385 27403 I native-activity: Animating
04-13 01:13:23.027 27385 27403 I native-activity: Frame 628 GL error is 0x0
04-13 01:13:23.027 27385 27403 I native-activity: Frame 628 time is 10.439ms
04-13 01:13:23.028  1787  1787 D KeyguardUpdateMonitor: handleBatteryUpdate
04-13 01:13:23.031 27385 27403 I native-activity: Swap 628 time is 14.490ms
04-13 01:13:23.031 27385 27403 I native-activity: Animating
04-13 01:13:23.039 27385 27403 I native-activity: Frame 629 GL error is 0x0
04-13 01:13:23.039 27385 27403 I native-activity: Frame 629 time is 7.615ms
04-13 01:13:23.045 27385 27403 I native-activity: Swap 629 time is 13.606ms
04-13 01:13:23.045 27385 27403 I native-activity: Animating
04-13 01:13:23.054 27385 27403 I native-activity: Frame 630 GL error is 0x0
04-13 01:13:23.054 27385 27403 I native-activity: Frame 630 time is 9.309ms
04-13 01:13:23.062 27385 27403 I native-activity: Swap 630 time is 16.649ms
04-13 01:13:23.062 27385 27403 I native-activity: Animating
04-13 01:13:23.071 27385 27403 I native-activity: Frame 631 GL error is 0x0
04-13 01:13:23.071 27385 27403 I native-activity: Frame 631 time is 9.061ms
04-13 01:13:23.079 27385 27403 I native-activity: Swap 631 time is 16.875ms
04-13 01:13:23.079 27385 27403 I native-activity: Animating
04-13 01:13:23.088 27385 27403 I native-activity: Frame 632 GL error is 0x0
04-13 01:13:23.088 27385 27403 I native-activity: Frame 632 time is 9.029ms
04-13 01:13:23.096 27385 27403 I native-activity: Swap 632 time is 16.990ms
04-13 01:13:23.096 27385 27403 I native-activity: Animating
04-13 01:13:23.106 27385 27403 I native-activity: Frame 633 GL error is 0x0
04-13 01:13:23.106 27385 27403 I native-activity: Frame 633 time is 9.611ms
04-13 01:13:23.113 27385 27403 I native-activity: Swap 633 time is 16.993ms
04-13 01:13:23.113 27385 27403 I native-activity: Animating
04-13 01:13:23.124 27385 27403 I native-activity: Frame 634 GL error is 0x0
04-13 01:13:23.124 27385 27403 I native-activity: Frame 634 time is 11.066ms
04-13 01:13:23.134 27385 27403 I native-activity: Swap 634 time is 20.090ms
04-13 01:13:23.134 27385 27403 I native-activity: Animating
04-13 01:13:23.143 27385 27403 I native-activity: Frame 635 GL error is 0x0
04-13 01:13:23.143 27385 27403 I native-activity: Frame 635 time is 9.352ms
04-13 01:13:23.151 27385 27403 I native-activity: Swap 635 time is 16.930ms
04-13 01:13:23.151 27385 27403 I native-activity: Animating
04-13 01:13:23.162 27385 27403 I native-activity: Frame 636 GL error is 0x0
04-13 01:13:23.162 27385 27403 I native-activity: Frame 636 time is 10.378ms
04-13 01:13:23.168 27385 27403 I native-activity: Swap 636 time is 16.542ms
04-13 01:13:23.168 27385 27403 I native-activity: Animating
04-13 01:13:23.180 27385 27403 I native-activity: Frame 637 GL error is 0x0
04-13 01:13:23.180 27385 27403 I native-activity: Frame 637 time is 11.585ms
04-13 01:13:23.185 27385 27403 I native-activity: Swap 637 time is 17.117ms
04-13 01:13:23.185 27385 27403 I native-activity: Animating
04-13 01:13:23.196 27385 27403 I native-activity: Frame 638 GL error is 0x0
04-13 01:13:23.196 27385 27403 I native-activity: Frame 638 time is 10.443ms
04-13 01:13:23.180    82    82 I Kernel  : [47241.858897].(0)[82:mtk charger_hv_]charging_reset_watch_dog_timer
