04-13 00:42:38.816 22927 22963 I native-activity: Frame 223 GL error is 0x0
04-13 00:42:38.816 22927 22963 I native-activity: Frame 223 time is 0.428ms
04-13 00:42:38.823 22927 22963 I native-activity: Swap 223 time is 6.925ms
04-13 00:42:38.823 22927 22963 I native-activity: Animating
04-13 00:42:38.823 22927 22963 I native-activity: Frame 224 GL error is 0x0
04-13 00:42:38.823 22927 22963 I native-activity: Frame 224 time is 0.398ms
04-13 00:42:38.830 22927 22963 I native-activity: Swap 224 time is 7.003ms
04-13 00:42:38.830 22927 22963 I native-activity: Animating
04-13 00:42:39.027 22927 22963 I native-activity: Frame 225 GL error is 0x500
04-13 00:42:39.027 22927 22963 I native-activity: Frame 225 time is 196.661ms
04-13 00:42:39.039 22927 22963 I native-activity: Swap 225 time is 209.110ms
04-13 00:42:39.039 22927 22963 I native-activity: Animating
04-13 00:42:39.040 22927 22963 I native-activity: Frame 226 GL error is 0x0
04-13 00:42:39.040 22927 22963 I native-activity: Frame 226 time is 0.542ms
04-13 00:42:39.030    81    81 I Kernel  : [45397.704504].(0)[81:bat_thread_kthr][BAT_thread]Cable in, CHR_Type_num=2
04-13 00:42:39.052 22927 22963 I native-activity: Swap 226 time is 12.723ms
04-13 00:42:39.052 22927 22963 I native-activity: Animating
04-13 00:42:39.055 22927 22963 I native-activity: Frame 227 GL error is 0x0
04-13 00:42:39.055 22927 22963 I native-activity: Frame 227 time is 2.937ms
04-13 00:42:39.040    81    81 I Kernel  : [45397.715079].(0)[81:bat_thread_kthr]AvgVbat=(4203),bat_vol=(4204),AvgI=(0),I=(0),VChr=(4579),AvgT=(24),T=(25),pre_SOC=(100),SOC=(100),ZCV=(4045)
04-13 00:42:39.040    81    81 I Kernel  : [45397.715136].(0)[81:bat_thread_kthr][BATTERY] support JEITA, temperature=24
04-13 00:42:39.040    81    81 I Kernel  : [45397.715149][BATTERY] Battery Normal Temperature between 10 and 45 !!
04-13 00:42:39.040    81    81 I Kernel  : [45397.715164].(0)[81:bat_thread_kthr]array_size = 51 
04-13 00:42:39.040    81    81 I Kernel  : [45397.716226].(0)[81:bat_thread_kthr]charging_reset_watch_dog_timer
04-13 00:42:39.050    81    81 I Kernel  : [45397.729748].(0)[81:bat_thread_kthr][BATTERY] Default CC mode charging : 150000, input current = 150000
04-13 00:42:39.050    81    81 I Kernel  : [45397.729772].(0)[81:bat_thread_kthr]array_size = 8 
04-13 00:42:39.050    81    81 I Kernel  : [45397.731408].(0)[81:bat_thread_kthr]array_size = 28 
04-13 00:42:39.075 22927 22963 I native-activity: Swap 227 time is 22.732ms
04-13 00:42:39.075 22927 22963 I native-activity: Animating
04-13 00:42:39.077 22927 22963 I native-activity: Frame 228 GL error is 0x0
04-13 00:42:39.077 22927 22963 I native-activity: Frame 228 time is 1.738ms
04-13 00:42:39.060    81    81 I Kernel  : [45397.736149].(0)[81:bat_thread_kthr]charging_dump_register
04-13 00:42:39.060    81    81 I Kernel  : [45397.736646].(0)[81:bat_thread_kthr][bq24296_dump_register] Reg[0x0]=0x45
04-13 00:42:39.060    81    81 I Kernel  : [45397.737151].(0)[81:bat_thread_kthr][bq24296_dump_register] Reg[0x1]=0x1B
04-13 00:42:39.060    81    81 I Kernel  : [45397.737667].(0)[81:bat_thread_kthr][bq24296_dump_register] Reg[0x2]=0x3C
04-13 00:42:39.060    81    81 I Kernel  : [45397.738180].(0)[81:bat_thread_kthr][bq24296_dump_register] Reg[0x3]=0x30
04-13 00:42:39.060    81    81 I Kernel  : [45397.738685].(0)[81:bat_thread_kthr][bq24296_dump_register] Reg[0x4]=0xB2
04-13 00:42:39.060    81    81 I Kernel  : [45397.739216].(0)[81:bat_thread_kthr][bq24296_dump_register] Reg[0x5]=0x94
04-13 00:42:39.060    81    81 I Kernel  : [45397.739723].(0)[81:bat_thread_kthr][bq24296_dump_register] Reg[0x6]=0x73
04-13 00:42:39.060    81    81 I Kernel  : [45397.740270].(0)[81:bat_thread_kthr][bq24296_dump_register] Reg[0x7]=0x48
04-13 00:42:39.060    81    81 I Kernel  : [45397.740767].(0)[81:bat_thread_kthr][bq24296_dump_register] Reg[0x8]=0x64
04-13 00:42:39.060    81    81 I Kernel  : [45397.741260].(0)[81:bat_thread_kthr][bq24296_dump_register] Reg[0x9]=0x0
04-13 00:42:39.070    81    81 I Kernel  : [45397.742096].(0)[81:bat_thread_kthr][bq24296_dump_register] Reg[0xA]=0x20
04-13 00:42:39.084   143   315 I hwcomposer: [DPY] UEventThread::threadLoop recv change@/devices/platform/battery/power_supply/battery
04-13 00:42:39.070    81    81 I Kernel  : [45397.744446].(0)[81:bat_thread_kthr][100percent],UI_SOC = 99
04-13 00:42:39.070    81    81 I Kernel  : [45397.744475].(0)[81:bat_thread_kthr]UI_SOC=(100), resetBatteryMeter=(0)
04-13 00:42:39.070    81    81 I Kernel  : [45397.744704].(0)[81:bat_thread_kthr][mt_kpoc_power_off_check] , chr_vol=4579, boot_mode=0
04-13 00:42:39.070   139   139 I Kernel  : [45397.746431].(0)[139:healthd]healthd: battery l=100 v=4203 t=24.0 h=2 st=5 chg=u
04-13 00:42:39.097 22927 22963 I native-activity: Swap 228 time is 21.716ms
04-13 00:42:39.097 22927 22963 I native-activity: Animating
04-13 00:42:39.080    82    82 I Kernel  : [45397.761403].(0)[82:mtk charger_hv_]charging_reset_watch_dog_timer
04-13 00:42:39.100 22927 22963 I native-activity: Frame 229 GL error is 0x0
04-13 00:42:39.100 22927 22963 I native-activity: Frame 229 time is 3.108ms
04-13 00:42:39.090    82    82 I Kernel  : [45397.763643].(0)[82:mtk charger_hv_]array_size = 16 
04-13 00:42:39.120 22927 22963 I native-activity: Swap 229 time is 22.981ms
04-13 00:42:39.120 22927 22963 I native-activity: Animating
04-13 00:42:39.123 22927 22963 I native-activity: Frame 230 GL error is 0x0
04-13 00:42:39.123 22927 22963 I native-activity: Frame 230 time is 3.236ms
04-13 00:42:39.144 22927 22963 I native-activity: Swap 230 time is 23.500ms
04-13 00:42:39.144 22927 22963 I native-activity: Animating
04-13 00:42:39.147 22927 22963 I native-activity: Frame 231 GL error is 0x0
04-13 00:42:39.147 22927 22963 I native-activity: Frame 231 time is 2.997ms
04-13 00:42:39.167 22927 22963 I native-activity: Swap 231 time is 23.449ms
04-13 00:42:39.167 22927 22963 I native-activity: Animating
04-13 00:42:39.327 22927 22963 I native-activity: Frame 232 GL error is 0x500
04-13 00:42:39.327 22927 22963 I native-activity: Frame 232 time is 159.526ms
04-13 00:42:39.340 22927 22963 I native-activity: Swap 232 time is 173.017ms
04-13 00:42:39.341 22927 22963 I native-activity: Animating
04-13 00:42:39.453 22927 22963 I native-activity: Frame 233 GL error is 0x501
04-13 00:42:39.453 22927 22963 I native-activity: Frame 233 time is 112.870ms
04-13 00:42:39.467 22927 22963 I native-activity: Swap 233 time is 126.337ms
04-13 00:42:39.467 22927 22963 I native-activity: Animating
04-13 00:42:39.469 22927 22963 I native-activity: Frame 234 GL error is 0x0
04-13 00:42:39.469 22927 22963 I native-activity: Frame 234 time is 1.509ms
04-13 00:42:39.482 22927 22963 I native-activity: Swap 234 time is 14.780ms
04-13 00:42:39.482 22927 22963 I native-activity: Animating
04-13 00:42:39.483 22927 22963 I native-activity: Frame 235 GL error is 0x0
04-13 00:42:39.483 22927 22963 I native-activity: Frame 235 time is 0.849ms
04-13 00:42:39.496 22927 22963 I native-activity: Swap 235 time is 14.166ms
04-13 00:42:39.496 22927 22963 I native-activity: Animating
04-13 00:42:39.497 22927 22963 I native-activity: Frame 236 GL error is 0x0
04-13 00:42:39.497 22927 22963 I native-activity: Frame 236 time is 0.840ms
04-13 00:42:39.511 22927 22963 I native-activity: Swap 236 time is 14.249ms
04-13 00:42:39.511 22927 22963 I native-activity: Animating
04-13 00:42:39.513 22927 22963 I native-activity: Frame 237 GL error is 0x0
04-13 00:42:39.513 22927 22963 I native-activity: Frame 237 time is 1.909ms
04-13 00:42:39.527 22927 22963 I native-activity: Swap 237 time is 15.789ms
04-13 00:42:39.527 22927 22963 I native-activity: Animating
04-13 00:42:39.528 22927 22963 I native-activity: Frame 238 GL error is 0x0
04-13 00:42:39.528 22927 22963 I native-activity: Frame 238 time is 1.432ms
04-13 00:42:39.542 22927 22963 I native-activity: Swap 238 time is 15.298ms
04-13 00:42:39.542 22927 22963 I native-activity: Animating
04-13 00:42:39.544 22927 22963 I native-activity: Frame 239 GL error is 0x0
04-13 00:42:39.544 22927 22963 I native-activity: Frame 239 time is 1.479ms
04-13 00:42:39.557 22927 22963 I native-activity: Swap 239 time is 15.275ms
04-13 00:42:39.558 22927 22963 I native-activity: Animating
04-13 00:42:39.786 22927 22963 I native-activity: Frame 240 GL error is 0x500
04-13 00:42:39.786 22927 22963 I native-activity: Frame 240 time is 227.987ms
04-13 00:42:39.799 22927 22963 I native-activity: Swap 240 time is 241.286ms
04-13 00:42:39.799 22927 22963 I native-activity: Animating
04-13 00:42:39.948 22927 22963 I native-activity: Frame 241 GL error is 0x501
04-13 00:42:39.948 22927 22963 I native-activity: Frame 241 time is 149.364ms
04-13 00:42:39.962 22927 22963 I native-activity: Swap 241 time is 162.707ms
04-13 00:42:39.962 22927 22963 I native-activity: Animating
04-13 00:42:39.980 22927 22963 I native-activity: Frame 242 GL error is 0x0
04-13 00:42:39.980 22927 22963 I native-activity: Frame 242 time is 18.140ms
04-13 00:42:39.993 22927 22963 I native-activity: Swap 242 time is 31.307ms
04-13 00:42:39.993 22927 22963 I native-activity: Animating
04-13 00:42:39.980  2137  2137 I Kernel  : [45398.655363][wlan] nicTxReleaseResource: (TX STATE)
04-13 00:42:39.980  2137  2137 I Kernel  : Release: TC4 count 1, Free=4; TC5 count 0, Free=4
04-13 00:42:39.980  2159  2159 I Kernel  : [45398.656719].(0)[2159:wpa_supplicant]poorlink get state G(361659)F(49)dbad(0)dretry(0)LT(405)RT(-79)W(0)(12228)
04-13 00:42:39.980  2137  2137 I Kernel  : [45398.658459][wlan] nicTxReleaseResource: (TX STATE)
04-13 00:42:39.980  2137  2137 I Kernel  : Release: TC4 count 1, Free=4; TC5 count 0, Free=4
04-13 00:42:40.005 22927 22963 I native-activity: Frame 243 GL error is 0x0
04-13 00:42:40.005 22927 22963 I native-activity: Frame 243 time is 11.315ms
04-13 00:42:40.019 22927 22963 I native-activity: Swap 243 time is 25.180ms
04-13 00:42:40.019 22927 22963 I native-activity: Animating
04-13 00:42:40.026 22927 22963 I native-activity: Frame 244 GL error is 0x0
04-13 00:42:40.026 22927 22963 I native-activity: Frame 244 time is 6.964ms
04-13 00:42:40.039 22927 22963 I native-activity: Swap 244 time is 20.433ms
04-13 00:42:40.039 22927 22963 I native-activity: Animating
04-13 00:42:40.072 22927 22963 I native-activity: Frame 245 GL error is 0x0
04-13 00:42:40.072 22927 22963 I native-activity: Frame 245 time is 32.880ms
04-13 00:42:40.093 22927 22963 I native-activity: Swap 245 time is 53.787ms
04-13 00:42:40.093 22927 22963 I native-activity: Animating
04-13 00:42:40.090    82    82 I Kernel  : [45398.763836].(0)[82:mtk charger_hv_]charging_reset_watch_dog_timer
04-13 00:42:40.090    82    82 I Kernel  : [45398.764854].(0)[82:mtk charger_hv_]array_size = 16 
04-13 00:42:40.133 22927 22963 I native-activity: Frame 246 GL error is 0x500
04-13 00:42:40.133 22927 22963 I native-activity: Frame 246 time is 39.305ms
04-13 00:42:40.153 22927 22963 I native-activity: Swap 246 time is 59.850ms
04-13 00:42:40.153 22927 22963 I native-activity: Animating
04-13 00:42:40.174 22927 22963 I native-activity: Frame 247 GL error is 0x501
04-13 00:42:40.174 22927 22963 I native-activity: Frame 247 time is 20.685ms
04-13 00:42:40.196 22927 22963 I native-activity: Swap 247 time is 42.454ms
04-13 00:42:40.196 22927 22963 I native-activity: Animating
04-13 00:42:40.205 22927 22963 I native-activity: Frame 248 GL error is 0x0
04-13 00:42:40.205 22927 22963 I native-activity: Frame 248 time is 9.085ms
04-13 00:42:40.228 22927 22963 I native-activity: Swap 248 time is 31.579ms
04-13 00:42:40.228 22927 22963 I native-activity: Animating
04-13 00:42:40.269 22927 22963 I native-activity: Frame 249 GL error is 0x500
04-13 00:42:40.269 22927 22963 I native-activity: Frame 249 time is 40.934ms
04-13 00:42:40.291 22927 22963 I native-activity: Swap 249 time is 63.239ms
04-13 00:42:40.291 22927 22963 I native-activity: Animating
04-13 00:42:40.312 22927 22963 I native-activity: Frame 250 GL error is 0x0
04-13 00:42:40.312 22927 22963 I native-activity: Frame 250 time is 21.168ms
04-13 00:42:40.334 22927 22963 I native-activity: Swap 250 time is 43.173ms
04-13 00:42:40.335 22927 22963 I native-activity: Animating
04-13 00:42:40.356 22927 22963 I native-activity: Frame 251 GL error is 0x500
04-13 00:42:40.356 22927 22963 I native-activity: Frame 251 time is 21.393ms
04-13 00:42:40.378 22927 22963 I native-activity: Swap 251 time is 43.534ms
04-13 00:42:40.378 22927 22963 I native-activity: Animating
04-13 00:42:40.401 22927 22963 I native-activity: Frame 252 GL error is 0x501
04-13 00:42:40.401 22927 22963 I native-activity: Frame 252 time is 23.116ms
04-13 00:42:40.427 22927 22963 I native-activity: Swap 252 time is 48.718ms
04-13 00:42:40.427 22927 22963 I native-activity: Animating
04-13 00:42:40.439 22927 22963 I native-activity: Frame 253 GL error is 0x0
04-13 00:42:40.439 22927 22963 I native-activity: Frame 253 time is 11.946ms
04-13 00:42:40.465 22927 22963 I native-activity: Swap 253 time is 37.244ms
04-13 00:42:40.465 22927 22963 I native-activity: Animating
04-13 00:42:40.478 22927 22963 I native-activity: Frame 254 GL error is 0x0
04-13 00:42:40.479 22927 22963 I native-activity: Frame 254 time is 13.808ms
04-13 00:42:40.504 22927 22963 I native-activity: Swap 254 time is 39.021ms
04-13 00:42:40.504 22927 22963 I native-activity: Animating
04-13 00:42:40.518 22927 22963 I native-activity: Frame 255 GL error is 0x0
04-13 00:42:40.518 22927 22963 I native-activity: Frame 255 time is 14.333ms
04-13 00:42:40.544 22927 22963 I native-activity: Swap 255 time is 39.575ms
04-13 00:42:40.544 22927 22963 I native-activity: Animating
04-13 00:42:40.563 22927 22963 I native-activity: Frame 256 GL error is 0x0
04-13 00:42:40.563 22927 22963 I native-activity: Frame 256 time is 19.320ms
04-13 00:42:40.588 22927 22963 I native-activity: Swap 256 time is 44.514ms
04-13 00:42:40.588 22927 22963 I native-activity: Animating
04-13 00:42:40.604 22927 22963 I native-activity: Frame 257 GL error is 0x0
04-13 00:42:40.604 22927 22963 I native-activity: Frame 257 time is 15.246ms
04-13 00:42:40.629 22927 22963 I native-activity: Swap 257 time is 40.652ms
04-13 00:42:40.629 22927 22963 I native-activity: Animating
04-13 00:42:40.646 22927 22963 I native-activity: Frame 258 GL error is 0x0
04-13 00:42:40.646 22927 22963 I native-activity: Frame 258 time is 17.089ms
04-13 00:42:40.652 20692 20755 I AmazonCMS: CMS is no longer being used, shutting down...
04-13 00:42:40.656 20692 20755 D AmazonCMS: Reconciler closing
04-13 00:42:40.672 22927 22963 I native-activity: Swap 258 time is 42.658ms
04-13 00:42:40.672 22927 22963 I native-activity: Animating
04-13 00:42:40.685 22927 22963 I native-activity: Context 0xb91ba208 made current on surface 0xb91ad298, error 0x3000
04-13 00:42:40.685 22927 22963 I native-activity: GL information
04-13 00:42:40.685 22927 22963 I native-activity: 	Renderer: Mali-450 MP
04-13 00:42:40.685 22927 22963 I native-activity: 	Vendor: ARM
04-13 00:42:40.685 22927 22963 I native-activity: 	Version: OpenGL ES 2.0
04-13 00:42:40.685 22927 22963 I native-activity: 	Shading Language: OpenGL ES GLSL ES 1.00
04-13 00:42:40.685 22927 22963 I native-activity: 	Extensions: GL_EXT_debug_marker GL_OES_texture_npot GL_OES_compressed_ETC1_RGB8_texture GL_OES_standard_derivatives GL_OES_EGL_image GL_OES_depth24 GL_ARM_rgba8 GL_ARM_mali_shader_binary GL_OES_depth_texture GL_OES_packed_depth_stencil GL_EXT_texture_format_BGRA8888 GL_OES_vertex_half_float GL_EXT_blend_minmax GL_OES_EGL_image_external GL_OES_EGL_sync GL_OES_rgb8_rgba8 GL_EXT_multisampled_render_to_texture GL_EXT_discard_framebuffer GL_OES_get_program_binary GL_ARM_mali_program_binary GL_EXT_shader_texture_lod GL_EXT_robustness GL_OES_depth_texture_cube_map GL_KHR_debug 
04-13 00:42:40.686 22927 22963 I native-activity: Context 0xb91ba208 made current on surface 0xb91ad298, error 0x3000
04-13 00:42:40.686 22927 22963 I native-activity: GL information
04-13 00:42:40.686 22927 22963 I native-activity: 	Renderer: Mali-450 MP
04-13 00:42:40.686 22927 22963 I native-activity: 	Vendor: ARM
04-13 00:42:40.686 22927 22963 I native-activity: 	Version: OpenGL ES 2.0
04-13 00:42:40.686 22927 22963 I native-activity: 	Shading Language: OpenGL ES GLSL ES 1.00
04-13 00:42:40.686 22927 22963 I native-activity: 	Extensions: GL_EXT_debug_marker GL_OES_texture_npot GL_OES_compressed_ETC1_RGB8_texture GL_OES_standard_derivatives GL_OES_EGL_image GL_OES_depth24 GL_ARM_rgba8 GL_ARM_mali_shader_binary GL_OES_depth_texture GL_OES_packed_depth_stencil GL_EXT_texture_format_BGRA8888 GL_OES_vertex_half_float GL_EXT_blend_minmax GL_OES_EGL_image_external GL_OES_EGL_sync GL_OES_rgb8_rgba8 GL_EXT_multisampled_render_to_texture GL_EXT_discard_framebuffer GL_OES_get_program_binary GL_ARM_mali_program_binary GL_EXT_shader_texture_lod GL_EXT_robustness GL_OES_depth_texture_cube_map GL_KHR_debug 
04-13 00:42:40.686 22927 22963 I native-activity: Frame 259 GL error is 0x501
04-13 00:42:40.686 22927 22963 I native-activity: Frame 259 time is 13.511ms
04-13 00:42:40.680     0     0 I Kernel  : [45399.358335]-(0)[0:swapper/0]dpi vsync
04-13 00:42:40.711 22927 22963 I native-activity: Swap 259 time is 38.237ms
04-13 00:42:40.711 22927 22963 I native-activity: Animating
04-13 00:42:40.726 22927 22963 I native-activity: Frame 260 GL error is 0x500
04-13 00:42:40.726 22927 22963 I native-activity: Frame 260 time is 15.041ms
04-13 00:42:40.751 22927 22963 I native-activity: Swap 260 time is 40.382ms
04-13 00:42:40.751 22927 22963 I native-activity: Animating
04-13 00:42:40.769 22927 22963 I native-activity: Frame 261 GL error is 0x0
04-13 00:42:40.769 22927 22963 I native-activity: Frame 261 time is 18.129ms
04-13 00:42:40.794 22927 22963 I native-activity: Swap 261 time is 43.063ms
04-13 00:42:40.795 22927 22963 I native-activity: Animating
04-13 00:42:40.796   917  2201 I PackageRecencyUtils: Waiting for idle
04-13 00:42:40.796   917  2201 I Vlog    : package_recency:broadcast_notification:fgtracking=false;DV;1,key=time_in_queue;DV;1,Timer=5001.0;TI;1,unit=ms;DV;1:HI
04-13 00:42:40.804   917  2114 D ActivityManager: single user service: com.amazon.kindle.cms
04-13 00:42:40.809   917  2114 D ActivityManager: app = com.amazon.kindle.cms, has single user service, setting process record.
04-13 00:42:40.809 22927 22963 I native-activity: Frame 262 GL error is 0x0
04-13 00:42:40.809 22927 22963 I native-activity: Frame 262 time is 14.536ms
04-13 00:42:40.820 20692 20755 D AmazonCMS: MaintenanceService.onStartCommand
04-13 00:42:40.826 20692 20755 D AmazonCMS: CMS activity level changed, active: true
04-13 00:42:40.827 20692 20755 D AmazonCMS: Received intent: 'com.amazon.action.PACKAGE_RECENCY_NOTIFICATION'
04-13 00:42:40.835 22927 22963 I native-activity: Swap 262 time is 40.337ms
04-13 00:42:40.835 22927 22963 I native-activity: Animating
04-13 00:42:40.836 20692 20755 D AmazonCMS: Reconciler created
04-13 00:42:40.837 20692 20755 E AmazonCMS: IO Exception while parsing xml
04-13 00:42:40.843 20692 20755 D AmazonCMS: SourcesManager: registering source 'com.amazon.kindle.cms.app_manager' for user '*****' in profile '0'
04-13 00:42:40.846 20692 20755 D AmazonCMS: Cards are enabled, initializing card producer
04-13 00:42:40.852 20692 20755 D AmazonCMS: SourcesManager: registering source 'com.amazon.kindle.cms.collection_manager' for user '*****' in profile '0'
04-13 00:42:40.855 22927 22963 I native-activity: Frame 263 GL error is 0x0
04-13 00:42:40.855 22927 22963 I native-activity: Frame 263 time is 19.417ms
04-13 00:42:40.862 20692 20755 D AmazonCMS: CMS activity level changed, active: false
04-13 00:42:40.873 20692 20755 D AmazonCMS: notified to profile 0 with com.amazon.kindle.cms.STARTUP, Bundle[{profile_id=0, version=2.1.0.10}]
04-13 00:42:40.874 20692 20755 D AmazonCMS: CollectionSyncManager: user ***** is not connected for DELTA_SYNC sync. Disconnecting and reconnecting.
04-13 00:42:40.875 20692 20755 V AmazonCMS: SyncClient - Client is not connected; unable to disconnect.
04-13 00:42:40.876 20692 20755 D AmazonCMS: SyncClient - Connecting as user *****
04-13 00:42:40.878 20692 20755 V AmazonCMS: SubscriptionManager - Subscribing to dataset [*****] in namespace [*****]
04-13 00:42:40.879 20692 20755 V AmazonCMS: Subscribing to namespace: [*****]
04-13 00:42:40.880 22927 22963 I native-activity: Swap 263 time is 44.842ms
04-13 00:42:40.880 22927 22963 I native-activity: Animating
04-13 00:42:40.880 20692 20755 V AmazonCMS: Subscribing to namespace: [*****]
04-13 00:42:40.890 22927 22963 I native-activity: Frame 264 GL error is 0x0
04-13 00:42:40.890 22927 22963 I native-activity: Frame 264 time is 9.743ms
04-13 00:42:40.915 20692 21002 I DCP     : Sending 0 dataset update for 'CloudCollections' namespace
04-13 00:42:40.915 22927 22963 I native-activity: Swap 264 time is 35.023ms
04-13 00:42:40.915 22927 22963 I native-activity: Animating
04-13 00:42:40.923 22927 22963 I native-activity: Frame 265 GL error is 0x0
04-13 00:42:40.923 22927 22963 I native-activity: Frame 265 time is 7.807ms
04-13 00:42:40.949 22927 22963 I native-activity: Swap 265 time is 33.092ms
04-13 00:42:40.949 22927 22963 I native-activity: Animating
04-13 00:42:40.959 22927 22963 I native-activity: Frame 266 GL error is 0x0
04-13 00:42:40.959 22927 22963 I native-activity: Frame 266 time is 10.463ms
04-13 00:42:40.985 22927 22963 I native-activity: Swap 266 time is 35.815ms
04-13 00:42:40.985 22927 22963 I native-activity: Animating
04-13 00:42:40.992 20692 21116 I DCP     : Sending 0 dataset update for 'CloudCollections' namespace
04-13 00:42:40.995 22927 22963 I native-activity: Frame 267 GL error is 0x0
04-13 00:42:40.995 22927 22963 I native-activity: Frame 267 time is 10.305ms
04-13 00:42:41.020 22927 22963 I native-activity: Swap 267 time is 35.345ms
04-13 00:42:41.020 22927 22963 I native-activity: Animating
04-13 00:42:41.030 22927 22963 I native-activity: Frame 268 GL error is 0x0
04-13 00:42:41.030 22927 22963 I native-activity: Frame 268 time is 9.581ms
04-13 00:42:41.030 20692 20755 D AmazonCMS: Package com.android.music has been suppressed for user *****
04-13 00:42:41.055 22927 22963 I native-activity: Swap 268 time is 34.948ms
04-13 00:42:41.055 22927 22963 I native-activity: Animating
04-13 00:42:41.070 22927 22963 I native-activity: Frame 269 GL error is 0x0
04-13 00:42:41.070 22927 22963 I native-activity: Frame 269 time is 14.394ms
04-13 00:42:41.083 20692 21151 I DCP     : [JsonCallExecutor][CallExecutor][1106cc84-3bfa-4d80-be59-ce2b5a546a3f][Auth]GET https://api.amazon.com/whispersync/v2/data/amzn1.account.XXXX/datasets/5c2c14d1-40b0-4a6f-9333-1f84f1367d03/records?after=1  (attempt 1)
04-13 00:42:41.084   917  1051 D WifiService: acquireWifiLockLocked: WifiLock{com.amazon.dcp.framework.iuc.ConnectionEstablisherWithConnectivityEnforcement type=1 binder=android.os.BinderProxy@1a9bd54f}
04-13 00:42:41.092 20692 22996 I com.amazon.dcp.framework.ConnectivityEnforcer: Network with type -1 is already connected
04-13 00:42:41.095 22927 22963 I native-activity: Swap 269 time is 39.799ms
04-13 00:42:41.095 22927 22963 I native-activity: Animating
04-13 00:42:41.090    82    82 I Kernel  : [45399.764946].(0)[82:mtk charger_hv_]charging_reset_watch_dog_timer
04-13 00:42:41.090    82    82 I Kernel  : [45399.765900].(0)[82:mtk charger_hv_]array_size = 16 
04-13 00:42:41.111 22927 22963 I native-activity: Frame 270 GL error is 0x0
04-13 00:42:41.111 22927 22963 I native-activity: Frame 270 time is 15.923ms
04-13 00:42:41.119   917  2114 D ActivityManager: single user service: com.amazon.imp
04-13 00:42:41.120   917  2114 D ActivityManager: app = com.amazon.imp, has single user service, setting process record.
04-13 00:42:41.134 20692 20755 D AmazonCMS: Package com.android.providers.downloads.ui has been suppressed for user *****
04-13 00:42:41.136 22927 22963 I native-activity: Swap 270 time is 40.718ms
04-13 00:42:41.136 22927 22963 I native-activity: Animating
04-13 00:42:41.154 22927 22963 I native-activity: Frame 271 GL error is 0x0
04-13 00:42:41.154 22927 22963 I native-activity: Frame 271 time is 17.697ms
04-13 00:42:41.166 20692 20755 D AmazonCMS: notified to profile 0 with com.amazon.kindle.cms.CONTENT_UPDATE, Bundle[{item_type=kindle.content.apps, profile_id=0, status=0, urgent_flag=1, version=2.1.0.10, last_access_date=1492069355270, location=0, item_id=1352}]
04-13 00:42:41.169 20692 20755 V AmazonCMS: CardBroadcastReceiver - received intent com.amazon.kindle.cms.CONTENT_UPDATE
04-13 00:42:41.179 22927 22963 I native-activity: Swap 271 time is 43.109ms
04-13 00:42:41.180 22927 22963 I native-activity: Animating
04-13 00:42:41.170 21409 21409 I Kernel  : [45399.842643].(0)[21409:kworker/0:1H]regs_hotplug_callback cpu = 2
04-13 00:42:41.170    15    15 I Kernel  : [45399.849150]-(2)[15:migration/2][Power/hotplug] platform_cpu_disable, cpu: 2
04-13 00:42:41.170    15    15 I Kernel  : [45399.849441]-(2)[15:migration/2]regs_hotplug_callback cpu = 2
04-13 00:42:41.170     0     0 I Kernel  : [45399.849514]-(2)[0:swapper/2][Power/hotplug] platform_cpu_die, cpu: 2
04-13 00:42:41.170 21409 21409 I Kernel  : [45399.850562].(0)[21409:kworker/0:1H]CPU2: shutdown
04-13 00:42:41.170 21409 21409 I Kernel  : [45399.850626].(0)[21409:kworker/0:1H][Power/hotplug] platform_cpu_kill, cpu: 2
04-13 00:42:41.170 21409 21409 I Kernel  : [45399.851112].(0)[21409:kworker/0:1H]regs_hotplug_callback cpu = 2
04-13 00:42:41.170 21409 21409 I Kernel  : [45399.851382].(0)[21409:kworker/0:1H][WDK]cpu 2 plug off, kick wdt
04-13 00:42:41.170 21409 21409 I Kernel  : [45399.851471].(0)[21409:kworker/0:1H]regs_hotplug_callback cpu = 2
04-13 00:42:41.196 22927 22963 I native-activity: Frame 272 GL error is 0x0
04-13 00:42:41.196 22927 22963 I native-activity: Frame 272 time is 16.339ms
04-13 00:42:41.210 20692 20755 D AmazonCMS: Read 2 card ids from the cache for producer com.amazon.kindle.cms.card.producer.NEWSSTAND in profile 0
04-13 00:42:41.217   917  1762 D ActivityManager: single user service: com.amazon.kindle.cms
04-13 00:42:41.223 22927 22963 I native-activity: Swap 272 time is 43.121ms
04-13 00:42:41.223 22927 22963 I native-activity: Animating
04-13 00:42:41.231   917  1762 D ActivityManager: app = com.amazon.kindle.cms, has single user service, setting process record.
04-13 00:42:41.237 22927 22963 I native-activity: Frame 273 GL error is 0x0
04-13 00:42:41.237 22927 22963 I native-activity: Frame 273 time is 13.874ms
04-13 00:42:41.244 20692 20755 I AmazonCMS: CMSService waking up, a client has bound
04-13 00:42:41.262 22927 22963 I native-activity: Swap 273 time is 38.950ms
04-13 00:42:41.262 22927 22963 I native-activity: Animating
04-13 00:42:41.285 22927 22963 I native-activity: Frame 274 GL error is 0x501
04-13 00:42:41.285 22927 22963 I native-activity: Frame 274 time is 22.758ms
04-13 00:42:41.310 22927 22963 I native-activity: Swap 274 time is 47.899ms
04-13 00:42:41.310 22927 22963 I native-activity: Animating
04-13 00:42:41.324 22927 22963 I native-activity: Frame 275 GL error is 0x0
04-13 00:42:41.324 22927 22963 I native-activity: Frame 275 time is 14.321ms
04-13 00:42:41.328 20692 20755 D AmazonCMS: CMS activity level changed, active: true
04-13 00:42:41.320 21409 21409 I Kernel  : [45399.991991].(0)[21409:kworker/0:1H]regs_hotplug_callback cpu = 2
04-13 00:42:41.320 21409 21409 I Kernel  : [45399.992074].(0)[21409:kworker/0:1H]Boot slave CPU
04-13 00:42:41.320 21409 21409 I Kernel  : [45399.992089].(0)[21409:kworker/0:1H][Power/hotplug] boot_secondary, cpu: 2
04-13 00:42:41.320 21409 21409 I Kernel  : [45399.992102].(0)[21409:kworker/0:1H][Power/hotplug] SLAVE2_MAGIC_NUM:4c415332
04-13 00:42:41.320 21409 21409 I Kernel  : [45399.992114].(0)[21409:kworker/0:1H]mt_wakeup_cpu: not first boot!(2)
04-13 00:42:41.320     0     0 I Kernel  : [45399.992334]-(2)[0:swapper/2]CPU2: Booted secondary processor
04-13 00:42:41.320     0     0 I Kernel  : [45399.992358]-(2)[0:swapper/2][Power/hotplug] platform_secondary_init, cpu: 2
04-13 00:42:41.320     0     0 I Kernel  : [45399.992518]-(2)[0:swapper/2]WD wd_cpu_hot_plug_on_notify kick ext wd
04-13 00:42:41.320     0     0 I Kernel  : [45399.992553]-(2)[0:swapper/2]regs_hotplug_callback cpu = 2
04-13 00:42:41.320 21409 21409 I Kernel  : [45399.992960].(0)[21409:kworker/0:1H]regs_hotplug_callback cpu = 2
04-13 00:42:41.320 21409 21409 I Kernel  : [45399.993066].(0)[21409:kworker/0:1H][wdk]bind kicker thread[87] to cpu[2]
04-13 00:42:41.320 21409 21409 I Kernel  : [45399.993444].(0)[21409:kworker/0:1H][WDK]cpu 2 plug on kick wdt
04-13 00:42:41.320 21409 21409 I Kernel  : [45399.993514].(0)[21409:kworker/0:1H]regs_hotplug_callback cpu = 3
04-13 00:42:41.320 21409 21409 I Kernel  : [45399.993581].(0)[21409:kworker/0:1H]Boot slave CPU
04-13 00:42:41.320 21409 21409 I Kernel  : [45399.993594].(0)[21409:kworker/0:1H][Power/hotplug] boot_secondary, cpu: 3
04-13 00:42:41.320 21409 21409 I Kernel  : [45399.993608].(0)[21409:kworker/0:1H][Power/hotplug] SLAVE3_MAGIC_NUM:41534c33
04-13 00:42:41.320 21409 21409 I Kernel  : [45399.993620].(0)[21409:kworker/0:1H]mt_wakeup_cpu: not first boot!(3)
04-13 00:42:41.320     0     0 I Kernel  : [45399.993848]-(3)[0:swapper/3]CPU3: Booted secondary processor
04-13 00:42:41.320     0     0 I Kernel  : [45399.993872]-(3)[0:swapper/3][Power/hotplug] platform_secondary_init, cpu: 3
04-13 00:42:41.320     0     0 I Kernel  : [45399.994013]-(3)[0:swapper/3]WD wd_cpu_hot_plug_on_notify kick ext wd
04-13 00:42:41.320     0     0 I Kernel  : [45399.994044]-(3)[0:swapper/3]regs_hotplug_callback cpu = 3
04-13 00:42:41.320 21409 21409 I Kernel  : [45399.994641].(0)[21409:kworker/0:1H]regs_hotplug_callback cpu = 3
04-13 00:42:41.320 21409 21409 I Kernel  : [45399.994752].(0)[21409:kworker/0:1H][wdk]bind kicker thread[88] to cpu[3]
04-13 00:42:41.320 21409 21409 I Kernel  : [45399.994901].(0)[21409:kworker/0:1H][WDK]cpu 3 plug on kick wdt
04-13 00:42:41.345 20692 20755 W AmazonCMS: Delivery card detected for item ***** but no delivery date set
04-13 00:42:41.351 22927 22963 I native-activity: Swap 275 time is 41.193ms
04-13 00:42:41.351 22927 22963 I native-activity: Animating
04-13 00:42:41.359 20692 22999 I F_C.ProducerClientCompa: Producer com.amazon.kindle.cms.card.producer.NEWSSTAND at API version BrazilVersion(1.4).
04-13 00:42:41.365 20692 20755 D AmazonCMS: Creating delivery card with id: *****
04-13 00:42:41.367 20692 20755 D AmazonCMS: CardClient: Pushing 2 cards ***** by producer com.amazon.kindle.cms.card.producer.NEWSSTAND
04-13 00:42:41.368 22927 22963 I native-activity: Frame 276 GL error is 0x0
04-13 00:42:41.368 22927 22963 I native-activity: Frame 276 time is 16.180ms
04-13 00:42:41.384 20692 20755 D AmazonCMS: CMSService is no longer being used, deactivating...
04-13 00:42:41.385 20692 20755 D AmazonCMS: CMS activity level changed, active: false
04-13 00:42:41.389 20692 20755 D AmazonCMS: Package com.amazon.webapp has been suppressed for user *****
04-13 00:42:41.393 22927 22963 I native-activity: Swap 276 time is 41.301ms
04-13 00:42:41.393 22927 22963 I native-activity: Animating
04-13 00:42:41.405 22927 22963 I native-activity: Frame 277 GL error is 0x0
04-13 00:42:41.405 22927 22963 I native-activity: Frame 277 time is 12.045ms
04-13 00:42:41.420 20692 22999 I F_C.ProducerClientCompa: Connected to ServerInfo(CDA Version: BrazilVersion(1.3.108.0), Min. Producer: BrazilVersion(1.0), Delete All: true)
04-13 00:42:41.425 20692 21151 I DCP     : [JsonCallExecutor][CallExecutor][1106cc84-3bfa-4d80-be59-ce2b5a546a3f][Auth]Received response code 200 OK. Total time = 340 ms. Handshake = 74 ms. Upload = 0 ms (0 bytes). Latency = 266 ms. Download = 0 ms (569 bytes).
04-13 00:42:41.426   917  2114 D WifiService: releaseWifiLockLocked: WifiLock{com.amazon.dcp.framework.iuc.ConnectionEstablisherWithConnectivityEnforcement type=1 binder=android.os.BinderProxy@1a9bd54f}
04-13 00:42:41.430 22927 22963 I native-activity: Swap 277 time is 36.976ms
04-13 00:42:41.430 22927 22963 I native-activity: Animating
04-13 00:42:41.431 20623 20639 I F_C.CardAgentSynchroniz: Throttling producer refresh
04-13 00:42:41.431 20623 20639 W F_C.CardProvider: Producer refresh failed
04-13 00:42:41.440 22927 22963 I native-activity: Frame 278 GL error is 0x0
04-13 00:42:41.441 22927 22963 I native-activity: Frame 278 time is 10.456ms
04-13 00:42:41.446   917  2245 W AccountManagerService: insertAccountIntoDatabase: Account {name=default_account, type=amazon.account}, skipping since the account already exists
04-13 00:42:41.452   917  1764 W AccountManagerService: insertAccountIntoDatabase: Account {name=default_account, type=amazon.account}, skipping since the account already exists
04-13 00:42:41.467 22927 22963 I native-activity: Swap 278 time is 36.817ms
04-13 00:42:41.467 22927 22963 I native-activity: Animating
04-13 00:42:41.473 20692 20755 D AmazonCMS: Read 12 card ids from the cache for producer com.amazon.kindle.cms.card.producer.APPS in profile 0
04-13 00:42:41.480   917  2109 W AccountManagerService: insertAccountIntoDatabase: Account {name=default_account, type=amazon.account}, skipping since the account already exists
04-13 00:42:41.482 22927 22963 I native-activity: Frame 279 GL error is 0x0
04-13 00:42:41.482 22927 22963 I native-activity: Frame 279 time is 14.589ms
04-13 00:42:41.490 20692 20755 D AmazonCMS: Creating recent card with id: *****
04-13 00:42:41.497   917 25027 W AccountManagerService: insertAccountIntoDatabase: Account {name=default_account, type=amazon.account}, skipping since the account already exists
04-13 00:42:41.505 20692 20755 D AmazonCMS: Creating recent card with id: *****
04-13 00:42:41.507 22927 22963 I native-activity: Swap 279 time is 39.462ms
04-13 00:42:41.507 22927 22963 I native-activity: Animating
04-13 00:42:41.517 22927 22963 I native-activity: Frame 280 GL error is 0x0
04-13 00:42:41.517 22927 22963 I native-activity: Frame 280 time is 10.219ms
04-13 00:42:41.522 20692 20755 D AmazonCMS: Creating recent card with id: *****
04-13 00:42:41.532 20692 20755 D AmazonCMS: Creating recent card with id: *****
04-13 00:42:41.542 22927 22963 I native-activity: Swap 280 time is 35.159ms
04-13 00:42:41.542 22927 22963 I native-activity: Animating
04-13 00:42:41.550 20692 20755 D AmazonCMS: Creating recent card with id: *****
04-13 00:42:41.552 22927 22963 I native-activity: Frame 281 GL error is 0x0
04-13 00:42:41.552 22927 22963 I native-activity: Frame 281 time is 9.876ms
04-13 00:42:41.568 20692 20755 D AmazonCMS: AppManager - Number of packages with launch activities found 34
04-13 00:42:41.570 20692 20755 D AmazonCMS: Creating recent card with id: *****
04-13 00:42:41.577 22927 22963 I native-activity: Swap 281 time is 35.050ms
04-13 00:42:41.577 22927 22963 I native-activity: Animating
04-13 00:42:41.584 20692 20755 D AmazonCMS: Creating recent card with id: *****
04-13 00:42:41.588 22927 22963 I native-activity: Frame 282 GL error is 0x0
04-13 00:42:41.588 22927 22963 I native-activity: Frame 282 time is 11.067ms
04-13 00:42:41.600 20692 20755 D AmazonCMS: Creating recent card with id: *****
04-13 00:42:41.613 20692 20755 D AmazonCMS: Creating recent card with id: *****
04-13 00:42:41.613 22927 22963 I native-activity: Swap 282 time is 35.792ms
04-13 00:42:41.613 22927 22963 I native-activity: Animating
04-13 00:42:41.622 22927 22963 I native-activity: Frame 283 GL error is 0x0
04-13 00:42:41.622 22927 22963 I native-activity: Frame 283 time is 9.076ms
04-13 00:42:41.630 20692 20755 D AmazonCMS: Creating recent card with id: *****
04-13 00:42:41.642 20692 20755 D AmazonCMS: Creating recent card with id: *****
04-13 00:42:41.648 22927 22963 I native-activity: Swap 283 time is 34.553ms
04-13 00:42:41.648 22927 22963 I native-activity: Animating
04-13 00:42:41.657 22927 22963 I native-activity: Frame 284 GL error is 0x0
04-13 00:42:41.658 22927 22963 I native-activity: Frame 284 time is 9.540ms
04-13 00:42:41.683 22927 22963 I native-activity: Swap 284 time is 34.747ms
04-13 00:42:41.683 22927 22963 I native-activity: Animating
04-13 00:42:41.691 22927 22963 I native-activity: Frame 285 GL error is 0x0
04-13 00:42:41.691 22927 22963 I native-activity: Frame 285 time is 8.246ms
04-13 00:42:41.694 20692 22986 D empty   : Zip: EOCD not found, /system/framework/amazon-ads-registration.jar is not zip
04-13 00:42:41.694 20692 22986 W zipro   : Error opening archive /system/framework/amazon-ads-registration.jar: Invalid file
04-13 00:42:41.694 20692 22986 D asset   : failed to open Zip archive '/system/framework/amazon-ads-registration.jar'
04-13 00:42:41.717 22927 22963 I native-activity: Swap 285 time is 33.787ms
04-13 00:42:41.717 22927 22963 I native-activity: Animating
04-13 00:42:41.723 20692 20755 D AmazonCMS: Performing collection sync type DELTA_SYNC for user *****
04-13 00:42:41.726 20692 20755 V AmazonCMS: SyncClient - [SYNC] Syncing Namespace: [*****]
04-13 00:42:41.726 22927 22963 I native-activity: Frame 286 GL error is 0x0
04-13 00:42:41.726 22927 22963 I native-activity: Frame 286 time is 9.250ms
04-13 00:42:41.747 20692 22999 I F_C.ProducerClientCompa: Producer com.amazon.kindle.cms.card.producer.APPS at API version BrazilVersion(1.4).
04-13 00:42:41.749 20692 20755 D AmazonCMS: CardClient: Pushing 12 cards ***** by producer com.amazon.kindle.cms.card.producer.APPS
04-13 00:42:41.752 22927 22963 I native-activity: Swap 286 time is 34.743ms
04-13 00:42:41.752 22927 22963 I native-activity: Animating
04-13 00:42:41.754 20692 22999 I F_C.ProducerClientCompa: Connected to ServerInfo(CDA Version: BrazilVersion(1.3.108.0), Min. Producer: BrazilVersion(1.0), Delete All: true)
04-13 00:42:41.756 20692 21289 I DCP     : [JsonCallExecutor][CallExecutor][a5d5d7f4-0034-46ef-9feb-5802c7829bc6][Auth]GET https://api.amazon.com/whispersync/v2/data/amzn1.account.XXXX/datasets?after=108  (attempt 1)
04-13 00:42:41.757   917   932 D WifiService: acquireWifiLockLocked: WifiLock{com.amazon.dcp.framework.iuc.ConnectionEstablisherWithConnectivityEnforcement type=1 binder=android.os.BinderProxy@344002e0}
04-13 00:42:41.762 20692 23003 I com.amazon.dcp.framework.ConnectivityEnforcer: Network with type -1 is already connected
04-13 00:42:41.765 22927 22963 I native-activity: Frame 287 GL error is 0x0
04-13 00:42:41.765 22927 22963 I native-activity: Frame 287 time is 12.981ms
04-13 00:42:41.771 20623 20771 I F_C.CardAgentSynchroniz: Throttling producer refresh
04-13 00:42:41.771 20623 20771 W F_C.CardProvider: Producer refresh failed
04-13 00:42:41.782 20692 20755 D AmazonCMS: Cached image for package ***** is out of date with package update time (1480592179000,1480592179000) vs. 1491757634512
04-13 00:42:41.785 20692 20755 D AmazonCMS: loading icons for *****
04-13 00:42:41.785   917  2113 D ActivityManager: single user service: com.amazon.imp
04-13 00:42:41.787   917  2113 D ActivityManager: app = com.amazon.imp, has single user service, setting process record.
04-13 00:42:41.790 22927 22963 I native-activity: Swap 287 time is 37.774ms
04-13 00:42:41.790 22927 22963 I native-activity: Animating
04-13 00:42:41.800 22927 22963 I native-activity: Frame 288 GL error is 0x0
04-13 00:42:41.800 22927 22963 I native-activity: Frame 288 time is 9.959ms
04-13 00:42:41.800 20692 20755 D AmazonCMS: Loaded preloaded image from *****
04-13 00:42:41.809   917  2114 W AccountManagerService: insertAccountIntoDatabase: Account {name=default_account, type=amazon.account}, skipping since the account already exists
04-13 00:42:41.816   917  2175 W AccountManagerService: insertAccountIntoDatabase: Account {name=default_account, type=amazon.account}, skipping since the account already exists
04-13 00:42:41.821   917  1762 W AccountManagerService: insertAccountIntoDatabase: Account {name=default_account, type=amazon.account}, skipping since the account already exists
04-13 00:42:41.825 22927 22963 I native-activity: Swap 288 time is 35.316ms
04-13 00:42:41.825 22927 22963 I native-activity: Animating
04-13 00:42:41.826   917  2115 W AccountManagerService: insertAccountIntoDatabase: Account {name=default_account, type=amazon.account}, skipping since the account already exists
04-13 00:42:41.826 20692 20755 D AmazonCMS: Cached image for package ***** is out of date with package update time (1480592179000,1480592179000) vs. 1491757452118
04-13 00:42:41.833 20692 20755 D AmazonCMS: loading icons for *****
04-13 00:42:41.834   917   932 W AccountManagerService: insertAccountIntoDatabase: Account {name=default_account, type=amazon.account}, skipping since the account already exists
04-13 00:42:41.839 22927 22963 I native-activity: Frame 289 GL error is 0x0
04-13 00:42:41.839 22927 22963 I native-activity: Frame 289 time is 13.275ms
04-13 00:42:41.839   917  2115 W AccountManagerService: insertAccountIntoDatabase: Account {name=default_account, type=amazon.account}, skipping since the account already exists
04-13 00:42:41.843   917 25027 W AccountManagerService: insertAccountIntoDatabase: Account {name=default_account, type=amazon.account}, skipping since the account already exists
04-13 00:42:41.850   917   932 W AccountManagerService: insertAccountIntoDatabase: Account {name=default_account, type=amazon.account}, skipping since the account already exists
04-13 00:42:41.851   917   933 W AccountManagerService: insertAccountIntoDatabase: Account {name=default_account, type=amazon.account}, skipping since the account already exists
04-13 00:42:41.856   917  2115 W AccountManagerService: insertAccountIntoDatabase: Account {name=default_account, type=amazon.account}, skipping since the account already exists
04-13 00:42:41.859   917  2246 W AccountManagerService: insertAccountIntoDatabase: Account {name=default_account, type=amazon.account}, skipping since the account already exists
04-13 00:42:41.863   917  1762 W AccountManagerService: insertAccountIntoDatabase: Account {name=default_account, type=amazon.account}, skipping since the account already exists
04-13 00:42:41.863 22927 22963 I native-activity: Swap 289 time is 38.067ms
04-13 00:42:41.864 22927 22963 I native-activity: Animating
04-13 00:42:41.867   917  1766 W AccountManagerService: insertAccountIntoDatabase: Account {name=default_account, type=amazon.account}, skipping since the account already exists
04-13 00:42:41.871   917  2109 W AccountManagerService: insertAccountIntoDatabase: Account {name=default_account, type=amazon.account}, skipping since the account already exists
04-13 00:42:41.873 22927 22963 I native-activity: Frame 290 GL error is 0x0
04-13 00:42:41.873 22927 22963 I native-activity: Frame 290 time is 9.192ms
04-13 00:42:41.892 20692 20755 D AmazonCMS: Loaded preloaded image from *****
04-13 00:42:41.893 20692 20755 D AmazonCMS: Loaded preloaded image from *****
04-13 00:42:41.895   917  1763 W AccountManagerService: insertAccountIntoDatabase: Account {name=default_account, type=amazon.account}, skipping since the account already exists
04-13 00:42:41.898 22927 22963 I native-activity: Swap 290 time is 34.874ms
04-13 00:42:41.899 22927 22963 I native-activity: Animating
04-13 00:42:41.903 20692 22986 W asset   : Asset path /system/framework/android.amazon.res.jar is neither a directory nor file (type=1).
04-13 00:42:41.903 20692 22986 W ResourcesManager: Asset path '/system/framework/android.amazon.res.jar' does not exist or contains no resources.
04-13 00:42:41.907 22927 22963 I native-activity: Frame 291 GL error is 0x0
04-13 00:42:41.907 22927 22963 I native-activity: Frame 291 time is 8.690ms
04-13 00:42:41.911   917  2114 W AccountManagerService: insertAccountIntoDatabase: Account {name=default_account, type=amazon.account}, skipping since the account already exists
04-13 00:42:41.933 22927 22963 I native-activity: Swap 291 time is 34.399ms
04-13 00:42:41.933 22927 22963 I native-activity: Animating
04-13 00:42:41.943 22927 22963 I native-activity: Frame 292 GL error is 0x0
04-13 00:42:41.943 22927 22963 I native-activity: Frame 292 time is 9.510ms
04-13 00:42:41.968 22927 22963 I native-activity: Swap 292 time is 34.881ms
04-13 00:42:41.968 22927 22963 I native-activity: Animating
04-13 00:42:41.978 22927 22963 I native-activity: Frame 293 GL error is 0x0
04-13 00:42:41.978 22927 22963 I native-activity: Frame 293 time is 9.671ms
04-13 00:42:41.986  1787  1787 I AmazonLocationController: onWifiSignalChanged : connected : true
04-13 00:42:42.004 22927 22963 I native-activity: Swap 293 time is 35.582ms
04-13 00:42:42.004 22927 22963 I native-activity: Animating
04-13 00:42:42.013 22927 22963 I native-activity: Frame 294 GL error is 0x0
04-13 00:42:42.013 22927 22963 I native-activity: Frame 294 time is 8.550ms
04-13 00:42:42.038 22927 22963 I native-activity: Swap 294 time is 34.159ms
04-13 00:42:42.038 22927 22963 I native-activity: Animating
04-13 00:42:42.048 22927 22963 I native-activity: Frame 295 GL error is 0x0
04-13 00:42:42.048 22927 22963 I native-activity: Frame 295 time is 9.452ms
04-13 00:42:42.064 20692 21289 I DCP     : [JsonCallExecutor][CallExecutor][a5d5d7f4-0034-46ef-9feb-5802c7829bc6][Auth]Received response code 200 OK. Total time = 307 ms. Handshake = 62 ms. Upload = 0 ms (0 bytes). Latency = 240 ms. Download = 4 ms (425 bytes).
04-13 00:42:42.065   917 25027 D WifiService: releaseWifiLockLocked: WifiLock{com.amazon.dcp.framework.iuc.ConnectionEstablisherWithConnectivityEnforcement type=1 binder=android.os.BinderProxy@344002e0}
04-13 00:42:42.067 20692 20755 D AmazonCMS: Cached image for package ***** is out of date with package update time (1480592179000,1480592179000) vs. 1491757499034
04-13 00:42:42.071   917  1766 W AccountManagerService: insertAccountIntoDatabase: Account {name=default_account, type=amazon.account}, skipping since the account already exists
04-13 00:42:42.074 22927 22963 I native-activity: Swap 295 time is 35.320ms
04-13 00:42:42.074 22927 22963 I native-activity: Animating
04-13 00:42:42.082 22927 22963 I native-activity: Frame 296 GL error is 0x0
04-13 00:42:42.082 22927 22963 I native-activity: Frame 296 time is 8.260ms
04-13 00:42:42.086   917  1763 W AccountManagerService: insertAccountIntoDatabase: Account {name=default_account, type=amazon.account}, skipping since the account already exists
04-13 00:42:42.088 20692 20755 D AmazonCMS: loading icons for *****
04-13 00:42:42.092 20692 20755 D AmazonCMS: Loaded preloaded image from *****
04-13 00:42:42.098   917  2245 W AccountManagerService: insertAccountIntoDatabase: Account {name=default_account, type=amazon.account}, skipping since the account already exists
04-13 00:42:42.090    82    82 I Kernel  : [45400.765993].(0)[82:mtk charger_hv_]charging_reset_watch_dog_timer
04-13 00:42:42.090    82    82 I Kernel  : [45400.766946].(0)[82:mtk charger_hv_]array_size = 16 
04-13 00:42:42.108 22927 22963 I native-activity: Swap 296 time is 33.812ms
04-13 00:42:42.108 22927 22963 I native-activity: Animating
04-13 00:42:42.116 22927 22963 I native-activity: Frame 297 GL error is 0x0
04-13 00:42:42.116 22927 22963 I native-activity: Frame 297 time is 8.203ms
04-13 00:42:42.120 20692 20755 D AmazonCMS: Loaded preloaded image from *****
04-13 00:42:42.124   917   932 W AccountManagerService: insertAccountIntoDatabase: Account {name=default_account, type=amazon.account}, skipping since the account already exists
04-13 00:42:42.135   917  1766 W AccountManagerService: insertAccountIntoDatabase: Account {name=default_account, type=amazon.account}, skipping since the account already exists
04-13 00:42:42.142 22927 22963 I native-activity: Swap 297 time is 34.519ms
04-13 00:42:42.143 22927 22963 I native-activity: Animating
04-13 00:42:42.145 20692 20755 D AmazonCMS: Loaded preloaded image from *****
04-13 00:42:42.151   917  1763 W AccountManagerService: insertAccountIntoDatabase: Account {name=default_account, type=amazon.account}, skipping since the account already exists
04-13 00:42:42.154 22927 22963 I native-activity: Frame 298 GL error is 0x0
04-13 00:42:42.154 22927 22963 I native-activity: Frame 298 time is 11.843ms
04-13 00:42:42.165   917  2246 W AccountManagerService: insertAccountIntoDatabase: Account {name=default_account, type=amazon.account}, skipping since the account already exists
04-13 00:42:42.176   917 25027 W AccountManagerService: insertAccountIntoDatabase: Account {name=default_account, type=amazon.account}, skipping since the account already exists
04-13 00:42:42.179 22927 22963 I native-activity: Swap 298 time is 36.849ms
04-13 00:42:42.180 22927 22963 I native-activity: Animating
04-13 00:42:42.191 22927 22963 I native-activity: Frame 299 GL error is 0x0
04-13 00:42:42.191 22927 22963 I native-activity: Frame 299 time is 11.226ms
04-13 00:42:42.197 20692 20755 D AmazonCMS: Cached image for package ***** is out of date with package update time (1480592179000,1480592179000) vs. 1491757591965
04-13 00:42:42.202 20692 20755 D AmazonCMS: loading icons for *****
04-13 00:42:42.216 22927 22963 I native-activity: Swap 299 time is 36.075ms
