04-13 00:44:36.947 23293 23326 I native-activity: Animating
04-13 00:44:36.947 23293 23326 I native-activity: Frame 127 GL error is 0x0
04-13 00:44:36.947 23293 23326 I native-activity: Frame 127 time is 0.308ms
04-13 00:44:36.947 23293 23326 I native-activity: Doing egl_swapbuffers_sync 1
04-13 00:44:36.947 23293 23326 D native-activity: Reading pixels format 0x1908 type 0x1401 bpp 4
04-13 00:44:36.965 23293 23326 I native-activity: Read pixels, GL error is 0x0
04-13 00:44:36.965 23293 23326 I native-activity: Swap 127 time is 17.971ms
04-13 00:44:36.965 23293 23326 I native-activity: Animating
04-13 00:44:36.965 23293 23326 I native-activity: Frame 128 GL error is 0x0
04-13 00:44:36.965 23293 23326 I native-activity: Frame 128 time is 0.289ms
04-13 00:44:36.965 23293 23326 I native-activity: Doing egl_swapbuffers_sync 1
04-13 00:44:36.965 23293 23326 D native-activity: Reading pixels format 0x1908 type 0x1401 bpp 4
04-13 00:44:36.983 23293 23326 I native-activity: Read pixels, GL error is 0x0
04-13 00:44:36.983 23293 23326 I native-activity: Swap 128 time is 17.797ms
04-13 00:44:36.983 23293 23326 I native-activity: Animating
04-13 00:44:36.983 23293 23326 I native-activity: Frame 129 GL error is 0x0
04-13 00:44:36.983 23293 23326 I native-activity: Frame 129 time is 0.337ms
04-13 00:44:36.983 23293 23326 I native-activity: Doing egl_swapbuffers_sync 1
04-13 00:44:36.983 23293 23326 D native-activity: Reading pixels format 0x1908 type 0x1401 bpp 4
04-13 00:44:37.001 23293 23326 I native-activity: Read pixels, GL error is 0x0
04-13 00:44:37.001 23293 23326 I native-activity: Swap 129 time is 17.859ms
04-13 00:44:37.001 23293 23326 I native-activity: Animating
04-13 00:44:37.001 23293 23326 I native-activity: Frame 130 GL error is 0x0
04-13 00:44:37.001 23293 23326 I native-activity: Frame 130 time is 0.289ms
04-13 00:44:37.001 23293 23326 I native-activity: Doing egl_swapbuffers_sync 1
04-13 00:44:37.001 23293 23326 D native-activity: Reading pixels format 0x1908 type 0x1401 bpp 4
04-13 00:44:37.019 23293 23326 I native-activity: Read pixels, GL error is 0x0
04-13 00:44:37.019 23293 23326 I native-activity: Swap 130 time is 17.918ms
04-13 00:44:37.019 23293 23326 I native-activity: Animating
04-13 00:44:37.019 23293 23326 I native-activity: Frame 131 GL error is 0x0
04-13 00:44:37.020 23293 23326 I native-activity: Frame 131 time is 0.377ms
04-13 00:44:37.020 23293 23326 I native-activity: Doing egl_swapbuffers_sync 1
04-13 00:44:37.020 23293 23326 D native-activity: Reading pixels format 0x1908 type 0x1401 bpp 4
04-13 00:44:37.037 23293 23326 I native-activity: Read pixels, GL error is 0x0
04-13 00:44:37.037 23293 23326 I native-activity: Swap 131 time is 17.938ms
04-13 00:44:37.037 23293 23326 I native-activity: Animating
04-13 00:44:37.037 23293 23326 I native-activity: Frame 132 GL error is 0x0
04-13 00:44:37.038 23293 23326 I native-activity: Frame 132 time is 0.309ms
04-13 00:44:37.038 23293 23326 I native-activity: Doing egl_swapbuffers_sync 1
04-13 00:44:37.038 23293 23326 D native-activity: Reading pixels format 0x1908 type 0x1401 bpp 4
04-13 00:44:37.055 23293 23326 I native-activity: Read pixels, GL error is 0x0
04-13 00:44:37.055 23293 23326 I native-activity: Swap 132 time is 17.872ms
04-13 00:44:37.055 23293 23326 I native-activity: Animating
04-13 00:44:37.055 23293 23326 I native-activity: Frame 133 GL error is 0x0
04-13 00:44:37.056 23293 23326 I native-activity: Frame 133 time is 0.284ms
04-13 00:44:37.056 23293 23326 I native-activity: Doing egl_swapbuffers_sync 1
04-13 00:44:37.056 23293 23326 D native-activity: Reading pixels format 0x1908 type 0x1401 bpp 4
04-13 00:44:37.073 23293 23326 I native-activity: Read pixels, GL error is 0x0
04-13 00:44:37.073 23293 23326 I native-activity: Swap 133 time is 17.937ms
04-13 00:44:37.073 23293 23326 I native-activity: Animating
04-13 00:44:37.074 23293 23326 I native-activity: Frame 134 GL error is 0x0
04-13 00:44:37.074 23293 23326 I native-activity: Frame 134 time is 0.306ms
04-13 00:44:37.074 23293 23326 I native-activity: Doing egl_swapbuffers_sync 1
04-13 00:44:37.074 23293 23326 D native-activity: Reading pixels format 0x1908 type 0x1401 bpp 4
04-13 00:44:37.091 23293 23326 I native-activity: Read pixels, GL error is 0x0
04-13 00:44:37.091 23293 23326 I native-activity: Swap 134 time is 17.796ms
04-13 00:44:37.091 23293 23326 I native-activity: Animating
04-13 00:44:37.092 23293 23326 I native-activity: Frame 135 GL error is 0x0
04-13 00:44:37.092 23293 23326 I native-activity: Frame 135 time is 0.289ms
04-13 00:44:37.092 23293 23326 I native-activity: Doing egl_swapbuffers_sync 1
04-13 00:44:37.092 23293 23326 D native-activity: Reading pixels format 0x1908 type 0x1401 bpp 4
04-13 00:44:37.109 23293 23326 I native-activity: Read pixels, GL error is 0x0
04-13 00:44:37.109 23293 23326 I native-activity: Swap 135 time is 17.976ms
04-13 00:44:37.109 23293 23326 I native-activity: Animating
04-13 00:44:37.110 23293 23326 I native-activity: Frame 136 GL error is 0x0
04-13 00:44:37.110 23293 23326 I native-activity: Frame 136 time is 0.413ms
04-13 00:44:37.110 23293 23326 I native-activity: Doing egl_swapbuffers_sync 1
04-13 00:44:37.110 23293 23326 D native-activity: Reading pixels format 0x1908 type 0x1401 bpp 4
04-13 00:44:37.127 23293 23326 I native-activity: Read pixels, GL error is 0x0
04-13 00:44:37.127 23293 23326 I native-activity: Swap 136 time is 17.907ms
04-13 00:44:37.127 23293 23326 I native-activity: Animating
04-13 00:44:37.128 23293 23326 I native-activity: Frame 137 GL error is 0x0
04-13 00:44:37.128 23293 23326 I native-activity: Frame 137 time is 0.305ms
04-13 00:44:37.128 23293 23326 I native-activity: Doing egl_swapbuffers_sync 1
04-13 00:44:37.128 23293 23326 D native-activity: Reading pixels format 0x1908 type 0x1401 bpp 4
04-13 00:44:37.145 23293 23326 I native-activity: Read pixels, GL error is 0x0
04-13 00:44:37.145 23293 23326 I native-activity: Swap 137 time is 17.864ms
04-13 00:44:37.145 23293 23326 I native-activity: Animating
04-13 00:44:37.146 23293 23326 I native-activity: Frame 138 GL error is 0x0
04-13 00:44:37.146 23293 23326 I native-activity: Frame 138 time is 0.316ms
04-13 00:44:37.146 23293 23326 I native-activity: Doing egl_swapbuffers_sync 1
04-13 00:44:37.146 23293 23326 D native-activity: Reading pixels format 0x1908 type 0x1401 bpp 4
04-13 00:44:37.163 23293 23326 I native-activity: Read pixels, GL error is 0x0
04-13 00:44:37.163 23293 23326 I native-activity: Swap 138 time is 17.895ms
04-13 00:44:37.164 23293 23326 I native-activity: Animating
04-13 00:44:37.164 23293 23326 I native-activity: Frame 139 GL error is 0x0
04-13 00:44:37.164 23293 23326 I native-activity: Frame 139 time is 0.327ms
04-13 00:44:37.164 23293 23326 I native-activity: Doing egl_swapbuffers_sync 1
04-13 00:44:37.164 23293 23326 D native-activity: Reading pixels format 0x1908 type 0x1401 bpp 4
04-13 00:44:37.181 23293 23326 I native-activity: Read pixels, GL error is 0x0
04-13 00:44:37.181 23293 23326 I native-activity: Swap 139 time is 17.862ms
04-13 00:44:37.182 23293 23326 I native-activity: Animating
04-13 00:44:37.182 23293 23326 I native-activity: Frame 140 GL error is 0x0
04-13 00:44:37.182 23293 23326 I native-activity: Frame 140 time is 0.475ms
04-13 00:44:37.182 23293 23326 I native-activity: Doing egl_swapbuffers_sync 1
04-13 00:44:37.182 23293 23326 D native-activity: Reading pixels format 0x1908 type 0x1401 bpp 4
04-13 00:44:37.191  1787  1787 I AmazonLocationController: onWifiSignalChanged : connected : true
04-13 00:44:37.200 23293 23326 I native-activity: Read pixels, GL error is 0x0
04-13 00:44:37.200 23293 23326 I native-activity: Swap 140 time is 18.266ms
04-13 00:44:37.200 23293 23326 I native-activity: Animating
04-13 00:44:37.201 23293 23326 I native-activity: Frame 141 GL error is 0x0
04-13 00:44:37.201 23293 23326 I native-activity: Frame 141 time is 1.270ms
04-13 00:44:37.201 23293 23326 I native-activity: Doing egl_swapbuffers_sync 1
04-13 00:44:37.201 23293 23326 D native-activity: Reading pixels format 0x1908 type 0x1401 bpp 4
04-13 00:44:37.219 23293 23326 I native-activity: Read pixels, GL error is 0x0
04-13 00:44:37.219 23293 23326 I native-activity: Swap 141 time is 19.193ms
04-13 00:44:37.220 23293 23326 I native-activity: Animating
04-13 00:44:37.221 23293 23326 I native-activity: Frame 142 GL error is 0x0
04-13 00:44:37.221 23293 23326 I native-activity: Frame 142 time is 1.061ms
04-13 00:44:37.221 23293 23326 I native-activity: Doing egl_swapbuffers_sync 1
04-13 00:44:37.221 23293 23326 D native-activity: Reading pixels format 0x1908 type 0x1401 bpp 4
04-13 00:44:37.239 23293 23326 I native-activity: Read pixels, GL error is 0x0
04-13 00:44:37.239 23293 23326 I native-activity: Swap 142 time is 19.152ms
04-13 00:44:37.239 23293 23326 I native-activity: Animating
04-13 00:44:37.239 23293 23326 I native-activity: Frame 143 GL error is 0x0
04-13 00:44:37.239 23293 23326 I native-activity: Frame 143 time is 0.295ms
04-13 00:44:37.239 23293 23326 I native-activity: Doing egl_swapbuffers_sync 1
04-13 00:44:37.239 23293 23326 D native-activity: Reading pixels format 0x1908 type 0x1401 bpp 4
04-13 00:44:37.257 23293 23326 I native-activity: Read pixels, GL error is 0x0
04-13 00:44:37.258 23293 23326 I native-activity: Swap 143 time is 18.561ms
04-13 00:44:37.258 23293 23326 I native-activity: Animating
04-13 00:44:37.258 23293 23326 I native-activity: Frame 144 GL error is 0x0
04-13 00:44:37.258 23293 23326 I native-activity: Frame 144 time is 0.321ms
04-13 00:44:37.258 23293 23326 I native-activity: Doing egl_swapbuffers_sync 1
04-13 00:44:37.258 23293 23326 D native-activity: Reading pixels format 0x1908 type 0x1401 bpp 4
04-13 00:44:37.240    82    82 I Kernel  : [45515.916407].(0)[82:mtk charger_hv_]charging_reset_watch_dog_timer
04-13 00:44:37.240    82    82 I Kernel  : [45515.917332].(0)[82:mtk charger_hv_]array_size = 16 
04-13 00:44:37.277 23293 23326 I native-activity: Read pixels, GL error is 0x0
04-13 00:44:37.277 23293 23326 I native-activity: Swap 144 time is 19.125ms
04-13 00:44:37.277 23293 23326 I native-activity: Animating
04-13 00:44:37.277 23293 23326 I native-activity: Frame 145 GL error is 0x0
04-13 00:44:37.277 23293 23326 I native-activity: Frame 145 time is 0.297ms
04-13 00:44:37.277 23293 23326 I native-activity: Doing egl_swapbuffers_sync 1
04-13 00:44:37.277 23293 23326 D native-activity: Reading pixels format 0x1908 type 0x1401 bpp 4
04-13 00:44:37.296 23293 23326 I native-activity: Read pixels, GL error is 0x0
04-13 00:44:37.296 23293 23326 I native-activity: Swap 145 time is 18.809ms
04-13 00:44:37.296 23293 23326 I native-activity: Animating
04-13 00:44:37.296 23293 23326 I native-activity: Frame 146 GL error is 0x0
04-13 00:44:37.296 23293 23326 I native-activity: Frame 146 time is 0.317ms
04-13 00:44:37.296 23293 23326 I native-activity: Doing egl_swapbuffers_sync 1
04-13 00:44:37.296 23293 23326 D native-activity: Reading pixels format 0x1908 type 0x1401 bpp 4
04-13 00:44:37.315 23293 23326 I native-activity: Read pixels, GL error is 0x0
04-13 00:44:37.315 23293 23326 I native-activity: Swap 146 time is 18.826ms
04-13 00:44:37.315 23293 23326 I native-activity: Animating
04-13 00:44:37.315 23293 23326 I native-activity: Frame 147 GL error is 0x0
04-13 00:44:37.315 23293 23326 I native-activity: Frame 147 time is 0.287ms
04-13 00:44:37.315 23293 23326 I native-activity: Doing egl_swapbuffers_sync 1
04-13 00:44:37.315 23293 23326 D native-activity: Reading pixels format 0x1908 type 0x1401 bpp 4
04-13 00:44:37.334 23293 23326 I native-activity: Read pixels, GL error is 0x0
04-13 00:44:37.334 23293 23326 I native-activity: Swap 147 time is 18.801ms
04-13 00:44:37.334 23293 23326 I native-activity: Animating
04-13 00:44:37.334 23293 23326 I native-activity: Frame 148 GL error is 0x0
04-13 00:44:37.334 23293 23326 I native-activity: Frame 148 time is 0.282ms
04-13 00:44:37.334 23293 23326 I native-activity: Doing egl_swapbuffers_sync 1
04-13 00:44:37.334 23293 23326 D native-activity: Reading pixels format 0x1908 type 0x1401 bpp 4
04-13 00:44:37.352 23293 23326 I native-activity: Read pixels, GL error is 0x0
04-13 00:44:37.353 23293 23326 I native-activity: Swap 148 time is 18.771ms
04-13 00:44:37.353 23293 23326 I native-activity: Animating
04-13 00:44:37.353 23293 23326 I native-activity: Frame 149 GL error is 0x0
04-13 00:44:37.353 23293 23326 I native-activity: Frame 149 time is 0.369ms
04-13 00:44:37.353 23293 23326 I native-activity: Doing egl_swapbuffers_sync 1
04-13 00:44:37.353 23293 23326 D native-activity: Reading pixels format 0x1908 type 0x1401 bpp 4
04-13 00:44:37.372 23293 23326 I native-activity: Read pixels, GL error is 0x0
04-13 00:44:37.372 23293 23326 I native-activity: Swap 149 time is 19.003ms
04-13 00:44:37.372 23293 23326 I native-activity: Animating
04-13 00:44:37.372 23293 23326 I native-activity: Frame 150 GL error is 0x0
04-13 00:44:37.372 23293 23326 I native-activity: Frame 150 time is 0.322ms
04-13 00:44:37.372 23293 23326 I native-activity: Doing egl_swapbuffers_sync 1
04-13 00:44:37.372 23293 23326 D native-activity: Reading pixels format 0x1908 type 0x1401 bpp 4
04-13 00:44:37.391 23293 23326 I native-activity: Read pixels, GL error is 0x0
04-13 00:44:37.391 23293 23326 I native-activity: Swap 150 time is 18.993ms
04-13 00:44:37.391 23293 23326 I native-activity: Animating
04-13 00:44:37.391 23293 23326 I native-activity: Frame 151 GL error is 0x0
04-13 00:44:37.391 23293 23326 I native-activity: Frame 151 time is 0.309ms
04-13 00:44:37.391 23293 23326 I native-activity: Doing egl_swapbuffers_sync 1
04-13 00:44:37.391 23293 23326 D native-activity: Reading pixels format 0x1908 type 0x1401 bpp 4
04-13 00:44:37.410 23293 23326 I native-activity: Read pixels, GL error is 0x0
04-13 00:44:37.410 23293 23326 I native-activity: Swap 151 time is 18.830ms
04-13 00:44:37.410 23293 23326 I native-activity: Animating
04-13 00:44:37.410 23293 23326 I native-activity: Frame 152 GL error is 0x0
04-13 00:44:37.410 23293 23326 I native-activity: Frame 152 time is 0.287ms
04-13 00:44:37.410 23293 23326 I native-activity: Doing egl_swapbuffers_sync 1
04-13 00:44:37.410 23293 23326 D native-activity: Reading pixels format 0x1908 type 0x1401 bpp 4
04-13 00:44:37.429 23293 23326 I native-activity: Read pixels, GL error is 0x0
04-13 00:44:37.429 23293 23326 I native-activity: Swap 152 time is 19.074ms
04-13 00:44:37.429 23293 23326 I native-activity: Animating
04-13 00:44:37.431 23293 23326 I native-activity: Frame 153 GL error is 0x0
04-13 00:44:37.431 23293 23326 I native-activity: Frame 153 time is 1.325ms
04-13 00:44:37.431 23293 23326 I native-activity: Doing egl_swapbuffers_sync 1
04-13 00:44:37.431 23293 23326 D native-activity: Reading pixels format 0x1908 type 0x1401 bpp 4
04-13 00:44:37.449 23293 23326 I native-activity: Read pixels, GL error is 0x0
04-13 00:44:37.449 23293 23326 I native-activity: Swap 153 time is 19.573ms
04-13 00:44:37.449 23293 23326 I native-activity: Animating
04-13 00:44:37.449 23293 23326 I native-activity: Frame 154 GL error is 0x0
04-13 00:44:37.449 23293 23326 I native-activity: Frame 154 time is 0.304ms
04-13 00:44:37.450 23293 23326 I native-activity: Doing egl_swapbuffers_sync 1
04-13 00:44:37.450 23293 23326 D native-activity: Reading pixels format 0x1908 type 0x1401 bpp 4
04-13 00:44:37.468 23293 23326 I native-activity: Read pixels, GL error is 0x0
04-13 00:44:37.468 23293 23326 I native-activity: Swap 154 time is 18.926ms
04-13 00:44:37.468 23293 23326 I native-activity: Animating
04-13 00:44:37.468 23293 23326 I native-activity: Frame 155 GL error is 0x0
04-13 00:44:37.468 23293 23326 I native-activity: Frame 155 time is 0.286ms
04-13 00:44:37.468 23293 23326 I native-activity: Doing egl_swapbuffers_sync 1
04-13 00:44:37.468 23293 23326 D native-activity: Reading pixels format 0x1908 type 0x1401 bpp 4
04-13 00:44:37.487 23293 23326 I native-activity: Read pixels, GL error is 0x0
04-13 00:44:37.487 23293 23326 I native-activity: Swap 155 time is 19.115ms
04-13 00:44:37.487 23293 23326 I native-activity: Animating
04-13 00:44:37.488 23293 23326 I native-activity: Frame 156 GL error is 0x0
04-13 00:44:37.488 23293 23326 I native-activity: Frame 156 time is 0.306ms
04-13 00:44:37.488 23293 23326 I native-activity: Doing egl_swapbuffers_sync 1
04-13 00:44:37.488 23293 23326 D native-activity: Reading pixels format 0x1908 type 0x1401 bpp 4
04-13 00:44:37.506 23293 23326 I native-activity: Read pixels, GL error is 0x0
04-13 00:44:37.506 23293 23326 I native-activity: Swap 156 time is 18.804ms
04-13 00:44:37.506 23293 23326 I native-activity: Animating
04-13 00:44:37.507 23293 23326 I native-activity: Frame 157 GL error is 0x0
04-13 00:44:37.507 23293 23326 I native-activity: Frame 157 time is 0.283ms
04-13 00:44:37.507 23293 23326 I native-activity: Doing egl_swapbuffers_sync 1
04-13 00:44:37.507 23293 23326 D native-activity: Reading pixels format 0x1908 type 0x1401 bpp 4
04-13 00:44:37.525 23293 23326 I native-activity: Read pixels, GL error is 0x0
04-13 00:44:37.525 23293 23326 I native-activity: Swap 157 time is 18.739ms
04-13 00:44:37.525 23293 23326 I native-activity: Animating
04-13 00:44:37.525 23293 23326 I native-activity: Frame 158 GL error is 0x0
04-13 00:44:37.526 23293 23326 I native-activity: Frame 158 time is 0.288ms
04-13 00:44:37.526 23293 23326 I native-activity: Doing egl_swapbuffers_sync 1
04-13 00:44:37.526 23293 23326 D native-activity: Reading pixels format 0x1908 type 0x1401 bpp 4
04-13 00:44:37.544 23293 23326 I native-activity: Read pixels, GL error is 0x0
04-13 00:44:37.544 23293 23326 I native-activity: Swap 158 time is 18.892ms
04-13 00:44:37.544 23293 23326 I native-activity: Animating
04-13 00:44:37.545 23293 23326 I native-activity: Frame 159 GL error is 0x0
04-13 00:44:37.545 23293 23326 I native-activity: Frame 159 time is 0.303ms
04-13 00:44:37.545 23293 23326 I native-activity: Doing egl_swapbuffers_sync 1
04-13 00:44:37.545 23293 23326 D native-activity: Reading pixels format 0x1908 type 0x1401 bpp 4
04-13 00:44:37.563 23293 23326 I native-activity: Read pixels, GL error is 0x0
04-13 00:44:37.563 23293 23326 I native-activity: Swap 159 time is 18.782ms
04-13 00:44:37.563 23293 23326 I native-activity: Animating
04-13 00:44:37.563 23293 23326 I native-activity: Frame 160 GL error is 0x0
04-13 00:44:37.564 23293 23326 I native-activity: Frame 160 time is 0.286ms
04-13 00:44:37.564 23293 23326 I native-activity: Doing egl_swapbuffers_sync 1
04-13 00:44:37.564 23293 23326 D native-activity: Reading pixels format 0x1908 type 0x1401 bpp 4
04-13 00:44:37.582 23293 23326 I native-activity: Read pixels, GL error is 0x0
04-13 00:44:37.582 23293 23326 I native-activity: Swap 160 time is 18.886ms
04-13 00:44:37.582 23293 23326 I native-activity: Animating
04-13 00:44:37.583 23293 23326 I native-activity: Frame 161 GL error is 0x0
04-13 00:44:37.583 23293 23326 I native-activity: Frame 161 time is 0.304ms
04-13 00:44:37.583 23293 23326 I native-activity: Doing egl_swapbuffers_sync 1
04-13 00:44:37.583 23293 23326 D native-activity: Reading pixels format 0x1908 type 0x1401 bpp 4
04-13 00:44:37.601 23293 23326 I native-activity: Read pixels, GL error is 0x0
04-13 00:44:37.601 23293 23326 I native-activity: Swap 161 time is 18.419ms
04-13 00:44:37.601 23293 23326 I native-activity: Animating
04-13 00:44:37.601 23293 23326 I native-activity: Frame 162 GL error is 0x0
04-13 00:44:37.601 23293 23326 I native-activity: Frame 162 time is 0.309ms
04-13 00:44:37.601 23293 23326 I native-activity: Doing egl_swapbuffers_sync 1
04-13 00:44:37.601 23293 23326 D native-activity: Reading pixels format 0x1908 type 0x1401 bpp 4
04-13 00:44:37.619 23293 23326 I native-activity: Read pixels, GL error is 0x0
04-13 00:44:37.619 23293 23326 I native-activity: Swap 162 time is 17.964ms
04-13 00:44:37.619 23293 23326 I native-activity: Animating
04-13 00:44:37.619 23293 23326 I native-activity: Frame 163 GL error is 0x0
04-13 00:44:37.619 23293 23326 I native-activity: Frame 163 time is 0.307ms
04-13 00:44:37.619 23293 23326 I native-activity: Doing egl_swapbuffers_sync 1
04-13 00:44:37.619 23293 23326 D native-activity: Reading pixels format 0x1908 type 0x1401 bpp 4
04-13 00:44:37.637 23293 23326 I native-activity: Read pixels, GL error is 0x0
04-13 00:44:37.637 23293 23326 I native-activity: Swap 163 time is 18.315ms
04-13 00:44:37.637 23293 23326 I native-activity: Animating
04-13 00:44:37.638 23293 23326 I native-activity: Frame 164 GL error is 0x0
04-13 00:44:37.638 23293 23326 I native-activity: Frame 164 time is 0.320ms
04-13 00:44:37.638 23293 23326 I native-activity: Doing egl_swapbuffers_sync 1
04-13 00:44:37.638 23293 23326 D native-activity: Reading pixels format 0x1908 type 0x1401 bpp 4
04-13 00:44:37.656 23293 23326 I native-activity: Read pixels, GL error is 0x0
04-13 00:44:37.656 23293 23326 I native-activity: Swap 164 time is 18.795ms
04-13 00:44:37.656 23293 23326 I native-activity: Animating
04-13 00:44:37.657 23293 23326 I native-activity: Frame 165 GL error is 0x0
04-13 00:44:37.657 23293 23326 I native-activity: Frame 165 time is 0.301ms
04-13 00:44:37.657 23293 23326 I native-activity: Doing egl_swapbuffers_sync 1
04-13 00:44:37.657 23293 23326 D native-activity: Reading pixels format 0x1908 type 0x1401 bpp 4
04-13 00:44:37.676 23293 23326 I native-activity: Read pixels, GL error is 0x0
04-13 00:44:37.676 23293 23326 I native-activity: Swap 165 time is 19.386ms
04-13 00:44:37.676 23293 23326 I native-activity: Animating
04-13 00:44:37.676 23293 23326 I native-activity: Frame 166 GL error is 0x0
04-13 00:44:37.676 23293 23326 I native-activity: Frame 166 time is 0.320ms
04-13 00:44:37.676 23293 23326 I native-activity: Doing egl_swapbuffers_sync 1
04-13 00:44:37.676 23293 23326 D native-activity: Reading pixels format 0x1908 type 0x1401 bpp 4
04-13 00:44:37.694 23293 23326 I native-activity: Read pixels, GL error is 0x0
04-13 00:44:37.695 23293 23326 I native-activity: Swap 166 time is 18.690ms
04-13 00:44:37.695 23293 23326 I native-activity: Animating
04-13 00:44:37.695 23293 23326 I native-activity: Frame 167 GL error is 0x0
04-13 00:44:37.695 23293 23326 I native-activity: Frame 167 time is 0.288ms
04-13 00:44:37.695 23293 23326 I native-activity: Doing egl_swapbuffers_sync 1
04-13 00:44:37.695 23293 23326 D native-activity: Reading pixels format 0x1908 type 0x1401 bpp 4
04-13 00:44:37.713 23293 23326 I native-activity: Read pixels, GL error is 0x0
04-13 00:44:37.714 23293 23326 I native-activity: Swap 167 time is 18.760ms
04-13 00:44:37.714 23293 23326 I native-activity: Animating
04-13 00:44:37.714 23293 23326 I native-activity: Frame 168 GL error is 0x0
04-13 00:44:37.714 23293 23326 I native-activity: Frame 168 time is 0.295ms
04-13 00:44:37.714 23293 23326 I native-activity: Doing egl_swapbuffers_sync 1
04-13 00:44:37.714 23293 23326 D native-activity: Reading pixels format 0x1908 type 0x1401 bpp 4
04-13 00:44:37.732 23293 23326 I native-activity: Read pixels, GL error is 0x0
04-13 00:44:37.732 23293 23326 I native-activity: Swap 168 time is 18.780ms
04-13 00:44:37.733 23293 23326 I native-activity: Animating
04-13 00:44:37.733 23293 23326 I native-activity: Frame 169 GL error is 0x0
04-13 00:44:37.733 23293 23326 I native-activity: Frame 169 time is 0.314ms
04-13 00:44:37.733 23293 23326 I native-activity: Doing egl_swapbuffers_sync 1
04-13 00:44:37.733 23293 23326 D native-activity: Reading pixels format 0x1908 type 0x1401 bpp 4
04-13 00:44:37.751 23293 23326 I native-activity: Read pixels, GL error is 0x0
04-13 00:44:37.751 23293 23326 I native-activity: Swap 169 time is 18.788ms
04-13 00:44:37.752 23293 23326 I native-activity: Animating
04-13 00:44:37.752 23293 23326 I native-activity: Frame 170 GL error is 0x0
04-13 00:44:37.752 23293 23326 I native-activity: Frame 170 time is 0.283ms
04-13 00:44:37.752 23293 23326 I native-activity: Doing egl_swapbuffers_sync 1
04-13 00:44:37.752 23293 23326 D native-activity: Reading pixels format 0x1908 type 0x1401 bpp 4
04-13 00:44:37.770 23293 23326 I native-activity: Read pixels, GL error is 0x0
04-13 00:44:37.770 23293 23326 I native-activity: Swap 170 time is 18.870ms
04-13 00:44:37.771 23293 23326 I native-activity: Animating
04-13 00:44:37.772 23293 23326 I native-activity: Frame 171 GL error is 0x0
04-13 00:44:37.772 23293 23326 I native-activity: Frame 171 time is 0.941ms
04-13 00:44:37.772 23293 23326 I native-activity: Doing egl_swapbuffers_sync 1
04-13 00:44:37.772 23293 23326 D native-activity: Reading pixels format 0x1908 type 0x1401 bpp 4
04-13 00:44:37.790 23293 23326 I native-activity: Read pixels, GL error is 0x0
04-13 00:44:37.790 23293 23326 I native-activity: Swap 171 time is 18.727ms
04-13 00:44:37.790 23293 23326 I native-activity: Animating
04-13 00:44:37.790 23293 23326 I native-activity: Frame 172 GL error is 0x0
04-13 00:44:37.790 23293 23326 I native-activity: Frame 172 time is 0.353ms
04-13 00:44:37.790 23293 23326 I native-activity: Doing egl_swapbuffers_sync 1
04-13 00:44:37.790 23293 23326 D native-activity: Reading pixels format 0x1908 type 0x1401 bpp 4
04-13 00:44:37.808 23293 23326 I native-activity: Read pixels, GL error is 0x0
04-13 00:44:37.790  2159  2159 I Kernel  : [45516.462905].(0)[2159:wpa_supplicant]poorlink get state G(361722)F(49)dbad(0)dretry(0)LT(405)RT(-80)W(0)(12267)
04-13 00:44:37.790  2137  2137 I Kernel  : [45516.463087][wlan] nicTxReleaseResource: (TX STATE)
04-13 00:44:37.790  2137  2137 I Kernel  : Release: TC4 count 1, Free=4; TC5 count 0, Free=4
04-13 00:44:37.809 23293 23326 I native-activity: Swap 172 time is 18.617ms
04-13 00:44:37.809 23293 23326 I native-activity: Animating
04-13 00:44:37.809 23293 23326 I native-activity: Frame 173 GL error is 0x0
04-13 00:44:37.809 23293 23326 I native-activity: Frame 173 time is 0.326ms
04-13 00:44:37.809 23293 23326 I native-activity: Doing egl_swapbuffers_sync 1
04-13 00:44:37.809 23293 23326 D native-activity: Reading pixels format 0x1908 type 0x1401 bpp 4
04-13 00:44:37.828 23293 23326 I native-activity: Read pixels, GL error is 0x0
04-13 00:44:37.828 23293 23326 I native-activity: Swap 173 time is 18.977ms
04-13 00:44:37.828 23293 23326 I native-activity: Animating
04-13 00:44:37.828 23293 23326 I native-activity: Frame 174 GL error is 0x0
04-13 00:44:37.828 23293 23326 I native-activity: Frame 174 time is 0.350ms
04-13 00:44:37.828 23293 23326 I native-activity: Doing egl_swapbuffers_sync 1
04-13 00:44:37.828 23293 23326 D native-activity: Reading pixels format 0x1908 type 0x1401 bpp 4
04-13 00:44:37.846 23293 23326 I native-activity: Read pixels, GL error is 0x0
04-13 00:44:37.846 23293 23326 I native-activity: Swap 174 time is 17.939ms
04-13 00:44:37.846 23293 23326 I native-activity: Animating
04-13 00:44:37.846 23293 23326 I native-activity: Frame 175 GL error is 0x0
04-13 00:44:37.846 23293 23326 I native-activity: Frame 175 time is 0.307ms
04-13 00:44:37.846 23293 23326 I native-activity: Doing egl_swapbuffers_sync 1
04-13 00:44:37.846 23293 23326 D native-activity: Reading pixels format 0x1908 type 0x1401 bpp 4
04-13 00:44:37.865 23293 23326 I native-activity: Read pixels, GL error is 0x0
04-13 00:44:37.865 23293 23326 I native-activity: Swap 175 time is 19.321ms
04-13 00:44:37.865 23293 23326 I native-activity: Animating
04-13 00:44:37.866 23293 23326 I native-activity: Frame 176 GL error is 0x0
04-13 00:44:37.866 23293 23326 I native-activity: Frame 176 time is 0.332ms
04-13 00:44:37.866 23293 23326 I native-activity: Doing egl_swapbuffers_sync 1
04-13 00:44:37.866 23293 23326 D native-activity: Reading pixels format 0x1908 type 0x1401 bpp 4
04-13 00:44:37.885 23293 23326 I native-activity: Read pixels, GL error is 0x0
04-13 00:44:37.885 23293 23326 I native-activity: Swap 176 time is 19.498ms
04-13 00:44:37.885 23293 23326 I native-activity: Animating
04-13 00:44:37.885 23293 23326 I native-activity: Frame 177 GL error is 0x0
04-13 00:44:37.885 23293 23326 I native-activity: Frame 177 time is 0.288ms
04-13 00:44:37.885 23293 23326 I native-activity: Doing egl_swapbuffers_sync 1
04-13 00:44:37.885 23293 23326 D native-activity: Reading pixels format 0x1908 type 0x1401 bpp 4
04-13 00:44:37.904 23293 23326 I native-activity: Read pixels, GL error is 0x0
04-13 00:44:37.904 23293 23326 I native-activity: Swap 177 time is 19.141ms
04-13 00:44:37.904 23293 23326 I native-activity: Animating
04-13 00:44:37.905 23293 23326 I native-activity: Frame 178 GL error is 0x0
04-13 00:44:37.905 23293 23326 I native-activity: Frame 178 time is 0.307ms
04-13 00:44:37.905 23293 23326 I native-activity: Doing egl_swapbuffers_sync 1
04-13 00:44:37.905 23293 23326 D native-activity: Reading pixels format 0x1908 type 0x1401 bpp 4
04-13 00:44:37.923 23293 23326 I native-activity: Read pixels, GL error is 0x0
04-13 00:44:37.923 23293 23326 I native-activity: Swap 178 time is 18.950ms
04-13 00:44:37.923 23293 23326 I native-activity: Animating
04-13 00:44:37.925 23293 23326 I native-activity: Frame 179 GL error is 0x0
04-13 00:44:37.925 23293 23326 I native-activity: Frame 179 time is 1.185ms
04-13 00:44:37.925 23293 23326 I native-activity: Doing egl_swapbuffers_sync 1
04-13 00:44:37.925 23293 23326 D native-activity: Reading pixels format 0x1908 type 0x1401 bpp 4
04-13 00:44:37.943 23293 23326 I native-activity: Read pixels, GL error is 0x0
04-13 00:44:37.943 23293 23326 I native-activity: Swap 179 time is 19.164ms
04-13 00:44:37.943 23293 23326 I native-activity: Animating
04-13 00:44:37.943 23293 23326 I native-activity: Frame 180 GL error is 0x0
04-13 00:44:37.943 23293 23326 I native-activity: Frame 180 time is 0.289ms
04-13 00:44:37.943 23293 23326 I native-activity: Doing egl_swapbuffers_sync 1
04-13 00:44:37.943 23293 23326 D native-activity: Reading pixels format 0x1908 type 0x1401 bpp 4
04-13 00:44:37.962 23293 23326 I native-activity: Read pixels, GL error is 0x0
04-13 00:44:37.962 23293 23326 I native-activity: Swap 180 time is 19.012ms
04-13 00:44:37.962 23293 23326 I native-activity: Animating
04-13 00:44:37.962 23293 23326 I native-activity: Frame 181 GL error is 0x0
04-13 00:44:37.962 23293 23326 I native-activity: Frame 181 time is 0.312ms
04-13 00:44:37.962 23293 23326 I native-activity: Doing egl_swapbuffers_sync 1
04-13 00:44:37.962 23293 23326 D native-activity: Reading pixels format 0x1908 type 0x1401 bpp 4
04-13 00:44:37.981 23293 23326 I native-activity: Read pixels, GL error is 0x0
04-13 00:44:37.981 23293 23326 I native-activity: Swap 181 time is 18.681ms
04-13 00:44:37.981 23293 23326 I native-activity: Animating
04-13 00:44:37.981 23293 23326 I native-activity: Frame 182 GL error is 0x0
04-13 00:44:37.981 23293 23326 I native-activity: Frame 182 time is 0.294ms
04-13 00:44:37.981 23293 23326 I native-activity: Doing egl_swapbuffers_sync 1
04-13 00:44:37.981 23293 23326 D native-activity: Reading pixels format 0x1908 type 0x1401 bpp 4
04-13 00:44:37.999 23293 23326 I native-activity: Read pixels, GL error is 0x0
04-13 00:44:37.999 23293 23326 I native-activity: Swap 182 time is 18.377ms
04-13 00:44:37.999 23293 23326 I native-activity: Animating
04-13 00:44:38.000 23293 23326 I native-activity: Frame 183 GL error is 0x0
04-13 00:44:38.000 23293 23326 I native-activity: Frame 183 time is 0.656ms
04-13 00:44:38.000 23293 23326 I native-activity: Doing egl_swapbuffers_sync 1
04-13 00:44:38.000 23293 23326 D native-activity: Reading pixels format 0x1908 type 0x1401 bpp 4
04-13 00:44:38.018 23293 23326 I native-activity: Read pixels, GL error is 0x0
04-13 00:44:38.018 23293 23326 I native-activity: Swap 183 time is 18.768ms
04-13 00:44:38.018 23293 23326 I native-activity: Animating
04-13 00:44:38.019 23293 23326 I native-activity: Frame 184 GL error is 0x0
04-13 00:44:38.019 23293 23326 I native-activity: Frame 184 time is 0.290ms
04-13 00:44:38.019 23293 23326 I native-activity: Doing egl_swapbuffers_sync 1
04-13 00:44:38.019 23293 23326 D native-activity: Reading pixels format 0x1908 type 0x1401 bpp 4
04-13 00:44:38.037 23293 23326 I native-activity: Read pixels, GL error is 0x0
04-13 00:44:38.037 23293 23326 I native-activity: Swap 184 time is 18.637ms
04-13 00:44:38.037 23293 23326 I native-activity: Animating
04-13 00:44:38.037 23293 23326 I native-activity: Frame 185 GL error is 0x0
04-13 00:44:38.037 23293 23326 I native-activity: Frame 185 time is 0.285ms
04-13 00:44:38.037 23293 23326 I native-activity: Doing egl_swapbuffers_sync 1
04-13 00:44:38.037 23293 23326 D native-activity: Reading pixels format 0x1908 type 0x1401 bpp 4
04-13 00:44:38.056 23293 23326 I native-activity: Read pixels, GL error is 0x0
04-13 00:44:38.056 23293 23326 I native-activity: Swap 185 time is 19.061ms
04-13 00:44:38.056 23293 23326 I native-activity: Animating
04-13 00:44:38.057 23293 23326 I native-activity: Frame 186 GL error is 0x0
04-13 00:44:38.057 23293 23326 I native-activity: Frame 186 time is 0.307ms
04-13 00:44:38.057 23293 23326 I native-activity: Doing egl_swapbuffers_sync 1
04-13 00:44:38.057 23293 23326 D native-activity: Reading pixels format 0x1908 type 0x1401 bpp 4
04-13 00:44:38.075 23293 23326 I native-activity: Read pixels, GL error is 0x0
04-13 00:44:38.075 23293 23326 I native-activity: Swap 186 time is 18.899ms
04-13 00:44:38.075 23293 23326 I native-activity: Animating
04-13 00:44:38.076 23293 23326 I native-activity: Frame 187 GL error is 0x0
04-13 00:44:38.076 23293 23326 I native-activity: Frame 187 time is 0.287ms
04-13 00:44:38.076 23293 23326 I native-activity: Doing egl_swapbuffers_sync 1
04-13 00:44:38.076 23293 23326 D native-activity: Reading pixels format 0x1908 type 0x1401 bpp 4
04-13 00:44:38.080 21409 21409 I Kernel  : [45516.751919].(0)[21409:kworker/0:1H]regs_hotplug_callback cpu = 2
04-13 00:44:38.080    15    15 I Kernel  : [45516.752367]-(2)[15:migration/2][Power/hotplug] platform_cpu_disable, cpu: 2
04-13 00:44:38.080    15    15 I Kernel  : [45516.752657]-(2)[15:migration/2]regs_hotplug_callback cpu = 2
04-13 00:44:38.080     0     0 I Kernel  : [45516.752727]-(2)[0:swapper/2]
04-13 00:44:38.080     0     0 I Kernel  : [45516.752732].(0)[21409:kworker/0:1H]CPU2: shutdown
04-13 00:44:38.080     0     0 I Kernel  : [45516.752739].(0)[21409:kworker/0:1H][Power/hotplug] platform_cpu_kill, cpu: 2
04-13 00:44:38.080 21409 21409 I Kernel  : [45516.753437].(0)[21409:kworker/0:1H]regs_hotplug_callback cpu = 2
04-13 00:44:38.080 21409 21409 I Kernel  : [45516.753836].(0)[21409:kworker/0:1H][WDK]cpu 2 plug off, kick wdt
04-13 00:44:38.080 21409 21409 I Kernel  : [45516.753966].(0)[21409:kworker/0:1H]regs_hotplug_callback cpu = 2
04-13 00:44:38.094 23293 23326 I native-activity: Read pixels, GL error is 0x0
04-13 00:44:38.094 23293 23326 I native-activity: Swap 187 time is 18.790ms
04-13 00:44:38.094 23293 23326 I native-activity: Animating
04-13 00:44:38.094 23293 23326 I native-activity: Frame 188 GL error is 0x0
04-13 00:44:38.094 23293 23326 I native-activity: Frame 188 time is 0.215ms
04-13 00:44:38.094 23293 23326 I native-activity: Doing egl_swapbuffers_sync 1
04-13 00:44:38.094 23293 23326 D native-activity: Reading pixels format 0x1908 type 0x1401 bpp 4
04-13 00:44:38.112 23293 23326 I native-activity: Read pixels, GL error is 0x0
04-13 00:44:38.112 23293 23326 I native-activity: Swap 188 time is 17.837ms
04-13 00:44:38.112 23293 23326 I native-activity: Animating
04-13 00:44:38.112 23293 23326 I native-activity: Frame 189 GL error is 0x0
04-13 00:44:38.112 23293 23326 I native-activity: Frame 189 time is 0.182ms
04-13 00:44:38.112 23293 23326 I native-activity: Doing egl_swapbuffers_sync 1
04-13 00:44:38.112 23293 23326 D native-activity: Reading pixels format 0x1908 type 0x1401 bpp 4
04-13 00:44:38.131 23293 23326 I native-activity: Read pixels, GL error is 0x0
04-13 00:44:38.131 23293 23326 I native-activity: Swap 189 time is 18.603ms
04-13 00:44:38.131 23293 23326 I native-activity: Animating
04-13 00:44:38.131 23293 23326 I native-activity: Frame 190 GL error is 0x0
04-13 00:44:38.131 23293 23326 I native-activity: Frame 190 time is 0.171ms
04-13 00:44:38.131 23293 23326 I native-activity: Doing egl_swapbuffers_sync 1
04-13 00:44:38.131 23293 23326 D native-activity: Reading pixels format 0x1908 type 0x1401 bpp 4
04-13 00:44:38.150 23293 23326 I native-activity: Read pixels, GL error is 0x0
04-13 00:44:38.150 23293 23326 I native-activity: Swap 190 time is 18.858ms
04-13 00:44:38.150 23293 23326 I native-activity: Animating
04-13 00:44:38.150 23293 23326 I native-activity: Frame 191 GL error is 0x0
04-13 00:44:38.150 23293 23326 I native-activity: Frame 191 time is 0.254ms
04-13 00:44:38.150 23293 23326 I native-activity: Doing egl_swapbuffers_sync 1
04-13 00:44:38.150 23293 23326 D native-activity: Reading pixels format 0x1908 type 0x1401 bpp 4
04-13 00:44:38.158   917  2201 I PackageRecencyUtils: Waiting for idle
04-13 00:44:38.158   917  2201 I Vlog    : package_recency:broadcast_notification:fgtracking=false;DV;1,key=time_in_queue;DV;1,Timer=5001.0;TI;1,unit=ms;DV;1:HI
04-13 00:44:38.163   917  1766 D ActivityManager: single user service: com.amazon.kindle.cms
04-13 00:44:38.166   917  1766 D ActivityManager: app = com.amazon.kindle.cms, has single user service, setting process record.
04-13 00:44:38.168 23293 23326 I native-activity: Read pixels, GL error is 0x0
04-13 00:44:38.168 23293 23326 I native-activity: Swap 191 time is 17.774ms
04-13 00:44:38.168 23293 23326 I native-activity: Animating
04-13 00:44:38.168 23293 23326 I native-activity: Frame 192 GL error is 0x0
04-13 00:44:38.168 23293 23326 I native-activity: Frame 192 time is 0.209ms
04-13 00:44:38.168 23293 23326 I native-activity: Doing egl_swapbuffers_sync 1
04-13 00:44:38.168 23293 23326 D native-activity: Reading pixels format 0x1908 type 0x1401 bpp 4
04-13 00:44:38.173 20692 20755 D AmazonCMS: MaintenanceService.onStartCommand
04-13 00:44:38.177 20692 20755 D AmazonCMS: CMS activity level changed, active: true
04-13 00:44:38.179 20692 20755 D AmazonCMS: Received intent: 'com.amazon.action.PACKAGE_RECENCY_NOTIFICATION'
04-13 00:44:38.182 20692 20755 D AmazonCMS: Reconciler created
04-13 00:44:38.185 23293 23326 I native-activity: Read pixels, GL error is 0x0
04-13 00:44:38.186 23293 23326 I native-activity: Swap 192 time is 17.836ms
04-13 00:44:38.186 23293 23326 I native-activity: Animating
04-13 00:44:38.186 23293 23326 I native-activity: Frame 193 GL error is 0x0
04-13 00:44:38.186 23293 23326 I native-activity: Frame 193 time is 0.258ms
04-13 00:44:38.186 23293 23326 I native-activity: Doing egl_swapbuffers_sync 1
04-13 00:44:38.186 23293 23326 D native-activity: Reading pixels format 0x1908 type 0x1401 bpp 4
04-13 00:44:38.194 20692 20755 E AmazonCMS: IO Exception while parsing xml
04-13 00:44:38.196 20692 20755 D AmazonCMS: Cards are enabled, initializing card producer
04-13 00:44:38.200 20692 20755 D AmazonCMS: SourcesManager: registering source 'com.amazon.kindle.cms.app_manager' for user '*****' in profile '0'
04-13 00:44:38.204 23293 23326 I native-activity: Read pixels, GL error is 0x0
04-13 00:44:38.204 23293 23326 I native-activity: Swap 193 time is 18.289ms
04-13 00:44:38.204 23293 23326 I native-activity: Animating
04-13 00:44:38.204 23293 23326 I native-activity: Frame 194 GL error is 0x0
04-13 00:44:38.204 23293 23326 I native-activity: Frame 194 time is 0.208ms
04-13 00:44:38.204 23293 23326 I native-activity: Doing egl_swapbuffers_sync 1
04-13 00:44:38.204 23293 23326 D native-activity: Reading pixels format 0x1908 type 0x1401 bpp 4
04-13 00:44:38.212 20692 20755 D AmazonCMS: SourcesManager: registering source 'com.amazon.kindle.cms.collection_manager' for user '*****' in profile '0'
04-13 00:44:38.222 23293 23326 I native-activity: Read pixels, GL error is 0x0
04-13 00:44:38.222 23293 23326 I native-activity: Swap 194 time is 17.698ms
04-13 00:44:38.222 23293 23326 I native-activity: Animating
04-13 00:44:38.222 23293 23326 I native-activity: Frame 195 GL error is 0x0
04-13 00:44:38.222 23293 23326 I native-activity: Frame 195 time is 0.202ms
04-13 00:44:38.222 23293 23326 I native-activity: Doing egl_swapbuffers_sync 1
04-13 00:44:38.222 23293 23326 D native-activity: Reading pixels format 0x1908 type 0x1401 bpp 4
04-13 00:44:38.225 20692 20755 D AmazonCMS: CMS activity level changed, active: false
04-13 00:44:38.226 20692 20755 D AmazonCMS: notified to profile 0 with com.amazon.kindle.cms.STARTUP, Bundle[{profile_id=0, version=2.1.0.10}]
04-13 00:44:38.233 20692 20755 D AmazonCMS: CollectionSyncManager: user ***** is not connected for DELTA_SYNC sync. Disconnecting and reconnecting.
04-13 00:44:38.235 20692 20755 V AmazonCMS: SyncClient - Client is not connected; unable to disconnect.
04-13 00:44:38.237 20692 20755 D AmazonCMS: SyncClient - Connecting as user *****
04-13 00:44:38.240 23293 23326 I native-activity: Read pixels, GL error is 0x0
04-13 00:44:38.240 23293 23326 I native-activity: Swap 195 time is 18.143ms
04-13 00:44:38.240 23293 23326 I native-activity: Animating
04-13 00:44:38.240 23293 23326 I native-activity: Frame 196 GL error is 0x0
04-13 00:44:38.240 23293 23326 I native-activity: Frame 196 time is 0.214ms
04-13 00:44:38.240 23293 23326 I native-activity: Doing egl_swapbuffers_sync 1
04-13 00:44:38.240 23293 23326 D native-activity: Reading pixels format 0x1908 type 0x1401 bpp 4
04-13 00:44:38.244 20692 20755 V AmazonCMS: SubscriptionManager - Subscribing to dataset [*****] in namespace [*****]
04-13 00:44:38.247 20692 20755 V AmazonCMS: Subscribing to namespace: [*****]
04-13 00:44:38.249 20692 20755 V AmazonCMS: Subscribing to namespace: [*****]
04-13 00:44:38.258 23293 23326 I native-activity: Read pixels, GL error is 0x0
04-13 00:44:38.258 23293 23326 I native-activity: Swap 196 time is 17.647ms
04-13 00:44:38.258 23293 23326 I native-activity: Animating
04-13 00:44:38.258 23293 23326 I native-activity: Frame 197 GL error is 0x0
04-13 00:44:38.258 23293 23326 I native-activity: Frame 197 time is 0.198ms
04-13 00:44:38.258 23293 23326 I native-activity: Doing egl_swapbuffers_sync 1
04-13 00:44:38.258 23293 23326 D native-activity: Reading pixels format 0x1908 type 0x1401 bpp 4
04-13 00:44:38.240    82    82 I Kernel  : [45516.917481].(0)[82:mtk charger_hv_]charging_reset_watch_dog_timer
04-13 00:44:38.240    82    82 I Kernel  : [45516.918446].(0)[82:mtk charger_hv_]array_size = 16 
04-13 00:44:38.276 23293 23326 I native-activity: Read pixels, GL error is 0x0
04-13 00:44:38.276 23293 23326 I native-activity: Swap 197 time is 17.812ms
04-13 00:44:38.276 23293 23326 I native-activity: Animating
04-13 00:44:38.276 23293 23326 I native-activity: Frame 198 GL error is 0x0
04-13 00:44:38.276 23293 23326 I native-activity: Frame 198 time is 0.223ms
04-13 00:44:38.276 23293 23326 I native-activity: Doing egl_swapbuffers_sync 1
04-13 00:44:38.276 23293 23326 D native-activity: Reading pixels format 0x1908 type 0x1401 bpp 4
04-13 00:44:38.285 20692 21002 I DCP     : Sending 0 dataset update for 'CloudCollections' namespace
04-13 00:44:38.294 23293 23326 I native-activity: Read pixels, GL error is 0x0
04-13 00:44:38.294 23293 23326 I native-activity: Swap 198 time is 17.852ms
04-13 00:44:38.294 23293 23326 I native-activity: Animating
04-13 00:44:38.294 23293 23326 I native-activity: Frame 199 GL error is 0x0
04-13 00:44:38.294 23293 23326 I native-activity: Frame 199 time is 0.207ms
04-13 00:44:38.294 23293 23326 I native-activity: Doing egl_swapbuffers_sync 1
04-13 00:44:38.294 23293 23326 D native-activity: Reading pixels format 0x1908 type 0x1401 bpp 4
04-13 00:44:38.312 23293 23326 I native-activity: Read pixels, GL error is 0x0
04-13 00:44:38.312 23293 23326 I native-activity: Swap 199 time is 17.789ms
04-13 00:44:38.312 23293 23326 I native-activity: Animating
04-13 00:44:38.312 23293 23326 I native-activity: Frame 200 GL error is 0x0
04-13 00:44:38.312 23293 23326 I native-activity: Frame 200 time is 0.208ms
04-13 00:44:38.312 23293 23326 I native-activity: Doing egl_swapbuffers_sync 1
04-13 00:44:38.312 23293 23326 D native-activity: Reading pixels format 0x1908 type 0x1401 bpp 4
04-13 00:44:38.329 23293 23326 I native-activity: Read pixels, GL error is 0x0
04-13 00:44:38.329 23293 23326 I native-activity: Swap 200 time is 17.611ms
04-13 00:44:38.329 23293 23326 I native-activity: Animating
04-13 00:44:38.330 23293 23326 I native-activity: Frame 201 GL error is 0x0
04-13 00:44:38.330 23293 23326 I native-activity: Frame 201 time is 0.235ms
04-13 00:44:38.330 23293 23326 I native-activity: Doing egl_swapbuffers_sync 1
04-13 00:44:38.330 23293 23326 D native-activity: Reading pixels format 0x1908 type 0x1401 bpp 4
04-13 00:44:38.347 23293 23326 I native-activity: Read pixels, GL error is 0x0
04-13 00:44:38.347 23293 23326 I native-activity: Swap 201 time is 17.689ms
04-13 00:44:38.347 23293 23326 I native-activity: Animating
04-13 00:44:38.348 23293 23326 I native-activity: Frame 202 GL error is 0x0
04-13 00:44:38.348 23293 23326 I native-activity: Frame 202 time is 0.205ms
04-13 00:44:38.348 23293 23326 I native-activity: Doing egl_swapbuffers_sync 1
04-13 00:44:38.348 23293 23326 D native-activity: Reading pixels format 0x1908 type 0x1401 bpp 4
04-13 00:44:38.365 23293 23326 I native-activity: Read pixels, GL error is 0x0
04-13 00:44:38.365 23293 23326 I native-activity: Swap 202 time is 17.897ms
04-13 00:44:38.365 23293 23326 I native-activity: Animating
04-13 00:44:38.366 23293 23326 I native-activity: Frame 203 GL error is 0x0
04-13 00:44:38.366 23293 23326 I native-activity: Frame 203 time is 0.218ms
04-13 00:44:38.366 23293 23326 I native-activity: Doing egl_swapbuffers_sync 1
04-13 00:44:38.366 23293 23326 D native-activity: Reading pixels format 0x1908 type 0x1401 bpp 4
04-13 00:44:38.370 20692 21116 I DCP     : Sending 0 dataset update for 'CloudCollections' namespace
04-13 00:44:38.383 23293 23326 I native-activity: Read pixels, GL error is 0x0
04-13 00:44:38.383 23293 23326 I native-activity: Swap 203 time is 17.922ms
04-13 00:44:38.383 23293 23326 I native-activity: Animating
04-13 00:44:38.384 23293 23326 I native-activity: Frame 204 GL error is 0x0
04-13 00:44:38.384 23293 23326 I native-activity: Frame 204 time is 0.204ms
04-13 00:44:38.384 23293 23326 I native-activity: Doing egl_swapbuffers_sync 1
04-13 00:44:38.384 23293 23326 D native-activity: Reading pixels format 0x1908 type 0x1401 bpp 4
04-13 00:44:38.401 23293 23326 I native-activity: Read pixels, GL error is 0x0
04-13 00:44:38.402 23293 23326 I native-activity: Swap 204 time is 18.117ms
04-13 00:44:38.402 23293 23326 I native-activity: Animating
04-13 00:44:38.402 23293 23326 I native-activity: Frame 205 GL error is 0x0
04-13 00:44:38.402 23293 23326 I native-activity: Frame 205 time is 0.231ms
04-13 00:44:38.402 23293 23326 I native-activity: Doing egl_swapbuffers_sync 1
04-13 00:44:38.402 23293 23326 D native-activity: Reading pixels format 0x1908 type 0x1401 bpp 4
04-13 00:44:38.421 23293 23326 I native-activity: Read pixels, GL error is 0x0
04-13 00:44:38.421 23293 23326 I native-activity: Swap 205 time is 19.861ms
04-13 00:44:38.422 23293 23326 I native-activity: Animating
04-13 00:44:38.422 23293 23326 I native-activity: Frame 206 GL error is 0x0
04-13 00:44:38.422 23293 23326 I native-activity: Frame 206 time is 0.208ms
04-13 00:44:38.422 23293 23326 I native-activity: Doing egl_swapbuffers_sync 1
04-13 00:44:38.422 23293 23326 D native-activity: Reading pixels format 0x1908 type 0x1401 bpp 4
04-13 00:44:38.429 20692 20755 D AmazonCMS: Package com.android.music has been suppressed for user *****
04-13 00:44:38.441 23293 23326 I native-activity: Read pixels, GL error is 0x0
04-13 00:44:38.442 23293 23326 I native-activity: Swap 206 time is 20.408ms
04-13 00:44:38.442 23293 23326 I native-activity: Animating
04-13 00:44:38.442 23293 23326 I native-activity: Frame 207 GL error is 0x0
04-13 00:44:38.442 23293 23326 I native-activity: Frame 207 time is 0.244ms
04-13 00:44:38.442 23293 23326 I native-activity: Doing egl_swapbuffers_sync 1
04-13 00:44:38.442 23293 23326 D native-activity: Reading pixels format 0x1908 type 0x1401 bpp 4
04-13 00:44:38.440 21409 21409 I Kernel  : [45517.111773].(0)[21409:kworker/0:1H]regs_hotplug_callback cpu = 2
04-13 00:44:38.440 21409 21409 I Kernel  : [45517.111877].(0)[21409:kworker/0:1H]Boot slave CPU
04-13 00:44:38.440 21409 21409 I Kernel  : [45517.111891].(0)[21409:kworker/0:1H][Power/hotplug] boot_secondary, cpu: 2
04-13 00:44:38.440 21409 21409 I Kernel  : [45517.111905].(0)[21409:kworker/0:1H][Power/hotplug] SLAVE2_MAGIC_NUM:4c415332
04-13 00:44:38.440 21409 21409 I Kernel  : [45517.111917].(0)[21409:kworker/0:1H]mt_wakeup_cpu: not first boot!(2)
04-13 00:44:38.440     0     0 I Kernel  : [45517.112209]-(2)[0:swapper/2]CPU2: Booted secondary processor
