04-13 00:44:40.891 23293 23326 I native-activity: Doing egl_swapbuffers_sync 1
04-13 00:44:40.891 23293 23326 D native-activity: Reading pixels format 0x1908 type 0x1401 bpp 4
04-13 00:44:40.959 23293 23326 I native-activity: Read pixels, GL error is 0x0
04-13 00:44:40.960 23293 23326 I native-activity: Swap 245 time is 116.339ms
04-13 00:44:40.960 23293 23326 I native-activity: Animating
04-13 00:44:41.015 23293 23326 I native-activity: Frame 246 GL error is 0x500
04-13 00:44:41.015 23293 23326 I native-activity: Frame 246 time is 54.734ms
04-13 00:44:41.015 23293 23326 I native-activity: Doing egl_swapbuffers_sync 1
04-13 00:44:41.015 23293 23326 D native-activity: Reading pixels format 0x1908 type 0x1401 bpp 4
04-13 00:44:41.083 23293 23326 I native-activity: Read pixels, GL error is 0x0
04-13 00:44:41.083 23293 23326 I native-activity: Swap 246 time is 122.849ms
04-13 00:44:41.083 23293 23326 I native-activity: Animating
04-13 00:44:41.122 23293 23326 I native-activity: Frame 247 GL error is 0x501
04-13 00:44:41.122 23293 23326 I native-activity: Frame 247 time is 38.428ms
04-13 00:44:41.122 23293 23326 I native-activity: Doing egl_swapbuffers_sync 1
04-13 00:44:41.122 23293 23326 D native-activity: Reading pixels format 0x1908 type 0x1401 bpp 4
04-13 00:44:41.194 23293 23326 I native-activity: Read pixels, GL error is 0x0
04-13 00:44:41.194 23293 23326 I native-activity: Swap 247 time is 110.629ms
04-13 00:44:41.194 23293 23326 I native-activity: Animating
04-13 00:44:41.196  1787  1787 I AmazonLocationController: onWifiSignalChanged : connected : true
04-13 00:44:41.210 23293 23326 I native-activity: Frame 248 GL error is 0x0
04-13 00:44:41.210 23293 23326 I native-activity: Frame 248 time is 16.066ms
04-13 00:44:41.210 23293 23326 I native-activity: Doing egl_swapbuffers_sync 1
04-13 00:44:41.210 23293 23326 D native-activity: Reading pixels format 0x1908 type 0x1401 bpp 4
04-13 00:44:41.240    82    82 I Kernel  : [45519.920592].(0)[82:mtk charger_hv_]charging_reset_watch_dog_timer
04-13 00:44:41.250    82    82 I Kernel  : [45519.921505].(0)[82:mtk charger_hv_]array_size = 16 
04-13 00:44:41.283 23293 23326 I native-activity: Read pixels, GL error is 0x0
04-13 00:44:41.283 23293 23326 I native-activity: Swap 248 time is 88.522ms
04-13 00:44:41.283 23293 23326 I native-activity: Animating
04-13 00:44:41.326 23293 23326 I native-activity: Frame 249 GL error is 0x500
04-13 00:44:41.326 23293 23326 I native-activity: Frame 249 time is 43.135ms
04-13 00:44:41.326 23293 23326 I native-activity: Doing egl_swapbuffers_sync 1
04-13 00:44:41.326 23293 23326 D native-activity: Reading pixels format 0x1908 type 0x1401 bpp 4
04-13 00:44:41.398 23293 23326 I native-activity: Read pixels, GL error is 0x0
04-13 00:44:41.398 23293 23326 I native-activity: Swap 249 time is 115.372ms
04-13 00:44:41.399 23293 23326 I native-activity: Animating
04-13 00:44:41.420 23293 23326 I native-activity: Frame 250 GL error is 0x0
04-13 00:44:41.420 23293 23326 I native-activity: Frame 250 time is 21.378ms
04-13 00:44:41.420 23293 23326 I native-activity: Doing egl_swapbuffers_sync 1
04-13 00:44:41.420 23293 23326 D native-activity: Reading pixels format 0x1908 type 0x1401 bpp 4
04-13 00:44:41.492 23293 23326 I native-activity: Read pixels, GL error is 0x0
04-13 00:44:41.492 23293 23326 I native-activity: Swap 250 time is 93.710ms
04-13 00:44:41.492 23293 23326 I native-activity: Animating
04-13 00:44:41.516 23293 23326 I native-activity: Frame 251 GL error is 0x500
04-13 00:44:41.516 23293 23326 I native-activity: Frame 251 time is 23.107ms
04-13 00:44:41.516 23293 23326 I native-activity: Doing egl_swapbuffers_sync 1
04-13 00:44:41.516 23293 23326 D native-activity: Reading pixels format 0x1908 type 0x1401 bpp 4
04-13 00:44:41.588 23293 23326 I native-activity: Read pixels, GL error is 0x0
04-13 00:44:41.588 23293 23326 I native-activity: Swap 251 time is 95.326ms
04-13 00:44:41.588 23293 23326 I native-activity: Animating
04-13 00:44:41.613 23293 23326 I native-activity: Frame 252 GL error is 0x501
04-13 00:44:41.613 23293 23326 I native-activity: Frame 252 time is 24.816ms
04-13 00:44:41.613 23293 23326 I native-activity: Doing egl_swapbuffers_sync 1
04-13 00:44:41.613 23293 23326 D native-activity: Reading pixels format 0x1908 type 0x1401 bpp 4
04-13 00:44:41.680 21409 21409 I Kernel  : [45520.351891].(0)[21409:kworker/0:1H]regs_hotplug_callback cpu = 3
04-13 00:44:41.680    19    19 I Kernel  : [45520.352381]-(3)[19:migration/3][Power/hotplug] platform_cpu_disable, cpu: 3
04-13 00:44:41.680    19    19 I Kernel  : [45520.352644]-(3)[19:migration/3]regs_hotplug_callback cpu = 3
04-13 00:44:41.680     0     0 I Kernel  : [45520.352707]-(3)[0:swapper/3][Power/hotplug] platform_cpu_die, cpu: 3
04-13 00:44:41.680 21409 21409 I Kernel  : [45520.352725].(0)[21409:kworker/0:1H]CPU3: shutdown
04-13 00:44:41.680 21409 21409 I Kernel  : [45520.352740].(0)[21409:kworker/0:1H][Power/hotplug] platform_cpu_kill, cpu: 3
04-13 00:44:41.680 21409 21409 I Kernel  : [45520.353286].(0)[21409:kworker/0:1H]regs_hotplug_callback cpu = 3
04-13 00:44:41.680 21409 21409 I Kernel  : [45520.353573].(0)[21409:kworker/0:1H][WDK]cpu 3 plug off, kick wdt
04-13 00:44:41.680 21409 21409 I Kernel  : [45520.353666].(0)[21409:kworker/0:1H]regs_hotplug_callback cpu = 3
04-13 00:44:41.695 23293 23326 I native-activity: Read pixels, GL error is 0x0
04-13 00:44:41.695 23293 23326 I native-activity: Swap 252 time is 106.606ms
04-13 00:44:41.695 23293 23326 I native-activity: Animating
04-13 00:44:41.702 23293 23326 I native-activity: Frame 253 GL error is 0x0
04-13 00:44:41.702 23293 23326 I native-activity: Frame 253 time is 7.492ms
04-13 00:44:41.702 23293 23326 I native-activity: Doing egl_swapbuffers_sync 1
04-13 00:44:41.702 23293 23326 D native-activity: Reading pixels format 0x1908 type 0x1401 bpp 4
04-13 00:44:41.784 23293 23326 I native-activity: Read pixels, GL error is 0x0
04-13 00:44:41.784 23293 23326 I native-activity: Swap 253 time is 89.557ms
04-13 00:44:41.785 23293 23326 I native-activity: Animating
04-13 00:44:41.800 23293 23326 I native-activity: Frame 254 GL error is 0x0
04-13 00:44:41.800 23293 23326 I native-activity: Frame 254 time is 15.071ms
04-13 00:44:41.800 23293 23326 I native-activity: Doing egl_swapbuffers_sync 1
04-13 00:44:41.800 23293 23326 D native-activity: Reading pixels format 0x1908 type 0x1401 bpp 4
04-13 00:44:41.881 23293 23326 I native-activity: Read pixels, GL error is 0x0
04-13 00:44:41.881 23293 23326 I native-activity: Swap 254 time is 96.792ms
04-13 00:44:41.882 23293 23326 I native-activity: Animating
04-13 00:44:41.896 23293 23326 I native-activity: Frame 255 GL error is 0x0
04-13 00:44:41.897 23293 23326 I native-activity: Frame 255 time is 14.903ms
04-13 00:44:41.897 23293 23326 I native-activity: Doing egl_swapbuffers_sync 1
04-13 00:44:41.897 23293 23326 D native-activity: Reading pixels format 0x1908 type 0x1401 bpp 4
04-13 00:44:41.978 23293 23326 I native-activity: Read pixels, GL error is 0x0
04-13 00:44:41.978 23293 23326 I native-activity: Swap 255 time is 96.775ms
04-13 00:44:41.979 23293 23326 I native-activity: Animating
04-13 00:44:41.999 23293 23326 I native-activity: Frame 256 GL error is 0x0
04-13 00:44:41.999 23293 23326 I native-activity: Frame 256 time is 20.423ms
04-13 00:44:41.999 23293 23326 I native-activity: Doing egl_swapbuffers_sync 1
04-13 00:44:41.999 23293 23326 D native-activity: Reading pixels format 0x1908 type 0x1401 bpp 4
04-13 00:44:42.081 23293 23326 I native-activity: Read pixels, GL error is 0x0
04-13 00:44:42.081 23293 23326 I native-activity: Swap 256 time is 102.555ms
04-13 00:44:42.081 23293 23326 I native-activity: Animating
04-13 00:44:42.097 23293 23326 I native-activity: Frame 257 GL error is 0x0
04-13 00:44:42.097 23293 23326 I native-activity: Frame 257 time is 15.575ms
04-13 00:44:42.097 23293 23326 I native-activity: Doing egl_swapbuffers_sync 1
04-13 00:44:42.097 23293 23326 D native-activity: Reading pixels format 0x1908 type 0x1401 bpp 4
04-13 00:44:42.179 23293 23326 I native-activity: Read pixels, GL error is 0x0
04-13 00:44:42.179 23293 23326 I native-activity: Swap 257 time is 97.410ms
04-13 00:44:42.179 23293 23326 I native-activity: Animating
04-13 00:44:42.197 23293 23326 I native-activity: Frame 258 GL error is 0x0
04-13 00:44:42.197 23293 23326 I native-activity: Frame 258 time is 18.014ms
04-13 00:44:42.197 23293 23326 I native-activity: Doing egl_swapbuffers_sync 1
04-13 00:44:42.197 23293 23326 D native-activity: Reading pixels format 0x1908 type 0x1401 bpp 4
04-13 00:44:42.250    82    82 I Kernel  : [45520.921656].(0)[82:mtk charger_hv_]charging_reset_watch_dog_timer
04-13 00:44:42.250    82    82 I Kernel  : [45520.923625].(0)[82:mtk charger_hv_]array_size = 16 
04-13 00:44:42.279 23293 23326 I native-activity: Read pixels, GL error is 0x0
04-13 00:44:42.279 23293 23326 I native-activity: Swap 258 time is 99.909ms
04-13 00:44:42.279 23293 23326 I native-activity: Animating
04-13 00:44:42.294 23293 23326 I native-activity: Context 0xb91b8680 made current on surface 0xb91ab710, error 0x3000
04-13 00:44:42.294 23293 23326 I native-activity: GL information
04-13 00:44:42.294 23293 23326 I native-activity: 	Renderer: Mali-450 MP
04-13 00:44:42.294 23293 23326 I native-activity: 	Vendor: ARM
04-13 00:44:42.294 23293 23326 I native-activity: 	Version: OpenGL ES 2.0
04-13 00:44:42.294 23293 23326 I native-activity: 	Shading Language: OpenGL ES GLSL ES 1.00
04-13 00:44:42.294 23293 23326 I native-activity: 	Extensions: GL_EXT_debug_marker GL_OES_texture_npot GL_OES_compressed_ETC1_RGB8_texture GL_OES_standard_derivatives GL_OES_EGL_image GL_OES_depth24 GL_ARM_rgba8 GL_ARM_mali_shader_binary GL_OES_depth_texture GL_OES_packed_depth_stencil GL_EXT_texture_format_BGRA8888 GL_OES_vertex_half_float GL_EXT_blend_minmax GL_OES_EGL_image_external GL_OES_EGL_sync GL_OES_rgb8_rgba8 GL_EXT_multisampled_render_to_texture GL_EXT_discard_framebuffer GL_OES_get_program_binary GL_ARM_mali_program_binary GL_EXT_shader_texture_lod GL_EXT_robustness GL_OES_depth_texture_cube_map GL_KHR_debug 
04-13 00:44:42.294 23293 23326 I native-activity: Context 0xb91b8680 made current on surface 0xb91ab710, error 0x3000
04-13 00:44:42.295 23293 23326 I native-activity: GL information
04-13 00:44:42.295 23293 23326 I native-activity: 	Renderer: Mali-450 MP
04-13 00:44:42.295 23293 23326 I native-activity: 	Vendor: ARM
04-13 00:44:42.295 23293 23326 I native-activity: 	Version: OpenGL ES 2.0
04-13 00:44:42.295 23293 23326 I native-activity: 	Shading Language: OpenGL ES GLSL ES 1.00
04-13 00:44:42.295 23293 23326 I native-activity: 	Extensions: GL_EXT_debug_marker GL_OES_texture_npot GL_OES_compressed_ETC1_RGB8_texture GL_OES_standard_derivatives GL_OES_EGL_image GL_OES_depth24 GL_ARM_rgba8 GL_ARM_mali_shader_binary GL_OES_depth_texture GL_OES_packed_depth_stencil GL_EXT_texture_format_BGRA8888 GL_OES_vertex_half_float GL_EXT_blend_minmax GL_OES_EGL_image_external GL_OES_EGL_sync GL_OES_rgb8_rgba8 GL_EXT_multisampled_render_to_texture GL_EXT_discard_framebuffer GL_OES_get_program_binary GL_ARM_mali_program_binary GL_EXT_shader_texture_lod GL_EXT_robustness GL_OES_depth_texture_cube_map GL_KHR_debug 
04-13 00:44:42.295 23293 23326 I native-activity: Frame 259 GL error is 0x501
04-13 00:44:42.295 23293 23326 I native-activity: Frame 259 time is 15.620ms
04-13 00:44:42.295 23293 23326 I native-activity: Doing egl_swapbuffers_sync 1
04-13 00:44:42.295 23293 23326 D native-activity: Reading pixels format 0x1908 type 0x1401 bpp 4
04-13 00:44:42.376 23293 23326 I native-activity: Read pixels, GL error is 0x0
04-13 00:44:42.377 23293 23326 I native-activity: Swap 259 time is 97.379ms
04-13 00:44:42.377 23293 23326 I native-activity: Animating
04-13 00:44:42.393 23293 23326 I native-activity: Frame 260 GL error is 0x500
04-13 00:44:42.393 23293 23326 I native-activity: Frame 260 time is 16.310ms
04-13 00:44:42.393 23293 23326 I native-activity: Doing egl_swapbuffers_sync 1
04-13 00:44:42.393 23293 23326 D native-activity: Reading pixels format 0x1908 type 0x1401 bpp 4
04-13 00:44:42.475 23293 23326 I native-activity: Read pixels, GL error is 0x0
04-13 00:44:42.475 23293 23326 I native-activity: Swap 260 time is 98.218ms
04-13 00:44:42.475 23293 23326 I native-activity: Animating
04-13 00:44:42.495 23293 23326 I native-activity: Frame 261 GL error is 0x0
04-13 00:44:42.495 23293 23326 I native-activity: Frame 261 time is 19.396ms
04-13 00:44:42.495 23293 23326 I native-activity: Doing egl_swapbuffers_sync 1
04-13 00:44:42.495 23293 23326 D native-activity: Reading pixels format 0x1908 type 0x1401 bpp 4
04-13 00:44:42.576 23293 23326 I native-activity: Read pixels, GL error is 0x0
04-13 00:44:42.576 23293 23326 I native-activity: Swap 261 time is 101.229ms
04-13 00:44:42.577 23293 23326 I native-activity: Animating
04-13 00:44:42.591 23293 23326 I native-activity: Frame 262 GL error is 0x0
04-13 00:44:42.591 23293 23326 I native-activity: Frame 262 time is 14.561ms
04-13 00:44:42.591 23293 23326 I native-activity: Doing egl_swapbuffers_sync 1
04-13 00:44:42.591 23293 23326 D native-activity: Reading pixels format 0x1908 type 0x1401 bpp 4
04-13 00:44:42.610     0     0 I Kernel  : [45521.288635]-(0)[0:swapper/0]dpi vsync
04-13 00:44:42.673 23293 23326 I native-activity: Read pixels, GL error is 0x0
04-13 00:44:42.673 23293 23326 I native-activity: Swap 262 time is 95.957ms
04-13 00:44:42.673 23293 23326 I native-activity: Animating
04-13 00:44:42.694 23293 23326 I native-activity: Frame 263 GL error is 0x0
04-13 00:44:42.694 23293 23326 I native-activity: Frame 263 time is 21.030ms
04-13 00:44:42.694 23293 23326 I native-activity: Doing egl_swapbuffers_sync 1
04-13 00:44:42.694 23293 23326 D native-activity: Reading pixels format 0x1908 type 0x1401 bpp 4
04-13 00:44:42.775 23293 23326 I native-activity: Read pixels, GL error is 0x0
04-13 00:44:42.775 23293 23326 I native-activity: Swap 263 time is 102.525ms
04-13 00:44:42.776 23293 23326 I native-activity: Animating
04-13 00:44:42.794 23293 23326 I native-activity: Frame 264 GL error is 0x0
04-13 00:44:42.794 23293 23326 I native-activity: Frame 264 time is 17.991ms
04-13 00:44:42.794 23293 23326 I native-activity: Doing egl_swapbuffers_sync 1
04-13 00:44:42.794 23293 23326 D native-activity: Reading pixels format 0x1908 type 0x1401 bpp 4
04-13 00:44:42.875 23293 23326 I native-activity: Read pixels, GL error is 0x0
04-13 00:44:42.875 23293 23326 I native-activity: Swap 264 time is 99.374ms
04-13 00:44:42.875 23293 23326 I native-activity: Animating
04-13 00:44:42.889 23293 23326 I native-activity: Frame 265 GL error is 0x0
04-13 00:44:42.889 23293 23326 I native-activity: Frame 265 time is 13.685ms
04-13 00:44:42.889 23293 23326 I native-activity: Doing egl_swapbuffers_sync 1
04-13 00:44:42.889 23293 23326 D native-activity: Reading pixels format 0x1908 type 0x1401 bpp 4
04-13 00:44:42.970 23293 23326 I native-activity: Read pixels, GL error is 0x0
04-13 00:44:42.971 23293 23326 I native-activity: Swap 265 time is 95.555ms
04-13 00:44:42.971 23293 23326 I native-activity: Animating
04-13 00:44:42.988 23293 23326 I native-activity: Frame 266 GL error is 0x0
04-13 00:44:42.988 23293 23326 I native-activity: Frame 266 time is 17.357ms
04-13 00:44:42.988 23293 23326 I native-activity: Doing egl_swapbuffers_sync 1
04-13 00:44:42.989 23293 23326 D native-activity: Reading pixels format 0x1908 type 0x1401 bpp 4
04-13 00:44:43.070 23293 23326 I native-activity: Read pixels, GL error is 0x0
04-13 00:44:43.070 23293 23326 I native-activity: Swap 266 time is 99.054ms
04-13 00:44:43.070 23293 23326 I native-activity: Animating
04-13 00:44:43.087 23293 23326 I native-activity: Frame 267 GL error is 0x0
04-13 00:44:43.087 23293 23326 I native-activity: Frame 267 time is 16.574ms
04-13 00:44:43.087 23293 23326 I native-activity: Doing egl_swapbuffers_sync 1
04-13 00:44:43.087 23293 23326 D native-activity: Reading pixels format 0x1908 type 0x1401 bpp 4
04-13 00:44:43.168 23293 23326 I native-activity: Read pixels, GL error is 0x0
04-13 00:44:43.169 23293 23326 I native-activity: Swap 267 time is 98.169ms
04-13 00:44:43.169 23293 23326 I native-activity: Animating
04-13 00:44:43.186 23293 23326 I native-activity: Frame 268 GL error is 0x0
04-13 00:44:43.186 23293 23326 I native-activity: Frame 268 time is 17.228ms
04-13 00:44:43.186 23293 23326 I native-activity: Doing egl_swapbuffers_sync 1
04-13 00:44:43.186 23293 23326 D native-activity: Reading pixels format 0x1908 type 0x1401 bpp 4
04-13 00:44:43.249   917 25027 W AmazonActivityManagerService: packageLifetimeHint: amazon.internal.SystemJumpTable$ProcessRecord@349ea45a is active, cannot move
04-13 00:44:43.250  2059  2059 W Precog  : PackagePrewarmActor: Call to packageLifetimeHint failed, res = -1
04-13 00:44:43.252  2059  2059 I Vlog    : PfxPrecog:LruHint:fgtracking=false;DV;1,key=confidence;DV;1,Counter=1.000000;CT;1,unit=null;DV;1,metadata=version%235510%7Cpkg%23com.amazon.firelauncher%7C;DV;1:HI
04-13 00:44:43.254  2059  2059 I Vlog    : PfxPrecog:LruHint:fgtracking=false;DV;1,key=failure;DV;1,Counter=1.000000;CT;1,unit=null;DV;1,metadata=version%235510%7Cpkg%23com.amazon.firelauncher%7C;DV;1:HI
04-13 00:44:43.250    82    82 I Kernel  : [45521.923725].(0)[82:mtk charger_hv_]charging_reset_watch_dog_timer
04-13 00:44:43.250    82    82 I Kernel  : [45521.924643].(0)[82:mtk charger_hv_]array_size = 16 
04-13 00:44:43.267 23293 23326 I native-activity: Read pixels, GL error is 0x0
04-13 00:44:43.268 23293 23326 I native-activity: Swap 268 time is 98.843ms
04-13 00:44:43.268 23293 23326 I native-activity: Animating
04-13 00:44:43.295 23293 23326 I native-activity: Frame 269 GL error is 0x0
04-13 00:44:43.295 23293 23326 I native-activity: Frame 269 time is 27.378ms
04-13 00:44:43.295 23293 23326 I native-activity: Doing egl_swapbuffers_sync 1
04-13 00:44:43.295 23293 23326 D native-activity: Reading pixels format 0x1908 type 0x1401 bpp 4
04-13 00:44:43.376 23293 23326 I native-activity: Read pixels, GL error is 0x0
04-13 00:44:43.377 23293 23326 I native-activity: Swap 269 time is 108.751ms
04-13 00:44:43.377 23293 23326 I native-activity: Animating
04-13 00:44:43.399 23293 23326 I native-activity: Frame 270 GL error is 0x0
04-13 00:44:43.399 23293 23326 I native-activity: Frame 270 time is 22.294ms
04-13 00:44:43.399 23293 23326 I native-activity: Doing egl_swapbuffers_sync 1
04-13 00:44:43.399 23293 23326 D native-activity: Reading pixels format 0x1908 type 0x1401 bpp 4
04-13 00:44:43.481 23293 23326 I native-activity: Read pixels, GL error is 0x0
04-13 00:44:43.481 23293 23326 I native-activity: Swap 270 time is 104.415ms
04-13 00:44:43.481 23293 23326 I native-activity: Animating
04-13 00:44:43.496 23293 23326 I native-activity: Frame 271 GL error is 0x0
04-13 00:44:43.496 23293 23326 I native-activity: Frame 271 time is 14.797ms
04-13 00:44:43.496 23293 23326 I native-activity: Doing egl_swapbuffers_sync 1
04-13 00:44:43.496 23293 23326 D native-activity: Reading pixels format 0x1908 type 0x1401 bpp 4
04-13 00:44:43.578 23293 23326 I native-activity: Read pixels, GL error is 0x0
04-13 00:44:43.578 23293 23326 I native-activity: Swap 271 time is 96.691ms
04-13 00:44:43.578 23293 23326 I native-activity: Animating
04-13 00:44:43.587 23293 23326 I native-activity: Frame 272 GL error is 0x0
04-13 00:44:43.588 23293 23326 I native-activity: Frame 272 time is 9.191ms
04-13 00:44:43.588 23293 23326 I native-activity: Doing egl_swapbuffers_sync 1
04-13 00:44:43.588 23293 23326 D native-activity: Reading pixels format 0x1908 type 0x1401 bpp 4
04-13 00:44:43.669 23293 23326 I native-activity: Read pixels, GL error is 0x0
04-13 00:44:43.670 23293 23326 I native-activity: Swap 272 time is 91.228ms
04-13 00:44:43.670 23293 23326 I native-activity: Animating
04-13 00:44:43.677 23293 23326 I native-activity: Frame 273 GL error is 0x0
04-13 00:44:43.677 23293 23326 I native-activity: Frame 273 time is 7.689ms
04-13 00:44:43.677 23293 23326 I native-activity: Doing egl_swapbuffers_sync 1
04-13 00:44:43.677 23293 23326 D native-activity: Reading pixels format 0x1908 type 0x1401 bpp 4
04-13 00:44:43.759 23293 23326 I native-activity: Read pixels, GL error is 0x0
04-13 00:44:43.760 23293 23326 I native-activity: Swap 273 time is 89.835ms
04-13 00:44:43.760 23293 23326 I native-activity: Animating
04-13 00:44:43.795 23293 23326 I native-activity: Frame 274 GL error is 0x501
04-13 00:44:43.795 23293 23326 I native-activity: Frame 274 time is 35.229ms
04-13 00:44:43.795 23293 23326 I native-activity: Doing egl_swapbuffers_sync 1
04-13 00:44:43.795 23293 23326 D native-activity: Reading pixels format 0x1908 type 0x1401 bpp 4
04-13 00:44:43.800 25161 25161 I Kernel  : [45522.471641].(0)[25161:kworker/0:2]virtual_sensor_thermal_get_temp mtktsbattery t=25000 a=7 o=-9500 w=437
04-13 00:44:43.800 25161 25161 I Kernel  : [45522.471730].(0)[25161:kworker/0:2]virtual_sensor_thermal_get_temp mtkts_bts t=32000 a=15 o=-1000 w=113
04-13 00:44:43.800 25161 25161 I Kernel  : [45522.472132].(0)[25161:kworker/0:2]virtual_sensor_thermal_get_temp mtktspmic t=44628 a=4 o=18000 w=450
04-13 00:44:43.800 25161 25161 I Kernel  : [45522.472174].(0)[25161:kworker/0:2]virtual_sensor_thermal_get_temp mtktswmt t=33000 a=1000 o=-5000 w=0
04-13 00:44:43.852   917  1642 D ConnectivityService: updateNetworkScore for NetworkAgentInfo [WIFI () - 100] to 56
04-13 00:44:43.852   917  1642 D ConnectivityService: rematching NetworkAgentInfo [WIFI () - 100]
04-13 00:44:43.852   917  1642 D ConnectivityService: Network NetworkAgentInfo [WIFI () - 100] was already satisfying request 1. No change.
04-13 00:44:43.852   917  1642 D ConnectivityService: notifyType AVAILABLE for NetworkAgentInfo [WIFI () - 100]
04-13 00:44:43.855 21121 21279 D ConnectivityManager.CallbackHandler: CM callback handler got msg 524290
04-13 00:44:43.855  1787  2595 D ConnectivityManager.CallbackHandler: CM callback handler got msg 524290
04-13 00:44:43.840  2159  2159 I Kernel  : [45522.512896].(0)[2159:wpa_supplicant]poorlink get state G(361732)F(49)dbad(0)dretry(0)LT(405)RT(-79)W(0)(12269)
04-13 00:44:43.840  2137  2137 I Kernel  : [45522.513401][wlan] nicTxReleaseResource: (TX STATE)
04-13 00:44:43.840  2137  2137 I Kernel  : Release: TC4 count 1, Free=4; TC5 count 0, Free=4
04-13 00:44:43.877 23293 23326 I native-activity: Read pixels, GL error is 0x0
04-13 00:44:43.877 23293 23326 I native-activity: Swap 274 time is 116.889ms
04-13 00:44:43.877 23293 23326 I native-activity: Animating
04-13 00:44:43.894 23293 23326 I native-activity: Frame 275 GL error is 0x0
04-13 00:44:43.894 23293 23326 I native-activity: Frame 275 time is 17.405ms
04-13 00:44:43.894 23293 23326 I native-activity: Doing egl_swapbuffers_sync 1
04-13 00:44:43.895 23293 23326 D native-activity: Reading pixels format 0x1908 type 0x1401 bpp 4
04-13 00:44:43.976 23293 23326 I native-activity: Read pixels, GL error is 0x0
04-13 00:44:43.976 23293 23326 I native-activity: Swap 275 time is 99.543ms
04-13 00:44:43.977 23293 23326 I native-activity: Animating
04-13 00:44:43.992 23293 23326 I native-activity: Frame 276 GL error is 0x0
04-13 00:44:43.992 23293 23326 I native-activity: Frame 276 time is 15.756ms
04-13 00:44:43.993 23293 23326 I native-activity: Doing egl_swapbuffers_sync 1
04-13 00:44:43.993 23293 23326 D native-activity: Reading pixels format 0x1908 type 0x1401 bpp 4
04-13 00:44:44.074 23293 23326 I native-activity: Read pixels, GL error is 0x0
04-13 00:44:44.075 23293 23326 I native-activity: Swap 276 time is 97.860ms
04-13 00:44:44.075 23293 23326 I native-activity: Animating
04-13 00:44:44.093 23293 23326 I native-activity: Frame 277 GL error is 0x0
04-13 00:44:44.093 23293 23326 I native-activity: Frame 277 time is 18.208ms
04-13 00:44:44.093 23293 23326 I native-activity: Doing egl_swapbuffers_sync 1
04-13 00:44:44.093 23293 23326 D native-activity: Reading pixels format 0x1908 type 0x1401 bpp 4
04-13 00:44:44.175 23293 23326 I native-activity: Read pixels, GL error is 0x0
04-13 00:44:44.175 23293 23326 I native-activity: Swap 277 time is 99.890ms
04-13 00:44:44.175 23293 23326 I native-activity: Animating
04-13 00:44:44.188 20692 20755 I AmazonCMS: CMS is no longer being used, shutting down...
04-13 00:44:44.190 20692 20755 D AmazonCMS: Reconciler closing
04-13 00:44:44.196 23293 23326 I native-activity: Frame 278 GL error is 0x0
04-13 00:44:44.197 23293 23326 I native-activity: Frame 278 time is 21.737ms
04-13 00:44:44.197 23293 23326 I native-activity: Doing egl_swapbuffers_sync 1
04-13 00:44:44.197 23293 23326 D native-activity: Reading pixels format 0x1908 type 0x1401 bpp 4
04-13 00:44:44.250    82    82 I Kernel  : [45522.924704].(0)[82:mtk charger_hv_]charging_reset_watch_dog_timer
04-13 00:44:44.250    82    82 I Kernel  : [45522.925555].(0)[82:mtk charger_hv_]array_size = 16 
04-13 00:44:44.281 23293 23326 I native-activity: Read pixels, GL error is 0x0
04-13 00:44:44.281 23293 23326 I native-activity: Swap 278 time is 106.291ms
04-13 00:44:44.281 23293 23326 I native-activity: Animating
04-13 00:44:44.291 23293 23326 I native-activity: Frame 279 GL error is 0x0
04-13 00:44:44.291 23293 23326 I native-activity: Frame 279 time is 9.851ms
04-13 00:44:44.291 23293 23326 I native-activity: Doing egl_swapbuffers_sync 1
04-13 00:44:44.291 23293 23326 D native-activity: Reading pixels format 0x1908 type 0x1401 bpp 4
04-13 00:44:44.373 23293 23326 I native-activity: Read pixels, GL error is 0x0
04-13 00:44:44.373 23293 23326 I native-activity: Swap 279 time is 91.602ms
04-13 00:44:44.373 23293 23326 I native-activity: Animating
04-13 00:44:44.388 23293 23326 I native-activity: Frame 280 GL error is 0x0
04-13 00:44:44.388 23293 23326 I native-activity: Frame 280 time is 14.491ms
04-13 00:44:44.388 23293 23326 I native-activity: Doing egl_swapbuffers_sync 1
04-13 00:44:44.388 23293 23326 D native-activity: Reading pixels format 0x1908 type 0x1401 bpp 4
04-13 00:44:44.469 23293 23326 I native-activity: Read pixels, GL error is 0x0
04-13 00:44:44.469 23293 23326 I native-activity: Swap 280 time is 96.064ms
04-13 00:44:44.469 23293 23326 I native-activity: Animating
04-13 00:44:44.478 23293 23326 I native-activity: Frame 281 GL error is 0x0
04-13 00:44:44.478 23293 23326 I native-activity: Frame 281 time is 8.713ms
04-13 00:44:44.478 23293 23326 I native-activity: Doing egl_swapbuffers_sync 1
04-13 00:44:44.478 23293 23326 D native-activity: Reading pixels format 0x1908 type 0x1401 bpp 4
04-13 00:44:44.560 23293 23326 I native-activity: Read pixels, GL error is 0x0
04-13 00:44:44.560 23293 23326 I native-activity: Swap 281 time is 91.009ms
04-13 00:44:44.561 23293 23326 I native-activity: Animating
04-13 00:44:44.572 23293 23326 I native-activity: Frame 282 GL error is 0x0
04-13 00:44:44.572 23293 23326 I native-activity: Frame 282 time is 10.974ms
04-13 00:44:44.573 23293 23326 I native-activity: Doing egl_swapbuffers_sync 1
04-13 00:44:44.573 23293 23326 D native-activity: Reading pixels format 0x1908 type 0x1401 bpp 4
04-13 00:44:44.654 23293 23326 I native-activity: Read pixels, GL error is 0x0
04-13 00:44:44.654 23293 23326 I native-activity: Swap 282 time is 93.088ms
04-13 00:44:44.654 23293 23326 I native-activity: Animating
04-13 00:44:44.640 23293 23326 I Kernel  : [45523.320800]-(0)[23326:Thread-7327]dpi vsync
04-13 00:44:44.663 23293 23326 I native-activity: Frame 283 GL error is 0x0
04-13 00:44:44.663 23293 23326 I native-activity: Frame 283 time is 8.789ms
04-13 00:44:44.663 23293 23326 I native-activity: Doing egl_swapbuffers_sync 1
04-13 00:44:44.663 23293 23326 D native-activity: Reading pixels format 0x1908 type 0x1401 bpp 4
04-13 00:44:44.680 21409 21409 I Kernel  : [45523.351964].(0)[21409:kworker/0:1H]regs_hotplug_callback cpu = 2
04-13 00:44:44.680    15    15 I Kernel  : [45523.352407]-(2)[15:migration/2][Power/hotplug] platform_cpu_disable, cpu: 2
04-13 00:44:44.680    15    15 I Kernel  : [45523.352658]-(2)[15:migration/2]regs_hotplug_callback cpu = 2
04-13 00:44:44.680     0     0 I Kernel  : [45523.352718]-(2)[0:swapper/2][Power/hotplug] platform_cpu_die, cpu: 2
04-13 00:44:44.680 21409 21409 I Kernel  : [45523.353454].(0)[21409:kworker/0:1H]CPU2: shutdown
04-13 00:44:44.680 21409 21409 I Kernel  : [45523.353479].(0)[21409:kworker/0:1H][Power/hotplug] platform_cpu_kill, cpu: 2
04-13 00:44:44.680 21409 21409 I Kernel  : [45523.353955].(0)[21409:kworker/0:1H]regs_hotplug_callback cpu = 2
04-13 00:44:44.680 21409 21409 I Kernel  : [45523.354274].(0)[21409:kworker/0:1H][WDK]cpu 2 plug off, kick wdt
04-13 00:44:44.680 21409 21409 I Kernel  : [45523.354362].(0)[21409:kworker/0:1H]regs_hotplug_callback cpu = 2
04-13 00:44:44.745 23293 23326 I native-activity: Read pixels, GL error is 0x0
04-13 00:44:44.745 23293 23326 I native-activity: Swap 283 time is 90.680ms
04-13 00:44:44.745 23293 23326 I native-activity: Animating
04-13 00:44:44.756 23293 23326 I native-activity: Frame 284 GL error is 0x0
04-13 00:44:44.756 23293 23326 I native-activity: Frame 284 time is 11.101ms
04-13 00:44:44.756 23293 23326 I native-activity: Doing egl_swapbuffers_sync 1
04-13 00:44:44.756 23293 23326 D native-activity: Reading pixels format 0x1908 type 0x1401 bpp 4
04-13 00:44:44.838 23293 23326 I native-activity: Read pixels, GL error is 0x0
04-13 00:44:44.838 23293 23326 I native-activity: Swap 284 time is 92.899ms
04-13 00:44:44.838 23293 23326 I native-activity: Animating
04-13 00:44:44.854 23293 23326 I native-activity: Frame 285 GL error is 0x0
04-13 00:44:44.854 23293 23326 I native-activity: Frame 285 time is 15.649ms
04-13 00:44:44.854 23293 23326 I native-activity: Doing egl_swapbuffers_sync 1
04-13 00:44:44.854 23293 23326 D native-activity: Reading pixels format 0x1908 type 0x1401 bpp 4
04-13 00:44:44.935 23293 23326 I native-activity: Read pixels, GL error is 0x0
04-13 00:44:44.935 23293 23326 I native-activity: Swap 285 time is 97.104ms
04-13 00:44:44.936 23293 23326 I native-activity: Animating
04-13 00:44:44.950 23293 23326 I native-activity: Frame 286 GL error is 0x0
04-13 00:44:44.950 23293 23326 I native-activity: Frame 286 time is 14.448ms
04-13 00:44:44.950 23293 23326 I native-activity: Doing egl_swapbuffers_sync 1
04-13 00:44:44.950 23293 23326 D native-activity: Reading pixels format 0x1908 type 0x1401 bpp 4
04-13 00:44:45.032 23293 23326 I native-activity: Read pixels, GL error is 0x0
04-13 00:44:45.032 23293 23326 I native-activity: Swap 286 time is 95.995ms
04-13 00:44:45.032 23293 23326 I native-activity: Animating
04-13 00:44:45.047 23293 23326 I native-activity: Frame 287 GL error is 0x0
04-13 00:44:45.047 23293 23326 I native-activity: Frame 287 time is 15.236ms
04-13 00:44:45.047 23293 23326 I native-activity: Doing egl_swapbuffers_sync 1
04-13 00:44:45.047 23293 23326 D native-activity: Reading pixels format 0x1908 type 0x1401 bpp 4
04-13 00:44:45.129 23293 23326 I native-activity: Read pixels, GL error is 0x0
04-13 00:44:45.129 23293 23326 I native-activity: Swap 287 time is 96.887ms
04-13 00:44:45.129 23293 23326 I native-activity: Animating
04-13 00:44:45.143 23293 23326 I native-activity: Frame 288 GL error is 0x0
04-13 00:44:45.144 23293 23326 I native-activity: Frame 288 time is 14.501ms
04-13 00:44:45.144 23293 23326 I native-activity: Doing egl_swapbuffers_sync 1
04-13 00:44:45.144 23293 23326 D native-activity: Reading pixels format 0x1908 type 0x1401 bpp 4
04-13 00:44:45.225 23293 23326 I native-activity: Read pixels, GL error is 0x0
04-13 00:44:45.225 23293 23326 I native-activity: Swap 288 time is 96.057ms
04-13 00:44:45.225 23293 23326 I native-activity: Animating
04-13 00:44:45.242 23293 23326 I native-activity: Frame 289 GL error is 0x0
04-13 00:44:45.242 23293 23326 I native-activity: Frame 289 time is 16.460ms
04-13 00:44:45.242 23293 23326 I native-activity: Doing egl_swapbuffers_sync 1
04-13 00:44:45.242 23293 23326 D native-activity: Reading pixels format 0x1908 type 0x1401 bpp 4
04-13 00:44:45.250    82    82 I Kernel  : [45523.925666].(0)[82:mtk charger_hv_]charging_reset_watch_dog_timer
04-13 00:44:45.250    82    82 I Kernel  : [45523.926567].(0)[82:mtk charger_hv_]array_size = 16 
04-13 00:44:45.324 23293 23326 I native-activity: Read pixels, GL error is 0x0
04-13 00:44:45.325 23293 23326 I native-activity: Swap 289 time is 99.234ms
04-13 00:44:45.325 23293 23326 I native-activity: Animating
04-13 00:44:45.342 23293 23326 I native-activity: Frame 290 GL error is 0x0
04-13 00:44:45.342 23293 23326 I native-activity: Frame 290 time is 17.014ms
04-13 00:44:45.342 23293 23326 I native-activity: Doing egl_swapbuffers_sync 1
04-13 00:44:45.342 23293 23326 D native-activity: Reading pixels format 0x1908 type 0x1401 bpp 4
04-13 00:44:45.424 23293 23326 I native-activity: Read pixels, GL error is 0x0
04-13 00:44:45.425 23293 23326 I native-activity: Swap 290 time is 99.828ms
04-13 00:44:45.425 23293 23326 I native-activity: Animating
04-13 00:44:45.438 23293 23326 I native-activity: Frame 291 GL error is 0x0
04-13 00:44:45.438 23293 23326 I native-activity: Frame 291 time is 13.443ms
04-13 00:44:45.438 23293 23326 I native-activity: Doing egl_swapbuffers_sync 1
04-13 00:44:45.438 23293 23326 D native-activity: Reading pixels format 0x1908 type 0x1401 bpp 4
04-13 00:44:45.520 23293 23326 I native-activity: Read pixels, GL error is 0x0
04-13 00:44:45.520 23293 23326 I native-activity: Swap 291 time is 95.449ms
04-13 00:44:45.520 23293 23326 I native-activity: Animating
04-13 00:44:45.533 23293 23326 I native-activity: Frame 292 GL error is 0x0
04-13 00:44:45.533 23293 23326 I native-activity: Frame 292 time is 12.835ms
04-13 00:44:45.533 23293 23326 I native-activity: Doing egl_swapbuffers_sync 1
04-13 00:44:45.533 23293 23326 D native-activity: Reading pixels format 0x1908 type 0x1401 bpp 4
04-13 00:44:45.615 23293 23326 I native-activity: Read pixels, GL error is 0x0
04-13 00:44:45.615 23293 23326 I native-activity: Swap 292 time is 94.847ms
04-13 00:44:45.616 23293 23326 I native-activity: Animating
04-13 00:44:45.633 23293 23326 I native-activity: Frame 293 GL error is 0x0
04-13 00:44:45.633 23293 23326 I native-activity: Frame 293 time is 17.080ms
04-13 00:44:45.633 23293 23326 I native-activity: Doing egl_swapbuffers_sync 1
04-13 00:44:45.633 23293 23326 D native-activity: Reading pixels format 0x1908 type 0x1401 bpp 4
04-13 00:44:45.714 23293 23326 I native-activity: Read pixels, GL error is 0x0
04-13 00:44:45.715 23293 23326 I native-activity: Swap 293 time is 98.939ms
04-13 00:44:45.715 23293 23326 I native-activity: Animating
04-13 00:44:45.730 23293 23326 I native-activity: Frame 294 GL error is 0x0
04-13 00:44:45.730 23293 23326 I native-activity: Frame 294 time is 15.535ms
04-13 00:44:45.730 23293 23326 I native-activity: Doing egl_swapbuffers_sync 1
04-13 00:44:45.730 23293 23326 D native-activity: Reading pixels format 0x1908 type 0x1401 bpp 4
04-13 00:44:45.812 23293 23326 I native-activity: Read pixels, GL error is 0x0
04-13 00:44:45.812 23293 23326 I native-activity: Swap 294 time is 97.321ms
04-13 00:44:45.812 23293 23326 I native-activity: Animating
04-13 00:44:45.830 23293 23326 I native-activity: Frame 295 GL error is 0x0
04-13 00:44:45.830 23293 23326 I native-activity: Frame 295 time is 17.442ms
04-13 00:44:45.830 23293 23326 I native-activity: Doing egl_swapbuffers_sync 1
04-13 00:44:45.830 23293 23326 D native-activity: Reading pixels format 0x1908 type 0x1401 bpp 4
04-13 00:44:45.911 23293 23326 I native-activity: Read pixels, GL error is 0x0
04-13 00:44:45.912 23293 23326 I native-activity: Swap 295 time is 99.310ms
04-13 00:44:45.912 23293 23326 I native-activity: Animating
04-13 00:44:45.926 23293 23326 I native-activity: Frame 296 GL error is 0x0
04-13 00:44:45.926 23293 23326 I native-activity: Frame 296 time is 13.976ms
04-13 00:44:45.926 23293 23326 I native-activity: Doing egl_swapbuffers_sync 1
04-13 00:44:45.926 23293 23326 D native-activity: Reading pixels format 0x1908 type 0x1401 bpp 4
04-13 00:44:46.008 23293 23326 I native-activity: Read pixels, GL error is 0x0
04-13 00:44:46.008 23293 23326 I native-activity: Swap 296 time is 95.836ms
04-13 00:44:46.008 23293 23326 I native-activity: Animating
04-13 00:44:46.023 23293 23326 I native-activity: Frame 297 GL error is 0x0
04-13 00:44:46.023 23293 23326 I native-activity: Frame 297 time is 14.931ms
04-13 00:44:46.023 23293 23326 I native-activity: Doing egl_swapbuffers_sync 1
04-13 00:44:46.023 23293 23326 D native-activity: Reading pixels format 0x1908 type 0x1401 bpp 4
04-13 00:44:46.105 23293 23326 I native-activity: Read pixels, GL error is 0x0
04-13 00:44:46.105 23293 23326 I native-activity: Swap 297 time is 96.930ms
04-13 00:44:46.105 23293 23326 I native-activity: Animating
04-13 00:44:46.119 23293 23326 I native-activity: Frame 298 GL error is 0x0
04-13 00:44:46.119 23293 23326 I native-activity: Frame 298 time is 14.029ms
04-13 00:44:46.119 23293 23326 I native-activity: Doing egl_swapbuffers_sync 1
04-13 00:44:46.119 23293 23326 D native-activity: Reading pixels format 0x1908 type 0x1401 bpp 4
04-13 00:44:46.201 23293 23326 I native-activity: Read pixels, GL error is 0x0
04-13 00:44:46.201 23293 23326 I native-activity: Swap 298 time is 96.088ms
04-13 00:44:46.201 23293 23326 I native-activity: Animating
04-13 00:44:46.218 23293 23326 I native-activity: Frame 299 GL error is 0x0
04-13 00:44:46.218 23293 23326 I native-activity: Frame 299 time is 16.520ms
04-13 00:44:46.218 23293 23326 I native-activity: Doing egl_swapbuffers_sync 1
04-13 00:44:46.218 23293 23326 D native-activity: Reading pixels format 0x1908 type 0x1401 bpp 4
04-13 00:44:46.250    82    82 I Kernel  : [45524.926689].(0)[82:mtk charger_hv_]charging_reset_watch_dog_timer
04-13 00:44:46.250    82    82 I Kernel  : [45524.927613].(0)[82:mtk charger_hv_]array_size = 16 
04-13 00:44:46.300 23293 23326 I native-activity: Read pixels, GL error is 0x0
04-13 00:44:46.300 23293 23326 I native-activity: Swap 299 time is 98.438ms
04-13 00:44:46.300 23293 23326 I native-activity: Animating
04-13 00:44:46.314 23293 23326 I native-activity: Frame 300 GL error is 0x0
04-13 00:44:46.314 23293 23326 I native-activity: Frame 300 time is 13.804ms
04-13 00:44:46.314 23293 23326 I native-activity: Doing egl_swapbuffers_sync 1
04-13 00:44:46.314 23293 23326 D native-activity: Reading pixels format 0x1908 type 0x1401 bpp 4
04-13 00:44:46.396 23293 23326 I native-activity: Read pixels, GL error is 0x0
04-13 00:44:46.396 23293 23326 I native-activity: Swap 300 time is 95.707ms
04-13 00:44:46.396 23293 23326 I native-activity: Animating
04-13 00:44:46.413 23293 23326 I native-activity: Frame 301 GL error is 0x0
04-13 00:44:46.413 23293 23326 I native-activity: Frame 301 time is 17.464ms
04-13 00:44:46.414 23293 23326 I native-activity: Doing egl_swapbuffers_sync 1
04-13 00:44:46.414 23293 23326 D native-activity: Reading pixels format 0x1908 type 0x1401 bpp 4
04-13 00:44:46.495 23293 23326 I native-activity: Read pixels, GL error is 0x0
04-13 00:44:46.495 23293 23326 I native-activity: Swap 301 time is 99.261ms
04-13 00:44:46.495 23293 23326 I native-activity: Animating
04-13 00:44:46.509 23293 23326 I native-activity: Frame 302 GL error is 0x0
04-13 00:44:46.510 23293 23326 I native-activity: Frame 302 time is 14.612ms
04-13 00:44:46.510 23293 23326 I native-activity: Doing egl_swapbuffers_sync 1
04-13 00:44:46.510 23293 23326 D native-activity: Reading pixels format 0x1908 type 0x1401 bpp 4
04-13 00:44:46.592 23293 23326 I native-activity: Read pixels, GL error is 0x0
04-13 00:44:46.592 23293 23326 I native-activity: Swap 302 time is 96.532ms
04-13 00:44:46.592 23293 23326 I native-activity: Animating
04-13 00:44:46.606 23293 23326 I native-activity: Frame 303 GL error is 0x0
04-13 00:44:46.606 23293 23326 I native-activity: Frame 303 time is 13.888ms
04-13 00:44:46.606 23293 23326 I native-activity: Doing egl_swapbuffers_sync 1
04-13 00:44:46.606 23293 23326 D native-activity: Reading pixels format 0x1908 type 0x1401 bpp 4
04-13 00:44:46.688 23293 23326 I native-activity: Read pixels, GL error is 0x0
04-13 00:44:46.688 23293 23326 I native-activity: Swap 303 time is 95.584ms
04-13 00:44:46.688 23293 23326 I native-activity: Animating
04-13 00:44:46.680   230 10692 I Kernel  : [45525.352989]-(0)[10692:adbd]dpi vsync
04-13 00:44:46.701 23293 23326 I native-activity: Frame 304 GL error is 0x0
04-13 00:44:46.701 23293 23326 I native-activity: Frame 304 time is 13.366ms
04-13 00:44:46.701 23293 23326 I native-activity: Doing egl_swapbuffers_sync 1
04-13 00:44:46.702 23293 23326 D native-activity: Reading pixels format 0x1908 type 0x1401 bpp 4
04-13 00:44:46.783 23293 23326 I native-activity: Read pixels, GL error is 0x0
04-13 00:44:46.783 23293 23326 I native-activity: Swap 304 time is 95.430ms
04-13 00:44:46.784 23293 23326 I native-activity: Animating
04-13 00:44:46.798 23293 23326 I native-activity: Frame 305 GL error is 0x0
04-13 00:44:46.799 23293 23326 I native-activity: Frame 305 time is 14.879ms
04-13 00:44:46.799 23293 23326 I native-activity: Doing egl_swapbuffers_sync 1
04-13 00:44:46.799 23293 23326 D native-activity: Reading pixels format 0x1908 type 0x1401 bpp 4
04-13 00:44:46.860  2137  2137 I Kernel  : [45525.532995][wlan] nicTxReleaseResource: (TX STATE)
04-13 00:44:46.860  2137  2137 I Kernel  : Release: TC4 count 1, Free=4; TC5 count 0, Free=4
04-13 00:44:46.860  2159  2159 I Kernel  : [45525.534439].(1)[2159:wpa_supplicant]poorlink get state G(361732)F(49)dbad(0)dretry(0)LT(405)RT(-79)W(0)(12270)
04-13 00:44:46.860  2137  2137 I Kernel  : [45525.534504][wlan] nicTxReleaseResource: (TX STATE)
04-13 00:44:46.860  2137  2137 I Kernel  : Release: TC4 count 1, Free=4; TC5 count 0, Free=4
04-13 00:44:46.881 23293 23326 I native-activity: Read pixels, GL error is 0x0
04-13 00:44:46.881 23293 23326 I native-activity: Swap 305 time is 97.359ms
04-13 00:44:46.881 23293 23326 I native-activity: Animating
04-13 00:44:46.895 23293 23326 I native-activity: Frame 306 GL error is 0x0
04-13 00:44:46.896 23293 23326 I native-activity: Frame 306 time is 14.266ms
04-13 00:44:46.896 23293 23326 I native-activity: Doing egl_swapbuffers_sync 1
04-13 00:44:46.896 23293 23326 D native-activity: Reading pixels format 0x1908 type 0x1401 bpp 4
04-13 00:44:46.977 23293 23326 I native-activity: Read pixels, GL error is 0x0
04-13 00:44:46.978 23293 23326 I native-activity: Swap 306 time is 96.237ms
04-13 00:44:46.978 23293 23326 I native-activity: Animating
04-13 00:44:46.993 23293 23326 I native-activity: Frame 307 GL error is 0x0
04-13 00:44:46.993 23293 23326 I native-activity: Frame 307 time is 14.901ms
04-13 00:44:46.993 23293 23326 I native-activity: Doing egl_swapbuffers_sync 1
04-13 00:44:46.993 23293 23326 D native-activity: Reading pixels format 0x1908 type 0x1401 bpp 4
04-13 00:44:47.074 23293 23326 I native-activity: Read pixels, GL error is 0x0
04-13 00:44:47.074 23293 23326 I native-activity: Swap 307 time is 96.676ms
04-13 00:44:47.075 23293 23326 I native-activity: Animating
04-13 00:44:47.088 23293 23326 I native-activity: Frame 308 GL error is 0x0
04-13 00:44:47.088 23293 23326 I native-activity: Frame 308 time is 13.544ms
04-13 00:44:47.088 23293 23326 I native-activity: Doing egl_swapbuffers_sync 1
04-13 00:44:47.088 23293 23326 D native-activity: Reading pixels format 0x1908 type 0x1401 bpp 4
04-13 00:44:47.170 23293 23326 I native-activity: Read pixels, GL error is 0x0
04-13 00:44:47.170 23293 23326 I native-activity: Swap 308 time is 95.576ms
04-13 00:44:47.170 23293 23326 I native-activity: Animating
04-13 00:44:47.188 23293 23326 I native-activity: Frame 309 GL error is 0x0
04-13 00:44:47.188 23293 23326 I native-activity: Frame 309 time is 17.511ms
04-13 00:44:47.188 23293 23326 I native-activity: Doing egl_swapbuffers_sync 1
04-13 00:44:47.188 23293 23326 D native-activity: Reading pixels format 0x1908 type 0x1401 bpp 4
04-13 00:44:47.250    82    82 I Kernel  : [45525.927713].(0)[82:mtk charger_hv_]charging_reset_watch_dog_timer
04-13 00:44:47.250    82    82 I Kernel  : [45525.928625].(0)[82:mtk charger_hv_]array_size = 16 
04-13 00:44:47.270 23293 23326 I native-activity: Read pixels, GL error is 0x0
04-13 00:44:47.270 23293 23326 I native-activity: Swap 309 time is 99.913ms
04-13 00:44:47.271 23293 23326 I native-activity: Animating
04-13 00:44:47.286 23293 23326 I native-activity: Frame 310 GL error is 0x0
04-13 00:44:47.286 23293 23326 I native-activity: Frame 310 time is 15.361ms
04-13 00:44:47.286 23293 23326 I native-activity: Doing egl_swapbuffers_sync 1
04-13 00:44:47.286 23293 23326 D native-activity: Reading pixels format 0x1908 type 0x1401 bpp 4
04-13 00:44:47.368 23293 23326 I native-activity: Read pixels, GL error is 0x0
04-13 00:44:47.368 23293 23326 I native-activity: Swap 310 time is 97.191ms
04-13 00:44:47.368 23293 23326 I native-activity: Animating
04-13 00:44:47.497 23293 23326 I native-activity: Frame 311 GL error is 0x501
04-13 00:44:47.497 23293 23326 I native-activity: Frame 311 time is 129.359ms
04-13 00:44:47.497 23293 23326 I native-activity: Doing egl_swapbuffers_sync 1
04-13 00:44:47.498 23293 23326 D native-activity: Reading pixels format 0x1908 type 0x1401 bpp 4
04-13 00:44:47.580 23293 23326 I native-activity: Read pixels, GL error is 0x0
04-13 00:44:47.580 23293 23326 I native-activity: Swap 311 time is 211.921ms
04-13 00:44:47.580 23293 23326 I native-activity: Animating
04-13 00:44:47.604 23293 23326 I native-activity: Frame 312 GL error is 0x0
04-13 00:44:47.604 23293 23326 I native-activity: Frame 312 time is 23.625ms
04-13 00:44:47.604 23293 23326 I native-activity: Doing egl_swapbuffers_sync 1
04-13 00:44:47.604 23293 23326 D native-activity: Reading pixels format 0x1908 type 0x1401 bpp 4
04-13 00:44:47.687 23293 23326 I native-activity: Read pixels, GL error is 0x0
04-13 00:44:47.687 23293 23326 I native-activity: Swap 312 time is 107.104ms
04-13 00:44:47.688 23293 23326 I native-activity: Animating
04-13 00:44:47.707 23293 23326 I native-activity: Frame 313 GL error is 0x0
04-13 00:44:47.707 23293 23326 I native-activity: Frame 313 time is 18.618ms
04-13 00:44:47.707 23293 23326 I native-activity: Doing egl_swapbuffers_sync 1
04-13 00:44:47.707 23293 23326 D native-activity: Reading pixels format 0x1908 type 0x1401 bpp 4
04-13 00:44:47.789 23293 23326 I native-activity: Read pixels, GL error is 0x0
04-13 00:44:47.789 23293 23326 I native-activity: Swap 313 time is 100.710ms
04-13 00:44:47.789 23293 23326 I native-activity: Animating
04-13 00:44:47.805 23293 23326 I native-activity: Frame 314 GL error is 0x0
04-13 00:44:47.805 23293 23326 I native-activity: Frame 314 time is 15.431ms
04-13 00:44:47.805 23293 23326 I native-activity: Doing egl_swapbuffers_sync 1
04-13 00:44:47.805 23293 23326 D native-activity: Reading pixels format 0x1908 type 0x1401 bpp 4
04-13 00:44:47.887 23293 23326 I native-activity: Read pixels, GL error is 0x0
04-13 00:44:47.887 23293 23326 I native-activity: Swap 314 time is 97.395ms
04-13 00:44:47.887 23293 23326 I native-activity: Animating
04-13 00:44:47.920 23293 23326 I native-activity: Frame 315 GL error is 0x501
04-13 00:44:47.920 23293 23326 I native-activity: Frame 315 time is 33.550ms
04-13 00:44:47.920 23293 23326 I native-activity: Doing egl_swapbuffers_sync 1
04-13 00:44:47.921 23293 23326 D native-activity: Reading pixels format 0x1908 type 0x1401 bpp 4
04-13 00:44:48.003 23293 23326 I native-activity: Read pixels, GL error is 0x0
04-13 00:44:48.003 23293 23326 I native-activity: Swap 315 time is 116.481ms
04-13 00:44:48.004 23293 23326 I native-activity: Animating
04-13 00:44:48.016 23293 23326 I native-activity: Frame 316 GL error is 0x0
04-13 00:44:48.016 23293 23326 I native-activity: Frame 316 time is 12.191ms
04-13 00:44:48.016 23293 23326 I native-activity: Doing egl_swapbuffers_sync 1
04-13 00:44:48.016 23293 23326 D native-activity: Reading pixels format 0x1908 type 0x1401 bpp 4
04-13 00:44:48.098 23293 23326 I native-activity: Read pixels, GL error is 0x0
04-13 00:44:48.099 23293 23326 I native-activity: Swap 316 time is 95.007ms
04-13 00:44:48.099 23293 23326 I native-activity: Animating
04-13 00:44:48.112 23293 23326 I native-activity: Frame 317 GL error is 0x0
04-13 00:44:48.112 23293 23326 I native-activity: Frame 317 time is 13.393ms
04-13 00:44:48.112 23293 23326 I native-activity: Doing egl_swapbuffers_sync 1
04-13 00:44:48.112 23293 23326 D native-activity: Reading pixels format 0x1908 type 0x1401 bpp 4
04-13 00:44:48.196 23293 23326 I native-activity: Read pixels, GL error is 0x0
04-13 00:44:48.196 23293 23326 I native-activity: Swap 317 time is 97.355ms
04-13 00:44:48.196 23293 23326 I native-activity: Animating
04-13 00:44:48.214 23293 23326 I native-activity: Frame 318 GL error is 0x0
04-13 00:44:48.214 23293 23326 I native-activity: Frame 318 time is 17.440ms
