04-13 00:42:32.365 22817 22837 I native-activity: Doing egl_swapbuffers_sync 2
04-13 00:42:32.381 22817 22837 I native-activity: Swap 797 time is 27.473ms
04-13 00:42:32.381 22817 22837 I native-activity: Animating
04-13 00:42:32.398 22817 22837 I native-activity: Frame 798 GL error is 0x0
04-13 00:42:32.398 22817 22837 I native-activity: Frame 798 time is 16.602ms
04-13 00:42:32.398 22817 22837 I native-activity: Doing egl_swapbuffers_sync 2
04-13 00:42:32.408 22817 22837 I native-activity: Swap 798 time is 27.300ms
04-13 00:42:32.409 22817 22837 I native-activity: Animating
04-13 00:42:32.427 22817 22837 I native-activity: Frame 799 GL error is 0x0
04-13 00:42:32.427 22817 22837 I native-activity: Frame 799 time is 18.557ms
04-13 00:42:32.427 22817 22837 I native-activity: Doing egl_swapbuffers_sync 2
04-13 00:42:32.436 22817 22837 I native-activity: Swap 799 time is 27.218ms
04-13 00:42:32.436 22817 22837 I native-activity: Animating
04-13 00:42:32.455 22817 22837 I native-activity: Frame 800 GL error is 0x0
04-13 00:42:32.455 22817 22837 I native-activity: Frame 800 time is 19.141ms
04-13 00:42:32.455 22817 22837 I native-activity: Doing egl_swapbuffers_sync 2
04-13 00:42:32.464 22817 22837 I native-activity: Swap 800 time is 27.434ms
04-13 00:42:32.464 22817 22837 I native-activity: Animating
04-13 00:42:32.477 22817 22837 I native-activity: Frame 801 GL error is 0x0
04-13 00:42:32.477 22817 22837 I native-activity: Frame 801 time is 13.388ms
04-13 00:42:32.477 22817 22837 I native-activity: Doing egl_swapbuffers_sync 2
04-13 00:42:32.491 22817 22837 I native-activity: Swap 801 time is 27.554ms
04-13 00:42:32.491 22817 22837 I native-activity: Animating
04-13 00:42:32.510 22817 22837 I native-activity: Frame 802 GL error is 0x0
04-13 00:42:32.511 22817 22837 I native-activity: Frame 802 time is 19.065ms
04-13 00:42:32.511 22817 22837 I native-activity: Doing egl_swapbuffers_sync 2
04-13 00:42:32.519 22817 22837 I native-activity: Swap 802 time is 27.373ms
04-13 00:42:32.519 22817 22837 I native-activity: Animating
04-13 00:42:32.532 22817 22837 I native-activity: Frame 803 GL error is 0x0
04-13 00:42:32.532 22817 22837 I native-activity: Frame 803 time is 13.141ms
04-13 00:42:32.532 22817 22837 I native-activity: Doing egl_swapbuffers_sync 2
04-13 00:42:32.540   917  2175 W AmazonActivityManagerService: packageLifetimeHint: amazon.internal.SystemJumpTable$ProcessRecord@62f6123 is active, cannot move
04-13 00:42:32.542  2059  2059 W Precog  : PackagePrewarmActor: Call to packageLifetimeHint failed, res = -1
04-13 00:42:32.543  2059  2059 I Vlog    : PfxPrecog:LruHint:fgtracking=false;DV;1,key=confidence;DV;1,Counter=1.000000;CT;1,unit=null;DV;1,metadata=version%235510%7Cpkg%23com.amazon.firelauncher%7C;DV;1:HI
04-13 00:42:32.546  2059  2059 I Vlog    : PfxPrecog:LruHint:fgtracking=false;DV;1,key=failure;DV;1,Counter=1.000000;CT;1,unit=null;DV;1,metadata=version%235510%7Cpkg%23com.amazon.firelauncher%7C;DV;1:HI
04-13 00:42:32.547 22817 22837 I native-activity: Swap 803 time is 27.372ms
04-13 00:42:32.547 22817 22837 I native-activity: Animating
04-13 00:42:32.561 22817 22837 I native-activity: Frame 804 GL error is 0x0
04-13 00:42:32.561 22817 22837 I native-activity: Frame 804 time is 14.594ms
04-13 00:42:32.561 22817 22837 I native-activity: Doing egl_swapbuffers_sync 2
04-13 00:42:32.550     0     0 I Kernel  : [45391.229648]-(0)[0:swapper/0]dpi vsync
04-13 00:42:32.574 22817 22837 I native-activity: Swap 804 time is 27.688ms
04-13 00:42:32.575 22817 22837 I native-activity: Animating
04-13 00:42:32.595 22817 22837 I native-activity: Frame 805 GL error is 0x0
04-13 00:42:32.595 22817 22837 I native-activity: Frame 805 time is 20.437ms
04-13 00:42:32.595 22817 22837 I native-activity: Doing egl_swapbuffers_sync 2
04-13 00:42:32.602 22817 22837 I native-activity: Swap 805 time is 27.044ms
04-13 00:42:32.602 22817 22837 I native-activity: Animating
04-13 00:42:32.617 22817 22837 I native-activity: Frame 806 GL error is 0x0
04-13 00:42:32.617 22817 22837 I native-activity: Frame 806 time is 14.900ms
04-13 00:42:32.617 22817 22837 I native-activity: Doing egl_swapbuffers_sync 2
04-13 00:42:32.629 22817 22837 I native-activity: Swap 806 time is 27.254ms
04-13 00:42:32.630 22817 22837 I native-activity: Animating
04-13 00:42:32.643 22817 22837 I native-activity: Frame 807 GL error is 0x0
04-13 00:42:32.643 22817 22837 I native-activity: Frame 807 time is 13.252ms
04-13 00:42:32.643 22817 22837 I native-activity: Doing egl_swapbuffers_sync 2
04-13 00:42:32.657 22817 22837 I native-activity: Swap 807 time is 27.655ms
04-13 00:42:32.657 22817 22837 I native-activity: Animating
04-13 00:42:32.675 22817 22837 I native-activity: Frame 808 GL error is 0x0
04-13 00:42:32.676 22817 22837 I native-activity: Frame 808 time is 17.971ms
04-13 00:42:32.676 22817 22837 I native-activity: Doing egl_swapbuffers_sync 2
04-13 00:42:32.685 22817 22837 I native-activity: Swap 808 time is 26.990ms
04-13 00:42:32.685 22817 22837 I native-activity: Animating
04-13 00:42:32.698 22817 22837 I native-activity: Frame 809 GL error is 0x0
04-13 00:42:32.698 22817 22837 I native-activity: Frame 809 time is 13.446ms
04-13 00:42:32.698 22817 22837 I native-activity: Doing egl_swapbuffers_sync 2
04-13 00:42:32.711 22817 22837 I native-activity: Swap 809 time is 26.661ms
04-13 00:42:32.712 22817 22837 I native-activity: Animating
04-13 00:42:32.727 22817 22837 I native-activity: Frame 810 GL error is 0x0
04-13 00:42:32.728 22817 22837 I native-activity: Frame 810 time is 15.879ms
04-13 00:42:32.728 22817 22837 I native-activity: Doing egl_swapbuffers_sync 2
04-13 00:42:32.739 22817 22837 I native-activity: Swap 810 time is 26.938ms
04-13 00:42:32.739 22817 22837 I native-activity: Animating
04-13 00:42:32.751 22817 22837 I native-activity: Frame 811 GL error is 0x0
04-13 00:42:32.752 22817 22837 I native-activity: Frame 811 time is 12.686ms
04-13 00:42:32.752 22817 22837 I native-activity: Doing egl_swapbuffers_sync 2
04-13 00:42:32.765 22817 22837 I native-activity: Swap 811 time is 26.400ms
04-13 00:42:32.765 22817 22837 I native-activity: Animating
04-13 00:42:32.785 22817 22837 I native-activity: Frame 812 GL error is 0x0
04-13 00:42:32.785 22817 22837 I native-activity: Frame 812 time is 19.495ms
04-13 00:42:32.785 22817 22837 I native-activity: Doing egl_swapbuffers_sync 2
04-13 00:42:32.792 22817 22837 I native-activity: Swap 812 time is 26.289ms
04-13 00:42:32.792 22817 22837 I native-activity: Animating
04-13 00:42:32.809 22817 22837 I native-activity: Frame 813 GL error is 0x0
04-13 00:42:32.809 22817 22837 I native-activity: Frame 813 time is 16.629ms
04-13 00:42:32.809 22817 22837 I native-activity: Doing egl_swapbuffers_sync 2
04-13 00:42:32.818 22817 22837 I native-activity: Swap 813 time is 26.352ms
04-13 00:42:32.819 22817 22837 I native-activity: Animating
04-13 00:42:32.842 22817 22837 I native-activity: Frame 814 GL error is 0x0
04-13 00:42:32.842 22817 22837 I native-activity: Frame 814 time is 23.093ms
04-13 00:42:32.842 22817 22837 I native-activity: Doing egl_swapbuffers_sync 2
04-13 00:42:32.845 22817 22837 I native-activity: Swap 814 time is 26.748ms
04-13 00:42:32.846 22817 22837 I native-activity: Animating
04-13 00:42:32.858 22817 22837 I native-activity: Frame 815 GL error is 0x0
04-13 00:42:32.858 22817 22837 I native-activity: Frame 815 time is 12.578ms
04-13 00:42:32.858 22817 22837 I native-activity: Doing egl_swapbuffers_sync 2
04-13 00:42:32.872 22817 22837 I native-activity: Swap 815 time is 26.760ms
04-13 00:42:32.873 22817 22837 I native-activity: Animating
04-13 00:42:32.884 22817 22837 I native-activity: Frame 816 GL error is 0x0
04-13 00:42:32.884 22817 22837 I native-activity: Frame 816 time is 11.498ms
04-13 00:42:32.884 22817 22837 I native-activity: Doing egl_swapbuffers_sync 2
04-13 00:42:32.900 22817 22837 I native-activity: Swap 816 time is 27.100ms
04-13 00:42:32.900 22817 22837 I native-activity: Animating
04-13 00:42:32.930 22817 22837 I native-activity: Frame 817 GL error is 0x0
04-13 00:42:32.930 22817 22837 I native-activity: Frame 817 time is 30.083ms
04-13 00:42:32.930 22817 22837 I native-activity: Doing egl_swapbuffers_sync 2
04-13 00:42:32.930 22817 22837 I native-activity: Swap 817 time is 30.421ms
04-13 00:42:32.930 22817 22837 I native-activity: Animating
04-13 00:42:32.939 22817 22837 I native-activity: Frame 818 GL error is 0x0
04-13 00:42:32.940 22817 22837 I native-activity: Frame 818 time is 9.082ms
04-13 00:42:32.940 22817 22837 I native-activity: Doing egl_swapbuffers_sync 2
04-13 00:42:32.953 22817 22837 I native-activity: Swap 818 time is 22.943ms
04-13 00:42:32.954 22817 22837 I native-activity: Animating
04-13 00:42:32.960 22817 22837 I native-activity: Frame 819 GL error is 0x0
04-13 00:42:32.960 22817 22837 I native-activity: Frame 819 time is 6.728ms
04-13 00:42:32.960 22817 22837 I native-activity: Doing egl_swapbuffers_sync 2
04-13 00:42:32.981 22817 22837 I native-activity: Swap 819 time is 27.146ms
04-13 00:42:32.981 22817 22837 I native-activity: Animating
04-13 00:42:32.988 22817 22837 I native-activity: Frame 820 GL error is 0x0
04-13 00:42:32.988 22817 22837 I native-activity: Frame 820 time is 6.792ms
04-13 00:42:32.988 22817 22837 I native-activity: Doing egl_swapbuffers_sync 2
04-13 00:42:33.007 22817 22837 I native-activity: Swap 820 time is 26.407ms
04-13 00:42:33.008 22817 22837 I native-activity: Animating
04-13 00:42:33.018 22817 22837 I native-activity: Frame 821 GL error is 0x0
04-13 00:42:33.018 22817 22837 I native-activity: Frame 821 time is 10.592ms
04-13 00:42:33.018 22817 22837 I native-activity: Doing egl_swapbuffers_sync 2
04-13 00:42:33.034 22817 22837 I native-activity: Swap 821 time is 26.359ms
04-13 00:42:33.034 22817 22837 I native-activity: Animating
04-13 00:42:33.049 22817 22837 I native-activity: Frame 822 GL error is 0x0
04-13 00:42:33.049 22817 22837 I native-activity: Frame 822 time is 15.044ms
04-13 00:42:33.049 22817 22837 I native-activity: Doing egl_swapbuffers_sync 2
04-13 00:42:33.061 22817 22837 I native-activity: Swap 822 time is 26.553ms
04-13 00:42:33.061 22817 22837 I native-activity: Animating
04-13 00:42:33.074 22817 22837 I native-activity: Frame 823 GL error is 0x0
04-13 00:42:33.075 22817 22837 I native-activity: Frame 823 time is 13.448ms
04-13 00:42:33.075 22817 22837 I native-activity: Doing egl_swapbuffers_sync 2
04-13 00:42:33.087 22817 22837 I native-activity: Swap 823 time is 25.931ms
04-13 00:42:33.087 22817 22837 I native-activity: Animating
04-13 00:42:33.080    82    82 I Kernel  : [45391.752338].(0)[82:mtk charger_hv_]charging_reset_watch_dog_timer
04-13 00:42:33.080    82    82 I Kernel  : [45391.754507].(0)[82:mtk charger_hv_]array_size = 16 
04-13 00:42:33.106 22817 22837 I native-activity: Frame 824 GL error is 0x0
04-13 00:42:33.106 22817 22837 I native-activity: Frame 824 time is 18.831ms
04-13 00:42:33.106 22817 22837 I native-activity: Doing egl_swapbuffers_sync 2
04-13 00:42:33.114 22817 22837 I native-activity: Swap 824 time is 26.412ms
04-13 00:42:33.114 22817 22837 I native-activity: Animating
04-13 00:42:33.129 22817 22837 I native-activity: Frame 825 GL error is 0x0
04-13 00:42:33.129 22817 22837 I native-activity: Frame 825 time is 14.905ms
04-13 00:42:33.129 22817 22837 I native-activity: Doing egl_swapbuffers_sync 2
04-13 00:42:33.140 22817 22837 I native-activity: Swap 825 time is 26.085ms
04-13 00:42:33.140 22817 22837 I native-activity: Animating
04-13 00:42:33.153 22817 22837 I native-activity: Frame 826 GL error is 0x0
04-13 00:42:33.153 22817 22837 I native-activity: Frame 826 time is 13.270ms
04-13 00:42:33.154 22817 22837 I native-activity: Doing egl_swapbuffers_sync 2
04-13 00:42:33.166 22817 22837 I native-activity: Swap 826 time is 26.192ms
04-13 00:42:33.167 22817 22837 I native-activity: Animating
04-13 00:42:33.160  2137  2137 I Kernel  : [45391.831754][wlan] roamingFsmRunEventDiscovery: (ROAMING EVENT)
04-13 00:42:33.160  2137  2137 I Kernel  : EVENT-ROAMING DISCOVERY: Current Time = 45091920
04-13 00:42:33.160  2137  2137 I Kernel  : [45391.831827][wlan] roamingFsmSteps: (ROAMING STATE)
04-13 00:42:33.160  2137  2137 I Kernel  : [27] TRANSITION: [1] -> [2]
04-13 00:42:33.160  2137  2137 I Kernel  : [45391.831868][wlan] aisFsmSteps: (AIS STATE)
04-13 00:42:33.160  2137  2137 I Kernel  : [13] TRANSITION: [10] -> [4]
04-13 00:42:33.160  2137  2137 I Kernel  : [45391.831913][wlan] aisFsmSteps: (AIS INFO)
04-13 00:42:33.160  2137  2137 I Kernel  : SendSR39
04-13 00:42:33.160  2137  2137 I Kernel  : [45391.831966][wlan] scnFsmSteps: (SCN STATE)
04-13 00:42:33.160  2137  2137 I Kernel  : [19] TRANSITION: [0] -> [1]
04-13 00:42:33.160  2137  2137 I Kernel  : [45391.832417][wlan] nicTxReleaseResource: (TX STATE)
04-13 00:42:33.160  2137  2137 I Kernel  : Release: TC4 count 1, Free=4; TC5 count 0, Free=4
04-13 00:42:33.179 22817 22837 I native-activity: Frame 827 GL error is 0x0
04-13 00:42:33.179 22817 22837 I native-activity: Frame 827 time is 12.430ms
04-13 00:42:33.179 22817 22837 I native-activity: Doing egl_swapbuffers_sync 2
04-13 00:42:33.193 22817 22837 I native-activity: Swap 827 time is 26.101ms
04-13 00:42:33.193 22817 22837 I native-activity: Animating
04-13 00:42:33.205 22817 22837 I native-activity: Frame 828 GL error is 0x0
04-13 00:42:33.205 22817 22837 I native-activity: Frame 828 time is 12.453ms
04-13 00:42:33.205 22817 22837 I native-activity: Doing egl_swapbuffers_sync 2
04-13 00:42:33.219 22817 22837 I native-activity: Swap 828 time is 26.143ms
04-13 00:42:33.219 22817 22837 I native-activity: Animating
04-13 00:42:33.210  2137  2137 I Kernel  : [45391.882918][wlan] nicTxReleaseResource: (TX STATE)
04-13 00:42:33.210  2137  2137 I Kernel  : Release: TC4 count 1, Free=4; TC5 count 0, Free=4
04-13 00:42:33.210  2137  2137 I Kernel  : [45391.886357][wlan] nicTxReleaseResource: (TX STATE)
04-13 00:42:33.210  2137  2137 I Kernel  : Release: TC4 count 1, Free=4; TC5 count 0, Free=4
04-13 00:42:33.233 22817 22837 I native-activity: Frame 829 GL error is 0x0
04-13 00:42:33.233 22817 22837 I native-activity: Frame 829 time is 13.792ms
04-13 00:42:33.233 22817 22837 I native-activity: Doing egl_swapbuffers_sync 2
04-13 00:42:33.246 22817 22837 I native-activity: Swap 829 time is 26.003ms
04-13 00:42:33.246 22817 22837 I native-activity: Animating
04-13 00:42:33.258 22817 22837 I native-activity: Frame 830 GL error is 0x0
04-13 00:42:33.258 22817 22837 I native-activity: Frame 830 time is 12.246ms
04-13 00:42:33.258 22817 22837 I native-activity: Doing egl_swapbuffers_sync 2
04-13 00:42:33.272 22817 22837 I native-activity: Swap 830 time is 26.121ms
04-13 00:42:33.272 22817 22837 I native-activity: Animating
04-13 00:42:33.284 22817 22837 I native-activity: Frame 831 GL error is 0x0
04-13 00:42:33.284 22817 22837 I native-activity: Frame 831 time is 12.018ms
04-13 00:42:33.284 22817 22837 I native-activity: Doing egl_swapbuffers_sync 2
04-13 00:42:33.270  2137  2137 I Kernel  : [45391.948164][wlan] nicTxReleaseResource: (TX STATE)
04-13 00:42:33.270  2137  2137 I Kernel  : Release: TC4 count 1, Free=4; TC5 count 0, Free=4
04-13 00:42:33.298 22817 22837 I native-activity: Swap 831 time is 26.163ms
04-13 00:42:33.299 22817 22837 I native-activity: Animating
04-13 00:42:33.312 22817 22837 I native-activity: Frame 832 GL error is 0x0
04-13 00:42:33.313 22817 22837 I native-activity: Frame 832 time is 13.946ms
04-13 00:42:33.313 22817 22837 I native-activity: Doing egl_swapbuffers_sync 2
04-13 00:42:33.325 22817 22837 I native-activity: Swap 832 time is 26.160ms
04-13 00:42:33.325 22817 22837 I native-activity: Animating
04-13 00:42:33.338 22817 22837 I native-activity: Frame 833 GL error is 0x0
04-13 00:42:33.338 22817 22837 I native-activity: Frame 833 time is 13.005ms
04-13 00:42:33.338 22817 22837 I native-activity: Doing egl_swapbuffers_sync 2
04-13 00:42:33.351 22817 22837 I native-activity: Swap 833 time is 26.099ms
04-13 00:42:33.352 22817 22837 I native-activity: Animating
04-13 00:42:33.364 22817 22837 I native-activity: Frame 834 GL error is 0x0
04-13 00:42:33.365 22817 22837 I native-activity: Frame 834 time is 13.008ms
04-13 00:42:33.365 22817 22837 I native-activity: Doing egl_swapbuffers_sync 2
04-13 00:42:33.378 22817 22837 I native-activity: Swap 834 time is 26.306ms
04-13 00:42:33.378 22817 22837 I native-activity: Animating
04-13 00:42:33.395 22817 22837 I native-activity: Frame 835 GL error is 0x0
04-13 00:42:33.395 22817 22837 I native-activity: Frame 835 time is 16.730ms
04-13 00:42:33.395 22817 22837 I native-activity: Doing egl_swapbuffers_sync 2
04-13 00:42:33.405 22817 22837 I native-activity: Swap 835 time is 26.565ms
04-13 00:42:33.405 22817 22837 I native-activity: Animating
04-13 00:42:33.418 22817 22837 I native-activity: Frame 836 GL error is 0x0
04-13 00:42:33.418 22817 22837 I native-activity: Frame 836 time is 13.422ms
04-13 00:42:33.418 22817 22837 I native-activity: Doing egl_swapbuffers_sync 2
04-13 00:42:33.432 22817 22837 I native-activity: Swap 836 time is 26.534ms
04-13 00:42:33.432 22817 22837 I native-activity: Animating
04-13 00:42:33.444 22817 22837 I native-activity: Frame 837 GL error is 0x0
04-13 00:42:33.444 22817 22837 I native-activity: Frame 837 time is 12.672ms
04-13 00:42:33.444 22817 22837 I native-activity: Doing egl_swapbuffers_sync 2
04-13 00:42:33.459 22817 22837 I native-activity: Swap 837 time is 26.859ms
04-13 00:42:33.459 22817 22837 I native-activity: Animating
04-13 00:42:33.469 22817 22837 I native-activity: Frame 838 GL error is 0x0
04-13 00:42:33.469 22817 22837 I native-activity: Frame 838 time is 10.345ms
04-13 00:42:33.469 22817 22837 I native-activity: Doing egl_swapbuffers_sync 2
04-13 00:42:33.487 22817 22837 I native-activity: Swap 838 time is 28.213ms
04-13 00:42:33.487 22817 22837 I native-activity: Animating
04-13 00:42:33.498 22817 22837 I native-activity: Frame 839 GL error is 0x0
04-13 00:42:33.498 22817 22837 I native-activity: Frame 839 time is 10.743ms
04-13 00:42:33.498 22817 22837 I native-activity: Doing egl_swapbuffers_sync 2
04-13 00:42:33.502 22817 22837 I native-activity: Swap 839 time is 14.717ms
04-13 00:42:33.502 22817 22837 I native-activity: Animating
04-13 00:42:33.514 22817 22837 I native-activity: Frame 840 GL error is 0x0
04-13 00:42:33.514 22817 22837 I native-activity: Frame 840 time is 11.587ms
04-13 00:42:33.514 22817 22837 I native-activity: Doing egl_swapbuffers_sync 2
04-13 00:42:33.516 22817 22837 I native-activity: Swap 840 time is 13.832ms
04-13 00:42:33.516 22817 22837 I native-activity: Animating
04-13 00:42:33.526 22817 22837 I native-activity: Frame 841 GL error is 0x0
04-13 00:42:33.526 22817 22837 I native-activity: Frame 841 time is 9.761ms
04-13 00:42:33.526 22817 22837 I native-activity: Doing egl_swapbuffers_sync 2
04-13 00:42:33.530 22817 22837 I native-activity: Swap 841 time is 13.948ms
04-13 00:42:33.530 22817 22837 I native-activity: Animating
04-13 00:42:33.540 22817 22837 I native-activity: Frame 842 GL error is 0x0
04-13 00:42:33.540 22817 22837 I native-activity: Frame 842 time is 9.883ms
04-13 00:42:33.540 22817 22837 I native-activity: Doing egl_swapbuffers_sync 2
04-13 00:42:33.545 22817 22837 I native-activity: Swap 842 time is 14.337ms
04-13 00:42:33.545 22817 22837 I native-activity: Animating
04-13 00:42:33.554 22817 22837 I native-activity: Frame 843 GL error is 0x0
04-13 00:42:33.555 22817 22837 I native-activity: Frame 843 time is 9.472ms
04-13 00:42:33.555 22817 22837 I native-activity: Doing egl_swapbuffers_sync 2
04-13 00:42:33.560 22817 22837 I native-activity: Swap 843 time is 14.483ms
04-13 00:42:33.560 22817 22837 I native-activity: Animating
04-13 00:42:33.569 22817 22837 I native-activity: Frame 844 GL error is 0x0
04-13 00:42:33.569 22817 22837 I native-activity: Frame 844 time is 9.368ms
04-13 00:42:33.569 22817 22837 I native-activity: Doing egl_swapbuffers_sync 2
04-13 00:42:33.575 22817 22837 I native-activity: Swap 844 time is 14.831ms
04-13 00:42:33.575 22817 22837 I native-activity: Animating
04-13 00:42:33.584 22817 22837 I native-activity: Frame 845 GL error is 0x0
04-13 00:42:33.584 22817 22837 I native-activity: Frame 845 time is 9.501ms
04-13 00:42:33.584 22817 22837 I native-activity: Doing egl_swapbuffers_sync 2
04-13 00:42:33.592 22817 22837 I native-activity: Swap 845 time is 16.592ms
04-13 00:42:33.592 22817 22837 I native-activity: Animating
04-13 00:42:33.601 22817 22837 I native-activity: Frame 846 GL error is 0x0
04-13 00:42:33.601 22817 22837 I native-activity: Frame 846 time is 9.481ms
04-13 00:42:33.601 22817 22837 I native-activity: Doing egl_swapbuffers_sync 2
04-13 00:42:33.608 22817 22837 I native-activity: Swap 846 time is 16.558ms
04-13 00:42:33.609 22817 22837 I native-activity: Animating
04-13 00:42:33.618 22817 22837 I native-activity: Frame 847 GL error is 0x0
04-13 00:42:33.619 22817 22837 I native-activity: Frame 847 time is 9.947ms
04-13 00:42:33.619 22817 22837 I native-activity: Doing egl_swapbuffers_sync 2
04-13 00:42:33.625 22817 22837 I native-activity: Swap 847 time is 16.044ms
04-13 00:42:33.625 22817 22837 I native-activity: Animating
04-13 00:42:33.610  2137  2137 I Kernel  : [45392.285140][wlan] scnFsmSteps: (SCN STATE)
04-13 00:42:33.610  2137  2137 I Kernel  : [19] TRANSITION: [1] -> [0]
04-13 00:42:33.610  2137  2137 I Kernel  : [45392.285225][wlan] aisFsmRunEventScanDone: (AIS INFO)
04-13 00:42:33.610  2137  2137 I Kernel  : ScanDone
04-13 00:42:33.610  2137  2137 I Kernel  : [45392.285263][wlan] roamingFsmRunEventRoam: (ROAMING EVENT)
04-13 00:42:33.610  2137  2137 I Kernel  : EVENT-ROAMING ROAM: Current Time = 45092370
04-13 00:42:33.610  2137  2137 I Kernel  : [45392.285494][wlan] roamingFsmSteps: (ROAMING STATE)
04-13 00:42:33.610  2137  2137 I Kernel  : [27] TRANSITION: [2] -> [3]
04-13 00:42:33.610  2137  2137 I Kernel  : [45392.285540][wlan] aisFsmSteps: (AIS STATE)
04-13 00:42:33.610  2137  2137 I Kernel  : [13] TRANSITION: [4] -> [1]
04-13 00:42:33.610  2137  2137 I Kernel  : [45392.285682][wlan] roamingFsmRunEventFail: (ROAMING EVENT)
04-13 00:42:33.610  2137  2137 I Kernel  : EVENT-ROAMING FAIL: reason 1 Current Time = 45092370
04-13 00:42:33.610  2137  2137 I Kernel  : [45392.285726][wlan] roamingFsmSteps: (ROAMING STATE)
04-13 00:42:33.610  2137  2137 I Kernel  : [27] TRANSITION: [3] -> [1]
04-13 00:42:33.610  2137  2137 I Kernel  : [45392.285762][wlan] aisFsmSteps: (AIS STATE)
04-13 00:42:33.610  2137  2137 I Kernel  : [13] TRANSITION: [1] -> [10]
04-13 00:42:33.610  2137  2137 I Kernel  : [45392.287491][wlan] nicTxReleaseResource: (TX STATE)
04-13 00:42:33.610  2137  2137 I Kernel  : Release: TC4 count 2, Free=4; TC5 count 0, Free=4
04-13 00:42:33.636 22817 22837 I native-activity: Frame 848 GL error is 0x0
04-13 00:42:33.636 22817 22837 I native-activity: Frame 848 time is 11.378ms
04-13 00:42:33.636 22817 22837 I native-activity: Doing egl_swapbuffers_sync 2
04-13 00:42:33.642 22817 22837 I native-activity: Swap 848 time is 15.319ms
04-13 00:42:33.642 22817 22837 I native-activity: Animating
04-13 00:42:33.652 22817 22837 I native-activity: Frame 849 GL error is 0x0
04-13 00:42:33.652 22817 22837 I native-activity: Frame 849 time is 10.153ms
04-13 00:42:33.653 22817 22837 I native-activity: Doing egl_swapbuffers_sync 2
04-13 00:42:33.655 22817 22837 I native-activity: Swap 849 time is 12.657ms
04-13 00:42:33.655 22817 22837 I native-activity: Animating
04-13 00:42:33.661 22817 22837 I native-activity: Frame 850 GL error is 0x0
04-13 00:42:33.661 22817 22837 I native-activity: Frame 850 time is 5.826ms
04-13 00:42:33.661 22817 22837 I native-activity: Doing egl_swapbuffers_sync 2
04-13 00:42:33.671 22817 22837 I native-activity: Swap 850 time is 16.249ms
04-13 00:42:33.672 22817 22837 I native-activity: Animating
04-13 00:42:33.677 22817 22837 I native-activity: Frame 851 GL error is 0x0
04-13 00:42:33.677 22817 22837 I native-activity: Frame 851 time is 5.550ms
04-13 00:42:33.677 22817 22837 I native-activity: Doing egl_swapbuffers_sync 2
04-13 00:42:33.689 22817 22837 I native-activity: Swap 851 time is 17.027ms
04-13 00:42:33.689 22817 22837 I native-activity: Animating
04-13 00:42:33.694 22817 22837 I native-activity: Frame 852 GL error is 0x0
04-13 00:42:33.694 22817 22837 I native-activity: Frame 852 time is 5.569ms
04-13 00:42:33.694 22817 22837 I native-activity: Doing egl_swapbuffers_sync 2
04-13 00:42:33.705 22817 22837 I native-activity: Swap 852 time is 15.960ms
04-13 00:42:33.705 22817 22837 I native-activity: Animating
04-13 00:42:33.712 22817 22837 I native-activity: Frame 853 GL error is 0x0
04-13 00:42:33.712 22817 22837 I native-activity: Frame 853 time is 6.828ms
04-13 00:42:33.712 22817 22837 I native-activity: Doing egl_swapbuffers_sync 2
04-13 00:42:33.722 22817 22837 I native-activity: Swap 853 time is 17.024ms
04-13 00:42:33.722 22817 22837 I native-activity: Animating
04-13 00:42:33.731 22817 22837 I native-activity: Frame 854 GL error is 0x0
04-13 00:42:33.731 22817 22837 I native-activity: Frame 854 time is 8.698ms
04-13 00:42:33.731 22817 22837 I native-activity: Doing egl_swapbuffers_sync 2
04-13 00:42:33.742 22817 22837 I native-activity: Swap 854 time is 19.578ms
04-13 00:42:33.742 22817 22837 I native-activity: Animating
04-13 00:42:33.752 22817 22837 I native-activity: Frame 855 GL error is 0x0
04-13 00:42:33.752 22817 22837 I native-activity: Frame 855 time is 9.938ms
04-13 00:42:33.752 22817 22837 I native-activity: Doing egl_swapbuffers_sync 2
04-13 00:42:33.761 22817 22837 I native-activity: Swap 855 time is 19.135ms
04-13 00:42:33.761 22817 22837 I native-activity: Animating
04-13 00:42:33.771 22817 22837 I native-activity: Frame 856 GL error is 0x0
04-13 00:42:33.771 22817 22837 I native-activity: Frame 856 time is 9.676ms
04-13 00:42:33.771 22817 22837 I native-activity: Doing egl_swapbuffers_sync 2
04-13 00:42:33.781 22817 22837 I native-activity: Swap 856 time is 20.085ms
04-13 00:42:33.782 22817 22837 I native-activity: Animating
04-13 00:42:33.770 25161 25161 I Kernel  : [45392.441666].(0)[25161:kworker/0:2]virtual_sensor_thermal_get_temp mtktsbattery t=24000 a=7 o=-9500 w=437
04-13 00:42:33.770 25161 25161 I Kernel  : [45392.441758].(0)[25161:kworker/0:2]virtual_sensor_thermal_get_temp mtkts_bts t=31000 a=15 o=-1000 w=113
04-13 00:42:33.770 25161 25161 I Kernel  : [45392.442172].(0)[25161:kworker/0:2]virtual_sensor_thermal_get_temp mtktspmic t=45798 a=4 o=18000 w=450
04-13 00:42:33.770 25161 25161 I Kernel  : [45392.442214].(0)[25161:kworker/0:2]virtual_sensor_thermal_get_temp mtktswmt t=33000 a=1000 o=-5000 w=0
04-13 00:42:33.792 22817 22837 I native-activity: Frame 857 GL error is 0x0
04-13 00:42:33.792 22817 22837 I native-activity: Frame 857 time is 10.090ms
04-13 00:42:33.792 22817 22837 I native-activity: Doing egl_swapbuffers_sync 2
04-13 00:42:33.801 22817 22837 I native-activity: Swap 857 time is 19.145ms
04-13 00:42:33.801 22817 22837 I native-activity: Animating
04-13 00:42:33.811 22817 22837 I native-activity: Frame 858 GL error is 0x0
04-13 00:42:33.811 22817 22837 I native-activity: Frame 858 time is 9.902ms
04-13 00:42:33.811 22817 22837 I native-activity: Doing egl_swapbuffers_sync 2
04-13 00:42:33.821 22817 22837 I native-activity: Swap 858 time is 19.565ms
04-13 00:42:33.821 22817 22837 I native-activity: Animating
04-13 00:42:33.831 22817 22837 I native-activity: Frame 859 GL error is 0x0
04-13 00:42:33.831 22817 22837 I native-activity: Frame 859 time is 9.879ms
04-13 00:42:33.831 22817 22837 I native-activity: Doing egl_swapbuffers_sync 2
04-13 00:42:33.840 22817 22837 I native-activity: Swap 859 time is 19.434ms
04-13 00:42:33.840 22817 22837 I native-activity: Animating
04-13 00:42:33.850 22817 22837 I native-activity: Frame 860 GL error is 0x0
04-13 00:42:33.850 22817 22837 I native-activity: Frame 860 time is 9.786ms
04-13 00:42:33.850 22817 22837 I native-activity: Doing egl_swapbuffers_sync 2
04-13 00:42:33.860 22817 22837 I native-activity: Swap 860 time is 19.403ms
04-13 00:42:33.860 22817 22837 I native-activity: Animating
04-13 00:42:33.870 22817 22837 I native-activity: Frame 861 GL error is 0x0
04-13 00:42:33.870 22817 22837 I native-activity: Frame 861 time is 10.250ms
04-13 00:42:33.870 22817 22837 I native-activity: Doing egl_swapbuffers_sync 2
04-13 00:42:33.879 22817 22837 I native-activity: Swap 861 time is 18.873ms
04-13 00:42:33.879 22817 22837 I native-activity: Animating
04-13 00:42:33.889 22817 22837 I native-activity: Frame 862 GL error is 0x0
04-13 00:42:33.889 22817 22837 I native-activity: Frame 862 time is 9.953ms
04-13 00:42:33.889 22817 22837 I native-activity: Doing egl_swapbuffers_sync 2
04-13 00:42:33.898 22817 22837 I native-activity: Swap 862 time is 18.925ms
04-13 00:42:33.898 22817 22837 I native-activity: Animating
04-13 00:42:33.909 22817 22837 I native-activity: Frame 863 GL error is 0x0
04-13 00:42:33.909 22817 22837 I native-activity: Frame 863 time is 10.137ms
04-13 00:42:33.909 22817 22837 I native-activity: Doing egl_swapbuffers_sync 2
04-13 00:42:33.917 22817 22837 I native-activity: Swap 863 time is 18.835ms
04-13 00:42:33.918 22817 22837 I native-activity: Animating
04-13 00:42:33.928 22817 22837 I native-activity: Frame 864 GL error is 0x0
04-13 00:42:33.928 22817 22837 I native-activity: Frame 864 time is 10.196ms
04-13 00:42:33.928 22817 22837 I native-activity: Doing egl_swapbuffers_sync 2
04-13 00:42:33.936 22817 22837 I native-activity: Swap 864 time is 18.663ms
04-13 00:42:33.936 22817 22837 I native-activity: Animating
04-13 00:42:33.947 22817 22837 I native-activity: Frame 865 GL error is 0x0
04-13 00:42:33.947 22817 22837 I native-activity: Frame 865 time is 10.365ms
04-13 00:42:33.947 22817 22837 I native-activity: Doing egl_swapbuffers_sync 2
04-13 00:42:33.955 22817 22837 I native-activity: Swap 865 time is 18.695ms
04-13 00:42:33.955 22817 22837 I native-activity: Animating
04-13 00:42:33.968 22817 22837 I native-activity: Frame 866 GL error is 0x0
04-13 00:42:33.969 22817 22837 I native-activity: Frame 866 time is 13.159ms
04-13 00:42:33.969 22817 22837 I native-activity: Doing egl_swapbuffers_sync 2
04-13 00:42:33.950  2137  2137 I Kernel  : [45392.623059][wlan] nicTxReleaseResource: (TX STATE)
04-13 00:42:33.950  2137  2137 I Kernel  : Release: TC4 count 1, Free=4; TC5 count 0, Free=4
04-13 00:42:33.950  2159  2159 I Kernel  : [45392.624078].(0)[2159:wpa_supplicant]poorlink get state G(361649)F(49)dbad(0)dretry(0)LT(540)RT(-78)W(0)(12226)
04-13 00:42:33.950  2137  2137 I Kernel  : [45392.624637][wlan] nicTxReleaseResource: (TX STATE)
04-13 00:42:33.950  2137  2137 I Kernel  : Release: TC4 count 1, Free=4; TC5 count 0, Free=4
04-13 00:42:33.974 22817 22837 I native-activity: Swap 866 time is 18.599ms
04-13 00:42:33.974 22817 22837 I native-activity: Animating
04-13 00:42:33.984 22817 22837 I native-activity: Frame 867 GL error is 0x0
04-13 00:42:33.985 22817 22837 I native-activity: Frame 867 time is 10.314ms
04-13 00:42:33.985 22817 22837 I native-activity: Doing egl_swapbuffers_sync 2
04-13 00:42:33.993 22817 22837 I native-activity: Swap 867 time is 18.276ms
04-13 00:42:33.993 22817 22837 I native-activity: Animating
04-13 00:42:34.003 22817 22837 I native-activity: Frame 868 GL error is 0x0
04-13 00:42:34.003 22817 22837 I native-activity: Frame 868 time is 10.043ms
04-13 00:42:34.003 22817 22837 I native-activity: Doing egl_swapbuffers_sync 2
04-13 00:42:34.011 22817 22837 I native-activity: Swap 868 time is 18.606ms
04-13 00:42:34.012 22817 22837 I native-activity: Animating
04-13 00:42:34.023 22817 22837 I native-activity: Frame 869 GL error is 0x0
04-13 00:42:34.023 22817 22837 I native-activity: Frame 869 time is 11.442ms
04-13 00:42:34.023 22817 22837 I native-activity: Doing egl_swapbuffers_sync 2
04-13 00:42:34.030 22817 22837 I native-activity: Swap 869 time is 18.346ms
04-13 00:42:34.030 22817 22837 I native-activity: Animating
04-13 00:42:34.041 22817 22837 I native-activity: Frame 870 GL error is 0x0
04-13 00:42:34.041 22817 22837 I native-activity: Frame 870 time is 10.369ms
04-13 00:42:34.041 22817 22837 I native-activity: Doing egl_swapbuffers_sync 2
04-13 00:42:34.048 22817 22837 I native-activity: Swap 870 time is 18.186ms
04-13 00:42:34.049 22817 22837 I native-activity: Animating
04-13 00:42:34.060 22817 22837 I native-activity: Frame 871 GL error is 0x0
04-13 00:42:34.060 22817 22837 I native-activity: Frame 871 time is 11.397ms
04-13 00:42:34.060 22817 22837 I native-activity: Doing egl_swapbuffers_sync 2
04-13 00:42:34.067 22817 22837 I native-activity: Swap 871 time is 18.484ms
04-13 00:42:34.067 22817 22837 I native-activity: Animating
04-13 00:42:34.078 22817 22837 I native-activity: Frame 872 GL error is 0x0
04-13 00:42:34.079 22817 22837 I native-activity: Frame 872 time is 11.084ms
04-13 00:42:34.079 22817 22837 I native-activity: Doing egl_swapbuffers_sync 2
04-13 00:42:34.086 22817 22837 I native-activity: Swap 872 time is 18.456ms
04-13 00:42:34.086 22817 22837 I native-activity: Animating
04-13 00:42:34.080    82    82 I Kernel  : [45392.754726].(0)[82:mtk charger_hv_]charging_reset_watch_dog_timer
04-13 00:42:34.080    82    82 I Kernel  : [45392.756842].(0)[82:mtk charger_hv_]array_size = 16 
04-13 00:42:34.101 22817 22837 I native-activity: Frame 873 GL error is 0x0
04-13 00:42:34.101 22817 22837 I native-activity: Frame 873 time is 14.929ms
04-13 00:42:34.101 22817 22837 I native-activity: Doing egl_swapbuffers_sync 2
04-13 00:42:34.105 22817 22837 I native-activity: Swap 873 time is 18.427ms
04-13 00:42:34.105 22817 22837 I native-activity: Animating
04-13 00:42:34.127 22817 22837 I native-activity: Frame 874 GL error is 0x0
04-13 00:42:34.127 22817 22837 I native-activity: Frame 874 time is 21.863ms
04-13 00:42:34.127 22817 22837 I native-activity: Doing egl_swapbuffers_sync 2
04-13 00:42:34.127 22817 22837 I native-activity: Swap 874 time is 22.363ms
04-13 00:42:34.127 22817 22837 I native-activity: Animating
04-13 00:42:34.143 22817 22837 I native-activity: Frame 875 GL error is 0x0
04-13 00:42:34.143 22817 22837 I native-activity: Frame 875 time is 15.686ms
04-13 00:42:34.143 22817 22837 I native-activity: Doing egl_swapbuffers_sync 2
04-13 00:42:34.144 22817 22837 I native-activity: Swap 875 time is 16.337ms
04-13 00:42:34.144 22817 22837 I native-activity: Animating
04-13 00:42:34.155 22817 22837 I native-activity: Frame 876 GL error is 0x0
04-13 00:42:34.155 22817 22837 I native-activity: Frame 876 time is 11.094ms
04-13 00:42:34.155 22817 22837 I native-activity: Doing egl_swapbuffers_sync 2
04-13 00:42:34.160 22817 22837 I native-activity: Swap 876 time is 16.128ms
04-13 00:42:34.160 22817 22837 I native-activity: Animating
04-13 00:42:34.175 22817 22837 I native-activity: Frame 877 GL error is 0x0
04-13 00:42:34.175 22817 22837 I native-activity: Frame 877 time is 14.742ms
04-13 00:42:34.175 22817 22837 I native-activity: Doing egl_swapbuffers_sync 2
04-13 00:42:34.179 22817 22837 I native-activity: Swap 877 time is 18.599ms
04-13 00:42:34.179 22817 22837 I native-activity: Animating
04-13 00:42:34.193 22817 22837 I native-activity: Frame 878 GL error is 0x0
04-13 00:42:34.193 22817 22837 I native-activity: Frame 878 time is 14.363ms
04-13 00:42:34.193 22817 22837 I native-activity: Doing egl_swapbuffers_sync 2
04-13 00:42:34.199 22817 22837 I native-activity: Swap 878 time is 20.002ms
04-13 00:42:34.199 22817 22837 I native-activity: Animating
04-13 00:42:34.208 22817 22837 I native-activity: Frame 879 GL error is 0x0
04-13 00:42:34.208 22817 22837 I native-activity: Frame 879 time is 8.930ms
04-13 00:42:34.208 22817 22837 I native-activity: Doing egl_swapbuffers_sync 2
04-13 00:42:34.221 22817 22837 I native-activity: Swap 879 time is 22.121ms
04-13 00:42:34.221 22817 22837 I native-activity: Animating
04-13 00:42:34.230 22817 22837 I native-activity: Frame 880 GL error is 0x0
04-13 00:42:34.230 22817 22837 I native-activity: Frame 880 time is 8.961ms
04-13 00:42:34.230 22817 22837 I native-activity: Doing egl_swapbuffers_sync 2
04-13 00:42:34.243 22817 22837 I native-activity: Swap 880 time is 21.524ms
04-13 00:42:34.243 22817 22837 I native-activity: Animating
04-13 00:42:34.251 22817 22837 I native-activity: Frame 881 GL error is 0x0
04-13 00:42:34.251 22817 22837 I native-activity: Frame 881 time is 7.911ms
04-13 00:42:34.251 22817 22837 I native-activity: Doing egl_swapbuffers_sync 2
04-13 00:42:34.264 22817 22837 I native-activity: Swap 881 time is 21.323ms
04-13 00:42:34.265 22817 22837 I native-activity: Animating
04-13 00:42:34.272 22817 22837 I native-activity: Frame 882 GL error is 0x0
04-13 00:42:34.272 22817 22837 I native-activity: Frame 882 time is 6.966ms
04-13 00:42:34.272 22817 22837 I native-activity: Doing egl_swapbuffers_sync 2
04-13 00:42:34.286 22817 22837 I native-activity: Swap 882 time is 20.119ms
04-13 00:42:34.286 22817 22837 I native-activity: Animating
04-13 00:42:34.292 22817 22837 I native-activity: Frame 883 GL error is 0x0
04-13 00:42:34.292 22817 22837 I native-activity: Frame 883 time is 6.457ms
04-13 00:42:34.292 22817 22837 I native-activity: Doing egl_swapbuffers_sync 2
04-13 00:42:34.306 22817 22837 I native-activity: Swap 883 time is 20.762ms
04-13 00:42:34.307 22817 22837 I native-activity: Animating
04-13 00:42:34.315 22817 22837 I native-activity: Frame 884 GL error is 0x0
04-13 00:42:34.315 22817 22837 I native-activity: Frame 884 time is 8.255ms
04-13 00:42:34.315 22817 22837 I native-activity: Doing egl_swapbuffers_sync 2
04-13 00:42:34.327 22817 22837 I native-activity: Swap 884 time is 20.625ms
04-13 00:42:34.327 22817 22837 I native-activity: Animating
04-13 00:42:34.337 22817 22837 I native-activity: Frame 885 GL error is 0x0
04-13 00:42:34.337 22817 22837 I native-activity: Frame 885 time is 10.012ms
04-13 00:42:34.338 22817 22837 I native-activity: Doing egl_swapbuffers_sync 2
04-13 00:42:34.348 22817 22837 I native-activity: Swap 885 time is 20.173ms
04-13 00:42:34.348 22817 22837 I native-activity: Animating
04-13 00:42:34.348 22817 22837 I native-activity: Frame 886 GL error is 0x0
04-13 00:42:34.348 22817 22837 I native-activity: Frame 886 time is 0.056ms
04-13 00:42:34.348 22817 22837 I native-activity: Doing egl_swapbuffers_sync 2
04-13 00:42:34.348 22817 22837 I native-activity: Swap 886 time is 0.226ms
04-13 00:42:34.348 22817 22837 I native-activity: Animating
04-13 00:42:34.348 22817 22837 I native-activity: Reached frame 887 end of replay, exiting
