04-13 01:14:17.322 27815 27848 V native-activity: 		EGL_RED_SIZE: 0
04-13 01:14:17.322 27815 27848 V native-activity: 		EGL_GREEN_SIZE: 0
04-13 01:14:17.322 27815 27848 V native-activity: 		EGL_BLUE_SIZE: 0
04-13 01:14:17.322 27815 27848 V native-activity: 		EGL_ALPHA_SIZE: 0
04-13 01:14:17.322 27815 27848 V native-activity: 		EGL_ALPHA_MASK_SIZE: 0
04-13 01:14:17.322 27815 27848 V native-activity: 		EGL_LUMINANCE_SIZE: 8
04-13 01:14:17.322 27815 27848 V native-activity: 		EGL_TRANSPARENT_TYPE: 12344 EGL_NONE,
04-13 01:14:17.322 27815 27848 V native-activity: 		EGL_TRANSPARENT_RED_VALUE: -1
04-13 01:14:17.322 27815 27848 V native-activity: 		EGL_TRANSPARENT_GREEN_VALUE: -1
04-13 01:14:17.322 27815 27848 V native-activity: 		EGL_TRANSPARENT_BLUE_VALUE: -1
04-13 01:14:17.322 27815 27848 V native-activity: 		EGL_STENCIL_SIZE: 0
04-13 01:14:17.322 27815 27848 V native-activity: 		EGL_DEPTH_SIZE: 0
04-13 01:14:17.322 27815 27848 V native-activity: 		EGL_BIND_TO_TEXTURE_RGB: 0
04-13 01:14:17.322 27815 27848 V native-activity: 		EGL_BIND_TO_TEXTURE_RGBA: 0
04-13 01:14:17.322 27815 27848 V native-activity: 		EGL_MIN_SWAP_INTERVAL: 0
04-13 01:14:17.322 27815 27848 V native-activity: 		EGL_MAX_SWAP_INTERVAL: 0
04-13 01:14:17.323 27815 27848 V native-activity: 		EGL_MAX_PBUFFER_WIDTH: 0
04-13 01:14:17.323 27815 27848 V native-activity: 		EGL_MAX_PBUFFER_HEIGHT: 0
04-13 01:14:17.323 27815 27848 D native-activity: 	Config 0x6000000f index 14
04-13 01:14:17.323 27815 27848 V native-activity: 		EGL_CONFIG_ID: 14
04-13 01:14:17.323 27815 27848 V native-activity: 		EGL_CONFORMANT: 0
04-13 01:14:17.323 27815 27848 V native-activity: 		EGL_CONFIG_CAVEAT: 12369 EGL_NON_CONFORMANT_CONFIG,
04-13 01:14:17.323   917  1055 I LoggerMetricsFactoryImpl: PhoneWindowManager:ActivityChanged:com.example.sonicdash_stage1=1.0;CT;1:NR
04-13 01:14:17.323 27815 27848 V native-activity: 		EGL_RENDERABLE_TYPE: 0
04-13 01:14:17.323 27815 27848 V native-activity: 		EGL_SURFACE_TYPE: 2 EGL_PIXMAP_BIT,
04-13 01:14:17.323 27815 27848 V native-activity: 		EGL_LEVEL: 0
04-13 01:14:17.323 27815 27848 V native-activity: 		EGL_COLOR_BUFFER_TYPE: 12431 EGL_LUMINANCE_BUFFER,
04-13 01:14:17.323 27815 27848 V native-activity: 		EGL_BUFFER_SIZE: 16
04-13 01:14:17.323 27815 27848 V native-activity: 		EGL_SAMPLES: 0
04-13 01:14:17.323 27815 27848 V native-activity: 		EGL_SAMPLE_BUFFERS: 0
04-13 01:14:17.323 27815 27848 V native-activity: 		EGL_RED_SIZE: 0
04-13 01:14:17.323 27815 27848 V native-activity: 		EGL_GREEN_SIZE: 0
04-13 01:14:17.323 27815 27848 V native-activity: 		EGL_BLUE_SIZE: 0
04-13 01:14:17.323 27815 27848 V native-activity: 		EGL_ALPHA_SIZE: 8
04-13 01:14:17.323 27815 27848 V native-activity: 		EGL_ALPHA_MASK_SIZE: 0
04-13 01:14:17.323 27815 27848 V native-activity: 		EGL_LUMINANCE_SIZE: 8
04-13 01:14:17.323 27815 27848 V native-activity: 		EGL_TRANSPARENT_TYPE: 12344 EGL_NONE,
04-13 01:14:17.323 27815 27848 V native-activity: 		EGL_TRANSPARENT_RED_VALUE: -1
04-13 01:14:17.323 27815 27848 V native-activity: 		EGL_TRANSPARENT_GREEN_VALUE: -1
04-13 01:14:17.323 27815 27848 V native-activity: 		EGL_TRANSPARENT_BLUE_VALUE: -1
04-13 01:14:17.323 27815 27848 V native-activity: 		EGL_STENCIL_SIZE: 0
04-13 01:14:17.323 27815 27848 V native-activity: 		EGL_DEPTH_SIZE: 0
04-13 01:14:17.323 27815 27848 V native-activity: 		EGL_BIND_TO_TEXTURE_RGB: 0
04-13 01:14:17.323 27815 27848 V native-activity: 		EGL_BIND_TO_TEXTURE_RGBA: 0
04-13 01:14:17.323 27815 27848 V native-activity: 		EGL_MIN_SWAP_INTERVAL: 0
04-13 01:14:17.323 27815 27848 V native-activity: 		EGL_MAX_SWAP_INTERVAL: 0
04-13 01:14:17.323 27815 27848 V native-activity: 		EGL_MAX_PBUFFER_WIDTH: 0
04-13 01:14:17.323 27815 27848 V native-activity: 		EGL_MAX_PBUFFER_HEIGHT: 0
04-13 01:14:17.323 27815 27848 D native-activity: 	Config 0x60000010 index 15
04-13 01:14:17.323 27815 27848 V native-activity: 		EGL_CONFIG_ID: 29
04-13 01:14:17.323 27815 27848 V native-activity: 		EGL_CONFORMANT: 5 EGL_OPENGL_ES_BIT, EGL_OPENGL_ES2_BIT,
04-13 01:14:17.323 27815 27848 V native-activity: 		EGL_CONFIG_CAVEAT: 12344 EGL_NONE,
04-13 01:14:17.323 27815 27848 V native-activity: 		EGL_RENDERABLE_TYPE: 5 EGL_OPENGL_ES_BIT, EGL_OPENGL_ES2_BIT,
04-13 01:14:17.324 27815 27848 V native-activity: 		EGL_SURFACE_TYPE: 1031 EGL_PBUFFER_BIT, EGL_PIXMAP_BIT, EGL_SWAP_BEHAVIOR_PRESERVED_BIT, EGL_WINDOW_BIT,
04-13 01:14:17.324 27815 27848 V native-activity: 		EGL_LEVEL: 0
04-13 01:14:17.324 27815 27848 V native-activity: 		EGL_COLOR_BUFFER_TYPE: 12430 EGL_RGB_BUFFER,
04-13 01:14:17.324 27815 27848 V native-activity: 		EGL_BUFFER_SIZE: 16
04-13 01:14:17.324 27815 27848 V native-activity: 		EGL_SAMPLES: 0
04-13 01:14:17.324 27815 27848 V native-activity: 		EGL_SAMPLE_BUFFERS: 0
04-13 01:14:17.324 27815 27848 V native-activity: 		EGL_RED_SIZE: 5
04-13 01:14:17.324 27815 27848 V native-activity: 		EGL_GREEN_SIZE: 6
04-13 01:14:17.324 27815 27848 V native-activity: 		EGL_BLUE_SIZE: 5
04-13 01:14:17.324 27815 27848 V native-activity: 		EGL_ALPHA_SIZE: 0
04-13 01:14:17.324 27815 27848 V native-activity: 		EGL_ALPHA_MASK_SIZE: 0
04-13 01:14:17.324 27815 27848 V native-activity: 		EGL_LUMINANCE_SIZE: 0
04-13 01:14:17.324 27815 27848 V native-activity: 		EGL_TRANSPARENT_TYPE: 12344 EGL_NONE,
04-13 01:14:17.324 27815 27848 V native-activity: 		EGL_TRANSPARENT_RED_VALUE: -1
04-13 01:14:17.324 27815 27848 V native-activity: 		EGL_TRANSPARENT_GREEN_VALUE: -1
04-13 01:14:17.324 27815 27848 V native-activity: 		EGL_TRANSPARENT_BLUE_VALUE: -1
04-13 01:14:17.324 27815 27848 V native-activity: 		EGL_STENCIL_SIZE: 0
04-13 01:14:17.324 27815 27848 V native-activity: 		EGL_DEPTH_SIZE: 0
04-13 01:14:17.324 27815 27848 V native-activity: 		EGL_BIND_TO_TEXTURE_RGB: 1
04-13 01:14:17.324 27815 27848 V native-activity: 		EGL_BIND_TO_TEXTURE_RGBA: 0
04-13 01:14:17.324 27815 27848 V native-activity: 		EGL_MIN_SWAP_INTERVAL: 0
04-13 01:14:17.324 27815 27848 V native-activity: 		EGL_MAX_SWAP_INTERVAL: 10
04-13 01:14:17.324 27815 27848 V native-activity: 		EGL_MAX_PBUFFER_WIDTH: 4096
04-13 01:14:17.324 27815 27848 V native-activity: 		EGL_MAX_PBUFFER_HEIGHT: 4096
04-13 01:14:17.324 27815 27848 D native-activity: 	Config 0x60000011 index 16
04-13 01:14:17.324 27815 27848 V native-activity: 		EGL_CONFIG_ID: 30
04-13 01:14:17.324 27815 27848 V native-activity: 		EGL_CONFORMANT: 5 EGL_OPENGL_ES_BIT, EGL_OPENGL_ES2_BIT,
04-13 01:14:17.324 27815 27848 V native-activity: 		EGL_CONFIG_CAVEAT: 12344 EGL_NONE,
04-13 01:14:17.324 27815 27848 V native-activity: 		EGL_RENDERABLE_TYPE: 5 EGL_OPENGL_ES_BIT, EGL_OPENGL_ES2_BIT,
04-13 01:14:17.324 27815 27848 V native-activity: 		EGL_SURFACE_TYPE: 1031 EGL_PBUFFER_BIT, EGL_PIXMAP_BIT, EGL_SWAP_BEHAVIOR_PRESERVED_BIT, EGL_WINDOW_BIT,
04-13 01:14:17.324 27815 27848 V native-activity: 		EGL_LEVEL: 0
04-13 01:14:17.324 27815 27848 V native-activity: 		EGL_COLOR_BUFFER_TYPE: 12430 EGL_RGB_BUFFER,
04-13 01:14:17.324 27815 27848 V native-activity: 		EGL_BUFFER_SIZE: 32
04-13 01:14:17.324 27815 27848 V native-activity: 		EGL_SAMPLES: 0
04-13 01:14:17.324 27815 27848 V native-activity: 		EGL_SAMPLE_BUFFERS: 0
04-13 01:14:17.324 27815 27848 V native-activity: 		EGL_RED_SIZE: 8
04-13 01:14:17.324 27815 27848 V native-activity: 		EGL_GREEN_SIZE: 8
04-13 01:14:17.324 27815 27848 V native-activity: 		EGL_BLUE_SIZE: 8
04-13 01:14:17.324 27815 27848 V native-activity: 		EGL_ALPHA_SIZE: 8
04-13 01:14:17.324 27815 27848 V native-activity: 		EGL_ALPHA_MASK_SIZE: 0
04-13 01:14:17.324 27815 27848 V native-activity: 		EGL_LUMINANCE_SIZE: 0
04-13 01:14:17.324 27815 27848 V native-activity: 		EGL_TRANSPARENT_TYPE: 12344 EGL_NONE,
04-13 01:14:17.324 27815 27848 V native-activity: 		EGL_TRANSPARENT_RED_VALUE: -1
04-13 01:14:17.324 27815 27848 V native-activity: 		EGL_TRANSPARENT_GREEN_VALUE: -1
04-13 01:14:17.324 27815 27848 V native-activity: 		EGL_TRANSPARENT_BLUE_VALUE: -1
04-13 01:14:17.324 27815 27848 V native-activity: 		EGL_STENCIL_SIZE: 0
04-13 01:14:17.324 27815 27848 V native-activity: 		EGL_DEPTH_SIZE: 0
04-13 01:14:17.324 27815 27848 V native-activity: 		EGL_BIND_TO_TEXTURE_RGB: 1
04-13 01:14:17.324 27815 27848 V native-activity: 		EGL_BIND_TO_TEXTURE_RGBA: 1
04-13 01:14:17.324 27815 27848 V native-activity: 		EGL_MIN_SWAP_INTERVAL: 0
04-13 01:14:17.324 27815 27848 V native-activity: 		EGL_MAX_SWAP_INTERVAL: 10
04-13 01:14:17.325 27815 27848 V native-activity: 		EGL_MAX_PBUFFER_WIDTH: 4096
04-13 01:14:17.325 27815 27848 V native-activity: 		EGL_MAX_PBUFFER_HEIGHT: 4096
04-13 01:14:17.325 27815 27848 D native-activity: 	Config 0x60000012 index 17
04-13 01:14:17.325 27815 27848 V native-activity: 		EGL_CONFIG_ID: 31
04-13 01:14:17.325 27815 27848 V native-activity: 		EGL_CONFORMANT: 5 EGL_OPENGL_ES_BIT, EGL_OPENGL_ES2_BIT,
04-13 01:14:17.325 27815 27848 V native-activity: 		EGL_CONFIG_CAVEAT: 12344 EGL_NONE,
04-13 01:14:17.325 27815 27848 V native-activity: 		EGL_RENDERABLE_TYPE: 5 EGL_OPENGL_ES_BIT, EGL_OPENGL_ES2_BIT,
04-13 01:14:17.325 27815 27848 V native-activity: 		EGL_SURFACE_TYPE: 1031 EGL_PBUFFER_BIT, EGL_PIXMAP_BIT, EGL_SWAP_BEHAVIOR_PRESERVED_BIT, EGL_WINDOW_BIT,
04-13 01:14:17.325 27815 27848 V native-activity: 		EGL_LEVEL: 0
04-13 01:14:17.325 27815 27848 V native-activity: 		EGL_COLOR_BUFFER_TYPE: 12430 EGL_RGB_BUFFER,
04-13 01:14:17.325 27815 27848 V native-activity: 		EGL_BUFFER_SIZE: 32
04-13 01:14:17.325 27815 27848 V native-activity: 		EGL_SAMPLES: 0
04-13 01:14:17.325 27815 27848 V native-activity: 		EGL_SAMPLE_BUFFERS: 0
04-13 01:14:17.325 27815 27848 V native-activity: 		EGL_RED_SIZE: 8
04-13 01:14:17.325 27815 27848 V native-activity: 		EGL_GREEN_SIZE: 8
04-13 01:14:17.325 27815 27848 V native-activity: 		EGL_BLUE_SIZE: 8
04-13 01:14:17.325 27815 27848 V native-activity: 		EGL_ALPHA_SIZE: 0
04-13 01:14:17.325 27815 27848 V native-activity: 		EGL_ALPHA_MASK_SIZE: 0
04-13 01:14:17.325 27815 27848 V native-activity: 		EGL_LUMINANCE_SIZE: 0
04-13 01:14:17.325 27815 27848 V native-activity: 		EGL_TRANSPARENT_TYPE: 12344 EGL_NONE,
04-13 01:14:17.325 27815 27848 V native-activity: 		EGL_TRANSPARENT_RED_VALUE: -1
04-13 01:14:17.325 27815 27848 V native-activity: 		EGL_TRANSPARENT_GREEN_VALUE: -1
04-13 01:14:17.325 27815 27848 V native-activity: 		EGL_TRANSPARENT_BLUE_VALUE: -1
04-13 01:14:17.325 27815 27848 V native-activity: 		EGL_STENCIL_SIZE: 0
04-13 01:14:17.325 27815 27848 V native-activity: 		EGL_DEPTH_SIZE: 0
04-13 01:14:17.325 27815 27848 V native-activity: 		EGL_BIND_TO_TEXTURE_RGB: 1
04-13 01:14:17.325 27815 27848 V native-activity: 		EGL_BIND_TO_TEXTURE_RGBA: 1
04-13 01:14:17.325 27815 27848 V native-activity: 		EGL_MIN_SWAP_INTERVAL: 0
04-13 01:14:17.325 27815 27848 V native-activity: 		EGL_MAX_SWAP_INTERVAL: 10
04-13 01:14:17.325 27815 27848 V native-activity: 		EGL_MAX_PBUFFER_WIDTH: 4096
04-13 01:14:17.325 27815 27848 V native-activity: 		EGL_MAX_PBUFFER_HEIGHT: 4096
04-13 01:14:17.325 27815 27848 D native-activity: 	Config 0x60000013 index 18
04-13 01:14:17.325 27815 27848 V native-activity: 		EGL_CONFIG_ID: 32
04-13 01:14:17.325 27815 27848 V native-activity: 		EGL_CONFORMANT: 5 EGL_OPENGL_ES_BIT, EGL_OPENGL_ES2_BIT,
04-13 01:14:17.325 27815 27848 V native-activity: 		EGL_CONFIG_CAVEAT: 12344 EGL_NONE,
04-13 01:14:17.325 27815 27848 V native-activity: 		EGL_RENDERABLE_TYPE: 5 EGL_OPENGL_ES_BIT, EGL_OPENGL_ES2_BIT,
04-13 01:14:17.325 27815 27848 V native-activity: 		EGL_SURFACE_TYPE: 1031 EGL_PBUFFER_BIT, EGL_PIXMAP_BIT, EGL_SWAP_BEHAVIOR_PRESERVED_BIT, EGL_WINDOW_BIT,
04-13 01:14:17.325 27815 27848 V native-activity: 		EGL_LEVEL: 0
04-13 01:14:17.325 27815 27848 V native-activity: 		EGL_COLOR_BUFFER_TYPE: 12430 EGL_RGB_BUFFER,
04-13 01:14:17.325 27815 27848 V native-activity: 		EGL_BUFFER_SIZE: 32
04-13 01:14:17.325 27815 27848 V native-activity: 		EGL_SAMPLES: 0
04-13 01:14:17.325 27815 27848 V native-activity: 		EGL_SAMPLE_BUFFERS: 0
04-13 01:14:17.325 27815 27848 V native-activity: 		EGL_RED_SIZE: 8
04-13 01:14:17.325 27815 27848 V native-activity: 		EGL_GREEN_SIZE: 8
04-13 01:14:17.325 27815 27848 V native-activity: 		EGL_BLUE_SIZE: 8
04-13 01:14:17.325 27815 27848 V native-activity: 		EGL_ALPHA_SIZE: 0
04-13 01:14:17.325 27815 27848 V native-activity: 		EGL_ALPHA_MASK_SIZE: 0
04-13 01:14:17.325 27815 27848 V native-activity: 		EGL_LUMINANCE_SIZE: 0
04-13 01:14:17.325 27815 27848 V native-activity: 		EGL_TRANSPARENT_TYPE: 12344 EGL_NONE,
04-13 01:14:17.325 27815 27848 V native-activity: 		EGL_TRANSPARENT_RED_VALUE: -1
04-13 01:14:17.326 27815 27848 V native-activity: 		EGL_TRANSPARENT_GREEN_VALUE: -1
04-13 01:14:17.326 27815 27848 V native-activity: 		EGL_TRANSPARENT_BLUE_VALUE: -1
04-13 01:14:17.326 27815 27848 V native-activity: 		EGL_STENCIL_SIZE: 0
04-13 01:14:17.326 27815 27848 V native-activity: 		EGL_DEPTH_SIZE: 24
04-13 01:14:17.326 27815 27848 V native-activity: 		EGL_BIND_TO_TEXTURE_RGB: 1
04-13 01:14:17.326 27815 27848 V native-activity: 		EGL_BIND_TO_TEXTURE_RGBA: 1
04-13 01:14:17.326 27815 27848 V native-activity: 		EGL_MIN_SWAP_INTERVAL: 0
04-13 01:14:17.326 27815 27848 V native-activity: 		EGL_MAX_SWAP_INTERVAL: 10
04-13 01:14:17.326 27815 27848 V native-activity: 		EGL_MAX_PBUFFER_WIDTH: 4096
04-13 01:14:17.326 27815 27848 V native-activity: 		EGL_MAX_PBUFFER_HEIGHT: 4096
04-13 01:14:17.326 27815 27848 D native-activity: 	Config 0x60000014 index 19
04-13 01:14:17.326 27815 27848 V native-activity: 		EGL_CONFIG_ID: 33
04-13 01:14:17.326 27815 27848 V native-activity: 		EGL_CONFORMANT: 5 EGL_OPENGL_ES_BIT, EGL_OPENGL_ES2_BIT,
04-13 01:14:17.326 27815 27848 V native-activity: 		EGL_CONFIG_CAVEAT: 12344 EGL_NONE,
04-13 01:14:17.326 27815 27848 V native-activity: 		EGL_RENDERABLE_TYPE: 5 EGL_OPENGL_ES_BIT, EGL_OPENGL_ES2_BIT,
04-13 01:14:17.326 27815 27848 V native-activity: 		EGL_SURFACE_TYPE: 1031 EGL_PBUFFER_BIT, EGL_PIXMAP_BIT, EGL_SWAP_BEHAVIOR_PRESERVED_BIT, EGL_WINDOW_BIT,
04-13 01:14:17.326 27815 27848 V native-activity: 		EGL_LEVEL: 0
04-13 01:14:17.326 27815 27848 V native-activity: 		EGL_COLOR_BUFFER_TYPE: 12430 EGL_RGB_BUFFER,
04-13 01:14:17.326 27815 27848 V native-activity: 		EGL_BUFFER_SIZE: 32
04-13 01:14:17.326 27815 27848 V native-activity: 		EGL_SAMPLES: 0
04-13 01:14:17.326 27815 27848 V native-activity: 		EGL_SAMPLE_BUFFERS: 0
04-13 01:14:17.326 27815 27848 V native-activity: 		EGL_RED_SIZE: 8
04-13 01:14:17.326 27815 27848 V native-activity: 		EGL_GREEN_SIZE: 8
04-13 01:14:17.326 27815 27848 V native-activity: 		EGL_BLUE_SIZE: 8
04-13 01:14:17.326 27815 27848 V native-activity: 		EGL_ALPHA_SIZE: 8
04-13 01:14:17.326 27815 27848 V native-activity: 		EGL_ALPHA_MASK_SIZE: 0
04-13 01:14:17.326 27815 27848 V native-activity: 		EGL_LUMINANCE_SIZE: 0
04-13 01:14:17.326 27815 27848 V native-activity: 		EGL_TRANSPARENT_TYPE: 12344 EGL_NONE,
04-13 01:14:17.326 27815 27848 V native-activity: 		EGL_TRANSPARENT_RED_VALUE: -1
04-13 01:14:17.326 27815 27848 V native-activity: 		EGL_TRANSPARENT_GREEN_VALUE: -1
04-13 01:14:17.326 27815 27848 V native-activity: 		EGL_TRANSPARENT_BLUE_VALUE: -1
04-13 01:14:17.326 27815 27848 V native-activity: 		EGL_STENCIL_SIZE: 8
04-13 01:14:17.326 27815 27848 V native-activity: 		EGL_DEPTH_SIZE: 24
04-13 01:14:17.326 27815 27848 V native-activity: 		EGL_BIND_TO_TEXTURE_RGB: 1
04-13 01:14:17.326 27815 27848 V native-activity: 		EGL_BIND_TO_TEXTURE_RGBA: 1
04-13 01:14:17.326 27815 27848 V native-activity: 		EGL_MIN_SWAP_INTERVAL: 0
04-13 01:14:17.326 27815 27848 V native-activity: 		EGL_MAX_SWAP_INTERVAL: 10
04-13 01:14:17.326 27815 27848 V native-activity: 		EGL_MAX_PBUFFER_WIDTH: 4096
04-13 01:14:17.326 27815 27848 V native-activity: 		EGL_CONFIG_ID: 41
04-13 01:14:17.326 27815 27848 V native-activity: 		EGL_CONFIG_CAVEAT: 12344 EGL_NONE,
04-13 01:14:17.326 27815 27848 V native-activity: 		EGL_LEVEL: 0
04-13 01:14:17.326 27815 27848 V native-activity: 		EGL_BUFFER_SIZE: 32
04-13 01:14:17.327 27815 27848 V native-activity: 		EGL_TRANSPARENT_GREEN_VALUE: -1
04-13 01:14:17.327 27815 27848 V native-activity: 		EGL_DEPTH_SIZE: 24
04-13 01:14:17.327 27815 27848 V native-activity: 		EGL_BIND_TO_TEXTURE_RGBA: 1
04-13 01:14:17.327 27815 27848 V native-activity: 		EGL_MAX_SWAP_INTERVAL: 10
04-13 01:14:17.327 27815 27848 V native-activity: 		EGL_MAX_PBUFFER_WIDTH: 4096
04-13 01:14:17.327 27815 27848 D native-activity: 	Config 0x60000016 index 21
04-13 01:14:17.327 27815 27848 V native-activity: 		EGL_RENDERABLE_TYPE: 5 EGL_OPENGL_ES_BIT, EGL_OPENGL_ES2_BIT,
04-13 01:14:17.327 27815 27848 V native-activity: 		EGL_LEVEL: 0
04-13 01:14:17.327 27815 27848 V native-activity: 		EGL_BUFFER_SIZE: 32
04-13 01:14:17.327 27815 27848 V native-activity: 		EGL_SAMPLES: 4
04-13 01:14:17.327 27815 27848 V native-activity: 		EGL_RED_SIZE: 8
04-13 01:14:17.327 27815 27848 V native-activity: 		EGL_ALPHA_MASK_SIZE: 0
04-13 01:14:17.327 27815 27848 V native-activity: 		EGL_TRANSPARENT_TYPE: 12344 EGL_NONE,
04-13 01:14:17.327 27815 27848 V native-activity: 		EGL_TRANSPARENT_GREEN_VALUE: -1
04-13 01:14:17.327 27815 27848 V native-activity: 		EGL_STENCIL_SIZE: 8
04-13 01:14:17.327 27815 27848 V native-activity: 		EGL_BIND_TO_TEXTURE_RGBA: 1
04-13 01:14:17.327 27815 27848 V native-activity: 		EGL_MAX_SWAP_INTERVAL: 10
04-13 01:14:17.327 27815 27848 V native-activity: 		EGL_MAX_PBUFFER_HEIGHT: 4096
04-13 01:14:17.327 27815 27848 V native-activity: 		EGL_CONFIG_ID: 40
04-13 01:14:17.327 27815 27848 V native-activity: 		EGL_CONFIG_CAVEAT: 12368 EGL_SLOW_CONFIG,
04-13 01:14:17.328 27815 27848 V native-activity: 		EGL_SURFACE_TYPE: 1028 EGL_SWAP_BEHAVIOR_PRESERVED_BIT, EGL_WINDOW_BIT,
04-13 01:14:17.328 27815 27848 V native-activity: 		EGL_LEVEL: 0
04-13 01:14:17.328 27815 27848 V native-activity: 		EGL_BUFFER_SIZE: 32
04-13 01:14:17.328 27815 27848 V native-activity: 		EGL_SAMPLE_BUFFERS: 0
04-13 01:14:17.330   143   257 I Kernel  : [47296.002259].(2)[257:Binder_2][ION]ion_page_pool_alloc_pages alloc_pages failed page is null.
04-13 01:14:17.328 27815 27848 V native-activity: 		EGL_ALPHA_SIZE: 8
04-13 01:14:17.328 27815 27848 V native-activity: 		EGL_LUMINANCE_SIZE: 0
04-13 01:14:17.328 27815 27848 V native-activity: 		EGL_TRANSPARENT_RED_VALUE: -1
04-13 01:14:17.328 27815 27848 V native-activity: 		EGL_STENCIL_SIZE: 8
04-13 01:14:17.328 27815 27848 V native-activity: 		EGL_BIND_TO_TEXTURE_RGB: 1
04-13 01:14:17.328 27815 27848 V native-activity: 		EGL_MAX_SWAP_INTERVAL: 10
04-13 01:14:17.328 27815 27848 V native-activity: 		EGL_MAX_PBUFFER_HEIGHT: 4096
04-13 01:14:17.328 27815 27848 D native-activity: Comparing requested attrib 12339 value 4 to 1031
04-13 01:14:17.328 27815 27848 D native-activity: Comparing requested attrib 12352 value 4 to 5
04-13 01:14:17.328 27815 27848 D native-activity: Comparing requested attrib 12339 value 4 to 1543
04-13 01:14:17.328 27815 27848 D native-activity: Comparing requested attrib 12322 value 8 to 5
04-13 01:14:17.328 27815 27848 D native-activity: Comparing requested attrib 12339 value 4 to 1543
04-13 01:14:17.328 27815 27848 D native-activity: Comparing requested attrib 12352 value 4 to 5
04-13 01:14:17.328 27815 27848 D native-activity: Comparing requested attrib 12339 value 4 to 1025
04-13 01:14:17.328 27815 27848 D native-activity: Comparing requested attrib 12339 value 4 to 1025
04-13 01:14:17.329 27815 27848 D native-activity: Comparing requested attrib 12339 value 4 to 1025
04-13 01:14:17.329 27815 27848 D native-activity: Comparing requested attrib 12323 value 8 to 8
04-13 01:14:17.329 27815 27848 D native-activity: Comparing requested attrib 12321 value 8 to 8
04-13 01:14:17.329 27815 27848 D native-activity: Examining config 0x6000000b
04-13 01:14:17.329 27815 27848 D native-activity: Comparing requested attrib 12352 value 4 to 5
04-13 01:14:17.329 27815 27848 D native-activity: Comparing requested attrib 12322 value 8 to 8
04-13 01:14:17.329 27815 27848 D native-activity: Comparing requested attrib 12324 value 8 to 8
04-13 01:14:17.329 27815 27848 D native-activity: Comparing requested attrib 12339 value 4 to 1543
04-13 01:14:17.329 27815 27848 D native-activity: Comparing requested attrib 12352 value 4 to 5
04-13 01:14:17.331 27815 27848 D native-activity: Comparing requested attrib 12339 value 4 to 1543
04-13 01:14:17.331 27815 27848 D native-activity: Comparing requested attrib 12352 value 4 to 5
04-13 01:14:17.332 27815 27848 D native-activity: Comparing requested attrib 12322 value 8 to 8
04-13 01:14:17.332 27815 27848 D native-activity: Comparing requested attrib 12323 value 8 to 8
04-13 01:14:17.332 27815 27848 D native-activity: Comparing requested attrib 12324 value 8 to 8
04-13 01:14:17.332 27815 27848 D native-activity: Comparing requested attrib 12321 value 8 to 8
04-13 01:14:17.332 27815 27848 D native-activity: Comparing requested attrib 12325 value 16 to 24
04-13 01:14:17.332 27815 27848 D native-activity: Examining config 0x6000000e
04-13 01:14:17.332 27815 27848 D native-activity: Comparing requested attrib 12339 value 4 to 2
04-13 01:14:17.332 27815 27848 D native-activity: Examining config 0x6000000f
04-13 01:14:17.332 27815 27848 D native-activity: Comparing requested attrib 12339 value 4 to 2
04-13 01:14:17.332 27815 27848 D native-activity: Examining config 0x60000010
04-13 01:14:17.332 27815 27848 D native-activity: Comparing requested attrib 12339 value 4 to 1031
04-13 01:14:17.332 27815 27848 D native-activity: Comparing requested attrib 12352 value 4 to 5
04-13 01:14:17.332 27815 27848 D native-activity: Comparing requested attrib 12322 value 8 to 5
04-13 01:14:17.332 27815 27848 D native-activity: Examining config 0x60000011
04-13 01:14:17.334 27815 27848 D native-activity: Comparing requested attrib 12321 value 8 to 8
04-13 01:14:17.334 27815 27848 W native-activity: Couldn't find an exact config match, trying eglChooseConfig
04-13 01:14:17.334 27815 27848 I native-activity: Using config 0x6000000a of 6 configs
04-13 01:14:17.334 27815 27848 I native-activity: 		EGL_CONFIG_ID: 9
04-13 01:14:17.334 27815 27848 I native-activity: 		EGL_CONFORMANT: 5 EGL_OPENGL_ES_BIT, EGL_OPENGL_ES2_BIT,
04-13 01:14:17.334 27815 27848 I native-activity: 		EGL_CONFIG_CAVEAT: 12344 EGL_NONE,
04-13 01:14:17.335 27815 27848 I native-activity: 		EGL_SURFACE_TYPE: 1031 EGL_PBUFFER_BIT, EGL_PIXMAP_BIT, EGL_SWAP_BEHAVIOR_PRESERVED_BIT, EGL_WINDOW_BIT,
04-13 01:14:17.335 27815 27848 I native-activity: 		EGL_LEVEL: 0
04-13 01:14:17.335 27815 27848 I native-activity: 		EGL_COLOR_BUFFER_TYPE: 12430 EGL_RGB_BUFFER,
04-13 01:14:17.335 27815 27848 I native-activity: 		EGL_BUFFER_SIZE: 32
04-13 01:14:17.335 27815 27848 I native-activity: 		EGL_SAMPLES: 0
04-13 01:14:17.335 27815 27848 I native-activity: 		EGL_SAMPLE_BUFFERS: 0
04-13 01:14:17.335 27815 27848 I native-activity: 		EGL_RED_SIZE: 8
04-13 01:14:17.335 27815 27848 I native-activity: 		EGL_GREEN_SIZE: 8
04-13 01:14:17.335 27815 27848 I native-activity: 		EGL_BLUE_SIZE: 8
04-13 01:14:17.335 27815 27848 I native-activity: 		EGL_ALPHA_SIZE: 8
04-13 01:14:17.335 27815 27848 I native-activity: 		EGL_ALPHA_MASK_SIZE: 0
04-13 01:14:17.335 27815 27848 I native-activity: 		EGL_LUMINANCE_SIZE: 0
04-13 01:14:17.335 27815 27848 I native-activity: 		EGL_TRANSPARENT_TYPE: 12344 EGL_NONE,
04-13 01:14:17.335 27815 27848 I native-activity: 		EGL_TRANSPARENT_RED_VALUE: -1
04-13 01:14:17.335 27815 27848 I native-activity: 		EGL_TRANSPARENT_GREEN_VALUE: -1
04-13 01:14:17.335 27815 27848 I native-activity: 		EGL_TRANSPARENT_BLUE_VALUE: -1
04-13 01:14:17.335 27815 27848 I native-activity: 		EGL_STENCIL_SIZE: 8
04-13 01:14:17.335 27815 27848 I native-activity: 		EGL_DEPTH_SIZE: 24
04-13 01:14:17.335 27815 27848 I native-activity: 		EGL_BIND_TO_TEXTURE_RGB: 1
04-13 01:14:17.335 27815 27848 I native-activity: 		EGL_BIND_TO_TEXTURE_RGBA: 1
04-13 01:14:17.335 27815 27848 I native-activity: 		EGL_MAX_SWAP_INTERVAL: 10
04-13 01:14:17.335 27815 27848 I native-activity: 		EGL_MAX_PBUFFER_HEIGHT: 4096
04-13 01:14:17.335 27815 27848 I native-activity: Creating window surface as pbuffer_bit is not set
04-13 01:14:17.338   143   257 I [MALI][Gralloc]: usage0: 0xf02, format7: 1 stride2: 2160 vertical_stride6: 3840 size: 33177600
04-13 01:14:17.346 27815 27848 I HAL     : loaded HAL id=gralloc path=/system/lib/hw/gralloc.mt8127.so hmi=0xb6dc73fd handle=0xadc9f694
04-13 01:14:17.351 27815 27848 I MaliEGL : [Mali]window_type=1, is_framebuffer=0, errnum = 0
04-13 01:14:17.351 27815 27848 I MaliEGL : [Mali]surface->num_buffers=4, surface->num_frames=3, win_min_undequeued=1
04-13 01:14:17.351 27815 27848 I MaliEGL : [Mali]max_allowed_dequeued_buffers=3
04-13 01:14:17.369 27815 27848 I native-activity: EGL Surface 0xb91aae88 information
04-13 01:14:17.369 27815 27848 I native-activity: 		EGL_CONFIG_ID: 9
04-13 01:14:17.369 27815 27848 I native-activity: 		EGL_WIDTH: 600
04-13 01:14:17.369 27815 27848 I native-activity: 		EGL_HEIGHT: 976
04-13 01:14:17.369 27815 27848 I native-activity: 		EGL_HORIZONTAL_RESOLUTION: 1
04-13 01:14:17.369 27815 27848 I native-activity: 		EGL_VERTICAL_RESOLUTION: 1
04-13 01:14:17.369 27815 27848 I native-activity: 		EGL_PIXEL_ASPECT_RATIO: 1
04-13 01:14:17.370 27815 27848 I native-activity: 		EGL_RENDER_BUFFER: 12420 EGL_BACK_BUFFER,
04-13 01:14:17.370 27815 27848 I native-activity: 		EGL_MIPMAP_TEXTURE: 12289 EGL_NOT_INITIALIZED,
04-13 01:14:17.370 27815 27848 I native-activity: 		EGL_TEXTURE_FORMAT: 12289 EGL_NOT_INITIALIZED,
04-13 01:14:17.370 27815 27848 I native-activity: 		EGL_TEXTURE_TARGET: 12289 EGL_NOT_INITIALIZED,
04-13 01:14:17.370 27815 27848 I native-activity: 		EGL_SWAP_BEHAVIOR: 12437 EGL_BUFFER_DESTROYED,
04-13 01:14:17.370 27815 27848 I native-activity: 		EGL_MULTISAMPLE_RESOLVE: 12442 EGL_MULTISAMPLE_RESOLVE_DEFAULT,
04-13 01:14:17.373 27815 27848 I native-activity: Created context 0xb91b8820, error 0x3000
04-13 01:14:17.373 27815 27848 I native-activity: 		EGL_CONFIG_ID: 9
04-13 01:14:17.373 27815 27848 I native-activity: 		EGL_CONTEXT_CLIENT_TYPE: 12448 EGL_OPENGL_ES_API,
04-13 01:14:17.373 27815 27848 I native-activity: 		EGL_CONTEXT_CLIENT_VERSION: 2
04-13 01:14:17.373 27815 27848 I native-activity: 		EGL_RENDER_BUFFER: 12344 EGL_NONE,
04-13 01:14:17.373   143  2965 I [MALI][Gralloc]: usage0: 0xf02, format7: 1 stride2: 3840 vertical_stride6: 2160 size: 33177600
04-13 01:14:17.360 27835 27835 I Kernel  : [47296.033896].(2)[27835:main]name:dev/ashmem/dalvik-main space unmap vm_start 12c00000  end: 12e01000
04-13 01:14:17.360 27835 27835 I Kernel  : [47296.034939].(2)[27835:main]name:dev/ashmem/dalvik-main space unmap vm_start 22c00000  end: 22c01000
04-13 01:14:17.360 27835 27835 I Kernel  : [47296.035333].(2)[27835:main]name:dev/ashmem/dalvik-main space unmap vm_start b1eb0000  end: b1f78000
04-13 01:14:17.360   143  2965 I Kernel  : [47296.036349].(3)[2965:Binder_4][ION]ion_page_pool_alloc_pages alloc_pages failed page is null.
04-13 01:14:17.387 27815 27848 I native-activity: Context 0xb91b8820 made current on surface 0xb91aae88, error 0x3000
04-13 01:14:17.387 27815 27848 I native-activity: GL information
04-13 01:14:17.387 27815 27848 I native-activity: 	Renderer: Mali-450 MP
04-13 01:14:17.387 27815 27848 I native-activity: 	Vendor: ARM
04-13 01:14:17.387 27815 27848 I native-activity: 	Version: OpenGL ES 2.0
04-13 01:14:17.387 27815 27848 I native-activity: 	Shading Language: OpenGL ES GLSL ES 1.00
04-13 01:14:17.387 27815 27848 I native-activity: 	Extensions: GL_EXT_debug_marker GL_OES_texture_npot GL_OES_compressed_ETC1_RGB8_texture GL_OES_standard_derivatives GL_OES_EGL_image GL_OES_depth24 GL_ARM_rgba8 GL_ARM_mali_shader_binary GL_OES_depth_texture GL_OES_packed_depth_stencil GL_EXT_texture_format_BGRA8888 GL_OES_vertex_half_float GL_EXT_blend_minmax GL_OES_EGL_image_external GL_OES_EGL_sync GL_OES_rgb8_rgba8 GL_EXT_multisampled_render_to_texture GL_EXT_discard_framebuffer GL_OES_get_program_binary GL_ARM_mali_program_binary GL_EXT_shader_texture_lod GL_EXT_robustness GL_OES_depth_texture_cube_map GL_KHR_debug 
04-13 01:14:17.387 27815 27848 W MALI    : _gles_set_error:84: [WARNING]Mali GLES errorcode: 500 (next several errors will be ignored to avoid flood)
04-13 01:14:17.408 25616 25616 I F_C.Launcher: onStop
04-13 01:14:17.412 25616 25616 I F_C.ImageMemoryManager: onTrimMemory: Level: 20, activeSources: ArraySet[ ImageSourceState(com.amazon.firelauncher.images.imagesource.AppsMainFolderImageSource@ec52027) ]
04-13 01:14:17.410 27855 27855 I Kernel  : [47296.088362].(1)[27855:sh]audit avc scontext:u:r:shell:s0
04-13 01:14:17.410 27855 27855 W sh      : type=1400 audit(0.0:5313): avc: denied { module_request } for kmod="personality-8" scontext=u:r:shell:s0 tcontext=u:r:kernel:s0 tclass=system permissive=0
04-13 01:14:17.420 27855 27855 W logcat  : type=1400 audit(0.0:5314): avc: denied { module_request } for kmod="personality-8" scontext=u:r:shell:s0 tcontext=u:r:kernel:s0 tclass=system permissive=0
04-13 01:14:17.420 27855 27855 I Kernel  : [47296.093480].(1)[27855:logcat]audit avc scontext:u:r:shell:s0
04-13 01:14:17.442 27815 27848 I native-activity: Context 0xb91b8820 made current on surface 0xb91aae88, error 0x3000
04-13 01:14:17.442 27815 27848 I native-activity: GL information
04-13 01:14:17.442 27815 27848 I native-activity: 	Renderer: Mali-450 MP
04-13 01:14:17.442 27815 27848 I native-activity: 	Vendor: ARM
04-13 01:14:17.442 27815 27848 I native-activity: 	Version: OpenGL ES 2.0
04-13 01:14:17.442 27815 27848 I native-activity: 	Shading Language: OpenGL ES GLSL ES 1.00
04-13 01:14:17.442 27815 27848 I native-activity: 	Extensions: GL_EXT_debug_marker GL_OES_texture_npot GL_OES_compressed_ETC1_RGB8_texture GL_OES_standard_derivatives GL_OES_EGL_image GL_OES_depth24 GL_ARM_rgba8 GL_ARM_mali_shader_binary GL_OES_depth_texture GL_OES_packed_depth_stencil GL_EXT_texture_format_BGRA8888 GL_OES_vertex_half_float GL_EXT_blend_minmax GL_OES_EGL_image_external GL_OES_EGL_sync GL_OES_rgb8_rgba8 GL_EXT_multisampled_render_to_texture GL_EXT_discard_framebuffer GL_OES_get_program_binary GL_ARM_mali_program_binary GL_EXT_shader_texture_lod GL_EXT_robustness GL_OES_depth_texture_cube_map GL_KHR_debug 
04-13 01:14:17.475 27815 27848 I native-activity: Frame 0 GL error is 0x500
04-13 01:14:17.475 27815 27848 I native-activity: Frame 0 time is 105.336ms
04-13 01:14:17.477 27815 27848 I HAL     : loaded HAL id=gralloc path=/system/lib/hw/gralloc.mt8127.so hmi=0xb6dc73fd handle=0xadc9f694
04-13 01:14:17.478 27815 27848 I native-activity: Swap 0 time is 108.104ms
04-13 01:14:17.479   917  2246 D Sensors : hwm__set_delay: Set delay 1000000 ns
04-13 01:14:17.479   917  2246 D Sensors : Control set delay 1000000 ns is too small 
04-13 01:14:17.460   917  2246 I Kernel  : [47296.141185].(1)[2246:Binder_E]<HWMSEN> ioctl delay handle=0,delay =10
04-13 01:14:17.470   917  2246 I Kernel  : [47296.142294][Gsensor] KXTJ2_1009_SetPowerMode 0!
04-13 01:14:17.496   917  2113 D Sensors : hwm__set_delay: Set delay 16000000 ns
04-13 01:14:17.480   917  2246 I Kernel  : [Gsensor] KXTJ2_1009_SetPowerMode 1!
04-13 01:14:17.480   917  2246 I Kernel  : KXTJ2_1009_SetBWRate OK! 
04-13 01:14:17.480   917  2246 I Kernel  : [47296.157568].(3)[2246:Binder_E]<HWMSEN> update_workqueue_polling_rate
04-13 01:14:17.480   917  2246 I Kernel  : [47296.157589].(3)[2246:Binder_E]<HWMSEN> set old fastest sensor delay as workqueue base time=10
04-13 01:14:17.480   917  2246 I Kernel  : [47296.157607].(3)[2246:Binder_E]<HWMSEN> update_workqueue_polling_rate,set delayCountSet=0 delay =10 handle=0
04-13 01:14:17.480   917  2113 I Kernel  : [47296.158234].(1)[2113:Binder_9]<HWMSEN> ioctl delay handle=0,delay =16
04-13 01:14:17.480   917  2113 I Kernel  : [47296.159261][Gsensor] KXTJ2_1009_SetPowerMode 0!
04-13 01:14:17.490   917  2113 I Kernel  : [Gsensor] KXTJ2_1009_SetPowerMode 1!
04-13 01:14:17.519 27815 27848 I native-activity: Animating
04-13 01:14:17.500   917  2113 I Kernel  : KXTJ2_1009_SetBWRate OK! 
04-13 01:14:17.500   917  2113 I Kernel  : [47296.180955].(1)[2113:Binder_9]<HWMSEN> update_workqueue_polling_rate
04-13 01:14:17.500   917  2113 I Kernel  : [47296.180983].(1)[2113:Binder_9]<HWMSEN> set old fastest sensor delay as workqueue base time=16
04-13 01:14:17.500   917  2113 I Kernel  : [47296.181006].(1)[2113:Binder_9]<HWMSEN> update_workqueue_polling_rate,set delayCountSet=0 delay =16 handle=0
04-13 01:14:17.520   143 13904 I [MALI][Gralloc]: usage0: 0xf02, format7: 1 stride2: 3840 vertical_stride6: 2160 size: 33177600
04-13 01:14:17.510   143 13904 I Kernel  : [47296.183171].(0)[13904:Binder_5][ION]ion_page_pool_alloc_pages alloc_pages failed page is null.
04-13 01:14:17.539 27815 27848 I native-activity: Frame 1 GL error is 0x0
04-13 01:14:17.539 27815 27848 I native-activity: Frame 1 time is 19.656ms
04-13 01:14:17.541 27815 27848 I native-activity: Swap 1 time is 21.938ms
04-13 01:14:17.541 27815 27848 I native-activity: Animating
04-13 01:14:17.542   143 13904 I [MALI][Gralloc]: usage0: 0xf02, format7: 1 stride2: 3840 vertical_stride6: 2160 size: 33177600
04-13 01:14:17.530   143 13904 I Kernel  : [47296.203955].(2)[13904:Binder_5][ION]ion_page_pool_alloc_pages alloc_pages failed page is null.
04-13 01:14:17.561   143   255 I [MALI][Gralloc]: usage0: 0xf02, format7: 1 stride2: 608 vertical_stride6: 976 size: 2373632
04-13 01:14:17.567  1787  2848 I MaliEGL : [Mali]window_type=1, is_framebuffer=0, errnum = 0
04-13 01:14:17.567  1787  2848 I MaliEGL : [Mali]surface->num_buffers=4, surface->num_frames=3, win_min_undequeued=1
04-13 01:14:17.567  1787  2848 I MaliEGL : [Mali]max_allowed_dequeued_buffers=3
04-13 01:14:17.550   143   255 I Kernel  : [47296.223422].(1)[255:Binder_1][ION]ion_page_pool_alloc_pages alloc_pages failed page is null.
04-13 01:14:17.570   143  2965 I [MALI][Gralloc]: usage0: 0xf02, format7: 1 stride2: 976 vertical_stride6: 600 size: 2342400
04-13 01:14:17.560   143  2965 I Kernel  : [47296.232133].(3)[2965:Binder_4][ION]ion_page_pool_alloc_pages alloc_pages failed page is null.
04-13 01:14:17.578 27815 27848 I native-activity: Frame 2 GL error is 0x0
04-13 01:14:17.578 27815 27848 I native-activity: Frame 2 time is 36.464ms
04-13 01:14:17.580 27815 27848 I native-activity: Swap 2 time is 38.953ms
04-13 01:14:17.580 27815 27848 I native-activity: Animating
04-13 01:14:17.581 27815 27848 I native-activity: Context 0xb91b8820 made current on surface 0xb91aae88, error 0x3000
04-13 01:14:17.581 27815 27848 I native-activity: GL information
04-13 01:14:17.581 27815 27848 I native-activity: 	Renderer: Mali-450 MP
04-13 01:14:17.581 27815 27848 I native-activity: 	Vendor: ARM
04-13 01:14:17.581 27815 27848 I native-activity: 	Version: OpenGL ES 2.0
04-13 01:14:17.581 27815 27848 I native-activity: 	Shading Language: OpenGL ES GLSL ES 1.00
04-13 01:14:17.581 27815 27848 I native-activity: 	Extensions: GL_EXT_debug_marker GL_OES_texture_npot GL_OES_compressed_ETC1_RGB8_texture GL_OES_standard_derivatives GL_OES_EGL_image GL_OES_depth24 GL_ARM_rgba8 GL_ARM_mali_shader_binary GL_OES_depth_texture GL_OES_packed_depth_stencil GL_EXT_texture_format_BGRA8888 GL_OES_vertex_half_float GL_EXT_blend_minmax GL_OES_EGL_image_external GL_OES_EGL_sync GL_OES_rgb8_rgba8 GL_EXT_multisampled_render_to_texture GL_EXT_discard_framebuffer GL_OES_get_program_binary GL_ARM_mali_program_binary GL_EXT_shader_texture_lod GL_EXT_robustness GL_OES_depth_texture_cube_map GL_KHR_debug 
04-13 01:14:17.581 27815 27848 I native-activity: Frame 3 GL error is 0x501
04-13 01:14:17.581 27815 27848 I native-activity: Frame 3 time is 0.515ms
04-13 01:14:17.581 27815 27848 I native-activity: Swap 3 time is 0.604ms
04-13 01:14:17.581 27815 27848 I native-activity: Animating
04-13 01:14:17.655 27815 27848 I native-activity: Frame 4 GL error is 0x500
04-13 01:14:17.656 27815 27848 I native-activity: Frame 4 time is 74.375ms
04-13 01:14:17.657 27815 27848 I native-activity: Swap 4 time is 75.769ms
04-13 01:14:17.657 27815 27848 I native-activity: Animating
04-13 01:14:17.658 27815 27848 I native-activity: Frame 5 GL error is 0x0
04-13 01:14:17.658 27815 27848 I native-activity: Frame 5 time is 0.848ms
04-13 01:14:17.681 27815 27848 I native-activity: Swap 5 time is 23.797ms
04-13 01:14:17.681 27815 27848 I native-activity: Animating
04-13 01:14:17.682 27815 27848 I native-activity: Frame 6 GL error is 0x0
04-13 01:14:17.682 27815 27848 I native-activity: Frame 6 time is 0.907ms
04-13 01:14:17.704 27815 27848 I native-activity: Swap 6 time is 23.037ms
04-13 01:14:17.704 27815 27848 I native-activity: Animating
04-13 01:14:17.705 27815 27848 I native-activity: Frame 7 GL error is 0x0
04-13 01:14:17.705 27815 27848 I native-activity: Frame 7 time is 1.079ms
04-13 01:14:17.741 27815 27848 I native-activity: Swap 7 time is 36.692ms
04-13 01:14:17.741 27815 27848 I native-activity: Animating
04-13 01:14:17.742 27815 27848 I native-activity: Frame 8 GL error is 0x0
04-13 01:14:17.742 27815 27848 I native-activity: Frame 8 time is 0.904ms
04-13 01:14:17.764 27815 27848 I native-activity: Swap 8 time is 22.985ms
04-13 01:14:17.765 27815 27848 I native-activity: Animating
04-13 01:14:17.766 27815 27848 I native-activity: Frame 9 GL error is 0x0
04-13 01:14:17.766 27815 27848 I native-activity: Frame 9 time is 1.494ms
04-13 01:14:17.801 27815 27848 I native-activity: Swap 9 time is 36.586ms
04-13 01:14:17.801 27815 27848 I native-activity: Animating
04-13 01:14:17.803 27815 27848 I native-activity: Frame 10 GL error is 0x0
04-13 01:14:17.803 27815 27848 I native-activity: Frame 10 time is 1.293ms
04-13 01:14:17.824 27815 27848 I native-activity: Swap 10 time is 22.963ms
04-13 01:14:17.825 27815 27848 I native-activity: Animating
04-13 01:14:17.826 27815 27848 I native-activity: Frame 11 GL error is 0x0
04-13 01:14:17.826 27815 27848 I native-activity: Frame 11 time is 1.161ms
04-13 01:14:17.861 27815 27848 I native-activity: Swap 11 time is 36.528ms
04-13 01:14:17.861 27815 27848 I native-activity: Animating
04-13 01:14:17.863 27815 27848 I native-activity: Frame 12 GL error is 0x0
04-13 01:14:17.863 27815 27848 I native-activity: Frame 12 time is 1.228ms
04-13 01:14:17.885 27815 27848 I native-activity: Swap 12 time is 22.981ms
04-13 01:14:17.885 27815 27848 I native-activity: Animating
04-13 01:14:17.886 27815 27848 I native-activity: Frame 13 GL error is 0x0
04-13 01:14:17.886 27815 27848 I native-activity: Frame 13 time is 1.056ms
04-13 01:14:17.921 27815 27848 I native-activity: Swap 13 time is 35.702ms
04-13 01:14:17.921 27815 27848 I native-activity: Animating
04-13 01:14:17.922 27815 27848 I native-activity: Frame 14 GL error is 0x0
04-13 01:14:17.922 27815 27848 I native-activity: Frame 14 time is 1.121ms
04-13 01:14:17.944 27815 27848 I native-activity: Swap 14 time is 23.062ms
04-13 01:14:17.945 27815 27848 I native-activity: Animating
04-13 01:14:17.947 27815 27848 I native-activity: Frame 15 GL error is 0x0
04-13 01:14:17.947 27815 27848 I native-activity: Frame 15 time is 2.044ms
04-13 01:14:17.981 27815 27848 I native-activity: Swap 15 time is 36.127ms
04-13 01:14:17.981 27815 27848 I native-activity: Animating
04-13 01:14:17.982 27815 27848 I native-activity: Frame 16 GL error is 0x0
04-13 01:14:17.982 27815 27848 I native-activity: Frame 16 time is 1.102ms
04-13 01:14:18.004 27815 27848 I native-activity: Swap 16 time is 23.067ms
04-13 01:14:18.004 27815 27848 I native-activity: Animating
04-13 01:14:18.006 27815 27848 I native-activity: Frame 17 GL error is 0x0
04-13 01:14:18.006 27815 27848 I native-activity: Frame 17 time is 1.136ms
04-13 01:14:18.020   143   255 I Kernel  : [47296.698358].(3)[255:Binder_1][ION]ion_page_pool_alloc_pages alloc_pages failed page is null.
04-13 01:14:18.036   143   255 I [MALI][Gralloc]: usage0: 0xf02, format7: 1 stride2: 976 vertical_stride6: 600 size: 2342400
04-13 01:14:18.041 27815 27848 I native-activity: Swap 17 time is 36.137ms
04-13 01:14:18.041 27815 27848 I native-activity: Animating
04-13 01:14:18.043 27815 27848 I native-activity: Frame 18 GL error is 0x0
04-13 01:14:18.043 27815 27848 I native-activity: Frame 18 time is 1.924ms
04-13 01:14:18.064 27815 27848 I native-activity: Swap 18 time is 23.088ms
04-13 01:14:18.064 27815 27848 I native-activity: Animating
04-13 01:14:18.066 27815 27848 I native-activity: Frame 19 GL error is 0x0
04-13 01:14:18.066 27815 27848 I native-activity: Frame 19 time is 1.643ms
04-13 01:14:18.097 27815 27848 I native-activity: Swap 19 time is 32.260ms
04-13 01:14:18.097 27815 27848 I native-activity: Animating
04-13 01:14:18.098 27815 27848 I native-activity: Frame 20 GL error is 0x0
04-13 01:14:18.098 27815 27848 I native-activity: Frame 20 time is 0.979ms
04-13 01:14:18.126 27815 27848 I native-activity: Swap 20 time is 29.030ms
04-13 01:14:18.126 27815 27848 I native-activity: Animating
04-13 01:14:18.126   143   949 I [MALI][Gralloc]: usage0: 0xf02, format7: 1 stride2: 3840 vertical_stride6: 2160 size: 33177600
04-13 01:14:18.110   143   949 I Kernel  : [47296.788948].(2)[949:Binder_3][ION]ion_page_pool_alloc_pages alloc_pages failed page is null.
04-13 01:14:18.272 27815 27848 I native-activity: Frame 21 GL error is 0x0
04-13 01:14:18.273 27815 27848 I native-activity: Frame 21 time is 146.372ms
04-13 01:14:18.274 27815 27848 I native-activity: Swap 21 time is 148.240ms
04-13 01:14:18.275 27815 27848 I native-activity: Animating
04-13 01:14:18.276 27815 27848 I native-activity: Frame 22 GL error is 0x0
04-13 01:14:18.276 27815 27848 I native-activity: Frame 22 time is 0.676ms
04-13 01:14:18.270    82    82 I Kernel  : [47296.942184].(0)[82:mtk charger_hv_]charging_reset_watch_dog_timer
04-13 01:14:18.270    82    82 I Kernel  : [47296.943491].(0)[82:mtk charger_hv_]array_size = 16 
04-13 01:14:18.297 27815 27848 I native-activity: Swap 22 time is 21.828ms
04-13 01:14:18.297 27815 27848 I native-activity: Animating
04-13 01:14:18.299 27815 27848 I native-activity: Frame 23 GL error is 0x0
04-13 01:14:18.299 27815 27848 I native-activity: Frame 23 time is 1.687ms
04-13 01:14:18.321 27815 27848 I native-activity: Swap 23 time is 23.535ms
04-13 01:14:18.322 27815 27848 I native-activity: Animating
04-13 01:14:18.323 27815 27848 I native-activity: Frame 24 GL error is 0x0
04-13 01:14:18.323 27815 27848 I native-activity: Frame 24 time is 0.988ms
04-13 01:14:18.358 27815 27848 I native-activity: Swap 24 time is 35.657ms
04-13 01:14:18.358 27815 27848 I native-activity: Animating
04-13 01:14:18.360 27815 27848 I native-activity: Frame 25 GL error is 0x0
04-13 01:14:18.360 27815 27848 I native-activity: Frame 25 time is 1.730ms
04-13 01:14:18.381 27815 27848 I native-activity: Swap 25 time is 22.569ms
04-13 01:14:18.382 27815 27848 I native-activity: Animating
04-13 01:14:18.383 27815 27848 I native-activity: Frame 26 GL error is 0x0
04-13 01:14:18.383 27815 27848 I native-activity: Frame 26 time is 1.092ms
04-13 01:14:18.418 27815 27848 I native-activity: Swap 26 time is 35.875ms
04-13 01:14:18.418 27815 27848 I native-activity: Animating
04-13 01:14:18.419 27815 27848 I native-activity: Frame 27 GL error is 0x0
04-13 01:14:18.419 27815 27848 I native-activity: Frame 27 time is 1.305ms
04-13 01:14:18.441 27815 27848 I native-activity: Swap 27 time is 23.074ms
04-13 01:14:18.441 27815 27848 I native-activity: Animating
04-13 01:14:18.442 27815 27848 I native-activity: Frame 28 GL error is 0x0
04-13 01:14:18.442 27815 27848 I native-activity: Frame 28 time is 1.332ms
04-13 01:14:18.478 27815 27848 I native-activity: Swap 28 time is 36.878ms
04-13 01:14:18.478 27815 27848 I native-activity: Animating
04-13 01:14:18.480 27815 27848 I native-activity: Frame 29 GL error is 0x0
04-13 01:14:18.480 27815 27848 I native-activity: Frame 29 time is 1.448ms
04-13 01:14:18.500 27815 27848 I native-activity: Swap 29 time is 22.200ms
04-13 01:14:18.501 27815 27848 I native-activity: Animating
04-13 01:14:18.502 27815 27848 I native-activity: Frame 30 GL error is 0x0
04-13 01:14:18.502 27815 27848 I native-activity: Frame 30 time is 1.388ms
04-13 01:14:18.537 27815 27848 I native-activity: Swap 30 time is 35.999ms
04-13 01:14:18.537 27815 27848 I native-activity: Animating
04-13 01:14:18.549 27815 27848 I native-activity: Frame 31 GL error is 0x500
04-13 01:14:18.549 27815 27848 I native-activity: Frame 31 time is 11.979ms
04-13 01:14:18.560 27815 27848 I native-activity: Swap 31 time is 23.195ms
04-13 01:14:18.561 27815 27848 I native-activity: Animating
04-13 01:14:18.619 27815 27848 I native-activity: Frame 32 GL error is 0x500
04-13 01:14:18.619 27815 27848 I native-activity: Frame 32 time is 58.203ms
04-13 01:14:18.620 27815 27848 I native-activity: Swap 32 time is 59.470ms
04-13 01:14:18.620 27815 27848 I native-activity: Animating
04-13 01:14:18.645 27815 27848 I native-activity: Frame 33 GL error is 0x500
04-13 01:14:18.645 27815 27848 I native-activity: Frame 33 time is 24.771ms
04-13 01:14:18.647 27815 27848 I native-activity: Swap 33 time is 26.411ms
04-13 01:14:18.647 27815 27848 I native-activity: Animating
04-13 01:14:18.730     0     0 I Kernel  : [47297.406722]-(0)[0:swapper/0]dpi vsync
04-13 01:14:18.793 27815 27848 I native-activity: Frame 34 GL error is 0x500
04-13 01:14:18.793 27815 27848 I native-activity: Frame 34 time is 145.996ms
04-13 01:14:18.794 27815 27848 I native-activity: Swap 34 time is 147.292ms
04-13 01:14:18.794 27815 27848 I native-activity: Animating
04-13 01:14:18.830 27815 27848 I native-activity: Frame 35 GL error is 0x500
04-13 01:14:18.830 27815 27848 I native-activity: Frame 35 time is 36.156ms
04-13 01:14:18.832 27815 27848 I native-activity: Swap 35 time is 37.430ms
04-13 01:14:18.832 27815 27848 I native-activity: Animating
04-13 01:14:19.170     0     0 I Kernel  : [47297.841552].(0)[0:swapper/0][STP-PSM] [I]_stp_psm_stp_is_idle: **IDLE is over 5000 msec, go to sleep!!!**
04-13 01:14:19.190 27815 27848 I native-activity: Frame 36 GL error is 0x500
04-13 01:14:19.190 27815 27848 I native-activity: Frame 36 time is 357.730ms
04-13 01:14:19.192 27815 27848 I native-activity: Swap 36 time is 359.782ms
04-13 01:14:19.192 27815 27848 I native-activity: Animating
04-13 01:14:19.270    82    82 I Kernel  : [47297.943558].(0)[82:mtk charger_hv_]charging_reset_watch_dog_timer
04-13 01:14:19.270    82    82 I Kernel  : [47297.944416].(0)[82:mtk charger_hv_]array_size = 16 
04-13 01:14:19.321 27815 27848 I native-activity: Frame 37 GL error is 0x501
04-13 01:14:19.321 27815 27848 I native-activity: Frame 37 time is 128.800ms
04-13 01:14:19.322 27815 27848 I native-activity: Swap 37 time is 130.082ms
04-13 01:14:19.322 27815 27848 I native-activity: Animating
04-13 01:14:19.336 27815 27848 I native-activity: Frame 38 GL error is 0x501
04-13 01:14:19.336 27815 27848 I native-activity: Frame 38 time is 13.466ms
04-13 01:14:19.346 27815 27848 I native-activity: Swap 38 time is 23.579ms
04-13 01:14:19.346 27815 27848 I native-activity: Animating
04-13 01:14:19.354 27815 27848 I native-activity: Frame 39 GL error is 0x0
04-13 01:14:19.355 27815 27848 I native-activity: Frame 39 time is 8.522ms
04-13 01:14:19.360 26597 26597 I Kernel  : [47298.031816].(0)[26597:kworker/0:0H]regs_hotplug_callback cpu = 3
04-13 01:14:19.360    19    19 I Kernel  : [47298.032305]-(3)[19:migration/3][Power/hotplug] platform_cpu_disable, cpu: 3
04-13 01:14:19.360    19    19 I Kernel  : [47298.032581]-(3)[19:migration/3]regs_hotplug_callback cpu = 3
04-13 01:14:19.360     0     0 I Kernel  : [47298.032661]-(3)[0:swapper/3][Power/hotplug] platform_cpu_die, cpu: 3
04-13 01:14:19.360     0     0 I Kernel  : [47298.032669].(0)[26597:kworker/0:0H]CPU3: shutdown
04-13 01:14:19.360     0     0 I Kernel  : [47298.032677].(0)[26597:kworker/0:0H][Power/hotplug] platform_cpu_kill, cpu: 3
04-13 01:14:19.360 26597 26597 I Kernel  : [47298.033299].(0)[26597:kworker/0:0H]regs_hotplug_callback cpu = 3
04-13 01:14:19.360 26597 26597 I Kernel  : [47298.034460].(0)[26597:kworker/0:0H][WDK]cpu 3 plug off, kick wdt
04-13 01:14:19.360 26597 26597 I Kernel  : [47298.034564].(0)[26597:kworker/0:0H]regs_hotplug_callback cpu = 3
04-13 01:14:19.375 27815 27848 I native-activity: Swap 39 time is 28.535ms
04-13 01:14:19.375 27815 27848 I native-activity: Animating
04-13 01:14:19.386 27815 27848 I native-activity: Frame 40 GL error is 0x0
04-13 01:14:19.386 27815 27848 I native-activity: Frame 40 time is 10.905ms
04-13 01:14:19.419 27815 27848 I native-activity: Swap 40 time is 43.796ms
04-13 01:14:19.419 27815 27848 I native-activity: Animating
04-13 01:14:19.428 27815 27848 I native-activity: Frame 41 GL error is 0x0
04-13 01:14:19.428 27815 27848 I native-activity: Frame 41 time is 9.669ms
04-13 01:14:19.447 27815 27848 I native-activity: Swap 41 time is 28.175ms
04-13 01:14:19.447 27815 27848 I native-activity: Animating
04-13 01:14:19.463 27815 27848 I native-activity: Frame 42 GL error is 0x0
04-13 01:14:19.463 27815 27848 I native-activity: Frame 42 time is 15.419ms
04-13 01:14:19.490 27815 27848 I native-activity: Swap 42 time is 42.617ms
04-13 01:14:19.490 27815 27848 I native-activity: Animating
