--------- beginning of amazon_main
04-13 00:42:11.745 20692 20755 D AmazonCMS: MaintenanceService.onStartCommand
04-13 00:42:11.758 20692 20755 D AmazonCMS: CMS activity level changed, active: true
04-13 00:42:11.760 20692 20755 D AmazonCMS: Received intent: 'com.amazon.firecard.action.REFRESH_CARDS'
04-13 00:42:11.762 20692 20755 D AmazonCMS: Read 12 card ids from the cache for producer com.amazon.kindle.cms.card.producer.APPS in profile 0
04-13 00:42:11.763 20692 20755 D AmazonCMS: CMS activity level changed, active: false
04-13 00:42:11.773 20692 20755 D AmazonCMS: Creating recent card with id: *****
--------- beginning of kernel
04-13 00:42:11.760 22802 22802 I Kernel  : [45370.440865].(2)[22802:sh]audit avc scontext:u:r:shell:s0
04-13 00:42:11.770 22802 22802 I Kernel  : [45370.446117].(1)[22802:am]audit avc scontext:u:r:shell:s0
--------- beginning of main
04-13 00:42:11.760 22802 22802 W sh      : type=1400 audit(0.0:5071): avc: denied { module_request } for kmod="personality-8" scontext=u:r:shell:s0 tcontext=u:r:kernel:s0 tclass=system permissive=0
04-13 00:42:11.770 22802 22802 W am      : type=1400 audit(0.0:5072): avc: denied { module_request } for kmod="personality-8" scontext=u:r:shell:s0 tcontext=u:r:kernel:s0 tclass=system permissive=0
04-13 00:42:11.770 22802 22802 I Kernel  : [45370.451336].(2)[22802:app_process]audit avc scontext:u:r:shell:s0
04-13 00:42:11.770 22802 22802 W app_process: type=1400 audit(0.0:5073): avc: denied { module_request } for kmod="personality-8" scontext=u:r:shell:s0 tcontext=u:r:kernel:s0 tclass=system permissive=0
04-13 00:42:11.792 20692 20755 D AmazonCMS: Creating recent card with id: *****
04-13 00:42:11.803 20692 20755 D AmazonCMS: Creating recent card with id: *****
04-13 00:42:11.800 20692 22772 I Kernel  : [45370.478891].(0)[22772:Background work]name:Log.main_3303 unmap vm_start a0bce000  end: a0dce000
04-13 00:42:11.819 20692 20755 D AmazonCMS: Creating recent card with id: *****
04-13 00:42:11.827 20692 20755 D AmazonCMS: Creating recent card with id: *****
04-13 00:42:11.810 20692 22772 I Kernel  : [45370.490781].(1)[22772:Background work]name:Log.main_3311 unmap vm_start a0bce000  end: a0dce000
04-13 00:42:11.843 20692 20755 D AmazonCMS: Creating recent card with id: *****
04-13 00:42:11.859 20692 20755 D AmazonCMS: Creating recent card with id: *****
04-13 00:42:11.869 20692 20755 D AmazonCMS: Creating recent card with id: *****
04-13 00:42:11.873 20692 20755 D AmazonCMS: AppManager - Number of packages with launch activities found 34
04-13 00:42:11.880 20692 20755 D AmazonCMS: Creating recent card with id: *****
04-13 00:42:11.886 20692 21151 I DCP     : [JsonCallExecutor][CallExecutor][9e5d0814-a822-4189-a035-aa619b2bbedc][Auth]Received response code 200 OK. Total time = 332 ms. Handshake = 82 ms. Upload = 0 ms (0 bytes). Latency = 248 ms. Download = 0 ms (569 bytes).
04-13 00:42:11.860 20692 22796 I Kernel  : [45370.534361].(1)[22796:Card update thr]name:Log.main_3311 unmap vm_start a08ca000  end: a0aca000
04-13 00:42:11.860 20692 22796 I Kernel  : [45370.536280].(1)[22796:Card update thr]name:Log.main_3311 unmap vm_start a08ca000  end: a0aca000
04-13 00:42:11.860 20692 22796 I Kernel  : [45370.538409].(1)[22796:Card update thr]name:Log.main_3311 unmap vm_start 9feb0000  end: a00b0000
04-13 00:42:11.870 20692 22796 I Kernel  : [45370.545145].(1)[22796:Card update thr]name:Log.main_3311 unmap vm_start a08ca000  end: a0aca000
04-13 00:42:11.870 20692 22796 I Kernel  : [45370.546951].(1)[22796:Card update thr]name:Log.main_3311 unmap vm_start a08ca000  end: a0aca000
04-13 00:42:11.870 20692 22796 I Kernel  : [45370.548776].(1)[22796:Card update thr]name:Log.main_3311 unmap vm_start a08ca000  end: a0aca000
--------- beginning of system
04-13 00:42:11.889   917   932 D WifiService: releaseWifiLockLocked: WifiLock{com.amazon.dcp.framework.iuc.ConnectionEstablisherWithConnectivityEnforcement type=1 binder=android.os.BinderProxy@1291278d}
04-13 00:42:11.891 20692 20755 W AmazonCMS: Delivery card detected for item ***** but no delivery date set
04-13 00:42:11.895 20692 20755 D AmazonCMS: Creating delivery card with id: *****
04-13 00:42:11.880 20692 22772 I Kernel  : [45370.560573].(1)[22772:Background work]name:Log.main_3311 unmap vm_start a0bce000  end: a0dce000
04-13 00:42:11.901 20692 20755 D AmazonCMS: Creating recent card with id: *****
04-13 00:42:11.912 20692 20755 D AmazonCMS: Creating recent card with id: *****
04-13 00:42:11.927 20692 20755 D AmazonCMS: CardClient: Setting 2 card ***** by producer com.amazon.kindle.cms.card.producer.NEWSSTAND
04-13 00:42:11.910 20692 22796 I Kernel  : [45370.583720].(3)[22796:Card update thr]name:Log.main_3311 unmap vm_start a0bce000  end: a0dce000
04-13 00:42:11.939  1787  1787 I AmazonLocationController: onWifiSignalChanged : connected : true
04-13 00:42:11.943 20623 20638 I F_C.CardAgentSynchroniz: Throttling producer refresh
04-13 00:42:11.943 20623 20638 W F_C.CardProvider: Producer refresh failed
04-13 00:42:12.027 20692 22796 I F_C.ProducerClientCompa: Producer com.amazon.kindle.cms.card.producer.APPS at API version BrazilVersion(1.4).
04-13 00:42:12.029 20692 20755 D AmazonCMS: CardClient: Pushing 12 cards ***** by producer com.amazon.kindle.cms.card.producer.APPS
04-13 00:42:12.039 20692 22796 I F_C.ProducerClientCompa: Connected to ServerInfo(CDA Version: BrazilVersion(1.3.108.0), Min. Producer: BrazilVersion(1.0), Delete All: true)
04-13 00:42:12.040 22802 22802 D AndroidRuntime: >>>>>> START com.android.internal.os.RuntimeInit uid 2000 <<<<<<
04-13 00:42:12.045 22802 22802 D AndroidRuntime: CheckJNI is OFF
04-13 00:42:12.046 22802 22802 I art     : Skinny Heap Starting Size = 2048KB
04-13 00:42:12.047 22802 22802 I art     : Skinny Heap Growth Limit = 20480KB
04-13 00:42:12.047 22802 22802 I art     : Skinny Heap Min Free = 128KB
04-13 00:42:12.047 22802 22802 I art     : Skinny Heap Max Free = 512KB
04-13 00:42:12.047 22802 22802 I art     : Skinny Heap Target Utilization = 0.9
04-13 00:42:12.030    82    82 I Kernel  : [45370.703986].(0)[82:mtk charger_hv_]charging_reset_watch_dog_timer
04-13 00:42:12.030    82    82 I Kernel  : [45370.705068].(0)[82:mtk charger_hv_]array_size = 16 
04-13 00:42:12.055 20623 20771 I F_C.CardAgentSynchroniz: Throttling producer refresh
04-13 00:42:12.055 20623 20771 W F_C.CardProvider: Producer refresh failed
04-13 00:42:12.079 20692 22772 D empty   : Zip: EOCD not found, /system/framework/amazon-ads-registration.jar is not zip
04-13 00:42:12.079 20692 22772 W zipro   : Error opening archive /system/framework/amazon-ads-registration.jar: Invalid file
04-13 00:42:12.079 20692 22772 D asset   : failed to open Zip archive '/system/framework/amazon-ads-registration.jar'
04-13 00:42:12.153 22802 22802 I HAL     : loaded HAL id=memtrack path=/system/lib/hw/memtrack.mt8127.so hmi=0x0 handle=0xb51ff694
04-13 00:42:12.175 22802 22802 I HAL     : loaded HAL id=perfboost path=/system/lib/hw/perfboost.mt8127.so hmi=0x0 handle=0xb51ff7e4
04-13 00:42:12.195 20692 20755 D AmazonCMS: Cached image for package ***** is out of date with package update time (1480592179000,1480592179000) vs. 1491757634512
04-13 00:42:12.199 20692 20755 D AmazonCMS: loading icons for *****
04-13 00:42:12.213 20692 20755 D AmazonCMS: Cached image for package ***** is out of date with package update time (1480592179000,1480592179000) vs. 1491757452118
04-13 00:42:12.215 22802 22802 D AndroidRuntime: Calling main entry com.android.commands.am.Am
04-13 00:42:12.219 20692 20755 D AmazonCMS: loading icons for *****
04-13 00:42:12.219 22802 22802 D ActivityManager: default service binder = android.os.BinderProxy@13cd9485
04-13 00:42:12.219 20692 22813 W asset   : Asset path /system/framework/android.amazon.res.jar is neither a directory nor file (type=1).
04-13 00:42:12.219 20692 22813 W ResourcesManager: Asset path '/system/framework/android.amazon.res.jar' does not exist or contains no resources.
04-13 00:42:12.219 22802 22802 D ActivityManager: default service = android.app.ActivityManagerProxy@35a6f2da
04-13 00:42:12.224   917  2175 I ActivityManager: START u0 {act=android.intent.action.MAIN cat=[android.intent.category.LAUNCHER] flg=0x10000000 cmp=com.example.sonicdash_stage1/android.app.NativeActivity (has extras)} from uid 2000 on display 0
04-13 00:42:12.226 20692 20755 D AmazonCMS: Loaded preloaded image from *****
04-13 00:42:12.228   917  2175 W ActivityManager: Input dispatching paused for current ActivityRecord: ActivityRecord{1c0dab8e u0 com.example.sonicdash_stage1/android.app.NativeActivity t324}
04-13 00:42:12.228   917  2175 V WindowManager: addAppToken: AppWindowToken{3a86dfbc token=Token{19eb7faf ActivityRecord{1c0dab8e u0 com.example.sonicdash_stage1/android.app.NativeActivity t324}}} to stack=1 task=324 at 0
04-13 00:42:12.233   917  2175 D BatteryStatsExtension.VitalEmitterBatteryAndTime: VitalEmitterBatteryAndTime.start(-): not runnable
04-13 00:42:12.234   917   943 V WindowManager: Based on layer: Adding window Window{4bcf29a u0 Starting com.example.sonicdash_stage1} at 2 of 8
04-13 00:42:12.234 20623 20623 I F_C.Launcher: onPause
04-13 00:42:12.236 22802 22802 D AndroidRuntime: Shutting down VM
04-13 00:42:12.237 22802 22816 E IPCThreadState: talkWithDriver returned result (-9)
04-13 00:42:12.237 22802 22815 E IPCThreadState: talkWithDriver returned result (-9)
04-13 00:42:12.230 20623 20772 I Kernel  : [45370.907927]-(0)[20772:RenderThread]dpi vsync
04-13 00:42:12.255   183   183 W art     : PreZygoteFork called when we already have a zygote space.
04-13 00:42:12.269 22817 22817 I art     : Late-enabling -Xcheck:jni
04-13 00:42:12.270 20692 20755 D AmazonCMS: Loaded preloaded image from *****
04-13 00:42:12.274   917  1762 I ActivityManager: Start proc 22817:com.example.sonicdash_stage1/u0a21 for activity com.example.sonicdash_stage1/android.app.NativeActivity
--------- beginning of metrics
04-13 00:42:12.278   917  1055 I LoggerMetricsFactoryImpl: PhoneWindowManager:ActivityChanged:com.example.sonicdash_stage1=1.0;CT;1:NR
--------- beginning of vitals
04-13 00:42:12.279   917  1055 I Vlog    : ScreenTime:PackageScreenTime:fgtracking=false;DV;1,key=com.amazon.firelauncher;DV;1,Timer=3.3194444444444444E-4;TI;1,unit=hours;DV;1:HI
04-13 00:42:12.279   917  1055 I LoggerMetricsFactoryImpl: PhoneWindowManager:ScreenTime:endTimeMs=1.492069332278E12;TI;1,startTimeMs=1.492069331084E12;TI;1,com.amazon.firelauncher=1195.0;TI;1:NR
04-13 00:42:12.279   917  1055 I Vlog    : Thermal:Screen_On_Thermal_Throttling:fgtracking=false;DV;1,key=0;DV;1,Timer=3.3194444444444444E-4;TI;1,unit=hours;DV;1,metadata=com.amazon.firelauncher;DV;1:HI
04-13 00:42:12.279 20692 20755 D AmazonCMS: Loaded preloaded image from *****
04-13 00:42:12.279   917  1055 I LoggerMetricsFactoryImpl: ScreenTime:updateLRUListLocked:page-type=KindleFramework;CK;1,hitType=deviceAction;CK;1,team-name=KindleFramework;CK;1,site_variant=KindleApplication;CK;1,page-action=fgEnd;CK;1,sub-page-type=com.amazon.firelauncher;CK;1,RequestId=DBFD64B5EAC4D0EC415E;DV;1:NA
04-13 00:42:12.279   917  1055 I LoggerMetricsFactoryImpl: ScreenTime:updateLRUListLocked:page-type=KindleFramework;CK;1,hitType=deviceAction;CK;1,team-name=KindleFramework;CK;1,site_variant=KindleApplication;CK;1,page-action=fgStart;CK;1,sub-page-type=com.example.sonicdash_stage1;CK;1,RequestId=8FB9F468ABA01BE62929;DV;1:NA
04-13 00:42:12.283  1787  1787 V PhoneStatusBar: setLightsOn(true)
04-13 00:42:12.287   143   257 I [MALI][Gralloc]: usage0: 0x933, format7: 2 stride2: 608 vertical_stride6: 976 size: 2373632
04-13 00:42:12.300 22817 22817 I art     : Turning on check_jni_no_abort for targetSdkVersion 9
04-13 00:42:12.312 22817 22817 D ActivityManager: default service binder = android.os.BinderProxy@4599a49
04-13 00:42:12.312 22817 22817 D ActivityManager: default service = android.app.ActivityManagerProxy@49f1f4e
04-13 00:42:12.331 20623 20623 I Vlog    : performance:SkippedVsyncsBucket2:fgtracking=false;DV;1,key=com.amazon.firelauncher;DV;1,Counter=1.0;CT;1,unit=count;DV;1:HI
04-13 00:42:12.331 20623 20623 I performance: SkippedVsyncsBucket2: package=com.amazon.firelauncher count=1
04-13 00:42:12.331 20623 20623 I Vlog    : performance:SkippedVsyncsBucket3:fgtracking=false;DV;1,key=com.amazon.firelauncher;DV;1,Counter=1.0;CT;1,unit=count;DV;1:HI
04-13 00:42:12.331 20623 20623 I performance: SkippedVsyncsBucket3: package=com.amazon.firelauncher count=1
04-13 00:42:12.331 20623 20623 I Vlog    : performance:FrameDropTotal:fgtracking=false;DV;1,key=com.amazon.firelauncher;DV;1,Counter=2.0;CT;1,unit=count;DV;1:HI
04-13 00:42:12.331 20623 20623 I performance: FrameDropTotal: package=com.amazon.firelauncher count=2
04-13 00:42:12.331 20623 20623 I Vlog    : performance:FramesTotal:fgtracking=false;DV;1,key=com.amazon.firelauncher;DV;1,Counter=14.0;CT;1,unit=count;DV;1:HI
04-13 00:42:12.331 20623 20623 I performance: FramesTotal: package=com.amazon.firelauncher count=14
04-13 00:42:12.331 20623 20623 I Vlog    : performance:FirstFramesTotal:fgtracking=false;DV;1,key=com.amazon.firelauncher;DV;1,Counter=4.0;CT;1,unit=count;DV;1:HI
04-13 00:42:12.332 20623 20623 I performance: FirstFramesTotal: package=com.amazon.firelauncher count=0
04-13 00:42:12.340   917  2168 I PackageRecencyCallback: Queuing notifcation to package: ComponentInfo{com.amazon.kindle.cms/com.amazon.kindle.cms.MaintenanceService$PackageRecencyListener}
04-13 00:42:12.343 22817 22817 D VendorDisplayManagerGlobalCallback: callGetInstance: nil
04-13 00:42:12.345  2059  2059 I Vlog    : PfxPrecog:PredictedTimeDelta:fgtracking=false;DV;1,key=delta;DV;1,Timer=31394.000000;TI;1,unit=null;DV;1,metadata=version%235510%7C;DV;1:HI
04-13 00:42:12.346  2059  2059 I Vlog    : PfxPrecog:PredictionResult:fgtracking=false;DV;1,key=failure;DV;1,Counter=1.000000;CT;1,unit=null;DV;1,metadata=version%235510%7Crequester%23Chained+Predictor+T%7Cpred_type%23TemporalApplicationStart%7C;DV;1:HI
04-13 00:42:12.373 20623 20623 I F_C.Launcher: onStop
04-13 00:42:12.376 20623 20623 I F_C.ImageMemoryManager: onTrimMemory: Level: 20, activeSources: ArraySet[ ImageSourceState(com.amazon.firelauncher.images.imagesource.AppsMainFolderImageSource@a206117) ]
04-13 00:42:12.405 22817 22817 E VendorContextExt: Failed to register system service "com.amazon.client.metrics.AndroidMetricsFactoryImpl". The class was not found for the provided classloader.
04-13 00:42:12.411 22817 22817 D ProfileManager: Create ProfileManager instance
04-13 00:42:12.427 22817 22817 I FrameworkJumpTable: Successfully loaded all classes
04-13 00:42:12.437 22817 22817 I FrameworkJumpTable: Successfully loaded all methods
04-13 00:42:12.437 20692 20755 D AmazonCMS: Loaded preloaded image from *****
04-13 00:42:12.438 22817 22817 I FrameworkJumpTable: Successfully loaded all fields
04-13 00:42:12.442 20692 22772 W asset   : Asset path /system/framework/android.amazon.res.jar is neither a directory nor file (type=1).
04-13 00:42:12.443 20692 22772 W ResourcesManager: Asset path '/system/framework/android.amazon.res.jar' does not exist or contains no resources.
04-13 00:42:12.430 22802 22802 I Kernel  : [45371.111190].(0)[22802:main]name:dev/ashmem/dalvik-main space unmap vm_start 12c00000  end: 12e01000
04-13 00:42:12.440 22802 22802 I Kernel  : [45371.113919].(0)[22802:main]name:dev/ashmem/dalvik-main space unmap vm_start 22c00000  end: 22c01000
04-13 00:42:12.463 20623 20637 W art     : Suspending all threads took: 5.474ms
04-13 00:42:12.470   917  2245 I AmazonStorageUtil: Secondary Storage not mounted. Do not create directory at:/storage/sdcard1/Android/obb/com.example.sonicdash_stage1
04-13 00:42:12.471 22817 22817 W ContextImpl: Failed to ensure directory: /storage/sdcard1/Android/obb/com.example.sonicdash_stage1
04-13 00:42:12.473   917 25027 I AmazonStorageUtil: Secondary Storage not mounted. Do not create directory at:/storage/sdcard1/Android/data/com.example.sonicdash_stage1/files
04-13 00:42:12.474 22817 22817 W ContextImpl: Failed to ensure directory: /storage/sdcard1/Android/data/com.example.sonicdash_stage1/files
04-13 00:42:12.476 22817 22817 V threaded_app: Creating: 0xb9199f78
04-13 00:42:12.460 22835 22835 W sh      : type=1400 audit(0.0:5074): avc: denied { module_request } for kmod="personality-8" scontext=u:r:shell:s0 tcontext=u:r:kernel:s0 tclass=system permissive=0
04-13 00:42:12.460 22835 22835 I Kernel  : [45371.138517].(1)[22835:sh]audit avc scontext:u:r:shell:s0
04-13 00:42:12.470 22835 22835 I Kernel  : [45371.144245].(2)[22835:logcat]audit avc scontext:u:r:shell:s0
04-13 00:42:12.482 22817 22837 V threaded_app: Config: mcc=0 mnc=0 lang=en cnt=US orien=1 touch=3 dens=160 keys=1 nav=1 keysHid=3 navHid=0 sdk=22 size=3 long=1 modetype=1 modenight=1
04-13 00:42:12.482 22817 22837 I native-activity: Starting android_main
04-13 00:42:12.482 22817 22837 I native-activity:   Activity 0xb9199f78
04-13 00:42:12.482 22817 22837 I native-activity:   VM 0xb8e8a818
04-13 00:42:12.482 22817 22837 I native-activity:   JNIEnv 0xb8e8b000
04-13 00:42:12.482 22817 22837 D native-activity: Changing permissions for the internal storage at /data/data/com.example.sonicdash_stage1/files
04-13 00:42:12.482 22817 22837 I native-activity: Attaching entry point thread to JNIEnv
04-13 00:42:12.483 22817 22837 I native-activity: Loading activity configuration
04-13 00:42:12.483 22817 22837 V native-activity: get_boolean_extra for *env 0xb51bcd60 intent 0x100005 extra_name egl_swap_preserve_bit
04-13 00:42:12.484 22817 22837 V native-activity: get_boolean_extra for *env 0xb51bcd60 intent 0x100005 extra_name egl_window_bit
04-13 00:42:12.484 22817 22837 V native-activity: get_boolean_extra for *env 0xb51bcd60 intent 0x100005 extra_name egl_pbuffer_bit
04-13 00:42:12.484 22817 22837 V native-activity: get_boolean_extra for *env 0xb51bcd60 intent 0x100005 extra_name gl_enable_dither
04-13 00:42:12.484 22817 22837 V native-activity: get_boolean_extra for *env 0xb51bcd60 intent 0x100005 extra_name gl_disable_dither
04-13 00:42:12.484 22817 22837 V native-activity: get_boolean_extra for *env 0xb51bcd60 intent 0x100005 extra_name gl_log_context
04-13 00:42:12.470 22835 22835 W logcat  : type=1400 audit(0.0:5075): avc: denied { module_request } for kmod="personality-8" scontext=u:r:shell:s0 tcontext=u:r:kernel:s0 tclass=system permissive=0
04-13 00:42:12.484 22817 22837 V native-activity: get_boolean_extra for *env 0xb51bcd60 intent 0x100005 extra_name stop_motion
04-13 00:42:12.484 22817 22837 V native-activity: get_boolean_extra for *env 0xb51bcd60 intent 0x100005 extra_name capture_compressed
04-13 00:42:12.484 22817 22837 I native-activity: EGL configuration
04-13 00:42:12.484 22817 22837 I native-activity: 	egl_swap_preserve_bit: 0
04-13 00:42:12.484 22817 22837 I native-activity: 	egl_window_bit: 1
04-13 00:42:12.484 22817 22837 I native-activity: 	egl_pbuffer_bit: 1
04-13 00:42:12.484 22817 22837 I native-activity: 	egl_width: 1080
04-13 00:42:12.484 22817 22837 I native-activity: 	egl_height: 1920
04-13 00:42:12.484 22817 22837 I native-activity: 	egl_red_size: 8
04-13 00:42:12.484 22817 22837 I native-activity: 	egl_green_size: 8
04-13 00:42:12.484 22817 22837 I native-activity: 	egl_blue_size: 8
04-13 00:42:12.484 22817 22837 I native-activity: 	egl_alpha_size: 8
04-13 00:42:12.484 22817 22837 I native-activity: 	egl_depth_size: 16
04-13 00:42:12.484 22817 22837 I native-activity: 	egl_stencil_size: -1
04-13 00:42:12.485 22817 22837 I native-activity: 	egl_swapbuffers_sync: 2
04-13 00:42:12.485 22817 22837 I native-activity: GL configuration
04-13 00:42:12.485 22817 22837 I native-activity: 	gl_enable_dither: 0
04-13 00:42:12.485 22817 22837 I native-activity: 	gl_disable_dither: 0
04-13 00:42:12.485 22817 22837 I native-activity: 	gl_get_error: 1
04-13 00:42:12.485 22817 22837 I native-activity: 	gl_log_context: 1
04-13 00:42:12.485 22817 22837 I native-activity: Runtime configuration
04-13 00:42:12.485 22817 22837 I native-activity: 	draw_limit:        0
04-13 00:42:12.485 22817 22837 I native-activity: 	frame_limit:       0
04-13 00:42:12.485 22817 22837 I native-activity: 	stop_motion:       0
04-13 00:42:12.485 22817 22837 I native-activity: 	capture_frequency: 0
04-13 00:42:12.485 22817 22837 I native-activity: 	capture_compressed: 1
04-13 00:42:12.488 22817 22817 V threaded_app: Start: 0xb9199f78
04-13 00:42:12.488 22817 22837 V threaded_app: activityState=10
04-13 00:42:12.489 22817 22817 V threaded_app: Resume: 0xb9199f78
04-13 00:42:12.489 22817 22837 V threaded_app: activityState=11
04-13 00:42:12.497  2059  2059 I Vlog    : PfxPrecog:WarmvCold:fgtracking=false;DV;1,key=cold;DV;1,Counter=1.000000;CT;1,unit=null;DV;1,metadata=version%235510%7Cmode%23active%7Cpkg%23com.example.sonicdash_stage1%7C;DV;1:HI
04-13 00:42:12.503  2059  2059 I Vlog    : PfxPrecog:AppTransition:fgtracking=false;DV;1,key=AppTransition;DV;1,Counter=1.000000;CT;1,unit=null;DV;1,metadata=version%235510%7Cprevious_package%23com.amazon.firelauncher%7Cnew_package%23com.example.sonicdash_stage1%7C;DV;1:HI
04-13 00:42:12.518   917  1764 V WindowManager: Adding window Window{2f8e0543 u0 com.example.sonicdash_stage1/android.app.NativeActivity} at 2 of 9 (before Window{4bcf29a u0 Starting com.example.sonicdash_stage1})
04-13 00:42:12.518   917  2115 W AmazonActivityManagerService: packageLifetimeHint: amazon.internal.SystemJumpTable$ProcessRecord@19e4d7c0 is active, cannot move
04-13 00:42:12.519  2059  2059 W Precog  : PackagePrewarmActor: Call to packageLifetimeHint failed, res = -1
04-13 00:42:12.520 22817 22817 V threaded_app: InputQueueCreated: 0xb9199f78 -- 0xb91a2408
04-13 00:42:12.520 22817 22837 V threaded_app: APP_CMD_INPUT_CHANGED
04-13 00:42:12.520 22817 22837 V threaded_app: Attaching input queue to looper
04-13 00:42:12.526  2059  2059 I Vlog    : PfxPrecog:LruHint:fgtracking=false;DV;1,key=confidence;DV;1,Counter=1.000000;CT;1,unit=null;DV;1,metadata=version%235510%7Cpkg%23com.amazon.firelauncher%7C;DV;1:HI
04-13 00:42:12.526  2059  2059 I Vlog    : PfxPrecog:LruHint:fgtracking=false;DV;1,key=failure;DV;1,Counter=1.000000;CT;1,unit=null;DV;1,metadata=version%235510%7Cpkg%23com.amazon.firelauncher%7C;DV;1:HI
04-13 00:42:12.537 22817 22817 V threaded_app: NativeWindowCreated: 0xb9199f78 -- 0xb91a32f8
04-13 00:42:12.537 22817 22837 V threaded_app: APP_CMD_INIT_WINDOW
04-13 00:42:12.538 20692 20755 D AmazonCMS: Performing collection sync type DELTA_SYNC for user *****
04-13 00:42:12.539 22817 22817 V threaded_app: WindowFocusChanged: 0xb9199f78 -- 1
04-13 00:42:12.520 22817 22837 I Kernel  : [45371.199584]Mali<2>:
04-13 00:42:12.520 22817 22837 I Kernel  : Session started
04-13 00:42:12.540 20692 20755 V AmazonCMS: SyncClient - [SYNC] Syncing Namespace: [*****]
04-13 00:42:12.541 22817 22837 I HAL     : loaded HAL id=gralloc path=/system/lib/hw/gralloc.mt8127.so hmi=0x0 handle=0xadc9f694
04-13 00:42:12.542 22817 22837 I native-activity: EGL information on display 0x1
04-13 00:42:12.542 22817 22837 I native-activity: 		EGL_VENDOR: Android
04-13 00:42:12.542 22817 22837 I native-activity: 		EGL_VERSION: 1.4 Android META-EGL
04-13 00:42:12.542 22817 22837 I native-activity: 		EGL_CLIENT_APIS: OpenGL_ES
04-13 00:42:12.542 22817 22837 I native-activity: 		EGL_EXTENSIONS: EGL_KHR_get_all_proc_addresses EGL_ANDROID_presentation_time EGL_KHR_image EGL_KHR_image_base EGL_KHR_image_pixmap EGL_KHR_gl_texture_2D_image EGL_KHR_gl_texture_cubemap_image EGL_KHR_gl_renderbuffer_image EGL_KHR_fence_sync EGL_EXT_create_context_robustness EGL_ANDROID_image_native_buffer EGL_ANDROID_recordable 
04-13 00:42:12.542 22817 22837 D native-activity: EGL configurations 23
04-13 00:42:12.542 22817 22837 D native-activity: 	Config 0x60000001 index 0
04-13 00:42:12.542 22817 22837 V native-activity: 		EGL_CONFIG_ID: 5
04-13 00:42:12.542 22817 22837 V native-activity: 		EGL_CONFORMANT: 5 EGL_OPENGL_ES_BIT, EGL_OPENGL_ES2_BIT,
04-13 00:42:12.542 22817 22837 V native-activity: 		EGL_CONFIG_CAVEAT: 12344 EGL_NONE,
04-13 00:42:12.542 22817 22837 V native-activity: 		EGL_RENDERABLE_TYPE: 5 EGL_OPENGL_ES_BIT, EGL_OPENGL_ES2_BIT,
04-13 00:42:12.542 22817 22837 V native-activity: 		EGL_SURFACE_TYPE: 1031 EGL_PBUFFER_BIT, EGL_PIXMAP_BIT, EGL_SWAP_BEHAVIOR_PRESERVED_BIT, EGL_WINDOW_BIT,
04-13 00:42:12.542 22817 22837 V native-activity: 		EGL_LEVEL: 0
04-13 00:42:12.542 22817 22837 V native-activity: 		EGL_COLOR_BUFFER_TYPE: 12430 EGL_RGB_BUFFER,
04-13 00:42:12.542 22817 22837 V native-activity: 		EGL_BUFFER_SIZE: 16
04-13 00:42:12.542 22817 22837 V native-activity: 		EGL_SAMPLES: 0
04-13 00:42:12.542 22817 22837 V native-activity: 		EGL_SAMPLE_BUFFERS: 0
04-13 00:42:12.542 22817 22837 V native-activity: 		EGL_RED_SIZE: 5
04-13 00:42:12.542 22817 22837 V native-activity: 		EGL_GREEN_SIZE: 6
04-13 00:42:12.542 22817 22837 V native-activity: 		EGL_BLUE_SIZE: 5
04-13 00:42:12.543 22817 22837 V native-activity: 		EGL_ALPHA_SIZE: 0
04-13 00:42:12.543 22817 22837 V native-activity: 		EGL_ALPHA_MASK_SIZE: 0
04-13 00:42:12.543 22817 22837 V native-activity: 		EGL_LUMINANCE_SIZE: 0
04-13 00:42:12.543 22817 22837 V native-activity: 		EGL_TRANSPARENT_TYPE: 12344 EGL_NONE,
04-13 00:42:12.543 22817 22837 V native-activity: 		EGL_TRANSPARENT_RED_VALUE: -1
04-13 00:42:12.543 22817 22837 V native-activity: 		EGL_TRANSPARENT_GREEN_VALUE: -1
04-13 00:42:12.543 22817 22837 V native-activity: 		EGL_TRANSPARENT_BLUE_VALUE: -1
04-13 00:42:12.543 22817 22837 V native-activity: 		EGL_STENCIL_SIZE: 8
04-13 00:42:12.543 22817 22837 V native-activity: 		EGL_DEPTH_SIZE: 24
04-13 00:42:12.543 22817 22837 V native-activity: 		EGL_BIND_TO_TEXTURE_RGB: 1
04-13 00:42:12.543 22817 22837 V native-activity: 		EGL_BIND_TO_TEXTURE_RGBA: 0
04-13 00:42:12.543 22817 22837 V native-activity: 		EGL_MIN_SWAP_INTERVAL: 0
04-13 00:42:12.543 22817 22837 V native-activity: 		EGL_MAX_SWAP_INTERVAL: 10
04-13 00:42:12.543 22817 22837 V native-activity: 		EGL_MAX_PBUFFER_WIDTH: 4096
04-13 00:42:12.543 22817 22837 V native-activity: 		EGL_MAX_PBUFFER_HEIGHT: 4096
04-13 00:42:12.543 22817 22837 D native-activity: 	Config 0x60000002 index 1
04-13 00:42:12.543 22817 22837 V native-activity: 		EGL_CONFIG_ID: 3
04-13 00:42:12.543 22817 22837 V native-activity: 		EGL_CONFORMANT: 5 EGL_OPENGL_ES_BIT, EGL_OPENGL_ES2_BIT,
04-13 00:42:12.543 22817 22837 V native-activity: 		EGL_CONFIG_CAVEAT: 12344 EGL_NONE,
04-13 00:42:12.543 22817 22837 V native-activity: 		EGL_RENDERABLE_TYPE: 5 EGL_OPENGL_ES_BIT, EGL_OPENGL_ES2_BIT,
04-13 00:42:12.543 22817 22837 V native-activity: 		EGL_SURFACE_TYPE: 1543 EGL_MULTISAMPLE_RESOLVE_BOX_BIT, EGL_PBUFFER_BIT, EGL_PIXMAP_BIT, EGL_SWAP_BEHAVIOR_PRESERVED_BIT, EGL_WINDOW_BIT,
04-13 00:42:12.543 22817 22837 V native-activity: 		EGL_LEVEL: 0
04-13 00:42:12.543 22817 22837 V native-activity: 		EGL_COLOR_BUFFER_TYPE: 12430 EGL_RGB_BUFFER,
04-13 00:42:12.543 22817 22837 V native-activity: 		EGL_BUFFER_SIZE: 16
04-13 00:42:12.543 22817 22837 V native-activity: 		EGL_SAMPLES: 4
04-13 00:42:12.543 22817 22837 V native-activity: 		EGL_SAMPLE_BUFFERS: 1
04-13 00:42:12.543 22817 22837 V native-activity: 		EGL_RED_SIZE: 5
04-13 00:42:12.543 22817 22837 V native-activity: 		EGL_GREEN_SIZE: 6
04-13 00:42:12.543 22817 22837 V native-activity: 		EGL_BLUE_SIZE: 5
04-13 00:42:12.543 22817 22837 V native-activity: 		EGL_ALPHA_SIZE: 0
04-13 00:42:12.543 22817 22837 V native-activity: 		EGL_ALPHA_MASK_SIZE: 0
04-13 00:42:12.543 22817 22837 V native-activity: 		EGL_LUMINANCE_SIZE: 0
04-13 00:42:12.543 22817 22837 V native-activity: 		EGL_TRANSPARENT_TYPE: 12344 EGL_NONE,
04-13 00:42:12.543 22817 22837 V native-activity: 		EGL_TRANSPARENT_RED_VALUE: -1
04-13 00:42:12.543 22817 22837 V native-activity: 		EGL_TRANSPARENT_GREEN_VALUE: -1
04-13 00:42:12.545 22817 22837 V native-activity: 		EGL_TRANSPARENT_BLUE_VALUE: -1
04-13 00:42:12.545 22817 22837 V native-activity: 		EGL_STENCIL_SIZE: 8
04-13 00:42:12.545 22817 22837 V native-activity: 		EGL_DEPTH_SIZE: 24
04-13 00:42:12.546 22817 22837 V native-activity: 		EGL_BIND_TO_TEXTURE_RGB: 1
04-13 00:42:12.546 22817 22837 V native-activity: 		EGL_BIND_TO_TEXTURE_RGBA: 0
04-13 00:42:12.546 22817 22837 V native-activity: 		EGL_MIN_SWAP_INTERVAL: 0
04-13 00:42:12.546 22817 22837 V native-activity: 		EGL_MAX_SWAP_INTERVAL: 10
04-13 00:42:12.546 22817 22837 V native-activity: 		EGL_MAX_PBUFFER_WIDTH: 4096
04-13 00:42:12.546 22817 22837 V native-activity: 		EGL_MAX_PBUFFER_HEIGHT: 4096
04-13 00:42:12.546 22817 22837 D native-activity: 	Config 0x60000003 index 2
04-13 00:42:12.546 22817 22837 V native-activity: 		EGL_CONFIG_ID: 4
04-13 00:42:12.548 22817 22837 V native-activity: 		EGL_CONFORMANT: 0
04-13 00:42:12.548 22817 22837 V native-activity: 		EGL_CONFIG_CAVEAT: 12369 EGL_NON_CONFORMANT_CONFIG,
04-13 00:42:12.548 22817 22837 V native-activity: 		EGL_RENDERABLE_TYPE: 5 EGL_OPENGL_ES_BIT, EGL_OPENGL_ES2_BIT,
04-13 00:42:12.548 22817 22837 V native-activity: 		EGL_SURFACE_TYPE: 1543 EGL_MULTISAMPLE_RESOLVE_BOX_BIT, EGL_PBUFFER_BIT, EGL_PIXMAP_BIT, EGL_SWAP_BEHAVIOR_PRESERVED_BIT, EGL_WINDOW_BIT,
04-13 00:42:12.548 22817 22837 V native-activity: 		EGL_LEVEL: 0
04-13 00:42:12.548 22817 22837 V native-activity: 		EGL_COLOR_BUFFER_TYPE: 12430 EGL_RGB_BUFFER,
04-13 00:42:12.548 22817 22837 V native-activity: 		EGL_BUFFER_SIZE: 16
04-13 00:42:12.548 22817 22837 V native-activity: 		EGL_SAMPLES: 16
04-13 00:42:12.548 22817 22837 V native-activity: 		EGL_SAMPLE_BUFFERS: 1
04-13 00:42:12.548 22817 22837 V native-activity: 		EGL_RED_SIZE: 5
04-13 00:42:12.548 22817 22837 V native-activity: 		EGL_GREEN_SIZE: 6
04-13 00:42:12.549 22817 22837 V native-activity: 		EGL_BLUE_SIZE: 5
04-13 00:42:12.549 22817 22837 V native-activity: 		EGL_ALPHA_SIZE: 0
04-13 00:42:12.549 22817 22837 V native-activity: 		EGL_ALPHA_MASK_SIZE: 0
04-13 00:42:12.549 22817 22837 V native-activity: 		EGL_LUMINANCE_SIZE: 0
04-13 00:42:12.549 22817 22837 V native-activity: 		EGL_TRANSPARENT_TYPE: 12344 EGL_NONE,
04-13 00:42:12.549 22817 22837 V native-activity: 		EGL_TRANSPARENT_RED_VALUE: -1
04-13 00:42:12.549 22817 22837 V native-activity: 		EGL_TRANSPARENT_GREEN_VALUE: -1
04-13 00:42:12.549 22817 22837 V native-activity: 		EGL_TRANSPARENT_BLUE_VALUE: -1
04-13 00:42:12.549 22817 22837 V native-activity: 		EGL_STENCIL_SIZE: 8
04-13 00:42:12.549 22817 22837 V native-activity: 		EGL_DEPTH_SIZE: 24
04-13 00:42:12.549 22817 22837 V native-activity: 		EGL_BIND_TO_TEXTURE_RGB: 1
04-13 00:42:12.549 22817 22837 V native-activity: 		EGL_BIND_TO_TEXTURE_RGBA: 0
04-13 00:42:12.549 22817 22837 V native-activity: 		EGL_MIN_SWAP_INTERVAL: 0
04-13 00:42:12.549 22817 22837 V native-activity: 		EGL_MAX_SWAP_INTERVAL: 10
04-13 00:42:12.549 22817 22837 V native-activity: 		EGL_MAX_PBUFFER_WIDTH: 4096
04-13 00:42:12.549 22817 22837 V native-activity: 		EGL_MAX_PBUFFER_HEIGHT: 4096
04-13 00:42:12.549 22817 22837 D native-activity: 	Config 0x60000004 index 3
04-13 00:42:12.549 22817 22837 V native-activity: 		EGL_CONFIG_ID: 19
04-13 00:42:12.549 22817 22837 V native-activity: 		EGL_CONFORMANT: 0
04-13 00:42:12.549 22817 22837 V native-activity: 		EGL_CONFIG_CAVEAT: 12369 EGL_NON_CONFORMANT_CONFIG,
04-13 00:42:12.549 22817 22837 V native-activity: 		EGL_RENDERABLE_TYPE: 5 EGL_OPENGL_ES_BIT, EGL_OPENGL_ES2_BIT,
04-13 00:42:12.549 22817 22837 V native-activity: 		EGL_SURFACE_TYPE: 1025 EGL_PBUFFER_BIT, EGL_SWAP_BEHAVIOR_PRESERVED_BIT,
04-13 00:42:12.549 22817 22837 V native-activity: 		EGL_LEVEL: 0
04-13 00:42:12.549 22817 22837 V native-activity: 		EGL_COLOR_BUFFER_TYPE: 12430 EGL_RGB_BUFFER,
04-13 00:42:12.549 22817 22837 V native-activity: 		EGL_BUFFER_SIZE: 16
04-13 00:42:12.549 22817 22837 V native-activity: 		EGL_SAMPLES: 0
04-13 00:42:12.549 22817 22837 V native-activity: 		EGL_SAMPLE_BUFFERS: 0
04-13 00:42:12.549 22817 22837 V native-activity: 		EGL_RED_SIZE: 5
04-13 00:42:12.549 22817 22837 V native-activity: 		EGL_GREEN_SIZE: 5
04-13 00:42:12.549 22817 22837 V native-activity: 		EGL_BLUE_SIZE: 5
04-13 00:42:12.549 22817 22837 V native-activity: 		EGL_ALPHA_SIZE: 1
04-13 00:42:12.549 22817 22837 V native-activity: 		EGL_ALPHA_MASK_SIZE: 0
04-13 00:42:12.549 22817 22837 V native-activity: 		EGL_LUMINANCE_SIZE: 0
04-13 00:42:12.549 22817 22837 V native-activity: 		EGL_TRANSPARENT_TYPE: 12344 EGL_NONE,
04-13 00:42:12.549 22817 22837 V native-activity: 		EGL_TRANSPARENT_RED_VALUE: -1
04-13 00:42:12.549 22817 22837 V native-activity: 		EGL_TRANSPARENT_GREEN_VALUE: -1
04-13 00:42:12.549 22817 22837 V native-activity: 		EGL_TRANSPARENT_BLUE_VALUE: -1
04-13 00:42:12.549 22817 22837 V native-activity: 		EGL_STENCIL_SIZE: 8
04-13 00:42:12.549 22817 22837 V native-activity: 		EGL_DEPTH_SIZE: 24
04-13 00:42:12.549 22817 22837 V native-activity: 		EGL_BIND_TO_TEXTURE_RGB: 1
04-13 00:42:12.549 22817 22837 V native-activity: 		EGL_BIND_TO_TEXTURE_RGBA: 1
04-13 00:42:12.549 22817 22837 V native-activity: 		EGL_MIN_SWAP_INTERVAL: 0
04-13 00:42:12.549 22817 22837 V native-activity: 		EGL_MAX_SWAP_INTERVAL: 10
04-13 00:42:12.550 22817 22837 V native-activity: 		EGL_MAX_PBUFFER_WIDTH: 4096
04-13 00:42:12.550 22817 22837 V native-activity: 		EGL_MAX_PBUFFER_HEIGHT: 4096
04-13 00:42:12.550 22817 22837 D native-activity: 	Config 0x60000005 index 4
04-13 00:42:12.550 22817 22837 V native-activity: 		EGL_CONFIG_ID: 18
04-13 00:42:12.550 22817 22837 V native-activity: 		EGL_CONFORMANT: 0
04-13 00:42:12.550 22817 22837 V native-activity: 		EGL_CONFIG_CAVEAT: 12369 EGL_NON_CONFORMANT_CONFIG,
04-13 00:42:12.550 22817 22837 V native-activity: 		EGL_RENDERABLE_TYPE: 5 EGL_OPENGL_ES_BIT, EGL_OPENGL_ES2_BIT,
04-13 00:42:12.550 22817 22837 V native-activity: 		EGL_SURFACE_TYPE: 1025 EGL_PBUFFER_BIT, EGL_SWAP_BEHAVIOR_PRESERVED_BIT,
04-13 00:42:12.550 22817 22837 V native-activity: 		EGL_LEVEL: 0
04-13 00:42:12.550 22817 22837 V native-activity: 		EGL_COLOR_BUFFER_TYPE: 12430 EGL_RGB_BUFFER,
04-13 00:42:12.551 22817 22837 V native-activity: 		EGL_BUFFER_SIZE: 16
04-13 00:42:12.551 22817 22837 V native-activity: 		EGL_SAMPLES: 4
04-13 00:42:12.551 22817 22837 V native-activity: 		EGL_SAMPLE_BUFFERS: 1
04-13 00:42:12.551 22817 22837 V native-activity: 		EGL_RED_SIZE: 5
04-13 00:42:12.551 22817 22837 V native-activity: 		EGL_GREEN_SIZE: 5
04-13 00:42:12.551 22817 22837 V native-activity: 		EGL_BLUE_SIZE: 5
04-13 00:42:12.551 22817 22837 V native-activity: 		EGL_ALPHA_SIZE: 1
04-13 00:42:12.551 22817 22837 V native-activity: 		EGL_ALPHA_MASK_SIZE: 0
04-13 00:42:12.551 22817 22837 V native-activity: 		EGL_LUMINANCE_SIZE: 0
04-13 00:42:12.551 22817 22837 V native-activity: 		EGL_TRANSPARENT_TYPE: 12344 EGL_NONE,
04-13 00:42:12.551 22817 22837 V native-activity: 		EGL_TRANSPARENT_RED_VALUE: -1
04-13 00:42:12.551 22817 22837 V native-activity: 		EGL_TRANSPARENT_GREEN_VALUE: -1
04-13 00:42:12.551 22817 22837 V native-activity: 		EGL_TRANSPARENT_BLUE_VALUE: -1
04-13 00:42:12.551 22817 22837 V native-activity: 		EGL_STENCIL_SIZE: 8
04-13 00:42:12.551 22817 22837 V native-activity: 		EGL_DEPTH_SIZE: 24
04-13 00:42:12.551 22817 22837 V native-activity: 		EGL_BIND_TO_TEXTURE_RGB: 1
04-13 00:42:12.551 22817 22837 V native-activity: 		EGL_BIND_TO_TEXTURE_RGBA: 1
04-13 00:42:12.551 22817 22837 V native-activity: 		EGL_MIN_SWAP_INTERVAL: 0
04-13 00:42:12.551 22817 22837 V native-activity: 		EGL_MAX_SWAP_INTERVAL: 10
04-13 00:42:12.551 22817 22837 V native-activity: 		EGL_MAX_PBUFFER_WIDTH: 4096
04-13 00:42:12.551 22817 22837 V native-activity: 		EGL_MAX_PBUFFER_HEIGHT: 4096
04-13 00:42:12.558 22817 22837 D native-activity: 	Config 0x60000006 index 5
04-13 00:42:12.558 22817 22837 V native-activity: 		EGL_CONFIG_ID: 20
04-13 00:42:12.558 22817 22837 V native-activity: 		EGL_CONFORMANT: 0
04-13 00:42:12.558 22817 22837 V native-activity: 		EGL_CONFIG_CAVEAT: 12369 EGL_NON_CONFORMANT_CONFIG,
04-13 00:42:12.558 22817 22837 V native-activity: 		EGL_RENDERABLE_TYPE: 5 EGL_OPENGL_ES_BIT, EGL_OPENGL_ES2_BIT,
04-13 00:42:12.558 22817 22837 V native-activity: 		EGL_SURFACE_TYPE: 1025 EGL_PBUFFER_BIT, EGL_SWAP_BEHAVIOR_PRESERVED_BIT,
04-13 00:42:12.558 22817 22837 V native-activity: 		EGL_LEVEL: 0
04-13 00:42:12.558 22817 22837 V native-activity: 		EGL_COLOR_BUFFER_TYPE: 12430 EGL_RGB_BUFFER,
04-13 00:42:12.558 22817 22837 V native-activity: 		EGL_BUFFER_SIZE: 16
04-13 00:42:12.558 22817 22837 V native-activity: 		EGL_SAMPLES: 16
04-13 00:42:12.558 22817 22837 V native-activity: 		EGL_SAMPLE_BUFFERS: 1
04-13 00:42:12.558 22817 22837 V native-activity: 		EGL_RED_SIZE: 5
04-13 00:42:12.558 22817 22837 V native-activity: 		EGL_GREEN_SIZE: 5
04-13 00:42:12.558 22817 22837 V native-activity: 		EGL_BLUE_SIZE: 5
04-13 00:42:12.558 22817 22837 V native-activity: 		EGL_ALPHA_SIZE: 1
04-13 00:42:12.558 22817 22837 V native-activity: 		EGL_ALPHA_MASK_SIZE: 0
04-13 00:42:12.558 22817 22837 V native-activity: 		EGL_LUMINANCE_SIZE: 0
04-13 00:42:12.558 22817 22837 V native-activity: 		EGL_TRANSPARENT_TYPE: 12344 EGL_NONE,
04-13 00:42:12.558 22817 22837 V native-activity: 		EGL_TRANSPARENT_RED_VALUE: -1
04-13 00:42:12.558 22817 22837 V native-activity: 		EGL_TRANSPARENT_GREEN_VALUE: -1
04-13 00:42:12.558 22817 22837 V native-activity: 		EGL_TRANSPARENT_BLUE_VALUE: -1
04-13 00:42:12.558 22817 22837 V native-activity: 		EGL_STENCIL_SIZE: 8
04-13 00:42:12.559 22817 22837 V native-activity: 		EGL_DEPTH_SIZE: 24
04-13 00:42:12.559 22817 22837 V native-activity: 		EGL_BIND_TO_TEXTURE_RGB: 1
04-13 00:42:12.559 22817 22837 V native-activity: 		EGL_BIND_TO_TEXTURE_RGBA: 1
04-13 00:42:12.559 22817 22837 V native-activity: 		EGL_MIN_SWAP_INTERVAL: 0
04-13 00:42:12.559 22817 22837 V native-activity: 		EGL_MAX_SWAP_INTERVAL: 10
04-13 00:42:12.559 22817 22837 V native-activity: 		EGL_MAX_PBUFFER_WIDTH: 4096
04-13 00:42:12.559 22817 22837 V native-activity: 		EGL_MAX_PBUFFER_HEIGHT: 4096
04-13 00:42:12.559 22817 22837 D native-activity: 	Config 0x60000007 index 6
04-13 00:42:12.559 22817 22837 V native-activity: 		EGL_CONFIG_ID: 21
04-13 00:42:12.559 22817 22837 V native-activity: 		EGL_CONFORMANT: 0
04-13 00:42:12.559 22817 22837 V native-activity: 		EGL_CONFIG_CAVEAT: 12369 EGL_NON_CONFORMANT_CONFIG,
04-13 00:42:12.559 22817 22837 V native-activity: 		EGL_RENDERABLE_TYPE: 5 EGL_OPENGL_ES_BIT, EGL_OPENGL_ES2_BIT,
04-13 00:42:12.559 22817 22837 V native-activity: 		EGL_SURFACE_TYPE: 1025 EGL_PBUFFER_BIT, EGL_SWAP_BEHAVIOR_PRESERVED_BIT,
04-13 00:42:12.559 22817 22837 V native-activity: 		EGL_LEVEL: 0
04-13 00:42:12.559 22817 22837 V native-activity: 		EGL_COLOR_BUFFER_TYPE: 12430 EGL_RGB_BUFFER,
04-13 00:42:12.559 22817 22837 V native-activity: 		EGL_BUFFER_SIZE: 16
04-13 00:42:12.559 22817 22837 V native-activity: 		EGL_SAMPLES: 0
04-13 00:42:12.559 22817 22837 V native-activity: 		EGL_SAMPLE_BUFFERS: 0
04-13 00:42:12.559 22817 22837 V native-activity: 		EGL_RED_SIZE: 4
04-13 00:42:12.559 22817 22837 V native-activity: 		EGL_GREEN_SIZE: 4
04-13 00:42:12.559 22817 22837 V native-activity: 		EGL_BLUE_SIZE: 4
04-13 00:42:12.559 22817 22837 V native-activity: 		EGL_ALPHA_SIZE: 4
04-13 00:42:12.559 22817 22837 V native-activity: 		EGL_ALPHA_MASK_SIZE: 0
04-13 00:42:12.559 22817 22837 V native-activity: 		EGL_LUMINANCE_SIZE: 0
04-13 00:42:12.559 22817 22837 V native-activity: 		EGL_TRANSPARENT_TYPE: 12344 EGL_NONE,
04-13 00:42:12.559 22817 22837 V native-activity: 		EGL_TRANSPARENT_RED_VALUE: -1
04-13 00:42:12.559 22817 22837 V native-activity: 		EGL_TRANSPARENT_GREEN_VALUE: -1
04-13 00:42:12.559 22817 22837 V native-activity: 		EGL_TRANSPARENT_BLUE_VALUE: -1
04-13 00:42:12.559 22817 22837 V native-activity: 		EGL_STENCIL_SIZE: 8
04-13 00:42:12.559 22817 22837 V native-activity: 		EGL_DEPTH_SIZE: 24
04-13 00:42:12.559 22817 22837 V native-activity: 		EGL_BIND_TO_TEXTURE_RGB: 1
04-13 00:42:12.559 22817 22837 V native-activity: 		EGL_BIND_TO_TEXTURE_RGBA: 1
04-13 00:42:12.559 22817 22837 V native-activity: 		EGL_MIN_SWAP_INTERVAL: 0
04-13 00:42:12.560   917   943 I Vlog    : Fluidity:cold_launch_time:fgtracking=false;DV;1,key=com.example.sonicdash_stage1/android.app.NativeActivity;DV;1,Timer=324.0;TI;1,unit=ms;DV;1:HI
04-13 00:42:12.561   917   943 I ActivityManager: Displayed com.example.sonicdash_stage1/android.app.NativeActivity: +324ms
04-13 00:42:12.561 22817 22837 V native-activity: 		EGL_MAX_SWAP_INTERVAL: 10
04-13 00:42:12.561 22817 22837 V native-activity: 		EGL_MAX_PBUFFER_WIDTH: 4096
04-13 00:42:12.561 22817 22837 V native-activity: 		EGL_MAX_PBUFFER_HEIGHT: 4096
04-13 00:42:12.561 22817 22837 D native-activity: 	Config 0x60000008 index 7
04-13 00:42:12.561 22817 22837 V native-activity: 		EGL_CONFIG_ID: 22
04-13 00:42:12.562 22817 22837 V native-activity: 		EGL_CONFORMANT: 0
04-13 00:42:12.562 22817 22837 V native-activity: 		EGL_CONFIG_CAVEAT: 12369 EGL_NON_CONFORMANT_CONFIG,
04-13 00:42:12.562 22817 22837 V native-activity: 		EGL_RENDERABLE_TYPE: 5 EGL_OPENGL_ES_BIT, EGL_OPENGL_ES2_BIT,
04-13 00:42:12.562 22817 22837 V native-activity: 		EGL_SURFACE_TYPE: 1025 EGL_PBUFFER_BIT, EGL_SWAP_BEHAVIOR_PRESERVED_BIT,
04-13 00:42:12.562 22817 22837 V native-activity: 		EGL_LEVEL: 0
04-13 00:42:12.562 22817 22837 V native-activity: 		EGL_COLOR_BUFFER_TYPE: 12430 EGL_RGB_BUFFER,
04-13 00:42:12.562 22817 22837 V native-activity: 		EGL_BUFFER_SIZE: 16
04-13 00:42:12.562 22817 22837 V native-activity: 		EGL_SAMPLES: 4
04-13 00:42:12.562 22817 22837 V native-activity: 		EGL_SAMPLE_BUFFERS: 1
04-13 00:42:12.562 22817 22837 V native-activity: 		EGL_RED_SIZE: 4
04-13 00:42:12.562 22817 22837 V native-activity: 		EGL_GREEN_SIZE: 4
04-13 00:42:12.562 22817 22837 V native-activity: 		EGL_BLUE_SIZE: 4
04-13 00:42:12.562 22817 22837 V native-activity: 		EGL_ALPHA_SIZE: 4
04-13 00:42:12.562 22817 22837 V native-activity: 		EGL_ALPHA_MASK_SIZE: 0
04-13 00:42:12.562 22817 22837 V native-activity: 		EGL_LUMINANCE_SIZE: 0
04-13 00:42:12.562 22817 22837 V native-activity: 		EGL_TRANSPARENT_TYPE: 12344 EGL_NONE,
04-13 00:42:12.562 22817 22837 V native-activity: 		EGL_TRANSPARENT_RED_VALUE: -1
04-13 00:42:12.562   917  1055 I LoggerMetricsFactoryImpl: PhoneWindowManager:ActivityChanged:com.example.sonicdash_stage1=1.0;CT;1:NR
04-13 00:42:12.562 22817 22837 V native-activity: 		EGL_TRANSPARENT_GREEN_VALUE: -1
04-13 00:42:12.563 22817 22837 V native-activity: 		EGL_TRANSPARENT_BLUE_VALUE: -1
04-13 00:42:12.563 22817 22837 V native-activity: 		EGL_STENCIL_SIZE: 8
04-13 00:42:12.563 22817 22837 V native-activity: 		EGL_DEPTH_SIZE: 24
04-13 00:42:12.563 22817 22837 V native-activity: 		EGL_BIND_TO_TEXTURE_RGB: 1
04-13 00:42:12.563 22817 22837 V native-activity: 		EGL_BIND_TO_TEXTURE_RGBA: 1
04-13 00:42:12.563 22817 22837 V native-activity: 		EGL_MIN_SWAP_INTERVAL: 0
04-13 00:42:12.563 22817 22837 V native-activity: 		EGL_MAX_SWAP_INTERVAL: 10
04-13 00:42:12.563 22817 22837 V native-activity: 		EGL_MAX_PBUFFER_WIDTH: 4096
04-13 00:42:12.563 22817 22837 V native-activity: 		EGL_MAX_PBUFFER_HEIGHT: 4096
04-13 00:42:12.563 22817 22837 D native-activity: 	Config 0x60000009 index 8
04-13 00:42:12.563 22817 22837 V native-activity: 		EGL_CONFIG_ID: 23
04-13 00:42:12.563 22817 22837 V native-activity: 		EGL_CONFORMANT: 0
04-13 00:42:12.563 22817 22837 V native-activity: 		EGL_CONFIG_CAVEAT: 12369 EGL_NON_CONFORMANT_CONFIG,
04-13 00:42:12.563 22817 22837 V native-activity: 		EGL_RENDERABLE_TYPE: 5 EGL_OPENGL_ES_BIT, EGL_OPENGL_ES2_BIT,
04-13 00:42:12.563 22817 22837 V native-activity: 		EGL_SURFACE_TYPE: 1025 EGL_PBUFFER_BIT, EGL_SWAP_BEHAVIOR_PRESERVED_BIT,
04-13 00:42:12.563 22817 22837 V native-activity: 		EGL_LEVEL: 0
04-13 00:42:12.563 22817 22837 V native-activity: 		EGL_COLOR_BUFFER_TYPE: 12430 EGL_RGB_BUFFER,
04-13 00:42:12.563 22817 22837 V native-activity: 		EGL_BUFFER_SIZE: 16
04-13 00:42:12.563 22817 22837 V native-activity: 		EGL_SAMPLES: 16
04-13 00:42:12.563 22817 22837 V native-activity: 		EGL_SAMPLE_BUFFERS: 1
04-13 00:42:12.563 22817 22837 V native-activity: 		EGL_RED_SIZE: 4
04-13 00:42:12.563 22817 22837 V native-activity: 		EGL_GREEN_SIZE: 4
04-13 00:42:12.563 22817 22837 V native-activity: 		EGL_BLUE_SIZE: 4
04-13 00:42:12.563 22817 22837 V native-activity: 		EGL_ALPHA_SIZE: 4
04-13 00:42:12.563 22817 22837 V native-activity: 		EGL_ALPHA_MASK_SIZE: 0
04-13 00:42:12.563 22817 22837 V native-activity: 		EGL_LUMINANCE_SIZE: 0
04-13 00:42:12.563 22817 22837 V native-activity: 		EGL_TRANSPARENT_TYPE: 12344 EGL_NONE,
04-13 00:42:12.563 22817 22837 V native-activity: 		EGL_TRANSPARENT_RED_VALUE: -1
04-13 00:42:12.563 22817 22837 V native-activity: 		EGL_TRANSPARENT_GREEN_VALUE: -1
04-13 00:42:12.563 22817 22837 V native-activity: 		EGL_TRANSPARENT_BLUE_VALUE: -1
04-13 00:42:12.563 22817 22837 V native-activity: 		EGL_STENCIL_SIZE: 8
04-13 00:42:12.563 22817 22837 V native-activity: 		EGL_DEPTH_SIZE: 24
04-13 00:42:12.563 22817 22837 V native-activity: 		EGL_BIND_TO_TEXTURE_RGB: 1
04-13 00:42:12.563 22817 22837 V native-activity: 		EGL_BIND_TO_TEXTURE_RGBA: 1
04-13 00:42:12.563 22817 22837 V native-activity: 		EGL_MIN_SWAP_INTERVAL: 0
04-13 00:42:12.563 22817 22837 V native-activity: 		EGL_MAX_SWAP_INTERVAL: 10
04-13 00:42:12.563 22817 22837 V native-activity: 		EGL_MAX_PBUFFER_WIDTH: 4096
04-13 00:42:12.563 22817 22837 V native-activity: 		EGL_MAX_PBUFFER_HEIGHT: 4096
04-13 00:42:12.563 22817 22837 D native-activity: 	Config 0x6000000a index 9
04-13 00:42:12.563 22817 22837 V native-activity: 		EGL_CONFIG_ID: 9
04-13 00:42:12.563 22817 22837 V native-activity: 		EGL_CONFORMANT: 5 EGL_OPENGL_ES_BIT, EGL_OPENGL_ES2_BIT,
04-13 00:42:12.563 22817 22837 V native-activity: 		EGL_CONFIG_CAVEAT: 12344 EGL_NONE,
04-13 00:42:12.563 22817 22837 V native-activity: 		EGL_RENDERABLE_TYPE: 5 EGL_OPENGL_ES_BIT, EGL_OPENGL_ES2_BIT,
04-13 00:42:12.563 22817 22837 V native-activity: 		EGL_SURFACE_TYPE: 1031 EGL_PBUFFER_BIT, EGL_PIXMAP_BIT, EGL_SWAP_BEHAVIOR_PRESERVED_BIT, EGL_WINDOW_BIT,
04-13 00:42:12.563 22817 22837 V native-activity: 		EGL_LEVEL: 0
04-13 00:42:12.563 22817 22837 V native-activity: 		EGL_COLOR_BUFFER_TYPE: 12430 EGL_RGB_BUFFER,
04-13 00:42:12.564 22817 22837 V native-activity: 		EGL_BUFFER_SIZE: 32
04-13 00:42:12.564 22817 22837 V native-activity: 		EGL_SAMPLES: 0
04-13 00:42:12.564 22817 22837 V native-activity: 		EGL_SAMPLE_BUFFERS: 0
04-13 00:42:12.564 22817 22837 V native-activity: 		EGL_RED_SIZE: 8
04-13 00:42:12.564 22817 22837 V native-activity: 		EGL_GREEN_SIZE: 8
04-13 00:42:12.564 22817 22837 V native-activity: 		EGL_BLUE_SIZE: 8
04-13 00:42:12.564 22817 22837 V native-activity: 		EGL_ALPHA_SIZE: 8
04-13 00:42:12.564 22817 22837 V native-activity: 		EGL_ALPHA_MASK_SIZE: 0
04-13 00:42:12.564 22817 22837 V native-activity: 		EGL_LUMINANCE_SIZE: 0
04-13 00:42:12.564 22817 22837 V native-activity: 		EGL_TRANSPARENT_TYPE: 12344 EGL_NONE,
04-13 00:42:12.564 22817 22837 V native-activity: 		EGL_TRANSPARENT_RED_VALUE: -1
04-13 00:42:12.564 22817 22837 V native-activity: 		EGL_TRANSPARENT_GREEN_VALUE: -1
04-13 00:42:12.564 22817 22837 V native-activity: 		EGL_TRANSPARENT_BLUE_VALUE: -1
04-13 00:42:12.564 22817 22837 V native-activity: 		EGL_STENCIL_SIZE: 8
04-13 00:42:12.564 22817 22837 V native-activity: 		EGL_DEPTH_SIZE: 24
04-13 00:42:12.564 22817 22837 V native-activity: 		EGL_BIND_TO_TEXTURE_RGB: 1
04-13 00:42:12.564 22817 22837 V native-activity: 		EGL_BIND_TO_TEXTURE_RGBA: 1
04-13 00:42:12.564 22817 22837 V native-activity: 		EGL_MIN_SWAP_INTERVAL: 0
04-13 00:42:12.564 22817 22837 V native-activity: 		EGL_MAX_SWAP_INTERVAL: 10
04-13 00:42:12.564 22817 22837 V native-activity: 		EGL_MAX_PBUFFER_WIDTH: 4096
04-13 00:42:12.564 22817 22837 V native-activity: 		EGL_MAX_PBUFFER_HEIGHT: 4096
04-13 00:42:12.564 22817 22837 D native-activity: 	Config 0x6000000b index 10
04-13 00:42:12.564 22817 22837 V native-activity: 		EGL_CONFIG_ID: 38
04-13 00:42:12.564 22817 22837 V native-activity: 		EGL_CONFORMANT: 5 EGL_OPENGL_ES_BIT, EGL_OPENGL_ES2_BIT,
04-13 00:42:12.564 22817 22837 V native-activity: 		EGL_CONFIG_CAVEAT: 12369 EGL_NON_CONFORMANT_CONFIG,
04-13 00:42:12.564 22817 22837 V native-activity: 		EGL_RENDERABLE_TYPE: 5 EGL_OPENGL_ES_BIT, EGL_OPENGL_ES2_BIT,
04-13 00:42:12.564 22817 22837 V native-activity: 		EGL_SURFACE_TYPE: 1031 EGL_PBUFFER_BIT, EGL_PIXMAP_BIT, EGL_SWAP_BEHAVIOR_PRESERVED_BIT, EGL_WINDOW_BIT,
04-13 00:42:12.564 22817 22837 V native-activity: 		EGL_LEVEL: 0
04-13 00:42:12.564 22817 22837 V native-activity: 		EGL_COLOR_BUFFER_TYPE: 12430 EGL_RGB_BUFFER,
04-13 00:42:12.564 22817 22837 V native-activity: 		EGL_BUFFER_SIZE: 32
04-13 00:42:12.564 22817 22837 V native-activity: 		EGL_SAMPLES: 0
04-13 00:42:12.564 22817 22837 V native-activity: 		EGL_SAMPLE_BUFFERS: 0
04-13 00:42:12.564 22817 22837 V native-activity: 		EGL_RED_SIZE: 8
04-13 00:42:12.564 22817 22837 V native-activity: 		EGL_GREEN_SIZE: 8
04-13 00:42:12.564 22817 22837 V native-activity: 		EGL_BLUE_SIZE: 8
04-13 00:42:12.564 22817 22837 V native-activity: 		EGL_ALPHA_SIZE: 0
04-13 00:42:12.564 22817 22837 V native-activity: 		EGL_ALPHA_MASK_SIZE: 0
04-13 00:42:12.568 22817 22837 V native-activity: 		EGL_LUMINANCE_SIZE: 0
