04-13 00:44:55.609 23293 23326 I native-activity: Animating
04-13 00:44:55.623 23293 23326 I native-activity: Frame 394 GL error is 0x0
04-13 00:44:55.623 23293 23326 I native-activity: Frame 394 time is 13.364ms
04-13 00:44:55.623 23293 23326 I native-activity: Doing egl_swapbuffers_sync 1
04-13 00:44:55.623 23293 23326 D native-activity: Reading pixels format 0x1908 type 0x1401 bpp 4
04-13 00:44:55.706 23293 23326 I native-activity: Read pixels, GL error is 0x0
04-13 00:44:55.707 23293 23326 I native-activity: Swap 394 time is 97.293ms
04-13 00:44:55.707 23293 23326 I native-activity: Animating
04-13 00:44:55.719 23293 23326 I native-activity: Frame 395 GL error is 0x0
04-13 00:44:55.719 23293 23326 I native-activity: Frame 395 time is 12.506ms
04-13 00:44:55.719 23293 23326 I native-activity: Doing egl_swapbuffers_sync 1
04-13 00:44:55.720 23293 23326 D native-activity: Reading pixels format 0x1908 type 0x1401 bpp 4
04-13 00:44:55.803 23293 23326 I native-activity: Read pixels, GL error is 0x0
04-13 00:44:55.804 23293 23326 I native-activity: Swap 395 time is 96.732ms
04-13 00:44:55.804 23293 23326 I native-activity: Animating
04-13 00:44:55.817 23293 23326 I native-activity: Frame 396 GL error is 0x0
04-13 00:44:55.817 23293 23326 I native-activity: Frame 396 time is 13.677ms
04-13 00:44:55.817 23293 23326 I native-activity: Doing egl_swapbuffers_sync 1
04-13 00:44:55.818 23293 23326 D native-activity: Reading pixels format 0x1908 type 0x1401 bpp 4
04-13 00:44:55.901 23293 23326 I native-activity: Read pixels, GL error is 0x0
04-13 00:44:55.901 23293 23326 I native-activity: Swap 396 time is 97.626ms
04-13 00:44:55.902 23293 23326 I native-activity: Animating
04-13 00:44:55.914 23293 23326 I native-activity: Frame 397 GL error is 0x0
04-13 00:44:55.914 23293 23326 I native-activity: Frame 397 time is 12.764ms
04-13 00:44:55.914 23293 23326 I native-activity: Doing egl_swapbuffers_sync 1
04-13 00:44:55.914 23293 23326 D native-activity: Reading pixels format 0x1908 type 0x1401 bpp 4
04-13 00:44:55.930  2159  2159 I Kernel  : [45534.602913].(1)[2159:wpa_supplicant]poorlink get state G(361732)F(49)dbad(0)dretry(0)LT(405)RT(-78)W(0)(12273)
04-13 00:44:55.930  2137  2137 I Kernel  : [45534.603039][wlan] nicTxReleaseResource: (TX STATE)
04-13 00:44:55.930  2137  2137 I Kernel  : Release: TC4 count 1, Free=4; TC5 count 0, Free=4
04-13 00:44:55.999 23293 23326 I native-activity: Read pixels, GL error is 0x0
04-13 00:44:55.999 23293 23326 I native-activity: Swap 397 time is 97.389ms
04-13 00:44:55.999 23293 23326 I native-activity: Animating
04-13 00:44:56.013 23293 23326 I native-activity: Frame 398 GL error is 0x0
04-13 00:44:56.013 23293 23326 I native-activity: Frame 398 time is 14.210ms
04-13 00:44:56.013 23293 23326 I native-activity: Doing egl_swapbuffers_sync 1
04-13 00:44:56.014 23293 23326 D native-activity: Reading pixels format 0x1908 type 0x1401 bpp 4
04-13 00:44:56.097 23293 23326 I native-activity: Read pixels, GL error is 0x0
04-13 00:44:56.097 23293 23326 I native-activity: Swap 398 time is 98.210ms
04-13 00:44:56.098 23293 23326 I native-activity: Animating
04-13 00:44:56.110 23293 23326 I native-activity: Frame 399 GL error is 0x0
04-13 00:44:56.110 23293 23326 I native-activity: Frame 399 time is 12.469ms
04-13 00:44:56.110 23293 23326 I native-activity: Doing egl_swapbuffers_sync 1
04-13 00:44:56.110 23293 23326 D native-activity: Reading pixels format 0x1908 type 0x1401 bpp 4
04-13 00:44:56.194 23293 23326 I native-activity: Read pixels, GL error is 0x0
04-13 00:44:56.194 23293 23326 I native-activity: Swap 399 time is 96.679ms
04-13 00:44:56.195 23293 23326 I native-activity: Animating
04-13 00:44:56.207 23293 23326 I native-activity: Frame 400 GL error is 0x0
04-13 00:44:56.207 23293 23326 I native-activity: Frame 400 time is 12.053ms
04-13 00:44:56.207 23293 23326 I native-activity: Doing egl_swapbuffers_sync 1
04-13 00:44:56.207 23293 23326 D native-activity: Reading pixels format 0x1908 type 0x1401 bpp 4
04-13 00:44:56.227  1787  1787 I AmazonLocationController: onWifiSignalChanged : connected : true
04-13 00:44:56.260    82    82 I Kernel  : [45534.937839].(0)[82:mtk charger_hv_]charging_reset_watch_dog_timer
04-13 00:44:56.260    82    82 I Kernel  : [45534.938750].(0)[82:mtk charger_hv_]array_size = 16 
04-13 00:44:56.291 23293 23326 I native-activity: Read pixels, GL error is 0x0
04-13 00:44:56.291 23293 23326 I native-activity: Swap 400 time is 96.565ms
04-13 00:44:56.291 23293 23326 I native-activity: Animating
04-13 00:44:56.304 23293 23326 I native-activity: Frame 401 GL error is 0x0
04-13 00:44:56.304 23293 23326 I native-activity: Frame 401 time is 12.902ms
04-13 00:44:56.304 23293 23326 I native-activity: Doing egl_swapbuffers_sync 1
04-13 00:44:56.304 23293 23326 D native-activity: Reading pixels format 0x1908 type 0x1401 bpp 4
04-13 00:44:56.388 23293 23326 I native-activity: Read pixels, GL error is 0x0
04-13 00:44:56.388 23293 23326 I native-activity: Swap 401 time is 96.928ms
04-13 00:44:56.389 23293 23326 I native-activity: Animating
04-13 00:44:56.401 23293 23326 I native-activity: Frame 402 GL error is 0x0
04-13 00:44:56.402 23293 23326 I native-activity: Frame 402 time is 12.979ms
04-13 00:44:56.402 23293 23326 I native-activity: Doing egl_swapbuffers_sync 1
04-13 00:44:56.402 23293 23326 D native-activity: Reading pixels format 0x1908 type 0x1401 bpp 4
04-13 00:44:56.485 23293 23326 I native-activity: Read pixels, GL error is 0x0
04-13 00:44:56.485 23293 23326 I native-activity: Swap 402 time is 96.939ms
04-13 00:44:56.486 23293 23326 I native-activity: Animating
04-13 00:44:56.498 23293 23326 I native-activity: Frame 403 GL error is 0x0
04-13 00:44:56.498 23293 23326 I native-activity: Frame 403 time is 12.756ms
04-13 00:44:56.499 23293 23326 I native-activity: Doing egl_swapbuffers_sync 1
04-13 00:44:56.499 23293 23326 D native-activity: Reading pixels format 0x1908 type 0x1401 bpp 4
04-13 00:44:56.583 23293 23326 I native-activity: Read pixels, GL error is 0x0
04-13 00:44:56.583 23293 23326 I native-activity: Swap 403 time is 97.067ms
04-13 00:44:56.583 23293 23326 I native-activity: Animating
04-13 00:44:56.596 23293 23326 I native-activity: Frame 404 GL error is 0x0
04-13 00:44:56.596 23293 23326 I native-activity: Frame 404 time is 13.123ms
04-13 00:44:56.596 23293 23326 I native-activity: Doing egl_swapbuffers_sync 1
04-13 00:44:56.596 23293 23326 D native-activity: Reading pixels format 0x1908 type 0x1401 bpp 4
04-13 00:44:56.681 23293 23326 I native-activity: Read pixels, GL error is 0x0
04-13 00:44:56.681 23293 23326 I native-activity: Swap 404 time is 97.898ms
04-13 00:44:56.681 23293 23326 I native-activity: Animating
04-13 00:44:56.694 23293 23326 I native-activity: Frame 405 GL error is 0x0
04-13 00:44:56.694 23293 23326 I native-activity: Frame 405 time is 13.119ms
04-13 00:44:56.694 23293 23326 I native-activity: Doing egl_swapbuffers_sync 1
04-13 00:44:56.694 23293 23326 D native-activity: Reading pixels format 0x1908 type 0x1401 bpp 4
04-13 00:44:56.778 23293 23326 I native-activity: Read pixels, GL error is 0x0
04-13 00:44:56.778 23293 23326 I native-activity: Swap 405 time is 97.163ms
04-13 00:44:56.779 23293 23326 I native-activity: Animating
04-13 00:44:56.792 23293 23326 I native-activity: Frame 406 GL error is 0x0
04-13 00:44:56.792 23293 23326 I native-activity: Frame 406 time is 13.813ms
04-13 00:44:56.792 23293 23326 I native-activity: Doing egl_swapbuffers_sync 1
04-13 00:44:56.792 23293 23326 D native-activity: Reading pixels format 0x1908 type 0x1401 bpp 4
04-13 00:44:56.840     0     0 I Kernel  : [45535.513839]-(0)[0:swapper/0]dpi vsync
04-13 00:44:56.876 23293 23326 I native-activity: Read pixels, GL error is 0x0
04-13 00:44:56.876 23293 23326 I native-activity: Swap 406 time is 97.683ms
04-13 00:44:56.876 23293 23326 I native-activity: Animating
04-13 00:44:56.890 23293 23326 I native-activity: Frame 407 GL error is 0x0
04-13 00:44:56.890 23293 23326 I native-activity: Frame 407 time is 13.354ms
04-13 00:44:56.890 23293 23326 I native-activity: Doing egl_swapbuffers_sync 1
04-13 00:44:56.890 23293 23326 D native-activity: Reading pixels format 0x1908 type 0x1401 bpp 4
04-13 00:44:56.974 23293 23326 I native-activity: Read pixels, GL error is 0x0
04-13 00:44:56.974 23293 23326 I native-activity: Swap 407 time is 97.437ms
04-13 00:44:56.974 23293 23326 I native-activity: Animating
04-13 00:44:56.987 23293 23326 I native-activity: Frame 408 GL error is 0x0
04-13 00:44:56.987 23293 23326 I native-activity: Frame 408 time is 12.924ms
04-13 00:44:56.987 23293 23326 I native-activity: Doing egl_swapbuffers_sync 1
04-13 00:44:56.987 23293 23326 D native-activity: Reading pixels format 0x1908 type 0x1401 bpp 4
04-13 00:44:57.071 23293 23326 I native-activity: Read pixels, GL error is 0x0
04-13 00:44:57.071 23293 23326 I native-activity: Swap 408 time is 97.154ms
04-13 00:44:57.071 23293 23326 I native-activity: Animating
04-13 00:44:57.085 23293 23326 I native-activity: Frame 409 GL error is 0x0
04-13 00:44:57.085 23293 23326 I native-activity: Frame 409 time is 13.329ms
04-13 00:44:57.085 23293 23326 I native-activity: Doing egl_swapbuffers_sync 1
04-13 00:44:57.085 23293 23326 D native-activity: Reading pixels format 0x1908 type 0x1401 bpp 4
04-13 00:44:57.168 23293 23326 I native-activity: Read pixels, GL error is 0x0
04-13 00:44:57.168 23293 23326 I native-activity: Swap 409 time is 96.913ms
04-13 00:44:57.169 23293 23326 I native-activity: Animating
04-13 00:44:57.180 23293 23326 I native-activity: Frame 410 GL error is 0x0
04-13 00:44:57.181 23293 23326 I native-activity: Frame 410 time is 11.892ms
04-13 00:44:57.181 23293 23326 I native-activity: Doing egl_swapbuffers_sync 1
04-13 00:44:57.181 23293 23326 D native-activity: Reading pixels format 0x1908 type 0x1401 bpp 4
04-13 00:44:57.229  1787  1787 I AmazonLocationController: onWifiSignalChanged : connected : true
04-13 00:44:57.265 23293 23326 I native-activity: Read pixels, GL error is 0x0
04-13 00:44:57.265 23293 23326 I native-activity: Swap 410 time is 96.422ms
04-13 00:44:57.265 23293 23326 I native-activity: Animating
04-13 00:44:57.260    82    82 I Kernel  : [45535.938895].(0)[82:mtk charger_hv_]charging_reset_watch_dog_timer
04-13 00:44:57.260    82    82 I Kernel  : [45535.939895].(0)[82:mtk charger_hv_]array_size = 16 
04-13 00:44:57.282 23293 23326 I native-activity: Frame 411 GL error is 0x0
04-13 00:44:57.282 23293 23326 I native-activity: Frame 411 time is 16.288ms
04-13 00:44:57.282 23293 23326 I native-activity: Doing egl_swapbuffers_sync 1
04-13 00:44:57.282 23293 23326 D native-activity: Reading pixels format 0x1908 type 0x1401 bpp 4
04-13 00:44:57.365 23293 23326 I native-activity: Read pixels, GL error is 0x0
04-13 00:44:57.365 23293 23326 I native-activity: Swap 411 time is 99.957ms
04-13 00:44:57.365 23293 23326 I native-activity: Animating
04-13 00:44:57.379 23293 23326 I native-activity: Frame 412 GL error is 0x0
04-13 00:44:57.380 23293 23326 I native-activity: Frame 412 time is 14.111ms
04-13 00:44:57.380 23293 23326 I native-activity: Doing egl_swapbuffers_sync 1
04-13 00:44:57.380 23293 23326 D native-activity: Reading pixels format 0x1908 type 0x1401 bpp 4
04-13 00:44:57.464 23293 23326 I native-activity: Read pixels, GL error is 0x0
04-13 00:44:57.464 23293 23326 I native-activity: Swap 412 time is 98.208ms
04-13 00:44:57.464 23293 23326 I native-activity: Animating
04-13 00:44:57.564 23293 23326 I native-activity: Frame 413 GL error is 0x501
04-13 00:44:57.564 23293 23326 I native-activity: Frame 413 time is 100.009ms
04-13 00:44:57.564 23293 23326 I native-activity: Doing egl_swapbuffers_sync 1
04-13 00:44:57.564 23293 23326 D native-activity: Reading pixels format 0x1908 type 0x1401 bpp 4
04-13 00:44:57.648 23293 23326 I native-activity: Read pixels, GL error is 0x0
04-13 00:44:57.648 23293 23326 I native-activity: Swap 413 time is 183.862ms
04-13 00:44:57.649 23293 23326 I native-activity: Animating
04-13 00:44:57.777 23293 23326 I native-activity: Frame 414 GL error is 0x500
04-13 00:44:57.777 23293 23326 I native-activity: Frame 414 time is 128.023ms
04-13 00:44:57.777 23293 23326 I native-activity: Doing egl_swapbuffers_sync 1
04-13 00:44:57.777 23293 23326 D native-activity: Reading pixels format 0x1908 type 0x1401 bpp 4
04-13 00:44:57.860 23293 23326 I native-activity: Read pixels, GL error is 0x0
04-13 00:44:57.860 23293 23326 I native-activity: Swap 414 time is 211.499ms
04-13 00:44:57.861 23293 23326 I native-activity: Animating
04-13 00:44:57.874 23293 23326 I native-activity: Frame 415 GL error is 0x0
04-13 00:44:57.874 23293 23326 I native-activity: Frame 415 time is 12.637ms
04-13 00:44:57.874 23293 23326 I native-activity: Doing egl_swapbuffers_sync 1
04-13 00:44:57.874 23293 23326 D native-activity: Reading pixels format 0x1908 type 0x1401 bpp 4
04-13 00:44:57.959 23293 23326 I native-activity: Read pixels, GL error is 0x0
04-13 00:44:57.959 23293 23326 I native-activity: Swap 415 time is 97.306ms
04-13 00:44:57.959 23293 23326 I native-activity: Animating
04-13 00:44:57.970 23293 23326 I native-activity: Frame 416 GL error is 0x0
04-13 00:44:57.970 23293 23326 I native-activity: Frame 416 time is 11.485ms
04-13 00:44:57.970 23293 23326 I native-activity: Doing egl_swapbuffers_sync 1
04-13 00:44:57.971 23293 23326 D native-activity: Reading pixels format 0x1908 type 0x1401 bpp 4
04-13 00:44:58.054 23293 23326 I native-activity: Read pixels, GL error is 0x0
04-13 00:44:58.054 23293 23326 I native-activity: Swap 416 time is 95.241ms
04-13 00:44:58.054 23293 23326 I native-activity: Animating
04-13 00:44:58.067 23293 23326 I native-activity: Frame 417 GL error is 0x0
04-13 00:44:58.068 23293 23326 I native-activity: Frame 417 time is 13.145ms
04-13 00:44:58.068 23293 23326 I native-activity: Doing egl_swapbuffers_sync 1
04-13 00:44:58.068 23293 23326 D native-activity: Reading pixels format 0x1908 type 0x1401 bpp 4
04-13 00:44:58.151 23293 23326 I native-activity: Read pixels, GL error is 0x0
04-13 00:44:58.151 23293 23326 I native-activity: Swap 417 time is 96.798ms
04-13 00:44:58.151 23293 23326 I native-activity: Animating
04-13 00:44:58.165 23293 23326 I native-activity: Frame 418 GL error is 0x0
04-13 00:44:58.165 23293 23326 I native-activity: Frame 418 time is 13.741ms
04-13 00:44:58.165 23293 23326 I native-activity: Doing egl_swapbuffers_sync 1
04-13 00:44:58.165 23293 23326 D native-activity: Reading pixels format 0x1908 type 0x1401 bpp 4
04-13 00:44:58.252 23293 23326 I native-activity: Read pixels, GL error is 0x0
04-13 00:44:58.252 23293 23326 I native-activity: Swap 418 time is 100.201ms
04-13 00:44:58.252 23293 23326 I native-activity: Animating
04-13 00:44:58.262 23293 23326 I native-activity: Frame 419 GL error is 0x0
04-13 00:44:58.262 23293 23326 I native-activity: Frame 419 time is 10.018ms
04-13 00:44:58.262 23293 23326 I native-activity: Doing egl_swapbuffers_sync 1
04-13 00:44:58.262 23293 23326 D native-activity: Reading pixels format 0x1908 type 0x1401 bpp 4
04-13 00:44:58.260    82    82 I Kernel  : [45536.939995].(0)[82:mtk charger_hv_]charging_reset_watch_dog_timer
04-13 00:44:58.260    82    82 I Kernel  : [45536.940904].(0)[82:mtk charger_hv_]array_size = 16 
04-13 00:44:58.317 23293 23326 I native-activity: Read pixels, GL error is 0x0
04-13 00:44:58.317 23293 23326 I native-activity: Swap 419 time is 65.414ms
04-13 00:44:58.317 23293 23326 I native-activity: Animating
04-13 00:44:58.329 23293 23326 I native-activity: Frame 420 GL error is 0x0
04-13 00:44:58.329 23293 23326 I native-activity: Frame 420 time is 11.443ms
04-13 00:44:58.329 23293 23326 I native-activity: Doing egl_swapbuffers_sync 1
04-13 00:44:58.329 23293 23326 D native-activity: Reading pixels format 0x1908 type 0x1401 bpp 4
04-13 00:44:58.384 23293 23326 I native-activity: Read pixels, GL error is 0x0
04-13 00:44:58.384 23293 23326 I native-activity: Swap 420 time is 66.718ms
04-13 00:44:58.384 23293 23326 I native-activity: Animating
04-13 00:44:58.396 23293 23326 I native-activity: Frame 421 GL error is 0x0
04-13 00:44:58.396 23293 23326 I native-activity: Frame 421 time is 11.737ms
04-13 00:44:58.396 23293 23326 I native-activity: Doing egl_swapbuffers_sync 1
04-13 00:44:58.396 23293 23326 D native-activity: Reading pixels format 0x1908 type 0x1401 bpp 4
04-13 00:44:58.451 23293 23326 I native-activity: Read pixels, GL error is 0x0
04-13 00:44:58.452 23293 23326 I native-activity: Swap 421 time is 67.122ms
04-13 00:44:58.452 23293 23326 I native-activity: Animating
04-13 00:44:58.468 23293 23326 I native-activity: Frame 422 GL error is 0x0
04-13 00:44:58.468 23293 23326 I native-activity: Frame 422 time is 16.243ms
04-13 00:44:58.468 23293 23326 I native-activity: Doing egl_swapbuffers_sync 1
04-13 00:44:58.468 23293 23326 D native-activity: Reading pixels format 0x1908 type 0x1401 bpp 4
04-13 00:44:58.530 23293 23326 I native-activity: Read pixels, GL error is 0x0
04-13 00:44:58.531 23293 23326 I native-activity: Swap 422 time is 78.410ms
04-13 00:44:58.532 23293 23326 I native-activity: Animating
04-13 00:44:58.547 23293 23326 I native-activity: Frame 423 GL error is 0x0
04-13 00:44:58.547 23293 23326 I native-activity: Frame 423 time is 14.865ms
04-13 00:44:58.547 23293 23326 I native-activity: Doing egl_swapbuffers_sync 1
04-13 00:44:58.547 23293 23326 D native-activity: Reading pixels format 0x1908 type 0x1401 bpp 4
04-13 00:44:58.614 23293 23326 I native-activity: Read pixels, GL error is 0x0
04-13 00:44:58.614 23293 23326 I native-activity: Swap 423 time is 81.696ms
04-13 00:44:58.614 23293 23326 I native-activity: Animating
04-13 00:44:58.628 23293 23326 I native-activity: Frame 424 GL error is 0x0
04-13 00:44:58.628 23293 23326 I native-activity: Frame 424 time is 13.687ms
04-13 00:44:58.628 23293 23326 I native-activity: Doing egl_swapbuffers_sync 1
04-13 00:44:58.628 23293 23326 D native-activity: Reading pixels format 0x1908 type 0x1401 bpp 4
04-13 00:44:58.695 23293 23326 I native-activity: Read pixels, GL error is 0x0
04-13 00:44:58.695 23293 23326 I native-activity: Swap 424 time is 81.046ms
04-13 00:44:58.695 23293 23326 I native-activity: Animating
04-13 00:44:58.711 23293 23326 I native-activity: Frame 425 GL error is 0x0
04-13 00:44:58.711 23293 23326 I native-activity: Frame 425 time is 15.650ms
04-13 00:44:58.711 23293 23326 I native-activity: Doing egl_swapbuffers_sync 1
04-13 00:44:58.711 23293 23326 D native-activity: Reading pixels format 0x1908 type 0x1401 bpp 4
04-13 00:44:58.780 23293 23326 I native-activity: Read pixels, GL error is 0x0
04-13 00:44:58.780 23293 23326 I native-activity: Swap 425 time is 84.735ms
04-13 00:44:58.780 23293 23326 I native-activity: Animating
04-13 00:44:58.793 23293 23326 I native-activity: Frame 426 GL error is 0x0
04-13 00:44:58.793 23293 23326 I native-activity: Frame 426 time is 12.684ms
04-13 00:44:58.793 23293 23326 I native-activity: Doing egl_swapbuffers_sync 1
04-13 00:44:58.793 23293 23326 D native-activity: Reading pixels format 0x1908 type 0x1401 bpp 4
04-13 00:44:58.861 23293 23326 I native-activity: Read pixels, GL error is 0x0
04-13 00:44:58.861 23293 23326 I native-activity: Swap 426 time is 80.748ms
04-13 00:44:58.861 23293 23326 I native-activity: Animating
04-13 00:44:58.875 23293 23326 I native-activity: Frame 427 GL error is 0x0
04-13 00:44:58.875 23293 23326 I native-activity: Frame 427 time is 13.327ms
04-13 00:44:58.875 23293 23326 I native-activity: Doing egl_swapbuffers_sync 1
04-13 00:44:58.875 23293 23326 D native-activity: Reading pixels format 0x1908 type 0x1401 bpp 4
04-13 00:44:58.870     0     0 I Kernel  : [45537.546014]-(0)[0:swapper/0]dpi vsync
04-13 00:44:58.943 23293 23326 I native-activity: Read pixels, GL error is 0x0
04-13 00:44:58.943 23293 23326 I native-activity: Swap 427 time is 81.406ms
04-13 00:44:58.943 23293 23326 I native-activity: Animating
04-13 00:44:58.957 23293 23326 I native-activity: Frame 428 GL error is 0x0
04-13 00:44:58.957 23293 23326 I native-activity: Frame 428 time is 14.375ms
04-13 00:44:58.957 23293 23326 I native-activity: Doing egl_swapbuffers_sync 1
04-13 00:44:58.958 23293 23326 D native-activity: Reading pixels format 0x1908 type 0x1401 bpp 4
04-13 00:44:58.950  2137  2137 I Kernel  : [45537.623849][wlan] nicTxReleaseResource: (TX STATE)
04-13 00:44:58.950  2137  2137 I Kernel  : Release: TC4 count 1, Free=3; TC5 count 0, Free=4
04-13 00:44:58.950  2159  2159 I Kernel  : [45537.624010].(0)[2159:wpa_supplicant]poorlink get state G(361732)F(49)dbad(0)dretry(0)LT(405)RT(-79)W(0)(12274)
04-13 00:44:58.950  2137  2137 I Kernel  : [45537.624555][wlan] nicTxReleaseResource: (TX STATE)
04-13 00:44:58.950  2137  2137 I Kernel  : Release: TC4 count 1, Free=4; TC5 count 0, Free=4
04-13 00:44:59.025 23293 23326 I native-activity: Read pixels, GL error is 0x0
04-13 00:44:59.025 23293 23326 I native-activity: Swap 428 time is 81.724ms
04-13 00:44:59.025 23293 23326 I native-activity: Animating
04-13 00:44:59.038 23293 23326 I native-activity: Frame 429 GL error is 0x0
04-13 00:44:59.038 23293 23326 I native-activity: Frame 429 time is 13.268ms
04-13 00:44:59.038 23293 23326 I native-activity: Doing egl_swapbuffers_sync 1
04-13 00:44:59.038 23293 23326 D native-activity: Reading pixels format 0x1908 type 0x1401 bpp 4
04-13 00:44:59.030    81    81 I Kernel  : [45537.705256].(0)[81:bat_thread_kthr][BAT_thread]Cable in, CHR_Type_num=2
04-13 00:44:59.040    81    81 I Kernel  : [45537.716200].(0)[81:bat_thread_kthr]AvgVbat=(4203),bat_vol=(4204),AvgI=(0),I=(0),VChr=(4626),AvgT=(25),T=(26),pre_SOC=(100),SOC=(100),ZCV=(4045)
04-13 00:44:59.040    81    81 I Kernel  : [45537.716286].(0)[81:bat_thread_kthr][BATTERY] support JEITA, temperature=25
04-13 00:44:59.040    81    81 I Kernel  : [45537.716311][BATTERY] Battery Normal Temperature between 10 and 45 !!
04-13 00:44:59.040    81    81 I Kernel  : [45537.716338].(0)[81:bat_thread_kthr]array_size = 51 
04-13 00:44:59.040    81    81 I Kernel  : [45537.717234].(0)[81:bat_thread_kthr]charging_reset_watch_dog_timer
04-13 00:44:59.060    81    81 I Kernel  : [45537.733222].(0)[81:bat_thread_kthr][BATTERY] Default CC mode charging : 150000, input current = 150000
04-13 00:44:59.060    81    81 I Kernel  : [45537.733260].(0)[81:bat_thread_kthr]array_size = 8 
04-13 00:44:59.060    81    81 I Kernel  : [45537.734981].(0)[81:bat_thread_kthr]array_size = 28 
04-13 00:44:59.060    81    81 I Kernel  : [45537.738880].(0)[81:bat_thread_kthr]charging_dump_register
04-13 00:44:59.060    81    81 I Kernel  : [45537.739407].(0)[81:bat_thread_kthr][bq24296_dump_register] Reg[0x0]=0x45
04-13 00:44:59.060    81    81 I Kernel  : [45537.739931].(0)[81:bat_thread_kthr][bq24296_dump_register] Reg[0x1]=0x1B
04-13 00:44:59.060    81    81 I Kernel  : [45537.740454].(0)[81:bat_thread_kthr][bq24296_dump_register] Reg[0x2]=0x3C
04-13 00:44:59.060    81    81 I Kernel  : [45537.740977].(0)[81:bat_thread_kthr][bq24296_dump_register] Reg[0x3]=0x30
04-13 00:44:59.060    81    81 I Kernel  : [45537.741500].(0)[81:bat_thread_kthr][bq24296_dump_register] Reg[0x4]=0xB2
04-13 00:44:59.087   143   315 I hwcomposer: [DPY] UEventThread::threadLoop recv change@/devices/platform/battery/power_supply/battery
04-13 00:44:59.070    81    81 I Kernel  : [45537.743364].(0)[81:bat_thread_kthr][bq24296_dump_register] Reg[0x5]=0x94
04-13 00:44:59.070    81    81 I Kernel  : [45537.743898].(0)[81:bat_thread_kthr][bq24296_dump_register] Reg[0x6]=0x73
04-13 00:44:59.070    81    81 I Kernel  : [45537.744422].(0)[81:bat_thread_kthr][bq24296_dump_register] Reg[0x7]=0x48
04-13 00:44:59.070    81    81 I Kernel  : [45537.744948].(0)[81:bat_thread_kthr][bq24296_dump_register] Reg[0x8]=0x64
04-13 00:44:59.070    81    81 I Kernel  : [45537.745471].(0)[81:bat_thread_kthr][bq24296_dump_register] Reg[0x9]=0x0
04-13 00:44:59.070    81    81 I Kernel  : [45537.746000].(0)[81:bat_thread_kthr][bq24296_dump_register] Reg[0xA]=0x20
04-13 00:44:59.070    81    81 I Kernel  : [45537.747018].(0)[81:bat_thread_kthr][100percent],UI_SOC = 99
04-13 00:44:59.070    81    81 I Kernel  : [45537.747047].(0)[81:bat_thread_kthr]UI_SOC=(100), resetBatteryMeter=(0)
04-13 00:44:59.070    81    81 I Kernel  : [45537.747319].(0)[81:bat_thread_kthr][mt_kpoc_power_off_check] , chr_vol=4626, boot_mode=0
04-13 00:44:59.070   139   139 I Kernel  : [45537.749377].(0)[139:healthd]healthd: battery l=100 v=4203 t=25.0 h=2 st=5 chg=u
04-13 00:44:59.106 23293 23326 I native-activity: Read pixels, GL error is 0x0
04-13 00:44:59.106 23293 23326 I native-activity: Swap 429 time is 81.307ms
04-13 00:44:59.106 23293 23326 I native-activity: Animating
04-13 00:44:59.120 23293 23326 I native-activity: Frame 430 GL error is 0x0
04-13 00:44:59.120 23293 23326 I native-activity: Frame 430 time is 13.208ms
04-13 00:44:59.120 23293 23326 I native-activity: Doing egl_swapbuffers_sync 1
04-13 00:44:59.120 23293 23326 D native-activity: Reading pixels format 0x1908 type 0x1401 bpp 4
04-13 00:44:59.187 23293 23326 I native-activity: Read pixels, GL error is 0x0
04-13 00:44:59.187 23293 23326 I native-activity: Swap 430 time is 80.771ms
04-13 00:44:59.187 23293 23326 I native-activity: Animating
04-13 00:44:59.202 23293 23326 I native-activity: Frame 431 GL error is 0x0
04-13 00:44:59.203 23293 23326 I native-activity: Frame 431 time is 15.054ms
04-13 00:44:59.203 23293 23326 I native-activity: Doing egl_swapbuffers_sync 1
04-13 00:44:59.203 23293 23326 D native-activity: Reading pixels format 0x1908 type 0x1401 bpp 4
04-13 00:44:59.270 23293 23326 I native-activity: Read pixels, GL error is 0x0
04-13 00:44:59.270 23293 23326 I native-activity: Swap 431 time is 82.595ms
04-13 00:44:59.270 23293 23326 I native-activity: Animating
04-13 00:44:59.260    82    82 I Kernel  : [45537.941050].(0)[82:mtk charger_hv_]charging_reset_watch_dog_timer
04-13 00:44:59.284 23293 23326 I native-activity: Frame 432 GL error is 0x0
04-13 00:44:59.284 23293 23326 I native-activity: Frame 432 time is 14.057ms
04-13 00:44:59.284 23293 23326 I native-activity: Doing egl_swapbuffers_sync 1
04-13 00:44:59.284 23293 23326 D native-activity: Reading pixels format 0x1908 type 0x1401 bpp 4
04-13 00:44:59.270    82    82 I Kernel  : [45537.943925].(0)[82:mtk charger_hv_]array_size = 16 
04-13 00:44:59.352 23293 23326 I native-activity: Read pixels, GL error is 0x0
04-13 00:44:59.352 23293 23326 I native-activity: Swap 432 time is 81.490ms
04-13 00:44:59.352 23293 23326 I native-activity: Animating
04-13 00:44:59.365 23293 23326 I native-activity: Frame 433 GL error is 0x0
04-13 00:44:59.365 23293 23326 I native-activity: Frame 433 time is 12.996ms
04-13 00:44:59.365 23293 23326 I native-activity: Doing egl_swapbuffers_sync 1
04-13 00:44:59.365 23293 23326 D native-activity: Reading pixels format 0x1908 type 0x1401 bpp 4
04-13 00:44:59.432 23293 23326 I native-activity: Read pixels, GL error is 0x0
04-13 00:44:59.432 23293 23326 I native-activity: Swap 433 time is 80.420ms
04-13 00:44:59.433 23293 23326 I native-activity: Animating
04-13 00:44:59.448 23293 23326 I native-activity: Frame 434 GL error is 0x0
04-13 00:44:59.448 23293 23326 I native-activity: Frame 434 time is 15.130ms
04-13 00:44:59.448 23293 23326 I native-activity: Doing egl_swapbuffers_sync 1
04-13 00:44:59.448 23293 23326 D native-activity: Reading pixels format 0x1908 type 0x1401 bpp 4
04-13 00:44:59.516 23293 23326 I native-activity: Read pixels, GL error is 0x0
04-13 00:44:59.516 23293 23326 I native-activity: Swap 434 time is 83.290ms
04-13 00:44:59.516 23293 23326 I native-activity: Animating
04-13 00:44:59.529 23293 23326 I native-activity: Frame 435 GL error is 0x0
04-13 00:44:59.529 23293 23326 I native-activity: Frame 435 time is 12.629ms
04-13 00:44:59.529 23293 23326 I native-activity: Doing egl_swapbuffers_sync 1
04-13 00:44:59.529 23293 23326 D native-activity: Reading pixels format 0x1908 type 0x1401 bpp 4
04-13 00:44:59.597 23293 23326 I native-activity: Read pixels, GL error is 0x0
04-13 00:44:59.597 23293 23326 I native-activity: Swap 435 time is 80.871ms
04-13 00:44:59.597 23293 23326 I native-activity: Animating
04-13 00:44:59.610 23293 23326 I native-activity: Frame 436 GL error is 0x0
04-13 00:44:59.611 23293 23326 I native-activity: Frame 436 time is 13.234ms
04-13 00:44:59.611 23293 23326 I native-activity: Doing egl_swapbuffers_sync 1
04-13 00:44:59.611 23293 23326 D native-activity: Reading pixels format 0x1908 type 0x1401 bpp 4
04-13 00:44:59.679 23293 23326 I native-activity: Read pixels, GL error is 0x0
04-13 00:44:59.679 23293 23326 I native-activity: Swap 436 time is 81.428ms
04-13 00:44:59.679 23293 23326 I native-activity: Animating
04-13 00:44:59.694 23293 23326 I native-activity: Frame 437 GL error is 0x0
04-13 00:44:59.694 23293 23326 I native-activity: Frame 437 time is 15.071ms
04-13 00:44:59.694 23293 23326 I native-activity: Doing egl_swapbuffers_sync 1
04-13 00:44:59.694 23293 23326 D native-activity: Reading pixels format 0x1908 type 0x1401 bpp 4
04-13 00:44:59.754 23293 23326 I native-activity: Read pixels, GL error is 0x0
04-13 00:44:59.754 23293 23326 I native-activity: Swap 437 time is 74.850ms
04-13 00:44:59.754 23293 23326 I native-activity: Animating
04-13 00:44:59.769 23293 23326 I native-activity: Frame 438 GL error is 0x0
04-13 00:44:59.769 23293 23326 I native-activity: Frame 438 time is 14.710ms
04-13 00:44:59.769 23293 23326 I native-activity: Doing egl_swapbuffers_sync 1
04-13 00:44:59.769 23293 23326 D native-activity: Reading pixels format 0x1908 type 0x1401 bpp 4
04-13 00:44:59.825 23293 23326 I native-activity: Read pixels, GL error is 0x0
04-13 00:44:59.825 23293 23326 I native-activity: Swap 438 time is 70.666ms
04-13 00:44:59.825 23293 23326 I native-activity: Animating
04-13 00:44:59.835 23293 23326 I native-activity: Frame 439 GL error is 0x0
04-13 00:44:59.835 23293 23326 I native-activity: Frame 439 time is 10.457ms
04-13 00:44:59.835 23293 23326 I native-activity: Doing egl_swapbuffers_sync 1
04-13 00:44:59.836 23293 23326 D native-activity: Reading pixels format 0x1908 type 0x1401 bpp 4
04-13 00:44:59.891 23293 23326 I native-activity: Read pixels, GL error is 0x0
04-13 00:44:59.891 23293 23326 I native-activity: Swap 439 time is 66.398ms
04-13 00:44:59.892 23293 23326 I native-activity: Animating
04-13 00:44:59.907 23293 23326 I native-activity: Frame 440 GL error is 0x0
04-13 00:44:59.907 23293 23326 I native-activity: Frame 440 time is 15.140ms
04-13 00:44:59.907 23293 23326 I native-activity: Doing egl_swapbuffers_sync 1
04-13 00:44:59.907 23293 23326 D native-activity: Reading pixels format 0x1908 type 0x1401 bpp 4
04-13 00:44:59.983 23293 23326 I native-activity: Read pixels, GL error is 0x0
04-13 00:44:59.983 23293 23326 I native-activity: Swap 440 time is 91.570ms
04-13 00:44:59.983 23293 23326 I native-activity: Animating
04-13 00:44:59.999 23293 23326 I native-activity: Frame 441 GL error is 0x0
04-13 00:44:59.999 23293 23326 I native-activity: Frame 441 time is 15.617ms
04-13 00:44:59.999 23293 23326 I native-activity: Doing egl_swapbuffers_sync 1
04-13 00:44:59.999 23293 23326 D native-activity: Reading pixels format 0x1908 type 0x1401 bpp 4
04-13 00:45:00.002  1787  1787 D KeyguardUpdateMonitor: handleTimeUpdate
04-13 00:45:00.076 23293 23326 I native-activity: Read pixels, GL error is 0x0
04-13 00:45:00.076 23293 23326 I native-activity: Swap 441 time is 92.489ms
04-13 00:45:00.076 23293 23326 I native-activity: Animating
04-13 00:45:00.086 23293 23326 I native-activity: Frame 442 GL error is 0x0
04-13 00:45:00.086 23293 23326 I native-activity: Frame 442 time is 9.610ms
04-13 00:45:00.086 23293 23326 I native-activity: Doing egl_swapbuffers_sync 1
04-13 00:45:00.086 23293 23326 D native-activity: Reading pixels format 0x1908 type 0x1401 bpp 4
04-13 00:45:00.162 23293 23326 I native-activity: Read pixels, GL error is 0x0
04-13 00:45:00.162 23293 23326 I native-activity: Swap 442 time is 85.834ms
04-13 00:45:00.162 23293 23326 I native-activity: Animating
04-13 00:45:00.177 23293 23326 I native-activity: Frame 443 GL error is 0x0
04-13 00:45:00.177 23293 23326 I native-activity: Frame 443 time is 14.941ms
04-13 00:45:00.177 23293 23326 I native-activity: Doing egl_swapbuffers_sync 1
04-13 00:45:00.177 23293 23326 D native-activity: Reading pixels format 0x1908 type 0x1401 bpp 4
04-13 00:45:00.254 23293 23326 I native-activity: Read pixels, GL error is 0x0
04-13 00:45:00.254 23293 23326 I native-activity: Swap 443 time is 91.766ms
04-13 00:45:00.254 23293 23326 I native-activity: Animating
04-13 00:45:00.268 23293 23326 I native-activity: Frame 444 GL error is 0x0
04-13 00:45:00.269 23293 23326 I native-activity: Frame 444 time is 14.447ms
04-13 00:45:00.269 23293 23326 I native-activity: Doing egl_swapbuffers_sync 1
04-13 00:45:00.269 23293 23326 D native-activity: Reading pixels format 0x1908 type 0x1401 bpp 4
04-13 00:45:00.270    82    82 I Kernel  : [45538.944029].(0)[82:mtk charger_hv_]charging_reset_watch_dog_timer
04-13 00:45:00.270    82    82 I Kernel  : [45538.944958].(0)[82:mtk charger_hv_]array_size = 16 
04-13 00:45:00.344 23293 23326 I native-activity: Read pixels, GL error is 0x0
04-13 00:45:00.345 23293 23326 I native-activity: Swap 444 time is 90.417ms
04-13 00:45:00.345 23293 23326 I native-activity: Animating
04-13 00:45:00.359 23293 23326 I native-activity: Frame 445 GL error is 0x0
04-13 00:45:00.359 23293 23326 I native-activity: Frame 445 time is 14.093ms
04-13 00:45:00.359 23293 23326 I native-activity: Doing egl_swapbuffers_sync 1
04-13 00:45:00.359 23293 23326 D native-activity: Reading pixels format 0x1908 type 0x1401 bpp 4
04-13 00:45:00.435 23293 23326 I native-activity: Read pixels, GL error is 0x0
04-13 00:45:00.435 23293 23326 I native-activity: Swap 445 time is 90.632ms
04-13 00:45:00.436 23293 23326 I native-activity: Animating
04-13 00:45:00.450 23293 23326 I native-activity: Frame 446 GL error is 0x0
04-13 00:45:00.450 23293 23326 I native-activity: Frame 446 time is 14.389ms
04-13 00:45:00.450 23293 23326 I native-activity: Doing egl_swapbuffers_sync 1
04-13 00:45:00.450 23293 23326 D native-activity: Reading pixels format 0x1908 type 0x1401 bpp 4
04-13 00:45:00.526 23293 23326 I native-activity: Read pixels, GL error is 0x0
04-13 00:45:00.526 23293 23326 I native-activity: Swap 446 time is 90.338ms
04-13 00:45:00.526 23293 23326 I native-activity: Animating
04-13 00:45:00.540 23293 23326 I native-activity: Frame 447 GL error is 0x0
04-13 00:45:00.540 23293 23326 I native-activity: Frame 447 time is 13.508ms
04-13 00:45:00.540 23293 23326 I native-activity: Doing egl_swapbuffers_sync 1
04-13 00:45:00.540 23293 23326 D native-activity: Reading pixels format 0x1908 type 0x1401 bpp 4
04-13 00:45:00.616 23293 23326 I native-activity: Read pixels, GL error is 0x0
04-13 00:45:00.616 23293 23326 I native-activity: Swap 447 time is 89.682ms
04-13 00:45:00.616 23293 23326 I native-activity: Animating
04-13 00:45:00.632 23293 23326 I native-activity: Frame 448 GL error is 0x0
04-13 00:45:00.632 23293 23326 I native-activity: Frame 448 time is 15.634ms
04-13 00:45:00.632 23293 23326 I native-activity: Doing egl_swapbuffers_sync 1
04-13 00:45:00.632 23293 23326 D native-activity: Reading pixels format 0x1908 type 0x1401 bpp 4
04-13 00:45:00.707 23293 23326 I native-activity: Read pixels, GL error is 0x0
04-13 00:45:00.708 23293 23326 I native-activity: Swap 448 time is 91.516ms
04-13 00:45:00.708 23293 23326 I native-activity: Animating
04-13 00:45:00.724 23293 23326 I native-activity: Frame 449 GL error is 0x0
04-13 00:45:00.724 23293 23326 I native-activity: Frame 449 time is 15.929ms
04-13 00:45:00.724 23293 23326 I native-activity: Doing egl_swapbuffers_sync 1
04-13 00:45:00.724 23293 23326 D native-activity: Reading pixels format 0x1908 type 0x1401 bpp 4
04-13 00:45:00.800 23293 23326 I native-activity: Read pixels, GL error is 0x0
04-13 00:45:00.800 23293 23326 I native-activity: Swap 449 time is 91.865ms
04-13 00:45:00.800 23293 23326 I native-activity: Animating
04-13 00:45:00.814 23293 23326 I native-activity: Frame 450 GL error is 0x0
04-13 00:45:00.814 23293 23326 I native-activity: Frame 450 time is 13.796ms
04-13 00:45:00.814 23293 23326 I native-activity: Doing egl_swapbuffers_sync 1
04-13 00:45:00.814 23293 23326 D native-activity: Reading pixels format 0x1908 type 0x1401 bpp 4
04-13 00:45:00.890 23293 23326 I native-activity: Read pixels, GL error is 0x0
04-13 00:45:00.890 23293 23326 I native-activity: Swap 450 time is 90.454ms
04-13 00:45:00.891 23293 23326 I native-activity: Animating
04-13 00:45:00.904 23293 23326 I native-activity: Frame 451 GL error is 0x0
04-13 00:45:00.904 23293 23326 I native-activity: Frame 451 time is 13.719ms
04-13 00:45:00.904 23293 23326 I native-activity: Doing egl_swapbuffers_sync 1
04-13 00:45:00.904 23293 23326 D native-activity: Reading pixels format 0x1908 type 0x1401 bpp 4
04-13 00:45:00.900     0     0 I Kernel  : [45539.578184]-(0)[0:swapper/0]dpi vsync
04-13 00:45:00.981 23293 23326 I native-activity: Read pixels, GL error is 0x0
04-13 00:45:00.981 23293 23326 I native-activity: Swap 451 time is 90.558ms
04-13 00:45:00.981 23293 23326 I native-activity: Animating
04-13 00:45:00.996 23293 23326 I native-activity: Frame 452 GL error is 0x0
04-13 00:45:00.996 23293 23326 I native-activity: Frame 452 time is 14.240ms
04-13 00:45:00.996 23293 23326 I native-activity: Doing egl_swapbuffers_sync 1
04-13 00:45:00.996 23293 23326 D native-activity: Reading pixels format 0x1908 type 0x1401 bpp 4
04-13 00:45:01.071 23293 23326 I native-activity: Read pixels, GL error is 0x0
04-13 00:45:01.071 23293 23326 I native-activity: Swap 452 time is 90.080ms
04-13 00:45:01.072 23293 23326 I native-activity: Animating
04-13 00:45:01.086 23293 23326 I native-activity: Frame 453 GL error is 0x0
04-13 00:45:01.086 23293 23326 I native-activity: Frame 453 time is 14.305ms
04-13 00:45:01.086 23293 23326 I native-activity: Doing egl_swapbuffers_sync 1
04-13 00:45:01.086 23293 23326 D native-activity: Reading pixels format 0x1908 type 0x1401 bpp 4
04-13 00:45:01.163 23293 23326 I native-activity: Read pixels, GL error is 0x0
04-13 00:45:01.163 23293 23326 I native-activity: Swap 453 time is 91.128ms
04-13 00:45:01.163 23293 23326 I native-activity: Animating
04-13 00:45:01.177 23293 23326 I native-activity: Frame 454 GL error is 0x0
04-13 00:45:01.177 23293 23326 I native-activity: Frame 454 time is 13.787ms
04-13 00:45:01.177 23293 23326 I native-activity: Doing egl_swapbuffers_sync 1
04-13 00:45:01.177 23293 23326 D native-activity: Reading pixels format 0x1908 type 0x1401 bpp 4
04-13 00:45:01.253 23293 23326 I native-activity: Read pixels, GL error is 0x0
04-13 00:45:01.253 23293 23326 I native-activity: Swap 454 time is 89.693ms
04-13 00:45:01.253 23293 23326 I native-activity: Animating
04-13 00:45:01.267 23293 23326 I native-activity: Frame 455 GL error is 0x0
04-13 00:45:01.267 23293 23326 I native-activity: Frame 455 time is 14.468ms
04-13 00:45:01.267 23293 23326 I native-activity: Doing egl_swapbuffers_sync 1
04-13 00:45:01.267 23293 23326 D native-activity: Reading pixels format 0x1908 type 0x1401 bpp 4
04-13 00:45:01.270    82    82 I Kernel  : [45539.945056].(0)[82:mtk charger_hv_]charging_reset_watch_dog_timer
04-13 00:45:01.270    82    82 I Kernel  : [45539.945966].(0)[82:mtk charger_hv_]array_size = 16 
04-13 00:45:01.344 23293 23326 I native-activity: Read pixels, GL error is 0x0
04-13 00:45:01.345 23293 23326 I native-activity: Swap 455 time is 91.593ms
04-13 00:45:01.345 23293 23326 I native-activity: Animating
04-13 00:45:01.359 23293 23326 I native-activity: Frame 456 GL error is 0x0
04-13 00:45:01.359 23293 23326 I native-activity: Frame 456 time is 14.143ms
04-13 00:45:01.359 23293 23326 I native-activity: Doing egl_swapbuffers_sync 1
04-13 00:45:01.359 23293 23326 D native-activity: Reading pixels format 0x1908 type 0x1401 bpp 4
04-13 00:45:01.436 23293 23326 I native-activity: Read pixels, GL error is 0x0
04-13 00:45:01.436 23293 23326 I native-activity: Swap 456 time is 91.343ms
04-13 00:45:01.436 23293 23326 I native-activity: Animating
04-13 00:45:01.450 23293 23326 I native-activity: Frame 457 GL error is 0x0
04-13 00:45:01.450 23293 23326 I native-activity: Frame 457 time is 14.184ms
04-13 00:45:01.450 23293 23326 I native-activity: Doing egl_swapbuffers_sync 1
04-13 00:45:01.451 23293 23326 D native-activity: Reading pixels format 0x1908 type 0x1401 bpp 4
04-13 00:45:01.527 23293 23326 I native-activity: Read pixels, GL error is 0x0
04-13 00:45:01.527 23293 23326 I native-activity: Swap 457 time is 91.082ms
04-13 00:45:01.528 23293 23326 I native-activity: Animating
04-13 00:45:01.542 23293 23326 I native-activity: Frame 458 GL error is 0x0
04-13 00:45:01.542 23293 23326 I native-activity: Frame 458 time is 14.633ms
04-13 00:45:01.542 23293 23326 I native-activity: Doing egl_swapbuffers_sync 1
04-13 00:45:01.542 23293 23326 D native-activity: Reading pixels format 0x1908 type 0x1401 bpp 4
04-13 00:45:01.619 23293 23326 I native-activity: Read pixels, GL error is 0x0
04-13 00:45:01.619 23293 23326 I native-activity: Swap 458 time is 91.579ms
04-13 00:45:01.619 23293 23326 I native-activity: Animating
04-13 00:45:01.633 23293 23326 I native-activity: Frame 459 GL error is 0x0
04-13 00:45:01.634 23293 23326 I native-activity: Frame 459 time is 14.222ms
04-13 00:45:01.634 23293 23326 I native-activity: Doing egl_swapbuffers_sync 1
04-13 00:45:01.634 23293 23326 D native-activity: Reading pixels format 0x1908 type 0x1401 bpp 4
04-13 00:45:01.711 23293 23326 I native-activity: Read pixels, GL error is 0x0
04-13 00:45:01.711 23293 23326 I native-activity: Swap 459 time is 91.347ms
04-13 00:45:01.711 23293 23326 I native-activity: Animating
04-13 00:45:01.726 23293 23326 I native-activity: Frame 460 GL error is 0x0
04-13 00:45:01.726 23293 23326 I native-activity: Frame 460 time is 14.785ms
04-13 00:45:01.726 23293 23326 I native-activity: Doing egl_swapbuffers_sync 1
04-13 00:45:01.726 23293 23326 D native-activity: Reading pixels format 0x1908 type 0x1401 bpp 4
04-13 00:45:01.803 23293 23326 I native-activity: Read pixels, GL error is 0x0
04-13 00:45:01.803 23293 23326 I native-activity: Swap 460 time is 91.938ms
04-13 00:45:01.803 23293 23326 I native-activity: Animating
04-13 00:45:01.817 23293 23326 I native-activity: Frame 461 GL error is 0x0
04-13 00:45:01.817 23293 23326 I native-activity: Frame 461 time is 13.468ms
04-13 00:45:01.817 23293 23326 I native-activity: Doing egl_swapbuffers_sync 1
04-13 00:45:01.817 23293 23326 D native-activity: Reading pixels format 0x1908 type 0x1401 bpp 4
04-13 00:45:01.892 23293 23326 I native-activity: Read pixels, GL error is 0x0
04-13 00:45:01.892 23293 23326 I native-activity: Swap 461 time is 89.127ms
04-13 00:45:01.892 23293 23326 I native-activity: Animating
04-13 00:45:01.927 23293 23326 I native-activity: Frame 462 GL error is 0x501
04-13 00:45:01.927 23293 23326 I native-activity: Frame 462 time is 34.586ms
04-13 00:45:01.927 23293 23326 I native-activity: Doing egl_swapbuffers_sync 1
04-13 00:45:01.927 23293 23326 D native-activity: Reading pixels format 0x1908 type 0x1401 bpp 4
04-13 00:45:01.986 23293 23326 I native-activity: Read pixels, GL error is 0x0
04-13 00:45:01.986 23293 23326 I native-activity: Swap 462 time is 93.793ms
04-13 00:45:01.986 23293 23326 I native-activity: Animating
04-13 00:45:01.970  2159  2159 I Kernel  : [45540.643195].(0)[2159:wpa_supplicant]poorlink get state G(361732)F(49)dbad(0)dretry(0)LT(405)RT(-79)W(0)(12275)
04-13 00:45:01.970  2137  2137 I Kernel  : [45540.643908][wlan] nicTxReleaseResource: (TX STATE)
04-13 00:45:01.970  2137  2137 I Kernel  : Release: TC4 count 1, Free=4; TC5 count 0, Free=4
04-13 00:45:02.003 23293 23326 I native-activity: Frame 463 GL error is 0x0
04-13 00:45:02.003 23293 23326 I native-activity: Frame 463 time is 16.661ms
04-13 00:45:02.003 23293 23326 I native-activity: Doing egl_swapbuffers_sync 1
04-13 00:45:02.003 23293 23326 D native-activity: Reading pixels format 0x1908 type 0x1401 bpp 4
04-13 00:45:02.062 23293 23326 I native-activity: Read pixels, GL error is 0x0
04-13 00:45:02.063 23293 23326 I native-activity: Swap 463 time is 76.043ms
04-13 00:45:02.063 23293 23326 I native-activity: Animating
04-13 00:45:02.071 23293 23326 I native-activity: Frame 464 GL error is 0x0
04-13 00:45:02.071 23293 23326 I native-activity: Frame 464 time is 8.134ms
04-13 00:45:02.071 23293 23326 I native-activity: Doing egl_swapbuffers_sync 1
04-13 00:45:02.071 23293 23326 D native-activity: Reading pixels format 0x1908 type 0x1401 bpp 4
04-13 00:45:02.135 23293 23326 I native-activity: Read pixels, GL error is 0x0
04-13 00:45:02.135 23293 23326 I native-activity: Swap 464 time is 72.067ms
04-13 00:45:02.135 23293 23326 I native-activity: Animating
04-13 00:45:02.145 23293 23326 I native-activity: Frame 465 GL error is 0x0
04-13 00:45:02.145 23293 23326 I native-activity: Frame 465 time is 9.756ms
04-13 00:45:02.145 23293 23326 I native-activity: Doing egl_swapbuffers_sync 1
04-13 00:45:02.145 23293 23326 D native-activity: Reading pixels format 0x1908 type 0x1401 bpp 4
04-13 00:45:02.208 23293 23326 I native-activity: Read pixels, GL error is 0x0
04-13 00:45:02.208 23293 23326 I native-activity: Swap 465 time is 72.925ms
04-13 00:45:02.208 23293 23326 I native-activity: Animating
04-13 00:45:02.222 23293 23326 I native-activity: Frame 466 GL error is 0x0
04-13 00:45:02.222 23293 23326 I native-activity: Frame 466 time is 14.251ms
04-13 00:45:02.222 23293 23326 I native-activity: Doing egl_swapbuffers_sync 1
04-13 00:45:02.223 23293 23326 D native-activity: Reading pixels format 0x1908 type 0x1401 bpp 4
04-13 00:45:02.270    82    82 I Kernel  : [45540.946066].(0)[82:mtk charger_hv_]charging_reset_watch_dog_timer
04-13 00:45:02.270    82    82 I Kernel  : [45540.946969].(0)[82:mtk charger_hv_]array_size = 16 
04-13 00:45:02.285 23293 23326 I native-activity: Read pixels, GL error is 0x0
04-13 00:45:02.286 23293 23326 I native-activity: Swap 466 time is 77.445ms
04-13 00:45:02.286 23293 23326 I native-activity: Animating
04-13 00:45:02.300 23293 23326 I native-activity: Frame 467 GL error is 0x0
04-13 00:45:02.300 23293 23326 I native-activity: Frame 467 time is 14.494ms
04-13 00:45:02.300 23293 23326 I native-activity: Doing egl_swapbuffers_sync 1
04-13 00:45:02.300 23293 23326 D native-activity: Reading pixels format 0x1908 type 0x1401 bpp 4
04-13 00:45:02.363 23293 23326 I native-activity: Read pixels, GL error is 0x0
04-13 00:45:02.363 23293 23326 I native-activity: Swap 467 time is 77.095ms
04-13 00:45:02.363 23293 23326 I native-activity: Animating
04-13 00:45:02.382 23293 23326 I native-activity: Frame 468 GL error is 0x0
04-13 00:45:02.382 23293 23326 I native-activity: Frame 468 time is 18.765ms
04-13 00:45:02.382 23293 23326 I native-activity: Doing egl_swapbuffers_sync 1
04-13 00:45:02.382 23293 23326 D native-activity: Reading pixels format 0x1908 type 0x1401 bpp 4
04-13 00:45:02.445 23293 23326 I native-activity: Read pixels, GL error is 0x0
04-13 00:45:02.445 23293 23326 I native-activity: Swap 468 time is 82.053ms
04-13 00:45:02.445 23293 23326 I native-activity: Animating
04-13 00:45:02.478 23293 23326 I native-activity: Frame 469 GL error is 0x501
04-13 00:45:02.478 23293 23326 I native-activity: Frame 469 time is 32.991ms
04-13 00:45:02.478 23293 23326 I native-activity: Doing egl_swapbuffers_sync 1
04-13 00:45:02.478 23293 23326 D native-activity: Reading pixels format 0x1908 type 0x1401 bpp 4
04-13 00:45:02.542 23293 23326 I native-activity: Read pixels, GL error is 0x0
04-13 00:45:02.542 23293 23326 I native-activity: Swap 469 time is 97.011ms
04-13 00:45:02.543 23293 23326 I native-activity: Animating
04-13 00:45:02.558 23293 23326 I native-activity: Frame 470 GL error is 0x0
04-13 00:45:02.558 23293 23326 I native-activity: Frame 470 time is 15.686ms
04-13 00:45:02.558 23293 23326 I native-activity: Doing egl_swapbuffers_sync 1
04-13 00:45:02.558 23293 23326 D native-activity: Reading pixels format 0x1908 type 0x1401 bpp 4
04-13 00:45:02.623 23293 23326 I native-activity: Read pixels, GL error is 0x0
04-13 00:45:02.623 23293 23326 I native-activity: Swap 470 time is 80.286ms
04-13 00:45:02.623 23293 23326 I native-activity: Animating
04-13 00:45:02.638 23293 23326 I native-activity: Frame 471 GL error is 0x0
04-13 00:45:02.638 23293 23326 I native-activity: Frame 471 time is 14.983ms
04-13 00:45:02.638 23293 23326 I native-activity: Doing egl_swapbuffers_sync 1
04-13 00:45:02.638 23293 23326 D native-activity: Reading pixels format 0x1908 type 0x1401 bpp 4
04-13 00:45:02.700 23293 23326 I native-activity: Read pixels, GL error is 0x0
04-13 00:45:02.700 23293 23326 I native-activity: Swap 471 time is 76.598ms
