04-13 00:40:28.590     0     0 I Kernel  : [45267.267168]-(0)[0:swapper/0]dpi vsync
04-13 00:40:28.615 22207 22228 I native-activity: Swap 307 time is 16.240ms
04-13 00:40:28.615 22207 22228 I native-activity: Animating
04-13 00:40:28.628 22207 22228 I native-activity: Frame 308 GL error is 0x0
04-13 00:40:28.628 22207 22228 I native-activity: Frame 308 time is 12.250ms
04-13 00:40:28.628 22207 22228 I native-activity: Doing egl_swapbuffers_sync 2
04-13 00:40:28.632 22207 22228 I native-activity: Swap 308 time is 16.113ms
04-13 00:40:28.632 22207 22228 I native-activity: Animating
04-13 00:40:28.647 22207 22228 I native-activity: Frame 309 GL error is 0x0
04-13 00:40:28.648 22207 22228 I native-activity: Frame 309 time is 15.863ms
04-13 00:40:28.648 22207 22228 I native-activity: Doing egl_swapbuffers_sync 2
04-13 00:40:28.648 22207 22228 I native-activity: Swap 309 time is 16.465ms
04-13 00:40:28.649 22207 22228 I native-activity: Animating
04-13 00:40:28.663 22207 22228 I native-activity: Frame 310 GL error is 0x0
04-13 00:40:28.664 22207 22228 I native-activity: Frame 310 time is 14.927ms
04-13 00:40:28.664 22207 22228 I native-activity: Doing egl_swapbuffers_sync 2
04-13 00:40:28.664 22207 22228 I native-activity: Swap 310 time is 15.732ms
04-13 00:40:28.665 22207 22228 I native-activity: Animating
04-13 00:40:28.772 22207 22228 I native-activity: Frame 311 GL error is 0x501
04-13 00:40:28.772 22207 22228 I native-activity: Frame 311 time is 107.358ms
04-13 00:40:28.772 22207 22228 I native-activity: Doing egl_swapbuffers_sync 2
04-13 00:40:28.772 22207 22228 I native-activity: Swap 311 time is 107.752ms
04-13 00:40:28.772 22207 22228 I native-activity: Animating
04-13 00:40:28.784 22207 22228 I native-activity: Frame 312 GL error is 0x0
04-13 00:40:28.784 22207 22228 I native-activity: Frame 312 time is 11.394ms
04-13 00:40:28.784 22207 22228 I native-activity: Doing egl_swapbuffers_sync 2
04-13 00:40:28.784 22207 22228 I native-activity: Swap 312 time is 11.691ms
04-13 00:40:28.784 22207 22228 I native-activity: Animating
04-13 00:40:28.794 22207 22228 I native-activity: Frame 313 GL error is 0x0
04-13 00:40:28.794 22207 22228 I native-activity: Frame 313 time is 9.731ms
04-13 00:40:28.794 22207 22228 I native-activity: Doing egl_swapbuffers_sync 2
04-13 00:40:28.794 22207 22228 I native-activity: Swap 313 time is 10.067ms
04-13 00:40:28.794 22207 22228 I native-activity: Animating
04-13 00:40:28.802 22207 22228 I native-activity: Frame 314 GL error is 0x0
04-13 00:40:28.802 22207 22228 I native-activity: Frame 314 time is 7.797ms
04-13 00:40:28.802 22207 22228 I native-activity: Doing egl_swapbuffers_sync 2
04-13 00:40:28.804 22207 22228 I native-activity: Swap 314 time is 9.394ms
04-13 00:40:28.804 22207 22228 I native-activity: Animating
04-13 00:40:28.823 22207 22228 I native-activity: Frame 315 GL error is 0x501
04-13 00:40:28.824 22207 22228 I native-activity: Frame 315 time is 19.436ms
04-13 00:40:28.824 22207 22228 I native-activity: Doing egl_swapbuffers_sync 2
04-13 00:40:28.824 22207 22228 I native-activity: Swap 315 time is 19.794ms
04-13 00:40:28.824 22207 22228 I native-activity: Animating
04-13 00:40:28.830 22207 22228 I native-activity: Frame 316 GL error is 0x0
04-13 00:40:28.830 22207 22228 I native-activity: Frame 316 time is 5.920ms
04-13 00:40:28.830 22207 22228 I native-activity: Doing egl_swapbuffers_sync 2
04-13 00:40:28.836 22207 22228 I native-activity: Swap 316 time is 11.938ms
04-13 00:40:28.836 22207 22228 I native-activity: Animating
04-13 00:40:28.844 22207 22228 I native-activity: Frame 317 GL error is 0x0
04-13 00:40:28.844 22207 22228 I native-activity: Frame 317 time is 7.458ms
04-13 00:40:28.844 22207 22228 I native-activity: Doing egl_swapbuffers_sync 2
04-13 00:40:28.853 22207 22228 I native-activity: Swap 317 time is 16.480ms
04-13 00:40:28.853 22207 22228 I native-activity: Animating
04-13 00:40:28.859 22207 22228 I native-activity: Frame 318 GL error is 0x0
04-13 00:40:28.860 22207 22228 I native-activity: Frame 318 time is 6.598ms
04-13 00:40:28.860 22207 22228 I native-activity: Doing egl_swapbuffers_sync 2
04-13 00:40:28.869 22207 22228 I native-activity: Swap 318 time is 16.413ms
04-13 00:40:28.869 22207 22228 I native-activity: Animating
04-13 00:40:28.876 22207 22228 I native-activity: Frame 319 GL error is 0x0
04-13 00:40:28.876 22207 22228 I native-activity: Frame 319 time is 6.508ms
04-13 00:40:28.876 22207 22228 I native-activity: Doing egl_swapbuffers_sync 2
04-13 00:40:28.883 20692 20755 I AmazonCMS: CMS is no longer being used, shutting down...
04-13 00:40:28.887 22207 22228 I native-activity: Swap 319 time is 17.609ms
04-13 00:40:28.887 22207 22228 I native-activity: Animating
04-13 00:40:28.893 20692 20755 D AmazonCMS: Reconciler closing
04-13 00:40:28.895 22207 22228 I native-activity: Frame 320 GL error is 0x0
04-13 00:40:28.895 22207 22228 I native-activity: Frame 320 time is 7.018ms
04-13 00:40:28.895 22207 22228 I native-activity: Doing egl_swapbuffers_sync 2
04-13 00:40:28.904 22207 22228 I native-activity: Swap 320 time is 15.959ms
04-13 00:40:28.904 22207 22228 I native-activity: Animating
04-13 00:40:28.910 22207 22228 I native-activity: Frame 321 GL error is 0x0
04-13 00:40:28.910 22207 22228 I native-activity: Frame 321 time is 6.573ms
04-13 00:40:28.910 22207 22228 I native-activity: Doing egl_swapbuffers_sync 2
04-13 00:40:28.900    82    82 I Kernel  : [45267.573783].(1)[82:mtk charger_hv_]charging_reset_watch_dog_timer
04-13 00:40:28.900    82    82 I Kernel  : [45267.574652].(0)[82:mtk charger_hv_]array_size = 16 
04-13 00:40:28.920 22207 22228 I native-activity: Swap 321 time is 16.513ms
04-13 00:40:28.920 22207 22228 I native-activity: Animating
04-13 00:40:28.927 22207 22228 I native-activity: Frame 322 GL error is 0x0
04-13 00:40:28.927 22207 22228 I native-activity: Frame 322 time is 6.516ms
04-13 00:40:28.927 22207 22228 I native-activity: Doing egl_swapbuffers_sync 2
04-13 00:40:28.937 22207 22228 I native-activity: Swap 322 time is 16.744ms
04-13 00:40:28.937 22207 22228 I native-activity: Animating
04-13 00:40:28.944 22207 22228 I native-activity: Frame 323 GL error is 0x0
04-13 00:40:28.944 22207 22228 I native-activity: Frame 323 time is 6.636ms
04-13 00:40:28.944 22207 22228 I native-activity: Doing egl_swapbuffers_sync 2
04-13 00:40:28.954 22207 22228 I native-activity: Swap 323 time is 16.655ms
04-13 00:40:28.954 22207 22228 I native-activity: Animating
04-13 00:40:28.961 22207 22228 I native-activity: Frame 324 GL error is 0x0
04-13 00:40:28.961 22207 22228 I native-activity: Frame 324 time is 6.620ms
04-13 00:40:28.961 22207 22228 I native-activity: Doing egl_swapbuffers_sync 2
04-13 00:40:28.971 22207 22228 I native-activity: Swap 324 time is 16.641ms
04-13 00:40:28.971 22207 22228 I native-activity: Animating
04-13 00:40:28.978 22207 22228 I native-activity: Frame 325 GL error is 0x0
04-13 00:40:28.978 22207 22228 I native-activity: Frame 325 time is 7.256ms
04-13 00:40:28.978 22207 22228 I native-activity: Doing egl_swapbuffers_sync 2
04-13 00:40:28.988 22207 22228 I native-activity: Swap 325 time is 16.651ms
04-13 00:40:28.988 22207 22228 I native-activity: Animating
04-13 00:40:28.995 22207 22228 I native-activity: Frame 326 GL error is 0x0
04-13 00:40:28.995 22207 22228 I native-activity: Frame 326 time is 7.294ms
04-13 00:40:28.995 22207 22228 I native-activity: Doing egl_swapbuffers_sync 2
04-13 00:40:29.004 22207 22228 I native-activity: Swap 326 time is 16.596ms
04-13 00:40:29.005 22207 22228 I native-activity: Animating
04-13 00:40:29.012 22207 22228 I native-activity: Frame 327 GL error is 0x0
04-13 00:40:29.012 22207 22228 I native-activity: Frame 327 time is 7.520ms
04-13 00:40:29.012 22207 22228 I native-activity: Doing egl_swapbuffers_sync 2
04-13 00:40:29.021 22207 22228 I native-activity: Swap 327 time is 16.758ms
04-13 00:40:29.021 22207 22228 I native-activity: Animating
04-13 00:40:29.029 22207 22228 I native-activity: Frame 328 GL error is 0x0
04-13 00:40:29.029 22207 22228 I native-activity: Frame 328 time is 7.213ms
04-13 00:40:29.029 22207 22228 I native-activity: Doing egl_swapbuffers_sync 2
04-13 00:40:29.038 22207 22228 I native-activity: Swap 328 time is 16.541ms
04-13 00:40:29.038 22207 22228 I native-activity: Animating
04-13 00:40:29.045 22207 22228 I native-activity: Frame 329 GL error is 0x0
04-13 00:40:29.045 22207 22228 I native-activity: Frame 329 time is 7.221ms
04-13 00:40:29.045 22207 22228 I native-activity: Doing egl_swapbuffers_sync 2
04-13 00:40:29.030    81    81 I Kernel  : [45267.703620].(0)[81:bat_thread_kthr][BAT_thread]Cable in, CHR_Type_num=2
04-13 00:40:29.054 22207 22228 I native-activity: Swap 329 time is 16.298ms
04-13 00:40:29.055 22207 22228 I native-activity: Animating
04-13 00:40:29.040    81    81 I Kernel  : [45267.714587].(0)[81:bat_thread_kthr]AvgVbat=(4203),bat_vol=(4204),AvgI=(0),I=(0),VChr=(4569),AvgT=(24),T=(25),pre_SOC=(100),SOC=(100),ZCV=(4045)
04-13 00:40:29.040    81    81 I Kernel  : [45267.714657].(0)[81:bat_thread_kthr][BATTERY] support JEITA, temperature=24
04-13 00:40:29.040    81    81 I Kernel  : [45267.714672][BATTERY] Battery Normal Temperature between 10 and 45 !!
04-13 00:40:29.040    81    81 I Kernel  : [45267.714692].(0)[81:bat_thread_kthr]array_size = 51 
04-13 00:40:29.040    81    81 I Kernel  : [45267.715548].(0)[81:bat_thread_kthr]charging_reset_watch_dog_timer
04-13 00:40:29.062 22207 22228 I native-activity: Frame 330 GL error is 0x0
04-13 00:40:29.062 22207 22228 I native-activity: Frame 330 time is 7.658ms
04-13 00:40:29.062 22207 22228 I native-activity: Doing egl_swapbuffers_sync 2
04-13 00:40:29.050    81    81 I Kernel  : [45267.730328].(0)[81:bat_thread_kthr][BATTERY] Default CC mode charging : 150000, input current = 150000
04-13 00:40:29.050    81    81 I Kernel  : [45267.730359].(0)[81:bat_thread_kthr]array_size = 8 
04-13 00:40:29.072 22207 22228 I native-activity: Swap 330 time is 16.948ms
04-13 00:40:29.072 22207 22228 I native-activity: Animating
04-13 00:40:29.060    81    81 I Kernel  : [45267.733575].(0)[81:bat_thread_kthr]array_size = 28 
04-13 00:40:29.060    81    81 I Kernel  : [45267.740541].(0)[81:bat_thread_kthr]charging_dump_register
04-13 00:40:29.060    81    81 I Kernel  : [45267.741078].(0)[81:bat_thread_kthr][bq24296_dump_register] Reg[0x0]=0x45
04-13 00:40:29.070    81    81 I Kernel  : [45267.741640].(0)[81:bat_thread_kthr][bq24296_dump_register] Reg[0x1]=0x1B
04-13 00:40:29.070    81    81 I Kernel  : [45267.742198].(2)[81:bat_thread_kthr][bq24296_dump_register] Reg[0x2]=0x3C
04-13 00:40:29.070    81    81 I Kernel  : [45267.743753].(0)[81:bat_thread_kthr][bq24296_dump_register] Reg[0x3]=0x30
04-13 00:40:29.082 22207 22228 I native-activity: Frame 331 GL error is 0x0
04-13 00:40:29.082 22207 22228 I native-activity: Frame 331 time is 10.464ms
04-13 00:40:29.082 22207 22228 I native-activity: Doing egl_swapbuffers_sync 2
04-13 00:40:29.070    81    81 I Kernel  : [45267.744281].(0)[81:bat_thread_kthr][bq24296_dump_register] Reg[0x4]=0xB2
04-13 00:40:29.070    81    81 I Kernel  : [45267.744796].(0)[81:bat_thread_kthr][bq24296_dump_register] Reg[0x5]=0x94
04-13 00:40:29.070    81    81 I Kernel  : [45267.745384].(0)[81:bat_thread_kthr][bq24296_dump_register] Reg[0x6]=0x73
04-13 00:40:29.070    81    81 I Kernel  : [45267.745893].(0)[81:bat_thread_kthr][bq24296_dump_register] Reg[0x7]=0x48
04-13 00:40:29.070    81    81 I Kernel  : [45267.746410].(0)[81:bat_thread_kthr][bq24296_dump_register] Reg[0x8]=0x64
04-13 00:40:29.070    81    81 I Kernel  : [45267.746925].(0)[81:bat_thread_kthr][bq24296_dump_register] Reg[0x9]=0x0
04-13 00:40:29.070    81    81 I Kernel  : [45267.747427].(0)[81:bat_thread_kthr][bq24296_dump_register] Reg[0xA]=0x20
04-13 00:40:29.070    81    81 I Kernel  : [45267.748415].(0)[81:bat_thread_kthr][100percent],UI_SOC = 99
04-13 00:40:29.070    81    81 I Kernel  : [45267.748434].(0)[81:bat_thread_kthr]UI_SOC=(100), resetBatteryMeter=(0)
04-13 00:40:29.070    81    81 I Kernel  : [45267.748667].(0)[81:bat_thread_kthr][mt_kpoc_power_off_check] , chr_vol=4569, boot_mode=0
04-13 00:40:29.087   143   315 I hwcomposer: [DPY] UEventThread::threadLoop recv change@/devices/platform/battery/power_supply/battery
04-13 00:40:29.070   139   139 I Kernel  : [45267.749927].(1)[139:healthd]healthd: battery l=100 v=4203 t=24.0 h=2 st=5 chg=u
04-13 00:40:29.090 22207 22228 I native-activity: Swap 331 time is 17.767ms
04-13 00:40:29.090 22207 22228 I native-activity: Animating
04-13 00:40:29.097 22207 22228 I native-activity: Frame 332 GL error is 0x0
04-13 00:40:29.097 22207 22228 I native-activity: Frame 332 time is 7.309ms
04-13 00:40:29.097 22207 22228 I native-activity: Doing egl_swapbuffers_sync 2
04-13 00:40:29.105 22207 22228 I native-activity: Swap 332 time is 15.310ms
04-13 00:40:29.105 22207 22228 I native-activity: Animating
04-13 00:40:29.113 22207 22228 I native-activity: Frame 333 GL error is 0x0
04-13 00:40:29.113 22207 22228 I native-activity: Frame 333 time is 7.827ms
04-13 00:40:29.113 22207 22228 I native-activity: Doing egl_swapbuffers_sync 2
04-13 00:40:29.122 22207 22228 I native-activity: Swap 333 time is 16.722ms
04-13 00:40:29.122 22207 22228 I native-activity: Animating
04-13 00:40:29.132 22207 22228 I native-activity: Frame 334 GL error is 0x0
04-13 00:40:29.132 22207 22228 I native-activity: Frame 334 time is 9.539ms
04-13 00:40:29.132 22207 22228 I native-activity: Doing egl_swapbuffers_sync 2
04-13 00:40:29.139 22207 22228 I native-activity: Swap 334 time is 16.431ms
04-13 00:40:29.139 22207 22228 I native-activity: Animating
04-13 00:40:29.147 22207 22228 I native-activity: Frame 335 GL error is 0x0
04-13 00:40:29.147 22207 22228 I native-activity: Frame 335 time is 7.948ms
04-13 00:40:29.147 22207 22228 I native-activity: Doing egl_swapbuffers_sync 2
04-13 00:40:29.155 22207 22228 I native-activity: Swap 335 time is 16.363ms
04-13 00:40:29.155 22207 22228 I native-activity: Animating
04-13 00:40:29.163 22207 22228 I native-activity: Frame 336 GL error is 0x0
04-13 00:40:29.163 22207 22228 I native-activity: Frame 336 time is 7.700ms
04-13 00:40:29.163 22207 22228 I native-activity: Doing egl_swapbuffers_sync 2
04-13 00:40:29.172 22207 22228 I native-activity: Swap 336 time is 16.544ms
04-13 00:40:29.172 22207 22228 I native-activity: Animating
04-13 00:40:29.179 22207 22228 I native-activity: Frame 337 GL error is 0x0
04-13 00:40:29.179 22207 22228 I native-activity: Frame 337 time is 7.086ms
04-13 00:40:29.179 22207 22228 I native-activity: Doing egl_swapbuffers_sync 2
04-13 00:40:29.189 22207 22228 I native-activity: Swap 337 time is 16.557ms
04-13 00:40:29.189 22207 22228 I native-activity: Animating
04-13 00:40:29.196 22207 22228 I native-activity: Frame 338 GL error is 0x0
04-13 00:40:29.196 22207 22228 I native-activity: Frame 338 time is 7.451ms
04-13 00:40:29.196 22207 22228 I native-activity: Doing egl_swapbuffers_sync 2
04-13 00:40:29.206 22207 22228 I native-activity: Swap 338 time is 16.770ms
04-13 00:40:29.206 22207 22228 I native-activity: Animating
04-13 00:40:29.210   917  2201 I PackageRecencyUtils: Waiting for idle
04-13 00:40:29.211   917  2201 I Vlog    : package_recency:broadcast_notification:fgtracking=false;DV;1,key=time_in_queue;DV;1,Timer=5001.0;TI;1,unit=ms;DV;1:HI
04-13 00:40:29.216   917  2175 D ActivityManager: single user service: com.amazon.kindle.cms
04-13 00:40:29.217 22207 22228 I native-activity: Frame 339 GL error is 0x0
04-13 00:40:29.217 22207 22228 I native-activity: Frame 339 time is 10.754ms
04-13 00:40:29.217 22207 22228 I native-activity: Doing egl_swapbuffers_sync 2
04-13 00:40:29.222   917  2175 D ActivityManager: app = com.amazon.kindle.cms, has single user service, setting process record.
04-13 00:40:29.223 22207 22228 I native-activity: Swap 339 time is 17.518ms
04-13 00:40:29.224 22207 22228 I native-activity: Animating
04-13 00:40:29.237 22207 22228 I native-activity: Frame 340 GL error is 0x0
04-13 00:40:29.237 22207 22228 I native-activity: Frame 340 time is 13.176ms
04-13 00:40:29.237 22207 22228 I native-activity: Doing egl_swapbuffers_sync 2
04-13 00:40:29.239 20692 20755 D AmazonCMS: MaintenanceService.onStartCommand
04-13 00:40:29.240 20692 20755 D AmazonCMS: CMS activity level changed, active: true
04-13 00:40:29.241 22207 22228 I native-activity: Swap 340 time is 17.107ms
04-13 00:40:29.241 22207 22228 I native-activity: Animating
04-13 00:40:29.241 20692 20755 D AmazonCMS: Received intent: 'com.amazon.action.PACKAGE_RECENCY_NOTIFICATION'
04-13 00:40:29.242 20692 20755 D AmazonCMS: Reconciler created
04-13 00:40:29.250 22207 22228 I native-activity: Frame 341 GL error is 0x0
04-13 00:40:29.250 22207 22228 I native-activity: Frame 341 time is 8.646ms
04-13 00:40:29.250 22207 22228 I native-activity: Doing egl_swapbuffers_sync 2
04-13 00:40:29.251 20692 20755 E AmazonCMS: IO Exception while parsing xml
04-13 00:40:29.254 20692 20755 D AmazonCMS: Cards are enabled, initializing card producer
04-13 00:40:29.258 22207 22228 I native-activity: Swap 341 time is 16.827ms
04-13 00:40:29.258 22207 22228 I native-activity: Animating
04-13 00:40:29.265 22207 22228 I native-activity: Frame 342 GL error is 0x0
04-13 00:40:29.266 22207 22228 I native-activity: Frame 342 time is 7.546ms
04-13 00:40:29.266 22207 22228 I native-activity: Doing egl_swapbuffers_sync 2
04-13 00:40:29.271 20692 20755 D AmazonCMS: CMS activity level changed, active: false
04-13 00:40:29.275 22207 22228 I native-activity: Swap 342 time is 17.356ms
04-13 00:40:29.276 22207 22228 I native-activity: Animating
04-13 00:40:29.284 22207 22228 I native-activity: Frame 343 GL error is 0x0
04-13 00:40:29.284 22207 22228 I native-activity: Frame 343 time is 8.629ms
04-13 00:40:29.284 22207 22228 I native-activity: Doing egl_swapbuffers_sync 2
04-13 00:40:29.270  2137  2137 I Kernel  : [45267.941777][wlan] roamingFsmRunEventDiscovery: (ROAMING EVENT)
04-13 00:40:29.288 20692 20755 D AmazonCMS: SourcesManager: registering source 'com.amazon.kindle.cms.collection_manager' for user '*****' in profile '0'
04-13 00:40:29.270  2137  2137 I Kernel  : EVENT-ROAMING DISCOVERY: Current Time = 44968030
04-13 00:40:29.270  2137  2137 I Kernel  : [45267.941856][wlan] roamingFsmSteps: (ROAMING STATE)
04-13 00:40:29.270  2137  2137 I Kernel  : [27] TRANSITION: [1] -> [2]
04-13 00:40:29.270  2137  2137 I Kernel  : [45267.941883][wlan] aisFsmSteps: (AIS STATE)
04-13 00:40:29.270  2137  2137 I Kernel  : [13] TRANSITION: [10] -> [4]
04-13 00:40:29.270  2137  2137 I Kernel  : [45267.941950][wlan] aisFsmSteps: (AIS INFO)
04-13 00:40:29.270  2137  2137 I Kernel  : SendSR37
04-13 00:40:29.270  2137  2137 I Kernel  : [45267.942224][wlan] scnFsmSteps: (SCN STATE)
04-13 00:40:29.270  2137  2137 I Kernel  : [19] TRANSITION: [0] -> [1]
04-13 00:40:29.270  2137  2137 I Kernel  : [45267.943043][wlan] nicTxReleaseResource: (TX STATE)
04-13 00:40:29.270  2137  2137 I Kernel  : Release: TC4 count 1, Free=4; TC5 count 0, Free=4
04-13 00:40:29.294 22207 22228 I native-activity: Swap 343 time is 18.537ms
04-13 00:40:29.295 22207 22228 I native-activity: Animating
04-13 00:40:29.297 20692 20755 D AmazonCMS: SourcesManager: registering source 'com.amazon.kindle.cms.app_manager' for user '*****' in profile '0'
04-13 00:40:29.298 20692 20755 D AmazonCMS: notified to profile 0 with com.amazon.kindle.cms.STARTUP, Bundle[{profile_id=0, version=2.1.0.10}]
04-13 00:40:29.313 22207 22228 I native-activity: Frame 344 GL error is 0x0
04-13 00:40:29.313 22207 22228 I native-activity: Frame 344 time is 18.215ms
04-13 00:40:29.313 22207 22228 I native-activity: Doing egl_swapbuffers_sync 2
04-13 00:40:29.313 22207 22228 I native-activity: Swap 344 time is 18.703ms
04-13 00:40:29.313 22207 22228 I native-activity: Animating
04-13 00:40:29.319 20692 20755 D AmazonCMS: CollectionSyncManager: user ***** is not connected for DELTA_SYNC sync. Disconnecting and reconnecting.
04-13 00:40:29.323 20692 20755 V AmazonCMS: SyncClient - Client is not connected; unable to disconnect.
04-13 00:40:29.324 20692 20755 D AmazonCMS: SyncClient - Connecting as user *****
04-13 00:40:29.325 22207 22228 I native-activity: Frame 345 GL error is 0x0
04-13 00:40:29.325 22207 22228 I native-activity: Frame 345 time is 11.942ms
04-13 00:40:29.325 22207 22228 I native-activity: Doing egl_swapbuffers_sync 2
04-13 00:40:29.328 22207 22228 I native-activity: Swap 345 time is 14.714ms
04-13 00:40:29.328 22207 22228 I native-activity: Animating
04-13 00:40:29.332 20692 20755 V AmazonCMS: SubscriptionManager - Subscribing to dataset [*****] in namespace [*****]
04-13 00:40:29.336 22207 22228 I native-activity: Frame 346 GL error is 0x0
04-13 00:40:29.336 22207 22228 I native-activity: Frame 346 time is 7.563ms
04-13 00:40:29.336 22207 22228 I native-activity: Doing egl_swapbuffers_sync 2
04-13 00:40:29.338 20692 20755 V AmazonCMS: Subscribing to namespace: [*****]
04-13 00:40:29.346 22207 22228 I native-activity: Swap 346 time is 17.479ms
04-13 00:40:29.346 20692 20755 V AmazonCMS: Subscribing to namespace: [*****]
04-13 00:40:29.346 22207 22228 I native-activity: Animating
04-13 00:40:29.354 22207 22228 I native-activity: Frame 347 GL error is 0x0
04-13 00:40:29.354 22207 22228 I native-activity: Frame 347 time is 7.882ms
04-13 00:40:29.354 22207 22228 I native-activity: Doing egl_swapbuffers_sync 2
04-13 00:40:29.364 22207 22228 I native-activity: Swap 347 time is 17.607ms
04-13 00:40:29.364 22207 22228 I native-activity: Animating
04-13 00:40:29.373 22207 22228 I native-activity: Frame 348 GL error is 0x0
04-13 00:40:29.373 22207 22228 I native-activity: Frame 348 time is 9.165ms
04-13 00:40:29.373 22207 22228 I native-activity: Doing egl_swapbuffers_sync 2
04-13 00:40:29.382 22207 22228 I native-activity: Swap 348 time is 17.572ms
04-13 00:40:29.382 22207 22228 I native-activity: Animating
04-13 00:40:29.391 22207 22228 I native-activity: Frame 349 GL error is 0x0
04-13 00:40:29.391 22207 22228 I native-activity: Frame 349 time is 8.844ms
04-13 00:40:29.391 22207 22228 I native-activity: Doing egl_swapbuffers_sync 2
04-13 00:40:29.396 20692 21002 I DCP     : Sending 0 dataset update for 'CloudCollections' namespace
04-13 00:40:29.400 22207 22228 I native-activity: Swap 349 time is 17.811ms
04-13 00:40:29.400 22207 22228 I native-activity: Animating
04-13 00:40:29.408 22207 22228 I native-activity: Frame 350 GL error is 0x0
04-13 00:40:29.408 22207 22228 I native-activity: Frame 350 time is 8.122ms
04-13 00:40:29.408 22207 22228 I native-activity: Doing egl_swapbuffers_sync 2
04-13 00:40:29.400  2137  2137 I Kernel  : [45268.073991][wlan] nicTxReleaseResource: (TX STATE)
04-13 00:40:29.400  2137  2137 I Kernel  : Release: TC4 count 1, Free=4; TC5 count 0, Free=4
04-13 00:40:29.417 22207 22228 I native-activity: Swap 350 time is 17.299ms
04-13 00:40:29.418 22207 22228 I native-activity: Animating
04-13 00:40:29.426 22207 22228 I native-activity: Frame 351 GL error is 0x0
04-13 00:40:29.426 22207 22228 I native-activity: Frame 351 time is 8.727ms
04-13 00:40:29.426 22207 22228 I native-activity: Doing egl_swapbuffers_sync 2
04-13 00:40:29.435 22207 22228 I native-activity: Swap 351 time is 17.375ms
04-13 00:40:29.435 22207 22228 I native-activity: Animating
04-13 00:40:29.420  2137  2137 I Kernel  : [45268.093550][wlan] nicTxReleaseResource: (TX STATE)
04-13 00:40:29.420  2137  2137 I Kernel  : Release: TC4 count 1, Free=4; TC5 count 0, Free=4
04-13 00:40:29.444 22207 22228 I native-activity: Frame 352 GL error is 0x0
04-13 00:40:29.444 22207 22228 I native-activity: Frame 352 time is 8.706ms
04-13 00:40:29.444 22207 22228 I native-activity: Doing egl_swapbuffers_sync 2
04-13 00:40:29.440 21409 21409 I Kernel  : [45268.111731].(0)[21409:kworker/0:1H]regs_hotplug_callback cpu = 3
04-13 00:40:29.440 21409 21409 I Kernel  : [45268.111834].(0)[21409:kworker/0:1H]Boot slave CPU
04-13 00:40:29.440 21409 21409 I Kernel  : [45268.111848].(0)[21409:kworker/0:1H][Power/hotplug] boot_secondary, cpu: 3
04-13 00:40:29.440 21409 21409 I Kernel  : [45268.111885].(0)[21409:kworker/0:1H][Power/hotplug] SLAVE3_MAGIC_NUM:41534c33
04-13 00:40:29.440 21409 21409 I Kernel  : [45268.111898].(0)[21409:kworker/0:1H]mt_wakeup_cpu: not first boot!(3)
04-13 00:40:29.440     0     0 I Kernel  : [45268.112168]-(3)[0:swapper/3]CPU3: Booted secondary processor
04-13 00:40:29.440     0     0 I Kernel  : [45268.112194]-(3)[0:swapper/3][Power/hotplug] platform_secondary_init, cpu: 3
04-13 00:40:29.440     0     0 I Kernel  : [45268.112342]-(3)[0:swapper/3]WD wd_cpu_hot_plug_on_notify kick ext wd
04-13 00:40:29.440     0     0 I Kernel  : [45268.112391]-(3)[0:swapper/3]regs_hotplug_callback cpu = 3
04-13 00:40:29.440 21409 21409 I Kernel  : [45268.112874].(0)[21409:kworker/0:1H]regs_hotplug_callback cpu = 3
04-13 00:40:29.440 21409 21409 I Kernel  : [45268.113027].(0)[21409:kworker/0:1H][wdk]bind kicker thread[88] to cpu[3]
04-13 00:40:29.440 21409 21409 I Kernel  : [45268.113200].(0)[21409:kworker/0:1H][WDK]cpu 3 plug on kick wdt
04-13 00:40:29.452 22207 22228 I native-activity: Swap 352 time is 17.112ms
04-13 00:40:29.453 22207 22228 I native-activity: Animating
04-13 00:40:29.461 22207 22228 I native-activity: Frame 353 GL error is 0x0
04-13 00:40:29.461 22207 22228 I native-activity: Frame 353 time is 8.289ms
04-13 00:40:29.461 22207 22228 I native-activity: Doing egl_swapbuffers_sync 2
04-13 00:40:29.470 22207 22228 I native-activity: Swap 353 time is 17.684ms
04-13 00:40:29.471 22207 22228 I native-activity: Animating
04-13 00:40:29.479 22207 22228 I native-activity: Frame 354 GL error is 0x0
04-13 00:40:29.479 22207 22228 I native-activity: Frame 354 time is 7.340ms
04-13 00:40:29.479 22207 22228 I native-activity: Doing egl_swapbuffers_sync 2
04-13 00:40:29.470  2137  2137 I Kernel  : [45268.142213][wlan] nicTxReleaseResource: (TX STATE)
04-13 00:40:29.470  2137  2137 I Kernel  : Release: TC4 count 1, Free=4; TC5 count 0, Free=4
04-13 00:40:29.488 22207 22228 I native-activity: Swap 354 time is 16.221ms
04-13 00:40:29.488 22207 22228 I native-activity: Animating
04-13 00:40:29.495 20692 21116 I DCP     : Sending 0 dataset update for 'CloudCollections' namespace
04-13 00:40:29.496 22207 22228 I native-activity: Frame 355 GL error is 0x0
04-13 00:40:29.496 22207 22228 I native-activity: Frame 355 time is 8.130ms
04-13 00:40:29.496 22207 22228 I native-activity: Doing egl_swapbuffers_sync 2
04-13 00:40:29.506 22207 22228 I native-activity: Swap 355 time is 17.800ms
04-13 00:40:29.507 22207 22228 I native-activity: Animating
04-13 00:40:29.514 22207 22228 I native-activity: Frame 356 GL error is 0x0
04-13 00:40:29.515 22207 22228 I native-activity: Frame 356 time is 7.380ms
04-13 00:40:29.515 22207 22228 I native-activity: Doing egl_swapbuffers_sync 2
04-13 00:40:29.523 22207 22228 I native-activity: Swap 356 time is 15.670ms
04-13 00:40:29.523 22207 22228 I native-activity: Animating
04-13 00:40:29.531 22207 22228 I native-activity: Frame 357 GL error is 0x0
04-13 00:40:29.531 22207 22228 I native-activity: Frame 357 time is 7.795ms
04-13 00:40:29.531 22207 22228 I native-activity: Doing egl_swapbuffers_sync 2
04-13 00:40:29.520  2137  2137 I Kernel  : [45268.201313][wlan] nicTxReleaseResource: (TX STATE)
04-13 00:40:29.520  2137  2137 I Kernel  : Release: TC4 count 1, Free=4; TC5 count 0, Free=4
04-13 00:40:29.540 20692 20755 D AmazonCMS: Package com.android.music has been suppressed for user *****
04-13 00:40:29.541 22207 22228 I native-activity: Swap 357 time is 17.494ms
04-13 00:40:29.541 22207 22228 I native-activity: Animating
04-13 00:40:29.549 22207 22228 I native-activity: Frame 358 GL error is 0x0
04-13 00:40:29.549 22207 22228 I native-activity: Frame 358 time is 7.812ms
04-13 00:40:29.549 22207 22228 I native-activity: Doing egl_swapbuffers_sync 2
04-13 00:40:29.530  2137  2137 I Kernel  : [45268.209969][wlan] nicTxReleaseResource: (TX STATE)
04-13 00:40:29.530  2137  2137 I Kernel  : Release: TC4 count 1, Free=4; TC5 count 0, Free=4
04-13 00:40:29.558 22207 22228 I native-activity: Swap 358 time is 17.555ms
04-13 00:40:29.559 22207 22228 I native-activity: Animating
04-13 00:40:29.567 22207 22228 I native-activity: Frame 359 GL error is 0x0
04-13 00:40:29.568 22207 22228 I native-activity: Frame 359 time is 8.833ms
04-13 00:40:29.568 22207 22228 I native-activity: Doing egl_swapbuffers_sync 2
04-13 00:40:29.576 22207 22228 I native-activity: Swap 359 time is 17.327ms
04-13 00:40:29.576 22207 22228 I native-activity: Animating
04-13 00:40:29.592 20692 20755 V AmazonCMS: CardBroadcastReceiver - received intent com.amazon.kindle.cms.CONTENT_UPDATE
04-13 00:40:29.592 22207 22228 I native-activity: Frame 360 GL error is 0x0
04-13 00:40:29.592 22207 22228 I native-activity: Frame 360 time is 15.689ms
04-13 00:40:29.592 22207 22228 I native-activity: Doing egl_swapbuffers_sync 2
04-13 00:40:29.594 22207 22228 I native-activity: Swap 360 time is 17.958ms
04-13 00:40:29.595 22207 22228 I native-activity: Animating
04-13 00:40:29.603 22207 22228 I native-activity: Frame 361 GL error is 0x0
04-13 00:40:29.603 22207 22228 I native-activity: Frame 361 time is 8.619ms
04-13 00:40:29.603   917  2114 D ActivityManager: single user service: com.amazon.kindle.cms
04-13 00:40:29.603 22207 22228 I native-activity: Doing egl_swapbuffers_sync 2
04-13 00:40:29.606   917  2114 D ActivityManager: app = com.amazon.kindle.cms, has single user service, setting process record.
04-13 00:40:29.608 20692 20755 D AmazonCMS: notified to profile 0 with com.amazon.kindle.cms.CONTENT_UPDATE, Bundle[{item_type=kindle.content.apps, profile_id=0, status=0, urgent_flag=1, version=2.1.0.10, last_access_date=1492069223684, location=0, item_id=1352}]
04-13 00:40:29.612 22207 22228 I native-activity: Swap 361 time is 17.794ms
04-13 00:40:29.613 22207 22228 I native-activity: Animating
04-13 00:40:29.629 22207 22228 I native-activity: Frame 362 GL error is 0x0
04-13 00:40:29.629 22207 22228 I native-activity: Frame 362 time is 16.409ms
04-13 00:40:29.629 22207 22228 I native-activity: Doing egl_swapbuffers_sync 2
04-13 00:40:29.631 22207 22228 I native-activity: Swap 362 time is 17.831ms
04-13 00:40:29.631 22207 22228 I native-activity: Animating
04-13 00:40:29.638 20692 20755 I AmazonCMS: CMSService waking up, a client has bound
04-13 00:40:29.640 20692 20755 D AmazonCMS: CMS activity level changed, active: true
04-13 00:40:29.640 22207 22228 I native-activity: Frame 363 GL error is 0x0
04-13 00:40:29.640 22207 22228 I native-activity: Frame 363 time is 9.078ms
04-13 00:40:29.640 22207 22228 I native-activity: Doing egl_swapbuffers_sync 2
04-13 00:40:29.641 20692 20755 D AmazonCMS: Read 12 card ids from the cache for producer com.amazon.kindle.cms.card.producer.APPS in profile 0
04-13 00:40:29.647 20692 21151 I DCP     : [JsonCallExecutor][CallExecutor][8d7e3902-8b0b-42bd-ada8-484a84284576][Auth]GET https://api.amazon.com/whispersync/v2/data/amzn1.account.XXXX/datasets/5c2c14d1-40b0-4a6f-9333-1f84f1367d03/records?after=1  (attempt 1)
04-13 00:40:29.649 22207 22228 I native-activity: Swap 363 time is 17.871ms
04-13 00:40:29.649 22207 22228 I native-activity: Animating
04-13 00:40:29.656   917  1764 D WifiService: acquireWifiLockLocked: WifiLock{com.amazon.dcp.framework.iuc.ConnectionEstablisherWithConnectivityEnforcement type=1 binder=android.os.BinderProxy@220da01}
04-13 00:40:29.658 22207 22228 I native-activity: Frame 364 GL error is 0x0
04-13 00:40:29.658 22207 22228 I native-activity: Frame 364 time is 9.089ms
04-13 00:40:29.658 22207 22228 I native-activity: Doing egl_swapbuffers_sync 2
04-13 00:40:29.660 20692 22260 I com.amazon.dcp.framework.ConnectivityEnforcer: Network with type -1 is already connected
04-13 00:40:29.667 22207 22228 I native-activity: Swap 364 time is 17.972ms
04-13 00:40:29.667 22207 22228 I native-activity: Animating
04-13 00:40:29.669 20692 20755 D AmazonCMS: Creating recent card with id: *****
04-13 00:40:29.671 20692 20755 D AmazonCMS: CMSService is no longer being used, deactivating...
04-13 00:40:29.676 20692 20755 D AmazonCMS: CMS activity level changed, active: false
04-13 00:40:29.682 22207 22228 I native-activity: Frame 365 GL error is 0x0
04-13 00:40:29.682 22207 22228 I native-activity: Frame 365 time is 14.476ms
04-13 00:40:29.682 22207 22228 I native-activity: Doing egl_swapbuffers_sync 2
04-13 00:40:29.685 22207 22228 I native-activity: Swap 365 time is 17.687ms
04-13 00:40:29.685 22207 22228 I native-activity: Animating
04-13 00:40:29.692 20692 20755 D AmazonCMS: Creating recent card with id: *****
04-13 00:40:29.696 22207 22228 I native-activity: Frame 366 GL error is 0x0
04-13 00:40:29.696 22207 22228 I native-activity: Frame 366 time is 10.645ms
04-13 00:40:29.696 22207 22228 I native-activity: Doing egl_swapbuffers_sync 2
04-13 00:40:29.702   917   933 D ActivityManager: single user service: com.amazon.imp
04-13 00:40:29.703 22207 22228 I native-activity: Swap 366 time is 17.661ms
04-13 00:40:29.703 22207 22228 I native-activity: Animating
04-13 00:40:29.704   917   933 D ActivityManager: app = com.amazon.imp, has single user service, setting process record.
04-13 00:40:29.714 22207 22228 I native-activity: Frame 367 GL error is 0x0
04-13 00:40:29.714 22207 22228 I native-activity: Frame 367 time is 10.778ms
04-13 00:40:29.714 22207 22228 I native-activity: Doing egl_swapbuffers_sync 2
04-13 00:40:29.716 20692 20755 D AmazonCMS: Creating recent card with id: *****
04-13 00:40:29.720 20692 20755 D AmazonCMS: Package com.android.providers.downloads.ui has been suppressed for user *****
04-13 00:40:29.721 22207 22228 I native-activity: Swap 367 time is 17.906ms
04-13 00:40:29.722 22207 22228 I native-activity: Animating
04-13 00:40:29.730 22207 22228 I native-activity: Frame 368 GL error is 0x0
04-13 00:40:29.730 22207 22228 I native-activity: Frame 368 time is 8.724ms
04-13 00:40:29.730 22207 22228 I native-activity: Doing egl_swapbuffers_sync 2
04-13 00:40:29.736 20692 20755 D AmazonCMS: Creating recent card with id: *****
04-13 00:40:29.740 22207 22228 I native-activity: Swap 368 time is 18.220ms
04-13 00:40:29.740 22207 22228 I native-activity: Animating
04-13 00:40:29.748 22207 22228 I native-activity: Frame 369 GL error is 0x0
04-13 00:40:29.748 22207 22228 I native-activity: Frame 369 time is 7.535ms
04-13 00:40:29.748 22207 22228 I native-activity: Doing egl_swapbuffers_sync 2
04-13 00:40:29.755 20692 20755 D AmazonCMS: Creating recent card with id: *****
04-13 00:40:29.757 22207 22228 I native-activity: Swap 369 time is 16.412ms
04-13 00:40:29.757 22207 22228 I native-activity: Animating
04-13 00:40:29.764 22207 22228 I native-activity: Frame 370 GL error is 0x0
04-13 00:40:29.764 22207 22228 I native-activity: Frame 370 time is 7.303ms
04-13 00:40:29.764 22207 22228 I native-activity: Doing egl_swapbuffers_sync 2
04-13 00:40:29.774 22207 22228 I native-activity: Swap 370 time is 17.537ms
04-13 00:40:29.775 22207 22228 I native-activity: Animating
04-13 00:40:29.783 22207 22228 I native-activity: Frame 371 GL error is 0x0
04-13 00:40:29.783 22207 22228 I native-activity: Frame 371 time is 8.076ms
04-13 00:40:29.783 22207 22228 I native-activity: Doing egl_swapbuffers_sync 2
04-13 00:40:29.787 20692 20755 D AmazonCMS: Creating recent card with id: *****
04-13 00:40:29.791  1787  1787 I AmazonLocationController: onWifiSignalChanged : connected : true
04-13 00:40:29.792 22207 22228 I native-activity: Swap 371 time is 17.788ms
04-13 00:40:29.793 22207 22228 I native-activity: Animating
04-13 00:40:29.800 22207 22228 I native-activity: Frame 372 GL error is 0x0
04-13 00:40:29.800 22207 22228 I native-activity: Frame 372 time is 7.874ms
04-13 00:40:29.801 22207 22228 I native-activity: Doing egl_swapbuffers_sync 2
04-13 00:40:29.806 20692 20755 D AmazonCMS: Creating recent card with id: *****
04-13 00:40:29.810 22207 22228 I native-activity: Swap 372 time is 17.671ms
04-13 00:40:29.811 22207 22228 I native-activity: Animating
04-13 00:40:29.819 22207 22228 I native-activity: Frame 373 GL error is 0x0
04-13 00:40:29.819 22207 22228 I native-activity: Frame 373 time is 8.095ms
04-13 00:40:29.819 22207 22228 I native-activity: Doing egl_swapbuffers_sync 2
04-13 00:40:29.823 20692 20755 D AmazonCMS: Creating recent card with id: *****
04-13 00:40:29.829 22207 22228 I native-activity: Swap 373 time is 18.511ms
04-13 00:40:29.829 22207 22228 I native-activity: Animating
04-13 00:40:29.832 20692 20755 D AmazonCMS: Package com.amazon.webapp has been suppressed for user *****
04-13 00:40:29.837 22207 22228 I native-activity: Frame 374 GL error is 0x0
04-13 00:40:29.837 22207 22228 I native-activity: Frame 374 time is 7.874ms
04-13 00:40:29.837 22207 22228 I native-activity: Doing egl_swapbuffers_sync 2
04-13 00:40:29.843 20692 20755 D AmazonCMS: Creating recent card with id: *****
04-13 00:40:29.847 22207 22228 I native-activity: Swap 374 time is 17.674ms
04-13 00:40:29.847 22207 22228 I native-activity: Animating
04-13 00:40:29.855 22207 22228 I native-activity: Frame 375 GL error is 0x0
04-13 00:40:29.855 22207 22228 I native-activity: Frame 375 time is 7.730ms
04-13 00:40:29.855 22207 22228 I native-activity: Doing egl_swapbuffers_sync 2
04-13 00:40:29.857 20692 20755 D AmazonCMS: Creating recent card with id: *****
04-13 00:40:29.865 22207 22228 I native-activity: Swap 375 time is 17.511ms
04-13 00:40:29.865 22207 22228 I native-activity: Animating
04-13 00:40:29.870 20692 20755 D AmazonCMS: Creating recent card with id: *****
04-13 00:40:29.873 22207 22228 I native-activity: Frame 376 GL error is 0x0
04-13 00:40:29.873 22207 22228 I native-activity: Frame 376 time is 7.893ms
04-13 00:40:29.873 22207 22228 I native-activity: Doing egl_swapbuffers_sync 2
04-13 00:40:29.882 22207 22228 I native-activity: Swap 376 time is 17.201ms
04-13 00:40:29.883 22207 22228 I native-activity: Animating
04-13 00:40:29.890 22207 22228 I native-activity: Frame 377 GL error is 0x0
04-13 00:40:29.890 22207 22228 I native-activity: Frame 377 time is 7.185ms
04-13 00:40:29.890 22207 22228 I native-activity: Doing egl_swapbuffers_sync 2
04-13 00:40:29.900 22207 22228 I native-activity: Swap 377 time is 17.526ms
04-13 00:40:29.900 22207 22228 I native-activity: Animating
04-13 00:40:29.909 22207 22228 I native-activity: Frame 378 GL error is 0x0
04-13 00:40:29.909 22207 22228 I native-activity: Frame 378 time is 8.960ms
04-13 00:40:29.909 22207 22228 I native-activity: Doing egl_swapbuffers_sync 2
04-13 00:40:29.917 22207 22228 I native-activity: Swap 378 time is 17.046ms
04-13 00:40:29.918 22207 22228 I native-activity: Animating
04-13 00:40:29.900    82    82 I Kernel  : [45268.574769].(0)[82:mtk charger_hv_]charging_reset_watch_dog_timer
04-13 00:40:29.900    82    82 I Kernel  : [45268.575707].(0)[82:mtk charger_hv_]array_size = 16 
04-13 00:40:29.927 22207 22228 I native-activity: Frame 379 GL error is 0x0
04-13 00:40:29.927 22207 22228 I native-activity: Frame 379 time is 9.243ms
04-13 00:40:29.927 22207 22228 I native-activity: Doing egl_swapbuffers_sync 2
04-13 00:40:29.935 22207 22228 I native-activity: Swap 379 time is 17.247ms
04-13 00:40:29.935 22207 22228 I native-activity: Animating
04-13 00:40:29.920  2137  2137 I Kernel  : [45268.591924][wlan] scnFsmSteps: (SCN STATE)
04-13 00:40:29.920  2137  2137 I Kernel  : [19] TRANSITION: [1] -> [0]
04-13 00:40:29.920  2137  2137 I Kernel  : [45268.591984][wlan] aisFsmRunEventScanDone: (AIS INFO)
04-13 00:40:29.920  2137  2137 I Kernel  : ScanDone
04-13 00:40:29.920  2137  2137 I Kernel  : [45268.592006][wlan] roamingFsmRunEventRoam: (ROAMING EVENT)
04-13 00:40:29.920  2137  2137 I Kernel  : EVENT-ROAMING ROAM: Current Time = 44968680
04-13 00:40:29.920  2137  2137 I Kernel  : [45268.592032][wlan] roamingFsmSteps: (ROAMING STATE)
04-13 00:40:29.920  2137  2137 I Kernel  : [27] TRANSITION: [2] -> [3]
04-13 00:40:29.920  2137  2137 I Kernel  : [45268.592052][wlan] aisFsmSteps: (AIS STATE)
04-13 00:40:29.920  2137  2137 I Kernel  : [13] TRANSITION: [4] -> [1]
04-13 00:40:29.920  2137  2137 I Kernel  : [45268.592122][wlan] roamingFsmRunEventFail: (ROAMING EVENT)
04-13 00:40:29.920  2137  2137 I Kernel  : EVENT-ROAMING FAIL: reason 1 Current Time = 44968680
04-13 00:40:29.920  2137  2137 I Kernel  : [45268.592146][wlan] roamingFsmSteps: (ROAMING STATE)
04-13 00:40:29.920  2137  2137 I Kernel  : [27] TRANSITION: [3] -> [1]
04-13 00:40:29.920  2137  2137 I Kernel  : [45268.592163][wlan] aisFsmSteps: (AIS STATE)
04-13 00:40:29.920  2137  2137 I Kernel  : [13] TRANSITION: [1] -> [10]
04-13 00:40:29.920  2137  2137 I Kernel  : [45268.593519][wlan] nicTxReleaseResource: (TX STATE)
04-13 00:40:29.920  2137  2137 I Kernel  : Release: TC4 count 1, Free=3; TC5 count 0, Free=4
04-13 00:40:29.920  2137  2137 I Kernel  : [45268.593575][wlan] nicTxReleaseResource: (TX STATE)
04-13 00:40:29.920  2137  2137 I Kernel  : Release: TC4 count 1, Free=4; TC5 count 0, Free=4
04-13 00:40:29.944 22207 22228 I native-activity: Frame 380 GL error is 0x0
04-13 00:40:29.944 22207 22228 I native-activity: Frame 380 time is 8.990ms
04-13 00:40:29.944 22207 22228 I native-activity: Doing egl_swapbuffers_sync 2
04-13 00:40:29.952 22207 22228 I native-activity: Swap 380 time is 16.920ms
04-13 00:40:29.952 22207 22228 I native-activity: Animating
04-13 00:40:29.961 22207 22228 I native-activity: Frame 381 GL error is 0x0
04-13 00:40:29.961 22207 22228 I native-activity: Frame 381 time is 8.131ms
04-13 00:40:29.961 22207 22228 I native-activity: Doing egl_swapbuffers_sync 2
04-13 00:40:29.966 20692 22258 I F_C.ProducerClientCompa: Producer com.amazon.kindle.cms.card.producer.APPS at API version BrazilVersion(1.4).
04-13 00:40:29.967 20692 20755 D AmazonCMS: CardClient: Pushing 12 cards ***** by producer com.amazon.kindle.cms.card.producer.APPS
04-13 00:40:29.970 22207 22228 I native-activity: Swap 381 time is 17.676ms
04-13 00:40:29.970 22207 22228 I native-activity: Animating
04-13 00:40:29.974 20692 22258 I F_C.ProducerClientCompa: Connected to ServerInfo(CDA Version: BrazilVersion(1.3.108.0), Min. Producer: BrazilVersion(1.0), Delete All: true)
04-13 00:40:29.978 22207 22228 I native-activity: Frame 382 GL error is 0x0
04-13 00:40:29.978 22207 22228 I native-activity: Frame 382 time is 7.786ms
04-13 00:40:29.978 22207 22228 I native-activity: Doing egl_swapbuffers_sync 2
04-13 00:40:29.988 22207 22228 I native-activity: Swap 382 time is 17.497ms
04-13 00:40:29.988 22207 22228 I native-activity: Animating
04-13 00:40:29.989 20623 20771 I F_C.CardAgentSynchroniz: Throttling producer refresh
04-13 00:40:29.989 20623 20771 W F_C.CardProvider: Producer refresh failed
04-13 00:40:29.997 22207 22228 I native-activity: Frame 383 GL error is 0x0
04-13 00:40:29.997 22207 22228 I native-activity: Frame 383 time is 8.889ms
04-13 00:40:29.997 22207 22228 I native-activity: Doing egl_swapbuffers_sync 2
04-13 00:40:30.006 22207 22228 I native-activity: Swap 383 time is 17.654ms
04-13 00:40:30.006 22207 22228 I native-activity: Animating
04-13 00:40:30.015 22207 22228 I native-activity: Frame 384 GL error is 0x0
04-13 00:40:30.015 22207 22228 I native-activity: Frame 384 time is 8.508ms
04-13 00:40:30.015 22207 22228 I native-activity: Doing egl_swapbuffers_sync 2
04-13 00:40:30.024 22207 22228 I native-activity: Swap 384 time is 17.510ms
04-13 00:40:30.024 22207 22228 I native-activity: Animating
04-13 00:40:30.032 20692 20755 D AmazonCMS: AppManager - Number of packages with launch activities found 34
04-13 00:40:30.033 22207 22228 I native-activity: Frame 385 GL error is 0x0
04-13 00:40:30.033 22207 22228 I native-activity: Frame 385 time is 8.873ms
04-13 00:40:30.033 22207 22228 I native-activity: Doing egl_swapbuffers_sync 2
04-13 00:40:30.037   917  2245 W AccountManagerService: insertAccountIntoDatabase: Account {name=default_account, type=amazon.account}, skipping since the account already exists
04-13 00:40:30.044 22207 22228 I native-activity: Swap 385 time is 19.631ms
04-13 00:40:30.044 22207 22228 I native-activity: Animating
04-13 00:40:30.045   917  2246 W AccountManagerService: insertAccountIntoDatabase: Account {name=default_account, type=amazon.account}, skipping since the account already exists
04-13 00:40:30.053 22207 22228 I native-activity: Frame 386 GL error is 0x0
04-13 00:40:30.053 22207 22228 I native-activity: Frame 386 time is 8.822ms
04-13 00:40:30.053 22207 22228 I native-activity: Doing egl_swapbuffers_sync 2
04-13 00:40:30.055   917  2175 W AccountManagerService: insertAccountIntoDatabase: Account {name=default_account, type=amazon.account}, skipping since the account already exists
04-13 00:40:30.060 22207 22228 I native-activity: Swap 386 time is 16.071ms
04-13 00:40:30.060 22207 22228 I native-activity: Animating
04-13 00:40:30.062   917   933 W AccountManagerService: insertAccountIntoDatabase: Account {name=default_account, type=amazon.account}, skipping since the account already exists
04-13 00:40:30.071 22207 22228 I native-activity: Frame 387 GL error is 0x0
04-13 00:40:30.071   917  2115 W AccountManagerService: insertAccountIntoDatabase: Account {name=default_account, type=amazon.account}, skipping since the account already exists
04-13 00:40:30.072 22207 22228 I native-activity: Frame 387 time is 11.238ms
04-13 00:40:30.072 22207 22228 I native-activity: Doing egl_swapbuffers_sync 2
04-13 00:40:30.073 20692 21151 I DCP     : [JsonCallExecutor][CallExecutor][8d7e3902-8b0b-42bd-ada8-484a84284576][Auth]Received response code 200 OK. Total time = 419 ms. Handshake = 97 ms. Upload = 0 ms (0 bytes). Latency = 319 ms. Download = 1 ms (569 bytes).
04-13 00:40:30.076   917   933 W AccountManagerService: insertAccountIntoDatabase: Account {name=default_account, type=amazon.account}, skipping since the account already exists
04-13 00:40:30.077   917  2109 D WifiService: releaseWifiLockLocked: WifiLock{com.amazon.dcp.framework.iuc.ConnectionEstablisherWithConnectivityEnforcement type=1 binder=android.os.BinderProxy@220da01}
04-13 00:40:30.078 22207 22228 I native-activity: Swap 387 time is 18.142ms
04-13 00:40:30.079 22207 22228 I native-activity: Animating
04-13 00:40:30.090 22207 22228 I native-activity: Frame 388 GL error is 0x0
04-13 00:40:30.090 22207 22228 I native-activity: Frame 388 time is 11.126ms
04-13 00:40:30.090 22207 22228 I native-activity: Doing egl_swapbuffers_sync 2
04-13 00:40:30.070  2159  2159 I Kernel  : [45268.750481].(0)[2159:wpa_supplicant]poorlink get state G(361500)F(49)dbad(0)dretry(0)LT(540)RT(-77)W(0)(12185)
04-13 00:40:30.080  2137  2137 I Kernel  : [45268.752883][wlan] nicTxReleaseResource: (TX STATE)
04-13 00:40:30.080  2137  2137 I Kernel  : Release: TC4 count 1, Free=4; TC5 count 0, Free=4
04-13 00:40:30.092   917  1051 W AccountManagerService: insertAccountIntoDatabase: Account {name=default_account, type=amazon.account}, skipping since the account already exists
04-13 00:40:30.096 22207 22228 I native-activity: Swap 388 time is 17.005ms
04-13 00:40:30.096 22207 22228 I native-activity: Animating
04-13 00:40:30.101   917  2114 W AccountManagerService: insertAccountIntoDatabase: Account {name=default_account, type=amazon.account}, skipping since the account already exists
04-13 00:40:30.105   917  2246 W AccountManagerService: insertAccountIntoDatabase: Account {name=default_account, type=amazon.account}, skipping since the account already exists
04-13 00:40:30.105 22207 22228 I native-activity: Frame 389 GL error is 0x0
04-13 00:40:30.105 22207 22228 I native-activity: Frame 389 time is 9.223ms
04-13 00:40:30.105 22207 22228 I native-activity: Doing egl_swapbuffers_sync 2
04-13 00:40:30.110   917  2109 W AccountManagerService: insertAccountIntoDatabase: Account {name=default_account, type=amazon.account}, skipping since the account already exists
04-13 00:40:30.114 22207 22228 I native-activity: Swap 389 time is 17.860ms
04-13 00:40:30.114 22207 22228 I native-activity: Animating
04-13 00:40:30.115   917  2245 W AccountManagerService: insertAccountIntoDatabase: Account {name=default_account, type=amazon.account}, skipping since the account already exists
04-13 00:40:30.121   917  1763 W AccountManagerService: insertAccountIntoDatabase: Account {name=default_account, type=amazon.account}, skipping since the account already exists
04-13 00:40:30.124 22207 22228 I native-activity: Frame 390 GL error is 0x0
04-13 00:40:30.124 22207 22228 I native-activity: Frame 390 time is 9.504ms
04-13 00:40:30.124 22207 22228 I native-activity: Doing egl_swapbuffers_sync 2
04-13 00:40:30.125   917  1766 W AccountManagerService: insertAccountIntoDatabase: Account {name=default_account, type=amazon.account}, skipping since the account already exists
04-13 00:40:30.133 22207 22228 I native-activity: Swap 390 time is 19.069ms
04-13 00:40:30.134 22207 22228 I native-activity: Animating
