04-13 00:45:10.912 23293 23326 D native-activity: Reading pixels format 0x1908 type 0x1401 bpp 4
04-13 00:45:10.998 23293 23326 I native-activity: Read pixels, GL error is 0x0
04-13 00:45:10.998 23293 23326 I native-activity: Swap 547 time is 110.298ms
04-13 00:45:10.999 23293 23326 I native-activity: Animating
04-13 00:45:11.015 23293 23326 I native-activity: Frame 548 GL error is 0x0
04-13 00:45:11.015 23293 23326 I native-activity: Frame 548 time is 16.288ms
04-13 00:45:11.015 23293 23326 I native-activity: Doing egl_swapbuffers_sync 1
04-13 00:45:11.015 23293 23326 D native-activity: Reading pixels format 0x1908 type 0x1401 bpp 4
04-13 00:45:11.030  2137  2137 I Kernel  : [45549.703029][wlan] nicTxReleaseResource: (TX STATE)
04-13 00:45:11.030  2137  2137 I Kernel  : Release: TC4 count 1, Free=4; TC5 count 0, Free=4
04-13 00:45:11.030  2159  2159 I Kernel  : [45549.704408].(1)[2159:wpa_supplicant]poorlink get state G(361733)F(49)dbad(0)dretry(0)LT(405)RT(-79)W(0)(12278)
04-13 00:45:11.030  2137  2137 I Kernel  : [45549.704548][wlan] nicTxReleaseResource: (TX STATE)
04-13 00:45:11.030  2137  2137 I Kernel  : Release: TC4 count 1, Free=4; TC5 count 0, Free=4
04-13 00:45:11.060     0     0 I Kernel  : [45549.739037]-(0)[0:swapper/0]dpi vsync
04-13 00:45:11.102 23293 23326 I native-activity: Read pixels, GL error is 0x0
04-13 00:45:11.102 23293 23326 I native-activity: Swap 548 time is 103.702ms
04-13 00:45:11.103 23293 23326 I native-activity: Animating
04-13 00:45:11.113 23293 23326 I native-activity: Frame 549 GL error is 0x0
04-13 00:45:11.113 23293 23326 I native-activity: Frame 549 time is 10.029ms
04-13 00:45:11.113 23293 23326 I native-activity: Doing egl_swapbuffers_sync 1
04-13 00:45:11.113 23293 23326 D native-activity: Reading pixels format 0x1908 type 0x1401 bpp 4
04-13 00:45:11.196 23293 23326 I native-activity: Read pixels, GL error is 0x0
04-13 00:45:11.197 23293 23326 I native-activity: Swap 549 time is 93.978ms
04-13 00:45:11.197 23293 23326 I native-activity: Animating
04-13 00:45:11.206 23293 23326 I native-activity: Frame 550 GL error is 0x0
04-13 00:45:11.206 23293 23326 I native-activity: Frame 550 time is 8.883ms
04-13 00:45:11.206 23293 23326 I native-activity: Doing egl_swapbuffers_sync 1
04-13 00:45:11.206 23293 23326 D native-activity: Reading pixels format 0x1908 type 0x1401 bpp 4
04-13 00:45:11.255  1787  1787 I AmazonLocationController: onWifiSignalChanged : connected : true
04-13 00:45:11.291 23293 23326 I native-activity: Read pixels, GL error is 0x0
04-13 00:45:11.291 23293 23326 I native-activity: Swap 550 time is 94.595ms
04-13 00:45:11.292 23293 23326 I native-activity: Animating
04-13 00:45:11.280    82    82 I Kernel  : [45549.957493].(0)[82:mtk charger_hv_]charging_reset_watch_dog_timer
04-13 00:45:11.280    82    82 I Kernel  : [45549.958456].(0)[82:mtk charger_hv_]array_size = 16 
04-13 00:45:11.301 23293 23326 I native-activity: Frame 551 GL error is 0x0
04-13 00:45:11.301 23293 23326 I native-activity: Frame 551 time is 9.660ms
04-13 00:45:11.301 23293 23326 I native-activity: Doing egl_swapbuffers_sync 1
04-13 00:45:11.301 23293 23326 D native-activity: Reading pixels format 0x1908 type 0x1401 bpp 4
04-13 00:45:11.384 23293 23326 I native-activity: Read pixels, GL error is 0x0
04-13 00:45:11.384 23293 23326 I native-activity: Swap 551 time is 92.577ms
04-13 00:45:11.384 23293 23326 I native-activity: Animating
04-13 00:45:11.394 23293 23326 I native-activity: Frame 552 GL error is 0x0
04-13 00:45:11.394 23293 23326 I native-activity: Frame 552 time is 9.450ms
04-13 00:45:11.394 23293 23326 I native-activity: Doing egl_swapbuffers_sync 1
04-13 00:45:11.394 23293 23326 D native-activity: Reading pixels format 0x1908 type 0x1401 bpp 4
04-13 00:45:11.477 23293 23326 I native-activity: Read pixels, GL error is 0x0
04-13 00:45:11.477 23293 23326 I native-activity: Swap 552 time is 92.558ms
04-13 00:45:11.477 23293 23326 I native-activity: Animating
04-13 00:45:11.486 23293 23326 I native-activity: Frame 553 GL error is 0x0
04-13 00:45:11.486 23293 23326 I native-activity: Frame 553 time is 8.936ms
04-13 00:45:11.486 23293 23326 I native-activity: Doing egl_swapbuffers_sync 1
04-13 00:45:11.486 23293 23326 D native-activity: Reading pixels format 0x1908 type 0x1401 bpp 4
04-13 00:45:11.569 23293 23326 I native-activity: Read pixels, GL error is 0x0
04-13 00:45:11.569 23293 23326 I native-activity: Swap 553 time is 91.958ms
04-13 00:45:11.569 23293 23326 I native-activity: Animating
04-13 00:45:11.576 23293 23326 I native-activity: Frame 554 GL error is 0x0
04-13 00:45:11.576 23293 23326 I native-activity: Frame 554 time is 6.704ms
04-13 00:45:11.576 23293 23326 I native-activity: Doing egl_swapbuffers_sync 1
04-13 00:45:11.576 23293 23326 D native-activity: Reading pixels format 0x1908 type 0x1401 bpp 4
04-13 00:45:11.659 23293 23326 I native-activity: Read pixels, GL error is 0x0
04-13 00:45:11.659 23293 23326 I native-activity: Swap 554 time is 89.761ms
04-13 00:45:11.659 23293 23326 I native-activity: Animating
04-13 00:45:11.668 23293 23326 I native-activity: Frame 555 GL error is 0x0
04-13 00:45:11.668 23293 23326 I native-activity: Frame 555 time is 8.550ms
04-13 00:45:11.668 23293 23326 I native-activity: Doing egl_swapbuffers_sync 1
04-13 00:45:11.668 23293 23326 D native-activity: Reading pixels format 0x1908 type 0x1401 bpp 4
04-13 00:45:11.751 23293 23326 I native-activity: Read pixels, GL error is 0x0
04-13 00:45:11.751 23293 23326 I native-activity: Swap 555 time is 91.684ms
04-13 00:45:11.751 23293 23326 I native-activity: Animating
04-13 00:45:11.756 23293 23326 I native-activity: Frame 556 GL error is 0x0
04-13 00:45:11.756 23293 23326 I native-activity: Frame 556 time is 4.659ms
04-13 00:45:11.756 23293 23326 I native-activity: Doing egl_swapbuffers_sync 1
04-13 00:45:11.756 23293 23326 D native-activity: Reading pixels format 0x1908 type 0x1401 bpp 4
04-13 00:45:11.837 23293 23326 I native-activity: Read pixels, GL error is 0x0
04-13 00:45:11.837 23293 23326 I native-activity: Swap 556 time is 85.756ms
04-13 00:45:11.837 23293 23326 I native-activity: Animating
04-13 00:45:11.845 23293 23326 I native-activity: Frame 557 GL error is 0x0
04-13 00:45:11.846 23293 23326 I native-activity: Frame 557 time is 8.320ms
04-13 00:45:11.846 23293 23326 I native-activity: Doing egl_swapbuffers_sync 1
04-13 00:45:11.846 23293 23326 D native-activity: Reading pixels format 0x1908 type 0x1401 bpp 4
04-13 00:45:11.927 23293 23326 I native-activity: Read pixels, GL error is 0x0
04-13 00:45:11.927 23293 23326 I native-activity: Swap 557 time is 89.543ms
04-13 00:45:11.927 23293 23326 I native-activity: Animating
04-13 00:45:11.933 23293 23326 I native-activity: Frame 558 GL error is 0x0
04-13 00:45:11.933 23293 23326 I native-activity: Frame 558 time is 6.226ms
04-13 00:45:11.933 23293 23326 I native-activity: Doing egl_swapbuffers_sync 1
04-13 00:45:11.933 23293 23326 D native-activity: Reading pixels format 0x1908 type 0x1401 bpp 4
04-13 00:45:12.014 23293 23326 I native-activity: Read pixels, GL error is 0x0
04-13 00:45:12.014 23293 23326 I native-activity: Swap 558 time is 87.522ms
04-13 00:45:12.015 23293 23326 I native-activity: Animating
04-13 00:45:12.022 23293 23326 I native-activity: Frame 559 GL error is 0x0
04-13 00:45:12.022 23293 23326 I native-activity: Frame 559 time is 7.738ms
04-13 00:45:12.022 23293 23326 I native-activity: Doing egl_swapbuffers_sync 1
04-13 00:45:12.023 23293 23326 D native-activity: Reading pixels format 0x1908 type 0x1401 bpp 4
04-13 00:45:12.104 23293 23326 I native-activity: Read pixels, GL error is 0x0
04-13 00:45:12.104 23293 23326 I native-activity: Swap 559 time is 89.177ms
04-13 00:45:12.104 23293 23326 I native-activity: Animating
04-13 00:45:12.109 23293 23326 I native-activity: Frame 560 GL error is 0x0
04-13 00:45:12.109 23293 23326 I native-activity: Frame 560 time is 5.156ms
04-13 00:45:12.109 23293 23326 I native-activity: Doing egl_swapbuffers_sync 1
04-13 00:45:12.109 23293 23326 D native-activity: Reading pixels format 0x1908 type 0x1401 bpp 4
04-13 00:45:12.191 23293 23326 I native-activity: Read pixels, GL error is 0x0
04-13 00:45:12.191 23293 23326 I native-activity: Swap 560 time is 87.379ms
04-13 00:45:12.192 23293 23326 I native-activity: Animating
04-13 00:45:12.204 23293 23326 I native-activity: Frame 561 GL error is 0x0
04-13 00:45:12.204 23293 23326 I native-activity: Frame 561 time is 12.722ms
04-13 00:45:12.204 23293 23326 I native-activity: Doing egl_swapbuffers_sync 1
04-13 00:45:12.205 23293 23326 D native-activity: Reading pixels format 0x1908 type 0x1401 bpp 4
04-13 00:45:12.261  1787  1787 I AmazonLocationController: onWifiSignalChanged : connected : true
04-13 00:45:12.288 23293 23326 I native-activity: Read pixels, GL error is 0x0
04-13 00:45:12.288 23293 23326 I native-activity: Swap 561 time is 96.103ms
04-13 00:45:12.288 23293 23326 I native-activity: Animating
04-13 00:45:12.299 23293 23326 I native-activity: Frame 562 GL error is 0x0
04-13 00:45:12.299 23293 23326 I native-activity: Frame 562 time is 11.322ms
04-13 00:45:12.280    82    82 I Kernel  : [45550.958562].(0)[82:mtk charger_hv_]charging_reset_watch_dog_timer
04-13 00:45:12.280    82    82 I Kernel  : [45550.959498].(0)[82:mtk charger_hv_]array_size = 16 
04-13 00:45:12.300 23293 23326 I native-activity: Doing egl_swapbuffers_sync 1
04-13 00:45:12.301 23293 23326 D native-activity: Reading pixels format 0x1908 type 0x1401 bpp 4
04-13 00:45:12.383 23293 23326 I native-activity: Read pixels, GL error is 0x0
04-13 00:45:12.383 23293 23326 I native-activity: Swap 562 time is 95.336ms
04-13 00:45:12.384 23293 23326 I native-activity: Animating
04-13 00:45:12.396 23293 23326 I native-activity: Frame 563 GL error is 0x0
04-13 00:45:12.396 23293 23326 I native-activity: Frame 563 time is 12.664ms
04-13 00:45:12.396 23293 23326 I native-activity: Doing egl_swapbuffers_sync 1
04-13 00:45:12.396 23293 23326 D native-activity: Reading pixels format 0x1908 type 0x1401 bpp 4
04-13 00:45:12.480 23293 23326 I native-activity: Read pixels, GL error is 0x0
04-13 00:45:12.480 23293 23326 I native-activity: Swap 563 time is 96.280ms
04-13 00:45:12.480 23293 23326 I native-activity: Animating
04-13 00:45:12.490 23293 23326 I native-activity: Frame 564 GL error is 0x0
04-13 00:45:12.490 23293 23326 I native-activity: Frame 564 time is 10.305ms
04-13 00:45:12.491 23293 23326 I native-activity: Doing egl_swapbuffers_sync 1
04-13 00:45:12.491 23293 23326 D native-activity: Reading pixels format 0x1908 type 0x1401 bpp 4
04-13 00:45:12.574 23293 23326 I native-activity: Read pixels, GL error is 0x0
04-13 00:45:12.574 23293 23326 I native-activity: Swap 564 time is 93.803ms
04-13 00:45:12.574 23293 23326 I native-activity: Animating
04-13 00:45:12.588 23293 23326 I native-activity: Frame 565 GL error is 0x0
04-13 00:45:12.589 23293 23326 I native-activity: Frame 565 time is 14.343ms
04-13 00:45:12.589 23293 23326 I native-activity: Doing egl_swapbuffers_sync 1
04-13 00:45:12.589 23293 23326 D native-activity: Reading pixels format 0x1908 type 0x1401 bpp 4
04-13 00:45:12.672 23293 23326 I native-activity: Read pixels, GL error is 0x0
04-13 00:45:12.673 23293 23326 I native-activity: Swap 565 time is 98.400ms
04-13 00:45:12.673 23293 23326 I native-activity: Animating
04-13 00:45:12.686 23293 23326 I native-activity: Frame 566 GL error is 0x0
04-13 00:45:12.686 23293 23326 I native-activity: Frame 566 time is 13.623ms
04-13 00:45:12.686 23293 23326 I native-activity: Doing egl_swapbuffers_sync 1
04-13 00:45:12.687 23293 23326 D native-activity: Reading pixels format 0x1908 type 0x1401 bpp 4
04-13 00:45:12.770 23293 23326 I native-activity: Read pixels, GL error is 0x0
04-13 00:45:12.770 23293 23326 I native-activity: Swap 566 time is 97.386ms
04-13 00:45:12.770 23293 23326 I native-activity: Animating
04-13 00:45:12.789 23293 23326 I native-activity: Frame 567 GL error is 0x0
04-13 00:45:12.789 23293 23326 I native-activity: Frame 567 time is 18.793ms
04-13 00:45:12.789 23293 23326 I native-activity: Doing egl_swapbuffers_sync 1
04-13 00:45:12.789 23293 23326 D native-activity: Reading pixels format 0x1908 type 0x1401 bpp 4
04-13 00:45:12.874 23293 23326 I native-activity: Read pixels, GL error is 0x0
04-13 00:45:12.874 23293 23326 I native-activity: Swap 567 time is 103.683ms
04-13 00:45:12.874 23293 23326 I native-activity: Animating
04-13 00:45:12.887 23293 23326 I native-activity: Frame 568 GL error is 0x0
04-13 00:45:12.887 23293 23326 I native-activity: Frame 568 time is 12.781ms
04-13 00:45:12.887 23293 23326 I native-activity: Doing egl_swapbuffers_sync 1
04-13 00:45:12.887 23293 23326 D native-activity: Reading pixels format 0x1908 type 0x1401 bpp 4
04-13 00:45:12.972 23293 23326 I native-activity: Read pixels, GL error is 0x0
04-13 00:45:12.972 23293 23326 I native-activity: Swap 568 time is 97.298ms
04-13 00:45:12.972 23293 23326 I native-activity: Animating
04-13 00:45:12.984 23293 23326 I native-activity: Frame 569 GL error is 0x0
04-13 00:45:12.984 23293 23326 I native-activity: Frame 569 time is 12.500ms
04-13 00:45:12.984 23293 23326 I native-activity: Doing egl_swapbuffers_sync 1
04-13 00:45:12.984 23293 23326 D native-activity: Reading pixels format 0x1908 type 0x1401 bpp 4
04-13 00:45:13.068 23293 23326 I native-activity: Read pixels, GL error is 0x0
04-13 00:45:13.068 23293 23326 I native-activity: Swap 569 time is 95.980ms
04-13 00:45:13.068 23293 23326 I native-activity: Animating
04-13 00:45:13.080 23293 23326 I native-activity: Frame 570 GL error is 0x0
04-13 00:45:13.080 23293 23326 I native-activity: Frame 570 time is 12.121ms
04-13 00:45:13.080 23293 23326 I native-activity: Doing egl_swapbuffers_sync 1
04-13 00:45:13.080 23293 23326 D native-activity: Reading pixels format 0x1908 type 0x1401 bpp 4
04-13 00:45:13.090     0     0 I Kernel  : [45551.771213]-(0)[0:swapper/0]dpi vsync
04-13 00:45:13.165 23293 23326 I native-activity: Read pixels, GL error is 0x0
04-13 00:45:13.165 23293 23326 I native-activity: Swap 570 time is 96.787ms
04-13 00:45:13.165 23293 23326 I native-activity: Animating
04-13 00:45:13.177 23293 23326 I native-activity: Frame 571 GL error is 0x0
04-13 00:45:13.177 23293 23326 I native-activity: Frame 571 time is 12.319ms
04-13 00:45:13.177 23293 23326 I native-activity: Doing egl_swapbuffers_sync 1
04-13 00:45:13.177 23293 23326 D native-activity: Reading pixels format 0x1908 type 0x1401 bpp 4
04-13 00:45:13.262 23293 23326 I native-activity: Read pixels, GL error is 0x0
04-13 00:45:13.262 23293 23326 I native-activity: Swap 571 time is 97.126ms
04-13 00:45:13.262 23293 23326 I native-activity: Animating
04-13 00:45:13.274 23293 23326 I native-activity: Frame 572 GL error is 0x0
04-13 00:45:13.274 23293 23326 I native-activity: Frame 572 time is 11.994ms
04-13 00:45:13.274 23293 23326 I native-activity: Doing egl_swapbuffers_sync 1
04-13 00:45:13.275 23293 23326 D native-activity: Reading pixels format 0x1908 type 0x1401 bpp 4
04-13 00:45:13.280   917  2113 W AmazonActivityManagerService: packageLifetimeHint: amazon.internal.SystemJumpTable$ProcessRecord@1bd27381 is active, cannot move
04-13 00:45:13.281  2059  2059 W Precog  : PackagePrewarmActor: Call to packageLifetimeHint failed, res = -1
04-13 00:45:13.282  2059  2059 I Vlog    : PfxPrecog:LruHint:fgtracking=false;DV;1,key=confidence;DV;1,Counter=1.000000;CT;1,unit=null;DV;1,metadata=version%235510%7Cpkg%23com.amazon.firelauncher%7C;DV;1:HI
04-13 00:45:13.282  2059  2059 I Vlog    : PfxPrecog:LruHint:fgtracking=false;DV;1,key=failure;DV;1,Counter=1.000000;CT;1,unit=null;DV;1,metadata=version%235510%7Cpkg%23com.amazon.firelauncher%7C;DV;1:HI
04-13 00:45:13.280    82    82 I Kernel  : [45551.959602].(0)[82:mtk charger_hv_]charging_reset_watch_dog_timer
04-13 00:45:13.280    82    82 I Kernel  : [45551.960513].(0)[82:mtk charger_hv_]array_size = 16 
04-13 00:45:13.360 23293 23326 I native-activity: Read pixels, GL error is 0x0
04-13 00:45:13.360 23293 23326 I native-activity: Swap 572 time is 97.304ms
04-13 00:45:13.360 23293 23326 I native-activity: Animating
04-13 00:45:13.372 23293 23326 I native-activity: Frame 573 GL error is 0x0
04-13 00:45:13.372 23293 23326 I native-activity: Frame 573 time is 11.781ms
04-13 00:45:13.372 23293 23326 I native-activity: Doing egl_swapbuffers_sync 1
04-13 00:45:13.372 23293 23326 D native-activity: Reading pixels format 0x1908 type 0x1401 bpp 4
04-13 00:45:13.456 23293 23326 I native-activity: Read pixels, GL error is 0x0
04-13 00:45:13.456 23293 23326 I native-activity: Swap 573 time is 96.165ms
04-13 00:45:13.456 23293 23326 I native-activity: Animating
04-13 00:45:13.471 23293 23326 I native-activity: Frame 574 GL error is 0x0
04-13 00:45:13.471 23293 23326 I native-activity: Frame 574 time is 14.884ms
04-13 00:45:13.471 23293 23326 I native-activity: Doing egl_swapbuffers_sync 1
04-13 00:45:13.471 23293 23326 D native-activity: Reading pixels format 0x1908 type 0x1401 bpp 4
04-13 00:45:13.557 23293 23326 I native-activity: Read pixels, GL error is 0x0
04-13 00:45:13.557 23293 23326 I native-activity: Swap 574 time is 100.527ms
04-13 00:45:13.557 23293 23326 I native-activity: Animating
04-13 00:45:13.576 23293 23326 I native-activity: Frame 575 GL error is 0x0
04-13 00:45:13.576 23293 23326 I native-activity: Frame 575 time is 18.579ms
04-13 00:45:13.576 23293 23326 I native-activity: Doing egl_swapbuffers_sync 1
04-13 00:45:13.576 23293 23326 D native-activity: Reading pixels format 0x1908 type 0x1401 bpp 4
04-13 00:45:13.665 23293 23326 I native-activity: Read pixels, GL error is 0x0
04-13 00:45:13.665 23293 23326 I native-activity: Swap 575 time is 108.132ms
04-13 00:45:13.665 23293 23326 I native-activity: Animating
04-13 00:45:13.689 23293 23326 I native-activity: Frame 576 GL error is 0x0
04-13 00:45:13.690 23293 23326 I native-activity: Frame 576 time is 23.871ms
04-13 00:45:13.690 23293 23326 I native-activity: Doing egl_swapbuffers_sync 1
04-13 00:45:13.690 23293 23326 D native-activity: Reading pixels format 0x1908 type 0x1401 bpp 4
04-13 00:45:13.780 23293 23326 I native-activity: Read pixels, GL error is 0x0
04-13 00:45:13.780 23293 23326 I native-activity: Swap 576 time is 114.352ms
04-13 00:45:13.780 23293 23326 I native-activity: Animating
04-13 00:45:13.801 23293 23326 I native-activity: Frame 577 GL error is 0x0
04-13 00:45:13.801 23293 23326 I native-activity: Frame 577 time is 21.158ms
04-13 00:45:13.801 23293 23326 I native-activity: Doing egl_swapbuffers_sync 1
04-13 00:45:13.801 23293 23326 D native-activity: Reading pixels format 0x1908 type 0x1401 bpp 4
04-13 00:45:13.800 25161 25161 I Kernel  : [45552.471663].(0)[25161:kworker/0:2]virtual_sensor_thermal_get_temp mtktsbattery t=25000 a=7 o=-9500 w=437
04-13 00:45:13.800 25161 25161 I Kernel  : [45552.471752].(0)[25161:kworker/0:2]virtual_sensor_thermal_get_temp mtkts_bts t=32000 a=15 o=-1000 w=113
04-13 00:45:13.800 25161 25161 I Kernel  : [45552.472161].(0)[25161:kworker/0:2]virtual_sensor_thermal_get_temp mtktspmic t=44043 a=4 o=18000 w=450
04-13 00:45:13.800 25161 25161 I Kernel  : [45552.472204].(0)[25161:kworker/0:2]virtual_sensor_thermal_get_temp mtktswmt t=33000 a=1000 o=-5000 w=0
04-13 00:45:13.891 23293 23326 I native-activity: Read pixels, GL error is 0x0
04-13 00:45:13.891 23293 23326 I native-activity: Swap 577 time is 110.886ms
04-13 00:45:13.891 23293 23326 I native-activity: Animating
04-13 00:45:13.912 23293 23326 I native-activity: Frame 578 GL error is 0x0
04-13 00:45:13.912 23293 23326 I native-activity: Frame 578 time is 20.950ms
04-13 00:45:13.912 23293 23326 I native-activity: Doing egl_swapbuffers_sync 1
04-13 00:45:13.912 23293 23326 D native-activity: Reading pixels format 0x1908 type 0x1401 bpp 4
04-13 00:45:14.000 23293 23326 I native-activity: Read pixels, GL error is 0x0
04-13 00:45:14.001 23293 23326 I native-activity: Swap 578 time is 110.039ms
04-13 00:45:14.002 23293 23326 I native-activity: Animating
04-13 00:45:14.026 23293 23326 I native-activity: Frame 579 GL error is 0x0
04-13 00:45:14.027 23293 23326 I native-activity: Frame 579 time is 24.997ms
04-13 00:45:14.027 23293 23326 I native-activity: Doing egl_swapbuffers_sync 1
04-13 00:45:14.027 23293 23326 D native-activity: Reading pixels format 0x1908 type 0x1401 bpp 4
04-13 00:45:14.050  2159  2159 I Kernel  : [45552.722770].(1)[2159:wpa_supplicant]poorlink get state G(361733)F(49)dbad(0)dretry(0)LT(405)RT(-79)W(0)(12279)
04-13 00:45:14.050  2137  2137 I Kernel  : [45552.722904][wlan] nicTxReleaseResource: (TX STATE)
04-13 00:45:14.050  2137  2137 I Kernel  : Release: TC4 count 1, Free=4; TC5 count 0, Free=4
04-13 00:45:14.115 23293 23326 I native-activity: Read pixels, GL error is 0x0
04-13 00:45:14.115 23293 23326 I native-activity: Swap 579 time is 113.787ms
04-13 00:45:14.116 23293 23326 I native-activity: Animating
04-13 00:45:14.145 23293 23326 I native-activity: Frame 580 GL error is 0x0
04-13 00:45:14.145 23293 23326 I native-activity: Frame 580 time is 29.412ms
04-13 00:45:14.145 23293 23326 I native-activity: Doing egl_swapbuffers_sync 1
04-13 00:45:14.145 23293 23326 D native-activity: Reading pixels format 0x1908 type 0x1401 bpp 4
04-13 00:45:14.233 23293 23326 I native-activity: Read pixels, GL error is 0x0
04-13 00:45:14.234 23293 23326 I native-activity: Swap 580 time is 117.982ms
04-13 00:45:14.234 23293 23326 I native-activity: Animating
04-13 00:45:14.266 23293 23326 I native-activity: Frame 581 GL error is 0x0
04-13 00:45:14.266 23293 23326 I native-activity: Frame 581 time is 31.897ms
04-13 00:45:14.266 23293 23326 I native-activity: Doing egl_swapbuffers_sync 1
04-13 00:45:14.266 23293 23326 D native-activity: Reading pixels format 0x1908 type 0x1401 bpp 4
04-13 00:45:14.280    82    82 I Kernel  : [45552.960582].(0)[82:mtk charger_hv_]charging_reset_watch_dog_timer
04-13 00:45:14.280    82    82 I Kernel  : [45552.961433].(0)[82:mtk charger_hv_]array_size = 16 
04-13 00:45:14.355 23293 23326 I native-activity: Read pixels, GL error is 0x0
04-13 00:45:14.355 23293 23326 I native-activity: Swap 581 time is 121.220ms
04-13 00:45:14.355 23293 23326 I native-activity: Animating
04-13 00:45:14.382 23293 23326 I native-activity: Frame 582 GL error is 0x0
04-13 00:45:14.382 23293 23326 I native-activity: Frame 582 time is 26.736ms
04-13 00:45:14.383 23293 23326 I native-activity: Doing egl_swapbuffers_sync 1
04-13 00:45:14.383 23293 23326 D native-activity: Reading pixels format 0x1908 type 0x1401 bpp 4
04-13 00:45:14.472 23293 23326 I native-activity: Read pixels, GL error is 0x0
04-13 00:45:14.472 23293 23326 I native-activity: Swap 582 time is 116.683ms
04-13 00:45:14.472 23293 23326 I native-activity: Animating
04-13 00:45:14.496 23293 23326 I native-activity: Frame 583 GL error is 0x0
04-13 00:45:14.496 23293 23326 I native-activity: Frame 583 time is 23.511ms
04-13 00:45:14.496 23293 23326 I native-activity: Doing egl_swapbuffers_sync 1
04-13 00:45:14.496 23293 23326 D native-activity: Reading pixels format 0x1908 type 0x1401 bpp 4
04-13 00:45:14.585 23293 23326 I native-activity: Read pixels, GL error is 0x0
04-13 00:45:14.585 23293 23326 I native-activity: Swap 583 time is 112.520ms
04-13 00:45:14.585 23293 23326 I native-activity: Animating
04-13 00:45:14.606 23293 23326 I native-activity: Frame 584 GL error is 0x0
04-13 00:45:14.606 23293 23326 I native-activity: Frame 584 time is 21.085ms
04-13 00:45:14.606 23293 23326 I native-activity: Doing egl_swapbuffers_sync 1
04-13 00:45:14.606 23293 23326 D native-activity: Reading pixels format 0x1908 type 0x1401 bpp 4
04-13 00:45:14.694 23293 23326 I native-activity: Read pixels, GL error is 0x0
04-13 00:45:14.695 23293 23326 I native-activity: Swap 584 time is 109.524ms
04-13 00:45:14.695 23293 23326 I native-activity: Animating
04-13 00:45:14.715 23293 23326 I native-activity: Frame 585 GL error is 0x0
04-13 00:45:14.715 23293 23326 I native-activity: Frame 585 time is 19.877ms
04-13 00:45:14.715 23293 23326 I native-activity: Doing egl_swapbuffers_sync 1
04-13 00:45:14.715 23293 23326 D native-activity: Reading pixels format 0x1908 type 0x1401 bpp 4
04-13 00:45:14.804 23293 23326 I native-activity: Read pixels, GL error is 0x0
04-13 00:45:14.804 23293 23326 I native-activity: Swap 585 time is 108.951ms
04-13 00:45:14.804 23293 23326 I native-activity: Animating
04-13 00:45:14.824 23293 23326 I native-activity: Frame 586 GL error is 0x0
04-13 00:45:14.824 23293 23326 I native-activity: Frame 586 time is 20.563ms
04-13 00:45:14.825 23293 23326 I native-activity: Doing egl_swapbuffers_sync 1
04-13 00:45:14.825 23293 23326 D native-activity: Reading pixels format 0x1908 type 0x1401 bpp 4
04-13 00:45:14.914 23293 23326 I native-activity: Read pixels, GL error is 0x0
04-13 00:45:14.915 23293 23326 I native-activity: Swap 586 time is 110.695ms
04-13 00:45:14.915 23293 23326 I native-activity: Animating
04-13 00:45:14.934 23293 23326 I native-activity: Frame 587 GL error is 0x0
04-13 00:45:14.934 23293 23326 I native-activity: Frame 587 time is 19.499ms
04-13 00:45:14.934 23293 23326 I native-activity: Doing egl_swapbuffers_sync 1
04-13 00:45:14.934 23293 23326 D native-activity: Reading pixels format 0x1908 type 0x1401 bpp 4
04-13 00:45:15.025 23293 23326 I native-activity: Read pixels, GL error is 0x0
04-13 00:45:15.025 23293 23326 I native-activity: Swap 587 time is 109.833ms
04-13 00:45:15.025 23293 23326 I native-activity: Animating
04-13 00:45:15.044 23293 23326 I native-activity: Frame 588 GL error is 0x0
04-13 00:45:15.044 23293 23326 I native-activity: Frame 588 time is 19.498ms
04-13 00:45:15.044 23293 23326 I native-activity: Doing egl_swapbuffers_sync 1
04-13 00:45:15.045 23293 23326 D native-activity: Reading pixels format 0x1908 type 0x1401 bpp 4
04-13 00:45:15.135 23293 23326 I native-activity: Read pixels, GL error is 0x0
04-13 00:45:15.135 23293 23326 I native-activity: Swap 588 time is 109.887ms
04-13 00:45:15.135 23293 23326 I native-activity: Animating
04-13 00:45:15.130     0     0 I Kernel  : [45553.803395]-(0)[0:swapper/0]dpi vsync
04-13 00:45:15.154 23293 23326 I native-activity: Frame 589 GL error is 0x0
04-13 00:45:15.155 23293 23326 I native-activity: Frame 589 time is 19.508ms
04-13 00:45:15.155 23293 23326 I native-activity: Doing egl_swapbuffers_sync 1
04-13 00:45:15.155 23293 23326 D native-activity: Reading pixels format 0x1908 type 0x1401 bpp 4
04-13 00:45:15.244 23293 23326 I native-activity: Read pixels, GL error is 0x0
04-13 00:45:15.244 23293 23326 I native-activity: Swap 589 time is 109.031ms
04-13 00:45:15.244 23293 23326 I native-activity: Animating
04-13 00:45:15.264 23293 23326 I native-activity: Frame 590 GL error is 0x0
04-13 00:45:15.264 23293 23326 I native-activity: Frame 590 time is 19.521ms
04-13 00:45:15.264 23293 23326 I native-activity: Doing egl_swapbuffers_sync 1
04-13 00:45:15.264 23293 23326 D native-activity: Reading pixels format 0x1908 type 0x1401 bpp 4
04-13 00:45:15.290    82    82 I Kernel  : [45553.961595].(0)[82:mtk charger_hv_]charging_reset_watch_dog_timer
04-13 00:45:15.290    82    82 I Kernel  : [45553.963531].(0)[82:mtk charger_hv_]array_size = 16 
04-13 00:45:15.354 23293 23326 I native-activity: Read pixels, GL error is 0x0
04-13 00:45:15.354 23293 23326 I native-activity: Swap 590 time is 109.410ms
04-13 00:45:15.354 23293 23326 I native-activity: Animating
04-13 00:45:15.374 23293 23326 I native-activity: Frame 591 GL error is 0x0
04-13 00:45:15.374 23293 23326 I native-activity: Frame 591 time is 19.886ms
04-13 00:45:15.374 23293 23326 I native-activity: Doing egl_swapbuffers_sync 1
04-13 00:45:15.374 23293 23326 D native-activity: Reading pixels format 0x1908 type 0x1401 bpp 4
04-13 00:45:15.463 23293 23326 I native-activity: Read pixels, GL error is 0x0
04-13 00:45:15.464 23293 23326 I native-activity: Swap 591 time is 109.569ms
04-13 00:45:15.464 23293 23326 I native-activity: Animating
04-13 00:45:15.486 23293 23326 I native-activity: Frame 592 GL error is 0x501
04-13 00:45:15.486 23293 23326 I native-activity: Frame 592 time is 22.304ms
04-13 00:45:15.486 23293 23326 I native-activity: Doing egl_swapbuffers_sync 1
04-13 00:45:15.486 23293 23326 D native-activity: Reading pixels format 0x1908 type 0x1401 bpp 4
04-13 00:45:15.576 23293 23326 I native-activity: Read pixels, GL error is 0x0
04-13 00:45:15.576 23293 23326 I native-activity: Swap 592 time is 112.548ms
04-13 00:45:15.576 23293 23326 I native-activity: Animating
04-13 00:45:15.596 23293 23326 I native-activity: Frame 593 GL error is 0x0
04-13 00:45:15.596 23293 23326 I native-activity: Frame 593 time is 19.569ms
04-13 00:45:15.596 23293 23326 I native-activity: Doing egl_swapbuffers_sync 1
04-13 00:45:15.596 23293 23326 D native-activity: Reading pixels format 0x1908 type 0x1401 bpp 4
04-13 00:45:15.685 23293 23326 I native-activity: Read pixels, GL error is 0x0
04-13 00:45:15.685 23293 23326 I native-activity: Swap 593 time is 108.841ms
04-13 00:45:15.686 23293 23326 I native-activity: Animating
04-13 00:45:15.705 23293 23326 I native-activity: Frame 594 GL error is 0x0
04-13 00:45:15.705 23293 23326 I native-activity: Frame 594 time is 19.824ms
04-13 00:45:15.706 23293 23326 I native-activity: Doing egl_swapbuffers_sync 1
04-13 00:45:15.706 23293 23326 D native-activity: Reading pixels format 0x1908 type 0x1401 bpp 4
04-13 00:45:15.794 23293 23326 I native-activity: Read pixels, GL error is 0x0
04-13 00:45:15.794 23293 23326 I native-activity: Swap 594 time is 108.273ms
04-13 00:45:15.794 23293 23326 I native-activity: Animating
04-13 00:45:15.840 23293 23326 I native-activity: Frame 595 GL error is 0x0
04-13 00:45:15.840 23293 23326 I native-activity: Frame 595 time is 45.500ms
04-13 00:45:15.840 23293 23326 I native-activity: Doing egl_swapbuffers_sync 1
04-13 00:45:15.840 23293 23326 D native-activity: Reading pixels format 0x1908 type 0x1401 bpp 4
04-13 00:45:15.928 23293 23326 I native-activity: Read pixels, GL error is 0x0
04-13 00:45:15.928 23293 23326 I native-activity: Swap 595 time is 133.521ms
04-13 00:45:15.928 23293 23326 I native-activity: Animating
04-13 00:45:15.955 23293 23326 I native-activity: Frame 596 GL error is 0x0
04-13 00:45:15.955 23293 23326 I native-activity: Frame 596 time is 26.689ms
04-13 00:45:15.955 23293 23326 I native-activity: Doing egl_swapbuffers_sync 1
04-13 00:45:15.955 23293 23326 D native-activity: Reading pixels format 0x1908 type 0x1401 bpp 4
04-13 00:45:16.043 23293 23326 I native-activity: Read pixels, GL error is 0x0
04-13 00:45:16.043 23293 23326 I native-activity: Swap 596 time is 115.308ms
04-13 00:45:16.043 23293 23326 I native-activity: Animating
04-13 00:45:16.067 23293 23326 I native-activity: Frame 597 GL error is 0x0
04-13 00:45:16.067 23293 23326 I native-activity: Frame 597 time is 23.264ms
04-13 00:45:16.067 23293 23326 I native-activity: Doing egl_swapbuffers_sync 1
04-13 00:45:16.067 23293 23326 D native-activity: Reading pixels format 0x1908 type 0x1401 bpp 4
04-13 00:45:16.155 23293 23326 I native-activity: Read pixels, GL error is 0x0
04-13 00:45:16.156 23293 23326 I native-activity: Swap 597 time is 112.005ms
04-13 00:45:16.156 23293 23326 I native-activity: Animating
04-13 00:45:16.182 23293 23326 I native-activity: Frame 598 GL error is 0x0
04-13 00:45:16.182 23293 23326 I native-activity: Frame 598 time is 26.498ms
04-13 00:45:16.182 23293 23326 I native-activity: Doing egl_swapbuffers_sync 1
04-13 00:45:16.182 23293 23326 D native-activity: Reading pixels format 0x1908 type 0x1401 bpp 4
04-13 00:45:16.271 23293 23326 I native-activity: Read pixels, GL error is 0x0
04-13 00:45:16.271 23293 23326 I native-activity: Swap 598 time is 115.308ms
04-13 00:45:16.271 23293 23326 I native-activity: Animating
04-13 00:45:16.296 23293 23326 I native-activity: Frame 599 GL error is 0x0
04-13 00:45:16.296 23293 23326 I native-activity: Frame 599 time is 24.737ms
04-13 00:45:16.296 23293 23326 I native-activity: Doing egl_swapbuffers_sync 1
04-13 00:45:16.296 23293 23326 D native-activity: Reading pixels format 0x1908 type 0x1401 bpp 4
04-13 00:45:16.290    82    82 I Kernel  : [45554.963632].(0)[82:mtk charger_hv_]charging_reset_watch_dog_timer
04-13 00:45:16.290    82    82 I Kernel  : [45554.964543].(0)[82:mtk charger_hv_]array_size = 16 
04-13 00:45:16.386 23293 23326 I native-activity: Read pixels, GL error is 0x0
04-13 00:45:16.386 23293 23326 I native-activity: Swap 599 time is 114.613ms
04-13 00:45:16.386 23293 23326 I native-activity: Animating
04-13 00:45:16.411 23293 23326 I native-activity: Frame 600 GL error is 0x0
04-13 00:45:16.412 23293 23326 I native-activity: Frame 600 time is 25.435ms
04-13 00:45:16.412 23293 23326 I native-activity: Doing egl_swapbuffers_sync 1
04-13 00:45:16.412 23293 23326 D native-activity: Reading pixels format 0x1908 type 0x1401 bpp 4
04-13 00:45:16.502 23293 23326 I native-activity: Read pixels, GL error is 0x0
04-13 00:45:16.502 23293 23326 I native-activity: Swap 600 time is 116.185ms
04-13 00:45:16.503 23293 23326 I native-activity: Animating
04-13 00:45:16.527 23293 23326 I native-activity: Frame 601 GL error is 0x0
04-13 00:45:16.527 23293 23326 I native-activity: Frame 601 time is 24.766ms
04-13 00:45:16.527 23293 23326 I native-activity: Doing egl_swapbuffers_sync 1
04-13 00:45:16.527 23293 23326 D native-activity: Reading pixels format 0x1908 type 0x1401 bpp 4
04-13 00:45:16.615 23293 23326 I native-activity: Read pixels, GL error is 0x0
04-13 00:45:16.615 23293 23326 I native-activity: Swap 601 time is 112.514ms
04-13 00:45:16.615 23293 23326 I native-activity: Animating
04-13 00:45:16.637 23293 23326 I native-activity: Frame 602 GL error is 0x0
04-13 00:45:16.637 23293 23326 I native-activity: Frame 602 time is 21.656ms
04-13 00:45:16.637 23293 23326 I native-activity: Doing egl_swapbuffers_sync 1
04-13 00:45:16.637 23293 23326 D native-activity: Reading pixels format 0x1908 type 0x1401 bpp 4
04-13 00:45:16.724 23293 23326 I native-activity: Read pixels, GL error is 0x0
04-13 00:45:16.724 23293 23326 I native-activity: Swap 602 time is 108.481ms
04-13 00:45:16.724 23293 23326 I native-activity: Animating
04-13 00:45:16.746 23293 23326 I native-activity: Frame 603 GL error is 0x0
04-13 00:45:16.746 23293 23326 I native-activity: Frame 603 time is 22.278ms
04-13 00:45:16.746 23293 23326 I native-activity: Doing egl_swapbuffers_sync 1
04-13 00:45:16.746 23293 23326 D native-activity: Reading pixels format 0x1908 type 0x1401 bpp 4
04-13 00:45:16.833 23293 23326 I native-activity: Read pixels, GL error is 0x0
04-13 00:45:16.833 23293 23326 I native-activity: Swap 603 time is 109.159ms
04-13 00:45:16.833 23293 23326 I native-activity: Animating
04-13 00:45:16.855 23293 23326 I native-activity: Frame 604 GL error is 0x0
04-13 00:45:16.855 23293 23326 I native-activity: Frame 604 time is 21.867ms
04-13 00:45:16.855 23293 23326 I native-activity: Doing egl_swapbuffers_sync 1
04-13 00:45:16.855 23293 23326 D native-activity: Reading pixels format 0x1908 type 0x1401 bpp 4
04-13 00:45:16.941 23293 23326 I native-activity: Read pixels, GL error is 0x0
04-13 00:45:16.941 23293 23326 I native-activity: Swap 604 time is 107.419ms
04-13 00:45:16.941 23293 23326 I native-activity: Animating
04-13 00:45:16.964 23293 23326 I native-activity: Frame 605 GL error is 0x0
04-13 00:45:16.964 23293 23326 I native-activity: Frame 605 time is 22.907ms
04-13 00:45:16.964 23293 23326 I native-activity: Doing egl_swapbuffers_sync 1
04-13 00:45:16.964 23293 23326 D native-activity: Reading pixels format 0x1908 type 0x1401 bpp 4
04-13 00:45:17.052 23293 23326 I native-activity: Read pixels, GL error is 0x0
04-13 00:45:17.052 23293 23326 I native-activity: Swap 605 time is 111.260ms
04-13 00:45:17.053 23293 23326 I native-activity: Animating
04-13 00:45:17.074 23293 23326 I native-activity: Frame 606 GL error is 0x0
04-13 00:45:17.075 23293 23326 I native-activity: Frame 606 time is 21.811ms
04-13 00:45:17.075 23293 23326 I native-activity: Doing egl_swapbuffers_sync 1
04-13 00:45:17.075 23293 23326 D native-activity: Reading pixels format 0x1908 type 0x1401 bpp 4
04-13 00:45:17.070  2137  2137 I Kernel  : [45555.743220][wlan] nicTxReleaseResource: (TX STATE)
04-13 00:45:17.070  2137  2137 I Kernel  : Release: TC4 count 1, Free=4; TC5 count 0, Free=4
04-13 00:45:17.070  2159  2159 I Kernel  : [45555.744635].(1)[2159:wpa_supplicant]poorlink get state G(361733)F(49)dbad(0)dretry(0)LT(405)RT(-79)W(0)(12280)
04-13 00:45:17.070  2137  2137 I Kernel  : [45555.744741][wlan] nicTxReleaseResource: (TX STATE)
04-13 00:45:17.070  2137  2137 I Kernel  : Release: TC4 count 1, Free=4; TC5 count 0, Free=4
04-13 00:45:17.160 23293 23326 I native-activity: Read pixels, GL error is 0x0
04-13 00:45:17.160 23293 23326 I native-activity: Swap 606 time is 107.312ms
04-13 00:45:17.160 23293 23326 I native-activity: Animating
04-13 00:45:17.178 23293 23326 I native-activity: Frame 607 GL error is 0x0
04-13 00:45:17.178 23293 23326 I native-activity: Frame 607 time is 17.765ms
04-13 00:45:17.178 23293 23326 I native-activity: Doing egl_swapbuffers_sync 1
04-13 00:45:17.178 23293 23326 D native-activity: Reading pixels format 0x1908 type 0x1401 bpp 4
04-13 00:45:17.160     0     0 I Kernel  : [45555.835559]-(0)[0:swapper/0]dpi vsync
04-13 00:45:17.262 23293 23326 I native-activity: Read pixels, GL error is 0x0
04-13 00:45:17.262 23293 23326 I native-activity: Swap 607 time is 101.376ms
04-13 00:45:17.262 23293 23326 I native-activity: Animating
04-13 00:45:17.282 23293 23326 I native-activity: Frame 608 GL error is 0x0
04-13 00:45:17.282 23293 23326 I native-activity: Frame 608 time is 19.691ms
04-13 00:45:17.282 23293 23326 I native-activity: Doing egl_swapbuffers_sync 1
04-13 00:45:17.282 23293 23326 D native-activity: Reading pixels format 0x1908 type 0x1401 bpp 4
04-13 00:45:17.290    82    82 I Kernel  : [45555.964642].(0)[82:mtk charger_hv_]charging_reset_watch_dog_timer
04-13 00:45:17.290    82    82 I Kernel  : [45555.965549].(0)[82:mtk charger_hv_]array_size = 16 
04-13 00:45:17.366 23293 23326 I native-activity: Read pixels, GL error is 0x0
04-13 00:45:17.366 23293 23326 I native-activity: Swap 608 time is 104.237ms
04-13 00:45:17.366 23293 23326 I native-activity: Animating
04-13 00:45:17.387 23293 23326 I native-activity: Frame 609 GL error is 0x0
04-13 00:45:17.387 23293 23326 I native-activity: Frame 609 time is 20.927ms
04-13 00:45:17.387 23293 23326 I native-activity: Doing egl_swapbuffers_sync 1
04-13 00:45:17.387 23293 23326 D native-activity: Reading pixels format 0x1908 type 0x1401 bpp 4
04-13 00:45:17.473 23293 23326 I native-activity: Read pixels, GL error is 0x0
04-13 00:45:17.473 23293 23326 I native-activity: Swap 609 time is 106.307ms
04-13 00:45:17.473 23293 23326 I native-activity: Animating
04-13 00:45:17.500 23293 23326 I native-activity: Frame 610 GL error is 0x0
04-13 00:45:17.500 23293 23326 I native-activity: Frame 610 time is 27.501ms
04-13 00:45:17.500 23293 23326 I native-activity: Doing egl_swapbuffers_sync 1
04-13 00:45:17.501 23293 23326 D native-activity: Reading pixels format 0x1908 type 0x1401 bpp 4
04-13 00:45:17.587 23293 23326 I native-activity: Read pixels, GL error is 0x0
04-13 00:45:17.587 23293 23326 I native-activity: Swap 610 time is 114.125ms
04-13 00:45:17.587 23293 23326 I native-activity: Animating
04-13 00:45:17.609 23293 23326 I native-activity: Frame 611 GL error is 0x0
04-13 00:45:17.609 23293 23326 I native-activity: Frame 611 time is 21.691ms
04-13 00:45:17.609 23293 23326 I native-activity: Doing egl_swapbuffers_sync 1
04-13 00:45:17.609 23293 23326 D native-activity: Reading pixels format 0x1908 type 0x1401 bpp 4
04-13 00:45:17.694 23293 23326 I native-activity: Read pixels, GL error is 0x0
04-13 00:45:17.695 23293 23326 I native-activity: Swap 611 time is 107.331ms
04-13 00:45:17.695 23293 23326 I native-activity: Animating
04-13 00:45:17.716 23293 23326 I native-activity: Frame 612 GL error is 0x0
04-13 00:45:17.716 23293 23326 I native-activity: Frame 612 time is 21.194ms
04-13 00:45:17.716 23293 23326 I native-activity: Doing egl_swapbuffers_sync 1
04-13 00:45:17.716 23293 23326 D native-activity: Reading pixels format 0x1908 type 0x1401 bpp 4
04-13 00:45:17.801 23293 23326 I native-activity: Read pixels, GL error is 0x0
04-13 00:45:17.801 23293 23326 I native-activity: Swap 612 time is 106.225ms
04-13 00:45:17.801 23293 23326 I native-activity: Animating
04-13 00:45:17.850 23293 23326 I native-activity: Frame 613 GL error is 0x0
04-13 00:45:17.850 23293 23326 I native-activity: Frame 613 time is 49.023ms
04-13 00:45:17.850 23293 23326 I native-activity: Doing egl_swapbuffers_sync 1
04-13 00:45:17.850 23293 23326 D native-activity: Reading pixels format 0x1908 type 0x1401 bpp 4
04-13 00:45:17.940 23293 23326 I native-activity: Read pixels, GL error is 0x0
04-13 00:45:17.940 23293 23326 I native-activity: Swap 613 time is 138.351ms
04-13 00:45:17.941 23293 23326 I native-activity: Animating
04-13 00:45:17.965 23293 23326 I native-activity: Frame 614 GL error is 0x0
04-13 00:45:17.965 23293 23326 I native-activity: Frame 614 time is 23.167ms
04-13 00:45:17.965 23293 23326 I native-activity: Doing egl_swapbuffers_sync 1
04-13 00:45:17.965 23293 23326 D native-activity: Reading pixels format 0x1908 type 0x1401 bpp 4
04-13 00:45:18.051 23293 23326 I native-activity: Read pixels, GL error is 0x0
04-13 00:45:18.051 23293 23326 I native-activity: Swap 614 time is 109.500ms
04-13 00:45:18.051 23293 23326 I native-activity: Animating
04-13 00:45:18.064 23293 23326 I native-activity: Frame 615 GL error is 0x0
04-13 00:45:18.064 23293 23326 I native-activity: Frame 615 time is 13.309ms
04-13 00:45:18.065 23293 23326 I native-activity: Doing egl_swapbuffers_sync 1
04-13 00:45:18.065 23293 23326 D native-activity: Reading pixels format 0x1908 type 0x1401 bpp 4
04-13 00:45:18.150 23293 23326 I native-activity: Read pixels, GL error is 0x0
04-13 00:45:18.150 23293 23326 I native-activity: Swap 615 time is 98.574ms
04-13 00:45:18.150 23293 23326 I native-activity: Animating
04-13 00:45:18.164 23293 23326 I native-activity: Frame 616 GL error is 0x0
04-13 00:45:18.164 23293 23326 I native-activity: Frame 616 time is 14.008ms
04-13 00:45:18.164 23293 23326 I native-activity: Doing egl_swapbuffers_sync 1
04-13 00:45:18.164 23293 23326 D native-activity: Reading pixels format 0x1908 type 0x1401 bpp 4
04-13 00:45:18.250 23293 23326 I native-activity: Read pixels, GL error is 0x0
04-13 00:45:18.250 23293 23326 I native-activity: Swap 616 time is 100.156ms
04-13 00:45:18.250 23293 23326 I native-activity: Animating
04-13 00:45:18.264 23293 23326 I native-activity: Frame 617 GL error is 0x0
04-13 00:45:18.264 23293 23326 I native-activity: Frame 617 time is 13.968ms
04-13 00:45:18.264 23293 23326 I native-activity: Doing egl_swapbuffers_sync 1
04-13 00:45:18.264 23293 23326 D native-activity: Reading pixels format 0x1908 type 0x1401 bpp 4
04-13 00:45:18.290    82    82 I Kernel  : [45556.965650].(0)[82:mtk charger_hv_]charging_reset_watch_dog_timer
04-13 00:45:18.290    82    82 I Kernel  : [45556.966558].(0)[82:mtk charger_hv_]array_size = 16 
04-13 00:45:18.350 23293 23326 I native-activity: Read pixels, GL error is 0x0
04-13 00:45:18.350 23293 23326 I native-activity: Swap 617 time is 99.623ms
04-13 00:45:18.350 23293 23326 I native-activity: Animating
04-13 