04-13 00:41:42.919 22683 22716 I native-activity: Frame 208 GL error is 0x0
04-13 00:41:42.920 22683 22716 I native-activity: Frame 208 time is 0.510ms
04-13 00:41:42.920 22683 22716 I native-activity: Doing egl_swapbuffers_sync 1
04-13 00:41:42.920 22683 22716 D native-activity: Reading pixels format 0x1908 type 0x1401 bpp 4
04-13 00:41:42.925 22683 22716 I native-activity: Read pixels, GL error is 0x0
04-13 00:41:42.925 22683 22716 I native-activity: Swap 208 time is 6.394ms
04-13 00:41:42.926 22683 22716 I native-activity: Animating
04-13 00:41:42.926 22683 22716 I native-activity: Frame 209 GL error is 0x0
04-13 00:41:42.926 22683 22716 I native-activity: Frame 209 time is 0.418ms
04-13 00:41:42.926 22683 22716 I native-activity: Doing egl_swapbuffers_sync 1
04-13 00:41:42.926 22683 22716 D native-activity: Reading pixels format 0x1908 type 0x1401 bpp 4
04-13 00:41:42.933 22683 22716 I native-activity: Read pixels, GL error is 0x0
04-13 00:41:42.933 22683 22716 I native-activity: Swap 209 time is 7.284ms
04-13 00:41:42.933 22683 22716 I native-activity: Animating
04-13 00:41:42.933 22683 22716 I native-activity: Frame 210 GL error is 0x0
04-13 00:41:42.933 22683 22716 I native-activity: Frame 210 time is 0.429ms
04-13 00:41:42.933 22683 22716 I native-activity: Doing egl_swapbuffers_sync 1
04-13 00:41:42.933 22683 22716 D native-activity: Reading pixels format 0x1908 type 0x1401 bpp 4
04-13 00:41:42.940 22683 22716 I native-activity: Read pixels, GL error is 0x0
04-13 00:41:42.940 22683 22716 I native-activity: Swap 210 time is 6.997ms
04-13 00:41:42.940 22683 22716 I native-activity: Animating
04-13 00:41:42.940 22683 22716 I native-activity: Frame 211 GL error is 0x0
04-13 00:41:42.941 22683 22716 I native-activity: Frame 211 time is 0.440ms
04-13 00:41:42.941 22683 22716 I native-activity: Doing egl_swapbuffers_sync 1
04-13 00:41:42.941 22683 22716 D native-activity: Reading pixels format 0x1908 type 0x1401 bpp 4
04-13 00:41:42.946 22683 22716 I native-activity: Read pixels, GL error is 0x0
04-13 00:41:42.946 22683 22716 I native-activity: Swap 211 time is 6.258ms
04-13 00:41:42.946 22683 22716 I native-activity: Animating
04-13 00:41:42.947 22683 22716 I native-activity: Frame 212 GL error is 0x0
04-13 00:41:42.947 22683 22716 I native-activity: Frame 212 time is 0.408ms
04-13 00:41:42.947 22683 22716 I native-activity: Doing egl_swapbuffers_sync 1
04-13 00:41:42.947 22683 22716 D native-activity: Reading pixels format 0x1908 type 0x1401 bpp 4
04-13 00:41:42.953 22683 22716 I native-activity: Read pixels, GL error is 0x0
04-13 00:41:42.954 22683 22716 I native-activity: Swap 212 time is 7.046ms
04-13 00:41:42.954 22683 22716 I native-activity: Animating
04-13 00:41:42.954 22683 22716 I native-activity: Frame 213 GL error is 0x0
04-13 00:41:42.954 22683 22716 I native-activity: Frame 213 time is 0.436ms
04-13 00:41:42.954 22683 22716 I native-activity: Doing egl_swapbuffers_sync 1
04-13 00:41:42.954 22683 22716 D native-activity: Reading pixels format 0x1908 type 0x1401 bpp 4
04-13 00:41:42.961 22683 22716 I native-activity: Read pixels, GL error is 0x0
04-13 00:41:42.961 22683 22716 I native-activity: Swap 213 time is 7.300ms
04-13 00:41:42.961 22683 22716 I native-activity: Animating
04-13 00:41:42.962 22683 22716 I native-activity: Frame 214 GL error is 0x0
04-13 00:41:42.962 22683 22716 I native-activity: Frame 214 time is 1.018ms
04-13 00:41:42.962 22683 22716 I native-activity: Doing egl_swapbuffers_sync 1
04-13 00:41:42.962 22683 22716 D native-activity: Reading pixels format 0x1908 type 0x1401 bpp 4
04-13 00:41:42.968 22683 22716 I native-activity: Read pixels, GL error is 0x0
04-13 00:41:42.968 22683 22716 I native-activity: Swap 214 time is 6.737ms
04-13 00:41:42.968 22683 22716 I native-activity: Animating
04-13 00:41:42.968 22683 22716 I native-activity: Frame 215 GL error is 0x0
04-13 00:41:42.968 22683 22716 I native-activity: Frame 215 time is 0.412ms
04-13 00:41:42.968 22683 22716 I native-activity: Doing egl_swapbuffers_sync 1
04-13 00:41:42.969 22683 22716 D native-activity: Reading pixels format 0x1908 type 0x1401 bpp 4
04-13 00:41:42.975 22683 22716 I native-activity: Read pixels, GL error is 0x0
04-13 00:41:42.976 22683 22716 I native-activity: Swap 215 time is 7.523ms
04-13 00:41:42.976 22683 22716 I native-activity: Animating
04-13 00:41:42.976 22683 22716 I native-activity: Frame 216 GL error is 0x0
04-13 00:41:42.976 22683 22716 I native-activity: Frame 216 time is 0.408ms
04-13 00:41:42.976 22683 22716 I native-activity: Doing egl_swapbuffers_sync 1
04-13 00:41:42.976 22683 22716 D native-activity: Reading pixels format 0x1908 type 0x1401 bpp 4
04-13 00:41:42.983 22683 22716 I native-activity: Read pixels, GL error is 0x0
04-13 00:41:42.983 22683 22716 I native-activity: Swap 216 time is 6.932ms
04-13 00:41:42.983 22683 22716 I native-activity: Animating
04-13 00:41:42.983 22683 22716 I native-activity: Frame 217 GL error is 0x0
04-13 00:41:42.983 22683 22716 I native-activity: Frame 217 time is 0.425ms
04-13 00:41:42.983 22683 22716 I native-activity: Doing egl_swapbuffers_sync 1
04-13 00:41:42.983 22683 22716 D native-activity: Reading pixels format 0x1908 type 0x1401 bpp 4
04-13 00:41:42.990 22683 22716 I native-activity: Read pixels, GL error is 0x0
04-13 00:41:42.991 22683 22716 I native-activity: Swap 217 time is 7.790ms
04-13 00:41:42.991 22683 22716 I native-activity: Animating
04-13 00:41:42.991 22683 22716 I native-activity: Frame 218 GL error is 0x0
04-13 00:41:42.991 22683 22716 I native-activity: Frame 218 time is 0.529ms
04-13 00:41:42.991 22683 22716 I native-activity: Doing egl_swapbuffers_sync 1
04-13 00:41:42.991 22683 22716 D native-activity: Reading pixels format 0x1908 type 0x1401 bpp 4
04-13 00:41:42.998 22683 22716 I native-activity: Read pixels, GL error is 0x0
04-13 00:41:42.998 22683 22716 I native-activity: Swap 218 time is 7.452ms
04-13 00:41:42.998 22683 22716 I native-activity: Animating
04-13 00:41:42.999 22683 22716 I native-activity: Frame 219 GL error is 0x0
04-13 00:41:42.999 22683 22716 I native-activity: Frame 219 time is 0.440ms
04-13 00:41:42.999 22683 22716 I native-activity: Doing egl_swapbuffers_sync 1
04-13 00:41:42.999 22683 22716 D native-activity: Reading pixels format 0x1908 type 0x1401 bpp 4
04-13 00:41:43.006 22683 22716 I native-activity: Read pixels, GL error is 0x0
04-13 00:41:43.006 22683 22716 I native-activity: Swap 219 time is 7.774ms
04-13 00:41:43.006 22683 22716 I native-activity: Animating
04-13 00:41:43.007 22683 22716 I native-activity: Frame 220 GL error is 0x0
04-13 00:41:43.007 22683 22716 I native-activity: Frame 220 time is 0.450ms
04-13 00:41:43.007 22683 22716 I native-activity: Doing egl_swapbuffers_sync 1
04-13 00:41:43.007 22683 22716 D native-activity: Reading pixels format 0x1908 type 0x1401 bpp 4
04-13 00:41:42.990    82    82 I Kernel  : [45341.665059].(0)[82:mtk charger_hv_]charging_reset_watch_dog_timer
04-13 00:41:42.990    82    82 I Kernel  : [45341.665984].(0)[82:mtk charger_hv_]array_size = 16 
04-13 00:41:43.013 22683 22716 I native-activity: Read pixels, GL error is 0x0
04-13 00:41:43.013 22683 22716 I native-activity: Swap 220 time is 7.071ms
04-13 00:41:43.013 22683 22716 I native-activity: Animating
04-13 00:41:43.014 22683 22716 I native-activity: Frame 221 GL error is 0x0
04-13 00:41:43.014 22683 22716 I native-activity: Frame 221 time is 0.426ms
04-13 00:41:43.014 22683 22716 I native-activity: Doing egl_swapbuffers_sync 1
04-13 00:41:43.014 22683 22716 D native-activity: Reading pixels format 0x1908 type 0x1401 bpp 4
04-13 00:41:43.020 22683 22716 I native-activity: Read pixels, GL error is 0x0
04-13 00:41:43.021 22683 22716 I native-activity: Swap 221 time is 7.393ms
04-13 00:41:43.021 22683 22716 I native-activity: Animating
04-13 00:41:43.022 22683 22716 I native-activity: Frame 222 GL error is 0x0
04-13 00:41:43.022 22683 22716 I native-activity: Frame 222 time is 0.938ms
04-13 00:41:43.022 22683 22716 I native-activity: Doing egl_swapbuffers_sync 1
04-13 00:41:43.022 22683 22716 D native-activity: Reading pixels format 0x1908 type 0x1401 bpp 4
04-13 00:41:43.028 22683 22716 I native-activity: Read pixels, GL error is 0x0
04-13 00:41:43.028 22683 22716 I native-activity: Swap 222 time is 6.692ms
04-13 00:41:43.028 22683 22716 I native-activity: Animating
04-13 00:41:43.028 22683 22716 I native-activity: Frame 223 GL error is 0x0
04-13 00:41:43.028 22683 22716 I native-activity: Frame 223 time is 0.414ms
04-13 00:41:43.028 22683 22716 I native-activity: Doing egl_swapbuffers_sync 1
04-13 00:41:43.028 22683 22716 D native-activity: Reading pixels format 0x1908 type 0x1401 bpp 4
04-13 00:41:43.035 22683 22716 I native-activity: Read pixels, GL error is 0x0
04-13 00:41:43.035 22683 22716 I native-activity: Swap 223 time is 7.070ms
04-13 00:41:43.035 22683 22716 I native-activity: Animating
04-13 00:41:43.035 22683 22716 I native-activity: Frame 224 GL error is 0x0
04-13 00:41:43.035 22683 22716 I native-activity: Frame 224 time is 0.408ms
04-13 00:41:43.035 22683 22716 I native-activity: Doing egl_swapbuffers_sync 1
04-13 00:41:43.036 22683 22716 D native-activity: Reading pixels format 0x1908 type 0x1401 bpp 4
04-13 00:41:43.042 22683 22716 I native-activity: Read pixels, GL error is 0x0
04-13 00:41:43.042 22683 22716 I native-activity: Swap 224 time is 7.262ms
04-13 00:41:43.042 22683 22716 I native-activity: Animating
04-13 00:41:43.236 22683 22716 I native-activity: Frame 225 GL error is 0x500
04-13 00:41:43.236 22683 22716 I native-activity: Frame 225 time is 193.720ms
04-13 00:41:43.236 22683 22716 I native-activity: Doing egl_swapbuffers_sync 1
04-13 00:41:43.236 22683 22716 D native-activity: Reading pixels format 0x1908 type 0x1401 bpp 4
04-13 00:41:43.249 22683 22716 I native-activity: Read pixels, GL error is 0x0
04-13 00:41:43.249 22683 22716 I native-activity: Swap 225 time is 206.397ms
04-13 00:41:43.249 22683 22716 I native-activity: Animating
04-13 00:41:43.250 22683 22716 I native-activity: Frame 226 GL error is 0x0
04-13 00:41:43.250 22683 22716 I native-activity: Frame 226 time is 0.867ms
04-13 00:41:43.250 22683 22716 I native-activity: Doing egl_swapbuffers_sync 1
04-13 00:41:43.250 22683 22716 D native-activity: Reading pixels format 0x1908 type 0x1401 bpp 4
04-13 00:41:43.262 22683 22716 I native-activity: Read pixels, GL error is 0x0
04-13 00:41:43.262 22683 22716 I native-activity: Swap 226 time is 13.331ms
04-13 00:41:43.262 22683 22716 I native-activity: Animating
04-13 00:41:43.265 22683 22716 I native-activity: Frame 227 GL error is 0x0
04-13 00:41:43.265 22683 22716 I native-activity: Frame 227 time is 2.771ms
04-13 00:41:43.265 22683 22716 I native-activity: Doing egl_swapbuffers_sync 1
04-13 00:41:43.265 22683 22716 D native-activity: Reading pixels format 0x1908 type 0x1401 bpp 4
04-13 00:41:43.286 22683 22716 I native-activity: Read pixels, GL error is 0x0
04-13 00:41:43.286 22683 22716 I native-activity: Swap 227 time is 23.276ms
04-13 00:41:43.286 22683 22716 I native-activity: Animating
04-13 00:41:43.290 22683 22716 I native-activity: Frame 228 GL error is 0x0
04-13 00:41:43.290 22683 22716 I native-activity: Frame 228 time is 4.380ms
04-13 00:41:43.290 22683 22716 I native-activity: Doing egl_swapbuffers_sync 1
04-13 00:41:43.290 22683 22716 D native-activity: Reading pixels format 0x1908 type 0x1401 bpp 4
04-13 00:41:43.311 22683 22716 I native-activity: Read pixels, GL error is 0x0
04-13 00:41:43.311 22683 22716 I native-activity: Swap 228 time is 25.313ms
04-13 00:41:43.311 22683 22716 I native-activity: Animating
04-13 00:41:43.314 22683 22716 I native-activity: Frame 229 GL error is 0x0
04-13 00:41:43.314 22683 22716 I native-activity: Frame 229 time is 3.044ms
04-13 00:41:43.314 22683 22716 I native-activity: Doing egl_swapbuffers_sync 1
04-13 00:41:43.314 22683 22716 D native-activity: Reading pixels format 0x1908 type 0x1401 bpp 4
04-13 00:41:43.334 22683 22716 I native-activity: Read pixels, GL error is 0x0
04-13 00:41:43.335 22683 22716 I native-activity: Swap 229 time is 23.295ms
04-13 00:41:43.335 22683 22716 I native-activity: Animating
04-13 00:41:43.338 22683 22716 I native-activity: Frame 230 GL error is 0x0
04-13 00:41:43.338 22683 22716 I native-activity: Frame 230 time is 3.023ms
04-13 00:41:43.338 22683 22716 I native-activity: Doing egl_swapbuffers_sync 1
04-13 00:41:43.338 22683 22716 D native-activity: Reading pixels format 0x1908 type 0x1401 bpp 4
04-13 00:41:43.359 22683 22716 I native-activity: Read pixels, GL error is 0x0
04-13 00:41:43.359 22683 22716 I native-activity: Swap 230 time is 24.578ms
04-13 00:41:43.360 22683 22716 I native-activity: Animating
04-13 00:41:43.363 22683 22716 I native-activity: Frame 231 GL error is 0x0
04-13 00:41:43.364 22683 22716 I native-activity: Frame 231 time is 3.780ms
04-13 00:41:43.364 22683 22716 I native-activity: Doing egl_swapbuffers_sync 1
04-13 00:41:43.364 22683 22716 D native-activity: Reading pixels format 0x1908 type 0x1401 bpp 4
04-13 00:41:43.381 20692 20755 I AmazonCMS: CMS is no longer being used, shutting down...
04-13 00:41:43.383 22683 22716 I native-activity: Read pixels, GL error is 0x0
04-13 00:41:43.384 22683 22716 I native-activity: Swap 231 time is 23.824ms
04-13 00:41:43.384 22683 22716 I native-activity: Animating
04-13 00:41:43.386 20692 20755 D AmazonCMS: Reconciler closing
04-13 00:41:43.530 22683 22716 I native-activity: Frame 232 GL error is 0x500
04-13 00:41:43.530 22683 22716 I native-activity: Frame 232 time is 146.540ms
04-13 00:41:43.530 22683 22716 I native-activity: Doing egl_swapbuffers_sync 1
04-13 00:41:43.530 22683 22716 D native-activity: Reading pixels format 0x1908 type 0x1401 bpp 4
04-13 00:41:43.544 22683 22716 I native-activity: Read pixels, GL error is 0x0
04-13 00:41:43.544 22683 22716 I native-activity: Swap 232 time is 159.915ms
04-13 00:41:43.544 22683 22716 I native-activity: Animating
04-13 00:41:43.669 22683 22716 I native-activity: Frame 233 GL error is 0x501
04-13 00:41:43.670 22683 22716 I native-activity: Frame 233 time is 125.733ms
04-13 00:41:43.670 22683 22716 I native-activity: Doing egl_swapbuffers_sync 1
04-13 00:41:43.670 22683 22716 D native-activity: Reading pixels format 0x1908 type 0x1401 bpp 4
04-13 00:41:43.683 22683 22716 I native-activity: Read pixels, GL error is 0x0
04-13 00:41:43.683 22683 22716 I native-activity: Swap 233 time is 139.413ms
04-13 00:41:43.683 22683 22716 I native-activity: Animating
04-13 00:41:43.685 22683 22716 I native-activity: Frame 234 GL error is 0x0
04-13 00:41:43.685 22683 22716 I native-activity: Frame 234 time is 1.776ms
04-13 00:41:43.685 22683 22716 I native-activity: Doing egl_swapbuffers_sync 1
04-13 00:41:43.685 22683 22716 D native-activity: Reading pixels format 0x1908 type 0x1401 bpp 4
04-13 00:41:43.699 22683 22716 I native-activity: Read pixels, GL error is 0x0
04-13 00:41:43.699 22683 22716 I native-activity: Swap 234 time is 15.303ms
04-13 00:41:43.699 22683 22716 I native-activity: Animating
04-13 00:41:43.700 22683 22716 I native-activity: Frame 235 GL error is 0x0
04-13 00:41:43.700 22683 22716 I native-activity: Frame 235 time is 1.237ms
04-13 00:41:43.700 22683 22716 I native-activity: Doing egl_swapbuffers_sync 1
04-13 00:41:43.700 22683 22716 D native-activity: Reading pixels format 0x1908 type 0x1401 bpp 4
04-13 00:41:43.714 22683 22716 I native-activity: Read pixels, GL error is 0x0
04-13 00:41:43.714 22683 22716 I native-activity: Swap 235 time is 15.059ms
04-13 00:41:43.714 22683 22716 I native-activity: Animating
04-13 00:41:43.715 22683 22716 I native-activity: Frame 236 GL error is 0x0
04-13 00:41:43.715 22683 22716 I native-activity: Frame 236 time is 1.479ms
04-13 00:41:43.715 22683 22716 I native-activity: Doing egl_swapbuffers_sync 1
04-13 00:41:43.716 22683 22716 D native-activity: Reading pixels format 0x1908 type 0x1401 bpp 4
04-13 00:41:43.730 22683 22716 I native-activity: Read pixels, GL error is 0x0
04-13 00:41:43.730 22683 22716 I native-activity: Swap 236 time is 15.970ms
04-13 00:41:43.730 22683 22716 I native-activity: Animating
04-13 00:41:43.732 22683 22716 I native-activity: Frame 237 GL error is 0x0
04-13 00:41:43.732 22683 22716 I native-activity: Frame 237 time is 2.119ms
04-13 00:41:43.732 22683 22716 I native-activity: Doing egl_swapbuffers_sync 1
04-13 00:41:43.732 22683 22716 D native-activity: Reading pixels format 0x1908 type 0x1401 bpp 4
04-13 00:41:43.746 22683 22716 I native-activity: Read pixels, GL error is 0x0
04-13 00:41:43.746 22683 22716 I native-activity: Swap 237 time is 16.207ms
04-13 00:41:43.746 22683 22716 I native-activity: Animating
04-13 00:41:43.748 22683 22716 I native-activity: Frame 238 GL error is 0x0
04-13 00:41:43.748 22683 22716 I native-activity: Frame 238 time is 1.498ms
04-13 00:41:43.748 22683 22716 I native-activity: Doing egl_swapbuffers_sync 1
04-13 00:41:43.748 22683 22716 D native-activity: Reading pixels format 0x1908 type 0x1401 bpp 4
04-13 00:41:43.762 22683 22716 I native-activity: Read pixels, GL error is 0x0
04-13 00:41:43.762 22683 22716 I native-activity: Swap 238 time is 15.415ms
04-13 00:41:43.762 22683 22716 I native-activity: Animating
04-13 00:41:43.763 22683 22716 I native-activity: Frame 239 GL error is 0x0
04-13 00:41:43.764 22683 22716 I native-activity: Frame 239 time is 1.478ms
04-13 00:41:43.764 22683 22716 I native-activity: Doing egl_swapbuffers_sync 1
04-13 00:41:43.764 22683 22716 D native-activity: Reading pixels format 0x1908 type 0x1401 bpp 4
04-13 00:41:43.778 22683 22716 I native-activity: Read pixels, GL error is 0x0
04-13 00:41:43.778 22683 22716 I native-activity: Swap 239 time is 16.040ms
04-13 00:41:43.778 22683 22716 I native-activity: Animating
04-13 00:41:43.770 25161 25161 I Kernel  : [45342.441678].(0)[25161:kworker/0:2]virtual_sensor_thermal_get_temp mtktsbattery t=24000 a=7 o=-9500 w=437
04-13 00:41:43.770 25161 25161 I Kernel  : [45342.441780].(0)[25161:kworker/0:2]virtual_sensor_thermal_get_temp mtkts_bts t=31000 a=15 o=-1000 w=113
04-13 00:41:43.770 25161 25161 I Kernel  : [45342.442181].(0)[25161:kworker/0:2]virtual_sensor_thermal_get_temp mtktspmic t=43459 a=4 o=18000 w=450
04-13 00:41:43.770 25161 25161 I Kernel  : [45342.442224].(0)[25161:kworker/0:2]virtual_sensor_thermal_get_temp mtktswmt t=33000 a=1000 o=-5000 w=0
04-13 00:41:43.780     0     0 I Kernel  : [45342.457528]-(0)[0:swapper/0]dpi vsync
04-13 00:41:43.897  1787  1787 I AmazonLocationController: onWifiSignalChanged : connected : true
04-13 00:41:43.990    82    82 I Kernel  : [45342.666082].(0)[82:mtk charger_hv_]charging_reset_watch_dog_timer
04-13 00:41:43.990    82    82 I Kernel  : [45342.666966].(0)[82:mtk charger_hv_]array_size = 16 
04-13 00:41:44.016 22683 22716 I native-activity: Frame 240 GL error is 0x500
04-13 00:41:44.016 22683 22716 I native-activity: Frame 240 time is 237.941ms
04-13 00:41:44.016 22683 22716 I native-activity: Doing egl_swapbuffers_sync 1
04-13 00:41:44.016 22683 22716 D native-activity: Reading pixels format 0x1908 type 0x1401 bpp 4
04-13 00:41:44.030 22683 22716 I native-activity: Read pixels, GL error is 0x0
04-13 00:41:44.030 22683 22716 I native-activity: Swap 240 time is 251.719ms
04-13 00:41:44.030 22683 22716 I native-activity: Animating
04-13 00:41:44.228 22683 22716 I native-activity: Frame 241 GL error is 0x501
04-13 00:41:44.228 22683 22716 I native-activity: Frame 241 time is 198.331ms
04-13 00:41:44.228 22683 22716 I native-activity: Doing egl_swapbuffers_sync 1
04-13 00:41:44.228 22683 22716 D native-activity: Reading pixels format 0x1908 type 0x1401 bpp 4
04-13 00:41:44.242 22683 22716 I native-activity: Read pixels, GL error is 0x0
04-13 00:41:44.242 22683 22716 I native-activity: Swap 241 time is 212.089ms
04-13 00:41:44.242 22683 22716 I native-activity: Animating
04-13 00:41:44.261 22683 22716 I native-activity: Frame 242 GL error is 0x0
04-13 00:41:44.261 22683 22716 I native-activity: Frame 242 time is 19.020ms
04-13 00:41:44.261 22683 22716 I native-activity: Doing egl_swapbuffers_sync 1
04-13 00:41:44.261 22683 22716 D native-activity: Reading pixels format 0x1908 type 0x1401 bpp 4
04-13 00:41:44.275 22683 22716 I native-activity: Read pixels, GL error is 0x0
04-13 00:41:44.275 22683 22716 I native-activity: Swap 242 time is 33.062ms
04-13 00:41:44.275 22683 22716 I native-activity: Animating
04-13 00:41:44.286 22683 22716 I native-activity: Frame 243 GL error is 0x0
04-13 00:41:44.286 22683 22716 I native-activity: Frame 243 time is 10.160ms
04-13 00:41:44.286 22683 22716 I native-activity: Doing egl_swapbuffers_sync 1
04-13 00:41:44.286 22683 22716 D native-activity: Reading pixels format 0x1908 type 0x1401 bpp 4
04-13 00:41:44.299 22683 22716 I native-activity: Read pixels, GL error is 0x0
04-13 00:41:44.299 22683 22716 I native-activity: Swap 243 time is 23.867ms
04-13 00:41:44.300 22683 22716 I native-activity: Animating
04-13 00:41:44.306 22683 22716 I native-activity: Frame 244 GL error is 0x0
04-13 00:41:44.306 22683 22716 I native-activity: Frame 244 time is 6.388ms
04-13 00:41:44.306 22683 22716 I native-activity: Doing egl_swapbuffers_sync 1
04-13 00:41:44.306 22683 22716 D native-activity: Reading pixels format 0x1908 type 0x1401 bpp 4
04-13 00:41:44.320 22683 22716 I native-activity: Read pixels, GL error is 0x0
04-13 00:41:44.320 22683 22716 I native-activity: Swap 244 time is 20.194ms
04-13 00:41:44.320 22683 22716 I native-activity: Animating
04-13 00:41:44.353 22683 22716 I native-activity: Frame 245 GL error is 0x0
04-13 00:41:44.353 22683 22716 I native-activity: Frame 245 time is 33.514ms
04-13 00:41:44.353 22683 22716 I native-activity: Doing egl_swapbuffers_sync 1
04-13 00:41:44.353 22683 22716 D native-activity: Reading pixels format 0x1908 type 0x1401 bpp 4
04-13 00:41:44.375 22683 22716 I native-activity: Read pixels, GL error is 0x0
04-13 00:41:44.375 22683 22716 I native-activity: Swap 245 time is 54.823ms
04-13 00:41:44.375 22683 22716 I native-activity: Animating
04-13 00:41:44.416 22683 22716 I native-activity: Frame 246 GL error is 0x500
04-13 00:41:44.416 22683 22716 I native-activity: Frame 246 time is 41.333ms
04-13 00:41:44.416 22683 22716 I native-activity: Doing egl_swapbuffers_sync 1
04-13 00:41:44.416 22683 22716 D native-activity: Reading pixels format 0x1908 type 0x1401 bpp 4
04-13 00:41:44.438 22683 22716 I native-activity: Read pixels, GL error is 0x0
04-13 00:41:44.438 22683 22716 I native-activity: Swap 246 time is 62.735ms
04-13 00:41:44.438 22683 22716 I native-activity: Animating
04-13 00:41:44.458 22683 22716 I native-activity: Frame 247 GL error is 0x501
04-13 00:41:44.458 22683 22716 I native-activity: Frame 247 time is 20.267ms
04-13 00:41:44.458 22683 22716 I native-activity: Doing egl_swapbuffers_sync 1
04-13 00:41:44.458 22683 22716 D native-activity: Reading pixels format 0x1908 type 0x1401 bpp 4
04-13 00:41:44.480 22683 22716 I native-activity: Read pixels, GL error is 0x0
04-13 00:41:44.480 22683 22716 I native-activity: Swap 247 time is 42.458ms
04-13 00:41:44.480 22683 22716 I native-activity: Animating
04-13 00:41:44.492 22683 22716 I native-activity: Frame 248 GL error is 0x0
04-13 00:41:44.492 22683 22716 I native-activity: Frame 248 time is 12.091ms
04-13 00:41:44.492 22683 22716 I native-activity: Doing egl_swapbuffers_sync 1
04-13 00:41:44.492 22683 22716 D native-activity: Reading pixels format 0x1908 type 0x1401 bpp 4
04-13 00:41:44.515 22683 22716 I native-activity: Read pixels, GL error is 0x0
04-13 00:41:44.515 22683 22716 I native-activity: Swap 248 time is 34.385ms
04-13 00:41:44.515 22683 22716 I native-activity: Animating
04-13 00:41:44.557 22683 22716 I native-activity: Frame 249 GL error is 0x500
04-13 00:41:44.557 22683 22716 I native-activity: Frame 249 time is 41.860ms
04-13 00:41:44.557 22683 22716 I native-activity: Doing egl_swapbuffers_sync 1
04-13 00:41:44.557 22683 22716 D native-activity: Reading pixels format 0x1908 type 0x1401 bpp 4
04-13 00:41:44.579 22683 22716 I native-activity: Read pixels, GL error is 0x0
04-13 00:41:44.579 22683 22716 I native-activity: Swap 249 time is 64.282ms
04-13 00:41:44.579 22683 22716 I native-activity: Animating
04-13 00:41:44.603 22683 22716 I native-activity: Frame 250 GL error is 0x0
04-13 00:41:44.603 22683 22716 I native-activity: Frame 250 time is 23.384ms
04-13 00:41:44.603 22683 22716 I native-activity: Doing egl_swapbuffers_sync 1
04-13 00:41:44.603 22683 22716 D native-activity: Reading pixels format 0x1908 type 0x1401 bpp 4
04-13 00:41:44.626 22683 22716 I native-activity: Read pixels, GL error is 0x0
04-13 00:41:44.626 22683 22716 I native-activity: Swap 250 time is 46.862ms
04-13 00:41:44.626 22683 22716 I native-activity: Animating
04-13 00:41:44.648 22683 22716 I native-activity: Frame 251 GL error is 0x500
04-13 00:41:44.648 22683 22716 I native-activity: Frame 251 time is 21.833ms
04-13 00:41:44.648 22683 22716 I native-activity: Doing egl_swapbuffers_sync 1
04-13 00:41:44.648 22683 22716 D native-activity: Reading pixels format 0x1908 type 0x1401 bpp 4
04-13 00:41:44.671 22683 22716 I native-activity: Read pixels, GL error is 0x0
04-13 00:41:44.671 22683 22716 I native-activity: Swap 251 time is 44.254ms
04-13 00:41:44.671 22683 22716 I native-activity: Animating
04-13 00:41:44.694 22683 22716 I native-activity: Frame 252 GL error is 0x501
04-13 00:41:44.694 22683 22716 I native-activity: Frame 252 time is 23.420ms
04-13 00:41:44.694 22683 22716 I native-activity: Doing egl_swapbuffers_sync 1
04-13 00:41:44.694 22683 22716 D native-activity: Reading pixels format 0x1908 type 0x1401 bpp 4
04-13 00:41:44.720 22683 22716 I native-activity: Read pixels, GL error is 0x0
04-13 00:41:44.720 22683 22716 I native-activity: Swap 252 time is 49.273ms
04-13 00:41:44.722 22683 22716 I native-activity: Animating
04-13 00:41:44.738 22683 22716 I native-activity: Frame 253 GL error is 0x0
04-13 00:41:44.738 22683 22716 I native-activity: Frame 253 time is 16.381ms
04-13 00:41:44.738 22683 22716 I native-activity: Doing egl_swapbuffers_sync 1
04-13 00:41:44.738 22683 22716 D native-activity: Reading pixels format 0x1908 type 0x1401 bpp 4
04-13 00:41:44.763 22683 22716 I native-activity: Read pixels, GL error is 0x0
04-13 00:41:44.763 22683 22716 I native-activity: Swap 253 time is 41.522ms
04-13 00:41:44.763 22683 22716 I native-activity: Animating
04-13 00:41:44.781 22683 22716 I native-activity: Frame 254 GL error is 0x0
04-13 00:41:44.781 22683 22716 I native-activity: Frame 254 time is 17.452ms
04-13 00:41:44.781 22683 22716 I native-activity: Doing egl_swapbuffers_sync 1
04-13 00:41:44.781 22683 22716 D native-activity: Reading pixels format 0x1908 type 0x1401 bpp 4
04-13 00:41:44.806 22683 22716 I native-activity: Read pixels, GL error is 0x0
04-13 00:41:44.807 22683 22716 I native-activity: Swap 254 time is 43.060ms
04-13 00:41:44.807 22683 22716 I native-activity: Animating
04-13 00:41:44.800 21409 21409 I Kernel  : [45343.471959].(0)[21409:kworker/0:1H]regs_hotplug_callback cpu = 2
04-13 00:41:44.800    15    15 I Kernel  : [45343.472467]-(2)[15:migration/2][Power/hotplug] platform_cpu_disable, cpu: 2
04-13 00:41:44.800    15    15 I Kernel  : [45343.472721]-(2)[15:migration/2]regs_hotplug_callback cpu = 2
04-13 00:41:44.800     0     0 I Kernel  : [45343.472780]-(2)[0:swapper/2][Power/hotplug] platform_cpu_die, cpu: 2
04-13 00:41:44.800 21409 21409 I Kernel  : [45343.472799].(0)[21409:kworker/0:1H]CPU2: shutdown
04-13 00:41:44.800 21409 21409 I Kernel  : [45343.472816].(0)[21409:kworker/0:1H][Power/hotplug] platform_cpu_kill, cpu: 2
04-13 00:41:44.800 21409 21409 I Kernel  : [45343.473440].(0)[21409:kworker/0:1H]regs_hotplug_callback cpu = 2
04-13 00:41:44.800 21409 21409 I Kernel  : [45343.473727].(0)[21409:kworker/0:1H][WDK]cpu 2 plug off, kick wdt
04-13 00:41:44.800 21409 21409 I Kernel  : [45343.473814].(0)[21409:kworker/0:1H]regs_hotplug_callback cpu = 2
04-13 00:41:44.817 22683 22716 I native-activity: Frame 255 GL error is 0x0
04-13 00:41:44.817 22683 22716 I native-activity: Frame 255 time is 10.703ms
04-13 00:41:44.817 22683 22716 I native-activity: Doing egl_swapbuffers_sync 1
04-13 00:41:44.817 22683 22716 D native-activity: Reading pixels format 0x1908 type 0x1401 bpp 4
04-13 00:41:44.843 22683 22716 I native-activity: Read pixels, GL error is 0x0
04-13 00:41:44.843 22683 22716 I native-activity: Swap 255 time is 36.405ms
04-13 00:41:44.843 22683 22716 I native-activity: Animating
04-13 00:41:44.854 22683 22716 I native-activity: Frame 256 GL error is 0x0
04-13 00:41:44.854 22683 22716 I native-activity: Frame 256 time is 10.868ms
04-13 00:41:44.854 22683 22716 I native-activity: Doing egl_swapbuffers_sync 1
04-13 00:41:44.854 22683 22716 D native-activity: Reading pixels format 0x1908 type 0x1401 bpp 4
04-13 00:41:44.880 22683 22716 I native-activity: Read pixels, GL error is 0x0
04-13 00:41:44.880 22683 22716 I native-activity: Swap 256 time is 36.505ms
04-13 00:41:44.880 22683 22716 I native-activity: Animating
04-13 00:41:44.894 22683 22716 I native-activity: Frame 257 GL error is 0x0
04-13 00:41:44.894 22683 22716 I native-activity: Frame 257 time is 14.109ms
04-13 00:41:44.894 22683 22716 I native-activity: Doing egl_swapbuffers_sync 1
04-13 00:41:44.894 22683 22716 D native-activity: Reading pixels format 0x1908 type 0x1401 bpp 4
04-13 00:41:44.898  1787  1787 I AmazonLocationController: onWifiSignalChanged : connected : true
04-13 00:41:44.920 22683 22716 I native-activity: Read pixels, GL error is 0x0
04-13 00:41:44.921 22683 22716 I native-activity: Swap 257 time is 40.690ms
04-13 00:41:44.921 22683 22716 I native-activity: Animating
04-13 00:41:44.939 22683 22716 I native-activity: Frame 258 GL error is 0x0
04-13 00:41:44.939 22683 22716 I native-activity: Frame 258 time is 18.367ms
04-13 00:41:44.939 22683 22716 I native-activity: Doing egl_swapbuffers_sync 1
04-13 00:41:44.939 22683 22716 D native-activity: Reading pixels format 0x1908 type 0x1401 bpp 4
04-13 00:41:44.954   917  2201 I PackageRecencyUtils: Waiting for idle
04-13 00:41:44.967   917  2201 I Vlog    : package_recency:broadcast_notification:fgtracking=false;DV;1,key=time_in_queue;DV;1,Timer=5014.0;TI;1,unit=ms;DV;1:HI
04-13 00:41:44.971   917 25027 D ActivityManager: single user service: com.amazon.kindle.cms
04-13 00:41:44.973 22683 22716 I native-activity: Read pixels, GL error is 0x0
04-13 00:41:44.975 22683 22716 I native-activity: Swap 258 time is 53.764ms
04-13 00:41:44.975 22683 22716 I native-activity: Animating
04-13 00:41:44.975   917 25027 D ActivityManager: app = com.amazon.kindle.cms, has single user service, setting process record.
04-13 00:41:44.983 20692 20755 D AmazonCMS: MaintenanceService.onStartCommand
04-13 00:41:44.992 22683 22716 I native-activity: Context 0xb91b90b8 made current on surface 0xb91ac148, error 0x3000
04-13 00:41:44.992 22683 22716 I native-activity: GL information
04-13 00:41:44.992 22683 22716 I native-activity: 	Renderer: Mali-450 MP
04-13 00:41:44.992 22683 22716 I native-activity: 	Vendor: ARM
04-13 00:41:44.992 22683 22716 I native-activity: 	Version: OpenGL ES 2.0
04-13 00:41:44.992 22683 22716 I native-activity: 	Shading Language: OpenGL ES GLSL ES 1.00
04-13 00:41:44.992 22683 22716 I native-activity: 	Extensions: GL_EXT_debug_marker GL_OES_texture_npot GL_OES_compressed_ETC1_RGB8_texture GL_OES_standard_derivatives GL_OES_EGL_image GL_OES_depth24 GL_ARM_rgba8 GL_ARM_mali_shader_binary GL_OES_depth_texture GL_OES_packed_depth_stencil GL_EXT_texture_format_BGRA8888 GL_OES_vertex_half_float GL_EXT_blend_minmax GL_OES_EGL_image_external GL_OES_EGL_sync GL_OES_rgb8_rgba8 GL_EXT_multisampled_render_to_texture GL_EXT_discard_framebuffer GL_OES_get_program_binary GL_ARM_mali_program_binary GL_EXT_shader_texture_lod GL_EXT_robustness GL_OES_depth_texture_cube_map GL_KHR_debug 
04-13 00:41:44.992 22683 22716 I native-activity: Context 0xb91b90b8 made current on surface 0xb91ac148, error 0x3000
04-13 00:41:44.992 22683 22716 I native-activity: GL information
04-13 00:41:44.992 22683 22716 I native-activity: 	Renderer: Mali-450 MP
04-13 00:41:44.992 22683 22716 I native-activity: 	Vendor: ARM
04-13 00:41:44.992 22683 22716 I native-activity: 	Version: OpenGL ES 2.0
04-13 00:41:44.992 22683 22716 I native-activity: 	Shading Language: OpenGL ES GLSL ES 1.00
04-13 00:41:44.992 22683 22716 I native-activity: 	Extensions: GL_EXT_debug_marker GL_OES_texture_npot GL_OES_compressed_ETC1_RGB8_texture GL_OES_standard_derivatives GL_OES_EGL_image GL_OES_depth24 GL_ARM_rgba8 GL_ARM_mali_shader_binary GL_OES_depth_texture GL_OES_packed_depth_stencil GL_EXT_texture_format_BGRA8888 GL_OES_vertex_half_float GL_EXT_blend_minmax GL_OES_EGL_image_external GL_OES_EGL_sync GL_OES_rgb8_rgba8 GL_EXT_multisampled_render_to_texture GL_EXT_discard_framebuffer GL_OES_get_program_binary GL_ARM_mali_program_binary GL_EXT_shader_texture_lod GL_EXT_robustness GL_OES_depth_texture_cube_map GL_KHR_debug 
04-13 00:41:44.992 22683 22716 I native-activity: Frame 259 GL error is 0x501
04-13 00:41:44.992 22683 22716 I native-activity: Frame 259 time is 17.542ms
04-13 00:41:44.992 22683 22716 I native-activity: Doing egl_swapbuffers_sync 1
04-13 00:41:44.992 22683 22716 D native-activity: Reading pixels format 0x1908 type 0x1401 bpp 4
04-13 00:41:44.993 20692 20755 D AmazonCMS: CMS activity level changed, active: true
04-13 00:41:44.994 20692 20755 D AmazonCMS: Received intent: 'com.amazon.action.PACKAGE_RECENCY_NOTIFICATION'
04-13 00:41:44.994 20692 20755 D AmazonCMS: Reconciler created
04-13 00:41:45.007 20692 20755 E AmazonCMS: IO Exception while parsing xml
04-13 00:41:44.990    82    82 I Kernel  : [45343.667055].(0)[82:mtk charger_hv_]charging_reset_watch_dog_timer
04-13 00:41:44.990    82    82 I Kernel  : [45343.667956].(0)[82:mtk charger_hv_]array_size = 16 
04-13 00:41:45.015 20692 20755 D AmazonCMS: Cards are enabled, initializing card producer
04-13 00:41:45.016 20692 20755 D AmazonCMS: SourcesManager: registering source 'com.amazon.kindle.cms.collection_manager' for user '*****' in profile '0'
04-13 00:41:45.017 20692 20755 D AmazonCMS: SourcesManager: registering source 'com.amazon.kindle.cms.app_manager' for user '*****' in profile '0'
04-13 00:41:45.018 20692 20755 D AmazonCMS: CMS activity level changed, active: false
04-13 00:41:45.021 22683 22716 I native-activity: Read pixels, GL error is 0x0
04-13 00:41:45.021 22683 22716 I native-activity: Swap 259 time is 46.511ms
04-13 00:41:45.021 22683 22716 I native-activity: Animating
04-13 00:41:45.033 22683 22716 I native-activity: Frame 260 GL error is 0x500
04-13 00:41:45.033 22683 22716 I native-activity: Frame 260 time is 11.613ms
04-13 00:41:45.033 22683 22716 I native-activity: Doing egl_swapbuffers_sync 1
04-13 00:41:45.033 22683 22716 D native-activity: Reading pixels format 0x1908 type 0x1401 bpp 4
04-13 00:41:45.039 20692 20755 D AmazonCMS: CollectionSyncManager: user ***** is not connected for DELTA_SYNC sync. Disconnecting and reconnecting.
04-13 00:41:45.040 20692 20755 V AmazonCMS: SyncClient - Client is not connected; unable to disconnect.
04-13 00:41:45.050 20692 20755 D AmazonCMS: SyncClient - Connecting as user *****
04-13 00:41:45.054 20692 20755 V AmazonCMS: SubscriptionManager - Subscribing to dataset [*****] in namespace [*****]
04-13 00:41:45.055 20692 20755 D AmazonCMS: notified to profile 0 with com.amazon.kindle.cms.STARTUP, Bundle[{profile_id=0, version=2.1.0.10}]
04-13 00:41:45.056 20692 20755 V AmazonCMS: Subscribing to namespace: [*****]
04-13 00:41:45.056 20692 20755 V AmazonCMS: Subscribing to namespace: [*****]
04-13 00:41:45.059 22683 22716 I native-activity: Read pixels, GL error is 0x0
04-13 00:41:45.059 22683 22716 I native-activity: Swap 260 time is 37.434ms
04-13 00:41:45.059 22683 22716 I native-activity: Animating
04-13 00:41:45.073 22683 22716 I native-activity: Frame 261 GL error is 0x0
04-13 00:41:45.073 22683 22716 I native-activity: Frame 261 time is 14.035ms
04-13 00:41:45.073 22683 22716 I native-activity: Doing egl_swapbuffers_sync 1
04-13 00:41:45.073 22683 22716 D native-activity: Reading pixels format 0x1908 type 0x1401 bpp 4
04-13 00:41:45.073 20692 21002 I DCP     : Sending 0 dataset update for 'CloudCollections' namespace
04-13 00:41:45.099 22683 22716 I native-activity: Read pixels, GL error is 0x0
04-13 00:41:45.099 22683 22716 I native-activity: Swap 261 time is 39.877ms
04-13 00:41:45.099 22683 22716 I native-activity: Animating
04-13 00:41:45.108 22683 22716 I native-activity: Frame 262 GL error is 0x0
04-13 00:41:45.108 22683 22716 I native-activity: Frame 262 time is 9.466ms
04-13 00:41:45.108 22683 22716 I native-activity: Doing egl_swapbuffers_sync 1
04-13 00:41:45.108 22683 22716 D native-activity: Reading pixels format 0x1908 type 0x1401 bpp 4
04-13 00:41:45.134 22683 22716 I native-activity: Read pixels, GL error is 0x0
04-13 00:41:45.134 22683 22716 I native-activity: Swap 262 time is 34.776ms
04-13 00:41:45.134 22683 22716 I native-activity: Animating
04-13 00:41:45.138 20692 21116 I DCP     : Sending 0 dataset update for 'CloudCollections' namespace
04-13 00:41:45.146 22683 22716 I native-activity: Frame 263 GL error is 0x0
04-13 00:41:45.146 22683 22716 I native-activity: Frame 263 time is 12.613ms
04-13 00:41:45.147 22683 22716 I native-activity: Doing egl_swapbuffers_sync 1
04-13 00:41:45.147 22683 22716 D native-activity: Reading pixels format 0x1908 type 0x1401 bpp 4
04-13 00:41:45.173 22683 22716 I native-activity: Read pixels, GL error is 0x0
04-13 00:41:45.173 22683 22716 I native-activity: Swap 263 time is 38.762ms
04-13 00:41:45.173 22683 22716 I native-activity: Animating
04-13 00:41:45.184 22683 22716 I native-activity: Frame 264 GL error is 0x0
04-13 00:41:45.184 22683 22716 I native-activity: Frame 264 time is 11.162ms
04-13 00:41:45.184 22683 22716 I native-activity: Doing egl_swapbuffers_sync 1
04-13 00:41:45.184 22683 22716 D native-activity: Reading pixels format 0x1908 type 0x1401 bpp 4
04-13 00:41:45.209 22683 22716 I native-activity: Read pixels, GL error is 0x0
04-13 00:41:45.209 22683 22716 I native-activity: Swap 264 time is 36.329ms
04-13 00:41:45.209 22683 22716 I native-activity: Animating
04-13 00:41:45.224 22683 22716 I native-activity: Frame 265 GL error is 0x0
04-13 00:41:45.224 22683 22716 I native-activity: Frame 265 time is 14.603ms
04-13 00:41:45.224 22683 22716 I native-activity: Doing egl_swapbuffers_sync 1
04-13 00:41:45.224 22683 22716 D native-activity: Reading pixels format 0x1908 type 0x1401 bpp 4
04-13 00:41:45.220 21409 21409 I Kernel  : [45343.891731].(0)[21409:kworker/0:1H]regs_hotplug_callback cpu = 2
04-13 00:41:45.220 21409 21409 I Kernel  : [45343.891829].(0)[21409:kworker/0:1H]Boot slave CPU
04-13 00:41:45.220 21409 21409 I Kernel  : [45343.891843].(0)[21409:kworker/0:1H][Power/hotplug] boot_secondary, cpu: 2
04-13 00:41:45.220 21409 21409 I Kernel  : [45343.891858].(0)[21409:kworker/0:1H][Power/hotplug] SLAVE2_MAGIC_NUM:4c415332
04-13 00:41:45.220 21409 21409 I Kernel  : [45343.891887].(0)[21409:kworker/0:1H]mt_wakeup_cpu: not first boot!(2)
04-13 00:41:45.220     0     0 I Kernel  : [45343.892120]-(2)[0:swapper/2]CPU2: Booted secondary processor
04-13 00:41:45.220     0     0 I Kernel  : [45343.892144]-(2)[0:swapper/2][Power/hotplug] platform_secondary_init, cpu: 2
04-13 00:41:45.220     0     0 I Kernel  : [45343.892292]-(2)[0:swapper/2]WD wd_cpu_hot_plug_on_notify kick ext wd
04-13 00:41:45.220     0     0 I Kernel  : [45343.892326]-(2)[0:swapper/2]regs_hotplug_callback cpu = 2
04-13 00:41:45.220 21409 21409 I Kernel  : [45343.892694].(0)[21409:kworker/0:1H]regs_hotplug_callback cpu = 2
04-13 00:41:45.220 21409 21409 I Kernel  : [45343.892799].(0)[21409:kworker/0:1H][wdk]bind kicker thread[87] to cpu[2]
04-13 00:41:45.220 21409 21409 I Kernel  : [45343.892966].(0)[21409:kworker/0:1H][WDK]cpu 2 plug on kick wdt
04-13 00:41:45.242 20692 21151 I DCP     : [JsonCallExecutor][CallExecutor][3e316c9f-2a23-4d81-bd60-b5b876169be4][Auth]GET https://api.amazon.com/whispersync/v2/data/amzn1.account.XXXX/datasets/5c2c14d1-40b0-4a6f-9333-1f84f1367d03/records?after=1  (attempt 1)
04-13 00:41:45.243   917  2115 D WifiService: acquireWifiLockLocked: WifiLock{com.amazon.dcp.framework.iuc.ConnectionEstablisherWithConnectivityEnforcement type=1 binder=android.os.BinderProxy@3ea8d5f5}
04-13 00:41:45.245 20692 22740 I com.amazon.dcp.framework.ConnectivityEnforcer: Network with type -1 is already connected
04-13 00:41:45.251 22683 22716 I native-activity: Read pixels, GL error is 0x0
04-13 00:41:45.251 22683 22716 I native-activity: Swap 265 time is 41.805ms
04-13 00:41:45.251 22683 22716 I native-activity: Animating
04-13 00:41:45.258 20692 20755 D AmazonCMS: Package com.android.music has been suppressed for user *****
04-13 00:41:45.268 22683 22716 I native-activity: Frame 266 GL error is 0x0
04-13 00:41:45.268 22683 22716 I native-activity: Frame 266 time is 16.613ms
04-13 00:41:45.268 22683 22716 I native-activity: Doing egl_swapbuffers_sync 1
04-13 00:41:45.268 22683 22716 D native-activity: Reading pixels format 0x1908 type 0x1401 bpp 4
04-13 00:41:45.280   917  2115 D ActivityManager: single user service: com.amazon.imp
04-13 00:41:45.284   917  2115 D ActivityManager: app = com.amazon.imp, has single user service, setting process record.
04-13 00:41:45.293 22683 22716 I native-activity: Read pixels, GL error is 0x0
04-13 00:41:45.293 22683 22716 I native-activity: Swap 266 time is 42.012ms
04-13 00:41:45.293 22683 22716 I native-activity: Animating
04-13 00:41:45.304 22683 22716 I native-activity: Frame 267 GL error is 0x0
04-13 00:41:45.304 22683 22716 I native-activity: Frame 267 time is 10.719ms
04-13 00:41:45.304 22683 22716 I native-activity: Doing egl_swapbuffers_sync 1
04-13 00:41:45.304 22683 22716 D native-activity: Reading pixels format 0x1908 type 0x1401 bpp 4
04-13 00:41:45.330 22683 22716 I native-activity: Read pixels, GL error is 0x0
04-13 00:41:45.330 22683 22716 I native-activity: Swap 267 time is 36.281ms
04-13 00:41:45.330 22683 22716 I native-activity: Animating
04-13 00:41:45.342 22683 22716 I native-activity: Frame 268 GL error is 0x0
04-13 00:41:45.342 22683 22716 I native-activity: Frame 268 time is 12.371ms
04-13 00:41:45.342 22683 22716 I native-activity: Doing egl_swapbuffers_sync 1
04-13 00:41:45.342 22683 22716 D native-activity: Reading pixels format 0x1908 type 0x1401 bpp 4
04-13 00:41:45.330  2137  2137 I Kernel  : [45344.009476][wlan] statsInfoEnvRequest: (INIT INFO)
04-13 00:41:45.330  2137  2137 I Kernel  : statsInfoEnvRequest cmd ok.
04-13 00:41:45.350  2137  2137 I Kernel  : [45344.023058][wlan] statsInfoEnvDisplay: (INIT INFO)
04-13 00:41:45.350  2137  2137 I Kernel  : <stats> Display stats for [b0:48:7a:cb:7c:ec]: 668B 21082ms
04-13 00:41:45.350  2137  2137 I Kernel  : [45344.023104][wlan] statsInfoEnvDisplay: (INIT INFO)
04-13 00:41:45.350  2137  2137 I Kernel  : <stats> TPAM(0x3) RTS(0 0) BA(0x41 0) OS(361598) OK(16 16) ERR(0 0 0 0 0 0 0)
04-13 00:41:45.350  2137  2137 I Kernel  : [45344.023132][wlan] statsInfoEnvDisplay: (INIT INFO)
04-13 00:41:45.350  2137  2137 I Kernel  : <stats> TRATE (2 0 0 0 0 0 0 0 0 0 0 0 0 0 0 0) (9 3 2 0 0 0 0 0)
04-13 00:41:45.350  2137  2137 I Kernel  : [45344.023162][wlan] statsInfoEnvDisplay: (INIT INFO)
04-13 00:41:45.350  2137  2137 I Kernel  : <stats> TREORDER (0 0 1)
04-13 00:41:45.350  2137  2137 I Kernel  : [45344.023178][wlan] statsInfoEnvDisplay: (INIT INFO)
04-13 00:41:45.350  2137  2137 I Kernel  : <stats> RX(69 4 0) BA(0x41 0) OK(53 53) ERR(0)
04-13 00:41:45.350  2137  2137 I Kernel  : [45344.023199][wlan] statsInfoEnvDisplay: (INIT INFO)
04-13 00:41:45.350  2137  2137 I Kernel  : <stats> RCCK (0 0 0 35 0 0 0 0 0 0 0 0 0 0 0 0)
04-13 00:41:45.350  2137  2137 I Kernel  : [45344.023223][wlan] statsInfoEnvDisplay: (INIT INFO)
04-13 00:41:45.350  2137  2137 I Kernel  : <stats> ROFDM (0 0 0 0 0 0 0 0 0 0 0 0 0 0 0 0)
04-13 00:41:45.350  2137  2137 I Kernel  : [45344.023247][wlan] statsInfoEnvDisplay: (INIT INFO)
04-13 00:41:45.350  2137  2137 I Kernel  : <stats> RHT (0 0 0 1 16 1 0 0 0 0 0 0 0 0 0 0)
04-13 00:41:45.350  2137  2137 I Kernel  : [45344.023272][wlan] statsInfoEnvDisplay: (INIT INFO)
04-13 00:41:45.367 22683 22716 I native-activity: Read pixels, GL error is 0x0
04-13 00:41:45.350  2137  2137 I Kernel  : <stats> StayIntH2M us (22 24 29) (18 18 19) (24 27 33)
04-13 00:41:45.350  2137  2137 I Kernel  : [45344.023293][wlan] statsInfoEnvDisplay: (INIT INFO)
04-13 00:41:45.350  2137  2137 I Kernel  : <stats> AirTime us (224 1120 5312) (2784 3392 5280) (1152 6592 32704)
04-13 00:41:45.350  2137  2137 I Kernel  : [45344.023315][wlan] statsInfoEnvDisplay: (INIT INFO)
04-13 00:41:45.350  2137  2137 I Kernel  : <stats> StayInt us (269 1189 5362_10735) (3282 7956 38044_4518) (3275 7430 33186_4514)
04-13 00:41:45.350  2137  2137 I Kernel  : [45344.023339][wlan] statsInfoEnvDisplay: (INIT INFO)
04-13 00:41:45.367 22683 22716 I native-activity: Swap 268 time is 37.557ms
04-13 00:41:45.367 22683 22716 I native-activity: Animating
04-13 00:41:45.370 20692 20755 D AmazonCMS: Package com.android.providers.downloads.ui has been suppressed for user *****
04-13 00:41:45.350  2137  2137 I Kernel  : <stats> StayIntD2T us (380 1297 5534) (3383 15170 56519) (3347 14645 51715)
04-13 00:41:45.350  2137  2137 I Kernel  : [45344.023360][wlan] statsInfoEnvDisplay: (INIT INFO)
04-13 00:41:45.350  2137  2137 I Kernel  : <stats> StayIntR_M2H us (29 42 54) (29 29 30) (0 0 0)
04-13 00:41:45.350  2137  2137 I Kernel  : [45344.023381][wlan] statsInfoEnvDisplay: (INIT INFO)
04-13 00:41:45.350  2137  2137 I Kernel  : <stats> StayIntR_H2D us (0 0 0) (0 0 0) (0 0 0)
04-13 00:41:45.350  2137  2137 I Kernel  : [45344.023401][wlan] statsInfoEnvDisplay: (INIT INFO)
04-13 00:41:45.350  2137  2137 I Kernel  : <stats> StayCntD2H unit:10ms (12 4 0 0)
04-13 00:41:45.350  2137  2137 I Kernel  : [45344.023419][wlan] statsInfoEnvDisplay: (INIT INFO)
04-13 00:41:45.350  2137  2137 I Kernel  : <stats> StayCnt unit:1ms (4 3 0 9)
04-13 00:41:45.350  2137  2137 I Kernel  : [45344.023437][wlan] statsInfoEnvDisplay: (INIT INFO)
04-13 00:41:45.350  2137  2137 I Kernel  : <stats> StayCnt (0~12458:14) (12458~24916:0) (24916~37374:1) (37374~49832:1) (49832~:0)
04-13 00:41:45.350  2137  2137 I Kernel  : [45344.023462][wlan] statsInfoEnvDisplay: (INIT INFO)
04-13 00:41:45.350  2137  2137 I Kernel  : <stats> OTHER (0) (37) (16024) (0) (0) (0ms) (20278us)
04-13 00:41:45.350  2137  2137 I Kernel  : [45344.023494][wlan] nicTxReleaseResource: (TX STATE)
04-13 00:41:45.350  2137  2137 I Kernel  : Release: TC4 count 1, Free=4; TC5 count 0, Free=4
04-13 00:41:45.370 21409 21409 I Kernel  : [45344.041738].(0)[21409:kworker/0:1H]regs_hotplug_callback cpu = 3
04-13 00:41:45.370 21409 21409 I Kernel  : [45344.041826].(0)[21409:kworker/0:1H]Boot slave CPU
04-13 00:41:45.370 21409 21409 I Kernel  : [45344.041841].(0)[21409:kworker/0:1H][Power/hotplug] boot_secondary, cpu: 3
04-13 00:41:45.370 21409 21409 I Kernel  : [45344.041855].(0)[21409:kworker/0:1H][Power/hotplug] SLAVE3_MAGIC_NUM:41534c33
04-13 00:41:45.370 21409 21409 I Kernel  : [45344.041867].(0)[21409:kworker/0:1H]mt_wakeup_cpu: not first boot!(3)
04-13 00:41:45.370     0     0 I Kernel  : [45344.042083]-(3)[0:swapper/3]CPU3: Booted secondary processor
04-13 00:41:45.370     0     0 I Kernel  : [45344.042107]-(3)[0:swapper/3][Power/hotplug] platform_secondary_init, cpu: 3
04-13 00:41:45.370     0     0 I Kernel  : [45344.042252]-(3)[0:swapper/3]WD wd_cpu_hot_plug_on_notify kick ext wd
04-13 00:41:45.370     0     0 I Kernel  : [45344.042287]-(3)[0:swapper/3]regs_hotplug_callback cpu = 3
04-13 00:41:45.370 21409 21409 I Kernel  : [45344.042697].(0)[21409:kworker/0:1H]regs_hotplug_callback cpu = 3
04-13 00:41:45.370 21409 21409 I Kernel  : [45344.042813].(0)[21409:kworker/0:1H][wdk]bind kicker thread[88] to cpu[3]
04-13 00:41:45.370 21409 21409 I Kernel  : [45344.042958].(0)[21409:kworker/0:1H][WDK]cpu 3 plug on kick wdt
04-13 00:41:45.389 22683 22716 I native-activity: Frame 269 GL error is 0x0
04-13 00:41:45.390 22683 22716 I native-activity: Frame 269 time is 22.293ms
04-13 00:41:45.390 22683 22716 I native-activity: Doing egl_swapbuffers_sync 1
04-13 00:41:45.390 22683 22716 D native-activity: Reading pixels format 0x1908 type 0x1401 bpp 4
04-13 00:41:45.406 20692 20755 V AmazonCMS: CardBroadcastReceiver - received intent com.amazon.kindle.cms.CONTENT_UPDATE
04-13 00:41:45.407 20692 20755 D AmazonCMS: notified to profile 0 with com.amazon.kindle.cms.CONTENT_UPDATE, Bundle[{item_type=kindle.content.apps, profile_id=0, status=0, urgent_flag=1, version=2.1.0.10, last_access_date=1492069299426, location=0, item_id=1352}]
04-13 00:41:45.415 22683 22716 I native-activity: Read pixels, GL error is 0x0
04-13 00:41:45.415 22683 22716 I native-activity: Swap 269 time is 47.890ms
