04-13 00:46:12.360    82    82 I Kernel  : [45611.040805].(0)[82:mtk charger_hv_]charging_reset_watch_dog_timer
04-13 00:46:12.380 23943 23971 I native-activity: Swap 281 time is 90.894ms
04-13 00:46:12.380 23943 23971 I native-activity: Animating
04-13 00:46:12.370    82    82 I Kernel  : [45611.041819].(2)[82:mtk charger_hv_]array_size = 16 
04-13 00:46:12.396 23943 23971 I native-activity: Frame 282 GL error is 0x0
04-13 00:46:12.396 23943 23971 I native-activity: Frame 282 time is 16.005ms
04-13 00:46:12.477 23943 23971 I native-activity: Swap 282 time is 97.402ms
04-13 00:46:12.478 23943 23971 I native-activity: Animating
04-13 00:46:12.493 23943 23971 I native-activity: Frame 283 GL error is 0x0
04-13 00:46:12.493 23943 23971 I native-activity: Frame 283 time is 15.033ms
04-13 00:46:12.574 23943 23971 I native-activity: Swap 283 time is 96.274ms
04-13 00:46:12.574 23943 23971 I native-activity: Animating
04-13 00:46:12.589 23943 23971 I native-activity: Frame 284 GL error is 0x0
04-13 00:46:12.589 23943 23971 I native-activity: Frame 284 time is 14.836ms
04-13 00:46:12.671 23943 23971 I native-activity: Swap 284 time is 96.363ms
04-13 00:46:12.671 23943 23971 I native-activity: Animating
04-13 00:46:12.685 23943 23971 I native-activity: Frame 285 GL error is 0x0
04-13 00:46:12.685 23943 23971 I native-activity: Frame 285 time is 14.255ms
04-13 00:46:12.767 23943 23971 I native-activity: Swap 285 time is 95.489ms
04-13 00:46:12.767 23943 23971 I native-activity: Animating
04-13 00:46:12.782 23943 23971 I native-activity: Frame 286 GL error is 0x0
04-13 00:46:12.782 23943 23971 I native-activity: Frame 286 time is 15.295ms
04-13 00:46:12.863 23943 23971 I native-activity: Swap 286 time is 96.638ms
04-13 00:46:12.864 23943 23971 I native-activity: Animating
04-13 00:46:12.880 23943 23971 I native-activity: Frame 287 GL error is 0x0
04-13 00:46:12.881 23943 23971 I native-activity: Frame 287 time is 17.402ms
04-13 00:46:12.963 23943 23971 I native-activity: Swap 287 time is 99.275ms
04-13 00:46:12.963 23943 23971 I native-activity: Animating
04-13 00:46:12.978 23943 23971 I native-activity: Frame 288 GL error is 0x0
04-13 00:46:12.978 23943 23971 I native-activity: Frame 288 time is 15.104ms
04-13 00:46:13.060 23943 23971 I native-activity: Swap 288 time is 96.856ms
04-13 00:46:13.060 23943 23971 I native-activity: Animating
04-13 00:46:13.072 23943 23971 I native-activity: Frame 289 GL error is 0x0
04-13 00:46:13.072 23943 23971 I native-activity: Frame 289 time is 11.467ms
04-13 00:46:13.153 23943 23971 I native-activity: Swap 289 time is 93.043ms
04-13 00:46:13.154 23943 23971 I native-activity: Animating
04-13 00:46:13.164 23943 23971 I native-activity: Frame 290 GL error is 0x0
04-13 00:46:13.164 23943 23971 I native-activity: Frame 290 time is 10.406ms
04-13 00:46:13.245 23943 23971 I native-activity: Swap 290 time is 91.706ms
04-13 00:46:13.246 23943 23971 I native-activity: Animating
04-13 00:46:13.258 23943 23971 I native-activity: Frame 291 GL error is 0x0
04-13 00:46:13.258 23943 23971 I native-activity: Frame 291 time is 12.674ms
04-13 00:46:13.340 23943 23971 I native-activity: Swap 291 time is 94.606ms
04-13 00:46:13.340 23943 23971 I native-activity: Animating
04-13 00:46:13.355 23943 23971 I native-activity: Frame 292 GL error is 0x0
04-13 00:46:13.355 23943 23971 I native-activity: Frame 292 time is 14.480ms
04-13 00:46:13.357  1787  1787 I AmazonLocationController: onWifiSignalChanged : connected : true
04-13 00:46:13.370    82    82 I Kernel  : [45612.041914].(2)[82:mtk charger_hv_]charging_reset_watch_dog_timer
04-13 00:46:13.370    82    82 I Kernel  : [45612.043517].(0)[82:mtk charger_hv_]array_size = 16 
04-13 00:46:13.438 23943 23971 I native-activity: Swap 292 time is 97.193ms
04-13 00:46:13.438 23943 23971 I native-activity: Animating
04-13 00:46:13.454 23943 23971 I native-activity: Frame 293 GL error is 0x0
04-13 00:46:13.455 23943 23971 I native-activity: Frame 293 time is 16.519ms
04-13 00:46:13.495 24070 24459 I AmazonVideo: Sync Framework: Received sync for account Amazon Video Sync
04-13 00:46:13.496 24070 24459 I AmazonVideo: Sync Framework: Received sync trigger: STARTUP (application_startup)
04-13 00:46:13.496 24070 24459 I AmazonVideo: Sync Framework: Attempting to perform sync now based on trigger: STARTUP
04-13 00:46:13.498 24070 24459 I AmazonVideo: Sync Framework: OK to sync EventSyncComponent
04-13 00:46:13.501 24070 24459 I AmazonVideo: Sync Framework: Scheduling periodic sync at 300 second frequency
04-13 00:46:13.536 23943 23971 I native-activity: Swap 293 time is 98.255ms
04-13 00:46:13.536 23943 23971 I native-activity: Animating
04-13 00:46:13.543 23943 23971 I native-activity: Frame 294 GL error is 0x0
04-13 00:46:13.543 23943 23971 I native-activity: Frame 294 time is 7.013ms
04-13 00:46:13.562 24070 24460 I AmazonVideo.profiler: Metric[name=EventManager-DbRead, type=[Success], val=18]
04-13 00:46:13.562 24070 24460 I AmazonVideo.profiler: Metric[name=EventManager-DbWrite, type=[Success], val=3]
04-13 00:46:13.563 24070 24460 I AmazonVideo.profiler: Metric[name=EventManager-Queued-QOS, type=[Success], val=1]
04-13 00:46:13.575 24070 24461 I AmazonVideo: Sync Framework: Received sync for account Amazon Video Sync
04-13 00:46:13.575 24070 24461 I AmazonVideo: Sync Framework: Received sync trigger: DOWNLOADS (downloads)
04-13 00:46:13.576 24070 24461 I AmazonVideo: Sync Framework: Attempting to perform sync now based on trigger: DOWNLOADS
04-13 00:46:13.576 24070 24461 I AmazonVideo: Sync Framework: OK to sync DownloadSyncComponent
04-13 00:46:13.576 24070 24461 I AmazonVideo: Starting Download Sync. Forced ? false
04-13 00:46:13.576 24070 24461 I AmazonVideo: Downloads syncing for actions []
04-13 00:46:13.576 24070 24461 I AmazonVideo: Downloads syncing for actions []
04-13 00:46:13.577 24070 24461 I AmazonVideo: Downloads syncing for actions []
04-13 00:46:13.577 24070 24461 I AmazonVideo: Downloads syncing for actions []
04-13 00:46:13.577 24070 24461 I AmazonVideo: No active download queue available for next download
04-13 00:46:13.578 24070 24376 I AmazonVideo: No active download queue available for next download
04-13 00:46:13.578 24070 24461 I AmazonVideo: Sync Framework: Scheduling periodic sync at 300 second frequency
04-13 00:46:13.626 23943 23971 I native-activity: Swap 294 time is 89.442ms
04-13 00:46:13.626 23943 23971 I native-activity: Animating
04-13 00:46:13.634 23943 23971 I native-activity: Frame 295 GL error is 0x0
04-13 00:46:13.635 23943 23971 I native-activity: Frame 295 time is 8.499ms
04-13 00:46:13.717 23943 23971 I native-activity: Swap 295 time is 90.685ms
04-13 00:46:13.717 23943 23971 I native-activity: Animating
04-13 00:46:13.731 23943 23971 I native-activity: Frame 296 GL error is 0x0
04-13 00:46:13.731 23943 23971 I native-activity: Frame 296 time is 14.296ms
04-13 00:46:13.813 23943 23971 I native-activity: Swap 296 time is 95.963ms
04-13 00:46:13.813 23943 23971 I native-activity: Animating
04-13 00:46:13.800 25161 25161 I Kernel  : [45612.471614].(0)[25161:kworker/0:2]virtual_sensor_thermal_get_temp mtktsbattery t=25000 a=7 o=-9500 w=437
04-13 00:46:13.800 25161 25161 I Kernel  : [45612.471704].(0)[25161:kworker/0:2]virtual_sensor_thermal_get_temp mtkts_bts t=32000 a=15 o=-1000 w=113
04-13 00:46:13.800 25161 25161 I Kernel  : [45612.472108].(0)[25161:kworker/0:2]virtual_sensor_thermal_get_temp mtktspmic t=46967 a=4 o=18000 w=450
04-13 00:46:13.800 25161 25161 I Kernel  : [45612.472146].(0)[25161:kworker/0:2]virtual_sensor_thermal_get_temp mtktswmt t=33000 a=1000 o=-5000 w=0
04-13 00:46:13.828 23943 23971 I native-activity: Frame 297 GL error is 0x0
04-13 00:46:13.828 23943 23971 I native-activity: Frame 297 time is 15.248ms
04-13 00:46:13.910 23943 23971 I native-activity: Swap 297 time is 97.009ms
04-13 00:46:13.910 23943 23971 I native-activity: Animating
04-13 00:46:13.924 23943 23971 I native-activity: Frame 298 GL error is 0x0
04-13 00:46:13.924 23943 23971 I native-activity: Frame 298 time is 13.499ms
04-13 00:46:14.007 23943 23971 I native-activity: Swap 298 time is 96.295ms
04-13 00:46:14.007 23943 23971 I native-activity: Animating
04-13 00:46:14.023 23943 23971 I native-activity: Frame 299 GL error is 0x0
04-13 00:46:14.023 23943 23971 I native-activity: Frame 299 time is 15.592ms
04-13 00:46:14.060     0     0 I Kernel  : [45612.736365]-(0)[0:swapper/0]dpi vsync
04-13 00:46:14.105 23943 23971 I native-activity: Swap 299 time is 97.621ms
04-13 00:46:14.105 23943 23971 I native-activity: Animating
04-13 00:46:14.117 23943 23971 I native-activity: Frame 300 GL error is 0x0
04-13 00:46:14.117 23943 23971 I native-activity: Frame 300 time is 12.195ms
04-13 00:46:14.199 23943 23971 I native-activity: Swap 300 time is 94.172ms
04-13 00:46:14.199 23943 23971 I native-activity: Animating
04-13 00:46:14.215 23943 23971 I native-activity: Frame 301 GL error is 0x0
04-13 00:46:14.215 23943 23971 I native-activity: Frame 301 time is 15.272ms
04-13 00:46:14.260 21409 21409 I Kernel  : [45612.931885].(0)[21409:kworker/0:1H]regs_hotplug_callback cpu = 2
04-13 00:46:14.260    15    15 I Kernel  : [45612.932322]-(2)[15:migration/2][Power/hotplug] platform_cpu_disable, cpu: 2
04-13 00:46:14.260    15    15 I Kernel  : [45612.932572]-(2)[15:migration/2]regs_hotplug_callback cpu = 2
04-13 00:46:14.260     0     0 I Kernel  : [45612.932633]-(2)[0:swapper/2][Power/hotplug] platform_cpu_die, cpu: 2
04-13 00:46:14.260 21409 21409 I Kernel  : [45612.932864].(0)[21409:kworker/0:1H]CPU2: shutdown
04-13 00:46:14.260 21409 21409 I Kernel  : [45612.932891].(0)[21409:kworker/0:1H][Power/hotplug] platform_cpu_kill, cpu: 2
04-13 00:46:14.260 21409 21409 I Kernel  : [45612.933404].(0)[21409:kworker/0:1H]regs_hotplug_callback cpu = 2
04-13 00:46:14.260 21409 21409 I Kernel  : [45612.933696].(0)[21409:kworker/0:1H][WDK]cpu 2 plug off, kick wdt
04-13 00:46:14.260 21409 21409 I Kernel  : [45612.933801].(0)[21409:kworker/0:1H]regs_hotplug_callback cpu = 2
04-13 00:46:14.297 23943 23971 I native-activity: Swap 301 time is 97.092ms
04-13 00:46:14.297 23943 23971 I native-activity: Animating
04-13 00:46:14.305 23943 23971 I native-activity: Frame 302 GL error is 0x0
04-13 00:46:14.305 23943 23971 I native-activity: Frame 302 time is 8.002ms
04-13 00:46:14.340 23739 23782 D AmazonCMS: CMSService is no longer being used, deactivating...
04-13 00:46:14.341 23739 23782 D AmazonCMS: CMS activity level changed, active: false
04-13 00:46:14.370    82    82 I Kernel  : [45613.043610].(0)[82:mtk charger_hv_]charging_reset_watch_dog_timer
04-13 00:46:14.370    82    82 I Kernel  : [45613.044519].(0)[82:mtk charger_hv_]array_size = 16 
04-13 00:46:14.387 23943 23971 I native-activity: Swap 302 time is 90.409ms
04-13 00:46:14.387 23943 23971 I native-activity: Animating
04-13 00:46:14.402 23943 23971 I native-activity: Frame 303 GL error is 0x0
04-13 00:46:14.402 23943 23971 I native-activity: Frame 303 time is 14.206ms
04-13 00:46:14.483 23943 23971 I native-activity: Swap 303 time is 95.877ms
04-13 00:46:14.484 23943 23971 I native-activity: Animating
04-13 00:46:14.497 23943 23971 I native-activity: Frame 304 GL error is 0x0
04-13 00:46:14.497 23943 23971 I native-activity: Frame 304 time is 13.300ms
04-13 00:46:14.512   917  1642 D ConnectivityService: updateNetworkScore for NetworkAgentInfo [WIFI () - 100] to 56
04-13 00:46:14.512   917  1642 D ConnectivityService: rematching NetworkAgentInfo [WIFI () - 100]
04-13 00:46:14.512   917  1642 D ConnectivityService: Network NetworkAgentInfo [WIFI () - 100] was already satisfying request 1. No change.
04-13 00:46:14.512   917  1642 D ConnectivityService: notifyType AVAILABLE for NetworkAgentInfo [WIFI () - 100]
04-13 00:46:14.515  1787  2595 D ConnectivityManager.CallbackHandler: CM callback handler got msg 524290
04-13 00:46:14.517 24211 24405 D ConnectivityManager.CallbackHandler: CM callback handler got msg 524290
04-13 00:46:14.500  2159  2159 I Kernel  : [45613.172999].(0)[2159:wpa_supplicant]poorlink get state G(361786)F(49)dbad(0)dretry(0)LT(540)RT(-76)W(0)(12299)
04-13 00:46:14.500  2137  2137 I Kernel  : [45613.174651][wlan] nicTxReleaseResource: (TX STATE)
04-13 00:46:14.500  2137  2137 I Kernel  : Release: TC4 count 1, Free=4; TC5 count 0, Free=4
04-13 00:46:14.579 23943 23971 I native-activity: Swap 304 time is 95.269ms
04-13 00:46:14.579 23943 23971 I native-activity: Animating
04-13 00:46:14.596 23943 23971 I native-activity: Frame 305 GL error is 0x0
04-13 00:46:14.596 23943 23971 I native-activity: Frame 305 time is 16.651ms
04-13 00:46:14.678 23943 23971 I native-activity: Swap 305 time is 98.427ms
04-13 00:46:14.678 23943 23971 I native-activity: Animating
04-13 00:46:14.691 23943 23971 I native-activity: Frame 306 GL error is 0x0
04-13 00:46:14.691 23943 23971 I native-activity: Frame 306 time is 13.057ms
04-13 00:46:14.773 23943 23971 I native-activity: Swap 306 time is 94.855ms
04-13 00:46:14.773 23943 23971 I native-activity: Animating
04-13 00:46:14.788 23943 23971 I native-activity: Frame 307 GL error is 0x0
04-13 00:46:14.789 23943 23971 I native-activity: Frame 307 time is 15.570ms
04-13 00:46:14.870 23943 23971 I native-activity: Swap 307 time is 97.175ms
04-13 00:46:14.870 23943 23971 I native-activity: Animating
04-13 00:46:14.884 23943 23971 I native-activity: Frame 308 GL error is 0x0
04-13 00:46:14.884 23943 23971 I native-activity: Frame 308 time is 13.627ms
04-13 00:46:14.966 23943 23971 I native-activity: Swap 308 time is 95.358ms
04-13 00:46:14.966 23943 23971 I native-activity: Animating
04-13 00:46:14.983 23943 23971 I native-activity: Frame 309 GL error is 0x0
04-13 00:46:14.983 23943 23971 I native-activity: Frame 309 time is 16.732ms
04-13 00:46:15.065 23943 23971 I native-activity: Swap 309 time is 98.447ms
04-13 00:46:15.065 23943 23971 I native-activity: Animating
04-13 00:46:15.082 23943 23971 I native-activity: Frame 310 GL error is 0x0
04-13 00:46:15.082 23943 23971 I native-activity: Frame 310 time is 17.253ms
04-13 00:46:15.164 23943 23971 I native-activity: Swap 310 time is 98.789ms
04-13 00:46:15.164 23943 23971 I native-activity: Animating
04-13 00:46:15.284 23943 23971 I native-activity: Frame 311 GL error is 0x501
04-13 00:46:15.284 23943 23971 I native-activity: Frame 311 time is 120.146ms
04-13 00:46:15.366 23943 23971 I native-activity: Swap 311 time is 202.489ms
04-13 00:46:15.367 23943 23971 I native-activity: Animating
04-13 00:46:15.370    82    82 I Kernel  : [45614.044640].(0)[82:mtk charger_hv_]charging_reset_watch_dog_timer
04-13 00:46:15.370    82    82 I Kernel  : [45614.045616].(0)[82:mtk charger_hv_]array_size = 16 
04-13 00:46:15.394 23943 23971 I native-activity: Frame 312 GL error is 0x0
04-13 00:46:15.394 23943 23971 I native-activity: Frame 312 time is 27.431ms
04-13 00:46:15.476 23943 23971 I native-activity: Swap 312 time is 109.256ms
04-13 00:46:15.477 23943 23971 I native-activity: Animating
04-13 00:46:15.495 23943 23971 I native-activity: Frame 313 GL error is 0x0
04-13 00:46:15.495 23943 23971 I native-activity: Frame 313 time is 18.681ms
04-13 00:46:15.577 23943 23971 I native-activity: Swap 313 time is 100.590ms
04-13 00:46:15.577 23943 23971 I native-activity: Animating
04-13 00:46:15.585 23943 23971 I native-activity: Frame 314 GL error is 0x0
04-13 00:46:15.585 23943 23971 I native-activity: Frame 314 time is 7.312ms
04-13 00:46:15.667 23943 23971 I native-activity: Swap 314 time is 89.977ms
04-13 00:46:15.668 23943 23971 I native-activity: Animating
04-13 00:46:15.700 23943 23971 I native-activity: Frame 315 GL error is 0x501
04-13 00:46:15.700 23943 23971 I native-activity: Frame 315 time is 32.017ms
04-13 00:46:15.782 23943 23971 I native-activity: Swap 315 time is 113.956ms
04-13 00:46:15.782 23943 23971 I native-activity: Animating
04-13 00:46:15.797 23943 23971 I native-activity: Frame 316 GL error is 0x0
04-13 00:46:15.797 23943 23971 I native-activity: Frame 316 time is 14.867ms
04-13 00:46:15.879 23943 23971 I native-activity: Swap 316 time is 97.228ms
04-13 00:46:15.879 23943 23971 I native-activity: Animating
04-13 00:46:15.895 23943 23971 I native-activity: Frame 317 GL error is 0x0
04-13 00:46:15.895 23943 23971 I native-activity: Frame 317 time is 15.726ms
04-13 00:46:15.980 23943 23971 I native-activity: Swap 317 time is 100.250ms
04-13 00:46:15.981 23943 23971 I native-activity: Animating
04-13 00:46:15.995 23943 23971 I native-activity: Frame 318 GL error is 0x0
04-13 00:46:15.995 23943 23971 I native-activity: Frame 318 time is 13.834ms
04-13 00:46:16.078 23943 23971 I native-activity: Swap 318 time is 97.401ms
04-13 00:46:16.078 23943 23971 I native-activity: Animating
04-13 00:46:16.093 23943 23971 I native-activity: Frame 319 GL error is 0x0
04-13 00:46:16.093 23943 23971 I native-activity: Frame 319 time is 14.921ms
04-13 00:46:16.090     0     0 I Kernel  : [45614.768536]-(0)[0:swapper/0]dpi vsync
04-13 00:46:16.177 23943 23971 I native-activity: Swap 319 time is 98.495ms
04-13 00:46:16.177 23943 23971 I native-activity: Animating
04-13 00:46:16.192 23943 23971 I native-activity: Frame 320 GL error is 0x0
04-13 00:46:16.192 23943 23971 I native-activity: Frame 320 time is 14.445ms
04-13 00:46:16.275 23943 23971 I native-activity: Swap 320 time is 98.053ms
04-13 00:46:16.276 23943 23971 I native-activity: Animating
04-13 00:46:16.289 23943 23971 I native-activity: Frame 321 GL error is 0x0
04-13 00:46:16.289 23943 23971 I native-activity: Frame 321 time is 13.682ms
04-13 00:46:16.373 23943 23971 I native-activity: Swap 321 time is 97.656ms
04-13 00:46:16.374 23943 23971 I native-activity: Animating
04-13 00:46:16.387 23943 23971 I native-activity: Frame 322 GL error is 0x0
04-13 00:46:16.387 23943 23971 I native-activity: Frame 322 time is 13.226ms
04-13 00:46:16.370    82    82 I Kernel  : [45615.045746].(0)[82:mtk charger_hv_]charging_reset_watch_dog_timer
04-13 00:46:16.370    82    82 I Kernel  : [45615.046693].(0)[82:mtk charger_hv_]array_size = 16 
04-13 00:46:16.471 23943 23971 I native-activity: Swap 322 time is 97.377ms
04-13 00:46:16.471 23943 23971 I native-activity: Animating
04-13 00:46:16.486 23943 23971 I native-activity: Frame 323 GL error is 0x0
04-13 00:46:16.486 23943 23971 I native-activity: Frame 323 time is 14.426ms
04-13 00:46:16.569 23943 23971 I native-activity: Swap 323 time is 98.245ms
04-13 00:46:16.570 23943 23971 I native-activity: Animating
04-13 00:46:16.583 23943 23971 I native-activity: Frame 324 GL error is 0x0
04-13 00:46:16.583 23943 23971 I native-activity: Frame 324 time is 13.007ms
04-13 00:46:16.667 23943 23971 I native-activity: Swap 324 time is 96.835ms
04-13 00:46:16.667 23943 23971 I native-activity: Animating
04-13 00:46:16.679 23943 23971 I native-activity: Frame 325 GL error is 0x0
04-13 00:46:16.679 23943 23971 I native-activity: Frame 325 time is 11.998ms
04-13 00:46:16.763 23943 23971 I native-activity: Swap 325 time is 95.865ms
04-13 00:46:16.763 23943 23971 I native-activity: Animating
04-13 00:46:16.776 23943 23971 I native-activity: Frame 326 GL error is 0x0
04-13 00:46:16.776 23943 23971 I native-activity: Frame 326 time is 12.764ms
04-13 00:46:16.844  2067  2702 I TComm.WakeLockImpl: acquire - acquire WakeLock; refCount: 1, tag: TComm.WorkExecutor, lock: WakeLock{22a1a580 held=true, refCount=1}
04-13 00:46:16.860 23943 23971 I native-activity: Swap 326 time is 96.792ms
04-13 00:46:16.860 23943 23971 I native-activity: Animating
04-13 00:46:16.866  2067  2449 W TComm.MessageRouterImpl: routeMessage - no registered listener; channel: 11119, identity: urn:tcomm-endpoint:device:customerId:121341108:deviceType:AOLDXB6WYN0UM:deviceSerialNumber:-1941763359
04-13 00:46:16.872 23943 23971 I native-activity: Frame 327 GL error is 0x0
04-13 00:46:16.872 23943 23971 I native-activity: Frame 327 time is 12.361ms
04-13 00:46:16.877  2067  2449 I TComm.WakeLockImpl: release - release WakeLock; refCount: 0, duration: 0, tag: TComm.WorkExecutor, lock: WakeLock{22a1a580 held=false, refCount=0}
04-13 00:46:16.905  2067  2702 I TComm.WakeLockImpl: acquire - acquire WakeLock; refCount: 1, tag: TComm.WorkExecutor, lock: WakeLock{22a1a580 held=true, refCount=1}
04-13 00:46:16.909  2067  2449 W TComm.MessageRouterImpl: routeMessage - no registered listener; channel: 11121, identity: urn:tcomm-endpoint:device:customerId:121341108:deviceType:AOLDXB6WYN0UM:deviceSerialNumber:-1941763359
04-13 00:46:16.917  2067  2449 I TComm.WakeLockImpl: release - release WakeLock; refCount: 0, duration: 0, tag: TComm.WorkExecutor, lock: WakeLock{22a1a580 held=false, refCount=0}
04-13 00:46:16.957 23943 23971 I native-activity: Swap 327 time is 96.455ms
04-13 00:46:16.957 23943 23971 I native-activity: Animating
04-13 00:46:16.970 23943 23971 I native-activity: Frame 328 GL error is 0x0
04-13 00:46:16.970 23943 23971 I native-activity: Frame 328 time is 13.025ms
04-13 00:46:17.054 23943 23971 I native-activity: Swap 328 time is 96.817ms
04-13 00:46:17.054 23943 23971 I native-activity: Animating
04-13 00:46:17.067 23943 23971 I native-activity: Frame 329 GL error is 0x0
04-13 00:46:17.067 23943 23971 I native-activity: Frame 329 time is 12.667ms
04-13 00:46:17.150 23943 23971 I native-activity: Swap 329 time is 96.495ms
04-13 00:46:17.151 23943 23971 I native-activity: Animating
04-13 00:46:17.163 23943 23971 I native-activity: Frame 330 GL error is 0x0
04-13 00:46:17.163 23943 23971 I native-activity: Frame 330 time is 12.562ms
04-13 00:46:17.247 23943 23971 I native-activity: Swap 330 time is 96.199ms
04-13 00:46:17.247 23943 23971 I native-activity: Animating
04-13 00:46:17.260 23943 23971 I native-activity: Frame 331 GL error is 0x0
04-13 00:46:17.260 23943 23971 I native-activity: Frame 331 time is 13.011ms
04-13 00:46:17.344 23943 23971 I native-activity: Swap 331 time is 96.880ms
04-13 00:46:17.344 23943 23971 I native-activity: Animating
04-13 00:46:17.358 23943 23971 I native-activity: Frame 332 GL error is 0x0
04-13 00:46:17.358 23943 23971 I native-activity: Frame 332 time is 13.725ms
04-13 00:46:17.363  1787  1787 I AmazonLocationController: onWifiSignalChanged : connected : true
04-13 00:46:17.384 23739 23782 I AmazonCMS: CMS is no longer being used, shutting down...
04-13 00:46:17.370    82    82 I Kernel  : [45616.046805].(0)[82:mtk charger_hv_]charging_reset_watch_dog_timer
04-13 00:46:17.370    82    82 I Kernel  : [45616.047871].(0)[82:mtk charger_hv_]array_size = 16 
04-13 00:46:17.391 23739 23782 D AmazonCMS: Reconciler closing
04-13 00:46:17.380  2137  2137 I Kernel  : [45616.056842][wlan] statsInfoEnvRequest: (INIT INFO)
04-13 00:46:17.380  2137  2137 I Kernel  : statsInfoEnvRequest cmd ok.
04-13 00:46:17.380  2137  2137 I Kernel  : [45616.058442][wlan] nicTxReleaseResource: (TX STATE)
04-13 00:46:17.380  2137  2137 I Kernel  : Release: TC4 count 1, Free=4; TC5 count 0, Free=4
04-13 00:46:17.380  2137  2137 I Kernel  : [45616.058565][wlan] statsInfoEnvDisplay: (INIT INFO)
04-13 00:46:17.380  2137  2137 I Kernel  : <stats> Display stats for [b0:48:7a:cb:7c:ec]: 668B 30978ms
04-13 00:46:17.380  2137  2137 I Kernel  : [45616.058613][wlan] statsInfoEnvDisplay: (INIT INFO)
04-13 00:46:17.380  2137  2137 I Kernel  : <stats> TPAM(0x3) RTS(0 0) BA(0x41 0) OS(361791) OK(24 24) ERR(0 0 0 0 0 0 0)
04-13 00:46:17.380  2137  2137 I Kernel  : [45616.058665][wlan] statsInfoEnvDisplay: (INIT INFO)
04-13 00:46:17.380  2137  2137 I Kernel  : <stats> TRATE (5 0 0 0 0 0 0 0 0 0 0 0 0 0 0 0) (16 0 3 0 0 0 0 0)
04-13 00:46:17.380  2137  2137 I Kernel  : [45616.058725][wlan] statsInfoEnvDisplay: (INIT INFO)
04-13 00:46:17.380  2137  2137 I Kernel  : <stats> TREORDER (0 0 0)
04-13 00:46:17.380  2137  2137 I Kernel  : [45616.058758][wlan] statsInfoEnvDisplay: (INIT INFO)
04-13 00:46:17.380  2137  2137 I Kernel  : <stats> RX(70 4 0) BA(0x41 0) OK(40 40) ERR(0)
04-13 00:46:17.380  2137  2137 I Kernel  : [45616.058801][wlan] statsInfoEnvDisplay: (INIT INFO)
04-13 00:46:17.380  2137  2137 I Kernel  : <stats> RCCK (0 0 0 20 0 0 0 0 0 0 0 0 0 0 0 0)
04-13 00:46:17.380  2137  2137 I Kernel  : [45616.058851][wlan] statsInfoEnvDisplay: (INIT INFO)
04-13 00:46:17.380  2137  2137 I Kernel  : <stats> ROFDM (0 0 0 0 0 0 0 0 0 0 0 0 0 0 0 0)
04-13 00:46:17.380  2137  2137 I Kernel  : [45616.058900][wlan] statsInfoEnvDisplay: (INIT INFO)
04-13 00:46:17.380  2137  2137 I Kernel  : <stats> RHT (0 1 0 2 16 1 0 0 0 0 0 0 0 0 0 0)
04-13 00:46:17.380  2137  2137 I Kernel  : [45616.058950][wlan] statsInfoEnvDisplay: (INIT INFO)
04-13 00:46:17.380  2137  2137 I Kernel  : <stats> StayIntH2M us (18 24 30) (18 18 18) (0 24 25)
04-13 00:46:17.380  2137  2137 I Kernel  : [45616.058993][wlan] statsInfoEnvDisplay: (INIT INFO)
04-13 00:46:17.380  2137  2137 I Kernel  : <stats> AirTime us (192 800 3904) (0 3616 5568) (5568 10688 15840)
04-13 00:46:17.380  2137  2137 I Kernel  : [45616.059037][wlan] statsInfoEnvDisplay: (INIT INFO)
04-13 00:46:17.380  2137  2137 I Kernel  : <stats> StayInt us (268 863 4629_21405) (6103 11830 17557_22393) (6041 11183 16326_22392)
04-13 00:46:17.380  2137  2137 I Kernel  : [45616.059087][wlan] statsInfoEnvDisplay: (INIT INFO)
04-13 00:46:17.380  2137  2137 I Kernel  : <stats> StayIntD2T us (329 1373 20005) (7191 12424 17658) (7228 11814 16400)
04-13 00:46:17.380  2137  2137 I Kernel  : [45616.059132][wlan] statsInfoEnvDisplay: (INIT INFO)
04-13 00:46:17.380  2137  2137 I Kernel  : <stats> StayIntR_M2H us (29 43 52) (31 34 44) (37 35 37)
04-13 00:46:17.380  2137  2137 I Kernel  : [45616.059175][wlan] statsInfoEnvDisplay: (INIT INFO)
04-13 00:46:17.380  2137  2137 I Kernel  : <stats> StayIntR_H2D us (0 0 0) (0 0 0) (0 0 0)
04-13 00:46:17.380  2137  2137 I Kernel  : [45616.059217][wlan] statsInfoEnvDisplay: (INIT INFO)
04-13 00:46:17.380  2137  2137 I Kernel  : <stats> StayCntD2H unit:10ms (22 2 0 0)
04-13 00:46:17.380  2137  2137 I Kernel  : [45616.059255][wlan] statsInfoEnvDisplay: (INIT INFO)
04-13 00:46:17.380  2137  2137 I Kernel  : <stats> StayCnt unit:1ms (8 5 1 10)
04-13 00:46:17.380  2137  2137 I Kernel  : [45616.059291][wlan] statsInfoEnvDisplay: (INIT INFO)
04-13 00:46:17.380  2137  2137 I Kernel  : <stats> StayCnt (0~4389:1) (4389~8778:10) (8778~13167:2) (13167~17557:1) (17557~:10)
04-13 00:46:17.380  2137  2137 I Kernel  : [45616.059343][wlan] statsInfoEnvDisplay: (INIT INFO)
04-13 00:46:17.380  2137  2137 I Kernel  : <stats> OTHER (0) (40) (16061) (0) (0) (0ms) (20345us)
04-13 00:46:17.399  2067  2702 I TComm.WakeLockImpl: acquire - acquire WakeLock; refCount: 1, tag: TComm.WorkExecutor, lock: WakeLock{22a1a580 held=true, refCount=1}
04-13 00:46:17.413  2067  2449 W TComm.MessageRouterImpl: routeMessage - no registered listener; channel: 11121, identity: urn:tcomm-endpoint:device:customerId:121341108:deviceType:AOLDXB6WYN0UM:deviceSerialNumber:-1941763359
04-13 00:46:17.417  2067  2449 I TComm.WakeLockImpl: release - release WakeLock; refCount: 0, duration: 0, tag: TComm.WorkExecutor, lock: WakeLock{22a1a580 held=false, refCount=0}
04-13 00:46:17.445 23943 23971 I native-activity: Swap 332 time is 100.043ms
04-13 00:46:17.445 23943 23971 I native-activity: Animating
04-13 00:46:17.453 23943 23971 I native-activity: Frame 333 GL error is 0x0
04-13 00:46:17.453 23943 23971 I native-activity: Frame 333 time is 8.614ms
04-13 00:46:17.500  2137  2137 I Kernel  : [45616.179163][wlan] nicTxReleaseResource: (TX STATE)
04-13 00:46:17.500  2137  2137 I Kernel  : Release: TC4 count 1, Free=3; TC5 count 0, Free=4
04-13 00:46:17.500  2159  2159 I Kernel  : [45616.179254].(0)[2159:wpa_supplicant]poorlink get state G(361792)F(49)dbad(0)dretry(0)LT(540)RT(-77)W(0)(12300)
04-13 00:46:17.500  2137  2137 I Kernel  : [45616.180027][wlan] nicTxReleaseResource: (TX STATE)
04-13 00:46:17.500  2137  2137 I Kernel  : Release: TC4 count 1, Free=4; TC5 count 0, Free=4
04-13 00:46:17.519  1787  1787 I AmazonLocationController: onWifiSignalChanged : connected : true
04-13 00:46:17.537 23943 23971 I native-activity: Swap 333 time is 92.332ms
04-13 00:46:17.537 23943 23971 I native-activity: Animating
04-13 00:46:17.545 23943 23971 I native-activity: Frame 334 GL error is 0x0
04-13 00:46:17.545 23943 23971 I native-activity: Frame 334 time is 7.923ms
04-13 00:46:17.630 23943 23971 I native-activity: Swap 334 time is 92.458ms
04-13 00:46:17.630 23943 23971 I native-activity: Animating
04-13 00:46:17.643 23943 23971 I native-activity: Frame 335 GL error is 0x0
04-13 00:46:17.643 23943 23971 I native-activity: Frame 335 time is 12.889ms
04-13 00:46:17.727 23943 23971 I native-activity: Swap 335 time is 96.675ms
04-13 00:46:17.727 23943 23971 I native-activity: Animating
04-13 00:46:17.743 23943 23971 I native-activity: Frame 336 GL error is 0x0
04-13 00:46:17.743 23943 23971 I native-activity: Frame 336 time is 15.948ms
04-13 00:46:17.826 23943 23971 I native-activity: Swap 336 time is 99.400ms
04-13 00:46:17.827 23943 23971 I native-activity: Animating
04-13 00:46:17.839 23943 23971 I native-activity: Frame 337 GL error is 0x0
04-13 00:46:17.839 23943 23971 I native-activity: Frame 337 time is 12.324ms
04-13 00:46:17.923 23943 23971 I native-activity: Swap 337 time is 96.196ms
04-13 00:46:17.923 23943 23971 I native-activity: Animating
04-13 00:46:17.935 23943 23971 I native-activity: Frame 338 GL error is 0x0
04-13 00:46:17.936 23943 23971 I native-activity: Frame 338 time is 12.420ms
04-13 00:46:18.019 23943 23971 I native-activity: Swap 338 time is 96.187ms
04-13 00:46:18.020 23943 23971 I native-activity: Animating
04-13 00:46:18.032 23943 23971 I native-activity: Frame 339 GL error is 0x0
04-13 00:46:18.032 23943 23971 I native-activity: Frame 339 time is 12.493ms
04-13 00:46:18.116 23943 23971 I native-activity: Swap 339 time is 96.273ms
04-13 00:46:18.116 23943 23971 I native-activity: Animating
04-13 00:46:18.129 23943 23971 I native-activity: Frame 340 GL error is 0x0
04-13 00:46:18.130 23943 23971 I native-activity: Frame 340 time is 13.228ms
04-13 00:46:18.120     0     0 I Kernel  : [45616.800712]-(0)[0:swapper/0]dpi vsync
04-13 00:46:18.214 23943 23971 I native-activity: Swap 340 time is 97.487ms
04-13 00:46:18.214 23943 23971 I native-activity: Animating
04-13 00:46:18.227 23943 23971 I native-activity: Frame 341 GL error is 0x0
04-13 00:46:18.227 23943 23971 I native-activity: Frame 341 time is 12.779ms
04-13 00:46:18.311 23943 23971 I native-activity: Swap 341 time is 96.707ms
04-13 00:46:18.311 23943 23971 I native-activity: Animating
04-13 00:46:18.323 23943 23971 I native-activity: Frame 342 GL error is 0x0
04-13 00:46:18.323 23943 23971 I native-activity: Frame 342 time is 11.855ms
04-13 00:46:18.370    82    82 I Kernel  : [45617.047973].(0)[82:mtk charger_hv_]charging_reset_watch_dog_timer
04-13 00:46:18.370    82    82 I Kernel  : [45617.048886].(0)[82:mtk charger_hv_]array_size = 16 
04-13 00:46:18.407 23943 23971 I native-activity: Swap 342 time is 95.603ms
04-13 00:46:18.407 23943 23971 I native-activity: Animating
04-13 00:46:18.420 23943 23971 I native-activity: Frame 343 GL error is 0x0
04-13 00:46:18.420 23943 23971 I native-activity: Frame 343 time is 12.954ms
04-13 00:46:18.503 23943 23971 I native-activity: Swap 343 time is 96.649ms
04-13 00:46:18.504 23943 23971 I native-activity: Animating
04-13 00:46:18.510 23943 23971 I native-activity: Frame 344 GL error is 0x0
04-13 00:46:18.510 23943 23971 I native-activity: Frame 344 time is 6.697ms
04-13 00:46:18.595 23943 23971 I native-activity: Swap 344 time is 90.959ms
04-13 00:46:18.595 23943 23971 I native-activity: Animating
04-13 00:46:18.608 23943 23971 I native-activity: Frame 345 GL error is 0x0
04-13 00:46:18.608 23943 23971 I native-activity: Frame 345 time is 12.787ms
04-13 00:46:18.691 23943 23971 I native-activity: Swap 345 time is 96.602ms
04-13 00:46:18.692 23943 23971 I native-activity: Animating
04-13 00:46:18.704 23943 23971 I native-activity: Frame 346 GL error is 0x0
04-13 00:46:18.704 23943 23971 I native-activity: Frame 346 time is 12.313ms
04-13 00:46:18.788 23943 23971 I native-activity: Swap 346 time is 96.084ms
04-13 00:46:18.788 23943 23971 I native-activity: Animating
04-13 00:46:18.800 23943 23971 I native-activity: Frame 347 GL error is 0x0
04-13 00:46:18.800 23943 23971 I native-activity: Frame 347 time is 12.412ms
04-13 00:46:18.884 23943 23971 I native-activity: Swap 347 time is 96.207ms
04-13 00:46:18.884 23943 23971 I native-activity: Animating
04-13 00:46:18.899 23943 23971 I native-activity: Frame 348 GL error is 0x0
04-13 00:46:18.899 23943 23971 I native-activity: Frame 348 time is 14.396ms
04-13 00:46:18.983 23943 23971 I native-activity: Swap 348 time is 98.252ms
04-13 00:46:18.983 23943 23971 I native-activity: Animating
04-13 00:46:18.996 23943 23971 I native-activity: Frame 349 GL error is 0x0
04-13 00:46:18.996 23943 23971 I native-activity: Frame 349 time is 13.130ms
04-13 00:46:19.030    81    81 I Kernel  : [45617.705820].(1)[81:bat_thread_kthr][BAT_thread]Cable in, CHR_Type_num=2
04-13 00:46:19.040    81    81 I Kernel  : [45617.716864].(0)[81:bat_thread_kthr]AvgVbat=(4203),bat_vol=(4205),AvgI=(0),I=(0),VChr=(4636),AvgT=(25),T=(26),pre_SOC=(100),SOC=(100),ZCV=(4045)
04-13 00:46:19.040    81    81 I Kernel  : [45617.716950].(0)[81:bat_thread_kthr][BATTERY] support JEITA, temperature=25
04-13 00:46:19.040    81    81 I Kernel  : [45617.716975][BATTERY] Battery Normal Temperature between 10 and 45 !!
04-13 00:46:19.040    81    81 I Kernel  : [45617.717003].(0)[81:bat_thread_kthr]array_size = 51 
04-13 00:46:19.040    81    81 I Kernel  : [45617.718635].(0)[81:bat_thread_kthr]charging_reset_watch_dog_timer
04-13 00:46:19.060    81    81 I Kernel  : [45617.733810].(0)[81:bat_thread_kthr][BATTERY] Default CC mode charging : 150000, input current = 150000
04-13 00:46:19.060    81    81 I Kernel  : [45617.733846].(0)[81:bat_thread_kthr]array_size = 8 
04-13 00:46:19.060    81    81 I Kernel  : [45617.735567].(0)[81:bat_thread_kthr]array_size = 28 
04-13 00:46:19.060    81    81 I Kernel  : [45617.739513].(0)[81:bat_thread_kthr]charging_dump_register
04-13 00:46:19.060    81    81 I Kernel  : [45617.740039].(0)[81:bat_thread_kthr][bq24296_dump_register] Reg[0x0]=0x45
04-13 00:46:19.060    81    81 I Kernel  : [45617.740564].(0)[81:bat_thread_kthr][bq24296_dump_register] Reg[0x1]=0x1B
04-13 00:46:19.060    81    81 I Kernel  : [45617.741086].(0)[81:bat_thread_kthr][bq24296_dump_register] Reg[0x2]=0x3C
04-13 00:46:19.070    81    81 I Kernel  : [45617.742020].(0)[81:bat_thread_kthr][bq24296_dump_register] Reg[0x3]=0x30
04-13 00:46:19.070    81    81 I Kernel  : [45617.743663].(0)[81:bat_thread_kthr][bq24296_dump_register] Reg[0x4]=0xB2
04-13 00:46:19.070    81    81 I Kernel  : [45617.744283].(0)[81:bat_thread_kthr][bq24296_dump_register] Reg[0x5]=0x94
04-13 00:46:19.070    81    81 I Kernel  : [45617.744812].(0)[81:bat_thread_kthr][bq24296_dump_register] Reg[0x6]=0x73
04-13 00:46:19.070    81    81 I Kernel  : [45617.745487].(0)[81:bat_thread_kthr][bq24296_dump_register] Reg[0x7]=0x48
04-13 00:46:19.070    81    81 I Kernel  : [45617.746015].(0)[81:bat_thread_kthr][bq24296_dump_register] Reg[0x8]=0x64
04-13 00:46:19.070    81    81 I Kernel  : [45617.746560].(1)[81:bat_thread_kthr][bq24296_dump_register] Reg[0x9]=0x0
04-13 00:46:19.085 23943 23971 I native-activity: Swap 349 time is 101.786ms
04-13 00:46:19.085 23943 23971 I native-activity: Animating
04-13 00:46:19.070    81    81 I Kernel  : [45617.747310].(1)[81:bat_thread_kthr][bq24296_dump_register] Reg[0xA]=0x20
04-13 00:46:19.093   143   315 I hwcomposer: [DPY] UEventThread::threadLoop recv change@/devices/platform/battery/power_supply/battery
04-13 00:46:19.080    81    81 I Kernel  : [45617.753620].(1)[81:bat_thread_kthr][100percent],UI_SOC = 99
04-13 00:46:19.080    81    81 I Kernel  : [45617.753664].(1)[81:bat_thread_kthr]UI_SOC=(100), resetBatteryMeter=(0)
04-13 00:46:19.080    81    81 I Kernel  : [45617.753920].(1)[81:bat_thread_kthr][mt_kpoc_power_off_check] , chr_vol=4636, boot_mode=0
04-13 00:46:19.080   139   139 I Kernel  : [45617.756429].(0)[139:healthd]healthd: battery l=100 v=4203 t=25.0 h=2 st=5 chg=u
04-13 00:46:19.104 23943 23971 I native-activity: Frame 350 GL error is 0x0
04-13 00:46:19.104 23943 23971 I native-activity: Frame 350 time is 18.792ms
04-13 00:46:19.188 23943 23971 I native-activity: Swap 350 time is 102.433ms
04-13 00:46:19.188 23943 23971 I native-activity: Animating
04-13 00:46:19.201 23943 23971 I native-activity: Frame 351 GL error is 0x0
04-13 00:46:19.201 23943 23971 I native-activity: Frame 351 time is 12.804ms
04-13 00:46:19.285 23943 23971 I native-activity: Swap 351 time is 96.800ms
04-13 00:46:19.285 23943 23971 I native-activity: Animating
04-13 00:46:19.298 23943 23971 I native-activity: Frame 352 GL error is 0x0
04-13 00:46:19.298 23943 23971 I native-activity: Frame 352 time is 12.805ms
04-13 00:46:19.367  1787  1787 I AmazonLocationController: onWifiSignalChanged : connected : true
04-13 00:46:19.382 23943 23971 I native-activity: Swap 352 time is 96.821ms
04-13 00:46:19.382 23943 23971 I native-activity: Animating
04-13 00:46:19.370    82    82 I Kernel  : [45618.049994].(0)[82:mtk charger_hv_]charging_reset_watch_dog_timer
04-13 00:46:19.380    82    82 I Kernel  : [45618.052448].(0)[82:mtk charger_hv_]array_size = 16 
04-13 00:46:19.399 23943 23971 I native-activity: Frame 353 GL error is 0x0
04-13 00:46:19.399 23943 23971 I native-activity: Frame 353 time is 17.173ms
04-13 00:46:19.460   917  2109 W AmazonActivityManagerService: packageLifetimeHint: amazon.internal.SystemJumpTable$ProcessRecord@1ba8839a is active, cannot move
04-13 00:46:19.462  2059  2059 W Precog  : PackagePrewarmActor: Call to packageLifetimeHint failed, res = -1
04-13 00:46:19.462  2059  2059 I Vlog    : PfxPrecog:LruHint:fgtracking=false;DV;1,key=confidence;DV;1,Counter=1.000000;CT;1,unit=null;DV;1,metadata=version%235510%7Cpkg%23com.amazon.firelauncher%7C;DV;1:HI
04-13 00:46:19.463  2059  2059 I Vlog    : PfxPrecog:LruHint:fgtracking=false;DV;1,key=failure;DV;1,Counter=1.000000;CT;1,unit=null;DV;1,metadata=version%235510%7Cpkg%23com.amazon.firelauncher%7C;DV;1:HI
04-13 00:46:19.484 23943 23971 I native-activity: Swap 353 time is 101.629ms
04-13 00:46:19.484 23943 23971 I native-activity: Animating
04-13 00:46:19.497 23943 23971 I native-activity: Frame 354 GL error is 0x0
04-13 00:46:19.497 23943 23971 I native-activity: Frame 354 time is 12.780ms
04-13 00:46:19.581 23943 23971 I native-activity: Swap 354 time is 96.585ms
04-13 00:46:19.581 23943 23971 I native-activity: Animating
04-13 00:46:19.593 23943 23971 I native-activity: Frame 355 GL error is 0x0
04-13 00:46:19.593 23943 23971 I native-activity: Frame 355 time is 11.851ms
04-13 00:46:19.677 23943 23971 I native-activity: Swap 355 time is 95.813ms
04-13 00:46:19.677 23943 23971 I native-activity: Animating
04-13 00:46:19.690 23943 23971 I native-activity: Frame 356 GL error is 0x0
04-13 00:46:19.690 23943 23971 I native-activity: Frame 356 time is 13.140ms
04-13 00:46:19.774 23943 23971 I native-activity: Swap 356 time is 97.119ms
04-13 00:46:19.774 23943 23971 I native-activity: Animating
04-13 00:46:19.788 23943 23971 I native-activity: Frame 357 GL error is 0x0
04-13 00:46:19.788 23943 23971 I native-activity: Frame 357 time is 13.966ms
04-13 00:46:19.872 23943 23971 I native-activity: Swap 357 time is 97.826ms
04-13 00:46:19.872 23943 23971 I native-activity: Animating
04-13 00:46:19.885 23943 23971 I native-activity: Frame 358 GL error is 0x0
04-13 00:46:19.885 23943 23971 I native-activity: Frame 358 time is 12.239ms
04-13 00:46:19.968 23943 23971 I native-activity: Swap 358 time is 96.011ms
04-13 00:46:19.969 23943 23971 I native-activity: Animating
04-13 00:46:19.980 23943 23971 I native-activity: Frame 359 GL error is 0x0
04-13 00:46:19.981 23943 23971 I native-activity: Frame 359 time is 11.881ms
04-13 00:46:20.064 23943 23971 I native-activity: Swap 359 time is 95.751ms
04-13 00:46:20.065 23943 23971 I native-activity: Animating
04-13 00:46:20.077 23943 23971 I native-activity: Frame 360 GL error is 0x0
04-13 00:46:20.077 23943 23971 I native-activity: Frame 360 time is 12.457ms
04-13 00:46:20.161 23943 23971 I native-activity: Swap 360 time is 96.525ms
04-13 00:46:20.161 23943 23971 I native-activity: Animating
04-13 00:46:20.175 23943 23971 I native-activity: Frame 361 GL error is 0x0
04-13 00:46:20.175 23943 23971 I native-activity: Frame 361 time is 13.584ms
04-13 00:46:20.160   917   935 I Kernel  : [45618.832884]-(0)[935:SensorService]dpi vsync
04-13 00:46:20.259 23943 23971 I native-activity: Swap 361 time is 97.518ms
04-13 00:46:20.259 23943 23971 I native-activity: Animating
04-13 00:46:20.272 23943 23971 I native-activity: Frame 362 GL error is 0x0
04-13 00:46:20.272 23943 23971 I native-activity: Frame 362 time is 12.978ms
04-13 00:46:20.356 23943 23971 I native-activity: Swap 362 time is 96.667ms
04-13 00:46:20.356 23943 23971 I native-activity: Animating
04-13 00:46:20.370 23943 23971 I native-activity: Frame 363 GL error is 0x0
04-13 00:46:20.371 23943 23971 I native-activity: Frame 363 time is 14.603ms
04-13 00:46:20.380    82    82 I Kernel  : [45619.052530].(0)[82:mtk charger_hv_]charging_reset_watch_dog_timer
04-13 00:46:20.380    82    82 I Kernel  : [45619.053569].(0)[82:mtk charger_hv_]array_size = 16 
04-13 00:46:20.438   917   937 W AmazonGidPackageManagerCallback: Launching com.android.providers.media (32028) with AMZ_APP_GID
04-13 00:46:20.454   183   183 W art     : PreZygoteFork called when we already have a zygote space.
04-13 00:46:20.455 23943 23971 I native-activity: Swap 363 time is 99.072ms
04-13 00:46:20.456 23943 23971 I native-activity: Animating
04-13 00:46:20.470 23943 23971 I native-activity: Frame 364 GL error is 0x0
04-13 00:46:20.471 23943 23971 I native-activity: Frame 364 time is 14.781ms
04-13 00:46:20.478   917   937 I ActivityManager: Start proc 24463:android.process.media/u0a22028 for service com.android.providers.media/.MtpService
04-13 00:46:20.498 24463 24463 D ActivityManager: default service binder = android.os.BinderProxy@11338850
04-13 00:46:20.498 24463 24463 D ActivityManager: default service = android.app.ActivityManagerProxy@4599a49
04-13 00:46:20.509 24463 24463 D VendorDisplayManagerGlobalCallback: callGetInstance: nil
04-13 00:46:20.530  2159  2159 I Kernel  : [45619.203166].(0)[2159:wpa_supplicant]poorlink get state G(361793)F(49)dbad(0)dretry(0)LT(540)RT(-77)W(0)(12301)
04-13 00:46:20.530  2137  2137 I Kernel  : [45619.204598][wlan] nicTxReleaseResource: (TX STATE)
04-13 00:46:20.530  2137  2137 I Kernel  : Release: TC4 count 1, Free=4; TC5 count 0, Free=4
04-13 00:46:20.555 23943 23971 I native-activity: Swap 364 time is 99.426ms
04-13 00:46:20.555 23943 23971 I native-activity: Animating
04-13 00:46:20.555 24463 24463 E VendorContextExt: Failed to register system service "com.amazon.client.metrics.AndroidMetricsFactoryImpl". The class was not found for the provided classloader.
04-13 00:46:20.560 24463 24463 D ProfileManager: Create ProfileManager instance
04-13 00:46:20.562 23943 23971 I native-activity: Frame 365 GL error is 0x0
04-13 00:46:20.562 23943 23971 I native-activity: Frame 365 time is 7.112ms
04-13 00:46:20.608 24463 24463 E SQLiteLog: (283) recovered 19 frames from WAL file /data/data/com.android.providers.media/databases/external.db-wal
04-13 00:46:20.646 24463 24463 D MtpService: updating state; isCurrentUser=true, mMtpLocked=false
04-13 00:46:20.647 23943 23971 I native-activity: Swap 365 time is 91.363ms
04-13 00:46:20.647 23943 23971 I native-activity: Animating
04-13 00:46:20.653 24463 24463 D MtpService: addStorageLocked 65537 /storage/emulated/0
04-13 00:46:20.655 23943 23971 I native-activity: Frame 366 GL error is 0x0
04-13 00:46:20.656 23943 23971 I native-activity: Frame 366 time is 8.803ms
04-13 00:46:20.657 24463 24463 D MtpService: updating state; isCurrentUser=true, mMtpLocked=false
04-13 00:46:20.667 24463 24463 D MtpService: starting MTP server in MTP mode
04-13 00:46:20.672 24463 24463 D MtpService: addStorageLocked 65537 /storage/emulated/0
04-13 00:46:20.674 24463 24484 E MtpServer: MTP Start observer
04-13 00:46:20.674 24463 24484 D MtpServer: MTP state is BUSY Started
04-13 00:46:20.677 24463 24485 D MtpServer: MTP state is BUSY Activated
04-13 00:46:20.681  1787  1787 I AmazonSysUIDebug: NotificationPanel setQsExpansionEnabled? : true
04-13 00:46:20.681  1787  1787 I AmazonSysUIDebug: PSB. isDeviceProvisioned()? : true UserSetupComplete? : true mUserSwitcherController == null? : false
04-13 00:46:20.682   917   917 I ValidateNoPeople: skipping global notification
04-13 00:46:20.695   917   917 I ValidateNoPeople: skipping global notification
04-13 00:46:20.739 23943 23971 I native-activity: Swap 366 time is 92.729ms
04-13 00:46:20.740 23943 23971 I native-activity: Animating