04-13 00:40:48.052 22291 22324 I native-activity: Swap 459 time is 26.658ms
04-13 00:40:48.052 22291 22324 I native-activity: Animating
04-13 00:40:48.065 22291 22324 I native-activity: Frame 460 GL error is 0x0
04-13 00:40:48.065 22291 22324 I native-activity: Frame 460 time is 12.949ms
04-13 00:40:48.079 22291 22324 I native-activity: Swap 460 time is 26.711ms
04-13 00:40:48.079 22291 22324 I native-activity: Animating
04-13 00:40:48.092 22291 22324 I native-activity: Frame 461 GL error is 0x0
04-13 00:40:48.092 22291 22324 I native-activity: Frame 461 time is 13.167ms
04-13 00:40:48.105 22291 22324 I native-activity: Swap 461 time is 26.608ms
04-13 00:40:48.106 22291 22324 I native-activity: Animating
04-13 00:40:48.139 22291 22324 I native-activity: Frame 462 GL error is 0x501
04-13 00:40:48.140 22291 22324 I native-activity: Frame 462 time is 33.912ms
04-13 00:40:48.150 22291 22324 I native-activity: Swap 462 time is 44.568ms
04-13 00:40:48.150 22291 22324 I native-activity: Animating
04-13 00:40:48.159 22291 22324 I native-activity: Frame 463 GL error is 0x0
04-13 00:40:48.159 22291 22324 I native-activity: Frame 463 time is 8.326ms
04-13 00:40:48.169 22291 22324 I native-activity: Swap 463 time is 18.672ms
04-13 00:40:48.169 22291 22324 I native-activity: Animating
04-13 00:40:48.173 22291 22324 I native-activity: Frame 464 GL error is 0x0
04-13 00:40:48.173 22291 22324 I native-activity: Frame 464 time is 3.628ms
04-13 00:40:48.184 22291 22324 I native-activity: Swap 464 time is 14.846ms
04-13 00:40:48.184 22291 22324 I native-activity: Animating
04-13 00:40:48.188 22291 22324 I native-activity: Frame 465 GL error is 0x0
04-13 00:40:48.188 22291 22324 I native-activity: Frame 465 time is 3.590ms
04-13 00:40:48.199 22291 22324 I native-activity: Swap 465 time is 15.152ms
04-13 00:40:48.199 22291 22324 I native-activity: Animating
04-13 00:40:48.210 22291 22324 I native-activity: Frame 466 GL error is 0x0
04-13 00:40:48.210 22291 22324 I native-activity: Frame 466 time is 11.043ms
04-13 00:40:48.200  2159  2159 I Kernel  : [45286.872122].(0)[2159:wpa_supplicant]poorlink get state G(361515)F(49)dbad(0)dretry(0)LT(405)RT(-78)W(0)(12191)
04-13 00:40:48.200  2137  2137 I Kernel  : [45286.873893][wlan] nicTxReleaseResource: (TX STATE)
04-13 00:40:48.200  2137  2137 I Kernel  : Release: TC4 count 1, Free=4; TC5 count 0, Free=4
04-13 00:40:48.222 22291 22324 I native-activity: Swap 466 time is 22.242ms
04-13 00:40:48.222 22291 22324 I native-activity: Animating
04-13 00:40:48.234 22291 22324 I native-activity: Frame 467 GL error is 0x0
04-13 00:40:48.234 22291 22324 I native-activity: Frame 467 time is 12.025ms
04-13 00:40:48.245 22291 22324 I native-activity: Swap 467 time is 23.653ms
04-13 00:40:48.246 22291 22324 I native-activity: Animating
04-13 00:40:48.261 22291 22324 I native-activity: Frame 468 GL error is 0x0
04-13 00:40:48.261 22291 22324 I native-activity: Frame 468 time is 15.518ms
04-13 00:40:48.273 22291 22324 I native-activity: Swap 468 time is 27.628ms
04-13 00:40:48.273 22291 22324 I native-activity: Animating
04-13 00:40:48.306 22291 22324 I native-activity: Frame 469 GL error is 0x501
04-13 00:40:48.306 22291 22324 I native-activity: Frame 469 time is 32.487ms
04-13 00:40:48.318 22291 22324 I native-activity: Swap 469 time is 44.890ms
04-13 00:40:48.319 22291 22324 I native-activity: Animating
04-13 00:40:48.334 22291 22324 I native-activity: Frame 470 GL error is 0x0
04-13 00:40:48.334 22291 22324 I native-activity: Frame 470 time is 15.322ms
04-13 00:40:48.346 22291 22324 I native-activity: Swap 470 time is 27.692ms
04-13 00:40:48.346 22291 22324 I native-activity: Animating
04-13 00:40:48.362 22291 22324 I native-activity: Frame 471 GL error is 0x0
04-13 00:40:48.362 22291 22324 I native-activity: Frame 471 time is 15.396ms
04-13 00:40:48.374 22291 22324 I native-activity: Swap 471 time is 27.506ms
04-13 00:40:48.374 22291 22324 I native-activity: Animating
04-13 00:40:48.389 22291 22324 I native-activity: Frame 472 GL error is 0x0
04-13 00:40:48.389 22291 22324 I native-activity: Frame 472 time is 15.270ms
04-13 00:40:48.401 22291 22324 I native-activity: Swap 472 time is 27.172ms
04-13 00:40:48.402 22291 22324 I native-activity: Animating
04-13 00:40:48.416 22291 22324 I native-activity: Frame 473 GL error is 0x0
04-13 00:40:48.416 22291 22324 I native-activity: Frame 473 time is 14.875ms
04-13 00:40:48.429 22291 22324 I native-activity: Swap 473 time is 27.094ms
04-13 00:40:48.429 22291 22324 I native-activity: Animating
04-13 00:40:48.444 22291 22324 I native-activity: Frame 474 GL error is 0x0
04-13 00:40:48.444 22291 22324 I native-activity: Frame 474 time is 14.945ms
04-13 00:40:48.456 22291 22324 I native-activity: Swap 474 time is 27.432ms
04-13 00:40:48.456 22291 22324 I native-activity: Animating
04-13 00:40:48.471 22291 22324 I native-activity: Frame 475 GL error is 0x0
04-13 00:40:48.472 22291 22324 I native-activity: Frame 475 time is 15.070ms
04-13 00:40:48.484 22291 22324 I native-activity: Swap 475 time is 27.755ms
04-13 00:40:48.484 22291 22324 I native-activity: Animating
04-13 00:40:48.500 22291 22324 I native-activity: Frame 476 GL error is 0x0
04-13 00:40:48.500 22291 22324 I native-activity: Frame 476 time is 15.236ms
04-13 00:40:48.513 22291 22324 I native-activity: Swap 476 time is 28.015ms
04-13 00:40:48.513 22291 22324 I native-activity: Animating
04-13 00:40:48.528 22291 22324 I native-activity: Frame 477 GL error is 0x0
04-13 00:40:48.528 22291 22324 I native-activity: Frame 477 time is 15.597ms
04-13 00:40:48.542 22291 22324 I native-activity: Swap 477 time is 28.888ms
04-13 00:40:48.542 22291 22324 I native-activity: Animating
04-13 00:40:48.560 22291 22324 I native-activity: Frame 478 GL error is 0x0
04-13 00:40:48.560 22291 22324 I native-activity: Frame 478 time is 17.990ms
04-13 00:40:48.574 22291 22324 I native-activity: Swap 478 time is 31.746ms
04-13 00:40:48.574 22291 22324 I native-activity: Animating
04-13 00:40:48.592 22291 22324 I native-activity: Frame 479 GL error is 0x0
04-13 00:40:48.592 22291 22324 I native-activity: Frame 479 time is 18.254ms
04-13 00:40:48.611 22291 22324 I native-activity: Swap 479 time is 36.840ms
04-13 00:40:48.611 22291 22324 I native-activity: Animating
04-13 00:40:48.625 22291 22324 I native-activity: Frame 480 GL error is 0x0
04-13 00:40:48.626 22291 22324 I native-activity: Frame 480 time is 14.301ms
04-13 00:40:48.641 22291 22324 I native-activity: Swap 480 time is 29.612ms
04-13 00:40:48.641 22291 22324 I native-activity: Animating
04-13 00:40:48.650 22291 22324 I native-activity: Frame 481 GL error is 0x0
04-13 00:40:48.650 22291 22324 I native-activity: Frame 481 time is 8.816ms
04-13 00:40:48.665 22291 22324 I native-activity: Swap 481 time is 24.184ms
04-13 00:40:48.665 22291 22324 I native-activity: Animating
04-13 00:40:48.674 22291 22324 I native-activity: Frame 482 GL error is 0x0
04-13 00:40:48.674 22291 22324 I native-activity: Frame 482 time is 8.893ms
04-13 00:40:48.690 22291 22324 I native-activity: Swap 482 time is 24.499ms
04-13 00:40:48.690 22291 22324 I native-activity: Animating
04-13 00:40:48.705 22291 22324 I native-activity: Frame 483 GL error is 0x0
04-13 00:40:48.705 22291 22324 I native-activity: Frame 483 time is 15.111ms
04-13 00:40:48.720 22291 22324 I native-activity: Swap 483 time is 30.288ms
04-13 00:40:48.720 22291 22324 I native-activity: Animating
04-13 00:40:48.736 22291 22324 I native-activity: Frame 484 GL error is 0x0
04-13 00:40:48.736 22291 22324 I native-activity: Frame 484 time is 15.114ms
04-13 00:40:48.750 22291 22324 I native-activity: Swap 484 time is 29.915ms
04-13 00:40:48.751 22291 22324 I native-activity: Animating
04-13 00:40:48.766 22291 22324 I native-activity: Frame 485 GL error is 0x0
04-13 00:40:48.766 22291 22324 I native-activity: Frame 485 time is 15.068ms
04-13 00:40:48.780 22291 22324 I native-activity: Swap 485 time is 29.788ms
04-13 00:40:48.781 22291 22324 I native-activity: Animating
04-13 00:40:48.796 22291 22324 I native-activity: Frame 486 GL error is 0x0
04-13 00:40:48.796 22291 22324 I native-activity: Frame 486 time is 15.155ms
04-13 00:40:48.810 22291 22324 I native-activity: Swap 486 time is 29.765ms
04-13 00:40:48.811 22291 22324 I native-activity: Animating
04-13 00:40:48.826 22291 22324 I native-activity: Frame 487 GL error is 0x0
04-13 00:40:48.826 22291 22324 I native-activity: Frame 487 time is 15.095ms
04-13 00:40:48.840 22291 22324 I native-activity: Swap 487 time is 29.704ms
04-13 00:40:48.841 22291 22324 I native-activity: Animating
04-13 00:40:48.858 22291 22324 I native-activity: Frame 488 GL error is 0x0
04-13 00:40:48.858 22291 22324 I native-activity: Frame 488 time is 17.654ms
04-13 00:40:48.873 22291 22324 I native-activity: Swap 488 time is 32.600ms
04-13 00:40:48.873 22291 22324 I native-activity: Animating
04-13 00:40:48.890 22291 22324 I native-activity: Frame 489 GL error is 0x0
04-13 00:40:48.890 22291 22324 I native-activity: Frame 489 time is 16.480ms
04-13 00:40:48.905 22291 22324 I native-activity: Swap 489 time is 31.085ms
04-13 00:40:48.905 22291 22324 I native-activity: Animating
04-13 00:40:48.914 22291 22324 I native-activity: Frame 490 GL error is 0x0
04-13 00:40:48.914 22291 22324 I native-activity: Frame 490 time is 9.671ms
04-13 00:40:48.920   917 25027 W AmazonActivityManagerService: packageLifetimeHint: amazon.internal.SystemJumpTable$ProcessRecord@ac0efc1 is active, cannot move
04-13 00:40:48.920  2059  2059 W Precog  : PackagePrewarmActor: Call to packageLifetimeHint failed, res = -1
04-13 00:40:48.921  2059  2059 I Vlog    : PfxPrecog:LruHint:fgtracking=false;DV;1,key=confidence;DV;1,Counter=1.000000;CT;1,unit=null;DV;1,metadata=version%235510%7Cpkg%23com.amazon.firelauncher%7C;DV;1:HI
04-13 00:40:48.922  2059  2059 I Vlog    : PfxPrecog:LruHint:fgtracking=false;DV;1,key=failure;DV;1,Counter=1.000000;CT;1,unit=null;DV;1,metadata=version%235510%7Cpkg%23com.amazon.firelauncher%7C;DV;1:HI
04-13 00:40:48.910     0     0 I Kernel  : [45287.588884]-(0)[0:swapper/0]dpi vsync
04-13 00:40:48.929 22291 22324 I native-activity: Swap 490 time is 24.387ms
04-13 00:40:48.929 22291 22324 I native-activity: Animating
04-13 00:40:48.938 22291 22324 I native-activity: Frame 491 GL error is 0x0
04-13 00:40:48.939 22291 22324 I native-activity: Frame 491 time is 9.292ms
04-13 00:40:48.920    82    82 I Kernel  : [45287.597490].(0)[82:mtk charger_hv_]charging_reset_watch_dog_timer
04-13 00:40:48.920    82    82 I Kernel  : [45287.598393].(0)[82:mtk charger_hv_]array_size = 16 
04-13 00:40:48.940 21005 21143 I Kernel  : [45287.614072].(0)[21143:Thread-7197]name:Log.main_3366 unmap vm_start a170e000  end: a190e000
04-13 00:40:48.954 22291 22324 I native-activity: Swap 491 time is 24.444ms
04-13 00:40:48.954 22291 22324 I native-activity: Animating
04-13 00:40:48.965 22291 22324 I native-activity: Frame 492 GL error is 0x0
04-13 00:40:48.965 22291 22324 I native-activity: Frame 492 time is 11.597ms
04-13 00:40:48.980 22291 22324 I native-activity: Swap 492 time is 26.367ms
04-13 00:40:48.980 22291 22324 I native-activity: Animating
04-13 00:40:48.989 22291 22324 I native-activity: Frame 493 GL error is 0x0
04-13 00:40:48.989 22291 22324 I native-activity: Frame 493 time is 8.630ms
04-13 00:40:49.004 22291 22324 I native-activity: Swap 493 time is 23.397ms
04-13 00:40:49.004 22291 22324 I native-activity: Animating
04-13 00:40:49.013 22291 22324 I native-activity: Frame 494 GL error is 0x0
04-13 00:40:49.014 22291 22324 I native-activity: Frame 494 time is 9.677ms
04-13 00:40:49.028 22291 22324 I native-activity: Swap 494 time is 24.348ms
04-13 00:40:49.028 22291 22324 I native-activity: Animating
04-13 00:40:49.038 22291 22324 I native-activity: Frame 495 GL error is 0x0
04-13 00:40:49.038 22291 22324 I native-activity: Frame 495 time is 9.460ms
04-13 00:40:49.030    81    81 I Kernel  : [45287.703717].(0)[81:bat_thread_kthr][BAT_thread]Cable in, CHR_Type_num=2
04-13 00:40:49.040    81    81 I Kernel  : [45287.714440].(1)[81:bat_thread_kthr]AvgVbat=(4203),bat_vol=(4205),AvgI=(0),I=(0),VChr=(4655),AvgT=(24),T=(25),pre_SOC=(100),SOC=(100),ZCV=(4045)
04-13 00:40:49.040    81    81 I Kernel  : [45287.714500].(1)[81:bat_thread_kthr][BATTERY] support JEITA, temperature=24
04-13 00:40:49.040    81    81 I Kernel  : [45287.714514][BATTERY] Battery Normal Temperature between 10 and 45 !!
04-13 00:40:49.040    81    81 I Kernel  : [45287.714529].(1)[81:bat_thread_kthr]array_size = 51 
04-13 00:40:49.040    81    81 I Kernel  : [45287.715552].(1)[81:bat_thread_kthr]charging_reset_watch_dog_timer
04-13 00:40:49.040 21005 21017 I Kernel  : [45287.721242].(0)[21017:FinalizerDaemon]name:Log.main_3366 unmap vm_start a170e000  end: a190e000
04-13 00:40:49.059 21005 21017 W CursorWrapperInner: Cursor finalized without prior close()
04-13 00:40:49.061 22291 22324 I native-activity: Swap 495 time is 32.235ms
04-13 00:40:49.061 22291 22324 I native-activity: Animating
04-13 00:40:49.050    81    81 I Kernel  : [45287.729621].(0)[81:bat_thread_kthr][BATTERY] Default CC mode charging : 150000, input current = 150000
04-13 00:40:49.050    81    81 I Kernel  : [45287.729654].(0)[81:bat_thread_kthr]array_size = 8 
04-13 00:40:49.050    81    81 I Kernel  : [45287.731323].(0)[81:bat_thread_kthr]array_size = 28 
04-13 00:40:49.070 22291 22324 I native-activity: Frame 496 GL error is 0x0
04-13 00:40:49.070 22291 22324 I native-activity: Frame 496 time is 8.890ms
04-13 00:40:49.060    81    81 I Kernel  : [45287.736397].(0)[81:bat_thread_kthr]charging_dump_register
04-13 00:40:49.060    81    81 I Kernel  : [45287.736904].(0)[81:bat_thread_kthr][bq24296_dump_register] Reg[0x0]=0x45
04-13 00:40:49.060    81    81 I Kernel  : [45287.737397].(0)[81:bat_thread_kthr][bq24296_dump_register] Reg[0x1]=0x1B
04-13 00:40:49.060    81    81 I Kernel  : [45287.737886].(0)[81:bat_thread_kthr][bq24296_dump_register] Reg[0x2]=0x3C
04-13 00:40:49.060    81    81 I Kernel  : [45287.738376].(0)[81:bat_thread_kthr][bq24296_dump_register] Reg[0x3]=0x30
04-13 00:40:49.060    81    81 I Kernel  : [45287.738865].(0)[81:bat_thread_kthr][bq24296_dump_register] Reg[0x4]=0xB2
04-13 00:40:49.060    81    81 I Kernel  : [45287.739354].(0)[81:bat_thread_kthr][bq24296_dump_register] Reg[0x5]=0x94
04-13 00:40:49.060    81    81 I Kernel  : [45287.739842].(0)[81:bat_thread_kthr][bq24296_dump_register] Reg[0x6]=0x73
04-13 00:40:49.060    81    81 I Kernel  : [45287.740331].(0)[81:bat_thread_kthr][bq24296_dump_register] Reg[0x7]=0x48
04-13 00:40:49.060    81    81 I Kernel  : [45287.740821].(0)[81:bat_thread_kthr][bq24296_dump_register] Reg[0x8]=0x64
04-13 00:40:49.060    81    81 I Kernel  : [45287.741310].(0)[81:bat_thread_kthr][bq24296_dump_register] Reg[0x9]=0x0
04-13 00:40:49.070    81    81 I Kernel  : [45287.741844].(0)[81:bat_thread_kthr][bq24296_dump_register] Reg[0xA]=0x20
04-13 00:40:49.083   143   315 I hwcomposer: [DPY] UEventThread::threadLoop recv change@/devices/platform/battery/power_supply/battery
04-13 00:40:49.070    81    81 I Kernel  : [45287.743889].(0)[81:bat_thread_kthr][100percent],UI_SOC = 99
04-13 00:40:49.070    81    81 I Kernel  : [45287.743908].(0)[81:bat_thread_kthr]UI_SOC=(100), resetBatteryMeter=(0)
04-13 00:40:49.070    81    81 I Kernel  : [45287.744145].(0)[81:bat_thread_kthr][mt_kpoc_power_off_check] , chr_vol=4655, boot_mode=0
04-13 00:40:49.070   139   139 I Kernel  : [45287.745225].(0)[139:healthd]healthd: battery l=100 v=4203 t=24.0 h=2 st=5 chg=u
04-13 00:40:49.085 22291 22324 I native-activity: Swap 496 time is 23.659ms
04-13 00:40:49.085 22291 22324 I native-activity: Animating
04-13 00:40:49.094 22291 22324 I native-activity: Frame 497 GL error is 0x0
04-13 00:40:49.094 22291 22324 I native-activity: Frame 497 time is 8.946ms
04-13 00:40:49.108 22291 22324 I native-activity: Swap 497 time is 23.697ms
04-13 00:40:49.109 22291 22324 I native-activity: Animating
04-13 00:40:49.119 22291 22324 I native-activity: Frame 498 GL error is 0x0
04-13 00:40:49.119 22291 22324 I native-activity: Frame 498 time is 10.386ms
04-13 00:40:49.134 22291 22324 I native-activity: Swap 498 time is 25.210ms
04-13 00:40:49.134 22291 22324 I native-activity: Animating
04-13 00:40:49.150 22291 22324 I native-activity: Frame 499 GL error is 0x0
04-13 00:40:49.150 22291 22324 I native-activity: Frame 499 time is 16.384ms
04-13 00:40:49.166 22291 22324 I native-activity: Swap 499 time is 31.714ms
04-13 00:40:49.166 22291 22324 I native-activity: Animating
04-13 00:40:49.182 22291 22324 I native-activity: Frame 500 GL error is 0x0
04-13 00:40:49.182 22291 22324 I native-activity: Frame 500 time is 16.091ms
04-13 00:40:49.197 22291 22324 I native-activity: Swap 500 time is 31.346ms
04-13 00:40:49.197 22291 22324 I native-activity: Animating
04-13 00:40:49.213 22291 22324 I native-activity: Frame 501 GL error is 0x0
04-13 00:40:49.213 22291 22324 I native-activity: Frame 501 time is 15.708ms
04-13 00:40:49.228 22291 22324 I native-activity: Swap 501 time is 30.920ms
04-13 00:40:49.229 22291 22324 I native-activity: Animating
04-13 00:40:49.244 22291 22324 I native-activity: Frame 502 GL error is 0x0
04-13 00:40:49.244 22291 22324 I native-activity: Frame 502 time is 15.709ms
04-13 00:40:49.260 22291 22324 I native-activity: Swap 502 time is 31.050ms
04-13 00:40:49.260 22291 22324 I native-activity: Animating
04-13 00:40:49.275 22291 22324 I native-activity: Frame 503 GL error is 0x0
04-13 00:40:49.275 22291 22324 I native-activity: Frame 503 time is 15.592ms
04-13 00:40:49.291 22291 22324 I native-activity: Swap 503 time is 31.033ms
04-13 00:40:49.291 22291 22324 I native-activity: Animating
04-13 00:40:49.307 22291 22324 I native-activity: Frame 504 GL error is 0x0
04-13 00:40:49.307 22291 22324 I native-activity: Frame 504 time is 15.562ms
04-13 00:40:49.322 22291 22324 I native-activity: Swap 504 time is 31.007ms
04-13 00:40:49.322 22291 22324 I native-activity: Animating
04-13 00:40:49.338 22291 22324 I native-activity: Frame 505 GL error is 0x0
04-13 00:40:49.338 22291 22324 I native-activity: Frame 505 time is 15.580ms
04-13 00:40:49.353 22291 22324 I native-activity: Swap 505 time is 30.756ms
04-13 00:40:49.353 22291 22324 I native-activity: Animating
04-13 00:40:49.369 22291 22324 I native-activity: Frame 506 GL error is 0x0
04-13 00:40:49.369 22291 22324 I native-activity: Frame 506 time is 16.045ms
04-13 00:40:49.384 22291 22324 I native-activity: Swap 506 time is 30.966ms
04-13 00:40:49.384 22291 22324 I native-activity: Animating
04-13 00:40:49.400 22291 22324 I native-activity: Frame 507 GL error is 0x0
04-13 00:40:49.400 22291 22324 I native-activity: Frame 507 time is 15.755ms
04-13 00:40:49.415 22291 22324 I native-activity: Swap 507 time is 30.897ms
04-13 00:40:49.416 22291 22324 I native-activity: Animating
04-13 00:40:49.432 22291 22324 I native-activity: Frame 508 GL error is 0x0
04-13 00:40:49.432 22291 22324 I native-activity: Frame 508 time is 16.499ms
04-13 00:40:49.447 22291 22324 I native-activity: Swap 508 time is 31.700ms
04-13 00:40:49.447 22291 22324 I native-activity: Animating
04-13 00:40:49.464 22291 22324 I native-activity: Frame 509 GL error is 0x0
04-13 00:40:49.464 22291 22324 I native-activity: Frame 509 time is 16.234ms
04-13 00:40:49.479 22291 22324 I native-activity: Swap 509 time is 31.414ms
04-13 00:40:49.479 22291 22324 I native-activity: Animating
04-13 00:40:49.495 22291 22324 I native-activity: Frame 510 GL error is 0x0
04-13 00:40:49.495 22291 22324 I native-activity: Frame 510 time is 16.234ms
04-13 00:40:49.511 22291 22324 I native-activity: Swap 510 time is 31.515ms
04-13 00:40:49.511 22291 22324 I native-activity: Animating
04-13 00:40:49.520 20692 20755 I AmazonCMS: CMS is no longer being used, shutting down...
04-13 00:40:49.528 22291 22324 I native-activity: Frame 511 GL error is 0x0
04-13 00:40:49.528 20692 20755 D AmazonCMS: Reconciler closing
04-13 00:40:49.528 22291 22324 I native-activity: Frame 511 time is 17.131ms
04-13 00:40:49.543 22291 22324 I native-activity: Swap 511 time is 32.285ms
04-13 00:40:49.543 22291 22324 I native-activity: Animating
04-13 00:40:49.557 22291 22324 I native-activity: Frame 512 GL error is 0x0
04-13 00:40:49.557 22291 22324 I native-activity: Frame 512 time is 13.705ms
04-13 00:40:49.572 22291 22324 I native-activity: Swap 512 time is 28.443ms
04-13 00:40:49.572 22291 22324 I native-activity: Animating
04-13 00:40:49.583 22291 22324 I native-activity: Frame 513 GL error is 0x0
04-13 00:40:49.583 22291 22324 I native-activity: Frame 513 time is 11.243ms
04-13 00:40:49.598 22291 22324 I native-activity: Swap 513 time is 25.912ms
04-13 00:40:49.598 22291 22324 I native-activity: Animating
04-13 00:40:49.609 22291 22324 I native-activity: Frame 514 GL error is 0x0
04-13 00:40:49.609 22291 22324 I native-activity: Frame 514 time is 11.075ms
04-13 00:40:49.624 22291 22324 I native-activity: Swap 514 time is 25.759ms
04-13 00:40:49.624 22291 22324 I native-activity: Animating
04-13 00:40:49.635 22291 22324 I native-activity: Frame 515 GL error is 0x0
04-13 00:40:49.635 22291 22324 I native-activity: Frame 515 time is 11.522ms
04-13 00:40:49.650 22291 22324 I native-activity: Swap 515 time is 26.315ms
04-13 00:40:49.650 22291 22324 I native-activity: Animating
04-13 00:40:49.661 22291 22324 I native-activity: Frame 516 GL error is 0x0
04-13 00:40:49.661 22291 22324 I native-activity: Frame 516 time is 10.759ms
04-13 00:40:49.676 22291 22324 I native-activity: Swap 516 time is 25.571ms
04-13 00:40:49.676 22291 22324 I native-activity: Animating
04-13 00:40:49.688 22291 22324 I native-activity: Frame 517 GL error is 0x0
04-13 00:40:49.688 22291 22324 I native-activity: Frame 517 time is 11.827ms
04-13 00:40:49.690 21409 21409 I Kernel  : [45288.361749].(0)[21409:kworker/0:1H]regs_hotplug_callback cpu = 2
04-13 00:40:49.690    15    15 I Kernel  : [45288.362221]-(2)[15:migration/2][Power/hotplug] platform_cpu_disable, cpu: 2
04-13 00:40:49.690    15    15 I Kernel  : [45288.362502]-(2)[15:migration/2]regs_hotplug_callback cpu = 2
04-13 00:40:49.690     0     0 I Kernel  : [45288.362567]-(2)[0:swapper/2][Power/hotplug] platform_cpu_die, cpu: 2
04-13 00:40:49.690 21409 21409 I Kernel  : [45288.362886].(0)[21409:kworker/0:1H]CPU2: shutdown
04-13 00:40:49.690 21409 21409 I Kernel  : [45288.362911].(0)[21409:kworker/0:1H][Power/hotplug] platform_cpu_kill, cpu: 2
04-13 00:40:49.690 21409 21409 I Kernel  : [45288.363310].(0)[21409:kworker/0:1H]regs_hotplug_callback cpu = 2
04-13 00:40:49.690 21409 21409 I Kernel  : [45288.363613].(0)[21409:kworker/0:1H][WDK]cpu 2 plug off, kick wdt
04-13 00:40:49.690 21409 21409 I Kernel  : [45288.363706].(0)[21409:kworker/0:1H]regs_hotplug_callback cpu = 2
04-13 00:40:49.703 22291 22324 I native-activity: Swap 517 time is 26.666ms
04-13 00:40:49.703 22291 22324 I native-activity: Animating
04-13 00:40:49.715 22291 22324 I native-activity: Frame 518 GL error is 0x0
04-13 00:40:49.715 22291 22324 I native-activity: Frame 518 time is 11.699ms
04-13 00:40:49.730 22291 22324 I native-activity: Swap 518 time is 27.031ms
04-13 00:40:49.731 22291 22324 I native-activity: Animating
04-13 00:40:49.742 22291 22324 I native-activity: Frame 519 GL error is 0x0
04-13 00:40:49.742 22291 22324 I native-activity: Frame 519 time is 11.481ms
04-13 00:40:49.757 22291 22324 I native-activity: Swap 519 time is 26.789ms
04-13 00:40:49.758 22291 22324 I native-activity: Animating
04-13 00:40:49.768 22291 22324 I native-activity: Frame 520 GL error is 0x0
04-13 00:40:49.768 22291 22324 I native-activity: Frame 520 time is 10.606ms
04-13 00:40:49.783 22291 22324 I native-activity: Swap 520 time is 25.519ms
04-13 00:40:49.783 22291 22324 I native-activity: Animating
04-13 00:40:49.793 22291 22324 I native-activity: Frame 521 GL error is 0x0
04-13 00:40:49.793 22291 22324 I native-activity: Frame 521 time is 9.675ms
04-13 00:40:49.808 22291 22324 I native-activity: Swap 521 time is 24.786ms
04-13 00:40:49.808 22291 22324 I native-activity: Animating
04-13 00:40:49.818 22291 22324 I native-activity: Frame 522 GL error is 0x0
04-13 00:40:49.818 22291 22324 I native-activity: Frame 522 time is 10.056ms
04-13 00:40:49.833 22291 22324 I native-activity: Swap 522 time is 24.789ms
04-13 00:40:49.833 22291 22324 I native-activity: Animating
04-13 00:40:49.843 22291 22324 I native-activity: Frame 523 GL error is 0x0
04-13 00:40:49.843 22291 22324 I native-activity: Frame 523 time is 9.713ms
04-13 00:40:49.857 22291 22324 I native-activity: Swap 523 time is 24.393ms
04-13 00:40:49.858 22291 22324 I native-activity: Animating
04-13 00:40:49.872 22291 22324 I native-activity: Frame 524 GL error is 0x0
04-13 00:40:49.872 22291 22324 I native-activity: Frame 524 time is 14.253ms
04-13 00:40:49.887 22291 22324 I native-activity: Swap 524 time is 29.307ms
04-13 00:40:49.887 22291 22324 I native-activity: Animating
04-13 00:40:49.904 22291 22324 I native-activity: Frame 525 GL error is 0x0
04-13 00:40:49.904 22291 22324 I native-activity: Frame 525 time is 16.651ms
04-13 00:40:49.919 22291 22324 I native-activity: Swap 525 time is 31.840ms
04-13 00:40:49.919 22291 22324 I native-activity: Animating
04-13 00:40:49.920    82    82 I Kernel  : [45288.598521].(0)[82:mtk charger_hv_]charging_reset_watch_dog_timer
04-13 00:40:49.920    82    82 I Kernel  : [45288.599457].(0)[82:mtk charger_hv_]array_size = 16 
04-13 00:40:49.962 22291 22324 I native-activity: Frame 526 GL error is 0x0
04-13 00:40:49.962 22291 22324 I native-activity: Frame 526 time is 43.182ms
04-13 00:40:49.978 22291 22324 I native-activity: Swap 526 time is 58.741ms
04-13 00:40:49.978 22291 22324 I native-activity: Animating
04-13 00:40:50.000 22291 22324 I native-activity: Frame 527 GL error is 0x0
04-13 00:40:50.000 22291 22324 I native-activity: Frame 527 time is 21.922ms
04-13 00:40:50.015 22291 22324 I native-activity: Swap 527 time is 37.211ms
04-13 00:40:50.015 22291 22324 I native-activity: Animating
04-13 00:40:50.029 22291 22324 I native-activity: Frame 528 GL error is 0x0
04-13 00:40:50.029 22291 22324 I native-activity: Frame 528 time is 13.476ms
04-13 00:40:50.044 22291 22324 I native-activity: Swap 528 time is 28.881ms
04-13 00:40:50.044 22291 22324 I native-activity: Animating
04-13 00:40:50.059 22291 22324 I native-activity: Frame 529 GL error is 0x0
04-13 00:40:50.059 22291 22324 I native-activity: Frame 529 time is 14.851ms
04-13 00:40:50.075 22291 22324 I native-activity: Swap 529 time is 30.102ms
04-13 00:40:50.075 22291 22324 I native-activity: Animating
04-13 00:40:50.089 22291 22324 I native-activity: Frame 530 GL error is 0x0
04-13 00:40:50.089 22291 22324 I native-activity: Frame 530 time is 14.311ms
04-13 00:40:50.103 22291 22324 I native-activity: Swap 530 time is 28.783ms
04-13 00:40:50.104 22291 22324 I native-activity: Animating
04-13 00:40:50.119 22291 22324 I native-activity: Frame 531 GL error is 0x0
04-13 00:40:50.119 22291 22324 I native-activity: Frame 531 time is 15.575ms
04-13 00:40:50.133 22291 22324 I native-activity: Swap 531 time is 29.718ms
04-13 00:40:50.133 22291 22324 I native-activity: Animating
04-13 00:40:50.148 22291 22324 I native-activity: Frame 532 GL error is 0x0
04-13 00:40:50.148 22291 22324 I native-activity: Frame 532 time is 14.154ms
04-13 00:40:50.161 22291 22324 I native-activity: Swap 532 time is 27.863ms
04-13 00:40:50.161 22291 22324 I native-activity: Animating
04-13 00:40:50.176 22291 22324 I native-activity: Frame 533 GL error is 0x0
04-13 00:40:50.176 22291 22324 I native-activity: Frame 533 time is 14.790ms
04-13 00:40:50.190 22291 22324 I native-activity: Swap 533 time is 28.364ms
04-13 00:40:50.190 22291 22324 I native-activity: Animating
04-13 00:40:50.206 22291 22324 I native-activity: Frame 534 GL error is 0x0
04-13 00:40:50.206 22291 22324 I native-activity: Frame 534 time is 15.639ms
04-13 00:40:50.219 22291 22324 I native-activity: Swap 534 time is 29.345ms
04-13 00:40:50.220 22291 22324 I native-activity: Animating
04-13 00:40:50.233 22291 22324 I native-activity: Frame 535 GL error is 0x0
04-13 00:40:50.233 22291 22324 I native-activity: Frame 535 time is 13.633ms
04-13 00:40:50.247 22291 22324 I native-activity: Swap 535 time is 26.990ms
04-13 00:40:50.247 22291 22324 I native-activity: Animating
04-13 00:40:50.261 22291 22324 I native-activity: Frame 536 GL error is 0x0
04-13 00:40:50.261 22291 22324 I native-activity: Frame 536 time is 14.664ms
04-13 00:40:50.275 22291 22324 I native-activity: Swap 536 time is 27.857ms
04-13 00:40:50.275 22291 22324 I native-activity: Animating
04-13 00:40:50.288 22291 22324 I native-activity: Frame 537 GL error is 0x0
04-13 00:40:50.288 22291 22324 I native-activity: Frame 537 time is 13.686ms
04-13 00:40:50.302 22291 22324 I native-activity: Swap 537 time is 27.217ms
04-13 00:40:50.302 22291 22324 I native-activity: Animating
04-13 00:40:50.316 22291 22324 I native-activity: Frame 538 GL error is 0x0
04-13 00:40:50.316 22291 22324 I native-activity: Frame 538 time is 14.336ms
04-13 00:40:50.331 22291 22324 I native-activity: Swap 538 time is 28.398ms
04-13 00:40:50.331 22291 22324 I native-activity: Animating
04-13 00:40:50.345 22291 22324 I native-activity: Frame 539 GL error is 0x0
04-13 00:40:50.345 22291 22324 I native-activity: Frame 539 time is 14.593ms
04-13 00:40:50.358 22291 22324 I native-activity: Swap 539 time is 27.760ms
04-13 00:40:50.359 22291 22324 I native-activity: Animating
04-13 00:40:50.372 22291 22324 I native-activity: Frame 540 GL error is 0x0
04-13 00:40:50.372 22291 22324 I native-activity: Frame 540 time is 13.085ms
04-13 00:40:50.385 22291 22324 I native-activity: Swap 540 time is 26.010ms
04-13 00:40:50.385 22291 22324 I native-activity: Animating
04-13 00:40:50.397 22291 22324 I native-activity: Frame 541 GL error is 0x0
04-13 00:40:50.398 22291 22324 I native-activity: Frame 541 time is 12.835ms
04-13 00:40:50.411 22291 22324 I native-activity: Swap 541 time is 25.735ms
04-13 00:40:50.411 22291 22324 I native-activity: Animating
04-13 00:40:50.424 22291 22324 I native-activity: Frame 542 GL error is 0x0
04-13 00:40:50.424 22291 22324 I native-activity: Frame 542 time is 13.330ms
04-13 00:40:50.437 22291 22324 I native-activity: Swap 542 time is 26.173ms
04-13 00:40:50.437 22291 22324 I native-activity: Animating
04-13 00:40:50.449 22291 22324 I native-activity: Frame 543 GL error is 0x0
04-13 00:40:50.450 22291 22324 I native-activity: Frame 543 time is 12.489ms
04-13 00:40:50.462 22291 22324 I native-activity: Swap 543 time is 25.345ms
04-13 00:40:50.463 22291 22324 I native-activity: Animating
04-13 00:40:50.476 22291 22324 I native-activity: Frame 544 GL error is 0x0
04-13 00:40:50.476 22291 22324 I native-activity: Frame 544 time is 13.860ms
04-13 00:40:50.490 22291 22324 I native-activity: Swap 544 time is 27.530ms
04-13 00:40:50.490 22291 22324 I native-activity: Animating
04-13 00:40:50.505 22291 22324 I native-activity: Frame 545 GL error is 0x0
04-13 00:40:50.505 22291 22324 I native-activity: Frame 545 time is 14.414ms
04-13 00:40:50.518 22291 22324 I native-activity: Swap 545 time is 28.220ms
04-13 00:40:50.519 22291 22324 I native-activity: Animating
04-13 00:40:50.554 22291 22324 I native-activity: Frame 546 GL error is 0x0
04-13 00:40:50.554 22291 22324 I native-activity: Frame 546 time is 35.025ms
04-13 00:40:50.568 22291 22324 I native-activity: Swap 546 time is 49.317ms
04-13 00:40:50.568 22291 22324 I native-activity: Animating
04-13 00:40:50.583 22291 22324 I native-activity: Frame 547 GL error is 0x0
04-13 00:40:50.583 22291 22324 I native-activity: Frame 547 time is 14.606ms
04-13 00:40:50.596 22291 22324 I native-activity: Swap 547 time is 27.702ms
04-13 00:40:50.596 22291 22324 I native-activity: Animating
04-13 00:40:50.606 22291 22324 I native-activity: Frame 548 GL error is 0x0
04-13 00:40:50.606 22291 22324 I native-activity: Frame 548 time is 10.118ms
04-13 00:40:50.620 22291 22324 I native-activity: Swap 548 time is 23.581ms
04-13 00:40:50.620 22291 22324 I native-activity: Animating
04-13 00:40:50.625 22291 22324 I native-activity: Frame 549 GL error is 0x0
04-13 00:40:50.625 22291 22324 I native-activity: Frame 549 time is 5.152ms
04-13 00:40:50.637 22291 22324 I native-activity: Swap 549 time is 16.974ms
04-13 00:40:50.637 22291 22324 I native-activity: Animating
04-13 00:40:50.642 22291 22324 I native-activity: Frame 550 GL error is 0x0
04-13 00:40:50.642 22291 22324 I native-activity: Frame 550 time is 5.323ms
04-13 00:40:50.654 22291 22324 I native-activity: Swap 550 time is 17.136ms
04-13 00:40:50.654 22291 22324 I native-activity: Animating
04-13 00:40:50.658 22291 22324 I native-activity: Frame 551 GL error is 0x0
04-13 00:40:50.658 22291 22324 I native-activity: Frame 551 time is 4.305ms
04-13 00:40:50.670 22291 22324 I native-activity: Swap 551 time is 16.177ms
04-13 00:40:50.670 22291 22324 I native-activity: Animating
04-13 00:40:50.679 22291 22324 I native-activity: Frame 552 GL error is 0x0
04-13 00:40:50.679 22291 22324 I native-activity: Frame 552 time is 8.430ms
04-13 00:40:50.691 22291 22324 I native-activity: Swap 552 time is 20.017ms
04-13 00:40:50.691 22291 22324 I native-activity: Animating
04-13 00:40:50.699 22291 22324 I native-activity: Frame 553 GL error is 0x0
04-13 00:40:50.699 22291 22324 I native-activity: Frame 553 time is 7.951ms
04-13 00:40:50.712 22291 22324 I native-activity: Swap 553 time is 20.536ms
04-13 00:40:50.712 22291 22324 I native-activity: Animating
04-13 00:40:50.717 22291 22324 I native-activity: Frame 554 GL error is 0x0
04-13 00:40:50.717 22291 22324 I native-activity: Frame 554 time is 5.684ms
04-13 00:40:50.729 22291 22324 I native-activity: Swap 554 time is 17.228ms
04-13 00:40:50.729 22291 22324 I native-activity: Animating
04-13 00:40:50.738 22291 22324 I native-activity: Frame 555 GL error is 0x0
04-13 00:40:50.738 22291 22324 I native-activity: Frame 555 time is 8.443ms
04-13 00:40:50.750 22291 22324 I native-activity: Swap 555 time is 20.990ms
04-13 00:40:50.750 22291 22324 I native-activity: Animating
04-13 00:40:50.756 22291 22324 I native-activity: Frame 556 GL error is 0x0
04-13 00:40:50.756 22291 22324 I native-activity: Frame 556 time is 5.587ms
04-13 00:40:50.770 22291 22324 I native-activity: Swap 556 time is 19.146ms
04-13 00:40:50.770 22291 22324 I native-activity: Animating
04-13 00:40:50.777 22291 22324 I native-activity: Frame 557 GL error is 0x0
04-13 00:40:50.778 22291 22324 I native-activity: Frame 557 time is 7.482ms
04-13 00:40:50.789 22291 22324 I native-activity: Swap 557 time is 18.922ms
04-13 00:40:50.789 22291 22324 I native-activity: Animating
04-13 00:40:50.795 22291 22324 I native-activity: Frame 558 GL error is 0x0
04-13 00:40:50.795 22291 22324 I native-activity: Frame 558 time is 5.451ms
04-13 00:40:50.807 22291 22324 I native-activity: Swap 558 time is 17.686ms
04-13 00:40:50.807 22291 22324 I native-activity: Animating
04-13 00:40:50.816 22291 22324 I native-activity: Frame 559 GL error is 0x0
04-13 00:40:50.816 22291 22324 I native-activity: Frame 559 time is 9.257ms
04-13 00:40:50.829 22291 22324 I native-activity: Swap 559 time is 21.603ms
04-13 00:40:50.829 22291 22324 I native-activity: Animating
04-13 00:40:50.835 22291 22324 I native-activity: Frame 560 GL error is 0x0
04-13 00:40:50.835 22291 22324 I native-activity: Frame 560 time is 5.827ms
04-13 00:40:50.846 22291 22324 I native-activity: Swap 560 time is 17.278ms
04-13 00:40:50.846 22291 22324 I native-activity: Animating
04-13 00:40:50.859 22291 22324 I native-activity: Frame 561 GL error is 0x0
04-13 00:40:50.859 22291 22324 I native-activity: Frame 561 time is 12.803ms
04-13 00:40:50.871 22291 22324 I native-activity: Swap 561 time is 24.718ms
04-13 00:40:50.871 22291 22324 I native-activity: Animating
04-13 00:40:50.882 22291 22324 I native-activity: Frame 562 GL error is 0x0
04-13 00:40:50.882 22291 22324 I native-activity: Frame 562 time is 10.897ms
04-13 00:40:50.894 22291 22324 I native-activity: Swap 562 time is 23.252ms
04-13 00:40:50.895 22291 22324 I native-activity: Animating
04-13 00:40:50.908 22291 22324 I native-activity: Frame 563 GL error is 0x0
04-13 00:40:50.908 22291 22324 I native-activity: Frame 563 time is 12.939ms
04-13 00:40:50.920 22291 22324 I native-activity: Swap 563 time is 25.748ms
04-13 00:40:50.921 22291 22324 I native-activity: Animating
04-13 00:40:50.932 22291 22324 I native-activity: Frame 564 GL error is 0x0
04-13 00:40:50.932 22291 22324 I native-activity: Frame 564 time is 10.616ms
04-13 00:40:50.920    82    82 I Kernel  : [45289.599565].(0)[82:mtk charger_hv_]charging_reset_watch_dog_timer
04-13 00:40:50.920    82    82 I Kernel  : [45289.600486].(0)[82:mtk charger_hv_]array_size = 16 
04-13 00:40:50.945 22291 22324 I native-activity: Swap 564 time is 23.534ms
04-13 00:40:50.945 22291 22324 I native-activity: Animating
04-13 00:40:50.958 22291 22324 I native-activity: Frame 565 GL error is 0x0
04-13 00:40:50.958 22291 22324 I native-activity: Frame 565 time is 13.114ms
04-13 00:40:50.940 25161 25161 I Kernel  : [45289.621066]-(0)[25161:kworker/0:2]dpi vsync
04-13 00:40:50.972 22291 22324 I native-activity: Swap 565 time is 26.439ms
04-13 00:40:50.972 22291 22324 I native-activity: Animating
04-13 00:40:50.984 22291 22324 I native-activity: Frame 566 GL error is 0x0
04-13 00:40:50.984 22291 22324 I native-activity: Frame 566 time is 12.696ms
04-13 00:40:50.997 22291 22324 I native-activity: Swap 566 time is 25.459ms
04-13 00:40:50.997 22291 22324 I native-activity: Animating
04-13 00:40:51.015 22291 22324 I native-activity: Frame 567 GL error is 0x0
04-13 00:40:51.015 22291 22324 I native-activity: Frame 567 time is 17.770ms
04-13 00:40:51.028 22291 22324 I native-activity: Swap 567 time is 30.712ms
04-13 00:40:51.028 22291 22324 I native-activity: Animating
04-13 00:40:51.040 22291 22324 I native-activity: Frame 568 GL error is 0x0
04-13 00:40:51.040 22291 22324 I native-activity: Frame 568 time is 11.452ms
04-13 00:40:51.052 22291 22324 I native-activity: Swap 568 time is 24.159ms
04-13 00:40:51.053 22291 22324 I native-activity: Animating
04-13 00:40:51.064 22291 22324 I native-activity: Frame 569 GL error is 0x0
04-13 00:40:51.065 22291 22324 I native-activity: Frame 569 time is 11.927ms
04-13 00:40:51.077 22291 22324 I native-activity: Swap 569 time is 24.614ms
04-13 00:40:51.077 22291 22324 I native-activity: Animating
04-13 00:40:51.089 22291 22324 I native-activity: Frame 570 GL error is 0x0
04-13 00:40:51.089 22291 22324 I native-activity: Frame 570 time is 11.451ms
04-13 00:40:51.102 22291 22324 I native-activity: Swap 570 time is 24.401ms
04-13 00:40:51.102 22291 22324 I native-activity: Animating
04-13 00:40:51.114 22291 22324 I native-activity: Frame 571 GL error is 0x0
04-13 00:40:51.114 22291 22324 I native-activity: Frame 571 time is 12.422ms
04-13 00:40:51.127 22291 22324 I native-activity: Swap 571 time is 24.619ms
04-13 00:40:51.127 22291 22324 I native-activity: Animating
04-13 00:40:51.139 22291 22324 I native-activity: Frame 572 GL error is 0x0
04-13 00:40:51.139 22291 22324 I native-activity: Frame 572 time is 12.082ms
04-13 00:40:51.152 22291 22324 I native-activity: Swap 572 time is 25.527ms
04-13 00:40:51.153 22291 22324 I native-activity: Animating
04-13 00:40:51.165 22291 22324 I native-activity: Frame 573 GL error is 0x0
04-13 00:40:51.165 22291 22324 I native-activity: Frame 573 time is 12.679ms
04-13 00:40:51.150 21414 21983 I Kernel  : [45289.830708].(1)[21983:cling-10]name:Log.amazon_main_1825 unmap vm_start a2495000  end: a2497000
04-13 00:40:51.178 22291 22324 I native-activity: Swap 573 time is 24.947ms
04-13 00:40:51.178 22291 22324 I native-activity: Animating
04-13 00:40:51.192 22291 22324 I native-activity: Frame 574 GL error is 0x0
04-13 00:40:51.192 22291 22324 I native-activity: Frame 574 time is 14.314ms
04-13 00:40:51.205 22291 22324 I native-activity: Swap 574 time is 27.709ms
04-13 00:40:51.206 22291 22324 I native-activity: Animating
04-13 00:40:51.223 22291 22324 I native-activity: Frame 575 GL error is 0x0
04-13 00:40:51.223 22291 22324 I native-activity: Frame 575 time is 17.727ms
04-13 00:40:51.220  2137  2137 I Kernel  : [45289.893078][wlan] nicTxReleaseResource: (TX STATE)
04-13 00:40:51.220  2137  2137 I Kernel  : Release: TC4 count 1, Free=4; TC5 count 0, Free=4
04-13 00:40:51.220  2159  2159 I Kernel  : [45289.894462].(1)[2159:wpa_supplicant]poorlink get state G(361515)F(49)dbad(0)dretry(0)LT(405)RT(-78)W(0)(12192)
04-13 00:40:51.220  2137  2137 I Kernel  : [45289.894593][wlan] nicTxReleaseResource: (TX STATE)
04-13 00:40:51.220  2137  2137 I Kernel  : Release: TC4 count 1, Free=4; TC5 count 0, Free=4
04-13 00:40:51.240 22291 22324 I native-activity: Swap 575 time is 34.197ms
04-13 00:40:51.240 22291 22324 I native-activity: Animating
04-13 00:40:51.263 22291 22324 I native-activity: Frame 576 GL error is 0x0
04-13 00:40:51.263 22291 22324 I native-activity: Frame 576 time is 23.041ms
04-13 00:40:51.280 22291 22324 I native-activity: Swap 576 time is 39.587ms
04-13 00:40:51.280 22291 22324 I native-activity: Animating
04-13 00:40:51.299 22291 22324 I native-activity: Frame 577 GL error is 0x0
04-13 00:40:51.300 22291 22324 I native-activity: Frame 577 time is 19.646ms
04-13 00:40:51.316 22291 22324 I native-activity: Swap 577 time is 35.730ms
04-13 00:40:51.316 22291 22324 I native-activity: Animating
04-13 00:40:51.336 22291 22324 I native-activity: Frame 578 GL error is 0x0
04-13 00:40:51.336 22291 22324 I native-activity: Frame 578 time is 20.453ms
04-13 00:40:51.352 22291 22324 I native-activity: Swap 578 time is 36.588ms
04-13 00:40:51.353 22291 22324 I native-activity: Animating
04-13 00:40:51.380 22291 22324 I native-activity: Frame 579 GL error is 0x0
04-13 00:40:51.380 22291 22324 I native-activity: Frame 579 time is 27.617ms
04-13 00:40:51.399 22291 22324 I native-activity: Swap 579 time is 45.930ms
04-13 00:40:51.399 22291 22324 I native-activity: Animating
04-13 00:40:51.427 22291 22324 I native-activity: Frame 580 GL error is 0x0
04-13 00:40:51.427 22291 22324 I native-activity: Frame 580 time is 28.193ms
04-13 00:40:51.445 22291 22324 I native-activity: Swap 580 time is 45.752ms
04-13 00:40:51.445 22291 22324 I native-activity: Animating
04-13 00:40:51.474 22291 22324 I native-activity: Frame 581 GL error is 0x0
04-13 00:40:51.474 22291 22324 I native-activity: Frame 581 time is 29.713ms
04-13 00:40:51.492 22291 22324 I native-activity: Swap 581 time is 47.251ms
04-13 00:40:51.492 22291 22324 I native-activity: Animating
04-13 00:40:51.517 22291 22324 I native-activity: Frame 582 GL error is 0x0
04-13 00:40:51.517 22291 22324 I native-activity: Frame 582 time is 24.897ms
04-13 00:40:51.534 22291 22324 I native-activity: Swap 582 time is 41.827ms
04-13 00:40:51.534 22291 22324 I native-activity: Animating
04-13 00:40:51.556 22291 22324 I native-activity: Frame 583 GL error is 0x0
04-13 00:40:51.556 22291 22324 I native-activity: Frame 583 time is 21.940ms
04-13 00:40:51.573 22291 22324 I native-activity: Swap 583 time is 38.333ms
04-13 00:40:51.573 22291 22324 I native-activity: Animating
04-13 00:40:51.592 22291 22324 I native-activity: Frame 584 GL error is 0x0
04-13 00:40:51.592 22291 22324 I native-activity: Frame 584 time is 19.001ms
04-13 00:40:51.607 22291 22324 I native-activity: Swap 584 time is 34.641ms
04-13 00:40:51.608 22291 22324 I native-activity: Animating
04-13 00:40:51.627 22291 22324 I native-activity: Frame 585 GL error is 0x0
04-13 00:40:51.628 22291 22324 I native-activity: Frame 585 time is 19.920ms
04-13 00:40:51.643 22291 22324 I native-activity: Swap 585 time is 35.425ms
04-13 00:40:51.643 22291 22324 I native-activity: Animating
04-13 00:40:51.663 22291 22324 I native-activity: Frame 586 GL error is 0x0
04-13 00:40:51.663 22291 22324 I native-activity: Frame 586 time is 20.061ms
04-13 00:40:51.679 22291 22324 I native-activity: Swap 586 time is 35.755ms
04-13 00:40:51.679 22291 22324 I native-activity: Animating
04-13 00:40:51.697 22291 22324 I native-activity: Frame 587 GL error is 0x0
04-13 00:40:51.697 22291 22324 I native-activity: Frame 587 time is 17.822ms
04-13 00:40:51.713 22291 22324 I native-activity: Swap 587 time is 33.503ms
04-13 00:40:51.713 22291 22324 I native-activity: Animating
04-13 00:40:51.732 22291 22324 I native-activity: Frame 588 GL error is 0x0
04-13 00:40:51.732 22291 22324 I native-activity: Frame 588 time is 18.863ms
04-13 00:40:51.748 22291 22324 I native-activity: Swap 588 time is 34.536ms
04-13 00:40:51.748 22291 22324 I native-activity: Animating
04-13 00:40:51.766 22291 22324 I native-activity: Frame 589 GL error is 0x0
04-13 00:40:51.766 22291 22324 I native-activity: Frame 589 time is 18.607ms
04-13 00:40:51.782 22291 22324 I native-activity: Swap 589 time is 34.465ms
04-13 00:40:51.782 22291 22324 I native-activity: Animating
04-13 00:40:51.801 22291 22324 I native-activity: Frame 590 GL error is 0x0
04-13 00:40:51.801 22291 22324 I native-activity: Frame 590 time is 18.611ms
04-13 00:40:51.817 22291 22324 I native-activity: Swap 590 time is 34.494ms
04-13 00:40:51.817 22291 22324 I native-activity: Animating
04-13 00:40:51.839 22291 22324 I native-activity: Frame 591 GL error is 0x0
04-13 00:40:51.839 22291 22324 I native-activity: Frame 591 time is 22.082ms
04-13 00:40:51.856 22291 22324 I native-activity: Swap 591 time is 39.223ms
04-13 00:40:51.857 22291 22324 I native-activity: Animating
04-13 00:40:51.880 22291 22324 I native-activity: Frame 592 GL error is 0x501
04-13 00:40:51.880 22291 22324 I native-activity: Frame 592 time is 23.804ms
04-13 00:40:51.897 22291 22324 I native-activity: Swap 592 time is 40.647ms
04-13 00:40:51.897 22291 22324 I native-activity: Animating
04-13 00:40:51.918 22291 22324 I native-activity: Frame 593 GL error is 0x0
04-13 00:40:51.918 22291 22324 I native-activity: Frame 593 time is 20.751ms
04-13 00:40:51.934 22291 22324 I native-activity: Swap 593 time is 36.869ms
04-13 00:40:51.934 22291 22324 I native-activity: Animating
04-13 00:40:51.920    82    82 I Kernel  : [45290.600623].(0)[82:mtk charger_hv_]charging_reset_watch_dog_timer
04-13 00:40:51.930    82    82 I Kernel  : [45290.601781].(1)[82:mtk charger_hv_]array_size = 16 
04-13 00:40:51.956 22291 22324 I native-activity: Frame 594 GL error is 0x0
04-13 00:40:51.957 22291 22324 I native-activity: Frame 594 time is 22.020ms
04-13 00:40:51.973 22291 22324 I native-activity: Swap 594 time is 38.099ms
04-13 00:40:51.973 22291 22324 I native-activity: Animating
04-13 00:40:52.015 22291 22324 I native-activity: Frame 595 GL error is 0x0
04-13 00:40:52.015 22291 22324 I native-activity: Frame 595 time is 42.010ms
04-13 00:40:52.031 22291 22324 I native-activity: Swap 595 time is 57.914ms
04-13 00:40:52.031 22291 22324 I native-activity: Animating
04-13 00:40:52.045 22291 22324 I native-activity: Frame 596 GL error is 0x0
04-13 00:40:52.045 22291 22324 I native-activity: Frame 596 time is 14.346ms
04-13 00:40:52.061 22291 22324 I native-activity: Swap 596 time is 30.164ms
04-13 00:40:52.061 22291 22324 I native-activity: Animating
04-13 00:40:52.075 22291 22324 I native-activity: Frame 597 GL error is 0x0
04-13 00:40:52.075 22291 22324 I native-activity: Frame 597 time is 13.675ms
04-13 00:40:52.091 22291 22324 I native-activity: Swap 597 time is 29.400ms
04-13 00:40:52.091 22291 22324 I native-activity: Animating
04-13 00:40:52.107 22291 22324 I native-activity: Frame 598 GL error is 0x0
04-13 00:40:52.107 22291 22324 I native-activity: Frame 598 time is 16.074ms
04-13 00:40:52.122 22291 22324 I native-activity: Swap 598 time is 31.593ms
04-13 00:40:52.123 22291 22324 I native-activity: Animating
04-13 00:40:52.138 22291 22324 I native-activity: Frame 599 GL error is 0x0
04-13 00:40:52.138 22291 22324 I native-activity: Frame 599 time is 15.044ms
04-13 00:40:52.153 22291 22324 I native-activity: Swap 599 time is 30.746ms
04-13 00:40:52.153 22291 22324 I native-activity: Animating
04-13 00:40:52.169 22291 22324 I native-activity: Frame 600 GL error is 0x0
04-13 00:40:52.169 22291 22324 I native-activity: Frame 600 time is 15.581ms
04-13 00:40:52.185 22291 22324 I native-activity: Swap 600 time is 31.326ms
04-13 00:40:52.185 22291 22324 I native-activity: Animating
04-13 00:40:52.200 22291 22324 I native-activity: Frame 601 GL error is 0x0
04-13 00:40:52.200 22291 22324 I native-activity: Frame 601 time is 14.864ms
04-13 00:40:52.215 22291 22324 I native-activity: Swap 601 time is 29.793ms
04-13 00:40:52.215 22291 22324 I native-activity: Animating
04-13 00:40:52.228 22291 22324 I native-activity: Frame 602 GL error is 0x0
04-13 00:40:52.228 22291 22324 I native-activity: Frame 602 time is 13.286ms
