--------- beginning of main
04-13 01:13:28.410 27534 27534 W sh      : type=1400 audit(0.0:5280): avc: denied { module_request } for kmod="personality-8" scontext=u:r:shell:s0 tcontext=u:r:kernel:s0 tclass=system permissive=0
04-13 01:13:28.410 27534 27534 W am      : type=1400 audit(0.0:5281): avc: denied { module_request } for kmod="personality-8" scontext=u:r:shell:s0 tcontext=u:r:kernel:s0 tclass=system permissive=0
--------- beginning of kernel
04-13 01:13:28.410 27534 27534 I Kernel  : [47247.082899].(0)[27534:sh]audit avc scontext:u:r:shell:s0
04-13 01:13:28.410 27534 27534 I Kernel  : [47247.087990].(2)[27534:am]audit avc scontext:u:r:shell:s0
04-13 01:13:28.420 27534 27534 W app_process: type=1400 audit(0.0:5282): avc: denied { module_request } for kmod="personality-8" scontext=u:r:shell:s0 tcontext=u:r:kernel:s0 tclass=system permissive=0
04-13 01:13:28.420 27534 27534 I Kernel  : [47247.093450].(0)[27534:app_process]audit avc scontext:u:r:shell:s0
--------- beginning of amazon_main
04-13 01:13:28.458 25557 25643 W AmazonCMS: Delivery card detected for item ***** but no delivery date set
04-13 01:13:28.459 25557 25643 D AmazonCMS: Creating delivery card with id: *****
04-13 01:13:28.468 25557 27526 I F_C.ProducerClientCompa: Producer com.amazon.kindle.cms.card.producer.NEWSSTAND at API version BrazilVersion(1.4).
04-13 01:13:28.470 25557 25643 D AmazonCMS: CardClient: Pushing 2 cards ***** by producer com.amazon.kindle.cms.card.producer.NEWSSTAND
04-13 01:13:28.486 25557 27526 I F_C.ProducerClientCompa: Connected to ServerInfo(CDA Version: BrazilVersion(1.3.108.0), Min. Producer: BrazilVersion(1.0), Delete All: true)
04-13 01:13:28.494  1787  1787 I AmazonLocationController: onWifiSignalChanged : connected : true
04-13 01:13:28.495 25616 26786 I F_C.CardAgentSynchroniz: Throttling producer refresh
04-13 01:13:28.495 25616 26786 W F_C.CardProvider: Producer refresh failed
04-13 01:13:28.550  2137  2137 I Kernel  : [47247.229228][wlan] nicTxReleaseResource: (TX STATE)
04-13 01:13:28.550  2137  2137 I Kernel  : Release: TC4 count 1, Free=3; TC5 count 0, Free=4
04-13 01:13:28.550  2159  2159 I Kernel  : [47247.229347].(0)[2159:wpa_supplicant]poorlink get state G(363152)F(49)dbad(0)dretry(0)LT(540)RT(-75)W(0)(12840)
04-13 01:13:28.550  2137  2137 I Kernel  : [47247.229837][wlan] nicTxReleaseResource: (TX STATE)
04-13 01:13:28.550  2137  2137 I Kernel  : Release: TC4 count 1, Free=4; TC5 count 0, Free=4
04-13 01:13:28.615 25557 25643 D AmazonCMS: Performing collection sync type DELTA_SYNC for user *****
04-13 01:13:28.615 25557 25643 V AmazonCMS: SyncClient - [SYNC] Syncing Namespace: [*****]
04-13 01:13:28.635 25557 26343 I DCP     : [JsonCallExecutor][CallExecutor][e7660849-e302-4b40-a96b-5ae612989842][Auth]GET https://api.amazon.com/whispersync/v2/data/amzn1.account.XXXX/datasets?after=108  (attempt 1)
--------- beginning of system
04-13 01:13:28.636   917  2114 D WifiService: acquireWifiLockLocked: WifiLock{com.amazon.dcp.framework.iuc.ConnectionEstablisherWithConnectivityEnforcement type=1 binder=android.os.BinderProxy@33221c43}
04-13 01:13:28.638 25557 27536 I com.amazon.dcp.framework.ConnectivityEnforcer: Network with type -1 is already connected
04-13 01:13:28.652   917   932 D ActivityManager: single user service: com.amazon.imp
04-13 01:13:28.654   917   932 D ActivityManager: app = com.amazon.imp, has single user service, setting process record.
04-13 01:13:28.681 27534 27534 D AndroidRuntime: >>>>>> START com.android.internal.os.RuntimeInit uid 2000 <<<<<<
04-13 01:13:28.685 27534 27534 D AndroidRuntime: CheckJNI is OFF
04-13 01:13:28.686 27534 27534 I art     : Skinny Heap Starting Size = 2048KB
04-13 01:13:28.686 27534 27534 I art     : Skinny Heap Growth Limit = 20480KB
04-13 01:13:28.686 27534 27534 I art     : Skinny Heap Min Free = 128KB
04-13 01:13:28.686 27534 27534 I art     : Skinny Heap Max Free = 512KB
04-13 01:13:28.686 27534 27534 I art     : Skinny Heap Target Utilization = 0.9
04-13 01:13:28.774 27534 27534 I HAL     : loaded HAL id=memtrack path=/system/lib/hw/memtrack.mt8127.so hmi=0x0 handle=0xb51e2694
04-13 01:13:28.790 27534 27534 I HAL     : loaded HAL id=perfboost path=/system/lib/hw/perfboost.mt8127.so hmi=0x0 handle=0xb51e27e4
04-13 01:13:28.824 27534 27534 D AndroidRuntime: Calling main entry com.android.commands.am.Am
04-13 01:13:28.825 27534 27534 D ActivityManager: default service binder = android.os.BinderProxy@13cd9bd9
04-13 01:13:28.825 27534 27534 D ActivityManager: default service = android.app.ActivityManagerProxy@36dda99e
04-13 01:13:28.829   917  1764 I ActivityManager: START u0 {act=android.intent.action.MAIN cat=[android.intent.category.LAUNCHER] flg=0x10000000 cmp=com.example.sonicdash_stage1/android.app.NativeActivity (has extras)} from uid 2000 on display 0
04-13 01:13:28.832   917  1764 W ActivityManager: Input dispatching paused for current ActivityRecord: ActivityRecord{1b40399f u0 com.example.sonicdash_stage1/android.app.NativeActivity t341}
04-13 01:13:28.832   917  1764 V WindowManager: addAppToken: AppWindowToken{187b5eb5 token=Token{1be12aec ActivityRecord{1b40399f u0 com.example.sonicdash_stage1/android.app.NativeActivity t341}}} to stack=1 task=341 at 0
04-13 01:13:28.837   917   943 V WindowManager: Based on layer: Adding window Window{2df8d0bb u0 Starting com.example.sonicdash_stage1} at 2 of 8
04-13 01:13:28.838   917  1764 D BatteryStatsExtension.VitalEmitterBatteryAndTime: VitalEmitterBatteryAndTime.start(-): not runnable
04-13 01:13:28.840 25616 25616 I F_C.Launcher: onPause
04-13 01:13:28.842 27534 27534 D AndroidRuntime: Shutting down VM
04-13 01:13:28.843 27534 27546 E IPCThreadState: talkWithDriver returned result (-9)
04-13 01:13:28.847 27534 27547 E IPCThreadState: talkWithDriver returned result (-9)
04-13 01:13:28.830 27534 27540 I Kernel  : [47247.506774].(2)[27540:Signal Catcher]name:dev/ashmem/dalvik-main space unmap vm_start b0762000  end: b0764000
04-13 01:13:28.849   183   183 W art     : PreZygoteFork called when we already have a zygote space.
04-13 01:13:28.858 27548 27548 I art     : Late-enabling -Xcheck:jni
04-13 01:13:28.859   917 25027 I ActivityManager: Start proc 27548:com.example.sonicdash_stage1/u0a21 for activity com.example.sonicdash_stage1/android.app.NativeActivity
--------- beginning of metrics
04-13 01:13:28.869   917  1055 I LoggerMetricsFactoryImpl: PhoneWindowManager:ActivityChanged:com.example.sonicdash_stage1=1.0;CT;1:NR
--------- beginning of vitals
04-13 01:13:28.869   917  1055 I Vlog    : ScreenTime:PackageScreenTime:fgtracking=false;DV;1,key=com.amazon.firelauncher;DV;1,Timer=3.5277777777777776E-4;TI;1,unit=hours;DV;1:HI
04-13 01:13:28.869   917  1055 I LoggerMetricsFactoryImpl: PhoneWindowManager:ScreenTime:endTimeMs=1.492071208869E12;TI;1,startTimeMs=1.492071207599E12;TI;1,com.amazon.firelauncher=1270.0;TI;1:NR
04-13 01:13:28.869   917  1055 I Vlog    : Thermal:Screen_On_Thermal_Throttling:fgtracking=false;DV;1,key=0;DV;1,Timer=3.5277777777777776E-4;TI;1,unit=hours;DV;1,metadata=com.amazon.firelauncher;DV;1:HI
04-13 01:13:28.870   917  1055 I LoggerMetricsFactoryImpl: ScreenTime:updateLRUListLocked:page-type=KindleFramework;CK;1,hitType=deviceAction;CK;1,team-name=KindleFramework;CK;1,site_variant=KindleApplication;CK;1,page-action=fgEnd;CK;1,sub-page-type=com.amazon.firelauncher;CK;1,RequestId=BC0A97F61B46A5B8C771;DV;1:NA
04-13 01:13:28.870   917  1055 I LoggerMetricsFactoryImpl: ScreenTime:updateLRUListLocked:page-type=KindleFramework;CK;1,hitType=deviceAction;CK;1,team-name=KindleFramework;CK;1,site_variant=KindleApplication;CK;1,page-action=fgStart;CK;1,sub-page-type=com.example.sonicdash_stage1;CK;1,RequestId=8322B8303A4DC585F94C;DV;1:NA
04-13 01:13:28.875  1787  1787 V PhoneStatusBar: setLightsOn(true)
04-13 01:13:28.878   143   257 I [MALI][Gralloc]: usage0: 0x933, format7: 2 stride2: 608 vertical_stride6: 976 size: 2373632
04-13 01:13:28.900 27548 27548 I art     : Turning on check_jni_no_abort for targetSdkVersion 9
04-13 01:13:28.907   183   183 I art     : Explicit concurrent mark sweep GC freed 8665(368KB) AllocSpace objects, 0(0B) LOS objects, 39% free, 1677KB/2MB, paused 432us total 47.720ms
04-13 01:13:28.919 27548 27548 D ActivityManager: default service binder = android.os.BinderProxy@4599a49
04-13 01:13:28.919 27548 27548 D ActivityManager: default service = android.app.ActivityManagerProxy@49f1f4e
04-13 01:13:28.927 25616 25616 I Vlog    : performance:SkippedVsyncsBucket2:fgtracking=false;DV;1,key=com.amazon.firelauncher;DV;1,Counter=1.0;CT;1,unit=count;DV;1:HI
04-13 01:13:28.928 25616 25616 I performance: SkippedVsyncsBucket2: package=com.amazon.firelauncher count=1
04-13 01:13:28.928 25616 25616 I Vlog    : performance:SkippedVsyncsBucket3:fgtracking=false;DV;1,key=com.amazon.firelauncher;DV;1,Counter=1.0;CT;1,unit=count;DV;1:HI
04-13 01:13:28.928 25616 25616 I performance: SkippedVsyncsBucket3: package=com.amazon.firelauncher count=1
04-13 01:13:28.928 25616 25616 I Vlog    : performance:FrameDropTotal:fgtracking=false;DV;1,key=com.amazon.firelauncher;DV;1,Counter=3.0;CT;1,unit=count;DV;1:HI
04-13 01:13:28.928 25616 25616 I performance: FrameDropTotal: package=com.amazon.firelauncher count=3
04-13 01:13:28.928 25616 25616 I Vlog    : performance:FramesTotal:fgtracking=false;DV;1,key=com.amazon.firelauncher;DV;1,Counter=15.0;CT;1,unit=count;DV;1:HI
04-13 01:13:28.928 25616 25616 I performance: FramesTotal: package=com.amazon.firelauncher count=15
04-13 01:13:28.928 25616 25616 I Vlog    : performance:DelayedFirstFrames:fgtracking=false;DV;1,key=com.amazon.firelauncher;DV;1,Counter=1.0;CT;1,unit=count;DV;1:HI
04-13 01:13:28.928 25616 25616 I performance: DelayedFirstFrames: package=com.amazon.firelauncher count=1
04-13 01:13:28.928 25616 25616 I Vlog    : performance:FirstFramesTotal:fgtracking=false;DV;1,key=com.amazon.firelauncher;DV;1,Counter=3.0;CT;1,unit=count;DV;1:HI
04-13 01:13:28.928 25616 25616 I performance: FirstFramesTotal: package=com.amazon.firelauncher count=0
04-13 01:13:28.932 25557 26343 I DCP     : [JsonCallExecutor][CallExecutor][e7660849-e302-4b40-a96b-5ae612989842][Auth]Received response code 200 OK. Total time = 296 ms. Handshake = 46 ms. Upload = 0 ms (0 bytes). Latency = 240 ms. Download = 0 ms (425 bytes).
04-13 01:13:28.933   917  2168 I PackageRecencyCallback: Queuing notifcation to package: ComponentInfo{com.amazon.kindle.cms/com.amazon.kindle.cms.MaintenanceService$PackageRecencyListener}
04-13 01:13:28.934   183   183 I art     : Explicit concurrent mark sweep GC freed 5(160B) AllocSpace objects, 0(0B) LOS objects, 39% free, 1677KB/2MB, paused 367us total 26.946ms
04-13 01:13:28.937   917   932 D WifiService: releaseWifiLockLocked: WifiLock{com.amazon.dcp.framework.iuc.ConnectionEstablisherWithConnectivityEnforcement type=1 binder=android.os.BinderProxy@33221c43}
04-13 01:13:28.945 27548 27548 D VendorDisplayManagerGlobalCallback: callGetInstance: nil
04-13 01:13:28.962   183   183 I art     : Explicit concurrent mark sweep GC freed 5(160B) AllocSpace objects, 0(0B) LOS objects, 39% free, 1677KB/2MB, paused 390us total 25.126ms
04-13 01:13:28.969  2059  2059 I Vlog    : PfxPrecog:PredictedTimeDelta:fgtracking=false;DV;1,key=delta;DV;1,Timer=18577.000000;TI;1,unit=null;DV;1,metadata=version%235510%7C;DV;1:HI
04-13 01:13:28.972  2059  2059 I Vlog    : PfxPrecog:PredictionResult:fgtracking=false;DV;1,key=success;DV;1,Counter=1.000000;CT;1,unit=null;DV;1,metadata=version%235510%7Crequester%23Chained+Predictor+T%7Cpred_type%23TemporalApplicationStart%7C;DV;1:HI
04-13 01:13:28.972 25616 25616 I F_C.Launcher: onStop
04-13 01:13:28.991 25616 25616 I F_C.ImageMemoryManager: onTrimMemory: Level: 20, activeSources: ArraySet[ ImageSourceState(com.amazon.firelauncher.images.imagesource.AppsMainFolderImageSource@ec52027) ]
04-13 01:13:29.018 27548 27548 E VendorContextExt: Failed to register system service "com.amazon.client.metrics.AndroidMetricsFactoryImpl". The class was not found for the provided classloader.
04-13 01:13:29.022 27548 27548 D ProfileManager: Create ProfileManager instance
04-13 01:13:29.038 27548 27548 I FrameworkJumpTable: Successfully loaded all classes
04-13 01:13:29.046 27548 27548 I FrameworkJumpTable: Successfully loaded all methods
04-13 01:13:29.046 27548 27548 I FrameworkJumpTable: Successfully loaded all fields
04-13 01:13:29.040 27534 27534 I Kernel  : [47247.713522].(0)[27534:main]name:dev/ashmem/dalvik-main space unmap vm_start 12c00000  end: 12e01000
04-13 01:13:29.040 27534 27534 I Kernel  : [47247.715285].(0)[27534:main]name:dev/ashmem/dalvik-main space unmap vm_start 22c00000  end: 22c01000
04-13 01:13:29.072   917   932 I AmazonStorageUtil: Secondary Storage not mounted. Do not create directory at:/storage/sdcard1/Android/obb/com.example.sonicdash_stage1
04-13 01:13:29.073 27548 27548 W ContextImpl: Failed to ensure directory: /storage/sdcard1/Android/obb/com.example.sonicdash_stage1
04-13 01:13:29.075   917 25027 I AmazonStorageUtil: Secondary Storage not mounted. Do not create directory at:/storage/sdcard1/Android/data/com.example.sonicdash_stage1/files
04-13 01:13:29.075 27548 27548 W ContextImpl: Failed to ensure directory: /storage/sdcard1/Android/data/com.example.sonicdash_stage1/files
04-13 01:13:29.078 27548 27548 V threaded_app: Creating: 0xb919a2a0
04-13 01:13:29.079 27548 27566 V threaded_app: Config: mcc=0 mnc=0 lang=en cnt=US orien=1 touch=3 dens=160 keys=1 nav=1 keysHid=3 navHid=0 sdk=22 size=3 long=1 modetype=1 modenight=1
04-13 01:13:29.079 27548 27566 I native-activity: Starting android_main
04-13 01:13:29.079 27548 27566 I native-activity:   Activity 0xb919a2a0
04-13 01:13:29.079 27548 27566 I native-activity:   VM 0xb8e8a818
04-13 01:13:29.079 27548 27566 I native-activity:   JNIEnv 0xb8e8b000
04-13 01:13:29.079 27548 27566 D native-activity: Changing permissions for the internal storage at /data/data/com.example.sonicdash_stage1/files
04-13 01:13:29.079 27548 27566 I native-activity: Attaching entry point thread to JNIEnv
04-13 01:13:29.080 27548 27566 I native-activity: Loading activity configuration
04-13 01:13:29.080 27548 27566 V native-activity: get_boolean_extra for *env 0xb51bcd60 intent 0x100005 extra_name egl_swap_preserve_bit
04-13 01:13:29.081 27548 27566 V native-activity: get_boolean_extra for *env 0xb51bcd60 intent 0x100005 extra_name egl_window_bit
04-13 01:13:29.081 27548 27566 V native-activity: get_boolean_extra for *env 0xb51bcd60 intent 0x100005 extra_name egl_pbuffer_bit
04-13 01:13:29.081 27548 27566 V native-activity: get_boolean_extra for *env 0xb51bcd60 intent 0x100005 extra_name gl_enable_dither
04-13 01:13:29.081 27548 27566 V native-activity: get_boolean_extra for *env 0xb51bcd60 intent 0x100005 extra_name gl_disable_dither
04-13 01:13:29.081 27548 27566 V native-activity: get_boolean_extra for *env 0xb51bcd60 intent 0x100005 extra_name gl_log_context
04-13 01:13:29.081 27548 27566 V native-activity: get_boolean_extra for *env 0xb51bcd60 intent 0x100005 extra_name stop_motion
04-13 01:13:29.081 27548 27566 V native-activity: get_boolean_extra for *env 0xb51bcd60 intent 0x100005 extra_name capture_compressed
04-13 01:13:29.081 27548 27566 I native-activity: EGL configuration
04-13 01:13:29.082 27548 27566 I native-activity: 	egl_swap_preserve_bit: 0
04-13 01:13:29.082 27548 27566 I native-activity: 	egl_window_bit: 1
04-13 01:13:29.082 27548 27566 I native-activity: 	egl_pbuffer_bit: 1
04-13 01:13:29.082 27548 27566 I native-activity: 	egl_width: 720
04-13 01:13:29.082 27548 27566 I native-activity: 	egl_height: 1280
04-13 01:13:29.082 27548 27566 I native-activity: 	egl_red_size: 8
04-13 01:13:29.082 27548 27566 I native-activity: 	egl_green_size: 8
04-13 01:13:29.082 27548 27566 I native-activity: 	egl_blue_size: 8
04-13 01:13:29.082 27548 27566 I native-activity: 	egl_alpha_size: 8
04-13 01:13:29.082 27548 27566 I native-activity: 	egl_depth_size: 16
04-13 01:13:29.082 27548 27566 I native-activity: 	egl_stencil_size: -1
04-13 01:13:29.082 27548 27566 I native-activity: 	egl_swapbuffers_sync: 0
04-13 01:13:29.082 27548 27566 I native-activity: GL configuration
04-13 01:13:29.082 27548 27566 I native-activity: 	gl_enable_dither: 0
04-13 01:13:29.082 27548 27566 I native-activity: 	gl_disable_dither: 0
04-13 01:13:29.082 27548 27566 I native-activity: 	gl_get_error: 1
04-13 01:13:29.082 27548 27566 I native-activity: 	gl_log_context: 1
04-13 01:13:29.082 27548 27566 I native-activity: Runtime configuration
04-13 01:13:29.083 27548 27548 V threaded_app: Start: 0xb919a2a0
04-13 01:13:29.082 27548 27566 I native-activity: 	draw_limit:        0
04-13 01:13:29.083 27548 27566 I native-activity: 	frame_limit:       0
04-13 01:13:29.083 27548 27566 I native-activity: 	stop_motion:       0
04-13 01:13:29.083 27548 27566 I native-activity: 	capture_frequency: 0
04-13 01:13:29.083 27548 27566 I native-activity: 	capture_compressed: 1
04-13 01:13:29.085 27548 27566 V threaded_app: activityState=10
04-13 01:13:29.086 27548 27548 V threaded_app: Resume: 0xb919a2a0
04-13 01:13:29.086 27548 27566 V threaded_app: activityState=11
04-13 01:13:29.088  2059  2059 I Vlog    : PfxPrecog:WarmvCold:fgtracking=false;DV;1,key=cold;DV;1,Counter=1.000000;CT;1,unit=null;DV;1,metadata=version%235510%7Cmode%23active%7Cpkg%23com.example.sonicdash_stage1%7C;DV;1:HI
04-13 01:13:29.089  2059  2059 I Vlog    : PfxPrecog:AppTransition:fgtracking=false;DV;1,key=AppTransition;DV;1,Counter=1.000000;CT;1,unit=null;DV;1,metadata=version%235510%7Cprevious_package%23com.amazon.firelauncher%7Cnew_package%23com.example.sonicdash_stage1%7C;DV;1:HI
04-13 01:13:29.091   917  1762 W AmazonActivityManagerService: packageLifetimeHint: amazon.internal.SystemJumpTable$ProcessRecord@1e729c33 is active, cannot move
04-13 01:13:29.092  2059  2059 W Precog  : PackagePrewarmActor: Call to packageLifetimeHint failed, res = -1
04-13 01:13:29.093  2059  2059 I Vlog    : PfxPrecog:LruHint:fgtracking=false;DV;1,key=confidence;DV;1,Counter=1.000000;CT;1,unit=null;DV;1,metadata=version%235510%7Cpkg%23com.amazon.firelauncher%7C;DV;1:HI
04-13 01:13:29.093  2059  2059 I Vlog    : PfxPrecog:LruHint:fgtracking=false;DV;1,key=failure;DV;1,Counter=1.000000;CT;1,unit=null;DV;1,metadata=version%235510%7Cpkg%23com.amazon.firelauncher%7C;DV;1:HI
04-13 01:13:29.103   917  1766 V WindowManager: Adding window Window{11ad569 u0 com.example.sonicdash_stage1/android.app.NativeActivity} at 2 of 9 (before Window{2df8d0bb u0 Starting com.example.sonicdash_stage1})
04-13 01:13:29.105 27548 27548 V threaded_app: InputQueueCreated: 0xb919a2a0 -- 0xb91a2738
04-13 01:13:29.105 27548 27566 V threaded_app: APP_CMD_INPUT_CHANGED
04-13 01:13:29.105 27548 27566 V threaded_app: Attaching input queue to looper
04-13 01:13:29.090 27567 27567 W sh      : type=1400 audit(0.0:5283): avc: denied { module_request } for kmod="personality-8" scontext=u:r:shell:s0 tcontext=u:r:kernel:s0 tclass=system permissive=0
04-13 01:13:29.090 27567 27567 I Kernel  : [47247.768324].(3)[27567:sh]audit avc scontext:u:r:shell:s0
04-13 01:13:29.100 27567 27567 I Kernel  : [47247.772629].(0)[27567:logcat]audit avc scontext:u:r:shell:s0
04-13 01:13:29.100 27567 27567 W logcat  : type=1400 audit(0.0:5284): avc: denied { module_request } for kmod="personality-8" scontext=u:r:shell:s0 tcontext=u:r:kernel:s0 tclass=system permissive=0
04-13 01:13:29.135 27548 27548 V threaded_app: NativeWindowCreated: 0xb919a2a0 -- 0xb91a3628
04-13 01:13:29.135 27548 27566 V threaded_app: APP_CMD_INIT_WINDOW
04-13 01:13:29.138 27548 27548 V threaded_app: WindowFocusChanged: 0xb919a2a0 -- 1
04-13 01:13:29.120 27548 27566 I Kernel  : [47247.797639]Mali<2>:
04-13 01:13:29.120 27548 27566 I Kernel  : Session started
04-13 01:13:29.139 27548 27566 I HAL     : loaded HAL id=gralloc path=/system/lib/hw/gralloc.mt8127.so hmi=0x0 handle=0xadc9f694
04-13 01:13:29.139 27548 27566 I native-activity: EGL information on display 0x1
04-13 01:13:29.139 27548 27566 I native-activity: 		EGL_VENDOR: Android
04-13 01:13:29.140 27548 27566 I native-activity: 		EGL_VERSION: 1.4 Android META-EGL
04-13 01:13:29.140 27548 27566 I native-activity: 		EGL_CLIENT_APIS: OpenGL_ES
04-13 01:13:29.140 27548 27566 I native-activity: 		EGL_EXTENSIONS: EGL_KHR_get_all_proc_addresses EGL_ANDROID_presentation_time EGL_KHR_image EGL_KHR_image_base EGL_KHR_image_pixmap EGL_KHR_gl_texture_2D_image EGL_KHR_gl_texture_cubemap_image EGL_KHR_gl_renderbuffer_image EGL_KHR_fence_sync EGL_EXT_create_context_robustness EGL_ANDROID_image_native_buffer EGL_ANDROID_recordable 
04-13 01:13:29.140 27548 27566 D native-activity: EGL configurations 23
04-13 01:13:29.140 27548 27566 D native-activity: 	Config 0x60000001 index 0
04-13 01:13:29.140 27548 27566 V native-activity: 		EGL_CONFIG_ID: 5
04-13 01:13:29.140 27548 27566 V native-activity: 		EGL_CONFORMANT: 5 EGL_OPENGL_ES_BIT, EGL_OPENGL_ES2_BIT,
04-13 01:13:29.140 27548 27566 V native-activity: 		EGL_CONFIG_CAVEAT: 12344 EGL_NONE,
04-13 01:13:29.140 27548 27566 V native-activity: 		EGL_RENDERABLE_TYPE: 5 EGL_OPENGL_ES_BIT, EGL_OPENGL_ES2_BIT,
04-13 01:13:29.140 27548 27566 V native-activity: 		EGL_SURFACE_TYPE: 1031 EGL_PBUFFER_BIT, EGL_PIXMAP_BIT, EGL_SWAP_BEHAVIOR_PRESERVED_BIT, EGL_WINDOW_BIT,
04-13 01:13:29.140 27548 27566 V native-activity: 		EGL_LEVEL: 0
04-13 01:13:29.140 27548 27566 V native-activity: 		EGL_COLOR_BUFFER_TYPE: 12430 EGL_RGB_BUFFER,
04-13 01:13:29.140 27548 27566 V native-activity: 		EGL_BUFFER_SIZE: 16
04-13 01:13:29.140 27548 27566 V native-activity: 		EGL_SAMPLES: 0
04-13 01:13:29.140 27548 27566 V native-activity: 		EGL_SAMPLE_BUFFERS: 0
04-13 01:13:29.140 27548 27566 V native-activity: 		EGL_RED_SIZE: 5
04-13 01:13:29.140 27548 27566 V native-activity: 		EGL_GREEN_SIZE: 6
04-13 01:13:29.140 27548 27566 V native-activity: 		EGL_BLUE_SIZE: 5
04-13 01:13:29.140 27548 27566 V native-activity: 		EGL_ALPHA_SIZE: 0
04-13 01:13:29.142 27548 27566 V native-activity: 		EGL_ALPHA_MASK_SIZE: 0
04-13 01:13:29.142 27548 27566 V native-activity: 		EGL_LUMINANCE_SIZE: 0
04-13 01:13:29.142 27548 27566 V native-activity: 		EGL_TRANSPARENT_TYPE: 12344 EGL_NONE,
04-13 01:13:29.142 27548 27566 V native-activity: 		EGL_TRANSPARENT_RED_VALUE: -1
04-13 01:13:29.143 27548 27566 V native-activity: 		EGL_TRANSPARENT_GREEN_VALUE: -1
04-13 01:13:29.143 27548 27566 V native-activity: 		EGL_TRANSPARENT_BLUE_VALUE: -1
04-13 01:13:29.143 27548 27566 V native-activity: 		EGL_STENCIL_SIZE: 8
04-13 01:13:29.143 27548 27566 V native-activity: 		EGL_DEPTH_SIZE: 24
04-13 01:13:29.143 27548 27566 V native-activity: 		EGL_BIND_TO_TEXTURE_RGB: 1
04-13 01:13:29.143 27548 27566 V native-activity: 		EGL_BIND_TO_TEXTURE_RGBA: 0
04-13 01:13:29.143 27548 27566 V native-activity: 		EGL_MIN_SWAP_INTERVAL: 0
04-13 01:13:29.143 27548 27566 V native-activity: 		EGL_MAX_SWAP_INTERVAL: 10
04-13 01:13:29.143 27548 27566 V native-activity: 		EGL_MAX_PBUFFER_WIDTH: 4096
04-13 01:13:29.143 27548 27566 V native-activity: 		EGL_MAX_PBUFFER_HEIGHT: 4096
04-13 01:13:29.143 27548 27566 D native-activity: 	Config 0x60000002 index 1
04-13 01:13:29.143 27548 27566 V native-activity: 		EGL_CONFIG_ID: 3
04-13 01:13:29.143 27548 27566 V native-activity: 		EGL_CONFORMANT: 5 EGL_OPENGL_ES_BIT, EGL_OPENGL_ES2_BIT,
04-13 01:13:29.143 27548 27566 V native-activity: 		EGL_CONFIG_CAVEAT: 12344 EGL_NONE,
04-13 01:13:29.143 27548 27566 V native-activity: 		EGL_RENDERABLE_TYPE: 5 EGL_OPENGL_ES_BIT, EGL_OPENGL_ES2_BIT,
04-13 01:13:29.143 27548 27566 V native-activity: 		EGL_SURFACE_TYPE: 1543 EGL_MULTISAMPLE_RESOLVE_BOX_BIT, EGL_PBUFFER_BIT, EGL_PIXMAP_BIT, EGL_SWAP_BEHAVIOR_PRESERVED_BIT, EGL_WINDOW_BIT,
04-13 01:13:29.143 27548 27566 V native-activity: 		EGL_LEVEL: 0
04-13 01:13:29.143 27548 27566 V native-activity: 		EGL_COLOR_BUFFER_TYPE: 12430 EGL_RGB_BUFFER,
04-13 01:13:29.143 27548 27566 V native-activity: 		EGL_BUFFER_SIZE: 16
04-13 01:13:29.143 27548 27566 V native-activity: 		EGL_SAMPLES: 4
04-13 01:13:29.143 27548 27566 V native-activity: 		EGL_SAMPLE_BUFFERS: 1
04-13 01:13:29.143 27548 27566 V native-activity: 		EGL_RED_SIZE: 5
04-13 01:13:29.143 27548 27566 V native-activity: 		EGL_GREEN_SIZE: 6
04-13 01:13:29.143 27548 27566 V native-activity: 		EGL_BLUE_SIZE: 5
04-13 01:13:29.143 27548 27566 V native-activity: 		EGL_ALPHA_SIZE: 0
04-13 01:13:29.143 27548 27566 V native-activity: 		EGL_ALPHA_MASK_SIZE: 0
04-13 01:13:29.143 27548 27566 V native-activity: 		EGL_LUMINANCE_SIZE: 0
04-13 01:13:29.143 27548 27566 V native-activity: 		EGL_TRANSPARENT_TYPE: 12344 EGL_NONE,
04-13 01:13:29.143 27548 27566 V native-activity: 		EGL_TRANSPARENT_RED_VALUE: -1
04-13 01:13:29.143 27548 27566 V native-activity: 		EGL_TRANSPARENT_GREEN_VALUE: -1
04-13 01:13:29.143 27548 27566 V native-activity: 		EGL_TRANSPARENT_BLUE_VALUE: -1
04-13 01:13:29.143 27548 27566 V native-activity: 		EGL_STENCIL_SIZE: 8
04-13 01:13:29.143 27548 27566 V native-activity: 		EGL_DEPTH_SIZE: 24
04-13 01:13:29.143 27548 27566 V native-activity: 		EGL_BIND_TO_TEXTURE_RGB: 1
04-13 01:13:29.143 27548 27566 V native-activity: 		EGL_BIND_TO_TEXTURE_RGBA: 0
04-13 01:13:29.143 27548 27566 V native-activity: 		EGL_MIN_SWAP_INTERVAL: 0
04-13 01:13:29.143 27548 27566 V native-activity: 		EGL_MAX_SWAP_INTERVAL: 10
04-13 01:13:29.143 27548 27566 V native-activity: 		EGL_MAX_PBUFFER_WIDTH: 4096
04-13 01:13:29.143 27548 27566 V native-activity: 		EGL_MAX_PBUFFER_HEIGHT: 4096
04-13 01:13:29.143 27548 27566 D native-activity: 	Config 0x60000003 index 2
04-13 01:13:29.143 27548 27566 V native-activity: 		EGL_CONFIG_ID: 4
04-13 01:13:29.143 27548 27566 V native-activity: 		EGL_CONFORMANT: 0
04-13 01:13:29.143 27548 27566 V native-activity: 		EGL_CONFIG_CAVEAT: 12369 EGL_NON_CONFORMANT_CONFIG,
04-13 01:13:29.143 27548 27566 V native-activity: 		EGL_RENDERABLE_TYPE: 5 EGL_OPENGL_ES_BIT, EGL_OPENGL_ES2_BIT,
04-13 01:13:29.143 27548 27566 V native-activity: 		EGL_SURFACE_TYPE: 1543 EGL_MULTISAMPLE_RESOLVE_BOX_BIT, EGL_PBUFFER_BIT, EGL_PIXMAP_BIT, EGL_SWAP_BEHAVIOR_PRESERVED_BIT, EGL_WINDOW_BIT,
04-13 01:13:29.143 27548 27566 V native-activity: 		EGL_LEVEL: 0
04-13 01:13:29.144 27548 27566 V native-activity: 		EGL_COLOR_BUFFER_TYPE: 12430 EGL_RGB_BUFFER,
04-13 01:13:29.144 27548 27566 V native-activity: 		EGL_BUFFER_SIZE: 16
04-13 01:13:29.144 27548 27566 V native-activity: 		EGL_SAMPLES: 16
04-13 01:13:29.144 27548 27566 V native-activity: 		EGL_SAMPLE_BUFFERS: 1
04-13 01:13:29.144 27548 27566 V native-activity: 		EGL_RED_SIZE: 5
04-13 01:13:29.144 27548 27566 V native-activity: 		EGL_GREEN_SIZE: 6
04-13 01:13:29.144 27548 27566 V native-activity: 		EGL_BLUE_SIZE: 5
04-13 01:13:29.144 27548 27566 V native-activity: 		EGL_ALPHA_SIZE: 0
04-13 01:13:29.144 27548 27566 V native-activity: 		EGL_ALPHA_MASK_SIZE: 0
04-13 01:13:29.144 27548 27566 V native-activity: 		EGL_LUMINANCE_SIZE: 0
04-13 01:13:29.144 27548 27566 V native-activity: 		EGL_TRANSPARENT_TYPE: 12344 EGL_NONE,
04-13 01:13:29.144 27548 27566 V native-activity: 		EGL_TRANSPARENT_RED_VALUE: -1
04-13 01:13:29.144 27548 27566 V native-activity: 		EGL_TRANSPARENT_GREEN_VALUE: -1
04-13 01:13:29.144 27548 27566 V native-activity: 		EGL_TRANSPARENT_BLUE_VALUE: -1
04-13 01:13:29.144 27548 27566 V native-activity: 		EGL_STENCIL_SIZE: 8
04-13 01:13:29.144 27548 27566 V native-activity: 		EGL_DEPTH_SIZE: 24
04-13 01:13:29.144 27548 27566 V native-activity: 		EGL_BIND_TO_TEXTURE_RGB: 1
04-13 01:13:29.144 27548 27566 V native-activity: 		EGL_BIND_TO_TEXTURE_RGBA: 0
04-13 01:13:29.144 27548 27566 V native-activity: 		EGL_MIN_SWAP_INTERVAL: 0
04-13 01:13:29.144 27548 27566 V native-activity: 		EGL_MAX_SWAP_INTERVAL: 10
04-13 01:13:29.144 27548 27566 V native-activity: 		EGL_MAX_PBUFFER_WIDTH: 4096
04-13 01:13:29.144 27548 27566 V native-activity: 		EGL_MAX_PBUFFER_HEIGHT: 4096
04-13 01:13:29.144 27548 27566 D native-activity: 	Config 0x60000004 index 3
04-13 01:13:29.144 27548 27566 V native-activity: 		EGL_CONFIG_ID: 19
04-13 01:13:29.144 27548 27566 V native-activity: 		EGL_CONFORMANT: 0
04-13 01:13:29.144 27548 27566 V native-activity: 		EGL_CONFIG_CAVEAT: 12369 EGL_NON_CONFORMANT_CONFIG,
04-13 01:13:29.144 27548 27566 V native-activity: 		EGL_RENDERABLE_TYPE: 5 EGL_OPENGL_ES_BIT, EGL_OPENGL_ES2_BIT,
04-13 01:13:29.144 27548 27566 V native-activity: 		EGL_SURFACE_TYPE: 1025 EGL_PBUFFER_BIT, EGL_SWAP_BEHAVIOR_PRESERVED_BIT,
04-13 01:13:29.144 27548 27566 V native-activity: 		EGL_LEVEL: 0
04-13 01:13:29.144 27548 27566 V native-activity: 		EGL_COLOR_BUFFER_TYPE: 12430 EGL_RGB_BUFFER,
04-13 01:13:29.144 27548 27566 V native-activity: 		EGL_BUFFER_SIZE: 16
04-13 01:13:29.144 27548 27566 V native-activity: 		EGL_SAMPLES: 0
04-13 01:13:29.144 27548 27566 V native-activity: 		EGL_SAMPLE_BUFFERS: 0
04-13 01:13:29.144 27548 27566 V native-activity: 		EGL_RED_SIZE: 5
04-13 01:13:29.144 27548 27566 V native-activity: 		EGL_GREEN_SIZE: 5
04-13 01:13:29.144 27548 27566 V native-activity: 		EGL_BLUE_SIZE: 5
04-13 01:13:29.144 27548 27566 V native-activity: 		EGL_ALPHA_SIZE: 1
04-13 01:13:29.144 27548 27566 V native-activity: 		EGL_ALPHA_MASK_SIZE: 0
04-13 01:13:29.144 27548 27566 V native-activity: 		EGL_LUMINANCE_SIZE: 0
04-13 01:13:29.144 27548 27566 V native-activity: 		EGL_TRANSPARENT_TYPE: 12344 EGL_NONE,
04-13 01:13:29.144 27548 27566 V native-activity: 		EGL_TRANSPARENT_RED_VALUE: -1
04-13 01:13:29.144 27548 27566 V native-activity: 		EGL_TRANSPARENT_GREEN_VALUE: -1
04-13 01:13:29.144 27548 27566 V native-activity: 		EGL_TRANSPARENT_BLUE_VALUE: -1
04-13 01:13:29.144 27548 27566 V native-activity: 		EGL_STENCIL_SIZE: 8
04-13 01:13:29.144 27548 27566 V native-activity: 		EGL_DEPTH_SIZE: 24
04-13 01:13:29.144 27548 27566 V native-activity: 		EGL_BIND_TO_TEXTURE_RGB: 1
04-13 01:13:29.144 27548 27566 V native-activity: 		EGL_BIND_TO_TEXTURE_RGBA: 1
04-13 01:13:29.144 27548 27566 V native-activity: 		EGL_MIN_SWAP_INTERVAL: 0
04-13 01:13:29.144 27548 27566 V native-activity: 		EGL_MAX_SWAP_INTERVAL: 10
04-13 01:13:29.144 27548 27566 V native-activity: 		EGL_MAX_PBUFFER_WIDTH: 4096
04-13 01:13:29.145 27548 27566 V native-activity: 		EGL_MAX_PBUFFER_HEIGHT: 4096
04-13 01:13:29.145 27548 27566 D native-activity: 	Config 0x60000005 index 4
04-13 01:13:29.145 27548 27566 V native-activity: 		EGL_CONFIG_ID: 18
04-13 01:13:29.145 27548 27566 V native-activity: 		EGL_CONFORMANT: 0
04-13 01:13:29.145 27548 27566 V native-activity: 		EGL_CONFIG_CAVEAT: 12369 EGL_NON_CONFORMANT_CONFIG,
04-13 01:13:29.145 27548 27566 V native-activity: 		EGL_RENDERABLE_TYPE: 5 EGL_OPENGL_ES_BIT, EGL_OPENGL_ES2_BIT,
04-13 01:13:29.145 27548 27566 V native-activity: 		EGL_SURFACE_TYPE: 1025 EGL_PBUFFER_BIT, EGL_SWAP_BEHAVIOR_PRESERVED_BIT,
04-13 01:13:29.145 27548 27566 V native-activity: 		EGL_LEVEL: 0
04-13 01:13:29.145 27548 27566 V native-activity: 		EGL_COLOR_BUFFER_TYPE: 12430 EGL_RGB_BUFFER,
04-13 01:13:29.145 27548 27566 V native-activity: 		EGL_BUFFER_SIZE: 16
04-13 01:13:29.145 27548 27566 V native-activity: 		EGL_SAMPLES: 4
04-13 01:13:29.145 27548 27566 V native-activity: 		EGL_SAMPLE_BUFFERS: 1
04-13 01:13:29.145 27548 27566 V native-activity: 		EGL_RED_SIZE: 5
04-13 01:13:29.145 27548 27566 V native-activity: 		EGL_GREEN_SIZE: 5
04-13 01:13:29.145 27548 27566 V native-activity: 		EGL_BLUE_SIZE: 5
04-13 01:13:29.145 27548 27566 V native-activity: 		EGL_ALPHA_SIZE: 1
04-13 01:13:29.145 27548 27566 V native-activity: 		EGL_ALPHA_MASK_SIZE: 0
04-13 01:13:29.145 27548 27566 V native-activity: 		EGL_LUMINANCE_SIZE: 0
04-13 01:13:29.145 27548 27566 V native-activity: 		EGL_TRANSPARENT_TYPE: 12344 EGL_NONE,
04-13 01:13:29.145 27548 27566 V native-activity: 		EGL_TRANSPARENT_RED_VALUE: -1
04-13 01:13:29.145 27548 27566 V native-activity: 		EGL_TRANSPARENT_GREEN_VALUE: -1
04-13 01:13:29.145 27548 27566 V native-activity: 		EGL_TRANSPARENT_BLUE_VALUE: -1
04-13 01:13:29.145 27548 27566 V native-activity: 		EGL_STENCIL_SIZE: 8
04-13 01:13:29.145 27548 27566 V native-activity: 		EGL_DEPTH_SIZE: 24
04-13 01:13:29.145 27548 27566 V native-activity: 		EGL_BIND_TO_TEXTURE_RGB: 1
04-13 01:13:29.145 27548 27566 V native-activity: 		EGL_BIND_TO_TEXTURE_RGBA: 1
04-13 01:13:29.145 27548 27566 V native-activity: 		EGL_MIN_SWAP_INTERVAL: 0
04-13 01:13:29.145 27548 27566 V native-activity: 		EGL_MAX_SWAP_INTERVAL: 10
04-13 01:13:29.145 27548 27566 V native-activity: 		EGL_MAX_PBUFFER_WIDTH: 4096
04-13 01:13:29.145 27548 27566 V native-activity: 		EGL_MAX_PBUFFER_HEIGHT: 4096
04-13 01:13:29.145 27548 27566 D native-activity: 	Config 0x60000006 index 5
04-13 01:13:29.145 27548 27566 V native-activity: 		EGL_CONFIG_ID: 20
04-13 01:13:29.145 27548 27566 V native-activity: 		EGL_CONFORMANT: 0
04-13 01:13:29.145 27548 27566 V native-activity: 		EGL_CONFIG_CAVEAT: 12369 EGL_NON_CONFORMANT_CONFIG,
04-13 01:13:29.145 27548 27566 V native-activity: 		EGL_RENDERABLE_TYPE: 5 EGL_OPENGL_ES_BIT, EGL_OPENGL_ES2_BIT,
04-13 01:13:29.145 27548 27566 V native-activity: 		EGL_SURFACE_TYPE: 1025 EGL_PBUFFER_BIT, EGL_SWAP_BEHAVIOR_PRESERVED_BIT,
04-13 01:13:29.145 27548 27566 V native-activity: 		EGL_LEVEL: 0
04-13 01:13:29.145 27548 27566 V native-activity: 		EGL_COLOR_BUFFER_TYPE: 12430 EGL_RGB_BUFFER,
04-13 01:13:29.145 27548 27566 V native-activity: 		EGL_BUFFER_SIZE: 16
04-13 01:13:29.145 27548 27566 V native-activity: 		EGL_SAMPLES: 16
04-13 01:13:29.145 27548 27566 V native-activity: 		EGL_SAMPLE_BUFFERS: 1
04-13 01:13:29.145 27548 27566 V native-activity: 		EGL_RED_SIZE: 5
04-13 01:13:29.145 27548 27566 V native-activity: 		EGL_GREEN_SIZE: 5
04-13 01:13:29.145 27548 27566 V native-activity: 		EGL_BLUE_SIZE: 5
04-13 01:13:29.145 27548 27566 V native-activity: 		EGL_ALPHA_SIZE: 1
04-13 01:13:29.145 27548 27566 V native-activity: 		EGL_ALPHA_MASK_SIZE: 0
04-13 01:13:29.145 27548 27566 V native-activity: 		EGL_LUMINANCE_SIZE: 0
04-13 01:13:29.145 27548 27566 V native-activity: 		EGL_TRANSPARENT_TYPE: 12344 EGL_NONE,
04-13 01:13:29.145 27548 27566 V native-activity: 		EGL_TRANSPARENT_RED_VALUE: -1
04-13 01:13:29.145 27548 27566 V native-activity: 		EGL_TRANSPARENT_GREEN_VALUE: -1
04-13 01:13:29.145 27548 27566 V native-activity: 		EGL_TRANSPARENT_BLUE_VALUE: -1
04-13 01:13:29.146 27548 27566 V native-activity: 		EGL_STENCIL_SIZE: 8
04-13 01:13:29.146 27548 27566 V native-activity: 		EGL_DEPTH_SIZE: 24
04-13 01:13:29.146 27548 27566 V native-activity: 		EGL_BIND_TO_TEXTURE_RGB: 1
04-13 01:13:29.146 27548 27566 V native-activity: 		EGL_BIND_TO_TEXTURE_RGBA: 1
04-13 01:13:29.146 27548 27566 V native-activity: 		EGL_MIN_SWAP_INTERVAL: 0
04-13 01:13:29.146 27548 27566 V native-activity: 		EGL_MAX_SWAP_INTERVAL: 10
04-13 01:13:29.146 27548 27566 V native-activity: 		EGL_MAX_PBUFFER_WIDTH: 4096
04-13 01:13:29.146 27548 27566 V native-activity: 		EGL_MAX_PBUFFER_HEIGHT: 4096
04-13 01:13:29.146 27548 27566 D native-activity: 	Config 0x60000007 index 6
04-13 01:13:29.146 27548 27566 V native-activity: 		EGL_CONFIG_ID: 21
04-13 01:13:29.146 27548 27566 V native-activity: 		EGL_CONFORMANT: 0
04-13 01:13:29.146 27548 27566 V native-activity: 		EGL_CONFIG_CAVEAT: 12369 EGL_NON_CONFORMANT_CONFIG,
04-13 01:13:29.146 27548 27566 V native-activity: 		EGL_RENDERABLE_TYPE: 5 EGL_OPENGL_ES_BIT, EGL_OPENGL_ES2_BIT,
04-13 01:13:29.146 27548 27566 V native-activity: 		EGL_SURFACE_TYPE: 1025 EGL_PBUFFER_BIT, EGL_SWAP_BEHAVIOR_PRESERVED_BIT,
04-13 01:13:29.146 27548 27566 V native-activity: 		EGL_LEVEL: 0
04-13 01:13:29.146 27548 27566 V native-activity: 		EGL_COLOR_BUFFER_TYPE: 12430 EGL_RGB_BUFFER,
04-13 01:13:29.146 27548 27566 V native-activity: 		EGL_BUFFER_SIZE: 16
04-13 01:13:29.146 27548 27566 V native-activity: 		EGL_SAMPLES: 0
04-13 01:13:29.146 27548 27566 V native-activity: 		EGL_SAMPLE_BUFFERS: 0
04-13 01:13:29.146 27548 27566 V native-activity: 		EGL_RED_SIZE: 4
04-13 01:13:29.146 27548 27566 V native-activity: 		EGL_GREEN_SIZE: 4
04-13 01:13:29.146 27548 27566 V native-activity: 		EGL_BLUE_SIZE: 4
04-13 01:13:29.146 27548 27566 V native-activity: 		EGL_ALPHA_SIZE: 4
04-13 01:13:29.146 27548 27566 V native-activity: 		EGL_ALPHA_MASK_SIZE: 0
04-13 01:13:29.146 27548 27566 V native-activity: 		EGL_LUMINANCE_SIZE: 0
04-13 01:13:29.146 27548 27566 V native-activity: 		EGL_TRANSPARENT_TYPE: 12344 EGL_NONE,
04-13 01:13:29.146 27548 27566 V native-activity: 		EGL_TRANSPARENT_RED_VALUE: -1
04-13 01:13:29.146 27548 27566 V native-activity: 		EGL_TRANSPARENT_GREEN_VALUE: -1
04-13 01:13:29.146 27548 27566 V native-activity: 		EGL_TRANSPARENT_BLUE_VALUE: -1
04-13 01:13:29.146 27548 27566 V native-activity: 		EGL_STENCIL_SIZE: 8
04-13 01:13:29.146 27548 27566 V native-activity: 		EGL_DEPTH_SIZE: 24
04-13 01:13:29.146 27548 27566 V native-activity: 		EGL_BIND_TO_TEXTURE_RGB: 1
04-13 01:13:29.146 27548 27566 V native-activity: 		EGL_BIND_TO_TEXTURE_RGBA: 1
04-13 01:13:29.146 27548 27566 V native-activity: 		EGL_MIN_SWAP_INTERVAL: 0
04-13 01:13:29.146 27548 27566 V native-activity: 		EGL_MAX_SWAP_INTERVAL: 10
04-13 01:13:29.146 27548 27566 V native-activity: 		EGL_MAX_PBUFFER_WIDTH: 4096
04-13 01:13:29.146 27548 27566 V native-activity: 		EGL_MAX_PBUFFER_HEIGHT: 4096
04-13 01:13:29.146 27548 27566 D native-activity: 	Config 0x60000008 index 7
04-13 01:13:29.146 27548 27566 V native-activity: 		EGL_CONFIG_ID: 22
04-13 01:13:29.146 27548 27566 V native-activity: 		EGL_CONFORMANT: 0
04-13 01:13:29.146 27548 27566 V native-activity: 		EGL_CONFIG_CAVEAT: 12369 EGL_NON_CONFORMANT_CONFIG,
04-13 01:13:29.146 27548 27566 V native-activity: 		EGL_RENDERABLE_TYPE: 5 EGL_OPENGL_ES_BIT, EGL_OPENGL_ES2_BIT,
04-13 01:13:29.146 27548 27566 V native-activity: 		EGL_SURFACE_TYPE: 1025 EGL_PBUFFER_BIT, EGL_SWAP_BEHAVIOR_PRESERVED_BIT,
04-13 01:13:29.146 27548 27566 V native-activity: 		EGL_LEVEL: 0
04-13 01:13:29.146 27548 27566 V native-activity: 		EGL_COLOR_BUFFER_TYPE: 12430 EGL_RGB_BUFFER,
04-13 01:13:29.146 27548 27566 V native-activity: 		EGL_BUFFER_SIZE: 16
04-13 01:13:29.146 27548 27566 V native-activity: 		EGL_SAMPLES: 4
04-13 01:13:29.146 27548 27566 V native-activity: 		EGL_SAMPLE_BUFFERS: 1
04-13 01:13:29.146 27548 27566 V native-activity: 		EGL_RED_SIZE: 4
04-13 01:13:29.146 27548 27566 V native-activity: 		EGL_GREEN_SIZE: 4
04-13 01:13:29.147 27548 27566 V native-activity: 		EGL_BLUE_SIZE: 4
04-13 01:13:29.147 27548 27566 V native-activity: 		EGL_ALPHA_SIZE: 4
04-13 01:13:29.147 27548 27566 V native-activity: 		EGL_ALPHA_MASK_SIZE: 0
04-13 01:13:29.147 27548 27566 V native-activity: 		EGL_LUMINANCE_SIZE: 0
04-13 01:13:29.147 27548 27566 V native-activity: 		EGL_TRANSPARENT_TYPE: 12344 EGL_NONE,
04-13 01:13:29.147 27548 27566 V native-activity: 		EGL_TRANSPARENT_RED_VALUE: -1
04-13 01:13:29.147 27548 27566 V native-activity: 		EGL_TRANSPARENT_GREEN_VALUE: -1
04-13 01:13:29.147 27548 27566 V native-activity: 		EGL_TRANSPARENT_BLUE_VALUE: -1
04-13 01:13:29.147 27548 27566 V native-activity: 		EGL_STENCIL_SIZE: 8
04-13 01:13:29.147 27548 27566 V native-activity: 		EGL_DEPTH_SIZE: 24
04-13 01:13:29.147 27548 27566 V native-activity: 		EGL_BIND_TO_TEXTURE_RGB: 1
04-13 01:13:29.147 27548 27566 V native-activity: 		EGL_BIND_TO_TEXTURE_RGBA: 1
04-13 01:13:29.147 27548 27566 V native-activity: 		EGL_MIN_SWAP_INTERVAL: 0
04-13 01:13:29.147 27548 27566 V native-activity: 		EGL_MAX_SWAP_INTERVAL: 10
04-13 01:13:29.147 27548 27566 V native-activity: 		EGL_MAX_PBUFFER_WIDTH: 4096
04-13 01:13:29.147 27548 27566 V native-activity: 		EGL_MAX_PBUFFER_HEIGHT: 4096
04-13 01:13:29.147 27548 27566 D native-activity: 	Config 0x60000009 index 8
04-13 01:13:29.147 27548 27566 V native-activity: 		EGL_CONFIG_ID: 23
04-13 01:13:29.147 27548 27566 V native-activity: 		EGL_CONFORMANT: 0
04-13 01:13:29.147 27548 27566 V native-activity: 		EGL_CONFIG_CAVEAT: 12369 EGL_NON_CONFORMANT_CONFIG,
04-13 01:13:29.147 27548 27566 V native-activity: 		EGL_RENDERABLE_TYPE: 5 EGL_OPENGL_ES_BIT, EGL_OPENGL_ES2_BIT,
04-13 01:13:29.147 27548 27566 V native-activity: 		EGL_SURFACE_TYPE: 1025 EGL_PBUFFER_BIT, EGL_SWAP_BEHAVIOR_PRESERVED_BIT,
04-13 01:13:29.147 27548 27566 V native-activity: 		EGL_LEVEL: 0
04-13 01:13:29.147 27548 27566 V native-activity: 		EGL_COLOR_BUFFER_TYPE: 12430 EGL_RGB_BUFFER,
04-13 01:13:29.147 27548 27566 V native-activity: 		EGL_BUFFER_SIZE: 16
04-13 01:13:29.147 27548 27566 V native-activity: 		EGL_SAMPLES: 16
04-13 01:13:29.147 27548 27566 V native-activity: 		EGL_SAMPLE_BUFFERS: 1
04-13 01:13:29.147 27548 27566 V native-activity: 		EGL_RED_SIZE: 4
04-13 01:13:29.147 27548 27566 V native-activity: 		EGL_GREEN_SIZE: 4
04-13 01:13:29.147 27548 27566 V native-activity: 		EGL_BLUE_SIZE: 4
04-13 01:13:29.147 27548 27566 V native-activity: 		EGL_ALPHA_SIZE: 4
04-13 01:13:29.147 27548 27566 V native-activity: 		EGL_ALPHA_MASK_SIZE: 0
04-13 01:13:29.147 27548 27566 V native-activity: 		EGL_LUMINANCE_SIZE: 0
04-13 01:13:29.147 27548 27566 V native-activity: 		EGL_TRANSPARENT_TYPE: 12344 EGL_NONE,
04-13 01:13:29.147 27548 27566 V native-activity: 		EGL_TRANSPARENT_RED_VALUE: -1
04-13 01:13:29.147 27548 27566 V native-activity: 		EGL_TRANSPARENT_GREEN_VALUE: -1
04-13 01:13:29.147 27548 27566 V native-activity: 		EGL_TRANSPARENT_BLUE_VALUE: -1
04-13 01:13:29.147 27548 27566 V native-activity: 		EGL_STENCIL_SIZE: 8
04-13 01:13:29.147 27548 27566 V native-activity: 		EGL_DEPTH_SIZE: 24
04-13 01:13:29.147 27548 27566 V native-activity: 		EGL_BIND_TO_TEXTURE_RGB: 1
04-13 01:13:29.147 27548 27566 V native-activity: 		EGL_BIND_TO_TEXTURE_RGBA: 1
04-13 01:13:29.147 27548 27566 V native-activity: 		EGL_MIN_SWAP_INTERVAL: 0
04-13 01:13:29.147 27548 27566 V native-activity: 		EGL_MAX_SWAP_INTERVAL: 10
04-13 01:13:29.147 27548 27566 V native-activity: 		EGL_MAX_PBUFFER_WIDTH: 4096
04-13 01:13:29.148 27548 27566 V native-activity: 		EGL_MAX_PBUFFER_HEIGHT: 4096
04-13 01:13:29.148 27548 27566 D native-activity: 	Config 0x6000000a index 9
04-13 01:13:29.148 27548 27566 V native-activity: 		EGL_CONFIG_ID: 9
04-13 01:13:29.148 27548 27566 V native-activity: 		EGL_CONFORMANT: 5 EGL_OPENGL_ES_BIT, EGL_OPENGL_ES2_BIT,
04-13 01:13:29.148 27548 27566 V native-activity: 		EGL_CONFIG_CAVEAT: 12344 EGL_NONE,
04-13 01:13:29.148 27548 27566 V native-activity: 		EGL_RENDERABLE_TYPE: 5 EGL_OPENGL_ES_BIT, EGL_OPENGL_ES2_BIT,
04-13 01:13:29.148 27548 27566 V native-activity: 		EGL_SURFACE_TYPE: 1031 EGL_PBUFFER_BIT, EGL_PIXMAP_BIT, EGL_SWAP_BEHAVIOR_PRESERVED_BIT, EGL_WINDOW_BIT,
04-13 01:13:29.148 27548 27566 V native-activity: 		EGL_LEVEL: 0
04-13 01:13:29.148 27548 27566 V native-activity: 		EGL_COLOR_BUFFER_TYPE: 12430 EGL_RGB_BUFFER,
04-13 01:13:29.148 27548 27566 V native-activity: 		EGL_BUFFER_SIZE: 32
04-13 01:13:29.148 27548 27566 V native-activity: 		EGL_SAMPLES: 0
04-13 01:13:29.148 27548 27566 V native-activity: 		EGL_SAMPLE_BUFFERS: 0
04-13 01:13:29.148 27548 27566 V native-activity: 		EGL_RED_SIZE: 8
04-13 01:13:29.148 27548 27566 V native-activity: 		EGL_GREEN_SIZE: 8
04-13 01:13:29.148 27548 27566 V native-activity: 		EGL_BLUE_SIZE: 8
04-13 01:13:29.148 27548 27566 V native-activity: 		EGL_ALPHA_SIZE: 8
04-13 01:13:29.148 27548 27566 V native-activity: 		EGL_ALPHA_MASK_SIZE: 0
04-13 01:13:29.148 27548 27566 V native-activity: 		EGL_LUMINANCE_SIZE: 0
04-13 01:13:29.148 27548 27566 V native-activity: 		EGL_TRANSPARENT_TYPE: 12344 EGL_NONE,
04-13 01:13:29.148 27548 27566 V native-activity: 		EGL_TRANSPARENT_RED_VALUE: -1
04-13 01:13:29.148 27548 27566 V native-activity: 		EGL_TRANSPARENT_GREEN_VALUE: -1
04-13 01:13:29.148 27548 27566 V native-activity: 		EGL_TRANSPARENT_BLUE_VALUE: -1
04-13 01:13:29.148 27548 27566 V native-activity: 		EGL_STENCIL_SIZE: 8
04-13 01:13:29.148 27548 27566 V native-activity: 		EGL_DEPTH_SIZE: 24
04-13 01:13:29.148 27548 27566 V native-activity: 		EGL_BIND_TO_TEXTURE_RGB: 1
04-13 01:13:29.148 27548 27566 V native-activity: 		EGL_BIND_TO_TEXTURE_RGBA: 1
04-13 01:13:29.148 27548 27566 V native-activity: 		EGL_MIN_SWAP_INTERVAL: 0
04-13 01:13:29.148 27548 27566 V native-activity: 		EGL_MAX_SWAP_INTERVAL: 10
04-13 01:13:29.148 27548 27566 V native-activity: 		EGL_MAX_PBUFFER_WIDTH: 4096
04-13 01:13:29.148 27548 27566 V native-activity: 		EGL_MAX_PBUFFER_HEIGHT: 4096
04-13 01:13:29.148 27548 27566 D native-activity: 	Config 0x6000000b index 10
04-13 01:13:29.148 27548 27566 V native-activity: 		EGL_CONFIG_ID: 38
04-13 01:13:29.148 27548 27566 V native-activity: 		EGL_CONFORMANT: 5 EGL_OPENGL_ES_BIT, EGL_OPENGL_ES2_BIT,
04-13 01:13:29.148 27548 27566 V native-activity: 		EGL_CONFIG_CAVEAT: 12369 EGL_NON_CONFORMANT_CONFIG,
04-13 01:13:29.148 27548 27566 V native-activity: 		EGL_RENDERABLE_TYPE: 5 EGL_OPENGL_ES_BIT, EGL_OPENGL_ES2_BIT,
04-13 01:13:29.148 27548 27566 V native-activity: 		EGL_SURFACE_TYPE: 1031 EGL_PBUFFER_BIT, EGL_PIXMAP_BIT, EGL_SWAP_BEHAVIOR_PRESERVED_BIT, EGL_WINDOW_BIT,
04-13 01:13:29.148 27548 27566 V native-activity: 		EGL_LEVEL: 0
04-13 01:13:29.148 27548 27566 V native-activity: 		EGL_COLOR_BUFFER_TYPE: 12430 EGL_RGB_BUFFER,
04-13 01:13:29.148 27548 27566 V native-activity: 		EGL_BUFFER_SIZE: 32
04-13 01:13:29.148 27548 27566 V native-activity: 		EGL_SAMPLES: 0
04-13 01:13:29.148 27548 27566 V native-activity: 		EGL_SAMPLE_BUFFERS: 0
04-13 01:13:29.148 27548 27566 V native-activity: 		EGL_RED_SIZE: 8
04-13 01:13:29.149 27548 27566 V native-activity: 		EGL_GREEN_SIZE: 8
04-13 01:13:29.149 27548 27566 V native-activity: 		EGL_BLUE_SIZE: 8
04-13 01:13:29.149 27548 27566 V native-activity: 		EGL_ALPHA_SIZE: 0
04-13 01:13:29.149 27548 27566 V native-activity: 		EGL_ALPHA_MASK_SIZE: 0
04-13 01:13:29.149 27548 27566 V native-activity: 		EGL_LUMINANCE_SIZE: 0
04-13 01:13:29.149 27548 27566 V native-activity: 		EGL_TRANSPARENT_TYPE: 12344 EGL_NONE,
04-13 01:13:29.149 27548 27566 V native-activity: 		EGL_TRANSPARENT_RED_VALUE: -1
04-13 01:13:29.149 27548 27566 V native-activity: 		EGL_TRANSPARENT_GREEN_VALUE: -1
04-13 01:13:29.149 27548 27566 V native-activity: 		EGL_TRANSPARENT_BLUE_VALUE: -1
04-13 01:13:29.149 27548 27566 V native-activity: 		EGL_STENCIL_SIZE: 8
04-13 01:13:29.149 27548 27566 V native-activity: 		EGL_DEPTH_SIZE: 24
04-13 01:13:29.149 27548 27566 V native-activity: 		EGL_BIND_TO_TEXTURE_RGB: 1
04-13 01:13:29.149 27548 27566 V native-activity: 		EGL_BIND_TO_TEXTURE_RGBA: 1
04-13 01:13:29.149 27548 27566 V native-activity: 		EGL_MIN_SWAP_INTERVAL: 0
04-13 01:13:29.149 27548 27566 V native-activity: 		EGL_MAX_SWAP_INTERVAL: 10
04-13 01:13:29.149 27548 27566 V native-activity: 		EGL_MAX_PBUFFER_WIDTH: 4096
04-13 01:13:29.149 27548 27566 V native-activity: 		EGL_MAX_PBUFFER_HEIGHT: 4096
04-13 01:13:29.149 27548 27566 D native-activity: 	Config 0x6000000c index 11
04-13 01:13:29.149 27548 27566 V native-activity: 		EGL_CONFIG_ID: 12
04-13 01:13:29.149 27548 27566 V native-activity: 		EGL_CONFORMANT: 5 EGL_OPENGL_ES_BIT, EGL_OPENGL_ES2_BIT,
04-13 01:13:29.149 27548 27566 V native-activity: 		EGL_CONFIG_CAVEAT: 12344 EGL_NONE,
04-13 01:13:29.149 27548 27566 V native-activity: 		EGL_RENDERABLE_TYPE: 5 EGL_OPENGL_ES_BIT, EGL_OPENGL_ES2_BIT,
04-13 01:13:29.149 27548 27566 V native-activity: 		EGL_SURFACE_TYPE: 1543 EGL_MULTISAMPLE_RESOLVE_BOX_BIT, EGL_PBUFFER_BIT, EGL_PIXMAP_BIT, EGL_SWAP_BEHAVIOR_PRESERVED_BIT, EGL_WINDOW_BIT,
04-13 01:13:29.149 27548 27566 V native-activity: 		EGL_LEVEL: 0
04-13 01:13:29.149 27548 27566 V native-activity: 		EGL_COLOR_BUFFER_TYPE: 12430 EGL_RGB_BUFFER,
04-13 01:13:29.149 27548 27566 V native-activity: 		EGL_BUFFER_SIZE: 32
04-13 01:13:29.149 27548 27566 V native-activity: 		EGL_SAMPLES: 4
04-13 01:13:29.149 27548 27566 V native-activity: 		EGL_SAMPLE_BUFFERS: 1
04-13 01:13:29.149 27548 27566 V native-activity: 		EGL_RED_SIZE: 8
04-13 01:13:29.149 27548 27566 V native-activity: 		EGL_GREEN_SIZE: 8
04-13 01:13:29.149 27548 27566 V native-activity: 		EGL_BLUE_SIZE: 8
04-13 01:13:29.149 27548 27566 V native-activity: 		EGL_ALPHA_SIZE: 8
04-13 01:13:29.149 27548 27566 V native-activity: 		EGL_ALPHA_MASK_SIZE: 0
04-13 01:13:29.149 27548 27566 V native-activity: 		EGL_LUMINANCE_SIZE: 0
04-13 01:13:29.149 27548 27566 V native-activity: 		EGL_TRANSPARENT_TYPE: 12344 EGL_NONE,
04-13 01:13:29.149 27548 27566 V native-activity: 		EGL_TRANSPARENT_RED_VALUE: -1
04-13 01:13:29.149 27548 27566 V native-activity: 		EGL_TRANSPARENT_GREEN_VALUE: -1
04-13 01:13:29.156 27548 27566 V native-activity: 		EGL_TRANSPARENT_BLUE_VALUE: -1
04-13 01:13:29.156 27548 27566 V native-activity: 		EGL_STENCIL_SIZE: 8
04-13 01:13:29.156 27548 27566 V native-activity: 		EGL_DEPTH_SIZE: 24
04-13 01:13:29.156 27548 27566 V native-activity: 		EGL_BIND_TO_TEXTURE_RGB: 1
04-13 01:13:29.156 27548 27566 V native-activity: 		EGL_BIND_TO_TEXTURE_RGBA: 1
04-13 01:13:29.156 27548 27566 V native-activity: 		EGL_MIN_SWAP_INTERVAL: 0
04-13 01:13:29.156 27548 27566 V native-activity: 		EGL_MAX_SWAP_INTERVAL: 10
04-13 01:13:29.156 27548 27566 V native-activity: 		EGL_MAX_PBUFFER_WIDTH: 4096
04-13 01:13:29.156 27548 27566 V native-activity: 		EGL_MAX_PBUFFER_HEIGHT: 4096
04-13 01:13:29.156 27548 27566 D native-activity: 	Config 0x6000000d index 12
