04-13 01:15:33.880 27948 27966 I native-activity: Frame 160 time is 0.153ms
04-13 01:15:33.880 27948 27966 I native-activity: Swap 160 time is 0.199ms
04-13 01:15:33.880 27948 27966 I native-activity: Animating
04-13 01:15:33.880 27948 27966 I native-activity: Frame 161 GL error is 0x0
04-13 01:15:33.880 27948 27966 I native-activity: Frame 161 time is 0.172ms
04-13 01:15:33.880 27948 27966 I native-activity: Swap 161 time is 0.216ms
04-13 01:15:33.880 27948 27966 I native-activity: Animating
04-13 01:15:33.880 27948 27966 I native-activity: Frame 162 GL error is 0x0
04-13 01:15:33.880 27948 27966 I native-activity: Frame 162 time is 0.127ms
04-13 01:15:33.880 27948 27966 I native-activity: Swap 162 time is 0.168ms
04-13 01:15:33.880 27948 27966 I native-activity: Animating
04-13 01:15:33.881 27948 27966 I native-activity: Frame 163 GL error is 0x0
04-13 01:15:33.881 27948 27966 I native-activity: Frame 163 time is 0.158ms
04-13 01:15:33.881 27948 27966 I native-activity: Swap 163 time is 0.201ms
04-13 01:15:33.881 27948 27966 I native-activity: Animating
04-13 01:15:33.881 27948 27966 I native-activity: Frame 164 GL error is 0x0
04-13 01:15:33.881 27948 27966 I native-activity: Frame 164 time is 0.141ms
04-13 01:15:33.881 27948 27966 I native-activity: Swap 164 time is 0.184ms
04-13 01:15:33.881 27948 27966 I native-activity: Animating
04-13 01:15:33.881 27948 27966 I native-activity: Frame 165 GL error is 0x0
04-13 01:15:33.881 27948 27966 I native-activity: Frame 165 time is 0.119ms
04-13 01:15:33.881 27948 27966 I native-activity: Swap 165 time is 0.154ms
04-13 01:15:33.881 27948 27966 I native-activity: Animating
04-13 01:15:33.881 27948 27966 I native-activity: Frame 166 GL error is 0x0
04-13 01:15:33.881 27948 27966 I native-activity: Frame 166 time is 0.140ms
04-13 01:15:33.881 27948 27966 I native-activity: Swap 166 time is 0.180ms
04-13 01:15:33.881 27948 27966 I native-activity: Animating
04-13 01:15:33.881 27948 27966 I native-activity: Frame 167 GL error is 0x0
04-13 01:15:33.882 27948 27966 I native-activity: Frame 167 time is 0.134ms
04-13 01:15:33.882 27948 27966 I native-activity: Swap 167 time is 0.174ms
04-13 01:15:33.882 27948 27966 I native-activity: Animating
04-13 01:15:33.882 27948 27966 I native-activity: Frame 168 GL error is 0x0
04-13 01:15:33.882 27948 27966 I native-activity: Frame 168 time is 0.138ms
04-13 01:15:33.882 27948 27966 I native-activity: Swap 168 time is 0.182ms
04-13 01:15:33.882 27948 27966 I native-activity: Animating
04-13 01:15:33.882 27948 27966 I native-activity: Frame 169 GL error is 0x0
04-13 01:15:33.882 27948 27966 I native-activity: Frame 169 time is 0.143ms
04-13 01:15:33.882 27948 27966 I native-activity: Swap 169 time is 0.183ms
04-13 01:15:33.882 27948 27966 I native-activity: Animating
04-13 01:15:33.882 27948 27966 I native-activity: Frame 170 GL error is 0x0
04-13 01:15:33.882 27948 27966 I native-activity: Frame 170 time is 0.117ms
04-13 01:15:33.882 27948 27966 I native-activity: Swap 170 time is 0.152ms
04-13 01:15:33.882 27948 27966 I native-activity: Animating
04-13 01:15:33.882 27948 27966 I native-activity: Frame 171 GL error is 0x0
04-13 01:15:33.882 27948 27966 I native-activity: Frame 171 time is 0.129ms
04-13 01:15:33.882 27948 27966 I native-activity: Swap 171 time is 0.165ms
04-13 01:15:33.882 27948 27966 I native-activity: Animating
04-13 01:15:33.883 27948 27966 I native-activity: Frame 172 GL error is 0x0
04-13 01:15:33.883 27948 27966 I native-activity: Frame 172 time is 0.120ms
04-13 01:15:33.883 27948 27966 I native-activity: Swap 172 time is 0.156ms
04-13 01:15:33.883 27948 27966 I native-activity: Animating
04-13 01:15:33.883 27948 27966 I native-activity: Frame 173 GL error is 0x0
04-13 01:15:33.883 27948 27966 I native-activity: Frame 173 time is 0.129ms
04-13 01:15:33.883 27948 27966 I native-activity: Swap 173 time is 0.164ms
04-13 01:15:33.883 27948 27966 I native-activity: Animating
04-13 01:15:33.883 27948 27966 I native-activity: Frame 174 GL error is 0x0
04-13 01:15:33.883 27948 27966 I native-activity: Frame 174 time is 0.131ms
04-13 01:15:33.883 27948 27966 I native-activity: Swap 174 time is 0.173ms
04-13 01:15:33.883 27948 27966 I native-activity: Animating
04-13 01:15:33.883 27948 27966 I native-activity: Frame 175 GL error is 0x0
04-13 01:15:33.883 27948 27966 I native-activity: Frame 175 time is 0.133ms
04-13 01:15:33.883 27948 27966 I native-activity: Swap 175 time is 0.172ms
04-13 01:15:33.883 27948 27966 I native-activity: Animating
04-13 01:15:33.883 27948 27966 I native-activity: Frame 176 GL error is 0x0
04-13 01:15:33.883 27948 27966 I native-activity: Frame 176 time is 0.154ms
04-13 01:15:33.883 27948 27966 I native-activity: Swap 176 time is 0.203ms
04-13 01:15:33.884 27948 27966 I native-activity: Animating
04-13 01:15:33.884 27948 27966 I native-activity: Frame 177 GL error is 0x0
04-13 01:15:33.884 27948 27966 I native-activity: Frame 177 time is 0.156ms
04-13 01:15:33.884 27948 27966 I native-activity: Swap 177 time is 0.197ms
04-13 01:15:33.884 27948 27966 I native-activity: Animating
04-13 01:15:33.884 27948 27966 I native-activity: Frame 178 GL error is 0x0
04-13 01:15:33.884 27948 27966 I native-activity: Frame 178 time is 0.148ms
04-13 01:15:33.884 27948 27966 I native-activity: Swap 178 time is 0.183ms
04-13 01:15:33.884 27948 27966 I native-activity: Animating
04-13 01:15:33.884 27948 27966 I native-activity: Frame 179 GL error is 0x0
04-13 01:15:33.884 27948 27966 I native-activity: Frame 179 time is 0.114ms
04-13 01:15:33.884 27948 27966 I native-activity: Swap 179 time is 0.150ms
04-13 01:15:33.884 27948 27966 I native-activity: Animating
04-13 01:15:33.884 27948 27966 I native-activity: Frame 180 GL error is 0x0
04-13 01:15:33.884 27948 27966 I native-activity: Frame 180 time is 0.130ms
04-13 01:15:33.884 27948 27966 I native-activity: Swap 180 time is 0.166ms
04-13 01:15:33.884 27948 27966 I native-activity: Animating
04-13 01:15:33.885 27948 27966 I native-activity: Frame 181 GL error is 0x0
04-13 01:15:33.885 27948 27966 I native-activity: Frame 181 time is 0.139ms
04-13 01:15:33.885 27948 27966 I native-activity: Swap 181 time is 0.178ms
04-13 01:15:33.885 27948 27966 I native-activity: Animating
04-13 01:15:33.885 27948 27966 I native-activity: Frame 182 GL error is 0x0
04-13 01:15:33.885 27948 27966 I native-activity: Frame 182 time is 0.124ms
04-13 01:15:33.885 27948 27966 I native-activity: Swap 182 time is 0.168ms
04-13 01:15:33.885 27948 27966 I native-activity: Animating
04-13 01:15:33.885 27948 27966 I native-activity: Frame 183 GL error is 0x0
04-13 01:15:33.885 27948 27966 I native-activity: Frame 183 time is 0.138ms
04-13 01:15:33.885 27948 27966 I native-activity: Swap 183 time is 0.176ms
04-13 01:15:33.885 27948 27966 I native-activity: Animating
04-13 01:15:33.885 27948 27966 I native-activity: Frame 184 GL error is 0x0
04-13 01:15:33.885 27948 27966 I native-activity: Frame 184 time is 0.124ms
04-13 01:15:33.885 27948 27966 I native-activity: Swap 184 time is 0.160ms
04-13 01:15:33.885 27948 27966 I native-activity: Animating
04-13 01:15:33.885 27948 27966 I native-activity: Frame 185 GL error is 0x0
04-13 01:15:33.885 27948 27966 I native-activity: Frame 185 time is 0.117ms
04-13 01:15:33.885 27948 27966 I native-activity: Swap 185 time is 0.153ms
04-13 01:15:33.885 27948 27966 I native-activity: Animating
04-13 01:15:33.886 27948 27966 I native-activity: Frame 186 GL error is 0x0
04-13 01:15:33.886 27948 27966 I native-activity: Frame 186 time is 0.140ms
04-13 01:15:33.886 27948 27966 I native-activity: Swap 186 time is 0.184ms
04-13 01:15:33.886 27948 27966 I native-activity: Animating
04-13 01:15:33.886 27948 27966 I native-activity: Frame 187 GL error is 0x0
04-13 01:15:33.886 27948 27966 I native-activity: Frame 187 time is 0.127ms
04-13 01:15:33.886 27948 27966 I native-activity: Swap 187 time is 0.162ms
04-13 01:15:33.886 27948 27966 I native-activity: Animating
04-13 01:15:33.886 27948 27966 I native-activity: Frame 188 GL error is 0x0
04-13 01:15:33.886 27948 27966 I native-activity: Frame 188 time is 0.132ms
04-13 01:15:33.886 27948 27966 I native-activity: Swap 188 time is 0.168ms
04-13 01:15:33.886 27948 27966 I native-activity: Animating
04-13 01:15:33.886 27948 27966 I native-activity: Frame 189 GL error is 0x0
04-13 01:15:33.886 27948 27966 I native-activity: Frame 189 time is 0.127ms
04-13 01:15:33.886 27948 27966 I native-activity: Swap 189 time is 0.164ms
04-13 01:15:33.886 27948 27966 I native-activity: Animating
04-13 01:15:33.886 27948 27966 I native-activity: Frame 190 GL error is 0x0
04-13 01:15:33.886 27948 27966 I native-activity: Frame 190 time is 0.122ms
04-13 01:15:33.886 27948 27966 I native-activity: Swap 190 time is 0.161ms
04-13 01:15:33.886 27948 27966 I native-activity: Animating
04-13 01:15:33.887 27948 27966 I native-activity: Frame 191 GL error is 0x0
04-13 01:15:33.887 27948 27966 I native-activity: Frame 191 time is 0.126ms
04-13 01:15:33.887 27948 27966 I native-activity: Swap 191 time is 0.163ms
04-13 01:15:33.887 27948 27966 I native-activity: Animating
04-13 01:15:33.887 27948 27966 I native-activity: Frame 192 GL error is 0x0
04-13 01:15:33.887 27948 27966 I native-activity: Frame 192 time is 0.125ms
04-13 01:15:33.887 27948 27966 I native-activity: Swap 192 time is 0.163ms
04-13 01:15:33.887 27948 27966 I native-activity: Animating
04-13 01:15:33.887 27948 27966 I native-activity: Frame 193 GL error is 0x0
04-13 01:15:33.887 27948 27966 I native-activity: Frame 193 time is 0.133ms
04-13 01:15:33.887 27948 27966 I native-activity: Swap 193 time is 0.170ms
04-13 01:15:33.887 27948 27966 I native-activity: Animating
04-13 01:15:33.887 27948 27966 I native-activity: Frame 194 GL error is 0x0
04-13 01:15:33.887 27948 27966 I native-activity: Frame 194 time is 0.122ms
04-13 01:15:33.887 27948 27966 I native-activity: Swap 194 time is 0.165ms
04-13 01:15:33.887 27948 27966 I native-activity: Animating
04-13 01:15:33.887 27948 27966 I native-activity: Frame 195 GL error is 0x0
04-13 01:15:33.887 27948 27966 I native-activity: Frame 195 time is 0.121ms
04-13 01:15:33.887 27948 27966 I native-activity: Swap 195 time is 0.158ms
04-13 01:15:33.888 27948 27966 I native-activity: Animating
04-13 01:15:33.888 27948 27966 I native-activity: Frame 196 GL error is 0x0
04-13 01:15:33.888 27948 27966 I native-activity: Frame 196 time is 0.133ms
04-13 01:15:33.888 27948 27966 I native-activity: Swap 196 time is 0.170ms
04-13 01:15:33.888 27948 27966 I native-activity: Animating
04-13 01:15:33.888 27948 27966 I native-activity: Frame 197 GL error is 0x0
04-13 01:15:33.888 27948 27966 I native-activity: Frame 197 time is 0.118ms
04-13 01:15:33.888 27948 27966 I native-activity: Swap 197 time is 0.156ms
04-13 01:15:33.888 27948 27966 I native-activity: Animating
04-13 01:15:33.888 27948 27966 I native-activity: Frame 198 GL error is 0x0
04-13 01:15:33.888 27948 27966 I native-activity: Frame 198 time is 0.129ms
04-13 01:15:33.888 27948 27966 I native-activity: Swap 198 time is 0.172ms
04-13 01:15:33.888 27948 27966 I native-activity: Animating
04-13 01:15:33.888 27948 27966 I native-activity: Frame 199 GL error is 0x0
04-13 01:15:33.888 27948 27966 I native-activity: Frame 199 time is 0.125ms
04-13 01:15:33.888 27948 27966 I native-activity: Swap 199 time is 0.161ms
04-13 01:15:33.888 27948 27966 I native-activity: Animating
04-13 01:15:33.888 27948 27966 I native-activity: Frame 200 GL error is 0x0
04-13 01:15:33.888 27948 27966 I native-activity: Frame 200 time is 0.119ms
04-13 01:15:33.889 27948 27966 I native-activity: Swap 200 time is 0.156ms
04-13 01:15:33.889 27948 27966 I native-activity: Animating
04-13 01:15:33.889 27948 27966 I native-activity: Frame 201 GL error is 0x0
04-13 01:15:33.889 27948 27966 I native-activity: Frame 201 time is 0.128ms
04-13 01:15:33.889 27948 27966 I native-activity: Swap 201 time is 0.163ms
04-13 01:15:33.889 27948 27966 I native-activity: Animating
04-13 01:15:33.889 27948 27966 I native-activity: Frame 202 GL error is 0x0
04-13 01:15:33.889 27948 27966 I native-activity: Frame 202 time is 0.125ms
04-13 01:15:33.889 27948 27966 I native-activity: Swap 202 time is 0.166ms
04-13 01:15:33.889 27948 27966 I native-activity: Animating
04-13 01:15:33.889 27948 27966 I native-activity: Frame 203 GL error is 0x0
04-13 01:15:33.889 27948 27966 I native-activity: Frame 203 time is 0.138ms
04-13 01:15:33.889 27948 27966 I native-activity: Swap 203 time is 0.174ms
04-13 01:15:33.889 27948 27966 I native-activity: Animating
04-13 01:15:33.889 27948 27966 I native-activity: Frame 204 GL error is 0x0
04-13 01:15:33.889 27948 27966 I native-activity: Frame 204 time is 0.123ms
04-13 01:15:33.889 27948 27966 I native-activity: Swap 204 time is 0.158ms
04-13 01:15:33.889 27948 27966 I native-activity: Animating
04-13 01:15:33.890 27948 27966 I native-activity: Frame 205 GL error is 0x0
04-13 01:15:33.890 27948 27966 I native-activity: Frame 205 time is 0.142ms
04-13 01:15:33.890 27948 27966 I native-activity: Swap 205 time is 0.184ms
04-13 01:15:33.890 27948 27966 I native-activity: Animating
04-13 01:15:33.890 27948 27966 I native-activity: Frame 206 GL error is 0x0
04-13 01:15:33.890 27948 27966 I native-activity: Frame 206 time is 0.128ms
04-13 01:15:33.890 27948 27966 I native-activity: Swap 206 time is 0.165ms
04-13 01:15:33.890 27948 27966 I native-activity: Animating
04-13 01:15:33.890 27948 27966 I native-activity: Frame 207 GL error is 0x0
04-13 01:15:33.890 27948 27966 I native-activity: Frame 207 time is 0.126ms
04-13 01:15:33.890 27948 27966 I native-activity: Swap 207 time is 0.163ms
04-13 01:15:33.890 27948 27966 I native-activity: Animating
04-13 01:15:33.890 27948 27966 I native-activity: Frame 208 GL error is 0x0
04-13 01:15:33.890 27948 27966 I native-activity: Frame 208 time is 0.132ms
04-13 01:15:33.890 27948 27966 I native-activity: Swap 208 time is 0.171ms
04-13 01:15:33.890 27948 27966 I native-activity: Animating
04-13 01:15:33.890 27948 27966 I native-activity: Frame 209 GL error is 0x0
04-13 01:15:33.890 27948 27966 I native-activity: Frame 209 time is 0.124ms
04-13 01:15:33.890 27948 27966 I native-activity: Swap 209 time is 0.160ms
04-13 01:15:33.890 27948 27966 I native-activity: Animating
04-13 01:15:33.891 27948 27966 I native-activity: Frame 210 GL error is 0x0
04-13 01:15:33.891 27948 27966 I native-activity: Frame 210 time is 0.134ms
04-13 01:15:33.891 27948 27966 I native-activity: Swap 210 time is 0.172ms
04-13 01:15:33.891 27948 27966 I native-activity: Animating
04-13 01:15:33.891 27948 27966 I native-activity: Frame 211 GL error is 0x0
04-13 01:15:33.891 27948 27966 I native-activity: Frame 211 time is 0.145ms
04-13 01:15:33.891 27948 27966 I native-activity: Swap 211 time is 0.187ms
04-13 01:15:33.891 27948 27966 I native-activity: Animating
04-13 01:15:33.891 27948 27966 I native-activity: Frame 212 GL error is 0x0
04-13 01:15:33.891 27948 27966 I native-activity: Frame 212 time is 0.132ms
04-13 01:15:33.891 27948 27966 I native-activity: Swap 212 time is 0.169ms
04-13 01:15:33.891 27948 27966 I native-activity: Animating
04-13 01:15:33.891 27948 27966 I native-activity: Frame 213 GL error is 0x0
04-13 01:15:33.891 27948 27966 I native-activity: Frame 213 time is 0.140ms
04-13 01:15:33.891 27948 27966 I native-activity: Swap 213 time is 0.177ms
04-13 01:15:33.891 27948 27966 I native-activity: Animating
04-13 01:15:33.891 27948 27966 I native-activity: Frame 214 GL error is 0x0
04-13 01:15:33.892 27948 27966 I native-activity: Frame 214 time is 0.122ms
04-13 01:15:33.892 27948 27966 I native-activity: Swap 214 time is 0.160ms
04-13 01:15:33.892 27948 27966 I native-activity: Animating
04-13 01:15:33.892 27948 27966 I native-activity: Frame 215 GL error is 0x0
04-13 01:15:33.892 27948 27966 I native-activity: Frame 215 time is 0.132ms
04-13 01:15:33.892 27948 27966 I native-activity: Swap 215 time is 0.172ms
04-13 01:15:33.892 27948 27966 I native-activity: Animating
04-13 01:15:33.892 27948 27966 I native-activity: Frame 216 GL error is 0x0
04-13 01:15:33.892 27948 27966 I native-activity: Frame 216 time is 0.127ms
04-13 01:15:33.892 27948 27966 I native-activity: Swap 216 time is 0.164ms
04-13 01:15:33.892 27948 27966 I native-activity: Animating
04-13 01:15:33.892 27948 27966 I native-activity: Frame 217 GL error is 0x0
04-13 01:15:33.892 27948 27966 I native-activity: Frame 217 time is 0.114ms
04-13 01:15:33.892 27948 27966 I native-activity: Swap 217 time is 0.149ms
04-13 01:15:33.892 27948 27966 I native-activity: Animating
04-13 01:15:33.892 27948 27966 I native-activity: Frame 218 GL error is 0x0
04-13 01:15:33.892 27948 27966 I native-activity: Frame 218 time is 0.143ms
04-13 01:15:33.892 27948 27966 I native-activity: Swap 218 time is 0.185ms
04-13 01:15:33.892 27948 27966 I native-activity: Animating
04-13 01:15:33.893 27948 27966 I native-activity: Frame 219 GL error is 0x0
04-13 01:15:33.893 27948 27966 I native-activity: Frame 219 time is 0.128ms
04-13 01:15:33.893 27948 27966 I native-activity: Swap 219 time is 0.162ms
04-13 01:15:33.893 27948 27966 I native-activity: Animating
04-13 01:15:33.893 27948 27966 I native-activity: Frame 220 GL error is 0x0
04-13 01:15:33.893 27948 27966 I native-activity: Frame 220 time is 0.129ms
04-13 01:15:33.893 27948 27966 I native-activity: Swap 220 time is 0.165ms
04-13 01:15:33.893 27948 27966 I native-activity: Animating
04-13 01:15:33.893 27948 27966 I native-activity: Frame 221 GL error is 0x0
04-13 01:15:33.893 27948 27966 I native-activity: Frame 221 time is 0.126ms
04-13 01:15:33.893 27948 27966 I native-activity: Swap 221 time is 0.163ms
04-13 01:15:33.893 27948 27966 I native-activity: Animating
04-13 01:15:33.893 27948 27966 I native-activity: Frame 222 GL error is 0x0
04-13 01:15:33.893 27948 27966 I native-activity: Frame 222 time is 0.119ms
04-13 01:15:33.893 27948 27966 I native-activity: Swap 222 time is 0.156ms
04-13 01:15:33.893 27948 27966 I native-activity: Animating
04-13 01:15:33.893 27948 27966 I native-activity: Frame 223 GL error is 0x0
04-13 01:15:33.893 27948 27966 I native-activity: Frame 223 time is 0.124ms
04-13 01:15:33.893 27948 27966 I native-activity: Swap 223 time is 0.159ms
04-13 01:15:33.893 27948 27966 I native-activity: Animating
04-13 01:15:33.894 27948 27966 I native-activity: Frame 224 GL error is 0x0
04-13 01:15:33.894 27948 27966 I native-activity: Frame 224 time is 0.108ms
04-13 01:15:33.894 27948 27966 I native-activity: Swap 224 time is 0.141ms
04-13 01:15:33.894 27948 27966 I native-activity: Animating
04-13 01:15:33.920     0     0 I Kernel  : [47372.597080]-(0)[0:swapper/0]dpi vsync
04-13 01:15:33.970 26597 26597 I Kernel  : [47372.641725].(0)[26597:kworker/0:0H]regs_hotplug_callback cpu = 3
04-13 01:15:33.970    19    19 I Kernel  : [47372.642218]-(3)[19:migration/3][Power/hotplug] platform_cpu_disable, cpu: 3
04-13 01:15:33.970    19    19 I Kernel  : [47372.642470]-(3)[19:migration/3]regs_hotplug_callback cpu = 3
04-13 01:15:33.970     0     0 I Kernel  : [47372.642531]-(3)[0:swapper/3][Power/hotplug] platform_cpu_die, cpu: 3
04-13 01:15:33.970 26597 26597 I Kernel  : [47372.642547].(0)[26597:kworker/0:0H]CPU3: shutdown
04-13 01:15:33.970 26597 26597 I Kernel  : [47372.642563].(0)[26597:kworker/0:0H][Power/hotplug] platform_cpu_kill, cpu: 3
04-13 01:15:33.970 26597 26597 I Kernel  : [47372.643084].(0)[26597:kworker/0:0H]regs_hotplug_callback cpu = 3
04-13 01:15:33.970 26597 26597 I Kernel  : [47372.643381].(0)[26597:kworker/0:0H][WDK]cpu 3 plug off, kick wdt
04-13 01:15:33.970 26597 26597 I Kernel  : [47372.643467].(0)[26597:kworker/0:0H]regs_hotplug_callback cpu = 3
04-13 01:15:34.070 27948 27966 I native-activity: Frame 225 GL error is 0x500
04-13 01:15:34.070 27948 27966 I native-activity: Frame 225 time is 175.987ms
04-13 01:15:34.070 27948 27966 I native-activity: Swap 225 time is 176.056ms
04-13 01:15:34.070 27948 27966 I native-activity: Animating
04-13 01:15:34.070 27948 27966 I native-activity: Frame 226 GL error is 0x0
04-13 01:15:34.070 27948 27966 I native-activity: Frame 226 time is 0.424ms
04-13 01:15:34.070 27948 27966 I native-activity: Swap 226 time is 0.476ms
04-13 01:15:34.070 27948 27966 I native-activity: Animating
04-13 01:15:34.073 27948 27966 I native-activity: Frame 227 GL error is 0x0
04-13 01:15:34.073 27948 27966 I native-activity: Frame 227 time is 2.900ms
04-13 01:15:34.073 27948 27966 I native-activity: Swap 227 time is 2.964ms
04-13 01:15:34.073 27948 27966 I native-activity: Animating
04-13 01:15:34.075 27948 27966 I native-activity: Frame 228 GL error is 0x0
04-13 01:15:34.075 27948 27966 I native-activity: Frame 228 time is 1.344ms
04-13 01:15:34.075 27948 27966 I native-activity: Swap 228 time is 1.387ms
04-13 01:15:34.075 27948 27966 I native-activity: Animating
04-13 01:15:34.076 27948 27966 I native-activity: Frame 229 GL error is 0x0
04-13 01:15:34.076 27948 27966 I native-activity: Frame 229 time is 1.251ms
04-13 01:15:34.076 27948 27966 I native-activity: Swap 229 time is 1.289ms
04-13 01:15:34.076 27948 27966 I native-activity: Animating
04-13 01:15:34.077 27948 27966 I native-activity: Frame 230 GL error is 0x0
04-13 01:15:34.077 27948 27966 I native-activity: Frame 230 time is 1.241ms
04-13 01:15:34.077 27948 27966 I native-activity: Swap 230 time is 1.279ms
04-13 01:15:34.078 27948 27966 I native-activity: Animating
04-13 01:15:34.079 27948 27966 I native-activity: Frame 231 GL error is 0x0
04-13 01:15:34.079 27948 27966 I native-activity: Frame 231 time is 1.246ms
04-13 01:15:34.079 27948 27966 I native-activity: Swap 231 time is 1.283ms
04-13 01:15:34.079 27948 27966 I native-activity: Animating
04-13 01:15:34.160 24946 24946 I Kernel  : [47372.831610].(0)[24946:kworker/0:1]virtual_sensor_thermal_get_temp mtktsbattery t=24000 a=7 o=-9500 w=437
04-13 01:15:34.160 24946 24946 I Kernel  : [47372.831675].(0)[24946:kworker/0:1]virtual_sensor_thermal_get_temp mtkts_bts t=29000 a=15 o=-1000 w=113
04-13 01:15:34.160 24946 24946 I Kernel  : [47372.832054].(0)[24946:kworker/0:1]virtual_sensor_thermal_get_temp mtktspmic t=40535 a=4 o=18000 w=450
04-13 01:15:34.160 24946 24946 I Kernel  : [47372.832078].(0)[24946:kworker/0:1]virtual_sensor_thermal_get_temp mtktswmt t=31000 a=1000 o=-5000 w=0
04-13 01:15:34.220 27948 27966 I native-activity: Frame 232 GL error is 0x500
04-13 01:15:34.220 27948 27966 I native-activity: Frame 232 time is 141.248ms
04-13 01:15:34.220 27948 27966 I native-activity: Swap 232 time is 141.317ms
04-13 01:15:34.220 27948 27966 I native-activity: Animating
04-13 01:15:34.335 27948 27966 I native-activity: Frame 233 GL error is 0x501
04-13 01:15:34.335 27948 27966 I native-activity: Frame 233 time is 114.838ms
04-13 01:15:34.335 27948 27966 I native-activity: Swap 233 time is 114.906ms
04-13 01:15:34.335 27948 27966 I native-activity: Animating
04-13 01:15:34.337 27948 27966 I native-activity: Frame 234 GL error is 0x0
04-13 01:15:34.337 27948 27966 I native-activity: Frame 234 time is 1.454ms
04-13 01:15:34.337 27948 27966 I native-activity: Swap 234 time is 1.511ms
04-13 01:15:34.337 27948 27966 I native-activity: Animating
04-13 01:15:34.338 27948 27966 I native-activity: Frame 235 GL error is 0x0
04-13 01:15:34.338 27948 27966 I native-activity: Frame 235 time is 0.775ms
04-13 01:15:34.338 27948 27966 I native-activity: Swap 235 time is 0.825ms
04-13 01:15:34.338 27948 27966 I native-activity: Animating
04-13 01:15:34.339 27948 27966 I native-activity: Frame 236 GL error is 0x0
04-13 01:15:34.339 27948 27966 I native-activity: Frame 236 time is 0.733ms
04-13 01:15:34.339 27948 27966 I native-activity: Swap 236 time is 0.783ms
04-13 01:15:34.339 27948 27966 I native-activity: Animating
04-13 01:15:34.339 27948 27966 I native-activity: Frame 237 GL error is 0x0
04-13 01:15:34.339 27948 27966 I native-activity: Frame 237 time is 0.794ms
04-13 01:15:34.340 27948 27966 I native-activity: Swap 237 time is 0.847ms
04-13 01:15:34.340 27948 27966 I native-activity: Animating
04-13 01:15:34.340 27948 27966 I native-activity: Frame 238 GL error is 0x0
04-13 01:15:34.340 27948 27966 I native-activity: Frame 238 time is 0.799ms
04-13 01:15:34.340 27948 27966 I native-activity: Swap 238 time is 0.850ms
04-13 01:15:34.340 27948 27966 I native-activity: Animating
04-13 01:15:34.341 27948 27966 I native-activity: Frame 239 GL error is 0x0
04-13 01:15:34.341 27948 27966 I native-activity: Frame 239 time is 0.810ms
04-13 01:15:34.341 27948 27966 I native-activity: Swap 239 time is 0.864ms
04-13 01:15:34.341 27948 27966 I native-activity: Animating
04-13 01:15:34.370    82    82 I Kernel  : [47373.043885].(0)[82:mtk charger_hv_]charging_reset_watch_dog_timer
04-13 01:15:34.370    82    82 I Kernel  : [47373.044775].(0)[82:mtk charger_hv_]array_size = 16 
04-13 01:15:34.547 27948 27966 I native-activity: Frame 240 GL error is 0x500
04-13 01:15:34.547 27948 27966 I native-activity: Frame 240 time is 205.261ms
04-13 01:15:34.547 27948 27966 I native-activity: Swap 240 time is 205.331ms
04-13 01:15:34.547 27948 27966 I native-activity: Animating
04-13 01:15:34.708 27948 27966 I native-activity: Frame 241 GL error is 0x501
04-13 01:15:34.708 27948 27966 I native-activity: Frame 241 time is 161.472ms
04-13 01:15:34.708 27948 27966 I native-activity: Swap 241 time is 161.541ms
04-13 01:15:34.709 27948 27966 I native-activity: Animating
04-13 01:15:34.726 27948 27966 I native-activity: Frame 242 GL error is 0x0
04-13 01:15:34.726 27948 27966 I native-activity: Frame 242 time is 17.773ms
04-13 01:15:34.726 27948 27966 I native-activity: Swap 242 time is 17.844ms
04-13 01:15:34.727 27948 27966 I native-activity: Animating
04-13 01:15:34.736 27948 27966 I native-activity: Frame 243 GL error is 0x0
04-13 01:15:34.736 27948 27966 I native-activity: Frame 243 time is 9.570ms
04-13 01:15:34.736 27948 27966 I native-activity: Swap 243 time is 9.638ms
04-13 01:15:34.736 27948 27966 I native-activity: Animating
04-13 01:15:34.742 27948 27966 I native-activity: Frame 244 GL error is 0x0
04-13 01:15:34.742 27948 27966 I native-activity: Frame 244 time is 5.847ms
04-13 01:15:34.742 27948 27966 I native-activity: Swap 244 time is 5.912ms
04-13 01:15:34.742 27948 27966 I native-activity: Animating
04-13 01:15:34.772 27948 27966 I native-activity: Frame 245 GL error is 0x0
04-13 01:15:34.772 27948 27966 I native-activity: Frame 245 time is 30.167ms
04-13 01:15:34.773 27948 27966 I native-activity: Swap 245 time is 30.237ms
04-13 01:15:34.773 27948 27966 I native-activity: Animating
04-13 01:15:34.792   917  1674 D TaskPersister: removeObsoleteFile: deleting file=344_task.xml
04-13 01:15:34.805 27948 27966 I native-activity: Frame 246 GL error is 0x500
04-13 01:15:34.805 27948 27966 I native-activity: Frame 246 time is 32.628ms
04-13 01:15:34.805 27948 27966 I native-activity: Swap 246 time is 32.697ms
04-13 01:15:34.805 27948 27966 I native-activity: Animating
04-13 01:15:34.833 27948 27966 I native-activity: Frame 247 GL error is 0x501
04-13 01:15:34.833 27948 27966 I native-activity: Frame 247 time is 27.764ms
04-13 01:15:34.833 27948 27966 I native-activity: Swap 247 time is 27.830ms
04-13 01:15:34.833 27948 27966 I native-activity: Animating
04-13 01:15:34.850 27948 27966 I native-activity: Frame 248 GL error is 0x0
04-13 01:15:34.850 27948 27966 I native-activity: Frame 248 time is 17.068ms
04-13 01:15:34.850 27948 27966 I native-activity: Swap 248 time is 17.141ms
04-13 01:15:34.851 27948 27966 I native-activity: Animating
04-13 01:15:34.878 27948 27966 I native-activity: Frame 249 GL error is 0x500
04-13 01:15:34.878 27948 27966 I native-activity: Frame 249 time is 27.566ms
04-13 01:15:34.878 27948 27966 I native-activity: Swap 249 time is 27.638ms
04-13 01:15:34.878 27948 27966 I native-activity: Animating
04-13 01:15:34.892 27948 27966 I native-activity: Frame 250 GL error is 0x0
04-13 01:15:34.892 27948 27966 I native-activity: Frame 250 time is 13.461ms
04-13 01:15:34.892 27948 27966 I native-activity: Swap 250 time is 13.563ms
04-13 01:15:34.892 27948 27966 I native-activity: Animating
04-13 01:15:34.903 27948 27966 I native-activity: Frame 251 GL error is 0x500
04-13 01:15:34.903 27948 27966 I native-activity: Frame 251 time is 11.236ms
04-13 01:15:34.903 27948 27966 I native-activity: Swap 251 time is 11.340ms
04-13 01:15:34.903 27948 27966 I native-activity: Animating
04-13 01:15:34.920 27948 27966 I native-activity: Frame 252 GL error is 0x501
04-13 01:15:34.920 27948 27966 I native-activity: Frame 252 time is 16.373ms
04-13 01:15:34.920 27948 27966 I native-activity: Swap 252 time is 16.489ms
04-13 01:15:34.920 27948 27966 I native-activity: Animating
04-13 01:15:34.928 27948 27966 I native-activity: Frame 253 GL error is 0x0
04-13 01:15:34.928 27948 27966 I native-activity: Frame 253 time is 8.131ms
04-13 01:15:34.928 27948 27966 I native-activity: Swap 253 time is 8.230ms
04-13 01:15:34.928 27948 27966 I native-activity: Animating
04-13 01:15:34.937 27948 27966 I native-activity: Frame 254 GL error is 0x0
04-13 01:15:34.937 27948 27966 I native-activity: Frame 254 time is 8.909ms
04-13 01:15:34.937 27948 27966 I native-activity: Swap 254 time is 8.999ms
04-13 01:15:34.938 27948 27966 I native-activity: Animating
04-13 01:15:34.947 27948 27966 I native-activity: Frame 255 GL error is 0x0
04-13 01:15:34.947 27948 27966 I native-activity: Frame 255 time is 9.164ms
04-13 01:15:34.947 27948 27966 I native-activity: Swap 255 time is 9.258ms
04-13 01:15:34.947 27948 27966 I native-activity: Animating
04-13 01:15:34.958 27948 27966 I native-activity: Frame 256 GL error is 0x0
04-13 01:15:34.958 27948 27966 I native-activity: Frame 256 time is 11.421ms
04-13 01:15:34.958 27948 27966 I native-activity: Swap 256 time is 11.520ms
04-13 01:15:34.959 27948 27966 I native-activity: Animating
04-13 01:15:34.968 27948 27966 I native-activity: Frame 257 GL error is 0x0
04-13 01:15:34.968 27948 27966 I native-activity: Frame 257 time is 9.244ms
04-13 01:15:34.968 27948 27966 I native-activity: Swap 257 time is 9.336ms
04-13 01:15:34.968 27948 27966 I native-activity: Animating
04-13 01:15:34.979 27948 27966 I native-activity: Frame 258 GL error is 0x0
04-13 01:15:34.979 27948 27966 I native-activity: Frame 258 time is 10.537ms
04-13 01:15:34.979 27948 27966 I native-activity: Swap 258 time is 10.636ms
04-13 01:15:34.979 27948 27966 I native-activity: Animating
04-13 01:15:34.988 27948 27966 I native-activity: Context 0xb91b89e0 made current on surface 0xb91aba70, error 0x3000
04-13 01:15:34.988 27948 27966 I native-activity: GL information
04-13 01:15:34.988 27948 27966 I native-activity: 	Renderer: Mali-450 MP
04-13 01:15:34.988 27948 27966 I native-activity: 	Vendor: ARM
04-13 01:15:34.988 27948 27966 I native-activity: 	Version: OpenGL ES 2.0
04-13 01:15:34.988 27948 27966 I native-activity: 	Shading Language: OpenGL ES GLSL ES 1.00
04-13 01:15:34.988 27948 27966 I native-activity: 	Extensions: GL_EXT_debug_marker GL_OES_texture_npot GL_OES_compressed_ETC1_RGB8_texture GL_OES_standard_derivatives GL_OES_EGL_image GL_OES_depth24 GL_ARM_rgba8 GL_ARM_mali_shader_binary GL_OES_depth_texture GL_OES_packed_depth_stencil GL_EXT_texture_format_BGRA8888 GL_OES_vertex_half_float GL_EXT_blend_minmax GL_OES_EGL_image_external GL_OES_EGL_sync GL_OES_rgb8_rgba8 GL_EXT_multisampled_render_to_texture GL_EXT_discard_framebuffer GL_OES_get_program_binary GL_ARM_mali_program_binary GL_EXT_shader_texture_lod GL_EXT_robustness GL_OES_depth_texture_cube_map GL_KHR_debug 
04-13 01:15:34.988 27948 27966 I native-activity: Context 0xb91b89e0 made current on surface 0xb91aba70, error 0x3000
04-13 01:15:34.988 27948 27966 I native-activity: GL information
04-13 01:15:34.988 27948 27966 I native-activity: 	Renderer: Mali-450 MP
04-13 01:15:34.988 27948 27966 I native-activity: 	Vendor: ARM
04-13 01:15:34.988 27948 27966 I native-activity: 	Version: OpenGL ES 2.0
04-13 01:15:34.988 27948 27966 I native-activity: 	Shading Language: OpenGL ES GLSL ES 1.00
04-13 01:15:34.988 27948 27966 I native-activity: 	Extensions: GL_EXT_debug_marker GL_OES_texture_npot GL_OES_compressed_ETC1_RGB8_texture GL_OES_standard_derivatives GL_OES_EGL_image GL_OES_depth24 GL_ARM_rgba8 GL_ARM_mali_shader_binary GL_OES_depth_texture GL_OES_packed_depth_stencil GL_EXT_texture_format_BGRA8888 GL_OES_vertex_half_float GL_EXT_blend_minmax GL_OES_EGL_image_external GL_OES_EGL_sync GL_OES_rgb8_rgba8 GL_EXT_multisampled_render_to_texture GL_EXT_discard_framebuffer GL_OES_get_program_binary GL_ARM_mali_program_binary GL_EXT_shader_texture_lod GL_EXT_robustness GL_OES_depth_texture_cube_map GL_KHR_debug 
04-13 01:15:34.988 27948 27966 I native-activity: Frame 259 GL error is 0x501
04-13 01:15:34.988 27948 27966 I native-activity: Frame 259 time is 9.376ms
04-13 01:15:34.988 27948 27966 I native-activity: Swap 259 time is 9.442ms
04-13 01:15:34.988 27948 27966 I native-activity: Animating
04-13 01:15:34.998 27948 27966 I native-activity: Frame 260 GL error is 0x500
04-13 01:15:34.998 27948 27966 I native-activity: Frame 260 time is 9.227ms
04-13 01:15:34.998 27948 27966 I native-activity: Swap 260 time is 9.316ms
04-13 01:15:34.998 27948 27966 I native-activity: Animating
04-13 01:15:35.008 27948 27966 I native-activity: Frame 261 GL error is 0x0
04-13 01:15:35.008 27948 27966 I native-activity: Frame 261 time is 10.573ms
04-13 01:15:35.008 27948 27966 I native-activity: Swap 261 time is 10.659ms
04-13 01:15:35.009 27948 27966 I native-activity: Animating
04-13 01:15:35.017 27948 27966 I native-activity: Frame 262 GL error is 0x0
04-13 01:15:35.017 27948 27966 I native-activity: Frame 262 time is 8.460ms
04-13 01:15:35.017 27948 27966 I native-activity: Swap 262 time is 8.552ms
04-13 01:15:35.017 27948 27966 I native-activity: Animating
04-13 01:15:35.029 27948 27966 I native-activity: Frame 263 GL error is 0x0
04-13 01:15:35.029 27948 27966 I native-activity: Frame 263 time is 11.568ms
04-13 01:15:35.029 27948 27966 I native-activity: Swap 263 time is 11.656ms
04-13 01:15:35.029 27948 27966 I native-activity: Animating
04-13 01:15:35.039 27948 27966 I native-activity: Frame 264 GL error is 0x0
04-13 01:15:35.039 27948 27966 I native-activity: Frame 264 time is 10.218ms
04-13 01:15:35.039 27948 27966 I native-activity: Swap 264 time is 10.305ms
04-13 01:15:35.040 27948 27966 I native-activity: Animating
04-13 01:15:35.048 27948 27966 I native-activity: Frame 265 GL error is 0x0
04-13 01:15:35.048 27948 27966 I native-activity: Frame 265 time is 8.238ms
04-13 01:15:35.048 27948 27966 I native-activity: Swap 265 time is 8.325ms
04-13 01:15:35.048 27948 27966 I native-activity: Animating
04-13 01:15:35.059 27948 27966 I native-activity: Frame 266 GL error is 0x0
04-13 01:15:35.059 27948 27966 I native-activity: Frame 266 time is 11.048ms
04-13 01:15:35.059 27948 27966 I native-activity: Swap 266 time is 11.134ms
04-13 01:15:35.059 27948 27966 I native-activity: Animating
04-13 01:15:35.070 27948 27966 I native-activity: Frame 267 GL error is 0x0
04-13 01:15:35.070 27948 27966 I native-activity: Frame 267 time is 10.574ms
04-13 01:15:35.070 27948 27966 I native-activity: Swap 267 time is 10.665ms
04-13 01:15:35.070 27948 27966 I native-activity: Animating
04-13 01:15:35.080 27948 27966 I native-activity: Frame 268 GL error is 0x0
04-13 01:15:35.080 27948 27966 I native-activity: Frame 268 time is 9.928ms
04-13 01:15:35.080 27948 27966 I native-activity: Swap 268 time is 10.016ms
04-13 01:15:35.080 27948 27966 I native-activity: Animating
04-13 01:15:35.094 27948 27966 I native-activity: Frame 269 GL error is 0x0
04-13 01:15:35.094 27948 27966 I native-activity: Frame 269 time is 13.580ms
04-13 01:15:35.094 27948 27966 I native-activity: Swap 269 time is 13.670ms
04-13 01:15:35.094 27948 27966 I native-activity: Animating
04-13 01:15:35.107 27948 27966 I native-activity: Frame 270 GL error is 0x0
04-13 01:15:35.107 27948 27966 I native-activity: Frame 270 time is 12.947ms
04-13 01:15:35.107 27948 27966 I native-activity: Swap 270 time is 13.033ms
04-13 01:15:35.107 27948 27966 I native-activity: Animating
04-13 01:15:35.115 27948 27966 I native-activity: Frame 271 GL error is 0x0
04-13 01:15:35.115 27948 27966 I native-activity: Frame 271 time is 8.253ms
04-13 01:15:35.115 27948 27966 I native-activity: Swap 271 time is 8.338ms
04-13 01:15:35.116 27948 27966 I native-activity: Animating
04-13 01:15:35.127 27948 27966 I native-activity: Frame 272 GL error is 0x0
04-13 01:15:35.127 27948 27966 I native-activity: Frame 272 time is 11.074ms
04-13 01:15:35.127 27948 27966 I native-activity: Swap 272 time is 11.179ms
04-13 01:15:35.127 27948 27966 I native-activity: Animating
04-13 01:15:35.136 27948 27966 I native-activity: Frame 273 GL error is 0x0
04-13 01:15:35.136 27948 27966 I native-activity: Frame 273 time is 9.222ms
04-13 01:15:35.136 27948 27966 I native-activity: Swap 273 time is 9.312ms
04-13 01:15:35.136 27948 27966 I native-activity: Animating
04-13 01:15:35.155 27948 27966 I native-activity: Frame 274 GL error is 0x501
04-13 01:15:35.155 27948 27966 I native-activity: Frame 274 time is 19.028ms
04-13 01:15:35.155 27948 27966 I native-activity: Swap 274 time is 19.117ms
04-13 01:15:35.156 27948 27966 I native-activity: Animating
04-13 01:15:35.165 27948 27966 I native-activity: Frame 275 GL error is 0x0
04-13 01:15:35.165 27948 27966 I native-activity: Frame 275 time is 9.337ms
04-13 01:15:35.165 27948 27966 I native-activity: Swap 275 time is 9.423ms
04-13 01:15:35.165 27948 27966 I native-activity: Animating
04-13 01:15:35.174 27948 27966 I native-activity: Frame 276 GL error is 0x0
04-13 01:15:35.174 27948 27966 I native-activity: Frame 276 time is 8.704ms
04-13 01:15:35.174 27948 27966 I native-activity: Swap 276 time is 8.791ms
04-13 01:15:35.174 27948 27966 I native-activity: Animating
04-13 01:15:35.184 27948 27966 I native-activity: Frame 277 GL error is 0x0
04-13 01:15:35.184 27948 27966 I native-activity: Frame 277 time is 10.332ms
04-13 01:15:35.184 27948 27966 I native-activity: Swap 277 time is 10.422ms
04-13 01:15:35.185 27948 27966 I native-activity: Animating
04-13 01:15:35.193 27948 27966 I native-activity: Frame 278 GL error is 0x0
04-13 01:15:35.193 27948 27966 I native-activity: Frame 278 time is 8.743ms
04-13 01:15:35.193 27948 27966 I native-activity: Swap 278 time is 8.833ms
04-13 01:15:35.193 27948 27966 I native-activity: Animating
04-13 01:15:35.203 27948 27966 I native-activity: Frame 279 GL error is 0x0
04-13 01:15:35.203 27948 27966 I native-activity: Frame 279 time is 9.246ms
04-13 01:15:35.203 27948 27966 I native-activity: Swap 279 time is 9.332ms
04-13 01:15:35.203 27948 27966 I native-activity: Animating
04-13 01:15:35.211 27948 27966 I native-activity: Frame 280 GL error is 0x0
04-13 01:15:35.211 27948 27966 I native-activity: Frame 280 time is 8.482ms
04-13 01:15:35.211 27948 27966 I native-activity: Swap 280 time is 8.567ms
04-13 01:15:35.212 27948 27966 I native-activity: Animating
04-13 01:15:35.221 27948 27966 I native-activity: Frame 281 GL error is 0x0
04-13 01:15:35.221 27948 27966 I native-activity: Frame 281 time is 9.036ms
04-13 01:15:35.221 27948 27966 I native-activity: Swap 281 time is 9.131ms
04-13 01:15:35.221 27948 27966 I native-activity: Animating
04-13 01:15:35.230 27948 27966 I native-activity: Frame 282 GL error is 0x0
04-13 01:15:35.230 27948 27966 I native-activity: Frame 282 time is 8.796ms
04-13 01:15:35.230 27948 27966 I native-activity: Swap 282 time is 8.886ms
04-13 01:15:35.230 27948 27966 I native-activity: Animating
04-13 01:15:35.238 27948 27966 I native-activity: Frame 283 GL error is 0x0
04-13 01:15:35.239 27948 27966 I native-activity: Frame 283 time is 8.745ms
04-13 01:15:35.239 27948 27966 I native-activity: Swap 283 time is 8.833ms
04-13 01:15:35.239 27948 27966 I native-activity: Animating
04-13 01:15:35.247 27948 27966 I native-activity: Frame 284 GL error is 0x0
04-13 01:15:35.247 27948 27966 I native-activity: Frame 284 time is 8.372ms
04-13 01:15:35.247 27948 27966 I native-activity: Swap 284 time is 8.463ms
04-13 01:15:35.247 27948 27966 I native-activity: Animating
04-13 01:15:35.255 27948 27966 I native-activity: Frame 285 GL error is 0x0
04-13 01:15:35.256 27948 27966 I native-activity: Frame 285 time is 8.190ms
04-13 01:15:35.256 27948 27966 I native-activity: Swap 285 time is 8.279ms
04-13 01:15:35.256 27948 27966 I native-activity: Animating
04-13 01:15:35.264 27948 27966 I native-activity: Frame 286 GL error is 0x0
04-13 01:15:35.264 27948 27966 I native-activity: Frame 286 time is 8.550ms
04-13 01:15:35.264 27948 27966 I native-activity: Swap 286 time is 8.636ms
04-13 01:15:35.264 27948 27966 I native-activity: Animating
04-13 01:15:35.273 27948 27966 I native-activity: Frame 287 GL error is 0x0
04-13 01:15:35.273 27948 27966 I native-activity: Frame 287 time is 8.748ms
04-13 01:15:35.273 27948 27966 I native-activity: Swap 287 time is 8.833ms
04-13 01:15:35.273 27948 27966 I native-activity: Animating
04-13 01:15:35.282 27948 27966 I native-activity: Frame 288 GL error is 0x0
04-13 01:15:35.282 27948 27966 I native-activity: Frame 288 time is 8.586ms
04-13 01:15:35.282 27948 27966 I native-activity: Swap 288 time is 8.669ms
04-13 01:15:35.282 27948 27966 I native-activity: Animating
04-13 01:15:35.290 27948 27966 I native-activity: Frame 289 GL error is 0x0
04-13 01:15:35.290 27948 27966 I native-activity: Frame 289 time is 8.251ms
04-13 01:15:35.291 27948 27966 I native-activity: Swap 289 time is 8.337ms
04-13 01:15:35.291 27948 27966 I native-activity: Animating
04-13 01:15:35.299 27948 27966 I native-activity: Frame 290 GL error is 0x0
04-13 01:15:35.299 27948 27966 I native-activity: Frame 290 time is 8.379ms
04-13 01:15:35.299 27948 27966 I native-activity: Swap 290 time is 8.465ms
04-13 01:15:35.299 27948 27966 I native-activity: Animating
04-13 01:15:35.308 27948 27966 I native-activity: Frame 291 GL error is 0x0
04-13 01:15:35.308 27948 27966 I native-activity: Frame 291 time is 8.599ms
04-13 01:15:35.308 27948 27966 I native-activity: Swap 291 time is 8.684ms
04-13 01:15:35.308 27948 27966 I native-activity: Animating
04-13 01:15:35.316 27948 27966 I native-activity: Frame 292 GL error is 0x0
04-13 01:15:35.316 27948 27966 I native-activity: Frame 292 time is 7.799ms
04-13 01:15:35.316 27948 27966 I native-activity: Swap 292 time is 7.892ms
04-13 01:15:35.316 27948 27966 I native-activity: Animating
04-13 01:15:35.325 27948 27966 I native-activity: Frame 293 GL error is 0x0
04-13 01:15:35.325 27948 27966 I native-activity: Frame 293 time is 9.415ms
04-13 01:15:35.325 27948 27966 I native-activity: Swap 293 time is 9.504ms
04-13 01:15:35.326 27948 27966 I native-activity: Animating
04-13 01:15:35.333 27948 27966 I native-activity: Frame 294 GL error is 0x0
04-13 01:15:35.333 27948 27966 I native-activity: Frame 294 time is 7.796ms
04-13 01:15:35.334 27948 27966 I native-activity: Swap 294 time is 7.884ms
04-13 01:15:35.334 27948 27966 I native-activity: Animating
04-13 01:15:35.343 27948 27966 I native-activity: Frame 295 GL error is 0x0
04-13 01:15:35.343 27948 27966 I native-activity: Frame 295 time is 9.143ms
04-13 01:15:35.343 27948 27966 I native-activity: Swap 295 time is 9.227ms
04-13 01:15:35.343 27948 27966 I native-activity: Animating
04-13 01:15:35.351 27948 27966 I native-activity: Frame 296 GL error is 0x0
04-13 01:15:35.351 27948 27966 I native-activity: Frame 296 time is 7.808ms
04-13 01:15:35.351 27948 27966 I native-activity: Swap 296 time is 7.912ms
04-13 01:15:35.351 27948 27966 I native-activity: Animating
04-13 01:15:35.360 27948 27966 I native-activity: Frame 297 GL error is 0x0
04-13 01:15:35.360 27948 27966 I native-activity: Frame 297 time is 9.462ms
04-13 01:15:35.361 27948 27966 I native-activity: Swap 297 time is 9.547ms
04-13 01:15:35.361 27948 27966 I native-activity: Animating
04-13 01:15:35.369 27948 27966 I native-activity: Frame 298 GL error is 0x0
04-13 01:15:35.369 27948 27966 I native-activity: Frame 298 time is 8.015ms
04-13 01:15:35.369 27948 27966 I native-activity: Swap 298 time is 8.107ms
04-13 01:15:35.369 27948 27966 I native-activity: Animating
04-13 01:15:35.378 27948 27966 I native-activity: Frame 299 GL error is 0x0
04-13 01:15:35.378 27948 27966 I native-activity: Frame 299 time is 9.215ms
04-13 01:15:35.378 27948 27966 I native-activity: Swap 299 time is 9.304ms
04-13 01:15:35.378 27948 27966 I native-activity: Animating
04-13 01:15:35.386 27948 27966 I native-activity: Frame 300 GL error is 0x0
04-13 01:15:35.386 27948 27966 I native-activity: Frame 300 time is 7.750ms
04-13 01:15:35.386 27948 27966 I native-activity: Swap 300 time is 7.827ms
04-13 01:15:35.386 27948 27966 I native-activity: Animating
04-13 01:15:35.370    82    82 I Kernel  : [47374.044862].(0)[82:mtk charger_hv_]charging_reset_watch_dog_timer
04-13 01:15:35.370    82    82 I Kernel  : [47374.045767].(0)[82:mtk charger_hv_]array_size = 16 
04-13 01:15:35.396 27948 27966 I native-activity: Frame 301 GL error is 0x0
04-13 01:15:35.396 27948 27966 I native-activity: Frame 301 time is 9.456ms
04-13 01:15:35.396 27948 27966 I native-activity: Swap 301 time is 9.536ms
04-13 01:15:35.396 27948 27966 I native-activity: Animating
04-13 01:15:35.404 27948 27966 I native-activity: Frame 302 GL error is 0x0
04-13 01:15:35.404 27948 27966 I native-activity: Frame 302 time is 8.277ms
04-13 01:15:35.404 27948 27966 I native-activity: Swap 302 time is 8.356ms
04-13 01:15:35.404 27948 27966 I native-activity: Animating
04-13 01:15:35.390  2137  2137 I Kernel  : [47374.063310][wlan] nicTxReleaseResource: (TX STATE)
04-13 01:15:35.390  2137  2137 I Kernel  : Release: TC4 count 1, Free=3; TC5 count 0, Free=4
04-13 01:15:35.390  2159  2159 I Kernel  : [47374.063431].(0)[2159:wpa_supplicant]poorlink get state G(363239)F(49)dbad(0)dretry(0)LT(810)RT(-74)W(0)(12882)
04-13 01:15:35.390  2137  2137 I Kernel  : [47374.064750][wlan] nicTxReleaseResource: (TX STATE)
04-13 01:15:35.390  2137  2137 I Kernel  : Release: TC4 count 1, Free=4; TC5 count 0, Free=4
04-13 01:15:35.412 27948 27966 I native-activity: Frame 303 GL error is 0x0
04-13 01:15:35.412 27948 27966 I native-activity: Frame 303 time is 7.838ms
04-13 01:15:35.412 27948 27966 I native-activity: Swap 303 time is 7.915ms
04-13 01:15:35.412 27948 27966 I native-activity: Animating
04-13 01:15:35.420 27948 27966 I native-activity: Frame 304 GL error is 0x0
04-13 01:15:35.420 27948 27966 I native-activity: Frame 304 time is 7.799ms
04-13 01:15:35.420 27948 27966 I native-activity: Swap 304 time is 7.895ms
04-13 01:15:35.420 27948 27966 I native-activity: Animating
04-13 01:15:35.429 27948 27966 I native-activity: Frame 305 GL error is 0x0
04-13 01:15:35.429 27948 27966 I native-activity: Frame 305 time is 8.649ms
04-13 01:15:35.429 27948 27966 I native-activity: Swap 305 time is 8.722ms
04-13 01:15:35.429 27948 27966 I native-activity: Animating
04-13 01:15:35.437 27948 27966 I native-activity: Frame 306 GL error is 0x0
04-13 01:15:35.437 27948 27966 I native-activity: Frame 306 time is 7.835ms
04-13 01:15:35.437 27948 27966 I native-activity: Swap 306 time is 7.917ms
04-13 01:15:35.437 27948 27966 I native-activity: Animating
04-13 01:15:35.445 27948 27966 I native-activity: Frame 307 GL error is 0x0
04-13 01:15:35.445 27948 27966 I native-activity: Frame 307 time is 8.102ms
04-13 01:15:35.445 27948 27966 I native-activity: Swap 307 time is 8.185ms
04-13 01:15:35.446 27948 27966 I native-activity: Animating
04-13 01:15:35.453 27948 27966 I native-activity: Frame 308 GL error is 0x0
04-13 01:15:35.453 27948 27966 I native-activity: Frame 308 time is 7.915ms
04-13 01:15:35.454 27948 27966 I native-activity: Swap 308 time is 8.016ms
04-13 01:15:35.454 27948 27966 I native-activity: Animating
04-13 01:15:35.463 27948 27966 I native-activity: Frame 309 GL error is 0x0
04-13 01:15:35.463 27948 27966 I native-activity: Frame 309 time is 9.434ms
04-13 01:15:35.463 27948 27966 I native-activity: Swap 309 time is 9.524ms
04-13 01:15:35.463 27948 27966 I native-activity: Animating
04-13 01:15:35.472 27948 27966 I native-activity: Frame 310 GL error is 0x0
04-13 01:15:35.472 27948 27966 I native-activity: Frame 310 time is 8.587ms
04-13 01:15:35.472 27948 27966 I native-activity: Swap 310 time is 8.670ms
04-13 01:15:35.472 27948 27966 I native-activity: Animating
04-13 01:15:35.573 27948 27966 I native-activity: Frame 311 GL error is 0x501
04-13 01:15:35.573 27948 27966 I native-activity: Frame 311 time is 100.665ms
04-13 01:15:35.573 27948 27966 I native-activity: Swap 311 time is 100.753ms
04-13 01:15:35.573 27948 27966 I native-activity: Animating
04-13 01:15:35.585 27948 27966 I native-activity: Frame 312 GL error is 0x0
