04-13 00:42:29.040    81    81 I Kernel  : [45387.715658].(0)[81:bat_thread_kthr]AvgVbat=(4203),bat_vol=(4205),AvgI=(0),I=(0),VChr=(4607),AvgT=(24),T=(25),pre_SOC=(100),SOC=(100),ZCV=(4045)
04-13 00:42:29.040    81    81 I Kernel  : [45387.715744].(0)[81:bat_thread_kthr][BATTERY] support JEITA, temperature=24
04-13 00:42:29.040    81    81 I Kernel  : [45387.715769][BATTERY] Battery Normal Temperature between 10 and 45 !!
04-13 00:42:29.040    81    81 I Kernel  : [45387.715798].(0)[81:bat_thread_kthr]array_size = 51 
04-13 00:42:29.040    81    81 I Kernel  : [45387.716689].(0)[81:bat_thread_kthr]charging_reset_watch_dog_timer
04-13 00:42:29.050    82    82 I Kernel  : [45387.727764].(0)[82:mtk charger_hv_]charging_reset_watch_dog_timer
04-13 00:42:29.070 22817 22837 I native-activity: Frame 677 GL error is 0x0
04-13 00:42:29.070 22817 22837 I native-activity: Frame 677 time is 11.137ms
04-13 00:42:29.070 22817 22837 I native-activity: Doing egl_swapbuffers_sync 2
04-13 00:42:29.060    81    81 I Kernel  : [45387.738246].(0)[81:bat_thread_kthr][BATTERY] Default CC mode charging : 150000, input current = 150000
04-13 00:42:29.060    81    81 I Kernel  : [45387.738289].(0)[81:bat_thread_kthr]array_size = 8 
04-13 00:42:29.060    81    81 I Kernel  : [45387.740047].(0)[81:bat_thread_kthr]array_size = 28 
04-13 00:42:29.086 22817 22837 I native-activity: Swap 677 time is 26.882ms
04-13 00:42:29.086 22817 22837 I native-activity: Animating
04-13 00:42:29.070    81    81 I Kernel  : [45387.745715].(0)[81:bat_thread_kthr]charging_dump_register
04-13 00:42:29.070    81    81 I Kernel  : [45387.746258].(0)[81:bat_thread_kthr][bq24296_dump_register] Reg[0x0]=0x45
04-13 00:42:29.070    81    81 I Kernel  : [45387.746793].(0)[81:bat_thread_kthr][bq24296_dump_register] Reg[0x1]=0x1B
04-13 00:42:29.070    81    81 I Kernel  : [45387.747353].(0)[81:bat_thread_kthr][bq24296_dump_register] Reg[0x2]=0x3C
04-13 00:42:29.070    82    82 I Kernel  : [45387.748555].(0)[82:mtk charger_hv_]array_size = 16 
04-13 00:42:29.070    81    81 I Kernel  : [45387.750096].(0)[81:bat_thread_kthr][bq24296_dump_register] Reg[0x3]=0x30
04-13 00:42:29.070    81    81 I Kernel  : [45387.750773].(0)[81:bat_thread_kthr][bq24296_dump_register] Reg[0x4]=0xB2
04-13 00:42:29.070    81    81 I Kernel  : [45387.751411].(0)[81:bat_thread_kthr][bq24296_dump_register] Reg[0x5]=0x94
04-13 00:42:29.097 22817 22837 I native-activity: Frame 678 GL error is 0x0
04-13 00:42:29.097 22817 22837 I native-activity: Frame 678 time is 11.041ms
04-13 00:42:29.097 22817 22837 I native-activity: Doing egl_swapbuffers_sync 2
04-13 00:42:29.080    81    81 I Kernel  : [45387.754136].(0)[81:bat_thread_kthr][bq24296_dump_register] Reg[0x6]=0x73
04-13 00:42:29.080    81    81 I Kernel  : [45387.760787].(0)[81:bat_thread_kthr][bq24296_dump_register] Reg[0x7]=0x48
04-13 00:42:29.090    81    81 I Kernel  : [45387.762436].(0)[81:bat_thread_kthr][bq24296_dump_register] Reg[0x8]=0x64
04-13 00:42:29.090    81    81 I Kernel  : [45387.764361].(0)[81:bat_thread_kthr][bq24296_dump_register] Reg[0x9]=0x0
04-13 00:42:29.090    81    81 I Kernel  : [45387.764995].(0)[81:bat_thread_kthr][bq24296_dump_register] Reg[0xA]=0x20
04-13 00:42:29.090    81    81 I Kernel  : [45387.766413].(1)[81:bat_thread_kthr][100percent],UI_SOC = 99
04-13 00:42:29.090    81    81 I Kernel  : [45387.766449].(1)[81:bat_thread_kthr]UI_SOC=(100), resetBatteryMeter=(0)
04-13 00:42:29.090    81    81 I Kernel  : [45387.766740].(1)[81:bat_thread_kthr][mt_kpoc_power_off_check] , chr_vol=4607, boot_mode=0
04-13 00:42:29.105   143   315 I hwcomposer: [DPY] UEventThread::threadLoop recv change@/devices/platform/battery/power_supply/battery
04-13 00:42:29.090   139   139 I Kernel  : [45387.768529].(0)[139:healthd]healthd: battery l=100 v=4203 t=24.0 h=2 st=5 chg=u
04-13 00:42:29.114 22817 22837 I native-activity: Swap 678 time is 27.120ms
04-13 00:42:29.114 22817 22837 I native-activity: Animating
04-13 00:42:29.124 22817 22837 I native-activity: Frame 679 GL error is 0x0
04-13 00:42:29.124 22817 22837 I native-activity: Frame 679 time is 9.882ms
04-13 00:42:29.124 22817 22837 I native-activity: Doing egl_swapbuffers_sync 2
04-13 00:42:29.141 22817 22837 I native-activity: Swap 679 time is 27.330ms
04-13 00:42:29.141 22817 22837 I native-activity: Animating
04-13 00:42:29.156 22817 22837 I native-activity: Frame 680 GL error is 0x0
04-13 00:42:29.156 22817 22837 I native-activity: Frame 680 time is 14.337ms
04-13 00:42:29.156 22817 22837 I native-activity: Doing egl_swapbuffers_sync 2
04-13 00:42:29.168 22817 22837 I native-activity: Swap 680 time is 26.810ms
04-13 00:42:29.168 22817 22837 I native-activity: Animating
04-13 00:42:29.184 22817 22837 I native-activity: Frame 681 GL error is 0x0
04-13 00:42:29.184 22817 22837 I native-activity: Frame 681 time is 15.503ms
04-13 00:42:29.184 22817 22837 I native-activity: Doing egl_swapbuffers_sync 2
04-13 00:42:29.195 22817 22837 I native-activity: Swap 681 time is 26.862ms
04-13 00:42:29.195 22817 22837 I native-activity: Animating
04-13 00:42:29.214 22817 22837 I native-activity: Frame 682 GL error is 0x0
04-13 00:42:29.215 22817 22837 I native-activity: Frame 682 time is 19.003ms
04-13 00:42:29.215 22817 22837 I native-activity: Doing egl_swapbuffers_sync 2
04-13 00:42:29.223 22817 22837 I native-activity: Swap 682 time is 27.186ms
04-13 00:42:29.223 22817 22837 I native-activity: Animating
04-13 00:42:29.236 22817 22837 I native-activity: Frame 683 GL error is 0x0
04-13 00:42:29.236 22817 22837 I native-activity: Frame 683 time is 13.254ms
04-13 00:42:29.236 22817 22837 I native-activity: Doing egl_swapbuffers_sync 2
04-13 00:42:29.250 22817 22837 I native-activity: Swap 683 time is 27.302ms
04-13 00:42:29.250 22817 22837 I native-activity: Animating
04-13 00:42:29.265 22817 22837 I native-activity: Frame 684 GL error is 0x0
04-13 00:42:29.265 22817 22837 I native-activity: Frame 684 time is 14.441ms
04-13 00:42:29.265 22817 22837 I native-activity: Doing egl_swapbuffers_sync 2
04-13 00:42:29.278 22817 22837 I native-activity: Swap 684 time is 27.213ms
04-13 00:42:29.278 22817 22837 I native-activity: Animating
04-13 00:42:29.293 22817 22837 I native-activity: Frame 685 GL error is 0x0
04-13 00:42:29.293 22817 22837 I native-activity: Frame 685 time is 15.251ms
04-13 00:42:29.293 22817 22837 I native-activity: Doing egl_swapbuffers_sync 2
04-13 00:42:29.305 22817 22837 I native-activity: Swap 685 time is 27.128ms
04-13 00:42:29.305 22817 22837 I native-activity: Animating
04-13 00:42:29.319 22817 22837 I native-activity: Frame 686 GL error is 0x0
04-13 00:42:29.320 22817 22837 I native-activity: Frame 686 time is 14.430ms
04-13 00:42:29.320 22817 22837 I native-activity: Doing egl_swapbuffers_sync 2
04-13 00:42:29.332 22817 22837 I native-activity: Swap 686 time is 26.917ms
04-13 00:42:29.332 22817 22837 I native-activity: Animating
04-13 00:42:29.346 22817 22837 I native-activity: Frame 687 GL error is 0x0
04-13 00:42:29.346 22817 22837 I native-activity: Frame 687 time is 13.906ms
04-13 00:42:29.346 22817 22837 I native-activity: Doing egl_swapbuffers_sync 2
04-13 00:42:29.359 22817 22837 I native-activity: Swap 687 time is 26.846ms
04-13 00:42:29.360 22817 22837 I native-activity: Animating
04-13 00:42:29.374 22817 22837 I native-activity: Frame 688 GL error is 0x0
04-13 00:42:29.374 22817 22837 I native-activity: Frame 688 time is 14.088ms
04-13 00:42:29.374 22817 22837 I native-activity: Doing egl_swapbuffers_sync 2
04-13 00:42:29.386 22817 22837 I native-activity: Swap 688 time is 26.680ms
04-13 00:42:29.386 22817 22837 I native-activity: Animating
04-13 00:42:29.400 22817 22837 I native-activity: Frame 689 GL error is 0x0
04-13 00:42:29.400 22817 22837 I native-activity: Frame 689 time is 13.161ms
04-13 00:42:29.400 22817 22837 I native-activity: Doing egl_swapbuffers_sync 2
04-13 00:42:29.413 22817 22837 I native-activity: Swap 689 time is 26.854ms
04-13 00:42:29.414 22817 22837 I native-activity: Animating
04-13 00:42:29.432 22817 22837 I native-activity: Frame 690 GL error is 0x0
04-13 00:42:29.432 22817 22837 I native-activity: Frame 690 time is 18.363ms
04-13 00:42:29.432 22817 22837 I native-activity: Doing egl_swapbuffers_sync 2
04-13 00:42:29.441 22817 22837 I native-activity: Swap 690 time is 27.074ms
04-13 00:42:29.442 22817 22837 I native-activity: Animating
04-13 00:42:29.455 22817 22837 I native-activity: Frame 691 GL error is 0x0
04-13 00:42:29.455 22817 22837 I native-activity: Frame 691 time is 13.478ms
04-13 00:42:29.455 22817 22837 I native-activity: Doing egl_swapbuffers_sync 2
04-13 00:42:29.467 22817 22837 I native-activity: Swap 691 time is 25.212ms
04-13 00:42:29.467 22817 22837 I native-activity: Animating
04-13 00:42:29.480 22817 22837 I native-activity: Frame 692 GL error is 0x0
04-13 00:42:29.481 22817 22837 I native-activity: Frame 692 time is 13.118ms
04-13 00:42:29.481 22817 22837 I native-activity: Doing egl_swapbuffers_sync 2
04-13 00:42:29.494 22817 22837 I native-activity: Swap 692 time is 26.328ms
04-13 00:42:29.494 22817 22837 I native-activity: Animating
04-13 00:42:29.507 22817 22837 I native-activity: Frame 693 GL error is 0x0
04-13 00:42:29.507 22817 22837 I native-activity: Frame 693 time is 12.981ms
04-13 00:42:29.507 22817 22837 I native-activity: Doing egl_swapbuffers_sync 2
04-13 00:42:29.520 22817 22837 I native-activity: Swap 693 time is 26.441ms
04-13 00:42:29.521 22817 22837 I native-activity: Animating
04-13 00:42:29.534 22817 22837 I native-activity: Frame 694 GL error is 0x0
04-13 00:42:29.534 22817 22837 I native-activity: Frame 694 time is 13.041ms
04-13 00:42:29.534 22817 22837 I native-activity: Doing egl_swapbuffers_sync 2
04-13 00:42:29.547 22817 22837 I native-activity: Swap 694 time is 26.390ms
04-13 00:42:29.547 22817 22837 I native-activity: Animating
04-13 00:42:29.556 22817 22837 I native-activity: Frame 695 GL error is 0x0
04-13 00:42:29.556 22817 22837 I native-activity: Frame 695 time is 8.600ms
04-13 00:42:29.556 22817 22837 I native-activity: Doing egl_swapbuffers_sync 2
04-13 00:42:29.574 22817 22837 I native-activity: Swap 695 time is 26.586ms
04-13 00:42:29.574 22817 22837 I native-activity: Animating
04-13 00:42:29.584 22817 22837 I native-activity: Frame 696 GL error is 0x0
04-13 00:42:29.584 22817 22837 I native-activity: Frame 696 time is 9.825ms
04-13 00:42:29.584 22817 22837 I native-activity: Doing egl_swapbuffers_sync 2
04-13 00:42:29.601 22817 22837 I native-activity: Swap 696 time is 26.519ms
04-13 00:42:29.601 22817 22837 I native-activity: Animating
04-13 00:42:29.610 22817 22837 I native-activity: Frame 697 GL error is 0x0
04-13 00:42:29.610 22817 22837 I native-activity: Frame 697 time is 8.586ms
04-13 00:42:29.610 22817 22837 I native-activity: Doing egl_swapbuffers_sync 2
04-13 00:42:29.627 22817 22837 I native-activity: Swap 697 time is 26.175ms
04-13 00:42:29.628 22817 22837 I native-activity: Animating
04-13 00:42:29.636 22817 22837 I native-activity: Frame 698 GL error is 0x0
04-13 00:42:29.636 22817 22837 I native-activity: Frame 698 time is 8.612ms
04-13 00:42:29.636 22817 22837 I native-activity: Doing egl_swapbuffers_sync 2
04-13 00:42:29.654 22817 22837 I native-activity: Swap 698 time is 26.401ms
04-13 00:42:29.654 22817 22837 I native-activity: Animating
04-13 00:42:29.663 22817 22837 I native-activity: Frame 699 GL error is 0x0
04-13 00:42:29.663 22817 22837 I native-activity: Frame 699 time is 9.071ms
04-13 00:42:29.663 22817 22837 I native-activity: Doing egl_swapbuffers_sync 2
04-13 00:42:29.681 22817 22837 I native-activity: Swap 699 time is 26.938ms
04-13 00:42:29.681 22817 22837 I native-activity: Animating
04-13 00:42:29.692 22817 22837 I native-activity: Frame 700 GL error is 0x0
04-13 00:42:29.692 22817 22837 I native-activity: Frame 700 time is 10.270ms
04-13 00:42:29.692 22817 22837 I native-activity: Doing egl_swapbuffers_sync 2
04-13 00:42:29.708 22817 22837 I native-activity: Swap 700 time is 26.487ms
04-13 00:42:29.708 22817 22837 I native-activity: Animating
04-13 00:42:29.719 22817 22837 I native-activity: Frame 701 GL error is 0x0
04-13 00:42:29.719 22817 22837 I native-activity: Frame 701 time is 10.628ms
04-13 00:42:29.719 22817 22837 I native-activity: Doing egl_swapbuffers_sync 2
04-13 00:42:29.735 22817 22837 I native-activity: Swap 701 time is 26.699ms
04-13 00:42:29.735 22817 22837 I native-activity: Animating
04-13 00:42:29.746 22817 22837 I native-activity: Frame 702 GL error is 0x0
04-13 00:42:29.746 22817 22837 I native-activity: Frame 702 time is 10.793ms
04-13 00:42:29.746 22817 22837 I native-activity: Doing egl_swapbuffers_sync 2
04-13 00:42:29.762 22817 22837 I native-activity: Swap 702 time is 26.898ms
04-13 00:42:29.762 22817 22837 I native-activity: Animating
04-13 00:42:29.772 22817 22837 I native-activity: Frame 703 GL error is 0x0
04-13 00:42:29.772 22817 22837 I native-activity: Frame 703 time is 9.999ms
04-13 00:42:29.772 22817 22837 I native-activity: Doing egl_swapbuffers_sync 2
04-13 00:42:29.789 22817 22837 I native-activity: Swap 703 time is 26.913ms
04-13 00:42:29.789 22817 22837 I native-activity: Animating
04-13 00:42:29.799 22817 22837 I native-activity: Frame 704 GL error is 0x0
04-13 00:42:29.800 22817 22837 I native-activity: Frame 704 time is 9.833ms
04-13 00:42:29.800 22817 22837 I native-activity: Doing egl_swapbuffers_sync 2
04-13 00:42:29.817 22817 22837 I native-activity: Swap 704 time is 26.993ms
04-13 00:42:29.817 22817 22837 I native-activity: Animating
04-13 00:42:29.829 22817 22837 I native-activity: Frame 705 GL error is 0x0
04-13 00:42:29.829 22817 22837 I native-activity: Frame 705 time is 11.919ms
04-13 00:42:29.829 22817 22837 I native-activity: Doing egl_swapbuffers_sync 2
04-13 00:42:29.844 22817 22837 I native-activity: Swap 705 time is 27.194ms
04-13 00:42:29.844 22817 22837 I native-activity: Animating
04-13 00:42:29.855 22817 22837 I native-activity: Frame 706 GL error is 0x0
04-13 00:42:29.855 22817 22837 I native-activity: Frame 706 time is 10.898ms
04-13 00:42:29.855 22817 22837 I native-activity: Doing egl_swapbuffers_sync 2
04-13 00:42:29.871 22817 22837 I native-activity: Swap 706 time is 27.259ms
04-13 00:42:29.872 22817 22837 I native-activity: Animating
04-13 00:42:29.884 22817 22837 I native-activity: Frame 707 GL error is 0x0
04-13 00:42:29.884 22817 22837 I native-activity: Frame 707 time is 12.162ms
04-13 00:42:29.884 22817 22837 I native-activity: Doing egl_swapbuffers_sync 2
04-13 00:42:29.899 22817 22837 I native-activity: Swap 707 time is 27.215ms
04-13 00:42:29.899 22817 22837 I native-activity: Animating
04-13 00:42:29.910 22817 22837 I native-activity: Frame 708 GL error is 0x0
04-13 00:42:29.910 22817 22837 I native-activity: Frame 708 time is 10.847ms
04-13 00:42:29.910 22817 22837 I native-activity: Doing egl_swapbuffers_sync 2
04-13 00:42:29.927 22817 22837 I native-activity: Swap 708 time is 27.522ms
04-13 00:42:29.927 22817 22837 I native-activity: Animating
04-13 00:42:29.938 22817 22837 I native-activity: Frame 709 GL error is 0x0
04-13 00:42:29.938 22817 22837 I native-activity: Frame 709 time is 11.183ms
04-13 00:42:29.938 22817 22837 I native-activity: Doing egl_swapbuffers_sync 2
04-13 00:42:29.955 22817 22837 I native-activity: Swap 709 time is 27.636ms
04-13 00:42:29.955 22817 22837 I native-activity: Animating
04-13 00:42:29.967 22817 22837 I native-activity: Frame 710 GL error is 0x0
04-13 00:42:29.967 22817 22837 I native-activity: Frame 710 time is 12.480ms
04-13 00:42:29.967 22817 22837 I native-activity: Doing egl_swapbuffers_sync 2
04-13 00:42:29.982 22817 22837 I native-activity: Swap 710 time is 27.393ms
04-13 00:42:29.982 22817 22837 I native-activity: Animating
04-13 00:42:29.994 22817 22837 I native-activity: Frame 711 GL error is 0x0
04-13 00:42:29.994 22817 22837 I native-activity: Frame 711 time is 12.041ms
04-13 00:42:29.994 22817 22837 I native-activity: Doing egl_swapbuffers_sync 2
04-13 00:42:30.010 22817 22837 I native-activity: Swap 711 time is 27.763ms
04-13 00:42:30.010 22817 22837 I native-activity: Animating
04-13 00:42:30.028 22817 22837 I native-activity: Frame 712 GL error is 0x0
04-13 00:42:30.028 22817 22837 I native-activity: Frame 712 time is 18.084ms
04-13 00:42:30.029 22817 22837 I native-activity: Doing egl_swapbuffers_sync 2
04-13 00:42:30.038 22817 22837 I native-activity: Swap 712 time is 27.250ms
04-13 00:42:30.038 22817 22837 I native-activity: Animating
04-13 00:42:30.057 22817 22837 I native-activity: Frame 713 GL error is 0x0
04-13 00:42:30.057 22817 22837 I native-activity: Frame 713 time is 18.909ms
04-13 00:42:30.057 22817 22837 I native-activity: Doing egl_swapbuffers_sync 2
04-13 00:42:30.065 22817 22837 I native-activity: Swap 713 time is 27.327ms
04-13 00:42:30.065 22817 22837 I native-activity: Animating
04-13 00:42:30.085 22817 22837 I native-activity: Frame 714 GL error is 0x0
04-13 00:42:30.085 22817 22837 I native-activity: Frame 714 time is 19.578ms
04-13 00:42:30.085 22817 22837 I native-activity: Doing egl_swapbuffers_sync 2
04-13 00:42:30.070    82    82 I Kernel  : [45388.748737].(0)[82:mtk charger_hv_]charging_reset_watch_dog_timer
04-13 00:42:30.070    82    82 I Kernel  : [45388.749695].(0)[82:mtk charger_hv_]array_size = 16 
04-13 00:42:30.093 22817 22837 I native-activity: Swap 714 time is 27.158ms
04-13 00:42:30.093 22817 22837 I native-activity: Animating
04-13 00:42:30.113 22817 22837 I native-activity: Frame 715 GL error is 0x0
04-13 00:42:30.113 22817 22837 I native-activity: Frame 715 time is 19.837ms
04-13 00:42:30.113 22817 22837 I native-activity: Doing egl_swapbuffers_sync 2
04-13 00:42:30.120 22817 22837 I native-activity: Swap 715 time is 27.176ms
04-13 00:42:30.120 22817 22837 I native-activity: Animating
04-13 00:42:30.139 22817 22837 I native-activity: Frame 716 GL error is 0x0
04-13 00:42:30.140 22817 22837 I native-activity: Frame 716 time is 19.239ms
04-13 00:42:30.140 22817 22837 I native-activity: Doing egl_swapbuffers_sync 2
04-13 00:42:30.147 22817 22837 I native-activity: Swap 716 time is 26.915ms
04-13 00:42:30.147 22817 22837 I native-activity: Animating
04-13 00:42:30.167 22817 22837 I native-activity: Frame 717 GL error is 0x0
04-13 00:42:30.167 22817 22837 I native-activity: Frame 717 time is 20.013ms
04-13 00:42:30.168 22817 22837 I native-activity: Doing egl_swapbuffers_sync 2
04-13 00:42:30.174 22817 22837 I native-activity: Swap 717 time is 26.770ms
04-13 00:42:30.174 22817 22837 I native-activity: Animating
04-13 00:42:30.193 22817 22837 I native-activity: Frame 718 GL error is 0x0
04-13 00:42:30.193 22817 22837 I native-activity: Frame 718 time is 18.175ms
04-13 00:42:30.193 22817 22837 I native-activity: Doing egl_swapbuffers_sync 2
04-13 00:42:30.201 22817 22837 I native-activity: Swap 718 time is 26.988ms
04-13 00:42:30.202 22817 22837 I native-activity: Animating
04-13 00:42:30.220 22817 22837 I native-activity: Frame 719 GL error is 0x0
04-13 00:42:30.220 22817 22837 I native-activity: Frame 719 time is 17.969ms
04-13 00:42:30.220 22817 22837 I native-activity: Doing egl_swapbuffers_sync 2
04-13 00:42:30.229 22817 22837 I native-activity: Swap 719 time is 27.218ms
04-13 00:42:30.229 22817 22837 I native-activity: Animating
04-13 00:42:30.247 22817 22837 I native-activity: Frame 720 GL error is 0x0
04-13 00:42:30.247 22817 22837 I native-activity: Frame 720 time is 17.513ms
04-13 00:42:30.247 22817 22837 I native-activity: Doing egl_swapbuffers_sync 2
04-13 00:42:30.257 22817 22837 I native-activity: Swap 720 time is 27.551ms
04-13 00:42:30.257 22817 22837 I native-activity: Animating
04-13 00:42:30.274 22817 22837 I native-activity: Frame 721 GL error is 0x0
04-13 00:42:30.275 22817 22837 I native-activity: Frame 721 time is 17.608ms
04-13 00:42:30.275 22817 22837 I native-activity: Doing egl_swapbuffers_sync 2
04-13 00:42:30.285 22817 22837 I native-activity: Swap 721 time is 28.097ms
04-13 00:42:30.285 22817 22837 I native-activity: Animating
04-13 00:42:30.302 22817 22837 I native-activity: Frame 722 GL error is 0x0
04-13 00:42:30.302 22817 22837 I native-activity: Frame 722 time is 16.571ms
04-13 00:42:30.302 22817 22837 I native-activity: Doing egl_swapbuffers_sync 2
04-13 00:42:30.312 22817 22837 I native-activity: Swap 722 time is 26.749ms
04-13 00:42:30.312 22817 22837 I native-activity: Animating
04-13 00:42:30.330 22817 22837 I native-activity: Frame 723 GL error is 0x0
04-13 00:42:30.330 22817 22837 I native-activity: Frame 723 time is 17.507ms
04-13 00:42:30.330 22817 22837 I native-activity: Doing egl_swapbuffers_sync 2
04-13 00:42:30.340 22817 22837 I native-activity: Swap 723 time is 27.450ms
04-13 00:42:30.340 22817 22837 I native-activity: Animating
04-13 00:42:30.356 22817 22837 I native-activity: Frame 724 GL error is 0x0
04-13 00:42:30.356 22817 22837 I native-activity: Frame 724 time is 16.342ms
04-13 00:42:30.356 22817 22837 I native-activity: Doing egl_swapbuffers_sync 2
04-13 00:42:30.367 22817 22837 I native-activity: Swap 724 time is 27.497ms
04-13 00:42:30.368 22817 22837 I native-activity: Animating
04-13 00:42:30.394 22817 22837 I native-activity: Frame 725 GL error is 0x0
04-13 00:42:30.394 22817 22837 I native-activity: Frame 725 time is 26.731ms
04-13 00:42:30.394 22817 22837 I native-activity: Doing egl_swapbuffers_sync 2
04-13 00:42:30.395 22817 22837 I native-activity: Swap 725 time is 27.724ms
04-13 00:42:30.396 22817 22837 I native-activity: Animating
04-13 00:42:30.412 22817 22837 I native-activity: Frame 726 GL error is 0x0
04-13 00:42:30.413 22817 22837 I native-activity: Frame 726 time is 16.935ms
04-13 00:42:30.413 22817 22837 I native-activity: Doing egl_swapbuffers_sync 2
04-13 00:42:30.423 22817 22837 I native-activity: Swap 726 time is 27.327ms
04-13 00:42:30.423 22817 22837 I native-activity: Animating
04-13 00:42:30.443 22817 22837 I native-activity: Frame 727 GL error is 0x0
04-13 00:42:30.443 22817 22837 I native-activity: Frame 727 time is 19.546ms
04-13 00:42:30.443 22817 22837 I native-activity: Doing egl_swapbuffers_sync 2
04-13 00:42:30.451 22817 22837 I native-activity: Swap 727 time is 27.536ms
04-13 00:42:30.451 22817 22837 I native-activity: Animating
04-13 00:42:30.470 22817 22837 I native-activity: Frame 728 GL error is 0x0
04-13 00:42:30.470 22817 22837 I native-activity: Frame 728 time is 19.137ms
04-13 00:42:30.470 22817 22837 I native-activity: Doing egl_swapbuffers_sync 2
04-13 00:42:30.478 22817 22837 I native-activity: Swap 728 time is 26.993ms
04-13 00:42:30.478 22817 22837 I native-activity: Animating
04-13 00:42:30.488 22817 22837 I native-activity: Frame 729 GL error is 0x0
04-13 00:42:30.489 22817 22837 I native-activity: Frame 729 time is 10.134ms
04-13 00:42:30.489 22817 22837 I native-activity: Doing egl_swapbuffers_sync 2
04-13 00:42:30.507 22817 22837 I native-activity: Swap 729 time is 28.112ms
04-13 00:42:30.507 22817 22837 I native-activity: Animating
04-13 00:42:30.517 22817 22837 I native-activity: Frame 730 GL error is 0x0
04-13 00:42:30.517 22817 22837 I native-activity: Frame 730 time is 10.040ms
04-13 00:42:30.517 22817 22837 I native-activity: Doing egl_swapbuffers_sync 2
04-13 00:42:30.535 22817 22837 I native-activity: Swap 730 time is 28.178ms
04-13 00:42:30.535 22817 22837 I native-activity: Animating
04-13 00:42:30.520 22817 22837 I Kernel  : [45389.197482]-(0)[22837:Thread-7307]dpi vsync
04-13 00:42:30.553 22817 22837 I native-activity: Frame 731 GL error is 0x0
04-13 00:42:30.553 22817 22837 I native-activity: Frame 731 time is 18.330ms
04-13 00:42:30.553 22817 22837 I native-activity: Doing egl_swapbuffers_sync 2
04-13 00:42:30.563 22817 22837 I native-activity: Swap 731 time is 27.697ms
04-13 00:42:30.563 22817 22837 I native-activity: Animating
04-13 00:42:30.587 22817 22837 I native-activity: Frame 732 GL error is 0x0
04-13 00:42:30.587 22817 22837 I native-activity: Frame 732 time is 24.245ms
04-13 00:42:30.587 22817 22837 I native-activity: Doing egl_swapbuffers_sync 2
04-13 00:42:30.591 22817 22837 I native-activity: Swap 732 time is 27.904ms
04-13 00:42:30.591 22817 22837 I native-activity: Animating
04-13 00:42:30.600 22817 22837 I native-activity: Frame 733 GL error is 0x0
04-13 00:42:30.600 22817 22837 I native-activity: Frame 733 time is 8.794ms
04-13 00:42:30.600 22817 22837 I native-activity: Doing egl_swapbuffers_sync 2
04-13 00:42:30.619 22817 22837 I native-activity: Swap 733 time is 27.671ms
04-13 00:42:30.619 22817 22837 I native-activity: Animating
04-13 00:42:30.628 22817 22837 I native-activity: Frame 734 GL error is 0x0
04-13 00:42:30.628 22817 22837 I native-activity: Frame 734 time is 8.816ms
04-13 00:42:30.628 22817 22837 I native-activity: Doing egl_swapbuffers_sync 2
04-13 00:42:30.647 22817 22837 I native-activity: Swap 734 time is 27.632ms
04-13 00:42:30.647 22817 22837 I native-activity: Animating
04-13 00:42:30.657 22817 22837 I native-activity: Frame 735 GL error is 0x0
04-13 00:42:30.657 22817 22837 I native-activity: Frame 735 time is 10.551ms
04-13 00:42:30.657 22817 22837 I native-activity: Doing egl_swapbuffers_sync 2
04-13 00:42:30.674 22817 22837 I native-activity: Swap 735 time is 27.770ms
04-13 00:42:30.675 22817 22837 I native-activity: Animating
04-13 00:42:30.686 22817 22837 I native-activity: Frame 736 GL error is 0x0
04-13 00:42:30.686 22817 22837 I native-activity: Frame 736 time is 11.797ms
04-13 00:42:30.686 22817 22837 I native-activity: Doing egl_swapbuffers_sync 2
04-13 00:42:30.703 22817 22837 I native-activity: Swap 736 time is 27.958ms
04-13 00:42:30.703 22817 22837 I native-activity: Animating
04-13 00:42:30.720 22817 22837 I native-activity: Frame 737 GL error is 0x0
04-13 00:42:30.720 22817 22837 I native-activity: Frame 737 time is 17.316ms
04-13 00:42:30.720 22817 22837 I native-activity: Doing egl_swapbuffers_sync 2
04-13 00:42:30.731 22817 22837 I native-activity: Swap 737 time is 28.492ms
04-13 00:42:30.731 22817 22837 I native-activity: Animating
04-13 00:42:30.749 22817 22837 I native-activity: Frame 738 GL error is 0x0
04-13 00:42:30.750 22817 22837 I native-activity: Frame 738 time is 18.051ms
04-13 00:42:30.750 22817 22837 I native-activity: Doing egl_swapbuffers_sync 2
04-13 00:42:30.760 22817 22837 I native-activity: Swap 738 time is 27.896ms
04-13 00:42:30.760 22817 22837 I native-activity: Animating
04-13 00:42:30.778 22817 22837 I native-activity: Frame 739 GL error is 0x0
04-13 00:42:30.778 22817 22837 I native-activity: Frame 739 time is 17.627ms
04-13 00:42:30.778 22817 22837 I native-activity: Doing egl_swapbuffers_sync 2
04-13 00:42:30.788 22817 22837 I native-activity: Swap 739 time is 27.276ms
04-13 00:42:30.788 22817 22837 I native-activity: Animating
04-13 00:42:30.805 22817 22837 I native-activity: Frame 740 GL error is 0x0
04-13 00:42:30.805 22817 22837 I native-activity: Frame 740 time is 17.056ms
04-13 00:42:30.805 22817 22837 I native-activity: Doing egl_swapbuffers_sync 2
04-13 00:42:30.816 22817 22837 I native-activity: Swap 740 time is 28.369ms
04-13 00:42:30.816 22817 22837 I native-activity: Animating
04-13 00:42:30.842 22817 22837 I native-activity: Frame 741 GL error is 0x0
04-13 00:42:30.842 22817 22837 I native-activity: Frame 741 time is 25.389ms
04-13 00:42:30.842 22817 22837 I native-activity: Doing egl_swapbuffers_sync 2
04-13 00:42:30.845 22817 22837 I native-activity: Swap 741 time is 28.287ms
04-13 00:42:30.845 22817 22837 I native-activity: Animating
04-13 00:42:30.881 22817 22837 I native-activity: Frame 742 GL error is 0x0
04-13 00:42:30.881 22817 22837 I native-activity: Frame 742 time is 36.331ms
04-13 00:42:30.881 22817 22837 I native-activity: Doing egl_swapbuffers_sync 2
04-13 00:42:30.882 22817 22837 I native-activity: Swap 742 time is 36.843ms
04-13 00:42:30.882 22817 22837 I native-activity: Animating
04-13 00:42:30.897 22817 22837 I native-activity: Frame 743 GL error is 0x0
04-13 00:42:30.897 22817 22837 I native-activity: Frame 743 time is 15.277ms
04-13 00:42:30.897 22817 22837 I native-activity: Doing egl_swapbuffers_sync 2
04-13 00:42:30.901 22817 22837 I native-activity: Swap 743 time is 19.224ms
04-13 00:42:30.901 22817 22837 I native-activity: Animating
04-13 00:42:30.912 22817 22837 I native-activity: Frame 744 GL error is 0x0
04-13 00:42:30.912 22817 22837 I native-activity: Frame 744 time is 10.908ms
04-13 00:42:30.912 22817 22837 I native-activity: Doing egl_swapbuffers_sync 2
04-13 00:42:30.929 22817 22837 I native-activity: Swap 744 time is 27.933ms
04-13 00:42:30.930 22817 22837 I native-activity: Animating
04-13 00:42:30.940 22817 22837 I native-activity: Frame 745 GL error is 0x0
04-13 00:42:30.940 22817 22837 I native-activity: Frame 745 time is 10.845ms
04-13 00:42:30.940 22817 22837 I native-activity: Doing egl_swapbuffers_sync 2
04-13 00:42:30.930  2159  2159 I Kernel  : [45389.603390].(0)[2159:wpa_supplicant]poorlink get state G(361649)F(49)dbad(0)dretry(0)LT(540)RT(-78)W(0)(12225)
04-13 00:42:30.930  2137  2137 I Kernel  : [45389.604239][wlan] nicTxReleaseResource: (TX STATE)
04-13 00:42:30.930  2137  2137 I Kernel  : Release: TC4 count 1, Free=4; TC5 count 0, Free=4
04-13 00:42:30.958 22817 22837 I native-activity: Swap 745 time is 28.065ms
04-13 00:42:30.958 22817 22837 I native-activity: Animating
04-13 00:42:30.970 22817 22837 I native-activity: Frame 746 GL error is 0x0
04-13 00:42:30.970 22817 22837 I native-activity: Frame 746 time is 11.822ms
04-13 00:42:30.970 22817 22837 I native-activity: Doing egl_swapbuffers_sync 2
04-13 00:42:30.985 22817 22837 I native-activity: Swap 746 time is 27.414ms
04-13 00:42:30.985 22817 22837 I native-activity: Animating
04-13 00:42:30.998 22817 22837 I native-activity: Frame 747 GL error is 0x0
04-13 00:42:30.998 22817 22837 I native-activity: Frame 747 time is 12.490ms
04-13 00:42:30.998 22817 22837 I native-activity: Doing egl_swapbuffers_sync 2
04-13 00:42:31.013 22817 22837 I native-activity: Swap 747 time is 27.367ms
04-13 00:42:31.013 22817 22837 I native-activity: Animating
04-13 00:42:31.029 22817 22837 I native-activity: Frame 748 GL error is 0x0
04-13 00:42:31.029 22817 22837 I native-activity: Frame 748 time is 16.165ms
04-13 00:42:31.029 22817 22837 I native-activity: Doing egl_swapbuffers_sync 2
04-13 00:42:31.040 22817 22837 I native-activity: Swap 748 time is 27.222ms
04-13 00:42:31.040 22817 22837 I native-activity: Animating
04-13 00:42:31.058 22817 22837 I native-activity: Frame 749 GL error is 0x0
04-13 00:42:31.058 22817 22837 I native-activity: Frame 749 time is 17.509ms
04-13 00:42:31.058 22817 22837 I native-activity: Doing egl_swapbuffers_sync 2
04-13 00:42:31.068 22817 22837 I native-activity: Swap 749 time is 27.316ms
04-13 00:42:31.068 22817 22837 I native-activity: Animating
04-13 00:42:31.087 22817 22837 I native-activity: Frame 750 GL error is 0x0
04-13 00:42:31.087 22817 22837 I native-activity: Frame 750 time is 19.395ms
04-13 00:42:31.087 22817 22837 I native-activity: Doing egl_swapbuffers_sync 2
04-13 00:42:31.070    82    82 I Kernel  : [45389.750138].(0)[82:mtk charger_hv_]charging_reset_watch_dog_timer
04-13 00:42:31.070    82    82 I Kernel  : [45389.751093].(0)[82:mtk charger_hv_]array_size = 16 
04-13 00:42:31.095 22817 22837 I native-activity: Swap 750 time is 27.372ms
04-13 00:42:31.095 22817 22837 I native-activity: Animating
04-13 00:42:31.125 22817 22837 I native-activity: Frame 751 GL error is 0x0
04-13 00:42:31.125 22817 22837 I native-activity: Frame 751 time is 29.493ms
04-13 00:42:31.125 22817 22837 I native-activity: Doing egl_swapbuffers_sync 2
04-13 00:42:31.125 22817 22837 I native-activity: Swap 751 time is 29.995ms
04-13 00:42:31.126 22817 22837 I native-activity: Animating
04-13 00:42:31.139 22817 22837 I native-activity: Frame 752 GL error is 0x0
04-13 00:42:31.139 22817 22837 I native-activity: Frame 752 time is 13.232ms
04-13 00:42:31.139 22817 22837 I native-activity: Doing egl_swapbuffers_sync 2
04-13 00:42:31.151 22817 22837 I native-activity: Swap 752 time is 25.072ms
04-13 00:42:31.151 22817 22837 I native-activity: Animating
04-13 00:42:31.161 22817 22837 I native-activity: Frame 753 GL error is 0x0
04-13 00:42:31.161 22817 22837 I native-activity: Frame 753 time is 9.742ms
04-13 00:42:31.161 22817 22837 I native-activity: Doing egl_swapbuffers_sync 2
04-13 00:42:31.179 22817 22837 I native-activity: Swap 753 time is 28.126ms
04-13 00:42:31.179 22817 22837 I native-activity: Animating
04-13 00:42:31.189 22817 22837 I native-activity: Frame 754 GL error is 0x0
04-13 00:42:31.189 22817 22837 I native-activity: Frame 754 time is 9.448ms
04-13 00:42:31.189 22817 22837 I native-activity: Doing egl_swapbuffers_sync 2
04-13 00:42:31.207 22817 22837 I native-activity: Swap 754 time is 27.386ms
04-13 00:42:31.207 22817 22837 I native-activity: Animating
04-13 00:42:31.216 22817 22837 I native-activity: Frame 755 GL error is 0x0
04-13 00:42:31.216 22817 22837 I native-activity: Frame 755 time is 9.010ms
04-13 00:42:31.216 22817 22837 I native-activity: Doing egl_swapbuffers_sync 2
04-13 00:42:31.234 22817 22837 I native-activity: Swap 755 time is 26.928ms
04-13 00:42:31.234 22817 22837 I native-activity: Animating
04-13 00:42:31.249 22817 22837 I native-activity: Frame 756 GL error is 0x0
04-13 00:42:31.249 22817 22837 I native-activity: Frame 756 time is 15.025ms
04-13 00:42:31.249 22817 22837 I native-activity: Doing egl_swapbuffers_sync 2
04-13 00:42:31.260 22817 22837 I native-activity: Swap 756 time is 26.606ms
04-13 00:42:31.261 22817 22837 I native-activity: Animating
04-13 00:42:31.276 22817 22837 I native-activity: Frame 757 GL error is 0x0
04-13 00:42:31.276 22817 22837 I native-activity: Frame 757 time is 15.480ms
04-13 00:42:31.276 22817 22837 I native-activity: Doing egl_swapbuffers_sync 2
04-13 00:42:31.287 22817 22837 I native-activity: Swap 757 time is 26.389ms
04-13 00:42:31.287 22817 22837 I native-activity: Animating
04-13 00:42:31.303 22817 22837 I native-activity: Frame 758 GL error is 0x0
04-13 00:42:31.303 22817 22837 I native-activity: Frame 758 time is 15.588ms
04-13 00:42:31.303 22817 22837 I native-activity: Doing egl_swapbuffers_sync 2
04-13 00:42:31.314 22817 22837 I native-activity: Swap 758 time is 26.224ms
04-13 00:42:31.314 22817 22837 I native-activity: Animating
04-13 00:42:31.332 22817 22837 I native-activity: Frame 759 GL error is 0x0
04-13 00:42:31.332 22817 22837 I native-activity: Frame 759 time is 18.559ms
04-13 00:42:31.332 22817 22837 I native-activity: Doing egl_swapbuffers_sync 2
04-13 00:42:31.340 22817 22837 I native-activity: Swap 759 time is 26.414ms
04-13 00:42:31.340 22817 22837 I native-activity: Animating
04-13 00:42:31.358 22817 22837 I native-activity: Frame 760 GL error is 0x0
04-13 00:42:31.359 22817 22837 I native-activity: Frame 760 time is 18.103ms
04-13 00:42:31.359 22817 22837 I native-activity: Doing egl_swapbuffers_sync 2
04-13 00:42:31.367 22817 22837 I native-activity: Swap 760 time is 26.693ms
04-13 00:42:31.367 22817 22837 I native-activity: Animating
04-13 00:42:31.396 22817 22837 I native-activity: Frame 761 GL error is 0x0
04-13 00:42:31.396 22817 22837 I native-activity: Frame 761 time is 28.892ms
04-13 00:42:31.396 22817 22837 I native-activity: Doing egl_swapbuffers_sync 2
04-13 00:42:31.397 22817 22837 I native-activity: Swap 761 time is 29.464ms
04-13 00:42:31.397 22817 22837 I native-activity: Animating
04-13 00:42:31.419 22817 22837 I native-activity: Frame 762 GL error is 0x0
04-13 00:42:31.419 22817 22837 I native-activity: Frame 762 time is 21.597ms
04-13 00:42:31.419 22817 22837 I native-activity: Doing egl_swapbuffers_sync 2
04-13 00:42:31.422 22817 22837 I native-activity: Swap 762 time is 24.522ms
04-13 00:42:31.422 22817 22837 I native-activity: Animating
04-13 00:42:31.433 22817 22837 I native-activity: Frame 763 GL error is 0x0
04-13 00:42:31.433 22817 22837 I native-activity: Frame 763 time is 10.942ms
04-13 00:42:31.433 22817 22837 I native-activity: Doing egl_swapbuffers_sync 2
04-13 00:42:31.449 22817 22837 I native-activity: Swap 763 time is 27.177ms
04-13 00:42:31.449 22817 22837 I native-activity: Animating
04-13 00:42:31.462 22817 22837 I native-activity: Frame 764 GL error is 0x0
04-13 00:42:31.462 22817 22837 I native-activity: Frame 764 time is 13.097ms
04-13 00:42:31.462 22817 22837 I native-activity: Doing egl_swapbuffers_sync 2
04-13 00:42:31.476 22817 22837 I native-activity: Swap 764 time is 27.102ms
04-13 00:42:31.476 22817 22837 I native-activity: Animating
04-13 00:42:31.492 22817 22837 I native-activity: Frame 765 GL error is 0x0
04-13 00:42:31.492 22817 22837 I native-activity: Frame 765 time is 15.956ms
04-13 00:42:31.492 22817 22837 I native-activity: Doing egl_swapbuffers_sync 2
04-13 00:42:31.504 22817 22837 I native-activity: Swap 765 time is 27.215ms
04-13 00:42:31.504 22817 22837 I native-activity: Animating
04-13 00:42:31.524 22817 22837 I native-activity: Frame 766 GL error is 0x0
04-13 00:42:31.524 22817 22837 I native-activity: Frame 766 time is 20.125ms
04-13 00:42:31.524 22817 22837 I native-activity: Doing egl_swapbuffers_sync 2
04-13 00:42:31.530 22817 22837 I native-activity: Swap 766 time is 26.500ms
04-13 00:42:31.530 22817 22837 I native-activity: Animating
04-13 00:42:31.550 22817 22837 I native-activity: Frame 767 GL error is 0x0
04-13 00:42:31.550 22817 22837 I native-activity: Frame 767 time is 19.494ms
04-13 00:42:31.550 22817 22837 I native-activity: Doing egl_swapbuffers_sync 2
04-13 00:42:31.557 22817 22837 I native-activity: Swap 767 time is 26.836ms
04-13 00:42:31.557 22817 22837 I native-activity: Animating
04-13 00:42:31.577 22817 22837 I native-activity: Frame 768 GL error is 0x0
04-13 00:42:31.577 22817 22837 I native-activity: Frame 768 time is 19.969ms
04-13 00:42:31.577 22817 22837 I native-activity: Doing egl_swapbuffers_sync 2
04-13 00:42:31.585 22817 22837 I native-activity: Swap 768 time is 27.464ms
04-13 00:42:31.585 22817 22837 I native-activity: Animating
04-13 00:42:31.603 22817 22837 I native-activity: Frame 769 GL error is 0x0
04-13 00:42:31.603 22817 22837 I native-activity: Frame 769 time is 18.114ms
04-13 00:42:31.603 22817 22837 I native-activity: Doing egl_swapbuffers_sync 2
04-13 00:42:31.613 22817 22837 I native-activity: Swap 769 time is 27.802ms
04-13 00:42:31.613 22817 22837 I native-activity: Animating
04-13 00:42:31.631 22817 22837 I native-activity: Frame 770 GL error is 0x0
04-13 00:42:31.631 22817 22837 I native-activity: Frame 770 time is 17.837ms
04-13 00:42:31.631 22817 22837 I native-activity: Doing egl_swapbuffers_sync 2
04-13 00:42:31.641 22817 22837 I native-activity: Swap 770 time is 27.811ms
04-13 00:42:31.641 22817 22837 I native-activity: Animating
04-13 00:42:31.663 22817 22837 I native-activity: Frame 771 GL error is 0x0
04-13 00:42:31.663 22817 22837 I native-activity: Frame 771 time is 21.710ms
04-13 00:42:31.663 22817 22837 I native-activity: Doing egl_swapbuffers_sync 2
04-13 00:42:31.669 22817 22837 I native-activity: Swap 771 time is 27.807ms
04-13 00:42:31.669 22817 22837 I native-activity: Animating
04-13 00:42:31.687 22817 22837 I native-activity: Frame 772 GL error is 0x0
04-13 00:42:31.687 22817 22837 I native-activity: Frame 772 time is 17.694ms
04-13 00:42:31.687 22817 22837 I native-activity: Doing egl_swapbuffers_sync 2
04-13 00:42:31.697 22817 22837 I native-activity: Swap 772 time is 27.585ms
04-13 00:42:31.697 22817 22837 I native-activity: Animating
04-13 00:42:31.713 22817 22837 I native-activity: Frame 773 GL error is 0x0
04-13 00:42:31.713 22817 22837 I native-activity: Frame 773 time is 16.444ms
04-13 00:42:31.713 22817 22837 I native-activity: Doing egl_swapbuffers_sync 2
04-13 00:42:31.724 22817 22837 I native-activity: Swap 773 time is 27.317ms
04-13 00:42:31.725 22817 22837 I native-activity: Animating
04-13 00:42:31.745 22817 22837 I native-activity: Frame 774 GL error is 0x0
04-13 00:42:31.745 22817 22837 I native-activity: Frame 774 time is 20.629ms
04-13 00:42:31.745 22817 22837 I native-activity: Doing egl_swapbuffers_sync 2
04-13 00:42:31.752 22817 22837 I native-activity: Swap 774 time is 26.882ms
04-13 00:42:31.752 22817 22837 I native-activity: Animating
04-13 00:42:31.773 22817 22837 I native-activity: Frame 775 GL error is 0x0
04-13 00:42:31.773 22817 22837 I native-activity: Frame 775 time is 21.424ms
04-13 00:42:31.773 22817 22837 I native-activity: Doing egl_swapbuffers_sync 2
04-13 00:42:31.779 22817 22837 I native-activity: Swap 775 time is 27.177ms
04-13 00:42:31.779 22817 22837 I native-activity: Animating
04-13 00:42:31.794 22817 22837 I native-activity: Frame 776 GL error is 0x0
04-13 00:42:31.794 22817 22837 I native-activity: Frame 776 time is 14.773ms
04-13 00:42:31.794 22817 22837 I native-activity: Doing egl_swapbuffers_sync 2
04-13 00:42:31.806 22817 22837 I native-activity: Swap 776 time is 27.031ms
04-13 00:42:31.806 22817 22837 I native-activity: Animating
04-13 00:42:31.823 22817 22837 I native-activity: Frame 777 GL error is 0x0
04-13 00:42:31.823 22817 22837 I native-activity: Frame 777 time is 16.309ms
04-13 00:42:31.823 22817 22837 I native-activity: Doing egl_swapbuffers_sync 2
04-13 00:42:31.834 22817 22837 I native-activity: Swap 777 time is 27.128ms
04-13 00:42:31.834 22817 22837 I native-activity: Animating
04-13 00:42:31.850 22817 22837 I native-activity: Frame 778 GL error is 0x0
04-13 00:42:31.850 22817 22837 I native-activity: Frame 778 time is 16.556ms
04-13 00:42:31.850 22817 22837 I native-activity: Doing egl_swapbuffers_sync 2
04-13 00:42:31.860 22817 22837 I native-activity: Swap 778 time is 26.690ms
04-13 00:42:31.861 22817 22837 I native-activity: Animating
04-13 00:42:31.874 22817 22837 I native-activity: Frame 779 GL error is 0x0
04-13 00:42:31.875 22817 22837 I native-activity: Frame 779 time is 13.849ms
04-13 00:42:31.875 22817 22837 I native-activity: Doing egl_swapbuffers_sync 2
04-13 00:42:31.888 22817 22837 I native-activity: Swap 779 time is 26.898ms
04-13 00:42:31.888 22817 22837 I native-activity: Animating
04-13 00:42:31.904 22817 22837 I native-activity: Frame 780 GL error is 0x0
04-13 00:42:31.905 22817 22837 I native-activity: Frame 780 time is 16.761ms
04-13 00:42:31.905 22817 22837 I native-activity: Doing egl_swapbuffers_sync 2
04-13 00:42:31.915 22817 22837 I native-activity: Swap 780 time is 26.993ms
04-13 00:42:31.915 22817 22837 I native-activity: Animating
04-13 00:42:31.947 22817 22837 I native-activity: Frame 781 GL error is 0x501
04-13 00:42:31.947 22817 22837 I native-activity: Frame 781 time is 31.821ms
04-13 00:42:31.947 22817 22837 I native-activity: Doing egl_swapbuffers_sync 2
04-13 00:42:31.947 22817 22837 I native-activity: Swap 781 time is 32.328ms
04-13 00:42:31.948 22817 22837 I native-activity: Animating
04-13 00:42:31.974 22817 22837 I native-activity: Frame 782 GL error is 0x0
04-13 00:42:31.974 22817 22837 I native-activity: Frame 782 time is 26.352ms
04-13 00:42:31.974 22817 22837 I native-activity: Doing egl_swapbuffers_sync 2
04-13 00:42:31.974 22817 22837 I native-activity: Swap 782 time is 26.716ms
04-13 00:42:31.974 22817 22837 I native-activity: Animating
04-13 00:42:31.985 22817 22837 I native-activity: Frame 783 GL error is 0x0
04-13 00:42:31.985 22817 22837 I native-activity: Frame 783 time is 10.558ms
04-13 00:42:31.985 22817 22837 I native-activity: Doing egl_swapbuffers_sync 2
04-13 00:42:31.996 22817 22837 I native-activity: Swap 783 time is 21.594ms
04-13 00:42:31.996 22817 22837 I native-activity: Animating
04-13 00:42:32.006 22817 22837 I native-activity: Frame 784 GL error is 0x0
04-13 00:42:32.006 22817 22837 I native-activity: Frame 784 time is 10.033ms
04-13 00:42:32.006 22817 22837 I native-activity: Doing egl_swapbuffers_sync 2
04-13 00:42:32.024 22817 22837 I native-activity: Swap 784 time is 27.608ms
04-13 00:42:32.024 22817 22837 I native-activity: Animating
04-13 00:42:32.037 22817 22837 I native-activity: Frame 785 GL error is 0x0
04-13 00:42:32.037 22817 22837 I native-activity: Frame 785 time is 12.855ms
04-13 00:42:32.037 22817 22837 I native-activity: Doing egl_swapbuffers_sync 2
04-13 00:42:32.052 22817 22837 I native-activity: Swap 785 time is 27.638ms
04-13 00:42:32.052 22817 22837 I native-activity: Animating
04-13 00:42:32.066 22817 22837 I native-activity: Frame 786 GL error is 0x0
04-13 00:42:32.066 22817 22837 I native-activity: Frame 786 time is 13.924ms
04-13 00:42:32.066 22817 22837 I native-activity: Doing egl_swapbuffers_sync 2
04-13 00:42:32.050    29    29 I Kernel  : [45390.722853].(0)[29:update_secureti]enter  TEE_update_gb_time_infile 
04-13 00:42:32.079 22817 22837 I native-activity: Swap 786 time is 27.663ms
04-13 00:42:32.080 22817 22837 I native-activity: Animating
04-13 00:42:32.070    82    82 I Kernel  : [45390.751198].(0)[82:mtk charger_hv_]charging_reset_watch_dog_timer
04-13 00:42:32.080    82    82 I Kernel  : [45390.752112].(0)[82:mtk charger_hv_]array_size = 16 
04-13 00:42:32.090 22817 22837 I native-activity: Frame 787 GL error is 0x0
04-13 00:42:32.090 22817 22837 I native-activity: Frame 787 time is 10.831ms
04-13 00:42:32.090 22817 22837 I native-activity: Doing egl_swapbuffers_sync 2
04-13 00:42:32.108 22817 22837 I native-activity: Swap 787 time is 28.116ms
04-13 00:42:32.108 22817 22837 I native-activity: Animating
04-13 00:42:32.126 22817 22837 I native-activity: Frame 788 GL error is 0x0
04-13 00:42:32.126 22817 22837 I native-activity: Frame 788 time is 18.270ms
04-13 00:42:32.126 22817 22837 I native-activity: Doing egl_swapbuffers_sync 2
04-13 00:42:32.135 22817 22837 I native-activity: Swap 788 time is 27.150ms
04-13 00:42:32.135 22817 22837 I native-activity: Animating
04-13 00:42:32.148 22817 22837 I native-activity: Frame 789 GL error is 0x0
04-13 00:42:32.148 22817 22837 I native-activity: Frame 789 time is 13.120ms
04-13 00:42:32.148 22817 22837 I native-activity: Doing egl_swapbuffers_sync 2
04-13 00:42:32.162 22817 22837 I native-activity: Swap 789 time is 26.974ms
04-13 00:42:32.162 22817 22837 I native-activity: Animating
04-13 00:42:32.176 22817 22837 I native-activity: Frame 790 GL error is 0x0
04-13 00:42:32.176 22817 22837 I native-activity: Frame 790 time is 13.238ms
04-13 00:42:32.176 22817 22837 I native-activity: Doing egl_swapbuffers_sync 2
04-13 00:42:32.189 22817 22837 I native-activity: Swap 790 time is 26.896ms
04-13 00:42:32.190 22817 22837 I native-activity: Animating
04-13 00:42:32.200 22817 22837 I native-activity: Frame 791 GL error is 0x0
04-13 00:42:32.200 22817 22837 I native-activity: Frame 791 time is 10.640ms
04-13 00:42:32.200 22817 22837 I native-activity: Doing egl_swapbuffers_sync 2
04-13 00:42:32.217 22817 22837 I native-activity: Swap 791 time is 26.898ms
04-13 00:42:32.217 22817 22837 I native-activity: Animating
04-13 00:42:32.227 22817 22837 I native-activity: Frame 792 GL error is 0x0
04-13 00:42:32.228 22817 22837 I native-activity: Frame 792 time is 10.845ms
04-13 00:42:32.228 22817 22837 I native-activity: Doing egl_swapbuffers_sync 2
04-13 00:42:32.244 22817 22837 I native-activity: Swap 792 time is 27.304ms
04-13 00:42:32.244 22817 22837 I native-activity: Animating
04-13 00:42:32.257 22817 22837 I native-activity: Frame 793 GL error is 0x0
04-13 00:42:32.257 22817 22837 I native-activity: Frame 793 time is 13.225ms
04-13 00:42:32.257 22817 22837 I native-activity: Doing egl_swapbuffers_sync 2
04-13 00:42:32.272 22817 22837 I native-activity: Swap 793 time is 27.317ms
04-13 00:42:32.272 22817 22837 I native-activity: Animating
04-13 00:42:32.287 22817 22837 I native-activity: Frame 794 GL error is 0x0
04-13 00:42:32.287 22817 22837 I native-activity: Frame 794 time is 15.329ms
04-13 00:42:32.287 22817 22837 I native-activity: Doing egl_swapbuffers_sync 2
04-13 00:42:32.299 22817 22837 I native-activity: Swap 794 time is 26.971ms
04-13 00:42:32.299 22817 22837 I native-activity: Animating
04-13 00:42:32.313 22817 22837 I native-activity: Frame 795 GL error is 0x0
04-13 00:42:32.313 22817 22837 I native-activity: Frame 795 time is 14.125ms
04-13 00:42:32.313 22817 22837 I native-activity: Doing egl_swapbuffers_sync 2
04-13 00:42:32.326 22817 22837 I native-activity: Swap 795 time is 26.848ms
04-13 00:42:32.326 22817 22837 I native-activity: Animating
04-13 00:42:32.340 22817 22837 I native-activity: Frame 796 GL error is 0x0
04-13 00:42:32.340 22817 22837 I native-activity: Frame 796 time is 13.663ms
04-13 00:42:32.340 22817 22837 I native-activity: Doing egl_swapbuffers_sync 2
04-13 00:42:32.353 22817 22837 I native-activity: Swap 796 time is 27.118ms
04-13 00:42:32.353 22817 22837 I native-activity: Animating
04-13 00:42:32.364 22817 22837 I native-activity: Frame 797 GL error is 0x0
04-13 00:42:32.365 22817 22837 I native-activity: Frame 797 time is 11.269ms
