--------- beginning of amazon_main
04-13 00:40:23.580 20692 20755 D AmazonCMS: CardClient: Pushing 12 cards ***** by producer com.amazon.kindle.cms.card.producer.APPS
04-13 00:40:23.580 20692 22182 I F_C.ProducerClientCompa: Producer com.amazon.kindle.cms.card.producer.APPS at API version BrazilVersion(1.4).
04-13 00:40:23.584 20692 22182 I F_C.ProducerClientCompa: Connected to ServerInfo(CDA Version: BrazilVersion(1.3.108.0), Min. Producer: BrazilVersion(1.0), Delete All: true)
04-13 00:40:23.586 20692 20755 D AmazonCMS: AppManager - Number of packages with launch activities found 34
04-13 00:40:23.595 20623 22136 I F_C.CardAgentSynchroniz: Throttling producer refresh
04-13 00:40:23.595 20623 22136 W F_C.CardProvider: Producer refresh failed
--------- beginning of main
04-13 00:40:23.600 22190 22190 W sh      : type=1400 audit(0.0:5021): avc: denied { module_request } for kmod="personality-8" scontext=u:r:shell:s0 tcontext=u:r:kernel:s0 tclass=system permissive=0
--------- beginning of kernel
04-13 00:40:23.600 22190 22190 I Kernel  : [45262.276364].(3)[22190:sh]audit avc scontext:u:r:shell:s0
04-13 00:40:23.600 22190 22190 I Kernel  : [45262.281386].(0)[22190:am]audit avc scontext:u:r:shell:s0
04-13 00:40:23.600 22190 22190 W am      : type=1400 audit(0.0:5022): avc: denied { module_request } for kmod="personality-8" scontext=u:r:shell:s0 tcontext=u:r:kernel:s0 tclass=system permissive=0
04-13 00:40:23.620 22190 22190 W app_process: type=1400 audit(0.0:5023): avc: denied { module_request } for kmod="personality-8" scontext=u:r:shell:s0 tcontext=u:r:kernel:s0 tclass=system permissive=0
04-13 00:40:23.620 22190 22190 I Kernel  : [45262.294052].(0)[22190:app_process]audit avc scontext:u:r:shell:s0
04-13 00:40:23.659 20692 20755 D AmazonCMS: Read 2 card ids from the cache for producer com.amazon.kindle.cms.card.producer.NEWSSTAND in profile 0
04-13 00:40:23.670 20692 20707 I Kernel  : [45262.350920].(1)[20707:GCDaemon]name:Log.amazon_main_1841 unmap vm_start a2b9c000  end: a2ba0000
04-13 00:40:23.697 20692 22160 D empty   : Zip: EOCD not found, /system/framework/amazon-ads-registration.jar is not zip
04-13 00:40:23.697 20692 22160 W zipro   : Error opening archive /system/framework/amazon-ads-registration.jar: Invalid file
04-13 00:40:23.697 20692 22160 D asset   : failed to open Zip archive '/system/framework/amazon-ads-registration.jar'
04-13 00:40:23.690 20692 22160 I Kernel  : [45262.364053].(1)[22160:Background work]name:Log.amazon_main_1841 unmap vm_start 9feb0000  end: a00b0000
04-13 00:40:23.700 20692 22160 I Kernel  : [45262.372540].(1)[22160:Background work]name:Log.amazon_main_1841 unmap vm_start 9feb0000  end: a00b0000
04-13 00:40:23.710 20692 22160 I Kernel  : [45262.382539].(1)[22160:Background work]name:Log.amazon_main_1841 unmap vm_start a08ca000  end: a0aca000
04-13 00:40:23.741 20692 21151 I DCP     : [JsonCallExecutor][CallExecutor][ef0197c5-087a-47f7-8873-42a00f997793][Auth]Received response code 200 OK. Total time = 327 ms. Handshake = 45 ms. Upload = 0 ms (0 bytes). Latency = 281 ms. Download = 0 ms (569 bytes).
--------- beginning of system
04-13 00:40:23.743   917   933 D WifiService: releaseWifiLockLocked: WifiLock{com.amazon.dcp.framework.iuc.ConnectionEstablisherWithConnectivityEnforcement type=1 binder=android.os.BinderProxy@1d13b79c}
04-13 00:40:23.740 20623 20677 I Kernel  : [45262.418129].(2)[20677:umerClie.Worker]name:Log.amazon_main_1841 unmap vm_start 9eb3b000  end: 9ed3b000
04-13 00:40:23.783  1787  1787 I AmazonLocationController: onWifiSignalChanged : connected : true
04-13 00:40:23.770 25161 25161 I Kernel  : [45262.441637].(0)[25161:kworker/0:2]virtual_sensor_thermal_get_temp mtktsbattery t=24000 a=7 o=-9500 w=437
04-13 00:40:23.770 25161 25161 I Kernel  : [45262.441705].(0)[25161:kworker/0:2]virtual_sensor_thermal_get_temp mtkts_bts t=29000 a=15 o=-1000 w=113
04-13 00:40:23.770 25161 25161 I Kernel  : [45262.442065].(0)[25161:kworker/0:2]virtual_sensor_thermal_get_temp mtktspmic t=43459 a=4 o=18000 w=450
04-13 00:40:23.770 25161 25161 I Kernel  : [45262.442090].(0)[25161:kworker/0:2]virtual_sensor_thermal_get_temp mtktswmt t=29000 a=1000 o=-5000 w=0
04-13 00:40:23.794 20692 20755 W AmazonCMS: Delivery card detected for item ***** but no delivery date set
04-13 00:40:23.795 20692 20755 D AmazonCMS: Creating delivery card with id: *****
04-13 00:40:23.810 20692 22182 I F_C.ProducerClientCompa: Producer com.amazon.kindle.cms.card.producer.NEWSSTAND at API version BrazilVersion(1.4).
04-13 00:40:23.810 20692 20755 D AmazonCMS: CardClient: Pushing 2 cards ***** by producer com.amazon.kindle.cms.card.producer.NEWSSTAND
04-13 00:40:23.814 20692 22182 I F_C.ProducerClientCompa: Connected to ServerInfo(CDA Version: BrazilVersion(1.3.108.0), Min. Producer: BrazilVersion(1.0), Delete All: true)
04-13 00:40:23.823 20623 21890 I F_C.CardAgentSynchroniz: Throttling producer refresh
04-13 00:40:23.823 20623 21890 W F_C.CardProvider: Producer refresh failed
04-13 00:40:23.856 20692 20755 D AmazonCMS: Cached image for package ***** is out of date with package update time (1480592179000,1480592179000) vs. 1491757634512
04-13 00:40:23.858 20692 20755 D AmazonCMS: loading icons for *****
04-13 00:40:23.869 20692 22192 W asset   : Asset path /system/framework/android.amazon.res.jar is neither a directory nor file (type=1).
04-13 00:40:23.869 20692 22192 W ResourcesManager: Asset path '/system/framework/android.amazon.res.jar' does not exist or contains no resources.
04-13 00:40:23.889 20692 20755 D AmazonCMS: Loaded preloaded image from *****
04-13 00:40:23.891 20692 20755 D AmazonCMS: Cached image for package ***** is out of date with package update time (1480592179000,1480592179000) vs. 1491757452118
04-13 00:40:23.896 20692 20755 D AmazonCMS: loading icons for *****
04-13 00:40:23.907 22190 22190 D AndroidRuntime: >>>>>> START com.android.internal.os.RuntimeInit uid 2000 <<<<<<
04-13 00:40:23.890    82    82 I Kernel  : [45262.567654].(0)[82:mtk charger_hv_]charging_reset_watch_dog_timer
04-13 00:40:23.890    82    82 I Kernel  : [45262.568592].(0)[82:mtk charger_hv_]array_size = 16 
04-13 00:40:23.912 22190 22190 D AndroidRuntime: CheckJNI is OFF
04-13 00:40:23.912 22190 22190 I art     : Skinny Heap Starting Size = 2048KB
04-13 00:40:23.913 22190 22190 I art     : Skinny Heap Growth Limit = 20480KB
04-13 00:40:23.913 22190 22190 I art     : Skinny Heap Min Free = 128KB
04-13 00:40:23.913 22190 22190 I art     : Skinny Heap Max Free = 512KB
04-13 00:40:23.913 22190 22190 I art     : Skinny Heap Target Utilization = 0.9
04-13 00:40:23.920 20692 20755 D AmazonCMS: Loaded preloaded image from *****
04-13 00:40:23.928 20692 20755 D AmazonCMS: Loaded preloaded image from *****
04-13 00:40:23.964 20692 22160 W asset   : Asset path /system/framework/android.amazon.res.jar is neither a directory nor file (type=1).
04-13 00:40:23.964 20692 22160 W ResourcesManager: Asset path '/system/framework/android.amazon.res.jar' does not exist or contains no resources.
04-13 00:40:23.980 20692 20755 D AmazonCMS: Loaded preloaded image from *****
04-13 00:40:24.015 22190 22190 I HAL     : loaded HAL id=memtrack path=/system/lib/hw/memtrack.mt8127.so hmi=0x0 handle=0xb51b2694
04-13 00:40:24.037 22190 22190 I HAL     : loaded HAL id=perfboost path=/system/lib/hw/perfboost.mt8127.so hmi=0x0 handle=0xb51b27e4
04-13 00:40:24.040  2159  2159 I Kernel  : [45262.720849].(0)[2159:wpa_supplicant]poorlink get state G(361485)F(49)dbad(0)dretry(0)LT(405)RT(-78)W(0)(12183)
04-13 00:40:24.050  2137  2137 I Kernel  : [45262.721646][wlan] nicTxReleaseResource: (TX STATE)
04-13 00:40:24.050  2137  2137 I Kernel  : Release: TC4 count 1, Free=4; TC5 count 0, Free=4
04-13 00:40:24.064 20692 20755 D AmazonCMS: Performing collection sync type DELTA_SYNC for user *****
04-13 00:40:24.065 20692 20755 V AmazonCMS: SyncClient - [SYNC] Syncing Namespace: [*****]
04-13 00:40:24.079 22190 22190 D AndroidRuntime: Calling main entry com.android.commands.am.Am
04-13 00:40:24.081 22190 22190 D ActivityManager: default service binder = android.os.BinderProxy@13cd9418
04-13 00:40:24.081 22190 22190 D ActivityManager: default service = android.app.ActivityManagerProxy@34378e71
04-13 00:40:24.086   917  2115 I ActivityManager: START u0 {act=android.intent.action.MAIN cat=[android.intent.category.LAUNCHER] flg=0x10000000 cmp=com.example.sonicdash_stage1/android.app.NativeActivity (has extras)} from uid 2000 on display 0
04-13 00:40:24.090   917  2115 W ActivityManager: Input dispatching paused for current ActivityRecord: ActivityRecord{2272b188 u0 com.example.sonicdash_stage1/android.app.NativeActivity t319}
04-13 00:40:24.090   917  2115 V WindowManager: addAppToken: AppWindowToken{1bc2b746 token=Token{341d3721 ActivityRecord{2272b188 u0 com.example.sonicdash_stage1/android.app.NativeActivity t319}}} to stack=1 task=319 at 0
04-13 00:40:24.091   917  2115 D BatteryStatsExtension.VitalEmitterBatteryAndTime: VitalEmitterBatteryAndTime.start(-): not runnable
04-13 00:40:24.093 20623 20623 I F_C.Launcher: onPause
04-13 00:40:24.094 22190 22190 D AndroidRuntime: Shutting down VM
04-13 00:40:24.095 22190 22203 E IPCThreadState: talkWithDriver returned result (-9)
04-13 00:40:24.095   917   943 V WindowManager: Based on layer: Adding window Window{1f455e34 u0 Starting com.example.sonicdash_stage1} at 2 of 8
04-13 00:40:24.096 22190 22204 E IPCThreadState: talkWithDriver returned result (-9)
04-13 00:40:24.098 20692 20755 D AmazonCMS: Cached image for package ***** is out of date with package update time (1480592179000,1480592179000) vs. 1491757499034
04-13 00:40:24.099 20692 21289 I DCP     : [JsonCallExecutor][CallExecutor][df147a6d-a0c1-485f-a48c-57b7a0d24696][Auth]GET https://api.amazon.com/whispersync/v2/data/amzn1.account.XXXX/datasets?after=108  (attempt 1)
04-13 00:40:24.103   917  1762 D WifiService: acquireWifiLockLocked: WifiLock{com.amazon.dcp.framework.iuc.ConnectionEstablisherWithConnectivityEnforcement type=1 binder=android.os.BinderProxy@375245d}
04-13 00:40:24.103 20692 20755 D AmazonCMS: loading icons for *****
04-13 00:40:24.113 20692 20755 D AmazonCMS: Loaded preloaded image from *****
04-13 00:40:24.114   183   183 W art     : PreZygoteFork called when we already have a zygote space.
04-13 00:40:24.114 20692 22206 I com.amazon.dcp.framework.ConnectivityEnforcer: Network with type -1 is already connected
04-13 00:40:24.123 22207 22207 I art     : Late-enabling -Xcheck:jni
04-13 00:40:24.125   917  2245 I ActivityManager: Start proc 22207:com.example.sonicdash_stage1/u0a21 for activity com.example.sonicdash_stage1/android.app.NativeActivity
--------- beginning of metrics
04-13 00:40:24.130   917  1055 I LoggerMetricsFactoryImpl: PhoneWindowManager:ActivityChanged:com.example.sonicdash_stage1=1.0;CT;1:NR
--------- beginning of vitals
04-13 00:40:24.130   917  1055 I Vlog    : ScreenTime:PackageScreenTime:fgtracking=false;DV;1,key=com.amazon.firelauncher;DV;1,Timer=3.6944444444444443E-4;TI;1,unit=hours;DV;1:HI
04-13 00:40:24.130   917  1055 I LoggerMetricsFactoryImpl: PhoneWindowManager:ScreenTime:endTimeMs=1.49206922413E12;TI;1,startTimeMs=1.4920692228E12;TI;1,com.amazon.firelauncher=1330.0;TI;1:NR
04-13 00:40:24.131   917  1055 I Vlog    : Thermal:Screen_On_Thermal_Throttling:fgtracking=false;DV;1,key=0;DV;1,Timer=3.6972222222222224E-4;TI;1,unit=hours;DV;1,metadata=com.amazon.firelauncher;DV;1:HI
04-13 00:40:24.131   917  1055 I LoggerMetricsFactoryImpl: ScreenTime:updateLRUListLocked:page-type=KindleFramework;CK;1,hitType=deviceAction;CK;1,team-name=KindleFramework;CK;1,site_variant=KindleApplication;CK;1,page-action=fgEnd;CK;1,sub-page-type=com.amazon.firelauncher;CK;1,RequestId=C814094142AEB48F9071;DV;1:NA
04-13 00:40:24.131   917  1055 I LoggerMetricsFactoryImpl: ScreenTime:updateLRUListLocked:page-type=KindleFramework;CK;1,hitType=deviceAction;CK;1,team-name=KindleFramework;CK;1,site_variant=KindleApplication;CK;1,page-action=fgStart;CK;1,sub-page-type=com.example.sonicdash_stage1;CK;1,RequestId=0B740D6241B8B9B7B1EA;DV;1:NA
04-13 00:40:24.134  1787  1787 V PhoneStatusBar: setLightsOn(true)
04-13 00:40:24.137   143   949 I [MALI][Gralloc]: usage0: 0x933, format7: 2 stride2: 608 vertical_stride6: 976 size: 2373632
04-13 00:40:24.154 22207 22207 I art     : Turning on check_jni_no_abort for targetSdkVersion 9
04-13 00:40:24.174   917  1763 D ActivityManager: single user service: com.amazon.imp
04-13 00:40:24.175 22207 22207 D ActivityManager: default service binder = android.os.BinderProxy@4599a49
04-13 00:40:24.176 22207 22207 D ActivityManager: default service = android.app.ActivityManagerProxy@49f1f4e
04-13 00:40:24.179   917  1763 D ActivityManager: app = com.amazon.imp, has single user service, setting process record.
04-13 00:40:24.185 20692 20755 D AmazonCMS: Loaded preloaded image from *****
04-13 00:40:24.200 20623 20623 I Vlog    : performance:SkippedVsyncsBucket3:fgtracking=false;DV;1,key=com.amazon.firelauncher;DV;1,Counter=2.0;CT;1,unit=count;DV;1:HI
04-13 00:40:24.201 20623 20623 I performance: SkippedVsyncsBucket3: package=com.amazon.firelauncher count=2
04-13 00:40:24.201 20623 20623 I Vlog    : performance:FrameDropTotal:fgtracking=false;DV;1,key=com.amazon.firelauncher;DV;1,Counter=4.0;CT;1,unit=count;DV;1:HI
04-13 00:40:24.201 20623 20623 I performance: FrameDropTotal: package=com.amazon.firelauncher count=4
04-13 00:40:24.201 20623 20623 I Vlog    : performance:FramesTotal:fgtracking=false;DV;1,key=com.amazon.firelauncher;DV;1,Counter=34.0;CT;1,unit=count;DV;1:HI
04-13 00:40:24.201 20623 20623 I performance: FramesTotal: package=com.amazon.firelauncher count=34
04-13 00:40:24.201 20623 20623 I Vlog    : performance:DelayedFirstFrames:fgtracking=false;DV;1,key=com.amazon.firelauncher;DV;1,Counter=2.0;CT;1,unit=count;DV;1:HI
04-13 00:40:24.201 20623 20623 I performance: DelayedFirstFrames: package=com.amazon.firelauncher count=2
04-13 00:40:24.201 20623 20623 I Vlog    : performance:FirstFramesTotal:fgtracking=false;DV;1,key=com.amazon.firelauncher;DV;1,Counter=4.0;CT;1,unit=count;DV;1:HI
04-13 00:40:24.201 20623 20623 I performance: FirstFramesTotal: package=com.amazon.firelauncher count=0
04-13 00:40:24.209   917  2168 I PackageRecencyCallback: Queuing notifcation to package: ComponentInfo{com.amazon.kindle.cms/com.amazon.kindle.cms.MaintenanceService$PackageRecencyListener}
04-13 00:40:24.210  2059  2059 I Vlog    : PfxPrecog:PredictedTimeDelta:fgtracking=false;DV;1,key=delta;DV;1,Timer=22092.000000;TI;1,unit=null;DV;1,metadata=version%235510%7C;DV;1:HI
04-13 00:40:24.211  2059  2059 I Vlog    : PfxPrecog:PredictionResult:fgtracking=false;DV;1,key=success;DV;1,Counter=1.000000;CT;1,unit=null;DV;1,metadata=version%235510%7Crequester%23Chained+Predictor+T%7Cpred_type%23TemporalApplicationStart%7C;DV;1:HI
04-13 00:40:24.213 22207 22207 D VendorDisplayManagerGlobalCallback: callGetInstance: nil
04-13 00:40:24.230 20692 20755 D AmazonCMS: Cached image for package ***** is out of date with package update time (1480592179000,1480592179000) vs. 1491757591965
04-13 00:40:24.233 20692 20755 D AmazonCMS: loading icons for *****
04-13 00:40:24.243 20692 20755 D AmazonCMS: Loaded preloaded image from *****
04-13 00:40:24.264 20623 20623 I F_C.Launcher: onStop
04-13 00:40:24.270 20623 20623 I F_C.ImageMemoryManager: onTrimMemory: Level: 20, activeSources: ArraySet[ ImageSourceState(com.amazon.firelauncher.images.imagesource.AppsMainFolderImageSource@a206117) ]
04-13 00:40:24.275 22207 22207 E VendorContextExt: Failed to register system service "com.amazon.client.metrics.AndroidMetricsFactoryImpl". The class was not found for the provided classloader.
04-13 00:40:24.281 22207 22207 D ProfileManager: Create ProfileManager instance
04-13 00:40:24.297 22207 22207 I FrameworkJumpTable: Successfully loaded all classes
04-13 00:40:24.290 22190 22190 I Kernel  : [45262.962099].(0)[22190:main]name:dev/ashmem/dalvik-main space unmap vm_start 12c00000  end: 12e01000
04-13 00:40:24.290 22190 22190 I Kernel  : [45262.964663].(0)[22190:main]name:dev/ashmem/dalvik-main space unmap vm_start b3c47000  end: b4047000
04-13 00:40:24.290 22190 22190 I Kernel  : [45262.964756].(0)[22190:main]name:dev/ashmem/dalvik-main space unmap vm_start 22c00000  end: 22c01000
04-13 00:40:24.310 22207 22207 I FrameworkJumpTable: Successfully loaded all methods
04-13 00:40:24.311 22207 22207 I FrameworkJumpTable: Successfully loaded all fields
04-13 00:40:24.315 20692 20755 D AmazonCMS: Loaded preloaded image from *****
04-13 00:40:24.340   917  2114 I AmazonStorageUtil: Secondary Storage not mounted. Do not create directory at:/storage/sdcard1/Android/obb/com.example.sonicdash_stage1
04-13 00:40:24.341 22207 22207 W ContextImpl: Failed to ensure directory: /storage/sdcard1/Android/obb/com.example.sonicdash_stage1
04-13 00:40:24.344   917  2245 I AmazonStorageUtil: Secondary Storage not mounted. Do not create directory at:/storage/sdcard1/Android/data/com.example.sonicdash_stage1/files
04-13 00:40:24.344 22207 22207 W ContextImpl: Failed to ensure directory: /storage/sdcard1/Android/data/com.example.sonicdash_stage1/files
04-13 00:40:24.330 22226 22226 W sh      : type=1400 audit(0.0:5024): avc: denied { module_request } for kmod="personality-8" scontext=u:r:shell:s0 tcontext=u:r:kernel:s0 tclass=system permissive=0
04-13 00:40:24.346 22207 22207 V threaded_app: Creating: 0xb9199390
04-13 00:40:24.347 22207 22228 V threaded_app: Config: mcc=0 mnc=0 lang=en cnt=US orien=1 touch=3 dens=160 keys=1 nav=1 keysHid=3 navHid=0 sdk=22 size=3 long=1 modetype=1 modenight=1
04-13 00:40:24.347 22207 22228 I native-activity: Starting android_main
04-13 00:40:24.347 22207 22228 I native-activity:   Activity 0xb9199390
04-13 00:40:24.347 22207 22228 I native-activity:   VM 0xb8e8a818
04-13 00:40:24.347 22207 22228 I native-activity:   JNIEnv 0xb8e8b000
04-13 00:40:24.347 22207 22228 D native-activity: Changing permissions for the internal storage at /data/data/com.example.sonicdash_stage1/files
04-13 00:40:24.347 22207 22228 I native-activity: Attaching entry point thread to JNIEnv
04-13 00:40:24.348 22207 22207 V threaded_app: Start: 0xb9199390
04-13 00:40:24.348 22207 22228 I native-activity: Loading activity configuration
04-13 00:40:24.348 22207 22228 V native-activity: get_boolean_extra for *env 0xb51bcd60 intent 0x100005 extra_name egl_swap_preserve_bit
04-13 00:40:24.348 22207 22228 V native-activity: get_boolean_extra for *env 0xb51bcd60 intent 0x100005 extra_name egl_window_bit
04-13 00:40:24.348 22207 22228 V native-activity: get_boolean_extra for *env 0xb51bcd60 intent 0x100005 extra_name egl_pbuffer_bit
04-13 00:40:24.348 22207 22228 V native-activity: get_boolean_extra for *env 0xb51bcd60 intent 0x100005 extra_name gl_enable_dither
04-13 00:40:24.348 22207 22228 V native-activity: get_boolean_extra for *env 0xb51bcd60 intent 0x100005 extra_name gl_disable_dither
04-13 00:40:24.348 22207 22228 V native-activity: get_boolean_extra for *env 0xb51bcd60 intent 0x100005 extra_name gl_log_context
04-13 00:40:24.348 22207 22228 V native-activity: get_boolean_extra for *env 0xb51bcd60 intent 0x100005 extra_name stop_motion
04-13 00:40:24.349 22207 22228 V native-activity: get_boolean_extra for *env 0xb51bcd60 intent 0x100005 extra_name capture_compressed
04-13 00:40:24.349 22207 22228 I native-activity: EGL configuration
04-13 00:40:24.349 22207 22228 I native-activity: 	egl_swap_preserve_bit: 0
04-13 00:40:24.349 22207 22228 I native-activity: 	egl_window_bit: 1
04-13 00:40:24.349 22207 22228 I native-activity: 	egl_pbuffer_bit: 1
04-13 00:40:24.349 22207 22228 I native-activity: 	egl_width: 720
04-13 00:40:24.349 22207 22228 I native-activity: 	egl_height: 1280
04-13 00:40:24.349 22207 22228 I native-activity: 	egl_red_size: 8
04-13 00:40:24.349 22207 22228 I native-activity: 	egl_green_size: 8
04-13 00:40:24.349 22207 22228 I native-activity: 	egl_blue_size: 8
04-13 00:40:24.349 22207 22228 I native-activity: 	egl_alpha_size: 8
04-13 00:40:24.349 22207 22228 I native-activity: 	egl_depth_size: 16
04-13 00:40:24.349 22207 22228 I native-activity: 	egl_stencil_size: -1
04-13 00:40:24.349 22207 22228 I native-activity: 	egl_swapbuffers_sync: 2
04-13 00:40:24.349 22207 22228 I native-activity: GL configuration
04-13 00:40:24.349 22207 22228 I native-activity: 	gl_enable_dither: 0
04-13 00:40:24.349 22207 22228 I native-activity: 	gl_disable_dither: 0
04-13 00:40:24.349 22207 22228 I native-activity: 	gl_get_error: 1
04-13 00:40:24.349 22207 22228 I native-activity: 	gl_log_context: 1
04-13 00:40:24.349 22207 22228 I native-activity: Runtime configuration
04-13 00:40:24.349 22207 22228 I native-activity: 	draw_limit:        0
04-13 00:40:24.349 22207 22228 I native-activity: 	frame_limit:       0
04-13 00:40:24.349 22207 22228 I native-activity: 	stop_motion:       0
04-13 00:40:24.349 22207 22228 I native-activity: 	capture_frequency: 0
04-13 00:40:24.349 22207 22228 I native-activity: 	capture_compressed: 1
04-13 00:40:24.330 22226 22226 I Kernel  : [45263.008140].(1)[22226:sh]audit avc scontext:u:r:shell:s0
04-13 00:40:24.340 22226 22226 W logcat  : type=1400 audit(0.0:5025): avc: denied { module_request } for kmod="personality-8" scontext=u:r:shell:s0 tcontext=u:r:kernel:s0 tclass=system permissive=0
04-13 00:40:24.357 22207 22228 V threaded_app: activityState=10
04-13 00:40:24.357 22207 22207 V threaded_app: Resume: 0xb9199390
04-13 00:40:24.358 22207 22228 V threaded_app: activityState=11
04-13 00:40:24.340 22226 22226 I Kernel  : [45263.016121].(1)[22226:logcat]audit avc scontext:u:r:shell:s0
04-13 00:40:24.366  2059  2059 I Vlog    : PfxPrecog:WarmvCold:fgtracking=false;DV;1,key=cold;DV;1,Counter=1.000000;CT;1,unit=null;DV;1,metadata=version%235510%7Cmode%23active%7Cpkg%23com.example.sonicdash_stage1%7C;DV;1:HI
04-13 00:40:24.366  2059  2059 I Vlog    : PfxPrecog:AppTransition:fgtracking=false;DV;1,key=AppTransition;DV;1,Counter=1.000000;CT;1,unit=null;DV;1,metadata=version%235510%7Cprevious_package%23com.amazon.firelauncher%7Cnew_package%23com.example.sonicdash_stage1%7C;DV;1:HI
04-13 00:40:24.372   917  1763 W AmazonActivityManagerService: packageLifetimeHint: amazon.internal.SystemJumpTable$ProcessRecord@bf98cb8 is active, cannot move
04-13 00:40:24.377  2059  2059 W Precog  : PackagePrewarmActor: Call to packageLifetimeHint failed, res = -1
04-13 00:40:24.378  2059  2059 I Vlog    : PfxPrecog:LruHint:fgtracking=false;DV;1,key=confidence;DV;1,Counter=1.000000;CT;1,unit=null;DV;1,metadata=version%235510%7Cpkg%23com.amazon.firelauncher%7C;DV;1:HI
04-13 00:40:24.378   917  2109 V WindowManager: Adding window Window{184d7df6 u0 com.example.sonicdash_stage1/android.app.NativeActivity} at 2 of 9 (before Window{1f455e34 u0 Starting com.example.sonicdash_stage1})
04-13 00:40:24.378  2059  2059 I Vlog    : PfxPrecog:LruHint:fgtracking=false;DV;1,key=failure;DV;1,Counter=1.000000;CT;1,unit=null;DV;1,metadata=version%235510%7Cpkg%23com.amazon.firelauncher%7C;DV;1:HI
04-13 00:40:24.379 22207 22207 V threaded_app: InputQueueCreated: 0xb9199390 -- 0xb91a1828
04-13 00:40:24.380 22207 22228 V threaded_app: APP_CMD_INPUT_CHANGED
04-13 00:40:24.380 22207 22228 V threaded_app: Attaching input queue to looper
04-13 00:40:24.408 22207 22207 V threaded_app: NativeWindowCreated: 0xb9199390 -- 0xb91a2718
04-13 00:40:24.408 22207 22228 V threaded_app: APP_CMD_INIT_WINDOW
04-13 00:40:24.390 22207 22228 I Kernel  : [45263.070362]Mali<2>:
04-13 00:40:24.390 22207 22228 I Kernel  : Session started
04-13 00:40:24.412 22207 22228 I HAL     : loaded HAL id=gralloc path=/system/lib/hw/gralloc.mt8127.so hmi=0x0 handle=0xadc9f694
04-13 00:40:24.412 22207 22207 V threaded_app: WindowFocusChanged: 0xb9199390 -- 1
04-13 00:40:24.413 22207 22228 I native-activity: EGL information on display 0x1
04-13 00:40:24.413 22207 22228 I native-activity: 		EGL_VENDOR: Android
04-13 00:40:24.413 22207 22228 I native-activity: 		EGL_VERSION: 1.4 Android META-EGL
04-13 00:40:24.413 22207 22228 I native-activity: 		EGL_CLIENT_APIS: OpenGL_ES
04-13 00:40:24.413 22207 22228 I native-activity: 		EGL_EXTENSIONS: EGL_KHR_get_all_proc_addresses EGL_ANDROID_presentation_time EGL_KHR_image EGL_KHR_image_base EGL_KHR_image_pixmap EGL_KHR_gl_texture_2D_image EGL_KHR_gl_texture_cubemap_image EGL_KHR_gl_renderbuffer_image EGL_KHR_fence_sync EGL_EXT_create_context_robustness EGL_ANDROID_image_native_buffer EGL_ANDROID_recordable 
04-13 00:40:24.414 22207 22228 D native-activity: EGL configurations 23
04-13 00:40:24.414 22207 22228 D native-activity: 	Config 0x60000001 index 0
04-13 00:40:24.414 22207 22228 V native-activity: 		EGL_CONFIG_ID: 5
04-13 00:40:24.414 22207 22228 V native-activity: 		EGL_CONFORMANT: 5 EGL_OPENGL_ES_BIT, EGL_OPENGL_ES2_BIT,
04-13 00:40:24.415 22207 22228 V native-activity: 		EGL_CONFIG_CAVEAT: 12344 EGL_NONE,
04-13 00:40:24.415 22207 22228 V native-activity: 		EGL_RENDERABLE_TYPE: 5 EGL_OPENGL_ES_BIT, EGL_OPENGL_ES2_BIT,
04-13 00:40:24.415 22207 22228 V native-activity: 		EGL_SURFACE_TYPE: 1031 EGL_PBUFFER_BIT, EGL_PIXMAP_BIT, EGL_SWAP_BEHAVIOR_PRESERVED_BIT, EGL_WINDOW_BIT,
04-13 00:40:24.415 22207 22228 V native-activity: 		EGL_LEVEL: 0
04-13 00:40:24.415 22207 22228 V native-activity: 		EGL_COLOR_BUFFER_TYPE: 12430 EGL_RGB_BUFFER,
04-13 00:40:24.415 22207 22228 V native-activity: 		EGL_BUFFER_SIZE: 16
04-13 00:40:24.415 22207 22228 V native-activity: 		EGL_SAMPLES: 0
04-13 00:40:24.415 22207 22228 V native-activity: 		EGL_SAMPLE_BUFFERS: 0
04-13 00:40:24.415 22207 22228 V native-activity: 		EGL_RED_SIZE: 5
04-13 00:40:24.416 22207 22228 V native-activity: 		EGL_GREEN_SIZE: 6
04-13 00:40:24.416 22207 22228 V native-activity: 		EGL_BLUE_SIZE: 5
04-13 00:40:24.416 22207 22228 V native-activity: 		EGL_ALPHA_SIZE: 0
04-13 00:40:24.416 22207 22228 V native-activity: 		EGL_ALPHA_MASK_SIZE: 0
04-13 00:40:24.416 22207 22228 V native-activity: 		EGL_LUMINANCE_SIZE: 0
04-13 00:40:24.416 22207 22228 V native-activity: 		EGL_TRANSPARENT_TYPE: 12344 EGL_NONE,
04-13 00:40:24.416 22207 22228 V native-activity: 		EGL_TRANSPARENT_RED_VALUE: -1
04-13 00:40:24.416 22207 22228 V native-activity: 		EGL_TRANSPARENT_GREEN_VALUE: -1
04-13 00:40:24.416 22207 22228 V native-activity: 		EGL_TRANSPARENT_BLUE_VALUE: -1
04-13 00:40:24.416 22207 22228 V native-activity: 		EGL_STENCIL_SIZE: 8
04-13 00:40:24.416 22207 22228 V native-activity: 		EGL_DEPTH_SIZE: 24
04-13 00:40:24.416 22207 22228 V native-activity: 		EGL_BIND_TO_TEXTURE_RGB: 1
04-13 00:40:24.416 22207 22228 V native-activity: 		EGL_BIND_TO_TEXTURE_RGBA: 0
04-13 00:40:24.418 22207 22228 V native-activity: 		EGL_MIN_SWAP_INTERVAL: 0
04-13 00:40:24.418 22207 22228 V native-activity: 		EGL_MAX_SWAP_INTERVAL: 10
04-13 00:40:24.418 22207 22228 V native-activity: 		EGL_MAX_PBUFFER_WIDTH: 4096
04-13 00:40:24.418 22207 22228 V native-activity: 		EGL_MAX_PBUFFER_HEIGHT: 4096
04-13 00:40:24.418 22207 22228 D native-activity: 	Config 0x60000002 index 1
04-13 00:40:24.418 22207 22228 V native-activity: 		EGL_CONFIG_ID: 3
04-13 00:40:24.418 22207 22228 V native-activity: 		EGL_CONFORMANT: 5 EGL_OPENGL_ES_BIT, EGL_OPENGL_ES2_BIT,
04-13 00:40:24.418 22207 22228 V native-activity: 		EGL_CONFIG_CAVEAT: 12344 EGL_NONE,
04-13 00:40:24.418 22207 22228 V native-activity: 		EGL_RENDERABLE_TYPE: 5 EGL_OPENGL_ES_BIT, EGL_OPENGL_ES2_BIT,
04-13 00:40:24.418 22207 22228 V native-activity: 		EGL_SURFACE_TYPE: 1543 EGL_MULTISAMPLE_RESOLVE_BOX_BIT, EGL_PBUFFER_BIT, EGL_PIXMAP_BIT, EGL_SWAP_BEHAVIOR_PRESERVED_BIT, EGL_WINDOW_BIT,
04-13 00:40:24.418 22207 22228 V native-activity: 		EGL_LEVEL: 0
04-13 00:40:24.419 22207 22228 V native-activity: 		EGL_COLOR_BUFFER_TYPE: 12430 EGL_RGB_BUFFER,
04-13 00:40:24.419 22207 22228 V native-activity: 		EGL_BUFFER_SIZE: 16
04-13 00:40:24.419 22207 22228 V native-activity: 		EGL_SAMPLES: 4
04-13 00:40:24.419 22207 22228 V native-activity: 		EGL_SAMPLE_BUFFERS: 1
04-13 00:40:24.419 22207 22228 V native-activity: 		EGL_RED_SIZE: 5
04-13 00:40:24.419 22207 22228 V native-activity: 		EGL_GREEN_SIZE: 6
04-13 00:40:24.419 22207 22228 V native-activity: 		EGL_BLUE_SIZE: 5
04-13 00:40:24.419 22207 22228 V native-activity: 		EGL_ALPHA_SIZE: 0
04-13 00:40:24.419 22207 22228 V native-activity: 		EGL_ALPHA_MASK_SIZE: 0
04-13 00:40:24.419 22207 22228 V native-activity: 		EGL_LUMINANCE_SIZE: 0
04-13 00:40:24.419 22207 22228 V native-activity: 		EGL_TRANSPARENT_TYPE: 12344 EGL_NONE,
04-13 00:40:24.419 22207 22228 V native-activity: 		EGL_TRANSPARENT_RED_VALUE: -1
04-13 00:40:24.419 22207 22228 V native-activity: 		EGL_TRANSPARENT_GREEN_VALUE: -1
04-13 00:40:24.419 22207 22228 V native-activity: 		EGL_TRANSPARENT_BLUE_VALUE: -1
04-13 00:40:24.419 22207 22228 V native-activity: 		EGL_STENCIL_SIZE: 8
04-13 00:40:24.419 22207 22228 V native-activity: 		EGL_DEPTH_SIZE: 24
04-13 00:40:24.419 22207 22228 V native-activity: 		EGL_BIND_TO_TEXTURE_RGB: 1
04-13 00:40:24.419 22207 22228 V native-activity: 		EGL_BIND_TO_TEXTURE_RGBA: 0
04-13 00:40:24.419 22207 22228 V native-activity: 		EGL_MIN_SWAP_INTERVAL: 0
04-13 00:40:24.419 22207 22228 V native-activity: 		EGL_MAX_SWAP_INTERVAL: 10
04-13 00:40:24.419 22207 22228 V native-activity: 		EGL_MAX_PBUFFER_WIDTH: 4096
04-13 00:40:24.419 22207 22228 V native-activity: 		EGL_MAX_PBUFFER_HEIGHT: 4096
04-13 00:40:24.419 22207 22228 D native-activity: 	Config 0x60000003 index 2
04-13 00:40:24.419 22207 22228 V native-activity: 		EGL_CONFIG_ID: 4
04-13 00:40:24.419 22207 22228 V native-activity: 		EGL_CONFORMANT: 0
04-13 00:40:24.419 22207 22228 V native-activity: 		EGL_CONFIG_CAVEAT: 12369 EGL_NON_CONFORMANT_CONFIG,
04-13 00:40:24.419 22207 22228 V native-activity: 		EGL_RENDERABLE_TYPE: 5 EGL_OPENGL_ES_BIT, EGL_OPENGL_ES2_BIT,
04-13 00:40:24.419 22207 22228 V native-activity: 		EGL_SURFACE_TYPE: 1543 EGL_MULTISAMPLE_RESOLVE_BOX_BIT, EGL_PBUFFER_BIT, EGL_PIXMAP_BIT, EGL_SWAP_BEHAVIOR_PRESERVED_BIT, EGL_WINDOW_BIT,
04-13 00:40:24.419 22207 22228 V native-activity: 		EGL_LEVEL: 0
04-13 00:40:24.419 22207 22228 V native-activity: 		EGL_COLOR_BUFFER_TYPE: 12430 EGL_RGB_BUFFER,
04-13 00:40:24.419 22207 22228 V native-activity: 		EGL_BUFFER_SIZE: 16
04-13 00:40:24.419 22207 22228 V native-activity: 		EGL_SAMPLES: 16
04-13 00:40:24.419 22207 22228 V native-activity: 		EGL_SAMPLE_BUFFERS: 1
04-13 00:40:24.419 22207 22228 V native-activity: 		EGL_RED_SIZE: 5
04-13 00:40:24.419 22207 22228 V native-activity: 		EGL_GREEN_SIZE: 6
04-13 00:40:24.420 22207 22228 V native-activity: 		EGL_BLUE_SIZE: 5
04-13 00:40:24.420 22207 22228 V native-activity: 		EGL_ALPHA_SIZE: 0
04-13 00:40:24.420 22207 22228 V native-activity: 		EGL_ALPHA_MASK_SIZE: 0
04-13 00:40:24.420 22207 22228 V native-activity: 		EGL_LUMINANCE_SIZE: 0
04-13 00:40:24.420 22207 22228 V native-activity: 		EGL_TRANSPARENT_TYPE: 12344 EGL_NONE,
04-13 00:40:24.420 22207 22228 V native-activity: 		EGL_TRANSPARENT_RED_VALUE: -1
04-13 00:40:24.420 22207 22228 V native-activity: 		EGL_TRANSPARENT_GREEN_VALUE: -1
04-13 00:40:24.421 22207 22228 V native-activity: 		EGL_TRANSPARENT_BLUE_VALUE: -1
04-13 00:40:24.421 22207 22228 V native-activity: 		EGL_STENCIL_SIZE: 8
04-13 00:40:24.421 22207 22228 V native-activity: 		EGL_DEPTH_SIZE: 24
04-13 00:40:24.421 22207 22228 V native-activity: 		EGL_BIND_TO_TEXTURE_RGB: 1
04-13 00:40:24.421 22207 22228 V native-activity: 		EGL_BIND_TO_TEXTURE_RGBA: 0
04-13 00:40:24.421 22207 22228 V native-activity: 		EGL_MIN_SWAP_INTERVAL: 0
04-13 00:40:24.421 22207 22228 V native-activity: 		EGL_MAX_SWAP_INTERVAL: 10
04-13 00:40:24.421 22207 22228 V native-activity: 		EGL_MAX_PBUFFER_WIDTH: 4096
04-13 00:40:24.421 22207 22228 V native-activity: 		EGL_MAX_PBUFFER_HEIGHT: 4096
04-13 00:40:24.421 22207 22228 D native-activity: 	Config 0x60000004 index 3
04-13 00:40:24.421 22207 22228 V native-activity: 		EGL_CONFIG_ID: 19
04-13 00:40:24.421 22207 22228 V native-activity: 		EGL_CONFORMANT: 0
04-13 00:40:24.421 22207 22228 V native-activity: 		EGL_CONFIG_CAVEAT: 12369 EGL_NON_CONFORMANT_CONFIG,
04-13 00:40:24.421 22207 22228 V native-activity: 		EGL_RENDERABLE_TYPE: 5 EGL_OPENGL_ES_BIT, EGL_OPENGL_ES2_BIT,
04-13 00:40:24.421 22207 22228 V native-activity: 		EGL_SURFACE_TYPE: 1025 EGL_PBUFFER_BIT, EGL_SWAP_BEHAVIOR_PRESERVED_BIT,
04-13 00:40:24.421 22207 22228 V native-activity: 		EGL_LEVEL: 0
04-13 00:40:24.421 22207 22228 V native-activity: 		EGL_COLOR_BUFFER_TYPE: 12430 EGL_RGB_BUFFER,
04-13 00:40:24.421 22207 22228 V native-activity: 		EGL_BUFFER_SIZE: 16
04-13 00:40:24.421 22207 22228 V native-activity: 		EGL_SAMPLES: 0
04-13 00:40:24.421 22207 22228 V native-activity: 		EGL_SAMPLE_BUFFERS: 0
04-13 00:40:24.421 22207 22228 V native-activity: 		EGL_RED_SIZE: 5
04-13 00:40:24.421 22207 22228 V native-activity: 		EGL_GREEN_SIZE: 5
04-13 00:40:24.421 22207 22228 V native-activity: 		EGL_BLUE_SIZE: 5
04-13 00:40:24.421 22207 22228 V native-activity: 		EGL_ALPHA_SIZE: 1
04-13 00:40:24.421 22207 22228 V native-activity: 		EGL_ALPHA_MASK_SIZE: 0
04-13 00:40:24.421 22207 22228 V native-activity: 		EGL_LUMINANCE_SIZE: 0
04-13 00:40:24.421 22207 22228 V native-activity: 		EGL_TRANSPARENT_TYPE: 12344 EGL_NONE,
04-13 00:40:24.421 22207 22228 V native-activity: 		EGL_TRANSPARENT_RED_VALUE: -1
04-13 00:40:24.421 22207 22228 V native-activity: 		EGL_TRANSPARENT_GREEN_VALUE: -1
04-13 00:40:24.421 22207 22228 V native-activity: 		EGL_TRANSPARENT_BLUE_VALUE: -1
04-13 00:40:24.421 22207 22228 V native-activity: 		EGL_STENCIL_SIZE: 8
04-13 00:40:24.421 22207 22228 V native-activity: 		EGL_DEPTH_SIZE: 24
04-13 00:40:24.422 22207 22228 V native-activity: 		EGL_BIND_TO_TEXTURE_RGB: 1
04-13 00:40:24.422 22207 22228 V native-activity: 		EGL_BIND_TO_TEXTURE_RGBA: 1
04-13 00:40:24.422 22207 22228 V native-activity: 		EGL_MIN_SWAP_INTERVAL: 0
04-13 00:40:24.422 22207 22228 V native-activity: 		EGL_MAX_SWAP_INTERVAL: 10
04-13 00:40:24.422 22207 22228 V native-activity: 		EGL_MAX_PBUFFER_WIDTH: 4096
04-13 00:40:24.422 22207 22228 V native-activity: 		EGL_MAX_PBUFFER_HEIGHT: 4096
04-13 00:40:24.422 22207 22228 D native-activity: 	Config 0x60000005 index 4
04-13 00:40:24.422 22207 22228 V native-activity: 		EGL_CONFIG_ID: 18
04-13 00:40:24.422 22207 22228 V native-activity: 		EGL_CONFORMANT: 0
04-13 00:40:24.422 22207 22228 V native-activity: 		EGL_CONFIG_CAVEAT: 12369 EGL_NON_CONFORMANT_CONFIG,
04-13 00:40:24.422 22207 22228 V native-activity: 		EGL_RENDERABLE_TYPE: 5 EGL_OPENGL_ES_BIT, EGL_OPENGL_ES2_BIT,
04-13 00:40:24.422 22207 22228 V native-activity: 		EGL_SURFACE_TYPE: 1025 EGL_PBUFFER_BIT, EGL_SWAP_BEHAVIOR_PRESERVED_BIT,
04-13 00:40:24.422 22207 22228 V native-activity: 		EGL_LEVEL: 0
04-13 00:40:24.422 22207 22228 V native-activity: 		EGL_COLOR_BUFFER_TYPE: 12430 EGL_RGB_BUFFER,
04-13 00:40:24.422 22207 22228 V native-activity: 		EGL_BUFFER_SIZE: 16
04-13 00:40:24.422 22207 22228 V native-activity: 		EGL_SAMPLES: 4
04-13 00:40:24.422 22207 22228 V native-activity: 		EGL_SAMPLE_BUFFERS: 1
04-13 00:40:24.422 22207 22228 V native-activity: 		EGL_RED_SIZE: 5
04-13 00:40:24.422 22207 22228 V native-activity: 		EGL_GREEN_SIZE: 5
04-13 00:40:24.422 22207 22228 V native-activity: 		EGL_BLUE_SIZE: 5
04-13 00:40:24.422 22207 22228 V native-activity: 		EGL_ALPHA_SIZE: 1
04-13 00:40:24.422 22207 22228 V native-activity: 		EGL_ALPHA_MASK_SIZE: 0
04-13 00:40:24.422 22207 22228 V native-activity: 		EGL_LUMINANCE_SIZE: 0
04-13 00:40:24.422 22207 22228 V native-activity: 		EGL_TRANSPARENT_TYPE: 12344 EGL_NONE,
04-13 00:40:24.422 22207 22228 V native-activity: 		EGL_TRANSPARENT_RED_VALUE: -1
04-13 00:40:24.422 22207 22228 V native-activity: 		EGL_TRANSPARENT_GREEN_VALUE: -1
04-13 00:40:24.422 22207 22228 V native-activity: 		EGL_TRANSPARENT_BLUE_VALUE: -1
04-13 00:40:24.422 22207 22228 V native-activity: 		EGL_STENCIL_SIZE: 8
04-13 00:40:24.422 22207 22228 V native-activity: 		EGL_DEPTH_SIZE: 24
04-13 00:40:24.422 22207 22228 V native-activity: 		EGL_BIND_TO_TEXTURE_RGB: 1
04-13 00:40:24.422 22207 22228 V native-activity: 		EGL_BIND_TO_TEXTURE_RGBA: 1
04-13 00:40:24.422 22207 22228 V native-activity: 		EGL_MIN_SWAP_INTERVAL: 0
04-13 00:40:24.422 22207 22228 V native-activity: 		EGL_MAX_SWAP_INTERVAL: 10
04-13 00:40:24.422 22207 22228 V native-activity: 		EGL_MAX_PBUFFER_WIDTH: 4096
04-13 00:40:24.423 22207 22228 V native-activity: 		EGL_MAX_PBUFFER_HEIGHT: 4096
04-13 00:40:24.423 22207 22228 D native-activity: 	Config 0x60000006 index 5
04-13 00:40:24.423 22207 22228 V native-activity: 		EGL_CONFIG_ID: 20
04-13 00:40:24.423 22207 22228 V native-activity: 		EGL_CONFORMANT: 0
04-13 00:40:24.423 22207 22228 V native-activity: 		EGL_CONFIG_CAVEAT: 12369 EGL_NON_CONFORMANT_CONFIG,
04-13 00:40:24.423 22207 22228 V native-activity: 		EGL_RENDERABLE_TYPE: 5 EGL_OPENGL_ES_BIT, EGL_OPENGL_ES2_BIT,
04-13 00:40:24.423 22207 22228 V native-activity: 		EGL_SURFACE_TYPE: 1025 EGL_PBUFFER_BIT, EGL_SWAP_BEHAVIOR_PRESERVED_BIT,
04-13 00:40:24.423 22207 22228 V native-activity: 		EGL_LEVEL: 0
04-13 00:40:24.423 22207 22228 V native-activity: 		EGL_COLOR_BUFFER_TYPE: 12430 EGL_RGB_BUFFER,
04-13 00:40:24.423 22207 22228 V native-activity: 		EGL_BUFFER_SIZE: 16
04-13 00:40:24.423 22207 22228 V native-activity: 		EGL_SAMPLES: 16
04-13 00:40:24.423 22207 22228 V native-activity: 		EGL_SAMPLE_BUFFERS: 1
04-13 00:40:24.423 22207 22228 V native-activity: 		EGL_RED_SIZE: 5
04-13 00:40:24.423 22207 22228 V native-activity: 		EGL_GREEN_SIZE: 5
04-13 00:40:24.423 22207 22228 V native-activity: 		EGL_BLUE_SIZE: 5
04-13 00:40:24.423 22207 22228 V native-activity: 		EGL_ALPHA_SIZE: 1
04-13 00:40:24.423 22207 22228 V native-activity: 		EGL_ALPHA_MASK_SIZE: 0
04-13 00:40:24.423 22207 22228 V native-activity: 		EGL_LUMINANCE_SIZE: 0
04-13 00:40:24.423 22207 22228 V native-activity: 		EGL_TRANSPARENT_TYPE: 12344 EGL_NONE,
04-13 00:40:24.423 22207 22228 V native-activity: 		EGL_TRANSPARENT_RED_VALUE: -1
04-13 00:40:24.423 22207 22228 V native-activity: 		EGL_TRANSPARENT_GREEN_VALUE: -1
04-13 00:40:24.423 22207 22228 V native-activity: 		EGL_TRANSPARENT_BLUE_VALUE: -1
04-13 00:40:24.423 22207 22228 V native-activity: 		EGL_STENCIL_SIZE: 8
04-13 00:40:24.423 22207 22228 V native-activity: 		EGL_DEPTH_SIZE: 24
04-13 00:40:24.423 22207 22228 V native-activity: 		EGL_BIND_TO_TEXTURE_RGB: 1
04-13 00:40:24.423 22207 22228 V native-activity: 		EGL_BIND_TO_TEXTURE_RGBA: 1
04-13 00:40:24.423 22207 22228 V native-activity: 		EGL_MIN_SWAP_INTERVAL: 0
04-13 00:40:24.423 22207 22228 V native-activity: 		EGL_MAX_SWAP_INTERVAL: 10
04-13 00:40:24.423 22207 22228 V native-activity: 		EGL_MAX_PBUFFER_WIDTH: 4096
04-13 00:40:24.423 22207 22228 V native-activity: 		EGL_MAX_PBUFFER_HEIGHT: 4096
04-13 00:40:24.423 22207 22228 D native-activity: 	Config 0x60000007 index 6
04-13 00:40:24.423 22207 22228 V native-activity: 		EGL_CONFIG_ID: 21
04-13 00:40:24.423 22207 22228 V native-activity: 		EGL_CONFORMANT: 0
04-13 00:40:24.423 22207 22228 V native-activity: 		EGL_CONFIG_CAVEAT: 12369 EGL_NON_CONFORMANT_CONFIG,
04-13 00:40:24.424 22207 22228 V native-activity: 		EGL_RENDERABLE_TYPE: 5 EGL_OPENGL_ES_BIT, EGL_OPENGL_ES2_BIT,
04-13 00:40:24.424 22207 22228 V native-activity: 		EGL_SURFACE_TYPE: 1025 EGL_PBUFFER_BIT, EGL_SWAP_BEHAVIOR_PRESERVED_BIT,
04-13 00:40:24.424 22207 22228 V native-activity: 		EGL_LEVEL: 0
04-13 00:40:24.424 22207 22228 V native-activity: 		EGL_COLOR_BUFFER_TYPE: 12430 EGL_RGB_BUFFER,
04-13 00:40:24.424 22207 22228 V native-activity: 		EGL_BUFFER_SIZE: 16
04-13 00:40:24.424 22207 22228 V native-activity: 		EGL_SAMPLES: 0
04-13 00:40:24.424 22207 22228 V native-activity: 		EGL_SAMPLE_BUFFERS: 0
04-13 00:40:24.424 22207 22228 V native-activity: 		EGL_RED_SIZE: 4
04-13 00:40:24.424 22207 22228 V native-activity: 		EGL_GREEN_SIZE: 4
04-13 00:40:24.424 22207 22228 V native-activity: 		EGL_BLUE_SIZE: 4
04-13 00:40:24.424 22207 22228 V native-activity: 		EGL_ALPHA_SIZE: 4
04-13 00:40:24.424 22207 22228 V native-activity: 		EGL_ALPHA_MASK_SIZE: 0
04-13 00:40:24.424 22207 22228 V native-activity: 		EGL_LUMINANCE_SIZE: 0
04-13 00:40:24.424 22207 22228 V native-activity: 		EGL_TRANSPARENT_TYPE: 12344 EGL_NONE,
04-13 00:40:24.425 22207 22228 V native-activity: 		EGL_TRANSPARENT_RED_VALUE: -1
04-13 00:40:24.425 22207 22228 V native-activity: 		EGL_TRANSPARENT_GREEN_VALUE: -1
04-13 00:40:24.425 22207 22228 V native-activity: 		EGL_TRANSPARENT_BLUE_VALUE: -1
04-13 00:40:24.425 22207 22228 V native-activity: 		EGL_STENCIL_SIZE: 8
04-13 00:40:24.425 22207 22228 V native-activity: 		EGL_DEPTH_SIZE: 24
04-13 00:40:24.425 22207 22228 V native-activity: 		EGL_BIND_TO_TEXTURE_RGB: 1
04-13 00:40:24.425 22207 22228 V native-activity: 		EGL_BIND_TO_TEXTURE_RGBA: 1
04-13 00:40:24.425 22207 22228 V native-activity: 		EGL_MIN_SWAP_INTERVAL: 0
04-13 00:40:24.425 22207 22228 V native-activity: 		EGL_MAX_SWAP_INTERVAL: 10
04-13 00:40:24.425 22207 22228 V native-activity: 		EGL_MAX_PBUFFER_WIDTH: 4096
04-13 00:40:24.425 22207 22228 V native-activity: 		EGL_MAX_PBUFFER_HEIGHT: 4096
04-13 00:40:24.425 22207 22228 D native-activity: 	Config 0x60000008 index 7
04-13 00:40:24.425 22207 22228 V native-activity: 		EGL_CONFIG_ID: 22
04-13 00:40:24.425 22207 22228 V native-activity: 		EGL_CONFORMANT: 0
04-13 00:40:24.425 22207 22228 V native-activity: 		EGL_CONFIG_CAVEAT: 12369 EGL_NON_CONFORMANT_CONFIG,
04-13 00:40:24.425 22207 22228 V native-activity: 		EGL_RENDERABLE_TYPE: 5 EGL_OPENGL_ES_BIT, EGL_OPENGL_ES2_BIT,
04-13 00:40:24.425 22207 22228 V native-activity: 		EGL_SURFACE_TYPE: 1025 EGL_PBUFFER_BIT, EGL_SWAP_BEHAVIOR_PRESERVED_BIT,
04-13 00:40:24.425 22207 22228 V native-activity: 		EGL_LEVEL: 0
04-13 00:40:24.425 22207 22228 V native-activity: 		EGL_COLOR_BUFFER_TYPE: 12430 EGL_RGB_BUFFER,
04-13 00:40:24.425 22207 22228 V native-activity: 		EGL_BUFFER_SIZE: 16
04-13 00:40:24.425 22207 22228 V native-activity: 		EGL_SAMPLES: 4
04-13 00:40:24.425 22207 22228 V native-activity: 		EGL_SAMPLE_BUFFERS: 1
04-13 00:40:24.425 22207 22228 V native-activity: 		EGL_RED_SIZE: 4
04-13 00:40:24.425 22207 22228 V native-activity: 		EGL_GREEN_SIZE: 4
04-13 00:40:24.425 22207 22228 V native-activity: 		EGL_BLUE_SIZE: 4
04-13 00:40:24.425 22207 22228 V native-activity: 		EGL_ALPHA_SIZE: 4
04-13 00:40:24.425 22207 22228 V native-activity: 		EGL_ALPHA_MASK_SIZE: 0
04-13 00:40:24.425 22207 22228 V native-activity: 		EGL_LUMINANCE_SIZE: 0
04-13 00:40:24.425 22207 22228 V native-activity: 		EGL_TRANSPARENT_TYPE: 12344 EGL_NONE,
04-13 00:40:24.425 22207 22228 V native-activity: 		EGL_TRANSPARENT_RED_VALUE: -1
04-13 00:40:24.425 22207 22228 V native-activity: 		EGL_TRANSPARENT_GREEN_VALUE: -1
04-13 00:40:24.425 22207 22228 V native-activity: 		EGL_TRANSPARENT_BLUE_VALUE: -1
04-13 00:40:24.425 22207 22228 V native-activity: 		EGL_STENCIL_SIZE: 8
04-13 00:40:24.425 22207 22228 V native-activity: 		EGL_DEPTH_SIZE: 24
04-13 00:40:24.426 22207 22228 V native-activity: 		EGL_BIND_TO_TEXTURE_RGB: 1
04-13 00:40:24.426 22207 22228 V native-activity: 		EGL_BIND_TO_TEXTURE_RGBA: 1
04-13 00:40:24.426   917   943 I Vlog    : Fluidity:cold_launch_time:fgtracking=false;DV;1,key=com.example.sonicdash_stage1/android.app.NativeActivity;DV;1,Timer=329.0;TI;1,unit=ms;DV;1:HI
04-13 00:40:24.426   917   943 I ActivityManager: Displayed com.example.sonicdash_stage1/android.app.NativeActivity: +329ms
04-13 00:40:24.427 22207 22228 V native-activity: 		EGL_MIN_SWAP_INTERVAL: 0
04-13 00:40:24.427 22207 22228 V native-activity: 		EGL_MAX_SWAP_INTERVAL: 10
04-13 00:40:24.427 22207 22228 V native-activity: 		EGL_MAX_PBUFFER_WIDTH: 4096
04-13 00:40:24.427 22207 22228 V native-activity: 		EGL_MAX_PBUFFER_HEIGHT: 4096
04-13 00:40:24.427 22207 22228 D native-activity: 	Config 0x60000009 index 8
04-13 00:40:24.428 22207 22228 V native-activity: 		EGL_CONFIG_ID: 23
04-13 00:40:24.428 22207 22228 V native-activity: 		EGL_CONFORMANT: 0
04-13 00:40:24.428 22207 22228 V native-activity: 		EGL_CONFIG_CAVEAT: 12369 EGL_NON_CONFORMANT_CONFIG,
04-13 00:40:24.428 22207 22228 V native-activity: 		EGL_RENDERABLE_TYPE: 5 EGL_OPENGL_ES_BIT, EGL_OPENGL_ES2_BIT,
04-13 00:40:24.428 22207 22228 V native-activity: 		EGL_SURFACE_TYPE: 1025 EGL_PBUFFER_BIT, EGL_SWAP_BEHAVIOR_PRESERVED_BIT,
04-13 00:40:24.428 22207 22228 V native-activity: 		EGL_LEVEL: 0
04-13 00:40:24.428 22207 22228 V native-activity: 		EGL_COLOR_BUFFER_TYPE: 12430 EGL_RGB_BUFFER,
04-13 00:40:24.428 22207 22228 V native-activity: 		EGL_BUFFER_SIZE: 16
04-13 00:40:24.428 22207 22228 V native-activity: 		EGL_SAMPLES: 16
04-13 00:40:24.428 22207 22228 V native-activity: 		EGL_SAMPLE_BUFFERS: 1
04-13 00:40:24.428 22207 22228 V native-activity: 		EGL_RED_SIZE: 4
04-13 00:40:24.428 22207 22228 V native-activity: 		EGL_GREEN_SIZE: 4
04-13 00:40:24.428 22207 22228 V native-activity: 		EGL_BLUE_SIZE: 4
04-13 00:40:24.428 22207 22228 V native-activity: 		EGL_ALPHA_SIZE: 4
04-13 00:40:24.428 22207 22228 V native-activity: 		EGL_ALPHA_MASK_SIZE: 0
04-13 00:40:24.429 22207 22228 V native-activity: 		EGL_LUMINANCE_SIZE: 0
04-13 00:40:24.429   917  1055 I LoggerMetricsFactoryImpl: PhoneWindowManager:ActivityChanged:com.example.sonicdash_stage1=1.0;CT;1:NR
04-13 00:40:24.429 22207 22228 V native-activity: 		EGL_TRANSPARENT_TYPE: 12344 EGL_NONE,
04-13 00:40:24.429 22207 22228 V native-activity: 		EGL_TRANSPARENT_RED_VALUE: -1
04-13 00:40:24.429 22207 22228 V native-activity: 		EGL_TRANSPARENT_GREEN_VALUE: -1
04-13 00:40:24.429 22207 22228 V native-activity: 		EGL_TRANSPARENT_BLUE_VALUE: -1
04-13 00:40:24.429 22207 22228 V native-activity: 		EGL_STENCIL_SIZE: 8
04-13 00:40:24.429 22207 22228 V native-activity: 		EGL_DEPTH_SIZE: 24
04-13 00:40:24.429 22207 22228 V native-activity: 		EGL_BIND_TO_TEXTURE_RGB: 1
04-13 00:40:24.429 22207 22228 V native-activity: 		EGL_BIND_TO_TEXTURE_RGBA: 1
04-13 00:40:24.429 22207 22228 V native-activity: 		EGL_MIN_SWAP_INTERVAL: 0
04-13 00:40:24.429 22207 22228 V native-activity: 		EGL_MAX_SWAP_INTERVAL: 10
04-13 00:40:24.429 22207 22228 V native-activity: 		EGL_MAX_PBUFFER_WIDTH: 4096
04-13 00:40:24.429 22207 22228 V native-activity: 		EGL_MAX_PBUFFER_HEIGHT: 4096
04-13 00:40:24.429 22207 22228 D native-activity: 	Config 0x6000000a index 9
04-13 00:40:24.429 22207 22228 V native-activity: 		EGL_CONFIG_ID: 9
04-13 00:40:24.429 22207 22228 V native-activity: 		EGL_CONFORMANT: 5 EGL_OPENGL_ES_BIT, EGL_OPENGL_ES2_BIT,
04-13 00:40:24.429 22207 22228 V native-activity: 		EGL_CONFIG_CAVEAT: 12344 EGL_NONE,
04-13 00:40:24.429 22207 22228 V native-activity: 		EGL_RENDERABLE_TYPE: 5 EGL_OPENGL_ES_BIT, EGL_OPENGL_ES2_BIT,
04-13 00:40:24.430 22207 22228 V native-activity: 		EGL_SURFACE_TYPE: 1031 EGL_PBUFFER_BIT, EGL_PIXMAP_BIT, EGL_SWAP_BEHAVIOR_PRESERVED_BIT, EGL_WINDOW_BIT,
04-13 00:40:24.430 22207 22228 V native-activity: 		EGL_LEVEL: 0
04-13 00:40:24.430 22207 22228 V native-activity: 		EGL_COLOR_BUFFER_TYPE: 12430 EGL_RGB_BUFFER,
04-13 00:40:24.430 22207 22228 V native-activity: 		EGL_BUFFER_SIZE: 32
04-13 00:40:24.430 22207 22228 V native-activity: 		EGL_SAMPLES: 0
04-13 00:40:24.431 22207 22228 V native-activity: 		EGL_SAMPLE_BUFFERS: 0
04-13 00:40:24.431 22207 22228 V native-activity: 		EGL_RED_SIZE: 8
04-13 00:40:24.431 22207 22228 V native-activity: 		EGL_GREEN_SIZE: 8
04-13 00:40:24.431 22207 22228 V native-activity: 		EGL_BLUE_SIZE: 8
04-13 00:40:24.431 22207 22228 V native-activity: 		EGL_ALPHA_SIZE: 8
04-13 00:40:24.431 22207 22228 V native-activity: 		EGL_ALPHA_MASK_SIZE: 0
04-13 00:40:24.431 22207 22228 V native-activity: 		EGL_LUMINANCE_SIZE: 0
04-13 00:40:24.431 22207 22228 V native-activity: 		EGL_TRANSPARENT_TYPE: 12344 EGL_NONE,
04-13 00:40:24.431 22207 22228 V native-activity: 		EGL_TRANSPARENT_RED_VALUE: -1
04-13 00:40:24.431 22207 22228 V native-activity: 		EGL_TRANSPARENT_GREEN_VALUE: -1
04-13 00:40:24.431 22207 22228 V native-activity: 		EGL_TRANSPARENT_BLUE_VALUE: -1
04-13 00:40:24.431 22207 22228 V native-activity: 		EGL_STENCIL_SIZE: 8
04-13 00:40:24.431 22207 22228 V native-activity: 		EGL_DEPTH_SIZE: 24
04-13 00:40:24.431 22207 22228 V native-activity: 		EGL_BIND_TO_TEXTURE_RGB: 1
04-13 00:40:24.431 22207 22228 V native-activity: 		EGL_BIND_TO_TEXTURE_RGBA: 1
04-13 00:40:24.431 22207 22228 V native-activity: 		EGL_MIN_SWAP_INTERVAL: 0
04-13 00:40:24.431 22207 22228 V native-activity: 		EGL_MAX_SWAP_INTERVAL: 10
04-13 00:40:24.431 22207 22228 V native-activity: 		EGL_MAX_PBUFFER_WIDTH: 4096
04-13 00:40:24.431 22207 22228 V native-activity: 		EGL_MAX_PBUFFER_HEIGHT: 4096
04-13 00:40:24.431 22207 22228 D native-activity: 	Config 0x6000000b index 10
04-13 00:40:24.431 22207 22228 V native-activity: 		EGL_CONFIG_ID: 38
04-13 00:40:24.431 22207 22228 V native-activity: 		EGL_CONFORMANT: 5 EGL_OPENGL_ES_BIT, EGL_OPENGL_ES2_BIT,
04-13 00:40:24.431 22207 22228 V native-activity: 		EGL_CONFIG_CAVEAT: 12369 EGL_NON_CONFORMANT_CONFIG,
04-13 00:40:24.431 22207 22228 V native-activity: 		EGL_RENDERABLE_TYPE: 5 EGL_OPENGL_ES_BIT, EGL_OPENGL_ES2_BIT,
04-13 00:40:24.431 22207 22228 V native-activity: 		EGL_SURFACE_TYPE: 1031 EGL_PBUFFER_BIT, EGL_PIXMAP_BIT, EGL_SWAP_BEHAVIOR_PRESERVED_BIT, EGL_WINDOW_BIT,
