04-13 01:14:02.172 27620 27653 I native-activity: Swap 763 time is 24.701ms
04-13 01:14:02.172 27620 27653 I native-activity: Animating
04-13 01:14:02.187 27620 27653 I native-activity: Frame 764 GL error is 0x0
04-13 01:14:02.187 27620 27653 I native-activity: Frame 764 time is 14.507ms
04-13 01:14:02.203 27620 27653 I native-activity: Swap 764 time is 30.770ms
04-13 01:14:02.203 27620 27653 I native-activity: Animating
04-13 01:14:02.223 27620 27653 I native-activity: Frame 765 GL error is 0x0
04-13 01:14:02.223 27620 27653 I native-activity: Frame 765 time is 19.898ms
04-13 01:14:02.233 27620 27653 I native-activity: Swap 765 time is 30.192ms
04-13 01:14:02.234 27620 27653 I native-activity: Animating
04-13 01:14:02.252 27620 27653 I native-activity: Frame 766 GL error is 0x0
04-13 01:14:02.252 27620 27653 I native-activity: Frame 766 time is 18.800ms
04-13 01:14:02.240    82    82 I Kernel  : [47280.920595].(0)[82:mtk charger_hv_]charging_reset_watch_dog_timer
04-13 01:14:02.240    82    82 I Kernel  : [47280.921468].(0)[82:mtk charger_hv_]array_size = 16 
04-13 01:14:02.264 27620 27653 I native-activity: Swap 766 time is 30.301ms
04-13 01:14:02.266 27620 27653 I native-activity: Animating
04-13 01:14:02.283 27620 27653 I native-activity: Frame 767 GL error is 0x0
04-13 01:14:02.283 27620 27653 I native-activity: Frame 767 time is 17.207ms
04-13 01:14:02.295 27620 27653 I native-activity: Swap 767 time is 29.522ms
04-13 01:14:02.295 27620 27653 I native-activity: Animating
04-13 01:14:02.313 27620 27653 I native-activity: Frame 768 GL error is 0x0
04-13 01:14:02.313 27620 27653 I native-activity: Frame 768 time is 17.690ms
04-13 01:14:02.327 27620 27653 I native-activity: Swap 768 time is 31.488ms
04-13 01:14:02.328 27620 27653 I native-activity: Animating
04-13 01:14:02.345 27620 27653 I native-activity: Frame 769 GL error is 0x0
04-13 01:14:02.345 27620 27653 I native-activity: Frame 769 time is 16.793ms
04-13 01:14:02.358 27620 27653 I native-activity: Swap 769 time is 30.275ms
04-13 01:14:02.360 27620 27653 I native-activity: Animating
04-13 01:14:02.375 27620 27653 I native-activity: Frame 770 GL error is 0x0
04-13 01:14:02.375 27620 27653 I native-activity: Frame 770 time is 15.657ms
04-13 01:14:02.390 27620 27653 I native-activity: Swap 770 time is 30.410ms
04-13 01:14:02.391 27620 27653 I native-activity: Animating
04-13 01:14:02.410 27620 27653 I native-activity: Frame 771 GL error is 0x0
04-13 01:14:02.410 27620 27653 I native-activity: Frame 771 time is 18.898ms
04-13 01:14:02.421 27620 27653 I native-activity: Swap 771 time is 30.009ms
04-13 01:14:02.422 27620 27653 I native-activity: Animating
04-13 01:14:02.438 27620 27653 I native-activity: Frame 772 GL error is 0x0
04-13 01:14:02.438 27620 27653 I native-activity: Frame 772 time is 16.307ms
04-13 01:14:02.452 27620 27653 I native-activity: Swap 772 time is 30.165ms
04-13 01:14:02.452 27620 27653 I native-activity: Animating
04-13 01:14:02.468 27620 27653 I native-activity: Frame 773 GL error is 0x0
04-13 01:14:02.468 27620 27653 I native-activity: Frame 773 time is 15.882ms
04-13 01:14:02.483 27620 27653 I native-activity: Swap 773 time is 30.548ms
04-13 01:14:02.483 27620 27653 I native-activity: Animating
04-13 01:14:02.470     0     0 I Kernel  : [47281.149389]-(0)[0:swapper/0]dpi vsync
04-13 01:14:02.501 27620 27653 I native-activity: Frame 774 GL error is 0x0
04-13 01:14:02.501 27620 27653 I native-activity: Frame 774 time is 17.650ms
04-13 01:14:02.513 27620 27653 I native-activity: Swap 774 time is 30.302ms
04-13 01:14:02.514 27620 27653 I native-activity: Animating
04-13 01:14:02.534 27620 27653 I native-activity: Frame 775 GL error is 0x0
04-13 01:14:02.534 27620 27653 I native-activity: Frame 775 time is 20.342ms
04-13 01:14:02.544 27620 27653 I native-activity: Swap 775 time is 30.251ms
04-13 01:14:02.544 27620 27653 I native-activity: Animating
04-13 01:14:02.553  1787  1787 I AmazonLocationController: onWifiSignalChanged : connected : true
04-13 01:14:02.563 27620 27653 I native-activity: Frame 776 GL error is 0x0
04-13 01:14:02.563 27620 27653 I native-activity: Frame 776 time is 18.338ms
04-13 01:14:02.574 27620 27653 I native-activity: Swap 776 time is 29.926ms
04-13 01:14:02.575 27620 27653 I native-activity: Animating
04-13 01:14:02.589 27620 27653 I native-activity: Frame 777 GL error is 0x0
04-13 01:14:02.589 27620 27653 I native-activity: Frame 777 time is 13.968ms
04-13 01:14:02.605 27620 27653 I native-activity: Swap 777 time is 30.132ms
04-13 01:14:02.606 27620 27653 I native-activity: Animating
04-13 01:14:02.619 27620 27653 I native-activity: Frame 778 GL error is 0x0
04-13 01:14:02.619 27620 27653 I native-activity: Frame 778 time is 13.153ms
04-13 01:14:02.635 27620 27653 I native-activity: Swap 778 time is 29.158ms
04-13 01:14:02.636 27620 27653 I native-activity: Animating
04-13 01:14:02.648 27620 27653 I native-activity: Frame 779 GL error is 0x0
04-13 01:14:02.648 27620 27653 I native-activity: Frame 779 time is 11.898ms
04-13 01:14:02.666 27620 27653 I native-activity: Swap 779 time is 29.126ms
04-13 01:14:02.666 27620 27653 I native-activity: Animating
04-13 01:14:02.678 27620 27653 I native-activity: Frame 780 GL error is 0x0
04-13 01:14:02.679 27620 27653 I native-activity: Frame 780 time is 12.771ms
04-13 01:14:02.696 27620 27653 I native-activity: Swap 780 time is 30.654ms
04-13 01:14:02.697 27620 27653 I native-activity: Animating
04-13 01:14:02.721 27620 27653 I native-activity: Frame 781 GL error is 0x501
04-13 01:14:02.721 27620 27653 I native-activity: Frame 781 time is 24.127ms
04-13 01:14:02.727 27620 27653 I native-activity: Swap 781 time is 30.179ms
04-13 01:14:02.727 27620 27653 I native-activity: Animating
04-13 01:14:02.749 27620 27653 I native-activity: Frame 782 GL error is 0x0
04-13 01:14:02.749 27620 27653 I native-activity: Frame 782 time is 22.327ms
04-13 01:14:02.758 27620 27653 I native-activity: Swap 782 time is 30.558ms
04-13 01:14:02.758 27620 27653 I native-activity: Animating
04-13 01:14:02.774 27620 27653 I native-activity: Frame 783 GL error is 0x0
04-13 01:14:02.774 27620 27653 I native-activity: Frame 783 time is 16.387ms
04-13 01:14:02.789 27620 27653 I native-activity: Swap 783 time is 30.934ms
04-13 01:14:02.789 27620 27653 I native-activity: Animating
04-13 01:14:02.804 27620 27653 I native-activity: Frame 784 GL error is 0x0
04-13 01:14:02.805 27620 27653 I native-activity: Frame 784 time is 15.669ms
04-13 01:14:02.820 27620 27653 I native-activity: Swap 784 time is 31.334ms
04-13 01:14:02.820 27620 27653 I native-activity: Animating
04-13 01:14:02.840 27620 27653 I native-activity: Frame 785 GL error is 0x0
04-13 01:14:02.840 27620 27653 I native-activity: Frame 785 time is 19.325ms
04-13 01:14:02.851 27620 27653 I native-activity: Swap 785 time is 30.692ms
04-13 01:14:02.851 27620 27653 I native-activity: Animating
04-13 01:14:02.870 27620 27653 I native-activity: Frame 786 GL error is 0x0
04-13 01:14:02.870 27620 27653 I native-activity: Frame 786 time is 18.624ms
04-13 01:14:02.883 27620 27653 I native-activity: Swap 786 time is 31.524ms
04-13 01:14:02.883 27620 27653 I native-activity: Animating
04-13 01:14:02.897 27620 27653 I native-activity: Frame 787 GL error is 0x0
04-13 01:14:02.897 27620 27653 I native-activity: Frame 787 time is 14.032ms
04-13 01:14:02.913 27620 27653 I native-activity: Swap 787 time is 30.443ms
04-13 01:14:02.914 27620 27653 I native-activity: Animating
04-13 01:14:02.933 27620 27653 I native-activity: Frame 788 GL error is 0x0
04-13 01:14:02.934 27620 27653 I native-activity: Frame 788 time is 19.840ms
04-13 01:14:02.944 27620 27653 I native-activity: Swap 788 time is 30.328ms
04-13 01:14:02.944 27620 27653 I native-activity: Animating
04-13 01:14:02.930    81    81 I Kernel  : [47281.611360].(0)[81:bat_thread_kthr][BAT_thread]Cable in, CHR_Type_num=2
04-13 01:14:02.959 27620 27653 I native-activity: Frame 789 GL error is 0x0
04-13 01:14:02.959 27620 27653 I native-activity: Frame 789 time is 15.137ms
04-13 01:14:02.950    81    81 I Kernel  : [47281.624274].(0)[81:bat_thread_kthr]AvgVbat=(4202),bat_vol=(4190),AvgI=(0),I=(0),VChr=(4645),AvgT=(24),T=(24),pre_SOC=(100),SOC=(100),ZCV=(4045)
04-13 01:14:02.950    81    81 I Kernel  : [47281.624353].(0)[81:bat_thread_kthr][BATTERY] support JEITA, temperature=24
04-13 01:14:02.950    81    81 I Kernel  : [47281.624369][BATTERY] Battery Normal Temperature between 10 and 45 !!
04-13 01:14:02.950    81    81 I Kernel  : [47281.624387].(0)[81:bat_thread_kthr]array_size = 51 
04-13 01:14:02.950    81    81 I Kernel  : [47281.625248].(0)[81:bat_thread_kthr]charging_reset_watch_dog_timer
04-13 01:14:02.975 27620 27653 I native-activity: Swap 789 time is 30.709ms
04-13 01:14:02.976 27620 27653 I native-activity: Animating
04-13 01:14:02.960    81    81 I Kernel  : [47281.640722].(1)[81:bat_thread_kthr][BATTERY] Default CC mode charging : 150000, input current = 150000
04-13 01:14:02.960    81    81 I Kernel  : [47281.640770].(1)[81:bat_thread_kthr]array_size = 8 
04-13 01:14:02.970    81    81 I Kernel  : [47281.644308].(1)[81:bat_thread_kthr]array_size = 28 
04-13 01:14:02.970    81    81 I Kernel  : [47281.648182].(1)[81:bat_thread_kthr]charging_dump_register
04-13 01:14:02.970    81    81 I Kernel  : [47281.649492].(1)[81:bat_thread_kthr][bq24296_dump_register] Reg[0x0]=0x45
04-13 01:14:02.970    81    81 I Kernel  : [47281.650020].(1)[81:bat_thread_kthr][bq24296_dump_register] Reg[0x1]=0x1B
04-13 01:14:02.970    81    81 I Kernel  : [47281.650539].(1)[81:bat_thread_kthr][bq24296_dump_register] Reg[0x2]=0x3C
04-13 01:14:02.970    81    81 I Kernel  : [47281.651049].(1)[81:bat_thread_kthr][bq24296_dump_register] Reg[0x3]=0x30
04-13 01:14:02.980    81    81 I Kernel  : [47281.652383].(1)[81:bat_thread_kthr][bq24296_dump_register] Reg[0x4]=0xB2
04-13 01:14:02.991 27620 27653 I native-activity: Frame 790 GL error is 0x0
04-13 01:14:02.991 27620 27653 I native-activity: Frame 790 time is 15.373ms
04-13 01:14:02.998   143   315 I hwcomposer: [DPY] UEventThread::threadLoop recv change@/devices/platform/battery/power_supply/battery
04-13 01:14:02.980    81    81 I Kernel  : [47281.655278].(0)[81:bat_thread_kthr][bq24296_dump_register] Reg[0x5]=0x94
04-13 01:14:02.980    81    81 I Kernel  : [47281.655812].(0)[81:bat_thread_kthr][bq24296_dump_register] Reg[0x6]=0x73
04-13 01:14:02.980    81    81 I Kernel  : [47281.656319].(0)[81:bat_thread_kthr][bq24296_dump_register] Reg[0x7]=0x48
04-13 01:14:02.980    81    81 I Kernel  : [47281.656818].(0)[81:bat_thread_kthr][bq24296_dump_register] Reg[0x8]=0x74
04-13 01:14:02.980    81    81 I Kernel  : [47281.657492].(0)[81:bat_thread_kthr][bq24296_dump_register] Reg[0x9]=0x0
04-13 01:14:02.980    81    81 I Kernel  : [47281.657993].(0)[81:bat_thread_kthr][bq24296_dump_register] Reg[0xA]=0x20
04-13 01:14:02.980    81    81 I Kernel  : [47281.658975].(0)[81:bat_thread_kthr][100percent], UI_SOC(100), reset(0)
04-13 01:14:02.980    81    81 I Kernel  : [47281.658993].(0)[81:bat_thread_kthr]UI_SOC=(100), resetBatteryMeter=(0)
04-13 01:14:02.980    81    81 I Kernel  : [47281.659235].(0)[81:bat_thread_kthr][mt_kpoc_power_off_check] , chr_vol=4645, boot_mode=0
04-13 01:14:02.980   139   139 I Kernel  : [47281.661105].(1)[139:healthd]healthd: battery l=100 v=4202 t=24.0 h=2 st=5 chg=u
04-13 01:14:03.005 27620 27653 I native-activity: Swap 790 time is 29.350ms
04-13 01:14:03.005 27620 27653 I native-activity: Animating
04-13 01:14:03.018 27620 27653 I native-activity: Frame 791 GL error is 0x0
04-13 01:14:03.018 27620 27653 I native-activity: Frame 791 time is 12.981ms
04-13 01:14:03.036 27620 27653 I native-activity: Swap 791 time is 30.442ms
04-13 01:14:03.036 27620 27653 I native-activity: Animating
04-13 01:14:03.049 27620 27653 I native-activity: Frame 792 GL error is 0x0
04-13 01:14:03.049 27620 27653 I native-activity: Frame 792 time is 12.903ms
04-13 01:14:03.066 27620 27653 I native-activity: Swap 792 time is 30.517ms
04-13 01:14:03.066 27620 27653 I native-activity: Animating
04-13 01:14:03.079 27620 27653 I native-activity: Frame 793 GL error is 0x0
04-13 01:14:03.079 27620 27653 I native-activity: Frame 793 time is 12.486ms
04-13 01:14:03.097 27620 27653 I native-activity: Swap 793 time is 30.585ms
04-13 01:14:03.097 27620 27653 I native-activity: Animating
04-13 01:14:03.111 27620 27653 I native-activity: Frame 794 GL error is 0x0
04-13 01:14:03.111 27620 27653 I native-activity: Frame 794 time is 13.915ms
04-13 01:14:03.128 27620 27653 I native-activity: Swap 794 time is 30.436ms
04-13 01:14:03.128 27620 27653 I native-activity: Animating
04-13 01:14:03.141 27620 27653 I native-activity: Frame 795 GL error is 0x0
04-13 01:14:03.141 27620 27653 I native-activity: Frame 795 time is 13.002ms
04-13 01:14:03.159 27620 27653 I native-activity: Swap 795 time is 31.094ms
04-13 01:14:03.160 27620 27653 I native-activity: Animating
04-13 01:14:03.173 27620 27653 I native-activity: Frame 796 GL error is 0x0
04-13 01:14:03.173 27620 27653 I native-activity: Frame 796 time is 12.724ms
04-13 01:14:03.190 27620 27653 I native-activity: Swap 796 time is 30.334ms
04-13 01:14:03.192 27620 27653 I native-activity: Animating
04-13 01:14:03.209 27620 27653 I native-activity: Frame 797 GL error is 0x0
04-13 01:14:03.209 27620 27653 I native-activity: Frame 797 time is 16.678ms
04-13 01:14:03.221 27620 27653 I native-activity: Swap 797 time is 28.959ms
04-13 01:14:03.222 27620 27653 I native-activity: Animating
04-13 01:14:03.245 27620 27653 I native-activity: Frame 798 GL error is 0x0
04-13 01:14:03.245 27620 27653 I native-activity: Frame 798 time is 23.295ms
04-13 01:14:03.252 27620 27653 I native-activity: Swap 798 time is 30.508ms
04-13 01:14:03.254 27620 27653 I native-activity: Animating
04-13 01:14:03.250    82    82 I Kernel  : [47281.921730].(1)[82:mtk charger_hv_]charging_reset_watch_dog_timer
04-13 01:14:03.250    82    82 I Kernel  : [47281.923942].(1)[82:mtk charger_hv_]array_size = 16 
04-13 01:14:03.276 27620 27653 I native-activity: Frame 799 GL error is 0x0
04-13 01:14:03.276 27620 27653 I native-activity: Frame 799 time is 22.382ms
04-13 01:14:03.283 27620 27653 I native-activity: Swap 799 time is 29.290ms
04-13 01:14:03.283 27620 27653 I native-activity: Animating
04-13 01:14:03.299 27620 27653 I native-activity: Frame 800 GL error is 0x0
04-13 01:14:03.299 27620 27653 I native-activity: Frame 800 time is 15.316ms
04-13 01:14:03.314 27620 27653 I native-activity: Swap 800 time is 30.261ms
04-13 01:14:03.314 27620 27653 I native-activity: Animating
04-13 01:14:03.325 27620 27653 I native-activity: Frame 801 GL error is 0x0
04-13 01:14:03.325 27620 27653 I native-activity: Frame 801 time is 11.072ms
04-13 01:14:03.345 27620 27653 I native-activity: Swap 801 time is 31.231ms
04-13 01:14:03.345 27620 27653 I native-activity: Animating
04-13 01:14:03.366 27620 27653 I native-activity: Frame 802 GL error is 0x0
04-13 01:14:03.366 27620 27653 I native-activity: Frame 802 time is 20.665ms
04-13 01:14:03.377 27620 27653 I native-activity: Swap 802 time is 31.232ms
04-13 01:14:03.377 27620 27653 I native-activity: Animating
04-13 01:14:03.393 27620 27653 I native-activity: Frame 803 GL error is 0x0
04-13 01:14:03.393 27620 27653 I native-activity: Frame 803 time is 16.331ms
04-13 01:14:03.408 27620 27653 I native-activity: Swap 803 time is 31.402ms
04-13 01:14:03.408 27620 27653 I native-activity: Animating
04-13 01:14:03.424 27620 27653 I native-activity: Frame 804 GL error is 0x0
04-13 01:14:03.425 27620 27653 I native-activity: Frame 804 time is 15.976ms
04-13 01:14:03.439 27620 27653 I native-activity: Swap 804 time is 30.398ms
04-13 01:14:03.439 27620 27653 I native-activity: Animating
04-13 01:14:03.463 27620 27653 I native-activity: Frame 805 GL error is 0x0
04-13 01:14:03.463 27620 27653 I native-activity: Frame 805 time is 24.098ms
04-13 01:14:03.470 27620 27653 I native-activity: Swap 805 time is 31.057ms
04-13 01:14:03.470 27620 27653 I native-activity: Animating
04-13 01:14:03.481 27620 27653 I native-activity: Frame 806 GL error is 0x0
04-13 01:14:03.481 27620 27653 I native-activity: Frame 806 time is 10.706ms
04-13 01:14:03.501 27620 27653 I native-activity: Swap 806 time is 30.706ms
04-13 01:14:03.502 27620 27653 I native-activity: Animating
04-13 01:14:03.512 27620 27653 I native-activity: Frame 807 GL error is 0x0
04-13 01:14:03.512 27620 27653 I native-activity: Frame 807 time is 9.761ms
04-13 01:14:03.532 27620 27653 I native-activity: Swap 807 time is 29.662ms
04-13 01:14:03.533 27620 27653 I native-activity: Animating
04-13 01:14:03.545 27620 27653 I native-activity: Frame 808 GL error is 0x0
04-13 01:14:03.546 27620 27653 I native-activity: Frame 808 time is 12.159ms
04-13 01:14:03.556  1787  1787 I AmazonLocationController: onWifiSignalChanged : connected : true
04-13 01:14:03.563 27620 27653 I native-activity: Swap 808 time is 29.881ms
04-13 01:14:03.563 27620 27653 I native-activity: Animating
04-13 01:14:03.573 27620 27653 I native-activity: Frame 809 GL error is 0x0
04-13 01:14:03.573 27620 27653 I native-activity: Frame 809 time is 9.417ms
04-13 01:14:03.594 27620 27653 I native-activity: Swap 809 time is 30.229ms
04-13 01:14:03.594 27620 27653 I native-activity: Animating
04-13 01:14:03.605 27620 27653 I native-activity: Frame 810 GL error is 0x0
04-13 01:14:03.605 27620 27653 I native-activity: Frame 810 time is 11.076ms
04-13 01:14:03.624 27620 27653 I native-activity: Swap 810 time is 30.237ms
04-13 01:14:03.624 27620 27653 I native-activity: Animating
04-13 01:14:03.638 27620 27653 I native-activity: Frame 811 GL error is 0x0
04-13 01:14:03.638 27620 27653 I native-activity: Frame 811 time is 13.225ms
04-13 01:14:03.655 27620 27653 I native-activity: Swap 811 time is 30.113ms
04-13 01:14:03.655 27620 27653 I native-activity: Animating
04-13 01:14:03.676 27620 27653 I native-activity: Frame 812 GL error is 0x0
04-13 01:14:03.676 27620 27653 I native-activity: Frame 812 time is 20.923ms
04-13 01:14:03.685 27620 27653 I native-activity: Swap 812 time is 29.856ms
04-13 01:14:03.685 27620 27653 I native-activity: Animating
04-13 01:14:03.705 27620 27653 I native-activity: Frame 813 GL error is 0x0
04-13 01:14:03.705 27620 27653 I native-activity: Frame 813 time is 20.297ms
04-13 01:14:03.715 27620 27653 I native-activity: Swap 813 time is 30.278ms
04-13 01:14:03.716 27620 27653 I native-activity: Animating
04-13 01:14:03.741 27620 27653 I native-activity: Frame 814 GL error is 0x0
04-13 01:14:03.741 27620 27653 I native-activity: Frame 814 time is 24.464ms
04-13 01:14:03.746 27620 27653 I native-activity: Swap 814 time is 28.995ms
04-13 01:14:03.747 27620 27653 I native-activity: Animating
04-13 01:14:03.761 27620 27653 I native-activity: Frame 815 GL error is 0x0
04-13 01:14:03.761 27620 27653 I native-activity: Frame 815 time is 13.902ms
04-13 01:14:03.776 27620 27653 I native-activity: Swap 815 time is 29.069ms
04-13 01:14:03.776 27620 27653 I native-activity: Animating
04-13 01:14:03.790 27620 27653 I native-activity: Frame 816 GL error is 0x0
04-13 01:14:03.790 27620 27653 I native-activity: Frame 816 time is 13.835ms
04-13 01:14:03.807 27620 27653 I native-activity: Swap 816 time is 30.215ms
04-13 01:14:03.807 27620 27653 I native-activity: Animating
04-13 01:14:03.841 27620 27653 I native-activity: Frame 817 GL error is 0x0
04-13 01:14:03.841 27620 27653 I native-activity: Frame 817 time is 33.832ms
04-13 01:14:03.844 27620 27653 I native-activity: Swap 817 time is 36.692ms
04-13 01:14:03.845 27620 27653 I native-activity: Animating
04-13 01:14:03.862 27620 27653 I native-activity: Frame 818 GL error is 0x0
04-13 01:14:03.862 27620 27653 I native-activity: Frame 818 time is 16.675ms
04-13 01:14:03.870 27620 27653 I native-activity: Swap 818 time is 25.230ms
04-13 01:14:03.870 27620 27653 I native-activity: Animating
04-13 01:14:03.880 27620 27653 I native-activity: Frame 819 GL error is 0x0
04-13 01:14:03.880 27620 27653 I native-activity: Frame 819 time is 9.347ms
04-13 01:14:03.901 27620 27653 I native-activity: Swap 819 time is 30.181ms
04-13 01:14:03.901 27620 27653 I native-activity: Animating
04-13 01:14:03.909 27620 27653 I native-activity: Frame 820 GL error is 0x0
04-13 01:14:03.910 27620 27653 I native-activity: Frame 820 time is 8.910ms
04-13 01:14:03.931 27620 27653 I native-activity: Swap 820 time is 30.488ms
04-13 01:14:03.931 27620 27653 I native-activity: Animating
04-13 01:14:03.946 27620 27653 I native-activity: Frame 821 GL error is 0x0
04-13 01:14:03.946 27620 27653 I native-activity: Frame 821 time is 14.234ms
04-13 01:14:03.962 27620 27653 I native-activity: Swap 821 time is 30.994ms
04-13 01:14:03.963 27620 27653 I native-activity: Animating
04-13 01:14:03.977 27620 27653 I native-activity: Frame 822 GL error is 0x0
04-13 01:14:03.978 27620 27653 I native-activity: Frame 822 time is 14.415ms
04-13 01:14:03.991 27620 27653 I native-activity: Swap 822 time is 28.403ms
04-13 01:14:03.991 27620 27653 I native-activity: Animating
04-13 01:14:04.008 27620 27653 I native-activity: Frame 823 GL error is 0x0
04-13 01:14:04.008 27620 27653 I native-activity: Frame 823 time is 16.518ms
04-13 01:14:04.021 27620 27653 I native-activity: Swap 823 time is 29.666ms
04-13 01:14:04.021 27620 27653 I native-activity: Animating
04-13 01:14:04.044 27620 27653 I native-activity: Frame 824 GL error is 0x0
04-13 01:14:04.044 27620 27653 I native-activity: Frame 824 time is 22.545ms
04-13 01:14:04.051 27620 27653 I native-activity: Swap 824 time is 29.636ms
04-13 01:14:04.051 27620 27653 I native-activity: Animating
04-13 01:14:04.069 27620 27653 I native-activity: Frame 825 GL error is 0x0
04-13 01:14:04.069 27620 27653 I native-activity: Frame 825 time is 17.480ms
04-13 01:14:04.081 27620 27653 I native-activity: Swap 825 time is 29.568ms
04-13 01:14:04.081 27620 27653 I native-activity: Animating
04-13 01:14:04.096 27620 27653 I native-activity: Frame 826 GL error is 0x0
04-13 01:14:04.096 27620 27653 I native-activity: Frame 826 time is 14.704ms
04-13 01:14:04.107 27620 27653 I native-activity: Swap 826 time is 25.893ms
04-13 01:14:04.107 27620 27653 I native-activity: Animating
04-13 01:14:04.124 27620 27653 I native-activity: Frame 827 GL error is 0x0
04-13 01:14:04.125 27620 27653 I native-activity: Frame 827 time is 17.320ms
04-13 01:14:04.142 27620 27653 I native-activity: Swap 827 time is 34.483ms
04-13 01:14:04.142 27620 27653 I native-activity: Animating
04-13 01:14:04.130 24946 24946 I Kernel  : [47282.801669].(0)[24946:kworker/0:1]virtual_sensor_thermal_get_temp mtktsbattery t=24000 a=7 o=-9500 w=437
04-13 01:14:04.130 24946 24946 I Kernel  : [47282.801758].(0)[24946:kworker/0:1]virtual_sensor_thermal_get_temp mtkts_bts t=28000 a=15 o=-1000 w=113
04-13 01:14:04.130 24946 24946 I Kernel  : [47282.802162].(0)[24946:kworker/0:1]virtual_sensor_thermal_get_temp mtktspmic t=45213 a=4 o=18000 w=450
04-13 01:14:04.130 24946 24946 I Kernel  : [47282.802204].(0)[24946:kworker/0:1]virtual_sensor_thermal_get_temp mtktswmt t=31000 a=1000 o=-5000 w=0
04-13 01:14:04.161 27620 27653 I native-activity: Frame 828 GL error is 0x0
04-13 01:14:04.162 27620 27653 I native-activity: Frame 828 time is 19.553ms
04-13 01:14:04.172 27620 27653 I native-activity: Swap 828 time is 29.549ms
04-13 01:14:04.172 27620 27653 I native-activity: Animating
04-13 01:14:04.189 27620 27653 I native-activity: Frame 829 GL error is 0x0
04-13 01:14:04.189 27620 27653 I native-activity: Frame 829 time is 17.014ms
04-13 01:14:04.201 27620 27653 I native-activity: Swap 829 time is 29.395ms
04-13 01:14:04.201 27620 27653 I native-activity: Animating
04-13 01:14:04.219 27620 27653 I native-activity: Frame 830 GL error is 0x0
04-13 01:14:04.219 27620 27653 I native-activity: Frame 830 time is 17.415ms
04-13 01:14:04.231 27620 27653 I native-activity: Swap 830 time is 29.454ms
04-13 01:14:04.231 27620 27653 I native-activity: Animating
04-13 01:14:04.247 27620 27653 I native-activity: Frame 831 GL error is 0x0
04-13 01:14:04.247 27620 27653 I native-activity: Frame 831 time is 15.435ms
04-13 01:14:04.261 27620 27653 I native-activity: Swap 831 time is 29.655ms
04-13 01:14:04.261 27620 27653 I native-activity: Animating
04-13 01:14:04.250    82    82 I Kernel  : [47282.924338].(1)[82:mtk charger_hv_]charging_reset_watch_dog_timer
04-13 01:14:04.250    82    82 I Kernel  : [47282.926422].(1)[82:mtk charger_hv_]array_size = 16 
04-13 01:14:04.276 27620 27653 I native-activity: Frame 832 GL error is 0x0
04-13 01:14:04.276 27620 27653 I native-activity: Frame 832 time is 14.662ms
04-13 01:14:04.287 27620 27653 I native-activity: Swap 832 time is 26.111ms
04-13 01:14:04.288 27620 27653 I native-activity: Animating
04-13 01:14:04.305 27620 27653 I native-activity: Frame 833 GL error is 0x0
04-13 01:14:04.305 27620 27653 I native-activity: Frame 833 time is 17.862ms
04-13 01:14:04.322 27620 27653 I native-activity: Swap 833 time is 34.293ms
04-13 01:14:04.322 27620 27653 I native-activity: Animating
04-13 01:14:04.339 27620 27653 I native-activity: Frame 834 GL error is 0x0
04-13 01:14:04.339 27620 27653 I native-activity: Frame 834 time is 16.915ms
04-13 01:14:04.352 27620 27653 I native-activity: Swap 834 time is 30.130ms
04-13 01:14:04.353 27620 27653 I native-activity: Animating
04-13 01:14:04.371 27620 27653 I native-activity: Frame 835 GL error is 0x0
04-13 01:14:04.372 27620 27653 I native-activity: Frame 835 time is 18.942ms
04-13 01:14:04.382 27620 27653 I native-activity: Swap 835 time is 29.713ms
04-13 01:14:04.383 27620 27653 I native-activity: Animating
04-13 01:14:04.398 27620 27653 I native-activity: Frame 836 GL error is 0x0
04-13 01:14:04.398 27620 27653 I native-activity: Frame 836 time is 15.537ms
04-13 01:14:04.413 27620 27653 I native-activity: Swap 836 time is 30.268ms
04-13 01:14:04.413 27620 27653 I native-activity: Animating
04-13 01:14:04.428 27620 27653 I native-activity: Frame 837 GL error is 0x0
04-13 01:14:04.428 27620 27653 I native-activity: Frame 837 time is 15.007ms
04-13 01:14:04.445 27620 27653 I native-activity: Swap 837 time is 31.892ms
04-13 01:14:04.445 27620 27653 I native-activity: Animating
04-13 01:14:04.459 27620 27653 I native-activity: Frame 838 GL error is 0x0
04-13 01:14:04.459 27620 27653 I native-activity: Frame 838 time is 13.694ms
04-13 01:14:04.463 27620 27653 I native-activity: Swap 838 time is 17.298ms
04-13 01:14:04.463 27620 27653 I native-activity: Animating
04-13 01:14:04.477 27620 27653 I native-activity: Frame 839 GL error is 0x0
04-13 01:14:04.477 27620 27653 I native-activity: Frame 839 time is 13.908ms
04-13 01:14:04.483 27620 27653 I native-activity: Swap 839 time is 19.708ms
04-13 01:14:04.483 27620 27653 I native-activity: Animating
04-13 01:14:04.492 27620 27653 I native-activity: Frame 840 GL error is 0x0
04-13 01:14:04.492 27620 27653 I native-activity: Frame 840 time is 8.824ms
04-13 01:14:04.498 27620 27653 I native-activity: Swap 840 time is 14.624ms
04-13 01:14:04.498 27620 27653 I native-activity: Animating
04-13 01:14:04.506 27620 27653 I native-activity: Frame 841 GL error is 0x0
04-13 01:14:04.506 27620 27653 I native-activity: Frame 841 time is 7.861ms
04-13 01:14:04.512 27620 27653 I native-activity: Swap 841 time is 14.110ms
04-13 01:14:04.512 27620 27653 I native-activity: Animating
04-13 01:14:04.522 27620 27653 I native-activity: Frame 842 GL error is 0x0
04-13 01:14:04.522 27620 27653 I native-activity: Frame 842 time is 9.481ms
04-13 01:14:04.510 27620 27653 I Kernel  : [47283.181555]-(0)[27653:Thread-7707]dpi vsync
04-13 01:14:04.531 27620 27653 I native-activity: Swap 842 time is 18.833ms
04-13 01:14:04.531 27620 27653 I native-activity: Animating
04-13 01:14:04.539 27620 27653 I native-activity: Frame 843 GL error is 0x0
04-13 01:14:04.540 27620 27653 I native-activity: Frame 843 time is 8.420ms
04-13 01:14:04.554 27620 27653 I native-activity: Swap 843 time is 22.571ms
04-13 01:14:04.554 27620 27653 I native-activity: Animating
04-13 01:14:04.558  1787  1787 I AmazonLocationController: onWifiSignalChanged : connected : true
04-13 01:14:04.564 27620 27653 I native-activity: Frame 844 GL error is 0x0
04-13 01:14:04.564 27620 27653 I native-activity: Frame 844 time is 10.160ms
04-13 01:14:04.573 27620 27653 I native-activity: Swap 844 time is 19.441ms
04-13 01:14:04.574 27620 27653 I native-activity: Animating
04-13 01:14:04.581 27620 27653 I native-activity: Frame 845 GL error is 0x0
04-13 01:14:04.581 27620 27653 I native-activity: Frame 845 time is 6.622ms
04-13 01:14:04.594 27620 27653 I native-activity: Swap 845 time is 19.645ms
04-13 01:14:04.594 27620 27653 I native-activity: Animating
04-13 01:14:04.603 27620 27653 I native-activity: Frame 846 GL error is 0x0
04-13 01:14:04.603 27620 27653 I native-activity: Frame 846 time is 8.457ms
04-13 01:14:04.613 27620 27653 I native-activity: Swap 846 time is 19.187ms
04-13 01:14:04.614 27620 27653 I native-activity: Animating
04-13 01:14:04.622 27620 27653 I native-activity: Frame 847 GL error is 0x0
04-13 01:14:04.622 27620 27653 I native-activity: Frame 847 time is 8.380ms
04-13 01:14:04.629 27620 27653 I native-activity: Swap 847 time is 15.341ms
04-13 01:14:04.629 27620 27653 I native-activity: Animating
04-13 01:14:04.638 27620 27653 I native-activity: Frame 848 GL error is 0x0
04-13 01:14:04.638 27620 27653 I native-activity: Frame 848 time is 8.712ms
04-13 01:14:04.652 27620 27653 I native-activity: Swap 848 time is 22.990ms
04-13 01:14:04.652 27620 27653 I native-activity: Animating
04-13 01:14:04.661 27620 27653 I native-activity: Frame 849 GL error is 0x0
04-13 01:14:04.661 27620 27653 I native-activity: Frame 849 time is 8.856ms
04-13 01:14:04.673 27620 27653 I native-activity: Swap 849 time is 20.483ms
04-13 01:14:04.673 27620 27653 I native-activity: Animating
04-13 01:14:04.687 27620 27653 I native-activity: Frame 850 GL error is 0x0
04-13 01:14:04.687 27620 27653 I native-activity: Frame 850 time is 14.034ms
04-13 01:14:04.693 27620 27653 I native-activity: Swap 850 time is 19.358ms
04-13 01:14:04.693 27620 27653 I native-activity: Animating
04-13 01:14:04.707 27620 27653 I native-activity: Frame 851 GL error is 0x0
04-13 01:14:04.707 27620 27653 I native-activity: Frame 851 time is 14.019ms
04-13 01:14:04.712 27620 27653 I native-activity: Swap 851 time is 19.095ms
04-13 01:14:04.712 27620 27653 I native-activity: Animating
04-13 01:14:04.725 27620 27653 I native-activity: Frame 852 GL error is 0x0
04-13 01:14:04.725 27620 27653 I native-activity: Frame 852 time is 13.034ms
04-13 01:14:04.731 27620 27653 I native-activity: Swap 852 time is 19.204ms
04-13 01:14:04.732 27620 27653 I native-activity: Animating
04-13 01:14:04.740 27620 27653 I native-activity: Frame 853 GL error is 0x0
04-13 01:14:04.740 27620 27653 I native-activity: Frame 853 time is 8.078ms
04-13 01:14:04.755 27620 27653 I native-activity: Swap 853 time is 23.250ms
04-13 01:14:04.755 27620 27653 I native-activity: Animating
04-13 01:14:04.763 27620 27653 I native-activity: Frame 854 GL error is 0x0
04-13 01:14:04.763 27620 27653 I native-activity: Frame 854 time is 8.268ms
04-13 01:14:04.779 27620 27653 I native-activity: Swap 854 time is 23.916ms
04-13 01:14:04.779 27620 27653 I native-activity: Animating
04-13 01:14:04.787 27620 27653 I native-activity: Frame 855 GL error is 0x0
04-13 01:14:04.787 27620 27653 I native-activity: Frame 855 time is 7.633ms
04-13 01:14:04.802 27620 27653 I native-activity: Swap 855 time is 22.737ms
04-13 01:14:04.802 27620 27653 I native-activity: Animating
04-13 01:14:04.810 27620 27653 I native-activity: Frame 856 GL error is 0x0
04-13 01:14:04.810 27620 27653 I native-activity: Frame 856 time is 7.838ms
04-13 01:14:04.800  2137  2137 I Kernel  : [47283.472008][wlan] nicTxReleaseResource: (TX STATE)
04-13 01:14:04.800  2137  2137 I Kernel  : Release: TC4 count 1, Free=4; TC5 count 0, Free=4
04-13 01:14:04.800  2159  2159 I Kernel  : [47283.472284].(1)[2159:wpa_supplicant]poorlink get state G(363181)F(49)dbad(0)dretry(0)LT(540)RT(-75)W(0)(12852)
04-13 01:14:04.800  2137  2137 I Kernel  : [47283.472647][wlan] nicTxReleaseResource: (TX STATE)
04-13 01:14:04.800  2137  2137 I Kernel  : Release: TC4 count 1, Free=4; TC5 count 0, Free=4
04-13 01:14:04.825 27620 27653 I native-activity: Swap 856 time is 23.096ms
04-13 01:14:04.826 27620 27653 I native-activity: Animating
04-13 01:14:04.833 27620 27653 I native-activity: Frame 857 GL error is 0x0
04-13 01:14:04.833 27620 27653 I native-activity: Frame 857 time is 7.565ms
04-13 01:14:04.847 27620 27653 I native-activity: Swap 857 time is 21.646ms
04-13 01:14:04.848 27620 27653 I native-activity: Animating
04-13 01:14:04.856 27620 27653 I native-activity: Frame 858 GL error is 0x0
04-13 01:14:04.856 27620 27653 I native-activity: Frame 858 time is 8.880ms
04-13 01:14:04.870 27620 27653 I native-activity: Swap 858 time is 22.731ms
04-13 01:14:04.870 27620 27653 I native-activity: Animating
04-13 01:14:04.879 27620 27653 I native-activity: Frame 859 GL error is 0x0
04-13 01:14:04.879 27620 27653 I native-activity: Frame 859 time is 8.706ms
04-13 01:14:04.893 27620 27653 I native-activity: Swap 859 time is 22.384ms
04-13 01:14:04.893 27620 27653 I native-activity: Animating
04-13 01:14:04.901 27620 27653 I native-activity: Frame 860 GL error is 0x0
04-13 01:14:04.901 27620 27653 I native-activity: Frame 860 time is 7.501ms
04-13 01:14:04.912 27620 27653 I native-activity: Swap 860 time is 18.764ms
04-13 01:14:04.912 27620 27653 I native-activity: Animating
04-13 01:14:04.921 27620 27653 I native-activity: Frame 861 GL error is 0x0
04-13 01:14:04.922 27620 27653 I native-activity: Frame 861 time is 9.418ms
04-13 01:14:04.940 27620 27653 I native-activity: Swap 861 time is 27.594ms
04-13 01:14:04.940 27620 27653 I native-activity: Animating
04-13 01:14:04.950 27620 27653 I native-activity: Frame 862 GL error is 0x0
04-13 01:14:04.950 27620 27653 I native-activity: Frame 862 time is 9.680ms
04-13 01:14:04.959 27620 27653 I native-activity: Swap 862 time is 18.643ms
04-13 01:14:04.959 27620 27653 I native-activity: Animating
04-13 01:14:04.970 27620 27653 I native-activity: Frame 863 GL error is 0x0
04-13 01:14:04.970 27620 27653 I native-activity: Frame 863 time is 11.362ms
04-13 01:14:04.987 27620 27653 I native-activity: Swap 863 time is 27.659ms
04-13 01:14:04.987 27620 27653 I native-activity: Animating
04-13 01:14:04.997 27620 27653 I native-activity: Frame 864 GL error is 0x0
04-13 01:14:04.997 27620 27653 I native-activity: Frame 864 time is 9.494ms
04-13 01:14:05.008 27620 27653 I native-activity: Swap 864 time is 20.742ms
04-13 01:14:05.008 27620 27653 I native-activity: Animating
04-13 01:14:05.023 27620 27653 I native-activity: Frame 865 GL error is 0x0
04-13 01:14:05.023 27620 27653 I native-activity: Frame 865 time is 14.428ms
04-13 01:14:05.033 27620 27653 I native-activity: Swap 865 time is 24.207ms
04-13 01:14:05.033 27620 27653 I native-activity: Animating
04-13 01:14:05.046 27620 27653 I native-activity: Frame 866 GL error is 0x0
04-13 01:14:05.046 27620 27653 I native-activity: Frame 866 time is 12.976ms
04-13 01:14:05.049 27620 27653 I native-activity: Swap 866 time is 15.901ms
04-13 01:14:05.049 27620 27653 I native-activity: Animating
04-13 01:14:05.060 27620 27653 I native-activity: Frame 867 GL error is 0x0
04-13 01:14:05.060 27620 27653 I native-activity: Frame 867 time is 11.465ms
04-13 01:14:05.076 27620 27653 I native-activity: Swap 867 time is 27.193ms
04-13 01:14:05.077 27620 27653 I native-activity: Animating
04-13 01:14:05.083 27620 27653 I native-activity: Frame 868 GL error is 0x0
04-13 01:14:05.083 27620 27653 I native-activity: Frame 868 time is 6.701ms
04-13 01:14:05.099 27620 27653 I native-activity: Swap 868 time is 22.064ms
04-13 01:14:05.099 27620 27653 I native-activity: Animating
04-13 01:14:05.106 27620 27653 I native-activity: Frame 869 GL error is 0x0
04-13 01:14:05.106 27620 27653 I native-activity: Frame 869 time is 7.188ms
04-13 01:14:05.120 27620 27653 I native-activity: Swap 869 time is 20.928ms
04-13 01:14:05.122 27620 27653 I native-activity: Animating
04-13 01:14:05.132 27620 27653 I native-activity: Frame 870 GL error is 0x0
04-13 01:14:05.132 27620 27653 I native-activity: Frame 870 time is 9.809ms
04-13 01:14:05.143 27620 27653 I native-activity: Swap 870 time is 21.030ms
04-13 01:14:05.143 27620 27653 I native-activity: Animating
04-13 01:14:05.152 27620 27653 I native-activity: Frame 871 GL error is 0x0
04-13 01:14:05.152 27620 27653 I native-activity: Frame 871 time is 9.042ms
04-13 01:14:05.164 27620 27653 I native-activity: Swap 871 time is 20.278ms
04-13 01:14:05.165 27620 27653 I native-activity: Animating
04-13 01:14:05.176 27620 27653 I native-activity: Frame 872 GL error is 0x0
04-13 01:14:05.176 27620 27653 I native-activity: Frame 872 time is 11.032ms
04-13 01:14:05.186 27620 27653 I native-activity: Swap 872 time is 20.574ms
04-13 01:14:05.188 27620 27653 I native-activity: Animating
04-13 01:14:05.201 27620 27653 I native-activity: Frame 873 GL error is 0x0
04-13 01:14:05.201 27620 27653 I native-activity: Frame 873 time is 12.341ms
04-13 01:14:05.208 27620 27653 I native-activity: Swap 873 time is 19.231ms
04-13 01:14:05.209 27620 27653 I native-activity: Animating
04-13 01:14:05.229 27620 27653 I native-activity: Frame 874 GL error is 0x0
04-13 01:14:05.229 27620 27653 I native-activity: Frame 874 time is 19.702ms
04-13 01:14:05.233 27620 27653 I native-activity: Swap 874 time is 24.365ms
04-13 01:14:05.234 27620 27653 I native-activity: Animating
04-13 01:14:05.258 27620 27653 I native-activity: Frame 875 GL error is 0x0
04-13 01:14:05.258 27620 27653 I native-activity: Frame 875 time is 24.573ms
04-13 01:14:05.261 27620 27653 I native-activity: Swap 875 time is 27.263ms
04-13 01:14:05.261 27620 27653 I native-activity: Animating
04-13 01:14:05.250    82    82 I Kernel  : [47283.926530].(1)[82:mtk charger_hv_]charging_reset_watch_dog_timer
04-13 01:14:05.250    82    82 I Kernel  : [47283.927464].(0)[82:mtk charger_hv_]array_size = 16 
04-13 01:14:05.276 27620 27653 I native-activity: Frame 876 GL error is 0x0
04-13 01:14:05.276 27620 27653 I native-activity: Frame 876 time is 15.047ms
04-13 01:14:05.279 27620 27653 I native-activity: Swap 876 time is 18.166ms
04-13 01:14:05.280 27620 27653 I native-activity: Animating
04-13 01:14:05.295 27620 27653 I native-activity: Frame 877 GL error is 0x0
04-13 01:14:05.295 27620 27653 I native-activity: Frame 877 time is 15.202ms
04-13 01:14:05.298 27620 27653 I native-activity: Swap 877 time is 18.538ms
04-13 01:14:05.298 27620 27653 I native-activity: Animating
04-13 01:14:05.316 27620 27653 I native-activity: Frame 878 GL error is 0x0
04-13 01:14:05.316 27620 27653 I native-activity: Frame 878 time is 17.855ms
04-13 01:14:05.328 27620 27653 I native-activity: Swap 878 time is 30.055ms
04-13 01:14:05.329 27620 27653 I native-activity: Animating
04-13 01:14:05.340 27620 27653 I native-activity: Frame 879 GL error is 0x0
04-13 01:14:05.341 27620 27653 I native-activity: Frame 879 time is 11.772ms
04-13 01:14:05.353 27620 27653 I native-activity: Swap 879 time is 24.719ms
04-13 01:14:05.355 27620 27653 I native-activity: Animating
04-13 01:14:05.366 27620 27653 I native-activity: Frame 880 GL error is 0x0
04-13 01:14:05.366 27620 27653 I native-activity: Frame 880 time is 10.729ms
04-13 01:14:05.378 27620 27653 I native-activity: Swap 880 time is 23.404ms
04-13 01:14:05.379 27620 27653 I native-activity: Animating
04-13 01:14:05.387 27620 27653 I native-activity: Frame 881 GL error is 0x0
04-13 01:14:05.387 27620 27653 I native-activity: Frame 881 time is 8.091ms
04-13 01:14:05.402 27620 27653 I native-activity: Swap 881 time is 23.686ms
04-13 01:14:05.403 27620 27653 I native-activity: Animating
04-13 01:14:05.414 27620 27653 I native-activity: Frame 882 GL error is 0x0
04-13 01:14:05.414 27620 27653 I native-activity: Frame 882 time is 11.345ms
04-13 01:14:05.423 27620 27653 I native-activity: Swap 882 time is 20.761ms
04-13 01:14:05.424 27620 27653 I native-activity: Animating
04-13 01:14:05.437 27620 27653 I native-activity: Frame 883 GL error is 0x0
04-13 01:14:05.437 27620 27653 I native-activity: Frame 883 time is 13.112ms
04-13 01:14:05.452 27620 27653 I native-activity: Swap 883 time is 28.601ms
04-13 01:14:05.454 27620 27653 I native-activity: Animating
04-13 01:14:05.467 27620 27653 I native-activity: Frame 884 GL error is 0x0
04-13 01:14:05.468 27620 27653 I native-activity: Frame 884 time is 12.987ms
04-13 01:14:05.476 27620 27653 I native-activity: Swap 884 time is 21.298ms
04-13 01:14:05.476 27620 27653 I native-activity: Animating
04-13 01:14:05.490 27620 27653 I native-activity: Frame 885 GL error is 0x0
04-13 01:14:05.490 27620 27653 I native-activity: Frame 885 time is 14.115ms
04-13 01:14:05.499 27620 27653 I native-activity: Swap 885 time is 22.951ms
04-13 01:14:05.499 27620 27653 I native-activity: Animating
04-13 01:14:05.499 27620 27653 I native-activity: Frame 886 GL error is 0x0
04-13 01:14:05.500 27620 27653 I native-activity: Frame 886 time is 0.168ms
04-13 01:14:05.500 27620 27653 I native-activity: Swap 886 time is 0.255ms
04-13 01:14:05.500 27620 27653 I native-activity: Animating
04-13 01:14:05.502 27620 27653 I native-activity: Reached frame 887 end of replay, exiting
