04-13 01:15:37.063 27948 27966 I native-activity: Frame 477 GL error is 0x0
04-13 01:15:37.063 27948 27966 I native-activity: Frame 477 time is 9.479ms
04-13 01:15:37.063 27948 27966 I native-activity: Swap 477 time is 9.552ms
04-13 01:15:37.063 27948 27966 I native-activity: Animating
04-13 01:15:37.075 27948 27966 I native-activity: Frame 478 GL error is 0x0
04-13 01:15:37.075 27948 27966 I native-activity: Frame 478 time is 11.634ms
04-13 01:15:37.075 27948 27966 I native-activity: Swap 478 time is 11.709ms
04-13 01:15:37.075 27948 27966 I native-activity: Animating
04-13 01:15:37.087 27948 27966 I native-activity: Frame 479 GL error is 0x0
04-13 01:15:37.087 27948 27966 I native-activity: Frame 479 time is 12.013ms
04-13 01:15:37.073 25557 25643 I AmazonCMS: CMS is no longer being used, shutting down...
04-13 01:15:37.087 27948 27966 I native-activity: Swap 479 time is 12.090ms
04-13 01:15:37.087 27948 27966 I native-activity: Animating
04-13 01:15:37.088 25557 25643 D AmazonCMS: Reconciler closing
04-13 01:15:37.098 27948 27966 I native-activity: Frame 480 GL error is 0x0
04-13 01:15:37.098 27948 27966 I native-activity: Frame 480 time is 10.584ms
04-13 01:15:37.098 27948 27966 I native-activity: Swap 480 time is 10.655ms
04-13 01:15:37.098 27948 27966 I native-activity: Animating
04-13 01:15:37.107 27948 27966 I native-activity: Frame 481 GL error is 0x0
04-13 01:15:37.107 27948 27966 I native-activity: Frame 481 time is 9.636ms
04-13 01:15:37.108 27948 27966 I native-activity: Swap 481 time is 9.709ms
04-13 01:15:37.108 27948 27966 I native-activity: Animating
04-13 01:15:37.117 27948 27966 I native-activity: Frame 482 GL error is 0x0
04-13 01:15:37.117 27948 27966 I native-activity: Frame 482 time is 9.653ms
04-13 01:15:37.117 27948 27966 I native-activity: Swap 482 time is 9.727ms
04-13 01:15:37.117 27948 27966 I native-activity: Animating
04-13 01:15:37.127 27948 27966 I native-activity: Frame 483 GL error is 0x0
04-13 01:15:37.127 27948 27966 I native-activity: Frame 483 time is 9.208ms
04-13 01:15:37.127 27948 27966 I native-activity: Swap 483 time is 9.283ms
04-13 01:15:37.127 27948 27966 I native-activity: Animating
04-13 01:15:37.136 27948 27966 I native-activity: Frame 484 GL error is 0x0
04-13 01:15:37.136 27948 27966 I native-activity: Frame 484 time is 9.597ms
04-13 01:15:37.137 27948 27966 I native-activity: Swap 484 time is 9.672ms
04-13 01:15:37.137 27948 27966 I native-activity: Animating
04-13 01:15:37.146 27948 27966 I native-activity: Frame 485 GL error is 0x0
04-13 01:15:37.146 27948 27966 I native-activity: Frame 485 time is 9.420ms
04-13 01:15:37.146 27948 27966 I native-activity: Swap 485 time is 9.496ms
04-13 01:15:37.146 27948 27966 I native-activity: Animating
04-13 01:15:37.155 27948 27966 I native-activity: Frame 486 GL error is 0x0
04-13 01:15:37.155 27948 27966 I native-activity: Frame 486 time is 9.275ms
04-13 01:15:37.156 27948 27966 I native-activity: Swap 486 time is 9.351ms
04-13 01:15:37.156 27948 27966 I native-activity: Animating
04-13 01:15:37.165 27948 27966 I native-activity: Frame 487 GL error is 0x0
04-13 01:15:37.165 27948 27966 I native-activity: Frame 487 time is 9.753ms
04-13 01:15:37.165 27948 27966 I native-activity: Swap 487 time is 9.827ms
04-13 01:15:37.166 27948 27966 I native-activity: Animating
04-13 01:15:37.176   917  2201 I PackageRecencyUtils: Waiting for idle
04-13 01:15:37.177   917  2201 I Vlog    : package_recency:broadcast_notification:fgtracking=false;DV;1,key=time_in_queue;DV;1,Timer=5001.0;TI;1,unit=ms;DV;1:HI
04-13 01:15:37.179 27948 27966 I native-activity: Frame 488 GL error is 0x0
04-13 01:15:37.179 27948 27966 I native-activity: Frame 488 time is 13.625ms
04-13 01:15:37.179 27948 27966 I native-activity: Swap 488 time is 13.690ms
04-13 01:15:37.179 27948 27966 I native-activity: Animating
04-13 01:15:37.182   917  2175 D ActivityManager: single user service: com.amazon.kindle.cms
04-13 01:15:37.188   917  2175 D ActivityManager: app = com.amazon.kindle.cms, has single user service, setting process record.
04-13 01:15:37.190 27948 27966 I native-activity: Frame 489 GL error is 0x0
04-13 01:15:37.190 27948 27966 I native-activity: Frame 489 time is 10.751ms
04-13 01:15:37.190 27948 27966 I native-activity: Swap 489 time is 10.821ms
04-13 01:15:37.190 27948 27966 I native-activity: Animating
04-13 01:15:37.201 27948 27966 I native-activity: Frame 490 GL error is 0x0
04-13 01:15:37.201 27948 27966 I native-activity: Frame 490 time is 10.450ms
04-13 01:15:37.201 27948 27966 I native-activity: Swap 490 time is 10.522ms
04-13 01:15:37.201 27948 27966 I native-activity: Animating
04-13 01:15:37.204 25557 25643 D AmazonCMS: MaintenanceService.onStartCommand
04-13 01:15:37.212 27948 27966 I native-activity: Frame 491 GL error is 0x0
04-13 01:15:37.212 27948 27966 I native-activity: Frame 491 time is 10.639ms
04-13 01:15:37.212 27948 27966 I native-activity: Swap 491 time is 10.710ms
04-13 01:15:37.212 27948 27966 I native-activity: Animating
04-13 01:15:37.223 27948 27966 I native-activity: Frame 492 GL error is 0x0
04-13 01:15:37.223 27948 27966 I native-activity: Frame 492 time is 10.807ms
04-13 01:15:37.223 27948 27966 I native-activity: Swap 492 time is 10.875ms
04-13 01:15:37.223 27948 27966 I native-activity: Animating
04-13 01:15:37.225 25557 25643 D AmazonCMS: CMS activity level changed, active: true
04-13 01:15:37.226 25557 25643 D AmazonCMS: Received intent: 'com.amazon.action.PACKAGE_RECENCY_NOTIFICATION'
04-13 01:15:37.227 25557 25643 D AmazonCMS: Reconciler created
04-13 01:15:37.233 27948 27966 I native-activity: Frame 493 GL error is 0x0
04-13 01:15:37.233 27948 27966 I native-activity: Frame 493 time is 10.458ms
04-13 01:15:37.233 27948 27966 I native-activity: Swap 493 time is 10.562ms
04-13 01:15:37.233 27948 27966 I native-activity: Animating
04-13 01:15:37.244 27948 27966 I native-activity: Frame 494 GL error is 0x0
04-13 01:15:37.244 27948 27966 I native-activity: Frame 494 time is 10.639ms
04-13 01:15:37.244 27948 27966 I native-activity: Swap 494 time is 10.709ms
04-13 01:15:37.244 27948 27966 I native-activity: Animating
04-13 01:15:37.255 27948 27966 I native-activity: Frame 495 GL error is 0x0
04-13 01:15:37.255 27948 27966 I native-activity: Frame 495 time is 10.391ms
04-13 01:15:37.255 27948 27966 I native-activity: Swap 495 time is 10.463ms
04-13 01:15:37.255 27948 27966 I native-activity: Animating
04-13 01:15:37.265 27948 27966 I native-activity: Frame 496 GL error is 0x0
04-13 01:15:37.265 27948 27966 I native-activity: Frame 496 time is 10.398ms
04-13 01:15:37.265 27948 27966 I native-activity: Swap 496 time is 10.472ms
04-13 01:15:37.265 27948 27966 I native-activity: Animating
04-13 01:15:37.276 27948 27966 I native-activity: Frame 497 GL error is 0x0
04-13 01:15:37.276 27948 27966 I native-activity: Frame 497 time is 10.399ms
04-13 01:15:37.276 27948 27966 I native-activity: Swap 497 time is 10.498ms
04-13 01:15:37.276 27948 27966 I native-activity: Animating
04-13 01:15:37.286 27948 27966 I native-activity: Frame 498 GL error is 0x0
04-13 01:15:37.286 27948 27966 I native-activity: Frame 498 time is 10.249ms
04-13 01:15:37.286 27948 27966 I native-activity: Swap 498 time is 10.352ms
04-13 01:15:37.286 27948 27966 I native-activity: Animating
04-13 01:15:37.292 25557 25643 E AmazonCMS: IO Exception while parsing xml
04-13 01:15:37.297 27948 27966 I native-activity: Frame 499 GL error is 0x0
04-13 01:15:37.297 27948 27966 I native-activity: Frame 499 time is 10.360ms
04-13 01:15:37.297 27948 27966 I native-activity: Swap 499 time is 10.456ms
04-13 01:15:37.297 27948 27966 I native-activity: Animating
04-13 01:15:37.308 27948 27966 I native-activity: Frame 500 GL error is 0x0
04-13 01:15:37.308 27948 27966 I native-activity: Frame 500 time is 10.517ms
04-13 01:15:37.308 27948 27966 I native-activity: Swap 500 time is 10.591ms
04-13 01:15:37.308 27948 27966 I native-activity: Animating
04-13 01:15:37.318 27948 27966 I native-activity: Frame 501 GL error is 0x0
04-13 01:15:37.318 27948 27966 I native-activity: Frame 501 time is 10.016ms
04-13 01:15:37.318 27948 27966 I native-activity: Swap 501 time is 10.107ms
04-13 01:15:37.318 27948 27966 I native-activity: Animating
04-13 01:15:37.319 25557 25643 D AmazonCMS: Cards are enabled, initializing card producer
04-13 01:15:37.329 27948 27966 I native-activity: Frame 502 GL error is 0x0
04-13 01:15:37.329 27948 27966 I native-activity: Frame 502 time is 10.719ms
04-13 01:15:37.329 27948 27966 I native-activity: Swap 502 time is 10.792ms
04-13 01:15:37.329 27948 27966 I native-activity: Animating
04-13 01:15:37.339 27948 27966 I native-activity: Frame 503 GL error is 0x0
04-13 01:15:37.339 27948 27966 I native-activity: Frame 503 time is 10.311ms
04-13 01:15:37.330 26597 26597 I Kernel  : [47376.001856].(0)[26597:kworker/0:0H]regs_hotplug_callback cpu = 2
04-13 01:15:37.330 26597 26597 I Kernel  : [47376.001937].(0)[26597:kworker/0:0H]Boot slave CPU
04-13 01:15:37.340 27948 27966 I native-activity: Swap 503 time is 10.730ms
04-13 01:15:37.330 26597 26597 I Kernel  : [47376.001951].(0)[26597:kworker/0:0H][Power/hotplug] boot_secondary, cpu: 2
04-13 01:15:37.330 26597 26597 I Kernel  : [47376.001970].(0)[26597:kworker/0:0H][Power/hotplug] SLAVE2_MAGIC_NUM:4c415332
04-13 01:15:37.330 26597 26597 I Kernel  : [47376.001983].(0)[26597:kworker/0:0H]mt_wakeup_cpu: not first boot!(2)
04-13 01:15:37.330     0     0 I Kernel  : [47376.002194]-(2)[0:swapper/2]CPU2: Booted secondary processor
04-13 01:15:37.330     0     0 I Kernel  : [47376.002217]-(2)[0:swapper/2][Power/hotplug] platform_secondary_init, cpu: 2
04-13 01:15:37.330     0     0 I Kernel  : [47376.002373]-(2)[0:swapper/2]WD wd_cpu_hot_plug_on_notify kick ext wd
04-13 01:15:37.330     0     0 I Kernel  : [47376.002406]-(2)[0:swapper/2]regs_hotplug_callback cpu = 2
04-13 01:15:37.340 27948 27966 I native-activity: Animating
04-13 01:15:37.330 26597 26597 I Kernel  : [47376.002758].(0)[26597:kworker/0:0H]regs_hotplug_callback cpu = 2
04-13 01:15:37.330 26597 26597 I Kernel  : [47376.002852].(0)[26597:kworker/0:0H][wdk]bind kicker thread[87] to cpu[2]
04-13 01:15:37.330 26597 26597 I Kernel  : [47376.004298].(0)[26597:kworker/0:0H][WDK]cpu 2 plug on kick wdt
04-13 01:15:37.330 26597 26597 I Kernel  : [47376.004385].(0)[26597:kworker/0:0H]regs_hotplug_callback cpu = 3
04-13 01:15:37.330 26597 26597 I Kernel  : [47376.004465].(0)[26597:kworker/0:0H]Boot slave CPU
04-13 01:15:37.330 26597 26597 I Kernel  : [47376.004480].(0)[26597:kworker/0:0H][Power/hotplug] boot_secondary, cpu: 3
04-13 01:15:37.330 26597 26597 I Kernel  : [47376.004494].(0)[26597:kworker/0:0H][Power/hotplug] SLAVE3_MAGIC_NUM:41534c33
04-13 01:15:37.330 26597 26597 I Kernel  : [47376.004505].(0)[26597:kworker/0:0H]mt_wakeup_cpu: not first boot!(3)
04-13 01:15:37.330     0     0 I Kernel  : [47376.004728]-(3)[0:swapper/3]CPU3: Booted secondary processor
04-13 01:15:37.330     0     0 I Kernel  : [47376.004753]-(3)[0:swapper/3][Power/hotplug] platform_secondary_init, cpu: 3
04-13 01:15:37.330     0     0 I Kernel  : [47376.004906]-(3)[0:swapper/3]WD wd_cpu_hot_plug_on_notify kick ext wd
04-13 01:15:37.330     0     0 I Kernel  : [47376.004940]-(3)[0:swapper/3]regs_hotplug_callback cpu = 3
04-13 01:15:37.330 26597 26597 I Kernel  : [47376.005330].(0)[26597:kworker/0:0H]regs_hotplug_callback cpu = 3
04-13 01:15:37.330 26597 26597 I Kernel  : [47376.005671].(0)[26597:kworker/0:0H][wdk]bind kicker thread[88] to cpu[3]
04-13 01:15:37.330 26597 26597 I Kernel  : [47376.005855].(0)[26597:kworker/0:0H][WDK]cpu 3 plug on kick wdt
04-13 01:15:37.346 25557 25643 D AmazonCMS: SourcesManager: registering source 'com.amazon.kindle.cms.app_manager' for user '*****' in profile '0'
04-13 01:15:37.350 25557 25643 D AmazonCMS: SourcesManager: registering source 'com.amazon.kindle.cms.collection_manager' for user '*****' in profile '0'
04-13 01:15:37.351 27948 27966 I native-activity: Frame 504 GL error is 0x0
04-13 01:15:37.351 27948 27966 I native-activity: Frame 504 time is 11.592ms
04-13 01:15:37.351 27948 27966 I native-activity: Swap 504 time is 11.671ms
04-13 01:15:37.352 27948 27966 I native-activity: Animating
04-13 01:15:37.352 25557 25643 D AmazonCMS: CMS activity level changed, active: false
04-13 01:15:37.353 25557 25643 D AmazonCMS: notified to profile 0 with com.amazon.kindle.cms.STARTUP, Bundle[{profile_id=0, version=2.1.0.10}]
04-13 01:15:37.358 25557 25643 D AmazonCMS: CollectionSyncManager: user ***** is not connected for DELTA_SYNC sync. Disconnecting and reconnecting.
04-13 01:15:37.360 25557 25643 V AmazonCMS: SyncClient - Client is not connected; unable to disconnect.
04-13 01:15:37.363 27948 27966 I native-activity: Frame 505 GL error is 0x0
04-13 01:15:37.363 27948 27966 I native-activity: Frame 505 time is 11.172ms
04-13 01:15:37.363 27948 27966 I native-activity: Swap 505 time is 11.258ms
04-13 01:15:37.363 27948 27966 I native-activity: Animating
04-13 01:15:37.367 25557 25643 D AmazonCMS: SyncClient - Connecting as user *****
04-13 01:15:37.371 25557 25643 V AmazonCMS: SubscriptionManager - Subscribing to dataset [*****] in namespace [*****]
04-13 01:15:37.375 27948 27966 I native-activity: Frame 506 GL error is 0x0
04-13 01:15:37.375 27948 27966 I native-activity: Frame 506 time is 11.835ms
04-13 01:15:37.375 27948 27966 I native-activity: Swap 506 time is 11.911ms
04-13 01:15:37.375 27948 27966 I native-activity: Animating
04-13 01:15:37.377 25557 25643 V AmazonCMS: Subscribing to namespace: [*****]
04-13 01:15:37.378 25557 25643 V AmazonCMS: Subscribing to namespace: [*****]
04-13 01:15:37.370    82    82 I Kernel  : [47376.046893].(2)[82:mtk charger_hv_]charging_reset_watch_dog_timer
04-13 01:15:37.370    82    82 I Kernel  : [47376.047921].(2)[82:mtk charger_hv_]array_size = 16 
04-13 01:15:37.387 27948 27966 I native-activity: Frame 507 GL error is 0x0
04-13 01:15:37.387 27948 27966 I native-activity: Frame 507 time is 11.920ms
04-13 01:15:37.387 27948 27966 I native-activity: Swap 507 time is 11.997ms
04-13 01:15:37.387 27948 27966 I native-activity: Animating
04-13 01:15:37.399 27948 27966 I native-activity: Frame 508 GL error is 0x0
04-13 01:15:37.399 27948 27966 I native-activity: Frame 508 time is 11.628ms
04-13 01:15:37.399 27948 27966 I native-activity: Swap 508 time is 11.708ms
04-13 01:15:37.399 27948 27966 I native-activity: Animating
04-13 01:15:37.410 27948 27966 I native-activity: Frame 509 GL error is 0x0
04-13 01:15:37.410 27948 27966 I native-activity: Frame 509 time is 11.330ms
04-13 01:15:37.410 27948 27966 I native-activity: Swap 509 time is 11.404ms
04-13 01:15:37.410 27948 27966 I native-activity: Animating
04-13 01:15:37.415 25557 26040 I DCP     : Sending 0 dataset update for 'CloudCollections' namespace
04-13 01:15:37.422 27948 27966 I native-activity: Frame 510 GL error is 0x0
04-13 01:15:37.422 27948 27966 I native-activity: Frame 510 time is 11.669ms
04-13 01:15:37.422 27948 27966 I native-activity: Swap 510 time is 11.748ms
04-13 01:15:37.422 27948 27966 I native-activity: Animating
04-13 01:15:37.434 27948 27966 I native-activity: Frame 511 GL error is 0x0
04-13 01:15:37.434 27948 27966 I native-activity: Frame 511 time is 11.664ms
04-13 01:15:37.434 27948 27966 I native-activity: Swap 511 time is 11.742ms
04-13 01:15:37.434 27948 27966 I native-activity: Animating
04-13 01:15:37.445 27948 27966 I native-activity: Frame 512 GL error is 0x0
04-13 01:15:37.445 27948 27966 I native-activity: Frame 512 time is 10.965ms
04-13 01:15:37.445 27948 27966 I native-activity: Swap 512 time is 11.045ms
04-13 01:15:37.445 27948 27966 I native-activity: Animating
04-13 01:15:37.457 27948 27966 I native-activity: Frame 513 GL error is 0x0
04-13 01:15:37.457 27948 27966 I native-activity: Frame 513 time is 11.582ms
04-13 01:15:37.457 27948 27966 I native-activity: Swap 513 time is 11.658ms
04-13 01:15:37.457 27948 27966 I native-activity: Animating
04-13 01:15:37.469 27948 27966 I native-activity: Frame 514 GL error is 0x0
04-13 01:15:37.469 27948 27966 I native-activity: Frame 514 time is 11.503ms
04-13 01:15:37.469 27948 27966 I native-activity: Swap 514 time is 11.578ms
04-13 01:15:37.469 27948 27966 I native-activity: Animating
04-13 01:15:37.480 27948 27966 I native-activity: Frame 515 GL error is 0x0
04-13 01:15:37.480 27948 27966 I native-activity: Frame 515 time is 11.627ms
04-13 01:15:37.481 27948 27966 I native-activity: Swap 515 time is 11.704ms
04-13 01:15:37.481 27948 27966 I native-activity: Animating
04-13 01:15:37.491 27948 27966 I native-activity: Frame 516 GL error is 0x0
04-13 01:15:37.491 27948 27966 I native-activity: Frame 516 time is 10.458ms
04-13 01:15:37.491 27948 27966 I native-activity: Swap 516 time is 10.531ms
04-13 01:15:37.491 27948 27966 I native-activity: Animating
04-13 01:15:37.498 25557 26096 I DCP     : Sending 0 dataset update for 'CloudCollections' namespace
04-13 01:15:37.503 27948 27966 I native-activity: Frame 517 GL error is 0x0
04-13 01:15:37.503 27948 27966 I native-activity: Frame 517 time is 11.782ms
04-13 01:15:37.503 27948 27966 I native-activity: Swap 517 time is 11.856ms
04-13 01:15:37.503 27948 27966 I native-activity: Animating
04-13 01:15:37.513 27948 27966 I native-activity: Frame 518 GL error is 0x0
04-13 01:15:37.513 27948 27966 I native-activity: Frame 518 time is 10.182ms
04-13 01:15:37.513 27948 27966 I native-activity: Swap 518 time is 10.259ms
04-13 01:15:37.514 27948 27966 I native-activity: Animating
04-13 01:15:37.524 27948 27966 I native-activity: Frame 519 GL error is 0x0
04-13 01:15:37.524 27948 27966 I native-activity: Frame 519 time is 10.138ms
04-13 01:15:37.524 27948 27966 I native-activity: Swap 519 time is 10.218ms
04-13 01:15:37.524 27948 27966 I native-activity: Animating
04-13 01:15:37.534 27948 27966 I native-activity: Frame 520 GL error is 0x0
04-13 01:15:37.534 27948 27966 I native-activity: Frame 520 time is 10.308ms
04-13 01:15:37.534 27948 27966 I native-activity: Swap 520 time is 10.390ms
04-13 01:15:37.534 27948 27966 I native-activity: Animating
04-13 01:15:37.545 27948 27966 I native-activity: Frame 521 GL error is 0x0
04-13 01:15:37.545 27948 27966 I native-activity: Frame 521 time is 10.183ms
04-13 01:15:37.545 27948 27966 I native-activity: Swap 521 time is 10.259ms
04-13 01:15:37.545 27948 27966 I native-activity: Animating
04-13 01:15:37.552 25557 26127 I DCP     : [JsonCallExecutor][CallExecutor][e989f937-3cf4-4bd7-ae5a-001d0e9b72b0][Auth]GET https://api.amazon.com/whispersync/v2/data/amzn1.account.XXXX/datasets/5c2c14d1-40b0-4a6f-9333-1f84f1367d03/records?after=1  (attempt 1)
04-13 01:15:37.554   917  2115 D WifiService: acquireWifiLockLocked: WifiLock{com.amazon.dcp.framework.iuc.ConnectionEstablisherWithConnectivityEnforcement type=1 binder=android.os.BinderProxy@39d80295}
04-13 01:15:37.555 27948 27966 I native-activity: Frame 522 GL error is 0x0
04-13 01:15:37.555 27948 27966 I native-activity: Frame 522 time is 10.186ms
04-13 01:15:37.555 27948 27966 I native-activity: Swap 522 time is 10.257ms
04-13 01:15:37.555 27948 27966 I native-activity: Animating
04-13 01:15:37.558 25557 27990 I com.amazon.dcp.framework.ConnectivityEnforcer: Network with type -1 is already connected
04-13 01:15:37.567 27948 27966 I native-activity: Frame 523 GL error is 0x0
04-13 01:15:37.567 27948 27966 I native-activity: Frame 523 time is 11.485ms
04-13 01:15:37.567 27948 27966 I native-activity: Swap 523 time is 11.560ms
04-13 01:15:37.567 27948 27966 I native-activity: Animating
04-13 01:15:37.577 27948 27966 I native-activity: Frame 524 GL error is 0x0
04-13 01:15:37.577 27948 27966 I native-activity: Frame 524 time is 10.636ms
04-13 01:15:37.578 27948 27966 I native-activity: Swap 524 time is 10.710ms
04-13 01:15:37.578 27948 27966 I native-activity: Animating
04-13 01:15:37.579   917   932 D ActivityManager: single user service: com.amazon.imp
04-13 01:15:37.581   917   932 D ActivityManager: app = com.amazon.imp, has single user service, setting process record.
04-13 01:15:37.584 25557 25643 D AmazonCMS: notified to profile 0 with com.amazon.kindle.cms.CONTENT_UPDATE, Bundle[{item_type=kindle.content.apps, profile_id=0, status=0, urgent_flag=1, version=2.1.0.10, last_access_date=1492071331652, location=0, item_id=1352}]
04-13 01:15:37.585 25557 25643 V AmazonCMS: CardBroadcastReceiver - received intent com.amazon.kindle.cms.CONTENT_UPDATE
04-13 01:15:37.591 27948 27966 I native-activity: Frame 525 GL error is 0x0
04-13 01:15:37.592 27948 27966 I native-activity: Frame 525 time is 13.888ms
04-13 01:15:37.592 27948 27966 I native-activity: Swap 525 time is 13.971ms
04-13 01:15:37.592 27948 27966 I native-activity: Animating
04-13 01:15:37.613   917   933 D ActivityManager: single user service: com.amazon.kindle.cms
04-13 01:15:37.615   917   933 D ActivityManager: app = com.amazon.kindle.cms, has single user service, setting process record.
04-13 01:15:37.616 27948 27966 I native-activity: Frame 526 GL error is 0x0
04-13 01:15:37.616 27948 27966 I native-activity: Frame 526 time is 24.266ms
04-13 01:15:37.616 27948 27966 I native-activity: Swap 526 time is 24.341ms
04-13 01:15:37.616 27948 27966 I native-activity: Animating
04-13 01:15:37.630 27948 27966 I native-activity: Frame 527 GL error is 0x0
04-13 01:15:37.630 27948 27966 I native-activity: Frame 527 time is 14.230ms
04-13 01:15:37.631 27948 27966 I native-activity: Swap 527 time is 14.316ms
04-13 01:15:37.631 27948 27966 I native-activity: Animating
04-13 01:15:37.632 25557 25643 I AmazonCMS: CMSService waking up, a client has bound
04-13 01:15:37.620 25557 25571 I Kernel  : [47376.300394].(0)[25571:GCDaemon]name:Log.main_3786 unmap vm_start a2cb9000  end: a2cbe000
04-13 01:15:37.645 25557 25643 D AmazonCMS: CMS activity level changed, active: true
04-13 01:15:37.647 27948 27966 I native-activity: Frame 528 GL error is 0x0
04-13 01:15:37.647 27948 27966 I native-activity: Frame 528 time is 16.656ms
04-13 01:15:37.647 27948 27966 I native-activity: Swap 528 time is 16.737ms
04-13 01:15:37.647 27948 27966 I native-activity: Animating
04-13 01:15:37.661 25557 25643 D AmazonCMS: Read 2 card ids from the cache for producer com.amazon.kindle.cms.card.producer.NEWSSTAND in profile 0
04-13 01:15:37.666 27948 27966 I native-activity: Frame 529 GL error is 0x0
04-13 01:15:37.666 27948 27966 I native-activity: Frame 529 time is 18.099ms
04-13 01:15:37.666 27948 27966 I native-activity: Swap 529 time is 18.177ms
04-13 01:15:37.666 27948 27966 I native-activity: Animating
04-13 01:15:37.675 25557 25643 D AmazonCMS: CMSService is no longer being used, deactivating...
04-13 01:15:37.680 25557 25643 D AmazonCMS: CMS activity level changed, active: false
04-13 01:15:37.681 27948 27966 I native-activity: Frame 530 GL error is 0x0
04-13 01:15:37.681 27948 27966 I native-activity: Frame 530 time is 14.510ms
04-13 01:15:37.681 27948 27966 I native-activity: Swap 530 time is 14.581ms
04-13 01:15:37.681 27948 27966 I native-activity: Animating
04-13 01:15:37.695 27948 27966 I native-activity: Frame 531 GL error is 0x0
04-13 01:15:37.696 27948 27966 I native-activity: Frame 531 time is 14.684ms
04-13 01:15:37.696 27948 27966 I native-activity: Swap 531 time is 14.756ms
04-13 01:15:37.696 27948 27966 I native-activity: Animating
04-13 01:15:37.700  1787  1787 I AmazonLocationController: onWifiSignalChanged : connected : true
04-13 01:15:37.710 27948 27966 I native-activity: Frame 532 GL error is 0x0
04-13 01:15:37.711 27948 27966 I native-activity: Frame 532 time is 14.883ms
04-13 01:15:37.711 27948 27966 I native-activity: Swap 532 time is 14.984ms
04-13 01:15:37.711 27948 27966 I native-activity: Animating
04-13 01:15:37.725 27948 27966 I native-activity: Frame 533 GL error is 0x0
04-13 01:15:37.725 27948 27966 I native-activity: Frame 533 time is 13.805ms
04-13 01:15:37.725 27948 27966 I native-activity: Swap 533 time is 13.875ms
04-13 01:15:37.725 27948 27966 I native-activity: Animating
04-13 01:15:37.740 27948 27966 I native-activity: Frame 534 GL error is 0x0
04-13 01:15:37.740 27948 27966 I native-activity: Frame 534 time is 15.057ms
04-13 01:15:37.740 27948 27966 I native-activity: Swap 534 time is 15.130ms
04-13 01:15:37.740 27948 27966 I native-activity: Animating
04-13 01:15:37.752 27948 27966 I native-activity: Frame 535 GL error is 0x0
04-13 01:15:37.752 27948 27966 I native-activity: Frame 535 time is 11.642ms
04-13 01:15:37.752 27948 27966 I native-activity: Swap 535 time is 11.712ms
04-13 01:15:37.752 27948 27966 I native-activity: Animating
04-13 01:15:37.758 25557 25643 W AmazonCMS: Delivery card detected for item ***** but no delivery date set
04-13 01:15:37.760 25557 25643 D AmazonCMS: Creating delivery card with id: *****
04-13 01:15:37.765 27948 27966 I native-activity: Frame 536 GL error is 0x0
04-13 01:15:37.765 27948 27966 I native-activity: Frame 536 time is 12.901ms
04-13 01:15:37.765 27948 27966 I native-activity: Swap 536 time is 12.968ms
04-13 01:15:37.765 27948 27966 I native-activity: Animating
04-13 01:15:37.769 25557 25643 D AmazonCMS: CardClient: Pushing 2 cards ***** by producer com.amazon.kindle.cms.card.producer.NEWSSTAND
04-13 01:15:37.769 25557 27994 I F_C.ProducerClientCompa: Producer com.amazon.kindle.cms.card.producer.NEWSSTAND at API version BrazilVersion(1.4).
04-13 01:15:37.775 25557 27994 I F_C.ProducerClientCompa: Connected to ServerInfo(CDA Version: BrazilVersion(1.3.108.0), Min. Producer: BrazilVersion(1.0), Delete All: true)
04-13 01:15:37.779 27948 27966 I native-activity: Frame 537 GL error is 0x0
04-13 01:15:37.779 27948 27966 I native-activity: Frame 537 time is 14.077ms
04-13 01:15:37.779 27948 27966 I native-activity: Swap 537 time is 14.148ms
04-13 01:15:37.779 27948 27966 I native-activity: Animating
04-13 01:15:37.783 25616 25631 I F_C.CardAgentSynchroniz: Throttling producer refresh
04-13 01:15:37.783 25616 25631 W F_C.CardProvider: Producer refresh failed
04-13 01:15:37.792 27948 27966 I native-activity: Frame 538 GL error is 0x0
04-13 01:15:37.793 27948 27966 I native-activity: Frame 538 time is 13.450ms
04-13 01:15:37.793 27948 27966 I native-activity: Swap 538 time is 13.526ms
04-13 01:15:37.793 27948 27966 I native-activity: Animating
04-13 01:15:37.795   917  1763 W AccountManagerService: insertAccountIntoDatabase: Account {name=default_account, type=amazon.account}, skipping since the account already exists
04-13 01:15:37.803   917  2115 W AccountManagerService: insertAccountIntoDatabase: Account {name=default_account, type=amazon.account}, skipping since the account already exists
04-13 01:15:37.808 27948 27966 I native-activity: Frame 539 GL error is 0x0
04-13 01:15:37.808 27948 27966 I native-activity: Frame 539 time is 15.673ms
04-13 01:15:37.808 27948 27966 I native-activity: Swap 539 time is 15.762ms
04-13 01:15:37.809 27948 27966 I native-activity: Animating
04-13 01:15:37.821 25557 25643 D AmazonCMS: Read 12 card ids from the cache for producer com.amazon.kindle.cms.card.producer.APPS in profile 0
04-13 01:15:37.823 27948 27966 I native-activity: Frame 540 GL error is 0x0
04-13 01:15:37.823 27948 27966 I native-activity: Frame 540 time is 13.985ms
04-13 01:15:37.823 27948 27966 I native-activity: Swap 540 time is 14.060ms
04-13 01:15:37.823 27948 27966 I native-activity: Animating
04-13 01:15:37.837 25557 25643 D AmazonCMS: Creating recent card with id: *****
04-13 01:15:37.837 27948 27966 I native-activity: Frame 541 GL error is 0x0
04-13 01:15:37.837 27948 27966 I native-activity: Frame 541 time is 14.404ms
04-13 01:15:37.837 27948 27966 I native-activity: Swap 541 time is 14.484ms
04-13 01:15:37.837   917  1766 W AccountManagerService: insertAccountIntoDatabase: Account {name=default_account, type=amazon.account}, skipping since the account already exists
04-13 01:15:37.837 27948 27966 I native-activity: Animating
04-13 01:15:37.849   917  2175 W AccountManagerService: insertAccountIntoDatabase: Account {name=default_account, type=amazon.account}, skipping since the account already exists
04-13 01:15:37.850 27948 27966 I native-activity: Frame 542 GL error is 0x0
04-13 01:15:37.850 27948 27966 I native-activity: Frame 542 time is 12.787ms
04-13 01:15:37.850 27948 27966 I native-activity: Swap 542 time is 12.859ms
04-13 01:15:37.850 27948 27966 I native-activity: Animating
04-13 01:15:37.855 25557 25643 D AmazonCMS: Creating recent card with id: *****
04-13 01:15:37.863 27948 27966 I native-activity: Frame 543 GL error is 0x0
04-13 01:15:37.863 27948 27966 I native-activity: Frame 543 time is 12.460ms
04-13 01:15:37.863 27948 27966 I native-activity: Swap 543 time is 12.531ms
04-13 01:15:37.863 27948 27966 I native-activity: Animating
04-13 01:15:37.867 25557 25643 D AmazonCMS: Creating recent card with id: *****
04-13 01:15:37.875 27948 27966 I native-activity: Frame 544 GL error is 0x0
04-13 01:15:37.875 27948 27966 I native-activity: Frame 544 time is 11.967ms
04-13 01:15:37.875 27948 27966 I native-activity: Swap 544 time is 12.035ms
04-13 01:15:37.875 27948 27966 I native-activity: Animating
04-13 01:15:37.878 25557 25643 D AmazonCMS: Creating recent card with id: *****
04-13 01:15:37.888 27948 27966 I native-activity: Frame 545 GL error is 0x0
04-13 01:15:37.888 27948 27966 I native-activity: Frame 545 time is 12.853ms
04-13 01:15:37.888 27948 27966 I native-activity: Swap 545 time is 12.921ms
04-13 01:15:37.888 27948 27966 I native-activity: Animating
04-13 01:15:37.890 25557 25643 D AmazonCMS: Creating recent card with id: *****
04-13 01:15:37.901 25557 25643 D AmazonCMS: Creating recent card with id: *****
04-13 01:15:37.911 25557 25643 D AmazonCMS: Creating recent card with id: *****
04-13 01:15:37.919 27948 27966 I native-activity: Frame 546 GL error is 0x0
04-13 01:15:37.919 27948 27966 I native-activity: Frame 546 time is 30.520ms
04-13 01:15:37.919 27948 27966 I native-activity: Swap 546 time is 30.592ms
04-13 01:15:37.919 27948 27966 I native-activity: Animating
04-13 01:15:37.921 25557 25643 D AmazonCMS: Creating recent card with id: *****
04-13 01:15:37.932 27948 27966 I native-activity: Frame 547 GL error is 0x0
04-13 01:15:37.932 25557 25643 D AmazonCMS: Creating recent card with id: *****
04-13 01:15:37.932 27948 27966 I native-activity: Frame 547 time is 12.930ms
04-13 01:15:37.932 27948 27966 I native-activity: Swap 547 time is 13.010ms
04-13 01:15:37.932 27948 27966 I native-activity: Animating
04-13 01:15:37.940 27948 27966 I native-activity: Frame 548 GL error is 0x0
04-13 01:15:37.940 27948 27966 I native-activity: Frame 548 time is 8.503ms
04-13 01:15:37.941 27948 27966 I native-activity: Swap 548 time is 8.573ms
04-13 01:15:37.941 27948 27966 I native-activity: Animating
04-13 01:15:37.944 25557 25643 D AmazonCMS: Creating recent card with id: *****
04-13 01:15:37.947 27948 27966 I native-activity: Frame 549 GL error is 0x0
04-13 01:15:37.947 27948 27966 I native-activity: Frame 549 time is 5.976ms
04-13 01:15:37.947 27948 27966 I native-activity: Swap 549 time is 6.044ms
04-13 01:15:37.947 27948 27966 I native-activity: Animating
04-13 01:15:37.952 27948 27966 I native-activity: Frame 550 GL error is 0x0
04-13 01:15:37.953 27948 27966 I native-activity: Frame 550 time is 5.756ms
04-13 01:15:37.953 27948 27966 I native-activity: Swap 550 time is 5.829ms
04-13 01:15:37.953 27948 27966 I native-activity: Animating
04-13 01:15:37.956 25557 25643 D AmazonCMS: Creating recent card with id: *****
04-13 01:15:37.958 27948 27966 I native-activity: Frame 551 GL error is 0x0
04-13 01:15:37.958 27948 27966 I native-activity: Frame 551 time is 5.504ms
04-13 01:15:37.958 27948 27966 I native-activity: Swap 551 time is 5.577ms
04-13 01:15:37.958 27948 27966 I native-activity: Animating
04-13 01:15:37.964 27948 27966 I native-activity: Frame 552 GL error is 0x0
04-13 01:15:37.964 27948 27966 I native-activity: Frame 552 time is 5.466ms
04-13 01:15:37.964 27948 27966 I native-activity: Swap 552 time is 5.534ms
04-13 01:15:37.964 27948 27966 I native-activity: Animating
04-13 01:15:37.969 27948 27966 I native-activity: Frame 553 GL error is 0x0
04-13 01:15:37.969 27948 27966 I native-activity: Frame 553 time is 5.390ms
04-13 01:15:37.970 27948 27966 I native-activity: Swap 553 time is 5.695ms
04-13 01:15:37.970 27948 27966 I native-activity: Animating
04-13 01:15:37.973 27948 27966 I native-activity: Frame 554 GL error is 0x0
04-13 01:15:37.974 27948 27966 I native-activity: Frame 554 time is 3.789ms
04-13 01:15:37.974 27948 27966 I native-activity: Swap 554 time is 3.879ms
04-13 01:15:37.974 27948 27966 I native-activity: Animating
04-13 01:15:37.979 27948 27966 I native-activity: Frame 555 GL error is 0x0
04-13 01:15:37.979 27948 27966 I native-activity: Frame 555 time is 5.117ms
04-13 01:15:37.979 27948 27966 I native-activity: Swap 555 time is 5.187ms
04-13 01:15:37.979 27948 27966 I native-activity: Animating
04-13 01:15:37.984 27948 27966 I native-activity: Frame 556 GL error is 0x0
04-13 01:15:37.984 27948 27966 I native-activity: Frame 556 time is 4.700ms
04-13 01:15:37.984 27948 27966 I native-activity: Swap 556 time is 4.797ms
04-13 01:15:37.984 27948 27966 I native-activity: Animating
04-13 01:15:37.990 27948 27966 I native-activity: Frame 557 GL error is 0x0
04-13 01:15:37.990 27948 27966 I native-activity: Frame 557 time is 5.718ms
04-13 01:15:37.990 27948 27966 I native-activity: Swap 557 time is 5.790ms
04-13 01:15:37.990 27948 27966 I native-activity: Animating
04-13 01:15:37.995 27948 27966 I native-activity: Frame 558 GL error is 0x0
04-13 01:15:37.995 27948 27966 I native-activity: Frame 558 time is 4.898ms
04-13 01:15:37.995 27948 27966 I native-activity: Swap 558 time is 5.021ms
04-13 01:15:37.995 27948 27966 I native-activity: Animating
04-13 01:15:37.980     0     0 I Kernel  : [47376.661451]-(0)[0:swapper/0]dpi vsync
04-13 01:15:38.001 27948 27966 I native-activity: Frame 559 GL error is 0x0
04-13 01:15:38.001 27948 27966 I native-activity: Frame 559 time is 5.694ms
04-13 01:15:38.001 27948 27966 I native-activity: Swap 559 time is 5.769ms
04-13 01:15:38.001 27948 27966 I native-activity: Animating
04-13 01:15:38.005 27948 27966 I native-activity: Frame 560 GL error is 0x0
04-13 01:15:38.005 27948 27966 I native-activity: Frame 560 time is 3.884ms
04-13 01:15:38.005 27948 27966 I native-activity: Swap 560 time is 3.974ms
04-13 01:15:38.005 27948 27966 I native-activity: Animating
04-13 01:15:38.013 27948 27966 I native-activity: Frame 561 GL error is 0x0
04-13 01:15:38.013 27948 27966 I native-activity: Frame 561 time is 7.928ms
04-13 01:15:38.013 27948 27966 I native-activity: Swap 561 time is 8.003ms
04-13 01:15:38.013 27948 27966 I native-activity: Animating
04-13 01:15:38.020 27948 27966 I native-activity: Frame 562 GL error is 0x0
04-13 01:15:38.020 27948 27966 I native-activity: Frame 562 time is 7.070ms
04-13 01:15:38.020 27948 27966 I native-activity: Swap 562 time is 7.164ms
04-13 01:15:38.020 27948 27966 I native-activity: Animating
04-13 01:15:38.028 27948 27966 I native-activity: Frame 563 GL error is 0x0
04-13 01:15:38.028 27948 27966 I native-activity: Frame 563 time is 7.892ms
04-13 01:15:38.028 27948 27966 I native-activity: Swap 563 time is 7.961ms
04-13 01:15:38.028 27948 27966 I native-activity: Animating
04-13 01:15:38.035 27948 27966 I native-activity: Frame 564 GL error is 0x0
04-13 01:15:38.035 27948 27966 I native-activity: Frame 564 time is 6.888ms
04-13 01:15:38.035 27948 27966 I native-activity: Swap 564 time is 6.977ms
04-13 01:15:38.035 27948 27966 I native-activity: Animating
04-13 01:15:38.039 25557 27994 I F_C.ProducerClientCompa: Producer com.amazon.kindle.cms.card.producer.APPS at API version BrazilVersion(1.4).
04-13 01:15:38.039 25557 25643 D AmazonCMS: CardClient: Pushing 12 cards ***** by producer com.amazon.kindle.cms.card.producer.APPS
04-13 01:15:38.044 27948 27966 I native-activity: Frame 565 GL error is 0x0
04-13 01:15:38.044 27948 27966 I native-activity: Frame 565 time is 8.608ms
04-13 01:15:38.044 27948 27966 I native-activity: Swap 565 time is 8.679ms
04-13 01:15:38.044 27948 27966 I native-activity: Animating
04-13 01:15:38.046 25557 27994 I F_C.ProducerClientCompa: Connected to ServerInfo(CDA Version: BrazilVersion(1.3.108.0), Min. Producer: BrazilVersion(1.0), Delete All: true)
04-13 01:15:38.052 27948 27966 I native-activity: Frame 566 GL error is 0x0
04-13 01:15:38.052 27948 27966 I native-activity: Frame 566 time is 8.121ms
04-13 01:15:38.052 27948 27966 I native-activity: Swap 566 time is 8.192ms
04-13 01:15:38.052 27948 27966 I native-activity: Animating
04-13 01:15:38.061 25616 25631 I F_C.CardAgentSynchroniz: Throttling producer refresh
04-13 01:15:38.061 25616 25631 W F_C.CardProvider: Producer refresh failed
04-13 01:15:38.063 27948 27966 I native-activity: Frame 567 GL error is 0x0
04-13 01:15:38.063 27948 27966 I native-activity: Frame 567 time is 10.604ms
04-13 01:15:38.063 27948 27966 I native-activity: Swap 567 time is 10.918ms
04-13 01:15:38.063 27948 27966 I native-activity: Animating
04-13 01:15:38.071 27948 27966 I native-activity: Frame 568 GL error is 0x0
04-13 01:15:38.071 27948 27966 I native-activity: Frame 568 time is 7.793ms
04-13 01:15:38.071 27948 27966 I native-activity: Swap 568 time is 7.862ms
04-13 01:15:38.071 27948 27966 I native-activity: Animating
04-13 01:15:38.078 27948 27966 I native-activity: Frame 569 GL error is 0x0
04-13 01:15:38.078 27948 27966 I native-activity: Frame 569 time is 7.055ms
04-13 01:15:38.079 27948 27966 I native-activity: Swap 569 time is 7.132ms
04-13 01:15:38.079 27948 27966 I native-activity: Animating
04-13 01:15:38.086 27948 27966 I native-activity: Frame 570 GL error is 0x0
04-13 01:15:38.086 27948 27966 I native-activity: Frame 570 time is 7.149ms
04-13 01:15:38.086 27948 27966 I native-activity: Swap 570 time is 7.223ms
04-13 01:15:38.086 27948 27966 I native-activity: Animating
04-13 01:15:38.093 27948 27966 I native-activity: Frame 571 GL error is 0x0
04-13 01:15:38.093 27948 27966 I native-activity: Frame 571 time is 7.320ms
04-13 01:15:38.093 27948 27966 I native-activity: Swap 571 time is 7.403ms
04-13 01:15:38.093 27948 27966 I native-activity: Animating
04-13 01:15:38.094   917  1766 W AccountManagerService: insertAccountIntoDatabase: Account {name=default_account, type=amazon.account}, skipping since the account already exists
04-13 01:15:38.098 25557 26127 I DCP     : [JsonCallExecutor][CallExecutor][e989f937-3cf4-4bd7-ae5a-001d0e9b72b0][Auth]Received response code 200 OK. Total time = 545 ms. Handshake = 66 ms. Upload = 0 ms (0 bytes). Latency = 478 ms. Download = 0 ms (569 bytes).
04-13 01:15:38.101   917   933 D WifiService: releaseWifiLockLocked: WifiLock{com.amazon.dcp.framework.iuc.ConnectionEstablisherWithConnectivityEnforcement type=1 binder=android.os.BinderProxy@39d80295}
04-13 01:15:38.101 27948 27966 I native-activity: Frame 572 GL error is 0x0
04-13 01:15:38.101 27948 27966 I native-activity: Frame 572 time is 8.038ms
04-13 01:15:38.102 27948 27966 I native-activity: Swap 572 time is 8.116ms
04-13 01:15:38.102 27948 27966 I native-activity: Animating
04-13 01:15:38.109 27948 27966 I native-activity: Frame 573 GL error is 0x0
04-13 01:15:38.110 27948 27966 I native-activity: Frame 573 time is 7.874ms
04-13 01:15:38.110 27948 27966 I native-activity: Swap 573 time is 7.962ms
04-13 01:15:38.110 27948 27966 I native-activity: Animating
04-13 01:15:38.110   917  2114 W AccountManagerService: insertAccountIntoDatabase: Account {name=default_account, type=amazon.account}, skipping since the account already exists
04-13 01:15:38.115   917  1051 W AccountManagerService: insertAccountIntoDatabase: Account {name=default_account, type=amazon.account}, skipping since the account already exists
04-13 01:15:38.120 27948 27966 I native-activity: Frame 574 GL error is 0x0
04-13 01:15:38.120 27948 27966 I native-activity: Frame 574 time is 10.006ms
04-13 01:15:38.120 27948 27966 I native-activity: Swap 574 time is 10.083ms
04-13 01:15:38.120 27948 27966 I native-activity: Animating
04-13 01:15:38.121   917  2245 W AccountManagerService: insertAccountIntoDatabase: Account {name=default_account, type=amazon.account}, skipping since the account already exists
04-13 01:15:38.132 27948 27966 I native-activity: Frame 575 GL error is 0x0
04-13 01:15:38.132 27948 27966 I native-activity: Frame 575 time is 11.940ms
04-13 01:15:38.132 27948 27966 I native-activity: Swap 575 time is 12.021ms
04-13 01:15:38.132 27948 27966 I native-activity: Animating
04-13 01:15:38.133   917  1763 W AccountManagerService: insertAccountIntoDatabase: Account {name=default_account, type=amazon.account}, skipping since the account already exists
04-13 01:15:38.146   917   933 W AccountManagerService: insertAccountIntoDatabase: Account {name=default_account, type=amazon.account}, skipping since the account already exists
04-13 01:15:38.148 27948 27966 I native-activity: Frame 576 GL error is 0x0
04-13 01:15:38.149 27948 27966 I native-activity: Frame 576 time is 16.518ms
04-13 01:15:38.149 27948 27966 I native-activity: Swap 576 time is 16.600ms
04-13 01:15:38.149 27948 27966 I native-activity: Animating
04-13 01:15:38.151   917  1766 W AccountManagerService: insertAccountIntoDatabase: Account {name=default_account, type=amazon.account}, skipping since the account already exists
04-13 01:15:38.155   917  2115 W AccountManagerService: insertAccountIntoDatabase: Account {name=default_account, type=amazon.account}, skipping since the account already exists
04-13 01:15:38.159   917  2113 W AccountManagerService: insertAccountIntoDatabase: Account {name=default_account, type=amazon.account}, skipping since the account already exists
04-13 01:15:38.163 27948 27966 I native-activity: Frame 577 GL error is 0x0
04-13 01:15:38.163 27948 27966 I native-activity: Frame 577 time is 14.442ms
04-13 01:15:38.163 27948 27966 I native-activity: Swap 577 time is 14.525ms
04-13 01:15:38.163   917  2175 W AccountManagerService: insertAccountIntoDatabase: Account {name=default_account, type=amazon.account}, skipping since the account already exists
04-13 01:15:38.163 27948 27966 I native-activity: Animating
04-13 01:15:38.168   917  2109 W AccountManagerService: insertAccountIntoDatabase: Account {name=default_account, type=amazon.account}, skipping since the account already exists
04-13 01:15:38.170   917   932 W AccountManagerService: insertAccountIntoDatabase: Account {name=default_account, type=amazon.account}, skipping since the account already exists
04-13 01:15:38.172   917  2246 W AccountManagerService: insertAccountIntoDatabase: Account {name=default_account, type=amazon.account}, skipping since the account already exists
04-13 01:15:38.178 27948 27966 I native-activity: Frame 578 GL error is 0x0
04-13 01:15:38.178 27948 27966 I native-activity: Frame 578 time is 14.906ms
04-13 01:15:38.178 27948 27966 I native-activity: Swap 578 time is 14.987ms
04-13 01:15:38.178 27948 27966 I native-activity: Animating
04-13 01:15:38.183   917  1766 W AccountManagerService: insertAccountIntoDatabase: Account {name=default_account, type=amazon.account}, skipping since the account already exists
04-13 01:15:38.170 25616 27997 I Kernel  : [47376.846752].(2)[27997:IntentService[Q]name:Log.amazon_main_1956 unmap vm_start a0dd2000  end: a0fd2000
04-13 01:15:38.195   917  1763 W AccountManagerService: insertAccountIntoDatabase: Account {name=default_account, type=amazon.account}, skipping since the account already exists
04-13 01:15:38.196 27948 27966 I native-activity: Frame 579 GL error is 0x0
04-13 01:15:38.196 27948 27966 I native-activity: Frame 579 time is 17.731ms
04-13 01:15:38.196 27948 27966 I native-activity: Swap 579 time is 17.814ms
04-13 01:15:38.196 27948 27966 I native-activity: Animating
04-13 01:15:38.180 25616 27997 I Kernel  : [47376.859055].(2)[27997:IntentService[Q]name:Log.amazon_main_1956 unmap vm_start a0dd2000  end: a0fd2000
04-13 01:15:38.208   917  1051 W AccountManagerService: insertAccountIntoDatabase: Account {name=default_account, type=amazon.account}, skipping since the account already exists
04-13 01:15:38.215 27948 27966 I native-activity: Frame 580 GL error is 0x0
04-13 01:15:38.215 27948 27966 I native-activity: Frame 580 time is 18.341ms
04-13 01:15:38.215 27948 27966 I native-activity: Swap 580 time is 18.427ms
04-13 01:15:38.215 27948 27966 I native-activity: Animating
04-13 01:15:38.200 25616 25681 I Kernel  : [47376.879584].(2)[25681:umerClie.Worker]name:Log.amazon_main_1956 unmap vm_start a0dd2000  end: a0fd2000
04-13 01:15:38.220   917  2175 W AccountManagerService: insertAccountIntoDatabase: Account {name=default_account, type=amazon.account}, skipping since the account already exists
04-13 01:15:38.235 27948 27966 I native-activity: Frame 581 GL error is 0x0
04-13 01:15:38.236 27948 27966 I native-activity: Frame 581 time is 20.603ms
04-13 01:15:38.236 27948 27966 I native-activity: Swap 581 time is 20.691ms
04-13 01:15:38.236 27948 27966 I native-activity: Animating
04-13 01:15:38.237   917  2245 W AccountManagerService: insertAccountIntoDatabase: Account {name=default_account, type=amazon.account}, skipping since the account already exists
04-13 01:15:38.220 25616 25681 I Kernel  : [47376.900235].(2)[25681:umerClie.Worker]name:Log.amazon_main_1956 unmap vm_start a0dd2000  end: a0fd2000
04-13 01:15:38.248   917  1762 W AccountManagerService: insertAccountIntoDatabase: Account {name=default_account, type=amazon.account}, skipping since the account already exists
04-13 01:15:38.253 27948 27966 I native-activity: Frame 582 GL error is 0x0
04-13 01:15:38.253 27948 27966 I native-activity: Frame 582 time is 17.064ms
04-13 01:15:38.253 27948 27966 I native-activity: Swap 582 time is 17.141ms
04-13 01:15:38.253 27948 27966 I native-activity: Animating
04-13 01:15:38.258   917  1763 W AccountManagerService: insertAccountIntoDatabase: Account {name=default_account, type=amazon.account}, skipping since the account already exists
04-13 01:15:38.268 27948 27966 I native-activity: Frame 583 GL error is 0x0
04-13 01:15:38.268 27948 27966 I native-activity: Frame 583 time is 15.288ms
04-13 01:15:38.268 27948 27966 I native-activity: Swap 583 time is 15.369ms
04-13 01:15:38.268 27948 27966 I native-activity: Animating
04-13 01:15:38.250 25616 25681 I Kernel  : [47376.927321].(2)[25681:umerClie.Worker]name:Log.amazon_main_1956 unmap vm_start a0dd2000  end: a0fd2000
04-13 01:15:38.272   917  1051 W AccountManagerService: insertAccountIntoDatabase: Account {name=default_account, type=amazon.account}, skipping since the account already exists
04-13 01:15:38.282 27948 27966 I native-activity: Frame 584 GL error is 0x0
04-13 01:15:38.282 27948 27966 I native-activity: Frame 584 time is 13.840ms
04-13 01:15:38.282 27948 27966 I native-activity: Swap 584 time is 13.916ms
04-13 01:15:38.283 27948 27966 I native-activity: Animating
04-13 01:15:38.290   917  2175 W AccountManagerService: insertAccountIntoDatabase: Account {name=default_account, type=amazon.account}, skipping since the account already exists
04-13 01:15:38.296 27948 27966 I native-activity: Frame 585 GL error is 0x0
04-13 01:15:38.296 27948 27966 I native-activity: Frame 585 time is 13.822ms
04-13 01:15:38.296 27948 27966 I native-activity: Swap 585 time is 13.910ms
04-13 01:15:38.297 27948 27966 I native-activity: Animating
04-13 01:15:38.280 25616 25630 I Kernel  : [47376.960848].(2)[25630:GCDaemon]name:Log.main_3787 unmap vm_start a34a1000  end: a34a6000
04-13 01:15:38.308   917  1766 W AccountManagerService: insertAccountIntoDatabase: Account {name=default_account, type=amazon.account}, skipping since the account already exists
04-13 01:15:38.310 27948 27966 I native-activity: Frame 586 GL error is 0x0
04-13 01:15:38.311 27948 27966 I native-activity: Frame 586 time is 13.986ms
04-13 01:15:38.311 27948 27966 I native-activity: Swap 586 time is 14.068ms
04-13 01:15:38.311 27948 27966 I native-activity: Animating
04-13 01:15:38.300 25616 25681 I Kernel  : [47376.975515].(0)[25681:umerClie.Worker]name:Log.amazon_main_1956 unmap vm_start a0dd2000  end: a0fd2000
04-13 01:15:38.320   917  1763 W AccountManagerService: insertAccountIntoDatabase: Account {name=default_account, type=amazon.account}, skipping since the account already exists
04-13 01:15:38.324 27948 27966 I native-activity: Frame 587 GL error is 0x0
04-13 01:15:38.324 27948 27966 I native-activity: Frame 587 time is 13.149ms
04-13 01:15:38.324 27948 27966 I native-activity: Swap 587 time is 13.234ms
04-13 01:15:38.324 27948 27966 I native-activity: Animating
04-13 01:15:38.338 27948 27966 I native-activity: Frame 588 GL error is 0x0
04-13 01:15:38.338 27948 27966 I native-activity: Frame 588 time is 13.720ms
04-13 01:15:38.338 27948 27966 I native-activity: Swap 588 time is 13.808ms
04-13 01:15:38.338 27948 27966 I native-activity: Animating
