04-13 00:41:40.498 22683 22716 I native-activity: Swap 31 time is 12.043ms
04-13 00:41:40.498 22683 22716 I native-activity: Animating
04-13 00:41:40.547 22683 22716 I native-activity: Frame 32 GL error is 0x500
04-13 00:41:40.547 22683 22716 I native-activity: Frame 32 time is 49.193ms
04-13 00:41:40.547 22683 22716 I native-activity: Doing egl_swapbuffers_sync 1
04-13 00:41:40.547 22683 22716 D native-activity: Reading pixels format 0x1908 type 0x1401 bpp 4
04-13 00:41:40.552 22683 22716 I native-activity: Read pixels, GL error is 0x0
04-13 00:41:40.552 22683 22716 I native-activity: Swap 32 time is 53.656ms
04-13 00:41:40.552 22683 22716 I native-activity: Animating
04-13 00:41:40.576 22683 22716 I native-activity: Frame 33 GL error is 0x500
04-13 00:41:40.576 22683 22716 I native-activity: Frame 33 time is 24.230ms
04-13 00:41:40.576 22683 22716 I native-activity: Doing egl_swapbuffers_sync 1
04-13 00:41:40.576 22683 22716 D native-activity: Reading pixels format 0x1908 type 0x1401 bpp 4
04-13 00:41:40.580 22683 22716 I native-activity: Read pixels, GL error is 0x0
04-13 00:41:40.580 22683 22716 I native-activity: Swap 33 time is 28.386ms
04-13 00:41:40.580 22683 22716 I native-activity: Animating
04-13 00:41:40.724 22683 22716 I native-activity: Frame 34 GL error is 0x500
04-13 00:41:40.724 22683 22716 I native-activity: Frame 34 time is 143.425ms
04-13 00:41:40.724 22683 22716 I native-activity: Doing egl_swapbuffers_sync 1
04-13 00:41:40.724 22683 22716 D native-activity: Reading pixels format 0x1908 type 0x1401 bpp 4
04-13 00:41:40.728 22683 22716 I native-activity: Read pixels, GL error is 0x0
04-13 00:41:40.728 22683 22716 I native-activity: Swap 34 time is 148.004ms
04-13 00:41:40.728 22683 22716 I native-activity: Animating
04-13 00:41:40.765 22683 22716 I native-activity: Frame 35 GL error is 0x500
04-13 00:41:40.765 22683 22716 I native-activity: Frame 35 time is 36.961ms
04-13 00:41:40.765 22683 22716 I native-activity: Doing egl_swapbuffers_sync 1
04-13 00:41:40.765 22683 22716 D native-activity: Reading pixels format 0x1908 type 0x1401 bpp 4
04-13 00:41:40.770 22683 22716 I native-activity: Read pixels, GL error is 0x0
04-13 00:41:40.770 22683 22716 I native-activity: Swap 35 time is 41.548ms
04-13 00:41:40.770 22683 22716 I native-activity: Animating
04-13 00:41:40.785   143   949 I [MALI][Gralloc]: usage0: 0xf02, format7: 1 stride2: 976 vertical_stride6: 600 size: 2342400
04-13 00:41:40.990    82    82 I Kernel  : [45339.662812].(0)[82:mtk charger_hv_]charging_reset_watch_dog_timer
04-13 00:41:40.990    82    82 I Kernel  : [45339.663686].(0)[82:mtk charger_hv_]array_size = 16 
04-13 00:41:41.090 22683 22716 I native-activity: Frame 36 GL error is 0x500
04-13 00:41:41.090 22683 22716 I native-activity: Frame 36 time is 320.392ms
04-13 00:41:41.090 22683 22716 I native-activity: Doing egl_swapbuffers_sync 1
04-13 00:41:41.091 22683 22716 D native-activity: Reading pixels format 0x1908 type 0x1401 bpp 4
04-13 00:41:41.095 22683 22716 I native-activity: Read pixels, GL error is 0x0
04-13 00:41:41.095 22683 22716 I native-activity: Swap 36 time is 324.630ms
04-13 00:41:41.095 22683 22716 I native-activity: Animating
04-13 00:41:41.224 22683 22716 I native-activity: Frame 37 GL error is 0x501
04-13 00:41:41.224 22683 22716 I native-activity: Frame 37 time is 129.303ms
04-13 00:41:41.224 22683 22716 I native-activity: Doing egl_swapbuffers_sync 1
04-13 00:41:41.224 22683 22716 D native-activity: Reading pixels format 0x1908 type 0x1401 bpp 4
04-13 00:41:41.229 22683 22716 I native-activity: Read pixels, GL error is 0x0
04-13 00:41:41.229 22683 22716 I native-activity: Swap 37 time is 134.004ms
04-13 00:41:41.229 22683 22716 I native-activity: Animating
04-13 00:41:41.239 22683 22716 I native-activity: Frame 38 GL error is 0x501
04-13 00:41:41.239 22683 22716 I native-activity: Frame 38 time is 10.048ms
04-13 00:41:41.239 22683 22716 I native-activity: Doing egl_swapbuffers_sync 1
04-13 00:41:41.239 22683 22716 D native-activity: Reading pixels format 0x1908 type 0x1401 bpp 4
04-13 00:41:41.245 22683 22716 I native-activity: Read pixels, GL error is 0x0
04-13 00:41:41.245 22683 22716 I native-activity: Swap 38 time is 16.187ms
04-13 00:41:41.245 22683 22716 I native-activity: Animating
04-13 00:41:41.254 22683 22716 I native-activity: Frame 39 GL error is 0x0
04-13 00:41:41.254 22683 22716 I native-activity: Frame 39 time is 8.460ms
04-13 00:41:41.254 22683 22716 I native-activity: Doing egl_swapbuffers_sync 1
04-13 00:41:41.254 22683 22716 D native-activity: Reading pixels format 0x1908 type 0x1401 bpp 4
04-13 00:41:41.259 22683 22716 I native-activity: Read pixels, GL error is 0x0
04-13 00:41:41.259 22683 22716 I native-activity: Swap 39 time is 14.097ms
04-13 00:41:41.259 22683 22716 I native-activity: Animating
04-13 00:41:41.267 22683 22716 I native-activity: Frame 40 GL error is 0x0
04-13 00:41:41.267 22683 22716 I native-activity: Frame 40 time is 7.631ms
04-13 00:41:41.267 22683 22716 I native-activity: Doing egl_swapbuffers_sync 1
04-13 00:41:41.267 22683 22716 D native-activity: Reading pixels format 0x1908 type 0x1401 bpp 4
04-13 00:41:41.273 22683 22716 I native-activity: Read pixels, GL error is 0x0
04-13 00:41:41.273 22683 22716 I native-activity: Swap 40 time is 13.380ms
04-13 00:41:41.273 22683 22716 I native-activity: Animating
04-13 00:41:41.280 22683 22716 I native-activity: Frame 41 GL error is 0x0
04-13 00:41:41.280 22683 22716 I native-activity: Frame 41 time is 6.909ms
04-13 00:41:41.280 22683 22716 I native-activity: Doing egl_swapbuffers_sync 1
04-13 00:41:41.280 22683 22716 D native-activity: Reading pixels format 0x1908 type 0x1401 bpp 4
04-13 00:41:41.285 22683 22716 I native-activity: Read pixels, GL error is 0x0
04-13 00:41:41.286 22683 22716 I native-activity: Swap 41 time is 12.516ms
04-13 00:41:41.286 22683 22716 I native-activity: Animating
04-13 00:41:41.293 22683 22716 I native-activity: Frame 42 GL error is 0x0
04-13 00:41:41.293 22683 22716 I native-activity: Frame 42 time is 7.028ms
04-13 00:41:41.293 22683 22716 I native-activity: Doing egl_swapbuffers_sync 1
04-13 00:41:41.293 22683 22716 D native-activity: Reading pixels format 0x1908 type 0x1401 bpp 4
04-13 00:41:41.298 22683 22716 I native-activity: Read pixels, GL error is 0x0
04-13 00:41:41.298 22683 22716 I native-activity: Swap 42 time is 12.903ms
04-13 00:41:41.299 22683 22716 I native-activity: Animating
04-13 00:41:41.308 22683 22716 I native-activity: Frame 43 GL error is 0x0
04-13 00:41:41.308 22683 22716 I native-activity: Frame 43 time is 9.549ms
04-13 00:41:41.308 22683 22716 I native-activity: Doing egl_swapbuffers_sync 1
04-13 00:41:41.308 22683 22716 D native-activity: Reading pixels format 0x1908 type 0x1401 bpp 4
04-13 00:41:41.314 22683 22716 I native-activity: Read pixels, GL error is 0x0
04-13 00:41:41.314 22683 22716 I native-activity: Swap 43 time is 15.548ms
04-13 00:41:41.314 22683 22716 I native-activity: Animating
04-13 00:41:41.322 22683 22716 I native-activity: Frame 44 GL error is 0x0
04-13 00:41:41.322 22683 22716 I native-activity: Frame 44 time is 7.514ms
04-13 00:41:41.322 22683 22716 I native-activity: Doing egl_swapbuffers_sync 1
04-13 00:41:41.322 22683 22716 D native-activity: Reading pixels format 0x1908 type 0x1401 bpp 4
04-13 00:41:41.327 22683 22716 I native-activity: Read pixels, GL error is 0x0
04-13 00:41:41.327 22683 22716 I native-activity: Swap 44 time is 13.267ms
04-13 00:41:41.328 22683 22716 I native-activity: Animating
04-13 00:41:41.455 22683 22716 I native-activity: Frame 45 GL error is 0x501
04-13 00:41:41.455 22683 22716 I native-activity: Frame 45 time is 127.795ms
04-13 00:41:41.455 22683 22716 I native-activity: Doing egl_swapbuffers_sync 1
04-13 00:41:41.455 22683 22716 D native-activity: Reading pixels format 0x1908 type 0x1401 bpp 4
04-13 00:41:41.461 22683 22716 I native-activity: Read pixels, GL error is 0x0
04-13 00:41:41.461 22683 22716 I native-activity: Swap 45 time is 133.407ms
04-13 00:41:41.461 22683 22716 I native-activity: Animating
04-13 00:41:41.618 22683 22716 I native-activity: Frame 46 GL error is 0x501
04-13 00:41:41.618 22683 22716 I native-activity: Frame 46 time is 156.471ms
04-13 00:41:41.618 22683 22716 I native-activity: Doing egl_swapbuffers_sync 1
04-13 00:41:41.618 22683 22716 D native-activity: Reading pixels format 0x1908 type 0x1401 bpp 4
04-13 00:41:41.623 22683 22716 I native-activity: Read pixels, GL error is 0x0
04-13 00:41:41.623 22683 22716 I native-activity: Swap 46 time is 161.878ms
04-13 00:41:41.623 22683 22716 I native-activity: Animating
04-13 00:41:41.761 22683 22716 I native-activity: Frame 47 GL error is 0x501
04-13 00:41:41.762 22683 22716 I native-activity: Frame 47 time is 138.380ms
04-13 00:41:41.762 22683 22716 I native-activity: Doing egl_swapbuffers_sync 1
04-13 00:41:41.762 22683 22716 D native-activity: Reading pixels format 0x1908 type 0x1401 bpp 4
04-13 00:41:41.767 22683 22716 I native-activity: Read pixels, GL error is 0x0
04-13 00:41:41.767 22683 22716 I native-activity: Swap 47 time is 144.320ms
04-13 00:41:41.768 22683 22716 I native-activity: Animating
04-13 00:41:41.768 22683 22716 I native-activity: Frame 48 GL error is 0x0
04-13 00:41:41.768 22683 22716 I native-activity: Frame 48 time is 0.297ms
04-13 00:41:41.768 22683 22716 I native-activity: Doing egl_swapbuffers_sync 1
04-13 00:41:41.768 22683 22716 D native-activity: Reading pixels format 0x1908 type 0x1401 bpp 4
04-13 00:41:41.750     0     0 I Kernel  : [45340.425351]-(0)[0:swapper/0]dpi vsync
04-13 00:41:41.774 22683 22716 I native-activity: Read pixels, GL error is 0x0
04-13 00:41:41.774 22683 22716 I native-activity: Swap 48 time is 5.970ms
04-13 00:41:41.774 22683 22716 I native-activity: Animating
04-13 00:41:41.774 22683 22716 I native-activity: Frame 49 GL error is 0x0
04-13 00:41:41.774 22683 22716 I native-activity: Frame 49 time is 0.252ms
04-13 00:41:41.774 22683 22716 I native-activity: Doing egl_swapbuffers_sync 1
04-13 00:41:41.774 22683 22716 D native-activity: Reading pixels format 0x1908 type 0x1401 bpp 4
04-13 00:41:41.780 22683 22716 I native-activity: Read pixels, GL error is 0x0
04-13 00:41:41.780 22683 22716 I native-activity: Swap 49 time is 6.490ms
04-13 00:41:41.780 22683 22716 I native-activity: Animating
04-13 00:41:41.781 22683 22716 I native-activity: Frame 50 GL error is 0x0
04-13 00:41:41.781 22683 22716 I native-activity: Frame 50 time is 0.316ms
04-13 00:41:41.781 22683 22716 I native-activity: Doing egl_swapbuffers_sync 1
04-13 00:41:41.781 22683 22716 D native-activity: Reading pixels format 0x1908 type 0x1401 bpp 4
04-13 00:41:41.786 22683 22716 I native-activity: Read pixels, GL error is 0x0
04-13 00:41:41.786 22683 22716 I native-activity: Swap 50 time is 5.988ms
04-13 00:41:41.786 22683 22716 I native-activity: Animating
04-13 00:41:41.787 22683 22716 I native-activity: Frame 51 GL error is 0x0
04-13 00:41:41.787 22683 22716 I native-activity: Frame 51 time is 0.261ms
04-13 00:41:41.787 22683 22716 I native-activity: Doing egl_swapbuffers_sync 1
04-13 00:41:41.787 22683 22716 D native-activity: Reading pixels format 0x1908 type 0x1401 bpp 4
04-13 00:41:41.792 22683 22716 I native-activity: Read pixels, GL error is 0x0
04-13 00:41:41.792 22683 22716 I native-activity: Swap 51 time is 5.801ms
04-13 00:41:41.792 22683 22716 I native-activity: Animating
04-13 00:41:41.792 22683 22716 I native-activity: Frame 52 GL error is 0x0
04-13 00:41:41.792 22683 22716 I native-activity: Frame 52 time is 0.268ms
04-13 00:41:41.792 22683 22716 I native-activity: Doing egl_swapbuffers_sync 1
04-13 00:41:41.793 22683 22716 D native-activity: Reading pixels format 0x1908 type 0x1401 bpp 4
04-13 00:41:41.798 22683 22716 I native-activity: Read pixels, GL error is 0x0
04-13 00:41:41.798 22683 22716 I native-activity: Swap 52 time is 6.179ms
04-13 00:41:41.798 22683 22716 I native-activity: Animating
04-13 00:41:41.799 22683 22716 I native-activity: Frame 53 GL error is 0x0
04-13 00:41:41.799 22683 22716 I native-activity: Frame 53 time is 0.268ms
04-13 00:41:41.799 22683 22716 I native-activity: Doing egl_swapbuffers_sync 1
04-13 00:41:41.799 22683 22716 D native-activity: Reading pixels format 0x1908 type 0x1401 bpp 4
04-13 00:41:41.804 22683 22716 I native-activity: Read pixels, GL error is 0x0
04-13 00:41:41.804 22683 22716 I native-activity: Swap 53 time is 5.957ms
04-13 00:41:41.804 22683 22716 I native-activity: Animating
04-13 00:41:41.805 22683 22716 I native-activity: Frame 54 GL error is 0x0
04-13 00:41:41.805 22683 22716 I native-activity: Frame 54 time is 0.261ms
04-13 00:41:41.805 22683 22716 I native-activity: Doing egl_swapbuffers_sync 1
04-13 00:41:41.805 22683 22716 D native-activity: Reading pixels format 0x1908 type 0x1401 bpp 4
04-13 00:41:41.800 21409 21409 I Kernel  : [45340.472019].(0)[21409:kworker/0:1H]regs_hotplug_callback cpu = 3
04-13 00:41:41.800    19    19 I Kernel  : [45340.472648]-(3)[19:migration/3][Power/hotplug] platform_cpu_disable, cpu: 3
04-13 00:41:41.810 22683 22716 I native-activity: Read pixels, GL error is 0x0
04-13 00:41:41.800    19    19 I Kernel  : [45340.472900]-(3)[19:migration/3]regs_hotplug_callback cpu = 3
04-13 00:41:41.800     0     0 I Kernel  : [45340.472959]-(3)[0:swapper/3][Power/hotplug] platform_cpu_die, cpu: 3
04-13 00:41:41.800     0     0 I Kernel  : [45340.472964].(0)[21409:kworker/0:1H]CPU3: shutdown
04-13 00:41:41.800     0     0 I Kernel  : [45340.472972].(0)[21409:kworker/0:1H][Power/hotplug] platform_cpu_kill, cpu: 3
04-13 00:41:41.800 21409 21409 I Kernel  : [45340.473615].(0)[21409:kworker/0:1H]regs_hotplug_callback cpu = 3
04-13 00:41:41.812 22683 22716 I native-activity: Swap 54 time is 7.088ms
04-13 00:41:41.812 22683 22716 I native-activity: Animating
04-13 00:41:41.812 22683 22716 I native-activity: Frame 55 GL error is 0x0
04-13 00:41:41.812 22683 22716 I native-activity: Frame 55 time is 0.492ms
04-13 00:41:41.812 22683 22716 I native-activity: Doing egl_swapbuffers_sync 1
04-13 00:41:41.812 22683 22716 D native-activity: Reading pixels format 0x1908 type 0x1401 bpp 4
04-13 00:41:41.800 21409 21409 I Kernel  : [45340.474963].(0)[21409:kworker/0:1H][WDK]cpu 3 plug off, kick wdt
04-13 00:41:41.800 21409 21409 I Kernel  : [45340.475099].(0)[21409:kworker/0:1H]regs_hotplug_callback cpu = 3
04-13 00:41:41.818 22683 22716 I native-activity: Read pixels, GL error is 0x0
04-13 00:41:41.818 22683 22716 I native-activity: Swap 55 time is 6.253ms
04-13 00:41:41.818 22683 22716 I native-activity: Animating
04-13 00:41:41.818 22683 22716 I native-activity: Frame 56 GL error is 0x0
04-13 00:41:41.818 22683 22716 I native-activity: Frame 56 time is 0.262ms
04-13 00:41:41.818 22683 22716 I native-activity: Doing egl_swapbuffers_sync 1
04-13 00:41:41.818 22683 22716 D native-activity: Reading pixels format 0x1908 type 0x1401 bpp 4
04-13 00:41:41.824 22683 22716 I native-activity: Read pixels, GL error is 0x0
04-13 00:41:41.824 22683 22716 I native-activity: Swap 56 time is 5.854ms
04-13 00:41:41.824 22683 22716 I native-activity: Animating
04-13 00:41:41.824 22683 22716 I native-activity: Frame 57 GL error is 0x0
04-13 00:41:41.824 22683 22716 I native-activity: Frame 57 time is 0.251ms
04-13 00:41:41.824 22683 22716 I native-activity: Doing egl_swapbuffers_sync 1
04-13 00:41:41.824 22683 22716 D native-activity: Reading pixels format 0x1908 type 0x1401 bpp 4
04-13 00:41:41.830 22683 22716 I native-activity: Read pixels, GL error is 0x0
04-13 00:41:41.830 22683 22716 I native-activity: Swap 57 time is 5.874ms
04-13 00:41:41.830 22683 22716 I native-activity: Animating
04-13 00:41:41.830 22683 22716 I native-activity: Frame 58 GL error is 0x0
04-13 00:41:41.830 22683 22716 I native-activity: Frame 58 time is 0.285ms
04-13 00:41:41.830 22683 22716 I native-activity: Doing egl_swapbuffers_sync 1
04-13 00:41:41.830 22683 22716 D native-activity: Reading pixels format 0x1908 type 0x1401 bpp 4
04-13 00:41:41.836 22683 22716 I native-activity: Read pixels, GL error is 0x0
04-13 00:41:41.836 22683 22716 I native-activity: Swap 58 time is 6.104ms
04-13 00:41:41.836 22683 22716 I native-activity: Animating
04-13 00:41:41.836 22683 22716 I native-activity: Frame 59 GL error is 0x0
04-13 00:41:41.836 22683 22716 I native-activity: Frame 59 time is 0.251ms
04-13 00:41:41.836 22683 22716 I native-activity: Doing egl_swapbuffers_sync 1
04-13 00:41:41.836 22683 22716 D native-activity: Reading pixels format 0x1908 type 0x1401 bpp 4
04-13 00:41:41.842 22683 22716 I native-activity: Read pixels, GL error is 0x0
04-13 00:41:41.842 22683 22716 I native-activity: Swap 59 time is 6.071ms
04-13 00:41:41.842 22683 22716 I native-activity: Animating
04-13 00:41:41.842 22683 22716 I native-activity: Frame 60 GL error is 0x0
04-13 00:41:41.842 22683 22716 I native-activity: Frame 60 time is 0.261ms
04-13 00:41:41.843 22683 22716 I native-activity: Doing egl_swapbuffers_sync 1
04-13 00:41:41.843 22683 22716 D native-activity: Reading pixels format 0x1908 type 0x1401 bpp 4
04-13 00:41:41.848 22683 22716 I native-activity: Read pixels, GL error is 0x0
04-13 00:41:41.848 22683 22716 I native-activity: Swap 60 time is 5.958ms
04-13 00:41:41.848 22683 22716 I native-activity: Animating
04-13 00:41:41.848 22683 22716 I native-activity: Frame 61 GL error is 0x0
04-13 00:41:41.848 22683 22716 I native-activity: Frame 61 time is 0.240ms
04-13 00:41:41.849 22683 22716 I native-activity: Doing egl_swapbuffers_sync 1
04-13 00:41:41.849 22683 22716 D native-activity: Reading pixels format 0x1908 type 0x1401 bpp 4
04-13 00:41:41.854 22683 22716 I native-activity: Read pixels, GL error is 0x0
04-13 00:41:41.854 22683 22716 I native-activity: Swap 61 time is 6.060ms
04-13 00:41:41.854 22683 22716 I native-activity: Animating
04-13 00:41:41.855 22683 22716 I native-activity: Frame 62 GL error is 0x0
04-13 00:41:41.855 22683 22716 I native-activity: Frame 62 time is 0.245ms
04-13 00:41:41.855 22683 22716 I native-activity: Doing egl_swapbuffers_sync 1
04-13 00:41:41.855 22683 22716 D native-activity: Reading pixels format 0x1908 type 0x1401 bpp 4
04-13 00:41:41.860 22683 22716 I native-activity: Read pixels, GL error is 0x0
04-13 00:41:41.861 22683 22716 I native-activity: Swap 62 time is 6.265ms
04-13 00:41:41.861 22683 22716 I native-activity: Animating
04-13 00:41:41.861 22683 22716 I native-activity: Frame 63 GL error is 0x0
04-13 00:41:41.861 22683 22716 I native-activity: Frame 63 time is 0.501ms
04-13 00:41:41.861 22683 22716 I native-activity: Doing egl_swapbuffers_sync 1
04-13 00:41:41.861 22683 22716 D native-activity: Reading pixels format 0x1908 type 0x1401 bpp 4
04-13 00:41:41.867 22683 22716 I native-activity: Read pixels, GL error is 0x0
04-13 00:41:41.867 22683 22716 I native-activity: Swap 63 time is 6.090ms
04-13 00:41:41.867 22683 22716 I native-activity: Animating
04-13 00:41:41.867 22683 22716 I native-activity: Frame 64 GL error is 0x0
04-13 00:41:41.867 22683 22716 I native-activity: Frame 64 time is 0.236ms
04-13 00:41:41.867 22683 22716 I native-activity: Doing egl_swapbuffers_sync 1
04-13 00:41:41.867 22683 22716 D native-activity: Reading pixels format 0x1908 type 0x1401 bpp 4
04-13 00:41:41.873 22683 22716 I native-activity: Read pixels, GL error is 0x0
04-13 00:41:41.873 22683 22716 I native-activity: Swap 64 time is 6.198ms
04-13 00:41:41.873 22683 22716 I native-activity: Animating
04-13 00:41:41.874 22683 22716 I native-activity: Frame 65 GL error is 0x0
04-13 00:41:41.874 22683 22716 I native-activity: Frame 65 time is 0.430ms
04-13 00:41:41.874 22683 22716 I native-activity: Doing egl_swapbuffers_sync 1
04-13 00:41:41.874 22683 22716 D native-activity: Reading pixels format 0x1908 type 0x1401 bpp 4
04-13 00:41:41.880 22683 22716 I native-activity: Read pixels, GL error is 0x0
04-13 00:41:41.880 22683 22716 I native-activity: Swap 65 time is 6.913ms
04-13 00:41:41.880 22683 22716 I native-activity: Animating
04-13 00:41:41.881 22683 22716 I native-activity: Frame 66 GL error is 0x0
04-13 00:41:41.881 22683 22716 I native-activity: Frame 66 time is 0.952ms
04-13 00:41:41.881 22683 22716 I native-activity: Doing egl_swapbuffers_sync 1
04-13 00:41:41.881 22683 22716 D native-activity: Reading pixels format 0x1908 type 0x1401 bpp 4
04-13 00:41:41.888 22683 22716 I native-activity: Read pixels, GL error is 0x0
04-13 00:41:41.888 22683 22716 I native-activity: Swap 66 time is 7.853ms
04-13 00:41:41.888 22683 22716 I native-activity: Animating
04-13 00:41:41.889 22683 22716 I native-activity: Frame 67 GL error is 0x0
04-13 00:41:41.889 22683 22716 I native-activity: Frame 67 time is 0.443ms
04-13 00:41:41.889 22683 22716 I native-activity: Doing egl_swapbuffers_sync 1
04-13 00:41:41.889 22683 22716 D native-activity: Reading pixels format 0x1908 type 0x1401 bpp 4
04-13 00:41:41.896 22683 22716 I native-activity: Read pixels, GL error is 0x0
04-13 00:41:41.896 22683 22716 I native-activity: Swap 67 time is 7.798ms
04-13 00:41:41.896 22683 22716 I native-activity: Animating
04-13 00:41:41.897 22683 22716 I native-activity: Frame 68 GL error is 0x0
04-13 00:41:41.897 22683 22716 I native-activity: Frame 68 time is 0.451ms
04-13 00:41:41.897 22683 22716 I native-activity: Doing egl_swapbuffers_sync 1
04-13 00:41:41.897 22683 22716 D native-activity: Reading pixels format 0x1908 type 0x1401 bpp 4
04-13 00:41:41.905 22683 22716 I native-activity: Read pixels, GL error is 0x0
04-13 00:41:41.905 22683 22716 I native-activity: Swap 68 time is 8.864ms
04-13 00:41:41.905 22683 22716 I native-activity: Animating
04-13 00:41:41.906 22683 22716 I native-activity: Frame 69 GL error is 0x0
04-13 00:41:41.906 22683 22716 I native-activity: Frame 69 time is 0.422ms
04-13 00:41:41.906 22683 22716 I native-activity: Doing egl_swapbuffers_sync 1
04-13 00:41:41.906 22683 22716 D native-activity: Reading pixels format 0x1908 type 0x1401 bpp 4
04-13 00:41:41.914 22683 22716 I native-activity: Read pixels, GL error is 0x0
04-13 00:41:41.914 22683 22716 I native-activity: Swap 69 time is 8.380ms
04-13 00:41:41.914 22683 22716 I native-activity: Animating
04-13 00:41:41.914 22683 22716 I native-activity: Frame 70 GL error is 0x0
04-13 00:41:41.914 22683 22716 I native-activity: Frame 70 time is 0.469ms
04-13 00:41:41.914 22683 22716 I native-activity: Doing egl_swapbuffers_sync 1
04-13 00:41:41.914 22683 22716 D native-activity: Reading pixels format 0x1908 type 0x1401 bpp 4
04-13 00:41:41.922 22683 22716 I native-activity: Read pixels, GL error is 0x0
04-13 00:41:41.923 22683 22716 I native-activity: Swap 70 time is 8.761ms
04-13 00:41:41.923 22683 22716 I native-activity: Animating
04-13 00:41:41.923 22683 22716 I native-activity: Frame 71 GL error is 0x0
04-13 00:41:41.923 22683 22716 I native-activity: Frame 71 time is 0.417ms
04-13 00:41:41.923 22683 22716 I native-activity: Doing egl_swapbuffers_sync 1
04-13 00:41:41.923 22683 22716 D native-activity: Reading pixels format 0x1908 type 0x1401 bpp 4
04-13 00:41:41.930 22683 22716 I native-activity: Read pixels, GL error is 0x0
04-13 00:41:41.930 22683 22716 I native-activity: Swap 71 time is 7.092ms
04-13 00:41:41.930 22683 22716 I native-activity: Animating
04-13 00:41:41.930 22683 22716 I native-activity: Frame 72 GL error is 0x0
04-13 00:41:41.930 22683 22716 I native-activity: Frame 72 time is 0.495ms
04-13 00:41:41.930 22683 22716 I native-activity: Doing egl_swapbuffers_sync 1
04-13 00:41:41.930 22683 22716 D native-activity: Reading pixels format 0x1908 type 0x1401 bpp 4
04-13 00:41:41.937 22683 22716 I native-activity: Read pixels, GL error is 0x0
04-13 00:41:41.937 22683 22716 I native-activity: Swap 72 time is 7.536ms
04-13 00:41:41.938 22683 22716 I native-activity: Animating
04-13 00:41:41.938 22683 22716 I native-activity: Frame 73 GL error is 0x0
04-13 00:41:41.938 22683 22716 I native-activity: Frame 73 time is 0.441ms
04-13 00:41:41.938 22683 22716 I native-activity: Doing egl_swapbuffers_sync 1
04-13 00:41:41.938 22683 22716 D native-activity: Reading pixels format 0x1908 type 0x1401 bpp 4
04-13 00:41:41.945 22683 22716 I native-activity: Read pixels, GL error is 0x0
04-13 00:41:41.945 22683 22716 I native-activity: Swap 73 time is 7.446ms
04-13 00:41:41.945 22683 22716 I native-activity: Animating
04-13 00:41:41.946 22683 22716 I native-activity: Frame 74 GL error is 0x0
04-13 00:41:41.946 22683 22716 I native-activity: Frame 74 time is 0.422ms
04-13 00:41:41.946 22683 22716 I native-activity: Doing egl_swapbuffers_sync 1
04-13 00:41:41.946 22683 22716 D native-activity: Reading pixels format 0x1908 type 0x1401 bpp 4
04-13 00:41:41.953 22683 22716 I native-activity: Read pixels, GL error is 0x0
04-13 00:41:41.953 22683 22716 I native-activity: Swap 74 time is 7.613ms
04-13 00:41:41.953 22683 22716 I native-activity: Animating
04-13 00:41:41.953 22683 22716 I native-activity: Frame 75 GL error is 0x0
04-13 00:41:41.953 22683 22716 I native-activity: Frame 75 time is 0.436ms
04-13 00:41:41.953 22683 22716 I native-activity: Doing egl_swapbuffers_sync 1
04-13 00:41:41.953 22683 22716 D native-activity: Reading pixels format 0x1908 type 0x1401 bpp 4
04-13 00:41:41.960 22683 22716 I native-activity: Read pixels, GL error is 0x0
04-13 00:41:41.961 22683 22716 I native-activity: Swap 75 time is 7.673ms
04-13 00:41:41.961 22683 22716 I native-activity: Animating
04-13 00:41:41.961 22683 22716 I native-activity: Frame 76 GL error is 0x0
04-13 00:41:41.961 22683 22716 I native-activity: Frame 76 time is 0.499ms
04-13 00:41:41.961 22683 22716 I native-activity: Doing egl_swapbuffers_sync 1
04-13 00:41:41.961 22683 22716 D native-activity: Reading pixels format 0x1908 type 0x1401 bpp 4
04-13 00:41:41.967 22683 22716 I native-activity: Read pixels, GL error is 0x0
04-13 00:41:41.968 22683 22716 I native-activity: Swap 76 time is 6.900ms
04-13 00:41:41.968 22683 22716 I native-activity: Animating
04-13 00:41:41.968 22683 22716 I native-activity: Frame 77 GL error is 0x0
04-13 00:41:41.968 22683 22716 I native-activity: Frame 77 time is 0.433ms
04-13 00:41:41.968 22683 22716 I native-activity: Doing egl_swapbuffers_sync 1
04-13 00:41:41.968 22683 22716 D native-activity: Reading pixels format 0x1908 type 0x1401 bpp 4
04-13 00:41:41.975 22683 22716 I native-activity: Read pixels, GL error is 0x0
04-13 00:41:41.975 22683 22716 I native-activity: Swap 77 time is 6.932ms
04-13 00:41:41.975 22683 22716 I native-activity: Animating
04-13 00:41:41.975 22683 22716 I native-activity: Frame 78 GL error is 0x0
04-13 00:41:41.975 22683 22716 I native-activity: Frame 78 time is 0.421ms
04-13 00:41:41.975 22683 22716 I native-activity: Doing egl_swapbuffers_sync 1
04-13 00:41:41.975 22683 22716 D native-activity: Reading pixels format 0x1908 type 0x1401 bpp 4
04-13 00:41:41.982 22683 22716 I native-activity: Read pixels, GL error is 0x0
04-13 00:41:41.982 22683 22716 I native-activity: Swap 78 time is 6.986ms
04-13 00:41:41.982 22683 22716 I native-activity: Animating
04-13 00:41:41.982 22683 22716 I native-activity: Frame 79 GL error is 0x0
04-13 00:41:41.982 22683 22716 I native-activity: Frame 79 time is 0.415ms
04-13 00:41:41.982 22683 22716 I native-activity: Doing egl_swapbuffers_sync 1
04-13 00:41:41.982 22683 22716 D native-activity: Reading pixels format 0x1908 type 0x1401 bpp 4
04-13 00:41:41.989 22683 22716 I native-activity: Read pixels, GL error is 0x0
04-13 00:41:41.989 22683 22716 I native-activity: Swap 79 time is 6.870ms
04-13 00:41:41.989 22683 22716 I native-activity: Animating
04-13 00:41:41.989 22683 22716 I native-activity: Frame 80 GL error is 0x0
04-13 00:41:41.989 22683 22716 I native-activity: Frame 80 time is 0.415ms
04-13 00:41:41.989 22683 22716 I native-activity: Doing egl_swapbuffers_sync 1
04-13 00:41:41.989 22683 22716 D native-activity: Reading pixels format 0x1908 type 0x1401 bpp 4
04-13 00:41:41.995 22683 22716 I native-activity: Read pixels, GL error is 0x0
04-13 00:41:41.995 22683 22716 I native-activity: Swap 80 time is 6.570ms
04-13 00:41:41.996 22683 22716 I native-activity: Animating
04-13 00:41:41.996 22683 22716 I native-activity: Frame 81 GL error is 0x0
04-13 00:41:41.996 22683 22716 I native-activity: Frame 81 time is 0.421ms
04-13 00:41:41.996 22683 22716 I native-activity: Doing egl_swapbuffers_sync 1
04-13 00:41:41.996 22683 22716 D native-activity: Reading pixels format 0x1908 type 0x1401 bpp 4
04-13 00:41:42.003 22683 22716 I native-activity: Read pixels, GL error is 0x0
04-13 00:41:42.003 22683 22716 I native-activity: Swap 81 time is 7.012ms
04-13 00:41:42.003 22683 22716 I native-activity: Animating
04-13 00:41:42.003 22683 22716 I native-activity: Frame 82 GL error is 0x0
04-13 00:41:42.003 22683 22716 I native-activity: Frame 82 time is 0.488ms
04-13 00:41:42.003 22683 22716 I native-activity: Doing egl_swapbuffers_sync 1
04-13 00:41:42.003 22683 22716 D native-activity: Reading pixels format 0x1908 type 0x1401 bpp 4
04-13 00:41:41.990    82    82 I Kernel  : [45340.663801].(0)[82:mtk charger_hv_]charging_reset_watch_dog_timer
04-13 00:41:41.990    82    82 I Kernel  : [45340.664933].(0)[82:mtk charger_hv_]array_size = 16 
04-13 00:41:42.009 22683 22716 I native-activity: Read pixels, GL error is 0x0
04-13 00:41:42.010 22683 22716 I native-activity: Swap 82 time is 6.763ms
04-13 00:41:42.010 22683 22716 I native-activity: Animating
04-13 00:41:42.010 22683 22716 I native-activity: Frame 83 GL error is 0x0
04-13 00:41:42.010 22683 22716 I native-activity: Frame 83 time is 0.444ms
04-13 00:41:42.010 22683 22716 I native-activity: Doing egl_swapbuffers_sync 1
04-13 00:41:42.010 22683 22716 D native-activity: Reading pixels format 0x1908 type 0x1401 bpp 4
04-13 00:41:42.016 22683 22716 I native-activity: Read pixels, GL error is 0x0
04-13 00:41:42.016 22683 22716 I native-activity: Swap 83 time is 6.750ms
04-13 00:41:42.017 22683 22716 I native-activity: Animating
04-13 00:41:42.017 22683 22716 I native-activity: Frame 84 GL error is 0x0
04-13 00:41:42.017 22683 22716 I native-activity: Frame 84 time is 0.414ms
04-13 00:41:42.017 22683 22716 I native-activity: Doing egl_swapbuffers_sync 1
04-13 00:41:42.017 22683 22716 D native-activity: Reading pixels format 0x1908 type 0x1401 bpp 4
04-13 00:41:42.023 22683 22716 I native-activity: Read pixels, GL error is 0x0
04-13 00:41:42.024 22683 22716 I native-activity: Swap 84 time is 7.020ms
04-13 00:41:42.024 22683 22716 I native-activity: Animating
04-13 00:41:42.024 22683 22716 I native-activity: Frame 85 GL error is 0x0
04-13 00:41:42.024 22683 22716 I native-activity: Frame 85 time is 0.433ms
04-13 00:41:42.024 22683 22716 I native-activity: Doing egl_swapbuffers_sync 1
04-13 00:41:42.024 22683 22716 D native-activity: Reading pixels format 0x1908 type 0x1401 bpp 4
04-13 00:41:42.031 22683 22716 I native-activity: Read pixels, GL error is 0x0
04-13 00:41:42.031 22683 22716 I native-activity: Swap 85 time is 7.409ms
04-13 00:41:42.031 22683 22716 I native-activity: Animating
04-13 00:41:42.032 22683 22716 I native-activity: Frame 86 GL error is 0x0
04-13 00:41:42.032 22683 22716 I native-activity: Frame 86 time is 0.456ms
04-13 00:41:42.032 22683 22716 I native-activity: Doing egl_swapbuffers_sync 1
04-13 00:41:42.032 22683 22716 D native-activity: Reading pixels format 0x1908 type 0x1401 bpp 4
04-13 00:41:42.038 22683 22716 I native-activity: Read pixels, GL error is 0x0
04-13 00:41:42.038 22683 22716 I native-activity: Swap 86 time is 7.080ms
04-13 00:41:42.038 22683 22716 I native-activity: Animating
04-13 00:41:42.039 22683 22716 I native-activity: Frame 87 GL error is 0x0
04-13 00:41:42.039 22683 22716 I native-activity: Frame 87 time is 0.421ms
04-13 00:41:42.039 22683 22716 I native-activity: Doing egl_swapbuffers_sync 1
04-13 00:41:42.039 22683 22716 D native-activity: Reading pixels format 0x1908 type 0x1401 bpp 4
04-13 00:41:42.046 22683 22716 I native-activity: Read pixels, GL error is 0x0
04-13 00:41:42.046 22683 22716 I native-activity: Swap 87 time is 7.293ms
04-13 00:41:42.046 22683 22716 I native-activity: Animating
04-13 00:41:42.046 22683 22716 I native-activity: Frame 88 GL error is 0x0
04-13 00:41:42.046 22683 22716 I native-activity: Frame 88 time is 0.415ms
04-13 00:41:42.046 22683 22716 I native-activity: Doing egl_swapbuffers_sync 1
04-13 00:41:42.046 22683 22716 D native-activity: Reading pixels format 0x1908 type 0x1401 bpp 4
04-13 00:41:42.053 22683 22716 I native-activity: Read pixels, GL error is 0x0
04-13 00:41:42.053 22683 22716 I native-activity: Swap 88 time is 7.091ms
04-13 00:41:42.053 22683 22716 I native-activity: Animating
04-13 00:41:42.053 22683 22716 I native-activity: Frame 89 GL error is 0x0
04-13 00:41:42.054 22683 22716 I native-activity: Frame 89 time is 0.414ms
04-13 00:41:42.054 22683 22716 I native-activity: Doing egl_swapbuffers_sync 1
04-13 00:41:42.054 22683 22716 D native-activity: Reading pixels format 0x1908 type 0x1401 bpp 4
04-13 00:41:42.061 22683 22716 I native-activity: Read pixels, GL error is 0x0
04-13 00:41:42.061 22683 22716 I native-activity: Swap 89 time is 7.634ms
04-13 00:41:42.061 22683 22716 I native-activity: Animating
04-13 00:41:42.062 22683 22716 I native-activity: Frame 90 GL error is 0x0
04-13 00:41:42.062 22683 22716 I native-activity: Frame 90 time is 0.827ms
04-13 00:41:42.062 22683 22716 I native-activity: Doing egl_swapbuffers_sync 1
04-13 00:41:42.062 22683 22716 D native-activity: Reading pixels format 0x1908 type 0x1401 bpp 4
04-13 00:41:42.068 22683 22716 I native-activity: Read pixels, GL error is 0x0
04-13 00:41:42.068 22683 22716 I native-activity: Swap 90 time is 6.763ms
04-13 00:41:42.068 22683 22716 I native-activity: Animating
04-13 00:41:42.068 22683 22716 I native-activity: Frame 91 GL error is 0x0
04-13 00:41:42.068 22683 22716 I native-activity: Frame 91 time is 0.414ms
04-13 00:41:42.068 22683 22716 I native-activity: Doing egl_swapbuffers_sync 1
04-13 00:41:42.068 22683 22716 D native-activity: Reading pixels format 0x1908 type 0x1401 bpp 4
04-13 00:41:42.075 22683 22716 I native-activity: Read pixels, GL error is 0x0
04-13 00:41:42.075 22683 22716 I native-activity: Swap 91 time is 7.051ms
04-13 00:41:42.075 22683 22716 I native-activity: Animating
04-13 00:41:42.075 22683 22716 I native-activity: Frame 92 GL error is 0x0
04-13 00:41:42.075 22683 22716 I native-activity: Frame 92 time is 0.433ms
04-13 00:41:42.075 22683 22716 I native-activity: Doing egl_swapbuffers_sync 1
04-13 00:41:42.075 22683 22716 D native-activity: Reading pixels format 0x1908 type 0x1401 bpp 4
04-13 00:41:42.082 22683 22716 I native-activity: Read pixels, GL error is 0x0
04-13 00:41:42.082 22683 22716 I native-activity: Swap 92 time is 7.006ms
04-13 00:41:42.082 22683 22716 I native-activity: Animating
04-13 00:41:42.083 22683 22716 I native-activity: Frame 93 GL error is 0x0
04-13 00:41:42.083 22683 22716 I native-activity: Frame 93 time is 0.453ms
04-13 00:41:42.083 22683 22716 I native-activity: Doing egl_swapbuffers_sync 1
04-13 00:41:42.083 22683 22716 D native-activity: Reading pixels format 0x1908 type 0x1401 bpp 4
04-13 00:41:42.089 22683 22716 I native-activity: Read pixels, GL error is 0x0
04-13 00:41:42.089 22683 22716 I native-activity: Swap 93 time is 6.968ms
04-13 00:41:42.089 22683 22716 I native-activity: Animating
04-13 00:41:42.090 22683 22716 I native-activity: Frame 94 GL error is 0x0
04-13 00:41:42.090 22683 22716 I native-activity: Frame 94 time is 0.562ms
04-13 00:41:42.090 22683 22716 I native-activity: Doing egl_swapbuffers_sync 1
04-13 00:41:42.090 22683 22716 D native-activity: Reading pixels format 0x1908 type 0x1401 bpp 4
04-13 00:41:42.095 22683 22716 I native-activity: Read pixels, GL error is 0x0
04-13 00:41:42.096 22683 22716 I native-activity: Swap 94 time is 6.308ms
04-13 00:41:42.096 22683 22716 I native-activity: Animating
04-13 00:41:42.096 22683 22716 I native-activity: Frame 95 GL error is 0x0
04-13 00:41:42.096 22683 22716 I native-activity: Frame 95 time is 0.579ms
04-13 00:41:42.096 22683 22716 I native-activity: Doing egl_swapbuffers_sync 1
04-13 00:41:42.096 22683 22716 D native-activity: Reading pixels format 0x1908 type 0x1401 bpp 4
04-13 00:41:42.103 22683 22716 I native-activity: Read pixels, GL error is 0x0
04-13 00:41:42.103 22683 22716 I native-activity: Swap 95 time is 7.523ms
04-13 00:41:42.103 22683 22716 I native-activity: Animating
04-13 00:41:42.104 22683 22716 I native-activity: Frame 96 GL error is 0x0
04-13 00:41:42.104 22683 22716 I native-activity: Frame 96 time is 0.420ms
04-13 00:41:42.104 22683 22716 I native-activity: Doing egl_swapbuffers_sync 1
04-13 00:41:42.104 22683 22716 D native-activity: Reading pixels format 0x1908 type 0x1401 bpp 4
04-13 00:41:42.111 22683 22716 I native-activity: Read pixels, GL error is 0x0
04-13 00:41:42.111 22683 22716 I native-activity: Swap 96 time is 7.655ms
04-13 00:41:42.111 22683 22716 I native-activity: Animating
04-13 00:41:42.112 22683 22716 I native-activity: Frame 97 GL error is 0x0
04-13 00:41:42.112 22683 22716 I native-activity: Frame 97 time is 0.812ms
04-13 00:41:42.112 22683 22716 I native-activity: Doing egl_swapbuffers_sync 1
04-13 00:41:42.112 22683 22716 D native-activity: Reading pixels format 0x1908 type 0x1401 bpp 4
04-13 00:41:42.118 22683 22716 I native-activity: Read pixels, GL error is 0x0
04-13 00:41:42.118 22683 22716 I native-activity: Swap 97 time is 6.939ms
04-13 00:41:42.118 22683 22716 I native-activity: Animating
04-13 00:41:42.119 22683 22716 I native-activity: Frame 98 GL error is 0x0
04-13 00:41:42.119 22683 22716 I native-activity: Frame 98 time is 0.420ms
04-13 00:41:42.119 22683 22716 I native-activity: Doing egl_swapbuffers_sync 1
04-13 00:41:42.119 22683 22716 D native-activity: Reading pixels format 0x1908 type 0x1401 bpp 4
04-13 00:41:42.126 22683 22716 I native-activity: Read pixels, GL error is 0x0
04-13 00:41:42.126 22683 22716 I native-activity: Swap 98 time is 7.831ms
04-13 00:41:42.126 22683 22716 I native-activity: Animating
04-13 00:41:42.127 22683 22716 I native-activity: Frame 99 GL error is 0x0
04-13 00:41:42.127 22683 22716 I native-activity: Frame 99 time is 0.492ms
04-13 00:41:42.127 22683 22716 I native-activity: Doing egl_swapbuffers_sync 1
04-13 00:41:42.127 22683 22716 D native-activity: Reading pixels format 0x1908 type 0x1401 bpp 4
04-13 00:41:42.133 22683 22716 I native-activity: Read pixels, GL error is 0x0
04-13 00:41:42.133 22683 22716 I native-activity: Swap 99 time is 7.025ms
04-13 00:41:42.133 22683 22716 I native-activity: Animating
04-13 00:41:42.134 22683 22716 I native-activity: Frame 100 GL error is 0x0
04-13 00:41:42.134 22683 22716 I native-activity: Frame 100 time is 0.458ms
04-13 00:41:42.134 22683 22716 I native-activity: Doing egl_swapbuffers_sync 1
04-13 00:41:42.134 22683 22716 D native-activity: Reading pixels format 0x1908 type 0x1401 bpp 4
04-13 00:41:42.141 22683 22716 I native-activity: Read pixels, GL error is 0x0
04-13 00:41:42.141 22683 22716 I native-activity: Swap 100 time is 7.619ms
04-13 00:41:42.141 22683 22716 I native-activity: Animating
04-13 00:41:42.142 22683 22716 I native-activity: Frame 101 GL error is 0x0
04-13 00:41:42.142 22683 22716 I native-activity: Frame 101 time is 0.831ms
04-13 00:41:42.142 22683 22716 I native-activity: Doing egl_swapbuffers_sync 1
04-13 00:41:42.142 22683 22716 D native-activity: Reading pixels format 0x1908 type 0x1401 bpp 4
04-13 00:41:42.148 22683 22716 I native-activity: Read pixels, GL error is 0x0
04-13 00:41:42.148 22683 22716 I native-activity: Swap 101 time is 7.081ms
04-13 00:41:42.148 22683 22716 I native-activity: Animating
04-13 00:41:42.149 22683 22716 I native-activity: Frame 102 GL error is 0x0
04-13 00:41:42.149 22683 22716 I native-activity: Frame 102 time is 0.423ms
04-13 00:41:42.149 22683 22716 I native-activity: Doing egl_swapbuffers_sync 1
04-13 00:41:42.149 22683 22716 D native-activity: Reading pixels format 0x1908 type 0x1401 bpp 4
04-13 00:41:42.155 22683 22716 I native-activity: Read pixels, GL error is 0x0
04-13 00:41:42.155 22683 22716 I native-activity: Swap 102 time is 6.861ms
04-13 00:41:42.155 22683 22716 I native-activity: Animating
04-13 00:41:42.156 22683 22716 I native-activity: Frame 103 GL error is 0x0
04-13 00:41:42.156 22683 22716 I native-activity: Frame 103 time is 0.413ms
04-13 00:41:42.156 22683 22716 I native-activity: Doing egl_swapbuffers_sync 1
04-13 00:41:42.156 22683 22716 D native-activity: Reading pixels format 0x1908 type 0x1401 bpp 4
04-13 00:41:42.162 22683 22716 I native-activity: Read pixels, GL error is 0x0
04-13 00:41:42.162 22683 22716 I native-activity: Swap 103 time is 6.929ms
04-13 00:41:42.162 22683 22716 I native-activity: Animating
04-13 00:41:42.163 22683 22716 I native-activity: Frame 104 GL error is 0x0
04-13 00:41:42.163 22683 22716 I native-activity: Frame 104 time is 0.411ms
04-13 00:41:42.163 22683 22716 I native-activity: Doing egl_swapbuffers_sync 1
04-13 00:41:42.163 22683 22716 D native-activity: Reading pixels format 0x1908 type 0x1401 bpp 4
04-13 00:41:42.169 22683 22716 I native-activity: Read pixels, GL error is 0x0
04-13 00:41:42.169 22683 22716 I native-activity: Swap 104 time is 6.797ms
04-13 00:41:42.169 22683 22716 I native-activity: Animating
04-13 00:41:42.170 22683 22716 I native-activity: Frame 105 GL error is 0x0
04-13 00:41:42.170 22683 22716 I native-activity: Frame 105 time is 0.606ms
04-13 00:41:42.170 22683 22716 I native-activity: Doing egl_swapbuffers_sync 1
04-13 00:41:42.170 22683 22716 D native-activity: Reading pixels format 0x1908 type 0x1401 bpp 4
04-13 00:41:42.176 22683 22716 I native-activity: Read pixels, GL error is 0x0
04-13 00:41:42.176 22683 22716 I native-activity: Swap 105 time is 6.877ms
04-13 00:41:42.176 22683 22716 I native-activity: Animating
04-13 00:41:42.177 22683 22716 I native-activity: Frame 106 GL error is 0x0
04-13 00:41:42.177 22683 22716 I native-activity: Frame 106 time is 0.436ms
04-13 00:41:42.177 22683 22716 I native-activity: Doing egl_swapbuffers_sync 1
04-13 00:41:42.177 22683 22716 D native-activity: Reading pixels format 0x1908 type 0x1401 bpp 4
04-13 00:41:42.184 22683 22716 I native-activity: Read pixels, GL error is 0x0
04-13 00:41:42.184 22683 22716 I native-activity: Swap 106 time is 7.274ms
04-13 00:41:42.184 22683 22716 I native-activity: Animating
04-13 00:41:42.184 22683 22716 I native-activity: Frame 107 GL error is 0x0
04-13 00:41:42.184 22683 22716 I native-activity: Frame 107 time is 0.439ms
04-13 00:41:42.184 22683 22716 I native-activity: Doing egl_swapbuffers_sync 1
04-13 00:41:42.184 22683 22716 D native-activity: Reading pixels format 0x1908 type 0x1401 bpp 4
04-13 00:41:42.191 22683 22716 I native-activity: Read pixels, GL error is 0x0
04-13 00:41:42.191 22683 22716 I native-activity: Swap 107 time is 7.230ms
04-13 00:41:42.191 22683 22716 I native-activity: Animating
04-13 00:41:42.192 22683 22716 I native-activity: Frame 108 GL error is 0x0
04-13 00:41:42.192 22683 22716 I native-activity: Frame 108 time is 0.427ms
04-13 00:41:42.192 22683 22716 I native-activity: Doing egl_swapbuffers_sync 1
04-13 00:41:42.192 22683 22716 D native-activity: Reading pixels format 0x1908 type 0x1401 bpp 4
04-13 00:41:42.198 22683 22716 I native-activity: Read pixels, GL error is 0x0
04-13 00:41:42.198 22683 22716 I native-activity: Swap 108 time is 6.966ms
04-13 00:41:42.198 22683 22716 I native-activity: Animating
04-13 00:41:42.199 22683 22716 I native-activity: Frame 109 GL error is 0x0
04-13 00:41:42.199 22683 22716 I native-activity: Frame 109 time is 0.428ms
04-13 00:41:42.199 22683 22716 I native-activity: Doing egl_swapbuffers_sync 1
04-13 00:41:42.199 22683 22716 D native-activity: Reading pixels format 0x1908 type 0x1401 bpp 4
04-13 00:41:42.206 22683 22716 I native-activity: Read pixels, GL error is 0x0
04-13 00:41:42.206 22683 22716 I native-activity: Swap 109 time is 7.388ms
04-13 00:41:42.206 22683 22716 I native-activity: Animating
04-13 00:41:42.206 22683 22716 I native-activity: Frame 110 GL error is 0x0
04-13 00:41:42.206 22683 22716 I native-activity: Frame 110 time is 0.417ms
04-13 00:41:42.206 22683 22716 I native-activity: Doing egl_swapbuffers_sync 1
04-13 00:41:42.206 22683 22716 D native-activity: Reading pixels format 0x1908 type 0x1401 bpp 4
04-13 00:41:42.213 22683 22716 I native-activity: Read pixels, GL error is 0x0
04-13 00:41:42.213 22683 22716 I native-activity: Swap 110 time is 7.164ms
04-13 00:41:42.213 22683 22716 I native-activity: Animating
04-13 00:41:42.214 22683 22716 I native-activity: Frame 111 GL error is 0x0
04-13 00:41:42.214 22683 22716 I native-activity: Frame 111 time is 0.558ms
04-13 00:41:42.214 22683 22716 I native-activity: Doing egl_swapbuffers_sync 1
04-13 00:41:42.214 22683 22716 D native-activity: Reading pixels format 0x1908 type 0x1401 bpp 4
04-13 00:41:42.220 22683 22716 I native-activity: Read pixels, GL error is 0x0
04-13 00:41:42.220 22683 22716 I native-activity: Swap 111 time is 6.831ms
04-13 00:41:42.220 22683 22716 I native-activity: Animating
04-13 00:41:42.220 22683 22716 I native-activity: Frame 112 GL error is 0x0
04-13 00:41:42.221 22683 22716 I native-activity: Frame 112 time is 1.077ms
04-13 00:41:42.221 22683 22716 I native-activity: Doing egl_swapbuffers_sync 1
04-13 00:41:42.221 22683 22716 D native-activity: Reading pixels format 0x1908 type 0x1401 bpp 4
04-13 00:41:42.227 22683 22716 I native-activity: Read pixels, GL error is 0x0
04-13 00:41:42.227 22683 22716 I native-activity: Swap 112 time is 7.341ms
04-13 00:41:42.227 22683 22716 I native-activity: Animating
04-13 00:41:42.228 22683 22716 I native-activity: Frame 113 GL error is 0x0
04-13 00:41:42.228 22683 22716 I native-activity: Frame 113 time is 0.413ms
04-13 00:41:42.228 22683 22716 I native-activity: Doing egl_swapbuffers_sync 1
04-13 00:41:42.228 22683 22716 D native-activity: Reading pixels format 0x1908 type 0x1401 bpp 4
04-13 00:41:42.235 22683 22716 I native-activity: Read pixels, GL error is 0x0
04-13 00:41:42.235 22683 22716 I native-activity: Swap 113 time is 7.142ms
04-13 00:41:42.235 22683 22716 I native-activity: Animating
04-13 00:41:42.235 22683 22716 I native-activity: Frame 114 GL error is 0x0
04-13 00:41:42.235 22683 22716 I native-activity: Frame 114 time is 0.439ms
04-13 00:41:42.235 22683 22716 I native-activity: Doing egl_swapbuffers_sync 1
04-13 00:41:42.235 22683 22716 D native-activity: Reading pixels format 0x1908 type 0x1401 bpp 4
04-13 00:41:42.242 22683 22716 I native-activity: Read pixels, GL error is 0x0
04-13 00:41:42.242 22683 22716 I native-activity: Swap 114 time is 7.442ms
04-13 00:41:42.242 22683 22716 I native-activity: Animating
04-13 00:41:42.243 22683 22716 I native-activity: Frame 115 GL error is 0x0
04-13 00:41:42.243 22683 22716 I native-activity: Frame 115 time is 0.417ms
04-13 00:41:42.243 22683 22716 I native-activity: Doing egl_swapbuffers_sync 1
04-13 00:41:42.243 22683 22716 D native-activity: Reading pixels format 0x1908 type 0x1401 bpp 4
04-13 00:41:42.250 22683 22716 I native-activity: Read pixels, GL error is 0x0
04-13 00:41:42.250 22683 22716 I native-activity: Swap 115 time is 7.318ms
04-13 00:41:42.250 22683 22716 I native-activity: Animating
04-13 00:41:42.251 22683 22716 I native-activity: Frame 116 GL error is 0x0
04-13 00:41:42.251 22683 22716 I native-activity: Frame 116 time is 0.927ms
04-13 00:41:42.251 22683 22716 I native-activity: Doing egl_swapbuffers_sync 1
04-13 00:41:42.251 22683 22716 D native-activity: Reading pixels format 0x1908 type 0x1401 bpp 4
04-13 00:41:42.257 22683 22716 I native-activity: Read pixels, GL error is 0x0
04-13 00:41:42.257 22683 22716 I native-activity: Swap 116 time is 6.850ms
04-13 00:41:42.257 22683 22716 I native-activity: Animating
04-13 00:41:42.258 22683 22716 I native-activity: Frame 117 GL error is 0x0
04-13 00:41:42.258 22683 22716 I native-activity: Frame 117 time is 0.424ms
04-13 00:41:42.258 22683 22716 I native-activity: Doing egl_swapbuffers_sync 1
04-13 00:41:42.258 22683 22716 D native-activity: Reading pixels format 0x1908 type 0x1401 bpp 4
04-13 00:41:42.264 22683 22716 I native-activity: Read pixels, GL error is 0x0
04-13 00:41:42.264 22683 22716 I native-activity: Swap 117 time is 6.925ms
04-13 00:41:42.264 22683 22716 I native-activity: Animating
04-13 00:41:42.265 22683 22716 I native-activity: Frame 118 GL error is 0x0
04-13 00:41:42.265 22683 22716 I native-activity: Frame 118 time is 0.414ms
04-13 00:41:42.265 22683 22716 I native-activity: Doing egl_swapbuffers_sync 1
04-13 00:41:42.265 22683 22716 D native-activity: Reading pixels format 0x1908 type 0x1401 bpp 4
04-13 00:41:42.271 22683 22716 I native-activity: Read pixels, GL error is 0x0
04-13 00:41:42.271 22683 22716 I native-activity: Swap 118 time is 7.023ms
