04-13 01:14:12.043 27726 27760 I native-activity: Frame 505 time is 13.023ms
04-13 01:14:12.043 27726 27760 I native-activity: Swap 505 time is 13.090ms
04-13 01:14:12.043 25557 25643 V AmazonCMS: SubscriptionManager - Subscribing to dataset [*****] in namespace [*****]
04-13 01:14:12.043 27726 27760 I native-activity: Animating
04-13 01:14:12.047 25557 25643 V AmazonCMS: Subscribing to namespace: [*****]
04-13 01:14:12.055 27726 27760 I native-activity: Frame 506 GL error is 0x0
04-13 01:14:12.055 27726 27760 I native-activity: Frame 506 time is 12.259ms
04-13 01:14:12.056 27726 27760 I native-activity: Swap 506 time is 12.329ms
04-13 01:14:12.056 27726 27760 I native-activity: Animating
04-13 01:14:12.057 25557 25643 V AmazonCMS: Subscribing to namespace: [*****]
04-13 01:14:12.067 27726 27760 I native-activity: Frame 507 GL error is 0x0
04-13 01:14:12.067 27726 27760 I native-activity: Frame 507 time is 11.200ms
04-13 01:14:12.067 27726 27760 I native-activity: Swap 507 time is 11.302ms
04-13 01:14:12.067 27726 27760 I native-activity: Animating
04-13 01:14:12.080 27726 27760 I native-activity: Frame 508 GL error is 0x0
04-13 01:14:12.080 27726 27760 I native-activity: Frame 508 time is 12.579ms
04-13 01:14:12.080 27726 27760 I native-activity: Swap 508 time is 12.648ms
04-13 01:14:12.080 27726 27760 I native-activity: Animating
04-13 01:14:12.092 27726 27760 I native-activity: Frame 509 GL error is 0x0
04-13 01:14:12.092 27726 27760 I native-activity: Frame 509 time is 11.718ms
04-13 01:14:12.092 27726 27760 I native-activity: Swap 509 time is 11.787ms
04-13 01:14:12.092 27726 27760 I native-activity: Animating
04-13 01:14:12.095 25557 26040 I DCP     : Sending 0 dataset update for 'CloudCollections' namespace
04-13 01:14:12.104 27726 27760 I native-activity: Frame 510 GL error is 0x0
04-13 01:14:12.104 27726 27760 I native-activity: Frame 510 time is 12.251ms
04-13 01:14:12.105 27726 27760 I native-activity: Swap 510 time is 12.319ms
04-13 01:14:12.105 27726 27760 I native-activity: Animating
04-13 01:14:12.100 26597 26597 I Kernel  : [47290.771735].(0)[26597:kworker/0:0H]regs_hotplug_callback cpu = 2
04-13 01:14:12.100 26597 26597 I Kernel  : [47290.771817].(0)[26597:kworker/0:0H]Boot slave CPU
04-13 01:14:12.100 26597 26597 I Kernel  : [47290.771831].(0)[26597:kworker/0:0H][Power/hotplug] boot_secondary, cpu: 2
04-13 01:14:12.100 26597 26597 I Kernel  : [47290.771845].(0)[26597:kworker/0:0H][Power/hotplug] SLAVE2_MAGIC_NUM:4c415332
04-13 01:14:12.100 26597 26597 I Kernel  : [47290.771857].(0)[26597:kworker/0:0H]mt_wakeup_cpu: not first boot!(2)
04-13 01:14:12.100     0     0 I Kernel  : [47290.772086]-(2)[0:swapper/2]CPU2: Booted secondary processor
04-13 01:14:12.100     0     0 I Kernel  : [47290.772110]-(2)[0:swapper/2][Power/hotplug] platform_secondary_init, cpu: 2
04-13 01:14:12.100     0     0 I Kernel  : [47290.772255]-(2)[0:swapper/2]WD wd_cpu_hot_plug_on_notify kick ext wd
04-13 01:14:12.100     0     0 I Kernel  : [47290.772289]-(2)[0:swapper/2]regs_hotplug_callback cpu = 2
04-13 01:14:12.100 26597 26597 I Kernel  : [47290.772677].(0)[26597:kworker/0:0H]regs_hotplug_callback cpu = 2
04-13 01:14:12.100 26597 26597 I Kernel  : [47290.772798].(0)[26597:kworker/0:0H][wdk]bind kicker thread[87] to cpu[2]
04-13 01:14:12.100 26597 26597 I Kernel  : [47290.772959].(0)[26597:kworker/0:0H][WDK]cpu 2 plug on kick wdt
04-13 01:14:12.100 26597 26597 I Kernel  : [47290.773021].(0)[26597:kworker/0:0H]regs_hotplug_callback cpu = 3
04-13 01:14:12.100 26597 26597 I Kernel  : [47290.773080].(0)[26597:kworker/0:0H]Boot slave CPU
04-13 01:14:12.100 26597 26597 I Kernel  : [47290.773093].(0)[26597:kworker/0:0H][Power/hotplug] boot_secondary, cpu: 3
04-13 01:14:12.100 26597 26597 I Kernel  : [47290.773107].(0)[26597:kworker/0:0H][Power/hotplug] SLAVE3_MAGIC_NUM:41534c33
04-13 01:14:12.100 26597 26597 I Kernel  : [47290.773118].(0)[26597:kworker/0:0H]mt_wakeup_cpu: not first boot!(3)
04-13 01:14:12.100     0     0 I Kernel  : [47290.773325]-(3)[0:swapper/3]CPU3: Booted secondary processor
04-13 01:14:12.100     0     0 I Kernel  : [47290.773348]-(3)[0:swapper/3][Power/hotplug] platform_secondary_init, cpu: 3
04-13 01:14:12.100     0     0 I Kernel  : [47290.773506]-(3)[0:swapper/3]WD wd_cpu_hot_plug_on_notify kick ext wd
04-13 01:14:12.100     0     0 I Kernel  : [47290.773537]-(3)[0:swapper/3]regs_hotplug_callback cpu = 3
04-13 01:14:12.100 26597 26597 I Kernel  : [47290.773903].(0)[26597:kworker/0:0H]regs_hotplug_callback cpu = 3
04-13 01:14:12.100 26597 26597 I Kernel  : [47290.774000].(0)[26597:kworker/0:0H][wdk]bind kicker thread[88] to cpu[3]
04-13 01:14:12.100 26597 26597 I Kernel  : [47290.774149].(0)[26597:kworker/0:0H][WDK]cpu 3 plug on kick wdt
04-13 01:14:12.119 27726 27760 I native-activity: Frame 511 GL error is 0x0
04-13 01:14:12.119 27726 27760 I native-activity: Frame 511 time is 14.353ms
04-13 01:14:12.119 27726 27760 I native-activity: Swap 511 time is 14.423ms
04-13 01:14:12.119 27726 27760 I native-activity: Animating
04-13 01:14:12.131 27726 27760 I native-activity: Frame 512 GL error is 0x0
04-13 01:14:12.131 27726 27760 I native-activity: Frame 512 time is 11.428ms
04-13 01:14:12.131 27726 27760 I native-activity: Swap 512 time is 11.497ms
04-13 01:14:12.131 27726 27760 I native-activity: Animating
04-13 01:14:12.142 27726 27760 I native-activity: Frame 513 GL error is 0x0
04-13 01:14:12.142 27726 27760 I native-activity: Frame 513 time is 11.415ms
04-13 01:14:12.142 27726 27760 I native-activity: Swap 513 time is 11.486ms
04-13 01:14:12.142 27726 27760 I native-activity: Animating
04-13 01:14:12.154 27726 27760 I native-activity: Frame 514 GL error is 0x0
04-13 01:14:12.154 27726 27760 I native-activity: Frame 514 time is 11.814ms
04-13 01:14:12.154 27726 27760 I native-activity: Swap 514 time is 11.887ms
04-13 01:14:12.154 27726 27760 I native-activity: Animating
04-13 01:14:12.165 27726 27760 I native-activity: Frame 515 GL error is 0x0
04-13 01:14:12.165 27726 27760 I native-activity: Frame 515 time is 11.029ms
04-13 01:14:12.165 27726 27760 I native-activity: Swap 515 time is 11.104ms
04-13 01:14:12.166 27726 27760 I native-activity: Animating
04-13 01:14:12.177 27726 27760 I native-activity: Frame 516 GL error is 0x0
04-13 01:14:12.177 27726 27760 I native-activity: Frame 516 time is 11.104ms
04-13 01:14:12.177 27726 27760 I native-activity: Swap 516 time is 11.173ms
04-13 01:14:12.177 27726 27760 I native-activity: Animating
04-13 01:14:12.183 25557 26096 I DCP     : Sending 0 dataset update for 'CloudCollections' namespace
04-13 01:14:12.188 27726 27760 I native-activity: Frame 517 GL error is 0x0
04-13 01:14:12.188 27726 27760 I native-activity: Frame 517 time is 11.319ms
04-13 01:14:12.188 27726 27760 I native-activity: Swap 517 time is 11.401ms
04-13 01:14:12.188 27726 27760 I native-activity: Animating
04-13 01:14:12.199 27726 27760 I native-activity: Frame 518 GL error is 0x0
04-13 01:14:12.199 27726 27760 I native-activity: Frame 518 time is 10.778ms
04-13 01:14:12.199 27726 27760 I native-activity: Swap 518 time is 10.850ms
04-13 01:14:12.199 27726 27760 I native-activity: Animating
04-13 01:14:12.212 27726 27760 I native-activity: Frame 519 GL error is 0x0
04-13 01:14:12.212 27726 27760 I native-activity: Frame 519 time is 12.799ms
04-13 01:14:12.212 27726 27760 I native-activity: Swap 519 time is 12.882ms
04-13 01:14:12.212 27726 27760 I native-activity: Animating
04-13 01:14:12.224 27726 27760 I native-activity: Frame 520 GL error is 0x0
04-13 01:14:12.224 27726 27760 I native-activity: Frame 520 time is 11.790ms
04-13 01:14:12.224 27726 27760 I native-activity: Swap 520 time is 11.863ms
04-13 01:14:12.224 27726 27760 I native-activity: Animating
04-13 01:14:12.240 27726 27760 I native-activity: Frame 521 GL error is 0x0
04-13 01:14:12.240 27726 27760 I native-activity: Frame 521 time is 15.742ms
04-13 01:14:12.240 27726 27760 I native-activity: Swap 521 time is 15.812ms
04-13 01:14:12.240 27726 27760 I native-activity: Animating
04-13 01:14:12.242 25557 26127 I DCP     : [JsonCallExecutor][CallExecutor][bf6c9ddc-7323-439a-bde3-75b7ec53e2e5][Auth]GET https://api.amazon.com/whispersync/v2/data/amzn1.account.XXXX/datasets/5c2c14d1-40b0-4a6f-9333-1f84f1367d03/records?after=1  (attempt 1)
04-13 01:14:12.243   917   932 D WifiService: acquireWifiLockLocked: WifiLock{com.amazon.dcp.framework.iuc.ConnectionEstablisherWithConnectivityEnforcement type=1 binder=android.os.BinderProxy@2692ff34}
04-13 01:14:12.246 25557 27785 I com.amazon.dcp.framework.ConnectivityEnforcer: Network with type -1 is already connected
04-13 01:14:12.253 27726 27760 I native-activity: Frame 522 GL error is 0x0
04-13 01:14:12.253 27726 27760 I native-activity: Frame 522 time is 12.567ms
04-13 01:14:12.253 27726 27760 I native-activity: Swap 522 time is 12.644ms
04-13 01:14:12.253 27726 27760 I native-activity: Animating
04-13 01:14:12.265 27726 27760 I native-activity: Frame 523 GL error is 0x0
04-13 01:14:12.265 27726 27760 I native-activity: Frame 523 time is 12.039ms
04-13 01:14:12.265 27726 27760 I native-activity: Swap 523 time is 12.120ms
04-13 01:14:12.265 27726 27760 I native-activity: Animating
04-13 01:14:12.276   917   932 D ActivityManager: single user service: com.amazon.imp
04-13 01:14:12.278 27726 27760 I native-activity: Frame 524 GL error is 0x0
04-13 01:14:12.278 27726 27760 I native-activity: Frame 524 time is 12.657ms
04-13 01:14:12.278 27726 27760 I native-activity: Swap 524 time is 12.793ms
04-13 01:14:12.278 27726 27760 I native-activity: Animating
04-13 01:14:12.260    82    82 I Kernel  : [47290.934875].(0)[82:mtk charger_hv_]charging_reset_watch_dog_timer
04-13 01:14:12.260    82    82 I Kernel  : [47290.935830].(0)[82:mtk charger_hv_]array_size = 16 
04-13 01:14:12.280   917   932 D ActivityManager: app = com.amazon.imp, has single user service, setting process record.
04-13 01:14:12.291 27726 27760 I native-activity: Frame 525 GL error is 0x0
04-13 01:14:12.291 27726 27760 I native-activity: Frame 525 time is 13.018ms
04-13 01:14:12.291 27726 27760 I native-activity: Swap 525 time is 13.111ms
04-13 01:14:12.291 27726 27760 I native-activity: Animating
04-13 01:14:12.319 27726 27760 I native-activity: Frame 526 GL error is 0x0
04-13 01:14:12.319 27726 27760 I native-activity: Frame 526 time is 27.916ms
04-13 01:14:12.319 27726 27760 I native-activity: Swap 526 time is 27.997ms
04-13 01:14:12.319 27726 27760 I native-activity: Animating
04-13 01:14:12.323 25557 25643 V AmazonCMS: CardBroadcastReceiver - received intent com.amazon.kindle.cms.CONTENT_UPDATE
04-13 01:14:12.337 27726 27760 I native-activity: Frame 527 GL error is 0x0
04-13 01:14:12.337 27726 27760 I native-activity: Frame 527 time is 17.680ms
04-13 01:14:12.337 27726 27760 I native-activity: Swap 527 time is 17.762ms
04-13 01:14:12.337 27726 27760 I native-activity: Animating
04-13 01:14:12.343 25557 25643 D AmazonCMS: notified to profile 0 with com.amazon.kindle.cms.CONTENT_UPDATE, Bundle[{item_type=kindle.content.apps, profile_id=0, status=0, urgent_flag=1, version=2.1.0.10, last_access_date=1492071246422, location=0, item_id=1352}]
04-13 01:14:12.346   917  2114 D ActivityManager: single user service: com.amazon.kindle.cms
04-13 01:14:12.348   917  2114 D ActivityManager: app = com.amazon.kindle.cms, has single user service, setting process record.
04-13 01:14:12.358 27726 27760 I native-activity: Frame 528 GL error is 0x0
04-13 01:14:12.358 27726 27760 I native-activity: Frame 528 time is 21.182ms
04-13 01:14:12.359 27726 27760 I native-activity: Swap 528 time is 21.272ms
04-13 01:14:12.359 27726 27760 I native-activity: Animating
04-13 01:14:12.361 25557 25643 I AmazonCMS: CMSService waking up, a client has bound
04-13 01:14:12.362 25557 25643 D AmazonCMS: CMS activity level changed, active: true
04-13 01:14:12.378 27726 27760 I native-activity: Frame 529 GL error is 0x0
04-13 01:14:12.378 27726 27760 I native-activity: Frame 529 time is 19.774ms
04-13 01:14:12.379 27726 27760 I native-activity: Swap 529 time is 19.852ms
04-13 01:14:12.379 27726 27760 I native-activity: Animating
04-13 01:14:12.396 27726 27760 I native-activity: Frame 530 GL error is 0x0
04-13 01:14:12.397 27726 27760 I native-activity: Frame 530 time is 17.895ms
04-13 01:14:12.397 27726 27760 I native-activity: Swap 530 time is 17.970ms
04-13 01:14:12.397 27726 27760 I native-activity: Animating
04-13 01:14:12.402 25557 25643 D AmazonCMS: CMSService is no longer being used, deactivating...
04-13 01:14:12.409 25557 25643 D AmazonCMS: CMS activity level changed, active: false
04-13 01:14:12.414 25557 25643 D AmazonCMS: Read 12 card ids from the cache for producer com.amazon.kindle.cms.card.producer.APPS in profile 0
04-13 01:14:12.400 26018 27791 I Kernel  : [47291.078829].(0)[27791:IntentService[S]name:Log.main_3748 unmap vm_start a170e000  end: a190e000
04-13 01:14:12.400 26018 27791 I Kernel  : [47291.081422].(0)[27791:IntentService[S]name:Log.main_3748 unmap vm_start a170e000  end: a190e000
04-13 01:14:12.417 27726 27760 I native-activity: Frame 531 GL error is 0x0
04-13 01:14:12.417 27726 27760 I native-activity: Frame 531 time is 20.354ms
04-13 01:14:12.417 27726 27760 I native-activity: Swap 531 time is 20.434ms
04-13 01:14:12.417 27726 27760 I native-activity: Animating
04-13 01:14:12.427 25557 25643 D AmazonCMS: Creating recent card with id: *****
04-13 01:14:12.410 26018 27791 I Kernel  : [47291.084953].(0)[27791:IntentService[S]name:Log.main_3748 unmap vm_start a170e000  end: a190e000
04-13 01:14:12.410 26018 27791 I Kernel  : [47291.089532].(2)[27791:IntentService[S]name:Log.main_3748 unmap vm_start a170e000  end: a190e000
04-13 01:14:12.432 27726 27760 I native-activity: Frame 532 GL error is 0x0
04-13 01:14:12.432 27726 27760 I native-activity: Frame 532 time is 15.091ms
04-13 01:14:12.432 27726 27760 I native-activity: Swap 532 time is 15.168ms
04-13 01:14:12.433 27726 27760 I native-activity: Animating
04-13 01:14:12.443 25557 25643 D AmazonCMS: Creating recent card with id: *****
04-13 01:14:12.448 27726 27760 I native-activity: Frame 533 GL error is 0x0
04-13 01:14:12.448 27726 27760 I native-activity: Frame 533 time is 15.429ms
04-13 01:14:12.448 27726 27760 I native-activity: Swap 533 time is 15.497ms
04-13 01:14:12.448 27726 27760 I native-activity: Animating
04-13 01:14:12.457 25557 25643 D AmazonCMS: Creating recent card with id: *****
04-13 01:14:12.463 27726 27760 I native-activity: Frame 534 GL error is 0x0
04-13 01:14:12.463 27726 27760 I native-activity: Frame 534 time is 14.745ms
04-13 01:14:12.463 27726 27760 I native-activity: Swap 534 time is 14.818ms
04-13 01:14:12.463 27726 27760 I native-activity: Animating
04-13 01:14:12.468 25557 25643 D AmazonCMS: Creating recent card with id: *****
04-13 01:14:12.475 27726 27760 I native-activity: Frame 535 GL error is 0x0
04-13 01:14:12.476 27726 27760 I native-activity: Frame 535 time is 12.412ms
04-13 01:14:12.476 27726 27760 I native-activity: Swap 535 time is 12.485ms
04-13 01:14:12.476 27726 27760 I native-activity: Animating
04-13 01:14:12.481 25557 25643 D AmazonCMS: Creating recent card with id: *****
04-13 01:14:12.488 27726 27760 I native-activity: Frame 536 GL error is 0x0
04-13 01:14:12.488 27726 27760 I native-activity: Frame 536 time is 12.343ms
04-13 01:14:12.488 27726 27760 I native-activity: Swap 536 time is 12.417ms
04-13 01:14:12.488 27726 27760 I native-activity: Animating
04-13 01:14:12.492 25557 25643 D AmazonCMS: Creating recent card with id: *****
04-13 01:14:12.501 27726 27760 I native-activity: Frame 537 GL error is 0x0
04-13 01:14:12.501 27726 27760 I native-activity: Frame 537 time is 13.031ms
04-13 01:14:12.501 27726 27760 I native-activity: Swap 537 time is 13.099ms
04-13 01:14:12.501 27726 27760 I native-activity: Animating
04-13 01:14:12.514 27726 27760 I native-activity: Frame 538 GL error is 0x0
04-13 01:14:12.514 27726 27760 I native-activity: Frame 538 time is 12.714ms
04-13 01:14:12.514 27726 27760 I native-activity: Swap 538 time is 12.783ms
04-13 01:14:12.514 27726 27760 I native-activity: Animating
04-13 01:14:12.521 25557 25643 D AmazonCMS: Creating recent card with id: *****
04-13 01:14:12.529 27726 27760 I native-activity: Frame 539 GL error is 0x0
04-13 01:14:12.529 27726 27760 I native-activity: Frame 539 time is 14.673ms
04-13 01:14:12.529 27726 27760 I native-activity: Swap 539 time is 14.740ms
04-13 01:14:12.529 27726 27760 I native-activity: Animating
04-13 01:14:12.534 25557 25643 D AmazonCMS: Creating recent card with id: *****
04-13 01:14:12.542 27726 27760 I native-activity: Frame 540 GL error is 0x0
04-13 01:14:12.542 27726 27760 I native-activity: Frame 540 time is 12.662ms
04-13 01:14:12.542 27726 27760 I native-activity: Swap 540 time is 12.732ms
04-13 01:14:12.542 27726 27760 I native-activity: Animating
04-13 01:14:12.545 25557 25643 D AmazonCMS: Creating recent card with id: *****
04-13 01:14:12.554 27726 27760 I native-activity: Frame 541 GL error is 0x0
04-13 01:14:12.554 27726 27760 I native-activity: Frame 541 time is 12.137ms
04-13 01:14:12.554 27726 27760 I native-activity: Swap 541 time is 12.206ms
04-13 01:14:12.554 27726 27760 I native-activity: Animating
04-13 01:14:12.556 25557 25643 D AmazonCMS: Creating recent card with id: *****
04-13 01:14:12.566 27726 27760 I native-activity: Frame 542 GL error is 0x0
04-13 01:14:12.566 27726 27760 I native-activity: Frame 542 time is 12.005ms
04-13 01:14:12.566 27726 27760 I native-activity: Swap 542 time is 12.079ms
04-13 01:14:12.566 27726 27760 I native-activity: Animating
04-13 01:14:12.567 25557 25643 D AmazonCMS: Creating recent card with id: *****
04-13 01:14:12.572  1787  1787 I AmazonLocationController: onWifiSignalChanged : connected : true
04-13 01:14:12.580 27726 27760 I native-activity: Frame 543 GL error is 0x0
04-13 01:14:12.580 27726 27760 I native-activity: Frame 543 time is 13.646ms
04-13 01:14:12.580 27726 27760 I native-activity: Swap 543 time is 13.718ms
04-13 01:14:12.580 27726 27760 I native-activity: Animating
04-13 01:14:12.592 27726 27760 I native-activity: Frame 544 GL error is 0x0
04-13 01:14:12.592 27726 27760 I native-activity: Frame 544 time is 11.498ms
04-13 01:14:12.592 27726 27760 I native-activity: Swap 544 time is 11.566ms
04-13 01:14:12.592 27726 27760 I native-activity: Animating
04-13 01:14:12.580 25557 27789 I Kernel  : [47291.260218].(2)[27789:Card update thr]name:dev/ashmem/dalvik-main space unmap vm_start 9f3b4000  end: 9f5b4000
04-13 01:14:12.605 27726 27760 I native-activity: Frame 545 GL error is 0x0
04-13 01:14:12.605 27726 27760 I native-activity: Frame 545 time is 13.017ms
04-13 01:14:12.605 27726 27760 I native-activity: Swap 545 time is 13.085ms
04-13 01:14:12.605 27726 27760 I native-activity: Animating
04-13 01:14:12.590 25557 27789 I Kernel  : [47291.265494].(2)[27789:Card update thr]name:dev/ashmem/dalvik-main space unmap vm_start 9f3b4000  end: 9f5b4000
04-13 01:14:12.590 25557 27789 I Kernel  : [47291.267268].(2)[27789:Card update thr]name:dev/ashmem/dalvik-main space unmap vm_start 9f3b4000  end: 9f5b4000
04-13 01:14:12.590 25557 27789 I Kernel  : [47291.268964].(2)[27789:Card update thr]name:dev/ashmem/dalvik-main space unmap vm_start 9f3b4000  end: 9f5b4000
04-13 01:14:12.635 27726 27760 I native-activity: Frame 546 GL error is 0x0
04-13 01:14:12.635 27726 27760 I native-activity: Frame 546 time is 29.950ms
04-13 01:14:12.635 27726 27760 I native-activity: Swap 546 time is 30.021ms
04-13 01:14:12.635 27726 27760 I native-activity: Animating
04-13 01:14:12.648 27726 27760 I native-activity: Frame 547 GL error is 0x0
04-13 01:14:12.648 27726 27760 I native-activity: Frame 547 time is 12.524ms
04-13 01:14:12.648 25557 27789 I F_C.ProducerClientCompa: Producer com.amazon.kindle.cms.card.producer.APPS at API version BrazilVersion(1.4).
04-13 01:14:12.648 27726 27760 I native-activity: Swap 547 time is 12.597ms
04-13 01:14:12.648 27726 27760 I native-activity: Animating
04-13 01:14:12.630     0     0 I Kernel  : [47291.310226]-(0)[0:swapper/0]dpi vsync
04-13 01:14:12.650 25557 25643 D AmazonCMS: CardClient: Pushing 12 cards ***** by producer com.amazon.kindle.cms.card.producer.APPS
04-13 01:14:12.657 25557 27789 I F_C.ProducerClientCompa: Connected to ServerInfo(CDA Version: BrazilVersion(1.3.108.0), Min. Producer: BrazilVersion(1.0), Delete All: true)
04-13 01:14:12.657 27726 27760 I native-activity: Frame 548 GL error is 0x0
04-13 01:14:12.657 27726 27760 I native-activity: Frame 548 time is 9.348ms
04-13 01:14:12.657 27726 27760 I native-activity: Swap 548 time is 9.438ms
04-13 01:14:12.657 27726 27760 I native-activity: Animating
04-13 01:14:12.640 25557 25571 I Kernel  : [47291.316530].(0)[25571:GCDaemon]name:dev/ashmem/dalvik-main space unmap vm_start a2ba9000  end: a2bad000
04-13 01:14:12.663 27726 27760 I native-activity: Frame 549 GL error is 0x0
04-13 01:14:12.663 27726 27760 I native-activity: Frame 549 time is 5.836ms
04-13 01:14:12.663 27726 27760 I native-activity: Swap 549 time is 5.910ms
04-13 01:14:12.663 27726 27760 I native-activity: Animating
04-13 01:14:12.669 27726 27760 I native-activity: Frame 550 GL error is 0x0
04-13 01:14:12.669 27726 27760 I native-activity: Frame 550 time is 5.694ms
04-13 01:14:12.669 27726 27760 I native-activity: Swap 550 time is 5.769ms
04-13 01:14:12.669 27726 27760 I native-activity: Animating
04-13 01:14:12.672 25616 25633 I F_C.CardAgentSynchroniz: Throttling producer refresh
04-13 01:14:12.672 25616 25633 W F_C.CardProvider: Producer refresh failed
04-13 01:14:12.675 27726 27760 I native-activity: Frame 551 GL error is 0x0
04-13 01:14:12.675 27726 27760 I native-activity: Frame 551 time is 5.412ms
04-13 01:14:12.675 27726 27760 I native-activity: Swap 551 time is 5.486ms
04-13 01:14:12.675 27726 27760 I native-activity: Animating
04-13 01:14:12.680 27726 27760 I native-activity: Frame 552 GL error is 0x0
04-13 01:14:12.680 27726 27760 I native-activity: Frame 552 time is 5.527ms
04-13 01:14:12.681 27726 27760 I native-activity: Swap 552 time is 5.600ms
04-13 01:14:12.681 27726 27760 I native-activity: Animating
04-13 01:14:12.686 27726 27760 I native-activity: Frame 553 GL error is 0x0
04-13 01:14:12.686 27726 27760 I native-activity: Frame 553 time is 5.458ms
04-13 01:14:12.686 27726 27760 I native-activity: Swap 553 time is 5.528ms
04-13 01:14:12.686 27726 27760 I native-activity: Animating
04-13 01:14:12.690 27726 27760 I native-activity: Frame 554 GL error is 0x0
04-13 01:14:12.690 27726 27760 I native-activity: Frame 554 time is 3.990ms
04-13 01:14:12.690 27726 27760 I native-activity: Swap 554 time is 4.083ms
04-13 01:14:12.690 27726 27760 I native-activity: Animating
04-13 01:14:12.696 27726 27760 I native-activity: Frame 555 GL error is 0x0
04-13 01:14:12.696 27726 27760 I native-activity: Frame 555 time is 5.407ms
04-13 01:14:12.696 27726 27760 I native-activity: Swap 555 time is 5.475ms
04-13 01:14:12.696 27726 27760 I native-activity: Animating
04-13 01:14:12.700 27726 27760 I native-activity: Frame 556 GL error is 0x0
04-13 01:14:12.700 27726 27760 I native-activity: Frame 556 time is 3.852ms
04-13 01:14:12.700 27726 27760 I native-activity: Swap 556 time is 3.957ms
04-13 01:14:12.700 27726 27760 I native-activity: Animating
04-13 01:14:12.705 27726 27760 I native-activity: Frame 557 GL error is 0x0
04-13 01:14:12.705 27726 27760 I native-activity: Frame 557 time is 5.253ms
04-13 01:14:12.705 27726 27760 I native-activity: Swap 557 time is 5.327ms
04-13 01:14:12.705 27726 27760 I native-activity: Animating
04-13 01:14:12.709 27726 27760 I native-activity: Frame 558 GL error is 0x0
04-13 01:14:12.709 27726 27760 I native-activity: Frame 558 time is 3.890ms
04-13 01:14:12.710 27726 27760 I native-activity: Swap 558 time is 4.401ms
04-13 01:14:12.710 27726 27760 I native-activity: Animating
04-13 01:14:12.712   917  2113 W AccountManagerService: insertAccountIntoDatabase: Account {name=default_account, type=amazon.account}, skipping since the account already exists
04-13 01:14:12.716 27726 27760 I native-activity: Frame 559 GL error is 0x0
04-13 01:14:12.716 27726 27760 I native-activity: Frame 559 time is 6.153ms
04-13 01:14:12.716 27726 27760 I native-activity: Swap 559 time is 6.222ms
04-13 01:14:12.716 27726 27760 I native-activity: Animating
04-13 01:14:12.719   917  2114 W AccountManagerService: insertAccountIntoDatabase: Account {name=default_account, type=amazon.account}, skipping since the account already exists
04-13 01:14:12.721 27726 27760 I native-activity: Frame 560 GL error is 0x0
04-13 01:14:12.721 27726 27760 I native-activity: Frame 560 time is 5.072ms
04-13 01:14:12.721 27726 27760 I native-activity: Swap 560 time is 5.146ms
04-13 01:14:12.721 27726 27760 I native-activity: Animating
04-13 01:14:12.729   917  1762 W AccountManagerService: insertAccountIntoDatabase: Account {name=default_account, type=amazon.account}, skipping since the account already exists
04-13 01:14:12.731 27726 27760 I native-activity: Frame 561 GL error is 0x0
04-13 01:14:12.731 27726 27760 I native-activity: Frame 561 time is 9.154ms
04-13 01:14:12.731 27726 27760 I native-activity: Swap 561 time is 9.224ms
04-13 01:14:12.731 27726 27760 I native-activity: Animating
04-13 01:14:12.736   917  2115 W AccountManagerService: insertAccountIntoDatabase: Account {name=default_account, type=amazon.account}, skipping since the account already exists
04-13 01:14:12.739 27726 27760 I native-activity: Frame 562 GL error is 0x0
04-13 01:14:12.739 27726 27760 I native-activity: Frame 562 time is 7.777ms
04-13 01:14:12.739 27726 27760 I native-activity: Swap 562 time is 7.850ms
04-13 01:14:12.739 27726 27760 I native-activity: Animating
04-13 01:14:12.743   917  2175 W AccountManagerService: insertAccountIntoDatabase: Account {name=default_account, type=amazon.account}, skipping since the account already exists
04-13 01:14:12.748 27726 27760 I native-activity: Frame 563 GL error is 0x0
04-13 01:14:12.748 27726 27760 I native-activity: Frame 563 time is 9.019ms
04-13 01:14:12.748 27726 27760 I native-activity: Swap 563 time is 9.099ms
04-13 01:14:12.748 27726 27760 I native-activity: Animating
04-13 01:14:12.748   917  2115 W AccountManagerService: insertAccountIntoDatabase: Account {name=default_account, type=amazon.account}, skipping since the account already exists
04-13 01:14:12.755   917  1051 W AccountManagerService: insertAccountIntoDatabase: Account {name=default_account, type=amazon.account}, skipping since the account already exists
04-13 01:14:12.756 27726 27760 I native-activity: Frame 564 GL error is 0x0
04-13 01:14:12.756 27726 27760 I native-activity: Frame 564 time is 8.051ms
04-13 01:14:12.756 27726 27760 I native-activity: Swap 564 time is 8.135ms
04-13 01:14:12.756 27726 27760 I native-activity: Animating
04-13 01:14:12.756   917  2246 W AccountManagerService: insertAccountIntoDatabase: Account {name=default_account, type=amazon.account}, skipping since the account already exists
04-13 01:14:12.764   917  2114 W AccountManagerService: insertAccountIntoDatabase: Account {name=default_account, type=amazon.account}, skipping since the account already exists
04-13 01:14:12.765 27726 27760 I native-activity: Frame 565 GL error is 0x0
04-13 01:14:12.765 27726 27760 I native-activity: Frame 565 time is 9.052ms
04-13 01:14:12.765 27726 27760 I native-activity: Swap 565 time is 9.127ms
04-13 01:14:12.765 27726 27760 I native-activity: Animating
04-13 01:14:12.769   917  2109 W AccountManagerService: insertAccountIntoDatabase: Account {name=default_account, type=amazon.account}, skipping since the account already exists
04-13 01:14:12.774   917  1051 W AccountManagerService: insertAccountIntoDatabase: Account {name=default_account, type=amazon.account}, skipping since the account already exists
04-13 01:14:12.774 27726 27760 I native-activity: Frame 566 GL error is 0x0
04-13 01:14:12.774 27726 27760 I native-activity: Frame 566 time is 8.970ms
04-13 01:14:12.775 27726 27760 I native-activity: Swap 566 time is 9.055ms
04-13 01:14:12.775 27726 27760 I native-activity: Animating
04-13 01:14:12.777   917  1762 W AccountManagerService: insertAccountIntoDatabase: Account {name=default_account, type=amazon.account}, skipping since the account already exists
04-13 01:14:12.779   917  1766 W AccountManagerService: insertAccountIntoDatabase: Account {name=default_account, type=amazon.account}, skipping since the account already exists
04-13 01:14:12.779 25557 25643 D AmazonCMS: Read 2 card ids from the cache for producer com.amazon.kindle.cms.card.producer.NEWSSTAND in profile 0
04-13 01:14:12.785   917  2115 W AccountManagerService: insertAccountIntoDatabase: Account {name=default_account, type=amazon.account}, skipping since the account already exists
04-13 01:14:12.786 27726 27760 I native-activity: Frame 567 GL error is 0x0
04-13 01:14:12.786 27726 27760 I native-activity: Frame 567 time is 11.140ms
04-13 01:14:12.786 27726 27760 I native-activity: Swap 567 time is 11.215ms
04-13 01:14:12.786 27726 27760 I native-activity: Animating
04-13 01:14:12.794 27726 27760 I native-activity: Frame 568 GL error is 0x0
04-13 01:14:12.794 27726 27760 I native-activity: Frame 568 time is 7.914ms
04-13 01:14:12.794 27726 27760 I native-activity: Swap 568 time is 7.997ms
04-13 01:14:12.794 27726 27760 I native-activity: Animating
04-13 01:14:12.802 27726 27760 I native-activity: Frame 569 GL error is 0x0
04-13 01:14:12.802 27726 27760 I native-activity: Frame 569 time is 7.650ms
04-13 01:14:12.802 27726 27760 I native-activity: Swap 569 time is 7.728ms
04-13 01:14:12.802 27726 27760 I native-activity: Animating
04-13 01:14:12.806   917  1763 W AccountManagerService: insertAccountIntoDatabase: Account {name=default_account, type=amazon.account}, skipping since the account already exists
04-13 01:14:12.810 27726 27760 I native-activity: Frame 570 GL error is 0x0
04-13 01:14:12.810 27726 27760 I native-activity: Frame 570 time is 7.869ms
04-13 01:14:12.810 27726 27760 I native-activity: Swap 570 time is 7.946ms
04-13 01:14:12.810 27726 27760 I native-activity: Animating
04-13 01:14:12.817 27726 27760 I native-activity: Frame 571 GL error is 0x0
04-13 01:14:12.817 27726 27760 I native-activity: Frame 571 time is 7.554ms
04-13 01:14:12.818 27726 27760 I native-activity: Swap 571 time is 7.632ms
04-13 01:14:12.818 27726 27760 I native-activity: Animating
04-13 01:14:12.818   917  1764 W AccountManagerService: insertAccountIntoDatabase: Account {name=default_account, type=amazon.account}, skipping since the account already exists
04-13 01:14:12.826 27726 27760 I native-activity: Frame 572 GL error is 0x0
04-13 01:14:12.826 27726 27760 I native-activity: Frame 572 time is 8.013ms
04-13 01:14:12.826 27726 27760 I native-activity: Swap 572 time is 8.089ms
04-13 01:14:12.826 27726 27760 I native-activity: Animating
04-13 01:14:12.834 27726 27760 I native-activity: Frame 573 GL error is 0x0
04-13 01:14:12.834 27726 27760 I native-activity: Frame 573 time is 7.759ms
04-13 01:14:12.834 27726 27760 I native-activity: Swap 573 time is 7.836ms
04-13 01:14:12.834 27726 27760 I native-activity: Animating
04-13 01:14:12.834   917 25027 W AccountManagerService: insertAccountIntoDatabase: Account {name=default_account, type=amazon.account}, skipping since the account already exists
04-13 01:14:12.844 27726 27760 I native-activity: Frame 574 GL error is 0x0
04-13 01:14:12.844 27726 27760 I native-activity: Frame 574 time is 9.921ms
04-13 01:14:12.844 27726 27760 I native-activity: Swap 574 time is 10.003ms
04-13 01:14:12.844 27726 27760 I native-activity: Animating
04-13 01:14:12.847   917  2113 W AccountManagerService: insertAccountIntoDatabase: Account {name=default_account, type=amazon.account}, skipping since the account already exists
04-13 01:14:12.856 27726 27760 I native-activity: Frame 575 GL error is 0x0
04-13 01:14:12.856 27726 27760 I native-activity: Frame 575 time is 11.806ms
04-13 01:14:12.856 27726 27760 I native-activity: Swap 575 time is 11.882ms
04-13 01:14:12.856 27726 27760 I native-activity: Animating
04-13 01:14:12.859   917  1762 W AccountManagerService: insertAccountIntoDatabase: Account {name=default_account, type=amazon.account}, skipping since the account already exists
04-13 01:14:12.871 27726 27760 I native-activity: Frame 576 GL error is 0x0
04-13 01:14:12.872 27726 27760 I native-activity: Frame 576 time is 15.605ms
04-13 01:14:12.872 25557 26127 I DCP     : [JsonCallExecutor][CallExecutor][bf6c9ddc-7323-439a-bde3-75b7ec53e2e5][Auth]Received response code 200 OK. Total time = 628 ms. Handshake = 375 ms. Upload = 0 ms (0 bytes). Latency = 251 ms. Download = 1 ms (569 bytes).
04-13 01:14:12.872 27726 27760 I native-activity: Swap 576 time is 15.689ms
04-13 01:14:12.872 27726 27760 I native-activity: Animating
04-13 01:14:12.873   917  2115 W AccountManagerService: insertAccountIntoDatabase: Account {name=default_account, type=amazon.account}, skipping since the account already exists
04-13 01:14:12.874   917  2246 D WifiService: releaseWifiLockLocked: WifiLock{com.amazon.dcp.framework.iuc.ConnectionEstablisherWithConnectivityEnforcement type=1 binder=android.os.BinderProxy@2692ff34}
04-13 01:14:12.885 27726 27760 I native-activity: Frame 577 GL error is 0x0
04-13 01:14:12.885 27726 27760 I native-activity: Frame 577 time is 13.238ms
04-13 01:14:12.885 27726 27760 I native-activity: Swap 577 time is 13.317ms
04-13 01:14:12.885 27726 27760 I native-activity: Animating
04-13 01:14:12.885   917  1051 W AccountManagerService: insertAccountIntoDatabase: Account {name=default_account, type=amazon.account}, skipping since the account already exists
04-13 01:14:12.895   917   933 W AccountManagerService: insertAccountIntoDatabase: Account {name=default_account, type=amazon.account}, skipping since the account already exists
04-13 01:14:12.905 27726 27760 I native-activity: Frame 578 GL error is 0x0
04-13 01:14:12.905 27726 27760 I native-activity: Frame 578 time is 19.743ms
04-13 01:14:12.905 27726 27760 I native-activity: Swap 578 time is 19.819ms
04-13 01:14:12.905 27726 27760 I native-activity: Animating
04-13 01:14:12.906 25557 25643 W AmazonCMS: Delivery card detected for item ***** but no delivery date set
04-13 01:14:12.907   917  1762 W AccountManagerService: insertAccountIntoDatabase: Account {name=default_account, type=amazon.account}, skipping since the account already exists
04-13 01:14:12.909 25557 25643 D AmazonCMS: Creating delivery card with id: *****
04-13 01:14:12.923 25557 27789 I F_C.ProducerClientCompa: Producer com.amazon.kindle.cms.card.producer.NEWSSTAND at API version BrazilVersion(1.4).
04-13 01:14:12.924 25557 25643 D AmazonCMS: CardClient: Pushing 2 cards ***** by producer com.amazon.kindle.cms.card.producer.NEWSSTAND
04-13 01:14:12.924 27726 27760 I native-activity: Frame 579 GL error is 0x0
04-13 01:14:12.924 27726 27760 I native-activity: Frame 579 time is 19.175ms
04-13 01:14:12.924 27726 27760 I native-activity: Swap 579 time is 19.249ms
04-13 01:14:12.924 27726 27760 I native-activity: Animating
04-13 01:14:12.929   917  2109 W AccountManagerService: insertAccountIntoDatabase: Account {name=default_account, type=amazon.account}, skipping since the account already exists
04-13 01:14:12.930 25557 27789 I F_C.ProducerClientCompa: Connected to ServerInfo(CDA Version: BrazilVersion(1.3.108.0), Min. Producer: BrazilVersion(1.0), Delete All: true)
04-13 01:14:12.943 27726 27760 I native-activity: Frame 580 GL error is 0x0
04-13 01:14:12.943 27726 27760 I native-activity: Frame 580 time is 18.850ms
04-13 01:14:12.943 27726 27760 I native-activity: Swap 580 time is 18.938ms
04-13 01:14:12.944 27726 27760 I native-activity: Animating
04-13 01:14:12.944 25616 25978 I F_C.CardAgentSynchroniz: Throttling producer refresh
04-13 01:14:12.944 25616 25978 W F_C.CardProvider: Producer refresh failed
04-13 01:14:12.930    81    81 I Kernel  : [47291.611400].(0)[81:bat_thread_kthr][BAT_thread]Cable in, CHR_Type_num=2
04-13 01:14:12.963   917  1051 W AccountManagerService: insertAccountIntoDatabase: Account {name=default_account, type=amazon.account}, skipping since the account already exists
04-13 01:14:12.963 27726 27760 I native-activity: Frame 581 GL error is 0x0
04-13 01:14:12.963 27726 27760 I native-activity: Frame 581 time is 19.612ms
04-13 01:14:12.963 27726 27760 I native-activity: Swap 581 time is 19.686ms
04-13 01:14:12.963 27726 27760 I native-activity: Animating
04-13 01:14:12.950    81    81 I Kernel  : [47291.622286].(0)[81:bat_thread_kthr]AvgVbat=(4201),bat_vol=(4190),AvgI=(0),I=(0),VChr=(4588),AvgT=(24),T=(24),pre_SOC=(100),SOC=(100),ZCV=(4045)
04-13 01:14:12.950    81    81 I Kernel  : [47291.622426].(0)[81:bat_thread_kthr][BATTERY] support JEITA, temperature=24
04-13 01:14:12.950    81    81 I Kernel  : [47291.622443][BATTERY] Battery Normal Temperature between 10 and 45 !!
04-13 01:14:12.950    81    81 I Kernel  : [47291.622462].(0)[81:bat_thread_kthr]array_size = 51 
04-13 01:14:12.950    81    81 I Kernel  : [47291.625248].(0)[81:bat_thread_kthr]charging_reset_watch_dog_timer
04-13 01:14:12.950    81    81 I Kernel  : [47291.628777][BATTERY] Battery full !!
04-13 01:14:12.950    81    81 I Kernel  : [47291.629344].(0)[81:bat_thread_kthr]charging_dump_register
04-13 01:14:12.950    81    81 I Kernel  : [47291.629894].(0)[81:bat_thread_kthr][bq24296_dump_register] Reg[0x0]=0x45
04-13 01:14:12.950    81    81 I Kernel  : [47291.630426].(0)[81:bat_thread_kthr][bq24296_dump_register] Reg[0x1]=0x1B
04-13 01:14:12.960    81    81 I Kernel  : [47291.632351].(0)[81:bat_thread_kthr][bq24296_dump_register] Reg[0x2]=0x3C
04-13 01:14:12.970   917   932 W AccountManagerService: insertAccountIntoDatabase: Account {name=default_account, type=amazon.account}, skipping since the account already exists
04-13 01:14:12.960    81    81 I Kernel  : [47291.632909].(0)[81:bat_thread_kthr][bq24296_dump_register] Reg[0x3]=0x30
04-13 01:14:12.960    81    81 I Kernel  : [47291.635792].(0)[81:bat_thread_kthr][bq24296_dump_register] Reg[0x4]=0xB2
04-13 01:14:12.960    81    81 I Kernel  : [47291.636336].(0)[81:bat_thread_kthr][bq24296_dump_register] Reg[0x5]=0x94
04-13 01:14:12.960    81    81 I Kernel  : [47291.636911].(0)[81:bat_thread_kthr][bq24296_dump_register] Reg[0x6]=0x73
04-13 01:14:12.960    81    81 I Kernel  : [47291.637442].(0)[81:bat_thread_kthr][bq24296_dump_register] Reg[0x7]=0x48
04-13 01:14:12.960    81    81 I Kernel  : [47291.637975].(0)[81:bat_thread_kthr][bq24296_dump_register] Reg[0x8]=0x74
04-13 01:14:12.960    81    81 I Kernel  : [47291.638510].(0)[81:bat_thread_kthr][bq24296_dump_register] Reg[0x9]=0x0
04-13 01:14:12.960    81    81 I Kernel  : [47291.639038].(0)[81:bat_thread_kthr][bq24296_dump_register] Reg[0xA]=0x20
04-13 01:14:12.960    81    81 I Kernel  : [47291.640094].(0)[81:bat_thread_kthr][100percent], UI_SOC(100), reset(1)
04-13 01:14:12.960    81    81 I Kernel  : [47291.640122].(0)[81:bat_thread_kthr]UI_SOC=(100), resetBatteryMeter=(1)
04-13 01:14:12.960    81    81 I Kernel  : [47291.640370].(0)[81:bat_thread_kthr][mt_kpoc_power_off_check] , chr_vol=4588, boot_mode=0
04-13 01:14:12.979   143   315 I hwcomposer: [DPY] UEventThread::threadLoop recv change@/devices/platform/battery/power_supply/battery
04-13 01:14:12.960   139   139 I Kernel  : [47291.641381].(1)[139:healthd]healthd: battery l=100 v=4201 t=24.0 h=2 st=5 chg=u
04-13 01:14:12.980 27726 27760 I native-activity: Frame 582 GL error is 0x0
04-13 01:14:12.980 27726 27760 I native-activity: Frame 582 time is 17.125ms
04-13 01:14:12.981 27726 27760 I native-activity: Swap 582 time is 17.198ms
04-13 01:14:12.981 27726 27760 I native-activity: Animating
04-13 01:14:12.985  1787  1787 D KeyguardUpdateMonitor: handleBatteryUpdate
04-13 01:14:12.995 27726 27760 I native-activity: Frame 583 GL error is 0x0
04-13 01:14:12.995 27726 27760 I native-activity: Frame 583 time is 14.847ms
04-13 01:14:12.996 27726 27760 I native-activity: Swap 583 time is 14.929ms
04-13 01:14:12.996 27726 27760 I native-activity: Animating
04-13 01:14:12.997   917   933 W AccountManagerService: insertAccountIntoDatabase: Account {name=default_account, type=amazon.account}, skipping since the account already exists
04-13 01:14:13.010   917   932 W AccountManagerService: insertAccountIntoDatabase: Account {name=default_account, type=amazon.account}, skipping since the account already exists
04-13 01:14:13.010 27726 27760 I native-activity: Frame 584 GL error is 0x0
04-13 01:14:13.010 27726 27760 I native-activity: Frame 584 time is 14.554ms
04-13 01:14:13.010 27726 27760 I native-activity: Swap 584 time is 14.636ms
04-13 01:14:13.010 27726 27760 I native-activity: Animating
04-13 01:14:13.023 27726 27760 I native-activity: Frame 585 GL error is 0x0
04-13 01:14:13.024 27726 27760 I native-activity: Frame 585 time is 13.108ms
04-13 01:14:13.024 27726 27760 I native-activity: Swap 585 time is 13.182ms
04-13 01:14:13.024 27726 27760 I native-activity: Animating
04-13 01:14:13.038 27726 27760 I native-activity: Frame 586 GL error is 0x0
04-13 01:14:13.038 27726 27760 I native-activity: Frame 586 time is 14.099ms
04-13 01:14:13.038 27726 27760 I native-activity: Swap 586 time is 14.171ms
04-13 01:14:13.038 27726 27760 I native-activity: Animating
04-13 01:14:13.051 27726 27760 I native-activity: Frame 587 GL error is 0x0
04-13 01:14:13.052 27726 27760 I native-activity: Frame 587 time is 13.556ms
04-13 01:14:13.052 27726 27760 I native-activity: Swap 587 time is 13.626ms
04-13 01:14:13.052 27726 27760 I native-activity: Animating
04-13 01:14:13.065 27726 27760 I native-activity: Frame 588 GL error is 0x0
04-13 01:14:13.065 27726 27760 I native-activity: Frame 588 time is 13.285ms
04-13 01:14:13.065 27726 27760 I native-activity: Swap 588 time is 13.366ms
04-13 01:14:13.065 27726 27760 I native-activity: Animating
04-13 01:14:13.078 27726 27760 I native-activity: Frame 589 GL error is 0x0
04-13 01:14:13.078 27726 27760 I native-activity: Frame 589 time is 12.870ms
04-13 01:14:13.078 27726 27760 I native-activity: Swap 589 time is 12.940ms
04-13 01:14:13.078 27726 27760 I native-activity: Animating
04-13 01:14:13.092 27726 27760 I native-activity: Frame 590 GL error is 0x0
04-13 01:14:13.092 27726 27760 I native-activity: Frame 590 time is 13.708ms
04-13 01:14:13.092 27726 27760 I native-activity: Swap 590 time is 13.778ms
04-13 01:14:13.092 27726 27760 I native-activity: Animating
04-13 01:14:13.105 27726 27760 I native-activity: Frame 591 GL error is 0x0
04-13 01:14:13.105 27726 27760 I native-activity: Frame 591 time is 12.506ms
04-13 01:14:13.105 27726 27760 I native-activity: Swap 591 time is 12.577ms
04-13 01:14:13.105 27726 27760 I native-activity: Animating
04-13 01:14:13.118 27726 27760 I native-activity: Frame 592 GL error is 0x501
04-13 01:14:13.118 27726 27760 I native-activity: Frame 592 time is 13.612ms
04-13 01:14:13.118 27726 27760 I native-activity: Swap 592 time is 13.684ms
04-13 01:14:13.119 27726 27760 I native-activity: Animating
04-13 01:14:13.131 27726 27760 I native-activity: Frame 593 GL error is 0x0
04-13 01:14:13.131 27726 27760 I native-activity: Frame 593 time is 12.085ms
04-13 01:14:13.131 27726 27760 I native-activity: Swap 593 time is 12.155ms
04-13 01:14:13.131 27726 27760 I native-activity: Animating
04-13 01:14:13.138 25557 25643 D AmazonCMS: Performing collection sync type DELTA_SYNC for user *****
04-13 01:14:13.120 25557 27782 I Kernel  : [47291.793720].(2)[27782:Background work]name:dev/ashmem/dalvik-main space unmap vm_start 9f3b4000  end: 9f5b4000
04-13 01:14:13.120 25557 27782 I Kernel  : [47291.794806].(2)[27782:Background work]name:dev/ashmem/dalvik-main space unmap vm_start 9f3b4000  end: 9f5b4000
04-13 01:14:13.120 25557 27782 I Kernel  : [47291.795815].(2)[27782:Background work]name:dev/ashmem/dalvik-main space unmap vm_start 9f3b4000  end: 9f5b4000
04-13 01:14:13.120 25557 27782 I Kernel  : [47291.796766].(2)[27782:Background work]name:dev/ashmem/dalvik-main space unmap vm_start 9f3b4000  end: 9f5b4000
04-13 01:14:13.120 25557 27782 I Kernel  : [47291.797986].(2)[27782:Background work]name:dev/ashmem/dalvik-main space unmap vm_start 9f3b4000  end: 9f5b4000
04-13 01:14:13.120 25557 27782 I Kernel  : [47291.799220].(2)[27782:Background work]name:dev/ashmem/dalvik-main space unmap vm_start 9f3b4000  end: 9f5b4000
04-13 01:14:13.140 25557 25643 V AmazonCMS: SyncClient - [SYNC] Syncing Namespace: [*****]
04-13 01:14:13.144 27726 27760 I native-activity: Frame 594 GL error is 0x0
04-13 01:14:13.144 27726 27760 I native-activity: Frame 594 time is 13.003ms
04-13 01:14:13.144 27726 27760 I native-activity: Swap 594 time is 13.074ms
04-13 01:14:13.144 27726 27760 I native-activity: Animating
04-13 01:14:13.162 25557 26343 I DCP     : [JsonCallExecutor][CallExecutor][9fb31c08-46c8-404c-8b58-83a8504f73bb][Auth]GET https://api.amazon.com/whispersync/v2/data/amzn1.account.XXXX/datasets?after=108  (attempt 1)
04-13 01:14:13.163   917  2109 D WifiService: acquireWifiLockLocked: WifiLock{com.amazon.dcp.framework.iuc.ConnectionEstablisherWithConnectivityEnforcement type=1 binder=android.os.BinderProxy@19e036f6}
04-13 01:14:13.165 25557 27794 I com.amazon.dcp.framework.ConnectivityEnforcer: Network with type -1 is already connected
04-13 01:14:13.169 27726 27760 I native-activity: Frame 595 GL error is 0x0
04-13 01:14:13.169 27726 27760 I native-activity: Frame 595 time is 25.008ms
04-13 01:14:13.169 27726 27760 I native-activity: Swap 595 time is 25.079ms
04-13 01:14:13.169 27726 27760 I native-activity: Animating
04-13 01:14:13.179   917  2175 D ActivityManager: single user service: com.amazon.imp
04-13 01:14:13.180   917  2175 D ActivityManager: app = com.amazon.imp, has single user service, setting process record.
04-13 01:14:13.187 27726 27760 I native-activity: Frame 596 GL error is 0x0
04-13 01:14:13.187 27726 27760 I native-activity: Frame 596 time is 17.913ms
04-13 01:14:13.187 27726 27760 I native-activity: Swap 596 time is 17.984ms
04-13 01:14:13.187 27726 27760 I native-activity: Animating
04-13 01:14:13.201 27726 27760 I native-activity: Frame 597 GL error is 0x0
04-13 01:14:13.201 27726 27760 I native-activity: Frame 597 time is 13.891ms
04-13 01:14:13.201 27726 27760 I native-activity: Swap 597 time is 13.958ms
04-13 01:14:13.201 27726 27760 I native-activity: Animating
04-13 01:14:13.216 27726 27760 I native-activity: Frame 598 GL error is 0x0
04-13 01:14:13.216 27726 27760 I native-activity: Frame 598 time is 14.324ms
04-13 01:14:13.216 27726 27760 I native-activity: Swap 598 time is 14.394ms
04-13 01:14:13.216 27726 27760 I native-activity: Animating
04-13 01:14:13.229 27726 27760 I native-activity: Frame 599 GL error is 0x0
04-13 01:14:13.229 27726 27760 I native-activity: Frame 599 time is 13.298ms
04-13 01:14:13.229 27726 27760 I native-activity: Swap 599 time is 13.366ms
04-13 01:14:13.229 27726 27760 I native-activity: Animating
04-13 01:14:13.243 27726 27760 I native-activity: Frame 600 GL error is 0x0
04-13 01:14:13.243 27726 27760 I native-activity: Frame 600 time is 13.782ms
04-13 01:14:13.243 27726 27760 I native-activity: Swap 600 time is 13.850ms
04-13 01:14:13.243 27726 27760 I native-activity: Animating
04-13 01:14:13.256 27726 27760 I native-activity: Frame 601 GL error is 0x0
04-13 01:14:13.256 27726 27760 I native-activity: Frame 601 time is 13.024ms
04-13 01:14:13.256 27726 27760 I native-activity: Swap 601 time is 13.091ms
04-13 01:14:13.256 27726 27760 I native-activity: Animating
04-13 01:14:13.268 27726 27760 I native-activity: Frame 602 GL error is 0x0
04-13 01:14:13.268 27726 27760 I native-activity: Frame 602 time is 11.913ms
04-13 01:14:13.268 27726 27760 I native-activity: Swap 602 time is 11.978ms
04-13 01:14:13.268 27726 27760 I native-activity: Animating
04-13 01:14:13.260    82    82 I Kernel  : [47291.935896].(0)[82:mtk charger_hv_]charging_reset_watch_dog_timer
04-13 01:14:13.260    82    82 I Kernel  : [47291.936774].(0)[82:mtk charger_hv_]array_size = 16 
04-13 01:14:13.280 27726 27760 I native-activity: Frame 603 GL error is 0x0
04-13 01:14:13.280 27726 27760 I native-activity: Frame 603 time is 11.474ms
04-13 01:14:13.280 27726 27760 I native-activity: Swap 603 time is 11.540ms
04-13 01:14:13.280 27726 27760 I native-activity: Animating
04-13 01:14:13.291 27726 27760 I native-activity: Frame 604 GL error is 0x0
04-13 01:14:13.292 27726 27760 I native-activity: Frame 604 time is 11.393ms
04-13 01:14:13.292 27726 27760 I native-activity: Swap 604 time is 11.461ms
04-13 01:14:13.292 27726 27760 I native-activity: Animating
04-13 01:14:13.303 27726 27760 I native-activity: Frame 605 GL error is 0x0
04-13 01:14:13.304 27726 27760 I native-activity: Frame 605 time is 11.854ms
04-13 01:14:13.304 27726 27760 I native-activity: Swap 605 time is 11.919ms
04-13 01:14:13.304 27726 27760 I native-activity: Animating
