04-13 00:40:06.280 21409 21409 I Kernel  : [45244.956759].(0)[21409:kworker/0:1H]regs_hotplug_callback cpu = 3
04-13 00:40:06.280 21409 21409 I Kernel  : [45244.956899].(0)[21409:kworker/0:1H][wdk]bind kicker thread[88] to cpu[3]
04-13 00:40:06.280 21409 21409 I Kernel  : [45244.957066].(0)[21409:kworker/0:1H][WDK]cpu 3 plug on kick wdt
04-13 00:40:06.298 22070 22103 I native-activity: Frame 309 GL error is 0x0
04-13 00:40:06.298 22070 22103 I native-activity: Frame 309 time is 9.911ms
04-13 00:40:06.299 22070 22103 I native-activity: Doing egl_swapbuffers_sync 1
04-13 00:40:06.299 22070 22103 D native-activity: Reading pixels format 0x1908 type 0x1401 bpp 4
04-13 00:40:06.313 22070 22103 I native-activity: Read pixels, GL error is 0x0
04-13 00:40:06.313 22070 22103 I native-activity: Swap 309 time is 24.652ms
04-13 00:40:06.313 22070 22103 I native-activity: Animating
04-13 00:40:06.323 22070 22103 I native-activity: Frame 310 GL error is 0x0
04-13 00:40:06.323 22070 22103 I native-activity: Frame 310 time is 9.709ms
04-13 00:40:06.323 22070 22103 I native-activity: Doing egl_swapbuffers_sync 1
04-13 00:40:06.323 22070 22103 D native-activity: Reading pixels format 0x1908 type 0x1401 bpp 4
04-13 00:40:06.337 20692 21116 I DCP     : Sending 0 dataset update for 'CloudCollections' namespace
04-13 00:40:06.337 22070 22103 I native-activity: Read pixels, GL error is 0x0
04-13 00:40:06.337 22070 22103 I native-activity: Swap 310 time is 24.173ms
04-13 00:40:06.337 22070 22103 I native-activity: Animating
04-13 00:40:06.396 20692 21151 I DCP     : [JsonCallExecutor][CallExecutor][58e55ec1-69fb-4ad5-961a-77cab94fecaa][Auth]GET https://api.amazon.com/whispersync/v2/data/amzn1.account.XXXX/datasets/5c2c14d1-40b0-4a6f-9333-1f84f1367d03/records?after=1  (attempt 1)
04-13 00:40:06.397   917  1051 D WifiService: acquireWifiLockLocked: WifiLock{com.amazon.dcp.framework.iuc.ConnectionEstablisherWithConnectivityEnforcement type=1 binder=android.os.BinderProxy@1b5f27f8}
04-13 00:40:06.399 20692 20755 D AmazonCMS: Package com.android.music has been suppressed for user *****
04-13 00:40:06.400 20692 22128 I com.amazon.dcp.framework.ConnectivityEnforcer: Network with type -1 is already connected
04-13 00:40:06.442   917  2113 D ActivityManager: single user service: com.amazon.imp
04-13 00:40:06.444   917  2113 D ActivityManager: app = com.amazon.imp, has single user service, setting process record.
04-13 00:40:06.468 20692 20755 D AmazonCMS: Package com.android.providers.downloads.ui has been suppressed for user *****
04-13 00:40:06.470 22070 22103 I native-activity: Frame 311 GL error is 0x501
04-13 00:40:06.471 22070 22103 I native-activity: Frame 311 time is 133.324ms
04-13 00:40:06.471 22070 22103 I native-activity: Doing egl_swapbuffers_sync 1
04-13 00:40:06.471 22070 22103 D native-activity: Reading pixels format 0x1908 type 0x1401 bpp 4
04-13 00:40:06.486 22070 22103 I native-activity: Read pixels, GL error is 0x0
04-13 00:40:06.486 22070 22103 I native-activity: Swap 311 time is 148.720ms
04-13 00:40:06.470  2137  2137 I Kernel  : [45245.141797][wlan] statsInfoEnvRequest: (INIT INFO)
04-13 00:40:06.470  2137  2137 I Kernel  : statsInfoEnvRequest cmd ok.
04-13 00:40:06.487 22070 22103 I native-activity: Animating
04-13 00:40:06.504 22070 22103 I native-activity: Frame 312 GL error is 0x0
04-13 00:40:06.505 22070 22103 I native-activity: Frame 312 time is 17.995ms
04-13 00:40:06.505 22070 22103 I native-activity: Doing egl_swapbuffers_sync 1
04-13 00:40:06.505 22070 22103 D native-activity: Reading pixels format 0x1908 type 0x1401 bpp 4
04-13 00:40:06.490  2137  2137 I Kernel  : [45245.163001][wlan] statsInfoEnvDisplay: (INIT INFO)
04-13 00:40:06.490  2137  2137 I Kernel  : <stats> Display stats for [b0:48:7a:cb:7c:ec]: 668B 53292ms
04-13 00:40:06.490  2137  2137 I Kernel  : [45245.163049][wlan] statsInfoEnvDisplay: (INIT INFO)
04-13 00:40:06.490  2137  2137 I Kernel  : <stats> TPAM(0x3) RTS(0 0) BA(0x41 0) OS(361460) OK(41 41) ERR(0 0 0 0 0 0 0)
04-13 00:40:06.490  2137  2137 I Kernel  : [45245.163075][wlan] statsInfoEnvDisplay: (INIT INFO)
04-13 00:40:06.490  2137  2137 I Kernel  : <stats> TRATE (20 0 0 0 0 0 0 0 0 0 0 0 0 0 0 0) (21 0 0 0 0 0 0 0)
04-13 00:40:06.490  2137  2137 I Kernel  : [45245.163106][wlan] statsInfoEnvDisplay: (INIT INFO)
04-13 00:40:06.490  2137  2137 I Kernel  : <stats> TREORDER (0 0 1)
04-13 00:40:06.490  2137  2137 I Kernel  : [45245.163123][wlan] statsInfoEnvDisplay: (INIT INFO)
04-13 00:40:06.490  2137  2137 I Kernel  : <stats> RX(70 4 0) BA(0x41 0) OK(60 60) ERR(0)
04-13 00:40:06.490  2137  2137 I Kernel  : [45245.163143][wlan] statsInfoEnvDisplay: (INIT INFO)
04-13 00:40:06.490  2137  2137 I Kernel  : <stats> RCCK (0 0 0 28 0 0 0 0 0 0 0 0 0 0 0 0)
04-13 00:40:06.490  2137  2137 I Kernel  : [45245.163166][wlan] statsInfoEnvDisplay: (INIT INFO)
04-13 00:40:06.490  2137  2137 I Kernel  : <stats> ROFDM (0 0 0 0 0 0 0 0 0 0 0 0 0 0 0 0)
04-13 00:40:06.490  2137  2137 I Kernel  : [45245.163190][wlan] statsInfoEnvDisplay: (INIT INFO)
04-13 00:40:06.490  2137  2137 I Kernel  : <stats> RHT (0 0 2 21 9 0 0 0 0 0 0 0 0 0 0 0)
04-13 00:40:06.490  2137  2137 I Kernel  : [45245.163215][wlan] statsInfoEnvDisplay: (INIT INFO)
04-13 00:40:06.490  2137  2137 I Kernel  : <stats> StayIntH2M us (18 21 30) (18 18 18) (23 25 27)
04-13 00:40:06.490  2137  2137 I Kernel  : [45245.163237][wlan] statsInfoEnvDisplay: (INIT INFO)
04-13 00:40:06.490  2137  2137 I Kernel  : <stats> AirTime us (736 896 6176) (1568 2240 2912) (0 9344 15808)
04-13 00:40:06.490  2137  2137 I Kernel  : [45245.163275][wlan] statsInfoEnvDisplay: (INIT INFO)
04-13 00:40:06.490  2137  2137 I Kernel  : <stats> StayInt us (533 890 6942_37683) (0 10466 17432_43069) (0 9870 16299_43068)
04-13 00:40:06.490  2137  2137 I Kernel  : [45245.163303][wlan] statsInfoEnvDisplay: (INIT INFO)
04-13 00:40:06.490  2137  2137 I Kernel  : <stats> StayIntD2T us (586 982 21429) (0 16864 17498) (0 16329 16449)
04-13 00:40:06.490  2137  2137 I Kernel  : [45245.163326][wlan] statsInfoEnvDisplay: (INIT INFO)
04-13 00:40:06.490  2137  2137 I Kernel  : <stats> StayIntR_M2H us (30 37 48) (38 39 42) (29 34 42)
04-13 00:40:06.490  2137  2137 I Kernel  : [45245.163348][wlan] statsInfoEnvDisplay: (INIT INFO)
04-13 00:40:06.490  2137  2137 I Kernel  : <stats> StayIntR_H2D us (0 0 0) (0 0 0) (0 0 0)
04-13 00:40:06.490  2137  2137 I Kernel  : [45245.163369][wlan] statsInfoEnvDisplay: (INIT INFO)
04-13 00:40:06.490  2137  2137 I Kernel  : <stats> StayCntD2H unit:10ms (38 3 0 0)
04-13 00:40:06.490  2137  2137 I Kernel  : [45245.163390][wlan] statsInfoEnvDisplay: (INIT INFO)
04-13 00:40:06.490  2137  2137 I Kernel  : <stats> StayCnt unit:1ms (6 7 6 22)
04-13 00:40:06.490  2137  2137 I Kernel  : [45245.163410][wlan] statsInfoEnvDisplay: (INIT INFO)
04-13 00:40:06.490  2137  2137 I Kernel  : <stats> StayCnt (0~5763:34) (5763~11527:5) (11527~17290:1) (17290~23054:1) (23054~:0)
04-13 00:40:06.490  2137  2137 I Kernel  : [45245.163437][wlan] statsInfoEnvDisplay: (INIT INFO)
04-13 00:40:06.490  2137  2137 I Kernel  : <stats> OTHER (0) (34) (15986) (0) (0) (0ms) (20266us)
04-13 00:40:06.490  2137  2137 I Kernel  : [45245.163478][wlan] nicTxReleaseResource: (TX STATE)
04-13 00:40:06.490  2137  2137 I Kernel  : Release: TC4 count 1, Free=4; TC5 count 0, Free=4
04-13 00:40:06.515 20692 20755 D AmazonCMS: notified to profile 0 with com.amazon.kindle.cms.CONTENT_UPDATE, Bundle[{item_type=kindle.content.apps, profile_id=0, status=0, urgent_flag=1, version=2.1.0.10, last_access_date=1492069200587, location=0, item_id=1352}]
04-13 00:40:06.519 20692 20755 V AmazonCMS: CardBroadcastReceiver - received intent com.amazon.kindle.cms.CONTENT_UPDATE
04-13 00:40:06.519 22070 22103 I native-activity: Read pixels, GL error is 0x0
04-13 00:40:06.519 22070 22103 I native-activity: Swap 312 time is 32.697ms
04-13 00:40:06.519 22070 22103 I native-activity: Animating
04-13 00:40:06.535 22070 22103 I native-activity: Frame 313 GL error is 0x0
04-13 00:40:06.535 22070 22103 I native-activity: Frame 313 time is 15.738ms
04-13 00:40:06.535 22070 22103 I native-activity: Doing egl_swapbuffers_sync 1
04-13 00:40:06.535 22070 22103 D native-activity: Reading pixels format 0x1908 type 0x1401 bpp 4
04-13 00:40:06.536   917   932 D ActivityManager: single user service: com.amazon.kindle.cms
04-13 00:40:06.538   917   932 D ActivityManager: app = com.amazon.kindle.cms, has single user service, setting process record.
04-13 00:40:06.545 20692 20755 I AmazonCMS: CMSService waking up, a client has bound
04-13 00:40:06.549 20692 20755 D AmazonCMS: CMS activity level changed, active: true
04-13 00:40:06.549 22070 22103 I native-activity: Read pixels, GL error is 0x0
04-13 00:40:06.550 22070 22103 I native-activity: Swap 313 time is 30.228ms
04-13 00:40:06.550 22070 22103 I native-activity: Animating
04-13 00:40:06.560 22070 22103 I native-activity: Frame 314 GL error is 0x0
04-13 00:40:06.560 22070 22103 I native-activity: Frame 314 time is 10.142ms
04-13 00:40:06.560 22070 22103 I native-activity: Doing egl_swapbuffers_sync 1
04-13 00:40:06.560 22070 22103 D native-activity: Reading pixels format 0x1908 type 0x1401 bpp 4
04-13 00:40:06.565 20692 20755 D AmazonCMS: Package com.amazon.webapp has been suppressed for user *****
04-13 00:40:06.575 22070 22103 I native-activity: Read pixels, GL error is 0x0
04-13 00:40:06.575 22070 22103 I native-activity: Swap 314 time is 24.972ms
04-13 00:40:06.575 22070 22103 I native-activity: Animating
04-13 00:40:06.592 20692 20755 D AmazonCMS: CMSService is no longer being used, deactivating...
04-13 00:40:06.593 20692 20755 D AmazonCMS: CMS activity level changed, active: false
04-13 00:40:06.602 22070 22103 I native-activity: Frame 315 GL error is 0x501
04-13 00:40:06.602 22070 22103 I native-activity: Frame 315 time is 27.433ms
04-13 00:40:06.602 22070 22103 I native-activity: Doing egl_swapbuffers_sync 1
04-13 00:40:06.602 22070 22103 D native-activity: Reading pixels format 0x1908 type 0x1401 bpp 4
04-13 00:40:06.610 20692 20755 D AmazonCMS: Read 12 card ids from the cache for producer com.amazon.kindle.cms.card.producer.APPS in profile 0
04-13 00:40:06.617 22070 22103 I native-activity: Read pixels, GL error is 0x0
04-13 00:40:06.617 22070 22103 I native-activity: Swap 315 time is 41.786ms
04-13 00:40:06.617 22070 22103 I native-activity: Animating
04-13 00:40:06.627 22070 22103 I native-activity: Frame 316 GL error is 0x0
04-13 00:40:06.627 22070 22103 I native-activity: Frame 316 time is 9.946ms
04-13 00:40:06.627 22070 22103 I native-activity: Doing egl_swapbuffers_sync 1
04-13 00:40:06.627 22070 22103 D native-activity: Reading pixels format 0x1908 type 0x1401 bpp 4
04-13 00:40:06.628 20692 20755 D AmazonCMS: Creating recent card with id: *****
04-13 00:40:06.641 22070 22103 I native-activity: Read pixels, GL error is 0x0
04-13 00:40:06.642 22070 22103 I native-activity: Swap 316 time is 24.797ms
04-13 00:40:06.642 22070 22103 I native-activity: Animating
04-13 00:40:06.645 20692 20755 D AmazonCMS: Creating recent card with id: *****
04-13 00:40:06.652 22070 22103 I native-activity: Frame 317 GL error is 0x0
04-13 00:40:06.652 22070 22103 I native-activity: Frame 317 time is 10.206ms
04-13 00:40:06.652 22070 22103 I native-activity: Doing egl_swapbuffers_sync 1
04-13 00:40:06.652 22070 22103 D native-activity: Reading pixels format 0x1908 type 0x1401 bpp 4
04-13 00:40:06.657 20692 20755 D AmazonCMS: Creating recent card with id: *****
04-13 00:40:06.666 22070 22103 I native-activity: Read pixels, GL error is 0x0
04-13 00:40:06.667 22070 22103 I native-activity: Swap 317 time is 24.817ms
04-13 00:40:06.667 22070 22103 I native-activity: Animating
04-13 00:40:06.668 20692 20755 D AmazonCMS: Creating recent card with id: *****
04-13 00:40:06.675 22070 22103 I native-activity: Frame 318 GL error is 0x0
04-13 00:40:06.675 22070 22103 I native-activity: Frame 318 time is 8.574ms
04-13 00:40:06.675 22070 22103 I native-activity: Doing egl_swapbuffers_sync 1
04-13 00:40:06.675 22070 22103 D native-activity: Reading pixels format 0x1908 type 0x1401 bpp 4
04-13 00:40:06.684 20692 20755 D AmazonCMS: Creating recent card with id: *****
04-13 00:40:06.690 22070 22103 I native-activity: Read pixels, GL error is 0x0
04-13 00:40:06.690 22070 22103 I native-activity: Swap 318 time is 23.564ms
04-13 00:40:06.690 22070 22103 I native-activity: Animating
04-13 00:40:06.698 20692 20755 D AmazonCMS: Creating recent card with id: *****
04-13 00:40:06.699 22070 22103 I native-activity: Frame 319 GL error is 0x0
04-13 00:40:06.699 22070 22103 I native-activity: Frame 319 time is 8.451ms
04-13 00:40:06.699 22070 22103 I native-activity: Doing egl_swapbuffers_sync 1
04-13 00:40:06.699 22070 22103 D native-activity: Reading pixels format 0x1908 type 0x1401 bpp 4
04-13 00:40:06.710 20692 20755 D AmazonCMS: Creating recent card with id: *****
04-13 00:40:06.713 22070 22103 I native-activity: Read pixels, GL error is 0x0
04-13 00:40:06.714 22070 22103 I native-activity: Swap 319 time is 23.262ms
04-13 00:40:06.714 22070 22103 I native-activity: Animating
04-13 00:40:06.722 22070 22103 I native-activity: Frame 320 GL error is 0x0
04-13 00:40:06.723 22070 22103 I native-activity: Frame 320 time is 8.771ms
04-13 00:40:06.723 22070 22103 I native-activity: Doing egl_swapbuffers_sync 1
04-13 00:40:06.723 22070 22103 D native-activity: Reading pixels format 0x1908 type 0x1401 bpp 4
04-13 00:40:06.733 20692 20755 D AmazonCMS: Creating recent card with id: *****
04-13 00:40:06.737 22070 22103 I native-activity: Read pixels, GL error is 0x0
04-13 00:40:06.737 22070 22103 I native-activity: Swap 320 time is 23.450ms
04-13 00:40:06.737 22070 22103 I native-activity: Animating
04-13 00:40:06.744 20692 20755 D AmazonCMS: Creating recent card with id: *****
04-13 00:40:06.746 22070 22103 I native-activity: Frame 321 GL error is 0x0
04-13 00:40:06.746 22070 22103 I native-activity: Frame 321 time is 9.077ms
04-13 00:40:06.746 22070 22103 I native-activity: Doing egl_swapbuffers_sync 1
04-13 00:40:06.746 22070 22103 D native-activity: Reading pixels format 0x1908 type 0x1401 bpp 4
04-13 00:40:06.758 20692 20755 D AmazonCMS: Creating recent card with id: *****
04-13 00:40:06.760  1787  1787 I AmazonLocationController: onWifiSignalChanged : connected : true
04-13 00:40:06.761 22070 22103 I native-activity: Read pixels, GL error is 0x0
04-13 00:40:06.761 22070 22103 I native-activity: Swap 321 time is 23.970ms
04-13 00:40:06.761 22070 22103 I native-activity: Animating
04-13 00:40:06.768 22070 22103 I native-activity: Frame 322 GL error is 0x0
04-13 00:40:06.768 22070 22103 I native-activity: Frame 322 time is 6.751ms
04-13 00:40:06.768 22070 22103 I native-activity: Doing egl_swapbuffers_sync 1
04-13 00:40:06.768 22070 22103 D native-activity: Reading pixels format 0x1908 type 0x1401 bpp 4
04-13 00:40:06.776 20692 20755 D AmazonCMS: Creating recent card with id: *****
04-13 00:40:06.784 22070 22103 I native-activity: Read pixels, GL error is 0x0
04-13 00:40:06.784 22070 22103 I native-activity: Swap 322 time is 22.837ms
04-13 00:40:06.784 22070 22103 I native-activity: Animating
04-13 00:40:06.786 20692 20755 D AmazonCMS: AppManager - Number of packages with launch activities found 34
04-13 00:40:06.791 22070 22103 I native-activity: Frame 323 GL error is 0x0
04-13 00:40:06.791 22070 22103 I native-activity: Frame 323 time is 7.104ms
04-13 00:40:06.792 22070 22103 I native-activity: Doing egl_swapbuffers_sync 1
04-13 00:40:06.792 22070 22103 D native-activity: Reading pixels format 0x1908 type 0x1401 bpp 4
04-13 00:40:06.807 22070 22103 I native-activity: Read pixels, GL error is 0x0
04-13 00:40:06.807 22070 22103 I native-activity: Swap 323 time is 22.237ms
04-13 00:40:06.807 22070 22103 I native-activity: Animating
04-13 00:40:06.813 22070 22103 I native-activity: Frame 324 GL error is 0x0
04-13 00:40:06.813 22070 22103 I native-activity: Frame 324 time is 6.444ms
04-13 00:40:06.813 22070 22103 I native-activity: Doing egl_swapbuffers_sync 1
04-13 00:40:06.813 22070 22103 D native-activity: Reading pixels format 0x1908 type 0x1401 bpp 4
04-13 00:40:06.828 20692 21151 D CRLSetManager: getInstance binder: android.os.BinderProxy@eef29d
04-13 00:40:06.829 22070 22103 I native-activity: Read pixels, GL error is 0x0
04-13 00:40:06.829 22070 22103 I native-activity: Swap 324 time is 21.876ms
04-13 00:40:06.829 22070 22103 I native-activity: Animating
04-13 00:40:06.835 22070 22103 I native-activity: Frame 325 GL error is 0x0
04-13 00:40:06.835 22070 22103 I native-activity: Frame 325 time is 6.642ms
04-13 00:40:06.835 22070 22103 I native-activity: Doing egl_swapbuffers_sync 1
04-13 00:40:06.835 22070 22103 D native-activity: Reading pixels format 0x1908 type 0x1401 bpp 4
04-13 00:40:06.851 22070 22103 I native-activity: Read pixels, GL error is 0x0
04-13 00:40:06.851 22070 22103 I native-activity: Swap 325 time is 22.212ms
04-13 00:40:06.851 22070 22103 I native-activity: Animating
04-13 00:40:06.859 22070 22103 I native-activity: Frame 326 GL error is 0x0
04-13 00:40:06.859 22070 22103 I native-activity: Frame 326 time is 7.976ms
04-13 00:40:06.859 22070 22103 I native-activity: Doing egl_swapbuffers_sync 1
04-13 00:40:06.859 22070 22103 D native-activity: Reading pixels format 0x1908 type 0x1401 bpp 4
04-13 00:40:06.874 22070 22103 I native-activity: Read pixels, GL error is 0x0
04-13 00:40:06.874 22070 22103 I native-activity: Swap 326 time is 23.287ms
04-13 00:40:06.874 22070 22103 I native-activity: Animating
04-13 00:40:06.881 22070 22103 I native-activity: Frame 327 GL error is 0x0
04-13 00:40:06.881 22070 22103 I native-activity: Frame 327 time is 6.840ms
04-13 00:40:06.881 22070 22103 I native-activity: Doing egl_swapbuffers_sync 1
04-13 00:40:06.881 22070 22103 D native-activity: Reading pixels format 0x1908 type 0x1401 bpp 4
04-13 00:40:06.870    82    82 I Kernel  : [45245.546804].(0)[82:mtk charger_hv_]charging_reset_watch_dog_timer
04-13 00:40:06.870    82    82 I Kernel  : [45245.547736].(0)[82:mtk charger_hv_]array_size = 16 
04-13 00:40:06.893 20692 22133 I F_C.ProducerClientCompa: Producer com.amazon.kindle.cms.card.producer.APPS at API version BrazilVersion(1.4).
04-13 00:40:06.894 20692 20755 D AmazonCMS: CardClient: Pushing 12 cards ***** by producer com.amazon.kindle.cms.card.producer.APPS
04-13 00:40:06.897 22070 22103 I native-activity: Read pixels, GL error is 0x0
04-13 00:40:06.897 22070 22103 I native-activity: Swap 327 time is 22.619ms
04-13 00:40:06.897 22070 22103 I native-activity: Animating
04-13 00:40:06.904 22070 22103 I native-activity: Frame 328 GL error is 0x0
04-13 00:40:06.904 22070 22103 I native-activity: Frame 328 time is 7.165ms
04-13 00:40:06.904 22070 22103 I native-activity: Doing egl_swapbuffers_sync 1
04-13 00:40:06.905 22070 22103 D native-activity: Reading pixels format 0x1908 type 0x1401 bpp 4
04-13 00:40:06.905 20692 22133 I F_C.ProducerClientCompa: Connected to ServerInfo(CDA Version: BrazilVersion(1.3.108.0), Min. Producer: BrazilVersion(1.0), Delete All: true)
04-13 00:40:06.910 20692 22118 D empty   : Zip: EOCD not found, /system/framework/amazon-ads-registration.jar is not zip
04-13 00:40:06.910 20692 22118 W zipro   : Error opening archive /system/framework/amazon-ads-registration.jar: Invalid file
04-13 00:40:06.910 20692 22118 D asset   : failed to open Zip archive '/system/framework/amazon-ads-registration.jar'
04-13 00:40:06.920 22070 22103 I native-activity: Read pixels, GL error is 0x0
04-13 00:40:06.920 22070 22103 I native-activity: Swap 328 time is 22.760ms
04-13 00:40:06.920 22070 22103 I native-activity: Animating
04-13 00:40:06.921 20623 20639 I F_C.CardAgentSynchroniz: Throttling producer refresh
04-13 00:40:06.921 20623 20639 W F_C.CardProvider: Producer refresh failed
04-13 00:40:06.929 22070 22103 I native-activity: Frame 329 GL error is 0x0
04-13 00:40:06.929 22070 22103 I native-activity: Frame 329 time is 9.120ms
04-13 00:40:06.929 22070 22103 I native-activity: Doing egl_swapbuffers_sync 1
04-13 00:40:06.929 22070 22103 D native-activity: Reading pixels format 0x1908 type 0x1401 bpp 4
04-13 00:40:06.944 22070 22103 I native-activity: Read pixels, GL error is 0x0
04-13 00:40:06.944 22070 22103 I native-activity: Swap 329 time is 24.232ms
04-13 00:40:06.944 22070 22103 I native-activity: Animating
04-13 00:40:06.954   917   932 W AccountManagerService: insertAccountIntoDatabase: Account {name=default_account, type=amazon.account}, skipping since the account already exists
04-13 00:40:06.960 22070 22103 I native-activity: Frame 330 GL error is 0x0
04-13 00:40:06.960 22070 22103 I native-activity: Frame 330 time is 15.151ms
04-13 00:40:06.960 22070 22103 I native-activity: Doing egl_swapbuffers_sync 1
04-13 00:40:06.960 22070 22103 D native-activity: Reading pixels format 0x1908 type 0x1401 bpp 4
04-13 00:40:06.963   917  1763 W AccountManagerService: insertAccountIntoDatabase: Account {name=default_account, type=amazon.account}, skipping since the account already exists
04-13 00:40:06.970   917  2113 W AccountManagerService: insertAccountIntoDatabase: Account {name=default_account, type=amazon.account}, skipping since the account already exists
04-13 00:40:06.974   917 25027 W AccountManagerService: insertAccountIntoDatabase: Account {name=default_account, type=amazon.account}, skipping since the account already exists
04-13 00:40:06.977 22070 22103 I native-activity: Read pixels, GL error is 0x0
04-13 00:40:06.977 22070 22103 I native-activity: Swap 330 time is 32.670ms
04-13 00:40:06.977 22070 22103 I native-activity: Animating
04-13 00:40:06.978   917  2245 W AccountManagerService: insertAccountIntoDatabase: Account {name=default_account, type=amazon.account}, skipping since the account already exists
04-13 00:40:06.984   917  2114 W AccountManagerService: insertAccountIntoDatabase: Account {name=default_account, type=amazon.account}, skipping since the account already exists
04-13 00:40:06.987 22070 22103 I native-activity: Frame 331 GL error is 0x0
04-13 00:40:06.987 22070 22103 I native-activity: Frame 331 time is 9.896ms
04-13 00:40:06.987 22070 22103 I native-activity: Doing egl_swapbuffers_sync 1
04-13 00:40:06.987 22070 22103 D native-activity: Reading pixels format 0x1908 type 0x1401 bpp 4
04-13 00:40:06.999   917  2109 W AccountManagerService: insertAccountIntoDatabase: Account {name=default_account, type=amazon.account}, skipping since the account already exists
04-13 00:40:07.000   917  2245 W AccountManagerService: insertAccountIntoDatabase: Account {name=default_account, type=amazon.account}, skipping since the account already exists
04-13 00:40:07.003   917  2175 W AccountManagerService: insertAccountIntoDatabase: Account {name=default_account, type=amazon.account}, skipping since the account already exists
04-13 00:40:07.004 22070 22103 I native-activity: Read pixels, GL error is 0x0
04-13 00:40:07.004 22070 22103 I native-activity: Swap 331 time is 26.346ms
04-13 00:40:07.004 22070 22103 I native-activity: Animating
04-13 00:40:07.008 20692 20755 D AmazonCMS: Cached image for package ***** is out of date with package update time (1480592179000,1480592179000) vs. 1491757634512
04-13 00:40:07.011 22070 22103 I native-activity: Frame 332 GL error is 0x0
04-13 00:40:07.011 22070 22103 I native-activity: Frame 332 time is 7.469ms
04-13 00:40:07.011 22070 22103 I native-activity: Doing egl_swapbuffers_sync 1
04-13 00:40:07.011 22070 22103 D native-activity: Reading pixels format 0x1908 type 0x1401 bpp 4
04-13 00:40:07.015   917 25027 W AccountManagerService: insertAccountIntoDatabase: Account {name=default_account, type=amazon.account}, skipping since the account already exists
04-13 00:40:07.019 20692 20755 D AmazonCMS: Read 2 card ids from the cache for producer com.amazon.kindle.cms.card.producer.NEWSSTAND in profile 0
04-13 00:40:07.020   917   932 W AccountManagerService: insertAccountIntoDatabase: Account {name=default_account, type=amazon.account}, skipping since the account already exists
04-13 00:40:07.020   917  2109 W AccountManagerService: insertAccountIntoDatabase: Account {name=default_account, type=amazon.account}, skipping since the account already exists
04-13 00:40:07.025   917  2175 W AccountManagerService: insertAccountIntoDatabase: Account {name=default_account, type=amazon.account}, skipping since the account already exists
04-13 00:40:07.026 20692 20755 D AmazonCMS: loading icons for *****
04-13 00:40:07.027 22070 22103 I native-activity: Read pixels, GL error is 0x0
04-13 00:40:07.027 22070 22103 I native-activity: Swap 332 time is 22.855ms
04-13 00:40:07.027 22070 22103 I native-activity: Animating
04-13 00:40:07.031   917  1762 W AccountManagerService: insertAccountIntoDatabase: Account {name=default_account, type=amazon.account}, skipping since the account already exists
04-13 00:40:07.040 22070 22103 I native-activity: Frame 333 GL error is 0x0
04-13 00:40:07.040 22070 22103 I native-activity: Frame 333 time is 13.142ms
04-13 00:40:07.040 22070 22103 I native-activity: Doing egl_swapbuffers_sync 1
04-13 00:40:07.040 22070 22103 D native-activity: Reading pixels format 0x1908 type 0x1401 bpp 4
04-13 00:40:07.040   917   933 W AccountManagerService: insertAccountIntoDatabase: Account {name=default_account, type=amazon.account}, skipping since the account already exists
04-13 00:40:07.048 20692 20755 D AmazonCMS: Loaded preloaded image from *****
04-13 00:40:07.055   917 25027 W AccountManagerService: insertAccountIntoDatabase: Account {name=default_account, type=amazon.account}, skipping since the account already exists
04-13 00:40:07.055 22070 22103 I native-activity: Read pixels, GL error is 0x0
04-13 00:40:07.056 22070 22103 I native-activity: Swap 333 time is 28.757ms
04-13 00:40:07.056 22070 22103 I native-activity: Animating
04-13 00:40:07.064 22070 22103 I native-activity: Frame 334 GL error is 0x0
04-13 00:40:07.065 22070 22103 I native-activity: Frame 334 time is 8.698ms
04-13 00:40:07.065 22070 22103 I native-activity: Doing egl_swapbuffers_sync 1
04-13 00:40:07.065 22070 22103 D native-activity: Reading pixels format 0x1908 type 0x1401 bpp 4
04-13 00:40:07.070   917  2109 W AccountManagerService: insertAccountIntoDatabase: Account {name=default_account, type=amazon.account}, skipping since the account already exists
04-13 00:40:07.075 20692 20755 D AmazonCMS: Cached image for package ***** is out of date with package update time (1480592179000,1480592179000) vs. 1491757452118
04-13 00:40:07.081   917  1766 W AccountManagerService: insertAccountIntoDatabase: Account {name=default_account, type=amazon.account}, skipping since the account already exists
04-13 00:40:07.081 22070 22103 I native-activity: Read pixels, GL error is 0x0
04-13 00:40:07.081 22070 22103 I native-activity: Swap 334 time is 25.738ms
04-13 00:40:07.082 22070 22103 I native-activity: Animating
04-13 00:40:07.090 22070 22103 I native-activity: Frame 335 GL error is 0x0
04-13 00:40:07.090 22070 22103 I native-activity: Frame 335 time is 8.876ms
04-13 00:40:07.091 22070 22103 I native-activity: Doing egl_swapbuffers_sync 1
04-13 00:40:07.091 22070 22103 D native-activity: Reading pixels format 0x1908 type 0x1401 bpp 4
04-13 00:40:07.096 20692 20755 D AmazonCMS: loading icons for *****
04-13 00:40:07.100   917  1763 W AccountManagerService: insertAccountIntoDatabase: Account {name=default_account, type=amazon.account}, skipping since the account already exists
04-13 00:40:07.106 22070 22103 I native-activity: Read pixels, GL error is 0x0
04-13 00:40:07.106 22070 22103 I native-activity: Swap 335 time is 24.033ms
04-13 00:40:07.106 22070 22103 I native-activity: Animating
04-13 00:40:07.106 20692 20755 D AmazonCMS: Loaded preloaded image from *****
04-13 00:40:07.113   917 25027 W AccountManagerService: insertAccountIntoDatabase: Account {name=default_account, type=amazon.account}, skipping since the account already exists
04-13 00:40:07.114 22070 22103 I native-activity: Frame 336 GL error is 0x0
04-13 00:40:07.114 22070 22103 I native-activity: Frame 336 time is 7.893ms
04-13 00:40:07.114 22070 22103 I native-activity: Doing egl_swapbuffers_sync 1
04-13 00:40:07.114 22070 22103 D native-activity: Reading pixels format 0x1908 type 0x1401 bpp 4
04-13 00:40:07.123 20692 20755 D AmazonCMS: Loaded preloaded image from *****
04-13 00:40:07.128   917  2245 W AccountManagerService: insertAccountIntoDatabase: Account {name=default_account, type=amazon.account}, skipping since the account already exists
04-13 00:40:07.129 22070 22103 I native-activity: Read pixels, GL error is 0x0
04-13 00:40:07.129 22070 22103 I native-activity: Swap 336 time is 23.251ms
04-13 00:40:07.129 22070 22103 I native-activity: Animating
04-13 00:40:07.139 22070 22103 I native-activity: Frame 337 GL error is 0x0
04-13 00:40:07.139 22070 22103 I native-activity: Frame 337 time is 9.763ms
04-13 00:40:07.139 22070 22103 I native-activity: Doing egl_swapbuffers_sync 1
04-13 00:40:07.139 22070 22103 D native-activity: Reading pixels format 0x1908 type 0x1401 bpp 4
04-13 00:40:07.145   917   933 W AccountManagerService: insertAccountIntoDatabase: Account {name=default_account, type=amazon.account}, skipping since the account already exists
04-13 00:40:07.154 22070 22103 I native-activity: Read pixels, GL error is 0x0
04-13 00:40:07.154 22070 22103 I native-activity: Swap 337 time is 25.016ms
04-13 00:40:07.154 22070 22103 I native-activity: Animating
04-13 00:40:07.156   917  2115 W AccountManagerService: insertAccountIntoDatabase: Account {name=default_account, type=amazon.account}, skipping since the account already exists
04-13 00:40:07.163 22070 22103 I native-activity: Frame 338 GL error is 0x0
04-13 00:40:07.163 22070 22103 I native-activity: Frame 338 time is 8.585ms
04-13 00:40:07.163 22070 22103 I native-activity: Doing egl_swapbuffers_sync 1
04-13 00:40:07.163 22070 22103 D native-activity: Reading pixels format 0x1908 type 0x1401 bpp 4
04-13 00:40:07.173   917  2246 W AccountManagerService: insertAccountIntoDatabase: Account {name=default_account, type=amazon.account}, skipping since the account already exists
04-13 00:40:07.178 22070 22103 I native-activity: Read pixels, GL error is 0x0
04-13 00:40:07.178 22070 22103 I native-activity: Swap 338 time is 23.683ms
04-13 00:40:07.178 22070 22103 I native-activity: Animating
04-13 00:40:07.182 20692 22118 W asset   : Asset path /system/framework/android.amazon.res.jar is neither a directory nor file (type=1).
04-13 00:40:07.182 20692 22118 W ResourcesManager: Asset path '/system/framework/android.amazon.res.jar' does not exist or contains no resources.
04-13 00:40:07.186 22070 22103 I native-activity: Frame 339 GL error is 0x0
04-13 00:40:07.186 22070 22103 I native-activity: Frame 339 time is 8.264ms
04-13 00:40:07.186 22070 22103 I native-activity: Doing egl_swapbuffers_sync 1
04-13 00:40:07.186 22070 22103 D native-activity: Reading pixels format 0x1908 type 0x1401 bpp 4
04-13 00:40:07.192 20692 20755 W AmazonCMS: Delivery card detected for item ***** but no delivery date set
04-13 00:40:07.193 20692 20755 D AmazonCMS: Creating delivery card with id: *****
04-13 00:40:07.202 22070 22103 I native-activity: Read pixels, GL error is 0x0
04-13 00:40:07.202 22070 22103 I native-activity: Swap 339 time is 23.549ms
04-13 00:40:07.202 22070 22103 I native-activity: Animating
04-13 00:40:07.209 22070 22103 I native-activity: Frame 340 GL error is 0x0
04-13 00:40:07.210 22070 22103 I native-activity: Frame 340 time is 7.740ms
04-13 00:40:07.210 22070 22103 I native-activity: Doing egl_swapbuffers_sync 1
04-13 00:40:07.210 22070 22103 D native-activity: Reading pixels format 0x1908 type 0x1401 bpp 4
04-13 00:40:07.217 20692 22133 I F_C.ProducerClientCompa: Producer com.amazon.kindle.cms.card.producer.NEWSSTAND at API version BrazilVersion(1.4).
04-13 00:40:07.219 20692 20755 D AmazonCMS: CardClient: Pushing 2 cards ***** by producer com.amazon.kindle.cms.card.producer.NEWSSTAND
04-13 00:40:07.225 20692 22133 I F_C.ProducerClientCompa: Connected to ServerInfo(CDA Version: BrazilVersion(1.3.108.0), Min. Producer: BrazilVersion(1.0), Delete All: true)
04-13 00:40:07.226 22070 22103 I native-activity: Read pixels, GL error is 0x0
04-13 00:40:07.226 22070 22103 I native-activity: Swap 340 time is 24.224ms
04-13 00:40:07.226 22070 22103 I native-activity: Animating
04-13 00:40:07.231 20692 20755 D AmazonCMS: Loaded preloaded image from *****
04-13 00:40:07.234 20623 20638 I F_C.CardAgentSynchroniz: Throttling producer refresh
04-13 00:40:07.234 20623 20638 W F_C.CardProvider: Producer refresh failed
04-13 00:40:07.236 22070 22103 I native-activity: Frame 341 GL error is 0x0
04-13 00:40:07.236 22070 22103 I native-activity: Frame 341 time is 9.512ms
04-13 00:40:07.236 22070 22103 I native-activity: Doing egl_swapbuffers_sync 1
04-13 00:40:07.236 22070 22103 D native-activity: Reading pixels format 0x1908 type 0x1401 bpp 4
04-13 00:40:07.248   917   933 W AccountManagerService: insertAccountIntoDatabase: Account {name=default_account, type=amazon.account}, skipping since the account already exists
04-13 00:40:07.251 22070 22103 I native-activity: Read pixels, GL error is 0x0
04-13 00:40:07.251 22070 22103 I native-activity: Swap 341 time is 24.778ms
04-13 00:40:07.251 22070 22103 I native-activity: Animating
04-13 00:40:07.255   917 25027 W AccountManagerService: insertAccountIntoDatabase: Account {name=default_account, type=amazon.account}, skipping since the account already exists
04-13 00:40:07.263 22070 22103 I native-activity: Frame 342 GL error is 0x0
04-13 00:40:07.263 22070 22103 I native-activity: Frame 342 time is 11.957ms
04-13 00:40:07.263 22070 22103 I native-activity: Doing egl_swapbuffers_sync 1
04-13 00:40:07.263 22070 22103 D native-activity: Reading pixels format 0x1908 type 0x1401 bpp 4
04-13 00:40:07.264 20692 21151 I DCP     : [JsonCallExecutor][CallExecutor][58e55ec1-69fb-4ad5-961a-77cab94fecaa][Auth]Received response code 200 OK. Total time = 867 ms. Handshake = 583 ms. Upload = 0 ms (0 bytes). Latency = 282 ms. Download = 1 ms (569 bytes).
04-13 00:40:07.278 22070 22103 I native-activity: Read pixels, GL error is 0x0
04-13 00:40:07.278 22070 22103 I native-activity: Swap 342 time is 27.058ms
04-13 00:40:07.278 22070 22103 I native-activity: Animating
04-13 00:40:07.280   917  2113 W AccountManagerService: insertAccountIntoDatabase: Account {name=default_account, type=amazon.account}, skipping since the account already exists
04-13 00:40:07.287 22070 22103 I native-activity: Frame 343 GL error is 0x0
04-13 00:40:07.287 22070 22103 I native-activity: Frame 343 time is 8.793ms
04-13 00:40:07.287 22070 22103 I native-activity: Doing egl_swapbuffers_sync 1
04-13 00:40:07.287 22070 22103 D native-activity: Reading pixels format 0x1908 type 0x1401 bpp 4
04-13 00:40:07.292   917  2246 D WifiService: releaseWifiLockLocked: WifiLock{com.amazon.dcp.framework.iuc.ConnectionEstablisherWithConnectivityEnforcement type=1 binder=android.os.BinderProxy@1b5f27f8}
04-13 00:40:07.297   917  1051 W AccountManagerService: insertAccountIntoDatabase: Account {name=default_account, type=amazon.account}, skipping since the account already exists
04-13 00:40:07.303 22070 22103 I native-activity: Read pixels, GL error is 0x0
04-13 00:40:07.303 22070 22103 I native-activity: Swap 343 time is 24.373ms
04-13 00:40:07.303 22070 22103 I native-activity: Animating
04-13 00:40:07.312 22070 22103 I native-activity: Frame 344 GL error is 0x0
04-13 00:40:07.312 22070 22103 I native-activity: Frame 344 time is 9.659ms
04-13 00:40:07.312 22070 22103 I native-activity: Doing egl_swapbuffers_sync 1
04-13 00:40:07.312 22070 22103 D native-activity: Reading pixels format 0x1908 type 0x1401 bpp 4
04-13 00:40:07.327 22070 22103 I native-activity: Read pixels, GL error is 0x0
04-13 00:40:07.327 22070 22103 I native-activity: Swap 344 time is 24.386ms
04-13 00:40:07.327 22070 22103 I native-activity: Animating
04-13 00:40:07.337 22070 22103 I native-activity: Frame 345 GL error is 0x0
04-13 00:40:07.337 22070 22103 I native-activity: Frame 345 time is 9.473ms
04-13 00:40:07.337 22070 22103 I native-activity: Doing egl_swapbuffers_sync 1
04-13 00:40:07.337 22070 22103 D native-activity: Reading pixels format 0x1908 type 0x1401 bpp 4
04-13 00:40:07.352 22070 22103 I native-activity: Read pixels, GL error is 0x0
04-13 00:40:07.352 22070 22103 I native-activity: Swap 345 time is 24.632ms
04-13 00:40:07.352 22070 22103 I native-activity: Animating
04-13 00:40:07.361 22070 22103 I native-activity: Frame 346 GL error is 0x0
04-13 00:40:07.361 22070 22103 I native-activity: Frame 346 time is 9.182ms
04-13 00:40:07.361 22070 22103 I native-activity: Doing egl_swapbuffers_sync 1
04-13 00:40:07.361 22070 22103 D native-activity: Reading pixels format 0x1908 type 0x1401 bpp 4
04-13 00:40:07.367 20692 20755 D AmazonCMS: Cached image for package ***** is out of date with package update time (1480592179000,1480592179000) vs. 1491757499034
04-13 00:40:07.369 20692 20755 D AmazonCMS: loading icons for *****
04-13 00:40:07.376 22070 22103 I native-activity: Read pixels, GL error is 0x0
04-13 00:40:07.376 22070 22103 I native-activity: Swap 346 time is 23.992ms
04-13 00:40:07.376 22070 22103 I native-activity: Animating
04-13 00:40:07.384 20692 20755 D AmazonCMS: Loaded preloaded image from *****
04-13 00:40:07.386 22070 22103 I native-activity: Frame 347 GL error is 0x0
04-13 00:40:07.386 22070 22103 I native-activity: Frame 347 time is 9.869ms
04-13 00:40:07.386 22070 22103 I native-activity: Doing egl_swapbuffers_sync 1
04-13 00:40:07.386 22070 22103 D native-activity: Reading pixels format 0x1908 type 0x1401 bpp 4
04-13 00:40:07.401 22070 22103 I native-activity: Read pixels, GL error is 0x0
04-13 00:40:07.401 22070 22103 I native-activity: Swap 347 time is 24.547ms
04-13 00:40:07.401 22070 22103 I native-activity: Animating
04-13 00:40:07.408 22070 22103 I native-activity: Frame 348 GL error is 0x0
04-13 00:40:07.408 22070 22103 I native-activity: Frame 348 time is 7.072ms
04-13 00:40:07.408 22070 22103 I native-activity: Doing egl_swapbuffers_sync 1
04-13 00:40:07.408 22070 22103 D native-activity: Reading pixels format 0x1908 type 0x1401 bpp 4
04-13 00:40:07.419 20692 20755 D AmazonCMS: Loaded preloaded image from *****
04-13 00:40:07.424 22070 22103 I native-activity: Read pixels, GL error is 0x0
04-13 00:40:07.424 22070 22103 I native-activity: Swap 348 time is 22.860ms
04-13 00:40:07.424 22070 22103 I native-activity: Animating
04-13 00:40:07.429 20692 20755 D AmazonCMS: Cached image for package ***** is out of date with package update time (1480592179000,1480592179000) vs. 1491757591965
04-13 00:40:07.432 22070 22103 I native-activity: Frame 349 GL error is 0x0
04-13 00:40:07.432 22070 22103 I native-activity: Frame 349 time is 8.538ms
04-13 00:40:07.432 22070 22103 I native-activity: Doing egl_swapbuffers_sync 1
04-13 00:40:07.432 22070 22103 D native-activity: Reading pixels format 0x1908 type 0x1401 bpp 4
04-13 00:40:07.435 20692 20755 D AmazonCMS: loading icons for *****
04-13 00:40:07.445 20692 20755 D AmazonCMS: Loaded preloaded image from *****
04-13 00:40:07.447 22070 22103 I native-activity: Read pixels, GL error is 0x0
04-13 00:40:07.447 22070 22103 I native-activity: Swap 349 time is 23.643ms
04-13 00:40:07.448 22070 22103 I native-activity: Animating
04-13 00:40:07.454 22070 22103 I native-activity: Frame 350 GL error is 0x0
04-13 00:40:07.455 22070 22103 I native-activity: Frame 350 time is 6.951ms
04-13 00:40:07.455 22070 22103 I native-activity: Doing egl_swapbuffers_sync 1
04-13 00:40:07.455 22070 22103 D native-activity: Reading pixels format 0x1908 type 0x1401 bpp 4
04-13 00:40:07.470 22070 22103 I native-activity: Read pixels, GL error is 0x0
04-13 00:40:07.470 22070 22103 I native-activity: Swap 350 time is 22.402ms
04-13 00:40:07.470 22070 22103 I native-activity: Animating
04-13 00:40:07.477 22070 22103 I native-activity: Frame 351 GL error is 0x0
04-13 00:40:07.477 22070 22103 I native-activity: Frame 351 time is 6.791ms
04-13 00:40:07.477 22070 22103 I native-activity: Doing egl_swapbuffers_sync 1
04-13 00:40:07.477 22070 22103 D native-activity: Reading pixels format 0x1908 type 0x1401 bpp 4
04-13 00:40:07.481 20692 20755 D AmazonCMS: Loaded preloaded image from *****
04-13 00:40:07.492 22070 22103 I native-activity: Read pixels, GL error is 0x0
04-13 00:40:07.493 22070 22103 I native-activity: Swap 351 time is 22.421ms
04-13 00:40:07.493 22070 22103 I native-activity: Animating
04-13 00:40:07.502 22070 22103 I native-activity: Frame 352 GL error is 0x0
04-13 00:40:07.502 22070 22103 I native-activity: Frame 352 time is 8.916ms
04-13 00:40:07.502 22070 22103 I native-activity: Doing egl_swapbuffers_sync 1
04-13 00:40:07.502 22070 22103 D native-activity: Reading pixels format 0x1908 type 0x1401 bpp 4
04-13 00:40:07.516 22070 22103 I native-activity: Read pixels, GL error is 0x0
04-13 00:40:07.516 22070 22103 I native-activity: Swap 352 time is 23.649ms
04-13 00:40:07.516 22070 22103 I native-activity: Animating
04-13 00:40:07.524 22070 22103 I native-activity: Frame 353 GL error is 0x0
04-13 00:40:07.524 22070 22103 I native-activity: Frame 353 time is 7.430ms
04-13 00:40:07.524 22070 22103 I native-activity: Doing egl_swapbuffers_sync 1
04-13 00:40:07.524 22070 22103 D native-activity: Reading pixels format 0x1908 type 0x1401 bpp 4
04-13 00:40:07.539 22070 22103 I native-activity: Read pixels, GL error is 0x0
04-13 00:40:07.539 22070 22103 I native-activity: Swap 353 time is 22.821ms
04-13 00:40:07.539 22070 22103 I native-activity: Animating
04-13 00:40:07.547 22070 22103 I native-activity: Frame 354 GL error is 0x0
04-13 00:40:07.547 22070 22103 I native-activity: Frame 354 time is 7.749ms
04-13 00:40:07.547 22070 22103 I native-activity: Doing egl_swapbuffers_sync 1
04-13 00:40:07.548 22070 22103 D native-activity: Reading pixels format 0x1908 type 0x1401 bpp 4
04-13 00:40:07.563 22070 22103 I native-activity: Read pixels, GL error is 0x0
04-13 00:40:07.563 22070 22103 I native-activity: Swap 354 time is 23.316ms
04-13 00:40:07.563 22070 22103 I native-activity: Animating
04-13 00:40:07.567 20692 22118 W asset   : Asset path /system/framework/android.amazon.res.jar is neither a directory nor file (type=1).
04-13 00:40:07.567 20692 22118 W ResourcesManager: Asset path '/system/framework/android.amazon.res.jar' does not exist or contains no resources.
04-13 00:40:07.571 22070 22103 I native-activity: Frame 355 GL error is 0x0
04-13 00:40:07.571 22070 22103 I native-activity: Frame 355 time is 7.843ms
04-13 00:40:07.571 22070 22103 I native-activity: Doing egl_swapbuffers_sync 1
04-13 00:40:07.571 22070 22103 D native-activity: Reading pixels format 0x1908 type 0x1401 bpp 4
04-13 00:40:07.575 20692 20755 D AmazonCMS: Performing collection sync type DELTA_SYNC for user *****
04-13 00:40:07.577 20692 20755 V AmazonCMS: SyncClient - [SYNC] Syncing Namespace: [*****]
04-13 00:40:07.586 22070 22103 I native-activity: Read pixels, GL error is 0x0
04-13 00:40:07.586 22070 22103 I native-activity: Swap 355 time is 22.995ms
04-13 00:40:07.586 22070 22103 I native-activity: Animating
04-13 00:40:07.595 22070 22103 I native-activity: Frame 356 GL error is 0x0
04-13 00:40:07.595 22070 22103 I native-activity: Frame 356 time is 9.140ms
04-13 00:40:07.595 22070 22103 I native-activity: Doing egl_swapbuffers_sync 1
04-13 00:40:07.595 22070 22103 D native-activity: Reading pixels format 0x1908 type 0x1401 bpp 4
04-13 00:40:07.600 20692 20755 D AmazonCMS: Cached image for package ***** is out of date with package update time (1480592179000,1480592179000) vs. 1491757484099
04-13 00:40:07.602 20692 20755 D AmazonCMS: loading icons for *****
04-13 00:40:07.607 20692 21289 I DCP     : [JsonCallExecutor][CallExecutor][550b8207-c6c7-44f6-95c8-74754865a22a][Auth]GET https://api.amazon.com/whispersync/v2/data/amzn1.account.XXXX/datasets?after=108  (attempt 1)
04-13 00:40:07.608   917  2109 D WifiService: acquireWifiLockLocked: WifiLock{com.amazon.dcp.framework.iuc.ConnectionEstablisherWithConnectivityEnforcement type=1 binder=android.os.BinderProxy@15064de6}
04-13 00:40:07.609 20692 20755 D AmazonCMS: Loaded preloaded image from *****
04-13 00:40:07.610 22070 22103 I native-activity: Read pixels, GL error is 0x0
04-13 00:40:07.610 22070 22103 I native-activity: Swap 356 time is 24.362ms
04-13 00:40:07.610 22070 22103 I native-activity: Animating
04-13 00:40:07.613 20692 22144 I com.amazon.dcp.framework.ConnectivityEnforcer: Network with type -1 is already connected
04-13 00:40:07.619 22070 22103 I native-activity: Frame 357 GL error is 0x0
04-13 00:40:07.619 22070 22103 I native-activity: Frame 357 time is 8.322ms
04-13 00:40:07.619 22070 22103 I native-activity: Doing egl_swapbuffers_sync 1
04-13 00:40:07.619 22070 22103 D native-activity: Reading pixels format 0x1908 type 0x1401 bpp 4
04-13 00:40:07.634   917  1762 D ActivityManager: single user service: com.amazon.imp
04-13 00:40:07.634 22070 22103 I native-activity: Read pixels, GL error is 0x0
04-13 00:40:07.634 22070 22103 I native-activity: Swap 357 time is 23.354ms
04-13 00:40:07.634 22070 22103 I native-activity: Animating
04-13 00:40:07.635   917  1762 D ActivityManager: app = com.amazon.imp, has single user service, setting process record.
04-13 00:40:07.645 22070 22103 I native-activity: Frame 358 GL error is 0x0
04-13 00:40:07.645 22070 22103 I native-activity: Frame 358 time is 10.635ms
04-13 00:40:07.645 22070 22103 I native-activity: Doing egl_swapbuffers_sync 1
04-13 00:40:07.645 22070 22103 D native-activity: Reading pixels format 0x1908 type 0x1401 bpp 4
04-13 00:40:07.647 20692 20755 D AmazonCMS: Loaded preloaded image from *****
04-13 00:40:07.660 22070 22103 I native-activity: Read pixels, GL error is 0x0
04-13 00:40:07.661 22070 22103 I native-activity: Swap 358 time is 26.473ms
04-13 00:40:07.661 22070 22103 I native-activity: Animating
04-13 00:40:07.664 20692 20755 D AmazonCMS: Cached image for package ***** is out of date with package update time (1480592179000,1480592179000) vs. 1491757399725
04-13 00:40:07.670 22070 22103 I native-activity: Frame 359 GL error is 0x0
04-13 00:40:07.670 22070 22103 I native-activity: Frame 359 time is 9.058ms
04-13 00:40:07.670 22070 22103 I native-activity: Doing egl_swapbuffers_sync 1
04-13 00:40:07.670 22070 22103 D native-activity: Reading pixels format 0x1908 type 0x1401 bpp 4
04-13 00:40:07.671 20692 20755 D AmazonCMS: loading icons for *****
04-13 00:40:07.675 20692 20755 D AmazonCMS: Loaded preloaded image from *****
04-13 00:40:07.685 22070 22103 I native-activity: Read pixels, GL error is 0x0
04-13 00:40:07.685 22070 22103 I native-activity: Swap 359 time is 23.979ms
04-13 00:40:07.685 22070 22103 I native-activity: Animating
04-13 00:40:07.694 22070 22103 I native-activity: Frame 360 GL error is 0x0
04-13 00:40:07.694 22070 22103 I native-activity: Frame 360 time is 8.963ms
04-13 00:40:07.694 22070 22103 I native-activity: Doing egl_swapbuffers_sync 1
04-13 00:40:07.694 22070 22103 D native-activity: Reading pixels format 0x1908 type 0x1401 bpp 4
04-13 00:40:07.702 20692 20755 D AmazonCMS: Loaded preloaded image from *****
04-13 00:40:07.708 22070 22103 I native-activity: Read pixels, GL error is 0x0
04-13 00:40:07.708 22070 22103 I native-activity: Swap 360 time is 23.540ms
04-13 00:40:07.708 22070 22103 I native-activity: Animating
04-13 00:40:07.715 20692 20755 D AmazonCMS: Cached image for package ***** is out of date with package update time (1480592179000,1480592179000) vs. 1491757609120
04-13 00:40:07.716 20692 20755 D AmazonCMS: loading icons for *****
04-13 00:40:07.718 22070 22103 I native-activity: Frame 361 GL error is 0x0
04-13 00:40:07.718 22070 22103 I native-activity: Frame 361 time is 9.771ms
04-13 00:40:07.718 22070 22103 I native-activity: Doing egl_swapbuffers_sync 1
04-13 00:40:07.718 22070 22103 D native-activity: Reading pixels format 0x1908 type 0x1401 bpp 4
04-13 00:40:07.726 20692 20755 D AmazonCMS: Loaded preloaded image from *****
04-13 00:40:07.731 20692 22118 W asset   : Asset path /system/framework/android.amazon.res.jar is neither a directory nor file (type=1).
04-13 00:40:07.731 20692 22118 W ResourcesManager: Asset path '/system/framework/android.amazon.res.jar' does not exist or contains no resources.
04-13 00:40:07.733 22070 22103 I native-activity: Read pixels, GL error is 0x0
04-13 00:40:07.733 22070 22103 I native-activity: Swap 361 time is 24.604ms
04-13 00:40:07.733 22070 22103 I native-activity: Animating
04-13 00:40:07.735 20692 20755 D AmazonCMS: Cached image for package ***** is out of date with package update time (1480592179000,1480592179000) vs. 1491757968262
04-13 00:40:07.738 20692 20755 D AmazonCMS: loading icons for *****
04-13 00:40:07.740 22070 22103 I native-activity: Frame 362 GL error is 0x0
