--------- beginning of main
04-13 01:13:08.910 27372 27372 W sh      : type=1400 audit(0.0:5270): avc: denied { module_request } for kmod="personality-8" scontext=u:r:shell:s0 tcontext=u:r:kernel:s0 tclass=system permissive=0
04-13 01:13:08.910 27372 27372 W am      : type=1400 audit(0.0:5271): avc: denied { module_request } for kmod="personality-8" scontext=u:r:shell:s0 tcontext=u:r:kernel:s0 tclass=system permissive=0
--------- beginning of kernel
04-13 01:13:08.910 27372 27372 I Kernel  : [47227.585935].(1)[27372:sh]audit avc scontext:u:r:shell:s0
04-13 01:13:08.910 27372 27372 I Kernel  : [47227.590470].(0)[27372:am]audit avc scontext:u:r:shell:s0
04-13 01:13:08.930 27372 27372 W app_process: type=1400 audit(0.0:5272): avc: denied { module_request } for kmod="personality-8" scontext=u:r:shell:s0 tcontext=u:r:kernel:s0 tclass=system permissive=0
04-13 01:13:08.930 27372 27372 I Kernel  : [47227.605976].(1)[27372:app_process]audit avc scontext:u:r:shell:s0
04-13 01:13:09.170    82    82 I Kernel  : [47227.842643].(0)[82:mtk charger_hv_]charging_reset_watch_dog_timer
04-13 01:13:09.170    82    82 I Kernel  : [47227.843540].(0)[82:mtk charger_hv_]array_size = 16 
04-13 01:13:09.191 27372 27372 D AndroidRuntime: >>>>>> START com.android.internal.os.RuntimeInit uid 2000 <<<<<<
04-13 01:13:09.195 27372 27372 D AndroidRuntime: CheckJNI is OFF
04-13 01:13:09.196 27372 27372 I art     : Skinny Heap Starting Size = 2048KB
04-13 01:13:09.196 27372 27372 I art     : Skinny Heap Growth Limit = 20480KB
04-13 01:13:09.196 27372 27372 I art     : Skinny Heap Min Free = 128KB
04-13 01:13:09.196 27372 27372 I art     : Skinny Heap Max Free = 512KB
04-13 01:13:09.196 27372 27372 I art     : Skinny Heap Target Utilization = 0.9
04-13 01:13:09.285 27372 27372 I HAL     : loaded HAL id=memtrack path=/system/lib/hw/memtrack.mt8127.so hmi=0x0 handle=0xb51b8694
04-13 01:13:09.301 27372 27372 I HAL     : loaded HAL id=perfboost path=/system/lib/hw/perfboost.mt8127.so hmi=0x0 handle=0xb51b87e4
04-13 01:13:09.335 27372 27372 D AndroidRuntime: Calling main entry com.android.commands.am.Am
04-13 01:13:09.337 27372 27372 D ActivityManager: default service binder = android.os.BinderProxy@13cd9bc6
04-13 01:13:09.337 27372 27372 D ActivityManager: default service = android.app.ActivityManagerProxy@1525d787
--------- beginning of system
04-13 01:13:09.341   917  2175 I ActivityManager: START u0 {act=android.intent.action.MAIN cat=[android.intent.category.LAUNCHER] flg=0x10000000 cmp=com.example.sonicdash_stage1/android.app.NativeActivity (has extras)} from uid 2000 on display 0
04-13 01:13:09.330 26597 26597 I Kernel  : [47228.003532].(0)[26597:kworker/0:0H]regs_hotplug_callback cpu = 2
04-13 01:13:09.330 26597 26597 I Kernel  : [47228.003643].(0)[26597:kworker/0:0H]Boot slave CPU
04-13 01:13:09.330 26597 26597 I Kernel  : [47228.003657].(0)[26597:kworker/0:0H][Power/hotplug] boot_secondary, cpu: 2
04-13 01:13:09.330 26597 26597 I Kernel  : [47228.003671].(0)[26597:kworker/0:0H][Power/hotplug] SLAVE2_MAGIC_NUM:4c415332
04-13 01:13:09.330 26597 26597 I Kernel  : [47228.003683].(0)[26597:kworker/0:0H]mt_wakeup_cpu: not first boot!(2)
04-13 01:13:09.330     0     0 I Kernel  : [47228.003894]-(2)[0:swapper/2]CPU2: Booted secondary processor
04-13 01:13:09.330     0     0 I Kernel  : [47228.003917]-(2)[0:swapper/2][Power/hotplug] platform_secondary_init, cpu: 2
04-13 01:13:09.330     0     0 I Kernel  : [47228.004075]-(2)[0:swapper/2]WD wd_cpu_hot_plug_on_notify kick ext wd
04-13 01:13:09.330     0     0 I Kernel  : [47228.004107]-(2)[0:swapper/2]regs_hotplug_callback cpu = 2
04-13 01:13:09.330 26597 26597 I Kernel  : [47228.005947].(0)[26597:kworker/0:0H]regs_hotplug_callback cpu = 2
04-13 01:13:09.330 26597 26597 I Kernel  : [47228.006062].(0)[26597:kworker/0:0H][wdk]bind kicker thread[87] to cpu[2]
04-13 01:13:09.330 26597 26597 I Kernel  : [47228.006215].(0)[26597:kworker/0:0H][WDK]cpu 2 plug on kick wdt
04-13 01:13:09.330 26597 26597 I Kernel  : [47228.006286].(0)[26597:kworker/0:0H]regs_hotplug_callback cpu = 3
04-13 01:13:09.330 26597 26597 I Kernel  : [47228.006346].(0)[26597:kworker/0:0H]Boot slave CPU
04-13 01:13:09.330 26597 26597 I Kernel  : [47228.006374].(0)[26597:kworker/0:0H][Power/hotplug] boot_secondary, cpu: 3
04-13 01:13:09.330 26597 26597 I Kernel  : [47228.006388].(0)[26597:kworker/0:0H][Power/hotplug] SLAVE3_MAGIC_NUM:41534c33
04-13 01:13:09.330 26597 26597 I Kernel  : [47228.006400].(0)[26597:kworker/0:0H]mt_wakeup_cpu: not first boot!(3)
04-13 01:13:09.330     0     0 I Kernel  : [47228.006613]-(3)[0:swapper/3]CPU3: Booted secondary processor
04-13 01:13:09.330     0     0 I Kernel  : [47228.006637]-(3)[0:swapper/3][Power/hotplug] platform_secondary_init, cpu: 3
04-13 01:13:09.330     0     0 I Kernel  : [47228.006791]-(3)[0:swapper/3]WD wd_cpu_hot_plug_on_notify kick ext wd
04-13 01:13:09.330     0     0 I Kernel  : [47228.006824]-(3)[0:swapper/3]regs_hotplug_callback cpu = 3
04-13 01:13:09.330 26597 26597 I Kernel  : [47228.007258].(0)[26597:kworker/0:0H]regs_hotplug_callback cpu = 3
04-13 01:13:09.330 26597 26597 I Kernel  : [47228.007685].(0)[26597:kworker/0:0H][wdk]bind kicker thread[88] to cpu[3]
04-13 01:13:09.330 26597 26597 I Kernel  : [47228.007862].(0)[26597:kworker/0:0H][WDK]cpu 3 plug on kick wdt
04-13 01:13:09.346   917  2175 W ActivityManager: Input dispatching paused for current ActivityRecord: ActivityRecord{60024cd u0 com.example.sonicdash_stage1/android.app.NativeActivity t340}
04-13 01:13:09.346   917  2175 V WindowManager: addAppToken: AppWindowToken{3c88093 token=Token{1cd45182 ActivityRecord{60024cd u0 com.example.sonicdash_stage1/android.app.NativeActivity t340}}} to stack=1 task=340 at 0
04-13 01:13:09.347   917  2175 D BatteryStatsExtension.VitalEmitterBatteryAndTime: VitalEmitterBatteryAndTime.start(-): not runnable
--------- beginning of amazon_main
04-13 01:13:09.349 25616 25616 I F_C.Launcher: onPause
04-13 01:13:09.350 27372 27372 D AndroidRuntime: Shutting down VM
04-13 01:13:09.351 27372 27384 E IPCThreadState: talkWithDriver returned result (-9)
04-13 01:13:09.351 27372 27383 E IPCThreadState: talkWithDriver returned result (-9)
04-13 01:13:09.353   917   943 V WindowManager: Based on layer: Adding window Window{17740c9 u0 Starting com.example.sonicdash_stage1} at 2 of 8
04-13 01:13:09.357   183   183 W art     : PreZygoteFork called when we already have a zygote space.
04-13 01:13:09.340 27372 27372 I Kernel  : [47228.012764].(3)[27372:main]name:dev/ashmem/dalvik-main space unmap vm_start b1d7e000  end: b1d80000
04-13 01:13:09.366 27385 27385 I art     : Late-enabling -Xcheck:jni
04-13 01:13:09.367   917  2115 I ActivityManager: Start proc 27385:com.example.sonicdash_stage1/u0a21 for activity com.example.sonicdash_stage1/android.app.NativeActivity
--------- beginning of metrics
04-13 01:13:09.377   917  1055 I LoggerMetricsFactoryImpl: PhoneWindowManager:ActivityChanged:com.example.sonicdash_stage1=1.0;CT;1:NR
--------- beginning of vitals
04-13 01:13:09.377   917  1055 I Vlog    : ScreenTime:PackageScreenTime:fgtracking=false;DV;1,key=com.amazon.firelauncher;DV;1,Timer=0.0917875;TI;1,unit=hours;DV;1:HI
04-13 01:13:09.379   917  1055 I LoggerMetricsFactoryImpl: PhoneWindowManager:ScreenTime:endTimeMs=1.492071189377E12;TI;1,startTimeMs=1.492070858942E12;TI;1,com.amazon.firelauncher=330435.0;TI;1:NR
04-13 01:13:09.379   917  1055 I Vlog    : Thermal:Screen_On_Thermal_Throttling:fgtracking=false;DV;1,key=0;DV;1,Timer=0.09178805555555555;TI;1,unit=hours;DV;1,metadata=com.amazon.firelauncher;DV;1:HI
04-13 01:13:09.381   917  1055 I LoggerMetricsFactoryImpl: ScreenTime:updateLRUListLocked:page-type=KindleFramework;CK;1,hitType=deviceAction;CK;1,team-name=KindleFramework;CK;1,site_variant=KindleApplication;CK;1,page-action=fgEnd;CK;1,sub-page-type=com.amazon.firelauncher;CK;1,RequestId=4083484DB4C31F6A0FE2;DV;1:NA
04-13 01:13:09.382   917  1055 I LoggerMetricsFactoryImpl: ScreenTime:updateLRUListLocked:page-type=KindleFramework;CK;1,hitType=deviceAction;CK;1,team-name=KindleFramework;CK;1,site_variant=KindleApplication;CK;1,page-action=fgStart;CK;1,sub-page-type=com.example.sonicdash_stage1;CK;1,RequestId=A5370A3C7654B1FA7A59;DV;1:NA
04-13 01:13:09.386  1787  1787 V PhoneStatusBar: setLightsOn(true)
04-13 01:13:09.386   143   949 I [MALI][Gralloc]: usage0: 0x933, format7: 2 stride2: 608 vertical_stride6: 976 size: 2373632
04-13 01:13:09.391 27385 27385 I art     : Turning on check_jni_no_abort for targetSdkVersion 9
04-13 01:13:09.404 27385 27385 D ActivityManager: default service binder = android.os.BinderProxy@4599a49
04-13 01:13:09.404 27385 27385 D ActivityManager: default service = android.app.ActivityManagerProxy@49f1f4e
04-13 01:13:09.414 25616 25616 I Vlog    : performance:SkippedVsyncsBucket2:fgtracking=false;DV;1,key=com.amazon.firelauncher;DV;1,Counter=2.0;CT;1,unit=count;DV;1:HI
04-13 01:13:09.414 25616 25616 I performance: SkippedVsyncsBucket2: package=com.amazon.firelauncher count=2
04-13 01:13:09.414 25616 25616 I Vlog    : performance:FrameDropTotal:fgtracking=false;DV;1,key=com.amazon.firelauncher;DV;1,Counter=3.0;CT;1,unit=count;DV;1:HI
04-13 01:13:09.414 25616 25616 I performance: FrameDropTotal: package=com.amazon.firelauncher count=3
04-13 01:13:09.414 25616 25616 I Vlog    : performance:FramesTotal:fgtracking=false;DV;1,key=com.amazon.firelauncher;DV;1,Counter=23.0;CT;1,unit=count;DV;1:HI
04-13 01:13:09.414 25616 25616 I performance: FramesTotal: package=com.amazon.firelauncher count=23
04-13 01:13:09.414 25616 25616 I Vlog    : performance:DelayedFirstFrames:fgtracking=false;DV;1,key=com.amazon.firelauncher;DV;1,Counter=1.0;CT;1,unit=count;DV;1:HI
04-13 01:13:09.414 25616 25616 I performance: DelayedFirstFrames: package=com.amazon.firelauncher count=1
04-13 01:13:09.414 25616 25616 I Vlog    : performance:FirstFramesTotal:fgtracking=false;DV;1,key=com.amazon.firelauncher;DV;1,Counter=4.0;CT;1,unit=count;DV;1:HI
04-13 01:13:09.414 25616 25616 I performance: FirstFramesTotal: package=com.amazon.firelauncher count=0
04-13 01:13:09.427   917  2168 I PackageRecencyCallback: Queuing notifcation to package: ComponentInfo{com.amazon.kindle.cms/com.amazon.kindle.cms.MaintenanceService$PackageRecencyListener}
04-13 01:13:09.428  2059  2059 I Vlog    : PfxPrecog:PredictionResult:fgtracking=false;DV;1,key=success;DV;1,Counter=1.000000;CT;1,unit=null;DV;1,metadata=version%235510%7Crequester%23Chained+Predictor%7Cpred_type%23ApplicationStart%7C;DV;1:HI
04-13 01:13:09.428  2059  2059 I Vlog    : PfxPrecog:PredictionResult:fgtracking=false;DV;1,key=success;DV;1,Counter=1.000000;CT;1,unit=null;DV;1,metadata=version%235510%7Crequester%23Chained+Predictor%7Cpred_type%23ApplicationStart%7C;DV;1:HI
04-13 01:13:09.431 27385 27385 D VendorDisplayManagerGlobalCallback: callGetInstance: nil
04-13 01:13:09.431  2059  2059 I Vlog    : PfxPrecog:PredictionResult:fgtracking=false;DV;1,key=success;DV;1,Counter=1.000000;CT;1,unit=null;DV;1,metadata=version%235510%7Crequester%23Chained+Predictor%7Cpred_type%23ApplicationStart%7C;DV;1:HI
04-13 01:13:09.432  2059  2059 I Vlog    : PfxPrecog:PredictionResult:fgtracking=false;DV;1,key=success;DV;1,Counter=1.000000;CT;1,unit=null;DV;1,metadata=version%235510%7Crequester%23Chained+Predictor%7Cpred_type%23ApplicationStart%7C;DV;1:HI
04-13 01:13:09.432  2059  2059 I Vlog    : PfxPrecog:PredictionResult:fgtracking=false;DV;1,key=success;DV;1,Counter=1.000000;CT;1,unit=null;DV;1,metadata=version%235510%7Crequester%23Chained+Predictor%7Cpred_type%23ApplicationStart%7C;DV;1:HI
04-13 01:13:09.433  2059  2059 I Vlog    : PfxPrecog:PredictionResult:fgtracking=false;DV;1,key=success;DV;1,Counter=1.000000;CT;1,unit=null;DV;1,metadata=version%235510%7Crequester%23Chained+Predictor%7Cpred_type%23ApplicationStart%7C;DV;1:HI
04-13 01:13:09.434  2059  2059 I Vlog    : PfxPrecog:PredictionResult:fgtracking=false;DV;1,key=success;DV;1,Counter=1.000000;CT;1,unit=null;DV;1,metadata=version%235510%7Crequester%23Chained+Predictor%7Cpred_type%23ApplicationStart%7C;DV;1:HI
04-13 01:13:09.436  2059  2059 I Vlog    : PfxPrecog:PredictionResult:fgtracking=false;DV;1,key=success;DV;1,Counter=1.000000;CT;1,unit=null;DV;1,metadata=version%235510%7Crequester%23Chained+Predictor%7Cpred_type%23ApplicationStart%7C;DV;1:HI
04-13 01:13:09.437  2059  2059 I Vlog    : PfxPrecog:PredictionResult:fgtracking=false;DV;1,key=success;DV;1,Counter=1.000000;CT;1,unit=null;DV;1,metadata=version%235510%7Crequester%23Chained+Predictor%7Cpred_type%23ApplicationStart%7C;DV;1:HI
04-13 01:13:09.438  2059  2059 I Vlog    : PfxPrecog:PredictionResult:fgtracking=false;DV;1,key=success;DV;1,Counter=1.000000;CT;1,unit=null;DV;1,metadata=version%235510%7Crequester%23Chained+Predictor%7Cpred_type%23ApplicationStart%7C;DV;1:HI
04-13 01:13:09.439  2059  2059 I Vlog    : PfxPrecog:PredictionResult:fgtracking=false;DV;1,key=success;DV;1,Counter=1.000000;CT;1,unit=null;DV;1,metadata=version%235510%7Crequester%23Chained+Predictor%7Cpred_type%23ApplicationStart%7C;DV;1:HI
04-13 01:13:09.440  2059  2059 I Vlog    : PfxPrecog:PredictionResult:fgtracking=false;DV;1,key=success;DV;1,Counter=1.000000;CT;1,unit=null;DV;1,metadata=version%235510%7Crequester%23Chained+Predictor%7Cpred_type%23ApplicationStart%7C;DV;1:HI
04-13 01:13:09.441  2059  2059 I Vlog    : PfxPrecog:PredictionResult:fgtracking=false;DV;1,key=success;DV;1,Counter=1.000000;CT;1,unit=null;DV;1,metadata=version%235510%7Crequester%23Chained+Predictor%7Cpred_type%23ApplicationStart%7C;DV;1:HI
04-13 01:13:09.442  2059  2059 I Vlog    : PfxPrecog:PredictionResult:fgtracking=false;DV;1,key=success;DV;1,Counter=1.000000;CT;1,unit=null;DV;1,metadata=version%235510%7Crequester%23Chained+Predictor%7Cpred_type%23ApplicationStart%7C;DV;1:HI
04-13 01:13:09.443  2059  2059 I Vlog    : PfxPrecog:PredictionResult:fgtracking=false;DV;1,key=success;DV;1,Counter=1.000000;CT;1,unit=null;DV;1,metadata=version%235510%7Crequester%23Chained+Predictor%7Cpred_type%23ApplicationStart%7C;DV;1:HI
04-13 01:13:09.444  2059  2059 I Vlog    : PfxPrecog:PredictionResult:fgtracking=false;DV;1,key=success;DV;1,Counter=1.000000;CT;1,unit=null;DV;1,metadata=version%235510%7Crequester%23Chained+Predictor%7Cpred_type%23ApplicationStart%7C;DV;1:HI
04-13 01:13:09.445  2059  2059 I Vlog    : PfxPrecog:PredictionResult:fgtracking=false;DV;1,key=success;DV;1,Counter=1.000000;CT;1,unit=null;DV;1,metadata=version%235510%7Crequester%23Chained+Predictor%7Cpred_type%23ApplicationStart%7C;DV;1:HI
04-13 01:13:09.445  2059  2059 I Vlog    : PfxPrecog:PredictionResult:fgtracking=false;DV;1,key=success;DV;1,Counter=1.000000;CT;1,unit=null;DV;1,metadata=version%235510%7Crequester%23Chained+Predictor%7Cpred_type%23ApplicationStart%7C;DV;1:HI
04-13 01:13:09.445  2059  2059 I Vlog    : PfxPrecog:PredictionResult:fgtracking=false;DV;1,key=success;DV;1,Counter=1.000000;CT;1,unit=null;DV;1,metadata=version%235510%7Crequester%23Chained+Predictor%7Cpred_type%23ApplicationStart%7C;DV;1:HI
04-13 01:13:09.447  2059  2059 I Vlog    : PfxPrecog:PredictionResult:fgtracking=false;DV;1,key=success;DV;1,Counter=1.000000;CT;1,unit=null;DV;1,metadata=version%235510%7Crequester%23Chained+Predictor%7Cpred_type%23ApplicationStart%7C;DV;1:HI
04-13 01:13:09.453 25616 25616 I F_C.Launcher: onStop
04-13 01:13:09.456  2059  2059 I Vlog    : PfxPrecog:PredictionResult:fgtracking=false;DV;1,key=success;DV;1,Counter=1.000000;CT;1,unit=null;DV;1,metadata=version%235510%7Crequester%23Chained+Predictor%7Cpred_type%23ApplicationStart%7C;DV;1:HI
04-13 01:13:09.457  2059  2059 I Vlog    : PfxPrecog:PredictionResult:fgtracking=false;DV;1,key=success;DV;1,Counter=1.000000;CT;1,unit=null;DV;1,metadata=version%235510%7Crequester%23Chained+Predictor%7Cpred_type%23ApplicationStart%7C;DV;1:HI
04-13 01:13:09.457  2059  2059 I Vlog    : PfxPrecog:PredictionResult:fgtracking=false;DV;1,key=success;DV;1,Counter=1.000000;CT;1,unit=null;DV;1,metadata=version%235510%7Crequester%23Chained+Predictor%7Cpred_type%23ApplicationStart%7C;DV;1:HI
04-13 01:13:09.460 25616 25616 I F_C.ImageMemoryManager: onTrimMemory: Level: 20, activeSources: ArraySet[ ImageSourceState(com.amazon.firelauncher.images.imagesource.AppsMainFolderImageSource@ec52027) ]
04-13 01:13:09.465  2059  2059 I Vlog    : PfxPrecog:PredictionResult:fgtracking=false;DV;1,key=success;DV;1,Counter=1.000000;CT;1,unit=null;DV;1,metadata=version%235510%7Crequester%23Chained+Predictor%7Cpred_type%23ApplicationStart%7C;DV;1:HI
04-13 01:13:09.465  2059  2059 I Vlog    : PfxPrecog:PredictionResult:fgtracking=false;DV;1,key=success;DV;1,Counter=1.000000;CT;1,unit=null;DV;1,metadata=version%235510%7Crequester%23Chained+Predictor%7Cpred_type%23ApplicationStart%7C;DV;1:HI
04-13 01:13:09.466  2059  2059 I Vlog    : PfxPrecog:PredictionResult:fgtracking=false;DV;1,key=success;DV;1,Counter=1.000000;CT;1,unit=null;DV;1,metadata=version%235510%7Crequester%23Chained+Predictor%7Cpred_type%23ApplicationStart%7C;DV;1:HI
04-13 01:13:09.466  2059  2059 I Vlog    : PfxPrecog:PredictionResult:fgtracking=false;DV;1,key=success;DV;1,Counter=1.000000;CT;1,unit=null;DV;1,metadata=version%235510%7Crequester%23Chained+Predictor%7Cpred_type%23ApplicationStart%7C;DV;1:HI
04-13 01:13:09.466  2059  2059 I Vlog    : PfxPrecog:PredictionResult:fgtracking=false;DV;1,key=success;DV;1,Counter=1.000000;CT;1,unit=null;DV;1,metadata=version%235510%7Crequester%23Chained+Predictor%7Cpred_type%23ApplicationStart%7C;DV;1:HI
04-13 01:13:09.467  2059  2059 I Vlog    : PfxPrecog:PredictionResult:fgtracking=false;DV;1,key=success;DV;1,Counter=1.000000;CT;1,unit=null;DV;1,metadata=version%235510%7Crequester%23Chained+Predictor%7Cpred_type%23ApplicationStart%7C;DV;1:HI
04-13 01:13:09.477  2059  2059 I Vlog    : PfxPrecog:PredictionResult:fgtracking=false;DV;1,key=success;DV;1,Counter=1.000000;CT;1,unit=null;DV;1,metadata=version%235510%7Crequester%23Chained+Predictor%7Cpred_type%23ApplicationStart%7C;DV;1:HI
04-13 01:13:09.480  2059  2059 I Vlog    : PfxPrecog:PredictionResult:fgtracking=false;DV;1,key=success;DV;1,Counter=1.000000;CT;1,unit=null;DV;1,metadata=version%235510%7Crequester%23Chained+Predictor%7Cpred_type%23ApplicationStart%7C;DV;1:HI
04-13 01:13:09.480  2059  2059 I Vlog    : PfxPrecog:PredictionResult:fgtracking=false;DV;1,key=success;DV;1,Counter=1.000000;CT;1,unit=null;DV;1,metadata=version%235510%7Crequester%23Chained+Predictor%7Cpred_type%23ApplicationStart%7C;DV;1:HI
04-13 01:13:09.480  2059  2059 I Vlog    : PfxPrecog:PredictionResult:fgtracking=false;DV;1,key=success;DV;1,Counter=1.000000;CT;1,unit=null;DV;1,metadata=version%235510%7Crequester%23Chained+Predictor%7Cpred_type%23ApplicationStart%7C;DV;1:HI
04-13 01:13:09.481  2059  2059 I Vlog    : PfxPrecog:PredictedTimeDelta:fgtracking=false;DV;1,key=delta;DV;1,Timer=338761.000000;TI;1,unit=null;DV;1,metadata=version%235510%7C;DV;1:HI
04-13 01:13:09.482  2059  2059 I Vlog    : PfxPrecog:PredictionResult:fgtracking=false;DV;1,key=failure;DV;1,Counter=1.000000;CT;1,unit=null;DV;1,metadata=version%235510%7Crequester%23Chained+Predictor+T%7Cpred_type%23TemporalApplicationStart%7C;DV;1:HI
04-13 01:13:09.482  2059  2059 I Vlog    : PfxPrecog:PredictedTimeDelta:fgtracking=false;DV;1,key=delta;DV;1,Timer=338761.000000;TI;1,unit=null;DV;1,metadata=version%235510%7C;DV;1:HI
04-13 01:13:09.482  2059  2059 I Vlog    : PfxPrecog:PredictionResult:fgtracking=false;DV;1,key=failure;DV;1,Counter=1.000000;CT;1,unit=null;DV;1,metadata=version%235510%7Crequester%23Chained+Predictor+T%7Cpred_type%23TemporalApplicationStart%7C;DV;1:HI
04-13 01:13:09.483  2059  2059 I Vlog    : PfxPrecog:PredictedTimeDelta:fgtracking=false;DV;1,key=delta;DV;1,Timer=338761.000000;TI;1,unit=null;DV;1,metadata=version%235510%7C;DV;1:HI
04-13 01:13:09.487  2059  2059 I Vlog    : PfxPrecog:PredictionResult:fgtracking=false;DV;1,key=failure;DV;1,Counter=1.000000;CT;1,unit=null;DV;1,metadata=version%235510%7Crequester%23Chained+Predictor+T%7Cpred_type%23TemporalApplicationStart%7C;DV;1:HI
04-13 01:13:09.487  2059  2059 I Vlog    : PfxPrecog:PredictedTimeDelta:fgtracking=false;DV;1,key=delta;DV;1,Timer=338761.000000;TI;1,unit=null;DV;1,metadata=version%235510%7C;DV;1:HI
04-13 01:13:09.488  2059  2059 I Vlog    : PfxPrecog:PredictionResult:fgtracking=false;DV;1,key=failure;DV;1,Counter=1.000000;CT;1,unit=null;DV;1,metadata=version%235510%7Crequester%23Chained+Predictor+T%7Cpred_type%23TemporalApplicationStart%7C;DV;1:HI
04-13 01:13:09.489  2059  2059 I Vlog    : PfxPrecog:PredictedTimeDelta:fgtracking=false;DV;1,key=delta;DV;1,Timer=338761.000000;TI;1,unit=null;DV;1,metadata=version%235510%7C;DV;1:HI
04-13 01:13:09.489  2059  2059 I Vlog    : PfxPrecog:PredictionResult:fgtracking=false;DV;1,key=failure;DV;1,Counter=1.000000;CT;1,unit=null;DV;1,metadata=version%235510%7Crequester%23Chained+Predictor+T%7Cpred_type%23TemporalApplicationStart%7C;DV;1:HI
04-13 01:13:09.489  2059  2059 I Vlog    : PfxPrecog:PredictedTimeDelta:fgtracking=false;DV;1,key=delta;DV;1,Timer=338761.000000;TI;1,unit=null;DV;1,metadata=version%235510%7C;DV;1:HI
04-13 01:13:09.490  2059  2059 I Vlog    : PfxPrecog:PredictionResult:fgtracking=false;DV;1,key=failure;DV;1,Counter=1.000000;CT;1,unit=null;DV;1,metadata=version%235510%7Crequester%23Chained+Predictor+T%7Cpred_type%23TemporalApplicationStart%7C;DV;1:HI
04-13 01:13:09.491  2059  2059 I Vlog    : PfxPrecog:PredictedTimeDelta:fgtracking=false;DV;1,key=delta;DV;1,Timer=338761.000000;TI;1,unit=null;DV;1,metadata=version%235510%7C;DV;1:HI
04-13 01:13:09.492  2059  2059 I Vlog    : PfxPrecog:PredictionResult:fgtracking=false;DV;1,key=failure;DV;1,Counter=1.000000;CT;1,unit=null;DV;1,metadata=version%235510%7Crequester%23Chained+Predictor+T%7Cpred_type%23TemporalApplicationStart%7C;DV;1:HI
04-13 01:13:09.493  2059  2059 I Vlog    : PfxPrecog:PredictedTimeDelta:fgtracking=false;DV;1,key=delta;DV;1,Timer=338761.000000;TI;1,unit=null;DV;1,metadata=version%235510%7C;DV;1:HI
04-13 01:13:09.494  2059  2059 I Vlog    : PfxPrecog:PredictionResult:fgtracking=false;DV;1,key=failure;DV;1,Counter=1.000000;CT;1,unit=null;DV;1,metadata=version%235510%7Crequester%23Chained+Predictor+T%7Cpred_type%23TemporalApplicationStart%7C;DV;1:HI
04-13 01:13:09.494  2059  2059 I Vlog    : PfxPrecog:PredictedTimeDelta:fgtracking=false;DV;1,key=delta;DV;1,Timer=338761.000000;TI;1,unit=null;DV;1,metadata=version%235510%7C;DV;1:HI
04-13 01:13:09.494  2059  2059 I Vlog    : PfxPrecog:PredictionResult:fgtracking=false;DV;1,key=failure;DV;1,Counter=1.000000;CT;1,unit=null;DV;1,metadata=version%235510%7Crequester%23Chained+Predictor+T%7Cpred_type%23TemporalApplicationStart%7C;DV;1:HI
04-13 01:13:09.494 27385 27385 E VendorContextExt: Failed to register system service "com.amazon.client.metrics.AndroidMetricsFactoryImpl". The class was not found for the provided classloader.
04-13 01:13:09.496  2059  2059 I Vlog    : PfxPrecog:PredictedTimeDelta:fgtracking=false;DV;1,key=delta;DV;1,Timer=338761.000000;TI;1,unit=null;DV;1,metadata=version%235510%7C;DV;1:HI
04-13 01:13:09.497  2059  2059 I Vlog    : PfxPrecog:PredictionResult:fgtracking=false;DV;1,key=failure;DV;1,Counter=1.000000;CT;1,unit=null;DV;1,metadata=version%235510%7Crequester%23Chained+Predictor+T%7Cpred_type%23TemporalApplicationStart%7C;DV;1:HI
04-13 01:13:09.498  2059  2059 I Vlog    : PfxPrecog:PredictedTimeDelta:fgtracking=false;DV;1,key=delta;DV;1,Timer=338761.000000;TI;1,unit=null;DV;1,metadata=version%235510%7C;DV;1:HI
04-13 01:13:09.498  2059  2059 I Vlog    : PfxPrecog:PredictionResult:fgtracking=false;DV;1,key=failure;DV;1,Counter=1.000000;CT;1,unit=null;DV;1,metadata=version%235510%7Crequester%23Chained+Predictor+T%7Cpred_type%23TemporalApplicationStart%7C;DV;1:HI
04-13 01:13:09.498  2059  2059 I Vlog    : PfxPrecog:PredictedTimeDelta:fgtracking=false;DV;1,key=delta;DV;1,Timer=338761.000000;TI;1,unit=null;DV;1,metadata=version%235510%7C;DV;1:HI
04-13 01:13:09.499 27385 27385 D ProfileManager: Create ProfileManager instance
04-13 01:13:09.500  2059  2059 I Vlog    : PfxPrecog:PredictionResult:fgtracking=false;DV;1,key=failure;DV;1,Counter=1.000000;CT;1,unit=null;DV;1,metadata=version%235510%7Crequester%23Chained+Predictor+T%7Cpred_type%23TemporalApplicationStart%7C;DV;1:HI
04-13 01:13:09.500  2059  2059 I Vlog    : PfxPrecog:PredictedTimeDelta:fgtracking=false;DV;1,key=delta;DV;1,Timer=338761.000000;TI;1,unit=null;DV;1,metadata=version%235510%7C;DV;1:HI
04-13 01:13:09.502  2059  2059 I Vlog    : PfxPrecog:PredictionResult:fgtracking=false;DV;1,key=failure;DV;1,Counter=1.000000;CT;1,unit=null;DV;1,metadata=version%235510%7Crequester%23Chained+Predictor+T%7Cpred_type%23TemporalApplicationStart%7C;DV;1:HI
04-13 01:13:09.503  2059  2059 I Vlog    : PfxPrecog:PredictedTimeDelta:fgtracking=false;DV;1,key=delta;DV;1,Timer=338761.000000;TI;1,unit=null;DV;1,metadata=version%235510%7C;DV;1:HI
04-13 01:13:09.503  2059  2059 I Vlog    : PfxPrecog:PredictionResult:fgtracking=false;DV;1,key=failure;DV;1,Counter=1.000000;CT;1,unit=null;DV;1,metadata=version%235510%7Crequester%23Chained+Predictor+T%7Cpred_type%23TemporalApplicationStart%7C;DV;1:HI
04-13 01:13:09.503  2059  2059 I Vlog    : PfxPrecog:PredictedTimeDelta:fgtracking=false;DV;1,key=delta;DV;1,Timer=338761.000000;TI;1,unit=null;DV;1,metadata=version%235510%7C;DV;1:HI
04-13 01:13:09.505  2059  2059 I Vlog    : PfxPrecog:PredictionResult:fgtracking=false;DV;1,key=failure;DV;1,Counter=1.000000;CT;1,unit=null;DV;1,metadata=version%235510%7Crequester%23Chained+Predictor+T%7Cpred_type%23TemporalApplicationStart%7C;DV;1:HI
04-13 01:13:09.507  2059  2059 I Vlog    : PfxPrecog:PredictedTimeDelta:fgtracking=false;DV;1,key=delta;DV;1,Timer=338761.000000;TI;1,unit=null;DV;1,metadata=version%235510%7C;DV;1:HI
04-13 01:13:09.507  2059  2059 I Vlog    : PfxPrecog:PredictionResult:fgtracking=false;DV;1,key=failure;DV;1,Counter=1.000000;CT;1,unit=null;DV;1,metadata=version%235510%7Crequester%23Chained+Predictor+T%7Cpred_type%23TemporalApplicationStart%7C;DV;1:HI
04-13 01:13:09.508  2059  2059 I Vlog    : PfxPrecog:PredictedTimeDelta:fgtracking=false;DV;1,key=delta;DV;1,Timer=338761.000000;TI;1,unit=null;DV;1,metadata=version%235510%7C;DV;1:HI
04-13 01:13:09.510  2059  2059 I Vlog    : PfxPrecog:PredictionResult:fgtracking=false;DV;1,key=failure;DV;1,Counter=1.000000;CT;1,unit=null;DV;1,metadata=version%235510%7Crequester%23Chained+Predictor+T%7Cpred_type%23TemporalApplicationStart%7C;DV;1:HI
04-13 01:13:09.510  2059  2059 I Vlog    : PfxPrecog:PredictedTimeDelta:fgtracking=false;DV;1,key=delta;DV;1,Timer=338761.000000;TI;1,unit=null;DV;1,metadata=version%235510%7C;DV;1:HI
04-13 01:13:09.513 27385 27385 I FrameworkJumpTable: Successfully loaded all classes
04-13 01:13:09.514  2059  2059 I Vlog    : PfxPrecog:PredictionResult:fgtracking=false;DV;1,key=failure;DV;1,Counter=1.000000;CT;1,unit=null;DV;1,metadata=version%235510%7Crequester%23Chained+Predictor+T%7Cpred_type%23TemporalApplicationStart%7C;DV;1:HI
04-13 01:13:09.515  2059  2059 I Vlog    : PfxPrecog:PredictedTimeDelta:fgtracking=false;DV;1,key=delta;DV;1,Timer=338761.000000;TI;1,unit=null;DV;1,metadata=version%235510%7C;DV;1:HI
04-13 01:13:09.515  2059  2059 I Vlog    : PfxPrecog:PredictionResult:fgtracking=false;DV;1,key=failure;DV;1,Counter=1.000000;CT;1,unit=null;DV;1,metadata=version%235510%7Crequester%23Chained+Predictor+T%7Cpred_type%23TemporalApplicationStart%7C;DV;1:HI
04-13 01:13:09.516  2059  2059 I Vlog    : PfxPrecog:PredictedTimeDelta:fgtracking=false;DV;1,key=delta;DV;1,Timer=338761.000000;TI;1,unit=null;DV;1,metadata=version%235510%7C;DV;1:HI
04-13 01:13:09.516  2059  2059 I Vlog    : PfxPrecog:PredictionResult:fgtracking=false;DV;1,key=failure;DV;1,Counter=1.000000;CT;1,unit=null;DV;1,metadata=version%235510%7Crequester%23Chained+Predictor+T%7Cpred_type%23TemporalApplicationStart%7C;DV;1:HI
04-13 01:13:09.522  2059  2059 I Vlog    : PfxPrecog:PredictedTimeDelta:fgtracking=false;DV;1,key=delta;DV;1,Timer=338761.000000;TI;1,unit=null;DV;1,metadata=version%235510%7C;DV;1:HI
04-13 01:13:09.523  2059  2059 I Vlog    : PfxPrecog:PredictionResult:fgtracking=false;DV;1,key=failure;DV;1,Counter=1.000000;CT;1,unit=null;DV;1,metadata=version%235510%7Crequester%23Chained+Predictor+T%7Cpred_type%23TemporalApplicationStart%7C;DV;1:HI
04-13 01:13:09.523 27385 27385 I FrameworkJumpTable: Successfully loaded all methods
04-13 01:13:09.523  2059  2059 I Vlog    : PfxPrecog:PredictedTimeDelta:fgtracking=false;DV;1,key=delta;DV;1,Timer=338761.000000;TI;1,unit=null;DV;1,metadata=version%235510%7C;DV;1:HI
04-13 01:13:09.523  2059  2059 I Vlog    : PfxPrecog:PredictionResult:fgtracking=false;DV;1,key=failure;DV;1,Counter=1.000000;CT;1,unit=null;DV;1,metadata=version%235510%7Crequester%23Chained+Predictor+T%7Cpred_type%23TemporalApplicationStart%7C;DV;1:HI
04-13 01:13:09.523 27385 27385 I FrameworkJumpTable: Successfully loaded all fields
04-13 01:13:09.524  2059  2059 I Vlog    : PfxPrecog:PredictedTimeDelta:fgtracking=false;DV;1,key=delta;DV;1,Timer=338761.000000;TI;1,unit=null;DV;1,metadata=version%235510%7C;DV;1:HI
04-13 01:13:09.524  2059  2059 I Vlog    : PfxPrecog:PredictionResult:fgtracking=false;DV;1,key=failure;DV;1,Counter=1.000000;CT;1,unit=null;DV;1,metadata=version%235510%7Crequester%23Chained+Predictor+T%7Cpred_type%23TemporalApplicationStart%7C;DV;1:HI
04-13 01:13:09.524  2059  2059 I Vlog    : PfxPrecog:PredictedTimeDelta:fgtracking=false;DV;1,key=delta;DV;1,Timer=338761.000000;TI;1,unit=null;DV;1,metadata=version%235510%7C;DV;1:HI
04-13 01:13:09.525  2059  2059 I Vlog    : PfxPrecog:PredictionResult:fgtracking=false;DV;1,key=failure;DV;1,Counter=1.000000;CT;1,unit=null;DV;1,metadata=version%235510%7Crequester%23Chained+Predictor+T%7Cpred_type%23TemporalApplicationStart%7C;DV;1:HI
04-13 01:13:09.525  2059  2059 I Vlog    : PfxPrecog:PredictedTimeDelta:fgtracking=false;DV;1,key=delta;DV;1,Timer=338761.000000;TI;1,unit=null;DV;1,metadata=version%235510%7C;DV;1:HI
04-13 01:13:09.525  2059  2059 I Vlog    : PfxPrecog:PredictionResult:fgtracking=false;DV;1,key=failure;DV;1,Counter=1.000000;CT;1,unit=null;DV;1,metadata=version%235510%7Crequester%23Chained+Predictor+T%7Cpred_type%23TemporalApplicationStart%7C;DV;1:HI
04-13 01:13:09.526  2059  2059 I Vlog    : PfxPrecog:PredictedTimeDelta:fgtracking=false;DV;1,key=delta;DV;1,Timer=338761.000000;TI;1,unit=null;DV;1,metadata=version%235510%7C;DV;1:HI
04-13 01:13:09.526  2059  2059 I Vlog    : PfxPrecog:PredictionResult:fgtracking=false;DV;1,key=failure;DV;1,Counter=1.000000;CT;1,unit=null;DV;1,metadata=version%235510%7Crequester%23Chained+Predictor+T%7Cpred_type%23TemporalApplicationStart%7C;DV;1:HI
04-13 01:13:09.526  2059  2059 I Vlog    : PfxPrecog:PredictedTimeDelta:fgtracking=false;DV;1,key=delta;DV;1,Timer=338761.000000;TI;1,unit=null;DV;1,metadata=version%235510%7C;DV;1:HI
04-13 01:13:09.526  2059  2059 I Vlog    : PfxPrecog:PredictionResult:fgtracking=false;DV;1,key=failure;DV;1,Counter=1.000000;CT;1,unit=null;DV;1,metadata=version%235510%7Crequester%23Chained+Predictor+T%7Cpred_type%23TemporalApplicationStart%7C;DV;1:HI
04-13 01:13:09.527  2059  2059 I Vlog    : PfxPrecog:PredictedTimeDelta:fgtracking=false;DV;1,key=delta;DV;1,Timer=338761.000000;TI;1,unit=null;DV;1,metadata=version%235510%7C;DV;1:HI
04-13 01:13:09.527  2059  2059 I Vlog    : PfxPrecog:PredictionResult:fgtracking=false;DV;1,key=failure;DV;1,Counter=1.000000;CT;1,unit=null;DV;1,metadata=version%235510%7Crequester%23Chained+Predictor+T%7Cpred_type%23TemporalApplicationStart%7C;DV;1:HI
04-13 01:13:09.527  2059  2059 I Vlog    : PfxPrecog:PredictedTimeDelta:fgtracking=false;DV;1,key=delta;DV;1,Timer=338761.000000;TI;1,unit=null;DV;1,metadata=version%235510%7C;DV;1:HI
04-13 01:13:09.528  2059  2059 I Vlog    : PfxPrecog:PredictionResult:fgtracking=false;DV;1,key=failure;DV;1,Counter=1.000000;CT;1,unit=null;DV;1,metadata=version%235510%7Crequester%23Chained+Predictor+T%7Cpred_type%23TemporalApplicationStart%7C;DV;1:HI
04-13 01:13:09.528  2059  2059 I Vlog    : PfxPrecog:PredictedTimeDelta:fgtracking=false;DV;1,key=delta;DV;1,Timer=338761.000000;TI;1,unit=null;DV;1,metadata=version%235510%7C;DV;1:HI
04-13 01:13:09.528  2059  2059 I Vlog    : PfxPrecog:PredictionResult:fgtracking=false;DV;1,key=failure;DV;1,Counter=1.000000;CT;1,unit=null;DV;1,metadata=version%235510%7Crequester%23Chained+Predictor+T%7Cpred_type%23TemporalApplicationStart%7C;DV;1:HI
04-13 01:13:09.528  2059  2059 I Vlog    : PfxPrecog:PredictedTimeDelta:fgtracking=false;DV;1,key=delta;DV;1,Timer=338761.000000;TI;1,unit=null;DV;1,metadata=version%235510%7C;DV;1:HI
04-13 01:13:09.529  2059  2059 I Vlog    : PfxPrecog:PredictionResult:fgtracking=false;DV;1,key=failure;DV;1,Counter=1.000000;CT;1,unit=null;DV;1,metadata=version%235510%7Crequester%23Chained+Predictor+T%7Cpred_type%23TemporalApplicationStart%7C;DV;1:HI
04-13 01:13:09.529  2059  2059 I Vlog    : PfxPrecog:PredictedTimeDelta:fgtracking=false;DV;1,key=delta;DV;1,Timer=338761.000000;TI;1,unit=null;DV;1,metadata=version%235510%7C;DV;1:HI
04-13 01:13:09.530  2059  2059 I Vlog    : PfxPrecog:PredictionResult:fgtracking=false;DV;1,key=failure;DV;1,Counter=1.000000;CT;1,unit=null;DV;1,metadata=version%235510%7Crequester%23Chained+Predictor+T%7Cpred_type%23TemporalApplicationStart%7C;DV;1:HI
04-13 01:13:09.531  2059  2059 I Vlog    : PfxPrecog:PredictedTimeDelta:fgtracking=false;DV;1,key=delta;DV;1,Timer=338761.000000;TI;1,unit=null;DV;1,metadata=version%235510%7C;DV;1:HI
04-13 01:13:09.531  2059  2059 I Vlog    : PfxPrecog:PredictionResult:fgtracking=false;DV;1,key=failure;DV;1,Counter=1.000000;CT;1,unit=null;DV;1,metadata=version%235510%7Crequester%23Chained+Predictor+T%7Cpred_type%23TemporalApplicationStart%7C;DV;1:HI
04-13 01:13:09.532  2059  2059 I Vlog    : PfxPrecog:PredictedTimeDelta:fgtracking=false;DV;1,key=delta;DV;1,Timer=338761.000000;TI;1,unit=null;DV;1,metadata=version%235510%7C;DV;1:HI
04-13 01:13:09.532  2059  2059 I Vlog    : PfxPrecog:PredictionResult:fgtracking=false;DV;1,key=failure;DV;1,Counter=1.000000;CT;1,unit=null;DV;1,metadata=version%235510%7Crequester%23Chained+Predictor+T%7Cpred_type%23TemporalApplicationStart%7C;DV;1:HI
04-13 01:13:09.555   917  2175 I AmazonStorageUtil: Secondary Storage not mounted. Do not create directory at:/storage/sdcard1/Android/obb/com.example.sonicdash_stage1
04-13 01:13:09.556 27385 27385 W ContextImpl: Failed to ensure directory: /storage/sdcard1/Android/obb/com.example.sonicdash_stage1
04-13 01:13:09.558   917  1762 I AmazonStorageUtil: Secondary Storage not mounted. Do not create directory at:/storage/sdcard1/Android/data/com.example.sonicdash_stage1/files
04-13 01:13:09.559 27385 27385 W ContextImpl: Failed to ensure directory: /storage/sdcard1/Android/data/com.example.sonicdash_stage1/files
04-13 01:13:09.540 27372 27372 I Kernel  : [47228.217914].(3)[27372:main]name:dev/ashmem/dalvik-main space unmap vm_start b1f10000  end: b1f11000
04-13 01:13:09.540 27372 27372 I Kernel  : [47228.218223].(3)[27372:main]name:dev/ashmem/dalvik-main space unmap vm_start 12c00000  end: 12e01000
04-13 01:13:09.540 27372 27372 I Kernel  : [47228.219513].(3)[27372:main]name:dev/ashmem/dalvik-main space unmap vm_start 22c00000  end: 22c01000
04-13 01:13:09.561 27385 27385 V threaded_app: Creating: 0xb9199de0
04-13 01:13:09.561 27385 27403 V threaded_app: Config: mcc=0 mnc=0 lang=en cnt=US orien=1 touch=3 dens=160 keys=1 nav=1 keysHid=3 navHid=0 sdk=22 size=3 long=1 modetype=1 modenight=1
04-13 01:13:09.562 27385 27403 I native-activity: Starting android_main
04-13 01:13:09.562 27385 27403 I native-activity:   Activity 0xb9199de0
04-13 01:13:09.562 27385 27403 I native-activity:   VM 0xb8e8a818
04-13 01:13:09.562 27385 27403 I native-activity:   JNIEnv 0xb8e8b000
04-13 01:13:09.562 27385 27403 D native-activity: Changing permissions for the internal storage at /data/data/com.example.sonicdash_stage1/files
04-13 01:13:09.562 27385 27403 I native-activity: Attaching entry point thread to JNIEnv
04-13 01:13:09.563 27385 27403 I native-activity: Loading activity configuration
04-13 01:13:09.564 27385 27403 V native-activity: get_boolean_extra for *env 0xb51bcd60 intent 0x100005 extra_name egl_swap_preserve_bit
04-13 01:13:09.564 27385 27403 V native-activity: get_boolean_extra for *env 0xb51bcd60 intent 0x100005 extra_name egl_window_bit
04-13 01:13:09.564 27385 27403 V native-activity: get_boolean_extra for *env 0xb51bcd60 intent 0x100005 extra_name egl_pbuffer_bit
04-13 01:13:09.565 27385 27403 V native-activity: get_boolean_extra for *env 0xb51bcd60 intent 0x100005 extra_name gl_enable_dither
04-13 01:13:09.565 27385 27403 V native-activity: get_boolean_extra for *env 0xb51bcd60 intent 0x100005 extra_name gl_disable_dither
04-13 01:13:09.565 27385 27403 V native-activity: get_boolean_extra for *env 0xb51bcd60 intent 0x100005 extra_name gl_log_context
04-13 01:13:09.565 27385 27403 V native-activity: get_boolean_extra for *env 0xb51bcd60 intent 0x100005 extra_name stop_motion
04-13 01:13:09.565 27385 27403 V native-activity: get_boolean_extra for *env 0xb51bcd60 intent 0x100005 extra_name capture_compressed
04-13 01:13:09.565 27385 27403 I native-activity: EGL configuration
04-13 01:13:09.565 27385 27403 I native-activity: 	egl_swap_preserve_bit: 0
04-13 01:13:09.565 27385 27403 I native-activity: 	egl_window_bit: 1
04-13 01:13:09.565 27385 27403 I native-activity: 	egl_pbuffer_bit: 0
04-13 01:13:09.565 27385 27403 I native-activity: 	egl_width: 720
04-13 01:13:09.565 27385 27403 I native-activity: 	egl_height: 1280
04-13 01:13:09.565 27385 27403 I native-activity: 	egl_red_size: 8
04-13 01:13:09.565 27385 27385 V threaded_app: Start: 0xb9199de0
04-13 01:13:09.565 27385 27403 I native-activity: 	egl_green_size: 8
04-13 01:13:09.565 27385 27403 I native-activity: 	egl_blue_size: 8
04-13 01:13:09.565 27385 27403 I native-activity: 	egl_alpha_size: 8
04-13 01:13:09.565 27385 27403 I native-activity: 	egl_depth_size: 16
04-13 01:13:09.565 27385 27403 I native-activity: 	egl_stencil_size: -1
04-13 01:13:09.565 27385 27403 I native-activity: 	egl_swapbuffers_sync: 0
04-13 01:13:09.565 27385 27403 I native-activity: GL configuration
04-13 01:13:09.565 27385 27403 I native-activity: 	gl_enable_dither: 0
04-13 01:13:09.565 27385 27403 I native-activity: 	gl_disable_dither: 0
04-13 01:13:09.565 27385 27403 I native-activity: 	gl_get_error: 1
04-13 01:13:09.565 27385 27403 I native-activity: 	gl_log_context: 1
04-13 01:13:09.565 27385 27403 I native-activity: Runtime configuration
04-13 01:13:09.565 27385 27403 I native-activity: 	draw_limit:        0
04-13 01:13:09.565 27385 27403 I native-activity: 	frame_limit:       0
04-13 01:13:09.565 27385 27403 I native-activity: 	stop_motion:       0
04-13 01:13:09.565 27385 27403 I native-activity: 	capture_frequency: 0
04-13 01:13:09.565 27385 27403 I native-activity: 	capture_compressed: 1
04-13 01:13:09.568 27385 27403 V threaded_app: activityState=10
04-13 01:13:09.568 27385 27385 V threaded_app: Resume: 0xb9199de0
04-13 01:13:09.568 27385 27403 V threaded_app: activityState=11
04-13 01:13:09.571  2059  2059 I Vlog    : PfxPrecog:WarmvCold:fgtracking=false;DV;1,key=cold;DV;1,Counter=1.000000;CT;1,unit=null;DV;1,metadata=version%235510%7Cmode%23active%7Cpkg%23com.example.sonicdash_stage1%7C;DV;1:HI
04-13 01:13:09.571  2059  2059 I Vlog    : PfxPrecog:AppTransition:fgtracking=false;DV;1,key=AppTransition;DV;1,Counter=1.000000;CT;1,unit=null;DV;1,metadata=version%235510%7Cprevious_package%23com.amazon.firelauncher%7Cnew_package%23com.example.sonicdash_stage1%7C;DV;1:HI
04-13 01:13:09.574   917   933 W AmazonActivityManagerService: packageLifetimeHint: amazon.internal.SystemJumpTable$ProcessRecord@13714001 is active, cannot move
04-13 01:13:09.574  2059  2059 W Precog  : PackagePrewarmActor: Call to packageLifetimeHint failed, res = -1
04-13 01:13:09.575  2059  2059 I Vlog    : PfxPrecog:LruHint:fgtracking=false;DV;1,key=confidence;DV;1,Counter=1.000000;CT;1,unit=null;DV;1,metadata=version%235510%7Cpkg%23com.amazon.firelauncher%7C;DV;1:HI
04-13 01:13:09.575  2059  2059 I Vlog    : PfxPrecog:LruHint:fgtracking=false;DV;1,key=failure;DV;1,Counter=1.000000;CT;1,unit=null;DV;1,metadata=version%235510%7Cpkg%23com.amazon.firelauncher%7C;DV;1:HI
04-13 01:13:09.580   917  2114 V WindowManager: Adding window Window{3071f0e7 u0 com.example.sonicdash_stage1/android.app.NativeActivity} at 2 of 9 (before Window{17740c9 u0 Starting com.example.sonicdash_stage1})
04-13 01:13:09.582 27385 27385 V threaded_app: InputQueueCreated: 0xb9199de0 -- 0xb91a2288
04-13 01:13:09.582 27385 27403 V threaded_app: APP_CMD_INPUT_CHANGED
04-13 01:13:09.582 27385 27403 V threaded_app: Attaching input queue to looper
04-13 01:13:09.601 27385 27385 V threaded_app: NativeWindowCreated: 0xb9199de0 -- 0xb91a3178
04-13 01:13:09.602 27385 27403 V threaded_app: APP_CMD_INIT_WINDOW
04-13 01:13:09.604 27385 27385 V threaded_app: WindowFocusChanged: 0xb9199de0 -- 1
04-13 01:13:09.605 27385 27403 I HAL     : loaded HAL id=gralloc path=/system/lib/hw/gralloc.mt8127.so hmi=0x0 handle=0xadc9f694
04-13 01:13:09.605 27385 27403 I native-activity: EGL information on display 0x1
04-13 01:13:09.605 27385 27403 I native-activity: 		EGL_VENDOR: Android
04-13 01:13:09.605 27385 27403 I native-activity: 		EGL_VERSION: 1.4 Android META-EGL
04-13 01:13:09.605 27385 27403 I native-activity: 		EGL_CLIENT_APIS: OpenGL_ES
04-13 01:13:09.605 27385 27403 I native-activity: 		EGL_EXTENSIONS: EGL_KHR_get_all_proc_addresses EGL_ANDROID_presentation_time EGL_KHR_image EGL_KHR_image_base EGL_KHR_image_pixmap EGL_KHR_gl_texture_2D_image EGL_KHR_gl_texture_cubemap_image EGL_KHR_gl_renderbuffer_image EGL_KHR_fence_sync EGL_EXT_create_context_robustness EGL_ANDROID_image_native_buffer EGL_ANDROID_recordable 
04-13 01:13:09.605 27385 27403 D native-activity: EGL configurations 23
04-13 01:13:09.605 27385 27403 D native-activity: 	Config 0x60000001 index 0
04-13 01:13:09.605 27385 27403 V native-activity: 		EGL_CONFIG_ID: 5
04-13 01:13:09.605 27385 27403 V native-activity: 		EGL_CONFORMANT: 5 EGL_OPENGL_ES_BIT, EGL_OPENGL_ES2_BIT,
04-13 01:13:09.605 27385 27403 V native-activity: 		EGL_CONFIG_CAVEAT: 12344 EGL_NONE,
04-13 01:13:09.605 27385 27403 V native-activity: 		EGL_RENDERABLE_TYPE: 5 EGL_OPENGL_ES_BIT, EGL_OPENGL_ES2_BIT,
04-13 01:13:09.605 27385 27403 V native-activity: 		EGL_SURFACE_TYPE: 1031 EGL_PBUFFER_BIT, EGL_PIXMAP_BIT, EGL_SWAP_BEHAVIOR_PRESERVED_BIT, EGL_WINDOW_BIT,
04-13 01:13:09.606 27385 27403 V native-activity: 		EGL_LEVEL: 0
04-13 01:13:09.606 27385 27403 V native-activity: 		EGL_COLOR_BUFFER_TYPE: 12430 EGL_RGB_BUFFER,
04-13 01:13:09.606 27385 27403 V native-activity: 		EGL_BUFFER_SIZE: 16
04-13 01:13:09.606 27385 27403 V native-activity: 		EGL_SAMPLES: 0
04-13 01:13:09.606 27385 27403 V native-activity: 		EGL_SAMPLE_BUFFERS: 0
04-13 01:13:09.606 27385 27403 V native-activity: 		EGL_RED_SIZE: 5
04-13 01:13:09.606 27385 27403 V native-activity: 		EGL_GREEN_SIZE: 6
04-13 01:13:09.606 27385 27403 V native-activity: 		EGL_BLUE_SIZE: 5
04-13 01:13:09.606 27385 27403 V native-activity: 		EGL_ALPHA_SIZE: 0
04-13 01:13:09.606 27385 27403 V native-activity: 		EGL_ALPHA_MASK_SIZE: 0
04-13 01:13:09.606 27385 27403 V native-activity: 		EGL_LUMINANCE_SIZE: 0
04-13 01:13:09.606 27385 27403 V native-activity: 		EGL_TRANSPARENT_TYPE: 12344 EGL_NONE,
04-13 01:13:09.606 27385 27403 V native-activity: 		EGL_TRANSPARENT_RED_VALUE: -1
04-13 01:13:09.606 27385 27403 V native-activity: 		EGL_TRANSPARENT_GREEN_VALUE: -1
04-13 01:13:09.606 27385 27403 V native-activity: 		EGL_TRANSPARENT_BLUE_VALUE: -1
04-13 01:13:09.606 27385 27403 V native-activity: 		EGL_STENCIL_SIZE: 8
04-13 01:13:09.606 27385 27403 V native-activity: 		EGL_DEPTH_SIZE: 24
04-13 01:13:09.606 27385 27403 V native-activity: 		EGL_BIND_TO_TEXTURE_RGB: 1
04-13 01:13:09.606 27385 27403 V native-activity: 		EGL_BIND_TO_TEXTURE_RGBA: 0
04-13 01:13:09.606 27385 27403 V native-activity: 		EGL_MIN_SWAP_INTERVAL: 0
04-13 01:13:09.606 27385 27403 V native-activity: 		EGL_MAX_SWAP_INTERVAL: 10
04-13 01:13:09.606 27385 27403 V native-activity: 		EGL_MAX_PBUFFER_WIDTH: 4096
04-13 01:13:09.606 27385 27403 V native-activity: 		EGL_MAX_PBUFFER_HEIGHT: 4096
04-13 01:13:09.606 27385 27403 D native-activity: 	Config 0x60000002 index 1
04-13 01:13:09.590 27385 27403 I Kernel  : [47228.264447]Mali<2>:
04-13 01:13:09.590 27385 27403 I Kernel  : Session started
04-13 01:13:09.600 27408 27408 I Kernel  : [47228.271749].(1)[27408:sh]audit avc scontext:u:r:shell:s0
04-13 01:13:09.600 27408 27408 W sh      : type=1400 audit(0.0:5273): avc: denied { module_request } for kmod="personality-8" scontext=u:r:shell:s0 tcontext=u:r:kernel:s0 tclass=system permissive=0
04-13 01:13:09.606 27385 27403 V native-activity: 		EGL_CONFIG_ID: 3
04-13 01:13:09.606 27385 27403 V native-activity: 		EGL_CONFORMANT: 5 EGL_OPENGL_ES_BIT, EGL_OPENGL_ES2_BIT,
04-13 01:13:09.606 27385 27403 V native-activity: 		EGL_CONFIG_CAVEAT: 12344 EGL_NONE,
04-13 01:13:09.606 27385 27403 V native-activity: 		EGL_RENDERABLE_TYPE: 5 EGL_OPENGL_ES_BIT, EGL_OPENGL_ES2_BIT,
04-13 01:13:09.606 27385 27403 V native-activity: 		EGL_SURFACE_TYPE: 1543 EGL_MULTISAMPLE_RESOLVE_BOX_BIT, EGL_PBUFFER_BIT, EGL_PIXMAP_BIT, EGL_SWAP_BEHAVIOR_PRESERVED_BIT, EGL_WINDOW_BIT,
04-13 01:13:09.606 27385 27403 V native-activity: 		EGL_LEVEL: 0
04-13 01:13:09.606 27385 27403 V native-activity: 		EGL_COLOR_BUFFER_TYPE: 12430 EGL_RGB_BUFFER,
04-13 01:13:09.606 27385 27403 V native-activity: 		EGL_BUFFER_SIZE: 16
04-13 01:13:09.606 27385 27403 V native-activity: 		EGL_SAMPLES: 4
04-13 01:13:09.606 27385 27403 V native-activity: 		EGL_SAMPLE_BUFFERS: 1
04-13 01:13:09.606 27385 27403 V native-activity: 		EGL_RED_SIZE: 5
04-13 01:13:09.606 27385 27403 V native-activity: 		EGL_GREEN_SIZE: 6
04-13 01:13:09.606 27385 27403 V native-activity: 		EGL_BLUE_SIZE: 5
04-13 01:13:09.606 27385 27403 V native-activity: 		EGL_ALPHA_SIZE: 0
04-13 01:13:09.606 27385 27403 V native-activity: 		EGL_ALPHA_MASK_SIZE: 0
04-13 01:13:09.606 27385 27403 V native-activity: 		EGL_LUMINANCE_SIZE: 0
04-13 01:13:09.606 27385 27403 V native-activity: 		EGL_TRANSPARENT_TYPE: 12344 EGL_NONE,
04-13 01:13:09.606 27385 27403 V native-activity: 		EGL_TRANSPARENT_RED_VALUE: -1
04-13 01:13:09.606 27385 27403 V native-activity: 		EGL_TRANSPARENT_GREEN_VALUE: -1
04-13 01:13:09.606 27385 27403 V native-activity: 		EGL_TRANSPARENT_BLUE_VALUE: -1
04-13 01:13:09.606 27385 27403 V native-activity: 		EGL_STENCIL_SIZE: 8
04-13 01:13:09.606 27385 27403 V native-activity: 		EGL_DEPTH_SIZE: 24
04-13 01:13:09.606 27385 27403 V native-activity: 		EGL_BIND_TO_TEXTURE_RGB: 1
04-13 01:13:09.607 27385 27403 V native-activity: 		EGL_BIND_TO_TEXTURE_RGBA: 0
04-13 01:13:09.607 27385 27403 V native-activity: 		EGL_MIN_SWAP_INTERVAL: 0
04-13 01:13:09.607 27385 27403 V native-activity: 		EGL_MAX_SWAP_INTERVAL: 10
04-13 01:13:09.607 27385 27403 V native-activity: 		EGL_MAX_PBUFFER_WIDTH: 4096
04-13 01:13:09.607 27385 27403 V native-activity: 		EGL_MAX_PBUFFER_HEIGHT: 4096
04-13 01:13:09.607 27385 27403 D native-activity: 	Config 0x60000003 index 2
04-13 01:13:09.607 27385 27403 V native-activity: 		EGL_CONFIG_ID: 4
04-13 01:13:09.607 27385 27403 V native-activity: 		EGL_CONFORMANT: 0
04-13 01:13:09.607 27385 27403 V native-activity: 		EGL_CONFIG_CAVEAT: 12369 EGL_NON_CONFORMANT_CONFIG,
04-13 01:13:09.607 27385 27403 V native-activity: 		EGL_RENDERABLE_TYPE: 5 EGL_OPENGL_ES_BIT, EGL_OPENGL_ES2_BIT,
04-13 01:13:09.607 27385 27403 V native-activity: 		EGL_SURFACE_TYPE: 1543 EGL_MULTISAMPLE_RESOLVE_BOX_BIT, EGL_PBUFFER_BIT, EGL_PIXMAP_BIT, EGL_SWAP_BEHAVIOR_PRESERVED_BIT, EGL_WINDOW_BIT,
04-13 01:13:09.607 27385 27403 V native-activity: 		EGL_LEVEL: 0
04-13 01:13:09.607 27385 27403 V native-activity: 		EGL_COLOR_BUFFER_TYPE: 12430 EGL_RGB_BUFFER,
04-13 01:13:09.607 27385 27403 V native-activity: 		EGL_BUFFER_SIZE: 16
04-13 01:13:09.607 27385 27403 V native-activity: 		EGL_SAMPLES: 16
04-13 01:13:09.607 27385 27403 V native-activity: 		EGL_SAMPLE_BUFFERS: 1
04-13 01:13:09.607 27385 27403 V native-activity: 		EGL_RED_SIZE: 5
04-13 01:13:09.607 27385 27403 V native-activity: 		EGL_GREEN_SIZE: 6
04-13 01:13:09.607 27385 27403 V native-activity: 		EGL_BLUE_SIZE: 5
04-13 01:13:09.607 27385 27403 V native-activity: 		EGL_ALPHA_SIZE: 0
04-13 01:13:09.607 27385 27403 V native-activity: 		EGL_ALPHA_MASK_SIZE: 0
04-13 01:13:09.607 27385 27403 V native-activity: 		EGL_LUMINANCE_SIZE: 0
04-13 01:13:09.607 27385 27403 V native-activity: 		EGL_TRANSPARENT_TYPE: 12344 EGL_NONE,
04-13 01:13:09.607 27385 27403 V native-activity: 		EGL_TRANSPARENT_RED_VALUE: -1
04-13 01:13:09.607 27385 27403 V native-activity: 		EGL_TRANSPARENT_GREEN_VALUE: -1
04-13 01:13:09.607 27385 27403 V native-activity: 		EGL_TRANSPARENT_BLUE_VALUE: -1
04-13 01:13:09.607 27385 27403 V native-activity: 		EGL_STENCIL_SIZE: 8
04-13 01:13:09.607 27385 27403 V native-activity: 		EGL_DEPTH_SIZE: 24
04-13 01:13:09.607 27385 27403 V native-activity: 		EGL_BIND_TO_TEXTURE_RGB: 1
04-13 01:13:09.607 27385 27403 V native-activity: 		EGL_BIND_TO_TEXTURE_RGBA: 0
04-13 01:13:09.607 27385 27403 V native-activity: 		EGL_MIN_SWAP_INTERVAL: 0
04-13 01:13:09.607 27385 27403 V native-activity: 		EGL_MAX_SWAP_INTERVAL: 10
04-13 01:13:09.607 27385 27403 V native-activity: 		EGL_MAX_PBUFFER_WIDTH: 4096
