--------- beginning of main
04-13 00:57:12.940 25346 25346 W sh      : type=1400 audit(0.0:5171): avc: denied { module_request } for kmod="personality-8" scontext=u:r:shell:s0 tcontext=u:r:kernel:s0 tclass=system permissive=0
04-13 00:57:12.940 25346 25346 W am      : type=1400 audit(0.0:5172): avc: denied { module_request } for kmod="personality-8" scontext=u:r:shell:s0 tcontext=u:r:kernel:s0 tclass=system permissive=0
04-13 00:57:12.940 25346 25346 W app_process: type=1400 audit(0.0:5173): avc: denied { module_request } for kmod="personality-8" scontext=u:r:shell:s0 tcontext=u:r:kernel:s0 tclass=system permissive=0
--------- beginning of kernel
04-13 00:57:12.940 25346 25346 I Kernel  : [46271.612168].(1)[25346:sh]audit avc scontext:u:r:shell:s0
04-13 00:57:12.940 25346 25346 I Kernel  : [46271.616988].(0)[25346:am]audit avc scontext:u:r:shell:s0
04-13 00:57:12.940 25346 25346 I Kernel  : [46271.621032].(1)[25346:app_process]audit avc scontext:u:r:shell:s0
04-13 00:57:13.100    82    82 I Kernel  : [46271.780424].(0)[82:mtk charger_hv_]charging_reset_watch_dog_timer
04-13 00:57:13.100    82    82 I Kernel  : [46271.781286].(0)[82:mtk charger_hv_]array_size = 16 
04-13 00:57:13.183 25346 25346 D AndroidRuntime: >>>>>> START com.android.internal.os.RuntimeInit uid 2000 <<<<<<
04-13 00:57:13.187 25346 25346 D AndroidRuntime: CheckJNI is OFF
04-13 00:57:13.188 25346 25346 I art     : Skinny Heap Starting Size = 2048KB
04-13 00:57:13.188 25346 25346 I art     : Skinny Heap Growth Limit = 20480KB
04-13 00:57:13.188 25346 25346 I art     : Skinny Heap Min Free = 128KB
04-13 00:57:13.188 25346 25346 I art     : Skinny Heap Max Free = 512KB
04-13 00:57:13.188 25346 25346 I art     : Skinny Heap Target Utilization = 0.9
04-13 00:57:13.280 25346 25346 I HAL     : loaded HAL id=memtrack path=/system/lib/hw/memtrack.mt8127.so hmi=0x0 handle=0xb51ac694
04-13 00:57:13.296 25346 25346 I HAL     : loaded HAL id=perfboost path=/system/lib/hw/perfboost.mt8127.so hmi=0x0 handle=0xb51ac7e4
04-13 00:57:13.330 25346 25346 D AndroidRuntime: Calling main entry com.android.commands.am.Am
04-13 00:57:13.332 25346 25346 D ActivityManager: default service binder = android.os.BinderProxy@13cd980a
04-13 00:57:13.332 25346 25346 D ActivityManager: default service = android.app.ActivityManagerProxy@3498f87b
--------- beginning of system
04-13 00:57:13.336   917  2246 I ActivityManager: START u0 {act=android.intent.action.MAIN cat=[android.intent.category.LAUNCHER] flg=0x10000000 cmp=com.example.sonicdash_stage1/android.app.NativeActivity (has extras)} from uid 2000 on display 0
04-13 00:57:13.320 21409 21409 I Kernel  : [46271.998751].(0)[21409:kworker/0:1H]regs_hotplug_callback cpu = 2
04-13 00:57:13.320 21409 21409 I Kernel  : [46271.998839].(0)[21409:kworker/0:1H]Boot slave CPU
04-13 00:57:13.320 21409 21409 I Kernel  : [46271.998852].(0)[21409:kworker/0:1H][Power/hotplug] boot_secondary, cpu: 2
04-13 00:57:13.320 21409 21409 I Kernel  : [46271.998866].(0)[21409:kworker/0:1H][Power/hotplug] SLAVE2_MAGIC_NUM:4c415332
04-13 00:57:13.320 21409 21409 I Kernel  : [46271.998878].(0)[21409:kworker/0:1H]mt_wakeup_cpu: not first boot!(2)
04-13 00:57:13.320     0     0 I Kernel  : [46271.999087]-(2)[0:swapper/2]CPU2: Booted secondary processor
04-13 00:57:13.320     0     0 I Kernel  : [46271.999111]-(2)[0:swapper/2][Power/hotplug] platform_secondary_init, cpu: 2
04-13 00:57:13.320     0     0 I Kernel  : [46271.999264]-(2)[0:swapper/2]WD wd_cpu_hot_plug_on_notify kick ext wd
04-13 00:57:13.320     0     0 I Kernel  : [46271.999295]-(2)[0:swapper/2]regs_hotplug_callback cpu = 2
04-13 00:57:13.320 21409 21409 I Kernel  : [46271.999664].(0)[21409:kworker/0:1H]regs_hotplug_callback cpu = 2
04-13 00:57:13.320 21409 21409 I Kernel  : [46271.999787].(0)[21409:kworker/0:1H][wdk]bind kicker thread[87] to cpu[2]
04-13 00:57:13.320 21409 21409 I Kernel  : [46271.999938].(0)[21409:kworker/0:1H][WDK]cpu 2 plug on kick wdt
04-13 00:57:13.320 21409 21409 I Kernel  : [46272.000001].(0)[21409:kworker/0:1H]regs_hotplug_callback cpu = 3
04-13 00:57:13.320 21409 21409 I Kernel  : [46272.000058].(0)[21409:kworker/0:1H]Boot slave CPU
04-13 00:57:13.320 21409 21409 I Kernel  : [46272.000070].(0)[21409:kworker/0:1H][Power/hotplug] boot_secondary, cpu: 3
04-13 00:57:13.320 21409 21409 I Kernel  : [46272.000083].(0)[21409:kworker/0:1H][Power/hotplug] SLAVE3_MAGIC_NUM:41534c33
04-13 00:57:13.320 21409 21409 I Kernel  : [46272.000095].(0)[21409:kworker/0:1H]mt_wakeup_cpu: not first boot!(3)
04-13 00:57:13.320     0     0 I Kernel  : [46272.000300]-(3)[0:swapper/3]CPU3: Booted secondary processor
04-13 00:57:13.320     0     0 I Kernel  : [46272.000323]-(3)[0:swapper/3][Power/hotplug] platform_secondary_init, cpu: 3
04-13 00:57:13.320     0     0 I Kernel  : [46272.000485]-(3)[0:swapper/3]WD wd_cpu_hot_plug_on_notify kick ext wd
04-13 00:57:13.320     0     0 I Kernel  : [46272.000518]-(3)[0:swapper/3]regs_hotplug_callback cpu = 3
04-13 00:57:13.320 21409 21409 I Kernel  : [46272.000861].(0)[21409:kworker/0:1H]regs_hotplug_callback cpu = 3
04-13 00:57:13.320 21409 21409 I Kernel  : [46272.000963].(0)[21409:kworker/0:1H][wdk]bind kicker thread[88] to cpu[3]
04-13 00:57:13.320 21409 21409 I Kernel  : [46272.001129].(0)[21409:kworker/0:1H][WDK]cpu 3 plug on kick wdt
04-13 00:57:13.341   917  2246 W ActivityManager: Input dispatching paused for current ActivityRecord: ActivityRecord{239f7458 u0 com.example.sonicdash_stage1/android.app.NativeActivity t333}
04-13 00:57:13.341   917  2246 V WindowManager: addAppToken: AppWindowToken{2befbe96 token=Token{146789b1 ActivityRecord{239f7458 u0 com.example.sonicdash_stage1/android.app.NativeActivity t333}}} to stack=1 task=333 at 0
04-13 00:57:13.342   917  2246 D BatteryStatsExtension.VitalEmitterBatteryAndTime: VitalEmitterBatteryAndTime.start(-): not runnable
--------- beginning of amazon_main
04-13 00:57:13.345 23720 23720 I F_C.Launcher: onPause
04-13 00:57:13.347   917   943 V WindowManager: Based on layer: Adding window Window{18c37e04 u0 Starting com.example.sonicdash_stage1} at 2 of 8
04-13 00:57:13.347 25346 25346 D AndroidRuntime: Shutting down VM
04-13 00:57:13.348 25346 25357 E IPCThreadState: talkWithDriver returned result (-9)
04-13 00:57:13.348 25346 25358 E IPCThreadState: talkWithDriver returned result (-9)
04-13 00:57:13.330 25346 25357 I Kernel  : [46272.011238].(3)[25357:Binder_1]name:dev/ashmem/dalvik-main space unmap vm_start afff9000  end: afffb000
04-13 00:57:13.354   183   183 W art     : PreZygoteFork called when we already have a zygote space.
04-13 00:57:13.364 25359 25359 I art     : Late-enabling -Xcheck:jni
04-13 00:57:13.364   917  2114 I ActivityManager: Start proc 25359:com.example.sonicdash_stage1/u0a21 for activity com.example.sonicdash_stage1/android.app.NativeActivity
--------- beginning of metrics
04-13 00:57:13.375   917  1055 I LoggerMetricsFactoryImpl: PhoneWindowManager:ActivityChanged:com.example.sonicdash_stage1=1.0;CT;1:NR
--------- beginning of vitals
04-13 00:57:13.375   917  1055 I Vlog    : ScreenTime:PackageScreenTime:fgtracking=false;DV;1,key=com.amazon.firelauncher;DV;1,Timer=0.022683611111111113;TI;1,unit=hours;DV;1:HI
04-13 00:57:13.375   917  1055 I LoggerMetricsFactoryImpl: PhoneWindowManager:ScreenTime:endTimeMs=1.492070233375E12;TI;1,startTimeMs=1.492070151713E12;TI;1,com.amazon.firelauncher=81661.0;TI;1:NR
04-13 00:57:13.375   917  1055 I Vlog    : Thermal:Screen_On_Thermal_Throttling:fgtracking=false;DV;1,key=0;DV;1,Timer=0.022683611111111113;TI;1,unit=hours;DV;1,metadata=com.amazon.firelauncher;DV;1:HI
04-13 00:57:13.376   917  1055 I LoggerMetricsFactoryImpl: ScreenTime:updateLRUListLocked:page-type=KindleFramework;CK;1,hitType=deviceAction;CK;1,team-name=KindleFramework;CK;1,site_variant=KindleApplication;CK;1,page-action=fgEnd;CK;1,sub-page-type=com.amazon.firelauncher;CK;1,RequestId=CC0F611133471596DCF5;DV;1:NA
04-13 00:57:13.376   917  1055 I LoggerMetricsFactoryImpl: ScreenTime:updateLRUListLocked:page-type=KindleFramework;CK;1,hitType=deviceAction;CK;1,team-name=KindleFramework;CK;1,site_variant=KindleApplication;CK;1,page-action=fgStart;CK;1,sub-page-type=com.example.sonicdash_stage1;CK;1,RequestId=D8A8E4071B26E1356547;DV;1:NA
04-13 00:57:13.376  1787  1787 V PhoneStatusBar: setLightsOn(true)
04-13 00:57:13.383   143   255 I [MALI][Gralloc]: usage0: 0x933, format7: 2 stride2: 608 vertical_stride6: 976 size: 2373632
04-13 00:57:13.392 25359 25359 I art     : Turning on check_jni_no_abort for targetSdkVersion 9
04-13 00:57:13.404 25359 25359 D ActivityManager: default service binder = android.os.BinderProxy@4599a49
04-13 00:57:13.404 25359 25359 D ActivityManager: default service = android.app.ActivityManagerProxy@49f1f4e
04-13 00:57:13.416  2059  2059 I Vlog    : PfxPrecog:PredictionResult:fgtracking=false;DV;1,key=success;DV;1,Counter=1.000000;CT;1,unit=null;DV;1,metadata=version%235510%7Crequester%23Chained+Predictor%7Cpred_type%23ApplicationStart%7C;DV;1:HI
04-13 00:57:13.416  2059  2059 I Vlog    : PfxPrecog:PredictionResult:fgtracking=false;DV;1,key=success;DV;1,Counter=1.000000;CT;1,unit=null;DV;1,metadata=version%235510%7Crequester%23Chained+Predictor%7Cpred_type%23ApplicationStart%7C;DV;1:HI
04-13 00:57:13.417  2059  2059 I Vlog    : PfxPrecog:PredictionResult:fgtracking=false;DV;1,key=success;DV;1,Counter=1.000000;CT;1,unit=null;DV;1,metadata=version%235510%7Crequester%23Chained+Predictor%7Cpred_type%23ApplicationStart%7C;DV;1:HI
04-13 00:57:13.417 23720 23720 I Vlog    : performance:SkippedVsyncsBucket2:fgtracking=false;DV;1,key=com.amazon.firelauncher;DV;1,Counter=2.0;CT;1,unit=count;DV;1:HI
04-13 00:57:13.418 23720 23720 I performance: SkippedVsyncsBucket2: package=com.amazon.firelauncher count=2
04-13 00:57:13.418 23720 23720 I Vlog    : performance:FrameDropTotal:fgtracking=false;DV;1,key=com.amazon.firelauncher;DV;1,Counter=3.0;CT;1,unit=count;DV;1:HI
04-13 00:57:13.418 23720 23720 I performance: FrameDropTotal: package=com.amazon.firelauncher count=3
04-13 00:57:13.418 23720 23720 I Vlog    : performance:FramesTotal:fgtracking=false;DV;1,key=com.amazon.firelauncher;DV;1,Counter=22.0;CT;1,unit=count;DV;1:HI
04-13 00:57:13.418 23720 23720 I performance: FramesTotal: package=com.amazon.firelauncher count=22
04-13 00:57:13.418 23720 23720 I Vlog    : performance:DelayedFirstFrames:fgtracking=false;DV;1,key=com.amazon.firelauncher;DV;1,Counter=1.0;CT;1,unit=count;DV;1:HI
04-13 00:57:13.418 23720 23720 I performance: DelayedFirstFrames: package=com.amazon.firelauncher count=1
04-13 00:57:13.418 23720 23720 I Vlog    : performance:FirstFramesTotal:fgtracking=false;DV;1,key=com.amazon.firelauncher;DV;1,Counter=4.0;CT;1,unit=count;DV;1:HI
04-13 00:57:13.418 23720 23720 I performance: FirstFramesTotal: package=com.amazon.firelauncher count=0
04-13 00:57:13.422  2059  2059 I Vlog    : PfxPrecog:PredictionResult:fgtracking=false;DV;1,key=success;DV;1,Counter=1.000000;CT;1,unit=null;DV;1,metadata=version%235510%7Crequester%23Chained+Predictor%7Cpred_type%23ApplicationStart%7C;DV;1:HI
04-13 00:57:13.423   917  2168 I PackageRecencyCallback: Queuing notifcation to package: ComponentInfo{com.amazon.kindle.cms/com.amazon.kindle.cms.MaintenanceService$PackageRecencyListener}
04-13 00:57:13.424  2059  2059 I Vlog    : PfxPrecog:PredictionResult:fgtracking=false;DV;1,key=success;DV;1,Counter=1.000000;CT;1,unit=null;DV;1,metadata=version%235510%7Crequester%23Chained+Predictor%7Cpred_type%23ApplicationStart%7C;DV;1:HI
04-13 00:57:13.425  2059  2059 I Vlog    : PfxPrecog:PredictionResult:fgtracking=false;DV;1,key=success;DV;1,Counter=1.000000;CT;1,unit=null;DV;1,metadata=version%235510%7Crequester%23Chained+Predictor%7Cpred_type%23ApplicationStart%7C;DV;1:HI
04-13 00:57:13.427  2059  2059 I Vlog    : PfxPrecog:PredictionResult:fgtracking=false;DV;1,key=success;DV;1,Counter=1.000000;CT;1,unit=null;DV;1,metadata=version%235510%7Crequester%23Chained+Predictor%7Cpred_type%23ApplicationStart%7C;DV;1:HI
04-13 00:57:13.428  2059  2059 I Vlog    : PfxPrecog:PredictionResult:fgtracking=false;DV;1,key=success;DV;1,Counter=1.000000;CT;1,unit=null;DV;1,metadata=version%235510%7Crequester%23Chained+Predictor%7Cpred_type%23ApplicationStart%7C;DV;1:HI
04-13 00:57:13.428  2059  2059 I Vlog    : PfxPrecog:PredictionResult:fgtracking=false;DV;1,key=success;DV;1,Counter=1.000000;CT;1,unit=null;DV;1,metadata=version%235510%7Crequester%23Chained+Predictor%7Cpred_type%23ApplicationStart%7C;DV;1:HI
04-13 00:57:13.429  2059  2059 I Vlog    : PfxPrecog:PredictedTimeDelta:fgtracking=false;DV;1,key=delta;DV;1,Timer=90070.000000;TI;1,unit=null;DV;1,metadata=version%235510%7C;DV;1:HI
04-13 00:57:13.429 25359 25359 D VendorDisplayManagerGlobalCallback: callGetInstance: nil
04-13 00:57:13.433  2059  2059 I Vlog    : PfxPrecog:PredictionResult:fgtracking=false;DV;1,key=failure;DV;1,Counter=1.000000;CT;1,unit=null;DV;1,metadata=version%235510%7Crequester%23Chained+Predictor+T%7Cpred_type%23TemporalApplicationStart%7C;DV;1:HI
04-13 00:57:13.434  2059  2059 I Vlog    : PfxPrecog:PredictedTimeDelta:fgtracking=false;DV;1,key=delta;DV;1,Timer=90070.000000;TI;1,unit=null;DV;1,metadata=version%235510%7C;DV;1:HI
04-13 00:57:13.435  2059  2059 I Vlog    : PfxPrecog:PredictionResult:fgtracking=false;DV;1,key=failure;DV;1,Counter=1.000000;CT;1,unit=null;DV;1,metadata=version%235510%7Crequester%23Chained+Predictor+T%7Cpred_type%23TemporalApplicationStart%7C;DV;1:HI
04-13 00:57:13.436  2059  2059 I Vlog    : PfxPrecog:PredictedTimeDelta:fgtracking=false;DV;1,key=delta;DV;1,Timer=90070.000000;TI;1,unit=null;DV;1,metadata=version%235510%7C;DV;1:HI
04-13 00:57:13.436  2059  2059 I Vlog    : PfxPrecog:PredictionResult:fgtracking=false;DV;1,key=failure;DV;1,Counter=1.000000;CT;1,unit=null;DV;1,metadata=version%235510%7Crequester%23Chained+Predictor+T%7Cpred_type%23TemporalApplicationStart%7C;DV;1:HI
04-13 00:57:13.436  2059  2059 I Vlog    : PfxPrecog:PredictedTimeDelta:fgtracking=false;DV;1,key=delta;DV;1,Timer=90070.000000;TI;1,unit=null;DV;1,metadata=version%235510%7C;DV;1:HI
04-13 00:57:13.442  2059  2059 I Vlog    : PfxPrecog:PredictionResult:fgtracking=false;DV;1,key=failure;DV;1,Counter=1.000000;CT;1,unit=null;DV;1,metadata=version%235510%7Crequester%23Chained+Predictor+T%7Cpred_type%23TemporalApplicationStart%7C;DV;1:HI
04-13 00:57:13.443  2059  2059 I Vlog    : PfxPrecog:PredictedTimeDelta:fgtracking=false;DV;1,key=delta;DV;1,Timer=90070.000000;TI;1,unit=null;DV;1,metadata=version%235510%7C;DV;1:HI
04-13 00:57:13.445  2059  2059 I Vlog    : PfxPrecog:PredictionResult:fgtracking=false;DV;1,key=failure;DV;1,Counter=1.000000;CT;1,unit=null;DV;1,metadata=version%235510%7Crequester%23Chained+Predictor+T%7Cpred_type%23TemporalApplicationStart%7C;DV;1:HI
04-13 00:57:13.445  2059  2059 I Vlog    : PfxPrecog:PredictedTimeDelta:fgtracking=false;DV;1,key=delta;DV;1,Timer=90070.000000;TI;1,unit=null;DV;1,metadata=version%235510%7C;DV;1:HI
04-13 00:57:13.446  2059  2059 I Vlog    : PfxPrecog:PredictionResult:fgtracking=false;DV;1,key=failure;DV;1,Counter=1.000000;CT;1,unit=null;DV;1,metadata=version%235510%7Crequester%23Chained+Predictor+T%7Cpred_type%23TemporalApplicationStart%7C;DV;1:HI
04-13 00:57:13.446  2059  2059 I Vlog    : PfxPrecog:PredictedTimeDelta:fgtracking=false;DV;1,key=delta;DV;1,Timer=90070.000000;TI;1,unit=null;DV;1,metadata=version%235510%7C;DV;1:HI
04-13 00:57:13.447  2059  2059 I Vlog    : PfxPrecog:PredictionResult:fgtracking=false;DV;1,key=failure;DV;1,Counter=1.000000;CT;1,unit=null;DV;1,metadata=version%235510%7Crequester%23Chained+Predictor+T%7Cpred_type%23TemporalApplicationStart%7C;DV;1:HI
04-13 00:57:13.447  2059  2059 I Vlog    : PfxPrecog:PredictedTimeDelta:fgtracking=false;DV;1,key=delta;DV;1,Timer=90070.000000;TI;1,unit=null;DV;1,metadata=version%235510%7C;DV;1:HI
04-13 00:57:13.447  2059  2059 I Vlog    : PfxPrecog:PredictionResult:fgtracking=false;DV;1,key=failure;DV;1,Counter=1.000000;CT;1,unit=null;DV;1,metadata=version%235510%7Crequester%23Chained+Predictor+T%7Cpred_type%23TemporalApplicationStart%7C;DV;1:HI
04-13 00:57:13.447  2059  2059 I Vlog    : PfxPrecog:PredictedTimeDelta:fgtracking=false;DV;1,key=delta;DV;1,Timer=90070.000000;TI;1,unit=null;DV;1,metadata=version%235510%7C;DV;1:HI
04-13 00:57:13.449  2059  2059 I Vlog    : PfxPrecog:PredictionResult:fgtracking=false;DV;1,key=failure;DV;1,Counter=1.000000;CT;1,unit=null;DV;1,metadata=version%235510%7Crequester%23Chained+Predictor+T%7Cpred_type%23TemporalApplicationStart%7C;DV;1:HI
04-13 00:57:13.450 23720 23720 I F_C.Launcher: onStop
04-13 00:57:13.463 23720 23720 I F_C.ImageMemoryManager: onTrimMemory: Level: 20, activeSources: ArraySet[ ImageSourceState(com.amazon.firelauncher.images.imagesource.AppsMainFolderImageSource@156b198a) ]
04-13 00:57:13.483 25359 25359 E VendorContextExt: Failed to register system service "com.amazon.client.metrics.AndroidMetricsFactoryImpl". The class was not found for the provided classloader.
04-13 00:57:13.489 25359 25359 D ProfileManager: Create ProfileManager instance
04-13 00:57:13.503 25359 25359 I FrameworkJumpTable: Successfully loaded all classes
04-13 00:57:13.512 25359 25359 I FrameworkJumpTable: Successfully loaded all methods
04-13 00:57:13.512 25359 25359 I FrameworkJumpTable: Successfully loaded all fields
04-13 00:57:13.531   917  1766 I AmazonStorageUtil: Secondary Storage not mounted. Do not create directory at:/storage/sdcard1/Android/obb/com.example.sonicdash_stage1
04-13 00:57:13.531 25359 25359 W ContextImpl: Failed to ensure directory: /storage/sdcard1/Android/obb/com.example.sonicdash_stage1
04-13 00:57:13.533   917   932 I AmazonStorageUtil: Secondary Storage not mounted. Do not create directory at:/storage/sdcard1/Android/data/com.example.sonicdash_stage1/files
04-13 00:57:13.533 25359 25359 W ContextImpl: Failed to ensure directory: /storage/sdcard1/Android/data/com.example.sonicdash_stage1/files
04-13 00:57:13.536 25359 25359 V threaded_app: Creating: 0xb9199a90
04-13 00:57:13.536 25359 25377 V threaded_app: Config: mcc=0 mnc=0 lang=en cnt=US orien=1 touch=3 dens=160 keys=1 nav=1 keysHid=3 navHid=0 sdk=22 size=3 long=1 modetype=1 modenight=1
04-13 00:57:13.537 25359 25377 I native-activity: Starting android_main
04-13 00:57:13.537 25359 25377 I native-activity:   Activity 0xb9199a90
04-13 00:57:13.537 25359 25377 I native-activity:   VM 0xb8e8a818
04-13 00:57:13.537 25359 25377 I native-activity:   JNIEnv 0xb8e8b000
04-13 00:57:13.537 25359 25377 D native-activity: Changing permissions for the internal storage at /data/data/com.example.sonicdash_stage1/files
04-13 00:57:13.537 25359 25377 I native-activity: Attaching entry point thread to JNIEnv
04-13 00:57:13.538 25359 25359 V threaded_app: Start: 0xb9199a90
04-13 00:57:13.538 25359 25377 I native-activity: Loading activity configuration
04-13 00:57:13.538 25359 25377 V native-activity: get_boolean_extra for *env 0xb51bcd60 intent 0x100005 extra_name egl_swap_preserve_bit
04-13 00:57:13.538 25359 25377 V native-activity: get_boolean_extra for *env 0xb51bcd60 intent 0x100005 extra_name egl_window_bit
04-13 00:57:13.538 25359 25377 V native-activity: get_boolean_extra for *env 0xb51bcd60 intent 0x100005 extra_name egl_pbuffer_bit
04-13 00:57:13.539 25359 25377 V native-activity: get_boolean_extra for *env 0xb51bcd60 intent 0x100005 extra_name gl_enable_dither
04-13 00:57:13.539 25359 25377 V native-activity: get_boolean_extra for *env 0xb51bcd60 intent 0x100005 extra_name gl_disable_dither
04-13 00:57:13.539 25359 25377 V native-activity: get_boolean_extra for *env 0xb51bcd60 intent 0x100005 extra_name gl_log_context
04-13 00:57:13.539 25359 25377 V native-activity: get_boolean_extra for *env 0xb51bcd60 intent 0x100005 extra_name stop_motion
04-13 00:57:13.539 25359 25377 V native-activity: get_boolean_extra for *env 0xb51bcd60 intent 0x100005 extra_name capture_compressed
04-13 00:57:13.539 25359 25377 I native-activity: EGL configuration
04-13 00:57:13.539 25359 25377 I native-activity: 	egl_swap_preserve_bit: 0
04-13 00:57:13.539 25359 25377 I native-activity: 	egl_window_bit: 1
04-13 00:57:13.539 25359 25377 I native-activity: 	egl_pbuffer_bit: 1
04-13 00:57:13.539 25359 25377 I native-activity: 	egl_width: 2160
04-13 00:57:13.539 25359 25377 I native-activity: 	egl_height: 3840
04-13 00:57:13.539 25359 25377 I native-activity: 	egl_red_size: 8
04-13 00:57:13.539 25359 25377 I native-activity: 	egl_green_size: 8
04-13 00:57:13.539 25359 25377 I native-activity: 	egl_blue_size: 8
04-13 00:57:13.539 25359 25377 I native-activity: 	egl_alpha_size: 8
04-13 00:57:13.539 25359 25377 I native-activity: 	egl_depth_size: 16
04-13 00:57:13.539 25359 25377 I native-activity: 	egl_stencil_size: -1
04-13 00:57:13.539 25359 25377 I native-activity: 	egl_swapbuffers_sync: 2
04-13 00:57:13.539 25359 25377 I native-activity: GL configuration
04-13 00:57:13.539 25359 25377 I native-activity: 	gl_enable_dither: 0
04-13 00:57:13.539 25359 25377 I native-activity: 	gl_disable_dither: 0
04-13 00:57:13.539 25359 25377 I native-activity: 	gl_get_error: 1
04-13 00:57:13.539 25359 25377 I native-activity: 	gl_log_context: 1
04-13 00:57:13.539 25359 25377 I native-activity: Runtime configuration
04-13 00:57:13.539 25359 25377 I native-activity: 	draw_limit:        0
04-13 00:57:13.539 25359 25377 I native-activity: 	frame_limit:       0
04-13 00:57:13.539 25359 25377 I native-activity: 	stop_motion:       0
04-13 00:57:13.539 25359 25377 I native-activity: 	capture_frequency: 0
04-13 00:57:13.539 25359 25377 I native-activity: 	capture_compressed: 1
04-13 00:57:13.541 25359 25377 V threaded_app: activityState=10
04-13 00:57:13.542 25359 25359 V threaded_app: Resume: 0xb9199a90
04-13 00:57:13.542 25359 25377 V threaded_app: activityState=11
04-13 00:57:13.544  2059  2059 I Vlog    : PfxPrecog:WarmvCold:fgtracking=false;DV;1,key=cold;DV;1,Counter=1.000000;CT;1,unit=null;DV;1,metadata=version%235510%7Cmode%23active%7Cpkg%23com.example.sonicdash_stage1%7C;DV;1:HI
04-13 00:57:13.545  2059  2059 I Vlog    : PfxPrecog:AppTransition:fgtracking=false;DV;1,key=AppTransition;DV;1,Counter=1.000000;CT;1,unit=null;DV;1,metadata=version%235510%7Cprevious_package%23com.amazon.firelauncher%7Cnew_package%23com.example.sonicdash_stage1%7C;DV;1:HI
04-13 00:57:13.549   917  2245 W AmazonActivityManagerService: packageLifetimeHint: amazon.internal.SystemJumpTable$ProcessRecord@e8a899c is active, cannot move
04-13 00:57:13.550  2059  2059 W Precog  : PackagePrewarmActor: Call to packageLifetimeHint failed, res = -1
04-13 00:57:13.550  2059  2059 I Vlog    : PfxPrecog:LruHint:fgtracking=false;DV;1,key=confidence;DV;1,Counter=1.000000;CT;1,unit=null;DV;1,metadata=version%235510%7Cpkg%23com.amazon.firelauncher%7C;DV;1:HI
04-13 00:57:13.550  2059  2059 I Vlog    : PfxPrecog:LruHint:fgtracking=false;DV;1,key=failure;DV;1,Counter=1.000000;CT;1,unit=null;DV;1,metadata=version%235510%7Cpkg%23com.amazon.firelauncher%7C;DV;1:HI
04-13 00:57:13.558   917  1762 V WindowManager: Adding window Window{2e2e5f7a u0 com.example.sonicdash_stage1/android.app.NativeActivity} at 2 of 9 (before Window{18c37e04 u0 Starting com.example.sonicdash_stage1})
04-13 00:57:13.540 25346 25346 I Kernel  : [46272.216693].(2)[25346:main]name:dev/ashmem/dalvik-main space unmap vm_start 12c00000  end: 12e01000
04-13 00:57:13.540 25346 25346 I Kernel  : [46272.217880].(2)[25346:main]name:dev/ashmem/dalvik-main space unmap vm_start 22c00000  end: 22c01000
04-13 00:57:13.561 25359 25359 V threaded_app: InputQueueCreated: 0xb9199a90 -- 0xb91a1f30
04-13 00:57:13.561 25359 25377 V threaded_app: APP_CMD_INPUT_CHANGED
04-13 00:57:13.561 25359 25377 V threaded_app: Attaching input queue to looper
04-13 00:57:13.590 25359 25359 V threaded_app: NativeWindowCreated: 0xb9199a90 -- 0xb91a2e20
04-13 00:57:13.590 25359 25377 V threaded_app: APP_CMD_INIT_WINDOW
04-13 00:57:13.594 25359 25359 V threaded_app: WindowFocusChanged: 0xb9199a90 -- 1
04-13 00:57:13.580 25382 25382 W sh      : type=1400 audit(0.0:5174): avc: denied { module_request } for kmod="personality-8" scontext=u:r:shell:s0 tcontext=u:r:kernel:s0 tclass=system permissive=0
04-13 00:57:13.596 25359 25377 I HAL     : loaded HAL id=gralloc path=/system/lib/hw/gralloc.mt8127.so hmi=0x0 handle=0xadc9f694
04-13 00:57:13.598 25359 25377 I native-activity: EGL information on display 0x1
04-13 00:57:13.598 25359 25377 I native-activity: 		EGL_VENDOR: Android
04-13 00:57:13.598 25359 25377 I native-activity: 		EGL_VERSION: 1.4 Android META-EGL
04-13 00:57:13.598 25359 25377 I native-activity: 		EGL_CLIENT_APIS: OpenGL_ES
04-13 00:57:13.598 25359 25377 I native-activity: 		EGL_EXTENSIONS: EGL_KHR_get_all_proc_addresses EGL_ANDROID_presentation_time EGL_KHR_image EGL_KHR_image_base EGL_KHR_image_pixmap EGL_KHR_gl_texture_2D_image EGL_KHR_gl_texture_cubemap_image EGL_KHR_gl_renderbuffer_image EGL_KHR_fence_sync EGL_EXT_create_context_robustness EGL_ANDROID_image_native_buffer EGL_ANDROID_recordable 
04-13 00:57:13.598 25359 25377 D native-activity: EGL configurations 23
04-13 00:57:13.598 25359 25377 D native-activity: 	Config 0x60000001 index 0
04-13 00:57:13.598 25359 25377 V native-activity: 		EGL_CONFIG_ID: 5
04-13 00:57:13.598 25359 25377 V native-activity: 		EGL_CONFORMANT: 5 EGL_OPENGL_ES_BIT, EGL_OPENGL_ES2_BIT,
04-13 00:57:13.598 25359 25377 V native-activity: 		EGL_CONFIG_CAVEAT: 12344 EGL_NONE,
04-13 00:57:13.598 25359 25377 V native-activity: 		EGL_RENDERABLE_TYPE: 5 EGL_OPENGL_ES_BIT, EGL_OPENGL_ES2_BIT,
04-13 00:57:13.598 25359 25377 V native-activity: 		EGL_SURFACE_TYPE: 1031 EGL_PBUFFER_BIT, EGL_PIXMAP_BIT, EGL_SWAP_BEHAVIOR_PRESERVED_BIT, EGL_WINDOW_BIT,
04-13 00:57:13.598 25359 25377 V native-activity: 		EGL_LEVEL: 0
04-13 00:57:13.598 25359 25377 V native-activity: 		EGL_COLOR_BUFFER_TYPE: 12430 EGL_RGB_BUFFER,
04-13 00:57:13.598 25359 25377 V native-activity: 		EGL_BUFFER_SIZE: 16
04-13 00:57:13.598 25359 25377 V native-activity: 		EGL_SAMPLES: 0
04-13 00:57:13.598 25359 25377 V native-activity: 		EGL_SAMPLE_BUFFERS: 0
04-13 00:57:13.598 25359 25377 V native-activity: 		EGL_RED_SIZE: 5
04-13 00:57:13.598 25359 25377 V native-activity: 		EGL_GREEN_SIZE: 6
04-13 00:57:13.598 25359 25377 V native-activity: 		EGL_BLUE_SIZE: 5
04-13 00:57:13.598 25359 25377 V native-activity: 		EGL_ALPHA_SIZE: 0
04-13 00:57:13.598 25359 25377 V native-activity: 		EGL_ALPHA_MASK_SIZE: 0
04-13 00:57:13.598 25359 25377 V native-activity: 		EGL_LUMINANCE_SIZE: 0
04-13 00:57:13.598 25359 25377 V native-activity: 		EGL_TRANSPARENT_TYPE: 12344 EGL_NONE,
04-13 00:57:13.598 25359 25377 V native-activity: 		EGL_TRANSPARENT_RED_VALUE: -1
04-13 00:57:13.599 25359 25377 V native-activity: 		EGL_TRANSPARENT_GREEN_VALUE: -1
04-13 00:57:13.599 25359 25377 V native-activity: 		EGL_TRANSPARENT_BLUE_VALUE: -1
04-13 00:57:13.599 25359 25377 V native-activity: 		EGL_STENCIL_SIZE: 8
04-13 00:57:13.599 25359 25377 V native-activity: 		EGL_DEPTH_SIZE: 24
04-13 00:57:13.599 25359 25377 V native-activity: 		EGL_BIND_TO_TEXTURE_RGB: 1
04-13 00:57:13.599 25359 25377 V native-activity: 		EGL_BIND_TO_TEXTURE_RGBA: 0
04-13 00:57:13.599 25359 25377 V native-activity: 		EGL_MIN_SWAP_INTERVAL: 0
04-13 00:57:13.599 25359 25377 V native-activity: 		EGL_MAX_SWAP_INTERVAL: 10
04-13 00:57:13.599 25359 25377 V native-activity: 		EGL_MAX_PBUFFER_WIDTH: 4096
04-13 00:57:13.599 25359 25377 V native-activity: 		EGL_MAX_PBUFFER_HEIGHT: 4096
04-13 00:57:13.599 25359 25377 D native-activity: 	Config 0x60000002 index 1
04-13 00:57:13.580 25359 25377 I Kernel  : [46272.252999]Mali<2>:
04-13 00:57:13.580 25359 25377 I Kernel  : Session started
04-13 00:57:13.580 25382 25382 I Kernel  : [46272.257265].(1)[25382:sh]audit avc scontext:u:r:shell:s0
04-13 00:57:13.599 25359 25377 V native-activity: 		EGL_CONFIG_ID: 3
04-13 00:57:13.599 25359 25377 V native-activity: 		EGL_CONFORMANT: 5 EGL_OPENGL_ES_BIT, EGL_OPENGL_ES2_BIT,
04-13 00:57:13.599 25359 25377 V native-activity: 		EGL_CONFIG_CAVEAT: 12344 EGL_NONE,
04-13 00:57:13.599 25359 25377 V native-activity: 		EGL_RENDERABLE_TYPE: 5 EGL_OPENGL_ES_BIT, EGL_OPENGL_ES2_BIT,
04-13 00:57:13.599 25359 25377 V native-activity: 		EGL_SURFACE_TYPE: 1543 EGL_MULTISAMPLE_RESOLVE_BOX_BIT, EGL_PBUFFER_BIT, EGL_PIXMAP_BIT, EGL_SWAP_BEHAVIOR_PRESERVED_BIT, EGL_WINDOW_BIT,
04-13 00:57:13.599 25359 25377 V native-activity: 		EGL_LEVEL: 0
04-13 00:57:13.599 25359 25377 V native-activity: 		EGL_COLOR_BUFFER_TYPE: 12430 EGL_RGB_BUFFER,
04-13 00:57:13.599 25359 25377 V native-activity: 		EGL_BUFFER_SIZE: 16
04-13 00:57:13.599 25359 25377 V native-activity: 		EGL_SAMPLES: 4
04-13 00:57:13.599 25359 25377 V native-activity: 		EGL_SAMPLE_BUFFERS: 1
04-13 00:57:13.599 25359 25377 V native-activity: 		EGL_RED_SIZE: 5
04-13 00:57:13.599 25359 25377 V native-activity: 		EGL_GREEN_SIZE: 6
04-13 00:57:13.590 25382 25382 I Kernel  : [46272.262737].(0)[25382:logcat]audit avc scontext:u:r:shell:s0
04-13 00:57:13.590 25382 25382 W logcat  : type=1400 audit(0.0:5175): avc: denied { module_request } for kmod="personality-8" scontext=u:r:shell:s0 tcontext=u:r:kernel:s0 tclass=system permissive=0
04-13 00:57:13.599 25359 25377 V native-activity: 		EGL_BLUE_SIZE: 5
04-13 00:57:13.599 25359 25377 V native-activity: 		EGL_ALPHA_SIZE: 0
04-13 00:57:13.599 25359 25377 V native-activity: 		EGL_ALPHA_MASK_SIZE: 0
04-13 00:57:13.599 25359 25377 V native-activity: 		EGL_LUMINANCE_SIZE: 0
04-13 00:57:13.599 25359 25377 V native-activity: 		EGL_TRANSPARENT_TYPE: 12344 EGL_NONE,
04-13 00:57:13.599 25359 25377 V native-activity: 		EGL_TRANSPARENT_RED_VALUE: -1
04-13 00:57:13.599 25359 25377 V native-activity: 		EGL_TRANSPARENT_GREEN_VALUE: -1
04-13 00:57:13.599 25359 25377 V native-activity: 		EGL_TRANSPARENT_BLUE_VALUE: -1
04-13 00:57:13.599 25359 25377 V native-activity: 		EGL_STENCIL_SIZE: 8
04-13 00:57:13.599 25359 25377 V native-activity: 		EGL_DEPTH_SIZE: 24
04-13 00:57:13.599 25359 25377 V native-activity: 		EGL_BIND_TO_TEXTURE_RGB: 1
04-13 00:57:13.599 25359 25377 V native-activity: 		EGL_BIND_TO_TEXTURE_RGBA: 0
04-13 00:57:13.599 25359 25377 V native-activity: 		EGL_MIN_SWAP_INTERVAL: 0
04-13 00:57:13.599 25359 25377 V native-activity: 		EGL_MAX_SWAP_INTERVAL: 10
04-13 00:57:13.599 25359 25377 V native-activity: 		EGL_MAX_PBUFFER_WIDTH: 4096
04-13 00:57:13.599 25359 25377 V native-activity: 		EGL_MAX_PBUFFER_HEIGHT: 4096
04-13 00:57:13.600 25359 25377 D native-activity: 	Config 0x60000003 index 2
04-13 00:57:13.600 25359 25377 V native-activity: 		EGL_CONFIG_ID: 4
04-13 00:57:13.600 25359 25377 V native-activity: 		EGL_CONFORMANT: 0
04-13 00:57:13.600 25359 25377 V native-activity: 		EGL_CONFIG_CAVEAT: 12369 EGL_NON_CONFORMANT_CONFIG,
04-13 00:57:13.600 25359 25377 V native-activity: 		EGL_RENDERABLE_TYPE: 5 EGL_OPENGL_ES_BIT, EGL_OPENGL_ES2_BIT,
04-13 00:57:13.600 25359 25377 V native-activity: 		EGL_SURFACE_TYPE: 1543 EGL_MULTISAMPLE_RESOLVE_BOX_BIT, EGL_PBUFFER_BIT, EGL_PIXMAP_BIT, EGL_SWAP_BEHAVIOR_PRESERVED_BIT, EGL_WINDOW_BIT,
04-13 00:57:13.600 25359 25377 V native-activity: 		EGL_LEVEL: 0
04-13 00:57:13.600 25359 25377 V native-activity: 		EGL_COLOR_BUFFER_TYPE: 12430 EGL_RGB_BUFFER,
04-13 00:57:13.600 25359 25377 V native-activity: 		EGL_BUFFER_SIZE: 16
04-13 00:57:13.600 25359 25377 V native-activity: 		EGL_SAMPLES: 16
04-13 00:57:13.600 25359 25377 V native-activity: 		EGL_SAMPLE_BUFFERS: 1
04-13 00:57:13.600 25359 25377 V native-activity: 		EGL_RED_SIZE: 5
04-13 00:57:13.600 25359 25377 V native-activity: 		EGL_GREEN_SIZE: 6
04-13 00:57:13.600 25359 25377 V native-activity: 		EGL_BLUE_SIZE: 5
04-13 00:57:13.600 25359 25377 V native-activity: 		EGL_ALPHA_SIZE: 0
04-13 00:57:13.600 25359 25377 V native-activity: 		EGL_ALPHA_MASK_SIZE: 0
04-13 00:57:13.600 25359 25377 V native-activity: 		EGL_LUMINANCE_SIZE: 0
04-13 00:57:13.600 25359 25377 V native-activity: 		EGL_TRANSPARENT_TYPE: 12344 EGL_NONE,
04-13 00:57:13.600 25359 25377 V native-activity: 		EGL_TRANSPARENT_RED_VALUE: -1
04-13 00:57:13.600 25359 25377 V native-activity: 		EGL_TRANSPARENT_GREEN_VALUE: -1
04-13 00:57:13.600 25359 25377 V native-activity: 		EGL_TRANSPARENT_BLUE_VALUE: -1
04-13 00:57:13.600 25359 25377 V native-activity: 		EGL_STENCIL_SIZE: 8
04-13 00:57:13.600 25359 25377 V native-activity: 		EGL_DEPTH_SIZE: 24
04-13 00:57:13.600 25359 25377 V native-activity: 		EGL_BIND_TO_TEXTURE_RGB: 1
04-13 00:57:13.600 25359 25377 V native-activity: 		EGL_BIND_TO_TEXTURE_RGBA: 0
04-13 00:57:13.600 25359 25377 V native-activity: 		EGL_MIN_SWAP_INTERVAL: 0
04-13 00:57:13.600 25359 25377 V native-activity: 		EGL_MAX_SWAP_INTERVAL: 10
04-13 00:57:13.600 25359 25377 V native-activity: 		EGL_MAX_PBUFFER_WIDTH: 4096
04-13 00:57:13.600 25359 25377 V native-activity: 		EGL_MAX_PBUFFER_HEIGHT: 4096
04-13 00:57:13.600 25359 25377 D native-activity: 	Config 0x60000004 index 3
04-13 00:57:13.600 25359 25377 V native-activity: 		EGL_CONFIG_ID: 19
04-13 00:57:13.600 25359 25377 V native-activity: 		EGL_CONFORMANT: 0
04-13 00:57:13.600 25359 25377 V native-activity: 		EGL_CONFIG_CAVEAT: 12369 EGL_NON_CONFORMANT_CONFIG,
04-13 00:57:13.600 25359 25377 V native-activity: 		EGL_RENDERABLE_TYPE: 5 EGL_OPENGL_ES_BIT, EGL_OPENGL_ES2_BIT,
04-13 00:57:13.600 25359 25377 V native-activity: 		EGL_SURFACE_TYPE: 1025 EGL_PBUFFER_BIT, EGL_SWAP_BEHAVIOR_PRESERVED_BIT,
04-13 00:57:13.600 25359 25377 V native-activity: 		EGL_LEVEL: 0
04-13 00:57:13.600 25359 25377 V native-activity: 		EGL_COLOR_BUFFER_TYPE: 12430 EGL_RGB_BUFFER,
04-13 00:57:13.600 25359 25377 V native-activity: 		EGL_BUFFER_SIZE: 16
04-13 00:57:13.600 25359 25377 V native-activity: 		EGL_SAMPLES: 0
04-13 00:57:13.600 25359 25377 V native-activity: 		EGL_SAMPLE_BUFFERS: 0
04-13 00:57:13.600 25359 25377 V native-activity: 		EGL_RED_SIZE: 5
04-13 00:57:13.600 25359 25377 V native-activity: 		EGL_GREEN_SIZE: 5
04-13 00:57:13.600 25359 25377 V native-activity: 		EGL_BLUE_SIZE: 5
04-13 00:57:13.600 25359 25377 V native-activity: 		EGL_ALPHA_SIZE: 1
04-13 00:57:13.601 25359 25377 V native-activity: 		EGL_ALPHA_MASK_SIZE: 0
04-13 00:57:13.601 25359 25377 V native-activity: 		EGL_LUMINANCE_SIZE: 0
04-13 00:57:13.601 25359 25377 V native-activity: 		EGL_TRANSPARENT_TYPE: 12344 EGL_NONE,
04-13 00:57:13.601 25359 25377 V native-activity: 		EGL_TRANSPARENT_RED_VALUE: -1
04-13 00:57:13.601 25359 25377 V native-activity: 		EGL_TRANSPARENT_GREEN_VALUE: -1
04-13 00:57:13.601 25359 25377 V native-activity: 		EGL_TRANSPARENT_BLUE_VALUE: -1
04-13 00:57:13.601 25359 25377 V native-activity: 		EGL_STENCIL_SIZE: 8
04-13 00:57:13.601 25359 25377 V native-activity: 		EGL_DEPTH_SIZE: 24
04-13 00:57:13.601 25359 25377 V native-activity: 		EGL_BIND_TO_TEXTURE_RGB: 1
04-13 00:57:13.601 25359 25377 V native-activity: 		EGL_BIND_TO_TEXTURE_RGBA: 1
04-13 00:57:13.601 25359 25377 V native-activity: 		EGL_MIN_SWAP_INTERVAL: 0
04-13 00:57:13.601 25359 25377 V native-activity: 		EGL_MAX_SWAP_INTERVAL: 10
04-13 00:57:13.601 25359 25377 V native-activity: 		EGL_MAX_PBUFFER_WIDTH: 4096
04-13 00:57:13.601 25359 25377 V native-activity: 		EGL_MAX_PBUFFER_HEIGHT: 4096
04-13 00:57:13.601 25359 25377 D native-activity: 	Config 0x60000005 index 4
04-13 00:57:13.601 25359 25377 V native-activity: 		EGL_CONFIG_ID: 18
04-13 00:57:13.601 25359 25377 V native-activity: 		EGL_CONFORMANT: 0
04-13 00:57:13.601 25359 25377 V native-activity: 		EGL_CONFIG_CAVEAT: 12369 EGL_NON_CONFORMANT_CONFIG,
04-13 00:57:13.601 25359 25377 V native-activity: 		EGL_RENDERABLE_TYPE: 5 EGL_OPENGL_ES_BIT, EGL_OPENGL_ES2_BIT,
04-13 00:57:13.601 25359 25377 V native-activity: 		EGL_SURFACE_TYPE: 1025 EGL_PBUFFER_BIT, EGL_SWAP_BEHAVIOR_PRESERVED_BIT,
04-13 00:57:13.601 25359 25377 V native-activity: 		EGL_LEVEL: 0
04-13 00:57:13.601 25359 25377 V native-activity: 		EGL_COLOR_BUFFER_TYPE: 12430 EGL_RGB_BUFFER,
04-13 00:57:13.601 25359 25377 V native-activity: 		EGL_BUFFER_SIZE: 16
04-13 00:57:13.601 25359 25377 V native-activity: 		EGL_SAMPLES: 4
04-13 00:57:13.601 25359 25377 V native-activity: 		EGL_SAMPLE_BUFFERS: 1
04-13 00:57:13.601 25359 25377 V native-activity: 		EGL_RED_SIZE: 5
04-13 00:57:13.601 25359 25377 V native-activity: 		EGL_GREEN_SIZE: 5
04-13 00:57:13.601 25359 25377 V native-activity: 		EGL_BLUE_SIZE: 5
04-13 00:57:13.601 25359 25377 V native-activity: 		EGL_ALPHA_SIZE: 1
04-13 00:57:13.601 25359 25377 V native-activity: 		EGL_ALPHA_MASK_SIZE: 0
04-13 00:57:13.601 25359 25377 V native-activity: 		EGL_LUMINANCE_SIZE: 0
04-13 00:57:13.601 25359 25377 V native-activity: 		EGL_TRANSPARENT_TYPE: 12344 EGL_NONE,
04-13 00:57:13.601 25359 25377 V native-activity: 		EGL_TRANSPARENT_RED_VALUE: -1
04-13 00:57:13.601 25359 25377 V native-activity: 		EGL_TRANSPARENT_GREEN_VALUE: -1
04-13 00:57:13.601 25359 25377 V native-activity: 		EGL_TRANSPARENT_BLUE_VALUE: -1
04-13 00:57:13.601 25359 25377 V native-activity: 		EGL_STENCIL_SIZE: 8
04-13 00:57:13.601 25359 25377 V native-activity: 		EGL_DEPTH_SIZE: 24
04-13 00:57:13.601 25359 25377 V native-activity: 		EGL_BIND_TO_TEXTURE_RGB: 1
04-13 00:57:13.601 25359 25377 V native-activity: 		EGL_BIND_TO_TEXTURE_RGBA: 1
04-13 00:57:13.601 25359 25377 V native-activity: 		EGL_MIN_SWAP_INTERVAL: 0
04-13 00:57:13.601 25359 25377 V native-activity: 		EGL_MAX_SWAP_INTERVAL: 10
04-13 00:57:13.601 25359 25377 V native-activity: 		EGL_MAX_PBUFFER_WIDTH: 4096
04-13 00:57:13.601 25359 25377 V native-activity: 		EGL_MAX_PBUFFER_HEIGHT: 4096
04-13 00:57:13.601 25359 25377 D native-activity: 	Config 0x60000006 index 5
04-13 00:57:13.601 25359 25377 V native-activity: 		EGL_CONFIG_ID: 20
04-13 00:57:13.602 25359 25377 V native-activity: 		EGL_CONFORMANT: 0
04-13 00:57:13.602 25359 25377 V native-activity: 		EGL_CONFIG_CAVEAT: 12369 EGL_NON_CONFORMANT_CONFIG,
04-13 00:57:13.602 25359 25377 V native-activity: 		EGL_RENDERABLE_TYPE: 5 EGL_OPENGL_ES_BIT, EGL_OPENGL_ES2_BIT,
04-13 00:57:13.604 25359 25377 V native-activity: 		EGL_SURFACE_TYPE: 1025 EGL_PBUFFER_BIT, EGL_SWAP_BEHAVIOR_PRESERVED_BIT,
04-13 00:57:13.604 25359 25377 V native-activity: 		EGL_LEVEL: 0
04-13 00:57:13.604 25359 25377 V native-activity: 		EGL_COLOR_BUFFER_TYPE: 12430 EGL_RGB_BUFFER,
04-13 00:57:13.604 25359 25377 V native-activity: 		EGL_BUFFER_SIZE: 16
04-13 00:57:13.604 25359 25377 V native-activity: 		EGL_SAMPLES: 16
04-13 00:57:13.604 25359 25377 V native-activity: 		EGL_SAMPLE_BUFFERS: 1
04-13 00:57:13.604 25359 25377 V native-activity: 		EGL_RED_SIZE: 5
04-13 00:57:13.604 25359 25377 V native-activity: 		EGL_GREEN_SIZE: 5
04-13 00:57:13.604 25359 25377 V native-activity: 		EGL_BLUE_SIZE: 5
04-13 00:57:13.604 25359 25377 V native-activity: 		EGL_ALPHA_SIZE: 1
04-13 00:57:13.604 25359 25377 V native-activity: 		EGL_ALPHA_MASK_SIZE: 0
04-13 00:57:13.604 25359 25377 V native-activity: 		EGL_LUMINANCE_SIZE: 0
04-13 00:57:13.604 25359 25377 V native-activity: 		EGL_TRANSPARENT_TYPE: 12344 EGL_NONE,
04-13 00:57:13.604 25359 25377 V native-activity: 		EGL_TRANSPARENT_RED_VALUE: -1
04-13 00:57:13.604 25359 25377 V native-activity: 		EGL_TRANSPARENT_GREEN_VALUE: -1
04-13 00:57:13.604 25359 25377 V native-activity: 		EGL_TRANSPARENT_BLUE_VALUE: -1
04-13 00:57:13.604 25359 25377 V native-activity: 		EGL_STENCIL_SIZE: 8
04-13 00:57:13.604 25359 25377 V native-activity: 		EGL_DEPTH_SIZE: 24
04-13 00:57:13.604 25359 25377 V native-activity: 		EGL_BIND_TO_TEXTURE_RGB: 1
04-13 00:57:13.605 25359 25377 V native-activity: 		EGL_BIND_TO_TEXTURE_RGBA: 1
04-13 00:57:13.605 25359 25377 V native-activity: 		EGL_MIN_SWAP_INTERVAL: 0
04-13 00:57:13.605 25359 25377 V native-activity: 		EGL_MAX_SWAP_INTERVAL: 10
04-13 00:57:13.605 25359 25377 V native-activity: 		EGL_MAX_PBUFFER_WIDTH: 4096
04-13 00:57:13.605 25359 25377 V native-activity: 		EGL_MAX_PBUFFER_HEIGHT: 4096
04-13 00:57:13.605 25359 25377 D native-activity: 	Config 0x60000007 index 6
04-13 00:57:13.605 25359 25377 V native-activity: 		EGL_CONFIG_ID: 21
04-13 00:57:13.605 25359 25377 V native-activity: 		EGL_CONFORMANT: 0
04-13 00:57:13.605 25359 25377 V native-activity: 		EGL_CONFIG_CAVEAT: 12369 EGL_NON_CONFORMANT_CONFIG,
04-13 00:57:13.605 25359 25377 V native-activity: 		EGL_RENDERABLE_TYPE: 5 EGL_OPENGL_ES_BIT, EGL_OPENGL_ES2_BIT,
04-13 00:57:13.605 25359 25377 V native-activity: 		EGL_SURFACE_TYPE: 1025 EGL_PBUFFER_BIT, EGL_SWAP_BEHAVIOR_PRESERVED_BIT,
04-13 00:57:13.605 25359 25377 V native-activity: 		EGL_LEVEL: 0
04-13 00:57:13.605 25359 25377 V native-activity: 		EGL_COLOR_BUFFER_TYPE: 12430 EGL_RGB_BUFFER,
04-13 00:57:13.605 25359 25377 V native-activity: 		EGL_BUFFER_SIZE: 16
04-13 00:57:13.605 25359 25377 V native-activity: 		EGL_SAMPLES: 0
04-13 00:57:13.605 25359 25377 V native-activity: 		EGL_SAMPLE_BUFFERS: 0
04-13 00:57:13.605 25359 25377 V native-activity: 		EGL_RED_SIZE: 4
04-13 00:57:13.605 25359 25377 V native-activity: 		EGL_GREEN_SIZE: 4
04-13 00:57:13.605 25359 25377 V native-activity: 		EGL_BLUE_SIZE: 4
04-13 00:57:13.605 25359 25377 V native-activity: 		EGL_ALPHA_SIZE: 4
04-13 00:57:13.605 25359 25377 V native-activity: 		EGL_ALPHA_MASK_SIZE: 0
04-13 00:57:13.605 25359 25377 V native-activity: 		EGL_LUMINANCE_SIZE: 0
04-13 00:57:13.606 25359 25377 V native-activity: 		EGL_TRANSPARENT_TYPE: 12344 EGL_NONE,
04-13 00:57:13.606 25359 25377 V native-activity: 		EGL_TRANSPARENT_RED_VALUE: -1
04-13 00:57:13.606 25359 25377 V native-activity: 		EGL_TRANSPARENT_GREEN_VALUE: -1
04-13 00:57:13.606 25359 25377 V native-activity: 		EGL_TRANSPARENT_BLUE_VALUE: -1
04-13 00:57:13.606 25359 25377 V native-activity: 		EGL_STENCIL_SIZE: 8
04-13 00:57:13.606 25359 25377 V native-activity: 		EGL_DEPTH_SIZE: 24
04-13 00:57:13.606 25359 25377 V native-activity: 		EGL_BIND_TO_TEXTURE_RGB: 1
04-13 00:57:13.606 25359 25377 V native-activity: 		EGL_BIND_TO_TEXTURE_RGBA: 1
04-13 00:57:13.606 25359 25377 V native-activity: 		EGL_MIN_SWAP_INTERVAL: 0
04-13 00:57:13.606 25359 25377 V native-activity: 		EGL_MAX_SWAP_INTERVAL: 10
04-13 00:57:13.606 25359 25377 V native-activity: 		EGL_MAX_PBUFFER_WIDTH: 4096
04-13 00:57:13.606 25359 25377 V native-activity: 		EGL_MAX_PBUFFER_HEIGHT: 4096
04-13 00:57:13.606 25359 25377 D native-activity: 	Config 0x60000008 index 7
04-13 00:57:13.606 25359 25377 V native-activity: 		EGL_CONFIG_ID: 22
04-13 00:57:13.606 25359 25377 V native-activity: 		EGL_CONFORMANT: 0
04-13 00:57:13.606 25359 25377 V native-activity: 		EGL_CONFIG_CAVEAT: 12369 EGL_NON_CONFORMANT_CONFIG,
04-13 00:57:13.606 25359 25377 V native-activity: 		EGL_RENDERABLE_TYPE: 5 EGL_OPENGL_ES_BIT, EGL_OPENGL_ES2_BIT,
04-13 00:57:13.606 25359 25377 V native-activity: 		EGL_SURFACE_TYPE: 1025 EGL_PBUFFER_BIT, EGL_SWAP_BEHAVIOR_PRESERVED_BIT,
04-13 00:57:13.606 25359 25377 V native-activity: 		EGL_LEVEL: 0
04-13 00:57:13.606 25359 25377 V native-activity: 		EGL_COLOR_BUFFER_TYPE: 12430 EGL_RGB_BUFFER,
04-13 00:57:13.606 25359 25377 V native-activity: 		EGL_BUFFER_SIZE: 16
04-13 00:57:13.606 25359 25377 V native-activity: 		EGL_SAMPLES: 4
04-13 00:57:13.606 25359 25377 V native-activity: 		EGL_SAMPLE_BUFFERS: 1
04-13 00:57:13.606 25359 25377 V native-activity: 		EGL_RED_SIZE: 4
04-13 00:57:13.606 25359 25377 V native-activity: 		EGL_GREEN_SIZE: 4
04-13 00:57:13.606 25359 25377 V native-activity: 		EGL_BLUE_SIZE: 4
04-13 00:57:13.607 25359 25377 V native-activity: 		EGL_ALPHA_SIZE: 4
04-13 00:57:13.607 25359 25377 V native-activity: 		EGL_ALPHA_MASK_SIZE: 0
04-13 00:57:13.607 25359 25377 V native-activity: 		EGL_LUMINANCE_SIZE: 0
04-13 00:57:13.607 25359 25377 V native-activity: 		EGL_TRANSPARENT_TYPE: 12344 EGL_NONE,
04-13 00:57:13.607 25359 25377 V native-activity: 		EGL_TRANSPARENT_RED_VALUE: -1
04-13 00:57:13.607 25359 25377 V native-activity: 		EGL_TRANSPARENT_GREEN_VALUE: -1
04-13 00:57:13.607 25359 25377 V native-activity: 		EGL_TRANSPARENT_BLUE_VALUE: -1
04-13 00:57:13.607 25359 25377 V native-activity: 		EGL_STENCIL_SIZE: 8
04-13 00:57:13.607 25359 25377 V native-activity: 		EGL_DEPTH_SIZE: 24
04-13 00:57:13.607 25359 25377 V native-activity: 		EGL_BIND_TO_TEXTURE_RGB: 1
04-13 00:57:13.607 25359 25377 V native-activity: 		EGL_BIND_TO_TEXTURE_RGBA: 1
04-13 00:57:13.607 25359 25377 V native-activity: 		EGL_MIN_SWAP_INTERVAL: 0
04-13 00:57:13.607 25359 25377 V native-activity: 		EGL_MAX_SWAP_INTERVAL: 10
04-13 00:57:13.607 25359 25377 V native-activity: 		EGL_MAX_PBUFFER_WIDTH: 4096
04-13 00:57:13.607 25359 25377 V native-activity: 		EGL_MAX_PBUFFER_HEIGHT: 4096
04-13 00:57:13.607 25359 25377 D native-activity: 	Config 0x60000009 index 8
04-13 00:57:13.607 25359 25377 V native-activity: 		EGL_CONFIG_ID: 23
04-13 00:57:13.607 25359 25377 V native-activity: 		EGL_CONFORMANT: 0
04-13 00:57:13.608 25359 25377 V native-activity: 		EGL_CONFIG_CAVEAT: 12369 EGL_NON_CONFORMANT_CONFIG,
04-13 00:57:13.608 25359 25377 V native-activity: 		EGL_RENDERABLE_TYPE: 5 EGL_OPENGL_ES_BIT, EGL_OPENGL_ES2_BIT,
04-13 00:57:13.608 25359 25377 V native-activity: 		EGL_SURFACE_TYPE: 1025 EGL_PBUFFER_BIT, EGL_SWAP_BEHAVIOR_PRESERVED_BIT,
04-13 00:57:13.608 25359 25377 V native-activity: 		EGL_LEVEL: 0
04-13 00:57:13.608 25359 25377 V native-activity: 		EGL_COLOR_BUFFER_TYPE: 12430 EGL_RGB_BUFFER,
04-13 00:57:13.608 25359 25377 V native-activity: 		EGL_BUFFER_SIZE: 16
04-13 00:57:13.608 25359 25377 V native-activity: 		EGL_SAMPLES: 16
04-13 00:57:13.608 25359 25377 V native-activity: 		EGL_SAMPLE_BUFFERS: 1
04-13 00:57:13.608 25359 25377 V native-activity: 		EGL_RED_SIZE: 4
04-13 00:57:13.609 25359 25377 V native-activity: 		EGL_GREEN_SIZE: 4
04-13 00:57:13.609 25359 25377 V native-activity: 		EGL_BLUE_SIZE: 4
04-13 00:57:13.609 25359 25377 V native-activity: 		EGL_ALPHA_SIZE: 4
04-13 00:57:13.609 25359 25377 V native-activity: 		EGL_ALPHA_MASK_SIZE: 0
04-13 00:57:13.609 25359 25377 V native-activity: 		EGL_LUMINANCE_SIZE: 0
04-13 00:57:13.609 25359 25377 V native-activity: 		EGL_TRANSPARENT_TYPE: 12344 EGL_NONE,
04-13 00:57:13.609 25359 25377 V native-activity: 		EGL_TRANSPARENT_RED_VALUE: -1
04-13 00:57:13.609 25359 25377 V native-activity: 		EGL_TRANSPARENT_GREEN_VALUE: -1
04-13 00:57:13.609 25359 25377 V native-activity: 		EGL_TRANSPARENT_BLUE_VALUE: -1
04-13 00:57:13.609 25359 25377 V native-activity: 		EGL_STENCIL_SIZE: 8
04-13 00:57:13.609 25359 25377 V native-activity: 		EGL_DEPTH_SIZE: 24
04-13 00:57:13.609 25359 25377 V native-activity: 		EGL_BIND_TO_TEXTURE_RGB: 1
04-13 00:57:13.609 25359 25377 V native-activity: 		EGL_BIND_TO_TEXTURE_RGBA: 1
04-13 00:57:13.609 25359 25377 V native-activity: 		EGL_MIN_SWAP_INTERVAL: 0
04-13 00:57:13.609 25359 25377 V native-activity: 		EGL_MAX_SWAP_INTERVAL: 10
04-13 00:57:13.609 25359 25377 V native-activity: 		EGL_MAX_PBUFFER_WIDTH: 4096
04-13 00:57:13.609 25359 25377 V native-activity: 		EGL_MAX_PBUFFER_HEIGHT: 4096
04-13 00:57:13.609 25359 25377 D native-activity: 	Config 0x6000000a index 9
04-13 00:57:13.609 25359 25377 V native-activity: 		EGL_CONFIG_ID: 9
04-13 00:57:13.609 25359 25377 V native-activity: 		EGL_CONFORMANT: 5 EGL_OPENGL_ES_BIT, EGL_OPENGL_ES2_BIT,
04-13 00:57:13.609 25359 25377 V native-activity: 		EGL_CONFIG_CAVEAT: 12344 EGL_NONE,
04-13 00:57:13.609 25359 25377 V native-activity: 		EGL_RENDERABLE_TYPE: 5 EGL_OPENGL_ES_BIT, EGL_OPENGL_ES2_BIT,
04-13 00:57:13.609 25359 25377 V native-activity: 		EGL_SURFACE_TYPE: 1031 EGL_PBUFFER_BIT, EGL_PIXMAP_BIT, EGL_SWAP_BEHAVIOR_PRESERVED_BIT, EGL_WINDOW_BIT,
04-13 00:57:13.609 25359 25377 V native-activity: 		EGL_LEVEL: 0
04-13 00:57:13.609 25359 25377 V native-activity: 		EGL_COLOR_BUFFER_TYPE: 12430 EGL_RGB_BUFFER,
04-13 00:57:13.609 25359 25377 V native-activity: 		EGL_BUFFER_SIZE: 32
04-13 00:57:13.609 25359 25377 V native-activity: 		EGL_SAMPLES: 0
04-13 00:57:13.609 25359 25377 V native-activity: 		EGL_SAMPLE_BUFFERS: 0
04-13 00:57:13.609 25359 25377 V native-activity: 		EGL_RED_SIZE: 8
04-13 00:57:13.609 25359 25377 V native-activity: 		EGL_GREEN_SIZE: 8
04-13 00:57:13.609 25359 25377 V native-activity: 		EGL_BLUE_SIZE: 8
04-13 00:57:13.609 25359 25377 V native-activity: 		EGL_ALPHA_SIZE: 8
04-13 00:57:13.609 25359 25377 V native-activity: 		EGL_ALPHA_MASK_SIZE: 0
04-13 00:57:13.609 25359 25377 V native-activity: 		EGL_LUMINANCE_SIZE: 0
04-13 00:57:13.609 25359 25377 V native-activity: 		EGL_TRANSPARENT_TYPE: 12344 EGL_NONE,
04-13 00:57:13.609 25359 25377 V native-activity: 		EGL_TRANSPARENT_RED_VALUE: -1
04-13 00:57:13.609 25359 25377 V native-activity: 		EGL_TRANSPARENT_GREEN_VALUE: -1
04-13 00:57:13.609 25359 25377 V native-activity: 		EGL_TRANSPARENT_BLUE_VALUE: -1
04-13 00:57:13.609 25359 25377 V native-activity: 		EGL_STENCIL_SIZE: 8
04-13 00:57:13.609 25359 25377 V native-activity: 		EGL_DEPTH_SIZE: 24
04-13 00:57:13.609 25359 25377 V native-activity: 		EGL_BIND_TO_TEXTURE_RGB: 1
04-13 00:57:13.609 25359 25377 V native-activity: 		EGL_BIND_TO_TEXTURE_RGBA: 1
04-13 00:57:13.610 25359 25377 V native-activity: 		EGL_MIN_SWAP_INTERVAL: 0
04-13 00:57:13.610 25359 25377 V native-activity: 		EGL_MAX_SWAP_INTERVAL: 10
04-13 00:57:13.610 25359 25377 V native-activity: 		EGL_MAX_PBUFFER_WIDTH: 4096
04-13 00:57:13.610 25359 25377 V native-activity: 		EGL_MAX_PBUFFER_HEIGHT: 4096
