04-13 00:42:52.879 22927 22963 I native-activity: Animating
04-13 00:42:52.870     0     0 I Kernel  : [45411.551370]-(0)[0:swapper/0]dpi vsync
04-13 00:42:52.896 22927 22963 I native-activity: Frame 567 GL error is 0x0
04-13 00:42:52.896 22927 22963 I native-activity: Frame 567 time is 17.082ms
04-13 00:42:52.921 22927 22963 I native-activity: Swap 567 time is 41.657ms
04-13 00:42:52.921 22927 22963 I native-activity: Animating
04-13 00:42:52.933 22927 22963 I native-activity: Frame 568 GL error is 0x0
04-13 00:42:52.933 22927 22963 I native-activity: Frame 568 time is 11.851ms
04-13 00:42:52.957 22927 22963 I native-activity: Swap 568 time is 36.230ms
04-13 00:42:52.958 22927 22963 I native-activity: Animating
04-13 00:42:52.969 22927 22963 I native-activity: Frame 569 GL error is 0x0
04-13 00:42:52.969 22927 22963 I native-activity: Frame 569 time is 11.487ms
04-13 00:42:52.994 22927 22963 I native-activity: Swap 569 time is 36.695ms
04-13 00:42:52.995 22927 22963 I native-activity: Animating
04-13 00:42:53.008 22927 22963 I native-activity: Frame 570 GL error is 0x0
04-13 00:42:53.008 22927 22963 I native-activity: Frame 570 time is 13.247ms
04-13 00:42:53.033 22927 22963 I native-activity: Swap 570 time is 38.222ms
04-13 00:42:53.033 22927 22963 I native-activity: Animating
04-13 00:42:53.045 22927 22963 I native-activity: Frame 571 GL error is 0x0
04-13 00:42:53.045 22927 22963 I native-activity: Frame 571 time is 11.946ms
04-13 00:42:53.070 22927 22963 I native-activity: Swap 571 time is 36.617ms
04-13 00:42:53.070 22927 22963 I native-activity: Animating
04-13 00:42:53.082 22927 22963 I native-activity: Frame 572 GL error is 0x0
04-13 00:42:53.082 22927 22963 I native-activity: Frame 572 time is 12.312ms
04-13 00:42:53.107 22927 22963 I native-activity: Swap 572 time is 36.678ms
04-13 00:42:53.107 22927 22963 I native-activity: Animating
04-13 00:42:53.119 22927 22963 I native-activity: Frame 573 GL error is 0x0
04-13 00:42:53.119 22927 22963 I native-activity: Frame 573 time is 12.256ms
04-13 00:42:53.100    82    82 I Kernel  : [45411.780809].(0)[82:mtk charger_hv_]charging_reset_watch_dog_timer
04-13 00:42:53.110    82    82 I Kernel  : [45411.781905].(0)[82:mtk charger_hv_]array_size = 16 
04-13 00:42:53.144 22927 22963 I native-activity: Swap 573 time is 36.930ms
04-13 00:42:53.144 22927 22963 I native-activity: Animating
04-13 00:42:53.158 22927 22963 I native-activity: Frame 574 GL error is 0x0
04-13 00:42:53.158 22927 22963 I native-activity: Frame 574 time is 14.493ms
04-13 00:42:53.184 22927 22963 I native-activity: Swap 574 time is 40.184ms
04-13 00:42:53.184 22927 22963 I native-activity: Animating
04-13 00:42:53.202 22927 22963 I native-activity: Frame 575 GL error is 0x0
04-13 00:42:53.202 22927 22963 I native-activity: Frame 575 time is 18.050ms
04-13 00:42:53.231 22927 22963 I native-activity: Swap 575 time is 46.602ms
04-13 00:42:53.231 22927 22963 I native-activity: Animating
04-13 00:42:53.254 22927 22963 I native-activity: Frame 576 GL error is 0x0
04-13 00:42:53.254 22927 22963 I native-activity: Frame 576 time is 23.214ms
04-13 00:42:53.283 22927 22963 I native-activity: Swap 576 time is 51.966ms
04-13 00:42:53.283 22927 22963 I native-activity: Animating
04-13 00:42:53.304 22927 22963 I native-activity: Frame 577 GL error is 0x0
04-13 00:42:53.305 22927 22963 I native-activity: Frame 577 time is 21.260ms
04-13 00:42:53.333 22927 22963 I native-activity: Swap 577 time is 49.988ms
04-13 00:42:53.333 22927 22963 I native-activity: Animating
04-13 00:42:53.356 22927 22963 I native-activity: Frame 578 GL error is 0x0
04-13 00:42:53.356 22927 22963 I native-activity: Frame 578 time is 22.202ms
04-13 00:42:53.384 22927 22963 I native-activity: Swap 578 time is 50.776ms
04-13 00:42:53.384 22927 22963 I native-activity: Animating
04-13 00:42:53.410 22927 22963 I native-activity: Frame 579 GL error is 0x0
04-13 00:42:53.410 22927 22963 I native-activity: Frame 579 time is 25.934ms
04-13 00:42:53.440 22927 22963 I native-activity: Swap 579 time is 55.455ms
04-13 00:42:53.440 22927 22963 I native-activity: Animating
04-13 00:42:53.469 22927 22963 I native-activity: Frame 580 GL error is 0x0
04-13 00:42:53.469 22927 22963 I native-activity: Frame 580 time is 28.289ms
04-13 00:42:53.498 22927 22963 I native-activity: Swap 580 time is 57.172ms
04-13 00:42:53.498 22927 22963 I native-activity: Animating
04-13 00:42:53.530 22927 22963 I native-activity: Frame 581 GL error is 0x0
04-13 00:42:53.530 22927 22963 I native-activity: Frame 581 time is 31.839ms
04-13 00:42:53.560 22927 22963 I native-activity: Swap 581 time is 62.220ms
04-13 00:42:53.560 22927 22963 I native-activity: Animating
04-13 00:42:53.587 22927 22963 I native-activity: Frame 582 GL error is 0x0
04-13 00:42:53.587 22927 22963 I native-activity: Frame 582 time is 27.127ms
04-13 00:42:53.616 22927 22963 I native-activity: Swap 582 time is 55.753ms
04-13 00:42:53.616 22927 22963 I native-activity: Animating
04-13 00:42:53.639 22927 22963 I native-activity: Frame 583 GL error is 0x0
04-13 00:42:53.639 22927 22963 I native-activity: Frame 583 time is 22.659ms
04-13 00:42:53.668 22927 22963 I native-activity: Swap 583 time is 51.533ms
04-13 00:42:53.668 22927 22963 I native-activity: Animating
04-13 00:42:53.689 22927 22963 I native-activity: Frame 584 GL error is 0x0
04-13 00:42:53.690 22927 22963 I native-activity: Frame 584 time is 21.297ms
04-13 00:42:53.718 22927 22963 I native-activity: Swap 584 time is 49.446ms
04-13 00:42:53.718 22927 22963 I native-activity: Animating
04-13 00:42:53.739 22927 22963 I native-activity: Frame 585 GL error is 0x0
04-13 00:42:53.739 22927 22963 I native-activity: Frame 585 time is 21.298ms
04-13 00:42:53.767 22927 22963 I native-activity: Swap 585 time is 49.058ms
04-13 00:42:53.767 22927 22963 I native-activity: Animating
04-13 00:42:53.789 22927 22963 I native-activity: Frame 586 GL error is 0x0
04-13 00:42:53.789 22927 22963 I native-activity: Frame 586 time is 22.180ms
04-13 00:42:53.770 25161 25161 I Kernel  : [45412.441694].(0)[25161:kworker/0:2]virtual_sensor_thermal_get_temp mtktsbattery t=24000 a=7 o=-9500 w=437
04-13 00:42:53.770 25161 25161 I Kernel  : [45412.441788].(0)[25161:kworker/0:2]virtual_sensor_thermal_get_temp mtkts_bts t=31000 a=15 o=-1000 w=113
04-13 00:42:53.770 25161 25161 I Kernel  : [45412.442264].(0)[25161:kworker/0:2]virtual_sensor_thermal_get_temp mtktspmic t=43459 a=4 o=18000 w=450
04-13 00:42:53.770 25161 25161 I Kernel  : [45412.442309].(0)[25161:kworker/0:2]virtual_sensor_thermal_get_temp mtktswmt t=33000 a=1000 o=-5000 w=0
04-13 00:42:53.818 22927 22963 I native-activity: Swap 586 time is 51.320ms
04-13 00:42:53.819 22927 22963 I native-activity: Animating
04-13 00:42:53.837 22927 22963 I native-activity: Frame 587 GL error is 0x0
04-13 00:42:53.837 22927 22963 I native-activity: Frame 587 time is 18.588ms
04-13 00:42:53.866 22927 22963 I native-activity: Swap 587 time is 47.036ms
04-13 00:42:53.866 22927 22963 I native-activity: Animating
04-13 00:42:53.885 22927 22963 I native-activity: Frame 588 GL error is 0x0
04-13 00:42:53.885 22927 22963 I native-activity: Frame 588 time is 19.568ms
04-13 00:42:53.914 22927 22963 I native-activity: Swap 588 time is 48.171ms
04-13 00:42:53.914 22927 22963 I native-activity: Animating
04-13 00:42:53.934 22927 22963 I native-activity: Frame 589 GL error is 0x0
04-13 00:42:53.934 22927 22963 I native-activity: Frame 589 time is 19.891ms
04-13 00:42:53.962 22927 22963 I native-activity: Swap 589 time is 48.236ms
04-13 00:42:53.963 22927 22963 I native-activity: Animating
04-13 00:42:53.982 22927 22963 I native-activity: Frame 590 GL error is 0x0
04-13 00:42:53.982 22927 22963 I native-activity: Frame 590 time is 19.433ms
04-13 00:42:54.010 22927 22963 I native-activity: Swap 590 time is 47.785ms
04-13 00:42:54.011 22927 22963 I native-activity: Animating
04-13 00:42:54.030 22927 22963 I native-activity: Frame 591 GL error is 0x0
04-13 00:42:54.030 22927 22963 I native-activity: Frame 591 time is 19.341ms
04-13 00:42:54.059 22927 22963 I native-activity: Swap 591 time is 47.645ms
04-13 00:42:54.059 22927 22963 I native-activity: Animating
04-13 00:42:54.082 22927 22963 I native-activity: Frame 592 GL error is 0x501
04-13 00:42:54.082 22927 22963 I native-activity: Frame 592 time is 22.871ms
04-13 00:42:54.110 22927 22963 I native-activity: Swap 592 time is 51.147ms
04-13 00:42:54.110 22927 22963 I native-activity: Animating
04-13 00:42:54.110    82    82 I Kernel  : [45412.782015].(0)[82:mtk charger_hv_]charging_reset_watch_dog_timer
04-13 00:42:54.110    82    82 I Kernel  : [45412.783738].(0)[82:mtk charger_hv_]array_size = 16 
04-13 00:42:54.130 22927 22963 I native-activity: Frame 593 GL error is 0x0
04-13 00:42:54.130 22927 22963 I native-activity: Frame 593 time is 19.811ms
04-13 00:42:54.158 22927 22963 I native-activity: Swap 593 time is 47.830ms
04-13 00:42:54.158 22927 22963 I native-activity: Animating
04-13 00:42:54.178 22927 22963 I native-activity: Frame 594 GL error is 0x0
04-13 00:42:54.179 22927 22963 I native-activity: Frame 594 time is 20.445ms
04-13 00:42:54.207 22927 22963 I native-activity: Swap 594 time is 49.219ms
04-13 00:42:54.208 22927 22963 I native-activity: Animating
04-13 00:42:54.254 22927 22963 I native-activity: Frame 595 GL error is 0x0
04-13 00:42:54.254 22927 22963 I native-activity: Frame 595 time is 46.310ms
04-13 00:42:54.282 22927 22963 I native-activity: Swap 595 time is 73.908ms
04-13 00:42:54.282 22927 22963 I native-activity: Animating
04-13 00:42:54.309 22927 22963 I native-activity: Frame 596 GL error is 0x0
04-13 00:42:54.309 22927 22963 I native-activity: Frame 596 time is 27.470ms
04-13 00:42:54.337 22927 22963 I native-activity: Swap 596 time is 55.518ms
04-13 00:42:54.337 22927 22963 I native-activity: Animating
04-13 00:42:54.362 22927 22963 I native-activity: Frame 597 GL error is 0x0
04-13 00:42:54.363 22927 22963 I native-activity: Frame 597 time is 25.025ms
04-13 00:42:54.391 22927 22963 I native-activity: Swap 597 time is 53.568ms
04-13 00:42:54.391 22927 22963 I native-activity: Animating
04-13 00:42:54.418 22927 22963 I native-activity: Frame 598 GL error is 0x0
04-13 00:42:54.418 22927 22963 I native-activity: Frame 598 time is 26.470ms
04-13 00:42:54.445 22927 22963 I native-activity: Swap 598 time is 53.876ms
04-13 00:42:54.445 22927 22963 I native-activity: Animating
04-13 00:42:54.469 22927 22963 I native-activity: Frame 599 GL error is 0x0
04-13 00:42:54.469 22927 22963 I native-activity: Frame 599 time is 23.619ms
04-13 00:42:54.497 22927 22963 I native-activity: Swap 599 time is 51.620ms
04-13 00:42:54.497 22927 22963 I native-activity: Animating
04-13 00:42:54.523 22927 22963 I native-activity: Frame 600 GL error is 0x0
04-13 00:42:54.524 22927 22963 I native-activity: Frame 600 time is 26.297ms
04-13 00:42:54.552 22927 22963 I native-activity: Swap 600 time is 54.714ms
04-13 00:42:54.552 22927 22963 I native-activity: Animating
04-13 00:42:54.577 22927 22963 I native-activity: Frame 601 GL error is 0x0
04-13 00:42:54.577 22927 22963 I native-activity: Frame 601 time is 24.464ms
04-13 00:42:54.603 22927 22963 I native-activity: Swap 601 time is 51.169ms
04-13 00:42:54.604 22927 22963 I native-activity: Animating
04-13 00:42:54.627 22927 22963 I native-activity: Frame 602 GL error is 0x0
04-13 00:42:54.627 22927 22963 I native-activity: Frame 602 time is 22.990ms
04-13 00:42:54.654 22927 22963 I native-activity: Swap 602 time is 50.755ms
04-13 00:42:54.655 22927 22963 I native-activity: Animating
04-13 00:42:54.678 22927 22963 I native-activity: Frame 603 GL error is 0x0
04-13 00:42:54.678 22927 22963 I native-activity: Frame 603 time is 23.111ms
04-13 00:42:54.705 22927 22963 I native-activity: Swap 603 time is 50.893ms
04-13 00:42:54.706 22927 22963 I native-activity: Animating
04-13 00:42:54.728 22927 22963 I native-activity: Frame 604 GL error is 0x0
04-13 00:42:54.728 22927 22963 I native-activity: Frame 604 time is 22.470ms
04-13 00:42:54.755 22927 22963 I native-activity: Swap 604 time is 49.467ms
04-13 00:42:54.755 22927 22963 I native-activity: Animating
04-13 00:42:54.780 22927 22963 I native-activity: Frame 605 GL error is 0x0
04-13 00:42:54.780 22927 22963 I native-activity: Frame 605 time is 24.228ms
04-13 00:42:54.808 22927 22963 I native-activity: Swap 605 time is 52.118ms
04-13 00:42:54.808 22927 22963 I native-activity: Animating
04-13 00:42:54.827 22927 22963 I native-activity: Frame 606 GL error is 0x0
04-13 00:42:54.827 22927 22963 I native-activity: Frame 606 time is 19.288ms
04-13 00:42:54.853 22927 22963 I native-activity: Swap 606 time is 44.917ms
04-13 00:42:54.853 22927 22963 I native-activity: Animating
04-13 00:42:54.870 22927 22963 I native-activity: Frame 607 GL error is 0x0
04-13 00:42:54.870 22927 22963 I native-activity: Frame 607 time is 17.436ms
04-13 00:42:54.895 22927 22963 I native-activity: Swap 607 time is 41.991ms
04-13 00:42:54.895 22927 22963 I native-activity: Animating
04-13 00:42:54.914 22927 22963 I native-activity: Frame 608 GL error is 0x0
04-13 00:42:54.914 22927 22963 I native-activity: Frame 608 time is 18.944ms
04-13 00:42:54.910     0     0 I Kernel  : [45413.583541]-(0)[0:swapper/0]dpi vsync
04-13 00:42:54.939 22927 22963 I native-activity: Swap 608 time is 43.490ms
04-13 00:42:54.939 22927 22963 I native-activity: Animating
04-13 00:42:54.961 22927 22963 I native-activity: Frame 609 GL error is 0x0
04-13 00:42:54.961 22927 22963 I native-activity: Frame 609 time is 22.253ms
04-13 00:42:54.986 22927 22963 I native-activity: Swap 609 time is 47.600ms
04-13 00:42:54.987 22927 22963 I native-activity: Animating
04-13 00:42:55.015 22927 22963 I native-activity: Frame 610 GL error is 0x0
04-13 00:42:55.015 22927 22963 I native-activity: Frame 610 time is 28.097ms
04-13 00:42:55.040 22927 22963 I native-activity: Swap 610 time is 53.386ms
04-13 00:42:55.040 22927 22963 I native-activity: Animating
04-13 00:42:55.062 22927 22963 I native-activity: Frame 611 GL error is 0x0
04-13 00:42:55.062 22927 22963 I native-activity: Frame 611 time is 21.758ms
04-13 00:42:55.088 22927 22963 I native-activity: Swap 611 time is 47.724ms
04-13 00:42:55.088 22927 22963 I native-activity: Animating
04-13 00:42:55.109 22927 22963 I native-activity: Frame 612 GL error is 0x0
04-13 00:42:55.110 22927 22963 I native-activity: Frame 612 time is 21.209ms
04-13 00:42:55.110  2159  2159 I Kernel  : [45413.782930].(0)[2159:wpa_supplicant]poorlink get state G(361669)F(49)dbad(0)dretry(0)LT(405)RT(-78)W(0)(12233)
04-13 00:42:55.110  2137  2137 I Kernel  : [45413.783479][wlan] nicTxReleaseResource: (TX STATE)
04-13 00:42:55.110  2137  2137 I Kernel  : Release: TC4 count 1, Free=4; TC5 count 0, Free=4
04-13 00:42:55.110    82    82 I Kernel  : [45413.783836].(0)[82:mtk charger_hv_]charging_reset_watch_dog_timer
04-13 00:42:55.110    82    82 I Kernel  : [45413.784804].(0)[82:mtk charger_hv_]array_size = 16 
04-13 00:42:55.135 22927 22963 I native-activity: Swap 612 time is 47.268ms
04-13 00:42:55.136 22927 22963 I native-activity: Animating
04-13 00:42:55.193 22927 22963 I native-activity: Frame 613 GL error is 0x0
04-13 00:42:55.193 22927 22963 I native-activity: Frame 613 time is 57.797ms
04-13 00:42:55.220 22927 22963 I native-activity: Swap 613 time is 84.382ms
04-13 00:42:55.220 22927 22963 I native-activity: Animating
04-13 00:42:55.232 22927 22963 I native-activity: Frame 614 GL error is 0x0
04-13 00:42:55.232 22927 22963 I native-activity: Frame 614 time is 11.971ms
04-13 00:42:55.258 22927 22963 I native-activity: Swap 614 time is 37.549ms
04-13 00:42:55.258 22927 22963 I native-activity: Animating
04-13 00:42:55.266 22927 22963 I native-activity: Frame 615 GL error is 0x0
04-13 00:42:55.266 22927 22963 I native-activity: Frame 615 time is 8.445ms
04-13 00:42:55.292 22927 22963 I native-activity: Swap 615 time is 33.777ms
04-13 00:42:55.292 22927 22963 I native-activity: Animating
04-13 00:42:55.306 22927 22963 I native-activity: Frame 616 GL error is 0x0
04-13 00:42:55.306 22927 22963 I native-activity: Frame 616 time is 14.008ms
04-13 00:42:55.331 22927 22963 I native-activity: Swap 616 time is 39.516ms
04-13 00:42:55.332 22927 22963 I native-activity: Animating
04-13 00:42:55.346 22927 22963 I native-activity: Frame 617 GL error is 0x0
04-13 00:42:55.346 22927 22963 I native-activity: Frame 617 time is 14.161ms
04-13 00:42:55.371 22927 22963 I native-activity: Swap 617 time is 39.557ms
04-13 00:42:55.371 22927 22963 I native-activity: Animating
04-13 00:42:55.385 22927 22963 I native-activity: Frame 618 GL error is 0x0
04-13 00:42:55.385 22927 22963 I native-activity: Frame 618 time is 13.895ms
04-13 00:42:55.410 22927 22963 I native-activity: Swap 618 time is 39.012ms
04-13 00:42:55.411 22927 22963 I native-activity: Animating
04-13 00:42:55.424 22927 22963 I native-activity: Frame 619 GL error is 0x0
04-13 00:42:55.424 22927 22963 I native-activity: Frame 619 time is 13.350ms
04-13 00:42:55.449 22927 22963 I native-activity: Swap 619 time is 38.461ms
04-13 00:42:55.450 22927 22963 I native-activity: Animating
04-13 00:42:55.463 22927 22963 I native-activity: Frame 620 GL error is 0x0
04-13 00:42:55.463 22927 22963 I native-activity: Frame 620 time is 13.559ms
04-13 00:42:55.488 22927 22963 I native-activity: Swap 620 time is 38.395ms
04-13 00:42:55.488 22927 22963 I native-activity: Animating
04-13 00:42:55.502 22927 22963 I native-activity: Frame 621 GL error is 0x0
04-13 00:42:55.502 22927 22963 I native-activity: Frame 621 time is 13.541ms
04-13 00:42:55.526 22927 22963 I native-activity: Swap 621 time is 38.069ms
04-13 00:42:55.527 22927 22963 I native-activity: Animating
04-13 00:42:55.540 22927 22963 I native-activity: Frame 622 GL error is 0x0
04-13 00:42:55.540 22927 22963 I native-activity: Frame 622 time is 13.709ms
04-13 00:42:55.565 22927 22963 I native-activity: Swap 622 time is 37.987ms
04-13 00:42:55.565 22927 22963 I native-activity: Animating
04-13 00:42:55.579 22927 22963 I native-activity: Frame 623 GL error is 0x0
04-13 00:42:55.579 22927 22963 I native-activity: Frame 623 time is 14.444ms
04-13 00:42:55.603 22927 22963 I native-activity: Swap 623 time is 38.192ms
04-13 00:42:55.603 22927 22963 I native-activity: Animating
04-13 00:42:55.617 22927 22963 I native-activity: Frame 624 GL error is 0x0
04-13 00:42:55.617 22927 22963 I native-activity: Frame 624 time is 13.993ms
04-13 00:42:55.641 22927 22963 I native-activity: Swap 624 time is 38.088ms
04-13 00:42:55.641 22927 22963 I native-activity: Animating
04-13 00:42:55.655 22927 22963 I native-activity: Frame 625 GL error is 0x0
04-13 00:42:55.655 22927 22963 I native-activity: Frame 625 time is 13.681ms
04-13 00:42:55.679 22927 22963 I native-activity: Swap 625 time is 37.574ms
04-13 00:42:55.679 22927 22963 I native-activity: Animating
04-13 00:42:55.693 22927 22963 I native-activity: Frame 626 GL error is 0x0
04-13 00:42:55.693 22927 22963 I native-activity: Frame 626 time is 13.552ms
04-13 00:42:55.716 22927 22963 I native-activity: Swap 626 time is 37.182ms
04-13 00:42:55.717 22927 22963 I native-activity: Animating
04-13 00:42:55.730 22927 22963 I native-activity: Frame 627 GL error is 0x0
04-13 00:42:55.730 22927 22963 I native-activity: Frame 627 time is 13.505ms
04-13 00:42:55.754 22927 22963 I native-activity: Swap 627 time is 37.210ms
04-13 00:42:55.754 22927 22963 I native-activity: Animating
04-13 00:42:55.768 22927 22963 I native-activity: Frame 628 GL error is 0x0
04-13 00:42:55.768 22927 22963 I native-activity: Frame 628 time is 13.697ms
04-13 00:42:55.792 22927 22963 I native-activity: Swap 628 time is 37.549ms
04-13 00:42:55.792 22927 22963 I native-activity: Animating
04-13 00:42:55.805 22927 22963 I native-activity: Frame 629 GL error is 0x0
04-13 00:42:55.805 22927 22963 I native-activity: Frame 629 time is 13.166ms
04-13 00:42:55.829 22927 22963 I native-activity: Swap 629 time is 36.970ms
04-13 00:42:55.829 22927 22963 I native-activity: Animating
04-13 00:42:55.842 22927 22963 I native-activity: Frame 630 GL error is 0x0
04-13 00:42:55.842 22927 22963 I native-activity: Frame 630 time is 13.405ms
04-13 00:42:55.866 22927 22963 I native-activity: Swap 630 time is 37.476ms
04-13 00:42:55.867 22927 22963 I native-activity: Animating
04-13 00:42:55.880 22927 22963 I native-activity: Frame 631 GL error is 0x0
04-13 00:42:55.880 22927 22963 I native-activity: Frame 631 time is 13.253ms
04-13 00:42:55.904 22927 22963 I native-activity: Swap 631 time is 37.552ms
04-13 00:42:55.904 22927 22963 I native-activity: Animating
04-13 00:42:55.918 22927 22963 I native-activity: Frame 632 GL error is 0x0
04-13 00:42:55.918 22927 22963 I native-activity: Frame 632 time is 14.025ms
04-13 00:42:55.940   917  2113 W AmazonActivityManagerService: packageLifetimeHint: amazon.internal.SystemJumpTable$ProcessRecord@2ddc086a is active, cannot move
04-13 00:42:55.941  2059  2059 W Precog  : PackagePrewarmActor: Call to packageLifetimeHint failed, res = -1
04-13 00:42:55.942  2059  2059 I Vlog    : PfxPrecog:LruHint:fgtracking=false;DV;1,key=confidence;DV;1,Counter=1.000000;CT;1,unit=null;DV;1,metadata=version%235510%7Cpkg%23com.amazon.firelauncher%7C;DV;1:HI
04-13 00:42:55.943 22927 22963 I native-activity: Swap 632 time is 39.028ms
04-13 00:42:55.944 22927 22963 I native-activity: Animating
04-13 00:42:55.947  2059  2059 I Vlog    : PfxPrecog:LruHint:fgtracking=false;DV;1,key=failure;DV;1,Counter=1.000000;CT;1,unit=null;DV;1,metadata=version%235510%7Cpkg%23com.amazon.firelauncher%7C;DV;1:HI
04-13 00:42:55.959 22927 22963 I native-activity: Frame 633 GL error is 0x0
04-13 00:42:55.959 22927 22963 I native-activity: Frame 633 time is 15.026ms
04-13 00:42:55.984 22927 22963 I native-activity: Swap 633 time is 40.492ms
04-13 00:42:55.984 22927 22963 I native-activity: Animating
04-13 00:42:55.999 22927 22963 I native-activity: Frame 634 GL error is 0x0
04-13 00:42:55.999 22927 22963 I native-activity: Frame 634 time is 14.697ms
04-13 00:42:56.025 22927 22963 I native-activity: Swap 634 time is 40.655ms
04-13 00:42:56.025 22927 22963 I native-activity: Animating
04-13 00:42:56.040 22927 22963 I native-activity: Frame 635 GL error is 0x0
04-13 00:42:56.040 22927 22963 I native-activity: Frame 635 time is 14.433ms
04-13 00:42:56.066 22927 22963 I native-activity: Swap 635 time is 40.413ms
04-13 00:42:56.066 22927 22963 I native-activity: Animating
04-13 00:42:56.083 22927 22963 I native-activity: Frame 636 GL error is 0x0
04-13 00:42:56.083 22927 22963 I native-activity: Frame 636 time is 16.803ms
04-13 00:42:56.110 22927 22963 I native-activity: Swap 636 time is 44.470ms
04-13 00:42:56.111 22927 22963 I native-activity: Animating
04-13 00:42:56.128 22927 22963 I native-activity: Frame 637 GL error is 0x0
04-13 00:42:56.128 22927 22963 I native-activity: Frame 637 time is 17.453ms
04-13 00:42:56.110    82    82 I Kernel  : [45414.784916].(0)[82:mtk charger_hv_]charging_reset_watch_dog_timer
04-13 00:42:56.110    82    82 I Kernel  : [45414.785844].(0)[82:mtk charger_hv_]array_size = 16 
04-13 00:42:56.154 22927 22963 I native-activity: Swap 637 time is 43.808ms
04-13 00:42:56.155 22927 22963 I native-activity: Animating
04-13 00:42:56.173 22927 22963 I native-activity: Frame 638 GL error is 0x0
04-13 00:42:56.173 22927 22963 I native-activity: Frame 638 time is 18.478ms
04-13 00:42:56.201 22927 22963 I native-activity: Swap 638 time is 45.941ms
04-13 00:42:56.201 22927 22963 I native-activity: Animating
04-13 00:42:56.219 22927 22963 I native-activity: Frame 639 GL error is 0x0
04-13 00:42:56.219 22927 22963 I native-activity: Frame 639 time is 18.243ms
04-13 00:42:56.246 22927 22963 I native-activity: Swap 639 time is 44.860ms
04-13 00:42:56.246 22927 22963 I native-activity: Animating
04-13 00:42:56.264 22927 22963 I native-activity: Frame 640 GL error is 0x0
04-13 00:42:56.264 22927 22963 I native-activity: Frame 640 time is 18.267ms
04-13 00:42:56.292 22927 22963 I native-activity: Swap 640 time is 45.825ms
04-13 00:42:56.292 22927 22963 I native-activity: Animating
04-13 00:42:56.313 22927 22963 I native-activity: Frame 641 GL error is 0x0
04-13 00:42:56.313 22927 22963 I native-activity: Frame 641 time is 21.264ms
04-13 00:42:56.341 22927 22963 I native-activity: Swap 641 time is 49.481ms
04-13 00:42:56.342 22927 22963 I native-activity: Animating
04-13 00:42:56.363 22927 22963 I native-activity: Frame 642 GL error is 0x0
04-13 00:42:56.363 22927 22963 I native-activity: Frame 642 time is 21.120ms
04-13 00:42:56.391 22927 22963 I native-activity: Swap 642 time is 49.047ms
04-13 00:42:56.391 22927 22963 I native-activity: Animating
04-13 00:42:56.413 22927 22963 I native-activity: Frame 643 GL error is 0x0
04-13 00:42:56.413 22927 22963 I native-activity: Frame 643 time is 22.018ms
04-13 00:42:56.441 22927 22963 I native-activity: Swap 643 time is 49.956ms
04-13 00:42:56.441 22927 22963 I native-activity: Animating
04-13 00:42:56.480 22927 22963 I native-activity: Frame 644 GL error is 0x0
04-13 00:42:56.480 22927 22963 I native-activity: Frame 644 time is 38.915ms
04-13 00:42:56.508 22927 22963 I native-activity: Swap 644 time is 67.370ms
04-13 00:42:56.509 22927 22963 I native-activity: Animating
04-13 00:42:56.522 22927 22963 I native-activity: Frame 645 GL error is 0x0
04-13 00:42:56.523 22927 22963 I native-activity: Frame 645 time is 13.882ms
04-13 00:42:56.549 22927 22963 I native-activity: Swap 645 time is 40.470ms
04-13 00:42:56.549 22927 22963 I native-activity: Animating
04-13 00:42:56.564 22927 22963 I native-activity: Frame 646 GL error is 0x0
04-13 00:42:56.564 22927 22963 I native-activity: Frame 646 time is 14.404ms
04-13 00:42:56.590 22927 22963 I native-activity: Swap 646 time is 40.449ms
04-13 00:42:56.590 22927 22963 I native-activity: Animating
04-13 00:42:56.609 22927 22963 I native-activity: Frame 647 GL error is 0x0
04-13 00:42:56.609 22927 22963 I native-activity: Frame 647 time is 19.155ms
04-13 00:42:56.635 22927 22963 I native-activity: Swap 647 time is 44.551ms
04-13 00:42:56.635 22927 22963 I native-activity: Animating
04-13 00:42:56.655 22927 22963 I native-activity: Frame 648 GL error is 0x0
04-13 00:42:56.656 22927 22963 I native-activity: Frame 648 time is 20.791ms
04-13 00:42:56.681 22927 22963 I native-activity: Swap 648 time is 46.446ms
04-13 00:42:56.681 22927 22963 I native-activity: Animating
04-13 00:42:56.703 22927 22963 I native-activity: Frame 649 GL error is 0x0
04-13 00:42:56.703 22927 22963 I native-activity: Frame 649 time is 21.809ms
04-13 00:42:56.729 22927 22963 I native-activity: Swap 649 time is 47.312ms
04-13 00:42:56.729 22927 22963 I native-activity: Animating
04-13 00:42:56.750 22927 22963 I native-activity: Frame 650 GL error is 0x0
04-13 00:42:56.750 22927 22963 I native-activity: Frame 650 time is 20.861ms
04-13 00:42:56.775 22927 22963 I native-activity: Swap 650 time is 46.178ms
04-13 00:42:56.775 22927 22963 I native-activity: Animating
04-13 00:42:56.796 22927 22963 I native-activity: Frame 651 GL error is 0x0
04-13 00:42:56.796 22927 22963 I native-activity: Frame 651 time is 21.100ms
04-13 00:42:56.821 22927 22963 I native-activity: Swap 651 time is 45.969ms
04-13 00:42:56.821 22927 22963 I native-activity: Animating
04-13 00:42:56.842 22927 22963 I native-activity: Frame 652 GL error is 0x0
04-13 00:42:56.842 22927 22963 I native-activity: Frame 652 time is 20.789ms
04-13 00:42:56.868 22927 22963 I native-activity: Swap 652 time is 46.511ms
04-13 00:42:56.868 22927 22963 I native-activity: Animating
04-13 00:42:56.889 22927 22963 I native-activity: Frame 653 GL error is 0x0
04-13 00:42:56.889 22927 22963 I native-activity: Frame 653 time is 20.790ms
04-13 00:42:56.915 22927 22963 I native-activity: Swap 653 time is 46.532ms
04-13 00:42:56.915 22927 22963 I native-activity: Animating
04-13 00:42:56.935 22927 22963 I native-activity: Frame 654 GL error is 0x0
04-13 00:42:56.935 22927 22963 I native-activity: Frame 654 time is 20.004ms
04-13 00:42:56.940     0     0 I Kernel  : [45415.615709]-(0)[0:swapper/0]dpi vsync
04-13 00:42:56.961 22927 22963 I native-activity: Swap 654 time is 45.809ms
04-13 00:42:56.961 22927 22963 I native-activity: Animating
04-13 00:42:56.980 22927 22963 I native-activity: Frame 655 GL error is 0x0
04-13 00:42:56.980 22927 22963 I native-activity: Frame 655 time is 18.724ms
04-13 00:42:57.005 22927 22963 I native-activity: Swap 655 time is 43.992ms
04-13 00:42:57.005 22927 22963 I native-activity: Animating
04-13 00:42:57.026 22927 22963 I native-activity: Frame 656 GL error is 0x0
04-13 00:42:57.026 22927 22963 I native-activity: Frame 656 time is 20.995ms
04-13 00:42:57.052 22927 22963 I native-activity: Swap 656 time is 46.206ms
04-13 00:42:57.052 22927 22963 I native-activity: Animating
04-13 00:42:57.072 22927 22963 I native-activity: Frame 657 GL error is 0x0
04-13 00:42:57.072 22927 22963 I native-activity: Frame 657 time is 19.818ms
04-13 00:42:57.097 22927 22963 I native-activity: Swap 657 time is 45.071ms
04-13 00:42:57.097 22927 22963 I native-activity: Animating
04-13 00:42:57.117 22927 22963 I native-activity: Frame 658 GL error is 0x0
04-13 00:42:57.117 22927 22963 I native-activity: Frame 658 time is 19.525ms
04-13 00:42:57.110    82    82 I Kernel  : [45415.785947].(0)[82:mtk charger_hv_]charging_reset_watch_dog_timer
04-13 00:42:57.110    82    82 I Kernel  : [45415.786860].(0)[82:mtk charger_hv_]array_size = 16 
04-13 00:42:57.142 22927 22963 I native-activity: Swap 658 time is 44.840ms
04-13 00:42:57.142 22927 22963 I native-activity: Animating
04-13 00:42:57.161 22927 22963 I native-activity: Frame 659 GL error is 0x0
04-13 00:42:57.161 22927 22963 I native-activity: Frame 659 time is 18.905ms
04-13 00:42:57.186 22927 22963 I native-activity: Swap 659 time is 44.200ms
04-13 00:42:57.187 22927 22963 I native-activity: Animating
04-13 00:42:57.205 22927 22963 I native-activity: Frame 660 GL error is 0x0
04-13 00:42:57.205 22927 22963 I native-activity: Frame 660 time is 18.852ms
04-13 00:42:57.231 22927 22963 I native-activity: Swap 660 time is 44.668ms
04-13 00:42:57.231 22927 22963 I native-activity: Animating
04-13 00:42:57.250 22927 22963 I native-activity: Frame 661 GL error is 0x0
04-13 00:42:57.250 22927 22963 I native-activity: Frame 661 time is 18.286ms
04-13 00:42:57.275 22927 22963 I native-activity: Swap 661 time is 43.233ms
04-13 00:42:57.275 22927 22963 I native-activity: Animating
04-13 00:42:57.293 22927 22963 I native-activity: Frame 662 GL error is 0x0
04-13 00:42:57.293 22927 22963 I native-activity: Frame 662 time is 18.427ms
04-13 00:42:57.319 22927 22963 I native-activity: Swap 662 time is 43.775ms
04-13 00:42:57.319 22927 22963 I native-activity: Animating
04-13 00:42:57.337 22927 22963 I native-activity: Frame 663 GL error is 0x0
04-13 00:42:57.337 22927 22963 I native-activity: Frame 663 time is 18.572ms
04-13 00:42:57.363 22927 22963 I native-activity: Swap 663 time is 44.494ms
04-13 00:42:57.364 22927 22963 I native-activity: Animating
04-13 00:42:57.388 22927 22963 I native-activity: Frame 664 GL error is 0x0
04-13 00:42:57.388 22927 22963 I native-activity: Frame 664 time is 24.039ms
04-13 00:42:57.412 22927 22963 I native-activity: Swap 664 time is 48.730ms
04-13 00:42:57.413 22927 22963 I native-activity: Animating
04-13 00:42:57.431 22927 22963 I native-activity: Frame 665 GL error is 0x0
04-13 00:42:57.431 22927 22963 I native-activity: Frame 665 time is 18.162ms
04-13 00:42:57.456 22927 22963 I native-activity: Swap 665 time is 43.212ms
04-13 00:42:57.456 22927 22963 I native-activity: Animating
04-13 00:42:57.474 22927 22963 I native-activity: Frame 666 GL error is 0x0
04-13 00:42:57.474 22927 22963 I native-activity: Frame 666 time is 18.380ms
04-13 00:42:57.500 22927 22963 I native-activity: Swap 666 time is 43.620ms
04-13 00:42:57.500 22927 22963 I native-activity: Animating
04-13 00:42:57.519 22927 22963 I native-activity: Frame 667 GL error is 0x0
04-13 00:42:57.519 22927 22963 I native-activity: Frame 667 time is 18.828ms
04-13 00:42:57.544 22927 22963 I native-activity: Swap 667 time is 44.054ms
04-13 00:42:57.544 22927 22963 I native-activity: Animating
04-13 00:42:57.564 22927 22963 I native-activity: Frame 668 GL error is 0x0
04-13 00:42:57.564 22927 22963 I native-activity: Frame 668 time is 19.520ms
04-13 00:42:57.588 22927 22963 I native-activity: Swap 668 time is 44.118ms
04-13 00:42:57.589 22927 22963 I native-activity: Animating
04-13 00:42:57.608 22927 22963 I native-activity: Frame 669 GL error is 0x0
04-13 00:42:57.608 22927 22963 I native-activity: Frame 669 time is 19.256ms
04-13 00:42:57.633 22927 22963 I native-activity: Swap 669 time is 44.147ms
04-13 00:42:57.633 22927 22963 I native-activity: Animating
04-13 00:42:57.652 22927 22963 I native-activity: Frame 670 GL error is 0x0
04-13 00:42:57.652 22927 22963 I native-activity: Frame 670 time is 19.045ms
04-13 00:42:57.677 22927 22963 I native-activity: Swap 670 time is 43.961ms
04-13 00:42:57.677 22927 22963 I native-activity: Animating
04-13 00:42:57.696 22927 22963 I native-activity: Frame 671 GL error is 0x0
04-13 00:42:57.696 22927 22963 I native-activity: Frame 671 time is 18.578ms
04-13 00:42:57.722 22927 22963 I native-activity: Swap 671 time is 44.470ms
04-13 00:42:57.722 22927 22963 I native-activity: Animating
04-13 00:42:57.740 22927 22963 I native-activity: Frame 672 GL error is 0x0
04-13 00:42:57.741 22927 22963 I native-activity: Frame 672 time is 18.747ms
04-13 00:42:57.767 22927 22963 I native-activity: Swap 672 time is 45.126ms
04-13 00:42:57.767 22927 22963 I native-activity: Animating
04-13 00:42:57.798 22927 22963 I native-activity: Frame 673 GL error is 0x0
04-13 00:42:57.798 22927 22963 I native-activity: Frame 673 time is 30.904ms
04-13 00:42:57.825 22927 22963 I native-activity: Swap 673 time is 57.753ms
04-13 00:42:57.825 22927 22963 I native-activity: Animating
04-13 00:42:57.833 22927 22963 I native-activity: Frame 674 GL error is 0x0
04-13 00:42:57.833 22927 22963 I native-activity: Frame 674 time is 8.144ms
04-13 00:42:57.859 22927 22963 I native-activity: Swap 674 time is 33.774ms
04-13 00:42:57.859 22927 22963 I native-activity: Animating
04-13 00:42:57.868 22927 22963 I native-activity: Frame 675 GL error is 0x0
04-13 00:42:57.868 22927 22963 I native-activity: Frame 675 time is 9.300ms
04-13 00:42:57.892 22927 22963 I native-activity: Swap 675 time is 33.178ms
04-13 00:42:57.892 22927 22963 I native-activity: Animating
04-13 00:42:57.903 22927 22963 I native-activity: Frame 676 GL error is 0x0
04-13 00:42:57.903 22927 22963 I native-activity: Frame 676 time is 10.280ms
04-13 00:42:57.927 22927 22963 I native-activity: Swap 676 time is 34.374ms
04-13 00:42:57.927 22927 22963 I native-activity: Animating
04-13 00:42:57.938 22927 22963 I native-activity: Frame 677 GL error is 0x0
04-13 00:42:57.938 22927 22963 I native-activity: Frame 677 time is 10.782ms
04-13 00:42:57.962 22927 22963 I native-activity: Swap 677 time is 34.999ms
04-13 00:42:57.962 22927 22963 I native-activity: Animating
04-13 00:42:57.972 22927 22963 I native-activity: Frame 678 GL error is 0x0
04-13 00:42:57.972 22927 22963 I native-activity: Frame 678 time is 10.243ms
04-13 00:42:57.997 22927 22963 I native-activity: Swap 678 time is 34.905ms
04-13 00:42:57.997 22927 22963 I native-activity: Animating
04-13 00:42:58.008 22927 22963 I native-activity: Frame 679 GL error is 0x0
04-13 00:42:58.008 22927 22963 I native-activity: Frame 679 time is 10.701ms
04-13 00:42:58.031 22927 22963 I native-activity: Swap 679 time is 33.798ms
04-13 00:42:58.031 22927 22963 I native-activity: Animating
04-13 00:42:58.046 22927 22963 I native-activity: Frame 680 GL error is 0x0
04-13 00:42:58.046 22927 22963 I native-activity: Frame 680 time is 15.012ms
04-13 00:42:58.070 22927 22963 I native-activity: Swap 680 time is 38.814ms
04-13 00:42:58.070 22927 22963 I native-activity: Animating
04-13 00:42:58.086 22927 22963 I native-activity: Frame 681 GL error is 0x0
04-13 00:42:58.086 22927 22963 I native-activity: Frame 681 time is 15.792ms
04-13 00:42:58.110 22927 22963 I native-activity: Swap 681 time is 39.628ms
04-13 00:42:58.110 22927 22963 I native-activity: Animating
04-13 00:42:58.110    82    82 I Kernel  : [45416.788136].(1)[82:mtk charger_hv_]charging_reset_watch_dog_timer
04-13 00:42:58.110    82    82 I Kernel  : [45416.789076].(1)[82:mtk charger_hv_]array_size = 16 
04-13 00:42:58.133 22927 22963 I native-activity: Frame 682 GL error is 0x0
04-13 00:42:58.133 22927 22963 I native-activity: Frame 682 time is 22.478ms
04-13 00:42:58.130  2137  2137 I Kernel  : [45416.803037][wlan] nicTxReleaseResource: (TX STATE)
04-13 00:42:58.130  2137  2137 I Kernel  : Release: TC4 count 1, Free=3; TC5 count 0, Free=4
04-13 00:42:58.130  2159  2159 I Kernel  : [45416.803921].(0)[2159:wpa_supplicant]poorlink get state G(361669)F(49)dbad(0)dretry(0)LT(540)RT(-78)W(0)(12234)
04-13 00:42:58.130  2137  2137 I Kernel  : [45416.804445][wlan] nicTxReleaseResource: (TX STATE)
04-13 00:42:58.130  2137  2137 I Kernel  : Release: TC4 count 1, Free=4; TC5 count 0, Free=4
04-13 00:42:58.157 22927 22963 I native-activity: Swap 682 time is 46.917ms
04-13 00:42:58.157 22927 22963 I native-activity: Animating
04-13 00:42:58.173 22927 22963 I native-activity: Frame 683 GL error is 0x0
04-13 00:42:58.173 22927 22963 I native-activity: Frame 683 time is 16.000ms
04-13 00:42:58.197 22927 22963 I native-activity: Swap 683 time is 40.203ms
04-13 00:42:58.198 22927 22963 I native-activity: Animating
04-13 00:42:58.213 22927 22963 I native-activity: Frame 684 GL error is 0x0
04-13 00:42:58.213 22927 22963 I native-activity: Frame 684 time is 15.369ms
04-13 00:42:58.237 22927 22963 I native-activity: Swap 684 time is 38.815ms
04-13 00:42:58.237 22927 22963 I native-activity: Animating
04-13 00:42:58.251 22927 22963 I native-activity: Frame 685 GL error is 0x0
04-13 00:42:58.251 22927 22963 I native-activity: Frame 685 time is 14.713ms
04-13 00:42:58.275 22927 22963 I native-activity: Swap 685 time is 38.052ms
04-13 00:42:58.275 22927 22963 I native-activity: Animating
04-13 00:42:58.290 22927 22963 I native-activity: Frame 686 GL error is 0x0
04-13 00:42:58.290 22927 22963 I native-activity: Frame 686 time is 14.650ms
04-13 00:42:58.313 22927 22963 I native-activity: Swap 686 time is 38.122ms
04-13 00:42:58.313 22927 22963 I native-activity: Animating
04-13 00:42:58.328 22927 22963 I native-activity: Frame 687 GL error is 0x0
04-13 00:42:58.328 22927 22963 I native-activity: Frame 687 time is 15.020ms
04-13 00:42:58.352 22927 22963 I native-activity: Swap 687 time is 38.955ms
04-13 00:42:58.352 22927 22963 I native-activity: Animating
04-13 00:42:58.367 22927 22963 I native-activity: Frame 688 GL error is 0x0
04-13 00:42:58.367 22927 22963 I native-activity: Frame 688 time is 14.611ms
04-13 00:42:58.392 22927 22963 I native-activity: Swap 688 time is 39.931ms
04-13 00:42:58.393 22927 22963 I native-activity: Animating
04-13 00:42:58.407 22927 22963 I native-activity: Frame 689 GL error is 0x0
04-13 00:42:58.407 22927 22963 I native-activity: Frame 689 time is 14.690ms
04-13 00:42:58.431 22927 22963 I native-activity: Swap 689 time is 38.432ms
04-13 00:42:58.431 22927 22963 I native-activity: Animating
04-13 00:42:58.449 22927 22963 I native-activity: Frame 690 GL error is 0x0
04-13 00:42:58.449 22927 22963 I native-activity: Frame 690 time is 17.914ms
04-13 00:42:58.472 22927 22963 I native-activity: Swap 690 time is 41.181ms
04-13 00:42:58.473 22927 22963 I native-activity: Animating
04-13 00:42:58.486 22927 22963 I native-activity: Frame 691 GL error is 0x0
04-13 00:42:58.486 22927 22963 I native-activity: Frame 691 time is 13.847ms
04-13 00:42:58.510 22927 22963 I native-activity: Swap 691 time is 37.806ms
04-13 00:42:58.511 22927 22963 I native-activity: Animating
04-13 00:42:58.525 22927 22963 I native-activity: Frame 692 GL error is 0x0
04-13 00:42:58.525 22927 22963 I native-activity: Frame 692 time is 14.476ms
04-13 00:42:58.550 22927 22963 I native-activity: Swap 692 time is 39.304ms
04-13 00:42:58.550 22927 22963 I native-activity: Animating
04-13 00:42:58.565 22927 22963 I native-activity: Frame 693 GL error is 0x0
04-13 00:42:58.565 22927 22963 I native-activity: Frame 693 time is 14.527ms
04-13 00:42:58.589 22927 22963 I native-activity: Swap 693 time is 38.864ms
04-13 00:42:58.589 22927 22963 I native-activity: Animating
04-13 00:42:58.604 22927 22963 I native-activity: Frame 694 GL error is 0x0
04-13 00:42:58.604 22927 22963 I native-activity: Frame 694 time is 14.776ms
04-13 00:42:58.628 22927 22963 I native-activity: Swap 694 time is 38.739ms
04-13 00:42:58.628 22927 22963 I native-activity: Animating
04-13 00:42:58.637 22927 22963 I native-activity: Frame 695 GL error is 0x0
04-13 00:42:58.638 22927 22963 I native-activity: Frame 695 time is 9.380ms
04-13 00:42:58.661 22927 22963 I native-activity: Swap 695 time is 33.053ms
04-13 00:42:58.661 22927 22963 I native-activity: Animating
04-13 00:42:58.670 22927 22963 I native-activity: Frame 696 GL error is 0x0
04-13 00:42:58.670 22927 22963 I native-activity: Frame 696 time is 8.922ms
04-13 00:42:58.694 22927 22963 I native-activity: Swap 696 time is 32.963ms
04-13 00:42:58.695 22927 22963 I native-activity: Animating
04-13 00:42:58.704 22927 22963 I native-activity: Frame 697 GL error is 0x0
04-13 00:42:58.704 22927 22963 I native-activity: Frame 697 time is 9.428ms
04-13 00:42:58.729 22927 22963 I native-activity: Swap 697 time is 34.268ms
04-13 00:42:58.729 22927 22963 I native-activity: Animating
04-13 00:42:58.739 22927 22963 I native-activity: Frame 698 GL error is 0x0
04-13 00:42:58.740 22927 22963 I native-activity: Frame 698 time is 10.424ms
04-13 00:42:58.764 22927 22963 I native-activity: Swap 698 time is 34.835ms
04-13 00:42:58.765 22927 22963 I native-activity: Animating
04-13 00:42:58.776 22927 22963 I native-activity: Frame 699 GL error is 0x0
04-13 00:42:58.776 22927 22963 I native-activity: Frame 699 time is 11.037ms
04-13 00:42:58.800 22927 22963 I native-activity: Swap 699 time is 35.422ms
04-13 00:42:58.801 22927 22963 I native-activity: Animating
04-13 00:42:58.811 22927 22963 I native-activity: Frame 700 GL error is 0x0
04-13 00:42:58.811 22927 22963 I native-activity: Frame 700 time is 10.459ms
04-13 00:42:58.836 22927 22963 I native-activity: Swap 700 time is 35.626ms
04-13 00:42:58.837 22927 22963 I native-activity: Animating
04-13 00:42:58.847 22927 22963 I native-activity: Frame 701 GL error is 0x0
04-13 00:42:58.848 22927 22963 I native-activity: Frame 701 time is 10.977ms
04-13 00:42:58.872 22927 22963 I native-activity: Swap 701 time is 35.573ms
04-13 00:42:58.872 22927 22963 I native-activity: Animating
04-13 00:42:58.883 22927 22963 I native-activity: Frame 702 GL error is 0x0
04-13 00:42:58.883 22927 22963 I native-activity: Frame 702 time is 10.956ms
04-13 00:42:58.908 22927 22963 I native-activity: Swap 702 time is 35.661ms
04-13 00:42:58.908 22927 22963 I native-activity: Animating
04-13 00:42:58.920 22927 22963 I native-activity: Frame 703 GL error is 0x0
04-13 00:42:58.920 22927 22963 I native-activity: Frame 703 time is 12.108ms
04-13 00:42:58.945 22927 22963 I native-activity: Swap 703 time is 37.016ms
04-13 00:42:58.945 22927 22963 I native-activity: Animating
04-13 00:42:58.957 22927 22963 I native-activity: Frame 704 GL error is 0x0
04-13 00:42:58.957 22927 22963 I native-activity: Frame 704 time is 11.238ms
04-13 00:42:58.982 22927 22963 I native-activity: Swap 704 time is 36.970ms
04-13 00:42:58.983 22927 22963 I native-activity: Animating
04-13 00:42:58.970   230 10692 I Kernel  : [45417.647881]-(0)[10692:adbd]dpi vsync
04-13 00:42:58.997 22927 22963 I native-activity: Frame 705 GL error is 0x0
04-13 00:42:58.997 22927 22963 I native-activity: Frame 705 time is 14.767ms
04-13 00:42:59.024 22927 22963 I native-activity: Swap 705 time is 41.382ms
04-13 00:42:59.024 22927 22963 I native-activity: Animating
04-13 00:42:59.037 22927 22963 I native-activity: Frame 706 GL error is 0x0
04-13 00:42:59.037 22927 22963 I native-activity: Frame 706 time is 12.620ms
04-13 00:42:59.030    81    81 I Kernel  : [45417.704605].(0)[81:bat_thread_kthr][BAT_thread]Cable in, CHR_Type_num=2
04-13 00:42:59.040    81    81 I Kernel  : [45417.715365].(0)[81:bat_thread_kthr]AvgVbat=(4203),bat_vol=(4204),AvgI=(0),I=(0),VChr=(4598),AvgT=(24),T=(25),pre_SOC=(100),SOC=(100),ZCV=(4045)
04-13 00:42:59.040    81    81 I Kernel  : [45417.715453].(0)[81:bat_thread_kthr][BATTERY] support JEITA, temperature=24
04-13 00:42:59.040    81    81 I Kernel  : [45417.715477][BATTERY] Battery Normal Temperature between 10 and 45 !!
04-13 00:42:59.040    81    81 I Kernel  : [45417.715506].(0)[81:bat_thread_kthr]array_size = 51 
04-13 00:42:59.040    81    81 I Kernel  : [45417.716396].(0)[81:bat_thread_kthr]charging_reset_watch_dog_timer
04-13 00:42:59.063 22927 22963 I native-activity: Swap 706 time is 39.061ms
04-13 00:42:59.064 22927 22963 I native-activity: Animating
04-13 00:42:59.076 22927 22963 I native-activity: Frame 707 GL error is 0x0
04-13 00:42:59.076 22927 22963 I native-activity: Frame 707 time is 12.352ms
04-13 00:42:59.060    81    81 I Kernel  : [45417.735979].(0)[81:bat_thread_kthr][BATTERY] Default CC mode charging : 150000, input current = 150000
04-13 00:42:59.060    81    81 I Kernel  : [45417.736023].(0)[81:bat_thread_kthr]array_size = 8 
04-13 00:42:59.060    81    81 I Kernel  : [45417.737763].(0)[81:bat_thread_kthr]array_size = 28 
04-13 00:42:59.070    81    81 I Kernel  : [45417.742581].(0)[81:bat_thread_kthr]charging_dump_register
04-13 00:42:59.070    81    81 I Kernel  : [45417.744310].(0)[81:bat_thread_kthr][bq24296_dump_register] Reg[0x0]=0x45
04-13 00:42:59.070    81    81 I Kernel  : [45417.744844].(0)[81:bat_thread_kthr][bq24296_dump_register] Reg[0x1]=0x1B
04-13 00:42:59.070    81    81 I Kernel  : [45417.745372].(0)[81:bat_thread_kthr][bq24296_dump_register] Reg[0x2]=0x3C
04-13 00:42:59.070    81    81 I Kernel  : [45417.745899].(0)[81:bat_thread_kthr][bq24296_dump_register] Reg[0x3]=0x30
04-13 00:42:59.070    81    81 I Kernel  : [45417.746426].(0)[81:bat_thread_kthr][bq24296_dump_register] Reg[0x4]=0xB2
04-13 00:42:59.070    81    81 I Kernel  : [45417.746948].(0)[81:bat_thread_kthr][bq24296_dump_register] Reg[0x5]=0x94
04-13 00:42:59.070    81    81 I Kernel  : [45417.747472].(0)[81:bat_thread_kthr][bq24296_dump_register] Reg[0x6]=0x73
04-13 00:42:59.070    81    81 I Kernel  : [45417.747995].(0)[81:bat_thread_kthr][bq24296_dump_register] Reg[0x7]=0x48
04-13 00:42:59.070    81    81 I Kernel  : [45417.748517].(0)[81:bat_thread_kthr][bq24296_dump_register] Reg[0x8]=0x64
04-13 00:42:59.070    81    81 I Kernel  : [45417.749039].(0)[81:bat_thread_kthr][bq24296_dump_register] Reg[0x9]=0x0
04-13 00:42:59.070    81    81 I Kernel  : [45417.749564].(0)[81:bat_thread_kthr][bq24296_dump_register] Reg[0xA]=0x20
04-13 00:42:59.070    81    81 I Kernel  : [45417.750583].(0)[81:bat_thread_kthr][100percent],UI_SOC = 99
04-13 00:42:59.070    81    81 I Kernel  : [45417.750614].(0)[81:bat_thread_kthr]UI_SOC=(100), resetBatteryMeter=(0)
04-13 00:42:59.070    81    81 I Kernel  : [45417.750856].(0)[81:bat_thread_kthr][mt_kpoc_power_off_check] , chr_vol=4598, boot_mode=0
04-13 00:42:59.080   139   139 I Kernel  : [45417.753036].(0)[139:healthd]healthd: battery l=100 v=4203 t=24.0 h=2 st=5 chg=u
04-13 00:42:59.091   143   315 I hwcomposer: [DPY] UEventThread::threadLoop recv change@/devices/platform/battery/power_supply/battery
04-13 00:42:59.103 22927 22963 I native-activity: Swap 707 time is 39.724ms
04-13 00:42:59.103 22927 22963 I native-activity: Animating
04-13 00:42:59.116 22927 22963 I native-activity: Frame 708 GL error is 0x0
04-13 00:42:59.116 22927 22963 I native-activity: Frame 708 time is 12.138ms
04-13 00:42:59.110    82    82 I Kernel  : [45417.789194].(1)[82:mtk charger_hv_]charging_reset_watch_dog_timer
04-13 00:42:59.110    82    82 I Kernel  : [45417.790108].(0)[82:mtk charger_hv_]array_size = 16 
04-13 00:42:59.143 22927 22963 I native-activity: Swap 708 time is 39.231ms
04-13 00:42:59.143 22927 22963 I native-activity: Animating
04-13 00:42:59.155 22927 22963 I native-activity: Frame 709 GL error is 0x0
04-13 00:42:59.156 22927 22963 I native-activity: Frame 709 time is 12.530ms
04-13 00:42:59.183 22927 22963 I native-activity: Swap 709 time is 39.545ms
04-13 00:42:59.183 22927 22963 I native-activity: Animating
04-13 00:42:59.195 22927 22963 I native-activity: Frame 710 GL error is 0x0
04-13 00:42:59.195 22927 22963 I native-activity: Frame 710 time is 12.503ms
04-13 00:42:59.222 22927 22963 I native-activity: Swap 710 time is 39.680ms
