04-13 00:40:12.003   917  1642 D ConnectivityService: rematching NetworkAgentInfo [WIFI () - 100]
04-13 00:40:12.003   917  1642 D ConnectivityService: Network NetworkAgentInfo [WIFI () - 100] was already satisfying request 1. No change.
04-13 00:40:12.003   917  1642 D ConnectivityService: notifyType AVAILABLE for NetworkAgentInfo [WIFI () - 100]
04-13 00:40:12.004  1787  2595 D ConnectivityManager.CallbackHandler: CM callback handler got msg 524290
04-13 00:40:12.007 22070 22103 I native-activity: Frame 517 GL error is 0x0
04-13 00:40:12.007 22070 22103 I native-activity: Frame 517 time is 17.393ms
04-13 00:40:12.007 22070 22103 I native-activity: Doing egl_swapbuffers_sync 1
04-13 00:40:12.007 22070 22103 D native-activity: Reading pixels format 0x1908 type 0x1401 bpp 4
04-13 00:40:12.007 21121 21279 D ConnectivityManager.CallbackHandler: CM callback handler got msg 524290
04-13 00:40:11.990  2159  2159 I Kernel  : [45250.662956].(2)[2159:wpa_supplicant]poorlink get state G(361480)F(49)dbad(0)dretry(0)LT(405)RT(-78)W(0)(12179)
04-13 00:40:11.990  2137  2137 I Kernel  : [45250.663611][wlan] nicTxReleaseResource: (TX STATE)
04-13 00:40:11.990  2137  2137 I Kernel  : Release: TC4 count 1, Free=4; TC5 count 0, Free=4
04-13 00:40:12.022 22070 22103 I native-activity: Read pixels, GL error is 0x0
04-13 00:40:12.023 22070 22103 I native-activity: Swap 517 time is 33.336ms
04-13 00:40:12.023 22070 22103 I native-activity: Animating
04-13 00:40:12.035 22070 22103 I native-activity: Frame 518 GL error is 0x0
04-13 00:40:12.035 22070 22103 I native-activity: Frame 518 time is 12.159ms
04-13 00:40:12.035 22070 22103 I native-activity: Doing egl_swapbuffers_sync 1
04-13 00:40:12.035 22070 22103 D native-activity: Reading pixels format 0x1908 type 0x1401 bpp 4
04-13 00:40:12.050 22070 22103 I native-activity: Read pixels, GL error is 0x0
04-13 00:40:12.050 22070 22103 I native-activity: Swap 518 time is 27.145ms
04-13 00:40:12.050 22070 22103 I native-activity: Animating
04-13 00:40:12.059 22070 22103 I native-activity: Frame 519 GL error is 0x0
04-13 00:40:12.059 22070 22103 I native-activity: Frame 519 time is 9.054ms
04-13 00:40:12.059 22070 22103 I native-activity: Doing egl_swapbuffers_sync 1
04-13 00:40:12.059 22070 22103 D native-activity: Reading pixels format 0x1908 type 0x1401 bpp 4
04-13 00:40:12.074 22070 22103 I native-activity: Read pixels, GL error is 0x0
04-13 00:40:12.074 22070 22103 I native-activity: Swap 519 time is 24.021ms
04-13 00:40:12.074 22070 22103 I native-activity: Animating
04-13 00:40:12.083 22070 22103 I native-activity: Frame 520 GL error is 0x0
04-13 00:40:12.084 22070 22103 I native-activity: Frame 520 time is 9.475ms
04-13 00:40:12.084 22070 22103 I native-activity: Doing egl_swapbuffers_sync 1
04-13 00:40:12.084 22070 22103 D native-activity: Reading pixels format 0x1908 type 0x1401 bpp 4
04-13 00:40:12.098 22070 22103 I native-activity: Read pixels, GL error is 0x0
04-13 00:40:12.098 22070 22103 I native-activity: Swap 520 time is 24.296ms
04-13 00:40:12.098 22070 22103 I native-activity: Animating
04-13 00:40:12.108 22070 22103 I native-activity: Frame 521 GL error is 0x0
04-13 00:40:12.108 22070 22103 I native-activity: Frame 521 time is 9.633ms
04-13 00:40:12.108 22070 22103 I native-activity: Doing egl_swapbuffers_sync 1
04-13 00:40:12.108 22070 22103 D native-activity: Reading pixels format 0x1908 type 0x1401 bpp 4
04-13 00:40:12.123 22070 22103 I native-activity: Read pixels, GL error is 0x0
04-13 00:40:12.123 22070 22103 I native-activity: Swap 521 time is 24.562ms
04-13 00:40:12.123 22070 22103 I native-activity: Animating
04-13 00:40:12.134 22070 22103 I native-activity: Frame 522 GL error is 0x0
04-13 00:40:12.134 22070 22103 I native-activity: Frame 522 time is 11.034ms
04-13 00:40:12.134 22070 22103 I native-activity: Doing egl_swapbuffers_sync 1
04-13 00:40:12.134 22070 22103 D native-activity: Reading pixels format 0x1908 type 0x1401 bpp 4
04-13 00:40:12.143 20692 20755 I AmazonCMS: CMS is no longer being used, shutting down...
04-13 00:40:12.144 20692 20755 D AmazonCMS: Reconciler closing
04-13 00:40:12.151 22070 22103 I native-activity: Read pixels, GL error is 0x0
04-13 00:40:12.152 22070 22103 I native-activity: Swap 522 time is 28.390ms
04-13 00:40:12.152 22070 22103 I native-activity: Animating
04-13 00:40:12.166 22070 22103 I native-activity: Frame 523 GL error is 0x0
04-13 00:40:12.166 22070 22103 I native-activity: Frame 523 time is 14.608ms
04-13 00:40:12.166 22070 22103 I native-activity: Doing egl_swapbuffers_sync 1
04-13 00:40:12.166 22070 22103 D native-activity: Reading pixels format 0x1908 type 0x1401 bpp 4
04-13 00:40:12.182 22070 22103 I native-activity: Read pixels, GL error is 0x0
04-13 00:40:12.182 22070 22103 I native-activity: Swap 523 time is 30.388ms
04-13 00:40:12.182 22070 22103 I native-activity: Animating
04-13 00:40:12.197 22070 22103 I native-activity: Frame 524 GL error is 0x0
04-13 00:40:12.197 22070 22103 I native-activity: Frame 524 time is 14.876ms
04-13 00:40:12.197 22070 22103 I native-activity: Doing egl_swapbuffers_sync 1
04-13 00:40:12.197 22070 22103 D native-activity: Reading pixels format 0x1908 type 0x1401 bpp 4
04-13 00:40:12.213 22070 22103 I native-activity: Read pixels, GL error is 0x0
04-13 00:40:12.213 22070 22103 I native-activity: Swap 524 time is 30.849ms
04-13 00:40:12.213 22070 22103 I native-activity: Animating
04-13 00:40:12.223 22070 22103 I native-activity: Frame 525 GL error is 0x0
04-13 00:40:12.223 22070 22103 I native-activity: Frame 525 time is 9.479ms
04-13 00:40:12.223 22070 22103 I native-activity: Doing egl_swapbuffers_sync 1
04-13 00:40:12.223 22070 22103 D native-activity: Reading pixels format 0x1908 type 0x1401 bpp 4
04-13 00:40:12.238 22070 22103 I native-activity: Read pixels, GL error is 0x0
04-13 00:40:12.238 22070 22103 I native-activity: Swap 525 time is 24.488ms
04-13 00:40:12.238 22070 22103 I native-activity: Animating
04-13 00:40:12.259 22070 22103 I native-activity: Frame 526 GL error is 0x0
04-13 00:40:12.259 22070 22103 I native-activity: Frame 526 time is 20.832ms
04-13 00:40:12.259 22070 22103 I native-activity: Doing egl_swapbuffers_sync 1
04-13 00:40:12.259 22070 22103 D native-activity: Reading pixels format 0x1908 type 0x1401 bpp 4
04-13 00:40:12.275 22070 22103 I native-activity: Read pixels, GL error is 0x0
04-13 00:40:12.275 22070 22103 I native-activity: Swap 526 time is 37.358ms
04-13 00:40:12.275 22070 22103 I native-activity: Animating
04-13 00:40:12.289 22070 22103 I native-activity: Frame 527 GL error is 0x0
04-13 00:40:12.289 22070 22103 I native-activity: Frame 527 time is 13.401ms
04-13 00:40:12.289 22070 22103 I native-activity: Doing egl_swapbuffers_sync 1
04-13 00:40:12.289 22070 22103 D native-activity: Reading pixels format 0x1908 type 0x1401 bpp 4
04-13 00:40:12.280 21409 21409 I Kernel  : [45250.951729].(0)[21409:kworker/0:1H]regs_hotplug_callback cpu = 2
04-13 00:40:12.280    15    15 I Kernel  : [45250.952282]-(2)[15:migration/2][Power/hotplug] platform_cpu_disable, cpu: 2
04-13 00:40:12.280    15    15 I Kernel  : [45250.952580]-(2)[15:migration/2]regs_hotplug_callback cpu = 2
04-13 00:40:12.280     0     0 I Kernel  : [45250.952647]-(2)[0:swapper/2][Power/hotplug] platform_cpu_die, cpu: 2
04-13 00:40:12.280 21409 21409 I Kernel  : [45250.953251].(0)[21409:kworker/0:1H]CPU2: shutdown
04-13 00:40:12.280 21409 21409 I Kernel  : [45250.953281].(0)[21409:kworker/0:1H][Power/hotplug] platform_cpu_kill, cpu: 2
04-13 00:40:12.280 21409 21409 I Kernel  : [45250.953821].(0)[21409:kworker/0:1H]regs_hotplug_callback cpu = 2
04-13 00:40:12.280 21409 21409 I Kernel  : [45250.954160].(0)[21409:kworker/0:1H][WDK]cpu 2 plug off, kick wdt
04-13 00:40:12.280 21409 21409 I Kernel  : [45250.954287].(0)[21409:kworker/0:1H]regs_hotplug_callback cpu = 2
04-13 00:40:12.305 22070 22103 I native-activity: Read pixels, GL error is 0x0
04-13 00:40:12.305 22070 22103 I native-activity: Swap 527 time is 29.395ms
04-13 00:40:12.305 22070 22103 I native-activity: Animating
04-13 00:40:12.324 22070 22103 I native-activity: Frame 528 GL error is 0x0
04-13 00:40:12.324 22070 22103 I native-activity: Frame 528 time is 18.986ms
04-13 00:40:12.324 22070 22103 I native-activity: Doing egl_swapbuffers_sync 1
04-13 00:40:12.324 22070 22103 D native-activity: Reading pixels format 0x1908 type 0x1401 bpp 4
04-13 00:40:12.339 22070 22103 I native-activity: Read pixels, GL error is 0x0
04-13 00:40:12.339 22070 22103 I native-activity: Swap 528 time is 34.544ms
04-13 00:40:12.341 22070 22103 I native-activity: Animating
04-13 00:40:12.330 22070 22103 I Kernel  : [45251.009799]-(0)[22103:Thread-7272]dpi vsync
04-13 00:40:12.359 22070 22103 I native-activity: Frame 529 GL error is 0x0
04-13 00:40:12.359 22070 22103 I native-activity: Frame 529 time is 18.443ms
04-13 00:40:12.359 22070 22103 I native-activity: Doing egl_swapbuffers_sync 1
04-13 00:40:12.359 22070 22103 D native-activity: Reading pixels format 0x1908 type 0x1401 bpp 4
04-13 00:40:12.374 22070 22103 I native-activity: Read pixels, GL error is 0x0
04-13 00:40:12.374 22070 22103 I native-activity: Swap 529 time is 33.694ms
04-13 00:40:12.374 22070 22103 I native-activity: Animating
04-13 00:40:12.390 22070 22103 I native-activity: Frame 530 GL error is 0x0
04-13 00:40:12.390 22070 22103 I native-activity: Frame 530 time is 15.251ms
04-13 00:40:12.390 22070 22103 I native-activity: Doing egl_swapbuffers_sync 1
04-13 00:40:12.391 22070 22103 D native-activity: Reading pixels format 0x1908 type 0x1401 bpp 4
04-13 00:40:12.405 22070 22103 I native-activity: Read pixels, GL error is 0x0
04-13 00:40:12.405 22070 22103 I native-activity: Swap 530 time is 31.014ms
04-13 00:40:12.406 22070 22103 I native-activity: Animating
04-13 00:40:12.422 22070 22103 I native-activity: Frame 531 GL error is 0x0
04-13 00:40:12.422 22070 22103 I native-activity: Frame 531 time is 16.389ms
04-13 00:40:12.422 22070 22103 I native-activity: Doing egl_swapbuffers_sync 1
04-13 00:40:12.422 22070 22103 D native-activity: Reading pixels format 0x1908 type 0x1401 bpp 4
04-13 00:40:12.436 22070 22103 I native-activity: Read pixels, GL error is 0x0
04-13 00:40:12.436 22070 22103 I native-activity: Swap 531 time is 30.358ms
04-13 00:40:12.436 22070 22103 I native-activity: Animating
04-13 00:40:12.451 22070 22103 I native-activity: Frame 532 GL error is 0x0
04-13 00:40:12.451 22070 22103 I native-activity: Frame 532 time is 14.877ms
04-13 00:40:12.451 22070 22103 I native-activity: Doing egl_swapbuffers_sync 1
04-13 00:40:12.451 22070 22103 D native-activity: Reading pixels format 0x1908 type 0x1401 bpp 4
04-13 00:40:12.464 22070 22103 I native-activity: Read pixels, GL error is 0x0
04-13 00:40:12.464 22070 22103 I native-activity: Swap 532 time is 28.407ms
04-13 00:40:12.465 22070 22103 I native-activity: Animating
04-13 00:40:12.480 22070 22103 I native-activity: Frame 533 GL error is 0x0
04-13 00:40:12.480 22070 22103 I native-activity: Frame 533 time is 15.233ms
04-13 00:40:12.480 22070 22103 I native-activity: Doing egl_swapbuffers_sync 1
04-13 00:40:12.480 22070 22103 D native-activity: Reading pixels format 0x1908 type 0x1401 bpp 4
04-13 00:40:12.493 22070 22103 I native-activity: Read pixels, GL error is 0x0
04-13 00:40:12.493 22070 22103 I native-activity: Swap 533 time is 28.372ms
04-13 00:40:12.493 22070 22103 I native-activity: Animating
04-13 00:40:12.508 22070 22103 I native-activity: Frame 534 GL error is 0x0
04-13 00:40:12.508 22070 22103 I native-activity: Frame 534 time is 14.943ms
04-13 00:40:12.508 22070 22103 I native-activity: Doing egl_swapbuffers_sync 1
04-13 00:40:12.508 22070 22103 D native-activity: Reading pixels format 0x1908 type 0x1401 bpp 4
04-13 00:40:12.522 22070 22103 I native-activity: Read pixels, GL error is 0x0
04-13 00:40:12.522 22070 22103 I native-activity: Swap 534 time is 28.994ms
04-13 00:40:12.522 22070 22103 I native-activity: Animating
04-13 00:40:12.537 22070 22103 I native-activity: Frame 535 GL error is 0x0
04-13 00:40:12.537 22070 22103 I native-activity: Frame 535 time is 15.072ms
04-13 00:40:12.537 22070 22103 I native-activity: Doing egl_swapbuffers_sync 1
04-13 00:40:12.537 22070 22103 D native-activity: Reading pixels format 0x1908 type 0x1401 bpp 4
04-13 00:40:12.551 22070 22103 I native-activity: Read pixels, GL error is 0x0
04-13 00:40:12.551 22070 22103 I native-activity: Swap 535 time is 28.918ms
04-13 00:40:12.551 22070 22103 I native-activity: Animating
04-13 00:40:12.570 22070 22103 I native-activity: Frame 536 GL error is 0x0
04-13 00:40:12.571 22070 22103 I native-activity: Frame 536 time is 19.332ms
04-13 00:40:12.571 22070 22103 I native-activity: Doing egl_swapbuffers_sync 1
04-13 00:40:12.571 22070 22103 D native-activity: Reading pixels format 0x1908 type 0x1401 bpp 4
04-13 00:40:12.584 22070 22103 I native-activity: Read pixels, GL error is 0x0
04-13 00:40:12.584 22070 22103 I native-activity: Swap 536 time is 33.001ms
04-13 00:40:12.584 22070 22103 I native-activity: Animating
04-13 00:40:12.608 22070 22103 I native-activity: Frame 537 GL error is 0x0
04-13 00:40:12.608 22070 22103 I native-activity: Frame 537 time is 23.519ms
04-13 00:40:12.608 22070 22103 I native-activity: Doing egl_swapbuffers_sync 1
04-13 00:40:12.608 22070 22103 D native-activity: Reading pixels format 0x1908 type 0x1401 bpp 4
04-13 00:40:12.623 22070 22103 I native-activity: Read pixels, GL error is 0x0
04-13 00:40:12.623 22070 22103 I native-activity: Swap 537 time is 38.553ms
04-13 00:40:12.623 22070 22103 I native-activity: Animating
04-13 00:40:12.645 22070 22103 I native-activity: Frame 538 GL error is 0x0
04-13 00:40:12.645 22070 22103 I native-activity: Frame 538 time is 21.758ms
04-13 00:40:12.645 22070 22103 I native-activity: Doing egl_swapbuffers_sync 1
04-13 00:40:12.645 22070 22103 D native-activity: Reading pixels format 0x1908 type 0x1401 bpp 4
04-13 00:40:12.658 22070 22103 I native-activity: Read pixels, GL error is 0x0
04-13 00:40:12.659 22070 22103 I native-activity: Swap 538 time is 35.465ms
04-13 00:40:12.659 22070 22103 I native-activity: Animating
04-13 00:40:12.682 22070 22103 I native-activity: Frame 539 GL error is 0x0
04-13 00:40:12.682 22070 22103 I native-activity: Frame 539 time is 23.564ms
04-13 00:40:12.682 22070 22103 I native-activity: Doing egl_swapbuffers_sync 1
04-13 00:40:12.682 22070 22103 D native-activity: Reading pixels format 0x1908 type 0x1401 bpp 4
04-13 00:40:12.696 22070 22103 I native-activity: Read pixels, GL error is 0x0
04-13 00:40:12.696 22070 22103 I native-activity: Swap 539 time is 37.151ms
04-13 00:40:12.696 22070 22103 I native-activity: Animating
04-13 00:40:12.718 22070 22103 I native-activity: Frame 540 GL error is 0x0
04-13 00:40:12.718 22070 22103 I native-activity: Frame 540 time is 22.202ms
04-13 00:40:12.718 22070 22103 I native-activity: Doing egl_swapbuffers_sync 1
04-13 00:40:12.718 22070 22103 D native-activity: Reading pixels format 0x1908 type 0x1401 bpp 4
04-13 00:40:12.732 22070 22103 I native-activity: Read pixels, GL error is 0x0
04-13 00:40:12.732 22070 22103 I native-activity: Swap 540 time is 35.660ms
04-13 00:40:12.732 22070 22103 I native-activity: Animating
04-13 00:40:12.754 22070 22103 I native-activity: Frame 541 GL error is 0x0
04-13 00:40:12.754 22070 22103 I native-activity: Frame 541 time is 22.240ms
04-13 00:40:12.754 22070 22103 I native-activity: Doing egl_swapbuffers_sync 1
04-13 00:40:12.754 22070 22103 D native-activity: Reading pixels format 0x1908 type 0x1401 bpp 4
04-13 00:40:12.769 22070 22103 I native-activity: Read pixels, GL error is 0x0
04-13 00:40:12.769 22070 22103 I native-activity: Swap 541 time is 36.728ms
04-13 00:40:12.769 22070 22103 I native-activity: Animating
04-13 00:40:12.790 22070 22103 I native-activity: Frame 542 GL error is 0x0
04-13 00:40:12.790 22070 22103 I native-activity: Frame 542 time is 21.481ms
04-13 00:40:12.790 22070 22103 I native-activity: Doing egl_swapbuffers_sync 1
04-13 00:40:12.790 22070 22103 D native-activity: Reading pixels format 0x1908 type 0x1401 bpp 4
04-13 00:40:12.803 22070 22103 I native-activity: Read pixels, GL error is 0x0
04-13 00:40:12.803 22070 22103 I native-activity: Swap 542 time is 34.676ms
04-13 00:40:12.804 22070 22103 I native-activity: Animating
04-13 00:40:12.826 22070 22103 I native-activity: Frame 543 GL error is 0x0
04-13 00:40:12.826 22070 22103 I native-activity: Frame 543 time is 22.437ms
04-13 00:40:12.826 22070 22103 I native-activity: Doing egl_swapbuffers_sync 1
04-13 00:40:12.826 22070 22103 D native-activity: Reading pixels format 0x1908 type 0x1401 bpp 4
04-13 00:40:12.841 22070 22103 I native-activity: Read pixels, GL error is 0x0
04-13 00:40:12.841 22070 22103 I native-activity: Swap 543 time is 37.107ms
04-13 00:40:12.841 22070 22103 I native-activity: Animating
04-13 00:40:12.853 22070 22103 I native-activity: Frame 544 GL error is 0x0
04-13 00:40:12.853 22070 22103 I native-activity: Frame 544 time is 12.154ms
04-13 00:40:12.853 22070 22103 I native-activity: Doing egl_swapbuffers_sync 1
04-13 00:40:12.853 22070 22103 D native-activity: Reading pixels format 0x1908 type 0x1401 bpp 4
04-13 00:40:12.867 22070 22103 I native-activity: Read pixels, GL error is 0x0
04-13 00:40:12.867 22070 22103 I native-activity: Swap 544 time is 25.735ms
04-13 00:40:12.867 22070 22103 I native-activity: Animating
04-13 00:40:12.879 22070 22103 I native-activity: Frame 545 GL error is 0x0
04-13 00:40:12.879 22070 22103 I native-activity: Frame 545 time is 12.280ms
04-13 00:40:12.879 22070 22103 I native-activity: Doing egl_swapbuffers_sync 1
04-13 00:40:12.879 22070 22103 D native-activity: Reading pixels format 0x1908 type 0x1401 bpp 4
04-13 00:40:12.893 22070 22103 I native-activity: Read pixels, GL error is 0x0
04-13 00:40:12.893 22070 22103 I native-activity: Swap 545 time is 26.635ms
04-13 00:40:12.893 22070 22103 I native-activity: Animating
04-13 00:40:12.880    82    82 I Kernel  : [45251.555066].(0)[82:mtk charger_hv_]charging_reset_watch_dog_timer
04-13 00:40:12.880    82    82 I Kernel  : [45251.556364].(0)[82:mtk charger_hv_]array_size = 16 
04-13 00:40:12.926 22070 22103 I native-activity: Frame 546 GL error is 0x0
04-13 00:40:12.926 22070 22103 I native-activity: Frame 546 time is 32.563ms
04-13 00:40:12.926 22070 22103 I native-activity: Doing egl_swapbuffers_sync 1
04-13 00:40:12.926 22070 22103 D native-activity: Reading pixels format 0x1908 type 0x1401 bpp 4
04-13 00:40:12.939 22070 22103 I native-activity: Read pixels, GL error is 0x0
04-13 00:40:12.940 22070 22103 I native-activity: Swap 546 time is 46.150ms
04-13 00:40:12.940 22070 22103 I native-activity: Animating
04-13 00:40:12.951 22070 22103 I native-activity: Frame 547 GL error is 0x0
04-13 00:40:12.951 22070 22103 I native-activity: Frame 547 time is 11.285ms
04-13 00:40:12.951 22070 22103 I native-activity: Doing egl_swapbuffers_sync 1
04-13 00:40:12.951 22070 22103 D native-activity: Reading pixels format 0x1908 type 0x1401 bpp 4
04-13 00:40:12.964 22070 22103 I native-activity: Read pixels, GL error is 0x0
04-13 00:40:12.964 22070 22103 I native-activity: Swap 547 time is 24.028ms
04-13 00:40:12.964 22070 22103 I native-activity: Animating
04-13 00:40:12.972 22070 22103 I native-activity: Frame 548 GL error is 0x0
04-13 00:40:12.972 22070 22103 I native-activity: Frame 548 time is 8.080ms
04-13 00:40:12.972 22070 22103 I native-activity: Doing egl_swapbuffers_sync 1
04-13 00:40:12.972 22070 22103 D native-activity: Reading pixels format 0x1908 type 0x1401 bpp 4
04-13 00:40:12.985 22070 22103 I native-activity: Read pixels, GL error is 0x0
04-13 00:40:12.985 22070 22103 I native-activity: Swap 548 time is 21.324ms
04-13 00:40:12.985 22070 22103 I native-activity: Animating
04-13 00:40:12.993 22070 22103 I native-activity: Frame 549 GL error is 0x0
04-13 00:40:12.993 22070 22103 I native-activity: Frame 549 time is 7.642ms
04-13 00:40:12.993 22070 22103 I native-activity: Doing egl_swapbuffers_sync 1
04-13 00:40:12.993 22070 22103 D native-activity: Reading pixels format 0x1908 type 0x1401 bpp 4
04-13 00:40:13.005 22070 22103 I native-activity: Read pixels, GL error is 0x0
04-13 00:40:13.005 22070 22103 I native-activity: Swap 549 time is 19.756ms
04-13 00:40:13.005 22070 22103 I native-activity: Animating
04-13 00:40:13.013 22070 22103 I native-activity: Frame 550 GL error is 0x0
04-13 00:40:13.013 22070 22103 I native-activity: Frame 550 time is 8.229ms
04-13 00:40:13.013 22070 22103 I native-activity: Doing egl_swapbuffers_sync 1
04-13 00:40:13.013 22070 22103 D native-activity: Reading pixels format 0x1908 type 0x1401 bpp 4
04-13 00:40:13.025 22070 22103 I native-activity: Read pixels, GL error is 0x0
04-13 00:40:13.025 22070 22103 I native-activity: Swap 550 time is 20.179ms
04-13 00:40:13.025 22070 22103 I native-activity: Animating
04-13 00:40:13.034 22070 22103 I native-activity: Frame 551 GL error is 0x0
04-13 00:40:13.034 22070 22103 I native-activity: Frame 551 time is 8.150ms
04-13 00:40:13.034 22070 22103 I native-activity: Doing egl_swapbuffers_sync 1
04-13 00:40:13.034 22070 22103 D native-activity: Reading pixels format 0x1908 type 0x1401 bpp 4
04-13 00:40:13.046 22070 22103 I native-activity: Read pixels, GL error is 0x0
04-13 00:40:13.046 22070 22103 I native-activity: Swap 551 time is 20.801ms
04-13 00:40:13.046 22070 22103 I native-activity: Animating
04-13 00:40:13.054 22070 22103 I native-activity: Frame 552 GL error is 0x0
04-13 00:40:13.055 22070 22103 I native-activity: Frame 552 time is 8.130ms
04-13 00:40:13.055 22070 22103 I native-activity: Doing egl_swapbuffers_sync 1
04-13 00:40:13.055 22070 22103 D native-activity: Reading pixels format 0x1908 type 0x1401 bpp 4
04-13 00:40:13.067 22070 22103 I native-activity: Read pixels, GL error is 0x0
04-13 00:40:13.067 22070 22103 I native-activity: Swap 552 time is 20.979ms
04-13 00:40:13.068 22070 22103 I native-activity: Animating
04-13 00:40:13.076 22070 22103 I native-activity: Frame 553 GL error is 0x0
04-13 00:40:13.076 22070 22103 I native-activity: Frame 553 time is 8.145ms
04-13 00:40:13.076 22070 22103 I native-activity: Doing egl_swapbuffers_sync 1
04-13 00:40:13.076 22070 22103 D native-activity: Reading pixels format 0x1908 type 0x1401 bpp 4
04-13 00:40:13.089 22070 22103 I native-activity: Read pixels, GL error is 0x0
04-13 00:40:13.089 22070 22103 I native-activity: Swap 553 time is 21.128ms
04-13 00:40:13.089 22070 22103 I native-activity: Animating
04-13 00:40:13.095 22070 22103 I native-activity: Frame 554 GL error is 0x0
04-13 00:40:13.095 22070 22103 I native-activity: Frame 554 time is 6.043ms
04-13 00:40:13.095 22070 22103 I native-activity: Doing egl_swapbuffers_sync 1
04-13 00:40:13.095 22070 22103 D native-activity: Reading pixels format 0x1908 type 0x1401 bpp 4
04-13 00:40:13.108 22070 22103 I native-activity: Read pixels, GL error is 0x0
04-13 00:40:13.108 22070 22103 I native-activity: Swap 554 time is 19.000ms
04-13 00:40:13.108 22070 22103 I native-activity: Animating
04-13 00:40:13.116 22070 22103 I native-activity: Frame 555 GL error is 0x0
04-13 00:40:13.116 22070 22103 I native-activity: Frame 555 time is 8.242ms
04-13 00:40:13.116 22070 22103 I native-activity: Doing egl_swapbuffers_sync 1
04-13 00:40:13.116 22070 22103 D native-activity: Reading pixels format 0x1908 type 0x1401 bpp 4
04-13 00:40:13.128 22070 22103 I native-activity: Read pixels, GL error is 0x0
04-13 00:40:13.128 22070 22103 I native-activity: Swap 555 time is 20.142ms
04-13 00:40:13.128 22070 22103 I native-activity: Animating
04-13 00:40:13.134 22070 22103 I native-activity: Frame 556 GL error is 0x0
04-13 00:40:13.134 22070 22103 I native-activity: Frame 556 time is 5.818ms
04-13 00:40:13.134 22070 22103 I native-activity: Doing egl_swapbuffers_sync 1
04-13 00:40:13.134 22070 22103 D native-activity: Reading pixels format 0x1908 type 0x1401 bpp 4
04-13 00:40:13.146 22070 22103 I native-activity: Read pixels, GL error is 0x0
04-13 00:40:13.146 22070 22103 I native-activity: Swap 556 time is 17.471ms
04-13 00:40:13.146 22070 22103 I native-activity: Animating
04-13 00:40:13.154 22070 22103 I native-activity: Frame 557 GL error is 0x0
04-13 00:40:13.154 22070 22103 I native-activity: Frame 557 time is 7.962ms
04-13 00:40:13.154 22070 22103 I native-activity: Doing egl_swapbuffers_sync 1
04-13 00:40:13.154 22070 22103 D native-activity: Reading pixels format 0x1908 type 0x1401 bpp 4
04-13 00:40:13.166 22070 22103 I native-activity: Read pixels, GL error is 0x0
04-13 00:40:13.166 22070 22103 I native-activity: Swap 557 time is 19.715ms
04-13 00:40:13.166 22070 22103 I native-activity: Animating
04-13 00:40:13.172 22070 22103 I native-activity: Frame 558 GL error is 0x0
04-13 00:40:13.172 22070 22103 I native-activity: Frame 558 time is 6.100ms
04-13 00:40:13.172 22070 22103 I native-activity: Doing egl_swapbuffers_sync 1
04-13 00:40:13.172 22070 22103 D native-activity: Reading pixels format 0x1908 type 0x1401 bpp 4
04-13 00:40:13.184 22070 22103 I native-activity: Read pixels, GL error is 0x0
04-13 00:40:13.185 22070 22103 I native-activity: Swap 558 time is 18.745ms
04-13 00:40:13.185 22070 22103 I native-activity: Animating
04-13 00:40:13.192 22070 22103 I native-activity: Frame 559 GL error is 0x0
04-13 00:40:13.192 22070 22103 I native-activity: Frame 559 time is 7.742ms
04-13 00:40:13.192 22070 22103 I native-activity: Doing egl_swapbuffers_sync 1
04-13 00:40:13.193 22070 22103 D native-activity: Reading pixels format 0x1908 type 0x1401 bpp 4
04-13 00:40:13.205 22070 22103 I native-activity: Read pixels, GL error is 0x0
04-13 00:40:13.205 22070 22103 I native-activity: Swap 559 time is 20.634ms
04-13 00:40:13.205 22070 22103 I native-activity: Animating
04-13 00:40:13.211 22070 22103 I native-activity: Frame 560 GL error is 0x0
04-13 00:40:13.211 22070 22103 I native-activity: Frame 560 time is 5.601ms
04-13 00:40:13.211 22070 22103 I native-activity: Doing egl_swapbuffers_sync 1
04-13 00:40:13.211 22070 22103 D native-activity: Reading pixels format 0x1908 type 0x1401 bpp 4
04-13 00:40:13.224 22070 22103 I native-activity: Read pixels, GL error is 0x0
04-13 00:40:13.224 22070 22103 I native-activity: Swap 560 time is 18.419ms
04-13 00:40:13.224 22070 22103 I native-activity: Animating
04-13 00:40:13.236 22070 22103 I native-activity: Frame 561 GL error is 0x0
04-13 00:40:13.237 22070 22103 I native-activity: Frame 561 time is 12.482ms
04-13 00:40:13.237 22070 22103 I native-activity: Doing egl_swapbuffers_sync 1
04-13 00:40:13.237 22070 22103 D native-activity: Reading pixels format 0x1908 type 0x1401 bpp 4
04-13 00:40:13.250 22070 22103 I native-activity: Read pixels, GL error is 0x0
04-13 00:40:13.250 22070 22103 I native-activity: Swap 561 time is 25.883ms
04-13 00:40:13.250 22070 22103 I native-activity: Animating
04-13 00:40:13.261 22070 22103 I native-activity: Frame 562 GL error is 0x0
04-13 00:40:13.261 22070 22103 I native-activity: Frame 562 time is 10.792ms
04-13 00:40:13.261 22070 22103 I native-activity: Doing egl_swapbuffers_sync 1
04-13 00:40:13.261 22070 22103 D native-activity: Reading pixels format 0x1908 type 0x1401 bpp 4
04-13 00:40:13.274 22070 22103 I native-activity: Read pixels, GL error is 0x0
04-13 00:40:13.274 22070 22103 I native-activity: Swap 562 time is 23.692ms
04-13 00:40:13.274 22070 22103 I native-activity: Animating
04-13 00:40:13.287 22070 22103 I native-activity: Frame 563 GL error is 0x0
04-13 00:40:13.287 22070 22103 I native-activity: Frame 563 time is 13.047ms
04-13 00:40:13.287 22070 22103 I native-activity: Doing egl_swapbuffers_sync 1
04-13 00:40:13.287 22070 22103 D native-activity: Reading pixels format 0x1908 type 0x1401 bpp 4
04-13 00:40:13.301 22070 22103 I native-activity: Read pixels, GL error is 0x0
04-13 00:40:13.301 22070 22103 I native-activity: Swap 563 time is 27.278ms
04-13 00:40:13.301 22070 22103 I native-activity: Animating
04-13 00:40:13.312 22070 22103 I native-activity: Frame 564 GL error is 0x0
04-13 00:40:13.312 22070 22103 I native-activity: Frame 564 time is 10.236ms
04-13 00:40:13.312 22070 22103 I native-activity: Doing egl_swapbuffers_sync 1
04-13 00:40:13.312 22070 22103 D native-activity: Reading pixels format 0x1908 type 0x1401 bpp 4
04-13 00:40:13.325 22070 22103 I native-activity: Read pixels, GL error is 0x0
04-13 00:40:13.325 22070 22103 I native-activity: Swap 564 time is 23.288ms
04-13 00:40:13.325 22070 22103 I native-activity: Animating
04-13 00:40:13.337 22070 22103 I native-activity: Frame 565 GL error is 0x0
04-13 00:40:13.338 22070 22103 I native-activity: Frame 565 time is 12.669ms
04-13 00:40:13.338 22070 22103 I native-activity: Doing egl_swapbuffers_sync 1
04-13 00:40:13.338 22070 22103 D native-activity: Reading pixels format 0x1908 type 0x1401 bpp 4
04-13 00:40:13.351 22070 22103 I native-activity: Read pixels, GL error is 0x0
04-13 00:40:13.351 22070 22103 I native-activity: Swap 565 time is 26.173ms
04-13 00:40:13.351 22070 22103 I native-activity: Animating
04-13 00:40:13.365 22070 22103 I native-activity: Frame 566 GL error is 0x0
04-13 00:40:13.365 22070 22103 I native-activity: Frame 566 time is 14.293ms
04-13 00:40:13.366 22070 22103 I native-activity: Doing egl_swapbuffers_sync 1
04-13 00:40:13.366 22070 22103 D native-activity: Reading pixels format 0x1908 type 0x1401 bpp 4
04-13 00:40:13.379 22070 22103 I native-activity: Read pixels, GL error is 0x0
04-13 00:40:13.380 22070 22103 I native-activity: Swap 566 time is 28.396ms
04-13 00:40:13.381 22070 22103 I native-activity: Animating
04-13 00:40:13.397 22070 22103 I native-activity: Frame 567 GL error is 0x0
04-13 00:40:13.397 22070 22103 I native-activity: Frame 567 time is 16.124ms
04-13 00:40:13.397 22070 22103 I native-activity: Doing egl_swapbuffers_sync 1
04-13 00:40:13.397 22070 22103 D native-activity: Reading pixels format 0x1908 type 0x1401 bpp 4
04-13 00:40:13.409 22070 22103 I native-activity: Read pixels, GL error is 0x0
04-13 00:40:13.409 22070 22103 I native-activity: Swap 567 time is 28.674ms
04-13 00:40:13.409 22070 22103 I native-activity: Animating
04-13 00:40:13.421 22070 22103 I native-activity: Frame 568 GL error is 0x0
04-13 00:40:13.421 22070 22103 I native-activity: Frame 568 time is 11.156ms
04-13 00:40:13.421 22070 22103 I native-activity: Doing egl_swapbuffers_sync 1
04-13 00:40:13.421 22070 22103 D native-activity: Reading pixels format 0x1908 type 0x1401 bpp 4
04-13 00:40:13.433 22070 22103 I native-activity: Read pixels, GL error is 0x0
04-13 00:40:13.433 22070 22103 I native-activity: Swap 568 time is 23.572ms
04-13 00:40:13.433 22070 22103 I native-activity: Animating
04-13 00:40:13.447 22070 22103 I native-activity: Frame 569 GL error is 0x0
04-13 00:40:13.447 22070 22103 I native-activity: Frame 569 time is 13.644ms
04-13 00:40:13.447 22070 22103 I native-activity: Doing egl_swapbuffers_sync 1
04-13 00:40:13.447 22070 22103 D native-activity: Reading pixels format 0x1908 type 0x1401 bpp 4
04-13 00:40:13.461 22070 22103 I native-activity: Read pixels, GL error is 0x0
04-13 00:40:13.461 22070 22103 I native-activity: Swap 569 time is 27.951ms
04-13 00:40:13.461 22070 22103 I native-activity: Animating
04-13 00:40:13.474 22070 22103 I native-activity: Frame 570 GL error is 0x0
04-13 00:40:13.474 22070 22103 I native-activity: Frame 570 time is 12.662ms
04-13 00:40:13.474 22070 22103 I native-activity: Doing egl_swapbuffers_sync 1
04-13 00:40:13.474 22070 22103 D native-activity: Reading pixels format 0x1908 type 0x1401 bpp 4
04-13 00:40:13.486 22070 22103 I native-activity: Read pixels, GL error is 0x0
04-13 00:40:13.487 22070 22103 I native-activity: Swap 570 time is 25.171ms
04-13 00:40:13.487 22070 22103 I native-activity: Animating
04-13 00:40:13.500 22070 22103 I native-activity: Frame 571 GL error is 0x0
04-13 00:40:13.500 22070 22103 I native-activity: Frame 571 time is 13.341ms
04-13 00:40:13.500 22070 22103 I native-activity: Doing egl_swapbuffers_sync 1
04-13 00:40:13.500 22070 22103 D native-activity: Reading pixels format 0x1908 type 0x1401 bpp 4
04-13 00:40:13.514 22070 22103 I native-activity: Read pixels, GL error is 0x0
04-13 00:40:13.514 22070 22103 I native-activity: Swap 571 time is 27.168ms
04-13 00:40:13.514 22070 22103 I native-activity: Animating
04-13 00:40:13.526 22070 22103 I native-activity: Frame 572 GL error is 0x0
04-13 00:40:13.526 22070 22103 I native-activity: Frame 572 time is 12.088ms
04-13 00:40:13.526 22070 22103 I native-activity: Doing egl_swapbuffers_sync 1
04-13 00:40:13.526 22070 22103 D native-activity: Reading pixels format 0x1908 type 0x1401 bpp 4
04-13 00:40:13.539 22070 22103 I native-activity: Read pixels, GL error is 0x0
04-13 00:40:13.539 22070 22103 I native-activity: Swap 572 time is 25.311ms
04-13 00:40:13.540 22070 22103 I native-activity: Animating
04-13 00:40:13.553 22070 22103 I native-activity: Frame 573 GL error is 0x0
04-13 00:40:13.553 22070 22103 I native-activity: Frame 573 time is 13.195ms
04-13 00:40:13.553 22070 22103 I native-activity: Doing egl_swapbuffers_sync 1
04-13 00:40:13.553 22070 22103 D native-activity: Reading pixels format 0x1908 type 0x1401 bpp 4
04-13 00:40:13.565 22070 22103 I native-activity: Read pixels, GL error is 0x0
04-13 00:40:13.565 22070 22103 I native-activity: Swap 573 time is 25.739ms
04-13 00:40:13.566 22070 22103 I native-activity: Animating
04-13 00:40:13.581 22070 22103 I native-activity: Frame 574 GL error is 0x0
04-13 00:40:13.581 22070 22103 I native-activity: Frame 574 time is 15.433ms
04-13 00:40:13.581 22070 22103 I native-activity: Doing egl_swapbuffers_sync 1
04-13 00:40:13.581 22070 22103 D native-activity: Reading pixels format 0x1908 type 0x1401 bpp 4
04-13 00:40:13.594 22070 22103 I native-activity: Read pixels, GL error is 0x0
04-13 00:40:13.595 22070 22103 I native-activity: Swap 574 time is 29.025ms
04-13 00:40:13.595 22070 22103 I native-activity: Animating
04-13 00:40:13.614 22070 22103 I native-activity: Frame 575 GL error is 0x0
04-13 00:40:13.615 22070 22103 I native-activity: Frame 575 time is 19.716ms
04-13 00:40:13.615 22070 22103 I native-activity: Doing egl_swapbuffers_sync 1
04-13 00:40:13.615 22070 22103 D native-activity: Reading pixels format 0x1908 type 0x1401 bpp 4
04-13 00:40:13.630 22070 22103 I native-activity: Read pixels, GL error is 0x0
04-13 00:40:13.630 22070 22103 I native-activity: Swap 575 time is 35.548ms
04-13 00:40:13.630 22070 22103 I native-activity: Animating
04-13 00:40:13.652 22070 22103 I native-activity: Frame 576 GL error is 0x0
04-13 00:40:13.652 22070 22103 I native-activity: Frame 576 time is 21.691ms
04-13 00:40:13.652 22070 22103 I native-activity: Doing egl_swapbuffers_sync 1
04-13 00:40:13.652 22070 22103 D native-activity: Reading pixels format 0x1908 type 0x1401 bpp 4
04-13 00:40:13.669 22070 22103 I native-activity: Read pixels, GL error is 0x0
04-13 00:40:13.669 22070 22103 I native-activity: Swap 576 time is 38.476ms
04-13 00:40:13.669 22070 22103 I native-activity: Animating
04-13 00:40:13.689 22070 22103 I native-activity: Frame 577 GL error is 0x0
04-13 00:40:13.689 22070 22103 I native-activity: Frame 577 time is 19.883ms
04-13 00:40:13.689 22070 22103 I native-activity: Doing egl_swapbuffers_sync 1
04-13 00:40:13.689 22070 22103 D native-activity: Reading pixels format 0x1908 type 0x1401 bpp 4
04-13 00:40:13.706 22070 22103 I native-activity: Read pixels, GL error is 0x0
04-13 00:40:13.706 22070 22103 I native-activity: Swap 577 time is 36.825ms
04-13 00:40:13.706 22070 22103 I native-activity: Animating
04-13 00:40:13.727 22070 22103 I native-activity: Frame 578 GL error is 0x0
04-13 00:40:13.727 22070 22103 I native-activity: Frame 578 time is 20.700ms
04-13 00:40:13.727 22070 22103 I native-activity: Doing egl_swapbuffers_sync 1
04-13 00:40:13.727 22070 22103 D native-activity: Reading pixels format 0x1908 type 0x1401 bpp 4
04-13 00:40:13.744 22070 22103 I native-activity: Read pixels, GL error is 0x0
04-13 00:40:13.744 22070 22103 I native-activity: Swap 578 time is 37.567ms
04-13 00:40:13.744 22070 22103 I native-activity: Animating
04-13 00:40:13.770 22070 22103 I native-activity: Frame 579 GL error is 0x0
04-13 00:40:13.770 22070 22103 I native-activity: Frame 579 time is 26.338ms
04-13 00:40:13.770 22070 22103 I native-activity: Doing egl_swapbuffers_sync 1
04-13 00:40:13.770 22070 22103 D native-activity: Reading pixels format 0x1908 type 0x1401 bpp 4
04-13 00:40:13.788 22070 22103 I native-activity: Read pixels, GL error is 0x0
04-13 00:40:13.788 22070 22103 I native-activity: Swap 579 time is 44.064ms
04-13 00:40:13.788 22070 22103 I native-activity: Animating
04-13 00:40:13.770 25161 25161 I Kernel  : [45252.441688].(0)[25161:kworker/0:2]virtual_sensor_thermal_get_temp mtktsbattery t=24000 a=7 o=-9500 w=437
04-13 00:40:13.770 25161 25161 I Kernel  : [45252.441778].(0)[25161:kworker/0:2]virtual_sensor_thermal_get_temp mtkts_bts t=29000 a=15 o=-1000 w=113
04-13 00:40:13.770 25161 25161 I Kernel  : [45252.442194].(0)[25161:kworker/0:2]virtual_sensor_thermal_get_temp mtktspmic t=41704 a=4 o=18000 w=450
04-13 00:40:13.770 25161 25161 I Kernel  : [45252.442236].(0)[25161:kworker/0:2]virtual_sensor_thermal_get_temp mtktswmt t=29000 a=1000 o=-5000 w=0
04-13 00:40:13.816 22070 22103 I native-activity: Frame 580 GL error is 0x0
04-13 00:40:13.816 22070 22103 I native-activity: Frame 580 time is 28.017ms
04-13 00:40:13.816 22070 22103 I native-activity: Doing egl_swapbuffers_sync 1
04-13 00:40:13.816 22070 22103 D native-activity: Reading pixels format 0x1908 type 0x1401 bpp 4
04-13 00:40:13.834 22070 22103 I native-activity: Read pixels, GL error is 0x0
04-13 00:40:13.834 22070 22103 I native-activity: Swap 580 time is 45.843ms
04-13 00:40:13.834 22070 22103 I native-activity: Animating
04-13 00:40:13.852 22070 22103 I native-activity: Frame 581 GL error is 0x0
04-13 00:40:13.852 22070 22103 I native-activity: Frame 581 time is 17.701ms
04-13 00:40:13.852 22070 22103 I native-activity: Doing egl_swapbuffers_sync 1
04-13 00:40:13.852 22070 22103 D native-activity: Reading pixels format 0x1908 type 0x1401 bpp 4
04-13 00:40:13.869 22070 22103 I native-activity: Read pixels, GL error is 0x0
04-13 00:40:13.869 22070 22103 I native-activity: Swap 581 time is 34.704ms
04-13 00:40:13.869 22070 22103 I native-activity: Animating
04-13 00:40:13.886 22070 22103 I native-activity: Frame 582 GL error is 0x0
04-13 00:40:13.886 22070 22103 I native-activity: Frame 582 time is 16.757ms
04-13 00:40:13.886 22070 22103 I native-activity: Doing egl_swapbuffers_sync 1
04-13 00:40:13.886 22070 22103 D native-activity: Reading pixels format 0x1908 type 0x1401 bpp 4
04-13 00:40:13.880    82    82 I Kernel  : [45252.556459].(0)[82:mtk charger_hv_]charging_reset_watch_dog_timer
04-13 00:40:13.880    82    82 I Kernel  : [45252.557352].(0)[82:mtk charger_hv_]array_size = 16 
04-13 00:40:13.903 22070 22103 I native-activity: Read pixels, GL error is 0x0
04-13 00:40:13.903 22070 22103 I native-activity: Swap 582 time is 34.275ms
04-13 00:40:13.903 22070 22103 I native-activity: Animating
04-13 00:40:13.924 22070 22103 I native-activity: Frame 583 GL error is 0x0
04-13 00:40:13.924 22070 22103 I native-activity: Frame 583 time is 20.865ms
04-13 00:40:13.924 22070 22103 I native-activity: Doing egl_swapbuffers_sync 1
04-13 00:40:13.924 22070 22103 D native-activity: Reading pixels format 0x1908 type 0x1401 bpp 4
04-13 00:40:13.941 22070 22103 I native-activity: Read pixels, GL error is 0x0
04-13 00:40:13.941 22070 22103 I native-activity: Swap 583 time is 38.093ms
04-13 00:40:13.942 22070 22103 I native-activity: Animating
04-13 00:40:13.961 22070 22103 I native-activity: Frame 584 GL error is 0x0
04-13 00:40:13.961 22070 22103 I native-activity: Frame 584 time is 19.331ms
04-13 00:40:13.961 22070 22103 I native-activity: Doing egl_swapbuffers_sync 1
04-13 00:40:13.961 22070 22103 D native-activity: Reading pixels format 0x1908 type 0x1401 bpp 4
04-13 00:40:13.977 22070 22103 I native-activity: Read pixels, GL error is 0x0
04-13 00:40:13.977 22070 22103 I native-activity: Swap 584 time is 35.489ms
04-13 00:40:13.977 22070 22103 I native-activity: Animating
04-13 00:40:13.996 22070 22103 I native-activity: Frame 585 GL error is 0x0
04-13 00:40:13.996 22070 22103 I native-activity: Frame 585 time is 18.927ms
04-13 00:40:13.996 22070 22103 I native-activity: Doing egl_swapbuffers_sync 1
04-13 00:40:13.996 22070 22103 D native-activity: Reading pixels format 0x1908 type 0x1401 bpp 4
04-13 00:40:14.013 22070 22103 I native-activity: Read pixels, GL error is 0x0
04-13 00:40:14.013 22070 22103 I native-activity: Swap 585 time is 35.582ms
04-13 00:40:14.013 22070 22103 I native-activity: Animating
04-13 00:40:14.034 22070 22103 I native-activity: Frame 586 GL error is 0x0
04-13 00:40:14.034 22070 22103 I native-activity: Frame 586 time is 20.812ms
04-13 00:40:14.034 22070 22103 I native-activity: Doing egl_swapbuffers_sync 1
04-13 00:40:14.034 22070 22103 D native-activity: Reading pixels format 0x1908 type 0x1401 bpp 4
04-13 00:40:14.051 22070 22103 I native-activity: Read pixels, GL error is 0x0
04-13 00:40:14.051 22070 22103 I native-activity: Swap 586 time is 38.165ms
04-13 00:40:14.051 22070 22103 I native-activity: Animating
04-13 00:40:14.071 22070 22103 I native-activity: Frame 587 GL error is 0x0
04-13 00:40:14.071 22070 22103 I native-activity: Frame 587 time is 19.496ms
04-13 00:40:14.071 22070 22103 I native-activity: Doing egl_swapbuffers_sync 1
04-13 00:40:14.071 22070 22103 D native-activity: Reading pixels format 0x1908 type 0x1401 bpp 4
04-13 00:40:14.087 22070 22103 I native-activity: Read pixels, GL error is 0x0
04-13 00:40:14.087 22070 22103 I native-activity: Swap 587 time is 35.877ms
04-13 00:40:14.087 22070 22103 I native-activity: Animating
04-13 00:40:14.108 22070 22103 I native-activity: Frame 588 GL error is 0x0
04-13 00:40:14.108 22070 22103 I native-activity: Frame 588 time is 20.843ms
04-13 00:40:14.108 22070 22103 I native-activity: Doing egl_swapbuffers_sync 1
04-13 00:40:14.108 22070 22103 D native-activity: Reading pixels format 0x1908 type 0x1401 bpp 4
04-13 00:40:14.124 22070 22103 I native-activity: Read pixels, GL error is 0x0
04-13 00:40:14.124 22070 22103 I native-activity: Swap 588 time is 36.731ms
04-13 00:40:14.124 22070 22103 I native-activity: Animating
04-13 00:40:14.144 22070 22103 I native-activity: Frame 589 GL error is 0x0
04-13 00:40:14.144 22070 22103 I native-activity: Frame 589 time is 20.014ms
04-13 00:40:14.144 22070 22103 I native-activity: Doing egl_swapbuffers_sync 1
04-13 00:40:14.144 22070 22103 D native-activity: Reading pixels format 0x1908 type 0x1401 bpp 4
04-13 00:40:14.162 22070 22103 I native-activity: Read pixels, GL error is 0x0
04-13 00:40:14.162 22070 22103 I native-activity: Swap 589 time is 37.413ms
04-13 00:40:14.162 22070 22103 I native-activity: Animating
04-13 00:40:14.182 22070 22103 I native-activity: Frame 590 GL error is 0x0
04-13 00:40:14.182 22070 22103 I native-activity: Frame 590 time is 20.367ms
04-13 00:40:14.182 22070 22103 I native-activity: Doing egl_swapbuffers_sync 1
04-13 00:40:14.182 22070 22103 D native-activity: Reading pixels format 0x1908 type 0x1401 bpp 4
04-13 00:40:14.199 22070 22103 I native-activity: Read pixels, GL error is 0x0
04-13 00:40:14.199 22070 22103 I native-activity: Swap 590 time is 37.026ms
04-13 00:40:14.199 22070 22103 I native-activity: Animating
04-13 00:40:14.219 22070 22103 I native-activity: Frame 591 GL error is 0x0
04-13 00:40:14.219 22070 22103 I native-activity: Frame 591 time is 19.769ms
04-13 00:40:14.219 22070 22103 I native-activity: Doing egl_swapbuffers_sync 1
04-13 00:40:14.219 22070 22103 D native-activity: Reading pixels format 0x1908 type 0x1401 bpp 4
04-13 00:40:14.236 22070 22103 I native-activity: Read pixels, GL error is 0x0
04-13 00:40:14.236 22070 22103 I native-activity: Swap 591 time is 36.610ms
04-13 00:40:14.236 22070 22103 I native-activity: Animating
04-13 00:40:14.258 22070 22103 I native-activity: Frame 592 GL error is 0x501
04-13 00:40:14.258 22070 22103 I native-activity: Frame 592 time is 22.355ms
04-13 00:40:14.258 22070 22103 I native-activity: Doing egl_swapbuffers_sync 1
04-13 00:40:14.258 22070 22103 D native-activity: Reading pixels format 0x1908 type 0x1401 bpp 4
04-13 00:40:14.274 22070 22103 I native-activity: Read pixels, GL error is 0x0
04-13 00:40:14.274 22070 22103 I native-activity: Swap 592 time is 38.128ms
04-13 00:40:14.274 22070 22103 I native-activity: Animating
04-13 00:40:14.294 22070 22103 I native-activity: Frame 593 GL error is 0x0
04-13 00:40:14.294 22070 22103 I native-activity: Frame 593 time is 20.095ms
04-13 00:40:14.294 22070 22103 I native-activity: Doing egl_swapbuffers_sync 1
04-13 00:40:14.294 22070 22103 D native-activity: Reading pixels format 0x1908 type 0x1401 bpp 4
04-13 00:40:14.310 22070 22103 I native-activity: Read pixels, GL error is 0x0
04-13 00:40:14.311 22070 22103 I native-activity: Swap 593 time is 36.754ms
04-13 00:40:14.311 22070 22103 I native-activity: Animating
04-13 00:40:14.332 22070 22103 I native-activity: Frame 594 GL error is 0x0
04-13 00:40:14.332 22070 22103 I native-activity: Frame 594 time is 21.157ms
04-13 00:40:14.332 22070 22103 I native-activity: Doing egl_swapbuffers_sync 1
04-13 00:40:14.332 22070 22103 D native-activity: Reading pixels format 0x1908 type 0x1401 bpp 4
04-13 00:40:14.348 22070 22103 I native-activity: Read pixels, GL error is 0x0
04-13 00:40:14.348 22070 22103 I native-activity: Swap 594 time is 37.329ms
04-13 00:40:14.349 22070 22103 I native-activity: Animating
04-13 00:40:14.370     0     0 I Kernel  : [45253.041978]-(0)[0:swapper/0]dpi vsync
04-13 00:40:14.393 22070 22103 I native-activity: Frame 595 GL error is 0x0
04-13 00:40:14.393 22070 22103 I native-activity: Frame 595 time is 44.243ms
04-13 00:40:14.393 22070 22103 I native-activity: Doing egl_swapbuffers_sync 1
04-13 00:40:14.393 22070 22103 D native-activity: Reading pixels format 0x1908 type 0x1401 bpp 4
04-13 00:40:14.409 22070 22103 I native-activity: Read pixels, GL error is 0x0
04-13 00:40:14.409 22070 22103 I native-activity: Swap 595 time is 60.100ms
04-13 00:40:14.409 22070 22103 I native-activity: Animating
04-13 00:40:14.423 22070 22103 I native-activity: Frame 596 GL error is 0x0
04-13 00:40:14.423 22070 22103 I native-activity: Frame 596 time is 14.513ms
04-13 00:40:14.423 22070 22103 I native-activity: Doing egl_swapbuffers_sync 1
04-13 00:40:14.423 22070 22103 D native-activity: Reading pixels format 0x1908 type 0x1401 bpp 4
04-13 00:40:14.439 22070 22103 I native-activity: Read pixels, GL error is 0x0
04-13 00:40:14.439 22070 22103 I native-activity: Swap 596 time is 30.336ms
04-13 00:40:14.439 22070 22103 I native-activity: Animating
04-13 00:40:14.452 22070 22103 I native-activity: Frame 597 GL error is 0x0
04-13 00:40:14.452 22070 22103 I native-activity: Frame 597 time is 12.971ms
04-13 00:40:14.452 22070 22103 I native-activity: Doing egl_swapbuffers_sync 1
04-13 00:40:14.452 22070 22103 D native-activity: Reading pixels format 0x1908 type 0x1401 bpp 4
04-13 00:40:14.468 22070 22103 I native-activity: Read pixels, GL error is 0x0
04-13 00:40:14.468 22070 22103 I native-activity: Swap 597 time is 28.786ms
04-13 00:40:14.468 22070 22103 I native-activity: Animating
04-13 00:40:14.484 22070 22103 I native-activity: Frame 598 GL error is 0x0
04-13 00:40:14.484 22070 22103 I native-activity: Frame 598 time is 16.191ms
04-13 00:40:14.484 22070 22103 I native-activity: Doing egl_swapbuffers_sync 1
04-13 00:40:14.484 22070 22103 D native-activity: Reading pixels format 0x1908 type 0x1401 bpp 4
04-13 00:40:14.500 22070 22103 I native-activity: Read pixels, GL error is 0x0
04-13 00:40:14.500 22070 22103 I native-activity: Swap 598 time is 31.881ms
04-13 00:40:14.500 22070 22103 I native-activity: Animating
04-13 00:40:14.516 22070 22103 I native-activity: Frame 599 GL error is 0x0
04-13 00:40:14.516 22070 22103 I native-activity: Frame 599 time is 15.474ms
04-13 00:40:14.516 22070 22103 I native-activity: Doing egl_swapbuffers_sync 1
04-13 00:40:14.516 22070 22103 D native-activity: Reading pixels format 0x1908 type 0x1401 bpp 4
04-13 00:40:14.532 22070 22103 I native-activity: Read pixels, GL error is 0x0
04-13 00:40:14.532 22070 22103 I native-activity: Swap 599 time is 32.024ms
04-13 00:40:14.532 22070 22103 I native-activity: Animating
04-13 00:40:14.550 22070 22103 I native-activity: Frame 600 GL error is 0x0
04-13 00:40:14.551 22070 22103 I native-activity: Frame 600 time is 18.520ms
04-13 00:40:14.551 22070 22103 I native-activity: Doing egl_swapbuffers_sync 1
04-13 00:40:14.551 22070 22103 D native-activity: Reading pixels format 0x1908 type 0x1401 bpp 4
