04-13 00:40:38.974 22291 22324 V native-activity: 		EGL_CONFIG_ID: 14
04-13 00:40:38.974 22291 22324 V native-activity: 		EGL_CONFORMANT: 0
04-13 00:40:38.974 22291 22324 V native-activity: 		EGL_CONFIG_CAVEAT: 12369 EGL_NON_CONFORMANT_CONFIG,
04-13 00:40:38.974 22291 22324 V native-activity: 		EGL_RENDERABLE_TYPE: 0
04-13 00:40:38.974 22291 22324 V native-activity: 		EGL_SURFACE_TYPE: 2 EGL_PIXMAP_BIT,
04-13 00:40:38.974 22291 22324 V native-activity: 		EGL_LEVEL: 0
04-13 00:40:38.974 22291 22324 V native-activity: 		EGL_COLOR_BUFFER_TYPE: 12431 EGL_LUMINANCE_BUFFER,
04-13 00:40:38.974 22291 22324 V native-activity: 		EGL_BUFFER_SIZE: 16
04-13 00:40:38.974 22291 22324 V native-activity: 		EGL_SAMPLES: 0
04-13 00:40:38.974 22291 22324 V native-activity: 		EGL_SAMPLE_BUFFERS: 0
04-13 00:40:38.974 22291 22324 V native-activity: 		EGL_RED_SIZE: 0
04-13 00:40:38.974 22291 22324 V native-activity: 		EGL_GREEN_SIZE: 0
04-13 00:40:38.974 22291 22324 V native-activity: 		EGL_BLUE_SIZE: 0
04-13 00:40:38.974 22291 22324 V native-activity: 		EGL_ALPHA_SIZE: 8
04-13 00:40:38.974 22291 22324 V native-activity: 		EGL_ALPHA_MASK_SIZE: 0
04-13 00:40:38.974 22291 22324 V native-activity: 		EGL_LUMINANCE_SIZE: 8
04-13 00:40:38.974 22291 22324 V native-activity: 		EGL_TRANSPARENT_TYPE: 12344 EGL_NONE,
04-13 00:40:38.975 22291 22324 V native-activity: 		EGL_TRANSPARENT_RED_VALUE: -1
04-13 00:40:38.975 22291 22324 V native-activity: 		EGL_TRANSPARENT_GREEN_VALUE: -1
04-13 00:40:38.975 22291 22324 V native-activity: 		EGL_TRANSPARENT_BLUE_VALUE: -1
04-13 00:40:38.975 22291 22324 V native-activity: 		EGL_STENCIL_SIZE: 0
04-13 00:40:38.975 22291 22324 V native-activity: 		EGL_DEPTH_SIZE: 0
04-13 00:40:38.975 22291 22324 V native-activity: 		EGL_BIND_TO_TEXTURE_RGB: 0
04-13 00:40:38.975 22291 22324 V native-activity: 		EGL_BIND_TO_TEXTURE_RGBA: 0
04-13 00:40:38.975 22291 22324 V native-activity: 		EGL_MIN_SWAP_INTERVAL: 0
04-13 00:40:38.975 22291 22324 V native-activity: 		EGL_MAX_SWAP_INTERVAL: 0
04-13 00:40:38.975 22291 22324 V native-activity: 		EGL_MAX_PBUFFER_WIDTH: 0
04-13 00:40:38.975 22291 22324 V native-activity: 		EGL_MAX_PBUFFER_HEIGHT: 0
04-13 00:40:38.975 22291 22324 D native-activity: 	Config 0x60000010 index 15
04-13 00:40:38.975 22291 22324 V native-activity: 		EGL_CONFIG_ID: 29
04-13 00:40:38.975 22291 22324 V native-activity: 		EGL_CONFORMANT: 5 EGL_OPENGL_ES_BIT, EGL_OPENGL_ES2_BIT,
04-13 00:40:38.975 22291 22324 V native-activity: 		EGL_CONFIG_CAVEAT: 12344 EGL_NONE,
04-13 00:40:38.975 22291 22324 V native-activity: 		EGL_RENDERABLE_TYPE: 5 EGL_OPENGL_ES_BIT, EGL_OPENGL_ES2_BIT,
04-13 00:40:38.975 22291 22324 V native-activity: 		EGL_SURFACE_TYPE: 1031 EGL_PBUFFER_BIT, EGL_PIXMAP_BIT, EGL_SWAP_BEHAVIOR_PRESERVED_BIT, EGL_WINDOW_BIT,
04-13 00:40:38.975 22291 22324 V native-activity: 		EGL_LEVEL: 0
04-13 00:40:38.975 22291 22324 V native-activity: 		EGL_COLOR_BUFFER_TYPE: 12430 EGL_RGB_BUFFER,
04-13 00:40:38.975 22291 22324 V native-activity: 		EGL_BUFFER_SIZE: 16
04-13 00:40:38.975 22291 22324 V native-activity: 		EGL_SAMPLES: 0
04-13 00:40:38.975 22291 22324 V native-activity: 		EGL_SAMPLE_BUFFERS: 0
04-13 00:40:38.975 22291 22324 V native-activity: 		EGL_RED_SIZE: 5
04-13 00:40:38.975 22291 22324 V native-activity: 		EGL_GREEN_SIZE: 6
04-13 00:40:38.975 22291 22324 V native-activity: 		EGL_BLUE_SIZE: 5
04-13 00:40:38.975 22291 22324 V native-activity: 		EGL_ALPHA_SIZE: 0
04-13 00:40:38.975 22291 22324 V native-activity: 		EGL_ALPHA_MASK_SIZE: 0
04-13 00:40:38.975 22291 22324 V native-activity: 		EGL_LUMINANCE_SIZE: 0
04-13 00:40:38.975 22291 22324 V native-activity: 		EGL_TRANSPARENT_TYPE: 12344 EGL_NONE,
04-13 00:40:38.976 22291 22324 V native-activity: 		EGL_TRANSPARENT_RED_VALUE: -1
04-13 00:40:38.976 22291 22324 V native-activity: 		EGL_TRANSPARENT_GREEN_VALUE: -1
04-13 00:40:38.976 22291 22324 V native-activity: 		EGL_TRANSPARENT_BLUE_VALUE: -1
04-13 00:40:38.976 22291 22324 V native-activity: 		EGL_STENCIL_SIZE: 0
04-13 00:40:38.976 22291 22324 V native-activity: 		EGL_DEPTH_SIZE: 0
04-13 00:40:38.976 22291 22324 V native-activity: 		EGL_BIND_TO_TEXTURE_RGB: 1
04-13 00:40:38.976 22291 22324 V native-activity: 		EGL_BIND_TO_TEXTURE_RGBA: 0
04-13 00:40:38.976 22291 22324 V native-activity: 		EGL_MIN_SWAP_INTERVAL: 0
04-13 00:40:38.976 22291 22324 V native-activity: 		EGL_MAX_SWAP_INTERVAL: 10
04-13 00:40:38.976 22291 22324 V native-activity: 		EGL_MAX_PBUFFER_WIDTH: 4096
04-13 00:40:38.976 22291 22324 V native-activity: 		EGL_MAX_PBUFFER_HEIGHT: 4096
04-13 00:40:38.976 22291 22324 D native-activity: 	Config 0x60000011 index 16
04-13 00:40:38.976 22291 22324 V native-activity: 		EGL_CONFIG_ID: 30
04-13 00:40:38.976 22291 22324 V native-activity: 		EGL_CONFORMANT: 5 EGL_OPENGL_ES_BIT, EGL_OPENGL_ES2_BIT,
04-13 00:40:38.976 22291 22324 V native-activity: 		EGL_CONFIG_CAVEAT: 12344 EGL_NONE,
04-13 00:40:38.976 22291 22324 V native-activity: 		EGL_RENDERABLE_TYPE: 5 EGL_OPENGL_ES_BIT, EGL_OPENGL_ES2_BIT,
04-13 00:40:38.976 22291 22324 V native-activity: 		EGL_SURFACE_TYPE: 1031 EGL_PBUFFER_BIT, EGL_PIXMAP_BIT, EGL_SWAP_BEHAVIOR_PRESERVED_BIT, EGL_WINDOW_BIT,
04-13 00:40:38.976 22291 22324 V native-activity: 		EGL_LEVEL: 0
04-13 00:40:38.976 22291 22324 V native-activity: 		EGL_COLOR_BUFFER_TYPE: 12430 EGL_RGB_BUFFER,
04-13 00:40:38.976 22291 22324 V native-activity: 		EGL_BUFFER_SIZE: 32
04-13 00:40:38.976 22291 22324 V native-activity: 		EGL_SAMPLES: 0
04-13 00:40:38.976 22291 22324 V native-activity: 		EGL_SAMPLE_BUFFERS: 0
04-13 00:40:38.976 22291 22324 V native-activity: 		EGL_RED_SIZE: 8
04-13 00:40:38.976 22291 22324 V native-activity: 		EGL_GREEN_SIZE: 8
04-13 00:40:38.976 22291 22324 V native-activity: 		EGL_BLUE_SIZE: 8
04-13 00:40:38.976 22291 22324 V native-activity: 		EGL_ALPHA_SIZE: 8
04-13 00:40:38.976 22291 22324 V native-activity: 		EGL_ALPHA_MASK_SIZE: 0
04-13 00:40:38.976 22291 22324 V native-activity: 		EGL_LUMINANCE_SIZE: 0
04-13 00:40:38.976 22291 22324 V native-activity: 		EGL_TRANSPARENT_TYPE: 12344 EGL_NONE,
04-13 00:40:38.976 22291 22324 V native-activity: 		EGL_TRANSPARENT_RED_VALUE: -1
04-13 00:40:38.976 22291 22324 V native-activity: 		EGL_TRANSPARENT_GREEN_VALUE: -1
04-13 00:40:38.976 22291 22324 V native-activity: 		EGL_TRANSPARENT_BLUE_VALUE: -1
04-13 00:40:38.976 22291 22324 V native-activity: 		EGL_STENCIL_SIZE: 0
04-13 00:40:38.976 22291 22324 V native-activity: 		EGL_DEPTH_SIZE: 0
04-13 00:40:38.976 22291 22324 V native-activity: 		EGL_BIND_TO_TEXTURE_RGB: 1
04-13 00:40:38.976 22291 22324 V native-activity: 		EGL_BIND_TO_TEXTURE_RGBA: 1
04-13 00:40:38.976 22291 22324 V native-activity: 		EGL_MIN_SWAP_INTERVAL: 0
04-13 00:40:38.976 22291 22324 V native-activity: 		EGL_MAX_SWAP_INTERVAL: 10
04-13 00:40:38.976 22291 22324 V native-activity: 		EGL_MAX_PBUFFER_WIDTH: 4096
04-13 00:40:38.976 22291 22324 V native-activity: 		EGL_MAX_PBUFFER_HEIGHT: 4096
04-13 00:40:38.976 22291 22324 D native-activity: 	Config 0x60000012 index 17
04-13 00:40:38.976 22291 22324 V native-activity: 		EGL_CONFIG_ID: 31
04-13 00:40:38.976 22291 22324 V native-activity: 		EGL_CONFORMANT: 5 EGL_OPENGL_ES_BIT, EGL_OPENGL_ES2_BIT,
04-13 00:40:38.980 22311 22311 I Kernel  : [45277.656025].(1)[22311:main]name:dev/ashmem/dalvik-main space unmap vm_start 12c00000  end: 12e01000
04-13 00:40:38.980 22311 22311 I Kernel  : [45277.657137].(1)[22311:main]name:dev/ashmem/dalvik-main space unmap vm_start 22c00000  end: 22c01000
04-13 00:40:38.976 22291 22324 V native-activity: 		EGL_CONFIG_CAVEAT: 12344 EGL_NONE,
04-13 00:40:38.976 22291 22324 V native-activity: 		EGL_RENDERABLE_TYPE: 5 EGL_OPENGL_ES_BIT, EGL_OPENGL_ES2_BIT,
04-13 00:40:38.976 22291 22324 V native-activity: 		EGL_SURFACE_TYPE: 1031 EGL_PBUFFER_BIT, EGL_PIXMAP_BIT, EGL_SWAP_BEHAVIOR_PRESERVED_BIT, EGL_WINDOW_BIT,
04-13 00:40:38.976 22291 22324 V native-activity: 		EGL_LEVEL: 0
04-13 00:40:38.976 22291 22324 V native-activity: 		EGL_COLOR_BUFFER_TYPE: 12430 EGL_RGB_BUFFER,
04-13 00:40:38.976 22291 22324 V native-activity: 		EGL_BUFFER_SIZE: 32
04-13 00:40:38.976 22291 22324 V native-activity: 		EGL_SAMPLES: 0
04-13 00:40:38.976 22291 22324 V native-activity: 		EGL_SAMPLE_BUFFERS: 0
04-13 00:40:38.977 22291 22324 V native-activity: 		EGL_RED_SIZE: 8
04-13 00:40:38.977 22291 22324 V native-activity: 		EGL_GREEN_SIZE: 8
04-13 00:40:38.977 22291 22324 V native-activity: 		EGL_BLUE_SIZE: 8
04-13 00:40:38.977 22291 22324 V native-activity: 		EGL_TRANSPARENT_TYPE: 12344 EGL_NONE,
04-13 00:40:38.977 22291 22324 V native-activity: 		EGL_TRANSPARENT_BLUE_VALUE: -1
04-13 00:40:38.977 22291 22324 V native-activity: 		EGL_DEPTH_SIZE: 0
04-13 00:40:38.977 22291 22324 V native-activity: 		EGL_BIND_TO_TEXTURE_RGBA: 1
04-13 00:40:38.977 22291 22324 V native-activity: 		EGL_MAX_SWAP_INTERVAL: 10
04-13 00:40:38.977 22291 22324 V native-activity: 		EGL_MAX_PBUFFER_HEIGHT: 4096
04-13 00:40:38.977 22291 22324 V native-activity: 		EGL_CONFIG_ID: 32
04-13 00:40:38.977 22291 22324 V native-activity: 		EGL_CONFIG_CAVEAT: 12344 EGL_NONE,
04-13 00:40:38.977 22291 22324 V native-activity: 		EGL_RENDERABLE_TYPE: 5 EGL_OPENGL_ES_BIT, EGL_OPENGL_ES2_BIT,
04-13 00:40:38.977 22291 22324 V native-activity: 		EGL_SURFACE_TYPE: 1031 EGL_PBUFFER_BIT, EGL_PIXMAP_BIT, EGL_SWAP_BEHAVIOR_PRESERVED_BIT, EGL_WINDOW_BIT,
04-13 00:40:38.977 22291 22324 V native-activity: 		EGL_LEVEL: 0
04-13 00:40:38.977 22291 22324 V native-activity: 		EGL_COLOR_BUFFER_TYPE: 12430 EGL_RGB_BUFFER,
04-13 00:40:38.977 22291 22324 V native-activity: 		EGL_SAMPLES: 0
04-13 00:40:38.977 22291 22324 V native-activity: 		EGL_RED_SIZE: 8
04-13 00:40:38.977 22291 22324 V native-activity: 		EGL_BLUE_SIZE: 8
04-13 00:40:38.977 22291 22324 V native-activity: 		EGL_LUMINANCE_SIZE: 0
04-13 00:40:38.977 22291 22324 V native-activity: 		EGL_TRANSPARENT_RED_VALUE: -1
04-13 00:40:38.977 22291 22324 V native-activity: 		EGL_TRANSPARENT_BLUE_VALUE: -1
04-13 00:40:38.977 22291 22324 V native-activity: 		EGL_DEPTH_SIZE: 24
04-13 00:40:38.977 22291 22324 V native-activity: 		EGL_BIND_TO_TEXTURE_RGBA: 1
04-13 00:40:38.977 22291 22324 V native-activity: 		EGL_MAX_SWAP_INTERVAL: 10
04-13 00:40:38.977 22291 22324 V native-activity: 		EGL_MAX_PBUFFER_HEIGHT: 4096
04-13 00:40:38.978 22291 22324 V native-activity: 		EGL_CONFIG_CAVEAT: 12344 EGL_NONE,
04-13 00:40:38.978 22291 22324 V native-activity: 		EGL_SURFACE_TYPE: 1031 EGL_PBUFFER_BIT, EGL_PIXMAP_BIT, EGL_SWAP_BEHAVIOR_PRESERVED_BIT, EGL_WINDOW_BIT,
04-13 00:40:38.978 22291 22324 V native-activity: 		EGL_COLOR_BUFFER_TYPE: 12430 EGL_RGB_BUFFER,
04-13 00:40:38.978 22291 22324 V native-activity: 		EGL_SAMPLES: 0
04-13 00:40:38.978 22291 22324 V native-activity: 		EGL_RED_SIZE: 8
04-13 00:40:38.978 22291 22324 V native-activity: 		EGL_BLUE_SIZE: 8
04-13 00:40:38.978 22291 22324 V native-activity: 		EGL_ALPHA_MASK_SIZE: 0
04-13 00:40:38.978 22291 22324 V native-activity: 		EGL_TRANSPARENT_TYPE: 12344 EGL_NONE,
04-13 00:40:38.981 22291 22324 D native-activity: Comparing requested attrib 12352 value 4 to 5
04-13 00:40:38.981 22291 22324 D native-activity: Comparing requested attrib 12323 value 8 to 8
04-13 00:40:38.981 22291 22324 D native-activity: Examining config 0x6000000c
04-13 00:40:38.981 22291 22324 D native-activity: Comparing requested attrib 12352 value 4 to 5
04-13 00:40:38.981 22291 22324 D native-activity: Comparing requested attrib 12322 value 8 to 8
04-13 00:40:38.981 22291 22324 D native-activity: Comparing requested attrib 12323 value 8 to 8
04-13 00:40:38.981 22291 22324 D native-activity: Comparing requested attrib 12324 value 8 to 8
04-13 00:40:38.981 22291 22324 D native-activity: Comparing requested attrib 12321 value 8 to 8
04-13 00:40:38.981 22291 22324 D native-activity: Comparing requested attrib 12325 value 16 to 24
04-13 00:40:38.981 22291 22324 D native-activity: Comparing requested attrib 12339 value 4 to 1543
04-13 00:40:38.981 22291 22324 D native-activity: Comparing requested attrib 12352 value 4 to 5
04-13 00:40:38.981 22291 22324 D native-activity: Comparing requested attrib 12323 value 8 to 8
04-13 00:40:38.982 22291 22324 D native-activity: Comparing requested attrib 12324 value 8 to 8
04-13 00:40:38.982 22291 22324 D native-activity: Comparing requested attrib 12321 value 8 to 8
04-13 00:40:38.982 22291 22324 D native-activity: Comparing requested attrib 12339 value 4 to 2
04-13 00:40:38.982 22291 22324 D native-activity: Comparing requested attrib 12352 value 4 to 5
04-13 00:40:38.982 22291 22324 D native-activity: Comparing requested attrib 12322 value 8 to 5
04-13 00:40:38.982 22291 22324 D native-activity: Examining config 0x60000011
04-13 00:40:38.982 22291 22324 D native-activity: Comparing requested attrib 12352 value 4 to 5
04-13 00:40:38.982 22291 22324 D native-activity: Comparing requested attrib 12322 value 8 to 8
04-13 00:40:38.982 22291 22324 D native-activity: Comparing requested attrib 12323 value 8 to 8
04-13 00:40:38.982 22291 22324 D native-activity: Comparing requested attrib 12321 value 8 to 8
04-13 00:40:38.983 22291 22324 D native-activity: Comparing requested attrib 12325 value 16 to 24
04-13 00:40:38.983 22291 22324 D native-activity: Comparing requested attrib 12339 value 4 to 1031
04-13 00:40:38.983 22291 22324 D native-activity: Comparing requested attrib 12352 value 4 to 5
04-13 00:40:38.983 22291 22324 D native-activity: Comparing requested attrib 12322 value 8 to 8
04-13 00:40:38.983 22291 22324 D native-activity: Comparing requested attrib 12323 value 8 to 8
04-13 00:40:38.983 22291 22324 D native-activity: Comparing requested attrib 12324 value 8 to 8
04-13 00:40:38.983 22291 22324 D native-activity: Comparing requested attrib 12321 value 8 to 0
04-13 00:40:38.983 22291 22324 D native-activity: Comparing requested attrib 12339 value 4 to 1028
04-13 00:40:38.983 22291 22324 D native-activity: Comparing requested attrib 12352 value 4 to 5
04-13 00:40:38.983 22291 22324 D native-activity: Comparing requested attrib 12322 value 8 to 8
04-13 00:40:38.983 22291 22324 D native-activity: Comparing requested attrib 12324 value 8 to 8
04-13 00:40:38.988 22291 22324 I native-activity: EGL Surface 0xb91ac6a8 information
04-13 00:40:38.988 22291 22324 I native-activity: 		EGL_CONFIG_ID: 9
04-13 00:40:38.988 22291 22324 I native-activity: 		EGL_WIDTH: 720
04-13 00:40:38.988 22291 22324 I native-activity: 		EGL_HEIGHT: 1280
04-13 00:40:38.988 22291 22324 I native-activity: 		EGL_HORIZONTAL_RESOLUTION: -1 EGL_UNKNOWN,
04-13 00:40:38.988 22291 22324 I native-activity: 		EGL_VERTICAL_RESOLUTION: -1 EGL_UNKNOWN,
04-13 00:40:38.988 22291 22324 I native-activity: 		EGL_PIXEL_ASPECT_RATIO: -1 EGL_UNKNOWN,
04-13 00:40:38.988 22291 22324 I native-activity: 		EGL_RENDER_BUFFER: 12420 EGL_BACK_BUFFER,
04-13 00:40:38.988 22291 22324 I native-activity: 		EGL_MIPMAP_TEXTURE: 0
04-13 00:40:38.988 22291 22324 I native-activity: 		EGL_TEXTURE_FORMAT: 12380 EGL_NO_TEXTURE,
04-13 00:40:38.988 22291 22324 I native-activity: 		EGL_TEXTURE_TARGET: 12380 EGL_NO_TEXTURE,
04-13 00:40:38.988 22291 22324 I native-activity: 		EGL_SWAP_BEHAVIOR: 12437 EGL_BUFFER_DESTROYED,
04-13 00:40:38.988 22291 22324 I native-activity: 		EGL_MULTISAMPLE_RESOLVE: 12442 EGL_MULTISAMPLE_RESOLVE_DEFAULT,
04-13 00:40:38.989 22291 22324 I native-activity: Created context 0xb91b9618, error 0x3000
04-13 00:40:38.989 22291 22324 I native-activity: 		EGL_CONFIG_ID: 9
04-13 00:40:38.989 22291 22324 I native-activity: 		EGL_CONTEXT_CLIENT_TYPE: 12448 EGL_OPENGL_ES_API,
04-13 00:40:38.989 22291 22324 I native-activity: 		EGL_CONTEXT_CLIENT_VERSION: 2
04-13 00:40:38.989 22291 22324 I native-activity: 		EGL_RENDER_BUFFER: 12344 EGL_NONE,
04-13 00:40:38.989 22291 22324 I native-activity: Context 0xb91b9618 made current on surface 0xb91ac6a8, error 0x3000
04-13 00:40:38.989 22291 22324 I native-activity: GL information
04-13 00:40:38.989 22291 22324 I native-activity: 	Renderer: Mali-450 MP
04-13 00:40:38.989 22291 22324 I native-activity: 	Vendor: ARM
04-13 00:40:38.989 22291 22324 I native-activity: 	Version: OpenGL ES 2.0
04-13 00:40:38.989 22291 22324 I native-activity: 	Shading Language: OpenGL ES GLSL ES 1.00
04-13 00:40:38.989 22291 22324 I native-activity: 	Extensions: GL_EXT_debug_marker GL_OES_texture_npot GL_OES_compressed_ETC1_RGB8_texture GL_OES_standard_derivatives GL_OES_EGL_image GL_OES_depth24 GL_ARM_rgba8 GL_ARM_mali_shader_binary GL_OES_depth_texture GL_OES_packed_depth_stencil GL_EXT_texture_format_BGRA8888 GL_OES_vertex_half_float GL_EXT_blend_minmax GL_OES_EGL_image_external GL_OES_EGL_sync GL_OES_rgb8_rgba8 GL_EXT_multisampled_render_to_texture GL_EXT_discard_framebuffer GL_OES_get_program_binary GL_ARM_mali_program_binary GL_EXT_shader_texture_lod GL_EXT_robustness GL_OES_depth_texture_cube_map GL_KHR_debug 
04-13 00:40:38.990 22291 22324 W MALI    : _gles_set_error:84: [WARNING]Mali GLES errorcode: 500 (next several errors will be ignored to avoid flood)
04-13 00:40:39.043 22291 22324 I native-activity: Context 0xb91b9618 made current on surface 0xb91ac6a8, error 0x3000
04-13 00:40:39.043 22291 22324 I native-activity: GL information
04-13 00:40:39.043 22291 22324 I native-activity: 	Renderer: Mali-450 MP
04-13 00:40:39.043 22291 22324 I native-activity: 	Vendor: ARM
04-13 00:40:39.043 22291 22324 I native-activity: 	Version: OpenGL ES 2.0
04-13 00:40:39.043 22291 22324 I native-activity: 	Shading Language: OpenGL ES GLSL ES 1.00
04-13 00:40:39.043 22291 22324 I native-activity: 	Extensions: GL_EXT_debug_marker GL_OES_texture_npot GL_OES_compressed_ETC1_RGB8_texture GL_OES_standard_derivatives GL_OES_EGL_image GL_OES_depth24 GL_ARM_rgba8 GL_ARM_mali_shader_binary GL_OES_depth_texture GL_OES_packed_depth_stencil GL_EXT_texture_format_BGRA8888 GL_OES_vertex_half_float GL_EXT_blend_minmax GL_OES_EGL_image_external GL_OES_EGL_sync GL_OES_rgb8_rgba8 GL_EXT_multisampled_render_to_texture GL_EXT_discard_framebuffer GL_OES_get_program_binary GL_ARM_mali_program_binary GL_EXT_shader_texture_lod GL_EXT_robustness GL_OES_depth_texture_cube_map GL_KHR_debug 
04-13 00:40:39.030    81    81 I Kernel  : [45277.703672].(0)[81:bat_thread_kthr][BAT_thread]Cable in, CHR_Type_num=2
04-13 00:40:39.040 22332 22332 W sh      : type=1400 audit(0.0:5034): avc: denied { module_request } for kmod="personality-8" scontext=u:r:shell:s0 tcontext=u:r:kernel:s0 tclass=system permissive=0
04-13 00:40:39.040 22332 22332 W logcat  : type=1400 audit(0.0:5035): avc: denied { module_request } for kmod="personality-8" scontext=u:r:shell:s0 tcontext=u:r:kernel:s0 tclass=system permissive=0
04-13 00:40:39.040 22332 22332 I Kernel  : [45277.716654].(3)[22332:sh]audit avc scontext:u:r:shell:s0
04-13 00:40:39.040 22332 22332 I Kernel  : [45277.721380].(2)[22332:logcat]audit avc scontext:u:r:shell:s0
04-13 00:40:39.050    81    81 I Kernel  : [45277.722194].(0)[81:bat_thread_kthr]AvgVbat=(4203),bat_vol=(4204),AvgI=(0),I=(0),VChr=(4626),AvgT=(24),T=(25),pre_SOC=(100),SOC=(100),ZCV=(4045)
04-13 00:40:39.050    81    81 I Kernel  : [45277.722262].(0)[81:bat_thread_kthr][BATTERY] support JEITA, temperature=24
04-13 00:40:39.050    81    81 I Kernel  : [45277.722279][BATTERY] Battery Normal Temperature between 10 and 45 !!
04-13 00:40:39.050    81    81 I Kernel  : [45277.722296].(0)[81:bat_thread_kthr]array_size = 51 
04-13 00:40:39.050    81    81 I Kernel  : [45277.724015].(0)[81:bat_thread_kthr]charging_reset_watch_dog_timer
04-13 00:40:39.063 20623 20623 I F_C.Launcher: onStop
04-13 00:40:39.070 20623 20623 I F_C.ImageMemoryManager: onTrimMemory: Level: 20, activeSources: ArraySet[ ImageSourceState(com.amazon.firelauncher.images.imagesource.AppsMainFolderImageSource@a206117) ]
04-13 00:40:39.060    81    81 I Kernel  : [45277.741090].(0)[81:bat_thread_kthr][BATTERY] Default CC mode charging : 150000, input current = 150000
04-13 00:40:39.060    81    81 I Kernel  : [45277.741118].(0)[81:bat_thread_kthr]array_size = 8 
04-13 00:40:39.087 22291 22324 I native-activity: Frame 0 GL error is 0x500
04-13 00:40:39.087 22291 22324 I native-activity: Frame 0 time is 98.698ms
04-13 00:40:39.070    81    81 I Kernel  : [45277.744055].(2)[81:bat_thread_kthr]array_size = 28 
04-13 00:40:39.070    81    81 I Kernel  : [45277.748272].(0)[81:bat_thread_kthr]charging_dump_register
04-13 00:40:39.070    81    81 I Kernel  : [45277.749000].(0)[81:bat_thread_kthr][bq24296_dump_register] Reg[0x0]=0x45
04-13 00:40:39.070    81    81 I Kernel  : [45277.749528].(0)[81:bat_thread_kthr][bq24296_dump_register] Reg[0x1]=0x1B
04-13 00:40:39.070    81    81 I Kernel  : [45277.750100].(1)[81:bat_thread_kthr][bq24296_dump_register] Reg[0x2]=0x3C
04-13 00:40:39.070    81    81 I Kernel  : [45277.750646].(1)[81:bat_thread_kthr][bq24296_dump_register] Reg[0x3]=0x30
04-13 00:40:39.070    81    81 I Kernel  : [45277.751160].(1)[81:bat_thread_kthr][bq24296_dump_register] Reg[0x4]=0xB2
04-13 00:40:39.080    81    81 I Kernel  : [45277.751708].(0)[81:bat_thread_kthr][bq24296_dump_register] Reg[0x5]=0x94
04-13 00:40:39.090 22291 22324 I native-activity: Swap 0 time is 101.823ms
04-13 00:40:39.091   917  2246 D Sensors : hwm__set_delay: Set delay 1000000 ns
04-13 00:40:39.091   917  2246 D Sensors : Control set delay 1000000 ns is too small 
04-13 00:40:39.080    81    81 I Kernel  : [45277.752275].(0)[81:bat_thread_kthr][bq24296_dump_register] Reg[0x6]=0x73
04-13 00:40:39.080   917  2246 I Kernel  : [45277.752748].(2)[2246:Binder_E]<HWMSEN> ioctl delay handle=0,delay =10
04-13 00:40:39.080    81    81 I Kernel  : [45277.752796].(0)[81:bat_thread_kthr][bq24296_dump_register] Reg[0x7]=0x48
04-13 00:40:39.080    81    81 I Kernel  : [45277.753933].(0)[81:bat_thread_kthr][bq24296_dump_register] Reg[0x8]=0x64
04-13 00:40:39.080   917  2246 I Kernel  : [45277.754618][Gsensor] KXTJ2_1009_SetPowerMode 0!
04-13 00:40:39.080    81    81 I Kernel  : [45277.755128].(0)[81:bat_thread_kthr][bq24296_dump_register] Reg[0x9]=0x0
04-13 00:40:39.080    81    81 I Kernel  : [45277.755649].(0)[81:bat_thread_kthr][bq24296_dump_register] Reg[0xA]=0x20
04-13 00:40:39.080    81    81 I Kernel  : [45277.756670].(0)[81:bat_thread_kthr][100percent],UI_SOC = 99
04-13 00:40:39.080    81    81 I Kernel  : [45277.756693].(0)[81:bat_thread_kthr]UI_SOC=(100), resetBatteryMeter=(0)
04-13 00:40:39.080    81    81 I Kernel  : [45277.756939].(0)[81:bat_thread_kthr][mt_kpoc_power_off_check] , chr_vol=4626, boot_mode=0
04-13 00:40:39.080   139   139 I Kernel  : [45277.758204].(0)[139:healthd]healthd: battery l=100 v=4203 t=24.0 h=2 st=5 chg=u
04-13 00:40:39.096   143   315 I hwcomposer: [DPY] UEventThread::threadLoop recv change@/devices/platform/battery/power_supply/battery
04-13 00:40:39.090   917  2246 I Kernel  : [Gsensor] KXTJ2_1009_SetPowerMode 1!
04-13 00:40:39.110   917  2246 D Sensors : hwm__set_delay: Set delay 16000000 ns
04-13 00:40:39.100   917  2246 I Kernel  : KXTJ2_1009_SetBWRate OK! 
04-13 00:40:39.100   917  2246 I Kernel  : [45277.771835].(0)[2246:Binder_E]<HWMSEN> update_workqueue_polling_rate
04-13 00:40:39.100   917  2246 I Kernel  : [45277.771851].(0)[2246:Binder_E]<HWMSEN> set old fastest sensor delay as workqueue base time=10
04-13 00:40:39.100   917  2246 I Kernel  : [45277.771865].(0)[2246:Binder_E]<HWMSEN> update_workqueue_polling_rate,set delayCountSet=0 delay =10 handle=0
04-13 00:40:39.100   917  2246 I Kernel  : [45277.772165].(0)[2246:Binder_E]<HWMSEN> ioctl delay handle=0,delay =16
04-13 00:40:39.100   917  2246 I Kernel  : [45277.773448][Gsensor] KXTJ2_1009_SetPowerMode 0!
04-13 00:40:39.110   917  2246 I Kernel  : [Gsensor] KXTJ2_1009_SetPowerMode 1!
04-13 00:40:39.130 22291 22324 I native-activity: Animating
04-13 00:40:39.120   917  2246 I Kernel  : KXTJ2_1009_SetBWRate OK! 
04-13 00:40:39.120   917  2246 I Kernel  : [45277.792109].(2)[2246:Binder_E]<HWMSEN> update_workqueue_polling_rate
04-13 00:40:39.120   917  2246 I Kernel  : [45277.792126].(2)[2246:Binder_E]<HWMSEN> set old fastest sensor delay as workqueue base time=16
04-13 00:40:39.120   917  2246 I Kernel  : [45277.792142].(2)[2246:Binder_E]<HWMSEN> update_workqueue_polling_rate,set delayCountSet=0 delay =16 handle=0
04-13 00:40:39.130 22291 22324 I native-activity: Frame 1 GL error is 0x0
04-13 00:40:39.132 22291 22324 I native-activity: Frame 1 time is 0.201ms
04-13 00:40:39.136 22291 22324 I native-activity: Swap 1 time is 6.089ms
04-13 00:40:39.136 22291 22324 I native-activity: Animating
04-13 00:40:39.137 22291 22324 I native-activity: Frame 2 GL error is 0x0
04-13 00:40:39.137 22291 22324 I native-activity: Frame 2 time is 0.247ms
04-13 00:40:39.141 22291 22324 I native-activity: Swap 2 time is 4.631ms
04-13 00:40:39.141 22291 22324 I native-activity: Animating
04-13 00:40:39.141 22291 22324 I native-activity: Context 0xb91b9618 made current on surface 0xb91ac6a8, error 0x3000
04-13 00:40:39.141 22291 22324 I native-activity: GL information
04-13 00:40:39.141 22291 22324 I native-activity: 	Renderer: Mali-450 MP
04-13 00:40:39.141 22291 22324 I native-activity: 	Vendor: ARM
04-13 00:40:39.141 22291 22324 I native-activity: 	Version: OpenGL ES 2.0
04-13 00:40:39.141 22291 22324 I native-activity: 	Shading Language: OpenGL ES GLSL ES 1.00
04-13 00:40:39.141 22291 22324 I native-activity: 	Extensions: GL_EXT_debug_marker GL_OES_texture_npot GL_OES_compressed_ETC1_RGB8_texture GL_OES_standard_derivatives GL_OES_EGL_image GL_OES_depth24 GL_ARM_rgba8 GL_ARM_mali_shader_binary GL_OES_depth_texture GL_OES_packed_depth_stencil GL_EXT_texture_format_BGRA8888 GL_OES_vertex_half_float GL_EXT_blend_minmax GL_OES_EGL_image_external GL_OES_EGL_sync GL_OES_rgb8_rgba8 GL_EXT_multisampled_render_to_texture GL_EXT_discard_framebuffer GL_OES_get_program_binary GL_ARM_mali_program_binary GL_EXT_shader_texture_lod GL_EXT_robustness GL_OES_depth_texture_cube_map GL_KHR_debug 
04-13 00:40:39.141 22291 22324 I native-activity: Frame 3 GL error is 0x501
04-13 00:40:39.141 22291 22324 I native-activity: Frame 3 time is 0.223ms
04-13 00:40:39.141 22291 22324 I native-activity: Swap 3 time is 0.274ms
04-13 00:40:39.141 22291 22324 I native-activity: Animating
04-13 00:40:39.140  2137  2137 I Kernel  : [45277.814121][wlan] nicTxReleaseResource: (TX STATE)
04-13 00:40:39.140  2137  2137 I Kernel  : Release: TC4 count 1, Free=4; TC5 count 0, Free=4
04-13 00:40:39.140  2159  2159 I Kernel  : [45277.815108].(0)[2159:wpa_supplicant]poorlink get state G(361505)F(49)dbad(0)dretry(0)LT(540)RT(-77)W(0)(12188)
04-13 00:40:39.140  2137  2137 I Kernel  : [45277.815350][wlan] nicTxReleaseResource: (TX STATE)
04-13 00:40:39.140  2137  2137 I Kernel  : Release: TC4 count 1, Free=4; TC5 count 0, Free=4
04-13 00:40:39.188   143   255 I [MALI][Gralloc]: usage0: 0xf02, format7: 1 stride2: 608 vertical_stride6: 976 size: 2373632
04-13 00:40:39.189  1787  2848 I MaliEGL : [Mali]window_type=1, is_framebuffer=0, errnum = 0
04-13 00:40:39.189  1787  2848 I MaliEGL : [Mali]surface->num_buffers=4, surface->num_frames=3, win_min_undequeued=1
04-13 00:40:39.189  1787  2848 I MaliEGL : [Mali]max_allowed_dequeued_buffers=3
04-13 00:40:39.191   143   257 I [MALI][Gralloc]: usage0: 0xf02, format7: 1 stride2: 976 vertical_stride6: 600 size: 2342400
04-13 00:40:39.221 22291 22324 I native-activity: Frame 4 GL error is 0x500
04-13 00:40:39.221 22291 22324 I native-activity: Frame 4 time is 79.594ms
04-13 00:40:39.223 22291 22324 I native-activity: Swap 4 time is 81.511ms
04-13 00:40:39.223 22291 22324 I native-activity: Animating
04-13 00:40:39.223 22291 22324 I native-activity: Frame 5 GL error is 0x0
04-13 00:40:39.223 22291 22324 I native-activity: Frame 5 time is 0.162ms
04-13 00:40:39.225 22291 22324 I native-activity: Swap 5 time is 1.885ms
04-13 00:40:39.225 22291 22324 I native-activity: Animating
04-13 00:40:39.225 22291 22324 I native-activity: Frame 6 GL error is 0x0
04-13 00:40:39.225 22291 22324 I native-activity: Frame 6 time is 0.148ms
04-13 00:40:39.227 22291 22324 I native-activity: Swap 6 time is 1.869ms
04-13 00:40:39.227 22291 22324 I native-activity: Animating
04-13 00:40:39.227 22291 22324 I native-activity: Frame 7 GL error is 0x0
04-13 00:40:39.227 22291 22324 I native-activity: Frame 7 time is 0.115ms
04-13 00:40:39.229 22291 22324 I native-activity: Swap 7 time is 1.779ms
04-13 00:40:39.229 22291 22324 I native-activity: Animating
04-13 00:40:39.229 22291 22324 I native-activity: Frame 8 GL error is 0x0
04-13 00:40:39.229 22291 22324 I native-activity: Frame 8 time is 0.123ms
04-13 00:40:39.231 22291 22324 I native-activity: Swap 8 time is 1.809ms
04-13 00:40:39.231 22291 22324 I native-activity: Animating
04-13 00:40:39.231 22291 22324 I native-activity: Frame 9 GL error is 0x0
04-13 00:40:39.231 22291 22324 I native-activity: Frame 9 time is 0.118ms
04-13 00:40:39.233 22291 22324 I native-activity: Swap 9 time is 2.054ms
04-13 00:40:39.233 22291 22324 I native-activity: Animating
04-13 00:40:39.233 22291 22324 I native-activity: Frame 10 GL error is 0x0
04-13 00:40:39.233 22291 22324 I native-activity: Frame 10 time is 0.172ms
04-13 00:40:39.235 22291 22324 I native-activity: Swap 10 time is 2.224ms
04-13 00:40:39.235 22291 22324 I native-activity: Animating
04-13 00:40:39.235 22291 22324 I native-activity: Frame 11 GL error is 0x0
04-13 00:40:39.235 22291 22324 I native-activity: Frame 11 time is 0.166ms
04-13 00:40:39.237 22291 22324 I native-activity: Swap 11 time is 2.150ms
04-13 00:40:39.237 22291 22324 I native-activity: Animating
04-13 00:40:39.237 22291 22324 I native-activity: Frame 12 GL error is 0x0
04-13 00:40:39.237 22291 22324 I native-activity: Frame 12 time is 0.130ms
04-13 00:40:39.239 22291 22324 I native-activity: Swap 12 time is 1.897ms
04-13 00:40:39.239 22291 22324 I native-activity: Animating
04-13 00:40:39.240 22291 22324 I native-activity: Frame 13 GL error is 0x0
04-13 00:40:39.240 22291 22324 I native-activity: Frame 13 time is 0.262ms
04-13 00:40:39.241 22291 22324 I native-activity: Swap 13 time is 2.151ms
04-13 00:40:39.242 22291 22324 I native-activity: Animating
04-13 00:40:39.242 22291 22324 I native-activity: Frame 14 GL error is 0x0
04-13 00:40:39.242 22291 22324 I native-activity: Frame 14 time is 0.147ms
04-13 00:40:39.244 22291 22324 I native-activity: Swap 14 time is 2.030ms
04-13 00:40:39.244 22291 22324 I native-activity: Animating
04-13 00:40:39.244 22291 22324 I native-activity: Frame 15 GL error is 0x0
04-13 00:40:39.244 22291 22324 I native-activity: Frame 15 time is 0.139ms
04-13 00:40:39.246 22291 22324 I native-activity: Swap 15 time is 1.868ms
04-13 00:40:39.246 22291 22324 I native-activity: Animating
04-13 00:40:39.246 22291 22324 I native-activity: Frame 16 GL error is 0x0
04-13 00:40:39.246 22291 22324 I native-activity: Frame 16 time is 0.135ms
04-13 00:40:39.247 22291 22324 I native-activity: Swap 16 time is 1.804ms
04-13 00:40:39.247 22291 22324 I native-activity: Animating
04-13 00:40:39.248 22291 22324 I native-activity: Frame 17 GL error is 0x0
04-13 00:40:39.248 22291 22324 I native-activity: Frame 17 time is 0.117ms
04-13 00:40:39.250 22291 22324 I native-activity: Swap 17 time is 2.196ms
04-13 00:40:39.250 22291 22324 I native-activity: Animating
04-13 00:40:39.250 22291 22324 I native-activity: Frame 18 GL error is 0x0
04-13 00:40:39.250 22291 22324 I native-activity: Frame 18 time is 0.178ms
04-13 00:40:39.252 22291 22324 I native-activity: Swap 18 time is 2.135ms
04-13 00:40:39.252 22291 22324 I native-activity: Animating
04-13 00:40:39.252 22291 22324 I native-activity: Frame 19 GL error is 0x0
04-13 00:40:39.252 22291 22324 I native-activity: Frame 19 time is 0.139ms
04-13 00:40:39.254 22291 22324 I native-activity: Swap 19 time is 2.008ms
04-13 00:40:39.254 22291 22324 I native-activity: Animating
04-13 00:40:39.254 22291 22324 I native-activity: Frame 20 GL error is 0x0
04-13 00:40:39.254 22291 22324 I native-activity: Frame 20 time is 0.149ms
04-13 00:40:39.256 22291 22324 I native-activity: Swap 20 time is 1.856ms
04-13 00:40:39.256 22291 22324 I native-activity: Animating
04-13 00:40:39.256 22291 22324 I native-activity: Frame 21 GL error is 0x0
04-13 00:40:39.256 22291 22324 I native-activity: Frame 21 time is 0.149ms
04-13 00:40:39.258 22291 22324 I native-activity: Swap 21 time is 1.822ms
04-13 00:40:39.258 22291 22324 I native-activity: Animating
04-13 00:40:39.258 22291 22324 I native-activity: Frame 22 GL error is 0x0
04-13 00:40:39.258 22291 22324 I native-activity: Frame 22 time is 0.117ms
04-13 00:40:39.260 22291 22324 I native-activity: Swap 22 time is 1.875ms
04-13 00:40:39.260 22291 22324 I native-activity: Animating
04-13 00:40:39.260 22291 22324 I native-activity: Frame 23 GL error is 0x0
04-13 00:40:39.260 22291 22324 I native-activity: Frame 23 time is 0.164ms
04-13 00:40:39.262 22291 22324 I native-activity: Swap 23 time is 1.949ms
04-13 00:40:39.262 22291 22324 I native-activity: Animating
04-13 00:40:39.262 22291 22324 I native-activity: Frame 24 GL error is 0x0
04-13 00:40:39.262 22291 22324 I native-activity: Frame 24 time is 0.169ms
04-13 00:40:39.264 22291 22324 I native-activity: Swap 24 time is 1.905ms
04-13 00:40:39.264 22291 22324 I native-activity: Animating
04-13 00:40:39.264 22291 22324 I native-activity: Frame 25 GL error is 0x0
04-13 00:40:39.264 22291 22324 I native-activity: Frame 25 time is 0.128ms
04-13 00:40:39.266 22291 22324 I native-activity: Swap 25 time is 2.066ms
04-13 00:40:39.266 22291 22324 I native-activity: Animating
04-13 00:40:39.266 22291 22324 I native-activity: Frame 26 GL error is 0x0
04-13 00:40:39.266 22291 22324 I native-activity: Frame 26 time is 0.173ms
04-13 00:40:39.269 22291 22324 I native-activity: Swap 26 time is 2.763ms
04-13 00:40:39.269 22291 22324 I native-activity: Animating
04-13 00:40:39.269 22291 22324 I native-activity: Frame 27 GL error is 0x0
04-13 00:40:39.269 22291 22324 I native-activity: Frame 27 time is 0.162ms
04-13 00:40:39.271 22291 22324 I native-activity: Swap 27 time is 2.354ms
04-13 00:40:39.271 22291 22324 I native-activity: Animating
04-13 00:40:39.271 22291 22324 I native-activity: Frame 28 GL error is 0x0
04-13 00:40:39.271 22291 22324 I native-activity: Frame 28 time is 0.152ms
04-13 00:40:39.273 22291 22324 I native-activity: Swap 28 time is 1.961ms
04-13 00:40:39.273 22291 22324 I native-activity: Animating
04-13 00:40:39.274 22291 22324 I native-activity: Frame 29 GL error is 0x0
04-13 00:40:39.274 22291 22324 I native-activity: Frame 29 time is 0.154ms
04-13 00:40:39.276 22291 22324 I native-activity: Swap 29 time is 2.390ms
04-13 00:40:39.276 22291 22324 I native-activity: Animating
04-13 00:40:39.276 22291 22324 I native-activity: Frame 30 GL error is 0x0
04-13 00:40:39.276 22291 22324 I native-activity: Frame 30 time is 0.121ms
04-13 00:40:39.278 22291 22324 I native-activity: Swap 30 time is 2.087ms
04-13 00:40:39.278 22291 22324 I native-activity: Animating
04-13 00:40:39.285 22291 22324 I native-activity: Frame 31 GL error is 0x500
04-13 00:40:39.285 22291 22324 I native-activity: Frame 31 time is 6.666ms
04-13 00:40:39.287 22291 22324 I native-activity: Swap 31 time is 8.823ms
04-13 00:40:39.287 22291 22324 I native-activity: Animating
04-13 00:40:39.337 22291 22324 I native-activity: Frame 32 GL error is 0x500
04-13 00:40:39.337 22291 22324 I native-activity: Frame 32 time is 49.955ms
04-13 00:40:39.339 22291 22324 I native-activity: Swap 32 time is 51.855ms
04-13 00:40:39.339 22291 22324 I native-activity: Animating
04-13 00:40:39.367 22291 22324 I native-activity: Frame 33 GL error is 0x500
04-13 00:40:39.367 22291 22324 I native-activity: Frame 33 time is 28.135ms
04-13 00:40:39.370 22291 22324 I native-activity: Swap 33 time is 30.686ms
04-13 00:40:39.370 22291 22324 I native-activity: Animating
04-13 00:40:39.531 22291 22324 I native-activity: Frame 34 GL error is 0x500
04-13 00:40:39.531 22291 22324 I native-activity: Frame 34 time is 161.363ms
04-13 00:40:39.534 22291 22324 I native-activity: Swap 34 time is 163.387ms
04-13 00:40:39.534 22291 22324 I native-activity: Animating
04-13 00:40:39.570 22291 22324 I native-activity: Frame 35 GL error is 0x500
04-13 00:40:39.570 22291 22324 I native-activity: Frame 35 time is 35.921ms
04-13 00:40:39.573 22291 22324 I native-activity: Swap 35 time is 38.069ms
04-13 00:40:39.573 22291 22324 I native-activity: Animating
04-13 00:40:39.619   143 13904 I [MALI][Gralloc]: usage0: 0xf02, format7: 1 stride2: 976 vertical_stride6: 600 size: 2342400
04-13 00:40:39.913 22291 22324 I native-activity: Frame 36 GL error is 0x500
04-13 00:40:39.913 22291 22324 I native-activity: Frame 36 time is 340.550ms
04-13 00:40:39.915 22291 22324 I native-activity: Swap 36 time is 342.767ms
04-13 00:40:39.916 22291 22324 I native-activity: Animating
04-13 00:40:39.910    82    82 I Kernel  : [45278.586564].(0)[82:mtk charger_hv_]charging_reset_watch_dog_timer
04-13 00:40:39.910    82    82 I Kernel  : [45278.587431].(0)[82:mtk charger_hv_]array_size = 16 
04-13 00:40:40.026 22291 22324 I native-activity: Frame 37 GL error is 0x501
04-13 00:40:40.026 22291 22324 I native-activity: Frame 37 time is 110.127ms
04-13 00:40:40.028 22291 22324 I native-activity: Swap 37 time is 112.335ms
04-13 00:40:40.028 22291 22324 I native-activity: Animating
04-13 00:40:40.041 22291 22324 I native-activity: Frame 38 GL error is 0x501
04-13 00:40:40.041 22291 22324 I native-activity: Frame 38 time is 12.766ms
04-13 00:40:40.044 22291 22324 I native-activity: Swap 38 time is 15.748ms
04-13 00:40:40.044 22291 22324 I native-activity: Animating
04-13 00:40:40.052 22291 22324 I native-activity: Frame 39 GL error is 0x0
04-13 00:40:40.052 22291 22324 I native-activity: Frame 39 time is 7.776ms
04-13 00:40:40.055 22291 22324 I native-activity: Swap 39 time is 10.584ms
04-13 00:40:40.055 22291 22324 I native-activity: Animating
04-13 00:40:40.063 22291 22324 I native-activity: Frame 40 GL error is 0x0
04-13 00:40:40.063 22291 22324 I native-activity: Frame 40 time is 8.253ms
04-13 00:40:40.066 22291 22324 I native-activity: Swap 40 time is 10.805ms
04-13 00:40:40.066 22291 22324 I native-activity: Animating
04-13 00:40:40.074 22291 22324 I native-activity: Frame 41 GL error is 0x0
04-13 00:40:40.074 22291 22324 I native-activity: Frame 41 time is 8.510ms
04-13 00:40:40.077 22291 22324 I native-activity: Swap 41 time is 11.184ms
04-13 00:40:40.077 22291 22324 I native-activity: Animating
04-13 00:40:40.085 22291 22324 I native-activity: Frame 42 GL error is 0x0
04-13 00:40:40.085 22291 22324 I native-activity: Frame 42 time is 7.611ms
04-13 00:40:40.088 22291 22324 I native-activity: Swap 42 time is 10.551ms
04-13 00:40:40.088 22291 22324 I native-activity: Animating
04-13 00:40:40.098 22291 22324 I native-activity: Frame 43 GL error is 0x0
04-13 00:40:40.098 22291 22324 I native-activity: Frame 43 time is 10.536ms
04-13 00:40:40.102 22291 22324 I native-activity: Swap 43 time is 13.646ms
04-13 00:40:40.102 22291 22324 I native-activity: Animating
04-13 00:40:40.116 22291 22324 I native-activity: Frame 44 GL error is 0x0
04-13 00:40:40.116 22291 22324 I native-activity: Frame 44 time is 14.365ms
04-13 00:40:40.119 22291 22324 I native-activity: Swap 44 time is 17.556ms
04-13 00:40:40.120 22291 22324 I native-activity: Animating
04-13 00:40:40.248 22291 22324 I native-activity: Frame 45 GL error is 0x501
04-13 00:40:40.248 22291 22324 I native-activity: Frame 45 time is 128.275ms
04-13 00:40:40.251 22291 22324 I native-activity: Swap 45 time is 130.984ms
04-13 00:40:40.251 22291 22324 I native-activity: Animating
04-13 00:40:40.403 22291 22324 I native-activity: Frame 46 GL error is 0x501
04-13 00:40:40.403 22291 22324 I native-activity: Frame 46 time is 152.555ms
04-13 00:40:40.406 22291 22324 I native-activity: Swap 46 time is 155.509ms
04-13 00:40:40.407 22291 22324 I native-activity: Animating
04-13 00:40:40.541 22291 22324 I native-activity: Frame 47 GL error is 0x501
04-13 00:40:40.541 22291 22324 I native-activity: Frame 47 time is 133.929ms
04-13 00:40:40.543 22291 22324 I native-activity: Swap 47 time is 136.664ms
04-13 00:40:40.544 22291 22324 I native-activity: Animating
04-13 00:40:40.544 22291 22324 I native-activity: Frame 48 GL error is 0x0
04-13 00:40:40.544 22291 22324 I native-activity: Frame 48 time is 0.202ms
04-13 00:40:40.547 22291 22324 I native-activity: Swap 48 time is 2.758ms
04-13 00:40:40.547 22291 22324 I native-activity: Animating
04-13 00:40:40.547 22291 22324 I native-activity: Frame 49 GL error is 0x0
04-13 00:40:40.547 22291 22324 I native-activity: Frame 49 time is 0.153ms
04-13 00:40:40.549 22291 22324 I native-activity: Swap 49 time is 2.670ms
04-13 00:40:40.549 22291 22324 I native-activity: Animating
04-13 00:40:40.550 22291 22324 I native-activity: Frame 50 GL error is 0x0
04-13 00:40:40.550 22291 22324 I native-activity: Frame 50 time is 0.227ms
04-13 00:40:40.552 22291 22324 I native-activity: Swap 50 time is 2.786ms
04-13 00:40:40.552 22291 22324 I native-activity: Animating
04-13 00:40:40.552 22291 22324 I native-activity: Frame 51 GL error is 0x0
04-13 00:40:40.552 22291 22324 I native-activity: Frame 51 time is 0.163ms
04-13 00:40:40.555 22291 22324 I native-activity: Swap 51 time is 2.984ms
04-13 00:40:40.555 22291 22324 I native-activity: Animating
04-13 00:40:40.555 22291 22324 I native-activity: Frame 52 GL error is 0x0
04-13 00:40:40.555 22291 22324 I native-activity: Frame 52 time is 0.152ms
04-13 00:40:40.558 22291 22324 I native-activity: Swap 52 time is 2.942ms
04-13 00:40:40.558 22291 22324 I native-activity: Animating
04-13 00:40:40.558 22291 22324 I native-activity: Frame 53 GL error is 0x0
04-13 00:40:40.558 22291 22324 I native-activity: Frame 53 time is 0.163ms
04-13 00:40:40.561 22291 22324 I native-activity: Swap 53 time is 2.809ms
04-13 00:40:40.561 22291 22324 I native-activity: Animating
04-13 00:40:40.561 22291 22324 I native-activity: Frame 54 GL error is 0x0
04-13 00:40:40.561 22291 22324 I native-activity: Frame 54 time is 0.162ms
04-13 00:40:40.564 22291 22324 I native-activity: Swap 54 time is 2.725ms
04-13 00:40:40.564 22291 22324 I native-activity: Animating
04-13 00:40:40.564 22291 22324 I native-activity: Frame 55 GL error is 0x0
04-13 00:40:40.564 22291 22324 I native-activity: Frame 55 time is 0.171ms
04-13 00:40:40.567 22291 22324 I native-activity: Swap 55 time is 2.658ms
04-13 00:40:40.567 22291 22324 I native-activity: Animating
04-13 00:40:40.567 22291 22324 I native-activity: Frame 56 GL error is 0x0
04-13 00:40:40.567 22291 22324 I native-activity: Frame 56 time is 0.194ms
04-13 00:40:40.569 22291 22324 I native-activity: Swap 56 time is 2.708ms
04-13 00:40:40.569 22291 22324 I native-activity: Animating
04-13 00:40:40.570 22291 22324 I native-activity: Frame 57 GL error is 0x0
04-13 00:40:40.570 22291 22324 I native-activity: Frame 57 time is 0.152ms
04-13 00:40:40.572 22291 22324 I native-activity: Swap 57 time is 2.649ms
04-13 00:40:40.572 22291 22324 I native-activity: Animating
04-13 00:40:40.572 22291 22324 I native-activity: Frame 58 GL error is 0x0
04-13 00:40:40.572 22291 22324 I native-activity: Frame 58 time is 0.173ms
04-13 00:40:40.575 22291 22324 I native-activity: Swap 58 time is 2.756ms
04-13 00:40:40.575 22291 22324 I native-activity: Animating
04-13 00:40:40.575 22291 22324 I native-activity: Frame 59 GL error is 0x0
04-13 00:40:40.575 22291 22324 I native-activity: Frame 59 time is 0.151ms
04-13 00:40:40.578 22291 22324 I native-activity: Swap 59 time is 2.733ms
04-13 00:40:40.578 22291 22324 I native-activity: Animating
04-13 00:40:40.578 22291 22324 I native-activity: Frame 60 GL error is 0x0
04-13 00:40:40.578 22291 22324 I native-activity: Frame 60 time is 0.161ms
04-13 00:40:40.581 22291 22324 I native-activity: Swap 60 time is 2.648ms
04-13 00:40:40.581 22291 22324 I native-activity: Animating
04-13 00:40:40.581 22291 22324 I native-activity: Frame 61 GL error is 0x0
04-13 00:40:40.581 22291 22324 I native-activity: Frame 61 time is 0.200ms
04-13 00:40:40.583 22291 22324 I native-activity: Swap 61 time is 2.720ms
04-13 00:40:40.583 22291 22324 I native-activity: Animating
04-13 00:40:40.584 22291 22324 I native-activity: Frame 62 GL error is 0x0
04-13 00:40:40.584 22291 22324 I native-activity: Frame 62 time is 0.184ms
04-13 00:40:40.586 22291 22324 I native-activity: Swap 62 time is 2.704ms
04-13 00:40:40.586 22291 22324 I native-activity: Animating
04-13 00:40:40.586 22291 22324 I native-activity: Frame 63 GL error is 0x0
04-13 00:40:40.586 22291 22324 I native-activity: Frame 63 time is 0.158ms
04-13 00:40:40.589 22291 22324 I native-activity: Swap 63 time is 2.613ms
04-13 00:40:40.589 22291 22324 I native-activity: Animating
04-13 00:40:40.589 22291 22324 I native-activity: Frame 64 GL error is 0x0
04-13 00:40:40.589 22291 22324 I native-activity: Frame 64 time is 0.144ms
04-13 00:40:40.592 22291 22324 I native-activity: Swap 64 time is 2.722ms
04-13 00:40:40.592 22291 22324 I native-activity: Animating
04-13 00:40:40.592 22291 22324 I native-activity: Frame 65 GL error is 0x0
04-13 00:40:40.592 22291 22324 I native-activity: Frame 65 time is 0.220ms
04-13 00:40:40.594 22291 22324 I native-activity: Swap 65 time is 2.765ms
04-13 00:40:40.595 22291 22324 I native-activity: Animating
04-13 00:40:40.595 22291 22324 I native-activity: Frame 66 GL error is 0x0
04-13 00:40:40.595 22291 22324 I native-activity: Frame 66 time is 0.158ms
04-13 00:40:40.597 22291 22324 I native-activity: Swap 66 time is 2.643ms
04-13 00:40:40.597 22291 22324 I native-activity: Animating
04-13 00:40:40.597 22291 22324 I native-activity: Frame 67 GL error is 0x0
04-13 00:40:40.597 22291 22324 I native-activity: Frame 67 time is 0.149ms
04-13 00:40:40.600 22291 22324 I native-activity: Swap 67 time is 2.660ms
04-13 00:40:40.600 22291 22324 I native-activity: Animating
04-13 00:40:40.600 22291 22324 I native-activity: Frame 68 GL error is 0x0
04-13 00:40:40.600 22291 22324 I native-activity: Frame 68 time is 0.166ms
04-13 00:40:40.603 22291 22324 I native-activity: Swap 68 time is 2.704ms
04-13 00:40:40.603 22291 22324 I native-activity: Animating
04-13 00:40:40.603 22291 22324 I native-activity: Frame 69 GL error is 0x0
04-13 00:40:40.603 22291 22324 I native-activity: Frame 69 time is 0.159ms
04-13 00:40:40.605 22291 22324 I native-activity: Swap 69 time is 2.651ms
04-13 00:40:40.605 22291 22324 I native-activity: Animating
04-13 00:40:40.606 22291 22324 I native-activity: Frame 70 GL error is 0x0
04-13 00:40:40.606 22291 22324 I native-activity: Frame 70 time is 0.170ms
04-13 00:40:40.608 22291 22324 I native-activity: Swap 70 time is 2.651ms
04-13 00:40:40.608 22291 22324 I native-activity: Animating
04-13 00:40:40.608 22291 22324 I native-activity: Frame 71 GL error is 0x0
04-13 00:40:40.608 22291 22324 I native-activity: Frame 71 time is 0.148ms
04-13 00:40:40.611 22291 22324 I native-activity: Swap 71 time is 2.724ms
04-13 00:40:40.611 22291 22324 I native-activity: Animating
04-13 00:40:40.611 22291 22324 I native-activity: Frame 72 GL error is 0x0
04-13 00:40:40.611 22291 22324 I native-activity: Frame 72 time is 0.185ms
04-13 00:40:40.614 22291 22324 I native-activity: Swap 72 time is 2.731ms
04-13 00:40:40.614 22291 22324 I native-activity: Animating
04-13 00:40:40.614 22291 22324 I native-activity: Frame 73 GL error is 0x0
04-13 00:40:40.614 22291 22324 I native-activity: Frame 73 time is 0.195ms
04-13 00:40:40.617 22291 22324 I native-activity: Swap 73 time is 2.755ms
04-13 00:40:40.617 22291 22324 I native-activity: Animating
04-13 00:40:40.617 22291 22324 I native-activity: Frame 74 GL error is 0x0
04-13 00:40:40.617 22291 22324 I native-activity: Frame 74 time is 0.175ms
04-13 00:40:40.620 22291 22324 I native-activity: Swap 74 time is 2.795ms
04-13 00:40:40.620 22291 22324 I native-activity: Animating
04-13 00:40:40.620 22291 22324 I native-activity: Frame 75 GL error is 0x0
04-13 00:40:40.620 22291 22324 I native-activity: Frame 75 time is 0.243ms
04-13 00:40:40.622 22291 22324 I native-activity: Swap 75 time is 2.799ms
04-13 00:40:40.622 22291 22324 I native-activity: Animating
04-13 00:40:40.623 22291 22324 I native-activity: Frame 76 GL error is 0x0
04-13 00:40:40.623 22291 22324 I native-activity: Frame 76 time is 0.190ms
04-13 00:40:40.625 22291 22324 I native-activity: Swap 76 time is 2.749ms
04-13 00:40:40.625 22291 22324 I native-activity: Animating
04-13 00:40:40.626 22291 22324 I native-activity: Frame 77 GL error is 0x0
04-13 00:40:40.626 22291 22324 I native-activity: Frame 77 time is 0.183ms
04-13 00:40:40.628 22291 22324 I native-activity: Swap 77 time is 2.863ms
04-13 00:40:40.628 22291 22324 I native-activity: Animating
04-13 00:40:40.628 22291 22324 I native-activity: Frame 78 GL error is 0x0
04-13 00:40:40.628 22291 22324 I native-activity: Frame 78 time is 0.173ms
04-13 00:40:40.631 22291 22324 I native-activity: Swap 78 time is 2.750ms
04-13 00:40:40.631 22291 22324 I native-activity: Animating
