04-13 00:46:06.052 23943 23971 I native-activity: Swap 206 time is 18.655ms
04-13 00:46:06.052 23943 23971 I native-activity: Animating
04-13 00:46:06.053 23943 23971 I native-activity: Frame 207 GL error is 0x0
04-13 00:46:06.053 23943 23971 I native-activity: Frame 207 time is 0.266ms
04-13 00:46:06.059 23720 23957 I F_C.CardAgentSynchroniz: Throttling producer refresh
04-13 00:46:06.059 23720 23957 W F_C.CardProvider: Producer refresh failed
04-13 00:46:06.071 23943 23971 I native-activity: Swap 207 time is 18.274ms
04-13 00:46:06.071 23943 23971 I native-activity: Animating
04-13 00:46:06.071 23943 23971 I native-activity: Frame 208 GL error is 0x0
04-13 00:46:06.071 23943 23971 I native-activity: Frame 208 time is 0.296ms
04-13 00:46:06.089 23943 23971 I native-activity: Swap 208 time is 18.419ms
04-13 00:46:06.090 23943 23971 I native-activity: Animating
04-13 00:46:06.090 23943 23971 I native-activity: Frame 209 GL error is 0x0
04-13 00:46:06.090 23943 23971 I native-activity: Frame 209 time is 0.269ms
04-13 00:46:06.092 24264 24264 V Metrics:: getService : Sent explicit intent to bind to metrics service. Service will be bound asynchronously.
04-13 00:46:06.099 24264 24286 W ...h.device.api.MAPInit: AdsIdentity class not found.
04-13 00:46:06.101 24264 24264 D AndroidMetricsFactoryImpl: shouldRecordMetrics : First time check recordMetricsSetting
04-13 00:46:06.101 24264 24264 D Metrics:: getRecordMetricsSetting : metrics service is not yet registed with the ServiceManager, use default record Metrics setting: true.
04-13 00:46:06.101 24264 24264 D AndroidMetricsFactoryImpl: shouldRecordMetrics : lastRecordSettingReadTime after IPC call getRecordMetricsSetting : 1492069566101
04-13 00:46:06.108 23943 23971 I native-activity: Swap 209 time is 18.460ms
04-13 00:46:06.108 23943 23971 I native-activity: Animating
04-13 00:46:06.109 23943 23971 I native-activity: Frame 210 GL error is 0x0
04-13 00:46:06.109 23943 23971 I native-activity: Frame 210 time is 0.451ms
04-13 00:46:06.112   917   933 W AccountManagerService: insertAccountIntoDatabase: Account {name=default_account, type=amazon.account}, skipping since the account already exists
04-13 00:46:06.119 24264 24264 D alta.HouseholdController: Updating user on device.
04-13 00:46:06.122 24264 24264 I alta.WorkflowChain: Starting workflow updateUserOnDevice
04-13 00:46:06.122 24264 24264 I alta.WorkflowChain: Executing command UpdateModifiedUserCommand (attempt number 1) on workflow updateUserOnDevice
04-13 00:46:06.127   917  2109 W AccountManagerService: insertAccountIntoDatabase: Account {name=default_account, type=amazon.account}, skipping since the account already exists
04-13 00:46:06.128 23943 23971 I native-activity: Swap 210 time is 19.401ms
04-13 00:46:06.128 23943 23971 I native-activity: Animating
04-13 00:46:06.128 23943 23971 I native-activity: Frame 211 GL error is 0x0
04-13 00:46:06.128 23943 23971 I native-activity: Frame 211 time is 0.254ms
04-13 00:46:06.131 24169 24285 W ...h.device.api.MAPInit: AdsIdentity class not found.
04-13 00:46:06.137 23739 24238 I DCP     : [JsonCallExecutor][CallExecutor][caed70d9-9963-4c5e-be94-33d09bc06a48][Auth]GET https://api.amazon.com/whispersync/v2/data/amzn1.account.XXXX/datasets/5c2c14d1-40b0-4a6f-9333-1f84f1367d03/records?after=1  (attempt 1)
04-13 00:46:06.140 23720 23925 D empty   : Zip: EOCD not found, /system/framework/amazon-ads-registration.jar is not zip
04-13 00:46:06.141 23720 23925 W zipro   : Error opening archive /system/framework/amazon-ads-registration.jar: Invalid file
04-13 00:46:06.141 23720 23925 D asset   : failed to open Zip archive '/system/framework/amazon-ads-registration.jar'
04-13 00:46:06.144 24264 24264 D alta.WorkflowChain: main - Command UpdateModifiedUserCommand finished (result=H2Response (mSuccess=true, mMessage=null, mErrorCode=UNKNOWN)) in 22ms.
04-13 00:46:06.145 24264 24264 I alta.WorkflowChain: Executing command ModifyUserInHouseholdModelCommand (attempt number 1) on workflow updateUserOnDevice
04-13 00:46:06.145   917  2246 W AccountManagerService: insertAccountIntoDatabase: Account {name=default_account, type=amazon.account}, skipping since the account already exists
04-13 00:46:06.145 24264 24264 D alta.WorkflowChain: main - Command ModifyUserInHouseholdModelCommand finished (result=H2Response (mSuccess=true, mMessage=null, mErrorCode=UNKNOWN)) in 0ms.
04-13 00:46:06.147 23943 23971 I native-activity: Swap 211 time is 18.991ms
04-13 00:46:06.147 23943 23971 I native-activity: Animating
04-13 00:46:06.147 23943 23971 I native-activity: Frame 212 GL error is 0x0
04-13 00:46:06.147 23943 23971 I native-activity: Frame 212 time is 0.334ms
04-13 00:46:06.148   917  1051 D WifiService: acquireWifiLockLocked: WifiLock{com.amazon.dcp.framework.iuc.ConnectionEstablisherWithConnectivityEnforcement type=1 binder=android.os.BinderProxy@2b9d51ff}
04-13 00:46:06.150   917  1762 W AccountManagerService: insertAccountIntoDatabase: Account {name=default_account, type=amazon.account}, skipping since the account already exists
04-13 00:46:06.157   917  2115 W AccountManagerService: insertAccountIntoDatabase: Account {name=default_account, type=amazon.account}, skipping since the account already exists
04-13 00:46:06.159 24264 24264 D alta.AndroidUserHelper: Android Ids:[0]
04-13 00:46:06.159 24264 24264 D alta.CustomMetricsFactory: ------------------Initialization / com.amazon.alta.h2clientservice
04-13 00:46:06.164 24264 24264 D alta.CustomMetricsFactory:  [Time,56.0,1] 
04-13 00:46:06.164 24264 24264 D alta.CustomMetricsFactory:  [workflow:updateUserOnDevice:ModifyUserInHouseholdModelCommand:Time,0.0,1] 
04-13 00:46:06.164 24264 24264 D alta.CustomMetricsFactory:  [workflow:updateUserOnDevice:UpdateModifiedUserCommand:Time,22.0,1] 
04-13 00:46:06.164 24264 24264 D alta.CustomMetricsFactory:  [workflow:updateUserOnDevice:Time,23.0,1] 
04-13 00:46:06.164 24264 24264 D alta.CustomMetricsFactory:  [versionCode,1.0.14.34_46410,1] 
04-13 00:46:06.164 24264 24264 D alta.CustomMetricsFactory:  [versionName,46410,1] 
04-13 00:46:06.164 24264 24264 D alta.CustomMetricsFactory:  [softwareName,com.amazon.alta.h2clientservice,1] 
04-13 00:46:06.167 24264 24264 W Metrics:: record : Unable to bind MetricsService right now. Buffering MetricRecord. Program=com.amazon.alta.h2clientservice Source=Initialization
04-13 00:46:06.168 23943 23971 I native-activity: Swap 212 time is 21.003ms
04-13 00:46:06.168 23943 23971 I native-activity: Animating
04-13 00:46:06.168 24169 24169 I com.amazon.dcp.framework.MetricsCollectorHolder: Running normally, creating new metrics collector
04-13 00:46:06.169 23943 23971 I native-activity: Frame 213 GL error is 0x0
04-13 00:46:06.169 23943 23971 I native-activity: Frame 213 time is 0.350ms
04-13 00:46:06.172 24169 24169 I com.amazon.dcp.framework.ClassConfigurationParser: Attempting to create class com.amazon.dcp.framework.ICEEMetricsCollector with android.content.Context constructor.
04-13 00:46:06.180 24169 24169 V Metrics:: getService : Sent explicit intent to bind to metrics service. Service will be bound asynchronously.
04-13 00:46:06.182   917   932 W AccountManagerService: insertAccountIntoDatabase: Account {name=default_account, type=amazon.account}, skipping since the account already exists
04-13 00:46:06.187   917  1764 W AccountManagerService: insertAccountIntoDatabase: Account {name=default_account, type=amazon.account}, skipping since the account already exists
04-13 00:46:06.187 23943 23971 I native-activity: Swap 213 time is 18.742ms
04-13 00:46:06.187 23943 23971 I native-activity: Animating
04-13 00:46:06.187 23943 23971 I native-activity: Frame 214 GL error is 0x0
04-13 00:46:06.187 23943 23971 I native-activity: Frame 214 time is 0.225ms
04-13 00:46:06.198 23739 24293 I com.amazon.dcp.framework.ConnectivityEnforcer: Network with type -1 is already connected
04-13 00:46:06.206 23943 23971 I native-activity: Swap 214 time is 19.363ms
04-13 00:46:06.207 23943 23971 I native-activity: Animating
04-13 00:46:06.207 23943 23971 I native-activity: Frame 215 GL error is 0x0
04-13 00:46:06.207 23943 23971 I native-activity: Frame 215 time is 0.277ms
04-13 00:46:06.219 23720 23736 W art     : Suspending all threads took: 5.267ms
04-13 00:46:06.222 24169 24169 V Metrics:: onServiceConnected : service android.os.BinderProxy@5bfe2fe
04-13 00:46:06.226 23943 23971 I native-activity: Swap 215 time is 19.785ms
04-13 00:46:06.227 23943 23971 I native-activity: Animating
04-13 00:46:06.227 23943 23971 I native-activity: Frame 216 GL error is 0x0
04-13 00:46:06.227 23943 23971 I native-activity: Frame 216 time is 0.277ms
04-13 00:46:06.235   917   932 W AccountManagerService: insertAccountIntoDatabase: Account {name=default_account, type=amazon.account}, skipping since the account already exists
04-13 00:46:06.243   917  2113 W AccountManagerService: insertAccountIntoDatabase: Account {name=default_account, type=amazon.account}, skipping since the account already exists
04-13 00:46:06.245 23943 23971 I native-activity: Swap 216 time is 18.816ms
04-13 00:46:06.246 23943 23971 I native-activity: Animating
04-13 00:46:06.246 23943 23971 I native-activity: Frame 217 GL error is 0x0
04-13 00:46:06.246 23943 23971 I native-activity: Frame 217 time is 0.364ms
04-13 00:46:06.254   917  2114 W AccountManagerService: insertAccountIntoDatabase: Account {name=default_account, type=amazon.account}, skipping since the account already exists
04-13 00:46:06.256   917  2175 W AccountManagerService: insertAccountIntoDatabase: Account {name=default_account, type=amazon.account}, skipping since the account already exists
04-13 00:46:06.258 23739 24238 I ...ures.FeatureSetCache: Caching feature OverrideDeviceAttributes as false
04-13 00:46:06.260   917  2109 W AccountManagerService: insertAccountIntoDatabase: Account {name=default_account, type=amazon.account}, skipping since the account already exists
04-13 00:46:06.265 23943 23971 I native-activity: Swap 217 time is 19.354ms
04-13 00:46:06.265 23943 23971 I native-activity: Animating
04-13 00:46:06.266 23943 23971 I native-activity: Frame 218 GL error is 0x0
04-13 00:46:06.266 23943 23971 I native-activity: Frame 218 time is 0.272ms
04-13 00:46:06.267   917  2114 W AccountManagerService: insertAccountIntoDatabase: Account {name=default_account, type=amazon.account}, skipping since the account already exists
04-13 00:46:06.282 23739 23782 D AmazonCMS: Cached image for package ***** is out of date with package update time (1480592179000,1480592179000) vs. 1491757499034
04-13 00:46:06.284 23943 23971 I native-activity: Swap 218 time is 18.554ms
04-13 00:46:06.284 23943 23971 I native-activity: Animating
04-13 00:46:06.284 23943 23971 I native-activity: Frame 219 GL error is 0x0
04-13 00:46:06.284 23943 23971 I native-activity: Frame 219 time is 0.270ms
04-13 00:46:06.289 23739 23782 D AmazonCMS: loading icons for *****
04-13 00:46:06.297   917  2115 W AccountManagerService: insertAccountIntoDatabase: Account {name=default_account, type=amazon.account}, skipping since the account already exists
04-13 00:46:06.298 24070 24070 D alta.ConnectionManager: Connection opened
04-13 00:46:06.302 24264 24264 V Metrics:: onServiceConnected : service android.os.BinderProxy@329ea498
04-13 00:46:06.302 23943 23971 I native-activity: Swap 219 time is 18.328ms
04-13 00:46:06.302 23943 23971 I native-activity: Animating
04-13 00:46:06.303 23943 23971 I native-activity: Frame 220 GL error is 0x0
04-13 00:46:06.303 23943 23971 I native-activity: Frame 220 time is 0.300ms
04-13 00:46:06.309 24264 24279 I alta.AbstractAPICall: Starting GetUsersAPICall for UID = 32046.
04-13 00:46:06.315 23739 24238 I ...DeviceAttributeCache: Setting device attribute CentralDeviceType to A2M4YX06LWP8WI
04-13 00:46:06.321 23943 23971 I native-activity: Swap 220 time is 18.567ms
04-13 00:46:06.321 23943 23971 I native-activity: Animating
04-13 00:46:06.321 23943 23971 I native-activity: Frame 221 GL error is 0x0
04-13 00:46:06.321 23943 23971 I native-activity: Frame 221 time is 0.280ms
04-13 00:46:06.323 23720 24090 I [MALI][Gralloc]: usage0: 0x120, format7: 1 stride2: 176 vertical_stride6: 258 size: 181632
04-13 00:46:06.326 23720 24090 I [MALI][Gralloc]: usage0: 0x120, format7: 1 stride2: 96 vertical_stride6: 130 size: 49920
04-13 00:46:06.329 23739 23782 D AmazonCMS: Loaded preloaded image from *****
04-13 00:46:06.340 23943 23971 I native-activity: Swap 221 time is 18.546ms
04-13 00:46:06.340 23943 23971 I native-activity: Animating
04-13 00:46:06.340 23943 23971 I native-activity: Frame 222 GL error is 0x0
04-13 00:46:06.340 23943 23971 I native-activity: Frame 222 time is 0.245ms
04-13 00:46:06.343  1787  1787 I AmazonLocationController: onWifiSignalChanged : connected : true
04-13 00:46:06.346 23720 24090 I [MALI][Gralloc]: usage0: 0x120, format7: 1 stride2: 144 vertical_stride6: 130 size: 74880
04-13 00:46:06.347   917   932 W AccountManagerService: insertAccountIntoDatabase: Account {name=default_account, type=amazon.account}, skipping since the account already exists
04-13 00:46:06.350 23720 24090 I [MALI][Gralloc]: usage0: 0x120, format7: 1 stride2: 144 vertical_stride6: 130 size: 74880
04-13 00:46:06.359 23943 23971 I native-activity: Swap 222 time is 19.122ms
04-13 00:46:06.359 23943 23971 I native-activity: Animating
04-13 00:46:06.360 23943 23971 I native-activity: Frame 223 GL error is 0x0
04-13 00:46:06.360 23943 23971 I native-activity: Frame 223 time is 0.331ms
04-13 00:46:06.379 23943 23971 I native-activity: Swap 223 time is 19.872ms
04-13 00:46:06.379 23943 23971 I native-activity: Animating
04-13 00:46:06.360    82    82 I Kernel  : [45605.034480].(0)[82:mtk charger_hv_]charging_reset_watch_dog_timer
04-13 00:46:06.360    82    82 I Kernel  : [45605.035461].(0)[82:mtk charger_hv_]array_size = 16 
04-13 00:46:06.380 23943 23971 I native-activity: Frame 224 GL error is 0x0
04-13 00:46:06.380 23943 23971 I native-activity: Frame 224 time is 0.387ms
04-13 00:46:06.394   917  1763 W AccountManagerService: insertAccountIntoDatabase: Account {name=default_account, type=amazon.account}, skipping since the account already exists
04-13 00:46:06.396 23720 24090 I [MALI][Gralloc]: usage0: 0x120, format7: 1 stride2: 96 vertical_stride6: 130 size: 49920
04-13 00:46:06.399 23943 23971 I native-activity: Swap 224 time is 19.208ms
04-13 00:46:06.399 23943 23971 I native-activity: Animating
04-13 00:46:06.400 24264 24279 D alta.MAPReconciler: MAPReconciler reconcile started.
04-13 00:46:06.400 24264 24279 D alta.MAPReconciler: MAPReconciler checking for a diff between old and new MAPModels.
04-13 00:46:06.400 24264 24279 D alta.MAPReconciler: MAPReconciler detected no diff between old and new MAPModels.
04-13 00:46:06.401 24264 24279 D alta.MAPReconciler: MAPReconciler reconcile finished (duration=1ms).
04-13 00:46:06.401 24264 24279 D alta.HouseholdReconciler: HouseholdReconciler reconcile started.
04-13 00:46:06.401 24264 24279 D alta.HouseholdReconciler: HouseholdReconciler checking for a diff between old and new HouseholdModels.
04-13 00:46:06.402 24264 24279 D alta.HouseholdReconciler: HouseholdReconciler detected no diff between old and new HouseholdModels.
04-13 00:46:06.402 24264 24279 D alta.HouseholdReconciler: HouseholdReconciler reconcile finished (duration=1ms).
04-13 00:46:06.403 24264 24279 I alta.AbstractAPICall: Finished GetUsersAPICall in 93ms.
04-13 00:46:06.403 24264 24279 D alta.CustomMetricsFactory: ------------------GetUsersAPICall / com.amazon.alta.h2clientservice
04-13 00:46:06.403 24264 24279 D alta.CustomMetricsFactory:  [mapSyncTime,91.0,1] 
04-13 00:46:06.403 24264 24279 D alta.CustomMetricsFactory:  [Time,91.0,1] 
04-13 00:46:06.403 24264 24279 D alta.CustomMetricsFactory:  [callback:Time,1.0,1] 
04-13 00:46:06.403 24264 24279 D alta.CustomMetricsFactory:  [versionCode,1.0.14.34_46410,1] 
04-13 00:46:06.403 24264 24279 D alta.CustomMetricsFactory:  [versionName,46410,1] 
04-13 00:46:06.403 24264 24279 D alta.CustomMetricsFactory:  [softwareName,com.amazon.alta.h2clientservice,1] 
04-13 00:46:06.413   917  2109 W AccountManagerService: insertAccountIntoDatabase: Account {name=default_account, type=amazon.account}, skipping since the account already exists
04-13 00:46:06.416 23720 24090 I [MALI][Gralloc]: usage0: 0x120, format7: 1 stride2: 96 vertical_stride6: 130 size: 49920
04-13 00:46:06.430 23720 24090 I [MALI][Gralloc]: usage0: 0x120, format7: 1 stride2: 144 vertical_stride6: 130 size: 74880
04-13 00:46:06.438 23720 24090 I [MALI][Gralloc]: usage0: 0x120, format7: 1 stride2: 96 vertical_stride6: 130 size: 49920
04-13 00:46:06.444 23720 24090 I [MALI][Gralloc]: usage0: 0x120, format7: 1 stride2: 96 vertical_stride6: 130 size: 49920
04-13 00:46:06.446 23720 24090 I [MALI][Gralloc]: usage0: 0x120, format7: 1 stride2: 144 vertical_stride6: 130 size: 74880
04-13 00:46:06.451 23720 24090 I [MALI][Gralloc]: usage0: 0x120, format7: 1 stride2: 144 vertical_stride6: 130 size: 74880
04-13 00:46:06.463 23739 23782 D AmazonCMS: Cached image for package ***** is out of date with package update time (1480592179000,1480592179000) vs. 1491757591965
04-13 00:46:06.466 23739 23782 D AmazonCMS: loading icons for *****
04-13 00:46:06.504 24070 24247 W AmazonVideo: Warning: Retrieving account pool from bundle : Bundle[{value_key=Amazon, defaut_value_key=null}]
04-13 00:46:06.529 24070 24247 I AmazonVideo: ADULT detected with android ID: 0
04-13 00:46:06.540 23739 23782 D AmazonCMS: Loaded preloaded image from *****
04-13 00:46:06.555 24070 24247 I AmazonVideo: Returning partial result (VideoRegion still TBD) HouseholdInfo{current=xxaivxx, isOwner=true, device=xxaivxx, videoRegion=NOT_RETRIEVED, externalMarketplace=ATVPDKIKX0DER}
04-13 00:46:06.555 24070 24247 I AmazonVideo: Attempt #1: success running FetchHouseholdCallable. Returning.
04-13 00:46:06.557 24070 24247 I AmazonVideo: Successfully updated to HouseholdInfo{current=xxaivxx, isOwner=true, device=xxaivxx, videoRegion=VideoRegion{vcr=US, avMarketplace=ATVPDKIKX0DER, currentCountry=US}, externalMarketplace=ATVPDKIKX0DER}
04-13 00:46:06.557 24070 24247 I AmazonVideo: Completed initialize for MultipleAdultsManager
04-13 00:46:06.557 24070 24247 I AmazonVideo: Identity:Initialization:CheckForIdentityChange
04-13 00:46:06.558 24070 24247 I AmazonVideo: Last known value: Optional.of(IdentityPersistenceData{userId=xxaivxx, marketplace=ATVPDKIKX0DER, currentCountry=US, vcr=US})
04-13 00:46:06.558 24070 24247 I AmazonVideo: Last known value: Optional.of(IdentityPersistenceData{userId=xxaivxx, marketplace=ATVPDKIKX0DER, currentCountry=US, vcr=US})
04-13 00:46:06.561 23739 23782 D AmazonCMS: Loaded preloaded image from *****
04-13 00:46:06.564 24070 24247 I AmazonVideo: IdentityChangeTrigger{result=match, current=HouseholdInfo{current=xxaivxx, isOwner=true, device=xxaivxx, videoRegion=VideoRegion{vcr=US, avMarketplace=ATVPDKIKX0DER, currentCountry=US}, externalMarketplace=ATVPDKIKX0DER}, persisted=IdentityPersistenceData{userId=xxaivxx, marketplace=ATVPDKIKX0DER, currentCountry=US, vcr=US}}
04-13 00:46:06.564 24070 24247 I AmazonVideo: Completed initialize for Identity
04-13 00:46:06.565 24070 24245 I AmazonVideo: Entered initialize for SyncScheduler
04-13 00:46:06.566 24070 24247 I AmazonVideo: ServiceClient and Identity initialized
04-13 00:46:06.569 24070 24245 I AmazonVideo: Sync Framework: Found sync account Amazon Video Sync
04-13 00:46:06.569 24070 24245 I AmazonVideo: Completed initialize for SyncScheduler
04-13 00:46:06.569 24070 24245 I AmazonVideo: Entered initialize for SyncScheduler
04-13 00:46:06.570 24070 24245 I AmazonVideo: Completed initialize for SyncScheduler
04-13 00:46:06.572 24070 24245 I AmazonVideo: Sync Framework: Scheduling periodic sync at 300 second frequency
04-13 00:46:06.577   917  1051 W AccountManagerService: insertAccountIntoDatabase: Account {name=default_account, type=amazon.account}, skipping since the account already exists
04-13 00:46:06.580 23720 24090 I [MALI][Gralloc]: usage0: 0x120, format7: 1 stride2: 144 vertical_stride6: 111 size: 63936
04-13 00:46:06.591 23720 24090 I [MALI][Gralloc]: usage0: 0x120, format7: 1 stride2: 144 vertical_stride6: 130 size: 74880
04-13 00:46:06.596 24169 24186 D com.amazon.identity.auth.device.authorization.api.CredentialManagerServiceConnection: CredentialManagerServiceConnection created
04-13 00:46:06.596 24169 24186 D com.amazon.identity.auth.device.authorization.api.AmazonCredentialManager: com.amazon.device.messaging calling getAppId : packageName=com.amazon.ags.app
04-13 00:46:06.600 24169 24297 D com.amazon.identity.auth.device.authorization.api.AmazonCredentialManager: inside synBindService
04-13 00:46:06.603 24169 24297 D com.amazon.identity.auth.map.device.utils.MAPLog.PII: Extracting verison incremental:<obscured>
04-13 00:46:06.603 24169 24297 D com.amazon.identity.auth.map.device.utils.MAPLog.PII: Extracting flavor:<obscured>
04-13 00:46:06.603 24169 24297 D com.amazon.identity.auth.device.authorization.api.AmazonCredentialManager: Attempting to bind to service
04-13 00:46:06.603 24169 24297 D com.amazon.identity.auth.device.authorization.api.AmazonCredentialManager: Attempting to bind to the CredentialManagerService
04-13 00:46:06.606 24169 24297 D com.amazon.identity.auth.device.authorization.api.AmazonCredentialManager: candidate: com.amazon.identity.auth.device.authorization
04-13 00:46:06.607 24169 24297 I com.amazon.identity.auth.device.authorization.api.AmazonCredentialManager: Signature match succeeded
04-13 00:46:06.607 24169 24297 D com.amazon.identity.auth.device.authorization.api.AmazonCredentialManager: candidate: com.amazon.identity.auth.device.authorization
04-13 00:46:06.607 24169 24297 I com.amazon.identity.auth.device.authorization.api.AmazonCredentialManager: Signature match succeeded
04-13 00:46:06.607 24169 24297 D com.amazon.identity.auth.device.authorization.api.AmazonCredentialManager: Binding to com.amazon.identity.auth.device.authorization from com.amazon.device.messaging
04-13 00:46:06.610   917  2113 W AmazonGidPackageManagerCallback: Launching com.amazon.identity.auth.device.authorization (32065) with AMZ_APP_GID
04-13 00:46:06.625   183   183 W art     : PreZygoteFork called when we already have a zygote space.
04-13 00:46:06.637   917  2113 I ActivityManager: Start proc 24298:com.amazon.identity.auth.device.authorization/u0a22065 for service com.amazon.identity.auth.device.authorization/.AmazonCredentialManagerService
04-13 00:46:06.650 24298 24298 I art     : Turning on check_jni_no_abort for targetSdkVersion 19
04-13 00:46:06.660 24298 24298 D ActivityManager: default service binder = android.os.BinderProxy@11338850
04-13 00:46:06.660 24298 24298 D ActivityManager: default service = android.app.ActivityManagerProxy@4599a49
04-13 00:46:06.667 24298 24298 D VendorDisplayManagerGlobalCallback: callGetInstance: nil
04-13 00:46:06.691 23943 23971 I native-activity: Frame 225 GL error is 0x500
04-13 00:46:06.691 23943 23971 I native-activity: Frame 225 time is 292.215ms
04-13 00:46:06.696 23739 23782 D AmazonCMS: Loaded preloaded image from *****
04-13 00:46:06.700   917  1763 D ActivityManager: single user service: com.amazon.kindle.cms
04-13 00:46:06.704   917  1763 D ActivityManager: app = com.amazon.kindle.cms, has single user service, setting process record.
04-13 00:46:06.707 23720 23925 I F_C.AppManager: initAppData isFirstRun: false
04-13 00:46:06.711 23739 23782 I AmazonCMS: CMSService waking up, a client has bound
04-13 00:46:06.715 23739 23782 D AmazonCMS: CMS activity level changed, active: true
04-13 00:46:06.735 23739 23782 D AmazonCMS: Registering sources for com.amazon.firelauncher for user *****
04-13 00:46:06.735 23943 23971 I native-activity: Swap 225 time is 336.587ms
04-13 00:46:06.736 23943 23971 I native-activity: Animating
04-13 00:46:06.736 23943 23971 I native-activity: Frame 226 GL error is 0x0
04-13 00:46:06.736 23943 23971 I native-activity: Frame 226 time is 0.515ms
04-13 00:46:06.781 23943 23971 I native-activity: Swap 226 time is 44.897ms
04-13 00:46:06.781 23943 23971 I native-activity: Animating
04-13 00:46:06.783 24298 24298 I ContextImpl: com.amazon.client.metrics.api registered service at i = 68
04-13 00:46:06.784 23943 23971 I native-activity: Frame 227 GL error is 0x0
04-13 00:46:06.784 23943 23971 I native-activity: Frame 227 time is 3.631ms
04-13 00:46:06.786 24298 24298 D ProfileManager: Create ProfileManager instance
04-13 00:46:06.797 24070 24247 I AmazonVideo: Waiting for MediaSystem to initialize, current state Initializing
04-13 00:46:06.800 24070 24244 I AmazonVideo: Entered initialize for ImageMemoryConfig
04-13 00:46:06.817 24070 24246 I AmazonVideo: Configuring weblabs [Entry{name=AIVPLAYERS_4727_50299, defaultTreatment=CONTROL, isTiedToAppLifecycle=false}, Entry{name=ATVANDROID_54927, defaultTreatment=CONTROL, isTiedToAppLifecycle=false}, Entry{name=AIVPLAYERS_5445_58983, defaultTreatment=CONTROL, isTiedToAppLifecycle=false}, Entry{name=AIVPLAYERS_5774_63017, defaultTreatment=CONTROL, isTiedToAppLifecycle=false}, Entry{name=AIVPLAYERS_5774_63156, defaultTreatment=CONTROL, isTiedToAppLifecycle=false}, Entry{name=AIVPLAYERS_5774_63157, defaultTreatment=CONTROL, isTiedToAppLifecycle=false}, Entry{name=AIVPLAYERS_5774_63152, defaultTreatment=CONTROL, isTiedToAppLifecycle=false}, Entry{name=AIVPLAYERS_5774_63148, defaultTreatment=CONTROL, isTiedToAppLifecycle=false}, Entry{name=AIVPLAYERS_5774_63150, defaultTreatment=CONTROL, isTiedToAppLifecycle=false}, Entry{name=AIVPLAYERS_5774_63149, defaultTreatment=CONTROL, isTiedToAppLifecycle=false}, Entry{name=AIVPLAYERS_5774_63146, defaultTreatment=CONTROL, isTiedToAppLifecycle=false}, Entry{name=AIVPLAYERS_5774_63147, defaultTreatment=CONTROL, isTiedToAppLifecycle=false}, Entry{name=AIVPLAYERS_5774_63159, defaultTreatment=CONTROL, isTiedToAppLifecycle=false}, Entry{name=AIVPLAYERS_5774_63141, defaultTreatment=CONTROL, isTiedToAppLifecycle=false}, Entry{name=AIVPLAYERS_5774_63145, defaultTreatment=CONTROL, isTiedToAppLifecycle=false}, Entry{name=AIVPLAYERS_5774_63144, defaultTreatment=CONTROL, isTiedToAppLifecycle=false}, Entry{name=AIVPLAYERS_5774_63154, defaultTreatment=CONTROL, isTiedToAppLifecycle=false}, Entry{name=AIVPLAYERS_5774_63151, defaultTreatment=CONTROL, isTiedToAppLifecycle=false}, Entry{name=AIVPLAYERS_5774_63155, defaultTreatment=CONTROL, isTiedToAppLifecycle=false}, Entry{name=DASHDOWNLOAD_75002, defaultTreatment=CONTROL, isTiedToAppLifecycle=false}, Entry{name=DASHDOWNLOAD_75005, defaultTreatment=CONTROL, isTiedToAppLifecycle=false}, Entry{name=DASHDOWNLOAD_75003, defaultTreatment=CONTROL, isTiedToAppLifecycle=false}, Entry{name=DASHDOWNLOAD_75004, defaultTreatment=CONTROL, isTiedToAppLifecycle=false}, Entry{name=DASHDOWNLOAD_75008, defaultTreatment=CONTROL, isTiedToAppLifecycle=false}, Entry{name=DASHDOWNLOAD_75006, defaultTreatment=CONTROL, isTiedToAppLifecycle=false}, Entry{name=DASHDOWNLOAD_75007, defaultTreatment=CONTROL, isTiedToAppLifecycle=false}, Entry{name=DASHDOWNLOAD_75009, defaultTreatment=CONTROL, isTiedToAppLifecycle=false}, Entry{name=DASHDOWNLOAD_75010, defaultTreatment=CONTROL, isTiedToAppLifecycle=false}, Entry{name=DASHDOWNLOAD_75011, defaultTreatment=CONTROL, isTiedToAppLifecycle=false}, Entry{name=DASHDOWNLOAD_75014, defaultTreatment=CONTROL, isTiedToAppLifecycle=false}, Entry{name=DASHDOWNLOAD_75013, defaultTreatment=CONTROL, isTiedToAppLifecycle=false}, Entry{name=DASHDOWNLOAD_75012, defaultTreatment=CONTROL, isTiedToAppLifecycle=false}, Entry{name=AIVPLAYERS_560_71536, defaultTreatment=CONTROL, isTiedToAppLifecycle=false}, Entry{name=AIVPLAYERS_560_71537, defaultTreatment=CONTROL, isTiedToAppLifecycle=false}, Entry{name=AIVPLAYERS_560_71538, defaultTreatment=CONTROL, isTiedToAppLifecycle=false}, Entry{name=AIVPLAYERS_560_71539, defaultTreatment=CONTROL, isTiedToAppLifecycle=false}, Entry{name=AIVPLAYERS_560_71540, defaultTreatment=CONTROL, isTiedToAppLifecycle=false}, Entry{name=AIVPLAYERS_560_71541, defaultTreatment=CONTROL, isTiedToAppLifecycle=false}, Entry{name=AIVPLAYERS_560_71542, defaultTreatment=CONTROL, isTiedToAppLifecycle=false}, Entry{name=AIVPLAYERS_560_71543, defaultTreatment=CONTROL, isTiedToAppLifecycle=false}, Entry{name=AIVPLAYERS_560_71544, defaultTreatment=CONTROL, isTiedToAppLifecycle=false}, Entry{name=AIVPLAYERS_560_71545, defaultTreatment=CONTROL, isTiedToAppLifecycle=false}, Entry{name=AIVPLAYERS_560_71546, defaultTreatment=CONTROL, isTiedToAppLifecycle=false}, Entry{name=AIVPLAYERS_560_71547, defaultTreatment=CONTROL, isTiedToAppLifecycle=false}, Entry{name=AIVPLAYERS_560_71548, defaultTreatment=CONTROL, isTiedToAppLifecycle=false}, Entry{name=AIVPLAYERS_560_71549, defaultTreatment=CONTROL, isTiedToAppLifecycle=false}, Entry
04-13 00:46:06.817 24070 24246 I AmazonVideo: Entered initialize for ExperimentManager
04-13 00:46:06.857 23943 23971 I native-activity: Swap 227 time is 75.938ms
04-13 00:46:06.857 23943 23971 I native-activity: Animating
04-13 00:46:06.840 23739 23753 I Kernel  : [45605.518232].(2)[23753:GCDaemon]name:Log.main_3542 unmap vm_start a1163000  end: a1168000
04-13 00:46:06.859 23943 23971 I native-activity: Frame 228 GL error is 0x0
04-13 00:46:06.859 23943 23971 I native-activity: Frame 228 time is 2.180ms
04-13 00:46:06.860 23720 23736 W art     : Suspending all threads took: 6.280ms
04-13 00:46:06.861 24070 24244 I AmazonVideo: Completed initialize for ImageMemoryConfig
04-13 00:46:06.862 24298 24298 D com.amazon.identity.auth.map.device.utils.MAPLog.PII: Extracting verison incremental:<obscured>
04-13 00:46:06.863 24298 24298 D com.amazon.identity.auth.map.device.utils.MAPLog.PII: Extracting flavor:<obscured>
04-13 00:46:06.863 24298 24298 I com.amazon.identity.auth.device.authorization.AmazonCredentialManagerService: onCreate called
04-13 00:46:06.864 24298 24298 I com.amazon.identity.auth.device.authorization.AmazonCredentialManagerService: onBind called
04-13 00:46:06.868 24169 24169 I com.amazon.identity.auth.device.authorization.MAPServiceConnection: onServiceConnected called
04-13 00:46:06.871 24169 24297 D com.amazon.identity.auth.device.authorization.api.AmazonCredentialManager: Bound to service successfully
04-13 00:46:06.871 24169 24297 D com.amazon.identity.auth.device.authorization.api.AmazonCredentialManager: inside getAppId AsyncTask
04-13 00:46:06.872 24298 24315 I com.amazon.identity.auth.device.authorization.AmazonCredentialManagerService: (pid:24169 | uid:32011) calling getAppId : packageName=com.amazon.ags.app
04-13 00:46:06.873 24298 24315 I com.amazon.identity.auth.device.authorization.utils.ThirdPartyUtils: Getting static context
04-13 00:46:06.873 24298 24315 I com.amazon.identity.auth.device.authorization.appid.FirstPartyAppIdentifier: getAppFamilyId : packageName=com.amazon.ags.app
04-13 00:46:06.873 24298 24315 I com.amazon.identity.auth.device.authorization.appid.FirstPartyAppIdentifier: syncAppInfo : packageName=com.amazon.ags.app
04-13 00:46:06.874 24298 24315 I com.amazon.identity.auth.device.authorization.appsync.Syncer: Syncing app with device : packageName=com.amazon.ags.app
04-13 00:46:06.885   917  1764 W AccountManagerService: insertAccountIntoDatabase: Account {name=default_account, type=amazon.account}, skipping since the account already exists
04-13 00:46:06.893 24070 24244 I AmazonVideo: Entered initialize for ImageDownloadManager
04-13 00:46:06.909 24070 24246 I AmazonVideo: Loaded experiments: {DASHDOWNLOAD_75010=Weblab{name=DASHDOWNLOAD_75010, state=RUNNING, treatment=T1, lastupdated=647}, DASHDOWNLOAD_75011=Weblab{name=DASHDOWNLOAD_75011, state=RUNNING, treatment=T1, lastupdated=666}, DASHDOWNLOAD_75012=Weblab{name=DASHDOWNLOAD_75012, state=RUNNING, treatment=T1, lastupdated=686}, DASHDOWNLOAD_75013=Weblab{name=DASHDOWNLOAD_75013, state=RUNNING, treatment=T1, lastupdated=680}, AIVPLAYERS_5774_63159=Weblab{name=AIVPLAYERS_5774_63159, state=UNSYNCED, treatment=C, lastupdated=0}, AIVPLAYERS_5774_63157=Weblab{name=AIVPLAYERS_5774_63157, state=UNSYNCED, treatment=C, lastupdated=0}, AIVPLAYERS_5774_63156=Weblab{name=AIVPLAYERS_5774_63156, state=UNSYNCED, treatment=C, lastupdated=0}, AIVPLAYERS_5774_63155=Weblab{name=AIVPLAYERS_5774_63155, state=UNSYNCED, treatment=C, lastupdated=0}, AIVPLAYERS_5774_63154=Weblab{name=AIVPLAYERS_5774_63154, state=UNSYNCED, treatment=C, lastupdated=0}, AIVPLAYERS_5774_63152=Weblab{name=AIVPLAYERS_5774_63152, state=UNSYNCED, treatment=C, lastupdated=0}, AIVPLAYERS_5774_63151=Weblab{name=AIVPLAYERS_5774_63151, state=UNSYNCED, treatment=C, lastupdated=0}, DASHDOWNLOAD_75014=Weblab{name=DASHDOWNLOAD_75014, state=RUNNING, treatment=T1, lastupdated=456}, AIVPLAYERS_5774_63150=Weblab{name=AIVPLAYERS_5774_63150, state=UNSYNCED, treatment=C, lastupdated=0}, AIVPLAYERS_8_67923=Weblab{name=AIVPLAYERS_8_67923, state=UNSYNCED, treatment=C, lastupdated=0}, AIVPLAYERS_1020_73719=Weblab{name=AIVPLAYERS_1020_73719, state=RUNNING, treatment=T1, lastupdated=138}, AIVPLAYERS_560_71550=Weblab{name=AIVPLAYERS_560_71550, state=UNSYNCED, treatment=C, lastupdated=0}, AIVPLAYERS_560_71551=Weblab{name=AIVPLAYERS_560_71551, state=UNSYNCED, treatment=C, lastupdated=0}, AIVPLAYERS_5445_58983=Weblab{name=AIVPLAYERS_5445_58983, state=RUNNING, treatment=T1, lastupdated=496}, AIVPLAYERS_4727_50299=Weblab{name=AIVPLAYERS_4727_50299, state=UNSYNCED, treatment=C, lastupdated=0}, AIVPLAYERS_5774_63149=Weblab{name=AIVPLAYERS_5774_63149, state=UNSYNCED, treatment=C, lastupdated=0}, AIVPLAYERS_5774_63148=Weblab{name=AIVPLAYERS_5774_63148, state=UNSYNCED, treatment=C, lastupdated=0}, AIVPLAYERS_5774_63147=Weblab{name=AIVPLAYERS_5774_63147, state=UNSYNCED, treatment=C, lastupdated=0}, AIVPLAYERS_5774_63146=Weblab{name=AIVPLAYERS_5774_63146, state=UNSYNCED, treatment=C, lastupdated=0}, AIVPLAYERS_5774_63145=Weblab{name=AIVPLAYERS_5774_63145, state=UNSYNCED, treatment=C, lastupdated=0}, AIVPLAYERS_5774_63144=Weblab{name=AIVPLAYERS_5774_63144, state=UNSYNCED, treatment=C, lastupdated=0}, AIVPLAYERS_1020_73728=Weblab{name=AIVPLAYERS_1020_73728, state=RUNNING, treatment=T1, lastupdated=84}, AIVPLAYERS_5774_63141=Weblab{name=AIVPLAYERS_5774_63141, state=UNSYNCED, treatment=C, lastupdated=0}, AIVPLAYERS_1020_73727=Weblab{name=AIVPLAYERS_1020_73727, state=RUNNING, treatment=T1, lastupdated=475}, AIVPLAYERS_1020_80096=Weblab{name=AIVPLAYERS_1020_80096, state=RUNNING, treatment=T1, lastupdated=0}, AIVPLAYERS_1020_73724=Weblab{name=AIVPLAYERS_1020_73724, state=RUNNING, treatment=T1, lastupdated=396}, AIVPLAYERS_1020_73725=Weblab{name=AIVPLAYERS_1020_73725, state=RUNNING, treatment=T1, lastupdated=448}, AIVPLAYERS_560_71536=Weblab{name=AIVPLAYERS_560_71536, state=UNSYNCED, treatment=C, lastupdated=0}, AIVPLAYERS_560_71539=Weblab{name=AIVPLAYERS_560_71539, state=UNSYNCED, treatment=C, lastupdated=0}, AIVPLAYERS_560_71537=Weblab{name=AIVPLAYERS_560_71537, state=UNSYNCED, treatment=C, lastupdated=0}, AIVPLAYERS_560_71538=Weblab{name=AIVPLAYERS_560_71538, state=UNSYNCED, treatment=C, lastupdated=0}, AIVPLAYERS_5774_63017=Weblab{name=AIVPLAYERS_5774_63017, state=UNSYNCED, treatment=C, lastupdated=0}, AIVPLAYERS_1020_73739=Weblab{name=AIVPLAYERS_1020_73739, state=RUNNING, treatment=T1, lastupdated=357}, AIVPLAYERS_1020_73737=Weblab{name=AIVPLAYERS_1020_73737, state=RUNNING, treatment=T1, lastupdated=333}, AIVPLAYERS_1020_73738=Weblab{name=AIVPLAYERS_1020_73738, state=RUNNING, treatment=T1, lastupdated=382}, AIVPLAYERS_1020_73730=Weblab{name=AIVPLAYERS_1020_73730, state=RUNNING, treatment=T1
04-13 00:46:06.910 24070 24246 I AmazonVideo: Completed initialize for ExperimentManager
04-13 00:46:06.913 24070 24244 I AmazonVideo: Completed initialize for ImageDownloadManager
04-13 00:46:06.914 24070 24244 I AmazonVideo: Entered initialize for PlaceholderImageCache
04-13 00:46:06.917 24298 24315 D com.amazon.identity.auth.device.datastore.DatabaseHelper.PII: DatabaseHelper created ver=9:<obscured>
04-13 00:46:06.918 24070 24244 I AmazonVideo: Completed initialize for PlaceholderImageCache
04-13 00:46:06.919 24070 24244 I AmazonVideo: Entered initialize for DirectTextureConfig
04-13 00:46:06.920 24070 24244 I AmazonVideo: Completed initialize for DirectTextureConfig
04-13 00:46:06.921 24070 24157 I AmazonVideo: Skipping com.amazon.avod.playback.renderer.mediacodec.MediaCodecMediaDrmRendererScheme because it is disabled by server config or weblab
04-13 00:46:06.924 24070 24246 V DeviceCapabilities: Chipset=MTK_8127
04-13 00:46:06.925 24070 24246 I AmazonVideo: Device compressed texture support is set to false
04-13 00:46:06.928 23720 24320 I F_C.AppIconCache: loadIcons: total=35, new=0, updated=0, unavailable=0, uncached=0
04-13 00:46:06.932 23943 23971 I native-activity: Swap 228 time is 75.338ms
04-13 00:46:06.932 23943 23971 I native-activity: Animating
04-13 00:46:06.935 23943 23971 I native-activity: Frame 229 GL error is 0x0
04-13 00:46:06.935 23943 23971 I native-activity: Frame 229 time is 2.152ms
04-13 00:46:06.955   917  2109 W AccountManagerService: insertAccountIntoDatabase: Account {name=default_account, type=amazon.account}, skipping since the account already exists
04-13 00:46:06.957 24070 24157 W AmazonVideo: Warning: Profile string was null, returning null!
04-13 00:46:06.957 24070 24157 W AmazonVideo: Warning: Profile string was null, returning null!
04-13 00:46:06.958 24070 24157 W AmazonVideo: Warning: Profile string was null, returning null!
04-13 00:46:06.958 24070 24157 W AmazonVideo: Warning: Profile string was null, returning null!
04-13 00:46:06.959 23720 23925 I F_C.AppIconCache: loadIcons: total=1, new=0, updated=0, unavailable=0, uncached=0
04-13 00:46:06.959 23720 23925 W F_C.AppIconCache: There were no apps to load icons for.
04-13 00:46:06.972 24211 24211 I AmazonAppstore.BasicBuildDetector: Load cached build type:RELEASE
04-13 00:46:06.992 24070 24157 I AmazonVideo: Selecting OMXILRendererScheme
04-13 00:46:07.007 23943 23971 I native-activity: Swap 229 time is 74.964ms
04-13 00:46:07.008 23943 23971 I native-activity: Animating
04-13 00:46:07.010 23943 23971 I native-activity: Frame 230 GL error is 0x0
04-13 00:46:07.010 23943 23971 I native-activity: Frame 230 time is 2.233ms
04-13 00:46:07.011 24070 24323 I SICS.BuildVariant: Device build variant: User
04-13 00:46:07.012 24070 24323 I SICS.SicsGraph: SICS graph constructed for instance ImageDownloadManager using mode: DirectTexture
04-13 00:46:07.015 24070 24157 I AmazonVideo: MediaSystem:Initialization:CreateObjectGraph
04-13 00:46:07.000 23739 24099 I Kernel  : [45605.676440].(2)[24099:Background work]name:Log.main_3542 unmap vm_start a0970000  end: a0b70000
04-13 00:46:07.027   917  1051 W AccountManagerService: insertAccountIntoDatabase: Account {name=default_account, type=amazon.account}, skipping since the account already exists
04-13 00:46:07.027 24070 24323 I SICS.SicsConfig: -------------------------
04-13 00:46:07.027 24070 24323 I SICS.SicsConfig: SICS Version                   : 3.0.42.0
04-13 00:46:07.027 24070 24323 I SICS.SicsConfig: SICS Cache Name                : ImageDownloadManager
04-13 00:46:07.027 24070 24323 I SICS.SicsConfig: Image Maximum Height           : 1
04-13 00:46:07.027 24070 24323 I SICS.SicsConfig: Image Maximum Width            : 1
04-13 00:46:07.027 24070 24323 I SICS.SicsConfig: Log Level                      : Warning
04-13 00:46:07.027 24070 24323 I SICS.SicsConfig: Available Cache Size           : 1
04-13 00:46:07.027 24070 24323 I SICS.SicsConfig: CSR Cache Size                 : 0
04-13 00:46:07.027 24070 24323 I SICS.SicsConfig: Downloaded Cache Size          : 500
04-13 00:46:07.027 24070 24323 I SICS.SicsConfig: Requested Mode                 : Auto
04-13 00:46:07.027 24070 24323 I SICS.SicsConfig: Custom ThreadModel             : true
04-13 00:46:07.027 24070 24323 I SICS.SicsConfig: Custom FileIdentifier          : false
04-13 00:46:07.027 24070 24323 I SICS.SicsConfig: Transaction Error Resol.       : ContinueWithBestEffort
04-13 00:46:07.027 24070 24323 I SICS.SicsConfig: Scheme Resolvers               : false
04-13 00:46:07.027 24070 24323 I SICS.SicsConfig: Available Cache Max. Pool Size : {}
04-13 00:46:07.027 24070 24323 I SICS.SicsConfig: -------------------------
04-13 00:46:07.035 24070 24323 W AmazonVideo: Warning: Resource DelegatingSicsCache (ImageDownloadManager) should not be scoped to the application! Find a different ResourceScope
04-13 00:46:07.020 24298 24315 I Kernel  : [45605.694508].(2)[24315:Binder_2]name:Log.main_3542 unmap vm_start a4037000  end: a4237000
04-13 00:46:07.040 24298 24315 I com.amazon.identity.auth.device.appid.AbstractAppIdentifier: getAppInfoFromAPIKey : packageName=com.amazon.ags.app
04-13 00:46:07.040 24298 24315 I com.amazon.identity.auth.device.appid.AbstractAppIdentifier: Finding API Key for com.amazon.ags.app
04-13 00:46:07.042 24070 24323 I SICS.SicsGraph: SICS graph constructed for instance ImageDownloadManager using mode: DirectTexture
04-13 00:46:07.043 24070 24323 I SICS.SicsConfig: -------------------------
04-13 00:46:07.043 24070 24323 I SICS.SicsConfig: SICS Version                   : 3.0.42.0
04-13 00:46:07.043 24070 24323 I SICS.SicsConfig: SICS Cache Name                : ImageDownloadManager
04-13 00:46:07.043 24070 24323 I SICS.SicsConfig: Image Maximum Height           : 1
04-13 00:46:07.043 24070 24323 I SICS.SicsConfig: Image Maximum Width            : 1
04-13 00:46:07.043 24070 24323 I SICS.SicsConfig: Log Level                      : Warning
04-13 00:46:07.043 24070 24323 I SICS.SicsConfig: Available Cache Size           : 1
04-13 00:46:07.043 24070 24323 I SICS.SicsConfig: CSR Cache Size                 : 0
04-13 00:46:07.043 24070 24323 I SICS.SicsConfig: Downloaded Cache Size          : 500
04-13 00:46:07.043 24070 24323 I SICS.SicsConfig: Requested Mode                 : Auto
04-13 00:46:07.043 24070 24323 I SICS.SicsConfig: Custom ThreadModel             : true
04-13 00:46:07.043 24070 24323 I SICS.SicsConfig: Custom FileIdentifier          : false
04-13 00:46:07.043 24070 24323 I SICS.SicsConfig: Transaction Error Resol.       : ContinueWithBestEffort
04-13 00:46:07.043 24070 24323 I SICS.SicsConfig: Scheme Resolvers               : false
04-13 00:46:07.043 24070 24323 I SICS.SicsConfig: Available Cache Max. Pool Size : {}
04-13 00:46:07.043 24070 24323 I SICS.SicsConfig: -------------------------
04-13 00:46:07.044 24070 24323 W AmazonVideo: Warning: Resource DelegatingSicsCache (ImageDownloadManager) should not be scoped to the application! Find a different ResourceScope
04-13 00:46:07.062 24298 24315 W asset   : Asset path /system/framework/android.amazon.res.jar is neither a directory nor file (type=1).
04-13 00:46:07.063 24298 24315 W ResourcesManager: Asset path '/system/framework/android.amazon.res.jar' does not exist or contains no resources.
04-13 00:46:07.075   917  2245 W AccountManagerService: insertAccountIntoDatabase: Account {name=default_account, type=amazon.account}, skipping since the account already exists
04-13 00:46:07.082 23943 23971 I native-activity: Swap 230 time is 74.471ms
04-13 00:46:07.082 23943 23971 I native-activity: Animating
04-13 00:46:07.084 23943 23971 I native-activity: Frame 231 GL error is 0x0
04-13 00:46:07.085 23943 23971 I native-activity: Frame 231 time is 2.153ms
04-13 00:46:07.094 24298 24315 I com.amazon.identity.auth.device.utils.ThirdPartyResourceParser: Attempting to parse API Key from assets directory
04-13 00:46:07.096 23739 24099 W asset   : Asset path /system/framework/android.amazon.res.jar is neither a directory nor file (type=1).
04-13 00:46:07.096 23739 24099 W ResourcesManager: Asset path '/system/framework/android.amazon.res.jar' does not exist or contains no resources.
04-13 00:46:07.100 24298 24315 I com.amazon.identity.auth.device.appid.APIKeyDecoder: Begin decoding API Key for packageName=com.amazon.ags.app
04-13 00:46:07.100 24298 24315 I com.amazon.identity.auth.device.appid.APIKeyDecoder: getKeyParts for packageName=com.amazon.ags.app
04-13 00:46:07.104   917  1051 W AccountManagerService: insertAccountIntoDatabase: Account {name=default_account, type=amazon.account}, skipping since the account already exists
04-13 00:46:07.114 24298 24315 D com.amazon.identity.auth.device.appid.APIKeyDecoder.PII: APIKey:<obscured>
04-13 00:46:07.114 24298 24315 I com.amazon.identity.auth.device.appid.APIKeyDecoder: verifySignature for packageName=com.amazon.ags.app
04-13 00:46:07.123 24211 24211 D AndroidUIToolkit.RouteCache: Locked mode is on, http access is disallowed, URIs will be validated and must end in one of the following: .amazon.com .amazon.ca .amazon.com.mx .amazon.com.br .amazon.co.uk .amazon.de .amazon.fr .amazon.it .amazon.es .amazon.nl .amazon.co.jp .amazon.in .amazon.com.au .amazon.cn 
04-13 00:46:07.124 24211 24211 I AmazonAppstore.AccountSummaryProviderImpl: isAccountPrepared(null) - using null
04-13 00:46:07.124 24211 24211 I AmazonAppstore.AccountSummaryProviderImpl: isAccountPrepared() - using null, returning false
04-13 00:46:07.125   917  2245 W AccountManagerService: insertAccountIntoDatabase: Account {name=default_account, type=amazon.account}, skipping since the account already exists
04-13 00:46:07.135 24298 24315 I com.amazon.identity.auth.device.appid.APIKeyDecoder: verifySignature Sha256 for packageName=com.amazon.ags.app
04-13 00:46:07.139   917  2175 I AmazonStorageUtil: Secondary Storage not mounted. Do not create directory at:/storage/sdcard1/Android/data/com.amazon.venezia/cache
04-13 00:46:07.140 24211 24336 W ContextImpl: Failed to ensure directory: /storage/sdcard1/Android/data/com.amazon.venezia/cache
04-13 00:46:07.142 24211 24336 D AndroidUIToolkit.RouteCache: Found routes as saved file
04-13 00:46:07.150 24070 24084 W art     : Suspending all threads took: 70.863ms
04-13 00:46:07.157 23943 23971 I native-activity: Swap 231 time is 75.010ms
04-13 00:46:07.158 23943 23971 I native-activity: Animating
04-13 00:46:07.184 24298 24315 I com.amazon.identity.auth.device.appid.APIKeyDecoder: verifyPayload for packageName=com.amazon.ags.app
04-13 00:46:07.185 24298 24315 D com.amazon.identity.auth.device.appid.APIKeyDecoder.PII: Signature checking.:<obscured>
04-13 00:46:07.187 24298 24315 I com.amazon.identity.auth.device.appid.APIKeyDecoder: num sigs = 1
04-13 00:46:07.200 24298 24315 D com.amazon.identity.auth.device.appid.APIKeyDecoder.PII: Fingerprint checking:<obscured>
04-13 00:46:07.200 24298 24315 I com.amazon.identity.auth.device.appid.APIKeyDecoder:  num sigs = 1
04-13 00:46:07.200 24211 24336 D AndroidUIToolkit.RouteCache: Clearing RouteCache for new routes data with etag EpkDPbKXGHEhPIZL+W7mwQ==
04-13 00:46:07.204 24298 24315 D com.amazon.identity.auth.device.appid.APIKeyDecoder.PII: Fingerpirints checking:<obscured>
04-13 00:46:07.204 24298 24315 I com.amazon.identity.auth.device.appid.APIKeyDecoder: scopes has no mapping in json, returning null array
04-13 00:46:07.204 24298 24315 I com.amazon.identity.auth.device.appid.APIKeyDecoder: perm has no mapping in json, returning null array
04-13 00:46:07.204 24298 24315 I com.amazon.identity.auth.device.authorization.appsync.Syncer: AppInfo of new package is the same as the old one, not doing anything
04-13 00:46:07.204 24298 24315 I com.amazon.identity.auth.device.authorization.appid.FirstPartyAppIdentifier: getAppInfoFromCacheByPackageName : packageName=com.amazon.ags.app
04-13 00:46:07.202 24211 24340 I AmazonAppstore.ResourceCacheImpl: Manually updating resource cache
04-13 00:46:07.208 24211 24339 I AmazonAppstore.CookieBootstrap: Pre-initializing cookies
04-13 00:46:07.209 24211 24338 I AmazonAppstore.AuthenticationBootstrap: Starting async authentication.
04-13 00:46:07.213   917  2114 D ActivityManager: single user service: com.amazon.imp
04-13 00:46:07.214   917  2114 D ActivityManager: app = com.amazon.imp, has single user service, setting process record.
04-13 00:46:07.216 24169 24169 D com.amazon.identity.auth.device.authorization.api.AmazonCredentialManager: candidate: com.amazon.identity.auth.device.authorization
04-13 00:46:07.217 24169 24169 I com.amazon.identity.auth.device.authorization.api.AmazonCredentialManager: Signature match succeeded
04-13 00:46:07.217 24169 24169 D com.amazon.identity.auth.device.authorization.api.AmazonCredentialManager: candidate: com.amazon.identity.auth.device.authorization
04-13 00:46:07.218 24211 24336 D AndroidUIToolkit.RouteCache: Did not recognize custom activity AppWebContainerActivity
04-13 00:46:07.219 24211 24336 D AndroidUIToolkit.RouteCache: Recognized custom activity OverlappingHeaderActivity and registered it for /gp/masclient/deeplink?ie=UTF-8&asin=
04-13 00:46:07.219 24211 24336 D AndroidUIToolkit.RouteCache: Recognized custom activity OverlappingHeaderActivity and registered it for /gp/masclient/deeplink?ie=UTF-8&p=
04-13 00:46:07.219 24211 24336 D AndroidUIToolkit.RouteCache: Recognized custom activity OverlappingHeaderActivity and registered it for /gp/masclient/dp/
04-13 00:46:07.220 24169 24169 I com.amazon.identity.auth.device.authorization.api.AmazonCredentialManager: Signature match succeeded
04-13 00:46:07.221 24211 24338 I AmazonAppstore.AuthStatus: Setting AUTH STATUS: IN_PROGRESS
