--------- beginning of amazon_main
04-13 01:15:31.654 25557 27928 I F_C.ProducerClientCompa: Producer com.amazon.kindle.cms.card.producer.APPS at API version BrazilVersion(1.4).
04-13 01:15:31.654 25557 25643 D AmazonCMS: CardClient: Pushing 12 cards ***** by producer com.amazon.kindle.cms.card.producer.APPS
04-13 01:15:31.658 25557 27928 I F_C.ProducerClientCompa: Connected to ServerInfo(CDA Version: BrazilVersion(1.3.108.0), Min. Producer: BrazilVersion(1.0), Delete All: true)
04-13 01:15:31.667 25616 25633 I F_C.ProducerRefreshServ: Performing Producer refresh.
--------- beginning of main
04-13 01:15:31.660 27934 27934 W sh      : type=1400 audit(0.0:5320): avc: denied { module_request } for kmod="personality-8" scontext=u:r:shell:s0 tcontext=u:r:kernel:s0 tclass=system permissive=0
04-13 01:15:31.660 27934 27934 W am      : type=1400 audit(0.0:5321): avc: denied { module_request } for kmod="personality-8" scontext=u:r:shell:s0 tcontext=u:r:kernel:s0 tclass=system permissive=0
--------- beginning of kernel
04-13 01:15:31.660 27934 27934 I Kernel  : [47370.335113].(0)[27934:sh]audit avc scontext:u:r:shell:s0
04-13 01:15:31.660 27934 27934 I Kernel  : [47370.340847].(1)[27934:am]audit avc scontext:u:r:shell:s0
04-13 01:15:31.670 27934 27934 W app_process: type=1400 audit(0.0:5322): avc: denied { module_request } for kmod="personality-8" scontext=u:r:shell:s0 tcontext=u:r:kernel:s0 tclass=system permissive=0
04-13 01:15:31.670 27934 27934 I Kernel  : [47370.345896].(2)[27934:app_process]audit avc scontext:u:r:shell:s0
04-13 01:15:31.692  1787  1787 I AmazonLocationController: onWifiSignalChanged : connected : true
04-13 01:15:31.694 25557 26127 I DCP     : [JsonCallExecutor][CallExecutor][f252d7be-05cf-4972-a3f1-79e6f05cb808][Auth]Received response code 200 OK. Total time = 316 ms. Handshake = 45 ms. Upload = 0 ms (0 bytes). Latency = 270 ms. Download = 0 ms (569 bytes).
--------- beginning of system
04-13 01:15:31.699   917  2113 D WifiService: releaseWifiLockLocked: WifiLock{com.amazon.dcp.framework.iuc.ConnectionEstablisherWithConnectivityEnforcement type=1 binder=android.os.BinderProxy@5293b43}
04-13 01:15:31.748 25557 25643 D AmazonCMS: Read 2 card ids from the cache for producer com.amazon.kindle.cms.card.producer.NEWSSTAND in profile 0
04-13 01:15:31.810 25616 25630 W art     : Suspending all threads took: 9.235ms
04-13 01:15:31.818 25616 25630 I art     : Background sticky concurrent mark sweep GC freed 30252(1396KB) AllocSpace objects, 2(32KB) LOS objects, 9% free, 15MB/17MB, paused 10.610ms total 30.916ms
04-13 01:15:31.861 25557 25643 W AmazonCMS: Delivery card detected for item ***** but no delivery date set
04-13 01:15:31.881 25557 25643 D AmazonCMS: Creating delivery card with id: *****
04-13 01:15:31.881 25557 27928 I F_C.ProducerClientCompa: Producer com.amazon.kindle.cms.card.producer.NEWSSTAND at API version BrazilVersion(1.4).
04-13 01:15:31.882 25557 25643 D AmazonCMS: CardClient: Pushing 2 cards ***** by producer com.amazon.kindle.cms.card.producer.NEWSSTAND
04-13 01:15:31.886 25557 27928 I F_C.ProducerClientCompa: Connected to ServerInfo(CDA Version: BrazilVersion(1.3.108.0), Min. Producer: BrazilVersion(1.0), Delete All: true)
04-13 01:15:31.891 25616 26786 I F_C.CardAgentSynchroniz: Throttling producer refresh
04-13 01:15:31.891 25616 26786 W F_C.CardProvider: Producer refresh failed
04-13 01:15:31.890   917  1764 I Kernel  : [47370.564911]-(0)[1764:Binder_6]dpi vsync
04-13 01:15:31.941 27934 27934 D AndroidRuntime: >>>>>> START com.android.internal.os.RuntimeInit uid 2000 <<<<<<
04-13 01:15:31.947 27934 27934 D AndroidRuntime: CheckJNI is OFF
04-13 01:15:31.948 27934 27934 I art     : Skinny Heap Starting Size = 2048KB
04-13 01:15:31.948 27934 27934 I art     : Skinny Heap Growth Limit = 20480KB
04-13 01:15:31.948 27934 27934 I art     : Skinny Heap Min Free = 128KB
04-13 01:15:31.948 27934 27934 I art     : Skinny Heap Max Free = 512KB
04-13 01:15:31.948 27934 27934 I art     : Skinny Heap Target Utilization = 0.9
04-13 01:15:31.957 25557 25643 D AmazonCMS: Performing collection sync type DELTA_SYNC for user *****
04-13 01:15:31.958 25557 25643 V AmazonCMS: SyncClient - [SYNC] Syncing Namespace: [*****]
04-13 01:15:31.977 25557 26343 I DCP     : [JsonCallExecutor][CallExecutor][c08692b4-5095-41e4-853d-c7744bcd9e8f][Auth]GET https://api.amazon.com/whispersync/v2/data/amzn1.account.XXXX/datasets?after=108  (attempt 1)
04-13 01:15:31.978   917  1051 D WifiService: acquireWifiLockLocked: WifiLock{com.amazon.dcp.framework.iuc.ConnectionEstablisherWithConnectivityEnforcement type=1 binder=android.os.BinderProxy@806ac97}
04-13 01:15:31.980 25557 27936 I com.amazon.dcp.framework.ConnectivityEnforcer: Network with type -1 is already connected
04-13 01:15:32.003   917  1051 D ActivityManager: single user service: com.amazon.imp
04-13 01:15:32.005   917  1051 D ActivityManager: app = com.amazon.imp, has single user service, setting process record.
04-13 01:15:32.045 27934 27934 I HAL     : loaded HAL id=memtrack path=/system/lib/hw/memtrack.mt8127.so hmi=0x0 handle=0xb5287694
04-13 01:15:32.060 27934 27934 I HAL     : loaded HAL id=perfboost path=/system/lib/hw/perfboost.mt8127.so hmi=0x0 handle=0xb52877e4
04-13 01:15:32.094 27934 27934 D AndroidRuntime: Calling main entry com.android.commands.am.Am
04-13 01:15:32.096 27934 27934 D ActivityManager: default service binder = android.os.BinderProxy@13cd9c54
04-13 01:15:32.096 27934 27934 D ActivityManager: default service = android.app.ActivityManagerProxy@112557fd
04-13 01:15:32.100   917  1763 I ActivityManager: START u0 {act=android.intent.action.MAIN cat=[android.intent.category.LAUNCHER] flg=0x10000000 cmp=com.example.sonicdash_stage1/android.app.NativeActivity (has extras)} from uid 2000 on display 0
04-13 01:15:32.103   917  1763 W ActivityManager: Input dispatching paused for current ActivityRecord: ActivityRecord{1bff7b33 u0 com.example.sonicdash_stage1/android.app.NativeActivity t345}
04-13 01:15:32.104   917  1763 V WindowManager: addAppToken: AppWindowToken{1c084c69 token=Token{3fc32ef0 ActivityRecord{1bff7b33 u0 com.example.sonicdash_stage1/android.app.NativeActivity t345}}} to stack=1 task=345 at 0
04-13 01:15:32.105   917  1763 D BatteryStatsExtension.VitalEmitterBatteryAndTime: VitalEmitterBatteryAndTime.start(-): not runnable
04-13 01:15:32.106 25616 25616 I F_C.Launcher: onPause
04-13 01:15:32.108 27934 27934 D AndroidRuntime: Shutting down VM
04-13 01:15:32.109 27934 27947 E IPCThreadState: talkWithDriver returned result (-9)
04-13 01:15:32.109 27934 27946 E IPCThreadState: talkWithDriver returned result (-9)
04-13 01:15:32.110   917   943 V WindowManager: Based on layer: Adding window Window{3dac978f u0 Starting com.example.sonicdash_stage1} at 2 of 8
04-13 01:15:32.116   183   183 W art     : PreZygoteFork called when we already have a zygote space.
04-13 01:15:32.125 27948 27948 I art     : Late-enabling -Xcheck:jni
04-13 01:15:32.126   917  2245 I ActivityManager: Start proc 27948:com.example.sonicdash_stage1/u0a21 for activity com.example.sonicdash_stage1/android.app.NativeActivity
--------- beginning of metrics
04-13 01:15:32.134   917  1055 I LoggerMetricsFactoryImpl: PhoneWindowManager:ActivityChanged:com.example.sonicdash_stage1=1.0;CT;1:NR
--------- beginning of vitals
04-13 01:15:32.135   917  1055 I Vlog    : ScreenTime:PackageScreenTime:fgtracking=false;DV;1,key=com.amazon.firelauncher;DV;1,Timer=3.5277777777777776E-4;TI;1,unit=hours;DV;1:HI
04-13 01:15:32.135   917  1055 I LoggerMetricsFactoryImpl: PhoneWindowManager:ScreenTime:endTimeMs=1.492071332134E12;TI;1,startTimeMs=1.492071330865E12;TI;1,com.amazon.firelauncher=1270.0;TI;1:NR
04-13 01:15:32.135   917  1055 I Vlog    : Thermal:Screen_On_Thermal_Throttling:fgtracking=false;DV;1,key=0;DV;1,Timer=3.5277777777777776E-4;TI;1,unit=hours;DV;1,metadata=com.amazon.firelauncher;DV;1:HI
04-13 01:15:32.136   917  1055 I LoggerMetricsFactoryImpl: ScreenTime:updateLRUListLocked:page-type=KindleFramework;CK;1,hitType=deviceAction;CK;1,team-name=KindleFramework;CK;1,site_variant=KindleApplication;CK;1,page-action=fgEnd;CK;1,sub-page-type=com.amazon.firelauncher;CK;1,RequestId=8E1D14711BD7DA0F7B7B;DV;1:NA
04-13 01:15:32.136   917  1055 I LoggerMetricsFactoryImpl: ScreenTime:updateLRUListLocked:page-type=KindleFramework;CK;1,hitType=deviceAction;CK;1,team-name=KindleFramework;CK;1,site_variant=KindleApplication;CK;1,page-action=fgStart;CK;1,sub-page-type=com.example.sonicdash_stage1;CK;1,RequestId=71B44242F6842CA05C45;DV;1:NA
04-13 01:15:32.138  1787  1787 V PhoneStatusBar: setLightsOn(true)
04-13 01:15:32.147 27948 27948 I art     : Turning on check_jni_no_abort for targetSdkVersion 9
04-13 01:15:32.147   143   949 I [MALI][Gralloc]: usage0: 0x933, format7: 2 stride2: 608 vertical_stride6: 976 size: 2373632
04-13 01:15:32.164 27948 27948 D ActivityManager: default service binder = android.os.BinderProxy@4599a49
04-13 01:15:32.164 27948 27948 D ActivityManager: default service = android.app.ActivityManagerProxy@49f1f4e
04-13 01:15:32.176   917  2168 I PackageRecencyCallback: Queuing notifcation to package: ComponentInfo{com.amazon.kindle.cms/com.amazon.kindle.cms.MaintenanceService$PackageRecencyListener}
04-13 01:15:32.178 27948 27948 D VendorDisplayManagerGlobalCallback: callGetInstance: nil
04-13 01:15:32.179  2059  2059 I Vlog    : PfxPrecog:PredictedTimeDelta:fgtracking=false;DV;1,key=delta;DV;1,Timer=74007.000000;TI;1,unit=null;DV;1,metadata=version%235510%7C;DV;1:HI
04-13 01:15:32.180  2059  2059 I Vlog    : PfxPrecog:PredictionResult:fgtracking=false;DV;1,key=failure;DV;1,Counter=1.000000;CT;1,unit=null;DV;1,metadata=version%235510%7Crequester%23Chained+Predictor+T%7Cpred_type%23TemporalApplicationStart%7C;DV;1:HI
04-13 01:15:32.184 25616 25616 I Vlog    : performance:SkippedVsyncsBucket2:fgtracking=false;DV;1,key=com.amazon.firelauncher;DV;1,Counter=3.0;CT;1,unit=count;DV;1:HI
04-13 01:15:32.184 25616 25616 I performance: SkippedVsyncsBucket2: package=com.amazon.firelauncher count=3
04-13 01:15:32.184 25616 25616 I Vlog    : performance:SkippedVsyncsBucket5:fgtracking=false;DV;1,key=com.amazon.firelauncher;DV;1,Counter=1.0;CT;1,unit=count;DV;1:HI
04-13 01:15:32.184 25616 25616 I performance: SkippedVsyncsBucket5: package=com.amazon.firelauncher count=1
04-13 01:15:32.184 25616 25616 I Vlog    : performance:FrameDropTotal:fgtracking=false;DV;1,key=com.amazon.firelauncher;DV;1,Counter=4.0;CT;1,unit=count;DV;1:HI
04-13 01:15:32.184 25616 25616 I performance: FrameDropTotal: package=com.amazon.firelauncher count=4
04-13 01:15:32.184 25616 25616 I Vlog    : performance:FramesTotal:fgtracking=false;DV;1,key=com.amazon.firelauncher;DV;1,Counter=33.0;CT;1,unit=count;DV;1:HI
04-13 01:15:32.184 25616 25616 I performance: FramesTotal: package=com.amazon.firelauncher count=33
04-13 01:15:32.184 25616 25616 I Vlog    : performance:FirstFramesTotal:fgtracking=false;DV;1,key=com.amazon.firelauncher;DV;1,Counter=3.0;CT;1,unit=count;DV;1:HI
04-13 01:15:32.184 25616 25616 I performance: FirstFramesTotal: package=com.amazon.firelauncher count=0
04-13 01:15:32.200 25574 25590 I art     : Background sticky concurrent mark sweep GC freed 7023(342KB) AllocSpace objects, 0(0B) LOS objects, 12% free, 2MB/3MB, paused 5.342ms total 23.593ms
04-13 01:15:32.227 25616 25616 I F_C.Launcher: onStop
04-13 01:15:32.229 27948 27948 E VendorContextExt: Failed to register system service "com.amazon.client.metrics.AndroidMetricsFactoryImpl". The class was not found for the provided classloader.
04-13 01:15:32.230 25616 25616 I F_C.ImageMemoryManager: onTrimMemory: Level: 20, activeSources: ArraySet[ ImageSourceState(com.amazon.firelauncher.images.imagesource.AppsMainFolderImageSource@ec52027) ]
04-13 01:15:32.232 27948 27948 D ProfileManager: Create ProfileManager instance
04-13 01:15:32.247 27948 27948 I FrameworkJumpTable: Successfully loaded all classes
04-13 01:15:32.259 27948 27948 I FrameworkJumpTable: Successfully loaded all methods
04-13 01:15:32.259 27948 27948 I FrameworkJumpTable: Successfully loaded all fields
04-13 01:15:32.273 25557 26343 I DCP     : [JsonCallExecutor][CallExecutor][c08692b4-5095-41e4-853d-c7744bcd9e8f][Auth]Received response code 200 OK. Total time = 295 ms. Handshake = 52 ms. Upload = 0 ms (0 bytes). Latency = 240 ms. Download = 1 ms (425 bytes).
04-13 01:15:32.276   917  1766 D WifiService: releaseWifiLockLocked: WifiLock{com.amazon.dcp.framework.iuc.ConnectionEstablisherWithConnectivityEnforcement type=1 binder=android.os.BinderProxy@806ac97}
04-13 01:15:32.279   917  1764 I AmazonStorageUtil: Secondary Storage not mounted. Do not create directory at:/storage/sdcard1/Android/obb/com.example.sonicdash_stage1
04-13 01:15:32.279 27948 27948 W ContextImpl: Failed to ensure directory: /storage/sdcard1/Android/obb/com.example.sonicdash_stage1
04-13 01:15:32.281   917   933 I AmazonStorageUtil: Secondary Storage not mounted. Do not create directory at:/storage/sdcard1/Android/data/com.example.sonicdash_stage1/files
04-13 01:15:32.281 27948 27948 W ContextImpl: Failed to ensure directory: /storage/sdcard1/Android/data/com.example.sonicdash_stage1/files
04-13 01:15:32.283 27948 27948 V threaded_app: Creating: 0xb9199670
04-13 01:15:32.284 27948 27966 V threaded_app: Config: mcc=0 mnc=0 lang=en cnt=US orien=1 touch=3 dens=160 keys=1 nav=1 keysHid=3 navHid=0 sdk=22 size=3 long=1 modetype=1 modenight=1
04-13 01:15:32.284 27948 27966 I native-activity: Starting android_main
04-13 01:15:32.284 27948 27966 I native-activity:   Activity 0xb9199670
04-13 01:15:32.284 27948 27966 I native-activity:   VM 0xb8e8a818
04-13 01:15:32.284 27948 27966 I native-activity:   JNIEnv 0xb8e8b000
04-13 01:15:32.284 27948 27966 D native-activity: Changing permissions for the internal storage at /data/data/com.example.sonicdash_stage1/files
04-13 01:15:32.284 27948 27966 I native-activity: Attaching entry point thread to JNIEnv
04-13 01:15:32.285 27948 27948 V threaded_app: Start: 0xb9199670
04-13 01:15:32.286 27948 27966 I native-activity: Loading activity configuration
04-13 01:15:32.286 27948 27966 V native-activity: get_boolean_extra for *env 0xb51bcd60 intent 0x100005 extra_name egl_swap_preserve_bit
04-13 01:15:32.289 27948 27966 V native-activity: get_boolean_extra for *env 0xb51bcd60 intent 0x100005 extra_name egl_window_bit
04-13 01:15:32.289 27948 27966 V native-activity: get_boolean_extra for *env 0xb51bcd60 intent 0x100005 extra_name egl_pbuffer_bit
04-13 01:15:32.290 27948 27966 V native-activity: get_boolean_extra for *env 0xb51bcd60 intent 0x100005 extra_name gl_enable_dither
04-13 01:15:32.290 27948 27966 V native-activity: get_boolean_extra for *env 0xb51bcd60 intent 0x100005 extra_name gl_disable_dither
04-13 01:15:32.290 27948 27966 V native-activity: get_boolean_extra for *env 0xb51bcd60 intent 0x100005 extra_name gl_log_context
04-13 01:15:32.290 27948 27966 V native-activity: get_boolean_extra for *env 0xb51bcd60 intent 0x100005 extra_name stop_motion
04-13 01:15:32.290 27948 27966 V native-activity: get_boolean_extra for *env 0xb51bcd60 intent 0x100005 extra_name capture_compressed
04-13 01:15:32.290 27948 27966 I native-activity: EGL configuration
04-13 01:15:32.290 27948 27966 I native-activity: 	egl_swap_preserve_bit: 0
04-13 01:15:32.290 27948 27966 I native-activity: 	egl_window_bit: 1
04-13 01:15:32.290 27948 27966 I native-activity: 	egl_pbuffer_bit: 1
04-13 01:15:32.290 27948 27966 I native-activity: 	egl_width: 2160
04-13 01:15:32.290 27948 27966 I native-activity: 	egl_height: 3840
04-13 01:15:32.290 27948 27966 I native-activity: 	egl_red_size: 8
04-13 01:15:32.290 27948 27966 I native-activity: 	egl_green_size: 8
04-13 01:15:32.290 27948 27966 I native-activity: 	egl_blue_size: 8
04-13 01:15:32.290 27948 27966 I native-activity: 	egl_alpha_size: 8
04-13 01:15:32.290 27948 27966 I native-activity: 	egl_depth_size: 16
04-13 01:15:32.290 27948 27966 I native-activity: 	egl_stencil_size: -1
04-13 01:15:32.290 27948 27966 I native-activity: 	egl_swapbuffers_sync: 0
04-13 01:15:32.290 27948 27966 I native-activity: GL configuration
04-13 01:15:32.290 27948 27966 I native-activity: 	gl_enable_dither: 0
04-13 01:15:32.290 27948 27966 I native-activity: 	gl_disable_dither: 0
04-13 01:15:32.290 27948 27966 I native-activity: 	gl_get_error: 1
04-13 01:15:32.290 27948 27966 I native-activity: 	gl_log_context: 1
04-13 01:15:32.290 27948 27966 I native-activity: Runtime configuration
04-13 01:15:32.290 27948 27966 I native-activity: 	draw_limit:        0
04-13 01:15:32.290 27948 27966 I native-activity: 	frame_limit:       0
04-13 01:15:32.290 27948 27966 I native-activity: 	stop_motion:       0
04-13 01:15:32.290 27948 27966 I native-activity: 	capture_frequency: 0
04-13 01:15:32.290 27948 27966 I native-activity: 	capture_compressed: 1
04-13 01:15:32.294 27948 27966 V threaded_app: activityState=10
04-13 01:15:32.294 27948 27948 V threaded_app: Resume: 0xb9199670
04-13 01:15:32.294 27948 27966 V threaded_app: activityState=11
04-13 01:15:32.296  2059  2059 I Vlog    : PfxPrecog:WarmvCold:fgtracking=false;DV;1,key=cold;DV;1,Counter=1.000000;CT;1,unit=null;DV;1,metadata=version%235510%7Cmode%23active%7Cpkg%23com.example.sonicdash_stage1%7C;DV;1:HI
04-13 01:15:32.296  2059  2059 I Vlog    : PfxPrecog:AppTransition:fgtracking=false;DV;1,key=AppTransition;DV;1,Counter=1.000000;CT;1,unit=null;DV;1,metadata=version%235510%7Cprevious_package%23com.amazon.firelauncher%7Cnew_package%23com.example.sonicdash_stage1%7C;DV;1:HI
04-13 01:15:32.299   917  2246 W AmazonActivityManagerService: packageLifetimeHint: amazon.internal.SystemJumpTable$ProcessRecord@2641fa1 is active, cannot move
04-13 01:15:32.299  2059  2059 W Precog  : PackagePrewarmActor: Call to packageLifetimeHint failed, res = -1
04-13 01:15:32.300  2059  2059 I Vlog    : PfxPrecog:LruHint:fgtracking=false;DV;1,key=confidence;DV;1,Counter=1.000000;CT;1,unit=null;DV;1,metadata=version%235510%7Cpkg%23com.amazon.firelauncher%7C;DV;1:HI
04-13 01:15:32.300  2059  2059 I Vlog    : PfxPrecog:LruHint:fgtracking=false;DV;1,key=failure;DV;1,Counter=1.000000;CT;1,unit=null;DV;1,metadata=version%235510%7Cpkg%23com.amazon.firelauncher%7C;DV;1:HI
04-13 01:15:32.312   917  2114 V WindowManager: Adding window Window{168214dd u0 com.example.sonicdash_stage1/android.app.NativeActivity} at 2 of 9 (before Window{3dac978f u0 Starting com.example.sonicdash_stage1})
04-13 01:15:32.313 27948 27948 V threaded_app: InputQueueCreated: 0xb9199670 -- 0xb91a1b00
04-13 01:15:32.314 27948 27966 V threaded_app: APP_CMD_INPUT_CHANGED
04-13 01:15:32.314 27948 27966 V threaded_app: Attaching input queue to looper
04-13 01:15:32.300 27934 27934 I Kernel  : [47370.977272].(3)[27934:main]name:dev/ashmem/dalvik-main space unmap vm_start 12c00000  end: 12e01000
04-13 01:15:32.300 27934 27934 I Kernel  : [47370.978367].(3)[27934:main]name:dev/ashmem/dalvik-main space unmap vm_start 22c00000  end: 22c01000
04-13 01:15:32.342 27948 27948 V threaded_app: NativeWindowCreated: 0xb9199670 -- 0xb91a29f0
04-13 01:15:32.342 27948 27966 V threaded_app: APP_CMD_INIT_WINDOW
04-13 01:15:32.345 27948 27948 V threaded_app: WindowFocusChanged: 0xb9199670 -- 1
04-13 01:15:32.346 27948 27966 I HAL     : loaded HAL id=gralloc path=/system/lib/hw/gralloc.mt8127.so hmi=0x0 handle=0xadc9f694
04-13 01:15:32.347 27948 27966 I native-activity: EGL information on display 0x1
04-13 01:15:32.347 27948 27966 I native-activity: 		EGL_VENDOR: Android
04-13 01:15:32.347 27948 27966 I native-activity: 		EGL_VERSION: 1.4 Android META-EGL
04-13 01:15:32.347 27948 27966 I native-activity: 		EGL_CLIENT_APIS: OpenGL_ES
04-13 01:15:32.347 27948 27966 I native-activity: 		EGL_EXTENSIONS: EGL_KHR_get_all_proc_addresses EGL_ANDROID_presentation_time EGL_KHR_image EGL_KHR_image_base EGL_KHR_image_pixmap EGL_KHR_gl_texture_2D_image EGL_KHR_gl_texture_cubemap_image EGL_KHR_gl_renderbuffer_image EGL_KHR_fence_sync EGL_EXT_create_context_robustness EGL_ANDROID_image_native_buffer EGL_ANDROID_recordable 
04-13 01:15:32.347 27948 27966 D native-activity: EGL configurations 23
04-13 01:15:32.347 27948 27966 D native-activity: 	Config 0x60000001 index 0
04-13 01:15:32.347 27948 27966 V native-activity: 		EGL_CONFIG_ID: 5
04-13 01:15:32.347 27948 27966 V native-activity: 		EGL_CONFORMANT: 5 EGL_OPENGL_ES_BIT, EGL_OPENGL_ES2_BIT,
04-13 01:15:32.347 27948 27966 V native-activity: 		EGL_CONFIG_CAVEAT: 12344 EGL_NONE,
04-13 01:15:32.347 27948 27966 V native-activity: 		EGL_RENDERABLE_TYPE: 5 EGL_OPENGL_ES_BIT, EGL_OPENGL_ES2_BIT,
04-13 01:15:32.347 27948 27966 V native-activity: 		EGL_SURFACE_TYPE: 1031 EGL_PBUFFER_BIT, EGL_PIXMAP_BIT, EGL_SWAP_BEHAVIOR_PRESERVED_BIT, EGL_WINDOW_BIT,
04-13 01:15:32.347 27948 27966 V native-activity: 		EGL_LEVEL: 0
04-13 01:15:32.347 27948 27966 V native-activity: 		EGL_COLOR_BUFFER_TYPE: 12430 EGL_RGB_BUFFER,
04-13 01:15:32.347 27948 27966 V native-activity: 		EGL_BUFFER_SIZE: 16
04-13 01:15:32.347 27948 27966 V native-activity: 		EGL_SAMPLES: 0
04-13 01:15:32.347 27948 27966 V native-activity: 		EGL_SAMPLE_BUFFERS: 0
04-13 01:15:32.347 27948 27966 V native-activity: 		EGL_RED_SIZE: 5
04-13 01:15:32.347 27948 27966 V native-activity: 		EGL_GREEN_SIZE: 6
04-13 01:15:32.347 27948 27966 V native-activity: 		EGL_BLUE_SIZE: 5
04-13 01:15:32.347 27948 27966 V native-activity: 		EGL_ALPHA_SIZE: 0
04-13 01:15:32.347 27948 27966 V native-activity: 		EGL_ALPHA_MASK_SIZE: 0
04-13 01:15:32.347 27948 27966 V native-activity: 		EGL_LUMINANCE_SIZE: 0
04-13 01:15:32.347 27948 27966 V native-activity: 		EGL_TRANSPARENT_TYPE: 12344 EGL_NONE,
04-13 01:15:32.347 27948 27966 V native-activity: 		EGL_TRANSPARENT_RED_VALUE: -1
04-13 01:15:32.348 27948 27966 V native-activity: 		EGL_TRANSPARENT_GREEN_VALUE: -1
04-13 01:15:32.348 27948 27966 V native-activity: 		EGL_TRANSPARENT_BLUE_VALUE: -1
04-13 01:15:32.348 27948 27966 V native-activity: 		EGL_STENCIL_SIZE: 8
04-13 01:15:32.348 27948 27966 V native-activity: 		EGL_DEPTH_SIZE: 24
04-13 01:15:32.348 27948 27966 V native-activity: 		EGL_BIND_TO_TEXTURE_RGB: 1
04-13 01:15:32.348 27948 27966 V native-activity: 		EGL_BIND_TO_TEXTURE_RGBA: 0
04-13 01:15:32.348 27948 27966 V native-activity: 		EGL_MIN_SWAP_INTERVAL: 0
04-13 01:15:32.348 27948 27966 V native-activity: 		EGL_MAX_SWAP_INTERVAL: 10
04-13 01:15:32.348 27948 27966 V native-activity: 		EGL_MAX_PBUFFER_WIDTH: 4096
04-13 01:15:32.348 27948 27966 V native-activity: 		EGL_MAX_PBUFFER_HEIGHT: 4096
04-13 01:15:32.348 27948 27966 D native-activity: 	Config 0x60000002 index 1
04-13 01:15:32.348 27948 27966 V native-activity: 		EGL_CONFIG_ID: 3
04-13 01:15:32.348 27948 27966 V native-activity: 		EGL_CONFORMANT: 5 EGL_OPENGL_ES_BIT, EGL_OPENGL_ES2_BIT,
04-13 01:15:32.348 27948 27966 V native-activity: 		EGL_CONFIG_CAVEAT: 12344 EGL_NONE,
04-13 01:15:32.348 27948 27966 V native-activity: 		EGL_RENDERABLE_TYPE: 5 EGL_OPENGL_ES_BIT, EGL_OPENGL_ES2_BIT,
04-13 01:15:32.348 27948 27966 V native-activity: 		EGL_SURFACE_TYPE: 1543 EGL_MULTISAMPLE_RESOLVE_BOX_BIT, EGL_PBUFFER_BIT, EGL_PIXMAP_BIT, EGL_SWAP_BEHAVIOR_PRESERVED_BIT, EGL_WINDOW_BIT,
04-13 01:15:32.348 27948 27966 V native-activity: 		EGL_LEVEL: 0
04-13 01:15:32.348 27948 27966 V native-activity: 		EGL_COLOR_BUFFER_TYPE: 12430 EGL_RGB_BUFFER,
04-13 01:15:32.348 27948 27966 V native-activity: 		EGL_BUFFER_SIZE: 16
04-13 01:15:32.348 27948 27966 V native-activity: 		EGL_SAMPLES: 4
04-13 01:15:32.348 27948 27966 V native-activity: 		EGL_SAMPLE_BUFFERS: 1
04-13 01:15:32.348 27948 27966 V native-activity: 		EGL_RED_SIZE: 5
04-13 01:15:32.348 27948 27966 V native-activity: 		EGL_GREEN_SIZE: 6
04-13 01:15:32.348 27948 27966 V native-activity: 		EGL_BLUE_SIZE: 5
04-13 01:15:32.348 27948 27966 V native-activity: 		EGL_ALPHA_SIZE: 0
04-13 01:15:32.348 27948 27966 V native-activity: 		EGL_ALPHA_MASK_SIZE: 0
04-13 01:15:32.330 27948 27966 I Kernel  : [47371.005128]Mali<2>:
04-13 01:15:32.330 27948 27966 I Kernel  : Session started
04-13 01:15:32.348 27948 27966 V native-activity: 		EGL_LUMINANCE_SIZE: 0
04-13 01:15:32.348 27948 27966 V native-activity: 		EGL_TRANSPARENT_TYPE: 12344 EGL_NONE,
04-13 01:15:32.348 27948 27966 V native-activity: 		EGL_TRANSPARENT_RED_VALUE: -1
04-13 01:15:32.348 27948 27966 V native-activity: 		EGL_TRANSPARENT_GREEN_VALUE: -1
04-13 01:15:32.348 27948 27966 V native-activity: 		EGL_TRANSPARENT_BLUE_VALUE: -1
04-13 01:15:32.348 27948 27966 V native-activity: 		EGL_STENCIL_SIZE: 8
04-13 01:15:32.348 27948 27966 V native-activity: 		EGL_DEPTH_SIZE: 24
04-13 01:15:32.348 27948 27966 V native-activity: 		EGL_BIND_TO_TEXTURE_RGB: 1
04-13 01:15:32.348 27948 27966 V native-activity: 		EGL_BIND_TO_TEXTURE_RGBA: 0
04-13 01:15:32.348 27948 27966 V native-activity: 		EGL_MIN_SWAP_INTERVAL: 0
04-13 01:15:32.348 27948 27966 V native-activity: 		EGL_MAX_SWAP_INTERVAL: 10
04-13 01:15:32.348 27948 27966 V native-activity: 		EGL_MAX_PBUFFER_WIDTH: 4096
04-13 01:15:32.348 27948 27966 V native-activity: 		EGL_MAX_PBUFFER_HEIGHT: 4096
04-13 01:15:32.348 27948 27966 D native-activity: 	Config 0x60000003 index 2
04-13 01:15:32.348 27948 27966 V native-activity: 		EGL_CONFIG_ID: 4
04-13 01:15:32.348 27948 27966 V native-activity: 		EGL_CONFORMANT: 0
04-13 01:15:32.348 27948 27966 V native-activity: 		EGL_CONFIG_CAVEAT: 12369 EGL_NON_CONFORMANT_CONFIG,
04-13 01:15:32.348 27948 27966 V native-activity: 		EGL_RENDERABLE_TYPE: 5 EGL_OPENGL_ES_BIT, EGL_OPENGL_ES2_BIT,
04-13 01:15:32.348 27948 27966 V native-activity: 		EGL_SURFACE_TYPE: 1543 EGL_MULTISAMPLE_RESOLVE_BOX_BIT, EGL_PBUFFER_BIT, EGL_PIXMAP_BIT, EGL_SWAP_BEHAVIOR_PRESERVED_BIT, EGL_WINDOW_BIT,
04-13 01:15:32.348 27948 27966 V native-activity: 		EGL_LEVEL: 0
04-13 01:15:32.348 27948 27966 V native-activity: 		EGL_COLOR_BUFFER_TYPE: 12430 EGL_RGB_BUFFER,
04-13 01:15:32.348 27948 27966 V native-activity: 		EGL_BUFFER_SIZE: 16
04-13 01:15:32.348 27948 27966 V native-activity: 		EGL_SAMPLES: 16
04-13 01:15:32.349 27948 27966 V native-activity: 		EGL_SAMPLE_BUFFERS: 1
04-13 01:15:32.349 27948 27966 V native-activity: 		EGL_RED_SIZE: 5
04-13 01:15:32.349 27948 27966 V native-activity: 		EGL_GREEN_SIZE: 6
04-13 01:15:32.349 27948 27966 V native-activity: 		EGL_BLUE_SIZE: 5
04-13 01:15:32.349 27948 27966 V native-activity: 		EGL_ALPHA_SIZE: 0
04-13 01:15:32.349 27948 27966 V native-activity: 		EGL_ALPHA_MASK_SIZE: 0
04-13 01:15:32.349 27948 27966 V native-activity: 		EGL_LUMINANCE_SIZE: 0
04-13 01:15:32.349 27948 27966 V native-activity: 		EGL_TRANSPARENT_TYPE: 12344 EGL_NONE,
04-13 01:15:32.349 27948 27966 V native-activity: 		EGL_TRANSPARENT_RED_VALUE: -1
04-13 01:15:32.349 27948 27966 V native-activity: 		EGL_TRANSPARENT_GREEN_VALUE: -1
04-13 01:15:32.349 27948 27966 V native-activity: 		EGL_TRANSPARENT_BLUE_VALUE: -1
04-13 01:15:32.349 27948 27966 V native-activity: 		EGL_STENCIL_SIZE: 8
04-13 01:15:32.349 27948 27966 V native-activity: 		EGL_DEPTH_SIZE: 24
04-13 01:15:32.349 27948 27966 V native-activity: 		EGL_BIND_TO_TEXTURE_RGB: 1
04-13 01:15:32.349 27948 27966 V native-activity: 		EGL_BIND_TO_TEXTURE_RGBA: 0
04-13 01:15:32.349 27948 27966 V native-activity: 		EGL_MIN_SWAP_INTERVAL: 0
04-13 01:15:32.349 27948 27966 V native-activity: 		EGL_MAX_SWAP_INTERVAL: 10
04-13 01:15:32.349 27948 27966 V native-activity: 		EGL_MAX_PBUFFER_WIDTH: 4096
04-13 01:15:32.349 27948 27966 V native-activity: 		EGL_MAX_PBUFFER_HEIGHT: 4096
04-13 01:15:32.349 27948 27966 D native-activity: 	Config 0x60000004 index 3
04-13 01:15:32.349 27948 27966 V native-activity: 		EGL_CONFIG_ID: 19
04-13 01:15:32.349 27948 27966 V native-activity: 		EGL_CONFORMANT: 0
04-13 01:15:32.349 27948 27966 V native-activity: 		EGL_CONFIG_CAVEAT: 12369 EGL_NON_CONFORMANT_CONFIG,
04-13 01:15:32.349 27948 27966 V native-activity: 		EGL_RENDERABLE_TYPE: 5 EGL_OPENGL_ES_BIT, EGL_OPENGL_ES2_BIT,
04-13 01:15:32.349 27948 27966 V native-activity: 		EGL_SURFACE_TYPE: 1025 EGL_PBUFFER_BIT, EGL_SWAP_BEHAVIOR_PRESERVED_BIT,
04-13 01:15:32.349 27948 27966 V native-activity: 		EGL_LEVEL: 0
04-13 01:15:32.349 27948 27966 V native-activity: 		EGL_COLOR_BUFFER_TYPE: 12430 EGL_RGB_BUFFER,
04-13 01:15:32.349 27948 27966 V native-activity: 		EGL_BUFFER_SIZE: 16
04-13 01:15:32.349 27948 27966 V native-activity: 		EGL_SAMPLES: 0
04-13 01:15:32.349 27948 27966 V native-activity: 		EGL_SAMPLE_BUFFERS: 0
04-13 01:15:32.349 27948 27966 V native-activity: 		EGL_RED_SIZE: 5
04-13 01:15:32.349 27948 27966 V native-activity: 		EGL_GREEN_SIZE: 5
04-13 01:15:32.349 27948 27966 V native-activity: 		EGL_BLUE_SIZE: 5
04-13 01:15:32.349 27948 27966 V native-activity: 		EGL_ALPHA_SIZE: 1
04-13 01:15:32.349 27948 27966 V native-activity: 		EGL_ALPHA_MASK_SIZE: 0
04-13 01:15:32.349 27948 27966 V native-activity: 		EGL_LUMINANCE_SIZE: 0
04-13 01:15:32.349 27948 27966 V native-activity: 		EGL_TRANSPARENT_TYPE: 12344 EGL_NONE,
04-13 01:15:32.349 27948 27966 V native-activity: 		EGL_TRANSPARENT_RED_VALUE: -1
04-13 01:15:32.349 27948 27966 V native-activity: 		EGL_TRANSPARENT_GREEN_VALUE: -1
04-13 01:15:32.349 27948 27966 V native-activity: 		EGL_TRANSPARENT_BLUE_VALUE: -1
04-13 01:15:32.349 27948 27966 V native-activity: 		EGL_STENCIL_SIZE: 8
04-13 01:15:32.350 27948 27966 V native-activity: 		EGL_DEPTH_SIZE: 24
04-13 01:15:32.350 27948 27966 V native-activity: 		EGL_BIND_TO_TEXTURE_RGB: 1
04-13 01:15:32.350 27948 27966 V native-activity: 		EGL_BIND_TO_TEXTURE_RGBA: 1
04-13 01:15:32.350 27948 27966 V native-activity: 		EGL_MIN_SWAP_INTERVAL: 0
04-13 01:15:32.350 27948 27966 V native-activity: 		EGL_MAX_SWAP_INTERVAL: 10
04-13 01:15:32.350 27948 27966 V native-activity: 		EGL_MAX_PBUFFER_WIDTH: 4096
04-13 01:15:32.350 27948 27966 V native-activity: 		EGL_MAX_PBUFFER_HEIGHT: 4096
04-13 01:15:32.350 27948 27966 D native-activity: 	Config 0x60000005 index 4
04-13 01:15:32.350 27948 27966 V native-activity: 		EGL_CONFIG_ID: 18
04-13 01:15:32.350 27948 27966 V native-activity: 		EGL_CONFORMANT: 0
04-13 01:15:32.350 27948 27966 V native-activity: 		EGL_CONFIG_CAVEAT: 12369 EGL_NON_CONFORMANT_CONFIG,
04-13 01:15:32.350 27948 27966 V native-activity: 		EGL_RENDERABLE_TYPE: 5 EGL_OPENGL_ES_BIT, EGL_OPENGL_ES2_BIT,
04-13 01:15:32.350 27948 27966 V native-activity: 		EGL_SURFACE_TYPE: 1025 EGL_PBUFFER_BIT, EGL_SWAP_BEHAVIOR_PRESERVED_BIT,
04-13 01:15:32.350 27948 27966 V native-activity: 		EGL_LEVEL: 0
04-13 01:15:32.350 27948 27966 V native-activity: 		EGL_COLOR_BUFFER_TYPE: 12430 EGL_RGB_BUFFER,
04-13 01:15:32.350 27948 27966 V native-activity: 		EGL_BUFFER_SIZE: 16
04-13 01:15:32.350 27948 27966 V native-activity: 		EGL_SAMPLES: 4
04-13 01:15:32.350 27948 27966 V native-activity: 		EGL_SAMPLE_BUFFERS: 1
04-13 01:15:32.350 27948 27966 V native-activity: 		EGL_RED_SIZE: 5
04-13 01:15:32.350 27948 27966 V native-activity: 		EGL_GREEN_SIZE: 5
04-13 01:15:32.350 27948 27966 V native-activity: 		EGL_BLUE_SIZE: 5
04-13 01:15:32.350 27948 27966 V native-activity: 		EGL_ALPHA_SIZE: 1
04-13 01:15:32.350 27948 27966 V native-activity: 		EGL_ALPHA_MASK_SIZE: 0
04-13 01:15:32.350 27948 27966 V native-activity: 		EGL_LUMINANCE_SIZE: 0
04-13 01:15:32.350 27948 27966 V native-activity: 		EGL_TRANSPARENT_TYPE: 12344 EGL_NONE,
04-13 01:15:32.350 27948 27966 V native-activity: 		EGL_TRANSPARENT_RED_VALUE: -1
04-13 01:15:32.350 27948 27966 V native-activity: 		EGL_TRANSPARENT_GREEN_VALUE: -1
04-13 01:15:32.350 27948 27966 V native-activity: 		EGL_TRANSPARENT_BLUE_VALUE: -1
04-13 01:15:32.350 27948 27966 V native-activity: 		EGL_STENCIL_SIZE: 8
04-13 01:15:32.350 27948 27966 V native-activity: 		EGL_DEPTH_SIZE: 24
04-13 01:15:32.350 27948 27966 V native-activity: 		EGL_BIND_TO_TEXTURE_RGB: 1
04-13 01:15:32.350 27948 27966 V native-activity: 		EGL_BIND_TO_TEXTURE_RGBA: 1
04-13 01:15:32.350 27948 27966 V native-activity: 		EGL_MIN_SWAP_INTERVAL: 0
04-13 01:15:32.350 27948 27966 V native-activity: 		EGL_MAX_SWAP_INTERVAL: 10
04-13 01:15:32.350 27948 27966 V native-activity: 		EGL_MAX_PBUFFER_WIDTH: 4096
04-13 01:15:32.350 27948 27966 V native-activity: 		EGL_MAX_PBUFFER_HEIGHT: 4096
04-13 01:15:32.351 27948 27966 D native-activity: 	Config 0x60000006 index 5
04-13 01:15:32.351 27948 27966 V native-activity: 		EGL_CONFIG_ID: 20
04-13 01:15:32.351 27948 27966 V native-activity: 		EGL_CONFORMANT: 0
04-13 01:15:32.351 27948 27966 V native-activity: 		EGL_CONFIG_CAVEAT: 12369 EGL_NON_CONFORMANT_CONFIG,
04-13 01:15:32.351 27948 27966 V native-activity: 		EGL_RENDERABLE_TYPE: 5 EGL_OPENGL_ES_BIT, EGL_OPENGL_ES2_BIT,
04-13 01:15:32.351 27948 27966 V native-activity: 		EGL_SURFACE_TYPE: 1025 EGL_PBUFFER_BIT, EGL_SWAP_BEHAVIOR_PRESERVED_BIT,
04-13 01:15:32.351 27948 27966 V native-activity: 		EGL_LEVEL: 0
04-13 01:15:32.351 27948 27966 V native-activity: 		EGL_COLOR_BUFFER_TYPE: 12430 EGL_RGB_BUFFER,
04-13 01:15:32.351 27948 27966 V native-activity: 		EGL_BUFFER_SIZE: 16
04-13 01:15:32.351 27948 27966 V native-activity: 		EGL_SAMPLES: 16
04-13 01:15:32.351 27948 27966 V native-activity: 		EGL_SAMPLE_BUFFERS: 1
04-13 01:15:32.351 27948 27966 V native-activity: 		EGL_RED_SIZE: 5
04-13 01:15:32.351 27948 27966 V native-activity: 		EGL_GREEN_SIZE: 5
04-13 01:15:32.351 27948 27966 V native-activity: 		EGL_BLUE_SIZE: 5
04-13 01:15:32.351 27948 27966 V native-activity: 		EGL_ALPHA_SIZE: 1
04-13 01:15:32.351 27948 27966 V native-activity: 		EGL_ALPHA_MASK_SIZE: 0
04-13 01:15:32.351 27948 27966 V native-activity: 		EGL_LUMINANCE_SIZE: 0
04-13 01:15:32.351 27948 27966 V native-activity: 		EGL_TRANSPARENT_TYPE: 12344 EGL_NONE,
04-13 01:15:32.351 27948 27966 V native-activity: 		EGL_TRANSPARENT_RED_VALUE: -1
04-13 01:15:32.351 27948 27966 V native-activity: 		EGL_TRANSPARENT_GREEN_VALUE: -1
04-13 01:15:32.351 27948 27966 V native-activity: 		EGL_TRANSPARENT_BLUE_VALUE: -1
04-13 01:15:32.351 27948 27966 V native-activity: 		EGL_STENCIL_SIZE: 8
04-13 01:15:32.351 27948 27966 V native-activity: 		EGL_DEPTH_SIZE: 24
04-13 01:15:32.351 27948 27966 V native-activity: 		EGL_BIND_TO_TEXTURE_RGB: 1
04-13 01:15:32.351 27948 27966 V native-activity: 		EGL_BIND_TO_TEXTURE_RGBA: 1
04-13 01:15:32.351 27948 27966 V native-activity: 		EGL_MIN_SWAP_INTERVAL: 0
04-13 01:15:32.351 27948 27966 V native-activity: 		EGL_MAX_SWAP_INTERVAL: 10
04-13 01:15:32.351 27948 27966 V native-activity: 		EGL_MAX_PBUFFER_WIDTH: 4096
04-13 01:15:32.351 27948 27966 V native-activity: 		EGL_MAX_PBUFFER_HEIGHT: 4096
04-13 01:15:32.351 27948 27966 D native-activity: 	Config 0x60000007 index 6
04-13 01:15:32.351 27948 27966 V native-activity: 		EGL_CONFIG_ID: 21
04-13 01:15:32.351 27948 27966 V native-activity: 		EGL_CONFORMANT: 0
04-13 01:15:32.351 27948 27966 V native-activity: 		EGL_CONFIG_CAVEAT: 12369 EGL_NON_CONFORMANT_CONFIG,
04-13 01:15:32.351 27948 27966 V native-activity: 		EGL_RENDERABLE_TYPE: 5 EGL_OPENGL_ES_BIT, EGL_OPENGL_ES2_BIT,
04-13 01:15:32.351 27948 27966 V native-activity: 		EGL_SURFACE_TYPE: 1025 EGL_PBUFFER_BIT, EGL_SWAP_BEHAVIOR_PRESERVED_BIT,
04-13 01:15:32.351 27948 27966 V native-activity: 		EGL_LEVEL: 0
04-13 01:15:32.351 27948 27966 V native-activity: 		EGL_COLOR_BUFFER_TYPE: 12430 EGL_RGB_BUFFER,
04-13 01:15:32.351 27948 27966 V native-activity: 		EGL_BUFFER_SIZE: 16
04-13 01:15:32.351 27948 27966 V native-activity: 		EGL_SAMPLES: 0
04-13 01:15:32.351 27948 27966 V native-activity: 		EGL_SAMPLE_BUFFERS: 0
04-13 01:15:32.351 27948 27966 V native-activity: 		EGL_RED_SIZE: 4
04-13 01:15:32.351 27948 27966 V native-activity: 		EGL_GREEN_SIZE: 4
04-13 01:15:32.351 27948 27966 V native-activity: 		EGL_BLUE_SIZE: 4
04-13 01:15:32.351 27948 27966 V native-activity: 		EGL_ALPHA_SIZE: 4
04-13 01:15:32.352 27948 27966 V native-activity: 		EGL_ALPHA_MASK_SIZE: 0
04-13 01:15:32.352 27948 27966 V native-activity: 		EGL_LUMINANCE_SIZE: 0
04-13 01:15:32.352 27948 27966 V native-activity: 		EGL_TRANSPARENT_TYPE: 12344 EGL_NONE,
04-13 01:15:32.352 27948 27966 V native-activity: 		EGL_TRANSPARENT_RED_VALUE: -1
04-13 01:15:32.353 27948 27966 V native-activity: 		EGL_TRANSPARENT_GREEN_VALUE: -1
04-13 01:15:32.353 27948 27966 V native-activity: 		EGL_TRANSPARENT_BLUE_VALUE: -1
04-13 01:15:32.358   917   943 I Vlog    : Fluidity:cold_launch_time:fgtracking=false;DV;1,key=com.example.sonicdash_stage1/android.app.NativeActivity;DV;1,Timer=248.0;TI;1,unit=ms;DV;1:HI
04-13 01:15:32.358   917   943 I ActivityManager: Displayed com.example.sonicdash_stage1/android.app.NativeActivity: +248ms
04-13 01:15:32.359 27948 27966 V native-activity: 		EGL_STENCIL_SIZE: 8
04-13 01:15:32.359 27948 27966 V native-activity: 		EGL_DEPTH_SIZE: 24
04-13 01:15:32.359 27948 27966 V native-activity: 		EGL_BIND_TO_TEXTURE_RGB: 1
04-13 01:15:32.359 27948 27966 V native-activity: 		EGL_BIND_TO_TEXTURE_RGBA: 1
04-13 01:15:32.359 27948 27966 V native-activity: 		EGL_MIN_SWAP_INTERVAL: 0
04-13 01:15:32.359 27948 27966 V native-activity: 		EGL_MAX_SWAP_INTERVAL: 10
04-13 01:15:32.359 27948 27966 V native-activity: 		EGL_MAX_PBUFFER_WIDTH: 4096
04-13 01:15:32.359 27948 27966 V native-activity: 		EGL_MAX_PBUFFER_HEIGHT: 4096
04-13 01:15:32.360 27948 27966 D native-activity: 	Config 0x60000008 index 7
04-13 01:15:32.360 27948 27966 V native-activity: 		EGL_CONFIG_ID: 22
04-13 01:15:32.360 27948 27966 V native-activity: 		EGL_CONFORMANT: 0
04-13 01:15:32.360 27948 27966 V native-activity: 		EGL_CONFIG_CAVEAT: 12369 EGL_NON_CONFORMANT_CONFIG,
04-13 01:15:32.360 27948 27966 V native-activity: 		EGL_RENDERABLE_TYPE: 5 EGL_OPENGL_ES_BIT, EGL_OPENGL_ES2_BIT,
04-13 01:15:32.360 27948 27966 V native-activity: 		EGL_SURFACE_TYPE: 1025 EGL_PBUFFER_BIT, EGL_SWAP_BEHAVIOR_PRESERVED_BIT,
04-13 01:15:32.360 27948 27966 V native-activity: 		EGL_LEVEL: 0
04-13 01:15:32.360 27948 27966 V native-activity: 		EGL_COLOR_BUFFER_TYPE: 12430 EGL_RGB_BUFFER,
04-13 01:15:32.360 27948 27966 V native-activity: 		EGL_BUFFER_SIZE: 16
04-13 01:15:32.360 27948 27966 V native-activity: 		EGL_SAMPLES: 4
04-13 01:15:32.360 27948 27966 V native-activity: 		EGL_SAMPLE_BUFFERS: 1
04-13 01:15:32.360 27948 27966 V native-activity: 		EGL_RED_SIZE: 4
04-13 01:15:32.360 27948 27966 V native-activity: 		EGL_GREEN_SIZE: 4
04-13 01:15:32.360 27948 27966 V native-activity: 		EGL_BLUE_SIZE: 4
04-13 01:15:32.360 27948 27966 V native-activity: 		EGL_ALPHA_SIZE: 4
04-13 01:15:32.360 27948 27966 V native-activity: 		EGL_ALPHA_MASK_SIZE: 0
04-13 01:15:32.360 27948 27966 V native-activity: 		EGL_LUMINANCE_SIZE: 0
04-13 01:15:32.361   917  1055 I LoggerMetricsFactoryImpl: PhoneWindowManager:ActivityChanged:com.example.sonicdash_stage1=1.0;CT;1:NR
04-13 01:15:32.361 27948 27966 V native-activity: 		EGL_TRANSPARENT_TYPE: 12344 EGL_NONE,
04-13 01:15:32.361 27948 27966 V native-activity: 		EGL_TRANSPARENT_RED_VALUE: -1
04-13 01:15:32.361 27948 27966 V native-activity: 		EGL_TRANSPARENT_GREEN_VALUE: -1
04-13 01:15:32.361 27948 27966 V native-activity: 		EGL_TRANSPARENT_BLUE_VALUE: -1
04-13 01:15:32.361 27948 27966 V native-activity: 		EGL_STENCIL_SIZE: 8
04-13 01:15:32.361 27948 27966 V native-activity: 		EGL_DEPTH_SIZE: 24
04-13 01:15:32.361 27948 27966 V native-activity: 		EGL_BIND_TO_TEXTURE_RGB: 1
04-13 01:15:32.361 27948 27966 V native-activity: 		EGL_BIND_TO_TEXTURE_RGBA: 1
04-13 01:15:32.361 27948 27966 V native-activity: 		EGL_MIN_SWAP_INTERVAL: 0
04-13 01:15:32.361 27948 27966 V native-activity: 		EGL_MAX_SWAP_INTERVAL: 10
04-13 01:15:32.361 27948 27966 V native-activity: 		EGL_MAX_PBUFFER_WIDTH: 4096
04-13 01:15:32.361 27948 27966 V native-activity: 		EGL_MAX_PBUFFER_HEIGHT: 4096
04-13 01:15:32.361 27948 27966 D native-activity: 	Config 0x60000009 index 8
04-13 01:15:32.361 27948 27966 V native-activity: 		EGL_CONFIG_ID: 23
04-13 01:15:32.361 27948 27966 V native-activity: 		EGL_CONFORMANT: 0
04-13 01:15:32.361 27948 27966 V native-activity: 		EGL_CONFIG_CAVEAT: 12369 EGL_NON_CONFORMANT_CONFIG,
04-13 01:15:32.361 27948 27966 V native-activity: 		EGL_RENDERABLE_TYPE: 5 EGL_OPENGL_ES_BIT, EGL_OPENGL_ES2_BIT,
04-13 01:15:32.361 27948 27966 V native-activity: 		EGL_SURFACE_TYPE: 1025 EGL_PBUFFER_BIT, EGL_SWAP_BEHAVIOR_PRESERVED_BIT,
04-13 01:15:32.361 27948 27966 V native-activity: 		EGL_LEVEL: 0
04-13 01:15:32.361 27948 27966 V native-activity: 		EGL_COLOR_BUFFER_TYPE: 12430 EGL_RGB_BUFFER,
04-13 01:15:32.361 27948 27966 V native-activity: 		EGL_BUFFER_SIZE: 16
04-13 01:15:32.361 27948 27966 V native-activity: 		EGL_SAMPLES: 16
04-13 01:15:32.362 27948 27966 V native-activity: 		EGL_SAMPLE_BUFFERS: 1
04-13 01:15:32.362 27948 27966 V native-activity: 		EGL_RED_SIZE: 4
04-13 01:15:32.362 27948 27966 V native-activity: 		EGL_GREEN_SIZE: 4
04-13 01:15:32.362 27948 27966 V native-activity: 		EGL_BLUE_SIZE: 4
04-13 01:15:32.362 27948 27966 V native-activity: 		EGL_ALPHA_SIZE: 4
04-13 01:15:32.362 27948 27966 V native-activity: 		EGL_ALPHA_MASK_SIZE: 0
04-13 01:15:32.362 27948 27966 V native-activity: 		EGL_LUMINANCE_SIZE: 0
04-13 01:15:32.365 27948 27966 V native-activity: 		EGL_TRANSPARENT_TYPE: 12344 EGL_NONE,
04-13 01:15:32.365 27948 27966 V native-activity: 		EGL_TRANSPARENT_RED_VALUE: -1
04-13 01:15:32.365 27948 27966 V native-activity: 		EGL_TRANSPARENT_GREEN_VALUE: -1
04-13 01:15:32.365 27948 27966 V native-activity: 		EGL_TRANSPARENT_BLUE_VALUE: -1
04-13 01:15:32.365 27948 27966 V native-activity: 		EGL_STENCIL_SIZE: 8
04-13 01:15:32.365 27948 27966 V native-activity: 		EGL_DEPTH_SIZE: 24
04-13 01:15:32.365 27948 27966 V native-activity: 		EGL_BIND_TO_TEXTURE_RGB: 1
04-13 01:15:32.365 27948 27966 V native-activity: 		EGL_BIND_TO_TEXTURE_RGBA: 1
04-13 01:15:32.365 27948 27966 V native-activity: 		EGL_MIN_SWAP_INTERVAL: 0
04-13 01:15:32.365 27948 27966 V native-activity: 		EGL_MAX_SWAP_INTERVAL: 10
04-13 01:15:32.365 27948 27966 V native-activity: 		EGL_MAX_PBUFFER_WIDTH: 4096
04-13 01:15:32.365 27948 27966 V native-activity: 		EGL_MAX_PBUFFER_HEIGHT: 4096
04-13 01:15:32.365 27948 27966 D native-activity: 	Config 0x6000000a index 9
04-13 01:15:32.365 27948 27966 V native-activity: 		EGL_CONFIG_ID: 9
04-13 01:15:32.365 27948 27966 V native-activity: 		EGL_CONFORMANT: 5 EGL_OPENGL_ES_BIT, EGL_OPENGL_ES2_BIT,
04-13 01:15:32.365 27948 27966 V native-activity: 		EGL_CONFIG_CAVEAT: 12344 EGL_NONE,
04-13 01:15:32.365 27948 27966 V native-activity: 		EGL_RENDERABLE_TYPE: 5 EGL_OPENGL_ES_BIT, EGL_OPENGL_ES2_BIT,
04-13 01:15:32.365 27948 27966 V native-activity: 		EGL_SURFACE_TYPE: 1031 EGL_PBUFFER_BIT, EGL_PIXMAP_BIT, EGL_SWAP_BEHAVIOR_PRESERVED_BIT, EGL_WINDOW_BIT,
04-13 01:15:32.365 27948 27966 V native-activity: 		EGL_LEVEL: 0
04-13 01:15:32.365 27948 27966 V native-activity: 		EGL_COLOR_BUFFER_TYPE: 12430 EGL_RGB_BUFFER,
04-13 01:15:32.365 27948 27966 V native-activity: 		EGL_BUFFER_SIZE: 32
04-13 01:15:32.365 27948 27966 V native-activity: 		EGL_SAMPLES: 0
04-13 01:15:32.365 27948 27966 V native-activity: 		EGL_SAMPLE_BUFFERS: 0
04-13 01:15:32.365 27948 27966 V native-activity: 		EGL_RED_SIZE: 8
04-13 01:15:32.365 27948 27966 V native-activity: 		EGL_GREEN_SIZE: 8
04-13 01:15:32.365 27948 27966 V native-activity: 		EGL_BLUE_SIZE: 8
04-13 01:15:32.365 27948 27966 V native-activity: 		EGL_ALPHA_SIZE: 8
04-13 01:15:32.365 27948 27966 V native-activity: 		EGL_ALPHA_MASK_SIZE: 0
04-13 01:15:32.366 27948 27966 V native-activity: 		EGL_LUMINANCE_SIZE: 0
04-13 01:15:32.366 27948 27966 V native-activity: 		EGL_TRANSPARENT_TYPE: 12344 EGL_NONE,
04-13 01:15:32.366 27948 27966 V native-activity: 		EGL_TRANSPARENT_RED_VALUE: -1
04-13 01:15:32.366 27948 27966 V native-activity: 		EGL_TRANSPARENT_GREEN_VALUE: -1
04-13 01:15:32.366 27948 27966 V native-activity: 		EGL_TRANSPARENT_BLUE_VALUE: -1
04-13 01:15:32.366 27948 27966 V native-activity: 		EGL_STENCIL_SIZE: 8
04-13 01:15:32.366 27948 27966 V native-activity: 		EGL_DEPTH_SIZE: 24
04-13 01:15:32.366 27948 27966 V native-activity: 		EGL_BIND_TO_TEXTURE_RGB: 1
04-13 01:15:32.366 27948 27966 V native-activity: 		EGL_BIND_TO_TEXTURE_RGBA: 1
04-13 01:15:32.366 27948 27966 V native-activity: 		EGL_MIN_SWAP_INTERVAL: 0
04-13 01:15:32.366 27948 27966 V native-activity: 		EGL_MAX_SWAP_INTERVAL: 10
04-13 01:15:32.366 27948 27966 V native-activity: 		EGL_MAX_PBUFFER_WIDTH: 4096
04-13 01:15:32.366 27948 27966 V native-activity: 		EGL_MAX_PBUFFER_HEIGHT: 4096
04-13 01:15:32.366 27948 27966 D native-activity: 	Config 0x6000000b index 10
04-13 01:15:32.366 27948 27966 V native-activity: 		EGL_CONFIG_ID: 38
04-13 01:15:32.366 27948 27966 V native-activity: 		EGL_CONFORMANT: 5 EGL_OPENGL_ES_BIT, EGL_OPENGL_ES2_BIT,
04-13 01:15:32.366 27948 27966 V native-activity: 		EGL_CONFIG_CAVEAT: 12369 EGL_NON_CONFORMANT_CONFIG,
04-13 01:15:32.366 27948 27966 V native-activity: 		EGL_RENDERABLE_TYPE: 5 EGL_OPENGL_ES_BIT, EGL_OPENGL_ES2_BIT,
04-13 01:15:32.366 27948 27966 V native-activity: 		EGL_SURFACE_TYPE: 1031 EGL_PBUFFER_BIT, EGL_PIXMAP_BIT, EGL_SWAP_BEHAVIOR_PRESERVED_BIT, EGL_WINDOW_BIT,
04-13 01:15:32.366 27948 27966 V native-activity: 		EGL_LEVEL: 0
04-13 01:15:32.366 27948 27966 V native-activity: 		EGL_COLOR_BUFFER_TYPE: 12430 EGL_RGB_BUFFER,
04-13 01:15:32.366 27948 27966 V native-activity: 		EGL_BUFFER_SIZE: 32
04-13 01:15:32.366 27948 27966 V native-activity: 		EGL_SAMPLES: 0
04-13 01:15:32.366 27948 27966 V native-activity: 		EGL_SAMPLE_BUFFERS: 0
04-13 01:15:32.366 27948 27966 V native-activity: 		EGL_RED_SIZE: 8
04-13 01:15:32.366 27948 27966 V native-activity: 		EGL_GREEN_SIZE: 8
04-13 01:15:32.366 27948 27966 V native-activity: 		EGL_BLUE_SIZE: 8
04-13 01:15:32.366 27948 27966 V native-activity: 		EGL_ALPHA_SIZE: 0
04-13 01:15:32.366 27948 27966 V native-activity: 		EGL_ALPHA_MASK_SIZE: 0
04-13 01:15:32.366 27948 27966 V native-activity: 		EGL_LUMINANCE_SIZE: 0
04-13 01:15:32.366 27948 27966 V native-activity: 		EGL_TRANSPARENT_TYPE: 12344 EGL_NONE,
04-13 01:15:32.366 27948 27966 V native-activity: 		EGL_TRANSPARENT_RED_VALUE: -1
04-13 01:15:32.366 27948 27966 V native-activity: 		EGL_TRANSPARENT_GREEN_VALUE: -1
04-13 01:15:32.366 27948 27966 V native-activity: 		EGL_TRANSPARENT_BLUE_VALUE: -1
04-13 01:15:32.366 27948 27966 V native-activity: 		EGL_STENCIL_SIZE: 8
04-13 01:15:32.366 27948 27966 V native-activity: 		EGL_DEPTH_SIZE: 24
04-13 01:15:32.366 27948 27966 V native-activity: 		EGL_BIND_TO_TEXTURE_RGB: 1
04-13 01:15:32.366 27948 27966 V native-activity: 		EGL_BIND_TO_TEXTURE_RGBA: 1
04-13 01:15:32.366 27948 27966 V native-activity: 		EGL_MIN_SWAP_INTERVAL: 0
04-13 01:15:32.366 27948 27966 V native-activity: 		EGL_MAX_SWAP_INTERVAL: 10
04-13 01:15:32.366 27948 27966 V native-activity: 		EGL_MAX_PBUFFER_WIDTH: 4096
04-13 01:15:32.366 27948 27966 V native-activity: 		EGL_MAX_PBUFFER_HEIGHT: 4096
04-13 01:15:32.366 27948 27966 D native-activity: 	Config 0x6000000c index 11
04-13 01:15:32.366 27948 27966 V native-activity: 		EGL_CONFIG_ID: 12
04-13 01:15:32.366 27948 27966 V native-activity: 		EGL_CONFORMANT: 5 EGL_OPENGL_ES_BIT, EGL_OPENGL_ES2_BIT,
04-13 01:15:32.366 27948 27966 V native-activity: 		EGL_CONFIG_CAVEAT: 12344 EGL_NONE,
04-13 01:15:32.366 27948 27966 V native-activity: 		EGL_RENDERABLE_TYPE: 5 EGL_OPENGL_ES_BIT, EGL_OPENGL_ES2_BIT,
04-13 01:15:32.366 27948 27966 V native-activity: 		EGL_SURFACE_TYPE: 1543 EGL_MULTISAMPLE_RESOLVE_BOX_BIT, EGL_PBUFFER_BIT, EGL_PIXMAP_BIT, EGL_SWAP_BEHAVIOR_PRESERVED_BIT, EGL_WINDOW_BIT,
04-13 01:15:32.366 27948 27966 V native-activity: 		EGL_LEVEL: 0
04-13 01:15:32.367 27948 27966 V native-activity: 		EGL_COLOR_BUFFER_TYPE: 12430 EGL_RGB_BUFFER,
04-13 01:15:32.367 27948 27966 V native-activity: 		EGL_BUFFER_SIZE: 32
04-13 01:15:32.367 27948 27966 V native-activity: 		EGL_SAMPLES: 4
04-13 01:15:32.367 27948 27966 V native-activity: 		EGL_SAMPLE_BUFFERS: 1
04-13 01:15:32.367 27948 27966 V native-activity: 		EGL_RED_SIZE: 8
04-13 01:15:32.367 27948 27966 V native-activity: 		EGL_GREEN_SIZE: 8
04-13 01:15:32.367 27948 27966 V native-activity: 		EGL_BLUE_SIZE: 8
04-13 01:15:32.367 27948 27966 V native-activity: 		EGL_ALPHA_SIZE: 8
04-13 01:15:32.367 27948 27966 V native-activity: 		EGL_ALPHA_MASK_SIZE: 0
04-13 01:15:32.367 27948 27966 V native-activity: 		EGL_LUMINANCE_SIZE: 0
04-13 01:15:32.367 27948 27966 V native-activity: 		EGL_TRANSPARENT_TYPE: 12344 EGL_NONE,
04-13 01:15:32.367 27948 27966 V native-activity: 		EGL_TRANSPARENT_RED_VALUE: -1
04-13 01:15:32.367 27948 27966 V native-activity: 		EGL_TRANSPARENT_GREEN_VALUE: -1
04-13 01:15:32.367 27948 27966 V native-activity: 		EGL_TRANSPARENT_BLUE_VALUE: -1
04-13 01:15:32.367 27948 27966 V native-activity: 		EGL_STENCIL_SIZE: 8
04-13 01:15:32.367 27948 27966 V native-activity: 		EGL_DEPTH_SIZE: 24
04-13 01:15:32.367 27948 27966 V native-activity: 		EGL_BIND_TO_TEXTURE_RGB: 1
04-13 01:15:32.367 27948 27966 V native-activity: 		EGL_BIND_TO_TEXTURE_RGBA: 1
04-13 01:15:32.367 27948 27966 V native-activity: 		EGL_MIN_SWAP_INTERVAL: 0
04-13 01:15:32.367 27948 27966 V native-activity: 		EGL_MAX_SWAP_INTERVAL: 10
04-13 01:15:32.367 27948 27966 V native-activity: 		EGL_MAX_PBUFFER_WIDTH: 4096
04-13 01:15:32.367 27948 27966 V native-activity: 		EGL_MAX_PBUFFER_HEIGHT: 4096
04-13 01:15:32.367 27948 27966 D native-activity: 	Config 0x6000000d index 12
