04-13 00:41:54.068 22683 22716 I native-activity: Frame 489 time is 17.425ms
04-13 00:41:54.068 22683 22716 I native-activity: Doing egl_swapbuffers_sync 1
04-13 00:41:54.068 22683 22716 D native-activity: Reading pixels format 0x1908 type 0x1401 bpp 4
04-13 00:41:54.097 22683 22716 I native-activity: Read pixels, GL error is 0x0
04-13 00:41:54.097 22683 22716 I native-activity: Swap 489 time is 45.762ms
04-13 00:41:54.097 22683 22716 I native-activity: Animating
04-13 00:41:54.114 22683 22716 I native-activity: Frame 490 GL error is 0x0
04-13 00:41:54.114 22683 22716 I native-activity: Frame 490 time is 17.370ms
04-13 00:41:54.114 22683 22716 I native-activity: Doing egl_swapbuffers_sync 1
04-13 00:41:54.114 22683 22716 D native-activity: Reading pixels format 0x1908 type 0x1401 bpp 4
04-13 00:41:54.142 22683 22716 I native-activity: Read pixels, GL error is 0x0
04-13 00:41:54.143 22683 22716 I native-activity: Swap 490 time is 45.703ms
04-13 00:41:54.143 22683 22716 I native-activity: Animating
04-13 00:41:54.159 22683 22716 I native-activity: Frame 491 GL error is 0x0
04-13 00:41:54.159 22683 22716 I native-activity: Frame 491 time is 16.070ms
04-13 00:41:54.159 22683 22716 I native-activity: Doing egl_swapbuffers_sync 1
04-13 00:41:54.159 22683 22716 D native-activity: Reading pixels format 0x1908 type 0x1401 bpp 4
04-13 00:41:54.187 22683 22716 I native-activity: Read pixels, GL error is 0x0
04-13 00:41:54.187 22683 22716 I native-activity: Swap 491 time is 44.471ms
04-13 00:41:54.187 22683 22716 I native-activity: Animating
04-13 00:41:54.204 22683 22716 I native-activity: Frame 492 GL error is 0x0
04-13 00:41:54.204 22683 22716 I native-activity: Frame 492 time is 16.370ms
04-13 00:41:54.204 22683 22716 I native-activity: Doing egl_swapbuffers_sync 1
04-13 00:41:54.204 22683 22716 D native-activity: Reading pixels format 0x1908 type 0x1401 bpp 4
04-13 00:41:54.232 22683 22716 I native-activity: Read pixels, GL error is 0x0
04-13 00:41:54.232 22683 22716 I native-activity: Swap 492 time is 44.786ms
04-13 00:41:54.232 22683 22716 I native-activity: Animating
04-13 00:41:54.248 22683 22716 I native-activity: Frame 493 GL error is 0x0
04-13 00:41:54.249 22683 22716 I native-activity: Frame 493 time is 16.150ms
04-13 00:41:54.249 22683 22716 I native-activity: Doing egl_swapbuffers_sync 1
04-13 00:41:54.249 22683 22716 D native-activity: Reading pixels format 0x1908 type 0x1401 bpp 4
04-13 00:41:54.277 22683 22716 I native-activity: Read pixels, GL error is 0x0
04-13 00:41:54.277 22683 22716 I native-activity: Swap 493 time is 44.610ms
04-13 00:41:54.277 22683 22716 I native-activity: Animating
04-13 00:41:54.293 22683 22716 I native-activity: Frame 494 GL error is 0x0
04-13 00:41:54.294 22683 22716 I native-activity: Frame 494 time is 16.317ms
04-13 00:41:54.294 22683 22716 I native-activity: Doing egl_swapbuffers_sync 1
04-13 00:41:54.294 22683 22716 D native-activity: Reading pixels format 0x1908 type 0x1401 bpp 4
04-13 00:41:54.322 22683 22716 I native-activity: Read pixels, GL error is 0x0
04-13 00:41:54.322 22683 22716 I native-activity: Swap 494 time is 44.705ms
04-13 00:41:54.322 22683 22716 I native-activity: Animating
04-13 00:41:54.338 22683 22716 I native-activity: Frame 495 GL error is 0x0
04-13 00:41:54.338 22683 22716 I native-activity: Frame 495 time is 16.092ms
04-13 00:41:54.338 22683 22716 I native-activity: Doing egl_swapbuffers_sync 1
04-13 00:41:54.338 22683 22716 D native-activity: Reading pixels format 0x1908 type 0x1401 bpp 4
04-13 00:41:54.367 22683 22716 I native-activity: Read pixels, GL error is 0x0
04-13 00:41:54.367 22683 22716 I native-activity: Swap 495 time is 44.574ms
04-13 00:41:54.367 22683 22716 I native-activity: Animating
04-13 00:41:54.383 22683 22716 I native-activity: Frame 496 GL error is 0x0
04-13 00:41:54.383 22683 22716 I native-activity: Frame 496 time is 16.121ms
04-13 00:41:54.383 22683 22716 I native-activity: Doing egl_swapbuffers_sync 1
04-13 00:41:54.383 22683 22716 D native-activity: Reading pixels format 0x1908 type 0x1401 bpp 4
04-13 00:41:54.411 22683 22716 I native-activity: Read pixels, GL error is 0x0
04-13 00:41:54.411 22683 22716 I native-activity: Swap 496 time is 44.570ms
04-13 00:41:54.412 22683 22716 I native-activity: Animating
04-13 00:41:54.428 22683 22716 I native-activity: Frame 497 GL error is 0x0
04-13 00:41:54.428 22683 22716 I native-activity: Frame 497 time is 16.855ms
04-13 00:41:54.428 22683 22716 I native-activity: Doing egl_swapbuffers_sync 1
04-13 00:41:54.429 22683 22716 D native-activity: Reading pixels format 0x1908 type 0x1401 bpp 4
04-13 00:41:54.457 22683 22716 I native-activity: Read pixels, GL error is 0x0
04-13 00:41:54.457 22683 22716 I native-activity: Swap 497 time is 45.798ms
04-13 00:41:54.457 22683 22716 I native-activity: Animating
04-13 00:41:54.474 22683 22716 I native-activity: Frame 498 GL error is 0x0
04-13 00:41:54.474 22683 22716 I native-activity: Frame 498 time is 16.298ms
04-13 00:41:54.474 22683 22716 I native-activity: Doing egl_swapbuffers_sync 1
04-13 00:41:54.474 22683 22716 D native-activity: Reading pixels format 0x1908 type 0x1401 bpp 4
04-13 00:41:54.502 22683 22716 I native-activity: Read pixels, GL error is 0x0
04-13 00:41:54.502 22683 22716 I native-activity: Swap 498 time is 44.810ms
04-13 00:41:54.502 22683 22716 I native-activity: Animating
04-13 00:41:54.518 22683 22716 I native-activity: Frame 499 GL error is 0x0
04-13 00:41:54.518 22683 22716 I native-activity: Frame 499 time is 15.637ms
04-13 00:41:54.518 22683 22716 I native-activity: Doing egl_swapbuffers_sync 1
04-13 00:41:54.518 22683 22716 D native-activity: Reading pixels format 0x1908 type 0x1401 bpp 4
04-13 00:41:54.546 22683 22716 I native-activity: Read pixels, GL error is 0x0
04-13 00:41:54.547 22683 22716 I native-activity: Swap 499 time is 44.062ms
04-13 00:41:54.547 22683 22716 I native-activity: Animating
04-13 00:41:54.564 22683 22716 I native-activity: Frame 500 GL error is 0x0
04-13 00:41:54.564 22683 22716 I native-activity: Frame 500 time is 16.944ms
04-13 00:41:54.564 22683 22716 I native-activity: Doing egl_swapbuffers_sync 1
04-13 00:41:54.564 22683 22716 D native-activity: Reading pixels format 0x1908 type 0x1401 bpp 4
04-13 00:41:54.592 22683 22716 I native-activity: Read pixels, GL error is 0x0
04-13 00:41:54.592 22683 22716 I native-activity: Swap 500 time is 45.714ms
04-13 00:41:54.593 22683 22716 I native-activity: Animating
04-13 00:41:54.609 22683 22716 I native-activity: Frame 501 GL error is 0x0
04-13 00:41:54.609 22683 22716 I native-activity: Frame 501 time is 16.167ms
04-13 00:41:54.609 22683 22716 I native-activity: Doing egl_swapbuffers_sync 1
04-13 00:41:54.609 22683 22716 D native-activity: Reading pixels format 0x1908 type 0x1401 bpp 4
04-13 00:41:54.637 22683 22716 I native-activity: Read pixels, GL error is 0x0
04-13 00:41:54.637 22683 22716 I native-activity: Swap 501 time is 44.562ms
04-13 00:41:54.637 22683 22716 I native-activity: Animating
04-13 00:41:54.654 22683 22716 I native-activity: Frame 502 GL error is 0x0
04-13 00:41:54.654 22683 22716 I native-activity: Frame 502 time is 16.280ms
04-13 00:41:54.654 22683 22716 I native-activity: Doing egl_swapbuffers_sync 1
04-13 00:41:54.654 22683 22716 D native-activity: Reading pixels format 0x1908 type 0x1401 bpp 4
04-13 00:41:54.682 22683 22716 I native-activity: Read pixels, GL error is 0x0
04-13 00:41:54.682 22683 22716 I native-activity: Swap 502 time is 45.030ms
04-13 00:41:54.683 22683 22716 I native-activity: Animating
04-13 00:41:54.670  2159  2159 I Kernel  : [45353.342975].(1)[2159:wpa_supplicant]poorlink get state G(361606)F(49)dbad(0)dretry(0)LT(405)RT(-80)W(0)(12213)
04-13 00:41:54.670  2137  2137 I Kernel  : [45353.343077][wlan] nicTxReleaseResource: (TX STATE)
04-13 00:41:54.670  2137  2137 I Kernel  : Release: TC4 count 1, Free=4; TC5 count 0, Free=4
04-13 00:41:54.698 22683 22716 I native-activity: Frame 503 GL error is 0x0
04-13 00:41:54.698 22683 22716 I native-activity: Frame 503 time is 15.524ms
04-13 00:41:54.698 22683 22716 I native-activity: Doing egl_swapbuffers_sync 1
04-13 00:41:54.698 22683 22716 D native-activity: Reading pixels format 0x1908 type 0x1401 bpp 4
04-13 00:41:54.726 22683 22716 I native-activity: Read pixels, GL error is 0x0
04-13 00:41:54.726 22683 22716 I native-activity: Swap 503 time is 43.671ms
04-13 00:41:54.726 22683 22716 I native-activity: Animating
04-13 00:41:54.743 22683 22716 I native-activity: Frame 504 GL error is 0x0
04-13 00:41:54.743 22683 22716 I native-activity: Frame 504 time is 16.423ms
04-13 00:41:54.743 22683 22716 I native-activity: Doing egl_swapbuffers_sync 1
04-13 00:41:54.743 22683 22716 D native-activity: Reading pixels format 0x1908 type 0x1401 bpp 4
04-13 00:41:54.771 22683 22716 I native-activity: Read pixels, GL error is 0x0
04-13 00:41:54.771 22683 22716 I native-activity: Swap 504 time is 44.785ms
04-13 00:41:54.771 22683 22716 I native-activity: Animating
04-13 00:41:54.790 22683 22716 I native-activity: Frame 505 GL error is 0x0
04-13 00:41:54.790 22683 22716 I native-activity: Frame 505 time is 18.499ms
04-13 00:41:54.790 22683 22716 I native-activity: Doing egl_swapbuffers_sync 1
04-13 00:41:54.790 22683 22716 D native-activity: Reading pixels format 0x1908 type 0x1401 bpp 4
04-13 00:41:54.817 22683 22716 I native-activity: Read pixels, GL error is 0x0
04-13 00:41:54.817 22683 22716 I native-activity: Swap 505 time is 45.912ms
04-13 00:41:54.817 22683 22716 I native-activity: Animating
04-13 00:41:54.835 22683 22716 I native-activity: Frame 506 GL error is 0x0
04-13 00:41:54.835 22683 22716 I native-activity: Frame 506 time is 17.107ms
04-13 00:41:54.835 22683 22716 I native-activity: Doing egl_swapbuffers_sync 1
04-13 00:41:54.835 22683 22716 D native-activity: Reading pixels format 0x1908 type 0x1401 bpp 4
04-13 00:41:54.862 22683 22716 I native-activity: Read pixels, GL error is 0x0
04-13 00:41:54.862 22683 22716 I native-activity: Swap 506 time is 44.551ms
04-13 00:41:54.862 22683 22716 I native-activity: Animating
04-13 00:41:54.879 22683 22716 I native-activity: Frame 507 GL error is 0x0
04-13 00:41:54.879 22683 22716 I native-activity: Frame 507 time is 16.482ms
04-13 00:41:54.879 22683 22716 I native-activity: Doing egl_swapbuffers_sync 1
04-13 00:41:54.879 22683 22716 D native-activity: Reading pixels format 0x1908 type 0x1401 bpp 4
04-13 00:41:54.907 22683 22716 I native-activity: Read pixels, GL error is 0x0
04-13 00:41:54.907 22683 22716 I native-activity: Swap 507 time is 45.175ms
04-13 00:41:54.908 22683 22716 I native-activity: Animating
04-13 00:41:54.925 22683 22716 I native-activity: Frame 508 GL error is 0x0
04-13 00:41:54.925 22683 22716 I native-activity: Frame 508 time is 17.376ms
04-13 00:41:54.925 22683 22716 I native-activity: Doing egl_swapbuffers_sync 1
04-13 00:41:54.925 22683 22716 D native-activity: Reading pixels format 0x1908 type 0x1401 bpp 4
04-13 00:41:54.954 22683 22716 I native-activity: Read pixels, GL error is 0x0
04-13 00:41:54.954 22683 22716 I native-activity: Swap 508 time is 46.135ms
04-13 00:41:54.954 22683 22716 I native-activity: Animating
04-13 00:41:54.971 22683 22716 I native-activity: Frame 509 GL error is 0x0
04-13 00:41:54.971 22683 22716 I native-activity: Frame 509 time is 17.304ms
04-13 00:41:54.971 22683 22716 I native-activity: Doing egl_swapbuffers_sync 1
04-13 00:41:54.971 22683 22716 D native-activity: Reading pixels format 0x1908 type 0x1401 bpp 4
04-13 00:41:55.000 22683 22716 I native-activity: Read pixels, GL error is 0x0
04-13 00:41:55.000 22683 22716 I native-activity: Swap 509 time is 46.064ms
04-13 00:41:55.000 22683 22716 I native-activity: Animating
04-13 00:41:55.017 22683 22716 I native-activity: Frame 510 GL error is 0x0
04-13 00:41:55.018 22683 22716 I native-activity: Frame 510 time is 17.394ms
04-13 00:41:55.018 22683 22716 I native-activity: Doing egl_swapbuffers_sync 1
04-13 00:41:55.018 22683 22716 D native-activity: Reading pixels format 0x1908 type 0x1401 bpp 4
04-13 00:41:55.000    82    82 I Kernel  : [45353.677851].(0)[82:mtk charger_hv_]charging_reset_watch_dog_timer
04-13 00:41:55.000    82    82 I Kernel  : [45353.678778].(0)[82:mtk charger_hv_]array_size = 16 
04-13 00:41:55.046 22683 22716 I native-activity: Read pixels, GL error is 0x0
04-13 00:41:55.046 22683 22716 I native-activity: Swap 510 time is 45.926ms
04-13 00:41:55.046 22683 22716 I native-activity: Animating
04-13 00:41:55.064 22683 22716 I native-activity: Frame 511 GL error is 0x0
04-13 00:41:55.064 22683 22716 I native-activity: Frame 511 time is 18.211ms
04-13 00:41:55.065 22683 22716 I native-activity: Doing egl_swapbuffers_sync 1
04-13 00:41:55.065 22683 22716 D native-activity: Reading pixels format 0x1908 type 0x1401 bpp 4
04-13 00:41:55.093 22683 22716 I native-activity: Read pixels, GL error is 0x0
04-13 00:41:55.093 22683 22716 I native-activity: Swap 511 time is 46.750ms
04-13 00:41:55.093 22683 22716 I native-activity: Animating
04-13 00:41:55.112 22683 22716 I native-activity: Frame 512 GL error is 0x0
04-13 00:41:55.112 22683 22716 I native-activity: Frame 512 time is 18.704ms
04-13 00:41:55.112 22683 22716 I native-activity: Doing egl_swapbuffers_sync 1
04-13 00:41:55.112 22683 22716 D native-activity: Reading pixels format 0x1908 type 0x1401 bpp 4
04-13 00:41:55.140 22683 22716 I native-activity: Read pixels, GL error is 0x0
04-13 00:41:55.141 22683 22716 I native-activity: Swap 512 time is 47.797ms
04-13 00:41:55.141 22683 22716 I native-activity: Animating
04-13 00:41:55.157 22683 22716 I native-activity: Frame 513 GL error is 0x0
04-13 00:41:55.157 22683 22716 I native-activity: Frame 513 time is 15.993ms
04-13 00:41:55.157 22683 22716 I native-activity: Doing egl_swapbuffers_sync 1
04-13 00:41:55.157 22683 22716 D native-activity: Reading pixels format 0x1908 type 0x1401 bpp 4
04-13 00:41:55.185 22683 22716 I native-activity: Read pixels, GL error is 0x0
04-13 00:41:55.185 22683 22716 I native-activity: Swap 513 time is 43.935ms
04-13 00:41:55.185 22683 22716 I native-activity: Animating
04-13 00:41:55.204 22683 22716 I native-activity: Frame 514 GL error is 0x0
04-13 00:41:55.204 22683 22716 I native-activity: Frame 514 time is 18.410ms
04-13 00:41:55.204 22683 22716 I native-activity: Doing egl_swapbuffers_sync 1
04-13 00:41:55.204 22683 22716 D native-activity: Reading pixels format 0x1908 type 0x1401 bpp 4
04-13 00:41:55.232 22683 22716 I native-activity: Read pixels, GL error is 0x0
04-13 00:41:55.232 22683 22716 I native-activity: Swap 514 time is 47.002ms
04-13 00:41:55.232 22683 22716 I native-activity: Animating
04-13 00:41:55.250 22683 22716 I native-activity: Frame 515 GL error is 0x0
04-13 00:41:55.250 22683 22716 I native-activity: Frame 515 time is 17.069ms
04-13 00:41:55.250 22683 22716 I native-activity: Doing egl_swapbuffers_sync 1
04-13 00:41:55.250 22683 22716 D native-activity: Reading pixels format 0x1908 type 0x1401 bpp 4
04-13 00:41:55.279 22683 22716 I native-activity: Read pixels, GL error is 0x0
04-13 00:41:55.279 22683 22716 I native-activity: Swap 515 time is 46.108ms
04-13 00:41:55.279 22683 22716 I native-activity: Animating
04-13 00:41:55.295 22683 22716 I native-activity: Frame 516 GL error is 0x0
04-13 00:41:55.295 22683 22716 I native-activity: Frame 516 time is 16.669ms
04-13 00:41:55.296 22683 22716 I native-activity: Doing egl_swapbuffers_sync 1
04-13 00:41:55.296 22683 22716 D native-activity: Reading pixels format 0x1908 type 0x1401 bpp 4
04-13 00:41:55.324 22683 22716 I native-activity: Read pixels, GL error is 0x0
04-13 00:41:55.324 22683 22716 I native-activity: Swap 516 time is 45.185ms
04-13 00:41:55.324 22683 22716 I native-activity: Animating
04-13 00:41:55.342 22683 22716 I native-activity: Frame 517 GL error is 0x0
04-13 00:41:55.342 22683 22716 I native-activity: Frame 517 time is 17.574ms
04-13 00:41:55.342 22683 22716 I native-activity: Doing egl_swapbuffers_sync 1
04-13 00:41:55.342 22683 22716 D native-activity: Reading pixels format 0x1908 type 0x1401 bpp 4
04-13 00:41:55.371 22683 22716 I native-activity: Read pixels, GL error is 0x0
04-13 00:41:55.371 22683 22716 I native-activity: Swap 517 time is 46.788ms
04-13 00:41:55.371 22683 22716 I native-activity: Animating
04-13 00:41:55.387 22683 22716 I native-activity: Frame 518 GL error is 0x0
04-13 00:41:55.387 22683 22716 I native-activity: Frame 518 time is 16.289ms
04-13 00:41:55.387 22683 22716 I native-activity: Doing egl_swapbuffers_sync 1
04-13 00:41:55.388 22683 22716 D native-activity: Reading pixels format 0x1908 type 0x1401 bpp 4
04-13 00:41:55.416 22683 22716 I native-activity: Read pixels, GL error is 0x0
04-13 00:41:55.416 22683 22716 I native-activity: Swap 518 time is 45.142ms
04-13 00:41:55.416 22683 22716 I native-activity: Animating
04-13 00:41:55.435 22683 22716 I native-activity: Frame 519 GL error is 0x0
04-13 00:41:55.435 22683 22716 I native-activity: Frame 519 time is 18.764ms
04-13 00:41:55.435 22683 22716 I native-activity: Doing egl_swapbuffers_sync 1
04-13 00:41:55.435 22683 22716 D native-activity: Reading pixels format 0x1908 type 0x1401 bpp 4
04-13 00:41:55.463 22683 22716 I native-activity: Read pixels, GL error is 0x0
04-13 00:41:55.463 22683 22716 I native-activity: Swap 519 time is 46.889ms
04-13 00:41:55.464 22683 22716 I native-activity: Animating
04-13 00:41:55.483 22683 22716 I native-activity: Frame 520 GL error is 0x0
04-13 00:41:55.483 22683 22716 I native-activity: Frame 520 time is 19.427ms
04-13 00:41:55.483 22683 22716 I native-activity: Doing egl_swapbuffers_sync 1
04-13 00:41:55.483 22683 22716 D native-activity: Reading pixels format 0x1908 type 0x1401 bpp 4
04-13 00:41:55.511 22683 22716 I native-activity: Read pixels, GL error is 0x0
04-13 00:41:55.511 22683 22716 I native-activity: Swap 520 time is 47.736ms
04-13 00:41:55.511 22683 22716 I native-activity: Animating
04-13 00:41:55.528 22683 22716 I native-activity: Frame 521 GL error is 0x0
04-13 00:41:55.528 22683 22716 I native-activity: Frame 521 time is 16.406ms
04-13 00:41:55.528 22683 22716 I native-activity: Doing egl_swapbuffers_sync 1
04-13 00:41:55.528 22683 22716 D native-activity: Reading pixels format 0x1908 type 0x1401 bpp 4
04-13 00:41:55.557 22683 22716 I native-activity: Read pixels, GL error is 0x0
04-13 00:41:55.557 22683 22716 I native-activity: Swap 521 time is 45.199ms
04-13 00:41:55.557 22683 22716 I native-activity: Animating
04-13 00:41:55.573 22683 22716 I native-activity: Frame 522 GL error is 0x0
04-13 00:41:55.574 22683 22716 I native-activity: Frame 522 time is 16.671ms
04-13 00:41:55.574 22683 22716 I native-activity: Doing egl_swapbuffers_sync 1
04-13 00:41:55.574 22683 22716 D native-activity: Reading pixels format 0x1908 type 0x1401 bpp 4
04-13 00:41:55.602 22683 22716 I native-activity: Read pixels, GL error is 0x0
04-13 00:41:55.602 22683 22716 I native-activity: Swap 522 time is 45.426ms
04-13 00:41:55.602 22683 22716 I native-activity: Animating
04-13 00:41:55.620 22683 22716 I native-activity: Frame 523 GL error is 0x0
04-13 00:41:55.620 22683 22716 I native-activity: Frame 523 time is 17.185ms
04-13 00:41:55.620 22683 22716 I native-activity: Doing egl_swapbuffers_sync 1
04-13 00:41:55.620 22683 22716 D native-activity: Reading pixels format 0x1908 type 0x1401 bpp 4
04-13 00:41:55.648 22683 22716 I native-activity: Read pixels, GL error is 0x0
04-13 00:41:55.648 22683 22716 I native-activity: Swap 523 time is 45.902ms
04-13 00:41:55.649 22683 22716 I native-activity: Animating
04-13 00:41:55.665 22683 22716 I native-activity: Frame 524 GL error is 0x0
04-13 00:41:55.666 22683 22716 I native-activity: Frame 524 time is 16.975ms
04-13 00:41:55.666 22683 22716 I native-activity: Doing egl_swapbuffers_sync 1
04-13 00:41:55.666 22683 22716 D native-activity: Reading pixels format 0x1908 type 0x1401 bpp 4
04-13 00:41:55.695 22683 22716 I native-activity: Read pixels, GL error is 0x0
04-13 00:41:55.695 22683 22716 I native-activity: Swap 524 time is 46.264ms
04-13 00:41:55.695 22683 22716 I native-activity: Animating
04-13 00:41:55.711 22683 22716 I native-activity: Frame 525 GL error is 0x0
04-13 00:41:55.711 22683 22716 I native-activity: Frame 525 time is 15.905ms
04-13 00:41:55.711 22683 22716 I native-activity: Doing egl_swapbuffers_sync 1
04-13 00:41:55.711 22683 22716 D native-activity: Reading pixels format 0x1908 type 0x1401 bpp 4
04-13 00:41:55.740 22683 22716 I native-activity: Read pixels, GL error is 0x0
04-13 00:41:55.740 22683 22716 I native-activity: Swap 525 time is 44.936ms
04-13 00:41:55.740 22683 22716 I native-activity: Animating
04-13 00:41:55.782 22683 22716 I native-activity: Frame 526 GL error is 0x0
04-13 00:41:55.782 22683 22716 I native-activity: Frame 526 time is 41.831ms
04-13 00:41:55.782 22683 22716 I native-activity: Doing egl_swapbuffers_sync 1
04-13 00:41:55.782 22683 22716 D native-activity: Reading pixels format 0x1908 type 0x1401 bpp 4
04-13 00:41:55.812 22683 22716 I native-activity: Read pixels, GL error is 0x0
04-13 00:41:55.812 22683 22716 I native-activity: Swap 526 time is 71.663ms
04-13 00:41:55.812 22683 22716 I native-activity: Animating
04-13 00:41:55.834 22683 22716 I native-activity: Frame 527 GL error is 0x0
04-13 00:41:55.834 22683 22716 I native-activity: Frame 527 time is 21.770ms
04-13 00:41:55.834 22683 22716 I native-activity: Doing egl_swapbuffers_sync 1
04-13 00:41:55.834 22683 22716 D native-activity: Reading pixels format 0x1908 type 0x1401 bpp 4
04-13 00:41:55.863 22683 22716 I native-activity: Read pixels, GL error is 0x0
04-13 00:41:55.863 22683 22716 I native-activity: Swap 527 time is 51.105ms
04-13 00:41:55.863 22683 22716 I native-activity: Animating
04-13 00:41:55.889 22683 22716 I native-activity: Frame 528 GL error is 0x0
04-13 00:41:55.889 22683 22716 I native-activity: Frame 528 time is 25.997ms
04-13 00:41:55.889 22683 22716 I native-activity: Doing egl_swapbuffers_sync 1
04-13 00:41:55.889 22683 22716 D native-activity: Reading pixels format 0x1908 type 0x1401 bpp 4
04-13 00:41:55.919 22683 22716 I native-activity: Read pixels, GL error is 0x0
04-13 00:41:55.919 22683 22716 I native-activity: Swap 528 time is 55.441ms
04-13 00:41:55.919 22683 22716 I native-activity: Animating
04-13 00:41:55.947 22683 22716 I native-activity: Frame 529 GL error is 0x0
04-13 00:41:55.947 22683 22716 I native-activity: Frame 529 time is 28.429ms
04-13 00:41:55.947 22683 22716 I native-activity: Doing egl_swapbuffers_sync 1
04-13 00:41:55.947 22683 22716 D native-activity: Reading pixels format 0x1908 type 0x1401 bpp 4
04-13 00:41:55.977 22683 22716 I native-activity: Read pixels, GL error is 0x0
04-13 00:41:55.977 22683 22716 I native-activity: Swap 529 time is 58.264ms
04-13 00:41:55.977 22683 22716 I native-activity: Animating
04-13 00:41:55.970 22683 22716 I Kernel  : [45354.650559]-(0)[22716:Thread-7302]dpi vsync
04-13 00:41:56.002 22683 22716 I native-activity: Frame 530 GL error is 0x0
04-13 00:41:56.002 22683 22716 I native-activity: Frame 530 time is 24.619ms
04-13 00:41:56.002 22683 22716 I native-activity: Doing egl_swapbuffers_sync 1
04-13 00:41:56.002 22683 22716 D native-activity: Reading pixels format 0x1908 type 0x1401 bpp 4
04-13 00:41:56.000    82    82 I Kernel  : [45354.678889].(0)[82:mtk charger_hv_]charging_reset_watch_dog_timer
04-13 00:41:56.000    82    82 I Kernel  : [45354.679801].(0)[82:mtk charger_hv_]array_size = 16 
04-13 00:41:56.029 22683 22716 I native-activity: Read pixels, GL error is 0x0
04-13 00:41:56.030 22683 22716 I native-activity: Swap 530 time is 52.311ms
04-13 00:41:56.030 22683 22716 I native-activity: Animating
04-13 00:41:56.055 22683 22716 I native-activity: Frame 531 GL error is 0x0
04-13 00:41:56.055 22683 22716 I native-activity: Frame 531 time is 25.014ms
04-13 00:41:56.055 22683 22716 I native-activity: Doing egl_swapbuffers_sync 1
04-13 00:41:56.055 22683 22716 D native-activity: Reading pixels format 0x1908 type 0x1401 bpp 4
04-13 00:41:56.082 22683 22716 I native-activity: Read pixels, GL error is 0x0
04-13 00:41:56.082 22683 22716 I native-activity: Swap 531 time is 52.254ms
04-13 00:41:56.082 22683 22716 I native-activity: Animating
04-13 00:41:56.094 22683 22716 I native-activity: Frame 532 GL error is 0x0
04-13 00:41:56.095 22683 22716 I native-activity: Frame 532 time is 12.266ms
04-13 00:41:56.095 22683 22716 I native-activity: Doing egl_swapbuffers_sync 1
04-13 00:41:56.095 22683 22716 D native-activity: Reading pixels format 0x1908 type 0x1401 bpp 4
04-13 00:41:56.120 22683 22716 I native-activity: Read pixels, GL error is 0x0
04-13 00:41:56.120 22683 22716 I native-activity: Swap 532 time is 37.901ms
04-13 00:41:56.120 22683 22716 I native-activity: Animating
04-13 00:41:56.144 22683 22716 I native-activity: Frame 533 GL error is 0x0
04-13 00:41:56.144 22683 22716 I native-activity: Frame 533 time is 23.724ms
04-13 00:41:56.144 22683 22716 I native-activity: Doing egl_swapbuffers_sync 1
04-13 00:41:56.144 22683 22716 D native-activity: Reading pixels format 0x1908 type 0x1401 bpp 4
04-13 00:41:56.170 22683 22716 I native-activity: Read pixels, GL error is 0x0
04-13 00:41:56.170 22683 22716 I native-activity: Swap 533 time is 49.814ms
04-13 00:41:56.170 22683 22716 I native-activity: Animating
04-13 00:41:56.183 22683 22716 I native-activity: Frame 534 GL error is 0x0
04-13 00:41:56.183 22683 22716 I native-activity: Frame 534 time is 13.246ms
04-13 00:41:56.183 22683 22716 I native-activity: Doing egl_swapbuffers_sync 1
04-13 00:41:56.184 22683 22716 D native-activity: Reading pixels format 0x1908 type 0x1401 bpp 4
04-13 00:41:56.209 22683 22716 I native-activity: Read pixels, GL error is 0x0
04-13 00:41:56.209 22683 22716 I native-activity: Swap 534 time is 38.418ms
04-13 00:41:56.209 22683 22716 I native-activity: Animating
04-13 00:41:56.230 22683 22716 I native-activity: Frame 535 GL error is 0x0
04-13 00:41:56.230 22683 22716 I native-activity: Frame 535 time is 21.689ms
04-13 00:41:56.230 22683 22716 I native-activity: Doing egl_swapbuffers_sync 1
04-13 00:41:56.231 22683 22716 D native-activity: Reading pixels format 0x1908 type 0x1401 bpp 4
04-13 00:41:56.257 22683 22716 I native-activity: Read pixels, GL error is 0x0
04-13 00:41:56.257 22683 22716 I native-activity: Swap 535 time is 47.899ms
04-13 00:41:56.257 22683 22716 I native-activity: Animating
04-13 00:41:56.279 22683 22716 I native-activity: Frame 536 GL error is 0x0
04-13 00:41:56.279 22683 22716 I native-activity: Frame 536 time is 22.388ms
04-13 00:41:56.279 22683 22716 I native-activity: Doing egl_swapbuffers_sync 1
04-13 00:41:56.279 22683 22716 D native-activity: Reading pixels format 0x1908 type 0x1401 bpp 4
04-13 00:41:56.306 22683 22716 I native-activity: Read pixels, GL error is 0x0
04-13 00:41:56.306 22683 22716 I native-activity: Swap 536 time is 49.237ms
04-13 00:41:56.306 22683 22716 I native-activity: Animating
04-13 00:41:56.330 22683 22716 I native-activity: Frame 537 GL error is 0x0
04-13 00:41:56.330 22683 22716 I native-activity: Frame 537 time is 23.405ms
04-13 00:41:56.330 22683 22716 I native-activity: Doing egl_swapbuffers_sync 1
04-13 00:41:56.330 22683 22716 D native-activity: Reading pixels format 0x1908 type 0x1401 bpp 4
04-13 00:41:56.355 22683 22716 I native-activity: Read pixels, GL error is 0x0
04-13 00:41:56.355 22683 22716 I native-activity: Swap 537 time is 48.751ms
04-13 00:41:56.355 22683 22716 I native-activity: Animating
04-13 00:41:56.378 22683 22716 I native-activity: Frame 538 GL error is 0x0
04-13 00:41:56.378 22683 22716 I native-activity: Frame 538 time is 22.894ms
04-13 00:41:56.378 22683 22716 I native-activity: Doing egl_swapbuffers_sync 1
04-13 00:41:56.378 22683 22716 D native-activity: Reading pixels format 0x1908 type 0x1401 bpp 4
04-13 00:41:56.405 22683 22716 I native-activity: Read pixels, GL error is 0x0
04-13 00:41:56.405 22683 22716 I native-activity: Swap 538 time is 49.819ms
04-13 00:41:56.405 22683 22716 I native-activity: Animating
04-13 00:41:56.429 22683 22716 I native-activity: Frame 539 GL error is 0x0
04-13 00:41:56.429 22683 22716 I native-activity: Frame 539 time is 24.165ms
04-13 00:41:56.430 22683 22716 I native-activity: Doing egl_swapbuffers_sync 1
04-13 00:41:56.430 22683 22716 D native-activity: Reading pixels format 0x1908 type 0x1401 bpp 4
04-13 00:41:56.455 22683 22716 I native-activity: Read pixels, GL error is 0x0
04-13 00:41:56.455 22683 22716 I native-activity: Swap 539 time is 49.451ms
04-13 00:41:56.455 22683 22716 I native-activity: Animating
04-13 00:41:56.477 22683 22716 I native-activity: Frame 540 GL error is 0x0
04-13 00:41:56.477 22683 22716 I native-activity: Frame 540 time is 21.870ms
04-13 00:41:56.477 22683 22716 I native-activity: Doing egl_swapbuffers_sync 1
04-13 00:41:56.477 22683 22716 D native-activity: Reading pixels format 0x1908 type 0x1401 bpp 4
04-13 00:41:56.501 22683 22716 I native-activity: Read pixels, GL error is 0x0
04-13 00:41:56.502 22683 22716 I native-activity: Swap 540 time is 46.666ms
04-13 00:41:56.502 22683 22716 I native-activity: Animating
04-13 00:41:56.524 22683 22716 I native-activity: Frame 541 GL error is 0x0
04-13 00:41:56.524 22683 22716 I native-activity: Frame 541 time is 21.887ms
04-13 00:41:56.524 22683 22716 I native-activity: Doing egl_swapbuffers_sync 1
04-13 00:41:56.524 22683 22716 D native-activity: Reading pixels format 0x1908 type 0x1401 bpp 4
04-13 00:41:56.549 22683 22716 I native-activity: Read pixels, GL error is 0x0
04-13 00:41:56.549 22683 22716 I native-activity: Swap 541 time is 47.212ms
04-13 00:41:56.549 22683 22716 I native-activity: Animating
04-13 00:41:56.570 22683 22716 I native-activity: Frame 542 GL error is 0x0
04-13 00:41:56.570 22683 22716 I native-activity: Frame 542 time is 21.085ms
04-13 00:41:56.570 22683 22716 I native-activity: Doing egl_swapbuffers_sync 1
04-13 00:41:56.570 22683 22716 D native-activity: Reading pixels format 0x1908 type 0x1401 bpp 4
04-13 00:41:56.595 22683 22716 I native-activity: Read pixels, GL error is 0x0
04-13 00:41:56.596 22683 22716 I native-activity: Swap 542 time is 46.518ms
04-13 00:41:56.596 22683 22716 I native-activity: Animating
04-13 00:41:56.618 22683 22716 I native-activity: Frame 543 GL error is 0x0
04-13 00:41:56.618 22683 22716 I native-activity: Frame 543 time is 22.589ms
04-13 00:41:56.618 22683 22716 I native-activity: Doing egl_swapbuffers_sync 1
04-13 00:41:56.618 22683 22716 D native-activity: Reading pixels format 0x1908 type 0x1401 bpp 4
04-13 00:41:56.645 22683 22716 I native-activity: Read pixels, GL error is 0x0
04-13 00:41:56.646 22683 22716 I native-activity: Swap 543 time is 49.781ms
04-13 00:41:56.646 22683 22716 I native-activity: Animating
04-13 00:41:56.668 22683 22716 I native-activity: Frame 544 GL error is 0x0
04-13 00:41:56.668 22683 22716 I native-activity: Frame 544 time is 22.582ms
04-13 00:41:56.668 22683 22716 I native-activity: Doing egl_swapbuffers_sync 1
04-13 00:41:56.668 22683 22716 D native-activity: Reading pixels format 0x1908 type 0x1401 bpp 4
04-13 00:41:56.694 22683 22716 I native-activity: Read pixels, GL error is 0x0
04-13 00:41:56.694 22683 22716 I native-activity: Swap 544 time is 48.460ms
04-13 00:41:56.694 22683 22716 I native-activity: Animating
04-13 00:41:56.717 22683 22716 I native-activity: Frame 545 GL error is 0x0
04-13 00:41:56.717 22683 22716 I native-activity: Frame 545 time is 22.884ms
04-13 00:41:56.717 22683 22716 I native-activity: Doing egl_swapbuffers_sync 1
04-13 00:41:56.717 22683 22716 D native-activity: Reading pixels format 0x1908 type 0x1401 bpp 4
04-13 00:41:56.743 22683 22716 I native-activity: Read pixels, GL error is 0x0
04-13 00:41:56.743 22683 22716 I native-activity: Swap 545 time is 49.013ms
04-13 00:41:56.744 22683 22716 I native-activity: Animating
04-13 00:41:56.774 22683 22716 I native-activity: Frame 546 GL error is 0x0
04-13 00:41:56.774 22683 22716 I native-activity: Frame 546 time is 30.214ms
04-13 00:41:56.774 22683 22716 I native-activity: Doing egl_swapbuffers_sync 1
04-13 00:41:56.774 22683 22716 D native-activity: Reading pixels format 0x1908 type 0x1401 bpp 4
04-13 00:41:56.800 22683 22716 I native-activity: Read pixels, GL error is 0x0
04-13 00:41:56.800 22683 22716 I native-activity: Swap 546 time is 56.718ms
04-13 00:41:56.800 22683 22716 I native-activity: Animating
04-13 00:41:56.814 22683 22716 I native-activity: Frame 547 GL error is 0x0
04-13 00:41:56.814 22683 22716 I native-activity: Frame 547 time is 14.060ms
04-13 00:41:56.814 22683 22716 I native-activity: Doing egl_swapbuffers_sync 1
04-13 00:41:56.814 22683 22716 D native-activity: Reading pixels format 0x1908 type 0x1401 bpp 4
04-13 00:41:56.840 22683 22716 I native-activity: Read pixels, GL error is 0x0
04-13 00:41:56.840 22683 22716 I native-activity: Swap 547 time is 39.757ms
04-13 00:41:56.840 22683 22716 I native-activity: Animating
04-13 00:41:56.856 22683 22716 I native-activity: Frame 548 GL error is 0x0
04-13 00:41:56.856 22683 22716 I native-activity: Frame 548 time is 15.918ms
04-13 00:41:56.856 22683 22716 I native-activity: Doing egl_swapbuffers_sync 1
04-13 00:41:56.856 22683 22716 D native-activity: Reading pixels format 0x1908 type 0x1401 bpp 4
04-13 00:41:56.882 22683 22716 I native-activity: Read pixels, GL error is 0x0
04-13 00:41:56.883 22683 22716 I native-activity: Swap 548 time is 42.271ms
04-13 00:41:56.883 22683 22716 I native-activity: Animating
04-13 00:41:56.889 22683 22716 I native-activity: Frame 549 GL error is 0x0
04-13 00:41:56.890 22683 22716 I native-activity: Frame 549 time is 6.809ms
04-13 00:41:56.890 22683 22716 I native-activity: Doing egl_swapbuffers_sync 1
04-13 00:41:56.890 22683 22716 D native-activity: Reading pixels format 0x1908 type 0x1401 bpp 4
04-13 00:41:56.916 22683 22716 I native-activity: Read pixels, GL error is 0x0
04-13 00:41:56.916 22683 22716 I native-activity: Swap 549 time is 33.422ms
04-13 00:41:56.916 22683 22716 I native-activity: Animating
04-13 00:41:56.926 22683 22716 I native-activity: Frame 550 GL error is 0x0
04-13 00:41:56.926 22683 22716 I native-activity: Frame 550 time is 9.424ms
04-13 00:41:56.926 22683 22716 I native-activity: Doing egl_swapbuffers_sync 1
04-13 00:41:56.926 22683 22716 D native-activity: Reading pixels format 0x1908 type 0x1401 bpp 4
04-13 00:41:56.949 22683 22716 I native-activity: Read pixels, GL error is 0x0
04-13 00:41:56.950 22683 22716 I native-activity: Swap 550 time is 33.015ms
04-13 00:41:56.950 22683 22716 I native-activity: Animating
04-13 00:41:56.957 22683 22716 I native-activity: Frame 551 GL error is 0x0
04-13 00:41:56.957 22683 22716 I native-activity: Frame 551 time is 7.580ms
04-13 00:41:56.957 22683 22716 I native-activity: Doing egl_swapbuffers_sync 1
04-13 00:41:56.957 22683 22716 D native-activity: Reading pixels format 0x1908 type 0x1401 bpp 4
04-13 00:41:56.981 22683 22716 I native-activity: Read pixels, GL error is 0x0
04-13 00:41:56.982 22683 22716 I native-activity: Swap 551 time is 31.901ms
04-13 00:41:56.982 22683 22716 I native-activity: Animating
04-13 00:41:56.990 22683 22716 I native-activity: Frame 552 GL error is 0x0
04-13 00:41:56.990 22683 22716 I native-activity: Frame 552 time is 8.097ms
04-13 00:41:56.990 22683 22716 I native-activity: Doing egl_swapbuffers_sync 1
04-13 00:41:56.990 22683 22716 D native-activity: Reading pixels format 0x1908 type 0x1401 bpp 4
04-13 00:41:57.013 22683 22716 I native-activity: Read pixels, GL error is 0x0
04-13 00:41:57.013 22683 22716 I native-activity: Swap 552 time is 31.426ms
04-13 00:41:57.013 22683 22716 I native-activity: Animating
04-13 00:41:57.000    82    82 I Kernel  : [45355.679948].(0)[82:mtk charger_hv_]charging_reset_watch_dog_timer
04-13 00:41:57.000    82    82 I Kernel  : [45355.680911].(0)[82:mtk charger_hv_]array_size = 16 
04-13 00:41:57.022 22683 22716 I native-activity: Frame 553 GL error is 0x0
04-13 00:41:57.022 22683 22716 I native-activity: Frame 553 time is 9.027ms
04-13 00:41:57.022 22683 22716 I native-activity: Doing egl_swapbuffers_sync 1
04-13 00:41:57.023 22683 22716 D native-activity: Reading pixels format 0x1908 type 0x1401 bpp 4
04-13 00:41:57.046 22683 22716 I native-activity: Read pixels, GL error is 0x0
04-13 00:41:57.046 22683 22716 I native-activity: Swap 553 time is 32.712ms
04-13 00:41:57.046 22683 22716 I native-activity: Animating
04-13 00:41:57.052 22683 22716 I native-activity: Frame 554 GL error is 0x0
04-13 00:41:57.052 22683 22716 I native-activity: Frame 554 time is 5.879ms
04-13 00:41:57.052 22683 22716 I native-activity: Doing egl_swapbuffers_sync 1
04-13 00:41:57.052 22683 22716 D native-activity: Reading pixels format 0x1908 type 0x1401 bpp 4
04-13 00:41:57.075 22683 22716 I native-activity: Read pixels, GL error is 0x0
04-13 00:41:57.075 22683 22716 I native-activity: Swap 554 time is 29.148ms
04-13 00:41:57.076 22683 22716 I native-activity: Animating
04-13 00:41:57.084 22683 22716 I native-activity: Frame 555 GL error is 0x0
04-13 00:41:57.084 22683 22716 I native-activity: Frame 555 time is 8.055ms
04-13 00:41:57.084 22683 22716 I native-activity: Doing egl_swapbuffers_sync 1
04-13 00:41:57.084 22683 22716 D native-activity: Reading pixels format 0x1908 type 0x1401 bpp 4
04-13 00:41:57.107 22683 22716 I native-activity: Read pixels, GL error is 0x0
04-13 00:41:57.107 22683 22716 I native-activity: Swap 555 time is 31.185ms
04-13 00:41:57.107 22683 22716 I native-activity: Animating
04-13 00:41:57.114 22683 22716 I native-activity: Frame 556 GL error is 0x0
04-13 00:41:57.114 22683 22716 I native-activity: Frame 556 time is 7.433ms
04-13 00:41:57.114 22683 22716 I native-activity: Doing egl_swapbuffers_sync 1
04-13 00:41:57.114 22683 22716 D native-activity: Reading pixels format 0x1908 type 0x1401 bpp 4
04-13 00:41:57.137 22683 22716 I native-activity: Read pixels, GL error is 0x0
04-13 00:41:57.137 22683 22716 I native-activity: Swap 556 time is 30.439ms
04-13 00:41:57.138 22683 22716 I native-activity: Animating
04-13 00:41:57.145 22683 22716 I native-activity: Frame 557 GL error is 0x0
04-13 00:41:57.145 22683 22716 I native-activity: Frame 557 time is 7.851ms
04-13 00:41:57.145 22683 22716 I native-activity: Doing egl_swapbuffers_sync 1
04-13 00:41:57.146 22683 22716 D native-activity: Reading pixels format 0x1908 type 0x1401 bpp 4
04-13 00:41:57.168 22683 22716 I native-activity: Read pixels, GL error is 0x0
04-13 00:41:57.168 22683 22716 I native-activity: Swap 557 time is 30.904ms
04-13 00:41:57.169 22683 22716 I native-activity: Animating
04-13 00:41:57.176 22683 22716 I native-activity: Frame 558 GL error is 0x0
04-13 00:41:57.176 22683 22716 I native-activity: Frame 558 time is 7.263ms
04-13 00:41:57.176 22683 22716 I native-activity: Doing egl_swapbuffers_sync 1
04-13 00:41:57.176 22683 22716 D native-activity: Reading pixels format 0x1908 type 0x1401 bpp 4
04-13 00:41:57.200 22683 22716 I native-activity: Read pixels, GL error is 0x0
04-13 00:41:57.200 22683 22716 I native-activity: Swap 558 time is 31.715ms
04-13 00:41:57.201 22683 22716 I native-activity: Animating
04-13 00:41:57.208 22683 22716 I native-activity: Frame 559 GL error is 0x0
04-13 00:41:57.208 22683 22716 I native-activity: Frame 559 time is 7.379ms
04-13 00:41:57.208 22683 22716 I native-activity: Doing egl_swapbuffers_sync 1
04-13 00:41:57.208 22683 22716 D native-activity: Reading pixels format 0x1908 type 0x1401 bpp 4
04-13 00:41:57.232 22683 22716 I native-activity: Read pixels, GL error is 0x0
04-13 00:41:57.232 22683 22716 I native-activity: Swap 559 time is 31.441ms
04-13 00:41:57.232 22683 22716 I native-activity: Animating
04-13 00:41:57.237 22683 22716 I native-activity: Frame 560 GL error is 0x0
04-13 00:41:57.237 22683 22716 I native-activity: Frame 560 time is 5.262ms
04-13 00:41:57.237 22683 22716 I native-activity: Doing egl_swapbuffers_sync 1
04-13 00:41:57.238 22683 22716 D native-activity: Reading pixels format 0x1908 type 0x1401 bpp 4
04-13 00:41:57.262 22683 22716 I native-activity: Read pixels, GL error is 0x0
04-13 00:41:57.262 22683 22716 I native-activity: Swap 560 time is 29.543ms
04-13 00:41:57.262 22683 22716 I native-activity: Animating
04-13 00:41:57.275 22683 22716 I native-activity: Frame 561 GL error is 0x0
04-13 00:41:57.275 22683 22716 I native-activity: Frame 561 time is 13.081ms
04-13 00:41:57.275 22683 22716 I native-activity: Doing egl_swapbuffers_sync 1
04-13 00:41:57.275 22683 22716 D native-activity: Reading pixels format 0x1908 type 0x1401 bpp 4
04-13 00:41:57.300 22683 22716 I native-activity: Read pixels, GL error is 0x0
04-13 00:41:57.300 22683 22716 I native-activity: Swap 561 time is 37.920ms
04-13 00:41:57.300 22683 22716 I native-activity: Animating
04-13 00:41:57.311 22683 22716 I native-activity: Frame 562 GL error is 0x0
04-13 00:41:57.312 22683 22716 I native-activity: Frame 562 time is 11.543ms
04-13 00:41:57.312 22683 22716 I native-activity: Doing egl_swapbuffers_sync 1
04-13 00:41:57.312 22683 22716 D native-activity: Reading pixels format 0x1908 type 0x1401 bpp 4
04-13 00:41:57.335 22683 22716 I native-activity: Read pixels, GL error is 0x0
04-13 00:41:57.335 22683 22716 I native-activity: Swap 562 time is 35.158ms
04-13 00:41:57.335 22683 22716 I native-activity: Animating
04-13 00:41:57.348 22683 22716 I native-activity: Frame 563 GL error is 0x0
04-13 00:41:57.348 22683 22716 I native-activity: Frame 563 time is 13.154ms
04-13 00:41:57.348 22683 22716 I native-activity: Doing egl_swapbuffers_sync 1
04-13 00:41:57.349 22683 22716 D native-activity: Reading pixels format 0x1908 type 0x1401 bpp 4
04-13 00:41:57.373 22683 22716 I native-activity: Read pixels, GL error is 0x0
04-13 00:41:57.374 22683 22716 I native-activity: Swap 563 time is 38.281ms
04-13 00:41:57.374 22683 22716 I native-activity: Animating
04-13 00:41:57.385 22683 22716 I native-activity: Frame 564 GL error is 0x0
04-13 00:41:57.385 22683 22716 I native-activity: Frame 564 time is 11.069ms
04-13 00:41:57.385 22683 22716 I native-activity: Doing egl_swapbuffers_sync 1
04-13 00:41:57.385 22683 22716 D native-activity: Reading pixels format 0x1908 type 0x1401 bpp 4
04-13 00:41:57.410 22683 22716 I native-activity: Read pixels, GL error is 0x0
04-13 00:41:57.410 22683 22716 I native-activity: Swap 564 time is 36.114ms
04-13 00:41:57.410 22683 22716 I native-activity: Animating
04-13 00:41:57.423 22683 22716 I native-activity: Frame 565 GL error is 0x0
04-13 00:41:57.423 22683 22716 I native-activity: Frame 565 time is 13.020ms
04-13 00:41:57.423 22683 22716 I native-activity: Doing egl_swapbuffers_sync 1
04-13 00:41:57.423 22683 22716 D native-activity: Reading pixels format 0x1908 type 0x1401 bpp 4
04-13 00:41:57.448 22683 22716 I native-activity: Read pixels, GL error is 0x0
04-13 00:41:57.448 22683 22716 I native-activity: Swap 565 time is 38.172ms
04-13 00:41:57.448 22683 22716 I native-activity: Animating
04-13 00:41:57.461 22683 22716 I native-activity: Frame 566 GL error is 0x0
04-13 00:41:57.461 22683 22716 I native-activity: Frame 566 time is 12.455ms
04-13 00:41:57.461 22683 22716 I native-activity: Doing egl_swapbuffers_sync 1
04-13 00:41:57.461 22683 22716 D native-activity: Reading pixels format 0x1908 type 0x1401 bpp 4
04-13 00:41:57.485 22683 22716 I native-activity: Read pixels, GL error is 0x0
04-13 00:41:57.485 22683 22716 I native-activity: Swap 566 time is 36.655ms
04-13 00:41:57.485 22683 22716 I native-activity: Animating
04-13 00:41:57.504 22683 22716 I native-activity: Frame 567 GL error is 0x0
04-13 00:41:57.504 22683 22716 I native-activity: Frame 567 time is 18.495ms
04-13 00:41:57.504 22683 22716 I native-activity: Doing egl_swapbuffers_sync 1
04-13 00:41:57.504 22683 22716 D native-activity: Reading pixels format 0x1908 type 0x1401 bpp 4
04-13 00:41:57.528 22683 22716 I native-activity: Read pixels, GL error is 0x0
04-13 00:41:57.528 22683 22716 I native-activity: Swap 567 time is 42.665ms
04-13 00:41:57.528 22683 22716 I native-activity: Animating
04-13 00:41:57.540 22683 22716 I native-activity: Frame 568 GL error is 0x0
04-13 00:41:57.541 22683 22716 I native-activity: Frame 568 time is 12.395ms
04-13 00:41:57.541 22683 22716 I native-activity: Doing egl_swapbuffers_sync 1
04-13 00:41:57.541 22683 22716 D native-activity: Reading pixels format 0x1908 type 0x1401 bpp 4
04-13 00:41:57.566 22683 22716 I native-activity: Read pixels, GL error is 0x0
04-13 00:41:57.566 22683 22716 I native-activity: Swap 568 time is 38.014ms
04-13 00:41:57.566 22683 22716 I native-activity: Animating
04-13 00:41:57.580 22683 22716 I native-activity: Frame 569 GL error is 0x0
04-13 00:41:57.580 22683 22716 I native-activity: Frame 569 time is 13.443ms
04-13 00:41:57.581 22683 22716 I native-activity: Doing egl_swapbuffers_sync 1
04-13 00:41:57.581 22683 22716 D native-activity: Reading pixels format 0x1908 type 0x1401 bpp 4
04-13 00:41:57.605 22683 22716 I native-activity: Read pixels, GL error is 0x0
04-13 00:41:57.606 22683 22716 I native-activity: Swap 569 time is 39.230ms
04-13 00:41:57.606 22683 22716 I native-activity: Animating
04-13 00:41:57.617 22683 22716 I native-activity: Frame 570 GL error is 0x0
04-13 00:41:57.617 22683 22716 I native-activity: Frame 570 time is 11.604ms
04-13 00:41:57.617 22683 22716 I native-activity: Doing egl_swapbuffers_sync 1
04-13 00:41:57.617 22683 22716 D native-activity: Reading pixels format 0x1908 type 0x1401 bpp 4
04-13 00:41:57.642 22683 22716 I native-activity: Read pixels, GL error is 0x0
04-13 00:41:57.642 22683 22716 I native-activity: Swap 570 time is 36.403ms
04-13 00:41:57.642 22683 22716 I native-activity: Animating
04-13 00:41:57.655 22683 22716 I native-activity: Frame 571 GL error is 0x0
04-13 00:41:57.655 22683 22716 I native-activity: Frame 571 time is 13.124ms
04-13 00:41:57.655 22683 22716 I native-activity: Doing egl_swapbuffers_sync 1
04-13 00:41:57.655 22683 22716 D native-activity: Reading pixels format 0x1908 type 0x1401 bpp 4
04-13 00:41:57.680 22683 22716 I native-activity: Read pixels, GL error is 0x0
04-13 00:41:57.680 22683 22716 I native-activity: Swap 571 time is 37.438ms
04-13 00:41:57.680 22683 22716 I native-activity: Animating
04-13 00:41:57.696 22683 22716 I native-activity: Frame 572 GL error is 0x0
04-13 00:41:57.696 22683 22716 I native-activity: Frame 572 time is 15.958ms
04-13 00:41:57.696 22683 22716 I native-activity: Doing egl_swapbuffers_sync 1
04-13 00:41:57.696 22683 22716 D native-activity: Reading pixels format 0x1908 type 0x1401 bpp 4
04-13 00:41:57.706  1787  1787 I AmazonLocationController: onWifiSignalChanged : connected : true
04-13 00:41:57.690  2137  2137 I Kernel  : [45356.362986][wlan] nicTxReleaseResource: (TX STATE)
04-13 00:41:57.690  2137  2137 I Kernel  : Release: TC4 count 1, Free=4; TC5 count 0, Free=4
04-13 00:41:57.690  2159  2159 I Kernel  : [45356.363426].(1)[2159:wpa_supplicant]poorlink get state G(361606)F(49)dbad(0)dretry(0)LT(540)RT(-76)W(0)(12214)
04-13 00:41:57.690  2137  2137 I Kernel  : [45356.363507][wlan] nicTxReleaseResource: (TX STATE)
04-13 00:41:57.690  2137  2137 I Kernel  : Release: TC4 count 1, Free=4; TC5 count 0, Free=4
04-13 00:41:57.722 22683 22716 I native-activity: Read pixels, GL error is 0x0
04-13 00:41:57.722 22683 22716 I native-activity: Swap 572 time is 42.143ms
04-13 00:41:57.723 22683 22716 I native-activity: Animating
04-13 00:41:57.738 22683 22716 I native-activity: Frame 573 GL error is 0x0
04-13 00:41:57.738 22683 22716 I native-activity: Frame 573 time is 15.397ms
04-13 00:41:57.738 22683 22716 I native-activity: Doing egl_swapbuffers_sync 1
04-13 00:41:57.738 22683 22716 D native-activity: Reading pixels format 0x1908 type 0x1401 bpp 4
04-13 00:41:57.763 22683 22716 I native-activity: Read pixels, GL error is 0x0
04-13 00:41:57.763 22683 22716 I native-activity: Swap 573 time is 40.471ms
04-13 00:41:57.763 22683 22716 I native-activity: Animating
04-13 00:41:57.771 22683 22716 I native-activity: Frame 574 GL error is 0x0
04-13 00:41:57.771 22683 22716 I native-activity: Frame 574 time is 8.323ms
04-13 00:41:57.771 22683 22716 I native-activity: Doing egl_swapbuffers_sync 1
04-13 00:41:57.772 22683 22716 D native-activity: Reading pixels format 0x1908 type 0x1401 bpp 4
04-13 00:41:57.797 22683 22716 I native-activity: Read pixels, GL error is 0x0
04-13 00:41:57.797 22683 22716 I native-activity: Swap 574 time is 33.756ms
04-13 00:41:57.797 22683 22716 I native-activity: Animating
04-13 00:41:57.813 22683 22716 I native-activity: Frame 575 GL error is 0x0
04-13 00:41:57.813 22683 22716 I native-activity: Frame 575 time is 16.017ms
04-13 00:41:57.813 22683 22716 I native-activity: Doing egl_swapbuffers_sync 1
04-13 00:41:57.813 22683 22716 D native-activity: Reading pixels format 0x1908 type 0x1401 bpp 4
