04-13 00:40:52.243 22291 22324 I native-activity: Swap 602 time is 28.092ms
04-13 00:40:52.243 22291 22324 I native-activity: Animating
04-13 00:40:52.256 22291 22324 I native-activity: Frame 603 GL error is 0x0
04-13 00:40:52.256 22291 22324 I native-activity: Frame 603 time is 13.386ms
04-13 00:40:52.271 22291 22324 I native-activity: Swap 603 time is 28.074ms
04-13 00:40:52.271 22291 22324 I native-activity: Animating
04-13 00:40:52.285 22291 22324 I native-activity: Frame 604 GL error is 0x0
04-13 00:40:52.285 22291 22324 I native-activity: Frame 604 time is 13.787ms
04-13 00:40:52.300 22291 22324 I native-activity: Swap 604 time is 28.381ms
04-13 00:40:52.300 22291 22324 I native-activity: Animating
04-13 00:40:52.314 22291 22324 I native-activity: Frame 605 GL error is 0x0
04-13 00:40:52.314 22291 22324 I native-activity: Frame 605 time is 14.373ms
04-13 00:40:52.329 22291 22324 I native-activity: Swap 605 time is 29.172ms
04-13 00:40:52.329 22291 22324 I native-activity: Animating
04-13 00:40:52.342 22291 22324 I native-activity: Frame 606 GL error is 0x0
04-13 00:40:52.342 22291 22324 I native-activity: Frame 606 time is 12.567ms
04-13 00:40:52.356 22291 22324 I native-activity: Swap 606 time is 26.559ms
04-13 00:40:52.356 22291 22324 I native-activity: Animating
04-13 00:40:52.367 22291 22324 I native-activity: Frame 607 GL error is 0x0
04-13 00:40:52.367 22291 22324 I native-activity: Frame 607 time is 10.908ms
04-13 00:40:52.380 22291 22324 I native-activity: Swap 607 time is 23.927ms
04-13 00:40:52.380 22291 22324 I native-activity: Animating
04-13 00:40:52.391 22291 22324 I native-activity: Frame 608 GL error is 0x0
04-13 00:40:52.391 22291 22324 I native-activity: Frame 608 time is 11.333ms
04-13 00:40:52.404 22291 22324 I native-activity: Swap 608 time is 24.402ms
04-13 00:40:52.404 22291 22324 I native-activity: Animating
04-13 00:40:52.422 22291 22324 I native-activity: Frame 609 GL error is 0x0
04-13 00:40:52.422 22291 22324 I native-activity: Frame 609 time is 17.480ms
04-13 00:40:52.437 22291 22324 I native-activity: Swap 609 time is 32.071ms
04-13 00:40:52.437 22291 22324 I native-activity: Animating
04-13 00:40:52.463 22291 22324 I native-activity: Frame 610 GL error is 0x0
04-13 00:40:52.463 22291 22324 I native-activity: Frame 610 time is 26.638ms
04-13 00:40:52.477 22291 22324 I native-activity: Swap 610 time is 39.785ms
04-13 00:40:52.477 22291 22324 I native-activity: Animating
04-13 00:40:52.497 22291 22324 I native-activity: Frame 611 GL error is 0x0
04-13 00:40:52.497 22291 22324 I native-activity: Frame 611 time is 20.348ms
04-13 00:40:52.511 22291 22324 I native-activity: Swap 611 time is 33.855ms
04-13 00:40:52.511 22291 22324 I native-activity: Animating
04-13 00:40:52.530 22291 22324 I native-activity: Frame 612 GL error is 0x0
04-13 00:40:52.530 22291 22324 I native-activity: Frame 612 time is 19.347ms
04-13 00:40:52.544 22291 22324 I native-activity: Swap 612 time is 32.773ms
04-13 00:40:52.544 22291 22324 I native-activity: Animating
04-13 00:40:52.592 22291 22324 I native-activity: Frame 613 GL error is 0x0
04-13 00:40:52.592 22291 22324 I native-activity: Frame 613 time is 47.814ms
04-13 00:40:52.606 22291 22324 I native-activity: Swap 613 time is 62.443ms
04-13 00:40:52.606 22291 22324 I native-activity: Animating
04-13 00:40:52.618 22291 22324 I native-activity: Frame 614 GL error is 0x0
04-13 00:40:52.618 22291 22324 I native-activity: Frame 614 time is 11.480ms
04-13 00:40:52.631 22291 22324 I native-activity: Swap 614 time is 24.626ms
04-13 00:40:52.631 22291 22324 I native-activity: Animating
04-13 00:40:52.638 22291 22324 I native-activity: Frame 615 GL error is 0x0
04-13 00:40:52.638 22291 22324 I native-activity: Frame 615 time is 6.517ms
04-13 00:40:52.651 22291 22324 I native-activity: Swap 615 time is 19.578ms
04-13 00:40:52.651 22291 22324 I native-activity: Animating
04-13 00:40:52.658 22291 22324 I native-activity: Frame 616 GL error is 0x0
04-13 00:40:52.658 22291 22324 I native-activity: Frame 616 time is 7.091ms
04-13 00:40:52.671 22291 22324 I native-activity: Swap 616 time is 20.079ms
04-13 00:40:52.671 22291 22324 I native-activity: Animating
04-13 00:40:52.685 22291 22324 I native-activity: Frame 617 GL error is 0x0
04-13 00:40:52.685 22291 22324 I native-activity: Frame 617 time is 13.738ms
04-13 00:40:52.698 22291 22324 I native-activity: Swap 617 time is 27.142ms
04-13 00:40:52.698 22291 22324 I native-activity: Animating
04-13 00:40:52.712 22291 22324 I native-activity: Frame 618 GL error is 0x0
04-13 00:40:52.712 22291 22324 I native-activity: Frame 618 time is 13.616ms
04-13 00:40:52.725 22291 22324 I native-activity: Swap 618 time is 26.293ms
04-13 00:40:52.725 22291 22324 I native-activity: Animating
04-13 00:40:52.739 22291 22324 I native-activity: Frame 619 GL error is 0x0
04-13 00:40:52.739 22291 22324 I native-activity: Frame 619 time is 13.792ms
04-13 00:40:52.752 22291 22324 I native-activity: Swap 619 time is 27.221ms
04-13 00:40:52.752 22291 22324 I native-activity: Animating
04-13 00:40:52.766 22291 22324 I native-activity: Frame 620 GL error is 0x0
04-13 00:40:52.766 22291 22324 I native-activity: Frame 620 time is 13.691ms
04-13 00:40:52.779 22291 22324 I native-activity: Swap 620 time is 26.186ms
04-13 00:40:52.779 22291 22324 I native-activity: Animating
04-13 00:40:52.793 22291 22324 I native-activity: Frame 621 GL error is 0x0
04-13 00:40:52.793 22291 22324 I native-activity: Frame 621 time is 14.416ms
04-13 00:40:52.806 22291 22324 I native-activity: Swap 621 time is 26.839ms
04-13 00:40:52.806 22291 22324 I native-activity: Animating
04-13 00:40:52.819 22291 22324 I native-activity: Frame 622 GL error is 0x0
04-13 00:40:52.819 22291 22324 I native-activity: Frame 622 time is 13.352ms
04-13 00:40:52.831 22291 22324 I native-activity: Swap 622 time is 25.657ms
04-13 00:40:52.832 22291 22324 I native-activity: Animating
04-13 00:40:52.845 22291 22324 I native-activity: Frame 623 GL error is 0x0
04-13 00:40:52.846 22291 22324 I native-activity: Frame 623 time is 13.898ms
04-13 00:40:52.858 22291 22324 I native-activity: Swap 623 time is 26.668ms
04-13 00:40:52.858 22291 22324 I native-activity: Animating
04-13 00:40:52.872 22291 22324 I native-activity: Frame 624 GL error is 0x0
04-13 00:40:52.872 22291 22324 I native-activity: Frame 624 time is 13.751ms
04-13 00:40:52.885 22291 22324 I native-activity: Swap 624 time is 26.184ms
04-13 00:40:52.885 22291 22324 I native-activity: Animating
04-13 00:40:52.898 22291 22324 I native-activity: Frame 625 GL error is 0x0
04-13 00:40:52.898 22291 22324 I native-activity: Frame 625 time is 13.264ms
04-13 00:40:52.910 22291 22324 I native-activity: Swap 625 time is 25.615ms
04-13 00:40:52.911 22291 22324 I native-activity: Animating
04-13 00:40:52.924 22291 22324 I native-activity: Frame 626 GL error is 0x0
04-13 00:40:52.924 22291 22324 I native-activity: Frame 626 time is 13.016ms
04-13 00:40:52.937 22291 22324 I native-activity: Swap 626 time is 25.555ms
04-13 00:40:52.937 22291 22324 I native-activity: Animating
04-13 00:40:52.930    82    82 I Kernel  : [45291.601877].(1)[82:mtk charger_hv_]charging_reset_watch_dog_timer
04-13 00:40:52.930    82    82 I Kernel  : [45291.603599].(0)[82:mtk charger_hv_]array_size = 16 
04-13 00:40:52.950 22291 22324 I native-activity: Frame 627 GL error is 0x0
04-13 00:40:52.950 22291 22324 I native-activity: Frame 627 time is 13.594ms
04-13 00:40:52.963 22291 22324 I native-activity: Swap 627 time is 25.776ms
04-13 00:40:52.963 22291 22324 I native-activity: Animating
04-13 00:40:52.976 22291 22324 I native-activity: Frame 628 GL error is 0x0
04-13 00:40:52.976 22291 22324 I native-activity: Frame 628 time is 13.525ms
04-13 00:40:52.989 22291 22324 I native-activity: Swap 628 time is 26.146ms
04-13 00:40:52.989 22291 22324 I native-activity: Animating
04-13 00:40:52.980     0     0 I Kernel  : [45291.653231]-(0)[0:swapper/0]dpi vsync
04-13 00:40:53.002 22291 22324 I native-activity: Frame 629 GL error is 0x0
04-13 00:40:53.003 22291 22324 I native-activity: Frame 629 time is 13.494ms
04-13 00:40:53.015 22291 22324 I native-activity: Swap 629 time is 25.965ms
04-13 00:40:53.015 22291 22324 I native-activity: Animating
04-13 00:40:53.028 22291 22324 I native-activity: Frame 630 GL error is 0x0
04-13 00:40:53.028 22291 22324 I native-activity: Frame 630 time is 12.965ms
04-13 00:40:53.041 22291 22324 I native-activity: Swap 630 time is 25.615ms
04-13 00:40:53.041 22291 22324 I native-activity: Animating
04-13 00:40:53.055 22291 22324 I native-activity: Frame 631 GL error is 0x0
04-13 00:40:53.055 22291 22324 I native-activity: Frame 631 time is 13.973ms
04-13 00:40:53.067 22291 22324 I native-activity: Swap 631 time is 26.159ms
04-13 00:40:53.067 22291 22324 I native-activity: Animating
04-13 00:40:53.082 22291 22324 I native-activity: Frame 632 GL error is 0x0
04-13 00:40:53.082 22291 22324 I native-activity: Frame 632 time is 14.315ms
04-13 00:40:53.094 22291 22324 I native-activity: Swap 632 time is 26.580ms
04-13 00:40:53.094 22291 22324 I native-activity: Animating
04-13 00:40:53.108 22291 22324 I native-activity: Frame 633 GL error is 0x0
04-13 00:40:53.108 22291 22324 I native-activity: Frame 633 time is 14.036ms
04-13 00:40:53.121 22291 22324 I native-activity: Swap 633 time is 27.231ms
04-13 00:40:53.122 22291 22324 I native-activity: Animating
04-13 00:40:53.135 22291 22324 I native-activity: Frame 634 GL error is 0x0
04-13 00:40:53.135 22291 22324 I native-activity: Frame 634 time is 13.824ms
04-13 00:40:53.149 22291 22324 I native-activity: Swap 634 time is 27.503ms
04-13 00:40:53.149 22291 22324 I native-activity: Animating
04-13 00:40:53.163 22291 22324 I native-activity: Frame 635 GL error is 0x0
04-13 00:40:53.163 22291 22324 I native-activity: Frame 635 time is 13.665ms
04-13 00:40:53.176 22291 22324 I native-activity: Swap 635 time is 27.109ms
04-13 00:40:53.177 22291 22324 I native-activity: Animating
04-13 00:40:53.192 22291 22324 I native-activity: Frame 636 GL error is 0x0
04-13 00:40:53.192 22291 22324 I native-activity: Frame 636 time is 15.644ms
04-13 00:40:53.207 22291 22324 I native-activity: Swap 636 time is 30.280ms
04-13 00:40:53.207 22291 22324 I native-activity: Animating
04-13 00:40:53.224 22291 22324 I native-activity: Frame 637 GL error is 0x0
04-13 00:40:53.224 22291 22324 I native-activity: Frame 637 time is 17.119ms
04-13 00:40:53.238 22291 22324 I native-activity: Swap 637 time is 31.312ms
04-13 00:40:53.239 22291 22324 I native-activity: Animating
04-13 00:40:53.255 22291 22324 I native-activity: Frame 638 GL error is 0x0
04-13 00:40:53.255 22291 22324 I native-activity: Frame 638 time is 16.569ms
04-13 00:40:53.270 22291 22324 I native-activity: Swap 638 time is 31.136ms
04-13 00:40:53.270 22291 22324 I native-activity: Animating
04-13 00:40:53.289 22291 22324 I native-activity: Frame 639 GL error is 0x0
04-13 00:40:53.289 22291 22324 I native-activity: Frame 639 time is 19.053ms
04-13 00:40:53.304 22291 22324 I native-activity: Swap 639 time is 33.683ms
04-13 00:40:53.304 22291 22324 I native-activity: Animating
04-13 00:40:53.323 22291 22324 I native-activity: Frame 640 GL error is 0x0
04-13 00:40:53.323 22291 22324 I native-activity: Frame 640 time is 19.270ms
04-13 00:40:53.339 22291 22324 I native-activity: Swap 640 time is 34.574ms
04-13 00:40:53.339 22291 22324 I native-activity: Animating
04-13 00:40:53.359 22291 22324 I native-activity: Frame 641 GL error is 0x0
04-13 00:40:53.359 22291 22324 I native-activity: Frame 641 time is 20.613ms
04-13 00:40:53.375 22291 22324 I native-activity: Swap 641 time is 36.194ms
04-13 00:40:53.375 22291 22324 I native-activity: Animating
04-13 00:40:53.396 22291 22324 I native-activity: Frame 642 GL error is 0x0
04-13 00:40:53.397 22291 22324 I native-activity: Frame 642 time is 21.452ms
04-13 00:40:53.412 22291 22324 I native-activity: Swap 642 time is 37.277ms
04-13 00:40:53.413 22291 22324 I native-activity: Animating
04-13 00:40:53.434 22291 22324 I native-activity: Frame 643 GL error is 0x0
04-13 00:40:53.434 22291 22324 I native-activity: Frame 643 time is 21.398ms
04-13 00:40:53.450 22291 22324 I native-activity: Swap 643 time is 37.203ms
04-13 00:40:53.450 22291 22324 I native-activity: Animating
04-13 00:40:53.484 22291 22324 I native-activity: Frame 644 GL error is 0x0
04-13 00:40:53.484 22291 22324 I native-activity: Frame 644 time is 34.094ms
04-13 00:40:53.500 22291 22324 I native-activity: Swap 644 time is 49.942ms
04-13 00:40:53.500 22291 22324 I native-activity: Animating
04-13 00:40:53.513 22291 22324 I native-activity: Frame 645 GL error is 0x0
04-13 00:40:53.513 22291 22324 I native-activity: Frame 645 time is 12.881ms
04-13 00:40:53.528 22291 22324 I native-activity: Swap 645 time is 27.715ms
04-13 00:40:53.528 22291 22324 I native-activity: Animating
04-13 00:40:53.540 22291 22324 I native-activity: Frame 646 GL error is 0x0
04-13 00:40:53.540 22291 22324 I native-activity: Frame 646 time is 12.262ms
04-13 00:40:53.554 22291 22324 I native-activity: Swap 646 time is 26.046ms
04-13 00:40:53.554 22291 22324 I native-activity: Animating
04-13 00:40:53.568 22291 22324 I native-activity: Frame 647 GL error is 0x0
04-13 00:40:53.568 22291 22324 I native-activity: Frame 647 time is 13.519ms
04-13 00:40:53.581 22291 22324 I native-activity: Swap 647 time is 27.200ms
04-13 00:40:53.581 22291 22324 I native-activity: Animating
04-13 00:40:53.595 22291 22324 I native-activity: Frame 648 GL error is 0x0
04-13 00:40:53.595 22291 22324 I native-activity: Frame 648 time is 13.208ms
04-13 00:40:53.608 22291 22324 I native-activity: Swap 648 time is 26.887ms
04-13 00:40:53.608 22291 22324 I native-activity: Animating
04-13 00:40:53.622 22291 22324 I native-activity: Frame 649 GL error is 0x0
04-13 00:40:53.622 22291 22324 I native-activity: Frame 649 time is 13.811ms
04-13 00:40:53.636 22291 22324 I native-activity: Swap 649 time is 27.534ms
04-13 00:40:53.636 22291 22324 I native-activity: Animating
04-13 00:40:53.654 22291 22324 I native-activity: Frame 650 GL error is 0x0
04-13 00:40:53.654 22291 22324 I native-activity: Frame 650 time is 17.425ms
04-13 00:40:53.667 22291 22324 I native-activity: Swap 650 time is 31.019ms
04-13 00:40:53.667 22291 22324 I native-activity: Animating
04-13 00:40:53.689 22291 22324 I native-activity: Frame 651 GL error is 0x0
04-13 00:40:53.689 22291 22324 I native-activity: Frame 651 time is 21.492ms
04-13 00:40:53.704 22291 22324 I native-activity: Swap 651 time is 36.212ms
04-13 00:40:53.704 22291 22324 I native-activity: Animating
04-13 00:40:53.727 22291 22324 I native-activity: Frame 652 GL error is 0x0
04-13 00:40:53.727 22291 22324 I native-activity: Frame 652 time is 22.965ms
04-13 00:40:53.740 22291 22324 I native-activity: Swap 652 time is 36.415ms
04-13 00:40:53.741 22291 22324 I native-activity: Animating
04-13 00:40:53.763 22291 22324 I native-activity: Frame 653 GL error is 0x0
04-13 00:40:53.763 22291 22324 I native-activity: Frame 653 time is 21.736ms
04-13 00:40:53.777 22291 22324 I native-activity: Swap 653 time is 35.185ms
04-13 00:40:53.777 22291 22324 I native-activity: Animating
04-13 00:40:53.770 25161 25161 I Kernel  : [45292.441663].(0)[25161:kworker/0:2]virtual_sensor_thermal_get_temp mtktsbattery t=24000 a=7 o=-9500 w=437
04-13 00:40:53.770 25161 25161 I Kernel  : [45292.441751].(0)[25161:kworker/0:2]virtual_sensor_thermal_get_temp mtkts_bts t=30000 a=15 o=-1000 w=113
04-13 00:40:53.770 25161 25161 I Kernel  : [45292.442141].(0)[25161:kworker/0:2]virtual_sensor_thermal_get_temp mtktspmic t=42289 a=4 o=18000 w=450
04-13 00:40:53.770 25161 25161 I Kernel  : [45292.442183].(0)[25161:kworker/0:2]virtual_sensor_thermal_get_temp mtktswmt t=29000 a=1000 o=-5000 w=0
04-13 00:40:53.796 22291 22324 I native-activity: Frame 654 GL error is 0x0
04-13 00:40:53.796 22291 22324 I native-activity: Frame 654 time is 19.237ms
04-13 00:40:53.810 22291 22324 I native-activity: Swap 654 time is 33.086ms
04-13 00:40:53.810 22291 22324 I native-activity: Animating
04-13 00:40:53.829 22291 22324 I native-activity: Frame 655 GL error is 0x0
04-13 00:40:53.829 22291 22324 I native-activity: Frame 655 time is 19.067ms
04-13 00:40:53.843 22291 22324 I native-activity: Swap 655 time is 33.120ms
04-13 00:40:53.843 22291 22324 I native-activity: Animating
04-13 00:40:53.863 22291 22324 I native-activity: Frame 656 GL error is 0x0
04-13 00:40:53.863 22291 22324 I native-activity: Frame 656 time is 19.518ms
04-13 00:40:53.877 22291 22324 I native-activity: Swap 656 time is 33.169ms
04-13 00:40:53.877 22291 22324 I native-activity: Animating
04-13 00:40:53.895 22291 22324 I native-activity: Frame 657 GL error is 0x0
04-13 00:40:53.895 22291 22324 I native-activity: Frame 657 time is 18.521ms
04-13 00:40:53.909 22291 22324 I native-activity: Swap 657 time is 32.249ms
04-13 00:40:53.909 22291 22324 I native-activity: Animating
04-13 00:40:53.927 22291 22324 I native-activity: Frame 658 GL error is 0x0
04-13 00:40:53.928 22291 22324 I native-activity: Frame 658 time is 18.163ms
04-13 00:40:53.941 22291 22324 I native-activity: Swap 658 time is 31.974ms
04-13 00:40:53.941 22291 22324 I native-activity: Animating
04-13 00:40:53.930    82    82 I Kernel  : [45292.603700].(0)[82:mtk charger_hv_]charging_reset_watch_dog_timer
04-13 00:40:53.930    82    82 I Kernel  : [45292.604693].(0)[82:mtk charger_hv_]array_size = 16 
04-13 00:40:53.960 22291 22324 I native-activity: Frame 659 GL error is 0x0
04-13 00:40:53.960 22291 22324 I native-activity: Frame 659 time is 18.343ms
04-13 00:40:53.973 22291 22324 I native-activity: Swap 659 time is 31.795ms
04-13 00:40:53.973 22291 22324 I native-activity: Animating
04-13 00:40:53.992 22291 22324 I native-activity: Frame 660 GL error is 0x0
04-13 00:40:53.992 22291 22324 I native-activity: Frame 660 time is 18.349ms
04-13 00:40:54.006 22291 22324 I native-activity: Swap 660 time is 32.210ms
04-13 00:40:54.006 22291 22324 I native-activity: Animating
04-13 00:40:54.024 22291 22324 I native-activity: Frame 661 GL error is 0x0
04-13 00:40:54.024 22291 22324 I native-activity: Frame 661 time is 18.239ms
04-13 00:40:54.038 22291 22324 I native-activity: Swap 661 time is 31.934ms
04-13 00:40:54.038 22291 22324 I native-activity: Animating
04-13 00:40:54.055 22291 22324 I native-activity: Frame 662 GL error is 0x0
04-13 00:40:54.055 22291 22324 I native-activity: Frame 662 time is 17.136ms
04-13 00:40:54.069 22291 22324 I native-activity: Swap 662 time is 30.839ms
04-13 00:40:54.069 22291 22324 I native-activity: Animating
04-13 00:40:54.086 22291 22324 I native-activity: Frame 663 GL error is 0x0
04-13 00:40:54.086 22291 22324 I native-activity: Frame 663 time is 17.190ms
04-13 00:40:54.100 22291 22324 I native-activity: Swap 663 time is 31.017ms
04-13 00:40:54.100 22291 22324 I native-activity: Animating
04-13 00:40:54.122 22291 22324 I native-activity: Frame 664 GL error is 0x0
04-13 00:40:54.122 22291 22324 I native-activity: Frame 664 time is 22.079ms
04-13 00:40:54.136 22291 22324 I native-activity: Swap 664 time is 35.875ms
04-13 00:40:54.136 22291 22324 I native-activity: Animating
04-13 00:40:54.154 22291 22324 I native-activity: Frame 665 GL error is 0x0
04-13 00:40:54.154 22291 22324 I native-activity: Frame 665 time is 17.491ms
04-13 00:40:54.167 22291 22324 I native-activity: Swap 665 time is 30.817ms
04-13 00:40:54.167 22291 22324 I native-activity: Animating
04-13 00:40:54.185 22291 22324 I native-activity: Frame 666 GL error is 0x0
04-13 00:40:54.185 22291 22324 I native-activity: Frame 666 time is 17.630ms
04-13 00:40:54.199 22291 22324 I native-activity: Swap 666 time is 31.113ms
04-13 00:40:54.199 22291 22324 I native-activity: Animating
04-13 00:40:54.216 22291 22324 I native-activity: Frame 667 GL error is 0x0
04-13 00:40:54.216 22291 22324 I native-activity: Frame 667 time is 17.399ms
04-13 00:40:54.230 22291 22324 I native-activity: Swap 667 time is 30.920ms
04-13 00:40:54.230 22291 22324 I native-activity: Animating
04-13 00:40:54.250 22291 22324 I native-activity: Frame 668 GL error is 0x0
04-13 00:40:54.250 22291 22324 I native-activity: Frame 668 time is 20.251ms
04-13 00:40:54.264 22291 22324 I native-activity: Swap 668 time is 33.788ms
04-13 00:40:54.250  2159  2159 I Kernel  : [45292.923223].(0)[2159:wpa_supplicant]poorlink get state G(361515)F(49)dbad(0)dretry(0)LT(405)RT(-78)W(0)(12193)
04-13 00:40:54.264 22291 22324 I native-activity: Animating
04-13 00:40:54.250  2137  2137 I Kernel  : [45292.925406][wlan] nicTxReleaseResource: (TX STATE)
04-13 00:40:54.250  2137  2137 I Kernel  : Release: TC4 count 1, Free=4; TC5 count 0, Free=4
04-13 00:40:54.282 22291 22324 I native-activity: Frame 669 GL error is 0x0
04-13 00:40:54.282 22291 22324 I native-activity: Frame 669 time is 17.812ms
04-13 00:40:54.295 22291 22324 I native-activity: Swap 669 time is 31.370ms
04-13 00:40:54.295 22291 22324 I native-activity: Animating
04-13 00:40:54.313 22291 22324 I native-activity: Frame 670 GL error is 0x0
04-13 00:40:54.313 22291 22324 I native-activity: Frame 670 time is 17.296ms
04-13 00:40:54.326 22291 22324 I native-activity: Swap 670 time is 30.905ms
04-13 00:40:54.327 22291 22324 I native-activity: Animating
04-13 00:40:54.344 22291 22324 I native-activity: Frame 671 GL error is 0x0
04-13 00:40:54.344 22291 22324 I native-activity: Frame 671 time is 17.297ms
04-13 00:40:54.358 22291 22324 I native-activity: Swap 671 time is 30.917ms
04-13 00:40:54.358 22291 22324 I native-activity: Animating
04-13 00:40:54.376 22291 22324 I native-activity: Frame 672 GL error is 0x0
04-13 00:40:54.376 22291 22324 I native-activity: Frame 672 time is 18.205ms
04-13 00:40:54.390 22291 22324 I native-activity: Swap 672 time is 32.342ms
04-13 00:40:54.390 22291 22324 I native-activity: Animating
04-13 00:40:54.420 22291 22324 I native-activity: Frame 673 GL error is 0x0
04-13 00:40:54.420 22291 22324 I native-activity: Frame 673 time is 30.038ms
04-13 00:40:54.435 22291 22324 I native-activity: Swap 673 time is 44.716ms
04-13 00:40:54.435 22291 22324 I native-activity: Animating
04-13 00:40:54.449 22291 22324 I native-activity: Frame 674 GL error is 0x0
04-13 00:40:54.449 22291 22324 I native-activity: Frame 674 time is 13.972ms
04-13 00:40:54.463 22291 22324 I native-activity: Swap 674 time is 27.931ms
04-13 00:40:54.463 22291 22324 I native-activity: Animating
04-13 00:40:54.474 22291 22324 I native-activity: Frame 675 GL error is 0x0
04-13 00:40:54.474 22291 22324 I native-activity: Frame 675 time is 10.296ms
04-13 00:40:54.486 22291 22324 I native-activity: Swap 675 time is 22.720ms
04-13 00:40:54.486 22291 22324 I native-activity: Animating
04-13 00:40:54.496 22291 22324 I native-activity: Frame 676 GL error is 0x0
04-13 00:40:54.496 22291 22324 I native-activity: Frame 676 time is 10.126ms
04-13 00:40:54.509 22291 22324 I native-activity: Swap 676 time is 22.649ms
04-13 00:40:54.509 22291 22324 I native-activity: Animating
04-13 00:40:54.520 22291 22324 I native-activity: Frame 677 GL error is 0x0
04-13 00:40:54.520 22291 22324 I native-activity: Frame 677 time is 10.904ms
04-13 00:40:54.532 22291 22324 I native-activity: Swap 677 time is 22.797ms
04-13 00:40:54.532 22291 22324 I native-activity: Animating
04-13 00:40:54.542 22291 22324 I native-activity: Frame 678 GL error is 0x0
04-13 00:40:54.542 22291 22324 I native-activity: Frame 678 time is 9.827ms
04-13 00:40:54.554 22291 22324 I native-activity: Swap 678 time is 22.239ms
04-13 00:40:54.555 22291 22324 I native-activity: Animating
04-13 00:40:54.565 22291 22324 I native-activity: Frame 679 GL error is 0x0
04-13 00:40:54.565 22291 22324 I native-activity: Frame 679 time is 10.517ms
04-13 00:40:54.577 22291 22324 I native-activity: Swap 679 time is 22.100ms
04-13 00:40:54.577 22291 22324 I native-activity: Animating
04-13 00:40:54.592 22291 22324 I native-activity: Frame 680 GL error is 0x0
04-13 00:40:54.593 22291 22324 I native-activity: Frame 680 time is 15.721ms
04-13 00:40:54.605 22291 22324 I native-activity: Swap 680 time is 27.856ms
04-13 00:40:54.605 22291 22324 I native-activity: Animating
04-13 00:40:54.620 22291 22324 I native-activity: Frame 681 GL error is 0x0
04-13 00:40:54.620 22291 22324 I native-activity: Frame 681 time is 15.409ms
04-13 00:40:54.633 22291 22324 I native-activity: Swap 681 time is 28.593ms
04-13 00:40:54.634 22291 22324 I native-activity: Animating
04-13 00:40:54.654 22291 22324 I native-activity: Frame 682 GL error is 0x0
04-13 00:40:54.654 22291 22324 I native-activity: Frame 682 time is 19.191ms
04-13 00:40:54.667 22291 22324 I native-activity: Swap 682 time is 32.318ms
04-13 00:40:54.667 22291 22324 I native-activity: Animating
04-13 00:40:54.681 22291 22324 I native-activity: Frame 683 GL error is 0x0
04-13 00:40:54.681 22291 22324 I native-activity: Frame 683 time is 14.428ms
04-13 00:40:54.694 22291 22324 I native-activity: Swap 683 time is 27.112ms
04-13 00:40:54.694 22291 22324 I native-activity: Animating
04-13 00:40:54.709 22291 22324 I native-activity: Frame 684 GL error is 0x0
04-13 00:40:54.709 22291 22324 I native-activity: Frame 684 time is 14.410ms
04-13 00:40:54.722 22291 22324 I native-activity: Swap 684 time is 27.566ms
04-13 00:40:54.722 22291 22324 I native-activity: Animating
04-13 00:40:54.737 22291 22324 I native-activity: Frame 685 GL error is 0x0
04-13 00:40:54.737 22291 22324 I native-activity: Frame 685 time is 14.668ms
04-13 00:40:54.749 22291 22324 I native-activity: Swap 685 time is 27.193ms
04-13 00:40:54.750 22291 22324 I native-activity: Animating
04-13 00:40:54.765 22291 22324 I native-activity: Frame 686 GL error is 0x0
04-13 00:40:54.765 22291 22324 I native-activity: Frame 686 time is 15.470ms
04-13 00:40:54.778 22291 22324 I native-activity: Swap 686 time is 27.920ms
04-13 00:40:54.778 22291 22324 I native-activity: Animating
04-13 00:40:54.792 22291 22324 I native-activity: Frame 687 GL error is 0x0
04-13 00:40:54.792 22291 22324 I native-activity: Frame 687 time is 14.054ms
04-13 00:40:54.804 22291 22324 I native-activity: Swap 687 time is 26.381ms
04-13 00:40:54.804 22291 22324 I native-activity: Animating
04-13 00:40:54.818 22291 22324 I native-activity: Frame 688 GL error is 0x0
04-13 00:40:54.819 22291 22324 I native-activity: Frame 688 time is 14.274ms
04-13 00:40:54.831 22291 22324 I native-activity: Swap 688 time is 26.739ms
04-13 00:40:54.831 22291 22324 I native-activity: Animating
04-13 00:40:54.846 22291 22324 I native-activity: Frame 689 GL error is 0x0
04-13 00:40:54.846 22291 22324 I native-activity: Frame 689 time is 15.073ms
04-13 00:40:54.858 22291 22324 I native-activity: Swap 689 time is 26.762ms
04-13 00:40:54.858 22291 22324 I native-activity: Animating
04-13 00:40:54.878 22291 22324 I native-activity: Frame 690 GL error is 0x0
04-13 00:40:54.878 22291 22324 I native-activity: Frame 690 time is 19.437ms
04-13 00:40:54.890 22291 22324 I native-activity: Swap 690 time is 31.384ms
04-13 00:40:54.891 22291 22324 I native-activity: Animating
04-13 00:40:54.905 22291 22324 I native-activity: Frame 691 GL error is 0x0
04-13 00:40:54.905 22291 22324 I native-activity: Frame 691 time is 13.723ms
04-13 00:40:54.917 22291 22324 I native-activity: Swap 691 time is 25.499ms
04-13 00:40:54.917 22291 22324 I native-activity: Animating
04-13 00:40:54.931 22291 22324 I native-activity: Frame 692 GL error is 0x0
04-13 00:40:54.931 22291 22324 I native-activity: Frame 692 time is 14.633ms
04-13 00:40:54.944 22291 22324 I native-activity: Swap 692 time is 27.099ms
04-13 00:40:54.944 22291 22324 I native-activity: Animating
04-13 00:40:54.930 20692 22362 I Kernel  : [45293.605421].(0)[22362:Background work]name:Log.main_3359 unmap vm_start a2b4e000  end: a2b50000
04-13 00:40:54.930    82    82 I Kernel  : [45293.605849].(0)[82:mtk charger_hv_]array_size = 16 
04-13 00:40:54.958 22291 22324 I native-activity: Frame 693 GL error is 0x0
04-13 00:40:54.958 22291 22324 I native-activity: Frame 693 time is 13.693ms
04-13 00:40:54.970 22291 22324 I native-activity: Swap 693 time is 25.650ms
04-13 00:40:54.970 22291 22324 I native-activity: Animating
04-13 00:40:54.984 22291 22324 I native-activity: Frame 694 GL error is 0x0
04-13 00:40:54.984 22291 22324 I native-activity: Frame 694 time is 14.023ms
04-13 00:40:54.997 22291 22324 I native-activity: Swap 694 time is 27.140ms
04-13 00:40:54.997 22291 22324 I native-activity: Animating
04-13 00:40:55.007 22291 22324 I native-activity: Frame 695 GL error is 0x0
04-13 00:40:55.007 22291 22324 I native-activity: Frame 695 time is 9.908ms
04-13 00:40:55.020 22291 22324 I native-activity: Swap 695 time is 22.774ms
04-13 00:40:55.020 22291 22324 I native-activity: Animating
04-13 00:40:55.029 22291 22324 I native-activity: Frame 696 GL error is 0x0
04-13 00:40:55.010   230   230 I Kernel  : [45293.685410]-(0)[230:adbd]dpi vsync
04-13 00:40:55.029 22291 22324 I native-activity: Frame 696 time is 8.741ms
04-13 00:40:55.042 22291 22324 I native-activity: Swap 696 time is 21.363ms
04-13 00:40:55.042 22291 22324 I native-activity: Animating
04-13 00:40:55.051 22291 22324 I native-activity: Frame 697 GL error is 0x0
04-13 00:40:55.051 22291 22324 I native-activity: Frame 697 time is 9.219ms
04-13 00:40:55.063 22291 22324 I native-activity: Swap 697 time is 21.335ms
04-13 00:40:55.063 22291 22324 I native-activity: Animating
04-13 00:40:55.073 22291 22324 I native-activity: Frame 698 GL error is 0x0
04-13 00:40:55.073 22291 22324 I native-activity: Frame 698 time is 9.639ms
04-13 00:40:55.088 22291 22324 I native-activity: Swap 698 time is 24.906ms
04-13 00:40:55.088 22291 22324 I native-activity: Animating
04-13 00:40:55.098 22291 22324 I native-activity: Frame 699 GL error is 0x0
04-13 00:40:55.098 22291 22324 I native-activity: Frame 699 time is 9.523ms
04-13 00:40:55.112 22291 22324 I native-activity: Swap 699 time is 23.125ms
04-13 00:40:55.112 22291 22324 I native-activity: Animating
04-13 00:40:55.122 22291 22324 I native-activity: Frame 700 GL error is 0x0
04-13 00:40:55.122 22291 22324 I native-activity: Frame 700 time is 10.321ms
04-13 00:40:55.135 22291 22324 I native-activity: Swap 700 time is 23.290ms
04-13 00:40:55.135 22291 22324 I native-activity: Animating
04-13 00:40:55.145 22291 22324 I native-activity: Frame 701 GL error is 0x0
04-13 00:40:55.145 22291 22324 I native-activity: Frame 701 time is 9.613ms
04-13 00:40:55.159 22291 22324 I native-activity: Swap 701 time is 23.314ms
04-13 00:40:55.159 22291 22324 I native-activity: Animating
04-13 00:40:55.169 22291 22324 I native-activity: Frame 702 GL error is 0x0
04-13 00:40:55.169 22291 22324 I native-activity: Frame 702 time is 9.916ms
04-13 00:40:55.182 22291 22324 I native-activity: Swap 702 time is 23.201ms
04-13 00:40:55.182 22291 22324 I native-activity: Animating
04-13 00:40:55.192 22291 22324 I native-activity: Frame 703 GL error is 0x0
04-13 00:40:55.192 22291 22324 I native-activity: Frame 703 time is 9.458ms
04-13 00:40:55.205 22291 22324 I native-activity: Swap 703 time is 22.731ms
04-13 00:40:55.205 22291 22324 I native-activity: Animating
04-13 00:40:55.216 22291 22324 I native-activity: Frame 704 GL error is 0x0
04-13 00:40:55.216 22291 22324 I native-activity: Frame 704 time is 11.071ms
04-13 00:40:55.230 22291 22324 I native-activity: Swap 704 time is 25.043ms
04-13 00:40:55.230 22291 22324 I native-activity: Animating
04-13 00:40:55.242 22291 22324 I native-activity: Frame 705 GL error is 0x0
04-13 00:40:55.243 22291 22324 I native-activity: Frame 705 time is 12.042ms
04-13 00:40:55.257 22291 22324 I native-activity: Swap 705 time is 26.390ms
04-13 00:40:55.257 22291 22324 I native-activity: Animating
04-13 00:40:55.268 22291 22324 I native-activity: Frame 706 GL error is 0x0
04-13 00:40:55.268 22291 22324 I native-activity: Frame 706 time is 11.221ms
04-13 00:40:55.283 22291 22324 I native-activity: Swap 706 time is 26.132ms
04-13 00:40:55.283 22291 22324 I native-activity: Animating
04-13 00:40:55.295 22291 22324 I native-activity: Frame 707 GL error is 0x0
04-13 00:40:55.295 22291 22324 I native-activity: Frame 707 time is 11.678ms
04-13 00:40:55.310 22291 22324 I native-activity: Swap 707 time is 26.768ms
04-13 00:40:55.310 22291 22324 I native-activity: Animating
04-13 00:40:55.322 22291 22324 I native-activity: Frame 708 GL error is 0x0
04-13 00:40:55.322 22291 22324 I native-activity: Frame 708 time is 11.261ms
04-13 00:40:55.337 22291 22324 I native-activity: Swap 708 time is 26.215ms
04-13 00:40:55.337 22291 22324 I native-activity: Animating
04-13 00:40:55.349 22291 22324 I native-activity: Frame 709 GL error is 0x0
04-13 00:40:55.350 22291 22324 I native-activity: Frame 709 time is 12.714ms
04-13 00:40:55.365 22291 22324 I native-activity: Swap 709 time is 27.774ms
04-13 00:40:55.365 22291 22324 I native-activity: Animating
04-13 00:40:55.379 22291 22324 I native-activity: Frame 710 GL error is 0x0
04-13 00:40:55.379 22291 22324 I native-activity: Frame 710 time is 14.004ms
04-13 00:40:55.394 22291 22324 I native-activity: Swap 710 time is 29.644ms
04-13 00:40:55.395 22291 22324 I native-activity: Animating
04-13 00:40:55.408 22291 22324 I native-activity: Frame 711 GL error is 0x0
04-13 00:40:55.408 22291 22324 I native-activity: Frame 711 time is 13.342ms
04-13 00:40:55.422 22291 22324 I native-activity: Swap 711 time is 27.516ms
04-13 00:40:55.422 22291 22324 I native-activity: Animating
04-13 00:40:55.439 22291 22324 I native-activity: Frame 712 GL error is 0x0
04-13 00:40:55.439 22291 22324 I native-activity: Frame 712 time is 16.686ms
04-13 00:40:55.455 22291 22324 I native-activity: Swap 712 time is 32.470ms
04-13 00:40:55.455 22291 22324 I native-activity: Animating
04-13 00:40:55.473 22291 22324 I native-activity: Frame 713 GL error is 0x0
04-13 00:40:55.473 22291 22324 I native-activity: Frame 713 time is 18.039ms
04-13 00:40:55.488 22291 22324 I native-activity: Swap 713 time is 33.300ms
04-13 00:40:55.488 22291 22324 I native-activity: Animating
04-13 00:40:55.508 22291 22324 I native-activity: Frame 714 GL error is 0x0
04-13 00:40:55.509 22291 22324 I native-activity: Frame 714 time is 20.030ms
04-13 00:40:55.524 22291 22324 I native-activity: Swap 714 time is 35.118ms
04-13 00:40:55.524 22291 22324 I native-activity: Animating
04-13 00:40:55.542 22291 22324 I native-activity: Frame 715 GL error is 0x0
04-13 00:40:55.542 22291 22324 I native-activity: Frame 715 time is 18.170ms
04-13 00:40:55.557 22291 22324 I native-activity: Swap 715 time is 33.031ms
04-13 00:40:55.558 22291 22324 I native-activity: Animating
04-13 00:40:55.576 22291 22324 I native-activity: Frame 716 GL error is 0x0
04-13 00:40:55.576 22291 22324 I native-activity: Frame 716 time is 18.225ms
04-13 00:40:55.591 22291 22324 I native-activity: Swap 716 time is 33.498ms
04-13 00:40:55.591 22291 22324 I native-activity: Animating
04-13 00:40:55.609 22291 22324 I native-activity: Frame 717 GL error is 0x0
04-13 00:40:55.610 22291 22324 I native-activity: Frame 717 time is 18.349ms
04-13 00:40:55.625 22291 22324 I native-activity: Swap 717 time is 33.512ms
04-13 00:40:55.625 22291 22324 I native-activity: Animating
04-13 00:40:55.642 22291 22324 I native-activity: Frame 718 GL error is 0x0
04-13 00:40:55.643 22291 22324 I native-activity: Frame 718 time is 17.380ms
04-13 00:40:55.657 22291 22324 I native-activity: Swap 718 time is 32.213ms
04-13 00:40:55.657 22291 22324 I native-activity: Animating
04-13 00:40:55.675 22291 22324 I native-activity: Frame 719 GL error is 0x0
04-13 00:40:55.675 22291 22324 I native-activity: Frame 719 time is 17.128ms
04-13 00:40:55.689 22291 22324 I native-activity: Swap 719 time is 31.734ms
04-13 00:40:55.690 22291 22324 I native-activity: Animating
04-13 00:40:55.706 22291 22324 I native-activity: Frame 720 GL error is 0x0
04-13 00:40:55.706 22291 22324 I native-activity: Frame 720 time is 16.896ms
04-13 00:40:55.722 22291 22324 I native-activity: Swap 720 time is 31.973ms
04-13 00:40:55.722 22291 22324 I native-activity: Animating
04-13 00:40:55.739 22291 22324 I native-activity: Frame 721 GL error is 0x0
04-13 00:40:55.739 22291 22324 I native-activity: Frame 721 time is 17.412ms
04-13 00:40:55.754 22291 22324 I native-activity: Swap 721 time is 32.246ms
04-13 00:40:55.754 22291 22324 I native-activity: Animating
04-13 00:40:55.771 22291 22324 I native-activity: Frame 722 GL error is 0x0
04-13 00:40:55.771 22291 22324 I native-activity: Frame 722 time is 16.610ms
04-13 00:40:55.785 22291 22324 I native-activity: Swap 722 time is 31.041ms
04-13 00:40:55.785 22291 22324 I native-activity: Animating
04-13 00:40:55.802 22291 22324 I native-activity: Frame 723 GL error is 0x0
04-13 00:40:55.802 22291 22324 I native-activity: Frame 723 time is 16.544ms
04-13 00:40:55.816 22291 22324 I native-activity: Swap 723 time is 30.965ms
04-13 00:40:55.817 22291 22324 I native-activity: Animating
04-13 00:40:55.833 22291 22324 I native-activity: Frame 724 GL error is 0x0
04-13 00:40:55.833 22291 22324 I native-activity: Frame 724 time is 16.429ms
04-13 00:40:55.847 22291 22324 I native-activity: Swap 724 time is 30.752ms
04-13 00:40:55.848 22291 22324 I native-activity: Animating
04-13 00:40:55.872 22291 22324 I native-activity: Frame 725 GL error is 0x0
04-13 00:40:55.872 22291 22324 I native-activity: Frame 725 time is 24.646ms
04-13 00:40:55.887 22291 22324 I native-activity: Swap 725 time is 39.178ms
04-13 00:40:55.887 22291 22324 I native-activity: Animating
04-13 00:40:55.904 22291 22324 I native-activity: Frame 726 GL error is 0x0
04-13 00:40:55.904 22291 22324 I native-activity: Frame 726 time is 17.388ms
04-13 00:40:55.919 22291 22324 I native-activity: Swap 726 time is 31.981ms
04-13 00:40:55.919 22291 22324 I native-activity: Animating
04-13 00:40:55.937 22291 22324 I native-activity: Frame 727 GL error is 0x0
04-13 00:40:55.937 22291 22324 I native-activity: Frame 727 time is 17.563ms
04-13 00:40:55.930    82    82 I Kernel  : [45294.605949].(0)[82:mtk charger_hv_]charging_reset_watch_dog_timer
04-13 00:40:55.930    82    82 I Kernel  : [45294.606860].(0)[82:mtk charger_hv_]array_size = 16 
04-13 00:40:55.952 22291 22324 I native-activity: Swap 727 time is 32.806ms
04-13 00:40:55.952 22291 22324 I native-activity: Animating
04-13 00:40:55.970 22291 22324 I native-activity: Frame 728 GL error is 0x0
04-13 00:40:55.970 22291 22324 I native-activity: Frame 728 time is 17.706ms
04-13 00:40:55.984 22291 22324 I native-activity: Swap 728 time is 32.225ms
04-13 00:40:55.985 22291 22324 I native-activity: Animating
04-13 00:40:56.002 22291 22324 I native-activity: Frame 729 GL error is 0x0
04-13 00:40:56.002 22291 22324 I native-activity: Frame 729 time is 17.612ms
04-13 00:40:56.017 22291 22324 I native-activity: Swap 729 time is 32.425ms
04-13 00:40:56.017 22291 22324 I native-activity: Animating
04-13 00:40:56.035 22291 22324 I native-activity: Frame 730 GL error is 0x0
04-13 00:40:56.035 22291 22324 I native-activity: Frame 730 time is 17.508ms
04-13 00:40:56.050 22291 22324 I native-activity: Swap 730 time is 32.286ms
04-13 00:40:56.050 22291 22324 I native-activity: Animating
04-13 00:40:56.067 22291 22324 I native-activity: Frame 731 GL error is 0x0
04-13 00:40:56.067 22291 22324 I native-activity: Frame 731 time is 17.053ms
04-13 00:40:56.082 22291 22324 I native-activity: Swap 731 time is 31.793ms
04-13 00:40:56.082 22291 22324 I native-activity: Animating
04-13 00:40:56.104 22291 22324 I native-activity: Frame 732 GL error is 0x0
04-13 00:40:56.104 22291 22324 I native-activity: Frame 732 time is 22.296ms
04-13 00:40:56.119 22291 22324 I native-activity: Swap 732 time is 36.868ms
04-13 00:40:56.119 22291 22324 I native-activity: Animating
04-13 00:40:56.135 22291 22324 I native-activity: Frame 733 GL error is 0x0
04-13 00:40:56.135 22291 22324 I native-activity: Frame 733 time is 16.496ms
04-13 00:40:56.150 22291 22324 I native-activity: Swap 733 time is 31.392ms
04-13 00:40:56.150 22291 22324 I native-activity: Animating
04-13 00:40:56.167 22291 22324 I native-activity: Frame 734 GL error is 0x0
04-13 00:40:56.167 22291 22324 I native-activity: Frame 734 time is 16.461ms
04-13 00:40:56.182 22291 22324 I native-activity: Swap 734 time is 31.307ms
04-13 00:40:56.182 22291 22324 I native-activity: Animating
04-13 00:40:56.199 22291 22324 I native-activity: Frame 735 GL error is 0x0
04-13 00:40:56.199 22291 22324 I native-activity: Frame 735 time is 16.804ms
04-13 00:40:56.214 22291 22324 I native-activity: Swap 735 time is 31.803ms
04-13 00:40:56.214 22291 22324 I native-activity: Animating
04-13 00:40:56.231 22291 22324 I native-activity: Frame 736 GL error is 0x0
04-13 00:40:56.231 22291 22324 I native-activity: Frame 736 time is 16.801ms
04-13 00:40:56.246 22291 22324 I native-activity: Swap 736 time is 31.697ms
04-13 00:40:56.246 22291 22324 I native-activity: Animating
04-13 00:40:56.265 22291 22324 I native-activity: Frame 737 GL error is 0x0
04-13 00:40:56.265 22291 22324 I native-activity: Frame 737 time is 19.444ms
04-13 00:40:56.280 22291 22324 I native-activity: Swap 737 time is 34.020ms
04-13 00:40:56.280 22291 22324 I native-activity: Animating
04-13 00:40:56.297 22291 22324 I native-activity: Frame 738 GL error is 0x0
04-13 00:40:56.297 22291 22324 I native-activity: Frame 738 time is 17.342ms
04-13 00:40:56.312 22291 22324 I native-activity: Swap 738 time is 32.012ms
04-13 00:40:56.312 22291 22324 I native-activity: Animating
04-13 00:40:56.330 22291 22324 I native-activity: Frame 739 GL error is 0x0
04-13 00:40:56.330 22291 22324 I native-activity: Frame 739 time is 17.801ms
04-13 00:40:56.345 22291 22324 I native-activity: Swap 739 time is 32.573ms
04-13 00:40:56.345 22291 22324 I native-activity: Animating
04-13 00:40:56.362 22291 22324 I native-activity: Frame 740 GL error is 0x0
04-13 00:40:56.362 22291 22324 I native-activity: Frame 740 time is 17.000ms
04-13 00:40:56.377 22291 22324 I native-activity: Swap 740 time is 31.733ms
04-13 00:40:56.377 22291 22324 I native-activity: Animating
04-13 00:40:56.402 22291 22324 I native-activity: Frame 741 GL error is 0x0
04-13 00:40:56.402 22291 22324 I native-activity: Frame 741 time is 25.410ms
04-13 00:40:56.417 22291 22324 I native-activity: Swap 741 time is 40.153ms
04-13 00:40:56.417 22291 22324 I native-activity: Animating
04-13 00:40:56.453 22291 22324 I native-activity: Frame 742 GL error is 0x0
04-13 00:40:56.453 22291 22324 I native-activity: Frame 742 time is 35.348ms
04-13 00:40:56.467 22291 22324 I native-activity: Swap 742 time is 49.842ms
04-13 00:40:56.467 22291 22324 I native-activity: Animating
04-13 00:40:56.479 22291 22324 I native-activity: Frame 743 GL error is 0x0
04-13 00:40:56.479 22291 22324 I native-activity: Frame 743 time is 11.881ms
04-13 00:40:56.494 22291 22324 I native-activity: Swap 743 time is 26.270ms
04-13 00:40:56.494 22291 22324 I native-activity: Animating
04-13 00:40:56.504 22291 22324 I native-activity: Frame 744 GL error is 0x0
04-13 00:40:56.505 22291 22324 I native-activity: Frame 744 time is 10.726ms
04-13 00:40:56.518 22291 22324 I native-activity: Swap 744 time is 24.501ms
04-13 00:40:56.518 22291 22324 I native-activity: Animating
04-13 00:40:56.531 22291 22324 I native-activity: Frame 745 GL error is 0x0
04-13 00:40:56.531 22291 22324 I native-activity: Frame 745 time is 12.920ms
04-13 00:40:56.545 22291 22324 I native-activity: Swap 745 time is 26.865ms
04-13 00:40:56.545 22291 22324 I native-activity: Animating
04-13 00:40:56.562 22291 22324 I native-activity: Frame 746 GL error is 0x0
04-13 00:40:56.563 22291 22324 I native-activity: Frame 746 time is 17.033ms
04-13 00:40:56.577 22291 22324 I native-activity: Swap 746 time is 31.356ms
04-13 00:40:56.577 22291 22324 I native-activity: Animating
04-13 00:40:56.595 22291 22324 I native-activity: Frame 747 GL error is 0x0
04-13 00:40:56.595 22291 22324 I native-activity: Frame 747 time is 18.258ms
04-13 00:40:56.609 22291 22324 I native-activity: Swap 747 time is 31.972ms
04-13 00:40:56.609 22291 22324 I native-activity: Animating
04-13 00:40:56.627 22291 22324 I native-activity: Frame 748 GL error is 0x0
04-13 00:40:56.627 22291 22324 I native-activity: Frame 748 time is 18.197ms
04-13 00:40:56.641 22291 22324 I native-activity: Swap 748 time is 31.838ms
04-13 00:40:56.641 22291 22324 I native-activity: Animating
04-13 00:40:56.658 22291 22324 I native-activity: Frame 749 GL error is 0x0
04-13 00:40:56.658 22291 22324 I native-activity: Frame 749 time is 16.725ms
04-13 00:40:56.672 22291 22324 I native-activity: Swap 749 time is 30.724ms
04-13 00:40:56.672 22291 22324 I native-activity: Animating
04-13 00:40:56.691 22291 22324 I native-activity: Frame 750 GL error is 0x0
04-13 00:40:56.691 22291 22324 I native-activity: Frame 750 time is 18.730ms
04-13 00:40:56.705 22291 22324 I native-activity: Swap 750 time is 32.551ms
04-13 00:40:56.705 22291 22324 I native-activity: Animating
04-13 00:40:56.740 22291 22324 I native-activity: Frame 751 GL error is 0x0
04-13 00:40:56.740 22291 22324 I native-activity: Frame 751 time is 35.134ms
04-13 00:40:56.754 22291 22324 I native-activity: Swap 751 time is 49.413ms
04-13 00:40:56.754 22291 22324 I native-activity: Animating
04-13 00:40:56.776 22291 22324 I native-activity: Frame 752 GL error is 0x0
04-13 00:40:56.776 22291 22324 I native-activity: Frame 752 time is 21.684ms
04-13 00:40:56.789 22291 22324 I native-activity: Swap 752 time is 34.887ms
04-13 00:40:56.790 22291 22324 I native-activity: Animating
04-13 00:40:56.808 22291 22324 I native-activity: Frame 753 GL error is 0x0
04-13 00:40:56.808 22291 22324 I native-activity: Frame 753 time is 18.717ms
04-13 00:40:56.821 22291 22324 I native-activity: Swap 753 time is 31.536ms
04-13 00:40:56.821 22291 22324 I native-activity: Animating
04-13 00:40:56.840 22291 22324 I native-activity: Frame 754 GL error is 0x0
04-13 00:40:56.840 22291 22324 I native-activity: Frame 754 time is 18.809ms
04-13 00:40:56.853 22291 22324 I native-activity: Swap 754 time is 31.436ms
04-13 00:40:56.853 22291 22324 I native-activity: Animating
04-13 00:40:56.869 22291 22324 I native-activity: Frame 755 GL error is 0x0
04-13 00:40:56.869 22291 22324 I native-activity: Frame 755 time is 16.138ms
04-13 00:40:56.882 22291 22324 I native-activity: Swap 755 time is 28.801ms
04-13 00:40:56.882 22291 22324 I native-activity: Animating
04-13 00:40:56.898 22291 22324 I native-activity: Frame 756 GL error is 0x0
04-13 00:40:56.898 22291 22324 I native-activity: Frame 756 time is 15.675ms
04-13 00:40:56.910 22291 22324 I native-activity: Swap 756 time is 28.161ms
04-13 00:40:56.910 22291 22324 I native-activity: Animating
04-13 00:40:56.926 22291 22324 I native-activity: Frame 757 GL error is 0x0
04-13 00:40:56.926 22291 22324 I native-activity: Frame 757 time is 15.509ms
04-13 00:40:56.938 22291 22324 I native-activity: Swap 757 time is 28.015ms
04-13 00:40:56.939 22291 22324 I native-activity: Animating
04-13 00:40:56.930    82    82 I Kernel  : [45295.606984].(0)[82:mtk charger_hv_]charging_reset_watch_dog_timer
04-13 00:40:56.930    82    82 I Kernel  : [45295.607912].(0)[82:mtk charger_hv_]array_size = 16 
04-13 00:40:56.955 22291 22324 I native-activity: Frame 758 GL error is 0x0
04-13 00:40:56.955 22291 22324 I native-activity: Frame 758 time is 16.395ms
04-13 00:40:56.968 22291 22324 I native-activity: Swap 758 time is 29.176ms
04-13 00:40:56.968 22291 22324 I native-activity: Animating
04-13 00:40:56.984 22291 22324 I native-activity: Frame 759 GL error is 0x0
04-13 00:40:56.984 22291 22324 I native-activity: Frame 759 time is 16.287ms
04-13 00:40:56.997 22291 22324 I native-activity: Swap 759 time is 29.271ms
04-13 00:40:56.997 22291 22324 I native-activity: Animating
04-13 00:40:57.014 22291 22324 I native-activity: Frame 760 GL error is 0x0
04-13 00:40:57.014 22291 22324 I native-activity: Frame 760 time is 16.968ms
04-13 00:40:57.027 22291 22324 I native-activity: Swap 760 time is 29.992ms
04-13 00:40:57.028 22291 22324 I native-activity: Animating
04-13 00:40:57.056 22291 22324 I native-activity: Frame 761 GL error is 0x0
04-13 00:40:57.056 22291 22324 I native-activity: Frame 761 time is 28.681ms
04-13 00:40:57.040     0     0 I Kernel  : [45295.717580]-(0)[0:swapper/0]dpi vsync
04-13 00:40:57.069 22291 22324 I native-activity: Swap 761 time is 41.839ms
04-13 00:40:57.070 22291 22324 I native-activity: Animating
04-13 00:40:57.110 22291 22324 I native-activity: Frame 762 GL error is 0x0
04-13 00:40:57.110 22291 22324 I native-activity: Frame 762 time is 40.312ms
04-13 00:40:57.123 22291 22324 I native-activity: Swap 762 time is 53.055ms
04-13 00:40:57.123 22291 22324 I native-activity: Animating
