04-13 01:13:15.396   917  2115 W AccountManagerService: insertAccountIntoDatabase: Account {name=default_account, type=amazon.account}, skipping since the account already exists
04-13 01:13:15.405 25557 27432 I F_C.ProducerClientCompa: Producer com.amazon.kindle.cms.card.producer.NEWSSTAND at API version BrazilVersion(1.4).
04-13 01:13:15.406 25557 25643 D AmazonCMS: CardClient: Pushing 2 cards ***** by producer com.amazon.kindle.cms.card.producer.NEWSSTAND
04-13 01:13:15.409   917  1762 W AccountManagerService: insertAccountIntoDatabase: Account {name=default_account, type=amazon.account}, skipping since the account already exists
04-13 01:13:15.413 25557 27432 I F_C.ProducerClientCompa: Connected to ServerInfo(CDA Version: BrazilVersion(1.3.108.0), Min. Producer: BrazilVersion(1.0), Delete All: true)
04-13 01:13:15.420 25616 26586 I F_C.CardAgentSynchroniz: Throttling producer refresh
04-13 01:13:15.420 25616 26586 W F_C.CardProvider: Producer refresh failed
04-13 01:13:15.440   917   932 W AccountManagerService: insertAccountIntoDatabase: Account {name=default_account, type=amazon.account}, skipping since the account already exists
04-13 01:13:15.450   917  1764 W AccountManagerService: insertAccountIntoDatabase: Account {name=default_account, type=amazon.account}, skipping since the account already exists
04-13 01:13:15.472  1787  1787 I AmazonLocationController: onWifiSignalChanged : connected : true
04-13 01:13:15.482   917  2114 W AccountManagerService: insertAccountIntoDatabase: Account {name=default_account, type=amazon.account}, skipping since the account already exists
04-13 01:13:15.495   917  1766 W AccountManagerService: insertAccountIntoDatabase: Account {name=default_account, type=amazon.account}, skipping since the account already exists
04-13 01:13:15.495 25557 26127 I DCP     : [JsonCallExecutor][CallExecutor][168227db-c1d8-4f88-850f-f60140aadcc2][Auth]Received response code 200 OK. Total time = 701 ms. Handshake = 461 ms. Upload = 0 ms (0 bytes). Latency = 239 ms. Download = 0 ms (569 bytes).
04-13 01:13:15.497   917  1763 D WifiService: releaseWifiLockLocked: WifiLock{com.amazon.dcp.framework.iuc.ConnectionEstablisherWithConnectivityEnforcement type=1 binder=android.os.BinderProxy@d1215df}
04-13 01:13:15.523 27385 27403 I native-activity: Frame 241 GL error is 0x501
04-13 01:13:15.523 27385 27403 I native-activity: Frame 241 time is 238.889ms
04-13 01:13:15.525 27385 27403 I native-activity: Swap 241 time is 240.754ms
04-13 01:13:15.525 27385 27403 I native-activity: Animating
04-13 01:13:15.547 27385 27403 I native-activity: Frame 242 GL error is 0x0
04-13 01:13:15.548 27385 27403 I native-activity: Frame 242 time is 22.216ms
04-13 01:13:15.549 27385 27403 I native-activity: Swap 242 time is 23.876ms
04-13 01:13:15.549 27385 27403 I native-activity: Animating
04-13 01:13:15.562 27385 27403 I native-activity: Frame 243 GL error is 0x0
04-13 01:13:15.562 27385 27403 I native-activity: Frame 243 time is 12.251ms
04-13 01:13:15.565 27385 27403 I native-activity: Swap 243 time is 14.615ms
04-13 01:13:15.565 27385 27403 I native-activity: Animating
04-13 01:13:15.572 27385 27403 I native-activity: Frame 244 GL error is 0x0
04-13 01:13:15.572 27385 27403 I native-activity: Frame 244 time is 7.429ms
04-13 01:13:15.574 27385 27403 I native-activity: Swap 244 time is 8.862ms
04-13 01:13:15.574 27385 27403 I native-activity: Animating
04-13 01:13:15.611 27385 27403 I native-activity: Frame 245 GL error is 0x0
04-13 01:13:15.611 27385 27403 I native-activity: Frame 245 time is 36.709ms
04-13 01:13:15.612 27385 27403 I native-activity: Swap 245 time is 38.290ms
04-13 01:13:15.612 27385 27403 I native-activity: Animating
04-13 01:13:15.649 27385 27403 I native-activity: Frame 246 GL error is 0x500
04-13 01:13:15.650 27385 27403 I native-activity: Frame 246 time is 37.127ms
04-13 01:13:15.651 27385 27403 I native-activity: Swap 246 time is 38.670ms
04-13 01:13:15.651 27385 27403 I native-activity: Animating
04-13 01:13:15.694 25557 25643 D AmazonCMS: Performing collection sync type DELTA_SYNC for user *****
04-13 01:13:15.697 25557 25643 V AmazonCMS: SyncClient - [SYNC] Syncing Namespace: [*****]
04-13 01:13:15.700 27385 27403 I native-activity: Frame 247 GL error is 0x501
04-13 01:13:15.700 27385 27403 I native-activity: Frame 247 time is 49.183ms
04-13 01:13:15.702 27385 27403 I native-activity: Swap 247 time is 50.816ms
04-13 01:13:15.702 27385 27403 I native-activity: Animating
04-13 01:13:15.711 27385 27403 I native-activity: Frame 248 GL error is 0x0
04-13 01:13:15.711 27385 27403 I native-activity: Frame 248 time is 8.902ms
04-13 01:13:15.716 27385 27403 I native-activity: Swap 248 time is 13.485ms
04-13 01:13:15.716 27385 27403 I native-activity: Animating
04-13 01:13:15.738 25557 26343 I DCP     : [JsonCallExecutor][CallExecutor][911137e9-a45a-4723-b5e4-ca199e190623][Auth]GET https://api.amazon.com/whispersync/v2/data/amzn1.account.XXXX/datasets?after=108  (attempt 1)
04-13 01:13:15.740   917  2245 D WifiService: acquireWifiLockLocked: WifiLock{com.amazon.dcp.framework.iuc.ConnectionEstablisherWithConnectivityEnforcement type=1 binder=android.os.BinderProxy@dd64565}
04-13 01:13:15.744 25557 27440 I com.amazon.dcp.framework.ConnectivityEnforcer: Network with type -1 is already connected
04-13 01:13:15.730    39    39 I Kernel  : [47234.409415]-(0)[39:kswapd0]dpi vsync
04-13 01:13:15.750 27385 27403 I native-activity: Frame 249 GL error is 0x500
04-13 01:13:15.750 27385 27403 I native-activity: Frame 249 time is 33.495ms
04-13 01:13:15.751 27385 27403 I native-activity: Swap 249 time is 34.909ms
04-13 01:13:15.752 27385 27403 I native-activity: Animating
04-13 01:13:15.763 27385 27403 I native-activity: Frame 250 GL error is 0x0
04-13 01:13:15.763 27385 27403 I native-activity: Frame 250 time is 11.094ms
04-13 01:13:15.766 27385 27403 I native-activity: Swap 250 time is 14.083ms
04-13 01:13:15.766 27385 27403 I native-activity: Animating
04-13 01:13:15.775   917  1766 D ActivityManager: single user service: com.amazon.imp
04-13 01:13:15.778   917  1766 D ActivityManager: app = com.amazon.imp, has single user service, setting process record.
04-13 01:13:15.781 27385 27403 I native-activity: Frame 251 GL error is 0x500
04-13 01:13:15.781 27385 27403 I native-activity: Frame 251 time is 14.150ms
04-13 01:13:15.783 27385 27403 I native-activity: Swap 251 time is 16.741ms
04-13 01:13:15.783 27385 27403 I native-activity: Animating
04-13 01:13:15.800 27385 27403 I native-activity: Frame 252 GL error is 0x501
04-13 01:13:15.800 27385 27403 I native-activity: Frame 252 time is 16.783ms
04-13 01:13:15.805 27385 27403 I native-activity: Swap 252 time is 21.277ms
04-13 01:13:15.805 27385 27403 I native-activity: Animating
04-13 01:13:15.815 27385 27403 I native-activity: Frame 253 GL error is 0x0
04-13 01:13:15.815 27385 27403 I native-activity: Frame 253 time is 9.722ms
04-13 01:13:15.821 27385 27403 I native-activity: Swap 253 time is 16.188ms
04-13 01:13:15.821 27385 27403 I native-activity: Animating
04-13 01:13:15.835 27385 27403 I native-activity: Frame 254 GL error is 0x0
04-13 01:13:15.835 27385 27403 I native-activity: Frame 254 time is 13.358ms
04-13 01:13:15.840 27385 27403 I native-activity: Swap 254 time is 18.422ms
04-13 01:13:15.840 27385 27403 I native-activity: Animating
04-13 01:13:15.850 27385 27403 I native-activity: Frame 255 GL error is 0x0
04-13 01:13:15.850 27385 27403 I native-activity: Frame 255 time is 10.130ms
04-13 01:13:15.859 27385 27403 I native-activity: Swap 255 time is 18.270ms
04-13 01:13:15.859 27385 27403 I native-activity: Animating
04-13 01:13:15.872 27385 27403 I native-activity: Frame 256 GL error is 0x0
04-13 01:13:15.872 27385 27403 I native-activity: Frame 256 time is 12.814ms
04-13 01:13:15.877 27385 27403 I native-activity: Swap 256 time is 17.838ms
04-13 01:13:15.877 27385 27403 I native-activity: Animating
04-13 01:13:15.887 27385 27403 I native-activity: Frame 257 GL error is 0x0
04-13 01:13:15.887 27385 27403 I native-activity: Frame 257 time is 9.776ms
04-13 01:13:15.895 27385 27403 I native-activity: Swap 257 time is 18.055ms
04-13 01:13:15.895 27385 27403 I native-activity: Animating
04-13 01:13:15.905 27385 27403 I native-activity: Frame 258 GL error is 0x0
04-13 01:13:15.905 27385 27403 I native-activity: Frame 258 time is 9.863ms
04-13 01:13:15.913 27385 27403 I native-activity: Swap 258 time is 18.106ms
04-13 01:13:15.914 27385 27403 I native-activity: Animating
04-13 01:13:15.922 27385 27403 I native-activity: Context 0xb91b9168 made current on surface 0xb9197c38, error 0x3000
04-13 01:13:15.922 27385 27403 I native-activity: GL information
04-13 01:13:15.922 27385 27403 I native-activity: 	Renderer: Mali-450 MP
04-13 01:13:15.922 27385 27403 I native-activity: 	Vendor: ARM
04-13 01:13:15.922 27385 27403 I native-activity: 	Version: OpenGL ES 2.0
04-13 01:13:15.922 27385 27403 I native-activity: 	Shading Language: OpenGL ES GLSL ES 1.00
04-13 01:13:15.922 27385 27403 I native-activity: 	Extensions: GL_EXT_debug_marker GL_OES_texture_npot GL_OES_compressed_ETC1_RGB8_texture GL_OES_standard_derivatives GL_OES_EGL_image GL_OES_depth24 GL_ARM_rgba8 GL_ARM_mali_shader_binary GL_OES_depth_texture GL_OES_packed_depth_stencil GL_EXT_texture_format_BGRA8888 GL_OES_vertex_half_float GL_EXT_blend_minmax GL_OES_EGL_image_external GL_OES_EGL_sync GL_OES_rgb8_rgba8 GL_EXT_multisampled_render_to_texture GL_EXT_discard_framebuffer GL_OES_get_program_binary GL_ARM_mali_program_binary GL_EXT_shader_texture_lod GL_EXT_robustness GL_OES_depth_texture_cube_map GL_KHR_debug 
04-13 01:13:15.922 27385 27403 I native-activity: Context 0xb91b9168 made current on surface 0xb9197c38, error 0x3000
04-13 01:13:15.922 27385 27403 I native-activity: GL information
04-13 01:13:15.922 27385 27403 I native-activity: 	Renderer: Mali-450 MP
04-13 01:13:15.922 27385 27403 I native-activity: 	Vendor: ARM
04-13 01:13:15.922 27385 27403 I native-activity: 	Version: OpenGL ES 2.0
04-13 01:13:15.922 27385 27403 I native-activity: 	Shading Language: OpenGL ES GLSL ES 1.00
04-13 01:13:15.922 27385 27403 I native-activity: 	Extensions: GL_EXT_debug_marker GL_OES_texture_npot GL_OES_compressed_ETC1_RGB8_texture GL_OES_standard_derivatives GL_OES_EGL_image GL_OES_depth24 GL_ARM_rgba8 GL_ARM_mali_shader_binary GL_OES_depth_texture GL_OES_packed_depth_stencil GL_EXT_texture_format_BGRA8888 GL_OES_vertex_half_float GL_EXT_blend_minmax GL_OES_EGL_image_external GL_OES_EGL_sync GL_OES_rgb8_rgba8 GL_EXT_multisampled_render_to_texture GL_EXT_discard_framebuffer GL_OES_get_program_binary GL_ARM_mali_program_binary GL_EXT_shader_texture_lod GL_EXT_robustness GL_OES_depth_texture_cube_map GL_KHR_debug 
04-13 01:13:15.922 27385 27403 I native-activity: Frame 259 GL error is 0x501
04-13 01:13:15.922 27385 27403 I native-activity: Frame 259 time is 8.787ms
04-13 01:13:15.932 27385 27403 I native-activity: Swap 259 time is 18.888ms
04-13 01:13:15.933 27385 27403 I native-activity: Animating
04-13 01:13:15.942 27385 27403 I native-activity: Frame 260 GL error is 0x500
04-13 01:13:15.942 27385 27403 I native-activity: Frame 260 time is 9.329ms
04-13 01:13:15.951 27385 27403 I native-activity: Swap 260 time is 18.775ms
04-13 01:13:15.952 27385 27403 I native-activity: Animating
04-13 01:13:15.964 27385 27403 I native-activity: Frame 261 GL error is 0x0
04-13 01:13:15.965 27385 27403 I native-activity: Frame 261 time is 12.827ms
04-13 01:13:15.970 27385 27403 I native-activity: Swap 261 time is 18.027ms
04-13 01:13:15.970 27385 27403 I native-activity: Animating
04-13 01:13:15.981 27385 27403 I native-activity: Frame 262 GL error is 0x0
04-13 01:13:15.981 27385 27403 I native-activity: Frame 262 time is 10.896ms
04-13 01:13:15.988 27385 27403 I native-activity: Swap 262 time is 18.197ms
04-13 01:13:15.988 27385 27403 I native-activity: Animating
04-13 01:13:16.002 27385 27403 I native-activity: Frame 263 GL error is 0x0
04-13 01:13:16.002 27385 27403 I native-activity: Frame 263 time is 13.743ms
04-13 01:13:16.006 27385 27403 I native-activity: Swap 263 time is 17.968ms
04-13 01:13:16.007 27385 27403 I native-activity: Animating
04-13 01:13:16.018 27385 27403 I native-activity: Frame 264 GL error is 0x0
04-13 01:13:16.018 27385 27403 I native-activity: Frame 264 time is 11.553ms
04-13 01:13:16.025 27385 27403 I native-activity: Swap 264 time is 18.314ms
04-13 01:13:16.025 27385 27403 I native-activity: Animating
04-13 01:13:16.036 27385 27403 I native-activity: Frame 265 GL error is 0x0
04-13 01:13:16.036 27385 27403 I native-activity: Frame 265 time is 10.920ms
04-13 01:13:16.043 27385 27403 I native-activity: Swap 265 time is 18.089ms
04-13 01:13:16.043 27385 27403 I native-activity: Animating
04-13 01:13:16.057 27385 27403 I native-activity: Frame 266 GL error is 0x0
04-13 01:13:16.058 27385 27403 I native-activity: Frame 266 time is 14.117ms
04-13 01:13:16.062 27385 27403 I native-activity: Swap 266 time is 18.070ms
04-13 01:13:16.062 27385 27403 I native-activity: Animating
04-13 01:13:16.066   917   937 W AmazonGidPackageManagerCallback: Launching com.amazon.sync.service (32107) with AMZ_APP_GID
04-13 01:13:16.074   183   183 W art     : PreZygoteFork called when we already have a zygote space.
04-13 01:13:16.077 27385 27403 I native-activity: Frame 267 GL error is 0x0
04-13 01:13:16.077 27385 27403 I native-activity: Frame 267 time is 15.041ms
04-13 01:13:16.060   183 27389 I Kernel  : [47234.734620].(3)[27389:HeapTrimmerDaem]name:Log.amazon_main_1944 unmap vm_start b4697000  end: b4699000
04-13 01:13:16.081 27385 27403 I native-activity: Swap 267 time is 19.362ms
04-13 01:13:16.081 27385 27403 I native-activity: Animating
04-13 01:13:16.088 25557 26343 I DCP     : [JsonCallExecutor][CallExecutor][911137e9-a45a-4723-b5e4-ca199e190623][Auth]Received response code 200 OK. Total time = 349 ms. Handshake = 91 ms. Upload = 0 ms (0 bytes). Latency = 255 ms. Download = 1 ms (425 bytes).
04-13 01:13:16.093   917   937 I ActivityManager: Start proc 27441:com.amazon.sync.service/u0a22107 for broadcast com.amazon.sync.service/com.amazon.sync.framework.interval.AlarmSyncBroadcastReceiver
04-13 01:13:16.095   917   932 D WifiService: releaseWifiLockLocked: WifiLock{com.amazon.dcp.framework.iuc.ConnectionEstablisherWithConnectivityEnforcement type=1 binder=android.os.BinderProxy@dd64565}
04-13 01:13:16.102 27385 27403 I native-activity: Frame 268 GL error is 0x0
04-13 01:13:16.103 27385 27403 I native-activity: Frame 268 time is 20.981ms
04-13 01:13:16.108 27385 27403 I native-activity: Swap 268 time is 26.275ms
04-13 01:13:16.108 27385 27403 I native-activity: Animating
04-13 01:13:16.128 27385 27403 I native-activity: Frame 269 GL error is 0x0
04-13 01:13:16.128 27385 27403 I native-activity: Frame 269 time is 19.807ms
04-13 01:13:16.129 27441 27441 D ActivityManager: default service binder = android.os.BinderProxy@11338850
04-13 01:13:16.129 27441 27441 D ActivityManager: default service = android.app.ActivityManagerProxy@4599a49
04-13 01:13:16.133 27385 27403 I native-activity: Swap 269 time is 24.753ms
04-13 01:13:16.135 27385 27403 I native-activity: Animating
04-13 01:13:16.140 27441 27441 D VendorDisplayManagerGlobalCallback: callGetInstance: nil
04-13 01:13:16.148 27385 27403 I native-activity: Frame 270 GL error is 0x0
04-13 01:13:16.149 27385 27403 I native-activity: Frame 270 time is 13.822ms
04-13 01:13:16.151 27385 27403 I native-activity: Swap 270 time is 15.934ms
04-13 01:13:16.151 27385 27403 I native-activity: Animating
04-13 01:13:16.161 27385 27403 I native-activity: Frame 271 GL error is 0x0
04-13 01:13:16.162 27385 27403 I native-activity: Frame 271 time is 10.384ms
04-13 01:13:16.168 27385 27403 I native-activity: Swap 271 time is 16.320ms
04-13 01:13:16.168 27385 27403 I native-activity: Animating
04-13 01:13:16.181 27385 27403 I native-activity: Frame 272 GL error is 0x0
04-13 01:13:16.181 27385 27403 I native-activity: Frame 272 time is 13.332ms
04-13 01:13:16.186 27385 27403 I native-activity: Swap 272 time is 18.483ms
04-13 01:13:16.187 27385 27403 I native-activity: Animating
04-13 01:13:16.170    82    82 I Kernel  : [47234.850399].(0)[82:mtk charger_hv_]charging_reset_watch_dog_timer
04-13 01:13:16.170    82    82 I Kernel  : [47234.851461].(0)[82:mtk charger_hv_]array_size = 16 
04-13 01:13:16.200 27385 27403 I native-activity: Frame 273 GL error is 0x0
04-13 01:13:16.200 27385 27403 I native-activity: Frame 273 time is 13.424ms
04-13 01:13:16.205 27385 27403 I native-activity: Swap 273 time is 18.196ms
04-13 01:13:16.205 27385 27403 I native-activity: Animating
04-13 01:13:16.219 27441 27441 I ContextImpl: com.amazon.client.metrics.api registered service at i = 68
04-13 01:13:16.227 27441 27441 D ProfileManager: Create ProfileManager instance
04-13 01:13:16.232 27385 27403 I native-activity: Frame 274 GL error is 0x501
04-13 01:13:16.232 27385 27403 I native-activity: Frame 274 time is 26.373ms
04-13 01:13:16.234 27385 27403 I native-activity: Swap 274 time is 28.657ms
04-13 01:13:16.234 27385 27403 I native-activity: Animating
04-13 01:13:16.244 27385 27403 I native-activity: Frame 275 GL error is 0x0
04-13 01:13:16.244 27385 27403 I native-activity: Frame 275 time is 10.384ms
04-13 01:13:16.247 27385 27403 I native-activity: Swap 275 time is 13.312ms
04-13 01:13:16.248 27385 27403 I native-activity: Animating
04-13 01:13:16.248 27441 27459 I ...h.device.api.MAPInit: Initializing MAP (130050002 / MAPAndroidLib-1.0.1435.0) for app com.amazon.sync.service
04-13 01:13:16.253 27441 27441 V Metrics:: getService : Sent explicit intent to bind to metrics service. Service will be bound asynchronously.
04-13 01:13:16.258 27385 27403 I native-activity: Frame 276 GL error is 0x0
04-13 01:13:16.258 27385 27403 I native-activity: Frame 276 time is 10.392ms
04-13 01:13:16.266 27385 27403 I native-activity: Swap 276 time is 18.143ms
04-13 01:13:16.266 27385 27403 I native-activity: Animating
04-13 01:13:16.270   917  1766 W AccountManagerService: insertAccountIntoDatabase: Account {name=ContentSyncFramework, type=amazon.account}, skipping since the account already exists
04-13 01:13:16.283 27441 27441 V Metrics:: onServiceConnected : service android.os.BinderProxy@e8a62b2
04-13 01:13:16.284 27441 27459 I com.amazon.dcp.settings.BackgroundSynchronizer: Requesting sync with content provider.
04-13 01:13:16.285 27441 27459 I com.amazon.dcp.settings.BackgroundSynchronizer: Waiting for initial sync...
04-13 01:13:16.284 27441 27458 I ContentSyncFramework: Received Alarm - *****
04-13 01:13:16.286 27441 27460 D AndroidMetricsFactoryImpl: shouldRecordMetrics : First time check recordMetricsSetting
04-13 01:13:16.287 27441 27460 D AndroidMetricsFactoryImpl: shouldRecordMetrics : lastRecordSettingReadTime after IPC call getRecordMetricsSetting : 1492071196287
04-13 01:13:16.292 27385 27403 I native-activity: Frame 277 GL error is 0x0
04-13 01:13:16.292 27385 27403 I native-activity: Frame 277 time is 25.351ms
04-13 01:13:16.293 27441 27461 I com.amazon.dcp.settings.SettingsCacheUpdater: took 6 millis to get the SettingsProvider
04-13 01:13:16.293 27441 27461 I com.amazon.dcp.settings.SettingsCacheUpdater: Starting sync with content provider.
04-13 01:13:16.294 27385 27403 I native-activity: Swap 277 time is 28.022ms
04-13 01:13:16.295 27385 27403 I native-activity: Animating
04-13 01:13:16.305 27441 27458 I ContentSyncFramework: ContentSyncService Received Intent com.amazon.sync.PROVIDER_ALARM
04-13 01:13:16.305 27385 27403 I native-activity: Frame 278 GL error is 0x0
04-13 01:13:16.305 27385 27403 I native-activity: Frame 278 time is 10.127ms
04-13 01:13:16.310 27441 27458 I ContentSyncFramework: Discovered 20 packages with SyncProviders: [ResolveInfo{28582b5f com.amazon.readynowcore/.SyncService m=0x108000}, ResolveInfo{353b99ac com.amazon.kindle.cms/.SyncService m=0x108000}, ResolveInfo{1a3b0675 com.amazon.webapp/com.amazon.kindlestore.contentsync.SyncService m=0x108000}, ResolveInfo{1a97960a com.goodreads.kindle/.csf.SyncService m=0x108000}, ResolveInfo{17fe1e7b com.amazon.venezia/com.amazon.mas.client.appsharing.sync.AppSharingSyncAdapter$SyncService m=0x108000}, ResolveInfo{329ea498 com.amazon.venezia/com.amazon.mas.client.notifications.NotificationSyncAdapter$NotificationSyncService m=0x108000}, ResolveInfo{94294f1 com.amazon.venezia/com.amazon.mas.client.authentication.sync.AuthenticationSyncAdapter$SyncService m=0x108000}, ResolveInfo{1e2108d6 com.amazon.venezia/com.amazon.mas.client.ftue.FtueSyncAdapter$SyncService m=0x108000}, ResolveInfo{10462757 com.amazon.venezia/com.amazon.mas.client.pfmcor.PfmCorSyncAdapter$SyncService m=0x108000}, ResolveInfo{12257244 com.amazon.venezia/com.amazon.mas.client.cmsservice.CmsCorPfmSyncAdapter$SyncService m=0x108000}, ResolveInfo{75a8f2d com.amazon.venezia/.backup.pdi.RestoreContentSyncAdapter$SyncService m=0x108000}, ResolveInfo{22fcdc62 com.amazon.venezia/.twitch.csf.TwitchSyncService m=0x108000}, ResolveInfo{69be1f3 com.amazon.venezia/com.amazon.insider.csf.InsiderSyncService m=0x108000}, ResolveInfo{4296eb0 com.amazon.photos/com.amazon.gallery.thor.cds.GalleryMetadataSyncService m=0x108000}, ResolveInfo{317df129 com.amazon.photos/com.amazon.gallery.thor.syncframework.NewPromotionSyncService m=0x108000}, ResolveInfo{20d05cae com.amazon.firelauncher/.arcus.LauncherArcusSyncService m=0x108000}, ResolveInfo{1188aa4f com.amazon.firelauncher/.weblab.sync.WeblabSyncService m=0x108000}, ResolveInfo{232ec5dc com.amazon.avod/.sync.syncadapter.ATVSyncService m=0x108000}, ResolveInfo{1f5b76e5 com.audible.application.kindle/com.audible.application.firetablet.library.CsfServiceImpl m=0x108000}, ResolveInfo{124995ba com.amazon.kindle/.sync.SyncService m=0x108000}]
04-13 01:13:16.311 27385 27403 I native-activity: Swap 278 time is 16.036ms
04-13 01:13:16.311 27385 27403 I native-activity: Animating
04-13 01:13:16.323 27385 27403 I native-activity: Frame 279 GL error is 0x0
04-13 01:13:16.323 27385 27403 I native-activity: Frame 279 time is 11.788ms
04-13 01:13:16.330 27385 27403 I native-activity: Swap 279 time is 19.122ms
04-13 01:13:16.330 27385 27403 I native-activity: Animating
04-13 01:13:16.340 27385 27403 I native-activity: Frame 280 GL error is 0x0
04-13 01:13:16.341 27385 27403 I native-activity: Frame 280 time is 10.112ms
04-13 01:13:16.343 27441 27461 I com.amazon.dcp.settings.SettingsCacheUpdater: Sync with content provider complete. Values processed: 165
04-13 01:13:16.343 27441 27459 I com.amazon.dcp.settings.BackgroundSynchronizer: Wait for initial sync complete.
04-13 01:13:16.350 27385 27403 I native-activity: Swap 280 time is 19.565ms
04-13 01:13:16.350 27385 27403 I native-activity: Animating
04-13 01:13:16.361 27441 27459 I ...ures.FeatureSetCache: Caching feature IsolateApplication as false
04-13 01:13:16.362 27385 27403 I native-activity: Frame 281 GL error is 0x0
04-13 01:13:16.363 27385 27403 I native-activity: Frame 281 time is 12.124ms
04-13 01:13:16.372 27385 27403 I native-activity: Swap 281 time is 21.080ms
04-13 01:13:16.372 27385 27403 I native-activity: Animating
04-13 01:13:16.383 27385 27403 I native-activity: Frame 282 GL error is 0x0
04-13 01:13:16.383 27385 27403 I native-activity: Frame 282 time is 11.233ms
04-13 01:13:16.383 27441 27459 I ...tils.CentralApkUtils: Retrieved central APK info from package manager using content provider content://com.amazon.map.generic_ipc. The package name is : com.amazon.imp and version is: 130183110.
04-13 01:13:16.391 27385 27403 I native-activity: Swap 282 time is 18.749ms
04-13 01:13:16.391 27385 27403 I native-activity: Animating
04-13 01:13:16.391 27441 27462 I ...taStorageFactoryImpl: Creating new DataStorageFactoryImpl
04-13 01:13:16.392 27441 27462 I ...amework.MAPInitTasks: Get DataStorage instance for initialization
04-13 01:13:16.392 27441 27462 I ...taStorageFactoryImpl: Initializing new DataStorage
04-13 01:13:16.400 27441 27462 I ...DeviceAttributeCache: Setting device attribute CentralAPK to true
04-13 01:13:16.400 27441 27462 I ...taStorageFactoryImpl: Creating and using new NonCanonicalDataStorage
04-13 01:13:16.402 27385 27403 I native-activity: Frame 283 GL error is 0x0
04-13 01:13:16.402 27385 27403 I native-activity: Frame 283 time is 11.041ms
04-13 01:13:16.408 27385 27403 I native-activity: Swap 283 time is 17.180ms
04-13 01:13:16.408 27385 27403 I native-activity: Animating
04-13 01:13:16.417 27441 27462 I ...amework.MAPInitTasks: Initialize DataStorage instance
04-13 01:13:16.417 27441 27462 I ...amework.MAPInitTasks: Setup DataStorage instance
04-13 01:13:16.422 27385 27403 I native-activity: Frame 284 GL error is 0x0
04-13 01:13:16.422 27385 27403 I native-activity: Frame 284 time is 13.741ms
04-13 01:13:16.427 27385 27403 I native-activity: Swap 284 time is 18.721ms
04-13 01:13:16.427 27385 27403 I native-activity: Animating
04-13 01:13:16.438 27385 27403 I native-activity: Frame 285 GL error is 0x0
04-13 01:13:16.438 27385 27403 I native-activity: Frame 285 time is 10.851ms
04-13 01:13:16.446 27385 27403 I native-activity: Swap 285 time is 19.017ms
04-13 01:13:16.447 27385 27403 I native-activity: Animating
04-13 01:13:16.457 27385 27403 I native-activity: Frame 286 GL error is 0x0
04-13 01:13:16.457 27385 27403 I native-activity: Frame 286 time is 9.356ms
04-13 01:13:16.465 27385 27403 I native-activity: Swap 286 time is 17.323ms
04-13 01:13:16.465 27385 27403 I native-activity: Animating
04-13 01:13:16.476 27385 27403 I native-activity: Frame 287 GL error is 0x0
04-13 01:13:16.476 27385 27403 I native-activity: Frame 287 time is 11.120ms
04-13 01:13:16.484 27385 27403 I native-activity: Swap 287 time is 18.850ms
04-13 01:13:16.484 27385 27403 I native-activity: Animating
04-13 01:13:16.496 27385 27403 I native-activity: Frame 288 GL error is 0x0
04-13 01:13:16.496 27385 27403 I native-activity: Frame 288 time is 11.190ms
04-13 01:13:16.480  2137  2137 I Kernel  : [47235.161084][wlan] nicTxReleaseResource: (TX STATE)
04-13 01:13:16.480  2137  2137 I Kernel  : Release: TC4 count 1, Free=3; TC5 count 0, Free=4
04-13 01:13:16.480  2159  2159 I Kernel  : [47235.161265].(0)[2159:wpa_supplicant]poorlink get state G(363146)F(49)dbad(0)dretry(0)LT(540)RT(-74)W(0)(12836)
04-13 01:13:16.490  2137  2137 I Kernel  : [47235.162229][wlan] nicTxReleaseResource: (TX STATE)
04-13 01:13:16.490  2137  2137 I Kernel  : Release: TC4 count 1, Free=4; TC5 count 0, Free=4
04-13 01:13:16.502   917  1642 D ConnectivityService: updateNetworkScore for NetworkAgentInfo [WIFI () - 100] to 60
04-13 01:13:16.502   917  1642 D ConnectivityService: rematching NetworkAgentInfo [WIFI () - 100]
04-13 01:13:16.502   917  1642 D ConnectivityService: Network NetworkAgentInfo [WIFI () - 100] was already satisfying request 1. No change.
04-13 01:13:16.502   917  1642 D ConnectivityService: notifyType AVAILABLE for NetworkAgentInfo [WIFI () - 100]
04-13 01:13:16.504  1787  2595 D ConnectivityManager.CallbackHandler: CM callback handler got msg 524290
04-13 01:13:16.505 27385 27403 I native-activity: Swap 288 time is 20.931ms
04-13 01:13:16.506 27385 27403 I native-activity: Animating
04-13 01:13:16.506 27188 27323 D ConnectivityManager.CallbackHandler: CM callback handler got msg 524290
04-13 01:13:16.509 26104 26333 D ConnectivityManager.CallbackHandler: CM callback handler got msg 524290
04-13 01:13:16.516 27385 27403 I native-activity: Frame 289 GL error is 0x0
04-13 01:13:16.517 27385 27403 I native-activity: Frame 289 time is 10.898ms
04-13 01:13:16.519 27441 27462 W ...h.device.api.MAPInit: AdsIdentity class not found.
04-13 01:13:16.522 27385 27403 I native-activity: Swap 289 time is 16.579ms
04-13 01:13:16.522 27385 27403 I native-activity: Animating
04-13 01:13:16.533 27385 27403 I native-activity: Frame 290 GL error is 0x0
04-13 01:13:16.533 27385 27403 I native-activity: Frame 290 time is 10.825ms
04-13 01:13:16.543 27385 27403 I native-activity: Swap 290 time is 20.083ms
04-13 01:13:16.543 27385 27403 I native-activity: Animating
04-13 01:13:16.552 27385 27403 I native-activity: Frame 291 GL error is 0x0
04-13 01:13:16.552 27385 27403 I native-activity: Frame 291 time is 9.577ms
04-13 01:13:16.560 27385 27403 I native-activity: Swap 291 time is 16.816ms
04-13 01:13:16.560 27385 27403 I native-activity: Animating
04-13 01:13:16.572 27385 27403 I native-activity: Frame 292 GL error is 0x0
04-13 01:13:16.572 27385 27403 I native-activity: Frame 292 time is 11.926ms
04-13 01:13:16.581 27385 27403 I native-activity: Swap 292 time is 20.988ms
04-13 01:13:16.581 27385 27403 I native-activity: Animating
04-13 01:13:16.592 27385 27403 I native-activity: Frame 293 GL error is 0x0
04-13 01:13:16.592 27385 27403 I native-activity: Frame 293 time is 10.950ms
04-13 01:13:16.600 25557 26348 I DCP     : Sending 0 dataset update for 'CloudCollections' namespace
04-13 01:13:16.601 27385 27403 I native-activity: Swap 293 time is 19.185ms
04-13 01:13:16.601 27385 27403 I native-activity: Animating
04-13 01:13:16.600 27441 27460 W asset   : Asset path /system/framework/android.amazon.res.jar is neither a directory nor file (type=1).
04-13 01:13:16.602 27441 27460 W ResourcesManager: Asset path '/system/framework/android.amazon.res.jar' does not exist or contains no resources.
04-13 01:13:16.610 27385 27403 I native-activity: Frame 294 GL error is 0x0
04-13 01:13:16.610 27385 27403 I native-activity: Frame 294 time is 9.529ms
04-13 01:13:16.621 27385 27403 I native-activity: Swap 294 time is 20.453ms
04-13 01:13:16.623 27385 27403 I native-activity: Animating
04-13 01:13:16.633 27385 27403 I native-activity: Frame 295 GL error is 0x0
04-13 01:13:16.633 27385 27403 I native-activity: Frame 295 time is 10.363ms
04-13 01:13:16.640 27385 27403 I native-activity: Swap 295 time is 17.285ms
04-13 01:13:16.641 27385 27403 I native-activity: Animating
04-13 01:13:16.649 27385 27403 I native-activity: Frame 296 GL error is 0x0
04-13 01:13:16.649 27385 27403 I native-activity: Frame 296 time is 8.350ms
04-13 01:13:16.653 25557 25643 V AmazonCMS: SyncClient - [SYNC] Syncing Namespace: [*****]
04-13 01:13:16.658 27385 27403 I native-activity: Swap 296 time is 16.963ms
04-13 01:13:16.658 27385 27403 I native-activity: Animating
04-13 01:13:16.669 27385 27403 I native-activity: Frame 297 GL error is 0x0
04-13 01:13:16.669 27385 27403 I native-activity: Frame 297 time is 10.812ms
04-13 01:13:16.677 27385 27403 I native-activity: Swap 297 time is 19.129ms
04-13 01:13:16.677 27385 27403 I native-activity: Animating
04-13 01:13:16.687 27385 27403 I native-activity: Frame 298 GL error is 0x0
04-13 01:13:16.687 27385 27403 I native-activity: Frame 298 time is 9.605ms
04-13 01:13:16.689 25557 26350 I DCP     : Sending 0 dataset update for 'CloudCollections.Items' namespace
04-13 01:13:16.689 27441 27460 W asset   : Asset path /system/framework/android.amazon.res.jar is neither a directory nor file (type=1).
04-13 01:13:16.689 27441 27460 W ResourcesManager: Asset path '/system/framework/android.amazon.res.jar' does not exist or contains no resources.
04-13 01:13:16.699 27385 27403 I native-activity: Swap 298 time is 21.284ms
04-13 01:13:16.699 27385 27403 I native-activity: Animating
04-13 01:13:16.710 27385 27403 I native-activity: Frame 299 GL error is 0x0
04-13 01:13:16.710 27385 27403 I native-activity: Frame 299 time is 10.862ms
04-13 01:13:16.716 27385 27403 I native-activity: Swap 299 time is 16.707ms
04-13 01:13:16.716 27385 27403 I native-activity: Animating
04-13 01:13:16.725 27385 27403 I native-activity: Frame 300 GL error is 0x0
04-13 01:13:16.725 27385 27403 I native-activity: Frame 300 time is 9.167ms
04-13 01:13:16.725 27441 27460 W asset   : Asset path /system/framework/android.amazon.res.jar is neither a directory nor file (type=1).
04-13 01:13:16.726 27441 27460 W ResourcesManager: Asset path '/system/framework/android.amazon.res.jar' does not exist or contains no resources.
04-13 01:13:16.735 27385 27403 I native-activity: Swap 300 time is 18.667ms
04-13 01:13:16.735 27385 27403 I native-activity: Animating
04-13 01:13:16.746 27385 27403 I native-activity: Frame 301 GL error is 0x0
04-13 01:13:16.746 27385 27403 I native-activity: Frame 301 time is 10.539ms
04-13 01:13:16.755 27385 27403 I native-activity: Swap 301 time is 19.710ms
04-13 01:13:16.755 27385 27403 I native-activity: Animating
04-13 01:13:16.763 27385 27403 I native-activity: Frame 302 GL error is 0x0
04-13 01:13:16.763 27385 27403 I native-activity: Frame 302 time is 8.119ms
04-13 01:13:16.773 27385 27403 I native-activity: Swap 302 time is 17.459ms
04-13 01:13:16.773 27385 27403 I native-activity: Animating
04-13 01:13:16.782 27385 27403 I native-activity: Frame 303 GL error is 0x0
04-13 01:13:16.782 27385 27403 I native-activity: Frame 303 time is 9.360ms
04-13 01:13:16.791 27385 27403 I native-activity: Swap 303 time is 17.946ms
04-13 01:13:16.791 27385 27403 I native-activity: Animating
04-13 01:13:16.799 27385 27403 I native-activity: Frame 304 GL error is 0x0
04-13 01:13:16.799 27385 27403 I native-activity: Frame 304 time is 8.161ms
04-13 01:13:16.810 27385 27403 I native-activity: Swap 304 time is 18.575ms
04-13 01:13:16.810 27385 27403 I native-activity: Animating
04-13 01:13:16.821 27385 27403 I native-activity: Frame 305 GL error is 0x0
04-13 01:13:16.821 27385 27403 I native-activity: Frame 305 time is 10.680ms
04-13 01:13:16.829 27385 27403 I native-activity: Swap 305 time is 18.873ms
04-13 01:13:16.829 27385 27403 I native-activity: Animating
04-13 01:13:16.837 27441 27460 D empty   : Zip: EOCD not found, /system/framework/amazon-ads-registration.jar is not zip
04-13 01:13:16.837 27441 27460 W zipro   : Error opening archive /system/framework/amazon-ads-registration.jar: Invalid file
04-13 01:13:16.837 27441 27460 D asset   : failed to open Zip archive '/system/framework/amazon-ads-registration.jar'
04-13 01:13:16.838 27385 27403 I native-activity: Frame 306 GL error is 0x0
04-13 01:13:16.838 27385 27403 I native-activity: Frame 306 time is 8.818ms
04-13 01:13:16.844 27441 27458 I ContentSyncFramework: Found 28 SyncProvider configurations
04-13 01:13:16.847 27385 27403 I native-activity: Swap 306 time is 17.638ms
04-13 01:13:16.847 27385 27403 I native-activity: Animating
04-13 01:13:16.857 27385 27403 I native-activity: Frame 307 GL error is 0x0
04-13 01:13:16.857 27385 27403 I native-activity: Frame 307 time is 9.746ms
04-13 01:13:16.864 27441 27458 I ContentSyncFramework: Loaded 28 SyncProvider configurations, cached in: <SyncProviderCache intent:10 periodic:11>
04-13 01:13:16.866 27385 27403 I native-activity: Swap 307 time is 18.186ms
04-13 01:13:16.866 27385 27403 I native-activity: Animating
04-13 01:13:16.875 27385 27403 I native-activity: Frame 308 GL error is 0x0
04-13 01:13:16.875 27385 27403 I native-activity: Frame 308 time is 9.594ms
04-13 01:13:16.885 27385 27403 I native-activity: Swap 308 time is 19.160ms
04-13 01:13:16.885 27385 27403 I native-activity: Animating
04-13 01:13:16.897 27385 27403 I native-activity: Frame 309 GL error is 0x0
04-13 01:13:16.897 27385 27403 I native-activity: Frame 309 time is 11.505ms
04-13 01:13:16.900 27441 27458 I ContentSyncFramework: Received Alarm - *****
04-13 01:13:16.903 27385 27403 I native-activity: Swap 309 time is 18.055ms
04-13 01:13:16.904 27385 27403 I native-activity: Animating
04-13 01:13:16.913 27441 27458 I ContentSyncFramework: ContentSyncService Received Intent com.amazon.sync.PROVIDER_ALARM
04-13 01:13:16.916 27441 27458 I ContentSyncFramework: Received Alarm - *****
04-13 01:13:16.919 27441 27458 I ContentSyncFramework: ContentSyncService Received Intent com.amazon.sync.PROVIDER_ALARM
04-13 01:13:16.925 27441 27458 I ContentSyncFramework: Received Alarm - *****
04-13 01:13:16.926 27385 27403 I native-activity: Frame 310 GL error is 0x0
04-13 01:13:16.926 27385 27403 I native-activity: Frame 310 time is 22.156ms
04-13 01:13:16.927 27441 27458 I ContentSyncFramework: ContentSyncService Received Intent com.amazon.sync.PROVIDER_ALARM
04-13 01:13:16.929 27441 27458 I ContentSyncFramework: Received Alarm - *****
04-13 01:13:16.930 27385 27403 I native-activity: Swap 310 time is 26.018ms
04-13 01:13:16.930 27385 27403 I native-activity: Animating
04-13 01:13:16.933 27441 27458 I ContentSyncFramework: ContentSyncService Received Intent com.amazon.sync.PROVIDER_ALARM
04-13 01:13:16.934 27441 27458 I ContentSyncFramework: performSyncIfNeededForPeriodicIntent *****
04-13 01:13:16.994   917  2113 W AmazonGidPackageManagerCallback: Launching com.amazon.sync.provider.ipc (32106) with AMZ_APP_GID
04-13 01:13:17.007   183   183 W art     : PreZygoteFork called when we already have a zygote space.
04-13 01:13:17.017   917  2113 I ActivityManager: Start proc 27470:com.amazon.sync.provider.ipc/u0a22106 for service com.amazon.sync.provider.ipc/.ProviderService
04-13 01:13:17.037 27470 27470 D ActivityManager: default service binder = android.os.BinderProxy@11338850
04-13 01:13:17.037 27470 27470 D ActivityManager: default service = android.app.ActivityManagerProxy@4599a49
04-13 01:13:17.044 27470 27470 D VendorDisplayManagerGlobalCallback: callGetInstance: nil
04-13 01:13:17.053 27385 27403 I native-activity: Frame 311 GL error is 0x501
04-13 01:13:17.053 27385 27403 I native-activity: Frame 311 time is 122.996ms
04-13 01:13:17.060 27385 27403 I native-activity: Swap 311 time is 130.213ms
04-13 01:13:17.060 27385 27403 I native-activity: Animating
04-13 01:13:17.074 27385 27403 I native-activity: Frame 312 GL error is 0x0
04-13 01:13:17.074 27385 27403 I native-activity: Frame 312 time is 13.273ms
04-13 01:13:17.076 27385 27403 I native-activity: Swap 312 time is 15.267ms
04-13 01:13:17.076 27385 27403 I native-activity: Animating
04-13 01:13:17.086 27385 27403 I native-activity: Frame 313 GL error is 0x0
04-13 01:13:17.087 27385 27403 I native-activity: Frame 313 time is 10.561ms
04-13 01:13:17.094 27385 27403 I native-activity: Swap 313 time is 17.859ms
04-13 01:13:17.094 27385 27403 I native-activity: Animating
04-13 01:13:17.094 27470 27470 I ContextImpl: com.amazon.client.metrics.api registered service at i = 68
04-13 01:13:17.099 27470 27470 D ProfileManager: Create ProfileManager instance
04-13 01:13:17.104 27385 27403 I native-activity: Frame 314 GL error is 0x0
04-13 01:13:17.105 27385 27403 I native-activity: Frame 314 time is 10.767ms
04-13 01:13:17.113 27385 27403 I native-activity: Swap 314 time is 19.055ms
04-13 01:13:17.113 27385 27403 I native-activity: Animating
04-13 01:13:17.118 27470 27487 I ...h.device.api.MAPInit: Initializing MAP (130050002 / MAPAndroidLib-1.0.1435.0) for app com.amazon.sync.provider.ipc
04-13 01:13:17.122 27470 27487 I ...ing.PlatformSettings: DCP settings not available; using defaults
04-13 01:13:17.137 27385 27403 I native-activity: Frame 315 GL error is 0x501
04-13 01:13:17.137 27385 27403 I native-activity: Frame 315 time is 23.589ms
04-13 01:13:17.140 27385 27403 I native-activity: Swap 315 time is 26.454ms
04-13 01:13:17.140 27385 27403 I native-activity: Animating
04-13 01:13:17.142 27470 27487 I ...ures.FeatureSetCache: Caching feature IsolateApplication as false
04-13 01:13:17.148 27385 27403 I native-activity: Frame 316 GL error is 0x0
04-13 01:13:17.148 27385 27403 I native-activity: Frame 316 time is 7.527ms
04-13 01:13:17.153 27385 27403 I native-activity: Swap 316 time is 13.330ms
04-13 01:13:17.154 27385 27403 I native-activity: Animating
04-13 01:13:17.165 27385 27403 I native-activity: Frame 317 GL error is 0x0
04-13 01:13:17.165 27385 27403 I native-activity: Frame 317 time is 11.310ms
04-13 01:13:17.166 27470 27487 I ...tils.CentralApkUtils: Retrieved central APK info from package manager using content provider content://com.amazon.map.generic_ipc. The package name is : com.amazon.imp and version is: 130183110.
04-13 01:13:17.173 27385 27403 I native-activity: Swap 317 time is 19.397ms
04-13 01:13:17.173 27385 27403 I native-activity: Animating
04-13 01:13:17.179 27470 27489 I ...taStorageFactoryImpl: Creating new DataStorageFactoryImpl
04-13 01:13:17.180 27470 27489 I ...amework.MAPInitTasks: Get DataStorage instance for initialization
04-13 01:13:17.180 27470 27489 I ...taStorageFactoryImpl: Initializing new DataStorage
04-13 01:13:17.182 27385 27403 I native-activity: Frame 318 GL error is 0x0
04-13 01:13:17.182 27385 27403 I native-activity: Frame 318 time is 8.858ms
04-13 01:13:17.193 27385 27403 I native-activity: Swap 318 time is 19.722ms
04-13 01:13:17.193 27385 27403 I native-activity: Animating
04-13 01:13:17.198 27470 27489 I ...DeviceAttributeCache: Setting device attribute CentralAPK to true
04-13 01:13:17.198 27470 27489 I ...taStorageFactoryImpl: Creating and using new NonCanonicalDataStorage
04-13 01:13:17.180    82    82 I Kernel  : [47235.851620].(0)[82:mtk charger_hv_]charging_reset_watch_dog_timer
04-13 01:13:17.180    82    82 I Kernel  : [47235.853893].(0)[82:mtk charger_hv_]array_size = 16 
04-13 01:13:17.203 27385 27403 I native-activity: Frame 319 GL error is 0x0
04-13 01:13:17.203 27385 27403 I native-activity: Frame 319 time is 9.333ms
04-13 01:13:17.214 27385 27403 I native-activity: Swap 319 time is 20.487ms
04-13 01:13:17.214 27385 27403 I native-activity: Animating
04-13 01:13:17.218 27470 27489 I ...amework.MAPInitTasks: Initialize DataStorage instance
04-13 01:13:17.220 27470 27489 I ...amework.MAPInitTasks: Setup DataStorage instance
04-13 01:13:17.226 27385 27403 I native-activity: Frame 320 GL error is 0x0
04-13 01:13:17.226 27385 27403 I native-activity: Frame 320 time is 11.827ms
04-13 01:13:17.233 27385 27403 I native-activity: Swap 320 time is 19.148ms
04-13 01:13:17.235 27385 27403 I native-activity: Animating
04-13 01:13:17.245 27385 27403 I native-activity: Frame 321 GL error is 0x0
04-13 01:13:17.245 27385 27403 I native-activity: Frame 321 time is 10.064ms
04-13 01:13:17.251 27470 27492 D AmazonCMS: UpsellProvider: checkSyncNeeded for type KINDLE_UNLIMITED
04-13 01:13:17.253 27385 27403 I native-activity: Swap 321 time is 18.525ms
04-13 01:13:17.253 27385 27403 I native-activity: Animating
04-13 01:13:17.265 27385 27403 I native-activity: Frame 322 GL error is 0x0
04-13 01:13:17.265 27385 27403 I native-activity: Frame 322 time is 11.217ms
04-13 01:13:17.273 27385 27403 I native-activity: Swap 322 time is 19.751ms
04-13 01:13:17.274 27385 27403 I native-activity: Animating
04-13 01:13:17.284 27385 27403 I native-activity: Frame 323 GL error is 0x0
04-13 01:13:17.284 27385 27403 I native-activity: Frame 323 time is 10.642ms
04-13 01:13:17.292 27385 27403 I native-activity: Swap 323 time is 18.000ms
04-13 01:13:17.292 27385 27403 I native-activity: Animating
04-13 01:13:17.302 27385 27403 I native-activity: Frame 324 GL error is 0x0
04-13 01:13:17.302 27385 27403 I native-activity: Frame 324 time is 10.333ms
04-13 01:13:17.306 27470 27489 W ...h.device.api.MAPInit: AdsIdentity class not found.
04-13 01:13:17.310 27385 27403 I native-activity: Swap 324 time is 17.800ms
04-13 01:13:17.310 27385 27403 I native-activity: Animating
04-13 01:13:17.325 27385 27403 I native-activity: Frame 325 GL error is 0x0
04-13 01:13:17.325 27385 27403 I native-activity: Frame 325 time is 14.687ms
04-13 01:13:17.329 27385 27403 I native-activity: Swap 325 time is 18.731ms
04-13 01:13:17.329 27385 27403 I native-activity: Animating
04-13 01:13:17.339 27385 27403 I native-activity: Frame 326 GL error is 0x0
04-13 01:13:17.339 27385 27403 I native-activity: Frame 326 time is 9.596ms
04-13 01:13:17.350 27385 27403 I native-activity: Swap 326 time is 20.276ms
04-13 01:13:17.350 27385 27403 I native-activity: Animating
04-13 01:13:17.359 27385 27403 I native-activity: Frame 327 GL error is 0x0
04-13 01:13:17.359 27385 27403 I native-activity: Frame 327 time is 8.647ms
04-13 01:13:17.359 27441 27458 I ContentSyncFramework: Setting Alarm for com.amazon.kindle.cms.csf.syncproviders.KindleUnlimitedUpsellProvider in 3600 seconds
04-13 01:13:17.365 27441 27458 I ContentSyncFramework: performSyncIfNeededForPeriodicIntent *****
04-13 01:13:17.369 27385 27403 I native-activity: Swap 327 time is 18.491ms
04-13 01:13:17.369 27385 27403 I native-activity: Animating
04-13 01:13:17.379 27385 27403 I native-activity: Frame 328 GL error is 0x0
04-13 01:13:17.379 27385 27403 I native-activity: Frame 328 time is 9.756ms
04-13 01:13:17.389 27385 27403 I native-activity: Swap 328 time is 19.737ms
04-13 01:13:17.390 27385 27403 I native-activity: Animating
04-13 01:13:17.397 27470 27492 D AmazonCMS: RecSyncProvider: checkSyncNeeded for action com.amazon.kindle.cms.recommendations_manager.recommendations_scheduler.update_recs
04-13 01:13:17.399 27385 27403 I native-activity: Frame 329 GL error is 0x0
04-13 01:13:17.399 27385 27403 I native-activity: Frame 329 time is 8.572ms
04-13 01:13:17.408 27385 27403 I native-activity: Swap 329 time is 17.354ms
04-13 01:13:17.408 27385 27403 I native-activity: Animating
04-13 01:13:17.417 27385 27403 I native-activity: Frame 330 GL error is 0x0
04-13 01:13:17.417 27385 27403 I native-activity: Frame 330 time is 8.933ms
04-13 01:13:17.428 27385 27403 I native-activity: Swap 330 time is 19.743ms
04-13 01:13:17.428 27385 27403 I native-activity: Animating
04-13 01:13:17.437 27385 27403 I native-activity: Frame 331 GL error is 0x0
04-13 01:13:17.437 27385 27403 I native-activity: Frame 331 time is 9.140ms
04-13 01:13:17.447 27385 27403 I native-activity: Swap 331 time is 19.271ms
04-13 01:13:17.448 27385 27403 I native-activity: Animating
04-13 01:13:17.456 27441 27458 I ContentSyncFramework: Setting Alarm for com.amazon.kindle.cms.csf.syncproviders.RecSyncProvider in 3600 seconds
04-13 01:13:17.456 27385 27403 I native-activity: Frame 332 GL error is 0x0
04-13 01:13:17.456 27385 27403 I native-activity: Frame 332 time is 8.892ms
04-13 01:13:17.458 27441 27458 I ContentSyncFramework: performSyncIfNeededForPeriodicIntent *****
04-13 01:13:17.469 27385 27403 I native-activity: Swap 332 time is 21.103ms
04-13 01:13:17.469 27385 27403 I native-activity: Animating
04-13 01:13:17.477  1787  1787 I AmazonLocationController: onWifiSignalChanged : connected : true
04-13 01:13:17.480 27385 27403 I native-activity: Frame 333 GL error is 0x0
04-13 01:13:17.480 27385 27403 I native-activity: Frame 333 time is 10.756ms
04-13 01:13:17.487 27385 27403 I native-activity: Swap 333 time is 18.050ms
04-13 01:13:17.488 27385 27403 I native-activity: Animating
04-13 01:13:17.496 27470 27492 D AmazonCMS: UpsellProvider: checkSyncNeeded for type ROBIN
04-13 01:13:17.498 27385 27403 I native-activity: Frame 334 GL error is 0x0
04-13 01:13:17.498 27385 27403 I native-activity: Frame 334 time is 9.721ms
04-13 01:13:17.506 27385 27403 I native-activity: Swap 334 time is 17.613ms
04-13 01:13:17.506 27385 27403 I native-activity: Animating
04-13 01:13:17.516 27385 27403 I native-activity: Frame 335 GL error is 0x0
04-13 01:13:17.516 27385 27403 I native-activity: Frame 335 time is 9.683ms
04-13 01:13:17.528 27385 27403 I native-activity: Swap 335 time is 21.340ms
04-13 01:13:17.528 27385 27403 I native-activity: Animating
04-13 01:13:17.537 27385 27403 I native-activity: Frame 336 GL error is 0x0
04-13 01:13:17.537 27385 27403 I native-activity: Frame 336 time is 8.491ms
04-13 01:13:17.545 27385 27403 I native-activity: Swap 336 time is 17.103ms
04-13 01:13:17.546 27385 27403 I native-activity: Animating
04-13 01:13:17.555 27385 27403 I native-activity: Frame 337 GL error is 0x0
04-13 01:13:17.555 27385 27403 I native-activity: Frame 337 time is 9.207ms
04-13 01:13:17.558 27441 27458 I ContentSyncFramework: Setting Alarm for com.amazon.kindle.cms.csf.syncproviders.RobinUpsellProvider in 3600 seconds
04-13 01:13:17.559 27441 27458 I ContentSyncFramework: performSyncIfNeededForPeriodicIntent *****
04-13 01:13:17.566 27385 27403 I native-activity: Swap 337 time is 19.779ms
04-13 01:13:17.566 27385 27403 I native-activity: Animating
04-13 01:13:17.575 27385 27403 I native-activity: Frame 338 GL error is 0x0
04-13 01:13:17.576 27385 27403 I native-activity: Frame 338 time is 9.666ms
04-13 01:13:17.585 27385 27403 I native-activity: Swap 338 time is 19.569ms
04-13 01:13:17.586 27385 27403 I native-activity: Animating
04-13 01:13:17.594 27385 27403 I native-activity: Frame 339 GL error is 0x0
04-13 01:13:17.594 27385 27403 I native-activity: Frame 339 time is 8.505ms
04-13 01:13:17.604 27385 27403 I native-activity: Swap 339 time is 17.791ms
04-13 01:13:17.604 27385 27403 I native-activity: Animating
04-13 01:13:17.612 27385 27403 I native-activity: Frame 340 GL error is 0x0
04-13 01:13:17.612 27385 27403 I native-activity: Frame 340 time is 8.529ms
04-13 01:13:17.623 27385 27403 I native-activity: Swap 340 time is 19.655ms
04-13 01:13:17.624 27385 27403 I native-activity: Animating
04-13 01:13:17.632 27385 27403 I native-activity: Frame 341 GL error is 0x0
04-13 01:13:17.632 27385 27403 I native-activity: Frame 341 time is 8.408ms
