04-13 00:46:07.223 24169 24169 D com.amazon.identity.auth.device.authorization.ThirdPartyServiceHelper: Unbinding pkg=com.amazon.identity.auth.device.authorization
04-13 00:46:07.226 24211 24336 D AndroidUIToolkit.RouteCache: Recognized custom activity PopoverActivity and registered it for /gp/masclient/learn-more
04-13 00:46:07.226 24211 24336 D AndroidUIToolkit.RouteCache: Recognized custom activity PopoverActivity and registered it for /gp/masclient/banjo/ftue
04-13 00:46:07.227 24211 24336 D AndroidUIToolkit.RouteCache: Loaded 20 routes and set etag for cache-keys: EpkDPbKXGHEhPIZL+W7mwQ==
04-13 00:46:07.229 24211 24340 I ...h.device.api.MAPInit: Initializing MAP (130050002 / MAPAndroidLib-1.0.1435.0) for app com.amazon.venezia
04-13 00:46:07.231 24298 24298 I com.amazon.identity.auth.device.authorization.AmazonCredentialManagerService: onDestroy called
04-13 00:46:07.237 24070 24335 I AmazonVideo.profiler: Metric[name=ServiceResponseCache:home:DiskCacheHit, type=[Counter], val=1]
04-13 00:46:07.239 24070 24335 I AmazonVideo.profiler: Metric[name=ServiceResponseCache:home:CacheFresh, type=[Counter], val=1]
04-13 00:46:07.269 23739 24342 I ...ures.FeatureSetCache: Caching feature DirectedIdSupported as true
04-13 00:46:07.303 24211 24340 I com.amazon.dcp.settings.BackgroundSynchronizer: Requesting sync with content provider.
04-13 00:46:07.309 24211 24340 I com.amazon.dcp.settings.BackgroundSynchronizer: Waiting for initial sync...
04-13 00:46:07.313 24211 24344 I com.amazon.dcp.settings.SettingsCacheUpdater: took 2 millis to get the SettingsProvider
04-13 00:46:07.313 24211 24344 I com.amazon.dcp.settings.SettingsCacheUpdater: Starting sync with content provider.
04-13 00:46:07.343 24211 24344 I com.amazon.dcp.settings.SettingsCacheUpdater: Sync with content provider complete. Values processed: 165
04-13 00:46:07.343 24211 24340 I com.amazon.dcp.settings.BackgroundSynchronizer: Wait for initial sync complete.
04-13 00:46:07.353 23943 23971 I native-activity: Frame 232 GL error is 0x500
04-13 00:46:07.353 23943 23971 I native-activity: Frame 232 time is 195.821ms
04-13 00:46:07.359 24211 24340 I ...ures.FeatureSetCache: Caching feature IsolateApplication as false
04-13 00:46:07.368 24133 24148 W CursorWrapperInner: Cursor finalized without prior close()
04-13 00:46:07.370 23739 23782 D AmazonCMS: Cached image for package ***** is out of date with package update time (1480592179000,1480592179000) vs. 1491757484099
04-13 00:46:07.360  2137  2137 I Kernel  : [45606.033021][wlan] statsInfoEnvRequest: (INIT INFO)
04-13 00:46:07.360  2137  2137 I Kernel  : statsInfoEnvRequest cmd ok.
04-13 00:46:07.360    82    82 I Kernel  : [45606.035563].(0)[82:mtk charger_hv_]charging_reset_watch_dog_timer
04-13 00:46:07.360    82    82 I Kernel  : [45606.036545].(0)[82:mtk charger_hv_]array_size = 16 
04-13 00:46:07.383 24211 24340 I ...tils.CentralApkUtils: Retrieved central APK info from package manager using content provider content://com.amazon.map.generic_ipc. The package name is : com.amazon.imp and version is: 130183110.
04-13 00:46:07.393 24211 24348 I ...taStorageFactoryImpl: Creating new DataStorageFactoryImpl
04-13 00:46:07.393 24211 24348 I ...amework.MAPInitTasks: Get DataStorage instance for initialization
04-13 00:46:07.393 24211 24348 I ...taStorageFactoryImpl: Initializing new DataStorage
04-13 00:46:07.380  2137  2137 I Kernel  : [45606.051988][wlan] statsInfoEnvDisplay: (INIT INFO)
04-13 00:46:07.380  2137  2137 I Kernel  : <stats> Display stats for [b0:48:7a:cb:7c:ec]: 668B 20972ms
04-13 00:46:07.380  2137  2137 I Kernel  : [45606.052037][wlan] statsInfoEnvDisplay: (INIT INFO)
04-13 00:46:07.380  2137  2137 I Kernel  : <stats> TPAM(0x3) RTS(0 0) BA(0x41 0) OS(361761) OK(17 18) ERR(0 0 0 0 0 0 0)
04-13 00:46:07.380  2137  2137 I Kernel  : [45606.052064][wlan] statsInfoEnvDisplay: (INIT INFO)
04-13 00:46:07.380  2137  2137 I Kernel  : <stats> TRATE (0 0 0 0 0 0 0 0 0 0 0 0 0 0 0 0) (1 6 8 3 0 0 0 0)
04-13 00:46:07.380  2137  2137 I Kernel  : [45606.052093][wlan] statsInfoEnvDisplay: (INIT INFO)
04-13 00:46:07.380  2137  2137 I Kernel  : <stats> TREORDER (0 0 0)
04-13 00:46:07.380  2137  2137 I Kernel  : [45606.052110][wlan] statsInfoEnvDisplay: (INIT INFO)
04-13 00:46:07.380  2137  2137 I Kernel  : <stats> RX(74 4 0) BA(0x41 0) OK(41 41) ERR(0)
04-13 00:46:07.380  2137  2137 I Kernel  : [45606.052131][wlan] statsInfoEnvDisplay: (INIT INFO)
04-13 00:46:07.380  2137  2137 I Kernel  : <stats> RCCK (0 0 0 30 0 0 0 0 0 0 0 0 0 0 0 0)
04-13 00:46:07.380  2137  2137 I Kernel  : [45606.052155][wlan] statsInfoEnvDisplay: (INIT INFO)
04-13 00:46:07.380  2137  2137 I Kernel  : <stats> ROFDM (0 0 0 0 0 0 0 0 0 0 0 0 0 0 0 0)
04-13 00:46:07.380  2137  2137 I Kernel  : [45606.052180][wlan] statsInfoEnvDisplay: (INIT INFO)
04-13 00:46:07.380  2137  2137 I Kernel  : <stats> RHT (0 0 0 2 3 6 0 0 0 0 0 0 0 0 0 0)
04-13 00:46:07.380  2137  2137 I Kernel  : [45606.052204][wlan] statsInfoEnvDisplay: (INIT INFO)
04-13 00:46:07.380  2137  2137 I Kernel  : <stats> StayIntH2M us (18 25 33) (18 18 19) (24 27 31)
04-13 00:46:07.380  2137  2137 I Kernel  : [45606.052225][wlan] statsInfoEnvDisplay: (INIT INFO)
04-13 00:46:07.380  2137  2137 I Kernel  : <stats> AirTime us (192 480 1216) (1312 1664 2016) (608 1312 2016)
04-13 00:46:07.380  2137  2137 I Kernel  : [45606.052247][wlan] statsInfoEnvDisplay: (INIT INFO)
04-13 00:46:07.380  2137  2137 I Kernel  : <stats> StayInt us (261 842 1702_3024) (1954 2267 2580_129597) (1135 1830 2525_129597)
04-13 00:46:07.380  2137  2137 I Kernel  : [45606.052272][wlan] statsInfoEnvDisplay: (INIT INFO)
04-13 00:46:07.380  2137  2137 I Kernel  : <stats> StayIntD2T us (364 3146 17099) (2011 11990 21969) (1233 11611 21989)
04-13 00:46:07.380  2137  2137 I Kernel  : [45606.052294][wlan] statsInfoEnvDisplay: (INIT INFO)
04-13 00:46:07.380  2137  2137 I Kernel  : <stats> StayIntR_M2H us (31 47 58) (30 30 30) (0 0 0)
04-13 00:46:07.380  2137  2137 I Kernel  : [45606.052316][wlan] statsInfoEnvDisplay: (INIT INFO)
04-13 00:46:07.380  2137  2137 I Kernel  : <stats> StayIntR_H2D us (0 0 0) (0 0 0) (0 0 0)
04-13 00:46:07.380  2137  2137 I Kernel  : [45606.052336][wlan] statsInfoEnvDisplay: (INIT INFO)
04-13 00:46:07.380  2137  2137 I Kernel  : <stats> StayCntD2H unit:10ms (11 7 0 0)
04-13 00:46:07.380  2137  2137 I Kernel  : [45606.052354][wlan] statsInfoEnvDisplay: (INIT INFO)
04-13 00:46:07.380  2137  2137 I Kernel  : <stats> StayCnt unit:1ms (11 5 2 0)
04-13 00:46:07.380  2137  2137 I Kernel  : [45606.052371][wlan] statsInfoEnvDisplay: (INIT INFO)
04-13 00:46:07.380  2137  2137 I Kernel  : <stats> StayCnt (0~2545:17) (2545~5090:1) (5090~7635:0) (7635~10180:0) (10180~:0)
04-13 00:46:07.380  2137  2137 I Kernel  : [45606.052397][wlan] statsInfoEnvDisplay: (INIT INFO)
04-13 00:46:07.380  2137  2137 I Kernel  : <stats> OTHER (0) (40) (16061) (0) (0) (0ms) (19342us)
04-13 00:46:07.380  2137  2137 I Kernel  : [45606.052428][wlan] nicTxReleaseResource: (TX STATE)
04-13 00:46:07.380  2137  2137 I Kernel  : Release: TC4 count 1, Free=4; TC5 count 0, Free=4
04-13 00:46:07.401 23943 23971 I native-activity: Swap 232 time is 243.852ms
04-13 00:46:07.402 23943 23971 I native-activity: Animating
04-13 00:46:07.404 24211 24348 I ...DeviceAttributeCache: Setting device attribute CentralAPK to true
04-13 00:46:07.410 24211 24348 I ...taStorageFactoryImpl: Creating and using new NonCanonicalDataStorage
04-13 00:46:07.421 24211 24348 I ...amework.MAPInitTasks: Initialize DataStorage instance
04-13 00:46:07.421 24211 24348 I ...amework.MAPInitTasks: Setup DataStorage instance
04-13 00:46:07.434 23720 24090 I [MALI][Gralloc]: usage0: 0x120, format7: 1 stride2: 128 vertical_stride6: 120 size: 61440
04-13 00:46:07.436 24070 24334 W AmazonVideo: Warning: Reviews fragment missing from response; assuming title does not have reviews
04-13 00:46:07.436 24070 24334 W AmazonVideo: Warning: TitleActions not found in the response. Assuming offers text unavailable.
04-13 00:46:07.436 24070 24334 W AmazonVideo: Warning: Reviews fragment missing from response; assuming title does not have reviews
04-13 00:46:07.436 24070 24334 W AmazonVideo: Warning: TitleActions not found in the response. Assuming offers text unavailable.
04-13 00:46:07.437 24070 24334 W AmazonVideo: Warning: Reviews fragment missing from response; assuming title does not have reviews
04-13 00:46:07.437 24070 24334 W AmazonVideo: Warning: TitleActions not found in the response. Assuming offers text unavailable.
04-13 00:46:07.439 24070 24334 W AmazonVideo: Warning: Reviews fragment missing from response; assuming title does not have reviews
04-13 00:46:07.439 24070 24334 W AmazonVideo: Warning: TitleActions not found in the response. Assuming offers text unavailable.
04-13 00:46:07.440 24070 24334 W AmazonVideo: Warning: Reviews fragment missing from response; assuming title does not have reviews
04-13 00:46:07.441 24070 24334 W AmazonVideo: Warning: TitleActions not found in the response. Assuming offers text unavailable.
04-13 00:46:07.442 24070 24334 W AmazonVideo: Warning: Reviews fragment missing from response; assuming title does not have reviews
04-13 00:46:07.442 24070 24334 W AmazonVideo: Warning: TitleActions not found in the response. Assuming offers text unavailable.
04-13 00:46:07.443 24070 24334 W AmazonVideo: Warning: Reviews fragment missing from response; assuming title does not have reviews
04-13 00:46:07.443 24070 24334 W AmazonVideo: Warning: TitleActions not found in the response. Assuming offers text unavailable.
04-13 00:46:07.443 24070 24334 W AmazonVideo: Warning: Reviews fragment missing from response; assuming title does not have reviews
04-13 00:46:07.443 24070 24334 W AmazonVideo: Warning: TitleActions not found in the response. Assuming offers text unavailable.
04-13 00:46:07.443 24070 24334 W AmazonVideo: Warning: Reviews fragment missing from response; assuming title does not have reviews
04-13 00:46:07.443 24070 24334 W AmazonVideo: Warning: TitleActions not found in the response. Assuming offers text unavailable.
04-13 00:46:07.443 24070 24334 W AmazonVideo: Warning: Reviews fragment missing from response; assuming title does not have reviews
04-13 00:46:07.443 24070 24334 W AmazonVideo: Warning: TitleActions not found in the response. Assuming offers text unavailable.
04-13 00:46:07.444 24070 24334 W AmazonVideo: Warning: Reviews fragment missing from response; assuming title does not have reviews
04-13 00:46:07.444 24070 24334 W AmazonVideo: Warning: TitleActions not found in the response. Assuming offers text unavailable.
04-13 00:46:07.444 24070 24334 W AmazonVideo: Warning: Reviews fragment missing from response; assuming title does not have reviews
04-13 00:46:07.444 24070 24334 W AmazonVideo: Warning: TitleActions not found in the response. Assuming offers text unavailable.
04-13 00:46:07.444 24070 24334 W AmazonVideo: Warning: Reviews fragment missing from response; assuming title does not have reviews
04-13 00:46:07.444 24070 24334 W AmazonVideo: Warning: TitleActions not found in the response. Assuming offers text unavailable.
04-13 00:46:07.444 24070 24334 W AmazonVideo: Warning: Reviews fragment missing from response; assuming title does not have reviews
04-13 00:46:07.444 24070 24334 W AmazonVideo: Warning: TitleActions not found in the response. Assuming offers text unavailable.
04-13 00:46:07.445 24070 24334 W AmazonVideo: Warning: Reviews fragment missing from response; assuming title does not have reviews
04-13 00:46:07.445 24070 24334 W AmazonVideo: Warning: TitleActions not found in the response. Assuming offers text unavailable.
04-13 00:46:07.445 24070 24334 W AmazonVideo: Warning: Reviews fragment missing from response; assuming title does not have reviews
04-13 00:46:07.445 24070 24334 W AmazonVideo: Warning: TitleActions not found in the response. Assuming offers text unavailable.
04-13 00:46:07.445 24070 24334 W AmazonVideo: Warning: Reviews fragment missing from response; assuming title does not have reviews
04-13 00:46:07.445 24070 24334 W AmazonVideo: Warning: TitleActions not found in the response. Assuming offers text unavailable.
04-13 00:46:07.445 24070 24334 W AmazonVideo: Warning: Reviews fragment missing from response; assuming title does not have reviews
04-13 00:46:07.445 24070 24334 W AmazonVideo: Warning: TitleActions not found in the response. Assuming offers text unavailable.
04-13 00:46:07.445 24070 24334 W AmazonVideo: Warning: Reviews fragment missing from response; assuming title does not have reviews
04-13 00:46:07.445 24070 24334 W AmazonVideo: Warning: TitleActions not found in the response. Assuming offers text unavailable.
04-13 00:46:07.446 24070 24334 W AmazonVideo: Warning: Reviews fragment missing from response; assuming title does not have reviews
04-13 00:46:07.446 24070 24334 W AmazonVideo: Warning: TitleActions not found in the response. Assuming offers text unavailable.
04-13 00:46:07.446 24070 24334 W AmazonVideo: Warning: Reviews fragment missing from response; assuming title does not have reviews
04-13 00:46:07.447 24070 24334 W AmazonVideo: Warning: TitleActions not found in the response. Assuming offers text unavailable.
04-13 00:46:07.447 24070 24334 W AmazonVideo: Warning: Reviews fragment missing from response; assuming title does not have reviews
04-13 00:46:07.447 24070 24334 W AmazonVideo: Warning: TitleActions not found in the response. Assuming offers text unavailable.
04-13 00:46:07.447 24070 24334 W AmazonVideo: Warning: Reviews fragment missing from response; assuming title does not have reviews
04-13 00:46:07.447 24070 24334 W AmazonVideo: Warning: TitleActions not found in the response. Assuming offers text unavailable.
04-13 00:46:07.447 24070 24334 W AmazonVideo: Warning: Reviews fragment missing from response; assuming title does not have reviews
04-13 00:46:07.447 24070 24334 W AmazonVideo: Warning: TitleActions not found in the response. Assuming offers text unavailable.
04-13 00:46:07.447 24070 24334 W AmazonVideo: Warning: Reviews fragment missing from response; assuming title does not have reviews
04-13 00:46:07.447 24070 24334 W AmazonVideo: Warning: TitleActions not found in the response. Assuming offers text unavailable.
04-13 00:46:07.448 24070 24334 W AmazonVideo: Warning: Reviews fragment missing from response; assuming title does not have reviews
04-13 00:46:07.448 24070 24334 W AmazonVideo: Warning: TitleActions not found in the response. Assuming offers text unavailable.
04-13 00:46:07.448 24070 24334 W AmazonVideo: Warning: Reviews fragment missing from response; assuming title does not have reviews
04-13 00:46:07.448 24070 24334 W AmazonVideo: Warning: TitleActions not found in the response. Assuming offers text unavailable.
04-13 00:46:07.448 24070 24334 W AmazonVideo: Warning: Reviews fragment missing from response; assuming title does not have reviews
04-13 00:46:07.448 24070 24334 W AmazonVideo: Warning: TitleActions not found in the response. Assuming offers text unavailable.
04-13 00:46:07.448 24070 24334 W AmazonVideo: Warning: Reviews fragment missing from response; assuming title does not have reviews
04-13 00:46:07.448 24070 24334 W AmazonVideo: Warning: TitleActions not found in the response. Assuming offers text unavailable.
04-13 00:46:07.449 24070 24334 W AmazonVideo: Warning: Reviews fragment missing from response; assuming title does not have reviews
04-13 00:46:07.449 24070 24334 W AmazonVideo: Warning: TitleActions not found in the response. Assuming offers text unavailable.
04-13 00:46:07.449 24070 24334 W AmazonVideo: Warning: Reviews fragment missing from response; assuming title does not have reviews
04-13 00:46:07.449 24070 24334 W AmazonVideo: Warning: TitleActions not found in the response. Assuming offers text unavailable.
04-13 00:46:07.449 24070 24334 W AmazonVideo: Warning: Reviews fragment missing from response; assuming title does not have reviews
04-13 00:46:07.449 24070 24334 W AmazonVideo: Warning: TitleActions not found in the response. Assuming offers text unavailable.
04-13 00:46:07.451 23720 24090 I [MALI][Gralloc]: usage0: 0x120, format7: 1 stride2: 128 vertical_stride6: 120 size: 61440
04-13 00:46:07.458 24070 24334 W AmazonVideo: Warning: Reviews fragment missing from response; assuming title does not have reviews
04-13 00:46:07.458 24070 24334 W AmazonVideo: Warning: TitleActions not found in the response. Assuming offers text unavailable.
04-13 00:46:07.459 24070 24334 W AmazonVideo: Warning: Reviews fragment missing from response; assuming title does not have reviews
04-13 00:46:07.459 24070 24334 W AmazonVideo: Warning: TitleActions not found in the response. Assuming offers text unavailable.
04-13 00:46:07.459 24070 24334 W AmazonVideo: Warning: Reviews fragment missing from response; assuming title does not have reviews
04-13 00:46:07.459 24070 24334 W AmazonVideo: Warning: TitleActions not found in the response. Assuming offers text unavailable.
04-13 00:46:07.459 24070 24334 W AmazonVideo: Warning: Reviews fragment missing from response; assuming title does not have reviews
04-13 00:46:07.459 24070 24334 W AmazonVideo: Warning: TitleActions not found in the response. Assuming offers text unavailable.
04-13 00:46:07.460 24070 24334 W AmazonVideo: Warning: Reviews fragment missing from response; assuming title does not have reviews
04-13 00:46:07.460 24070 24334 W AmazonVideo: Warning: TitleActions not found in the response. Assuming offers text unavailable.
04-13 00:46:07.460 24070 24334 W AmazonVideo: Warning: Reviews fragment missing from response; assuming title does not have reviews
04-13 00:46:07.460 24070 24334 W AmazonVideo: Warning: TitleActions not found in the response. Assuming offers text unavailable.
04-13 00:46:07.460 24070 24334 W AmazonVideo: Warning: Reviews fragment missing from response; assuming title does not have reviews
04-13 00:46:07.460 24070 24334 W AmazonVideo: Warning: TitleActions not found in the response. Assuming offers text unavailable.
04-13 00:46:07.460 24070 24334 W AmazonVideo: Warning: Reviews fragment missing from response; assuming title does not have reviews
04-13 00:46:07.460 24070 24334 W AmazonVideo: Warning: TitleActions not found in the response. Assuming offers text unavailable.
04-13 00:46:07.464 24070 24334 I AmazonVideo.profiler: Metric[name=ServiceResponseCache:home:DiskCacheHit, type=[Counter], val=1]
04-13 00:46:07.466 24070 24334 I AmazonVideo.profiler: Metric[name=ServiceResponseCache:home:CacheFresh, type=[Counter], val=1]
04-13 00:46:07.450 24070 24334 I Kernel  : [45606.129097].(1)[24334:ServiceResponse]name:Log.main_3542 unmap vm_start 9ffed000  end: 9ffef000
04-13 00:46:07.480 24211 24225 W art     : Suspending all threads took: 5.310ms
04-13 00:46:07.480 23720 24090 I [MALI][Gralloc]: usage0: 0x120, format7: 1 stride2: 128 vertical_stride6: 120 size: 61440
04-13 00:46:07.482 23720 24090 I [MALI][Gralloc]: usage0: 0x120, format7: 1 stride2: 256 vertical_stride6: 252 size: 258048
04-13 00:46:07.507 23720 24090 I [MALI][Gralloc]: usage0: 0x120, format7: 1 stride2: 128 vertical_stride6: 120 size: 61440
04-13 00:46:07.490 24211 24225 I Kernel  : [45606.164819].(1)[24225:GCDaemon]name:Log.main_3543 unmap vm_start a2451000  end: a2456000
04-13 00:46:07.490 24211 24340 I Kernel  : [45606.170239].(2)[24340:AsyncTask #4]name:Log.main_3476 unmap vm_start a186e000  end: a1a6e000
04-13 00:46:07.490  1942  2974 I Kernel  : [45606.170632].(1)[2974:Binder_5]name:Log.main_3476 unmap vm_start a3c17000  end: a3e17000
04-13 00:46:07.513 24211 24348 W ...h.device.api.MAPInit: AdsIdentity class not found.
04-13 00:46:07.518 23720 24090 I [MALI][Gralloc]: usage0: 0x120, format7: 1 stride2: 128 vertical_stride6: 120 size: 61440
04-13 00:46:07.531 24070 24157 I AmazonVideo: MediaSystem:Initialization:InjectMembers
04-13 00:46:07.536 23720 24090 I [MALI][Gralloc]: usage0: 0x120, format7: 1 stride2: 128 vertical_stride6: 120 size: 61440
04-13 00:46:07.540 24070 24157 I AmazonVideo: DeviceConfiguration Width=1024, Height=600
04-13 00:46:07.547 23739 23782 D AmazonCMS: loading icons for *****
04-13 00:46:07.551 23943 23971 I native-activity: Frame 233 GL error is 0x501
04-13 00:46:07.551 23943 23971 I native-activity: Frame 233 time is 149.166ms
04-13 00:46:07.555 23739 24347 I art     : WaitForGcToComplete blocked for 10.045ms for cause DisableMovingGc
04-13 00:46:07.556 23739 24099 I art     : WaitForGcToComplete blocked for 9.292ms for cause DisableMovingGc
04-13 00:46:07.562 23720 24090 I [MALI][Gralloc]: usage0: 0x120, format7: 1 stride2: 256 vertical_stride6: 252 size: 258048
04-13 00:46:07.566 23720 24090 I [MALI][Gralloc]: usage0: 0x120, format7: 1 stride2: 128 vertical_stride6: 120 size: 61440
04-13 00:46:07.578 24211 24211 I WebViewFactory: Loading com.amazon.webview.chromium version 49.1.2623.105.288 (code 1682110)
04-13 00:46:07.598 23943 23971 I native-activity: Swap 233 time is 196.573ms
04-13 00:46:07.598 23943 23971 I native-activity: Animating
04-13 00:46:07.600 23943 23971 I native-activity: Frame 234 GL error is 0x0
04-13 00:46:07.601 23943 23971 I native-activity: Frame 234 time is 2.023ms
04-13 00:46:07.601 23739 23782 D AmazonCMS: Loaded preloaded image from *****
04-13 00:46:07.623 24211 24340 I AmazonAppstore.AccountSummaryProviderImpl: Set session account to value H:1c84d074c92819ecd1331550a7b93261
04-13 00:46:07.648 23943 23971 I native-activity: Swap 234 time is 49.702ms
04-13 00:46:07.648 23943 23971 I native-activity: Animating
04-13 00:46:07.650 23943 23971 I native-activity: Frame 235 GL error is 0x0
04-13 00:46:07.650 23943 23971 I native-activity: Frame 235 time is 1.344ms
04-13 00:46:07.658 24211 24338 I AmazonAppstore.AuthStatus: Setting AUTH STATUS: REGISTERED
04-13 00:46:07.660 24211 24338 I AmazonAppstore.AuthenticationBootstrap: Finished async authentication.
04-13 00:46:07.672 24211 24340 I AmazonAppstore.ResourceProvider: Reading resources from db cache.
04-13 00:46:07.675 24211 24341 I AmazonAppstore.AccountSummaryProviderImpl: isAccountPrepared(null) - using H:1c84d074c92819ecd1331550a7b93261
04-13 00:46:07.675 24211 24341 I AmazonAppstore.AccountSummaryProviderImpl: isAccountPrepared() - using H:1c84d074c92819ecd1331550a7b93261, returning true
04-13 00:46:07.690 23739 23782 D AmazonCMS: Loaded preloaded image from *****
04-13 00:46:07.697 23943 23971 I native-activity: Swap 235 time is 48.780ms
04-13 00:46:07.697 23943 23971 I native-activity: Animating
04-13 00:46:07.698 23943 23971 I native-activity: Frame 236 GL error is 0x0
04-13 00:46:07.699 23943 23971 I native-activity: Frame 236 time is 1.112ms
04-13 00:46:07.710 24070 24157 I AmazonVideo: MediaSystem:Initialization:InitializeRendererScheme
04-13 00:46:07.742 24070 24157 I AmazonVideo: MediaSystem:Initialization:LoadLibrariesAsync
04-13 00:46:07.744 24070 24157 I AmazonVideo: MediaSystem:Initialization:InitializeComponents
04-13 00:46:07.746 23943 23971 I native-activity: Swap 236 time is 48.667ms
04-13 00:46:07.746 23943 23971 I native-activity: Animating
04-13 00:46:07.747 23943 23971 I native-activity: Frame 237 GL error is 0x0
04-13 00:46:07.747 23943 23971 I native-activity: Frame 237 time is 1.145ms
04-13 00:46:07.751 24070 24358 I AmazonVideo: Loading library AIVMemoryAllocator
04-13 00:46:07.754 24070 24358 I AmazonVideo: Success! Directly loaded native library /data/data/com.amazon.avod/lib/libAIVMemoryAllocator.so.
04-13 00:46:07.758 24070 24358 I AmazonVideo: Loading library amzsspk
04-13 00:46:07.761 23739 23782 D AmazonCMS: Cached image for package ***** is out of date with package update time (1480592179000,1480592179000) vs. 1491757399725
04-13 00:46:07.769 24070 24358 I AmazonVideo: Success! Directly loaded native library /data/data/com.amazon.avod/lib/libamzsspk.so.
04-13 00:46:07.770 24070 24358 I AmazonVideo: Loading library AIVDash
04-13 00:46:07.770 23739 23782 D AmazonCMS: loading icons for *****
04-13 00:46:07.771 24070 24157 W AmazonVideo: Warning: Profile string was null, returning null!
04-13 00:46:07.771 24070 24157 W AmazonVideo: Warning: Profile string was null, returning null!
04-13 00:46:07.772 24070 24157 W AmazonVideo: Warning: Profile string was null, returning null!
04-13 00:46:07.772 24070 24157 W AmazonVideo: Warning: Profile string was null, returning null!
04-13 00:46:07.772 24070 24157 W AmazonVideo: Warning: Profile string was null, returning null!
04-13 00:46:07.772 24070 24157 W AmazonVideo: Warning: Profile string was null, returning null!
04-13 00:46:07.772 24070 24157 W AmazonVideo: Warning: Profile string was null, returning null!
04-13 00:46:07.772 24070 24157 W AmazonVideo: Warning: Profile string was null, returning null!
04-13 00:46:07.787 24211 24211 I cr_LibraryLoader: Time to load native libraries: 76 ms (timestamps 6450-6526)
04-13 00:46:07.788 24211 24211 I cr_LibraryLoader: Expected native library version number "49.0.2623.105", actual native library version number "49.0.2623.105"
04-13 00:46:07.792 24070 24157 W AmazonVideo: Warning: Profile string was null, returning null!
04-13 00:46:07.792 24070 24157 W AmazonVideo: Warning: Profile string was null, returning null!
04-13 00:46:07.792 24070 24157 W AmazonVideo: Warning: Profile string was null, returning null!
04-13 00:46:07.792 24070 24157 W AmazonVideo: Warning: Profile string was null, returning null!
04-13 00:46:07.794 24070 24358 I AmazonVideo: Success! Directly loaded native library /data/data/com.amazon.avod/lib/libAIVDash.so.
04-13 00:46:07.795 23943 23971 I native-activity: Swap 237 time is 48.427ms
04-13 00:46:07.795 24070 24358 I AmazonVideo: Loading library AIVSecureRenderer
04-13 00:46:07.795 23943 23971 I native-activity: Animating
04-13 00:46:07.796 23943 23971 I native-activity: Frame 238 GL error is 0x0
04-13 00:46:07.796 23943 23971 I native-activity: Frame 238 time is 1.172ms
04-13 00:46:07.802 24070 24358 I AmazonVideo: Success! Directly loaded native library /data/data/com.amazon.avod/lib/libAIVSecureRenderer.so.
04-13 00:46:07.814 24211 24339 I AmazonAppstore.AccountSummaryProviderImpl: isAccountPrepared(null) - using H:1c84d074c92819ecd1331550a7b93261
04-13 00:46:07.815 24211 24339 I AmazonAppstore.AccountSummaryProviderImpl: isAccountPrepared() - using H:1c84d074c92819ecd1331550a7b93261, returning true
04-13 00:46:07.843 23943 23971 I native-activity: Swap 238 time is 48.543ms
04-13 00:46:07.844 23943 23971 I native-activity: Animating
04-13 00:46:07.845 23943 23971 I native-activity: Frame 239 GL error is 0x0
04-13 00:46:07.845 23943 23971 I native-activity: Frame 239 time is 1.270ms
04-13 00:46:07.845   917   932 W PackageManager: com.amazon.kindle.otter is not installed for user 0
04-13 00:46:07.848   917  2175 W ActivityManager: Unable to start service Intent { cmp=com.amazon.webview.metrics.service/.AWVMetricsService } U=0: not found
04-13 00:46:07.850 23739 23782 D AmazonCMS: Loaded preloaded image from *****
04-13 00:46:07.851 24211 24339 I AmazonAppstore.AccountSummaryProviderImpl: isAccountPrepared(null) - using H:1c84d074c92819ecd1331550a7b93261
04-13 00:46:07.851 24211 24339 I AmazonAppstore.AccountSummaryProviderImpl: isAccountPrepared() - using H:1c84d074c92819ecd1331550a7b93261, returning true
04-13 00:46:07.876 24211 24211 V WebViewChromiumFactoryProvider: Binding Chromium to main looper Looper (main, tid 1) {1807beb}
04-13 00:46:07.877 24211 24211 I cr_LibraryLoader: Expected native library version number "49.0.2623.105", actual native library version number "49.0.2623.105"
04-13 00:46:07.882 24070 24157 W AmazonVideo: Warning: Profile string was null, returning null!
04-13 00:46:07.883 24070 24157 W AmazonVideo: Warning: Profile string was null, returning null!
04-13 00:46:07.883 24070 24157 W AmazonVideo: Warning: Profile string was null, returning null!
04-13 00:46:07.883 24070 24157 W AmazonVideo: Warning: Profile string was null, returning null!
04-13 00:46:07.886 23739 23782 D AmazonCMS: Loaded preloaded image from *****
04-13 00:46:07.892 23943 23971 I native-activity: Swap 239 time is 48.560ms
04-13 00:46:07.892 23943 23971 I native-activity: Animating
04-13 00:46:07.908 24211 24211 I chromium: [INFO:library_loader_hooks.cc(144)] Chromium logging enabled: level = 0, default verbosity = 0
04-13 00:46:07.920 23739 23753 I Kernel  : [45606.600253].(2)[23753:GCDaemon]name:Log.main_3542 unmap vm_start a1107000  end: a110c000
04-13 00:46:07.932 24070 24157 I AmazonVideo: Function mountTmpfs available for InMemoryMappedFolder
04-13 00:46:07.932 24070 24157 I AmazonVideo: Function unMountTmpfs available for InMemoryMappedFolder
04-13 00:46:07.933 24070 24157 I AmazonVideo: Retrieving the storage manager from storage service
04-13 00:46:07.942 23739 23782 D AmazonCMS: Cached image for package ***** is out of date with package update time (1480592179000,1480592179000) vs. 1491757609120
04-13 00:46:07.948 23739 23782 D AmazonCMS: loading icons for *****
04-13 00:46:07.970 24070 24157 I AmazonVideo: Successfully retrieved an instance of the storage manager
04-13 00:46:07.985 24070 24157 I AmazonVideo: Initializing media component AndroidDrmFramework
04-13 00:46:07.960 23943 23971 I Kernel  : [45606.639859]-(0)[23971:Thread-7387]dpi vsync
04-13 00:46:07.986 24070 24157 I AmazonVideo: Initializing media component QosEventModelMediaComponent
04-13 00:46:07.986 24070 24157 I AmazonVideo: Initializing media component DrmLicenseCleaner
04-13 00:46:07.986 24070 24361 I AmazonVideo: Creating DrmManagerClient...
04-13 00:46:07.987 24070 24362 I AmazonVideo: Deleting all expired licenses on MediaComponent initialization.
04-13 00:46:07.987 24070 24362 I AmazonVideo: Waiting for PlayReadyDrmSystem to initialize, current state NotInitialized
04-13 00:46:07.994 24211 24211 I cr_BrowserStartup: Initializing chromium process, singleProcess=true
04-13 00:46:08.022 24070 24157 I AmazonVideo: Initializing media component DefaultHeuristicsConfigurationSynchronizer
04-13 00:46:08.024 23739 23782 D AmazonCMS: Loaded preloaded image from *****
04-13 00:46:08.032   163   163 D Playready25: DrmPlayreadyPlugIn::fake onInitialize : 111 
04-13 00:46:08.032   163   163 D Playready25: DrmPlayreadyPlugIn::onSetOnInfoListener : 111
04-13 00:46:08.035 24070 24361 I AmazonVideo: DrmManagerClient created successfully
04-13 00:46:08.036   163   163 D Playready25: DrmPlayreadyPlugIn::onAcquireDrmInfo : 111
04-13 00:46:08.036   163   163 E Playready25: check_onInitialize,1121: 111 DRM_PLAYREADY_SESSION not Init yet start Init !!
04-13 00:46:08.036   163   163 D Playready25: DrmPlayreadyPlugIn::true onInitialize : 111 
04-13 00:46:08.037   163   163 E Playready25: DrmPlayreadyPlugIn::pdrmAppContext len : 290568 
04-13 00:46:08.042 24070 24157 I AmazonVideo: Initializing media component FileBackedContentStore
04-13 00:46:08.043 24070 24157 I AmazonVideo: Entered initialize for PlayReadyDrmSystem
04-13 00:46:08.044 24070 24157 I AmazonVideo: Completed initialize for PlayReadyDrmSystem
04-13 00:46:08.044 24070 24157 I AmazonVideo: Completed initialize for MediaSystem
04-13 00:46:08.044 24070 24362 I AmazonVideo: Deleting expired licenses from PLAYREADY license store
04-13 00:46:08.046   163   163 D Playready25: [timecheck]  Drm_Initialize(907) 1492069568  43368 
04-13 00:46:08.046   163   163 D Playready25: f_poAppContext 0xb49b4008, len 290568
04-13 00:46:08.054   163   163 D Playready25: [optimize]private key status: 1
04-13 00:46:08.055   163   163 D Playready25: [x_check] 5288 708 
04-13 00:46:08.061   163   163 D Playready25: [optimize]template status: 1596
04-13 00:46:08.061   163   163 D Playready25: Oem_Device_GetCert,643: Call to trustzone Oem_Device_GetCert	
04-13 00:46:08.062   163   163 D Playready25: Leave UREE_TeeServiceCall - TZCMD_PLAYREADY_PROVISIONED_DATA_GET - Cert - dr = 0
04-13 00:46:08.062   163   163 D Playready25: [optimize]Oem_File_Open:####to open file name:/data/playready/keyfile.dat mode:r+b
04-13 00:46:08.062   163   163 D Playready25: [optimize]  Oem_File_Open  drm
04-13 00:46:08.062   163   163 D Playready25: [optimize]  Oem_File_Open  uid 1019 gid 1019
04-13 00:46:08.062   163   163 D Playready25: [optimize]  Oem_File_Open 386: pfile:0xb6f96cbc strerror No such file or directory
04-13 00:46:08.098 24070 24247 I AmazonVideo: DownloadThrottle: Disabled, factor: 1.000000, max delay: 4000ms
04-13 00:46:08.107 24070 24371 I art     : Note: end time exceeds epoch: 
04-13 00:46:08.119 24070 24247 W AmazonVideo: Warning: Profile string was null, returning null!
04-13 00:46:08.119 24070 24247 W AmazonVideo: Warning: Profile string was null, returning null!
04-13 00:46:08.120 24070 24247 W AmazonVideo: Warning: Profile string was null, returning null!
04-13 00:46:08.120 24070 24247 W AmazonVideo: Warning: Profile string was null, returning null!
04-13 00:46:08.121 24070 24247 W AmazonVideo: Warning: Profile string was null, returning null!
04-13 00:46:08.121 24070 24247 W AmazonVideo: Warning: Profile string was null, returning null!
04-13 00:46:08.153   163   163 D Playready25: [optimize]private key status: 1
04-13 00:46:08.154   163   163 D Playready25: [x_check] 5288 708 
04-13 00:46:08.188 24070 24369 I AmazonVideo.profiler: Metric[name=MediaSystem-LoadSuccess-OMXILRendererScheme, type=[Counter], val=1]
04-13 00:46:08.192 24070 24247 W AmazonVideo: Warning: Profile string was null, returning null!
04-13 00:46:08.192 24070 24247 W AmazonVideo: Warning: Profile string was null, returning null!
04-13 00:46:08.192 24070 24247 W AmazonVideo: Warning: Profile string was null, returning null!
04-13 00:46:08.192 24070 24247 W AmazonVideo: Warning: Profile string was null, returning null!
04-13 00:46:08.198   163   163 D Playready25: [optimize]template status: 1596
04-13 00:46:08.198   163   163 D Playready25: Oem_Device_GetCert,643: Call to trustzone Oem_Device_GetCert	
04-13 00:46:08.198   163   163 D Playready25: Leave UREE_TeeServiceCall - TZCMD_PLAYREADY_PROVISIONED_DATA_GET - Cert - dr = 0
04-13 00:46:08.199   163   163 D Playready25: MTTZ_Oem_Hal_AllocateRegister: 4 -1264848352 0x00000000
04-13 00:46:08.201   163   163 D Playready25: unwrap i_eKeyDataType 3
04-13 00:46:08.203 24070 24247 I AmazonVideo: Entered initialize for ReadyNowFacilitator
04-13 00:46:08.204 24070 24247 I AmazonVideo: Entered initialize for AppUidManager
04-13 00:46:08.205 24070 24247 I AmazonVideo: App uid : 32038 packageName : com.amazon.readynowcore
04-13 00:46:08.205   917  2246 W PackageManager: com.amazon.avod.sdk.example is not installed for user 0
04-13 00:46:08.206 24070 24247 W AmazonVideo: Warning: Cannot find application info for com.amazon.avod.sdk.example
04-13 00:46:08.206 24070 24247 I AmazonVideo: Completed initialize for AppUidManager
04-13 00:46:08.206 24070 24247 I AmazonVideo: ReadyNow is installed and supported on device
04-13 00:46:08.211 24070 24247 I AmazonVideo: Completed initialize for ReadyNowFacilitator
04-13 00:46:08.215   163   163 D Playready25: MTTZ_Oem_Hal_AllocateRegister: 4 -1264848196 0x00000000
04-13 00:46:08.215   163   163 D Playready25: unwrap i_eKeyDataType 3
04-13 00:46:08.219 24070 24372 E SQLiteLog: (283) recovered 92 frames from WAL file /data/data/com.amazon.avod/files/databases/event-wal
04-13 00:46:08.224 24070 24247 I AmazonVideo: Entered initialize for DownloadConnectionEventListener
04-13 00:46:08.224 24070 24247 I AmazonVideo: Completed initialize for DownloadConnectionEventListener
04-13 00:46:08.224 24070 24247 I AmazonVideo: Entered initialize for UserDownloadManager
04-13 00:46:08.225 24070 24247 I AmazonVideo: Entered initialize for DownloadLocationConfig
04-13 00:46:08.225 24070 24247 I AmazonVideo: Completed initialize for DownloadLocationConfig
04-13 00:46:08.225 24070 24247 I AmazonVideo: Default download location is SD card
04-13 00:46:08.225 24070 24247 I AmazonVideo: Entered initialize for UserDownloadPersistence
04-13 00:46:08.226 24070 24247 I AmazonVideo: Entered initialize for UserDownloadLegacyDiskPersistence
04-13 00:46:08.226 24070 24247 I AmazonVideo: Completed initialize for UserDownloadLegacyDiskPersistence
04-13 00:46:08.226 24070 24247 I AmazonVideo: Entered initialize for UserDownloadDiskPersistence
04-13 00:46:08.226 24070 24070 I AmazonVideo: old state : DEVICE_INACTIVE_IN_BACKGROUND, new state : DEVICE_ACTIVE_IN_BACKGROUND
04-13 00:46:08.228 23943 23971 I native-activity: Frame 240 GL error is 0x500
04-13 00:46:08.228 23943 23971 I native-activity: Frame 240 time is 335.148ms
04-13 00:46:08.228   163   163 D Playready25: MTTZ_Oem_Hal_AllocateRegister: 4 -1264848040 0x00000000
04-13 00:46:08.229   163   163 D Playready25: unwrap i_eKeyDataType 3
04-13 00:46:08.238 24070 24247 I AmazonVideo: Completed initialize for UserDownloadDiskPersistence
04-13 00:46:08.244   163   163 D Playready25: MTTZ_Oem_Hal_AllocateRegister: 4 -1264847884 0x00000000
04-13 00:46:08.245   163   163 D Playready25: unwrap i_eKeyDataType 3
04-13 00:46:08.257   163   163 D Playready25: MTTZ_Oem_Hal_AllocateRegister: 4 -1264847728 0x00000000
04-13 00:46:08.257   163   163 D Playready25: unwrap i_eKeyDataType 3
04-13 00:46:08.263 23720 24090 I [MALI][Gralloc]: usage0: 0x120, format7: 1000 stride2: 528 vertical_stride6: 232 size: 186400
04-13 00:46:08.267   163   163 D Playready25: HWID = 49 125 130 240 204 151 199 3 187 18 229 210 165 131 84 218 206 131 27 30 
04-13 00:46:08.268   163   163 D Playready25: [xavier]DRM_HDS_Init
04-13 00:46:08.268   163   163 D Playready25: [optimize]Oem_File_Open:####to open file name:/data/playready/AIVDrmStore mode:r+b
04-13 00:46:08.268   163   163 D Playready25: [optimize]  Oem_File_Open  drm
04-13 00:46:08.268   163   163 D Playready25: [optimize]  Oem_File_Open  uid 1019 gid 1019
04-13 00:46:08.268   163   163 D Playready25: [optimize]  Oem_File_Open 386: pfile:0xb6f96cbc strerror Invalid argument
04-13 00:46:08.269 23739 23782 D AmazonCMS: Loaded preloaded image from *****
04-13 00:46:08.272   163   163 D Playready25: TEE_get_current_prtime,107:[PR SDK] time zone conversion
04-13 00:46:08.273   163   163 D Playready25: TEE_get_current_prtime,107:[PR SDK] time zone conversion
04-13 00:46:08.273   163   163 D Playready25: TEE_get_current_prtime,107:[PR SDK] time zone conversion
04-13 00:46:08.274   163   163 D Playready25: TEE_get_current_prtime,107:[PR SDK] time zone conversion
04-13 00:46:08.274   163   163 D Playready25: MTTZ_Oem_Hal_AllocateRegister: 10 -1264824328 0x00000000
04-13 00:46:08.274   163   163 D Playready25: unwrap i_eKeyDataType 1
04-13 00:46:08.275 23943 23971 I native-activity: Swap 240 time is 382.571ms
04-13 00:46:08.275 23943 23971 I native-activity: Animating
04-13 00:46:08.275   163   163 D Playready25: TEE_get_current_prtime,107:[PR SDK] time zone conversion
04-13 00:46:08.276   163   163 D Playready25: TEE_get_current_prtime,107:[PR SDK] time zone conversion
04-13 00:46:08.276   163   163 D Playready25: TEE_get_current_prtime,107:[PR SDK] time zone conversion
04-13 00:46:08.278   163   163 D Playready25: TEE_get_current_prtime,107:[PR SDK] time zone conversion
04-13 00:46:08.260 24211 24340 I Kernel  : [45606.937438].(3)[24340:AsyncTask #4]name:Log.main_3543 unmap vm_start a1343000  end: a1543000
04-13 00:46:08.281   163   163 D Playready25: TEE_get_current_prtime,107:[PR SDK] time zone conversion
04-13 00:46:08.281   163   163 D Playready25: TEE_get_current_prtime,107:[PR SDK] time zone conversion
04-13 00:46:08.282   163   163 D Playready25: [optimize]_Oem_File_Open(118):####to open file name:/data/securestop/tee_state.dat mode:(null) f_dwCreationDisposition 3 
04-13 00:46:08.283   163   163 D Playready25: [timecheck]  Drm_Initialize(1172) 1492069568  283930 
04-13 00:46:08.284   163   163 D Playready25: TEE_get_current_prtime,107:[PR SDK] time zone conversion
04-13 00:46:08.285   163   163 D Playready25: TEE_get_current_prtime,107:[PR SDK] time zone conversion
04-13 00:46:08.285   163   163 D Playready25: TEE_get_current_prtime,107:[PR SDK] time zone conversion
04-13 00:46:08.285   163   163 D Playready25: TEE_get_current_prtime,107:[PR SDK] time zone conversion
04-13 00:46:08.286   163   163 D Playready25: TEE_get_current_prtime,107:[PR SDK] time zone conversion
04-13 00:46:08.286   163   163 D Playready25: TEE_get_current_prtime,107:[PR SDK] time zone conversion
04-13 00:46:08.287   163   163 D Playready25: TEE_get_current_prtime,107:[PR SDK] time zone conversion
04-13 00:46:08.287   163   163 D Playready25: TEE_get_current_prtime,107:[PR SDK] time zone conversion
04-13 00:46:08.287   163   163 D Playready25: TEE_get_current_prtime,107:[PR SDK] time zone conversion
04-13 00:46:08.287 23739 24099 W asset   : Asset path /system/framework/android.amazon.res.jar is neither a directory nor file (type=1).
04-13 00:46:08.287 23739 24099 W ResourcesManager: Asset path '/system/framework/android.amazon.res.jar' does not exist or contains no resources.
04-13 00:46:08.288   163   163 D Playready25: TEE_get_current_prtime,107:[PR SDK] time zone conversion
04-13 00:46:08.289   163   163 D Playready25: TEE_get_current_prtime,107:[PR SDK] time zone conversion
04-13 00:46:08.289   163   163 D Playready25: TEE_get_current_prtime,107:[PR SDK] time zone conversion
04-13 00:46:08.291   163   163 D Playready25: TEE_get_current_prtime,107:[PR SDK] time zone conversion
04-13 00:46:08.292   163   163 D Playready25: TEE_get_current_prtime,107:[PR SDK] time zone conversion
04-13 00:46:08.293   163   163 D Playready25: TEE_get_current_prtime,107:[PR SDK] time zone conversion
04-13 00:46:08.294   163   163 D Playready25: TEE_get_current_prtime,107:[PR SDK] time zone conversion
04-13 00:46:08.294   163   163 D Playready25: TEE_get_current_prtime,107:[PR SDK] time zone conversion
04-13 00:46:08.295   163   163 D Playready25: TEE_get_current_prtime,107:[PR SDK] time zone conversion
04-13 00:46:08.296   163   163 D Playready25: TEE_get_current_prtime,107:[PR SDK] time zone conversion
04-13 00:46:08.296   163   163 D Playready25: TEE_get_current_prtime,107:[PR SDK] time zone conversion
04-13 00:46:08.297   163   163 D Playready25: TEE_get_current_prtime,107:[PR SDK] time zone conversion
04-13 00:46:08.297   163   163 D Playready25: TEE_get_current_prtime,107:[PR SDK] time zone conversion
04-13 00:46:08.298   163   163 D Playready25: TEE_get_current_prtime,107:[PR SDK] time zone conversion
04-13 00:46:08.299   163   163 D Playready25: TEE_get_current_prtime,107:[PR SDK] time zone conversion
04-13 00:46:08.299   163   163 D Playready25: TEE_get_current_prtime,107:[PR SDK] time zone conversion
04-13 00:46:08.299   163   163 D Playready25: TEE_get_current_prtime,107:[PR SDK] time zone conversion
04-13 00:46:08.300   163   163 D Playready25: internal_onInitialize,1109:Drm_Initialize success! 
04-13 00:46:08.300   163   163 D Playready25: onAcquireDrmInfo,1271: DrmPlayreadyPlugIn::onAcquireDrmInfo : TYPE_RIGHTS_ACQUISITION_INFO 
04-13 00:46:08.300   163   163 D Playready25: onAcquireDrmInfo,1277: DrmPlayreadyPlugIn::onAcquireDrmInfo : mimeType = application/vnd.ms-playready.media.pyv 
04-13 00:46:08.301   163   163 D Playready25: DrmPlayreadyPlugIn::onAcquireDrmInfo : 1308: drmHeaderBase64 = GetPersistentLicSession 
04-13 00:46:08.301   163   163 D Playready25: [xavier]source: GetPersistentLicSession
04-13 00:46:08.301   163   163 D Playready25: [xavier]source len 23
04-13 00:46:08.301   163   163 D Playready25: [xavier]cb_decoded len 23
04-13 00:46:08.301   163   163 D Playready25: ret -2 ResponseKID is :
04-13 00:46:08.301   163   163 D Playready25:  decodedSize is : 23
04-13 00:46:08.301   163   163 D Playready25: DrmPlayreadyPlugIn::onAcquireDrmInfo :  1323, size = 23: pdecodedDataBuf = Oz"I, 
04-13 00:46:08.302   163   163 E Playready25: onAcquireDrmInfo,1336: Drm_Content_SetProperty set len: 23
04-13 00:46:08.302   163   163 D Playready25: onAcquireDrmInfo,1339: DrmHeader [13] = 0xeb, 
04-13 00:46:08.302   163   163 D Playready25: onAcquireDrmInfo,1339: DrmHeader [14] = 0x2c, 
04-13 00:46:08.302   163   163 D Playready25: onAcquireDrmInfo,1339: DrmHeader [15] = 0x0, 
04-13 00:46:08.302   163   163 D Playready25: onAcquireDrmInfo,1339: DrmHeader [16] = 0x0, 
04-13 00:46:08.302   163   163 D Playready25: onAcquireDrmInfo,1339: DrmHeader [17] = 0x0, 
04-13 00:46:08.302   163   163 D Playready25: onAcquireDrmInfo,1339: DrmHeader [18] = 0x0, 
04-13 00:46:08.302   163   163 D Playready25: onAcquireDrmInfo,1339: DrmHeader [19] = 0x0, 
04-13 00:46:08.302   163   163 D Playready25: onAcquireDrmInfo,1339: DrmHeader [20] = 0x0, 
04-13 00:46:08.303   163   163 D Playready25: onAcquireDrmInfo,1339: DrmHeader [21] = 0x0, 
04-13 00:46:08.303   163   163 D Playready25: onAcquireDrmInfo,1339: DrmHeader [22] = 0x0, 
04-13 00:46:08.303   163   163 E Playready25: onAcquireDrmInfo,1348: Drm_Content_SetProperty failed: 0x80041108
04-13 00:46:08.303   163   163 D Playready25: onAcquireDrmInfo: onAcquireDrmInfo 1491: ret =0x80041108 
04-13 00:46:08.310 24070 24361 W AmazonVideo: Warning: PlayReady engine doesn't support pre-initialization. Status: 0x8110480. This is not a critical failure.
04-13 00:46:08.311 24070 24362 I AmazonVideo: AndroidDrmFramework.removeRights URI = playready://AllExpiredLicenses.playready
04-13 00:46:08.311   163  1986 D Playready25: DrmPlayreadyPlugIn::canHandle: .playready 
04-13 00:46:08.311   163  1986 D Playready25: DrmPlayreadyPlugIn::onRemoveRights() Enter : uniqueId = 111 
04-13 00:46:08.312   163  1986 D Playready25: DrmPlayreadyPlugIn::onRemoveRights : onRemoveRights,1691: len = 18, base64Kid=AllExpiredLicenses
04-13 00:46:08.312   163  1986 D Playready25: onRemoveRights : delete AllExpiredLicenses from the license store and perform maintaince functions on thedata store file
04-13 00:46:08.312   163  1986 D Playready25: TEE_get_current_prtime,107:[PR SDK] time zone conversion
04-13 00:46:08.313   163  1986 D Playready25: TEE_get_current_prtime,107:[PR SDK] time zone conversion
04-13 00:46:08.313   163  1986 D Playready25: TEE_get_current_prtime,107:[PR SDK] time zone conversion
04-13 00:46:08.313   163  1986 D Playready25: TEE_get_current_prtime,107:[PR SDK] time zone conversion
04-13 00:46:08.314   163  1986 D Playready25: TEE_get_current_prtime,107:[PR SDK] time zone conversion
04-13 00:46:08.314   163  1986 D Playready25: TEE_get_current_prtime,107:[PR SDK] time zone conversion
04-13 00:46:08.317 24211 24339 I AmazonAppstore.DemoModule: Providing KOR demo manager
04-13 00:46:08.317   163  1986 D Playready25: TEE_get_current_prtime,107:[PR SDK] time zone conversion
04-13 00:46:08.318 24070 24247 I AmazonVideo: Completed initialize for UserDownloadPersistence
04-13 00:46:08.319 24070 24247 I AmazonVideo: Entered initialize for UserDownloadExecutor
04-13 00:46:08.319 24070 24247 I AmazonVideo: Entered initialize for DownloadEnabledStatus
04-13 00:46:08.321   163  1986 D Playready25: TEE_get_current_prtime,107:[PR SDK] time zone conversion
04-13 00:46:08.322   163  1986 D Playready25: TEE_get_current_prtime,107:[PR SDK] time zone conversion
04-13 00:46:08.322   163  1986 D Playready25: TEE_get_current_prtime,107:[PR SDK] time zone conversion
04-13 00:46:08.323   163  1986 D Playready25: TEE_get_current_prtime,107:[PR SDK] time zone conversion
04-13 00:46:08.323   163  1986 D Playready25: 0 license(s) out of 0 licenses processed
04-13 00:46:08.323   163  1986 D Playready25: TEE_get_current_prtime,107:[PR SDK] time zone conversion
04-13 00:46:08.324   163  1986 D Playready25: TEE_get_current_prtime,107:[PR SDK] time zone conversion
04-13 00:46:08.324   163  1986 D Playready25: TEE_get_current_prtime,107:[PR SDK] time zone conversion
04-13 00:46:08.324 24070 24247 I AmazonVideo: Completed initialize for DownloadEnabledStatus
04-13 00:46:08.324   163  1986 D Playready25: TEE_get_current_prtime,107:[PR SDK] time zone conversion
04-13 00:46:08.325 24070 24247 I AmazonVideo: Entered initialize for UserDownloadAvailabilityCache
04-13 00:46:08.325 24070 24247 I AmazonVideo: Completed initialize for UserDownloadAvailabilityCache
04-13 00:46:08.325 24070 24247 I AmazonVideo: Entered initialize for DownloadQueueManager
04-13 00:46:08.326   163  1986 D Playready25: TEE_get_current_prtime,107:[PR SDK] time zone conversion
04-13 00:46:08.326 24070 24247 I AmazonVideo: Completed initialize for DownloadQueueManager
04-13 00:46:08.327   163  1986 D Playready25: TEE_get_current_prtime,107:[PR SDK] time zone conversion
04-13 00:46:08.327   163  1986 D Playready25: TEE_get_current_prtime,107:[PR SDK] time zone conversion
04-13 00:46:08.330 24070 24247 I AmazonVideo: Completed initialize for UserDownloadExecutor
04-13 00:46:08.330   163  1986 D Playready25: TEE_get_current_prtime,107:[PR SDK] time zone conversion
04-13 00:46:08.331   163  1986 D Playready25: TEE_get_current_prtime,107:[PR SDK] time zone conversion
04-13 00:46:08.332   163  1986 D Playready25: TEE_get_current_prtime,107:[PR SDK] time zone conversion
04-13 00:46:08.332   163  1986 D Playready25: TEE_get_current_prtime,107:[PR SDK] time zone conversion
04-13 00:46:08.333   163  1986 D Playready25: TEE_get_current_prtime,107:[PR SDK] time zone conversion
