04-13 01:13:34.339 27548 27566 I native-activity: Animating
04-13 01:13:34.354 25557 25643 D AmazonCMS: notified to profile 0 with com.amazon.kindle.cms.CONTENT_UPDATE, Bundle[{item_type=kindle.content.apps, profile_id=0, status=0, urgent_flag=1, version=2.1.0.10, last_access_date=1492071208412, location=0, item_id=1352}]
04-13 01:13:34.356 25557 25643 V AmazonCMS: CardBroadcastReceiver - received intent com.amazon.kindle.cms.CONTENT_UPDATE
04-13 01:13:34.364 27548 27566 I native-activity: Frame 526 GL error is 0x0
04-13 01:13:34.364 27548 27566 I native-activity: Frame 526 time is 25.232ms
04-13 01:13:34.365 27548 27566 I native-activity: Swap 526 time is 25.302ms
04-13 01:13:34.365 27548 27566 I native-activity: Animating
04-13 01:13:34.374   917  1762 D ActivityManager: single user service: com.amazon.kindle.cms
04-13 01:13:34.377   917  1762 D ActivityManager: app = com.amazon.kindle.cms, has single user service, setting process record.
04-13 01:13:34.378 27548 27566 I native-activity: Frame 527 GL error is 0x0
04-13 01:13:34.378 27548 27566 I native-activity: Frame 527 time is 13.551ms
04-13 01:13:34.378 27548 27566 I native-activity: Swap 527 time is 13.626ms
04-13 01:13:34.378 27548 27566 I native-activity: Animating
04-13 01:13:34.387 25557 25643 I AmazonCMS: CMSService waking up, a client has bound
04-13 01:13:34.393 25557 25643 D AmazonCMS: CMS activity level changed, active: true
04-13 01:13:34.399 27548 27566 I native-activity: Frame 528 GL error is 0x0
04-13 01:13:34.399 27548 27566 I native-activity: Frame 528 time is 20.456ms
04-13 01:13:34.399 27548 27566 I native-activity: Swap 528 time is 20.533ms
04-13 01:13:34.399 27548 27566 I native-activity: Animating
04-13 01:13:34.412 25557 25643 D AmazonCMS: Read 2 card ids from the cache for producer com.amazon.kindle.cms.card.producer.NEWSSTAND in profile 0
04-13 01:13:34.417 27548 27566 I native-activity: Frame 529 GL error is 0x0
04-13 01:13:34.417 27548 27566 I native-activity: Frame 529 time is 18.296ms
04-13 01:13:34.417 27548 27566 I native-activity: Swap 529 time is 18.380ms
04-13 01:13:34.418 27548 27566 I native-activity: Animating
04-13 01:13:34.428 25557 25643 D AmazonCMS: CMSService is no longer being used, deactivating...
04-13 01:13:34.433 27548 27566 I native-activity: Frame 530 GL error is 0x0
04-13 01:13:34.433 27548 27566 I native-activity: Frame 530 time is 15.744ms
04-13 01:13:34.433 27548 27566 I native-activity: Swap 530 time is 15.819ms
04-13 01:13:34.433 27548 27566 I native-activity: Animating
04-13 01:13:34.437 25557 25643 D AmazonCMS: CMS activity level changed, active: false
04-13 01:13:34.449 27548 27566 I native-activity: Frame 531 GL error is 0x0
04-13 01:13:34.449 27548 27566 I native-activity: Frame 531 time is 15.474ms
04-13 01:13:34.449 27548 27566 I native-activity: Swap 531 time is 15.544ms
04-13 01:13:34.449 27548 27566 I native-activity: Animating
04-13 01:13:34.463 27548 27566 I native-activity: Frame 532 GL error is 0x0
04-13 01:13:34.463 27548 27566 I native-activity: Frame 532 time is 14.038ms
04-13 01:13:34.463 27548 27566 I native-activity: Swap 532 time is 14.108ms
04-13 01:13:34.463 27548 27566 I native-activity: Animating
04-13 01:13:34.476 27548 27566 I native-activity: Frame 533 GL error is 0x0
04-13 01:13:34.476 27548 27566 I native-activity: Frame 533 time is 12.740ms
04-13 01:13:34.476 27548 27566 I native-activity: Swap 533 time is 12.809ms
04-13 01:13:34.476 27548 27566 I native-activity: Animating
04-13 01:13:34.492 27548 27566 I native-activity: Frame 534 GL error is 0x0
04-13 01:13:34.492 27548 27566 I native-activity: Frame 534 time is 16.215ms
04-13 01:13:34.493 27548 27566 I native-activity: Swap 534 time is 16.289ms
04-13 01:13:34.493 27548 27566 I native-activity: Animating
04-13 01:13:34.500  1787  1787 I AmazonLocationController: onWifiSignalChanged : connected : true
04-13 01:13:34.506 27548 27566 I native-activity: Frame 535 GL error is 0x0
04-13 01:13:34.506 27548 27566 I native-activity: Frame 535 time is 13.355ms
04-13 01:13:34.506 27548 27566 I native-activity: Swap 535 time is 13.423ms
04-13 01:13:34.506 27548 27566 I native-activity: Animating
04-13 01:13:34.519 27548 27566 I native-activity: Frame 536 GL error is 0x0
04-13 01:13:34.519 27548 27566 I native-activity: Frame 536 time is 12.868ms
04-13 01:13:34.519 27548 27566 I native-activity: Swap 536 time is 12.937ms
04-13 01:13:34.519 27548 27566 I native-activity: Animating
04-13 01:13:34.522 25557 25643 W AmazonCMS: Delivery card detected for item ***** but no delivery date set
04-13 01:13:34.523 25557 25643 D AmazonCMS: Creating delivery card with id: *****
04-13 01:13:34.533 27548 27566 I native-activity: Frame 537 GL error is 0x0
04-13 01:13:34.533 27548 27566 I native-activity: Frame 537 time is 13.912ms
04-13 01:13:34.533 27548 27566 I native-activity: Swap 537 time is 13.979ms
04-13 01:13:34.533 27548 27566 I native-activity: Animating
04-13 01:13:34.535 25557 27593 I F_C.ProducerClientCompa: Producer com.amazon.kindle.cms.card.producer.NEWSSTAND at API version BrazilVersion(1.4).
04-13 01:13:34.535 25557 25643 D AmazonCMS: CardClient: Pushing 2 cards ***** by producer com.amazon.kindle.cms.card.producer.NEWSSTAND
04-13 01:13:34.540 25557 27593 I F_C.ProducerClientCompa: Connected to ServerInfo(CDA Version: BrazilVersion(1.3.108.0), Min. Producer: BrazilVersion(1.0), Delete All: true)
04-13 01:13:34.546 27548 27566 I native-activity: Frame 538 GL error is 0x0
04-13 01:13:34.546 27548 27566 I native-activity: Frame 538 time is 12.992ms
04-13 01:13:34.546 27548 27566 I native-activity: Swap 538 time is 13.068ms
04-13 01:13:34.546 27548 27566 I native-activity: Animating
04-13 01:13:34.547 25616 26586 I F_C.CardAgentSynchroniz: Throttling producer refresh
04-13 01:13:34.547 25616 26586 W F_C.CardProvider: Producer refresh failed
04-13 01:13:34.561   917  2115 W AccountManagerService: insertAccountIntoDatabase: Account {name=default_account, type=amazon.account}, skipping since the account already exists
04-13 01:13:34.561 27548 27566 I native-activity: Frame 539 GL error is 0x0
04-13 01:13:34.561 27548 27566 I native-activity: Frame 539 time is 14.758ms
04-13 01:13:34.561 27548 27566 I native-activity: Swap 539 time is 14.831ms
04-13 01:13:34.561 27548 27566 I native-activity: Animating
04-13 01:13:34.569   917   933 W AccountManagerService: insertAccountIntoDatabase: Account {name=default_account, type=amazon.account}, skipping since the account already exists
04-13 01:13:34.576 27548 27566 I native-activity: Frame 540 GL error is 0x0
04-13 01:13:34.576 27548 27566 I native-activity: Frame 540 time is 14.551ms
04-13 01:13:34.576 27548 27566 I native-activity: Swap 540 time is 14.628ms
04-13 01:13:34.576 27548 27566 I native-activity: Animating
04-13 01:13:34.589 27548 27566 I native-activity: Frame 541 GL error is 0x0
04-13 01:13:34.590 27548 27566 I native-activity: Frame 541 time is 13.512ms
04-13 01:13:34.590   917  2109 W AccountManagerService: insertAccountIntoDatabase: Account {name=default_account, type=amazon.account}, skipping since the account already exists
04-13 01:13:34.590 27548 27566 I native-activity: Swap 541 time is 13.621ms
04-13 01:13:34.590 27548 27566 I native-activity: Animating
04-13 01:13:34.580  2137  2137 I Kernel  : [47253.251744][wlan] nicTxReleaseResource: (TX STATE)
04-13 01:13:34.580  2137  2137 I Kernel  : Release: TC4 count 1, Free=3; TC5 count 0, Free=4
04-13 01:13:34.580  2159  2159 I Kernel  : [47253.252065].(0)[2159:wpa_supplicant]poorlink get state G(363160)F(49)dbad(0)dretry(0)LT(540)RT(-75)W(0)(12842)
04-13 01:13:34.580  2137  2137 I Kernel  : [47253.253816][wlan] nicTxReleaseResource: (TX STATE)
04-13 01:13:34.580  2137  2137 I Kernel  : Release: TC4 count 1, Free=4; TC5 count 0, Free=4
04-13 01:13:34.604 27548 27566 I native-activity: Frame 542 GL error is 0x0
04-13 01:13:34.604 27548 27566 I native-activity: Frame 542 time is 14.392ms
04-13 01:13:34.604 27548 27566 I native-activity: Swap 542 time is 14.470ms
04-13 01:13:34.604 27548 27566 I native-activity: Animating
04-13 01:13:34.605 25557 25643 D AmazonCMS: Read 12 card ids from the cache for producer com.amazon.kindle.cms.card.producer.APPS in profile 0
04-13 01:13:34.607   917 25027 W AccountManagerService: insertAccountIntoDatabase: Account {name=default_account, type=amazon.account}, skipping since the account already exists
04-13 01:13:34.617 27548 27566 I native-activity: Frame 543 GL error is 0x0
04-13 01:13:34.618 27548 27566 I native-activity: Frame 543 time is 13.112ms
04-13 01:13:34.618 27548 27566 I native-activity: Swap 543 time is 13.182ms
04-13 01:13:34.618 27548 27566 I native-activity: Animating
04-13 01:13:34.620 25557 25643 D AmazonCMS: Creating recent card with id: *****
04-13 01:13:34.631 27548 27566 I native-activity: Frame 544 GL error is 0x0
04-13 01:13:34.631 27548 27566 I native-activity: Frame 544 time is 13.164ms
04-13 01:13:34.631 27548 27566 I native-activity: Swap 544 time is 13.230ms
04-13 01:13:34.631 27548 27566 I native-activity: Animating
04-13 01:13:34.635 25557 25643 D AmazonCMS: Creating recent card with id: *****
04-13 01:13:34.643 27548 27566 I native-activity: Frame 545 GL error is 0x0
04-13 01:13:34.644 27548 27566 I native-activity: Frame 545 time is 12.519ms
04-13 01:13:34.644 27548 27566 I native-activity: Swap 545 time is 12.585ms
04-13 01:13:34.644 27548 27566 I native-activity: Animating
04-13 01:13:34.649 25557 25643 D AmazonCMS: Creating recent card with id: *****
04-13 01:13:34.660 25557 25643 D AmazonCMS: Creating recent card with id: *****
04-13 01:13:34.672 25557 25643 D AmazonCMS: Creating recent card with id: *****
04-13 01:13:34.674 27548 27566 I native-activity: Frame 546 GL error is 0x0
04-13 01:13:34.674 27548 27566 I native-activity: Frame 546 time is 30.267ms
04-13 01:13:34.674 27548 27566 I native-activity: Swap 546 time is 30.340ms
04-13 01:13:34.674 27548 27566 I native-activity: Animating
04-13 01:13:34.683 25557 25643 D AmazonCMS: Creating recent card with id: *****
04-13 01:13:34.687 27548 27566 I native-activity: Frame 547 GL error is 0x0
04-13 01:13:34.687 27548 27566 I native-activity: Frame 547 time is 12.983ms
04-13 01:13:34.687 27548 27566 I native-activity: Swap 547 time is 13.051ms
04-13 01:13:34.687 27548 27566 I native-activity: Animating
04-13 01:13:34.694 25557 25643 D AmazonCMS: Creating recent card with id: *****
04-13 01:13:34.696 27548 27566 I native-activity: Frame 548 GL error is 0x0
04-13 01:13:34.696 27548 27566 I native-activity: Frame 548 time is 8.609ms
04-13 01:13:34.696 27548 27566 I native-activity: Swap 548 time is 8.678ms
04-13 01:13:34.696 27548 27566 I native-activity: Animating
04-13 01:13:34.702 27548 27566 I native-activity: Frame 549 GL error is 0x0
04-13 01:13:34.702 27548 27566 I native-activity: Frame 549 time is 5.630ms
04-13 01:13:34.702 27548 27566 I native-activity: Swap 549 time is 5.702ms
04-13 01:13:34.702 27548 27566 I native-activity: Animating
04-13 01:13:34.707 25557 25643 D AmazonCMS: Creating recent card with id: *****
04-13 01:13:34.707 27548 27566 I native-activity: Frame 550 GL error is 0x0
04-13 01:13:34.708 27548 27566 I native-activity: Frame 550 time is 5.678ms
04-13 01:13:34.708 27548 27566 I native-activity: Swap 550 time is 5.758ms
04-13 01:13:34.708 27548 27566 I native-activity: Animating
04-13 01:13:34.713 27548 27566 I native-activity: Frame 551 GL error is 0x0
04-13 01:13:34.713 27548 27566 I native-activity: Frame 551 time is 5.492ms
04-13 01:13:34.713 27548 27566 I native-activity: Swap 551 time is 5.561ms
04-13 01:13:34.713 27548 27566 I native-activity: Animating
04-13 01:13:34.719 27548 27566 I native-activity: Frame 552 GL error is 0x0
04-13 01:13:34.719 27548 27566 I native-activity: Frame 552 time is 5.350ms
04-13 01:13:34.719 27548 27566 I native-activity: Swap 552 time is 5.426ms
04-13 01:13:34.719 27548 27566 I native-activity: Animating
04-13 01:13:34.719 25557 25643 D AmazonCMS: Creating recent card with id: *****
04-13 01:13:34.724 27548 27566 I native-activity: Frame 553 GL error is 0x0
04-13 01:13:34.724 27548 27566 I native-activity: Frame 553 time is 5.583ms
04-13 01:13:34.724 27548 27566 I native-activity: Swap 553 time is 5.653ms
04-13 01:13:34.725 27548 27566 I native-activity: Animating
04-13 01:13:34.729 27548 27566 I native-activity: Frame 554 GL error is 0x0
04-13 01:13:34.729 27548 27566 I native-activity: Frame 554 time is 4.031ms
04-13 01:13:34.729 27548 27566 I native-activity: Swap 554 time is 4.129ms
04-13 01:13:34.729 27548 27566 I native-activity: Animating
04-13 01:13:34.732 25557 25643 D AmazonCMS: Creating recent card with id: *****
04-13 01:13:34.735 27548 27566 I native-activity: Frame 555 GL error is 0x0
04-13 01:13:34.735 27548 27566 I native-activity: Frame 555 time is 6.072ms
04-13 01:13:34.735 27548 27566 I native-activity: Swap 555 time is 6.140ms
04-13 01:13:34.735 27548 27566 I native-activity: Animating
04-13 01:13:34.739 27548 27566 I native-activity: Frame 556 GL error is 0x0
04-13 01:13:34.739 27548 27566 I native-activity: Frame 556 time is 3.874ms
04-13 01:13:34.739 27548 27566 I native-activity: Swap 556 time is 3.986ms
04-13 01:13:34.739 27548 27566 I native-activity: Animating
04-13 01:13:34.745 27548 27566 I native-activity: Frame 557 GL error is 0x0
04-13 01:13:34.745 27548 27566 I native-activity: Frame 557 time is 5.552ms
04-13 01:13:34.745 27548 27566 I native-activity: Swap 557 time is 5.626ms
04-13 01:13:34.745 27548 27566 I native-activity: Animating
04-13 01:13:34.746 25557 25643 D AmazonCMS: Creating recent card with id: *****
04-13 01:13:34.749 27548 27566 I native-activity: Frame 558 GL error is 0x0
04-13 01:13:34.749 27548 27566 I native-activity: Frame 558 time is 4.055ms
04-13 01:13:34.749 27548 27566 I native-activity: Swap 558 time is 4.142ms
04-13 01:13:34.749 27548 27566 I native-activity: Animating
04-13 01:13:34.755 27548 27566 I native-activity: Frame 559 GL error is 0x0
04-13 01:13:34.755 27548 27566 I native-activity: Frame 559 time is 5.631ms
04-13 01:13:34.755 27548 27566 I native-activity: Swap 559 time is 5.702ms
04-13 01:13:34.755 27548 27566 I native-activity: Animating
04-13 01:13:34.759 27548 27566 I native-activity: Frame 560 GL error is 0x0
04-13 01:13:34.759 27548 27566 I native-activity: Frame 560 time is 3.824ms
04-13 01:13:34.759 27548 27566 I native-activity: Swap 560 time is 3.914ms
04-13 01:13:34.759 27548 27566 I native-activity: Animating
04-13 01:13:34.767 27548 27566 I native-activity: Frame 561 GL error is 0x0
04-13 01:13:34.767 27548 27566 I native-activity: Frame 561 time is 8.225ms
04-13 01:13:34.767 27548 27566 I native-activity: Swap 561 time is 8.297ms
04-13 01:13:34.767 27548 27566 I native-activity: Animating
04-13 01:13:34.775 27548 27566 I native-activity: Frame 562 GL error is 0x0
04-13 01:13:34.775 27548 27566 I native-activity: Frame 562 time is 7.574ms
04-13 01:13:34.775 27548 27566 I native-activity: Swap 562 time is 7.672ms
04-13 01:13:34.775 27548 27566 I native-activity: Animating
04-13 01:13:34.784 27548 27566 I native-activity: Frame 563 GL error is 0x0
04-13 01:13:34.784 27548 27566 I native-activity: Frame 563 time is 8.817ms
04-13 01:13:34.784 27548 27566 I native-activity: Swap 563 time is 8.891ms
04-13 01:13:34.784 27548 27566 I native-activity: Animating
04-13 01:13:34.791 27548 27566 I native-activity: Frame 564 GL error is 0x0
04-13 01:13:34.791 27548 27566 I native-activity: Frame 564 time is 6.599ms
04-13 01:13:34.791 27548 27566 I native-activity: Swap 564 time is 6.710ms
04-13 01:13:34.791 27548 27566 I native-activity: Animating
04-13 01:13:34.798 27548 27566 I native-activity: Frame 565 GL error is 0x0
04-13 01:13:34.798 27548 27566 I native-activity: Frame 565 time is 7.657ms
04-13 01:13:34.799 27548 27566 I native-activity: Swap 565 time is 7.726ms
04-13 01:13:34.799 27548 27566 I native-activity: Animating
04-13 01:13:34.806 27548 27566 I native-activity: Frame 566 GL error is 0x0
04-13 01:13:34.806 27548 27566 I native-activity: Frame 566 time is 7.464ms
04-13 01:13:34.806 27548 27566 I native-activity: Swap 566 time is 7.531ms
04-13 01:13:34.806 27548 27566 I native-activity: Animating
04-13 01:13:34.816 27548 27566 I native-activity: Frame 567 GL error is 0x0
04-13 01:13:34.816 27548 27566 I native-activity: Frame 567 time is 9.863ms
04-13 01:13:34.816 27548 27566 I native-activity: Swap 567 time is 9.942ms
04-13 01:13:34.816 27548 27566 I native-activity: Animating
04-13 01:13:34.817 25557 26127 I DCP     : [JsonCallExecutor][CallExecutor][a2811f11-b2a7-4d1e-8314-0219de59dd71][Auth]Received response code 200 OK. Total time = 532 ms. Handshake = 48 ms. Upload = 0 ms (0 bytes). Latency = 483 ms. Download = 0 ms (569 bytes).
04-13 01:13:34.819   917  2245 D WifiService: releaseWifiLockLocked: WifiLock{com.amazon.dcp.framework.iuc.ConnectionEstablisherWithConnectivityEnforcement type=1 binder=android.os.BinderProxy@341ec8a1}
04-13 01:13:34.824 27548 27566 I native-activity: Frame 568 GL error is 0x0
04-13 01:13:34.824 27548 27566 I native-activity: Frame 568 time is 7.991ms
04-13 01:13:34.824 27548 27566 I native-activity: Swap 568 time is 8.063ms
04-13 01:13:34.824 27548 27566 I native-activity: Animating
04-13 01:13:34.832 27548 27566 I native-activity: Frame 569 GL error is 0x0
04-13 01:13:34.832 27548 27566 I native-activity: Frame 569 time is 7.607ms
04-13 01:13:34.832 27548 27566 I native-activity: Swap 569 time is 7.689ms
04-13 01:13:34.832 27548 27566 I native-activity: Animating
04-13 01:13:34.833 25557 27593 I F_C.ProducerClientCompa: Producer com.amazon.kindle.cms.card.producer.APPS at API version BrazilVersion(1.4).
04-13 01:13:34.833 25557 25643 D AmazonCMS: CardClient: Pushing 12 cards ***** by producer com.amazon.kindle.cms.card.producer.APPS
04-13 01:13:34.838 25557 27593 I F_C.ProducerClientCompa: Connected to ServerInfo(CDA Version: BrazilVersion(1.3.108.0), Min. Producer: BrazilVersion(1.0), Delete All: true)
04-13 01:13:34.840 27548 27566 I native-activity: Frame 570 GL error is 0x0
04-13 01:13:34.840 27548 27566 I native-activity: Frame 570 time is 8.128ms
04-13 01:13:34.840 27548 27566 I native-activity: Swap 570 time is 8.210ms
04-13 01:13:34.841 27548 27566 I native-activity: Animating
04-13 01:13:34.848 27548 27566 I native-activity: Frame 571 GL error is 0x0
04-13 01:13:34.848 27548 27566 I native-activity: Frame 571 time is 7.431ms
04-13 01:13:34.848 27548 27566 I native-activity: Swap 571 time is 7.514ms
04-13 01:13:34.848 27548 27566 I native-activity: Animating
04-13 01:13:34.856 27548 27566 I native-activity: Frame 572 GL error is 0x0
04-13 01:13:34.856 27548 27566 I native-activity: Frame 572 time is 7.823ms
04-13 01:13:34.856 27548 27566 I native-activity: Swap 572 time is 7.894ms
04-13 01:13:34.856 27548 27566 I native-activity: Animating
04-13 01:13:34.860 25616 26586 I F_C.CardAgentSynchroniz: Throttling producer refresh
04-13 01:13:34.860 25616 26586 W F_C.CardProvider: Producer refresh failed
04-13 01:13:34.864 27548 27566 I native-activity: Frame 573 GL error is 0x0
04-13 01:13:34.864 27548 27566 I native-activity: Frame 573 time is 7.857ms
04-13 01:13:34.864 27548 27566 I native-activity: Swap 573 time is 7.931ms
04-13 01:13:34.864 27548 27566 I native-activity: Animating
04-13 01:13:34.874 27548 27566 I native-activity: Frame 574 GL error is 0x0
04-13 01:13:34.874 27548 27566 I native-activity: Frame 574 time is 9.521ms
04-13 01:13:34.874 27548 27566 I native-activity: Swap 574 time is 9.593ms
04-13 01:13:34.874 27548 27566 I native-activity: Animating
04-13 01:13:34.888 27548 27566 I native-activity: Frame 575 GL error is 0x0
04-13 01:13:34.888 27548 27566 I native-activity: Frame 575 time is 13.700ms
04-13 01:13:34.888 27548 27566 I native-activity: Swap 575 time is 13.771ms
04-13 01:13:34.888 27548 27566 I native-activity: Animating
04-13 01:13:34.902 27548 27566 I native-activity: Frame 576 GL error is 0x0
04-13 01:13:34.902 27548 27566 I native-activity: Frame 576 time is 14.651ms
04-13 01:13:34.903 27548 27566 I native-activity: Swap 576 time is 14.720ms
04-13 01:13:34.903 27548 27566 I native-activity: Animating
04-13 01:13:34.916 27548 27566 I native-activity: Frame 577 GL error is 0x0
04-13 01:13:34.916 27548 27566 I native-activity: Frame 577 time is 13.022ms
04-13 01:13:34.916 27548 27566 I native-activity: Swap 577 time is 13.104ms
04-13 01:13:34.916 27548 27566 I native-activity: Animating
04-13 01:13:34.918   917  2113 W AccountManagerService: insertAccountIntoDatabase: Account {name=default_account, type=amazon.account}, skipping since the account already exists
04-13 01:13:34.930 27548 27566 I native-activity: Frame 578 GL error is 0x0
04-13 01:13:34.930 27548 27566 I native-activity: Frame 578 time is 14.578ms
04-13 01:13:34.930 27548 27566 I native-activity: Swap 578 time is 14.650ms
04-13 01:13:34.931 27548 27566 I native-activity: Animating
04-13 01:13:34.938   917  2114 W AccountManagerService: insertAccountIntoDatabase: Account {name=default_account, type=amazon.account}, skipping since the account already exists
04-13 01:13:34.948 27548 27566 I native-activity: Frame 579 GL error is 0x0
04-13 01:13:34.949 27548 27566 I native-activity: Frame 579 time is 17.931ms
04-13 01:13:34.949 27548 27566 I native-activity: Swap 579 time is 18.011ms
04-13 01:13:34.949 27548 27566 I native-activity: Animating
04-13 01:13:34.953   917  1764 W AccountManagerService: insertAccountIntoDatabase: Account {name=default_account, type=amazon.account}, skipping since the account already exists
04-13 01:13:34.961   917  2114 W AccountManagerService: insertAccountIntoDatabase: Account {name=default_account, type=amazon.account}, skipping since the account already exists
04-13 01:13:34.964   917  2113 W AccountManagerService: insertAccountIntoDatabase: Account {name=default_account, type=amazon.account}, skipping since the account already exists
04-13 01:13:34.968   917  1766 W AccountManagerService: insertAccountIntoDatabase: Account {name=default_account, type=amazon.account}, skipping since the account already exists
04-13 01:13:34.970 27548 27566 I native-activity: Frame 580 GL error is 0x0
04-13 01:13:34.970 27548 27566 I native-activity: Frame 580 time is 20.971ms
04-13 01:13:34.970 27548 27566 I native-activity: Swap 580 time is 21.049ms
04-13 01:13:34.970 27548 27566 I native-activity: Animating
04-13 01:13:34.971   917  2245 W AccountManagerService: insertAccountIntoDatabase: Account {name=default_account, type=amazon.account}, skipping since the account already exists
04-13 01:13:34.975   917  2109 W AccountManagerService: insertAccountIntoDatabase: Account {name=default_account, type=amazon.account}, skipping since the account already exists
04-13 01:13:34.979   917 25027 W AccountManagerService: insertAccountIntoDatabase: Account {name=default_account, type=amazon.account}, skipping since the account already exists
04-13 01:13:34.990 27548 27566 I native-activity: Frame 581 GL error is 0x0
04-13 01:13:34.990 27548 27566 I native-activity: Frame 581 time is 20.478ms
04-13 01:13:34.990 27548 27566 I native-activity: Swap 581 time is 20.549ms
04-13 01:13:34.991 27548 27566 I native-activity: Animating
04-13 01:13:35.008 27548 27566 I native-activity: Frame 582 GL error is 0x0
04-13 01:13:35.008 27548 27566 I native-activity: Frame 582 time is 16.968ms
04-13 01:13:35.008 27548 27566 I native-activity: Swap 582 time is 17.043ms
04-13 01:13:35.008 27548 27566 I native-activity: Animating
04-13 01:13:35.023 27548 27566 I native-activity: Frame 583 GL error is 0x0
04-13 01:13:35.023 27548 27566 I native-activity: Frame 583 time is 14.941ms
04-13 01:13:35.023 27548 27566 I native-activity: Swap 583 time is 15.014ms
04-13 01:13:35.023 27548 27566 I native-activity: Animating
04-13 01:13:35.036 27548 27566 I native-activity: Frame 584 GL error is 0x0
04-13 01:13:35.036 27548 27566 I native-activity: Frame 584 time is 13.277ms
04-13 01:13:35.036 27548 27566 I native-activity: Swap 584 time is 13.348ms
04-13 01:13:35.036 27548 27566 I native-activity: Animating
04-13 01:13:35.049 27548 27566 I native-activity: Frame 585 GL error is 0x0
04-13 01:13:35.049 27548 27566 I native-activity: Frame 585 time is 12.460ms
04-13 01:13:35.049 27548 27566 I native-activity: Swap 585 time is 12.531ms
04-13 01:13:35.049 27548 27566 I native-activity: Animating
04-13 01:13:35.063 27548 27566 I native-activity: Frame 586 GL error is 0x0
04-13 01:13:35.063 27548 27566 I native-activity: Frame 586 time is 13.793ms
04-13 01:13:35.063 27548 27566 I native-activity: Swap 586 time is 13.875ms
04-13 01:13:35.063   917  2175 W AccountManagerService: insertAccountIntoDatabase: Account {name=default_account, type=amazon.account}, skipping since the account already exists
04-13 01:13:35.063 27548 27566 I native-activity: Animating
04-13 01:13:35.064   917  1766 W AccountManagerService: insertAccountIntoDatabase: Account {name=default_account, type=amazon.account}, skipping since the account already exists
04-13 01:13:35.067   917  2245 W AccountManagerService: insertAccountIntoDatabase: Account {name=default_account, type=amazon.account}, skipping since the account already exists
04-13 01:13:35.075   917  2115 W AccountManagerService: insertAccountIntoDatabase: Account {name=default_account, type=amazon.account}, skipping since the account already exists
04-13 01:13:35.077 27548 27566 I native-activity: Frame 587 GL error is 0x0
04-13 01:13:35.077 27548 27566 I native-activity: Frame 587 time is 13.566ms
04-13 01:13:35.077 27548 27566 I native-activity: Swap 587 time is 13.651ms
04-13 01:13:35.077 27548 27566 I native-activity: Animating
04-13 01:13:35.070 25616 25630 I Kernel  : [47253.748989].(1)[25630:GCDaemon]name:Log.main_3721 unmap vm_start a349f000  end: a34a4000
04-13 01:13:35.092 27548 27566 I native-activity: Frame 588 GL error is 0x0
04-13 01:13:35.092 27548 27566 I native-activity: Frame 588 time is 14.753ms
04-13 01:13:35.092 27548 27566 I native-activity: Swap 588 time is 14.828ms
04-13 01:13:35.092 27548 27566 I native-activity: Animating
04-13 01:13:35.102   917  2245 W AccountManagerService: insertAccountIntoDatabase: Account {name=default_account, type=amazon.account}, skipping since the account already exists
04-13 01:13:35.104 25557 25643 D AmazonCMS: Performing collection sync type DELTA_SYNC for user *****
04-13 01:13:35.106 27548 27566 I native-activity: Frame 589 GL error is 0x0
04-13 01:13:35.106 27548 27566 I native-activity: Frame 589 time is 14.449ms
04-13 01:13:35.106 27548 27566 I native-activity: Swap 589 time is 14.528ms
04-13 01:13:35.106 27548 27566 I native-activity: Animating
04-13 01:13:35.106 25557 25643 V AmazonCMS: SyncClient - [SYNC] Syncing Namespace: [*****]
04-13 01:13:35.114   917  2115 W AccountManagerService: insertAccountIntoDatabase: Account {name=default_account, type=amazon.account}, skipping since the account already exists
04-13 01:13:35.121 27548 27566 I native-activity: Frame 590 GL error is 0x0
04-13 01:13:35.121 27548 27566 I native-activity: Frame 590 time is 14.254ms
04-13 01:13:35.121 27548 27566 I native-activity: Swap 590 time is 14.356ms
04-13 01:13:35.121 27548 27566 I native-activity: Animating
04-13 01:13:35.126   917   932 W AccountManagerService: insertAccountIntoDatabase: Account {name=default_account, type=amazon.account}, skipping since the account already exists
04-13 01:13:35.135 27548 27566 I native-activity: Frame 591 GL error is 0x0
04-13 01:13:35.136 27548 27566 I native-activity: Frame 591 time is 14.621ms
04-13 01:13:35.136 27548 27566 I native-activity: Swap 591 time is 14.692ms
04-13 01:13:35.136 27548 27566 I native-activity: Animating
04-13 01:13:35.146 25557 26343 I DCP     : [JsonCallExecutor][CallExecutor][b01f50ac-a555-4143-9a4f-1b66a73671f0][Auth]GET https://api.amazon.com/whispersync/v2/data/amzn1.account.XXXX/datasets?after=108  (attempt 1)
04-13 01:13:35.146   917  2175 W AccountManagerService: insertAccountIntoDatabase: Account {name=default_account, type=amazon.account}, skipping since the account already exists
04-13 01:13:35.147   917  2175 D WifiService: acquireWifiLockLocked: WifiLock{com.amazon.dcp.framework.iuc.ConnectionEstablisherWithConnectivityEnforcement type=1 binder=android.os.BinderProxy@975489b}
04-13 01:13:35.150 25557 27598 I com.amazon.dcp.framework.ConnectivityEnforcer: Network with type -1 is already connected
04-13 01:13:35.152 27548 27566 I native-activity: Frame 592 GL error is 0x501
04-13 01:13:35.152 27548 27566 I native-activity: Frame 592 time is 16.604ms
04-13 01:13:35.152 27548 27566 I native-activity: Swap 592 time is 16.693ms
04-13 01:13:35.153 27548 27566 I native-activity: Animating
04-13 01:13:35.161   917   932 W AccountManagerService: insertAccountIntoDatabase: Account {name=default_account, type=amazon.account}, skipping since the account already exists
04-13 01:13:35.167 27548 27566 I native-activity: Frame 593 GL error is 0x0
04-13 01:13:35.167 27548 27566 I native-activity: Frame 593 time is 14.543ms
04-13 01:13:35.167 27548 27566 I native-activity: Swap 593 time is 14.623ms
04-13 01:13:35.167 27548 27566 I native-activity: Animating
04-13 01:13:35.172   917  1051 D ActivityManager: single user service: com.amazon.imp
04-13 01:13:35.174   917  1051 D ActivityManager: app = com.amazon.imp, has single user service, setting process record.
04-13 01:13:35.182 27548 27566 I native-activity: Frame 594 GL error is 0x0
04-13 01:13:35.182 27548 27566 I native-activity: Frame 594 time is 14.510ms
04-13 01:13:35.182 27548 27566 I native-activity: Swap 594 time is 14.585ms
04-13 01:13:35.182 27548 27566 I native-activity: Animating
04-13 01:13:35.186   917  2113 W AccountManagerService: insertAccountIntoDatabase: Account {name=default_account, type=amazon.account}, skipping since the account already exists
04-13 01:13:35.197   917   932 W AccountManagerService: insertAccountIntoDatabase: Account {name=default_account, type=amazon.account}, skipping since the account already exists
04-13 01:13:35.206   917  1051 W AccountManagerService: insertAccountIntoDatabase: Account {name=default_account, type=amazon.account}, skipping since the account already exists
04-13 01:13:35.213 27548 27566 I native-activity: Frame 595 GL error is 0x0
04-13 01:13:35.213 27548 27566 I native-activity: Frame 595 time is 30.978ms
04-13 01:13:35.213 27548 27566 I native-activity: Swap 595 time is 31.047ms
04-13 01:13:35.213 27548 27566 I native-activity: Animating
04-13 01:13:35.216   917  2114 W AccountManagerService: insertAccountIntoDatabase: Account {name=default_account, type=amazon.account}, skipping since the account already exists
04-13 01:13:35.200    82    82 I Kernel  : [47253.874730].(0)[82:mtk charger_hv_]charging_reset_watch_dog_timer
04-13 01:13:35.200    82    82 I Kernel  : [47253.875764].(0)[82:mtk charger_hv_]array_size = 16 
04-13 01:13:35.225   917   933 W AccountManagerService: insertAccountIntoDatabase: Account {name=default_account, type=amazon.account}, skipping since the account already exists
04-13 01:13:35.230 27548 27566 I native-activity: Frame 596 GL error is 0x0
04-13 01:13:35.230 27548 27566 I native-activity: Frame 596 time is 16.611ms
04-13 01:13:35.230 27548 27566 I native-activity: Swap 596 time is 16.679ms
04-13 01:13:35.230 27548 27566 I native-activity: Animating
04-13 01:13:35.237   917   932 W AccountManagerService: insertAccountIntoDatabase: Account {name=default_account, type=amazon.account}, skipping since the account already exists
04-13 01:13:35.245 27548 27566 I native-activity: Frame 597 GL error is 0x0
04-13 01:13:35.245 27548 27566 I native-activity: Frame 597 time is 14.622ms
04-13 01:13:35.245 27548 27566 I native-activity: Swap 597 time is 14.690ms
04-13 01:13:35.245 27548 27566 I native-activity: Animating
04-13 01:13:35.259 27548 27566 I native-activity: Frame 598 GL error is 0x0
04-13 01:13:35.259 27548 27566 I native-activity: Frame 598 time is 13.987ms
04-13 01:13:35.259 27548 27566 I native-activity: Swap 598 time is 14.054ms
04-13 01:13:35.259 27548 27566 I native-activity: Animating
04-13 01:13:35.271 27548 27566 I native-activity: Frame 599 GL error is 0x0
04-13 01:13:35.272 27548 27566 I native-activity: Frame 599 time is 12.650ms
04-13 01:13:35.272 27548 27566 I native-activity: Swap 599 time is 12.717ms
04-13 01:13:35.272 27548 27566 I native-activity: Animating
04-13 01:13:35.285 27548 27566 I native-activity: Frame 600 GL error is 0x0
04-13 01:13:35.285 27548 27566 I native-activity: Frame 600 time is 13.485ms
04-13 01:13:35.285 27548 27566 I native-activity: Swap 600 time is 13.552ms
04-13 01:13:35.285 27548 27566 I native-activity: Animating
04-13 01:13:35.298 27548 27566 I native-activity: Frame 601 GL error is 0x0
04-13 01:13:35.298 27548 27566 I native-activity: Frame 601 time is 12.774ms
04-13 01:13:35.298 27548 27566 I native-activity: Swap 601 time is 12.842ms
04-13 01:13:35.298 27548 27566 I native-activity: Animating
04-13 01:13:35.310 27548 27566 I native-activity: Frame 602 GL error is 0x0
04-13 01:13:35.310 27548 27566 I native-activity: Frame 602 time is 11.902ms
04-13 01:13:35.310 27548 27566 I native-activity: Swap 602 time is 11.970ms
04-13 01:13:35.310 27548 27566 I native-activity: Animating
04-13 01:13:35.322 27548 27566 I native-activity: Frame 603 GL error is 0x0
04-13 01:13:35.322 27548 27566 I native-activity: Frame 603 time is 11.643ms
04-13 01:13:35.322 27548 27566 I native-activity: Swap 603 time is 11.709ms
04-13 01:13:35.322 27548 27566 I native-activity: Animating
04-13 01:13:35.334 27548 27566 I native-activity: Frame 604 GL error is 0x0
04-13 01:13:35.334 27548 27566 I native-activity: Frame 604 time is 12.020ms
04-13 01:13:35.334 27548 27566 I native-activity: Swap 604 time is 12.086ms
04-13 01:13:35.334 27548 27566 I native-activity: Animating
04-13 01:13:35.346 27548 27566 I native-activity: Frame 605 GL error is 0x0
04-13 01:13:35.346 27548 27566 I native-activity: Frame 605 time is 12.196ms
04-13 01:13:35.347 27548 27566 I native-activity: Swap 605 time is 12.263ms
04-13 01:13:35.347 27548 27566 I native-activity: Animating
04-13 01:13:35.357 27548 27566 I native-activity: Frame 606 GL error is 0x0
04-13 01:13:35.357 27548 27566 I native-activity: Frame 606 time is 10.404ms
04-13 01:13:35.357 27548 27566 I native-activity: Swap 606 time is 10.470ms
04-13 01:13:35.357 27548 27566 I native-activity: Animating
04-13 01:13:35.367 27548 27566 I native-activity: Frame 607 GL error is 0x0
04-13 01:13:35.367 27548 27566 I native-activity: Frame 607 time is 9.448ms
04-13 01:13:35.367 27548 27566 I native-activity: Swap 607 time is 9.514ms
04-13 01:13:35.367 27548 27566 I native-activity: Animating
04-13 01:13:35.376 27548 27566 I native-activity: Frame 608 GL error is 0x0
04-13 01:13:35.377 27548 27566 I native-activity: Frame 608 time is 9.735ms
04-13 01:13:35.377 27548 27566 I native-activity: Swap 608 time is 9.801ms
04-13 01:13:35.377 27548 27566 I native-activity: Animating
04-13 01:13:35.389 27548 27566 I native-activity: Frame 609 GL error is 0x0
04-13 01:13:35.389 27548 27566 I native-activity: Frame 609 time is 11.889ms
04-13 01:13:35.389 27548 27566 I native-activity: Swap 609 time is 11.955ms
04-13 01:13:35.389 27548 27566 I native-activity: Animating
04-13 01:13:35.403 27548 27566 I native-activity: Frame 610 GL error is 0x0
04-13 01:13:35.403 27548 27566 I native-activity: Frame 610 time is 14.254ms
04-13 01:13:35.403 27548 27566 I native-activity: Swap 610 time is 14.319ms
04-13 01:13:35.403 27548 27566 I native-activity: Animating
04-13 01:13:35.414 27548 27566 I native-activity: Frame 611 GL error is 0x0
04-13 01:13:35.414 27548 27566 I native-activity: Frame 611 time is 10.995ms
04-13 01:13:35.414 27548 27566 I native-activity: Swap 611 time is 11.062ms
04-13 01:13:35.414 27548 27566 I native-activity: Animating
04-13 01:13:35.425 27548 27566 I native-activity: Frame 612 GL error is 0x0
04-13 01:13:35.425 27548 27566 I native-activity: Frame 612 time is 10.801ms
04-13 01:13:35.425 27548 27566 I native-activity: Swap 612 time is 10.866ms
04-13 01:13:35.425 27548 27566 I native-activity: Animating
04-13 01:13:35.444 25557 26343 I DCP     : [JsonCallExecutor][CallExecutor][b01f50ac-a555-4143-9a4f-1b66a73671f0][Auth]Received response code 200 OK. Total time = 297 ms. Handshake = 56 ms. Upload = 0 ms (0 bytes). Latency = 240 ms. Download = 0 ms (425 bytes).
04-13 01:13:35.446   917  1051 D WifiService: releaseWifiLockLocked: WifiLock{com.amazon.dcp.framework.iuc.ConnectionEstablisherWithConnectivityEnforcement type=1 binder=android.os.BinderProxy@975489b}
04-13 01:13:35.455 27548 27566 I native-activity: Frame 613 GL error is 0x0
04-13 01:13:35.455 27548 27566 I native-activity: Frame 613 time is 30.143ms
04-13 01:13:35.455 27548 27566 I native-activity: Swap 613 time is 30.214ms
04-13 01:13:35.456 27548 27566 I native-activity: Animating
04-13 01:13:35.468 27548 27566 I native-activity: Frame 614 GL error is 0x0
04-13 01:13:35.468 27548 27566 I native-activity: Frame 614 time is 12.315ms
04-13 01:13:35.468 27548 27566 I native-activity: Swap 614 time is 12.384ms
04-13 01:13:35.468 27548 27566 I native-activity: Animating
04-13 01:13:35.477 27548 27566 I native-activity: Frame 615 GL error is 0x0
04-13 01:13:35.477 27548 27566 I native-activity: Frame 615 time is 8.519ms
04-13 01:13:35.477 27548 27566 I native-activity: Swap 615 time is 8.590ms
04-13 01:13:35.477 27548 27566 I native-activity: Animating
04-13 01:13:35.486 27548 27566 I native-activity: Frame 616 GL error is 0x0
04-13 01:13:35.486 27548 27566 I native-activity: Frame 616 time is 9.302ms
04-13 01:13:35.486 27548 27566 I native-activity: Swap 616 time is 9.371ms
04-13 01:13:35.486 27548 27566 I native-activity: Animating
04-13 01:13:35.495 27548 27566 I native-activity: Frame 617 GL error is 0x0
04-13 01:13:35.495 27548 27566 I native-activity: Frame 617 time is 9.026ms
04-13 01:13:35.495 27548 27566 I native-activity: Swap 617 time is 9.094ms
04-13 01:13:35.495 27548 27566 I native-activity: Animating
04-13 01:13:35.504 27548 27566 I native-activity: Frame 618 GL error is 0x0
04-13 01:13:35.504 27548 27566 I native-activity: Frame 618 time is 8.936ms
04-13 01:13:35.504 27548 27566 I native-activity: Swap 618 time is 9.006ms
04-13 01:13:35.504 27548 27566 I native-activity: Animating
04-13 01:13:35.513 27548 27566 I native-activity: Frame 619 GL error is 0x0
04-13 01:13:35.513 27548 27566 I native-activity: Frame 619 time is 8.891ms
04-13 01:13:35.513 27548 27566 I native-activity: Swap 619 time is 8.962ms
04-13 01:13:35.514 27548 27566 I native-activity: Animating
04-13 01:13:35.523 27548 27566 I native-activity: Frame 620 GL error is 0x0
04-13 01:13:35.523 27548 27566 I native-activity: Frame 620 time is 9.473ms
04-13 01:13:35.523 27548 27566 I native-activity: Swap 620 time is 9.542ms
04-13 01:13:35.523 27548 27566 I native-activity: Animating
04-13 01:13:35.531 27548 27566 I native-activity: Frame 621 GL error is 0x0
04-13 01:13:35.531 27548 27566 I native-activity: Frame 621 time is 8.128ms
04-13 01:13:35.531 27548 27566 I native-activity: Swap 621 time is 8.228ms
04-13 01:13:35.532 27548 27566 I native-activity: Animating
04-13 01:13:35.540 27548 27566 I native-activity: Frame 622 GL error is 0x0
04-13 01:13:35.540 27548 27566 I native-activity: Frame 622 time is 8.437ms
04-13 01:13:35.540 27548 27566 I native-activity: Swap 622 time is 8.505ms
04-13 01:13:35.540 27548 27566 I native-activity: Animating
04-13 01:13:35.548 27548 27566 I native-activity: Frame 623 GL error is 0x0
04-13 01:13:35.548 27548 27566 I native-activity: Frame 623 time is 7.905ms
04-13 01:13:35.548 27548 27566 I native-activity: Swap 623 time is 7.975ms
04-13 01:13:35.548 27548 27566 I native-activity: Animating
04-13 01:13:35.556 27548 27566 I native-activity: Frame 624 GL error is 0x0
04-13 01:13:35.556 27548 27566 I native-activity: Frame 624 time is 8.153ms
04-13 01:13:35.556 27548 27566 I native-activity: Swap 624 time is 8.223ms
04-13 01:13:35.557 27548 27566 I native-activity: Animating
04-13 01:13:35.565 27548 27566 I native-activity: Frame 625 GL error is 0x0
04-13 01:13:35.565 27548 27566 I native-activity: Frame 625 time is 8.113ms
04-13 01:13:35.565 27548 27566 I native-activity: Swap 625 time is 8.179ms
04-13 01:13:35.565 27548 27566 I native-activity: Animating
04-13 01:13:35.574 27548 27566 I native-activity: Frame 626 GL error is 0x0
04-13 01:13:35.574 27548 27566 I native-activity: Frame 626 time is 8.988ms
04-13 01:13:35.574 27548 27566 I native-activity: Swap 626 time is 9.054ms
04-13 01:13:35.574 27548 27566 I native-activity: Animating
04-13 01:13:35.582 27548 27566 I native-activity: Frame 627 GL error is 0x0
04-13 01:13:35.582 27548 27566 I native-activity: Frame 627 time is 8.509ms
04-13 01:13:35.583 27548 27566 I native-activity: Swap 627 time is 8.575ms
04-13 01:13:35.583 27548 27566 I native-activity: Animating
04-13 01:13:35.591 27548 27566 I native-activity: Frame 628 GL error is 0x0
04-13 01:13:35.591 27548 27566 I native-activity: Frame 628 time is 8.107ms
04-13 01:13:35.591 27548 27566 I native-activity: Swap 628 time is 8.182ms
04-13 01:13:35.591 27548 27566 I native-activity: Animating
04-13 01:13:35.599 27548 27566 I native-activity: Frame 629 GL error is 0x0
04-13 01:13:35.600 27548 27566 I native-activity: Frame 629 time is 8.512ms
04-13 01:13:35.600 27548 27566 I native-activity: Swap 629 time is 8.818ms
04-13 01:13:35.600 27548 27566 I native-activity: Animating
04-13 01:13:35.608 27548 27566 I native-activity: Frame 630 GL error is 0x0
04-13 01:13:35.608 27548 27566 I native-activity: Frame 630 time is 8.467ms
04-13 01:13:35.608 27548 27566 I native-activity: Swap 630 time is 8.535ms
04-13 01:13:35.608 27548 27566 I native-activity: Animating
04-13 01:13:35.617 27548 27566 I native-activity: Frame 631 GL error is 0x0
04-13 01:13:35.617 27548 27566 I native-activity: Frame 631 time is 8.525ms
04-13 01:13:35.617 27548 27566 I native-activity: Swap 631 time is 8.600ms
04-13 01:13:35.617 27548 27566 I native-activity: Animating
04-13 01:13:35.626 27548 27566 I native-activity: Frame 632 GL error is 0x0
04-13 01:13:35.626 27548 27566 I native-activity: Frame 632 time is 8.881ms
04-13 01:13:35.626 27548 27566 I native-activity: Swap 632 time is 8.953ms
04-13 01:13:35.626 27548 27566 I native-activity: Animating
04-13 01:13:35.635 27548 27566 I native-activity: Frame 633 GL error is 0x0
04-13 01:13:35.635 27548 27566 I native-activity: Frame 633 time is 8.392ms
04-13 01:13:35.635 27548 27566 I native-activity: Swap 633 time is 8.463ms
04-13 01:13:35.635 27548 27566 I native-activity: Animating
04-13 01:13:35.643 27548 27566 I native-activity: Frame 634 GL error is 0x0
04-13 01:13:35.643 27548 27566 I native-activity: Frame 634 time is 8.381ms
04-13 01:13:35.643 27548 27566 I native-activity: Swap 634 time is 8.451ms
04-13 01:13:35.643 27548 27566 I native-activity: Animating
04-13 01:13:35.652 27548 27566 I native-activity: Frame 635 GL error is 0x0
04-13 01:13:35.652 27548 27566 I native-activity: Frame 635 time is 8.327ms
04-13 01:13:35.652 27548 27566 I native-activity: Swap 635 time is 8.398ms
04-13 01:13:35.652 27548 27566 I native-activity: Animating
04-13 01:13:35.661 27548 27566 I native-activity: Frame 636 GL error is 0x0
04-13 01:13:35.661 27548 27566 I native-activity: Frame 636 time is 9.562ms
04-13 01:13:35.661 27548 27566 I native-activity: Swap 636 time is 9.630ms
04-13 01:13:35.661 27548 27566 I native-activity: Animating
04-13 01:13:35.672 27548 27566 I native-activity: Frame 637 GL error is 0x0
04-13 01:13:35.672 27548 27566 I native-activity: Frame 637 time is 10.449ms
04-13 01:13:35.672 27548 27566 I native-activity: Swap 637 time is 10.518ms
04-13 01:13:35.672 27548 27566 I native-activity: Animating
04-13 01:13:35.682 27548 27566 I native-activity: Frame 638 GL error is 0x0
04-13 01:13:35.682 27548 27566 I native-activity: Frame 638 time is 10.182ms
04-13 01:13:35.682 27548 27566 I native-activity: Swap 638 time is 10.254ms
04-13 01:13:35.682 27548 27566 I native-activity: Animating
04-13 01:13:35.694 27548 27566 I native-activity: Frame 639 GL error is 0x0
04-13 01:13:35.694 27548 27566 I native-activity: Frame 639 time is 11.564ms
04-13 01:13:35.694 27548 27566 I native-activity: Swap 639 time is 11.633ms
04-13 01:13:35.694 27548 27566 I native-activity: Animating
04-13 01:13:35.706 27548 27566 I native-activity: Frame 640 GL error is 0x0
04-13 01:13:35.706 27548 27566 I native-activity: Frame 640 time is 11.418ms
04-13 01:13:35.706 27548 27566 I native-activity: Swap 640 time is 11.495ms
04-13 01:13:35.706 27548 27566 I native-activity: Animating
04-13 01:13:35.718 27548 27566 I native-activity: Frame 641 GL error is 0x0
04-13 01:13:35.718 27548 27566 I native-activity: Frame 641 time is 12.503ms
04-13 01:13:35.718 27548 27566 I native-activity: Swap 641 time is 12.574ms
04-13 01:13:35.718 27548 27566 I native-activity: Animating
04-13 01:13:35.724 25557 26348 I DCP     : Sending 0 dataset update for 'CloudCollections' namespace
04-13 01:13:35.732 27548 27566 I native-activity: Frame 642 GL error is 0x0
04-13 01:13:35.732 27548 27566 I native-activity: Frame 642 time is 13.271ms
04-13 01:13:35.732 27548 27566 I native-activity: Swap 642 time is 13.343ms
04-13 01:13:35.732 27548 27566 I native-activity: Animating
04-13 01:13:35.745 27548 27566 I native-activity: Frame 643 GL error is 0x0
04-13 01:13:35.745 27548 27566 I native-activity: Frame 643 time is 12.827ms
04-13 01:13:35.745 27548 27566 I native-activity: Swap 643 time is 12.899ms
04-13 01:13:35.745 27548 27566 I native-activity: Animating
04-13 01:13:35.746 25557 25643 V AmazonCMS: SyncClient - [SYNC] Syncing Namespace: [*****]
04-13 01:13:35.766 25557 26350 I DCP     : Sending 0 dataset update for 'CloudCollections.Items' namespace
04-13 01:13:35.767 27548 27566 I native-activity: Frame 644 GL error is 0x0
04-13 01:13:35.767 27548 27566 I native-activity: Frame 644 time is 22.182ms
04-13 01:13:35.767 27548 27566 I native-activity: Swap 644 time is 22.252ms
04-13 01:13:35.767 27548 27566 I native-activity: Animating
04-13 01:13:35.783 27548 27566 I native-activity: Frame 645 GL error is 0x0
04-13 01:13:35.783 27548 27566 I native-activity: Frame 645 time is 15.353ms
04-13 01:13:35.783 27548 27566 I native-activity: Swap 645 time is 15.420ms
04-13 01:13:35.783 27548 27566 I native-activity: Animating
04-13 01:13:35.795 27548 27566 I native-activity: Frame 646 GL error is 0x0
04-13 01:13:35.796 27548 27566 I native-activity: Frame 646 time is 12.753ms
04-13 01:13:35.796 27548 27566 I native-activity: Swap 646 time is 12.822ms
04-13 01:13:35.796 27548 27566 I native-activity: Animating
04-13 01:13:35.807 27548 27566 I native-activity: Frame 647 GL error is 0x0
04-13 01:13:35.807 27548 27566 I native-activity: Frame 647 time is 11.409ms
04-13 01:13:35.807 27548 27566 I native-activity: Swap 647 time is 11.478ms
04-13 01:13:35.807 27548 27566 I native-activity: Animating
04-13 01:13:35.819 27548 27566 I native-activity: Frame 648 GL error is 0x0
04-13 01:13:35.819 27548 27566 I native-activity: Frame 648 time is 11.451ms
04-13 01:13:35.819 27548 27566 I native-activity: Swap 648 time is 11.516ms
04-13 01:13:35.819 27548 27566 I native-activity: Animating
04-13 01:13:35.830 27548 27566 I native-activity: Frame 649 GL error is 0x0
04-13 01:13:35.830 27548 27566 I native-activity: Frame 649 time is 11.436ms
04-13 01:13:35.830 27548 27566 I native-activity: Swap 649 time is 11.504ms
04-13 01:13:35.830 27548 27566 I native-activity: Animating
04-13 01:13:35.842 27548 27566 I native-activity: Frame 650 GL error is 0x0
04-13 01:13:35.842 27548 27566 I native-activity: Frame 650 time is 11.472ms
04-13 01:13:35.842 27548 27566 I native-activity: Swap 650 time is 11.540ms
04-13 01:13:35.842 27548 27566 I native-activity: Animating
04-13 01:13:35.853 27548 27566 I native-activity: Frame 651 GL error is 0x0
04-13 01:13:35.853 27548 27566 I native-activity: Frame 651 time is 11.389ms
04-13 01:13:35.854 27548 27566 I native-activity: Swap 651 time is 11.456ms
04-13 01:13:35.854 27548 27566 I native-activity: Animating
04-13 01:13:35.865 27548 27566 I native-activity: Frame 652 GL error is 0x0
04-13 01:13:35.865 27548 27566 I native-activity: Frame 652 time is 11.281ms
04-13 01:13:35.865 27548 27566 I native-activity: Swap 652 time is 11.349ms
04-13 01:13:35.865 27548 27566 I native-activity: Animating
04-13 01:13:35.877 27548 27566 I native-activity: Frame 653 GL error is 0x0
04-13 01:13:35.877 27548 27566 I native-activity: Frame 653 time is 11.514ms
04-13 01:13:35.877 27548 27566 I native-activity: Swap 653 time is 11.582ms
04-13 01:13:35.877 27548 27566 I native-activity: Animating
04-13 01:13:35.887 27548 27566 I native-activity: Frame 654 GL error is 0x0
04-13 01:13:35.887 27548 27566 I native-activity: Frame 654 time is 10.494ms
