04-13 01:14:29.600 27815 27848 I native-activity: Animating
04-13 01:14:29.618 27815 27848 I native-activity: Frame 258 GL error is 0x0
04-13 01:14:29.618 27815 27848 I native-activity: Frame 258 time is 18.383ms
04-13 01:14:29.698 27815 27848 I native-activity: Swap 258 time is 97.961ms
04-13 01:14:29.698 27815 27848 I native-activity: Animating
04-13 01:14:29.713 27815 27848 I native-activity: Context 0xb91b8820 made current on surface 0xb91aae88, error 0x3000
04-13 01:14:29.713 27815 27848 I native-activity: GL information
04-13 01:14:29.713 27815 27848 I native-activity: 	Renderer: Mali-450 MP
04-13 01:14:29.713 27815 27848 I native-activity: 	Vendor: ARM
04-13 01:14:29.713 27815 27848 I native-activity: 	Version: OpenGL ES 2.0
04-13 01:14:29.713 27815 27848 I native-activity: 	Shading Language: OpenGL ES GLSL ES 1.00
04-13 01:14:29.713 27815 27848 I native-activity: 	Extensions: GL_EXT_debug_marker GL_OES_texture_npot GL_OES_compressed_ETC1_RGB8_texture GL_OES_standard_derivatives GL_OES_EGL_image GL_OES_depth24 GL_ARM_rgba8 GL_ARM_mali_shader_binary GL_OES_depth_texture GL_OES_packed_depth_stencil GL_EXT_texture_format_BGRA8888 GL_OES_vertex_half_float GL_EXT_blend_minmax GL_OES_EGL_image_external GL_OES_EGL_sync GL_OES_rgb8_rgba8 GL_EXT_multisampled_render_to_texture GL_EXT_discard_framebuffer GL_OES_get_program_binary GL_ARM_mali_program_binary GL_EXT_shader_texture_lod GL_EXT_robustness GL_OES_depth_texture_cube_map GL_KHR_debug 
04-13 01:14:29.713 27815 27848 I native-activity: Context 0xb91b8820 made current on surface 0xb91aae88, error 0x3000
04-13 01:14:29.713 27815 27848 I native-activity: GL information
04-13 01:14:29.713 27815 27848 I native-activity: 	Renderer: Mali-450 MP
04-13 01:14:29.713 27815 27848 I native-activity: 	Vendor: ARM
04-13 01:14:29.713 27815 27848 I native-activity: 	Version: OpenGL ES 2.0
04-13 01:14:29.714 27815 27848 I native-activity: 	Shading Language: OpenGL ES GLSL ES 1.00
04-13 01:14:29.714 27815 27848 I native-activity: 	Extensions: GL_EXT_debug_marker GL_OES_texture_npot GL_OES_compressed_ETC1_RGB8_texture GL_OES_standard_derivatives GL_OES_EGL_image GL_OES_depth24 GL_ARM_rgba8 GL_ARM_mali_shader_binary GL_OES_depth_texture GL_OES_packed_depth_stencil GL_EXT_texture_format_BGRA8888 GL_OES_vertex_half_float GL_EXT_blend_minmax GL_OES_EGL_image_external GL_OES_EGL_sync GL_OES_rgb8_rgba8 GL_EXT_multisampled_render_to_texture GL_EXT_discard_framebuffer GL_OES_get_program_binary GL_ARM_mali_program_binary GL_EXT_shader_texture_lod GL_EXT_robustness GL_OES_depth_texture_cube_map GL_KHR_debug 
04-13 01:14:29.714 27815 27848 I native-activity: Frame 259 GL error is 0x501
04-13 01:14:29.714 27815 27848 I native-activity: Frame 259 time is 15.543ms
04-13 01:14:29.797 27815 27848 I native-activity: Swap 259 time is 98.932ms
04-13 01:14:29.798 27815 27848 I native-activity: Animating
04-13 01:14:29.814 27815 27848 I native-activity: Frame 260 GL error is 0x500
04-13 01:14:29.814 27815 27848 I native-activity: Frame 260 time is 16.503ms
04-13 01:14:29.896 27815 27848 I native-activity: Swap 260 time is 97.807ms
04-13 01:14:29.896 27815 27848 I native-activity: Animating
04-13 01:14:29.915 27815 27848 I native-activity: Frame 261 GL error is 0x0
04-13 01:14:29.915 27815 27848 I native-activity: Frame 261 time is 19.434ms
04-13 01:14:29.994 27815 27848 I native-activity: Swap 261 time is 97.600ms
04-13 01:14:29.995 27815 27848 I native-activity: Animating
04-13 01:14:30.010 27815 27848 I native-activity: Frame 262 GL error is 0x0
04-13 01:14:30.010 27815 27848 I native-activity: Frame 262 time is 15.250ms
04-13 01:14:30.091 27815 27848 I native-activity: Swap 262 time is 96.550ms
04-13 01:14:30.092 27815 27848 I native-activity: Animating
04-13 01:14:30.114 27815 27848 I native-activity: Frame 263 GL error is 0x0
04-13 01:14:30.114 27815 27848 I native-activity: Frame 263 time is 21.928ms
04-13 01:14:30.190 27815 27848 I native-activity: Swap 263 time is 98.009ms
04-13 01:14:30.190 27815 27848 I native-activity: Animating
04-13 01:14:30.210 27815 27848 I native-activity: Frame 264 GL error is 0x0
04-13 01:14:30.210 27815 27848 I native-activity: Frame 264 time is 20.160ms
04-13 01:14:30.288 27815 27848 I native-activity: Swap 264 time is 97.852ms
04-13 01:14:30.288 27815 27848 I native-activity: Animating
04-13 01:14:30.280    82    82 I Kernel  : [47308.958419].(0)[82:mtk charger_hv_]charging_reset_watch_dog_timer
04-13 01:14:30.280    82    82 I Kernel  : [47308.959460].(0)[82:mtk charger_hv_]array_size = 16 
04-13 01:14:30.303 27815 27848 I native-activity: Frame 265 GL error is 0x0
04-13 01:14:30.303 27815 27848 I native-activity: Frame 265 time is 14.711ms
04-13 01:14:30.388 27815 27848 I native-activity: Swap 265 time is 99.303ms
04-13 01:14:30.388 27815 27848 I native-activity: Animating
04-13 01:14:30.407 27815 27848 I native-activity: Frame 266 GL error is 0x0
04-13 01:14:30.407 27815 27848 I native-activity: Frame 266 time is 18.488ms
04-13 01:14:30.487 27815 27848 I native-activity: Swap 266 time is 98.486ms
04-13 01:14:30.487 27815 27848 I native-activity: Animating
04-13 01:14:30.505 27815 27848 I native-activity: Frame 267 GL error is 0x0
04-13 01:14:30.505 27815 27848 I native-activity: Frame 267 time is 18.151ms
04-13 01:14:30.586 27815 27848 I native-activity: Swap 267 time is 98.594ms
04-13 01:14:30.586 27815 27848 I native-activity: Animating
04-13 01:14:30.605 27815 27848 I native-activity: Frame 268 GL error is 0x0
04-13 01:14:30.605 27815 27848 I native-activity: Frame 268 time is 18.640ms
04-13 01:14:30.682 27815 27848 I native-activity: Swap 268 time is 95.935ms
04-13 01:14:30.683 27815 27848 I native-activity: Animating
04-13 01:14:30.710 27815 27848 I native-activity: Frame 269 GL error is 0x0
04-13 01:14:30.710 27815 27848 I native-activity: Frame 269 time is 27.119ms
04-13 01:14:30.780 27815 27848 I native-activity: Swap 269 time is 97.307ms
04-13 01:14:30.780 27815 27848 I native-activity: Animating
04-13 01:14:30.803 27815 27848 I native-activity: Frame 270 GL error is 0x0
04-13 01:14:30.803 27815 27848 I native-activity: Frame 270 time is 22.423ms
04-13 01:14:30.879 27815 27848 I native-activity: Swap 270 time is 98.536ms
04-13 01:14:30.880 27815 27848 I native-activity: Animating
04-13 01:14:30.893 27815 27848 I native-activity: Frame 271 GL error is 0x0
04-13 01:14:30.894 27815 27848 I native-activity: Frame 271 time is 13.942ms
04-13 01:14:30.920     0     0 I Kernel  : [47309.599758]-(0)[0:swapper/0]dpi vsync
04-13 01:14:30.978 27815 27848 I native-activity: Swap 271 time is 98.651ms
04-13 01:14:30.979 27815 27848 I native-activity: Animating
04-13 01:14:30.995 27815 27848 I native-activity: Frame 272 GL error is 0x0
04-13 01:14:30.995 27815 27848 I native-activity: Frame 272 time is 16.372ms
04-13 01:14:31.075 27815 27848 I native-activity: Swap 272 time is 95.744ms
04-13 01:14:31.075 27815 27848 I native-activity: Animating
04-13 01:14:31.090 27815 27848 I native-activity: Frame 273 GL error is 0x0
04-13 01:14:31.091 27815 27848 I native-activity: Frame 273 time is 15.577ms
04-13 01:14:31.173 27815 27848 I native-activity: Swap 273 time is 97.694ms
04-13 01:14:31.173 27815 27848 I native-activity: Animating
04-13 01:14:31.209 27815 27848 I native-activity: Frame 274 GL error is 0x501
04-13 01:14:31.209 27815 27848 I native-activity: Frame 274 time is 35.846ms
04-13 01:14:31.271 27815 27848 I native-activity: Swap 274 time is 97.733ms
04-13 01:14:31.272 27815 27848 I native-activity: Animating
04-13 01:14:31.288 27815 27848 I native-activity: Frame 275 GL error is 0x0
04-13 01:14:31.288 27815 27848 I native-activity: Frame 275 time is 16.544ms
04-13 01:14:31.280    82    82 I Kernel  : [47309.959545].(0)[82:mtk charger_hv_]charging_reset_watch_dog_timer
04-13 01:14:31.280    82    82 I Kernel  : [47309.960462].(0)[82:mtk charger_hv_]array_size = 16 
04-13 01:14:31.370 27815 27848 I native-activity: Swap 275 time is 98.030ms
04-13 01:14:31.370 27815 27848 I native-activity: Animating
04-13 01:14:31.386 27815 27848 I native-activity: Frame 276 GL error is 0x0
04-13 01:14:31.387 27815 27848 I native-activity: Frame 276 time is 16.657ms
04-13 01:14:31.468 27815 27848 I native-activity: Swap 276 time is 97.674ms
04-13 01:14:31.468 27815 27848 I native-activity: Animating
04-13 01:14:31.487 27815 27848 I native-activity: Frame 277 GL error is 0x0
04-13 01:14:31.487 27815 27848 I native-activity: Frame 277 time is 18.638ms
04-13 01:14:31.540 26597 26597 I Kernel  : [47310.212387].(0)[26597:kworker/0:0H]regs_hotplug_callback cpu = 3
04-13 01:14:31.540    19    19 I Kernel  : [47310.212868]-(3)[19:migration/3][Power/hotplug] platform_cpu_disable, cpu: 3
04-13 01:14:31.540    19    19 I Kernel  : [47310.213124]-(3)[19:migration/3]regs_hotplug_callback cpu = 3
04-13 01:14:31.540     0     0 I Kernel  : [47310.213184]-(3)[0:swapper/3][Power/hotplug] platform_cpu_die, cpu: 3
04-13 01:14:31.540 26597 26597 I Kernel  : [47310.213400].(0)[26597:kworker/0:0H]CPU3: shutdown
04-13 01:14:31.540 26597 26597 I Kernel  : [47310.213427].(0)[26597:kworker/0:0H][Power/hotplug] platform_cpu_kill, cpu: 3
04-13 01:14:31.540 26597 26597 I Kernel  : [47310.213724].(0)[26597:kworker/0:0H]regs_hotplug_callback cpu = 3
04-13 01:14:31.540 26597 26597 I Kernel  : [47310.213995].(0)[26597:kworker/0:0H][WDK]cpu 3 plug off, kick wdt
04-13 01:14:31.540 26597 26597 I Kernel  : [47310.214081].(0)[26597:kworker/0:0H]regs_hotplug_callback cpu = 3
04-13 01:14:31.540 26597 26597 I Kernel  : [47310.214147].(0)[26597:kworker/0:0H]regs_hotplug_callback cpu = 2
04-13 01:14:31.540    15    15 I Kernel  : [47310.214690]-(2)[15:migration/2][Power/hotplug] platform_cpu_disable, cpu: 2
04-13 01:14:31.540    15    15 I Kernel  : [47310.214928]-(2)[15:migration/2]regs_hotplug_callback cpu = 2
04-13 01:14:31.540     0     0 I Kernel  : [47310.214983]-(2)[0:swapper/2][Power/hotplug] platform_cpu_die, cpu: 2
04-13 01:14:31.540 26597 26597 I Kernel  : [47310.214999].(0)[26597:kworker/0:0H]CPU2: shutdown
04-13 01:14:31.540 26597 26597 I Kernel  : [47310.215014].(0)[26597:kworker/0:0H][Power/hotplug] platform_cpu_kill, cpu: 2
04-13 01:14:31.540 26597 26597 I Kernel  : [47310.215397].(0)[26597:kworker/0:0H]regs_hotplug_callback cpu = 2
04-13 01:14:31.540 26597 26597 I Kernel  : [47310.215705].(0)[26597:kworker/0:0H][WDK]cpu 2 plug off, kick wdt
04-13 01:14:31.540 26597 26597 I Kernel  : [47310.215817].(0)[26597:kworker/0:0H]regs_hotplug_callback cpu = 2
04-13 01:14:31.568 27815 27848 I native-activity: Swap 277 time is 99.573ms
04-13 01:14:31.568 27815 27848 I native-activity: Animating
04-13 01:14:31.577 27815 27848 I native-activity: Frame 278 GL error is 0x0
04-13 01:14:31.577 27815 27848 I native-activity: Frame 278 time is 9.165ms
04-13 01:14:31.598  1787  1787 I AmazonLocationController: onWifiSignalChanged : connected : true
04-13 01:14:31.660 27815 27848 I native-activity: Swap 278 time is 91.560ms
04-13 01:14:31.661 27815 27848 I native-activity: Animating
04-13 01:14:31.679 27815 27848 I native-activity: Frame 279 GL error is 0x0
04-13 01:14:31.679 27815 27848 I native-activity: Frame 279 time is 17.940ms
04-13 01:14:31.766 27815 27848 I native-activity: Swap 279 time is 104.726ms
04-13 01:14:31.766 27815 27848 I native-activity: Animating
04-13 01:14:31.780 27815 27848 I native-activity: Frame 280 GL error is 0x0
04-13 01:14:31.780 27815 27848 I native-activity: Frame 280 time is 14.613ms
04-13 01:14:31.857 27815 27848 I native-activity: Swap 280 time is 90.904ms
04-13 01:14:31.857 27815 27848 I native-activity: Animating
04-13 01:14:31.876 27815 27848 I native-activity: Frame 281 GL error is 0x0
04-13 01:14:31.876 27815 27848 I native-activity: Frame 281 time is 19.086ms
04-13 01:14:31.964 27815 27848 I native-activity: Swap 281 time is 107.265ms
04-13 01:14:31.965 27815 27848 I native-activity: Animating
04-13 01:14:31.950  2159  2159 I Kernel  : [47310.622933].(1)[2159:wpa_supplicant]poorlink get state G(363219)F(49)dbad(0)dretry(0)LT(540)RT(-75)W(0)(12861)
04-13 01:14:31.950  2137  2137 I Kernel  : [47310.623205][wlan] nicTxReleaseResource: (TX STATE)
04-13 01:14:31.950  2137  2137 I Kernel  : Release: TC4 count 1, Free=4; TC5 count 0, Free=4
04-13 01:14:31.981 27815 27848 I native-activity: Frame 282 GL error is 0x0
04-13 01:14:31.982 27815 27848 I native-activity: Frame 282 time is 16.510ms
04-13 01:14:32.056 27815 27848 I native-activity: Swap 282 time is 91.385ms
04-13 01:14:32.057 27815 27848 I native-activity: Animating
04-13 01:14:32.075 27815 27848 I native-activity: Frame 283 GL error is 0x0
04-13 01:14:32.075 27815 27848 I native-activity: Frame 283 time is 17.921ms
04-13 01:14:32.164 27815 27848 I native-activity: Swap 283 time is 106.537ms
04-13 01:14:32.165 27815 27848 I native-activity: Animating
04-13 01:14:32.182 27815 27848 I native-activity: Frame 284 GL error is 0x0
04-13 01:14:32.182 27815 27848 I native-activity: Frame 284 time is 17.398ms
04-13 01:14:32.262 27815 27848 I native-activity: Swap 284 time is 97.060ms
04-13 01:14:32.262 27815 27848 I native-activity: Animating
04-13 01:14:32.278 27815 27848 I native-activity: Frame 285 GL error is 0x0
04-13 01:14:32.279 27815 27848 I native-activity: Frame 285 time is 15.347ms
04-13 01:14:32.280    82    82 I Kernel  : [47310.960570].(0)[82:mtk charger_hv_]charging_reset_watch_dog_timer
04-13 01:14:32.280    82    82 I Kernel  : [47310.961480].(0)[82:mtk charger_hv_]array_size = 16 
04-13 01:14:32.358 27815 27848 I native-activity: Swap 285 time is 95.563ms
04-13 01:14:32.359 27815 27848 I native-activity: Animating
04-13 01:14:32.376 27815 27848 I native-activity: Frame 286 GL error is 0x0
04-13 01:14:32.376 27815 27848 I native-activity: Frame 286 time is 16.763ms
04-13 01:14:32.457 27815 27848 I native-activity: Swap 286 time is 97.323ms
04-13 01:14:32.457 27815 27848 I native-activity: Animating
04-13 01:14:32.477 27815 27848 I native-activity: Frame 287 GL error is 0x0
04-13 01:14:32.477 27815 27848 I native-activity: Frame 287 time is 19.858ms
04-13 01:14:32.555 27815 27848 I native-activity: Swap 287 time is 97.613ms
04-13 01:14:32.555 27815 27848 I native-activity: Animating
04-13 01:14:32.573 27815 27848 I native-activity: Frame 288 GL error is 0x0
04-13 01:14:32.574 27815 27848 I native-activity: Frame 288 time is 18.490ms
04-13 01:14:32.601  1787  1787 I AmazonLocationController: onWifiSignalChanged : connected : true
04-13 01:14:32.654 27815 27848 I native-activity: Swap 288 time is 99.350ms
04-13 01:14:32.656 27815 27848 I native-activity: Animating
04-13 01:14:32.672 27815 27848 I native-activity: Frame 289 GL error is 0x0
04-13 01:14:32.673 27815 27848 I native-activity: Frame 289 time is 16.169ms
04-13 01:14:32.752 27815 27848 I native-activity: Swap 289 time is 95.497ms
04-13 01:14:32.752 27815 27848 I native-activity: Animating
04-13 01:14:32.768 27815 27848 I native-activity: Frame 290 GL error is 0x0
04-13 01:14:32.768 27815 27848 I native-activity: Frame 290 time is 16.214ms
04-13 01:14:32.850 27815 27848 I native-activity: Swap 290 time is 97.670ms
04-13 01:14:32.850 27815 27848 I native-activity: Animating
04-13 01:14:32.870 27815 27848 I native-activity: Frame 291 GL error is 0x0
04-13 01:14:32.870 27815 27848 I native-activity: Frame 291 time is 19.754ms
04-13 01:14:32.948 27815 27848 I native-activity: Swap 291 time is 97.872ms
04-13 01:14:32.949 27815 27848 I native-activity: Animating
04-13 01:14:32.940    81    81 I Kernel  : [47311.611628].(0)[81:bat_thread_kthr][BAT_thread]Cable in, CHR_Type_num=2
04-13 01:14:32.966 27815 27848 I native-activity: Frame 292 GL error is 0x0
04-13 01:14:32.966 27815 27848 I native-activity: Frame 292 time is 16.445ms
04-13 01:14:32.950    81    81 I Kernel  : [47311.626404].(0)[81:bat_thread_kthr]AvgVbat=(4200),bat_vol=(4189),AvgI=(0),I=(0),VChr=(4683),AvgT=(24),T=(24),pre_SOC=(100),SOC=(100),ZCV=(4045)
04-13 01:14:32.950    81    81 I Kernel  : [47311.626500].(0)[81:bat_thread_kthr][BATTERY] support JEITA, temperature=24
04-13 01:14:32.950    81    81 I Kernel  : [47311.626524][BATTERY] Battery Normal Temperature between 10 and 45 !!
04-13 01:14:32.950    81    81 I Kernel  : [47311.626552].(0)[81:bat_thread_kthr]array_size = 51 
04-13 01:14:32.950    81    81 I Kernel  : [47311.627477].(0)[81:bat_thread_kthr]charging_reset_watch_dog_timer
04-13 01:14:32.950    81    81 I Kernel  : [47311.629093][BATTERY] Battery full !!
04-13 01:14:32.950    81    81 I Kernel  : [47311.629756].(0)[81:bat_thread_kthr]charging_dump_register
04-13 01:14:32.950    81    81 I Kernel  : [47311.630610].(0)[81:bat_thread_kthr][bq24296_dump_register] Reg[0x0]=0x45
04-13 01:14:32.950    81    81 I Kernel  : [47311.631158].(0)[81:bat_thread_kthr][bq24296_dump_register] Reg[0x1]=0x1B
04-13 01:14:32.960   138   168 I Kernel  : [47311.631931]-(0)[168:logd.proxy]dpi vsync
04-13 01:14:32.960    81    81 I Kernel  : [47311.632313].(0)[81:bat_thread_kthr][bq24296_dump_register] Reg[0x2]=0x3C
04-13 01:14:32.978   143   315 I hwcomposer: [DPY] UEventThread::threadLoop recv change@/devices/platform/battery/power_supply/battery
04-13 01:14:32.960    81    81 I Kernel  : [47311.634579].(1)[81:bat_thread_kthr][bq24296_dump_register] Reg[0x3]=0x30
04-13 01:14:32.960    81    81 I Kernel  : [47311.635119].(0)[81:bat_thread_kthr][bq24296_dump_register] Reg[0x4]=0xB2
04-13 01:14:32.960    81    81 I Kernel  : [47311.635649].(0)[81:bat_thread_kthr][bq24296_dump_register] Reg[0x5]=0x94
04-13 01:14:32.960    81    81 I Kernel  : [47311.636172].(0)[81:bat_thread_kthr][bq24296_dump_register] Reg[0x6]=0x73
04-13 01:14:32.960    81    81 I Kernel  : [47311.636697].(0)[81:bat_thread_kthr][bq24296_dump_register] Reg[0x7]=0x48
04-13 01:14:32.960    81    81 I Kernel  : [47311.637221].(0)[81:bat_thread_kthr][bq24296_dump_register] Reg[0x8]=0x74
04-13 01:14:32.960    81    81 I Kernel  : [47311.637745].(0)[81:bat_thread_kthr][bq24296_dump_register] Reg[0x9]=0x0
04-13 01:14:32.960    81    81 I Kernel  : [47311.638268].(0)[81:bat_thread_kthr][bq24296_dump_register] Reg[0xA]=0x20
04-13 01:14:32.960    81    81 I Kernel  : [47311.639290].(0)[81:bat_thread_kthr][100percent], UI_SOC(100), reset(0)
04-13 01:14:32.960    81    81 I Kernel  : [47311.639320].(0)[81:bat_thread_kthr]UI_SOC=(100), resetBatteryMeter=(0)
04-13 01:14:32.960    81    81 I Kernel  : [47311.639566].(0)[81:bat_thread_kthr][mt_kpoc_power_off_check] , chr_vol=4683, boot_mode=0
04-13 01:14:32.960   139   139 I Kernel  : [47311.641217].(1)[139:healthd]healthd: battery l=100 v=4200 t=24.0 h=2 st=5 chg=u
04-13 01:14:32.986  1787  1787 D KeyguardUpdateMonitor: handleBatteryUpdate
04-13 01:14:33.041 27815 27848 I native-activity: Swap 292 time is 91.371ms
04-13 01:14:33.041 27815 27848 I native-activity: Animating
04-13 01:14:33.061 27815 27848 I native-activity: Frame 293 GL error is 0x0
04-13 01:14:33.061 27815 27848 I native-activity: Frame 293 time is 19.851ms
04-13 01:14:33.149 27815 27848 I native-activity: Swap 293 time is 107.486ms
04-13 01:14:33.149 27815 27848 I native-activity: Animating
04-13 01:14:33.166 27815 27848 I native-activity: Frame 294 GL error is 0x0
04-13 01:14:33.166 27815 27848 I native-activity: Frame 294 time is 16.865ms
04-13 01:14:33.245 27815 27848 I native-activity: Swap 294 time is 96.433ms
04-13 01:14:33.246 27815 27848 I native-activity: Animating
04-13 01:14:33.265 27815 27848 I native-activity: Frame 295 GL error is 0x0
04-13 01:14:33.266 27815 27848 I native-activity: Frame 295 time is 19.877ms
04-13 01:14:33.290    82    82 I Kernel  : [47311.961652].(0)[82:mtk charger_hv_]charging_reset_watch_dog_timer
04-13 01:14:33.290    82    82 I Kernel  : [47311.963752].(0)[82:mtk charger_hv_]array_size = 16 
04-13 01:14:33.345 27815 27848 I native-activity: Swap 295 time is 98.782ms
04-13 01:14:33.346 27815 27848 I native-activity: Animating
04-13 01:14:33.357 27815 27848 I native-activity: Frame 296 GL error is 0x0
04-13 01:14:33.357 27815 27848 I native-activity: Frame 296 time is 10.711ms
04-13 01:14:33.443 27815 27848 I native-activity: Swap 296 time is 97.031ms
04-13 01:14:33.444 27815 27848 I native-activity: Animating
04-13 01:14:33.463 27815 27848 I native-activity: Frame 297 GL error is 0x0
04-13 01:14:33.463 27815 27848 I native-activity: Frame 297 time is 18.411ms
04-13 01:14:33.541 27815 27848 I native-activity: Swap 297 time is 96.548ms
04-13 01:14:33.541 27815 27848 I native-activity: Animating
04-13 01:14:33.559 27815 27848 I native-activity: Frame 298 GL error is 0x0
04-13 01:14:33.559 27815 27848 I native-activity: Frame 298 time is 17.242ms
04-13 01:14:33.638 27815 27848 I native-activity: Swap 298 time is 96.917ms
04-13 01:14:33.639 27815 27848 I native-activity: Animating
04-13 01:14:33.659 27815 27848 I native-activity: Frame 299 GL error is 0x0
04-13 01:14:33.659 27815 27848 I native-activity: Frame 299 time is 18.823ms
04-13 01:14:33.738 27815 27848 I native-activity: Swap 299 time is 97.847ms
04-13 01:14:33.739 27815 27848 I native-activity: Animating
04-13 01:14:33.758 27815 27848 I native-activity: Frame 300 GL error is 0x0
04-13 01:14:33.758 27815 27848 I native-activity: Frame 300 time is 19.013ms
04-13 01:14:33.836 27815 27848 I native-activity: Swap 300 time is 96.752ms
04-13 01:14:33.836 27815 27848 I native-activity: Animating
04-13 01:14:33.857 27815 27848 I native-activity: Frame 301 GL error is 0x0
04-13 01:14:33.857 27815 27848 I native-activity: Frame 301 time is 21.578ms
04-13 01:14:33.934 27815 27848 I native-activity: Swap 301 time is 98.434ms
04-13 01:14:33.936 27815 27848 I native-activity: Animating
04-13 01:14:33.952 27815 27848 I native-activity: Frame 302 GL error is 0x0
04-13 01:14:33.952 27815 27848 I native-activity: Frame 302 time is 15.578ms
04-13 01:14:34.032 27815 27848 I native-activity: Swap 302 time is 96.059ms
04-13 01:14:34.033 27815 27848 I native-activity: Animating
04-13 01:14:34.049 27815 27848 I native-activity: Frame 303 GL error is 0x0
04-13 01:14:34.049 27815 27848 I native-activity: Frame 303 time is 16.079ms
04-13 01:14:34.132 27815 27848 I native-activity: Swap 303 time is 99.395ms
04-13 01:14:34.132 27815 27848 I native-activity: Animating
04-13 01:14:34.148 27815 27848 I native-activity: Frame 304 GL error is 0x0
04-13 01:14:34.148 27815 27848 I native-activity: Frame 304 time is 15.536ms
04-13 01:14:34.160 24946 24946 I Kernel  : [47312.831618].(0)[24946:kworker/0:1]virtual_sensor_thermal_get_temp mtktsbattery t=24000 a=7 o=-9500 w=437
04-13 01:14:34.160 24946 24946 I Kernel  : [47312.831706].(0)[24946:kworker/0:1]virtual_sensor_thermal_get_temp mtkts_bts t=29000 a=15 o=-1000 w=113
04-13 01:14:34.160 24946 24946 I Kernel  : [47312.832107].(0)[24946:kworker/0:1]virtual_sensor_thermal_get_temp mtktspmic t=43459 a=4 o=18000 w=450
04-13 01:14:34.160 24946 24946 I Kernel  : [47312.832149].(0)[24946:kworker/0:1]virtual_sensor_thermal_get_temp mtktswmt t=31000 a=1000 o=-5000 w=0
04-13 01:14:34.231 27815 27848 I native-activity: Swap 304 time is 98.999ms
04-13 01:14:34.232 27815 27848 I native-activity: Animating
04-13 01:14:34.249 27815 27848 I native-activity: Frame 305 GL error is 0x0
04-13 01:14:34.249 27815 27848 I native-activity: Frame 305 time is 17.210ms
04-13 01:14:34.290    82    82 I Kernel  : [47312.963846].(0)[82:mtk charger_hv_]charging_reset_watch_dog_timer
04-13 01:14:34.290    82    82 I Kernel  : [47312.964750].(0)[82:mtk charger_hv_]array_size = 16 
04-13 01:14:34.330 27815 27848 I native-activity: Swap 305 time is 97.893ms
04-13 01:14:34.330 27815 27848 I native-activity: Animating
04-13 01:14:34.346 27815 27848 I native-activity: Frame 306 GL error is 0x0
04-13 01:14:34.346 27815 27848 I native-activity: Frame 306 time is 15.891ms
04-13 01:14:34.428 27815 27848 I native-activity: Swap 306 time is 98.020ms
04-13 01:14:34.428 27815 27848 I native-activity: Animating
04-13 01:14:34.443 27815 27848 I native-activity: Frame 307 GL error is 0x0
04-13 01:14:34.443 27815 27848 I native-activity: Frame 307 time is 14.221ms
04-13 01:14:34.524 27815 27848 I native-activity: Swap 307 time is 95.652ms
04-13 01:14:34.524 27815 27848 I native-activity: Animating
04-13 01:14:34.541 27815 27848 I native-activity: Frame 308 GL error is 0x0
04-13 01:14:34.541 27815 27848 I native-activity: Frame 308 time is 17.056ms
04-13 01:14:34.623 27815 27848 I native-activity: Swap 308 time is 98.346ms
04-13 01:14:34.623 27815 27848 I native-activity: Animating
04-13 01:14:34.644 27815 27848 I native-activity: Frame 309 GL error is 0x0
04-13 01:14:34.644 27815 27848 I native-activity: Frame 309 time is 20.495ms
04-13 01:14:34.630  2137  2137 I Kernel  : [47313.302421][wlan] statsInfoEnvRequest: (INIT INFO)
04-13 01:14:34.630  2137  2137 I Kernel  : statsInfoEnvRequest cmd ok.
04-13 01:14:34.630  2137  2137 I Kernel  : [47313.302991][wlan] nicTxReleaseResource: (TX STATE)
04-13 01:14:34.630  2137  2137 I Kernel  : Release: TC4 count 1, Free=4; TC5 count 0, Free=4
04-13 01:14:34.630  2137  2137 I Kernel  : [47313.303121][wlan] statsInfoEnvDisplay: (INIT INFO)
04-13 01:14:34.630  2137  2137 I Kernel  : <stats> Display stats for [b0:48:7a:cb:7c:ec]: 668B 24326ms
04-13 01:14:34.630  2137  2137 I Kernel  : [47313.303171][wlan] statsInfoEnvDisplay: (INIT INFO)
04-13 01:14:34.630  2137  2137 I Kernel  : <stats> TPAM(0x3) RTS(0 0) BA(0x41 0) OS(363220) OK(8 8) ERR(0 0 0 0 0 0 0)
04-13 01:14:34.630  2137  2137 I Kernel  : [47313.303224][wlan] statsInfoEnvDisplay: (INIT INFO)
04-13 01:14:34.630  2137  2137 I Kernel  : <stats> TRATE (0 0 0 0 0 0 0 0 0 0 0 0 0 0 0 0) (0 0 7 1 0 0 0 0)
04-13 01:14:34.630  2137  2137 I Kernel  : [47313.303283][wlan] statsInfoEnvDisplay: (INIT INFO)
04-13 01:14:34.630  2137  2137 I Kernel  : <stats> TREORDER (0 0 0)
04-13 01:14:34.630  2137  2137 I Kernel  : [47313.303317][wlan] statsInfoEnvDisplay: (INIT INFO)
04-13 01:14:34.630  2137  2137 I Kernel  : <stats> RX(79 4 0) BA(0x41 0) OK(41 41) ERR(0)
04-13 01:14:34.630  2137  2137 I Kernel  : [47313.303358][wlan] statsInfoEnvDisplay: (INIT INFO)
04-13 01:14:34.630  2137  2137 I Kernel  : <stats> RCCK (0 0 0 33 0 0 0 0 0 0 0 0 0 0 0 0)
04-13 01:14:34.630  2137  2137 I Kernel  : [47313.303408][wlan] statsInfoEnvDisplay: (INIT INFO)
04-13 01:14:34.630  2137  2137 I Kernel  : <stats> ROFDM (0 0 0 0 0 0 0 0 0 0 0 0 0 0 0 0)
04-13 01:14:34.630  2137  2137 I Kernel  : [47313.303457][wlan] statsInfoEnvDisplay: (INIT INFO)
04-13 01:14:34.630  2137  2137 I Kernel  : <stats> RHT (0 0 0 0 0 6 2 0 0 0 0 0 0 0 0 0)
04-13 01:14:34.630  2137  2137 I Kernel  : [47313.303506][wlan] statsInfoEnvDisplay: (INIT INFO)
04-13 01:14:34.630  2137  2137 I Kernel  : <stats> StayIntH2M us (25 26 29) (18 19 20) (27 31 35)
04-13 01:14:34.630  2137  2137 I Kernel  : [47313.303550][wlan] statsInfoEnvDisplay: (INIT INFO)
04-13 01:14:34.630  2137  2137 I Kernel  : <stats> AirTime us (160 416 864) (1568 1568 1568) (0 1920 2272)
04-13 01:14:34.630  2137  2137 I Kernel  : [47313.303593][wlan] statsInfoEnvDisplay: (INIT INFO)
04-13 01:14:34.630  2137  2137 I Kernel  : <stats> StayInt us (251 509 948_12980) (0 2908 3881_12879) (0 2410 2754_12878)
04-13 01:14:34.630  2137  2137 I Kernel  : [47313.303880][wlan] statsInfoEnvDisplay: (INIT INFO)
04-13 01:14:34.630  2137  2137 I Kernel  : <stats> StayIntD2T us (326 899 1050) (4453 12605 20758) (3365 11874 20383)
04-13 01:14:34.630  2137  2137 I Kernel  : [47313.303937][wlan] statsInfoEnvDisplay: (INIT INFO)
04-13 01:14:34.630  2137  2137 I Kernel  : <stats> StayIntR_M2H us (31 39 52) (30 30 30) (0 0 0)
04-13 01:14:34.630  2137  2137 I Kernel  : [47313.303981][wlan] statsInfoEnvDisplay: (INIT INFO)
04-13 01:14:34.630  2137  2137 I Kernel  : <stats> StayIntR_H2D us (0 0 0) (0 0 0) (0 0 0)
04-13 01:14:34.630  2137  2137 I Kernel  : [47313.304022][wlan] statsInfoEnvDisplay: (INIT INFO)
04-13 01:14:34.630  2137  2137 I Kernel  : <stats> StayCntD2H unit:10ms (6 2 0 0)
04-13 01:14:34.630  2137  2137 I Kernel  : [47313.304059][wlan] statsInfoEnvDisplay: (INIT INFO)
04-13 01:14:34.630  2137  2137 I Kernel  : <stats> StayCnt unit:1ms (4 1 2 1)
04-13 01:14:34.630  2137  2137 I Kernel  : [47313.304096][wlan] statsInfoEnvDisplay: (INIT INFO)
04-13 01:14:34.630  2137  2137 I Kernel  : <stats> StayCnt (0~4944:8) (4944~9888:0) (9888~14832:0) (14832~19776:0) (19776~:0)
04-13 01:14:34.630  2137  2137 I Kernel  : [47313.304147][wlan] statsInfoEnvDisplay: (INIT INFO)
04-13 01:14:34.630  2137  2137 I Kernel  : <stats> OTHER (0) (40) (16061) (0) (0) (0ms) (19209us)
04-13 01:14:34.721 27815 27848 I native-activity: Swap 309 time is 97.531ms
04-13 01:14:34.721 27815 27848 I native-activity: Animating
04-13 01:14:34.741 27815 27848 I native-activity: Frame 310 GL error is 0x0
04-13 01:14:34.741 27815 27848 I native-activity: Frame 310 time is 19.560ms
04-13 01:14:34.819 27815 27848 I native-activity: Swap 310 time is 97.983ms
04-13 01:14:34.820 27815 27848 I native-activity: Animating
04-13 01:14:34.862 25539 25786 I WhisperLink: TWhisperLinkTransport - Incoming connection from Device: A0201905C863659AA1F85D124FFD9021 to Service: amzn.act.sub  Connection Id: 3735 Channel: inet;
04-13 01:14:34.862 25539 25786 I WhisperLink: TWhisperLinkTransport - Connection accepted for: sid: amzn.act.sub UUID: A0201905C863659AA1F85D124FFD9021 Device Type: 2 Connection Id: 3735 Channel: inet;
04-13 01:14:34.866 25539 25786 I WhisperLink: TThreadPoolServiceRouter: INET:  - Accepted connection on :inet: isSecure :false: client :com.amazon.whisperlink.transport.TWhisperLinkTransport@2a53cdfe;
04-13 01:14:34.869 25539 27884 I WhisperLink: TThreadPoolServiceRouter: INET:  - Forwarding connection to Service: amzn.act.sub from Device: A0201905C863659AA1F85D124FFD9021 Connection Id: 3735 Channel: inet;
04-13 01:14:34.872 25539 27884 I WhisperLink: TWhisperLinkTransport - Initiating connection to Service: amzn.act.sub Connection Id: 3735 Channel: inet;
04-13 01:14:34.875 25539 25773 I WhisperLink: TWhisperLinkTransport - Incoming connection from Device: A0201905C863659AA1F85D124FFD9021 to Service: amzn.act.sub  Connection Id: 3735 Channel: inet;
04-13 01:14:34.875 25539 25773 I WhisperLink: TWhisperLinkTransport - Connection accepted for: sid: amzn.act.sub UUID: A0201905C863659AA1F85D124FFD9021 Device Type: 2 Connection Id: 3735 Channel: inet;
04-13 01:14:34.883 25539 27885 I WhisperLink: DiscoveryManager - device found updated=false;
04-13 01:14:34.883 25539 27885 I WhisperLink: DiscoveryUtil - Device found did not have new information. Skipping service found update for :A0201905C863659AA1F85D124FFD9021;
04-13 01:14:34.884 25539 27886 I WhisperLink: WPServer - WorkerProcess: Starting UUID: A0201905C863659AA1F85D124FFD9021 Service Id: amzn.act.sub, Connection Id: 3735 Channel: inet ;
04-13 01:14:34.896 25539 27886 I WhisperLink: ActivitySubsManager - Request for renewing the subscription, id=2;
04-13 01:14:34.912 25539 27886 I WhisperLink: Pipe - No data available! timeout=10000 isclosed=true;
04-13 01:14:34.913 25539 27888 I WhisperLink: Pipe - No data available! timeout=0 isclosed=true;
04-13 01:14:34.914 25539 27887 I WhisperLink: TWhisperLinkTransport - Closing connection for Service: amzn.act.sub isClient: true Connection Id: 3735 Channel: inet;
04-13 01:14:34.914 25539 27886 I WhisperLink: WPServer - WorkerProcess: Closing UUID: A0201905C863659AA1F85D124FFD9021 Service Id: amzn.act.sub, Connection Id: 3735 Channel: inet ;
04-13 01:14:34.916 25539 27888 I WhisperLink: TWhisperLinkTransport - Closing connection for Service: amzn.act.sub isClient: false Connection Id: 3735 Channel: inet;
04-13 01:14:34.917 25539 27887 I WhisperLink: TWhisperLinkTransport - Closing connection for Service: amzn.act.sub isClient: false Connection Id: 3735 Channel: inet;
04-13 01:14:34.959 27815 27848 I native-activity: Frame 311 GL error is 0x501
04-13 01:14:34.959 27815 27848 I native-activity: Frame 311 time is 139.180ms
04-13 01:14:34.962 27815 27848 I native-activity: Swap 311 time is 142.124ms
04-13 01:14:34.962 27815 27848 I native-activity: Animating
04-13 01:14:34.950  2137  2137 I Kernel  : [47313.629073][wlan] nicTxReleaseResource: (TX STATE)
04-13 01:14:34.950  2137  2137 I Kernel  : Release: TC4 count 1, Free=4; TC5 count 0, Free=4
04-13 01:14:34.950  2159  2159 I Kernel  : [47313.629273].(1)[2159:wpa_supplicant]poorlink get state G(363225)F(49)dbad(0)dretry(0)LT(810)RT(-74)W(0)(12862)
04-13 01:14:34.950  2137  2137 I Kernel  : [47313.629329][wlan] nicTxReleaseResource: (TX STATE)
04-13 01:14:34.950  2137  2137 I Kernel  : Release: TC4 count 1, Free=4; TC5 count 0, Free=4
04-13 01:14:34.978 27815 27848 I native-activity: Frame 312 GL error is 0x0
04-13 01:14:34.978 27815 27848 I native-activity: Frame 312 time is 16.193ms
04-13 01:14:34.990     0     0 I Kernel  : [47313.664092]-(0)[0:swapper/0]dpi vsync
04-13 01:14:35.053 27815 27848 I native-activity: Swap 312 time is 90.438ms
04-13 01:14:35.053 27815 27848 I native-activity: Animating
04-13 01:14:35.076 27815 27848 I native-activity: Frame 313 GL error is 0x0
04-13 01:14:35.076 27815 27848 I native-activity: Frame 313 time is 22.847ms
04-13 01:14:35.152 27815 27848 I native-activity: Swap 313 time is 98.938ms
04-13 01:14:35.153 27815 27848 I native-activity: Animating
04-13 01:14:35.169 27815 27848 I native-activity: Frame 314 GL error is 0x0
04-13 01:14:35.170 27815 27848 I native-activity: Frame 314 time is 17.123ms
04-13 01:14:35.249 27815 27848 I native-activity: Swap 314 time is 95.610ms
04-13 01:14:35.249 27815 27848 I native-activity: Animating
04-13 01:14:35.288 27815 27848 I native-activity: Frame 315 GL error is 0x501
04-13 01:14:35.288 27815 27848 I native-activity: Frame 315 time is 38.701ms
04-13 01:14:35.290    82    82 I Kernel  : [47313.964853].(0)[82:mtk charger_hv_]charging_reset_watch_dog_timer
04-13 01:14:35.290    82    82 I Kernel  : [47313.965762].(0)[82:mtk charger_hv_]array_size = 16 
04-13 01:14:35.349 27815 27848 I native-activity: Swap 315 time is 99.207ms
04-13 01:14:35.350 27815 27848 I native-activity: Animating
04-13 01:14:35.365 27815 27848 I native-activity: Frame 316 GL error is 0x0
04-13 01:14:35.365 27815 27848 I native-activity: Frame 316 time is 15.133ms
04-13 01:14:35.448 27815 27848 I native-activity: Swap 316 time is 97.902ms
04-13 01:14:35.448 27815 27848 I native-activity: Animating
04-13 01:14:35.463 27815 27848 I native-activity: Frame 317 GL error is 0x0
04-13 01:14:35.463 27815 27848 I native-activity: Frame 317 time is 14.718ms
04-13 01:14:35.540 27815 27848 I native-activity: Swap 317 time is 92.237ms
04-13 01:14:35.541 27815 27848 I native-activity: Animating
04-13 01:14:35.557 27815 27848 I native-activity: Frame 318 GL error is 0x0
04-13 01:14:35.557 27815 27848 I native-activity: Frame 318 time is 16.202ms
04-13 01:14:35.604  1787  1787 I AmazonLocationController: onWifiSignalChanged : connected : true
04-13 01:14:35.649 27815 27848 I native-activity: Swap 318 time is 108.308ms
04-13 01:14:35.651 27815 27848 I native-activity: Animating
04-13 01:14:35.665 27815 27848 I native-activity: Frame 319 GL error is 0x0
04-13 01:14:35.665 27815 27848 I native-activity: Frame 319 time is 13.975ms
04-13 01:14:35.750 27815 27848 I native-activity: Swap 319 time is 99.717ms
04-13 01:14:35.751 27815 27848 I native-activity: Animating
04-13 01:14:35.764 27815 27848 I native-activity: Frame 320 GL error is 0x0
04-13 01:14:35.765 27815 27848 I native-activity: Frame 320 time is 13.743ms
04-13 01:14:35.848 27815 27848 I native-activity: Swap 320 time is 97.194ms
04-13 01:14:35.848 27815 27848 I native-activity: Animating
04-13 01:14:35.863 27815 27848 I native-activity: Frame 321 GL error is 0x0
04-13 01:14:35.863 27815 27848 I native-activity: Frame 321 time is 14.324ms
04-13 01:14:35.943 27815 27848 I native-activity: Swap 321 time is 94.955ms
04-13 01:14:35.944 27815 27848 I native-activity: Animating
04-13 01:14:35.958 27815 27848 I native-activity: Frame 322 GL error is 0x0
04-13 01:14:35.958 27815 27848 I native-activity: Frame 322 time is 14.356ms
04-13 01:14:36.051 27815 27848 I native-activity: Swap 322 time is 106.834ms
04-13 01:14:36.051 27815 27848 I native-activity: Animating
04-13 01:14:36.066 27815 27848 I native-activity: Frame 323 GL error is 0x0
04-13 01:14:36.066 27815 27848 I native-activity: Frame 323 time is 14.814ms
04-13 01:14:36.151 27815 27848 I native-activity: Swap 323 time is 100.606ms
04-13 01:14:36.153 27815 27848 I native-activity: Animating
04-13 01:14:36.166 27815 27848 I native-activity: Frame 324 GL error is 0x0
04-13 01:14:36.166 27815 27848 I native-activity: Frame 324 time is 12.791ms
04-13 01:14:36.252 27815 27848 I native-activity: Swap 324 time is 99.055ms
04-13 01:14:36.252 27815 27848 I native-activity: Animating
04-13 01:14:36.266 27815 27848 I native-activity: Frame 325 GL error is 0x0
04-13 01:14:36.266 27815 27848 I native-activity: Frame 325 time is 14.132ms
04-13 01:14:36.290    82    82 I Kernel  : [47314.965866].(0)[82:mtk charger_hv_]charging_reset_watch_dog_timer
04-13 01:14:36.290    82    82 I Kernel  : [47314.966774].(0)[82:mtk charger_hv_]array_size = 16 
04-13 01:14:36.351 27815 27848 I native-activity: Swap 325 time is 99.033ms
04-13 01:14:36.352 27815 27848 I native-activity: Animating
04-13 01:14:36.365 27815 27848 I native-activity: Frame 326 GL error is 0x0
04-13 01:14:36.366 27815 27848 I native-activity: Frame 326 time is 13.961ms
04-13 01:14:36.451 27815 27848 I native-activity: Swap 326 time is 99.052ms
04-13 01:14:36.451 27815 27848 I native-activity: Animating
04-13 01:14:36.465 27815 27848 I native-activity: Frame 327 GL error is 0x0
04-13 01:14:36.465 27815 27848 I native-activity: Frame 327 time is 13.796ms
04-13 01:14:36.545 27815 27848 I native-activity: Swap 327 time is 94.269ms
04-13 01:14:36.546 27815 27848 I native-activity: Animating
04-13 01:14:36.562 27815 27848 I native-activity: Frame 328 GL error is 0x0
04-13 01:14:36.562 27815 27848 I native-activity: Frame 328 time is 15.901ms
04-13 01:14:36.609  1787  1787 I AmazonLocationController: onWifiSignalChanged : connected : true
04-13 01:14:36.653 27815 27848 I native-activity: Swap 328 time is 107.379ms
04-13 01:14:36.654 27815 27848 I native-activity: Animating
04-13 01:14:36.669 27815 27848 I native-activity: Frame 329 GL error is 0x0
04-13 01:14:36.670 27815 27848 I native-activity: Frame 329 time is 15.887ms
04-13 01:14:36.753 27815 27848 I native-activity: Swap 329 time is 99.587ms
04-13 01:14:36.754 27815 27848 I native-activity: Animating
04-13 01:14:36.767 27815 27848 I native-activity: Frame 330 GL error is 0x0
04-13 01:14:36.767 27815 27848 I native-activity: Frame 330 time is 13.461ms
04-13 01:14:36.848 27815 27848 I native-activity: Swap 330 time is 93.928ms
04-13 01:14:36.848 27815 27848 I native-activity: Animating
04-13 01:14:36.862 27815 27848 I native-activity: Frame 331 GL error is 0x0
04-13 01:14:36.863 27815 27848 I native-activity: Frame 331 time is 14.597ms
04-13 01:14:36.956 27815 27848 I native-activity: Swap 331 time is 108.055ms
04-13 01:14:36.956 27815 27848 I native-activity: Animating
04-13 01:14:36.969 27815 27848 I native-activity: Frame 332 GL error is 0x0
04-13 01:14:36.969 27815 27848 I native-activity: Frame 332 time is 12.515ms
04-13 01:14:37.020     0     0 I Kernel  : [47315.696275]-(0)[0:swapper/0]dpi vsync
04-13 01:14:37.050 27815 27848 I native-activity: Swap 332 time is 93.878ms
04-13 01:14:37.051 27815 27848 I native-activity: Animating
04-13 01:14:37.065 27815 27848 I native-activity: Frame 333 GL error is 0x0
04-13 01:14:37.065 27815 27848 I native-activity: Frame 333 time is 14.617ms
04-13 01:14:37.158 27815 27848 I native-activity: Swap 333 time is 106.751ms
04-13 01:14:37.161 27815 27848 I native-activity: Animating
04-13 01:14:37.174 27815 27848 I native-activity: Frame 334 GL error is 0x0
04-13 01:14:37.174 27815 27848 I native-activity: Frame 334 time is 13.144ms
04-13 01:14:37.258 27815 27848 I native-activity: Swap 334 time is 96.975ms
04-13 01:14:37.260 27815 27848 I native-activity: Animating
04-13 01:14:37.275 27815 27848 I native-activity: Frame 335 GL error is 0x0
04-13 01:14:37.275 27815 27848 I native-activity: Frame 335 time is 14.136ms
04-13 01:14:37.284   917   933 W AmazonActivityManagerService: packageLifetimeHint: amazon.internal.SystemJumpTable$ProcessRecord@1bb26d8d is active, cannot move
04-13 01:14:37.284  2059  2059 W Precog  : PackagePrewarmActor: Call to packageLifetimeHint failed, res = -1
04-13 01:14:37.285  2059  2059 I Vlog    : PfxPrecog:LruHint:fgtracking=false;DV;1,key=confidence;DV;1,Counter=1.000000;CT;1,unit=null;DV;1,metadata=version%235510%7Cpkg%23com.amazon.firelauncher%7C;DV;1:HI
04-13 01:14:37.287  2059  2059 I Vlog    : PfxPrecog:LruHint:fgtracking=false;DV;1,key=failure;DV;1,Counter=1.000000;CT;1,unit=null;DV;1,metadata=version%235510%7Cpkg%23com.amazon.firelauncher%7C;DV;1:HI
04-13 01:14:37.290    82    82 I Kernel  : [47315.966880].(0)[82:mtk charger_hv_]charging_reset_watch_dog_timer
04-13 01:14:37.290    82    82 I Kernel  : [47315.967792].(0)[82:mtk charger_hv_]array_size = 16 
04-13 01:14:37.358 27815 27848 I native-activity: Swap 335 time is 97.839ms
04-13 01:14:37.359 27815 27848 I native-activity: Animating
04-13 01:14:37.374 27815 27848 I native-activity: Frame 336 GL error is 0x0
04-13 01:14:37.375 27815 27848 I native-activity: Frame 336 time is 15.619ms
04-13 01:14:37.458 27815 27848 I native-activity: Swap 336 time is 98.750ms
04-13 01:14:37.458 27815 27848 I native-activity: Animating
04-13 01:14:37.473 27815 27848 I native-activity: Frame 337 GL error is 0x0
04-13 01:14:37.473 27815 27848 I native-activity: Frame 337 time is 15.347ms
04-13 01:14:37.558 27815 27848 I native-activity: Swap 337 time is 100.151ms
04-13 01:14:37.559 27815 27848 I native-activity: Animating
04-13 01:14:37.572 27815 27848 I native-activity: Frame 338 GL error is 0x0
04-13 01:14:37.572 27815 27848 I native-activity: Frame 338 time is 13.771ms
04-13 01:14:37.653 27815 27848 I native-activity: Swap 338 time is 94.183ms
04-13 01:14:37.653 27815 27848 I native-activity: Animating
04-13 01:14:37.668 27815 27848 I native-activity: Frame 339 GL error is 0x0
04-13 01:14:37.668 27815 27848 I native-activity: Frame 339 time is 14.796ms
04-13 01:14:37.761 27815 27848 I native-activity: Swap 339 time is 107.779ms
04-13 01:14:37.763 27815 27848 I native-activity: Animating
04-13 01:14:37.776 27815 27848 I native-activity: Frame 340 GL error is 0x0
04-13 01:14:37.776 27815 27848 I native-activity: Frame 340 time is 13.079ms
04-13 01:14:37.860 27815 27848 I native-activity: Swap 340 time is 96.895ms
04-13 01:14:37.860 27815 27848 I native-activity: Animating
04-13 01:14:37.874 27815 27848 I native-activity: Frame 341 GL error is 0x0
04-13 01:14:37.874 27815 27848 I native-activity: Frame 341 time is 13.537ms
04-13 01:14:37.954 27815 27848 I native-activity: Swap 341 time is 93.536ms
04-13 01:14:37.954 27815 27848 I native-activity: Animating
04-13 01:14:37.969 27815 27848 I native-activity: Frame 342 GL error is 0x0
04-13 01:14:37.969 27815 27848 I native-activity: Frame 342 time is 14.883ms
04-13 01:14:37.980  2159  2159 I Kernel  : [47316.651931].(0)[2159:wpa_supplicant]poorlink get state G(363228)F(49)dbad(0)dretry(0)LT(810)RT(-74)W(0)(12863)
04-13 01:14:37.980  2137  2137 I Kernel  : [47316.652463][wlan] nicTxReleaseResource: (TX STATE)
04-13 01:14:37.980  2137  2137 I Kernel  : Release: TC4 count 1, Free=4; TC5 count 0, Free=4
04-13 01:14:38.063 27815 27848 I native-activity: Swap 342 time is 108.503ms
04-13 01:14:38.063 27815 27848 I native-activity: Animating
04-13 01:14:38.076 27815 27848 I native-activity: Frame 343 GL error is 0x0
04-13 01:14:38.076 27815 27848 I native-activity: Frame 343 time is 12.984ms
04-13 01:14:38.157 27815 27848 I native-activity: Swap 343 time is 93.612ms
04-13 01:14:38.157 27815 27848 I native-activity: Animating
04-13 01:14:38.171 27815 27848 I native-activity: Frame 344 GL error is 0x0
04-13 01:14:38.171 27815 27848 I native-activity: Frame 344 time is 13.947ms
04-13 01:14:38.264 27815 27848 I native-activity: Swap 344 time is 107.216ms
04-13 01:14:38.265 27815 27848 I native-activity: Animating
04-13 01:14:38.278 27815 27848 I native-activity: Frame 345 GL error is 0x0
04-13 01:14:38.278 27815 27848 I native-activity: Frame 345 time is 13.588ms
04-13 01:14:38.290    82    82 I Kernel  : [47316.967901].(0)[82:mtk charger_hv_]charging_reset_watch_dog_timer
04-13 01:14:38.290    82    82 I Kernel  : [47316.968816].(0)[82:mtk charger_hv_]array_size = 16 
04-13 01:14:38.366 27815 27848 I native-activity: Swap 345 time is 101.051ms
04-13 01:14:38.366 27815 27848 I native-activity: Animating
04-13 01:14:38.381 27815 27848 I native-activity: Frame 346 GL error is 0x0
04-13 01:14:38.381 27815 27848 I native-activity: Frame 346 time is 14.188ms
04-13 01:14:38.466 27815 27848 I native-activity: Swap 346 time is 99.756ms
04-13 01:14:38.467 27815 27848 I native-activity: Animating
04-13 01:14:38.479 27815 27848 I native-activity: Frame 347 GL error is 0x0
04-13 01:14:38.480 27815 27848 I native-activity: Frame 347 time is 12.871ms
04-13 01:14:38.566 27815 27848 I native-activity: Swap 347 time is 99.800ms
04-13 01:14:38.567 27815 27848 I native-activity: Animating
04-13 01:14:38.581 27815 27848 I native-activity: Frame 348 GL error is 0x0
04-13 01:14:38.581 27815 27848 I native-activity: Frame 348 time is 14.256ms
04-13 01:14:38.665 27815 27848 I native-activity: Swap 348 time is 97.964ms
04-13 01:14:38.665 27815 27848 I native-activity: Animating
04-13 01:14:38.681 27815 27848 I native-activity: Frame 349 GL error is 0x0
04-13 01:14:38.681 27815 27848 I native-activity: Frame 349 time is 15.380ms
04-13 01:14:38.766 27815 27848 I native-activity: Swap 349 time is 100.795ms
04-13 01:14:38.766 27815 27848 I native-activity: Animating
04-13 01:14:38.782 27815 27848 I native-activity: Frame 350 GL error is 0x0
04-13 01:14:38.782 27815 27848 I native-activity: Frame 350 time is 14.230ms
04-13 01:14:38.865 27815 27848 I native-activity: Swap 350 time is 97.594ms
04-13 01:14:38.867 27815 27848 I native-activity: Animating
04-13 01:14:38.880 27815 27848 I native-activity: Frame 351 GL error is 0x0
04-13 01:14:38.880 27815 27848 I native-activity: Frame 351 time is 13.063ms
04-13 01:14:38.960 27815 27848 I native-activity: Swap 351 time is 92.866ms
04-13 01:14:38.960 27815 27848 I native-activity: Animating
04-13 01:14:38.975 27815 27848 I native-activity: Frame 352 GL error is 0x0
04-13 01:14:38.975 27815 27848 I native-activity: Frame 352 time is 14.657ms
04-13 01:14:39.068 27815 27848 I native-activity: Swap 352 time is 107.109ms
04-13 01:14:39.068 27815 27848 I native-activity: Animating
04-13 01:14:39.050     0     0 I Kernel  : [47317.728446]-(0)[0:swapper/0]dpi vsync
04-13 01:14:39.084 27815 27848 I native-activity: Frame 353 GL error is 0x0
04-13 01:14:39.084 27815 27848 I native-activity: Frame 353 time is 16.344ms
04-13 01:14:39.168 27815 27848 I native-activity: Swap 353 time is 100.147ms
04-13 01:14:39.170 27815 27848 I native-activity: Animating
04-13 01:14:39.184 27815 27848 I native-activity: Frame 354 GL error is 0x0
04-13 01:14:39.184 27815 27848 I native-activity: Frame 354 time is 13.632ms
04-13 01:14:39.270 27815 27848 I native-activity: Swap 354 time is 99.601ms
04-13 01:14:39.270 27815 27848 I native-activity: Animating
04-13 01:14:39.285 27815 27848 I native-activity: Frame 355 GL error is 0x0
04-13 01:14:39.285 27815 27848 I native-activity: Frame 355 time is 14.473ms
04-13 01:14:39.290    82    82 I Kernel  : [47317.968924].(0)[82:mtk charger_hv_]charging_reset_watch_dog_timer
04-13 01:14:39.290    82    82 I Kernel  : [47317.969837].(0)[82:mtk charger_hv_]array_size = 16 
04-13 01:14:39.370 27815 27848 I native-activity: Swap 355 time is 99.218ms
04-13 01:14:39.370 27815 27848 I native-activity: Animating
04-13 01:14:39.383 27815 27848 I native-activity: Frame 356 GL error is 0x0
04-13 01:14:39.383 27815 27848 I native-activity: Frame 356 time is 13.310ms
04-13 01:14:39.470 27815 27848 I native-activity: Swap 356 time is 100.408ms
04-13 01:14:39.471 27815 27848 I native-activity: Animating
04-13 01:14:39.486 27815 27848 I native-activity: Frame 357 GL error is 0x0
04-13 01:14:39.486 27815 27848 I native-activity: Frame 357 time is 14.503ms
04-13 01:14:39.568 27815 27848 I native-activity: Swap 357 time is 97.028ms
04-13 01:14:39.569 27815 27848 I native-activity: Animating
04-13 01:14:39.583 27815 27848 I native-activity: Frame 358 GL error is 0x0
04-13 01:14:39.583 27815 27848 I native-activity: Frame 358 time is 13.421ms
04-13 01:14:39.668 27815 27848 I native-activity: Swap 358 time is 99.077ms
04-13 01:14:39.669 27815 27848 I native-activity: Animating
04-13 01:14:39.683 27815 27848 I native-activity: Frame 359 GL error is 0x0
04-13 01:14:39.683 27815 27848 I native-activity: Frame 359 time is 13.787ms
04-13 01:14:39.769 27815 27848 I native-activity: Swap 359 time is 99.607ms
