04-13 01:14:19.512 27815 27848 I native-activity: Frame 43 GL error is 0x0
04-13 01:14:19.513 27815 27848 I native-activity: Frame 43 time is 22.337ms
04-13 01:14:19.519 27815 27848 I native-activity: Swap 43 time is 28.879ms
04-13 01:14:19.519 27815 27848 I native-activity: Animating
04-13 01:14:19.537 27815 27848 I native-activity: Frame 44 GL error is 0x0
04-13 01:14:19.537 27815 27848 I native-activity: Frame 44 time is 18.104ms
04-13 01:14:19.563 27815 27848 I native-activity: Swap 44 time is 43.588ms
04-13 01:14:19.563 27815 27848 I native-activity: Animating
04-13 01:14:19.729 27815 27848 I native-activity: Frame 45 GL error is 0x501
04-13 01:14:19.729 27815 27848 I native-activity: Frame 45 time is 165.428ms
04-13 01:14:19.730 27815 27848 I native-activity: Swap 45 time is 166.986ms
04-13 01:14:19.731 27815 27848 I native-activity: Animating
04-13 01:14:19.887 27815 27848 I native-activity: Frame 46 GL error is 0x501
04-13 01:14:19.887 27815 27848 I native-activity: Frame 46 time is 155.972ms
04-13 01:14:19.889 27815 27848 I native-activity: Swap 46 time is 157.564ms
04-13 01:14:19.889 27815 27848 I native-activity: Animating
04-13 01:14:19.880  2159  2159 I Kernel  : [47298.552976].(0)[2159:wpa_supplicant]poorlink get state G(363209)F(49)dbad(0)dretry(0)LT(540)RT(-75)W(0)(12857)
04-13 01:14:19.880  2137  2137 I Kernel  : [47298.553455][wlan] nicTxReleaseResource: (TX STATE)
04-13 01:14:19.880  2137  2137 I Kernel  : Release: TC4 count 1, Free=4; TC5 count 0, Free=4
04-13 01:14:20.016   917  1674 D TaskPersister: removeObsoleteFile: deleting file=343_task.xml
04-13 01:14:20.029 27815 27848 I native-activity: Frame 47 GL error is 0x501
04-13 01:14:20.029 27815 27848 I native-activity: Frame 47 time is 140.186ms
04-13 01:14:20.031 27815 27848 I native-activity: Swap 47 time is 141.876ms
04-13 01:14:20.031 27815 27848 I native-activity: Animating
04-13 01:14:20.032 27815 27848 I native-activity: Frame 48 GL error is 0x0
04-13 01:14:20.032 27815 27848 I native-activity: Frame 48 time is 0.677ms
04-13 01:14:20.060 27815 27848 I native-activity: Swap 48 time is 29.192ms
04-13 01:14:20.060 27815 27848 I native-activity: Animating
04-13 01:14:20.062 27815 27848 I native-activity: Frame 49 GL error is 0x0
04-13 01:14:20.062 27815 27848 I native-activity: Frame 49 time is 1.496ms
04-13 01:14:20.090 27815 27848 I native-activity: Swap 49 time is 29.362ms
04-13 01:14:20.090 27815 27848 I native-activity: Animating
04-13 01:14:20.092 27815 27848 I native-activity: Frame 50 GL error is 0x0
04-13 01:14:20.093 27815 27848 I native-activity: Frame 50 time is 2.287ms
04-13 01:14:20.133 27815 27848 I native-activity: Swap 50 time is 43.092ms
04-13 01:14:20.135 27815 27848 I native-activity: Animating
04-13 01:14:20.137 27815 27848 I native-activity: Frame 51 GL error is 0x0
04-13 01:14:20.137 27815 27848 I native-activity: Frame 51 time is 1.816ms
04-13 01:14:20.162 27815 27848 I native-activity: Swap 51 time is 26.604ms
04-13 01:14:20.162 27815 27848 I native-activity: Animating
04-13 01:14:20.163 27815 27848 I native-activity: Frame 52 GL error is 0x0
04-13 01:14:20.163 27815 27848 I native-activity: Frame 52 time is 1.514ms
04-13 01:14:20.205 27815 27848 I native-activity: Swap 52 time is 42.686ms
04-13 01:14:20.205 27815 27848 I native-activity: Animating
04-13 01:14:20.206 27815 27848 I native-activity: Frame 53 GL error is 0x0
04-13 01:14:20.206 27815 27848 I native-activity: Frame 53 time is 1.027ms
04-13 01:14:20.234 27815 27848 I native-activity: Swap 53 time is 28.900ms
04-13 01:14:20.234 27815 27848 I native-activity: Animating
04-13 01:14:20.236 27815 27848 I native-activity: Frame 54 GL error is 0x0
04-13 01:14:20.236 27815 27848 I native-activity: Frame 54 time is 2.030ms
04-13 01:14:20.277 27815 27848 I native-activity: Swap 54 time is 42.476ms
04-13 01:14:20.277 27815 27848 I native-activity: Animating
04-13 01:14:20.280 27815 27848 I native-activity: Frame 55 GL error is 0x0
04-13 01:14:20.280 27815 27848 I native-activity: Frame 55 time is 2.869ms
04-13 01:14:20.270    82    82 I Kernel  : [47298.944554].(0)[82:mtk charger_hv_]charging_reset_watch_dog_timer
04-13 01:14:20.270    82    82 I Kernel  : [47298.945508].(0)[82:mtk charger_hv_]array_size = 16 
04-13 01:14:20.306 27815 27848 I native-activity: Swap 55 time is 29.022ms
04-13 01:14:20.306 27815 27848 I native-activity: Animating
04-13 01:14:20.307 27815 27848 I native-activity: Frame 56 GL error is 0x0
04-13 01:14:20.307 27815 27848 I native-activity: Frame 56 time is 1.157ms
04-13 01:14:20.348 27815 27848 I native-activity: Swap 56 time is 42.047ms
04-13 01:14:20.348 27815 27848 I native-activity: Animating
04-13 01:14:20.350 27815 27848 I native-activity: Frame 57 GL error is 0x0
04-13 01:14:20.350 27815 27848 I native-activity: Frame 57 time is 1.940ms
04-13 01:14:20.378 27815 27848 I native-activity: Swap 57 time is 29.258ms
04-13 01:14:20.378 27815 27848 I native-activity: Animating
04-13 01:14:20.379 27815 27848 I native-activity: Frame 58 GL error is 0x0
04-13 01:14:20.379 27815 27848 I native-activity: Frame 58 time is 1.223ms
04-13 01:14:20.421 27815 27848 I native-activity: Swap 58 time is 42.548ms
04-13 01:14:20.421 27815 27848 I native-activity: Animating
04-13 01:14:20.423 27815 27848 I native-activity: Frame 59 GL error is 0x0
04-13 01:14:20.423 27815 27848 I native-activity: Frame 59 time is 1.696ms
04-13 01:14:20.450 27815 27848 I native-activity: Swap 59 time is 28.712ms
04-13 01:14:20.450 27815 27848 I native-activity: Animating
04-13 01:14:20.452 27815 27848 I native-activity: Frame 60 GL error is 0x0
04-13 01:14:20.452 27815 27848 I native-activity: Frame 60 time is 2.108ms
04-13 01:14:20.492 27815 27848 I native-activity: Swap 60 time is 42.379ms
04-13 01:14:20.493 27815 27848 I native-activity: Animating
04-13 01:14:20.494 27815 27848 I native-activity: Frame 61 GL error is 0x0
04-13 01:14:20.495 27815 27848 I native-activity: Frame 61 time is 1.853ms
04-13 01:14:20.522 27815 27848 I native-activity: Swap 61 time is 29.252ms
04-13 01:14:20.522 27815 27848 I native-activity: Animating
04-13 01:14:20.524 27815 27848 I native-activity: Frame 62 GL error is 0x0
04-13 01:14:20.524 27815 27848 I native-activity: Frame 62 time is 1.978ms
04-13 01:14:20.564 27815 27848 I native-activity: Swap 62 time is 42.066ms
04-13 01:14:20.565 27815 27848 I native-activity: Animating
04-13 01:14:20.566 27815 27848 I native-activity: Frame 63 GL error is 0x0
04-13 01:14:20.566 27815 27848 I native-activity: Frame 63 time is 1.629ms
04-13 01:14:20.594 27815 27848 I native-activity: Swap 63 time is 29.147ms
04-13 01:14:20.594 27815 27848 I native-activity: Animating
04-13 01:14:20.596 27815 27848 I native-activity: Frame 64 GL error is 0x0
04-13 01:14:20.596 27815 27848 I native-activity: Frame 64 time is 1.696ms
04-13 01:14:20.636 27815 27848 I native-activity: Swap 64 time is 42.374ms
04-13 01:14:20.637 27815 27848 I native-activity: Animating
04-13 01:14:20.638 27815 27848 I native-activity: Frame 65 GL error is 0x0
04-13 01:14:20.638 27815 27848 I native-activity: Frame 65 time is 1.618ms
04-13 01:14:20.666 27815 27848 I native-activity: Swap 65 time is 29.045ms
04-13 01:14:20.666 27815 27848 I native-activity: Animating
04-13 01:14:20.668 27815 27848 I native-activity: Frame 66 GL error is 0x0
04-13 01:14:20.668 27815 27848 I native-activity: Frame 66 time is 1.816ms
04-13 01:14:20.709 27815 27848 I native-activity: Swap 66 time is 42.395ms
04-13 01:14:20.709 27815 27848 I native-activity: Animating
04-13 01:14:20.710 27815 27848 I native-activity: Frame 67 GL error is 0x0
04-13 01:14:20.710 27815 27848 I native-activity: Frame 67 time is 1.638ms
04-13 01:14:20.738 27815 27848 I native-activity: Swap 67 time is 28.937ms
04-13 01:14:20.738 27815 27848 I native-activity: Animating
04-13 01:14:20.740 27815 27848 I native-activity: Frame 68 GL error is 0x0
04-13 01:14:20.740 27815 27848 I native-activity: Frame 68 time is 1.935ms
04-13 01:14:20.760     0     0 I Kernel  : [47299.438901]-(0)[0:swapper/0]dpi vsync
04-13 01:14:20.781 27815 27848 I native-activity: Swap 68 time is 42.536ms
04-13 01:14:20.781 27815 27848 I native-activity: Animating
04-13 01:14:20.783 27815 27848 I native-activity: Frame 69 GL error is 0x0
04-13 01:14:20.783 27815 27848 I native-activity: Frame 69 time is 2.002ms
04-13 01:14:20.810 27815 27848 I native-activity: Swap 69 time is 29.050ms
04-13 01:14:20.810 27815 27848 I native-activity: Animating
04-13 01:14:20.812 27815 27848 I native-activity: Frame 70 GL error is 0x0
04-13 01:14:20.813 27815 27848 I native-activity: Frame 70 time is 2.185ms
04-13 01:14:20.853 27815 27848 I native-activity: Swap 70 time is 42.477ms
04-13 01:14:20.854 27815 27848 I native-activity: Animating
04-13 01:14:20.855 27815 27848 I native-activity: Frame 71 GL error is 0x0
04-13 01:14:20.855 27815 27848 I native-activity: Frame 71 time is 1.190ms
04-13 01:14:20.882 27815 27848 I native-activity: Swap 71 time is 28.283ms
04-13 01:14:20.882 27815 27848 I native-activity: Animating
04-13 01:14:20.884 27815 27848 I native-activity: Frame 72 GL error is 0x0
04-13 01:14:20.884 27815 27848 I native-activity: Frame 72 time is 1.549ms
04-13 01:14:20.925 27815 27848 I native-activity: Swap 72 time is 42.804ms
04-13 01:14:20.925 27815 27848 I native-activity: Animating
04-13 01:14:20.927 27815 27848 I native-activity: Frame 73 GL error is 0x0
04-13 01:14:20.927 27815 27848 I native-activity: Frame 73 time is 1.338ms
04-13 01:14:20.954 27815 27848 I native-activity: Swap 73 time is 28.597ms
04-13 01:14:20.954 27815 27848 I native-activity: Animating
04-13 01:14:20.956 27815 27848 I native-activity: Frame 74 GL error is 0x0
04-13 01:14:20.956 27815 27848 I native-activity: Frame 74 time is 1.464ms
04-13 01:14:20.970 25557 25643 I AmazonCMS: CMS is no longer being used, shutting down...
04-13 01:14:20.979 25557 25643 D AmazonCMS: Reconciler closing
04-13 01:14:20.997 27815 27848 I native-activity: Swap 74 time is 42.443ms
04-13 01:14:20.997 27815 27848 I native-activity: Animating
04-13 01:14:20.999 27815 27848 I native-activity: Frame 75 GL error is 0x0
04-13 01:14:20.999 27815 27848 I native-activity: Frame 75 time is 1.970ms
04-13 01:14:21.026 27815 27848 I native-activity: Swap 75 time is 29.041ms
04-13 01:14:21.026 27815 27848 I native-activity: Animating
04-13 01:14:21.027 27815 27848 I native-activity: Frame 76 GL error is 0x0
04-13 01:14:21.028 27815 27848 I native-activity: Frame 76 time is 1.092ms
04-13 01:14:21.069 27815 27848 I native-activity: Swap 76 time is 42.299ms
04-13 01:14:21.069 27815 27848 I native-activity: Animating
04-13 01:14:21.070 27815 27848 I native-activity: Frame 77 GL error is 0x0
04-13 01:14:21.070 27815 27848 I native-activity: Frame 77 time is 1.031ms
04-13 01:14:21.098 27815 27848 I native-activity: Swap 77 time is 29.007ms
04-13 01:14:21.098 27815 27848 I native-activity: Animating
04-13 01:14:21.101 27815 27848 I native-activity: Frame 78 GL error is 0x0
04-13 01:14:21.101 27815 27848 I native-activity: Frame 78 time is 2.332ms
04-13 01:14:21.142 27815 27848 I native-activity: Swap 78 time is 43.791ms
04-13 01:14:21.142 27815 27848 I native-activity: Animating
04-13 01:14:21.143 27815 27848 I native-activity: Frame 79 GL error is 0x0
04-13 01:14:21.144 27815 27848 I native-activity: Frame 79 time is 0.988ms
04-13 01:14:21.170 27815 27848 I native-activity: Swap 79 time is 27.894ms
04-13 01:14:21.171 27815 27848 I native-activity: Animating
04-13 01:14:21.172 27815 27848 I native-activity: Frame 80 GL error is 0x0
04-13 01:14:21.172 27815 27848 I native-activity: Frame 80 time is 1.672ms
04-13 01:14:21.213 27815 27848 I native-activity: Swap 80 time is 42.001ms
04-13 01:14:21.213 27815 27848 I native-activity: Animating
04-13 01:14:21.215 27815 27848 I native-activity: Frame 81 GL error is 0x0
04-13 01:14:21.215 27815 27848 I native-activity: Frame 81 time is 1.612ms
04-13 01:14:21.242 27815 27848 I native-activity: Swap 81 time is 29.322ms
04-13 01:14:21.243 27815 27848 I native-activity: Animating
04-13 01:14:21.244 27815 27848 I native-activity: Frame 82 GL error is 0x0
04-13 01:14:21.244 27815 27848 I native-activity: Frame 82 time is 1.764ms
04-13 01:14:21.285 27815 27848 I native-activity: Swap 82 time is 42.051ms
04-13 01:14:21.285 27815 27848 I native-activity: Animating
04-13 01:14:21.286 27815 27848 I native-activity: Frame 83 GL error is 0x0
04-13 01:14:21.287 27815 27848 I native-activity: Frame 83 time is 1.880ms
04-13 01:14:21.270    82    82 I Kernel  : [47299.945614].(0)[82:mtk charger_hv_]charging_reset_watch_dog_timer
04-13 01:14:21.270    82    82 I Kernel  : [47299.947179].(2)[82:mtk charger_hv_]array_size = 16 
04-13 01:14:21.314 27815 27848 I native-activity: Swap 83 time is 28.988ms
04-13 01:14:21.314 27815 27848 I native-activity: Animating
04-13 01:14:21.317 27815 27848 I native-activity: Frame 84 GL error is 0x0
04-13 01:14:21.317 27815 27848 I native-activity: Frame 84 time is 2.439ms
04-13 01:14:21.357 27815 27848 I native-activity: Swap 84 time is 43.040ms
04-13 01:14:21.359 27815 27848 I native-activity: Animating
04-13 01:14:21.362 27815 27848 I native-activity: Frame 85 GL error is 0x0
04-13 01:14:21.362 27815 27848 I native-activity: Frame 85 time is 3.076ms
04-13 01:14:21.388 27815 27848 I native-activity: Swap 85 time is 28.604ms
04-13 01:14:21.388 27815 27848 I native-activity: Animating
04-13 01:14:21.389 27815 27848 I native-activity: Frame 86 GL error is 0x0
04-13 01:14:21.389 27815 27848 I native-activity: Frame 86 time is 1.415ms
04-13 01:14:21.429 27815 27848 I native-activity: Swap 86 time is 41.168ms
04-13 01:14:21.429 27815 27848 I native-activity: Animating
04-13 01:14:21.430 27815 27848 I native-activity: Frame 87 GL error is 0x0
04-13 01:14:21.431 27815 27848 I native-activity: Frame 87 time is 1.184ms
04-13 01:14:21.458 27815 27848 I native-activity: Swap 87 time is 28.725ms
04-13 01:14:21.458 27815 27848 I native-activity: Animating
04-13 01:14:21.460 27815 27848 I native-activity: Frame 88 GL error is 0x0
04-13 01:14:21.460 27815 27848 I native-activity: Frame 88 time is 1.268ms
04-13 01:14:21.501 27815 27848 I native-activity: Swap 88 time is 42.664ms
04-13 01:14:21.501 27815 27848 I native-activity: Animating
04-13 01:14:21.503 27815 27848 I native-activity: Frame 89 GL error is 0x0
04-13 01:14:21.503 27815 27848 I native-activity: Frame 89 time is 1.391ms
04-13 01:14:21.530 27815 27848 I native-activity: Swap 89 time is 28.856ms
04-13 01:14:21.531 27815 27848 I native-activity: Animating
04-13 01:14:21.532 27815 27848 I native-activity: Frame 90 GL error is 0x0
04-13 01:14:21.532 27815 27848 I native-activity: Frame 90 time is 1.393ms
04-13 01:14:21.573 27815 27848 I native-activity: Swap 90 time is 42.129ms
04-13 01:14:21.573 27815 27848 I native-activity: Animating
04-13 01:14:21.575 27815 27848 I native-activity: Frame 91 GL error is 0x0
04-13 01:14:21.575 27815 27848 I native-activity: Frame 91 time is 1.369ms
04-13 01:14:21.602 27815 27848 I native-activity: Swap 91 time is 28.836ms
04-13 01:14:21.602 27815 27848 I native-activity: Animating
04-13 01:14:21.604 27815 27848 I native-activity: Frame 92 GL error is 0x0
04-13 01:14:21.604 27815 27848 I native-activity: Frame 92 time is 1.603ms
04-13 01:14:21.645 27815 27848 I native-activity: Swap 92 time is 42.314ms
04-13 01:14:21.645 27815 27848 I native-activity: Animating
04-13 01:14:21.646 27815 27848 I native-activity: Frame 93 GL error is 0x0
04-13 01:14:21.646 27815 27848 I native-activity: Frame 93 time is 0.900ms
04-13 01:14:21.674 27815 27848 I native-activity: Swap 93 time is 29.100ms
04-13 01:14:21.675 27815 27848 I native-activity: Animating
04-13 01:14:21.676 27815 27848 I native-activity: Frame 94 GL error is 0x0
04-13 01:14:21.676 27815 27848 I native-activity: Frame 94 time is 1.098ms
04-13 01:14:21.717 27815 27848 I native-activity: Swap 94 time is 42.287ms
04-13 01:14:21.717 27815 27848 I native-activity: Animating
04-13 01:14:21.718 27815 27848 I native-activity: Frame 95 GL error is 0x0
04-13 01:14:21.719 27815 27848 I native-activity: Frame 95 time is 1.401ms
04-13 01:14:21.746 27815 27848 I native-activity: Swap 95 time is 29.165ms
04-13 01:14:21.747 27815 27848 I native-activity: Animating
04-13 01:14:21.748 27815 27848 I native-activity: Frame 96 GL error is 0x0
04-13 01:14:21.748 27815 27848 I native-activity: Frame 96 time is 1.101ms
04-13 01:14:21.789 27815 27848 I native-activity: Swap 96 time is 42.316ms
04-13 01:14:21.790 27815 27848 I native-activity: Animating
04-13 01:14:21.791 27815 27848 I native-activity: Frame 97 GL error is 0x0
04-13 01:14:21.791 27815 27848 I native-activity: Frame 97 time is 1.282ms
04-13 01:14:21.818 27815 27848 I native-activity: Swap 97 time is 28.603ms
04-13 01:14:21.819 27815 27848 I native-activity: Animating
04-13 01:14:21.820 27815 27848 I native-activity: Frame 98 GL error is 0x0
04-13 01:14:21.820 27815 27848 I native-activity: Frame 98 time is 1.620ms
04-13 01:14:21.861 27815 27848 I native-activity: Swap 98 time is 42.559ms
04-13 01:14:21.861 27815 27848 I native-activity: Animating
04-13 01:14:21.862 27815 27848 I native-activity: Frame 99 GL error is 0x0
04-13 01:14:21.863 27815 27848 I native-activity: Frame 99 time is 0.820ms
04-13 01:14:21.891 27815 27848 I native-activity: Swap 99 time is 29.080ms
04-13 01:14:21.891 27815 27848 I native-activity: Animating
04-13 01:14:21.893 27815 27848 I native-activity: Frame 100 GL error is 0x0
04-13 01:14:21.893 27815 27848 I native-activity: Frame 100 time is 1.768ms
04-13 01:14:21.933 27815 27848 I native-activity: Swap 100 time is 41.822ms
04-13 01:14:21.933 27815 27848 I native-activity: Animating
04-13 01:14:21.935 27815 27848 I native-activity: Frame 101 GL error is 0x0
04-13 01:14:21.935 27815 27848 I native-activity: Frame 101 time is 2.087ms
04-13 01:14:21.963 27815 27848 I native-activity: Swap 101 time is 29.228ms
04-13 01:14:21.963 27815 27848 I native-activity: Animating
04-13 01:14:21.965 27815 27848 I native-activity: Frame 102 GL error is 0x0
04-13 01:14:21.965 27815 27848 I native-activity: Frame 102 time is 1.897ms
04-13 01:14:22.006 27815 27848 I native-activity: Swap 102 time is 42.676ms
04-13 01:14:22.006 27815 27848 I native-activity: Animating
04-13 01:14:22.008 27815 27848 I native-activity: Frame 103 GL error is 0x0
04-13 01:14:22.008 27815 27848 I native-activity: Frame 103 time is 0.847ms
04-13 01:14:22.035 27815 27848 I native-activity: Swap 103 time is 27.714ms
04-13 01:14:22.035 27815 27848 I native-activity: Animating
04-13 01:14:22.037 27815 27848 I native-activity: Frame 104 GL error is 0x0
04-13 01:14:22.037 27815 27848 I native-activity: Frame 104 time is 1.476ms
04-13 01:14:22.077 27815 27848 I native-activity: Swap 104 time is 42.183ms
04-13 01:14:22.078 27815 27848 I native-activity: Animating
04-13 01:14:22.079 27815 27848 I native-activity: Frame 105 GL error is 0x0
04-13 01:14:22.079 27815 27848 I native-activity: Frame 105 time is 1.073ms
04-13 01:14:22.107 27815 27848 I native-activity: Swap 105 time is 28.973ms
04-13 01:14:22.107 27815 27848 I native-activity: Animating
04-13 01:14:22.109 27815 27848 I native-activity: Frame 106 GL error is 0x0
04-13 01:14:22.109 27815 27848 I native-activity: Frame 106 time is 1.718ms
04-13 01:14:22.150 27815 27848 I native-activity: Swap 106 time is 42.664ms
04-13 01:14:22.150 27815 27848 I native-activity: Animating
04-13 01:14:22.152 27815 27848 I native-activity: Frame 107 GL error is 0x0
04-13 01:14:22.152 27815 27848 I native-activity: Frame 107 time is 1.945ms
04-13 01:14:22.172   917  2201 I PackageRecencyUtils: Waiting for idle
04-13 01:14:22.179 27815 27848 I native-activity: Swap 107 time is 29.149ms
04-13 01:14:22.179 27815 27848 I native-activity: Animating
04-13 01:14:22.182 27815 27848 I native-activity: Frame 108 GL error is 0x0
04-13 01:14:22.182 27815 27848 I native-activity: Frame 108 time is 2.580ms
04-13 01:14:22.202   917  2201 I Vlog    : package_recency:broadcast_notification:fgtracking=false;DV;1,key=time_in_queue;DV;1,Timer=5030.0;TI;1,unit=ms;DV;1:HI
04-13 01:14:22.208   917  2115 D ActivityManager: single user service: com.amazon.kindle.cms
04-13 01:14:22.212   917  2115 D ActivityManager: app = com.amazon.kindle.cms, has single user service, setting process record.
04-13 01:14:22.219 25557 25643 D AmazonCMS: MaintenanceService.onStartCommand
04-13 01:14:22.222 27815 27848 I native-activity: Swap 108 time is 42.078ms
04-13 01:14:22.222 27815 27848 I native-activity: Animating
04-13 01:14:22.224 27815 27848 I native-activity: Frame 109 GL error is 0x0
04-13 01:14:22.224 27815 27848 I native-activity: Frame 109 time is 2.132ms
04-13 01:14:22.229 25557 25643 D AmazonCMS: CMS activity level changed, active: true
04-13 01:14:22.232 25557 25643 D AmazonCMS: Received intent: 'com.amazon.action.PACKAGE_RECENCY_NOTIFICATION'
04-13 01:14:22.235 25557 25643 D AmazonCMS: Reconciler created
04-13 01:14:22.237 25557 25643 E AmazonCMS: IO Exception while parsing xml
04-13 01:14:22.250 25557 25643 D AmazonCMS: Cards are enabled, initializing card producer
04-13 01:14:22.251 27815 27848 I native-activity: Swap 109 time is 29.006ms
04-13 01:14:22.251 27815 27848 I native-activity: Animating
04-13 01:14:22.254 27815 27848 I native-activity: Frame 110 GL error is 0x0
04-13 01:14:22.254 27815 27848 I native-activity: Frame 110 time is 2.556ms
04-13 01:14:22.267 25557 25643 D AmazonCMS: CMS activity level changed, active: false
04-13 01:14:22.273 25557 25643 D AmazonCMS: notified to profile 0 with com.amazon.kindle.cms.STARTUP, Bundle[{profile_id=0, version=2.1.0.10}]
04-13 01:14:22.274 25557 25643 D AmazonCMS: SourcesManager: registering source 'com.amazon.kindle.cms.app_manager' for user '*****' in profile '0'
04-13 01:14:22.276 25557 25643 D AmazonCMS: SourcesManager: registering source 'com.amazon.kindle.cms.collection_manager' for user '*****' in profile '0'
04-13 01:14:22.280 25557 25643 D AmazonCMS: CollectionSyncManager: user ***** is not connected for DELTA_SYNC sync. Disconnecting and reconnecting.
04-13 01:14:22.282 25557 25643 V AmazonCMS: SyncClient - Client is not connected; unable to disconnect.
04-13 01:14:22.282 25557 25643 D AmazonCMS: SyncClient - Connecting as user *****
04-13 01:14:22.283 25557 25643 V AmazonCMS: SubscriptionManager - Subscribing to dataset [*****] in namespace [*****]
04-13 01:14:22.286 25557 25643 V AmazonCMS: Subscribing to namespace: [*****]
04-13 01:14:22.270    82    82 I Kernel  : [47300.947253].(2)[82:mtk charger_hv_]charging_reset_watch_dog_timer
04-13 01:14:22.270    82    82 I Kernel  : [47300.948180].(2)[82:mtk charger_hv_]array_size = 16 
04-13 01:14:22.290 25557 25643 V AmazonCMS: Subscribing to namespace: [*****]
04-13 01:14:22.294 27815 27848 I native-activity: Swap 110 time is 42.932ms
04-13 01:14:22.294 27815 27848 I native-activity: Animating
04-13 01:14:22.296 27815 27848 I native-activity: Frame 111 GL error is 0x0
04-13 01:14:22.296 27815 27848 I native-activity: Frame 111 time is 1.344ms
04-13 01:14:22.319 25557 26040 I DCP     : Sending 0 dataset update for 'CloudCollections' namespace
04-13 01:14:22.324 27815 27848 I native-activity: Swap 111 time is 29.188ms
04-13 01:14:22.324 27815 27848 I native-activity: Animating
04-13 01:14:22.326 27815 27848 I native-activity: Frame 112 GL error is 0x0
04-13 01:14:22.326 27815 27848 I native-activity: Frame 112 time is 1.749ms
04-13 01:14:22.367 27815 27848 I native-activity: Swap 112 time is 42.797ms
04-13 01:14:22.367 27815 27848 I native-activity: Animating
04-13 01:14:22.368 27815 27848 I native-activity: Frame 113 GL error is 0x0
04-13 01:14:22.368 27815 27848 I native-activity: Frame 113 time is 1.435ms
04-13 01:14:22.360 26597 26597 I Kernel  : [47301.031824].(0)[26597:kworker/0:0H]regs_hotplug_callback cpu = 2
04-13 01:14:22.360    15    15 I Kernel  : [47301.032543]-(2)[15:migration/2][Power/hotplug] platform_cpu_disable, cpu: 2
04-13 01:14:22.360    15    15 I Kernel  : [47301.032845]-(2)[15:migration/2]regs_hotplug_callback cpu = 2
04-13 01:14:22.360     0     0 I Kernel  : [47301.032926]-(2)[0:swapper/2][Power/hotplug] platform_cpu_die, cpu: 2
04-13 01:14:22.360 26597 26597 I Kernel  : [47301.033655].(0)[26597:kworker/0:0H]CPU2: shutdown
04-13 01:14:22.360 26597 26597 I Kernel  : [47301.033683].(0)[26597:kworker/0:0H][Power/hotplug] platform_cpu_kill, cpu: 2
04-13 01:14:22.360 26597 26597 I Kernel  : [47301.034239].(0)[26597:kworker/0:0H]regs_hotplug_callback cpu = 2
04-13 01:14:22.360 26597 26597 I Kernel  : [47301.034577].(0)[26597:kworker/0:0H][WDK]cpu 2 plug off, kick wdt
04-13 01:14:22.360 26597 26597 I Kernel  : [47301.034679].(0)[26597:kworker/0:0H]regs_hotplug_callback cpu = 2
04-13 01:14:22.392 25557 26096 I DCP     : Sending 0 dataset update for 'CloudCollections' namespace
04-13 01:14:22.397 27815 27848 I native-activity: Swap 113 time is 29.828ms
04-13 01:14:22.397 27815 27848 I native-activity: Animating
04-13 01:14:22.398 27815 27848 I native-activity: Frame 114 GL error is 0x0
04-13 01:14:22.398 27815 27848 I native-activity: Frame 114 time is 1.319ms
04-13 01:14:22.441 27815 27848 I native-activity: Swap 114 time is 43.531ms
04-13 01:14:22.441 27815 27848 I native-activity: Animating
04-13 01:14:22.442 27815 27848 I native-activity: Frame 115 GL error is 0x0
04-13 01:14:22.443 27815 27848 I native-activity: Frame 115 time is 1.738ms
04-13 01:14:22.462 25557 26127 I DCP     : [JsonCallExecutor][CallExecutor][040706d8-4e63-40bd-a9c4-59492ec241ee][Auth]GET https://api.amazon.com/whispersync/v2/data/amzn1.account.XXXX/datasets/5c2c14d1-40b0-4a6f-9333-1f84f1367d03/records?after=1  (attempt 1)
04-13 01:14:22.463   917  2245 D WifiService: acquireWifiLockLocked: WifiLock{com.amazon.dcp.framework.iuc.ConnectionEstablisherWithConnectivityEnforcement type=1 binder=android.os.BinderProxy@3cf7b748}
04-13 01:14:22.466 25557 27871 I com.amazon.dcp.framework.ConnectivityEnforcer: Network with type -1 is already connected
04-13 01:14:22.471 27815 27848 I native-activity: Swap 115 time is 29.787ms
04-13 01:14:22.471 27815 27848 I native-activity: Animating
04-13 01:14:22.473 27815 27848 I native-activity: Frame 116 GL error is 0x0
04-13 01:14:22.473 27815 27848 I native-activity: Frame 116 time is 2.550ms
04-13 01:14:22.493   917  1051 D ActivityManager: single user service: com.amazon.imp
04-13 01:14:22.494   917  1051 D ActivityManager: app = com.amazon.imp, has single user service, setting process record.
04-13 01:14:22.513 27815 27848 I native-activity: Swap 116 time is 42.425ms
04-13 01:14:22.513 27815 27848 I native-activity: Animating
04-13 01:14:22.515 27815 27848 I native-activity: Frame 117 GL error is 0x0
04-13 01:14:22.515 27815 27848 I native-activity: Frame 117 time is 1.834ms
04-13 01:14:22.543 27815 27848 I native-activity: Swap 117 time is 29.103ms
04-13 01:14:22.543 27815 27848 I native-activity: Animating
04-13 01:14:22.544 27815 27848 I native-activity: Frame 118 GL error is 0x0
04-13 01:14:22.545 27815 27848 I native-activity: Frame 118 time is 1.718ms
04-13 01:14:22.550  2137  2137 I Kernel  : [47301.224133][wlan] statsInfoEnvRequest: (INIT INFO)
04-13 01:14:22.550  2137  2137 I Kernel  : statsInfoEnvRequest cmd ok.
04-13 01:14:22.570 26597 26597 I Kernel  : [47301.241768].(0)[26597:kworker/0:0H]regs_hotplug_callback cpu = 2
04-13 01:14:22.570 26597 26597 I Kernel  : [47301.241864].(0)[26597:kworker/0:0H]Boot slave CPU
04-13 01:14:22.570 26597 26597 I Kernel  : [47301.241879].(0)[26597:kworker/0:0H][Power/hotplug] boot_secondary, cpu: 2
04-13 01:14:22.570 26597 26597 I Kernel  : [47301.241894].(0)[26597:kworker/0:0H][Power/hotplug] SLAVE2_MAGIC_NUM:4c415332
04-13 01:14:22.570 26597 26597 I Kernel  : [47301.241906].(0)[26597:kworker/0:0H]mt_wakeup_cpu: not first boot!(2)
04-13 01:14:22.570     0     0 I Kernel  : [47301.242171]-(2)[0:swapper/2]CPU2: Booted secondary processor
04-13 01:14:22.570     0     0 I Kernel  : [47301.242195]-(2)[0:swapper/2][Power/hotplug] platform_secondary_init, cpu: 2
04-13 01:14:22.570     0     0 I Kernel  : [47301.242358]-(2)[0:swapper/2]WD wd_cpu_hot_plug_on_notify kick ext wd
04-13 01:14:22.570     0     0 I Kernel  : [47301.242395]-(2)[0:swapper/2]regs_hotplug_callback cpu = 2
04-13 01:14:22.570 26597 26597 I Kernel  : [47301.242819].(0)[26597:kworker/0:0H]regs_hotplug_callback cpu = 2
04-13 01:14:22.570 26597 26597 I Kernel  : [47301.242931].(0)[26597:kworker/0:0H][wdk]bind kicker thread[87] to cpu[2]
04-13 01:14:22.570 26597 26597 I Kernel  : [47301.243093].(0)[26597:kworker/0:0H][WDK]cpu 2 plug on kick wdt
04-13 01:14:22.570 26597 26597 I Kernel  : [47301.243160].(0)[26597:kworker/0:0H]regs_hotplug_callback cpu = 3
04-13 01:14:22.570 26597 26597 I Kernel  : [47301.243226].(0)[26597:kworker/0:0H]Boot slave CPU
04-13 01:14:22.570 26597 26597 I Kernel  : [47301.243240].(0)[26597:kworker/0:0H][Power/hotplug] boot_secondary, cpu: 3
04-13 01:14:22.570 26597 26597 I Kernel  : [47301.243253].(0)[26597:kworker/0:0H][Power/hotplug] SLAVE3_MAGIC_NUM:41534c33
04-13 01:14:22.570 26597 26597 I Kernel  : [47301.243265].(0)[26597:kworker/0:0H]mt_wakeup_cpu: not first boot!(3)
04-13 01:14:22.570     0     0 I Kernel  : [47301.243550]-(3)[0:swapper/3]CPU3: Booted secondary processor
04-13 01:14:22.570     0     0 I Kernel  : [47301.243577]-(3)[0:swapper/3][Power/hotplug] platform_secondary_init, cpu: 3
04-13 01:14:22.570     0     0 I Kernel  : [47301.243731]-(3)[0:swapper/3]WD wd_cpu_hot_plug_on_notify kick ext wd
04-13 01:14:22.570     0     0 I Kernel  : [47301.243769]-(3)[0:swapper/3]regs_hotplug_callback cpu = 3
04-13 01:14:22.570 26597 26597 I Kernel  : [47301.244162].(0)[26597:kworker/0:0H]regs_hotplug_callback cpu = 3
04-13 01:14:22.570 26597 26597 I Kernel  : [47301.244280].(0)[26597:kworker/0:0H][wdk]bind kicker thread[88] to cpu[3]
04-13 01:14:22.570 26597 26597 I Kernel  : [47301.244437].(0)[26597:kworker/0:0H][WDK]cpu 3 plug on kick wdt
04-13 01:14:22.570  2137  2137 I Kernel  : [47301.245524][wlan] nicTxReleaseResource: (TX STATE)
04-13 01:14:22.570  2137  2137 I Kernel  : Release: TC4 count 1, Free=4; TC5 count 0, Free=4
04-13 01:14:22.570  2137  2137 I Kernel  : [47301.245639][wlan] statsInfoEnvDisplay: (INIT INFO)
04-13 01:14:22.570  2137  2137 I Kernel  : <stats> Display stats for [b0:48:7a:cb:7c:ec]: 668B 12266ms
04-13 01:14:22.570  2137  2137 I Kernel  : [47301.245670][wlan] statsInfoEnvDisplay: (INIT INFO)
04-13 01:14:22.570  2137  2137 I Kernel  : <stats> TPAM(0x3) RTS(0 0) BA(0x41 0) OS(363211) OK(23 24) ERR(0 0 0 0 0 0 0)
04-13 01:14:22.570  2137  2137 I Kernel  : [47301.245699][wlan] statsInfoEnvDisplay: (INIT INFO)
04-13 01:14:22.570  2137  2137 I Kernel  : <stats> TRATE (3 0 0 0 0 0 0 0 0 0 0 0 0 0 0 0) (3 0 3 15 0 0 0 0)
04-13 01:14:22.570  2137  2137 I Kernel  : [47301.245729][wlan] statsInfoEnvDisplay: (INIT INFO)
04-13 01:14:22.570  2137  2137 I Kernel  : <stats> TREORDER (0 1 0)
04-13 01:14:22.570  2137  2137 I Kernel  : [47301.245745][wlan] statsInfoEnvDisplay: (INIT INFO)
04-13 01:14:22.570  2137  2137 I Kernel  : <stats> RX(75 4 0) BA(0x41 0) OK(75 74) ERR(0)
04-13 01:14:22.570  2137  2137 I Kernel  : [47301.245767][wlan] statsInfoEnvDisplay: (INIT INFO)
04-13 01:14:22.570  2137  2137 I Kernel  : <stats> RCCK (0 0 0 51 0 0 0 0 0 0 0 0 0 0 0 0)
04-13 01:14:22.570  2137  2137 I Kernel  : [47301.245793][wlan] statsInfoEnvDisplay: (INIT INFO)
04-13 01:14:22.570  2137  2137 I Kernel  : <stats> ROFDM (0 0 0 0 0 0 0 0 0 0 0 0 0 0 0 0)
04-13 01:14:22.570  2137  2137 I Kernel  : [47301.245824][wlan] statsInfoEnvDisplay: (INIT INFO)
04-13 01:14:22.570  2137  2137 I Kernel  : <stats> RHT (0 0 0 2 0 13 9 0 0 0 0 0 0 0 0 0)
04-13 01:14:22.570  2137  2137 I Kernel  : [47301.245855][wlan] statsInfoEnvDisplay: (INIT INFO)
04-13 01:14:22.570  2137  2137 I Kernel  : <stats> StayIntH2M us (18 24 32) (18 20 26) (20 22 32)
04-13 01:14:22.570  2137  2137 I Kernel  : [47301.245877][wlan] statsInfoEnvDisplay: (INIT INFO)
04-13 01:14:22.570  2137  2137 I Kernel  : <stats> AirTime us (160 832 4800) (992 5824 18592) (992 10240 18400)
04-13 01:14:22.570  2137  2137 I Kernel  : [47301.245899][wlan] statsInfoEnvDisplay: (INIT INFO)
04-13 01:14:22.570  2137  2137 I Kernel  : <stats> StayInt us (233 924 4886_127226) (1501 15246 19776_2911) (0 10636 18860_2910)
04-13 01:14:22.570  2137  2137 I Kernel  : [47301.245924][wlan] statsInfoEnvDisplay: (INIT INFO)
04-13 01:14:22.570  2137  2137 I Kernel  : <stats> StayIntD2T us (301 1047 19493) (1537 17598 22508) (1581 13010 19973)
04-13 01:14:22.570  2137  2137 I Kernel  : [47301.245947][wlan] statsInfoEnvDisplay: (INIT INFO)
04-13 01:14:22.570  2137  2137 I Kernel  : <stats> StayIntR_M2H us (29 35 42) (30 30 30) (0 0 0)
04-13 01:14:22.570  2137  2137 I Kernel  : [47301.245979][wlan] statsInfoEnvDisplay: (INIT INFO)
04-13 01:14:22.570  2137  2137 I Kernel  : <stats> StayIntR_H2D us (0 0 0) (0 0 0) (0 0 0)
04-13 01:14:22.570  2137  2137 I Kernel  : [47301.246005][wlan] statsInfoEnvDisplay: (INIT INFO)
04-13 01:14:22.570  2137  2137 I Kernel  : <stats> StayCntD2H unit:10ms (21 3 0 0)
04-13 01:14:22.570  2137  2137 I Kernel  : [47301.246026][wlan] statsInfoEnvDisplay: (INIT INFO)
04-13 01:14:22.570  2137  2137 I Kernel  : <stats> StayCnt unit:1ms (12 6 0 6)
04-13 01:14:22.570  2137  2137 I Kernel  : [47301.246047][wlan] statsInfoEnvDisplay: (INIT INFO)
04-13 01:14:22.570  2137  2137 I Kernel  : <stats> StayCnt (0~6367:21) (6367~12734:0) (12734~19101:2) (19101~25469:1) (25469~:0)
04-13 01:14:22.570  2137  2137 I Kernel  : [47301.246075][wlan] statsInfoEnvDisplay: (INIT INFO)
04-13 01:14:22.570  2137  2137 I Kernel  : <stats> OTHER (0) (40) (16061) (0) (0) (0ms) (20298us)
04-13 01:14:22.588 27815 27848 I native-activity: Swap 118 time is 44.866ms
04-13 01:14:22.588 27815 27848 I native-activity: Animating
04-13 01:14:22.588  1787  1787 I AmazonLocationController: onWifiSignalChanged : connected : true
04-13 01:14:22.591 25557 25643 V AmazonCMS: CardBroadcastReceiver - received intent com.amazon.kindle.cms.CONTENT_UPDATE
04-13 01:14:22.596 25557 25643 D AmazonCMS: notified to profile 0 with com.amazon.kindle.cms.CONTENT_UPDATE, Bundle[{item_type=kindle.content.apps, profile_id=0, status=0, urgent_flag=1, version=2.1.0.10, last_access_date=1492071256648, location=0, item_id=1352}]
04-13 01:14:22.598   917  2245 D ActivityManager: single user service: com.amazon.kindle.cms
04-13 01:14:22.600 27815 27848 I native-activity: Frame 119 GL error is 0x0
04-13 01:14:22.600 27815 27848 I native-activity: Frame 119 time is 12.498ms
04-13 01:14:22.602   917  2245 D ActivityManager: app = com.amazon.kindle.cms, has single user service, setting process record.
04-13 01:14:22.620 27815 27848 I native-activity: Swap 119 time is 31.617ms
04-13 01:14:22.620 27815 27848 I native-activity: Animating
04-13 01:14:22.624 27815 27848 I native-activity: Frame 120 GL error is 0x0
04-13 01:14:22.624 27815 27848 I native-activity: Frame 120 time is 3.959ms
04-13 01:14:22.641 25557 25643 I AmazonCMS: CMSService waking up, a client has bound
04-13 01:14:22.642 25557 25643 D AmazonCMS: CMS activity level changed, active: true
04-13 01:14:22.660 27815 27848 I native-activity: Swap 120 time is 40.283ms
04-13 01:14:22.660 27815 27848 I native-activity: Animating
04-13 01:14:22.663 27815 27848 I native-activity: Frame 121 GL error is 0x0
04-13 01:14:22.664 27815 27848 I native-activity: Frame 121 time is 3.112ms
04-13 01:14:22.673 25557 25643 D AmazonCMS: Read 2 card ids from the cache for producer com.amazon.kindle.cms.card.producer.NEWSSTAND in profile 0
04-13 01:14:22.681 25557 25643 D AmazonCMS: CMSService is no longer being used, deactivating...
04-13 01:14:22.682 25557 25643 D AmazonCMS: CMS activity level changed, active: false
04-13 01:14:22.682   917  1764 D ActivityManager: single user service: com.amazon.kindle.cms
04-13 01:14:22.685   917  1764 D ActivityManager: app = com.amazon.kindle.cms, has single user service, setting process record.
04-13 01:14:22.688 27815 27848 I native-activity: Swap 121 time is 27.869ms
04-13 01:14:22.689 27815 27848 I native-activity: Animating
04-13 01:14:22.691 27815 27848 I native-activity: Frame 122 GL error is 0x0
04-13 01:14:22.691 27815 27848 I native-activity: Frame 122 time is 2.714ms
04-13 01:14:22.711 25557 25643 I AmazonCMS: CMSService waking up, a client has bound
04-13 01:14:22.716 25557 25643 D AmazonCMS: CMS activity level changed, active: true
04-13 01:14:22.733 27815 27848 I native-activity: Swap 122 time is 44.650ms
04-13 01:14:22.733 27815 27848 I native-activity: Animating
04-13 01:14:22.735 27815 27848 I native-activity: Frame 123 GL error is 0x0
04-13 01:14:22.735 27815 27848 I native-activity: Frame 123 time is 1.282ms
04-13 01:14:22.750 25557 25643 D AmazonCMS: CMSService is no longer being used, deactivating...
04-13 01:14:22.755 25557 25643 D AmazonCMS: CMS activity level changed, active: false
04-13 01:14:22.763 27815 27848 I native-activity: Swap 123 time is 29.890ms
04-13 01:14:22.764 27815 27848 I native-activity: Animating
04-13 01:14:22.766 27815 27848 I native-activity: Frame 124 GL error is 0x0
04-13 01:14:22.766 27815 27848 I native-activity: Frame 124 time is 2.538ms
04-13 01:14:22.806 27815 27848 I native-activity: Swap 124 time is 42.272ms
04-13 01:14:22.806 27815 27848 I native-activity: Animating
04-13 01:14:22.807 27815 27848 I native-activity: Frame 125 GL error is 0x0
04-13 01:14:22.807 27815 27848 I native-activity: Frame 125 time is 1.286ms
04-13 01:14:22.790   230 24869 I Kernel  : [47301.471066]-(0)[24869:adbd]dpi vsync
04-13 01:14:22.814 25557 26127 I DCP     : [JsonCallExecutor][CallExecutor][040706d8-4e63-40bd-a9c4-59492ec241ee][Auth]Received response code 200 OK. Total time = 351 ms. Handshake = 69 ms. Upload = 0 ms (0 bytes). Latency = 281 ms. Download = 0 ms (569 bytes).
04-13 01:14:22.815 25557 25643 W AmazonCMS: Delivery card detected for item ***** but no delivery date set
04-13 01:14:22.816 25557 25643 D AmazonCMS: Creating delivery card with id: *****
04-13 01:14:22.818   917  1766 D WifiService: releaseWifiLockLocked: WifiLock{com.amazon.dcp.framework.iuc.ConnectionEstablisherWithConnectivityEnforcement type=1 binder=android.os.BinderProxy@3cf7b748}
04-13 01:14:22.828 25557 27875 I F_C.ProducerClientCompa: Producer com.amazon.kindle.cms.card.producer.NEWSSTAND at API version BrazilVersion(1.4).
04-13 01:14:22.828 25557 25643 D AmazonCMS: CardClient: Pushing 2 cards ***** by producer com.amazon.kindle.cms.card.producer.NEWSSTAND
04-13 01:14:22.835 25557 27875 I F_C.ProducerClientCompa: Connected to ServerInfo(CDA Version: BrazilVersion(1.3.108.0), Min. Producer: BrazilVersion(1.0), Delete All: true)
04-13 01:14:22.836 27815 27848 I native-activity: Swap 125 time is 29.302ms
04-13 01:14:22.836 27815 27848 I native-activity: Animating
04-13 01:14:22.838 27815 27848 I native-activity: Frame 126 GL error is 0x0
04-13 01:14:22.838 27815 27848 I native-activity: Frame 126 time is 2.174ms
04-13 01:14:22.852 25616 26786 I F_C.CardAgentSynchroniz: Throttling producer refresh
04-13 01:14:22.852 25616 26786 W F_C.CardProvider: Producer refresh failed
04-13 01:14:22.865   917   933 W AccountManagerService: insertAccountIntoDatabase: Account {name=default_account, type=amazon.account}, skipping since the account already exists
04-13 01:14:22.870   917   932 W AccountManagerService: insertAccountIntoDatabase: Account {name=default_account, type=amazon.account}, skipping since the account already exists
04-13 01:14:22.880 27815 27848 I native-activity: Swap 126 time is 44.148ms
04-13 01:14:22.880 27815 27848 I native-activity: Animating
04-13 01:14:22.882 27815 27848 I native-activity: Frame 127 GL error is 0x0
04-13 01:14:22.882 27815 27848 I native-activity: Frame 127 time is 1.354ms
04-13 01:14:22.885 25557 25643 D AmazonCMS: Read 12 card ids from the cache for producer com.amazon.kindle.cms.card.producer.APPS in profile 0
04-13 01:14:22.880  2137  2137 I Kernel  : [47301.559443][wlan] nicTxReleaseResource: (TX STATE)
04-13 01:14:22.880  2137  2137 I Kernel  : Release: TC4 count 1, Free=4; TC5 count 0, Free=4
04-13 01:14:22.880  2159  2159 I Kernel  : [47301.559765].(3)[2159:wpa_supplicant]poorlink get state G(363214)F(49)dbad(0)dretry(0)LT(540)RT(-75)W(0)(12858)
04-13 01:14:22.880  2137  2137 I Kernel  : [47301.559805][wlan] nicTxReleaseResource: (TX STATE)
04-13 01:14:22.880  2137  2137 I Kernel  : Release: TC4 count 1, Free=4; TC5 count 0, Free=4
04-13 01:14:22.901   917  1764 W AccountManagerService: insertAccountIntoDatabase: Account {name=default_account, type=amazon.account}, skipping since the account already exists
04-13 01:14:22.910 27815 27848 I native-activity: Swap 127 time is 30.147ms
04-13 01:14:22.911 27815 27848 I native-activity: Animating
04-13 01:14:22.912 27815 27848 I native-activity: Frame 128 GL error is 0x0
04-13 01:14:22.912 27815 27848 I native-activity: Frame 128 time is 1.586ms
04-13 01:14:22.915 25557 25643 D AmazonCMS: Creating recent card with id: *****
04-13 01:14:22.923   917  1766 W AccountManagerService: insertAccountIntoDatabase: Account {name=default_account, type=amazon.account}, skipping since the account already exists
04-13 01:14:22.935 25557 25643 D AmazonCMS: Creating recent card with id: *****
04-13 01:14:22.949 25557 25643 D AmazonCMS: Creating recent card with id: *****
04-13 01:14:22.930    81    81 I Kernel  : [47301.611479].(0)[81:bat_thread_kthr][BAT_thread]Cable in, CHR_Type_num=2
04-13 01:14:22.953 27815 27848 I native-activity: Swap 128 time is 42.230ms
04-13 01:14:22.953 27815 27848 I native-activity: Animating
04-13 01:14:22.955 27815 27848 I native-activity: Frame 129 GL error is 0x0
04-13 01:14:22.955 27815 27848 I native-activity: Frame 129 time is 2.159ms
04-13 01:14:22.966 25557 25643 D AmazonCMS: Creating recent card with id: *****
04-13 01:14:22.950    81    81 I Kernel  : [47301.627688].(0)[81:bat_thread_kthr]AvgVbat=(4201),bat_vol=(4190),AvgI=(0),I=(0),VChr=(4617),AvgT=(24),T=(24),pre_SOC=(100),SOC=(100),ZCV=(4045)
04-13 01:14:22.950    81    81 I Kernel  : [47301.627757].(0)[81:bat_thread_kthr][BATTERY] support JEITA, temperature=24
04-13 01:14:22.950    81    81 I Kernel  : [47301.627771][BATTERY] Battery Normal Temperature between 10 and 45 !!
04-13 01:14:22.950    81    81 I Kernel  : [47301.627787].(0)[81:bat_thread_kthr]array_size = 51 
04-13 01:14:22.950    81    81 I Kernel  : [47301.628718].(0)[81:bat_thread_kthr]charging_reset_watch_dog_timer
04-13 01:14:22.950    81    81 I Kernel  : [47301.629669][BATTERY] Battery full !!
04-13 01:14:22.950    81    81 I Kernel  : [47301.630296].(0)[81:bat_thread_kthr]charging_dump_register
04-13 01:14:22.950    81    81 I Kernel  : [47301.630830].(0)[81:bat_thread_kthr][bq24296_dump_register] Reg[0x0]=0x45
04-13 01:14:22.950    81    81 I Kernel  : [47301.631366].(0)[81:bat_thread_kthr][bq24296_dump_register] Reg[0x1]=0x1B
04-13 01:14:22.960    81    81 I Kernel  : [47301.631913].(0)[81:bat_thread_kthr][bq24296_dump_register] Reg[0x2]=0x3C
04-13 01:14:22.975 25557 25643 D AmazonCMS: Creating recent card with id: *****
04-13 01:14:22.977   143   315 I hwcomposer: [DPY] UEventThread::threadLoop recv change@/devices/platform/battery/power_supply/battery
04-13 01:14:22.960    81    81 I Kernel  : [47301.633582].(0)[81:bat_thread_kthr][bq24296_dump_register] Reg[0x3]=0x30
04-13 01:14:22.960    81    81 I Kernel  : [47301.634119].(0)[81:bat_thread_kthr][bq24296_dump_register] Reg[0x4]=0xB2
04-13 01:14:22.960    81    81 I Kernel  : [47301.634639].(0)[81:bat_thread_kthr][bq24296_dump_register] Reg[0x5]=0x94
04-13 01:14:22.960    81    81 I Kernel  : [47301.635161].(0)[81:bat_thread_kthr][bq24296_dump_register] Reg[0x6]=0x73
04-13 01:14:22.960    81    81 I Kernel  : [47301.635689].(0)[81:bat_thread_kthr][bq24296_dump_register] Reg[0x7]=0x48
04-13 01:14:22.960    81    81 I Kernel  : [47301.636211].(0)[81:bat_thread_kthr][bq24296_dump_register] Reg[0x8]=0x74
04-13 01:14:22.960    81    81 I Kernel  : [47301.636735].(0)[81:bat_thread_kthr][bq24296_dump_register] Reg[0x9]=0x0
04-13 01:14:22.960    81    81 I Kernel  : [47301.637280].(0)[81:bat_thread_kthr][bq24296_dump_register] Reg[0xA]=0x20
04-13 01:14:22.960    81    81 I Kernel  : [47301.638359].(0)[81:bat_thread_kthr][100percent], UI_SOC(100), reset(0)
04-13 01:14:22.960    81    81 I Kernel  : [47301.638390].(0)[81:bat_thread_kthr]UI_SOC=(100), resetBatteryMeter=(0)
04-13 01:14:22.960    81    81 I Kernel  : [47301.638620].(0)[81:bat_thread_kthr][mt_kpoc_power_off_check] , chr_vol=4617, boot_mode=0
04-13 01:14:22.960   139   139 I Kernel  : [47301.640233].(1)[139:healthd]healthd: battery l=100 v=4201 t=24.0 h=2 st=5 chg=u
04-13 01:14:22.984 27815 27848 I native-activity: Swap 129 time is 30.901ms
04-13 01:14:22.984 27815 27848 I native-activity: Animating
04-13 01:14:22.985 27815 27848 I native-activity: Frame 130 GL error is 0x0
04-13 01:14:22.985 27815 27848 I native-activity: Frame 130 time is 1.017ms
04-13 01:14:22.994 25557 25643 D AmazonCMS: Creating recent card with id: *****
04-13 01:14:23.014 25557 25643 D AmazonCMS: Creating recent card with id: *****
04-13 01:14:23.026 27815 27848 I native-activity: Swap 130 time is 41.565ms
04-13 01:14:23.026 27815 27848 I native-activity: Animating
04-13 01:14:23.028 27815 27848 I native-activity: Frame 131 GL error is 0x0
04-13 01:14:23.028 27815 27848 I native-activity: Frame 131 time is 1.980ms
04-13 01:14:23.029 25557 25643 D AmazonCMS: Creating recent card with id: *****
04-13 01:14:23.040 25557 25643 D AmazonCMS: Creating recent card with id: *****
04-13 01:14:23.052 25557 25643 D AmazonCMS: Creating recent card with id: *****
04-13 01:14:23.056 27815 27848 I native-activity: Swap 131 time is 29.360ms
04-13 01:14:23.056 27815 27848 I native-activity: Animating
04-13 01:14:23.058 27815 27848 I native-activity: Frame 132 GL error is 0x0
04-13 01:14:23.058 27815 27848 I native-activity: Frame 132 time is 1.924ms
04-13 01:14:23.072 25557 25643 D AmazonCMS: Creating recent card with id: *****
04-13 01:14:23.084 25557 25643 D AmazonCMS: Performing collection sync type DELTA_SYNC for user *****
04-13 01:14:23.085 25557 25643 V AmazonCMS: SyncClient - [SYNC] Syncing Namespace: [*****]
04-13 01:14:23.099 27815 27848 I native-activity: Swap 132 time is 43.040ms
04-13 01:14:23.099 27815 27848 I native-activity: Animating
04-13 01:14:23.101 27815 27848 I native-activity: Frame 133 GL error is 0x0
04-13 01:14:23.101 27815 27848 I native-activity: Frame 133 time is 1.229ms
04-13 01:14:23.123 25557 26343 I DCP     : [JsonCallExecutor][CallExecutor][95b21710-0ac0-46f2-8bc8-0f028cbd4982][Auth]GET https://api.amazon.com/whispersync/v2/data/amzn1.account.XXXX/datasets?after=108  (attempt 1)
04-13 01:14:23.124   917  1763 D WifiService: acquireWifiLockLocked: WifiLock{com.amazon.dcp.framework.iuc.ConnectionEstablisherWithConnectivityEnforcement type=1 binder=android.os.BinderProxy@149e47db}
04-13 01:14:23.127 25557 27880 I com.amazon.dcp.framework.ConnectivityEnforcer: Network with type -1 is already connected
04-13 01:14:23.129 27815 27848 I native-activity: Swap 133 time is 29.722ms
04-13 01:14:23.130 27815 27848 I native-activity: Animating
04-13 01:14:23.131 27815 27848 I native-activity: Frame 134 GL error is 0x0
04-13 01:14:23.131 27815 27848 I native-activity: Frame 134 time is 1.571ms
04-13 01:14:23.155   917   932 D ActivityManager: single user service: com.amazon.imp
04-13 01:14:23.156   917   932 D ActivityManager: app = com.amazon.imp, has single user service, setting process record.
04-13 01:14:23.167 25557 27875 I F_C.ProducerClientCompa: Producer com.amazon.kindle.cms.card.producer.APPS at API version BrazilVersion(1.4).
04-13 01:14:23.167 25557 25643 D AmazonCMS: CardClient: Pushing 12 cards ***** by producer com.amazon.kindle.cms.card.producer.APPS
04-13 01:14:23.172 27815 27848 I native-activity: Swap 134 time is 42.622ms
04-13 01:14:23.172 27815 27848 I native-activity: Animating
04-13 01:14:23.174 27815 27848 I native-activity: Frame 135 GL error is 0x0
04-13 01:14:23.174 27815 27848 I native-activity: Frame 135 time is 1.109ms
04-13 01:14:23.174 25557 27875 I F_C.ProducerClientCompa: Connected to ServerInfo(CDA Version: BrazilVersion(1.3.108.0), Min. Producer: BrazilVersion(1.0), Delete All: true)
04-13 01:14:23.189 25616 25633 I F_C.CardAgentSynchroniz: Throttling producer refresh
04-13 01:14:23.190 25616 25633 W F_C.CardProvider: Producer refresh failed
04-13 01:14:23.203 27815 27848 I native-activity: Swap 135 time is 30.464ms
04-13 01:14:23.203 27815 27848 I native-activity: Animating
04-13 01:14:23.204 27815 27848 I native-activity: Frame 136 GL error is 0x0
04-13 01:14:23.204 27815 27848 I native-activity: Frame 136 time is 0.975ms
04-13 01:14:23.224   917  1766 W AccountManagerService: insertAccountIntoDatabase: Account {name=default_account, type=amazon.account}, skipping since the account already exists
