04-13 01:13:13.000    81    81 I Kernel  : [47231.676718].(1)[81:bat_thread_kthr][bq24296_dump_register] Reg[0x9]=0x0
04-13 01:13:13.000    81    81 I Kernel  : [47231.677316].(0)[81:bat_thread_kthr][bq24296_dump_register] Reg[0xA]=0x20
04-13 01:13:13.000    81    81 I Kernel  : [47231.678384].(0)[81:bat_thread_kthr][100percent], UI_SOC(100), reset(0)
04-13 01:13:13.000    81    81 I Kernel  : [47231.678421].(0)[81:bat_thread_kthr]UI_SOC=(100), resetBatteryMeter=(0)
04-13 01:13:13.020   143   315 I hwcomposer: [DPY] UEventThread::threadLoop recv change@/devices/platform/battery/power_supply/battery
04-13 01:13:13.000    81    81 I Kernel  : [47231.679069].(0)[81:bat_thread_kthr][mt_kpoc_power_off_check] , chr_vol=4759, boot_mode=0
04-13 01:13:13.010   139   139 I Kernel  : [47231.682805].(0)[139:healthd]healthd: battery l=100 v=4204 t=24.0 h=2 st=5 chg=u
04-13 01:13:13.024 27385 27403 I native-activity: Frame 139 GL error is 0x0
04-13 01:13:13.024 27385 27403 I native-activity: Frame 139 time is 9.665ms
04-13 01:13:13.029 27385 27403 I native-activity: Swap 139 time is 14.966ms
04-13 01:13:13.030 27385 27403 I native-activity: Animating
04-13 01:13:13.040 27385 27403 I native-activity: Frame 140 GL error is 0x0
04-13 01:13:13.040 27385 27403 I native-activity: Frame 140 time is 10.388ms
04-13 01:13:13.046 27385 27403 I native-activity: Swap 140 time is 15.794ms
04-13 01:13:13.046 27385 27403 I native-activity: Animating
04-13 01:13:13.057 27385 27403 I native-activity: Frame 141 GL error is 0x0
04-13 01:13:13.057 27385 27403 I native-activity: Frame 141 time is 10.965ms
04-13 01:13:13.063 27385 27403 I native-activity: Swap 141 time is 16.487ms
04-13 01:13:13.063 27385 27403 I native-activity: Animating
04-13 01:13:13.074 27385 27403 I native-activity: Frame 142 GL error is 0x0
04-13 01:13:13.074 27385 27403 I native-activity: Frame 142 time is 10.967ms
04-13 01:13:13.079 27385 27403 I native-activity: Swap 142 time is 16.057ms
04-13 01:13:13.079 27385 27403 I native-activity: Animating
04-13 01:13:13.091 27385 27403 I native-activity: Frame 143 GL error is 0x0
04-13 01:13:13.091 27385 27403 I native-activity: Frame 143 time is 11.445ms
04-13 01:13:13.095 27385 27403 I native-activity: Swap 143 time is 15.387ms
04-13 01:13:13.095 27385 27403 I native-activity: Animating
04-13 01:13:13.107 27385 27403 I native-activity: Frame 144 GL error is 0x0
04-13 01:13:13.107 27385 27403 I native-activity: Frame 144 time is 12.262ms
04-13 01:13:13.112 27385 27403 I native-activity: Swap 144 time is 16.990ms
04-13 01:13:13.112 27385 27403 I native-activity: Animating
04-13 01:13:13.124 27385 27403 I native-activity: Frame 145 GL error is 0x0
04-13 01:13:13.124 27385 27403 I native-activity: Frame 145 time is 11.721ms
04-13 01:13:13.128 27385 27403 I native-activity: Swap 145 time is 15.611ms
04-13 01:13:13.128 27385 27403 I native-activity: Animating
04-13 01:13:13.141 27385 27403 I native-activity: Frame 146 GL error is 0x0
04-13 01:13:13.141 27385 27403 I native-activity: Frame 146 time is 12.845ms
04-13 01:13:13.146 27385 27403 I native-activity: Swap 146 time is 17.968ms
04-13 01:13:13.146 27385 27403 I native-activity: Animating
04-13 01:13:13.158 27385 27403 I native-activity: Frame 147 GL error is 0x0
04-13 01:13:13.158 27385 27403 I native-activity: Frame 147 time is 11.454ms
04-13 01:13:13.163 27385 27403 I native-activity: Swap 147 time is 16.281ms
04-13 01:13:13.163 27385 27403 I native-activity: Animating
04-13 01:13:13.175 27385 27403 I native-activity: Frame 148 GL error is 0x0
04-13 01:13:13.175 27385 27403 I native-activity: Frame 148 time is 11.598ms
04-13 01:13:13.180 27385 27403 I native-activity: Swap 148 time is 17.327ms
04-13 01:13:13.181 27385 27403 I native-activity: Animating
04-13 01:13:13.170    82    82 I Kernel  : [47231.846970].(0)[82:mtk charger_hv_]charging_reset_watch_dog_timer
04-13 01:13:13.170    82    82 I Kernel  : [47231.847896].(0)[82:mtk charger_hv_]array_size = 16 
04-13 01:13:13.192 27385 27403 I native-activity: Frame 149 GL error is 0x0
04-13 01:13:13.192 27385 27403 I native-activity: Frame 149 time is 11.339ms
04-13 01:13:13.195 27385 27403 I native-activity: Swap 149 time is 14.641ms
04-13 01:13:13.195 27385 27403 I native-activity: Animating
04-13 01:13:13.208 27385 27403 I native-activity: Frame 150 GL error is 0x0
04-13 01:13:13.208 27385 27403 I native-activity: Frame 150 time is 12.595ms
04-13 01:13:13.212 27385 27403 I native-activity: Swap 150 time is 16.927ms
04-13 01:13:13.213 27385 27403 I native-activity: Animating
04-13 01:13:13.225 27385 27403 I native-activity: Frame 151 GL error is 0x0
04-13 01:13:13.225 27385 27403 I native-activity: Frame 151 time is 12.109ms
04-13 01:13:13.228 27385 27403 I native-activity: Swap 151 time is 15.736ms
04-13 01:13:13.229 27385 27403 I native-activity: Animating
04-13 01:13:13.242 27385 27403 I native-activity: Frame 152 GL error is 0x0
04-13 01:13:13.242 27385 27403 I native-activity: Frame 152 time is 13.095ms
04-13 01:13:13.246 27385 27403 I native-activity: Swap 152 time is 17.006ms
04-13 01:13:13.246 27385 27403 I native-activity: Animating
04-13 01:13:13.258 27385 27403 I native-activity: Frame 153 GL error is 0x0
04-13 01:13:13.258 27385 27403 I native-activity: Frame 153 time is 12.312ms
04-13 01:13:13.261 27385 27403 I native-activity: Swap 153 time is 14.882ms
04-13 01:13:13.261 27385 27403 I native-activity: Animating
04-13 01:13:13.275 27385 27403 I native-activity: Frame 154 GL error is 0x0
04-13 01:13:13.275 27385 27403 I native-activity: Frame 154 time is 14.003ms
04-13 01:13:13.278 27385 27403 I native-activity: Swap 154 time is 16.974ms
04-13 01:13:13.278 27385 27403 I native-activity: Animating
04-13 01:13:13.292 27385 27403 I native-activity: Frame 155 GL error is 0x0
04-13 01:13:13.292 27385 27403 I native-activity: Frame 155 time is 13.646ms
04-13 01:13:13.297 27385 27403 I native-activity: Swap 155 time is 18.079ms
04-13 01:13:13.297 27385 27403 I native-activity: Animating
04-13 01:13:13.309 27385 27403 I native-activity: Frame 156 GL error is 0x0
04-13 01:13:13.309 27385 27403 I native-activity: Frame 156 time is 12.132ms
04-13 01:13:13.313 27385 27403 I native-activity: Swap 156 time is 15.934ms
04-13 01:13:13.313 27385 27403 I native-activity: Animating
04-13 01:13:13.325 27385 27403 I native-activity: Frame 157 GL error is 0x0
04-13 01:13:13.326 27385 27403 I native-activity: Frame 157 time is 12.611ms
04-13 01:13:13.330 27385 27403 I native-activity: Swap 157 time is 17.110ms
04-13 01:13:13.330 27385 27403 I native-activity: Animating
04-13 01:13:13.342 27385 27403 I native-activity: Frame 158 GL error is 0x0
04-13 01:13:13.342 27385 27403 I native-activity: Frame 158 time is 12.101ms
04-13 01:13:13.346 27385 27403 I native-activity: Swap 158 time is 16.107ms
04-13 01:13:13.347 27385 27403 I native-activity: Animating
04-13 01:13:13.359 27385 27403 I native-activity: Frame 159 GL error is 0x0
04-13 01:13:13.359 27385 27403 I native-activity: Frame 159 time is 11.673ms
04-13 01:13:13.362 27385 27403 I native-activity: Swap 159 time is 14.774ms
04-13 01:13:13.362 27385 27403 I native-activity: Animating
04-13 01:13:13.376 27385 27403 I native-activity: Frame 160 GL error is 0x0
04-13 01:13:13.376 27385 27403 I native-activity: Frame 160 time is 13.516ms
04-13 01:13:13.380 27385 27403 I native-activity: Swap 160 time is 17.720ms
04-13 01:13:13.381 27385 27403 I native-activity: Animating
04-13 01:13:13.393 27385 27403 I native-activity: Frame 161 GL error is 0x0
04-13 01:13:13.393 27385 27403 I native-activity: Frame 161 time is 11.137ms
04-13 01:13:13.396 27385 27403 I native-activity: Swap 161 time is 14.125ms
04-13 01:13:13.396 27385 27403 I native-activity: Animating
04-13 01:13:13.410 27385 27403 I native-activity: Frame 162 GL error is 0x0
04-13 01:13:13.410 27385 27403 I native-activity: Frame 162 time is 13.799ms
04-13 01:13:13.415 27385 27403 I native-activity: Swap 162 time is 18.859ms
04-13 01:13:13.415 27385 27403 I native-activity: Animating
04-13 01:13:13.426 27385 27403 I native-activity: Frame 163 GL error is 0x0
04-13 01:13:13.426 27385 27403 I native-activity: Frame 163 time is 11.268ms
04-13 01:13:13.431 27385 27403 I native-activity: Swap 163 time is 15.684ms
04-13 01:13:13.431 27385 27403 I native-activity: Animating
04-13 01:13:13.443 27385 27403 I native-activity: Frame 164 GL error is 0x0
04-13 01:13:13.443 27385 27403 I native-activity: Frame 164 time is 12.357ms
04-13 01:13:13.448 27385 27403 I native-activity: Swap 164 time is 16.351ms
04-13 01:13:13.448 27385 27403 I native-activity: Animating
04-13 01:13:13.461  1787  1787 I AmazonLocationController: onWifiSignalChanged : connected : true
04-13 01:13:13.464 27385 27403 I native-activity: Frame 165 GL error is 0x0
04-13 01:13:13.464 27385 27403 I native-activity: Frame 165 time is 16.139ms
04-13 01:13:13.472 27385 27403 I native-activity: Swap 165 time is 23.903ms
04-13 01:13:13.472 27385 27403 I native-activity: Animating
04-13 01:13:13.477 27385 27403 I native-activity: Frame 166 GL error is 0x0
04-13 01:13:13.478 27385 27403 I native-activity: Frame 166 time is 5.454ms
04-13 01:13:13.483 27385 27403 I native-activity: Swap 166 time is 11.214ms
04-13 01:13:13.484 27385 27403 I native-activity: Animating
04-13 01:13:13.493 27385 27403 I native-activity: Frame 167 GL error is 0x0
04-13 01:13:13.493 27385 27403 I native-activity: Frame 167 time is 9.311ms
04-13 01:13:13.495 27385 27403 I native-activity: Swap 167 time is 11.776ms
04-13 01:13:13.496 27385 27403 I native-activity: Animating
04-13 01:13:13.480  2159  2159 I Kernel  : [47232.152967].(0)[2159:wpa_supplicant]poorlink get state G(363128)F(49)dbad(0)dretry(0)LT(810)RT(-74)W(0)(12835)
04-13 01:13:13.480  2137  2137 I Kernel  : [47232.153103][wlan] nicTxReleaseResource: (TX STATE)
04-13 01:13:13.480  2137  2137 I Kernel  : Release: TC4 count 1, Free=4; TC5 count 0, Free=4
04-13 01:13:13.510 27385 27403 I native-activity: Frame 168 GL error is 0x0
04-13 01:13:13.510 27385 27403 I native-activity: Frame 168 time is 14.124ms
04-13 01:13:13.512 27385 27403 I native-activity: Swap 168 time is 16.721ms
04-13 01:13:13.512 27385 27403 I native-activity: Animating
04-13 01:13:13.526 27385 27403 I native-activity: Frame 169 GL error is 0x0
04-13 01:13:13.526 27385 27403 I native-activity: Frame 169 time is 13.970ms
04-13 01:13:13.528 27385 27403 I native-activity: Swap 169 time is 15.517ms
04-13 01:13:13.528 27385 27403 I native-activity: Animating
04-13 01:13:13.543 27385 27403 I native-activity: Frame 170 GL error is 0x0
04-13 01:13:13.543 27385 27403 I native-activity: Frame 170 time is 15.036ms
04-13 01:13:13.545 27385 27403 I native-activity: Swap 170 time is 17.174ms
04-13 01:13:13.545 27385 27403 I native-activity: Animating
04-13 01:13:13.561 27385 27403 I native-activity: Frame 171 GL error is 0x0
04-13 01:13:13.561 27385 27403 I native-activity: Frame 171 time is 15.302ms
04-13 01:13:13.565 27385 27403 I native-activity: Swap 171 time is 19.355ms
04-13 01:13:13.565 27385 27403 I native-activity: Animating
04-13 01:13:13.577 27385 27403 I native-activity: Frame 172 GL error is 0x0
04-13 01:13:13.578 27385 27403 I native-activity: Frame 172 time is 10.924ms
04-13 01:13:13.583 27385 27403 I native-activity: Swap 172 time is 16.135ms
04-13 01:13:13.583 27385 27403 I native-activity: Animating
04-13 01:13:13.594 27385 27403 I native-activity: Frame 173 GL error is 0x0
04-13 01:13:13.594 27385 27403 I native-activity: Frame 173 time is 11.499ms
04-13 01:13:13.597 27385 27403 I native-activity: Swap 173 time is 14.353ms
04-13 01:13:13.597 27385 27403 I native-activity: Animating
04-13 01:13:13.611 27385 27403 I native-activity: Frame 174 GL error is 0x0
04-13 01:13:13.611 27385 27403 I native-activity: Frame 174 time is 14.013ms
04-13 01:13:13.616 27385 27403 I native-activity: Swap 174 time is 18.091ms
04-13 01:13:13.616 27385 27403 I native-activity: Animating
04-13 01:13:13.628 27385 27403 I native-activity: Frame 175 GL error is 0x0
04-13 01:13:13.628 27385 27403 I native-activity: Frame 175 time is 11.684ms
04-13 01:13:13.631 27385 27403 I native-activity: Swap 175 time is 14.761ms
04-13 01:13:13.631 27385 27403 I native-activity: Animating
04-13 01:13:13.645 27385 27403 I native-activity: Frame 176 GL error is 0x0
04-13 01:13:13.645 27385 27403 I native-activity: Frame 176 time is 13.432ms
04-13 01:13:13.648 27385 27403 I native-activity: Swap 176 time is 17.047ms
04-13 01:13:13.649 27385 27403 I native-activity: Animating
04-13 01:13:13.665 27385 27403 I native-activity: Frame 177 GL error is 0x0
04-13 01:13:13.666 27385 27403 I native-activity: Frame 177 time is 17.017ms
04-13 01:13:13.669 27385 27403 I native-activity: Swap 177 time is 20.222ms
04-13 01:13:13.669 27385 27403 I native-activity: Animating
04-13 01:13:13.678 27385 27403 I native-activity: Frame 178 GL error is 0x0
04-13 01:13:13.678 27385 27403 I native-activity: Frame 178 time is 9.435ms
04-13 01:13:13.683 27385 27403 I native-activity: Swap 178 time is 13.579ms
04-13 01:13:13.683 27385 27403 I native-activity: Animating
04-13 01:13:13.695 27385 27403 I native-activity: Frame 179 GL error is 0x0
04-13 01:13:13.695 27385 27403 I native-activity: Frame 179 time is 11.991ms
04-13 01:13:13.700 27385 27403 I native-activity: Swap 179 time is 16.840ms
04-13 01:13:13.700 27385 27403 I native-activity: Animating
04-13 01:13:13.712 27385 27403 I native-activity: Frame 180 GL error is 0x0
04-13 01:13:13.712 27385 27403 I native-activity: Frame 180 time is 11.703ms
04-13 01:13:13.717 27385 27403 I native-activity: Swap 180 time is 16.358ms
04-13 01:13:13.717 27385 27403 I native-activity: Animating
04-13 01:13:13.700 27385 27403 I Kernel  : [47232.377248]-(0)[27403:Thread-7687]dpi vsync
04-13 01:13:13.729 27385 27403 I native-activity: Frame 181 GL error is 0x0
04-13 01:13:13.729 27385 27403 I native-activity: Frame 181 time is 11.803ms
04-13 01:13:13.734 27385 27403 I native-activity: Swap 181 time is 16.347ms
04-13 01:13:13.734 27385 27403 I native-activity: Animating
04-13 01:13:13.746 27385 27403 I native-activity: Frame 182 GL error is 0x0
04-13 01:13:13.746 27385 27403 I native-activity: Frame 182 time is 11.730ms
04-13 01:13:13.750 27385 27403 I native-activity: Swap 182 time is 16.316ms
04-13 01:13:13.750 27385 27403 I native-activity: Animating
04-13 01:13:13.762 27385 27403 I native-activity: Frame 183 GL error is 0x0
04-13 01:13:13.762 27385 27403 I native-activity: Frame 183 time is 11.854ms
04-13 01:13:13.767 27385 27403 I native-activity: Swap 183 time is 16.587ms
04-13 01:13:13.767 27385 27403 I native-activity: Animating
04-13 01:13:13.779 27385 27403 I native-activity: Frame 184 GL error is 0x0
04-13 01:13:13.779 27385 27403 I native-activity: Frame 184 time is 11.830ms
04-13 01:13:13.784 27385 27403 I native-activity: Swap 184 time is 16.110ms
04-13 01:13:13.784 27385 27403 I native-activity: Animating
04-13 01:13:13.796 27385 27403 I native-activity: Frame 185 GL error is 0x0
04-13 01:13:13.796 27385 27403 I native-activity: Frame 185 time is 12.063ms
04-13 01:13:13.801 27385 27403 I native-activity: Swap 185 time is 17.125ms
04-13 01:13:13.801 27385 27403 I native-activity: Animating
04-13 01:13:13.813 27385 27403 I native-activity: Frame 186 GL error is 0x0
04-13 01:13:13.813 27385 27403 I native-activity: Frame 186 time is 11.442ms
04-13 01:13:13.816 27385 27403 I native-activity: Swap 186 time is 14.981ms
04-13 01:13:13.817 27385 27403 I native-activity: Animating
04-13 01:13:13.829 27385 27403 I native-activity: Frame 187 GL error is 0x0
04-13 01:13:13.830 27385 27403 I native-activity: Frame 187 time is 13.454ms
04-13 01:13:13.835 27385 27403 I native-activity: Swap 187 time is 18.245ms
04-13 01:13:13.835 27385 27403 I native-activity: Animating
04-13 01:13:13.846 27385 27403 I native-activity: Frame 188 GL error is 0x0
04-13 01:13:13.846 27385 27403 I native-activity: Frame 188 time is 11.338ms
04-13 01:13:13.851 27385 27403 I native-activity: Swap 188 time is 15.710ms
04-13 01:13:13.851 27385 27403 I native-activity: Animating
04-13 01:13:13.863 27385 27403 I native-activity: Frame 189 GL error is 0x0
04-13 01:13:13.863 27385 27403 I native-activity: Frame 189 time is 12.113ms
04-13 01:13:13.867 27385 27403 I native-activity: Swap 189 time is 15.625ms
04-13 01:13:13.867 27385 27403 I native-activity: Animating
04-13 01:13:13.880 27385 27403 I native-activity: Frame 190 GL error is 0x0
04-13 01:13:13.880 27385 27403 I native-activity: Frame 190 time is 13.216ms
04-13 01:13:13.883 27385 27403 I native-activity: Swap 190 time is 15.879ms
04-13 01:13:13.885 27385 27403 I native-activity: Animating
04-13 01:13:13.897 27385 27403 I native-activity: Frame 191 GL error is 0x0
04-13 01:13:13.897 27385 27403 I native-activity: Frame 191 time is 11.899ms
04-13 01:13:13.902 27385 27403 I native-activity: Swap 191 time is 16.742ms
04-13 01:13:13.902 27385 27403 I native-activity: Animating
04-13 01:13:13.913 27385 27403 I native-activity: Frame 192 GL error is 0x0
04-13 01:13:13.913 27385 27403 I native-activity: Frame 192 time is 11.572ms
04-13 01:13:13.917 27385 27403 I native-activity: Swap 192 time is 15.175ms
04-13 01:13:13.917 27385 27403 I native-activity: Animating
04-13 01:13:13.930 27385 27403 I native-activity: Frame 193 GL error is 0x0
04-13 01:13:13.931 27385 27403 I native-activity: Frame 193 time is 13.225ms
04-13 01:13:13.934 27385 27403 I native-activity: Swap 193 time is 17.152ms
04-13 01:13:13.935 27385 27403 I native-activity: Animating
04-13 01:13:13.947 27385 27403 I native-activity: Frame 194 GL error is 0x0
04-13 01:13:13.947 27385 27403 I native-activity: Frame 194 time is 12.681ms
04-13 01:13:13.953 27385 27403 I native-activity: Swap 194 time is 18.015ms
04-13 01:13:13.953 27385 27403 I native-activity: Animating
04-13 01:13:13.964 27385 27403 I native-activity: Frame 195 GL error is 0x0
04-13 01:13:13.964 27385 27403 I native-activity: Frame 195 time is 11.053ms
04-13 01:13:13.969 27385 27403 I native-activity: Swap 195 time is 15.750ms
04-13 01:13:13.969 27385 27403 I native-activity: Animating
04-13 01:13:13.981 27385 27403 I native-activity: Frame 196 GL error is 0x0
04-13 01:13:13.981 27385 27403 I native-activity: Frame 196 time is 12.157ms
04-13 01:13:13.985 27385 27403 I native-activity: Swap 196 time is 16.156ms
04-13 01:13:13.986 27385 27403 I native-activity: Animating
04-13 01:13:13.997 27385 27403 I native-activity: Frame 197 GL error is 0x0
04-13 01:13:13.997 27385 27403 I native-activity: Frame 197 time is 11.391ms
04-13 01:13:14.003 27385 27403 I native-activity: Swap 197 time is 16.374ms
04-13 01:13:14.003 27385 27403 I native-activity: Animating
04-13 01:13:14.014 27385 27403 I native-activity: Frame 198 GL error is 0x0
04-13 01:13:14.014 27385 27403 I native-activity: Frame 198 time is 11.491ms
04-13 01:13:14.019 27385 27403 I native-activity: Swap 198 time is 15.741ms
04-13 01:13:14.019 27385 27403 I native-activity: Animating
04-13 01:13:14.032 27385 27403 I native-activity: Frame 199 GL error is 0x0
04-13 01:13:14.032 27385 27403 I native-activity: Frame 199 time is 12.893ms
04-13 01:13:14.035 27385 27403 I native-activity: Swap 199 time is 16.332ms
04-13 01:13:14.035 27385 27403 I native-activity: Animating
04-13 01:13:14.048 27385 27403 I native-activity: Frame 200 GL error is 0x0
04-13 01:13:14.048 27385 27403 I native-activity: Frame 200 time is 12.733ms
04-13 01:13:14.053 27385 27403 I native-activity: Swap 200 time is 17.771ms
04-13 01:13:14.053 27385 27403 I native-activity: Animating
04-13 01:13:14.065 27385 27403 I native-activity: Frame 201 GL error is 0x0
04-13 01:13:14.065 27385 27403 I native-activity: Frame 201 time is 11.422ms
04-13 01:13:14.069 27385 27403 I native-activity: Swap 201 time is 15.920ms
04-13 01:13:14.070 27385 27403 I native-activity: Animating
04-13 01:13:14.082 27385 27403 I native-activity: Frame 202 GL error is 0x0
04-13 01:13:14.082 27385 27403 I native-activity: Frame 202 time is 11.961ms
04-13 01:13:14.086 27385 27403 I native-activity: Swap 202 time is 16.200ms
04-13 01:13:14.087 27385 27403 I native-activity: Animating
04-13 01:13:14.098 27385 27403 I native-activity: Frame 203 GL error is 0x0
04-13 01:13:14.098 27385 27403 I native-activity: Frame 203 time is 11.793ms
04-13 01:13:14.103 27385 27403 I native-activity: Swap 203 time is 16.359ms
04-13 01:13:14.103 27385 27403 I native-activity: Animating
04-13 01:13:14.115 27385 27403 I native-activity: Frame 204 GL error is 0x0
04-13 01:13:14.115 27385 27403 I native-activity: Frame 204 time is 11.996ms
04-13 01:13:14.120 27385 27403 I native-activity: Swap 204 time is 16.802ms
04-13 01:13:14.120 27385 27403 I native-activity: Animating
04-13 01:13:14.132 27385 27403 I native-activity: Frame 205 GL error is 0x0
04-13 01:13:14.132 27385 27403 I native-activity: Frame 205 time is 11.610ms
04-13 01:13:14.135 27385 27403 I native-activity: Swap 205 time is 15.126ms
04-13 01:13:14.136 27385 27403 I native-activity: Animating
04-13 01:13:14.149 27385 27403 I native-activity: Frame 206 GL error is 0x0
04-13 01:13:14.149 27385 27403 I native-activity: Frame 206 time is 12.278ms
04-13 01:13:14.130 24946 24946 I Kernel  : [47232.801712].(0)[24946:kworker/0:1]virtual_sensor_thermal_get_temp mtktsbattery t=24000 a=7 o=-9500 w=437
04-13 01:13:14.130 24946 24946 I Kernel  : [47232.801801].(0)[24946:kworker/0:1]virtual_sensor_thermal_get_temp mtkts_bts t=27000 a=15 o=-1000 w=113
04-13 01:13:14.130 24946 24946 I Kernel  : [47232.802206].(0)[24946:kworker/0:1]virtual_sensor_thermal_get_temp mtktspmic t=38780 a=4 o=18000 w=450
04-13 01:13:14.130 24946 24946 I Kernel  : [47232.802247].(0)[24946:kworker/0:1]virtual_sensor_thermal_get_temp mtktswmt t=31000 a=1000 o=-5000 w=0
04-13 01:13:14.155 27385 27403 I native-activity: Swap 206 time is 18.078ms
04-13 01:13:14.155 27385 27403 I native-activity: Animating
04-13 01:13:14.166 27385 27403 I native-activity: Frame 207 GL error is 0x0
04-13 01:13:14.166 27385 27403 I native-activity: Frame 207 time is 10.821ms
04-13 01:13:14.170 27385 27403 I native-activity: Swap 207 time is 15.110ms
04-13 01:13:14.170 27385 27403 I native-activity: Animating
04-13 01:13:14.182 27385 27403 I native-activity: Frame 208 GL error is 0x0
04-13 01:13:14.182 27385 27403 I native-activity: Frame 208 time is 12.093ms
04-13 01:13:14.187 27385 27403 I native-activity: Swap 208 time is 16.615ms
04-13 01:13:14.187 27385 27403 I native-activity: Animating
04-13 01:13:14.170    82    82 I Kernel  : [47232.848228].(0)[82:mtk charger_hv_]charging_reset_watch_dog_timer
04-13 01:13:14.170    82    82 I Kernel  : [47232.849236].(0)[82:mtk charger_hv_]array_size = 16 
04-13 01:13:14.199 27385 27403 I native-activity: Frame 209 GL error is 0x0
04-13 01:13:14.199 27385 27403 I native-activity: Frame 209 time is 12.068ms
04-13 01:13:14.204 27385 27403 I native-activity: Swap 209 time is 17.200ms
04-13 01:13:14.205 27385 27403 I native-activity: Animating
04-13 01:13:14.216 27385 27403 I native-activity: Frame 210 GL error is 0x0
04-13 01:13:14.216 27385 27403 I native-activity: Frame 210 time is 11.225ms
04-13 01:13:14.221 27385 27403 I native-activity: Swap 210 time is 16.192ms
04-13 01:13:14.221 27385 27403 I native-activity: Animating
04-13 01:13:14.232 27385 27403 I native-activity: Frame 211 GL error is 0x0
04-13 01:13:14.233 27385 27403 I native-activity: Frame 211 time is 11.533ms
04-13 01:13:14.236 27385 27403 I native-activity: Swap 211 time is 14.951ms
04-13 01:13:14.236 27385 27403 I native-activity: Animating
04-13 01:13:14.249 27385 27403 I native-activity: Frame 212 GL error is 0x0
04-13 01:13:14.250 27385 27403 I native-activity: Frame 212 time is 13.135ms
04-13 01:13:14.255 27385 27403 I native-activity: Swap 212 time is 18.596ms
04-13 01:13:14.255 27385 27403 I native-activity: Animating
04-13 01:13:14.266 27385 27403 I native-activity: Frame 213 GL error is 0x0
04-13 01:13:14.266 27385 27403 I native-activity: Frame 213 time is 11.169ms
04-13 01:13:14.271 27385 27403 I native-activity: Swap 213 time is 16.126ms
04-13 01:13:14.271 27385 27403 I native-activity: Animating
04-13 01:13:14.283 27385 27403 I native-activity: Frame 214 GL error is 0x0
04-13 01:13:14.283 27385 27403 I native-activity: Frame 214 time is 11.642ms
04-13 01:13:14.287 27385 27403 I native-activity: Swap 214 time is 15.355ms
04-13 01:13:14.287 27385 27403 I native-activity: Animating
04-13 01:13:14.300 27385 27403 I native-activity: Frame 215 GL error is 0x0
04-13 01:13:14.300 27385 27403 I native-activity: Frame 215 time is 12.996ms
04-13 01:13:14.305 27385 27403 I native-activity: Swap 215 time is 17.510ms
04-13 01:13:14.305 27385 27403 I native-activity: Animating
04-13 01:13:14.317 27385 27403 I native-activity: Frame 216 GL error is 0x0
04-13 01:13:14.317 27385 27403 I native-activity: Frame 216 time is 11.849ms
04-13 01:13:14.321 27385 27403 I native-activity: Swap 216 time is 15.853ms
04-13 01:13:14.321 27385 27403 I native-activity: Animating
04-13 01:13:14.333 27385 27403 I native-activity: Frame 217 GL error is 0x0
04-13 01:13:14.333 27385 27403 I native-activity: Frame 217 time is 11.866ms
04-13 01:13:14.337 27385 27403 I native-activity: Swap 217 time is 15.682ms
04-13 01:13:14.337 27385 27403 I native-activity: Animating
04-13 01:13:14.350 27385 27403 I native-activity: Frame 218 GL error is 0x0
04-13 01:13:14.350 27385 27403 I native-activity: Frame 218 time is 12.926ms
04-13 01:13:14.356 27385 27403 I native-activity: Swap 218 time is 18.430ms
04-13 01:13:14.356 27385 27403 I native-activity: Animating
04-13 01:13:14.367 27385 27403 I native-activity: Frame 219 GL error is 0x0
04-13 01:13:14.367 27385 27403 I native-activity: Frame 219 time is 11.116ms
04-13 01:13:14.370 27385 27403 I native-activity: Swap 219 time is 14.189ms
04-13 01:13:14.371 27385 27403 I native-activity: Animating
04-13 01:13:14.384 27385 27403 I native-activity: Frame 220 GL error is 0x0
04-13 01:13:14.384 27385 27403 I native-activity: Frame 220 time is 13.093ms
04-13 01:13:14.387 27385 27403 I native-activity: Swap 220 time is 16.840ms
04-13 01:13:14.388 27385 27403 I native-activity: Animating
04-13 01:13:14.401 27385 27403 I native-activity: Frame 221 GL error is 0x0
04-13 01:13:14.401 27385 27403 I native-activity: Frame 221 time is 12.319ms
04-13 01:13:14.405 27385 27403 I native-activity: Swap 221 time is 16.385ms
04-13 01:13:14.406 27385 27403 I native-activity: Animating
04-13 01:13:14.418 27385 27403 I native-activity: Frame 222 GL error is 0x0
04-13 01:13:14.418 27385 27403 I native-activity: Frame 222 time is 11.366ms
04-13 01:13:14.424 27385 27403 I native-activity: Swap 222 time is 17.951ms
04-13 01:13:14.425 27385 27403 I native-activity: Animating
04-13 01:13:14.428   917  2201 I PackageRecencyUtils: Waiting for idle
04-13 01:13:14.429   917  2201 I Vlog    : package_recency:broadcast_notification:fgtracking=false;DV;1,key=time_in_queue;DV;1,Timer=5001.0;TI;1,unit=ms;DV;1:HI
04-13 01:13:14.437 27385 27403 I native-activity: Frame 223 GL error is 0x0
04-13 01:13:14.437 27385 27403 I native-activity: Frame 223 time is 12.427ms
04-13 01:13:14.445 27385 27403 I native-activity: Swap 223 time is 20.027ms
04-13 01:13:14.445 27385 27403 I native-activity: Animating
04-13 01:13:14.454 27385 27403 I native-activity: Frame 224 GL error is 0x0
04-13 01:13:14.454 27385 27403 I native-activity: Frame 224 time is 9.364ms
04-13 01:13:14.457 27385 27403 I native-activity: Swap 224 time is 12.517ms
04-13 01:13:14.458 27385 27403 I native-activity: Animating
04-13 01:13:14.472  1787  1787 I AmazonLocationController: onWifiSignalChanged : connected : true
04-13 01:13:14.481   917   932 D ActivityManager: single user service: com.amazon.kindle.cms
04-13 01:13:14.482   917   932 D ActivityManager: app = com.amazon.kindle.cms, has single user service, setting process record.
04-13 01:13:14.512 25557 25643 D AmazonCMS: MaintenanceService.onStartCommand
04-13 01:13:14.535 25557 25643 D AmazonCMS: CMS activity level changed, active: true
04-13 01:13:14.543 25557 25643 D AmazonCMS: Received intent: 'com.amazon.action.PACKAGE_RECENCY_NOTIFICATION'
04-13 01:13:14.544 25557 25643 D AmazonCMS: Reconciler created
04-13 01:13:14.544 25557 25643 E AmazonCMS: IO Exception while parsing xml
04-13 01:13:14.560 26597 26597 I Kernel  : [47233.231733].(0)[26597:kworker/0:0H]regs_hotplug_callback cpu = 2
04-13 01:13:14.560 26597 26597 I Kernel  : [47233.231820].(0)[26597:kworker/0:0H]Boot slave CPU
04-13 01:13:14.560 26597 26597 I Kernel  : [47233.231834].(0)[26597:kworker/0:0H][Power/hotplug] boot_secondary, cpu: 2
04-13 01:13:14.560 26597 26597 I Kernel  : [47233.231848].(0)[26597:kworker/0:0H][Power/hotplug] SLAVE2_MAGIC_NUM:4c415332
04-13 01:13:14.560 26597 26597 I Kernel  : [47233.231859].(0)[26597:kworker/0:0H]mt_wakeup_cpu: not first boot!(2)
04-13 01:13:14.560     0     0 I Kernel  : [47233.232072]-(2)[0:swapper/2]CPU2: Booted secondary processor
04-13 01:13:14.560     0     0 I Kernel  : [47233.232095]-(2)[0:swapper/2][Power/hotplug] platform_secondary_init, cpu: 2
04-13 01:13:14.560     0     0 I Kernel  : [47233.232256]-(2)[0:swapper/2]WD wd_cpu_hot_plug_on_notify kick ext wd
04-13 01:13:14.560     0     0 I Kernel  : [47233.232294]-(2)[0:swapper/2]regs_hotplug_callback cpu = 2
04-13 01:13:14.560 26597 26597 I Kernel  : [47233.232708].(0)[26597:kworker/0:0H]regs_hotplug_callback cpu = 2
04-13 01:13:14.560 26597 26597 I Kernel  : [47233.232810].(0)[26597:kworker/0:0H][wdk]bind kicker thread[87] to cpu[2]
04-13 01:13:14.560 26597 26597 I Kernel  : [47233.232958].(0)[26597:kworker/0:0H][WDK]cpu 2 plug on kick wdt
04-13 01:13:14.560 26597 26597 I Kernel  : [47233.233027].(0)[26597:kworker/0:0H]regs_hotplug_callback cpu = 3
04-13 01:13:14.560 26597 26597 I Kernel  : [47233.233090].(0)[26597:kworker/0:0H]Boot slave CPU
04-13 01:13:14.560 26597 26597 I Kernel  : [47233.233104].(0)[26597:kworker/0:0H][Power/hotplug] boot_secondary, cpu: 3
04-13 01:13:14.560 26597 26597 I Kernel  : [47233.233117].(0)[26597:kworker/0:0H][Power/hotplug] SLAVE3_MAGIC_NUM:41534c33
04-13 01:13:14.560 26597 26597 I Kernel  : [47233.233128].(0)[26597:kworker/0:0H]mt_wakeup_cpu: not first boot!(3)
04-13 01:13:14.560     0     0 I Kernel  : [47233.233337]-(3)[0:swapper/3]CPU3: Booted secondary processor
04-13 01:13:14.560     0     0 I Kernel  : [47233.233360]-(3)[0:swapper/3][Power/hotplug] platform_secondary_init, cpu: 3
04-13 01:13:14.560     0     0 I Kernel  : [47233.233508]-(3)[0:swapper/3]WD wd_cpu_hot_plug_on_notify kick ext wd
04-13 01:13:14.560     0     0 I Kernel  : [47233.233545]-(3)[0:swapper/3]regs_hotplug_callback cpu = 3
04-13 01:13:14.560 26597 26597 I Kernel  : [47233.234003].(0)[26597:kworker/0:0H]regs_hotplug_callback cpu = 3
04-13 01:13:14.560 26597 26597 I Kernel  : [47233.234115].(0)[26597:kworker/0:0H][wdk]bind kicker thread[88] to cpu[3]
04-13 01:13:14.560 26597 26597 I Kernel  : [47233.234270].(0)[26597:kworker/0:0H][WDK]cpu 3 plug on kick wdt
04-13 01:13:14.575 25557 25643 D AmazonCMS: Cards are enabled, initializing card producer
04-13 01:13:14.582 25557 25643 D AmazonCMS: SourcesManager: registering source 'com.amazon.kindle.cms.app_manager' for user '*****' in profile '0'
04-13 01:13:14.585 25557 25643 D AmazonCMS: SourcesManager: registering source 'com.amazon.kindle.cms.collection_manager' for user '*****' in profile '0'
04-13 01:13:14.586 25557 25643 D AmazonCMS: CMS activity level changed, active: false
04-13 01:13:14.589 25557 25643 D AmazonCMS: notified to profile 0 with com.amazon.kindle.cms.STARTUP, Bundle[{profile_id=0, version=2.1.0.10}]
04-13 01:13:14.594 25557 25643 D AmazonCMS: CollectionSyncManager: user ***** is not connected for DELTA_SYNC sync. Disconnecting and reconnecting.
04-13 01:13:14.603 25557 25643 V AmazonCMS: SyncClient - Client is not connected; unable to disconnect.
04-13 01:13:14.604 25557 25643 D AmazonCMS: SyncClient - Connecting as user *****
04-13 01:13:14.606 25557 25643 V AmazonCMS: SubscriptionManager - Subscribing to dataset [*****] in namespace [*****]
04-13 01:13:14.607 25557 25643 V AmazonCMS: Subscribing to namespace: [*****]
04-13 01:13:14.610 25557 25643 V AmazonCMS: Subscribing to namespace: [*****]
04-13 01:13:14.642 25557 26040 I DCP     : Sending 0 dataset update for 'CloudCollections' namespace
04-13 01:13:14.677 27385 27403 I native-activity: Frame 225 GL error is 0x500
04-13 01:13:14.677 27385 27403 I native-activity: Frame 225 time is 219.791ms
04-13 01:13:14.679 27385 27403 I native-activity: Swap 225 time is 221.850ms
04-13 01:13:14.680 27385 27403 I native-activity: Animating
04-13 01:13:14.680 27385 27403 I native-activity: Frame 226 GL error is 0x0
04-13 01:13:14.681 27385 27403 I native-activity: Frame 226 time is 0.851ms
04-13 01:13:14.686 27385 27403 I native-activity: Swap 226 time is 6.370ms
04-13 01:13:14.686 27385 27403 I native-activity: Animating
04-13 01:13:14.690 27385 27403 I native-activity: Frame 227 GL error is 0x0
04-13 01:13:14.691 27385 27403 I native-activity: Frame 227 time is 4.232ms
04-13 01:13:14.693 27385 27403 I native-activity: Swap 227 time is 7.159ms
04-13 01:13:14.694 27385 27403 I native-activity: Animating
04-13 01:13:14.697 27385 27403 I native-activity: Frame 228 GL error is 0x0
04-13 01:13:14.697 27385 27403 I native-activity: Frame 228 time is 3.373ms
04-13 01:13:14.706 27385 27403 I native-activity: Swap 228 time is 12.041ms
04-13 01:13:14.706 27385 27403 I native-activity: Animating
04-13 01:13:14.709 27385 27403 I native-activity: Frame 229 GL error is 0x0
04-13 01:13:14.710 27385 27403 I native-activity: Frame 229 time is 3.570ms
04-13 01:13:14.719 27385 27403 I native-activity: Swap 229 time is 12.628ms
04-13 01:13:14.719 27385 27403 I native-activity: Animating
04-13 01:13:14.723 27385 27403 I native-activity: Frame 230 GL error is 0x0
04-13 01:13:14.723 27385 27403 I native-activity: Frame 230 time is 4.230ms
04-13 01:13:14.729 27385 27403 I native-activity: Swap 230 time is 10.232ms
04-13 01:13:14.729 27385 27403 I native-activity: Animating
04-13 01:13:14.729 25557 26096 I DCP     : Sending 0 dataset update for 'CloudCollections' namespace
04-13 01:13:14.738 27385 27403 I native-activity: Frame 231 GL error is 0x0
04-13 01:13:14.738 27385 27403 I native-activity: Frame 231 time is 8.426ms
04-13 01:13:14.742 27385 27403 I native-activity: Swap 231 time is 12.227ms
04-13 01:13:14.742 27385 27403 I native-activity: Animating
04-13 01:13:14.792 25557 26127 I DCP     : [JsonCallExecutor][CallExecutor][168227db-c1d8-4f88-850f-f60140aadcc2][Auth]GET https://api.amazon.com/whispersync/v2/data/amzn1.account.XXXX/datasets/5c2c14d1-40b0-4a6f-9333-1f84f1367d03/records?after=1  (attempt 1)
04-13 01:13:14.793   917 25027 D WifiService: acquireWifiLockLocked: WifiLock{com.amazon.dcp.framework.iuc.ConnectionEstablisherWithConnectivityEnforcement type=1 binder=android.os.BinderProxy@d1215df}
04-13 01:13:14.796 25557 27429 I com.amazon.dcp.framework.ConnectivityEnforcer: Network with type -1 is already connected
04-13 01:13:14.814   917  2114 D ActivityManager: single user service: com.amazon.imp
04-13 01:13:14.815   917  2114 D ActivityManager: app = com.amazon.imp, has single user service, setting process record.
04-13 01:13:14.842 27385 27403 I native-activity: Frame 232 GL error is 0x500
04-13 01:13:14.842 27385 27403 I native-activity: Frame 232 time is 100.003ms
04-13 01:13:14.844 27385 27403 I native-activity: Swap 232 time is 102.056ms
04-13 01:13:14.844 27385 27403 I native-activity: Animating
04-13 01:13:14.840  2137  2137 I Kernel  : [47233.514418][wlan] statsInfoEnvRequest: (INIT INFO)
04-13 01:13:14.840  2137  2137 I Kernel  : statsInfoEnvRequest cmd ok.
04-13 01:13:14.866 25557 25643 V AmazonCMS: CardBroadcastReceiver - received intent com.amazon.kindle.cms.CONTENT_UPDATE
04-13 01:13:14.870 25557 25643 D AmazonCMS: notified to profile 0 with com.amazon.kindle.cms.CONTENT_UPDATE, Bundle[{item_type=kindle.content.apps, profile_id=0, status=0, urgent_flag=1, version=2.1.0.10, last_access_date=1492071188901, location=0, item_id=1352}]
04-13 01:13:14.860  2137  2137 I Kernel  : [47233.532961][wlan] statsInfoEnvDisplay: (INIT INFO)
04-13 01:13:14.860  2137  2137 I Kernel  : <stats> Display stats for [b0:48:7a:cb:7c:ec]: 668B 75626ms
04-13 01:13:14.860  2137  2137 I Kernel  : [47233.533010][wlan] statsInfoEnvDisplay: (INIT INFO)
04-13 01:13:14.860  2137  2137 I Kernel  : <stats> TPAM(0x3) RTS(0 0) BA(0x41 0) OS(363129) OK(33 36) ERR(0 0 0 0 0 0 0)
04-13 01:13:14.860  2137  2137 I Kernel  : [47233.533037][wlan] statsInfoEnvDisplay: (INIT INFO)
04-13 01:13:14.860  2137  2137 I Kernel  : <stats> TRATE (5 0 0 0 0 0 0 0 0 0 0 0 0 0 0 0) (6 0 0 25 0 0 0 0)
04-13 01:13:14.860  2137  2137 I Kernel  : [47233.533065][wlan] statsInfoEnvDisplay: (INIT INFO)
04-13 01:13:14.860  2137  2137 I Kernel  : <stats> TREORDER (0 0 1)
04-13 01:13:14.860  2137  2137 I Kernel  : [47233.533082][wlan] statsInfoEnvDisplay: (INIT INFO)
04-13 01:13:14.860  2137  2137 I Kernel  : <stats> RX(75 4 0) BA(0x41 0) OK(520 520) ERR(0)
04-13 01:13:14.860  2137  2137 I Kernel  : [47233.533102][wlan] statsInfoEnvDisplay: (INIT INFO)
04-13 01:13:14.860  2137  2137 I Kernel  : <stats> RCCK (1 0 0 483 0 0 0 0 0 0 0 0 0 0 0 0)
04-13 01:13:14.860  2137  2137 I Kernel  : [47233.533125][wlan] statsInfoEnvDisplay: (INIT INFO)
04-13 01:13:14.860  2137  2137 I Kernel  : <stats> ROFDM (0 0 0 0 0 0 0 0 0 0 0 0 0 0 0 0)
04-13 01:13:14.860  2137  2137 I Kernel  : [47233.533150][wlan] statsInfoEnvDisplay: (INIT INFO)
04-13 01:13:14.860  2137  2137 I Kernel  : <stats> RHT (0 0 0 0 7 24 5 0 0 0 0 0 0 0 0 0)
04-13 01:13:14.860  2137  2137 I Kernel  : [47233.533174][wlan] statsInfoEnvDisplay: (INIT INFO)
04-13 01:13:14.860  2137  2137 I Kernel  : <stats> StayIntH2M us (17 27 31) (18 21 23) (19 19 23)
04-13 01:13:14.860  2137  2137 I Kernel  : [47233.533196][wlan] statsInfoEnvDisplay: (INIT INFO)
04-13 01:13:14.860  2137  2137 I Kernel  : <stats> AirTime us (160 576 3872) (288 3072 7520) (4224 5312 15488)
04-13 01:13:14.860  2137  2137 I Kernel  : [47233.533218][wlan] statsInfoEnvDisplay: (INIT INFO)
04-13 01:13:14.860  2137  2137 I Kernel  : <stats> StayInt us (231 966 5402_119641) (344 6959 19574_124561) (18452 16133 18829_124562)
04-13 01:13:14.860  2137  2137 I Kernel  : [47233.533243][wlan] statsInfoEnvDisplay: (INIT INFO)
04-13 01:13:14.860  2137  2137 I Kernel  : <stats> StayIntD2T us (303 10987 20980) (420 7028 19633) (18511 16230 18903)
04-13 01:13:14.860  2137  2137 I Kernel  : [47233.533264][wlan] statsInfoEnvDisplay: (INIT INFO)
04-13 01:13:14.860  2137  2137 I Kernel  : <stats> StayIntR_M2H us (29 49 83) (0 34 34) (29 32 44)
04-13 01:13:14.860  2137  2137 I Kernel  : [47233.533285][wlan] statsInfoEnvDisplay: (INIT INFO)
04-13 01:13:14.860  2137  2137 I Kernel  : <stats> StayIntR_H2D us (0 0 0) (0 0 0) (0 0 0)
04-13 01:13:14.860  2137  2137 I Kernel  : [47233.533305][wlan] statsInfoEnvDisplay: (INIT INFO)
04-13 01:13:14.860  2137  2137 I Kernel  : <stats> StayCntD2H unit:10ms (35 1 0 0)
04-13 01:13:14.860  2137  2137 I Kernel  : [47233.533323][wlan] statsInfoEnvDisplay: (INIT INFO)
04-13 01:13:14.860  2137  2137 I Kernel  : <stats> StayCnt unit:1ms (10 15 1 10)
04-13 01:13:14.860  2137  2137 I Kernel  : [47233.533341][wlan] statsInfoEnvDisplay: (INIT INFO)
04-13 01:13:14.860  2137  2137 I Kernel  : <stats> StayCnt (0~4893:29) (4893~9787:3) (9787~14680:0) (14680~19574:1) (19574~:3)
04-13 01:13:14.860  2137  2137 I Kernel  : [47233.533366][wlan] statsInfoEnvDisplay: (INIT INFO)
04-13 01:13:14.860  2137  2137 I Kernel  : <stats> OTHER (0) (40) (16061) (0) (0) (0ms) (31494us)
04-13 01:13:14.860  2137  2137 I Kernel  : [47233.533398][wlan] nicTxReleaseResource: (TX STATE)
04-13 01:13:14.860  2137  2137 I Kernel  : Release: TC4 count 1, Free=4; TC5 count 0, Free=4
04-13 01:13:14.884 25557 25643 D AmazonCMS: Read 12 card ids from the cache for producer com.amazon.kindle.cms.card.producer.APPS in profile 0
04-13 01:13:14.889   917 25027 D ActivityManager: single user service: com.amazon.kindle.cms
04-13 01:13:14.890   917 25027 D ActivityManager: app = com.amazon.kindle.cms, has single user service, setting process record.
04-13 01:13:14.900 25557 25643 D AmazonCMS: Creating recent card with id: *****
04-13 01:13:14.904 25557 25643 I AmazonCMS: CMSService waking up, a client has bound
04-13 01:13:14.905 25557 25643 D AmazonCMS: CMS activity level changed, active: true
04-13 01:13:14.936 25557 25643 D AmazonCMS: CMSService is no longer being used, deactivating...
04-13 01:13:14.940 25557 25643 D AmazonCMS: CMS activity level changed, active: false
04-13 01:13:14.951 25557 25643 D AmazonCMS: Creating recent card with id: *****
04-13 01:13:14.965 25557 25643 D AmazonCMS: Creating recent card with id: *****
04-13 01:13:14.980 25557 25643 D AmazonCMS: Creating recent card with id: *****
04-13 01:13:14.983 27385 27403 I native-activity: Frame 233 GL error is 0x501
04-13 01:13:14.983 27385 27403 I native-activity: Frame 233 time is 139.033ms
04-13 01:13:14.985 27385 27403 I native-activity: Swap 233 time is 141.077ms
04-13 01:13:14.986 27385 27403 I native-activity: Animating
04-13 01:13:14.989 27385 27403 I native-activity: Frame 234 GL error is 0x0
04-13 01:13:14.989 27385 27403 I native-activity: Frame 234 time is 3.059ms
04-13 01:13:14.993 27385 27403 I native-activity: Swap 234 time is 6.868ms
04-13 01:13:14.993 27385 27403 I native-activity: Animating
04-13 01:13:14.993 25557 25643 D AmazonCMS: Creating recent card with id: *****
04-13 01:13:14.996 27385 27403 I native-activity: Frame 235 GL error is 0x0
04-13 01:13:14.996 27385 27403 I native-activity: Frame 235 time is 2.767ms
04-13 01:13:15.000 27385 27403 I native-activity: Swap 235 time is 6.910ms
04-13 01:13:15.000 27385 27403 I native-activity: Animating
04-13 01:13:15.003 27385 27403 I native-activity: Frame 236 GL error is 0x0
04-13 01:13:15.003 27385 27403 I native-activity: Frame 236 time is 2.747ms
04-13 01:13:15.009 25557 25643 D AmazonCMS: Creating recent card with id: *****
04-13 01:13:15.010 27385 27403 I native-activity: Swap 236 time is 9.892ms
04-13 01:13:15.011 27385 27403 I native-activity: Animating
04-13 01:13:15.013 27385 27403 I native-activity: Frame 237 GL error is 0x0
04-13 01:13:15.013 27385 27403 I native-activity: Frame 237 time is 1.642ms
04-13 01:13:15.019 27385 27403 I native-activity: Swap 237 time is 7.927ms
04-13 01:13:15.019 27385 27403 I native-activity: Animating
04-13 01:13:15.022 27385 27403 I native-activity: Frame 238 GL error is 0x0
04-13 01:13:15.022 27385 27403 I native-activity: Frame 238 time is 2.777ms
04-13 01:13:15.026 27385 27403 I native-activity: Swap 238 time is 7.104ms
04-13 01:13:15.027 27385 27403 I native-activity: Animating
04-13 01:13:15.030 25557 25643 D AmazonCMS: Creating recent card with id: *****
04-13 01:13:15.039 27385 27403 I native-activity: Frame 239 GL error is 0x0
04-13 01:13:15.039 27385 27403 I native-activity: Frame 239 time is 12.313ms
04-13 01:13:15.042 27385 27403 I native-activity: Swap 239 time is 14.827ms
04-13 01:13:15.042 27385 27403 I native-activity: Animating
04-13 01:13:15.042 25557 25643 D AmazonCMS: Creating recent card with id: *****
04-13 01:13:15.054 25557 25643 D AmazonCMS: Creating recent card with id: *****
04-13 01:13:15.066 25557 25643 D AmazonCMS: Creating recent card with id: *****
04-13 01:13:15.079 25557 25643 D AmazonCMS: Creating recent card with id: *****
04-13 01:13:15.112 25557 26127 D CRLSetManager: getInstance binder: android.os.BinderProxy@2eda484f
04-13 01:13:15.162 25557 27432 I F_C.ProducerClientCompa: Producer com.amazon.kindle.cms.card.producer.APPS at API version BrazilVersion(1.4).
04-13 01:13:15.163 25557 25643 D AmazonCMS: CardClient: Pushing 12 cards ***** by producer com.amazon.kindle.cms.card.producer.APPS
04-13 01:13:15.168 25557 27432 I F_C.ProducerClientCompa: Connected to ServerInfo(CDA Version: BrazilVersion(1.3.108.0), Min. Producer: BrazilVersion(1.0), Delete All: true)
04-13 01:13:15.180 25616 26786 I F_C.ProducerRefreshServ: Performing Producer refresh.
04-13 01:13:15.170    82    82 I Kernel  : [47233.849304].(0)[82:mtk charger_hv_]charging_reset_watch_dog_timer
04-13 01:13:15.170    82    82 I Kernel  : [47233.850195].(0)[82:mtk charger_hv_]array_size = 16 
04-13 01:13:15.211   917  1051 W AccountManagerService: insertAccountIntoDatabase: Account {name=default_account, type=amazon.account}, skipping since the account already exists
04-13 01:13:15.216   917  2114 W AccountManagerService: insertAccountIntoDatabase: Account {name=default_account, type=amazon.account}, skipping since the account already exists
04-13 01:13:15.222   917  1764 W AccountManagerService: insertAccountIntoDatabase: Account {name=default_account, type=amazon.account}, skipping since the account already exists
04-13 01:13:15.228   917  1762 W AccountManagerService: insertAccountIntoDatabase: Account {name=default_account, type=amazon.account}, skipping since the account already exists
04-13 01:13:15.231   917  1764 W AccountManagerService: insertAccountIntoDatabase: Account {name=default_account, type=amazon.account}, skipping since the account already exists
04-13 01:13:15.237   917  2115 W AccountManagerService: insertAccountIntoDatabase: Account {name=default_account, type=amazon.account}, skipping since the account already exists
04-13 01:13:15.242   917  2114 W AccountManagerService: insertAccountIntoDatabase: Account {name=default_account, type=amazon.account}, skipping since the account already exists
04-13 01:13:15.246   917  2245 W AccountManagerService: insertAccountIntoDatabase: Account {name=default_account, type=amazon.account}, skipping since the account already exists
04-13 01:13:15.248   917   933 W AccountManagerService: insertAccountIntoDatabase: Account {name=default_account, type=amazon.account}, skipping since the account already exists
04-13 01:13:15.250   917   932 W AccountManagerService: insertAccountIntoDatabase: Account {name=default_account, type=amazon.account}, skipping since the account already exists
04-13 01:13:15.254   917  1766 W AccountManagerService: insertAccountIntoDatabase: Account {name=default_account, type=amazon.account}, skipping since the account already exists
04-13 01:13:15.259   917  2245 W AccountManagerService: insertAccountIntoDatabase: Account {name=default_account, type=amazon.account}, skipping since the account already exists
04-13 01:13:15.263   917  2109 W AccountManagerService: insertAccountIntoDatabase: Account {name=default_account, type=amazon.account}, skipping since the account already exists
04-13 01:13:15.264   917  2115 W AccountManagerService: insertAccountIntoDatabase: Account {name=default_account, type=amazon.account}, skipping since the account already exists
04-13 01:13:15.273 25557 25643 D AmazonCMS: Read 2 card ids from the cache for producer com.amazon.kindle.cms.card.producer.NEWSSTAND in profile 0
04-13 01:13:15.277   917   933 W AccountManagerService: insertAccountIntoDatabase: Account {name=default_account, type=amazon.account}, skipping since the account already exists
04-13 01:13:15.282 27385 27403 I native-activity: Frame 240 GL error is 0x500
04-13 01:13:15.282 27385 27403 I native-activity: Frame 240 time is 240.553ms
04-13 01:13:15.284 27385 27403 I native-activity: Swap 240 time is 242.226ms
04-13 01:13:15.284 27385 27403 I native-activity: Animating
04-13 01:13:15.293   917  2246 W AccountManagerService: insertAccountIntoDatabase: Account {name=default_account, type=amazon.account}, skipping since the account already exists
04-13 01:13:15.307   917  2175 W AccountManagerService: insertAccountIntoDatabase: Account {name=default_account, type=amazon.account}, skipping since the account already exists
04-13 01:13:15.326   917  1764 W AccountManagerService: insertAccountIntoDatabase: Account {name=default_account, type=amazon.account}, skipping since the account already exists
04-13 01:13:15.345   917  2113 W AccountManagerService: insertAccountIntoDatabase: Account {name=default_account, type=amazon.account}, skipping since the account already exists
04-13 01:13:15.354   917  1762 W AccountManagerService: insertAccountIntoDatabase: Account {name=default_account, type=amazon.account}, skipping since the account already exists
04-13 01:13:15.365   917  1766 W AccountManagerService: insertAccountIntoDatabase: Account {name=default_account, type=amazon.account}, skipping since the account already exists
04-13 01:13:15.383   917 25027 W AccountManagerService: insertAccountIntoDatabase: Account {name=default_account, type=amazon.account}, skipping since the account already exists
04-13 01:13:15.393 25557 25643 W AmazonCMS: Delivery card detected for item ***** but no delivery date set
04-13 01:13:15.394 25557 25643 D AmazonCMS: Creating delivery card with id: *****
