04-13 00:40:01.262 22070 22103 V native-activity: 		EGL_LEVEL: 0
04-13 00:40:01.262 22070 22103 V native-activity: 		EGL_COLOR_BUFFER_TYPE: 12431 EGL_LUMINANCE_BUFFER,
04-13 00:40:01.262 22070 22103 V native-activity: 		EGL_BUFFER_SIZE: 16
04-13 00:40:01.262 22070 22103 V native-activity: 		EGL_SAMPLES: 0
04-13 00:40:01.262 22070 22103 V native-activity: 		EGL_SAMPLE_BUFFERS: 0
04-13 00:40:01.262 22070 22103 V native-activity: 		EGL_RED_SIZE: 0
04-13 00:40:01.262 22070 22103 V native-activity: 		EGL_GREEN_SIZE: 0
04-13 00:40:01.263 22070 22103 V native-activity: 		EGL_LEVEL: 0
04-13 00:40:01.264 22070 22103 V native-activity: 		EGL_MAX_SWAP_INTERVAL: 10
04-13 00:40:01.264 22070 22103 D native-activity: 	Config 0x60000012 index 17
04-13 00:40:01.267 22070 22103 V native-activity: 		EGL_CONFORMANT: 5 EGL_OPENGL_ES_BIT, EGL_OPENGL_ES2_BIT,
04-13 00:40:01.267 22070 22103 V native-activity: 		EGL_TRANSPARENT_BLUE_VALUE: -1
04-13 00:40:01.268 22070 22103 V native-activity: 		EGL_BIND_TO_TEXTURE_RGBA: 1
04-13 00:40:01.268 22070 22103 V native-activity: 		EGL_MIN_SWAP_INTERVAL: 0
04-13 00:40:01.268 22070 22103 V native-activity: 		EGL_MAX_SWAP_INTERVAL: 10
04-13 00:40:01.268 22070 22103 V native-activity: 		EGL_MAX_PBUFFER_HEIGHT: 4096
04-13 00:40:01.268 22070 22103 D native-activity: 	Config 0x60000017 index 22
04-13 00:40:01.268 22070 22103 V native-activity: 		EGL_CONFORMANT: 5 EGL_OPENGL_ES_BIT, EGL_OPENGL_ES2_BIT,
04-13 00:40:01.268 22070 22103 V native-activity: 		EGL_CONFIG_CAVEAT: 12368 EGL_SLOW_CONFIG,
04-13 00:40:01.268 22070 22103 V native-activity: 		EGL_SURFACE_TYPE: 1028 EGL_SWAP_BEHAVIOR_PRESERVED_BIT, EGL_WINDOW_BIT,
04-13 00:40:01.268 22070 22103 V native-activity: 		EGL_LEVEL: 0
04-13 00:40:01.268 22070 22103 V native-activity: 		EGL_COLOR_BUFFER_TYPE: 12430 EGL_RGB_BUFFER,
04-13 00:40:01.268 22070 22103 V native-activity: 		EGL_SAMPLES: 0
04-13 00:40:01.268 22070 22103 V native-activity: 		EGL_RED_SIZE: 8
04-13 00:40:01.268 22070 22103 V native-activity: 		EGL_BLUE_SIZE: 8
04-13 00:40:01.268 22070 22103 V native-activity: 		EGL_ALPHA_MASK_SIZE: 0
04-13 00:40:01.268 22070 22103 V native-activity: 		EGL_LUMINANCE_SIZE: 0
04-13 00:40:01.268 22070 22103 V native-activity: 		EGL_MAX_PBUFFER_HEIGHT: 4096
04-13 00:40:01.268 22070 22103 D native-activity: Comparing requested attrib 12339 value 4 to 1031
04-13 00:40:01.268 22070 22103 D native-activity: Comparing requested attrib 12352 value 4 to 5
04-13 00:40:01.268 22070 22103 D native-activity: Comparing requested attrib 12322 value 8 to 5
04-13 00:40:01.268 22070 22103 D native-activity: Comparing requested attrib 12339 value 4 to 1543
04-13 00:40:01.269 22070 22103 D native-activity: Comparing requested attrib 12352 value 4 to 5
04-13 00:40:01.269 22070 22103 D native-activity: Comparing requested attrib 12322 value 8 to 5
04-13 00:40:01.269 22070 22103 D native-activity: Examining config 0x60000003
04-13 00:40:01.269 22070 22103 D native-activity: Comparing requested attrib 12339 value 4 to 1543
04-13 00:40:01.269 22070 22103 D native-activity: Comparing requested attrib 12352 value 4 to 5
04-13 00:40:01.269 22070 22103 D native-activity: Comparing requested attrib 12322 value 8 to 5
04-13 00:40:01.269 22070 22103 D native-activity: Comparing requested attrib 12339 value 4 to 1031
04-13 00:40:01.270 22070 22103 D native-activity: Examining config 0x6000000c
04-13 00:40:01.270 22070 22103 D native-activity: Comparing requested attrib 12352 value 4 to 5
04-13 00:40:01.270 22070 22103 D native-activity: Comparing requested attrib 12323 value 8 to 8
04-13 00:40:01.270 22070 22103 D native-activity: Comparing requested attrib 12324 value 8 to 8
04-13 00:40:01.270 22070 22103 D native-activity: Comparing requested attrib 12321 value 8 to 8
04-13 00:40:01.270 22070 22103 D native-activity: Comparing requested attrib 12339 value 4 to 1031
04-13 00:40:01.270 22070 22103 D native-activity: Comparing requested attrib 12322 value 8 to 5
04-13 00:40:01.270 22070 22103 D native-activity: Comparing requested attrib 12352 value 4 to 5
04-13 00:40:01.270 22070 22103 D native-activity: Comparing requested attrib 12322 value 8 to 8
04-13 00:40:01.270 22070 22103 D native-activity: Comparing requested attrib 12324 value 8 to 8
04-13 00:40:01.270 22070 22103 D native-activity: Comparing requested attrib 12325 value 16 to 0
04-13 00:40:01.270 22070 22103 D native-activity: Comparing requested attrib 12339 value 4 to 1031
04-13 00:40:01.270 22070 22103 D native-activity: Comparing requested attrib 12352 value 4 to 5
04-13 00:40:01.270 22070 22103 D native-activity: Comparing requested attrib 12323 value 8 to 8
04-13 00:40:01.271 22070 22103 D native-activity: Comparing requested attrib 12321 value 8 to 0
04-13 00:40:01.271 22070 22103 D native-activity: Comparing requested attrib 12339 value 4 to 1031
04-13 00:40:01.271 22070 22103 D native-activity: Comparing requested attrib 12322 value 8 to 8
04-13 00:40:01.271 22070 22103 D native-activity: Comparing requested attrib 12323 value 8 to 8
04-13 00:40:01.271 22070 22103 D native-activity: Comparing requested attrib 12321 value 8 to 0
04-13 00:40:01.271 22070 22103 D native-activity: Comparing requested attrib 12339 value 4 to 1031
04-13 00:40:01.271 22070 22103 D native-activity: Comparing requested attrib 12352 value 4 to 5
04-13 00:40:01.271 22070 22103 D native-activity: Comparing requested attrib 12323 value 8 to 8
04-13 00:40:01.272 22070 22103 I native-activity: 		EGL_SAMPLES: 0
04-13 00:40:01.272 22070 22103 I native-activity: 		EGL_GREEN_SIZE: 8
04-13 00:40:01.272 22070 22103 I native-activity: 		EGL_TRANSPARENT_BLUE_VALUE: -1
04-13 00:40:01.272 22070 22103 I native-activity: 		EGL_BIND_TO_TEXTURE_RGB: 1
04-13 00:40:01.272 22070 22103 I native-activity: 		EGL_MIN_SWAP_INTERVAL: 0
04-13 00:40:01.272 22070 22103 I native-activity: 		EGL_MAX_PBUFFER_WIDTH: 4096
04-13 00:40:01.272 22070 22103 I native-activity: Creating pbuffer surface as pbuffer_bit is set
04-13 00:40:01.273 22070 22103 I native-activity: EGL Surface 0xb91ac1b0 information
04-13 00:40:01.273 22070 22103 I native-activity: 		EGL_CONFIG_ID: 9
04-13 00:40:01.273 22070 22103 I native-activity: 		EGL_WIDTH: 720
04-13 00:40:01.273 22070 22103 I native-activity: 		EGL_HEIGHT: 1280
04-13 00:40:01.273 22070 22103 I native-activity: 		EGL_HORIZONTAL_RESOLUTION: -1 EGL_UNKNOWN,
04-13 00:40:01.273 22070 22103 I native-activity: 		EGL_VERTICAL_RESOLUTION: -1 EGL_UNKNOWN,
04-13 00:40:01.273 22070 22103 I native-activity: 		EGL_PIXEL_ASPECT_RATIO: -1 EGL_UNKNOWN,
04-13 00:40:01.273 22070 22103 I native-activity: 		EGL_RENDER_BUFFER: 12420 EGL_BACK_BUFFER,
04-13 00:40:01.273 22070 22103 I native-activity: 		EGL_MIPMAP_TEXTURE: 0
04-13 00:40:01.273 22070 22103 I native-activity: 		EGL_TEXTURE_FORMAT: 12380 EGL_NO_TEXTURE,
04-13 00:40:01.273 22070 22103 I native-activity: 		EGL_TEXTURE_TARGET: 12380 EGL_NO_TEXTURE,
04-13 00:40:01.273 22070 22103 I native-activity: 		EGL_SWAP_BEHAVIOR: 12437 EGL_BUFFER_DESTROYED,
04-13 00:40:01.273 22070 22103 I native-activity: 		EGL_MULTISAMPLE_RESOLVE: 12442 EGL_MULTISAMPLE_RESOLVE_DEFAULT,
04-13 00:40:01.274 22070 22103 I native-activity: Created context 0xb91b9120, error 0x3000
04-13 00:40:01.274 22070 22103 I native-activity: 		EGL_CONFIG_ID: 9
04-13 00:40:01.274 22070 22103 I native-activity: 		EGL_CONTEXT_CLIENT_TYPE: 12448 EGL_OPENGL_ES_API,
04-13 00:40:01.274 22070 22103 I native-activity: 		EGL_CONTEXT_CLIENT_VERSION: 2
04-13 00:40:01.274 22070 22103 I native-activity: 		EGL_RENDER_BUFFER: 12344 EGL_NONE,
04-13 00:40:01.274 22070 22103 I native-activity: Context 0xb91b9120 made current on surface 0xb91ac1b0, error 0x3000
04-13 00:40:01.274 22070 22103 I native-activity: GL information
04-13 00:40:01.274 22070 22103 I native-activity: 	Renderer: Mali-450 MP
04-13 00:40:01.274 22070 22103 I native-activity: 	Vendor: ARM
04-13 00:40:01.274 22070 22103 I native-activity: 	Version: OpenGL ES 2.0
04-13 00:40:01.274 22070 22103 I native-activity: 	Shading Language: OpenGL ES GLSL ES 1.00
04-13 00:40:01.274 22070 22103 I native-activity: 	Extensions: GL_EXT_debug_marker GL_OES_texture_npot GL_OES_compressed_ETC1_RGB8_texture GL_OES_standard_derivatives GL_OES_EGL_image GL_OES_depth24 GL_ARM_rgba8 GL_ARM_mali_shader_binary GL_OES_depth_texture GL_OES_packed_depth_stencil GL_EXT_texture_format_BGRA8888 GL_OES_vertex_half_float GL_EXT_blend_minmax GL_OES_EGL_image_external GL_OES_EGL_sync GL_OES_rgb8_rgba8 GL_EXT_multisampled_render_to_texture GL_EXT_discard_framebuffer GL_OES_get_program_binary GL_ARM_mali_program_binary GL_EXT_shader_texture_lod GL_EXT_robustness GL_OES_depth_texture_cube_map GL_KHR_debug 
04-13 00:40:01.274 22070 22103 W MALI    : _gles_set_error:84: [WARNING]Mali GLES errorcode: 500 (next several errors will be ignored to avoid flood)
04-13 00:40:01.300 22090 22090 I Kernel  : [45239.976079].(3)[22090:main]name:dev/ashmem/dalvik-main space unmap vm_start 12c00000  end: 12e01000
04-13 00:40:01.300 22090 22090 I Kernel  : [45239.977596].(3)[22090:main]name:Log.main_3310 unmap vm_start b40a7000  end: b44a7000
04-13 00:40:01.300 22090 22090 I Kernel  : [45239.977658].(3)[22090:main]name:dev/ashmem/dalvik-main space unmap vm_start 22c00000  end: 22c01000
04-13 00:40:01.319 22070 22103 I native-activity: Context 0xb91b9120 made current on surface 0xb91ac1b0, error 0x3000
04-13 00:40:01.319 22070 22103 I native-activity: GL information
04-13 00:40:01.320 22070 22103 I native-activity: 	Renderer: Mali-450 MP
04-13 00:40:01.320 22070 22103 I native-activity: 	Vendor: ARM
04-13 00:40:01.320 22070 22103 I native-activity: 	Version: OpenGL ES 2.0
04-13 00:40:01.320 22070 22103 I native-activity: 	Shading Language: OpenGL ES GLSL ES 1.00
04-13 00:40:01.320 22070 22103 I native-activity: 	Extensions: GL_EXT_debug_marker GL_OES_texture_npot GL_OES_compressed_ETC1_RGB8_texture GL_OES_standard_derivatives GL_OES_EGL_image GL_OES_depth24 GL_ARM_rgba8 GL_ARM_mali_shader_binary GL_OES_depth_texture GL_OES_packed_depth_stencil GL_EXT_texture_format_BGRA8888 GL_OES_vertex_half_float GL_EXT_blend_minmax GL_OES_EGL_image_external GL_OES_EGL_sync GL_OES_rgb8_rgba8 GL_EXT_multisampled_render_to_texture GL_EXT_discard_framebuffer GL_OES_get_program_binary GL_ARM_mali_program_binary GL_EXT_shader_texture_lod GL_EXT_robustness GL_OES_depth_texture_cube_map GL_KHR_debug 
04-13 00:40:01.348 22070 22103 I native-activity: Frame 0 GL error is 0x500
04-13 00:40:01.348 22070 22103 I native-activity: Frame 0 time is 74.927ms
04-13 00:40:01.348 22070 22103 I native-activity: Doing egl_swapbuffers_sync 1
04-13 00:40:01.348 22070 22103 D native-activity: Reading pixels format 0x1908 type 0x1401 bpp 4
04-13 00:40:01.351 22070 22103 I native-activity: Read pixels, GL error is 0x0
04-13 00:40:01.351 22070 22103 I native-activity: Swap 0 time is 77.982ms
04-13 00:40:01.352   917  2109 D Sensors : hwm__set_delay: Set delay 1000000 ns
04-13 00:40:01.352   917  2109 D Sensors : Control set delay 1000000 ns is too small 
04-13 00:40:01.340   917  2109 I Kernel  : [45240.013843].(3)[2109:Binder_8]<HWMSEN> ioctl delay handle=0,delay =10
04-13 00:40:01.340   917  2109 I Kernel  : [45240.014747][Gsensor] KXTJ2_1009_SetPowerMode 0!
04-13 00:40:01.350   917  2109 I Kernel  : [Gsensor] KXTJ2_1009_SetPowerMode 1!
04-13 00:40:01.369   917  2245 D Sensors : hwm__set_delay: Set delay 16000000 ns
04-13 00:40:01.350   917  2109 I Kernel  : KXTJ2_1009_SetBWRate OK! 
04-13 00:40:01.350 22111 22111 W sh      : type=1400 audit(0.0:5014): avc: denied { module_request } for kmod="personality-8" scontext=u:r:shell:s0 tcontext=u:r:kernel:s0 tclass=system permissive=0
04-13 00:40:01.350   917  2109 I Kernel  : [45240.030658].(1)[2109:Binder_8]<HWMSEN> update_workqueue_polling_rate
04-13 00:40:01.350   917  2109 I Kernel  : [45240.030675].(1)[2109:Binder_8]<HWMSEN> set old fastest sensor delay as workqueue base time=10
04-13 00:40:01.350   917  2109 I Kernel  : [45240.030692].(1)[2109:Binder_8]<HWMSEN> update_workqueue_polling_rate,set delayCountSet=0 delay =10 handle=0
04-13 00:40:01.350 22111 22111 I Kernel  : [45240.031164].(0)[22111:sh]audit avc scontext:u:r:shell:s0
04-13 00:40:01.350   917  2245 I Kernel  : [45240.031190].(1)[2245:Binder_D]<HWMSEN> ioctl delay handle=0,delay =16
04-13 00:40:01.371 20623 20623 I F_C.Launcher: onStop
04-13 00:40:01.360   917  2245 I Kernel  : [45240.032375][Gsensor] KXTJ2_1009_SetPowerMode 0!
04-13 00:40:01.374 20623 20623 I F_C.ImageMemoryManager: onTrimMemory: Level: 20, activeSources: ArraySet[ ImageSourceState(com.amazon.firelauncher.images.imagesource.AppsMainFolderImageSource@a206117) ]
04-13 00:40:01.360 22111 22111 W logcat  : type=1400 audit(0.0:5015): avc: denied { module_request } for kmod="personality-8" scontext=u:r:shell:s0 tcontext=u:r:kernel:s0 tclass=system permissive=0
04-13 00:40:01.360 22111 22111 I Kernel  : [45240.036542].(2)[22111:logcat]audit avc scontext:u:r:shell:s0
04-13 00:40:01.370   917  2245 I Kernel  : [Gsensor] KXTJ2_1009_SetPowerMode 1!
04-13 00:40:01.388 22070 22103 I native-activity: Animating
04-13 00:40:01.388 22070 22103 I native-activity: Frame 1 GL error is 0x0
04-13 00:40:01.388 22070 22103 I native-activity: Frame 1 time is 0.251ms
04-13 00:40:01.388 22070 22103 I native-activity: Doing egl_swapbuffers_sync 1
04-13 00:40:01.388 22070 22103 D native-activity: Reading pixels format 0x1908 type 0x1401 bpp 4
04-13 00:40:01.370   917  2245 I Kernel  : KXTJ2_1009_SetBWRate OK! 
04-13 00:40:01.370   917  2245 I Kernel  : [45240.049548].(1)[2245:Binder_D]<HWMSEN> update_workqueue_polling_rate
04-13 00:40:01.370   917  2245 I Kernel  : [45240.049563].(1)[2245:Binder_D]<HWMSEN> set old fastest sensor delay as workqueue base time=16
04-13 00:40:01.370   917  2245 I Kernel  : [45240.049578].(1)[2245:Binder_D]<HWMSEN> update_workqueue_polling_rate,set delayCountSet=0 delay =16 handle=0
04-13 00:40:01.391 22070 22103 I native-activity: Read pixels, GL error is 0x0
04-13 00:40:01.391 22070 22103 I native-activity: Swap 1 time is 3.091ms
04-13 00:40:01.391 22070 22103 I native-activity: Animating
04-13 00:40:01.391 22070 22103 I native-activity: Frame 2 GL error is 0x0
04-13 00:40:01.391 22070 22103 I native-activity: Frame 2 time is 0.194ms
04-13 00:40:01.391 22070 22103 I native-activity: Doing egl_swapbuffers_sync 1
04-13 00:40:01.391 22070 22103 D native-activity: Reading pixels format 0x1908 type 0x1401 bpp 4
04-13 00:40:01.395 22070 22103 I native-activity: Read pixels, GL error is 0x0
04-13 00:40:01.395 22070 22103 I native-activity: Swap 2 time is 3.820ms
04-13 00:40:01.395 22070 22103 I native-activity: Animating
04-13 00:40:01.395 22070 22103 I native-activity: Context 0xb91b9120 made current on surface 0xb91ac1b0, error 0x3000
04-13 00:40:01.395 22070 22103 I native-activity: GL information
04-13 00:40:01.395 22070 22103 I native-activity: 	Renderer: Mali-450 MP
04-13 00:40:01.395 22070 22103 I native-activity: 	Vendor: ARM
04-13 00:40:01.395 22070 22103 I native-activity: 	Version: OpenGL ES 2.0
04-13 00:40:01.395 22070 22103 I native-activity: 	Shading Language: OpenGL ES GLSL ES 1.00
04-13 00:40:01.395 22070 22103 I native-activity: 	Extensions: GL_EXT_debug_marker GL_OES_texture_npot GL_OES_compressed_ETC1_RGB8_texture GL_OES_standard_derivatives GL_OES_EGL_image GL_OES_depth24 GL_ARM_rgba8 GL_ARM_mali_shader_binary GL_OES_depth_texture GL_OES_packed_depth_stencil GL_EXT_texture_format_BGRA8888 GL_OES_vertex_half_float GL_EXT_blend_minmax GL_OES_EGL_image_external GL_OES_EGL_sync GL_OES_rgb8_rgba8 GL_EXT_multisampled_render_to_texture GL_EXT_discard_framebuffer GL_OES_get_program_binary GL_ARM_mali_program_binary GL_EXT_shader_texture_lod GL_EXT_robustness GL_OES_depth_texture_cube_map GL_KHR_debug 
04-13 00:40:01.395 22070 22103 I native-activity: Frame 3 GL error is 0x501
04-13 00:40:01.395 22070 22103 I native-activity: Frame 3 time is 0.257ms
04-13 00:40:01.395 22070 22103 I native-activity: Doing egl_swapbuffers_sync 1
04-13 00:40:01.395 22070 22103 D native-activity: Reading pixels format 0x1908 type 0x1401 bpp 4
04-13 00:40:01.395 22070 22103 I native-activity: Read pixels, GL error is 0x0
04-13 00:40:01.395 22070 22103 I native-activity: Swap 3 time is 0.436ms
04-13 00:40:01.395 22070 22103 I native-activity: Animating
04-13 00:40:01.474 22070 22103 I native-activity: Frame 4 GL error is 0x500
04-13 00:40:01.474 22070 22103 I native-activity: Frame 4 time is 78.354ms
04-13 00:40:01.474 22070 22103 I native-activity: Doing egl_swapbuffers_sync 1
04-13 00:40:01.474 22070 22103 D native-activity: Reading pixels format 0x1908 type 0x1401 bpp 4
04-13 00:40:01.476 22070 22103 I native-activity: Read pixels, GL error is 0x0
04-13 00:40:01.476 22070 22103 I native-activity: Swap 4 time is 80.382ms
04-13 00:40:01.476 22070 22103 I native-activity: Animating
04-13 00:40:01.476 22070 22103 I native-activity: Frame 5 GL error is 0x0
04-13 00:40:01.476 22070 22103 I native-activity: Frame 5 time is 0.151ms
04-13 00:40:01.476 22070 22103 I native-activity: Doing egl_swapbuffers_sync 1
04-13 00:40:01.476 22070 22103 D native-activity: Reading pixels format 0x1908 type 0x1401 bpp 4
04-13 00:40:01.480 22070 22103 I native-activity: Read pixels, GL error is 0x0
04-13 00:40:01.480 22070 22103 I native-activity: Swap 5 time is 3.858ms
04-13 00:40:01.480 22070 22103 I native-activity: Animating
04-13 00:40:01.480 22070 22103 I native-activity: Frame 6 GL error is 0x0
04-13 00:40:01.481 22070 22103 I native-activity: Frame 6 time is 0.262ms
04-13 00:40:01.481 22070 22103 I native-activity: Doing egl_swapbuffers_sync 1
04-13 00:40:01.481 22070 22103 D native-activity: Reading pixels format 0x1908 type 0x1401 bpp 4
04-13 00:40:01.483 22070 22103 I native-activity: Read pixels, GL error is 0x0
04-13 00:40:01.484 22070 22103 I native-activity: Swap 6 time is 3.733ms
04-13 00:40:01.484 22070 22103 I native-activity: Animating
04-13 00:40:01.484 22070 22103 I native-activity: Frame 7 GL error is 0x0
04-13 00:40:01.484 22070 22103 I native-activity: Frame 7 time is 0.168ms
04-13 00:40:01.484 22070 22103 I native-activity: Doing egl_swapbuffers_sync 1
04-13 00:40:01.484 22070 22103 D native-activity: Reading pixels format 0x1908 type 0x1401 bpp 4
04-13 00:40:01.486 22070 22103 I native-activity: Read pixels, GL error is 0x0
04-13 00:40:01.486 22070 22103 I native-activity: Swap 7 time is 2.006ms
04-13 00:40:01.486 22070 22103 I native-activity: Animating
04-13 00:40:01.487 22070 22103 I native-activity: Frame 8 GL error is 0x0
04-13 00:40:01.487 22070 22103 I native-activity: Frame 8 time is 0.505ms
04-13 00:40:01.487 22070 22103 I native-activity: Doing egl_swapbuffers_sync 1
04-13 00:40:01.487 22070 22103 D native-activity: Reading pixels format 0x1908 type 0x1401 bpp 4
04-13 00:40:01.489 22070 22103 I native-activity: Read pixels, GL error is 0x0
04-13 00:40:01.489 22070 22103 I native-activity: Swap 8 time is 2.668ms
04-13 00:40:01.489 22070 22103 I native-activity: Animating
04-13 00:40:01.489 22070 22103 I native-activity: Frame 9 GL error is 0x0
04-13 00:40:01.489 22070 22103 I native-activity: Frame 9 time is 0.124ms
04-13 00:40:01.489 22070 22103 I native-activity: Doing egl_swapbuffers_sync 1
04-13 00:40:01.489 22070 22103 D native-activity: Reading pixels format 0x1908 type 0x1401 bpp 4
04-13 00:40:01.491 22070 22103 I native-activity: Read pixels, GL error is 0x0
04-13 00:40:01.491 22070 22103 I native-activity: Swap 9 time is 2.413ms
04-13 00:40:01.491 22070 22103 I native-activity: Animating
04-13 00:40:01.491 22070 22103 I native-activity: Frame 10 GL error is 0x0
04-13 00:40:01.491 22070 22103 I native-activity: Frame 10 time is 0.160ms
04-13 00:40:01.491 22070 22103 I native-activity: Doing egl_swapbuffers_sync 1
04-13 00:40:01.491 22070 22103 D native-activity: Reading pixels format 0x1908 type 0x1401 bpp 4
04-13 00:40:01.495 22070 22103 I native-activity: Read pixels, GL error is 0x0
04-13 00:40:01.497 22070 22103 I native-activity: Swap 10 time is 5.934ms
04-13 00:40:01.497 22070 22103 I native-activity: Animating
04-13 00:40:01.498 22070 22103 I native-activity: Frame 11 GL error is 0x0
04-13 00:40:01.498 22070 22103 I native-activity: Frame 11 time is 0.228ms
04-13 00:40:01.498 22070 22103 I native-activity: Doing egl_swapbuffers_sync 1
04-13 00:40:01.498 22070 22103 D native-activity: Reading pixels format 0x1908 type 0x1401 bpp 4
04-13 00:40:01.500 22070 22103 I native-activity: Read pixels, GL error is 0x0
04-13 00:40:01.500 22070 22103 I native-activity: Swap 11 time is 3.126ms
04-13 00:40:01.500 22070 22103 I native-activity: Animating
04-13 00:40:01.501 22070 22103 I native-activity: Frame 12 GL error is 0x0
04-13 00:40:01.501 22070 22103 I native-activity: Frame 12 time is 0.543ms
04-13 00:40:01.501 22070 22103 I native-activity: Doing egl_swapbuffers_sync 1
04-13 00:40:01.501 22070 22103 D native-activity: Reading pixels format 0x1908 type 0x1401 bpp 4
04-13 00:40:01.502   143 13904 I [MALI][Gralloc]: usage0: 0xf02, format7: 1 stride2: 608 vertical_stride6: 976 size: 2373632
04-13 00:40:01.503  1787  2848 I MaliEGL : [Mali]window_type=1, is_framebuffer=0, errnum = 0
04-13 00:40:01.503  1787  2848 I MaliEGL : [Mali]surface->num_buffers=4, surface->num_frames=3, win_min_undequeued=1
04-13 00:40:01.503  1787  2848 I MaliEGL : [Mali]max_allowed_dequeued_buffers=3
04-13 00:40:01.503 22070 22103 I native-activity: Read pixels, GL error is 0x0
04-13 00:40:01.503 22070 22103 I native-activity: Swap 12 time is 2.896ms
04-13 00:40:01.503 22070 22103 I native-activity: Animating
04-13 00:40:01.504 22070 22103 I native-activity: Frame 13 GL error is 0x0
04-13 00:40:01.504 22070 22103 I native-activity: Frame 13 time is 0.168ms
04-13 00:40:01.504 22070 22103 I native-activity: Doing egl_swapbuffers_sync 1
04-13 00:40:01.504 22070 22103 D native-activity: Reading pixels format 0x1908 type 0x1401 bpp 4
04-13 00:40:01.506   143   255 I [MALI][Gralloc]: usage0: 0xf02, format7: 1 stride2: 976 vertical_stride6: 600 size: 2342400
04-13 00:40:01.506 22070 22103 I native-activity: Read pixels, GL error is 0x0
04-13 00:40:01.506 22070 22103 I native-activity: Swap 13 time is 2.734ms
04-13 00:40:01.506 22070 22103 I native-activity: Animating
04-13 00:40:01.506 22070 22103 I native-activity: Frame 14 GL error is 0x0
04-13 00:40:01.507 22070 22103 I native-activity: Frame 14 time is 0.152ms
04-13 00:40:01.507 22070 22103 I native-activity: Doing egl_swapbuffers_sync 1
04-13 00:40:01.507 22070 22103 D native-activity: Reading pixels format 0x1908 type 0x1401 bpp 4
04-13 00:40:01.509 22070 22103 I native-activity: Read pixels, GL error is 0x0
04-13 00:40:01.509 22070 22103 I native-activity: Swap 14 time is 2.770ms
04-13 00:40:01.509 22070 22103 I native-activity: Animating
04-13 00:40:01.510 22070 22103 I native-activity: Frame 15 GL error is 0x0
04-13 00:40:01.510 22070 22103 I native-activity: Frame 15 time is 1.095ms
04-13 00:40:01.510 22070 22103 I native-activity: Doing egl_swapbuffers_sync 1
04-13 00:40:01.510 22070 22103 D native-activity: Reading pixels format 0x1908 type 0x1401 bpp 4
04-13 00:40:01.513 22070 22103 I native-activity: Read pixels, GL error is 0x0
04-13 00:40:01.513 22070 22103 I native-activity: Swap 15 time is 3.484ms
04-13 00:40:01.513 22070 22103 I native-activity: Animating
04-13 00:40:01.513 22070 22103 I native-activity: Frame 16 GL error is 0x0
04-13 00:40:01.513 22070 22103 I native-activity: Frame 16 time is 0.191ms
04-13 00:40:01.513 22070 22103 I native-activity: Doing egl_swapbuffers_sync 1
04-13 00:40:01.513 22070 22103 D native-activity: Reading pixels format 0x1908 type 0x1401 bpp 4
04-13 00:40:01.515 22070 22103 I native-activity: Read pixels, GL error is 0x0
04-13 00:40:01.515 22070 22103 I native-activity: Swap 16 time is 2.441ms
04-13 00:40:01.515 22070 22103 I native-activity: Animating
04-13 00:40:01.515 22070 22103 I native-activity: Frame 17 GL error is 0x0
04-13 00:40:01.515 22070 22103 I native-activity: Frame 17 time is 0.163ms
04-13 00:40:01.515 22070 22103 I native-activity: Doing egl_swapbuffers_sync 1
04-13 00:40:01.515 22070 22103 D native-activity: Reading pixels format 0x1908 type 0x1401 bpp 4
04-13 00:40:01.518 22070 22103 I native-activity: Read pixels, GL error is 0x0
04-13 00:40:01.518 22070 22103 I native-activity: Swap 17 time is 2.438ms
04-13 00:40:01.518 22070 22103 I native-activity: Animating
04-13 00:40:01.518 22070 22103 I native-activity: Frame 18 GL error is 0x0
04-13 00:40:01.518 22070 22103 I native-activity: Frame 18 time is 0.126ms
04-13 00:40:01.518 22070 22103 I native-activity: Doing egl_swapbuffers_sync 1
04-13 00:40:01.518 22070 22103 D native-activity: Reading pixels format 0x1908 type 0x1401 bpp 4
04-13 00:40:01.520 22070 22103 I native-activity: Read pixels, GL error is 0x0
04-13 00:40:01.520 22070 22103 I native-activity: Swap 18 time is 2.439ms
04-13 00:40:01.520 22070 22103 I native-activity: Animating
04-13 00:40:01.521 22070 22103 I native-activity: Frame 19 GL error is 0x0
04-13 00:40:01.521 22070 22103 I native-activity: Frame 19 time is 0.520ms
04-13 00:40:01.521 22070 22103 I native-activity: Doing egl_swapbuffers_sync 1
04-13 00:40:01.521 22070 22103 D native-activity: Reading pixels format 0x1908 type 0x1401 bpp 4
04-13 00:40:01.523 22070 22103 I native-activity: Read pixels, GL error is 0x0
04-13 00:40:01.523 22070 22103 I native-activity: Swap 19 time is 2.642ms
04-13 00:40:01.523 22070 22103 I native-activity: Animating
04-13 00:40:01.523 22070 22103 I native-activity: Frame 20 GL error is 0x0
04-13 00:40:01.523 22070 22103 I native-activity: Frame 20 time is 0.148ms
04-13 00:40:01.523 22070 22103 I native-activity: Doing egl_swapbuffers_sync 1
04-13 00:40:01.523 22070 22103 D native-activity: Reading pixels format 0x1908 type 0x1401 bpp 4
04-13 00:40:01.525 22070 22103 I native-activity: Read pixels, GL error is 0x0
04-13 00:40:01.525 22070 22103 I native-activity: Swap 20 time is 2.521ms
04-13 00:40:01.526 22070 22103 I native-activity: Animating
04-13 00:40:01.526 22070 22103 I native-activity: Frame 21 GL error is 0x0
04-13 00:40:01.526 22070 22103 I native-activity: Frame 21 time is 0.127ms
04-13 00:40:01.526 22070 22103 I native-activity: Doing egl_swapbuffers_sync 1
04-13 00:40:01.526 22070 22103 D native-activity: Reading pixels format 0x1908 type 0x1401 bpp 4
04-13 00:40:01.528 22070 22103 I native-activity: Read pixels, GL error is 0x0
04-13 00:40:01.528 22070 22103 I native-activity: Swap 21 time is 2.830ms
04-13 00:40:01.529 22070 22103 I native-activity: Animating
04-13 00:40:01.529 22070 22103 I native-activity: Frame 22 GL error is 0x0
04-13 00:40:01.529 22070 22103 I native-activity: Frame 22 time is 0.470ms
04-13 00:40:01.529 22070 22103 I native-activity: Doing egl_swapbuffers_sync 1
04-13 00:40:01.529 22070 22103 D native-activity: Reading pixels format 0x1908 type 0x1401 bpp 4
04-13 00:40:01.532 22070 22103 I native-activity: Read pixels, GL error is 0x0
04-13 00:40:01.532 22070 22103 I native-activity: Swap 22 time is 3.587ms
04-13 00:40:01.532 22070 22103 I native-activity: Animating
04-13 00:40:01.533 22070 22103 I native-activity: Frame 23 GL error is 0x0
04-13 00:40:01.533 22070 22103 I native-activity: Frame 23 time is 0.184ms
04-13 00:40:01.533 22070 22103 I native-activity: Doing egl_swapbuffers_sync 1
04-13 00:40:01.533 22070 22103 D native-activity: Reading pixels format 0x1908 type 0x1401 bpp 4
04-13 00:40:01.535 22070 22103 I native-activity: Read pixels, GL error is 0x0
04-13 00:40:01.535 22070 22103 I native-activity: Swap 23 time is 2.747ms
04-13 00:40:01.535 22070 22103 I native-activity: Animating
04-13 00:40:01.535 22070 22103 I native-activity: Frame 24 GL error is 0x0
04-13 00:40:01.535 22070 22103 I native-activity: Frame 24 time is 0.166ms
04-13 00:40:01.535 22070 22103 I native-activity: Doing egl_swapbuffers_sync 1
04-13 00:40:01.535 22070 22103 D native-activity: Reading pixels format 0x1908 type 0x1401 bpp 4
04-13 00:40:01.537 22070 22103 I native-activity: Read pixels, GL error is 0x0
04-13 00:40:01.537 22070 22103 I native-activity: Swap 24 time is 2.018ms
04-13 00:40:01.537 22070 22103 I native-activity: Animating
04-13 00:40:01.537 22070 22103 I native-activity: Frame 25 GL error is 0x0
04-13 00:40:01.537 22070 22103 I native-activity: Frame 25 time is 0.129ms
04-13 00:40:01.537 22070 22103 I native-activity: Doing egl_swapbuffers_sync 1
04-13 00:40:01.537 22070 22103 D native-activity: Reading pixels format 0x1908 type 0x1401 bpp 4
04-13 00:40:01.539 22070 22103 I native-activity: Read pixels, GL error is 0x0
04-13 00:40:01.539 22070 22103 I native-activity: Swap 25 time is 2.016ms
04-13 00:40:01.539 22070 22103 I native-activity: Animating
04-13 00:40:01.540 22070 22103 I native-activity: Frame 26 GL error is 0x0
04-13 00:40:01.540 22070 22103 I native-activity: Frame 26 time is 0.133ms
04-13 00:40:01.540 22070 22103 I native-activity: Doing egl_swapbuffers_sync 1
04-13 00:40:01.540 22070 22103 D native-activity: Reading pixels format 0x1908 type 0x1401 bpp 4
04-13 00:40:01.541 22070 22103 I native-activity: Read pixels, GL error is 0x0
04-13 00:40:01.542 22070 22103 I native-activity: Swap 26 time is 2.057ms
04-13 00:40:01.542 22070 22103 I native-activity: Animating
04-13 00:40:01.542 22070 22103 I native-activity: Frame 27 GL error is 0x0
04-13 00:40:01.542 22070 22103 I native-activity: Frame 27 time is 0.463ms
04-13 00:40:01.542 22070 22103 I native-activity: Doing egl_swapbuffers_sync 1
04-13 00:40:01.542 22070 22103 D native-activity: Reading pixels format 0x1908 type 0x1401 bpp 4
04-13 00:40:01.544 22070 22103 I native-activity: Read pixels, GL error is 0x0
04-13 00:40:01.544 22070 22103 I native-activity: Swap 27 time is 2.895ms
04-13 00:40:01.545 22070 22103 I native-activity: Animating
04-13 00:40:01.545 22070 22103 I native-activity: Frame 28 GL error is 0x0
04-13 00:40:01.545 22070 22103 I native-activity: Frame 28 time is 0.180ms
04-13 00:40:01.545 22070 22103 I native-activity: Doing egl_swapbuffers_sync 1
04-13 00:40:01.545 22070 22103 D native-activity: Reading pixels format 0x1908 type 0x1401 bpp 4
04-13 00:40:01.547 22070 22103 I native-activity: Read pixels, GL error is 0x0
04-13 00:40:01.547 22070 22103 I native-activity: Swap 28 time is 2.746ms
04-13 00:40:01.547 22070 22103 I native-activity: Animating
04-13 00:40:01.547 22070 22103 I native-activity: Frame 29 GL error is 0x0
04-13 00:40:01.548 22070 22103 I native-activity: Frame 29 time is 0.173ms
04-13 00:40:01.548 22070 22103 I native-activity: Doing egl_swapbuffers_sync 1
04-13 00:40:01.548 22070 22103 D native-activity: Reading pixels format 0x1908 type 0x1401 bpp 4
04-13 00:40:01.550 22070 22103 I native-activity: Read pixels, GL error is 0x0
04-13 00:40:01.550 22070 22103 I native-activity: Swap 29 time is 2.333ms
04-13 00:40:01.550 22070 22103 I native-activity: Animating
04-13 00:40:01.550 22070 22103 I native-activity: Frame 30 GL error is 0x0
04-13 00:40:01.550 22070 22103 I native-activity: Frame 30 time is 0.144ms
04-13 00:40:01.550 22070 22103 I native-activity: Doing egl_swapbuffers_sync 1
04-13 00:40:01.550 22070 22103 D native-activity: Reading pixels format 0x1908 type 0x1401 bpp 4
04-13 00:40:01.552 22070 22103 I native-activity: Read pixels, GL error is 0x0
04-13 00:40:01.552 22070 22103 I native-activity: Swap 30 time is 2.144ms
04-13 00:40:01.552 22070 22103 I native-activity: Animating
04-13 00:40:01.557 22070 22103 I native-activity: Frame 31 GL error is 0x500
04-13 00:40:01.558 22070 22103 I native-activity: Frame 31 time is 5.334ms
04-13 00:40:01.558 22070 22103 I native-activity: Doing egl_swapbuffers_sync 1
04-13 00:40:01.558 22070 22103 D native-activity: Reading pixels format 0x1908 type 0x1401 bpp 4
04-13 00:40:01.559 22070 22103 I native-activity: Read pixels, GL error is 0x0
04-13 00:40:01.559 22070 22103 I native-activity: Swap 31 time is 7.209ms
04-13 00:40:01.559 22070 22103 I native-activity: Animating
04-13 00:40:01.604 22070 22103 I native-activity: Frame 32 GL error is 0x500
04-13 00:40:01.604 22070 22103 I native-activity: Frame 32 time is 44.130ms
04-13 00:40:01.604 22070 22103 I native-activity: Doing egl_swapbuffers_sync 1
04-13 00:40:01.604 22070 22103 D native-activity: Reading pixels format 0x1908 type 0x1401 bpp 4
04-13 00:40:01.606 22070 22103 I native-activity: Read pixels, GL error is 0x0
04-13 00:40:01.606 22070 22103 I native-activity: Swap 32 time is 46.194ms
04-13 00:40:01.606 22070 22103 I native-activity: Animating
04-13 00:40:01.632 22070 22103 I native-activity: Frame 33 GL error is 0x500
04-13 00:40:01.632 22070 22103 I native-activity: Frame 33 time is 25.809ms
04-13 00:40:01.632 22070 22103 I native-activity: Doing egl_swapbuffers_sync 1
04-13 00:40:01.632 22070 22103 D native-activity: Reading pixels format 0x1908 type 0x1401 bpp 4
04-13 00:40:01.634 22070 22103 I native-activity: Read pixels, GL error is 0x0
04-13 00:40:01.634 22070 22103 I native-activity: Swap 33 time is 28.334ms
04-13 00:40:01.634 22070 22103 I native-activity: Animating
04-13 00:40:01.778 22070 22103 I native-activity: Frame 34 GL error is 0x500
04-13 00:40:01.778 22070 22103 I native-activity: Frame 34 time is 143.591ms
04-13 00:40:01.778 22070 22103 I native-activity: Doing egl_swapbuffers_sync 1
04-13 00:40:01.778 22070 22103 D native-activity: Reading pixels format 0x1908 type 0x1401 bpp 4
04-13 00:40:01.780 22070 22103 I native-activity: Read pixels, GL error is 0x0
04-13 00:40:01.780 22070 22103 I native-activity: Swap 34 time is 145.662ms
04-13 00:40:01.780 22070 22103 I native-activity: Animating
04-13 00:40:01.814 22070 22103 I native-activity: Frame 35 GL error is 0x500
04-13 00:40:01.815 22070 22103 I native-activity: Frame 35 time is 34.474ms
04-13 00:40:01.815 22070 22103 I native-activity: Doing egl_swapbuffers_sync 1
04-13 00:40:01.815 22070 22103 D native-activity: Reading pixels format 0x1908 type 0x1401 bpp 4
04-13 00:40:01.817 22070 22103 I native-activity: Read pixels, GL error is 0x0
04-13 00:40:01.817 22070 22103 I native-activity: Swap 35 time is 36.794ms
04-13 00:40:01.817 22070 22103 I native-activity: Animating
04-13 00:40:01.860    82    82 I Kernel  : [45240.540515].(1)[82:mtk charger_hv_]charging_reset_watch_dog_timer
04-13 00:40:01.860    82    82 I Kernel  : [45240.541399].(1)[82:mtk charger_hv_]array_size = 16 
04-13 00:40:01.948   143   257 I [MALI][Gralloc]: usage0: 0xf02, format7: 1 stride2: 976 vertical_stride6: 600 size: 2342400
04-13 00:40:02.187 22070 22103 I native-activity: Frame 36 GL error is 0x500
04-13 00:40:02.187 22070 22103 I native-activity: Frame 36 time is 369.621ms
04-13 00:40:02.187 22070 22103 I native-activity: Doing egl_swapbuffers_sync 1
04-13 00:40:02.187 22070 22103 D native-activity: Reading pixels format 0x1908 type 0x1401 bpp 4
04-13 00:40:02.189 22070 22103 I native-activity: Read pixels, GL error is 0x0
04-13 00:40:02.189 22070 22103 I native-activity: Swap 36 time is 371.725ms
04-13 00:40:02.170 22070 22103 I Kernel  : [45240.848950]-(0)[22103:Thread-7272]dpi vsync
04-13 00:40:02.189 22070 22103 I native-activity: Animating
04-13 00:40:02.304 22070 22103 I native-activity: Frame 37 GL error is 0x501
04-13 00:40:02.304 22070 22103 I native-activity: Frame 37 time is 115.046ms
04-13 00:40:02.304 22070 22103 I native-activity: Doing egl_swapbuffers_sync 1
04-13 00:40:02.304 22070 22103 D native-activity: Reading pixels format 0x1908 type 0x1401 bpp 4
04-13 00:40:02.306 22070 22103 I native-activity: Read pixels, GL error is 0x0
04-13 00:40:02.307 22070 22103 I native-activity: Swap 37 time is 117.367ms
04-13 00:40:02.307 22070 22103 I native-activity: Animating
04-13 00:40:02.317 22070 22103 I native-activity: Frame 38 GL error is 0x501
04-13 00:40:02.317 22070 22103 I native-activity: Frame 38 time is 10.120ms
04-13 00:40:02.317 22070 22103 I native-activity: Doing egl_swapbuffers_sync 1
04-13 00:40:02.317 22070 22103 D native-activity: Reading pixels format 0x1908 type 0x1401 bpp 4
04-13 00:40:02.319 22070 22103 I native-activity: Read pixels, GL error is 0x0
04-13 00:40:02.319 22070 22103 I native-activity: Swap 38 time is 12.833ms
04-13 00:40:02.320 22070 22103 I native-activity: Animating
04-13 00:40:02.327 22070 22103 I native-activity: Frame 39 GL error is 0x0
04-13 00:40:02.327 22070 22103 I native-activity: Frame 39 time is 7.897ms
04-13 00:40:02.328 22070 22103 I native-activity: Doing egl_swapbuffers_sync 1
04-13 00:40:02.328 22070 22103 D native-activity: Reading pixels format 0x1908 type 0x1401 bpp 4
04-13 00:40:02.330 22070 22103 I native-activity: Read pixels, GL error is 0x0
04-13 00:40:02.330 22070 22103 I native-activity: Swap 39 time is 10.596ms
04-13 00:40:02.330 22070 22103 I native-activity: Animating
04-13 00:40:02.338 22070 22103 I native-activity: Frame 40 GL error is 0x0
04-13 00:40:02.338 22070 22103 I native-activity: Frame 40 time is 8.126ms
04-13 00:40:02.338 22070 22103 I native-activity: Doing egl_swapbuffers_sync 1
04-13 00:40:02.338 22070 22103 D native-activity: Reading pixels format 0x1908 type 0x1401 bpp 4
04-13 00:40:02.342 22070 22103 I native-activity: Read pixels, GL error is 0x0
04-13 00:40:02.342 22070 22103 I native-activity: Swap 40 time is 11.317ms
04-13 00:40:02.342 22070 22103 I native-activity: Animating
04-13 00:40:02.348 22070 22103 I native-activity: Frame 41 GL error is 0x0
04-13 00:40:02.348 22070 22103 I native-activity: Frame 41 time is 6.747ms
04-13 00:40:02.348 22070 22103 I native-activity: Doing egl_swapbuffers_sync 1
04-13 00:40:02.348 22070 22103 D native-activity: Reading pixels format 0x1908 type 0x1401 bpp 4
04-13 00:40:02.352 22070 22103 I native-activity: Read pixels, GL error is 0x0
04-13 00:40:02.352 22070 22103 I native-activity: Swap 41 time is 9.955ms
04-13 00:40:02.352 22070 22103 I native-activity: Animating
04-13 00:40:02.358 22070 22103 I native-activity: Frame 42 GL error is 0x0
04-13 00:40:02.358 22070 22103 I native-activity: Frame 42 time is 5.874ms
04-13 00:40:02.358 22070 22103 I native-activity: Doing egl_swapbuffers_sync 1
04-13 00:40:02.358 22070 22103 D native-activity: Reading pixels format 0x1908 type 0x1401 bpp 4
04-13 00:40:02.361 22070 22103 I native-activity: Read pixels, GL error is 0x0
04-13 00:40:02.361 22070 22103 I native-activity: Swap 42 time is 9.215ms
04-13 00:40:02.361 22070 22103 I native-activity: Animating
04-13 00:40:02.369 22070 22103 I native-activity: Frame 43 GL error is 0x0
04-13 00:40:02.369 22070 22103 I native-activity: Frame 43 time is 8.466ms
04-13 00:40:02.369 22070 22103 I native-activity: Doing egl_swapbuffers_sync 1
04-13 00:40:02.370 22070 22103 D native-activity: Reading pixels format 0x1908 type 0x1401 bpp 4
04-13 00:40:02.372 22070 22103 I native-activity: Read pixels, GL error is 0x0
04-13 00:40:02.372 22070 22103 I native-activity: Swap 43 time is 11.334ms
04-13 00:40:02.372 22070 22103 I native-activity: Animating
04-13 00:40:02.379 22070 22103 I native-activity: Frame 44 GL error is 0x0
04-13 00:40:02.379 22070 22103 I native-activity: Frame 44 time is 6.537ms
04-13 00:40:02.379 22070 22103 I native-activity: Doing egl_swapbuffers_sync 1
04-13 00:40:02.379 22070 22103 D native-activity: Reading pixels format 0x1908 type 0x1401 bpp 4
04-13 00:40:02.382 22070 22103 I native-activity: Read pixels, GL error is 0x0
04-13 00:40:02.382 22070 22103 I native-activity: Swap 44 time is 9.241ms
04-13 00:40:02.382 22070 22103 I native-activity: Animating
04-13 00:40:02.507 22070 22103 I native-activity: Frame 45 GL error is 0x501
04-13 00:40:02.507 22070 22103 I native-activity: Frame 45 time is 124.956ms
04-13 00:40:02.507 22070 22103 I native-activity: Doing egl_swapbuffers_sync 1
04-13 00:40:02.507 22070 22103 D native-activity: Reading pixels format 0x1908 type 0x1401 bpp 4
04-13 00:40:02.510 22070 22103 I native-activity: Read pixels, GL error is 0x0
04-13 00:40:02.510 22070 22103 I native-activity: Swap 45 time is 128.261ms
04-13 00:40:02.510 22070 22103 I native-activity: Animating
04-13 00:40:02.665 22070 22103 I native-activity: Frame 46 GL error is 0x501
04-13 00:40:02.665 22070 22103 I native-activity: Frame 46 time is 154.451ms
04-13 00:40:02.665 22070 22103 I native-activity: Doing egl_swapbuffers_sync 1
04-13 00:40:02.665 22070 22103 D native-activity: Reading pixels format 0x1908 type 0x1401 bpp 4
04-13 00:40:02.667 22070 22103 I native-activity: Read pixels, GL error is 0x0
04-13 00:40:02.667 22070 22103 I native-activity: Swap 46 time is 157.205ms
04-13 00:40:02.668 22070 22103 I native-activity: Animating
04-13 00:40:02.805 22070 22103 I native-activity: Frame 47 GL error is 0x501
04-13 00:40:02.805 22070 22103 I native-activity: Frame 47 time is 137.498ms
04-13 00:40:02.805 22070 22103 I native-activity: Doing egl_swapbuffers_sync 1
04-13 00:40:02.805 22070 22103 D native-activity: Reading pixels format 0x1908 type 0x1401 bpp 4
04-13 00:40:02.808 22070 22103 I native-activity: Read pixels, GL error is 0x0
04-13 00:40:02.808 22070 22103 I native-activity: Swap 47 time is 140.240ms
04-13 00:40:02.808 22070 22103 I native-activity: Animating
04-13 00:40:02.809 22070 22103 I native-activity: Frame 48 GL error is 0x0
04-13 00:40:02.809 22070 22103 I native-activity: Frame 48 time is 0.257ms
04-13 00:40:02.809 22070 22103 I native-activity: Doing egl_swapbuffers_sync 1
04-13 00:40:02.809 22070 22103 D native-activity: Reading pixels format 0x1908 type 0x1401 bpp 4
04-13 00:40:02.811 22070 22103 I native-activity: Read pixels, GL error is 0x0
04-13 00:40:02.811 22070 22103 I native-activity: Swap 48 time is 2.936ms
04-13 00:40:02.811 22070 22103 I native-activity: Animating
04-13 00:40:02.812 22070 22103 I native-activity: Frame 49 GL error is 0x0
04-13 00:40:02.812 22070 22103 I native-activity: Frame 49 time is 0.168ms
04-13 00:40:02.812 22070 22103 I native-activity: Doing egl_swapbuffers_sync 1
04-13 00:40:02.812 22070 22103 D native-activity: Reading pixels format 0x1908 type 0x1401 bpp 4
04-13 00:40:02.815 22070 22103 I native-activity: Read pixels, GL error is 0x0
04-13 00:40:02.815 22070 22103 I native-activity: Swap 49 time is 3.195ms
04-13 00:40:02.815 22070 22103 I native-activity: Animating
04-13 00:40:02.815 22070 22103 I native-activity: Frame 50 GL error is 0x0
04-13 00:40:02.815 22070 22103 I native-activity: Frame 50 time is 0.173ms
04-13 00:40:02.815 22070 22103 I native-activity: Doing egl_swapbuffers_sync 1
04-13 00:40:02.815 22070 22103 D native-activity: Reading pixels format 0x1908 type 0x1401 bpp 4
04-13 00:40:02.818 22070 22103 I native-activity: Read pixels, GL error is 0x0
04-13 00:40:02.818 22070 22103 I native-activity: Swap 50 time is 2.943ms
04-13 00:40:02.818 22070 22103 I native-activity: Animating
04-13 00:40:02.818 22070 22103 I native-activity: Frame 51 GL error is 0x0
04-13 00:40:02.818 22070 22103 I native-activity: Frame 51 time is 0.146ms
04-13 00:40:02.818 22070 22103 I native-activity: Doing egl_swapbuffers_sync 1
04-13 00:40:02.818 22070 22103 D native-activity: Reading pixels format 0x1908 type 0x1401 bpp 4
04-13 00:40:02.821 22070 22103 I native-activity: Read pixels, GL error is 0x0
04-13 00:40:02.821 22070 22103 I native-activity: Swap 51 time is 3.465ms
04-13 00:40:02.821 22070 22103 I native-activity: Animating
04-13 00:40:02.821 22070 22103 I native-activity: Frame 52 GL error is 0x0
04-13 00:40:02.822 22070 22103 I native-activity: Frame 52 time is 0.226ms
04-13 00:40:02.822 22070 22103 I native-activity: Doing egl_swapbuffers_sync 1
04-13 00:40:02.822 22070 22103 D native-activity: Reading pixels format 0x1908 type 0x1401 bpp 4
04-13 00:40:02.824 22070 22103 I native-activity: Read pixels, GL error is 0x0
04-13 00:40:02.824 22070 22103 I native-activity: Swap 52 time is 2.945ms
04-13 00:40:02.824 22070 22103 I native-activity: Animating
04-13 00:40:02.824 22070 22103 I native-activity: Frame 53 GL error is 0x0
04-13 00:40:02.824 22070 22103 I native-activity: Frame 53 time is 0.184ms
04-13 00:40:02.824 22070 22103 I native-activity: Doing egl_swapbuffers_sync 1
04-13 00:40:02.825 22070 22103 D native-activity: Reading pixels format 0x1908 type 0x1401 bpp 4
04-13 00:40:02.827 22070 22103 I native-activity: Read pixels, GL error is 0x0
04-13 00:40:02.827 22070 22103 I native-activity: Swap 53 time is 2.869ms
04-13 00:40:02.827 22070 22103 I native-activity: Animating
04-13 00:40:02.827 22070 22103 I native-activity: Frame 54 GL error is 0x0
04-13 00:40:02.827 22070 22103 I native-activity: Frame 54 time is 0.152ms
04-13 00:40:02.827 22070 22103 I native-activity: Doing egl_swapbuffers_sync 1
04-13 00:40:02.827 22070 22103 D native-activity: Reading pixels format 0x1908 type 0x1401 bpp 4
04-13 00:40:02.830 22070 22103 I native-activity: Read pixels, GL error is 0x0
04-13 00:40:02.830 22070 22103 I native-activity: Swap 54 time is 2.833ms
04-13 00:40:02.830 22070 22103 I native-activity: Animating
04-13 00:40:02.830 22070 22103 I native-activity: Frame 55 GL error is 0x0
04-13 00:40:02.830 22070 22103 I native-activity: Frame 55 time is 0.169ms
04-13 00:40:02.830 22070 22103 I native-activity: Doing egl_swapbuffers_sync 1
04-13 00:40:02.830 22070 22103 D native-activity: Reading pixels format 0x1908 type 0x1401 bpp 4
04-13 00:40:02.833 22070 22103 I native-activity: Read pixels, GL error is 0x0
04-13 00:40:02.833 22070 22103 I native-activity: Swap 55 time is 3.245ms
04-13 00:40:02.833 22070 22103 I native-activity: Animating
04-13 00:40:02.834 22070 22103 I native-activity: Frame 56 GL error is 0x0
04-13 00:40:02.834 22070 22103 I native-activity: Frame 56 time is 0.165ms
04-13 00:40:02.834 22070 22103 I native-activity: Doing egl_swapbuffers_sync 1
04-13 00:40:02.834 22070 22103 D native-activity: Reading pixels format 0x1908 type 0x1401 bpp 4
04-13 00:40:02.836 22070 22103 I native-activity: Read pixels, GL error is 0x0
04-13 00:40:02.836 22070 22103 I native-activity: Swap 56 time is 2.754ms
04-13 00:40:02.836 22070 22103 I native-activity: Animating
04-13 00:40:02.836 22070 22103 I native-activity: Frame 57 GL error is 0x0
04-13 00:40:02.836 22070 22103 I native-activity: Frame 57 time is 0.151ms
04-13 00:40:02.836 22070 22103 I native-activity: Doing egl_swapbuffers_sync 1
04-13 00:40:02.836 22070 22103 D native-activity: Reading pixels format 0x1908 type 0x1401 bpp 4
04-13 00:40:02.839 22070 22103 I native-activity: Read pixels, GL error is 0x0
04-13 00:40:02.839 22070 22103 I native-activity: Swap 57 time is 3.133ms
04-13 00:40:02.840 22070 22103 I native-activity: Animating
04-13 00:40:02.840 22070 22103 I native-activity: Frame 58 GL error is 0x0
04-13 00:40:02.840 22070 22103 I native-activity: Frame 58 time is 0.388ms
04-13 00:40:02.840 22070 22103 I native-activity: Doing egl_swapbuffers_sync 1
04-13 00:40:02.840 22070 22103 D native-activity: Reading pixels format 0x1908 type 0x1401 bpp 4
04-13 00:40:02.843 22070 22103 I native-activity: Read pixels, GL error is 0x0
04-13 00:40:02.843 22070 22103 I native-activity: Swap 58 time is 3.081ms
04-13 00:40:02.843 22070 22103 I native-activity: Animating
04-13 00:40:02.843 22070 22103 I native-activity: Frame 59 GL error is 0x0
04-13 00:40:02.843 22070 22103 I native-activity: Frame 59 time is 0.199ms
04-13 00:40:02.843 22070 22103 I native-activity: Doing egl_swapbuffers_sync 1
04-13 00:40:02.843 22070 22103 D native-activity: Reading pixels format 0x1908 type 0x1401 bpp 4
04-13 00:40:02.846 22070 22103 I native-activity: Read pixels, GL error is 0x0
04-13 00:40:02.846 22070 22103 I native-activity: Swap 59 time is 3.050ms
04-13 00:40:02.846 22070 22103 I native-activity: Animating
04-13 00:40:02.846 22070 22103 I native-activity: Frame 60 GL error is 0x0
04-13 00:40:02.846 22070 22103 I native-activity: Frame 60 time is 0.193ms
04-13 00:40:02.846 22070 22103 I native-activity: Doing egl_swapbuffers_sync 1
04-13 00:40:02.846 22070 22103 D native-activity: Reading pixels format 0x1908 type 0x1401 bpp 4
04-13 00:40:02.849 22070 22103 I native-activity: Read pixels, GL error is 0x0
04-13 00:40:02.849 22070 22103 I native-activity: Swap 60 time is 3.127ms
04-13 00:40:02.849 22070 22103 I native-activity: Animating
04-13 00:40:02.849 22070 22103 I native-activity: Frame 61 GL error is 0x0
04-13 00:40:02.849 22070 22103 I native-activity: Frame 61 time is 0.149ms
04-13 00:40:02.849 22070 22103 I native-activity: Doing egl_swapbuffers_sync 1
04-13 00:40:02.849 22070 22103 D native-activity: Reading pixels format 0x1908 type 0x1401 bpp 4
04-13 00:40:02.853 22070 22103 I native-activity: Read pixels, GL error is 0x0
04-13 00:40:02.853 22070 22103 I native-activity: Swap 61 time is 3.605ms
04-13 00:40:02.853 22070 22103 I native-activity: Animating
04-13 00:40:02.853 22070 22103 I native-activity: Frame 62 GL error is 0x0
04-13 00:40:02.853 22070 22103 I native-activity: Frame 62 time is 0.165ms
04-13 00:40:02.853 22070 22103 I native-activity: Doing egl_swapbuffers_sync 1
