04-13 01:13:57.247 27620 27653 I native-activity: Swap 605 time is 31.003ms
04-13 01:13:57.247 27620 27653 I native-activity: Animating
04-13 01:13:57.240    82    82 I Kernel  : [47275.915554].(1)[82:mtk charger_hv_]charging_reset_watch_dog_timer
04-13 01:13:57.240    82    82 I Kernel  : [47275.916483].(1)[82:mtk charger_hv_]array_size = 16 
04-13 01:13:57.263 27620 27653 I native-activity: Frame 606 GL error is 0x0
04-13 01:13:57.263 27620 27653 I native-activity: Frame 606 time is 15.875ms
04-13 01:13:57.279 27620 27653 I native-activity: Swap 606 time is 31.553ms
04-13 01:13:57.279 27620 27653 I native-activity: Animating
04-13 01:13:57.292 27620 27653 I native-activity: Frame 607 GL error is 0x0
04-13 01:13:57.292 27620 27653 I native-activity: Frame 607 time is 13.267ms
04-13 01:13:57.310 27620 27653 I native-activity: Swap 607 time is 30.955ms
04-13 01:13:57.311 27620 27653 I native-activity: Animating
04-13 01:13:57.327 27620 27653 I native-activity: Frame 608 GL error is 0x0
04-13 01:13:57.327 27620 27653 I native-activity: Frame 608 time is 15.925ms
04-13 01:13:57.341 27620 27653 I native-activity: Swap 608 time is 29.667ms
04-13 01:13:57.341 27620 27653 I native-activity: Animating
04-13 01:13:57.362 27620 27653 I native-activity: Frame 609 GL error is 0x0
04-13 01:13:57.362 27620 27653 I native-activity: Frame 609 time is 20.752ms
04-13 01:13:57.372 27620 27653 I native-activity: Swap 609 time is 30.605ms
04-13 01:13:57.372 27620 27653 I native-activity: Animating
04-13 01:13:57.397 27620 27653 I native-activity: Frame 610 GL error is 0x0
04-13 01:13:57.397 27620 27653 I native-activity: Frame 610 time is 25.663ms
04-13 01:13:57.403 27620 27653 I native-activity: Swap 610 time is 31.146ms
04-13 01:13:57.403 27620 27653 I native-activity: Animating
04-13 01:13:57.419 27620 27653 I native-activity: Frame 611 GL error is 0x0
04-13 01:13:57.419 27620 27653 I native-activity: Frame 611 time is 16.012ms
04-13 01:13:57.434 27620 27653 I native-activity: Swap 611 time is 31.151ms
04-13 01:13:57.434 27620 27653 I native-activity: Animating
04-13 01:13:57.448 27620 27653 I native-activity: Frame 612 GL error is 0x0
04-13 01:13:57.448 27620 27653 I native-activity: Frame 612 time is 13.301ms
04-13 01:13:57.466 27620 27653 I native-activity: Swap 612 time is 31.576ms
04-13 01:13:57.466 27620 27653 I native-activity: Animating
04-13 01:13:57.506 27620 27653 I native-activity: Frame 613 GL error is 0x0
04-13 01:13:57.506 27620 27653 I native-activity: Frame 613 time is 40.077ms
04-13 01:13:57.508 27620 27653 I native-activity: Swap 613 time is 41.588ms
04-13 01:13:57.508 27620 27653 I native-activity: Animating
04-13 01:13:57.520 27620 27653 I native-activity: Frame 614 GL error is 0x0
04-13 01:13:57.520 27620 27653 I native-activity: Frame 614 time is 12.271ms
04-13 01:13:57.536 27620 27653 I native-activity: Swap 614 time is 27.557ms
04-13 01:13:57.536 27620 27653 I native-activity: Animating
04-13 01:13:57.546 27620 27653 I native-activity: Frame 615 GL error is 0x0
04-13 01:13:57.546 27620 27653 I native-activity: Frame 615 time is 10.663ms
04-13 01:13:57.568 27620 27653 I native-activity: Swap 615 time is 31.917ms
04-13 01:13:57.568 27620 27653 I native-activity: Animating
04-13 01:13:57.578 27620 27653 I native-activity: Frame 616 GL error is 0x0
04-13 01:13:57.578 27620 27653 I native-activity: Frame 616 time is 10.070ms
04-13 01:13:57.600 27620 27653 I native-activity: Swap 616 time is 31.748ms
04-13 01:13:57.601 27620 27653 I native-activity: Animating
04-13 01:13:57.612 27620 27653 I native-activity: Frame 617 GL error is 0x0
04-13 01:13:57.612 27620 27653 I native-activity: Frame 617 time is 10.434ms
04-13 01:13:57.631 27620 27653 I native-activity: Swap 617 time is 30.079ms
04-13 01:13:57.631 27620 27653 I native-activity: Animating
04-13 01:13:57.643 27620 27653 I native-activity: Frame 618 GL error is 0x0
04-13 01:13:57.643 27620 27653 I native-activity: Frame 618 time is 11.303ms
04-13 01:13:57.664 27620 27653 I native-activity: Swap 618 time is 32.107ms
04-13 01:13:57.665 27620 27653 I native-activity: Animating
04-13 01:13:57.675 27620 27653 I native-activity: Frame 619 GL error is 0x0
04-13 01:13:57.675 27620 27653 I native-activity: Frame 619 time is 10.926ms
04-13 01:13:57.695 27620 27653 I native-activity: Swap 619 time is 30.584ms
04-13 01:13:57.696 27620 27653 I native-activity: Animating
04-13 01:13:57.710 27620 27653 I native-activity: Frame 620 GL error is 0x0
04-13 01:13:57.710 27620 27653 I native-activity: Frame 620 time is 14.160ms
04-13 01:13:57.722 27620 27653 I native-activity: Swap 620 time is 25.922ms
04-13 01:13:57.722 27620 27653 I native-activity: Animating
04-13 01:13:57.738 27620 27653 I native-activity: Frame 621 GL error is 0x0
04-13 01:13:57.738 27620 27653 I native-activity: Frame 621 time is 15.408ms
04-13 01:13:57.757 27620 27653 I native-activity: Swap 621 time is 34.954ms
04-13 01:13:57.758 27620 27653 I native-activity: Animating
04-13 01:13:57.774 27620 27653 I native-activity: Frame 622 GL error is 0x0
04-13 01:13:57.774 27620 27653 I native-activity: Frame 622 time is 16.579ms
04-13 01:13:57.789 27620 27653 I native-activity: Swap 622 time is 31.273ms
04-13 01:13:57.791 27620 27653 I native-activity: Animating
04-13 01:13:57.806 27620 27653 I native-activity: Frame 623 GL error is 0x0
04-13 01:13:57.807 27620 27653 I native-activity: Frame 623 time is 15.903ms
04-13 01:13:57.819 27620 27653 I native-activity: Swap 623 time is 28.257ms
04-13 01:13:57.820 27620 27653 I native-activity: Animating
04-13 01:13:57.836 27620 27653 I native-activity: Frame 624 GL error is 0x0
04-13 01:13:57.836 27620 27653 I native-activity: Frame 624 time is 15.539ms
04-13 01:13:57.849 27620 27653 I native-activity: Swap 624 time is 28.648ms
04-13 01:13:57.851 27620 27653 I native-activity: Animating
04-13 01:13:57.866 27620 27653 I native-activity: Frame 625 GL error is 0x0
04-13 01:13:57.867 27620 27653 I native-activity: Frame 625 time is 15.896ms
04-13 01:13:57.879 27620 27653 I native-activity: Swap 625 time is 28.271ms
04-13 01:13:57.883 27620 27653 I native-activity: Animating
04-13 01:13:57.895 27620 27653 I native-activity: Frame 626 GL error is 0x0
04-13 01:13:57.896 27620 27653 I native-activity: Frame 626 time is 12.954ms
04-13 01:13:57.909 27620 27653 I native-activity: Swap 626 time is 26.514ms
04-13 01:13:57.911 27620 27653 I native-activity: Animating
04-13 01:13:57.928 27620 27653 I native-activity: Frame 627 GL error is 0x0
04-13 01:13:57.928 27620 27653 I native-activity: Frame 627 time is 16.991ms
04-13 01:13:57.939 27620 27653 I native-activity: Swap 627 time is 27.870ms
04-13 01:13:57.940 27620 27653 I native-activity: Animating
04-13 01:13:57.957 27620 27653 I native-activity: Frame 628 GL error is 0x0
04-13 01:13:57.957 27620 27653 I native-activity: Frame 628 time is 17.138ms
04-13 01:13:57.969 27620 27653 I native-activity: Swap 628 time is 28.745ms
04-13 01:13:57.969 27620 27653 I native-activity: Animating
04-13 01:13:57.987 27620 27653 I native-activity: Frame 629 GL error is 0x0
04-13 01:13:57.987 27620 27653 I native-activity: Frame 629 time is 17.286ms
04-13 01:13:57.999 27620 27653 I native-activity: Swap 629 time is 29.431ms
04-13 01:13:57.999 27620 27653 I native-activity: Animating
04-13 01:13:58.015 27620 27653 I native-activity: Frame 630 GL error is 0x0
04-13 01:13:58.015 27620 27653 I native-activity: Frame 630 time is 16.299ms
04-13 01:13:58.029 27620 27653 I native-activity: Swap 630 time is 29.430ms
04-13 01:13:58.029 27620 27653 I native-activity: Animating
04-13 01:13:58.046 27620 27653 I native-activity: Frame 631 GL error is 0x0
04-13 01:13:58.046 27620 27653 I native-activity: Frame 631 time is 17.017ms
04-13 01:13:58.059 27620 27653 I native-activity: Swap 631 time is 29.935ms
04-13 01:13:58.059 27620 27653 I native-activity: Animating
04-13 01:13:58.076 27620 27653 I native-activity: Frame 632 GL error is 0x0
04-13 01:13:58.076 27620 27653 I native-activity: Frame 632 time is 16.576ms
04-13 01:13:58.089 27620 27653 I native-activity: Swap 632 time is 30.157ms
04-13 01:13:58.090 27620 27653 I native-activity: Animating
04-13 01:13:58.107 27620 27653 I native-activity: Frame 633 GL error is 0x0
04-13 01:13:58.107 27620 27653 I native-activity: Frame 633 time is 15.964ms
04-13 01:13:58.120 27620 27653 I native-activity: Swap 633 time is 29.201ms
04-13 01:13:58.120 27620 27653 I native-activity: Animating
04-13 01:13:58.138 27620 27653 I native-activity: Frame 634 GL error is 0x0
04-13 01:13:58.138 27620 27653 I native-activity: Frame 634 time is 18.164ms
04-13 01:13:58.152 27620 27653 I native-activity: Swap 634 time is 31.089ms
04-13 01:13:58.152 27620 27653 I native-activity: Animating
04-13 01:13:58.168 27620 27653 I native-activity: Frame 635 GL error is 0x0
04-13 01:13:58.168 27620 27653 I native-activity: Frame 635 time is 16.248ms
04-13 01:13:58.182 27620 27653 I native-activity: Swap 635 time is 30.635ms
04-13 01:13:58.183 27620 27653 I native-activity: Animating
04-13 01:13:58.202 27620 27653 I native-activity: Frame 636 GL error is 0x0
04-13 01:13:58.202 27620 27653 I native-activity: Frame 636 time is 19.014ms
04-13 01:13:58.214 27620 27653 I native-activity: Swap 636 time is 31.290ms
04-13 01:13:58.214 27620 27653 I native-activity: Animating
04-13 01:13:58.234 27620 27653 I native-activity: Frame 637 GL error is 0x0
04-13 01:13:58.234 27620 27653 I native-activity: Frame 637 time is 20.195ms
04-13 01:13:58.246 27620 27653 I native-activity: Swap 637 time is 31.624ms
04-13 01:13:58.246 27620 27653 I native-activity: Animating
04-13 01:13:58.240    82    82 I Kernel  : [47276.916602].(1)[82:mtk charger_hv_]charging_reset_watch_dog_timer
04-13 01:13:58.240    82    82 I Kernel  : [47276.917548].(1)[82:mtk charger_hv_]array_size = 16 
04-13 01:13:58.267 27620 27653 I native-activity: Frame 638 GL error is 0x0
04-13 01:13:58.267 27620 27653 I native-activity: Frame 638 time is 20.621ms
04-13 01:13:58.278 27620 27653 I native-activity: Swap 638 time is 32.202ms
04-13 01:13:58.279 27620 27653 I native-activity: Animating
04-13 01:13:58.300 27620 27653 I native-activity: Frame 639 GL error is 0x0
04-13 01:13:58.301 27620 27653 I native-activity: Frame 639 time is 21.865ms
04-13 01:13:58.310 27620 27653 I native-activity: Swap 639 time is 31.427ms
04-13 01:13:58.310 27620 27653 I native-activity: Animating
04-13 01:13:58.332 27620 27653 I native-activity: Frame 640 GL error is 0x0
04-13 01:13:58.332 27620 27653 I native-activity: Frame 640 time is 22.042ms
04-13 01:13:58.341 27620 27653 I native-activity: Swap 640 time is 30.933ms
04-13 01:13:58.341 27620 27653 I native-activity: Animating
04-13 01:13:58.356 27620 27653 I native-activity: Frame 641 GL error is 0x0
04-13 01:13:58.356 27620 27653 I native-activity: Frame 641 time is 14.146ms
04-13 01:13:58.374 27620 27653 I native-activity: Swap 641 time is 32.049ms
04-13 01:13:58.375 27620 27653 I native-activity: Animating
04-13 01:13:58.388 27620 27653 I native-activity: Frame 642 GL error is 0x0
04-13 01:13:58.388 27620 27653 I native-activity: Frame 642 time is 13.669ms
04-13 01:13:58.405 27620 27653 I native-activity: Swap 642 time is 30.036ms
04-13 01:13:58.405 27620 27653 I native-activity: Animating
04-13 01:13:58.421 27620 27653 I native-activity: Frame 643 GL error is 0x0
04-13 01:13:58.421 27620 27653 I native-activity: Frame 643 time is 15.903ms
04-13 01:13:58.410   143  2965 I Kernel  : [47277.085011]-(0)[2965:Binder_4]dpi vsync
04-13 01:13:58.436 27620 27653 I native-activity: Swap 643 time is 30.889ms
04-13 01:13:58.437 27620 27653 I native-activity: Animating
04-13 01:13:58.462 27620 27653 I native-activity: Frame 644 GL error is 0x0
04-13 01:13:58.462 27620 27653 I native-activity: Frame 644 time is 25.020ms
04-13 01:13:58.467 27620 27653 I native-activity: Swap 644 time is 30.322ms
04-13 01:13:58.467 27620 27653 I native-activity: Animating
04-13 01:13:58.484 27620 27653 I native-activity: Frame 645 GL error is 0x0
04-13 01:13:58.484 27620 27653 I native-activity: Frame 645 time is 17.009ms
04-13 01:13:58.500 27620 27653 I native-activity: Swap 645 time is 32.603ms
04-13 01:13:58.501 27620 27653 I native-activity: Animating
04-13 01:13:58.516 27620 27653 I native-activity: Frame 646 GL error is 0x0
04-13 01:13:58.516 27620 27653 I native-activity: Frame 646 time is 15.197ms
04-13 01:13:58.531 27620 27653 I native-activity: Swap 646 time is 30.425ms
04-13 01:13:58.532 27620 27653 I native-activity: Animating
04-13 01:13:58.546 27620 27653 I native-activity: Frame 647 GL error is 0x0
04-13 01:13:58.546 27620 27653 I native-activity: Frame 647 time is 14.037ms
04-13 01:13:58.562 27620 27653 I native-activity: Swap 647 time is 29.681ms
04-13 01:13:58.562 27620 27653 I native-activity: Animating
04-13 01:13:58.577 27620 27653 I native-activity: Frame 648 GL error is 0x0
04-13 01:13:58.577 27620 27653 I native-activity: Frame 648 time is 14.706ms
04-13 01:13:58.593 27620 27653 I native-activity: Swap 648 time is 31.027ms
04-13 01:13:58.594 27620 27653 I native-activity: Animating
04-13 01:13:58.615 27620 27653 I native-activity: Frame 649 GL error is 0x0
04-13 01:13:58.615 27620 27653 I native-activity: Frame 649 time is 21.077ms
04-13 01:13:58.625 27620 27653 I native-activity: Swap 649 time is 31.166ms
04-13 01:13:58.625 27620 27653 I native-activity: Animating
04-13 01:13:58.646 27620 27653 I native-activity: Frame 650 GL error is 0x0
04-13 01:13:58.646 27620 27653 I native-activity: Frame 650 time is 20.594ms
04-13 01:13:58.656 27620 27653 I native-activity: Swap 650 time is 30.716ms
04-13 01:13:58.656 27620 27653 I native-activity: Animating
04-13 01:13:58.676 27620 27653 I native-activity: Frame 651 GL error is 0x0
04-13 01:13:58.676 27620 27653 I native-activity: Frame 651 time is 20.314ms
04-13 01:13:58.687 27620 27653 I native-activity: Swap 651 time is 30.613ms
04-13 01:13:58.688 27620 27653 I native-activity: Animating
04-13 01:13:58.708 27620 27653 I native-activity: Frame 652 GL error is 0x0
04-13 01:13:58.708 27620 27653 I native-activity: Frame 652 time is 19.983ms
04-13 01:13:58.717 27620 27653 I native-activity: Swap 652 time is 29.756ms
04-13 01:13:58.718 27620 27653 I native-activity: Animating
04-13 01:13:58.740 27620 27653 I native-activity: Frame 653 GL error is 0x0
04-13 01:13:58.740 27620 27653 I native-activity: Frame 653 time is 22.648ms
04-13 01:13:58.748 27620 27653 I native-activity: Swap 653 time is 30.609ms
04-13 01:13:58.748 27620 27653 I native-activity: Animating
04-13 01:13:58.750  2137  2137 I Kernel  : [47277.423255][wlan] nicTxReleaseResource: (TX STATE)
04-13 01:13:58.750  2137  2137 I Kernel  : Release: TC4 count 1, Free=4; TC5 count 0, Free=4
04-13 01:13:58.750  2159  2159 I Kernel  : [47277.423601].(1)[2159:wpa_supplicant]poorlink get state G(363181)F(49)dbad(0)dretry(0)LT(810)RT(-74)W(0)(12850)
04-13 01:13:58.750  2137  2137 I Kernel  : [47277.423709][wlan] nicTxReleaseResource: (TX STATE)
04-13 01:13:58.769 27620 27653 I native-activity: Frame 654 GL error is 0x0
04-13 01:13:58.769 27620 27653 I native-activity: Frame 654 time is 20.464ms
04-13 01:13:58.779 27620 27653 I native-activity: Swap 654 time is 30.545ms
04-13 01:13:58.779 27620 27653 I native-activity: Animating
04-13 01:13:58.798 27620 27653 I native-activity: Frame 655 GL error is 0x0
04-13 01:13:58.798 27620 27653 I native-activity: Frame 655 time is 19.141ms
04-13 01:13:58.810 27620 27653 I native-activity: Swap 655 time is 30.685ms
04-13 01:13:58.810 27620 27653 I native-activity: Animating
04-13 01:13:58.828 27620 27653 I native-activity: Frame 656 GL error is 0x0
04-13 01:13:58.828 27620 27653 I native-activity: Frame 656 time is 17.669ms
04-13 01:13:58.840 27620 27653 I native-activity: Swap 656 time is 30.116ms
04-13 01:13:58.841 27620 27653 I native-activity: Animating
04-13 01:13:58.860 27620 27653 I native-activity: Frame 657 GL error is 0x0
04-13 01:13:58.860 27620 27653 I native-activity: Frame 657 time is 18.562ms
04-13 01:13:58.871 27620 27653 I native-activity: Swap 657 time is 29.310ms
04-13 01:13:58.871 27620 27653 I native-activity: Animating
04-13 01:13:58.889 27620 27653 I native-activity: Frame 658 GL error is 0x0
04-13 01:13:58.889 27620 27653 I native-activity: Frame 658 time is 18.299ms
04-13 01:13:58.901 27620 27653 I native-activity: Swap 658 time is 30.310ms
04-13 01:13:58.902 27620 27653 I native-activity: Animating
04-13 01:13:58.920 27620 27653 I native-activity: Frame 659 GL error is 0x0
04-13 01:13:58.920 27620 27653 I native-activity: Frame 659 time is 18.223ms
04-13 01:13:58.932 27620 27653 I native-activity: Swap 659 time is 30.597ms
04-13 01:13:58.933 27620 27653 I native-activity: Animating
04-13 01:13:58.952 27620 27653 I native-activity: Frame 660 GL error is 0x0
04-13 01:13:58.952 27620 27653 I native-activity: Frame 660 time is 18.473ms
04-13 01:13:58.963 27620 27653 I native-activity: Swap 660 time is 29.697ms
04-13 01:13:58.963 27620 27653 I native-activity: Animating
04-13 01:13:58.982 27620 27653 I native-activity: Frame 661 GL error is 0x0
04-13 01:13:58.982 27620 27653 I native-activity: Frame 661 time is 19.306ms
04-13 01:13:58.994 27620 27653 I native-activity: Swap 661 time is 30.507ms
04-13 01:13:58.995 27620 27653 I native-activity: Animating
04-13 01:13:59.013 27620 27653 I native-activity: Frame 662 GL error is 0x0
04-13 01:13:59.013 27620 27653 I native-activity: Frame 662 time is 18.076ms
04-13 01:13:59.024 27620 27653 I native-activity: Swap 662 time is 29.455ms
04-13 01:13:59.025 27620 27653 I native-activity: Animating
04-13 01:13:59.043 27620 27653 I native-activity: Frame 663 GL error is 0x0
04-13 01:13:59.043 27620 27653 I native-activity: Frame 663 time is 18.786ms
04-13 01:13:59.055 27620 27653 I native-activity: Swap 663 time is 30.310ms
04-13 01:13:59.055 27620 27653 I native-activity: Animating
04-13 01:13:59.078 27620 27653 I native-activity: Frame 664 GL error is 0x0
04-13 01:13:59.078 27620 27653 I native-activity: Frame 664 time is 22.012ms
04-13 01:13:59.086 27620 27653 I native-activity: Swap 664 time is 29.914ms
04-13 01:13:59.086 27620 27653 I native-activity: Animating
04-13 01:13:59.105 27620 27653 I native-activity: Frame 665 GL error is 0x0
04-13 01:13:59.105 27620 27653 I native-activity: Frame 665 time is 18.073ms
04-13 01:13:59.117 27620 27653 I native-activity: Swap 665 time is 29.960ms
04-13 01:13:59.117 27620 27653 I native-activity: Animating
04-13 01:13:59.135 27620 27653 I native-activity: Frame 666 GL error is 0x0
04-13 01:13:59.135 27620 27653 I native-activity: Frame 666 time is 18.506ms
04-13 01:13:59.147 27620 27653 I native-activity: Swap 666 time is 30.433ms
04-13 01:13:59.147 27620 27653 I native-activity: Animating
04-13 01:13:59.166 27620 27653 I native-activity: Frame 667 GL error is 0x0
04-13 01:13:59.166 27620 27653 I native-activity: Frame 667 time is 18.611ms
04-13 01:13:59.178 27620 27653 I native-activity: Swap 667 time is 30.409ms
04-13 01:13:59.178 27620 27653 I native-activity: Animating
04-13 01:13:59.197 27620 27653 I native-activity: Frame 668 GL error is 0x0
04-13 01:13:59.197 27620 27653 I native-activity: Frame 668 time is 17.803ms
04-13 01:13:59.209 27620 27653 I native-activity: Swap 668 time is 29.512ms
04-13 01:13:59.209 27620 27653 I native-activity: Animating
04-13 01:13:59.227 27620 27653 I native-activity: Frame 669 GL error is 0x0
04-13 01:13:59.227 27620 27653 I native-activity: Frame 669 time is 18.613ms
04-13 01:13:59.240 27620 27653 I native-activity: Swap 669 time is 30.927ms
04-13 01:13:59.241 27620 27653 I native-activity: Animating
04-13 01:13:59.258 27620 27653 I native-activity: Frame 670 GL error is 0x0
04-13 01:13:59.259 27620 27653 I native-activity: Frame 670 time is 17.479ms
04-13 01:13:59.240    82    82 I Kernel  : [47277.917668].(1)[82:mtk charger_hv_]charging_reset_watch_dog_timer
04-13 01:13:59.240    82    82 I Kernel  : [47277.918592].(0)[82:mtk charger_hv_]array_size = 16 
04-13 01:13:59.271 27620 27653 I native-activity: Swap 670 time is 29.529ms
04-13 01:13:59.271 27620 27653 I native-activity: Animating
04-13 01:13:59.289 27620 27653 I native-activity: Frame 671 GL error is 0x0
04-13 01:13:59.289 27620 27653 I native-activity: Frame 671 time is 16.797ms
04-13 01:13:59.302 27620 27653 I native-activity: Swap 671 time is 29.850ms
04-13 01:13:59.302 27620 27653 I native-activity: Animating
04-13 01:13:59.321 27620 27653 I native-activity: Frame 672 GL error is 0x0
04-13 01:13:59.321 27620 27653 I native-activity: Frame 672 time is 18.307ms
04-13 01:13:59.333 27620 27653 I native-activity: Swap 672 time is 30.152ms
04-13 01:13:59.333 27620 27653 I native-activity: Animating
04-13 01:13:59.362 27620 27653 I native-activity: Frame 673 GL error is 0x0
04-13 01:13:59.362 27620 27653 I native-activity: Frame 673 time is 28.587ms
04-13 01:13:59.365 27620 27653 I native-activity: Swap 673 time is 31.891ms
04-13 01:13:59.365 27620 27653 I native-activity: Animating
04-13 01:13:59.376 27620 27653 I native-activity: Frame 674 GL error is 0x0
04-13 01:13:59.376 27620 27653 I native-activity: Frame 674 time is 11.040ms
04-13 01:13:59.397 27620 27653 I native-activity: Swap 674 time is 32.260ms
04-13 01:13:59.398 27620 27653 I native-activity: Animating
04-13 01:13:59.406 27620 27653 I native-activity: Frame 675 GL error is 0x0
04-13 01:13:59.406 27620 27653 I native-activity: Frame 675 time is 8.166ms
04-13 01:13:59.430 27620 27653 I native-activity: Swap 675 time is 31.993ms
04-13 01:13:59.430 27620 27653 I native-activity: Animating
04-13 01:13:59.441 27620 27653 I native-activity: Frame 676 GL error is 0x0
04-13 01:13:59.441 27620 27653 I native-activity: Frame 676 time is 11.602ms
04-13 01:13:59.451   917  2113 W AmazonActivityManagerService: packageLifetimeHint: amazon.internal.SystemJumpTable$ProcessRecord@2ab1f8f8 is active, cannot move
04-13 01:13:59.452  2059  2059 W Precog  : PackagePrewarmActor: Call to packageLifetimeHint failed, res = -1
04-13 01:13:59.453  2059  2059 I Vlog    : PfxPrecog:LruHint:fgtracking=false;DV;1,key=confidence;DV;1,Counter=1.000000;CT;1,unit=null;DV;1,metadata=version%235510%7Cpkg%23com.amazon.firelauncher%7C;DV;1:HI
04-13 01:13:59.453  2059  2059 I Vlog    : PfxPrecog:LruHint:fgtracking=false;DV;1,key=failure;DV;1,Counter=1.000000;CT;1,unit=null;DV;1,metadata=version%235510%7Cpkg%23com.amazon.firelauncher%7C;DV;1:HI
04-13 01:13:59.461 27620 27653 I native-activity: Swap 676 time is 31.053ms
04-13 01:13:59.461 27620 27653 I native-activity: Animating
04-13 01:13:59.474 27620 27653 I native-activity: Frame 677 GL error is 0x0
04-13 01:13:59.474 27620 27653 I native-activity: Frame 677 time is 13.071ms
04-13 01:13:59.492 27620 27653 I native-activity: Swap 677 time is 30.708ms
04-13 01:13:59.492 27620 27653 I native-activity: Animating
04-13 01:13:59.503 27620 27653 I native-activity: Frame 678 GL error is 0x0
04-13 01:13:59.503 27620 27653 I native-activity: Frame 678 time is 10.899ms
04-13 01:13:59.521 27620 27653 I native-activity: Swap 678 time is 28.525ms
04-13 01:13:59.521 27620 27653 I native-activity: Animating
04-13 01:13:59.534 27620 27653 I native-activity: Frame 679 GL error is 0x0
04-13 01:13:59.535 27620 27653 I native-activity: Frame 679 time is 13.668ms
04-13 01:13:59.544  1787  1787 I AmazonLocationController: onWifiSignalChanged : connected : true
04-13 01:13:59.555 27620 27653 I native-activity: Swap 679 time is 34.031ms
04-13 01:13:59.555 27620 27653 I native-activity: Animating
04-13 01:13:59.576 27620 27653 I native-activity: Frame 680 GL error is 0x0
04-13 01:13:59.576 27620 27653 I native-activity: Frame 680 time is 21.098ms
04-13 01:13:59.586 27620 27653 I native-activity: Swap 680 time is 30.594ms
04-13 01:13:59.586 27620 27653 I native-activity: Animating
04-13 01:13:59.605 27620 27653 I native-activity: Frame 681 GL error is 0x0
04-13 01:13:59.605 27620 27653 I native-activity: Frame 681 time is 18.747ms
04-13 01:13:59.617 27620 27653 I native-activity: Swap 681 time is 31.046ms
04-13 01:13:59.617 27620 27653 I native-activity: Animating
04-13 01:13:59.639 27620 27653 I native-activity: Frame 682 GL error is 0x0
04-13 01:13:59.639 27620 27653 I native-activity: Frame 682 time is 21.879ms
04-13 01:13:59.645 27620 27653 I native-activity: Swap 682 time is 27.431ms
04-13 01:13:59.645 27620 27653 I native-activity: Animating
04-13 01:13:59.663 27620 27653 I native-activity: Frame 683 GL error is 0x0
04-13 01:13:59.663 27620 27653 I native-activity: Frame 683 time is 17.876ms
04-13 01:13:59.681 27620 27653 I native-activity: Swap 683 time is 35.487ms
04-13 01:13:59.682 27620 27653 I native-activity: Animating
04-13 01:13:59.698 27620 27653 I native-activity: Frame 684 GL error is 0x0
04-13 01:13:59.698 27620 27653 I native-activity: Frame 684 time is 16.062ms
04-13 01:13:59.712 27620 27653 I native-activity: Swap 684 time is 29.249ms
04-13 01:13:59.712 27620 27653 I native-activity: Animating
04-13 01:13:59.729 27620 27653 I native-activity: Frame 685 GL error is 0x0
04-13 01:13:59.729 27620 27653 I native-activity: Frame 685 time is 16.767ms
04-13 01:13:59.742 27620 27653 I native-activity: Swap 685 time is 29.525ms
04-13 01:13:59.742 27620 27653 I native-activity: Animating
04-13 01:13:59.759 27620 27653 I native-activity: Frame 686 GL error is 0x0
04-13 01:13:59.759 27620 27653 I native-activity: Frame 686 time is 17.152ms
04-13 01:13:59.773 27620 27653 I native-activity: Swap 686 time is 30.652ms
04-13 01:13:59.773 27620 27653 I native-activity: Animating
04-13 01:13:59.791 27620 27653 I native-activity: Frame 687 GL error is 0x0
04-13 01:13:59.791 27620 27653 I native-activity: Frame 687 time is 18.321ms
04-13 01:13:59.803 27620 27653 I native-activity: Swap 687 time is 30.170ms
04-13 01:13:59.803 27620 27653 I native-activity: Animating
04-13 01:13:59.822 27620 27653 I native-activity: Frame 688 GL error is 0x0
04-13 01:13:59.822 27620 27653 I native-activity: Frame 688 time is 18.098ms
04-13 01:13:59.834 27620 27653 I native-activity: Swap 688 time is 30.444ms
04-13 01:13:59.834 27620 27653 I native-activity: Animating
04-13 01:13:59.851 27620 27653 I native-activity: Frame 689 GL error is 0x0
04-13 01:13:59.851 27620 27653 I native-activity: Frame 689 time is 16.537ms
04-13 01:13:59.864 27620 27653 I native-activity: Swap 689 time is 30.202ms
04-13 01:13:59.865 27620 27653 I native-activity: Animating
04-13 01:13:59.888 27620 27653 I native-activity: Frame 690 GL error is 0x0
04-13 01:13:59.888 27620 27653 I native-activity: Frame 690 time is 22.945ms
04-13 01:13:59.894 27620 27653 I native-activity: Swap 690 time is 29.515ms
04-13 01:13:59.894 27620 27653 I native-activity: Animating
04-13 01:13:59.906 27620 27653 I native-activity: Frame 691 GL error is 0x0
04-13 01:13:59.906 27620 27653 I native-activity: Frame 691 time is 11.963ms
04-13 01:13:59.924 27620 27653 I native-activity: Swap 691 time is 29.659ms
04-13 01:13:59.924 27620 27653 I native-activity: Animating
04-13 01:13:59.935 27620 27653 I native-activity: Frame 692 GL error is 0x0
04-13 01:13:59.935 27620 27653 I native-activity: Frame 692 time is 11.009ms
04-13 01:13:59.955 27620 27653 I native-activity: Swap 692 time is 30.271ms
04-13 01:13:59.955 27620 27653 I native-activity: Animating
04-13 01:13:59.968 27620 27653 I native-activity: Frame 693 GL error is 0x0
04-13 01:13:59.968 27620 27653 I native-activity: Frame 693 time is 12.965ms
04-13 01:13:59.986 27620 27653 I native-activity: Swap 693 time is 30.838ms
04-13 01:13:59.987 27620 27653 I native-activity: Animating
04-13 01:14:00.002  1787  1787 D KeyguardUpdateMonitor: handleTimeUpdate
04-13 01:14:00.006 27620 27653 I native-activity: Frame 694 GL error is 0x0
04-13 01:14:00.006 27620 27653 I native-activity: Frame 694 time is 19.180ms
04-13 01:14:00.022 27620 27653 I native-activity: Swap 694 time is 35.005ms
04-13 01:14:00.022 27620 27653 I native-activity: Animating
04-13 01:14:00.040 27620 27653 I native-activity: Frame 695 GL error is 0x0
04-13 01:14:00.040 27620 27653 I native-activity: Frame 695 time is 17.599ms
04-13 01:14:00.046 27620 27653 I native-activity: Swap 695 time is 23.422ms
04-13 01:14:00.046 27620 27653 I native-activity: Animating
04-13 01:14:00.055 27620 27653 I native-activity: Frame 696 GL error is 0x0
04-13 01:14:00.056 27620 27653 I native-activity: Frame 696 time is 9.501ms
04-13 01:14:00.076 27620 27653 I native-activity: Swap 696 time is 30.405ms
04-13 01:14:00.077 27620 27653 I native-activity: Animating
04-13 01:14:00.086 27620 27653 I native-activity: Frame 697 GL error is 0x0
04-13 01:14:00.086 27620 27653 I native-activity: Frame 697 time is 9.377ms
04-13 01:14:00.107 27620 27653 I native-activity: Swap 697 time is 30.073ms
04-13 01:14:00.107 27620 27653 I native-activity: Animating
04-13 01:14:00.116 27620 27653 I native-activity: Frame 698 GL error is 0x0
04-13 01:14:00.116 27620 27653 I native-activity: Frame 698 time is 9.425ms
04-13 01:14:00.137 27620 27653 I native-activity: Swap 698 time is 30.076ms
04-13 01:14:00.138 27620 27653 I native-activity: Animating
04-13 01:14:00.147 27620 27653 I native-activity: Frame 699 GL error is 0x0
04-13 01:14:00.147 27620 27653 I native-activity: Frame 699 time is 8.896ms
04-13 01:14:00.168 27620 27653 I native-activity: Swap 699 time is 29.200ms
04-13 01:14:00.169 27620 27653 I native-activity: Animating
04-13 01:14:00.178 27620 27653 I native-activity: Frame 700 GL error is 0x0
04-13 01:14:00.178 27620 27653 I native-activity: Frame 700 time is 8.777ms
04-13 01:14:00.199 27620 27653 I native-activity: Swap 700 time is 30.177ms
04-13 01:14:00.200 27620 27653 I native-activity: Animating
04-13 01:14:00.207 27620 27653 I native-activity: Frame 701 GL error is 0x0
04-13 01:14:00.207 27620 27653 I native-activity: Frame 701 time is 7.298ms
04-13 01:14:00.229 27620 27653 I native-activity: Swap 701 time is 29.381ms
04-13 01:14:00.229 27620 27653 I native-activity: Animating
04-13 01:14:00.238 27620 27653 I native-activity: Frame 702 GL error is 0x0
04-13 01:14:00.238 27620 27653 I native-activity: Frame 702 time is 8.599ms
04-13 01:14:00.240    82    82 I Kernel  : [47278.918659].(0)[82:mtk charger_hv_]charging_reset_watch_dog_timer
04-13 01:14:00.240    82    82 I Kernel  : [47278.919512].(0)[82:mtk charger_hv_]array_size = 16 
04-13 01:14:00.261 27620 27653 I native-activity: Swap 702 time is 30.995ms
04-13 01:14:00.261 27620 27653 I native-activity: Animating
04-13 01:14:00.271 27620 27653 I native-activity: Frame 703 GL error is 0x0
04-13 01:14:00.272 27620 27653 I native-activity: Frame 703 time is 10.756ms
04-13 01:14:00.292 27620 27653 I native-activity: Swap 703 time is 31.077ms
04-13 01:14:00.292 27620 27653 I native-activity: Animating
04-13 01:14:00.304 27620 27653 I native-activity: Frame 704 GL error is 0x0
04-13 01:14:00.304 27620 27653 I native-activity: Frame 704 time is 12.037ms
04-13 01:14:00.322 27620 27653 I native-activity: Swap 704 time is 29.624ms
04-13 01:14:00.322 27620 27653 I native-activity: Animating
04-13 01:14:00.337 27620 27653 I native-activity: Frame 705 GL error is 0x0
04-13 01:14:00.337 27620 27653 I native-activity: Frame 705 time is 14.514ms
04-13 01:14:00.353 27620 27653 I native-activity: Swap 705 time is 30.549ms
04-13 01:14:00.353 27620 27653 I native-activity: Animating
04-13 01:14:00.366 27620 27653 I native-activity: Frame 706 GL error is 0x0
04-13 01:14:00.368 27620 27653 I native-activity: Frame 706 time is 14.881ms
04-13 01:14:00.384 27620 27653 I native-activity: Swap 706 time is 30.703ms
04-13 01:14:00.384 27620 27653 I native-activity: Animating
04-13 01:14:00.398 27620 27653 I native-activity: Frame 707 GL error is 0x0
04-13 01:14:00.398 27620 27653 I native-activity: Frame 707 time is 13.905ms
04-13 01:14:00.415 27620 27653 I native-activity: Swap 707 time is 31.076ms
04-13 01:14:00.415 27620 27653 I native-activity: Animating
04-13 01:14:00.431 27620 27653 I native-activity: Frame 708 GL error is 0x0
04-13 01:14:00.432 27620 27653 I native-activity: Frame 708 time is 16.295ms
04-13 01:14:00.446 27620 27653 I native-activity: Swap 708 time is 31.035ms
04-13 01:14:00.447 27620 27653 I native-activity: Animating
04-13 01:14:00.440 27620 27653 I Kernel  : [47279.117187]-(0)[27653:Thread-7707]dpi vsync
04-13 01:14:00.463 27620 27653 I native-activity: Frame 709 GL error is 0x0
04-13 01:14:00.463 27620 27653 I native-activity: Frame 709 time is 16.412ms
04-13 01:14:00.478 27620 27653 I native-activity: Swap 709 time is 30.949ms
04-13 01:14:00.478 27620 27653 I native-activity: Animating
04-13 01:14:00.494 27620 27653 I native-activity: Frame 710 GL error is 0x0
04-13 01:14:00.494 27620 27653 I native-activity: Frame 710 time is 15.833ms
04-13 01:14:00.509 27620 27653 I native-activity: Swap 710 time is 30.953ms
04-13 01:14:00.509 27620 27653 I native-activity: Animating
04-13 01:14:00.525 27620 27653 I native-activity: Frame 711 GL error is 0x0
04-13 01:14:00.525 27620 27653 I native-activity: Frame 711 time is 15.950ms
04-13 01:14:00.541 27620 27653 I native-activity: Swap 711 time is 32.333ms
04-13 01:14:00.542 27620 27653 I native-activity: Animating
04-13 01:14:00.548  1787  1787 I AmazonLocationController: onWifiSignalChanged : connected : true
04-13 01:14:00.569 27620 27653 I native-activity: Frame 712 GL error is 0x0
04-13 01:14:00.569 27620 27653 I native-activity: Frame 712 time is 27.239ms
04-13 01:14:00.575 27620 27653 I native-activity: Swap 712 time is 32.413ms
04-13 01:14:00.575 27620 27653 I native-activity: Animating
04-13 01:14:00.593 27620 27653 I native-activity: Frame 713 GL error is 0x0
04-13 01:14:00.593 27620 27653 I native-activity: Frame 713 time is 18.003ms
04-13 01:14:00.600 27620 27653 I native-activity: Swap 713 time is 25.611ms
04-13 01:14:00.601 27620 27653 I native-activity: Animating
04-13 01:14:00.616 27620 27653 I native-activity: Frame 714 GL error is 0x0
04-13 01:14:00.616 27620 27653 I native-activity: Frame 714 time is 15.078ms
04-13 01:14:00.637 27620 27653 I native-activity: Swap 714 time is 35.999ms
04-13 01:14:00.637 27620 27653 I native-activity: Animating
04-13 01:14:00.649 27620 27653 I native-activity: Frame 715 GL error is 0x0
04-13 01:14:00.649 27620 27653 I native-activity: Frame 715 time is 11.930ms
04-13 01:14:00.668 27620 27653 I native-activity: Swap 715 time is 31.452ms
04-13 01:14:00.668 27620 27653 I native-activity: Animating
04-13 01:14:00.681 27620 27653 I native-activity: Frame 716 GL error is 0x0
04-13 01:14:00.681 27620 27653 I native-activity: Frame 716 time is 12.686ms
04-13 01:14:00.698 27620 27653 I native-activity: Swap 716 time is 29.438ms
04-13 01:14:00.698 27620 27653 I native-activity: Animating
04-13 01:14:00.713 27620 27653 I native-activity: Frame 717 GL error is 0x0
04-13 01:14:00.713 27620 27653 I native-activity: Frame 717 time is 15.142ms
04-13 01:14:00.729 27620 27653 I native-activity: Swap 717 time is 30.547ms
04-13 01:14:00.729 27620 27653 I native-activity: Animating
04-13 01:14:00.743 27620 27653 I native-activity: Frame 718 GL error is 0x0
04-13 01:14:00.743 27620 27653 I native-activity: Frame 718 time is 14.167ms
04-13 01:14:00.760 27620 27653 I native-activity: Swap 718 time is 31.235ms
04-13 01:14:00.760 27620 27653 I native-activity: Animating
04-13 01:14:00.774 27620 27653 I native-activity: Frame 719 GL error is 0x0
04-13 01:14:00.774 27620 27653 I native-activity: Frame 719 time is 13.709ms
04-13 01:14:00.791 27620 27653 I native-activity: Swap 719 time is 30.378ms
04-13 01:14:00.791 27620 27653 I native-activity: Animating
04-13 01:14:00.805 27620 27653 I native-activity: Frame 720 GL error is 0x0
04-13 01:14:00.805 27620 27653 I native-activity: Frame 720 time is 14.493ms
04-13 01:14:00.822 27620 27653 I native-activity: Swap 720 time is 31.172ms
04-13 01:14:00.822 27620 27653 I native-activity: Animating
04-13 01:14:00.836 27620 27653 I native-activity: Frame 721 GL error is 0x0
04-13 01:14:00.837 27620 27653 I native-activity: Frame 721 time is 15.048ms
04-13 01:14:00.853 27620 27653 I native-activity: Swap 721 time is 30.962ms
04-13 01:14:00.854 27620 27653 I native-activity: Animating
04-13 01:14:00.873 27620 27653 I native-activity: Frame 722 GL error is 0x0
04-13 01:14:00.874 27620 27653 I native-activity: Frame 722 time is 20.007ms
04-13 01:14:00.884 27620 27653 I native-activity: Swap 722 time is 30.803ms
04-13 01:14:00.885 27620 27653 I native-activity: Animating
04-13 01:14:00.904 27620 27653 I native-activity: Frame 723 GL error is 0x0
04-13 01:14:00.904 27620 27653 I native-activity: Frame 723 time is 19.585ms
04-13 01:14:00.916 27620 27653 I native-activity: Swap 723 time is 30.959ms
04-13 01:14:00.916 27620 27653 I native-activity: Animating
04-13 01:14:00.936 27620 27653 I native-activity: Frame 724 GL error is 0x0
04-13 01:14:00.936 27620 27653 I native-activity: Frame 724 time is 20.315ms
04-13 01:14:00.947 27620 27653 I native-activity: Swap 724 time is 30.974ms
04-13 01:14:00.948 27620 27653 I native-activity: Animating
04-13 01:14:00.976 27620 27653 I native-activity: Frame 725 GL error is 0x0
04-13 01:14:00.976 27620 27653 I native-activity: Frame 725 time is 28.340ms
04-13 01:14:00.980 27620 27653 I native-activity: Swap 725 time is 32.042ms
04-13 01:14:00.980 27620 27653 I native-activity: Animating
04-13 01:14:00.991 27620 27653 I native-activity: Frame 726 GL error is 0x0
04-13 01:14:00.991 27620 27653 I native-activity: Frame 726 time is 10.818ms
04-13 01:14:01.006 27620 27653 I native-activity: Swap 726 time is 26.155ms
04-13 01:14:01.007 27620 27653 I native-activity: Animating
04-13 01:14:01.019 27620 27653 I native-activity: Frame 727 GL error is 0x0
04-13 01:14:01.019 27620 27653 I native-activity: Frame 727 time is 12.562ms
04-13 01:14:01.044 27620 27653 I native-activity: Swap 727 time is 37.048ms
04-13 01:14:01.044 27620 27653 I native-activity: Animating
04-13 01:14:01.060 27620 27653 I native-activity: Frame 728 GL error is 0x0
04-13 01:14:01.060 27620 27653 I native-activity: Frame 728 time is 15.919ms
04-13 01:14:01.074 27620 27653 I native-activity: Swap 728 time is 30.056ms
04-13 01:14:01.074 27620 27653 I native-activity: Animating
04-13 01:14:01.090 27620 27653 I native-activity: Frame 729 GL error is 0x0
04-13 01:14:01.090 27620 27653 I native-activity: Frame 729 time is 15.835ms
04-13 01:14:01.106 27620 27653 I native-activity: Swap 729 time is 32.242ms
04-13 01:14:01.107 27620 27653 I native-activity: Animating
04-13 01:14:01.123 27620 27653 I native-activity: Frame 730 GL error is 0x0
04-13 01:14:01.123 27620 27653 I native-activity: Frame 730 time is 16.029ms
04-13 01:14:01.137 27620 27653 I native-activity: Swap 730 time is 30.479ms
04-13 01:14:01.137 27620 27653 I native-activity: Animating
04-13 01:14:01.153 27620 27653 I native-activity: Frame 731 GL error is 0x0
04-13 01:14:01.153 27620 27653 I native-activity: Frame 731 time is 16.007ms
04-13 01:14:01.170 27620 27653 I native-activity: Swap 731 time is 31.943ms
04-13 01:14:01.170 27620 27653 I native-activity: Animating
04-13 01:14:01.190 27620 27653 I native-activity: Frame 732 GL error is 0x0
04-13 01:14:01.190 27620 27653 I native-activity: Frame 732 time is 19.544ms
04-13 01:14:01.200 27620 27653 I native-activity: Swap 732 time is 29.780ms
04-13 01:14:01.200 27620 27653 I native-activity: Animating
04-13 01:14:01.216 27620 27653 I native-activity: Frame 733 GL error is 0x0
04-13 01:14:01.216 27620 27653 I native-activity: Frame 733 time is 15.503ms
04-13 01:14:01.233 27620 27653 I native-activity: Swap 733 time is 32.466ms
04-13 01:14:01.233 27620 27653 I native-activity: Animating
04-13 01:14:01.249 27620 27653 I native-activity: Frame 734 GL error is 0x0
04-13 01:14:01.249 27620 27653 I native-activity: Frame 734 time is 15.899ms
04-13 01:14:01.240    82    82 I Kernel  : [47279.919614].(0)[82:mtk charger_hv_]charging_reset_watch_dog_timer
04-13 01:14:01.240    82    82 I Kernel  : [47279.920509].(0)[82:mtk charger_hv_]array_size = 16 
04-13 01:14:01.263 27620 27653 I native-activity: Swap 734 time is 29.893ms
04-13 01:14:01.263 27620 27653 I native-activity: Animating
04-13 01:14:01.278 27620 27653 I native-activity: Frame 735 GL error is 0x0
04-13 01:14:01.278 27620 27653 I native-activity: Frame 735 time is 14.998ms
04-13 01:14:01.294 27620 27653 I native-activity: Swap 735 time is 31.008ms
04-13 01:14:01.294 27620 27653 I native-activity: Animating
04-13 01:14:01.309 27620 27653 I native-activity: Frame 736 GL error is 0x0
04-13 01:14:01.310 27620 27653 I native-activity: Frame 736 time is 15.250ms
04-13 01:14:01.326 27620 27653 I native-activity: Swap 736 time is 31.331ms
04-13 01:14:01.326 27620 27653 I native-activity: Animating
04-13 01:14:01.344 27620 27653 I native-activity: Frame 737 GL error is 0x0
04-13 01:14:01.344 27620 27653 I native-activity: Frame 737 time is 18.314ms
04-13 01:14:01.359 27620 27653 I native-activity: Swap 737 time is 32.637ms
04-13 01:14:01.359 27620 27653 I native-activity: Animating
04-13 01:14:01.376 27620 27653 I native-activity: Frame 738 GL error is 0x0
04-13 01:14:01.376 27620 27653 I native-activity: Frame 738 time is 17.185ms
04-13 01:14:01.390 27620 27653 I native-activity: Swap 738 time is 30.962ms
04-13 01:14:01.390 27620 27653 I native-activity: Animating
04-13 01:14:01.410 27620 27653 I native-activity: Frame 739 GL error is 0x0
04-13 01:14:01.410 27620 27653 I native-activity: Frame 739 time is 19.922ms
04-13 01:14:01.422 27620 27653 I native-activity: Swap 739 time is 31.892ms
04-13 01:14:01.422 27620 27653 I native-activity: Animating
04-13 01:14:01.442 27620 27653 I native-activity: Frame 740 GL error is 0x0
04-13 01:14:01.442 27620 27653 I native-activity: Frame 740 time is 19.120ms
04-13 01:14:01.454 27620 27653 I native-activity: Swap 740 time is 31.390ms
04-13 01:14:01.454 27620 27653 I native-activity: Animating
04-13 01:14:01.481 27620 27653 I native-activity: Frame 741 GL error is 0x0
04-13 01:14:01.481 27620 27653 I native-activity: Frame 741 time is 26.921ms
04-13 01:14:01.486 27620 27653 I native-activity: Swap 741 time is 31.354ms
04-13 01:14:01.487 27620 27653 I native-activity: Animating
04-13 01:14:01.508 27620 27653 I native-activity: Frame 742 GL error is 0x0
04-13 01:14:01.508 27620 27653 I native-activity: Frame 742 time is 20.867ms
04-13 01:14:01.517 27620 27653 I native-activity: Swap 742 time is 29.297ms
04-13 01:14:01.517 27620 27653 I native-activity: Animating
04-13 01:14:01.533 27620 27653 I native-activity: Frame 743 GL error is 0x0
04-13 01:14:01.533 27620 27653 I native-activity: Frame 743 time is 15.737ms
04-13 01:14:01.548 27620 27653 I native-activity: Swap 743 time is 31.417ms
04-13 01:14:01.550 27620 27653 I native-activity: Animating
04-13 01:14:01.563 27620 27653 I native-activity: Frame 744 GL error is 0x0
04-13 01:14:01.563 27620 27653 I native-activity: Frame 744 time is 12.618ms
04-13 01:14:01.581 27620 27653 I native-activity: Swap 744 time is 30.817ms
04-13 01:14:01.581 27620 27653 I native-activity: Animating
04-13 01:14:01.602 27620 27653 I native-activity: Frame 745 GL error is 0x0
04-13 01:14:01.602 27620 27653 I native-activity: Frame 745 time is 20.157ms
04-13 01:14:01.612 27620 27653 I native-activity: Swap 745 time is 30.839ms
04-13 01:14:01.612 27620 27653 I native-activity: Animating
04-13 01:14:01.631 27620 27653 I native-activity: Frame 746 GL error is 0x0
04-13 01:14:01.631 27620 27653 I native-activity: Frame 746 time is 18.872ms
04-13 01:14:01.642 27620 27653 I native-activity: Swap 746 time is 29.652ms
04-13 01:14:01.643 27620 27653 I native-activity: Animating
04-13 01:14:01.662 27620 27653 I native-activity: Frame 747 GL error is 0x0
04-13 01:14:01.662 27620 27653 I native-activity: Frame 747 time is 19.136ms
04-13 01:14:01.673 27620 27653 I native-activity: Swap 747 time is 30.605ms
04-13 01:14:01.673 27620 27653 I native-activity: Animating
04-13 01:14:01.692 27620 27653 I native-activity: Frame 748 GL error is 0x0
04-13 01:14:01.693 27620 27653 I native-activity: Frame 748 time is 19.153ms
04-13 01:14:01.704 27620 27653 I native-activity: Swap 748 time is 30.809ms
04-13 01:14:01.704 27620 27653 I native-activity: Animating
04-13 01:14:01.724 27620 27653 I native-activity: Frame 749 GL error is 0x0
04-13 01:14:01.724 27620 27653 I native-activity: Frame 749 time is 19.717ms
04-13 01:14:01.735 27620 27653 I native-activity: Swap 749 time is 30.711ms
04-13 01:14:01.735 27620 27653 I native-activity: Animating
04-13 01:14:01.758 27620 27653 I native-activity: Frame 750 GL error is 0x0
04-13 01:14:01.758 27620 27653 I native-activity: Frame 750 time is 22.157ms
04-13 01:14:01.766 27620 27653 I native-activity: Swap 750 time is 30.467ms
04-13 01:14:01.766 27620 27653 I native-activity: Animating
04-13 01:14:01.786 27620 27653 I native-activity: Frame 751 GL error is 0x0
04-13 01:14:01.786 27620 27653 I native-activity: Frame 751 time is 20.240ms
04-13 01:14:01.798 27620 27653 I native-activity: Swap 751 time is 31.577ms
04-13 01:14:01.798 27620 27653 I native-activity: Animating
04-13 01:14:01.780  2159  2159 I Kernel  : [47280.452954].(1)[2159:wpa_supplicant]poorlink get state G(363181)F(49)dbad(0)dretry(0)LT(810)RT(-74)W(0)(12851)
04-13 01:14:01.780  2137  2137 I Kernel  : [47280.453005][wlan] nicTxReleaseResource: (TX STATE)
04-13 01:14:01.780  2137  2137 I Kernel  : Release: TC4 count 1, Free=4; TC5 count 0, Free=4
04-13 01:14:01.812 27620 27653 I native-activity: Frame 752 GL error is 0x0
04-13 01:14:01.812 27620 27653 I native-activity: Frame 752 time is 14.205ms
04-13 01:14:01.830 27620 27653 I native-activity: Swap 752 time is 31.655ms
04-13 01:14:01.830 27620 27653 I native-activity: Animating
04-13 01:14:01.842 27620 27653 I native-activity: Frame 753 GL error is 0x0
04-13 01:14:01.842 27620 27653 I native-activity: Frame 753 time is 11.598ms
04-13 01:14:01.862 27620 27653 I native-activity: Swap 753 time is 31.130ms
04-13 01:14:01.862 27620 27653 I native-activity: Animating
04-13 01:14:01.874 27620 27653 I native-activity: Frame 754 GL error is 0x0
04-13 01:14:01.874 27620 27653 I native-activity: Frame 754 time is 12.538ms
04-13 01:14:01.893 27620 27653 I native-activity: Swap 754 time is 31.144ms
04-13 01:14:01.893 27620 27653 I native-activity: Animating
04-13 01:14:01.909 27620 27653 I native-activity: Frame 755 GL error is 0x0
04-13 01:14:01.909 27620 27653 I native-activity: Frame 755 time is 15.519ms
04-13 01:14:01.922 27620 27653 I native-activity: Swap 755 time is 28.599ms
04-13 01:14:01.922 27620 27653 I native-activity: Animating
04-13 01:14:01.937 27620 27653 I native-activity: Frame 756 GL error is 0x0
04-13 01:14:01.937 27620 27653 I native-activity: Frame 756 time is 14.739ms
04-13 01:14:01.952 27620 27653 I native-activity: Swap 756 time is 29.671ms
04-13 01:14:01.952 27620 27653 I native-activity: Animating
04-13 01:14:01.967 27620 27653 I native-activity: Frame 757 GL error is 0x0
04-13 01:14:01.967 27620 27653 I native-activity: Frame 757 time is 14.420ms
04-13 01:14:01.983 27620 27653 I native-activity: Swap 757 time is 30.578ms
04-13 01:14:01.983 27620 27653 I native-activity: Animating
04-13 01:14:01.998 27620 27653 I native-activity: Frame 758 GL error is 0x0
04-13 01:14:01.998 27620 27653 I native-activity: Frame 758 time is 14.982ms
04-13 01:14:02.012 27620 27653 I native-activity: Swap 758 time is 28.732ms
04-13 01:14:02.013 27620 27653 I native-activity: Animating
04-13 01:14:02.026 27620 27653 I native-activity: Frame 759 GL error is 0x0
04-13 01:14:02.026 27620 27653 I native-activity: Frame 759 time is 13.841ms
04-13 01:14:02.040 27620 27653 I native-activity: Swap 759 time is 27.363ms
04-13 01:14:02.040 27620 27653 I native-activity: Animating
04-13 01:14:02.056 27620 27653 I native-activity: Frame 760 GL error is 0x0
04-13 01:14:02.056 27620 27653 I native-activity: Frame 760 time is 16.174ms
04-13 01:14:02.075 27620 27653 I native-activity: Swap 760 time is 35.040ms
04-13 01:14:02.075 27620 27653 I native-activity: Animating
04-13 01:14:02.100 27620 27653 I native-activity: Frame 761 GL error is 0x0
04-13 01:14:02.101 27620 27653 I native-activity: Frame 761 time is 24.965ms
04-13 01:14:02.106 27620 27653 I native-activity: Swap 761 time is 30.816ms
04-13 01:14:02.107 27620 27653 I native-activity: Animating
04-13 01:14:02.144 27620 27653 I native-activity: Frame 762 GL error is 0x0
04-13 01:14:02.144 27620 27653 I native-activity: Frame 762 time is 37.476ms
04-13 01:14:02.147 27620 27653 I native-activity: Swap 762 time is 40.490ms
04-13 01:14:02.147 27620 27653 I native-activity: Animating
04-13 01:14:02.158 27620 27653 I native-activity: Frame 763 GL error is 0x0
04-13 01:14:02.158 27620 27653 I native-activity: Frame 763 time is 10.965ms
