04-13 01:13:32.950    81    81 I Kernel  : [47251.622813].(0)[81:bat_thread_kthr]AvgVbat=(4203),bat_vol=(4191),AvgI=(0),I=(0),VChr=(4645),AvgT=(24),T=(24),pre_SOC=(100),SOC=(100),ZCV=(4045)
04-13 01:13:32.950    81    81 I Kernel  : [47251.622895].(0)[81:bat_thread_kthr][BATTERY] support JEITA, temperature=24
04-13 01:13:32.950    81    81 I Kernel  : [47251.622970][BATTERY] Battery Normal Temperature between 10 and 45 !!
04-13 01:13:32.950    81    81 I Kernel  : [47251.622989].(0)[81:bat_thread_kthr]array_size = 51 
04-13 01:13:32.950    81    81 I Kernel  : [47251.624435].(0)[81:bat_thread_kthr]charging_reset_watch_dog_timer
04-13 01:13:32.974 27548 27566 I native-activity: Frame 396 GL error is 0x0
04-13 01:13:32.974 27548 27566 I native-activity: Frame 396 time is 7.443ms
04-13 01:13:32.974 27548 27566 I native-activity: Swap 396 time is 7.534ms
04-13 01:13:32.974 27548 27566 I native-activity: Animating
04-13 01:13:32.960    81    81 I Kernel  : [47251.638545].(0)[81:bat_thread_kthr][BATTERY] Default CC mode charging : 150000, input current = 150000
04-13 01:13:32.960    81    81 I Kernel  : [47251.638586].(0)[81:bat_thread_kthr]array_size = 8 
04-13 01:13:32.960    81    81 I Kernel  : [47251.640263].(0)[81:bat_thread_kthr]array_size = 28 
04-13 01:13:32.982 27548 27566 I native-activity: Frame 397 GL error is 0x0
04-13 01:13:32.982 27548 27566 I native-activity: Frame 397 time is 7.582ms
04-13 01:13:32.982 27548 27566 I native-activity: Swap 397 time is 7.670ms
04-13 01:13:32.982 27548 27566 I native-activity: Animating
04-13 01:13:32.970    81    81 I Kernel  : [47251.646956].(0)[81:bat_thread_kthr]charging_dump_register
04-13 01:13:32.970    81    81 I Kernel  : [47251.647471].(0)[81:bat_thread_kthr][bq24296_dump_register] Reg[0x0]=0x45
04-13 01:13:32.970    81    81 I Kernel  : [47251.647991].(0)[81:bat_thread_kthr][bq24296_dump_register] Reg[0x1]=0x1B
04-13 01:13:32.970    81    81 I Kernel  : [47251.648500].(0)[81:bat_thread_kthr][bq24296_dump_register] Reg[0x2]=0x3C
04-13 01:13:32.970    81    81 I Kernel  : [47251.649318].(1)[81:bat_thread_kthr][bq24296_dump_register] Reg[0x3]=0x30
04-13 01:13:32.970    81    81 I Kernel  : [47251.649858].(0)[81:bat_thread_kthr][bq24296_dump_register] Reg[0x4]=0xB2
04-13 01:13:32.970    81    81 I Kernel  : [47251.650463].(0)[81:bat_thread_kthr][bq24296_dump_register] Reg[0x5]=0x94
04-13 01:13:32.970    81    81 I Kernel  : [47251.650980].(0)[81:bat_thread_kthr][bq24296_dump_register] Reg[0x6]=0x73
04-13 01:13:32.970    81    81 I Kernel  : [47251.651497].(0)[81:bat_thread_kthr][bq24296_dump_register] Reg[0x7]=0x48
04-13 01:13:32.990 27548 27566 I native-activity: Frame 398 GL error is 0x0
04-13 01:13:32.990 27548 27566 I native-activity: Frame 398 time is 7.500ms
04-13 01:13:32.990 27548 27566 I native-activity: Swap 398 time is 7.599ms
04-13 01:13:32.990 27548 27566 I native-activity: Animating
04-13 01:13:32.996   143   315 I hwcomposer: [DPY] UEventThread::threadLoop recv change@/devices/platform/battery/power_supply/battery
04-13 01:13:32.997 27548 27566 I native-activity: Frame 399 GL error is 0x0
04-13 01:13:32.997 27548 27566 I native-activity: Frame 399 time is 6.977ms
04-13 01:13:32.997 27548 27566 I native-activity: Swap 399 time is 7.044ms
04-13 01:13:32.997 27548 27566 I native-activity: Animating
04-13 01:13:32.980    81    81 I Kernel  : [47251.653718].(1)[81:bat_thread_kthr][bq24296_dump_register] Reg[0x8]=0x74
04-13 01:13:32.980    81    81 I Kernel  : [47251.654240].(1)[81:bat_thread_kthr][bq24296_dump_register] Reg[0x9]=0x0
04-13 01:13:32.980    81    81 I Kernel  : [47251.654808].(0)[81:bat_thread_kthr][bq24296_dump_register] Reg[0xA]=0x20
04-13 01:13:32.980    81    81 I Kernel  : [47251.655813].(0)[81:bat_thread_kthr][100percent], UI_SOC(100), reset(0)
04-13 01:13:32.980    81    81 I Kernel  : [47251.655832].(0)[81:bat_thread_kthr]UI_SOC=(100), resetBatteryMeter=(0)
04-13 01:13:32.980    81    81 I Kernel  : [47251.656432].(0)[81:bat_thread_kthr][mt_kpoc_power_off_check] , chr_vol=4645, boot_mode=0
04-13 01:13:32.980   139   139 I Kernel  : [47251.657709].(0)[139:healthd]healthd: battery l=100 v=4203 t=24.0 h=2 st=5 chg=u
04-13 01:13:33.005 27548 27566 I native-activity: Frame 400 GL error is 0x0
04-13 01:13:33.005 27548 27566 I native-activity: Frame 400 time is 8.013ms
04-13 01:13:33.005 27548 27566 I native-activity: Swap 400 time is 8.101ms
04-13 01:13:33.005 27548 27566 I native-activity: Animating
04-13 01:13:33.013 27548 27566 I native-activity: Frame 401 GL error is 0x0
04-13 01:13:33.013 27548 27566 I native-activity: Frame 401 time is 7.782ms
04-13 01:13:33.013 27548 27566 I native-activity: Swap 401 time is 7.861ms
04-13 01:13:33.013 27548 27566 I native-activity: Animating
04-13 01:13:33.020 27548 27566 I native-activity: Frame 402 GL error is 0x0
04-13 01:13:33.021 27548 27566 I native-activity: Frame 402 time is 7.279ms
04-13 01:13:33.021 27548 27566 I native-activity: Swap 402 time is 7.380ms
04-13 01:13:33.021 27548 27566 I native-activity: Animating
04-13 01:13:33.029 27548 27566 I native-activity: Frame 403 GL error is 0x0
04-13 01:13:33.029 27548 27566 I native-activity: Frame 403 time is 8.328ms
04-13 01:13:33.029 27548 27566 I native-activity: Swap 403 time is 8.421ms
04-13 01:13:33.029 27548 27566 I native-activity: Animating
04-13 01:13:33.038 27548 27566 I native-activity: Frame 404 GL error is 0x0
04-13 01:13:33.038 27548 27566 I native-activity: Frame 404 time is 9.069ms
04-13 01:13:33.038 27548 27566 I native-activity: Swap 404 time is 9.166ms
04-13 01:13:33.039 27548 27566 I native-activity: Animating
04-13 01:13:33.047 27548 27566 I native-activity: Frame 405 GL error is 0x0
04-13 01:13:33.047 27548 27566 I native-activity: Frame 405 time is 8.163ms
04-13 01:13:33.047 27548 27566 I native-activity: Swap 405 time is 8.259ms
04-13 01:13:33.047 27548 27566 I native-activity: Animating
04-13 01:13:33.055 27548 27566 I native-activity: Frame 406 GL error is 0x0
04-13 01:13:33.055 27548 27566 I native-activity: Frame 406 time is 8.171ms
04-13 01:13:33.055 27548 27566 I native-activity: Swap 406 time is 8.257ms
04-13 01:13:33.055 27548 27566 I native-activity: Animating
04-13 01:13:33.063 27548 27566 I native-activity: Frame 407 GL error is 0x0
04-13 01:13:33.064 27548 27566 I native-activity: Frame 407 time is 8.272ms
04-13 01:13:33.064 27548 27566 I native-activity: Swap 407 time is 8.386ms
04-13 01:13:33.064 27548 27566 I native-activity: Animating
04-13 01:13:33.072 27548 27566 I native-activity: Frame 408 GL error is 0x0
04-13 01:13:33.072 27548 27566 I native-activity: Frame 408 time is 8.365ms
04-13 01:13:33.072 27548 27566 I native-activity: Swap 408 time is 8.461ms
04-13 01:13:33.072 27548 27566 I native-activity: Animating
04-13 01:13:33.080 27548 27566 I native-activity: Frame 409 GL error is 0x0
04-13 01:13:33.080 27548 27566 I native-activity: Frame 409 time is 7.894ms
04-13 01:13:33.080 27548 27566 I native-activity: Swap 409 time is 8.008ms
04-13 01:13:33.080 27548 27566 I native-activity: Animating
04-13 01:13:33.088 27548 27566 I native-activity: Frame 410 GL error is 0x0
04-13 01:13:33.089 27548 27566 I native-activity: Frame 410 time is 8.045ms
04-13 01:13:33.089 27548 27566 I native-activity: Swap 410 time is 8.160ms
04-13 01:13:33.089 27548 27566 I native-activity: Animating
04-13 01:13:33.097 27548 27566 I native-activity: Frame 411 GL error is 0x0
04-13 01:13:33.097 27548 27566 I native-activity: Frame 411 time is 8.321ms
04-13 01:13:33.097 27548 27566 I native-activity: Swap 411 time is 8.422ms
04-13 01:13:33.097 27548 27566 I native-activity: Animating
04-13 01:13:33.105 27548 27566 I native-activity: Frame 412 GL error is 0x0
04-13 01:13:33.106 27548 27566 I native-activity: Frame 412 time is 8.098ms
04-13 01:13:33.106 27548 27566 I native-activity: Swap 412 time is 8.197ms
04-13 01:13:33.106 27548 27566 I native-activity: Animating
04-13 01:13:33.187 27548 27566 I native-activity: Frame 413 GL error is 0x501
04-13 01:13:33.187 27548 27566 I native-activity: Frame 413 time is 81.072ms
04-13 01:13:33.187 27548 27566 I native-activity: Swap 413 time is 81.141ms
04-13 01:13:33.187 27548 27566 I native-activity: Animating
04-13 01:13:33.190    82    82 I Kernel  : [47251.871416].(0)[82:mtk charger_hv_]charging_reset_watch_dog_timer
04-13 01:13:33.200    82    82 I Kernel  : [47251.873483].(0)[82:mtk charger_hv_]array_size = 16 
04-13 01:13:33.296 27548 27566 I native-activity: Frame 414 GL error is 0x500
04-13 01:13:33.296 27548 27566 I native-activity: Frame 414 time is 108.799ms
04-13 01:13:33.296 27548 27566 I native-activity: Swap 414 time is 108.893ms
04-13 01:13:33.296 27548 27566 I native-activity: Animating
04-13 01:13:33.302 27548 27566 I native-activity: Frame 415 GL error is 0x0
04-13 01:13:33.302 27548 27566 I native-activity: Frame 415 time is 6.194ms
04-13 01:13:33.302 27548 27566 I native-activity: Swap 415 time is 6.278ms
04-13 01:13:33.302 27548 27566 I native-activity: Animating
04-13 01:13:33.309 27548 27566 I native-activity: Frame 416 GL error is 0x0
04-13 01:13:33.309 27548 27566 I native-activity: Frame 416 time is 6.175ms
04-13 01:13:33.309 27548 27566 I native-activity: Swap 416 time is 6.256ms
04-13 01:13:33.309 27548 27566 I native-activity: Animating
04-13 01:13:33.316 27548 27566 I native-activity: Frame 417 GL error is 0x0
04-13 01:13:33.316 27548 27566 I native-activity: Frame 417 time is 7.249ms
04-13 01:13:33.316 27548 27566 I native-activity: Swap 417 time is 7.341ms
04-13 01:13:33.316 27548 27566 I native-activity: Animating
04-13 01:13:33.323 27548 27566 I native-activity: Frame 418 GL error is 0x0
04-13 01:13:33.323 27548 27566 I native-activity: Frame 418 time is 7.221ms
04-13 01:13:33.324 27548 27566 I native-activity: Swap 418 time is 7.310ms
04-13 01:13:33.324 27548 27566 I native-activity: Animating
04-13 01:13:33.329 27548 27566 I native-activity: Frame 419 GL error is 0x0
04-13 01:13:33.329 27548 27566 I native-activity: Frame 419 time is 5.392ms
04-13 01:13:33.329 27548 27566 I native-activity: Swap 419 time is 5.476ms
04-13 01:13:33.329 27548 27566 I native-activity: Animating
04-13 01:13:33.335 27548 27566 I native-activity: Frame 420 GL error is 0x0
04-13 01:13:33.335 27548 27566 I native-activity: Frame 420 time is 5.862ms
04-13 01:13:33.335 27548 27566 I native-activity: Swap 420 time is 5.950ms
04-13 01:13:33.335 27548 27566 I native-activity: Animating
04-13 01:13:33.341 27548 27566 I native-activity: Frame 421 GL error is 0x0
04-13 01:13:33.341 27548 27566 I native-activity: Frame 421 time is 5.636ms
04-13 01:13:33.341 27548 27566 I native-activity: Swap 421 time is 5.724ms
04-13 01:13:33.341 27548 27566 I native-activity: Animating
04-13 01:13:33.349 27548 27566 I native-activity: Frame 422 GL error is 0x0
04-13 01:13:33.349 27548 27566 I native-activity: Frame 422 time is 8.230ms
04-13 01:13:33.349 27548 27566 I native-activity: Swap 422 time is 8.297ms
04-13 01:13:33.350 27548 27566 I native-activity: Animating
04-13 01:13:33.358 27548 27566 I native-activity: Frame 423 GL error is 0x0
04-13 01:13:33.358 27548 27566 I native-activity: Frame 423 time is 8.406ms
04-13 01:13:33.358 27548 27566 I native-activity: Swap 423 time is 8.472ms
04-13 01:13:33.358 27548 27566 I native-activity: Animating
04-13 01:13:33.366 27548 27566 I native-activity: Frame 424 GL error is 0x0
04-13 01:13:33.366 27548 27566 I native-activity: Frame 424 time is 7.788ms
04-13 01:13:33.366 27548 27566 I native-activity: Swap 424 time is 7.855ms
04-13 01:13:33.366 27548 27566 I native-activity: Animating
04-13 01:13:33.373 27548 27566 I native-activity: Frame 425 GL error is 0x0
04-13 01:13:33.373 27548 27566 I native-activity: Frame 425 time is 6.991ms
04-13 01:13:33.373 27548 27566 I native-activity: Swap 425 time is 7.082ms
04-13 01:13:33.373 27548 27566 I native-activity: Animating
04-13 01:13:33.380 27548 27566 I native-activity: Frame 426 GL error is 0x0
04-13 01:13:33.381 27548 27566 I native-activity: Frame 426 time is 7.142ms
04-13 01:13:33.381 27548 27566 I native-activity: Swap 426 time is 7.245ms
04-13 01:13:33.381 27548 27566 I native-activity: Animating
04-13 01:13:33.387 27548 27566 I native-activity: Frame 427 GL error is 0x0
04-13 01:13:33.388 27548 27566 I native-activity: Frame 427 time is 6.850ms
04-13 01:13:33.388 27548 27566 I native-activity: Swap 427 time is 6.938ms
04-13 01:13:33.388 27548 27566 I native-activity: Animating
04-13 01:13:33.395 27548 27566 I native-activity: Frame 428 GL error is 0x0
04-13 01:13:33.395 27548 27566 I native-activity: Frame 428 time is 6.948ms
04-13 01:13:33.395 27548 27566 I native-activity: Swap 428 time is 7.039ms
04-13 01:13:33.395 27548 27566 I native-activity: Animating
04-13 01:13:33.402 27548 27566 I native-activity: Frame 429 GL error is 0x0
04-13 01:13:33.402 27548 27566 I native-activity: Frame 429 time is 6.927ms
04-13 01:13:33.402 27548 27566 I native-activity: Swap 429 time is 7.015ms
04-13 01:13:33.402 27548 27566 I native-activity: Animating
04-13 01:13:33.409 27548 27566 I native-activity: Frame 430 GL error is 0x0
04-13 01:13:33.409 27548 27566 I native-activity: Frame 430 time is 7.051ms
04-13 01:13:33.409 27548 27566 I native-activity: Swap 430 time is 7.144ms
04-13 01:13:33.409 27548 27566 I native-activity: Animating
04-13 01:13:33.416 27548 27566 I native-activity: Frame 431 GL error is 0x0
04-13 01:13:33.416 27548 27566 I native-activity: Frame 431 time is 6.910ms
04-13 01:13:33.416 27548 27566 I native-activity: Swap 431 time is 6.999ms
04-13 01:13:33.416 27548 27566 I native-activity: Animating
04-13 01:13:33.423 27548 27566 I native-activity: Frame 432 GL error is 0x0
04-13 01:13:33.423 27548 27566 I native-activity: Frame 432 time is 6.868ms
04-13 01:13:33.423 27548 27566 I native-activity: Swap 432 time is 6.957ms
04-13 01:13:33.423 27548 27566 I native-activity: Animating
04-13 01:13:33.430 27548 27566 I native-activity: Frame 433 GL error is 0x0
04-13 01:13:33.430 27548 27566 I native-activity: Frame 433 time is 6.990ms
04-13 01:13:33.431 27548 27566 I native-activity: Swap 433 time is 7.082ms
04-13 01:13:33.431 27548 27566 I native-activity: Animating
04-13 01:13:33.437 27548 27566 I native-activity: Frame 434 GL error is 0x0
04-13 01:13:33.438 27548 27566 I native-activity: Frame 434 time is 6.995ms
04-13 01:13:33.438 27548 27566 I native-activity: Swap 434 time is 7.087ms
04-13 01:13:33.438 27548 27566 I native-activity: Animating
04-13 01:13:33.445 27548 27566 I native-activity: Frame 435 GL error is 0x0
04-13 01:13:33.445 27548 27566 I native-activity: Frame 435 time is 6.875ms
04-13 01:13:33.445 27548 27566 I native-activity: Swap 435 time is 6.961ms
04-13 01:13:33.445 27548 27566 I native-activity: Animating
04-13 01:13:33.452 27548 27566 I native-activity: Frame 436 GL error is 0x0
04-13 01:13:33.452 27548 27566 I native-activity: Frame 436 time is 6.987ms
04-13 01:13:33.452 27548 27566 I native-activity: Swap 436 time is 7.076ms
04-13 01:13:33.452 27548 27566 I native-activity: Animating
04-13 01:13:33.460 27548 27566 I native-activity: Frame 437 GL error is 0x0
04-13 01:13:33.460 27548 27566 I native-activity: Frame 437 time is 7.931ms
04-13 01:13:33.460 27548 27566 I native-activity: Swap 437 time is 7.999ms
04-13 01:13:33.460 27548 27566 I native-activity: Animating
04-13 01:13:33.468 27548 27566 I native-activity: Frame 438 GL error is 0x0
04-13 01:13:33.468 27548 27566 I native-activity: Frame 438 time is 8.026ms
04-13 01:13:33.468 27548 27566 I native-activity: Swap 438 time is 8.094ms
04-13 01:13:33.468 27548 27566 I native-activity: Animating
04-13 01:13:33.474 27548 27566 I native-activity: Frame 439 GL error is 0x0
04-13 01:13:33.474 27548 27566 I native-activity: Frame 439 time is 5.861ms
04-13 01:13:33.474 27548 27566 I native-activity: Swap 439 time is 5.945ms
04-13 01:13:33.474 27548 27566 I native-activity: Animating
04-13 01:13:33.483 27548 27566 I native-activity: Frame 440 GL error is 0x0
04-13 01:13:33.483 27548 27566 I native-activity: Frame 440 time is 8.919ms
04-13 01:13:33.483 27548 27566 I native-activity: Swap 440 time is 8.987ms
04-13 01:13:33.483 27548 27566 I native-activity: Animating
04-13 01:13:33.491 27548 27566 I native-activity: Frame 441 GL error is 0x0
04-13 01:13:33.491 27548 27566 I native-activity: Frame 441 time is 7.737ms
04-13 01:13:33.491 27548 27566 I native-activity: Swap 441 time is 7.805ms
04-13 01:13:33.491 27548 27566 I native-activity: Animating
04-13 01:13:33.499 27548 27566 I native-activity: Frame 442 GL error is 0x0
04-13 01:13:33.499 27548 27566 I native-activity: Frame 442 time is 7.681ms
04-13 01:13:33.499 27548 27566 I native-activity: Swap 442 time is 7.746ms
04-13 01:13:33.499 27548 27566 I native-activity: Animating
04-13 01:13:33.506 27548 27566 I native-activity: Frame 443 GL error is 0x0
04-13 01:13:33.507 27548 27566 I native-activity: Frame 443 time is 7.408ms
04-13 01:13:33.507 27548 27566 I native-activity: Swap 443 time is 7.504ms
04-13 01:13:33.507 27548 27566 I native-activity: Animating
04-13 01:13:33.514 27548 27566 I native-activity: Frame 444 GL error is 0x0
04-13 01:13:33.514 27548 27566 I native-activity: Frame 444 time is 7.455ms
04-13 01:13:33.514 27548 27566 I native-activity: Swap 444 time is 7.522ms
04-13 01:13:33.514 27548 27566 I native-activity: Animating
04-13 01:13:33.522 27548 27566 I native-activity: Frame 445 GL error is 0x0
04-13 01:13:33.522 27548 27566 I native-activity: Frame 445 time is 7.468ms
04-13 01:13:33.522 27548 27566 I native-activity: Swap 445 time is 7.536ms
04-13 01:13:33.522 27548 27566 I native-activity: Animating
04-13 01:13:33.529 27548 27566 I native-activity: Frame 446 GL error is 0x0
04-13 01:13:33.529 27548 27566 I native-activity: Frame 446 time is 7.267ms
04-13 01:13:33.529 27548 27566 I native-activity: Swap 446 time is 7.358ms
04-13 01:13:33.529 27548 27566 I native-activity: Animating
04-13 01:13:33.537 27548 27566 I native-activity: Frame 447 GL error is 0x0
04-13 01:13:33.537 27548 27566 I native-activity: Frame 447 time is 7.191ms
04-13 01:13:33.537 27548 27566 I native-activity: Swap 447 time is 7.280ms
04-13 01:13:33.537 27548 27566 I native-activity: Animating
04-13 01:13:33.544 27548 27566 I native-activity: Frame 448 GL error is 0x0
04-13 01:13:33.544 27548 27566 I native-activity: Frame 448 time is 7.370ms
04-13 01:13:33.545 27548 27566 I native-activity: Swap 448 time is 7.450ms
04-13 01:13:33.545 27548 27566 I native-activity: Animating
04-13 01:13:33.552 27548 27566 I native-activity: Frame 449 GL error is 0x0
04-13 01:13:33.552 27548 27566 I native-activity: Frame 449 time is 7.481ms
04-13 01:13:33.552 27548 27566 I native-activity: Swap 449 time is 7.550ms
04-13 01:13:33.552 27548 27566 I native-activity: Animating
04-13 01:13:33.560 27548 27566 I native-activity: Frame 450 GL error is 0x0
04-13 01:13:33.560 27548 27566 I native-activity: Frame 450 time is 7.358ms
04-13 01:13:33.560 27548 27566 I native-activity: Swap 450 time is 7.427ms
04-13 01:13:33.560 27548 27566 I native-activity: Animating
04-13 01:13:33.567 27548 27566 I native-activity: Frame 451 GL error is 0x0
04-13 01:13:33.567 27548 27566 I native-activity: Frame 451 time is 7.296ms
04-13 01:13:33.567 27548 27566 I native-activity: Swap 451 time is 7.385ms
04-13 01:13:33.567 27548 27566 I native-activity: Animating
04-13 01:13:33.574 27548 27566 I native-activity: Frame 452 GL error is 0x0
04-13 01:13:33.575 27548 27566 I native-activity: Frame 452 time is 7.304ms
04-13 01:13:33.575 27548 27566 I native-activity: Swap 452 time is 7.398ms
04-13 01:13:33.575 27548 27566 I native-activity: Animating
04-13 01:13:33.582 27548 27566 I native-activity: Frame 453 GL error is 0x0
04-13 01:13:33.582 27548 27566 I native-activity: Frame 453 time is 7.412ms
04-13 01:13:33.582 27548 27566 I native-activity: Swap 453 time is 7.482ms
04-13 01:13:33.582 27548 27566 I native-activity: Animating
04-13 01:13:33.590 27548 27566 I native-activity: Frame 454 GL error is 0x0
04-13 01:13:33.590 27548 27566 I native-activity: Frame 454 time is 7.335ms
04-13 01:13:33.590 27548 27566 I native-activity: Swap 454 time is 7.408ms
04-13 01:13:33.590 27548 27566 I native-activity: Animating
04-13 01:13:33.597 27548 27566 I native-activity: Frame 455 GL error is 0x0
04-13 01:13:33.597 27548 27566 I native-activity: Frame 455 time is 7.225ms
04-13 01:13:33.597 27548 27566 I native-activity: Swap 455 time is 7.317ms
04-13 01:13:33.597 27548 27566 I native-activity: Animating
04-13 01:13:33.604 27548 27566 I native-activity: Frame 456 GL error is 0x0
04-13 01:13:33.605 27548 27566 I native-activity: Frame 456 time is 7.335ms
04-13 01:13:33.605 27548 27566 I native-activity: Swap 456 time is 7.428ms
04-13 01:13:33.605 27548 27566 I native-activity: Animating
04-13 01:13:33.612 27548 27566 I native-activity: Frame 457 GL error is 0x0
04-13 01:13:33.612 27548 27566 I native-activity: Frame 457 time is 7.295ms
04-13 01:13:33.612 27548 27566 I native-activity: Swap 457 time is 7.383ms
04-13 01:13:33.612 27548 27566 I native-activity: Animating
04-13 01:13:33.615 25557 25643 I AmazonCMS: CMS is no longer being used, shutting down...
04-13 01:13:33.619 25557 25643 D AmazonCMS: Reconciler closing
04-13 01:13:33.621 27548 27566 I native-activity: Frame 458 GL error is 0x0
04-13 01:13:33.621 27548 27566 I native-activity: Frame 458 time is 8.448ms
04-13 01:13:33.621 27548 27566 I native-activity: Swap 458 time is 8.524ms
04-13 01:13:33.621 27548 27566 I native-activity: Animating
04-13 01:13:33.628 27548 27566 I native-activity: Frame 459 GL error is 0x0
04-13 01:13:33.628 27548 27566 I native-activity: Frame 459 time is 7.362ms
04-13 01:13:33.628 27548 27566 I native-activity: Swap 459 time is 7.461ms
04-13 01:13:33.628 27548 27566 I native-activity: Animating
04-13 01:13:33.636 27548 27566 I native-activity: Frame 460 GL error is 0x0
04-13 01:13:33.636 27548 27566 I native-activity: Frame 460 time is 7.315ms
04-13 01:13:33.636 27548 27566 I native-activity: Swap 460 time is 7.395ms
04-13 01:13:33.636 27548 27566 I native-activity: Animating
04-13 01:13:33.643 27548 27566 I native-activity: Frame 461 GL error is 0x0
04-13 01:13:33.643 27548 27566 I native-activity: Frame 461 time is 7.225ms
04-13 01:13:33.643 27548 27566 I native-activity: Swap 461 time is 7.315ms
04-13 01:13:33.643 27548 27566 I native-activity: Animating
04-13 01:13:33.661 27548 27566 I native-activity: Frame 462 GL error is 0x501
04-13 01:13:33.661 27548 27566 I native-activity: Frame 462 time is 17.608ms
04-13 01:13:33.661 27548 27566 I native-activity: Swap 462 time is 17.679ms
04-13 01:13:33.661 27548 27566 I native-activity: Animating
04-13 01:13:33.670 27548 27566 I native-activity: Frame 463 GL error is 0x0
04-13 01:13:33.670 27548 27566 I native-activity: Frame 463 time is 9.446ms
04-13 01:13:33.671 27548 27566 I native-activity: Swap 463 time is 9.550ms
04-13 01:13:33.671 27548 27566 I native-activity: Animating
04-13 01:13:33.675 27548 27566 I native-activity: Frame 464 GL error is 0x0
04-13 01:13:33.675 27548 27566 I native-activity: Frame 464 time is 4.364ms
04-13 01:13:33.675 27548 27566 I native-activity: Swap 464 time is 4.447ms
04-13 01:13:33.675 27548 27566 I native-activity: Animating
04-13 01:13:33.680 27548 27566 I native-activity: Frame 465 GL error is 0x0
04-13 01:13:33.680 27548 27566 I native-activity: Frame 465 time is 4.501ms
04-13 01:13:33.680 27548 27566 I native-activity: Swap 465 time is 4.575ms
04-13 01:13:33.680 27548 27566 I native-activity: Animating
04-13 01:13:33.686 27548 27566 I native-activity: Frame 466 GL error is 0x0
04-13 01:13:33.686 27548 27566 I native-activity: Frame 466 time is 6.633ms
04-13 01:13:33.687 27548 27566 I native-activity: Swap 466 time is 6.728ms
04-13 01:13:33.687 27548 27566 I native-activity: Animating
04-13 01:13:33.694 27548 27566 I native-activity: Frame 467 GL error is 0x0
04-13 01:13:33.694 27548 27566 I native-activity: Frame 467 time is 7.190ms
04-13 01:13:33.694 27548 27566 I native-activity: Swap 467 time is 7.282ms
04-13 01:13:33.694 27548 27566 I native-activity: Animating
04-13 01:13:33.704 27548 27566 I native-activity: Frame 468 GL error is 0x0
04-13 01:13:33.704 27548 27566 I native-activity: Frame 468 time is 9.729ms
04-13 01:13:33.704 27548 27566 I native-activity: Swap 468 time is 9.796ms
04-13 01:13:33.704 27548 27566 I native-activity: Animating
04-13 01:13:33.700 26597 26597 I Kernel  : [47252.371779].(0)[26597:kworker/0:0H]regs_hotplug_callback cpu = 2
04-13 01:13:33.700    15    15 I Kernel  : [47252.372441]-(2)[15:migration/2][Power/hotplug] platform_cpu_disable, cpu: 2
04-13 01:13:33.700    15    15 I Kernel  : [47252.372742]-(2)[15:migration/2]regs_hotplug_callback cpu = 2
04-13 01:13:33.700     0     0 I Kernel  : [47252.372809]-(2)[0:swapper/2][Power/hotplug] platform_cpu_die, cpu: 2
04-13 01:13:33.700 26597 26597 I Kernel  : [47252.373155].(0)[26597:kworker/0:0H]CPU2: shutdown
04-13 01:13:33.700 26597 26597 I Kernel  : [47252.373184].(0)[26597:kworker/0:0H][Power/hotplug] platform_cpu_kill, cpu: 2
04-13 01:13:33.700 26597 26597 I Kernel  : [47252.373731].(0)[26597:kworker/0:0H]regs_hotplug_callback cpu = 2
04-13 01:13:33.700 26597 26597 I Kernel  : [47252.374053].(0)[26597:kworker/0:0H][WDK]cpu 2 plug off, kick wdt
04-13 01:13:33.700 26597 26597 I Kernel  : [47252.374191].(0)[26597:kworker/0:0H]regs_hotplug_callback cpu = 2
04-13 01:13:33.724 27548 27566 I native-activity: Frame 469 GL error is 0x501
04-13 01:13:33.724 27548 27566 I native-activity: Frame 469 time is 19.764ms
04-13 01:13:33.724 27548 27566 I native-activity: Swap 469 time is 19.833ms
04-13 01:13:33.724 27548 27566 I native-activity: Animating
04-13 01:13:33.734 27548 27566 I native-activity: Frame 470 GL error is 0x0
04-13 01:13:33.734 27548 27566 I native-activity: Frame 470 time is 10.382ms
04-13 01:13:33.734 27548 27566 I native-activity: Swap 470 time is 10.447ms
04-13 01:13:33.734 27548 27566 I native-activity: Animating
04-13 01:13:33.744 27548 27566 I native-activity: Frame 471 GL error is 0x0
04-13 01:13:33.744 27548 27566 I native-activity: Frame 471 time is 9.720ms
04-13 01:13:33.744 27548 27566 I native-activity: Swap 471 time is 9.785ms
04-13 01:13:33.744 27548 27566 I native-activity: Animating
04-13 01:13:33.754 27548 27566 I native-activity: Frame 472 GL error is 0x0
04-13 01:13:33.754 27548 27566 I native-activity: Frame 472 time is 9.469ms
04-13 01:13:33.754 27548 27566 I native-activity: Swap 472 time is 9.557ms
04-13 01:13:33.754 27548 27566 I native-activity: Animating
04-13 01:13:33.763 27548 27566 I native-activity: Frame 473 GL error is 0x0
04-13 01:13:33.763 27548 27566 I native-activity: Frame 473 time is 9.073ms
04-13 01:13:33.763 27548 27566 I native-activity: Swap 473 time is 9.167ms
04-13 01:13:33.763 27548 27566 I native-activity: Animating
04-13 01:13:33.772 27548 27566 I native-activity: Frame 474 GL error is 0x0
04-13 01:13:33.772 27548 27566 I native-activity: Frame 474 time is 9.112ms
04-13 01:13:33.772 27548 27566 I native-activity: Swap 474 time is 9.199ms
04-13 01:13:33.772 27548 27566 I native-activity: Animating
04-13 01:13:33.782 27548 27566 I native-activity: Frame 475 GL error is 0x0
04-13 01:13:33.782 27548 27566 I native-activity: Frame 475 time is 9.357ms
04-13 01:13:33.782 27548 27566 I native-activity: Swap 475 time is 9.452ms
04-13 01:13:33.782 27548 27566 I native-activity: Animating
04-13 01:13:33.791 27548 27566 I native-activity: Frame 476 GL error is 0x0
04-13 01:13:33.791 27548 27566 I native-activity: Frame 476 time is 9.391ms
04-13 01:13:33.792 27548 27566 I native-activity: Swap 476 time is 9.462ms
04-13 01:13:33.792 27548 27566 I native-activity: Animating
04-13 01:13:33.801 27548 27566 I native-activity: Frame 477 GL error is 0x0
04-13 01:13:33.801 27548 27566 I native-activity: Frame 477 time is 9.616ms
04-13 01:13:33.801 27548 27566 I native-activity: Swap 477 time is 9.703ms
04-13 01:13:33.801 27548 27566 I native-activity: Animating
04-13 01:13:33.813 27548 27566 I native-activity: Frame 478 GL error is 0x0
04-13 01:13:33.813 27548 27566 I native-activity: Frame 478 time is 11.506ms
04-13 01:13:33.813 27548 27566 I native-activity: Swap 478 time is 11.573ms
04-13 01:13:33.813 27548 27566 I native-activity: Animating
04-13 01:13:33.824 27548 27566 I native-activity: Frame 479 GL error is 0x0
04-13 01:13:33.824 27548 27566 I native-activity: Frame 479 time is 10.823ms
04-13 01:13:33.824 27548 27566 I native-activity: Swap 479 time is 10.889ms
04-13 01:13:33.824 27548 27566 I native-activity: Animating
04-13 01:13:33.835 27548 27566 I native-activity: Frame 480 GL error is 0x0
04-13 01:13:33.835 27548 27566 I native-activity: Frame 480 time is 10.656ms
04-13 01:13:33.835 27548 27566 I native-activity: Swap 480 time is 10.725ms
04-13 01:13:33.835 27548 27566 I native-activity: Animating
04-13 01:13:33.844 27548 27566 I native-activity: Frame 481 GL error is 0x0
04-13 01:13:33.844 27548 27566 I native-activity: Frame 481 time is 9.506ms
04-13 01:13:33.844 27548 27566 I native-activity: Swap 481 time is 9.599ms
04-13 01:13:33.845 27548 27566 I native-activity: Animating
04-13 01:13:33.854 27548 27566 I native-activity: Frame 482 GL error is 0x0
04-13 01:13:33.854 27548 27566 I native-activity: Frame 482 time is 9.652ms
04-13 01:13:33.854 27548 27566 I native-activity: Swap 482 time is 9.725ms
04-13 01:13:33.854 27548 27566 I native-activity: Animating
04-13 01:13:33.864 27548 27566 I native-activity: Frame 483 GL error is 0x0
04-13 01:13:33.864 27548 27566 I native-activity: Frame 483 time is 9.258ms
04-13 01:13:33.864 27548 27566 I native-activity: Swap 483 time is 9.334ms
04-13 01:13:33.864 27548 27566 I native-activity: Animating
04-13 01:13:33.873 27548 27566 I native-activity: Frame 484 GL error is 0x0
04-13 01:13:33.873 27548 27566 I native-activity: Frame 484 time is 9.534ms
04-13 01:13:33.873 27548 27566 I native-activity: Swap 484 time is 9.603ms
04-13 01:13:33.873 27548 27566 I native-activity: Animating
04-13 01:13:33.883 27548 27566 I native-activity: Frame 485 GL error is 0x0
04-13 01:13:33.883 27548 27566 I native-activity: Frame 485 time is 9.273ms
04-13 01:13:33.883 27548 27566 I native-activity: Swap 485 time is 9.346ms
04-13 01:13:33.883 27548 27566 I native-activity: Animating
04-13 01:13:33.892 27548 27566 I native-activity: Frame 486 GL error is 0x0
04-13 01:13:33.892 27548 27566 I native-activity: Frame 486 time is 9.466ms
04-13 01:13:33.892 27548 27566 I native-activity: Swap 486 time is 9.535ms
04-13 01:13:33.893 27548 27566 I native-activity: Animating
04-13 01:13:33.902 27548 27566 I native-activity: Frame 487 GL error is 0x0
04-13 01:13:33.902 27548 27566 I native-activity: Frame 487 time is 9.543ms
04-13 01:13:33.902 27548 27566 I native-activity: Swap 487 time is 9.614ms
04-13 01:13:33.902 27548 27566 I native-activity: Animating
04-13 01:13:33.913 27548 27566 I native-activity: Frame 488 GL error is 0x0
04-13 01:13:33.913 27548 27566 I native-activity: Frame 488 time is 10.348ms
04-13 01:13:33.913 27548 27566 I native-activity: Swap 488 time is 10.414ms
04-13 01:13:33.913 27548 27566 I native-activity: Animating
04-13 01:13:33.922 27548 27566 I native-activity: Frame 489 GL error is 0x0
04-13 01:13:33.922 27548 27566 I native-activity: Frame 489 time is 9.286ms
04-13 01:13:33.922 27548 27566 I native-activity: Swap 489 time is 9.362ms
04-13 01:13:33.922 27548 27566 I native-activity: Animating
04-13 01:13:33.933 27548 27566 I native-activity: Frame 490 GL error is 0x0
04-13 01:13:33.933 27548 27566 I native-activity: Frame 490 time is 10.609ms
04-13 01:13:33.933 27548 27566 I native-activity: Swap 490 time is 10.677ms
04-13 01:13:33.933 27548 27566 I native-activity: Animating
04-13 01:13:33.934   917  2201 I PackageRecencyUtils: Waiting for idle
04-13 01:13:33.934   917  2201 I Vlog    : package_recency:broadcast_notification:fgtracking=false;DV;1,key=time_in_queue;DV;1,Timer=5001.0;TI;1,unit=ms;DV;1:HI
04-13 01:13:33.948 27548 27566 I native-activity: Frame 491 GL error is 0x0
04-13 01:13:33.948 27548 27566 I native-activity: Frame 491 time is 14.840ms
04-13 01:13:33.948 27548 27566 I native-activity: Swap 491 time is 14.911ms
04-13 01:13:33.948 27548 27566 I native-activity: Animating
04-13 01:13:33.949   917  2246 D ActivityManager: single user service: com.amazon.kindle.cms
04-13 01:13:33.951   917  2246 D ActivityManager: app = com.amazon.kindle.cms, has single user service, setting process record.
04-13 01:13:33.963 27548 27566 I native-activity: Frame 492 GL error is 0x0
04-13 01:13:33.963 27548 27566 I native-activity: Frame 492 time is 15.111ms
04-13 01:13:33.963 27548 27566 I native-activity: Swap 492 time is 15.179ms
04-13 01:13:33.963 27548 27566 I native-activity: Animating
04-13 01:13:33.974 27548 27566 I native-activity: Frame 493 GL error is 0x0
04-13 01:13:33.974 27548 27566 I native-activity: Frame 493 time is 10.677ms
04-13 01:13:33.974 27548 27566 I native-activity: Swap 493 time is 10.747ms
04-13 01:13:33.974 27548 27566 I native-activity: Animating
04-13 01:13:33.978 25557 25643 D AmazonCMS: MaintenanceService.onStartCommand
04-13 01:13:33.978 25557 25643 D AmazonCMS: CMS activity level changed, active: true
04-13 01:13:33.979 25557 25643 D AmazonCMS: Received intent: 'com.amazon.action.PACKAGE_RECENCY_NOTIFICATION'
04-13 01:13:33.985 27548 27566 I native-activity: Frame 494 GL error is 0x0
04-13 01:13:33.985 27548 27566 I native-activity: Frame 494 time is 10.551ms
04-13 01:13:33.985 27548 27566 I native-activity: Swap 494 time is 10.622ms
04-13 01:13:33.985 27548 27566 I native-activity: Animating
04-13 01:13:33.995 27548 27566 I native-activity: Frame 495 GL error is 0x0
04-13 01:13:33.995 27548 27566 I native-activity: Frame 495 time is 10.432ms
04-13 01:13:33.995 27548 27566 I native-activity: Swap 495 time is 10.505ms
04-13 01:13:33.995 27548 27566 I native-activity: Animating
04-13 01:13:34.006 27548 27566 I native-activity: Frame 496 GL error is 0x0
04-13 01:13:34.006 27548 27566 I native-activity: Frame 496 time is 10.475ms
04-13 01:13:34.006 27548 27566 I native-activity: Swap 496 time is 10.544ms
04-13 01:13:34.006 27548 27566 I native-activity: Animating
04-13 01:13:34.016 27548 27566 I native-activity: Frame 497 GL error is 0x0
04-13 01:13:34.017 27548 27566 I native-activity: Frame 497 time is 10.403ms
04-13 01:13:34.017 27548 27566 I native-activity: Swap 497 time is 10.494ms
04-13 01:13:34.017 27548 27566 I native-activity: Animating
04-13 01:13:34.027 27548 27566 I native-activity: Frame 498 GL error is 0x0
04-13 01:13:34.027 27548 27566 I native-activity: Frame 498 time is 10.382ms
04-13 01:13:34.027 27548 27566 I native-activity: Swap 498 time is 10.454ms
04-13 01:13:34.028 27548 27566 I native-activity: Animating
04-13 01:13:34.032 25557 25643 D AmazonCMS: Reconciler created
04-13 01:13:34.020 25557 27583 I Kernel  : [47252.698949]-(0)[27583:Background work]dpi vsync
04-13 01:13:34.020 25557 27583 I Kernel  : [47252.699835].(0)[27583:Background work]name:Log.main_3717 unmap vm_start 9f8c0000  end: 9fac0000
04-13 01:13:34.038 27548 27566 I native-activity: Frame 499 GL error is 0x0
04-13 01:13:34.038 27548 27566 I native-activity: Frame 499 time is 10.592ms
04-13 01:13:34.038 27548 27566 I native-activity: Swap 499 time is 10.661ms
04-13 01:13:34.038 27548 27566 I native-activity: Animating
04-13 01:13:34.049 27548 27566 I native-activity: Frame 500 GL error is 0x0
04-13 01:13:34.049 27548 27566 I native-activity: Frame 500 time is 10.718ms
04-13 01:13:34.049 27548 27566 I native-activity: Swap 500 time is 10.837ms
04-13 01:13:34.049 27548 27566 I native-activity: Animating
04-13 01:13:34.054 25557 25643 E AmazonCMS: IO Exception while parsing xml
04-13 01:13:34.054 25557 25643 D AmazonCMS: SourcesManager: registering source 'com.amazon.kindle.cms.collection_manager' for user '*****' in profile '0'
04-13 01:13:34.055 25557 25643 D AmazonCMS: SourcesManager: registering source 'com.amazon.kindle.cms.app_manager' for user '*****' in profile '0'
04-13 01:13:34.056 25557 25643 D AmazonCMS: Cards are enabled, initializing card producer
04-13 01:13:34.063 27548 27566 I native-activity: Frame 501 GL error is 0x0
04-13 01:13:34.063 27548 27566 I native-activity: Frame 501 time is 13.437ms
04-13 01:13:34.063 27548 27566 I native-activity: Swap 501 time is 13.528ms
04-13 01:13:34.063 27548 27566 I native-activity: Animating
04-13 01:13:34.050 25557 27582 I Kernel  : [47252.728557].(0)[27582:Background work]name:Log.main_3717 unmap vm_start 9f8c0000  end: 9fac0000
04-13 01:13:34.073 27548 27566 I native-activity: Frame 502 GL error is 0x0
04-13 01:13:34.073 27548 27566 I native-activity: Frame 502 time is 10.462ms
04-13 01:13:34.073 27548 27566 I native-activity: Swap 502 time is 10.534ms
04-13 01:13:34.074 27548 27566 I native-activity: Animating
04-13 01:13:34.084 27548 27566 I native-activity: Frame 503 GL error is 0x0
04-13 01:13:34.084 27548 27566 I native-activity: Frame 503 time is 10.574ms
04-13 01:13:34.084 27548 27566 I native-activity: Swap 503 time is 10.645ms
04-13 01:13:34.084 27548 27566 I native-activity: Animating
04-13 01:13:34.090 25557 25643 D AmazonCMS: CMS activity level changed, active: false
04-13 01:13:34.094 25557 25643 D AmazonCMS: notified to profile 0 with com.amazon.kindle.cms.STARTUP, Bundle[{profile_id=0, version=2.1.0.10}]
04-13 01:13:34.096 27548 27566 I native-activity: Frame 504 GL error is 0x0
04-13 01:13:34.096 27548 27566 I native-activity: Frame 504 time is 11.992ms
04-13 01:13:34.096 27548 27566 I native-activity: Swap 504 time is 12.060ms
04-13 01:13:34.096 27548 27566 I native-activity: Animating
04-13 01:13:34.090 26597 26597 I Kernel  : [47252.761772].(0)[26597:kworker/0:0H]regs_hotplug_callback cpu = 2
04-13 01:13:34.090 26597 26597 I Kernel  : [47252.761859].(0)[26597:kworker/0:0H]Boot slave CPU
04-13 01:13:34.090 26597 26597 I Kernel  : [47252.761872].(0)[26597:kworker/0:0H][Power/hotplug] boot_secondary, cpu: 2
04-13 01:13:34.090 26597 26597 I Kernel  : [47252.761894].(0)[26597:kworker/0:0H][Power/hotplug] SLAVE2_MAGIC_NUM:4c415332
04-13 01:13:34.090 26597 26597 I Kernel  : [47252.761907].(0)[26597:kworker/0:0H]mt_wakeup_cpu: not first boot!(2)
04-13 01:13:34.090     0     0 I Kernel  : [47252.762133]-(2)[0:swapper/2]CPU2: Booted secondary processor
04-13 01:13:34.090     0     0 I Kernel  : [47252.762155]-(2)[0:swapper/2][Power/hotplug] platform_secondary_init, cpu: 2
04-13 01:13:34.090     0     0 I Kernel  : [47252.762314]-(2)[0:swapper/2]WD wd_cpu_hot_plug_on_notify kick ext wd
04-13 01:13:34.090     0     0 I Kernel  : [47252.762347]-(2)[0:swapper/2]regs_hotplug_callback cpu = 2
04-13 01:13:34.090 26597 26597 I Kernel  : [47252.763288].(0)[26597:kworker/0:0H]regs_hotplug_callback cpu = 2
04-13 01:13:34.090 26597 26597 I Kernel  : [47252.765916].(0)[26597:kworker/0:0H][wdk]bind kicker thread[87] to cpu[2]
04-13 01:13:34.090 26597 26597 I Kernel  : [47252.766072].(0)[26597:kworker/0:0H][WDK]cpu 2 plug on kick wdt
04-13 01:13:34.090 26597 26597 I Kernel  : [47252.766198].(0)[26597:kworker/0:0H]regs_hotplug_callback cpu = 3
04-13 01:13:34.090 26597 26597 I Kernel  : [47252.766279].(0)[26597:kworker/0:0H]Boot slave CPU
04-13 01:13:34.090 26597 26597 I Kernel  : [47252.766293].(0)[26597:kworker/0:0H][Power/hotplug] boot_secondary, cpu: 3
04-13 01:13:34.090 26597 26597 I Kernel  : [47252.766308].(0)[26597:kworker/0:0H][Power/hotplug] SLAVE3_MAGIC_NUM:41534c33
04-13 01:13:34.090 26597 26597 I Kernel  : [47252.766319].(0)[26597:kworker/0:0H]mt_wakeup_cpu: not first boot!(3)
04-13 01:13:34.090     0     0 I Kernel  : [47252.766585]-(3)[0:swapper/3]CPU3: Booted secondary processor
04-13 01:13:34.090     0     0 I Kernel  : [47252.766611]-(3)[0:swapper/3][Power/hotplug] platform_secondary_init, cpu: 3
04-13 01:13:34.090     0     0 I Kernel  : [47252.766770]-(3)[0:swapper/3]WD wd_cpu_hot_plug_on_notify kick ext wd
04-13 01:13:34.090     0     0 I Kernel  : [47252.766814]-(3)[0:swapper/3]regs_hotplug_callback cpu = 3
04-13 01:13:34.090 26597 26597 I Kernel  : [47252.767599].(0)[26597:kworker/0:0H]regs_hotplug_callback cpu = 3
04-13 01:13:34.090 26597 26597 I Kernel  : [47252.767734].(0)[26597:kworker/0:0H][wdk]bind kicker thread[88] to cpu[3]
04-13 01:13:34.090 26597 26597 I Kernel  : [47252.767902].(0)[26597:kworker/0:0H][WDK]cpu 3 plug on kick wdt
04-13 01:13:34.108 27548 27566 I native-activity: Frame 505 GL error is 0x0
04-13 01:13:34.108 27548 27566 I native-activity: Frame 505 time is 11.220ms
04-13 01:13:34.108 27548 27566 I native-activity: Swap 505 time is 11.290ms
04-13 01:13:34.108 27548 27566 I native-activity: Animating
04-13 01:13:34.109 25557 25643 D AmazonCMS: CollectionSyncManager: user ***** is not connected for DELTA_SYNC sync. Disconnecting and reconnecting.
04-13 01:13:34.110 25557 25643 V AmazonCMS: SyncClient - Client is not connected; unable to disconnect.
04-13 01:13:34.116 25557 25643 D AmazonCMS: SyncClient - Connecting as user *****
04-13 01:13:34.117 25557 25643 V AmazonCMS: SubscriptionManager - Subscribing to dataset [*****] in namespace [*****]
04-13 01:13:34.120 27548 27566 I native-activity: Frame 506 GL error is 0x0
04-13 01:13:34.120 27548 27566 I native-activity: Frame 506 time is 12.571ms
04-13 01:13:34.121 27548 27566 I native-activity: Swap 506 time is 12.645ms
04-13 01:13:34.121 27548 27566 I native-activity: Animating
04-13 01:13:34.123 25557 25643 V AmazonCMS: Subscribing to namespace: [*****]
04-13 01:13:34.126 25557 25643 V AmazonCMS: Subscribing to namespace: [*****]
04-13 01:13:34.133 27548 27566 I native-activity: Frame 507 GL error is 0x0
04-13 01:13:34.133 27548 27566 I native-activity: Frame 507 time is 12.492ms
04-13 01:13:34.133 27548 27566 I native-activity: Swap 507 time is 12.571ms
04-13 01:13:34.133 27548 27566 I native-activity: Animating
04-13 01:13:34.145 27548 27566 I native-activity: Frame 508 GL error is 0x0
04-13 01:13:34.145 27548 27566 I native-activity: Frame 508 time is 11.778ms
04-13 01:13:34.130 24946 24946 I Kernel  : [47252.801695].(0)[24946:kworker/0:1]virtual_sensor_thermal_get_temp mtktsbattery t=24000 a=7 o=-9500 w=437
04-13 01:13:34.145 27548 27566 I native-activity: Swap 508 time is 11.857ms
04-13 01:13:34.145 27548 27566 I native-activity: Animating
04-13 01:13:34.130 24946 24946 I Kernel  : [47252.801781].(0)[24946:kworker/0:1]virtual_sensor_thermal_get_temp mtkts_bts t=28000 a=15 o=-1000 w=113
04-13 01:13:34.130 24946 24946 I Kernel  : [47252.802172].(0)[24946:kworker/0:1]virtual_sensor_thermal_get_temp mtktspmic t=42874 a=4 o=18000 w=450
04-13 01:13:34.130 24946 24946 I Kernel  : [47252.802198].(0)[24946:kworker/0:1]virtual_sensor_thermal_get_temp mtktswmt t=31000 a=1000 o=-5000 w=0
04-13 01:13:34.157 25557 26040 I DCP     : Sending 0 dataset update for 'CloudCollections' namespace
04-13 01:13:34.157 27548 27566 I native-activity: Frame 509 GL error is 0x0
04-13 01:13:34.157 27548 27566 I native-activity: Frame 509 time is 11.477ms
04-13 01:13:34.157 27548 27566 I native-activity: Swap 509 time is 11.560ms
04-13 01:13:34.157 27548 27566 I native-activity: Animating
04-13 01:13:34.169 27548 27566 I native-activity: Frame 510 GL error is 0x0
04-13 01:13:34.169 27548 27566 I native-activity: Frame 510 time is 11.769ms
04-13 01:13:34.169 27548 27566 I native-activity: Swap 510 time is 11.845ms
04-13 01:13:34.169 27548 27566 I native-activity: Animating
04-13 01:13:34.180 27548 27566 I native-activity: Frame 511 GL error is 0x0
04-13 01:13:34.181 27548 27566 I native-activity: Frame 511 time is 11.619ms
04-13 01:13:34.181 27548 27566 I native-activity: Swap 511 time is 11.696ms
04-13 01:13:34.181 27548 27566 I native-activity: Animating
04-13 01:13:34.193 27548 27566 I native-activity: Frame 512 GL error is 0x0
04-13 01:13:34.193 27548 27566 I native-activity: Frame 512 time is 11.841ms
04-13 01:13:34.193 27548 27566 I native-activity: Swap 512 time is 11.914ms
04-13 01:13:34.193 27548 27566 I native-activity: Animating
04-13 01:13:34.205 27548 27566 I native-activity: Frame 513 GL error is 0x0
04-13 01:13:34.205 27548 27566 I native-activity: Frame 513 time is 12.409ms
04-13 01:13:34.205 27548 27566 I native-activity: Swap 513 time is 12.481ms
04-13 01:13:34.205 27548 27566 I native-activity: Animating
04-13 01:13:34.217 27548 27566 I native-activity: Frame 514 GL error is 0x0
04-13 01:13:34.217 27548 27566 I native-activity: Frame 514 time is 11.935ms
04-13 01:13:34.217 27548 27566 I native-activity: Swap 514 time is 12.009ms
04-13 01:13:34.217 27548 27566 I native-activity: Animating
04-13 01:13:34.200    82    82 I Kernel  : [47252.873609].(0)[82:mtk charger_hv_]charging_reset_watch_dog_timer
04-13 01:13:34.200    82    82 I Kernel  : [47252.874604].(0)[82:mtk charger_hv_]array_size = 16 
04-13 01:13:34.229 27548 27566 I native-activity: Frame 515 GL error is 0x0
04-13 01:13:34.229 27548 27566 I native-activity: Frame 515 time is 11.695ms
04-13 01:13:34.229 27548 27566 I native-activity: Swap 515 time is 11.763ms
04-13 01:13:34.229 27548 27566 I native-activity: Animating
04-13 01:13:34.230 25557 26096 I DCP     : Sending 0 dataset update for 'CloudCollections' namespace
04-13 01:13:34.241 27548 27566 I native-activity: Frame 516 GL error is 0x0
04-13 01:13:34.241 27548 27566 I native-activity: Frame 516 time is 11.932ms
04-13 01:13:34.241 27548 27566 I native-activity: Swap 516 time is 12.008ms
04-13 01:13:34.241 27548 27566 I native-activity: Animating
04-13 01:13:34.253 27548 27566 I native-activity: Frame 517 GL error is 0x0
04-13 01:13:34.253 27548 27566 I native-activity: Frame 517 time is 11.537ms
04-13 01:13:34.253 27548 27566 I native-activity: Swap 517 time is 11.607ms
04-13 01:13:34.253 27548 27566 I native-activity: Animating
04-13 01:13:34.264 27548 27566 I native-activity: Frame 518 GL error is 0x0
04-13 01:13:34.264 27548 27566 I native-activity: Frame 518 time is 10.516ms
04-13 01:13:34.264 27548 27566 I native-activity: Swap 518 time is 10.585ms
04-13 01:13:34.264 27548 27566 I native-activity: Animating
04-13 01:13:34.274 27548 27566 I native-activity: Frame 519 GL error is 0x0
04-13 01:13:34.275 27548 27566 I native-activity: Frame 519 time is 10.687ms
04-13 01:13:34.275 27548 27566 I native-activity: Swap 519 time is 10.754ms
04-13 01:13:34.275 27548 27566 I native-activity: Animating
04-13 01:13:34.284 25557 26127 I DCP     : [JsonCallExecutor][CallExecutor][a2811f11-b2a7-4d1e-8314-0219de59dd71][Auth]GET https://api.amazon.com/whispersync/v2/data/amzn1.account.XXXX/datasets/5c2c14d1-40b0-4a6f-9333-1f84f1367d03/records?after=1  (attempt 1)
04-13 01:13:34.285   917 25027 D WifiService: acquireWifiLockLocked: WifiLock{com.amazon.dcp.framework.iuc.ConnectionEstablisherWithConnectivityEnforcement type=1 binder=android.os.BinderProxy@341ec8a1}
04-13 01:13:34.286 27548 27566 I native-activity: Frame 520 GL error is 0x0
04-13 01:13:34.286 27548 27566 I native-activity: Frame 520 time is 11.327ms
04-13 01:13:34.286 27548 27566 I native-activity: Swap 520 time is 11.394ms
04-13 01:13:34.286 27548 27566 I native-activity: Animating
04-13 01:13:34.288 25557 27590 I com.amazon.dcp.framework.ConnectivityEnforcer: Network with type -1 is already connected
04-13 01:13:34.297 27548 27566 I native-activity: Frame 521 GL error is 0x0
04-13 01:13:34.297 27548 27566 I native-activity: Frame 521 time is 10.472ms
04-13 01:13:34.297 27548 27566 I native-activity: Swap 521 time is 10.546ms
04-13 01:13:34.297 27548 27566 I native-activity: Animating
04-13 01:13:34.303   917  2109 D ActivityManager: single user service: com.amazon.imp
04-13 01:13:34.304   917  2109 D ActivityManager: app = com.amazon.imp, has single user service, setting process record.
04-13 01:13:34.308 27548 27566 I native-activity: Frame 522 GL error is 0x0
04-13 01:13:34.308 27548 27566 I native-activity: Frame 522 time is 10.810ms
04-13 01:13:34.308 27548 27566 I native-activity: Swap 522 time is 10.878ms
04-13 01:13:34.308 27548 27566 I native-activity: Animating
04-13 01:13:34.318 27548 27566 I native-activity: Frame 523 GL error is 0x0
04-13 01:13:34.318 27548 27566 I native-activity: Frame 523 time is 10.613ms
04-13 01:13:34.318 27548 27566 I native-activity: Swap 523 time is 10.686ms
04-13 01:13:34.319 27548 27566 I native-activity: Animating
04-13 01:13:34.328 27548 27566 I native-activity: Frame 524 GL error is 0x0
04-13 01:13:34.328 27548 27566 I native-activity: Frame 524 time is 9.587ms
04-13 01:13:34.328 27548 27566 I native-activity: Swap 524 time is 9.676ms
04-13 01:13:34.328 27548 27566 I native-activity: Animating
04-13 01:13:34.339 27548 27566 I native-activity: Frame 525 GL error is 0x0
04-13 01:13:34.339 27548 27566 I native-activity: Frame 525 time is 10.688ms
04-13 01:13:34.339 27548 27566 I native-activity: Swap 525 time is 10.758ms
