04-13 01:13:41.877 27620 27653 I native-activity: Frame 74 GL error is 0x0
04-13 01:13:41.877 27620 27653 I native-activity: Frame 74 time is 13.351ms
04-13 01:13:41.880 27620 27653 I native-activity: Swap 74 time is 16.679ms
04-13 01:13:41.880 27620 27653 I native-activity: Animating
04-13 01:13:41.893 27620 27653 I native-activity: Frame 75 GL error is 0x0
04-13 01:13:41.893 27620 27653 I native-activity: Frame 75 time is 12.946ms
04-13 01:13:41.897 27620 27653 I native-activity: Swap 75 time is 16.160ms
04-13 01:13:41.898 27620 27653 I native-activity: Animating
04-13 01:13:41.910 27620 27653 I native-activity: Frame 76 GL error is 0x0
04-13 01:13:41.910 27620 27653 I native-activity: Frame 76 time is 12.473ms
04-13 01:13:41.913 27620 27653 I native-activity: Swap 76 time is 15.533ms
04-13 01:13:41.914 27620 27653 I native-activity: Animating
04-13 01:13:41.927 27620 27653 I native-activity: Frame 77 GL error is 0x0
04-13 01:13:41.927 27620 27653 I native-activity: Frame 77 time is 12.689ms
04-13 01:13:41.930 27620 27653 I native-activity: Swap 77 time is 15.937ms
04-13 01:13:41.931 27620 27653 I native-activity: Animating
04-13 01:13:41.944 27620 27653 I native-activity: Frame 78 GL error is 0x0
04-13 01:13:41.944 27620 27653 I native-activity: Frame 78 time is 12.544ms
04-13 01:13:41.946 27620 27653 I native-activity: Swap 78 time is 15.079ms
04-13 01:13:41.947 27620 27653 I native-activity: Animating
04-13 01:13:41.961 27620 27653 I native-activity: Frame 79 GL error is 0x0
04-13 01:13:41.961 27620 27653 I native-activity: Frame 79 time is 13.630ms
04-13 01:13:41.964 27620 27653 I native-activity: Swap 79 time is 16.662ms
04-13 01:13:41.964 27620 27653 I native-activity: Animating
04-13 01:13:41.977 27620 27653 I native-activity: Frame 80 GL error is 0x0
04-13 01:13:41.978 27620 27653 I native-activity: Frame 80 time is 13.982ms
04-13 01:13:41.981 27620 27653 I native-activity: Swap 80 time is 16.941ms
04-13 01:13:41.981 27620 27653 I native-activity: Animating
04-13 01:13:41.994 27620 27653 I native-activity: Frame 81 GL error is 0x0
04-13 01:13:41.994 27620 27653 I native-activity: Frame 81 time is 13.167ms
04-13 01:13:41.998 27620 27653 I native-activity: Swap 81 time is 16.400ms
04-13 01:13:41.998 27620 27653 I native-activity: Animating
04-13 01:13:42.011 27620 27653 I native-activity: Frame 82 GL error is 0x0
04-13 01:13:42.011 27620 27653 I native-activity: Frame 82 time is 13.171ms
04-13 01:13:42.014 27620 27653 I native-activity: Swap 82 time is 15.711ms
04-13 01:13:42.014 27620 27653 I native-activity: Animating
04-13 01:13:42.028 27620 27653 I native-activity: Frame 83 GL error is 0x0
04-13 01:13:42.028 27620 27653 I native-activity: Frame 83 time is 14.082ms
04-13 01:13:42.031 27620 27653 I native-activity: Swap 83 time is 16.991ms
04-13 01:13:42.031 27620 27653 I native-activity: Animating
04-13 01:13:42.045 27620 27653 I native-activity: Frame 84 GL error is 0x0
04-13 01:13:42.045 27620 27653 I native-activity: Frame 84 time is 13.669ms
04-13 01:13:42.048 27620 27653 I native-activity: Swap 84 time is 16.625ms
04-13 01:13:42.048 27620 27653 I native-activity: Animating
04-13 01:13:42.062 27620 27653 I native-activity: Frame 85 GL error is 0x0
04-13 01:13:42.062 27620 27653 I native-activity: Frame 85 time is 13.882ms
04-13 01:13:42.065 27620 27653 I native-activity: Swap 85 time is 16.921ms
04-13 01:13:42.065 27620 27653 I native-activity: Animating
04-13 01:13:42.078 27620 27653 I native-activity: Frame 86 GL error is 0x0
04-13 01:13:42.078 27620 27653 I native-activity: Frame 86 time is 13.033ms
04-13 01:13:42.080   917  1674 D TaskPersister: removeObsoleteFile: deleting file=341_task.xml
04-13 01:13:42.083 27620 27653 I native-activity: Swap 86 time is 18.201ms
04-13 01:13:42.083 27620 27653 I native-activity: Animating
04-13 01:13:42.095 27620 27653 I native-activity: Frame 87 GL error is 0x0
04-13 01:13:42.095 27620 27653 I native-activity: Frame 87 time is 11.668ms
04-13 01:13:42.098 27620 27653 I native-activity: Swap 87 time is 14.257ms
04-13 01:13:42.098 27620 27653 I native-activity: Animating
04-13 01:13:42.112 27620 27653 I native-activity: Frame 88 GL error is 0x0
04-13 01:13:42.112 27620 27653 I native-activity: Frame 88 time is 14.093ms
04-13 01:13:42.115 27620 27653 I native-activity: Swap 88 time is 17.049ms
04-13 01:13:42.115 27620 27653 I native-activity: Animating
04-13 01:13:42.128 27620 27653 I native-activity: Frame 89 GL error is 0x0
04-13 01:13:42.129 27620 27653 I native-activity: Frame 89 time is 13.175ms
04-13 01:13:42.132 27620 27653 I native-activity: Swap 89 time is 16.695ms
04-13 01:13:42.132 27620 27653 I native-activity: Animating
04-13 01:13:42.145 27620 27653 I native-activity: Frame 90 GL error is 0x0
04-13 01:13:42.145 27620 27653 I native-activity: Frame 90 time is 13.175ms
04-13 01:13:42.149 27620 27653 I native-activity: Swap 90 time is 16.315ms
04-13 01:13:42.149 27620 27653 I native-activity: Animating
04-13 01:13:42.162 27620 27653 I native-activity: Frame 91 GL error is 0x0
04-13 01:13:42.162 27620 27653 I native-activity: Frame 91 time is 13.577ms
04-13 01:13:42.166 27620 27653 I native-activity: Swap 91 time is 17.497ms
04-13 01:13:42.167 27620 27653 I native-activity: Animating
04-13 01:13:42.150 27413 27413 I Kernel  : [47260.827647]-(0)[27413:kworker/u8:2]dpi vsync
04-13 01:13:42.179 27620 27653 I native-activity: Frame 92 GL error is 0x0
04-13 01:13:42.179 27620 27653 I native-activity: Frame 92 time is 12.481ms
04-13 01:13:42.183 27620 27653 I native-activity: Swap 92 time is 16.624ms
04-13 01:13:42.183 27620 27653 I native-activity: Animating
04-13 01:13:42.196 27620 27653 I native-activity: Frame 93 GL error is 0x0
04-13 01:13:42.196 27620 27653 I native-activity: Frame 93 time is 12.247ms
04-13 01:13:42.199 27620 27653 I native-activity: Swap 93 time is 15.826ms
04-13 01:13:42.200 27620 27653 I native-activity: Animating
04-13 01:13:42.212 27620 27653 I native-activity: Frame 94 GL error is 0x0
04-13 01:13:42.213 27620 27653 I native-activity: Frame 94 time is 12.794ms
04-13 01:13:42.216 27620 27653 I native-activity: Swap 94 time is 16.547ms
04-13 01:13:42.216 27620 27653 I native-activity: Animating
04-13 01:13:42.229 27620 27653 I native-activity: Frame 95 GL error is 0x0
04-13 01:13:42.229 27620 27653 I native-activity: Frame 95 time is 12.826ms
04-13 01:13:42.232 27620 27653 I native-activity: Swap 95 time is 15.917ms
04-13 01:13:42.233 27620 27653 I native-activity: Animating
04-13 01:13:42.220    82    82 I Kernel  : [47260.894748].(0)[82:mtk charger_hv_]charging_reset_watch_dog_timer
04-13 01:13:42.220    82    82 I Kernel  : [47260.895748].(0)[82:mtk charger_hv_]array_size = 16 
04-13 01:13:42.246 27620 27653 I native-activity: Frame 96 GL error is 0x0
04-13 01:13:42.246 27620 27653 I native-activity: Frame 96 time is 13.525ms
04-13 01:13:42.248 27620 27653 I native-activity: Swap 96 time is 15.877ms
04-13 01:13:42.249 27620 27653 I native-activity: Animating
04-13 01:13:42.263 27620 27653 I native-activity: Frame 97 GL error is 0x0
04-13 01:13:42.263 27620 27653 I native-activity: Frame 97 time is 14.263ms
04-13 01:13:42.266 27620 27653 I native-activity: Swap 97 time is 16.853ms
04-13 01:13:42.266 27620 27653 I native-activity: Animating
04-13 01:13:42.280 27620 27653 I native-activity: Frame 98 GL error is 0x0
04-13 01:13:42.280 27620 27653 I native-activity: Frame 98 time is 13.785ms
04-13 01:13:42.282 27620 27653 I native-activity: Swap 98 time is 16.513ms
04-13 01:13:42.283 27620 27653 I native-activity: Animating
04-13 01:13:42.296 27620 27653 I native-activity: Frame 99 GL error is 0x0
04-13 01:13:42.296 27620 27653 I native-activity: Frame 99 time is 13.768ms
04-13 01:13:42.299 27620 27653 I native-activity: Swap 99 time is 16.370ms
04-13 01:13:42.299 27620 27653 I native-activity: Animating
04-13 01:13:42.313 27620 27653 I native-activity: Frame 100 GL error is 0x0
04-13 01:13:42.313 27620 27653 I native-activity: Frame 100 time is 13.958ms
04-13 01:13:42.316 27620 27653 I native-activity: Swap 100 time is 17.142ms
04-13 01:13:42.317 27620 27653 I native-activity: Animating
04-13 01:13:42.330 27620 27653 I native-activity: Frame 101 GL error is 0x0
04-13 01:13:42.330 27620 27653 I native-activity: Frame 101 time is 13.446ms
04-13 01:13:42.333 27620 27653 I native-activity: Swap 101 time is 16.789ms
04-13 01:13:42.334 27620 27653 I native-activity: Animating
04-13 01:13:42.347 27620 27653 I native-activity: Frame 102 GL error is 0x0
04-13 01:13:42.347 27620 27653 I native-activity: Frame 102 time is 13.112ms
04-13 01:13:42.350 27620 27653 I native-activity: Swap 102 time is 16.110ms
04-13 01:13:42.350 27620 27653 I native-activity: Animating
04-13 01:13:42.364 27620 27653 I native-activity: Frame 103 GL error is 0x0
04-13 01:13:42.364 27620 27653 I native-activity: Frame 103 time is 13.764ms
04-13 01:13:42.367 27620 27653 I native-activity: Swap 103 time is 16.707ms
04-13 01:13:42.367 27620 27653 I native-activity: Animating
04-13 01:13:42.380 27620 27653 I native-activity: Frame 104 GL error is 0x0
04-13 01:13:42.380 27620 27653 I native-activity: Frame 104 time is 13.450ms
04-13 01:13:42.384 27620 27653 I native-activity: Swap 104 time is 17.044ms
04-13 01:13:42.384 27620 27653 I native-activity: Animating
04-13 01:13:42.397 27620 27653 I native-activity: Frame 105 GL error is 0x0
04-13 01:13:42.398 27620 27653 I native-activity: Frame 105 time is 12.911ms
04-13 01:13:42.401 27620 27653 I native-activity: Swap 105 time is 16.804ms
04-13 01:13:42.401 27620 27653 I native-activity: Animating
04-13 01:13:42.414 27620 27653 I native-activity: Frame 106 GL error is 0x0
04-13 01:13:42.414 27620 27653 I native-activity: Frame 106 time is 12.817ms
04-13 01:13:42.417 27620 27653 I native-activity: Swap 106 time is 15.823ms
04-13 01:13:42.417 27620 27653 I native-activity: Animating
04-13 01:13:42.431 27620 27653 I native-activity: Frame 107 GL error is 0x0
04-13 01:13:42.431 27620 27653 I native-activity: Frame 107 time is 13.411ms
04-13 01:13:42.434 27620 27653 I native-activity: Swap 107 time is 16.527ms
04-13 01:13:42.434 27620 27653 I native-activity: Animating
04-13 01:13:42.448 27620 27653 I native-activity: Frame 108 GL error is 0x0
04-13 01:13:42.448 27620 27653 I native-activity: Frame 108 time is 13.602ms
04-13 01:13:42.451 27620 27653 I native-activity: Swap 108 time is 17.089ms
04-13 01:13:42.451 27620 27653 I native-activity: Animating
04-13 01:13:42.464 27620 27653 I native-activity: Frame 109 GL error is 0x0
04-13 01:13:42.465 27620 27653 I native-activity: Frame 109 time is 13.011ms
04-13 01:13:42.468 27620 27653 I native-activity: Swap 109 time is 16.128ms
04-13 01:13:42.468 27620 27653 I native-activity: Animating
04-13 01:13:42.481 27620 27653 I native-activity: Frame 110 GL error is 0x0
04-13 01:13:42.482 27620 27653 I native-activity: Frame 110 time is 13.614ms
04-13 01:13:42.484 27620 27653 I native-activity: Swap 110 time is 16.050ms
04-13 01:13:42.484 27620 27653 I native-activity: Animating
04-13 01:13:42.498 27620 27653 I native-activity: Frame 111 GL error is 0x0
04-13 01:13:42.498 27620 27653 I native-activity: Frame 111 time is 13.658ms
04-13 01:13:42.502 27620 27653 I native-activity: Swap 111 time is 17.367ms
04-13 01:13:42.502 27620 27653 I native-activity: Animating
04-13 01:13:42.515 27620 27653 I native-activity: Frame 112 GL error is 0x0
04-13 01:13:42.515 27620 27653 I native-activity: Frame 112 time is 13.015ms
04-13 01:13:42.518 27620 27653 I native-activity: Swap 112 time is 15.745ms
04-13 01:13:42.518 27620 27653 I native-activity: Animating
04-13 01:13:42.532 27620 27653 I native-activity: Frame 113 GL error is 0x0
04-13 01:13:42.532 27620 27653 I native-activity: Frame 113 time is 14.014ms
04-13 01:13:42.535 27620 27653 I native-activity: Swap 113 time is 16.760ms
04-13 01:13:42.535 27620 27653 I native-activity: Animating
04-13 01:13:42.548 27620 27653 I native-activity: Frame 114 GL error is 0x0
04-13 01:13:42.549 27620 27653 I native-activity: Frame 114 time is 13.542ms
04-13 01:13:42.552 27620 27653 I native-activity: Swap 114 time is 16.729ms
04-13 01:13:42.552 27620 27653 I native-activity: Animating
04-13 01:13:42.565 27620 27653 I native-activity: Frame 115 GL error is 0x0
04-13 01:13:42.565 27620 27653 I native-activity: Frame 115 time is 13.264ms
04-13 01:13:42.568 27620 27653 I native-activity: Swap 115 time is 15.754ms
04-13 01:13:42.568 27620 27653 I native-activity: Animating
04-13 01:13:42.582 27620 27653 I native-activity: Frame 116 GL error is 0x0
04-13 01:13:42.582 27620 27653 I native-activity: Frame 116 time is 14.115ms
04-13 01:13:42.586 27620 27653 I native-activity: Swap 116 time is 17.542ms
04-13 01:13:42.586 27620 27653 I native-activity: Animating
04-13 01:13:42.599 27620 27653 I native-activity: Frame 117 GL error is 0x0
04-13 01:13:42.599 27620 27653 I native-activity: Frame 117 time is 12.855ms
04-13 01:13:42.602 27620 27653 I native-activity: Swap 117 time is 15.748ms
04-13 01:13:42.602 27620 27653 I native-activity: Animating
04-13 01:13:42.615 27620 27653 I native-activity: Frame 118 GL error is 0x0
04-13 01:13:42.616 27620 27653 I native-activity: Frame 118 time is 13.500ms
04-13 01:13:42.619 27620 27653 I native-activity: Swap 118 time is 17.129ms
04-13 01:13:42.620 27620 27653 I native-activity: Animating
04-13 01:13:42.632 27620 27653 I native-activity: Frame 119 GL error is 0x0
04-13 01:13:42.632 27620 27653 I native-activity: Frame 119 time is 12.651ms
04-13 01:13:42.636 27620 27653 I native-activity: Swap 119 time is 16.482ms
04-13 01:13:42.636 27620 27653 I native-activity: Animating
04-13 01:13:42.649 27620 27653 I native-activity: Frame 120 GL error is 0x0
04-13 01:13:42.649 27620 27653 I native-activity: Frame 120 time is 12.653ms
04-13 01:13:42.653 27620 27653 I native-activity: Swap 120 time is 16.949ms
04-13 01:13:42.654 27620 27653 I native-activity: Animating
04-13 01:13:42.666 27620 27653 I native-activity: Frame 121 GL error is 0x0
04-13 01:13:42.666 27620 27653 I native-activity: Frame 121 time is 12.238ms
04-13 01:13:42.670 27620 27653 I native-activity: Swap 121 time is 16.523ms
04-13 01:13:42.670 27620 27653 I native-activity: Animating
04-13 01:13:42.683 27620 27653 I native-activity: Frame 122 GL error is 0x0
04-13 01:13:42.683 27620 27653 I native-activity: Frame 122 time is 12.545ms
04-13 01:13:42.685 27620 27653 I native-activity: Swap 122 time is 15.137ms
04-13 01:13:42.686 27620 27653 I native-activity: Animating
04-13 01:13:42.700 27620 27653 I native-activity: Frame 123 GL error is 0x0
04-13 01:13:42.700 27620 27653 I native-activity: Frame 123 time is 13.890ms
04-13 01:13:42.702 27620 27653 I native-activity: Swap 123 time is 16.323ms
04-13 01:13:42.702 27620 27653 I native-activity: Animating
04-13 01:13:42.716 27620 27653 I native-activity: Frame 124 GL error is 0x0
04-13 01:13:42.716 27620 27653 I native-activity: Frame 124 time is 14.035ms
04-13 01:13:42.719 27620 27653 I native-activity: Swap 124 time is 16.765ms
04-13 01:13:42.719 27620 27653 I native-activity: Animating
04-13 01:13:42.733 27620 27653 I native-activity: Frame 125 GL error is 0x0
04-13 01:13:42.733 27620 27653 I native-activity: Frame 125 time is 13.953ms
04-13 01:13:42.736 27620 27653 I native-activity: Swap 125 time is 16.433ms
04-13 01:13:42.736 27620 27653 I native-activity: Animating
04-13 01:13:42.750 27620 27653 I native-activity: Frame 126 GL error is 0x0
04-13 01:13:42.750 27620 27653 I native-activity: Frame 126 time is 14.222ms
04-13 01:13:42.754 27620 27653 I native-activity: Swap 126 time is 17.895ms
04-13 01:13:42.754 27620 27653 I native-activity: Animating
04-13 01:13:42.766 27620 27653 I native-activity: Frame 127 GL error is 0x0
04-13 01:13:42.767 27620 27653 I native-activity: Frame 127 time is 12.453ms
04-13 01:13:42.771 27620 27653 I native-activity: Swap 127 time is 16.752ms
04-13 01:13:42.771 27620 27653 I native-activity: Animating
04-13 01:13:42.783 27620 27653 I native-activity: Frame 128 GL error is 0x0
04-13 01:13:42.783 27620 27653 I native-activity: Frame 128 time is 12.233ms
04-13 01:13:42.787 27620 27653 I native-activity: Swap 128 time is 15.752ms
04-13 01:13:42.787 27620 27653 I native-activity: Animating
04-13 01:13:42.800 27620 27653 I native-activity: Frame 129 GL error is 0x0
04-13 01:13:42.800 27620 27653 I native-activity: Frame 129 time is 13.192ms
04-13 01:13:42.804 27620 27653 I native-activity: Swap 129 time is 16.503ms
04-13 01:13:42.804 27620 27653 I native-activity: Animating
04-13 01:13:42.817 27620 27653 I native-activity: Frame 130 GL error is 0x0
04-13 01:13:42.817 27620 27653 I native-activity: Frame 130 time is 12.961ms
04-13 01:13:42.820 27620 27653 I native-activity: Swap 130 time is 16.257ms
04-13 01:13:42.821 27620 27653 I native-activity: Animating
04-13 01:13:42.834 27620 27653 I native-activity: Frame 131 GL error is 0x0
04-13 01:13:42.834 27620 27653 I native-activity: Frame 131 time is 13.118ms
04-13 01:13:42.837 27620 27653 I native-activity: Swap 131 time is 16.366ms
04-13 01:13:42.837 27620 27653 I native-activity: Animating
04-13 01:13:42.851 27620 27653 I native-activity: Frame 132 GL error is 0x0
04-13 01:13:42.851 27620 27653 I native-activity: Frame 132 time is 13.677ms
04-13 01:13:42.854 27620 27653 I native-activity: Swap 132 time is 16.979ms
04-13 01:13:42.855 27620 27653 I native-activity: Animating
04-13 01:13:42.867 27620 27653 I native-activity: Frame 133 GL error is 0x0
04-13 01:13:42.867 27620 27653 I native-activity: Frame 133 time is 12.767ms
04-13 01:13:42.870 27620 27653 I native-activity: Swap 133 time is 15.696ms
04-13 01:13:42.870 27620 27653 I native-activity: Animating
04-13 01:13:42.884 27620 27653 I native-activity: Frame 134 GL error is 0x0
04-13 01:13:42.884 27620 27653 I native-activity: Frame 134 time is 13.782ms
04-13 01:13:42.887 27620 27653 I native-activity: Swap 134 time is 16.693ms
04-13 01:13:42.887 27620 27653 I native-activity: Animating
04-13 01:13:42.901 27620 27653 I native-activity: Frame 135 GL error is 0x0
04-13 01:13:42.901 27620 27653 I native-activity: Frame 135 time is 13.660ms
04-13 01:13:42.904 27620 27653 I native-activity: Swap 135 time is 16.190ms
04-13 01:13:42.904 27620 27653 I native-activity: Animating
04-13 01:13:42.918 27620 27653 I native-activity: Frame 136 GL error is 0x0
04-13 01:13:42.918 27620 27653 I native-activity: Frame 136 time is 14.069ms
04-13 01:13:42.921 27620 27653 I native-activity: Swap 136 time is 16.813ms
04-13 01:13:42.921 27620 27653 I native-activity: Animating
04-13 01:13:42.935 27620 27653 I native-activity: Frame 137 GL error is 0x0
04-13 01:13:42.935 27620 27653 I native-activity: Frame 137 time is 13.939ms
04-13 01:13:42.939 27620 27653 I native-activity: Swap 137 time is 17.779ms
04-13 01:13:42.939 27620 27653 I native-activity: Animating
04-13 01:13:42.930    81    81 I Kernel  : [47261.611231].(0)[81:bat_thread_kthr][BAT_thread]Cable in, CHR_Type_num=2
04-13 01:13:42.952 27620 27653 I native-activity: Frame 138 GL error is 0x0
04-13 01:13:42.952 27620 27653 I native-activity: Frame 138 time is 12.650ms
04-13 01:13:42.956 27620 27653 I native-activity: Swap 138 time is 16.826ms
04-13 01:13:42.956 27620 27653 I native-activity: Animating
04-13 01:13:42.968 27620 27653 I native-activity: Frame 139 GL error is 0x0
04-13 01:13:42.968 27620 27653 I native-activity: Frame 139 time is 12.292ms
04-13 01:13:42.950    81    81 I Kernel  : [47261.624413].(2)[81:bat_thread_kthr]AvgVbat=(4202),bat_vol=(4191),AvgI=(0),I=(0),VChr=(4730),AvgT=(24),T=(24),pre_SOC=(100),SOC=(100),ZCV=(4045)
04-13 01:13:42.950    81    81 I Kernel  : [47261.624515].(2)[81:bat_thread_kthr][BATTERY] support JEITA, temperature=24
04-13 01:13:42.950    81    81 I Kernel  : [47261.624539][BATTERY] Battery Normal Temperature between 10 and 45 !!
04-13 01:13:42.950    81    81 I Kernel  : [47261.624568].(2)[81:bat_thread_kthr]array_size = 51 
04-13 01:13:42.950    81    81 I Kernel  : [47261.625475].(0)[81:bat_thread_kthr]charging_reset_watch_dog_timer
04-13 01:13:42.971 27620 27653 I native-activity: Swap 139 time is 15.461ms
04-13 01:13:42.972 27620 27653 I native-activity: Animating
04-13 01:13:42.983 25557 25643 I AmazonCMS: CMS is no longer being used, shutting down...
04-13 01:13:42.986 27620 27653 I native-activity: Frame 140 GL error is 0x0
04-13 01:13:42.986 27620 27653 I native-activity: Frame 140 time is 13.913ms
04-13 01:13:42.989 27620 27653 I native-activity: Swap 140 time is 16.757ms
04-13 01:13:42.989 27620 27653 I native-activity: Animating
04-13 01:13:42.970    81    81 I Kernel  : [47261.643131].(2)[81:bat_thread_kthr][BATTERY] Default CC mode charging : 150000, input current = 150000
04-13 01:13:42.970    81    81 I Kernel  : [47261.643177].(2)[81:bat_thread_kthr]array_size = 8 
04-13 01:13:42.970    81    81 I Kernel  : [47261.647003].(0)[81:bat_thread_kthr]array_size = 28 
04-13 01:13:42.990 25557 25643 D AmazonCMS: Reconciler closing
04-13 01:13:42.980    81    81 I Kernel  : [47261.656164].(0)[81:bat_thread_kthr]charging_dump_register
04-13 01:13:42.980    81    81 I Kernel  : [47261.656851].(0)[81:bat_thread_kthr][bq24296_dump_register] Reg[0x0]=0x45
04-13 01:13:42.980    81    81 I Kernel  : [47261.657402].(0)[81:bat_thread_kthr][bq24296_dump_register] Reg[0x1]=0x1B
04-13 01:13:42.980    81    81 I Kernel  : [47261.657935].(0)[81:bat_thread_kthr][bq24296_dump_register] Reg[0x2]=0x3C
04-13 01:13:42.980    81    81 I Kernel  : [47261.658459].(0)[81:bat_thread_kthr][bq24296_dump_register] Reg[0x3]=0x30
04-13 01:13:42.980    81    81 I Kernel  : [47261.658985].(0)[81:bat_thread_kthr][bq24296_dump_register] Reg[0x4]=0xB2
04-13 01:13:42.980    81    81 I Kernel  : [47261.659508].(0)[81:bat_thread_kthr][bq24296_dump_register] Reg[0x5]=0x94
04-13 01:13:42.980    81    81 I Kernel  : [47261.660041].(0)[81:bat_thread_kthr][bq24296_dump_register] Reg[0x6]=0x73
04-13 01:13:42.980    81    81 I Kernel  : [47261.660573].(0)[81:bat_thread_kthr][bq24296_dump_register] Reg[0x7]=0x48
04-13 01:13:42.980    81    81 I Kernel  : [47261.661098].(0)[81:bat_thread_kthr][bq24296_dump_register] Reg[0x8]=0x74
04-13 01:13:42.990    81    81 I Kernel  : [47261.661868].(2)[81:bat_thread_kthr][bq24296_dump_register] Reg[0x9]=0x0
04-13 01:13:43.002 27620 27653 I native-activity: Frame 141 GL error is 0x0
04-13 01:13:43.002 27620 27653 I native-activity: Frame 141 time is 13.250ms
04-13 01:13:43.005 27620 27653 I native-activity: Swap 141 time is 16.445ms
04-13 01:13:43.005 27620 27653 I native-activity: Animating
04-13 01:13:43.007   143   315 I hwcomposer: [DPY] UEventThread::threadLoop recv change@/devices/platform/battery/power_supply/battery
04-13 01:13:42.990    81    81 I Kernel  : [47261.666293].(2)[81:bat_thread_kthr][bq24296_dump_register] Reg[0xA]=0x20
04-13 01:13:42.990    81    81 I Kernel  : [47261.667385].(2)[81:bat_thread_kthr][100percent], UI_SOC(100), reset(0)
04-13 01:13:42.990    81    81 I Kernel  : [47261.667425].(2)[81:bat_thread_kthr]UI_SOC=(100), resetBatteryMeter=(0)
04-13 01:13:42.990    81    81 I Kernel  : [47261.667673].(2)[81:bat_thread_kthr][mt_kpoc_power_off_check] , chr_vol=4730, boot_mode=0
04-13 01:13:42.990   139   139 I Kernel  : [47261.669620].(1)[139:healthd]healthd: battery l=100 v=4202 t=24.0 h=2 st=5 chg=u
04-13 01:13:43.014  1787  1787 D KeyguardUpdateMonitor: handleBatteryUpdate
04-13 01:13:43.019 27620 27653 I native-activity: Frame 142 GL error is 0x0
04-13 01:13:43.019 27620 27653 I native-activity: Frame 142 time is 12.922ms
04-13 01:13:43.022 27620 27653 I native-activity: Swap 142 time is 16.078ms
04-13 01:13:43.022 27620 27653 I native-activity: Animating
04-13 01:13:43.035 27620 27653 I native-activity: Frame 143 GL error is 0x0
04-13 01:13:43.035 27620 27653 I native-activity: Frame 143 time is 13.093ms
04-13 01:13:43.040 27620 27653 I native-activity: Swap 143 time is 17.248ms
04-13 01:13:43.040 27620 27653 I native-activity: Animating
04-13 01:13:43.052 27620 27653 I native-activity: Frame 144 GL error is 0x0
04-13 01:13:43.052 27620 27653 I native-activity: Frame 144 time is 12.302ms
04-13 01:13:43.055 27620 27653 I native-activity: Swap 144 time is 15.024ms
04-13 01:13:43.055 27620 27653 I native-activity: Animating
04-13 01:13:43.069 27620 27653 I native-activity: Frame 145 GL error is 0x0
04-13 01:13:43.069 27620 27653 I native-activity: Frame 145 time is 14.057ms
04-13 01:13:43.073 27620 27653 I native-activity: Swap 145 time is 18.080ms
04-13 01:13:43.073 27620 27653 I native-activity: Animating
04-13 01:13:43.086 27620 27653 I native-activity: Frame 146 GL error is 0x0
04-13 01:13:43.086 27620 27653 I native-activity: Frame 146 time is 12.238ms
04-13 01:13:43.089 27620 27653 I native-activity: Swap 146 time is 15.071ms
04-13 01:13:43.089 27620 27653 I native-activity: Animating
04-13 01:13:43.103 27620 27653 I native-activity: Frame 147 GL error is 0x0
04-13 01:13:43.103 27620 27653 I native-activity: Frame 147 time is 13.814ms
04-13 01:13:43.105 27620 27653 I native-activity: Swap 147 time is 16.280ms
04-13 01:13:43.106 27620 27653 I native-activity: Animating
04-13 01:13:43.120 27620 27653 I native-activity: Frame 148 GL error is 0x0
04-13 01:13:43.120 27620 27653 I native-activity: Frame 148 time is 14.158ms
04-13 01:13:43.123 27620 27653 I native-activity: Swap 148 time is 17.435ms
04-13 01:13:43.123 27620 27653 I native-activity: Animating
04-13 01:13:43.136 27620 27653 I native-activity: Frame 149 GL error is 0x0
04-13 01:13:43.137 27620 27653 I native-activity: Frame 149 time is 13.182ms
04-13 01:13:43.140 27620 27653 I native-activity: Swap 149 time is 16.826ms
04-13 01:13:43.140 27620 27653 I native-activity: Animating
04-13 01:13:43.153 27620 27653 I native-activity: Frame 150 GL error is 0x0
04-13 01:13:43.153 27620 27653 I native-activity: Frame 150 time is 12.535ms
04-13 01:13:43.156 27620 27653 I native-activity: Swap 150 time is 15.255ms
04-13 01:13:43.156 27620 27653 I native-activity: Animating
04-13 01:13:43.170 27620 27653 I native-activity: Frame 151 GL error is 0x0
04-13 01:13:43.170 27620 27653 I native-activity: Frame 151 time is 14.135ms
04-13 01:13:43.173 27620 27653 I native-activity: Swap 151 time is 16.790ms
04-13 01:13:43.173 27620 27653 I native-activity: Animating
04-13 01:13:43.186 27620 27653 I native-activity: Frame 152 GL error is 0x0
04-13 01:13:43.187 27620 27653 I native-activity: Frame 152 time is 14.111ms
04-13 01:13:43.191 27620 27653 I native-activity: Swap 152 time is 17.653ms
04-13 01:13:43.191 27620 27653 I native-activity: Animating
04-13 01:13:43.204 27620 27653 I native-activity: Frame 153 GL error is 0x0
04-13 01:13:43.204 27620 27653 I native-activity: Frame 153 time is 12.840ms
04-13 01:13:43.207 27620 27653 I native-activity: Swap 153 time is 15.786ms
04-13 01:13:43.207 27620 27653 I native-activity: Animating
04-13 01:13:43.220 27620 27653 I native-activity: Frame 154 GL error is 0x0
04-13 01:13:43.221 27620 27653 I native-activity: Frame 154 time is 13.362ms
04-13 01:13:43.224 27620 27653 I native-activity: Swap 154 time is 17.116ms
04-13 01:13:43.225 27620 27653 I native-activity: Animating
04-13 01:13:43.237 27620 27653 I native-activity: Frame 155 GL error is 0x0
04-13 01:13:43.237 27620 27653 I native-activity: Frame 155 time is 12.237ms
04-13 01:13:43.220    82    82 I Kernel  : [47261.895842].(0)[82:mtk charger_hv_]charging_reset_watch_dog_timer
04-13 01:13:43.220    82    82 I Kernel  : [47261.896755].(0)[82:mtk charger_hv_]array_size = 16 
04-13 01:13:43.240 27620 27653 I native-activity: Swap 155 time is 15.548ms
04-13 01:13:43.240 27620 27653 I native-activity: Animating
04-13 01:13:43.254 27620 27653 I native-activity: Frame 156 GL error is 0x0
04-13 01:13:43.254 27620 27653 I native-activity: Frame 156 time is 13.340ms
04-13 01:13:43.257 27620 27653 I native-activity: Swap 156 time is 16.338ms
04-13 01:13:43.257 27620 27653 I native-activity: Animating
04-13 01:13:43.271 27620 27653 I native-activity: Frame 157 GL error is 0x0
04-13 01:13:43.271 27620 27653 I native-activity: Frame 157 time is 14.360ms
04-13 01:13:43.274 27620 27653 I native-activity: Swap 157 time is 17.215ms
04-13 01:13:43.274 27620 27653 I native-activity: Animating
04-13 01:13:43.287 27620 27653 I native-activity: Frame 158 GL error is 0x0
04-13 01:13:43.287 27620 27653 I native-activity: Frame 158 time is 12.986ms
04-13 01:13:43.291 27620 27653 I native-activity: Swap 158 time is 16.159ms
04-13 01:13:43.291 27620 27653 I native-activity: Animating
04-13 01:13:43.304 27620 27653 I native-activity: Frame 159 GL error is 0x0
04-13 01:13:43.304 27620 27653 I native-activity: Frame 159 time is 13.364ms
04-13 01:13:43.307 27620 27653 I native-activity: Swap 159 time is 15.947ms
04-13 01:13:43.307 27620 27653 I native-activity: Animating
04-13 01:13:43.321 27620 27653 I native-activity: Frame 160 GL error is 0x0
04-13 01:13:43.321 27620 27653 I native-activity: Frame 160 time is 14.205ms
04-13 01:13:43.324 27620 27653 I native-activity: Swap 160 time is 17.355ms
04-13 01:13:43.325 27620 27653 I native-activity: Animating
04-13 01:13:43.338 27620 27653 I native-activity: Frame 161 GL error is 0x0
04-13 01:13:43.338 27620 27653 I native-activity: Frame 161 time is 13.168ms
04-13 01:13:43.341 27620 27653 I native-activity: Swap 161 time is 16.651ms
04-13 01:13:43.342 27620 27653 I native-activity: Animating
04-13 01:13:43.355 27620 27653 I native-activity: Frame 162 GL error is 0x0
04-13 01:13:43.355 27620 27653 I native-activity: Frame 162 time is 12.965ms
04-13 01:13:43.358 27620 27653 I native-activity: Swap 162 time is 16.018ms
04-13 01:13:43.358 27620 27653 I native-activity: Animating
04-13 01:13:43.371 27620 27653 I native-activity: Frame 163 GL error is 0x0
04-13 01:13:43.371 27620 27653 I native-activity: Frame 163 time is 13.486ms
04-13 01:13:43.374 27620 27653 I native-activity: Swap 163 time is 16.151ms
04-13 01:13:43.374 27620 27653 I native-activity: Animating
04-13 01:13:43.388 27620 27653 I native-activity: Frame 164 GL error is 0x0
04-13 01:13:43.388 27620 27653 I native-activity: Frame 164 time is 13.912ms
04-13 01:13:43.391 27620 27653 I native-activity: Swap 164 time is 17.122ms
04-13 01:13:43.392 27620 27653 I native-activity: Animating
04-13 01:13:43.405 27620 27653 I native-activity: Frame 165 GL error is 0x0
04-13 01:13:43.405 27620 27653 I native-activity: Frame 165 time is 13.308ms
04-13 01:13:43.408 27620 27653 I native-activity: Swap 165 time is 16.021ms
04-13 01:13:43.408 27620 27653 I native-activity: Animating
04-13 01:13:43.422 27620 27653 I native-activity: Frame 166 GL error is 0x0
04-13 01:13:43.422 27620 27653 I native-activity: Frame 166 time is 14.039ms
04-13 01:13:43.425 27620 27653 I native-activity: Swap 166 time is 17.008ms
04-13 01:13:43.426 27620 27653 I native-activity: Animating
04-13 01:13:43.439 27620 27653 I native-activity: Frame 167 GL error is 0x0
04-13 01:13:43.439 27620 27653 I native-activity: Frame 167 time is 13.049ms
04-13 01:13:43.442 27620 27653 I native-activity: Swap 167 time is 16.243ms
04-13 01:13:43.442 27620 27653 I native-activity: Animating
04-13 01:13:43.455 27620 27653 I native-activity: Frame 168 GL error is 0x0
04-13 01:13:43.455 27620 27653 I native-activity: Frame 168 time is 13.361ms
04-13 01:13:43.458 27620 27653 I native-activity: Swap 168 time is 16.396ms
04-13 01:13:43.459 27620 27653 I native-activity: Animating
04-13 01:13:43.472 27620 27653 I native-activity: Frame 169 GL error is 0x0
04-13 01:13:43.473 27620 27653 I native-activity: Frame 169 time is 13.812ms
04-13 01:13:43.476 27620 27653 I native-activity: Swap 169 time is 16.883ms
04-13 01:13:43.476 27620 27653 I native-activity: Animating
04-13 01:13:43.489 27620 27653 I native-activity: Frame 170 GL error is 0x0
04-13 01:13:43.489 27620 27653 I native-activity: Frame 170 time is 13.195ms
04-13 01:13:43.493 27620 27653 I native-activity: Swap 170 time is 17.579ms
04-13 01:13:43.494 27620 27653 I native-activity: Animating
04-13 01:13:43.506 27620 27653 I native-activity: Frame 171 GL error is 0x0
04-13 01:13:43.506 27620 27653 I native-activity: Frame 171 time is 12.138ms
04-13 01:13:43.509 27620 27653 I native-activity: Swap 171 time is 15.192ms
04-13 01:13:43.509 27620 27653 I native-activity: Animating
04-13 01:13:43.523 27620 27653 I native-activity: Frame 172 GL error is 0x0
04-13 01:13:43.523 27620 27653 I native-activity: Frame 172 time is 14.243ms
04-13 01:13:43.527 27620 27653 I native-activity: Swap 172 time is 17.407ms
04-13 01:13:43.527 27620 27653 I native-activity: Animating
04-13 01:13:43.539 27620 27653 I native-activity: Frame 173 GL error is 0x0
04-13 01:13:43.539 27620 27653 I native-activity: Frame 173 time is 12.578ms
04-13 01:13:43.542 27620 27653 I native-activity: Swap 173 time is 15.633ms
04-13 01:13:43.543 27620 27653 I native-activity: Animating
04-13 01:13:43.556 27620 27653 I native-activity: Frame 174 GL error is 0x0
04-13 01:13:43.556 27620 27653 I native-activity: Frame 174 time is 13.134ms
04-13 01:13:43.560 27620 27653 I native-activity: Swap 174 time is 16.587ms
04-13 01:13:43.560 27620 27653 I native-activity: Animating
04-13 01:13:43.573 27620 27653 I native-activity: Frame 175 GL error is 0x0
04-13 01:13:43.573 27620 27653 I native-activity: Frame 175 time is 13.031ms
04-13 01:13:43.576 27620 27653 I native-activity: Swap 175 time is 16.309ms
04-13 01:13:43.577 27620 27653 I native-activity: Animating
04-13 01:13:43.590 27620 27653 I native-activity: Frame 176 GL error is 0x0
04-13 01:13:43.590 27620 27653 I native-activity: Frame 176 time is 13.232ms
04-13 01:13:43.593 27620 27653 I native-activity: Swap 176 time is 16.459ms
04-13 01:13:43.593 27620 27653 I native-activity: Animating
04-13 01:13:43.607 27620 27653 I native-activity: Frame 177 GL error is 0x0
04-13 01:13:43.607 27620 27653 I native-activity: Frame 177 time is 13.227ms
04-13 01:13:43.610 27620 27653 I native-activity: Swap 177 time is 16.638ms
04-13 01:13:43.610 27620 27653 I native-activity: Animating
04-13 01:13:43.623 27620 27653 I native-activity: Frame 178 GL error is 0x0
04-13 01:13:43.623 27620 27653 I native-activity: Frame 178 time is 13.029ms
04-13 01:13:43.626 27620 27653 I native-activity: Swap 178 time is 15.850ms
04-13 01:13:43.626 27620 27653 I native-activity: Animating
04-13 01:13:43.640 27620 27653 I native-activity: Frame 179 GL error is 0x0
04-13 01:13:43.640 27620 27653 I native-activity: Frame 179 time is 13.919ms
04-13 01:13:43.644 27620 27653 I native-activity: Swap 179 time is 17.324ms
04-13 01:13:43.644 27620 27653 I native-activity: Animating
04-13 01:13:43.657 27620 27653 I native-activity: Frame 180 GL error is 0x0
04-13 01:13:43.657 27620 27653 I native-activity: Frame 180 time is 12.759ms
04-13 01:13:43.640  2159  2159 I Kernel  : [47262.312942].(0)[2159:wpa_supplicant]poorlink get state G(363168)F(49)dbad(0)dretry(0)LT(540)RT(-75)W(0)(12845)
04-13 01:13:43.640  2137  2137 I Kernel  : [47262.313244][wlan] nicTxReleaseResource: (TX STATE)
04-13 01:13:43.640  2137  2137 I Kernel  : Release: TC4 count 1, Free=4; TC5 count 0, Free=4
04-13 01:13:43.661 27620 27653 I native-activity: Swap 180 time is 16.522ms
04-13 01:13:43.661 27620 27653 I native-activity: Animating
04-13 01:13:43.674 27620 27653 I native-activity: Frame 181 GL error is 0x0
04-13 01:13:43.674 27620 27653 I native-activity: Frame 181 time is 12.916ms
04-13 01:13:43.677 27620 27653 I native-activity: Swap 181 time is 15.801ms
04-13 01:13:43.677 27620 27653 I native-activity: Animating
04-13 01:13:43.690 27620 27653 I native-activity: Frame 182 GL error is 0x0
04-13 01:13:43.691 27620 27653 I native-activity: Frame 182 time is 13.771ms
04-13 01:13:43.694 27620 27653 I native-activity: Swap 182 time is 16.646ms
04-13 01:13:43.694 27620 27653 I native-activity: Animating
04-13 01:13:43.707 27620 27653 I native-activity: Frame 183 GL error is 0x0
04-13 01:13:43.707 27620 27653 I native-activity: Frame 183 time is 13.691ms
04-13 01:13:43.711 27620 27653 I native-activity: Swap 183 time is 16.877ms
04-13 01:13:43.711 27620 27653 I native-activity: Animating
04-13 01:13:43.724 27620 27653 I native-activity: Frame 184 GL error is 0x0
04-13 01:13:43.724 27620 27653 I native-activity: Frame 184 time is 12.899ms
04-13 01:13:43.727 27620 27653 I native-activity: Swap 184 time is 15.915ms
04-13 01:13:43.727 27620 27653 I native-activity: Animating
04-13 01:13:43.741 27620 27653 I native-activity: Frame 185 GL error is 0x0
04-13 01:13:43.741 27620 27653 I native-activity: Frame 185 time is 14.210ms
04-13 01:13:43.746 27620 27653 I native-activity: Swap 185 time is 18.588ms
04-13 01:13:43.746 27620 27653 I native-activity: Animating
04-13 01:13:43.757 27620 27653 I native-activity: Frame 186 GL error is 0x0
04-13 01:13:43.758 27620 27653 I native-activity: Frame 186 time is 11.499ms
04-13 01:13:43.761 27620 27653 I native-activity: Swap 186 time is 15.086ms
04-13 01:13:43.761 27620 27653 I native-activity: Animating
04-13 01:13:43.774 27620 27653 I native-activity: Frame 187 GL error is 0x0
04-13 01:13:43.774 27620 27653 I native-activity: Frame 187 time is 12.955ms
04-13 01:13:43.778 27620 27653 I native-activity: Swap 187 time is 16.062ms
04-13 01:13:43.778 27620 27653 I native-activity: Animating
04-13 01:13:43.791 27620 27653 I native-activity: Frame 188 GL error is 0x0
04-13 01:13:43.791 27620 27653 I native-activity: Frame 188 time is 13.454ms
04-13 01:13:43.794 27620 27653 I native-activity: Swap 188 time is 16.522ms
04-13 01:13:43.795 27620 27653 I native-activity: Animating
04-13 01:13:43.808 27620 27653 I native-activity: Frame 189 GL error is 0x0
04-13 01:13:43.808 27620 27653 I native-activity: Frame 189 time is 13.472ms
04-13 01:13:43.811 27620 27653 I native-activity: Swap 189 time is 16.368ms
04-13 01:13:43.811 27620 27653 I native-activity: Animating
04-13 01:13:43.825 27620 27653 I native-activity: Frame 190 GL error is 0x0
04-13 01:13:43.825 27620 27653 I native-activity: Frame 190 time is 13.628ms
04-13 01:13:43.828 27620 27653 I native-activity: Swap 190 time is 16.402ms
04-13 01:13:43.828 27620 27653 I native-activity: Animating
04-13 01:13:43.842 27620 27653 I native-activity: Frame 191 GL error is 0x0
04-13 01:13:43.842 27620 27653 I native-activity: Frame 191 time is 14.086ms
04-13 01:13:43.845 27620 27653 I native-activity: Swap 191 time is 16.801ms
04-13 01:13:43.845 27620 27653 I native-activity: Animating
04-13 01:13:43.858 27620 27653 I native-activity: Frame 192 GL error is 0x0
04-13 01:13:43.859 27620 27653 I native-activity: Frame 192 time is 13.542ms
04-13 01:13:43.862 27620 27653 I native-activity: Swap 192 time is 17.446ms
04-13 01:13:43.863 27620 27653 I native-activity: Animating
04-13 01:13:43.875 27620 27653 I native-activity: Frame 193 GL error is 0x0
04-13 01:13:43.875 27620 27653 I native-activity: Frame 193 time is 12.604ms
04-13 01:13:43.880 27620 27653 I native-activity: Swap 193 time is 17.042ms
04-13 01:13:43.880 27620 27653 I native-activity: Animating
04-13 01:13:43.892 27620 27653 I native-activity: Frame 194 GL error is 0x0
04-13 01:13:43.892 27620 27653 I native-activity: Frame 194 time is 12.310ms
04-13 01:13:43.895 27620 27653 I native-activity: Swap 194 time is 14.740ms
04-13 01:13:43.895 27620 27653 I native-activity: Animating
04-13 01:13:43.909 27620 27653 I native-activity: Frame 195 GL error is 0x0
04-13 01:13:43.909 27620 27653 I native-activity: Frame 195 time is 13.828ms
04-13 01:13:43.911 27620 27653 I native-activity: Swap 195 time is 16.180ms
04-13 01:13:43.911 27620 27653 I native-activity: Animating
04-13 01:13:43.926 27620 27653 I native-activity: Frame 196 GL error is 0x0
04-13 01:13:43.926 27620 27653 I native-activity: Frame 196 time is 14.276ms
04-13 01:13:43.928 27620 27653 I native-activity: Swap 196 time is 17.038ms
04-13 01:13:43.929 27620 27653 I native-activity: Animating
04-13 01:13:43.942 27620 27653 I native-activity: Frame 197 GL error is 0x0
04-13 01:13:43.942 27620 27653 I native-activity: Frame 197 time is 13.776ms
04-13 01:13:43.945 27620 27653 I native-activity: Swap 197 time is 16.716ms
04-13 01:13:43.946 27620 27653 I native-activity: Animating
04-13 01:13:43.960 27620 27653 I native-activity: Frame 198 GL error is 0x0
04-13 01:13:43.960 27620 27653 I native-activity: Frame 198 time is 13.988ms
04-13 01:13:43.962 27620 27653 I native-activity: Swap 198 time is 16.231ms
04-13 01:13:43.962 27620 27653 I native-activity: Animating
04-13 01:13:43.976 27620 27653 I native-activity: Frame 199 GL error is 0x0
04-13 01:13:43.976 27620 27653 I native-activity: Frame 199 time is 13.908ms
04-13 01:13:43.979 27620 27653 I native-activity: Swap 199 time is 16.691ms
04-13 01:13:43.979 27620 27653 I native-activity: Animating
04-13 01:13:43.993 27620 27653 I native-activity: Frame 200 GL error is 0x0
04-13 01:13:43.993 27620 27653 I native-activity: Frame 200 time is 13.784ms
04-13 01:13:43.995 27620 27653 I native-activity: Swap 200 time is 16.173ms
04-13 01:13:43.995 27620 27653 I native-activity: Animating
04-13 01:13:44.010 27620 27653 I native-activity: Frame 201 GL error is 0x0
04-13 01:13:44.010 27620 27653 I native-activity: Frame 201 time is 14.275ms
04-13 01:13:44.013 27620 27653 I native-activity: Swap 201 time is 17.200ms
04-13 01:13:44.013 27620 27653 I native-activity: Animating
04-13 01:13:44.026 27620 27653 I native-activity: Frame 202 GL error is 0x0
04-13 01:13:44.026 27620 27653 I native-activity: Frame 202 time is 12.976ms
04-13 01:13:44.029 27620 27653 I native-activity: Swap 202 time is 15.928ms
04-13 01:13:44.030 27620 27653 I native-activity: Animating
04-13 01:13:44.042 27620 27653 I native-activity: Frame 203 GL error is 0x0
04-13 01:13:44.043 27620 27653 I native-activity: Frame 203 time is 12.808ms
04-13 01:13:44.045 27620 27653 I native-activity: Swap 203 time is 15.367ms
04-13 01:13:44.045 27620 27653 I native-activity: Animating
04-13 01:13:44.060 27620 27653 I native-activity: Frame 204 GL error is 0x0
04-13 01:13:44.060 27620 27653 I native-activity: Frame 204 time is 14.836ms
04-13 01:13:44.063 27620 27653 I native-activity: Swap 204 time is 18.121ms
04-13 01:13:44.064 27620 27653 I native-activity: Animating
04-13 01:13:44.077 27620 27653 I native-activity: Frame 205 GL error is 0x0
04-13 01:13:44.077 27620 27653 I native-activity: Frame 205 time is 12.959ms
04-13 01:13:44.080 27620 27653 I native-activity: Swap 205 time is 16.034ms
04-13 01:13:44.080 27620 27653 I native-activity: Animating
04-13 01:13:44.093 27620 27653 I native-activity: Frame 206 GL error is 0x0
04-13 01:13:44.094 27620 27653 I native-activity: Frame 206 time is 13.922ms
04-13 01:13:44.098 27620 27653 I native-activity: Swap 206 time is 17.478ms
04-13 01:13:44.098 27620 27653 I native-activity: Animating
04-13 01:13:44.111 27620 27653 I native-activity: Frame 207 GL error is 0x0
04-13 01:13:44.111 27620 27653 I native-activity: Frame 207 time is 13.176ms
04-13 01:13:44.115 27620 27653 I native-activity: Swap 207 time is 16.895ms
04-13 01:13:44.115 27620 27653 I native-activity: Animating
04-13 01:13:44.127 27620 27653 I native-activity: Frame 208 GL error is 0x0
04-13 01:13:44.127 27620 27653 I native-activity: Frame 208 time is 12.053ms
04-13 01:13:44.131 27620 27653 I native-activity: Swap 208 time is 16.006ms
04-13 01:13:44.131 27620 27653 I native-activity: Animating
04-13 01:13:44.144 27620 27653 I native-activity: Frame 209 GL error is 0x0
04-13 01:13:44.144 27620 27653 I native-activity: Frame 209 time is 12.775ms
04-13 01:13:44.147 27620 27653 I native-activity: Swap 209 time is 15.553ms
04-13 01:13:44.147 27620 27653 I native-activity: Animating
04-13 01:13:44.130 24946 24946 I Kernel  : [47262.801679].(0)[24946:kworker/0:1]virtual_sensor_thermal_get_temp mtktsbattery t=24000 a=7 o=-9500 w=437
04-13 01:13:44.130 24946 24946 I Kernel  : [47262.801771].(0)[24946:kworker/0:1]virtual_sensor_thermal_get_temp mtkts_bts t=28000 a=15 o=-1000 w=113
04-13 01:13:44.130 24946 24946 I Kernel  : [47262.802204].(0)[24946:kworker/0:1]virtual_sensor_thermal_get_temp mtktspmic t=42874 a=4 o=18000 w=450
04-13 01:13:44.130 24946 24946 I Kernel  : [47262.802248].(0)[24946:kworker/0:1]virtual_sensor_thermal_get_temp mtktswmt t=31000 a=1000 o=-5000 w=0
04-13 01:13:44.161 27620 27653 I native-activity: Frame 210 GL error is 0x0
04-13 01:13:44.161 27620 27653 I native-activity: Frame 210 time is 14.191ms
04-13 01:13:44.164 27620 27653 I native-activity: Swap 210 time is 17.094ms
04-13 01:13:44.164 27620 27653 I native-activity: Animating
04-13 01:13:44.177 27620 27653 I native-activity: Frame 211 GL error is 0x0
04-13 01:13:44.178 27620 27653 I native-activity: Frame 211 time is 13.193ms
04-13 01:13:44.181 27620 27653 I native-activity: Swap 211 time is 16.604ms
04-13 01:13:44.181 27620 27653 I native-activity: Animating
04-13 01:13:44.194 27620 27653 I native-activity: Frame 212 GL error is 0x0
04-13 01:13:44.194 27620 27653 I native-activity: Frame 212 time is 13.123ms
04-13 01:13:44.198 27620 27653 I native-activity: Swap 212 time is 16.331ms
04-13 01:13:44.198 27620 27653 I native-activity: Animating
04-13 01:13:44.180   230 24869 I Kernel  : [47262.859822]-(0)[24869:adbd]dpi vsync
04-13 01:13:44.211 27620 27653 I native-activity: Frame 213 GL error is 0x0
04-13 01:13:44.211 27620 27653 I native-activity: Frame 213 time is 13.520ms
04-13 01:13:44.214 27620 27653 I native-activity: Swap 213 time is 16.229ms
04-13 01:13:44.214 27620 27653 I native-activity: Animating
04-13 01:13:44.228 27620 27653 I native-activity: Frame 214 GL error is 0x0
04-13 01:13:44.228 27620 27653 I native-activity: Frame 214 time is 13.266ms
04-13 01:13:44.230 27620 27653 I native-activity: Swap 214 time is 15.774ms
04-13 01:13:44.230 27620 27653 I native-activity: Animating
04-13 01:13:44.220    82    82 I Kernel  : [47262.896876].(0)[82:mtk charger_hv_]charging_reset_watch_dog_timer
04-13 01:13:44.220    82    82 I Kernel  : [47262.897819].(0)[82:mtk charger_hv_]array_size = 16 
04-13 01:13:44.245 27620 27653 I native-activity: Frame 215 GL error is 0x0
04-13 01:13:44.245 27620 27653 I native-activity: Frame 215 time is 14.518ms
04-13 01:13:44.247 27620 27653 I native-activity: Swap 215 time is 17.011ms
04-13 01:13:44.248 27620 27653 I native-activity: Animating
04-13 01:13:44.262 27620 27653 I native-activity: Frame 216 GL error is 0x0
04-13 01:13:44.262 27620 27653 I native-activity: Frame 216 time is 14.156ms
04-13 01:13:44.265 27620 27653 I native-activity: Swap 216 time is 17.152ms
04-13 01:13:44.265 27620 27653 I native-activity: Animating
04-13 01:13:44.278 27620 27653 I native-activity: Frame 217 GL error is 0x0
04-13 01:13:44.278 27620 27653 I native-activity: Frame 217 time is 13.135ms
04-13 01:13:44.281 27620 27653 I native-activity: Swap 217 time is 16.007ms
04-13 01:13:44.281 27620 27653 I native-activity: Animating
04-13 01:13:44.295 27620 27653 I native-activity: Frame 218 GL error is 0x0
04-13 01:13:44.296 27620 27653 I native-activity: Frame 218 time is 14.231ms
04-13 01:13:44.290 26597 26597 I Kernel  : [47262.961985].(0)[26597:kworker/0:0H]regs_hotplug_callback cpu = 2
04-13 01:13:44.290    15    15 I Kernel  : [47262.962587]-(2)[15:migration/2][Power/hotplug] platform_cpu_disable, cpu: 2
04-13 01:13:44.290    15    15 I Kernel  : [47262.962866]-(2)[15:migration/2]regs_hotplug_callback cpu = 2
04-13 01:13:44.290     0     0 I Kernel  : [47262.962927]-(2)[0:swapper/2][Power/hotplug] platform_cpu_die, cpu: 2
04-13 01:13:44.290 26597 26597 I Kernel  : [47262.963229].(0)[26597:kworker/0:0H]CPU2: shutdown
04-13 01:13:44.290 26597 26597 I Kernel  : [47262.963264].(0)[26597:kworker/0:0H][Power/hotplug] platform_cpu_kill, cpu: 2
04-13 01:13:44.290 26597 26597 I Kernel  : [47262.963856].(0)[26597:kworker/0:0H]regs_hotplug_callback cpu = 2
04-13 01:13:44.290 26597 26597 I Kernel  : [47262.964204].(0)[26597:kworker/0:0H][WDK]cpu 2 plug off, kick wdt
04-13 01:13:44.290 26597 26597 I Kernel  : [47262.964332].(0)[26597:kworker/0:0H]regs_hotplug_callback cpu = 2
04-13 01:13:44.303 27620 27653 I native-activity: Swap 218 time is 21.972ms
04-13 01:13:44.303 27620 27653 I native-activity: Animating
04-13 01:13:44.312 27620 27653 I native-activity: Frame 219 GL error is 0x0
04-13 01:13:44.312 27620 27653 I native-activity: Frame 219 time is 8.122ms
04-13 01:13:44.314 27620 27653 I native-activity: Swap 219 time is 10.900ms
04-13 01:13:44.315 27620 27653 I native-activity: Animating
04-13 01:13:44.331 27620 27653 I native-activity: Frame 220 GL error is 0x0
04-13 01:13:44.332 27620 27653 I native-activity: Frame 220 time is 17.053ms
04-13 01:13:44.333   917  2201 I PackageRecencyUtils: Waiting for idle
04-13 01:13:44.334 27620 27653 I native-activity: Swap 220 time is 19.730ms
04-13 01:13:44.334 27620 27653 I native-activity: Animating
