04-13 01:13:29.157 27548 27566 V native-activity: 		EGL_CONFIG_ID: 15
04-13 01:13:29.157 27548 27566 V native-activity: 		EGL_CONFORMANT: 0
04-13 01:13:29.157 27548 27566 V native-activity: 		EGL_CONFIG_CAVEAT: 12369 EGL_NON_CONFORMANT_CONFIG,
04-13 01:13:29.157 27548 27566 V native-activity: 		EGL_RENDERABLE_TYPE: 5 EGL_OPENGL_ES_BIT, EGL_OPENGL_ES2_BIT,
04-13 01:13:29.157 27548 27566 V native-activity: 		EGL_SURFACE_TYPE: 1543 EGL_MULTISAMPLE_RESOLVE_BOX_BIT, EGL_PBUFFER_BIT, EGL_PIXMAP_BIT, EGL_SWAP_BEHAVIOR_PRESERVED_BIT, EGL_WINDOW_BIT,
04-13 01:13:29.157 27548 27566 V native-activity: 		EGL_LEVEL: 0
04-13 01:13:29.157 27548 27566 V native-activity: 		EGL_COLOR_BUFFER_TYPE: 12430 EGL_RGB_BUFFER,
04-13 01:13:29.157 27548 27566 V native-activity: 		EGL_BUFFER_SIZE: 32
04-13 01:13:29.157 27548 27566 V native-activity: 		EGL_SAMPLES: 16
04-13 01:13:29.157 27548 27566 V native-activity: 		EGL_SAMPLE_BUFFERS: 1
04-13 01:13:29.157 27548 27566 V native-activity: 		EGL_RED_SIZE: 8
04-13 01:13:29.157 27548 27566 V native-activity: 		EGL_GREEN_SIZE: 8
04-13 01:13:29.157 27548 27566 V native-activity: 		EGL_BLUE_SIZE: 8
04-13 01:13:29.157 27548 27566 V native-activity: 		EGL_ALPHA_SIZE: 8
04-13 01:13:29.157 27548 27566 V native-activity: 		EGL_ALPHA_MASK_SIZE: 0
04-13 01:13:29.157   917   943 I Vlog    : Fluidity:cold_launch_time:fgtracking=false;DV;1,key=com.example.sonicdash_stage1/android.app.NativeActivity;DV;1,Timer=313.0;TI;1,unit=ms;DV;1:HI
04-13 01:13:29.157 27548 27566 V native-activity: 		EGL_LUMINANCE_SIZE: 0
04-13 01:13:29.157 27548 27566 V native-activity: 		EGL_TRANSPARENT_TYPE: 12344 EGL_NONE,
04-13 01:13:29.157 27548 27566 V native-activity: 		EGL_TRANSPARENT_RED_VALUE: -1
04-13 01:13:29.157 27548 27566 V native-activity: 		EGL_TRANSPARENT_GREEN_VALUE: -1
04-13 01:13:29.157 27548 27566 V native-activity: 		EGL_TRANSPARENT_BLUE_VALUE: -1
04-13 01:13:29.157   917   943 I ActivityManager: Displayed com.example.sonicdash_stage1/android.app.NativeActivity: +313ms
04-13 01:13:29.157 27548 27566 V native-activity: 		EGL_STENCIL_SIZE: 8
04-13 01:13:29.157 27548 27566 V native-activity: 		EGL_DEPTH_SIZE: 24
04-13 01:13:29.157 27548 27566 V native-activity: 		EGL_BIND_TO_TEXTURE_RGB: 1
04-13 01:13:29.157 27548 27566 V native-activity: 		EGL_BIND_TO_TEXTURE_RGBA: 1
04-13 01:13:29.157 27548 27566 V native-activity: 		EGL_MIN_SWAP_INTERVAL: 0
04-13 01:13:29.157 27548 27566 V native-activity: 		EGL_MAX_SWAP_INTERVAL: 10
04-13 01:13:29.157 27548 27566 V native-activity: 		EGL_MAX_PBUFFER_WIDTH: 4096
04-13 01:13:29.157 27548 27566 V native-activity: 		EGL_MAX_PBUFFER_HEIGHT: 4096
04-13 01:13:29.157 27548 27566 D native-activity: 	Config 0x6000000e index 13
04-13 01:13:29.157 27548 27566 V native-activity: 		EGL_CONFIG_ID: 13
04-13 01:13:29.157 27548 27566 V native-activity: 		EGL_CONFORMANT: 0
04-13 01:13:29.157 27548 27566 V native-activity: 		EGL_CONFIG_CAVEAT: 12369 EGL_NON_CONFORMANT_CONFIG,
04-13 01:13:29.159   917  1055 I LoggerMetricsFactoryImpl: PhoneWindowManager:ActivityChanged:com.example.sonicdash_stage1=1.0;CT;1:NR
04-13 01:13:29.159 27548 27566 V native-activity: 		EGL_RENDERABLE_TYPE: 0
04-13 01:13:29.159 27548 27566 V native-activity: 		EGL_SURFACE_TYPE: 2 EGL_PIXMAP_BIT,
04-13 01:13:29.159 27548 27566 V native-activity: 		EGL_LEVEL: 0
04-13 01:13:29.159 27548 27566 V native-activity: 		EGL_COLOR_BUFFER_TYPE: 12431 EGL_LUMINANCE_BUFFER,
04-13 01:13:29.159 27548 27566 V native-activity: 		EGL_BUFFER_SIZE: 8
04-13 01:13:29.159 27548 27566 V native-activity: 		EGL_SAMPLES: 0
04-13 01:13:29.159 27548 27566 V native-activity: 		EGL_SAMPLE_BUFFERS: 0
04-13 01:13:29.159 27548 27566 V native-activity: 		EGL_RED_SIZE: 0
04-13 01:13:29.159 27548 27566 V native-activity: 		EGL_GREEN_SIZE: 0
04-13 01:13:29.159 27548 27566 V native-activity: 		EGL_BLUE_SIZE: 0
04-13 01:13:29.159 27548 27566 V native-activity: 		EGL_ALPHA_SIZE: 0
04-13 01:13:29.159 27548 27566 V native-activity: 		EGL_ALPHA_MASK_SIZE: 0
04-13 01:13:29.159 27548 27566 V native-activity: 		EGL_LUMINANCE_SIZE: 8
04-13 01:13:29.159 27548 27566 V native-activity: 		EGL_TRANSPARENT_TYPE: 12344 EGL_NONE,
04-13 01:13:29.159 27548 27566 V native-activity: 		EGL_TRANSPARENT_RED_VALUE: -1
04-13 01:13:29.159 27548 27566 V native-activity: 		EGL_TRANSPARENT_GREEN_VALUE: -1
04-13 01:13:29.159 27548 27566 V native-activity: 		EGL_TRANSPARENT_BLUE_VALUE: -1
04-13 01:13:29.159 27548 27566 V native-activity: 		EGL_STENCIL_SIZE: 0
04-13 01:13:29.160 27548 27566 V native-activity: 		EGL_DEPTH_SIZE: 0
04-13 01:13:29.160 27548 27566 V native-activity: 		EGL_BIND_TO_TEXTURE_RGB: 0
04-13 01:13:29.160 27548 27566 V native-activity: 		EGL_BIND_TO_TEXTURE_RGBA: 0
04-13 01:13:29.160 27548 27566 V native-activity: 		EGL_MIN_SWAP_INTERVAL: 0
04-13 01:13:29.160 27548 27566 V native-activity: 		EGL_MAX_SWAP_INTERVAL: 0
04-13 01:13:29.160 27548 27566 V native-activity: 		EGL_MAX_PBUFFER_WIDTH: 0
04-13 01:13:29.160 27548 27566 V native-activity: 		EGL_MAX_PBUFFER_HEIGHT: 0
04-13 01:13:29.160 27548 27566 D native-activity: 	Config 0x6000000f index 14
04-13 01:13:29.160 27548 27566 V native-activity: 		EGL_CONFIG_ID: 14
04-13 01:13:29.160 27548 27566 V native-activity: 		EGL_CONFORMANT: 0
04-13 01:13:29.160 27548 27566 V native-activity: 		EGL_CONFIG_CAVEAT: 12369 EGL_NON_CONFORMANT_CONFIG,
04-13 01:13:29.160 27548 27566 V native-activity: 		EGL_RENDERABLE_TYPE: 0
04-13 01:13:29.160 27548 27566 V native-activity: 		EGL_SURFACE_TYPE: 2 EGL_PIXMAP_BIT,
04-13 01:13:29.160 27548 27566 V native-activity: 		EGL_LEVEL: 0
04-13 01:13:29.160 27548 27566 V native-activity: 		EGL_COLOR_BUFFER_TYPE: 12431 EGL_LUMINANCE_BUFFER,
04-13 01:13:29.160 27548 27566 V native-activity: 		EGL_BUFFER_SIZE: 16
04-13 01:13:29.160 27548 27566 V native-activity: 		EGL_SAMPLES: 0
04-13 01:13:29.160 27548 27566 V native-activity: 		EGL_SAMPLE_BUFFERS: 0
04-13 01:13:29.160 27548 27566 V native-activity: 		EGL_RED_SIZE: 0
04-13 01:13:29.160 27548 27566 V native-activity: 		EGL_GREEN_SIZE: 0
04-13 01:13:29.160 27548 27566 V native-activity: 		EGL_BLUE_SIZE: 0
04-13 01:13:29.160 27548 27566 V native-activity: 		EGL_ALPHA_SIZE: 8
04-13 01:13:29.160 27548 27566 V native-activity: 		EGL_ALPHA_MASK_SIZE: 0
04-13 01:13:29.160 27548 27566 V native-activity: 		EGL_LUMINANCE_SIZE: 8
04-13 01:13:29.160 27548 27566 V native-activity: 		EGL_TRANSPARENT_TYPE: 12344 EGL_NONE,
04-13 01:13:29.160 27548 27566 V native-activity: 		EGL_TRANSPARENT_RED_VALUE: -1
04-13 01:13:29.160 27548 27566 V native-activity: 		EGL_TRANSPARENT_GREEN_VALUE: -1
04-13 01:13:29.160 27548 27566 V native-activity: 		EGL_TRANSPARENT_BLUE_VALUE: -1
04-13 01:13:29.160 27548 27566 V native-activity: 		EGL_STENCIL_SIZE: 0
04-13 01:13:29.160 27548 27566 V native-activity: 		EGL_DEPTH_SIZE: 0
04-13 01:13:29.160 27548 27566 V native-activity: 		EGL_BIND_TO_TEXTURE_RGB: 0
04-13 01:13:29.160 27548 27566 V native-activity: 		EGL_BIND_TO_TEXTURE_RGBA: 0
04-13 01:13:29.160 27548 27566 V native-activity: 		EGL_MIN_SWAP_INTERVAL: 0
04-13 01:13:29.160 27548 27566 V native-activity: 		EGL_MAX_SWAP_INTERVAL: 0
04-13 01:13:29.160 27548 27566 V native-activity: 		EGL_MAX_PBUFFER_WIDTH: 0
04-13 01:13:29.160 27548 27566 V native-activity: 		EGL_MAX_PBUFFER_HEIGHT: 0
04-13 01:13:29.160 27548 27566 D native-activity: 	Config 0x60000010 index 15
04-13 01:13:29.160 27548 27566 V native-activity: 		EGL_CONFIG_ID: 29
04-13 01:13:29.160 27548 27566 V native-activity: 		EGL_CONFORMANT: 5 EGL_OPENGL_ES_BIT, EGL_OPENGL_ES2_BIT,
04-13 01:13:29.160 27548 27566 V native-activity: 		EGL_CONFIG_CAVEAT: 12344 EGL_NONE,
04-13 01:13:29.160 27548 27566 V native-activity: 		EGL_RENDERABLE_TYPE: 5 EGL_OPENGL_ES_BIT, EGL_OPENGL_ES2_BIT,
04-13 01:13:29.160 27548 27566 V native-activity: 		EGL_SURFACE_TYPE: 1031 EGL_PBUFFER_BIT, EGL_PIXMAP_BIT, EGL_SWAP_BEHAVIOR_PRESERVED_BIT, EGL_WINDOW_BIT,
04-13 01:13:29.160 27548 27566 V native-activity: 		EGL_LEVEL: 0
04-13 01:13:29.160 27548 27566 V native-activity: 		EGL_COLOR_BUFFER_TYPE: 12430 EGL_RGB_BUFFER,
04-13 01:13:29.160 27548 27566 V native-activity: 		EGL_BUFFER_SIZE: 16
04-13 01:13:29.160 27548 27566 V native-activity: 		EGL_SAMPLES: 0
04-13 01:13:29.161 27548 27566 V native-activity: 		EGL_SAMPLE_BUFFERS: 0
04-13 01:13:29.161 27548 27566 V native-activity: 		EGL_RED_SIZE: 5
04-13 01:13:29.161 27548 27566 V native-activity: 		EGL_GREEN_SIZE: 6
04-13 01:13:29.161 27548 27566 V native-activity: 		EGL_BLUE_SIZE: 5
04-13 01:13:29.161 27548 27566 V native-activity: 		EGL_ALPHA_SIZE: 0
04-13 01:13:29.161 27548 27566 V native-activity: 		EGL_ALPHA_MASK_SIZE: 0
04-13 01:13:29.161 27548 27566 V native-activity: 		EGL_LUMINANCE_SIZE: 0
04-13 01:13:29.161 27548 27566 V native-activity: 		EGL_TRANSPARENT_TYPE: 12344 EGL_NONE,
04-13 01:13:29.161 27548 27566 V native-activity: 		EGL_TRANSPARENT_RED_VALUE: -1
04-13 01:13:29.161 27548 27566 V native-activity: 		EGL_TRANSPARENT_GREEN_VALUE: -1
04-13 01:13:29.161 27548 27566 V native-activity: 		EGL_TRANSPARENT_BLUE_VALUE: -1
04-13 01:13:29.161 27548 27566 V native-activity: 		EGL_STENCIL_SIZE: 0
04-13 01:13:29.161 27548 27566 V native-activity: 		EGL_DEPTH_SIZE: 0
04-13 01:13:29.161 27548 27566 V native-activity: 		EGL_BIND_TO_TEXTURE_RGB: 1
04-13 01:13:29.161 27548 27566 V native-activity: 		EGL_BIND_TO_TEXTURE_RGBA: 0
04-13 01:13:29.161 27548 27566 V native-activity: 		EGL_MIN_SWAP_INTERVAL: 0
04-13 01:13:29.161 27548 27566 V native-activity: 		EGL_MAX_SWAP_INTERVAL: 10
04-13 01:13:29.161 27548 27566 V native-activity: 		EGL_MAX_PBUFFER_WIDTH: 4096
04-13 01:13:29.161 27548 27566 V native-activity: 		EGL_MAX_PBUFFER_HEIGHT: 4096
04-13 01:13:29.161 27548 27566 D native-activity: 	Config 0x60000011 index 16
04-13 01:13:29.161 27548 27566 V native-activity: 		EGL_CONFIG_ID: 30
04-13 01:13:29.161 27548 27566 V native-activity: 		EGL_CONFORMANT: 5 EGL_OPENGL_ES_BIT, EGL_OPENGL_ES2_BIT,
04-13 01:13:29.161 27548 27566 V native-activity: 		EGL_CONFIG_CAVEAT: 12344 EGL_NONE,
04-13 01:13:29.161 27548 27566 V native-activity: 		EGL_RENDERABLE_TYPE: 5 EGL_OPENGL_ES_BIT, EGL_OPENGL_ES2_BIT,
04-13 01:13:29.161 27548 27566 V native-activity: 		EGL_CONFORMANT: 5 EGL_OPENGL_ES_BIT, EGL_OPENGL_ES2_BIT,
04-13 01:13:29.162 27548 27566 V native-activity: 		EGL_SAMPLE_BUFFERS: 0
04-13 01:13:29.162 27548 27566 V native-activity: 		EGL_GREEN_SIZE: 8
04-13 01:13:29.165 27548 27566 V native-activity: 		EGL_LEVEL: 0
04-13 01:13:29.165 27548 27566 V native-activity: 		EGL_SAMPLES: 0
04-13 01:13:29.165 27548 27566 V native-activity: 		EGL_RED_SIZE: 8
04-13 01:13:29.165 27548 27566 V native-activity: 		EGL_BLUE_SIZE: 8
04-13 01:13:29.165 27548 27566 V native-activity: 		EGL_ALPHA_MASK_SIZE: 0
04-13 01:13:29.165 27548 27566 V native-activity: 		EGL_LUMINANCE_SIZE: 0
04-13 01:13:29.165 27548 27566 V native-activity: 		EGL_TRANSPARENT_RED_VALUE: -1
04-13 01:13:29.165 27548 27566 V native-activity: 		EGL_TRANSPARENT_BLUE_VALUE: -1
04-13 01:13:29.165 27548 27566 V native-activity: 		EGL_STENCIL_SIZE: 8
04-13 01:13:29.165 27548 27566 V native-activity: 		EGL_BIND_TO_TEXTURE_RGB: 1
04-13 01:13:29.165 27548 27566 V native-activity: 		EGL_MIN_SWAP_INTERVAL: 0
04-13 01:13:29.165 27548 27566 V native-activity: 		EGL_MAX_PBUFFER_WIDTH: 4096
04-13 01:13:29.166 27548 27566 V native-activity: 		EGL_MAX_PBUFFER_HEIGHT: 4096
04-13 01:13:29.166 27548 27566 D native-activity: Examining config 0x60000001
04-13 01:13:29.166 27548 27566 D native-activity: Comparing requested attrib 12339 value 4 to 1031
04-13 01:13:29.166 27548 27566 D native-activity: Comparing requested attrib 12322 value 8 to 5
04-13 01:13:29.166 27548 27566 D native-activity: Comparing requested attrib 12339 value 4 to 1543
04-13 01:13:29.166 27548 27566 D native-activity: Comparing requested attrib 12352 value 4 to 5
04-13 01:13:29.166 27548 27566 D native-activity: Comparing requested attrib 12322 value 8 to 5
04-13 01:13:29.166 27548 27566 D native-activity: Comparing requested attrib 12339 value 4 to 1543
04-13 01:13:29.166 27548 27566 D native-activity: Comparing requested attrib 12352 value 4 to 5
04-13 01:13:29.166 27548 27566 D native-activity: Examining config 0x60000004
04-13 01:13:29.166 27548 27566 D native-activity: Examining config 0x60000005
04-13 01:13:29.166 27548 27566 D native-activity: Comparing requested attrib 12339 value 4 to 1025
04-13 01:13:29.166 27548 27566 D native-activity: Comparing requested attrib 12339 value 4 to 1025
04-13 01:13:29.166 27548 27566 D native-activity: Comparing requested attrib 12339 value 4 to 1025
04-13 01:13:29.167 27548 27566 D native-activity: Comparing requested attrib 12325 value 16 to 24
04-13 01:13:29.167 27548 27566 D native-activity: Comparing requested attrib 12339 value 4 to 1543
04-13 01:13:29.167 27548 27566 D native-activity: Comparing requested attrib 12352 value 4 to 5
04-13 01:13:29.167 27548 27566 D native-activity: Comparing requested attrib 12322 value 8 to 8
04-13 01:13:29.167 27548 27566 D native-activity: Comparing requested attrib 12323 value 8 to 8
04-13 01:13:29.167 27548 27566 D native-activity: Comparing requested attrib 12321 value 8 to 8
04-13 01:13:29.167 27548 27566 D native-activity: Examining config 0x60000012
04-13 01:13:29.167 27548 27566 D native-activity: Comparing requested attrib 12352 value 4 to 5
04-13 01:13:29.167 27548 27566 D native-activity: Comparing requested attrib 12322 value 8 to 8
04-13 01:13:29.167 27548 27566 D native-activity: Comparing requested attrib 12324 value 8 to 8
04-13 01:13:29.167 27548 27566 D native-activity: Comparing requested attrib 12321 value 8 to 0
04-13 01:13:29.168 27548 27566 D native-activity: Comparing requested attrib 12339 value 4 to 1031
04-13 01:13:29.168 27548 27566 D native-activity: Comparing requested attrib 12352 value 4 to 5
04-13 01:13:29.168 27548 27566 D native-activity: Comparing requested attrib 12323 value 8 to 8
04-13 01:13:29.168 27548 27566 D native-activity: Comparing requested attrib 12324 value 8 to 8
04-13 01:13:29.168 27548 27566 D native-activity: Comparing requested attrib 12321 value 8 to 0
04-13 01:13:29.168 27548 27566 D native-activity: Comparing requested attrib 12339 value 4 to 1031
04-13 01:13:29.168 27548 27566 D native-activity: Comparing requested attrib 12352 value 4 to 5
04-13 01:13:29.168 27548 27566 D native-activity: Comparing requested attrib 12323 value 8 to 8
04-13 01:13:29.168 27548 27566 D native-activity: Comparing requested attrib 12324 value 8 to 8
04-13 01:13:29.168 27548 27566 D native-activity: Comparing requested attrib 12321 value 8 to 8
04-13 01:13:29.168 27548 27566 D native-activity: Examining config 0x60000015
04-13 01:13:29.168 27548 27566 D native-activity: Comparing requested attrib 12339 value 4 to 1031
04-13 01:13:29.168 27548 27566 D native-activity: Comparing requested attrib 12322 value 8 to 8
04-13 01:13:29.168 27548 27566 D native-activity: Comparing requested attrib 12323 value 8 to 8
04-13 01:13:29.168 27548 27566 D native-activity: Comparing requested attrib 12324 value 8 to 8
04-13 01:13:29.168 27548 27566 D native-activity: Comparing requested attrib 12321 value 8 to 8
04-13 01:13:29.168 27548 27566 D native-activity: Examining config 0x60000016
04-13 01:13:29.168 27548 27566 D native-activity: Comparing requested attrib 12339 value 4 to 1031
04-13 01:13:29.168 27548 27566 D native-activity: Comparing requested attrib 12322 value 8 to 8
04-13 01:13:29.168 27548 27566 D native-activity: Comparing requested attrib 12323 value 8 to 8
04-13 01:13:29.168 27548 27566 D native-activity: Comparing requested attrib 12324 value 8 to 8
04-13 01:13:29.171 27548 27566 D native-activity: Comparing requested attrib 12321 value 8 to 0
04-13 01:13:29.171 27548 27566 D native-activity: Examining config 0x60000017
04-13 01:13:29.171 27548 27566 D native-activity: Comparing requested attrib 12339 value 4 to 1028
04-13 01:13:29.171 27548 27566 D native-activity: Comparing requested attrib 12352 value 4 to 5
04-13 01:13:29.171 27548 27566 D native-activity: Comparing requested attrib 12322 value 8 to 8
04-13 01:13:29.171 27548 27566 D native-activity: Comparing requested attrib 12323 value 8 to 8
04-13 01:13:29.171 27548 27566 D native-activity: Comparing requested attrib 12324 value 8 to 8
04-13 01:13:29.171 27548 27566 D native-activity: Comparing requested attrib 12321 value 8 to 8
04-13 01:13:29.171 27548 27566 D native-activity: Comparing requested attrib 12325 value 16 to 24
04-13 01:13:29.171 27548 27566 W native-activity: Couldn't find an exact config match, trying eglChooseConfig
04-13 01:13:29.171 27548 27566 I native-activity: Using config 0x6000000a of 6 configs
04-13 01:13:29.171 27548 27566 I native-activity: 		EGL_CONFIG_ID: 9
04-13 01:13:29.171 27548 27566 I native-activity: 		EGL_CONFORMANT: 5 EGL_OPENGL_ES_BIT, EGL_OPENGL_ES2_BIT,
04-13 01:13:29.171 27548 27566 I native-activity: 		EGL_CONFIG_CAVEAT: 12344 EGL_NONE,
04-13 01:13:29.171 27548 27566 I native-activity: 		EGL_RENDERABLE_TYPE: 5 EGL_OPENGL_ES_BIT, EGL_OPENGL_ES2_BIT,
04-13 01:13:29.171 27548 27566 I native-activity: 		EGL_SURFACE_TYPE: 1031 EGL_PBUFFER_BIT, EGL_PIXMAP_BIT, EGL_SWAP_BEHAVIOR_PRESERVED_BIT, EGL_WINDOW_BIT,
04-13 01:13:29.171 27548 27566 I native-activity: 		EGL_LEVEL: 0
04-13 01:13:29.171 27548 27566 I native-activity: 		EGL_COLOR_BUFFER_TYPE: 12430 EGL_RGB_BUFFER,
04-13 01:13:29.171 27548 27566 I native-activity: 		EGL_BUFFER_SIZE: 32
04-13 01:13:29.171 27548 27566 I native-activity: 		EGL_SAMPLES: 0
04-13 01:13:29.171 27548 27566 I native-activity: 		EGL_SAMPLE_BUFFERS: 0
04-13 01:13:29.171 27548 27566 I native-activity: 		EGL_RED_SIZE: 8
04-13 01:13:29.171 27548 27566 I native-activity: 		EGL_GREEN_SIZE: 8
04-13 01:13:29.171 27548 27566 I native-activity: 		EGL_BLUE_SIZE: 8
04-13 01:13:29.171 27548 27566 I native-activity: 		EGL_ALPHA_SIZE: 8
04-13 01:13:29.171 27548 27566 I native-activity: 		EGL_ALPHA_MASK_SIZE: 0
04-13 01:13:29.171 27548 27566 I native-activity: 		EGL_LUMINANCE_SIZE: 0
04-13 01:13:29.171 27548 27566 I native-activity: 		EGL_TRANSPARENT_TYPE: 12344 EGL_NONE,
04-13 01:13:29.171 27548 27566 I native-activity: 		EGL_TRANSPARENT_RED_VALUE: -1
04-13 01:13:29.171 27548 27566 I native-activity: 		EGL_TRANSPARENT_GREEN_VALUE: -1
04-13 01:13:29.171 27548 27566 I native-activity: 		EGL_TRANSPARENT_BLUE_VALUE: -1
04-13 01:13:29.171 27548 27566 I native-activity: 		EGL_STENCIL_SIZE: 8
04-13 01:13:29.171 27548 27566 I native-activity: 		EGL_DEPTH_SIZE: 24
04-13 01:13:29.171 27548 27566 I native-activity: 		EGL_BIND_TO_TEXTURE_RGB: 1
04-13 01:13:29.171 27548 27566 I native-activity: 		EGL_BIND_TO_TEXTURE_RGBA: 1
04-13 01:13:29.171 27548 27566 I native-activity: 		EGL_MIN_SWAP_INTERVAL: 0
04-13 01:13:29.171 27548 27566 I native-activity: 		EGL_MAX_SWAP_INTERVAL: 10
04-13 01:13:29.171 27548 27566 I native-activity: 		EGL_MAX_PBUFFER_WIDTH: 4096
04-13 01:13:29.171 27548 27566 I native-activity: 		EGL_MAX_PBUFFER_HEIGHT: 4096
04-13 01:13:29.171 27548 27566 I native-activity: Creating pbuffer surface as pbuffer_bit is set
04-13 01:13:29.172 27548 27566 I native-activity: EGL Surface 0xb91ac6a0 information
04-13 01:13:29.172 27548 27566 I native-activity: 		EGL_CONFIG_ID: 9
04-13 01:13:29.172 27548 27566 I native-activity: 		EGL_WIDTH: 720
04-13 01:13:29.172 27548 27566 I native-activity: 		EGL_HEIGHT: 1280
04-13 01:13:29.172 27548 27566 I native-activity: 		EGL_HORIZONTAL_RESOLUTION: -1 EGL_UNKNOWN,
04-13 01:13:29.172 27548 27566 I native-activity: 		EGL_VERTICAL_RESOLUTION: -1 EGL_UNKNOWN,
04-13 01:13:29.172 27548 27566 I native-activity: 		EGL_PIXEL_ASPECT_RATIO: -1 EGL_UNKNOWN,
04-13 01:13:29.172 27548 27566 I native-activity: 		EGL_RENDER_BUFFER: 12420 EGL_BACK_BUFFER,
04-13 01:13:29.172 27548 27566 I native-activity: 		EGL_MIPMAP_TEXTURE: 0
04-13 01:13:29.172 27548 27566 I native-activity: 		EGL_TEXTURE_FORMAT: 12380 EGL_NO_TEXTURE,
04-13 01:13:29.173 27548 27566 I native-activity: 		EGL_TEXTURE_TARGET: 12380 EGL_NO_TEXTURE,
04-13 01:13:29.173 27548 27566 I native-activity: 		EGL_SWAP_BEHAVIOR: 12437 EGL_BUFFER_DESTROYED,
04-13 01:13:29.173 27548 27566 I native-activity: 		EGL_MULTISAMPLE_RESOLVE: 12442 EGL_MULTISAMPLE_RESOLVE_DEFAULT,
04-13 01:13:29.173 27548 27566 I native-activity: Created context 0xb91b9610, error 0x3000
04-13 01:13:29.173 27548 27566 I native-activity: 		EGL_CONFIG_ID: 9
04-13 01:13:29.173 27548 27566 I native-activity: 		EGL_CONTEXT_CLIENT_TYPE: 12448 EGL_OPENGL_ES_API,
04-13 01:13:29.173 27548 27566 I native-activity: 		EGL_CONTEXT_CLIENT_VERSION: 2
04-13 01:13:29.173 27548 27566 I native-activity: 		EGL_RENDER_BUFFER: 12344 EGL_NONE,
04-13 01:13:29.173 27548 27566 I native-activity: Context 0xb91b9610 made current on surface 0xb91ac6a0, error 0x3000
04-13 01:13:29.173 27548 27566 I native-activity: GL information
04-13 01:13:29.173 27548 27566 I native-activity: 	Renderer: Mali-450 MP
04-13 01:13:29.174 27548 27566 I native-activity: 	Vendor: ARM
04-13 01:13:29.174 27548 27566 I native-activity: 	Version: OpenGL ES 2.0
04-13 01:13:29.174 27548 27566 I native-activity: 	Shading Language: OpenGL ES GLSL ES 1.00
04-13 01:13:29.174 27548 27566 I native-activity: 	Extensions: GL_EXT_debug_marker GL_OES_texture_npot GL_OES_compressed_ETC1_RGB8_texture GL_OES_standard_derivatives GL_OES_EGL_image GL_OES_depth24 GL_ARM_rgba8 GL_ARM_mali_shader_binary GL_OES_depth_texture GL_OES_packed_depth_stencil GL_EXT_texture_format_BGRA8888 GL_OES_vertex_half_float GL_EXT_blend_minmax GL_OES_EGL_image_external GL_OES_EGL_sync GL_OES_rgb8_rgba8 GL_EXT_multisampled_render_to_texture GL_EXT_discard_framebuffer GL_OES_get_program_binary GL_ARM_mali_program_binary GL_EXT_shader_texture_lod GL_EXT_robustness GL_OES_depth_texture_cube_map GL_KHR_debug 
04-13 01:13:29.174 27548 27566 W MALI    : _gles_set_error:84: [WARNING]Mali GLES errorcode: 500 (next several errors will be ignored to avoid flood)
04-13 01:13:29.190    82    82 I Kernel  : [47247.867409].(0)[82:mtk charger_hv_]charging_reset_watch_dog_timer
04-13 01:13:29.190    82    82 I Kernel  : [47247.868440].(0)[82:mtk charger_hv_]array_size = 16 
04-13 01:13:29.219 27548 27566 I native-activity: Context 0xb91b9610 made current on surface 0xb91ac6a0, error 0x3000
04-13 01:13:29.219 27548 27566 I native-activity: GL information
04-13 01:13:29.219 27548 27566 I native-activity: 	Renderer: Mali-450 MP
04-13 01:13:29.219 27548 27566 I native-activity: 	Vendor: ARM
04-13 01:13:29.219 27548 27566 I native-activity: 	Version: OpenGL ES 2.0
04-13 01:13:29.219 27548 27566 I native-activity: 	Shading Language: OpenGL ES GLSL ES 1.00
04-13 01:13:29.219 27548 27566 I native-activity: 	Extensions: GL_EXT_debug_marker GL_OES_texture_npot GL_OES_compressed_ETC1_RGB8_texture GL_OES_standard_derivatives GL_OES_EGL_image GL_OES_depth24 GL_ARM_rgba8 GL_ARM_mali_shader_binary GL_OES_depth_texture GL_OES_packed_depth_stencil GL_EXT_texture_format_BGRA8888 GL_OES_vertex_half_float GL_EXT_blend_minmax GL_OES_EGL_image_external GL_OES_EGL_sync GL_OES_rgb8_rgba8 GL_EXT_multisampled_render_to_texture GL_EXT_discard_framebuffer GL_OES_get_program_binary GL_ARM_mali_program_binary GL_EXT_shader_texture_lod GL_EXT_robustness GL_OES_depth_texture_cube_map GL_KHR_debug 
04-13 01:13:29.238   143 13904 I [MALI][Gralloc]: usage0: 0xf02, format7: 1 stride2: 608 vertical_stride6: 976 size: 2373632
04-13 01:13:29.239  1787  2848 I MaliEGL : [Mali]window_type=1, is_framebuffer=0, errnum = 0
04-13 01:13:29.239  1787  2848 I MaliEGL : [Mali]surface->num_buffers=4, surface->num_frames=3, win_min_undequeued=1
04-13 01:13:29.239  1787  2848 I MaliEGL : [Mali]max_allowed_dequeued_buffers=3
04-13 01:13:29.241   143  2965 I [MALI][Gralloc]: usage0: 0xf02, format7: 1 stride2: 976 vertical_stride6: 600 size: 2342400
04-13 01:13:29.250 27548 27566 I native-activity: Frame 0 GL error is 0x500
04-13 01:13:29.250 27548 27566 I native-activity: Frame 0 time is 77.465ms
04-13 01:13:29.250 27548 27566 I native-activity: Swap 0 time is 77.622ms
04-13 01:13:29.251   917  1762 D Sensors : hwm__set_delay: Set delay 1000000 ns
04-13 01:13:29.251   917  1762 D Sensors : Control set delay 1000000 ns is too small 
04-13 01:13:29.240   917  1762 I Kernel  : [47247.912995].(2)[1762:Binder_4]<HWMSEN> ioctl delay handle=0,delay =10
04-13 01:13:29.240   917  1762 I Kernel  : [47247.915372][Gsensor] KXTJ2_1009_SetPowerMode 0!
04-13 01:13:29.250   917  1762 I Kernel  : [Gsensor] KXTJ2_1009_SetPowerMode 1!
04-13 01:13:29.250   917  1762 I Kernel  : KXTJ2_1009_SetBWRate OK! 
04-13 01:13:29.250   917  1762 I Kernel  : [47247.927370].(2)[1762:Binder_4]<HWMSEN> update_workqueue_polling_rate
04-13 01:13:29.250   917  1762 I Kernel  : [47247.927393].(2)[1762:Binder_4]<HWMSEN> set old fastest sensor delay as workqueue base time=10
04-13 01:13:29.250   917  1762 I Kernel  : [47247.927408].(2)[1762:Binder_4]<HWMSEN> update_workqueue_polling_rate,set delayCountSet=0 delay =10 handle=0
04-13 01:13:29.266   917  1763 D Sensors : hwm__set_delay: Set delay 16000000 ns
04-13 01:13:29.250   917  1763 I Kernel  : [47247.928265].(0)[1763:Binder_5]<HWMSEN> ioctl delay handle=0,delay =16
04-13 01:13:29.250   917  1763 I Kernel  : [47247.929398][Gsensor] KXTJ2_1009_SetPowerMode 0!
04-13 01:13:29.260   917  1763 I Kernel  : [Gsensor] KXTJ2_1009_SetPowerMode 1!
04-13 01:13:29.282 27548 27566 I native-activity: Animating
04-13 01:13:29.282 27548 27566 I native-activity: Frame 1 GL error is 0x0
04-13 01:13:29.283 27548 27566 I native-activity: Frame 1 time is 0.192ms
04-13 01:13:29.283 27548 27566 I native-activity: Swap 1 time is 0.263ms
04-13 01:13:29.283 27548 27566 I native-activity: Animating
04-13 01:13:29.283 27548 27566 I native-activity: Frame 2 GL error is 0x0
04-13 01:13:29.283 27548 27566 I native-activity: Frame 2 time is 0.176ms
04-13 01:13:29.283 27548 27566 I native-activity: Swap 2 time is 0.230ms
04-13 01:13:29.283 27548 27566 I native-activity: Animating
04-13 01:13:29.283 27548 27566 I native-activity: Context 0xb91b9610 made current on surface 0xb91ac6a0, error 0x3000
04-13 01:13:29.283 27548 27566 I native-activity: GL information
04-13 01:13:29.283 27548 27566 I native-activity: 	Renderer: Mali-450 MP
04-13 01:13:29.283 27548 27566 I native-activity: 	Vendor: ARM
04-13 01:13:29.283 27548 27566 I native-activity: 	Version: OpenGL ES 2.0
04-13 01:13:29.283 27548 27566 I native-activity: 	Shading Language: OpenGL ES GLSL ES 1.00
04-13 01:13:29.283 27548 27566 I native-activity: 	Extensions: GL_EXT_debug_marker GL_OES_texture_npot GL_OES_compressed_ETC1_RGB8_texture GL_OES_standard_derivatives GL_OES_EGL_image GL_OES_depth24 GL_ARM_rgba8 GL_ARM_mali_shader_binary GL_OES_depth_texture GL_OES_packed_depth_stencil GL_EXT_texture_format_BGRA8888 GL_OES_vertex_half_float GL_EXT_blend_minmax GL_OES_EGL_image_external GL_OES_EGL_sync GL_OES_rgb8_rgba8 GL_EXT_multisampled_render_to_texture GL_EXT_discard_framebuffer GL_OES_get_program_binary GL_ARM_mali_program_binary GL_EXT_shader_texture_lod GL_EXT_robustness GL_OES_depth_texture_cube_map GL_KHR_debug 
04-13 01:13:29.283 27548 27566 I native-activity: Frame 3 GL error is 0x501
04-13 01:13:29.283 27548 27566 I native-activity: Frame 3 time is 0.274ms
04-13 01:13:29.283 27548 27566 I native-activity: Swap 3 time is 0.327ms
04-13 01:13:29.283 27548 27566 I native-activity: Animating
04-13 01:13:29.270   917  1763 I Kernel  : KXTJ2_1009_SetBWRate OK! 
04-13 01:13:29.270   917  1763 I Kernel  : [47247.943868].(0)[1763:Binder_5]<HWMSEN> update_workqueue_polling_rate
04-13 01:13:29.270   917  1763 I Kernel  : [47247.943885].(0)[1763:Binder_5]<HWMSEN> set old fastest sensor delay as workqueue base time=16
04-13 01:13:29.270   917  1763 I Kernel  : [47247.943900].(0)[1763:Binder_5]<HWMSEN> update_workqueue_polling_rate,set delayCountSet=0 delay =16 handle=0
04-13 01:13:29.358 27548 27566 I native-activity: Frame 4 GL error is 0x500
04-13 01:13:29.358 27548 27566 I native-activity: Frame 4 time is 75.119ms
04-13 01:13:29.359 27548 27566 I native-activity: Swap 4 time is 75.207ms
04-13 01:13:29.359 27548 27566 I native-activity: Animating
04-13 01:13:29.359 27548 27566 I native-activity: Frame 5 GL error is 0x0
04-13 01:13:29.359 27548 27566 I native-activity: Frame 5 time is 0.144ms
04-13 01:13:29.359 27548 27566 I native-activity: Swap 5 time is 0.189ms
04-13 01:13:29.359 27548 27566 I native-activity: Animating
04-13 01:13:29.359 27548 27566 I native-activity: Frame 6 GL error is 0x0
04-13 01:13:29.359 27548 27566 I native-activity: Frame 6 time is 0.130ms
04-13 01:13:29.359 27548 27566 I native-activity: Swap 6 time is 0.169ms
04-13 01:13:29.359 27548 27566 I native-activity: Animating
04-13 01:13:29.359 27548 27566 I native-activity: Frame 7 GL error is 0x0
04-13 01:13:29.359 27548 27566 I native-activity: Frame 7 time is 0.103ms
04-13 01:13:29.359 27548 27566 I native-activity: Swap 7 time is 0.149ms
04-13 01:13:29.359 27548 27566 I native-activity: Animating
04-13 01:13:29.359 27548 27566 I native-activity: Frame 8 GL error is 0x0
04-13 01:13:29.360 27548 27566 I native-activity: Frame 8 time is 0.915ms
04-13 01:13:29.360 27548 27566 I native-activity: Swap 8 time is 0.999ms
04-13 01:13:29.360 27548 27566 I native-activity: Animating
04-13 01:13:29.360 27548 27566 I native-activity: Frame 9 GL error is 0x0
04-13 01:13:29.361 27548 27566 I native-activity: Frame 9 time is 0.175ms
04-13 01:13:29.361 27548 27566 I native-activity: Swap 9 time is 0.225ms
04-13 01:13:29.361 27548 27566 I native-activity: Animating
04-13 01:13:29.361 27548 27566 I native-activity: Frame 10 GL error is 0x0
04-13 01:13:29.361 27548 27566 I native-activity: Frame 10 time is 0.139ms
04-13 01:13:29.361 27548 27566 I native-activity: Swap 10 time is 0.183ms
04-13 01:13:29.361 27548 27566 I native-activity: Animating
04-13 01:13:29.361 27548 27566 I native-activity: Frame 11 GL error is 0x0
04-13 01:13:29.361 27548 27566 I native-activity: Frame 11 time is 0.145ms
04-13 01:13:29.361 27548 27566 I native-activity: Swap 11 time is 0.185ms
04-13 01:13:29.361 27548 27566 I native-activity: Animating
04-13 01:13:29.361 27548 27566 I native-activity: Frame 12 GL error is 0x0
04-13 01:13:29.361 27548 27566 I native-activity: Frame 12 time is 0.107ms
04-13 01:13:29.361 27548 27566 I native-activity: Swap 12 time is 0.149ms
04-13 01:13:29.361 27548 27566 I native-activity: Animating
04-13 01:13:29.361 27548 27566 I native-activity: Frame 13 GL error is 0x0
04-13 01:13:29.361 27548 27566 I native-activity: Frame 13 time is 0.139ms
04-13 01:13:29.361 27548 27566 I native-activity: Swap 13 time is 0.185ms
04-13 01:13:29.362 27548 27566 I native-activity: Animating
04-13 01:13:29.362 27548 27566 I native-activity: Frame 14 GL error is 0x0
04-13 01:13:29.362 27548 27566 I native-activity: Frame 14 time is 0.141ms
04-13 01:13:29.362 27548 27566 I native-activity: Swap 14 time is 0.187ms
04-13 01:13:29.362 27548 27566 I native-activity: Animating
04-13 01:13:29.362 27548 27566 I native-activity: Frame 15 GL error is 0x0
04-13 01:13:29.362 27548 27566 I native-activity: Frame 15 time is 0.142ms
04-13 01:13:29.362 27548 27566 I native-activity: Swap 15 time is 0.195ms
04-13 01:13:29.362 27548 27566 I native-activity: Animating
04-13 01:13:29.362 27548 27566 I native-activity: Frame 16 GL error is 0x0
04-13 01:13:29.362 27548 27566 I native-activity: Frame 16 time is 0.116ms
04-13 01:13:29.362 27548 27566 I native-activity: Swap 16 time is 0.157ms
04-13 01:13:29.362 27548 27566 I native-activity: Animating
04-13 01:13:29.362 27548 27566 I native-activity: Frame 17 GL error is 0x0
04-13 01:13:29.362 27548 27566 I native-activity: Frame 17 time is 0.107ms
04-13 01:13:29.362 27548 27566 I native-activity: Swap 17 time is 0.145ms
04-13 01:13:29.362 27548 27566 I native-activity: Animating
04-13 01:13:29.362 27548 27566 I native-activity: Frame 18 GL error is 0x0
04-13 01:13:29.363 27548 27566 I native-activity: Frame 18 time is 0.107ms
04-13 01:13:29.363 27548 27566 I native-activity: Swap 18 time is 0.157ms
04-13 01:13:29.363 27548 27566 I native-activity: Animating
04-13 01:13:29.363 27548 27566 I native-activity: Frame 19 GL error is 0x0
04-13 01:13:29.363 27548 27566 I native-activity: Frame 19 time is 0.108ms
04-13 01:13:29.363 27548 27566 I native-activity: Swap 19 time is 0.146ms
04-13 01:13:29.363 27548 27566 I native-activity: Animating
04-13 01:13:29.363 27548 27566 I native-activity: Frame 20 GL error is 0x0
04-13 01:13:29.363 27548 27566 I native-activity: Frame 20 time is 0.121ms
04-13 01:13:29.363 27548 27566 I native-activity: Swap 20 time is 0.162ms
04-13 01:13:29.363 27548 27566 I native-activity: Animating
04-13 01:13:29.363 27548 27566 I native-activity: Frame 21 GL error is 0x0
04-13 01:13:29.363 27548 27566 I native-activity: Frame 21 time is 0.104ms
04-13 01:13:29.363 27548 27566 I native-activity: Swap 21 time is 0.141ms
04-13 01:13:29.363 27548 27566 I native-activity: Animating
04-13 01:13:29.363 27548 27566 I native-activity: Frame 22 GL error is 0x0
04-13 01:13:29.363 27548 27566 I native-activity: Frame 22 time is 0.119ms
04-13 01:13:29.363 27548 27566 I native-activity: Swap 22 time is 0.163ms
04-13 01:13:29.363 27548 27566 I native-activity: Animating
04-13 01:13:29.364 27548 27566 I native-activity: Frame 23 GL error is 0x0
04-13 01:13:29.364 27548 27566 I native-activity: Frame 23 time is 0.155ms
04-13 01:13:29.364 27548 27566 I native-activity: Swap 23 time is 0.205ms
04-13 01:13:29.364 27548 27566 I native-activity: Animating
04-13 01:13:29.364 27548 27566 I native-activity: Frame 24 GL error is 0x0
04-13 01:13:29.364 27548 27566 I native-activity: Frame 24 time is 0.180ms
04-13 01:13:29.364 27548 27566 I native-activity: Swap 24 time is 0.273ms
04-13 01:13:29.364 27548 27566 I native-activity: Animating
04-13 01:13:29.364 27548 27566 I native-activity: Frame 25 GL error is 0x0
04-13 01:13:29.364 27548 27566 I native-activity: Frame 25 time is 0.257ms
04-13 01:13:29.364 27548 27566 I native-activity: Swap 25 time is 0.324ms
04-13 01:13:29.364 27548 27566 I native-activity: Animating
04-13 01:13:29.365 27548 27566 I native-activity: Frame 26 GL error is 0x0
04-13 01:13:29.365 27548 27566 I native-activity: Frame 26 time is 0.182ms
04-13 01:13:29.365 27548 27566 I native-activity: Swap 26 time is 0.252ms
04-13 01:13:29.365 27548 27566 I native-activity: Animating
04-13 01:13:29.365 27548 27566 I native-activity: Frame 27 GL error is 0x0
04-13 01:13:29.365 27548 27566 I native-activity: Frame 27 time is 0.141ms
04-13 01:13:29.365 27548 27566 I native-activity: Swap 27 time is 0.191ms
04-13 01:13:29.365 27548 27566 I native-activity: Animating
04-13 01:13:29.365 27548 27566 I native-activity: Frame 28 GL error is 0x0
04-13 01:13:29.365 27548 27566 I native-activity: Frame 28 time is 0.122ms
04-13 01:13:29.365 27548 27566 I native-activity: Swap 28 time is 0.163ms
04-13 01:13:29.365 27548 27566 I native-activity: Animating
04-13 01:13:29.365 27548 27566 I native-activity: Frame 29 GL error is 0x0
04-13 01:13:29.365 27548 27566 I native-activity: Frame 29 time is 0.139ms
04-13 01:13:29.365 27548 27566 I native-activity: Swap 29 time is 0.187ms
04-13 01:13:29.365 27548 27566 I native-activity: Animating
04-13 01:13:29.366 27548 27566 I native-activity: Frame 30 GL error is 0x0
04-13 01:13:29.366 27548 27566 I native-activity: Frame 30 time is 0.144ms
04-13 01:13:29.366 27548 27566 I native-activity: Swap 30 time is 0.196ms
04-13 01:13:29.366 27548 27566 I native-activity: Animating
04-13 01:13:29.375 27548 27566 I native-activity: Frame 31 GL error is 0x500
04-13 01:13:29.375 27548 27566 I native-activity: Frame 31 time is 9.752ms
04-13 01:13:29.375 27548 27566 I native-activity: Swap 31 time is 9.822ms
04-13 01:13:29.376 27548 27566 I native-activity: Animating
04-13 01:13:29.417 27548 27566 I native-activity: Frame 32 GL error is 0x500
04-13 01:13:29.417 27548 27566 I native-activity: Frame 32 time is 41.597ms
04-13 01:13:29.417 27548 27566 I native-activity: Swap 32 time is 41.671ms
04-13 01:13:29.417 27548 27566 I native-activity: Animating
04-13 01:13:29.422 25557 26348 I DCP     : Sending 0 dataset update for 'CloudCollections' namespace
04-13 01:13:29.443 27548 27566 I native-activity: Frame 33 GL error is 0x500
04-13 01:13:29.443 27548 27566 I native-activity: Frame 33 time is 25.270ms
04-13 01:13:29.443 27548 27566 I native-activity: Swap 33 time is 25.338ms
04-13 01:13:29.443 27548 27566 I native-activity: Animating
04-13 01:13:29.448 25557 25643 V AmazonCMS: SyncClient - [SYNC] Syncing Namespace: [*****]
04-13 01:13:29.430 25557 26342 I Kernel  : [47248.107273].(0)[26342:wsync-v2-4]name:Log.main_3713 unmap vm_start a04e8000  end: a06e8000
04-13 01:13:29.468 25557 26350 I DCP     : Sending 0 dataset update for 'CloudCollections.Items' namespace
04-13 01:13:29.593 27548 27566 I native-activity: Frame 34 GL error is 0x500
04-13 01:13:29.593 27548 27566 I native-activity: Frame 34 time is 149.944ms
04-13 01:13:29.593 27548 27566 I native-activity: Swap 34 time is 150.012ms
04-13 01:13:29.593 27548 27566 I native-activity: Animating
04-13 01:13:29.633 27548 27566 I native-activity: Frame 35 GL error is 0x500
04-13 01:13:29.634 27548 27566 I native-activity: Frame 35 time is 40.262ms
04-13 01:13:29.634 27548 27566 I native-activity: Swap 35 time is 40.334ms
04-13 01:13:29.634 27548 27566 I native-activity: Animating
04-13 01:13:29.682   143  2965 I [MALI][Gralloc]: usage0: 0xf02, format7: 1 stride2: 976 vertical_stride6: 600 size: 2342400
04-13 01:13:29.960     0     0 I Kernel  : [47248.634601]-(0)[0:swapper/0]dpi vsync
04-13 01:13:29.996 27548 27566 I native-activity: Frame 36 GL error is 0x500
04-13 01:13:29.996 27548 27566 I native-activity: Frame 36 time is 361.863ms
04-13 01:13:29.996 27548 27566 I native-activity: Swap 36 time is 361.933ms
04-13 01:13:29.996 27548 27566 I native-activity: Animating
04-13 01:13:30.086 27548 27566 I native-activity: Frame 37 GL error is 0x501
04-13 01:13:30.086 27548 27566 I native-activity: Frame 37 time is 89.816ms
04-13 01:13:30.086 27548 27566 I native-activity: Swap 37 time is 89.882ms
04-13 01:13:30.086 27548 27566 I native-activity: Animating
04-13 01:13:30.096 27548 27566 I native-activity: Frame 38 GL error is 0x501
04-13 01:13:30.096 27548 27566 I native-activity: Frame 38 time is 10.193ms
04-13 01:13:30.097 27548 27566 I native-activity: Swap 38 time is 10.259ms
04-13 01:13:30.097 27548 27566 I native-activity: Animating
04-13 01:13:30.105 27548 27566 I native-activity: Frame 39 GL error is 0x0
04-13 01:13:30.105 27548 27566 I native-activity: Frame 39 time is 8.003ms
04-13 01:13:30.105 27548 27566 I native-activity: Swap 39 time is 8.069ms
04-13 01:13:30.105 27548 27566 I native-activity: Animating
04-13 01:13:30.113 27548 27566 I native-activity: Frame 40 GL error is 0x0
04-13 01:13:30.113 27548 27566 I native-activity: Frame 40 time is 7.821ms
04-13 01:13:30.113 27548 27566 I native-activity: Swap 40 time is 7.882ms
04-13 01:13:30.113 27548 27566 I native-activity: Animating
04-13 01:13:30.119 27548 27566 I native-activity: Frame 41 GL error is 0x0
04-13 01:13:30.119 27548 27566 I native-activity: Frame 41 time is 6.560ms
04-13 01:13:30.119 27548 27566 I native-activity: Swap 41 time is 6.618ms
04-13 01:13:30.119 27548 27566 I native-activity: Animating
04-13 01:13:30.125 27548 27566 I native-activity: Frame 42 GL error is 0x0
04-13 01:13:30.126 27548 27566 I native-activity: Frame 42 time is 6.164ms
04-13 01:13:30.126 27548 27566 I native-activity: Swap 42 time is 6.228ms
04-13 01:13:30.126 27548 27566 I native-activity: Animating
04-13 01:13:30.134 27548 27566 I native-activity: Frame 43 GL error is 0x0
04-13 01:13:30.134 27548 27566 I native-activity: Frame 43 time is 8.568ms
04-13 01:13:30.134 27548 27566 I native-activity: Swap 43 time is 8.637ms
04-13 01:13:30.134 27548 27566 I native-activity: Animating
04-13 01:13:30.141 27548 27566 I native-activity: Frame 44 GL error is 0x0
04-13 01:13:30.141 27548 27566 I native-activity: Frame 44 time is 6.802ms
04-13 01:13:30.141 27548 27566 I native-activity: Swap 44 time is 6.866ms
04-13 01:13:30.141 27548 27566 I native-activity: Animating
04-13 01:13:30.146  2059  2059 I Vlog    : PfxPrecog:PrewarmAttempt:fgtracking=false;DV;1,key=latency;DV;1,Timer=2516.000000;TI;1,unit=null;DV;1,metadata=version%235510%7Cpkg%23com.example.sonicdash_stage1%7Crequester%23Chained+Predictor%7C;DV;1:HI
04-13 01:13:30.146  2059  2059 I Vlog    : PfxPrecog:PrewarmAttempt:fgtracking=false;DV;1,key=success;DV;1,Counter=1.000000;CT;1,unit=null;DV;1,metadata=version%235510%7Cpkg%23com.example.sonicdash_stage1%7Crequester%23Chained+Predictor%7C;DV;1:HI
04-13 01:13:30.190    82    82 I Kernel  : [47248.868517].(0)[82:mtk charger_hv_]charging_reset_watch_dog_timer
04-13 01:13:30.190    82    82 I Kernel  : [47248.869386].(0)[82:mtk charger_hv_]array_size = 16 
04-13 01:13:30.265 27548 27566 I native-activity: Frame 45 GL error is 0x501
04-13 01:13:30.265 27548 27566 I native-activity: Frame 45 time is 123.274ms
04-13 01:13:30.265 27548 27566 I native-activity: Swap 45 time is 123.344ms
04-13 01:13:30.265 27548 27566 I native-activity: Animating
04-13 01:13:30.417 27548 27566 I native-activity: Frame 46 GL error is 0x501
04-13 01:13:30.417 27548 27566 I native-activity: Frame 46 time is 152.615ms
04-13 01:13:30.418 27548 27566 I native-activity: Swap 46 time is 152.682ms
04-13 01:13:30.418 27548 27566 I native-activity: Animating
04-13 01:13:30.496  1787  1787 I AmazonLocationController: onWifiSignalChanged : connected : true
04-13 01:13:30.556 27548 27566 I native-activity: Frame 47 GL error is 0x501
04-13 01:13:30.556 27548 27566 I native-activity: Frame 47 time is 137.946ms
04-13 01:13:30.556 27548 27566 I native-activity: Swap 47 time is 138.009ms
04-13 01:13:30.556 27548 27566 I native-activity: Animating
04-13 01:13:30.556 27548 27566 I native-activity: Frame 48 GL error is 0x0
04-13 01:13:30.556 27548 27566 I native-activity: Frame 48 time is 0.157ms
04-13 01:13:30.556 27548 27566 I native-activity: Swap 48 time is 0.200ms
04-13 01:13:30.556 27548 27566 I native-activity: Animating
04-13 01:13:30.556 27548 27566 I native-activity: Frame 49 GL error is 0x0
04-13 01:13:30.556 27548 27566 I native-activity: Frame 49 time is 0.138ms
04-13 01:13:30.556 27548 27566 I native-activity: Swap 49 time is 0.181ms
04-13 01:13:30.556 27548 27566 I native-activity: Animating
04-13 01:13:30.556 27548 27566 I native-activity: Frame 50 GL error is 0x0
04-13 01:13:30.556 27548 27566 I native-activity: Frame 50 time is 0.139ms
04-13 01:13:30.557 27548 27566 I native-activity: Swap 50 time is 0.178ms
04-13 01:13:30.557 27548 27566 I native-activity: Animating
04-13 01:13:30.557 27548 27566 I native-activity: Frame 51 GL error is 0x0
04-13 01:13:30.557 27548 27566 I native-activity: Frame 51 time is 0.117ms
04-13 01:13:30.557 27548 27566 I native-activity: Swap 51 time is 0.151ms
04-13 01:13:30.557 27548 27566 I native-activity: Animating
04-13 01:13:30.557 27548 27566 I native-activity: Frame 52 GL error is 0x0
04-13 01:13:30.557 27548 27566 I native-activity: Frame 52 time is 0.111ms
04-13 01:13:30.557 27548 27566 I native-activity: Swap 52 time is 0.144ms
04-13 01:13:30.557 27548 27566 I native-activity: Animating
04-13 01:13:30.557 27548 27566 I native-activity: Frame 53 GL error is 0x0
04-13 01:13:30.557 27548 27566 I native-activity: Frame 53 time is 0.127ms
04-13 01:13:30.557 27548 27566 I native-activity: Swap 53 time is 0.164ms
04-13 01:13:30.557 27548 27566 I native-activity: Animating
04-13 01:13:30.557 27548 27566 I native-activity: Frame 54 GL error is 0x0
04-13 01:13:30.557 27548 27566 I native-activity: Frame 54 time is 0.110ms
04-13 01:13:30.557 27548 27566 I native-activity: Swap 54 time is 0.141ms
04-13 01:13:30.557 27548 27566 I native-activity: Animating
04-13 01:13:30.557 27548 27566 I native-activity: Frame 55 GL error is 0x0
04-13 01:13:30.557 27548 27566 I native-activity: Frame 55 time is 0.111ms
04-13 01:13:30.557 27548 27566 I native-activity: Swap 55 time is 0.143ms
04-13 01:13:30.557 27548 27566 I native-activity: Animating
04-13 01:13:30.558 27548 27566 I native-activity: Frame 56 GL error is 0x0
04-13 01:13:30.558 27548 27566 I native-activity: Frame 56 time is 0.110ms
04-13 01:13:30.558 27548 27566 I native-activity: Swap 56 time is 0.144ms
04-13 01:13:30.558 27548 27566 I native-activity: Animating
04-13 01:13:30.558 27548 27566 I native-activity: Frame 57 GL error is 0x0
04-13 01:13:30.558 27548 27566 I native-activity: Frame 57 time is 0.114ms
04-13 01:13:30.558 27548 27566 I native-activity: Swap 57 time is 0.151ms
04-13 01:13:30.558 27548 27566 I native-activity: Animating
04-13 01:13:30.558 27548 27566 I native-activity: Frame 58 GL error is 0x0
04-13 01:13:30.558 27548 27566 I native-activity: Frame 58 time is 0.135ms
04-13 01:13:30.558 27548 27566 I native-activity: Swap 58 time is 0.174ms
04-13 01:13:30.558 27548 27566 I native-activity: Animating
04-13 01:13:30.558 27548 27566 I native-activity: Frame 59 GL error is 0x0
04-13 01:13:30.558 27548 27566 I native-activity: Frame 59 time is 0.114ms
04-13 01:13:30.558 27548 27566 I native-activity: Swap 59 time is 0.148ms
04-13 01:13:30.558 27548 27566 I native-activity: Animating
04-13 01:13:30.558 27548 27566 I native-activity: Frame 60 GL error is 0x0
04-13 01:13:30.558 27548 27566 I native-activity: Frame 60 time is 0.133ms
04-13 01:13:30.558 27548 27566 I native-activity: Swap 60 time is 0.169ms
04-13 01:13:30.558 27548 27566 I native-activity: Animating
04-13 01:13:30.559 27548 27566 I native-activity: Frame 61 GL error is 0x0
04-13 01:13:30.559 27548 27566 I native-activity: Frame 61 time is 0.110ms
04-13 01:13:30.559 27548 27566 I native-activity: Swap 61 time is 0.143ms
04-13 01:13:30.559 27548 27566 I native-activity: Animating
04-13 01:13:30.559 27548 27566 I native-activity: Frame 62 GL error is 0x0
04-13 01:13:30.559 27548 27566 I native-activity: Frame 62 time is 0.103ms
04-13 01:13:30.559 27548 27566 I native-activity: Swap 62 time is 0.134ms
04-13 01:13:30.559 27548 27566 I native-activity: Animating
04-13 01:13:30.559 27548 27566 I native-activity: Frame 63 GL error is 0x0
04-13 01:13:30.559 27548 27566 I native-activity: Frame 63 time is 0.111ms
04-13 01:13:30.559 27548 27566 I native-activity: Swap 63 time is 0.142ms
04-13 01:13:30.559 27548 27566 I native-activity: Animating
04-13 01:13:30.559 27548 27566 I native-activity: Frame 64 GL error is 0x0
04-13 01:13:30.559 27548 27566 I native-activity: Frame 64 time is 0.110ms
04-13 01:13:30.559 27548 27566 I native-activity: Swap 64 time is 0.144ms
04-13 01:13:30.559 27548 27566 I native-activity: Animating
04-13 01:13:30.559 27548 27566 I native-activity: Frame 65 GL error is 0x0
04-13 01:13:30.559 27548 27566 I native-activity: Frame 65 time is 0.120ms
04-13 01:13:30.559 27548 27566 I native-activity: Swap 65 time is 0.156ms
04-13 01:13:30.559 27548 27566 I native-activity: Animating
04-13 01:13:30.560 27548 27566 I native-activity: Frame 66 GL error is 0x0
04-13 01:13:30.560 27548 27566 I native-activity: Frame 66 time is 0.144ms
04-13 01:13:30.560 27548 27566 I native-activity: Swap 66 time is 0.188ms
04-13 01:13:30.560 27548 27566 I native-activity: Animating
04-13 01:13:30.560 27548 27566 I native-activity: Frame 67 GL error is 0x0
04-13 01:13:30.560 27548 27566 I native-activity: Frame 67 time is 0.131ms
04-13 01:13:30.560 27548 27566 I native-activity: Swap 67 time is 0.174ms
04-13 01:13:30.560 27548 27566 I native-activity: Animating
04-13 01:13:30.560 27548 27566 I native-activity: Frame 68 GL error is 0x0
04-13 01:13:30.560 27548 27566 I native-activity: Frame 68 time is 0.147ms
04-13 01:13:30.560 27548 27566 I native-activity: Swap 68 time is 0.186ms
04-13 01:13:30.560 27548 27566 I native-activity: Animating
04-13 01:13:30.560 27548 27566 I native-activity: Frame 69 GL error is 0x0
04-13 01:13:30.560 27548 27566 I native-activity: Frame 69 time is 0.121ms
04-13 01:13:30.560 27548 27566 I native-activity: Swap 69 time is 0.156ms
04-13 01:13:30.560 27548 27566 I native-activity: Animating
04-13 01:13:30.560 27548 27566 I native-activity: Frame 70 GL error is 0x0
04-13 01:13:30.560 27548 27566 I native-activity: Frame 70 time is 0.138ms
04-13 01:13:30.561 27548 27566 I native-activity: Swap 70 time is 0.178ms
04-13 01:13:30.561 27548 27566 I native-activity: Animating
04-13 01:13:30.561 27548 27566 I native-activity: Frame 71 GL error is 0x0
04-13 01:13:30.561 27548 27566 I native-activity: Frame 71 time is 0.134ms
04-13 01:13:30.561 27548 27566 I native-activity: Swap 71 time is 0.173ms
04-13 01:13:30.561 27548 27566 I native-activity: Animating
04-13 01:13:30.561 27548 27566 I native-activity: Frame 72 GL error is 0x0
04-13 01:13:30.561 27548 27566 I native-activity: Frame 72 time is 0.134ms
04-13 01:13:30.561 27548 27566 I native-activity: Swap 72 time is 0.170ms
04-13 01:13:30.561 27548 27566 I native-activity: Animating
