04-13 00:57:13.610 25359 25377 D native-activity: 	Config 0x6000000b index 10
04-13 00:57:13.610 25359 25377 V native-activity: 		EGL_CONFIG_ID: 38
04-13 00:57:13.610 25359 25377 V native-activity: 		EGL_CONFORMANT: 5 EGL_OPENGL_ES_BIT, EGL_OPENGL_ES2_BIT,
04-13 00:57:13.610 25359 25377 V native-activity: 		EGL_CONFIG_CAVEAT: 12369 EGL_NON_CONFORMANT_CONFIG,
04-13 00:57:13.610 25359 25377 V native-activity: 		EGL_RENDERABLE_TYPE: 5 EGL_OPENGL_ES_BIT, EGL_OPENGL_ES2_BIT,
04-13 00:57:13.610 25359 25377 V native-activity: 		EGL_SURFACE_TYPE: 1031 EGL_PBUFFER_BIT, EGL_PIXMAP_BIT, EGL_SWAP_BEHAVIOR_PRESERVED_BIT, EGL_WINDOW_BIT,
04-13 00:57:13.610 25359 25377 V native-activity: 		EGL_LEVEL: 0
04-13 00:57:13.610 25359 25377 V native-activity: 		EGL_COLOR_BUFFER_TYPE: 12430 EGL_RGB_BUFFER,
04-13 00:57:13.610 25359 25377 V native-activity: 		EGL_BUFFER_SIZE: 32
04-13 00:57:13.610 25359 25377 V native-activity: 		EGL_SAMPLES: 0
04-13 00:57:13.610 25359 25377 V native-activity: 		EGL_SAMPLE_BUFFERS: 0
04-13 00:57:13.610 25359 25377 V native-activity: 		EGL_RED_SIZE: 8
04-13 00:57:13.610 25359 25377 V native-activity: 		EGL_GREEN_SIZE: 8
04-13 00:57:13.610 25359 25377 V native-activity: 		EGL_BLUE_SIZE: 8
04-13 00:57:13.610 25359 25377 V native-activity: 		EGL_ALPHA_SIZE: 0
04-13 00:57:13.610 25359 25377 V native-activity: 		EGL_ALPHA_MASK_SIZE: 0
04-13 00:57:13.610 25359 25377 V native-activity: 		EGL_LUMINANCE_SIZE: 0
04-13 00:57:13.610 25359 25377 V native-activity: 		EGL_TRANSPARENT_TYPE: 12344 EGL_NONE,
04-13 00:57:13.610 25359 25377 V native-activity: 		EGL_TRANSPARENT_RED_VALUE: -1
04-13 00:57:13.610 25359 25377 V native-activity: 		EGL_TRANSPARENT_GREEN_VALUE: -1
04-13 00:57:13.610 25359 25377 V native-activity: 		EGL_TRANSPARENT_BLUE_VALUE: -1
04-13 00:57:13.610 25359 25377 V native-activity: 		EGL_STENCIL_SIZE: 8
04-13 00:57:13.610 25359 25377 V native-activity: 		EGL_DEPTH_SIZE: 24
04-13 00:57:13.610 25359 25377 V native-activity: 		EGL_BIND_TO_TEXTURE_RGB: 1
04-13 00:57:13.611 25359 25377 V native-activity: 		EGL_BIND_TO_TEXTURE_RGBA: 1
04-13 00:57:13.611 25359 25377 V native-activity: 		EGL_MIN_SWAP_INTERVAL: 0
04-13 00:57:13.611 25359 25377 V native-activity: 		EGL_MAX_SWAP_INTERVAL: 10
04-13 00:57:13.611 25359 25377 V native-activity: 		EGL_MAX_PBUFFER_WIDTH: 4096
04-13 00:57:13.611 25359 25377 V native-activity: 		EGL_MAX_PBUFFER_HEIGHT: 4096
04-13 00:57:13.611 25359 25377 D native-activity: 	Config 0x6000000c index 11
04-13 00:57:13.611 25359 25377 V native-activity: 		EGL_CONFIG_ID: 12
04-13 00:57:13.611 25359 25377 V native-activity: 		EGL_CONFORMANT: 5 EGL_OPENGL_ES_BIT, EGL_OPENGL_ES2_BIT,
04-13 00:57:13.611 25359 25377 V native-activity: 		EGL_CONFIG_CAVEAT: 12344 EGL_NONE,
04-13 00:57:13.611 25359 25377 V native-activity: 		EGL_RENDERABLE_TYPE: 5 EGL_OPENGL_ES_BIT, EGL_OPENGL_ES2_BIT,
04-13 00:57:13.611 25359 25377 V native-activity: 		EGL_SURFACE_TYPE: 1543 EGL_MULTISAMPLE_RESOLVE_BOX_BIT, EGL_PBUFFER_BIT, EGL_PIXMAP_BIT, EGL_SWAP_BEHAVIOR_PRESERVED_BIT, EGL_WINDOW_BIT,
04-13 00:57:13.611 25359 25377 V native-activity: 		EGL_LEVEL: 0
04-13 00:57:13.611 25359 25377 V native-activity: 		EGL_COLOR_BUFFER_TYPE: 12430 EGL_RGB_BUFFER,
04-13 00:57:13.611 25359 25377 V native-activity: 		EGL_BUFFER_SIZE: 32
04-13 00:57:13.611 25359 25377 V native-activity: 		EGL_SAMPLES: 4
04-13 00:57:13.611 25359 25377 V native-activity: 		EGL_SAMPLE_BUFFERS: 1
04-13 00:57:13.611 25359 25377 V native-activity: 		EGL_RED_SIZE: 8
04-13 00:57:13.611 25359 25377 V native-activity: 		EGL_GREEN_SIZE: 8
04-13 00:57:13.611 25359 25377 V native-activity: 		EGL_BLUE_SIZE: 8
04-13 00:57:13.611 25359 25377 V native-activity: 		EGL_ALPHA_SIZE: 8
04-13 00:57:13.611 25359 25377 V native-activity: 		EGL_ALPHA_MASK_SIZE: 0
04-13 00:57:13.611 25359 25377 V native-activity: 		EGL_LUMINANCE_SIZE: 0
04-13 00:57:13.611 25359 25377 V native-activity: 		EGL_TRANSPARENT_TYPE: 12344 EGL_NONE,
04-13 00:57:13.611 25359 25377 V native-activity: 		EGL_TRANSPARENT_RED_VALUE: -1
04-13 00:57:13.611 25359 25377 V native-activity: 		EGL_TRANSPARENT_GREEN_VALUE: -1
04-13 00:57:13.611 25359 25377 V native-activity: 		EGL_TRANSPARENT_BLUE_VALUE: -1
04-13 00:57:13.611 25359 25377 V native-activity: 		EGL_STENCIL_SIZE: 8
04-13 00:57:13.611 25359 25377 V native-activity: 		EGL_DEPTH_SIZE: 24
04-13 00:57:13.611 25359 25377 V native-activity: 		EGL_BIND_TO_TEXTURE_RGB: 1
04-13 00:57:13.611 25359 25377 V native-activity: 		EGL_BIND_TO_TEXTURE_RGBA: 1
04-13 00:57:13.611 25359 25377 V native-activity: 		EGL_MIN_SWAP_INTERVAL: 0
04-13 00:57:13.611 25359 25377 V native-activity: 		EGL_MAX_SWAP_INTERVAL: 10
04-13 00:57:13.611 25359 25377 V native-activity: 		EGL_MAX_PBUFFER_WIDTH: 4096
04-13 00:57:13.611 25359 25377 V native-activity: 		EGL_MAX_PBUFFER_HEIGHT: 4096
04-13 00:57:13.611 25359 25377 D native-activity: 	Config 0x6000000d index 12
04-13 00:57:13.611 25359 25377 V native-activity: 		EGL_CONFIG_ID: 15
04-13 00:57:13.611 25359 25377 V native-activity: 		EGL_CONFORMANT: 0
04-13 00:57:13.611 25359 25377 V native-activity: 		EGL_CONFIG_CAVEAT: 12369 EGL_NON_CONFORMANT_CONFIG,
04-13 00:57:13.611 25359 25377 V native-activity: 		EGL_RENDERABLE_TYPE: 5 EGL_OPENGL_ES_BIT, EGL_OPENGL_ES2_BIT,
04-13 00:57:13.611 25359 25377 V native-activity: 		EGL_SURFACE_TYPE: 1543 EGL_MULTISAMPLE_RESOLVE_BOX_BIT, EGL_PBUFFER_BIT, EGL_PIXMAP_BIT, EGL_SWAP_BEHAVIOR_PRESERVED_BIT, EGL_WINDOW_BIT,
04-13 00:57:13.611 25359 25377 V native-activity: 		EGL_LEVEL: 0
04-13 00:57:13.611 25359 25377 V native-activity: 		EGL_COLOR_BUFFER_TYPE: 12430 EGL_RGB_BUFFER,
04-13 00:57:13.611 25359 25377 V native-activity: 		EGL_BUFFER_SIZE: 32
04-13 00:57:13.612 25359 25377 V native-activity: 		EGL_SAMPLES: 16
04-13 00:57:13.612 25359 25377 V native-activity: 		EGL_SAMPLE_BUFFERS: 1
04-13 00:57:13.612 25359 25377 V native-activity: 		EGL_RED_SIZE: 8
04-13 00:57:13.612 25359 25377 V native-activity: 		EGL_GREEN_SIZE: 8
04-13 00:57:13.612 25359 25377 V native-activity: 		EGL_BLUE_SIZE: 8
04-13 00:57:13.612 25359 25377 V native-activity: 		EGL_ALPHA_SIZE: 8
04-13 00:57:13.612 25359 25377 V native-activity: 		EGL_ALPHA_MASK_SIZE: 0
04-13 00:57:13.612 25359 25377 V native-activity: 		EGL_LUMINANCE_SIZE: 0
04-13 00:57:13.612 25359 25377 V native-activity: 		EGL_TRANSPARENT_TYPE: 12344 EGL_NONE,
04-13 00:57:13.612 25359 25377 V native-activity: 		EGL_TRANSPARENT_RED_VALUE: -1
04-13 00:57:13.612 25359 25377 V native-activity: 		EGL_TRANSPARENT_GREEN_VALUE: -1
04-13 00:57:13.612 25359 25377 V native-activity: 		EGL_TRANSPARENT_BLUE_VALUE: -1
04-13 00:57:13.612 25359 25377 V native-activity: 		EGL_STENCIL_SIZE: 8
04-13 00:57:13.612 25359 25377 V native-activity: 		EGL_DEPTH_SIZE: 24
04-13 00:57:13.612 25359 25377 V native-activity: 		EGL_BIND_TO_TEXTURE_RGB: 1
04-13 00:57:13.612 25359 25377 V native-activity: 		EGL_BIND_TO_TEXTURE_RGBA: 1
04-13 00:57:13.612   917   943 I Vlog    : Fluidity:cold_launch_time:fgtracking=false;DV;1,key=com.example.sonicdash_stage1/android.app.NativeActivity;DV;1,Timer=264.0;TI;1,unit=ms;DV;1:HI
04-13 00:57:13.612 25359 25377 V native-activity: 		EGL_MIN_SWAP_INTERVAL: 0
04-13 00:57:13.612 25359 25377 V native-activity: 		EGL_MAX_SWAP_INTERVAL: 10
04-13 00:57:13.612 25359 25377 V native-activity: 		EGL_MAX_PBUFFER_WIDTH: 4096
04-13 00:57:13.612 25359 25377 V native-activity: 		EGL_MAX_PBUFFER_HEIGHT: 4096
04-13 00:57:13.612 25359 25377 D native-activity: 	Config 0x6000000e index 13
04-13 00:57:13.612   917   943 I ActivityManager: Displayed com.example.sonicdash_stage1/android.app.NativeActivity: +264ms
04-13 00:57:13.612 25359 25377 V native-activity: 		EGL_CONFIG_ID: 13
04-13 00:57:13.612 25359 25377 V native-activity: 		EGL_CONFORMANT: 0
04-13 00:57:13.612 25359 25377 V native-activity: 		EGL_CONFIG_CAVEAT: 12369 EGL_NON_CONFORMANT_CONFIG,
04-13 00:57:13.612 25359 25377 V native-activity: 		EGL_RENDERABLE_TYPE: 0
04-13 00:57:13.612 25359 25377 V native-activity: 		EGL_SURFACE_TYPE: 2 EGL_PIXMAP_BIT,
04-13 00:57:13.612 25359 25377 V native-activity: 		EGL_LEVEL: 0
04-13 00:57:13.612 25359 25377 V native-activity: 		EGL_COLOR_BUFFER_TYPE: 12431 EGL_LUMINANCE_BUFFER,
04-13 00:57:13.612 25359 25377 V native-activity: 		EGL_BUFFER_SIZE: 8
04-13 00:57:13.612 25359 25377 V native-activity: 		EGL_SAMPLES: 0
04-13 00:57:13.612 25359 25377 V native-activity: 		EGL_SAMPLE_BUFFERS: 0
04-13 00:57:13.612 25359 25377 V native-activity: 		EGL_RED_SIZE: 0
04-13 00:57:13.612 25359 25377 V native-activity: 		EGL_GREEN_SIZE: 0
04-13 00:57:13.612 25359 25377 V native-activity: 		EGL_BLUE_SIZE: 0
04-13 00:57:13.612 25359 25377 V native-activity: 		EGL_ALPHA_SIZE: 0
04-13 00:57:13.612 25359 25377 V native-activity: 		EGL_ALPHA_MASK_SIZE: 0
04-13 00:57:13.612 25359 25377 V native-activity: 		EGL_LUMINANCE_SIZE: 8
04-13 00:57:13.612 25359 25377 V native-activity: 		EGL_TRANSPARENT_TYPE: 12344 EGL_NONE,
04-13 00:57:13.612 25359 25377 V native-activity: 		EGL_TRANSPARENT_RED_VALUE: -1
04-13 00:57:13.612 25359 25377 V native-activity: 		EGL_TRANSPARENT_GREEN_VALUE: -1
04-13 00:57:13.612 25359 25377 V native-activity: 		EGL_TRANSPARENT_BLUE_VALUE: -1
04-13 00:57:13.612 25359 25377 V native-activity: 		EGL_STENCIL_SIZE: 0
04-13 00:57:13.612 25359 25377 V native-activity: 		EGL_DEPTH_SIZE: 0
04-13 00:57:13.612 25359 25377 V native-activity: 		EGL_BIND_TO_TEXTURE_RGB: 0
04-13 00:57:13.612 25359 25377 V native-activity: 		EGL_BIND_TO_TEXTURE_RGBA: 0
04-13 00:57:13.612 25359 25377 V native-activity: 		EGL_MIN_SWAP_INTERVAL: 0
04-13 00:57:13.612 25359 25377 V native-activity: 		EGL_MAX_SWAP_INTERVAL: 0
04-13 00:57:13.612 25359 25377 V native-activity: 		EGL_MAX_PBUFFER_WIDTH: 0
04-13 00:57:13.612 25359 25377 V native-activity: 		EGL_MAX_PBUFFER_HEIGHT: 0
04-13 00:57:13.612 25359 25377 D native-activity: 	Config 0x6000000f index 14
04-13 00:57:13.612 25359 25377 V native-activity: 		EGL_CONFIG_ID: 14
04-13 00:57:13.613 25359 25377 V native-activity: 		EGL_CONFORMANT: 0
04-13 00:57:13.613 25359 25377 V native-activity: 		EGL_CONFIG_CAVEAT: 12369 EGL_NON_CONFORMANT_CONFIG,
04-13 00:57:13.613 25359 25377 V native-activity: 		EGL_RENDERABLE_TYPE: 0
04-13 00:57:13.613 25359 25377 V native-activity: 		EGL_SURFACE_TYPE: 2 EGL_PIXMAP_BIT,
04-13 00:57:13.613 25359 25377 V native-activity: 		EGL_LEVEL: 0
04-13 00:57:13.613 25359 25377 V native-activity: 		EGL_COLOR_BUFFER_TYPE: 12431 EGL_LUMINANCE_BUFFER,
04-13 00:57:13.613 25359 25377 V native-activity: 		EGL_BUFFER_SIZE: 16
04-13 00:57:13.613 25359 25377 V native-activity: 		EGL_SAMPLES: 0
04-13 00:57:13.613 25359 25377 V native-activity: 		EGL_SAMPLE_BUFFERS: 0
04-13 00:57:13.613 25359 25377 V native-activity: 		EGL_RED_SIZE: 0
04-13 00:57:13.613 25359 25377 V native-activity: 		EGL_GREEN_SIZE: 0
04-13 00:57:13.613 25359 25377 V native-activity: 		EGL_BLUE_SIZE: 0
04-13 00:57:13.613 25359 25377 V native-activity: 		EGL_ALPHA_SIZE: 8
04-13 00:57:13.613 25359 25377 V native-activity: 		EGL_ALPHA_MASK_SIZE: 0
04-13 00:57:13.613 25359 25377 V native-activity: 		EGL_LUMINANCE_SIZE: 8
04-13 00:57:13.613 25359 25377 V native-activity: 		EGL_TRANSPARENT_TYPE: 12344 EGL_NONE,
04-13 00:57:13.613 25359 25377 V native-activity: 		EGL_TRANSPARENT_RED_VALUE: -1
04-13 00:57:13.613 25359 25377 V native-activity: 		EGL_TRANSPARENT_GREEN_VALUE: -1
04-13 00:57:13.613 25359 25377 V native-activity: 		EGL_TRANSPARENT_BLUE_VALUE: -1
04-13 00:57:13.613 25359 25377 V native-activity: 		EGL_STENCIL_SIZE: 0
04-13 00:57:13.613 25359 25377 V native-activity: 		EGL_DEPTH_SIZE: 0
04-13 00:57:13.613 25359 25377 V native-activity: 		EGL_BIND_TO_TEXTURE_RGB: 0
04-13 00:57:13.613 25359 25377 V native-activity: 		EGL_BIND_TO_TEXTURE_RGBA: 0
04-13 00:57:13.613 25359 25377 V native-activity: 		EGL_MIN_SWAP_INTERVAL: 0
04-13 00:57:13.613 25359 25377 V native-activity: 		EGL_MAX_SWAP_INTERVAL: 0
04-13 00:57:13.613 25359 25377 V native-activity: 		EGL_MAX_PBUFFER_WIDTH: 0
04-13 00:57:13.613 25359 25377 V native-activity: 		EGL_MAX_PBUFFER_HEIGHT: 0
04-13 00:57:13.613 25359 25377 D native-activity: 	Config 0x60000010 index 15
04-13 00:57:13.613 25359 25377 V native-activity: 		EGL_CONFIG_ID: 29
04-13 00:57:13.613 25359 25377 V native-activity: 		EGL_CONFORMANT: 5 EGL_OPENGL_ES_BIT, EGL_OPENGL_ES2_BIT,
04-13 00:57:13.613 25359 25377 V native-activity: 		EGL_CONFIG_CAVEAT: 12344 EGL_NONE,
04-13 00:57:13.613 25359 25377 V native-activity: 		EGL_RENDERABLE_TYPE: 5 EGL_OPENGL_ES_BIT, EGL_OPENGL_ES2_BIT,
04-13 00:57:13.613 25359 25377 V native-activity: 		EGL_SURFACE_TYPE: 1031 EGL_PBUFFER_BIT, EGL_PIXMAP_BIT, EGL_SWAP_BEHAVIOR_PRESERVED_BIT, EGL_WINDOW_BIT,
04-13 00:57:13.613 25359 25377 V native-activity: 		EGL_LEVEL: 0
04-13 00:57:13.613 25359 25377 V native-activity: 		EGL_COLOR_BUFFER_TYPE: 12430 EGL_RGB_BUFFER,
04-13 00:57:13.613 25359 25377 V native-activity: 		EGL_BUFFER_SIZE: 16
04-13 00:57:13.613 25359 25377 V native-activity: 		EGL_SAMPLES: 0
04-13 00:57:13.613 25359 25377 V native-activity: 		EGL_SAMPLE_BUFFERS: 0
04-13 00:57:13.613 25359 25377 V native-activity: 		EGL_RED_SIZE: 5
04-13 00:57:13.613 25359 25377 V native-activity: 		EGL_GREEN_SIZE: 6
04-13 00:57:13.613 25359 25377 V native-activity: 		EGL_BLUE_SIZE: 5
04-13 00:57:13.613 25359 25377 V native-activity: 		EGL_ALPHA_SIZE: 0
04-13 00:57:13.613 25359 25377 V native-activity: 		EGL_ALPHA_MASK_SIZE: 0
04-13 00:57:13.613 25359 25377 V native-activity: 		EGL_LUMINANCE_SIZE: 0
04-13 00:57:13.613 25359 25377 V native-activity: 		EGL_TRANSPARENT_TYPE: 12344 EGL_NONE,
04-13 00:57:13.613 25359 25377 V native-activity: 		EGL_TRANSPARENT_RED_VALUE: -1
04-13 00:57:13.613 25359 25377 V native-activity: 		EGL_TRANSPARENT_GREEN_VALUE: -1
04-13 00:57:13.613 25359 25377 V native-activity: 		EGL_TRANSPARENT_BLUE_VALUE: -1
04-13 00:57:13.613 25359 25377 V native-activity: 		EGL_STENCIL_SIZE: 0
04-13 00:57:13.613 25359 25377 V native-activity: 		EGL_DEPTH_SIZE: 0
04-13 00:57:13.614 25359 25377 V native-activity: 		EGL_BIND_TO_TEXTURE_RGB: 1
04-13 00:57:13.614   917  1055 I LoggerMetricsFactoryImpl: PhoneWindowManager:ActivityChanged:com.example.sonicdash_stage1=1.0;CT;1:NR
04-13 00:57:13.614 25359 25377 V native-activity: 		EGL_BIND_TO_TEXTURE_RGBA: 0
04-13 00:57:13.614 25359 25377 V native-activity: 		EGL_MIN_SWAP_INTERVAL: 0
04-13 00:57:13.614 25359 25377 V native-activity: 		EGL_MAX_SWAP_INTERVAL: 10
04-13 00:57:13.618 25359 25377 D native-activity: Examining config 0x60000007
04-13 00:57:13.620 25359 25377 D native-activity: Comparing requested attrib 12339 value 4 to 1025
04-13 00:57:13.620 25359 25377 D native-activity: Examining config 0x60000008
04-13 00:57:13.621 25359 25377 D native-activity: Comparing requested attrib 12339 value 4 to 1025
04-13 00:57:13.621 25359 25377 D native-activity: Examining config 0x60000009
04-13 00:57:13.621 25359 25377 D native-activity: Comparing requested attrib 12339 value 4 to 1025
04-13 00:57:13.621 25359 25377 D native-activity: Examining config 0x6000000a
04-13 00:57:13.621 25359 25377 D native-activity: Comparing requested attrib 12339 value 4 to 1031
04-13 00:57:13.621 25359 25377 D native-activity: Comparing requested attrib 12352 value 4 to 5
04-13 00:57:13.621 25359 25377 D native-activity: Comparing requested attrib 12322 value 8 to 8
04-13 00:57:13.621 25359 25377 D native-activity: Comparing requested attrib 12323 value 8 to 8
04-13 00:57:13.621 25359 25377 D native-activity: Comparing requested attrib 12324 value 8 to 8
04-13 00:57:13.621 25359 25377 D native-activity: Comparing requested attrib 12321 value 8 to 8
04-13 00:57:13.621 25359 25377 D native-activity: Comparing requested attrib 12325 value 16 to 24
04-13 00:57:13.621 25359 25377 D native-activity: Examining config 0x6000000b
04-13 00:57:13.621 25359 25377 D native-activity: Comparing requested attrib 12339 value 4 to 1031
04-13 00:57:13.621 25359 25377 D native-activity: Comparing requested attrib 12352 value 4 to 5
04-13 00:57:13.621 25359 25377 D native-activity: Comparing requested attrib 12322 value 8 to 8
04-13 00:57:13.621 25359 25377 D native-activity: Comparing requested attrib 12323 value 8 to 8
04-13 00:57:13.621 25359 25377 D native-activity: Comparing requested attrib 12324 value 8 to 8
04-13 00:57:13.621 25359 25377 D native-activity: Comparing requested attrib 12321 value 8 to 0
04-13 00:57:13.621 25359 25377 D native-activity: Examining config 0x6000000c
04-13 00:57:13.621 25359 25377 D native-activity: Comparing requested attrib 12339 value 4 to 1543
04-13 00:57:13.622 25359 25377 D native-activity: Comparing requested attrib 12323 value 8 to 8
04-13 00:57:13.622 25359 25377 D native-activity: Comparing requested attrib 12324 value 8 to 8
04-13 00:57:13.622 25359 25377 D native-activity: Comparing requested attrib 12321 value 8 to 8
04-13 00:57:13.622 25359 25377 D native-activity: Comparing requested attrib 12325 value 16 to 0
04-13 00:57:13.622 25359 25377 D native-activity: Examining config 0x60000012
04-13 00:57:13.622 25359 25377 D native-activity: Comparing requested attrib 12339 value 4 to 1031
04-13 00:57:13.622 25359 25377 D native-activity: Comparing requested attrib 12352 value 4 to 5
04-13 00:57:13.622 25359 25377 D native-activity: Comparing requested attrib 12322 value 8 to 8
04-13 00:57:13.622 25359 25377 D native-activity: Comparing requested attrib 12323 value 8 to 8
04-13 00:57:13.622 25359 25377 D native-activity: Comparing requested attrib 12324 value 8 to 8
04-13 00:57:13.622 25359 25377 D native-activity: Comparing requested attrib 12321 value 8 to 0
04-13 00:57:13.623 25359 25377 D native-activity: Comparing requested attrib 12339 value 4 to 1031
04-13 00:57:13.623 25359 25377 D native-activity: Comparing requested attrib 12322 value 8 to 8
04-13 00:57:13.623 25359 25377 D native-activity: Comparing requested attrib 12323 value 8 to 8
04-13 00:57:13.623 25359 25377 D native-activity: Comparing requested attrib 12321 value 8 to 0
04-13 00:57:13.623 25359 25377 D native-activity: Comparing requested attrib 12339 value 4 to 1031
04-13 00:57:13.623 25359 25377 D native-activity: Comparing requested attrib 12352 value 4 to 5
04-13 00:57:13.623 25359 25377 D native-activity: Comparing requested attrib 12322 value 8 to 8
04-13 00:57:13.623 25359 25377 D native-activity: Comparing requested attrib 12324 value 8 to 8
04-13 00:57:13.623 25359 25377 D native-activity: Comparing requested attrib 12321 value 8 to 8
04-13 00:57:13.623 25359 25377 D native-activity: Comparing requested attrib 12325 value 16 to 24
04-13 00:57:13.623 25359 25377 D native-activity: Comparing requested attrib 12339 value 4 to 1031
04-13 00:57:13.623 25359 25377 D native-activity: Comparing requested attrib 12323 value 8 to 8
04-13 00:57:13.623 25359 25377 D native-activity: Comparing requested attrib 12324 value 8 to 8
04-13 00:57:13.623 25359 25377 D native-activity: Comparing requested attrib 12325 value 16 to 24
04-13 00:57:13.624 25359 25377 I native-activity: 		EGL_CONFIG_CAVEAT: 12344 EGL_NONE,
04-13 00:57:13.625 25359 25377 I native-activity: 		EGL_TRANSPARENT_TYPE: 12344 EGL_NONE,
04-13 00:57:13.625 25359 25377 I native-activity: 		EGL_TRANSPARENT_RED_VALUE: -1
04-13 00:57:13.625 25359 25377 I native-activity: 		EGL_TRANSPARENT_BLUE_VALUE: -1
04-13 00:57:13.625 25359 25377 I native-activity: 		EGL_DEPTH_SIZE: 24
04-13 00:57:13.625 25359 25377 I native-activity: 		EGL_BIND_TO_TEXTURE_RGBA: 1
04-13 00:57:13.625 25359 25377 I native-activity: 		EGL_MAX_SWAP_INTERVAL: 10
04-13 00:57:13.625 25359 25377 I native-activity: 		EGL_MAX_PBUFFER_WIDTH: 4096
04-13 00:57:13.625 25359 25377 I native-activity: Creating pbuffer surface as pbuffer_bit is set
04-13 00:57:13.654 25359 25377 I native-activity: EGL Surface 0xb91acb88 information
04-13 00:57:13.655 25359 25377 I native-activity: 		EGL_CONFIG_ID: 9
04-13 00:57:13.655 25359 25377 I native-activity: 		EGL_WIDTH: 2160
04-13 00:57:13.655 25359 25377 I native-activity: 		EGL_HEIGHT: 3840
04-13 00:57:13.655 25359 25377 I native-activity: 		EGL_HORIZONTAL_RESOLUTION: -1 EGL_UNKNOWN,
04-13 00:57:13.655 25359 25377 I native-activity: 		EGL_VERTICAL_RESOLUTION: -1 EGL_UNKNOWN,
04-13 00:57:13.655 25359 25377 I native-activity: 		EGL_PIXEL_ASPECT_RATIO: -1 EGL_UNKNOWN,
04-13 00:57:13.655 25359 25377 I native-activity: 		EGL_RENDER_BUFFER: 12420 EGL_BACK_BUFFER,
04-13 00:57:13.655 25359 25377 I native-activity: 		EGL_MIPMAP_TEXTURE: 0
04-13 00:57:13.655 25359 25377 I native-activity: 		EGL_TEXTURE_FORMAT: 12380 EGL_NO_TEXTURE,
04-13 00:57:13.655 25359 25377 I native-activity: 		EGL_TEXTURE_TARGET: 12380 EGL_NO_TEXTURE,
04-13 00:57:13.655 25359 25377 I native-activity: 		EGL_SWAP_BEHAVIOR: 12437 EGL_BUFFER_DESTROYED,
04-13 00:57:13.655 25359 25377 I native-activity: 		EGL_MULTISAMPLE_RESOLVE: 12442 EGL_MULTISAMPLE_RESOLVE_DEFAULT,
04-13 00:57:13.656 25359 25377 I native-activity: Created context 0xb91b9af8, error 0x3000
04-13 00:57:13.656 25359 25377 I native-activity: 		EGL_CONFIG_ID: 9
04-13 00:57:13.656 25359 25377 I native-activity: 		EGL_CONTEXT_CLIENT_TYPE: 12448 EGL_OPENGL_ES_API,
04-13 00:57:13.656 25359 25377 I native-activity: 		EGL_CONTEXT_CLIENT_VERSION: 2
04-13 00:57:13.656 25359 25377 I native-activity: 		EGL_RENDER_BUFFER: 12344 EGL_NONE,
04-13 00:57:13.657 25359 25377 I native-activity: Context 0xb91b9af8 made current on surface 0xb91acb88, error 0x3000
04-13 00:57:13.657 25359 25377 I native-activity: GL information
04-13 00:57:13.657 25359 25377 I native-activity: 	Renderer: Mali-450 MP
04-13 00:57:13.657 25359 25377 I native-activity: 	Vendor: ARM
04-13 00:57:13.657 25359 25377 I native-activity: 	Version: OpenGL ES 2.0
04-13 00:57:13.657 25359 25377 I native-activity: 	Shading Language: OpenGL ES GLSL ES 1.00
04-13 00:57:13.657 25359 25377 I native-activity: 	Extensions: GL_EXT_debug_marker GL_OES_texture_npot GL_OES_compressed_ETC1_RGB8_texture GL_OES_standard_derivatives GL_OES_EGL_image GL_OES_depth24 GL_ARM_rgba8 GL_ARM_mali_shader_binary GL_OES_depth_texture GL_OES_packed_depth_stencil GL_EXT_texture_format_BGRA8888 GL_OES_vertex_half_float GL_EXT_blend_minmax GL_OES_EGL_image_external GL_OES_EGL_sync GL_OES_rgb8_rgba8 GL_EXT_multisampled_render_to_texture GL_EXT_discard_framebuffer GL_OES_get_program_binary GL_ARM_mali_program_binary GL_EXT_shader_texture_lod GL_EXT_robustness GL_OES_depth_texture_cube_map GL_KHR_debug 
04-13 00:57:13.657 25359 25377 W MALI    : _gles_set_error:84: [WARNING]Mali GLES errorcode: 500 (next several errors will be ignored to avoid flood)
04-13 00:57:13.706 25359 25377 I native-activity: Context 0xb91b9af8 made current on surface 0xb91acb88, error 0x3000
04-13 00:57:13.706 25359 25377 I native-activity: GL information
04-13 00:57:13.706 25359 25377 I native-activity: 	Renderer: Mali-450 MP
04-13 00:57:13.706 25359 25377 I native-activity: 	Vendor: ARM
04-13 00:57:13.707 25359 25377 I native-activity: 	Version: OpenGL ES 2.0
04-13 00:57:13.707 25359 25377 I native-activity: 	Shading Language: OpenGL ES GLSL ES 1.00
04-13 00:57:13.707 25359 25377 I native-activity: 	Extensions: GL_EXT_debug_marker GL_OES_texture_npot GL_OES_compressed_ETC1_RGB8_texture GL_OES_standard_derivatives GL_OES_EGL_image GL_OES_depth24 GL_ARM_rgba8 GL_ARM_mali_shader_binary GL_OES_depth_texture GL_OES_packed_depth_stencil GL_EXT_texture_format_BGRA8888 GL_OES_vertex_half_float GL_EXT_blend_minmax GL_OES_EGL_image_external GL_OES_EGL_sync GL_OES_rgb8_rgba8 GL_EXT_multisampled_render_to_texture GL_EXT_discard_framebuffer GL_OES_get_program_binary GL_ARM_mali_program_binary GL_EXT_shader_texture_lod GL_EXT_robustness GL_OES_depth_texture_cube_map GL_KHR_debug 
04-13 00:57:13.743 25359 25377 I native-activity: Frame 0 GL error is 0x500
04-13 00:57:13.743 25359 25377 I native-activity: Frame 0 time is 88.213ms
04-13 00:57:13.743 25359 25377 I native-activity: Doing egl_swapbuffers_sync 2
04-13 00:57:13.745   143  2965 I [MALI][Gralloc]: usage0: 0xf02, format7: 1 stride2: 608 vertical_stride6: 976 size: 2373632
04-13 00:57:13.746  1787  2848 I MaliEGL : [Mali]window_type=1, is_framebuffer=0, errnum = 0
04-13 00:57:13.746  1787  2848 I MaliEGL : [Mali]surface->num_buffers=4, surface->num_frames=3, win_min_undequeued=1
04-13 00:57:13.746  1787  2848 I MaliEGL : [Mali]max_allowed_dequeued_buffers=3
04-13 00:57:13.748   143   255 I [MALI][Gralloc]: usage0: 0xf02, format7: 1 stride2: 976 vertical_stride6: 600 size: 2342400
04-13 00:57:13.810 25359 25377 I native-activity: Swap 0 time is 155.115ms
04-13 00:57:13.811   917  2109 D Sensors : hwm__set_delay: Set delay 1000000 ns
04-13 00:57:13.811   917  2109 D Sensors : Control set delay 1000000 ns is too small 
04-13 00:57:13.800   917  2109 I Kernel  : [46272.473264].(2)[2109:Binder_8]<HWMSEN> ioctl delay handle=0,delay =10
04-13 00:57:13.800   917  2109 I Kernel  : [46272.474266][Gsensor] KXTJ2_1009_SetPowerMode 0!
04-13 00:57:13.828   917  2115 D Sensors : hwm__set_delay: Set delay 16000000 ns
04-13 00:57:13.810   917  2109 I Kernel  : [Gsensor] KXTJ2_1009_SetPowerMode 1!
04-13 00:57:13.810   917  2109 I Kernel  : KXTJ2_1009_SetBWRate OK! 
04-13 00:57:13.810   917  2109 I Kernel  : [46272.489783].(0)[2109:Binder_8]<HWMSEN> update_workqueue_polling_rate
04-13 00:57:13.810   917  2109 I Kernel  : [46272.489810].(0)[2109:Binder_8]<HWMSEN> set old fastest sensor delay as workqueue base time=10
04-13 00:57:13.810   917  2109 I Kernel  : [46272.489828].(0)[2109:Binder_8]<HWMSEN> update_workqueue_polling_rate,set delayCountSet=0 delay =10 handle=0
04-13 00:57:13.810   917  2115 I Kernel  : [46272.490386].(2)[2115:Binder_B]<HWMSEN> ioctl delay handle=0,delay =16
04-13 00:57:13.820   917  2115 I Kernel  : [46272.491630][Gsensor] KXTJ2_1009_SetPowerMode 0!
04-13 00:57:13.820   917  2115 I Kernel  : [Gsensor] KXTJ2_1009_SetPowerMode 1!
04-13 00:57:13.830   917  2115 I Kernel  : KXTJ2_1009_SetBWRate OK! 
04-13 00:57:13.830   917  2115 I Kernel  : [46272.505426].(3)[2115:Binder_B]<HWMSEN> update_workqueue_polling_rate
04-13 00:57:13.830   917  2115 I Kernel  : [46272.505455].(3)[2115:Binder_B]<HWMSEN> set old fastest sensor delay as workqueue base time=16
04-13 00:57:13.830   917  2115 I Kernel  : [46272.505481].(3)[2115:Binder_B]<HWMSEN> update_workqueue_polling_rate,set delayCountSet=0 delay =16 handle=0
04-13 00:57:13.844 25359 25377 I native-activity: Animating
04-13 00:57:13.845 25359 25377 I native-activity: Frame 1 GL error is 0x0
04-13 00:57:13.845 25359 25377 I native-activity: Frame 1 time is 1.211ms
04-13 00:57:13.845 25359 25377 I native-activity: Doing egl_swapbuffers_sync 2
04-13 00:57:13.853 25359 25377 I native-activity: Swap 1 time is 9.588ms
04-13 00:57:13.853 25359 25377 I native-activity: Animating
04-13 00:57:13.855 25359 25377 I native-activity: Frame 2 GL error is 0x0
04-13 00:57:13.856 25359 25377 I native-activity: Frame 2 time is 2.642ms
04-13 00:57:13.856 25359 25377 I native-activity: Doing egl_swapbuffers_sync 2
04-13 00:57:13.947 25359 25377 I native-activity: Swap 2 time is 93.787ms
04-13 00:57:13.947 25359 25377 I native-activity: Animating
04-13 00:57:13.948 25359 25377 I native-activity: Context 0xb91b9af8 made current on surface 0xb91acb88, error 0x3000
04-13 00:57:13.948 25359 25377 I native-activity: GL information
04-13 00:57:13.948 25359 25377 I native-activity: 	Renderer: Mali-450 MP
04-13 00:57:13.948 25359 25377 I native-activity: 	Vendor: ARM
04-13 00:57:13.948 25359 25377 I native-activity: 	Version: OpenGL ES 2.0
04-13 00:57:13.948 25359 25377 I native-activity: 	Shading Language: OpenGL ES GLSL ES 1.00
04-13 00:57:13.948 25359 25377 I native-activity: 	Extensions: GL_EXT_debug_marker GL_OES_texture_npot GL_OES_compressed_ETC1_RGB8_texture GL_OES_standard_derivatives GL_OES_EGL_image GL_OES_depth24 GL_ARM_rgba8 GL_ARM_mali_shader_binary GL_OES_depth_texture GL_OES_packed_depth_stencil GL_EXT_texture_format_BGRA8888 GL_OES_vertex_half_float GL_EXT_blend_minmax GL_OES_EGL_image_external GL_OES_EGL_sync GL_OES_rgb8_rgba8 GL_EXT_multisampled_render_to_texture GL_EXT_discard_framebuffer GL_OES_get_program_binary GL_ARM_mali_program_binary GL_EXT_shader_texture_lod GL_EXT_robustness GL_OES_depth_texture_cube_map GL_KHR_debug 
04-13 00:57:13.948 25359 25377 I native-activity: Frame 3 GL error is 0x501
04-13 00:57:13.948 25359 25377 I native-activity: Frame 3 time is 0.353ms
04-13 00:57:13.948 25359 25377 I native-activity: Doing egl_swapbuffers_sync 2
04-13 00:57:13.948 25359 25377 I native-activity: Swap 3 time is 0.521ms
04-13 00:57:13.948 25359 25377 I native-activity: Animating
04-13 00:57:13.940 25161 25161 I Kernel  : [46272.611668].(0)[25161:kworker/0:2]virtual_sensor_thermal_get_temp mtktsbattery t=24000 a=7 o=-9500 w=437
04-13 00:57:13.940 25161 25161 I Kernel  : [46272.611786].(0)[25161:kworker/0:2]virtual_sensor_thermal_get_temp mtkts_bts t=28000 a=15 o=-1000 w=113
04-13 00:57:13.940 25161 25161 I Kernel  : [46272.612183].(0)[25161:kworker/0:2]virtual_sensor_thermal_get_temp mtktspmic t=39365 a=4 o=18000 w=450
04-13 00:57:13.940 25161 25161 I Kernel  : [46272.612218].(0)[25161:kworker/0:2]virtual_sensor_thermal_get_temp mtktswmt t=33000 a=1000 o=-5000 w=0
04-13 00:57:14.027 25359 25377 I native-activity: Frame 4 GL error is 0x500
04-13 00:57:14.027 25359 25377 I native-activity: Frame 4 time is 79.247ms
04-13 00:57:14.027 25359 25377 I native-activity: Doing egl_swapbuffers_sync 2
04-13 00:57:14.035 25359 25377 I native-activity: Swap 4 time is 86.741ms
04-13 00:57:14.035 25359 25377 I native-activity: Animating
04-13 00:57:14.035 25359 25377 I native-activity: Frame 5 GL error is 0x0
04-13 00:57:14.035 25359 25377 I native-activity: Frame 5 time is 0.318ms
04-13 00:57:14.036 25359 25377 I native-activity: Doing egl_swapbuffers_sync 2
04-13 00:57:14.089 25359 25377 I native-activity: Swap 5 time is 53.759ms
04-13 00:57:14.089 25359 25377 I native-activity: Animating
04-13 00:57:14.089 25359 25377 I native-activity: Frame 6 GL error is 0x0
04-13 00:57:14.089 25359 25377 I native-activity: Frame 6 time is 0.215ms
04-13 00:57:14.090 25359 25377 I native-activity: Doing egl_swapbuffers_sync 2
04-13 00:57:14.100    82    82 I Kernel  : [46272.781407].(0)[82:mtk charger_hv_]charging_reset_watch_dog_timer
04-13 00:57:14.110    82    82 I Kernel  : [46272.783380].(0)[82:mtk charger_hv_]array_size = 16 
04-13 00:57:14.186 25359 25377 I native-activity: Swap 6 time is 97.125ms
04-13 00:57:14.187 25359 25377 I native-activity: Animating
04-13 00:57:14.187 25359 25377 I native-activity: Frame 7 GL error is 0x0
04-13 00:57:14.187 25359 25377 I native-activity: Frame 7 time is 0.352ms
04-13 00:57:14.187 25359 25377 I native-activity: Doing egl_swapbuffers_sync 2
04-13 00:57:14.191   143 13904 I [MALI][Gralloc]: usage0: 0xf02, format7: 1 stride2: 976 vertical_stride6: 600 size: 2342400
04-13 00:57:14.211 25359 25377 I native-activity: Swap 7 time is 24.689ms
04-13 00:57:14.211 25359 25377 I native-activity: Animating
04-13 00:57:14.212 25359 25377 I native-activity: Frame 8 GL error is 0x0
04-13 00:57:14.212 25359 25377 I native-activity: Frame 8 time is 0.261ms
04-13 00:57:14.212 25359 25377 I native-activity: Doing egl_swapbuffers_sync 2
04-13 00:57:14.276 25359 25377 I native-activity: Swap 8 time is 64.359ms
04-13 00:57:14.276 25359 25377 I native-activity: Animating
04-13 00:57:14.276 25359 25377 I native-activity: Frame 9 GL error is 0x0
04-13 00:57:14.276 25359 25377 I native-activity: Frame 9 time is 0.263ms
04-13 00:57:14.276 25359 25377 I native-activity: Doing egl_swapbuffers_sync 2
04-13 00:57:14.286 25359 25377 I native-activity: Swap 9 time is 9.752ms
04-13 00:57:14.286 25359 25377 I native-activity: Animating
04-13 00:57:14.286 25359 25377 I native-activity: Frame 10 GL error is 0x0
04-13 00:57:14.286 25359 25377 I native-activity: Frame 10 time is 0.299ms
04-13 00:57:14.286 25359 25377 I native-activity: Doing egl_swapbuffers_sync 2
04-13 00:57:14.353 25359 25377 I native-activity: Swap 10 time is 67.295ms
04-13 00:57:14.354 25359 25377 I native-activity: Animating
04-13 00:57:14.356 25359 25377 I native-activity: Frame 11 GL error is 0x0
04-13 00:57:14.356 25359 25377 I native-activity: Frame 11 time is 2.082ms
04-13 00:57:14.356 25359 25377 I native-activity: Doing egl_swapbuffers_sync 2
04-13 00:57:14.356 25359 25377 I native-activity: Swap 11 time is 2.520ms
04-13 00:57:14.356 25359 25377 I native-activity: Animating
04-13 00:57:14.357 25359 25377 I native-activity: Frame 12 GL error is 0x0
04-13 00:57:14.357 25359 25377 I native-activity: Frame 12 time is 0.212ms
04-13 00:57:14.357 25359 25377 I native-activity: Doing egl_swapbuffers_sync 2
04-13 00:57:14.380 25359 25377 I native-activity: Swap 12 time is 23.496ms
04-13 00:57:14.380 25359 25377 I native-activity: Animating
04-13 00:57:14.380 25359 25377 I native-activity: Frame 13 GL error is 0x0
04-13 00:57:14.380 25359 25377 I native-activity: Frame 13 time is 0.262ms
04-13 00:57:14.380 25359 25377 I native-activity: Doing egl_swapbuffers_sync 2
04-13 00:57:14.405 25359 25377 I native-activity: Swap 13 time is 24.930ms
04-13 00:57:14.405 25359 25377 I native-activity: Animating
04-13 00:57:14.405 25359 25377 I native-activity: Frame 14 GL error is 0x0
04-13 00:57:14.405 25359 25377 I native-activity: Frame 14 time is 0.253ms
04-13 00:57:14.405 25359 25377 I native-activity: Doing egl_swapbuffers_sync 2
04-13 00:57:14.431 25359 25377 I native-activity: Swap 14 time is 25.484ms
04-13 00:57:14.431 25359 25377 I native-activity: Animating
04-13 00:57:14.431 25359 25377 I native-activity: Frame 15 GL error is 0x0
04-13 00:57:14.431 25359 25377 I native-activity: Frame 15 time is 0.341ms
04-13 00:57:14.431 25359 25377 I native-activity: Doing egl_swapbuffers_sync 2
04-13 00:57:14.457 25359 25377 I native-activity: Swap 15 time is 26.358ms
04-13 00:57:14.457 25359 25377 I native-activity: Animating
04-13 00:57:14.458 25359 25377 I native-activity: Frame 16 GL error is 0x0
04-13 00:57:14.458 25359 25377 I native-activity: Frame 16 time is 0.259ms
04-13 00:57:14.458 25359 25377 I native-activity: Doing egl_swapbuffers_sync 2
04-13 00:57:14.480 25359 25377 I native-activity: Swap 16 time is 22.955ms
04-13 00:57:14.481 25359 25377 I native-activity: Animating
04-13 00:57:14.481 25359 25377 I native-activity: Frame 17 GL error is 0x0
04-13 00:57:14.481 25359 25377 I native-activity: Frame 17 time is 0.333ms
04-13 00:57:14.481 25359 25377 I native-activity: Doing egl_swapbuffers_sync 2
04-13 00:57:14.507 25359 25377 I native-activity: Swap 17 time is 26.587ms
04-13 00:57:14.507 25359 25377 I native-activity: Animating
04-13 00:57:14.508 25359 25377 I native-activity: Frame 18 GL error is 0x0
04-13 00:57:14.508 25359 25377 I native-activity: Frame 18 time is 0.260ms
04-13 00:57:14.508 25359 25377 I native-activity: Doing egl_swapbuffers_sync 2
04-13 00:57:14.529  1787  1787 I AmazonLocationController: onWifiSignalChanged : connected : true
04-13 00:57:14.520 25161 25161 I Kernel  : [46273.192176]-(0)[25161:kworker/0:2]dpi vsync
04-13 00:57:14.533 25359 25377 I native-activity: Swap 18 time is 25.435ms
04-13 00:57:14.533 25359 25377 I native-activity: Animating
04-13 00:57:14.533 25359 25377 I native-activity: Frame 19 GL error is 0x0
04-13 00:57:14.533 25359 25377 I native-activity: Frame 19 time is 0.251ms
04-13 00:57:14.533 25359 25377 I native-activity: Doing egl_swapbuffers_sync 2
04-13 00:57:14.558 25359 25377 I native-activity: Swap 19 time is 25.212ms
04-13 00:57:14.559 25359 25377 I native-activity: Animating
04-13 00:57:14.559 25359 25377 I native-activity: Frame 20 GL error is 0x0
04-13 00:57:14.559 25359 25377 I native-activity: Frame 20 time is 0.308ms
04-13 00:57:14.559 25359 25377 I native-activity: Doing egl_swapbuffers_sync 2
04-13 00:57:14.585 25359 25377 I native-activity: Swap 20 time is 26.411ms
04-13 00:57:14.585 25359 25377 I native-activity: Animating
04-13 00:57:14.585 25359 25377 I native-activity: Frame 21 GL error is 0x0
04-13 00:57:14.586 25359 25377 I native-activity: Frame 21 time is 0.301ms
04-13 00:57:14.586 25359 25377 I native-activity: Doing egl_swapbuffers_sync 2
04-13 00:57:14.613 25359 25377 I native-activity: Swap 21 time is 27.643ms
04-13 00:57:14.613 25359 25377 I native-activity: Animating
04-13 00:57:14.613 25359 25377 I native-activity: Frame 22 GL error is 0x0
04-13 00:57:14.613 25359 25377 I native-activity: Frame 22 time is 0.330ms
04-13 00:57:14.613 25359 25377 I native-activity: Doing egl_swapbuffers_sync 2
04-13 00:57:14.636 25359 25377 I native-activity: Swap 22 time is 22.732ms
04-13 00:57:14.636 25359 25377 I native-activity: Animating
04-13 00:57:14.636 25359 25377 I native-activity: Frame 23 GL error is 0x0
04-13 00:57:14.637 25359 25377 I native-activity: Frame 23 time is 0.341ms
04-13 00:57:14.637 25359 25377 I native-activity: Doing egl_swapbuffers_sync 2
04-13 00:57:14.662 25359 25377 I native-activity: Swap 23 time is 26.252ms
04-13 00:57:14.663 25359 25377 I native-activity: Animating
04-13 00:57:14.663 25359 25377 I native-activity: Frame 24 GL error is 0x0
04-13 00:57:14.663 25359 25377 I native-activity: Frame 24 time is 0.336ms
04-13 00:57:14.663 25359 25377 I native-activity: Doing egl_swapbuffers_sync 2
04-13 00:57:14.688 25359 25377 I native-activity: Swap 24 time is 25.111ms
04-13 00:57:14.688 25359 25377 I native-activity: Animating
04-13 00:57:14.688 25359 25377 I native-activity: Frame 25 GL error is 0x0
04-13 00:57:14.688 25359 25377 I native-activity: Frame 25 time is 0.340ms
04-13 00:57:14.688 25359 25377 I native-activity: Doing egl_swapbuffers_sync 2
04-13 00:57:14.713 25359 25377 I native-activity: Swap 25 time is 25.438ms
04-13 00:57:14.714 25359 25377 I native-activity: Animating
04-13 00:57:14.714 25359 25377 I native-activity: Frame 26 GL error is 0x0
04-13 00:57:14.714 25359 25377 I native-activity: Frame 26 time is 0.318ms
04-13 00:57:14.714 25359 25377 I native-activity: Doing egl_swapbuffers_sync 2
04-13 00:57:14.739 25359 25377 I native-activity: Swap 26 time is 25.250ms
04-13 00:57:14.739 25359 25377 I native-activity: Animating
04-13 00:57:14.740 25359 25377 I native-activity: Frame 27 GL error is 0x0
04-13 00:57:14.740 25359 25377 I native-activity: Frame 27 time is 0.414ms
04-13 00:57:14.740 25359 25377 I native-activity: Doing egl_swapbuffers_sync 2
04-13 00:57:14.766 25359 25377 I native-activity: Swap 27 time is 27.063ms
04-13 00:57:14.767 25359 25377 I native-activity: Animating
04-13 00:57:14.767 25359 25377 I native-activity: Frame 28 GL error is 0x0
04-13 00:57:14.767 25359 25377 I native-activity: Frame 28 time is 0.326ms
04-13 00:57:14.767 25359 25377 I native-activity: Doing egl_swapbuffers_sync 2
04-13 00:57:14.791 25359 25377 I native-activity: Swap 28 time is 24.205ms
04-13 00:57:14.791 25359 25377 I native-activity: Animating
04-13 00:57:14.792 25359 25377 I native-activity: Frame 29 GL error is 0x0
04-13 00:57:14.792 25359 25377 I native-activity: Frame 29 time is 0.442ms
04-13 00:57:14.792 25359 25377 I native-activity: Doing egl_swapbuffers_sync 2
04-13 00:57:14.816 25359 25377 I native-activity: Swap 29 time is 24.528ms
04-13 00:57:14.816 25359 25377 I native-activity: Animating
04-13 00:57:14.816 25359 25377 I native-activity: Frame 30 GL error is 0x0
04-13 00:57:14.816 25359 25377 I native-activity: Frame 30 time is 0.306ms
04-13 00:57:14.816 25359 25377 I native-activity: Doing egl_swapbuffers_sync 2
04-13 00:57:14.842 25359 25377 I native-activity: Swap 30 time is 25.841ms
04-13 00:57:14.842 25359 25377 I native-activity: Animating
04-13 00:57:14.864 25359 25377 I native-activity: Frame 31 GL error is 0x500
04-13 00:57:14.864 25359 25377 I native-activity: Frame 31 time is 22.283ms
04-13 00:57:14.864 25359 25377 I native-activity: Doing egl_swapbuffers_sync 2
04-13 00:57:14.873 25359 25377 I native-activity: Swap 31 time is 31.434ms
04-13 00:57:14.874 25359 25377 I native-activity: Animating
04-13 00:57:14.926 25359 25377 I native-activity: Frame 32 GL error is 0x500
04-13 00:57:14.926 25359 25377 I native-activity: Frame 32 time is 52.610ms
04-13 00:57:14.926 25359 25377 I native-activity: Doing egl_swapbuffers_sync 2
04-13 00:57:14.927 25359 25377 I native-activity: Swap 32 time is 52.954ms
04-13 00:57:14.927 25359 25377 I native-activity: Animating
04-13 00:57:14.955 25359 25377 I native-activity: Frame 33 GL error is 0x500
04-13 00:57:14.955 25359 25377 I native-activity: Frame 33 time is 27.945ms
04-13 00:57:14.955 25359 25377 I native-activity: Doing egl_swapbuffers_sync 2
04-13 00:57:14.955 25359 25377 I native-activity: Swap 33 time is 28.286ms
04-13 00:57:14.955 25359 25377 I native-activity: Animating
04-13 00:57:15.093 25359 25377 I native-activity: Frame 34 GL error is 0x500
04-13 00:57:15.093 25359 25377 I native-activity: Frame 34 time is 137.852ms
04-13 00:57:15.093 25359 25377 I native-activity: Doing egl_swapbuffers_sync 2
04-13 00:57:15.093 25359 25377 I native-activity: Swap 34 time is 138.286ms
04-13 00:57:15.094 25359 25377 I native-activity: Animating
04-13 00:57:15.110    82    82 I Kernel  : [46273.783450].(0)[82:mtk charger_hv_]charging_reset_watch_dog_timer
04-13 00:57:15.110    82    82 I Kernel  : [46273.784319].(0)[82:mtk charger_hv_]array_size = 16 
04-13 00:57:15.130 25359 25377 I native-activity: Frame 35 GL error is 0x500
04-13 00:57:15.130 25359 25377 I native-activity: Frame 35 time is 36.411ms
04-13 00:57:15.130 25359 25377 I native-activity: Doing egl_swapbuffers_sync 2
04-13 00:57:15.130 25359 25377 I native-activity: Swap 35 time is 36.761ms
04-13 00:57:15.131 25359 25377 I native-activity: Animating
04-13 00:57:15.480 25359 25377 I native-activity: Frame 36 GL error is 0x500
04-13 00:57:15.480 25359 25377 I native-activity: Frame 36 time is 349.954ms
04-13 00:57:15.481 25359 25377 I native-activity: Doing egl_swapbuffers_sync 2
04-13 00:57:15.481 25359 25377 I native-activity: Swap 36 time is 350.436ms
04-13 00:57:15.481 25359 25377 I native-activity: Animating
04-13 00:57:15.511  1787  1787 I AmazonLocationController: onWifiSignalChanged : connected : true
04-13 00:57:15.612 25359 25377 I native-activity: Frame 37 GL error is 0x501
04-13 00:57:15.612 25359 25377 I native-activity: Frame 37 time is 130.452ms
04-13 00:57:15.612 25359 25377 I native-activity: Doing egl_swapbuffers_sync 2
04-13 00:57:15.612 25359 25377 I native-activity: Swap 37 time is 130.908ms
04-13 00:57:15.612 25359 25377 I native-activity: Animating
04-13 00:57:15.624 25359 25377 I native-activity: Frame 38 GL error is 0x501
04-13 00:57:15.624 25359 25377 I native-activity: Frame 38 time is 12.107ms
04-13 00:57:15.624 25359 25377 I native-activity: Doing egl_swapbuffers_sync 2
04-13 00:57:15.668 25359 25377 I native-activity: Swap 38 time is 55.593ms
04-13 00:57:15.668 25359 25377 I native-activity: Animating
04-13 00:57:15.683 25359 25377 I native-activity: Frame 39 GL error is 0x0
04-13 00:57:15.683 25359 25377 I native-activity: Frame 39 time is 14.854ms
04-13 00:57:15.683 25359 25377 I native-activity: Doing egl_swapbuffers_sync 2
04-13 00:57:15.683 25359 25377 I native-activity: Swap 39 time is 15.301ms
04-13 00:57:15.684 25359 25377 I native-activity: Animating
04-13 00:57:15.694 25359 25377 I native-activity: Frame 40 GL error is 0x0
04-13 00:57:15.694 25359 25377 I native-activity: Frame 40 time is 10.535ms
04-13 00:57:15.694 25359 25377 I native-activity: Doing egl_swapbuffers_sync 2
04-13 00:57:15.741 25359 25377 I native-activity: Swap 40 time is 57.038ms
04-13 00:57:15.741 25359 25377 I native-activity: Animating
04-13 00:57:15.750 25359 25377 I native-activity: Frame 41 GL error is 0x0
04-13 00:57:15.750 25359 25377 I native-activity: Frame 41 time is 9.284ms
04-13 00:57:15.750 25359 25377 I native-activity: Doing egl_swapbuffers_sync 2
04-13 00:57:15.751 25359 25377 I native-activity: Swap 41 time is 9.733ms
04-13 00:57:15.751 25359 25377 I native-activity: Animating
04-13 00:57:15.740 24211 24392 I Kernel  : [46274.416624]Mali<2>:
04-13 00:57:15.740 24211 24392 I Kernel  : Session has ended
04-13 00:57:15.761 25359 25377 I native-activity: Frame 42 GL error is 0x0
04-13 00:57:15.761 25359 25377 I native-activity: Frame 42 time is 10.427ms
04-13 00:57:15.761 25359 25377 I native-activity: Doing egl_swapbuffers_sync 2
04-13 00:57:15.775   917  2109 I ActivityManager: Process com.amazon.venezia (pid 24211) has died
04-13 00:57:15.775   917  1641 D WifiService: Client connection lost with reason: 4
04-13 00:57:15.775   917  2109 D ActivityManager: cleanUpApplicationRecord -- 24211
04-13 00:57:15.781   917  2115 D ConnectivityService: ConnectivityService NetworkRequestInfo binderDied(NetworkRequest [ id=72, legacyType=-1, [ Capabilities: INTERNET&NOT_RESTRICTED&TRUSTED&NOT_VPN] ], android.os.BinderProxy@10cbce5d)
04-13 00:57:15.783   917  1641 D WifiService: Client connection lost with reason: 4
04-13 00:57:15.783   917 25027 E WifiService: Multicaster binderDied
04-13 00:57:15.784   917  1766 E WifiService: Multicaster binderDied
04-13 00:57:15.770 12992 12992 I Kernel  : [46274.448024][wlan] wlanSetMulticastListWorkQueue: (INIT INFO)
04-13 00:57:15.770 12992 12992 I Kernel  : wlanSetMulticastListWorkQueue start...
04-13 00:57:15.791   917  1642 D ConnectivityService: releasing NetworkRequest NetworkRequest [ id=72, legacyType=-1, [ Capabilities: INTERNET&NOT_RESTRICTED&TRUSTED&NOT_VPN] ]
04-13 00:57:15.780   917  1642 I Kernel  : [46274.461361].(0)[1642:ConnectivitySer]binder: read put err 29189 to user b9311820, thread error 29189:29185
04-13 00:57:15.790  2137  2137 I Kernel  : [46274.461755][wlan] statsInfoEnvRequest: (INIT INFO)
04-13 00:57:15.790  2137  2137 I Kernel  : statsInfoEnvRequest cmd ok.
04-13 00:57:15.790 12992 12992 I Kernel  : [46274.462661][wlan] wlanSetMulticastListWorkQueue: (INIT INFO)
04-13 00:57:15.790 12992 12992 I Kernel  : wlanSetMulticastListWorkQueue end
04-13 00:57:15.790 12992 12992 I Kernel  : [46274.462721][wlan] wlanSetMulticastListWorkQueue: (INIT INFO)
04-13 00:57:15.790 12992 12992 I Kernel  : wlanSetMulticastListWorkQueue start...
04-13 00:57:15.790  2137  2137 I Kernel  : [46274.463079][wlan] nicTxReleaseResource: (TX STATE)
04-13 00:57:15.790  2137  2137 I Kernel  : Release: TC4 count 1, Free=1; TC5 count 0, Free=2
04-13 00:57:15.790  2137  2137 I Kernel  : [46274.463226][wlan] statsInfoEnvDisplay: (INIT INFO)
04-13 00:57:15.790  2137  2137 I Kernel  : <stats> Display stats for [b0:48:7a:cb:7c:ec]: 668B 34038ms
04-13 00:57:15.790  2137  2137 I Kernel  : [46274.463262][wlan] statsInfoEnvDisplay: (INIT INFO)
04-13 00:57:15.790  2137  2137 I Kernel  : <stats> TPAM(0x3) RTS(0 0) BA(0x41 0) OS(362558) OK(11 7) ERR(0 0 0 0 0 0 0)
04-13 00:57:15.790  2137  2137 I Kernel  : [46274.463290][wlan] statsInfoEnvDisplay: (INIT INFO)
04-13 00:57:15.790  2137  2137 I Kernel  : <stats> TRATE (0 0 0 0 0 0 0 0 0 0 0 0 0 0 0 0) (5 0 0 2 0 0 0 0)
04-13 00:57:15.790  2137  2137 I Kernel  : [46274.463321][wlan] statsInfoEnvDisplay: (INIT INFO)
04-13 00:57:15.790  2137  2137 I Kernel  : <stats> TREORDER (0 0 0)
04-13 00:57:15.790  2137  2137 I Kernel  : [46274.463357][wlan] statsInfoEnvDisplay: (INIT INFO)
04-13 00:57:15.790  2137  2137 I Kernel  : <stats> RX(84 4 0) BA(0x41 0) OK(100 100) ERR(0)
04-13 00:57:15.790  2137  2137 I Kernel  : [46274.463379][wlan] statsInfoEnvDisplay: (INIT INFO)
04-13 00:57:15.790  2137  2137 I Kernel  : <stats> RCCK (0 0 0 90 0 0 0 0 0 0 0 0 0 0 0 0)
04-13 00:57:15.790  2137  2137 I Kernel  : [46274.463404][wlan] statsInfoEnvDisplay: (INIT INFO)
04-13 00:57:15.790  2137  2137 I Kernel  : <stats> ROFDM (0 0 0 0 0 0 0 0 0 0 0 0 0 0 0 0)
04-13 00:57:15.790  2137  2137 I Kernel  : [46274.463433][wlan] statsInfoEnvDisplay: (INIT INFO)
04-13 00:57:15.790  2137  2137 I Kernel  : <stats> RHT (0 0 0 0 8 2 0 0 0 0 0 0 0 0 0 0)
04-13 00:57:15.790  2137  2137 I Kernel  : [46274.463458][wlan] statsInfoEnvDisplay: (INIT INFO)
04-13 00:57:15.790  2137  2137 I Kernel  : <stats> StayIntH2M us (20 23 31) (0 19 19) (0 0 0)
04-13 00:57:15.790  2137  2137 I Kernel  : [46274.463480][wlan] statsInfoEnvDisplay: (INIT INFO)
04-13 00:57:15.790  2137  2137 I Kernel  : <stats> AirTime us (192 1056 1280) (0 1312 1312) (0 0 0)
04-13 00:57:15.790  2137  2137 I Kernel  : [46274.463517][wlan] statsInfoEnvDisplay: (INIT INFO)
04-13 00:57:15.790  2137  2137 I Kernel  : <stats> StayInt us (232 1146 1794_120901) (0 1381 1381_121063) (0 0 0_0)
04-13 00:57:15.790  2137  2137 I Kernel  : [46274.463559][wlan] statsInfoEnvDisplay: (INIT INFO)
04-13 00:57:15.790  2137  2137 I Kernel  : <stats> StayIntD2T us (336 1814 19838) (0 1499 1499) (0 0 0)
04-13 00:57:15.790  2137  2137 I Kernel  : [46274.463586][wlan] statsInfoEnvDisplay: (INIT INFO)
04-13 00:57:15.790  2137  2137 I Kernel  : <stats> StayIntR_M2H us (30 44 71) (0 0 0) (0 37 37)
04-13 00:57:15.790  2137  2137 I Kernel  : [46274.463608][wlan] statsInfoEnvDisplay: (INIT INFO)
04-13 00:57:15.790  2137  2137 I Kernel  : <stats> StayIntR_H2D us (0 0 0) (0 0 0) (0 0 0)
04-13 00:57:15.790  2137  2137 I Kernel  : [46274.463630][wlan] statsInfoEnvDisplay: (INIT INFO)
