04-13 00:40:09.560 22070 22103 I native-activity: Swap 430 time is 20.015ms
04-13 00:40:09.560 22070 22103 I native-activity: Animating
04-13 00:40:09.568 22070 22103 I native-activity: Frame 431 GL error is 0x0
04-13 00:40:09.568 22070 22103 I native-activity: Frame 431 time is 7.712ms
04-13 00:40:09.568 22070 22103 I native-activity: Doing egl_swapbuffers_sync 1
04-13 00:40:09.568 22070 22103 D native-activity: Reading pixels format 0x1908 type 0x1401 bpp 4
04-13 00:40:09.580 22070 22103 I native-activity: Read pixels, GL error is 0x0
04-13 00:40:09.580 22070 22103 I native-activity: Swap 431 time is 19.694ms
04-13 00:40:09.580 22070 22103 I native-activity: Animating
04-13 00:40:09.588 22070 22103 I native-activity: Frame 432 GL error is 0x0
04-13 00:40:09.588 22070 22103 I native-activity: Frame 432 time is 7.751ms
04-13 00:40:09.588 22070 22103 I native-activity: Doing egl_swapbuffers_sync 1
04-13 00:40:09.588 22070 22103 D native-activity: Reading pixels format 0x1908 type 0x1401 bpp 4
04-13 00:40:09.599 22070 22103 I native-activity: Read pixels, GL error is 0x0
04-13 00:40:09.600 22070 22103 I native-activity: Swap 432 time is 19.733ms
04-13 00:40:09.600 22070 22103 I native-activity: Animating
04-13 00:40:09.608 22070 22103 I native-activity: Frame 433 GL error is 0x0
04-13 00:40:09.608 22070 22103 I native-activity: Frame 433 time is 8.042ms
04-13 00:40:09.608 22070 22103 I native-activity: Doing egl_swapbuffers_sync 1
04-13 00:40:09.608 22070 22103 D native-activity: Reading pixels format 0x1908 type 0x1401 bpp 4
04-13 00:40:09.620 22070 22103 I native-activity: Read pixels, GL error is 0x0
04-13 00:40:09.620 22070 22103 I native-activity: Swap 433 time is 20.339ms
04-13 00:40:09.620 22070 22103 I native-activity: Animating
04-13 00:40:09.628 22070 22103 I native-activity: Frame 434 GL error is 0x0
04-13 00:40:09.628 22070 22103 I native-activity: Frame 434 time is 7.871ms
04-13 00:40:09.628 22070 22103 I native-activity: Doing egl_swapbuffers_sync 1
04-13 00:40:09.628 22070 22103 D native-activity: Reading pixels format 0x1908 type 0x1401 bpp 4
04-13 00:40:09.640 22070 22103 I native-activity: Read pixels, GL error is 0x0
04-13 00:40:09.640 22070 22103 I native-activity: Swap 434 time is 19.757ms
04-13 00:40:09.640 22070 22103 I native-activity: Animating
04-13 00:40:09.648 22070 22103 I native-activity: Frame 435 GL error is 0x0
04-13 00:40:09.648 22070 22103 I native-activity: Frame 435 time is 7.695ms
04-13 00:40:09.648 22070 22103 I native-activity: Doing egl_swapbuffers_sync 1
04-13 00:40:09.648 22070 22103 D native-activity: Reading pixels format 0x1908 type 0x1401 bpp 4
04-13 00:40:09.660 22070 22103 I native-activity: Read pixels, GL error is 0x0
04-13 00:40:09.660 22070 22103 I native-activity: Swap 435 time is 19.806ms
04-13 00:40:09.660 22070 22103 I native-activity: Animating
04-13 00:40:09.673 22070 22103 I native-activity: Frame 436 GL error is 0x0
04-13 00:40:09.673 22070 22103 I native-activity: Frame 436 time is 12.589ms
04-13 00:40:09.673 22070 22103 I native-activity: Doing egl_swapbuffers_sync 1
04-13 00:40:09.673 22070 22103 D native-activity: Reading pixels format 0x1908 type 0x1401 bpp 4
04-13 00:40:09.685 22070 22103 I native-activity: Read pixels, GL error is 0x0
04-13 00:40:09.685 22070 22103 I native-activity: Swap 436 time is 25.363ms
04-13 00:40:09.686 22070 22103 I native-activity: Animating
04-13 00:40:09.700 22070 22103 I native-activity: Frame 437 GL error is 0x0
04-13 00:40:09.700 22070 22103 I native-activity: Frame 437 time is 14.868ms
04-13 00:40:09.700 22070 22103 I native-activity: Doing egl_swapbuffers_sync 1
04-13 00:40:09.701 22070 22103 D native-activity: Reading pixels format 0x1908 type 0x1401 bpp 4
04-13 00:40:09.712 22070 22103 I native-activity: Read pixels, GL error is 0x0
04-13 00:40:09.712 22070 22103 I native-activity: Swap 437 time is 26.216ms
04-13 00:40:09.712 22070 22103 I native-activity: Animating
04-13 00:40:09.727 22070 22103 I native-activity: Frame 438 GL error is 0x0
04-13 00:40:09.727 22070 22103 I native-activity: Frame 438 time is 15.166ms
04-13 00:40:09.727 22070 22103 I native-activity: Doing egl_swapbuffers_sync 1
04-13 00:40:09.727 22070 22103 D native-activity: Reading pixels format 0x1908 type 0x1401 bpp 4
04-13 00:40:09.738 22070 22103 I native-activity: Read pixels, GL error is 0x0
04-13 00:40:09.738 22070 22103 I native-activity: Swap 438 time is 26.143ms
04-13 00:40:09.738 22070 22103 I native-activity: Animating
04-13 00:40:09.748 22070 22103 I native-activity: Frame 439 GL error is 0x0
04-13 00:40:09.748 22070 22103 I native-activity: Frame 439 time is 9.943ms
04-13 00:40:09.748 22070 22103 I native-activity: Doing egl_swapbuffers_sync 1
04-13 00:40:09.748 22070 22103 D native-activity: Reading pixels format 0x1908 type 0x1401 bpp 4
04-13 00:40:09.759 22070 22103 I native-activity: Read pixels, GL error is 0x0
04-13 00:40:09.759 22070 22103 I native-activity: Swap 439 time is 20.721ms
04-13 00:40:09.759 22070 22103 I native-activity: Animating
04-13 00:40:09.763  1787  1787 I AmazonLocationController: onWifiSignalChanged : connected : true
04-13 00:40:09.778 22070 22103 I native-activity: Frame 440 GL error is 0x0
04-13 00:40:09.778 22070 22103 I native-activity: Frame 440 time is 18.510ms
04-13 00:40:09.778 22070 22103 I native-activity: Doing egl_swapbuffers_sync 1
04-13 00:40:09.778 22070 22103 D native-activity: Reading pixels format 0x1908 type 0x1401 bpp 4
04-13 00:40:09.793 22070 22103 I native-activity: Read pixels, GL error is 0x0
04-13 00:40:09.793 22070 22103 I native-activity: Swap 440 time is 33.648ms
04-13 00:40:09.793 22070 22103 I native-activity: Animating
04-13 00:40:09.807 22070 22103 I native-activity: Frame 441 GL error is 0x0
04-13 00:40:09.807 22070 22103 I native-activity: Frame 441 time is 13.965ms
04-13 00:40:09.807 22070 22103 I native-activity: Doing egl_swapbuffers_sync 1
04-13 00:40:09.807 22070 22103 D native-activity: Reading pixels format 0x1908 type 0x1401 bpp 4
04-13 00:40:09.821 22070 22103 I native-activity: Read pixels, GL error is 0x0
04-13 00:40:09.821 22070 22103 I native-activity: Swap 441 time is 28.306ms
04-13 00:40:09.821 22070 22103 I native-activity: Animating
04-13 00:40:09.836 22070 22103 I native-activity: Frame 442 GL error is 0x0
04-13 00:40:09.836 22070 22103 I native-activity: Frame 442 time is 14.365ms
04-13 00:40:09.836 22070 22103 I native-activity: Doing egl_swapbuffers_sync 1
04-13 00:40:09.836 22070 22103 D native-activity: Reading pixels format 0x1908 type 0x1401 bpp 4
04-13 00:40:09.850 22070 22103 I native-activity: Read pixels, GL error is 0x0
04-13 00:40:09.850 22070 22103 I native-activity: Swap 442 time is 28.474ms
04-13 00:40:09.850 22070 22103 I native-activity: Animating
04-13 00:40:09.864 22070 22103 I native-activity: Frame 443 GL error is 0x0
04-13 00:40:09.864 22070 22103 I native-activity: Frame 443 time is 14.073ms
04-13 00:40:09.864 22070 22103 I native-activity: Doing egl_swapbuffers_sync 1
04-13 00:40:09.864 22070 22103 D native-activity: Reading pixels format 0x1908 type 0x1401 bpp 4
04-13 00:40:09.878 22070 22103 I native-activity: Read pixels, GL error is 0x0
04-13 00:40:09.878 22070 22103 I native-activity: Swap 443 time is 28.044ms
04-13 00:40:09.878 22070 22103 I native-activity: Animating
04-13 00:40:09.870    82    82 I Kernel  : [45248.550019].(0)[82:mtk charger_hv_]charging_reset_watch_dog_timer
04-13 00:40:09.870    82    82 I Kernel  : [45248.550984].(0)[82:mtk charger_hv_]array_size = 16 
04-13 00:40:09.893 22070 22103 I native-activity: Frame 444 GL error is 0x0
04-13 00:40:09.893 22070 22103 I native-activity: Frame 444 time is 15.023ms
04-13 00:40:09.893 22070 22103 I native-activity: Doing egl_swapbuffers_sync 1
04-13 00:40:09.893 22070 22103 D native-activity: Reading pixels format 0x1908 type 0x1401 bpp 4
04-13 00:40:09.906 22070 22103 I native-activity: Read pixels, GL error is 0x0
04-13 00:40:09.907 22070 22103 I native-activity: Swap 444 time is 28.293ms
04-13 00:40:09.907 22070 22103 I native-activity: Animating
04-13 00:40:09.920 22070 22103 I native-activity: Frame 445 GL error is 0x0
04-13 00:40:09.920 22070 22103 I native-activity: Frame 445 time is 13.455ms
04-13 00:40:09.920 22070 22103 I native-activity: Doing egl_swapbuffers_sync 1
04-13 00:40:09.920 22070 22103 D native-activity: Reading pixels format 0x1908 type 0x1401 bpp 4
04-13 00:40:09.934 22070 22103 I native-activity: Read pixels, GL error is 0x0
04-13 00:40:09.934 22070 22103 I native-activity: Swap 445 time is 27.673ms
04-13 00:40:09.935 22070 22103 I native-activity: Animating
04-13 00:40:09.948 22070 22103 I native-activity: Frame 446 GL error is 0x0
04-13 00:40:09.948 22070 22103 I native-activity: Frame 446 time is 13.596ms
04-13 00:40:09.948 22070 22103 I native-activity: Doing egl_swapbuffers_sync 1
04-13 00:40:09.948 22070 22103 D native-activity: Reading pixels format 0x1908 type 0x1401 bpp 4
04-13 00:40:09.962 22070 22103 I native-activity: Read pixels, GL error is 0x0
04-13 00:40:09.962 22070 22103 I native-activity: Swap 446 time is 27.605ms
04-13 00:40:09.962 22070 22103 I native-activity: Animating
04-13 00:40:09.976 22070 22103 I native-activity: Frame 447 GL error is 0x0
04-13 00:40:09.977 22070 22103 I native-activity: Frame 447 time is 14.208ms
04-13 00:40:09.977 22070 22103 I native-activity: Doing egl_swapbuffers_sync 1
04-13 00:40:09.977 22070 22103 D native-activity: Reading pixels format 0x1908 type 0x1401 bpp 4
04-13 00:40:09.990 22070 22103 I native-activity: Read pixels, GL error is 0x0
04-13 00:40:09.990 22070 22103 I native-activity: Swap 447 time is 27.641ms
04-13 00:40:09.990 22070 22103 I native-activity: Animating
04-13 00:40:10.004 22070 22103 I native-activity: Frame 448 GL error is 0x0
04-13 00:40:10.005 22070 22103 I native-activity: Frame 448 time is 14.407ms
04-13 00:40:10.005 22070 22103 I native-activity: Doing egl_swapbuffers_sync 1
04-13 00:40:10.005 22070 22103 D native-activity: Reading pixels format 0x1908 type 0x1401 bpp 4
04-13 00:40:10.018 22070 22103 I native-activity: Read pixels, GL error is 0x0
04-13 00:40:10.018 22070 22103 I native-activity: Swap 448 time is 27.709ms
04-13 00:40:10.018 22070 22103 I native-activity: Animating
04-13 00:40:10.032 22070 22103 I native-activity: Frame 449 GL error is 0x0
04-13 00:40:10.032 22070 22103 I native-activity: Frame 449 time is 13.557ms
04-13 00:40:10.032 22070 22103 I native-activity: Doing egl_swapbuffers_sync 1
04-13 00:40:10.032 22070 22103 D native-activity: Reading pixels format 0x1908 type 0x1401 bpp 4
04-13 00:40:10.045 22070 22103 I native-activity: Read pixels, GL error is 0x0
04-13 00:40:10.045 22070 22103 I native-activity: Swap 449 time is 26.934ms
04-13 00:40:10.045 22070 22103 I native-activity: Animating
04-13 00:40:10.059 22070 22103 I native-activity: Frame 450 GL error is 0x0
04-13 00:40:10.059 22070 22103 I native-activity: Frame 450 time is 13.545ms
04-13 00:40:10.059 22070 22103 I native-activity: Doing egl_swapbuffers_sync 1
04-13 00:40:10.059 22070 22103 D native-activity: Reading pixels format 0x1908 type 0x1401 bpp 4
04-13 00:40:10.072 22070 22103 I native-activity: Read pixels, GL error is 0x0
04-13 00:40:10.072 22070 22103 I native-activity: Swap 450 time is 27.008ms
04-13 00:40:10.072 22070 22103 I native-activity: Animating
04-13 00:40:10.085 22070 22103 I native-activity: Frame 451 GL error is 0x0
04-13 00:40:10.085 22070 22103 I native-activity: Frame 451 time is 13.008ms
04-13 00:40:10.085 22070 22103 I native-activity: Doing egl_swapbuffers_sync 1
04-13 00:40:10.085 22070 22103 D native-activity: Reading pixels format 0x1908 type 0x1401 bpp 4
04-13 00:40:10.099 22070 22103 I native-activity: Read pixels, GL error is 0x0
04-13 00:40:10.099 22070 22103 I native-activity: Swap 451 time is 26.505ms
04-13 00:40:10.099 22070 22103 I native-activity: Animating
04-13 00:40:10.112 22070 22103 I native-activity: Frame 452 GL error is 0x0
04-13 00:40:10.112 22070 22103 I native-activity: Frame 452 time is 13.438ms
04-13 00:40:10.112 22070 22103 I native-activity: Doing egl_swapbuffers_sync 1
04-13 00:40:10.113 22070 22103 D native-activity: Reading pixels format 0x1908 type 0x1401 bpp 4
04-13 00:40:10.126 22070 22103 I native-activity: Read pixels, GL error is 0x0
04-13 00:40:10.126 22070 22103 I native-activity: Swap 452 time is 27.456ms
04-13 00:40:10.127 22070 22103 I native-activity: Animating
04-13 00:40:10.140 22070 22103 I native-activity: Frame 453 GL error is 0x0
04-13 00:40:10.140 22070 22103 I native-activity: Frame 453 time is 13.068ms
04-13 00:40:10.140 22070 22103 I native-activity: Doing egl_swapbuffers_sync 1
04-13 00:40:10.140 22070 22103 D native-activity: Reading pixels format 0x1908 type 0x1401 bpp 4
04-13 00:40:10.153 22070 22103 I native-activity: Read pixels, GL error is 0x0
04-13 00:40:10.153 22070 22103 I native-activity: Swap 453 time is 26.686ms
04-13 00:40:10.153 22070 22103 I native-activity: Animating
04-13 00:40:10.167 22070 22103 I native-activity: Frame 454 GL error is 0x0
04-13 00:40:10.167 22070 22103 I native-activity: Frame 454 time is 13.999ms
04-13 00:40:10.168 22070 22103 I native-activity: Doing egl_swapbuffers_sync 1
04-13 00:40:10.168 22070 22103 D native-activity: Reading pixels format 0x1908 type 0x1401 bpp 4
04-13 00:40:10.181 22070 22103 I native-activity: Read pixels, GL error is 0x0
04-13 00:40:10.181 22070 22103 I native-activity: Swap 454 time is 27.280ms
04-13 00:40:10.181 22070 22103 I native-activity: Animating
04-13 00:40:10.194 22070 22103 I native-activity: Frame 455 GL error is 0x0
04-13 00:40:10.194 22070 22103 I native-activity: Frame 455 time is 13.249ms
04-13 00:40:10.194 22070 22103 I native-activity: Doing egl_swapbuffers_sync 1
04-13 00:40:10.194 22070 22103 D native-activity: Reading pixels format 0x1908 type 0x1401 bpp 4
04-13 00:40:10.208 22070 22103 I native-activity: Read pixels, GL error is 0x0
04-13 00:40:10.208 22070 22103 I native-activity: Swap 455 time is 27.218ms
04-13 00:40:10.208 22070 22103 I native-activity: Animating
04-13 00:40:10.221 22070 22103 I native-activity: Frame 456 GL error is 0x0
04-13 00:40:10.221 22070 22103 I native-activity: Frame 456 time is 13.064ms
04-13 00:40:10.221 22070 22103 I native-activity: Doing egl_swapbuffers_sync 1
04-13 00:40:10.221 22070 22103 D native-activity: Reading pixels format 0x1908 type 0x1401 bpp 4
04-13 00:40:10.235 22070 22103 I native-activity: Read pixels, GL error is 0x0
04-13 00:40:10.235 22070 22103 I native-activity: Swap 456 time is 27.074ms
04-13 00:40:10.236 22070 22103 I native-activity: Animating
04-13 00:40:10.249 22070 22103 I native-activity: Frame 457 GL error is 0x0
04-13 00:40:10.249 22070 22103 I native-activity: Frame 457 time is 13.329ms
04-13 00:40:10.249 22070 22103 I native-activity: Doing egl_swapbuffers_sync 1
04-13 00:40:10.249 22070 22103 D native-activity: Reading pixels format 0x1908 type 0x1401 bpp 4
04-13 00:40:10.262 22070 22103 I native-activity: Read pixels, GL error is 0x0
04-13 00:40:10.262 22070 22103 I native-activity: Swap 457 time is 26.648ms
04-13 00:40:10.262 22070 22103 I native-activity: Animating
04-13 00:40:10.275 22070 22103 I native-activity: Frame 458 GL error is 0x0
04-13 00:40:10.276 22070 22103 I native-activity: Frame 458 time is 13.183ms
04-13 00:40:10.276 22070 22103 I native-activity: Doing egl_swapbuffers_sync 1
04-13 00:40:10.276 22070 22103 D native-activity: Reading pixels format 0x1908 type 0x1401 bpp 4
04-13 00:40:10.289 22070 22103 I native-activity: Read pixels, GL error is 0x0
04-13 00:40:10.289 22070 22103 I native-activity: Swap 458 time is 26.424ms
04-13 00:40:10.289 22070 22103 I native-activity: Animating
04-13 00:40:10.302 22070 22103 I native-activity: Frame 459 GL error is 0x0
04-13 00:40:10.302 22070 22103 I native-activity: Frame 459 time is 13.168ms
04-13 00:40:10.302 22070 22103 I native-activity: Doing egl_swapbuffers_sync 1
04-13 00:40:10.302 22070 22103 D native-activity: Reading pixels format 0x1908 type 0x1401 bpp 4
04-13 00:40:10.300     0     0 I Kernel  : [45248.977626]-(0)[0:swapper/0]dpi vsync
04-13 00:40:10.316 22070 22103 I native-activity: Read pixels, GL error is 0x0
04-13 00:40:10.316 22070 22103 I native-activity: Swap 459 time is 27.175ms
04-13 00:40:10.316 22070 22103 I native-activity: Animating
04-13 00:40:10.330 22070 22103 I native-activity: Frame 460 GL error is 0x0
04-13 00:40:10.330 22070 22103 I native-activity: Frame 460 time is 13.589ms
04-13 00:40:10.330 22070 22103 I native-activity: Doing egl_swapbuffers_sync 1
04-13 00:40:10.330 22070 22103 D native-activity: Reading pixels format 0x1908 type 0x1401 bpp 4
04-13 00:40:10.344 22070 22103 I native-activity: Read pixels, GL error is 0x0
04-13 00:40:10.344 22070 22103 I native-activity: Swap 460 time is 27.572ms
04-13 00:40:10.344 22070 22103 I native-activity: Animating
04-13 00:40:10.357 22070 22103 I native-activity: Frame 461 GL error is 0x0
04-13 00:40:10.357 22070 22103 I native-activity: Frame 461 time is 13.267ms
04-13 00:40:10.357 22070 22103 I native-activity: Doing egl_swapbuffers_sync 1
04-13 00:40:10.357 22070 22103 D native-activity: Reading pixels format 0x1908 type 0x1401 bpp 4
04-13 00:40:10.371 22070 22103 I native-activity: Read pixels, GL error is 0x0
04-13 00:40:10.371 22070 22103 I native-activity: Swap 461 time is 27.122ms
04-13 00:40:10.371 22070 22103 I native-activity: Animating
04-13 00:40:10.403 22070 22103 I native-activity: Frame 462 GL error is 0x501
04-13 00:40:10.403 22070 22103 I native-activity: Frame 462 time is 32.117ms
04-13 00:40:10.403 22070 22103 I native-activity: Doing egl_swapbuffers_sync 1
04-13 00:40:10.404 22070 22103 D native-activity: Reading pixels format 0x1908 type 0x1401 bpp 4
04-13 00:40:10.415 22070 22103 I native-activity: Read pixels, GL error is 0x0
04-13 00:40:10.415 22070 22103 I native-activity: Swap 462 time is 43.261ms
04-13 00:40:10.415 22070 22103 I native-activity: Animating
04-13 00:40:10.424 22070 22103 I native-activity: Frame 463 GL error is 0x0
04-13 00:40:10.424 22070 22103 I native-activity: Frame 463 time is 9.277ms
04-13 00:40:10.424 22070 22103 I native-activity: Doing egl_swapbuffers_sync 1
04-13 00:40:10.424 22070 22103 D native-activity: Reading pixels format 0x1908 type 0x1401 bpp 4
04-13 00:40:10.434 22070 22103 I native-activity: Read pixels, GL error is 0x0
04-13 00:40:10.434 22070 22103 I native-activity: Swap 463 time is 19.746ms
04-13 00:40:10.435 22070 22103 I native-activity: Animating
04-13 00:40:10.439 22070 22103 I native-activity: Frame 464 GL error is 0x0
04-13 00:40:10.439 22070 22103 I native-activity: Frame 464 time is 4.629ms
04-13 00:40:10.439 22070 22103 I native-activity: Doing egl_swapbuffers_sync 1
04-13 00:40:10.439 22070 22103 D native-activity: Reading pixels format 0x1908 type 0x1401 bpp 4
04-13 00:40:10.450 22070 22103 I native-activity: Read pixels, GL error is 0x0
04-13 00:40:10.451 22070 22103 I native-activity: Swap 464 time is 16.026ms
04-13 00:40:10.451 22070 22103 I native-activity: Animating
04-13 00:40:10.455 22070 22103 I native-activity: Frame 465 GL error is 0x0
04-13 00:40:10.455 22070 22103 I native-activity: Frame 465 time is 4.658ms
04-13 00:40:10.455 22070 22103 I native-activity: Doing egl_swapbuffers_sync 1
04-13 00:40:10.455 22070 22103 D native-activity: Reading pixels format 0x1908 type 0x1401 bpp 4
04-13 00:40:10.467 22070 22103 I native-activity: Read pixels, GL error is 0x0
04-13 00:40:10.467 22070 22103 I native-activity: Swap 465 time is 15.920ms
04-13 00:40:10.467 22070 22103 I native-activity: Animating
04-13 00:40:10.475 22070 22103 I native-activity: Frame 466 GL error is 0x0
04-13 00:40:10.475 22070 22103 I native-activity: Frame 466 time is 7.983ms
04-13 00:40:10.475 22070 22103 I native-activity: Doing egl_swapbuffers_sync 1
04-13 00:40:10.475 22070 22103 D native-activity: Reading pixels format 0x1908 type 0x1401 bpp 4
04-13 00:40:10.486 22070 22103 I native-activity: Read pixels, GL error is 0x0
04-13 00:40:10.486 22070 22103 I native-activity: Swap 466 time is 19.162ms
04-13 00:40:10.486 22070 22103 I native-activity: Animating
04-13 00:40:10.496 22070 22103 I native-activity: Frame 467 GL error is 0x0
04-13 00:40:10.496 22070 22103 I native-activity: Frame 467 time is 10.292ms
04-13 00:40:10.496 22070 22103 I native-activity: Doing egl_swapbuffers_sync 1
04-13 00:40:10.496 22070 22103 D native-activity: Reading pixels format 0x1908 type 0x1401 bpp 4
04-13 00:40:10.508 22070 22103 I native-activity: Read pixels, GL error is 0x0
04-13 00:40:10.508 22070 22103 I native-activity: Swap 467 time is 22.304ms
04-13 00:40:10.508 22070 22103 I native-activity: Animating
04-13 00:40:10.522 22070 22103 I native-activity: Frame 468 GL error is 0x0
04-13 00:40:10.523 22070 22103 I native-activity: Frame 468 time is 14.113ms
04-13 00:40:10.523 22070 22103 I native-activity: Doing egl_swapbuffers_sync 1
04-13 00:40:10.523 22070 22103 D native-activity: Reading pixels format 0x1908 type 0x1401 bpp 4
04-13 00:40:10.534 22070 22103 I native-activity: Read pixels, GL error is 0x0
04-13 00:40:10.535 22070 22103 I native-activity: Swap 468 time is 26.060ms
04-13 00:40:10.535 22070 22103 I native-activity: Animating
04-13 00:40:10.569 22070 22103 I native-activity: Frame 469 GL error is 0x501
04-13 00:40:10.569 22070 22103 I native-activity: Frame 469 time is 34.148ms
04-13 00:40:10.569 22070 22103 I native-activity: Doing egl_swapbuffers_sync 1
04-13 00:40:10.569 22070 22103 D native-activity: Reading pixels format 0x1908 type 0x1401 bpp 4
04-13 00:40:10.582 22070 22103 I native-activity: Read pixels, GL error is 0x0
04-13 00:40:10.582 22070 22103 I native-activity: Swap 469 time is 47.276ms
04-13 00:40:10.582 22070 22103 I native-activity: Animating
04-13 00:40:10.598 22070 22103 I native-activity: Frame 470 GL error is 0x0
04-13 00:40:10.598 22070 22103 I native-activity: Frame 470 time is 15.717ms
04-13 00:40:10.598 22070 22103 I native-activity: Doing egl_swapbuffers_sync 1
04-13 00:40:10.598 22070 22103 D native-activity: Reading pixels format 0x1908 type 0x1401 bpp 4
04-13 00:40:10.610 22070 22103 I native-activity: Read pixels, GL error is 0x0
04-13 00:40:10.610 22070 22103 I native-activity: Swap 470 time is 27.852ms
04-13 00:40:10.610 22070 22103 I native-activity: Animating
04-13 00:40:10.626 22070 22103 I native-activity: Frame 471 GL error is 0x0
04-13 00:40:10.626 22070 22103 I native-activity: Frame 471 time is 15.462ms
04-13 00:40:10.626 22070 22103 I native-activity: Doing egl_swapbuffers_sync 1
04-13 00:40:10.626 22070 22103 D native-activity: Reading pixels format 0x1908 type 0x1401 bpp 4
04-13 00:40:10.637 22070 22103 I native-activity: Read pixels, GL error is 0x0
04-13 00:40:10.637 22070 22103 I native-activity: Swap 471 time is 27.202ms
04-13 00:40:10.637 22070 22103 I native-activity: Animating
04-13 00:40:10.652 22070 22103 I native-activity: Frame 472 GL error is 0x0
04-13 00:40:10.652 22070 22103 I native-activity: Frame 472 time is 14.852ms
04-13 00:40:10.652 22070 22103 I native-activity: Doing egl_swapbuffers_sync 1
04-13 00:40:10.652 22070 22103 D native-activity: Reading pixels format 0x1908 type 0x1401 bpp 4
04-13 00:40:10.665 22070 22103 I native-activity: Read pixels, GL error is 0x0
04-13 00:40:10.665 22070 22103 I native-activity: Swap 472 time is 27.633ms
04-13 00:40:10.665 22070 22103 I native-activity: Animating
04-13 00:40:10.680 22070 22103 I native-activity: Frame 473 GL error is 0x0
04-13 00:40:10.681 22070 22103 I native-activity: Frame 473 time is 15.203ms
04-13 00:40:10.681 22070 22103 I native-activity: Doing egl_swapbuffers_sync 1
04-13 00:40:10.681 22070 22103 D native-activity: Reading pixels format 0x1908 type 0x1401 bpp 4
04-13 00:40:10.693 22070 22103 I native-activity: Read pixels, GL error is 0x0
04-13 00:40:10.693 22070 22103 I native-activity: Swap 473 time is 27.335ms
04-13 00:40:10.693 22070 22103 I native-activity: Animating
04-13 00:40:10.708 22070 22103 I native-activity: Frame 474 GL error is 0x0
04-13 00:40:10.708 22070 22103 I native-activity: Frame 474 time is 14.913ms
04-13 00:40:10.708 22070 22103 I native-activity: Doing egl_swapbuffers_sync 1
04-13 00:40:10.708 22070 22103 D native-activity: Reading pixels format 0x1908 type 0x1401 bpp 4
04-13 00:40:10.720 22070 22103 I native-activity: Read pixels, GL error is 0x0
04-13 00:40:10.721 22070 22103 I native-activity: Swap 474 time is 27.739ms
04-13 00:40:10.721 22070 22103 I native-activity: Animating
04-13 00:40:10.736 22070 22103 I native-activity: Frame 475 GL error is 0x0
04-13 00:40:10.736 22070 22103 I native-activity: Frame 475 time is 15.337ms
04-13 00:40:10.736 22070 22103 I native-activity: Doing egl_swapbuffers_sync 1
04-13 00:40:10.736 22070 22103 D native-activity: Reading pixels format 0x1908 type 0x1401 bpp 4
04-13 00:40:10.749 22070 22103 I native-activity: Read pixels, GL error is 0x0
04-13 00:40:10.749 22070 22103 I native-activity: Swap 475 time is 28.490ms
04-13 00:40:10.749 22070 22103 I native-activity: Animating
04-13 00:40:10.766  1787  1787 I AmazonLocationController: onWifiSignalChanged : connected : true
04-13 00:40:10.769 22070 22103 I native-activity: Frame 476 GL error is 0x0
04-13 00:40:10.769 22070 22103 I native-activity: Frame 476 time is 19.393ms
04-13 00:40:10.769 22070 22103 I native-activity: Doing egl_swapbuffers_sync 1
04-13 00:40:10.769 22070 22103 D native-activity: Reading pixels format 0x1908 type 0x1401 bpp 4
04-13 00:40:10.782 22070 22103 I native-activity: Read pixels, GL error is 0x0
04-13 00:40:10.782 22070 22103 I native-activity: Swap 476 time is 32.425ms
04-13 00:40:10.782 22070 22103 I native-activity: Animating
04-13 00:40:10.800 22070 22103 I native-activity: Frame 477 GL error is 0x0
04-13 00:40:10.801 22070 22103 I native-activity: Frame 477 time is 18.485ms
04-13 00:40:10.801 22070 22103 I native-activity: Doing egl_swapbuffers_sync 1
04-13 00:40:10.801 22070 22103 D native-activity: Reading pixels format 0x1908 type 0x1401 bpp 4
04-13 00:40:10.814 22070 22103 I native-activity: Read pixels, GL error is 0x0
04-13 00:40:10.814 22070 22103 I native-activity: Swap 477 time is 32.310ms
04-13 00:40:10.814 22070 22103 I native-activity: Animating
04-13 00:40:10.833 22070 22103 I native-activity: Frame 478 GL error is 0x0
04-13 00:40:10.834 22070 22103 I native-activity: Frame 478 time is 18.977ms
04-13 00:40:10.834 22070 22103 I native-activity: Doing egl_swapbuffers_sync 1
04-13 00:40:10.834 22070 22103 D native-activity: Reading pixels format 0x1908 type 0x1401 bpp 4
04-13 00:40:10.848 22070 22103 I native-activity: Read pixels, GL error is 0x0
04-13 00:40:10.848 22070 22103 I native-activity: Swap 478 time is 33.723ms
04-13 00:40:10.848 22070 22103 I native-activity: Animating
04-13 00:40:10.868 22070 22103 I native-activity: Frame 479 GL error is 0x0
04-13 00:40:10.868 22070 22103 I native-activity: Frame 479 time is 19.524ms
04-13 00:40:10.868 22070 22103 I native-activity: Doing egl_swapbuffers_sync 1
04-13 00:40:10.868 22070 22103 D native-activity: Reading pixels format 0x1908 type 0x1401 bpp 4
04-13 00:40:10.883 22070 22103 I native-activity: Read pixels, GL error is 0x0
04-13 00:40:10.883 22070 22103 I native-activity: Swap 479 time is 34.874ms
04-13 00:40:10.883 22070 22103 I native-activity: Animating
04-13 00:40:10.870    82    82 I Kernel  : [45249.551378].(0)[82:mtk charger_hv_]charging_reset_watch_dog_timer
04-13 00:40:10.880    82    82 I Kernel  : [45249.553773].(2)[82:mtk charger_hv_]array_size = 16 
04-13 00:40:10.902 22070 22103 I native-activity: Frame 480 GL error is 0x0
04-13 00:40:10.902 22070 22103 I native-activity: Frame 480 time is 18.391ms
04-13 00:40:10.902 22070 22103 I native-activity: Doing egl_swapbuffers_sync 1
04-13 00:40:10.902 22070 22103 D native-activity: Reading pixels format 0x1908 type 0x1401 bpp 4
04-13 00:40:10.918 22070 22103 I native-activity: Read pixels, GL error is 0x0
04-13 00:40:10.918 22070 22103 I native-activity: Swap 480 time is 34.829ms
04-13 00:40:10.918 22070 22103 I native-activity: Animating
04-13 00:40:10.934 22070 22103 I native-activity: Frame 481 GL error is 0x0
04-13 00:40:10.935 22070 22103 I native-activity: Frame 481 time is 16.032ms
04-13 00:40:10.935 22070 22103 I native-activity: Doing egl_swapbuffers_sync 1
04-13 00:40:10.935 22070 22103 D native-activity: Reading pixels format 0x1908 type 0x1401 bpp 4
04-13 00:40:10.951 22070 22103 I native-activity: Read pixels, GL error is 0x0
04-13 00:40:10.951 22070 22103 I native-activity: Swap 481 time is 32.611ms
04-13 00:40:10.951 22070 22103 I native-activity: Animating
04-13 00:40:10.968 22070 22103 I native-activity: Frame 482 GL error is 0x0
04-13 00:40:10.968 22070 22103 I native-activity: Frame 482 time is 16.446ms
04-13 00:40:10.968 22070 22103 I native-activity: Doing egl_swapbuffers_sync 1
04-13 00:40:10.968 22070 22103 D native-activity: Reading pixels format 0x1908 type 0x1401 bpp 4
04-13 00:40:10.984 22070 22103 I native-activity: Read pixels, GL error is 0x0
04-13 00:40:10.984 22070 22103 I native-activity: Swap 482 time is 32.888ms
04-13 00:40:10.984 22070 22103 I native-activity: Animating
04-13 00:40:11.000 22070 22103 I native-activity: Frame 483 GL error is 0x0
04-13 00:40:11.000 22070 22103 I native-activity: Frame 483 time is 16.106ms
04-13 00:40:11.000 22070 22103 I native-activity: Doing egl_swapbuffers_sync 1
04-13 00:40:11.001 22070 22103 D native-activity: Reading pixels format 0x1908 type 0x1401 bpp 4
04-13 00:40:11.016 22070 22103 I native-activity: Read pixels, GL error is 0x0
04-13 00:40:11.016 22070 22103 I native-activity: Swap 483 time is 31.537ms
04-13 00:40:11.016 22070 22103 I native-activity: Animating
04-13 00:40:11.032 22070 22103 I native-activity: Frame 484 GL error is 0x0
04-13 00:40:11.032 22070 22103 I native-activity: Frame 484 time is 16.004ms
04-13 00:40:11.032 22070 22103 I native-activity: Doing egl_swapbuffers_sync 1
04-13 00:40:11.032 22070 22103 D native-activity: Reading pixels format 0x1908 type 0x1401 bpp 4
04-13 00:40:11.048 22070 22103 I native-activity: Read pixels, GL error is 0x0
04-13 00:40:11.048 22070 22103 I native-activity: Swap 484 time is 31.644ms
04-13 00:40:11.048 22070 22103 I native-activity: Animating
04-13 00:40:11.063 22070 22103 I native-activity: Frame 485 GL error is 0x0
04-13 00:40:11.063 22070 22103 I native-activity: Frame 485 time is 15.585ms
04-13 00:40:11.063 22070 22103 I native-activity: Doing egl_swapbuffers_sync 1
04-13 00:40:11.064 22070 22103 D native-activity: Reading pixels format 0x1908 type 0x1401 bpp 4
04-13 00:40:11.079 22070 22103 I native-activity: Read pixels, GL error is 0x0
04-13 00:40:11.079 22070 22103 I native-activity: Swap 485 time is 31.198ms
04-13 00:40:11.079 22070 22103 I native-activity: Animating
04-13 00:40:11.095 22070 22103 I native-activity: Frame 486 GL error is 0x0
04-13 00:40:11.095 22070 22103 I native-activity: Frame 486 time is 15.527ms
04-13 00:40:11.095 22070 22103 I native-activity: Doing egl_swapbuffers_sync 1
04-13 00:40:11.095 22070 22103 D native-activity: Reading pixels format 0x1908 type 0x1401 bpp 4
04-13 00:40:11.110 22070 22103 I native-activity: Read pixels, GL error is 0x0
04-13 00:40:11.110 22070 22103 I native-activity: Swap 486 time is 31.058ms
04-13 00:40:11.110 22070 22103 I native-activity: Animating
04-13 00:40:11.126 22070 22103 I native-activity: Frame 487 GL error is 0x0
04-13 00:40:11.126 22070 22103 I native-activity: Frame 487 time is 15.465ms
04-13 00:40:11.126 22070 22103 I native-activity: Doing egl_swapbuffers_sync 1
04-13 00:40:11.126 22070 22103 D native-activity: Reading pixels format 0x1908 type 0x1401 bpp 4
04-13 00:40:11.141 22070 22103 I native-activity: Read pixels, GL error is 0x0
04-13 00:40:11.141 22070 22103 I native-activity: Swap 487 time is 30.960ms
04-13 00:40:11.142 22070 22103 I native-activity: Animating
04-13 00:40:11.158 22070 22103 I native-activity: Frame 488 GL error is 0x0
04-13 00:40:11.158 22070 22103 I native-activity: Frame 488 time is 16.909ms
04-13 00:40:11.159 22070 22103 I native-activity: Doing egl_swapbuffers_sync 1
04-13 00:40:11.159 22070 22103 D native-activity: Reading pixels format 0x1908 type 0x1401 bpp 4
04-13 00:40:11.174 22070 22103 I native-activity: Read pixels, GL error is 0x0
04-13 00:40:11.174 22070 22103 I native-activity: Swap 488 time is 32.472ms
04-13 00:40:11.174 22070 22103 I native-activity: Animating
04-13 00:40:11.192 22070 22103 I native-activity: Frame 489 GL error is 0x0
04-13 00:40:11.192 22070 22103 I native-activity: Frame 489 time is 17.575ms
04-13 00:40:11.192 22070 22103 I native-activity: Doing egl_swapbuffers_sync 1
04-13 00:40:11.192 22070 22103 D native-activity: Reading pixels format 0x1908 type 0x1401 bpp 4
04-13 00:40:11.210 22070 22103 I native-activity: Read pixels, GL error is 0x0
04-13 00:40:11.210 22070 22103 I native-activity: Swap 489 time is 35.516ms
04-13 00:40:11.210 22070 22103 I native-activity: Animating
04-13 00:40:11.223   917  2109 W AmazonActivityManagerService: packageLifetimeHint: amazon.internal.SystemJumpTable$ProcessRecord@3d96272 is active, cannot move
04-13 00:40:11.224  2059  2059 W Precog  : PackagePrewarmActor: Call to packageLifetimeHint failed, res = -1
04-13 00:40:11.226  2059  2059 I Vlog    : PfxPrecog:LruHint:fgtracking=false;DV;1,key=confidence;DV;1,Counter=1.000000;CT;1,unit=null;DV;1,metadata=version%235510%7Cpkg%23com.amazon.firelauncher%7C;DV;1:HI
04-13 00:40:11.226  2059  2059 I Vlog    : PfxPrecog:LruHint:fgtracking=false;DV;1,key=failure;DV;1,Counter=1.000000;CT;1,unit=null;DV;1,metadata=version%235510%7Cpkg%23com.amazon.firelauncher%7C;DV;1:HI
04-13 00:40:11.226 22070 22103 I native-activity: Frame 490 GL error is 0x0
04-13 00:40:11.226 22070 22103 I native-activity: Frame 490 time is 16.573ms
04-13 00:40:11.227 22070 22103 I native-activity: Doing egl_swapbuffers_sync 1
04-13 00:40:11.227 22070 22103 D native-activity: Reading pixels format 0x1908 type 0x1401 bpp 4
04-13 00:40:11.241 22070 22103 I native-activity: Read pixels, GL error is 0x0
04-13 00:40:11.241 22070 22103 I native-activity: Swap 490 time is 31.323ms
04-13 00:40:11.241 22070 22103 I native-activity: Animating
04-13 00:40:11.250 22070 22103 I native-activity: Frame 491 GL error is 0x0
04-13 00:40:11.250 22070 22103 I native-activity: Frame 491 time is 8.856ms
04-13 00:40:11.250 22070 22103 I native-activity: Doing egl_swapbuffers_sync 1
04-13 00:40:11.250 22070 22103 D native-activity: Reading pixels format 0x1908 type 0x1401 bpp 4
04-13 00:40:11.265 22070 22103 I native-activity: Read pixels, GL error is 0x0
04-13 00:40:11.265 22070 22103 I native-activity: Swap 491 time is 23.634ms
04-13 00:40:11.265 22070 22103 I native-activity: Animating
04-13 00:40:11.274 22070 22103 I native-activity: Frame 492 GL error is 0x0
04-13 00:40:11.274 22070 22103 I native-activity: Frame 492 time is 9.402ms
04-13 00:40:11.274 22070 22103 I native-activity: Doing egl_swapbuffers_sync 1
04-13 00:40:11.275 22070 22103 D native-activity: Reading pixels format 0x1908 type 0x1401 bpp 4
04-13 00:40:11.289 22070 22103 I native-activity: Read pixels, GL error is 0x0
04-13 00:40:11.289 22070 22103 I native-activity: Swap 492 time is 24.003ms
04-13 00:40:11.289 22070 22103 I native-activity: Animating
04-13 00:40:11.298 22070 22103 I native-activity: Frame 493 GL error is 0x0
04-13 00:40:11.298 22070 22103 I native-activity: Frame 493 time is 8.799ms
04-13 00:40:11.298 22070 22103 I native-activity: Doing egl_swapbuffers_sync 1
04-13 00:40:11.298 22070 22103 D native-activity: Reading pixels format 0x1908 type 0x1401 bpp 4
04-13 00:40:11.313 22070 22103 I native-activity: Read pixels, GL error is 0x0
04-13 00:40:11.313 22070 22103 I native-activity: Swap 493 time is 23.670ms
04-13 00:40:11.313 22070 22103 I native-activity: Animating
04-13 00:40:11.327 22070 22103 I native-activity: Frame 494 GL error is 0x0
04-13 00:40:11.327 22070 22103 I native-activity: Frame 494 time is 13.748ms
04-13 00:40:11.327 22070 22103 I native-activity: Doing egl_swapbuffers_sync 1
04-13 00:40:11.327 22070 22103 D native-activity: Reading pixels format 0x1908 type 0x1401 bpp 4
04-13 00:40:11.342 22070 22103 I native-activity: Read pixels, GL error is 0x0
04-13 00:40:11.342 22070 22103 I native-activity: Swap 494 time is 29.193ms
04-13 00:40:11.342 22070 22103 I native-activity: Animating
04-13 00:40:11.358 22070 22103 I native-activity: Frame 495 GL error is 0x0
04-13 00:40:11.358 22070 22103 I native-activity: Frame 495 time is 15.885ms
04-13 00:40:11.358 22070 22103 I native-activity: Doing egl_swapbuffers_sync 1
04-13 00:40:11.358 22070 22103 D native-activity: Reading pixels format 0x1908 type 0x1401 bpp 4
04-13 00:40:11.374 22070 22103 I native-activity: Read pixels, GL error is 0x0
04-13 00:40:11.374 22070 22103 I native-activity: Swap 495 time is 31.498ms
04-13 00:40:11.374 22070 22103 I native-activity: Animating
04-13 00:40:11.390 22070 22103 I native-activity: Frame 496 GL error is 0x0
04-13 00:40:11.390 22070 22103 I native-activity: Frame 496 time is 15.921ms
04-13 00:40:11.390 22070 22103 I native-activity: Doing egl_swapbuffers_sync 1
04-13 00:40:11.390 22070 22103 D native-activity: Reading pixels format 0x1908 type 0x1401 bpp 4
04-13 00:40:11.405 22070 22103 I native-activity: Read pixels, GL error is 0x0
04-13 00:40:11.405 22070 22103 I native-activity: Swap 496 time is 31.393ms
04-13 00:40:11.405 22070 22103 I native-activity: Animating
04-13 00:40:11.422 22070 22103 I native-activity: Frame 497 GL error is 0x0
04-13 00:40:11.422 22070 22103 I native-activity: Frame 497 time is 16.220ms
04-13 00:40:11.422 22070 22103 I native-activity: Doing egl_swapbuffers_sync 1
04-13 00:40:11.422 22070 22103 D native-activity: Reading pixels format 0x1908 type 0x1401 bpp 4
04-13 00:40:11.437 22070 22103 I native-activity: Read pixels, GL error is 0x0
04-13 00:40:11.437 22070 22103 I native-activity: Swap 497 time is 31.757ms
04-13 00:40:11.437 22070 22103 I native-activity: Animating
04-13 00:40:11.455 22070 22103 I native-activity: Frame 498 GL error is 0x0
04-13 00:40:11.455 22070 22103 I native-activity: Frame 498 time is 17.402ms
04-13 00:40:11.455 22070 22103 I native-activity: Doing egl_swapbuffers_sync 1
04-13 00:40:11.455 22070 22103 D native-activity: Reading pixels format 0x1908 type 0x1401 bpp 4
04-13 00:40:11.470 22070 22103 I native-activity: Read pixels, GL error is 0x0
04-13 00:40:11.471 22070 22103 I native-activity: Swap 498 time is 33.088ms
04-13 00:40:11.471 22070 22103 I native-activity: Animating
04-13 00:40:11.485 22070 22103 I native-activity: Frame 499 GL error is 0x0
04-13 00:40:11.485 22070 22103 I native-activity: Frame 499 time is 13.736ms
04-13 00:40:11.485 22070 22103 I native-activity: Doing egl_swapbuffers_sync 1
04-13 00:40:11.485 22070 22103 D native-activity: Reading pixels format 0x1908 type 0x1401 bpp 4
04-13 00:40:11.500 22070 22103 I native-activity: Read pixels, GL error is 0x0
04-13 00:40:11.500 22070 22103 I native-activity: Swap 499 time is 28.969ms
04-13 00:40:11.500 22070 22103 I native-activity: Animating
04-13 00:40:11.510 22070 22103 I native-activity: Frame 500 GL error is 0x0
04-13 00:40:11.510 22070 22103 I native-activity: Frame 500 time is 10.248ms
04-13 00:40:11.510 22070 22103 I native-activity: Doing egl_swapbuffers_sync 1
04-13 00:40:11.510 22070 22103 D native-activity: Reading pixels format 0x1908 type 0x1401 bpp 4
04-13 00:40:11.526 22070 22103 I native-activity: Read pixels, GL error is 0x0
04-13 00:40:11.526 22070 22103 I native-activity: Swap 500 time is 25.644ms
04-13 00:40:11.526 22070 22103 I native-activity: Animating
04-13 00:40:11.536 22070 22103 I native-activity: Frame 501 GL error is 0x0
04-13 00:40:11.536 22070 22103 I native-activity: Frame 501 time is 10.101ms
04-13 00:40:11.536 22070 22103 I native-activity: Doing egl_swapbuffers_sync 1
04-13 00:40:11.536 22070 22103 D native-activity: Reading pixels format 0x1908 type 0x1401 bpp 4
04-13 00:40:11.551 22070 22103 I native-activity: Read pixels, GL error is 0x0
04-13 00:40:11.551 22070 22103 I native-activity: Swap 501 time is 25.208ms
04-13 00:40:11.551 22070 22103 I native-activity: Animating
04-13 00:40:11.563 22070 22103 I native-activity: Frame 502 GL error is 0x0
04-13 00:40:11.563 22070 22103 I native-activity: Frame 502 time is 11.552ms
04-13 00:40:11.563 22070 22103 I native-activity: Doing egl_swapbuffers_sync 1
04-13 00:40:11.563 22070 22103 D native-activity: Reading pixels format 0x1908 type 0x1401 bpp 4
04-13 00:40:11.577 22070 22103 I native-activity: Read pixels, GL error is 0x0
04-13 00:40:11.577 22070 22103 I native-activity: Swap 502 time is 25.994ms
04-13 00:40:11.577 22070 22103 I native-activity: Animating
04-13 00:40:11.586 22070 22103 I native-activity: Frame 503 GL error is 0x0
04-13 00:40:11.586 22070 22103 I native-activity: Frame 503 time is 9.071ms
04-13 00:40:11.586 22070 22103 I native-activity: Doing egl_swapbuffers_sync 1
04-13 00:40:11.586 22070 22103 D native-activity: Reading pixels format 0x1908 type 0x1401 bpp 4
04-13 00:40:11.601 22070 22103 I native-activity: Read pixels, GL error is 0x0
04-13 00:40:11.601 22070 22103 I native-activity: Swap 503 time is 23.787ms
04-13 00:40:11.601 22070 22103 I native-activity: Animating
04-13 00:40:11.612 22070 22103 I native-activity: Frame 504 GL error is 0x0
04-13 00:40:11.612 22070 22103 I native-activity: Frame 504 time is 10.373ms
04-13 00:40:11.612 22070 22103 I native-activity: Doing egl_swapbuffers_sync 1
04-13 00:40:11.612 22070 22103 D native-activity: Reading pixels format 0x1908 type 0x1401 bpp 4
04-13 00:40:11.626 22070 22103 I native-activity: Read pixels, GL error is 0x0
04-13 00:40:11.626 22070 22103 I native-activity: Swap 504 time is 25.102ms
04-13 00:40:11.626 22070 22103 I native-activity: Animating
04-13 00:40:11.635 22070 22103 I native-activity: Frame 505 GL error is 0x0
04-13 00:40:11.635 22070 22103 I native-activity: Frame 505 time is 8.934ms
04-13 00:40:11.635 22070 22103 I native-activity: Doing egl_swapbuffers_sync 1
04-13 00:40:11.635 22070 22103 D native-activity: Reading pixels format 0x1908 type 0x1401 bpp 4
04-13 00:40:11.650 22070 22103 I native-activity: Read pixels, GL error is 0x0
04-13 00:40:11.650 22070 22103 I native-activity: Swap 505 time is 23.478ms
04-13 00:40:11.650 22070 22103 I native-activity: Animating
04-13 00:40:11.659 22070 22103 I native-activity: Frame 506 GL error is 0x0
04-13 00:40:11.659 22070 22103 I native-activity: Frame 506 time is 9.406ms
04-13 00:40:11.660 22070 22103 I native-activity: Doing egl_swapbuffers_sync 1
04-13 00:40:11.660 22070 22103 D native-activity: Reading pixels format 0x1908 type 0x1401 bpp 4
04-13 00:40:11.674 22070 22103 I native-activity: Read pixels, GL error is 0x0
04-13 00:40:11.674 22070 22103 I native-activity: Swap 506 time is 24.224ms
04-13 00:40:11.674 22070 22103 I native-activity: Animating
04-13 00:40:11.685 22070 22103 I native-activity: Frame 507 GL error is 0x0
04-13 00:40:11.685 22070 22103 I native-activity: Frame 507 time is 11.200ms
04-13 00:40:11.686 22070 22103 I native-activity: Doing egl_swapbuffers_sync 1
04-13 00:40:11.686 22070 22103 D native-activity: Reading pixels format 0x1908 type 0x1401 bpp 4
04-13 00:40:11.701 22070 22103 I native-activity: Read pixels, GL error is 0x0
04-13 00:40:11.701 22070 22103 I native-activity: Swap 507 time is 26.451ms
04-13 00:40:11.701 22070 22103 I native-activity: Animating
04-13 00:40:11.714 22070 22103 I native-activity: Frame 508 GL error is 0x0
04-13 00:40:11.714 22070 22103 I native-activity: Frame 508 time is 13.254ms
04-13 00:40:11.714 22070 22103 I native-activity: Doing egl_swapbuffers_sync 1
04-13 00:40:11.714 22070 22103 D native-activity: Reading pixels format 0x1908 type 0x1401 bpp 4
04-13 00:40:11.729 22070 22103 I native-activity: Read pixels, GL error is 0x0
04-13 00:40:11.730 22070 22103 I native-activity: Swap 508 time is 28.683ms
04-13 00:40:11.730 22070 22103 I native-activity: Animating
04-13 00:40:11.746 22070 22103 I native-activity: Frame 509 GL error is 0x0
04-13 00:40:11.746 22070 22103 I native-activity: Frame 509 time is 16.017ms
04-13 00:40:11.746 22070 22103 I native-activity: Doing egl_swapbuffers_sync 1
04-13 00:40:11.746 22070 22103 D native-activity: Reading pixels format 0x1908 type 0x1401 bpp 4
04-13 00:40:11.761 22070 22103 I native-activity: Read pixels, GL error is 0x0
04-13 00:40:11.761 22070 22103 I native-activity: Swap 509 time is 31.522ms
04-13 00:40:11.761 22070 22103 I native-activity: Animating
04-13 00:40:11.767  1787  1787 I AmazonLocationController: onWifiSignalChanged : connected : true
04-13 00:40:11.782 22070 22103 I native-activity: Frame 510 GL error is 0x0
04-13 00:40:11.783 22070 22103 I native-activity: Frame 510 time is 21.110ms
04-13 00:40:11.783 22070 22103 I native-activity: Doing egl_swapbuffers_sync 1
04-13 00:40:11.783 22070 22103 D native-activity: Reading pixels format 0x1908 type 0x1401 bpp 4
04-13 00:40:11.797 22070 22103 I native-activity: Read pixels, GL error is 0x0
04-13 00:40:11.797 22070 22103 I native-activity: Swap 510 time is 35.985ms
04-13 00:40:11.798 22070 22103 I native-activity: Animating
04-13 00:40:11.814 22070 22103 I native-activity: Frame 511 GL error is 0x0
04-13 00:40:11.814 22070 22103 I native-activity: Frame 511 time is 16.034ms
04-13 00:40:11.814 22070 22103 I native-activity: Doing egl_swapbuffers_sync 1
04-13 00:40:11.814 22070 22103 D native-activity: Reading pixels format 0x1908 type 0x1401 bpp 4
04-13 00:40:11.829 22070 22103 I native-activity: Read pixels, GL error is 0x0
04-13 00:40:11.829 22070 22103 I native-activity: Swap 511 time is 31.676ms
04-13 00:40:11.829 22070 22103 I native-activity: Animating
04-13 00:40:11.845 22070 22103 I native-activity: Frame 512 GL error is 0x0
04-13 00:40:11.845 22070 22103 I native-activity: Frame 512 time is 15.758ms
04-13 00:40:11.845 22070 22103 I native-activity: Doing egl_swapbuffers_sync 1
04-13 00:40:11.845 22070 22103 D native-activity: Reading pixels format 0x1908 type 0x1401 bpp 4
04-13 00:40:11.861 22070 22103 I native-activity: Read pixels, GL error is 0x0
04-13 00:40:11.861 22070 22103 I native-activity: Swap 512 time is 31.525ms
04-13 00:40:11.861 22070 22103 I native-activity: Animating
04-13 00:40:11.877 22070 22103 I native-activity: Frame 513 GL error is 0x0
04-13 00:40:11.877 22070 22103 I native-activity: Frame 513 time is 15.543ms
04-13 00:40:11.877 22070 22103 I native-activity: Doing egl_swapbuffers_sync 1
04-13 00:40:11.877 22070 22103 D native-activity: Reading pixels format 0x1908 type 0x1401 bpp 4
04-13 00:40:11.891 22070 22103 I native-activity: Read pixels, GL error is 0x0
04-13 00:40:11.892 22070 22103 I native-activity: Swap 513 time is 30.405ms
04-13 00:40:11.892 22070 22103 I native-activity: Animating
04-13 00:40:11.880    82    82 I Kernel  : [45250.553867].(2)[82:mtk charger_hv_]charging_reset_watch_dog_timer
04-13 00:40:11.880    82    82 I Kernel  : [45250.554997].(2)[82:mtk charger_hv_]array_size = 16 
04-13 00:40:11.908 22070 22103 I native-activity: Frame 514 GL error is 0x0
04-13 00:40:11.908 22070 22103 I native-activity: Frame 514 time is 16.422ms
04-13 00:40:11.908 22070 22103 I native-activity: Doing egl_swapbuffers_sync 1
04-13 00:40:11.908 22070 22103 D native-activity: Reading pixels format 0x1908 type 0x1401 bpp 4
04-13 00:40:11.924 22070 22103 I native-activity: Read pixels, GL error is 0x0
04-13 00:40:11.924 22070 22103 I native-activity: Swap 514 time is 31.951ms
04-13 00:40:11.924 22070 22103 I native-activity: Animating
04-13 00:40:11.941 22070 22103 I native-activity: Frame 515 GL error is 0x0
04-13 00:40:11.941 22070 22103 I native-activity: Frame 515 time is 17.060ms
04-13 00:40:11.941 22070 22103 I native-activity: Doing egl_swapbuffers_sync 1
04-13 00:40:11.941 22070 22103 D native-activity: Reading pixels format 0x1908 type 0x1401 bpp 4
04-13 00:40:11.957 22070 22103 I native-activity: Read pixels, GL error is 0x0
04-13 00:40:11.957 22070 22103 I native-activity: Swap 515 time is 32.874ms
04-13 00:40:11.957 22070 22103 I native-activity: Animating
04-13 00:40:11.973 22070 22103 I native-activity: Frame 516 GL error is 0x0
04-13 00:40:11.973 22070 22103 I native-activity: Frame 516 time is 16.381ms
04-13 00:40:11.973 22070 22103 I native-activity: Doing egl_swapbuffers_sync 1
04-13 00:40:11.973 22070 22103 D native-activity: Reading pixels format 0x1908 type 0x1401 bpp 4
04-13 00:40:11.989 22070 22103 I native-activity: Read pixels, GL error is 0x0
04-13 00:40:11.989 22070 22103 I native-activity: Swap 516 time is 32.105ms
04-13 00:40:11.989 22070 22103 I native-activity: Animating
04-13 00:40:12.003   917  1642 D ConnectivityService: updateNetworkScore for NetworkAgentInfo [WIFI () - 100] to 56
