04-13 00:40:44.568 22291 22324 I native-activity: Animating
04-13 00:40:44.577 22291 22324 I native-activity: Frame 328 GL error is 0x0
04-13 00:40:44.577 22291 22324 I native-activity: Frame 328 time is 8.445ms
04-13 00:40:44.587 20692 22352 I F_C.ProducerClientCompa: Producer com.amazon.kindle.cms.card.producer.NEWSSTAND at API version BrazilVersion(1.4).
04-13 00:40:44.589 20692 20755 D AmazonCMS: CardClient: Pushing 2 cards ***** by producer com.amazon.kindle.cms.card.producer.NEWSSTAND
04-13 00:40:44.592 22291 22324 I native-activity: Swap 328 time is 23.723ms
04-13 00:40:44.592 22291 22324 I native-activity: Animating
04-13 00:40:44.594 20692 22352 I F_C.ProducerClientCompa: Connected to ServerInfo(CDA Version: BrazilVersion(1.3.108.0), Min. Producer: BrazilVersion(1.0), Delete All: true)
04-13 00:40:44.600 22291 22324 I native-activity: Frame 329 GL error is 0x0
04-13 00:40:44.600 22291 22324 I native-activity: Frame 329 time is 8.168ms
04-13 00:40:44.606 20623 21890 I F_C.CardAgentSynchroniz: Throttling producer refresh
04-13 00:40:44.606 20623 21890 W F_C.CardProvider: Producer refresh failed
04-13 00:40:44.615 22291 22324 I native-activity: Swap 329 time is 23.299ms
04-13 00:40:44.616 22291 22324 I native-activity: Animating
04-13 00:40:44.625 22291 22324 I native-activity: Frame 330 GL error is 0x0
04-13 00:40:44.625 22291 22324 I native-activity: Frame 330 time is 9.076ms
04-13 00:40:44.626   917   933 W AccountManagerService: insertAccountIntoDatabase: Account {name=default_account, type=amazon.account}, skipping since the account already exists
04-13 00:40:44.633   917  1764 W AccountManagerService: insertAccountIntoDatabase: Account {name=default_account, type=amazon.account}, skipping since the account already exists
04-13 00:40:44.640 22291 22324 I native-activity: Swap 330 time is 24.128ms
04-13 00:40:44.640 22291 22324 I native-activity: Animating
04-13 00:40:44.647 20692 22339 W asset   : Asset path /system/framework/android.amazon.res.jar is neither a directory nor file (type=1).
04-13 00:40:44.647 20692 22339 W ResourcesManager: Asset path '/system/framework/android.amazon.res.jar' does not exist or contains no resources.
04-13 00:40:44.648 22291 22324 I native-activity: Frame 331 GL error is 0x0
04-13 00:40:44.648 22291 22324 I native-activity: Frame 331 time is 7.758ms
04-13 00:40:44.655   917  1051 W AccountManagerService: insertAccountIntoDatabase: Account {name=default_account, type=amazon.account}, skipping since the account already exists
04-13 00:40:44.663 22291 22324 I native-activity: Swap 331 time is 23.155ms
04-13 00:40:44.663 22291 22324 I native-activity: Animating
04-13 00:40:44.666 20692 20755 D AmazonCMS: Loaded preloaded image from *****
04-13 00:40:44.671 22291 22324 I native-activity: Frame 332 GL error is 0x0
04-13 00:40:44.671 22291 22324 I native-activity: Frame 332 time is 7.309ms
04-13 00:40:44.674   917  1763 W AccountManagerService: insertAccountIntoDatabase: Account {name=default_account, type=amazon.account}, skipping since the account already exists
04-13 00:40:44.686 22291 22324 I native-activity: Swap 332 time is 22.876ms
04-13 00:40:44.686 22291 22324 I native-activity: Animating
04-13 00:40:44.693 22291 22324 I native-activity: Frame 333 GL error is 0x0
04-13 00:40:44.694 22291 22324 I native-activity: Frame 333 time is 7.210ms
04-13 00:40:44.709 22291 22324 I native-activity: Swap 333 time is 22.794ms
04-13 00:40:44.709 22291 22324 I native-activity: Animating
04-13 00:40:44.717 22291 22324 I native-activity: Frame 334 GL error is 0x0
04-13 00:40:44.717 22291 22324 I native-activity: Frame 334 time is 7.837ms
04-13 00:40:44.720 20692 20755 D AmazonCMS: Performing collection sync type DELTA_SYNC for user *****
04-13 00:40:44.725 20692 20755 V AmazonCMS: SyncClient - [SYNC] Syncing Namespace: [*****]
04-13 00:40:44.734 22291 22324 I native-activity: Swap 334 time is 24.678ms
04-13 00:40:44.734 22291 22324 I native-activity: Animating
04-13 00:40:44.742 22291 22324 I native-activity: Frame 335 GL error is 0x0
04-13 00:40:44.742 22291 22324 I native-activity: Frame 335 time is 8.100ms
04-13 00:40:44.758 22291 22324 I native-activity: Swap 335 time is 23.338ms
04-13 00:40:44.758 22291 22324 I native-activity: Animating
04-13 00:40:44.765 22291 22324 I native-activity: Frame 336 GL error is 0x0
04-13 00:40:44.765 22291 22324 I native-activity: Frame 336 time is 7.492ms
04-13 00:40:44.768 20692 21289 I DCP     : [JsonCallExecutor][CallExecutor][225a2b3d-77a6-4ec0-9d30-ffc991991eb4][Auth]GET https://api.amazon.com/whispersync/v2/data/amzn1.account.XXXX/datasets?after=108  (attempt 1)
04-13 00:40:44.770   917  1766 D WifiService: acquireWifiLockLocked: WifiLock{com.amazon.dcp.framework.iuc.ConnectionEstablisherWithConnectivityEnforcement type=1 binder=android.os.BinderProxy@304a5445}
04-13 00:40:44.773 20692 22360 I com.amazon.dcp.framework.ConnectivityEnforcer: Network with type -1 is already connected
04-13 00:40:44.760 20692 22339 I Kernel  : [45283.433830].(1)[22339:Background work]name:Log.main_3359 unmap vm_start a0bce000  end: a0dce000
04-13 00:40:44.781 22291 22324 I native-activity: Swap 336 time is 22.915ms
04-13 00:40:44.781 22291 22324 I native-activity: Animating
04-13 00:40:44.788 22291 22324 I native-activity: Frame 337 GL error is 0x0
04-13 00:40:44.788 22291 22324 I native-activity: Frame 337 time is 6.999ms
04-13 00:40:44.793   917  2113 D ActivityManager: single user service: com.amazon.imp
04-13 00:40:44.794   917  2113 D ActivityManager: app = com.amazon.imp, has single user service, setting process record.
04-13 00:40:44.803 22291 22324 I native-activity: Swap 337 time is 22.192ms
04-13 00:40:44.803 22291 22324 I native-activity: Animating
04-13 00:40:44.806  1787  1787 I AmazonLocationController: onWifiSignalChanged : connected : true
04-13 00:40:44.812 22291 22324 I native-activity: Frame 338 GL error is 0x0
04-13 00:40:44.812 22291 22324 I native-activity: Frame 338 time is 8.836ms
04-13 00:40:44.800 20692 22339 I Kernel  : [45283.479520].(1)[22339:Background work]name:Log.main_3359 unmap vm_start a0bce000  end: a0dce000
04-13 00:40:44.827 22291 22324 I native-activity: Swap 338 time is 23.771ms
04-13 00:40:44.827 22291 22324 I native-activity: Animating
04-13 00:40:44.827 20692 20755 D AmazonCMS: Cached image for package ***** is out of date with package update time (1480592179000,1480592179000) vs. 1491757499034
04-13 00:40:44.829 20692 20755 D AmazonCMS: loading icons for *****
04-13 00:40:44.810 20692 22339 I Kernel  : [45283.488581].(1)[22339:Background work]name:Log.main_3359 unmap vm_start a0bce000  end: a0dce000
04-13 00:40:44.836 22291 22324 I native-activity: Frame 339 GL error is 0x0
04-13 00:40:44.836 22291 22324 I native-activity: Frame 339 time is 8.870ms
04-13 00:40:44.837 20692 20755 D AmazonCMS: Loaded preloaded image from *****
04-13 00:40:44.851 22291 22324 I native-activity: Swap 339 time is 24.161ms
04-13 00:40:44.851 22291 22324 I native-activity: Animating
04-13 00:40:44.858 22291 22324 I native-activity: Frame 340 GL error is 0x0
04-13 00:40:44.858 22291 22324 I native-activity: Frame 340 time is 6.841ms
04-13 00:40:44.866 20692 20755 D AmazonCMS: Loaded preloaded image from *****
04-13 00:40:44.850     0     0 I Kernel  : [45283.524561]-(0)[0:swapper/0]dpi vsync
04-13 00:40:44.874 22291 22324 I native-activity: Swap 340 time is 22.192ms
04-13 00:40:44.874 22291 22324 I native-activity: Animating
04-13 00:40:44.881 22291 22324 I native-activity: Frame 341 GL error is 0x0
04-13 00:40:44.881 22291 22324 I native-activity: Frame 341 time is 7.497ms
04-13 00:40:44.883 20692 20755 D AmazonCMS: Cached image for package ***** is out of date with package update time (1480592179000,1480592179000) vs. 1491757591965
04-13 00:40:44.887 20692 20755 D AmazonCMS: loading icons for *****
04-13 00:40:44.890 20692 20755 D AmazonCMS: Loaded preloaded image from *****
04-13 00:40:44.897 22291 22324 I native-activity: Swap 341 time is 23.067ms
04-13 00:40:44.897 22291 22324 I native-activity: Animating
04-13 00:40:44.903 22291 22324 I native-activity: Frame 342 GL error is 0x0
04-13 00:40:44.903 22291 22324 I native-activity: Frame 342 time is 6.310ms
04-13 00:40:44.918 22291 22324 I native-activity: Swap 342 time is 21.364ms
04-13 00:40:44.919 22291 22324 I native-activity: Animating
04-13 00:40:44.923 20692 20755 D AmazonCMS: Loaded preloaded image from *****
04-13 00:40:44.926 22291 22324 I native-activity: Frame 343 GL error is 0x0
04-13 00:40:44.927 22291 22324 I native-activity: Frame 343 time is 8.013ms
04-13 00:40:44.920    82    82 I Kernel  : [45283.593516].(0)[82:mtk charger_hv_]charging_reset_watch_dog_timer
04-13 00:40:44.920    82    82 I Kernel  : [45283.594405].(0)[82:mtk charger_hv_]array_size = 16 
04-13 00:40:44.942 22291 22324 I native-activity: Swap 343 time is 22.899ms
04-13 00:40:44.942 22291 22324 I native-activity: Animating
04-13 00:40:44.948 22291 22324 I native-activity: Frame 344 GL error is 0x0
04-13 00:40:44.948 22291 22324 I native-activity: Frame 344 time is 6.454ms
04-13 00:40:44.963 22291 22324 I native-activity: Swap 344 time is 21.616ms
04-13 00:40:44.963 22291 22324 I native-activity: Animating
04-13 00:40:44.970 22291 22324 I native-activity: Frame 345 GL error is 0x0
04-13 00:40:44.970 22291 22324 I native-activity: Frame 345 time is 6.503ms
04-13 00:40:44.985 22291 22324 I native-activity: Swap 345 time is 21.558ms
04-13 00:40:44.985 22291 22324 I native-activity: Animating
04-13 00:40:44.992 22291 22324 I native-activity: Frame 346 GL error is 0x0
04-13 00:40:44.992 22291 22324 I native-activity: Frame 346 time is 6.588ms
04-13 00:40:44.997 20692 22339 W asset   : Asset path /system/framework/android.amazon.res.jar is neither a directory nor file (type=1).
04-13 00:40:44.997 20692 22339 W ResourcesManager: Asset path '/system/framework/android.amazon.res.jar' does not exist or contains no resources.
04-13 00:40:45.007 22291 22324 I native-activity: Swap 346 time is 21.635ms
04-13 00:40:45.007 22291 22324 I native-activity: Animating
04-13 00:40:45.013 22291 22324 I native-activity: Frame 347 GL error is 0x0
04-13 00:40:45.014 22291 22324 I native-activity: Frame 347 time is 6.623ms
04-13 00:40:45.018 20692 20755 D AmazonCMS: Cached image for package ***** is out of date with package update time (1480592179000,1480592179000) vs. 1491757484099
04-13 00:40:45.020 20692 20755 D AmazonCMS: loading icons for *****
04-13 00:40:45.025 20692 20755 D AmazonCMS: Loaded preloaded image from *****
04-13 00:40:45.029 22291 22324 I native-activity: Swap 347 time is 21.801ms
04-13 00:40:45.029 22291 22324 I native-activity: Animating
04-13 00:40:45.036 22291 22324 I native-activity: Frame 348 GL error is 0x0
04-13 00:40:45.036 22291 22324 I native-activity: Frame 348 time is 6.750ms
04-13 00:40:45.051 22291 22324 I native-activity: Swap 348 time is 22.049ms
04-13 00:40:45.051 22291 22324 I native-activity: Animating
04-13 00:40:45.058 22291 22324 I native-activity: Frame 349 GL error is 0x0
04-13 00:40:45.058 22291 22324 I native-activity: Frame 349 time is 6.782ms
04-13 00:40:45.059 20692 20755 D AmazonCMS: Loaded preloaded image from *****
04-13 00:40:45.072 20692 20755 D AmazonCMS: Cached image for package ***** is out of date with package update time (1480592179000,1480592179000) vs. 1491757399725
04-13 00:40:45.074 22291 22324 I native-activity: Swap 349 time is 22.559ms
04-13 00:40:45.074 22291 22324 I native-activity: Animating
04-13 00:40:45.076 20692 20755 D AmazonCMS: loading icons for *****
04-13 00:40:45.081 22291 22324 I native-activity: Frame 350 GL error is 0x0
04-13 00:40:45.081 22291 22324 I native-activity: Frame 350 time is 7.552ms
04-13 00:40:45.090 20692 21289 I DCP     : [JsonCallExecutor][CallExecutor][225a2b3d-77a6-4ec0-9d30-ffc991991eb4][Auth]Received response code 200 OK. Total time = 321 ms. Handshake = 62 ms. Upload = 0 ms (0 bytes). Latency = 257 ms. Download = 1 ms (425 bytes).
04-13 00:40:45.093   917  1763 D WifiService: releaseWifiLockLocked: WifiLock{com.amazon.dcp.framework.iuc.ConnectionEstablisherWithConnectivityEnforcement type=1 binder=android.os.BinderProxy@304a5445}
04-13 00:40:45.097 22291 22324 I native-activity: Swap 350 time is 22.863ms
04-13 00:40:45.097 22291 22324 I native-activity: Animating
04-13 00:40:45.098 20692 20755 D AmazonCMS: Loaded preloaded image from *****
04-13 00:40:45.104 22291 22324 I native-activity: Frame 351 GL error is 0x0
04-13 00:40:45.104 22291 22324 I native-activity: Frame 351 time is 7.136ms
04-13 00:40:45.119 22291 22324 I native-activity: Swap 351 time is 22.305ms
04-13 00:40:45.119 22291 22324 I native-activity: Animating
04-13 00:40:45.126 22291 22324 I native-activity: Frame 352 GL error is 0x0
04-13 00:40:45.126 22291 22324 I native-activity: Frame 352 time is 6.569ms
04-13 00:40:45.135 20692 20755 D AmazonCMS: Cached image for package ***** is out of date with package update time (1480592179000,1480592179000) vs. 1491757609120
04-13 00:40:45.140 20692 20755 D AmazonCMS: Loaded preloaded image from *****
04-13 00:40:45.141 22291 22324 I native-activity: Swap 352 time is 22.046ms
04-13 00:40:45.142 22291 22324 I native-activity: Animating
04-13 00:40:45.145 20692 20755 D AmazonCMS: loading icons for *****
04-13 00:40:45.149 20692 20755 D AmazonCMS: Loaded preloaded image from *****
04-13 00:40:45.150 22291 22324 I native-activity: Frame 353 GL error is 0x0
04-13 00:40:45.150 22291 22324 I native-activity: Frame 353 time is 8.439ms
04-13 00:40:45.158 20692 22339 W asset   : Asset path /system/framework/android.amazon.res.jar is neither a directory nor file (type=1).
04-13 00:40:45.158 20692 22339 W ResourcesManager: Asset path '/system/framework/android.amazon.res.jar' does not exist or contains no resources.
04-13 00:40:45.165 22291 22324 I native-activity: Swap 353 time is 23.261ms
04-13 00:40:45.165 22291 22324 I native-activity: Animating
04-13 00:40:45.173 20692 20755 D AmazonCMS: Cached image for package ***** is out of date with package update time (1480592179000,1480592179000) vs. 1491757968262
04-13 00:40:45.173 22291 22324 I native-activity: Frame 354 GL error is 0x0
04-13 00:40:45.173 22291 22324 I native-activity: Frame 354 time is 7.755ms
04-13 00:40:45.174 20692 20755 D AmazonCMS: loading icons for *****
04-13 00:40:45.183 20692 20755 D AmazonCMS: Loaded preloaded image from *****
04-13 00:40:45.188 22291 22324 I native-activity: Swap 354 time is 22.846ms
04-13 00:40:45.188 22291 22324 I native-activity: Animating
04-13 00:40:45.170  2137  2137 I Kernel  : [45283.850041][wlan] nicTxReleaseResource: (TX STATE)
04-13 00:40:45.170  2137  2137 I Kernel  : Release: TC4 count 1, Free=4; TC5 count 0, Free=4
04-13 00:40:45.170  2159  2159 I Kernel  : [45283.850339].(0)[2159:wpa_supplicant]poorlink get state G(361514)F(49)dbad(0)dretry(0)LT(405)RT(-78)W(0)(12190)
04-13 00:40:45.180  2137  2137 I Kernel  : [45283.853708][wlan] nicTxReleaseResource: (TX STATE)
04-13 00:40:45.180  2137  2137 I Kernel  : Release: TC4 count 1, Free=4; TC5 count 0, Free=4
04-13 00:40:45.194 20692 20755 D AmazonCMS: Loaded preloaded image from *****
04-13 00:40:45.195 22291 22324 I native-activity: Frame 355 GL error is 0x0
04-13 00:40:45.195 22291 22324 I native-activity: Frame 355 time is 6.824ms
04-13 00:40:45.203 20692 20755 D AmazonCMS: Cached image for package ***** is out of date with package update time (1480592179000,1480592179000) vs. 1492012848432
04-13 00:40:45.205 20692 20755 D AmazonCMS: loading icons for *****
04-13 00:40:45.210 22291 22324 I native-activity: Swap 355 time is 22.157ms
04-13 00:40:45.210 22291 22324 I native-activity: Animating
04-13 00:40:45.217 20692 20755 D AmazonCMS: Loaded preloaded image from *****
04-13 00:40:45.218 22291 22324 I native-activity: Frame 356 GL error is 0x0
04-13 00:40:45.218 22291 22324 I native-activity: Frame 356 time is 7.794ms
04-13 00:40:45.233 22291 22324 I native-activity: Swap 356 time is 22.818ms
04-13 00:40:45.233 22291 22324 I native-activity: Animating
04-13 00:40:45.246 22291 22324 I native-activity: Frame 357 GL error is 0x0
04-13 00:40:45.246 22291 22324 I native-activity: Frame 357 time is 12.314ms
04-13 00:40:45.250 20692 20755 D AmazonCMS: Loaded preloaded image from *****
04-13 00:40:45.256 20692 20755 D AmazonCMS: Loaded preloaded image from *****
04-13 00:40:45.260 22291 22324 I native-activity: Swap 357 time is 26.740ms
04-13 00:40:45.260 22291 22324 I native-activity: Animating
04-13 00:40:45.268 22291 22324 I native-activity: Frame 358 GL error is 0x0
04-13 00:40:45.269 22291 22324 I native-activity: Frame 358 time is 8.608ms
04-13 00:40:45.284 22291 22324 I native-activity: Swap 358 time is 23.642ms
04-13 00:40:45.284 22291 22324 I native-activity: Animating
04-13 00:40:45.270 20692 20707 I Kernel  : [45283.944467].(2)[20707:GCDaemon]name:Log.amazon_main_1861 unmap vm_start a2877000  end: a287c000
04-13 00:40:45.293 22291 22324 I native-activity: Frame 359 GL error is 0x0
04-13 00:40:45.293 22291 22324 I native-activity: Frame 359 time is 9.404ms
04-13 00:40:45.308 22291 22324 I native-activity: Swap 359 time is 23.892ms
04-13 00:40:45.308 22291 22324 I native-activity: Animating
04-13 00:40:45.317 22291 22324 I native-activity: Frame 360 GL error is 0x0
04-13 00:40:45.317 22291 22324 I native-activity: Frame 360 time is 8.543ms
04-13 00:40:45.317 20692 22339 W asset   : Asset path /system/framework/android.amazon.res.jar is neither a directory nor file (type=1).
04-13 00:40:45.318 20692 22339 W ResourcesManager: Asset path '/system/framework/android.amazon.res.jar' does not exist or contains no resources.
04-13 00:40:45.323 20692 20755 D AmazonCMS: Cached image for package ***** is out of date with package update time (1480592179000,1480592179000) vs. 1491757812346
04-13 00:40:45.324 20692 20755 D AmazonCMS: loading icons for *****
04-13 00:40:45.329 20692 20755 D AmazonCMS: Loaded preloaded image from *****
04-13 00:40:45.332 22291 22324 I native-activity: Swap 360 time is 23.452ms
04-13 00:40:45.332 22291 22324 I native-activity: Animating
04-13 00:40:45.340 22291 22324 I native-activity: Frame 361 GL error is 0x0
04-13 00:40:45.340 22291 22324 I native-activity: Frame 361 time is 7.875ms
04-13 00:40:45.352 20692 20755 D AmazonCMS: Loaded preloaded image from *****
04-13 00:40:45.354 22291 22324 I native-activity: Swap 361 time is 22.592ms
04-13 00:40:45.355 22291 22324 I native-activity: Animating
04-13 00:40:45.362 22291 22324 I native-activity: Frame 362 GL error is 0x0
04-13 00:40:45.362 22291 22324 I native-activity: Frame 362 time is 7.662ms
04-13 00:40:45.377 22291 22324 I native-activity: Swap 362 time is 22.389ms
04-13 00:40:45.377 22291 22324 I native-activity: Animating
04-13 00:40:45.385 22291 22324 I native-activity: Frame 363 GL error is 0x0
04-13 00:40:45.385 22291 22324 I native-activity: Frame 363 time is 7.629ms
04-13 00:40:45.400 22291 22324 I native-activity: Swap 363 time is 22.951ms
04-13 00:40:45.400 22291 22324 I native-activity: Animating
04-13 00:40:45.408 22291 22324 I native-activity: Frame 364 GL error is 0x0
04-13 00:40:45.409 22291 22324 I native-activity: Frame 364 time is 8.334ms
04-13 00:40:45.417 20692 21297 I DCP     : Sending 0 dataset update for 'CloudCollections' namespace
04-13 00:40:45.423 22291 22324 I native-activity: Swap 364 time is 23.016ms
04-13 00:40:45.423 22291 22324 I native-activity: Animating
04-13 00:40:45.431 22291 22324 I native-activity: Frame 365 GL error is 0x0
04-13 00:40:45.431 22291 22324 I native-activity: Frame 365 time is 7.432ms
04-13 00:40:45.446 22291 22324 I native-activity: Swap 365 time is 22.525ms
04-13 00:40:45.446 22291 22324 I native-activity: Animating
04-13 00:40:45.448 20692 20755 V AmazonCMS: SyncClient - [SYNC] Syncing Namespace: [*****]
04-13 00:40:45.453 22291 22324 I native-activity: Frame 366 GL error is 0x0
04-13 00:40:45.453 22291 22324 I native-activity: Frame 366 time is 6.742ms
04-13 00:40:45.468 22291 22324 I native-activity: Swap 366 time is 22.288ms
04-13 00:40:45.468 22291 22324 I native-activity: Animating
04-13 00:40:45.475 22291 22324 I native-activity: Frame 367 GL error is 0x0
04-13 00:40:45.475 22291 22324 I native-activity: Frame 367 time is 6.655ms
04-13 00:40:45.476 20692 21299 I DCP     : Sending 0 dataset update for 'CloudCollections.Items' namespace
04-13 00:40:45.490 22291 22324 I native-activity: Swap 367 time is 21.742ms
04-13 00:40:45.490 22291 22324 I native-activity: Animating
04-13 00:40:45.497 22291 22324 I native-activity: Frame 368 GL error is 0x0
04-13 00:40:45.497 22291 22324 I native-activity: Frame 368 time is 6.662ms
04-13 00:40:45.512 22291 22324 I native-activity: Swap 368 time is 21.803ms
04-13 00:40:45.512 22291 22324 I native-activity: Animating
04-13 00:40:45.518 22291 22324 I native-activity: Frame 369 GL error is 0x0
04-13 00:40:45.518 22291 22324 I native-activity: Frame 369 time is 6.047ms
04-13 00:40:45.533 22291 22324 I native-activity: Swap 369 time is 21.014ms
04-13 00:40:45.533 22291 22324 I native-activity: Animating
04-13 00:40:45.539 22291 22324 I native-activity: Frame 370 GL error is 0x0
04-13 00:40:45.539 22291 22324 I native-activity: Frame 370 time is 5.877ms
04-13 00:40:45.554 22291 22324 I native-activity: Swap 370 time is 20.910ms
04-13 00:40:45.554 22291 22324 I native-activity: Animating
04-13 00:40:45.561 22291 22324 I native-activity: Frame 371 GL error is 0x0
04-13 00:40:45.561 22291 22324 I native-activity: Frame 371 time is 6.449ms
04-13 00:40:45.576 22291 22324 I native-activity: Swap 371 time is 21.303ms
04-13 00:40:45.576 22291 22324 I native-activity: Animating
04-13 00:40:45.585 22291 22324 I native-activity: Frame 372 GL error is 0x0
04-13 00:40:45.585 22291 22324 I native-activity: Frame 372 time is 9.373ms
04-13 00:40:45.600 22291 22324 I native-activity: Swap 372 time is 24.369ms
04-13 00:40:45.600 22291 22324 I native-activity: Animating
04-13 00:40:45.612 22291 22324 I native-activity: Frame 373 GL error is 0x0
04-13 00:40:45.612 22291 22324 I native-activity: Frame 373 time is 11.109ms
04-13 00:40:45.626 22291 22324 I native-activity: Swap 373 time is 25.940ms
04-13 00:40:45.627 22291 22324 I native-activity: Animating
04-13 00:40:45.638 22291 22324 I native-activity: Frame 374 GL error is 0x0
04-13 00:40:45.638 22291 22324 I native-activity: Frame 374 time is 11.311ms
04-13 00:40:45.653 22291 22324 I native-activity: Swap 374 time is 26.135ms
04-13 00:40:45.653 22291 22324 I native-activity: Animating
04-13 00:40:45.664 22291 22324 I native-activity: Frame 375 GL error is 0x0
04-13 00:40:45.664 22291 22324 I native-activity: Frame 375 time is 11.314ms
04-13 00:40:45.679 22291 22324 I native-activity: Swap 375 time is 26.088ms
04-13 00:40:45.679 22291 22324 I native-activity: Animating
04-13 00:40:45.690 22291 22324 I native-activity: Frame 376 GL error is 0x0
04-13 00:40:45.690 22291 22324 I native-activity: Frame 376 time is 11.071ms
04-13 00:40:45.705 22291 22324 I native-activity: Swap 376 time is 25.829ms
04-13 00:40:45.705 22291 22324 I native-activity: Animating
04-13 00:40:45.716 22291 22324 I native-activity: Frame 377 GL error is 0x0
04-13 00:40:45.716 22291 22324 I native-activity: Frame 377 time is 11.073ms
04-13 00:40:45.731 22291 22324 I native-activity: Swap 377 time is 25.840ms
04-13 00:40:45.731 22291 22324 I native-activity: Animating
04-13 00:40:45.743 22291 22324 I native-activity: Frame 378 GL error is 0x0
04-13 00:40:45.743 22291 22324 I native-activity: Frame 378 time is 11.387ms
04-13 00:40:45.758 22291 22324 I native-activity: Swap 378 time is 26.185ms
04-13 00:40:45.758 22291 22324 I native-activity: Animating
04-13 00:40:45.769 22291 22324 I native-activity: Frame 379 GL error is 0x0
04-13 00:40:45.769 22291 22324 I native-activity: Frame 379 time is 11.018ms
04-13 00:40:45.784 22291 22324 I native-activity: Swap 379 time is 25.844ms
04-13 00:40:45.784 22291 22324 I native-activity: Animating
04-13 00:40:45.795 22291 22324 I native-activity: Frame 380 GL error is 0x0
04-13 00:40:45.795 22291 22324 I native-activity: Frame 380 time is 11.242ms
04-13 00:40:45.810 22291 22324 I native-activity: Swap 380 time is 26.247ms
04-13 00:40:45.810 22291 22324 I native-activity: Animating
04-13 00:40:45.821 22291 22324 I native-activity: Frame 381 GL error is 0x0
04-13 00:40:45.822 22291 22324 I native-activity: Frame 381 time is 11.287ms
04-13 00:40:45.836 22291 22324 I native-activity: Swap 381 time is 26.112ms
04-13 00:40:45.837 22291 22324 I native-activity: Animating
04-13 00:40:45.847 22291 22324 I native-activity: Frame 382 GL error is 0x0
04-13 00:40:45.848 22291 22324 I native-activity: Frame 382 time is 10.939ms
04-13 00:40:45.862 22291 22324 I native-activity: Swap 382 time is 25.809ms
04-13 00:40:45.863 22291 22324 I native-activity: Animating
04-13 00:40:45.874 22291 22324 I native-activity: Frame 383 GL error is 0x0
04-13 00:40:45.874 22291 22324 I native-activity: Frame 383 time is 11.384ms
04-13 00:40:45.889 22291 22324 I native-activity: Swap 383 time is 26.210ms
04-13 00:40:45.889 22291 22324 I native-activity: Animating
04-13 00:40:45.900 22291 22324 I native-activity: Frame 384 GL error is 0x0
04-13 00:40:45.900 22291 22324 I native-activity: Frame 384 time is 10.972ms
04-13 00:40:45.915 22291 22324 I native-activity: Swap 384 time is 25.827ms
04-13 00:40:45.915 22291 22324 I native-activity: Animating
04-13 00:40:45.926 22291 22324 I native-activity: Frame 385 GL error is 0x0
04-13 00:40:45.926 22291 22324 I native-activity: Frame 385 time is 11.315ms
04-13 00:40:45.920    82    82 I Kernel  : [45284.594509].(0)[82:mtk charger_hv_]charging_reset_watch_dog_timer
04-13 00:40:45.920    82    82 I Kernel  : [45284.595422].(0)[82:mtk charger_hv_]array_size = 16 
04-13 00:40:45.941 22291 22324 I native-activity: Swap 385 time is 26.279ms
04-13 00:40:45.942 22291 22324 I native-activity: Animating
04-13 00:40:45.953 22291 22324 I native-activity: Frame 386 GL error is 0x0
04-13 00:40:45.953 22291 22324 I native-activity: Frame 386 time is 11.398ms
04-13 00:40:45.968 22291 22324 I native-activity: Swap 386 time is 26.230ms
04-13 00:40:45.968 22291 22324 I native-activity: Animating
04-13 00:40:45.979 22291 22324 I native-activity: Frame 387 GL error is 0x0
04-13 00:40:45.979 22291 22324 I native-activity: Frame 387 time is 10.938ms
04-13 00:40:45.994 22291 22324 I native-activity: Swap 387 time is 25.818ms
04-13 00:40:45.994 22291 22324 I native-activity: Animating
04-13 00:40:46.005 22291 22324 I native-activity: Frame 388 GL error is 0x0
04-13 00:40:46.005 22291 22324 I native-activity: Frame 388 time is 11.437ms
04-13 00:40:46.020 22291 22324 I native-activity: Swap 388 time is 26.322ms
04-13 00:40:46.021 22291 22324 I native-activity: Animating
04-13 00:40:46.032 22291 22324 I native-activity: Frame 389 GL error is 0x0
04-13 00:40:46.032 22291 22324 I native-activity: Frame 389 time is 11.078ms
04-13 00:40:46.046 22291 22324 I native-activity: Swap 389 time is 25.900ms
04-13 00:40:46.047 22291 22324 I native-activity: Animating
04-13 00:40:46.058 22291 22324 I native-activity: Frame 390 GL error is 0x0
04-13 00:40:46.058 22291 22324 I native-activity: Frame 390 time is 10.997ms
04-13 00:40:46.073 22291 22324 I native-activity: Swap 390 time is 25.892ms
04-13 00:40:46.073 22291 22324 I native-activity: Animating
04-13 00:40:46.084 22291 22324 I native-activity: Frame 391 GL error is 0x0
04-13 00:40:46.084 22291 22324 I native-activity: Frame 391 time is 11.148ms
04-13 00:40:46.099 22291 22324 I native-activity: Swap 391 time is 25.907ms
04-13 00:40:46.099 22291 22324 I native-activity: Animating
04-13 00:40:46.110 22291 22324 I native-activity: Frame 392 GL error is 0x0
04-13 00:40:46.110 22291 22324 I native-activity: Frame 392 time is 11.191ms
04-13 00:40:46.125 22291 22324 I native-activity: Swap 392 time is 25.946ms
04-13 00:40:46.125 22291 22324 I native-activity: Animating
04-13 00:40:46.136 22291 22324 I native-activity: Frame 393 GL error is 0x0
04-13 00:40:46.136 22291 22324 I native-activity: Frame 393 time is 11.034ms
04-13 00:40:46.151 22291 22324 I native-activity: Swap 393 time is 26.155ms
04-13 00:40:46.151 22291 22324 I native-activity: Animating
04-13 00:40:46.163 22291 22324 I native-activity: Frame 394 GL error is 0x0
04-13 00:40:46.163 22291 22324 I native-activity: Frame 394 time is 11.342ms
04-13 00:40:46.178 22291 22324 I native-activity: Swap 394 time is 26.159ms
04-13 00:40:46.178 22291 22324 I native-activity: Animating
04-13 00:40:46.189 22291 22324 I native-activity: Frame 395 GL error is 0x0
04-13 00:40:46.189 22291 22324 I native-activity: Frame 395 time is 11.135ms
04-13 00:40:46.204 22291 22324 I native-activity: Swap 395 time is 25.953ms
04-13 00:40:46.204 22291 22324 I native-activity: Animating
04-13 00:40:46.215 22291 22324 I native-activity: Frame 396 GL error is 0x0
04-13 00:40:46.215 22291 22324 I native-activity: Frame 396 time is 11.269ms
04-13 00:40:46.230 22291 22324 I native-activity: Swap 396 time is 26.159ms
04-13 00:40:46.230 22291 22324 I native-activity: Animating
04-13 00:40:46.241 22291 22324 I native-activity: Frame 397 GL error is 0x0
04-13 00:40:46.241 22291 22324 I native-activity: Frame 397 time is 11.175ms
04-13 00:40:46.256 22291 22324 I native-activity: Swap 397 time is 26.017ms
04-13 00:40:46.256 22291 22324 I native-activity: Animating
04-13 00:40:46.267 22291 22324 I native-activity: Frame 398 GL error is 0x0
04-13 00:40:46.268 22291 22324 I native-activity: Frame 398 time is 11.017ms
04-13 00:40:46.282 22291 22324 I native-activity: Swap 398 time is 25.880ms
04-13 00:40:46.283 22291 22324 I native-activity: Animating
04-13 00:40:46.294 22291 22324 I native-activity: Frame 399 GL error is 0x0
04-13 00:40:46.294 22291 22324 I native-activity: Frame 399 time is 11.436ms
04-13 00:40:46.309 22291 22324 I native-activity: Swap 399 time is 26.308ms
04-13 00:40:46.309 22291 22324 I native-activity: Animating
04-13 00:40:46.320 22291 22324 I native-activity: Frame 400 GL error is 0x0
04-13 00:40:46.320 22291 22324 I native-activity: Frame 400 time is 11.312ms
04-13 00:40:46.335 22291 22324 I native-activity: Swap 400 time is 26.115ms
04-13 00:40:46.335 22291 22324 I native-activity: Animating
04-13 00:40:46.347 22291 22324 I native-activity: Frame 401 GL error is 0x0
04-13 00:40:46.347 22291 22324 I native-activity: Frame 401 time is 11.268ms
04-13 00:40:46.362 22291 22324 I native-activity: Swap 401 time is 26.165ms
04-13 00:40:46.362 22291 22324 I native-activity: Animating
04-13 00:40:46.373 22291 22324 I native-activity: Frame 402 GL error is 0x0
04-13 00:40:46.373 22291 22324 I native-activity: Frame 402 time is 11.657ms
04-13 00:40:46.388 22291 22324 I native-activity: Swap 402 time is 26.318ms
04-13 00:40:46.388 22291 22324 I native-activity: Animating
04-13 00:40:46.399 22291 22324 I native-activity: Frame 403 GL error is 0x0
04-13 00:40:46.399 22291 22324 I native-activity: Frame 403 time is 10.933ms
04-13 00:40:46.414 22291 22324 I native-activity: Swap 403 time is 26.107ms
04-13 00:40:46.415 22291 22324 I native-activity: Animating
04-13 00:40:46.426 22291 22324 I native-activity: Frame 404 GL error is 0x0
04-13 00:40:46.426 22291 22324 I native-activity: Frame 404 time is 10.992ms
04-13 00:40:46.440 22291 22324 I native-activity: Swap 404 time is 25.804ms
04-13 00:40:46.441 22291 22324 I native-activity: Animating
04-13 00:40:46.452 22291 22324 I native-activity: Frame 405 GL error is 0x0
04-13 00:40:46.452 22291 22324 I native-activity: Frame 405 time is 10.993ms
04-13 00:40:46.466 22291 22324 I native-activity: Swap 405 time is 25.749ms
04-13 00:40:46.467 22291 22324 I native-activity: Animating
04-13 00:40:46.478 22291 22324 I native-activity: Frame 406 GL error is 0x0
04-13 00:40:46.478 22291 22324 I native-activity: Frame 406 time is 11.307ms
04-13 00:40:46.493 22291 22324 I native-activity: Swap 406 time is 26.202ms
04-13 00:40:46.493 22291 22324 I native-activity: Animating
04-13 00:40:46.504 22291 22324 I native-activity: Frame 407 GL error is 0x0
04-13 00:40:46.504 22291 22324 I native-activity: Frame 407 time is 11.098ms
04-13 00:40:46.519 22291 22324 I native-activity: Swap 407 time is 26.009ms
04-13 00:40:46.519 22291 22324 I native-activity: Animating
04-13 00:40:46.530 22291 22324 I native-activity: Frame 408 GL error is 0x0
04-13 00:40:46.530 22291 22324 I native-activity: Frame 408 time is 11.164ms
04-13 00:40:46.545 22291 22324 I native-activity: Swap 408 time is 25.971ms
04-13 00:40:46.545 22291 22324 I native-activity: Animating
04-13 00:40:46.557 22291 22324 I native-activity: Frame 409 GL error is 0x0
04-13 00:40:46.557 22291 22324 I native-activity: Frame 409 time is 11.763ms
04-13 00:40:46.572 22291 22324 I native-activity: Swap 409 time is 26.587ms
04-13 00:40:46.572 22291 22324 I native-activity: Animating
04-13 00:40:46.584 22291 22324 I native-activity: Frame 410 GL error is 0x0
04-13 00:40:46.584 22291 22324 I native-activity: Frame 410 time is 11.643ms
04-13 00:40:46.599 22291 22324 I native-activity: Swap 410 time is 26.364ms
04-13 00:40:46.599 22291 22324 I native-activity: Animating
04-13 00:40:46.610 22291 22324 I native-activity: Frame 411 GL error is 0x0
04-13 00:40:46.610 22291 22324 I native-activity: Frame 411 time is 11.513ms
04-13 00:40:46.625 22291 22324 I native-activity: Swap 411 time is 26.341ms
04-13 00:40:46.625 22291 22324 I native-activity: Animating
04-13 00:40:46.637 22291 22324 I native-activity: Frame 412 GL error is 0x0
04-13 00:40:46.637 22291 22324 I native-activity: Frame 412 time is 11.685ms
04-13 00:40:46.652 22291 22324 I native-activity: Swap 412 time is 26.539ms
04-13 00:40:46.652 22291 22324 I native-activity: Animating
04-13 00:40:46.690 21409 21409 I Kernel  : [45285.362097].(0)[21409:kworker/0:1H]regs_hotplug_callback cpu = 3
04-13 00:40:46.690    19    19 I Kernel  : [45285.362595]-(3)[19:migration/3][Power/hotplug] platform_cpu_disable, cpu: 3
04-13 00:40:46.690    19    19 I Kernel  : [45285.362847]-(3)[19:migration/3]regs_hotplug_callback cpu = 3
04-13 00:40:46.690     0     0 I Kernel  : [45285.362907]-(3)[0:swapper/3][Power/hotplug] platform_cpu_die, cpu: 3
04-13 00:40:46.690 21409 21409 I Kernel  : [45285.363131].(0)[21409:kworker/0:1H]CPU3: shutdown
04-13 00:40:46.690 21409 21409 I Kernel  : [45285.363157].(0)[21409:kworker/0:1H][Power/hotplug] platform_cpu_kill, cpu: 3
04-13 00:40:46.690 21409 21409 I Kernel  : [45285.363656].(0)[21409:kworker/0:1H]regs_hotplug_callback cpu = 3
04-13 00:40:46.690 21409 21409 I Kernel  : [45285.363951].(0)[21409:kworker/0:1H][WDK]cpu 3 plug off, kick wdt
04-13 00:40:46.690 21409 21409 I Kernel  : [45285.364038].(0)[21409:kworker/0:1H]regs_hotplug_callback cpu = 3
04-13 00:40:46.757 22291 22324 I native-activity: Frame 413 GL error is 0x501
04-13 00:40:46.757 22291 22324 I native-activity: Frame 413 time is 105.175ms
04-13 00:40:46.771 22291 22324 I native-activity: Swap 413 time is 119.417ms
04-13 00:40:46.772 22291 22324 I native-activity: Animating
04-13 00:40:46.809  1787  1787 I AmazonLocationController: onWifiSignalChanged : connected : true
04-13 00:40:46.885 22291 22324 I native-activity: Frame 414 GL error is 0x500
04-13 00:40:46.885 22291 22324 I native-activity: Frame 414 time is 113.514ms
04-13 00:40:46.880     0     0 I Kernel  : [45285.556705]-(0)[0:swapper/0]dpi vsync
04-13 00:40:46.899 22291 22324 I native-activity: Swap 414 time is 127.357ms
04-13 00:40:46.899 22291 22324 I native-activity: Animating
04-13 00:40:46.905 22291 22324 I native-activity: Frame 415 GL error is 0x0
04-13 00:40:46.905 22291 22324 I native-activity: Frame 415 time is 5.814ms
04-13 00:40:46.919 22291 22324 I native-activity: Swap 415 time is 19.884ms
04-13 00:40:46.919 22291 22324 I native-activity: Animating
04-13 00:40:46.926 22291 22324 I native-activity: Frame 416 GL error is 0x0
04-13 00:40:46.926 22291 22324 I native-activity: Frame 416 time is 6.915ms
04-13 00:40:46.920    82    82 I Kernel  : [45285.595496].(0)[82:mtk charger_hv_]charging_reset_watch_dog_timer
04-13 00:40:46.920    82    82 I Kernel  : [45285.596362].(0)[82:mtk charger_hv_]array_size = 16 
04-13 00:40:46.940 22291 22324 I native-activity: Swap 416 time is 21.127ms
04-13 00:40:46.940 22291 22324 I native-activity: Animating
04-13 00:40:46.953 22291 22324 I native-activity: Frame 417 GL error is 0x0
04-13 00:40:46.953 22291 22324 I native-activity: Frame 417 time is 12.811ms
04-13 00:40:46.967 22291 22324 I native-activity: Swap 417 time is 26.700ms
04-13 00:40:46.967 22291 22324 I native-activity: Animating
04-13 00:40:46.981 22291 22324 I native-activity: Frame 418 GL error is 0x0
04-13 00:40:46.981 22291 22324 I native-activity: Frame 418 time is 13.230ms
04-13 00:40:46.995 22291 22324 I native-activity: Swap 418 time is 27.440ms
04-13 00:40:46.995 22291 22324 I native-activity: Animating
04-13 00:40:47.005 22291 22324 I native-activity: Frame 419 GL error is 0x0
04-13 00:40:47.005 22291 22324 I native-activity: Frame 419 time is 9.829ms
04-13 00:40:47.016 22291 22324 I native-activity: Swap 419 time is 20.582ms
04-13 00:40:47.016 22291 22324 I native-activity: Animating
04-13 00:40:47.026 22291 22324 I native-activity: Frame 420 GL error is 0x0
04-13 00:40:47.026 22291 22324 I native-activity: Frame 420 time is 9.877ms
04-13 00:40:47.036 22291 22324 I native-activity: Swap 420 time is 20.637ms
04-13 00:40:47.037 22291 22324 I native-activity: Animating
04-13 00:40:47.046 22291 22324 I native-activity: Frame 421 GL error is 0x0
04-13 00:40:47.046 22291 22324 I native-activity: Frame 421 time is 9.790ms
04-13 00:40:47.057 22291 22324 I native-activity: Swap 421 time is 20.581ms
04-13 00:40:47.057 22291 22324 I native-activity: Animating
04-13 00:40:47.073 22291 22324 I native-activity: Frame 422 GL error is 0x0
04-13 00:40:47.073 22291 22324 I native-activity: Frame 422 time is 15.369ms
04-13 00:40:47.084 22291 22324 I native-activity: Swap 422 time is 26.912ms
04-13 00:40:47.085 22291 22324 I native-activity: Animating
04-13 00:40:47.100 22291 22324 I native-activity: Frame 423 GL error is 0x0
04-13 00:40:47.100 22291 22324 I native-activity: Frame 423 time is 15.047ms
04-13 00:40:47.112 22291 22324 I native-activity: Swap 423 time is 27.468ms
04-13 00:40:47.112 22291 22324 I native-activity: Animating
04-13 00:40:47.126 22291 22324 I native-activity: Frame 424 GL error is 0x0
04-13 00:40:47.126 22291 22324 I native-activity: Frame 424 time is 13.769ms
04-13 00:40:47.138 22291 22324 I native-activity: Swap 424 time is 26.179ms
04-13 00:40:47.139 22291 22324 I native-activity: Animating
04-13 00:40:47.151 22291 22324 I native-activity: Frame 425 GL error is 0x0
04-13 00:40:47.151 22291 22324 I native-activity: Frame 425 time is 12.706ms
04-13 00:40:47.164 22291 22324 I native-activity: Swap 425 time is 25.193ms
04-13 00:40:47.164 22291 22324 I native-activity: Animating
04-13 00:40:47.177 22291 22324 I native-activity: Frame 426 GL error is 0x0
04-13 00:40:47.177 22291 22324 I native-activity: Frame 426 time is 12.855ms
04-13 00:40:47.189 22291 22324 I native-activity: Swap 426 time is 25.269ms
04-13 00:40:47.190 22291 22324 I native-activity: Animating
04-13 00:40:47.202 22291 22324 I native-activity: Frame 427 GL error is 0x0
04-13 00:40:47.202 22291 22324 I native-activity: Frame 427 time is 12.500ms
04-13 00:40:47.215 22291 22324 I native-activity: Swap 427 time is 25.623ms
04-13 00:40:47.215 22291 22324 I native-activity: Animating
04-13 00:40:47.228 22291 22324 I native-activity: Frame 428 GL error is 0x0
04-13 00:40:47.228 22291 22324 I native-activity: Frame 428 time is 12.560ms
04-13 00:40:47.240 22291 22324 I native-activity: Swap 428 time is 24.489ms
04-13 00:40:47.240 22291 22324 I native-activity: Animating
04-13 00:40:47.252 22291 22324 I native-activity: Frame 429 GL error is 0x0
04-13 00:40:47.252 22291 22324 I native-activity: Frame 429 time is 12.302ms
04-13 00:40:47.264 22291 22324 I native-activity: Swap 429 time is 24.232ms
04-13 00:40:47.265 22291 22324 I native-activity: Animating
04-13 00:40:47.277 22291 22324 I native-activity: Frame 430 GL error is 0x0
04-13 00:40:47.277 22291 22324 I native-activity: Frame 430 time is 12.271ms
04-13 00:40:47.289 22291 22324 I native-activity: Swap 430 time is 24.180ms
04-13 00:40:47.289 22291 22324 I native-activity: Animating
04-13 00:40:47.301 22291 22324 I native-activity: Frame 431 GL error is 0x0
04-13 00:40:47.301 22291 22324 I native-activity: Frame 431 time is 12.405ms
04-13 00:40:47.313 22291 22324 I native-activity: Swap 431 time is 24.307ms
04-13 00:40:47.313 22291 22324 I native-activity: Animating
04-13 00:40:47.326 22291 22324 I native-activity: Frame 432 GL error is 0x0
04-13 00:40:47.326 22291 22324 I native-activity: Frame 432 time is 12.465ms
04-13 00:40:47.338 22291 22324 I native-activity: Swap 432 time is 24.445ms
04-13 00:40:47.338 22291 22324 I native-activity: Animating
04-13 00:40:47.350 22291 22324 I native-activity: Frame 433 GL error is 0x0
04-13 00:40:47.350 22291 22324 I native-activity: Frame 433 time is 12.072ms
04-13 00:40:47.362 22291 22324 I native-activity: Swap 433 time is 24.067ms
04-13 00:40:47.362 22291 22324 I native-activity: Animating
04-13 00:40:47.375 22291 22324 I native-activity: Frame 434 GL error is 0x0
04-13 00:40:47.375 22291 22324 I native-activity: Frame 434 time is 12.496ms
04-13 00:40:47.387 22291 22324 I native-activity: Swap 434 time is 24.406ms
04-13 00:40:47.387 22291 22324 I native-activity: Animating
04-13 00:40:47.399 22291 22324 I native-activity: Frame 435 GL error is 0x0
04-13 00:40:47.399 22291 22324 I native-activity: Frame 435 time is 12.098ms
04-13 00:40:47.411 22291 22324 I native-activity: Swap 435 time is 23.979ms
04-13 00:40:47.411 22291 22324 I native-activity: Animating
04-13 00:40:47.423 22291 22324 I native-activity: Frame 436 GL error is 0x0
04-13 00:40:47.424 22291 22324 I native-activity: Frame 436 time is 12.178ms
04-13 00:40:47.435 22291 22324 I native-activity: Swap 436 time is 24.088ms
04-13 00:40:47.436 22291 22324 I native-activity: Animating
04-13 00:40:47.450 22291 22324 I native-activity: Frame 437 GL error is 0x0
04-13 00:40:47.450 22291 22324 I native-activity: Frame 437 time is 14.407ms
04-13 00:40:47.461 22291 22324 I native-activity: Swap 437 time is 25.345ms
04-13 00:40:47.461 22291 22324 I native-activity: Animating
04-13 00:40:47.475 22291 22324 I native-activity: Frame 438 GL error is 0x0
04-13 00:40:47.475 22291 22324 I native-activity: Frame 438 time is 14.192ms
04-13 00:40:47.486 22291 22324 I native-activity: Swap 438 time is 24.319ms
04-13 00:40:47.486 22291 22324 I native-activity: Animating
04-13 00:40:47.495 22291 22324 I native-activity: Frame 439 GL error is 0x0
04-13 00:40:47.495 22291 22324 I native-activity: Frame 439 time is 9.601ms
04-13 00:40:47.506 22291 22324 I native-activity: Swap 439 time is 20.161ms
04-13 00:40:47.506 22291 22324 I native-activity: Animating
04-13 00:40:47.521 22291 22324 I native-activity: Frame 440 GL error is 0x0
04-13 00:40:47.521 22291 22324 I native-activity: Frame 440 time is 15.309ms
04-13 00:40:47.535 22291 22324 I native-activity: Swap 440 time is 29.023ms
04-13 00:40:47.535 22291 22324 I native-activity: Animating
04-13 00:40:47.549 22291 22324 I native-activity: Frame 441 GL error is 0x0
04-13 00:40:47.549 22291 22324 I native-activity: Frame 441 time is 13.952ms
04-13 00:40:47.563 22291 22324 I native-activity: Swap 441 time is 27.806ms
04-13 00:40:47.563 22291 22324 I native-activity: Animating
04-13 00:40:47.577 22291 22324 I native-activity: Frame 442 GL error is 0x0
04-13 00:40:47.578 22291 22324 I native-activity: Frame 442 time is 14.208ms
04-13 00:40:47.591 22291 22324 I native-activity: Swap 442 time is 27.842ms
04-13 00:40:47.591 22291 22324 I native-activity: Animating
04-13 00:40:47.605 22291 22324 I native-activity: Frame 443 GL error is 0x0
04-13 00:40:47.605 22291 22324 I native-activity: Frame 443 time is 13.492ms
04-13 00:40:47.619 22291 22324 I native-activity: Swap 443 time is 27.073ms
04-13 00:40:47.619 22291 22324 I native-activity: Animating
04-13 00:40:47.632 22291 22324 I native-activity: Frame 444 GL error is 0x0
04-13 00:40:47.632 22291 22324 I native-activity: Frame 444 time is 13.641ms
04-13 00:40:47.646 22291 22324 I native-activity: Swap 444 time is 27.240ms
04-13 00:40:47.646 22291 22324 I native-activity: Animating
04-13 00:40:47.659 22291 22324 I native-activity: Frame 445 GL error is 0x0
04-13 00:40:47.660 22291 22324 I native-activity: Frame 445 time is 13.405ms
04-13 00:40:47.673 22291 22324 I native-activity: Swap 445 time is 26.834ms
04-13 00:40:47.673 22291 22324 I native-activity: Animating
04-13 00:40:47.687 22291 22324 I native-activity: Frame 446 GL error is 0x0
04-13 00:40:47.687 22291 22324 I native-activity: Frame 446 time is 13.464ms
04-13 00:40:47.700 22291 22324 I native-activity: Swap 446 time is 27.152ms
04-13 00:40:47.700 22291 22324 I native-activity: Animating
04-13 00:40:47.713 22291 22324 I native-activity: Frame 447 GL error is 0x0
04-13 00:40:47.713 22291 22324 I native-activity: Frame 447 time is 12.879ms
04-13 00:40:47.727 22291 22324 I native-activity: Swap 447 time is 26.519ms
04-13 00:40:47.727 22291 22324 I native-activity: Animating
04-13 00:40:47.741 22291 22324 I native-activity: Frame 448 GL error is 0x0
04-13 00:40:47.741 22291 22324 I native-activity: Frame 448 time is 13.455ms
04-13 00:40:47.754 22291 22324 I native-activity: Swap 448 time is 27.084ms
04-13 00:40:47.755 22291 22324 I native-activity: Animating
04-13 00:40:47.768 22291 22324 I native-activity: Frame 449 GL error is 0x0
04-13 00:40:47.768 22291 22324 I native-activity: Frame 449 time is 13.388ms
04-13 00:40:47.782 22291 22324 I native-activity: Swap 449 time is 27.156ms
04-13 00:40:47.782 22291 22324 I native-activity: Animating
04-13 00:40:47.795 22291 22324 I native-activity: Frame 450 GL error is 0x0
04-13 00:40:47.795 22291 22324 I native-activity: Frame 450 time is 13.186ms
04-13 00:40:47.810 22291 22324 I native-activity: Swap 450 time is 28.011ms
04-13 00:40:47.810 22291 22324 I native-activity: Animating
04-13 00:40:47.823 22291 22324 I native-activity: Frame 451 GL error is 0x0
04-13 00:40:47.823 22291 22324 I native-activity: Frame 451 time is 13.006ms
04-13 00:40:47.837 22291 22324 I native-activity: Swap 451 time is 26.621ms
04-13 00:40:47.837 22291 22324 I native-activity: Animating
04-13 00:40:47.850 22291 22324 I native-activity: Frame 452 GL error is 0x0
04-13 00:40:47.850 22291 22324 I native-activity: Frame 452 time is 13.187ms
04-13 00:40:47.864 22291 22324 I native-activity: Swap 452 time is 26.853ms
04-13 00:40:47.864 22291 22324 I native-activity: Animating
04-13 00:40:47.877 22291 22324 I native-activity: Frame 453 GL error is 0x0
04-13 00:40:47.877 22291 22324 I native-activity: Frame 453 time is 12.803ms
04-13 00:40:47.890 22291 22324 I native-activity: Swap 453 time is 26.348ms
04-13 00:40:47.891 22291 22324 I native-activity: Animating
04-13 00:40:47.903 22291 22324 I native-activity: Frame 454 GL error is 0x0
04-13 00:40:47.904 22291 22324 I native-activity: Frame 454 time is 12.939ms
04-13 00:40:47.917 22291 22324 I native-activity: Swap 454 time is 26.551ms
04-13 00:40:47.917 22291 22324 I native-activity: Animating
04-13 00:40:47.931 22291 22324 I native-activity: Frame 455 GL error is 0x0
04-13 00:40:47.931 22291 22324 I native-activity: Frame 455 time is 13.369ms
04-13 00:40:47.920    82    82 I Kernel  : [45286.596482].(0)[82:mtk charger_hv_]charging_reset_watch_dog_timer
04-13 00:40:47.920    82    82 I Kernel  : [45286.597404].(0)[82:mtk charger_hv_]array_size = 16 
04-13 00:40:47.944 22291 22324 I native-activity: Swap 455 time is 26.999ms
04-13 00:40:47.945 22291 22324 I native-activity: Animating
04-13 00:40:47.957 22291 22324 I native-activity: Frame 456 GL error is 0x0
04-13 00:40:47.957 22291 22324 I native-activity: Frame 456 time is 12.726ms
04-13 00:40:47.971 22291 22324 I native-activity: Swap 456 time is 26.663ms
04-13 00:40:47.971 22291 22324 I native-activity: Animating
04-13 00:40:47.985 22291 22324 I native-activity: Frame 457 GL error is 0x0
04-13 00:40:47.985 22291 22324 I native-activity: Frame 457 time is 13.204ms
04-13 00:40:47.998 22291 22324 I native-activity: Swap 457 time is 26.768ms
04-13 00:40:47.998 22291 22324 I native-activity: Animating
04-13 00:40:48.011 22291 22324 I native-activity: Frame 458 GL error is 0x0
04-13 00:40:48.011 22291 22324 I native-activity: Frame 458 time is 12.868ms
04-13 00:40:48.025 22291 22324 I native-activity: Swap 458 time is 26.435ms
04-13 00:40:48.025 22291 22324 I native-activity: Animating
04-13 00:40:48.038 22291 22324 I native-activity: Frame 459 GL error is 0x0
04-13 00:40:48.038 22291 22324 I native-activity: Frame 459 time is 13.095ms
