04-13 00:40:30.139   917  2113 W AccountManagerService: insertAccountIntoDatabase: Account {name=default_account, type=amazon.account}, skipping since the account already exists
04-13 00:40:30.144 22207 22228 I native-activity: Frame 391 GL error is 0x0
04-13 00:40:30.144 22207 22228 I native-activity: Frame 391 time is 10.389ms
04-13 00:40:30.144 22207 22228 I native-activity: Doing egl_swapbuffers_sync 2
04-13 00:40:30.150 22207 22228 I native-activity: Swap 391 time is 16.313ms
04-13 00:40:30.150 22207 22228 I native-activity: Animating
04-13 00:40:30.153   917  2115 W AccountManagerService: insertAccountIntoDatabase: Account {name=default_account, type=amazon.account}, skipping since the account already exists
04-13 00:40:30.159 22207 22228 I native-activity: Frame 392 GL error is 0x0
04-13 00:40:30.159 22207 22228 I native-activity: Frame 392 time is 9.117ms
04-13 00:40:30.159 22207 22228 I native-activity: Doing egl_swapbuffers_sync 2
04-13 00:40:30.168 22207 22228 I native-activity: Swap 392 time is 17.654ms
04-13 00:40:30.168 22207 22228 I native-activity: Animating
04-13 00:40:30.169   917  2114 W AccountManagerService: insertAccountIntoDatabase: Account {name=default_account, type=amazon.account}, skipping since the account already exists
04-13 00:40:30.177 22207 22228 I native-activity: Frame 393 GL error is 0x0
04-13 00:40:30.177 22207 22228 I native-activity: Frame 393 time is 9.001ms
04-13 00:40:30.177 22207 22228 I native-activity: Doing egl_swapbuffers_sync 2
04-13 00:40:30.184   917   933 W AccountManagerService: insertAccountIntoDatabase: Account {name=default_account, type=amazon.account}, skipping since the account already exists
04-13 00:40:30.186 22207 22228 I native-activity: Swap 393 time is 17.740ms
04-13 00:40:30.186 22207 22228 I native-activity: Animating
04-13 00:40:30.191 20692 20755 D AmazonCMS: Read 2 card ids from the cache for producer com.amazon.kindle.cms.card.producer.NEWSSTAND in profile 0
04-13 00:40:30.194 22207 22228 I native-activity: Frame 394 GL error is 0x0
04-13 00:40:30.194 22207 22228 I native-activity: Frame 394 time is 8.126ms
04-13 00:40:30.194 22207 22228 I native-activity: Doing egl_swapbuffers_sync 2
04-13 00:40:30.204 22207 22228 I native-activity: Swap 394 time is 17.805ms
04-13 00:40:30.204 22207 22228 I native-activity: Animating
04-13 00:40:30.208   917 25027 W AccountManagerService: insertAccountIntoDatabase: Account {name=default_account, type=amazon.account}, skipping since the account already exists
04-13 00:40:30.215 22207 22228 I native-activity: Frame 395 GL error is 0x0
04-13 00:40:30.215 22207 22228 I native-activity: Frame 395 time is 10.250ms
04-13 00:40:30.215 22207 22228 I native-activity: Doing egl_swapbuffers_sync 2
04-13 00:40:30.219 20692 22246 D empty   : Zip: EOCD not found, /system/framework/amazon-ads-registration.jar is not zip
04-13 00:40:30.219 20692 22246 W zipro   : Error opening archive /system/framework/amazon-ads-registration.jar: Invalid file
04-13 00:40:30.219 20692 22246 D asset   : failed to open Zip archive '/system/framework/amazon-ads-registration.jar'
04-13 00:40:30.222   917  1051 W AccountManagerService: insertAccountIntoDatabase: Account {name=default_account, type=amazon.account}, skipping since the account already exists
04-13 00:40:30.222 22207 22228 I native-activity: Swap 395 time is 17.675ms
04-13 00:40:30.222 22207 22228 I native-activity: Animating
04-13 00:40:30.231 22207 22228 I native-activity: Frame 396 GL error is 0x0
04-13 00:40:30.232 22207 22228 I native-activity: Frame 396 time is 9.271ms
04-13 00:40:30.232 22207 22228 I native-activity: Doing egl_swapbuffers_sync 2
04-13 00:40:30.237   917  2114 W AccountManagerService: insertAccountIntoDatabase: Account {name=default_account, type=amazon.account}, skipping since the account already exists
04-13 00:40:30.240 22207 22228 I native-activity: Swap 396 time is 17.745ms
04-13 00:40:30.240 22207 22228 I native-activity: Animating
04-13 00:40:30.249 22207 22228 I native-activity: Frame 397 GL error is 0x0
04-13 00:40:30.249 22207 22228 I native-activity: Frame 397 time is 8.574ms
04-13 00:40:30.249 22207 22228 I native-activity: Doing egl_swapbuffers_sync 2
04-13 00:40:30.252   917  1762 W AccountManagerService: insertAccountIntoDatabase: Account {name=default_account, type=amazon.account}, skipping since the account already exists
04-13 00:40:30.258 22207 22228 I native-activity: Swap 397 time is 17.676ms
04-13 00:40:30.258 22207 22228 I native-activity: Animating
04-13 00:40:30.268 22207 22228 I native-activity: Frame 398 GL error is 0x0
04-13 00:40:30.268 22207 22228 I native-activity: Frame 398 time is 9.305ms
04-13 00:40:30.268 22207 22228 I native-activity: Doing egl_swapbuffers_sync 2
04-13 00:40:30.270   917  2245 W AccountManagerService: insertAccountIntoDatabase: Account {name=default_account, type=amazon.account}, skipping since the account already exists
04-13 00:40:30.276 22207 22228 I native-activity: Swap 398 time is 17.589ms
04-13 00:40:30.276 22207 22228 I native-activity: Animating
04-13 00:40:30.284 22207 22228 I native-activity: Frame 399 GL error is 0x0
04-13 00:40:30.285 22207 22228 I native-activity: Frame 399 time is 8.257ms
04-13 00:40:30.285 22207 22228 I native-activity: Doing egl_swapbuffers_sync 2
04-13 00:40:30.287   917  1763 W AccountManagerService: insertAccountIntoDatabase: Account {name=default_account, type=amazon.account}, skipping since the account already exists
04-13 00:40:30.294 22207 22228 I native-activity: Swap 399 time is 17.761ms
04-13 00:40:30.294 22207 22228 I native-activity: Animating
04-13 00:40:30.303 22207 22228 I native-activity: Frame 400 GL error is 0x0
04-13 00:40:30.303 22207 22228 I native-activity: Frame 400 time is 9.044ms
04-13 00:40:30.303 22207 22228 I native-activity: Doing egl_swapbuffers_sync 2
04-13 00:40:30.310   917  1762 W AccountManagerService: insertAccountIntoDatabase: Account {name=default_account, type=amazon.account}, skipping since the account already exists
04-13 00:40:30.312 22207 22228 I native-activity: Swap 400 time is 17.508ms
04-13 00:40:30.312 22207 22228 I native-activity: Animating
04-13 00:40:30.320 22207 22228 I native-activity: Frame 401 GL error is 0x0
04-13 00:40:30.320 22207 22228 I native-activity: Frame 401 time is 8.136ms
04-13 00:40:30.320 22207 22228 I native-activity: Doing egl_swapbuffers_sync 2
04-13 00:40:30.327 20692 20755 W AmazonCMS: Delivery card detected for item ***** but no delivery date set
04-13 00:40:30.330 22207 22228 I native-activity: Swap 401 time is 17.626ms
04-13 00:40:30.330 22207 22228 I native-activity: Animating
04-13 00:40:30.330 20692 20755 D AmazonCMS: Creating delivery card with id: *****
04-13 00:40:30.340 22207 22228 I native-activity: Frame 402 GL error is 0x0
04-13 00:40:30.340 22207 22228 I native-activity: Frame 402 time is 10.077ms
04-13 00:40:30.340 22207 22228 I native-activity: Doing egl_swapbuffers_sync 2
04-13 00:40:30.346 20692 22258 I F_C.ProducerClientCompa: Producer com.amazon.kindle.cms.card.producer.NEWSSTAND at API version BrazilVersion(1.4).
04-13 00:40:30.347 20692 20755 D AmazonCMS: CardClient: Pushing 2 cards ***** by producer com.amazon.kindle.cms.card.producer.NEWSSTAND
04-13 00:40:30.350 22207 22228 I native-activity: Swap 402 time is 19.788ms
04-13 00:40:30.350 22207 22228 I native-activity: Animating
04-13 00:40:30.355 20692 22258 I F_C.ProducerClientCompa: Connected to ServerInfo(CDA Version: BrazilVersion(1.3.108.0), Min. Producer: BrazilVersion(1.0), Delete All: true)
04-13 00:40:30.362 22207 22228 I native-activity: Frame 403 GL error is 0x0
04-13 00:40:30.362 22207 22228 I native-activity: Frame 403 time is 12.362ms
04-13 00:40:30.362 22207 22228 I native-activity: Doing egl_swapbuffers_sync 2
04-13 00:40:30.366 22207 22228 I native-activity: Swap 403 time is 15.447ms
04-13 00:40:30.366 22207 22228 I native-activity: Animating
04-13 00:40:30.368 20623 20771 I F_C.CardAgentSynchroniz: Throttling producer refresh
04-13 00:40:30.368 20623 20771 W F_C.CardProvider: Producer refresh failed
04-13 00:40:30.375 22207 22228 I native-activity: Frame 404 GL error is 0x0
04-13 00:40:30.375 22207 22228 I native-activity: Frame 404 time is 8.864ms
04-13 00:40:30.375 22207 22228 I native-activity: Doing egl_swapbuffers_sync 2
04-13 00:40:30.380 20692 20755 D AmazonCMS: Cached image for package ***** is out of date with package update time (1480592179000,1480592179000) vs. 1491757634512
04-13 00:40:30.383 20692 20755 D AmazonCMS: loading icons for *****
04-13 00:40:30.384 22207 22228 I native-activity: Swap 404 time is 17.782ms
04-13 00:40:30.384 22207 22228 I native-activity: Animating
04-13 00:40:30.393 22207 22228 I native-activity: Frame 405 GL error is 0x0
04-13 00:40:30.393 22207 22228 I native-activity: Frame 405 time is 9.130ms
04-13 00:40:30.393 22207 22228 I native-activity: Doing egl_swapbuffers_sync 2
04-13 00:40:30.398   917   932 W AccountManagerService: insertAccountIntoDatabase: Account {name=default_account, type=amazon.account}, skipping since the account already exists
04-13 00:40:30.400 20692 20755 D AmazonCMS: Loaded preloaded image from *****
04-13 00:40:30.403 22207 22228 I native-activity: Swap 405 time is 19.516ms
04-13 00:40:30.404 22207 22228 I native-activity: Animating
04-13 00:40:30.407   917   933 W AccountManagerService: insertAccountIntoDatabase: Account {name=default_account, type=amazon.account}, skipping since the account already exists
04-13 00:40:30.413 22207 22228 I native-activity: Frame 406 GL error is 0x0
04-13 00:40:30.413 22207 22228 I native-activity: Frame 406 time is 8.931ms
04-13 00:40:30.413 22207 22228 I native-activity: Doing egl_swapbuffers_sync 2
04-13 00:40:30.420 22207 22228 I native-activity: Swap 406 time is 16.113ms
04-13 00:40:30.420 22207 22228 I native-activity: Animating
04-13 00:40:30.427 22207 22228 I native-activity: Frame 407 GL error is 0x0
04-13 00:40:30.427 22207 22228 I native-activity: Frame 407 time is 7.111ms
04-13 00:40:30.427 22207 22228 I native-activity: Doing egl_swapbuffers_sync 2
04-13 00:40:30.438 22207 22228 I native-activity: Swap 407 time is 17.374ms
04-13 00:40:30.438 22207 22228 I native-activity: Animating
04-13 00:40:30.438 20692 20755 D AmazonCMS: Cached image for package ***** is out of date with package update time (1480592179000,1480592179000) vs. 1491757452118
04-13 00:40:30.447 22207 22228 I native-activity: Frame 408 GL error is 0x0
04-13 00:40:30.447 22207 22228 I native-activity: Frame 408 time is 9.281ms
04-13 00:40:30.447 22207 22228 I native-activity: Doing egl_swapbuffers_sync 2
04-13 00:40:30.448   917  2115 W AccountManagerService: insertAccountIntoDatabase: Account {name=default_account, type=amazon.account}, skipping since the account already exists
04-13 00:40:30.452 20692 20755 D AmazonCMS: loading icons for *****
04-13 00:40:30.456 22207 22228 I native-activity: Swap 408 time is 17.964ms
04-13 00:40:30.456 22207 22228 I native-activity: Animating
04-13 00:40:30.456 20692 20755 D AmazonCMS: Loaded preloaded image from *****
04-13 00:40:30.465 22207 22228 I native-activity: Frame 409 GL error is 0x0
04-13 00:40:30.465 22207 22228 I native-activity: Frame 409 time is 8.529ms
04-13 00:40:30.465 22207 22228 I native-activity: Doing egl_swapbuffers_sync 2
04-13 00:40:30.471 20692 20755 D AmazonCMS: Loaded preloaded image from *****
04-13 00:40:30.474 22207 22228 I native-activity: Swap 409 time is 17.963ms
04-13 00:40:30.474 22207 22228 I native-activity: Animating
04-13 00:40:30.482 22207 22228 I native-activity: Frame 410 GL error is 0x0
04-13 00:40:30.482 22207 22228 I native-activity: Frame 410 time is 7.854ms
04-13 00:40:30.482 22207 22228 I native-activity: Doing egl_swapbuffers_sync 2
04-13 00:40:30.482   917   933 W AccountManagerService: insertAccountIntoDatabase: Account {name=default_account, type=amazon.account}, skipping since the account already exists
04-13 00:40:30.492 22207 22228 I native-activity: Swap 410 time is 17.412ms
04-13 00:40:30.492 22207 22228 I native-activity: Animating
04-13 00:40:30.502 22207 22228 I native-activity: Frame 411 GL error is 0x0
04-13 00:40:30.502 22207 22228 I native-activity: Frame 411 time is 10.008ms
04-13 00:40:30.502 22207 22228 I native-activity: Doing egl_swapbuffers_sync 2
04-13 00:40:30.510 22207 22228 I native-activity: Swap 411 time is 17.725ms
04-13 00:40:30.510 20692 22246 W asset   : Asset path /system/framework/android.amazon.res.jar is neither a directory nor file (type=1).
04-13 00:40:30.510 22207 22228 I native-activity: Animating
04-13 00:40:30.510 20692 22246 W ResourcesManager: Asset path '/system/framework/android.amazon.res.jar' does not exist or contains no resources.
04-13 00:40:30.521 22207 22228 I native-activity: Frame 412 GL error is 0x0
04-13 00:40:30.521 22207 22228 I native-activity: Frame 412 time is 10.509ms
04-13 00:40:30.521 22207 22228 I native-activity: Doing egl_swapbuffers_sync 2
04-13 00:40:30.528 22207 22228 I native-activity: Swap 412 time is 17.516ms
04-13 00:40:30.528 22207 22228 I native-activity: Animating
04-13 00:40:30.544 20692 20755 D AmazonCMS: Loaded preloaded image from *****
04-13 00:40:30.605 20692 20755 D AmazonCMS: Performing collection sync type DELTA_SYNC for user *****
04-13 00:40:30.608 20692 20755 V AmazonCMS: SyncClient - [SYNC] Syncing Namespace: [*****]
04-13 00:40:30.613 22207 22228 I native-activity: Frame 413 GL error is 0x501
04-13 00:40:30.613 22207 22228 I native-activity: Frame 413 time is 85.525ms
04-13 00:40:30.613 22207 22228 I native-activity: Doing egl_swapbuffers_sync 2
04-13 00:40:30.614 22207 22228 I native-activity: Swap 413 time is 86.019ms
04-13 00:40:30.614 22207 22228 I native-activity: Animating
04-13 00:40:30.620     0     0 I Kernel  : [45269.299337]-(0)[0:swapper/0]dpi vsync
04-13 00:40:30.650 20692 21289 I DCP     : [JsonCallExecutor][CallExecutor][3c825f17-034b-430f-b159-4547aa1a939e][Auth]GET https://api.amazon.com/whispersync/v2/data/amzn1.account.XXXX/datasets?after=108  (attempt 1)
04-13 00:40:30.652   917  2113 D WifiService: acquireWifiLockLocked: WifiLock{com.amazon.dcp.framework.iuc.ConnectionEstablisherWithConnectivityEnforcement type=1 binder=android.os.BinderProxy@2d34f800}
04-13 00:40:30.657 20692 22266 I com.amazon.dcp.framework.ConnectivityEnforcer: Network with type -1 is already connected
04-13 00:40:30.671 20692 20755 D AmazonCMS: Cached image for package ***** is out of date with package update time (1480592179000,1480592179000) vs. 1491757499034
04-13 00:40:30.674 20692 20755 D AmazonCMS: loading icons for *****
04-13 00:40:30.681   917  1051 D ActivityManager: single user service: com.amazon.imp
04-13 00:40:30.682   917  1051 D ActivityManager: app = com.amazon.imp, has single user service, setting process record.
04-13 00:40:30.686 20692 20755 D AmazonCMS: Loaded preloaded image from *****
04-13 00:40:30.727 22207 22228 I native-activity: Frame 414 GL error is 0x500
04-13 00:40:30.727 22207 22228 I native-activity: Frame 414 time is 113.168ms
04-13 00:40:30.727 22207 22228 I native-activity: Doing egl_swapbuffers_sync 2
04-13 00:40:30.728 22207 22228 I native-activity: Swap 414 time is 113.681ms
04-13 00:40:30.728 22207 22228 I native-activity: Animating
04-13 00:40:30.734 22207 22228 I native-activity: Frame 415 GL error is 0x0
04-13 00:40:30.734 22207 22228 I native-activity: Frame 415 time is 5.959ms
04-13 00:40:30.734 22207 22228 I native-activity: Doing egl_swapbuffers_sync 2
04-13 00:40:30.734 22207 22228 I native-activity: Swap 415 time is 6.334ms
04-13 00:40:30.735 22207 22228 I native-activity: Animating
04-13 00:40:30.740 20692 20755 D AmazonCMS: Loaded preloaded image from *****
04-13 00:40:30.741 22207 22228 I native-activity: Frame 416 GL error is 0x0
04-13 00:40:30.741 22207 22228 I native-activity: Frame 416 time is 6.504ms
04-13 00:40:30.741 22207 22228 I native-activity: Doing egl_swapbuffers_sync 2
04-13 00:40:30.743 22207 22228 I native-activity: Swap 416 time is 8.911ms
04-13 00:40:30.744 22207 22228 I native-activity: Animating
04-13 00:40:30.751 22207 22228 I native-activity: Frame 417 GL error is 0x0
04-13 00:40:30.751 22207 22228 I native-activity: Frame 417 time is 7.121ms
04-13 00:40:30.751 22207 22228 I native-activity: Doing egl_swapbuffers_sync 2
04-13 00:40:30.753 20692 20755 D AmazonCMS: Cached image for package ***** is out of date with package update time (1480592179000,1480592179000) vs. 1491757591965
04-13 00:40:30.754 20692 20755 D AmazonCMS: loading icons for *****
04-13 00:40:30.758 22207 22228 I native-activity: Swap 417 time is 13.953ms
04-13 00:40:30.758 22207 22228 I native-activity: Animating
04-13 00:40:30.765 22207 22228 I native-activity: Frame 418 GL error is 0x0
04-13 00:40:30.765 22207 22228 I native-activity: Frame 418 time is 7.509ms
04-13 00:40:30.765 22207 22228 I native-activity: Doing egl_swapbuffers_sync 2
04-13 00:40:30.766 20692 20755 D AmazonCMS: Loaded preloaded image from *****
04-13 00:40:30.772 22207 22228 I native-activity: Swap 418 time is 14.199ms
04-13 00:40:30.772 22207 22228 I native-activity: Animating
04-13 00:40:30.778 22207 22228 I native-activity: Frame 419 GL error is 0x0
04-13 00:40:30.778 22207 22228 I native-activity: Frame 419 time is 5.444ms
04-13 00:40:30.778 22207 22228 I native-activity: Doing egl_swapbuffers_sync 2
04-13 00:40:30.786 22207 22228 I native-activity: Swap 419 time is 13.971ms
04-13 00:40:30.787 22207 22228 I native-activity: Animating
04-13 00:40:30.792 22207 22228 I native-activity: Frame 420 GL error is 0x0
04-13 00:40:30.792 22207 22228 I native-activity: Frame 420 time is 5.243ms
04-13 00:40:30.792 22207 22228 I native-activity: Doing egl_swapbuffers_sync 2
04-13 00:40:30.801 22207 22228 I native-activity: Swap 420 time is 13.895ms
04-13 00:40:30.801 22207 22228 I native-activity: Animating
04-13 00:40:30.803 20692 20755 D AmazonCMS: Loaded preloaded image from *****
04-13 00:40:30.806 22207 22228 I native-activity: Frame 421 GL error is 0x0
04-13 00:40:30.806 22207 22228 I native-activity: Frame 421 time is 5.578ms
04-13 00:40:30.806 22207 22228 I native-activity: Doing egl_swapbuffers_sync 2
04-13 00:40:30.812 22207 22228 I native-activity: Swap 421 time is 11.099ms
04-13 00:40:30.812 22207 22228 I native-activity: Animating
04-13 00:40:30.821 22207 22228 I native-activity: Frame 422 GL error is 0x0
04-13 00:40:30.821 22207 22228 I native-activity: Frame 422 time is 8.760ms
04-13 00:40:30.821 22207 22228 I native-activity: Doing egl_swapbuffers_sync 2
04-13 00:40:30.823 22207 22228 I native-activity: Swap 422 time is 10.284ms
04-13 00:40:30.823 22207 22228 I native-activity: Animating
04-13 00:40:30.832 22207 22228 I native-activity: Frame 423 GL error is 0x0
04-13 00:40:30.832 22207 22228 I native-activity: Frame 423 time is 8.997ms
04-13 00:40:30.832 22207 22228 I native-activity: Doing egl_swapbuffers_sync 2
04-13 00:40:30.834 22207 22228 I native-activity: Swap 423 time is 10.827ms
04-13 00:40:30.834 22207 22228 I native-activity: Animating
04-13 00:40:30.842 22207 22228 I native-activity: Frame 424 GL error is 0x0
04-13 00:40:30.842 22207 22228 I native-activity: Frame 424 time is 7.912ms
04-13 00:40:30.842 22207 22228 I native-activity: Doing egl_swapbuffers_sync 2
04-13 00:40:30.845 22207 22228 I native-activity: Swap 424 time is 11.433ms
04-13 00:40:30.845 22207 22228 I native-activity: Animating
04-13 00:40:30.852 22207 22228 I native-activity: Frame 425 GL error is 0x0
04-13 00:40:30.852 22207 22228 I native-activity: Frame 425 time is 6.887ms
04-13 00:40:30.852 22207 22228 I native-activity: Doing egl_swapbuffers_sync 2
04-13 00:40:30.858 22207 22228 I native-activity: Swap 425 time is 12.135ms
04-13 00:40:30.858 22207 22228 I native-activity: Animating
04-13 00:40:30.865 22207 22228 I native-activity: Frame 426 GL error is 0x0
04-13 00:40:30.865 22207 22228 I native-activity: Frame 426 time is 6.813ms
04-13 00:40:30.865 22207 22228 I native-activity: Doing egl_swapbuffers_sync 2
04-13 00:40:30.870 22207 22228 I native-activity: Swap 426 time is 12.136ms
04-13 00:40:30.870 22207 22228 I native-activity: Animating
04-13 00:40:30.877 22207 22228 I native-activity: Frame 427 GL error is 0x0
04-13 00:40:30.877 22207 22228 I native-activity: Frame 427 time is 6.996ms
04-13 00:40:30.877 22207 22228 I native-activity: Doing egl_swapbuffers_sync 2
04-13 00:40:30.882 22207 22228 I native-activity: Swap 427 time is 11.913ms
04-13 00:40:30.882 22207 22228 I native-activity: Animating
04-13 00:40:30.884 20692 22246 W asset   : Asset path /system/framework/android.amazon.res.jar is neither a directory nor file (type=1).
04-13 00:40:30.884 20692 22246 W ResourcesManager: Asset path '/system/framework/android.amazon.res.jar' does not exist or contains no resources.
04-13 00:40:30.889 22207 22228 I native-activity: Frame 428 GL error is 0x0
04-13 00:40:30.890 22207 22228 I native-activity: Frame 428 time is 7.192ms
04-13 00:40:30.890 22207 22228 I native-activity: Doing egl_swapbuffers_sync 2
04-13 00:40:30.894 22207 22228 I native-activity: Swap 428 time is 11.820ms
04-13 00:40:30.894 22207 22228 I native-activity: Animating
04-13 00:40:30.902 22207 22228 I native-activity: Frame 429 GL error is 0x0
04-13 00:40:30.902 22207 22228 I native-activity: Frame 429 time is 7.536ms
04-13 00:40:30.902 22207 22228 I native-activity: Doing egl_swapbuffers_sync 2
04-13 00:40:30.906 22207 22228 I native-activity: Swap 429 time is 11.844ms
04-13 00:40:30.906 22207 22228 I native-activity: Animating
04-13 00:40:30.914 22207 22228 I native-activity: Frame 430 GL error is 0x0
04-13 00:40:30.914 22207 22228 I native-activity: Frame 430 time is 7.550ms
04-13 00:40:30.914 22207 22228 I native-activity: Doing egl_swapbuffers_sync 2
04-13 00:40:30.900    82    82 I Kernel  : [45269.575804].(0)[82:mtk charger_hv_]charging_reset_watch_dog_timer
04-13 00:40:30.900    82    82 I Kernel  : [45269.577021].(0)[82:mtk charger_hv_]array_size = 16 
04-13 00:40:30.918 22207 22228 I native-activity: Swap 430 time is 11.723ms
04-13 00:40:30.918 22207 22228 I native-activity: Animating
04-13 00:40:30.924 20692 20755 D AmazonCMS: Cached image for package ***** is out of date with package update time (1480592179000,1480592179000) vs. 1491757484099
04-13 00:40:30.926 22207 22228 I native-activity: Frame 431 GL error is 0x0
04-13 00:40:30.926 22207 22228 I native-activity: Frame 431 time is 7.542ms
04-13 00:40:30.926 22207 22228 I native-activity: Doing egl_swapbuffers_sync 2
04-13 00:40:30.930 20692 20755 D AmazonCMS: loading icons for *****
04-13 00:40:30.931 22207 22228 I native-activity: Swap 431 time is 12.450ms
04-13 00:40:30.931 22207 22228 I native-activity: Animating
04-13 00:40:30.938 22207 22228 I native-activity: Frame 432 GL error is 0x0
04-13 00:40:30.938 22207 22228 I native-activity: Frame 432 time is 7.020ms
04-13 00:40:30.938 22207 22228 I native-activity: Doing egl_swapbuffers_sync 2
04-13 00:40:30.944 22207 22228 I native-activity: Swap 432 time is 12.807ms
04-13 00:40:30.944 22207 22228 I native-activity: Animating
04-13 00:40:30.950 20692 20755 D AmazonCMS: Loaded preloaded image from *****
04-13 00:40:30.952 22207 22228 I native-activity: Frame 433 GL error is 0x0
04-13 00:40:30.952 22207 22228 I native-activity: Frame 433 time is 7.477ms
04-13 00:40:30.952 22207 22228 I native-activity: Doing egl_swapbuffers_sync 2
04-13 00:40:30.956 22207 22228 I native-activity: Swap 433 time is 11.549ms
04-13 00:40:30.956 22207 22228 I native-activity: Animating
04-13 00:40:30.964 22207 22228 I native-activity: Frame 434 GL error is 0x0
04-13 00:40:30.964 22207 22228 I native-activity: Frame 434 time is 8.304ms
04-13 00:40:30.964 22207 22228 I native-activity: Doing egl_swapbuffers_sync 2
04-13 00:40:30.968 22207 22228 I native-activity: Swap 434 time is 12.011ms
04-13 00:40:30.968 22207 22228 I native-activity: Animating
04-13 00:40:30.973 20692 21289 I DCP     : [JsonCallExecutor][CallExecutor][3c825f17-034b-430f-b159-4547aa1a939e][Auth]Received response code 200 OK. Total time = 322 ms. Handshake = 64 ms. Upload = 0 ms (0 bytes). Latency = 256 ms. Download = 0 ms (425 bytes).
04-13 00:40:30.975   917  2114 D WifiService: releaseWifiLockLocked: WifiLock{com.amazon.dcp.framework.iuc.ConnectionEstablisherWithConnectivityEnforcement type=1 binder=android.os.BinderProxy@2d34f800}
04-13 00:40:30.980 20692 20755 D AmazonCMS: Loaded preloaded image from *****
04-13 00:40:30.981 22207 22228 I native-activity: Frame 435 GL error is 0x0
04-13 00:40:30.981 22207 22228 I native-activity: Frame 435 time is 12.989ms
04-13 00:40:30.981 22207 22228 I native-activity: Doing egl_swapbuffers_sync 2
04-13 00:40:30.982 22207 22228 I native-activity: Swap 435 time is 13.495ms
04-13 00:40:30.982 22207 22228 I native-activity: Animating
04-13 00:40:30.990 22207 22228 I native-activity: Frame 436 GL error is 0x0
04-13 00:40:30.990 22207 22228 I native-activity: Frame 436 time is 7.771ms
04-13 00:40:30.990 22207 22228 I native-activity: Doing egl_swapbuffers_sync 2
04-13 00:40:30.993 22207 22228 I native-activity: Swap 436 time is 10.809ms
04-13 00:40:30.993 22207 22228 I native-activity: Animating
04-13 00:40:31.002 22207 22228 I native-activity: Frame 437 GL error is 0x0
04-13 00:40:31.003 22207 22228 I native-activity: Frame 437 time is 9.307ms
04-13 00:40:31.003 22207 22228 I native-activity: Doing egl_swapbuffers_sync 2
04-13 00:40:31.006 22207 22228 I native-activity: Swap 437 time is 12.473ms
04-13 00:40:31.006 22207 22228 I native-activity: Animating
04-13 00:40:31.016 22207 22228 I native-activity: Frame 438 GL error is 0x0
04-13 00:40:31.016 22207 22228 I native-activity: Frame 438 time is 9.686ms
04-13 00:40:31.016 22207 22228 I native-activity: Doing egl_swapbuffers_sync 2
04-13 00:40:31.018 22207 22228 I native-activity: Swap 438 time is 12.362ms
04-13 00:40:31.019 22207 22228 I native-activity: Animating
04-13 00:40:31.023 20692 20755 D AmazonCMS: Cached image for package ***** is out of date with package update time (1480592179000,1480592179000) vs. 1491757399725
04-13 00:40:31.024 20692 20755 D AmazonCMS: loading icons for *****
04-13 00:40:31.027 22207 22228 I native-activity: Frame 439 GL error is 0x0
04-13 00:40:31.027 22207 22228 I native-activity: Frame 439 time is 8.453ms
04-13 00:40:31.027 22207 22228 I native-activity: Doing egl_swapbuffers_sync 2
04-13 00:40:31.030 22207 22228 I native-activity: Swap 439 time is 11.276ms
04-13 00:40:31.030 22207 22228 I native-activity: Animating
04-13 00:40:31.038 20692 20755 D AmazonCMS: Loaded preloaded image from *****
04-13 00:40:31.039 22207 22228 I native-activity: Frame 440 GL error is 0x0
04-13 00:40:31.039 22207 22228 I native-activity: Frame 440 time is 9.191ms
04-13 00:40:31.039 22207 22228 I native-activity: Doing egl_swapbuffers_sync 2
04-13 00:40:31.041 22207 22228 I native-activity: Swap 440 time is 10.373ms
04-13 00:40:31.041 22207 22228 I native-activity: Animating
04-13 00:40:31.049 22207 22228 I native-activity: Frame 441 GL error is 0x0
04-13 00:40:31.049 22207 22228 I native-activity: Frame 441 time is 8.253ms
04-13 00:40:31.049 22207 22228 I native-activity: Doing egl_swapbuffers_sync 2
04-13 00:40:31.052 22207 22228 I native-activity: Swap 441 time is 10.956ms
04-13 00:40:31.052 22207 22228 I native-activity: Animating
04-13 00:40:31.060 22207 22228 I native-activity: Frame 442 GL error is 0x0
04-13 00:40:31.060 22207 22228 I native-activity: Frame 442 time is 7.756ms
04-13 00:40:31.060 22207 22228 I native-activity: Doing egl_swapbuffers_sync 2
04-13 00:40:31.065 22207 22228 I native-activity: Swap 442 time is 13.273ms
04-13 00:40:31.065 22207 22228 I native-activity: Animating
04-13 00:40:31.073 22207 22228 I native-activity: Frame 443 GL error is 0x0
04-13 00:40:31.073 22207 22228 I native-activity: Frame 443 time is 7.616ms
04-13 00:40:31.073 22207 22228 I native-activity: Doing egl_swapbuffers_sync 2
04-13 00:40:31.078 22207 22228 I native-activity: Swap 443 time is 12.379ms
04-13 00:40:31.078 20692 20755 D AmazonCMS: Loaded preloaded image from *****
04-13 00:40:31.078 22207 22228 I native-activity: Animating
04-13 00:40:31.086 22207 22228 I native-activity: Frame 444 GL error is 0x0
04-13 00:40:31.086 22207 22228 I native-activity: Frame 444 time is 7.857ms
04-13 00:40:31.086 22207 22228 I native-activity: Doing egl_swapbuffers_sync 2
04-13 00:40:31.088 20692 20755 D AmazonCMS: Cached image for package ***** is out of date with package update time (1480592179000,1480592179000) vs. 1491757609120
04-13 00:40:31.091 22207 22228 I native-activity: Swap 444 time is 13.284ms
04-13 00:40:31.092 22207 22228 I native-activity: Animating
04-13 00:40:31.099 22207 22228 I native-activity: Frame 445 GL error is 0x0
04-13 00:40:31.099 22207 22228 I native-activity: Frame 445 time is 7.602ms
04-13 00:40:31.099 22207 22228 I native-activity: Doing egl_swapbuffers_sync 2
04-13 00:40:31.104 20692 20755 D AmazonCMS: loading icons for *****
04-13 00:40:31.105 22207 22228 I native-activity: Swap 445 time is 13.236ms
04-13 00:40:31.105 22207 22228 I native-activity: Animating
04-13 00:40:31.113 22207 22228 I native-activity: Frame 446 GL error is 0x0
04-13 00:40:31.113 22207 22228 I native-activity: Frame 446 time is 7.911ms
04-13 00:40:31.113 22207 22228 I native-activity: Doing egl_swapbuffers_sync 2
04-13 00:40:31.116 20692 22246 W asset   : Asset path /system/framework/android.amazon.res.jar is neither a directory nor file (type=1).
04-13 00:40:31.116 20692 22246 W ResourcesManager: Asset path '/system/framework/android.amazon.res.jar' does not exist or contains no resources.
04-13 00:40:31.119 22207 22228 I native-activity: Swap 446 time is 13.358ms
04-13 00:40:31.119 22207 22228 I native-activity: Animating
04-13 00:40:31.125 20692 20755 D AmazonCMS: Loaded preloaded image from *****
04-13 00:40:31.127 22207 22228 I native-activity: Frame 447 GL error is 0x0
04-13 00:40:31.127 22207 22228 I native-activity: Frame 447 time is 7.972ms
04-13 00:40:31.127 22207 22228 I native-activity: Doing egl_swapbuffers_sync 2
04-13 00:40:31.131 20692 20755 D AmazonCMS: Cached image for package ***** is out of date with package update time (1480592179000,1480592179000) vs. 1491757968262
04-13 00:40:31.132 22207 22228 I native-activity: Swap 447 time is 13.479ms
04-13 00:40:31.133 22207 22228 I native-activity: Animating
04-13 00:40:31.141 22207 22228 I native-activity: Frame 448 GL error is 0x0
04-13 00:40:31.141 22207 22228 I native-activity: Frame 448 time is 8.123ms
04-13 00:40:31.141 22207 22228 I native-activity: Doing egl_swapbuffers_sync 2
04-13 00:40:31.141 20692 20755 D AmazonCMS: loading icons for *****
04-13 00:40:31.146 22207 22228 I native-activity: Swap 448 time is 13.356ms
04-13 00:40:31.146 22207 22228 I native-activity: Animating
04-13 00:40:31.154 22207 22228 I native-activity: Frame 449 GL error is 0x0
04-13 00:40:31.154 22207 22228 I native-activity: Frame 449 time is 8.075ms
04-13 00:40:31.154 22207 22228 I native-activity: Doing egl_swapbuffers_sync 2
04-13 00:40:31.160 22207 22228 I native-activity: Swap 449 time is 13.501ms
04-13 00:40:31.160 22207 22228 I native-activity: Animating
04-13 00:40:31.168 22207 22228 I native-activity: Frame 450 GL error is 0x0
04-13 00:40:31.168 22207 22228 I native-activity: Frame 450 time is 7.709ms
04-13 00:40:31.168 22207 22228 I native-activity: Doing egl_swapbuffers_sync 2
04-13 00:40:31.169 20692 20755 D AmazonCMS: Loaded preloaded image from *****
04-13 00:40:31.171 20692 20755 D AmazonCMS: Loaded preloaded image from *****
04-13 00:40:31.174 22207 22228 I native-activity: Swap 450 time is 13.454ms
04-13 00:40:31.174 22207 22228 I native-activity: Animating
04-13 00:40:31.180 20692 20755 D AmazonCMS: Cached image for package ***** is out of date with package update time (1480592179000,1480592179000) vs. 1492012848432
04-13 00:40:31.183 22207 22228 I native-activity: Frame 451 GL error is 0x0
04-13 00:40:31.183 22207 22228 I native-activity: Frame 451 time is 8.744ms
04-13 00:40:31.183 22207 22228 I native-activity: Doing egl_swapbuffers_sync 2
04-13 00:40:31.187 22207 22228 I native-activity: Swap 451 time is 13.264ms
04-13 00:40:31.187 22207 22228 I native-activity: Animating
04-13 00:40:31.195 22207 22228 I native-activity: Frame 452 GL error is 0x0
04-13 00:40:31.195 22207 22228 I native-activity: Frame 452 time is 7.669ms
04-13 00:40:31.195 22207 22228 I native-activity: Doing egl_swapbuffers_sync 2
04-13 00:40:31.201 22207 22228 I native-activity: Swap 452 time is 13.090ms
04-13 00:40:31.201 22207 22228 I native-activity: Animating
04-13 00:40:31.209 22207 22228 I native-activity: Frame 453 GL error is 0x0
04-13 00:40:31.209 22207 22228 I native-activity: Frame 453 time is 8.089ms
04-13 00:40:31.209 22207 22228 I native-activity: Doing egl_swapbuffers_sync 2
04-13 00:40:31.206 20692 20755 D AmazonCMS: loading icons for *****
04-13 00:40:31.212 20692 20755 D AmazonCMS: Loaded preloaded image from *****
04-13 00:40:31.215 22207 22228 I native-activity: Swap 453 time is 13.816ms
04-13 00:40:31.215 22207 22228 I native-activity: Animating
04-13 00:40:31.223 22207 22228 I native-activity: Frame 454 GL error is 0x0
04-13 00:40:31.223 22207 22228 I native-activity: Frame 454 time is 7.700ms
04-13 00:40:31.223 22207 22228 I native-activity: Doing egl_swapbuffers_sync 2
04-13 00:40:31.228 22207 22228 I native-activity: Swap 454 time is 13.435ms
04-13 00:40:31.229 22207 22228 I native-activity: Animating
04-13 00:40:31.237 22207 22228 I native-activity: Frame 455 GL error is 0x0
04-13 00:40:31.237 22207 22228 I native-activity: Frame 455 time is 8.272ms
04-13 00:40:31.237 22207 22228 I native-activity: Doing egl_swapbuffers_sync 2
04-13 00:40:31.237 20692 20755 D AmazonCMS: Loaded preloaded image from *****
04-13 00:40:31.242 22207 22228 I native-activity: Swap 455 time is 13.087ms
04-13 00:40:31.242 22207 22228 I native-activity: Animating
04-13 00:40:31.249 22207 22228 I native-activity: Frame 456 GL error is 0x0
04-13 00:40:31.250 22207 22228 I native-activity: Frame 456 time is 7.643ms
04-13 00:40:31.250 22207 22228 I native-activity: Doing egl_swapbuffers_sync 2
04-13 00:40:31.255 22207 22228 I native-activity: Swap 456 time is 13.076ms
04-13 00:40:31.255 22207 22228 I native-activity: Animating
04-13 00:40:31.263 22207 22228 I native-activity: Frame 457 GL error is 0x0
04-13 00:40:31.263 22207 22228 I native-activity: Frame 457 time is 7.860ms
04-13 00:40:31.263 22207 22228 I native-activity: Doing egl_swapbuffers_sync 2
04-13 00:40:31.269 22207 22228 I native-activity: Swap 457 time is 13.157ms
04-13 00:40:31.269 22207 22228 I native-activity: Animating
04-13 00:40:31.277 22207 22228 I native-activity: Frame 458 GL error is 0x0
04-13 00:40:31.277 22207 22228 I native-activity: Frame 458 time is 7.988ms
04-13 00:40:31.277 22207 22228 I native-activity: Doing egl_swapbuffers_sync 2
04-13 00:40:31.282 22207 22228 I native-activity: Swap 458 time is 13.296ms
04-13 00:40:31.282 22207 22228 I native-activity: Animating
04-13 00:40:31.289 20692 20755 D AmazonCMS: Loaded preloaded image from *****
04-13 00:40:31.290 22207 22228 I native-activity: Frame 459 GL error is 0x0
04-13 00:40:31.290 22207 22228 I native-activity: Frame 459 time is 7.828ms
04-13 00:40:31.290 22207 22228 I native-activity: Doing egl_swapbuffers_sync 2
04-13 00:40:31.296 22207 22228 I native-activity: Swap 459 time is 13.349ms
04-13 00:40:31.296 22207 22228 I native-activity: Animating
04-13 00:40:31.304 22207 22228 I native-activity: Frame 460 GL error is 0x0
04-13 00:40:31.304 22207 22228 I native-activity: Frame 460 time is 7.797ms
04-13 00:40:31.304 22207 22228 I native-activity: Doing egl_swapbuffers_sync 2
04-13 00:40:31.309 22207 22228 I native-activity: Swap 460 time is 12.878ms
04-13 00:40:31.309 22207 22228 I native-activity: Animating
04-13 00:40:31.317 22207 22228 I native-activity: Frame 461 GL error is 0x0
04-13 00:40:31.317 22207 22228 I native-activity: Frame 461 time is 7.970ms
04-13 00:40:31.317 22207 22228 I native-activity: Doing egl_swapbuffers_sync 2
04-13 00:40:31.320 20692 22246 W asset   : Asset path /system/framework/android.amazon.res.jar is neither a directory nor file (type=1).
04-13 00:40:31.320 20692 22246 W ResourcesManager: Asset path '/system/framework/android.amazon.res.jar' does not exist or contains no resources.
04-13 00:40:31.322 22207 22228 I native-activity: Swap 461 time is 13.217ms
04-13 00:40:31.323 22207 22228 I native-activity: Animating
04-13 00:40:31.327 20692 20755 D AmazonCMS: Cached image for package ***** is out of date with package update time (1480592179000,1480592179000) vs. 1491757812346
04-13 00:40:31.330 20692 20755 D AmazonCMS: loading icons for *****
04-13 00:40:31.335 20692 20755 D AmazonCMS: Loaded preloaded image from *****
04-13 00:40:31.342 22207 22228 I native-activity: Frame 462 GL error is 0x501
04-13 00:40:31.342 22207 22228 I native-activity: Frame 462 time is 19.636ms
04-13 00:40:31.342 22207 22228 I native-activity: Doing egl_swapbuffers_sync 2
04-13 00:40:31.343 22207 22228 I native-activity: Swap 462 time is 20.030ms
04-13 00:40:31.343 22207 22228 I native-activity: Animating
04-13 00:40:31.352 22207 22228 I native-activity: Frame 463 GL error is 0x0
04-13 00:40:31.352 22207 22228 I native-activity: Frame 463 time is 9.488ms
04-13 00:40:31.352 22207 22228 I native-activity: Doing egl_swapbuffers_sync 2
04-13 00:40:31.353 22207 22228 I native-activity: Swap 463 time is 9.877ms
04-13 00:40:31.353 22207 22228 I native-activity: Animating
04-13 00:40:31.357 22207 22228 I native-activity: Frame 464 GL error is 0x0
04-13 00:40:31.357 22207 22228 I native-activity: Frame 464 time is 4.012ms
04-13 00:40:31.357 22207 22228 I native-activity: Doing egl_swapbuffers_sync 2
04-13 00:40:31.359 22207 22228 I native-activity: Swap 464 time is 5.963ms
04-13 00:40:31.359 22207 22228 I native-activity: Animating
04-13 00:40:31.364 22207 22228 I native-activity: Frame 465 GL error is 0x0
04-13 00:40:31.364 22207 22228 I native-activity: Frame 465 time is 4.754ms
04-13 00:40:31.364 22207 22228 I native-activity: Doing egl_swapbuffers_sync 2
04-13 00:40:31.366 20692 20755 D AmazonCMS: Loaded preloaded image from *****
04-13 00:40:31.370 22207 22228 I native-activity: Swap 465 time is 11.234ms
04-13 00:40:31.371 22207 22228 I native-activity: Animating
04-13 00:40:31.378 22207 22228 I native-activity: Frame 466 GL error is 0x0
04-13 00:40:31.378 22207 22228 I native-activity: Frame 466 time is 7.437ms
04-13 00:40:31.378 22207 22228 I native-activity: Doing egl_swapbuffers_sync 2
04-13 00:40:31.382 22207 22228 I native-activity: Swap 466 time is 11.797ms
04-13 00:40:31.383 22207 22228 I native-activity: Animating
04-13 00:40:31.391 22207 22228 I native-activity: Frame 467 GL error is 0x0
04-13 00:40:31.392 22207 22228 I native-activity: Frame 467 time is 8.914ms
04-13 00:40:31.392 22207 22228 I native-activity: Doing egl_swapbuffers_sync 2
04-13 00:40:31.395 22207 22228 I native-activity: Swap 467 time is 11.901ms
04-13 00:40:31.395 22207 22228 I native-activity: Animating
04-13 00:40:31.380 20692 20707 I Kernel  : [45270.055679].(3)[20707:GCDaemon]name:Log.amazon_main_1860 unmap vm_start a2abd000  end: a2ac2000
04-13 00:40:31.405 22207 22228 I native-activity: Frame 468 GL error is 0x0
04-13 00:40:31.405 22207 22228 I native-activity: Frame 468 time is 10.381ms
04-13 00:40:31.405 22207 22228 I native-activity: Doing egl_swapbuffers_sync 2
04-13 00:40:31.407 22207 22228 I native-activity: Swap 468 time is 11.867ms
04-13 00:40:31.407 22207 22228 I native-activity: Animating
04-13 00:40:31.426 22207 22228 I native-activity: Frame 469 GL error is 0x501
04-13 00:40:31.426 22207 22228 I native-activity: Frame 469 time is 19.162ms
04-13 00:40:31.426 22207 22228 I native-activity: Doing egl_swapbuffers_sync 2
04-13 00:40:31.426 22207 22228 I native-activity: Swap 469 time is 19.526ms
04-13 00:40:31.427 22207 22228 I native-activity: Animating
04-13 00:40:31.437 22207 22228 I native-activity: Frame 470 GL error is 0x0
04-13 00:40:31.437 22207 22228 I native-activity: Frame 470 time is 10.523ms
04-13 00:40:31.437 22207 22228 I native-activity: Doing egl_swapbuffers_sync 2
04-13 00:40:31.437 22207 22228 I native-activity: Swap 470 time is 10.867ms
04-13 00:40:31.438 22207 22228 I native-activity: Animating
04-13 00:40:31.448 22207 22228 I native-activity: Frame 471 GL error is 0x0
04-13 00:40:31.448 22207 22228 I native-activity: Frame 471 time is 10.548ms
04-13 00:40:31.448 22207 22228 I native-activity: Doing egl_swapbuffers_sync 2
04-13 00:40:31.449 22207 22228 I native-activity: Swap 471 time is 10.939ms
04-13 00:40:31.449 22207 22228 I native-activity: Animating
04-13 00:40:31.454 20692 21297 I DCP     : Sending 0 dataset update for 'CloudCollections' namespace
04-13 00:40:31.459 22207 22228 I native-activity: Frame 472 GL error is 0x0
04-13 00:40:31.459 22207 22228 I native-activity: Frame 472 time is 10.667ms
04-13 00:40:31.459 22207 22228 I native-activity: Doing egl_swapbuffers_sync 2
04-13 00:40:31.460 22207 22228 I native-activity: Swap 472 time is 11.256ms
04-13 00:40:31.460 22207 22228 I native-activity: Animating
04-13 00:40:31.470 22207 22228 I native-activity: Frame 473 GL error is 0x0
04-13 00:40:31.470 22207 22228 I native-activity: Frame 473 time is 9.864ms
04-13 00:40:31.470 22207 22228 I native-activity: Doing egl_swapbuffers_sync 2
04-13 00:40:31.470 22207 22228 I native-activity: Swap 473 time is 10.243ms
04-13 00:40:31.471 22207 22228 I native-activity: Animating
04-13 00:40:31.480 22207 22228 I native-activity: Frame 474 GL error is 0x0
04-13 00:40:31.480 20692 20755 V AmazonCMS: SyncClient - [SYNC] Syncing Namespace: [*****]
04-13 00:40:31.480 22207 22228 I native-activity: Frame 474 time is 9.782ms
04-13 00:40:31.480 22207 22228 I native-activity: Doing egl_swapbuffers_sync 2
04-13 00:40:31.481 22207 22228 I native-activity: Swap 474 time is 10.692ms
04-13 00:40:31.481 22207 22228 I native-activity: Animating
04-13 00:40:31.491 22207 22228 I native-activity: Frame 475 GL error is 0x0
04-13 00:40:31.491 22207 22228 I native-activity: Frame 475 time is 9.638ms
04-13 00:40:31.491 22207 22228 I native-activity: Doing egl_swapbuffers_sync 2
04-13 00:40:31.492 22207 22228 I native-activity: Swap 475 time is 10.031ms
04-13 00:40:31.492 22207 22228 I native-activity: Animating
04-13 00:40:31.502 22207 22228 I native-activity: Frame 476 GL error is 0x0
04-13 00:40:31.502 22207 22228 I native-activity: Frame 476 time is 10.030ms
04-13 00:40:31.502 22207 22228 I native-activity: Doing egl_swapbuffers_sync 2
04-13 00:40:31.504 22207 22228 I native-activity: Swap 476 time is 12.496ms
04-13 00:40:31.504 22207 22228 I native-activity: Animating
04-13 00:40:31.506 20692 21299 I DCP     : Sending 0 dataset update for 'CloudCollections.Items' namespace
04-13 00:40:31.514 22207 22228 I native-activity: Frame 477 GL error is 0x0
04-13 00:40:31.514 22207 22228 I native-activity: Frame 477 time is 10.109ms
04-13 00:40:31.514 22207 22228 I native-activity: Doing egl_swapbuffers_sync 2
04-13 00:40:31.518 22207 22228 I native-activity: Swap 477 time is 13.233ms
04-13 00:40:31.518 22207 22228 I native-activity: Animating
04-13 00:40:31.529 22207 22228 I native-activity: Frame 478 GL error is 0x0
04-13 00:40:31.529 22207 22228 I native-activity: Frame 478 time is 11.460ms
04-13 00:40:31.529 22207 22228 I native-activity: Doing egl_swapbuffers_sync 2
04-13 00:40:31.532 22207 22228 I native-activity: Swap 478 time is 14.020ms
04-13 00:40:31.532 22207 22228 I native-activity: Animating
04-13 00:40:31.543 22207 22228 I native-activity: Frame 479 GL error is 0x0
04-13 00:40:31.543 22207 22228 I native-activity: Frame 479 time is 11.368ms
04-13 00:40:31.543 22207 22228 I native-activity: Doing egl_swapbuffers_sync 2
04-13 00:40:31.545 22207 22228 I native-activity: Swap 479 time is 13.010ms
04-13 00:40:31.545 22207 22228 I native-activity: Animating
04-13 00:40:31.556 22207 22228 I native-activity: Frame 480 GL error is 0x0
04-13 00:40:31.556 22207 22228 I native-activity: Frame 480 time is 10.898ms
04-13 00:40:31.556 22207 22228 I native-activity: Doing egl_swapbuffers_sync 2
04-13 00:40:31.560 22207 22228 I native-activity: Swap 480 time is 14.466ms
04-13 00:40:31.560 22207 22228 I native-activity: Animating
04-13 00:40:31.569 22207 22228 I native-activity: Frame 481 GL error is 0x0
04-13 00:40:31.569 22207 22228 I native-activity: Frame 481 time is 8.779ms
04-13 00:40:31.569 22207 22228 I native-activity: Doing egl_swapbuffers_sync 2
04-13 00:40:31.575 22207 22228 I native-activity: Swap 481 time is 15.571ms
04-13 00:40:31.576 22207 22228 I native-activity: Animating
04-13 00:40:31.585 22207 22228 I native-activity: Frame 482 GL error is 0x0
04-13 00:40:31.585 22207 22228 I native-activity: Frame 482 time is 9.192ms
04-13 00:40:31.585 22207 22228 I native-activity: Doing egl_swapbuffers_sync 2
04-13 00:40:31.592 22207 22228 I native-activity: Swap 482 time is 16.195ms
04-13 00:40:31.592 22207 22228 I native-activity: Animating
04-13 00:40:31.601 22207 22228 I native-activity: Frame 483 GL error is 0x0
04-13 00:40:31.601 22207 22228 I native-activity: Frame 483 time is 8.993ms
04-13 00:40:31.601 22207 22228 I native-activity: Doing egl_swapbuffers_sync 2
04-13 00:40:31.608 22207 22228 I native-activity: Swap 483 time is 16.282ms
04-13 00:40:31.608 22207 22228 I native-activity: Animating
04-13 00:40:31.617 22207 22228 I native-activity: Frame 484 GL error is 0x0
04-13 00:40:31.617 22207 22228 I native-activity: Frame 484 time is 9.015ms
04-13 00:40:31.617 22207 22228 I native-activity: Doing egl_swapbuffers_sync 2
04-13 00:40:31.625 22207 22228 I native-activity: Swap 484 time is 16.161ms
04-13 00:40:31.625 22207 22228 I native-activity: Animating
04-13 00:40:31.634 22207 22228 I native-activity: Frame 485 GL error is 0x0
04-13 00:40:31.634 22207 22228 I native-activity: Frame 485 time is 9.212ms
04-13 00:40:31.634 22207 22228 I native-activity: Doing egl_swapbuffers_sync 2
04-13 00:40:31.641 22207 22228 I native-activity: Swap 485 time is 16.222ms
04-13 00:40:31.641 22207 22228 I native-activity: Animating
04-13 00:40:31.650 22207 22228 I native-activity: Frame 486 GL error is 0x0
04-13 00:40:31.650 22207 22228 I native-activity: Frame 486 time is 8.719ms
04-13 00:40:31.650 22207 22228 I native-activity: Doing egl_swapbuffers_sync 2
04-13 00:40:31.657 22207 22228 I native-activity: Swap 486 time is 16.019ms
04-13 00:40:31.657 22207 22228 I native-activity: Animating
04-13 00:40:31.666 22207 22228 I native-activity: Frame 487 GL error is 0x0
04-13 00:40:31.666 22207 22228 I native-activity: Frame 487 time is 9.010ms
04-13 00:40:31.666 22207 22228 I native-activity: Doing egl_swapbuffers_sync 2
04-13 00:40:31.674 22207 22228 I native-activity: Swap 487 time is 16.201ms
04-13 00:40:31.674 22207 22228 I native-activity: Animating
04-13 00:40:31.684 22207 22228 I native-activity: Frame 488 GL error is 0x0
04-13 00:40:31.684 22207 22228 I native-activity: Frame 488 time is 10.001ms
04-13 00:40:31.684 22207 22228 I native-activity: Doing egl_swapbuffers_sync 2
04-13 00:40:31.690 22207 22228 I native-activity: Swap 488 time is 16.187ms
04-13 00:40:31.690 22207 22228 I native-activity: Animating
04-13 00:40:31.699 22207 22228 I native-activity: Frame 489 GL error is 0x0
04-13 00:40:31.699 22207 22228 I native-activity: Frame 489 time is 8.884ms
04-13 00:40:31.699 22207 22228 I native-activity: Doing egl_swapbuffers_sync 2
04-13 00:40:31.706 22207 22228 I native-activity: Swap 489 time is 16.160ms
04-13 00:40:31.706 22207 22228 I native-activity: Animating
04-13 00:40:31.716 22207 22228 I native-activity: Frame 490 GL error is 0x0
04-13 00:40:31.716 22207 22228 I native-activity: Frame 490 time is 9.211ms
04-13 00:40:31.716 22207 22228 I native-activity: Doing egl_swapbuffers_sync 2
04-13 00:40:31.723 22207 22228 I native-activity: Swap 490 time is 16.232ms
04-13 00:40:31.723 22207 22228 I native-activity: Animating
04-13 00:40:31.732 22207 22228 I native-activity: Frame 491 GL error is 0x0
04-13 00:40:31.732 22207 22228 I native-activity: Frame 491 time is 9.237ms
04-13 00:40:31.732 22207 22228 I native-activity: Doing egl_swapbuffers_sync 2
04-13 00:40:31.739 22207 22228 I native-activity: Swap 491 time is 16.141ms
04-13 00:40:31.739 22207 22228 I native-activity: Animating
04-13 00:40:31.748 22207 22228 I native-activity: Frame 492 GL error is 0x0
04-13 00:40:31.748 22207 22228 I native-activity: Frame 492 time is 9.131ms
04-13 00:40:31.748 22207 22228 I native-activity: Doing egl_swapbuffers_sync 2
04-13 00:40:31.755 22207 22228 I native-activity: Swap 492 time is 16.235ms
04-13 00:40:31.755 22207 22228 I native-activity: Animating
04-13 00:40:31.765 22207 22228 I native-activity: Frame 493 GL error is 0x0
04-13 00:40:31.765 22207 22228 I native-activity: Frame 493 time is 9.935ms
