04-13 01:15:38.351 27948 27966 I native-activity: Frame 589 GL error is 0x0
04-13 01:15:38.351 27948 27966 I native-activity: Frame 589 time is 12.926ms
04-13 01:15:38.351 27948 27966 I native-activity: Swap 589 time is 13.000ms
04-13 01:15:38.351 27948 27966 I native-activity: Animating
04-13 01:15:38.364 27948 27966 I native-activity: Frame 590 GL error is 0x0
04-13 01:15:38.364 27948 27966 I native-activity: Frame 590 time is 12.920ms
04-13 01:15:38.364 27948 27966 I native-activity: Swap 590 time is 12.996ms
04-13 01:15:38.364 27948 27966 I native-activity: Animating
04-13 01:15:38.377 27948 27966 I native-activity: Frame 591 GL error is 0x0
04-13 01:15:38.377 27948 27966 I native-activity: Frame 591 time is 12.484ms
04-13 01:15:38.377 27948 27966 I native-activity: Swap 591 time is 12.554ms
04-13 01:15:38.377 27948 27966 I native-activity: Animating
04-13 01:15:38.370    82    82 I Kernel  : [47377.048017].(2)[82:mtk charger_hv_]charging_reset_watch_dog_timer
04-13 01:15:38.370    82    82 I Kernel  : [47377.048940].(2)[82:mtk charger_hv_]array_size = 16 
04-13 01:15:38.391 27948 27966 I native-activity: Frame 592 GL error is 0x501
04-13 01:15:38.391 27948 27966 I native-activity: Frame 592 time is 14.556ms
04-13 01:15:38.392 27948 27966 I native-activity: Swap 592 time is 14.630ms
04-13 01:15:38.392 27948 27966 I native-activity: Animating
04-13 01:15:38.403 25557 25643 D AmazonCMS: Performing collection sync type DELTA_SYNC for user *****
04-13 01:15:38.404 25557 25643 V AmazonCMS: SyncClient - [SYNC] Syncing Namespace: [*****]
04-13 01:15:38.405 27948 27966 I native-activity: Frame 593 GL error is 0x0
04-13 01:15:38.405 27948 27966 I native-activity: Frame 593 time is 12.966ms
04-13 01:15:38.405 27948 27966 I native-activity: Swap 593 time is 13.041ms
04-13 01:15:38.405 27948 27966 I native-activity: Animating
04-13 01:15:38.390  2159  2159 I Kernel  : [47377.070548].(0)[2159:wpa_supplicant]poorlink get state G(363245)F(49)dbad(0)dretry(0)LT(810)RT(-74)W(0)(12883)
04-13 01:15:38.400  2137  2137 I Kernel  : [47377.071943][wlan] nicTxReleaseResource: (TX STATE)
04-13 01:15:38.400  2137  2137 I Kernel  : Release: TC4 count 1, Free=4; TC5 count 0, Free=4
04-13 01:15:38.417 27948 27966 I native-activity: Frame 594 GL error is 0x0
04-13 01:15:38.417 27948 27966 I native-activity: Frame 594 time is 12.601ms
04-13 01:15:38.417 27948 27966 I native-activity: Swap 594 time is 12.673ms
04-13 01:15:38.418 27948 27966 I native-activity: Animating
04-13 01:15:38.431 25557 26343 I DCP     : [JsonCallExecutor][CallExecutor][f4c3c043-8183-4818-9243-ae5c6fd20df8][Auth]GET https://api.amazon.com/whispersync/v2/data/amzn1.account.XXXX/datasets?after=108  (attempt 1)
04-13 01:15:38.432   917   933 D WifiService: acquireWifiLockLocked: WifiLock{com.amazon.dcp.framework.iuc.ConnectionEstablisherWithConnectivityEnforcement type=1 binder=android.os.BinderProxy@14ad096f}
04-13 01:15:38.435 25557 27998 I com.amazon.dcp.framework.ConnectivityEnforcer: Network with type -1 is already connected
04-13 01:15:38.443 27948 27966 I native-activity: Frame 595 GL error is 0x0
04-13 01:15:38.443 27948 27966 I native-activity: Frame 595 time is 25.385ms
04-13 01:15:38.443 27948 27966 I native-activity: Swap 595 time is 25.456ms
04-13 01:15:38.443 27948 27966 I native-activity: Animating
04-13 01:15:38.448   917   933 D ActivityManager: single user service: com.amazon.imp
04-13 01:15:38.450   917   933 D ActivityManager: app = com.amazon.imp, has single user service, setting process record.
04-13 01:15:38.459 27948 27966 I native-activity: Frame 596 GL error is 0x0
04-13 01:15:38.459 27948 27966 I native-activity: Frame 596 time is 16.348ms
04-13 01:15:38.460 27948 27966 I native-activity: Swap 596 time is 16.434ms
04-13 01:15:38.460 27948 27966 I native-activity: Animating
04-13 01:15:38.472 27948 27966 I native-activity: Frame 597 GL error is 0x0
04-13 01:15:38.472 27948 27966 I native-activity: Frame 597 time is 12.581ms
04-13 01:15:38.472 27948 27966 I native-activity: Swap 597 time is 12.648ms
04-13 01:15:38.472 27948 27966 I native-activity: Animating
04-13 01:15:38.486 27948 27966 I native-activity: Frame 598 GL error is 0x0
04-13 01:15:38.486 27948 27966 I native-activity: Frame 598 time is 13.899ms
04-13 01:15:38.486 27948 27966 I native-activity: Swap 598 time is 13.971ms
04-13 01:15:38.486 27948 27966 I native-activity: Animating
04-13 01:15:38.499 27948 27966 I native-activity: Frame 599 GL error is 0x0
04-13 01:15:38.499 27948 27966 I native-activity: Frame 599 time is 12.472ms
04-13 01:15:38.499 27948 27966 I native-activity: Swap 599 time is 12.538ms
04-13 01:15:38.499 27948 27966 I native-activity: Animating
04-13 01:15:38.512 27948 27966 I native-activity: Frame 600 GL error is 0x0
04-13 01:15:38.512 27948 27966 I native-activity: Frame 600 time is 13.251ms
04-13 01:15:38.512 27948 27966 I native-activity: Swap 600 time is 13.319ms
04-13 01:15:38.512 27948 27966 I native-activity: Animating
04-13 01:15:38.526 27948 27966 I native-activity: Frame 601 GL error is 0x0
04-13 01:15:38.526 27948 27966 I native-activity: Frame 601 time is 13.234ms
04-13 01:15:38.526 27948 27966 I native-activity: Swap 601 time is 13.302ms
04-13 01:15:38.526 27948 27966 I native-activity: Animating
04-13 01:15:38.538 27948 27966 I native-activity: Frame 602 GL error is 0x0
04-13 01:15:38.538 27948 27966 I native-activity: Frame 602 time is 12.093ms
04-13 01:15:38.538 27948 27966 I native-activity: Swap 602 time is 12.160ms
04-13 01:15:38.538 27948 27966 I native-activity: Animating
04-13 01:15:38.549 27948 27966 I native-activity: Frame 603 GL error is 0x0
04-13 01:15:38.550 27948 27966 I native-activity: Frame 603 time is 11.395ms
04-13 01:15:38.550 27948 27966 I native-activity: Swap 603 time is 11.467ms
04-13 01:15:38.550 27948 27966 I native-activity: Animating
04-13 01:15:38.561 27948 27966 I native-activity: Frame 604 GL error is 0x0
04-13 01:15:38.561 27948 27966 I native-activity: Frame 604 time is 11.685ms
04-13 01:15:38.561 27948 27966 I native-activity: Swap 604 time is 11.751ms
04-13 01:15:38.562 27948 27966 I native-activity: Animating
04-13 01:15:38.574 27948 27966 I native-activity: Frame 605 GL error is 0x0
04-13 01:15:38.574 27948 27966 I native-activity: Frame 605 time is 12.298ms
04-13 01:15:38.574 27948 27966 I native-activity: Swap 605 time is 12.365ms
04-13 01:15:38.574 27948 27966 I native-activity: Animating
04-13 01:15:38.584 27948 27966 I native-activity: Frame 606 GL error is 0x0
04-13 01:15:38.584 27948 27966 I native-activity: Frame 606 time is 10.342ms
04-13 01:15:38.584 27948 27966 I native-activity: Swap 606 time is 10.408ms
04-13 01:15:38.584 27948 27966 I native-activity: Animating
04-13 01:15:38.594 27948 27966 I native-activity: Frame 607 GL error is 0x0
04-13 01:15:38.594 27948 27966 I native-activity: Frame 607 time is 9.220ms
04-13 01:15:38.594 27948 27966 I native-activity: Swap 607 time is 9.287ms
04-13 01:15:38.594 27948 27966 I native-activity: Animating
04-13 01:15:38.603 27948 27966 I native-activity: Frame 608 GL error is 0x0
04-13 01:15:38.603 27948 27966 I native-activity: Frame 608 time is 9.624ms
04-13 01:15:38.604 27948 27966 I native-activity: Swap 608 time is 9.692ms
04-13 01:15:38.604 27948 27966 I native-activity: Animating
04-13 01:15:38.615 27948 27966 I native-activity: Frame 609 GL error is 0x0
04-13 01:15:38.615 27948 27966 I native-activity: Frame 609 time is 11.443ms
04-13 01:15:38.615 27948 27966 I native-activity: Swap 609 time is 11.508ms
04-13 01:15:38.615 27948 27966 I native-activity: Animating
04-13 01:15:38.629 27948 27966 I native-activity: Frame 610 GL error is 0x0
04-13 01:15:38.629 27948 27966 I native-activity: Frame 610 time is 13.749ms
04-13 01:15:38.629 27948 27966 I native-activity: Swap 610 time is 13.816ms
04-13 01:15:38.629 27948 27966 I native-activity: Animating
04-13 01:15:38.640 27948 27966 I native-activity: Frame 611 GL error is 0x0
04-13 01:15:38.640 27948 27966 I native-activity: Frame 611 time is 11.130ms
04-13 01:15:38.640 27948 27966 I native-activity: Swap 611 time is 11.196ms
04-13 01:15:38.640 27948 27966 I native-activity: Animating
04-13 01:15:38.651 27948 27966 I native-activity: Frame 612 GL error is 0x0
04-13 01:15:38.651 27948 27966 I native-activity: Frame 612 time is 10.298ms
04-13 01:15:38.651 27948 27966 I native-activity: Swap 612 time is 10.378ms
04-13 01:15:38.651 27948 27966 I native-activity: Animating
04-13 01:15:38.679 27948 27966 I native-activity: Frame 613 GL error is 0x0
04-13 01:15:38.679 27948 27966 I native-activity: Frame 613 time is 28.095ms
04-13 01:15:38.679 27948 27966 I native-activity: Swap 613 time is 28.165ms
04-13 01:15:38.679 27948 27966 I native-activity: Animating
04-13 01:15:38.691 27948 27966 I native-activity: Frame 614 GL error is 0x0
04-13 01:15:38.691 27948 27966 I native-activity: Frame 614 time is 11.521ms
04-13 01:15:38.691 27948 27966 I native-activity: Swap 614 time is 11.613ms
04-13 01:15:38.691 27948 27966 I native-activity: Animating
04-13 01:15:38.699 27948 27966 I native-activity: Frame 615 GL error is 0x0
04-13 01:15:38.699 27948 27966 I native-activity: Frame 615 time is 7.889ms
04-13 01:15:38.699 27948 27966 I native-activity: Swap 615 time is 7.958ms
04-13 01:15:38.699 27948 27966 I native-activity: Animating
04-13 01:15:38.707 27948 27966 I native-activity: Frame 616 GL error is 0x0
04-13 01:15:38.707 27948 27966 I native-activity: Frame 616 time is 7.839ms
04-13 01:15:38.707 27948 27966 I native-activity: Swap 616 time is 7.927ms
04-13 01:15:38.707 27948 27966 I native-activity: Animating
04-13 01:15:38.714 25557 26343 I DCP     : [JsonCallExecutor][CallExecutor][f4c3c043-8183-4818-9243-ae5c6fd20df8][Auth]Received response code 200 OK. Total time = 282 ms. Handshake = 45 ms. Upload = 0 ms (0 bytes). Latency = 236 ms. Download = 0 ms (425 bytes).
04-13 01:15:38.715 27948 27966 I native-activity: Frame 617 GL error is 0x0
04-13 01:15:38.715 27948 27966 I native-activity: Frame 617 time is 8.120ms
04-13 01:15:38.715 27948 27966 I native-activity: Swap 617 time is 8.415ms
04-13 01:15:38.715 27948 27966 I native-activity: Animating
04-13 01:15:38.717   917 25027 D WifiService: releaseWifiLockLocked: WifiLock{com.amazon.dcp.framework.iuc.ConnectionEstablisherWithConnectivityEnforcement type=1 binder=android.os.BinderProxy@14ad096f}
04-13 01:15:38.724 27948 27966 I native-activity: Frame 618 GL error is 0x0
04-13 01:15:38.724 27948 27966 I native-activity: Frame 618 time is 8.627ms
04-13 01:15:38.724 27948 27966 I native-activity: Swap 618 time is 8.697ms
04-13 01:15:38.724 27948 27966 I native-activity: Animating
04-13 01:15:38.733 27948 27966 I native-activity: Frame 619 GL error is 0x0
04-13 01:15:38.733 27948 27966 I native-activity: Frame 619 time is 8.423ms
04-13 01:15:38.733 27948 27966 I native-activity: Swap 619 time is 8.495ms
04-13 01:15:38.733 27948 27966 I native-activity: Animating
04-13 01:15:38.741 27948 27966 I native-activity: Frame 620 GL error is 0x0
04-13 01:15:38.741 27948 27966 I native-activity: Frame 620 time is 8.633ms
04-13 01:15:38.742 27948 27966 I native-activity: Swap 620 time is 8.701ms
04-13 01:15:38.742 27948 27966 I native-activity: Animating
04-13 01:15:38.749 27948 27966 I native-activity: Frame 621 GL error is 0x0
04-13 01:15:38.750 27948 27966 I native-activity: Frame 621 time is 7.725ms
04-13 01:15:38.750 27948 27966 I native-activity: Swap 621 time is 8.003ms
04-13 01:15:38.750 27948 27966 I native-activity: Animating
04-13 01:15:38.758 27948 27966 I native-activity: Frame 622 GL error is 0x0
04-13 01:15:38.758 27948 27966 I native-activity: Frame 622 time is 8.073ms
04-13 01:15:38.758 27948 27966 I native-activity: Swap 622 time is 8.143ms
04-13 01:15:38.758 27948 27966 I native-activity: Animating
04-13 01:15:38.766 27948 27966 I native-activity: Frame 623 GL error is 0x0
04-13 01:15:38.766 27948 27966 I native-activity: Frame 623 time is 8.372ms
04-13 01:15:38.766 27948 27966 I native-activity: Swap 623 time is 8.444ms
04-13 01:15:38.766 27948 27966 I native-activity: Animating
04-13 01:15:38.775 27948 27966 I native-activity: Frame 624 GL error is 0x0
04-13 01:15:38.775 27948 27966 I native-activity: Frame 624 time is 8.631ms
04-13 01:15:38.775 27948 27966 I native-activity: Swap 624 time is 8.704ms
04-13 01:15:38.775 27948 27966 I native-activity: Animating
04-13 01:15:38.784 27948 27966 I native-activity: Frame 625 GL error is 0x0
04-13 01:15:38.784 27948 27966 I native-activity: Frame 625 time is 8.417ms
04-13 01:15:38.784 27948 27966 I native-activity: Swap 625 time is 8.489ms
04-13 01:15:38.784 27948 27966 I native-activity: Animating
04-13 01:15:38.793 27948 27966 I native-activity: Frame 626 GL error is 0x0
04-13 01:15:38.793 27948 27966 I native-activity: Frame 626 time is 9.209ms
04-13 01:15:38.793 27948 27966 I native-activity: Swap 626 time is 9.280ms
04-13 01:15:38.793 27948 27966 I native-activity: Animating
04-13 01:15:38.780 25557 27998 I Kernel  : [47377.454565].(0)[27998:pool-42-thread-]name:Log.amazon_main_1956 unmap vm_start a2bad000  end: a2baf000
04-13 01:15:38.801 27948 27966 I native-activity: Frame 627 GL error is 0x0
04-13 01:15:38.801 27948 27966 I native-activity: Frame 627 time is 7.952ms
04-13 01:15:38.801 27948 27966 I native-activity: Swap 627 time is 8.024ms
04-13 01:15:38.801 27948 27966 I native-activity: Animating
04-13 01:15:38.809 27948 27966 I native-activity: Frame 628 GL error is 0x0
04-13 01:15:38.809 27948 27966 I native-activity: Frame 628 time is 7.911ms
04-13 01:15:38.809 27948 27966 I native-activity: Swap 628 time is 8.078ms
04-13 01:15:38.810 27948 27966 I native-activity: Animating
04-13 01:15:38.817 27948 27966 I native-activity: Frame 629 GL error is 0x0
04-13 01:15:38.817 27948 27966 I native-activity: Frame 629 time is 7.611ms
04-13 01:15:38.817 27948 27966 I native-activity: Swap 629 time is 7.678ms
04-13 01:15:38.817 27948 27966 I native-activity: Animating
04-13 01:15:38.825 27948 27966 I native-activity: Frame 630 GL error is 0x0
04-13 01:15:38.825 27948 27966 I native-activity: Frame 630 time is 8.016ms
04-13 01:15:38.825 27948 27966 I native-activity: Swap 630 time is 8.085ms
04-13 01:15:38.826 27948 27966 I native-activity: Animating
04-13 01:15:38.833 27948 27966 I native-activity: Frame 631 GL error is 0x0
04-13 01:15:38.833 27948 27966 I native-activity: Frame 631 time is 7.893ms
04-13 01:15:38.833 27948 27966 I native-activity: Swap 631 time is 7.963ms
04-13 01:15:38.834 27948 27966 I native-activity: Animating
04-13 01:15:38.842 27948 27966 I native-activity: Frame 632 GL error is 0x0
04-13 01:15:38.842 27948 27966 I native-activity: Frame 632 time is 8.427ms
04-13 01:15:38.842 27948 27966 I native-activity: Swap 632 time is 8.496ms
04-13 01:15:38.842 27948 27966 I native-activity: Animating
04-13 01:15:38.850 27948 27966 I native-activity: Frame 633 GL error is 0x0
04-13 01:15:38.850 27948 27966 I native-activity: Frame 633 time is 8.181ms
04-13 01:15:38.850 27948 27966 I native-activity: Swap 633 time is 8.253ms
04-13 01:15:38.850 27948 27966 I native-activity: Animating
04-13 01:15:38.858 27948 27966 I native-activity: Frame 634 GL error is 0x0
04-13 01:15:38.859 27948 27966 I native-activity: Frame 634 time is 8.047ms
04-13 01:15:38.859 27948 27966 I native-activity: Swap 634 time is 8.116ms
04-13 01:15:38.859 27948 27966 I native-activity: Animating
04-13 01:15:38.867 27948 27966 I native-activity: Frame 635 GL error is 0x0
04-13 01:15:38.867 27948 27966 I native-activity: Frame 635 time is 8.327ms
04-13 01:15:38.867 27948 27966 I native-activity: Swap 635 time is 8.401ms
04-13 01:15:38.867 27948 27966 I native-activity: Animating
04-13 01:15:38.877 27948 27966 I native-activity: Frame 636 GL error is 0x0
04-13 01:15:38.877 27948 27966 I native-activity: Frame 636 time is 9.972ms
04-13 01:15:38.877 27948 27966 I native-activity: Swap 636 time is 10.042ms
04-13 01:15:38.877 27948 27966 I native-activity: Animating
04-13 01:15:38.888 27948 27966 I native-activity: Frame 637 GL error is 0x0
04-13 01:15:38.888 27948 27966 I native-activity: Frame 637 time is 10.885ms
04-13 01:15:38.888 27948 27966 I native-activity: Swap 637 time is 10.959ms
04-13 01:15:38.888 27948 27966 I native-activity: Animating
04-13 01:15:38.899 27948 27966 I native-activity: Frame 638 GL error is 0x0
04-13 01:15:38.899 27948 27966 I native-activity: Frame 638 time is 10.494ms
04-13 01:15:38.899 27948 27966 I native-activity: Swap 638 time is 10.573ms
04-13 01:15:38.899 27948 27966 I native-activity: Animating
04-13 01:15:38.911 27948 27966 I native-activity: Frame 639 GL error is 0x0
04-13 01:15:38.911 27948 27966 I native-activity: Frame 639 time is 11.994ms
04-13 01:15:38.911 27948 27966 I native-activity: Swap 639 time is 12.061ms
04-13 01:15:38.911 27948 27966 I native-activity: Animating
04-13 01:15:38.923 27948 27966 I native-activity: Frame 640 GL error is 0x0
04-13 01:15:38.923 27948 27966 I native-activity: Frame 640 time is 11.401ms
04-13 01:15:38.923 27948 27966 I native-activity: Swap 640 time is 11.470ms
04-13 01:15:38.923 27948 27966 I native-activity: Animating
04-13 01:15:38.935 27948 27966 I native-activity: Frame 641 GL error is 0x0
04-13 01:15:38.935 27948 27966 I native-activity: Frame 641 time is 12.442ms
04-13 01:15:38.935 27948 27966 I native-activity: Swap 641 time is 12.516ms
04-13 01:15:38.935 27948 27966 I native-activity: Animating
04-13 01:15:38.948 27948 27966 I native-activity: Frame 642 GL error is 0x0
04-13 01:15:38.948 27948 27966 I native-activity: Frame 642 time is 12.770ms
04-13 01:15:38.948 27948 27966 I native-activity: Swap 642 time is 12.841ms
04-13 01:15:38.948 27948 27966 I native-activity: Animating
04-13 01:15:38.961 27948 27966 I native-activity: Frame 643 GL error is 0x0
04-13 01:15:38.961 27948 27966 I native-activity: Frame 643 time is 13.103ms
04-13 01:15:38.962 27948 27966 I native-activity: Swap 643 time is 13.170ms
04-13 01:15:38.962 27948 27966 I native-activity: Animating
04-13 01:15:38.981 25557 26348 I DCP     : Sending 0 dataset update for 'CloudCollections' namespace
04-13 01:15:38.984 27948 27966 I native-activity: Frame 644 GL error is 0x0
04-13 01:15:38.984 27948 27966 I native-activity: Frame 644 time is 21.955ms
04-13 01:15:38.984 27948 27966 I native-activity: Swap 644 time is 22.022ms
04-13 01:15:38.984 27948 27966 I native-activity: Animating
04-13 01:15:38.998 27948 27966 I native-activity: Frame 645 GL error is 0x0
04-13 01:15:38.999 27948 27966 I native-activity: Frame 645 time is 14.822ms
04-13 01:15:38.999 27948 27966 I native-activity: Swap 645 time is 14.897ms
04-13 01:15:38.999 27948 27966 I native-activity: Animating
04-13 01:15:39.002 25557 25643 V AmazonCMS: SyncClient - [SYNC] Syncing Namespace: [*****]
04-13 01:15:39.013 27948 27966 I native-activity: Frame 646 GL error is 0x0
04-13 01:15:39.013 27948 27966 I native-activity: Frame 646 time is 14.127ms
04-13 01:15:39.013 27948 27966 I native-activity: Swap 646 time is 14.195ms
04-13 01:15:39.013 27948 27966 I native-activity: Animating
04-13 01:15:39.022 25557 26350 I DCP     : Sending 0 dataset update for 'CloudCollections.Items' namespace
04-13 01:15:39.026 27948 27966 I native-activity: Frame 647 GL error is 0x0
04-13 01:15:39.026 27948 27966 I native-activity: Frame 647 time is 12.987ms
04-13 01:15:39.026 27948 27966 I native-activity: Swap 647 time is 13.055ms
04-13 01:15:39.026 27948 27966 I native-activity: Animating
04-13 01:15:39.039 27948 27966 I native-activity: Frame 648 GL error is 0x0
04-13 01:15:39.039 27948 27966 I native-activity: Frame 648 time is 12.740ms
04-13 01:15:39.039 27948 27966 I native-activity: Swap 648 time is 12.810ms
04-13 01:15:39.039 27948 27966 I native-activity: Animating
04-13 01:15:39.051 27948 27966 I native-activity: Frame 649 GL error is 0x0
04-13 01:15:39.051 27948 27966 I native-activity: Frame 649 time is 12.108ms
04-13 01:15:39.051 27948 27966 I native-activity: Swap 649 time is 12.178ms
04-13 01:15:39.051 27948 27966 I native-activity: Animating
04-13 01:15:39.063 27948 27966 I native-activity: Frame 650 GL error is 0x0
04-13 01:15:39.063 27948 27966 I native-activity: Frame 650 time is 11.736ms
04-13 01:15:39.063 27948 27966 I native-activity: Swap 650 time is 11.802ms
04-13 01:15:39.063 27948 27966 I native-activity: Animating
04-13 01:15:39.075 27948 27966 I native-activity: Frame 651 GL error is 0x0
04-13 01:15:39.075 27948 27966 I native-activity: Frame 651 time is 11.430ms
04-13 01:15:39.075 27948 27966 I native-activity: Swap 651 time is 11.496ms
04-13 01:15:39.075 27948 27966 I native-activity: Animating
04-13 01:15:39.086 27948 27966 I native-activity: Frame 652 GL error is 0x0
04-13 01:15:39.086 27948 27966 I native-activity: Frame 652 time is 11.539ms
04-13 01:15:39.086 27948 27966 I native-activity: Swap 652 time is 11.607ms
04-13 01:15:39.087 27948 27966 I native-activity: Animating
04-13 01:15:39.098 27948 27966 I native-activity: Frame 653 GL error is 0x0
04-13 01:15:39.098 27948 27966 I native-activity: Frame 653 time is 11.389ms
04-13 01:15:39.098 27948 27966 I native-activity: Swap 653 time is 11.458ms
04-13 01:15:39.098 27948 27966 I native-activity: Animating
04-13 01:15:39.108 27948 27966 I native-activity: Frame 654 GL error is 0x0
04-13 01:15:39.108 27948 27966 I native-activity: Frame 654 time is 10.364ms
04-13 01:15:39.109 27948 27966 I native-activity: Swap 654 time is 10.431ms
04-13 01:15:39.109 27948 27966 I native-activity: Animating
04-13 01:15:39.119 27948 27966 I native-activity: Frame 655 GL error is 0x0
04-13 01:15:39.119 27948 27966 I native-activity: Frame 655 time is 10.255ms
04-13 01:15:39.119 27948 27966 I native-activity: Swap 655 time is 10.322ms
04-13 01:15:39.119 27948 27966 I native-activity: Animating
04-13 01:15:39.129 27948 27966 I native-activity: Frame 656 GL error is 0x0
04-13 01:15:39.129 27948 27966 I native-activity: Frame 656 time is 10.304ms
04-13 01:15:39.130 27948 27966 I native-activity: Swap 656 time is 10.602ms
04-13 01:15:39.130 27948 27966 I native-activity: Animating
04-13 01:15:39.140 27948 27966 I native-activity: Frame 657 GL error is 0x0
04-13 01:15:39.140 27948 27966 I native-activity: Frame 657 time is 10.443ms
04-13 01:15:39.140 27948 27966 I native-activity: Swap 657 time is 10.511ms
04-13 01:15:39.140 27948 27966 I native-activity: Animating
04-13 01:15:39.150 27948 27966 I native-activity: Frame 658 GL error is 0x0
04-13 01:15:39.150 27948 27966 I native-activity: Frame 658 time is 9.920ms
04-13 01:15:39.150 27948 27966 I native-activity: Swap 658 time is 9.987ms
04-13 01:15:39.150 27948 27966 I native-activity: Animating
04-13 01:15:39.160 27948 27966 I native-activity: Frame 659 GL error is 0x0
04-13 01:15:39.160 27948 27966 I native-activity: Frame 659 time is 10.048ms
04-13 01:15:39.161 27948 27966 I native-activity: Swap 659 time is 10.124ms
04-13 01:15:39.161 27948 27966 I native-activity: Animating
04-13 01:15:39.171 27948 27966 I native-activity: Frame 660 GL error is 0x0
04-13 01:15:39.171 27948 27966 I native-activity: Frame 660 time is 10.012ms
04-13 01:15:39.171 27948 27966 I native-activity: Swap 660 time is 10.080ms
04-13 01:15:39.171 27948 27966 I native-activity: Animating
04-13 01:15:39.181 27948 27966 I native-activity: Frame 661 GL error is 0x0
04-13 01:15:39.181 27948 27966 I native-activity: Frame 661 time is 9.944ms
04-13 01:15:39.181 27948 27966 I native-activity: Swap 661 time is 10.012ms
04-13 01:15:39.181 27948 27966 I native-activity: Animating
04-13 01:15:39.190 27948 27966 I native-activity: Frame 662 GL error is 0x0
04-13 01:15:39.190 27948 27966 I native-activity: Frame 662 time is 9.454ms
04-13 01:15:39.190 27948 27966 I native-activity: Swap 662 time is 9.523ms
04-13 01:15:39.190 27948 27966 I native-activity: Animating
04-13 01:15:39.200 27948 27966 I native-activity: Frame 663 GL error is 0x0
04-13 01:15:39.200 27948 27966 I native-activity: Frame 663 time is 9.520ms
04-13 01:15:39.200 27948 27966 I native-activity: Swap 663 time is 9.591ms
04-13 01:15:39.200 27948 27966 I native-activity: Animating
04-13 01:15:39.213 27948 27966 I native-activity: Frame 664 GL error is 0x0
04-13 01:15:39.213 27948 27966 I native-activity: Frame 664 time is 12.459ms
04-13 01:15:39.213 27948 27966 I native-activity: Swap 664 time is 12.528ms
04-13 01:15:39.213 27948 27966 I native-activity: Animating
04-13 01:15:39.223 27948 27966 I native-activity: Frame 665 GL error is 0x0
04-13 01:15:39.223 27948 27966 I native-activity: Frame 665 time is 9.998ms
04-13 01:15:39.223 27948 27966 I native-activity: Swap 665 time is 10.065ms
04-13 01:15:39.223 27948 27966 I native-activity: Animating
04-13 01:15:39.233 27948 27966 I native-activity: Frame 666 GL error is 0x0
04-13 01:15:39.233 27948 27966 I native-activity: Frame 666 time is 9.763ms
04-13 01:15:39.233 27948 27966 I native-activity: Swap 666 time is 9.829ms
04-13 01:15:39.233 27948 27966 I native-activity: Animating
04-13 01:15:39.243 27948 27966 I native-activity: Frame 667 GL error is 0x0
04-13 01:15:39.243 27948 27966 I native-activity: Frame 667 time is 9.741ms
04-13 01:15:39.243 27948 27966 I native-activity: Swap 667 time is 9.810ms
04-13 01:15:39.243 27948 27966 I native-activity: Animating
04-13 01:15:39.252 27948 27966 I native-activity: Frame 668 GL error is 0x0
04-13 01:15:39.252 27948 27966 I native-activity: Frame 668 time is 9.607ms
04-13 01:15:39.252 27948 27966 I native-activity: Swap 668 time is 9.673ms
04-13 01:15:39.252 27948 27966 I native-activity: Animating
04-13 01:15:39.262 27948 27966 I native-activity: Frame 669 GL error is 0x0
04-13 01:15:39.262 27948 27966 I native-activity: Frame 669 time is 9.841ms
04-13 01:15:39.262 27948 27966 I native-activity: Swap 669 time is 9.907ms
04-13 01:15:39.262 27948 27966 I native-activity: Animating
04-13 01:15:39.272 27948 27966 I native-activity: Frame 670 GL error is 0x0
04-13 01:15:39.272 27948 27966 I native-activity: Frame 670 time is 9.601ms
04-13 01:15:39.272 27948 27966 I native-activity: Swap 670 time is 9.668ms
04-13 01:15:39.272 27948 27966 I native-activity: Animating
04-13 01:15:39.282 27948 27966 I native-activity: Frame 671 GL error is 0x0
04-13 01:15:39.282 27948 27966 I native-activity: Frame 671 time is 9.796ms
04-13 01:15:39.282 27948 27966 I native-activity: Swap 671 time is 9.861ms
04-13 01:15:39.282 27948 27966 I native-activity: Animating
04-13 01:15:39.292 27948 27966 I native-activity: Frame 672 GL error is 0x0
04-13 01:15:39.292 27948 27966 I native-activity: Frame 672 time is 9.994ms
04-13 01:15:39.292 27948 27966 I native-activity: Swap 672 time is 10.061ms
04-13 01:15:39.292 27948 27966 I native-activity: Animating
04-13 01:15:39.308 27948 27966 I native-activity: Frame 673 GL error is 0x0
04-13 01:15:39.308 27948 27966 I native-activity: Frame 673 time is 15.528ms
04-13 01:15:39.308 27948 27966 I native-activity: Swap 673 time is 15.598ms
04-13 01:15:39.308 27948 27966 I native-activity: Animating
04-13 01:15:39.316 27948 27966 I native-activity: Frame 674 GL error is 0x0
04-13 01:15:39.316 27948 27966 I native-activity: Frame 674 time is 8.205ms
04-13 01:15:39.316 27948 27966 I native-activity: Swap 674 time is 8.271ms
04-13 01:15:39.316 27948 27966 I native-activity: Animating
04-13 01:15:39.322 27948 27966 I native-activity: Frame 675 GL error is 0x0
04-13 01:15:39.322 27948 27966 I native-activity: Frame 675 time is 6.000ms
04-13 01:15:39.322 27948 27966 I native-activity: Swap 675 time is 6.066ms
04-13 01:15:39.322 27948 27966 I native-activity: Animating
04-13 01:15:39.329 27948 27966 I native-activity: Frame 676 GL error is 0x0
04-13 01:15:39.329 27948 27966 I native-activity: Frame 676 time is 6.069ms
04-13 01:15:39.329 27948 27966 I native-activity: Swap 676 time is 6.135ms
04-13 01:15:39.329 27948 27966 I native-activity: Animating
04-13 01:15:39.334 27948 27966 I native-activity: Frame 677 GL error is 0x0
04-13 01:15:39.335 27948 27966 I native-activity: Frame 677 time is 5.871ms
04-13 01:15:39.335 27948 27966 I native-activity: Swap 677 time is 5.939ms
04-13 01:15:39.335 27948 27966 I native-activity: Animating
04-13 01:15:39.340 27948 27966 I native-activity: Frame 678 GL error is 0x0
04-13 01:15:39.340 27948 27966 I native-activity: Frame 678 time is 5.571ms
04-13 01:15:39.340 27948 27966 I native-activity: Swap 678 time is 5.636ms
04-13 01:15:39.340 27948 27966 I native-activity: Animating
04-13 01:15:39.346 27948 27966 I native-activity: Frame 679 GL error is 0x0
04-13 01:15:39.346 27948 27966 I native-activity: Frame 679 time is 5.847ms
04-13 01:15:39.346 27948 27966 I native-activity: Swap 679 time is 5.914ms
04-13 01:15:39.346 27948 27966 I native-activity: Animating
04-13 01:15:39.355 27948 27966 I native-activity: Frame 680 GL error is 0x0
04-13 01:15:39.355 27948 27966 I native-activity: Frame 680 time is 8.231ms
04-13 01:15:39.355 27948 27966 I native-activity: Swap 680 time is 8.298ms
04-13 01:15:39.355 27948 27966 I native-activity: Animating
04-13 01:15:39.363 27948 27966 I native-activity: Frame 681 GL error is 0x0
04-13 01:15:39.363 27948 27966 I native-activity: Frame 681 time is 8.704ms
04-13 01:15:39.364 27948 27966 I native-activity: Swap 681 time is 8.769ms
04-13 01:15:39.364 27948 27966 I native-activity: Animating
04-13 01:15:39.374 27948 27966 I native-activity: Frame 682 GL error is 0x0
04-13 01:15:39.374 27948 27966 I native-activity: Frame 682 time is 10.482ms
04-13 01:15:39.374 27948 27966 I native-activity: Swap 682 time is 10.551ms
04-13 01:15:39.374 27948 27966 I native-activity: Animating
04-13 01:15:39.382 27948 27966 I native-activity: Frame 683 GL error is 0x0
04-13 01:15:39.382 27948 27966 I native-activity: Frame 683 time is 8.081ms
04-13 01:15:39.382 27948 27966 I native-activity: Swap 683 time is 8.147ms
04-13 01:15:39.382 27948 27966 I native-activity: Animating
04-13 01:15:39.370    82    82 I Kernel  : [47378.049023].(2)[82:mtk charger_hv_]charging_reset_watch_dog_timer
04-13 01:15:39.370    82    82 I Kernel  : [47378.049903].(0)[82:mtk charger_hv_]array_size = 16 
04-13 01:15:39.391 27948 27966 I native-activity: Frame 684 GL error is 0x0
04-13 01:15:39.391 27948 27966 I native-activity: Frame 684 time is 8.352ms
04-13 01:15:39.391 27948 27966 I native-activity: Swap 684 time is 8.418ms
04-13 01:15:39.391 27948 27966 I native-activity: Animating
04-13 01:15:39.399 27948 27966 I native-activity: Frame 685 GL error is 0x0
04-13 01:15:39.399 27948 27966 I native-activity: Frame 685 time is 8.033ms
04-13 01:15:39.399 27948 27966 I native-activity: Swap 685 time is 8.098ms
04-13 01:15:39.399 27948 27966 I native-activity: Animating
04-13 01:15:39.408 27948 27966 I native-activity: Frame 686 GL error is 0x0
04-13 01:15:39.408 27948 27966 I native-activity: Frame 686 time is 8.434ms
04-13 01:15:39.408 27948 27966 I native-activity: Swap 686 time is 8.499ms
04-13 01:15:39.408 27948 27966 I native-activity: Animating
04-13 01:15:39.416 27948 27966 I native-activity: Frame 687 GL error is 0x0
04-13 01:15:39.416 27948 27966 I native-activity: Frame 687 time is 8.463ms
04-13 01:15:39.416 27948 27966 I native-activity: Swap 687 time is 8.530ms
04-13 01:15:39.416 27948 27966 I native-activity: Animating
04-13 01:15:39.425 27948 27966 I native-activity: Frame 688 GL error is 0x0
04-13 01:15:39.425 27948 27966 I native-activity: Frame 688 time is 8.782ms
04-13 01:15:39.425 27948 27966 I native-activity: Swap 688 time is 8.849ms
04-13 01:15:39.425 27948 27966 I native-activity: Animating
04-13 01:15:39.433 27948 27966 I native-activity: Frame 689 GL error is 0x0
04-13 01:15:39.433 27948 27966 I native-activity: Frame 689 time is 7.953ms
04-13 01:15:39.433 27948 27966 I native-activity: Swap 689 time is 8.021ms
04-13 01:15:39.433 27948 27966 I native-activity: Animating
04-13 01:15:39.443 27948 27966 I native-activity: Frame 690 GL error is 0x0
04-13 01:15:39.443 27948 27966 I native-activity: Frame 690 time is 10.049ms
04-13 01:15:39.444 27948 27966 I native-activity: Swap 690 time is 10.116ms
04-13 01:15:39.444 27948 27966 I native-activity: Animating
04-13 01:15:39.452 27948 27966 I native-activity: Frame 691 GL error is 0x0
04-13 01:15:39.452 27948 27966 I native-activity: Frame 691 time is 7.954ms
04-13 01:15:39.452 27948 27966 I native-activity: Swap 691 time is 8.022ms
04-13 01:15:39.452 27948 27966 I native-activity: Animating
04-13 01:15:39.460 27948 27966 I native-activity: Frame 692 GL error is 0x0
04-13 01:15:39.460 27948 27966 I native-activity: Frame 692 time is 7.899ms
04-13 01:15:39.460 27948 27966 I native-activity: Swap 692 time is 7.964ms
04-13 01:15:39.460 27948 27966 I native-activity: Animating
04-13 01:15:39.467 27948 27966 I native-activity: Frame 693 GL error is 0x0
04-13 01:15:39.467 27948 27966 I native-activity: Frame 693 time is 7.643ms
04-13 01:15:39.467 27948 27966 I native-activity: Swap 693 time is 7.710ms
04-13 01:15:39.468 27948 27966 I native-activity: Animating
04-13 01:15:39.475 27948 27966 I native-activity: Frame 694 GL error is 0x0
04-13 01:15:39.475 27948 27966 I native-activity: Frame 694 time is 7.941ms
04-13 01:15:39.476 27948 27966 I native-activity: Swap 694 time is 8.006ms
04-13 01:15:39.476 27948 27966 I native-activity: Animating
04-13 01:15:39.481 27948 27966 I native-activity: Frame 695 GL error is 0x0
04-13 01:15:39.481 27948 27966 I native-activity: Frame 695 time is 5.490ms
04-13 01:15:39.481 27948 27966 I native-activity: Swap 695 time is 5.555ms
04-13 01:15:39.481 27948 27966 I native-activity: Animating
04-13 01:15:39.487 27948 27966 I native-activity: Frame 696 GL error is 0x0
04-13 01:15:39.487 27948 27966 I native-activity: Frame 696 time is 5.367ms
04-13 01:15:39.487 27948 27966 I native-activity: Swap 696 time is 5.430ms
04-13 01:15:39.487 27948 27966 I native-activity: Animating
04-13 01:15:39.492 27948 27966 I native-activity: Frame 697 GL error is 0x0
04-13 01:15:39.492 27948 27966 I native-activity: Frame 697 time is 5.594ms
04-13 01:15:39.492 27948 27966 I native-activity: Swap 697 time is 5.660ms
04-13 01:15:39.492 27948 27966 I native-activity: Animating
04-13 01:15:39.498 27948 27966 I native-activity: Frame 698 GL error is 0x0
04-13 01:15:39.498 27948 27966 I native-activity: Frame 698 time is 5.305ms
04-13 01:15:39.498 27948 27966 I native-activity: Swap 698 time is 5.368ms
04-13 01:15:39.498 27948 27966 I native-activity: Animating
04-13 01:15:39.503 27948 27966 I native-activity: Frame 699 GL error is 0x0
04-13 01:15:39.503 27948 27966 I native-activity: Frame 699 time is 5.533ms
04-13 01:15:39.503 27948 27966 I native-activity: Swap 699 time is 5.598ms
04-13 01:15:39.504 27948 27966 I native-activity: Animating
04-13 01:15:39.509 27948 27966 I native-activity: Frame 700 GL error is 0x0
04-13 01:15:39.509 27948 27966 I native-activity: Frame 700 time is 5.732ms
04-13 01:15:39.509 27948 27966 I native-activity: Swap 700 time is 5.796ms
04-13 01:15:39.509 27948 27966 I native-activity: Animating
04-13 01:15:39.515 27948 27966 I native-activity: Frame 701 GL error is 0x0
04-13 01:15:39.515 27948 27966 I native-activity: Frame 701 time is 5.567ms
04-13 01:15:39.515 27948 27966 I native-activity: Swap 701 time is 5.634ms
04-13 01:15:39.515 27948 27966 I native-activity: Animating
04-13 01:15:39.521 27948 27966 I native-activity: Frame 702 GL error is 0x0
04-13 01:15:39.521 27948 27966 I native-activity: Frame 702 time is 5.992ms
04-13 01:15:39.521 27948 27966 I native-activity: Swap 702 time is 6.055ms
04-13 01:15:39.521 27948 27966 I native-activity: Animating
04-13 01:15:39.527 27948 27966 I native-activity: Frame 703 GL error is 0x0
04-13 01:15:39.527 27948 27966 I native-activity: Frame 703 time is 5.934ms
04-13 01:15:39.527 27948 27966 I native-activity: Swap 703 time is 5.999ms
04-13 01:15:39.527 27948 27966 I native-activity: Animating
04-13 01:15:39.534 27948 27966 I native-activity: Frame 704 GL error is 0x0
04-13 01:15:39.534 27948 27966 I native-activity: Frame 704 time is 6.425ms
04-13 01:15:39.534 27948 27966 I native-activity: Swap 704 time is 6.490ms
04-13 01:15:39.534 27948 27966 I native-activity: Animating
04-13 01:15:39.542 27948 27966 I native-activity: Frame 705 GL error is 0x0
04-13 01:15:39.542 27948 27966 I native-activity: Frame 705 time is 7.611ms
04-13 01:15:39.542 27948 27966 I native-activity: Swap 705 time is 7.676ms
04-13 01:15:39.542 27948 27966 I native-activity: Animating
04-13 01:15:39.548 27948 27966 I native-activity: Frame 706 GL error is 0x0
04-13 01:15:39.548 27948 27966 I native-activity: Frame 706 time is 6.614ms
04-13 01:15:39.548 27948 27966 I native-activity: Swap 706 time is 6.677ms
04-13 01:15:39.548 27948 27966 I native-activity: Animating
04-13 01:15:39.556 27948 27966 I native-activity: Frame 707 GL error is 0x0
04-13 01:15:39.556 27948 27966 I native-activity: Frame 707 time is 7.183ms
04-13 01:15:39.556 27948 27966 I native-activity: Swap 707 time is 7.248ms
04-13 01:15:39.556 27948 27966 I native-activity: Animating
04-13 01:15:39.563 27948 27966 I native-activity: Frame 708 GL error is 0x0
04-13 01:15:39.563 27948 27966 I native-activity: Frame 708 time is 7.116ms
04-13 01:15:39.563 27948 27966 I native-activity: Swap 708 time is 7.184ms
04-13 01:15:39.563 27948 27966 I native-activity: Animating
04-13 01:15:39.570 27948 27966 I native-activity: Frame 709 GL error is 0x0
04-13 01:15:39.570 27948 27966 I native-activity: Frame 709 time is 7.128ms
04-13 01:15:39.570 27948 27966 I native-activity: Swap 709 time is 7.193ms
04-13 01:15:39.570 27948 27966 I native-activity: Animating
04-13 01:15:39.577 27948 27966 I native-activity: Frame 710 GL error is 0x0
04-13 01:15:39.577 27948 27966 I native-activity: Frame 710 time is 7.150ms
04-13 01:15:39.578 27948 27966 I native-activity: Swap 710 time is 7.217ms
04-13 01:15:39.578 27948 27966 I native-activity: Animating
04-13 01:15:39.585 27948 27966 I native-activity: Frame 711 GL error is 0x0
04-13 01:15:39.585 27948 27966 I native-activity: Frame 711 time is 7.223ms
04-13 01:15:39.585 27948 27966 I native-activity: Swap 711 time is 7.289ms
04-13 01:15:39.585 27948 27966 I native-activity: Animating
04-13 01:15:39.594 27948 27966 I native-activity: Frame 712 GL error is 0x0
04-13 01:15:39.594 27948 27966 I native-activity: Frame 712 time is 9.141ms
04-13 01:15:39.594 27948 27966 I native-activity: Swap 712 time is 9.210ms
04-13 01:15:39.594 27948 27966 I native-activity: Animating
04-13 01:15:39.605 27948 27966 I native-activity: Frame 713 GL error is 0x0
04-13 01:15:39.605 27948 27966 I native-activity: Frame 713 time is 10.627ms
04-13 01:15:39.605 27948 27966 I native-activity: Swap 713 time is 10.693ms
04-13 01:15:39.605 27948 27966 I native-activity: Animating
04-13 01:15:39.616 27948 27966 I native-activity: Frame 714 GL error is 0x0
04-13 01:15:39.616 27948 27966 I native-activity: Frame 714 time is 11.348ms
04-13 01:15:39.616 27948 27966 I native-activity: Swap 714 time is 11.416ms
04-13 01:15:39.617 27948 27966 I native-activity: Animating
04-13 01:15:39.628 27948 27966 I native-activity: Frame 715 GL error is 0x0
04-13 01:15:39.628 27948 27966 I native-activity: Frame 715 time is 11.195ms
04-13 01:15:39.628 27948 27966 I native-activity: Swap 715 time is 11.268ms
04-13 01:15:39.628 27948 27966 I native-activity: Animating
04-13 01:15:39.639 27948 27966 I native-activity: Frame 716 GL error is 0x0
04-13 01:15:39.639 27948 27966 I native-activity: Frame 716 time is 10.998ms
04-13 01:15:39.639 27948 27966 I native-activity: Swap 716 time is 11.064ms
04-13 01:15:39.639 27948 27966 I native-activity: Animating
04-13 01:15:39.650 27948 27966 I native-activity: Frame 717 GL error is 0x0
04-13 01:15:39.650 27948 27966 I native-activity: Frame 717 time is 10.966ms
04-13 01:15:39.650 27948 27966 I native-activity: Swap 717 time is 11.034ms
04-13 01:15:39.650 27948 27966 I native-activity: Animating
04-13 01:15:39.660 27948 27966 I native-activity: Frame 718 GL error is 0x0
04-13 01:15:39.660 27948 27966 I native-activity: Frame 718 time is 10.272ms
04-13 01:15:39.661 27948 27966 I native-activity: Swap 718 time is 10.346ms
04-13 01:15:39.661 27948 27966 I native-activity: Animating
04-13 01:15:39.670 27948 27966 I native-activity: Frame 719 GL error is 0x0
04-13 01:15:39.671 27948 27966 I native-activity: Frame 719 time is 9.898ms
04-13 01:15:39.671 27948 27966 I native-activity: Swap 719 time is 9.969ms
04-13 01:15:39.671 27948 27966 I native-activity: Animating
04-13 01:15:39.680 27948 27966 I native-activity: Frame 720 GL error is 0x0
04-13 01:15:39.680 27948 27966 I native-activity: Frame 720 time is 9.714ms
04-13 01:15:39.680 27948 27966 I native-activity: Swap 720 time is 9.782ms
04-13 01:15:39.681 27948 27966 I native-activity: Animating
04-13 01:15:39.690 27948 27966 I native-activity: Frame 721 GL error is 0x0
04-13 01:15:39.690 27948 27966 I native-activity: Frame 721 time is 9.318ms
04-13 01:15:39.690 27948 27966 I native-activity: Swap 721 time is 9.389ms
04-13 01:15:39.690 27948 27966 I native-activity: Animating
04-13 01:15:39.699 27948 27966 I native-activity: Frame 722 GL error is 0x0
04-13 01:15:39.699 27948 27966 I native-activity: Frame 722 time is 9.242ms
04-13 01:15:39.699 27948 27966 I native-activity: Swap 722 time is 9.308ms
04-13 01:15:39.699 27948 27966 I native-activity: Animating
04-13 01:15:39.709 27948 27966 I native-activity: Frame 723 GL error is 0x0
04-13 01:15:39.709 27948 27966 I native-activity: Frame 723 time is 9.308ms
04-13 01:15:39.709 27948 27966 I native-activity: Swap 723 time is 9.377ms
04-13 01:15:39.709 27948 27966 I native-activity: Animating
04-13 01:15:39.718 27948 27966 I native-activity: Frame 724 GL error is 0x0
04-13 01:15:39.718 27948 27966 I native-activity: Frame 724 time is 9.288ms
04-13 01:15:39.718 27948 27966 I native-activity: Swap 724 time is 9.356ms
04-13 01:15:39.718 27948 27966 I native-activity: Animating
04-13 01:15:39.732 27948 27966 I native-activity: Frame 725 GL error is 0x0
04-13 01:15:39.732 27948 27966 I native-activity: Frame 725 time is 13.214ms
04-13 01:15:39.732 27948 27966 I native-activity: Swap 725 time is 13.281ms
04-13 01:15:39.732 27948 27966 I native-activity: Animating
04-13 01:15:39.741 27948 27966 I native-activity: Frame 726 GL error is 0x0
04-13 01:15:39.741 27948 27966 I native-activity: Frame 726 time is 9.614ms
04-13 01:15:39.742 27948 27966 I native-activity: Swap 726 time is 9.683ms
04-13 01:15:39.742 27948 27966 I native-activity: Animating
04-13 01:15:39.751 27948 27966 I native-activity: Frame 727 GL error is 0x0
04-13 01:15:39.751 27948 27966 I native-activity: Frame 727 time is 9.629ms
04-13 01:15:39.751 27948 27966 I native-activity: Swap 727 time is 9.694ms
04-13 01:15:39.751 27948 27966 I native-activity: Animating
04-13 01:15:39.761 27948 27966 I native-activity: Frame 728 GL error is 0x0
04-13 01:15:39.761 27948 27966 I native-activity: Frame 728 time is 9.465ms
04-13 01:15:39.761 27948 27966 I native-activity: Swap 728 time is 9.533ms
04-13 01:15:39.761 27948 27966 I native-activity: Animating
04-13 01:15:39.770 27948 27966 I native-activity: Frame 729 GL error is 0x0
04-13 01:15:39.770 27948 27966 I native-activity: Frame 729 time is 9.261ms
04-13 01:15:39.770 27948 27966 I native-activity: Swap 729 time is 9.328ms
04-13 01:15:39.770 27948 27966 I native-activity: Animating
04-13 01:15:39.779 27948 27966 I native-activity: Frame 730 GL error is 0x0
04-13 01:15:39.779 27948 27966 I native-activity: Frame 730 time is 9.050ms
04-13 01:15:39.780 27948 27966 I native-activity: Swap 730 time is 9.130ms
04-13 01:15:39.780 27948 27966 I native-activity: Animating
04-13 01:15:39.789 27948 27966 I native-activity: Frame 731 GL error is 0x0
04-13 01:15:39.789 27948 27966 I native-activity: Frame 731 time is 9.068ms
04-13 01:15:39.789 27948 27966 I native-activity: Swap 731 time is 9.146ms
04-13 01:15:39.789 27948 27966 I native-activity: Animating
04-13 01:15:39.800 27948 27966 I native-activity: Frame 732 GL error is 0x0
04-13 01:15:39.801 27948 27966 I native-activity: Frame 732 time is 11.670ms
04-13 01:15:39.801 27948 27966 I native-activity: Swap 732 time is 11.744ms
04-13 01:15:39.801 27948 27966 I native-activity: Animating
04-13 01:15:39.810 27948 27966 I native-activity: Frame 733 GL error is 0x0
04-13 01:15:39.810 27948 27966 I native-activity: Frame 733 time is 9.307ms
04-13 01:15:39.810 27948 27966 I native-activity: Swap 733 time is 9.375ms
04-13 01:15:39.810 27948 27966 I native-activity: Animating
04-13 01:15:39.819 27948 27966 I native-activity: Frame 734 GL error is 0x0
04-13 01:15:39.819 27948 27966 I native-activity: Frame 734 time is 8.824ms
04-13 01:15:39.819 27948 27966 I native-activity: Swap 734 time is 8.912ms
04-13 01:15:39.819 27948 27966 I native-activity: Animating
04-13 01:15:39.828 27948 27966 I native-activity: Frame 735 GL error is 0x0
04-13 01:15:39.828 27948 27966 I native-activity: Frame 735 time is 8.949ms
04-13 01:15:39.828 27948 27966 I native-activity: Swap 735 time is 9.019ms
04-13 01:15:39.828 27948 27966 I native-activity: Animating
04-13 01:15:39.837 27948 27966 I native-activity: Frame 736 GL error is 0x0
04-13 01:15:39.837 27948 27966 I native-activity: Frame 736 time is 8.740ms
04-13 01:15:39.837 27948 27966 I native-activity: Swap 736 time is 8.835ms
04-13 01:15:39.837 27948 27966 I native-activity: Animating
04-13 01:15:39.847 27948 27966 I native-activity: Frame 737 GL error is 0x0
04-13 01:15:39.847 27948 27966 I native-activity: Frame 737 time is 10.055ms
04-13 01:15:39.847 27948 27966 I native-activity: Swap 737 time is 10.122ms
04-13 01:15:39.847 27948 27966 I native-activity: Animating
04-13 01:15:39.857 27948 27966 I native-activity: Frame 738 GL error is 0x0
04-13 01:15:39.857 27948 27966 I native-activity: Frame 738 time is 9.443ms
04-13 01:15:39.857 27948 27966 I native-activity: Swap 738 time is 9.511ms
04-13 01:15:39.857 27948 27966 I native-activity: Animating
04-13 01:15:39.867 27948 27966 I native-activity: Frame 739 GL error is 0x0
04-13 01:15:39.867 27948 27966 I native-activity: Frame 739 time is 9.683ms
04-13 01:15:39.867 27948 27966 I native-activity: Swap 739 time is 9.750ms
04-13 01:15:39.867 27948 27966 I native-activity: Animating
04-13 01:15:39.876 27948 27966 I native-activity: Frame 740 GL error is 0x0
04-13 01:15:39.876 27948 27966 I native-activity: Frame 740 time is 9.389ms
04-13 01:15:39.876 27948 27966 I native-activity: Swap 740 time is 9.457ms
04-13 01:15:39.876 27948 27966 I native-activity: Animating
04-13 01:15:39.889 27948 27966 I native-activity: Frame 741 GL error is 0x0
04-13 01:15:39.889 27948 27966 I native-activity: Frame 741 time is 13.037ms
04-13 01:15:39.890 27948 27966 I native-activity: Swap 741 time is 13.114ms
04-13 01:15:39.890 27948 27966 I native-activity: Animating
04-13 01:15:39.907 27948 27966 I native-activity: Frame 742 GL error is 0x0
04-13 01:15:39.907 27948 27966 I native-activity: Frame 742 time is 17.458ms
04-13 01:15:39.907 27948 27966 I native-activity: Swap 742 time is 17.526ms
04-13 01:15:39.907 27948 27966 I native-activity: Animating
04-13 01:15:39.920 27948 27966 I native-activity: Frame 743 GL error is 0x0
04-13 01:15:39.920 27948 27966 I native-activity: Frame 743 time is 12.460ms
04-13 01:15:39.920 27948 27966 I native-activity: Swap 743 time is 12.527ms
04-13 01:15:39.920 27948 27966 I native-activity: Animating
04-13 01:15:39.931 27948 27966 I native-activity: Frame 744 GL error is 0x0
04-13 01:15:39.931 27948 27966 I native-activity: Frame 744 time is 11.384ms
04-13 01:15:39.931 27948 27966 I native-activity: Swap 744 time is 11.452ms
04-13 01:15:39.931 27948 27966 I native-activity: Animating
04-13 01:15:39.942 27948 27966 I native-activity: Frame 745 GL error is 0x0
04-13 01:15:39.942 27948 27966 I native-activity: Frame 745 time is 10.958ms
04-13 01:15:39.942 27948 27966 I native-activity: Swap 745 time is 11.054ms
04-13 01:15:39.943 27948 27966 I native-activity: Animating
04-13 01:15:39.953 27948 27966 I native-activity: Frame 746 GL error is 0x0
04-13 01:15:39.953 27948 27966 I native-activity: Frame 746 time is 10.828ms
04-13 01:15:39.953 27948 27966 I native-activity: Swap 746 time is 10.906ms
04-13 01:15:39.954 27948 27966 I native-activity: Animating
04-13 01:15:39.964 27948 27966 I native-activity: Frame 747 GL error is 0x0
04-13 01:15:39.964 27948 27966 I native-activity: Frame 747 time is 10.636ms
04-13 01:15:39.964 27948 27966 I native-activity: Swap 747 time is 10.723ms
04-13 01:15:39.964 27948 27966 I native-activity: Animating
04-13 01:15:39.975 27948 27966 I native-activity: Frame 748 GL error is 0x0
04-13 01:15:39.975 27948 27966 I native-activity: Frame 748 time is 10.509ms
04-13 01:15:39.975 27948 27966 I native-activity: Swap 748 time is 10.602ms
