04-13 00:57:21.240    81    81 I Kernel  : [46279.918263].(0)[81:bat_thread_kthr][BAT_thread]Cable in, CHR_Type_num=2
04-13 00:57:21.250    81    81 I Kernel  : [46279.929198].(0)[81:bat_thread_kthr]AvgVbat=(4181),bat_vol=(4205),AvgI=(650),I=(0),VChr=(4607),AvgT=(24),T=(24),pre_SOC=(100),SOC=(100),ZCV=(4045)
04-13 00:57:21.250    81    81 I Kernel  : [46279.929289].(0)[81:bat_thread_kthr][BATTERY] support JEITA, temperature=24
04-13 00:57:21.250    81    81 I Kernel  : [46279.929315][BATTERY] Battery Normal Temperature between 10 and 45 !!
04-13 00:57:21.250    81    81 I Kernel  : [46279.929344].(0)[81:bat_thread_kthr]array_size = 51 
04-13 00:57:21.250    81    81 I Kernel  : [46279.930240].(0)[81:bat_thread_kthr]charging_reset_watch_dog_timer
04-13 00:57:21.285 25359 25377 I native-activity: Swap 200 time is 31.255ms
04-13 00:57:21.285 25359 25377 I native-activity: Animating
04-13 00:57:21.285 25359 25377 I native-activity: Frame 201 GL error is 0x0
04-13 00:57:21.285 25359 25377 I native-activity: Frame 201 time is 0.491ms
04-13 00:57:21.285 25359 25377 I native-activity: Doing egl_swapbuffers_sync 2
04-13 00:57:21.270    81    81 I Kernel  : [46279.945251].(0)[81:bat_thread_kthr][BATTERY] Default CC mode charging : 150000, input current = 150000
04-13 00:57:21.270    81    81 I Kernel  : [46279.945291].(0)[81:bat_thread_kthr]array_size = 8 
04-13 00:57:21.270    81    81 I Kernel  : [46279.948076].(0)[81:bat_thread_kthr]array_size = 28 
04-13 00:57:21.280    81    81 I Kernel  : [46279.953535].(0)[81:bat_thread_kthr]charging_dump_register
04-13 00:57:21.280    81    81 I Kernel  : [46279.954080].(0)[81:bat_thread_kthr][bq24296_dump_register] Reg[0x0]=0x45
04-13 00:57:21.280    81    81 I Kernel  : [46279.954606].(0)[81:bat_thread_kthr][bq24296_dump_register] Reg[0x1]=0x1B
04-13 00:57:21.280    81    81 I Kernel  : [46279.955130].(0)[81:bat_thread_kthr][bq24296_dump_register] Reg[0x2]=0x3C
04-13 00:57:21.280    81    81 I Kernel  : [46279.955653].(0)[81:bat_thread_kthr][bq24296_dump_register] Reg[0x3]=0x30
04-13 00:57:21.280    81    81 I Kernel  : [46279.956177].(0)[81:bat_thread_kthr][bq24296_dump_register] Reg[0x4]=0xB2
04-13 00:57:21.280    81    81 I Kernel  : [46279.956700].(0)[81:bat_thread_kthr][bq24296_dump_register] Reg[0x5]=0x94
04-13 00:57:21.280    81    81 I Kernel  : [46279.957225].(0)[81:bat_thread_kthr][bq24296_dump_register] Reg[0x6]=0x73
04-13 00:57:21.280    81    81 I Kernel  : [46279.957753].(0)[81:bat_thread_kthr][bq24296_dump_register] Reg[0x7]=0x48
04-13 00:57:21.280    81    81 I Kernel  : [46279.958277].(0)[81:bat_thread_kthr][bq24296_dump_register] Reg[0x8]=0x64
04-13 00:57:21.280    81    81 I Kernel  : [46279.958801].(0)[81:bat_thread_kthr][bq24296_dump_register] Reg[0x9]=0x0
04-13 00:57:21.280    81    81 I Kernel  : [46279.959323].(0)[81:bat_thread_kthr][bq24296_dump_register] Reg[0xA]=0x20
04-13 00:57:21.280    81    81 I Kernel  : [46279.960346].(0)[81:bat_thread_kthr][100percent], UI_SOC(100), reset(0)
04-13 00:57:21.280    81    81 I Kernel  : [46279.960376].(0)[81:bat_thread_kthr]UI_SOC=(100), resetBatteryMeter=(0)
04-13 00:57:21.280    81    81 I Kernel  : [46279.960663].(0)[81:bat_thread_kthr][mt_kpoc_power_off_check] , chr_vol=4607, boot_mode=0
04-13 00:57:21.300   143   315 I hwcomposer: [DPY] UEventThread::threadLoop recv change@/devices/platform/battery/power_supply/battery
04-13 00:57:21.290   139   139 I Kernel  : [46279.963465].(1)[139:healthd]healthd: battery l=100 v=4181 t=24.0 h=2 st=5 chg=u
04-13 00:57:21.316 25359 25377 I native-activity: Swap 201 time is 31.334ms
04-13 00:57:21.316 25359 25377 I native-activity: Animating
04-13 00:57:21.317 25359 25377 I native-activity: Frame 202 GL error is 0x0
04-13 00:57:21.317 25359 25377 I native-activity: Frame 202 time is 0.452ms
04-13 00:57:21.317 25359 25377 I native-activity: Doing egl_swapbuffers_sync 2
04-13 00:57:21.347 25359 25377 I native-activity: Swap 202 time is 31.074ms
04-13 00:57:21.348 25359 25377 I native-activity: Animating
04-13 00:57:21.348 25359 25377 I native-activity: Frame 203 GL error is 0x0
04-13 00:57:21.348 25359 25377 I native-activity: Frame 203 time is 0.451ms
04-13 00:57:21.348 25359 25377 I native-activity: Doing egl_swapbuffers_sync 2
04-13 00:57:21.379 25359 25377 I native-activity: Swap 203 time is 31.156ms
04-13 00:57:21.379 25359 25377 I native-activity: Animating
04-13 00:57:21.380 25359 25377 I native-activity: Frame 204 GL error is 0x0
04-13 00:57:21.380 25359 25377 I native-activity: Frame 204 time is 0.520ms
04-13 00:57:21.380 25359 25377 I native-activity: Doing egl_swapbuffers_sync 2
04-13 00:57:21.410 25359 25377 I native-activity: Swap 204 time is 31.125ms
04-13 00:57:21.410 25359 25377 I native-activity: Animating
04-13 00:57:21.411 25359 25377 I native-activity: Frame 205 GL error is 0x0
04-13 00:57:21.411 25359 25377 I native-activity: Frame 205 time is 0.745ms
04-13 00:57:21.411 25359 25377 I native-activity: Doing egl_swapbuffers_sync 2
04-13 00:57:21.442 25359 25377 I native-activity: Swap 205 time is 31.048ms
04-13 00:57:21.442 25359 25377 I native-activity: Animating
04-13 00:57:21.442 25359 25377 I native-activity: Frame 206 GL error is 0x0
04-13 00:57:21.442 25359 25377 I native-activity: Frame 206 time is 0.386ms
04-13 00:57:21.442 25359 25377 I native-activity: Doing egl_swapbuffers_sync 2
04-13 00:57:21.473 25359 25377 I native-activity: Swap 206 time is 30.993ms
04-13 00:57:21.473 25359 25377 I native-activity: Animating
04-13 00:57:21.473 25359 25377 I native-activity: Frame 207 GL error is 0x0
04-13 00:57:21.473 25359 25377 I native-activity: Frame 207 time is 0.414ms
04-13 00:57:21.473 25359 25377 I native-activity: Doing egl_swapbuffers_sync 2
04-13 00:57:21.504 25359 25377 I native-activity: Swap 207 time is 31.311ms
04-13 00:57:21.504 25359 25377 I native-activity: Animating
04-13 00:57:21.505 25359 25377 I native-activity: Frame 208 GL error is 0x0
04-13 00:57:21.505 25359 25377 I native-activity: Frame 208 time is 0.449ms
04-13 00:57:21.505 25359 25377 I native-activity: Doing egl_swapbuffers_sync 2
04-13 00:57:21.520  1787  1787 I AmazonLocationController: onWifiSignalChanged : connected : true
04-13 00:57:21.536 25359 25377 I native-activity: Swap 208 time is 31.081ms
04-13 00:57:21.536 25359 25377 I native-activity: Animating
04-13 00:57:21.536 25359 25377 I native-activity: Frame 209 GL error is 0x0
04-13 00:57:21.536 25359 25377 I native-activity: Frame 209 time is 0.447ms
04-13 00:57:21.536 25359 25377 I native-activity: Doing egl_swapbuffers_sync 2
04-13 00:57:21.567 25359 25377 I native-activity: Swap 209 time is 31.228ms
04-13 00:57:21.567 25359 25377 I native-activity: Animating
04-13 00:57:21.568 25359 25377 I native-activity: Frame 210 GL error is 0x0
04-13 00:57:21.568 25359 25377 I native-activity: Frame 210 time is 0.437ms
04-13 00:57:21.568 25359 25377 I native-activity: Doing egl_swapbuffers_sync 2
04-13 00:57:21.599 25359 25377 I native-activity: Swap 210 time is 31.312ms
04-13 00:57:21.599 25359 25377 I native-activity: Animating
04-13 00:57:21.599 25359 25377 I native-activity: Frame 211 GL error is 0x0
04-13 00:57:21.599 25359 25377 I native-activity: Frame 211 time is 0.438ms
04-13 00:57:21.600 25359 25377 I native-activity: Doing egl_swapbuffers_sync 2
04-13 00:57:21.630 25359 25377 I native-activity: Swap 211 time is 31.165ms
04-13 00:57:21.630 25359 25377 I native-activity: Animating
04-13 00:57:21.631 25359 25377 I native-activity: Frame 212 GL error is 0x0
04-13 00:57:21.631 25359 25377 I native-activity: Frame 212 time is 0.420ms
04-13 00:57:21.631 25359 25377 I native-activity: Doing egl_swapbuffers_sync 2
04-13 00:57:21.662 25359 25377 I native-activity: Swap 212 time is 31.178ms
04-13 00:57:21.662 25359 25377 I native-activity: Animating
04-13 00:57:21.662 25359 25377 I native-activity: Frame 213 GL error is 0x0
04-13 00:57:21.662 25359 25377 I native-activity: Frame 213 time is 0.421ms
04-13 00:57:21.662 25359 25377 I native-activity: Doing egl_swapbuffers_sync 2
04-13 00:57:21.693 25359 25377 I native-activity: Swap 213 time is 31.228ms
04-13 00:57:21.693 25359 25377 I native-activity: Animating
04-13 00:57:21.694 25359 25377 I native-activity: Frame 214 GL error is 0x0
04-13 00:57:21.694 25359 25377 I native-activity: Frame 214 time is 0.397ms
04-13 00:57:21.694 25359 25377 I native-activity: Doing egl_swapbuffers_sync 2
04-13 00:57:21.724 25359 25377 I native-activity: Swap 214 time is 31.178ms
04-13 00:57:21.725 25359 25377 I native-activity: Animating
04-13 00:57:21.725 25359 25377 I native-activity: Frame 215 GL error is 0x0
04-13 00:57:21.725 25359 25377 I native-activity: Frame 215 time is 0.648ms
04-13 00:57:21.725 25359 25377 I native-activity: Doing egl_swapbuffers_sync 2
04-13 00:57:21.756 25359 25377 I native-activity: Swap 215 time is 31.058ms
04-13 00:57:21.756 25359 25377 I native-activity: Animating
04-13 00:57:21.756 25359 25377 I native-activity: Frame 216 GL error is 0x0
04-13 00:57:21.756 25359 25377 I native-activity: Frame 216 time is 0.394ms
04-13 00:57:21.756 25359 25377 I native-activity: Doing egl_swapbuffers_sync 2
04-13 00:57:21.787 25359 25377 I native-activity: Swap 216 time is 31.296ms
04-13 00:57:21.787 25359 25377 I native-activity: Animating
04-13 00:57:21.788 25359 25377 I native-activity: Frame 217 GL error is 0x0
04-13 00:57:21.788 25359 25377 I native-activity: Frame 217 time is 0.405ms
04-13 00:57:21.788 25359 25377 I native-activity: Doing egl_swapbuffers_sync 2
04-13 00:57:21.819 25359 25377 I native-activity: Swap 217 time is 31.197ms
04-13 00:57:21.819 25359 25377 I native-activity: Animating
04-13 00:57:21.819 25359 25377 I native-activity: Frame 218 GL error is 0x0
04-13 00:57:21.819 25359 25377 I native-activity: Frame 218 time is 0.452ms
04-13 00:57:21.819 25359 25377 I native-activity: Doing egl_swapbuffers_sync 2
04-13 00:57:21.850 25359 25377 I native-activity: Swap 218 time is 31.061ms
04-13 00:57:21.850 25359 25377 I native-activity: Animating
04-13 00:57:21.851 25359 25377 I native-activity: Frame 219 GL error is 0x0
04-13 00:57:21.851 25359 25377 I native-activity: Frame 219 time is 0.780ms
04-13 00:57:21.851 25359 25377 I native-activity: Doing egl_swapbuffers_sync 2
04-13 00:57:21.882 25359 25377 I native-activity: Swap 219 time is 31.495ms
04-13 00:57:21.882 25359 25377 I native-activity: Animating
04-13 00:57:21.882 25359 25377 I native-activity: Frame 220 GL error is 0x0
04-13 00:57:21.882 25359 25377 I native-activity: Frame 220 time is 0.453ms
04-13 00:57:21.882 25359 25377 I native-activity: Doing egl_swapbuffers_sync 2
04-13 00:57:21.913 25359 25377 I native-activity: Swap 220 time is 31.047ms
04-13 00:57:21.913 25359 25377 I native-activity: Animating
04-13 00:57:21.914 25359 25377 I native-activity: Frame 221 GL error is 0x0
04-13 00:57:21.914 25359 25377 I native-activity: Frame 221 time is 0.421ms
04-13 00:57:21.914 25359 25377 I native-activity: Doing egl_swapbuffers_sync 2
04-13 00:57:21.944 25359 25377 I native-activity: Swap 221 time is 31.081ms
04-13 00:57:21.944 25359 25377 I native-activity: Animating
04-13 00:57:21.945 25359 25377 I native-activity: Frame 222 GL error is 0x0
04-13 00:57:21.945 25359 25377 I native-activity: Frame 222 time is 0.354ms
04-13 00:57:21.945 25359 25377 I native-activity: Doing egl_swapbuffers_sync 2
04-13 00:57:21.976 25359 25377 I native-activity: Swap 222 time is 31.403ms
04-13 00:57:21.976 25359 25377 I native-activity: Animating
04-13 00:57:21.977 25359 25377 I native-activity: Frame 223 GL error is 0x0
04-13 00:57:21.977 25359 25377 I native-activity: Frame 223 time is 0.461ms
04-13 00:57:21.977 25359 25377 I native-activity: Doing egl_swapbuffers_sync 2
04-13 00:57:21.995   917  1642 D ConnectivityService: updateNetworkScore for NetworkAgentInfo [WIFI () - 100] to 60
04-13 00:57:21.995   917  1642 D ConnectivityService: rematching NetworkAgentInfo [WIFI () - 100]
04-13 00:57:21.995   917  1642 D ConnectivityService: Network NetworkAgentInfo [WIFI () - 100] was already satisfying request 1. No change.
04-13 00:57:21.995   917  1642 D ConnectivityService: notifyType AVAILABLE for NetworkAgentInfo [WIFI () - 100]
04-13 00:57:21.980  2137  2137 I Kernel  : [46280.653008][wlan] nicTxReleaseResource: (TX STATE)
04-13 00:57:21.980  2137  2137 I Kernel  : Release: TC4 count 1, Free=4; TC5 count 0, Free=4
04-13 00:57:21.980  2159  2159 I Kernel  : [46280.653943].(1)[2159:wpa_supplicant]poorlink get state G(362584)F(49)dbad(0)dretry(0)LT(810)RT(-74)W(0)(12520)
04-13 00:57:21.980  2137  2137 I Kernel  : [46280.654074][wlan] nicTxReleaseResource: (TX STATE)
04-13 00:57:21.980  2137  2137 I Kernel  : Release: TC4 count 1, Free=4; TC5 count 0, Free=4
04-13 00:57:22.002  1787  2595 D ConnectivityManager.CallbackHandler: CM callback handler got msg 524290
04-13 00:57:22.007 25359 25377 I native-activity: Swap 223 time is 31.115ms
04-13 00:57:22.008 25359 25377 I native-activity: Animating
04-13 00:57:22.008 25359 25377 I native-activity: Frame 224 GL error is 0x0
04-13 00:57:22.008 25359 25377 I native-activity: Frame 224 time is 0.446ms
04-13 00:57:22.008 25359 25377 I native-activity: Doing egl_swapbuffers_sync 2
04-13 00:57:22.039 25359 25377 I native-activity: Swap 224 time is 31.042ms
04-13 00:57:22.039 25359 25377 I native-activity: Animating
04-13 00:57:22.120    82    82 I Kernel  : [46280.792047].(0)[82:mtk charger_hv_]charging_reset_watch_dog_timer
04-13 00:57:22.120    82    82 I Kernel  : [46280.793676].(0)[82:mtk charger_hv_]array_size = 16 
04-13 00:57:22.239 25359 25377 I native-activity: Frame 225 GL error is 0x500
04-13 00:57:22.239 25359 25377 I native-activity: Frame 225 time is 200.605ms
04-13 00:57:22.239 25359 25377 I native-activity: Doing egl_swapbuffers_sync 2
04-13 00:57:22.240 25359 25377 I native-activity: Swap 225 time is 201.255ms
04-13 00:57:22.241 25359 25377 I native-activity: Animating
04-13 00:57:22.241 25359 25377 I native-activity: Frame 226 GL error is 0x0
04-13 00:57:22.241 25359 25377 I native-activity: Frame 226 time is 0.846ms
04-13 00:57:22.241 25359 25377 I native-activity: Doing egl_swapbuffers_sync 2
04-13 00:57:22.242 25359 25377 I native-activity: Swap 226 time is 1.552ms
04-13 00:57:22.242 25359 25377 I native-activity: Animating
04-13 00:57:22.246 25359 25377 I native-activity: Frame 227 GL error is 0x0
04-13 00:57:22.247 25359 25377 I native-activity: Frame 227 time is 4.301ms
04-13 00:57:22.247 25359 25377 I native-activity: Doing egl_swapbuffers_sync 2
04-13 00:57:22.293 25359 25377 I native-activity: Swap 227 time is 50.545ms
04-13 00:57:22.293 25359 25377 I native-activity: Animating
04-13 00:57:22.295 25359 25377 I native-activity: Frame 228 GL error is 0x0
04-13 00:57:22.295 25359 25377 I native-activity: Frame 228 time is 1.951ms
04-13 00:57:22.295 25359 25377 I native-activity: Doing egl_swapbuffers_sync 2
04-13 00:57:22.345 25359 25377 I native-activity: Swap 228 time is 52.018ms
04-13 00:57:22.345 25359 25377 I native-activity: Animating
04-13 00:57:22.348 25359 25377 I native-activity: Frame 229 GL error is 0x0
04-13 00:57:22.349 25359 25377 I native-activity: Frame 229 time is 3.279ms
04-13 00:57:22.349 25359 25377 I native-activity: Doing egl_swapbuffers_sync 2
04-13 00:57:22.424 25359 25377 I native-activity: Swap 229 time is 79.117ms
04-13 00:57:22.425 25359 25377 I native-activity: Animating
04-13 00:57:22.428 25359 25377 I native-activity: Frame 230 GL error is 0x0
04-13 00:57:22.428 25359 25377 I native-activity: Frame 230 time is 3.254ms
04-13 00:57:22.428 25359 25377 I native-activity: Doing egl_swapbuffers_sync 2
04-13 00:57:22.504 25359 25377 I native-activity: Swap 230 time is 79.103ms
04-13 00:57:22.504 25359 25377 I native-activity: Animating
04-13 00:57:22.507 25359 25377 I native-activity: Frame 231 GL error is 0x0
04-13 00:57:22.507 25359 25377 I native-activity: Frame 231 time is 3.346ms
04-13 00:57:22.507 25359 25377 I native-activity: Doing egl_swapbuffers_sync 2
04-13 00:57:22.522  1787  1787 I AmazonLocationController: onWifiSignalChanged : connected : true
04-13 00:57:22.583 25359 25377 I native-activity: Swap 231 time is 79.262ms
04-13 00:57:22.584 25359 25377 I native-activity: Animating
04-13 00:57:22.640     0     0 I Kernel  : [46281.320865]-(0)[0:swapper/0]dpi vsync
04-13 00:57:22.708 25359 25377 I native-activity: Frame 232 GL error is 0x500
04-13 00:57:22.708 25359 25377 I native-activity: Frame 232 time is 124.364ms
04-13 00:57:22.708 25359 25377 I native-activity: Doing egl_swapbuffers_sync 2
04-13 00:57:22.708 25359 25377 I native-activity: Swap 232 time is 124.727ms
04-13 00:57:22.708 25359 25377 I native-activity: Animating
04-13 00:57:22.829 25359 25377 I native-activity: Frame 233 GL error is 0x501
04-13 00:57:22.829 25359 25377 I native-activity: Frame 233 time is 120.181ms
04-13 00:57:22.829 25359 25377 I native-activity: Doing egl_swapbuffers_sync 2
04-13 00:57:22.829 25359 25377 I native-activity: Swap 233 time is 120.630ms
04-13 00:57:22.829 25359 25377 I native-activity: Animating
04-13 00:57:22.831 25359 25377 I native-activity: Frame 234 GL error is 0x0
04-13 00:57:22.831 25359 25377 I native-activity: Frame 234 time is 2.059ms
04-13 00:57:22.831 25359 25377 I native-activity: Doing egl_swapbuffers_sync 2
04-13 00:57:22.832 25359 25377 I native-activity: Swap 234 time is 2.415ms
04-13 00:57:22.832 25359 25377 I native-activity: Animating
04-13 00:57:22.833 25359 25377 I native-activity: Frame 235 GL error is 0x0
04-13 00:57:22.833 25359 25377 I native-activity: Frame 235 time is 1.001ms
04-13 00:57:22.833 25359 25377 I native-activity: Doing egl_swapbuffers_sync 2
04-13 00:57:22.886 25359 25377 I native-activity: Swap 235 time is 53.970ms
04-13 00:57:22.886 25359 25377 I native-activity: Animating
04-13 00:57:22.888 25359 25377 I native-activity: Frame 236 GL error is 0x0
04-13 00:57:22.888 25359 25377 I native-activity: Frame 236 time is 1.752ms
04-13 00:57:22.888 25359 25377 I native-activity: Doing egl_swapbuffers_sync 2
04-13 00:57:22.942 25359 25377 I native-activity: Swap 236 time is 55.399ms
04-13 00:57:22.942 25359 25377 I native-activity: Animating
04-13 00:57:22.943 25359 25377 I native-activity: Frame 237 GL error is 0x0
04-13 00:57:22.944 25359 25377 I native-activity: Frame 237 time is 1.714ms
04-13 00:57:22.944 25359 25377 I native-activity: Doing egl_swapbuffers_sync 2
04-13 00:57:22.997 25359 25377 I native-activity: Swap 237 time is 55.430ms
04-13 00:57:22.997 25359 25377 I native-activity: Animating
04-13 00:57:22.999 25359 25377 I native-activity: Frame 238 GL error is 0x0
04-13 00:57:22.999 25359 25377 I native-activity: Frame 238 time is 1.745ms
04-13 00:57:22.999 25359 25377 I native-activity: Doing egl_swapbuffers_sync 2
04-13 00:57:23.053 25359 25377 I native-activity: Swap 238 time is 55.472ms
04-13 00:57:23.053 25359 25377 I native-activity: Animating
04-13 00:57:23.055 25359 25377 I native-activity: Frame 239 GL error is 0x0
04-13 00:57:23.055 25359 25377 I native-activity: Frame 239 time is 1.778ms
04-13 00:57:23.055 25359 25377 I native-activity: Doing egl_swapbuffers_sync 2
04-13 00:57:23.109 25359 25377 I native-activity: Swap 239 time is 55.518ms
04-13 00:57:23.109 25359 25377 I native-activity: Animating
04-13 00:57:23.120    82    82 I Kernel  : [46281.793797].(0)[82:mtk charger_hv_]charging_reset_watch_dog_timer
04-13 00:57:23.120    82    82 I Kernel  : [46281.794729].(0)[82:mtk charger_hv_]array_size = 16 
04-13 00:57:23.348 25359 25377 I native-activity: Frame 240 GL error is 0x500
04-13 00:57:23.348 25359 25377 I native-activity: Frame 240 time is 238.809ms
04-13 00:57:23.348 25359 25377 I native-activity: Doing egl_swapbuffers_sync 2
04-13 00:57:23.348 25359 25377 I native-activity: Swap 240 time is 239.262ms
04-13 00:57:23.349 25359 25377 I native-activity: Animating
04-13 00:57:23.515 25359 25377 I native-activity: Frame 241 GL error is 0x501
04-13 00:57:23.515 25359 25377 I native-activity: Frame 241 time is 166.091ms
04-13 00:57:23.515 25359 25377 I native-activity: Doing egl_swapbuffers_sync 2
04-13 00:57:23.515 25359 25377 I native-activity: Swap 241 time is 166.525ms
04-13 00:57:23.515 25359 25377 I native-activity: Animating
04-13 00:57:23.522  1787  1787 I AmazonLocationController: onWifiSignalChanged : connected : true
04-13 00:57:23.538 25359 25377 I native-activity: Frame 242 GL error is 0x0
04-13 00:57:23.538 25359 25377 I native-activity: Frame 242 time is 22.283ms
04-13 00:57:23.538 25359 25377 I native-activity: Doing egl_swapbuffers_sync 2
04-13 00:57:23.538 25359 25377 I native-activity: Swap 242 time is 22.666ms
04-13 00:57:23.538 25359 25377 I native-activity: Animating
04-13 00:57:23.548 25359 25377 I native-activity: Frame 243 GL error is 0x0
04-13 00:57:23.549 25359 25377 I native-activity: Frame 243 time is 10.452ms
04-13 00:57:23.549 25359 25377 I native-activity: Doing egl_swapbuffers_sync 2
04-13 00:57:23.590 25359 25377 I native-activity: Swap 243 time is 51.549ms
04-13 00:57:23.590 25359 25377 I native-activity: Animating
04-13 00:57:23.597 25359 25377 I native-activity: Frame 244 GL error is 0x0
04-13 00:57:23.597 25359 25377 I native-activity: Frame 244 time is 7.012ms
04-13 00:57:23.597 25359 25377 I native-activity: Doing egl_swapbuffers_sync 2
04-13 00:57:23.662   917  2109 I ActivityManager: Process com.android.inputmethod.latin (pid 23927) has died
04-13 00:57:23.662   917  2109 D ActivityManager: cleanUpApplicationRecord -- 23927
04-13 00:57:23.662   917  2109 W ActivityManager: Scheduling restart of crashed service com.android.inputmethod.latin/.LatinIME in 20564ms
04-13 00:57:23.650   917   917 I Kernel  : [46282.327196].(1)[917:system_server]binder: read put err 29189 to user b9181d48, thread error 29189:29185
04-13 00:57:23.683   917  2113 I ActivityManager: Process com.amazon.platform (pid 24428) has died
04-13 00:57:23.683   917  2113 D ActivityManager: cleanUpApplicationRecord -- 24428
04-13 00:57:23.683   917  2113 W ActivityManager: Scheduling restart of crashed service com.amazon.platform/com.amazon.geo.platform.GeoDeviceService in 20543ms
04-13 00:57:23.697 25359 25377 I native-activity: Swap 244 time is 107.230ms
04-13 00:57:23.697 25359 25377 I native-activity: Animating
04-13 00:57:23.713   917   932 I libprocessgroup: Killing pid 23891 in uid 32030 as part of process group 23758
04-13 00:57:23.714  1787  1787 E Metrics:: onServiceDisconnected : MetricsServiceConnection disconnected
04-13 00:57:23.714  1787  1787 E Metrics:: onServiceDisconnected : MetricsServiceConnection disconnected
04-13 00:57:23.714 24663 24663 E Metrics:: onServiceDisconnected : MetricsServiceConnection disconnected
04-13 00:57:23.714  1942  1942 E Metrics:: onServiceDisconnected : MetricsServiceConnection disconnected
04-13 00:57:23.715   917   932 I libprocessgroup: Killing pid 23891 in uid 32030 as part of process group 23758
04-13 00:57:23.715   917   932 I libprocessgroup: Killing pid 23891 in uid 32030 as part of process group 23758
04-13 00:57:23.715  2073  2073 E Metrics:: onServiceDisconnected : MetricsServiceConnection disconnected
04-13 00:57:23.715  2059  2059 E Metrics:: onServiceDisconnected : MetricsServiceConnection disconnected
04-13 00:57:23.716   917   932 I libprocessgroup: Killing pid 23891 in uid 32030 as part of process group 23758
04-13 00:57:23.717   917   932 I libprocessgroup: Killing pid 23891 in uid 32030 as part of process group 23758
04-13 00:57:23.717  2067  2067 E Metrics:: onServiceDisconnected : MetricsServiceConnection disconnected
04-13 00:57:23.719   917   932 I libprocessgroup: Killing pid 23891 in uid 32030 as part of process group 23758
04-13 00:57:23.722   917   932 I libprocessgroup: Killing pid 23891 in uid 32030 as part of process group 23758
04-13 00:57:23.729   917   932 I libprocessgroup: Killing pid 23891 in uid 32030 as part of process group 23758
04-13 00:57:23.731   917  1641 D WifiService: Client connection lost with reason: 4
04-13 00:57:23.739   917   917 W InputMethodManagerService: Session failed to close due to DeadObject
04-13 00:57:23.739   917   917 W InputMethodManagerService: android.os.DeadObjectException
04-13 00:57:23.739   917   917 W InputMethodManagerService: 	at android.os.BinderProxy.transactNative(Native Method)
04-13 00:57:23.739   917   917 W InputMethodManagerService: 	at android.os.BinderProxy.transact(Binder.java:496)
04-13 00:57:23.739   917   917 W InputMethodManagerService: 	at com.android.internal.view.IInputMethodSession$Stub$Proxy.finishSession(IInputMethodSession.java:305)
04-13 00:57:23.739   917   917 W InputMethodManagerService: 	at com.android.server.InputMethodManagerService.finishSessionLocked(InputMethodManagerService.java:1635)
04-13 00:57:23.739   917   917 W InputMethodManagerService: 	at com.android.server.InputMethodManagerService.clearClientSessionLocked(InputMethodManagerService.java:1626)
04-13 00:57:23.739   917   917 W InputMethodManagerService: 	at com.android.server.InputMethodManagerService.clearCurMethodLocked(InputMethodManagerService.java:1657)
04-13 00:57:23.739   917   917 W InputMethodManagerService: 	at com.android.server.InputMethodManagerService.unbindCurrentMethodLocked(InputMethodManagerService.java:1606)
04-13 00:57:23.739   917   917 W InputMethodManagerService: 	at com.android.server.InputMethodManagerService.onServiceDisconnected(InputMethodManagerService.java:1683)
04-13 00:57:23.739   917   917 W InputMethodManagerService: 	at android.app.LoadedApk$ServiceDispatcher.doDeath(LoadedApk.java:1249)
04-13 00:57:23.739   917   917 W InputMethodManagerService: 	at android.app.LoadedApk$ServiceDispatcher$RunConnection.run(LoadedApk.java:1263)
04-13 00:57:23.739   917   917 W InputMethodManagerService: 	at android.os.Handler.handleCallback(Handler.java:739)
04-13 00:57:23.739   917   917 W InputMethodManagerService: 	at android.os.Handler.dispatchMessage(Handler.java:95)
04-13 00:57:23.739   917   917 W InputMethodManagerService: 	at android.os.Looper.loop(Looper.java:135)
04-13 00:57:23.739   917   917 W InputMethodManagerService: 	at com.android.server.SystemServer.run(SystemServer.java:290)
04-13 00:57:23.739   917   917 W InputMethodManagerService: 	at com.android.server.SystemServer.main(SystemServer.java:190)
04-13 00:57:23.739   917   917 W InputMethodManagerService: 	at java.lang.reflect.Method.invoke(Native Method)
04-13 00:57:23.739   917   917 W InputMethodManagerService: 	at java.lang.reflect.Method.invoke(Method.java:372)
04-13 00:57:23.739   917   917 W InputMethodManagerService: 	at com.android.internal.os.ZygoteInit$MethodAndArgsCaller.run(ZygoteInit.java:984)
04-13 00:57:23.739   917   917 W InputMethodManagerService: 	at com.android.internal.os.ZygoteInit.main(ZygoteInit.java:779)
04-13 00:57:23.741   917   917 E InputMethodManagerService: Ignoring setImeWindowStatus due to an invalid token. uid:1000 token:null
04-13 00:57:23.742   917   932 I libprocessgroup: Killing pid 23891 in uid 32030 as part of process group 23758
04-13 00:57:23.764 25359 25377 I native-activity: Frame 245 GL error is 0x0
04-13 00:57:23.764 25359 25377 I native-activity: Frame 245 time is 66.173ms
04-13 00:57:23.764 25359 25377 I native-activity: Doing egl_swapbuffers_sync 2
04-13 00:57:23.765 25359 25377 I native-activity: Swap 245 time is 67.246ms
04-13 00:57:23.765 25359 25377 I native-activity: Animating
04-13 00:57:23.768   917   932 I libprocessgroup: Killing pid 23891 in uid 32030 as part of process group 23758
04-13 00:57:23.760     1     1 I Kernel  : [46282.433332].(1)[1:init]init: untracked pid 23891 killed by signal 9
04-13 00:57:23.770 21409 21409 I Kernel  : [46282.441835].(0)[21409:kworker/0:1H]regs_hotplug_callback cpu = 2
04-13 00:57:23.770    15    15 I Kernel  : [46282.442441]-(2)[15:migration/2][Power/hotplug] platform_cpu_disable, cpu: 2
04-13 00:57:23.770    15    15 I Kernel  : [46282.442711]-(2)[15:migration/2]regs_hotplug_callback cpu = 2
04-13 00:57:23.770     0     0 I Kernel  : [46282.442772]-(2)[0:swapper/2][Power/hotplug] platform_cpu_die, cpu: 2
04-13 00:57:23.770 21409 21409 I Kernel  : [46282.442826].(0)[21409:kworker/0:1H]CPU2: shutdown
04-13 00:57:23.770 21409 21409 I Kernel  : [46282.442851].(0)[21409:kworker/0:1H][Power/hotplug] platform_cpu_kill, cpu: 2
04-13 00:57:23.770 21409 21409 I Kernel  : [46282.443545].(0)[21409:kworker/0:1H]regs_hotplug_callback cpu = 2
04-13 00:57:23.770 21409 21409 I Kernel  : [46282.443851].(0)[21409:kworker/0:1H][WDK]cpu 2 plug off, kick wdt
04-13 00:57:23.770 21409 21409 I Kernel  : [46282.443947].(0)[21409:kworker/0:1H]regs_hotplug_callback cpu = 2
04-13 00:57:23.790 25359 25377 I Kernel  : [46282.467506]Mali<2>:
04-13 00:57:23.790 25359 25377 I Kernel  : Mali memory unmap failed. Doing pagefault handling.
04-13 00:57:23.790 25359 25377 I Kernel  : [46282.467558]Mali<2>:
04-13 00:57:23.790 25359 25377 I Kernel  : Mali PP: Hard reset of core Mali_PP0
04-13 00:57:23.790 25359 25377 I Kernel  : [46282.467576]Mali<2>:
04-13 00:57:23.790 25359 25377 I Kernel  : Mali PP: Hard reset of core Mali_PP1
04-13 00:57:23.790 25359 25377 I Kernel  : [46282.467593]Mali<2>:
04-13 00:57:23.790 25359 25377 I Kernel  : Mali PP: Hard reset of core Mali_PP2
04-13 00:57:23.790 25359 25377 I Kernel  : [46282.467608]Mali<2>:
04-13 00:57:23.790 25359 25377 I Kernel  : Mali PP: Hard reset of core Mali_PP3
04-13 00:57:23.820   917   932 I ActivityManager: Process com.amazon.client.metrics (pid 23758) has died
04-13 00:57:23.820   917   932 D ActivityManager: cleanUpApplicationRecord -- 23758
04-13 00:57:23.820   917   932 W ActivityManager: Scheduling restart of crashed service com.amazon.client.metrics/.AndroidMetricsServiceAdapter in 50406ms
04-13 00:57:23.823   917  2109 I ActivityManager: Process com.here.odnp.service:remote (pid 24051) has died
04-13 00:57:23.823   917  2109 D ActivityManager: cleanUpApplicationRecord -- 24051
04-13 00:57:23.823   917  2109 W ActivityManager: Scheduling restart of crashed service com.here.odnp.service/.LocationService in 60403ms
04-13 00:57:23.861   917  1764 I ActivityManager: Process com.amazon.device.backup (pid 24663) has died
04-13 00:57:23.861   917  1764 D ActivityManager: cleanUpApplicationRecord -- 24663
04-13 00:57:23.861   917  1764 W ActivityManager: Scheduling restart of crashed service com.amazon.device.backup/.transport.BackupTransportService in 70365ms
04-13 00:57:23.864   917   917 V BackupManagerService: Disconnected from Amazon transport in user 0
04-13 00:57:23.865   917   917 V BackupManagerService: Registering transport com.amazon.device.backup/.transport.BackupTransportService::com.amazon.device.backup/.transport.BackupTransportService = null in user 0
04-13 00:57:23.882   917  2109 I WindowState: WIN DEATH: Window{2e2e5f7a u0 com.example.sonicdash_stage1/android.app.NativeActivity}
04-13 00:57:23.886   917 25027 D Sensors : hwm__set_delay: Set delay 200000000 ns
04-13 00:57:23.887   917  2114 I ActivityManager: Process com.example.sonicdash_stage1 (pid 25359) has died
