04-13 00:42:15.049 22817 22837 I native-activity: Doing egl_swapbuffers_sync 2
04-13 00:42:15.030    82    82 I Kernel  : [45373.707165].(0)[82:mtk charger_hv_]charging_reset_watch_dog_timer
04-13 00:42:15.030    82    82 I Kernel  : [45373.708093].(0)[82:mtk charger_hv_]array_size = 16 
04-13 00:42:15.057 22817 22837 I native-activity: Swap 142 time is 8.056ms
04-13 00:42:15.057 22817 22837 I native-activity: Animating
04-13 00:42:15.057 22817 22837 I native-activity: Frame 143 GL error is 0x0
04-13 00:42:15.057 22817 22837 I native-activity: Frame 143 time is 0.451ms
04-13 00:42:15.057 22817 22837 I native-activity: Doing egl_swapbuffers_sync 2
04-13 00:42:15.065 22817 22837 I native-activity: Swap 143 time is 8.064ms
04-13 00:42:15.065 22817 22837 I native-activity: Animating
04-13 00:42:15.066 22817 22837 I native-activity: Frame 144 GL error is 0x0
04-13 00:42:15.066 22817 22837 I native-activity: Frame 144 time is 0.501ms
04-13 00:42:15.066 22817 22837 I native-activity: Doing egl_swapbuffers_sync 2
04-13 00:42:15.073 22817 22837 I native-activity: Swap 144 time is 8.042ms
04-13 00:42:15.073 22817 22837 I native-activity: Animating
04-13 00:42:15.074 22817 22837 I native-activity: Frame 145 GL error is 0x0
04-13 00:42:15.074 22817 22837 I native-activity: Frame 145 time is 0.448ms
04-13 00:42:15.074 22817 22837 I native-activity: Doing egl_swapbuffers_sync 2
04-13 00:42:15.082 22817 22837 I native-activity: Swap 145 time is 8.100ms
04-13 00:42:15.082 22817 22837 I native-activity: Animating
04-13 00:42:15.082 22817 22837 I native-activity: Frame 146 GL error is 0x0
04-13 00:42:15.082 22817 22837 I native-activity: Frame 146 time is 0.434ms
04-13 00:42:15.082 22817 22837 I native-activity: Doing egl_swapbuffers_sync 2
04-13 00:42:15.090 22817 22837 I native-activity: Swap 146 time is 8.124ms
04-13 00:42:15.090 22817 22837 I native-activity: Animating
04-13 00:42:15.090 22817 22837 I native-activity: Frame 147 GL error is 0x0
04-13 00:42:15.090 22817 22837 I native-activity: Frame 147 time is 0.409ms
04-13 00:42:15.090 22817 22837 I native-activity: Doing egl_swapbuffers_sync 2
04-13 00:42:15.098 22817 22837 I native-activity: Swap 147 time is 8.168ms
04-13 00:42:15.098 22817 22837 I native-activity: Animating
04-13 00:42:15.099 22817 22837 I native-activity: Frame 148 GL error is 0x0
04-13 00:42:15.099 22817 22837 I native-activity: Frame 148 time is 0.473ms
04-13 00:42:15.099 22817 22837 I native-activity: Doing egl_swapbuffers_sync 2
04-13 00:42:15.107 22817 22837 I native-activity: Swap 148 time is 8.254ms
04-13 00:42:15.107 22817 22837 I native-activity: Animating
04-13 00:42:15.107 22817 22837 I native-activity: Frame 149 GL error is 0x0
04-13 00:42:15.107 22817 22837 I native-activity: Frame 149 time is 0.456ms
04-13 00:42:15.107 22817 22837 I native-activity: Doing egl_swapbuffers_sync 2
04-13 00:42:15.115 22817 22837 I native-activity: Swap 149 time is 8.032ms
04-13 00:42:15.115 22817 22837 I native-activity: Animating
04-13 00:42:15.116 22817 22837 I native-activity: Frame 150 GL error is 0x0
04-13 00:42:15.116 22817 22837 I native-activity: Frame 150 time is 0.416ms
04-13 00:42:15.116 22817 22837 I native-activity: Doing egl_swapbuffers_sync 2
04-13 00:42:15.123 22817 22837 I native-activity: Swap 150 time is 8.021ms
04-13 00:42:15.123 22817 22837 I native-activity: Animating
04-13 00:42:15.124 22817 22837 I native-activity: Frame 151 GL error is 0x0
04-13 00:42:15.124 22817 22837 I native-activity: Frame 151 time is 0.432ms
04-13 00:42:15.124 22817 22837 I native-activity: Doing egl_swapbuffers_sync 2
04-13 00:42:15.132 22817 22837 I native-activity: Swap 151 time is 8.105ms
04-13 00:42:15.132 22817 22837 I native-activity: Animating
04-13 00:42:15.132 22817 22837 I native-activity: Frame 152 GL error is 0x0
04-13 00:42:15.132 22817 22837 I native-activity: Frame 152 time is 0.446ms
04-13 00:42:15.132 22817 22837 I native-activity: Doing egl_swapbuffers_sync 2
04-13 00:42:15.140 22817 22837 I native-activity: Swap 152 time is 8.070ms
04-13 00:42:15.140 22817 22837 I native-activity: Animating
04-13 00:42:15.140 22817 22837 I native-activity: Frame 153 GL error is 0x0
04-13 00:42:15.140 22817 22837 I native-activity: Frame 153 time is 0.397ms
04-13 00:42:15.141 22817 22837 I native-activity: Doing egl_swapbuffers_sync 2
04-13 00:42:15.148 22817 22837 I native-activity: Swap 153 time is 8.134ms
04-13 00:42:15.148 22817 22837 I native-activity: Animating
04-13 00:42:15.149 22817 22837 I native-activity: Frame 154 GL error is 0x0
04-13 00:42:15.149 22817 22837 I native-activity: Frame 154 time is 0.419ms
04-13 00:42:15.149 22817 22837 I native-activity: Doing egl_swapbuffers_sync 2
04-13 00:42:15.157 22817 22837 I native-activity: Swap 154 time is 8.240ms
04-13 00:42:15.157 22817 22837 I native-activity: Animating
04-13 00:42:15.157 22817 22837 I native-activity: Frame 155 GL error is 0x0
04-13 00:42:15.157 22817 22837 I native-activity: Frame 155 time is 0.398ms
04-13 00:42:15.157 22817 22837 I native-activity: Doing egl_swapbuffers_sync 2
04-13 00:42:15.165 22817 22837 I native-activity: Swap 155 time is 8.000ms
04-13 00:42:15.165 22817 22837 I native-activity: Animating
04-13 00:42:15.166 22817 22837 I native-activity: Frame 156 GL error is 0x0
04-13 00:42:15.166 22817 22837 I native-activity: Frame 156 time is 0.460ms
04-13 00:42:15.166 22817 22837 I native-activity: Doing egl_swapbuffers_sync 2
04-13 00:42:15.173 22817 22837 I native-activity: Swap 156 time is 7.971ms
04-13 00:42:15.173 22817 22837 I native-activity: Animating
04-13 00:42:15.174 22817 22837 I native-activity: Frame 157 GL error is 0x0
04-13 00:42:15.174 22817 22837 I native-activity: Frame 157 time is 0.408ms
04-13 00:42:15.174 22817 22837 I native-activity: Doing egl_swapbuffers_sync 2
04-13 00:42:15.181 22817 22837 I native-activity: Swap 157 time is 8.040ms
04-13 00:42:15.182 22817 22837 I native-activity: Animating
04-13 00:42:15.182 22817 22837 I native-activity: Frame 158 GL error is 0x0
04-13 00:42:15.182 22817 22837 I native-activity: Frame 158 time is 0.330ms
04-13 00:42:15.182 22817 22837 I native-activity: Doing egl_swapbuffers_sync 2
04-13 00:42:15.190 22817 22837 I native-activity: Swap 158 time is 8.023ms
04-13 00:42:15.190 22817 22837 I native-activity: Animating
04-13 00:42:15.190 22817 22837 I native-activity: Frame 159 GL error is 0x0
04-13 00:42:15.190 22817 22837 I native-activity: Frame 159 time is 0.380ms
04-13 00:42:15.190 22817 22837 I native-activity: Doing egl_swapbuffers_sync 2
04-13 00:42:15.198 22817 22837 I native-activity: Swap 159 time is 8.030ms
04-13 00:42:15.198 22817 22837 I native-activity: Animating
04-13 00:42:15.199 22817 22837 I native-activity: Frame 160 GL error is 0x0
04-13 00:42:15.199 22817 22837 I native-activity: Frame 160 time is 0.581ms
04-13 00:42:15.199 22817 22837 I native-activity: Doing egl_swapbuffers_sync 2
04-13 00:42:15.206 22817 22837 I native-activity: Swap 160 time is 8.098ms
04-13 00:42:15.206 22817 22837 I native-activity: Animating
04-13 00:42:15.207 22817 22837 I native-activity: Frame 161 GL error is 0x0
04-13 00:42:15.207 22817 22837 I native-activity: Frame 161 time is 0.421ms
04-13 00:42:15.207 22817 22837 I native-activity: Doing egl_swapbuffers_sync 2
04-13 00:42:15.215 22817 22837 I native-activity: Swap 161 time is 8.104ms
04-13 00:42:15.215 22817 22837 I native-activity: Animating
04-13 00:42:15.215 22817 22837 I native-activity: Frame 162 GL error is 0x0
04-13 00:42:15.215 22817 22837 I native-activity: Frame 162 time is 0.477ms
04-13 00:42:15.215 22817 22837 I native-activity: Doing egl_swapbuffers_sync 2
04-13 00:42:15.223 22817 22837 I native-activity: Swap 162 time is 8.143ms
04-13 00:42:15.223 22817 22837 I native-activity: Animating
04-13 00:42:15.224 22817 22837 I native-activity: Frame 163 GL error is 0x0
04-13 00:42:15.224 22817 22837 I native-activity: Frame 163 time is 0.455ms
04-13 00:42:15.224 22817 22837 I native-activity: Doing egl_swapbuffers_sync 2
04-13 00:42:15.231 22817 22837 I native-activity: Swap 163 time is 8.107ms
04-13 00:42:15.231 22817 22837 I native-activity: Animating
04-13 00:42:15.232 22817 22837 I native-activity: Frame 164 GL error is 0x0
04-13 00:42:15.232 22817 22837 I native-activity: Frame 164 time is 0.513ms
04-13 00:42:15.232 22817 22837 I native-activity: Doing egl_swapbuffers_sync 2
04-13 00:42:15.240 22817 22837 I native-activity: Swap 164 time is 8.168ms
04-13 00:42:15.240 22817 22837 I native-activity: Animating
04-13 00:42:15.240 22817 22837 I native-activity: Frame 165 GL error is 0x0
04-13 00:42:15.240 22817 22837 I native-activity: Frame 165 time is 0.321ms
04-13 00:42:15.240 22817 22837 I native-activity: Doing egl_swapbuffers_sync 2
04-13 00:42:15.248 22817 22837 I native-activity: Swap 165 time is 8.086ms
04-13 00:42:15.248 22817 22837 I native-activity: Animating
04-13 00:42:15.249 22817 22837 I native-activity: Frame 166 GL error is 0x0
04-13 00:42:15.249 22817 22837 I native-activity: Frame 166 time is 0.432ms
04-13 00:42:15.249 22817 22837 I native-activity: Doing egl_swapbuffers_sync 2
04-13 00:42:15.256 22817 22837 I native-activity: Swap 166 time is 8.098ms
04-13 00:42:15.256 22817 22837 I native-activity: Animating
04-13 00:42:15.257 22817 22837 I native-activity: Frame 167 GL error is 0x0
04-13 00:42:15.257 22817 22837 I native-activity: Frame 167 time is 0.339ms
04-13 00:42:15.257 22817 22837 I native-activity: Doing egl_swapbuffers_sync 2
04-13 00:42:15.265 22817 22837 I native-activity: Swap 167 time is 8.193ms
04-13 00:42:15.265 22817 22837 I native-activity: Animating
04-13 00:42:15.265 22817 22837 I native-activity: Frame 168 GL error is 0x0
04-13 00:42:15.265 22817 22837 I native-activity: Frame 168 time is 0.373ms
04-13 00:42:15.265 22817 22837 I native-activity: Doing egl_swapbuffers_sync 2
04-13 00:42:15.273 22817 22837 I native-activity: Swap 168 time is 8.006ms
04-13 00:42:15.273 22817 22837 I native-activity: Animating
04-13 00:42:15.273 22817 22837 I native-activity: Frame 169 GL error is 0x0
04-13 00:42:15.274 22817 22837 I native-activity: Frame 169 time is 0.468ms
04-13 00:42:15.274 22817 22837 I native-activity: Doing egl_swapbuffers_sync 2
04-13 00:42:15.281 22817 22837 I native-activity: Swap 169 time is 8.107ms
04-13 00:42:15.281 22817 22837 I native-activity: Animating
04-13 00:42:15.282 22817 22837 I native-activity: Frame 170 GL error is 0x0
04-13 00:42:15.282 22817 22837 I native-activity: Frame 170 time is 0.331ms
04-13 00:42:15.282 22817 22837 I native-activity: Doing egl_swapbuffers_sync 2
04-13 00:42:15.290 22817 22837 I native-activity: Swap 170 time is 8.187ms
04-13 00:42:15.290 22817 22837 I native-activity: Animating
04-13 00:42:15.290 22817 22837 I native-activity: Frame 171 GL error is 0x0
04-13 00:42:15.290 22817 22837 I native-activity: Frame 171 time is 0.383ms
04-13 00:42:15.290 22817 22837 I native-activity: Doing egl_swapbuffers_sync 2
04-13 00:42:15.298 22817 22837 I native-activity: Swap 171 time is 8.149ms
04-13 00:42:15.298 22817 22837 I native-activity: Animating
04-13 00:42:15.298 22817 22837 I native-activity: Frame 172 GL error is 0x0
04-13 00:42:15.299 22817 22837 I native-activity: Frame 172 time is 0.405ms
04-13 00:42:15.299 22817 22837 I native-activity: Doing egl_swapbuffers_sync 2
04-13 00:42:15.306 22817 22837 I native-activity: Swap 172 time is 8.098ms
04-13 00:42:15.306 22817 22837 I native-activity: Animating
04-13 00:42:15.307 22817 22837 I native-activity: Frame 173 GL error is 0x0
04-13 00:42:15.307 22817 22837 I native-activity: Frame 173 time is 0.398ms
04-13 00:42:15.307 22817 22837 I native-activity: Doing egl_swapbuffers_sync 2
04-13 00:42:15.315 22817 22837 I native-activity: Swap 173 time is 8.124ms
04-13 00:42:15.315 22817 22837 I native-activity: Animating
04-13 00:42:15.315 22817 22837 I native-activity: Frame 174 GL error is 0x0
04-13 00:42:15.315 22817 22837 I native-activity: Frame 174 time is 0.361ms
04-13 00:42:15.315 22817 22837 I native-activity: Doing egl_swapbuffers_sync 2
04-13 00:42:15.323 22817 22837 I native-activity: Swap 174 time is 8.127ms
04-13 00:42:15.323 22817 22837 I native-activity: Animating
04-13 00:42:15.323 22817 22837 I native-activity: Frame 175 GL error is 0x0
04-13 00:42:15.323 22817 22837 I native-activity: Frame 175 time is 0.397ms
04-13 00:42:15.323 22817 22837 I native-activity: Doing egl_swapbuffers_sync 2
04-13 00:42:15.331 22817 22837 I native-activity: Swap 175 time is 8.089ms
04-13 00:42:15.331 22817 22837 I native-activity: Animating
04-13 00:42:15.332 22817 22837 I native-activity: Frame 176 GL error is 0x0
04-13 00:42:15.332 22817 22837 I native-activity: Frame 176 time is 0.486ms
04-13 00:42:15.332 22817 22837 I native-activity: Doing egl_swapbuffers_sync 2
04-13 00:42:15.340 22817 22837 I native-activity: Swap 176 time is 8.215ms
04-13 00:42:15.340 22817 22837 I native-activity: Animating
04-13 00:42:15.340 22817 22837 I native-activity: Frame 177 GL error is 0x0
04-13 00:42:15.340 22817 22837 I native-activity: Frame 177 time is 0.404ms
04-13 00:42:15.340 22817 22837 I native-activity: Doing egl_swapbuffers_sync 2
04-13 00:42:15.348 22817 22837 I native-activity: Swap 177 time is 7.995ms
04-13 00:42:15.348 22817 22837 I native-activity: Animating
04-13 00:42:15.348 22817 22837 I native-activity: Frame 178 GL error is 0x0
04-13 00:42:15.348 22817 22837 I native-activity: Frame 178 time is 0.427ms
04-13 00:42:15.348 22817 22837 I native-activity: Doing egl_swapbuffers_sync 2
04-13 00:42:15.356 22817 22837 I native-activity: Swap 178 time is 8.115ms
04-13 00:42:15.356 22817 22837 I native-activity: Animating
04-13 00:42:15.357 22817 22837 I native-activity: Frame 179 GL error is 0x0
04-13 00:42:15.357 22817 22837 I native-activity: Frame 179 time is 0.374ms
04-13 00:42:15.357 22817 22837 I native-activity: Doing egl_swapbuffers_sync 2
04-13 00:42:15.364 22817 22837 I native-activity: Swap 179 time is 8.125ms
04-13 00:42:15.365 22817 22837 I native-activity: Animating
04-13 00:42:15.365 22817 22837 I native-activity: Frame 180 GL error is 0x0
04-13 00:42:15.365 22817 22837 I native-activity: Frame 180 time is 0.348ms
04-13 00:42:15.365 22817 22837 I native-activity: Doing egl_swapbuffers_sync 2
04-13 00:42:15.373 22817 22837 I native-activity: Swap 180 time is 8.207ms
04-13 00:42:15.373 22817 22837 I native-activity: Animating
04-13 00:42:15.373 22817 22837 I native-activity: Frame 181 GL error is 0x0
04-13 00:42:15.373 22817 22837 I native-activity: Frame 181 time is 0.418ms
04-13 00:42:15.373 22817 22837 I native-activity: Doing egl_swapbuffers_sync 2
04-13 00:42:15.381 22817 22837 I native-activity: Swap 181 time is 8.057ms
04-13 00:42:15.381 22817 22837 I native-activity: Animating
04-13 00:42:15.382 22817 22837 I native-activity: Frame 182 GL error is 0x0
04-13 00:42:15.382 22817 22837 I native-activity: Frame 182 time is 0.329ms
04-13 00:42:15.382 22817 22837 I native-activity: Doing egl_swapbuffers_sync 2
04-13 00:42:15.389 22817 22837 I native-activity: Swap 182 time is 8.109ms
04-13 00:42:15.390 22817 22837 I native-activity: Animating
04-13 00:42:15.390 22817 22837 I native-activity: Frame 183 GL error is 0x0
04-13 00:42:15.390 22817 22837 I native-activity: Frame 183 time is 0.372ms
04-13 00:42:15.390 22817 22837 I native-activity: Doing egl_swapbuffers_sync 2
04-13 00:42:15.398 22817 22837 I native-activity: Swap 183 time is 8.096ms
04-13 00:42:15.398 22817 22837 I native-activity: Animating
04-13 00:42:15.398 22817 22837 I native-activity: Frame 184 GL error is 0x0
04-13 00:42:15.398 22817 22837 I native-activity: Frame 184 time is 0.351ms
04-13 00:42:15.398 22817 22837 I native-activity: Doing egl_swapbuffers_sync 2
04-13 00:42:15.406 22817 22837 I native-activity: Swap 184 time is 8.117ms
04-13 00:42:15.406 22817 22837 I native-activity: Animating
04-13 00:42:15.407 22817 22837 I native-activity: Frame 185 GL error is 0x0
04-13 00:42:15.407 22817 22837 I native-activity: Frame 185 time is 0.397ms
04-13 00:42:15.407 22817 22837 I native-activity: Doing egl_swapbuffers_sync 2
04-13 00:42:15.414 22817 22837 I native-activity: Swap 185 time is 8.183ms
04-13 00:42:15.415 22817 22837 I native-activity: Animating
04-13 00:42:15.415 22817 22837 I native-activity: Frame 186 GL error is 0x0
04-13 00:42:15.415 22817 22837 I native-activity: Frame 186 time is 0.460ms
04-13 00:42:15.415 22817 22837 I native-activity: Doing egl_swapbuffers_sync 2
04-13 00:42:15.423 22817 22837 I native-activity: Swap 186 time is 7.993ms
04-13 00:42:15.423 22817 22837 I native-activity: Animating
04-13 00:42:15.423 22817 22837 I native-activity: Frame 187 GL error is 0x0
04-13 00:42:15.423 22817 22837 I native-activity: Frame 187 time is 0.413ms
04-13 00:42:15.423 22817 22837 I native-activity: Doing egl_swapbuffers_sync 2
04-13 00:42:15.431 22817 22837 I native-activity: Swap 187 time is 8.106ms
04-13 00:42:15.431 22817 22837 I native-activity: Animating
04-13 00:42:15.432 22817 22837 I native-activity: Frame 188 GL error is 0x0
04-13 00:42:15.432 22817 22837 I native-activity: Frame 188 time is 0.429ms
04-13 00:42:15.432 22817 22837 I native-activity: Doing egl_swapbuffers_sync 2
04-13 00:42:15.439 22817 22837 I native-activity: Swap 188 time is 8.091ms
04-13 00:42:15.439 22817 22837 I native-activity: Animating
04-13 00:42:15.440 22817 22837 I native-activity: Frame 189 GL error is 0x0
04-13 00:42:15.440 22817 22837 I native-activity: Frame 189 time is 0.373ms
04-13 00:42:15.440 22817 22837 I native-activity: Doing egl_swapbuffers_sync 2
04-13 00:42:15.448 22817 22837 I native-activity: Swap 189 time is 8.096ms
04-13 00:42:15.448 22817 22837 I native-activity: Animating
04-13 00:42:15.448 22817 22837 I native-activity: Frame 190 GL error is 0x0
04-13 00:42:15.448 22817 22837 I native-activity: Frame 190 time is 0.467ms
04-13 00:42:15.448 22817 22837 I native-activity: Doing egl_swapbuffers_sync 2
04-13 00:42:15.456 22817 22837 I native-activity: Swap 190 time is 8.125ms
04-13 00:42:15.456 22817 22837 I native-activity: Animating
04-13 00:42:15.457 22817 22837 I native-activity: Frame 191 GL error is 0x0
04-13 00:42:15.457 22817 22837 I native-activity: Frame 191 time is 0.482ms
04-13 00:42:15.457 22817 22837 I native-activity: Doing egl_swapbuffers_sync 2
04-13 00:42:15.464 22817 22837 I native-activity: Swap 191 time is 8.199ms
04-13 00:42:15.465 22817 22837 I native-activity: Animating
04-13 00:42:15.465 22817 22837 I native-activity: Frame 192 GL error is 0x0
04-13 00:42:15.465 22817 22837 I native-activity: Frame 192 time is 0.389ms
04-13 00:42:15.465 22817 22837 I native-activity: Doing egl_swapbuffers_sync 2
04-13 00:42:15.473 22817 22837 I native-activity: Swap 192 time is 7.921ms
04-13 00:42:15.473 22817 22837 I native-activity: Animating
04-13 00:42:15.473 22817 22837 I native-activity: Frame 193 GL error is 0x0
04-13 00:42:15.473 22817 22837 I native-activity: Frame 193 time is 0.407ms
04-13 00:42:15.473 22817 22837 I native-activity: Doing egl_swapbuffers_sync 2
04-13 00:42:15.481 22817 22837 I native-activity: Swap 193 time is 7.970ms
04-13 00:42:15.481 22817 22837 I native-activity: Animating
04-13 00:42:15.482 22817 22837 I native-activity: Frame 194 GL error is 0x0
04-13 00:42:15.482 22817 22837 I native-activity: Frame 194 time is 0.535ms
04-13 00:42:15.482 22817 22837 I native-activity: Doing egl_swapbuffers_sync 2
04-13 00:42:15.489 22817 22837 I native-activity: Swap 194 time is 8.186ms
04-13 00:42:15.489 22817 22837 I native-activity: Animating
04-13 00:42:15.490 22817 22837 I native-activity: Frame 195 GL error is 0x0
04-13 00:42:15.490 22817 22837 I native-activity: Frame 195 time is 0.446ms
04-13 00:42:15.490 22817 22837 I native-activity: Doing egl_swapbuffers_sync 2
04-13 00:42:15.498 22817 22837 I native-activity: Swap 195 time is 8.022ms
04-13 00:42:15.498 22817 22837 I native-activity: Animating
04-13 00:42:15.498 22817 22837 I native-activity: Frame 196 GL error is 0x0
04-13 00:42:15.498 22817 22837 I native-activity: Frame 196 time is 0.483ms
04-13 00:42:15.498 22817 22837 I native-activity: Doing egl_swapbuffers_sync 2
04-13 00:42:15.506 22817 22837 I native-activity: Swap 196 time is 8.163ms
04-13 00:42:15.506 22817 22837 I native-activity: Animating
04-13 00:42:15.506 22817 22837 I native-activity: Frame 197 GL error is 0x0
04-13 00:42:15.507 22817 22837 I native-activity: Frame 197 time is 0.472ms
04-13 00:42:15.507 22817 22837 I native-activity: Doing egl_swapbuffers_sync 2
04-13 00:42:15.514 22817 22837 I native-activity: Swap 197 time is 8.111ms
04-13 00:42:15.514 22817 22837 I native-activity: Animating
04-13 00:42:15.515 22817 22837 I native-activity: Frame 198 GL error is 0x0
04-13 00:42:15.515 22817 22837 I native-activity: Frame 198 time is 0.472ms
04-13 00:42:15.515 22817 22837 I native-activity: Doing egl_swapbuffers_sync 2
04-13 00:42:15.523 22817 22837 I native-activity: Swap 198 time is 8.160ms
04-13 00:42:15.523 22817 22837 I native-activity: Animating
04-13 00:42:15.523 22817 22837 I native-activity: Frame 199 GL error is 0x0
04-13 00:42:15.523 22817 22837 I native-activity: Frame 199 time is 0.373ms
04-13 00:42:15.523 22817 22837 I native-activity: Doing egl_swapbuffers_sync 2
04-13 00:42:15.531 22817 22837 I native-activity: Swap 199 time is 7.947ms
04-13 00:42:15.531 22817 22837 I native-activity: Animating
04-13 00:42:15.532 22817 22837 I native-activity: Frame 200 GL error is 0x0
04-13 00:42:15.532 22817 22837 I native-activity: Frame 200 time is 0.798ms
04-13 00:42:15.532 22817 22837 I native-activity: Doing egl_swapbuffers_sync 2
04-13 00:42:15.539 22817 22837 I native-activity: Swap 200 time is 8.121ms
04-13 00:42:15.539 22817 22837 I native-activity: Animating
04-13 00:42:15.540 22817 22837 I native-activity: Frame 201 GL error is 0x0
04-13 00:42:15.540 22817 22837 I native-activity: Frame 201 time is 0.559ms
04-13 00:42:15.540 22817 22837 I native-activity: Doing egl_swapbuffers_sync 2
04-13 00:42:15.548 22817 22837 I native-activity: Swap 201 time is 8.205ms
04-13 00:42:15.548 22817 22837 I native-activity: Animating
04-13 00:42:15.548 22817 22837 I native-activity: Frame 202 GL error is 0x0
04-13 00:42:15.548 22817 22837 I native-activity: Frame 202 time is 0.436ms
04-13 00:42:15.548 22817 22837 I native-activity: Doing egl_swapbuffers_sync 2
04-13 00:42:15.556 22817 22837 I native-activity: Swap 202 time is 8.135ms
04-13 00:42:15.556 22817 22837 I native-activity: Animating
04-13 00:42:15.556 22817 22837 I native-activity: Frame 203 GL error is 0x0
04-13 00:42:15.557 22817 22837 I native-activity: Frame 203 time is 0.473ms
04-13 00:42:15.557 22817 22837 I native-activity: Doing egl_swapbuffers_sync 2
04-13 00:42:15.564 22817 22837 I native-activity: Swap 203 time is 8.093ms
04-13 00:42:15.564 22817 22837 I native-activity: Animating
04-13 00:42:15.565 22817 22837 I native-activity: Frame 204 GL error is 0x0
04-13 00:42:15.565 22817 22837 I native-activity: Frame 204 time is 0.412ms
04-13 00:42:15.565 22817 22837 I native-activity: Doing egl_swapbuffers_sync 2
04-13 00:42:15.573 22817 22837 I native-activity: Swap 204 time is 8.120ms
04-13 00:42:15.573 22817 22837 I native-activity: Animating
04-13 00:42:15.573 22817 22837 I native-activity: Frame 205 GL error is 0x0
04-13 00:42:15.573 22817 22837 I native-activity: Frame 205 time is 0.479ms
04-13 00:42:15.573 22817 22837 I native-activity: Doing egl_swapbuffers_sync 2
04-13 00:42:15.581 22817 22837 I native-activity: Swap 205 time is 8.117ms
04-13 00:42:15.581 22817 22837 I native-activity: Animating
04-13 00:42:15.581 22817 22837 I native-activity: Frame 206 GL error is 0x0
04-13 00:42:15.582 22817 22837 I native-activity: Frame 206 time is 0.548ms
04-13 00:42:15.582 22817 22837 I native-activity: Doing egl_swapbuffers_sync 2
04-13 00:42:15.589 22817 22837 I native-activity: Swap 206 time is 8.166ms
04-13 00:42:15.589 22817 22837 I native-activity: Animating
04-13 00:42:15.590 22817 22837 I native-activity: Frame 207 GL error is 0x0
04-13 00:42:15.590 22817 22837 I native-activity: Frame 207 time is 0.626ms
04-13 00:42:15.590 22817 22837 I native-activity: Doing egl_swapbuffers_sync 2
04-13 00:42:15.598 22817 22837 I native-activity: Swap 207 time is 8.163ms
04-13 00:42:15.598 22817 22837 I native-activity: Animating
04-13 00:42:15.598 22817 22837 I native-activity: Frame 208 GL error is 0x0
04-13 00:42:15.598 22817 22837 I native-activity: Frame 208 time is 0.517ms
04-13 00:42:15.598 22817 22837 I native-activity: Doing egl_swapbuffers_sync 2
04-13 00:42:15.606 22817 22837 I native-activity: Swap 208 time is 8.046ms
04-13 00:42:15.606 22817 22837 I native-activity: Animating
04-13 00:42:15.606 22817 22837 I native-activity: Frame 209 GL error is 0x0
04-13 00:42:15.606 22817 22837 I native-activity: Frame 209 time is 0.448ms
04-13 00:42:15.606 22817 22837 I native-activity: Doing egl_swapbuffers_sync 2
04-13 00:42:15.614 22817 22837 I native-activity: Swap 209 time is 8.137ms
04-13 00:42:15.614 22817 22837 I native-activity: Animating
04-13 00:42:15.615 22817 22837 I native-activity: Frame 210 GL error is 0x0
04-13 00:42:15.615 22817 22837 I native-activity: Frame 210 time is 0.470ms
04-13 00:42:15.615 22817 22837 I native-activity: Doing egl_swapbuffers_sync 2
04-13 00:42:15.622 22817 22837 I native-activity: Swap 210 time is 8.094ms
04-13 00:42:15.623 22817 22837 I native-activity: Animating
04-13 00:42:15.623 22817 22837 I native-activity: Frame 211 GL error is 0x0
04-13 00:42:15.623 22817 22837 I native-activity: Frame 211 time is 0.438ms
04-13 00:42:15.623 22817 22837 I native-activity: Doing egl_swapbuffers_sync 2
04-13 00:42:15.631 22817 22837 I native-activity: Swap 211 time is 8.040ms
04-13 00:42:15.631 22817 22837 I native-activity: Animating
04-13 00:42:15.632 22817 22837 I native-activity: Frame 212 GL error is 0x0
04-13 00:42:15.632 22817 22837 I native-activity: Frame 212 time is 1.146ms
04-13 00:42:15.632 22817 22837 I native-activity: Doing egl_swapbuffers_sync 2
04-13 00:42:15.639 22817 22837 I native-activity: Swap 212 time is 8.181ms
04-13 00:42:15.639 22817 22837 I native-activity: Animating
04-13 00:42:15.640 22817 22837 I native-activity: Frame 213 GL error is 0x0
04-13 00:42:15.640 22817 22837 I native-activity: Frame 213 time is 0.711ms
04-13 00:42:15.640 22817 22837 I native-activity: Doing egl_swapbuffers_sync 2
04-13 00:42:15.647 22817 22837 I native-activity: Swap 213 time is 8.205ms
04-13 00:42:15.648 22817 22837 I native-activity: Animating
04-13 00:42:15.648 22817 22837 I native-activity: Frame 214 GL error is 0x0
04-13 00:42:15.648 22817 22837 I native-activity: Frame 214 time is 0.384ms
04-13 00:42:15.648 22817 22837 I native-activity: Doing egl_swapbuffers_sync 2
04-13 00:42:15.656 22817 22837 I native-activity: Swap 214 time is 8.073ms
04-13 00:42:15.656 22817 22837 I native-activity: Animating
04-13 00:42:15.656 22817 22837 I native-activity: Frame 215 GL error is 0x0
04-13 00:42:15.656 22817 22837 I native-activity: Frame 215 time is 0.394ms
04-13 00:42:15.656 22817 22837 I native-activity: Doing egl_swapbuffers_sync 2
04-13 00:42:15.664 22817 22837 I native-activity: Swap 215 time is 8.015ms
04-13 00:42:15.664 22817 22837 I native-activity: Animating
04-13 00:42:15.665 22817 22837 I native-activity: Frame 216 GL error is 0x0
04-13 00:42:15.665 22817 22837 I native-activity: Frame 216 time is 0.435ms
04-13 00:42:15.665 22817 22837 I native-activity: Doing egl_swapbuffers_sync 2
04-13 00:42:15.672 22817 22837 I native-activity: Swap 216 time is 8.126ms
04-13 00:42:15.673 22817 22837 I native-activity: Animating
04-13 00:42:15.673 22817 22837 I native-activity: Frame 217 GL error is 0x0
04-13 00:42:15.673 22817 22837 I native-activity: Frame 217 time is 0.450ms
04-13 00:42:15.673 22817 22837 I native-activity: Doing egl_swapbuffers_sync 2
04-13 00:42:15.681 22817 22837 I native-activity: Swap 217 time is 8.021ms
04-13 00:42:15.681 22817 22837 I native-activity: Animating
04-13 00:42:15.681 22817 22837 I native-activity: Frame 218 GL error is 0x0
04-13 00:42:15.681 22817 22837 I native-activity: Frame 218 time is 0.520ms
04-13 00:42:15.681 22817 22837 I native-activity: Doing egl_swapbuffers_sync 2
04-13 00:42:15.689 22817 22837 I native-activity: Swap 218 time is 8.169ms
04-13 00:42:15.689 22817 22837 I native-activity: Animating
04-13 00:42:15.690 22817 22837 I native-activity: Frame 219 GL error is 0x0
04-13 00:42:15.690 22817 22837 I native-activity: Frame 219 time is 0.526ms
04-13 00:42:15.690 22817 22837 I native-activity: Doing egl_swapbuffers_sync 2
04-13 00:42:15.697 22817 22837 I native-activity: Swap 219 time is 8.192ms
04-13 00:42:15.698 22817 22837 I native-activity: Animating
04-13 00:42:15.698 22817 22837 I native-activity: Frame 220 GL error is 0x0
04-13 00:42:15.698 22817 22837 I native-activity: Frame 220 time is 0.422ms
04-13 00:42:15.698 22817 22837 I native-activity: Doing egl_swapbuffers_sync 2
04-13 00:42:15.706 22817 22837 I native-activity: Swap 220 time is 7.983ms
04-13 00:42:15.706 22817 22837 I native-activity: Animating
04-13 00:42:15.706 22817 22837 I native-activity: Frame 221 GL error is 0x0
04-13 00:42:15.706 22817 22837 I native-activity: Frame 221 time is 0.448ms
04-13 00:42:15.706 22817 22837 I native-activity: Doing egl_swapbuffers_sync 2
04-13 00:42:15.714 22817 22837 I native-activity: Swap 221 time is 8.130ms
04-13 00:42:15.714 22817 22837 I native-activity: Animating
04-13 00:42:15.715 22817 22837 I native-activity: Frame 222 GL error is 0x0
04-13 00:42:15.715 22817 22837 I native-activity: Frame 222 time is 0.446ms
04-13 00:42:15.715 22817 22837 I native-activity: Doing egl_swapbuffers_sync 2
04-13 00:42:15.722 22817 22837 I native-activity: Swap 222 time is 8.141ms
04-13 00:42:15.722 22817 22837 I native-activity: Animating
04-13 00:42:15.723 22817 22837 I native-activity: Frame 223 GL error is 0x0
04-13 00:42:15.723 22817 22837 I native-activity: Frame 223 time is 0.473ms
04-13 00:42:15.723 22817 22837 I native-activity: Doing egl_swapbuffers_sync 2
04-13 00:42:15.731 22817 22837 I native-activity: Swap 223 time is 8.062ms
04-13 00:42:15.731 22817 22837 I native-activity: Animating
04-13 00:42:15.731 22817 22837 I native-activity: Frame 224 GL error is 0x0
04-13 00:42:15.731 22817 22837 I native-activity: Frame 224 time is 0.437ms
04-13 00:42:15.731 22817 22837 I native-activity: Doing egl_swapbuffers_sync 2
04-13 00:42:15.739 22817 22837 I native-activity: Swap 224 time is 8.114ms
04-13 00:42:15.739 22817 22837 I native-activity: Animating
04-13 00:42:15.800  2137  2137 I Kernel  : [45374.472998][wlan] nicTxReleaseResource: (TX STATE)
04-13 00:42:15.800  2137  2137 I Kernel  : Release: TC4 count 1, Free=3; TC5 count 0, Free=4
04-13 00:42:15.800  2159  2159 I Kernel  : [45374.473103].(0)[2159:wpa_supplicant]poorlink get state G(361621)F(49)dbad(0)dretry(0)LT(405)RT(-80)W(0)(12220)
04-13 00:42:15.800  2137  2137 I Kernel  : [45374.474522][wlan] nicTxReleaseResource: (TX STATE)
04-13 00:42:15.800  2137  2137 I Kernel  : Release: TC4 count 1, Free=4; TC5 count 0, Free=4
04-13 00:42:15.930 22817 22837 I native-activity: Frame 225 GL error is 0x500
04-13 00:42:15.930 22817 22837 I native-activity: Frame 225 time is 190.812ms
04-13 00:42:15.930 22817 22837 I native-activity: Doing egl_swapbuffers_sync 2
04-13 00:42:15.930 22817 22837 I native-activity: Swap 225 time is 191.261ms
04-13 00:42:15.931 22817 22837 I native-activity: Animating
04-13 00:42:15.931 22817 22837 I native-activity: Frame 226 GL error is 0x0
04-13 00:42:15.931 22817 22837 I native-activity: Frame 226 time is 0.348ms
04-13 00:42:15.931 22817 22837 I native-activity: Doing egl_swapbuffers_sync 2
04-13 00:42:15.931 22817 22837 I native-activity: Swap 226 time is 0.649ms
04-13 00:42:15.931 22817 22837 I native-activity: Animating
04-13 00:42:15.935 22817 22837 I native-activity: Frame 227 GL error is 0x0
04-13 00:42:15.935 22817 22837 I native-activity: Frame 227 time is 3.157ms
04-13 00:42:15.935 22817 22837 I native-activity: Doing egl_swapbuffers_sync 2
04-13 00:42:15.945 22817 22837 I native-activity: Swap 227 time is 13.356ms
04-13 00:42:15.945 22817 22837 I native-activity: Animating
04-13 00:42:15.947 22817 22837 I native-activity: Frame 228 GL error is 0x0
04-13 00:42:15.947 22817 22837 I native-activity: Frame 228 time is 2.029ms
04-13 00:42:15.947 22817 22837 I native-activity: Doing egl_swapbuffers_sync 2
04-13 00:42:15.958 22817 22837 I native-activity: Swap 228 time is 13.153ms
04-13 00:42:15.958 22817 22837 I native-activity: Animating
04-13 00:42:15.960 22817 22837 I native-activity: Frame 229 GL error is 0x0
04-13 00:42:15.960 22817 22837 I native-activity: Frame 229 time is 1.985ms
04-13 00:42:15.960 22817 22837 I native-activity: Doing egl_swapbuffers_sync 2
04-13 00:42:15.979 22817 22837 I native-activity: Swap 229 time is 21.017ms
04-13 00:42:15.980 22817 22837 I native-activity: Animating
04-13 00:42:15.982 22817 22837 I native-activity: Frame 230 GL error is 0x0
04-13 00:42:15.982 22817 22837 I native-activity: Frame 230 time is 1.995ms
04-13 00:42:15.982 22817 22837 I native-activity: Doing egl_swapbuffers_sync 2
04-13 00:42:16.000 22817 22837 I native-activity: Swap 230 time is 20.572ms
04-13 00:42:16.000 22817 22837 I native-activity: Animating
04-13 00:42:16.002 22817 22837 I native-activity: Frame 231 GL error is 0x0
04-13 00:42:16.002 22817 22837 I native-activity: Frame 231 time is 2.056ms
04-13 00:42:16.002 22817 22837 I native-activity: Doing egl_swapbuffers_sync 2
04-13 00:42:16.021 22817 22837 I native-activity: Swap 231 time is 20.549ms
04-13 00:42:16.022 22817 22837 I native-activity: Animating
04-13 00:42:16.030    82    82 I Kernel  : [45374.708229].(0)[82:mtk charger_hv_]charging_reset_watch_dog_timer
04-13 00:42:16.030    82    82 I Kernel  : [45374.709164].(0)[82:mtk charger_hv_]array_size = 16 
04-13 00:42:16.192 22817 22837 I native-activity: Frame 232 GL error is 0x500
04-13 00:42:16.192 22817 22837 I native-activity: Frame 232 time is 170.001ms
04-13 00:42:16.192 22817 22837 I native-activity: Doing egl_swapbuffers_sync 2
04-13 00:42:16.192 22817 22837 I native-activity: Swap 232 time is 170.456ms
04-13 00:42:16.192 22817 22837 I native-activity: Animating
04-13 00:42:16.308 22817 22837 I native-activity: Frame 233 GL error is 0x501
04-13 00:42:16.308 22817 22837 I native-activity: Frame 233 time is 115.534ms
04-13 00:42:16.308 22817 22837 I native-activity: Doing egl_swapbuffers_sync 2
04-13 00:42:16.309 22817 22837 I native-activity: Swap 233 time is 116.003ms
04-13 00:42:16.309 22817 22837 I native-activity: Animating
04-13 00:42:16.312 22817 22837 I native-activity: Frame 234 GL error is 0x0
04-13 00:42:16.312 22817 22837 I native-activity: Frame 234 time is 2.894ms
04-13 00:42:16.312 22817 22837 I native-activity: Doing egl_swapbuffers_sync 2
04-13 00:42:16.312 22817 22837 I native-activity: Swap 234 time is 3.272ms
04-13 00:42:16.312 22817 22837 I native-activity: Animating
04-13 00:42:16.313 22817 22837 I native-activity: Frame 235 GL error is 0x0
04-13 00:42:16.313 22817 22837 I native-activity: Frame 235 time is 0.928ms
04-13 00:42:16.313 22817 22837 I native-activity: Doing egl_swapbuffers_sync 2
04-13 00:42:16.300 22817 22837 I Kernel  : [45374.972265]-(0)[22837:Thread-7307]dpi vsync
04-13 00:42:16.324 22817 22837 I native-activity: Swap 235 time is 11.907ms
04-13 00:42:16.324 22817 22837 I native-activity: Animating
04-13 00:42:16.326 22817 22837 I native-activity: Frame 236 GL error is 0x0
04-13 00:42:16.326 22817 22837 I native-activity: Frame 236 time is 2.139ms
04-13 00:42:16.326 22817 22837 I native-activity: Doing egl_swapbuffers_sync 2
04-13 00:42:16.339 22817 22837 I native-activity: Swap 236 time is 14.441ms
04-13 00:42:16.339 22817 22837 I native-activity: Animating
04-13 00:42:16.340 22817 22837 I native-activity: Frame 237 GL error is 0x0
04-13 00:42:16.341 22817 22837 I native-activity: Frame 237 time is 2.136ms
04-13 00:42:16.341 22817 22837 I native-activity: Doing egl_swapbuffers_sync 2
04-13 00:42:16.353 22817 22837 I native-activity: Swap 237 time is 14.359ms
04-13 00:42:16.353 22817 22837 I native-activity: Animating
04-13 00:42:16.355 22817 22837 I native-activity: Frame 238 GL error is 0x0
04-13 00:42:16.356 22817 22837 I native-activity: Frame 238 time is 2.251ms
04-13 00:42:16.356 22817 22837 I native-activity: Doing egl_swapbuffers_sync 2
04-13 00:42:16.368 22817 22837 I native-activity: Swap 238 time is 14.523ms
04-13 00:42:16.368 22817 22837 I native-activity: Animating
04-13 00:42:16.369 22817 22837 I native-activity: Frame 239 GL error is 0x0
04-13 00:42:16.369 22817 22837 I native-activity: Frame 239 time is 1.094ms
04-13 00:42:16.369 22817 22837 I native-activity: Doing egl_swapbuffers_sync 2
04-13 00:42:16.383 22817 22837 I native-activity: Swap 239 time is 14.602ms
04-13 00:42:16.383 22817 22837 I native-activity: Animating
04-13 00:42:16.622 22817 22837 I native-activity: Frame 240 GL error is 0x500
04-13 00:42:16.622 22817 22837 I native-activity: Frame 240 time is 239.091ms
04-13 00:42:16.622 22817 22837 I native-activity: Doing egl_swapbuffers_sync 2
04-13 00:42:16.622 22817 22837 I native-activity: Swap 240 time is 239.568ms
04-13 00:42:16.623 22817 22837 I native-activity: Animating
04-13 00:42:16.788 22817 22837 I native-activity: Frame 241 GL error is 0x501
04-13 00:42:16.788 22817 22837 I native-activity: Frame 241 time is 165.357ms
04-13 00:42:16.788 22817 22837 I native-activity: Doing egl_swapbuffers_sync 2
04-13 00:42:16.788 22817 22837 I native-activity: Swap 241 time is 165.794ms
04-13 00:42:16.789 22817 22837 I native-activity: Animating
04-13 00:42:16.807 22817 22837 I native-activity: Frame 242 GL error is 0x0
04-13 00:42:16.807 22817 22837 I native-activity: Frame 242 time is 18.395ms
04-13 00:42:16.807 22817 22837 I native-activity: Doing egl_swapbuffers_sync 2
04-13 00:42:16.807 22817 22837 I native-activity: Swap 242 time is 18.787ms
04-13 00:42:16.807 22817 22837 I native-activity: Animating
04-13 00:42:16.817 22817 22837 I native-activity: Frame 243 GL error is 0x0
04-13 00:42:16.817 22817 22837 I native-activity: Frame 243 time is 9.572ms
04-13 00:42:16.817 22817 22837 I native-activity: Doing egl_swapbuffers_sync 2
04-13 00:42:16.817 22817 22837 I native-activity: Swap 243 time is 9.957ms
04-13 00:42:16.818 22817 22837 I native-activity: Animating
04-13 00:42:16.824 22817 22837 I native-activity: Frame 244 GL error is 0x0
04-13 00:42:16.824 22817 22837 I native-activity: Frame 244 time is 6.122ms
04-13 00:42:16.824 22817 22837 I native-activity: Doing egl_swapbuffers_sync 2
04-13 00:42:16.824 22817 22837 I native-activity: Swap 244 time is 6.490ms
04-13 00:42:16.824 22817 22837 I native-activity: Animating
04-13 00:42:16.856 22817 22837 I native-activity: Frame 245 GL error is 0x0
04-13 00:42:16.856 22817 22837 I native-activity: Frame 245 time is 31.415ms
04-13 00:42:16.856 22817 22837 I native-activity: Doing egl_swapbuffers_sync 2
04-13 00:42:16.856 22817 22837 I native-activity: Swap 245 time is 31.757ms
04-13 00:42:16.856 22817 22837 I native-activity: Animating
04-13 00:42:16.889 22817 22837 I native-activity: Frame 246 GL error is 0x500
04-13 00:42:16.890 22817 22837 I native-activity: Frame 246 time is 33.382ms
04-13 00:42:16.890 22817 22837 I native-activity: Doing egl_swapbuffers_sync 2
04-13 00:42:16.890 22817 22837 I native-activity: Swap 246 time is 33.816ms
04-13 00:42:16.890 22817 22837 I native-activity: Animating
04-13 00:42:16.908 22817 22837 I native-activity: Frame 247 GL error is 0x501
04-13 00:42:16.908 22817 22837 I native-activity: Frame 247 time is 17.898ms
04-13 00:42:16.908 22817 22837 I native-activity: Doing egl_swapbuffers_sync 2
04-13 00:42:16.918 22817 22837 I native-activity: Swap 247 time is 27.397ms
04-13 00:42:16.918 22817 22837 I native-activity: Animating
04-13 00:42:16.924 22817 22837 I native-activity: Frame 248 GL error is 0x0
04-13 00:42:16.924 22817 22837 I native-activity: Frame 248 time is 6.295ms
04-13 00:42:16.924 22817 22837 I native-activity: Doing egl_swapbuffers_sync 2
04-13 00:42:16.937 22817 22837 I native-activity: Swap 248 time is 19.220ms
04-13 00:42:16.937 22817 22837 I native-activity: Animating
04-13 00:42:16.962 22817 22837 I native-activity: Frame 249 GL error is 0x500
04-13 00:42:16.962 22817 22837 I native-activity: Frame 249 time is 24.999ms
04-13 00:42:16.962 22817 22837 I native-activity: Doing egl_swapbuffers_sync 2
04-13 00:42:16.963 22817 22837 I native-activity: Swap 249 time is 25.339ms
04-13 00:42:16.963 22817 22837 I native-activity: Animating
04-13 00:42:16.976 22817 22837 I native-activity: Frame 250 GL error is 0x0
04-13 00:42:16.976 22817 22837 I native-activity: Frame 250 time is 13.453ms
04-13 00:42:16.976 22817 22837 I native-activity: Doing egl_swapbuffers_sync 2
04-13 00:42:16.977 22817 22837 I native-activity: Swap 250 time is 13.785ms
04-13 00:42:16.977 22817 22837 I native-activity: Animating
04-13 00:42:16.987 22817 22837 I native-activity: Frame 251 GL error is 0x500
04-13 00:42:16.988 22817 22837 I native-activity: Frame 251 time is 10.895ms
04-13 00:42:16.988 22817 22837 I native-activity: Doing egl_swapbuffers_sync 2
04-13 00:42:16.997 22817 22837 I native-activity: Swap 251 time is 19.853ms
04-13 00:42:16.997 22817 22837 I native-activity: Animating
04-13 00:42:17.013 22817 22837 I native-activity: Frame 252 GL error is 0x501
04-13 00:42:17.013 22817 22837 I native-activity: Frame 252 time is 16.355ms
04-13 00:42:17.013 22817 22837 I native-activity: Doing egl_swapbuffers_sync 2
04-13 00:42:17.024 22817 22837 I native-activity: Swap 252 time is 27.301ms
04-13 00:42:17.024 22817 22837 I native-activity: Animating
04-13 00:42:17.031 22817 22837 I native-activity: Frame 253 GL error is 0x0
04-13 00:42:17.031 22817 22837 I native-activity: Frame 253 time is 7.137ms
04-13 00:42:17.032 22817 22837 I native-activity: Doing egl_swapbuffers_sync 2
04-13 00:42:17.044 22817 22837 I native-activity: Swap 253 time is 20.026ms
04-13 00:42:17.045 22817 22837 I native-activity: Animating
04-13 00:42:17.030    82    82 I Kernel  : [45375.709312].(0)[82:mtk charger_hv_]charging_reset_watch_dog_timer
04-13 00:42:17.030    82    82 I Kernel  : [45375.710263].(0)[82:mtk charger_hv_]array_size = 16 
04-13 00:42:17.055 22817 22837 I native-activity: Frame 254 GL error is 0x0
04-13 00:42:17.055 22817 22837 I native-activity: Frame 254 time is 10.351ms
04-13 00:42:17.055 22817 22837 I native-activity: Doing egl_swapbuffers_sync 2
04-13 00:42:17.072 22817 22837 I native-activity: Swap 254 time is 27.551ms
04-13 00:42:17.072 22817 22837 I native-activity: Animating
04-13 00:42:17.082 22817 22837 I native-activity: Frame 255 GL error is 0x0
04-13 00:42:17.082 22817 22837 I native-activity: Frame 255 time is 9.270ms
04-13 00:42:17.082 22817 22837 I native-activity: Doing egl_swapbuffers_sync 2
04-13 00:42:17.100 22817 22837 I native-activity: Swap 255 time is 27.532ms
04-13 00:42:17.100 22817 22837 I native-activity: Animating
04-13 00:42:17.111 22817 22837 I native-activity: Frame 256 GL error is 0x0
04-13 00:42:17.111 22817 22837 I native-activity: Frame 256 time is 11.363ms
04-13 00:42:17.111 22817 22837 I native-activity: Doing egl_swapbuffers_sync 2
04-13 00:42:17.128 22817 22837 I native-activity: Swap 256 time is 28.313ms
04-13 00:42:17.129 22817 22837 I native-activity: Animating
04-13 00:42:17.138 22817 22837 I native-activity: Frame 257 GL error is 0x0
04-13 00:42:17.138 22817 22837 I native-activity: Frame 257 time is 9.183ms
04-13 00:42:17.138 22817 22837 I native-activity: Doing egl_swapbuffers_sync 2
04-13 00:42:17.158 22817 22837 I native-activity: Swap 257 time is 29.251ms
04-13 00:42:17.158 22817 22837 I native-activity: Animating
04-13 00:42:17.175 22817 22837 I native-activity: Frame 258 GL error is 0x0
04-13 00:42:17.175 22817 22837 I native-activity: Frame 258 time is 17.234ms
04-13 00:42:17.175 22817 22837 I native-activity: Doing egl_swapbuffers_sync 2
04-13 00:42:17.181 20692 20755 I AmazonCMS: CMS is no longer being used, shutting down...
04-13 00:42:17.186 22817 22837 I native-activity: Swap 258 time is 27.834ms
04-13 00:42:17.186 22817 22837 I native-activity: Animating
04-13 00:42:17.194 20692 20755 D AmazonCMS: Reconciler closing
04-13 00:42:17.202 22817 22837 I native-activity: Context 0xb91b9148 made current on surface 0xb91ac1d8, error 0x3000
04-13 00:42:17.202 22817 22837 I native-activity: GL information
04-13 00:42:17.202 22817 22837 I native-activity: 	Renderer: Mali-450 MP
04-13 00:42:17.202 22817 22837 I native-activity: 	Vendor: ARM
04-13 00:42:17.202 22817 22837 I native-activity: 	Version: OpenGL ES 2.0
04-13 00:42:17.202 22817 22837 I native-activity: 	Shading Language: OpenGL ES GLSL ES 1.00
04-13 00:42:17.202 22817 22837 I native-activity: 	Extensions: GL_EXT_debug_marker GL_OES_texture_npot GL_OES_compressed_ETC1_RGB8_texture GL_OES_standard_derivatives GL_OES_EGL_image GL_OES_depth24 GL_ARM_rgba8 GL_ARM_mali_shader_binary GL_OES_depth_texture GL_OES_packed_depth_stencil GL_EXT_texture_format_BGRA8888 GL_OES_vertex_half_float GL_EXT_blend_minmax GL_OES_EGL_image_external GL_OES_EGL_sync GL_OES_rgb8_rgba8 GL_EXT_multisampled_render_to_texture GL_EXT_discard_framebuffer GL_OES_get_program_binary GL_ARM_mali_program_binary GL_EXT_shader_texture_lod GL_EXT_robustness GL_OES_depth_texture_cube_map GL_KHR_debug 
04-13 00:42:17.202 22817 22837 I native-activity: Context 0xb91b9148 made current on surface 0xb91ac1d8, error 0x3000
04-13 00:42:17.202 22817 22837 I native-activity: GL information
04-13 00:42:17.203 22817 22837 I native-activity: 	Renderer: Mali-450 MP
04-13 00:42:17.203 22817 22837 I native-activity: 	Vendor: ARM
04-13 00:42:17.203 22817 22837 I native-activity: 	Version: OpenGL ES 2.0
04-13 00:42:17.203 22817 22837 I native-activity: 	Shading Language: OpenGL ES GLSL ES 1.00
04-13 00:42:17.203 22817 22837 I native-activity: 	Extensions: GL_EXT_debug_marker GL_OES_texture_npot GL_OES_compressed_ETC1_RGB8_texture GL_OES_standard_derivatives GL_OES_EGL_image GL_OES_depth24 GL_ARM_rgba8 GL_ARM_mali_shader_binary GL_OES_depth_texture GL_OES_packed_depth_stencil GL_EXT_texture_format_BGRA8888 GL_OES_vertex_half_float GL_EXT_blend_minmax GL_OES_EGL_image_external GL_OES_EGL_sync GL_OES_rgb8_rgba8 GL_EXT_multisampled_render_to_texture GL_EXT_discard_framebuffer GL_OES_get_program_binary GL_ARM_mali_program_binary GL_EXT_shader_texture_lod GL_EXT_robustness GL_OES_depth_texture_cube_map GL_KHR_debug 
04-13 00:42:17.203 22817 22837 I native-activity: Frame 259 GL error is 0x501
04-13 00:42:17.203 22817 22837 I native-activity: Frame 259 time is 16.399ms
04-13 00:42:17.203 22817 22837 I native-activity: Doing egl_swapbuffers_sync 2
04-13 00:42:17.215 22817 22837 I native-activity: Swap 259 time is 28.369ms
04-13 00:42:17.215 22817 22837 I native-activity: Animating
04-13 00:42:17.229 22817 22837 I native-activity: Frame 260 GL error is 0x500
04-13 00:42:17.229 22817 22837 I native-activity: Frame 260 time is 14.364ms
04-13 00:42:17.229 22817 22837 I native-activity: Doing egl_swapbuffers_sync 2
04-13 00:42:17.243 22817 22837 I native-activity: Swap 260 time is 28.196ms
04-13 00:42:17.243 22817 22837 I native-activity: Animating
04-13 00:42:17.261 22817 22837 I native-activity: Frame 261 GL error is 0x0
04-13 00:42:17.262 22817 22837 I native-activity: Frame 261 time is 18.106ms
04-13 00:42:17.262 22817 22837 I native-activity: Doing egl_swapbuffers_sync 2
04-13 00:42:17.272 22817 22837 I native-activity: Swap 261 time is 28.312ms
04-13 00:42:17.272 22817 22837 I native-activity: Animating
04-13 00:42:17.285 22817 22837 I native-activity: Frame 262 GL error is 0x0
04-13 00:42:17.285 22817 22837 I native-activity: Frame 262 time is 12.961ms
04-13 00:42:17.285 22817 22837 I native-activity: Doing egl_swapbuffers_sync 2
04-13 00:42:17.300 22817 22837 I native-activity: Swap 262 time is 28.228ms
04-13 00:42:17.300 22817 22837 I native-activity: Animating
04-13 00:42:17.320 22817 22837 I native-activity: Frame 263 GL error is 0x0
04-13 00:42:17.320 22817 22837 I native-activity: Frame 263 time is 19.594ms
04-13 00:42:17.320 22817 22837 I native-activity: Doing egl_swapbuffers_sync 2
04-13 00:42:17.329 22817 22837 I native-activity: Swap 263 time is 28.290ms
04-13 00:42:17.329 22817 22837 I native-activity: Animating
04-13 00:42:17.341   917  2201 I PackageRecencyUtils: Waiting for idle
04-13 00:42:17.341   917  2201 I Vlog    : package_recency:broadcast_notification:fgtracking=false;DV;1,key=time_in_queue;DV;1,Timer=5001.0;TI;1,unit=ms;DV;1:HI
04-13 00:42:17.347   917  2245 D ActivityManager: single user service: com.amazon.kindle.cms
04-13 00:42:17.352 22817 22837 I native-activity: Frame 264 GL error is 0x0
04-13 00:42:17.352 22817 22837 I native-activity: Frame 264 time is 23.502ms
