04-13 01:14:13.314 27726 27760 I native-activity: Frame 606 GL error is 0x0
04-13 01:14:13.314 27726 27760 I native-activity: Frame 606 time is 10.110ms
04-13 01:14:13.314 27726 27760 I native-activity: Swap 606 time is 10.176ms
04-13 01:14:13.314 27726 27760 I native-activity: Animating
04-13 01:14:13.323 27726 27760 I native-activity: Frame 607 GL error is 0x0
04-13 01:14:13.323 27726 27760 I native-activity: Frame 607 time is 9.435ms
04-13 01:14:13.323 27726 27760 I native-activity: Swap 607 time is 9.501ms
04-13 01:14:13.323 27726 27760 I native-activity: Animating
04-13 01:14:13.333 27726 27760 I native-activity: Frame 608 GL error is 0x0
04-13 01:14:13.333 27726 27760 I native-activity: Frame 608 time is 9.526ms
04-13 01:14:13.333 27726 27760 I native-activity: Swap 608 time is 9.592ms
04-13 01:14:13.333 27726 27760 I native-activity: Animating
04-13 01:14:13.345 27726 27760 I native-activity: Frame 609 GL error is 0x0
04-13 01:14:13.345 27726 27760 I native-activity: Frame 609 time is 11.506ms
04-13 01:14:13.345 27726 27760 I native-activity: Swap 609 time is 11.573ms
04-13 01:14:13.345 27726 27760 I native-activity: Animating
04-13 01:14:13.358 27726 27760 I native-activity: Frame 610 GL error is 0x0
04-13 01:14:13.358 27726 27760 I native-activity: Frame 610 time is 13.560ms
04-13 01:14:13.358 27726 27760 I native-activity: Swap 610 time is 13.629ms
04-13 01:14:13.359 27726 27760 I native-activity: Animating
04-13 01:14:13.370 27726 27760 I native-activity: Frame 611 GL error is 0x0
04-13 01:14:13.370 27726 27760 I native-activity: Frame 611 time is 11.056ms
04-13 01:14:13.370 27726 27760 I native-activity: Swap 611 time is 11.123ms
04-13 01:14:13.370 27726 27760 I native-activity: Animating
04-13 01:14:13.380 27726 27760 I native-activity: Frame 612 GL error is 0x0
04-13 01:14:13.380 27726 27760 I native-activity: Frame 612 time is 10.036ms
04-13 01:14:13.380 27726 27760 I native-activity: Swap 612 time is 10.131ms
04-13 01:14:13.380 27726 27760 I native-activity: Animating
04-13 01:14:13.408 27726 27760 I native-activity: Frame 613 GL error is 0x0
04-13 01:14:13.408 27726 27760 I native-activity: Frame 613 time is 28.219ms
04-13 01:14:13.408 27726 27760 I native-activity: Swap 613 time is 28.288ms
04-13 01:14:13.408 27726 27760 I native-activity: Animating
04-13 01:14:13.420 27726 27760 I native-activity: Frame 614 GL error is 0x0
04-13 01:14:13.420 27726 27760 I native-activity: Frame 614 time is 11.687ms
04-13 01:14:13.420 27726 27760 I native-activity: Swap 614 time is 11.756ms
04-13 01:14:13.420 27726 27760 I native-activity: Animating
04-13 01:14:13.428 27726 27760 I native-activity: Frame 615 GL error is 0x0
04-13 01:14:13.428 27726 27760 I native-activity: Frame 615 time is 7.872ms
04-13 01:14:13.428 27726 27760 I native-activity: Swap 615 time is 7.938ms
04-13 01:14:13.428 27726 27760 I native-activity: Animating
04-13 01:14:13.436 27726 27760 I native-activity: Frame 616 GL error is 0x0
04-13 01:14:13.436 27726 27760 I native-activity: Frame 616 time is 7.752ms
04-13 01:14:13.436 27726 27760 I native-activity: Swap 616 time is 7.819ms
04-13 01:14:13.436 27726 27760 I native-activity: Animating
04-13 01:14:13.444 27726 27760 I native-activity: Frame 617 GL error is 0x0
04-13 01:14:13.444 27726 27760 I native-activity: Frame 617 time is 7.589ms
04-13 01:14:13.444 27726 27760 I native-activity: Swap 617 time is 7.655ms
04-13 01:14:13.444 27726 27760 I native-activity: Animating
04-13 01:14:13.452 27726 27760 I native-activity: Frame 618 GL error is 0x0
04-13 01:14:13.452 27726 27760 I native-activity: Frame 618 time is 7.757ms
04-13 01:14:13.452 27726 27760 I native-activity: Swap 618 time is 7.822ms
04-13 01:14:13.452 27726 27760 I native-activity: Animating
04-13 01:14:13.460 25557 26343 I DCP     : [JsonCallExecutor][CallExecutor][9fb31c08-46c8-404c-8b58-83a8504f73bb][Auth]Received response code 200 OK. Total time = 297 ms. Handshake = 42 ms. Upload = 0 ms (0 bytes). Latency = 252 ms. Download = 1 ms (425 bytes).
04-13 01:14:13.460 27726 27760 I native-activity: Frame 619 GL error is 0x0
04-13 01:14:13.460 27726 27760 I native-activity: Frame 619 time is 7.877ms
04-13 01:14:13.460 27726 27760 I native-activity: Swap 619 time is 7.948ms
04-13 01:14:13.460 27726 27760 I native-activity: Animating
04-13 01:14:13.461   917  1764 D WifiService: releaseWifiLockLocked: WifiLock{com.amazon.dcp.framework.iuc.ConnectionEstablisherWithConnectivityEnforcement type=1 binder=android.os.BinderProxy@19e036f6}
04-13 01:14:13.468 27726 27760 I native-activity: Frame 620 GL error is 0x0
04-13 01:14:13.468 27726 27760 I native-activity: Frame 620 time is 7.966ms
04-13 01:14:13.468 27726 27760 I native-activity: Swap 620 time is 8.038ms
04-13 01:14:13.468 27726 27760 I native-activity: Animating
04-13 01:14:13.476 27726 27760 I native-activity: Frame 621 GL error is 0x0
04-13 01:14:13.476 27726 27760 I native-activity: Frame 621 time is 7.939ms
04-13 01:14:13.476 27726 27760 I native-activity: Swap 621 time is 8.008ms
04-13 01:14:13.476 27726 27760 I native-activity: Animating
04-13 01:14:13.484 27726 27760 I native-activity: Frame 622 GL error is 0x0
04-13 01:14:13.484 27726 27760 I native-activity: Frame 622 time is 8.246ms
04-13 01:14:13.485 27726 27760 I native-activity: Swap 622 time is 8.569ms
04-13 01:14:13.485 27726 27760 I native-activity: Animating
04-13 01:14:13.493 27726 27760 I native-activity: Frame 623 GL error is 0x0
04-13 01:14:13.493 27726 27760 I native-activity: Frame 623 time is 8.518ms
04-13 01:14:13.493 27726 27760 I native-activity: Swap 623 time is 8.586ms
04-13 01:14:13.493 27726 27760 I native-activity: Animating
04-13 01:14:13.502 27726 27760 I native-activity: Frame 624 GL error is 0x0
04-13 01:14:13.502 27726 27760 I native-activity: Frame 624 time is 8.202ms
04-13 01:14:13.502 27726 27760 I native-activity: Swap 624 time is 8.271ms
04-13 01:14:13.502 27726 27760 I native-activity: Animating
04-13 01:14:13.510 27726 27760 I native-activity: Frame 625 GL error is 0x0
04-13 01:14:13.510 27726 27760 I native-activity: Frame 625 time is 7.903ms
04-13 01:14:13.510 27726 27760 I native-activity: Swap 625 time is 7.978ms
04-13 01:14:13.510 27726 27760 I native-activity: Animating
04-13 01:14:13.518 27726 27760 I native-activity: Frame 626 GL error is 0x0
04-13 01:14:13.518 27726 27760 I native-activity: Frame 626 time is 7.965ms
04-13 01:14:13.518 27726 27760 I native-activity: Swap 626 time is 8.039ms
04-13 01:14:13.518 27726 27760 I native-activity: Animating
04-13 01:14:13.527 27726 27760 I native-activity: Frame 627 GL error is 0x0
04-13 01:14:13.527 27726 27760 I native-activity: Frame 627 time is 8.623ms
04-13 01:14:13.527 27726 27760 I native-activity: Swap 627 time is 8.696ms
04-13 01:14:13.527 27726 27760 I native-activity: Animating
04-13 01:14:13.536 27726 27760 I native-activity: Frame 628 GL error is 0x0
04-13 01:14:13.536 27726 27760 I native-activity: Frame 628 time is 8.961ms
04-13 01:14:13.536 27726 27760 I native-activity: Swap 628 time is 9.039ms
04-13 01:14:13.536 27726 27760 I native-activity: Animating
04-13 01:14:13.544 27726 27760 I native-activity: Frame 629 GL error is 0x0
04-13 01:14:13.544 27726 27760 I native-activity: Frame 629 time is 7.744ms
04-13 01:14:13.544 27726 27760 I native-activity: Swap 629 time is 7.813ms
04-13 01:14:13.544 27726 27760 I native-activity: Animating
04-13 01:14:13.552 27726 27760 I native-activity: Frame 630 GL error is 0x0
04-13 01:14:13.552 27726 27760 I native-activity: Frame 630 time is 7.967ms
04-13 01:14:13.552 27726 27760 I native-activity: Swap 630 time is 8.034ms
04-13 01:14:13.552 27726 27760 I native-activity: Animating
04-13 01:14:13.560 27726 27760 I native-activity: Frame 631 GL error is 0x0
04-13 01:14:13.560 27726 27760 I native-activity: Frame 631 time is 7.761ms
04-13 01:14:13.560 27726 27760 I native-activity: Swap 631 time is 7.831ms
04-13 01:14:13.560 27726 27760 I native-activity: Animating
04-13 01:14:13.568 27726 27760 I native-activity: Frame 632 GL error is 0x0
04-13 01:14:13.568 27726 27760 I native-activity: Frame 632 time is 7.574ms
04-13 01:14:13.568 27726 27760 I native-activity: Swap 632 time is 7.644ms
04-13 01:14:13.568 27726 27760 I native-activity: Animating
04-13 01:14:13.576 27726 27760 I native-activity: Frame 633 GL error is 0x0
04-13 01:14:13.576 27726 27760 I native-activity: Frame 633 time is 8.281ms
04-13 01:14:13.576 27726 27760 I native-activity: Swap 633 time is 8.348ms
04-13 01:14:13.576 27726 27760 I native-activity: Animating
04-13 01:14:13.585 27726 27760 I native-activity: Frame 634 GL error is 0x0
04-13 01:14:13.585 27726 27760 I native-activity: Frame 634 time is 8.445ms
04-13 01:14:13.585 27726 27760 I native-activity: Swap 634 time is 8.514ms
04-13 01:14:13.585 27726 27760 I native-activity: Animating
04-13 01:14:13.594 27726 27760 I native-activity: Frame 635 GL error is 0x0
04-13 01:14:13.594 27726 27760 I native-activity: Frame 635 time is 8.702ms
04-13 01:14:13.594 27726 27760 I native-activity: Swap 635 time is 8.770ms
04-13 01:14:13.594 27726 27760 I native-activity: Animating
04-13 01:14:13.603 27726 27760 I native-activity: Frame 636 GL error is 0x0
04-13 01:14:13.604 27726 27760 I native-activity: Frame 636 time is 9.674ms
04-13 01:14:13.604 27726 27760 I native-activity: Swap 636 time is 9.744ms
04-13 01:14:13.604 27726 27760 I native-activity: Animating
04-13 01:14:13.614 27726 27760 I native-activity: Frame 637 GL error is 0x0
04-13 01:14:13.614 27726 27760 I native-activity: Frame 637 time is 10.631ms
04-13 01:14:13.614 27726 27760 I native-activity: Swap 637 time is 10.700ms
04-13 01:14:13.614 27726 27760 I native-activity: Animating
04-13 01:14:13.625 27726 27760 I native-activity: Frame 638 GL error is 0x0
04-13 01:14:13.625 27726 27760 I native-activity: Frame 638 time is 10.421ms
04-13 01:14:13.625 27726 27760 I native-activity: Swap 638 time is 10.491ms
04-13 01:14:13.625 27726 27760 I native-activity: Animating
04-13 01:14:13.636 27726 27760 I native-activity: Frame 639 GL error is 0x0
04-13 01:14:13.636 27726 27760 I native-activity: Frame 639 time is 11.332ms
04-13 01:14:13.637 27726 27760 I native-activity: Swap 639 time is 11.403ms
04-13 01:14:13.637 27726 27760 I native-activity: Animating
04-13 01:14:13.649 27726 27760 I native-activity: Frame 640 GL error is 0x0
04-13 01:14:13.649 27726 27760 I native-activity: Frame 640 time is 12.376ms
04-13 01:14:13.649 27726 27760 I native-activity: Swap 640 time is 12.452ms
04-13 01:14:13.649 27726 27760 I native-activity: Animating
04-13 01:14:13.662 27726 27760 I native-activity: Frame 641 GL error is 0x0
04-13 01:14:13.662 27726 27760 I native-activity: Frame 641 time is 13.201ms
04-13 01:14:13.662 27726 27760 I native-activity: Swap 641 time is 13.271ms
04-13 01:14:13.663 27726 27760 I native-activity: Animating
04-13 01:14:13.675 27726 27760 I native-activity: Frame 642 GL error is 0x0
04-13 01:14:13.675 27726 27760 I native-activity: Frame 642 time is 12.362ms
04-13 01:14:13.675 27726 27760 I native-activity: Swap 642 time is 12.437ms
04-13 01:14:13.675 27726 27760 I native-activity: Animating
04-13 01:14:13.688 27726 27760 I native-activity: Frame 643 GL error is 0x0
04-13 01:14:13.688 27726 27760 I native-activity: Frame 643 time is 12.960ms
04-13 01:14:13.688 27726 27760 I native-activity: Swap 643 time is 13.029ms
04-13 01:14:13.688 27726 27760 I native-activity: Animating
04-13 01:14:13.710 27726 27760 I native-activity: Frame 644 GL error is 0x0
04-13 01:14:13.710 27726 27760 I native-activity: Frame 644 time is 21.686ms
04-13 01:14:13.710 27726 27760 I native-activity: Swap 644 time is 21.757ms
04-13 01:14:13.710 27726 27760 I native-activity: Animating
04-13 01:14:13.725 27726 27760 I native-activity: Frame 645 GL error is 0x0
04-13 01:14:13.725 27726 27760 I native-activity: Frame 645 time is 14.874ms
04-13 01:14:13.725 27726 27760 I native-activity: Swap 645 time is 14.946ms
04-13 01:14:13.725 27726 27760 I native-activity: Animating
04-13 01:14:13.732 25557 26348 I DCP     : Sending 0 dataset update for 'CloudCollections' namespace
04-13 01:14:13.739 27726 27760 I native-activity: Frame 646 GL error is 0x0
04-13 01:14:13.739 27726 27760 I native-activity: Frame 646 time is 13.693ms
04-13 01:14:13.739 27726 27760 I native-activity: Swap 646 time is 13.762ms
04-13 01:14:13.739 27726 27760 I native-activity: Animating
04-13 01:14:13.752 27726 27760 I native-activity: Frame 647 GL error is 0x0
04-13 01:14:13.752 27726 27760 I native-activity: Frame 647 time is 12.934ms
04-13 01:14:13.752 27726 27760 I native-activity: Swap 647 time is 13.003ms
04-13 01:14:13.752 27726 27760 I native-activity: Animating
04-13 01:14:13.755 25557 25643 V AmazonCMS: SyncClient - [SYNC] Syncing Namespace: [*****]
04-13 01:14:13.765 27726 27760 I native-activity: Frame 648 GL error is 0x0
04-13 01:14:13.765 27726 27760 I native-activity: Frame 648 time is 12.634ms
04-13 01:14:13.765 27726 27760 I native-activity: Swap 648 time is 12.706ms
04-13 01:14:13.765 27726 27760 I native-activity: Animating
04-13 01:14:13.774 25557 26350 I DCP     : Sending 0 dataset update for 'CloudCollections.Items' namespace
04-13 01:14:13.778 27726 27760 I native-activity: Frame 649 GL error is 0x0
04-13 01:14:13.778 27726 27760 I native-activity: Frame 649 time is 13.081ms
04-13 01:14:13.778 27726 27760 I native-activity: Swap 649 time is 13.149ms
04-13 01:14:13.778 27726 27760 I native-activity: Animating
04-13 01:14:13.791 27726 27760 I native-activity: Frame 650 GL error is 0x0
04-13 01:14:13.791 27726 27760 I native-activity: Frame 650 time is 13.047ms
04-13 01:14:13.791 27726 27760 I native-activity: Swap 650 time is 13.116ms
04-13 01:14:13.791 27726 27760 I native-activity: Animating
04-13 01:14:13.803 27726 27760 I native-activity: Frame 651 GL error is 0x0
04-13 01:14:13.803 27726 27760 I native-activity: Frame 651 time is 12.057ms
04-13 01:14:13.803 27726 27760 I native-activity: Swap 651 time is 12.124ms
04-13 01:14:13.804 27726 27760 I native-activity: Animating
04-13 01:14:13.815 27726 27760 I native-activity: Frame 652 GL error is 0x0
04-13 01:14:13.815 27726 27760 I native-activity: Frame 652 time is 11.484ms
04-13 01:14:13.815 27726 27760 I native-activity: Swap 652 time is 11.550ms
04-13 01:14:13.815 27726 27760 I native-activity: Animating
04-13 01:14:13.827 27726 27760 I native-activity: Frame 653 GL error is 0x0
04-13 01:14:13.827 27726 27760 I native-activity: Frame 653 time is 11.591ms
04-13 01:14:13.827 27726 27760 I native-activity: Swap 653 time is 11.657ms
04-13 01:14:13.827 27726 27760 I native-activity: Animating
04-13 01:14:13.838 27726 27760 I native-activity: Frame 654 GL error is 0x0
04-13 01:14:13.838 27726 27760 I native-activity: Frame 654 time is 10.696ms
04-13 01:14:13.838 27726 27760 I native-activity: Swap 654 time is 10.763ms
04-13 01:14:13.838 27726 27760 I native-activity: Animating
04-13 01:14:13.848 27726 27760 I native-activity: Frame 655 GL error is 0x0
04-13 01:14:13.849 27726 27760 I native-activity: Frame 655 time is 10.704ms
04-13 01:14:13.849 27726 27760 I native-activity: Swap 655 time is 10.770ms
04-13 01:14:13.849 27726 27760 I native-activity: Animating
04-13 01:14:13.830  2159  2159 I Kernel  : [47292.511020].(0)[2159:wpa_supplicant]poorlink get state G(363208)F(49)dbad(0)dretry(0)LT(810)RT(-74)W(0)(12855)
04-13 01:14:13.850   917  1642 D ConnectivityService: updateNetworkScore for NetworkAgentInfo [WIFI () - 100] to 60
04-13 01:14:13.850   917  1642 D ConnectivityService: rematching NetworkAgentInfo [WIFI () - 100]
04-13 01:14:13.850   917  1642 D ConnectivityService: Network NetworkAgentInfo [WIFI () - 100] was already satisfying request 1. No change.
04-13 01:14:13.840  2137  2137 I Kernel  : [47292.512609][wlan] nicTxReleaseResource: (TX STATE)
04-13 01:14:13.850   917  1642 D ConnectivityService: notifyType AVAILABLE for NetworkAgentInfo [WIFI () - 100]
04-13 01:14:13.840  2137  2137 I Kernel  : Release: TC4 count 1, Free=4; TC5 count 0, Free=4
04-13 01:14:13.851  1787  2595 D ConnectivityManager.CallbackHandler: CM callback handler got msg 524290
04-13 01:14:13.852 26104 26333 D ConnectivityManager.CallbackHandler: CM callback handler got msg 524290
04-13 01:14:13.852 27188 27323 D ConnectivityManager.CallbackHandler: CM callback handler got msg 524290
04-13 01:14:13.861 27726 27760 I native-activity: Frame 656 GL error is 0x0
04-13 01:14:13.862 27726 27760 I native-activity: Frame 656 time is 12.863ms
04-13 01:14:13.862 27726 27760 I native-activity: Swap 656 time is 12.928ms
04-13 01:14:13.862 27726 27760 I native-activity: Animating
04-13 01:14:13.872 27726 27760 I native-activity: Frame 657 GL error is 0x0
04-13 01:14:13.872 27726 27760 I native-activity: Frame 657 time is 10.338ms
04-13 01:14:13.872 27726 27760 I native-activity: Swap 657 time is 10.404ms
04-13 01:14:13.872 27726 27760 I native-activity: Animating
04-13 01:14:13.883 27726 27760 I native-activity: Frame 658 GL error is 0x0
04-13 01:14:13.883 27726 27760 I native-activity: Frame 658 time is 10.499ms
04-13 01:14:13.883 27726 27760 I native-activity: Swap 658 time is 10.565ms
04-13 01:14:13.883 27726 27760 I native-activity: Animating
04-13 01:14:13.893 27726 27760 I native-activity: Frame 659 GL error is 0x0
04-13 01:14:13.893 27726 27760 I native-activity: Frame 659 time is 10.351ms
04-13 01:14:13.893 27726 27760 I native-activity: Swap 659 time is 10.418ms
04-13 01:14:13.893 27726 27760 I native-activity: Animating
04-13 01:14:13.904 27726 27760 I native-activity: Frame 660 GL error is 0x0
04-13 01:14:13.904 27726 27760 I native-activity: Frame 660 time is 10.434ms
04-13 01:14:13.904 27726 27760 I native-activity: Swap 660 time is 10.500ms
04-13 01:14:13.904 27726 27760 I native-activity: Animating
04-13 01:14:13.914 27726 27760 I native-activity: Frame 661 GL error is 0x0
04-13 01:14:13.914 27726 27760 I native-activity: Frame 661 time is 10.271ms
04-13 01:14:13.914 27726 27760 I native-activity: Swap 661 time is 10.338ms
04-13 01:14:13.914 27726 27760 I native-activity: Animating
04-13 01:14:13.924 27726 27760 I native-activity: Frame 662 GL error is 0x0
04-13 01:14:13.924 27726 27760 I native-activity: Frame 662 time is 9.866ms
04-13 01:14:13.924 27726 27760 I native-activity: Swap 662 time is 9.931ms
04-13 01:14:13.924 27726 27760 I native-activity: Animating
04-13 01:14:13.934 27726 27760 I native-activity: Frame 663 GL error is 0x0
04-13 01:14:13.934 27726 27760 I native-activity: Frame 663 time is 10.031ms
04-13 01:14:13.934 27726 27760 I native-activity: Swap 663 time is 10.096ms
04-13 01:14:13.935 27726 27760 I native-activity: Animating
04-13 01:14:13.947 27726 27760 I native-activity: Frame 664 GL error is 0x0
04-13 01:14:13.947 27726 27760 I native-activity: Frame 664 time is 12.448ms
04-13 01:14:13.947 27726 27760 I native-activity: Swap 664 time is 12.516ms
04-13 01:14:13.947 27726 27760 I native-activity: Animating
04-13 01:14:13.957 27726 27760 I native-activity: Frame 665 GL error is 0x0
04-13 01:14:13.957 27726 27760 I native-activity: Frame 665 time is 10.114ms
04-13 01:14:13.957 27726 27760 I native-activity: Swap 665 time is 10.180ms
04-13 01:14:13.957 27726 27760 I native-activity: Animating
04-13 01:14:13.967 27726 27760 I native-activity: Frame 666 GL error is 0x0
04-13 01:14:13.967 27726 27760 I native-activity: Frame 666 time is 10.077ms
04-13 01:14:13.968 27726 27760 I native-activity: Swap 666 time is 10.145ms
04-13 01:14:13.968 27726 27760 I native-activity: Animating
04-13 01:14:13.977 27726 27760 I native-activity: Frame 667 GL error is 0x0
04-13 01:14:13.977 27726 27760 I native-activity: Frame 667 time is 9.732ms
04-13 01:14:13.977 27726 27760 I native-activity: Swap 667 time is 9.797ms
04-13 01:14:13.978 27726 27760 I native-activity: Animating
04-13 01:14:13.987 27726 27760 I native-activity: Frame 668 GL error is 0x0
04-13 01:14:13.988 27726 27760 I native-activity: Frame 668 time is 9.967ms
04-13 01:14:13.988 27726 27760 I native-activity: Swap 668 time is 10.034ms
04-13 01:14:13.988 27726 27760 I native-activity: Animating
04-13 01:14:13.997 27726 27760 I native-activity: Frame 669 GL error is 0x0
04-13 01:14:13.997 27726 27760 I native-activity: Frame 669 time is 9.602ms
04-13 01:14:13.997 27726 27760 I native-activity: Swap 669 time is 9.669ms
04-13 01:14:13.997 27726 27760 I native-activity: Animating
04-13 01:14:14.007 27726 27760 I native-activity: Frame 670 GL error is 0x0
04-13 01:14:14.007 27726 27760 I native-activity: Frame 670 time is 9.930ms
04-13 01:14:14.007 27726 27760 I native-activity: Swap 670 time is 9.997ms
04-13 01:14:14.007 27726 27760 I native-activity: Animating
04-13 01:14:14.017 27726 27760 I native-activity: Frame 671 GL error is 0x0
04-13 01:14:14.017 27726 27760 I native-activity: Frame 671 time is 9.915ms
04-13 01:14:14.017 27726 27760 I native-activity: Swap 671 time is 9.982ms
04-13 01:14:14.018 27726 27760 I native-activity: Animating
04-13 01:14:14.028 27726 27760 I native-activity: Frame 672 GL error is 0x0
04-13 01:14:14.028 27726 27760 I native-activity: Frame 672 time is 10.003ms
04-13 01:14:14.028 27726 27760 I native-activity: Swap 672 time is 10.072ms
04-13 01:14:14.028 27726 27760 I native-activity: Animating
04-13 01:14:14.043 27726 27760 I native-activity: Frame 673 GL error is 0x0
04-13 01:14:14.044 27726 27760 I native-activity: Frame 673 time is 15.746ms
04-13 01:14:14.044 27726 27760 I native-activity: Swap 673 time is 15.813ms
04-13 01:14:14.044 27726 27760 I native-activity: Animating
04-13 01:14:14.052 27726 27760 I native-activity: Frame 674 GL error is 0x0
04-13 01:14:14.052 27726 27760 I native-activity: Frame 674 time is 8.160ms
04-13 01:14:14.052 27726 27760 I native-activity: Swap 674 time is 8.227ms
04-13 01:14:14.052 27726 27760 I native-activity: Animating
04-13 01:14:14.058 27726 27760 I native-activity: Frame 675 GL error is 0x0
04-13 01:14:14.058 27726 27760 I native-activity: Frame 675 time is 5.883ms
04-13 01:14:14.058 27726 27760 I native-activity: Swap 675 time is 5.947ms
04-13 01:14:14.058 27726 27760 I native-activity: Animating
04-13 01:14:14.064 27726 27760 I native-activity: Frame 676 GL error is 0x0
04-13 01:14:14.064 27726 27760 I native-activity: Frame 676 time is 5.927ms
04-13 01:14:14.064 27726 27760 I native-activity: Swap 676 time is 5.992ms
04-13 01:14:14.064 27726 27760 I native-activity: Animating
04-13 01:14:14.070 27726 27760 I native-activity: Frame 677 GL error is 0x0
04-13 01:14:14.070 27726 27760 I native-activity: Frame 677 time is 5.886ms
04-13 01:14:14.070 27726 27760 I native-activity: Swap 677 time is 5.951ms
04-13 01:14:14.070 27726 27760 I native-activity: Animating
04-13 01:14:14.075 27726 27760 I native-activity: Frame 678 GL error is 0x0
04-13 01:14:14.076 27726 27760 I native-activity: Frame 678 time is 5.495ms
04-13 01:14:14.076 27726 27760 I native-activity: Swap 678 time is 5.561ms
04-13 01:14:14.076 27726 27760 I native-activity: Animating
04-13 01:14:14.082 27726 27760 I native-activity: Frame 679 GL error is 0x0
04-13 01:14:14.082 27726 27760 I native-activity: Frame 679 time is 6.144ms
04-13 01:14:14.082 27726 27760 I native-activity: Swap 679 time is 6.206ms
04-13 01:14:14.082 27726 27760 I native-activity: Animating
04-13 01:14:14.090 27726 27760 I native-activity: Frame 680 GL error is 0x0
04-13 01:14:14.090 27726 27760 I native-activity: Frame 680 time is 8.291ms
04-13 01:14:14.090 27726 27760 I native-activity: Swap 680 time is 8.358ms
04-13 01:14:14.090 27726 27760 I native-activity: Animating
04-13 01:14:14.098 27726 27760 I native-activity: Frame 681 GL error is 0x0
04-13 01:14:14.099 27726 27760 I native-activity: Frame 681 time is 8.173ms
04-13 01:14:14.099 27726 27760 I native-activity: Swap 681 time is 8.238ms
04-13 01:14:14.099 27726 27760 I native-activity: Animating
04-13 01:14:14.109 27726 27760 I native-activity: Frame 682 GL error is 0x0
04-13 01:14:14.109 27726 27760 I native-activity: Frame 682 time is 10.571ms
04-13 01:14:14.109 27726 27760 I native-activity: Swap 682 time is 10.637ms
04-13 01:14:14.110 27726 27760 I native-activity: Animating
04-13 01:14:14.118 27726 27760 I native-activity: Frame 683 GL error is 0x0
04-13 01:14:14.118 27726 27760 I native-activity: Frame 683 time is 7.913ms
04-13 01:14:14.118 27726 27760 I native-activity: Swap 683 time is 7.980ms
04-13 01:14:14.118 27726 27760 I native-activity: Animating
04-13 01:14:14.126 27726 27760 I native-activity: Frame 684 GL error is 0x0
04-13 01:14:14.126 27726 27760 I native-activity: Frame 684 time is 8.301ms
04-13 01:14:14.126 27726 27760 I native-activity: Swap 684 time is 8.369ms
04-13 01:14:14.126 27726 27760 I native-activity: Animating
04-13 01:14:14.135 27726 27760 I native-activity: Frame 685 GL error is 0x0
04-13 01:14:14.135 27726 27760 I native-activity: Frame 685 time is 8.408ms
04-13 01:14:14.135 27726 27760 I native-activity: Swap 685 time is 8.474ms
04-13 01:14:14.135 27726 27760 I native-activity: Animating
04-13 01:14:14.143 27726 27760 I native-activity: Frame 686 GL error is 0x0
04-13 01:14:14.143 27726 27760 I native-activity: Frame 686 time is 8.548ms
04-13 01:14:14.143 27726 27760 I native-activity: Swap 686 time is 8.612ms
04-13 01:14:14.143 27726 27760 I native-activity: Animating
04-13 01:14:14.130 24946 24946 I Kernel  : [47292.801660].(0)[24946:kworker/0:1]virtual_sensor_thermal_get_temp mtktsbattery t=24000 a=7 o=-9500 w=437
04-13 01:14:14.130 24946 24946 I Kernel  : [47292.801730].(0)[24946:kworker/0:1]virtual_sensor_thermal_get_temp mtkts_bts t=29000 a=15 o=-1000 w=113
04-13 01:14:14.130 24946 24946 I Kernel  : [47292.802089].(0)[24946:kworker/0:1]virtual_sensor_thermal_get_temp mtktspmic t=44043 a=4 o=18000 w=450
04-13 01:14:14.130 24946 24946 I Kernel  : [47292.802114].(0)[24946:kworker/0:1][WMT-DEV][I]wmt_dev_tra_ahb_poll:**poll_during_time = 272030 > 3000, ahb_during_count = 2030 > 200, query
04-13 01:14:14.130 24946 24946 I Kernel  : [47292.802128].(0)[24946:kworker/0:1][WMT-DEV][I]wmt_dev_tm_temp_query:ahb traffic , we must query temperature..
04-13 01:14:14.130 24946 24946 I Kernel  : [47292.802147].(0)[24946:kworker/0:1][WMT-EXP][I]_mtk_wcn_wmt_therm_ctrl:OPID(15) type(1) start
04-13 01:14:14.130 24946 24946 I Kernel  : [47292.802172]-(0)[24946:kworker/0:1][STP-PSM] [I]_stp_psm_put_op: opId(1) enqueue
04-13 01:14:14.130   194   194 I Kernel  : [47292.802223].(0)[194:mtk_stp_psm][STP-PSM] [I]_stp_psm_get_op: last_active_opId(1)
04-13 01:14:14.152 27726 27760 I native-activity: Frame 687 GL error is 0x0
04-13 01:14:14.152 27726 27760 I native-activity: Frame 687 time is 8.562ms
04-13 01:14:14.152 27726 27760 I native-activity: Swap 687 time is 8.627ms
04-13 01:14:14.152 27726 27760 I native-activity: Animating
04-13 01:14:14.161 27726 27760 I native-activity: Frame 688 GL error is 0x0
04-13 01:14:14.161 27726 27760 I native-activity: Frame 688 time is 8.483ms
04-13 01:14:14.161 27726 27760 I native-activity: Swap 688 time is 8.549ms
04-13 01:14:14.161 27726 27760 I native-activity: Animating
04-13 01:14:14.169 27726 27760 I native-activity: Frame 689 GL error is 0x0
04-13 01:14:14.169 27726 27760 I native-activity: Frame 689 time is 7.793ms
04-13 01:14:14.169 27726 27760 I native-activity: Swap 689 time is 7.860ms
04-13 01:14:14.169 27726 27760 I native-activity: Animating
04-13 01:14:14.160 24946 24946 I Kernel  : [47292.831610].(0)[24946:kworker/0:1][STP-PSM] [I]_stp_psm_do_wait: STP is waiting state for ACT, i=1, state = 0
04-13 01:14:14.160   197   197 I Kernel  : [47292.832452].(0)[197:mtk_wmtd][WMT-CORE][I]opfunc_therm_ctrl:Send WMT_THERM_CTRL_CMD command OK!
04-13 01:14:14.160 24946 24946 I Kernel  : [47292.832516].(0)[24946:kworker/0:1][WMT-EXP][I]_mtk_wcn_wmt_therm_ctrl:OPID(15) type(1) return(1) ok
04-13 01:14:14.160 24946 24946 I Kernel  : [47292.832516]
04-13 01:14:14.160 24946 24946 I Kernel  : [47292.832538].(0)[24946:kworker/0:1][WMT-EXP][I]_mtk_wcn_wmt_therm_ctrl:OPID(15) type(2) start
04-13 01:14:14.160   197   197 I Kernel  : [47292.833380].(0)[197:mtk_wmtd][WMT-CORE][I]opfunc_therm_ctrl:Send WMT_THERM_READ_CMD command OK!
04-13 01:14:14.160 24946 24946 I Kernel  : [47292.833449].(0)[24946:kworker/0:1][WMT-EXP][I]_mtk_wcn_wmt_therm_ctrl:OPID(15) type(2) return(31) ok
04-13 01:14:14.160 24946 24946 I Kernel  : [47292.833449]
04-13 01:14:14.160 24946 24946 I Kernel  : [47292.833472].(0)[24946:kworker/0:1][WMT-EXP][I]_mtk_wcn_wmt_therm_ctrl:OPID(15) type(3) start
04-13 01:14:14.160   197   197 I Kernel  : [47292.834206].(0)[197:mtk_wmtd][WMT-CORE][I]opfunc_therm_ctrl:Send WMT_THERM_CTRL_CMD command OK!
04-13 01:14:14.160 24946 24946 I Kernel  : [47292.834260].(0)[24946:kworker/0:1][WMT-EXP][I]_mtk_wcn_wmt_therm_ctrl:OPID(15) type(3) return(1) ok
04-13 01:14:14.160 24946 24946 I Kernel  : [47292.834260]
04-13 01:14:14.160 24946 24946 I Kernel  : [47292.834292]-(0)[24946:kworker/0:1][STP-PSM] [I]_stp_psm_put_op: opId(0) enqueue
04-13 01:14:14.160 24946 24946 I Kernel  : [47292.834309].(0)[24946:kworker/0:1][WMT-DEV][I]wmt_dev_tm_temp_query:[Thermal] current_temp = 0x1f 
04-13 01:14:14.160 24946 24946 I Kernel  : [47292.834328].(0)[24946:kworker/0:1]virtual_sensor_thermal_get_temp mtktswmt t=31000 a=1000 o=-5000 w=0
04-13 01:14:14.160   194   194 I Kernel  : [47292.834382].(0)[194:mtk_stp_psm][STP-PSM] [I]_stp_psm_get_op: last_active_opId(0)
04-13 01:14:14.179 27726 27760 I native-activity: Frame 690 GL error is 0x0
04-13 01:14:14.179 27726 27760 I native-activity: Frame 690 time is 10.307ms
04-13 01:14:14.179 27726 27760 I native-activity: Swap 690 time is 10.375ms
04-13 01:14:14.179 27726 27760 I native-activity: Animating
04-13 01:14:14.187 27726 27760 I native-activity: Frame 691 GL error is 0x0
04-13 01:14:14.187 27726 27760 I native-activity: Frame 691 time is 7.815ms
04-13 01:14:14.187 27726 27760 I native-activity: Swap 691 time is 7.878ms
04-13 01:14:14.187 27726 27760 I native-activity: Animating
04-13 01:14:14.195 27726 27760 I native-activity: Frame 692 GL error is 0x0
04-13 01:14:14.195 27726 27760 I native-activity: Frame 692 time is 8.199ms
04-13 01:14:14.195 27726 27760 I native-activity: Swap 692 time is 8.266ms
04-13 01:14:14.196 27726 27760 I native-activity: Animating
04-13 01:14:14.203 27726 27760 I native-activity: Frame 693 GL error is 0x0
04-13 01:14:14.203 27726 27760 I native-activity: Frame 693 time is 7.906ms
04-13 01:14:14.204 27726 27760 I native-activity: Swap 693 time is 7.971ms
04-13 01:14:14.204 27726 27760 I native-activity: Animating
04-13 01:14:14.212 27726 27760 I native-activity: Frame 694 GL error is 0x0
04-13 01:14:14.212 27726 27760 I native-activity: Frame 694 time is 8.067ms
04-13 01:14:14.212 27726 27760 I native-activity: Swap 694 time is 8.132ms
04-13 01:14:14.212 27726 27760 I native-activity: Animating
04-13 01:14:14.217 27726 27760 I native-activity: Frame 695 GL error is 0x0
04-13 01:14:14.217 27726 27760 I native-activity: Frame 695 time is 5.554ms
04-13 01:14:14.217 27726 27760 I native-activity: Swap 695 time is 5.618ms
04-13 01:14:14.217 27726 27760 I native-activity: Animating
04-13 01:14:14.223 27726 27760 I native-activity: Frame 696 GL error is 0x0
04-13 01:14:14.223 27726 27760 I native-activity: Frame 696 time is 5.613ms
04-13 01:14:14.223 27726 27760 I native-activity: Swap 696 time is 5.678ms
04-13 01:14:14.223 27726 27760 I native-activity: Animating
04-13 01:14:14.229 27726 27760 I native-activity: Frame 697 GL error is 0x0
04-13 01:14:14.229 27726 27760 I native-activity: Frame 697 time is 5.474ms
04-13 01:14:14.229 27726 27760 I native-activity: Swap 697 time is 5.538ms
04-13 01:14:14.229 27726 27760 I native-activity: Animating
04-13 01:14:14.235 27726 27760 I native-activity: Frame 698 GL error is 0x0
04-13 01:14:14.235 27726 27760 I native-activity: Frame 698 time is 5.851ms
04-13 01:14:14.235 27726 27760 I native-activity: Swap 698 time is 5.916ms
04-13 01:14:14.235 27726 27760 I native-activity: Animating
04-13 01:14:14.241 27726 27760 I native-activity: Frame 699 GL error is 0x0
04-13 01:14:14.241 27726 27760 I native-activity: Frame 699 time is 5.834ms
04-13 01:14:14.241 27726 27760 I native-activity: Swap 699 time is 5.899ms
04-13 01:14:14.241 27726 27760 I native-activity: Animating
04-13 01:14:14.247 27726 27760 I native-activity: Frame 700 GL error is 0x0
04-13 01:14:14.247 27726 27760 I native-activity: Frame 700 time is 5.865ms
04-13 01:14:14.247 27726 27760 I native-activity: Swap 700 time is 5.931ms
04-13 01:14:14.247 27726 27760 I native-activity: Animating
04-13 01:14:14.253 27726 27760 I native-activity: Frame 701 GL error is 0x0
04-13 01:14:14.253 27726 27760 I native-activity: Frame 701 time is 6.050ms
04-13 01:14:14.253 27726 27760 I native-activity: Swap 701 time is 6.116ms
04-13 01:14:14.253 27726 27760 I native-activity: Animating
04-13 01:14:14.259 27726 27760 I native-activity: Frame 702 GL error is 0x0
04-13 01:14:14.259 27726 27760 I native-activity: Frame 702 time is 6.023ms
04-13 01:14:14.259 27726 27760 I native-activity: Swap 702 time is 6.086ms
04-13 01:14:14.259 27726 27760 I native-activity: Animating
04-13 01:14:14.266 27726 27760 I native-activity: Frame 703 GL error is 0x0
04-13 01:14:14.266 27726 27760 I native-activity: Frame 703 time is 6.492ms
04-13 01:14:14.266 27726 27760 I native-activity: Swap 703 time is 6.556ms
04-13 01:14:14.266 27726 27760 I native-activity: Animating
04-13 01:14:14.272 27726 27760 I native-activity: Frame 704 GL error is 0x0
04-13 01:14:14.272 27726 27760 I native-activity: Frame 704 time is 6.464ms
04-13 01:14:14.272 27726 27760 I native-activity: Swap 704 time is 6.529ms
04-13 01:14:14.272 27726 27760 I native-activity: Animating
04-13 01:14:14.260    82    82 I Kernel  : [47292.936894].(3)[82:mtk charger_hv_]charging_reset_watch_dog_timer
04-13 01:14:14.260    82    82 I Kernel  : [47292.937808].(0)[82:mtk charger_hv_]array_size = 16 
04-13 01:14:14.280 27726 27760 I native-activity: Frame 705 GL error is 0x0
04-13 01:14:14.280 27726 27760 I native-activity: Frame 705 time is 7.613ms
04-13 01:14:14.280 27726 27760 I native-activity: Swap 705 time is 7.677ms
04-13 01:14:14.280 27726 27760 I native-activity: Animating
04-13 01:14:14.287 27726 27760 I native-activity: Frame 706 GL error is 0x0
04-13 01:14:14.287 27726 27760 I native-activity: Frame 706 time is 7.165ms
04-13 01:14:14.287 27726 27760 I native-activity: Swap 706 time is 7.232ms
04-13 01:14:14.287 27726 27760 I native-activity: Animating
04-13 01:14:14.295 27726 27760 I native-activity: Frame 707 GL error is 0x0
04-13 01:14:14.295 27726 27760 I native-activity: Frame 707 time is 7.410ms
04-13 01:14:14.295 27726 27760 I native-activity: Swap 707 time is 7.476ms
04-13 01:14:14.295 27726 27760 I native-activity: Animating
04-13 01:14:14.302 27726 27760 I native-activity: Frame 708 GL error is 0x0
04-13 01:14:14.302 27726 27760 I native-activity: Frame 708 time is 7.183ms
04-13 01:14:14.302 27726 27760 I native-activity: Swap 708 time is 7.249ms
04-13 01:14:14.302 27726 27760 I native-activity: Animating
04-13 01:14:14.310 27726 27760 I native-activity: Frame 709 GL error is 0x0
04-13 01:14:14.310 27726 27760 I native-activity: Frame 709 time is 7.306ms
04-13 01:14:14.310 27726 27760 I native-activity: Swap 709 time is 7.371ms
04-13 01:14:14.310 27726 27760 I native-activity: Animating
04-13 01:14:14.317 27726 27760 I native-activity: Frame 710 GL error is 0x0
04-13 01:14:14.317 27726 27760 I native-activity: Frame 710 time is 7.261ms
04-13 01:14:14.317 27726 27760 I native-activity: Swap 710 time is 7.326ms
04-13 01:14:14.317 27726 27760 I native-activity: Animating
04-13 01:14:14.324 27726 27760 I native-activity: Frame 711 GL error is 0x0
04-13 01:14:14.325 27726 27760 I native-activity: Frame 711 time is 7.298ms
04-13 01:14:14.325 27726 27760 I native-activity: Swap 711 time is 7.363ms
04-13 01:14:14.325 27726 27760 I native-activity: Animating
04-13 01:14:14.334 27726 27760 I native-activity: Frame 712 GL error is 0x0
04-13 01:14:14.334 27726 27760 I native-activity: Frame 712 time is 9.406ms
04-13 01:14:14.334 27726 27760 I native-activity: Swap 712 time is 9.472ms
04-13 01:14:14.334 27726 27760 I native-activity: Animating
04-13 01:14:14.345 27726 27760 I native-activity: Frame 713 GL error is 0x0
04-13 01:14:14.345 27726 27760 I native-activity: Frame 713 time is 10.753ms
04-13 01:14:14.345 27726 27760 I native-activity: Swap 713 time is 10.819ms
04-13 01:14:14.345 27726 27760 I native-activity: Animating
04-13 01:14:14.357 27726 27760 I native-activity: Frame 714 GL error is 0x0
04-13 01:14:14.357 27726 27760 I native-activity: Frame 714 time is 11.498ms
04-13 01:14:14.357 27726 27760 I native-activity: Swap 714 time is 11.565ms
04-13 01:14:14.357 27726 27760 I native-activity: Animating
04-13 01:14:14.367 27726 27760 I native-activity: Frame 715 GL error is 0x0
04-13 01:14:14.367 27726 27760 I native-activity: Frame 715 time is 10.697ms
04-13 01:14:14.368 27726 27760 I native-activity: Swap 715 time is 10.764ms
04-13 01:14:14.368 27726 27760 I native-activity: Animating
04-13 01:14:14.379 27726 27760 I native-activity: Frame 716 GL error is 0x0
04-13 01:14:14.379 27726 27760 I native-activity: Frame 716 time is 11.082ms
04-13 01:14:14.379 27726 27760 I native-activity: Swap 716 time is 11.149ms
04-13 01:14:14.379 27726 27760 I native-activity: Animating
04-13 01:14:14.390 27726 27760 I native-activity: Frame 717 GL error is 0x0
04-13 01:14:14.390 27726 27760 I native-activity: Frame 717 time is 10.795ms
04-13 01:14:14.390 27726 27760 I native-activity: Swap 717 time is 10.866ms
04-13 01:14:14.390 27726 27760 I native-activity: Animating
04-13 01:14:14.400 27726 27760 I native-activity: Frame 718 GL error is 0x0
04-13 01:14:14.400 27726 27760 I native-activity: Frame 718 time is 10.217ms
04-13 01:14:14.400 27726 27760 I native-activity: Swap 718 time is 10.285ms
04-13 01:14:14.400 27726 27760 I native-activity: Animating
04-13 01:14:14.410 27726 27760 I native-activity: Frame 719 GL error is 0x0
04-13 01:14:14.410 27726 27760 I native-activity: Frame 719 time is 10.084ms
04-13 01:14:14.410 27726 27760 I native-activity: Swap 719 time is 10.153ms
04-13 01:14:14.410 27726 27760 I native-activity: Animating
04-13 01:14:14.420 27726 27760 I native-activity: Frame 720 GL error is 0x0
04-13 01:14:14.420 27726 27760 I native-activity: Frame 720 time is 9.979ms
04-13 01:14:14.421 27726 27760 I native-activity: Swap 720 time is 10.049ms
04-13 01:14:14.421 27726 27760 I native-activity: Animating
04-13 01:14:14.430 27726 27760 I native-activity: Frame 721 GL error is 0x0
04-13 01:14:14.430 27726 27760 I native-activity: Frame 721 time is 9.878ms
04-13 01:14:14.431 27726 27760 I native-activity: Swap 721 time is 9.948ms
04-13 01:14:14.431 27726 27760 I native-activity: Animating
04-13 01:14:14.440 27726 27760 I native-activity: Frame 722 GL error is 0x0
04-13 01:14:14.440 27726 27760 I native-activity: Frame 722 time is 9.709ms
04-13 01:14:14.440 27726 27760 I native-activity: Swap 722 time is 9.778ms
04-13 01:14:14.440 27726 27760 I native-activity: Animating
04-13 01:14:14.450 27726 27760 I native-activity: Frame 723 GL error is 0x0
04-13 01:14:14.450 27726 27760 I native-activity: Frame 723 time is 9.653ms
04-13 01:14:14.450 27726 27760 I native-activity: Swap 723 time is 9.720ms
04-13 01:14:14.450 27726 27760 I native-activity: Animating
04-13 01:14:14.460 27726 27760 I native-activity: Frame 724 GL error is 0x0
04-13 01:14:14.460 27726 27760 I native-activity: Frame 724 time is 9.629ms
04-13 01:14:14.460 27726 27760 I native-activity: Swap 724 time is 9.698ms
04-13 01:14:14.460 27726 27760 I native-activity: Animating
04-13 01:14:14.473 27726 27760 I native-activity: Frame 725 GL error is 0x0
04-13 01:14:14.473 27726 27760 I native-activity: Frame 725 time is 13.227ms
04-13 01:14:14.473 27726 27760 I native-activity: Swap 725 time is 13.295ms
04-13 01:14:14.473 27726 27760 I native-activity: Animating
04-13 01:14:14.483 27726 27760 I native-activity: Frame 726 GL error is 0x0
04-13 01:14:14.483 27726 27760 I native-activity: Frame 726 time is 9.641ms
04-13 01:14:14.483 27726 27760 I native-activity: Swap 726 time is 9.711ms
04-13 01:14:14.483 27726 27760 I native-activity: Animating
04-13 01:14:14.493 27726 27760 I native-activity: Frame 727 GL error is 0x0
04-13 01:14:14.493 27726 27760 I native-activity: Frame 727 time is 9.748ms
04-13 01:14:14.493 27726 27760 I native-activity: Swap 727 time is 9.814ms
04-13 01:14:14.493 27726 27760 I native-activity: Animating
04-13 01:14:14.503 27726 27760 I native-activity: Frame 728 GL error is 0x0
04-13 01:14:14.503 27726 27760 I native-activity: Frame 728 time is 9.672ms
04-13 01:14:14.503 27726 27760 I native-activity: Swap 728 time is 9.739ms
04-13 01:14:14.503 27726 27760 I native-activity: Animating
04-13 01:14:14.513 27726 27760 I native-activity: Frame 729 GL error is 0x0
04-13 01:14:14.513 27726 27760 I native-activity: Frame 729 time is 9.766ms
04-13 01:14:14.513 27726 27760 I native-activity: Swap 729 time is 9.834ms
04-13 01:14:14.513 27726 27760 I native-activity: Animating
04-13 01:14:14.523 27726 27760 I native-activity: Frame 730 GL error is 0x0
04-13 01:14:14.523 27726 27760 I native-activity: Frame 730 time is 9.934ms
04-13 01:14:14.523 27726 27760 I native-activity: Swap 730 time is 9.999ms
04-13 01:14:14.523 27726 27760 I native-activity: Animating
04-13 01:14:14.532 27726 27760 I native-activity: Frame 731 GL error is 0x0
04-13 01:14:14.532 27726 27760 I native-activity: Frame 731 time is 9.492ms
04-13 01:14:14.533 27726 27760 I native-activity: Swap 731 time is 9.559ms
04-13 01:14:14.533 27726 27760 I native-activity: Animating
04-13 01:14:14.544 27726 27760 I native-activity: Frame 732 GL error is 0x0
04-13 01:14:14.544 27726 27760 I native-activity: Frame 732 time is 11.358ms
04-13 01:14:14.544 27726 27760 I native-activity: Swap 732 time is 11.426ms
04-13 01:14:14.544 27726 27760 I native-activity: Animating
04-13 01:14:14.554 27726 27760 I native-activity: Frame 733 GL error is 0x0
04-13 01:14:14.554 27726 27760 I native-activity: Frame 733 time is 9.709ms
04-13 01:14:14.554 27726 27760 I native-activity: Swap 733 time is 9.776ms
04-13 01:14:14.554 27726 27760 I native-activity: Animating
04-13 01:14:14.563 27726 27760 I native-activity: Frame 734 GL error is 0x0
04-13 01:14:14.563 27726 27760 I native-activity: Frame 734 time is 8.937ms
04-13 01:14:14.563 27726 27760 I native-activity: Swap 734 time is 9.000ms
04-13 01:14:14.563 27726 27760 I native-activity: Animating
04-13 01:14:14.572 27726 27760 I native-activity: Frame 735 GL error is 0x0
04-13 01:14:14.572 27726 27760 I native-activity: Frame 735 time is 9.190ms
04-13 01:14:14.572 27726 27760 I native-activity: Swap 735 time is 9.259ms
04-13 01:14:14.572 27726 27760 I native-activity: Animating
04-13 01:14:14.574  1787  1787 I AmazonLocationController: onWifiSignalChanged : connected : true
04-13 01:14:14.582 27726 27760 I native-activity: Frame 736 GL error is 0x0
04-13 01:14:14.582 27726 27760 I native-activity: Frame 736 time is 9.638ms
04-13 01:14:14.582 27726 27760 I native-activity: Swap 736 time is 9.703ms
04-13 01:14:14.582 27726 27760 I native-activity: Animating
04-13 01:14:14.593 27726 27760 I native-activity: Frame 737 GL error is 0x0
04-13 01:14:14.593 27726 27760 I native-activity: Frame 737 time is 10.720ms
04-13 01:14:14.593 27726 27760 I native-activity: Swap 737 time is 10.800ms
04-13 01:14:14.593 27726 27760 I native-activity: Animating
04-13 01:14:14.603 27726 27760 I native-activity: Frame 738 GL error is 0x0
04-13 01:14:14.603 27726 27760 I native-activity: Frame 738 time is 9.679ms
04-13 01:14:14.603 27726 27760 I native-activity: Swap 738 time is 9.744ms
04-13 01:14:14.603 27726 27760 I native-activity: Animating
04-13 01:14:14.613 27726 27760 I native-activity: Frame 739 GL error is 0x0
04-13 01:14:14.613 27726 27760 I native-activity: Frame 739 time is 10.496ms
04-13 01:14:14.613 27726 27760 I native-activity: Swap 739 time is 10.560ms
04-13 01:14:14.614 27726 27760 I native-activity: Animating
04-13 01:14:14.623 27726 27760 I native-activity: Frame 740 GL error is 0x0
04-13 01:14:14.623 27726 27760 I native-activity: Frame 740 time is 9.319ms
04-13 01:14:14.623 27726 27760 I native-activity: Swap 740 time is 9.385ms
04-13 01:14:14.623 27726 27760 I native-activity: Animating
04-13 01:14:14.636 27726 27760 I native-activity: Frame 741 GL error is 0x0
04-13 01:14:14.636 27726 27760 I native-activity: Frame 741 time is 13.235ms
04-13 01:14:14.636 27726 27760 I native-activity: Swap 741 time is 13.303ms
04-13 01:14:14.636 27726 27760 I native-activity: Animating
04-13 01:14:14.655 27726 27760 I native-activity: Frame 742 GL error is 0x0
04-13 01:14:14.655 27726 27760 I native-activity: Frame 742 time is 18.147ms
04-13 01:14:14.655 27726 27760 I native-activity: Swap 742 time is 18.216ms
04-13 01:14:14.655 27726 27760 I native-activity: Animating
04-13 01:14:14.667 27726 27760 I native-activity: Frame 743 GL error is 0x0
04-13 01:14:14.667 27726 27760 I native-activity: Frame 743 time is 12.259ms
04-13 01:14:14.667 27726 27760 I native-activity: Swap 743 time is 12.326ms
04-13 01:14:14.667 27726 27760 I native-activity: Animating
04-13 01:14:14.679 27726 27760 I native-activity: Frame 744 GL error is 0x0
04-13 01:14:14.679 27726 27760 I native-activity: Frame 744 time is 11.513ms
04-13 01:14:14.679 27726 27760 I native-activity: Swap 744 time is 11.604ms
04-13 01:14:14.679 27726 27760 I native-activity: Animating
04-13 01:14:14.670     0     0 I Kernel  : [47293.342377]-(0)[0:swapper/0]dpi vsync
04-13 01:14:14.690 27726 27760 I native-activity: Frame 745 GL error is 0x0
04-13 01:14:14.690 27726 27760 I native-activity: Frame 745 time is 10.943ms
04-13 01:14:14.690 27726 27760 I native-activity: Swap 745 time is 11.037ms
04-13 01:14:14.690 27726 27760 I native-activity: Animating
04-13 01:14:14.701 27726 27760 I native-activity: Frame 746 GL error is 0x0
04-13 01:14:14.701 27726 27760 I native-activity: Frame 746 time is 10.756ms
04-13 01:14:14.701 27726 27760 I native-activity: Swap 746 time is 10.845ms
04-13 01:14:14.701 27726 27760 I native-activity: Animating
04-13 01:14:14.712 27726 27760 I native-activity: Frame 747 GL error is 0x0
04-13 01:14:14.712 27726 27760 I native-activity: Frame 747 time is 10.808ms
04-13 01:14:14.712 27726 27760 I native-activity: Swap 747 time is 10.893ms
04-13 01:14:14.712 27726 27760 I native-activity: Animating
04-13 01:14:14.723 27726 27760 I native-activity: Frame 748 GL error is 0x0
04-13 01:14:14.723 27726 27760 I native-activity: Frame 748 time is 10.919ms
04-13 01:14:14.723 27726 27760 I native-activity: Swap 748 time is 10.996ms
04-13 01:14:14.723 27726 27760 I native-activity: Animating
04-13 01:14:14.733 27726 27760 I native-activity: Frame 749 GL error is 0x0
04-13 01:14:14.733 27726 27760 I native-activity: Frame 749 time is 10.299ms
04-13 01:14:14.733 27726 27760 I native-activity: Swap 749 time is 10.382ms
04-13 01:14:14.733 27726 27760 I native-activity: Animating
04-13 01:14:14.745 27726 27760 I native-activity: Frame 750 GL error is 0x0
04-13 01:14:14.745 27726 27760 I native-activity: Frame 750 time is 11.475ms
04-13 01:14:14.745 27726 27760 I native-activity: Swap 750 time is 11.545ms
04-13 01:14:14.745 27726 27760 I native-activity: Animating
04-13 01:14:14.762 27726 27760 I native-activity: Frame 751 GL error is 0x0
04-13 01:14:14.762 27726 27760 I native-activity: Frame 751 time is 16.669ms
04-13 01:14:14.762 27726 27760 I native-activity: Swap 751 time is 16.735ms
04-13 01:14:14.762 27726 27760 I native-activity: Animating
04-13 01:14:14.773 27726 27760 I native-activity: Frame 752 GL error is 0x0
04-13 01:14:14.773 27726 27760 I native-activity: Frame 752 time is 11.448ms
04-13 01:14:14.773 27726 27760 I native-activity: Swap 752 time is 11.514ms
04-13 01:14:14.774 27726 27760 I native-activity: Animating
04-13 01:14:14.784 27726 27760 I native-activity: Frame 753 GL error is 0x0
04-13 01:14:14.784 27726 27760 I native-activity: Frame 753 time is 10.251ms
04-13 01:14:14.784 27726 27760 I native-activity: Swap 753 time is 10.319ms
04-13 01:14:14.784 27726 27760 I native-activity: Animating
04-13 01:14:14.794 27726 27760 I native-activity: Frame 754 GL error is 0x0
04-13 01:14:14.794 27726 27760 I native-activity: Frame 754 time is 9.840ms
04-13 01:14:14.794 27726 27760 I native-activity: Swap 754 time is 9.927ms
04-13 01:14:14.794 27726 27760 I native-activity: Animating
04-13 01:14:14.802 27726 27760 I native-activity: Frame 755 GL error is 0x0
04-13 01:14:14.802 27726 27760 I native-activity: Frame 755 time is 8.469ms
04-13 01:14:14.803 27726 27760 I native-activity: Swap 755 time is 8.550ms
04-13 01:14:14.803 27726 27760 I native-activity: Animating
