04-13 00:41:45.415 22683 22716 I native-activity: Animating
04-13 00:41:45.417   917  2245 D ActivityManager: single user service: com.amazon.kindle.cms
04-13 00:41:45.421   917  2245 D ActivityManager: app = com.amazon.kindle.cms, has single user service, setting process record.
04-13 00:41:45.431 22683 22716 I native-activity: Frame 270 GL error is 0x0
04-13 00:41:45.431 22683 22716 I native-activity: Frame 270 time is 15.657ms
04-13 00:41:45.431 22683 22716 I native-activity: Doing egl_swapbuffers_sync 1
04-13 00:41:45.431 22683 22716 D native-activity: Reading pixels format 0x1908 type 0x1401 bpp 4
04-13 00:41:45.432 20692 20755 I AmazonCMS: CMSService waking up, a client has bound
04-13 00:41:45.448 20692 20755 D AmazonCMS: CMS activity level changed, active: true
04-13 00:41:45.449 20692 20755 D AmazonCMS: Read 2 card ids from the cache for producer com.amazon.kindle.cms.card.producer.NEWSSTAND in profile 0
04-13 00:41:45.456 22683 22716 I native-activity: Read pixels, GL error is 0x0
04-13 00:41:45.456 22683 22716 I native-activity: Swap 270 time is 40.701ms
04-13 00:41:45.456 22683 22716 I native-activity: Animating
04-13 00:41:45.467 22683 22716 I native-activity: Frame 271 GL error is 0x0
04-13 00:41:45.467 22683 22716 I native-activity: Frame 271 time is 10.746ms
04-13 00:41:45.467 22683 22716 I native-activity: Doing egl_swapbuffers_sync 1
04-13 00:41:45.467 22683 22716 D native-activity: Reading pixels format 0x1908 type 0x1401 bpp 4
04-13 00:41:45.470 20692 20755 D AmazonCMS: CMSService is no longer being used, deactivating...
04-13 00:41:45.471 20692 20755 D AmazonCMS: CMS activity level changed, active: false
04-13 00:41:45.492 22683 22716 I native-activity: Read pixels, GL error is 0x0
04-13 00:41:45.493 22683 22716 I native-activity: Swap 271 time is 36.186ms
04-13 00:41:45.493 22683 22716 I native-activity: Animating
04-13 00:41:45.504 22683 22716 I native-activity: Frame 272 GL error is 0x0
04-13 00:41:45.504 22683 22716 I native-activity: Frame 272 time is 11.272ms
04-13 00:41:45.504 22683 22716 I native-activity: Doing egl_swapbuffers_sync 1
04-13 00:41:45.504 22683 22716 D native-activity: Reading pixels format 0x1908 type 0x1401 bpp 4
04-13 00:41:45.513 20692 20755 D AmazonCMS: Package com.amazon.webapp has been suppressed for user *****
04-13 00:41:45.529 22683 22716 I native-activity: Read pixels, GL error is 0x0
04-13 00:41:45.529 22683 22716 I native-activity: Swap 272 time is 36.540ms
04-13 00:41:45.529 22683 22716 I native-activity: Animating
04-13 00:41:45.539 22683 22716 I native-activity: Frame 273 GL error is 0x0
04-13 00:41:45.539 22683 22716 I native-activity: Frame 273 time is 9.448ms
04-13 00:41:45.539 22683 22716 I native-activity: Doing egl_swapbuffers_sync 1
04-13 00:41:45.539 22683 22716 D native-activity: Reading pixels format 0x1908 type 0x1401 bpp 4
04-13 00:41:45.558 20692 20755 W AmazonCMS: Delivery card detected for item ***** but no delivery date set
04-13 00:41:45.559 20692 20755 D AmazonCMS: Creating delivery card with id: *****
04-13 00:41:45.564 22683 22716 I native-activity: Read pixels, GL error is 0x0
04-13 00:41:45.564 22683 22716 I native-activity: Swap 273 time is 34.754ms
04-13 00:41:45.564 22683 22716 I native-activity: Animating
04-13 00:41:45.568 20692 22743 I F_C.ProducerClientCompa: Producer com.amazon.kindle.cms.card.producer.NEWSSTAND at API version BrazilVersion(1.4).
04-13 00:41:45.570 20692 20755 D AmazonCMS: CardClient: Pushing 2 cards ***** by producer com.amazon.kindle.cms.card.producer.NEWSSTAND
04-13 00:41:45.574 20692 22743 I F_C.ProducerClientCompa: Connected to ServerInfo(CDA Version: BrazilVersion(1.3.108.0), Min. Producer: BrazilVersion(1.0), Delete All: true)
04-13 00:41:45.580 20623 22136 I F_C.CardAgentSynchroniz: Throttling producer refresh
04-13 00:41:45.580 20623 22136 W F_C.CardProvider: Producer refresh failed
04-13 00:41:45.587 22683 22716 I native-activity: Frame 274 GL error is 0x501
04-13 00:41:45.587 22683 22716 I native-activity: Frame 274 time is 22.314ms
04-13 00:41:45.587 22683 22716 I native-activity: Doing egl_swapbuffers_sync 1
04-13 00:41:45.587 22683 22716 D native-activity: Reading pixels format 0x1908 type 0x1401 bpp 4
04-13 00:41:45.594   917  1764 W AccountManagerService: insertAccountIntoDatabase: Account {name=default_account, type=amazon.account}, skipping since the account already exists
04-13 00:41:45.598 20692 21151 I DCP     : [JsonCallExecutor][CallExecutor][3e316c9f-2a23-4d81-bd60-b5b876169be4][Auth]Received response code 200 OK. Total time = 355 ms. Handshake = 95 ms. Upload = 0 ms (0 bytes). Latency = 258 ms. Download = 1 ms (569 bytes).
04-13 00:41:45.601   917  2113 D WifiService: releaseWifiLockLocked: WifiLock{com.amazon.dcp.framework.iuc.ConnectionEstablisherWithConnectivityEnforcement type=1 binder=android.os.BinderProxy@3ea8d5f5}
04-13 00:41:45.601   917  1763 W AccountManagerService: insertAccountIntoDatabase: Account {name=default_account, type=amazon.account}, skipping since the account already exists
04-13 00:41:45.590  2137  2137 I Kernel  : [45344.269758][wlan] nicTxReleaseResource: (TX STATE)
04-13 00:41:45.590  2137  2137 I Kernel  : Release: TC4 count 1, Free=4; TC5 count 0, Free=4
04-13 00:41:45.590  2159  2159 I Kernel  : [45344.271236].(1)[2159:wpa_supplicant]poorlink get state G(361601)F(49)dbad(0)dretry(0)LT(540)RT(-78)W(0)(12210)
04-13 00:41:45.590  2137  2137 I Kernel  : [45344.271268][wlan] nicTxReleaseResource: (TX STATE)
04-13 00:41:45.590  2137  2137 I Kernel  : Release: TC4 count 1, Free=4; TC5 count 0, Free=4
04-13 00:41:45.612 22683 22716 I native-activity: Read pixels, GL error is 0x0
04-13 00:41:45.612 22683 22716 I native-activity: Swap 274 time is 47.956ms
04-13 00:41:45.612 22683 22716 I native-activity: Animating
04-13 00:41:45.622   917   932 W AccountManagerService: insertAccountIntoDatabase: Account {name=default_account, type=amazon.account}, skipping since the account already exists
04-13 00:41:45.625 22683 22716 I native-activity: Frame 275 GL error is 0x0
04-13 00:41:45.625 22683 22716 I native-activity: Frame 275 time is 12.636ms
04-13 00:41:45.625 22683 22716 I native-activity: Doing egl_swapbuffers_sync 1
04-13 00:41:45.625 22683 22716 D native-activity: Reading pixels format 0x1908 type 0x1401 bpp 4
04-13 00:41:45.633 20692 20755 D AmazonCMS: Read 12 card ids from the cache for producer com.amazon.kindle.cms.card.producer.APPS in profile 0
04-13 00:41:45.638   917   933 W AccountManagerService: insertAccountIntoDatabase: Account {name=default_account, type=amazon.account}, skipping since the account already exists
04-13 00:41:45.649 20692 20755 D AmazonCMS: Creating recent card with id: *****
04-13 00:41:45.650 22683 22716 I native-activity: Read pixels, GL error is 0x0
04-13 00:41:45.650 22683 22716 I native-activity: Swap 275 time is 37.986ms
04-13 00:41:45.651 22683 22716 I native-activity: Animating
04-13 00:41:45.663 22683 22716 I native-activity: Frame 276 GL error is 0x0
04-13 00:41:45.663 22683 22716 I native-activity: Frame 276 time is 12.732ms
04-13 00:41:45.663 22683 22716 I native-activity: Doing egl_swapbuffers_sync 1
04-13 00:41:45.663 22683 22716 D native-activity: Reading pixels format 0x1908 type 0x1401 bpp 4
04-13 00:41:45.668 20692 20755 D AmazonCMS: Creating recent card with id: *****
04-13 00:41:45.675 20692 20755 D AmazonCMS: AppManager - Number of packages with launch activities found 34
04-13 00:41:45.680 20692 20755 D AmazonCMS: Creating recent card with id: *****
04-13 00:41:45.689 22683 22716 I native-activity: Read pixels, GL error is 0x0
04-13 00:41:45.689 22683 22716 I native-activity: Swap 276 time is 38.406ms
04-13 00:41:45.689 22683 22716 I native-activity: Animating
04-13 00:41:45.692 20692 20755 D AmazonCMS: Creating recent card with id: *****
04-13 00:41:45.701 22683 22716 I native-activity: Frame 277 GL error is 0x0
04-13 00:41:45.701 22683 22716 I native-activity: Frame 277 time is 11.881ms
04-13 00:41:45.701 22683 22716 I native-activity: Doing egl_swapbuffers_sync 1
04-13 00:41:45.701 22683 22716 D native-activity: Reading pixels format 0x1908 type 0x1401 bpp 4
04-13 00:41:45.718 20692 20755 D AmazonCMS: Creating recent card with id: *****
04-13 00:41:45.726 22683 22716 I native-activity: Read pixels, GL error is 0x0
04-13 00:41:45.727 22683 22716 I native-activity: Swap 277 time is 37.329ms
04-13 00:41:45.727 22683 22716 I native-activity: Animating
04-13 00:41:45.730 20692 20755 D AmazonCMS: Creating recent card with id: *****
04-13 00:41:45.738 22683 22716 I native-activity: Frame 278 GL error is 0x0
04-13 00:41:45.738 22683 22716 I native-activity: Frame 278 time is 11.703ms
04-13 00:41:45.738 22683 22716 I native-activity: Doing egl_swapbuffers_sync 1
04-13 00:41:45.738 22683 22716 D native-activity: Reading pixels format 0x1908 type 0x1401 bpp 4
04-13 00:41:45.744 20692 20755 D AmazonCMS: Creating recent card with id: *****
04-13 00:41:45.757 20692 20755 D AmazonCMS: Creating recent card with id: *****
04-13 00:41:45.763 22683 22716 I native-activity: Read pixels, GL error is 0x0
04-13 00:41:45.764 22683 22716 I native-activity: Swap 278 time is 36.917ms
04-13 00:41:45.764 22683 22716 I native-activity: Animating
04-13 00:41:45.776 22683 22716 I native-activity: Frame 279 GL error is 0x0
04-13 00:41:45.776 22683 22716 I native-activity: Frame 279 time is 11.946ms
04-13 00:41:45.776 22683 22716 I native-activity: Doing egl_swapbuffers_sync 1
04-13 00:41:45.776 22683 22716 D native-activity: Reading pixels format 0x1908 type 0x1401 bpp 4
04-13 00:41:45.783 20692 20755 D AmazonCMS: Creating recent card with id: *****
04-13 00:41:45.784 20692 22730 D empty   : Zip: EOCD not found, /system/framework/amazon-ads-registration.jar is not zip
04-13 00:41:45.784 20692 22730 W zipro   : Error opening archive /system/framework/amazon-ads-registration.jar: Invalid file
04-13 00:41:45.784 20692 22730 D asset   : failed to open Zip archive '/system/framework/amazon-ads-registration.jar'
04-13 00:41:45.797 20692 20755 D AmazonCMS: Creating recent card with id: *****
04-13 00:41:45.801 22683 22716 I native-activity: Read pixels, GL error is 0x0
04-13 00:41:45.801 22683 22716 I native-activity: Swap 279 time is 37.311ms
04-13 00:41:45.801 22683 22716 I native-activity: Animating
04-13 00:41:45.809 20692 20755 D AmazonCMS: Creating recent card with id: *****
04-13 00:41:45.813 22683 22716 I native-activity: Frame 280 GL error is 0x0
04-13 00:41:45.813 22683 22716 I native-activity: Frame 280 time is 11.955ms
04-13 00:41:45.813 22683 22716 I native-activity: Doing egl_swapbuffers_sync 1
04-13 00:41:45.813 22683 22716 D native-activity: Reading pixels format 0x1908 type 0x1401 bpp 4
04-13 00:41:45.810 20692 22743 I Kernel  : [45344.489694]-(0)[22743:Card update thr]dpi vsync
04-13 00:41:45.838 22683 22716 I native-activity: Read pixels, GL error is 0x0
04-13 00:41:45.838 22683 22716 I native-activity: Swap 280 time is 36.691ms
04-13 00:41:45.838 22683 22716 I native-activity: Animating
04-13 00:41:45.847 22683 22716 I native-activity: Frame 281 GL error is 0x0
04-13 00:41:45.847 22683 22716 I native-activity: Frame 281 time is 9.101ms
04-13 00:41:45.847 22683 22716 I native-activity: Doing egl_swapbuffers_sync 1
04-13 00:41:45.847 22683 22716 D native-activity: Reading pixels format 0x1908 type 0x1401 bpp 4
04-13 00:41:45.863 20692 20755 D AmazonCMS: Cached image for package ***** is out of date with package update time (1480592179000,1480592179000) vs. 1491757634512
04-13 00:41:45.864 20692 20755 D AmazonCMS: loading icons for *****
04-13 00:41:45.872 22683 22716 I native-activity: Read pixels, GL error is 0x0
04-13 00:41:45.872 22683 22716 I native-activity: Swap 281 time is 34.445ms
04-13 00:41:45.873 22683 22716 I native-activity: Animating
04-13 00:41:45.880 20692 20755 D AmazonCMS: Loaded preloaded image from *****
04-13 00:41:45.883 22683 22716 I native-activity: Frame 282 GL error is 0x0
04-13 00:41:45.883 22683 22716 I native-activity: Frame 282 time is 10.323ms
04-13 00:41:45.883 22683 22716 I native-activity: Doing egl_swapbuffers_sync 1
04-13 00:41:45.883 22683 22716 D native-activity: Reading pixels format 0x1908 type 0x1401 bpp 4
04-13 00:41:45.900  1787  1787 I AmazonLocationController: onWifiSignalChanged : connected : true
04-13 00:41:45.902 20692 20755 D AmazonCMS: Performing collection sync type DELTA_SYNC for user *****
04-13 00:41:45.905 20692 20755 V AmazonCMS: SyncClient - [SYNC] Syncing Namespace: [*****]
04-13 00:41:45.908 22683 22716 I native-activity: Read pixels, GL error is 0x0
04-13 00:41:45.908 22683 22716 I native-activity: Swap 282 time is 35.340ms
04-13 00:41:45.908 22683 22716 I native-activity: Animating
04-13 00:41:45.916 20692 22743 I F_C.ProducerClientCompa: Producer com.amazon.kindle.cms.card.producer.APPS at API version BrazilVersion(1.4).
04-13 00:41:45.917 20692 20755 D AmazonCMS: CardClient: Pushing 12 cards ***** by producer com.amazon.kindle.cms.card.producer.APPS
04-13 00:41:45.917 22683 22716 I native-activity: Frame 283 GL error is 0x0
04-13 00:41:45.917 22683 22716 I native-activity: Frame 283 time is 8.606ms
04-13 00:41:45.917 22683 22716 I native-activity: Doing egl_swapbuffers_sync 1
04-13 00:41:45.917 22683 22716 D native-activity: Reading pixels format 0x1908 type 0x1401 bpp 4
04-13 00:41:45.923 20692 22743 I F_C.ProducerClientCompa: Connected to ServerInfo(CDA Version: BrazilVersion(1.3.108.0), Min. Producer: BrazilVersion(1.0), Delete All: true)
04-13 00:41:45.928 20692 20755 D AmazonCMS: Cached image for package ***** is out of date with package update time (1480592179000,1480592179000) vs. 1491757452118
04-13 00:41:45.936 20692 20755 D AmazonCMS: Loaded preloaded image from *****
04-13 00:41:45.937 20692 20755 D AmazonCMS: loading icons for *****
04-13 00:41:45.941 20623 20771 I F_C.CardAgentSynchroniz: Throttling producer refresh
04-13 00:41:45.941 20623 20771 W F_C.CardProvider: Producer refresh failed
04-13 00:41:45.942 22683 22716 I native-activity: Read pixels, GL error is 0x0
04-13 00:41:45.943 22683 22716 I native-activity: Swap 283 time is 34.484ms
04-13 00:41:45.943 22683 22716 I native-activity: Animating
04-13 00:41:45.952 22683 22716 I native-activity: Frame 284 GL error is 0x0
04-13 00:41:45.952 22683 22716 I native-activity: Frame 284 time is 9.640ms
04-13 00:41:45.952 22683 22716 I native-activity: Doing egl_swapbuffers_sync 1
04-13 00:41:45.952 22683 22716 D native-activity: Reading pixels format 0x1908 type 0x1401 bpp 4
04-13 00:41:45.956 20692 20755 D AmazonCMS: Loaded preloaded image from *****
04-13 00:41:45.965 20692 21289 I DCP     : [JsonCallExecutor][CallExecutor][827ac057-f8cd-48c5-9665-5ff8662e3a5d][Auth]GET https://api.amazon.com/whispersync/v2/data/amzn1.account.XXXX/datasets?after=108  (attempt 1)
04-13 00:41:45.967   917  2245 D WifiService: acquireWifiLockLocked: WifiLock{com.amazon.dcp.framework.iuc.ConnectionEstablisherWithConnectivityEnforcement type=1 binder=android.os.BinderProxy@a037e2e}
04-13 00:41:45.978 20692 22750 I com.amazon.dcp.framework.ConnectivityEnforcer: Network with type -1 is already connected
04-13 00:41:45.979 22683 22716 I native-activity: Read pixels, GL error is 0x0
04-13 00:41:45.979 22683 22716 I native-activity: Swap 284 time is 36.294ms
04-13 00:41:45.979 22683 22716 I native-activity: Animating
04-13 00:41:45.980   917  1762 W AccountManagerService: insertAccountIntoDatabase: Account {name=default_account, type=amazon.account}, skipping since the account already exists
04-13 00:41:45.987 22683 22716 I native-activity: Frame 285 GL error is 0x0
04-13 00:41:45.988 22683 22716 I native-activity: Frame 285 time is 8.364ms
04-13 00:41:45.988 22683 22716 I native-activity: Doing egl_swapbuffers_sync 1
04-13 00:41:45.988 22683 22716 D native-activity: Reading pixels format 0x1908 type 0x1401 bpp 4
04-13 00:41:45.995   917 25027 W AccountManagerService: insertAccountIntoDatabase: Account {name=default_account, type=amazon.account}, skipping since the account already exists
04-13 00:41:46.001   917  2246 W AccountManagerService: insertAccountIntoDatabase: Account {name=default_account, type=amazon.account}, skipping since the account already exists
04-13 00:41:46.004 20692 22730 W asset   : Asset path /system/framework/android.amazon.res.jar is neither a directory nor file (type=1).
04-13 00:41:46.004 20692 22730 W ResourcesManager: Asset path '/system/framework/android.amazon.res.jar' does not exist or contains no resources.
04-13 00:41:45.990    82    82 I Kernel  : [45344.668090].(0)[82:mtk charger_hv_]charging_reset_watch_dog_timer
04-13 00:41:45.990    82    82 I Kernel  : [45344.669069].(0)[82:mtk charger_hv_]array_size = 16 
04-13 00:41:46.010   917 25027 W AccountManagerService: insertAccountIntoDatabase: Account {name=default_account, type=amazon.account}, skipping since the account already exists
04-13 00:41:46.013 22683 22716 I native-activity: Read pixels, GL error is 0x0
04-13 00:41:46.014 22683 22716 I native-activity: Swap 285 time is 34.464ms
04-13 00:41:46.014 22683 22716 I native-activity: Animating
04-13 00:41:46.027 22683 22716 I native-activity: Frame 286 GL error is 0x0
04-13 00:41:46.027 22683 22716 I native-activity: Frame 286 time is 12.977ms
04-13 00:41:46.027 22683 22716 I native-activity: Doing egl_swapbuffers_sync 1
04-13 00:41:46.027 22683 22716 D native-activity: Reading pixels format 0x1908 type 0x1401 bpp 4
04-13 00:41:46.034   917  2109 W AccountManagerService: insertAccountIntoDatabase: Account {name=default_account, type=amazon.account}, skipping since the account already exists
04-13 00:41:46.034   917  2245 D ActivityManager: single user service: com.amazon.imp
04-13 00:41:46.035   917  2245 D ActivityManager: app = com.amazon.imp, has single user service, setting process record.
04-13 00:41:46.040   917 25027 W AccountManagerService: insertAccountIntoDatabase: Account {name=default_account, type=amazon.account}, skipping since the account already exists
04-13 00:41:46.052   917  2245 W AccountManagerService: insertAccountIntoDatabase: Account {name=default_account, type=amazon.account}, skipping since the account already exists
04-13 00:41:46.054 22683 22716 I native-activity: Read pixels, GL error is 0x0
04-13 00:41:46.054 22683 22716 I native-activity: Swap 286 time is 40.340ms
04-13 00:41:46.054 22683 22716 I native-activity: Animating
04-13 00:41:46.055   917  2114 W AccountManagerService: insertAccountIntoDatabase: Account {name=default_account, type=amazon.account}, skipping since the account already exists
04-13 00:41:46.058   917 25027 W AccountManagerService: insertAccountIntoDatabase: Account {name=default_account, type=amazon.account}, skipping since the account already exists
04-13 00:41:46.063   917  2246 W AccountManagerService: insertAccountIntoDatabase: Account {name=default_account, type=amazon.account}, skipping since the account already exists
04-13 00:41:46.067   917  1051 W AccountManagerService: insertAccountIntoDatabase: Account {name=default_account, type=amazon.account}, skipping since the account already exists
04-13 00:41:46.068   917   932 W AccountManagerService: insertAccountIntoDatabase: Account {name=default_account, type=amazon.account}, skipping since the account already exists
04-13 00:41:46.071 22683 22716 I native-activity: Frame 287 GL error is 0x0
04-13 00:41:46.071 22683 22716 I native-activity: Frame 287 time is 16.537ms
04-13 00:41:46.071 22683 22716 I native-activity: Doing egl_swapbuffers_sync 1
04-13 00:41:46.071 22683 22716 D native-activity: Reading pixels format 0x1908 type 0x1401 bpp 4
04-13 00:41:46.073   917  2175 W AccountManagerService: insertAccountIntoDatabase: Account {name=default_account, type=amazon.account}, skipping since the account already exists
04-13 00:41:46.086   917  1762 W AccountManagerService: insertAccountIntoDatabase: Account {name=default_account, type=amazon.account}, skipping since the account already exists
04-13 00:41:46.089 20692 20755 D AmazonCMS: Loaded preloaded image from *****
04-13 00:41:46.096 22683 22716 I native-activity: Read pixels, GL error is 0x0
04-13 00:41:46.096 22683 22716 I native-activity: Swap 287 time is 41.977ms
04-13 00:41:46.096 22683 22716 I native-activity: Animating
04-13 00:41:46.101   917 25027 W AccountManagerService: insertAccountIntoDatabase: Account {name=default_account, type=amazon.account}, skipping since the account already exists
04-13 00:41:46.114 22683 22716 I native-activity: Frame 288 GL error is 0x0
04-13 00:41:46.114 22683 22716 I native-activity: Frame 288 time is 17.263ms
04-13 00:41:46.114 22683 22716 I native-activity: Doing egl_swapbuffers_sync 1
04-13 00:41:46.114 22683 22716 D native-activity: Reading pixels format 0x1908 type 0x1401 bpp 4
04-13 00:41:46.118   917  2246 W AccountManagerService: insertAccountIntoDatabase: Account {name=default_account, type=amazon.account}, skipping since the account already exists
04-13 00:41:46.133   917  2114 W AccountManagerService: insertAccountIntoDatabase: Account {name=default_account, type=amazon.account}, skipping since the account already exists
04-13 00:41:46.140 22683 22716 I native-activity: Read pixels, GL error is 0x0
04-13 00:41:46.140 22683 22716 I native-activity: Swap 288 time is 43.519ms
04-13 00:41:46.140 22683 22716 I native-activity: Animating
04-13 00:41:46.150   917 25027 W AccountManagerService: insertAccountIntoDatabase: Account {name=default_account, type=amazon.account}, skipping since the account already exists
04-13 00:41:46.151 22683 22716 I native-activity: Frame 289 GL error is 0x0
04-13 00:41:46.151 22683 22716 I native-activity: Frame 289 time is 10.980ms
04-13 00:41:46.151 22683 22716 I native-activity: Doing egl_swapbuffers_sync 1
04-13 00:41:46.151 22683 22716 D native-activity: Reading pixels format 0x1908 type 0x1401 bpp 4
04-13 00:41:46.163   917  2246 W AccountManagerService: insertAccountIntoDatabase: Account {name=default_account, type=amazon.account}, skipping since the account already exists
04-13 00:41:46.172   917  1762 W AccountManagerService: insertAccountIntoDatabase: Account {name=default_account, type=amazon.account}, skipping since the account already exists
04-13 00:41:46.177 22683 22716 I native-activity: Read pixels, GL error is 0x0
04-13 00:41:46.177 22683 22716 I native-activity: Swap 289 time is 37.032ms
04-13 00:41:46.177 22683 22716 I native-activity: Animating
04-13 00:41:46.184   917 25027 W AccountManagerService: insertAccountIntoDatabase: Account {name=default_account, type=amazon.account}, skipping since the account already exists
04-13 00:41:46.187 22683 22716 I native-activity: Frame 290 GL error is 0x0
04-13 00:41:46.187 22683 22716 I native-activity: Frame 290 time is 9.854ms
04-13 00:41:46.187 22683 22716 I native-activity: Doing egl_swapbuffers_sync 1
04-13 00:41:46.187 22683 22716 D native-activity: Reading pixels format 0x1908 type 0x1401 bpp 4
04-13 00:41:46.200   917   933 W AccountManagerService: insertAccountIntoDatabase: Account {name=default_account, type=amazon.account}, skipping since the account already exists
04-13 00:41:46.210   917  2245 W AccountManagerService: insertAccountIntoDatabase: Account {name=default_account, type=amazon.account}, skipping since the account already exists
04-13 00:41:46.213 22683 22716 I native-activity: Read pixels, GL error is 0x0
04-13 00:41:46.213 22683 22716 I native-activity: Swap 290 time is 35.518ms
04-13 00:41:46.213 22683 22716 I native-activity: Animating
04-13 00:41:46.220 20692 20755 D AmazonCMS: Cached image for package ***** is out of date with package update time (1480592179000,1480592179000) vs. 1491757499034
04-13 00:41:46.224 22683 22716 I native-activity: Frame 291 GL error is 0x0
04-13 00:41:46.224 22683 22716 I native-activity: Frame 291 time is 11.216ms
04-13 00:41:46.224 22683 22716 I native-activity: Doing egl_swapbuffers_sync 1
04-13 00:41:46.224 22683 22716 D native-activity: Reading pixels format 0x1908 type 0x1401 bpp 4
04-13 00:41:46.224   917  2115 W AccountManagerService: insertAccountIntoDatabase: Account {name=default_account, type=amazon.account}, skipping since the account already exists
04-13 00:41:46.229 20692 20755 D AmazonCMS: loading icons for *****
04-13 00:41:46.238 20692 20755 D AmazonCMS: Loaded preloaded image from *****
04-13 00:41:46.250 22683 22716 I native-activity: Read pixels, GL error is 0x0
04-13 00:41:46.250 22683 22716 I native-activity: Swap 291 time is 37.303ms
04-13 00:41:46.250 22683 22716 I native-activity: Animating
04-13 00:41:46.258 22683 22716 I native-activity: Frame 292 GL error is 0x0
04-13 00:41:46.259 22683 22716 I native-activity: Frame 292 time is 8.294ms
04-13 00:41:46.259 22683 22716 I native-activity: Doing egl_swapbuffers_sync 1
04-13 00:41:46.259 22683 22716 D native-activity: Reading pixels format 0x1908 type 0x1401 bpp 4
04-13 00:41:46.270 20692 20755 D AmazonCMS: Loaded preloaded image from *****
04-13 00:41:46.281 20692 20755 D AmazonCMS: Cached image for package ***** is out of date with package update time (1480592179000,1480592179000) vs. 1491757591965
04-13 00:41:46.282 20692 20755 D AmazonCMS: loading icons for *****
04-13 00:41:46.285 22683 22716 I native-activity: Read pixels, GL error is 0x0
04-13 00:41:46.285 22683 22716 I native-activity: Swap 292 time is 34.774ms
04-13 00:41:46.285 22683 22716 I native-activity: Animating
04-13 00:41:46.296 22683 22716 I native-activity: Frame 293 GL error is 0x0
04-13 00:41:46.296 22683 22716 I native-activity: Frame 293 time is 10.732ms
04-13 00:41:46.296 22683 22716 I native-activity: Doing egl_swapbuffers_sync 1
04-13 00:41:46.296 22683 22716 D native-activity: Reading pixels format 0x1908 type 0x1401 bpp 4
04-13 00:41:46.299 20692 20755 D AmazonCMS: Loaded preloaded image from *****
04-13 00:41:46.322 22683 22716 I native-activity: Read pixels, GL error is 0x0
04-13 00:41:46.322 22683 22716 I native-activity: Swap 293 time is 36.568ms
04-13 00:41:46.322 22683 22716 I native-activity: Animating
04-13 00:41:46.327 20692 20755 D AmazonCMS: Loaded preloaded image from *****
04-13 00:41:46.329 22683 22716 I native-activity: Frame 294 GL error is 0x0
04-13 00:41:46.329 22683 22716 I native-activity: Frame 294 time is 7.307ms
04-13 00:41:46.329 22683 22716 I native-activity: Doing egl_swapbuffers_sync 1
04-13 00:41:46.329 22683 22716 D native-activity: Reading pixels format 0x1908 type 0x1401 bpp 4
04-13 00:41:46.335 20692 21289 I DCP     : [JsonCallExecutor][CallExecutor][827ac057-f8cd-48c5-9665-5ff8662e3a5d][Auth]Received response code 200 OK. Total time = 369 ms. Handshake = 114 ms. Upload = 0 ms (0 bytes). Latency = 254 ms. Download = 0 ms (425 bytes).
04-13 00:41:46.336   917  2113 D WifiService: releaseWifiLockLocked: WifiLock{com.amazon.dcp.framework.iuc.ConnectionEstablisherWithConnectivityEnforcement type=1 binder=android.os.BinderProxy@a037e2e}
04-13 00:41:46.355 22683 22716 I native-activity: Read pixels, GL error is 0x0
04-13 00:41:46.355 22683 22716 I native-activity: Swap 294 time is 33.305ms
04-13 00:41:46.355 22683 22716 I native-activity: Animating
04-13 00:41:46.364 22683 22716 I native-activity: Frame 295 GL error is 0x0
04-13 00:41:46.365 22683 22716 I native-activity: Frame 295 time is 9.098ms
04-13 00:41:46.365 22683 22716 I native-activity: Doing egl_swapbuffers_sync 1
04-13 00:41:46.365 22683 22716 D native-activity: Reading pixels format 0x1908 type 0x1401 bpp 4
04-13 00:41:46.384 20692 22730 W asset   : Asset path /system/framework/android.amazon.res.jar is neither a directory nor file (type=1).
04-13 00:41:46.384 20692 22730 W ResourcesManager: Asset path '/system/framework/android.amazon.res.jar' does not exist or contains no resources.
04-13 00:41:46.390 22683 22716 I native-activity: Read pixels, GL error is 0x0
04-13 00:41:46.390 22683 22716 I native-activity: Swap 295 time is 34.869ms
04-13 00:41:46.390 22683 22716 I native-activity: Animating
04-13 00:41:46.398 22683 22716 I native-activity: Frame 296 GL error is 0x0
04-13 00:41:46.398 22683 22716 I native-activity: Frame 296 time is 7.853ms
04-13 00:41:46.398 22683 22716 I native-activity: Doing egl_swapbuffers_sync 1
04-13 00:41:46.398 22683 22716 D native-activity: Reading pixels format 0x1908 type 0x1401 bpp 4
04-13 00:41:46.415 20692 20755 D AmazonCMS: Cached image for package ***** is out of date with package update time (1480592179000,1480592179000) vs. 1491757484099
04-13 00:41:46.420 20692 20755 D AmazonCMS: loading icons for *****
04-13 00:41:46.422 20692 20755 D AmazonCMS: Loaded preloaded image from *****
04-13 00:41:46.424 22683 22716 I native-activity: Read pixels, GL error is 0x0
04-13 00:41:46.424 22683 22716 I native-activity: Swap 296 time is 33.929ms
04-13 00:41:46.424 22683 22716 I native-activity: Animating
04-13 00:41:46.435 22683 22716 I native-activity: Frame 297 GL error is 0x0
04-13 00:41:46.435 22683 22716 I native-activity: Frame 297 time is 10.851ms
04-13 00:41:46.435 22683 22716 I native-activity: Doing egl_swapbuffers_sync 1
04-13 00:41:46.435 22683 22716 D native-activity: Reading pixels format 0x1908 type 0x1401 bpp 4
04-13 00:41:46.450 20692 20755 D AmazonCMS: Loaded preloaded image from *****
04-13 00:41:46.461 22683 22716 I native-activity: Read pixels, GL error is 0x0
04-13 00:41:46.461 22683 22716 I native-activity: Swap 297 time is 36.328ms
04-13 00:41:46.461 22683 22716 I native-activity: Animating
04-13 00:41:46.463 20692 20755 D AmazonCMS: Cached image for package ***** is out of date with package update time (1480592179000,1480592179000) vs. 1491757399725
04-13 00:41:46.470 20692 20755 D AmazonCMS: loading icons for *****
04-13 00:41:46.474 22683 22716 I native-activity: Frame 298 GL error is 0x0
04-13 00:41:46.474 22683 22716 I native-activity: Frame 298 time is 13.334ms
04-13 00:41:46.474 22683 22716 I native-activity: Doing egl_swapbuffers_sync 1
04-13 00:41:46.474 22683 22716 D native-activity: Reading pixels format 0x1908 type 0x1401 bpp 4
04-13 00:41:46.479 20692 20755 D AmazonCMS: Loaded preloaded image from *****
04-13 00:41:46.499 20692 20755 D AmazonCMS: Cached image for package ***** is out of date with package update time (1480592179000,1480592179000) vs. 1491757609120
04-13 00:41:46.500 22683 22716 I native-activity: Read pixels, GL error is 0x0
04-13 00:41:46.500 22683 22716 I native-activity: Swap 298 time is 39.378ms
04-13 00:41:46.500 22683 22716 I native-activity: Animating
04-13 00:41:46.514 20692 22730 W asset   : Asset path /system/framework/android.amazon.res.jar is neither a directory nor file (type=1).
04-13 00:41:46.514 20692 22730 W ResourcesManager: Asset path '/system/framework/android.amazon.res.jar' does not exist or contains no resources.
04-13 00:41:46.514 22683 22716 I native-activity: Frame 299 GL error is 0x0
04-13 00:41:46.514 22683 22716 I native-activity: Frame 299 time is 13.166ms
04-13 00:41:46.514 22683 22716 I native-activity: Doing egl_swapbuffers_sync 1
04-13 00:41:46.514 22683 22716 D native-activity: Reading pixels format 0x1908 type 0x1401 bpp 4
04-13 00:41:46.515 20692 20755 D AmazonCMS: Loaded preloaded image from *****
04-13 00:41:46.516 20692 20755 D AmazonCMS: loading icons for *****
04-13 00:41:46.522 20692 20755 D AmazonCMS: Cached image for package ***** is out of date with package update time (1480592179000,1480592179000) vs. 1491757968262
04-13 00:41:46.524 20692 20755 D AmazonCMS: Loaded preloaded image from *****
04-13 00:41:46.526 20692 20755 D AmazonCMS: loading icons for *****
04-13 00:41:46.536 20692 20755 D AmazonCMS: Loaded preloaded image from *****
04-13 00:41:46.539 22683 22716 I native-activity: Read pixels, GL error is 0x0
04-13 00:41:46.540 22683 22716 I native-activity: Swap 299 time is 38.973ms
04-13 00:41:46.540 22683 22716 I native-activity: Animating
04-13 00:41:46.549 22683 22716 I native-activity: Frame 300 GL error is 0x0
04-13 00:41:46.549 22683 22716 I native-activity: Frame 300 time is 9.233ms
04-13 00:41:46.549 22683 22716 I native-activity: Doing egl_swapbuffers_sync 1
04-13 00:41:46.549 22683 22716 D native-activity: Reading pixels format 0x1908 type 0x1401 bpp 4
04-13 00:41:46.561 20692 20755 D AmazonCMS: Loaded preloaded image from *****
04-13 00:41:46.572 20692 20755 D AmazonCMS: Cached image for package ***** is out of date with package update time (1480592179000,1480592179000) vs. 1492012848432
04-13 00:41:46.574 22683 22716 I native-activity: Read pixels, GL error is 0x0
04-13 00:41:46.575 22683 22716 I native-activity: Swap 300 time is 34.927ms
04-13 00:41:46.575 22683 22716 I native-activity: Animating
04-13 00:41:46.575 20692 20755 D AmazonCMS: loading icons for *****
04-13 00:41:46.581 20692 20755 D AmazonCMS: Loaded preloaded image from *****
04-13 00:41:46.586 20692 20755 D AmazonCMS: Loaded preloaded image from *****
04-13 00:41:46.587 22683 22716 I native-activity: Frame 301 GL error is 0x0
04-13 00:41:46.587 22683 22716 I native-activity: Frame 301 time is 12.209ms
04-13 00:41:46.587 22683 22716 I native-activity: Doing egl_swapbuffers_sync 1
04-13 00:41:46.587 22683 22716 D native-activity: Reading pixels format 0x1908 type 0x1401 bpp 4
04-13 00:41:46.612 22683 22716 I native-activity: Read pixels, GL error is 0x0
04-13 00:41:46.612 22683 22716 I native-activity: Swap 301 time is 37.525ms
04-13 00:41:46.612 22683 22716 I native-activity: Animating
04-13 00:41:46.621 22683 22716 I native-activity: Frame 302 GL error is 0x0
04-13 00:41:46.621 22683 22716 I native-activity: Frame 302 time is 8.625ms
04-13 00:41:46.621 22683 22716 I native-activity: Doing egl_swapbuffers_sync 1
04-13 00:41:46.621 22683 22716 D native-activity: Reading pixels format 0x1908 type 0x1401 bpp 4
04-13 00:41:46.626 20692 20755 D AmazonCMS: Loaded preloaded image from *****
04-13 00:41:46.647 22683 22716 I native-activity: Read pixels, GL error is 0x0
04-13 00:41:46.647 22683 22716 I native-activity: Swap 302 time is 34.244ms
04-13 00:41:46.647 22683 22716 I native-activity: Animating
04-13 00:41:46.656 22683 22716 I native-activity: Frame 303 GL error is 0x0
04-13 00:41:46.656 22683 22716 I native-activity: Frame 303 time is 8.955ms
04-13 00:41:46.656 22683 22716 I native-activity: Doing egl_swapbuffers_sync 1
04-13 00:41:46.656 22683 22716 D native-activity: Reading pixels format 0x1908 type 0x1401 bpp 4
04-13 00:41:46.663 20692 22730 W asset   : Asset path /system/framework/android.amazon.res.jar is neither a directory nor file (type=1).
04-13 00:41:46.663 20692 22730 W ResourcesManager: Asset path '/system/framework/android.amazon.res.jar' does not exist or contains no resources.
04-13 00:41:46.668 20692 20755 D AmazonCMS: Cached image for package ***** is out of date with package update time (1480592179000,1480592179000) vs. 1491757812346
04-13 00:41:46.671 20692 20755 D AmazonCMS: loading icons for *****
04-13 00:41:46.681 22683 22716 I native-activity: Read pixels, GL error is 0x0
04-13 00:41:46.681 22683 22716 I native-activity: Swap 303 time is 34.477ms
04-13 00:41:46.681 22683 22716 I native-activity: Animating
04-13 00:41:46.683 20692 21297 I DCP     : Sending 0 dataset update for 'CloudCollections' namespace
04-13 00:41:46.690 22683 22716 I native-activity: Frame 304 GL error is 0x0
04-13 00:41:46.690 22683 22716 I native-activity: Frame 304 time is 8.980ms
04-13 00:41:46.690 22683 22716 I native-activity: Doing egl_swapbuffers_sync 1
04-13 00:41:46.690 22683 22716 D native-activity: Reading pixels format 0x1908 type 0x1401 bpp 4
04-13 00:41:46.692 20692 20755 D AmazonCMS: Loaded preloaded image from *****
04-13 00:41:46.710 20692 20755 V AmazonCMS: SyncClient - [SYNC] Syncing Namespace: [*****]
04-13 00:41:46.716 22683 22716 I native-activity: Read pixels, GL error is 0x0
04-13 00:41:46.716 22683 22716 I native-activity: Swap 304 time is 34.681ms
04-13 00:41:46.716 22683 22716 I native-activity: Animating
04-13 00:41:46.719 20692 20755 D AmazonCMS: Loaded preloaded image from *****
04-13 00:41:46.725 22683 22716 I native-activity: Frame 305 GL error is 0x0
04-13 00:41:46.726 22683 22716 I native-activity: Frame 305 time is 9.339ms
04-13 00:41:46.726 22683 22716 I native-activity: Doing egl_swapbuffers_sync 1
04-13 00:41:46.726 22683 22716 D native-activity: Reading pixels format 0x1908 type 0x1401 bpp 4
04-13 00:41:46.737 20692 21299 I DCP     : Sending 0 dataset update for 'CloudCollections.Items' namespace
04-13 00:41:46.752 22683 22716 I native-activity: Read pixels, GL error is 0x0
04-13 00:41:46.752 22683 22716 I native-activity: Swap 305 time is 35.530ms
04-13 00:41:46.752 22683 22716 I native-activity: Animating
04-13 00:41:46.761 22683 22716 I native-activity: Frame 306 GL error is 0x0
04-13 00:41:46.761 22683 22716 I native-activity: Frame 306 time is 8.894ms
04-13 00:41:46.761 22683 22716 I native-activity: Doing egl_swapbuffers_sync 1
04-13 00:41:46.761 22683 22716 D native-activity: Reading pixels format 0x1908 type 0x1401 bpp 4
04-13 00:41:46.786 22683 22716 I native-activity: Read pixels, GL error is 0x0
04-13 00:41:46.786 22683 22716 I native-activity: Swap 306 time is 33.937ms
04-13 00:41:46.786 22683 22716 I native-activity: Animating
04-13 00:41:46.793 22683 22716 I native-activity: Frame 307 GL error is 0x0
04-13 00:41:46.793 22683 22716 I native-activity: Frame 307 time is 7.179ms
04-13 00:41:46.793 22683 22716 I native-activity: Doing egl_swapbuffers_sync 1
04-13 00:41:46.793 22683 22716 D native-activity: Reading pixels format 0x1908 type 0x1401 bpp 4
04-13 00:41:46.819 22683 22716 I native-activity: Read pixels, GL error is 0x0
04-13 00:41:46.819 22683 22716 I native-activity: Swap 307 time is 32.724ms
04-13 00:41:46.819 22683 22716 I native-activity: Animating
04-13 00:41:46.830 22683 22716 I native-activity: Frame 308 GL error is 0x0
04-13 00:41:46.831 22683 22716 I native-activity: Frame 308 time is 11.767ms
04-13 00:41:46.831 22683 22716 I native-activity: Doing egl_swapbuffers_sync 1
04-13 00:41:46.831 22683 22716 D native-activity: Reading pixels format 0x1908 type 0x1401 bpp 4
04-13 00:41:46.856 22683 22716 I native-activity: Read pixels, GL error is 0x0
04-13 00:41:46.856 22683 22716 I native-activity: Swap 308 time is 37.267ms
04-13 00:41:46.856 22683 22716 I native-activity: Animating
04-13 00:41:46.872 22683 22716 I native-activity: Frame 309 GL error is 0x0
04-13 00:41:46.872 22683 22716 I native-activity: Frame 309 time is 15.518ms
04-13 00:41:46.872 22683 22716 I native-activity: Doing egl_swapbuffers_sync 1
04-13 00:41:46.872 22683 22716 D native-activity: Reading pixels format 0x1908 type 0x1401 bpp 4
04-13 00:41:46.897 22683 22716 I native-activity: Read pixels, GL error is 0x0
04-13 00:41:46.897 22683 22716 I native-activity: Swap 309 time is 40.871ms
04-13 00:41:46.897 22683 22716 I native-activity: Animating
04-13 00:41:46.913 22683 22716 I native-activity: Frame 310 GL error is 0x0
04-13 00:41:46.913 22683 22716 I native-activity: Frame 310 time is 15.468ms
04-13 00:41:46.913 22683 22716 I native-activity: Doing egl_swapbuffers_sync 1
04-13 00:41:46.913 22683 22716 D native-activity: Reading pixels format 0x1908 type 0x1401 bpp 4
04-13 00:41:46.938 22683 22716 I native-activity: Read pixels, GL error is 0x0
04-13 00:41:46.938 22683 22716 I native-activity: Swap 310 time is 40.628ms
04-13 00:41:46.938 22683 22716 I native-activity: Animating
04-13 00:41:46.990    82    82 I Kernel  : [45345.669159].(0)[82:mtk charger_hv_]charging_reset_watch_dog_timer
04-13 00:41:46.990    82    82 I Kernel  : [45345.670035].(0)[82:mtk charger_hv_]array_size = 16 
04-13 00:41:47.056 22683 22716 I native-activity: Frame 311 GL error is 0x501
04-13 00:41:47.056 22683 22716 I native-activity: Frame 311 time is 118.083ms
04-13 00:41:47.056 22683 22716 I native-activity: Doing egl_swapbuffers_sync 1
04-13 00:41:47.056 22683 22716 D native-activity: Reading pixels format 0x1908 type 0x1401 bpp 4
04-13 00:41:47.082 22683 22716 I native-activity: Read pixels, GL error is 0x0
04-13 00:41:47.082 22683 22716 I native-activity: Swap 311 time is 143.698ms
04-13 00:41:47.082 22683 22716 I native-activity: Animating
04-13 00:41:47.094 22683 22716 I native-activity: Frame 312 GL error is 0x0
04-13 00:41:47.094 22683 22716 I native-activity: Frame 312 time is 12.393ms
04-13 00:41:47.094 22683 22716 I native-activity: Doing egl_swapbuffers_sync 1
04-13 00:41:47.094 22683 22716 D native-activity: Reading pixels format 0x1908 type 0x1401 bpp 4
04-13 00:41:47.120 22683 22716 I native-activity: Read pixels, GL error is 0x0
04-13 00:41:47.120 22683 22716 I native-activity: Swap 312 time is 38.115ms
04-13 00:41:47.120 22683 22716 I native-activity: Animating
04-13 00:41:47.139 22683 22716 I native-activity: Frame 313 GL error is 0x0
04-13 00:41:47.139 22683 22716 I native-activity: Frame 313 time is 18.587ms
04-13 00:41:47.139 22683 22716 I native-activity: Doing egl_swapbuffers_sync 1
04-13 00:41:47.139 22683 22716 D native-activity: Reading pixels format 0x1908 type 0x1401 bpp 4
04-13 00:41:47.164 22683 22716 I native-activity: Read pixels, GL error is 0x0
04-13 00:41:47.164 22683 22716 I native-activity: Swap 313 time is 43.899ms
04-13 00:41:47.164 22683 22716 I native-activity: Animating
04-13 00:41:47.178 22683 22716 I native-activity: Frame 314 GL error is 0x0
04-13 00:41:47.178 22683 22716 I native-activity: Frame 314 time is 13.456ms
04-13 00:41:47.178 22683 22716 I native-activity: Doing egl_swapbuffers_sync 1
04-13 00:41:47.178 22683 22716 D native-activity: Reading pixels format 0x1908 type 0x1401 bpp 4
04-13 00:41:47.203 22683 22716 I native-activity: Read pixels, GL error is 0x0
04-13 00:41:47.203 22683 22716 I native-activity: Swap 314 time is 38.911ms
04-13 00:41:47.203 22683 22716 I native-activity: Animating
04-13 00:41:47.235 22683 22716 I native-activity: Frame 315 GL error is 0x501
04-13 00:41:47.235 22683 22716 I native-activity: Frame 315 time is 31.970ms
04-13 00:41:47.235 22683 22716 I native-activity: Doing egl_swapbuffers_sync 1
04-13 00:41:47.235 22683 22716 D native-activity: Reading pixels format 0x1908 type 0x1401 bpp 4
04-13 00:41:47.261 22683 22716 I native-activity: Read pixels, GL error is 0x0
04-13 00:41:47.261 22683 22716 I native-activity: Swap 315 time is 57.519ms
04-13 00:41:47.261 22683 22716 I native-activity: Animating
04-13 00:41:47.267 22683 22716 I native-activity: Frame 316 GL error is 0x0
04-13 00:41:47.267 22683 22716 I native-activity: Frame 316 time is 6.319ms
04-13 00:41:47.267 22683 22716 I native-activity: Doing egl_swapbuffers_sync 1
04-13 00:41:47.267 22683 22716 D native-activity: Reading pixels format 0x1908 type 0x1401 bpp 4
04-13 00:41:47.293 22683 22716 I native-activity: Read pixels, GL error is 0x0
04-13 00:41:47.293 22683 22716 I native-activity: Swap 316 time is 32.180ms
04-13 00:41:47.293 22683 22716 I native-activity: Animating
04-13 00:41:47.301 22683 22716 I native-activity: Frame 317 GL error is 0x0
04-13 00:41:47.301 22683 22716 I native-activity: Frame 317 time is 7.978ms
04-13 00:41:47.301 22683 22716 I native-activity: Doing egl_swapbuffers_sync 1
04-13 00:41:47.301 22683 22716 D native-activity: Reading pixels format 0x1908 type 0x1401 bpp 4
04-13 00:41:47.328 22683 22716 I native-activity: Read pixels, GL error is 0x0
04-13 00:41:47.329 22683 22716 I native-activity: Swap 317 time is 35.319ms
04-13 00:41:47.329 22683 22716 I native-activity: Animating
04-13 00:41:47.341 22683 22716 I native-activity: Frame 318 GL error is 0x0
04-13 00:41:47.341 22683 22716 I native-activity: Frame 318 time is 12.684ms
04-13 00:41:47.341 22683 22716 I native-activity: Doing egl_swapbuffers_sync 1
04-13 00:41:47.341 22683 22716 D native-activity: Reading pixels format 0x1908 type 0x1401 bpp 4
04-13 00:41:47.367 22683 22716 I native-activity: Read pixels, GL error is 0x0
04-13 00:41:47.368 22683 22716 I native-activity: Swap 318 time is 38.846ms
04-13 00:41:47.368 22683 22716 I native-activity: Animating
04-13 00:41:47.379 22683 22716 I native-activity: Frame 319 GL error is 0x0
04-13 00:41:47.380 22683 22716 I native-activity: Frame 319 time is 11.829ms
04-13 00:41:47.380 22683 22716 I native-activity: Doing egl_swapbuffers_sync 1
04-13 00:41:47.380 22683 22716 D native-activity: Reading pixels format 0x1908 type 0x1401 bpp 4
04-13 00:41:47.406 22683 22716 I native-activity: Read pixels, GL error is 0x0
04-13 00:41:47.406 22683 22716 I native-activity: Swap 319 time is 38.021ms
04-13 00:41:47.406 22683 22716 I native-activity: Animating
04-13 00:41:47.417 22683 22716 I native-activity: Frame 320 GL error is 0x0
04-13 00:41:47.417 22683 22716 I native-activity: Frame 320 time is 11.346ms
04-13 00:41:47.417 22683 22716 I native-activity: Doing egl_swapbuffers_sync 1
04-13 00:41:47.417 22683 22716 D native-activity: Reading pixels format 0x1908 type 0x1401 bpp 4
04-13 00:41:47.443 22683 22716 I native-activity: Read pixels, GL error is 0x0
04-13 00:41:47.444 22683 22716 I native-activity: Swap 320 time is 37.600ms
04-13 00:41:47.444 22683 22716 I native-activity: Animating
04-13 00:41:47.455 22683 22716 I native-activity: Frame 321 GL error is 0x0
04-13 00:41:47.455 22683 22716 I native-activity: Frame 321 time is 11.387ms
04-13 00:41:47.455 22683 22716 I native-activity: Doing egl_swapbuffers_sync 1
04-13 00:41:47.455 22683 22716 D native-activity: Reading pixels format 0x1908 type 0x1401 bpp 4
04-13 00:41:47.481 22683 22716 I native-activity: Read pixels, GL error is 0x0
04-13 00:41:47.481 22683 22716 I native-activity: Swap 321 time is 37.548ms
04-13 00:41:47.481 22683 22716 I native-activity: Animating
04-13 00:41:47.493 22683 22716 I native-activity: Frame 322 GL error is 0x0
04-13 00:41:47.493 22683 22716 I native-activity: Frame 322 time is 11.318ms
04-13 00:41:47.493 22683 22716 I native-activity: Doing egl_swapbuffers_sync 1
04-13 00:41:47.493 22683 22716 D native-activity: Reading pixels format 0x1908 type 0x1401 bpp 4
04-13 00:41:47.519 22683 22716 I native-activity: Read pixels, GL error is 0x0
04-13 00:41:47.519 22683 22716 I native-activity: Swap 322 time is 37.563ms
04-13 00:41:47.519 22683 22716 I native-activity: Animating
04-13 00:41:47.531 22683 22716 I native-activity: Frame 323 GL error is 0x0
04-13 00:41:47.531 22683 22716 I native-activity: Frame 323 time is 11.919ms
04-13 00:41:47.531 22683 22716 I native-activity: Doing egl_swapbuffers_sync 1
04-13 00:41:47.531 22683 22716 D native-activity: Reading pixels format 0x1908 type 0x1401 bpp 4
04-13 00:41:47.557 22683 22716 I native-activity: Read pixels, GL error is 0x0
04-13 00:41:47.557 22683 22716 I native-activity: Swap 323 time is 38.039ms
04-13 00:41:47.557 22683 22716 I native-activity: Animating
04-13 00:41:47.569 22683 22716 I native-activity: Frame 324 GL error is 0x0
04-13 00:41:47.569 22683 22716 I native-activity: Frame 324 time is 11.317ms
04-13 00:41:47.569 22683 22716 I native-activity: Doing egl_swapbuffers_sync 1
04-13 00:41:47.569 22683 22716 D native-activity: Reading pixels format 0x1908 type 0x1401 bpp 4
04-13 00:41:47.595 22683 22716 I native-activity: Read pixels, GL error is 0x0
04-13 00:41:47.595 22683 22716 I native-activity: Swap 324 time is 37.583ms
04-13 00:41:47.595 22683 22716 I native-activity: Animating
04-13 00:41:47.606 22683 22716 I native-activity: Frame 325 GL error is 0x0
04-13 00:41:47.606 22683 22716 I native-activity: Frame 325 time is 11.354ms
04-13 00:41:47.607 22683 22716 I native-activity: Doing egl_swapbuffers_sync 1
04-13 00:41:47.607 22683 22716 D native-activity: Reading pixels format 0x1908 type 0x1401 bpp 4
04-13 00:41:47.633 22683 22716 I native-activity: Read pixels, GL error is 0x0
04-13 00:41:47.633 22683 22716 I native-activity: Swap 325 time is 37.546ms
04-13 00:41:47.633 22683 22716 I native-activity: Animating
04-13 00:41:47.644 22683 22716 I native-activity: Frame 326 GL error is 0x0
04-13 00:41:47.644 22683 22716 I native-activity: Frame 326 time is 11.364ms
04-13 00:41:47.644 22683 22716 I native-activity: Doing egl_swapbuffers_sync 1
04-13 00:41:47.644 22683 22716 D native-activity: Reading pixels format 0x1908 type 0x1401 bpp 4
04-13 00:41:47.670 22683 22716 I native-activity: Read pixels, GL error is 0x0
04-13 00:41:47.670 22683 22716 I native-activity: Swap 326 time is 37.619ms
04-13 00:41:47.671 22683 22716 I native-activity: Animating
04-13 00:41:47.682 22683 22716 I native-activity: Frame 327 GL error is 0x0
04-13 00:41:47.682 22683 22716 I native-activity: Frame 327 time is 11.805ms
04-13 00:41:47.683 22683 22716 I native-activity: Doing egl_swapbuffers_sync 1
04-13 00:41:47.683 22683 22716 D native-activity: Reading pixels format 0x1908 type 0x1401 bpp 4
04-13 00:41:47.709 22683 22716 I native-activity: Read pixels, GL error is 0x0
04-13 00:41:47.709 22683 22716 I native-activity: Swap 327 time is 37.977ms
04-13 00:41:47.709 22683 22716 I native-activity: Animating
04-13 00:41:47.720 22683 22716 I native-activity: Frame 328 GL error is 0x0
04-13 00:41:47.720 22683 22716 I native-activity: Frame 328 time is 11.348ms
04-13 00:41:47.720 22683 22716 I native-activity: Doing egl_swapbuffers_sync 1
