04-13 00:42:47.018 22927 22963 I native-activity: Swap 420 time is 27.595ms
04-13 00:42:47.018 22927 22963 I native-activity: Animating
04-13 00:42:47.028 22927 22963 I native-activity: Frame 421 GL error is 0x0
04-13 00:42:47.028 22927 22963 I native-activity: Frame 421 time is 9.882ms
04-13 00:42:47.047 22927 22963 I native-activity: Swap 421 time is 28.236ms
04-13 00:42:47.047 22927 22963 I native-activity: Animating
04-13 00:42:47.062 22927 22963 I native-activity: Frame 422 GL error is 0x0
04-13 00:42:47.062 22927 22963 I native-activity: Frame 422 time is 15.397ms
04-13 00:42:47.082 22927 22963 I native-activity: Swap 422 time is 35.118ms
04-13 00:42:47.082 22927 22963 I native-activity: Animating
04-13 00:42:47.091 22927 22963 I native-activity: Frame 423 GL error is 0x0
04-13 00:42:47.092 22927 22963 I native-activity: Frame 423 time is 9.448ms
04-13 00:42:47.113 22927 22963 I native-activity: Swap 423 time is 30.560ms
04-13 00:42:47.113 22927 22963 I native-activity: Animating
04-13 00:42:47.100    82    82 I Kernel  : [45405.771594].(0)[82:mtk charger_hv_]charging_reset_watch_dog_timer
04-13 00:42:47.100    82    82 I Kernel  : [45405.773737].(0)[82:mtk charger_hv_]array_size = 16 
04-13 00:42:47.122 22927 22963 I native-activity: Frame 424 GL error is 0x0
04-13 00:42:47.122 22927 22963 I native-activity: Frame 424 time is 9.308ms
04-13 00:42:47.144 22927 22963 I native-activity: Swap 424 time is 30.786ms
04-13 00:42:47.144 22927 22963 I native-activity: Animating
04-13 00:42:47.153 22927 22963 I native-activity: Frame 425 GL error is 0x0
04-13 00:42:47.153 22927 22963 I native-activity: Frame 425 time is 8.814ms
04-13 00:42:47.174 22927 22963 I native-activity: Swap 425 time is 30.322ms
04-13 00:42:47.174 22927 22963 I native-activity: Animating
04-13 00:42:47.183 22927 22963 I native-activity: Frame 426 GL error is 0x0
04-13 00:42:47.183 22927 22963 I native-activity: Frame 426 time is 8.825ms
04-13 00:42:47.205 22927 22963 I native-activity: Swap 426 time is 30.541ms
04-13 00:42:47.205 22927 22963 I native-activity: Animating
04-13 00:42:47.213 22927 22963 I native-activity: Frame 427 GL error is 0x0
04-13 00:42:47.214 22927 22963 I native-activity: Frame 427 time is 8.536ms
04-13 00:42:47.235 22927 22963 I native-activity: Swap 427 time is 30.275ms
04-13 00:42:47.235 22927 22963 I native-activity: Animating
04-13 00:42:47.243 22927 22963 I native-activity: Frame 428 GL error is 0x0
04-13 00:42:47.243 22927 22963 I native-activity: Frame 428 time is 7.657ms
04-13 00:42:47.264 22927 22963 I native-activity: Swap 428 time is 28.696ms
04-13 00:42:47.264 22927 22963 I native-activity: Animating
04-13 00:42:47.272 22927 22963 I native-activity: Frame 429 GL error is 0x0
04-13 00:42:47.272 22927 22963 I native-activity: Frame 429 time is 7.471ms
04-13 00:42:47.292 22927 22963 I native-activity: Swap 429 time is 28.164ms
04-13 00:42:47.292 22927 22963 I native-activity: Animating
04-13 00:42:47.299 22927 22963 I native-activity: Frame 430 GL error is 0x0
04-13 00:42:47.299 22927 22963 I native-activity: Frame 430 time is 6.843ms
04-13 00:42:47.321 22927 22963 I native-activity: Swap 430 time is 28.293ms
04-13 00:42:47.321 22927 22963 I native-activity: Animating
04-13 00:42:47.320 21409 21409 I Kernel  : [45405.992096].(0)[21409:kworker/0:1H]regs_hotplug_callback cpu = 2
04-13 00:42:47.320    15    15 I Kernel  : [45405.992771]-(2)[15:migration/2][Power/hotplug] platform_cpu_disable, cpu: 2
04-13 00:42:47.320    15    15 I Kernel  : [45405.993117]-(2)[15:migration/2]regs_hotplug_callback cpu = 2
04-13 00:42:47.320     0     0 I Kernel  : [45405.993183]-(2)[0:swapper/2][Power/hotplug] platform_cpu_die, cpu: 2
04-13 00:42:47.332 22927 22963 I native-activity: Frame 431 GL error is 0x0
04-13 00:42:47.332 22927 22963 I native-activity: Frame 431 time is 11.222ms
04-13 00:42:47.320 21409 21409 I Kernel  : [45405.993406].(0)[21409:kworker/0:1H]CPU2: shutdown
04-13 00:42:47.320 21409 21409 I Kernel  : [45405.993456].(0)[21409:kworker/0:1H][Power/hotplug] platform_cpu_kill, cpu: 2
04-13 00:42:47.320 21409 21409 I Kernel  : [45405.993888].(0)[21409:kworker/0:1H]regs_hotplug_callback cpu = 2
04-13 00:42:47.320 21409 21409 I Kernel  : [45405.994168].(0)[21409:kworker/0:1H][WDK]cpu 2 plug off, kick wdt
04-13 00:42:47.320 21409 21409 I Kernel  : [45405.994253].(0)[21409:kworker/0:1H]regs_hotplug_callback cpu = 2
04-13 00:42:47.354 22927 22963 I native-activity: Swap 431 time is 32.667ms
04-13 00:42:47.354 22927 22963 I native-activity: Animating
04-13 00:42:47.362 22927 22963 I native-activity: Frame 432 GL error is 0x0
04-13 00:42:47.362 22927 22963 I native-activity: Frame 432 time is 8.309ms
04-13 00:42:47.383 22927 22963 I native-activity: Swap 432 time is 29.713ms
04-13 00:42:47.384 22927 22963 I native-activity: Animating
04-13 00:42:47.392 22927 22963 I native-activity: Frame 433 GL error is 0x0
04-13 00:42:47.392 22927 22963 I native-activity: Frame 433 time is 8.294ms
04-13 00:42:47.414 22927 22963 I native-activity: Swap 433 time is 30.219ms
04-13 00:42:47.414 22927 22963 I native-activity: Animating
04-13 00:42:47.426 22927 22963 I native-activity: Frame 434 GL error is 0x0
04-13 00:42:47.426 22927 22963 I native-activity: Frame 434 time is 12.081ms
04-13 00:42:47.448 22927 22963 I native-activity: Swap 434 time is 34.120ms
04-13 00:42:47.448 22927 22963 I native-activity: Animating
04-13 00:42:47.461 22927 22963 I native-activity: Frame 435 GL error is 0x0
04-13 00:42:47.462 22927 22963 I native-activity: Frame 435 time is 13.234ms
04-13 00:42:47.483 22927 22963 I native-activity: Swap 435 time is 34.758ms
04-13 00:42:47.483 22927 22963 I native-activity: Animating
04-13 00:42:47.496 22927 22963 I native-activity: Frame 436 GL error is 0x0
04-13 00:42:47.496 22927 22963 I native-activity: Frame 436 time is 12.960ms
04-13 00:42:47.518 22927 22963 I native-activity: Swap 436 time is 34.620ms
04-13 00:42:47.518 22927 22963 I native-activity: Animating
04-13 00:42:47.534 22927 22963 I native-activity: Frame 437 GL error is 0x0
04-13 00:42:47.534 22927 22963 I native-activity: Frame 437 time is 15.566ms
04-13 00:42:47.553 22927 22963 I native-activity: Swap 437 time is 34.790ms
04-13 00:42:47.553 22927 22963 I native-activity: Animating
04-13 00:42:47.568 22927 22963 I native-activity: Frame 438 GL error is 0x0
04-13 00:42:47.568 22927 22963 I native-activity: Frame 438 time is 15.169ms
04-13 00:42:47.586 22927 22963 I native-activity: Swap 438 time is 32.852ms
04-13 00:42:47.586 22927 22963 I native-activity: Animating
04-13 00:42:47.597 22927 22963 I native-activity: Frame 439 GL error is 0x0
04-13 00:42:47.597 22927 22963 I native-activity: Frame 439 time is 10.888ms
04-13 00:42:47.615 22927 22963 I native-activity: Swap 439 time is 28.839ms
04-13 00:42:47.615 22927 22963 I native-activity: Animating
04-13 00:42:47.632 22927 22963 I native-activity: Frame 440 GL error is 0x0
04-13 00:42:47.632 22927 22963 I native-activity: Frame 440 time is 16.439ms
04-13 00:42:47.655 22927 22963 I native-activity: Swap 440 time is 40.000ms
04-13 00:42:47.655 22927 22963 I native-activity: Animating
04-13 00:42:47.671 22927 22963 I native-activity: Frame 441 GL error is 0x0
04-13 00:42:47.671 22927 22963 I native-activity: Frame 441 time is 15.404ms
04-13 00:42:47.694 22927 22963 I native-activity: Swap 441 time is 38.961ms
04-13 00:42:47.695 22927 22963 I native-activity: Animating
04-13 00:42:47.709 22927 22963 I native-activity: Frame 442 GL error is 0x0
04-13 00:42:47.709 22927 22963 I native-activity: Frame 442 time is 14.609ms
04-13 00:42:47.734 22927 22963 I native-activity: Swap 442 time is 38.898ms
04-13 00:42:47.734 22927 22963 I native-activity: Animating
04-13 00:42:47.746 22927 22963 I native-activity: Frame 443 GL error is 0x0
04-13 00:42:47.746 22927 22963 I native-activity: Frame 443 time is 12.695ms
04-13 00:42:47.770 22927 22963 I native-activity: Swap 443 time is 36.582ms
04-13 00:42:47.771 22927 22963 I native-activity: Animating
04-13 00:42:47.784 22927 22963 I native-activity: Frame 444 GL error is 0x0
04-13 00:42:47.784 22927 22963 I native-activity: Frame 444 time is 13.057ms
04-13 00:42:47.807 22927 22963 I native-activity: Swap 444 time is 36.543ms
04-13 00:42:47.807 22927 22963 I native-activity: Animating
04-13 00:42:47.823 22927 22963 I native-activity: Frame 445 GL error is 0x0
04-13 00:42:47.823 22927 22963 I native-activity: Frame 445 time is 16.110ms
04-13 00:42:47.848 22927 22963 I native-activity: Swap 445 time is 40.220ms
04-13 00:42:47.848 22927 22963 I native-activity: Animating
04-13 00:42:47.861 22927 22963 I native-activity: Frame 446 GL error is 0x0
04-13 00:42:47.862 22927 22963 I native-activity: Frame 446 time is 13.769ms
04-13 00:42:47.885 22927 22963 I native-activity: Swap 446 time is 37.194ms
04-13 00:42:47.885 22927 22963 I native-activity: Animating
04-13 00:42:47.901 22927 22963 I native-activity: Frame 447 GL error is 0x0
04-13 00:42:47.901 22927 22963 I native-activity: Frame 447 time is 16.239ms
04-13 00:42:47.926 22927 22963 I native-activity: Swap 447 time is 40.743ms
04-13 00:42:47.926 22927 22963 I native-activity: Animating
04-13 00:42:47.940 22927 22963 I native-activity: Frame 448 GL error is 0x0
04-13 00:42:47.940 22927 22963 I native-activity: Frame 448 time is 14.141ms
04-13 00:42:47.964 22927 22963 I native-activity: Swap 448 time is 37.551ms
04-13 00:42:47.964 22927 22963 I native-activity: Animating
04-13 00:42:47.979 22927 22963 I native-activity: Frame 449 GL error is 0x0
04-13 00:42:47.979 22927 22963 I native-activity: Frame 449 time is 15.102ms
04-13 00:42:48.004 22927 22963 I native-activity: Swap 449 time is 39.657ms
04-13 00:42:48.004 22927 22963 I native-activity: Animating
04-13 00:42:48.017 22927 22963 I native-activity: Frame 450 GL error is 0x0
04-13 00:42:48.017 22927 22963 I native-activity: Frame 450 time is 12.995ms
04-13 00:42:48.040 22927 22963 I native-activity: Swap 450 time is 36.498ms
04-13 00:42:48.040 22927 22963 I native-activity: Animating
04-13 00:42:48.053 22927 22963 I native-activity: Frame 451 GL error is 0x0
04-13 00:42:48.053 22927 22963 I native-activity: Frame 451 time is 12.669ms
04-13 00:42:48.076 22927 22963 I native-activity: Swap 451 time is 35.935ms
04-13 00:42:48.077 22927 22963 I native-activity: Animating
04-13 00:42:48.090 22927 22963 I native-activity: Frame 452 GL error is 0x0
04-13 00:42:48.090 22927 22963 I native-activity: Frame 452 time is 13.130ms
04-13 00:42:48.113 22927 22963 I native-activity: Swap 452 time is 36.558ms
04-13 00:42:48.113 22927 22963 I native-activity: Animating
04-13 00:42:48.100    82    82 I Kernel  : [45406.773836].(0)[82:mtk charger_hv_]charging_reset_watch_dog_timer
04-13 00:42:48.100    82    82 I Kernel  : [45406.774744].(0)[82:mtk charger_hv_]array_size = 16 
04-13 00:42:48.128 22927 22963 I native-activity: Frame 453 GL error is 0x0
04-13 00:42:48.128 22927 22963 I native-activity: Frame 453 time is 15.015ms
04-13 00:42:48.153 22927 22963 I native-activity: Swap 453 time is 39.176ms
04-13 00:42:48.153 22927 22963 I native-activity: Animating
04-13 00:42:48.167 22927 22963 I native-activity: Frame 454 GL error is 0x0
04-13 00:42:48.168 22927 22963 I native-activity: Frame 454 time is 14.645ms
04-13 00:42:48.191 22927 22963 I native-activity: Swap 454 time is 38.568ms
04-13 00:42:48.192 22927 22963 I native-activity: Animating
04-13 00:42:48.206 22927 22963 I native-activity: Frame 455 GL error is 0x0
04-13 00:42:48.207 22927 22963 I native-activity: Frame 455 time is 14.917ms
04-13 00:42:48.230 22927 22963 I native-activity: Swap 455 time is 38.465ms
04-13 00:42:48.230 22927 22963 I native-activity: Animating
04-13 00:42:48.244 22927 22963 I native-activity: Frame 456 GL error is 0x0
04-13 00:42:48.244 22927 22963 I native-activity: Frame 456 time is 13.695ms
04-13 00:42:48.268 22927 22963 I native-activity: Swap 456 time is 37.772ms
04-13 00:42:48.268 22927 22963 I native-activity: Animating
04-13 00:42:48.282 22927 22963 I native-activity: Frame 457 GL error is 0x0
04-13 00:42:48.282 22927 22963 I native-activity: Frame 457 time is 13.842ms
04-13 00:42:48.306 22927 22963 I native-activity: Swap 457 time is 37.789ms
04-13 00:42:48.306 22927 22963 I native-activity: Animating
04-13 00:42:48.320 22927 22963 I native-activity: Frame 458 GL error is 0x0
04-13 00:42:48.321 22927 22963 I native-activity: Frame 458 time is 14.221ms
04-13 00:42:48.345 22927 22963 I native-activity: Swap 458 time is 38.342ms
04-13 00:42:48.345 22927 22963 I native-activity: Animating
04-13 00:42:48.360 22927 22963 I native-activity: Frame 459 GL error is 0x0
04-13 00:42:48.360 22927 22963 I native-activity: Frame 459 time is 15.153ms
04-13 00:42:48.383 22927 22963 I native-activity: Swap 459 time is 38.585ms
04-13 00:42:48.384 22927 22963 I native-activity: Animating
04-13 00:42:48.397 22927 22963 I native-activity: Frame 460 GL error is 0x0
04-13 00:42:48.397 22927 22963 I native-activity: Frame 460 time is 13.576ms
04-13 00:42:48.421 22927 22963 I native-activity: Swap 460 time is 37.681ms
04-13 00:42:48.422 22927 22963 I native-activity: Animating
04-13 00:42:48.435 22927 22963 I native-activity: Frame 461 GL error is 0x0
04-13 00:42:48.436 22927 22963 I native-activity: Frame 461 time is 13.625ms
04-13 00:42:48.459 22927 22963 I native-activity: Swap 461 time is 37.169ms
04-13 00:42:48.459 22927 22963 I native-activity: Animating
04-13 00:42:48.492 22927 22963 I native-activity: Frame 462 GL error is 0x501
04-13 00:42:48.493 22927 22963 I native-activity: Frame 462 time is 33.638ms
04-13 00:42:48.511 22927 22963 I native-activity: Swap 462 time is 52.400ms
04-13 00:42:48.512 22927 22963 I native-activity: Animating
04-13 00:42:48.528 22927 22963 I native-activity: Frame 463 GL error is 0x0
04-13 00:42:48.528 22927 22963 I native-activity: Frame 463 time is 16.071ms
04-13 00:42:48.546 22927 22963 I native-activity: Swap 463 time is 34.504ms
04-13 00:42:48.546 22927 22963 I native-activity: Animating
04-13 00:42:48.555 22927 22963 I native-activity: Frame 464 GL error is 0x0
04-13 00:42:48.555 22927 22963 I native-activity: Frame 464 time is 8.629ms
04-13 00:42:48.575 22927 22963 I native-activity: Swap 464 time is 28.507ms
04-13 00:42:48.575 22927 22963 I native-activity: Animating
04-13 00:42:48.583 22927 22963 I native-activity: Frame 465 GL error is 0x0
04-13 00:42:48.583 22927 22963 I native-activity: Frame 465 time is 8.180ms
04-13 00:42:48.603 22927 22963 I native-activity: Swap 465 time is 27.765ms
04-13 00:42:48.603 22927 22963 I native-activity: Animating
04-13 00:42:48.616 22927 22963 I native-activity: Frame 466 GL error is 0x0
04-13 00:42:48.616 22927 22963 I native-activity: Frame 466 time is 13.269ms
04-13 00:42:48.636 22927 22963 I native-activity: Swap 466 time is 32.971ms
04-13 00:42:48.636 22927 22963 I native-activity: Animating
04-13 00:42:48.649 22927 22963 I native-activity: Frame 467 GL error is 0x0
04-13 00:42:48.649 22927 22963 I native-activity: Frame 467 time is 12.513ms
04-13 00:42:48.669 22927 22963 I native-activity: Swap 467 time is 33.109ms
04-13 00:42:48.669 22927 22963 I native-activity: Animating
04-13 00:42:48.686 22927 22963 I native-activity: Frame 468 GL error is 0x0
04-13 00:42:48.686 22927 22963 I native-activity: Frame 468 time is 16.306ms
04-13 00:42:48.707 22927 22963 I native-activity: Swap 468 time is 37.471ms
04-13 00:42:48.707 22927 22963 I native-activity: Animating
04-13 00:42:48.740 22927 22963 I native-activity: Frame 469 GL error is 0x501
04-13 00:42:48.740 22927 22963 I native-activity: Frame 469 time is 32.817ms
04-13 00:42:48.760 22927 22963 I native-activity: Swap 469 time is 52.843ms
04-13 00:42:48.760 22927 22963 I native-activity: Animating
04-13 00:42:48.769 22927 22963 I native-activity: Frame 470 GL error is 0x0
04-13 00:42:48.769 22927 22963 I native-activity: Frame 470 time is 8.640ms
04-13 00:42:48.789 22927 22963 I native-activity: Swap 470 time is 28.903ms
04-13 00:42:48.789 22927 22963 I native-activity: Animating
04-13 00:42:48.798 22927 22963 I native-activity: Frame 471 GL error is 0x0
04-13 00:42:48.798 22927 22963 I native-activity: Frame 471 time is 8.479ms
04-13 00:42:48.817 22927 22963 I native-activity: Swap 471 time is 28.037ms
04-13 00:42:48.817 22927 22963 I native-activity: Animating
04-13 00:42:48.810     0     0 I Kernel  : [45407.487024]-(0)[0:swapper/0]dpi vsync
04-13 00:42:48.831 22927 22963 I native-activity: Frame 472 GL error is 0x0
04-13 00:42:48.831 22927 22963 I native-activity: Frame 472 time is 13.749ms
04-13 00:42:48.852 22927 22963 I native-activity: Swap 472 time is 34.280ms
04-13 00:42:48.852 22927 22963 I native-activity: Animating
04-13 00:42:48.867 22927 22963 I native-activity: Frame 473 GL error is 0x0
04-13 00:42:48.867 22927 22963 I native-activity: Frame 473 time is 15.359ms
04-13 00:42:48.889 22927 22963 I native-activity: Swap 473 time is 36.641ms
04-13 00:42:48.889 22927 22963 I native-activity: Animating
04-13 00:42:48.904 22927 22963 I native-activity: Frame 474 GL error is 0x0
04-13 00:42:48.904 22927 22963 I native-activity: Frame 474 time is 15.314ms
04-13 00:42:48.926 22927 22963 I native-activity: Swap 474 time is 36.648ms
04-13 00:42:48.926 22927 22963 I native-activity: Animating
04-13 00:42:48.941 22927 22963 I native-activity: Frame 475 GL error is 0x0
04-13 00:42:48.941 22927 22963 I native-activity: Frame 475 time is 15.712ms
04-13 00:42:48.963 22927 22963 I native-activity: Swap 475 time is 37.556ms
04-13 00:42:48.963 22927 22963 I native-activity: Animating
04-13 00:42:48.979 22927 22963 I native-activity: Frame 476 GL error is 0x0
04-13 00:42:48.979 22927 22963 I native-activity: Frame 476 time is 15.795ms
04-13 00:42:49.002 22927 22963 I native-activity: Swap 476 time is 38.601ms
04-13 00:42:49.002 22927 22963 I native-activity: Animating
04-13 00:42:49.019 22927 22963 I native-activity: Frame 477 GL error is 0x0
04-13 00:42:49.019 22927 22963 I native-activity: Frame 477 time is 16.343ms
04-13 00:42:49.030    81    81 I Kernel  : [45407.704568].(0)[81:bat_thread_kthr][BAT_thread]Cable in, CHR_Type_num=2
04-13 00:42:49.042 22927 22963 I native-activity: Swap 477 time is 39.598ms
04-13 00:42:49.042 22927 22963 I native-activity: Animating
04-13 00:42:49.061 22927 22963 I native-activity: Frame 478 GL error is 0x0
04-13 00:42:49.061 22927 22963 I native-activity: Frame 478 time is 19.220ms
04-13 00:42:49.050    81    81 I Kernel  : [45407.722479].(0)[81:bat_thread_kthr]AvgVbat=(4203),bat_vol=(4205),AvgI=(0),I=(0),VChr=(4655),AvgT=(24),T=(25),pre_SOC=(100),SOC=(100),ZCV=(4045)
04-13 00:42:49.050    81    81 I Kernel  : [45407.722574].(0)[81:bat_thread_kthr][BATTERY] support JEITA, temperature=24
04-13 00:42:49.050    81    81 I Kernel  : [45407.723078][BATTERY] Battery Normal Temperature between 10 and 45 !!
04-13 00:42:49.050    81    81 I Kernel  : [45407.723119].(0)[81:bat_thread_kthr]array_size = 51 
04-13 00:42:49.050    81    81 I Kernel  : [45407.724499].(1)[81:bat_thread_kthr]charging_reset_watch_dog_timer
04-13 00:42:49.060  2159  2159 I Kernel  : [45407.733676].(0)[2159:wpa_supplicant]poorlink get state G(361669)F(49)dbad(0)dretry(0)LT(540)RT(-77)W(0)(12231)
04-13 00:42:49.060  2137  2137 I Kernel  : [45407.735668][wlan] nicTxReleaseResource: (TX STATE)
04-13 00:42:49.060  2137  2137 I Kernel  : Release: TC4 count 1, Free=4; TC5 count 0, Free=4
04-13 00:42:49.070    81    81 I Kernel  : [45407.741842].(0)[81:bat_thread_kthr][BATTERY] Default CC mode charging : 150000, input current = 150000
04-13 00:42:49.070    81    81 I Kernel  : [45407.741879].(0)[81:bat_thread_kthr]array_size = 8 
04-13 00:42:49.087 22927 22963 I native-activity: Swap 478 time is 44.498ms
04-13 00:42:49.087 22927 22963 I native-activity: Animating
04-13 00:42:49.070    81    81 I Kernel  : [45407.745053].(0)[81:bat_thread_kthr]array_size = 28 
04-13 00:42:49.070    81    81 I Kernel  : [45407.749257].(0)[81:bat_thread_kthr]charging_dump_register
04-13 00:42:49.080    81    81 I Kernel  : [45407.753865].(0)[81:bat_thread_kthr][bq24296_dump_register] Reg[0x0]=0x45
04-13 00:42:49.080    81    81 I Kernel  : [45407.756412].(0)[81:bat_thread_kthr][bq24296_dump_register] Reg[0x1]=0x1B
04-13 00:42:49.080    81    81 I Kernel  : [45407.756962].(0)[81:bat_thread_kthr][bq24296_dump_register] Reg[0x2]=0x3C
04-13 00:42:49.080    81    81 I Kernel  : [45407.757492].(0)[81:bat_thread_kthr][bq24296_dump_register] Reg[0x3]=0x30
04-13 00:42:49.080    81    81 I Kernel  : [45407.758027].(0)[81:bat_thread_kthr][bq24296_dump_register] Reg[0x4]=0xB2
04-13 00:42:49.080    81    81 I Kernel  : [45407.758573].(0)[81:bat_thread_kthr][bq24296_dump_register] Reg[0x5]=0x94
04-13 00:42:49.080    81    81 I Kernel  : [45407.759263].(0)[81:bat_thread_kthr][bq24296_dump_register] Reg[0x6]=0x73
04-13 00:42:49.080    81    81 I Kernel  : [45407.759811].(0)[81:bat_thread_kthr][bq24296_dump_register] Reg[0x7]=0x48
04-13 00:42:49.080    81    81 I Kernel  : [45407.760340].(0)[81:bat_thread_kthr][bq24296_dump_register] Reg[0x8]=0x64
04-13 00:42:49.080    81    81 I Kernel  : [45407.760873].(0)[81:bat_thread_kthr][bq24296_dump_register] Reg[0x9]=0x0
04-13 00:42:49.080    81    81 I Kernel  : [45407.761398].(0)[81:bat_thread_kthr][bq24296_dump_register] Reg[0xA]=0x20
04-13 00:42:49.106 22927 22963 I native-activity: Frame 479 GL error is 0x0
04-13 00:42:49.106 22927 22963 I native-activity: Frame 479 time is 19.273ms
04-13 00:42:49.107   143   315 I hwcomposer: [DPY] UEventThread::threadLoop recv change@/devices/platform/battery/power_supply/battery
04-13 00:42:49.090    81    81 I Kernel  : [45407.766112].(0)[81:bat_thread_kthr][100percent],UI_SOC = 99
04-13 00:42:49.090    81    81 I Kernel  : [45407.766157].(0)[81:bat_thread_kthr]UI_SOC=(100), resetBatteryMeter=(0)
04-13 00:42:49.090    81    81 I Kernel  : [45407.766417].(0)[81:bat_thread_kthr][mt_kpoc_power_off_check] , chr_vol=4655, boot_mode=0
04-13 00:42:49.090   139   139 I Kernel  : [45407.768484].(0)[139:healthd]healthd: battery l=100 v=4203 t=24.0 h=2 st=5 chg=u
04-13 00:42:49.100    82    82 I Kernel  : [45407.774865].(0)[82:mtk charger_hv_]charging_reset_watch_dog_timer
04-13 00:42:49.100    82    82 I Kernel  : [45407.776202].(0)[82:mtk charger_hv_]array_size = 16 
04-13 00:42:49.134 22927 22963 I native-activity: Swap 479 time is 47.440ms
04-13 00:42:49.135 22927 22963 I native-activity: Animating
04-13 00:42:49.154 22927 22963 I native-activity: Frame 480 GL error is 0x0
04-13 00:42:49.154 22927 22963 I native-activity: Frame 480 time is 19.056ms
04-13 00:42:49.183 22927 22963 I native-activity: Swap 480 time is 47.968ms
04-13 00:42:49.183 22927 22963 I native-activity: Animating
04-13 00:42:49.199 22927 22963 I native-activity: Frame 481 GL error is 0x0
04-13 00:42:49.199 22927 22963 I native-activity: Frame 481 time is 16.273ms
04-13 00:42:49.228 22927 22963 I native-activity: Swap 481 time is 45.198ms
04-13 00:42:49.228 22927 22963 I native-activity: Animating
04-13 00:42:49.245 22927 22963 I native-activity: Frame 482 GL error is 0x0
04-13 00:42:49.245 22927 22963 I native-activity: Frame 482 time is 16.519ms
04-13 00:42:49.274 22927 22963 I native-activity: Swap 482 time is 45.323ms
04-13 00:42:49.274 22927 22963 I native-activity: Animating
04-13 00:42:49.290 22927 22963 I native-activity: Frame 483 GL error is 0x0
04-13 00:42:49.290 22927 22963 I native-activity: Frame 483 time is 16.326ms
04-13 00:42:49.318 22927 22963 I native-activity: Swap 483 time is 44.369ms
04-13 00:42:49.318 22927 22963 I native-activity: Animating
04-13 00:42:49.334 22927 22963 I native-activity: Frame 484 GL error is 0x0
04-13 00:42:49.334 22927 22963 I native-activity: Frame 484 time is 15.824ms
04-13 00:42:49.362 22927 22963 I native-activity: Swap 484 time is 43.903ms
04-13 00:42:49.362 22927 22963 I native-activity: Animating
04-13 00:42:49.378 22927 22963 I native-activity: Frame 485 GL error is 0x0
04-13 00:42:49.378 22927 22963 I native-activity: Frame 485 time is 15.886ms
04-13 00:42:49.406 22927 22963 I native-activity: Swap 485 time is 43.875ms
04-13 00:42:49.406 22927 22963 I native-activity: Animating
04-13 00:42:49.423 22927 22963 I native-activity: Frame 486 GL error is 0x0
04-13 00:42:49.423 22927 22963 I native-activity: Frame 486 time is 16.696ms
04-13 00:42:49.451 22927 22963 I native-activity: Swap 486 time is 44.715ms
04-13 00:42:49.451 22927 22963 I native-activity: Animating
04-13 00:42:49.468 22927 22963 I native-activity: Frame 487 GL error is 0x0
04-13 00:42:49.468 22927 22963 I native-activity: Frame 487 time is 16.866ms
04-13 00:42:49.496 22927 22963 I native-activity: Swap 487 time is 44.245ms
04-13 00:42:49.496 22927 22963 I native-activity: Animating
04-13 00:42:49.513 22927 22963 I native-activity: Frame 488 GL error is 0x0
04-13 00:42:49.514 22927 22963 I native-activity: Frame 488 time is 17.663ms
04-13 00:42:49.542 22927 22963 I native-activity: Swap 488 time is 45.622ms
04-13 00:42:49.542 22927 22963 I native-activity: Animating
04-13 00:42:49.557 22927 22963 I native-activity: Frame 489 GL error is 0x0
04-13 00:42:49.557 22927 22963 I native-activity: Frame 489 time is 15.698ms
04-13 00:42:49.586 22927 22963 I native-activity: Swap 489 time is 43.880ms
04-13 00:42:49.586 22927 22963 I native-activity: Animating
04-13 00:42:49.603 22927 22963 I native-activity: Frame 490 GL error is 0x0
04-13 00:42:49.603 22927 22963 I native-activity: Frame 490 time is 16.760ms
04-13 00:42:49.630 22927 22963 I native-activity: Swap 490 time is 44.234ms
04-13 00:42:49.630 22927 22963 I native-activity: Animating
04-13 00:42:49.646 22927 22963 I native-activity: Frame 491 GL error is 0x0
04-13 00:42:49.646 22927 22963 I native-activity: Frame 491 time is 16.102ms
04-13 00:42:49.675 22927 22963 I native-activity: Swap 491 time is 44.483ms
04-13 00:42:49.675 22927 22963 I native-activity: Animating
04-13 00:42:49.692 22927 22963 I native-activity: Frame 492 GL error is 0x0
04-13 00:42:49.692 22927 22963 I native-activity: Frame 492 time is 16.694ms
04-13 00:42:49.720 22927 22963 I native-activity: Swap 492 time is 45.240ms
04-13 00:42:49.720 22927 22963 I native-activity: Animating
04-13 00:42:49.736 22927 22963 I native-activity: Frame 493 GL error is 0x0
04-13 00:42:49.736 22927 22963 I native-activity: Frame 493 time is 16.022ms
04-13 00:42:49.765 22927 22963 I native-activity: Swap 493 time is 44.286ms
04-13 00:42:49.765 22927 22963 I native-activity: Animating
04-13 00:42:49.781 22927 22963 I native-activity: Frame 494 GL error is 0x0
04-13 00:42:49.781 22927 22963 I native-activity: Frame 494 time is 15.986ms
04-13 00:42:49.809 22927 22963 I native-activity: Swap 494 time is 44.212ms
04-13 00:42:49.809 22927 22963 I native-activity: Animating
04-13 00:42:49.825 22927 22963 I native-activity: Frame 495 GL error is 0x0
04-13 00:42:49.826 22927 22963 I native-activity: Frame 495 time is 16.136ms
04-13 00:42:49.854 22927 22963 I native-activity: Swap 495 time is 44.209ms
04-13 00:42:49.854 22927 22963 I native-activity: Animating
04-13 00:42:49.870 22927 22963 I native-activity: Frame 496 GL error is 0x0
04-13 00:42:49.870 22927 22963 I native-activity: Frame 496 time is 16.002ms
04-13 00:42:49.898 22927 22963 I native-activity: Swap 496 time is 44.091ms
04-13 00:42:49.898 22927 22963 I native-activity: Animating
04-13 00:42:49.914 22927 22963 I native-activity: Frame 497 GL error is 0x0
04-13 00:42:49.914 22927 22963 I native-activity: Frame 497 time is 16.229ms
04-13 00:42:49.942 22927 22963 I native-activity: Swap 497 time is 44.303ms
04-13 00:42:49.943 22927 22963 I native-activity: Animating
04-13 00:42:49.958 22927 22963 I native-activity: Frame 498 GL error is 0x0
04-13 00:42:49.959 22927 22963 I native-activity: Frame 498 time is 15.839ms
04-13 00:42:49.987 22927 22963 I native-activity: Swap 498 time is 43.910ms
04-13 00:42:49.987 22927 22963 I native-activity: Animating
04-13 00:42:50.004 22927 22963 I native-activity: Frame 499 GL error is 0x0
04-13 00:42:50.004 22927 22963 I native-activity: Frame 499 time is 17.263ms
04-13 00:42:50.033 22927 22963 I native-activity: Swap 499 time is 45.832ms
04-13 00:42:50.033 22927 22963 I native-activity: Animating
04-13 00:42:50.049 22927 22963 I native-activity: Frame 500 GL error is 0x0
04-13 00:42:50.049 22927 22963 I native-activity: Frame 500 time is 15.933ms
04-13 00:42:50.076 22927 22963 I native-activity: Swap 500 time is 43.358ms
04-13 00:42:50.076 22927 22963 I native-activity: Animating
04-13 00:42:50.093 22927 22963 I native-activity: Frame 501 GL error is 0x0
04-13 00:42:50.093 22927 22963 I native-activity: Frame 501 time is 16.323ms
04-13 00:42:50.100    82    82 I Kernel  : [45408.776304].(0)[82:mtk charger_hv_]charging_reset_watch_dog_timer
04-13 00:42:50.100    82    82 I Kernel  : [45408.777244].(0)[82:mtk charger_hv_]array_size = 16 
04-13 00:42:50.121 22927 22963 I native-activity: Swap 501 time is 44.519ms
04-13 00:42:50.121 22927 22963 I native-activity: Animating
04-13 00:42:50.138 22927 22963 I native-activity: Frame 502 GL error is 0x0
04-13 00:42:50.138 22927 22963 I native-activity: Frame 502 time is 16.559ms
04-13 00:42:50.166 22927 22963 I native-activity: Swap 502 time is 44.495ms
04-13 00:42:50.166 22927 22963 I native-activity: Animating
04-13 00:42:50.183 22927 22963 I native-activity: Frame 503 GL error is 0x0
04-13 00:42:50.183 22927 22963 I native-activity: Frame 503 time is 16.797ms
04-13 00:42:50.211 22927 22963 I native-activity: Swap 503 time is 44.780ms
04-13 00:42:50.211 22927 22963 I native-activity: Animating
04-13 00:42:50.227 22927 22963 I native-activity: Frame 504 GL error is 0x0
04-13 00:42:50.227 22927 22963 I native-activity: Frame 504 time is 16.580ms
04-13 00:42:50.255 22927 22963 I native-activity: Swap 504 time is 44.464ms
04-13 00:42:50.256 22927 22963 I native-activity: Animating
04-13 00:42:50.272 22927 22963 I native-activity: Frame 505 GL error is 0x0
04-13 00:42:50.272 22927 22963 I native-activity: Frame 505 time is 16.762ms
04-13 00:42:50.300 22927 22963 I native-activity: Swap 505 time is 44.570ms
04-13 00:42:50.300 22927 22963 I native-activity: Animating
04-13 00:42:50.317 22927 22963 I native-activity: Frame 506 GL error is 0x0
04-13 00:42:50.317 22927 22963 I native-activity: Frame 506 time is 16.216ms
04-13 00:42:50.344 22927 22963 I native-activity: Swap 506 time is 43.474ms
04-13 00:42:50.344 22927 22963 I native-activity: Animating
04-13 00:42:50.361 22927 22963 I native-activity: Frame 507 GL error is 0x0
04-13 00:42:50.361 22927 22963 I native-activity: Frame 507 time is 16.741ms
04-13 00:42:50.388 22927 22963 I native-activity: Swap 507 time is 44.029ms
04-13 00:42:50.388 22927 22963 I native-activity: Animating
04-13 00:42:50.406 22927 22963 I native-activity: Frame 508 GL error is 0x0
04-13 00:42:50.406 22927 22963 I native-activity: Frame 508 time is 17.450ms
04-13 00:42:50.434 22927 22963 I native-activity: Swap 508 time is 45.725ms
04-13 00:42:50.434 22927 22963 I native-activity: Animating
04-13 00:42:50.451 22927 22963 I native-activity: Frame 509 GL error is 0x0
04-13 00:42:50.451 22927 22963 I native-activity: Frame 509 time is 16.921ms
04-13 00:42:50.479 22927 22963 I native-activity: Swap 509 time is 44.851ms
04-13 00:42:50.479 22927 22963 I native-activity: Animating
04-13 00:42:50.496 22927 22963 I native-activity: Frame 510 GL error is 0x0
04-13 00:42:50.496 22927 22963 I native-activity: Frame 510 time is 16.759ms
04-13 00:42:50.524 22927 22963 I native-activity: Swap 510 time is 44.775ms
04-13 00:42:50.524 22927 22963 I native-activity: Animating
04-13 00:42:50.541 22927 22963 I native-activity: Frame 511 GL error is 0x0
04-13 00:42:50.541 22927 22963 I native-activity: Frame 511 time is 17.118ms
04-13 00:42:50.570 22927 22963 I native-activity: Swap 511 time is 45.219ms
04-13 00:42:50.570 22927 22963 I native-activity: Animating
04-13 00:42:50.586 22927 22963 I native-activity: Frame 512 GL error is 0x0
04-13 00:42:50.586 22927 22963 I native-activity: Frame 512 time is 16.607ms
04-13 00:42:50.614 22927 22963 I native-activity: Swap 512 time is 44.709ms
04-13 00:42:50.615 22927 22963 I native-activity: Animating
04-13 00:42:50.631 22927 22963 I native-activity: Frame 513 GL error is 0x0
04-13 00:42:50.631 22927 22963 I native-activity: Frame 513 time is 16.635ms
04-13 00:42:50.659 22927 22963 I native-activity: Swap 513 time is 44.704ms
04-13 00:42:50.660 22927 22963 I native-activity: Animating
04-13 00:42:50.676 22927 22963 I native-activity: Frame 514 GL error is 0x0
04-13 00:42:50.676 22927 22963 I native-activity: Frame 514 time is 16.345ms
04-13 00:42:50.704 22927 22963 I native-activity: Swap 514 time is 44.328ms
04-13 00:42:50.704 22927 22963 I native-activity: Animating
04-13 00:42:50.721 22927 22963 I native-activity: Frame 515 GL error is 0x0
04-13 00:42:50.721 22927 22963 I native-activity: Frame 515 time is 16.549ms
04-13 00:42:50.749 22927 22963 I native-activity: Swap 515 time is 44.703ms
04-13 00:42:50.749 22927 22963 I native-activity: Animating
04-13 00:42:50.765 22927 22963 I native-activity: Frame 516 GL error is 0x0
04-13 00:42:50.766 22927 22963 I native-activity: Frame 516 time is 16.398ms
04-13 00:42:50.794 22927 22963 I native-activity: Swap 516 time is 44.429ms
04-13 00:42:50.794 22927 22963 I native-activity: Animating
04-13 00:42:50.810 22927 22963 I native-activity: Frame 517 GL error is 0x0
04-13 00:42:50.810 22927 22963 I native-activity: Frame 517 time is 16.347ms
04-13 00:42:50.838 22927 22963 I native-activity: Swap 517 time is 44.519ms
04-13 00:42:50.838 22927 22963 I native-activity: Animating
04-13 00:42:50.855 22927 22963 I native-activity: Frame 518 GL error is 0x0
04-13 00:42:50.855 22927 22963 I native-activity: Frame 518 time is 16.212ms
04-13 00:42:50.840     0     0 I Kernel  : [45409.519202]-(0)[0:swapper/0]dpi vsync
04-13 00:42:50.883 22927 22963 I native-activity: Swap 518 time is 44.501ms
04-13 00:42:50.883 22927 22963 I native-activity: Animating
04-13 00:42:50.900 22927 22963 I native-activity: Frame 519 GL error is 0x0
04-13 00:42:50.900 22927 22963 I native-activity: Frame 519 time is 16.748ms
04-13 00:42:50.928 22927 22963 I native-activity: Swap 519 time is 45.174ms
04-13 00:42:50.929 22927 22963 I native-activity: Animating
04-13 00:42:50.945 22927 22963 I native-activity: Frame 520 GL error is 0x0
04-13 00:42:50.945 22927 22963 I native-activity: Frame 520 time is 15.970ms
04-13 00:42:50.973 22927 22963 I native-activity: Swap 520 time is 44.444ms
04-13 00:42:50.973 22927 22963 I native-activity: Animating
04-13 00:42:50.989 22927 22963 I native-activity: Frame 521 GL error is 0x0
04-13 00:42:50.990 22927 22963 I native-activity: Frame 521 time is 16.199ms
04-13 00:42:51.018 22927 22963 I native-activity: Swap 521 time is 44.276ms
04-13 00:42:51.018 22927 22963 I native-activity: Animating
04-13 00:42:51.034 22927 22963 I native-activity: Frame 522 GL error is 0x0
04-13 00:42:51.034 22927 22963 I native-activity: Frame 522 time is 16.185ms
04-13 00:42:51.062 22927 22963 I native-activity: Swap 522 time is 44.485ms
04-13 00:42:51.062 22927 22963 I native-activity: Animating
04-13 00:42:51.079 22927 22963 I native-activity: Frame 523 GL error is 0x0
04-13 00:42:51.079 22927 22963 I native-activity: Frame 523 time is 16.111ms
04-13 00:42:51.107 22927 22963 I native-activity: Swap 523 time is 44.517ms
04-13 00:42:51.107 22927 22963 I native-activity: Animating
04-13 00:42:51.100    82    82 I Kernel  : [45409.777367].(0)[82:mtk charger_hv_]charging_reset_watch_dog_timer
04-13 00:42:51.100    82    82 I Kernel  : [45409.778322].(0)[82:mtk charger_hv_]array_size = 16 
04-13 00:42:51.123 22927 22963 I native-activity: Frame 524 GL error is 0x0
04-13 00:42:51.124 22927 22963 I native-activity: Frame 524 time is 16.268ms
04-13 00:42:51.152 22927 22963 I native-activity: Swap 524 time is 45.081ms
04-13 00:42:51.153 22927 22963 I native-activity: Animating
04-13 00:42:51.168 22927 22963 I native-activity: Frame 525 GL error is 0x0
04-13 00:42:51.168 22927 22963 I native-activity: Frame 525 time is 15.304ms
04-13 00:42:51.197 22927 22963 I native-activity: Swap 525 time is 44.296ms
04-13 00:42:51.197 22927 22963 I native-activity: Animating
04-13 00:42:51.234 22927 22963 I native-activity: Frame 526 GL error is 0x0
04-13 00:42:51.234 22927 22963 I native-activity: Frame 526 time is 37.254ms
04-13 00:42:51.263 22927 22963 I native-activity: Swap 526 time is 66.198ms
04-13 00:42:51.263 22927 22963 I native-activity: Animating
04-13 00:42:51.275 22927 22963 I native-activity: Frame 527 GL error is 0x0
04-13 00:42:51.275 22927 22963 I native-activity: Frame 527 time is 11.540ms
04-13 00:42:51.303 22927 22963 I native-activity: Swap 527 time is 39.809ms
04-13 00:42:51.303 22927 22963 I native-activity: Animating
04-13 00:42:51.319 22927 22963 I native-activity: Frame 528 GL error is 0x0
04-13 00:42:51.319 22927 22963 I native-activity: Frame 528 time is 15.968ms
04-13 00:42:51.348 22927 22963 I native-activity: Swap 528 time is 44.813ms
04-13 00:42:51.348 22927 22963 I native-activity: Animating
04-13 00:42:51.365 22927 22963 I native-activity: Frame 529 GL error is 0x0
04-13 00:42:51.365 22927 22963 I native-activity: Frame 529 time is 16.902ms
04-13 00:42:51.394 22927 22963 I native-activity: Swap 529 time is 45.195ms
04-13 00:42:51.394 22927 22963 I native-activity: Animating
04-13 00:42:51.407 22927 22963 I native-activity: Frame 530 GL error is 0x0
04-13 00:42:51.408 22927 22963 I native-activity: Frame 530 time is 13.816ms
04-13 00:42:51.434 22927 22963 I native-activity: Swap 530 time is 40.477ms
04-13 00:42:51.434 22927 22963 I native-activity: Animating
04-13 00:42:51.454 22927 22963 I native-activity: Frame 531 GL error is 0x0
04-13 00:42:51.455 22927 22963 I native-activity: Frame 531 time is 20.264ms
04-13 00:42:51.481 22927 22963 I native-activity: Swap 531 time is 46.930ms
04-13 00:42:51.481 22927 22963 I native-activity: Animating
04-13 00:42:51.502 22927 22963 I native-activity: Frame 532 GL error is 0x0
04-13 00:42:51.503 22927 22963 I native-activity: Frame 532 time is 21.048ms
04-13 00:42:51.528 22927 22963 I native-activity: Swap 532 time is 46.803ms
04-13 00:42:51.528 22927 22963 I native-activity: Animating
04-13 00:42:51.551 22927 22963 I native-activity: Frame 533 GL error is 0x0
04-13 00:42:51.551 22927 22963 I native-activity: Frame 533 time is 22.394ms
04-13 00:42:51.576 22927 22963 I native-activity: Swap 533 time is 47.522ms
04-13 00:42:51.576 22927 22963 I native-activity: Animating
04-13 00:42:51.602 22927 22963 I native-activity: Frame 534 GL error is 0x0
04-13 00:42:51.602 22927 22963 I native-activity: Frame 534 time is 25.573ms
04-13 00:42:51.628 22927 22963 I native-activity: Swap 534 time is 51.488ms
04-13 00:42:51.628 22927 22963 I native-activity: Animating
04-13 00:42:51.649 22927 22963 I native-activity: Frame 535 GL error is 0x0
04-13 00:42:51.649 22927 22963 I native-activity: Frame 535 time is 21.087ms
04-13 00:42:51.675 22927 22963 I native-activity: Swap 535 time is 46.699ms
04-13 00:42:51.675 22927 22963 I native-activity: Animating
04-13 00:42:51.697 22927 22963 I native-activity: Frame 536 GL error is 0x0
04-13 00:42:51.697 22927 22963 I native-activity: Frame 536 time is 22.146ms
04-13 00:42:51.723 22927 22963 I native-activity: Swap 536 time is 47.801ms
04-13 00:42:51.723 22927 22963 I native-activity: Animating
04-13 00:42:51.747 22927 22963 I native-activity: Frame 537 GL error is 0x0
04-13 00:42:51.747 22927 22963 I native-activity: Frame 537 time is 23.960ms
04-13 00:42:51.773 22927 22963 I native-activity: Swap 537 time is 50.172ms
04-13 00:42:51.773 22927 22963 I native-activity: Animating
04-13 00:42:51.793 22927 22963 I native-activity: Frame 538 GL error is 0x0
04-13 00:42:51.794 22927 22963 I native-activity: Frame 538 time is 20.307ms
04-13 00:42:51.818 22927 22963 I native-activity: Swap 538 time is 45.171ms
04-13 00:42:51.819 22927 22963 I native-activity: Animating
04-13 00:42:51.841 22927 22963 I native-activity: Frame 539 GL error is 0x0
04-13 00:42:51.841 22927 22963 I native-activity: Frame 539 time is 22.133ms
04-13 00:42:51.866 22927 22963 I native-activity: Swap 539 time is 46.932ms
04-13 00:42:51.866 22927 22963 I native-activity: Animating
04-13 00:42:51.886 22927 22963 I native-activity: Frame 540 GL error is 0x0
04-13 00:42:51.886 22927 22963 I native-activity: Frame 540 time is 19.975ms
04-13 00:42:51.910 22927 22963 I native-activity: Swap 540 time is 44.626ms
04-13 00:42:51.911 22927 22963 I native-activity: Animating
04-13 00:42:51.930 22927 22963 I native-activity: Frame 541 GL error is 0x0
04-13 00:42:51.930 22927 22963 I native-activity: Frame 541 time is 19.540ms
04-13 00:42:51.955 22927 22963 I native-activity: Swap 541 time is 44.097ms
04-13 00:42:51.955 22927 22963 I native-activity: Animating
04-13 00:42:51.975 22927 22963 I native-activity: Frame 542 GL error is 0x0
04-13 00:42:51.975 22927 22963 I native-activity: Frame 542 time is 20.484ms
04-13 00:42:52.000 22927 22963 I native-activity: Swap 542 time is 45.046ms
04-13 00:42:52.000 22927 22963 I native-activity: Animating
04-13 00:42:52.022 22927 22963 I native-activity: Frame 543 GL error is 0x0
04-13 00:42:52.023 22927 22963 I native-activity: Frame 543 time is 22.319ms
04-13 00:42:52.049 22927 22963 I native-activity: Swap 543 time is 48.609ms
04-13 00:42:52.049 22927 22963 I native-activity: Animating
04-13 00:42:52.070 22927 22963 I native-activity: Frame 544 GL error is 0x0
04-13 00:42:52.070 22927 22963 I native-activity: Frame 544 time is 20.631ms
04-13 00:42:52.094 22927 22963 I native-activity: Swap 544 time is 45.383ms
04-13 00:42:52.095 22927 22963 I native-activity: Animating
04-13 00:42:52.080  2137  2137 I Kernel  : [45410.753029][wlan] nicTxReleaseResource: (TX STATE)
04-13 00:42:52.080  2137  2137 I Kernel  : Release: TC4 count 1, Free=4; TC5 count 0, Free=4
04-13 00:42:52.080  2159  2159 I Kernel  : [45410.754411].(1)[2159:wpa_supplicant]poorlink get state G(361669)F(49)dbad(0)dretry(0)LT(405)RT(-78)W(0)(12232)
04-13 00:42:52.080  2137  2137 I Kernel  : [45410.754548][wlan] nicTxReleaseResource: (TX STATE)
04-13 00:42:52.080  2137  2137 I Kernel  : Release: TC4 count 1, Free=4; TC5 count 0, Free=4
04-13 00:42:52.116 22927 22963 I native-activity: Frame 545 GL error is 0x0
04-13 00:42:52.116 22927 22963 I native-activity: Frame 545 time is 21.298ms
04-13 00:42:52.100    82    82 I Kernel  : [45410.778472].(0)[82:mtk charger_hv_]charging_reset_watch_dog_timer
04-13 00:42:52.100    82    82 I Kernel  : [45410.780688].(0)[82:mtk charger_hv_]array_size = 16 
04-13 00:42:52.141 22927 22963 I native-activity: Swap 545 time is 46.594ms
04-13 00:42:52.142 22927 22963 I native-activity: Animating
04-13 00:42:52.195 22927 22963 I native-activity: Frame 546 GL error is 0x0
04-13 00:42:52.195 22927 22963 I native-activity: Frame 546 time is 53.369ms
04-13 00:42:52.220 22927 22963 I native-activity: Swap 546 time is 78.910ms
04-13 00:42:52.221 22927 22963 I native-activity: Animating
04-13 00:42:52.231 22927 22963 I native-activity: Frame 547 GL error is 0x0
04-13 00:42:52.232 22927 22963 I native-activity: Frame 547 time is 10.777ms
04-13 00:42:52.256 22927 22963 I native-activity: Swap 547 time is 34.999ms
04-13 00:42:52.256 22927 22963 I native-activity: Animating
04-13 00:42:52.267 22927 22963 I native-activity: Frame 548 GL error is 0x0
04-13 00:42:52.268 22927 22963 I native-activity: Frame 548 time is 11.615ms
04-13 00:42:52.292 22927 22963 I native-activity: Swap 548 time is 36.231ms
04-13 00:42:52.292 22927 22963 I native-activity: Animating
04-13 00:42:52.299 22927 22963 I native-activity: Frame 549 GL error is 0x0
04-13 00:42:52.299 22927 22963 I native-activity: Frame 549 time is 7.010ms
04-13 00:42:52.323 22927 22963 I native-activity: Swap 549 time is 30.776ms
04-13 00:42:52.323 22927 22963 I native-activity: Animating
04-13 00:42:52.331 22927 22963 I native-activity: Frame 550 GL error is 0x0
04-13 00:42:52.331 22927 22963 I native-activity: Frame 550 time is 7.245ms
04-13 00:42:52.354 22927 22963 I native-activity: Swap 550 time is 30.959ms
04-13 00:42:52.354 22927 22963 I native-activity: Animating
04-13 00:42:52.362 22927 22963 I native-activity: Frame 551 GL error is 0x0
04-13 00:42:52.362 22927 22963 I native-activity: Frame 551 time is 7.129ms
04-13 00:42:52.385 22927 22963 I native-activity: Swap 551 time is 30.384ms
04-13 00:42:52.385 22927 22963 I native-activity: Animating
04-13 00:42:52.392 22927 22963 I native-activity: Frame 552 GL error is 0x0
04-13 00:42:52.392 22927 22963 I native-activity: Frame 552 time is 7.230ms
04-13 00:42:52.415 22927 22963 I native-activity: Swap 552 time is 30.359ms
04-13 00:42:52.416 22927 22963 I native-activity: Animating
04-13 00:42:52.423 22927 22963 I native-activity: Frame 553 GL error is 0x0
04-13 00:42:52.423 22927 22963 I native-activity: Frame 553 time is 7.283ms
04-13 00:42:52.446 22927 22963 I native-activity: Swap 553 time is 30.410ms
04-13 00:42:52.447 22927 22963 I native-activity: Animating
04-13 00:42:52.452 22927 22963 I native-activity: Frame 554 GL error is 0x0
04-13 00:42:52.452 22927 22963 I native-activity: Frame 554 time is 5.101ms
04-13 00:42:52.475 22927 22963 I native-activity: Swap 554 time is 28.142ms
04-13 00:42:52.475 22927 22963 I native-activity: Animating
04-13 00:42:52.482 22927 22963 I native-activity: Frame 555 GL error is 0x0
04-13 00:42:52.482 22927 22963 I native-activity: Frame 555 time is 6.768ms
04-13 00:42:52.505 22927 22963 I native-activity: Swap 555 time is 29.640ms
04-13 00:42:52.505 22927 22963 I native-activity: Animating
04-13 00:42:52.513 22927 22963 I native-activity: Frame 556 GL error is 0x0
04-13 00:42:52.513 22927 22963 I native-activity: Frame 556 time is 7.765ms
04-13 00:42:52.537 22927 22963 I native-activity: Swap 556 time is 31.840ms
04-13 00:42:52.537 22927 22963 I native-activity: Animating
04-13 00:42:52.546 22927 22963 I native-activity: Frame 557 GL error is 0x0
04-13 00:42:52.546 22927 22963 I native-activity: Frame 557 time is 9.075ms
04-13 00:42:52.570 22927 22963 I native-activity: Swap 557 time is 33.444ms
04-13 00:42:52.571 22927 22963 I native-activity: Animating
04-13 00:42:52.578 22927 22963 I native-activity: Frame 558 GL error is 0x0
04-13 00:42:52.578 22927 22963 I native-activity: Frame 558 time is 6.597ms
04-13 00:42:52.601 22927 22963 I native-activity: Swap 558 time is 29.785ms
04-13 00:42:52.601 22927 22963 I native-activity: Animating
04-13 00:42:52.608 22927 22963 I native-activity: Frame 559 GL error is 0x0
04-13 00:42:52.608 22927 22963 I native-activity: Frame 559 time is 6.846ms
04-13 00:42:52.632 22927 22963 I native-activity: Swap 559 time is 30.508ms
04-13 00:42:52.632 22927 22963 I native-activity: Animating
04-13 00:42:52.638 22927 22963 I native-activity: Frame 560 GL error is 0x0
04-13 00:42:52.638 22927 22963 I native-activity: Frame 560 time is 5.891ms
04-13 00:42:52.661 22927 22963 I native-activity: Swap 560 time is 28.873ms
04-13 00:42:52.661 22927 22963 I native-activity: Animating
04-13 00:42:52.674 22927 22963 I native-activity: Frame 561 GL error is 0x0
04-13 00:42:52.674 22927 22963 I native-activity: Frame 561 time is 13.088ms
04-13 00:42:52.698 22927 22963 I native-activity: Swap 561 time is 36.456ms
04-13 00:42:52.698 22927 22963 I native-activity: Animating
04-13 00:42:52.708 22927 22963 I native-activity: Frame 562 GL error is 0x0
04-13 00:42:52.708 22927 22963 I native-activity: Frame 562 time is 10.443ms
04-13 00:42:52.732 22927 22963 I native-activity: Swap 562 time is 34.402ms
04-13 00:42:52.732 22927 22963 I native-activity: Animating
04-13 00:42:52.746 22927 22963 I native-activity: Frame 563 GL error is 0x0
04-13 00:42:52.746 22927 22963 I native-activity: Frame 563 time is 13.257ms
04-13 00:42:52.770 22927 22963 I native-activity: Swap 563 time is 37.742ms
04-13 00:42:52.770 22927 22963 I native-activity: Animating
04-13 00:42:52.780 22927 22963 I native-activity: Frame 564 GL error is 0x0
04-13 00:42:52.781 22927 22963 I native-activity: Frame 564 time is 10.238ms
04-13 00:42:52.804 22927 22963 I native-activity: Swap 564 time is 34.112ms
04-13 00:42:52.805 22927 22963 I native-activity: Animating
04-13 00:42:52.817 22927 22963 I native-activity: Frame 565 GL error is 0x0
04-13 00:42:52.817 22927 22963 I native-activity: Frame 565 time is 12.673ms
04-13 00:42:52.842 22927 22963 I native-activity: Swap 565 time is 36.948ms
04-13 00:42:52.842 22927 22963 I native-activity: Animating
04-13 00:42:52.855 22927 22963 I native-activity: Frame 566 GL error is 0x0
04-13 00:42:52.855 22927 22963 I native-activity: Frame 566 time is 13.131ms
04-13 00:42:52.879 22927 22963 I native-activity: Swap 566 time is 37.377ms
