04-13 00:42:59.223 22927 22963 I native-activity: Animating
04-13 00:42:59.235 22927 22963 I native-activity: Frame 711 GL error is 0x0
04-13 00:42:59.235 22927 22963 I native-activity: Frame 711 time is 12.454ms
04-13 00:42:59.262 22927 22963 I native-activity: Swap 711 time is 38.966ms
04-13 00:42:59.262 22927 22963 I native-activity: Animating
04-13 00:42:59.279 22927 22963 I native-activity: Frame 712 GL error is 0x0
04-13 00:42:59.279 22927 22963 I native-activity: Frame 712 time is 16.882ms
04-13 00:42:59.306 22927 22963 I native-activity: Swap 712 time is 43.880ms
04-13 00:42:59.306 22927 22963 I native-activity: Animating
04-13 00:42:59.324 22927 22963 I native-activity: Frame 713 GL error is 0x0
04-13 00:42:59.324 22927 22963 I native-activity: Frame 713 time is 18.540ms
04-13 00:42:59.351 22927 22963 I native-activity: Swap 713 time is 45.351ms
04-13 00:42:59.351 22927 22963 I native-activity: Animating
04-13 00:42:59.372 22927 22963 I native-activity: Frame 714 GL error is 0x0
04-13 00:42:59.372 22927 22963 I native-activity: Frame 714 time is 20.271ms
04-13 00:42:59.398 22927 22963 I native-activity: Swap 714 time is 46.999ms
04-13 00:42:59.399 22927 22963 I native-activity: Animating
04-13 00:42:59.418 22927 22963 I native-activity: Frame 715 GL error is 0x0
04-13 00:42:59.418 22927 22963 I native-activity: Frame 715 time is 19.233ms
04-13 00:42:59.444 22927 22963 I native-activity: Swap 715 time is 45.713ms
04-13 00:42:59.445 22927 22963 I native-activity: Animating
04-13 00:42:59.464 22927 22963 I native-activity: Frame 716 GL error is 0x0
04-13 00:42:59.464 22927 22963 I native-activity: Frame 716 time is 19.850ms
04-13 00:42:59.492 22927 22963 I native-activity: Swap 716 time is 46.923ms
04-13 00:42:59.492 22927 22963 I native-activity: Animating
04-13 00:42:59.511 22927 22963 I native-activity: Frame 717 GL error is 0x0
04-13 00:42:59.511 22927 22963 I native-activity: Frame 717 time is 19.306ms
04-13 00:42:59.538 22927 22963 I native-activity: Swap 717 time is 46.619ms
04-13 00:42:59.539 22927 22963 I native-activity: Animating
04-13 00:42:59.557 22927 22963 I native-activity: Frame 718 GL error is 0x0
04-13 00:42:59.557 22927 22963 I native-activity: Frame 718 time is 18.730ms
04-13 00:42:59.583 22927 22963 I native-activity: Swap 718 time is 44.890ms
04-13 00:42:59.584 22927 22963 I native-activity: Animating
04-13 00:42:59.604 22927 22963 I native-activity: Frame 719 GL error is 0x0
04-13 00:42:59.604 22927 22963 I native-activity: Frame 719 time is 19.998ms
04-13 00:42:59.630 22927 22963 I native-activity: Swap 719 time is 46.455ms
04-13 00:42:59.630 22927 22963 I native-activity: Animating
04-13 00:42:59.648 22927 22963 I native-activity: Frame 720 GL error is 0x0
04-13 00:42:59.648 22927 22963 I native-activity: Frame 720 time is 17.944ms
04-13 00:42:59.674 22927 22963 I native-activity: Swap 720 time is 43.835ms
04-13 00:42:59.674 22927 22963 I native-activity: Animating
04-13 00:42:59.693 22927 22963 I native-activity: Frame 721 GL error is 0x0
04-13 00:42:59.693 22927 22963 I native-activity: Frame 721 time is 18.414ms
04-13 00:42:59.718 22927 22963 I native-activity: Swap 721 time is 43.915ms
04-13 00:42:59.719 22927 22963 I native-activity: Animating
04-13 00:42:59.738 22927 22963 I native-activity: Frame 722 GL error is 0x0
04-13 00:42:59.738 22927 22963 I native-activity: Frame 722 time is 19.214ms
04-13 00:42:59.764 22927 22963 I native-activity: Swap 722 time is 45.050ms
04-13 00:42:59.764 22927 22963 I native-activity: Animating
04-13 00:42:59.782 22927 22963 I native-activity: Frame 723 GL error is 0x0
04-13 00:42:59.782 22927 22963 I native-activity: Frame 723 time is 18.570ms
04-13 00:42:59.809 22927 22963 I native-activity: Swap 723 time is 45.206ms
04-13 00:42:59.809 22927 22963 I native-activity: Animating
04-13 00:42:59.827 22927 22963 I native-activity: Frame 724 GL error is 0x0
04-13 00:42:59.827 22927 22963 I native-activity: Frame 724 time is 18.200ms
04-13 00:42:59.854 22927 22963 I native-activity: Swap 724 time is 44.790ms
04-13 00:42:59.854 22927 22963 I native-activity: Animating
04-13 00:42:59.881 22927 22963 I native-activity: Frame 725 GL error is 0x0
04-13 00:42:59.881 22927 22963 I native-activity: Frame 725 time is 26.806ms
04-13 00:42:59.908 22927 22963 I native-activity: Swap 725 time is 53.306ms
04-13 00:42:59.908 22927 22963 I native-activity: Animating
04-13 00:42:59.927 22927 22963 I native-activity: Frame 726 GL error is 0x0
04-13 00:42:59.927 22927 22963 I native-activity: Frame 726 time is 19.289ms
04-13 00:42:59.954 22927 22963 I native-activity: Swap 726 time is 45.967ms
04-13 00:42:59.954 22927 22963 I native-activity: Animating
04-13 00:42:59.973 22927 22963 I native-activity: Frame 727 GL error is 0x0
04-13 00:42:59.973 22927 22963 I native-activity: Frame 727 time is 18.634ms
04-13 00:43:00.001 22927 22963 I native-activity: Swap 727 time is 46.844ms
04-13 00:43:00.001 22927 22963 I native-activity: Animating
04-13 00:43:00.002  1787  1787 D KeyguardUpdateMonitor: handleTimeUpdate
04-13 00:43:00.023 22927 22963 I native-activity: Frame 728 GL error is 0x0
04-13 00:43:00.023 22927 22963 I native-activity: Frame 728 time is 22.157ms
04-13 00:43:00.050 22927 22963 I native-activity: Swap 728 time is 49.124ms
04-13 00:43:00.050 22927 22963 I native-activity: Animating
04-13 00:43:00.065 22927 22963 I native-activity: Frame 729 GL error is 0x0
04-13 00:43:00.065 22927 22963 I native-activity: Frame 729 time is 14.330ms
04-13 00:43:00.091 22927 22963 I native-activity: Swap 729 time is 40.753ms
04-13 00:43:00.091 22927 22963 I native-activity: Animating
04-13 00:43:00.101 22927 22963 I native-activity: Frame 730 GL error is 0x0
04-13 00:43:00.101 22927 22963 I native-activity: Frame 730 time is 9.763ms
04-13 00:43:00.127 22927 22963 I native-activity: Swap 730 time is 35.817ms
04-13 00:43:00.127 22927 22963 I native-activity: Animating
04-13 00:43:00.110    82    82 I Kernel  : [45418.790191].(0)[82:mtk charger_hv_]charging_reset_watch_dog_timer
04-13 00:43:00.110    82    82 I Kernel  : [45418.791339].(0)[82:mtk charger_hv_]array_size = 16 
04-13 00:43:00.137 22927 22963 I native-activity: Frame 731 GL error is 0x0
04-13 00:43:00.137 22927 22963 I native-activity: Frame 731 time is 9.335ms
04-13 00:43:00.162 22927 22963 I native-activity: Swap 731 time is 35.139ms
04-13 00:43:00.162 22927 22963 I native-activity: Animating
04-13 00:43:00.178 22927 22963 I native-activity: Frame 732 GL error is 0x0
04-13 00:43:00.178 22927 22963 I native-activity: Frame 732 time is 15.914ms
04-13 00:43:00.205 22927 22963 I native-activity: Swap 732 time is 42.467ms
04-13 00:43:00.205 22927 22963 I native-activity: Animating
04-13 00:43:00.223 22927 22963 I native-activity: Frame 733 GL error is 0x0
04-13 00:43:00.223 22927 22963 I native-activity: Frame 733 time is 17.631ms
04-13 00:43:00.249 22927 22963 I native-activity: Swap 733 time is 43.980ms
04-13 00:43:00.249 22927 22963 I native-activity: Animating
04-13 00:43:00.267 22927 22963 I native-activity: Frame 734 GL error is 0x0
04-13 00:43:00.267 22927 22963 I native-activity: Frame 734 time is 17.573ms
04-13 00:43:00.293 22927 22963 I native-activity: Swap 734 time is 44.065ms
04-13 00:43:00.294 22927 22963 I native-activity: Animating
04-13 00:43:00.310 22927 22963 I native-activity: Frame 735 GL error is 0x0
04-13 00:43:00.311 22927 22963 I native-activity: Frame 735 time is 16.833ms
04-13 00:43:00.337 22927 22963 I native-activity: Swap 735 time is 43.492ms
04-13 00:43:00.337 22927 22963 I native-activity: Animating
04-13 00:43:00.354 22927 22963 I native-activity: Frame 736 GL error is 0x0
04-13 00:43:00.355 22927 22963 I native-activity: Frame 736 time is 17.118ms
04-13 00:43:00.381 22927 22963 I native-activity: Swap 736 time is 43.949ms
04-13 00:43:00.382 22927 22963 I native-activity: Animating
04-13 00:43:00.401 22927 22963 I native-activity: Frame 737 GL error is 0x0
04-13 00:43:00.401 22927 22963 I native-activity: Frame 737 time is 19.887ms
04-13 00:43:00.428 22927 22963 I native-activity: Swap 737 time is 46.131ms
04-13 00:43:00.428 22927 22963 I native-activity: Animating
04-13 00:43:00.446 22927 22963 I native-activity: Frame 738 GL error is 0x0
04-13 00:43:00.446 22927 22963 I native-activity: Frame 738 time is 17.965ms
04-13 00:43:00.473 22927 22963 I native-activity: Swap 738 time is 44.591ms
04-13 00:43:00.473 22927 22963 I native-activity: Animating
04-13 00:43:00.490 22927 22963 I native-activity: Frame 739 GL error is 0x0
04-13 00:43:00.490 22927 22963 I native-activity: Frame 739 time is 17.482ms
04-13 00:43:00.517 22927 22963 I native-activity: Swap 739 time is 44.301ms
04-13 00:43:00.517 22927 22963 I native-activity: Animating
04-13 00:43:00.535 22927 22963 I native-activity: Frame 740 GL error is 0x0
04-13 00:43:00.535 22927 22963 I native-activity: Frame 740 time is 17.841ms
04-13 00:43:00.562 22927 22963 I native-activity: Swap 740 time is 44.833ms
04-13 00:43:00.562 22927 22963 I native-activity: Animating
04-13 00:43:00.587 22927 22963 I native-activity: Frame 741 GL error is 0x0
04-13 00:43:00.588 22927 22963 I native-activity: Frame 741 time is 25.230ms
04-13 00:43:00.614 22927 22963 I native-activity: Swap 741 time is 51.625ms
04-13 00:43:00.614 22927 22963 I native-activity: Animating
04-13 00:43:00.632 22927 22963 I native-activity: Frame 742 GL error is 0x0
04-13 00:43:00.632 22927 22963 I native-activity: Frame 742 time is 18.286ms
04-13 00:43:00.658 22927 22963 I native-activity: Swap 742 time is 44.355ms
04-13 00:43:00.658 22927 22963 I native-activity: Animating
04-13 00:43:00.673 22927 22963 I native-activity: Frame 743 GL error is 0x0
04-13 00:43:00.673 22927 22963 I native-activity: Frame 743 time is 14.863ms
04-13 00:43:00.700 22927 22963 I native-activity: Swap 743 time is 41.199ms
04-13 00:43:00.700 22927 22963 I native-activity: Animating
04-13 00:43:00.714 22927 22963 I native-activity: Frame 744 GL error is 0x0
04-13 00:43:00.714 22927 22963 I native-activity: Frame 744 time is 13.832ms
04-13 00:43:00.739 22927 22963 I native-activity: Swap 744 time is 39.417ms
04-13 00:43:00.739 22927 22963 I native-activity: Animating
04-13 00:43:00.761 22927 22963 I native-activity: Frame 745 GL error is 0x0
04-13 00:43:00.761 22927 22963 I native-activity: Frame 745 time is 21.798ms
04-13 00:43:00.787 22927 22963 I native-activity: Swap 745 time is 47.686ms
04-13 00:43:00.787 22927 22963 I native-activity: Animating
04-13 00:43:00.809 22927 22963 I native-activity: Frame 746 GL error is 0x0
04-13 00:43:00.809 22927 22963 I native-activity: Frame 746 time is 21.303ms
04-13 00:43:00.838 22927 22963 I native-activity: Swap 746 time is 50.868ms
04-13 00:43:00.838 22927 22963 I native-activity: Animating
04-13 00:43:00.859 22927 22963 I native-activity: Frame 747 GL error is 0x0
04-13 00:43:00.859 22927 22963 I native-activity: Frame 747 time is 20.843ms
04-13 00:43:00.885 22927 22963 I native-activity: Swap 747 time is 46.925ms
04-13 00:43:00.886 22927 22963 I native-activity: Animating
04-13 00:43:00.907 22927 22963 I native-activity: Frame 748 GL error is 0x0
04-13 00:43:00.907 22927 22963 I native-activity: Frame 748 time is 21.164ms
04-13 00:43:00.933 22927 22963 I native-activity: Swap 748 time is 47.078ms
04-13 00:43:00.933 22927 22963 I native-activity: Animating
04-13 00:43:00.954 22927 22963 I native-activity: Frame 749 GL error is 0x0
04-13 00:43:00.954 22927 22963 I native-activity: Frame 749 time is 20.719ms
04-13 00:43:00.979 22927 22963 I native-activity: Swap 749 time is 46.422ms
04-13 00:43:00.980 22927 22963 I native-activity: Animating
04-13 00:43:01.002 22927 22963 I native-activity: Frame 750 GL error is 0x0
04-13 00:43:01.002 22927 22963 I native-activity: Frame 750 time is 22.772ms
04-13 00:43:01.000     0     0 I Kernel  : [45419.680048]-(0)[0:swapper/0]dpi vsync
04-13 00:43:01.028 22927 22963 I native-activity: Swap 750 time is 48.157ms
04-13 00:43:01.028 22927 22963 I native-activity: Animating
04-13 00:43:01.062 22927 22963 I native-activity: Frame 751 GL error is 0x0
04-13 00:43:01.062 22927 22963 I native-activity: Frame 751 time is 34.045ms
04-13 00:43:01.089 22927 22963 I native-activity: Swap 751 time is 60.857ms
04-13 00:43:01.089 22927 22963 I native-activity: Animating
04-13 00:43:01.111 22927 22963 I native-activity: Frame 752 GL error is 0x0
04-13 00:43:01.111 22927 22963 I native-activity: Frame 752 time is 22.173ms
04-13 00:43:01.110    82    82 I Kernel  : [45419.791446].(0)[82:mtk charger_hv_]charging_reset_watch_dog_timer
04-13 00:43:01.120    82    82 I Kernel  : [45419.793403].(0)[82:mtk charger_hv_]array_size = 16 
04-13 00:43:01.136 22927 22963 I native-activity: Swap 752 time is 46.803ms
04-13 00:43:01.136 22927 22963 I native-activity: Animating
04-13 00:43:01.156 22927 22963 I native-activity: Frame 753 GL error is 0x0
04-13 00:43:01.156 22927 22963 I native-activity: Frame 753 time is 20.107ms
04-13 00:43:01.160  2159  2159 I Kernel  : [45419.832885].(0)[2159:wpa_supplicant]poorlink get state G(361669)F(49)dbad(0)dretry(0)LT(540)RT(-78)W(0)(12235)
04-13 00:43:01.160  2137  2137 I Kernel  : [45419.833427][wlan] nicTxReleaseResource: (TX STATE)
04-13 00:43:01.160  2137  2137 I Kernel  : Release: TC4 count 1, Free=4; TC5 count 0, Free=4
04-13 00:43:01.181 22927 22963 I native-activity: Swap 753 time is 44.368ms
04-13 00:43:01.181 22927 22963 I native-activity: Animating
04-13 00:43:01.199 22927 22963 I native-activity: Frame 754 GL error is 0x0
04-13 00:43:01.199 22927 22963 I native-activity: Frame 754 time is 17.741ms
04-13 00:43:01.223 22927 22963 I native-activity: Swap 754 time is 41.272ms
04-13 00:43:01.223 22927 22963 I native-activity: Animating
04-13 00:43:01.240 22927 22963 I native-activity: Frame 755 GL error is 0x0
04-13 00:43:01.240 22927 22963 I native-activity: Frame 755 time is 16.773ms
04-13 00:43:01.263 22927 22963 I native-activity: Swap 755 time is 40.543ms
04-13 00:43:01.264 22927 22963 I native-activity: Animating
04-13 00:43:01.280 22927 22963 I native-activity: Frame 756 GL error is 0x0
04-13 00:43:01.280 22927 22963 I native-activity: Frame 756 time is 16.717ms
04-13 00:43:01.303 22927 22963 I native-activity: Swap 756 time is 39.845ms
04-13 00:43:01.304 22927 22963 I native-activity: Animating
04-13 00:43:01.320 22927 22963 I native-activity: Frame 757 GL error is 0x0
04-13 00:43:01.320 22927 22963 I native-activity: Frame 757 time is 16.716ms
04-13 00:43:01.345 22927 22963 I native-activity: Swap 757 time is 41.137ms
04-13 00:43:01.345 22927 22963 I native-activity: Animating
04-13 00:43:01.361 22927 22963 I native-activity: Frame 758 GL error is 0x0
04-13 00:43:01.362 22927 22963 I native-activity: Frame 758 time is 16.555ms
04-13 00:43:01.386 22927 22963 I native-activity: Swap 758 time is 41.116ms
04-13 00:43:01.386 22927 22963 I native-activity: Animating
04-13 00:43:01.403 22927 22963 I native-activity: Frame 759 GL error is 0x0
04-13 00:43:01.403 22927 22963 I native-activity: Frame 759 time is 17.035ms
04-13 00:43:01.428 22927 22963 I native-activity: Swap 759 time is 41.687ms
04-13 00:43:01.428 22927 22963 I native-activity: Animating
04-13 00:43:01.446 22927 22963 I native-activity: Frame 760 GL error is 0x0
04-13 00:43:01.446 22927 22963 I native-activity: Frame 760 time is 18.188ms
04-13 00:43:01.471 22927 22963 I native-activity: Swap 760 time is 43.213ms
04-13 00:43:01.472 22927 22963 I native-activity: Animating
04-13 00:43:01.501 22927 22963 I native-activity: Frame 761 GL error is 0x0
04-13 00:43:01.501 22927 22963 I native-activity: Frame 761 time is 29.419ms
04-13 00:43:01.526 22927 22963 I native-activity: Swap 761 time is 54.590ms
04-13 00:43:01.526 22927 22963 I native-activity: Animating
04-13 00:43:01.567 22927 22963 I native-activity: Frame 762 GL error is 0x0
04-13 00:43:01.567 22927 22963 I native-activity: Frame 762 time is 41.000ms
04-13 00:43:01.592 22927 22963 I native-activity: Swap 762 time is 65.335ms
04-13 00:43:01.592 22927 22963 I native-activity: Animating
04-13 00:43:01.611 22927 22963 I native-activity: Frame 763 GL error is 0x0
04-13 00:43:01.611 22927 22963 I native-activity: Frame 763 time is 19.136ms
04-13 00:43:01.635 22927 22963 I native-activity: Swap 763 time is 43.143ms
04-13 00:43:01.635 22927 22963 I native-activity: Animating
04-13 00:43:01.657 22927 22963 I native-activity: Frame 764 GL error is 0x0
04-13 00:43:01.657 22927 22963 I native-activity: Frame 764 time is 21.771ms
04-13 00:43:01.681 22927 22963 I native-activity: Swap 764 time is 45.222ms
04-13 00:43:01.681 22927 22963 I native-activity: Animating
04-13 00:43:01.708 22927 22963 I native-activity: Frame 765 GL error is 0x0
04-13 00:43:01.708 22927 22963 I native-activity: Frame 765 time is 26.778ms
04-13 00:43:01.732 22927 22963 I native-activity: Swap 765 time is 50.926ms
04-13 00:43:01.732 22927 22963 I native-activity: Animating
04-13 00:43:01.756 22927 22963 I native-activity: Frame 766 GL error is 0x0
04-13 00:43:01.756 22927 22963 I native-activity: Frame 766 time is 23.899ms
04-13 00:43:01.781 22927 22963 I native-activity: Swap 766 time is 49.208ms
04-13 00:43:01.782 22927 22963 I native-activity: Animating
04-13 00:43:01.805 22927 22963 I native-activity: Frame 767 GL error is 0x0
04-13 00:43:01.805 22927 22963 I native-activity: Frame 767 time is 23.706ms
04-13 00:43:01.831 22927 22963 I native-activity: Swap 767 time is 49.249ms
04-13 00:43:01.831 22927 22963 I native-activity: Animating
04-13 00:43:01.853 22927 22963 I native-activity: Frame 768 GL error is 0x0
04-13 00:43:01.853 22927 22963 I native-activity: Frame 768 time is 21.817ms
04-13 00:43:01.879 22927 22963 I native-activity: Swap 768 time is 47.325ms
04-13 00:43:01.879 22927 22963 I native-activity: Animating
04-13 00:43:01.901 22927 22963 I native-activity: Frame 769 GL error is 0x0
04-13 00:43:01.901 22927 22963 I native-activity: Frame 769 time is 22.212ms
04-13 00:43:01.927 22927 22963 I native-activity: Swap 769 time is 47.690ms
04-13 00:43:01.927 22927 22963 I native-activity: Animating
04-13 00:43:01.949 22927 22963 I native-activity: Frame 770 GL error is 0x0
04-13 00:43:01.949 22927 22963 I native-activity: Frame 770 time is 22.136ms
04-13 00:43:01.974 22927 22963 I native-activity: Swap 770 time is 47.359ms
04-13 00:43:01.974 22927 22963 I native-activity: Animating
04-13 00:43:02.002 22927 22963 I native-activity: Frame 771 GL error is 0x0
04-13 00:43:02.002 22927 22963 I native-activity: Frame 771 time is 27.267ms
04-13 00:43:02.027 22927 22963 I native-activity: Swap 771 time is 52.193ms
04-13 00:43:02.027 22927 22963 I native-activity: Animating
04-13 00:43:02.049 22927 22963 I native-activity: Frame 772 GL error is 0x0
04-13 00:43:02.049 22927 22963 I native-activity: Frame 772 time is 21.833ms
04-13 00:43:02.073 22927 22963 I native-activity: Swap 772 time is 46.397ms
04-13 00:43:02.073 22927 22963 I native-activity: Animating
04-13 00:43:02.094 22927 22963 I native-activity: Frame 773 GL error is 0x0
04-13 00:43:02.094 22927 22963 I native-activity: Frame 773 time is 20.248ms
04-13 00:43:02.118 22927 22963 I native-activity: Swap 773 time is 44.728ms
04-13 00:43:02.118 22927 22963 I native-activity: Animating
04-13 00:43:02.120    82    82 I Kernel  : [45420.793509].(0)[82:mtk charger_hv_]charging_reset_watch_dog_timer
04-13 00:43:02.120    82    82 I Kernel  : [45420.794442].(0)[82:mtk charger_hv_]array_size = 16 
04-13 00:43:02.144 22927 22963 I native-activity: Frame 774 GL error is 0x0
04-13 00:43:02.144 22927 22963 I native-activity: Frame 774 time is 25.644ms
04-13 00:43:02.168 22927 22963 I native-activity: Swap 774 time is 50.027ms
04-13 00:43:02.169 22927 22963 I native-activity: Animating
04-13 00:43:02.195 22927 22963 I native-activity: Frame 775 GL error is 0x0
04-13 00:43:02.195 22927 22963 I native-activity: Frame 775 time is 26.733ms
04-13 00:43:02.220 22927 22963 I native-activity: Swap 775 time is 51.372ms
04-13 00:43:02.220 22927 22963 I native-activity: Animating
04-13 00:43:02.238 22927 22963 I native-activity: Frame 776 GL error is 0x0
04-13 00:43:02.239 22927 22963 I native-activity: Frame 776 time is 18.366ms
04-13 00:43:02.263 22927 22963 I native-activity: Swap 776 time is 42.416ms
04-13 00:43:02.263 22927 22963 I native-activity: Animating
04-13 00:43:02.272 22927 22963 I native-activity: Frame 777 GL error is 0x0
04-13 00:43:02.272 22927 22963 I native-activity: Frame 777 time is 9.197ms
04-13 00:43:02.296 22927 22963 I native-activity: Swap 777 time is 33.081ms
04-13 00:43:02.296 22927 22963 I native-activity: Animating
04-13 00:43:02.309 22927 22963 I native-activity: Frame 778 GL error is 0x0
04-13 00:43:02.309 22927 22963 I native-activity: Frame 778 time is 13.141ms
04-13 00:43:02.333 22927 22963 I native-activity: Swap 778 time is 37.504ms
04-13 00:43:02.334 22927 22963 I native-activity: Animating
04-13 00:43:02.350 22927 22963 I native-activity: Frame 779 GL error is 0x0
04-13 00:43:02.351 22927 22963 I native-activity: Frame 779 time is 16.903ms
04-13 00:43:02.375 22927 22963 I native-activity: Swap 779 time is 41.413ms
04-13 00:43:02.375 22927 22963 I native-activity: Animating
04-13 00:43:02.393 22927 22963 I native-activity: Frame 780 GL error is 0x0
04-13 00:43:02.393 22927 22963 I native-activity: Frame 780 time is 17.654ms
04-13 00:43:02.418 22927 22963 I native-activity: Swap 780 time is 42.368ms
04-13 00:43:02.418 22927 22963 I native-activity: Animating
04-13 00:43:02.451 22927 22963 I native-activity: Frame 781 GL error is 0x501
04-13 00:43:02.451 22927 22963 I native-activity: Frame 781 time is 33.067ms
04-13 00:43:02.476 22927 22963 I native-activity: Swap 781 time is 58.059ms
04-13 00:43:02.476 22927 22963 I native-activity: Animating
04-13 00:43:02.507 22927 22963 I native-activity: Frame 782 GL error is 0x0
04-13 00:43:02.508 22927 22963 I native-activity: Frame 782 time is 31.352ms
04-13 00:43:02.533 22927 22963 I native-activity: Swap 782 time is 56.903ms
04-13 00:43:02.533 22927 22963 I native-activity: Animating
04-13 00:43:02.545 22927 22963 I native-activity: Frame 783 GL error is 0x0
04-13 00:43:02.545 22927 22963 I native-activity: Frame 783 time is 11.623ms
04-13 00:43:02.570 22927 22963 I native-activity: Swap 783 time is 37.219ms
04-13 00:43:02.571 22927 22963 I native-activity: Animating
04-13 00:43:02.591 22927 22963 I native-activity: Frame 784 GL error is 0x0
04-13 00:43:02.591 22927 22963 I native-activity: Frame 784 time is 19.725ms
04-13 00:43:02.616 22927 22963 I native-activity: Swap 784 time is 44.775ms
04-13 00:43:02.616 22927 22963 I native-activity: Animating
04-13 00:43:02.642 22927 22963 I native-activity: Frame 785 GL error is 0x0
04-13 00:43:02.642 22927 22963 I native-activity: Frame 785 time is 26.068ms
04-13 00:43:02.668 22927 22963 I native-activity: Swap 785 time is 51.598ms
04-13 00:43:02.668 22927 22963 I native-activity: Animating
04-13 00:43:02.694 22927 22963 I native-activity: Frame 786 GL error is 0x0
04-13 00:43:02.694 22927 22963 I native-activity: Frame 786 time is 25.689ms
04-13 00:43:02.718 22927 22963 I native-activity: Swap 786 time is 50.250ms
04-13 00:43:02.719 22927 22963 I native-activity: Animating
04-13 00:43:02.736 22927 22963 I native-activity: Frame 787 GL error is 0x0
04-13 00:43:02.736 22927 22963 I native-activity: Frame 787 time is 17.197ms
04-13 00:43:02.760 22927 22963 I native-activity: Swap 787 time is 41.416ms
04-13 00:43:02.760 22927 22963 I native-activity: Animating
04-13 00:43:02.785 22927 22963 I native-activity: Frame 788 GL error is 0x0
04-13 00:43:02.785 22927 22963 I native-activity: Frame 788 time is 25.085ms
04-13 00:43:02.810 22927 22963 I native-activity: Swap 788 time is 49.245ms
04-13 00:43:02.810 22927 22963 I native-activity: Animating
04-13 00:43:02.827 22927 22963 I native-activity: Frame 789 GL error is 0x0
04-13 00:43:02.828 22927 22963 I native-activity: Frame 789 time is 17.765ms
04-13 00:43:02.852 22927 22963 I native-activity: Swap 789 time is 42.000ms
04-13 00:43:02.852 22927 22963 I native-activity: Animating
04-13 00:43:02.871 22927 22963 I native-activity: Frame 790 GL error is 0x0
04-13 00:43:02.871 22927 22963 I native-activity: Frame 790 time is 18.834ms
04-13 00:43:02.895 22927 22963 I native-activity: Swap 790 time is 43.506ms
04-13 00:43:02.896 22927 22963 I native-activity: Animating
04-13 00:43:02.911 22927 22963 I native-activity: Frame 791 GL error is 0x0
04-13 00:43:02.911 22927 22963 I native-activity: Frame 791 time is 14.396ms
04-13 00:43:02.935 22927 22963 I native-activity: Swap 791 time is 38.721ms
04-13 00:43:02.935 22927 22963 I native-activity: Animating
04-13 00:43:02.953 22927 22963 I native-activity: Frame 792 GL error is 0x0
04-13 00:43:02.953 22927 22963 I native-activity: Frame 792 time is 17.383ms
04-13 00:43:02.978 22927 22963 I native-activity: Swap 792 time is 42.986ms
04-13 00:43:02.979 22927 22963 I native-activity: Animating
04-13 00:43:02.992 22927 22963 I native-activity: Frame 793 GL error is 0x0
04-13 00:43:02.992 22927 22963 I native-activity: Frame 793 time is 13.565ms
04-13 00:43:03.016 22927 22963 I native-activity: Swap 793 time is 37.589ms
04-13 00:43:03.016 22927 22963 I native-activity: Animating
04-13 00:43:03.032 22927 22963 I native-activity: Frame 794 GL error is 0x0
04-13 00:43:03.032 22927 22963 I native-activity: Frame 794 time is 15.434ms
04-13 00:43:03.040     0     0 I Kernel  : [45421.712224]-(0)[0:swapper/0]dpi vsync
04-13 00:43:03.056 22927 22963 I native-activity: Swap 794 time is 39.867ms
04-13 00:43:03.057 22927 22963 I native-activity: Animating
04-13 00:43:03.073 22927 22963 I native-activity: Frame 795 GL error is 0x0
04-13 00:43:03.074 22927 22963 I native-activity: Frame 795 time is 16.942ms
04-13 00:43:03.099 22927 22963 I native-activity: Swap 795 time is 42.557ms
04-13 00:43:03.099 22927 22963 I native-activity: Animating
04-13 00:43:03.116 22927 22963 I native-activity: Frame 796 GL error is 0x0
04-13 00:43:03.117 22927 22963 I native-activity: Frame 796 time is 17.224ms
04-13 00:43:03.120    82    82 I Kernel  : [45421.794541].(0)[82:mtk charger_hv_]charging_reset_watch_dog_timer
04-13 00:43:03.120    82    82 I Kernel  : [45421.795455].(0)[82:mtk charger_hv_]array_size = 16 
04-13 00:43:03.142 22927 22963 I native-activity: Swap 796 time is 42.848ms
04-13 00:43:03.142 22927 22963 I native-activity: Animating
04-13 00:43:03.157 22927 22963 I native-activity: Frame 797 GL error is 0x0
04-13 00:43:03.157 22927 22963 I native-activity: Frame 797 time is 14.399ms
04-13 00:43:03.181 22927 22963 I native-activity: Swap 797 time is 38.984ms
04-13 00:43:03.182 22927 22963 I native-activity: Animating
04-13 00:43:03.201 22927 22963 I native-activity: Frame 798 GL error is 0x0
04-13 00:43:03.201 22927 22963 I native-activity: Frame 798 time is 19.091ms
04-13 00:43:03.226 22927 22963 I native-activity: Swap 798 time is 44.454ms
04-13 00:43:03.226 22927 22963 I native-activity: Animating
04-13 00:43:03.246 22927 22963 I native-activity: Frame 799 GL error is 0x0
04-13 00:43:03.246 22927 22963 I native-activity: Frame 799 time is 19.389ms
04-13 00:43:03.271 22927 22963 I native-activity: Swap 799 time is 44.918ms
04-13 00:43:03.271 22927 22963 I native-activity: Animating
04-13 00:43:03.291 22927 22963 I native-activity: Frame 800 GL error is 0x0
04-13 00:43:03.291 22927 22963 I native-activity: Frame 800 time is 19.649ms
04-13 00:43:03.317 22927 22963 I native-activity: Swap 800 time is 45.384ms
04-13 00:43:03.317 22927 22963 I native-activity: Animating
04-13 00:43:03.332 22927 22963 I native-activity: Frame 801 GL error is 0x0
04-13 00:43:03.332 22927 22963 I native-activity: Frame 801 time is 14.661ms
04-13 00:43:03.357 22927 22963 I native-activity: Swap 801 time is 39.859ms
04-13 00:43:03.357 22927 22963 I native-activity: Animating
04-13 00:43:03.376 22927 22963 I native-activity: Frame 802 GL error is 0x0
04-13 00:43:03.376 22927 22963 I native-activity: Frame 802 time is 18.848ms
04-13 00:43:03.401 22927 22963 I native-activity: Swap 802 time is 44.191ms
04-13 00:43:03.401 22927 22963 I native-activity: Animating
04-13 00:43:03.414 22927 22963 I native-activity: Frame 803 GL error is 0x0
04-13 00:43:03.414 22927 22963 I native-activity: Frame 803 time is 12.759ms
04-13 00:43:03.438 22927 22963 I native-activity: Swap 803 time is 36.962ms
04-13 00:43:03.439 22927 22963 I native-activity: Animating
04-13 00:43:03.451 22927 22963 I native-activity: Frame 804 GL error is 0x0
04-13 00:43:03.452 22927 22963 I native-activity: Frame 804 time is 12.851ms
04-13 00:43:03.476 22927 22963 I native-activity: Swap 804 time is 37.107ms
04-13 00:43:03.476 22927 22963 I native-activity: Animating
04-13 00:43:03.494 22927 22963 I native-activity: Frame 805 GL error is 0x0
04-13 00:43:03.494 22927 22963 I native-activity: Frame 805 time is 17.926ms
04-13 00:43:03.519 22927 22963 I native-activity: Swap 805 time is 43.077ms
04-13 00:43:03.519 22927 22963 I native-activity: Animating
04-13 00:43:03.533 22927 22963 I native-activity: Frame 806 GL error is 0x0
04-13 00:43:03.534 22927 22963 I native-activity: Frame 806 time is 14.312ms
04-13 00:43:03.557 22927 22963 I native-activity: Swap 806 time is 38.078ms
04-13 00:43:03.558 22927 22963 I native-activity: Animating
04-13 00:43:03.570 22927 22963 I native-activity: Frame 807 GL error is 0x0
04-13 00:43:03.571 22927 22963 I native-activity: Frame 807 time is 12.976ms
04-13 00:43:03.595 22927 22963 I native-activity: Swap 807 time is 37.511ms
04-13 00:43:03.595 22927 22963 I native-activity: Animating
04-13 00:43:03.613 22927 22963 I native-activity: Frame 808 GL error is 0x0
04-13 00:43:03.614 22927 22963 I native-activity: Frame 808 time is 18.301ms
04-13 00:43:03.639 22927 22963 I native-activity: Swap 808 time is 43.371ms
04-13 00:43:03.639 22927 22963 I native-activity: Animating
04-13 00:43:03.651 22927 22963 I native-activity: Frame 809 GL error is 0x0
04-13 00:43:03.651 22927 22963 I native-activity: Frame 809 time is 12.134ms
04-13 00:43:03.674 22927 22963 I native-activity: Swap 809 time is 35.569ms
04-13 00:43:03.675 22927 22963 I native-activity: Animating
04-13 00:43:03.689 22927 22963 I native-activity: Frame 810 GL error is 0x0
04-13 00:43:03.689 22927 22963 I native-activity: Frame 810 time is 14.464ms
04-13 00:43:03.713 22927 22963 I native-activity: Swap 810 time is 38.226ms
04-13 00:43:03.713 22927 22963 I native-activity: Animating
04-13 00:43:03.726 22927 22963 I native-activity: Frame 811 GL error is 0x0
04-13 00:43:03.727 22927 22963 I native-activity: Frame 811 time is 13.415ms
04-13 00:43:03.749 22927 22963 I native-activity: Swap 811 time is 36.253ms
04-13 00:43:03.750 22927 22963 I native-activity: Animating
04-13 00:43:03.768 22927 22963 I native-activity: Frame 812 GL error is 0x0
04-13 00:43:03.768 22927 22963 I native-activity: Frame 812 time is 18.499ms
04-13 00:43:03.770 25161 25161 I Kernel  : [45422.441630].(0)[25161:kworker/0:2]virtual_sensor_thermal_get_temp mtktsbattery t=24000 a=7 o=-9500 w=437
04-13 00:43:03.770 25161 25161 I Kernel  : [45422.441719].(0)[25161:kworker/0:2]virtual_sensor_thermal_get_temp mtkts_bts t=31000 a=15 o=-1000 w=113
04-13 00:43:03.770 25161 25161 I Kernel  : [45422.442121].(0)[25161:kworker/0:2]virtual_sensor_thermal_get_temp mtktspmic t=42874 a=4 o=18000 w=450
04-13 00:43:03.770 25161 25161 I Kernel  : [45422.442162].(0)[25161:kworker/0:2]virtual_sensor_thermal_get_temp mtktswmt t=33000 a=1000 o=-5000 w=0
04-13 00:43:03.793 22927 22963 I native-activity: Swap 812 time is 43.076ms
04-13 00:43:03.793 22927 22963 I native-activity: Animating
04-13 00:43:03.810 22927 22963 I native-activity: Frame 813 GL error is 0x0
04-13 00:43:03.810 22927 22963 I native-activity: Frame 813 time is 17.163ms
04-13 00:43:03.834 22927 22963 I native-activity: Swap 813 time is 41.355ms
04-13 00:43:03.834 22927 22963 I native-activity: Animating
04-13 00:43:03.857 22927 22963 I native-activity: Frame 814 GL error is 0x0
04-13 00:43:03.857 22927 22963 I native-activity: Frame 814 time is 22.396ms
04-13 00:43:03.881 22927 22963 I native-activity: Swap 814 time is 46.512ms
04-13 00:43:03.881 22927 22963 I native-activity: Animating
04-13 00:43:03.894 22927 22963 I native-activity: Frame 815 GL error is 0x0
04-13 00:43:03.894 22927 22963 I native-activity: Frame 815 time is 13.193ms
04-13 00:43:03.919 22927 22963 I native-activity: Swap 815 time is 37.366ms
04-13 00:43:03.919 22927 22963 I native-activity: Animating
04-13 00:43:03.931 22927 22963 I native-activity: Frame 816 GL error is 0x0
04-13 00:43:03.931 22927 22963 I native-activity: Frame 816 time is 11.767ms
04-13 00:43:03.955 22927 22963 I native-activity: Swap 816 time is 36.033ms
04-13 00:43:03.955 22927 22963 I native-activity: Animating
04-13 00:43:03.984 22927 22963 I native-activity: Frame 817 GL error is 0x0
04-13 00:43:03.985 22927 22963 I native-activity: Frame 817 time is 29.461ms
04-13 00:43:04.009 22927 22963 I native-activity: Swap 817 time is 54.060ms
04-13 00:43:04.009 22927 22963 I native-activity: Animating
04-13 00:43:04.027 22927 22963 I native-activity: Frame 818 GL error is 0x0
04-13 00:43:04.027 22927 22963 I native-activity: Frame 818 time is 18.041ms
04-13 00:43:04.051 22927 22963 I native-activity: Swap 818 time is 41.571ms
04-13 00:43:04.051 22927 22963 I native-activity: Animating
04-13 00:43:04.064 22927 22963 I native-activity: Frame 819 GL error is 0x0
04-13 00:43:04.065 22927 22963 I native-activity: Frame 819 time is 13.303ms
04-13 00:43:04.088 22927 22963 I native-activity: Swap 819 time is 36.677ms
04-13 00:43:04.088 22927 22963 I native-activity: Animating
04-13 00:43:04.102 22927 22963 I native-activity: Frame 820 GL error is 0x0
04-13 00:43:04.102 22927 22963 I native-activity: Frame 820 time is 13.614ms
04-13 00:43:04.125 22927 22963 I native-activity: Swap 820 time is 37.003ms
04-13 00:43:04.125 22927 22963 I native-activity: Animating
04-13 00:43:04.139 22927 22963 I native-activity: Frame 821 GL error is 0x0
04-13 00:43:04.139 22927 22963 I native-activity: Frame 821 time is 13.311ms
04-13 00:43:04.120    82    82 I Kernel  : [45422.795586].(0)[82:mtk charger_hv_]charging_reset_watch_dog_timer
04-13 00:43:04.120    82    82 I Kernel  : [45422.796519].(0)[82:mtk charger_hv_]array_size = 16 
04-13 00:43:04.162 22927 22963 I native-activity: Swap 821 time is 36.776ms
04-13 00:43:04.162 22927 22963 I native-activity: Animating
04-13 00:43:04.175 22927 22963 I native-activity: Frame 822 GL error is 0x0
04-13 00:43:04.176 22927 22963 I native-activity: Frame 822 time is 13.131ms
04-13 00:43:04.180  2137  2137 I Kernel  : [45422.851931][wlan] nicTxReleaseResource: (TX STATE)
04-13 00:43:04.180  2137  2137 I Kernel  : Release: TC4 count 1, Free=4; TC5 count 0, Free=4
04-13 00:43:04.180  2159  2159 I Kernel  : [45422.852317].(0)[2159:wpa_supplicant]poorlink get state G(361669)F(49)dbad(0)dretry(0)LT(540)RT(-78)W(0)(12236)
04-13 00:43:04.180  2137  2137 I Kernel  : [45422.852841][wlan] nicTxReleaseResource: (TX STATE)
04-13 00:43:04.180  2137  2137 I Kernel  : Release: TC4 count 1, Free=4; TC5 count 0, Free=4
04-13 00:43:04.199 22927 22963 I native-activity: Swap 822 time is 36.153ms
04-13 00:43:04.199 22927 22963 I native-activity: Animating
04-13 00:43:04.213 22927 22963 I native-activity: Frame 823 GL error is 0x0
04-13 00:43:04.213 22927 22963 I native-activity: Frame 823 time is 14.402ms
04-13 00:43:04.237 22927 22963 I native-activity: Swap 823 time is 38.411ms
04-13 00:43:04.237 22927 22963 I native-activity: Animating
04-13 00:43:04.256 22927 22963 I native-activity: Frame 824 GL error is 0x0
04-13 00:43:04.256 22927 22963 I native-activity: Frame 824 time is 18.856ms
04-13 00:43:04.280 22927 22963 I native-activity: Swap 824 time is 42.236ms
04-13 00:43:04.280 22927 22963 I native-activity: Animating
04-13 00:43:04.294 22927 22963 I native-activity: Frame 825 GL error is 0x0
04-13 00:43:04.294 22927 22963 I native-activity: Frame 825 time is 13.891ms
04-13 00:43:04.317 22927 22963 I native-activity: Swap 825 time is 37.185ms
04-13 00:43:04.317 22927 22963 I native-activity: Animating
04-13 00:43:04.330 22927 22963 I native-activity: Frame 826 GL error is 0x0
04-13 00:43:04.330 22927 22963 I native-activity: Frame 826 time is 13.031ms
04-13 00:43:04.353 22927 22963 I native-activity: Swap 826 time is 36.009ms
04-13 00:43:04.353 22927 22963 I native-activity: Animating
04-13 00:43:04.366 22927 22963 I native-activity: Frame 827 GL error is 0x0
04-13 00:43:04.366 22927 22963 I native-activity: Frame 827 time is 13.024ms
04-13 00:43:04.390 22927 22963 I native-activity: Swap 827 time is 36.570ms
04-13 00:43:04.390 22927 22963 I native-activity: Animating
04-13 00:43:04.405 22927 22963 I native-activity: Frame 828 GL error is 0x0
04-13 00:43:04.405 22927 22963 I native-activity: Frame 828 time is 14.864ms
04-13 00:43:04.429 22927 22963 I native-activity: Swap 828 time is 39.030ms
04-13 00:43:04.430 22927 22963 I native-activity: Animating
04-13 00:43:04.443 22927 22963 I native-activity: Frame 829 GL error is 0x0
04-13 00:43:04.443 22927 22963 I native-activity: Frame 829 time is 13.604ms
04-13 00:43:04.466 22927 22963 I native-activity: Swap 829 time is 36.621ms
04-13 00:43:04.466 22927 22963 I native-activity: Animating
04-13 00:43:04.478 22927 22963 I native-activity: Frame 830 GL error is 0x0
04-13 00:43:04.479 22927 22963 I native-activity: Frame 830 time is 12.100ms
04-13 00:43:04.502 22927 22963 I native-activity: Swap 830 time is 35.181ms
04-13 00:43:04.502 22927 22963 I native-activity: Animating
04-13 00:43:04.514 22927 22963 I native-activity: Frame 831 GL error is 0x0
04-13 00:43:04.514 22927 22963 I native-activity: Frame 831 time is 12.084ms
04-13 00:43:04.537 22927 22963 I native-activity: Swap 831 time is 35.343ms
04-13 00:43:04.537 22927 22963 I native-activity: Animating
04-13 00:43:04.550 22927 22963 I native-activity: Frame 832 GL error is 0x0
04-13 00:43:04.550 22927 22963 I native-activity: Frame 832 time is 12.337ms
04-13 00:43:04.573 22927 22963 I native-activity: Swap 832 time is 35.923ms
04-13 00:43:04.573 22927 22963 I native-activity: Animating
04-13 00:43:04.587 22927 22963 I native-activity: Frame 833 GL error is 0x0
04-13 00:43:04.587 22927 22963 I native-activity: Frame 833 time is 13.525ms
04-13 00:43:04.611 22927 22963 I native-activity: Swap 833 time is 37.767ms
04-13 00:43:04.611 22927 22963 I native-activity: Animating
04-13 00:43:04.625 22927 22963 I native-activity: Frame 834 GL error is 0x0
04-13 00:43:04.625 22927 22963 I native-activity: Frame 834 time is 13.536ms
04-13 00:43:04.649 22927 22963 I native-activity: Swap 834 time is 37.768ms
04-13 00:43:04.649 22927 22963 I native-activity: Animating
04-13 00:43:04.664 22927 22963 I native-activity: Frame 835 GL error is 0x0
04-13 00:43:04.664 22927 22963 I native-activity: Frame 835 time is 14.464ms
04-13 00:43:04.689 22927 22963 I native-activity: Swap 835 time is 39.303ms
04-13 00:43:04.689 22927 22963 I native-activity: Animating
04-13 00:43:04.701 22927 22963 I native-activity: Frame 836 GL error is 0x0
04-13 00:43:04.702 22927 22963 I native-activity: Frame 836 time is 12.475ms
04-13 00:43:04.726 22927 22963 I native-activity: Swap 836 time is 37.423ms
04-13 00:43:04.727 22927 22963 I native-activity: Animating
04-13 00:43:04.738 22927 22963 I native-activity: Frame 837 GL error is 0x0
04-13 00:43:04.739 22927 22963 I native-activity: Frame 837 time is 11.811ms
04-13 00:43:04.751 22927 22963 I native-activity: Swap 837 time is 24.303ms
04-13 00:43:04.751 22927 22963 I native-activity: Animating
04-13 00:43:04.761 22927 22963 I native-activity: Frame 838 GL error is 0x0
04-13 00:43:04.761 22927 22963 I native-activity: Frame 838 time is 9.910ms
04-13 00:43:04.773 22927 22963 I native-activity: Swap 838 time is 21.365ms
04-13 00:43:04.773 22927 22963 I native-activity: Animating
04-13 00:43:04.783 22927 22963 I native-activity: Frame 839 GL error is 0x0
04-13 00:43:04.784 22927 22963 I native-activity: Frame 839 time is 10.788ms
04-13 00:43:04.795 22927 22963 I native-activity: Swap 839 time is 22.486ms
04-13 00:43:04.795 22927 22963 I native-activity: Animating
04-13 00:43:04.806 22927 22963 I native-activity: Frame 840 GL error is 0x0
04-13 00:43:04.806 22927 22963 I native-activity: Frame 840 time is 10.378ms
04-13 00:43:04.818 22927 22963 I native-activity: Swap 840 time is 22.069ms
04-13 00:43:04.818 22927 22963 I native-activity: Animating
04-13 00:43:04.829 22927 22963 I native-activity: Frame 841 GL error is 0x0
04-13 00:43:04.829 22927 22963 I native-activity: Frame 841 time is 11.619ms
04-13 00:43:04.841 22927 22963 I native-activity: Swap 841 time is 23.736ms
04-13 00:43:04.842 22927 22963 I native-activity: Animating
04-13 00:43:04.852 22927 22963 I native-activity: Frame 842 GL error is 0x0
04-13 00:43:04.852 22927 22963 I native-activity: Frame 842 time is 10.264ms
04-13 00:43:04.864 22927 22963 I native-activity: Swap 842 time is 21.994ms
04-13 00:43:04.864 22927 22963 I native-activity: Animating
04-13 00:43:04.874 22927 22963 I native-activity: Frame 843 GL error is 0x0
04-13 00:43:04.874 22927 22963 I native-activity: Frame 843 time is 9.822ms
04-13 00:43:04.887 22927 22963 I native-activity: Swap 843 time is 22.788ms
04-13 00:43:04.887 22927 22963 I native-activity: Animating
04-13 00:43:04.898 22927 22963 I native-activity: Frame 844 GL error is 0x0
04-13 00:43:04.898 22927 22963 I native-activity: Frame 844 time is 11.534ms
04-13 00:43:04.914 22927 22963 I native-activity: Swap 844 time is 27.165ms
04-13 00:43:04.914 22927 22963 I native-activity: Animating
04-13 00:43:04.925 22927 22963 I native-activity: Frame 845 GL error is 0x0
04-13 00:43:04.925 22927 22963 I native-activity: Frame 845 time is 11.064ms
04-13 00:43:04.939 22927 22963 I native-activity: Swap 845 time is 24.358ms
04-13 00:43:04.939 22927 22963 I native-activity: Animating
04-13 00:43:04.950 22927 22963 I native-activity: Frame 846 GL error is 0x0
04-13 00:43:04.951 22927 22963 I native-activity: Frame 846 time is 12.342ms
04-13 00:43:04.964 22927 22963 I native-activity: Swap 846 time is 24.860ms
04-13 00:43:04.964 22927 22963 I native-activity: Animating
04-13 00:43:04.974 22927 22963 I native-activity: Frame 847 GL error is 0x0
04-13 00:43:04.974 22927 22963 I native-activity: Frame 847 time is 10.052ms
04-13 00:43:04.987 22927 22963 I native-activity: Swap 847 time is 22.717ms
04-13 00:43:04.987 22927 22963 I native-activity: Animating
04-13 00:43:04.998 22927 22963 I native-activity: Frame 848 GL error is 0x0
04-13 00:43:04.998 22927 22963 I native-activity: Frame 848 time is 11.785ms
04-13 00:43:05.013 22927 22963 I native-activity: Swap 848 time is 26.510ms
04-13 00:43:05.013 22927 22963 I native-activity: Animating
04-13 00:43:05.022  1787  1787 I AmazonLocationController: onWifiSignalChanged : connected : true
04-13 00:43:05.030 22927 22963 I native-activity: Frame 849 GL error is 0x0
04-13 00:43:05.030 22927 22963 I native-activity: Frame 849 time is 16.388ms
04-13 00:43:05.044 22927 22963 I native-activity: Swap 849 time is 30.307ms
04-13 00:43:05.044 22927 22963 I native-activity: Animating
04-13 00:43:05.059 22927 22963 I native-activity: Frame 850 GL error is 0x0
04-13 00:43:05.059 22927 22963 I native-activity: Frame 850 time is 15.339ms
04-13 00:43:05.072 22927 22963 I native-activity: Swap 850 time is 28.121ms
04-13 00:43:05.072 22927 22963 I native-activity: Animating
04-13 00:43:05.077 22927 22963 I native-activity: Frame 851 GL error is 0x0
04-13 00:43:05.077 22927 22963 I native-activity: Frame 851 time is 5.249ms
04-13 00:43:05.070     0     0 I Kernel  : [45423.744383]-(0)[0:swapper/0]dpi vsync
04-13 00:43:05.091 22927 22963 I native-activity: Swap 851 time is 18.395ms
04-13 00:43:05.091 22927 22963 I native-activity: Animating
04-13 00:43:05.096 22927 22963 I native-activity: Frame 852 GL error is 0x0
04-13 00:43:05.096 22927 22963 I native-activity: Frame 852 time is 5.051ms
04-13 00:43:05.112 22927 22963 I native-activity: Swap 852 time is 21.121ms
04-13 00:43:05.112 22927 22963 I native-activity: Animating
04-13 00:43:05.117 22927 22963 I native-activity: Frame 853 GL error is 0x0
04-13 00:43:05.118 22927 22963 I native-activity: Frame 853 time is 5.426ms
04-13 00:43:05.134 22927 22963 I native-activity: Swap 853 time is 21.620ms
04-13 00:43:05.134 22927 22963 I native-activity: Animating
04-13 00:43:05.120    82    82 I Kernel  : [45423.796602].(0)[82:mtk charger_hv_]charging_reset_watch_dog_timer
04-13 00:43:05.120    82    82 I Kernel  : [45423.797562].(0)[82:mtk charger_hv_]array_size = 16 
04-13 00:43:05.142 22927 22963 I native-activity: Frame 854 GL error is 0x0
04-13 00:43:05.142 22927 22963 I native-activity: Frame 854 time is 7.951ms
04-13 00:43:05.158 22927 22963 I native-activity: Swap 854 time is 24.289ms
04-13 00:43:05.158 22927 22963 I native-activity: Animating
04-13 00:43:05.169 22927 22963 I native-activity: Frame 855 GL error is 0x0
04-13 00:43:05.169 22927 22963 I native-activity: Frame 855 time is 10.782ms
04-13 00:43:05.186 22927 22963 I native-activity: Swap 855 time is 27.350ms
04-13 00:43:05.186 22927 22963 I native-activity: Animating
04-13 00:43:05.197 22927 22963 I native-activity: Frame 856 GL error is 0x0
04-13 00:43:05.197 22927 22963 I native-activity: Frame 856 time is 11.145ms
04-13 00:43:05.214 22927 22963 I native-activity: Swap 856 time is 27.949ms
04-13 00:43:05.214 22927 22963 I native-activity: Animating
04-13 00:43:05.225 22927 22963 I native-activity: Frame 857 GL error is 0x0
04-13 00:43:05.225 22927 22963 I native-activity: Frame 857 time is 10.847ms
04-13 00:43:05.242 22927 22963 I native-activity: Swap 857 time is 27.655ms
04-13 00:43:05.242 22927 22963 I native-activity: Animating
04-13 00:43:05.253 22927 22963 I native-activity: Frame 858 GL error is 0x0
04-13 00:43:05.253 22927 22963 I native-activity: Frame 858 time is 10.766ms
04-13 00:43:05.269 22927 22963 I native-activity: Swap 858 time is 27.421ms
04-13 00:43:05.270 22927 22963 I native-activity: Animating
04-13 00:43:05.280 22927 22963 I native-activity: Frame 859 GL error is 0x0
04-13 00:43:05.280 22927 22963 I native-activity: Frame 859 time is 10.391ms
04-13 00:43:05.296 22927 22963 I native-activity: Swap 859 time is 26.720ms
04-13 00:43:05.297 22927 22963 I native-activity: Animating
04-13 00:43:05.307 22927 22963 I native-activity: Frame 860 GL error is 0x0
04-13 00:43:05.307 22927 22963 I native-activity: Frame 860 time is 10.202ms
04-13 00:43:05.323 22927 22963 I native-activity: Swap 860 time is 25.995ms
04-13 00:43:05.323 22927 22963 I native-activity: Animating
04-13 00:43:05.333 22927 22963 I native-activity: Frame 861 GL error is 0x0
04-13 00:43:05.333 22927 22963 I native-activity: Frame 861 time is 9.866ms
04-13 00:43:05.348 22927 22963 I native-activity: Swap 861 time is 25.452ms
04-13 00:43:05.348 22927 22963 I native-activity: Animating
04-13 00:43:05.358 22927 22963 I native-activity: Frame 862 GL error is 0x0
04-13 00:43:05.358 22927 22963 I native-activity: Frame 862 time is 9.715ms
04-13 00:43:05.374 22927 22963 I native-activity: Swap 862 time is 25.201ms
04-13 00:43:05.374 22927 22963 I native-activity: Animating
04-13 00:43:05.384 22927 22963 I native-activity: Frame 863 GL error is 0x0
04-13 00:43:05.384 22927 22963 I native-activity: Frame 863 time is 10.591ms
04-13 00:43:05.400 22927 22963 I native-activity: Swap 863 time is 25.950ms
04-13 00:43:05.400 22927 22963 I native-activity: Animating
04-13 00:43:05.410 22927 22963 I native-activity: Frame 864 GL error is 0x0
04-13 00:43:05.410 22927 22963 I native-activity: Frame 864 time is 9.636ms
04-13 00:43:05.425 22927 22963 I native-activity: Swap 864 time is 24.846ms
04-13 00:43:05.425 22927 22963 I native-activity: Animating
04-13 00:43:05.435 22927 22963 I native-activity: Frame 865 GL error is 0x0
04-13 00:43:05.436 22927 22963 I native-activity: Frame 865 time is 10.494ms
04-13 00:43:05.451 22927 22963 I native-activity: Swap 865 time is 25.703ms
04-13 00:43:05.451 22927 22963 I native-activity: Animating
04-13 00:43:05.461 22927 22963 I native-activity: Frame 866 GL error is 0x0
04-13 00:43:05.461 22927 22963 I native-activity: Frame 866 time is 9.776ms
04-13 00:43:05.476 22927 22963 I native-activity: Swap 866 time is 25.034ms
04-13 00:43:05.476 22927 22963 I native-activity: Animating
04-13 00:43:05.488 22927 22963 I native-activity: Frame 867 GL error is 0x0
04-13 00:43:05.488 22927 22963 I native-activity: Frame 867 time is 12.044ms
04-13 00:43:05.505 22927 22963 I native-activity: Swap 867 time is 28.698ms
04-13 00:43:05.505 22927 22963 I native-activity: Animating
04-13 00:43:05.517 22927 22963 I native-activity: Frame 868 GL error is 0x0
