04-13 01:13:39.505 27620 27653 D native-activity: 	Config 0x6000000f index 14
04-13 01:13:39.505 27620 27653 V native-activity: 		EGL_CONFIG_ID: 14
04-13 01:13:39.505 27620 27653 V native-activity: 		EGL_CONFORMANT: 0
04-13 01:13:39.505 27620 27653 V native-activity: 		EGL_CONFIG_CAVEAT: 12369 EGL_NON_CONFORMANT_CONFIG,
04-13 01:13:39.505 27620 27653 V native-activity: 		EGL_RENDERABLE_TYPE: 0
04-13 01:13:39.505 27620 27653 V native-activity: 		EGL_SURFACE_TYPE: 2 EGL_PIXMAP_BIT,
04-13 01:13:39.505 27620 27653 V native-activity: 		EGL_LEVEL: 0
04-13 01:13:39.505 27620 27653 V native-activity: 		EGL_COLOR_BUFFER_TYPE: 12431 EGL_LUMINANCE_BUFFER,
04-13 01:13:39.505 27620 27653 V native-activity: 		EGL_BUFFER_SIZE: 16
04-13 01:13:39.505 27620 27653 V native-activity: 		EGL_SAMPLES: 0
04-13 01:13:39.505 27620 27653 V native-activity: 		EGL_SAMPLE_BUFFERS: 0
04-13 01:13:39.505 27620 27653 V native-activity: 		EGL_RED_SIZE: 0
04-13 01:13:39.505 27620 27653 V native-activity: 		EGL_GREEN_SIZE: 0
04-13 01:13:39.505 27620 27653 V native-activity: 		EGL_BLUE_SIZE: 0
04-13 01:13:39.505 27620 27653 V native-activity: 		EGL_ALPHA_SIZE: 8
04-13 01:13:39.505 27620 27653 V native-activity: 		EGL_ALPHA_MASK_SIZE: 0
04-13 01:13:39.505 27620 27653 V native-activity: 		EGL_LUMINANCE_SIZE: 8
04-13 01:13:39.505 27620 27653 V native-activity: 		EGL_TRANSPARENT_TYPE: 12344 EGL_NONE,
04-13 01:13:39.505 27620 27653 V native-activity: 		EGL_TRANSPARENT_RED_VALUE: -1
04-13 01:13:39.505 27620 27653 V native-activity: 		EGL_TRANSPARENT_GREEN_VALUE: -1
04-13 01:13:39.505 27620 27653 V native-activity: 		EGL_TRANSPARENT_BLUE_VALUE: -1
04-13 01:13:39.505 27620 27653 V native-activity: 		EGL_STENCIL_SIZE: 0
04-13 01:13:39.505 27620 27653 V native-activity: 		EGL_DEPTH_SIZE: 0
04-13 01:13:39.505 27620 27653 V native-activity: 		EGL_BIND_TO_TEXTURE_RGB: 0
04-13 01:13:39.505 27620 27653 V native-activity: 		EGL_BIND_TO_TEXTURE_RGBA: 0
04-13 01:13:39.505 27620 27653 V native-activity: 		EGL_MIN_SWAP_INTERVAL: 0
04-13 01:13:39.505 27620 27653 V native-activity: 		EGL_MAX_SWAP_INTERVAL: 0
04-13 01:13:39.505 27620 27653 V native-activity: 		EGL_MAX_PBUFFER_WIDTH: 0
04-13 01:13:39.505 27620 27653 V native-activity: 		EGL_MAX_PBUFFER_HEIGHT: 0
04-13 01:13:39.505 27620 27653 D native-activity: 	Config 0x60000010 index 15
04-13 01:13:39.505 27620 27653 V native-activity: 		EGL_CONFIG_ID: 29
04-13 01:13:39.505 27620 27653 V native-activity: 		EGL_CONFORMANT: 5 EGL_OPENGL_ES_BIT, EGL_OPENGL_ES2_BIT,
04-13 01:13:39.505 27620 27653 V native-activity: 		EGL_CONFIG_CAVEAT: 12344 EGL_NONE,
04-13 01:13:39.505 27620 27653 V native-activity: 		EGL_RENDERABLE_TYPE: 5 EGL_OPENGL_ES_BIT, EGL_OPENGL_ES2_BIT,
04-13 01:13:39.505 27620 27653 V native-activity: 		EGL_SURFACE_TYPE: 1031 EGL_PBUFFER_BIT, EGL_PIXMAP_BIT, EGL_SWAP_BEHAVIOR_PRESERVED_BIT, EGL_WINDOW_BIT,
04-13 01:13:39.505 27620 27653 V native-activity: 		EGL_LEVEL: 0
04-13 01:13:39.505 27620 27653 V native-activity: 		EGL_COLOR_BUFFER_TYPE: 12430 EGL_RGB_BUFFER,
04-13 01:13:39.506 27620 27653 V native-activity: 		EGL_BUFFER_SIZE: 16
04-13 01:13:39.506 27620 27653 V native-activity: 		EGL_SAMPLES: 0
04-13 01:13:39.506 27620 27653 V native-activity: 		EGL_SAMPLE_BUFFERS: 0
04-13 01:13:39.506 27620 27653 V native-activity: 		EGL_RED_SIZE: 5
04-13 01:13:39.506 27620 27653 V native-activity: 		EGL_GREEN_SIZE: 6
04-13 01:13:39.506 27620 27653 V native-activity: 		EGL_BLUE_SIZE: 5
04-13 01:13:39.506 27620 27653 V native-activity: 		EGL_ALPHA_SIZE: 0
04-13 01:13:39.506 27620 27653 V native-activity: 		EGL_ALPHA_MASK_SIZE: 0
04-13 01:13:39.506 27620 27653 V native-activity: 		EGL_LUMINANCE_SIZE: 0
04-13 01:13:39.506 27620 27653 V native-activity: 		EGL_TRANSPARENT_TYPE: 12344 EGL_NONE,
04-13 01:13:39.506 27620 27653 V native-activity: 		EGL_TRANSPARENT_RED_VALUE: -1
04-13 01:13:39.506 27620 27653 V native-activity: 		EGL_TRANSPARENT_GREEN_VALUE: -1
04-13 01:13:39.506 27620 27653 V native-activity: 		EGL_TRANSPARENT_BLUE_VALUE: -1
04-13 01:13:39.506 27620 27653 V native-activity: 		EGL_STENCIL_SIZE: 0
04-13 01:13:39.506 27620 27653 V native-activity: 		EGL_DEPTH_SIZE: 0
04-13 01:13:39.506 27620 27653 V native-activity: 		EGL_BIND_TO_TEXTURE_RGB: 1
04-13 01:13:39.506 27620 27653 V native-activity: 		EGL_BIND_TO_TEXTURE_RGBA: 0
04-13 01:13:39.506 27620 27653 V native-activity: 		EGL_MIN_SWAP_INTERVAL: 0
04-13 01:13:39.506 27620 27653 V native-activity: 		EGL_MAX_SWAP_INTERVAL: 10
04-13 01:13:39.506 27620 27653 V native-activity: 		EGL_MAX_PBUFFER_WIDTH: 4096
04-13 01:13:39.506 27620 27653 V native-activity: 		EGL_MAX_PBUFFER_HEIGHT: 4096
04-13 01:13:39.506 27620 27653 D native-activity: 	Config 0x60000011 index 16
04-13 01:13:39.506 27620 27653 V native-activity: 		EGL_CONFIG_ID: 30
04-13 01:13:39.506 27620 27653 V native-activity: 		EGL_CONFORMANT: 5 EGL_OPENGL_ES_BIT, EGL_OPENGL_ES2_BIT,
04-13 01:13:39.506 27620 27653 V native-activity: 		EGL_CONFIG_CAVEAT: 12344 EGL_NONE,
04-13 01:13:39.506 27620 27653 V native-activity: 		EGL_RENDERABLE_TYPE: 5 EGL_OPENGL_ES_BIT, EGL_OPENGL_ES2_BIT,
04-13 01:13:39.506 27620 27653 V native-activity: 		EGL_SURFACE_TYPE: 1031 EGL_PBUFFER_BIT, EGL_PIXMAP_BIT, EGL_SWAP_BEHAVIOR_PRESERVED_BIT, EGL_WINDOW_BIT,
04-13 01:13:39.506 27620 27653 V native-activity: 		EGL_LEVEL: 0
04-13 01:13:39.506 27620 27653 V native-activity: 		EGL_COLOR_BUFFER_TYPE: 12430 EGL_RGB_BUFFER,
04-13 01:13:39.506 27620 27653 V native-activity: 		EGL_BUFFER_SIZE: 32
04-13 01:13:39.506 27620 27653 V native-activity: 		EGL_SAMPLES: 0
04-13 01:13:39.506 27620 27653 V native-activity: 		EGL_SAMPLE_BUFFERS: 0
04-13 01:13:39.506 27620 27653 V native-activity: 		EGL_RED_SIZE: 8
04-13 01:13:39.506 27620 27653 V native-activity: 		EGL_GREEN_SIZE: 8
04-13 01:13:39.506 27620 27653 V native-activity: 		EGL_BLUE_SIZE: 8
04-13 01:13:39.506 27620 27653 V native-activity: 		EGL_ALPHA_SIZE: 8
04-13 01:13:39.506 27620 27653 V native-activity: 		EGL_ALPHA_MASK_SIZE: 0
04-13 01:13:39.506 27620 27653 V native-activity: 		EGL_LUMINANCE_SIZE: 0
04-13 01:13:39.506 27620 27653 V native-activity: 		EGL_TRANSPARENT_TYPE: 12344 EGL_NONE,
04-13 01:13:39.506 27620 27653 V native-activity: 		EGL_TRANSPARENT_RED_VALUE: -1
04-13 01:13:39.506 27620 27653 V native-activity: 		EGL_TRANSPARENT_GREEN_VALUE: -1
04-13 01:13:39.506 27620 27653 V native-activity: 		EGL_TRANSPARENT_BLUE_VALUE: -1
04-13 01:13:39.506 27620 27653 V native-activity: 		EGL_STENCIL_SIZE: 0
04-13 01:13:39.506 27620 27653 V native-activity: 		EGL_DEPTH_SIZE: 0
04-13 01:13:39.506 27620 27653 V native-activity: 		EGL_BIND_TO_TEXTURE_RGB: 1
04-13 01:13:39.506 27620 27653 V native-activity: 		EGL_BIND_TO_TEXTURE_RGBA: 1
04-13 01:13:39.506 27620 27653 V native-activity: 		EGL_MIN_SWAP_INTERVAL: 0
04-13 01:13:39.507 27620 27653 V native-activity: 		EGL_MAX_SWAP_INTERVAL: 10
04-13 01:13:39.507 27620 27653 V native-activity: 		EGL_MAX_PBUFFER_WIDTH: 4096
04-13 01:13:39.507 27620 27653 V native-activity: 		EGL_MAX_PBUFFER_HEIGHT: 4096
04-13 01:13:39.507 27620 27653 D native-activity: 	Config 0x60000012 index 17
04-13 01:13:39.507 27620 27653 V native-activity: 		EGL_CONFIG_ID: 31
04-13 01:13:39.507 27620 27653 V native-activity: 		EGL_CONFORMANT: 5 EGL_OPENGL_ES_BIT, EGL_OPENGL_ES2_BIT,
04-13 01:13:39.507 27620 27653 V native-activity: 		EGL_CONFIG_CAVEAT: 12344 EGL_NONE,
04-13 01:13:39.507 27620 27653 V native-activity: 		EGL_RENDERABLE_TYPE: 5 EGL_OPENGL_ES_BIT, EGL_OPENGL_ES2_BIT,
04-13 01:13:39.507 27620 27653 V native-activity: 		EGL_SURFACE_TYPE: 1031 EGL_PBUFFER_BIT, EGL_PIXMAP_BIT, EGL_SWAP_BEHAVIOR_PRESERVED_BIT, EGL_WINDOW_BIT,
04-13 01:13:39.507 27620 27653 V native-activity: 		EGL_LEVEL: 0
04-13 01:13:39.507 27620 27653 V native-activity: 		EGL_COLOR_BUFFER_TYPE: 12430 EGL_RGB_BUFFER,
04-13 01:13:39.507 27620 27653 V native-activity: 		EGL_BUFFER_SIZE: 32
04-13 01:13:39.507 27620 27653 V native-activity: 		EGL_SAMPLES: 0
04-13 01:13:39.507 27620 27653 V native-activity: 		EGL_SAMPLE_BUFFERS: 0
04-13 01:13:39.507 27620 27653 V native-activity: 		EGL_RED_SIZE: 8
04-13 01:13:39.507 27620 27653 V native-activity: 		EGL_GREEN_SIZE: 8
04-13 01:13:39.507 27620 27653 V native-activity: 		EGL_BLUE_SIZE: 8
04-13 01:13:39.507 27620 27653 V native-activity: 		EGL_ALPHA_SIZE: 0
04-13 01:13:39.507 27620 27653 V native-activity: 		EGL_ALPHA_MASK_SIZE: 0
04-13 01:13:39.507 27620 27653 V native-activity: 		EGL_LUMINANCE_SIZE: 0
04-13 01:13:39.507 27620 27653 V native-activity: 		EGL_TRANSPARENT_TYPE: 12344 EGL_NONE,
04-13 01:13:39.507 27620 27653 V native-activity: 		EGL_TRANSPARENT_RED_VALUE: -1
04-13 01:13:39.507 27620 27653 V native-activity: 		EGL_TRANSPARENT_GREEN_VALUE: -1
04-13 01:13:39.507 27620 27653 V native-activity: 		EGL_TRANSPARENT_BLUE_VALUE: -1
04-13 01:13:39.507 27620 27653 V native-activity: 		EGL_STENCIL_SIZE: 0
04-13 01:13:39.507 27620 27653 V native-activity: 		EGL_DEPTH_SIZE: 0
04-13 01:13:39.507 27620 27653 V native-activity: 		EGL_BIND_TO_TEXTURE_RGB: 1
04-13 01:13:39.507 27620 27653 V native-activity: 		EGL_BIND_TO_TEXTURE_RGBA: 1
04-13 01:13:39.507 27620 27653 V native-activity: 		EGL_MIN_SWAP_INTERVAL: 0
04-13 01:13:39.507 27620 27653 V native-activity: 		EGL_MAX_SWAP_INTERVAL: 10
04-13 01:13:39.507 27620 27653 V native-activity: 		EGL_MAX_PBUFFER_WIDTH: 4096
04-13 01:13:39.507 27620 27653 V native-activity: 		EGL_MAX_PBUFFER_HEIGHT: 4096
04-13 01:13:39.507 27620 27653 D native-activity: 	Config 0x60000013 index 18
04-13 01:13:39.508 27620 27653 V native-activity: 		EGL_CONFIG_ID: 32
04-13 01:13:39.509 27620 27653 V native-activity: 		EGL_CONFORMANT: 5 EGL_OPENGL_ES_BIT, EGL_OPENGL_ES2_BIT,
04-13 01:13:39.509 27620 27653 V native-activity: 		EGL_CONFIG_CAVEAT: 12344 EGL_NONE,
04-13 01:13:39.509 27620 27653 V native-activity: 		EGL_RENDERABLE_TYPE: 5 EGL_OPENGL_ES_BIT, EGL_OPENGL_ES2_BIT,
04-13 01:13:39.509 27620 27653 V native-activity: 		EGL_SURFACE_TYPE: 1031 EGL_PBUFFER_BIT, EGL_PIXMAP_BIT, EGL_SWAP_BEHAVIOR_PRESERVED_BIT, EGL_WINDOW_BIT,
04-13 01:13:39.509 27620 27653 V native-activity: 		EGL_LEVEL: 0
04-13 01:13:39.509 27620 27653 V native-activity: 		EGL_COLOR_BUFFER_TYPE: 12430 EGL_RGB_BUFFER,
04-13 01:13:39.512 27620 27653 V native-activity: 		EGL_COLOR_BUFFER_TYPE: 12430 EGL_RGB_BUFFER,
04-13 01:13:39.512 27620 27653 V native-activity: 		EGL_SAMPLE_BUFFERS: 1
04-13 01:13:39.512 27620 27653 V native-activity: 		EGL_RED_SIZE: 8
04-13 01:13:39.512 27620 27653 V native-activity: 		EGL_BLUE_SIZE: 8
04-13 01:13:39.512 27620 27653 V native-activity: 		EGL_ALPHA_MASK_SIZE: 0
04-13 01:13:39.512 27620 27653 V native-activity: 		EGL_TRANSPARENT_TYPE: 12344 EGL_NONE,
04-13 01:13:39.514 27620 27653 D native-activity: Comparing requested attrib 12339 value 4 to 1025
04-13 01:13:39.514 27620 27653 D native-activity: Comparing requested attrib 12339 value 4 to 1025
04-13 01:13:39.514 27620 27653 D native-activity: Comparing requested attrib 12339 value 4 to 1025
04-13 01:13:39.514 27620 27653 D native-activity: Comparing requested attrib 12339 value 4 to 1025
04-13 01:13:39.514 27620 27653 D native-activity: Examining config 0x6000000a
04-13 01:13:39.514 27620 27653 D native-activity: Comparing requested attrib 12339 value 4 to 1031
04-13 01:13:39.514 27620 27653 D native-activity: Comparing requested attrib 12322 value 8 to 8
04-13 01:13:39.514 27620 27653 D native-activity: Comparing requested attrib 12323 value 8 to 8
04-13 01:13:39.514 27620 27653 D native-activity: Comparing requested attrib 12324 value 8 to 8
04-13 01:13:39.514 27620 27653 D native-activity: Comparing requested attrib 12321 value 8 to 8
04-13 01:13:39.514 27620 27653 D native-activity: Comparing requested attrib 12325 value 16 to 24
04-13 01:13:39.514 27620 27653 D native-activity: Comparing requested attrib 12339 value 4 to 1031
04-13 01:13:39.514 27620 27653 D native-activity: Comparing requested attrib 12352 value 4 to 5
04-13 01:13:39.514 27620 27653 D native-activity: Comparing requested attrib 12322 value 8 to 8
04-13 01:13:39.514 27620 27653 D native-activity: Comparing requested attrib 12323 value 8 to 8
04-13 01:13:39.514 27620 27653 D native-activity: Comparing requested attrib 12321 value 8 to 0
04-13 01:13:39.514 27620 27653 D native-activity: Examining config 0x6000000c
04-13 01:13:39.514 27620 27653 D native-activity: Comparing requested attrib 12339 value 4 to 1543
04-13 01:13:39.514 27620 27653 D native-activity: Comparing requested attrib 12352 value 4 to 5
04-13 01:13:39.514 27620 27653 D native-activity: Comparing requested attrib 12323 value 8 to 8
04-13 01:13:39.515 27620 27653 D native-activity: Comparing requested attrib 12324 value 8 to 8
04-13 01:13:39.515 27620 27653 D native-activity: Comparing requested attrib 12321 value 8 to 8
04-13 01:13:39.515 27620 27653 D native-activity: Comparing requested attrib 12325 value 16 to 24
04-13 01:13:39.515 27620 27653 D native-activity: Comparing requested attrib 12339 value 4 to 1543
04-13 01:13:39.515 27620 27653 D native-activity: Comparing requested attrib 12352 value 4 to 5
04-13 01:13:39.515 27620 27653 D native-activity: Comparing requested attrib 12322 value 8 to 8
04-13 01:13:39.515 27620 27653 D native-activity: Comparing requested attrib 12323 value 8 to 8
04-13 01:13:39.515 27620 27653 D native-activity: Comparing requested attrib 12324 value 8 to 8
04-13 01:13:39.515 27620 27653 D native-activity: Comparing requested attrib 12321 value 8 to 8
04-13 01:13:39.515 27620 27653 D native-activity: Comparing requested attrib 12325 value 16 to 24
04-13 01:13:39.515 27620 27653 D native-activity: Comparing requested attrib 12339 value 4 to 2
04-13 01:13:39.515 27620 27653 D native-activity: Comparing requested attrib 12339 value 4 to 2
04-13 01:13:39.516 27620 27653 D native-activity: Comparing requested attrib 12352 value 4 to 5
04-13 01:13:39.517 27620 27653 I native-activity: 		EGL_CONFORMANT: 5 EGL_OPENGL_ES_BIT, EGL_OPENGL_ES2_BIT,
04-13 01:13:39.517 27620 27653 I native-activity: 		EGL_RENDERABLE_TYPE: 5 EGL_OPENGL_ES_BIT, EGL_OPENGL_ES2_BIT,
04-13 01:13:39.517 27620 27653 I native-activity: 		EGL_SURFACE_TYPE: 1031 EGL_PBUFFER_BIT, EGL_PIXMAP_BIT, EGL_SWAP_BEHAVIOR_PRESERVED_BIT, EGL_WINDOW_BIT,
04-13 01:13:39.517 27620 27653 I native-activity: 		EGL_LEVEL: 0
04-13 01:13:39.517 27620 27653 I native-activity: 		EGL_BUFFER_SIZE: 32
04-13 01:13:39.517 27620 27653 I native-activity: 		EGL_SAMPLES: 0
04-13 01:13:39.517 27620 27653 I native-activity: 		EGL_BLUE_SIZE: 8
04-13 01:13:39.517 27620 27653 I native-activity: 		EGL_ALPHA_MASK_SIZE: 0
04-13 01:13:39.517 27620 27653 I native-activity: 		EGL_TRANSPARENT_TYPE: 12344 EGL_NONE,
04-13 01:13:39.517 27620 27653 I native-activity: 		EGL_TRANSPARENT_RED_VALUE: -1
04-13 01:13:39.517 27620 27653 I native-activity: 		EGL_TRANSPARENT_BLUE_VALUE: -1
04-13 01:13:39.517 27620 27653 I native-activity: 		EGL_STENCIL_SIZE: 8
04-13 01:13:39.517 27620 27653 I native-activity: 		EGL_BIND_TO_TEXTURE_RGB: 1
04-13 01:13:39.517 27620 27653 I native-activity: 		EGL_BIND_TO_TEXTURE_RGBA: 1
04-13 01:13:39.518 27620 27653 I native-activity: 		EGL_MIN_SWAP_INTERVAL: 0
04-13 01:13:39.518 27620 27653 I native-activity: 		EGL_MAX_SWAP_INTERVAL: 10
04-13 01:13:39.518 27620 27653 I native-activity: 		EGL_MAX_PBUFFER_WIDTH: 4096
04-13 01:13:39.518 27620 27653 I native-activity: 		EGL_MAX_PBUFFER_HEIGHT: 4096
04-13 01:13:39.520   143 13904 I [MALI][Gralloc]: usage0: 0xf02, format7: 1 stride2: 1088 vertical_stride6: 1920 size: 8355840
04-13 01:13:39.521 27620 27653 I HAL     : loaded HAL id=gralloc path=/system/lib/hw/gralloc.mt8127.so hmi=0xb6dc73fd handle=0xadc9f694
04-13 01:13:39.522 27620 27653 I MaliEGL : [Mali]window_type=1, is_framebuffer=0, errnum = 0
04-13 01:13:39.520 27640 27640 I Kernel  : [47258.192007].(2)[27640:main]name:dev/ashmem/dalvik-main space unmap vm_start 12c00000  end: 12e01000
04-13 01:13:39.520 27640 27640 I Kernel  : [47258.193595].(2)[27640:main]name:dev/ashmem/dalvik-main space unmap vm_start 22c00000  end: 22c01000
04-13 01:13:39.522 27620 27653 I MaliEGL : [Mali]surface->num_buffers=4, surface->num_frames=3, win_min_undequeued=1
04-13 01:13:39.522 27620 27653 I MaliEGL : [Mali]max_allowed_dequeued_buffers=3
04-13 01:13:39.537 27620 27653 I native-activity: EGL Surface 0xb91ab678 information
04-13 01:13:39.537 27620 27653 I native-activity: 		EGL_CONFIG_ID: 9
04-13 01:13:39.537 27620 27653 I native-activity: 		EGL_WIDTH: 600
04-13 01:13:39.537 27620 27653 I native-activity: 		EGL_HEIGHT: 976
04-13 01:13:39.537 27620 27653 I native-activity: 		EGL_HORIZONTAL_RESOLUTION: 1
04-13 01:13:39.537 27620 27653 I native-activity: 		EGL_VERTICAL_RESOLUTION: 1
04-13 01:13:39.537 27620 27653 I native-activity: 		EGL_PIXEL_ASPECT_RATIO: 1
04-13 01:13:39.537 27620 27653 I native-activity: 		EGL_RENDER_BUFFER: 12420 EGL_BACK_BUFFER,
04-13 01:13:39.537 27620 27653 I native-activity: 		EGL_MIPMAP_TEXTURE: 12289 EGL_NOT_INITIALIZED,
04-13 01:13:39.537 27620 27653 I native-activity: 		EGL_TEXTURE_FORMAT: 12289 EGL_NOT_INITIALIZED,
04-13 01:13:39.537 27620 27653 I native-activity: 		EGL_TEXTURE_TARGET: 12289 EGL_NOT_INITIALIZED,
04-13 01:13:39.537 27620 27653 I native-activity: 		EGL_SWAP_BEHAVIOR: 12437 EGL_BUFFER_DESTROYED,
04-13 01:13:39.537 27620 27653 I native-activity: 		EGL_MULTISAMPLE_RESOLVE: 12442 EGL_MULTISAMPLE_RESOLVE_DEFAULT,
04-13 01:13:39.538 27620 27653 I native-activity: Created context 0xb91b9010, error 0x3000
04-13 01:13:39.538 27620 27653 I native-activity: 		EGL_CONFIG_ID: 9
04-13 01:13:39.538 27620 27653 I native-activity: 		EGL_CONTEXT_CLIENT_TYPE: 12448 EGL_OPENGL_ES_API,
04-13 01:13:39.538 27620 27653 I native-activity: 		EGL_CONTEXT_CLIENT_VERSION: 2
04-13 01:13:39.538 27620 27653 I native-activity: 		EGL_RENDER_BUFFER: 12344 EGL_NONE,
04-13 01:13:39.538   143   255 I [MALI][Gralloc]: usage0: 0xf02, format7: 1 stride2: 1920 vertical_stride6: 1080 size: 8294400
04-13 01:13:39.541 27620 27653 I native-activity: Context 0xb91b9010 made current on surface 0xb91ab678, error 0x3000
04-13 01:13:39.541 27620 27653 I native-activity: GL information
04-13 01:13:39.541 27620 27653 I native-activity: 	Renderer: Mali-450 MP
04-13 01:13:39.541 27620 27653 I native-activity: 	Vendor: ARM
04-13 01:13:39.541 27620 27653 I native-activity: 	Version: OpenGL ES 2.0
04-13 01:13:39.541 27620 27653 I native-activity: 	Shading Language: OpenGL ES GLSL ES 1.00
04-13 01:13:39.541 27620 27653 I native-activity: 	Extensions: GL_EXT_debug_marker GL_OES_texture_npot GL_OES_compressed_ETC1_RGB8_texture GL_OES_standard_derivatives GL_OES_EGL_image GL_OES_depth24 GL_ARM_rgba8 GL_ARM_mali_shader_binary GL_OES_depth_texture GL_OES_packed_depth_stencil GL_EXT_texture_format_BGRA8888 GL_OES_vertex_half_float GL_EXT_blend_minmax GL_OES_EGL_image_external GL_OES_EGL_sync GL_OES_rgb8_rgba8 GL_EXT_multisampled_render_to_texture GL_EXT_discard_framebuffer GL_OES_get_program_binary GL_ARM_mali_program_binary GL_EXT_shader_texture_lod GL_EXT_robustness GL_OES_depth_texture_cube_map GL_KHR_debug 
04-13 01:13:39.541 27620 27653 W MALI    : _gles_set_error:84: [WARNING]Mali GLES errorcode: 500 (next several errors will be ignored to avoid flood)
04-13 01:13:39.584 25616 25616 I F_C.Launcher: onStop
04-13 01:13:39.570 27661 27661 W sh      : type=1400 audit(0.0:5293): avc: denied { module_request } for kmod="personality-8" scontext=u:r:shell:s0 tcontext=u:r:kernel:s0 tclass=system permissive=0
04-13 01:13:39.570 27661 27661 I Kernel  : [47258.250949].(3)[27661:sh]audit avc scontext:u:r:shell:s0
04-13 01:13:39.594 25616 25616 I F_C.ImageMemoryManager: onTrimMemory: Level: 20, activeSources: ArraySet[ ImageSourceState(com.amazon.firelauncher.images.imagesource.AppsMainFolderImageSource@ec52027) ]
04-13 01:13:39.580 27661 27661 I Kernel  : [47258.257351].(2)[27661:logcat]audit avc scontext:u:r:shell:s0
04-13 01:13:39.595 27620 27653 I native-activity: Context 0xb91b9010 made current on surface 0xb91ab678, error 0x3000
04-13 01:13:39.595 27620 27653 I native-activity: GL information
04-13 01:13:39.595 27620 27653 I native-activity: 	Renderer: Mali-450 MP
04-13 01:13:39.595 27620 27653 I native-activity: 	Vendor: ARM
04-13 01:13:39.595 27620 27653 I native-activity: 	Version: OpenGL ES 2.0
04-13 01:13:39.595 27620 27653 I native-activity: 	Shading Language: OpenGL ES GLSL ES 1.00
04-13 01:13:39.595 27620 27653 I native-activity: 	Extensions: GL_EXT_debug_marker GL_OES_texture_npot GL_OES_compressed_ETC1_RGB8_texture GL_OES_standard_derivatives GL_OES_EGL_image GL_OES_depth24 GL_ARM_rgba8 GL_ARM_mali_shader_binary GL_OES_depth_texture GL_OES_packed_depth_stencil GL_EXT_texture_format_BGRA8888 GL_OES_vertex_half_float GL_EXT_blend_minmax GL_OES_EGL_image_external GL_OES_EGL_sync GL_OES_rgb8_rgba8 GL_EXT_multisampled_render_to_texture GL_EXT_discard_framebuffer GL_OES_get_program_binary GL_ARM_mali_program_binary GL_EXT_shader_texture_lod GL_EXT_robustness GL_OES_depth_texture_cube_map GL_KHR_debug 
04-13 01:13:39.580 27661 27661 W logcat  : type=1400 audit(0.0:5294): avc: denied { module_request } for kmod="personality-8" scontext=u:r:shell:s0 tcontext=u:r:kernel:s0 tclass=system permissive=0
04-13 01:13:39.628 27620 27653 I native-activity: Frame 0 GL error is 0x500
04-13 01:13:39.628 27620 27653 I native-activity: Frame 0 time is 91.227ms
04-13 01:13:39.632 27620 27653 I HAL     : loaded HAL id=gralloc path=/system/lib/hw/gralloc.mt8127.so hmi=0xb6dc73fd handle=0xadc9f694
04-13 01:13:39.634 27620 27653 I native-activity: Swap 0 time is 96.960ms
04-13 01:13:39.635   917  1764 D Sensors : hwm__set_delay: Set delay 1000000 ns
04-13 01:13:39.635   917  1764 D Sensors : Control set delay 1000000 ns is too small 
04-13 01:13:39.620   917  1764 I Kernel  : [47258.297371].(3)[1764:Binder_6]<HWMSEN> ioctl delay handle=0,delay =10
04-13 01:13:39.620   917  1764 I Kernel  : [47258.298411][Gsensor] KXTJ2_1009_SetPowerMode 0!
04-13 01:13:39.640   917  1764 I Kernel  : [Gsensor] KXTJ2_1009_SetPowerMode 1!
04-13 01:13:39.640   917  1764 I Kernel  : KXTJ2_1009_SetBWRate OK! 
04-13 01:13:39.640   917  1764 I Kernel  : [47258.318208].(3)[1764:Binder_6]<HWMSEN> update_workqueue_polling_rate
04-13 01:13:39.640   917  1764 I Kernel  : [47258.318222].(3)[1764:Binder_6]<HWMSEN> set old fastest sensor delay as workqueue base time=10
04-13 01:13:39.640   917  1764 I Kernel  : [47258.318237].(3)[1764:Binder_6]<HWMSEN> update_workqueue_polling_rate,set delayCountSet=0 delay =10 handle=0
04-13 01:13:39.660   917  1763 D Sensors : hwm__set_delay: Set delay 16000000 ns
04-13 01:13:39.650   917  1763 I Kernel  : [47258.322574].(3)[1763:Binder_5]<HWMSEN> ioctl delay handle=0,delay =16
04-13 01:13:39.650   917  1763 I Kernel  : [47258.323545][Gsensor] KXTJ2_1009_SetPowerMode 0!
04-13 01:13:39.650   917  1763 I Kernel  : [Gsensor] KXTJ2_1009_SetPowerMode 1!
04-13 01:13:39.676 27620 27653 I native-activity: Animating
04-13 01:13:39.677   143  2965 I [MALI][Gralloc]: usage0: 0xf02, format7: 1 stride2: 1920 vertical_stride6: 1080 size: 8294400
04-13 01:13:39.660   917  1763 I Kernel  : KXTJ2_1009_SetBWRate OK! 
04-13 01:13:39.660   917  1763 I Kernel  : [47258.337281].(0)[1763:Binder_5]<HWMSEN> update_workqueue_polling_rate
04-13 01:13:39.660   917  1763 I Kernel  : [47258.337299].(0)[1763:Binder_5]<HWMSEN> set old fastest sensor delay as workqueue base time=16
04-13 01:13:39.660   917  1763 I Kernel  : [47258.337314].(0)[1763:Binder_5]<HWMSEN> update_workqueue_polling_rate,set delayCountSet=0 delay =16 handle=0
04-13 01:13:39.679 27620 27653 I native-activity: Frame 1 GL error is 0x0
04-13 01:13:39.680 27620 27653 I native-activity: Frame 1 time is 3.544ms
04-13 01:13:39.683 27620 27653 I native-activity: Swap 1 time is 6.977ms
04-13 01:13:39.683 27620 27653 I native-activity: Animating
04-13 01:13:39.684   143   257 I [MALI][Gralloc]: usage0: 0xf02, format7: 1 stride2: 1920 vertical_stride6: 1080 size: 8294400
04-13 01:13:39.693 27620 27653 I native-activity: Frame 2 GL error is 0x0
04-13 01:13:39.693 27620 27653 I native-activity: Frame 2 time is 9.763ms
04-13 01:13:39.696 27620 27653 I native-activity: Swap 2 time is 12.959ms
04-13 01:13:39.696 27620 27653 I native-activity: Animating
04-13 01:13:39.697 27620 27653 I native-activity: Context 0xb91b9010 made current on surface 0xb91ab678, error 0x3000
04-13 01:13:39.697 27620 27653 I native-activity: GL information
04-13 01:13:39.697 27620 27653 I native-activity: 	Renderer: Mali-450 MP
04-13 01:13:39.697 27620 27653 I native-activity: 	Vendor: ARM
04-13 01:13:39.697 27620 27653 I native-activity: 	Version: OpenGL ES 2.0
04-13 01:13:39.697 27620 27653 I native-activity: 	Shading Language: OpenGL ES GLSL ES 1.00
04-13 01:13:39.697 27620 27653 I native-activity: 	Extensions: GL_EXT_debug_marker GL_OES_texture_npot GL_OES_compressed_ETC1_RGB8_texture GL_OES_standard_derivatives GL_OES_EGL_image GL_OES_depth24 GL_ARM_rgba8 GL_ARM_mali_shader_binary GL_OES_depth_texture GL_OES_packed_depth_stencil GL_EXT_texture_format_BGRA8888 GL_OES_vertex_half_float GL_EXT_blend_minmax GL_OES_EGL_image_external GL_OES_EGL_sync GL_OES_rgb8_rgba8 GL_EXT_multisampled_render_to_texture GL_EXT_discard_framebuffer GL_OES_get_program_binary GL_ARM_mali_program_binary GL_EXT_shader_texture_lod GL_EXT_robustness GL_OES_depth_texture_cube_map GL_KHR_debug 
04-13 01:13:39.697 27620 27653 I native-activity: Frame 3 GL error is 0x501
04-13 01:13:39.697 27620 27653 I native-activity: Frame 3 time is 0.383ms
04-13 01:13:39.697 27620 27653 I native-activity: Swap 3 time is 0.462ms
04-13 01:13:39.697 27620 27653 I native-activity: Animating
04-13 01:13:39.722   143   255 I [MALI][Gralloc]: usage0: 0xf02, format7: 1 stride2: 608 vertical_stride6: 976 size: 2373632
04-13 01:13:39.723  1787  2848 I MaliEGL : [Mali]window_type=1, is_framebuffer=0, errnum = 0
04-13 01:13:39.723  1787  2848 I MaliEGL : [Mali]surface->num_buffers=4, surface->num_frames=3, win_min_undequeued=1
04-13 01:13:39.723  1787  2848 I MaliEGL : [Mali]max_allowed_dequeued_buffers=3
04-13 01:13:39.725   143   257 I [MALI][Gralloc]: usage0: 0xf02, format7: 1 stride2: 976 vertical_stride6: 600 size: 2342400
04-13 01:13:39.783 27620 27653 I native-activity: Frame 4 GL error is 0x500
04-13 01:13:39.783 27620 27653 I native-activity: Frame 4 time is 85.753ms
04-13 01:13:39.784 27620 27653 I native-activity: Swap 4 time is 87.106ms
04-13 01:13:39.784 27620 27653 I native-activity: Animating
04-13 01:13:39.785 27620 27653 I native-activity: Frame 5 GL error is 0x0
04-13 01:13:39.785 27620 27653 I native-activity: Frame 5 time is 0.708ms
04-13 01:13:39.789 27620 27653 I native-activity: Swap 5 time is 5.127ms
04-13 01:13:39.789 27620 27653 I native-activity: Animating
04-13 01:13:39.790   143 13904 I [MALI][Gralloc]: usage0: 0xf02, format7: 1 stride2: 1920 vertical_stride6: 1080 size: 8294400
04-13 01:13:39.796 27620 27653 I native-activity: Frame 6 GL error is 0x0
04-13 01:13:39.796 27620 27653 I native-activity: Frame 6 time is 6.879ms
04-13 01:13:39.798 27620 27653 I native-activity: Swap 6 time is 8.338ms
04-13 01:13:39.798 27620 27653 I native-activity: Animating
04-13 01:13:39.799 27620 27653 I native-activity: Frame 7 GL error is 0x0
04-13 01:13:39.799 27620 27653 I native-activity: Frame 7 time is 0.664ms
04-13 01:13:39.780   143 13904 I Kernel  : [47258.454732].(1)[13904:Binder_5][ION]ion_page_pool_alloc_pages alloc_pages failed page is null.
04-13 01:13:39.806 27620 27653 I native-activity: Swap 7 time is 7.925ms
04-13 01:13:39.806 27620 27653 I native-activity: Animating
04-13 01:13:39.811 27620 27653 I native-activity: Frame 8 GL error is 0x0
04-13 01:13:39.811 27620 27653 I native-activity: Frame 8 time is 4.648ms
04-13 01:13:39.813 27620 27653 I native-activity: Swap 8 time is 6.457ms
04-13 01:13:39.813 27620 27653 I native-activity: Animating
04-13 01:13:39.827 27620 27653 I native-activity: Frame 9 GL error is 0x0
04-13 01:13:39.827 27620 27653 I native-activity: Frame 9 time is 14.766ms
04-13 01:13:39.829 27620 27653 I native-activity: Swap 9 time is 16.014ms
04-13 01:13:39.829 27620 27653 I native-activity: Animating
04-13 01:13:39.844 27620 27653 I native-activity: Frame 10 GL error is 0x0
04-13 01:13:39.844 27620 27653 I native-activity: Frame 10 time is 15.084ms
04-13 01:13:39.846 27620 27653 I native-activity: Swap 10 time is 16.624ms
04-13 01:13:39.846 27620 27653 I native-activity: Animating
04-13 01:13:39.861 27620 27653 I native-activity: Frame 11 GL error is 0x0
04-13 01:13:39.862 27620 27653 I native-activity: Frame 11 time is 15.803ms
04-13 01:13:39.864 27620 27653 I native-activity: Swap 11 time is 18.036ms
04-13 01:13:39.864 27620 27653 I native-activity: Animating
04-13 01:13:39.878 27620 27653 I native-activity: Frame 12 GL error is 0x0
04-13 01:13:39.878 27620 27653 I native-activity: Frame 12 time is 14.284ms
04-13 01:13:39.881 27620 27653 I native-activity: Swap 12 time is 16.879ms
04-13 01:13:39.881 27620 27653 I native-activity: Animating
04-13 01:13:39.895 27620 27653 I native-activity: Frame 13 GL error is 0x0
04-13 01:13:39.895 27620 27653 I native-activity: Frame 13 time is 14.132ms
04-13 01:13:39.897 27620 27653 I native-activity: Swap 13 time is 16.315ms
04-13 01:13:39.898 27620 27653 I native-activity: Animating
04-13 01:13:39.912 27620 27653 I native-activity: Frame 14 GL error is 0x0
04-13 01:13:39.913 27620 27653 I native-activity: Frame 14 time is 14.882ms
04-13 01:13:39.915 27620 27653 I native-activity: Swap 14 time is 17.509ms
04-13 01:13:39.915 27620 27653 I native-activity: Animating
04-13 01:13:39.929 27620 27653 I native-activity: Frame 15 GL error is 0x0
04-13 01:13:39.929 27620 27653 I native-activity: Frame 15 time is 13.771ms
04-13 01:13:39.932 27620 27653 I native-activity: Swap 15 time is 16.593ms
04-13 01:13:39.932 27620 27653 I native-activity: Animating
04-13 01:13:39.946 27620 27653 I native-activity: Frame 16 GL error is 0x0
04-13 01:13:39.946 27620 27653 I native-activity: Frame 16 time is 13.475ms
04-13 01:13:39.949 27620 27653 I native-activity: Swap 16 time is 16.216ms
04-13 01:13:39.949 27620 27653 I native-activity: Animating
04-13 01:13:39.963 27620 27653 I native-activity: Frame 17 GL error is 0x0
04-13 01:13:39.963 27620 27653 I native-activity: Frame 17 time is 13.884ms
04-13 01:13:39.965 27620 27653 I native-activity: Swap 17 time is 16.307ms
04-13 01:13:39.965 27620 27653 I native-activity: Animating
04-13 01:13:39.979 27620 27653 I native-activity: Frame 18 GL error is 0x0
04-13 01:13:39.980 27620 27653 I native-activity: Frame 18 time is 14.039ms
04-13 01:13:39.982 27620 27653 I native-activity: Swap 18 time is 16.555ms
04-13 01:13:39.983 27620 27653 I native-activity: Animating
04-13 01:13:39.996 27620 27653 I native-activity: Frame 19 GL error is 0x0
04-13 01:13:39.996 27620 27653 I native-activity: Frame 19 time is 13.114ms
04-13 01:13:39.998 27620 27653 I native-activity: Swap 19 time is 15.330ms
04-13 01:13:39.998 27620 27653 I native-activity: Animating
04-13 01:13:40.013 27620 27653 I native-activity: Frame 20 GL error is 0x0
04-13 01:13:40.013 27620 27653 I native-activity: Frame 20 time is 14.702ms
04-13 01:13:40.015 27620 27653 I native-activity: Swap 20 time is 16.634ms
04-13 01:13:40.015 27620 27653 I native-activity: Animating
04-13 01:13:40.029 27620 27653 I native-activity: Frame 21 GL error is 0x0
04-13 01:13:40.029 27620 27653 I native-activity: Frame 21 time is 14.178ms
04-13 01:13:40.032 27620 27653 I native-activity: Swap 21 time is 16.682ms
04-13 01:13:40.032 27620 27653 I native-activity: Animating
04-13 01:13:40.046 27620 27653 I native-activity: Frame 22 GL error is 0x0
04-13 01:13:40.047 27620 27653 I native-activity: Frame 22 time is 14.501ms
04-13 01:13:40.050 27620 27653 I native-activity: Swap 22 time is 17.512ms
04-13 01:13:40.050 27620 27653 I native-activity: Animating
04-13 01:13:40.064 27620 27653 I native-activity: Frame 23 GL error is 0x0
04-13 01:13:40.064 27620 27653 I native-activity: Frame 23 time is 14.325ms
04-13 01:13:40.066 27620 27653 I native-activity: Swap 23 time is 16.179ms
04-13 01:13:40.066 27620 27653 I native-activity: Animating
04-13 01:13:40.080 27620 27653 I native-activity: Frame 24 GL error is 0x0
04-13 01:13:40.080 27620 27653 I native-activity: Frame 24 time is 13.740ms
04-13 01:13:40.083 27620 27653 I native-activity: Swap 24 time is 16.643ms
04-13 01:13:40.083 27620 27653 I native-activity: Animating
04-13 01:13:40.097 27620 27653 I native-activity: Frame 25 GL error is 0x0
04-13 01:13:40.097 27620 27653 I native-activity: Frame 25 time is 13.495ms
04-13 01:13:40.099 27620 27653 I native-activity: Swap 25 time is 15.417ms
04-13 01:13:40.099 27620 27653 I native-activity: Animating
04-13 01:13:40.114 27620 27653 I native-activity: Frame 26 GL error is 0x0
04-13 01:13:40.114 27620 27653 I native-activity: Frame 26 time is 14.358ms
04-13 01:13:40.116 27620 27653 I native-activity: Swap 26 time is 16.401ms
04-13 01:13:40.116 27620 27653 I native-activity: Animating
04-13 01:13:40.131 27620 27653 I native-activity: Frame 27 GL error is 0x0
04-13 01:13:40.131 27620 27653 I native-activity: Frame 27 time is 14.926ms
04-13 01:13:40.136 27620 27653 I native-activity: Swap 27 time is 20.320ms
04-13 01:13:40.137 27620 27653 I native-activity: Animating
04-13 01:13:40.120   143 13904 I Kernel  : [47258.795495]-(0)[13904:Binder_5]dpi vsync
04-13 01:13:40.148 27620 27653 I native-activity: Frame 28 GL error is 0x0
04-13 01:13:40.148 27620 27653 I native-activity: Frame 28 time is 11.356ms
04-13 01:13:40.153 27620 27653 I native-activity: Swap 28 time is 15.969ms
04-13 01:13:40.153 27620 27653 I native-activity: Animating
04-13 01:13:40.164   143   255 I [MALI][Gralloc]: usage0: 0xf02, format7: 1 stride2: 976 vertical_stride6: 600 size: 2342400
04-13 01:13:40.164 27620 27653 I native-activity: Frame 29 GL error is 0x0
04-13 01:13:40.164 27620 27653 I native-activity: Frame 29 time is 10.861ms
04-13 01:13:40.167 27620 27653 I native-activity: Swap 29 time is 14.576ms
04-13 01:13:40.168 27620 27653 I native-activity: Animating
04-13 01:13:40.150   143   255 I Kernel  : [47258.825889].(3)[255:Binder_1][ION]ion_page_pool_alloc_pages alloc_pages failed page is null.
04-13 01:13:40.180 27620 27653 I native-activity: Frame 30 GL error is 0x0
04-13 01:13:40.180 27620 27653 I native-activity: Frame 30 time is 12.728ms
04-13 01:13:40.183 27620 27653 I native-activity: Swap 30 time is 15.412ms
04-13 01:13:40.183 27620 27653 I native-activity: Animating
04-13 01:13:40.197 27620 27653 I native-activity: Frame 31 GL error is 0x500
04-13 01:13:40.197 27620 27653 I native-activity: Frame 31 time is 13.687ms
04-13 01:13:40.199 27620 27653 I native-activity: Swap 31 time is 15.540ms
04-13 01:13:40.199 27620 27653 I native-activity: Animating
04-13 01:13:40.220    82    82 I Kernel  : [47258.891985].(0)[82:mtk charger_hv_]charging_reset_watch_dog_timer
04-13 01:13:40.220    82    82 I Kernel  : [47258.893698].(0)[82:mtk charger_hv_]array_size = 16 
04-13 01:13:40.252 27620 27653 I native-activity: Frame 32 GL error is 0x500
04-13 01:13:40.252 27620 27653 I native-activity: Frame 32 time is 53.070ms
04-13 01:13:40.254 27620 27653 I native-activity: Swap 32 time is 54.386ms
04-13 01:13:40.254 27620 27653 I native-activity: Animating
04-13 01:13:40.280 27620 27653 I native-activity: Frame 33 GL error is 0x500
04-13 01:13:40.280 27620 27653 I native-activity: Frame 33 time is 25.828ms
04-13 01:13:40.281 27620 27653 I native-activity: Swap 33 time is 27.350ms
04-13 01:13:40.281 27620 27653 I native-activity: Animating
04-13 01:13:40.420 27620 27653 I native-activity: Frame 34 GL error is 0x500
04-13 01:13:40.420 27620 27653 I native-activity: Frame 34 time is 138.945ms
04-13 01:13:40.422 27620 27653 I native-activity: Swap 34 time is 140.743ms
04-13 01:13:40.422 27620 27653 I native-activity: Animating
04-13 01:13:40.456 27620 27653 I native-activity: Frame 35 GL error is 0x500
04-13 01:13:40.456 27620 27653 I native-activity: Frame 35 time is 34.204ms
04-13 01:13:40.458 27620 27653 I native-activity: Swap 35 time is 35.538ms
04-13 01:13:40.458 27620 27653 I native-activity: Animating
04-13 01:13:40.505  1787  1787 I AmazonLocationController: onWifiSignalChanged : connected : true
04-13 01:13:40.620  2137  2137 I Kernel  : [47259.293070][wlan] nicTxReleaseResource: (TX STATE)
04-13 01:13:40.620  2137  2137 I Kernel  : Release: TC4 count 1, Free=3; TC5 count 0, Free=4
04-13 01:13:40.620  2159  2159 I Kernel  : [47259.293165].(0)[2159:wpa_supplicant]poorlink get state G(363168)F(49)dbad(0)dretry(0)LT(540)RT(-75)W(0)(12844)
04-13 01:13:40.620  2137  2137 I Kernel  : [47259.294616][wlan] nicTxReleaseResource: (TX STATE)
04-13 01:13:40.620  2137  2137 I Kernel  : Release: TC4 count 1, Free=4; TC5 count 0, Free=4
04-13 01:13:40.812 27620 27653 I native-activity: Frame 36 GL error is 0x500
04-13 01:13:40.812 27620 27653 I native-activity: Frame 36 time is 354.519ms
04-13 01:13:40.814 27620 27653 I native-activity: Swap 36 time is 356.339ms
04-13 01:13:40.814 27620 27653 I native-activity: Animating
04-13 01:13:40.943 27620 27653 I native-activity: Frame 37 GL error is 0x501
04-13 01:13:40.943 27620 27653 I native-activity: Frame 37 time is 128.405ms
04-13 01:13:40.944 27620 27653 I native-activity: Swap 37 time is 129.657ms
04-13 01:13:40.944 27620 27653 I native-activity: Animating
04-13 01:13:40.958 27620 27653 I native-activity: Frame 38 GL error is 0x501
04-13 01:13:40.958 27620 27653 I native-activity: Frame 38 time is 13.816ms
04-13 01:13:40.960 27620 27653 I native-activity: Swap 38 time is 15.103ms
04-13 01:13:40.960 27620 27653 I native-activity: Animating
04-13 01:13:40.968 27620 27653 I native-activity: Frame 39 GL error is 0x0
04-13 01:13:40.968 27620 27653 I native-activity: Frame 39 time is 8.159ms
04-13 01:13:40.969 27620 27653 I native-activity: Swap 39 time is 9.568ms
04-13 01:13:40.969 27620 27653 I native-activity: Animating
04-13 01:13:40.978 27620 27653 I native-activity: Frame 40 GL error is 0x0
04-13 01:13:40.978 27620 27653 I native-activity: Frame 40 time is 8.968ms
04-13 01:13:40.980 27620 27653 I native-activity: Swap 40 time is 10.574ms
04-13 01:13:40.980 27620 27653 I native-activity: Animating
04-13 01:13:40.989 27620 27653 I native-activity: Frame 41 GL error is 0x0
04-13 01:13:40.989 27620 27653 I native-activity: Frame 41 time is 8.551ms
04-13 01:13:40.990 27620 27653 I native-activity: Swap 41 time is 10.124ms
04-13 01:13:40.990 27620 27653 I native-activity: Animating
04-13 01:13:40.998 27620 27653 I native-activity: Frame 42 GL error is 0x0
04-13 01:13:40.998 27620 27653 I native-activity: Frame 42 time is 7.325ms
04-13 01:13:41.000 27620 27653 I native-activity: Swap 42 time is 9.475ms
04-13 01:13:41.000 27620 27653 I native-activity: Animating
04-13 01:13:41.010 27620 27653 I native-activity: Frame 43 GL error is 0x0
04-13 01:13:41.010 27620 27653 I native-activity: Frame 43 time is 10.010ms
04-13 01:13:41.012 27620 27653 I native-activity: Swap 43 time is 11.821ms
04-13 01:13:41.012 27620 27653 I native-activity: Animating
04-13 01:13:41.020 27620 27653 I native-activity: Frame 44 GL error is 0x0
04-13 01:13:41.020 27620 27653 I native-activity: Frame 44 time is 7.625ms
04-13 01:13:41.021 27620 27653 I native-activity: Swap 44 time is 9.114ms
04-13 01:13:41.021 27620 27653 I native-activity: Animating
04-13 01:13:41.149 27620 27653 I native-activity: Frame 45 GL error is 0x501
04-13 01:13:41.149 27620 27653 I native-activity: Frame 45 time is 127.773ms
04-13 01:13:41.151 27620 27653 I native-activity: Swap 45 time is 129.208ms
04-13 01:13:41.151 27620 27653 I native-activity: Animating
04-13 01:13:41.220    82    82 I Kernel  : [47259.893761].(0)[82:mtk charger_hv_]charging_reset_watch_dog_timer
04-13 01:13:41.220    82    82 I Kernel  : [47259.894630].(0)[82:mtk charger_hv_]array_size = 16 
04-13 01:13:41.290 26597 26597 I Kernel  : [47259.961696].(0)[26597:kworker/0:0H]regs_hotplug_callback cpu = 3
04-13 01:13:41.290    19    19 I Kernel  : [47259.962207]-(3)[19:migration/3][Power/hotplug] platform_cpu_disable, cpu: 3
04-13 01:13:41.290    19    19 I Kernel  : [47259.962461]-(3)[19:migration/3]regs_hotplug_callback cpu = 3
04-13 01:13:41.290 26597 26597 I Kernel  : [47259.962521].(0)[26597:kworker/0:0H]
04-13 01:13:41.290 26597 26597 I Kernel  : [47259.962526]-(3)[0:swapper/3][Power/hotplug] platform_cpu_die, cpu: 3
04-13 01:13:41.290 26597 26597 I Kernel  : [47259.962548].(0)[26597:kworker/0:0H][Power/hotplug] platform_cpu_kill, cpu: 3
04-13 01:13:41.290 26597 26597 I Kernel  : [47259.963058].(0)[26597:kworker/0:0H]regs_hotplug_callback cpu = 3
04-13 01:13:41.290 26597 26597 I Kernel  : [47259.963356].(0)[26597:kworker/0:0H][WDK]cpu 3 plug off, kick wdt
04-13 01:13:41.290 26597 26597 I Kernel  : [47259.963442].(0)[26597:kworker/0:0H]regs_hotplug_callback cpu = 3
04-13 01:13:41.315 27620 27653 I native-activity: Frame 46 GL error is 0x501
04-13 01:13:41.315 27620 27653 I native-activity: Frame 46 time is 163.913ms
04-13 01:13:41.316 27620 27653 I native-activity: Swap 46 time is 165.245ms
04-13 01:13:41.316 27620 27653 I native-activity: Animating
04-13 01:13:41.455 27620 27653 I native-activity: Frame 47 GL error is 0x501
04-13 01:13:41.455 27620 27653 I native-activity: Frame 47 time is 138.303ms
04-13 01:13:41.457 27620 27653 I native-activity: Swap 47 time is 140.609ms
04-13 01:13:41.457 27620 27653 I native-activity: Animating
04-13 01:13:41.458 27620 27653 I native-activity: Frame 48 GL error is 0x0
04-13 01:13:41.458 27620 27653 I native-activity: Frame 48 time is 0.571ms
04-13 01:13:41.464 27620 27653 I native-activity: Swap 48 time is 6.912ms
04-13 01:13:41.464 27620 27653 I native-activity: Animating
04-13 01:13:41.465 27620 27653 I native-activity: Frame 49 GL error is 0x0
04-13 01:13:41.465 27620 27653 I native-activity: Frame 49 time is 0.551ms
04-13 01:13:41.472 27620 27653 I native-activity: Swap 49 time is 7.452ms
04-13 01:13:41.472 27620 27653 I native-activity: Animating
04-13 01:13:41.473 27620 27653 I native-activity: Frame 50 GL error is 0x0
04-13 01:13:41.473 27620 27653 I native-activity: Frame 50 time is 1.328ms
04-13 01:13:41.479 27620 27653 I native-activity: Swap 50 time is 7.381ms
04-13 01:13:41.479 27620 27653 I native-activity: Animating
04-13 01:13:41.490 27620 27653 I native-activity: Frame 51 GL error is 0x0
04-13 01:13:41.490 27620 27653 I native-activity: Frame 51 time is 10.964ms
04-13 01:13:41.492 27620 27653 I native-activity: Swap 51 time is 12.784ms
04-13 01:13:41.492 27620 27653 I native-activity: Animating
04-13 01:13:41.508  1787  1787 I AmazonLocationController: onWifiSignalChanged : connected : true
04-13 01:13:41.508 27620 27653 I native-activity: Frame 52 GL error is 0x0
04-13 01:13:41.508 27620 27653 I native-activity: Frame 52 time is 15.980ms
04-13 01:13:41.512 27620 27653 I native-activity: Swap 52 time is 19.645ms
04-13 01:13:41.512 27620 27653 I native-activity: Animating
04-13 01:13:41.524 27620 27653 I native-activity: Frame 53 GL error is 0x0
04-13 01:13:41.524 27620 27653 I native-activity: Frame 53 time is 12.311ms
04-13 01:13:41.530 27620 27653 I native-activity: Swap 53 time is 17.161ms
04-13 01:13:41.530 27620 27653 I native-activity: Animating
04-13 01:13:41.542 27620 27653 I native-activity: Frame 54 GL error is 0x0
04-13 01:13:41.542 27620 27653 I native-activity: Frame 54 time is 11.738ms
04-13 01:13:41.545 27620 27653 I native-activity: Swap 54 time is 15.071ms
04-13 01:13:41.545 27620 27653 I native-activity: Animating
04-13 01:13:41.558 27620 27653 I native-activity: Frame 55 GL error is 0x0
04-13 01:13:41.558 27620 27653 I native-activity: Frame 55 time is 12.679ms
04-13 01:13:41.562 27620 27653 I native-activity: Swap 55 time is 16.355ms
04-13 01:13:41.562 27620 27653 I native-activity: Animating
04-13 01:13:41.576 27620 27653 I native-activity: Frame 56 GL error is 0x0
04-13 01:13:41.576 27620 27653 I native-activity: Frame 56 time is 14.209ms
04-13 01:13:41.580 27620 27653 I native-activity: Swap 56 time is 18.060ms
04-13 01:13:41.580 27620 27653 I native-activity: Animating
04-13 01:13:41.591 27620 27653 I native-activity: Frame 57 GL error is 0x0
04-13 01:13:41.591 27620 27653 I native-activity: Frame 57 time is 11.193ms
04-13 01:13:41.595 27620 27653 I native-activity: Swap 57 time is 14.739ms
04-13 01:13:41.595 27620 27653 I native-activity: Animating
04-13 01:13:41.608 27620 27653 I native-activity: Frame 58 GL error is 0x0
04-13 01:13:41.608 27620 27653 I native-activity: Frame 58 time is 12.062ms
04-13 01:13:41.611 27620 27653 I native-activity: Swap 58 time is 15.336ms
04-13 01:13:41.612 27620 27653 I native-activity: Animating
04-13 01:13:41.625 27620 27653 I native-activity: Frame 59 GL error is 0x0
04-13 01:13:41.625 27620 27653 I native-activity: Frame 59 time is 13.312ms
04-13 01:13:41.628 27620 27653 I native-activity: Swap 59 time is 15.808ms
04-13 01:13:41.628 27620 27653 I native-activity: Animating
04-13 01:13:41.641 27620 27653 I native-activity: Frame 60 GL error is 0x0
04-13 01:13:41.642 27620 27653 I native-activity: Frame 60 time is 13.845ms
04-13 01:13:41.644 27620 27653 I native-activity: Swap 60 time is 16.373ms
04-13 01:13:41.644 27620 27653 I native-activity: Animating
04-13 01:13:41.658 27620 27653 I native-activity: Frame 61 GL error is 0x0
04-13 01:13:41.658 27620 27653 I native-activity: Frame 61 time is 13.862ms
04-13 01:13:41.662 27620 27653 I native-activity: Swap 61 time is 17.369ms
04-13 01:13:41.662 27620 27653 I native-activity: Animating
04-13 01:13:41.675 27620 27653 I native-activity: Frame 62 GL error is 0x0
04-13 01:13:41.675 27620 27653 I native-activity: Frame 62 time is 12.933ms
04-13 01:13:41.678 27620 27653 I native-activity: Swap 62 time is 16.333ms
04-13 01:13:41.679 27620 27653 I native-activity: Animating
04-13 01:13:41.692 27620 27653 I native-activity: Frame 63 GL error is 0x0
04-13 01:13:41.692 27620 27653 I native-activity: Frame 63 time is 13.252ms
04-13 01:13:41.694 27620 27653 I native-activity: Swap 63 time is 15.804ms
04-13 01:13:41.695 27620 27653 I native-activity: Animating
04-13 01:13:41.708 27620 27653 I native-activity: Frame 64 GL error is 0x0
04-13 01:13:41.709 27620 27653 I native-activity: Frame 64 time is 13.890ms
04-13 01:13:41.711 27620 27653 I native-activity: Swap 64 time is 16.779ms
04-13 01:13:41.712 27620 27653 I native-activity: Animating
04-13 01:13:41.726 27620 27653 I native-activity: Frame 65 GL error is 0x0
04-13 01:13:41.726 27620 27653 I native-activity: Frame 65 time is 13.916ms
04-13 01:13:41.729 27620 27653 I native-activity: Swap 65 time is 16.886ms
04-13 01:13:41.729 27620 27653 I native-activity: Animating
04-13 01:13:41.742 27620 27653 I native-activity: Frame 66 GL error is 0x0
04-13 01:13:41.742 27620 27653 I native-activity: Frame 66 time is 13.513ms
04-13 01:13:41.746 27620 27653 I native-activity: Swap 66 time is 17.078ms
04-13 01:13:41.746 27620 27653 I native-activity: Animating
04-13 01:13:41.759 27620 27653 I native-activity: Frame 67 GL error is 0x0
04-13 01:13:41.760 27620 27653 I native-activity: Frame 67 time is 12.844ms
04-13 01:13:41.763 27620 27653 I native-activity: Swap 67 time is 16.764ms
04-13 01:13:41.763 27620 27653 I native-activity: Animating
04-13 01:13:41.776 27620 27653 I native-activity: Frame 68 GL error is 0x0
04-13 01:13:41.776 27620 27653 I native-activity: Frame 68 time is 12.632ms
04-13 01:13:41.779 27620 27653 I native-activity: Swap 68 time is 15.485ms
04-13 01:13:41.779 27620 27653 I native-activity: Animating
04-13 01:13:41.793 27620 27653 I native-activity: Frame 69 GL error is 0x0
04-13 01:13:41.793 27620 27653 I native-activity: Frame 69 time is 14.000ms
04-13 01:13:41.796 27620 27653 I native-activity: Swap 69 time is 17.504ms
04-13 01:13:41.797 27620 27653 I native-activity: Animating
04-13 01:13:41.809 27620 27653 I native-activity: Frame 70 GL error is 0x0
04-13 01:13:41.809 27620 27653 I native-activity: Frame 70 time is 12.684ms
04-13 01:13:41.813 27620 27653 I native-activity: Swap 70 time is 16.320ms
04-13 01:13:41.813 27620 27653 I native-activity: Animating
04-13 01:13:41.826 27620 27653 I native-activity: Frame 71 GL error is 0x0
04-13 01:13:41.826 27620 27653 I native-activity: Frame 71 time is 13.067ms
04-13 01:13:41.829 27620 27653 I native-activity: Swap 71 time is 15.698ms
04-13 01:13:41.829 27620 27653 I native-activity: Animating
04-13 01:13:41.843 27620 27653 I native-activity: Frame 72 GL error is 0x0
04-13 01:13:41.843 27620 27653 I native-activity: Frame 72 time is 13.708ms
04-13 01:13:41.846 27620 27653 I native-activity: Swap 72 time is 16.873ms
04-13 01:13:41.846 27620 27653 I native-activity: Animating
04-13 01:13:41.860 27620 27653 I native-activity: Frame 73 GL error is 0x0
04-13 01:13:41.860 27620 27653 I native-activity: Frame 73 time is 13.468ms
04-13 01:13:41.863 27620 27653 I native-activity: Swap 73 time is 16.671ms
04-13 01:13:41.863 27620 27653 I native-activity: Animating
