04-13 01:14:07.094 27726 27760 D native-activity: 	Config 0x6000000e index 13
04-13 01:14:07.094 27726 27760 V native-activity: 		EGL_CONFIG_ID: 13
04-13 01:14:07.094 27726 27760 V native-activity: 		EGL_CONFORMANT: 0
04-13 01:14:07.094 27726 27760 V native-activity: 		EGL_CONFIG_CAVEAT: 12369 EGL_NON_CONFORMANT_CONFIG,
04-13 01:14:07.094 27726 27760 V native-activity: 		EGL_RENDERABLE_TYPE: 0
04-13 01:14:07.094 27726 27760 V native-activity: 		EGL_SURFACE_TYPE: 2 EGL_PIXMAP_BIT,
04-13 01:14:07.094 27726 27760 V native-activity: 		EGL_LEVEL: 0
04-13 01:14:07.094 27726 27760 V native-activity: 		EGL_COLOR_BUFFER_TYPE: 12431 EGL_LUMINANCE_BUFFER,
04-13 01:14:07.094 27726 27760 V native-activity: 		EGL_BUFFER_SIZE: 8
04-13 01:14:07.094 27726 27760 V native-activity: 		EGL_SAMPLES: 0
04-13 01:14:07.094 27726 27760 V native-activity: 		EGL_SAMPLE_BUFFERS: 0
04-13 01:14:07.094 27726 27760 V native-activity: 		EGL_RED_SIZE: 0
04-13 01:14:07.094 27726 27760 V native-activity: 		EGL_GREEN_SIZE: 0
04-13 01:14:07.094 27726 27760 V native-activity: 		EGL_BLUE_SIZE: 0
04-13 01:14:07.095   917  1055 I LoggerMetricsFactoryImpl: PhoneWindowManager:ActivityChanged:com.example.sonicdash_stage1=1.0;CT;1:NR
04-13 01:14:07.094 27726 27760 V native-activity: 		EGL_ALPHA_SIZE: 0
04-13 01:14:07.095 27726 27760 V native-activity: 		EGL_ALPHA_MASK_SIZE: 0
04-13 01:14:07.095 27726 27760 V native-activity: 		EGL_LUMINANCE_SIZE: 8
04-13 01:14:07.095 27726 27760 V native-activity: 		EGL_TRANSPARENT_TYPE: 12344 EGL_NONE,
04-13 01:14:07.095 27726 27760 V native-activity: 		EGL_TRANSPARENT_RED_VALUE: -1
04-13 01:14:07.095 27726 27760 V native-activity: 		EGL_TRANSPARENT_GREEN_VALUE: -1
04-13 01:14:07.095 27726 27760 V native-activity: 		EGL_TRANSPARENT_BLUE_VALUE: -1
04-13 01:14:07.095 27726 27760 V native-activity: 		EGL_STENCIL_SIZE: 0
04-13 01:14:07.095 27726 27760 V native-activity: 		EGL_DEPTH_SIZE: 0
04-13 01:14:07.095 27726 27760 V native-activity: 		EGL_BIND_TO_TEXTURE_RGB: 0
04-13 01:14:07.095 27726 27760 V native-activity: 		EGL_BIND_TO_TEXTURE_RGBA: 0
04-13 01:14:07.095 27726 27760 V native-activity: 		EGL_MIN_SWAP_INTERVAL: 0
04-13 01:14:07.095 27726 27760 V native-activity: 		EGL_MAX_SWAP_INTERVAL: 0
04-13 01:14:07.095 27726 27760 V native-activity: 		EGL_MAX_PBUFFER_WIDTH: 0
04-13 01:14:07.095 27726 27760 V native-activity: 		EGL_MAX_PBUFFER_HEIGHT: 0
04-13 01:14:07.095 27726 27760 D native-activity: 	Config 0x6000000f index 14
04-13 01:14:07.095 27726 27760 V native-activity: 		EGL_CONFIG_ID: 14
04-13 01:14:07.095 27726 27760 V native-activity: 		EGL_CONFORMANT: 0
04-13 01:14:07.095 27726 27760 V native-activity: 		EGL_CONFIG_CAVEAT: 12369 EGL_NON_CONFORMANT_CONFIG,
04-13 01:14:07.095 27726 27760 V native-activity: 		EGL_RENDERABLE_TYPE: 0
04-13 01:14:07.095 27726 27760 V native-activity: 		EGL_SURFACE_TYPE: 2 EGL_PIXMAP_BIT,
04-13 01:14:07.095 27726 27760 V native-activity: 		EGL_LEVEL: 0
04-13 01:14:07.095 27726 27760 V native-activity: 		EGL_COLOR_BUFFER_TYPE: 12431 EGL_LUMINANCE_BUFFER,
04-13 01:14:07.095 27726 27760 V native-activity: 		EGL_BUFFER_SIZE: 16
04-13 01:14:07.095 27726 27760 V native-activity: 		EGL_SAMPLES: 0
04-13 01:14:07.096 27726 27760 V native-activity: 		EGL_SAMPLE_BUFFERS: 0
04-13 01:14:07.096 27726 27760 V native-activity: 		EGL_RED_SIZE: 0
04-13 01:14:07.096 27726 27760 V native-activity: 		EGL_GREEN_SIZE: 0
04-13 01:14:07.096 27726 27760 V native-activity: 		EGL_BLUE_SIZE: 0
04-13 01:14:07.096 27726 27760 V native-activity: 		EGL_ALPHA_SIZE: 8
04-13 01:14:07.096 27726 27760 V native-activity: 		EGL_ALPHA_MASK_SIZE: 0
04-13 01:14:07.096 27726 27760 V native-activity: 		EGL_LUMINANCE_SIZE: 8
04-13 01:14:07.096 27726 27760 V native-activity: 		EGL_TRANSPARENT_TYPE: 12344 EGL_NONE,
04-13 01:14:07.096 27726 27760 V native-activity: 		EGL_TRANSPARENT_RED_VALUE: -1
04-13 01:14:07.096 27726 27760 V native-activity: 		EGL_TRANSPARENT_GREEN_VALUE: -1
04-13 01:14:07.096 27726 27760 V native-activity: 		EGL_TRANSPARENT_BLUE_VALUE: -1
04-13 01:14:07.096 27726 27760 V native-activity: 		EGL_STENCIL_SIZE: 0
04-13 01:14:07.096 27726 27760 V native-activity: 		EGL_DEPTH_SIZE: 0
04-13 01:14:07.096 27726 27760 V native-activity: 		EGL_BIND_TO_TEXTURE_RGB: 0
04-13 01:14:07.096 27726 27760 V native-activity: 		EGL_BIND_TO_TEXTURE_RGBA: 0
04-13 01:14:07.096 27726 27760 V native-activity: 		EGL_MIN_SWAP_INTERVAL: 0
04-13 01:14:07.096 27726 27760 V native-activity: 		EGL_MAX_SWAP_INTERVAL: 0
04-13 01:14:07.096 27726 27760 V native-activity: 		EGL_MAX_PBUFFER_WIDTH: 0
04-13 01:14:07.096 27726 27760 V native-activity: 		EGL_MAX_PBUFFER_HEIGHT: 0
04-13 01:14:07.096 27726 27760 D native-activity: 	Config 0x60000010 index 15
04-13 01:14:07.096 27726 27760 V native-activity: 		EGL_CONFIG_ID: 29
04-13 01:14:07.096 27726 27760 V native-activity: 		EGL_CONFORMANT: 5 EGL_OPENGL_ES_BIT, EGL_OPENGL_ES2_BIT,
04-13 01:14:07.096 27726 27760 V native-activity: 		EGL_CONFIG_CAVEAT: 12344 EGL_NONE,
04-13 01:14:07.096 27726 27760 V native-activity: 		EGL_RENDERABLE_TYPE: 5 EGL_OPENGL_ES_BIT, EGL_OPENGL_ES2_BIT,
04-13 01:14:07.096 27726 27760 V native-activity: 		EGL_SURFACE_TYPE: 1031 EGL_PBUFFER_BIT, EGL_PIXMAP_BIT, EGL_SWAP_BEHAVIOR_PRESERVED_BIT, EGL_WINDOW_BIT,
04-13 01:14:07.096 27726 27760 V native-activity: 		EGL_LEVEL: 0
04-13 01:14:07.096 27726 27760 V native-activity: 		EGL_COLOR_BUFFER_TYPE: 12430 EGL_RGB_BUFFER,
04-13 01:14:07.096 27726 27760 V native-activity: 		EGL_BUFFER_SIZE: 16
04-13 01:14:07.096 27726 27760 V native-activity: 		EGL_SAMPLES: 0
04-13 01:14:07.096 27726 27760 V native-activity: 		EGL_SAMPLE_BUFFERS: 0
04-13 01:14:07.096 27726 27760 V native-activity: 		EGL_RED_SIZE: 5
04-13 01:14:07.096 27726 27760 V native-activity: 		EGL_GREEN_SIZE: 6
04-13 01:14:07.096 27726 27760 V native-activity: 		EGL_BLUE_SIZE: 5
04-13 01:14:07.096 27726 27760 V native-activity: 		EGL_ALPHA_SIZE: 0
04-13 01:14:07.096 27726 27760 V native-activity: 		EGL_ALPHA_MASK_SIZE: 0
04-13 01:14:07.096 27726 27760 V native-activity: 		EGL_LUMINANCE_SIZE: 0
04-13 01:14:07.096 27726 27760 V native-activity: 		EGL_TRANSPARENT_TYPE: 12344 EGL_NONE,
04-13 01:14:07.096 27726 27760 V native-activity: 		EGL_TRANSPARENT_RED_VALUE: -1
04-13 01:14:07.096 27726 27760 V native-activity: 		EGL_TRANSPARENT_GREEN_VALUE: -1
04-13 01:14:07.096 27726 27760 V native-activity: 		EGL_TRANSPARENT_BLUE_VALUE: -1
04-13 01:14:07.096 27726 27760 V native-activity: 		EGL_STENCIL_SIZE: 0
04-13 01:14:07.096 27726 27760 V native-activity: 		EGL_DEPTH_SIZE: 0
04-13 01:14:07.096 27726 27760 V native-activity: 		EGL_BIND_TO_TEXTURE_RGB: 1
04-13 01:14:07.096 27726 27760 V native-activity: 		EGL_BIND_TO_TEXTURE_RGBA: 0
04-13 01:14:07.096 27726 27760 V native-activity: 		EGL_MIN_SWAP_INTERVAL: 0
04-13 01:14:07.096 27726 27760 V native-activity: 		EGL_MAX_SWAP_INTERVAL: 10
04-13 01:14:07.096 27726 27760 V native-activity: 		EGL_MAX_PBUFFER_WIDTH: 4096
04-13 01:14:07.096 27726 27760 V native-activity: 		EGL_MAX_PBUFFER_HEIGHT: 4096
04-13 01:14:07.096 27726 27760 D native-activity: 	Config 0x60000011 index 16
04-13 01:14:07.096 27726 27760 V native-activity: 		EGL_CONFIG_ID: 30
04-13 01:14:07.096 27726 27760 V native-activity: 		EGL_CONFORMANT: 5 EGL_OPENGL_ES_BIT, EGL_OPENGL_ES2_BIT,
04-13 01:14:07.097 27726 27760 V native-activity: 		EGL_CONFIG_CAVEAT: 12344 EGL_NONE,
04-13 01:14:07.097 27726 27760 V native-activity: 		EGL_RENDERABLE_TYPE: 5 EGL_OPENGL_ES_BIT, EGL_OPENGL_ES2_BIT,
04-13 01:14:07.097 27726 27760 V native-activity: 		EGL_SURFACE_TYPE: 1031 EGL_PBUFFER_BIT, EGL_PIXMAP_BIT, EGL_SWAP_BEHAVIOR_PRESERVED_BIT, EGL_WINDOW_BIT,
04-13 01:14:07.097 27726 27760 V native-activity: 		EGL_LEVEL: 0
04-13 01:14:07.097 27726 27760 V native-activity: 		EGL_COLOR_BUFFER_TYPE: 12430 EGL_RGB_BUFFER,
04-13 01:14:07.097 27726 27760 V native-activity: 		EGL_BUFFER_SIZE: 32
04-13 01:14:07.097 27726 27760 V native-activity: 		EGL_SAMPLES: 0
04-13 01:14:07.097 27726 27760 V native-activity: 		EGL_SAMPLE_BUFFERS: 0
04-13 01:14:07.097 27726 27760 V native-activity: 		EGL_RED_SIZE: 8
04-13 01:14:07.097 27726 27760 V native-activity: 		EGL_GREEN_SIZE: 8
04-13 01:14:07.097 27726 27760 V native-activity: 		EGL_BLUE_SIZE: 8
04-13 01:14:07.097 27726 27760 V native-activity: 		EGL_ALPHA_SIZE: 8
04-13 01:14:07.097 27726 27760 V native-activity: 		EGL_ALPHA_MASK_SIZE: 0
04-13 01:14:07.097 27726 27760 V native-activity: 		EGL_LUMINANCE_SIZE: 0
04-13 01:14:07.097 27726 27760 V native-activity: 		EGL_TRANSPARENT_TYPE: 12344 EGL_NONE,
04-13 01:14:07.097 27726 27760 V native-activity: 		EGL_TRANSPARENT_RED_VALUE: -1
04-13 01:14:07.097 27726 27760 V native-activity: 		EGL_TRANSPARENT_GREEN_VALUE: -1
04-13 01:14:07.098 27726 27760 V native-activity: 		EGL_TRANSPARENT_BLUE_VALUE: -1
04-13 01:14:07.098 27726 27760 V native-activity: 		EGL_STENCIL_SIZE: 0
04-13 01:14:07.098 27726 27760 V native-activity: 		EGL_DEPTH_SIZE: 0
04-13 01:14:07.098 27726 27760 V native-activity: 		EGL_BIND_TO_TEXTURE_RGB: 1
04-13 01:14:07.098 27726 27760 V native-activity: 		EGL_BIND_TO_TEXTURE_RGBA: 1
04-13 01:14:07.098 27726 27760 V native-activity: 		EGL_MIN_SWAP_INTERVAL: 0
04-13 01:14:07.098 27726 27760 V native-activity: 		EGL_MAX_SWAP_INTERVAL: 10
04-13 01:14:07.098 27726 27760 V native-activity: 		EGL_MAX_PBUFFER_WIDTH: 4096
04-13 01:14:07.098 27726 27760 V native-activity: 		EGL_MAX_PBUFFER_HEIGHT: 4096
04-13 01:14:07.098 27726 27760 D native-activity: 	Config 0x60000012 index 17
04-13 01:14:07.098 27726 27760 V native-activity: 		EGL_CONFIG_ID: 31
04-13 01:14:07.098 27726 27760 V native-activity: 		EGL_CONFORMANT: 5 EGL_OPENGL_ES_BIT, EGL_OPENGL_ES2_BIT,
04-13 01:14:07.098 27726 27760 V native-activity: 		EGL_CONFIG_CAVEAT: 12344 EGL_NONE,
04-13 01:14:07.098 27726 27760 V native-activity: 		EGL_RENDERABLE_TYPE: 5 EGL_OPENGL_ES_BIT, EGL_OPENGL_ES2_BIT,
04-13 01:14:07.098 27726 27760 V native-activity: 		EGL_SURFACE_TYPE: 1031 EGL_PBUFFER_BIT, EGL_PIXMAP_BIT, EGL_SWAP_BEHAVIOR_PRESERVED_BIT, EGL_WINDOW_BIT,
04-13 01:14:07.098 27726 27760 V native-activity: 		EGL_LEVEL: 0
04-13 01:14:07.098 27726 27760 V native-activity: 		EGL_COLOR_BUFFER_TYPE: 12430 EGL_RGB_BUFFER,
04-13 01:14:07.098 27726 27760 V native-activity: 		EGL_BUFFER_SIZE: 32
04-13 01:14:07.098 27726 27760 V native-activity: 		EGL_SAMPLES: 0
04-13 01:14:07.098 27726 27760 V native-activity: 		EGL_SAMPLE_BUFFERS: 0
04-13 01:14:07.098 27726 27760 V native-activity: 		EGL_RED_SIZE: 8
04-13 01:14:07.098 27726 27760 V native-activity: 		EGL_GREEN_SIZE: 8
04-13 01:14:07.098 27726 27760 V native-activity: 		EGL_BLUE_SIZE: 8
04-13 01:14:07.098 27726 27760 V native-activity: 		EGL_ALPHA_SIZE: 0
04-13 01:14:07.098 27726 27760 V native-activity: 		EGL_ALPHA_MASK_SIZE: 0
04-13 01:14:07.098 27726 27760 V native-activity: 		EGL_LUMINANCE_SIZE: 0
04-13 01:14:07.098 27726 27760 V native-activity: 		EGL_TRANSPARENT_TYPE: 12344 EGL_NONE,
04-13 01:14:07.098 27726 27760 V native-activity: 		EGL_TRANSPARENT_RED_VALUE: -1
04-13 01:14:07.098 27726 27760 V native-activity: 		EGL_TRANSPARENT_GREEN_VALUE: -1
04-13 01:14:07.098 27726 27760 V native-activity: 		EGL_TRANSPARENT_BLUE_VALUE: -1
04-13 01:14:07.098 27726 27760 V native-activity: 		EGL_STENCIL_SIZE: 0
04-13 01:14:07.098 27726 27760 V native-activity: 		EGL_DEPTH_SIZE: 0
04-13 01:14:07.098 27726 27760 V native-activity: 		EGL_BIND_TO_TEXTURE_RGB: 1
04-13 01:14:07.098 27726 27760 V native-activity: 		EGL_BIND_TO_TEXTURE_RGBA: 1
04-13 01:14:07.098 27726 27760 V native-activity: 		EGL_MIN_SWAP_INTERVAL: 0
04-13 01:14:07.098 27726 27760 V native-activity: 		EGL_MAX_SWAP_INTERVAL: 10
04-13 01:14:07.098 27726 27760 V native-activity: 		EGL_MAX_PBUFFER_WIDTH: 4096
04-13 01:14:07.098 27726 27760 V native-activity: 		EGL_MAX_PBUFFER_HEIGHT: 4096
04-13 01:14:07.098 27726 27760 D native-activity: 	Config 0x60000013 index 18
04-13 01:14:07.098 27726 27760 V native-activity: 		EGL_CONFIG_ID: 32
04-13 01:14:07.098 27726 27760 V native-activity: 		EGL_CONFORMANT: 5 EGL_OPENGL_ES_BIT, EGL_OPENGL_ES2_BIT,
04-13 01:14:07.098 27726 27760 V native-activity: 		EGL_CONFIG_CAVEAT: 12344 EGL_NONE,
04-13 01:14:07.098 27726 27760 V native-activity: 		EGL_RENDERABLE_TYPE: 5 EGL_OPENGL_ES_BIT, EGL_OPENGL_ES2_BIT,
04-13 01:14:07.098 27726 27760 V native-activity: 		EGL_SURFACE_TYPE: 1031 EGL_PBUFFER_BIT, EGL_PIXMAP_BIT, EGL_SWAP_BEHAVIOR_PRESERVED_BIT, EGL_WINDOW_BIT,
04-13 01:14:07.098 27726 27760 V native-activity: 		EGL_LEVEL: 0
04-13 01:14:07.098 27726 27760 V native-activity: 		EGL_COLOR_BUFFER_TYPE: 12430 EGL_RGB_BUFFER,
04-13 01:14:07.098 27726 27760 V native-activity: 		EGL_BUFFER_SIZE: 32
04-13 01:14:07.098 27726 27760 V native-activity: 		EGL_SAMPLES: 0
04-13 01:14:07.099 27726 27760 V native-activity: 		EGL_SAMPLE_BUFFERS: 0
04-13 01:14:07.099 27726 27760 V native-activity: 		EGL_RED_SIZE: 8
04-13 01:14:07.099 27726 27760 V native-activity: 		EGL_GREEN_SIZE: 8
04-13 01:14:07.099 27726 27760 V native-activity: 		EGL_BLUE_SIZE: 8
04-13 01:14:07.099 27726 27760 V native-activity: 		EGL_ALPHA_SIZE: 0
04-13 01:14:07.099 27726 27760 V native-activity: 		EGL_ALPHA_MASK_SIZE: 0
04-13 01:14:07.099 27726 27760 V native-activity: 		EGL_LUMINANCE_SIZE: 0
04-13 01:14:07.099 27726 27760 V native-activity: 		EGL_TRANSPARENT_TYPE: 12344 EGL_NONE,
04-13 01:14:07.099 27726 27760 V native-activity: 		EGL_TRANSPARENT_RED_VALUE: -1
04-13 01:14:07.099 27726 27760 V native-activity: 		EGL_TRANSPARENT_GREEN_VALUE: -1
04-13 01:14:07.099 27726 27760 V native-activity: 		EGL_TRANSPARENT_BLUE_VALUE: -1
04-13 01:14:07.099 27726 27760 V native-activity: 		EGL_STENCIL_SIZE: 0
04-13 01:14:07.099 27726 27760 V native-activity: 		EGL_DEPTH_SIZE: 24
04-13 01:14:07.099 27726 27760 V native-activity: 		EGL_BIND_TO_TEXTURE_RGB: 1
04-13 01:14:07.099 27726 27760 V native-activity: 		EGL_BIND_TO_TEXTURE_RGBA: 1
04-13 01:14:07.099 27726 27760 V native-activity: 		EGL_MIN_SWAP_INTERVAL: 0
04-13 01:14:07.099 27726 27760 V native-activity: 		EGL_MAX_SWAP_INTERVAL: 10
04-13 01:14:07.099 27726 27760 V native-activity: 		EGL_MAX_PBUFFER_WIDTH: 4096
04-13 01:14:07.099 27726 27760 V native-activity: 		EGL_MAX_PBUFFER_HEIGHT: 4096
04-13 01:14:07.099 27726 27760 D native-activity: 	Config 0x60000014 index 19
04-13 01:14:07.099 27726 27760 V native-activity: 		EGL_CONFIG_ID: 33
04-13 01:14:07.099 27726 27760 V native-activity: 		EGL_CONFORMANT: 5 EGL_OPENGL_ES_BIT, EGL_OPENGL_ES2_BIT,
04-13 01:14:07.099 27726 27760 V native-activity: 		EGL_CONFIG_CAVEAT: 12344 EGL_NONE,
04-13 01:14:07.099 27726 27760 V native-activity: 		EGL_RENDERABLE_TYPE: 5 EGL_OPENGL_ES_BIT, EGL_OPENGL_ES2_BIT,
04-13 01:14:07.100 27726 27760 V native-activity: 		EGL_SURFACE_TYPE: 1031 EGL_PBUFFER_BIT, EGL_PIXMAP_BIT, EGL_SWAP_BEHAVIOR_PRESERVED_BIT, EGL_WINDOW_BIT,
04-13 01:14:07.100 27726 27760 V native-activity: 		EGL_LEVEL: 0
04-13 01:14:07.100 27726 27760 V native-activity: 		EGL_COLOR_BUFFER_TYPE: 12430 EGL_RGB_BUFFER,
04-13 01:14:07.100 27726 27760 V native-activity: 		EGL_BUFFER_SIZE: 32
04-13 01:14:07.100 27726 27760 V native-activity: 		EGL_SAMPLES: 0
04-13 01:14:07.100 27726 27760 V native-activity: 		EGL_SAMPLE_BUFFERS: 0
04-13 01:14:07.100 27726 27760 V native-activity: 		EGL_RED_SIZE: 8
04-13 01:14:07.100 27726 27760 V native-activity: 		EGL_GREEN_SIZE: 8
04-13 01:14:07.100 27726 27760 V native-activity: 		EGL_BLUE_SIZE: 8
04-13 01:14:07.100 27726 27760 V native-activity: 		EGL_ALPHA_SIZE: 8
04-13 01:14:07.100 27726 27760 V native-activity: 		EGL_ALPHA_MASK_SIZE: 0
04-13 01:14:07.100 27726 27760 V native-activity: 		EGL_LUMINANCE_SIZE: 0
04-13 01:14:07.100 27726 27760 V native-activity: 		EGL_TRANSPARENT_TYPE: 12344 EGL_NONE,
04-13 01:14:07.100 27726 27760 V native-activity: 		EGL_TRANSPARENT_RED_VALUE: -1
04-13 01:14:07.100 27726 27760 V native-activity: 		EGL_TRANSPARENT_GREEN_VALUE: -1
04-13 01:14:07.100 27726 27760 V native-activity: 		EGL_TRANSPARENT_BLUE_VALUE: -1
04-13 01:14:07.100 27726 27760 V native-activity: 		EGL_STENCIL_SIZE: 8
04-13 01:14:07.100 27726 27760 V native-activity: 		EGL_DEPTH_SIZE: 24
04-13 01:14:07.100 27726 27760 V native-activity: 		EGL_BIND_TO_TEXTURE_RGB: 1
04-13 01:14:07.100 27726 27760 V native-activity: 		EGL_BIND_TO_TEXTURE_RGBA: 1
04-13 01:14:07.100 27726 27760 V native-activity: 		EGL_MIN_SWAP_INTERVAL: 0
04-13 01:14:07.100 27726 27760 V native-activity: 		EGL_MAX_SWAP_INTERVAL: 10
04-13 01:14:07.100 27726 27760 V native-activity: 		EGL_MAX_PBUFFER_WIDTH: 4096
04-13 01:14:07.100 27726 27760 V native-activity: 		EGL_MAX_PBUFFER_HEIGHT: 4096
04-13 01:14:07.100 27726 27760 D native-activity: 	Config 0x60000015 index 20
04-13 01:14:07.100 27726 27760 V native-activity: 		EGL_CONFIG_ID: 41
04-13 01:14:07.100 27726 27760 V native-activity: 		EGL_CONFORMANT: 5 EGL_OPENGL_ES_BIT, EGL_OPENGL_ES2_BIT,
04-13 01:14:07.100 27726 27760 V native-activity: 		EGL_CONFIG_CAVEAT: 12344 EGL_NONE,
04-13 01:14:07.100 27726 27760 V native-activity: 		EGL_RENDERABLE_TYPE: 5 EGL_OPENGL_ES_BIT, EGL_OPENGL_ES2_BIT,
04-13 01:14:07.100 27726 27760 V native-activity: 		EGL_SURFACE_TYPE: 1031 EGL_PBUFFER_BIT, EGL_PIXMAP_BIT, EGL_SWAP_BEHAVIOR_PRESERVED_BIT, EGL_WINDOW_BIT,
04-13 01:14:07.100 27726 27760 V native-activity: 		EGL_LEVEL: 0
04-13 01:14:07.100 27726 27760 V native-activity: 		EGL_COLOR_BUFFER_TYPE: 12430 EGL_RGB_BUFFER,
04-13 01:14:07.100 27726 27760 V native-activity: 		EGL_BUFFER_SIZE: 32
04-13 01:14:07.100 27726 27760 V native-activity: 		EGL_SAMPLES: 4
04-13 01:14:07.100 27726 27760 V native-activity: 		EGL_SAMPLE_BUFFERS: 1
04-13 01:14:07.100 27726 27760 V native-activity: 		EGL_RED_SIZE: 8
04-13 01:14:07.100 27726 27760 V native-activity: 		EGL_GREEN_SIZE: 8
04-13 01:14:07.100 27726 27760 V native-activity: 		EGL_BLUE_SIZE: 8
04-13 01:14:07.100 27726 27760 V native-activity: 		EGL_ALPHA_SIZE: 8
04-13 01:14:07.100 27726 27760 V native-activity: 		EGL_ALPHA_MASK_SIZE: 0
04-13 01:14:07.100 27726 27760 V native-activity: 		EGL_LUMINANCE_SIZE: 0
04-13 01:14:07.100 27726 27760 V native-activity: 		EGL_TRANSPARENT_TYPE: 12344 EGL_NONE,
04-13 01:14:07.100 27726 27760 V native-activity: 		EGL_TRANSPARENT_RED_VALUE: -1
04-13 01:14:07.100 27726 27760 V native-activity: 		EGL_TRANSPARENT_GREEN_VALUE: -1
04-13 01:14:07.100 27726 27760 V native-activity: 		EGL_TRANSPARENT_BLUE_VALUE: -1
04-13 01:14:07.100 27726 27760 V native-activity: 		EGL_STENCIL_SIZE: 8
04-13 01:14:07.100 27726 27760 V native-activity: 		EGL_DEPTH_SIZE: 24
04-13 01:14:07.100 27726 27760 V native-activity: 		EGL_BIND_TO_TEXTURE_RGB: 1
04-13 01:14:07.100 27726 27760 V native-activity: 		EGL_BIND_TO_TEXTURE_RGBA: 1
04-13 01:14:07.100 27726 27760 V native-activity: 		EGL_MIN_SWAP_INTERVAL: 0
04-13 01:14:07.101 27726 27760 V native-activity: 		EGL_MAX_SWAP_INTERVAL: 10
04-13 01:14:07.101 27726 27760 V native-activity: 		EGL_MAX_PBUFFER_WIDTH: 4096
04-13 01:14:07.101 27726 27760 V native-activity: 		EGL_MAX_PBUFFER_HEIGHT: 4096
04-13 01:14:07.101 27726 27760 D native-activity: 	Config 0x60000016 index 21
04-13 01:14:07.101 27726 27760 V native-activity: 		EGL_CONFIG_ID: 41
04-13 01:14:07.101 27726 27760 V native-activity: 		EGL_CONFORMANT: 5 EGL_OPENGL_ES_BIT, EGL_OPENGL_ES2_BIT,
04-13 01:14:07.101 27726 27760 V native-activity: 		EGL_CONFIG_CAVEAT: 12344 EGL_NONE,
04-13 01:14:07.101 27726 27760 V native-activity: 		EGL_RENDERABLE_TYPE: 5 EGL_OPENGL_ES_BIT, EGL_OPENGL_ES2_BIT,
04-13 01:14:07.101 27726 27760 V native-activity: 		EGL_SURFACE_TYPE: 1031 EGL_PBUFFER_BIT, EGL_PIXMAP_BIT, EGL_SWAP_BEHAVIOR_PRESERVED_BIT, EGL_WINDOW_BIT,
04-13 01:14:07.101 27726 27760 V native-activity: 		EGL_LEVEL: 0
04-13 01:14:07.101 27726 27760 V native-activity: 		EGL_COLOR_BUFFER_TYPE: 12430 EGL_RGB_BUFFER,
04-13 01:14:07.101 27726 27760 V native-activity: 		EGL_BUFFER_SIZE: 32
04-13 01:14:07.101 27726 27760 V native-activity: 		EGL_SAMPLES: 4
04-13 01:14:07.101 27726 27760 V native-activity: 		EGL_SAMPLE_BUFFERS: 1
04-13 01:14:07.101 27726 27760 V native-activity: 		EGL_RED_SIZE: 8
04-13 01:14:07.101 27726 27760 V native-activity: 		EGL_GREEN_SIZE: 8
04-13 01:14:07.101 27726 27760 V native-activity: 		EGL_BLUE_SIZE: 8
04-13 01:14:07.101 27726 27760 V native-activity: 		EGL_ALPHA_SIZE: 0
04-13 01:14:07.101 27726 27760 V native-activity: 		EGL_ALPHA_MASK_SIZE: 0
04-13 01:14:07.101 27726 27760 V native-activity: 		EGL_LUMINANCE_SIZE: 0
04-13 01:14:07.101 27726 27760 V native-activity: 		EGL_TRANSPARENT_TYPE: 12344 EGL_NONE,
04-13 01:14:07.101 27726 27760 V native-activity: 		EGL_TRANSPARENT_RED_VALUE: -1
04-13 01:14:07.101 27726 27760 V native-activity: 		EGL_TRANSPARENT_GREEN_VALUE: -1
04-13 01:14:07.101 27726 27760 V native-activity: 		EGL_TRANSPARENT_BLUE_VALUE: -1
04-13 01:14:07.101 27726 27760 V native-activity: 		EGL_STENCIL_SIZE: 8
04-13 01:14:07.101 27726 27760 V native-activity: 		EGL_DEPTH_SIZE: 24
04-13 01:14:07.101 27726 27760 V native-activity: 		EGL_BIND_TO_TEXTURE_RGB: 1
04-13 01:14:07.101 27726 27760 V native-activity: 		EGL_BIND_TO_TEXTURE_RGBA: 1
04-13 01:14:07.101 27726 27760 V native-activity: 		EGL_MIN_SWAP_INTERVAL: 0
04-13 01:14:07.102 27726 27760 V native-activity: 		EGL_MAX_SWAP_INTERVAL: 10
04-13 01:14:07.102 27726 27760 V native-activity: 		EGL_MAX_PBUFFER_WIDTH: 4096
04-13 01:14:07.102 27726 27760 V native-activity: 		EGL_MAX_PBUFFER_HEIGHT: 4096
04-13 01:14:07.102 27726 27760 D native-activity: 	Config 0x60000017 index 22
04-13 01:14:07.102 27726 27760 V native-activity: 		EGL_CONFIG_ID: 40
04-13 01:14:07.102 27726 27760 V native-activity: 		EGL_CONFORMANT: 5 EGL_OPENGL_ES_BIT, EGL_OPENGL_ES2_BIT,
04-13 01:14:07.102 27726 27760 V native-activity: 		EGL_CONFIG_CAVEAT: 12368 EGL_SLOW_CONFIG,
04-13 01:14:07.102 27726 27760 V native-activity: 		EGL_RENDERABLE_TYPE: 5 EGL_OPENGL_ES_BIT, EGL_OPENGL_ES2_BIT,
04-13 01:14:07.102 27726 27760 V native-activity: 		EGL_SURFACE_TYPE: 1028 EGL_SWAP_BEHAVIOR_PRESERVED_BIT, EGL_WINDOW_BIT,
04-13 01:14:07.102 27726 27760 V native-activity: 		EGL_LEVEL: 0
04-13 01:14:07.102 27726 27760 V native-activity: 		EGL_COLOR_BUFFER_TYPE: 12430 EGL_RGB_BUFFER,
04-13 01:14:07.102 27726 27760 V native-activity: 		EGL_BUFFER_SIZE: 32
04-13 01:14:07.102 27726 27760 V native-activity: 		EGL_SAMPLES: 0
04-13 01:14:07.102 27726 27760 V native-activity: 		EGL_SAMPLE_BUFFERS: 0
04-13 01:14:07.102 27726 27760 V native-activity: 		EGL_RED_SIZE: 8
04-13 01:14:07.102 27726 27760 V native-activity: 		EGL_GREEN_SIZE: 8
04-13 01:14:07.102 27726 27760 V native-activity: 		EGL_BLUE_SIZE: 8
04-13 01:14:07.102 27726 27760 V native-activity: 		EGL_ALPHA_SIZE: 8
04-13 01:14:07.102 27726 27760 V native-activity: 		EGL_ALPHA_MASK_SIZE: 0
04-13 01:14:07.102 27726 27760 V native-activity: 		EGL_LUMINANCE_SIZE: 0
04-13 01:14:07.102 27726 27760 V native-activity: 		EGL_TRANSPARENT_TYPE: 12344 EGL_NONE,
04-13 01:14:07.102 27726 27760 V native-activity: 		EGL_TRANSPARENT_RED_VALUE: -1
04-13 01:14:07.102 27726 27760 V native-activity: 		EGL_TRANSPARENT_GREEN_VALUE: -1
04-13 01:14:07.102 27726 27760 V native-activity: 		EGL_TRANSPARENT_BLUE_VALUE: -1
04-13 01:14:07.102 27726 27760 V native-activity: 		EGL_STENCIL_SIZE: 8
04-13 01:14:07.102 27726 27760 V native-activity: 		EGL_DEPTH_SIZE: 24
04-13 01:14:07.105 27726 27760 D native-activity: Comparing requested attrib 12352 value 4 to 5
04-13 01:14:07.105 27726 27760 D native-activity: Comparing requested attrib 12352 value 4 to 5
04-13 01:14:07.105 27726 27760 D native-activity: Comparing requested attrib 12322 value 8 to 8
04-13 01:14:07.105 27726 27760 D native-activity: Comparing requested attrib 12324 value 8 to 8
04-13 01:14:07.105 27726 27760 D native-activity: Comparing requested attrib 12321 value 8 to 8
04-13 01:14:07.105 27726 27760 D native-activity: Comparing requested attrib 12325 value 16 to 0
04-13 01:14:07.105 27726 27760 D native-activity: Comparing requested attrib 12339 value 4 to 1031
04-13 01:14:07.105 27726 27760 D native-activity: Comparing requested attrib 12352 value 4 to 5
04-13 01:14:07.105 27726 27760 D native-activity: Comparing requested attrib 12323 value 8 to 8
04-13 01:14:07.105 27726 27760 D native-activity: Comparing requested attrib 12324 value 8 to 8
04-13 01:14:07.105 27726 27760 D native-activity: Comparing requested attrib 12321 value 8 to 0
04-13 01:14:07.105 27726 27760 D native-activity: Comparing requested attrib 12339 value 4 to 1031
04-13 01:14:07.105 27726 27760 D native-activity: Comparing requested attrib 12352 value 4 to 5
04-13 01:14:07.105 27726 27760 D native-activity: Comparing requested attrib 12322 value 8 to 8
04-13 01:14:07.106 27726 27760 D native-activity: Comparing requested attrib 12323 value 8 to 8
04-13 01:14:07.106 27726 27760 D native-activity: Comparing requested attrib 12324 value 8 to 8
04-13 01:14:07.106 27726 27760 D native-activity: Comparing requested attrib 12321 value 8 to 0
04-13 01:14:07.106 27726 27760 D native-activity: Examining config 0x60000014
04-13 01:14:07.106 27726 27760 D native-activity: Comparing requested attrib 12339 value 4 to 1031
04-13 01:14:07.106 27726 27760 D native-activity: Comparing requested attrib 12352 value 4 to 5
04-13 01:14:07.106 27726 27760 D native-activity: Comparing requested attrib 12322 value 8 to 8
04-13 01:14:07.106 27726 27760 D native-activity: Comparing requested attrib 12323 value 8 to 8
04-13 01:14:07.106 27726 27760 D native-activity: Comparing requested attrib 12324 value 8 to 8
04-13 01:14:07.106 27726 27760 D native-activity: Comparing requested attrib 12321 value 8 to 8
04-13 01:14:07.106 27726 27760 D native-activity: Comparing requested attrib 12325 value 16 to 24
04-13 01:14:07.106 27726 27760 D native-activity: Examining config 0x60000015
04-13 01:14:07.109 27726 27760 D native-activity: Comparing requested attrib 12339 value 4 to 1031
04-13 01:14:07.109 27726 27760 D native-activity: Comparing requested attrib 12352 value 4 to 5
04-13 01:14:07.109 27726 27760 D native-activity: Comparing requested attrib 12322 value 8 to 8
04-13 01:14:07.109 27726 27760 D native-activity: Comparing requested attrib 12323 value 8 to 8
04-13 01:14:07.109 27726 27760 D native-activity: Comparing requested attrib 12324 value 8 to 8
04-13 01:14:07.109 27726 27760 D native-activity: Comparing requested attrib 12321 value 8 to 8
04-13 01:14:07.109 27726 27760 D native-activity: Comparing requested attrib 12325 value 16 to 24
04-13 01:14:07.109 27726 27760 D native-activity: Examining config 0x60000016
04-13 01:14:07.109 27726 27760 D native-activity: Comparing requested attrib 12339 value 4 to 1031
04-13 01:14:07.109 27726 27760 D native-activity: Comparing requested attrib 12352 value 4 to 5
04-13 01:14:07.109 27726 27760 D native-activity: Comparing requested attrib 12322 value 8 to 8
04-13 01:14:07.109 27726 27760 D native-activity: Comparing requested attrib 12323 value 8 to 8
04-13 01:14:07.109 27726 27760 D native-activity: Comparing requested attrib 12324 value 8 to 8
04-13 01:14:07.110 27726 27760 D native-activity: Comparing requested attrib 12321 value 8 to 0
04-13 01:14:07.110 27726 27760 D native-activity: Examining config 0x60000017
04-13 01:14:07.110 27726 27760 D native-activity: Comparing requested attrib 12339 value 4 to 1028
04-13 01:14:07.110 27726 27760 D native-activity: Comparing requested attrib 12352 value 4 to 5
04-13 01:14:07.110 27726 27760 D native-activity: Comparing requested attrib 12322 value 8 to 8
04-13 01:14:07.110 27726 27760 D native-activity: Comparing requested attrib 12323 value 8 to 8
04-13 01:14:07.110 27726 27760 D native-activity: Comparing requested attrib 12324 value 8 to 8
04-13 01:14:07.110 27726 27760 D native-activity: Comparing requested attrib 12321 value 8 to 8
04-13 01:14:07.110 27726 27760 D native-activity: Comparing requested attrib 12325 value 16 to 24
04-13 01:14:07.110 27726 27760 W native-activity: Couldn't find an exact config match, trying eglChooseConfig
04-13 01:14:07.110 27726 27760 I native-activity: Using config 0x6000000a of 6 configs
04-13 01:14:07.110 27726 27760 I native-activity: 		EGL_CONFIG_ID: 9
04-13 01:14:07.110 27726 27760 I native-activity: 		EGL_CONFORMANT: 5 EGL_OPENGL_ES_BIT, EGL_OPENGL_ES2_BIT,
04-13 01:14:07.110 27726 27760 I native-activity: 		EGL_CONFIG_CAVEAT: 12344 EGL_NONE,
04-13 01:14:07.110 27726 27760 I native-activity: 		EGL_RENDERABLE_TYPE: 5 EGL_OPENGL_ES_BIT, EGL_OPENGL_ES2_BIT,
04-13 01:14:07.110 27726 27760 I native-activity: 		EGL_SURFACE_TYPE: 1031 EGL_PBUFFER_BIT, EGL_PIXMAP_BIT, EGL_SWAP_BEHAVIOR_PRESERVED_BIT, EGL_WINDOW_BIT,
04-13 01:14:07.110 27726 27760 I native-activity: 		EGL_LEVEL: 0
04-13 01:14:07.110 27726 27760 I native-activity: 		EGL_COLOR_BUFFER_TYPE: 12430 EGL_RGB_BUFFER,
04-13 01:14:07.110 27726 27760 I native-activity: 		EGL_BUFFER_SIZE: 32
04-13 01:14:07.110 27726 27760 I native-activity: 		EGL_SAMPLES: 0
04-13 01:14:07.110 27726 27760 I native-activity: 		EGL_SAMPLE_BUFFERS: 0
04-13 01:14:07.110 27726 27760 I native-activity: 		EGL_RED_SIZE: 8
04-13 01:14:07.110 27726 27760 I native-activity: 		EGL_GREEN_SIZE: 8
04-13 01:14:07.110 27726 27760 I native-activity: 		EGL_BLUE_SIZE: 8
04-13 01:14:07.110 27726 27760 I native-activity: 		EGL_ALPHA_SIZE: 8
04-13 01:14:07.110 27726 27760 I native-activity: 		EGL_ALPHA_MASK_SIZE: 0
04-13 01:14:07.110 27726 27760 I native-activity: 		EGL_LUMINANCE_SIZE: 0
04-13 01:14:07.110 27726 27760 I native-activity: 		EGL_TRANSPARENT_TYPE: 12344 EGL_NONE,
04-13 01:14:07.110 27726 27760 I native-activity: 		EGL_TRANSPARENT_RED_VALUE: -1
04-13 01:14:07.110 27726 27760 I native-activity: 		EGL_TRANSPARENT_GREEN_VALUE: -1
04-13 01:14:07.110 27726 27760 I native-activity: 		EGL_TRANSPARENT_BLUE_VALUE: -1
04-13 01:14:07.110 27726 27760 I native-activity: 		EGL_STENCIL_SIZE: 8
04-13 01:14:07.110 27726 27760 I native-activity: 		EGL_DEPTH_SIZE: 24
04-13 01:14:07.111 27726 27760 I native-activity: 		EGL_BIND_TO_TEXTURE_RGB: 1
04-13 01:14:07.111 27726 27760 I native-activity: 		EGL_BIND_TO_TEXTURE_RGBA: 1
04-13 01:14:07.111 27726 27760 I native-activity: 		EGL_MIN_SWAP_INTERVAL: 0
04-13 01:14:07.111 27726 27760 I native-activity: 		EGL_MAX_SWAP_INTERVAL: 10
04-13 01:14:07.111 27726 27760 I native-activity: 		EGL_MAX_PBUFFER_WIDTH: 4096
04-13 01:14:07.111 27726 27760 I native-activity: 		EGL_MAX_PBUFFER_HEIGHT: 4096
04-13 01:14:07.111 27726 27760 I native-activity: Creating pbuffer surface as pbuffer_bit is set
04-13 01:14:07.113 27726 27760 I native-activity: EGL Surface 0xb91ac3f0 information
04-13 01:14:07.113 27726 27760 I native-activity: 		EGL_CONFIG_ID: 9
04-13 01:14:07.113 27726 27760 I native-activity: 		EGL_WIDTH: 1080
04-13 01:14:07.113 27726 27760 I native-activity: 		EGL_HEIGHT: 1920
04-13 01:14:07.113 27726 27760 I native-activity: 		EGL_HORIZONTAL_RESOLUTION: -1 EGL_UNKNOWN,
04-13 01:14:07.113 27726 27760 I native-activity: 		EGL_VERTICAL_RESOLUTION: -1 EGL_UNKNOWN,
04-13 01:14:07.113 27726 27760 I native-activity: 		EGL_PIXEL_ASPECT_RATIO: -1 EGL_UNKNOWN,
04-13 01:14:07.113 27726 27760 I native-activity: 		EGL_RENDER_BUFFER: 12420 EGL_BACK_BUFFER,
04-13 01:14:07.113 27726 27760 I native-activity: 		EGL_MIPMAP_TEXTURE: 0
04-13 01:14:07.113 27726 27760 I native-activity: 		EGL_TEXTURE_FORMAT: 12380 EGL_NO_TEXTURE,
04-13 01:14:07.113 27726 27760 I native-activity: 		EGL_TEXTURE_TARGET: 12380 EGL_NO_TEXTURE,
04-13 01:14:07.113 27726 27760 I native-activity: 		EGL_SWAP_BEHAVIOR: 12437 EGL_BUFFER_DESTROYED,
04-13 01:14:07.113 27726 27760 I native-activity: 		EGL_MULTISAMPLE_RESOLVE: 12442 EGL_MULTISAMPLE_RESOLVE_DEFAULT,
04-13 01:14:07.114 27726 27760 I native-activity: Created context 0xb91b9360, error 0x3000
04-13 01:14:07.114 27726 27760 I native-activity: 		EGL_CONFIG_ID: 9
04-13 01:14:07.114 27726 27760 I native-activity: 		EGL_CONTEXT_CLIENT_TYPE: 12448 EGL_OPENGL_ES_API,
04-13 01:14:07.114 27726 27760 I native-activity: 		EGL_CONTEXT_CLIENT_VERSION: 2
04-13 01:14:07.114 27726 27760 I native-activity: 		EGL_RENDER_BUFFER: 12344 EGL_NONE,
04-13 01:14:07.114 27726 27760 I native-activity: Context 0xb91b9360 made current on surface 0xb91ac3f0, error 0x3000
04-13 01:14:07.114 27726 27760 I native-activity: GL information
04-13 01:14:07.114 27726 27760 I native-activity: 	Renderer: Mali-450 MP
04-13 01:14:07.114 27726 27760 I native-activity: 	Vendor: ARM
04-13 01:14:07.114 27726 27760 I native-activity: 	Version: OpenGL ES 2.0
04-13 01:14:07.114 27726 27760 I native-activity: 	Shading Language: OpenGL ES GLSL ES 1.00
04-13 01:14:07.114 27726 27760 I native-activity: 	Extensions: GL_EXT_debug_marker GL_OES_texture_npot GL_OES_compressed_ETC1_RGB8_texture GL_OES_standard_derivatives GL_OES_EGL_image GL_OES_depth24 GL_ARM_rgba8 GL_ARM_mali_shader_binary GL_OES_depth_texture GL_OES_packed_depth_stencil GL_EXT_texture_format_BGRA8888 GL_OES_vertex_half_float GL_EXT_blend_minmax GL_OES_EGL_image_external GL_OES_EGL_sync GL_OES_rgb8_rgba8 GL_EXT_multisampled_render_to_texture GL_EXT_discard_framebuffer GL_OES_get_program_binary GL_ARM_mali_program_binary GL_EXT_shader_texture_lod GL_EXT_robustness GL_OES_depth_texture_cube_map GL_KHR_debug 
04-13 01:14:07.114 27726 27760 W MALI    : _gles_set_error:84: [WARNING]Mali GLES errorcode: 500 (next several errors will be ignored to avoid flood)
04-13 01:14:07.130 27746 27746 I Kernel  : [47285.806525].(2)[27746:main]name:dev/ashmem/dalvik-main space unmap vm_start 12c00000  end: 12e01000
04-13 01:14:07.130 27746 27746 I Kernel  : [47285.807649].(2)[27746:main]name:dev/ashmem/dalvik-main space unmap vm_start 22c00000  end: 22c01000
04-13 01:14:07.163 25557 26343 I DCP     : [JsonCallExecutor][CallExecutor][b1e27de4-e3be-4983-81d2-f79c081ff161][Auth]Received response code 200 OK. Total time = 285 ms. Handshake = 43 ms. Upload = 0 ms (0 bytes). Latency = 239 ms. Download = 1 ms (425 bytes).
04-13 01:14:07.165   917  1764 D WifiService: releaseWifiLockLocked: WifiLock{com.amazon.dcp.framework.iuc.ConnectionEstablisherWithConnectivityEnforcement type=1 binder=android.os.BinderProxy@7c15779}
04-13 01:14:07.166 27726 27760 I native-activity: Context 0xb91b9360 made current on surface 0xb91ac3f0, error 0x3000
04-13 01:14:07.166 27726 27760 I native-activity: GL information
04-13 01:14:07.166 27726 27760 I native-activity: 	Renderer: Mali-450 MP
04-13 01:14:07.166 27726 27760 I native-activity: 	Vendor: ARM
04-13 01:14:07.166 27726 27760 I native-activity: 	Version: OpenGL ES 2.0
04-13 01:14:07.166 27726 27760 I native-activity: 	Shading Language: OpenGL ES GLSL ES 1.00
04-13 01:14:07.166 27726 27760 I native-activity: 	Extensions: GL_EXT_debug_marker GL_OES_texture_npot GL_OES_compressed_ETC1_RGB8_texture GL_OES_standard_derivatives GL_OES_EGL_image GL_OES_depth24 GL_ARM_rgba8 GL_ARM_mali_shader_binary GL_OES_depth_texture GL_OES_packed_depth_stencil GL_EXT_texture_format_BGRA8888 GL_OES_vertex_half_float GL_EXT_blend_minmax GL_OES_EGL_image_external GL_OES_EGL_sync GL_OES_rgb8_rgba8 GL_EXT_multisampled_render_to_texture GL_EXT_discard_framebuffer GL_OES_get_program_binary GL_ARM_mali_program_binary GL_EXT_shader_texture_lod GL_EXT_robustness GL_OES_depth_texture_cube_map GL_KHR_debug 
04-13 01:14:07.195 25616 25616 I F_C.Launcher: onStop
04-13 01:14:07.180 27768 27768 W sh      : type=1400 audit(0.0:5303): avc: denied { module_request } for kmod="personality-8" scontext=u:r:shell:s0 tcontext=u:r:kernel:s0 tclass=system permissive=0
04-13 01:14:07.180 27768 27768 I Kernel  : [47285.860790].(2)[27768:sh]audit avc scontext:u:r:shell:s0
04-13 01:14:07.200 27726 27760 I native-activity: Frame 0 GL error is 0x500
04-13 01:14:07.200 27726 27760 I native-activity: Frame 0 time is 87.072ms
04-13 01:14:07.200 27726 27760 I native-activity: Swap 0 time is 87.174ms
04-13 01:14:07.201   917   933 D Sensors : hwm__set_delay: Set delay 1000000 ns
04-13 01:14:07.201   917   933 D Sensors : Control set delay 1000000 ns is too small 
04-13 01:14:07.190   917   933 I Kernel  : [47285.863199].(1)[933:Binder_2]<HWMSEN> ioctl delay handle=0,delay =10
04-13 01:14:07.190   917   933 I Kernel  : [47285.865163][Gsensor] KXTJ2_1009_SetPowerMode 0!
04-13 01:14:07.200 27768 27768 I Kernel  : [47285.871618].(0)[27768:logcat]audit avc scontext:u:r:shell:s0
04-13 01:14:07.190 27768 27768 W logcat  : type=1400 audit(0.0:5304): avc: denied { module_request } for kmod="personality-8" scontext=u:r:shell:s0 tcontext=u:r:kernel:s0 tclass=system permissive=0
04-13 01:14:07.210 25616 25616 I F_C.ImageMemoryManager: onTrimMemory: Level: 20, activeSources: ArraySet[ ImageSourceState(com.amazon.firelauncher.images.imagesource.AppsMainFolderImageSource@ec52027) ]
04-13 01:14:07.200   917   933 I Kernel  : [Gsensor] KXTJ2_1009_SetPowerMode 1!
04-13 01:14:07.210   917   933 I Kernel  : KXTJ2_1009_SetBWRate OK! 
04-13 01:14:07.210   917   933 I Kernel  : [47285.887792].(0)[933:Binder_2]<HWMSEN> update_workqueue_polling_rate
04-13 01:14:07.210   917   933 I Kernel  : [47285.887889].(0)[933:Binder_2]<HWMSEN> set old fastest sensor delay as workqueue base time=10
04-13 01:14:07.210   917   933 I Kernel  : [47285.887906].(0)[933:Binder_2]<HWMSEN> update_workqueue_polling_rate,set delayCountSet=0 delay =10 handle=0
04-13 01:14:07.226   917  2245 D Sensors : hwm__set_delay: Set delay 16000000 ns
04-13 01:14:07.210   917  2245 I Kernel  : [47285.888408].(0)[2245:Binder_D]<HWMSEN> ioctl delay handle=0,delay =16
04-13 01:14:07.210   917  2245 I Kernel  : [47285.890285][Gsensor] KXTJ2_1009_SetPowerMode 0!
04-13 01:14:07.220   917  2245 I Kernel  : [Gsensor] KXTJ2_1009_SetPowerMode 1!
04-13 01:14:07.257 27726 27760 I native-activity: Animating
04-13 01:14:07.258 27726 27760 I native-activity: Frame 1 GL error is 0x0
04-13 01:14:07.258 27726 27760 I native-activity: Frame 1 time is 0.718ms
04-13 01:14:07.258 27726 27760 I native-activity: Swap 1 time is 0.827ms
04-13 01:14:07.258 27726 27760 I native-activity: Animating
04-13 01:14:07.258 27726 27760 I native-activity: Frame 2 GL error is 0x0
04-13 01:14:07.259 27726 27760 I native-activity: Frame 2 time is 0.502ms
04-13 01:14:07.259 27726 27760 I native-activity: Swap 2 time is 0.567ms
04-13 01:14:07.259 27726 27760 I native-activity: Animating
04-13 01:14:07.259 27726 27760 I native-activity: Context 0xb91b9360 made current on surface 0xb91ac3f0, error 0x3000
04-13 01:14:07.259 27726 27760 I native-activity: GL information
04-13 01:14:07.259 27726 27760 I native-activity: 	Renderer: Mali-450 MP
04-13 01:14:07.259 27726 27760 I native-activity: 	Vendor: ARM
04-13 01:14:07.259 27726 27760 I native-activity: 	Version: OpenGL ES 2.0
04-13 01:14:07.259 27726 27760 I native-activity: 	Shading Language: OpenGL ES GLSL ES 1.00
04-13 01:14:07.259 27726 27760 I native-activity: 	Extensions: GL_EXT_debug_marker GL_OES_texture_npot GL_OES_compressed_ETC1_RGB8_texture GL_OES_standard_derivatives GL_OES_EGL_image GL_OES_depth24 GL_ARM_rgba8 GL_ARM_mali_shader_binary GL_OES_depth_texture GL_OES_packed_depth_stencil GL_EXT_texture_format_BGRA8888 GL_OES_vertex_half_float GL_EXT_blend_minmax GL_OES_EGL_image_external GL_OES_EGL_sync GL_OES_rgb8_rgba8 GL_EXT_multisampled_render_to_texture GL_EXT_discard_framebuffer GL_OES_get_program_binary GL_ARM_mali_program_binary GL_EXT_shader_texture_lod GL_EXT_robustness GL_OES_depth_texture_cube_map GL_KHR_debug 
04-13 01:14:07.259 27726 27760 I native-activity: Frame 3 GL error is 0x501
04-13 01:14:07.259 27726 27760 I native-activity: Frame 3 time is 0.236ms
04-13 01:14:07.259 27726 27760 I native-activity: Swap 3 time is 0.278ms
04-13 01:14:07.259 27726 27760 I native-activity: Animating
04-13 01:14:07.240   917  2245 I Kernel  : KXTJ2_1009_SetBWRate OK! 
04-13 01:14:07.240   917  2245 I Kernel  : [47285.914288].(0)[2245:Binder_D]<HWMSEN> update_workqueue_polling_rate
04-13 01:14:07.240   917  2245 I Kernel  : [47285.918887].(0)[2245:Binder_D]<HWMSEN> set old fastest sensor delay as workqueue base time=16
04-13 01:14:07.240   917  2245 I Kernel  : [47285.918950].(0)[2245:Binder_D]<HWMSEN> update_workqueue_polling_rate,set delayCountSet=0 delay =16 handle=0
04-13 01:14:07.250    82    82 I Kernel  : [47285.928633].(2)[82:mtk charger_hv_]charging_reset_watch_dog_timer
04-13 01:14:07.250    82    82 I Kernel  : [47285.929556].(2)[82:mtk charger_hv_]array_size = 16 
04-13 01:14:07.332 27726 27760 I native-activity: Frame 4 GL error is 0x500
04-13 01:14:07.333 27726 27760 I native-activity: Frame 4 time is 73.513ms
04-13 01:14:07.333 27726 27760 I native-activity: Swap 4 time is 73.586ms
04-13 01:14:07.333 27726 27760 I native-activity: Animating
04-13 01:14:07.333 27726 27760 I native-activity: Frame 5 GL error is 0x0
04-13 01:14:07.333 27726 27760 I native-activity: Frame 5 time is 0.155ms
04-13 01:14:07.333 27726 27760 I native-activity: Swap 5 time is 0.204ms
04-13 01:14:07.333 27726 27760 I native-activity: Animating
04-13 01:14:07.333 27726 27760 I native-activity: Frame 6 GL error is 0x0
04-13 01:14:07.333 27726 27760 I native-activity: Frame 6 time is 0.153ms
04-13 01:14:07.333 27726 27760 I native-activity: Swap 6 time is 0.197ms
04-13 01:14:07.333 27726 27760 I native-activity: Animating
04-13 01:14:07.333 27726 27760 I native-activity: Frame 7 GL error is 0x0
04-13 01:14:07.333 27726 27760 I native-activity: Frame 7 time is 0.123ms
04-13 01:14:07.333 27726 27760 I native-activity: Swap 7 time is 0.166ms
04-13 01:14:07.333 27726 27760 I native-activity: Animating
04-13 01:14:07.333 27726 27760 I native-activity: Frame 8 GL error is 0x0
04-13 01:14:07.334 27726 27760 I native-activity: Frame 8 time is 0.124ms
04-13 01:14:07.334 27726 27760 I native-activity: Swap 8 time is 0.167ms
04-13 01:14:07.334 27726 27760 I native-activity: Animating
04-13 01:14:07.334 27726 27760 I native-activity: Frame 9 GL error is 0x0
04-13 01:14:07.334 27726 27760 I native-activity: Frame 9 time is 0.119ms
04-13 01:14:07.334 27726 27760 I native-activity: Swap 9 time is 0.160ms
04-13 01:14:07.334 27726 27760 I native-activity: Animating
04-13 01:14:07.334 27726 27760 I native-activity: Frame 10 GL error is 0x0
04-13 01:14:07.334 27726 27760 I native-activity: Frame 10 time is 0.126ms
04-13 01:14:07.334 27726 27760 I native-activity: Swap 10 time is 0.169ms
04-13 01:14:07.334 27726 27760 I native-activity: Animating
04-13 01:14:07.334 27726 27760 I native-activity: Frame 11 GL error is 0x0
04-13 01:14:07.334 27726 27760 I native-activity: Frame 11 time is 0.147ms
04-13 01:14:07.334 27726 27760 I native-activity: Swap 11 time is 0.193ms
04-13 01:14:07.334 27726 27760 I native-activity: Animating
04-13 01:14:07.334 27726 27760 I native-activity: Frame 12 GL error is 0x0
04-13 01:14:07.334 27726 27760 I native-activity: Frame 12 time is 0.127ms
04-13 01:14:07.334 27726 27760 I native-activity: Swap 12 time is 0.168ms
04-13 01:14:07.334 27726 27760 I native-activity: Animating
04-13 01:14:07.335 27726 27760 I native-activity: Frame 13 GL error is 0x0
04-13 01:14:07.335 27726 27760 I native-activity: Frame 13 time is 0.124ms
04-13 01:14:07.335 27726 27760 I native-activity: Swap 13 time is 0.166ms
04-13 01:14:07.335 27726 27760 I native-activity: Animating
04-13 01:14:07.335 27726 27760 I native-activity: Frame 14 GL error is 0x0
04-13 01:14:07.335 27726 27760 I native-activity: Frame 14 time is 0.113ms
04-13 01:14:07.335 27726 27760 I native-activity: Swap 14 time is 0.153ms
04-13 01:14:07.335 27726 27760 I native-activity: Animating
04-13 01:14:07.335 27726 27760 I native-activity: Frame 15 GL error is 0x0
04-13 01:14:07.335 27726 27760 I native-activity: Frame 15 time is 0.139ms
04-13 01:14:07.335 27726 27760 I native-activity: Swap 15 time is 0.180ms
04-13 01:14:07.335 27726 27760 I native-activity: Animating
04-13 01:14:07.335 27726 27760 I native-activity: Frame 16 GL error is 0x0
04-13 01:14:07.335 27726 27760 I native-activity: Frame 16 time is 0.123ms
04-13 01:14:07.335 27726 27760 I native-activity: Swap 16 time is 0.164ms
04-13 01:14:07.335 27726 27760 I native-activity: Animating
04-13 01:14:07.335 27726 27760 I native-activity: Frame 17 GL error is 0x0
04-13 01:14:07.335 27726 27760 I native-activity: Frame 17 time is 0.122ms
04-13 01:14:07.336 27726 27760 I native-activity: Swap 17 time is 0.165ms
04-13 01:14:07.336 27726 27760 I native-activity: Animating
04-13 01:14:07.336 27726 27760 I native-activity: Frame 18 GL error is 0x0
04-13 01:14:07.336 27726 27760 I native-activity: Frame 18 time is 0.120ms
04-13 01:14:07.336 27726 27760 I native-activity: Swap 18 time is 0.160ms
04-13 01:14:07.336 27726 27760 I native-activity: Animating
04-13 01:14:07.336 27726 27760 I native-activity: Frame 19 GL error is 0x0
04-13 01:14:07.336 27726 27760 I native-activity: Frame 19 time is 0.112ms
04-13 01:14:07.336 27726 27760 I native-activity: Swap 19 time is 0.149ms
04-13 01:14:07.336 27726 27760 I native-activity: Animating
04-13 01:14:07.336 27726 27760 I native-activity: Frame 20 GL error is 0x0
04-13 01:14:07.336 27726 27760 I native-activity: Frame 20 time is 0.126ms
04-13 01:14:07.336 27726 27760 I native-activity: Swap 20 time is 0.166ms
04-13 01:14:07.336 27726 27760 I native-activity: Animating
04-13 01:14:07.339 27726 27760 I native-activity: Frame 21 GL error is 0x0
04-13 01:14:07.339 27726 27760 I native-activity: Frame 21 time is 2.623ms
04-13 01:14:07.339 27726 27760 I native-activity: Swap 21 time is 2.688ms
04-13 01:14:07.339 27726 27760 I native-activity: Animating
04-13 01:14:07.339 27726 27760 I native-activity: Frame 22 GL error is 0x0
04-13 01:14:07.339 27726 27760 I native-activity: Frame 22 time is 0.163ms
04-13 01:14:07.339 27726 27760 I native-activity: Swap 22 time is 0.204ms
04-13 01:14:07.339 27726 27760 I native-activity: Animating
04-13 01:14:07.339 27726 27760 I native-activity: Frame 23 GL error is 0x0
04-13 01:14:07.339 27726 27760 I native-activity: Frame 23 time is 0.112ms
04-13 01:14:07.339 27726 27760 I native-activity: Swap 23 time is 0.148ms
04-13 01:14:07.339 27726 27760 I native-activity: Animating
04-13 01:14:07.340 27726 27760 I native-activity: Frame 24 GL error is 0x0
04-13 01:14:07.340 27726 27760 I native-activity: Frame 24 time is 0.199ms
04-13 01:14:07.340 27726 27760 I native-activity: Swap 24 time is 0.241ms
04-13 01:14:07.340 27726 27760 I native-activity: Animating
04-13 01:14:07.340 27726 27760 I native-activity: Frame 25 GL error is 0x0
04-13 01:14:07.340 27726 27760 I native-activity: Frame 25 time is 0.102ms
04-13 01:14:07.340 27726 27760 I native-activity: Swap 25 time is 0.135ms
04-13 01:14:07.340 27726 27760 I native-activity: Animating
04-13 01:14:07.340 27726 27760 I native-activity: Frame 26 GL error is 0x0
04-13 01:14:07.340 27726 27760 I native-activity: Frame 26 time is 0.091ms
04-13 01:14:07.340 27726 27760 I native-activity: Swap 26 time is 0.124ms
04-13 01:14:07.340 27726 27760 I native-activity: Animating
04-13 01:14:07.340 27726 27760 I native-activity: Frame 27 GL error is 0x0
04-13 01:14:07.340 27726 27760 I native-activity: Frame 27 time is 0.106ms
04-13 01:14:07.340 27726 27760 I native-activity: Swap 27 time is 0.145ms
04-13 01:14:07.340 27726 27760 I native-activity: Animating
04-13 01:14:07.340 27726 27760 I native-activity: Frame 28 GL error is 0x0
04-13 01:14:07.340 27726 27760 I native-activity: Frame 28 time is 0.105ms
04-13 01:14:07.340 27726 27760 I native-activity: Swap 28 time is 0.145ms
04-13 01:14:07.340 27726 27760 I native-activity: Animating
04-13 01:14:07.340 27726 27760 I native-activity: Frame 29 GL error is 0x0
04-13 01:14:07.340 27726 27760 I native-activity: Frame 29 time is 0.125ms
04-13 01:14:07.341 27726 27760 I native-activity: Swap 29 time is 0.166ms
04-13 01:14:07.341 27726 27760 I native-activity: Animating
04-13 01:14:07.341 27726 27760 I native-activity: Frame 30 GL error is 0x0
04-13 01:14:07.341 27726 27760 I native-activity: Frame 30 time is 0.113ms
04-13 01:14:07.341 27726 27760 I native-activity: Swap 30 time is 0.150ms
04-13 01:14:07.341 27726 27760 I native-activity: Animating
04-13 01:14:07.346   143   949 I [MALI][Gralloc]: usage0: 0xf02, format7: 1 stride2: 608 vertical_stride6: 976 size: 2373632
04-13 01:14:07.347  1787  2848 I MaliEGL : [Mali]window_type=1, is_framebuffer=0, errnum = 0
04-13 01:14:07.347  1787  2848 I MaliEGL : [Mali]surface->num_buffers=4, surface->num_frames=3, win_min_undequeued=1
04-13 01:14:07.347  1787  2848 I MaliEGL : [Mali]max_allowed_dequeued_buffers=3
04-13 01:14:07.349   143   257 I [MALI][Gralloc]: usage0: 0xf02, format7: 1 stride2: 976 vertical_stride6: 600 size: 2342400
04-13 01:14:07.353 27726 27760 I native-activity: Frame 31 GL error is 0x500
04-13 01:14:07.354 27726 27760 I native-activity: Frame 31 time is 12.791ms
04-13 01:14:07.354 27726 27760 I native-activity: Swap 31 time is 12.867ms
04-13 01:14:07.355 27726 27760 I native-activity: Animating
04-13 01:14:07.402 27726 27760 I native-activity: Frame 32 GL error is 0x500
04-13 01:14:07.402 27726 27760 I native-activity: Frame 32 time is 47.734ms
04-13 01:14:07.402 27726 27760 I native-activity: Swap 32 time is 47.806ms
04-13 01:14:07.403 27726 27760 I native-activity: Animating
