04-13 00:46:04.688 24070 24243 W ContextImpl: Failed to ensure directory: /storage/sdcard1/Android/data/com.amazon.avod/files
04-13 00:46:04.693   917  1764 I AmazonStorageUtil: Secondary Storage not mounted. Do not create directory at:/storage/sdcard1/Android/data/com.amazon.avod/files
04-13 00:46:04.696 24070 24243 W ContextImpl: Failed to ensure directory: /storage/sdcard1/Android/data/com.amazon.avod/files
04-13 00:46:04.698 24070 24243 I AmazonVideo: Updated SD card path: xxaivxx (Read-Only)
04-13 00:46:04.700 23943 23971 I native-activity: Swap 135 time is 18.442ms
04-13 00:46:04.700 23943 23971 I native-activity: Animating
04-13 00:46:04.700 23943 23971 I native-activity: Frame 136 GL error is 0x0
04-13 00:46:04.700 23943 23971 I native-activity: Frame 136 time is 0.352ms
04-13 00:46:04.715 23739 24099 W asset   : Asset path /system/framework/android.amazon.res.jar is neither a directory nor file (type=1).
04-13 00:46:04.716 23739 24099 W ResourcesManager: Asset path '/system/framework/android.amazon.res.jar' does not exist or contains no resources.
04-13 00:46:04.719 23943 23971 I native-activity: Swap 136 time is 18.671ms
04-13 00:46:04.719 23943 23971 I native-activity: Animating
04-13 00:46:04.719 23943 23971 I native-activity: Frame 137 GL error is 0x0
04-13 00:46:04.719 23943 23971 I native-activity: Frame 137 time is 0.244ms
04-13 00:46:04.738 23943 23971 I native-activity: Swap 137 time is 18.752ms
04-13 00:46:04.738 23943 23971 I native-activity: Animating
04-13 00:46:04.738 23943 23971 I native-activity: Frame 138 GL error is 0x0
04-13 00:46:04.738 23943 23971 I native-activity: Frame 138 time is 0.256ms
04-13 00:46:04.742   917 25027 W AccountManagerService: insertAccountIntoDatabase: Account {name=default_account, type=amazon.account}, skipping since the account already exists
04-13 00:46:04.742 24070 24157 I AmazonVideo: Entered initialize for EventManager
04-13 00:46:04.746 24070 24247 I AmazonVideo.profiler: Marker[SESSION_RETRIEVAL_START] null
04-13 00:46:04.749 24070 24245 I AmazonVideo: Entered initialize for CacheComponent
04-13 00:46:04.750 24070 24247 I AmazonVideo.profiler: Marker[SESSION_RETRIEVAL_SUCCESS] null
04-13 00:46:04.751 24070 24247 I AmazonVideo: SessionId initialized
04-13 00:46:04.751 24070 24247 I AmazonVideo: Entered initialize for ServiceClient
04-13 00:46:04.752   917  2175 W AccountManagerService: insertAccountIntoDatabase: Account {name=default_account, type=amazon.account}, skipping since the account already exists
04-13 00:46:04.756 23943 23971 I native-activity: Swap 138 time is 18.628ms
04-13 00:46:04.757 23943 23971 I native-activity: Animating
04-13 00:46:04.757 23943 23971 I native-activity: Frame 139 GL error is 0x0
04-13 00:46:04.757 23943 23971 I native-activity: Frame 139 time is 0.267ms
04-13 00:46:04.763 24070 24157 I AmazonVideo: Completed initialize for EventManager
04-13 00:46:04.775 23943 23971 I native-activity: Swap 139 time is 18.536ms
04-13 00:46:04.775 23943 23971 I native-activity: Animating
04-13 00:46:04.776 23943 23971 I native-activity: Frame 140 GL error is 0x0
04-13 00:46:04.776 23943 23971 I native-activity: Frame 140 time is 0.226ms
04-13 00:46:04.790 24070 24244 I AmazonVideo: Entered initialize for DeviceProperties
04-13 00:46:04.791 24070 24246 I AmazonVideo: Entered initialize for Identity
04-13 00:46:04.792 24070 24246 I AmazonVideo: Identity:Initialization:AdultsManager
04-13 00:46:04.792 24070 24244 I AmazonVideo: ATV Client Version: 1.0.1542.38-ATVAndroidFOS5TabletClient-Clerks4_97088110
04-13 00:46:04.794 23943 23971 I native-activity: Swap 140 time is 18.390ms
04-13 00:46:04.794 23943 23971 I native-activity: Animating
04-13 00:46:04.794 23943 23971 I native-activity: Frame 141 GL error is 0x0
04-13 00:46:04.794 23943 23971 I native-activity: Frame 141 time is 0.238ms
04-13 00:46:04.794 23739 23782 D AmazonCMS: Read 12 card ids from the cache for producer com.amazon.kindle.cms.card.producer.APPS in profile 0
04-13 00:46:04.797 24070 24244 I ...h.device.api.MAPInit: Initializing MAP (130050002 / MAPAndroidLib-1.0.1435.0) for app com.amazon.avod
04-13 00:46:04.813 23943 23971 I native-activity: Swap 141 time is 18.620ms
04-13 00:46:04.813 23943 23971 I native-activity: Animating
04-13 00:46:04.813 23943 23971 I native-activity: Frame 142 GL error is 0x0
04-13 00:46:04.813 23943 23971 I native-activity: Frame 142 time is 0.236ms
04-13 00:46:04.819 24070 24157 I AmazonVideo: Entered initialize for MediaSystem
04-13 00:46:04.819 24070 24157 I AmazonVideo: MediaSystem:Initialization:ResolveRendererScheme
04-13 00:46:04.824 24070 24244 I com.amazon.dcp.settings.BackgroundSynchronizer: Requesting sync with content provider.
04-13 00:46:04.831 23943 23971 I native-activity: Swap 142 time is 18.552ms
04-13 00:46:04.831 24070 24244 I com.amazon.dcp.settings.BackgroundSynchronizer: Waiting for initial sync...
04-13 00:46:04.831 23943 23971 I native-activity: Animating
04-13 00:46:04.832 23943 23971 I native-activity: Frame 143 GL error is 0x0
04-13 00:46:04.832 23943 23971 I native-activity: Frame 143 time is 0.292ms
04-13 00:46:04.843 24070 24250 I com.amazon.dcp.settings.SettingsCacheUpdater: took 10 millis to get the SettingsProvider
04-13 00:46:04.843 24070 24250 I com.amazon.dcp.settings.SettingsCacheUpdater: Starting sync with content provider.
04-13 00:46:04.851 23943 23971 I native-activity: Swap 143 time is 19.206ms
04-13 00:46:04.851 23943 23971 I native-activity: Animating
04-13 00:46:04.851 23943 23971 I native-activity: Frame 144 GL error is 0x0
04-13 00:46:04.851 23943 23971 I native-activity: Frame 144 time is 0.291ms
04-13 00:46:04.857 24070 24245 I AmazonVideo: Entered initialize for CachePersistence
04-13 00:46:04.857 24070 24247 I AmazonVideo: Completed initialize for ServiceClient
04-13 00:46:04.857 24070 24247 I AmazonVideo: Waiting for DeviceProperties to initialize, current state Initializing
04-13 00:46:04.861 24070 24245 I AmazonVideo: Completed initialize for CachePersistence
04-13 00:46:04.861 24070 24245 I AmazonVideo: Entered initialize for CacheExpiryTriggerer
04-13 00:46:04.862 24070 24245 I AmazonVideo: Completed initialize for CacheExpiryTriggerer
04-13 00:46:04.862 24070 24245 I AmazonVideo: Completed initialize for CacheComponent
04-13 00:46:04.870 23943 23971 I native-activity: Swap 144 time is 19.059ms
04-13 00:46:04.870 23943 23971 I native-activity: Animating
04-13 00:46:04.870 23943 23971 I native-activity: Frame 145 GL error is 0x0
04-13 00:46:04.870 23943 23971 I native-activity: Frame 145 time is 0.271ms
04-13 00:46:04.873 24070 24245 I AmazonVideo: Waiting for Identity to initialize, current state NotInitialized
04-13 00:46:04.885 24070 24246 I AmazonVideo: Identity:Initialization:UserManager-MAP
04-13 00:46:04.885 24070 24246 I AmazonVideo: Entered initialize for AccountManager
04-13 00:46:04.888 23943 23971 I native-activity: Swap 145 time is 18.160ms
04-13 00:46:04.888 23943 23971 I native-activity: Animating
04-13 00:46:04.889 23943 23971 I native-activity: Frame 146 GL error is 0x0
04-13 00:46:04.889 23943 23971 I native-activity: Frame 146 time is 0.303ms
04-13 00:46:04.889 24070 24250 I com.amazon.dcp.settings.SettingsCacheUpdater: Sync with content provider complete. Values processed: 189
04-13 00:46:04.892 24070 24244 I com.amazon.dcp.settings.BackgroundSynchronizer: Wait for initial sync complete.
04-13 00:46:04.907 23943 23971 I native-activity: Swap 146 time is 18.340ms
04-13 00:46:04.907 23943 23971 I native-activity: Animating
04-13 00:46:04.907 23943 23971 I native-activity: Frame 147 GL error is 0x0
04-13 00:46:04.907 23943 23971 I native-activity: Frame 147 time is 0.276ms
04-13 00:46:04.908 24211 24227 I AmazonAppstore.AbstractCache: Cache is invalid
04-13 00:46:04.909 24211 24227 I AmazonAppstore.CacheReader: Reading from entitlement_information.json
04-13 00:46:04.914 24070 24244 I ...ures.FeatureSetCache: Caching feature IsolateApplication as false
04-13 00:46:04.917 23739 23782 D AmazonCMS: Creating recent card with id: *****
04-13 00:46:04.925 24211 24211 W com.amazon.venezia.styling.Styling: Unable to load from Shared Preferences, using default colorSet
04-13 00:46:04.929 23943 23971 I native-activity: Swap 147 time is 22.263ms
04-13 00:46:04.930 23943 23971 I native-activity: Animating
04-13 00:46:04.930 23943 23971 I native-activity: Frame 148 GL error is 0x0
04-13 00:46:04.930 23943 23971 I native-activity: Frame 148 time is 0.285ms
04-13 00:46:04.932 24169 24185 W art     : Suspending all threads took: 27.891ms
04-13 00:46:04.937 24070 24244 I ...tils.CentralApkUtils: Retrieved central APK info from package manager using content provider content://com.amazon.map.generic_ipc. The package name is : com.amazon.imp and version is: 130183110.
04-13 00:46:04.941 23739 23782 D AmazonCMS: Loaded preloaded image from *****
04-13 00:46:04.948 23943 23971 I native-activity: Swap 148 time is 18.322ms
04-13 00:46:04.948 23943 23971 I native-activity: Animating
04-13 00:46:04.948 23943 23971 I native-activity: Frame 149 GL error is 0x0
04-13 00:46:04.948 23943 23971 I native-activity: Frame 149 time is 0.240ms
04-13 00:46:04.955 24070 24246 I AmazonVideo: Completed initialize for AccountManager
04-13 00:46:04.955 24070 24246 I AmazonVideo: Completed initialize for Identity
04-13 00:46:04.962 24070 24254 I ...taStorageFactoryImpl: Creating new DataStorageFactoryImpl
04-13 00:46:04.962 24070 24254 I ...amework.MAPInitTasks: Get DataStorage instance for initialization
04-13 00:46:04.962 24070 24254 I ...taStorageFactoryImpl: Initializing new DataStorage
04-13 00:46:04.965 24070 24254 I ...DeviceAttributeCache: Setting device attribute CentralAPK to true
04-13 00:46:04.966 24070 24254 I ...taStorageFactoryImpl: Creating and using new NonCanonicalDataStorage
04-13 00:46:04.971 23943 23971 I native-activity: Swap 149 time is 22.588ms
04-13 00:46:04.971 23943 23971 I native-activity: Animating
04-13 00:46:04.971 23943 23971 I native-activity: Frame 150 GL error is 0x0
04-13 00:46:04.971 23943 23971 I native-activity: Frame 150 time is 0.247ms
04-13 00:46:04.986   917  2245 W AccountManagerService: insertAccountIntoDatabase: Account {name=default_account, type=amazon.account}, skipping since the account already exists
04-13 00:46:04.988 24070 24254 I ...amework.MAPInitTasks: Initialize DataStorage instance
04-13 00:46:04.988 24070 24254 I ...amework.MAPInitTasks: Setup DataStorage instance
04-13 00:46:04.991 23943 23971 I native-activity: Swap 150 time is 20.113ms
04-13 00:46:04.991 23943 23971 I native-activity: Animating
04-13 00:46:04.991 23943 23971 I native-activity: Frame 151 GL error is 0x0
04-13 00:46:04.991 23943 23971 I native-activity: Frame 151 time is 0.287ms
04-13 00:46:05.010 23943 23971 I native-activity: Swap 151 time is 18.791ms
04-13 00:46:05.010 23943 23971 I native-activity: Animating
04-13 00:46:05.010 23943 23971 I native-activity: Frame 152 GL error is 0x0
04-13 00:46:05.010 23943 23971 I native-activity: Frame 152 time is 0.328ms
04-13 00:46:05.013 23720 23925 I F_C.AppManager: syncApps: starting
04-13 00:46:05.029 23943 23971 I native-activity: Swap 152 time is 18.435ms
04-13 00:46:05.029 23943 23971 I native-activity: Animating
04-13 00:46:05.029 23943 23971 I native-activity: Frame 153 GL error is 0x0
04-13 00:46:05.029 23943 23971 I native-activity: Frame 153 time is 0.243ms
04-13 00:46:05.030 23739 23782 D AmazonCMS: Creating recent card with id: *****
04-13 00:46:05.048   917  1051 W AccountManagerService: insertAccountIntoDatabase: Account {name=default_account, type=amazon.account}, skipping since the account already exists
04-13 00:46:05.049 23943 23971 I native-activity: Swap 153 time is 19.820ms
04-13 00:46:05.049 23943 23971 I native-activity: Animating
04-13 00:46:05.049 23943 23971 I native-activity: Frame 154 GL error is 0x0
04-13 00:46:05.049 23943 23971 I native-activity: Frame 154 time is 0.236ms
04-13 00:46:05.066 24211 24225 W art     : Suspending all threads took: 19.251ms
04-13 00:46:05.067 23943 23971 I native-activity: Swap 154 time is 18.491ms
04-13 00:46:05.067 23943 23971 I native-activity: Animating
04-13 00:46:05.068 23943 23971 I native-activity: Frame 155 GL error is 0x0
04-13 00:46:05.068 23943 23971 I native-activity: Frame 155 time is 0.247ms
04-13 00:46:05.086 23943 23971 I native-activity: Swap 155 time is 18.680ms
04-13 00:46:05.086 23943 23971 I native-activity: Animating
04-13 00:46:05.086 23943 23971 I native-activity: Frame 156 GL error is 0x0
04-13 00:46:05.087 23943 23971 I native-activity: Frame 156 time is 0.250ms
04-13 00:46:05.087  1942  1967 I ...a.DeviceDataLogic[0]: device attribute ke_device not found in datastore
04-13 00:46:05.088 24070 24244 W ...iceDataCommunication: Key ke_device was not found in the device data store
04-13 00:46:05.090 24169 24185 W art     : Suspending all threads took: 5.645ms
04-13 00:46:05.101 24070 24244 W ...ecureContentResolver: Got exception querying content://com.amazon.sso.device.data. Retrying.
04-13 00:46:05.101 24070 24244 W ...ecureContentResolver: com.amazon.identity.auth.device.api.DeviceDataStoreException: Key ke_device was not found in the device data store
04-13 00:46:05.101 24070 24244 W ...ecureContentResolver: 	at com.amazon.identity.auth.device.devicedata.DeviceDataCommunication$1.useContentProviderClient(DeviceDataCommunication.java:80)
04-13 00:46:05.101 24070 24244 W ...ecureContentResolver: 	at com.amazon.identity.auth.device.devicedata.DeviceDataCommunication$1.useContentProviderClient(DeviceDataCommunication.java:59)
04-13 00:46:05.101 24070 24244 W ...ecureContentResolver: 	at com.amazon.identity.auth.device.framework.SecureContentResolver.acquireContentProviderClient(SecureContentResolver.java:111)
04-13 00:46:05.101 24070 24244 W ...ecureContentResolver: 	at com.amazon.identity.auth.device.devicedata.DeviceDataCommunication.retriveValueFromCentralStore(DeviceDataCommunication.java:57)
04-13 00:46:05.101 24070 24244 W ...ecureContentResolver: 	at com.amazon.identity.auth.device.devicedata.DeviceDataCommunication.getValue(DeviceDataCommunication.java:50)
04-13 00:46:05.101 24070 24244 W ...ecureContentResolver: 	at com.amazon.identity.auth.device.devicedata.DeviceDataStoreSystemPropertyDecorator.getValue(DeviceDataStoreSystemPropertyDecorator.java:52)
04-13 00:46:05.101 24070 24244 W ...ecureContentResolver: 	at com.amazon.identity.auth.device.api.DeviceDataStore.getValue(DeviceDataStore.java:91)
04-13 00:46:05.101 24070 24244 W ...ecureContentResolver: 	at com.amazon.avod.identity.DeviceProperties.isKidsEditionDevice(DeviceProperties.java:306)
04-13 00:46:05.101 24070 24244 W ...ecureContentResolver: 	at com.amazon.avod.identity.DeviceProperties.initialize(DeviceProperties.java:153)
04-13 00:46:05.101 24070 24244 W ...ecureContentResolver: 	at com.amazon.avod.core.ApplicationComponents$InitializeDeviceProperties.initialize(ApplicationComponents.java:417)
04-13 00:46:05.101 24070 24244 W ...ecureContentResolver: 	at com.amazon.avod.core.ApplicationComponents$InitializeRunnable.run(ApplicationComponents.java:583)
04-13 00:46:05.101 24070 24244 W ...ecureContentResolver: 	at java.util.concurrent.ThreadPoolExecutor.runWorker(ThreadPoolExecutor.java:1112)
04-13 00:46:05.101 24070 24244 W ...ecureContentResolver: 	at java.util.concurrent.ThreadPoolExecutor$Worker.run(ThreadPoolExecutor.java:587)
04-13 00:46:05.101 24070 24244 W ...ecureContentResolver: 	at java.lang.Thread.run(Thread.java:818)
04-13 00:46:05.103 24070 24254 W ...h.device.api.MAPInit: AdsIdentity class not found.
04-13 00:46:05.105 23943 23971 I native-activity: Swap 156 time is 18.756ms
04-13 00:46:05.105 23943 23971 I native-activity: Animating
04-13 00:46:05.105 23943 23971 I native-activity: Frame 157 GL error is 0x0
04-13 00:46:05.105 23943 23971 I native-activity: Frame 157 time is 0.250ms
04-13 00:46:05.123 24211 24226 I AmazonAppstore.AbstractCache: Cache is invalid
04-13 00:46:05.123 24211 24226 I AmazonAppstore.CacheReader: Reading from app_information.json
04-13 00:46:05.123 23943 23971 I native-activity: Swap 157 time is 18.077ms
04-13 00:46:05.123 23943 23971 I native-activity: Animating
04-13 00:46:05.124 23943 23971 I native-activity: Frame 158 GL error is 0x0
04-13 00:46:05.124 23943 23971 I native-activity: Frame 158 time is 0.224ms
04-13 00:46:05.125 24070 24084 W art     : Suspending all threads took: 10.489ms
04-13 00:46:05.130  1942  2974 I ...a.DeviceDataLogic[0]: device attribute ke_device not found in datastore
04-13 00:46:05.131 24070 24244 W ...iceDataCommunication: Key ke_device was not found in the device data store
04-13 00:46:05.133 24070 24244 E ...ecureContentResolver: Got exception querying content://com.amazon.sso.device.data. Failing after 1 retries.
04-13 00:46:05.133 24070 24244 E ...ecureContentResolver: com.amazon.identity.auth.device.api.DeviceDataStoreException: Key ke_device was not found in the device data store
04-13 00:46:05.133 24070 24244 E ...ecureContentResolver: 	at com.amazon.identity.auth.device.devicedata.DeviceDataCommunication$1.useContentProviderClient(DeviceDataCommunication.java:80)
04-13 00:46:05.133 24070 24244 E ...ecureContentResolver: 	at com.amazon.identity.auth.device.devicedata.DeviceDataCommunication$1.useContentProviderClient(DeviceDataCommunication.java:59)
04-13 00:46:05.133 24070 24244 E ...ecureContentResolver: 	at com.amazon.identity.auth.device.framework.SecureContentResolver.acquireContentProviderClient(SecureContentResolver.java:111)
04-13 00:46:05.133 24070 24244 E ...ecureContentResolver: 	at com.amazon.identity.auth.device.devicedata.DeviceDataCommunication.retriveValueFromCentralStore(DeviceDataCommunication.java:57)
04-13 00:46:05.133 24070 24244 E ...ecureContentResolver: 	at com.amazon.identity.auth.device.devicedata.DeviceDataCommunication.getValue(DeviceDataCommunication.java:50)
04-13 00:46:05.133 24070 24244 E ...ecureContentResolver: 	at com.amazon.identity.auth.device.devicedata.DeviceDataStoreSystemPropertyDecorator.getValue(DeviceDataStoreSystemPropertyDecorator.java:52)
04-13 00:46:05.133 24070 24244 E ...ecureContentResolver: 	at com.amazon.identity.auth.device.api.DeviceDataStore.getValue(DeviceDataStore.java:91)
04-13 00:46:05.133 24070 24244 E ...ecureContentResolver: 	at com.amazon.avod.identity.DeviceProperties.isKidsEditionDevice(DeviceProperties.java:306)
04-13 00:46:05.133 24070 24244 E ...ecureContentResolver: 	at com.amazon.avod.identity.DeviceProperties.initialize(DeviceProperties.java:153)
04-13 00:46:05.133 24070 24244 E ...ecureContentResolver: 	at com.amazon.avod.core.ApplicationComponents$InitializeDeviceProperties.initialize(ApplicationComponents.java:417)
04-13 00:46:05.133 24070 24244 E ...ecureContentResolver: 	at com.amazon.avod.core.ApplicationComponents$InitializeRunnable.run(ApplicationComponents.java:583)
04-13 00:46:05.133 24070 24244 E ...ecureContentResolver: 	at java.util.concurrent.ThreadPoolExecutor.runWorker(ThreadPoolExecutor.java:1112)
04-13 00:46:05.133 24070 24244 E ...ecureContentResolver: 	at java.util.concurrent.ThreadPoolExecutor$Worker.run(ThreadPoolExecutor.java:587)
04-13 00:46:05.133 24070 24244 E ...ecureContentResolver: 	at java.lang.Thread.run(Thread.java:818)
04-13 00:46:05.136 23739 23753 W art     : Suspending all threads took: 23.362ms
04-13 00:46:05.138 24070 24157 W AmazonVideo: Warning: Profile string was null, returning null!
04-13 00:46:05.138 24070 24157 W AmazonVideo: Warning: Profile string was null, returning null!
04-13 00:46:05.139 24070 24157 W AmazonVideo: Warning: Profile string was null, returning null!
04-13 00:46:05.139 24070 24157 W AmazonVideo: Warning: Profile string was null, returning null!
04-13 00:46:05.141 24070 24157 I AmazonVideo: Waiting for DeviceProperties to initialize, current state Initializing
04-13 00:46:05.142 23943 23971 I native-activity: Swap 158 time is 18.520ms
04-13 00:46:05.142 23943 23971 I native-activity: Animating
04-13 00:46:05.142 23943 23971 I native-activity: Frame 159 GL error is 0x0
04-13 00:46:05.142 23943 23971 I native-activity: Frame 159 time is 0.258ms
04-13 00:46:05.148 23739 23782 D AmazonCMS: Creating recent card with id: *****
04-13 00:46:05.161 23943 23971 I native-activity: Swap 159 time is 18.590ms
04-13 00:46:05.161 23943 23971 I native-activity: Animating
04-13 00:46:05.161 23943 23971 I native-activity: Frame 160 GL error is 0x0
04-13 00:46:05.161 23943 23971 I native-activity: Frame 160 time is 0.302ms
04-13 00:46:05.163 24070 24244 E ...iceDataCommunication: Got a RemoteMAPException
04-13 00:46:05.163 24070 24244 E ...iceDataCommunication: com.amazon.identity.auth.device.framework.RemoteMAPException: com.amazon.identity.auth.device.api.DeviceDataStoreException: Key ke_device was not found in the device data store
04-13 00:46:05.163 24070 24244 E ...iceDataCommunication: 	at com.amazon.identity.auth.device.framework.SecureContentResolver.acquireContentProviderClient(SecureContentResolver.java:119)
04-13 00:46:05.163 24070 24244 E ...iceDataCommunication: 	at com.amazon.identity.auth.device.devicedata.DeviceDataCommunication.retriveValueFromCentralStore(DeviceDataCommunication.java:57)
04-13 00:46:05.163 24070 24244 E ...iceDataCommunication: 	at com.amazon.identity.auth.device.devicedata.DeviceDataCommunication.getValue(DeviceDataCommunication.java:50)
04-13 00:46:05.163 24070 24244 E ...iceDataCommunication: 	at com.amazon.identity.auth.device.devicedata.DeviceDataStoreSystemPropertyDecorator.getValue(DeviceDataStoreSystemPropertyDecorator.java:52)
04-13 00:46:05.163 24070 24244 E ...iceDataCommunication: 	at com.amazon.identity.auth.device.api.DeviceDataStore.getValue(DeviceDataStore.java:91)
04-13 00:46:05.163 24070 24244 E ...iceDataCommunication: 	at com.amazon.avod.identity.DeviceProperties.isKidsEditionDevice(DeviceProperties.java:306)
04-13 00:46:05.163 24070 24244 E ...iceDataCommunication: 	at com.amazon.avod.identity.DeviceProperties.initialize(DeviceProperties.java:153)
04-13 00:46:05.163 24070 24244 E ...iceDataCommunication: 	at com.amazon.avod.core.ApplicationComponents$InitializeDeviceProperties.initialize(ApplicationComponents.java:417)
04-13 00:46:05.163 24070 24244 E ...iceDataCommunication: 	at com.amazon.avod.core.ApplicationComponents$InitializeRunnable.run(ApplicationComponents.java:583)
04-13 00:46:05.163 24070 24244 E ...iceDataCommunication: 	at java.util.concurrent.ThreadPoolExecutor.runWorker(ThreadPoolExecutor.java:1112)
04-13 00:46:05.163 24070 24244 E ...iceDataCommunication: 	at java.util.concurrent.ThreadPoolExecutor$Worker.run(ThreadPoolExecutor.java:587)
04-13 00:46:05.163 24070 24244 E ...iceDataCommunication: 	at java.lang.Thread.run(Thread.java:818)
04-13 00:46:05.163 24070 24244 E ...iceDataCommunication: Caused by: com.amazon.identity.auth.device.api.DeviceDataStoreException: Key ke_device was not found in the device data store
04-13 00:46:05.163 24070 24244 E ...iceDataCommunication: 	at com.amazon.identity.auth.device.devicedata.DeviceDataCommunication$1.useContentProviderClient(DeviceDataCommunication.java:80)
04-13 00:46:05.163 24070 24244 E ...iceDataCommunication: 	at com.amazon.identity.auth.device.devicedata.DeviceDataCommunication$1.useContentProviderClient(DeviceDataCommunication.java:59)
04-13 00:46:05.163 24070 24244 E ...iceDataCommunication: 	at com.amazon.identity.auth.device.framework.SecureContentResolver.acquireContentProviderClient(SecureContentResolver.java:111)
04-13 00:46:05.163 24070 24244 E ...iceDataCommunication: 	... 11 more
04-13 00:46:05.163 24070 24244 W AmazonVideo: Warning: Reading KET information from DDS resulted in exception: Key ke_device was not found in the device data store. Indicating non-KET
04-13 00:46:05.164 24070 24244 I AmazonVideo: Finished initializing deviceProperties. deviceTypeId=A2M4YX06LWP8WI, deviceId=xxaivxx, devicePlatform=Ford, devicePlatformGroups=[AmazonTabletsGen8, FirstParty, FirstPartyTablets]
04-13 00:46:05.164 24070 24244 I AmazonVideo: Completed initialize for DeviceProperties
04-13 00:46:05.180 23943 23971 I native-activity: Swap 160 time is 18.780ms
04-13 00:46:05.180 23943 23971 I native-activity: Animating
04-13 00:46:05.180 23943 23971 I native-activity: Frame 161 GL error is 0x0
04-13 00:46:05.180 23943 23971 I native-activity: Frame 161 time is 0.245ms
04-13 00:46:05.192 24070 24247 I AmazonVideo: Entered initialize for ServiceClientSharedComponents
04-13 00:46:05.195 24070 24247 I AmazonVideo: Completed initialize for ServiceClientSharedComponents
04-13 00:46:05.197 24070 24247 I AmazonVideo: Entered initialize for MetricsDebugger
04-13 00:46:05.197 24070 24247 I AmazonVideo: Completed initialize for MetricsDebugger
04-13 00:46:05.200 23943 23971 I native-activity: Swap 161 time is 19.870ms
04-13 00:46:05.200 23943 23971 I native-activity: Animating
04-13 00:46:05.200 23943 23971 I native-activity: Frame 162 GL error is 0x0
04-13 00:46:05.200 23943 23971 I native-activity: Frame 162 time is 0.227ms
04-13 00:46:05.201 24070 24247 I AmazonVideo: Entered initialize for Identity
04-13 00:46:05.207 24070 24247 I AmazonVideo: Identity:Initialization:IdentityInnerComponents
04-13 00:46:05.207 24070 24247 I AmazonVideo: Entered initialize for PersistenceStore
04-13 00:46:05.212 24169 24185 W art     : Suspending all threads took: 19.887ms
04-13 00:46:05.218 23943 23971 I native-activity: Swap 162 time is 18.228ms
04-13 00:46:05.218 23943 23971 I native-activity: Animating
04-13 00:46:05.219 23943 23971 I native-activity: Frame 163 GL error is 0x0
04-13 00:46:05.219 23943 23971 I native-activity: Frame 163 time is 0.278ms
04-13 00:46:05.224 24070 24247 I AmazonVideo: Last known value: Optional.of(IdentityPersistenceData{userId=xxaivxx, marketplace=ATVPDKIKX0DER, currentCountry=US, vcr=US})
04-13 00:46:05.224 24070 24247 I AmazonVideo: Completed initialize for PersistenceStore
04-13 00:46:05.224 24070 24247 I AmazonVideo: Entered initialize for MultipleAdultsManager
04-13 00:46:05.225 24070 24247 I AmazonVideo: Entered initialize for MarketplaceManagerHelper
04-13 00:46:05.226 24070 24247 I AmazonVideo: Completed initialize for MarketplaceManagerHelper
04-13 00:46:05.230 23739 23782 D AmazonCMS: Creating recent card with id: *****
04-13 00:46:05.237 23943 23971 I native-activity: Swap 163 time is 18.201ms
04-13 00:46:05.237 23943 23971 I native-activity: Animating
04-13 00:46:05.237 23943 23971 I native-activity: Frame 164 GL error is 0x0
04-13 00:46:05.237 23943 23971 I native-activity: Frame 164 time is 0.256ms
04-13 00:46:05.241 24211 24225 W art     : Suspending all threads took: 33.911ms
04-13 00:46:05.256 23943 23971 I native-activity: Swap 164 time is 18.796ms
04-13 00:46:05.256 23943 23971 I native-activity: Animating
04-13 00:46:05.256 23943 23971 I native-activity: Frame 165 GL error is 0x0
04-13 00:46:05.256 23943 23971 I native-activity: Frame 165 time is 0.283ms
04-13 00:46:05.266 24070 24247 I AmazonVideo: Refreshing HouseholdInfo from local cache...
04-13 00:46:05.275 23943 23971 I native-activity: Swap 165 time is 18.676ms
04-13 00:46:05.275 23943 23971 I native-activity: Animating
04-13 00:46:05.275 23943 23971 I native-activity: Frame 166 GL error is 0x0
04-13 00:46:05.275 23943 23971 I native-activity: Frame 166 time is 0.260ms
04-13 00:46:05.277 24211 24227 I AmazonAppstore.AbstractCache: Cache is invalid
04-13 00:46:05.277 24211 24227 I AmazonAppstore.CacheReader: Reading from origin_information.json
04-13 00:46:05.289 23739 23782 D AmazonCMS: Creating recent card with id: *****
04-13 00:46:05.293 23943 23971 I native-activity: Swap 166 time is 18.383ms
04-13 00:46:05.294 23943 23971 I native-activity: Animating
04-13 00:46:05.294 23943 23971 I native-activity: Frame 167 GL error is 0x0
04-13 00:46:05.294 23943 23971 I native-activity: Frame 167 time is 0.231ms
04-13 00:46:05.311 24070 24157 I AmazonVideo: Waiting for ExperimentManager to initialize, current state NotInitialized
04-13 00:46:05.312 23943 23971 I native-activity: Swap 167 time is 18.490ms
04-13 00:46:05.312 23943 23971 I native-activity: Animating
04-13 00:46:05.312 23943 23971 I native-activity: Frame 168 GL error is 0x0
04-13 00:46:05.312 23943 23971 I native-activity: Frame 168 time is 0.222ms
04-13 00:46:05.326 24211 24227 I AmazonAppstore.AbstractCache: Cache is invalid
04-13 00:46:05.327 24211 24227 I AmazonAppstore.CacheReader: Reading from app_icon_information.json
04-13 00:46:05.331 23943 23971 I native-activity: Swap 168 time is 18.343ms
04-13 00:46:05.331 23943 23971 I native-activity: Animating
04-13 00:46:05.331 23943 23971 I native-activity: Frame 169 GL error is 0x0
04-13 00:46:05.331 23943 23971 I native-activity: Frame 169 time is 0.264ms
04-13 00:46:05.334 24070 24084 W art     : Suspending all threads took: 17.964ms
04-13 00:46:05.341  1787  1787 I AmazonLocationController: onWifiSignalChanged : connected : true
04-13 00:46:05.345 24070 24260 I AmazonVideo: Attempt #1: running FetchVideoRegionCallable
04-13 00:46:05.349 24070 24247 I AmazonVideo: Attempt #1: running FetchHouseholdCallable
04-13 00:46:05.349 23943 23971 I native-activity: Swap 169 time is 18.367ms
04-13 00:46:05.349 23943 23971 I native-activity: Animating
04-13 00:46:05.350 23943 23971 I native-activity: Frame 170 GL error is 0x0
04-13 00:46:05.350 23943 23971 I native-activity: Frame 170 time is 0.343ms
04-13 00:46:05.368 23739 23782 D AmazonCMS: Creating recent card with id: *****
04-13 00:46:05.369 23943 23971 I native-activity: Swap 170 time is 19.380ms
04-13 00:46:05.369 23943 23971 I native-activity: Animating
04-13 00:46:05.369 23943 23971 I native-activity: Frame 171 GL error is 0x0
04-13 00:46:05.369 23943 23971 I native-activity: Frame 171 time is 0.328ms
04-13 00:46:05.360    82    82 I Kernel  : [45604.032100].(0)[82:mtk charger_hv_]charging_reset_watch_dog_timer
04-13 00:46:05.360    82    82 I Kernel  : [45604.034353].(0)[82:mtk charger_hv_]array_size = 16 
04-13 00:46:05.390 23943 23971 I native-activity: Swap 171 time is 21.324ms
04-13 00:46:05.390 23943 23971 I native-activity: Animating
04-13 00:46:05.391 23943 23971 I native-activity: Frame 172 GL error is 0x0
04-13 00:46:05.391 23943 23971 I native-activity: Frame 172 time is 0.273ms
04-13 00:46:05.396   917  2246 D ActivityManager: single user service: com.amazon.alta.h2clientservice
04-13 00:46:05.403   917  2246 W AmazonGidPackageManagerCallback: Launching com.amazon.alta.h2clientservice (32063) with AMZ_APP_GID
04-13 00:46:05.411 23943 23971 I native-activity: Swap 172 time is 20.240ms
04-13 00:46:05.411 23943 23971 I native-activity: Animating
04-13 00:46:05.411 23943 23971 I native-activity: Frame 173 GL error is 0x0
04-13 00:46:05.411 23943 23971 I native-activity: Frame 173 time is 0.264ms
04-13 00:46:05.418   183   183 W art     : PreZygoteFork called when we already have a zygote space.
04-13 00:46:05.429 24264 24264 I art     : Switching to skinny heap parameters
04-13 00:46:05.429 24264 24264 I art     : Before Skinny: Total memory=2MB NextConcurrentGC=2MB
04-13 00:46:05.429 23943 23971 I native-activity: Swap 173 time is 18.592ms
04-13 00:46:05.430 23943 23971 I native-activity: Animating
04-13 00:46:05.430 23943 23971 I native-activity: Frame 174 GL error is 0x0
04-13 00:46:05.430 23943 23971 I native-activity: Frame 174 time is 0.243ms
04-13 00:46:05.436 23739 23782 D AmazonCMS: Creating recent card with id: *****
04-13 00:46:05.420  2137  2137 I Kernel  : [45604.092980][wlan] nicTxReleaseResource: (TX STATE)
04-13 00:46:05.420  2137  2137 I Kernel  : Release: TC4 count 1, Free=4; TC5 count 0, Free=4
04-13 00:46:05.420  2159  2159 I Kernel  : [45604.099093].(2)[2159:wpa_supplicant]poorlink get state G(361760)F(49)dbad(0)dretry(0)LT(540)RT(-78)W(0)(12296)
04-13 00:46:05.442   917  2246 I ActivityManager: Start proc 24264:com.amazon.alta.h2clientservice/u0a22063 for service com.amazon.alta.h2clientservice/.H2ClientService
04-13 00:46:05.442   917  2246 D ActivityManager: app = com.amazon.alta.h2clientservice, has single user service, setting process record!
04-13 00:46:05.448 23943 23971 I native-activity: Swap 174 time is 18.337ms
04-13 00:46:05.448 23943 23971 I native-activity: Animating
04-13 00:46:05.448 23943 23971 I native-activity: Frame 175 GL error is 0x0
04-13 00:46:05.448 23943 23971 I native-activity: Frame 175 time is 0.219ms
04-13 00:46:05.430  2137  2137 I Kernel  : [45604.103510][wlan] nicTxReleaseResource: (TX STATE)
04-13 00:46:05.430  2137  2137 I Kernel  : Release: TC4 count 1, Free=4; TC5 count 0, Free=4
04-13 00:46:05.455 24070 24261 D alta.ConnectionManager: Service bound.
04-13 00:46:05.462 24264 24264 I art     : Explicit concurrent mark sweep GC freed 92(3KB) AllocSpace objects, 0(0B) LOS objects, 9% free, 1677KB/1864KB, paused 390us total 32.005ms
04-13 00:46:05.462 24264 24264 I art     : After Skinny: Total memory=1864KB NextConcurrentGC=1736KB
04-13 00:46:05.466 23943 23971 I native-activity: Swap 175 time is 18.087ms
04-13 00:46:05.466 23943 23971 I native-activity: Animating
04-13 00:46:05.467 23943 23971 I native-activity: Frame 176 GL error is 0x0
04-13 00:46:05.467 23943 23971 I native-activity: Frame 176 time is 0.259ms
04-13 00:46:05.476 24070 24260 I AmazonVideo.profiler: Metric[name=ServiceResponseCache:AppStartupConfig:DiskCacheHit, type=[Counter], val=1]
04-13 00:46:05.485 23943 23971 I native-activity: Swap 176 time is 18.542ms
04-13 00:46:05.485 23943 23971 I native-activity: Animating
04-13 00:46:05.485 23943 23971 I native-activity: Frame 177 GL error is 0x0
04-13 00:46:05.485 23943 23971 I native-activity: Frame 177 time is 0.224ms
04-13 00:46:05.494 24264 24264 D ActivityManager: default service binder = android.os.BinderProxy@11338850
04-13 00:46:05.494 24264 24264 D ActivityManager: default service = android.app.ActivityManagerProxy@4599a49
04-13 00:46:05.503 23943 23971 I native-activity: Swap 177 time is 18.376ms
04-13 00:46:05.504 23943 23971 I native-activity: Animating
04-13 00:46:05.504 23943 23971 I native-activity: Frame 178 GL error is 0x0
04-13 00:46:05.504 23943 23971 I native-activity: Frame 178 time is 0.319ms
04-13 00:46:05.516 23739 23782 D AmazonCMS: Creating recent card with id: *****
04-13 00:46:05.519 24264 24264 D VendorDisplayManagerGlobalCallback: callGetInstance: nil
04-13 00:46:05.523 23943 23971 I native-activity: Swap 178 time is 18.841ms
04-13 00:46:05.523 23943 23971 I native-activity: Animating
04-13 00:46:05.523 23943 23971 I native-activity: Frame 179 GL error is 0x0
04-13 00:46:05.523 23943 23971 I native-activity: Frame 179 time is 0.264ms
04-13 00:46:05.523 24211 24225 W art     : Suspending all threads took: 17.423ms
04-13 00:46:05.533 24070 24260 I AmazonVideo.profiler: Metric[name=ServiceResponseCache:AppStartupConfig:CacheFresh, type=[Counter], val=1]
04-13 00:46:05.539 24070 24260 I AmazonVideo: Attempt #1: success running FetchVideoRegionCallable. Returning.
04-13 00:46:05.542 23943 23971 I native-activity: Swap 179 time is 18.824ms
04-13 00:46:05.542 23943 23971 I native-activity: Animating
04-13 00:46:05.542 23943 23971 I native-activity: Frame 180 GL error is 0x0
04-13 00:46:05.542 23943 23971 I native-activity: Frame 180 time is 0.249ms
04-13 00:46:05.546 23739 23782 D AmazonCMS: Creating recent card with id: *****
04-13 00:46:05.560 23943 23971 I native-activity: Swap 180 time is 18.556ms
04-13 00:46:05.560 23943 23971 I native-activity: Animating
04-13 00:46:05.561 23943 23971 I native-activity: Frame 181 GL error is 0x0
04-13 00:46:05.561 23943 23971 I native-activity: Frame 181 time is 0.265ms
04-13 00:46:05.565 24264 24264 W asset   : Asset path /system/framework/android.amazon.res.jar is neither a directory nor file (type=1).
04-13 00:46:05.566 24264 24264 W ResourcesManager: Asset path '/system/framework/android.amazon.res.jar' does not exist or contains no resources.
04-13 00:46:05.566 23739 23782 D AmazonCMS: Creating recent card with id: *****
04-13 00:46:05.579 23943 23971 I native-activity: Swap 181 time is 18.380ms
04-13 00:46:05.579 23943 23971 I native-activity: Animating
04-13 00:46:05.579 23943 23971 I native-activity: Frame 182 GL error is 0x0
04-13 00:46:05.579 23943 23971 I native-activity: Frame 182 time is 0.273ms
04-13 00:46:05.594 23739 23782 D AmazonCMS: Creating recent card with id: *****
04-13 00:46:05.597 23943 23971 I native-activity: Swap 182 time is 18.357ms
04-13 00:46:05.598 23943 23971 I native-activity: Animating
04-13 00:46:05.598 23943 23971 I native-activity: Frame 183 GL error is 0x0
04-13 00:46:05.598 23943 23971 I native-activity: Frame 183 time is 0.270ms
04-13 00:46:05.616 23943 23971 I native-activity: Swap 183 time is 18.519ms
04-13 00:46:05.616 23943 23971 I native-activity: Animating
04-13 00:46:05.617 23943 23971 I native-activity: Frame 184 GL error is 0x0
04-13 00:46:05.617 23943 23971 I native-activity: Frame 184 time is 0.250ms
04-13 00:46:05.635 23943 23971 I native-activity: Swap 184 time is 18.201ms
04-13 00:46:05.635 23943 23971 I native-activity: Animating
04-13 00:46:05.635 23943 23971 I native-activity: Frame 185 GL error is 0x0
04-13 00:46:05.635 23943 23971 I native-activity: Frame 185 time is 0.251ms
04-13 00:46:05.638 24169 24169 D /Ln.java:218: main Configuring Logging, minimum log level is INFO
04-13 00:46:05.653 23943 23971 I native-activity: Swap 185 time is 18.463ms
04-13 00:46:05.653 23943 23971 I native-activity: Animating
04-13 00:46:05.654 23943 23971 I native-activity: Frame 186 GL error is 0x0
04-13 00:46:05.654 23943 23971 I native-activity: Frame 186 time is 0.264ms
04-13 00:46:05.672 23943 23971 I native-activity: Swap 186 time is 18.339ms
04-13 00:46:05.672 23943 23971 I native-activity: Animating
04-13 00:46:05.672 23943 23971 I native-activity: Frame 187 GL error is 0x0
04-13 00:46:05.672 23943 23971 I native-activity: Frame 187 time is 0.277ms
04-13 00:46:05.677 24264 24264 I ContextImpl: com.amazon.client.metrics.api registered service at i = 68
04-13 00:46:05.680 23739 24238 I com.amazon.dcp.framework.MetricsCollectorHolder: Running normally, creating new metrics collector
04-13 00:46:05.680 23739 24238 E com.amazon.dcp.framework.ClassConfigurationParser: Could not find class configuration file dcp_class_configuration.xml
04-13 00:46:05.681 23739 24238 E com.amazon.dcp.framework.ClassConfigurationParser: The configuration file does not have a key for MetricCollector
04-13 00:46:05.691 23943 23971 I native-activity: Swap 187 time is 18.986ms
04-13 00:46:05.691 23943 23971 I native-activity: Animating
04-13 00:46:05.691 23943 23971 I native-activity: Frame 188 GL error is 0x0
04-13 00:46:05.691 23943 23971 I native-activity: Frame 188 time is 0.266ms
04-13 00:46:05.697 23739 23753 W art     : Suspending all threads took: 5.232ms
04-13 00:46:05.704 24264 24264 D ProfileManager: Create ProfileManager instance
04-13 00:46:05.710 23943 23971 I native-activity: Swap 188 time is 18.942ms
04-13 00:46:05.710 23943 23971 I native-activity: Animating
04-13 00:46:05.711 23943 23971 I native-activity: Frame 189 GL error is 0x0
04-13 00:46:05.711 23943 23971 I native-activity: Frame 189 time is 0.298ms
04-13 00:46:05.724 23739 24238 I com.amazon.dcp.framework.ClassConfigurationParser: Attempting to create class com.amazon.dcp.framework.ICEEMetricsCollector with android.content.Context constructor.
04-13 00:46:05.729 23943 23971 I native-activity: Swap 189 time is 18.747ms
04-13 00:46:05.729 23943 23971 I native-activity: Animating
04-13 00:46:05.730 23943 23971 I native-activity: Frame 190 GL error is 0x0
04-13 00:46:05.730 23943 23971 I native-activity: Frame 190 time is 0.422ms
04-13 00:46:05.747 23720 23925 W asset   : Asset path /system/framework/android.amazon.res.jar is neither a directory nor file (type=1).
04-13 00:46:05.748 23720 23925 W ResourcesManager: Asset path '/system/framework/android.amazon.res.jar' does not exist or contains no resources.
04-13 00:46:05.749 23943 23971 I native-activity: Swap 190 time is 20.036ms
04-13 00:46:05.750 23943 23971 I native-activity: Animating
04-13 00:46:05.752 23943 23971 I native-activity: Frame 191 GL error is 0x0
04-13 00:46:05.752 23943 23971 I native-activity: Frame 191 time is 2.420ms
04-13 00:46:05.770 23943 23971 I native-activity: Swap 191 time is 20.807ms
04-13 00:46:05.771 23943 23971 I native-activity: Animating
04-13 00:46:05.771 23943 23971 I native-activity: Frame 192 GL error is 0x0
04-13 00:46:05.771 23943 23971 I native-activity: Frame 192 time is 0.290ms
04-13 00:46:05.773 24264 24264 D alta.H2ClientService: onCreate()
04-13 00:46:05.781 24264 24282 I ...h.device.api.MAPInit: Initializing MAP (130050002 / MAPAndroidLib-1.0.1435.0) for app com.amazon.alta.h2clientservice
04-13 00:46:05.789 23943 23971 I native-activity: Swap 192 time is 18.371ms
04-13 00:46:05.789 23943 23971 I native-activity: Animating
04-13 00:46:05.790 23943 23971 I native-activity: Frame 193 GL error is 0x0
04-13 00:46:05.790 23943 23971 I native-activity: Frame 193 time is 0.390ms
04-13 00:46:05.804 24264 24282 I com.amazon.dcp.settings.BackgroundSynchronizer: Requesting sync with content provider.
04-13 00:46:05.805 24264 24282 I com.amazon.dcp.settings.BackgroundSynchronizer: Waiting for initial sync...
04-13 00:46:05.809 23943 23971 I native-activity: Swap 193 time is 19.555ms
04-13 00:46:05.809 23943 23971 I native-activity: Animating
04-13 00:46:05.809 23943 23971 I native-activity: Frame 194 GL error is 0x0
04-13 00:46:05.809 23943 23971 I native-activity: Frame 194 time is 0.250ms
04-13 00:46:05.828 23943 23971 I native-activity: Swap 194 time is 18.615ms
04-13 00:46:05.828 23943 23971 I native-activity: Animating
04-13 00:46:05.828 23943 23971 I native-activity: Frame 195 GL error is 0x0
04-13 00:46:05.828 23943 23971 I native-activity: Frame 195 time is 0.275ms
04-13 00:46:05.835 24264 24283 I com.amazon.dcp.settings.SettingsCacheUpdater: took 9 millis to get the SettingsProvider
04-13 00:46:05.835 24264 24283 I com.amazon.dcp.settings.SettingsCacheUpdater: Starting sync with content provider.
04-13 00:46:05.843 24169 24169 I com.amazon.dcp.framework.ClassConfigurationParser: Attempting to create class com.amazon.dcp.framework.AmazonDeviceInfo with android.content.Context constructor.
04-13 00:46:05.847 23943 23971 I native-activity: Swap 195 time is 19.053ms
04-13 00:46:05.847 23943 23971 I native-activity: Animating
04-13 00:46:05.847 23943 23971 I native-activity: Frame 196 GL error is 0x0
04-13 00:46:05.847 23943 23971 I native-activity: Frame 196 time is 0.286ms
04-13 00:46:05.866 23943 23971 I native-activity: Swap 196 time is 18.631ms
04-13 00:46:05.866 23943 23971 I native-activity: Animating
04-13 00:46:05.866 23943 23971 I native-activity: Frame 197 GL error is 0x0
04-13 00:46:05.866 23943 23971 I native-activity: Frame 197 time is 0.248ms
04-13 00:46:05.875 24169 24284 I ...h.device.api.MAPInit: Initializing MAP (130050002 / MAPAndroidLib-1.0.1435.0) for app com.amazon.device.messaging
04-13 00:46:05.884 23943 23971 I native-activity: Swap 197 time is 18.449ms
04-13 00:46:05.884 23943 23971 I native-activity: Animating
04-13 00:46:05.885 23943 23971 I native-activity: Frame 198 GL error is 0x0
04-13 00:46:05.885 23943 23971 I native-activity: Frame 198 time is 0.256ms
04-13 00:46:05.889 24169 24169 I ...ures.FeatureSetCache: Caching feature IsolateApplication as false
04-13 00:46:05.891 24264 24283 I com.amazon.dcp.settings.SettingsCacheUpdater: Sync with content provider complete. Values processed: 165
04-13 00:46:05.891 24264 24282 I com.amazon.dcp.settings.BackgroundSynchronizer: Wait for initial sync complete.
04-13 00:46:05.902 24264 24282 I ...ures.FeatureSetCache: Caching feature IsolateApplication as false
04-13 00:46:05.903 23943 23971 I native-activity: Swap 198 time is 18.595ms
04-13 00:46:05.903 23943 23971 I native-activity: Animating
04-13 00:46:05.903 23943 23971 I native-activity: Frame 199 GL error is 0x0
04-13 00:46:05.903 23943 23971 I native-activity: Frame 199 time is 0.228ms
04-13 00:46:05.921 24169 24185 W art     : Suspending all threads took: 8.104ms
04-13 00:46:05.921 23943 23971 I native-activity: Swap 199 time is 18.105ms
04-13 00:46:05.921 23943 23971 I native-activity: Animating
04-13 00:46:05.922 23943 23971 I native-activity: Frame 200 GL error is 0x0
04-13 00:46:05.922 23943 23971 I native-activity: Frame 200 time is 0.232ms
04-13 00:46:05.929 24169 24284 I ...tils.CentralApkUtils: Retrieved central APK info from package manager using content provider content://com.amazon.map.generic_ipc. The package name is : com.amazon.imp and version is: 130183110.
04-13 00:46:05.932 24169 24169 I ...tils.CentralApkUtils: Retrieved central APK info from package manager using content provider content://com.amazon.map.generic_ipc. The package name is : com.amazon.imp and version is: 130183110.
04-13 00:46:05.940 24264 24264 I ...tils.CentralApkUtils: Retrieved central APK info from package manager using content provider content://com.amazon.map.generic_ipc. The package name is : com.amazon.imp and version is: 130183110.
04-13 00:46:05.940 23943 23971 I native-activity: Swap 200 time is 18.993ms
04-13 00:46:05.941 23943 23971 I native-activity: Animating
04-13 00:46:05.941 23943 23971 I native-activity: Frame 201 GL error is 0x0
04-13 00:46:05.941 23943 23971 I native-activity: Frame 201 time is 0.257ms
04-13 00:46:05.941 24264 24282 I ...tils.CentralApkUtils: Retrieved central APK info from package manager using content provider content://com.amazon.map.generic_ipc. The package name is : com.amazon.imp and version is: 130183110.
04-13 00:46:05.947 24264 24286 I ...taStorageFactoryImpl: Creating new DataStorageFactoryImpl
04-13 00:46:05.930 24211 24211 I Kernel  : [45604.607690]-(0)[24211:.amazon.venezia]dpi vsync
04-13 00:46:05.948 24264 24286 I ...amework.MAPInitTasks: Get DataStorage instance for initialization
04-13 00:46:05.948 24264 24286 I ...taStorageFactoryImpl: Initializing new DataStorage
04-13 00:46:05.959 23943 23971 I native-activity: Swap 201 time is 18.416ms
04-13 00:46:05.959 23943 23971 I native-activity: Animating
04-13 00:46:05.959 23943 23971 I native-activity: Frame 202 GL error is 0x0
04-13 00:46:05.960 23943 23971 I native-activity: Frame 202 time is 0.319ms
04-13 00:46:05.962 24169 24285 I ...taStorageFactoryImpl: Creating new DataStorageFactoryImpl
04-13 00:46:05.962 24169 24285 I ...amework.MAPInitTasks: Get DataStorage instance for initialization
04-13 00:46:05.962 24169 24285 I ...taStorageFactoryImpl: Initializing new DataStorage
04-13 00:46:05.967 24264 24286 I ...DeviceAttributeCache: Setting device attribute CentralAPK to true
04-13 00:46:05.967 24264 24286 I ...taStorageFactoryImpl: Creating and using new NonCanonicalDataStorage
04-13 00:46:05.975 24169 24285 I ...DeviceAttributeCache: Setting device attribute CentralAPK to true
04-13 00:46:05.975 24169 24285 I ...taStorageFactoryImpl: Creating and using new NonCanonicalDataStorage
04-13 00:46:05.978 23943 23971 I native-activity: Swap 202 time is 18.370ms
04-13 00:46:05.978 23943 23971 I native-activity: Animating
04-13 00:46:05.978 23943 23971 I native-activity: Frame 203 GL error is 0x0
04-13 00:46:05.978 23943 23971 I native-activity: Frame 203 time is 0.296ms
04-13 00:46:05.983 23739 24155 I F_C.ProducerClientCompa: Producer com.amazon.kindle.cms.card.producer.APPS at API version BrazilVersion(1.4).
04-13 00:46:05.985 23739 23782 D AmazonCMS: CardClient: Pushing 12 cards ***** by producer com.amazon.kindle.cms.card.producer.APPS
04-13 00:46:05.985 24264 24286 I ...amework.MAPInitTasks: Initialize DataStorage instance
04-13 00:46:05.985 24264 24286 I ...amework.MAPInitTasks: Setup DataStorage instance
04-13 00:46:05.991 24169 24285 I ...amework.MAPInitTasks: Initialize DataStorage instance
04-13 00:46:05.991 24169 24285 I ...amework.MAPInitTasks: Setup DataStorage instance
04-13 00:46:05.996 23943 23971 I native-activity: Swap 203 time is 18.439ms
04-13 00:46:05.996 23943 23971 I native-activity: Animating
04-13 00:46:05.997 23943 23971 I native-activity: Frame 204 GL error is 0x0
04-13 00:46:05.997 23943 23971 I native-activity: Frame 204 time is 0.241ms
04-13 00:46:06.009 23739 24155 I F_C.ProducerClientCompa: Connected to ServerInfo(CDA Version: BrazilVersion(1.3.108.0), Min. Producer: BrazilVersion(1.0), Delete All: true)
04-13 00:46:06.014 24264 24264 D alta.DatabaseContext: Database location: /data/securedStorageLocation/com.amazon.alta.h2clientservice/databases/alta.h2clientservice.db
04-13 00:46:06.015 23943 23971 I native-activity: Swap 204 time is 18.282ms
04-13 00:46:06.015 23943 23971 I native-activity: Animating
04-13 00:46:06.015 23943 23971 I native-activity: Frame 205 GL error is 0x0
04-13 00:46:06.015 23943 23971 I native-activity: Frame 205 time is 0.267ms
04-13 00:46:06.033 23943 23971 I native-activity: Swap 205 time is 18.575ms
04-13 00:46:06.034 23943 23971 I native-activity: Animating
04-13 00:46:06.034 23943 23971 I native-activity: Frame 206 GL error is 0x0
04-13 00:46:06.034 23943 23971 I native-activity: Frame 206 time is 0.243ms
