--------- beginning of main
04-13 01:14:06.470 27746 27746 W sh      : type=1400 audit(0.0:5300): avc: denied { module_request } for kmod="personality-8" scontext=u:r:shell:s0 tcontext=u:r:kernel:s0 tclass=system permissive=0
04-13 01:14:06.470 27746 27746 W am      : type=1400 audit(0.0:5301): avc: denied { module_request } for kmod="personality-8" scontext=u:r:shell:s0 tcontext=u:r:kernel:s0 tclass=system permissive=0
--------- beginning of kernel
04-13 01:14:06.470 27746 27746 I Kernel  : [47285.145926].(2)[27746:sh]audit avc scontext:u:r:shell:s0
04-13 01:14:06.470 27746 27746 I Kernel  : [47285.150293].(0)[27746:am]audit avc scontext:u:r:shell:s0
04-13 01:14:06.480 27746 27746 W app_process: type=1400 audit(0.0:5302): avc: denied { module_request } for kmod="personality-8" scontext=u:r:shell:s0 tcontext=u:r:kernel:s0 tclass=system permissive=0
04-13 01:14:06.480 27746 27746 I Kernel  : [47285.155991].(2)[27746:app_process]audit avc scontext:u:r:shell:s0
--------- beginning of amazon_main
04-13 01:14:06.522 25557 27720 I F_C.ProducerClientCompa: Producer com.amazon.kindle.cms.card.producer.APPS at API version BrazilVersion(1.4).
04-13 01:14:06.522 25557 25643 D AmazonCMS: CardClient: Pushing 12 cards ***** by producer com.amazon.kindle.cms.card.producer.APPS
04-13 01:14:06.527 25557 27720 I F_C.ProducerClientCompa: Connected to ServerInfo(CDA Version: BrazilVersion(1.3.108.0), Min. Producer: BrazilVersion(1.0), Delete All: true)
04-13 01:14:06.538 25616 25978 I F_C.CardAgentSynchroniz: Throttling producer refresh
04-13 01:14:06.538 25616 25978 W F_C.CardProvider: Producer refresh failed
04-13 01:14:06.540     0     0 I Kernel  : [47285.213699]-(0)[0:swapper/0]dpi vsync
04-13 01:14:06.566  1787  1787 I AmazonLocationController: onWifiSignalChanged : connected : true
04-13 01:14:06.601 25557 26127 I DCP     : [JsonCallExecutor][CallExecutor][daf7f53f-a836-4991-a2ec-eabf83981ff9][Auth]Received response code 200 OK. Total time = 356 ms. Handshake = 96 ms. Upload = 0 ms (0 bytes). Latency = 258 ms. Download = 0 ms (569 bytes).
--------- beginning of system
04-13 01:14:06.603   917 25027 D WifiService: releaseWifiLockLocked: WifiLock{com.amazon.dcp.framework.iuc.ConnectionEstablisherWithConnectivityEnforcement type=1 binder=android.os.BinderProxy@28a23e4b}
04-13 01:14:06.623 25557 25643 D AmazonCMS: Read 2 card ids from the cache for producer com.amazon.kindle.cms.card.producer.NEWSSTAND in profile 0
04-13 01:14:06.748 25557 25643 W AmazonCMS: Delivery card detected for item ***** but no delivery date set
04-13 01:14:06.749 25557 25643 D AmazonCMS: Creating delivery card with id: *****
04-13 01:14:06.752 27746 27746 D AndroidRuntime: >>>>>> START com.android.internal.os.RuntimeInit uid 2000 <<<<<<
04-13 01:14:06.756 27746 27746 D AndroidRuntime: CheckJNI is OFF
04-13 01:14:06.757 27746 27746 I art     : Skinny Heap Starting Size = 2048KB
04-13 01:14:06.757 27746 27746 I art     : Skinny Heap Growth Limit = 20480KB
04-13 01:14:06.758 27746 27746 I art     : Skinny Heap Min Free = 128KB
04-13 01:14:06.758 27746 27746 I art     : Skinny Heap Max Free = 512KB
04-13 01:14:06.758 27746 27746 I art     : Skinny Heap Target Utilization = 0.9
04-13 01:14:06.761 25557 27720 I F_C.ProducerClientCompa: Producer com.amazon.kindle.cms.card.producer.NEWSSTAND at API version BrazilVersion(1.4).
04-13 01:14:06.762 25557 25643 D AmazonCMS: CardClient: Pushing 2 cards ***** by producer com.amazon.kindle.cms.card.producer.NEWSSTAND
04-13 01:14:06.768 25557 27720 I F_C.ProducerClientCompa: Connected to ServerInfo(CDA Version: BrazilVersion(1.3.108.0), Min. Producer: BrazilVersion(1.0), Delete All: true)
04-13 01:14:06.780 25616 25633 I F_C.CardAgentSynchroniz: Throttling producer refresh
04-13 01:14:06.780 25616 25633 W F_C.CardProvider: Producer refresh failed
04-13 01:14:06.853 25557 25643 D AmazonCMS: Performing collection sync type DELTA_SYNC for user *****
04-13 01:14:06.854 25557 25643 V AmazonCMS: SyncClient - [SYNC] Syncing Namespace: [*****]
04-13 01:14:06.869 27746 27746 I HAL     : loaded HAL id=memtrack path=/system/lib/hw/memtrack.mt8127.so hmi=0x0 handle=0xb51f9694
04-13 01:14:06.877 25557 26343 I DCP     : [JsonCallExecutor][CallExecutor][b1e27de4-e3be-4983-81d2-f79c081ff161][Auth]GET https://api.amazon.com/whispersync/v2/data/amzn1.account.XXXX/datasets?after=108  (attempt 1)
04-13 01:14:06.878   917   933 D WifiService: acquireWifiLockLocked: WifiLock{com.amazon.dcp.framework.iuc.ConnectionEstablisherWithConnectivityEnforcement type=1 binder=android.os.BinderProxy@7c15779}
04-13 01:14:06.881 25557 27757 I com.amazon.dcp.framework.ConnectivityEnforcer: Network with type -1 is already connected
04-13 01:14:06.891 27746 27746 I HAL     : loaded HAL id=perfboost path=/system/lib/hw/perfboost.mt8127.so hmi=0x0 handle=0xb51f97e4
04-13 01:14:06.895   917  2245 D ActivityManager: single user service: com.amazon.imp
04-13 01:14:06.897   917  2245 D ActivityManager: app = com.amazon.imp, has single user service, setting process record.
04-13 01:14:06.927 27746 27746 D AndroidRuntime: Calling main entry com.android.commands.am.Am
04-13 01:14:06.929 27746 27746 D ActivityManager: default service binder = android.os.BinderProxy@13cd9bff
04-13 01:14:06.929 27746 27746 D ActivityManager: default service = android.app.ActivityManagerProxy@3a4d4dcc
04-13 01:14:06.933   917  1762 I ActivityManager: START u0 {act=android.intent.action.MAIN cat=[android.intent.category.LAUNCHER] flg=0x10000000 cmp=com.example.sonicdash_stage1/android.app.NativeActivity (has extras)} from uid 2000 on display 0
04-13 01:14:06.935   917  1762 W ActivityManager: Input dispatching paused for current ActivityRecord: ActivityRecord{f76f235 u0 com.example.sonicdash_stage1/android.app.NativeActivity t343}
04-13 01:14:06.935   917  1762 V WindowManager: addAppToken: AppWindowToken{28e3503b token=Token{1d6f76ca ActivityRecord{f76f235 u0 com.example.sonicdash_stage1/android.app.NativeActivity t343}}} to stack=1 task=343 at 0
04-13 01:14:06.936   917  1762 D BatteryStatsExtension.VitalEmitterBatteryAndTime: VitalEmitterBatteryAndTime.start(-): not runnable
04-13 01:14:06.938 25616 25616 I F_C.Launcher: onPause
04-13 01:14:06.939 27746 27746 D AndroidRuntime: Shutting down VM
04-13 01:14:06.940 27746 27758 E IPCThreadState: talkWithDriver returned result (-9)
04-13 01:14:06.941 27746 27759 E IPCThreadState: talkWithDriver returned result (-9)
04-13 01:14:06.942   917   943 V WindowManager: Based on layer: Adding window Window{12b17cb1 u0 Starting com.example.sonicdash_stage1} at 2 of 8
--------- beginning of vitals
04-13 01:14:06.947  2059  2059 I Vlog    : PfxPrecog:PredictionResult:fgtracking=false;DV;1,key=success;DV;1,Counter=1.000000;CT;1,unit=null;DV;1,metadata=version%235510%7Crequester%23Chained+Predictor%7Cpred_type%23ApplicationStart%7C;DV;1:HI
04-13 01:14:06.948   917  2168 I PackageRecencyCallback: Queuing notifcation to package: ComponentInfo{com.amazon.kindle.cms/com.amazon.kindle.cms.MaintenanceService$PackageRecencyListener}
04-13 01:14:06.949  2059  2059 I Vlog    : PfxPrecog:PredictedTimeDelta:fgtracking=false;DV;1,key=delta;DV;1,Timer=26620.000000;TI;1,unit=null;DV;1,metadata=version%235510%7C;DV;1:HI
04-13 01:14:06.950  2059  2059 I Vlog    : PfxPrecog:PredictionResult:fgtracking=false;DV;1,key=success;DV;1,Counter=1.000000;CT;1,unit=null;DV;1,metadata=version%235510%7Crequester%23Chained+Predictor+T%7Cpred_type%23TemporalApplicationStart%7C;DV;1:HI
--------- beginning of metrics
04-13 01:14:06.960   917  1055 I LoggerMetricsFactoryImpl: PhoneWindowManager:ActivityChanged:com.example.sonicdash_stage1=1.0;CT;1:NR
04-13 01:14:06.960   917  1055 I Vlog    : ScreenTime:PackageScreenTime:fgtracking=false;DV;1,key=com.amazon.firelauncher;DV;1,Timer=3.325E-4;TI;1,unit=hours;DV;1:HI
04-13 01:14:06.960   917  1055 I LoggerMetricsFactoryImpl: PhoneWindowManager:ScreenTime:endTimeMs=1.49207124696E12;TI;1,startTimeMs=1.492071245763E12;TI;1,com.amazon.firelauncher=1197.0;TI;1:NR
04-13 01:14:06.960   917  1055 I Vlog    : Thermal:Screen_On_Thermal_Throttling:fgtracking=false;DV;1,key=0;DV;1,Timer=3.325E-4;TI;1,unit=hours;DV;1,metadata=com.amazon.firelauncher;DV;1:HI
04-13 01:14:06.961   917  1055 I LoggerMetricsFactoryImpl: ScreenTime:updateLRUListLocked:page-type=KindleFramework;CK;1,hitType=deviceAction;CK;1,team-name=KindleFramework;CK;1,site_variant=KindleApplication;CK;1,page-action=fgEnd;CK;1,sub-page-type=com.amazon.firelauncher;CK;1,RequestId=AEC50224E0A953E28600;DV;1:NA
04-13 01:14:06.961   917  1055 I LoggerMetricsFactoryImpl: ScreenTime:updateLRUListLocked:page-type=KindleFramework;CK;1,hitType=deviceAction;CK;1,team-name=KindleFramework;CK;1,site_variant=KindleApplication;CK;1,page-action=fgStart;CK;1,sub-page-type=com.example.sonicdash_stage1;CK;1,RequestId=5A5F21B4547AAF16503A;DV;1:NA
04-13 01:14:06.967 25616 25616 I Vlog    : performance:SkippedVsyncsBucket3:fgtracking=false;DV;1,key=com.amazon.firelauncher;DV;1,Counter=1.0;CT;1,unit=count;DV;1:HI
04-13 01:14:06.967 25616 25616 I performance: SkippedVsyncsBucket3: package=com.amazon.firelauncher count=1
04-13 01:14:06.967 25616 25616 I Vlog    : performance:FrameDropTotal:fgtracking=false;DV;1,key=com.amazon.firelauncher;DV;1,Counter=3.0;CT;1,unit=count;DV;1:HI
04-13 01:14:06.967 25616 25616 I performance: FrameDropTotal: package=com.amazon.firelauncher count=3
04-13 01:14:06.967  1787  1787 V PhoneStatusBar: setLightsOn(true)
04-13 01:14:06.968 25616 25616 I Vlog    : performance:FramesTotal:fgtracking=false;DV;1,key=com.amazon.firelauncher;DV;1,Counter=34.0;CT;1,unit=count;DV;1:HI
04-13 01:14:06.968 25616 25616 I performance: FramesTotal: package=com.amazon.firelauncher count=34
04-13 01:14:06.968 25616 25616 I Vlog    : performance:DelayedFirstFrames:fgtracking=false;DV;1,key=com.amazon.firelauncher;DV;1,Counter=2.0;CT;1,unit=count;DV;1:HI
04-13 01:14:06.968 25616 25616 I performance: DelayedFirstFrames: package=com.amazon.firelauncher count=2
04-13 01:14:06.968 25616 25616 I Vlog    : performance:FirstFramesTotal:fgtracking=false;DV;1,key=com.amazon.firelauncher;DV;1,Counter=4.0;CT;1,unit=count;DV;1:HI
04-13 01:14:06.968 25616 25616 I performance: FirstFramesTotal: package=com.amazon.firelauncher count=0
04-13 01:14:06.972 27726 27726 I FrameworkJumpTable: Successfully loaded all classes
04-13 01:14:06.981   143   949 I [MALI][Gralloc]: usage0: 0x933, format7: 2 stride2: 608 vertical_stride6: 976 size: 2373632
04-13 01:14:06.996 27726 27726 I FrameworkJumpTable: Successfully loaded all methods
04-13 01:14:06.997 27726 27726 I FrameworkJumpTable: Successfully loaded all fields
04-13 01:14:07.017   917  2175 I AmazonStorageUtil: Secondary Storage not mounted. Do not create directory at:/storage/sdcard1/Android/obb/com.example.sonicdash_stage1
04-13 01:14:07.017 27726 27726 W ContextImpl: Failed to ensure directory: /storage/sdcard1/Android/obb/com.example.sonicdash_stage1
04-13 01:14:07.020   917  1051 I AmazonStorageUtil: Secondary Storage not mounted. Do not create directory at:/storage/sdcard1/Android/data/com.example.sonicdash_stage1/files
04-13 01:14:07.020 27726 27726 W ContextImpl: Failed to ensure directory: /storage/sdcard1/Android/data/com.example.sonicdash_stage1/files
04-13 01:14:07.023 27726 27726 V threaded_app: Creating: 0xb91992e8
04-13 01:14:07.024 27726 27760 V threaded_app: Config: mcc=0 mnc=0 lang=en cnt=US orien=1 touch=3 dens=160 keys=1 nav=1 keysHid=3 navHid=0 sdk=22 size=3 long=1 modetype=1 modenight=1
04-13 01:14:07.024 27726 27760 I native-activity: Starting android_main
04-13 01:14:07.024 27726 27760 I native-activity:   Activity 0xb91992e8
04-13 01:14:07.024 27726 27760 I native-activity:   VM 0xb8e8a818
04-13 01:14:07.024 27726 27760 I native-activity:   JNIEnv 0xb8e8b000
04-13 01:14:07.024 27726 27760 D native-activity: Changing permissions for the internal storage at /data/data/com.example.sonicdash_stage1/files
04-13 01:14:07.024 27726 27760 I native-activity: Attaching entry point thread to JNIEnv
04-13 01:14:07.026 27726 27726 V threaded_app: Start: 0xb91992e8
04-13 01:14:07.026 27726 27760 I native-activity: Loading activity configuration
04-13 01:14:07.026 27726 27760 V native-activity: get_boolean_extra for *env 0xb51bcd60 intent 0x100005 extra_name egl_swap_preserve_bit
04-13 01:14:07.026 27726 27760 V native-activity: get_boolean_extra for *env 0xb51bcd60 intent 0x100005 extra_name egl_window_bit
04-13 01:14:07.027 27726 27760 V native-activity: get_boolean_extra for *env 0xb51bcd60 intent 0x100005 extra_name egl_pbuffer_bit
04-13 01:14:07.027 27726 27760 V native-activity: get_boolean_extra for *env 0xb51bcd60 intent 0x100005 extra_name gl_enable_dither
04-13 01:14:07.027 27726 27760 V native-activity: get_boolean_extra for *env 0xb51bcd60 intent 0x100005 extra_name gl_disable_dither
04-13 01:14:07.027 27726 27760 V native-activity: get_boolean_extra for *env 0xb51bcd60 intent 0x100005 extra_name gl_log_context
04-13 01:14:07.027 27726 27760 V native-activity: get_boolean_extra for *env 0xb51bcd60 intent 0x100005 extra_name stop_motion
04-13 01:14:07.027 27726 27760 V native-activity: get_boolean_extra for *env 0xb51bcd60 intent 0x100005 extra_name capture_compressed
04-13 01:14:07.027 27726 27760 I native-activity: EGL configuration
04-13 01:14:07.027 27726 27760 I native-activity: 	egl_swap_preserve_bit: 0
04-13 01:14:07.027 27726 27760 I native-activity: 	egl_window_bit: 1
04-13 01:14:07.027 27726 27760 I native-activity: 	egl_pbuffer_bit: 1
04-13 01:14:07.027 27726 27760 I native-activity: 	egl_width: 1080
04-13 01:14:07.027 27726 27760 I native-activity: 	egl_height: 1920
04-13 01:14:07.027 27726 27760 I native-activity: 	egl_red_size: 8
04-13 01:14:07.027 27726 27760 I native-activity: 	egl_green_size: 8
04-13 01:14:07.027 27726 27760 I native-activity: 	egl_blue_size: 8
04-13 01:14:07.027 27726 27760 I native-activity: 	egl_alpha_size: 8
04-13 01:14:07.027 27726 27760 I native-activity: 	egl_depth_size: 16
04-13 01:14:07.027 27726 27760 I native-activity: 	egl_stencil_size: -1
04-13 01:14:07.027 27726 27760 I native-activity: 	egl_swapbuffers_sync: 0
04-13 01:14:07.027 27726 27760 I native-activity: GL configuration
04-13 01:14:07.027 27726 27760 I native-activity: 	gl_enable_dither: 0
04-13 01:14:07.027 27726 27760 I native-activity: 	gl_disable_dither: 0
04-13 01:14:07.027 27726 27760 I native-activity: 	gl_get_error: 1
04-13 01:14:07.027 27726 27760 I native-activity: 	gl_log_context: 1
04-13 01:14:07.027 27726 27760 I native-activity: Runtime configuration
04-13 01:14:07.027 27726 27760 I native-activity: 	draw_limit:        0
04-13 01:14:07.027 27726 27760 I native-activity: 	frame_limit:       0
04-13 01:14:07.027 27726 27760 I native-activity: 	stop_motion:       0
04-13 01:14:07.027 27726 27760 I native-activity: 	capture_frequency: 0
04-13 01:14:07.027 27726 27760 I native-activity: 	capture_compressed: 1
04-13 01:14:07.030 27726 27760 V threaded_app: activityState=10
04-13 01:14:07.030 27726 27726 V threaded_app: Resume: 0xb91992e8
04-13 01:14:07.030 27726 27760 V threaded_app: activityState=11
04-13 01:14:07.032  2059  2059 I Vlog    : PfxPrecog:WarmvCold:fgtracking=false;DV;1,key=warm;DV;1,Counter=1.000000;CT;1,unit=null;DV;1,metadata=version%235510%7Cmode%23active%7Cpkg%23com.example.sonicdash_stage1%7C;DV;1:HI
04-13 01:14:07.032  2059  2059 I Vlog    : PfxPrecog:AppTransition:fgtracking=false;DV;1,key=AppTransition;DV;1,Counter=1.000000;CT;1,unit=null;DV;1,metadata=version%235510%7Cprevious_package%23com.amazon.firelauncher%7Cnew_package%23com.example.sonicdash_stage1%7C;DV;1:HI
04-13 01:14:07.038   917  2246 W AmazonActivityManagerService: packageLifetimeHint: amazon.internal.SystemJumpTable$ProcessRecord@2c86616e is active, cannot move
04-13 01:14:07.039  2059  2059 W Precog  : PackagePrewarmActor: Call to packageLifetimeHint failed, res = -1
04-13 01:14:07.040  2059  2059 I Vlog    : PfxPrecog:LruHint:fgtracking=false;DV;1,key=confidence;DV;1,Counter=1.000000;CT;1,unit=null;DV;1,metadata=version%235510%7Cpkg%23com.amazon.firelauncher%7C;DV;1:HI
04-13 01:14:07.040  2059  2059 I Vlog    : PfxPrecog:LruHint:fgtracking=false;DV;1,key=failure;DV;1,Counter=1.000000;CT;1,unit=null;DV;1,metadata=version%235510%7Cpkg%23com.amazon.firelauncher%7C;DV;1:HI
04-13 01:14:07.045   917  2109 V WindowManager: Adding window Window{3132389c u0 com.example.sonicdash_stage1/android.app.NativeActivity} at 2 of 9 (before Window{12b17cb1 u0 Starting com.example.sonicdash_stage1})
04-13 01:14:07.046 27726 27726 V threaded_app: InputQueueCreated: 0xb91992e8 -- 0xb91a1778
04-13 01:14:07.046 27726 27760 V threaded_app: APP_CMD_INPUT_CHANGED
04-13 01:14:07.046 27726 27760 V threaded_app: Attaching input queue to looper
04-13 01:14:07.073 27726 27726 V threaded_app: NativeWindowCreated: 0xb91992e8 -- 0xb91a2668
04-13 01:14:07.073 27726 27760 V threaded_app: APP_CMD_INIT_WINDOW
04-13 01:14:07.078 27726 27760 I HAL     : loaded HAL id=gralloc path=/system/lib/hw/gralloc.mt8127.so hmi=0x0 handle=0xadc9f694
04-13 01:14:07.078 27726 27760 I native-activity: EGL information on display 0x1
04-13 01:14:07.078 27726 27760 I native-activity: 		EGL_VENDOR: Android
04-13 01:14:07.078 27726 27760 I native-activity: 		EGL_VERSION: 1.4 Android META-EGL
04-13 01:14:07.078 27726 27760 I native-activity: 		EGL_CLIENT_APIS: OpenGL_ES
04-13 01:14:07.078 27726 27760 I native-activity: 		EGL_EXTENSIONS: EGL_KHR_get_all_proc_addresses EGL_ANDROID_presentation_time EGL_KHR_image EGL_KHR_image_base EGL_KHR_image_pixmap EGL_KHR_gl_texture_2D_image EGL_KHR_gl_texture_cubemap_image EGL_KHR_gl_renderbuffer_image EGL_KHR_fence_sync EGL_EXT_create_context_robustness EGL_ANDROID_image_native_buffer EGL_ANDROID_recordable 
04-13 01:14:07.078 27726 27760 D native-activity: EGL configurations 23
04-13 01:14:07.078 27726 27760 D native-activity: 	Config 0x60000001 index 0
04-13 01:14:07.078 27726 27760 V native-activity: 		EGL_CONFIG_ID: 5
04-13 01:14:07.078 27726 27760 V native-activity: 		EGL_CONFORMANT: 5 EGL_OPENGL_ES_BIT, EGL_OPENGL_ES2_BIT,
04-13 01:14:07.079 27726 27760 V native-activity: 		EGL_CONFIG_CAVEAT: 12344 EGL_NONE,
04-13 01:14:07.079 27726 27760 V native-activity: 		EGL_RENDERABLE_TYPE: 5 EGL_OPENGL_ES_BIT, EGL_OPENGL_ES2_BIT,
04-13 01:14:07.079 27726 27760 V native-activity: 		EGL_SURFACE_TYPE: 1031 EGL_PBUFFER_BIT, EGL_PIXMAP_BIT, EGL_SWAP_BEHAVIOR_PRESERVED_BIT, EGL_WINDOW_BIT,
04-13 01:14:07.079 27726 27760 V native-activity: 		EGL_LEVEL: 0
04-13 01:14:07.079 27726 27760 V native-activity: 		EGL_COLOR_BUFFER_TYPE: 12430 EGL_RGB_BUFFER,
04-13 01:14:07.079 27726 27760 V native-activity: 		EGL_BUFFER_SIZE: 16
04-13 01:14:07.079 27726 27760 V native-activity: 		EGL_SAMPLES: 0
04-13 01:14:07.079 27726 27760 V native-activity: 		EGL_SAMPLE_BUFFERS: 0
04-13 01:14:07.079 27726 27760 V native-activity: 		EGL_RED_SIZE: 5
04-13 01:14:07.079 27726 27760 V native-activity: 		EGL_GREEN_SIZE: 6
04-13 01:14:07.079 27726 27726 V threaded_app: WindowFocusChanged: 0xb91992e8 -- 1
04-13 01:14:07.079 27726 27760 V native-activity: 		EGL_BLUE_SIZE: 5
04-13 01:14:07.079 27726 27760 V native-activity: 		EGL_ALPHA_SIZE: 0
04-13 01:14:07.079 27726 27760 V native-activity: 		EGL_ALPHA_MASK_SIZE: 0
04-13 01:14:07.079 27726 27760 V native-activity: 		EGL_LUMINANCE_SIZE: 0
04-13 01:14:07.079 27726 27760 V native-activity: 		EGL_TRANSPARENT_TYPE: 12344 EGL_NONE,
04-13 01:14:07.060 27726 27760 I Kernel  : [47285.736486]Mali<2>:
04-13 01:14:07.060 27726 27760 I Kernel  : Session started
04-13 01:14:07.079 27726 27760 V native-activity: 		EGL_TRANSPARENT_RED_VALUE: -1
04-13 01:14:07.079 27726 27760 V native-activity: 		EGL_TRANSPARENT_GREEN_VALUE: -1
04-13 01:14:07.079 27726 27760 V native-activity: 		EGL_TRANSPARENT_BLUE_VALUE: -1
04-13 01:14:07.079 27726 27760 V native-activity: 		EGL_STENCIL_SIZE: 8
04-13 01:14:07.079 27726 27760 V native-activity: 		EGL_DEPTH_SIZE: 24
04-13 01:14:07.079 27726 27760 V native-activity: 		EGL_BIND_TO_TEXTURE_RGB: 1
04-13 01:14:07.079 27726 27760 V native-activity: 		EGL_BIND_TO_TEXTURE_RGBA: 0
04-13 01:14:07.079 27726 27760 V native-activity: 		EGL_MIN_SWAP_INTERVAL: 0
04-13 01:14:07.079 27726 27760 V native-activity: 		EGL_MAX_SWAP_INTERVAL: 10
04-13 01:14:07.079 27726 27760 V native-activity: 		EGL_MAX_PBUFFER_WIDTH: 4096
04-13 01:14:07.079 27726 27760 V native-activity: 		EGL_MAX_PBUFFER_HEIGHT: 4096
04-13 01:14:07.079 27726 27760 D native-activity: 	Config 0x60000002 index 1
04-13 01:14:07.079 27726 27760 V native-activity: 		EGL_CONFIG_ID: 3
04-13 01:14:07.079 27726 27760 V native-activity: 		EGL_CONFORMANT: 5 EGL_OPENGL_ES_BIT, EGL_OPENGL_ES2_BIT,
04-13 01:14:07.079 27726 27760 V native-activity: 		EGL_CONFIG_CAVEAT: 12344 EGL_NONE,
04-13 01:14:07.079 27726 27760 V native-activity: 		EGL_RENDERABLE_TYPE: 5 EGL_OPENGL_ES_BIT, EGL_OPENGL_ES2_BIT,
04-13 01:14:07.079 27726 27760 V native-activity: 		EGL_SURFACE_TYPE: 1543 EGL_MULTISAMPLE_RESOLVE_BOX_BIT, EGL_PBUFFER_BIT, EGL_PIXMAP_BIT, EGL_SWAP_BEHAVIOR_PRESERVED_BIT, EGL_WINDOW_BIT,
04-13 01:14:07.079 27726 27760 V native-activity: 		EGL_LEVEL: 0
04-13 01:14:07.079 27726 27760 V native-activity: 		EGL_COLOR_BUFFER_TYPE: 12430 EGL_RGB_BUFFER,
04-13 01:14:07.079 27726 27760 V native-activity: 		EGL_BUFFER_SIZE: 16
04-13 01:14:07.079 27726 27760 V native-activity: 		EGL_SAMPLES: 4
04-13 01:14:07.079 27726 27760 V native-activity: 		EGL_SAMPLE_BUFFERS: 1
04-13 01:14:07.079 27726 27760 V native-activity: 		EGL_RED_SIZE: 5
04-13 01:14:07.080 27726 27760 V native-activity: 		EGL_GREEN_SIZE: 6
04-13 01:14:07.080 27726 27760 V native-activity: 		EGL_BLUE_SIZE: 5
04-13 01:14:07.080 27726 27760 V native-activity: 		EGL_ALPHA_SIZE: 0
04-13 01:14:07.080 27726 27760 V native-activity: 		EGL_ALPHA_MASK_SIZE: 0
04-13 01:14:07.080 27726 27760 V native-activity: 		EGL_LUMINANCE_SIZE: 0
04-13 01:14:07.080 27726 27760 V native-activity: 		EGL_TRANSPARENT_TYPE: 12344 EGL_NONE,
04-13 01:14:07.080 27726 27760 V native-activity: 		EGL_TRANSPARENT_RED_VALUE: -1
04-13 01:14:07.080 27726 27760 V native-activity: 		EGL_TRANSPARENT_GREEN_VALUE: -1
04-13 01:14:07.080 27726 27760 V native-activity: 		EGL_TRANSPARENT_BLUE_VALUE: -1
04-13 01:14:07.080 27726 27760 V native-activity: 		EGL_STENCIL_SIZE: 8
04-13 01:14:07.080 27726 27760 V native-activity: 		EGL_DEPTH_SIZE: 24
04-13 01:14:07.080 27726 27760 V native-activity: 		EGL_BIND_TO_TEXTURE_RGB: 1
04-13 01:14:07.080 27726 27760 V native-activity: 		EGL_BIND_TO_TEXTURE_RGBA: 0
04-13 01:14:07.080 27726 27760 V native-activity: 		EGL_MIN_SWAP_INTERVAL: 0
04-13 01:14:07.080 27726 27760 V native-activity: 		EGL_MAX_SWAP_INTERVAL: 10
04-13 01:14:07.080 27726 27760 V native-activity: 		EGL_MAX_PBUFFER_WIDTH: 4096
04-13 01:14:07.080 27726 27760 V native-activity: 		EGL_MAX_PBUFFER_HEIGHT: 4096
04-13 01:14:07.080 27726 27760 D native-activity: 	Config 0x60000003 index 2
04-13 01:14:07.080 27726 27760 V native-activity: 		EGL_CONFIG_ID: 4
04-13 01:14:07.080 27726 27760 V native-activity: 		EGL_CONFORMANT: 0
04-13 01:14:07.081 27726 27760 V native-activity: 		EGL_CONFIG_CAVEAT: 12369 EGL_NON_CONFORMANT_CONFIG,
04-13 01:14:07.081 27726 27760 V native-activity: 		EGL_RENDERABLE_TYPE: 5 EGL_OPENGL_ES_BIT, EGL_OPENGL_ES2_BIT,
04-13 01:14:07.081 27726 27760 V native-activity: 		EGL_SURFACE_TYPE: 1543 EGL_MULTISAMPLE_RESOLVE_BOX_BIT, EGL_PBUFFER_BIT, EGL_PIXMAP_BIT, EGL_SWAP_BEHAVIOR_PRESERVED_BIT, EGL_WINDOW_BIT,
04-13 01:14:07.081 27726 27760 V native-activity: 		EGL_LEVEL: 0
04-13 01:14:07.081 27726 27760 V native-activity: 		EGL_COLOR_BUFFER_TYPE: 12430 EGL_RGB_BUFFER,
04-13 01:14:07.081 27726 27760 V native-activity: 		EGL_BUFFER_SIZE: 16
04-13 01:14:07.081 27726 27760 V native-activity: 		EGL_SAMPLES: 16
04-13 01:14:07.081 27726 27760 V native-activity: 		EGL_SAMPLE_BUFFERS: 1
04-13 01:14:07.081 27726 27760 V native-activity: 		EGL_RED_SIZE: 5
04-13 01:14:07.081 27726 27760 V native-activity: 		EGL_GREEN_SIZE: 6
04-13 01:14:07.081 27726 27760 V native-activity: 		EGL_BLUE_SIZE: 5
04-13 01:14:07.081 27726 27760 V native-activity: 		EGL_ALPHA_SIZE: 0
04-13 01:14:07.081 27726 27760 V native-activity: 		EGL_ALPHA_MASK_SIZE: 0
04-13 01:14:07.081 27726 27760 V native-activity: 		EGL_LUMINANCE_SIZE: 0
04-13 01:14:07.081 27726 27760 V native-activity: 		EGL_TRANSPARENT_TYPE: 12344 EGL_NONE,
04-13 01:14:07.081 27726 27760 V native-activity: 		EGL_TRANSPARENT_RED_VALUE: -1
04-13 01:14:07.081 27726 27760 V native-activity: 		EGL_TRANSPARENT_GREEN_VALUE: -1
04-13 01:14:07.081 27726 27760 V native-activity: 		EGL_TRANSPARENT_BLUE_VALUE: -1
04-13 01:14:07.081 27726 27760 V native-activity: 		EGL_STENCIL_SIZE: 8
04-13 01:14:07.081 27726 27760 V native-activity: 		EGL_DEPTH_SIZE: 24
04-13 01:14:07.081 27726 27760 V native-activity: 		EGL_BIND_TO_TEXTURE_RGB: 1
04-13 01:14:07.081 27726 27760 V native-activity: 		EGL_BIND_TO_TEXTURE_RGBA: 0
04-13 01:14:07.081 27726 27760 V native-activity: 		EGL_MIN_SWAP_INTERVAL: 0
04-13 01:14:07.081 27726 27760 V native-activity: 		EGL_MAX_SWAP_INTERVAL: 10
04-13 01:14:07.081 27726 27760 V native-activity: 		EGL_MAX_PBUFFER_WIDTH: 4096
04-13 01:14:07.081 27726 27760 V native-activity: 		EGL_MAX_PBUFFER_HEIGHT: 4096
04-13 01:14:07.081 27726 27760 D native-activity: 	Config 0x60000004 index 3
04-13 01:14:07.081 27726 27760 V native-activity: 		EGL_CONFIG_ID: 19
04-13 01:14:07.081 27726 27760 V native-activity: 		EGL_CONFORMANT: 0
04-13 01:14:07.081 27726 27760 V native-activity: 		EGL_CONFIG_CAVEAT: 12369 EGL_NON_CONFORMANT_CONFIG,
04-13 01:14:07.081 27726 27760 V native-activity: 		EGL_RENDERABLE_TYPE: 5 EGL_OPENGL_ES_BIT, EGL_OPENGL_ES2_BIT,
04-13 01:14:07.081 27726 27760 V native-activity: 		EGL_SURFACE_TYPE: 1025 EGL_PBUFFER_BIT, EGL_SWAP_BEHAVIOR_PRESERVED_BIT,
04-13 01:14:07.081 27726 27760 V native-activity: 		EGL_LEVEL: 0
04-13 01:14:07.081 27726 27760 V native-activity: 		EGL_COLOR_BUFFER_TYPE: 12430 EGL_RGB_BUFFER,
04-13 01:14:07.081 27726 27760 V native-activity: 		EGL_BUFFER_SIZE: 16
04-13 01:14:07.081 27726 27760 V native-activity: 		EGL_SAMPLES: 0
04-13 01:14:07.081 27726 27760 V native-activity: 		EGL_SAMPLE_BUFFERS: 0
04-13 01:14:07.081 27726 27760 V native-activity: 		EGL_RED_SIZE: 5
04-13 01:14:07.081 27726 27760 V native-activity: 		EGL_GREEN_SIZE: 5
04-13 01:14:07.081 27726 27760 V native-activity: 		EGL_BLUE_SIZE: 5
04-13 01:14:07.081 27726 27760 V native-activity: 		EGL_ALPHA_SIZE: 1
04-13 01:14:07.081 27726 27760 V native-activity: 		EGL_ALPHA_MASK_SIZE: 0
04-13 01:14:07.081 27726 27760 V native-activity: 		EGL_LUMINANCE_SIZE: 0
04-13 01:14:07.081 27726 27760 V native-activity: 		EGL_TRANSPARENT_TYPE: 12344 EGL_NONE,
04-13 01:14:07.081 27726 27760 V native-activity: 		EGL_TRANSPARENT_RED_VALUE: -1
04-13 01:14:07.081 27726 27760 V native-activity: 		EGL_TRANSPARENT_GREEN_VALUE: -1
04-13 01:14:07.081 27726 27760 V native-activity: 		EGL_TRANSPARENT_BLUE_VALUE: -1
04-13 01:14:07.082 27726 27760 V native-activity: 		EGL_STENCIL_SIZE: 8
04-13 01:14:07.082 27726 27760 V native-activity: 		EGL_DEPTH_SIZE: 24
04-13 01:14:07.082 27726 27760 V native-activity: 		EGL_BIND_TO_TEXTURE_RGB: 1
04-13 01:14:07.082 27726 27760 V native-activity: 		EGL_BIND_TO_TEXTURE_RGBA: 1
04-13 01:14:07.082 27726 27760 V native-activity: 		EGL_MIN_SWAP_INTERVAL: 0
04-13 01:14:07.082 27726 27760 V native-activity: 		EGL_MAX_SWAP_INTERVAL: 10
04-13 01:14:07.082 27726 27760 V native-activity: 		EGL_MAX_PBUFFER_WIDTH: 4096
04-13 01:14:07.082 27726 27760 V native-activity: 		EGL_MAX_PBUFFER_HEIGHT: 4096
04-13 01:14:07.082 27726 27760 D native-activity: 	Config 0x60000005 index 4
04-13 01:14:07.082 27726 27760 V native-activity: 		EGL_CONFIG_ID: 18
04-13 01:14:07.082 27726 27760 V native-activity: 		EGL_CONFORMANT: 0
04-13 01:14:07.082 27726 27760 V native-activity: 		EGL_CONFIG_CAVEAT: 12369 EGL_NON_CONFORMANT_CONFIG,
04-13 01:14:07.082 27726 27760 V native-activity: 		EGL_RENDERABLE_TYPE: 5 EGL_OPENGL_ES_BIT, EGL_OPENGL_ES2_BIT,
04-13 01:14:07.082 27726 27760 V native-activity: 		EGL_SURFACE_TYPE: 1025 EGL_PBUFFER_BIT, EGL_SWAP_BEHAVIOR_PRESERVED_BIT,
04-13 01:14:07.082 27726 27760 V native-activity: 		EGL_LEVEL: 0
04-13 01:14:07.083 27726 27760 V native-activity: 		EGL_COLOR_BUFFER_TYPE: 12430 EGL_RGB_BUFFER,
04-13 01:14:07.083 27726 27760 V native-activity: 		EGL_BUFFER_SIZE: 16
04-13 01:14:07.083 27726 27760 V native-activity: 		EGL_SAMPLES: 4
04-13 01:14:07.083 27726 27760 V native-activity: 		EGL_SAMPLE_BUFFERS: 1
04-13 01:14:07.083 27726 27760 V native-activity: 		EGL_RED_SIZE: 5
04-13 01:14:07.083 27726 27760 V native-activity: 		EGL_GREEN_SIZE: 5
04-13 01:14:07.083 27726 27760 V native-activity: 		EGL_BLUE_SIZE: 5
04-13 01:14:07.083 27726 27760 V native-activity: 		EGL_ALPHA_SIZE: 1
04-13 01:14:07.083 27726 27760 V native-activity: 		EGL_ALPHA_MASK_SIZE: 0
04-13 01:14:07.083 27726 27760 V native-activity: 		EGL_LUMINANCE_SIZE: 0
04-13 01:14:07.083 27726 27760 V native-activity: 		EGL_TRANSPARENT_TYPE: 12344 EGL_NONE,
04-13 01:14:07.083 27726 27760 V native-activity: 		EGL_TRANSPARENT_RED_VALUE: -1
04-13 01:14:07.083 27726 27760 V native-activity: 		EGL_TRANSPARENT_GREEN_VALUE: -1
04-13 01:14:07.083 27726 27760 V native-activity: 		EGL_TRANSPARENT_BLUE_VALUE: -1
04-13 01:14:07.083 27726 27760 V native-activity: 		EGL_STENCIL_SIZE: 8
04-13 01:14:07.083 27726 27760 V native-activity: 		EGL_DEPTH_SIZE: 24
04-13 01:14:07.083 27726 27760 V native-activity: 		EGL_BIND_TO_TEXTURE_RGB: 1
04-13 01:14:07.083 27726 27760 V native-activity: 		EGL_BIND_TO_TEXTURE_RGBA: 1
04-13 01:14:07.083 27726 27760 V native-activity: 		EGL_MIN_SWAP_INTERVAL: 0
04-13 01:14:07.083 27726 27760 V native-activity: 		EGL_MAX_SWAP_INTERVAL: 10
04-13 01:14:07.083 27726 27760 V native-activity: 		EGL_MAX_PBUFFER_WIDTH: 4096
04-13 01:14:07.083 27726 27760 V native-activity: 		EGL_MAX_PBUFFER_HEIGHT: 4096
04-13 01:14:07.083 27726 27760 D native-activity: 	Config 0x60000006 index 5
04-13 01:14:07.083 27726 27760 V native-activity: 		EGL_CONFIG_ID: 20
04-13 01:14:07.083 27726 27760 V native-activity: 		EGL_CONFORMANT: 0
04-13 01:14:07.083 27726 27760 V native-activity: 		EGL_CONFIG_CAVEAT: 12369 EGL_NON_CONFORMANT_CONFIG,
04-13 01:14:07.083 27726 27760 V native-activity: 		EGL_RENDERABLE_TYPE: 5 EGL_OPENGL_ES_BIT, EGL_OPENGL_ES2_BIT,
04-13 01:14:07.083 27726 27760 V native-activity: 		EGL_SURFACE_TYPE: 1025 EGL_PBUFFER_BIT, EGL_SWAP_BEHAVIOR_PRESERVED_BIT,
04-13 01:14:07.083 27726 27760 V native-activity: 		EGL_LEVEL: 0
04-13 01:14:07.083 27726 27760 V native-activity: 		EGL_COLOR_BUFFER_TYPE: 12430 EGL_RGB_BUFFER,
04-13 01:14:07.083 27726 27760 V native-activity: 		EGL_BUFFER_SIZE: 16
04-13 01:14:07.083 27726 27760 V native-activity: 		EGL_SAMPLES: 16
04-13 01:14:07.083 27726 27760 V native-activity: 		EGL_SAMPLE_BUFFERS: 1
04-13 01:14:07.083 27726 27760 V native-activity: 		EGL_RED_SIZE: 5
04-13 01:14:07.083 27726 27760 V native-activity: 		EGL_GREEN_SIZE: 5
04-13 01:14:07.083 27726 27760 V native-activity: 		EGL_BLUE_SIZE: 5
04-13 01:14:07.083 27726 27760 V native-activity: 		EGL_ALPHA_SIZE: 1
04-13 01:14:07.083 27726 27760 V native-activity: 		EGL_ALPHA_MASK_SIZE: 0
04-13 01:14:07.083 27726 27760 V native-activity: 		EGL_LUMINANCE_SIZE: 0
04-13 01:14:07.083 27726 27760 V native-activity: 		EGL_TRANSPARENT_TYPE: 12344 EGL_NONE,
04-13 01:14:07.083 27726 27760 V native-activity: 		EGL_TRANSPARENT_RED_VALUE: -1
04-13 01:14:07.083 27726 27760 V native-activity: 		EGL_TRANSPARENT_GREEN_VALUE: -1
04-13 01:14:07.083 27726 27760 V native-activity: 		EGL_TRANSPARENT_BLUE_VALUE: -1
04-13 01:14:07.083 27726 27760 V native-activity: 		EGL_STENCIL_SIZE: 8
04-13 01:14:07.083 27726 27760 V native-activity: 		EGL_DEPTH_SIZE: 24
04-13 01:14:07.083 27726 27760 V native-activity: 		EGL_BIND_TO_TEXTURE_RGB: 1
04-13 01:14:07.083 27726 27760 V native-activity: 		EGL_BIND_TO_TEXTURE_RGBA: 1
04-13 01:14:07.083 27726 27760 V native-activity: 		EGL_MIN_SWAP_INTERVAL: 0
04-13 01:14:07.084 27726 27760 V native-activity: 		EGL_MAX_SWAP_INTERVAL: 10
04-13 01:14:07.084 27726 27760 V native-activity: 		EGL_MAX_PBUFFER_WIDTH: 4096
04-13 01:14:07.084 27726 27760 V native-activity: 		EGL_MAX_PBUFFER_HEIGHT: 4096
04-13 01:14:07.084 27726 27760 D native-activity: 	Config 0x60000007 index 6
04-13 01:14:07.084 27726 27760 V native-activity: 		EGL_CONFIG_ID: 21
04-13 01:14:07.084 27726 27760 V native-activity: 		EGL_CONFORMANT: 0
04-13 01:14:07.084 27726 27760 V native-activity: 		EGL_CONFIG_CAVEAT: 12369 EGL_NON_CONFORMANT_CONFIG,
04-13 01:14:07.084 27726 27760 V native-activity: 		EGL_RENDERABLE_TYPE: 5 EGL_OPENGL_ES_BIT, EGL_OPENGL_ES2_BIT,
04-13 01:14:07.084 27726 27760 V native-activity: 		EGL_SURFACE_TYPE: 1025 EGL_PBUFFER_BIT, EGL_SWAP_BEHAVIOR_PRESERVED_BIT,
04-13 01:14:07.084 27726 27760 V native-activity: 		EGL_LEVEL: 0
04-13 01:14:07.084 27726 27760 V native-activity: 		EGL_COLOR_BUFFER_TYPE: 12430 EGL_RGB_BUFFER,
04-13 01:14:07.084 27726 27760 V native-activity: 		EGL_BUFFER_SIZE: 16
04-13 01:14:07.084 27726 27760 V native-activity: 		EGL_SAMPLES: 0
04-13 01:14:07.084 27726 27760 V native-activity: 		EGL_SAMPLE_BUFFERS: 0
04-13 01:14:07.084 27726 27760 V native-activity: 		EGL_RED_SIZE: 4
04-13 01:14:07.084 27726 27760 V native-activity: 		EGL_GREEN_SIZE: 4
04-13 01:14:07.084 27726 27760 V native-activity: 		EGL_BLUE_SIZE: 4
04-13 01:14:07.084 27726 27760 V native-activity: 		EGL_ALPHA_SIZE: 4
04-13 01:14:07.084 27726 27760 V native-activity: 		EGL_ALPHA_MASK_SIZE: 0
04-13 01:14:07.084 27726 27760 V native-activity: 		EGL_LUMINANCE_SIZE: 0
04-13 01:14:07.084 27726 27760 V native-activity: 		EGL_TRANSPARENT_TYPE: 12344 EGL_NONE,
04-13 01:14:07.084 27726 27760 V native-activity: 		EGL_TRANSPARENT_RED_VALUE: -1
04-13 01:14:07.084 27726 27760 V native-activity: 		EGL_TRANSPARENT_GREEN_VALUE: -1
04-13 01:14:07.084 27726 27760 V native-activity: 		EGL_TRANSPARENT_BLUE_VALUE: -1
04-13 01:14:07.084 27726 27760 V native-activity: 		EGL_STENCIL_SIZE: 8
04-13 01:14:07.084 27726 27760 V native-activity: 		EGL_DEPTH_SIZE: 24
04-13 01:14:07.084 27726 27760 V native-activity: 		EGL_BIND_TO_TEXTURE_RGB: 1
04-13 01:14:07.084 27726 27760 V native-activity: 		EGL_BIND_TO_TEXTURE_RGBA: 1
04-13 01:14:07.084 27726 27760 V native-activity: 		EGL_MIN_SWAP_INTERVAL: 0
04-13 01:14:07.084 27726 27760 V native-activity: 		EGL_MAX_SWAP_INTERVAL: 10
04-13 01:14:07.084 27726 27760 V native-activity: 		EGL_MAX_PBUFFER_WIDTH: 4096
04-13 01:14:07.084 27726 27760 V native-activity: 		EGL_MAX_PBUFFER_HEIGHT: 4096
04-13 01:14:07.084 27726 27760 D native-activity: 	Config 0x60000008 index 7
04-13 01:14:07.084 27726 27760 V native-activity: 		EGL_CONFIG_ID: 22
04-13 01:14:07.084 27726 27760 V native-activity: 		EGL_CONFORMANT: 0
04-13 01:14:07.084 27726 27760 V native-activity: 		EGL_CONFIG_CAVEAT: 12369 EGL_NON_CONFORMANT_CONFIG,
04-13 01:14:07.084 27726 27760 V native-activity: 		EGL_RENDERABLE_TYPE: 5 EGL_OPENGL_ES_BIT, EGL_OPENGL_ES2_BIT,
04-13 01:14:07.084 27726 27760 V native-activity: 		EGL_SURFACE_TYPE: 1025 EGL_PBUFFER_BIT, EGL_SWAP_BEHAVIOR_PRESERVED_BIT,
04-13 01:14:07.084 27726 27760 V native-activity: 		EGL_LEVEL: 0
04-13 01:14:07.086 27726 27760 V native-activity: 		EGL_COLOR_BUFFER_TYPE: 12430 EGL_RGB_BUFFER,
04-13 01:14:07.086 27726 27760 V native-activity: 		EGL_BUFFER_SIZE: 16
04-13 01:14:07.086 27726 27760 V native-activity: 		EGL_SAMPLES: 4
04-13 01:14:07.086 27726 27760 V native-activity: 		EGL_SAMPLE_BUFFERS: 1
04-13 01:14:07.086 27726 27760 V native-activity: 		EGL_RED_SIZE: 4
04-13 01:14:07.086 27726 27760 V native-activity: 		EGL_GREEN_SIZE: 4
04-13 01:14:07.086 27726 27760 V native-activity: 		EGL_BLUE_SIZE: 4
04-13 01:14:07.086 27726 27760 V native-activity: 		EGL_ALPHA_SIZE: 4
04-13 01:14:07.086 27726 27760 V native-activity: 		EGL_ALPHA_MASK_SIZE: 0
04-13 01:14:07.086 27726 27760 V native-activity: 		EGL_LUMINANCE_SIZE: 0
04-13 01:14:07.086 27726 27760 V native-activity: 		EGL_TRANSPARENT_TYPE: 12344 EGL_NONE,
04-13 01:14:07.086 27726 27760 V native-activity: 		EGL_TRANSPARENT_RED_VALUE: -1
04-13 01:14:07.086 27726 27760 V native-activity: 		EGL_TRANSPARENT_GREEN_VALUE: -1
04-13 01:14:07.086 27726 27760 V native-activity: 		EGL_TRANSPARENT_BLUE_VALUE: -1
04-13 01:14:07.086 27726 27760 V native-activity: 		EGL_STENCIL_SIZE: 8
04-13 01:14:07.087 27726 27760 V native-activity: 		EGL_DEPTH_SIZE: 24
04-13 01:14:07.087 27726 27760 V native-activity: 		EGL_BIND_TO_TEXTURE_RGB: 1
04-13 01:14:07.087 27726 27760 V native-activity: 		EGL_BIND_TO_TEXTURE_RGBA: 1
04-13 01:14:07.087 27726 27760 V native-activity: 		EGL_MIN_SWAP_INTERVAL: 0
04-13 01:14:07.087 27726 27760 V native-activity: 		EGL_MAX_SWAP_INTERVAL: 10
04-13 01:14:07.087 27726 27760 V native-activity: 		EGL_MAX_PBUFFER_WIDTH: 4096
04-13 01:14:07.087 27726 27760 V native-activity: 		EGL_MAX_PBUFFER_HEIGHT: 4096
04-13 01:14:07.087 27726 27760 D native-activity: 	Config 0x60000009 index 8
04-13 01:14:07.087 27726 27760 V native-activity: 		EGL_CONFIG_ID: 23
04-13 01:14:07.087 27726 27760 V native-activity: 		EGL_CONFORMANT: 0
04-13 01:14:07.087 27726 27760 V native-activity: 		EGL_CONFIG_CAVEAT: 12369 EGL_NON_CONFORMANT_CONFIG,
04-13 01:14:07.087 27726 27760 V native-activity: 		EGL_RENDERABLE_TYPE: 5 EGL_OPENGL_ES_BIT, EGL_OPENGL_ES2_BIT,
04-13 01:14:07.087 27726 27760 V native-activity: 		EGL_SURFACE_TYPE: 1025 EGL_PBUFFER_BIT, EGL_SWAP_BEHAVIOR_PRESERVED_BIT,
04-13 01:14:07.087 27726 27760 V native-activity: 		EGL_LEVEL: 0
04-13 01:14:07.087 27726 27760 V native-activity: 		EGL_COLOR_BUFFER_TYPE: 12430 EGL_RGB_BUFFER,
04-13 01:14:07.087 27726 27760 V native-activity: 		EGL_BUFFER_SIZE: 16
04-13 01:14:07.087 27726 27760 V native-activity: 		EGL_SAMPLES: 16
04-13 01:14:07.087 27726 27760 V native-activity: 		EGL_SAMPLE_BUFFERS: 1
04-13 01:14:07.088 27726 27760 V native-activity: 		EGL_RED_SIZE: 4
04-13 01:14:07.088 27726 27760 V native-activity: 		EGL_GREEN_SIZE: 4
04-13 01:14:07.088 27726 27760 V native-activity: 		EGL_BLUE_SIZE: 4
04-13 01:14:07.088 27726 27760 V native-activity: 		EGL_ALPHA_SIZE: 4
04-13 01:14:07.088 27726 27760 V native-activity: 		EGL_ALPHA_MASK_SIZE: 0
04-13 01:14:07.088 27726 27760 V native-activity: 		EGL_LUMINANCE_SIZE: 0
04-13 01:14:07.088 27726 27760 V native-activity: 		EGL_TRANSPARENT_TYPE: 12344 EGL_NONE,
04-13 01:14:07.088 27726 27760 V native-activity: 		EGL_TRANSPARENT_RED_VALUE: -1
04-13 01:14:07.088 27726 27760 V native-activity: 		EGL_TRANSPARENT_GREEN_VALUE: -1
04-13 01:14:07.088 27726 27760 V native-activity: 		EGL_TRANSPARENT_BLUE_VALUE: -1
04-13 01:14:07.088 27726 27760 V native-activity: 		EGL_STENCIL_SIZE: 8
04-13 01:14:07.088 27726 27760 V native-activity: 		EGL_DEPTH_SIZE: 24
04-13 01:14:07.088 27726 27760 V native-activity: 		EGL_BIND_TO_TEXTURE_RGB: 1
04-13 01:14:07.088 27726 27760 V native-activity: 		EGL_BIND_TO_TEXTURE_RGBA: 1
04-13 01:14:07.088 27726 27760 V native-activity: 		EGL_MIN_SWAP_INTERVAL: 0
04-13 01:14:07.088 27726 27760 V native-activity: 		EGL_MAX_SWAP_INTERVAL: 10
04-13 01:14:07.088 27726 27760 V native-activity: 		EGL_MAX_PBUFFER_WIDTH: 4096
04-13 01:14:07.088 27726 27760 V native-activity: 		EGL_MAX_PBUFFER_HEIGHT: 4096
04-13 01:14:07.088 27726 27760 D native-activity: 	Config 0x6000000a index 9
04-13 01:14:07.088 27726 27760 V native-activity: 		EGL_CONFIG_ID: 9
04-13 01:14:07.088 27726 27760 V native-activity: 		EGL_CONFORMANT: 5 EGL_OPENGL_ES_BIT, EGL_OPENGL_ES2_BIT,
04-13 01:14:07.088 27726 27760 V native-activity: 		EGL_CONFIG_CAVEAT: 12344 EGL_NONE,
04-13 01:14:07.088 27726 27760 V native-activity: 		EGL_RENDERABLE_TYPE: 5 EGL_OPENGL_ES_BIT, EGL_OPENGL_ES2_BIT,
04-13 01:14:07.088 27726 27760 V native-activity: 		EGL_SURFACE_TYPE: 1031 EGL_PBUFFER_BIT, EGL_PIXMAP_BIT, EGL_SWAP_BEHAVIOR_PRESERVED_BIT, EGL_WINDOW_BIT,
04-13 01:14:07.088 27726 27760 V native-activity: 		EGL_LEVEL: 0
04-13 01:14:07.088 27726 27760 V native-activity: 		EGL_COLOR_BUFFER_TYPE: 12430 EGL_RGB_BUFFER,
04-13 01:14:07.088 27726 27760 V native-activity: 		EGL_BUFFER_SIZE: 32
04-13 01:14:07.088 27726 27760 V native-activity: 		EGL_SAMPLES: 0
04-13 01:14:07.088 27726 27760 V native-activity: 		EGL_SAMPLE_BUFFERS: 0
04-13 01:14:07.088 27726 27760 V native-activity: 		EGL_RED_SIZE: 8
04-13 01:14:07.088 27726 27760 V native-activity: 		EGL_GREEN_SIZE: 8
04-13 01:14:07.088 27726 27760 V native-activity: 		EGL_BLUE_SIZE: 8
04-13 01:14:07.089 27726 27760 V native-activity: 		EGL_ALPHA_SIZE: 8
04-13 01:14:07.089 27726 27760 V native-activity: 		EGL_ALPHA_MASK_SIZE: 0
04-13 01:14:07.089 27726 27760 V native-activity: 		EGL_LUMINANCE_SIZE: 0
04-13 01:14:07.089 27726 27760 V native-activity: 		EGL_TRANSPARENT_TYPE: 12344 EGL_NONE,
04-13 01:14:07.089 27726 27760 V native-activity: 		EGL_TRANSPARENT_RED_VALUE: -1
04-13 01:14:07.089 27726 27760 V native-activity: 		EGL_TRANSPARENT_GREEN_VALUE: -1
04-13 01:14:07.089 27726 27760 V native-activity: 		EGL_TRANSPARENT_BLUE_VALUE: -1
04-13 01:14:07.089 27726 27760 V native-activity: 		EGL_STENCIL_SIZE: 8
04-13 01:14:07.089 27726 27760 V native-activity: 		EGL_DEPTH_SIZE: 24
04-13 01:14:07.089 27726 27760 V native-activity: 		EGL_BIND_TO_TEXTURE_RGB: 1
04-13 01:14:07.089 27726 27760 V native-activity: 		EGL_BIND_TO_TEXTURE_RGBA: 1
04-13 01:14:07.089 27726 27760 V native-activity: 		EGL_MIN_SWAP_INTERVAL: 0
04-13 01:14:07.089 27726 27760 V native-activity: 		EGL_MAX_SWAP_INTERVAL: 10
04-13 01:14:07.089 27726 27760 V native-activity: 		EGL_MAX_PBUFFER_WIDTH: 4096
04-13 01:14:07.089 27726 27760 V native-activity: 		EGL_MAX_PBUFFER_HEIGHT: 4096
04-13 01:14:07.089 27726 27760 D native-activity: 	Config 0x6000000b index 10
04-13 01:14:07.089 27726 27760 V native-activity: 		EGL_CONFIG_ID: 38
04-13 01:14:07.089 27726 27760 V native-activity: 		EGL_CONFORMANT: 5 EGL_OPENGL_ES_BIT, EGL_OPENGL_ES2_BIT,
04-13 01:14:07.089 27726 27760 V native-activity: 		EGL_CONFIG_CAVEAT: 12369 EGL_NON_CONFORMANT_CONFIG,
04-13 01:14:07.089 27726 27760 V native-activity: 		EGL_RENDERABLE_TYPE: 5 EGL_OPENGL_ES_BIT, EGL_OPENGL_ES2_BIT,
04-13 01:14:07.089 27726 27760 V native-activity: 		EGL_SURFACE_TYPE: 1031 EGL_PBUFFER_BIT, EGL_PIXMAP_BIT, EGL_SWAP_BEHAVIOR_PRESERVED_BIT, EGL_WINDOW_BIT,
04-13 01:14:07.089 27726 27760 V native-activity: 		EGL_LEVEL: 0
04-13 01:14:07.089 27726 27760 V native-activity: 		EGL_COLOR_BUFFER_TYPE: 12430 EGL_RGB_BUFFER,
04-13 01:14:07.089 27726 27760 V native-activity: 		EGL_BUFFER_SIZE: 32
04-13 01:14:07.089 27726 27760 V native-activity: 		EGL_SAMPLES: 0
04-13 01:14:07.089 27726 27760 V native-activity: 		EGL_SAMPLE_BUFFERS: 0
04-13 01:14:07.089 27726 27760 V native-activity: 		EGL_RED_SIZE: 8
04-13 01:14:07.089 27726 27760 V native-activity: 		EGL_GREEN_SIZE: 8
04-13 01:14:07.089 27726 27760 V native-activity: 		EGL_BLUE_SIZE: 8
04-13 01:14:07.089 27726 27760 V native-activity: 		EGL_ALPHA_SIZE: 0
04-13 01:14:07.089 27726 27760 V native-activity: 		EGL_ALPHA_MASK_SIZE: 0
04-13 01:14:07.089 27726 27760 V native-activity: 		EGL_LUMINANCE_SIZE: 0
04-13 01:14:07.089 27726 27760 V native-activity: 		EGL_TRANSPARENT_TYPE: 12344 EGL_NONE,
04-13 01:14:07.089 27726 27760 V native-activity: 		EGL_TRANSPARENT_RED_VALUE: -1
04-13 01:14:07.089 27726 27760 V native-activity: 		EGL_TRANSPARENT_GREEN_VALUE: -1
04-13 01:14:07.089 27726 27760 V native-activity: 		EGL_TRANSPARENT_BLUE_VALUE: -1
04-13 01:14:07.089 27726 27760 V native-activity: 		EGL_STENCIL_SIZE: 8
04-13 01:14:07.089 27726 27760 V native-activity: 		EGL_DEPTH_SIZE: 24
04-13 01:14:07.091 27726 27760 V native-activity: 		EGL_BIND_TO_TEXTURE_RGB: 1
04-13 01:14:07.091 27726 27760 V native-activity: 		EGL_BIND_TO_TEXTURE_RGBA: 1
04-13 01:14:07.091 27726 27760 V native-activity: 		EGL_MIN_SWAP_INTERVAL: 0
04-13 01:14:07.091 27726 27760 V native-activity: 		EGL_MAX_SWAP_INTERVAL: 10
04-13 01:14:07.091 27726 27760 V native-activity: 		EGL_MAX_PBUFFER_WIDTH: 4096
04-13 01:14:07.091 27726 27760 V native-activity: 		EGL_MAX_PBUFFER_HEIGHT: 4096
04-13 01:14:07.091 27726 27760 D native-activity: 	Config 0x6000000c index 11
04-13 01:14:07.091 27726 27760 V native-activity: 		EGL_CONFIG_ID: 12
04-13 01:14:07.092 27726 27760 V native-activity: 		EGL_CONFORMANT: 5 EGL_OPENGL_ES_BIT, EGL_OPENGL_ES2_BIT,
04-13 01:14:07.092 27726 27760 V native-activity: 		EGL_CONFIG_CAVEAT: 12344 EGL_NONE,
04-13 01:14:07.092 27726 27760 V native-activity: 		EGL_RENDERABLE_TYPE: 5 EGL_OPENGL_ES_BIT, EGL_OPENGL_ES2_BIT,
04-13 01:14:07.092 27726 27760 V native-activity: 		EGL_SURFACE_TYPE: 1543 EGL_MULTISAMPLE_RESOLVE_BOX_BIT, EGL_PBUFFER_BIT, EGL_PIXMAP_BIT, EGL_SWAP_BEHAVIOR_PRESERVED_BIT, EGL_WINDOW_BIT,
04-13 01:14:07.092 27726 27760 V native-activity: 		EGL_LEVEL: 0
04-13 01:14:07.092 27726 27760 V native-activity: 		EGL_COLOR_BUFFER_TYPE: 12430 EGL_RGB_BUFFER,
04-13 01:14:07.092 27726 27760 V native-activity: 		EGL_BUFFER_SIZE: 32
04-13 01:14:07.092 27726 27760 V native-activity: 		EGL_SAMPLES: 4
04-13 01:14:07.092 27726 27760 V native-activity: 		EGL_SAMPLE_BUFFERS: 1
04-13 01:14:07.092 27726 27760 V native-activity: 		EGL_RED_SIZE: 8
04-13 01:14:07.092 27726 27760 V native-activity: 		EGL_GREEN_SIZE: 8
04-13 01:14:07.092 27726 27760 V native-activity: 		EGL_BLUE_SIZE: 8
04-13 01:14:07.092 27726 27760 V native-activity: 		EGL_ALPHA_SIZE: 8
04-13 01:14:07.092 27726 27760 V native-activity: 		EGL_ALPHA_MASK_SIZE: 0
04-13 01:14:07.092 27726 27760 V native-activity: 		EGL_LUMINANCE_SIZE: 0
04-13 01:14:07.092 27726 27760 V native-activity: 		EGL_TRANSPARENT_TYPE: 12344 EGL_NONE,
04-13 01:14:07.092 27726 27760 V native-activity: 		EGL_TRANSPARENT_RED_VALUE: -1
04-13 01:14:07.092 27726 27760 V native-activity: 		EGL_TRANSPARENT_GREEN_VALUE: -1
04-13 01:14:07.092 27726 27760 V native-activity: 		EGL_TRANSPARENT_BLUE_VALUE: -1
04-13 01:14:07.092 27726 27760 V native-activity: 		EGL_STENCIL_SIZE: 8
04-13 01:14:07.092 27726 27760 V native-activity: 		EGL_DEPTH_SIZE: 24
04-13 01:14:07.092 27726 27760 V native-activity: 		EGL_BIND_TO_TEXTURE_RGB: 1
04-13 01:14:07.092 27726 27760 V native-activity: 		EGL_BIND_TO_TEXTURE_RGBA: 1
04-13 01:14:07.092 27726 27760 V native-activity: 		EGL_MIN_SWAP_INTERVAL: 0
04-13 01:14:07.092 27726 27760 V native-activity: 		EGL_MAX_SWAP_INTERVAL: 10
04-13 01:14:07.092 27726 27760 V native-activity: 		EGL_MAX_PBUFFER_WIDTH: 4096
04-13 01:14:07.092 27726 27760 V native-activity: 		EGL_MAX_PBUFFER_HEIGHT: 4096
04-13 01:14:07.092 27726 27760 D native-activity: 	Config 0x6000000d index 12
04-13 01:14:07.093   917   943 I Vlog    : Fluidity:cold_launch_time:fgtracking=false;DV;1,key=com.example.sonicdash_stage1/android.app.NativeActivity;DV;1,Timer=150.0;TI;1,unit=ms;DV;1:HI
04-13 01:14:07.093   917   943 I ActivityManager: Displayed com.example.sonicdash_stage1/android.app.NativeActivity: +150ms
04-13 01:14:07.092 27726 27760 V native-activity: 		EGL_CONFIG_ID: 15
04-13 01:14:07.093 27726 27760 V native-activity: 		EGL_CONFORMANT: 0
04-13 01:14:07.093 27726 27760 V native-activity: 		EGL_CONFIG_CAVEAT: 12369 EGL_NON_CONFORMANT_CONFIG,
04-13 01:14:07.093 27726 27760 V native-activity: 		EGL_RENDERABLE_TYPE: 5 EGL_OPENGL_ES_BIT, EGL_OPENGL_ES2_BIT,
04-13 01:14:07.093 27726 27760 V native-activity: 		EGL_SURFACE_TYPE: 1543 EGL_MULTISAMPLE_RESOLVE_BOX_BIT, EGL_PBUFFER_BIT, EGL_PIXMAP_BIT, EGL_SWAP_BEHAVIOR_PRESERVED_BIT, EGL_WINDOW_BIT,
04-13 01:14:07.093 27726 27760 V native-activity: 		EGL_LEVEL: 0
04-13 01:14:07.093 27726 27760 V native-activity: 		EGL_COLOR_BUFFER_TYPE: 12430 EGL_RGB_BUFFER,
04-13 01:14:07.093 27726 27760 V native-activity: 		EGL_BUFFER_SIZE: 32
04-13 01:14:07.093 27726 27760 V native-activity: 		EGL_SAMPLES: 16
04-13 01:14:07.093 27726 27760 V native-activity: 		EGL_SAMPLE_BUFFERS: 1
04-13 01:14:07.093 27726 27760 V native-activity: 		EGL_RED_SIZE: 8
04-13 01:14:07.093 27726 27760 V native-activity: 		EGL_GREEN_SIZE: 8
04-13 01:14:07.093 27726 27760 V native-activity: 		EGL_BLUE_SIZE: 8
04-13 01:14:07.093 27726 27760 V native-activity: 		EGL_ALPHA_SIZE: 8
04-13 01:14:07.093 27726 27760 V native-activity: 		EGL_ALPHA_MASK_SIZE: 0
04-13 01:14:07.093 27726 27760 V native-activity: 		EGL_LUMINANCE_SIZE: 0
04-13 01:14:07.093 27726 27760 V native-activity: 		EGL_TRANSPARENT_TYPE: 12344 EGL_NONE,
04-13 01:14:07.093 27726 27760 V native-activity: 		EGL_TRANSPARENT_RED_VALUE: -1
04-13 01:14:07.094 27726 27760 V native-activity: 		EGL_TRANSPARENT_GREEN_VALUE: -1
04-13 01:14:07.094 27726 27760 V native-activity: 		EGL_TRANSPARENT_BLUE_VALUE: -1
04-13 01:14:07.094 27726 27760 V native-activity: 		EGL_STENCIL_SIZE: 8
04-13 01:14:07.094 27726 27760 V native-activity: 		EGL_DEPTH_SIZE: 24
04-13 01:14:07.094 27726 27760 V native-activity: 		EGL_BIND_TO_TEXTURE_RGB: 1
04-13 01:14:07.094 27726 27760 V native-activity: 		EGL_BIND_TO_TEXTURE_RGBA: 1
04-13 01:14:07.094 27726 27760 V native-activity: 		EGL_MIN_SWAP_INTERVAL: 0
04-13 01:14:07.094 27726 27760 V native-activity: 		EGL_MAX_SWAP_INTERVAL: 10
04-13 01:14:07.094 27726 27760 V native-activity: 		EGL_MAX_PBUFFER_WIDTH: 4096
04-13 01:14:07.094 27726 27760 V native-activity: 		EGL_MAX_PBUFFER_HEIGHT: 4096
