04-13 01:15:18.651 27815 27848 I native-activity: Animating
04-13 01:15:18.687 27815 27848 I native-activity: Frame 751 GL error is 0x0
04-13 01:15:18.687 27815 27848 I native-activity: Frame 751 time is 35.803ms
04-13 01:15:18.749 27815 27848 I native-activity: Swap 751 time is 97.491ms
04-13 01:15:18.749 27815 27848 I native-activity: Animating
04-13 01:15:18.774 27815 27848 I native-activity: Frame 752 GL error is 0x0
04-13 01:15:18.774 27815 27848 I native-activity: Frame 752 time is 25.286ms
04-13 01:15:18.859 27815 27848 I native-activity: Swap 752 time is 110.000ms
04-13 01:15:18.859 27815 27848 I native-activity: Animating
04-13 01:15:18.881 27815 27848 I native-activity: Frame 753 GL error is 0x0
04-13 01:15:18.881 27815 27848 I native-activity: Frame 753 time is 21.442ms
04-13 01:15:18.958 27815 27848 I native-activity: Swap 753 time is 98.284ms
04-13 01:15:18.959 27815 27848 I native-activity: Animating
04-13 01:15:18.978 27815 27848 I native-activity: Frame 754 GL error is 0x0
04-13 01:15:18.979 27815 27848 I native-activity: Frame 754 time is 19.920ms
04-13 01:15:19.056 27815 27848 I native-activity: Swap 754 time is 97.637ms
04-13 01:15:19.057 27815 27848 I native-activity: Animating
04-13 01:15:19.075 27815 27848 I native-activity: Frame 755 GL error is 0x0
04-13 01:15:19.075 27815 27848 I native-activity: Frame 755 time is 18.625ms
04-13 01:15:19.154 27815 27848 I native-activity: Swap 755 time is 97.527ms
04-13 01:15:19.154 27815 27848 I native-activity: Animating
04-13 01:15:19.172 27815 27848 I native-activity: Frame 756 GL error is 0x0
04-13 01:15:19.173 27815 27848 I native-activity: Frame 756 time is 18.116ms
04-13 01:15:19.251 27815 27848 I native-activity: Swap 756 time is 96.967ms
04-13 01:15:19.252 27815 27848 I native-activity: Animating
04-13 01:15:19.271 27815 27848 I native-activity: Frame 757 GL error is 0x0
04-13 01:15:19.271 27815 27848 I native-activity: Frame 757 time is 19.315ms
04-13 01:15:19.349 27815 27848 I native-activity: Swap 757 time is 96.955ms
04-13 01:15:19.349 27815 27848 I native-activity: Animating
04-13 01:15:19.340    82    82 I Kernel  : [47358.016280].(0)[82:mtk charger_hv_]charging_reset_watch_dog_timer
04-13 01:15:19.340    82    82 I Kernel  : [47358.017232].(0)[82:mtk charger_hv_]array_size = 16 
04-13 01:15:19.368 27815 27848 I native-activity: Frame 758 GL error is 0x0
04-13 01:15:19.368 27815 27848 I native-activity: Frame 758 time is 18.955ms
04-13 01:15:19.447 27815 27848 I native-activity: Swap 758 time is 97.771ms
04-13 01:15:19.447 27815 27848 I native-activity: Animating
04-13 01:15:19.465 27815 27848 I native-activity: Frame 759 GL error is 0x0
04-13 01:15:19.465 27815 27848 I native-activity: Frame 759 time is 18.158ms
04-13 01:15:19.547 27815 27848 I native-activity: Swap 759 time is 99.670ms
04-13 01:15:19.547 27815 27848 I native-activity: Animating
04-13 01:15:19.567 27815 27848 I native-activity: Frame 760 GL error is 0x0
04-13 01:15:19.567 27815 27848 I native-activity: Frame 760 time is 19.549ms
04-13 01:15:19.647 27815 27848 I native-activity: Swap 760 time is 100.127ms
04-13 01:15:19.648 27815 27848 I native-activity: Animating
04-13 01:15:19.680 27815 27848 I native-activity: Frame 761 GL error is 0x0
04-13 01:15:19.680 27815 27848 I native-activity: Frame 761 time is 32.394ms
04-13 01:15:19.700     0     0 I Kernel  : [47358.371890]-(0)[0:swapper/0]dpi vsync
04-13 01:15:19.741 27815 27848 I native-activity: Swap 761 time is 92.873ms
04-13 01:15:19.741 27815 27848 I native-activity: Animating
04-13 01:15:19.785 27815 27848 I native-activity: Frame 762 GL error is 0x0
04-13 01:15:19.785 27815 27848 I native-activity: Frame 762 time is 44.308ms
04-13 01:15:19.848 27815 27848 I native-activity: Swap 762 time is 106.821ms
04-13 01:15:19.848 27815 27848 I native-activity: Animating
04-13 01:15:19.870 27815 27848 I native-activity: Frame 763 GL error is 0x0
04-13 01:15:19.870 27815 27848 I native-activity: Frame 763 time is 22.001ms
04-13 01:15:19.949 27815 27848 I native-activity: Swap 763 time is 100.554ms
04-13 01:15:19.951 27815 27848 I native-activity: Animating
04-13 01:15:19.975 27815 27848 I native-activity: Frame 764 GL error is 0x0
04-13 01:15:19.975 27815 27848 I native-activity: Frame 764 time is 24.168ms
04-13 01:15:20.050 27815 27848 I native-activity: Swap 764 time is 98.462ms
04-13 01:15:20.050 27815 27848 I native-activity: Animating
04-13 01:15:20.082 27815 27848 I native-activity: Frame 765 GL error is 0x0
04-13 01:15:20.082 27815 27848 I native-activity: Frame 765 time is 31.922ms
04-13 01:15:20.149 27815 27848 I native-activity: Swap 765 time is 98.803ms
04-13 01:15:20.149 27815 27848 I native-activity: Animating
04-13 01:15:20.178 27815 27848 I native-activity: Frame 766 GL error is 0x0
04-13 01:15:20.178 27815 27848 I native-activity: Frame 766 time is 29.036ms
04-13 01:15:20.248 27815 27848 I native-activity: Swap 766 time is 98.604ms
04-13 01:15:20.248 27815 27848 I native-activity: Animating
04-13 01:15:20.274 27815 27848 I native-activity: Frame 767 GL error is 0x0
04-13 01:15:20.274 27815 27848 I native-activity: Frame 767 time is 26.142ms
04-13 01:15:20.290  2159  2159 I Kernel  : [47358.962967].(0)[2159:wpa_supplicant]poorlink get state G(363229)F(49)dbad(0)dretry(0)LT(810)RT(-74)W(0)(12877)
04-13 01:15:20.290  2137  2137 I Kernel  : [47358.963084][wlan] nicTxReleaseResource: (TX STATE)
04-13 01:15:20.290  2137  2137 I Kernel  : Release: TC4 count 1, Free=4; TC5 count 0, Free=4
04-13 01:15:20.349 27815 27848 I native-activity: Swap 767 time is 100.650ms
04-13 01:15:20.350 27815 27848 I native-activity: Animating
04-13 01:15:20.340    82    82 I Kernel  : [47359.017356].(0)[82:mtk charger_hv_]charging_reset_watch_dog_timer
04-13 01:15:20.340    82    82 I Kernel  : [47359.018299].(0)[82:mtk charger_hv_]array_size = 16 
04-13 01:15:20.376 27815 27848 I native-activity: Frame 768 GL error is 0x0
04-13 01:15:20.376 27815 27848 I native-activity: Frame 768 time is 26.348ms
04-13 01:15:20.451 27815 27848 I native-activity: Swap 768 time is 101.443ms
04-13 01:15:20.452 27815 27848 I native-activity: Animating
04-13 01:15:20.478 27815 27848 I native-activity: Frame 769 GL error is 0x0
04-13 01:15:20.478 27815 27848 I native-activity: Frame 769 time is 25.823ms
04-13 01:15:20.555 27815 27848 I native-activity: Swap 769 time is 103.011ms
04-13 01:15:20.555 27815 27848 I native-activity: Animating
04-13 01:15:20.579 27815 27848 I native-activity: Frame 770 GL error is 0x0
04-13 01:15:20.580 27815 27848 I native-activity: Frame 770 time is 24.339ms
04-13 01:15:20.657 27815 27848 I native-activity: Swap 770 time is 102.021ms
04-13 01:15:20.657 27815 27848 I native-activity: Animating
04-13 01:15:20.690 27815 27848 I native-activity: Frame 771 GL error is 0x0
04-13 01:15:20.690 27815 27848 I native-activity: Frame 771 time is 32.012ms
04-13 01:15:20.758 27815 27848 I native-activity: Swap 771 time is 100.548ms
04-13 01:15:20.759 27815 27848 I native-activity: Animating
04-13 01:15:20.783 27815 27848 I native-activity: Frame 772 GL error is 0x0
04-13 01:15:20.783 27815 27848 I native-activity: Frame 772 time is 24.566ms
04-13 01:15:20.858 27815 27848 I native-activity: Swap 772 time is 99.531ms
04-13 01:15:20.858 27815 27848 I native-activity: Animating
04-13 01:15:20.882 27815 27848 I native-activity: Frame 773 GL error is 0x0
04-13 01:15:20.882 27815 27848 I native-activity: Frame 773 time is 23.578ms
04-13 01:15:20.957 27815 27848 I native-activity: Swap 773 time is 98.134ms
04-13 01:15:20.957 27815 27848 I native-activity: Animating
04-13 01:15:20.987 27815 27848 I native-activity: Frame 774 GL error is 0x0
04-13 01:15:20.987 27815 27848 I native-activity: Frame 774 time is 29.934ms
04-13 01:15:21.054 27815 27848 I native-activity: Swap 774 time is 96.806ms
04-13 01:15:21.055 27815 27848 I native-activity: Animating
04-13 01:15:21.083 27815 27848 I native-activity: Frame 775 GL error is 0x0
04-13 01:15:21.083 27815 27848 I native-activity: Frame 775 time is 28.025ms
04-13 01:15:21.153 27815 27848 I native-activity: Swap 775 time is 97.723ms
04-13 01:15:21.153 27815 27848 I native-activity: Animating
04-13 01:15:21.175 27815 27848 I native-activity: Frame 776 GL error is 0x0
04-13 01:15:21.176 27815 27848 I native-activity: Frame 776 time is 22.180ms
04-13 01:15:21.245 27815 27848 I native-activity: Swap 776 time is 91.159ms
04-13 01:15:21.245 27815 27848 I native-activity: Animating
04-13 01:15:21.266 27815 27848 I native-activity: Frame 777 GL error is 0x0
04-13 01:15:21.266 27815 27848 I native-activity: Frame 777 time is 21.503ms
04-13 01:15:21.351 27815 27848 I native-activity: Swap 777 time is 105.651ms
04-13 01:15:21.352 27815 27848 I native-activity: Animating
04-13 01:15:21.340    82    82 I Kernel  : [47360.018492].(0)[82:mtk charger_hv_]charging_reset_watch_dog_timer
04-13 01:15:21.340    82    82 I Kernel  : [47360.020733].(0)[82:mtk charger_hv_]array_size = 16 
04-13 01:15:21.371 27815 27848 I native-activity: Frame 778 GL error is 0x0
04-13 01:15:21.371 27815 27848 I native-activity: Frame 778 time is 19.377ms
04-13 01:15:21.444 27815 27848 I native-activity: Swap 778 time is 91.875ms
04-13 01:15:21.444 27815 27848 I native-activity: Animating
04-13 01:15:21.464 27815 27848 I native-activity: Frame 779 GL error is 0x0
04-13 01:15:21.464 27815 27848 I native-activity: Frame 779 time is 19.680ms
04-13 01:15:21.551 27815 27848 I native-activity: Swap 779 time is 106.776ms
04-13 01:15:21.551 27815 27848 I native-activity: Animating
04-13 01:15:21.573 27815 27848 I native-activity: Frame 780 GL error is 0x0
04-13 01:15:21.573 27815 27848 I native-activity: Frame 780 time is 21.988ms
04-13 01:15:21.647 27815 27848 I native-activity: Swap 780 time is 96.017ms
04-13 01:15:21.647 27815 27848 I native-activity: Animating
04-13 01:15:21.683 27815 27848 I native-activity: Frame 781 GL error is 0x501
04-13 01:15:21.683 27815 27848 I native-activity: Frame 781 time is 35.504ms
04-13 01:15:21.747 27815 27848 I native-activity: Swap 781 time is 99.687ms
04-13 01:15:21.748 27815 27848 I native-activity: Animating
04-13 01:15:21.730     0     0 I Kernel  : [47360.404054]-(0)[0:swapper/0]dpi vsync
04-13 01:15:21.780 27815 27848 I native-activity: Frame 782 GL error is 0x0
04-13 01:15:21.781 27815 27848 I native-activity: Frame 782 time is 32.993ms
04-13 01:15:21.847 27815 27848 I native-activity: Swap 782 time is 99.532ms
04-13 01:15:21.847 27815 27848 I native-activity: Animating
04-13 01:15:21.873 27815 27848 I native-activity: Frame 783 GL error is 0x0
04-13 01:15:21.873 27815 27848 I native-activity: Frame 783 time is 25.605ms
04-13 01:15:21.946 27815 27848 I native-activity: Swap 783 time is 99.019ms
04-13 01:15:21.947 27815 27848 I native-activity: Animating
04-13 01:15:21.972 27815 27848 I native-activity: Frame 784 GL error is 0x0
04-13 01:15:21.972 27815 27848 I native-activity: Frame 784 time is 25.285ms
04-13 01:15:22.047 27815 27848 I native-activity: Swap 784 time is 100.628ms
04-13 01:15:22.048 27815 27848 I native-activity: Animating
04-13 01:15:22.078 27815 27848 I native-activity: Frame 785 GL error is 0x0
04-13 01:15:22.078 27815 27848 I native-activity: Frame 785 time is 30.599ms
04-13 01:15:22.148 27815 27848 I native-activity: Swap 785 time is 100.114ms
04-13 01:15:22.148 27815 27848 I native-activity: Animating
04-13 01:15:22.179 27815 27848 I native-activity: Frame 786 GL error is 0x0
04-13 01:15:22.179 27815 27848 I native-activity: Frame 786 time is 31.099ms
04-13 01:15:22.251 27815 27848 I native-activity: Swap 786 time is 102.336ms
04-13 01:15:22.252 27815 27848 I native-activity: Animating
04-13 01:15:22.273 27815 27848 I native-activity: Frame 787 GL error is 0x0
04-13 01:15:22.273 27815 27848 I native-activity: Frame 787 time is 21.024ms
04-13 01:15:22.349 27815 27848 I native-activity: Swap 787 time is 97.343ms
04-13 01:15:22.350 27815 27848 I native-activity: Animating
04-13 01:15:22.340    82    82 I Kernel  : [47361.021167].(0)[82:mtk charger_hv_]charging_reset_watch_dog_timer
04-13 01:15:22.350    82    82 I Kernel  : [47361.024038].(0)[82:mtk charger_hv_]array_size = 16 
04-13 01:15:22.382 27815 27848 I native-activity: Frame 788 GL error is 0x0
04-13 01:15:22.382 27815 27848 I native-activity: Frame 788 time is 31.458ms
04-13 01:15:22.448 27815 27848 I native-activity: Swap 788 time is 96.910ms
04-13 01:15:22.448 27815 27848 I native-activity: Animating
04-13 01:15:22.471 27815 27848 I native-activity: Frame 789 GL error is 0x0
04-13 01:15:22.471 27815 27848 I native-activity: Frame 789 time is 23.427ms
04-13 01:15:22.548 27815 27848 I native-activity: Swap 789 time is 99.849ms
04-13 01:15:22.548 27815 27848 I native-activity: Animating
04-13 01:15:22.571 27815 27848 I native-activity: Frame 790 GL error is 0x0
04-13 01:15:22.571 27815 27848 I native-activity: Frame 790 time is 23.215ms
04-13 01:15:22.645 27815 27848 I native-activity: Swap 790 time is 96.960ms
04-13 01:15:22.645 27815 27848 I native-activity: Animating
04-13 01:15:22.662 27815 27848 I native-activity: Frame 791 GL error is 0x0
04-13 01:15:22.662 27815 27848 I native-activity: Frame 791 time is 15.981ms
04-13 01:15:22.740 27815 27848 I native-activity: Swap 791 time is 93.633ms
04-13 01:15:22.740 27815 27848 I native-activity: Animating
04-13 01:15:22.758 27815 27848 I native-activity: Frame 792 GL error is 0x0
04-13 01:15:22.758 27815 27848 I native-activity: Frame 792 time is 17.889ms
04-13 01:15:22.846 27815 27848 I native-activity: Swap 792 time is 105.531ms
04-13 01:15:22.846 27815 27848 I native-activity: Animating
04-13 01:15:22.861 27815 27848 I native-activity: Frame 793 GL error is 0x0
04-13 01:15:22.862 27815 27848 I native-activity: Frame 793 time is 15.644ms
04-13 01:15:22.939 27815 27848 I native-activity: Swap 793 time is 92.761ms
04-13 01:15:22.939 27815 27848 I native-activity: Animating
04-13 01:15:22.959 27815 27848 I native-activity: Frame 794 GL error is 0x0
04-13 01:15:22.959 27815 27848 I native-activity: Frame 794 time is 19.730ms
04-13 01:15:22.940    81    81 I Kernel  : [47361.611853].(0)[81:bat_thread_kthr][BAT_thread]Cable in, CHR_Type_num=2
04-13 01:15:22.950    81    81 I Kernel  : [47361.626626].(0)[81:bat_thread_kthr]AvgVbat=(4197),bat_vol=(4188),AvgI=(0),I=(0),VChr=(4664),AvgT=(24),T=(25),pre_SOC=(100),SOC=(100),ZCV=(4045)
04-13 01:15:22.950    81    81 I Kernel  : [47361.626815].(0)[81:bat_thread_kthr][BATTERY] support JEITA, temperature=24
04-13 01:15:22.950    81    81 I Kernel  : [47361.626843][BATTERY] Battery Normal Temperature between 10 and 45 !!
04-13 01:15:22.950    81    81 I Kernel  : [47361.626873].(0)[81:bat_thread_kthr]array_size = 51 
04-13 01:15:22.950    81    81 I Kernel  : [47361.627769].(0)[81:bat_thread_kthr]charging_reset_watch_dog_timer
04-13 01:15:22.950    81    81 I Kernel  : [47361.628639][BATTERY] Battery full !!
04-13 01:15:22.950    81    81 I Kernel  : [47361.629165].(0)[81:bat_thread_kthr]charging_dump_register
04-13 01:15:22.950    81    81 I Kernel  : [47361.629694].(0)[81:bat_thread_kthr][bq24296_dump_register] Reg[0x0]=0x45
04-13 01:15:22.950    81    81 I Kernel  : [47361.630234].(0)[81:bat_thread_kthr][bq24296_dump_register] Reg[0x1]=0x1B
04-13 01:15:22.950    81    81 I Kernel  : [47361.630764].(0)[81:bat_thread_kthr][bq24296_dump_register] Reg[0x2]=0x3C
04-13 01:15:22.950    81    81 I Kernel  : [47361.631288].(0)[81:bat_thread_kthr][bq24296_dump_register] Reg[0x3]=0x30
04-13 01:15:22.960    81    81 I Kernel  : [47361.634296].(0)[81:bat_thread_kthr][bq24296_dump_register] Reg[0x4]=0xB2
04-13 01:15:22.960    81    81 I Kernel  : [47361.635832].(0)[81:bat_thread_kthr][bq24296_dump_register] Reg[0x5]=0x94
04-13 01:15:22.960    81    81 I Kernel  : [47361.636365].(0)[81:bat_thread_kthr][bq24296_dump_register] Reg[0x6]=0x73
04-13 01:15:22.960    81    81 I Kernel  : [47361.636890].(0)[81:bat_thread_kthr][bq24296_dump_register] Reg[0x7]=0x48
04-13 01:15:22.960    81    81 I Kernel  : [47361.637414].(0)[81:bat_thread_kthr][bq24296_dump_register] Reg[0x8]=0x74
04-13 01:15:22.960    81    81 I Kernel  : [47361.637937].(0)[81:bat_thread_kthr][bq24296_dump_register] Reg[0x9]=0x0
04-13 01:15:22.960    81    81 I Kernel  : [47361.638461].(0)[81:bat_thread_kthr][bq24296_dump_register] Reg[0xA]=0x20
04-13 01:15:22.960    81    81 I Kernel  : [47361.639483].(0)[81:bat_thread_kthr][100percent], UI_SOC(100), reset(0)
04-13 01:15:22.960    81    81 I Kernel  : [47361.639513].(0)[81:bat_thread_kthr]UI_SOC=(100), resetBatteryMeter=(0)
04-13 01:15:22.960    81    81 I Kernel  : [47361.639748].(0)[81:bat_thread_kthr][mt_kpoc_power_off_check] , chr_vol=4664, boot_mode=0
04-13 01:15:22.981   143   315 I hwcomposer: [DPY] UEventThread::threadLoop recv change@/devices/platform/battery/power_supply/battery
04-13 01:15:22.970   139   139 I Kernel  : [47361.642108].(0)[139:healthd]healthd: battery l=100 v=4197 t=24.0 h=2 st=5 chg=u
04-13 01:15:22.991  1787  1787 D KeyguardUpdateMonitor: handleBatteryUpdate
04-13 01:15:23.045 27815 27848 I native-activity: Swap 794 time is 106.363ms
04-13 01:15:23.046 27815 27848 I native-activity: Animating
04-13 01:15:23.062 27815 27848 I native-activity: Frame 795 GL error is 0x0
04-13 01:15:23.062 27815 27848 I native-activity: Frame 795 time is 15.846ms
04-13 01:15:23.140 27815 27848 I native-activity: Swap 795 time is 94.364ms
04-13 01:15:23.140 27815 27848 I native-activity: Animating
04-13 01:15:23.159 27815 27848 I native-activity: Frame 796 GL error is 0x0
04-13 01:15:23.159 27815 27848 I native-activity: Frame 796 time is 18.645ms
04-13 01:15:23.248 27815 27848 I native-activity: Swap 796 time is 107.674ms
04-13 01:15:23.249 27815 27848 I native-activity: Animating
04-13 01:15:23.265 27815 27848 I native-activity: Frame 797 GL error is 0x0
04-13 01:15:23.265 27815 27848 I native-activity: Frame 797 time is 16.636ms
04-13 01:15:23.310  2137  2137 I Kernel  : [47361.982988][wlan] nicTxReleaseResource: (TX STATE)
04-13 01:15:23.310  2137  2137 I Kernel  : Release: TC4 count 1, Free=4; TC5 count 0, Free=4
04-13 01:15:23.310  2159  2159 I Kernel  : [47361.983949].(0)[2159:wpa_supplicant]poorlink get state G(363229)F(49)dbad(0)dretry(0)LT(810)RT(-73)W(0)(12878)
04-13 01:15:23.310  2137  2137 I Kernel  : [47361.984438][wlan] nicTxReleaseResource: (TX STATE)
04-13 01:15:23.310  2137  2137 I Kernel  : Release: TC4 count 1, Free=4; TC5 count 0, Free=4
04-13 01:15:23.348 27815 27848 I native-activity: Swap 797 time is 99.042ms
04-13 01:15:23.348 27815 27848 I native-activity: Animating
04-13 01:15:23.350    82    82 I Kernel  : [47362.024137].(0)[82:mtk charger_hv_]charging_reset_watch_dog_timer
04-13 01:15:23.350    82    82 I Kernel  : [47362.025055].(0)[82:mtk charger_hv_]array_size = 16 
04-13 01:15:23.371 27815 27848 I native-activity: Frame 798 GL error is 0x0
04-13 01:15:23.371 27815 27848 I native-activity: Frame 798 time is 22.681ms
04-13 01:15:23.448 27815 27848 I native-activity: Swap 798 time is 99.991ms
04-13 01:15:23.449 27815 27848 I native-activity: Animating
04-13 01:15:23.470 27815 27848 I native-activity: Frame 799 GL error is 0x0
04-13 01:15:23.470 27815 27848 I native-activity: Frame 799 time is 20.809ms
04-13 01:15:23.548 27815 27848 I native-activity: Swap 799 time is 99.087ms
04-13 01:15:23.548 27815 27848 I native-activity: Animating
04-13 01:15:23.569 27815 27848 I native-activity: Frame 800 GL error is 0x0
04-13 01:15:23.570 27815 27848 I native-activity: Frame 800 time is 21.239ms
04-13 01:15:23.647 27815 27848 I native-activity: Swap 800 time is 98.672ms
04-13 01:15:23.647 27815 27848 I native-activity: Animating
04-13 01:15:23.664 27815 27848 I native-activity: Frame 801 GL error is 0x0
04-13 01:15:23.664 27815 27848 I native-activity: Frame 801 time is 16.652ms
04-13 01:15:23.677  1787  1787 I AmazonLocationController: onWifiSignalChanged : connected : true
04-13 01:15:23.749 27815 27848 I native-activity: Swap 801 time is 101.933ms
04-13 01:15:23.750 27815 27848 I native-activity: Animating
04-13 01:15:23.771 27815 27848 I native-activity: Frame 802 GL error is 0x0
04-13 01:15:23.771 27815 27848 I native-activity: Frame 802 time is 21.587ms
04-13 01:15:23.760     0     0 I Kernel  : [47362.436241]-(0)[0:swapper/0]dpi vsync
04-13 01:15:23.843 27815 27848 I native-activity: Swap 802 time is 92.996ms
04-13 01:15:23.843 27815 27848 I native-activity: Animating
04-13 01:15:23.859 27815 27848 I native-activity: Frame 803 GL error is 0x0
04-13 01:15:23.859 27815 27848 I native-activity: Frame 803 time is 15.806ms
04-13 01:15:23.954 27815 27848 I native-activity: Swap 803 time is 110.513ms
04-13 01:15:23.954 27815 27848 I native-activity: Animating
04-13 01:15:23.968 27815 27848 I native-activity: Frame 804 GL error is 0x0
04-13 01:15:23.969 27815 27848 I native-activity: Frame 804 time is 14.493ms
04-13 01:15:24.054 27815 27848 I native-activity: Swap 804 time is 100.283ms
04-13 01:15:24.055 27815 27848 I native-activity: Animating
04-13 01:15:24.074 27815 27848 I native-activity: Frame 805 GL error is 0x0
04-13 01:15:24.074 27815 27848 I native-activity: Frame 805 time is 19.838ms
04-13 01:15:24.155 27815 27848 I native-activity: Swap 805 time is 99.914ms
04-13 01:15:24.155 27815 27848 I native-activity: Animating
04-13 01:15:24.171 27815 27848 I native-activity: Frame 806 GL error is 0x0
04-13 01:15:24.172 27815 27848 I native-activity: Frame 806 time is 16.625ms
04-13 01:15:24.160 24946 24946 I Kernel  : [47362.831741].(0)[24946:kworker/0:1]virtual_sensor_thermal_get_temp mtktsbattery t=24000 a=7 o=-9500 w=437
04-13 01:15:24.160 24946 24946 I Kernel  : [47362.831832].(0)[24946:kworker/0:1]virtual_sensor_thermal_get_temp mtkts_bts t=29000 a=15 o=-1000 w=113
04-13 01:15:24.160 24946 24946 I Kernel  : [47362.832254].(0)[24946:kworker/0:1]virtual_sensor_thermal_get_temp mtktspmic t=44628 a=4 o=18000 w=450
04-13 01:15:24.160 24946 24946 I Kernel  : [47362.832298].(0)[24946:kworker/0:1]virtual_sensor_thermal_get_temp mtktswmt t=31000 a=1000 o=-5000 w=0
04-13 01:15:24.257 27815 27848 I native-activity: Swap 806 time is 102.052ms
04-13 01:15:24.257 27815 27848 I native-activity: Animating
04-13 01:15:24.273 27815 27848 I native-activity: Frame 807 GL error is 0x0
04-13 01:15:24.273 27815 27848 I native-activity: Frame 807 time is 15.377ms
04-13 01:15:24.356 27815 27848 I native-activity: Swap 807 time is 98.355ms
04-13 01:15:24.357 27815 27848 I native-activity: Animating
04-13 01:15:24.350    82    82 I Kernel  : [47363.025193].(0)[82:mtk charger_hv_]charging_reset_watch_dog_timer
04-13 01:15:24.350    82    82 I Kernel  : [47363.026257].(0)[82:mtk charger_hv_]array_size = 16 
04-13 01:15:24.378 27815 27848 I native-activity: Frame 808 GL error is 0x0
04-13 01:15:24.378 27815 27848 I native-activity: Frame 808 time is 21.689ms
04-13 01:15:24.454 27815 27848 I native-activity: Swap 808 time is 97.150ms
04-13 01:15:24.454 27815 27848 I native-activity: Animating
04-13 01:15:24.468 27815 27848 I native-activity: Frame 809 GL error is 0x0
04-13 01:15:24.468 27815 27848 I native-activity: Frame 809 time is 14.322ms
04-13 01:15:24.555 27815 27848 I native-activity: Swap 809 time is 100.643ms
04-13 01:15:24.555 27815 27848 I native-activity: Animating
04-13 01:15:24.573 27815 27848 I native-activity: Frame 810 GL error is 0x0
04-13 01:15:24.573 27815 27848 I native-activity: Frame 810 time is 17.987ms
04-13 01:15:24.651 27815 27848 I native-activity: Swap 810 time is 96.168ms
04-13 01:15:24.652 27815 27848 I native-activity: Animating
04-13 01:15:24.666 27815 27848 I native-activity: Frame 811 GL error is 0x0
04-13 01:15:24.666 27815 27848 I native-activity: Frame 811 time is 14.835ms
04-13 01:15:24.679  1787  1787 I AmazonLocationController: onWifiSignalChanged : connected : true
04-13 01:15:24.749 27815 27848 I native-activity: Swap 811 time is 97.055ms
04-13 01:15:24.749 27815 27848 I native-activity: Animating
04-13 01:15:24.769 27815 27848 I native-activity: Frame 812 GL error is 0x0
04-13 01:15:24.770 27815 27848 I native-activity: Frame 812 time is 20.505ms
04-13 01:15:24.839 27815 27848 I native-activity: Swap 812 time is 89.932ms
04-13 01:15:24.839 27815 27848 I native-activity: Animating
04-13 01:15:24.860 27815 27848 I native-activity: Frame 813 GL error is 0x0
04-13 01:15:24.860 27815 27848 I native-activity: Frame 813 time is 20.349ms
04-13 01:15:24.944 27815 27848 I native-activity: Swap 813 time is 104.759ms
04-13 01:15:24.944 27815 27848 I native-activity: Animating
04-13 01:15:24.969 27815 27848 I native-activity: Frame 814 GL error is 0x0
04-13 01:15:24.969 27815 27848 I native-activity: Frame 814 time is 24.383ms
04-13 01:15:25.036 27815 27848 I native-activity: Swap 814 time is 91.875ms
04-13 01:15:25.037 27815 27848 I native-activity: Animating
04-13 01:15:25.054 27815 27848 I native-activity: Frame 815 GL error is 0x0
04-13 01:15:25.054 27815 27848 I native-activity: Frame 815 time is 16.858ms
04-13 01:15:25.144 27815 27848 I native-activity: Swap 815 time is 106.949ms
04-13 01:15:25.144 27815 27848 I native-activity: Animating
04-13 01:15:25.159 27815 27848 I native-activity: Frame 816 GL error is 0x0
04-13 01:15:25.159 27815 27848 I native-activity: Frame 816 time is 14.761ms
04-13 01:15:25.243 27815 27848 I native-activity: Swap 816 time is 98.816ms
04-13 01:15:25.243 27815 27848 I native-activity: Animating
04-13 01:15:25.277 27815 27848 I native-activity: Frame 817 GL error is 0x0
04-13 01:15:25.277 27815 27848 I native-activity: Frame 817 time is 33.671ms
04-13 01:15:25.343 27815 27848 I native-activity: Swap 817 time is 99.512ms
04-13 01:15:25.343 27815 27848 I native-activity: Animating
04-13 01:15:25.364 27815 27848 I native-activity: Frame 818 GL error is 0x0
04-13 01:15:25.365 27815 27848 I native-activity: Frame 818 time is 21.314ms
04-13 01:15:25.350    82    82 I Kernel  : [47364.026374].(0)[82:mtk charger_hv_]charging_reset_watch_dog_timer
04-13 01:15:25.350    82    82 I Kernel  : [47364.027661].(0)[82:mtk charger_hv_]array_size = 16 
04-13 01:15:25.442 27815 27848 I native-activity: Swap 818 time is 99.039ms
04-13 01:15:25.443 27815 27848 I native-activity: Animating
04-13 01:15:25.459 27815 27848 I native-activity: Frame 819 GL error is 0x0
04-13 01:15:25.459 27815 27848 I native-activity: Frame 819 time is 16.155ms
04-13 01:15:25.539 27815 27848 I native-activity: Swap 819 time is 95.971ms
04-13 01:15:25.539 27815 27848 I native-activity: Animating
04-13 01:15:25.556 27815 27848 I native-activity: Frame 820 GL error is 0x0
04-13 01:15:25.556 27815 27848 I native-activity: Frame 820 time is 17.076ms
04-13 01:15:25.635 27815 27848 I native-activity: Swap 820 time is 96.001ms
04-13 01:15:25.637 27815 27848 I native-activity: Animating
04-13 01:15:25.654 27815 27848 I native-activity: Frame 821 GL error is 0x0
04-13 01:15:25.654 27815 27848 I native-activity: Frame 821 time is 16.928ms
04-13 01:15:25.727 27815 27848 I native-activity: Swap 821 time is 90.291ms
04-13 01:15:25.727 27815 27848 I native-activity: Animating
04-13 01:15:25.745 27815 27848 I native-activity: Frame 822 GL error is 0x0
04-13 01:15:25.745 27815 27848 I native-activity: Frame 822 time is 17.402ms
04-13 01:15:25.790     0     0 I Kernel  : [47364.468396]-(0)[0:swapper/0]dpi vsync
04-13 01:15:25.833 27815 27848 I native-activity: Swap 822 time is 105.871ms
04-13 01:15:25.834 27815 27848 I native-activity: Animating
04-13 01:15:25.848 27815 27848 I native-activity: Frame 823 GL error is 0x0
04-13 01:15:25.848 27815 27848 I native-activity: Frame 823 time is 14.721ms
04-13 01:15:25.930 27815 27848 I native-activity: Swap 823 time is 96.497ms
04-13 01:15:25.931 27815 27848 I native-activity: Animating
04-13 01:15:25.953 27815 27848 I native-activity: Frame 824 GL error is 0x0
04-13 01:15:25.953 27815 27848 I native-activity: Frame 824 time is 21.717ms
04-13 01:15:26.027 27815 27848 I native-activity: Swap 824 time is 95.893ms
04-13 01:15:26.027 27815 27848 I native-activity: Animating
04-13 01:15:26.043 27815 27848 I native-activity: Frame 825 GL error is 0x0
04-13 01:15:26.043 27815 27848 I native-activity: Frame 825 time is 15.680ms
04-13 01:15:26.124 27815 27848 I native-activity: Swap 825 time is 96.481ms
04-13 01:15:26.124 27815 27848 I native-activity: Animating
04-13 01:15:26.140 27815 27848 I native-activity: Frame 826 GL error is 0x0
04-13 01:15:26.140 27815 27848 I native-activity: Frame 826 time is 15.568ms
04-13 01:15:26.222 27815 27848 I native-activity: Swap 826 time is 97.467ms
04-13 01:15:26.222 27815 27848 I native-activity: Animating
04-13 01:15:26.237 27815 27848 I native-activity: Frame 827 GL error is 0x0
04-13 01:15:26.237 27815 27848 I native-activity: Frame 827 time is 15.361ms
04-13 01:15:26.319 27815 27848 I native-activity: Swap 827 time is 97.087ms
04-13 01:15:26.320 27815 27848 I native-activity: Animating
04-13 01:15:26.336 27815 27848 I native-activity: Frame 828 GL error is 0x0
04-13 01:15:26.336 27815 27848 I native-activity: Frame 828 time is 16.312ms
04-13 01:15:26.340  2159  2159 I Kernel  : [47365.013168].(0)[2159:wpa_supplicant]poorlink get state G(363229)F(49)dbad(0)dretry(0)LT(810)RT(-73)W(0)(12879)
04-13 01:15:26.340  2137  2137 I Kernel  : [47365.013845][wlan] nicTxReleaseResource: (TX STATE)
04-13 01:15:26.340  2137  2137 I Kernel  : Release: TC4 count 1, Free=4; TC5 count 0, Free=4
04-13 01:15:26.350    82    82 I Kernel  : [47365.027761].(0)[82:mtk charger_hv_]charging_reset_watch_dog_timer
04-13 01:15:26.350    82    82 I Kernel  : [47365.028670].(0)[82:mtk charger_hv_]array_size = 16 
04-13 01:15:26.416 27815 27848 I native-activity: Swap 828 time is 96.609ms
04-13 01:15:26.417 27815 27848 I native-activity: Animating
04-13 01:15:26.432 27815 27848 I native-activity: Frame 829 GL error is 0x0
04-13 01:15:26.433 27815 27848 I native-activity: Frame 829 time is 15.909ms
04-13 01:15:26.515 27815 27848 I native-activity: Swap 829 time is 98.035ms
04-13 01:15:26.515 27815 27848 I native-activity: Animating
04-13 01:15:26.531 27815 27848 I native-activity: Frame 830 GL error is 0x0
04-13 01:15:26.531 27815 27848 I native-activity: Frame 830 time is 15.677ms
04-13 01:15:26.610 27815 27848 I native-activity: Swap 830 time is 94.530ms
04-13 01:15:26.610 27815 27848 I native-activity: Animating
04-13 01:15:26.624 27815 27848 I native-activity: Frame 831 GL error is 0x0
04-13 01:15:26.626 27815 27848 I native-activity: Frame 831 time is 15.305ms
04-13 01:15:26.702 27815 27848 I native-activity: Swap 831 time is 91.710ms
04-13 01:15:26.702 27815 27848 I native-activity: Animating
04-13 01:15:26.718 27815 27848 I native-activity: Frame 832 GL error is 0x0
04-13 01:15:26.718 27815 27848 I native-activity: Frame 832 time is 15.393ms
04-13 01:15:26.810 27815 27848 I native-activity: Swap 832 time is 107.010ms
04-13 01:15:26.810 27815 27848 I native-activity: Animating
04-13 01:15:26.825 27815 27848 I native-activity: Frame 833 GL error is 0x0
04-13 01:15:26.825 27815 27848 I native-activity: Frame 833 time is 14.453ms
04-13 01:15:26.907 27815 27848 I native-activity: Swap 833 time is 97.102ms
04-13 01:15:26.908 27815 27848 I native-activity: Animating
04-13 01:15:26.922 27815 27848 I native-activity: Frame 834 GL error is 0x0
04-13 01:15:26.922 27815 27848 I native-activity: Frame 834 time is 14.090ms
04-13 01:15:27.002 27815 27848 I native-activity: Swap 834 time is 93.853ms
04-13 01:15:27.002 27815 27848 I native-activity: Animating
04-13 01:15:27.019 27815 27848 I native-activity: Frame 835 GL error is 0x0
04-13 01:15:27.019 27815 27848 I native-activity: Frame 835 time is 17.018ms
04-13 01:15:27.110 27815 27848 I native-activity: Swap 835 time is 107.637ms
04-13 01:15:27.111 27815 27848 I native-activity: Animating
04-13 01:15:27.125 27815 27848 I native-activity: Frame 836 GL error is 0x0
04-13 01:15:27.125 27815 27848 I native-activity: Frame 836 time is 11.760ms
04-13 01:15:27.206 27815 27848 I native-activity: Swap 836 time is 92.548ms
04-13 01:15:27.206 27815 27848 I native-activity: Animating
04-13 01:15:27.220 27815 27848 I native-activity: Frame 837 GL error is 0x0
04-13 01:15:27.220 27815 27848 I native-activity: Frame 837 time is 14.058ms
04-13 01:15:27.320 27815 27848 I native-activity: Swap 837 time is 114.117ms
04-13 01:15:27.321 27815 27848 I native-activity: Animating
04-13 01:15:27.330   917   933 W AmazonActivityManagerService: packageLifetimeHint: amazon.internal.SystemJumpTable$ProcessRecord@2aab598e is active, cannot move
04-13 01:15:27.332  2059  2059 W Precog  : PackagePrewarmActor: Call to packageLifetimeHint failed, res = -1
04-13 01:15:27.333  2059  2059 I Vlog    : PfxPrecog:LruHint:fgtracking=false;DV;1,key=confidence;DV;1,Counter=1.000000;CT;1,unit=null;DV;1,metadata=version%235510%7Cpkg%23com.amazon.firelauncher%7C;DV;1:HI
04-13 01:15:27.333  2059  2059 I Vlog    : PfxPrecog:LruHint:fgtracking=false;DV;1,key=failure;DV;1,Counter=1.000000;CT;1,unit=null;DV;1,metadata=version%235510%7Cpkg%23com.amazon.firelauncher%7C;DV;1:HI
04-13 01:15:27.336 27815 27848 I native-activity: Frame 838 GL error is 0x0
04-13 01:15:27.336 27815 27848 I native-activity: Frame 838 time is 15.811ms
04-13 01:15:27.350    82    82 I Kernel  : [47366.028775].(0)[82:mtk charger_hv_]charging_reset_watch_dog_timer
04-13 01:15:27.350    82    82 I Kernel  : [47366.029692].(0)[82:mtk charger_hv_]array_size = 16 
04-13 01:15:27.371 27815 27848 I native-activity: Swap 838 time is 50.840ms
04-13 01:15:27.372 27815 27848 I native-activity: Animating
04-13 01:15:27.387 27815 27848 I native-activity: Frame 839 GL error is 0x0
04-13 01:15:27.387 27815 27848 I native-activity: Frame 839 time is 14.960ms
04-13 01:15:27.432 27815 27848 I native-activity: Swap 839 time is 59.910ms
04-13 01:15:27.433 27815 27848 I native-activity: Animating
04-13 01:15:27.445 27815 27848 I native-activity: Frame 840 GL error is 0x0
04-13 01:15:27.445 27815 27848 I native-activity: Frame 840 time is 12.144ms
04-13 01:15:27.481 27815 27848 I native-activity: Swap 840 time is 47.931ms
04-13 01:15:27.482 27815 27848 I native-activity: Animating
04-13 01:15:27.496 27815 27848 I native-activity: Frame 841 GL error is 0x0
04-13 01:15:27.496 27815 27848 I native-activity: Frame 841 time is 14.484ms
04-13 01:15:27.543 27815 27848 I native-activity: Swap 841 time is 60.701ms
04-13 01:15:27.543 27815 27848 I native-activity: Animating
04-13 01:15:27.556 27815 27848 I native-activity: Frame 842 GL error is 0x0
04-13 01:15:27.556 27815 27848 I native-activity: Frame 842 time is 12.985ms
04-13 01:15:27.599 27815 27848 I native-activity: Swap 842 time is 55.670ms
04-13 01:15:27.599 27815 27848 I native-activity: Animating
04-13 01:15:27.613 27815 27848 I native-activity: Frame 843 GL error is 0x0
04-13 01:15:27.613 27815 27848 I native-activity: Frame 843 time is 13.594ms
04-13 01:15:27.657 27815 27848 I native-activity: Swap 843 time is 57.532ms
04-13 01:15:27.657 27815 27848 I native-activity: Animating
04-13 01:15:27.668 27815 27848 I native-activity: Frame 844 GL error is 0x0
04-13 01:15:27.668 27815 27848 I native-activity: Frame 844 time is 11.454ms
04-13 01:15:27.714 27815 27848 I native-activity: Swap 844 time is 57.573ms
04-13 01:15:27.715 27815 27848 I native-activity: Animating
04-13 01:15:27.726 27815 27848 I native-activity: Frame 845 GL error is 0x0
04-13 01:15:27.727 27815 27848 I native-activity: Frame 845 time is 11.730ms
04-13 01:15:27.787 27815 27848 I native-activity: Swap 845 time is 72.183ms
04-13 01:15:27.787 27815 27848 I native-activity: Animating
04-13 01:15:27.798 27815 27848 I native-activity: Frame 846 GL error is 0x0
04-13 01:15:27.798 27815 27848 I native-activity: Frame 846 time is 10.642ms
04-13 01:15:27.820     0     0 I Kernel  : [47366.500568]-(0)[0:swapper/0]dpi vsync
04-13 01:15:27.840 27815 27848 I native-activity: Swap 846 time is 52.881ms
04-13 01:15:27.841 27815 27848 I native-activity: Animating
04-13 01:15:27.855 27815 27848 I native-activity: Frame 847 GL error is 0x0
04-13 01:15:27.855 27815 27848 I native-activity: Frame 847 time is 14.815ms
04-13 01:15:27.906 27815 27848 I native-activity: Swap 847 time is 65.633ms
04-13 01:15:27.907 27815 27848 I native-activity: Animating
04-13 01:15:27.920 27815 27848 I native-activity: Frame 848 GL error is 0x0
04-13 01:15:27.920 27815 27848 I native-activity: Frame 848 time is 13.198ms
04-13 01:15:27.962 27815 27848 I native-activity: Swap 848 time is 54.909ms
04-13 01:15:27.962 27815 27848 I native-activity: Animating
04-13 01:15:27.975 27815 27848 I native-activity: Frame 849 GL error is 0x0
04-13 01:15:27.975 27815 27848 I native-activity: Frame 849 time is 13.023ms
04-13 01:15:28.032 27815 27848 I native-activity: Swap 849 time is 70.278ms
04-13 01:15:28.033 27815 27848 I native-activity: Animating
04-13 01:15:28.044 27815 27848 I native-activity: Frame 850 GL error is 0x0
04-13 01:15:28.045 27815 27848 I native-activity: Frame 850 time is 11.387ms
04-13 01:15:28.098 27815 27848 I native-activity: Swap 850 time is 64.637ms
04-13 01:15:28.098 27815 27848 I native-activity: Animating
04-13 01:15:28.109 27815 27848 I native-activity: Frame 851 GL error is 0x0
04-13 01:15:28.109 27815 27848 I native-activity: Frame 851 time is 10.944ms
04-13 01:15:28.153 27815 27848 I native-activity: Swap 851 time is 55.187ms
04-13 01:15:28.154 27815 27848 I native-activity: Animating
04-13 01:15:28.166 27815 27848 I native-activity: Frame 852 GL error is 0x0
04-13 01:15:28.166 27815 27848 I native-activity: Frame 852 time is 12.555ms
04-13 01:15:28.222 27815 27848 I native-activity: Swap 852 time is 68.317ms
04-13 01:15:28.222 27815 27848 I native-activity: Animating
04-13 01:15:28.234 27815 27848 I native-activity: Frame 853 GL error is 0x0
04-13 01:15:28.234 27815 27848 I native-activity: Frame 853 time is 11.806ms
04-13 01:15:28.290 27815 27848 I native-activity: Swap 853 time is 68.197ms
04-13 01:15:28.291 27815 27848 I native-activity: Animating
04-13 01:15:28.304 27815 27848 I native-activity: Frame 854 GL error is 0x0
04-13 01:15:28.304 27815 27848 I native-activity: Frame 854 time is 12.929ms
04-13 01:15:28.350    82    82 I Kernel  : [47367.029799].(0)[82:mtk charger_hv_]charging_reset_watch_dog_timer
04-13 01:15:28.350    82    82 I Kernel  : [47367.030707].(0)[82:mtk charger_hv_]array_size = 16 
04-13 01:15:28.372 27815 27848 I native-activity: Swap 854 time is 81.448ms
04-13 01:15:28.373 27815 27848 I native-activity: Animating
04-13 01:15:28.384 27815 27848 I native-activity: Frame 855 GL error is 0x0
04-13 01:15:28.385 27815 27848 I native-activity: Frame 855 time is 11.347ms
04-13 01:15:28.442 27815 27848 I native-activity: Swap 855 time is 68.794ms
04-13 01:15:28.442 27815 27848 I native-activity: Animating
04-13 01:15:28.457 27815 27848 I native-activity: Frame 856 GL error is 0x0
04-13 01:15:28.457 27815 27848 I native-activity: Frame 856 time is 14.908ms
04-13 01:15:28.524 27815 27848 I native-activity: Swap 856 time is 81.912ms
04-13 01:15:28.525 27815 27848 I native-activity: Animating
04-13 01:15:28.536 27815 27848 I native-activity: Frame 857 GL error is 0x0
04-13 01:15:28.536 27815 27848 I native-activity: Frame 857 time is 10.994ms
04-13 01:15:28.597 27815 27848 I native-activity: Swap 857 time is 72.379ms
04-13 01:15:28.598 27815 27848 I native-activity: Animating
04-13 01:15:28.609 27815 27848 I native-activity: Frame 858 GL error is 0x0
04-13 01:15:28.609 27815 27848 I native-activity: Frame 858 time is 11.328ms
04-13 01:15:28.666 27815 27848 I native-activity: Swap 858 time is 68.187ms
04-13 01:15:28.666 27815 27848 I native-activity: Animating
04-13 01:15:28.678 27815 27848 I native-activity: Frame 859 GL error is 0x0
04-13 01:15:28.678 27815 27848 I native-activity: Frame 859 time is 12.017ms
04-13 01:15:28.688  1787  1787 I AmazonLocationController: onWifiSignalChanged : connected : true
04-13 01:15:28.748 27815 27848 I native-activity: Swap 859 time is 81.799ms
04-13 01:15:28.748 27815 27848 I native-activity: Animating
04-13 01:15:28.762 27815 27848 I native-activity: Frame 860 GL error is 0x0
04-13 01:15:28.762 27815 27848 I native-activity: Frame 860 time is 13.193ms
04-13 01:15:28.815 27815 27848 I native-activity: Swap 860 time is 66.712ms
04-13 01:15:28.815 27815 27848 I native-activity: Animating
04-13 01:15:28.829 27815 27848 I native-activity: Frame 861 GL error is 0x0
04-13 01:15:28.829 27815 27848 I native-activity: Frame 861 time is 13.527ms
04-13 01:15:28.897 27815 27848 I native-activity: Swap 861 time is 81.325ms
04-13 01:15:28.898 27815 27848 I native-activity: Animating
04-13 01:15:28.908 27815 27848 I native-activity: Frame 862 GL error is 0x0
04-13 01:15:28.909 27815 27848 I native-activity: Frame 862 time is 10.648ms
04-13 01:15:28.962 27815 27848 I native-activity: Swap 862 time is 64.315ms
04-13 01:15:28.963 27815 27848 I native-activity: Animating
04-13 01:15:28.975 27815 27848 I native-activity: Frame 863 GL error is 0x0
04-13 01:15:28.975 27815 27848 I native-activity: Frame 863 time is 12.822ms
04-13 01:15:29.041 27815 27848 I native-activity: Swap 863 time is 78.064ms
04-13 01:15:29.042 27815 27848 I native-activity: Animating
04-13 01:15:29.053 27815 27848 I native-activity: Frame 864 GL error is 0x0
04-13 01:15:29.053 27815 27848 I native-activity: Frame 864 time is 10.878ms
04-13 01:15:29.107 27815 27848 I native-activity: Swap 864 time is 64.848ms
04-13 01:15:29.107 27815 27848 I native-activity: Animating
04-13 01:15:29.123 27815 27848 I native-activity: Frame 865 GL error is 0x0
04-13 01:15:29.123 27815 27848 I native-activity: Frame 865 time is 15.919ms
04-13 01:15:29.183 27815 27848 I native-activity: Swap 865 time is 75.851ms
04-13 01:15:29.183 27815 27848 I native-activity: Animating
04-13 01:15:29.200 27815 27848 I native-activity: Frame 866 GL error is 0x0
04-13 01:15:29.200 27815 27848 I native-activity: Frame 866 time is 16.928ms
04-13 01:15:29.253 27815 27848 I native-activity: Swap 866 time is 69.372ms
04-13 01:15:29.254 27815 27848 I native-activity: Animating
04-13 01:15:29.266 27815 27848 I native-activity: Frame 867 GL error is 0x0
04-13 01:15:29.266 27815 27848 I native-activity: Frame 867 time is 12.717ms
04-13 01:15:29.317 27815 27848 I native-activity: Swap 867 time is 63.112ms
04-13 01:15:29.318 27815 27848 I native-activity: Animating
04-13 01:15:29.332 27815 27848 I native-activity: Frame 868 GL error is 0x0
04-13 01:15:29.332 27815 27848 I native-activity: Frame 868 time is 13.901ms
04-13 01:15:29.350    82    82 I Kernel  : [47368.030816].(0)[82:mtk charger_hv_]charging_reset_watch_dog_timer
04-13 01:15:29.360    82    82 I Kernel  : [47368.031747].(1)[82:mtk charger_hv_]array_size = 16 
04-13 01:15:29.360  2137  2137 I Kernel  : [47368.033146][wlan] nicTxReleaseResource: (TX STATE)
04-13 01:15:29.360  2137  2137 I Kernel  : Release: TC4 count 1, Free=4; TC5 count 0, Free=4
04-13 01:15:29.360  2159  2159 I Kernel  : [47368.034260].(0)[2159:wpa_supplicant]poorlink get state G(363229)F(49)dbad(0)dretry(0)LT(810)RT(-74)W(0)(12880)
04-13 01:15:29.360  2137  2137 I Kernel  : [47368.035061][wlan] nicTxReleaseResource: (TX STATE)
04-13 01:15:29.360  2137  2137 I Kernel  : Release: TC4 count 1, Free=4; TC5 count 0, Free=4
04-13 01:15:29.395 27815 27848 I native-activity: Swap 868 time is 77.458ms
04-13 01:15:29.396 27815 27848 I native-activity: Animating
04-13 01:15:29.409 27815 27848 I native-activity: Frame 869 GL error is 0x0
04-13 01:15:29.409 27815 27848 I native-activity: Frame 869 time is 13.364ms
04-13 01:15:29.460 27815 27848 I native-activity: Swap 869 time is 63.985ms
04-13 01:15:29.460 27815 27848 I native-activity: Animating
04-13 01:15:29.475 27815 27848 I native-activity: Frame 870 GL error is 0x0
04-13 01:15:29.475 27815 27848 I native-activity: Frame 870 time is 15.126ms
04-13 01:15:29.536 27815 27848 I native-activity: Swap 870 time is 76.110ms
04-13 01:15:29.537 27815 27848 I native-activity: Animating
04-13 01:15:29.553 27815 27848 I native-activity: Frame 871 GL error is 0x0
04-13 01:15:29.553 27815 27848 I native-activity: Frame 871 time is 16.060ms
04-13 01:15:29.607 27815 27848 I native-activity: Swap 871 time is 70.059ms
04-13 01:15:29.607 27815 27848 I native-activity: Animating
04-13 01:15:29.622 27815 27848 I native-activity: Frame 872 GL error is 0x0
04-13 01:15:29.622 27815 27848 I native-activity: Frame 872 time is 15.353ms
04-13 01:15:29.670 27815 27848 I native-activity: Swap 872 time is 63.278ms
04-13 01:15:29.671 27815 27848 I native-activity: Animating
04-13 01:15:29.689  1787  1787 I AmazonLocationController: onWifiSignalChanged : connected : true
04-13 01:15:29.695 27815 27848 I native-activity: Frame 873 GL error is 0x0
04-13 01:15:29.695 27815 27848 I native-activity: Frame 873 time is 23.798ms
04-13 01:15:29.748 27815 27848 I native-activity: Swap 873 time is 76.448ms
04-13 01:15:29.748 27815 27848 I native-activity: Animating
04-13 01:15:29.773 27815 27848 I native-activity: Frame 874 GL error is 0x0
04-13 01:15:29.774 27815 27848 I native-activity: Frame 874 time is 25.107ms
04-13 01:15:29.818 27815 27848 I native-activity: Swap 874 time is 69.902ms
04-13 01:15:29.818 27815 27848 I native-activity: Animating
04-13 01:15:29.835 27815 27848 I native-activity: Frame 875 GL error is 0x0
04-13 01:15:29.835 27815 27848 I native-activity: Frame 875 time is 16.430ms
04-13 01:15:29.860     0     0 I Kernel  : [47368.532740]-(0)[0:swapper/0]dpi vsync
04-13 01:15:29.889 27815 27848 I native-activity: Swap 875 time is 70.503ms
04-13 01:15:29.889 27815 27848 I native-activity: Animating
04-13 01:15:29.916 27815 27848 I native-activity: Frame 876 GL error is 0x0
04-13 01:15:29.916 27815 27848 I native-activity: Frame 876 time is 26.397ms
04-13 01:15:29.954 27815 27848 I native-activity: Swap 876 time is 64.414ms
04-13 01:15:29.954 27815 27848 I native-activity: Animating
04-13 01:15:29.986 27815 27848 I native-activity: Frame 877 GL error is 0x0
04-13 01:15:29.986 27815 27848 I native-activity: Frame 877 time is 32.009ms
04-13 01:15:30.037 27815 27848 I native-activity: Swap 877 time is 82.912ms
04-13 01:15:30.037 27815 27848 I native-activity: Animating
04-13 01:15:30.056 27815 27848 I native-activity: Frame 878 GL error is 0x0
04-13 01:15:30.056 27815 27848 I native-activity: Frame 878 time is 18.845ms
04-13 01:15:30.120 27815 27848 I native-activity: Swap 878 time is 82.560ms
04-13 01:15:30.120 27815 27848 I native-activity: Animating
04-13 01:15:30.143 27815 27848 I native-activity: Frame 879 GL error is 0x0
04-13 01:15:30.143 27815 27848 I native-activity: Frame 879 time is 22.514ms
04-13 01:15:30.203 27815 27848 I native-activity: Swap 879 time is 82.340ms
04-13 01:15:30.204 27815 27848 I native-activity: Animating
04-13 01:15:30.222 27815 27848 I native-activity: Frame 880 GL error is 0x0
04-13 01:15:30.222 27815 27848 I native-activity: Frame 880 time is 17.870ms
04-13 01:15:30.284 27815 27848 I native-activity: Swap 880 time is 79.437ms
04-13 01:15:30.285 27815 27848 I native-activity: Animating
04-13 01:15:30.298 27815 27848 I native-activity: Frame 881 GL error is 0x0
04-13 01:15:30.298 27815 27848 I native-activity: Frame 881 time is 12.287ms
04-13 01:15:30.357 27815 27848 I native-activity: Swap 881 time is 71.150ms
04-13 01:15:30.357 27815 27848 I native-activity: Animating
04-13 01:15:30.371 27815 27848 I native-activity: Frame 882 GL error is 0x0
04-13 01:15:30.371 27815 27848 I native-activity: Frame 882 time is 13.900ms
04-13 01:15:30.360    82    82 I Kernel  : [47369.031923].(1)[82:mtk charger_hv_]charging_reset_watch_dog_timer
04-13 01:15:30.360    82    82 I Kernel  : [47369.035501].(0)[82:mtk charger_hv_]array_size = 16 
04-13 01:15:30.443 27815 27848 I native-activity: Swap 882 time is 85.856ms
04-13 01:15:30.443 27815 27848 I native-activity: Animating
04-13 01:15:30.454 27815 27848 I native-activity: Frame 883 GL error is 0x0
04-13 01:15:30.455 27815 27848 I native-activity: Frame 883 time is 11.275ms
04-13 01:15:30.516 27815 27848 I native-activity: Swap 883 time is 72.565ms
04-13 01:15:30.516 27815 27848 I native-activity: Animating
04-13 01:15:30.529 27815 27848 I native-activity: Frame 884 GL error is 0x0
04-13 01:15:30.529 27815 27848 I native-activity: Frame 884 time is 12.936ms
04-13 01:15:30.600 27815 27848 I native-activity: Swap 884 time is 84.069ms
04-13 01:15:30.601 27815 27848 I native-activity: Animating
04-13 01:15:30.613 27815 27848 I native-activity: Frame 885 GL error is 0x0
04-13 01:15:30.613 27815 27848 I native-activity: Frame 885 time is 12.169ms
04-13 01:15:30.674 27815 27848 I native-activity: Swap 885 time is 72.604ms
04-13 01:15:30.674 27815 27848 I native-activity: Animating
04-13 01:15:30.674 27815 27848 I native-activity: Frame 886 GL error is 0x0
04-13 01:15:30.674 27815 27848 I native-activity: Frame 886 time is 0.058ms
