04-11 03:37:31.258 27931 27949 I native-activity: Animating
04-11 03:37:31.288 27931 27949 I native-activity: Frame 270 GL error is 0x506
04-11 03:37:31.288 27931 27949 I native-activity: Frame 270 time is 29.262ms
04-11 03:37:31.325 27931 27949 I native-activity: Swap 270 time is 66.174ms
04-11 03:37:31.325 27931 27949 I native-activity: Animating
04-11 03:37:31.343 27931 27949 I native-activity: Frame 271 GL error is 0x506
04-11 03:37:31.344 27931 27949 I native-activity: Frame 271 time is 18.782ms
04-11 03:37:31.392 27931 27949 I native-activity: Swap 271 time is 66.572ms
04-11 03:37:31.392 27931 27949 I native-activity: Animating
04-11 03:37:31.418 27931 27949 I native-activity: Frame 272 GL error is 0x506
04-11 03:37:31.418 27931 27949 I native-activity: Frame 272 time is 25.680ms
04-11 03:37:31.459 27931 27949 I native-activity: Swap 272 time is 66.546ms
04-11 03:37:31.459 27931 27949 I native-activity: Animating
04-11 03:37:31.479 27931 27949 I native-activity: Frame 273 GL error is 0x506
04-11 03:37:31.480 27931 27949 I native-activity: Frame 273 time is 20.728ms
04-11 03:37:31.525 27931 27949 I native-activity: Swap 273 time is 65.783ms
04-11 03:37:31.525 27931 27949 I native-activity: Animating
04-11 03:37:31.558 27931 27949 I native-activity: Frame 274 GL error is 0x506
04-11 03:37:31.558 27931 27949 I native-activity: Frame 274 time is 33.111ms
04-11 03:37:31.592 27931 27949 I native-activity: Swap 274 time is 66.954ms
04-11 03:37:31.592 27931 27949 I native-activity: Animating
04-11 03:37:31.618 27931 27949 I native-activity: Frame 275 GL error is 0x506
04-11 03:37:31.618 27931 27949 I native-activity: Frame 275 time is 25.672ms
04-11 03:37:31.660 27931 27949 I native-activity: Swap 275 time is 67.309ms
04-11 03:37:31.660 27931 27949 I native-activity: Animating
04-11 03:37:31.684 27931 27949 I native-activity: Frame 276 GL error is 0x506
04-11 03:37:31.684 27931 27949 I native-activity: Frame 276 time is 24.106ms
04-11 03:37:31.726 27931 27949 I native-activity: Swap 276 time is 65.903ms
04-11 03:37:31.726 27931 27949 I native-activity: Animating
04-11 03:37:31.750 27931 27949 I native-activity: Frame 277 GL error is 0x506
04-11 03:37:31.750 27931 27949 I native-activity: Frame 277 time is 24.259ms
04-11 03:37:31.793 27931 27949 I native-activity: Swap 277 time is 66.786ms
04-11 03:37:31.793 27931 27949 I native-activity: Animating
04-11 03:37:31.815 27931 27949 I native-activity: Frame 278 GL error is 0x506
04-11 03:37:31.816 27931 27949 I native-activity: Frame 278 time is 22.362ms
04-11 03:37:31.860 27931 27949 I native-activity: Swap 278 time is 67.073ms
04-11 03:37:31.860 27931 27949 I native-activity: Animating
04-11 03:37:31.886 27931 27949 I native-activity: Frame 279 GL error is 0x506
04-11 03:37:31.886 27931 27949 I native-activity: Frame 279 time is 25.238ms
04-11 03:37:31.927 27931 27949 I native-activity: Swap 279 time is 66.078ms
04-11 03:37:31.927 27931 27949 I native-activity: Animating
04-11 03:37:31.948 27931 27949 I native-activity: Frame 280 GL error is 0x506
04-11 03:37:31.948 27931 27949 I native-activity: Frame 280 time is 21.415ms
04-11 03:37:31.994 27931 27949 I native-activity: Swap 280 time is 67.327ms
04-11 03:37:31.995 27931 27949 I native-activity: Animating
04-11 03:37:32.018 27931 27949 I native-activity: Frame 281 GL error is 0x506
04-11 03:37:32.019 27931 27949 I native-activity: Frame 281 time is 23.940ms
04-11 03:37:32.061 27931 27949 I native-activity: Swap 281 time is 66.413ms
04-11 03:37:32.061 27931 27949 I native-activity: Animating
04-11 03:37:32.081 27931 27949 I native-activity: Frame 282 GL error is 0x506
04-11 03:37:32.082 27931 27949 I native-activity: Frame 282 time is 20.343ms
04-11 03:37:32.128 27931 27949 I native-activity: Swap 282 time is 66.251ms
04-11 03:37:32.128 27931 27949 I native-activity: Animating
04-11 03:37:32.147 27931 27949 I native-activity: Frame 283 GL error is 0x506
04-11 03:37:32.147 27931 27949 I native-activity: Frame 283 time is 19.620ms
04-11 03:37:32.195 27931 27949 I native-activity: Swap 283 time is 66.785ms
04-11 03:37:32.195 27931 27949 I native-activity: Animating
04-11 03:37:32.213 27931 27949 I native-activity: Frame 284 GL error is 0x506
04-11 03:37:32.214 27931 27949 I native-activity: Frame 284 time is 18.662ms
04-11 03:37:32.262 27931 27949 I native-activity: Swap 284 time is 66.866ms
04-11 03:37:32.262 27931 27949 I native-activity: Animating
04-11 03:37:32.281 27931 27949 I native-activity: Frame 285 GL error is 0x506
04-11 03:37:32.281 27931 27949 I native-activity: Frame 285 time is 19.051ms
04-11 03:37:32.328 27931 27949 I native-activity: Swap 285 time is 66.198ms
04-11 03:37:32.329 27931 27949 I native-activity: Animating
04-11 03:37:32.347 27931 27949 I native-activity: Frame 286 GL error is 0x506
04-11 03:37:32.347 27931 27949 I native-activity: Frame 286 time is 18.373ms
04-11 03:37:32.395 27931 27949 I native-activity: Swap 286 time is 66.765ms
04-11 03:37:32.396 27931 27949 I native-activity: Animating
04-11 03:37:32.415 27931 27949 I native-activity: Frame 287 GL error is 0x506
04-11 03:37:32.415 27931 27949 I native-activity: Frame 287 time is 19.374ms
04-11 03:37:32.455   663   663 I wpa_supplicant: wlan0: Authentication with b0:48:7a:cb:7c:ec timed out.
04-11 03:37:32.464 27931 27949 I native-activity: Swap 287 time is 68.515ms
04-11 03:37:32.465 27931 27949 I native-activity: Animating
04-11 03:37:32.474   663   663 I wpa_supplicant: wlan0: CTRL-EVENT-DISCONNECTED bssid=b0:48:7a:cb:7c:ec reason=3 locally_generated=1
04-11 03:37:32.483   448   605 E WifiConfigStore: saveWifiConfigBSSID Setting BSSID for "wildfredland"WPA_PSK to any
04-11 03:37:32.497 27931 27949 I native-activity: Frame 288 GL error is 0x506
04-11 03:37:32.497 27931 27949 I native-activity: Frame 288 time is 32.745ms
04-11 03:37:32.502   121   427 D CommandListener: Clearing all IP addresses on wlan0
04-11 03:37:32.533 27931 27949 I native-activity: Swap 288 time is 68.557ms
04-11 03:37:32.533 27931 27949 I native-activity: Animating
04-11 03:37:32.541   448   613 D ConnectivityService: NetworkAgentInfo [WIFI () - 2788] EVENT_NETWORK_INFO_CHANGED, going from CONNECTED to DISCONNECTED
04-11 03:37:32.542   448   613 D ConnectivityService: NetworkAgentInfo [WIFI () - 2788] got DISCONNECTED, was satisfying 6
04-11 03:37:32.568   448   605 E WifiConfigStore: saveWifiConfigBSSID Setting BSSID for "wildfredland"WPA_PSK to any
04-11 03:37:32.582   448   605 E WifiStateMachine: WifiStateMachine: Leaving Connected state
04-11 03:37:32.627 27931 27949 I native-activity: Frame 289 GL error is 0x506
04-11 03:37:32.628 27931 27949 I native-activity: Frame 289 time is 94.092ms
04-11 03:37:32.630   448   605 D WifiNetworkAgent: NetworkAgent: NetworkAgent channel lost
04-11 03:37:32.646 27931 27949 I native-activity: Swap 289 time is 112.126ms
04-11 03:37:32.646 27931 27949 I native-activity: Animating
04-11 03:37:32.748 27931 27949 I native-activity: Frame 290 GL error is 0x506
04-11 03:37:32.748 27931 27949 I native-activity: Frame 290 time is 101.913ms
04-11 03:37:32.752 27931 27949 I native-activity: Swap 290 time is 105.552ms
04-11 03:37:32.752 27931 27949 I native-activity: Animating
04-11 03:37:32.772 27931 27949 I native-activity: Frame 291 GL error is 0x506
04-11 03:37:32.772 27931 27949 I native-activity: Frame 291 time is 18.422ms
04-11 03:37:32.794 27931 27949 I native-activity: Swap 291 time is 40.771ms
04-11 03:37:32.795 27931 27949 I native-activity: Animating
04-11 03:37:32.822 27931 27949 I native-activity: Frame 292 GL error is 0x506
04-11 03:37:32.822 27931 27949 I native-activity: Frame 292 time is 27.465ms
04-11 03:37:32.865 27931 27949 I native-activity: Swap 292 time is 69.359ms
04-11 03:37:32.865 27931 27949 I native-activity: Animating
04-11 03:37:32.897 27931 27949 I native-activity: Frame 293 GL error is 0x506
04-11 03:37:32.897 27931 27949 I native-activity: Frame 293 time is 31.953ms
04-11 03:37:32.912   448   613 D ConnectivityService: notifyType LOST for NetworkAgentInfo [WIFI () - 2788]
04-11 03:37:32.914   666  1123 D ConnectivityManager.CallbackHandler: CM callback handler got msg 524292
04-11 03:37:32.916  8277 27307 D ConnectivityManager.CallbackHandler: CM callback handler got msg 524292
04-11 03:37:32.917 25234 25335 D ConnectivityManager.CallbackHandler: CM callback handler got msg 524292
04-11 03:37:32.917   448   613 D CSLegacyTypeTracker: Sending disconnected broadcast for type 1 NetworkAgentInfo [WIFI () - 2788] isDefaultNetwork=true
04-11 03:37:32.917   448 26532 D NetworkMonitor/NetworkAgentInfo [WIFI () - 2788]: OfflineState{ when=0 what=532487 target=com.android.internal.util.StateMachine$SmHandler }
04-11 03:37:32.917   448 26532 D NetworkMonitor/NetworkAgentInfo [WIFI () - 2788]: DefaultState{ when=-1ms what=532487 target=com.android.internal.util.StateMachine$SmHandler }
04-11 03:37:32.917   448 26532 D NetworkMonitor/NetworkAgentInfo [WIFI () - 2788]: Disconnected - quitting
04-11 03:37:32.917   448   613 D ConnectivityService: sendStickyBroadcast: action=android.net.conn.CONNECTIVITY_CHANGE_IMMEDIATE
04-11 03:37:32.918 25472 25552 D ConnectivityManager.CallbackHandler: CM callback handler got msg 524292
04-11 03:37:32.918 25234 25335 D Event   : No subscribers registered for event class com.tplink.hellotp.shared.j
04-11 03:37:32.918 25234 25335 D Event   : No subscribers registered for event class de.greenrobot.event.f
04-11 03:37:32.918 25234 25335 D ConnectivityManager.CallbackHandler: CM callback handler got msg 524292
04-11 03:37:32.918   448   613 D ConnectivityService: sendStickyBroadcast: action=android.net.conn.CONNECTIVITY_CHANGE
04-11 03:37:32.921 25234 25335 D Event   : No subscribers registered for event class com.tplink.hellotp.shared.j
04-11 03:37:32.921 25234 25335 D Event   : No subscribers registered for event class de.greenrobot.event.f
04-11 03:37:32.937 27931 27949 I native-activity: Swap 293 time is 71.657ms
04-11 03:37:32.937 27931 27949 I native-activity: Animating
04-11 03:37:32.939   448   472 D Tethering: MasterInitialState.processMessage what=3
04-11 03:37:32.941   448   613 D ConnectivityService: sendStickyBroadcast: action=android.net.conn.CONNECTIVITY_CHANGE_IMMEDIATE
04-11 03:37:32.947 25340 25340 I NetworkMonitor: type=WIFI subType= reason=null isConnected=false
04-11 03:37:32.965   448   613 D ConnectivityService: sendStickyBroadcast: action=android.net.conn.CONNECTIVITY_CHANGE
04-11 03:37:32.967   448   613 D ConnectivityService: Checking for replacement network to handle request NetworkRequest [ id=1, legacyType=-1, [ Capabilities: INTERNET&NOT_RESTRICTED&TRUSTED&NOT_VPN] ]
04-11 03:37:32.970   448   613 D ConnectivityService: Checking for replacement network to handle request NetworkRequest [ id=503, legacyType=-1, [ Transports: WIFI Capabilities: NOT_RESTRICTED&TRUSTED&NOT_VPN] ]
04-11 03:37:32.982   448   613 E ConnectivityService: EVENT_NETWORK_INFO_CHANGED from unknown NetworkAgent
04-11 03:37:32.983   448   472 D Tethering: MasterInitialState.processMessage what=3
04-11 03:37:33.012 27931 27949 I native-activity: Frame 294 GL error is 0x506
04-11 03:37:33.013 27931 27949 I native-activity: Frame 294 time is 75.549ms
04-11 03:37:33.015 27931 27949 I native-activity: Swap 294 time is 77.551ms
04-11 03:37:33.015 27931 27949 I native-activity: Animating
04-11 03:37:33.048   976   992 D PhoneInterfaceManager: [PhoneIntfMgr] getDataEnabled: subId=-1 phoneId=-1
04-11 03:37:33.048   976   992 E PhoneInterfaceManager: [PhoneIntfMgr] getDataEnabled: no phone subId=-1 retVal=false
04-11 03:37:33.050   448   467 D TelephonyManager: getDataEnabled: retVal=false
04-11 03:37:33.053 27931 27949 I native-activity: Frame 295 GL error is 0x506
04-11 03:37:33.053 27931 27949 I native-activity: Frame 295 time is 37.876ms
04-11 03:37:33.079 27931 27949 I native-activity: Swap 295 time is 63.727ms
04-11 03:37:33.079 27931 27949 I native-activity: Animating
04-11 03:37:33.108 27931 27949 I native-activity: Frame 296 GL error is 0x506
04-11 03:37:33.108 27931 27949 I native-activity: Frame 296 time is 28.504ms
04-11 03:37:33.111   448   467 E GpsLocationProvider: No APN found to select.
04-11 03:37:33.124   448   467 D libgps  : proxy_agps_ril_update_network_state()
04-11 03:37:33.124   448   467 D gpslogd : agps_ril_update_network_state: Waiting for IPC connection...
04-11 03:37:33.153 27931 27949 I native-activity: Swap 296 time is 73.176ms
04-11 03:37:33.153 27931 27949 I native-activity: Animating
04-11 03:37:33.220 27931 27949 I native-activity: Frame 297 GL error is 0x506
04-11 03:37:33.220 27931 27949 I native-activity: Frame 297 time is 66.709ms
04-11 03:37:33.222 27931 27949 I native-activity: Swap 297 time is 68.812ms
04-11 03:37:33.222 27931 27949 I native-activity: Animating
04-11 03:37:33.225  8277  8277 I iu.Environment: update connectivity state; isNetworkMetered? false, isRoaming? false, isBackgroundDataAllowed? false*
04-11 03:37:33.250 27931 27949 I native-activity: Frame 298 GL error is 0x506
04-11 03:37:33.250 27931 27949 I native-activity: Frame 298 time is 27.339ms
04-11 03:37:33.267  8277  8937 I iu.UploadsManager: num queued entries: 0
04-11 03:37:33.274  8277  8937 I iu.UploadsManager: num updated entries: 0
04-11 03:37:33.284  8277  8937 I iu.SyncManager: NEXT; no task
04-11 03:37:33.291 27931 27949 I native-activity: Swap 298 time is 68.562ms
04-11 03:37:33.291 27931 27949 I native-activity: Animating
04-11 03:37:33.327 27931 27949 I native-activity: Frame 299 GL error is 0x506
04-11 03:37:33.327 27931 27949 I native-activity: Frame 299 time is 35.973ms
04-11 03:37:33.341 25340 27989 I MusicLeanback: Conditions not met for autocaching.
04-11 03:37:33.341 25340 27989 I MusicLeanback: Stop autocaching.
04-11 03:37:33.360 25340 27989 I MusicLeanback: Conditions not met for autocaching.
04-11 03:37:33.360 25340 27989 I MusicLeanback: Stop autocaching.
04-11 03:37:33.361 27931 27949 I native-activity: Swap 299 time is 69.821ms
04-11 03:37:33.361 27931 27949 I native-activity: Animating
04-11 03:37:33.391 27931 27949 I native-activity: Frame 300 GL error is 0x506
04-11 03:37:33.391 27931 27949 I native-activity: Frame 300 time is 29.669ms
04-11 03:37:33.429 27931 27949 I native-activity: Swap 300 time is 67.851ms
04-11 03:37:33.430 27931 27949 I native-activity: Animating
04-11 03:37:33.449 27931 27949 I native-activity: Frame 301 GL error is 0x506
04-11 03:37:33.449 27931 27949 I native-activity: Frame 301 time is 19.055ms
04-11 03:37:33.496 27931 27949 I native-activity: Swap 301 time is 66.858ms
04-11 03:37:33.497 27931 27949 I native-activity: Animating
04-11 03:37:33.511 27931 27949 I native-activity: Frame 302 GL error is 0x506
04-11 03:37:33.511 27931 27949 I native-activity: Frame 302 time is 14.070ms
04-11 03:37:33.564 27931 27949 I native-activity: Swap 302 time is 67.103ms
04-11 03:37:33.564 27931 27949 I native-activity: Animating
04-11 03:37:33.578 27931 27949 I native-activity: Frame 303 GL error is 0x506
04-11 03:37:33.578 27931 27949 I native-activity: Frame 303 time is 13.623ms
04-11 03:37:33.630 27931 27949 I native-activity: Swap 303 time is 66.393ms
04-11 03:37:33.631 27931 27949 I native-activity: Animating
04-11 03:37:33.644 27931 27949 I native-activity: Frame 304 GL error is 0x506
04-11 03:37:33.644 27931 27949 I native-activity: Frame 304 time is 13.386ms
04-11 03:37:33.697 27931 27949 I native-activity: Swap 304 time is 66.623ms
04-11 03:37:33.697 27931 27949 I native-activity: Animating
04-11 03:37:33.713 27931 27949 I native-activity: Frame 305 GL error is 0x506
04-11 03:37:33.713 27931 27949 I native-activity: Frame 305 time is 15.332ms
04-11 03:37:33.765 27931 27949 I native-activity: Swap 305 time is 67.086ms
04-11 03:37:33.765 27931 27949 I native-activity: Animating
04-11 03:37:33.778 27931 27949 I native-activity: Frame 306 GL error is 0x506
04-11 03:37:33.778 27931 27949 I native-activity: Frame 306 time is 13.350ms
04-11 03:37:33.831 27931 27949 I native-activity: Swap 306 time is 66.250ms
04-11 03:37:33.831 27931 27949 I native-activity: Animating
04-11 03:37:33.845 27931 27949 I native-activity: Frame 307 GL error is 0x506
04-11 03:37:33.845 27931 27949 I native-activity: Frame 307 time is 13.905ms
04-11 03:37:33.898 27931 27949 I native-activity: Swap 307 time is 66.914ms
04-11 03:37:33.898 27931 27949 I native-activity: Animating
04-11 03:37:33.911 27931 27949 I native-activity: Frame 308 GL error is 0x506
04-11 03:37:33.912 27931 27949 I native-activity: Frame 308 time is 13.077ms
04-11 03:37:33.965 27931 27949 I native-activity: Swap 308 time is 66.967ms
04-11 03:37:33.966 27931 27949 I native-activity: Animating
04-11 03:37:33.983 27931 27949 I native-activity: Frame 309 GL error is 0x506
04-11 03:37:33.983 27931 27949 I native-activity: Frame 309 time is 17.515ms
04-11 03:37:34.032 27931 27949 I native-activity: Swap 309 time is 66.320ms
04-11 03:37:34.032 27931 27949 I native-activity: Animating
04-11 03:37:34.047 27931 27949 I native-activity: Frame 310 GL error is 0x506
04-11 03:37:34.047 27931 27949 I native-activity: Frame 310 time is 14.704ms
04-11 03:37:34.099 27931 27949 I native-activity: Swap 310 time is 66.979ms
04-11 03:37:34.099 27931 27949 I native-activity: Animating
04-11 03:37:34.133 27931 27949 I native-activity: Frame 311 GL error is 0x501
04-11 03:37:34.133 27931 27949 I native-activity: Frame 311 time is 33.517ms
04-11 03:37:34.167 27931 27949 I native-activity: Swap 311 time is 67.579ms
04-11 03:37:34.167 27931 27949 I native-activity: Animating
04-11 03:37:34.193 27931 27949 I native-activity: Frame 312 GL error is 0x506
04-11 03:37:34.193 27931 27949 I native-activity: Frame 312 time is 26.110ms
04-11 03:37:34.234 27931 27949 I native-activity: Swap 312 time is 66.716ms
04-11 03:37:34.234 27931 27949 I native-activity: Animating
04-11 03:37:34.264 27931 27949 I native-activity: Frame 313 GL error is 0x506
04-11 03:37:34.264 27931 27949 I native-activity: Frame 313 time is 30.141ms
04-11 03:37:34.301 27931 27949 I native-activity: Swap 313 time is 66.930ms
04-11 03:37:34.301 27931 27949 I native-activity: Animating
04-11 03:37:34.330 27931 27949 I native-activity: Frame 314 GL error is 0x506
04-11 03:37:34.330 27931 27949 I native-activity: Frame 314 time is 28.885ms
04-11 03:37:34.369 27931 27949 I native-activity: Swap 314 time is 67.039ms
04-11 03:37:34.369 27931 27949 I native-activity: Animating
04-11 03:37:34.404 27931 27949 I native-activity: Frame 315 GL error is 0x506
04-11 03:37:34.404 27931 27949 I native-activity: Frame 315 time is 35.185ms
04-11 03:37:34.436 27931 27949 I native-activity: Swap 315 time is 66.770ms
04-11 03:37:34.436 27931 27949 I native-activity: Animating
04-11 03:37:34.450 27931 27949 I native-activity: Frame 316 GL error is 0x506
04-11 03:37:34.451 27931 27949 I native-activity: Frame 316 time is 14.823ms
04-11 03:37:34.503 27931 27949 I native-activity: Swap 316 time is 67.436ms
04-11 03:37:34.503 27931 27949 I native-activity: Animating
04-11 03:37:34.522 27931 27949 I native-activity: Frame 317 GL error is 0x506
04-11 03:37:34.523 27931 27949 I native-activity: Frame 317 time is 19.096ms
04-11 03:37:34.565 27931 27949 I native-activity: Swap 317 time is 61.544ms
04-11 03:37:34.565 27931 27949 I native-activity: Animating
04-11 03:37:34.582 27931 27949 I native-activity: Frame 318 GL error is 0x506
04-11 03:37:34.582 27931 27949 I native-activity: Frame 318 time is 16.449ms
04-11 03:37:34.639 27931 27949 I native-activity: Swap 318 time is 73.501ms
04-11 03:37:34.639 27931 27949 I native-activity: Animating
04-11 03:37:34.656 27931 27949 I native-activity: Frame 319 GL error is 0x506
04-11 03:37:34.656 27931 27949 I native-activity: Frame 319 time is 17.135ms
04-11 03:37:34.707 27931 27949 I native-activity: Swap 319 time is 68.247ms
04-11 03:37:34.708 27931 27949 I native-activity: Animating
04-11 03:37:34.725 27931 27949 I native-activity: Frame 320 GL error is 0x506
04-11 03:37:34.725 27931 27949 I native-activity: Frame 320 time is 17.671ms
04-11 03:37:34.776 27931 27949 I native-activity: Swap 320 time is 68.264ms
04-11 03:37:34.776 27931 27949 I native-activity: Animating
04-11 03:37:34.792 27931 27949 I native-activity: Frame 321 GL error is 0x506
04-11 03:37:34.792 27931 27949 I native-activity: Frame 321 time is 15.859ms
04-11 03:37:34.844 27931 27949 I native-activity: Swap 321 time is 68.030ms
04-11 03:37:34.844 27931 27949 I native-activity: Animating
04-11 03:37:34.860 27931 27949 I native-activity: Frame 322 GL error is 0x506
04-11 03:37:34.861 27931 27949 I native-activity: Frame 322 time is 16.137ms
04-11 03:37:34.913 27931 27949 I native-activity: Swap 322 time is 68.241ms
04-11 03:37:34.913 27931 27949 I native-activity: Animating
04-11 03:37:34.920   448   467 D gpslogd : agps_ril_update_network_state: Waiting for IPC connection - timeout
04-11 03:37:34.920   448   467 E gpslogd : LIBGPS: Cannot communicate (write) with a GPSD
04-11 03:37:34.920   448   467 E gpslogd : IPC Communication Error, /tmp/12075037/customers/Asustek/Tabletandroid/../../../proprietary/deliverables/android/gps_interface/../gps_interface/gpsi_client/GpsiClient.cpp:1194 agps_ril_update_network_state
04-11 03:37:34.920   448   467 D libgps  : proxy_agps_ril_update_network_state: called
04-11 03:37:34.921   448   467 D libgps  : proxy_agps_ril_update_network_availability()
04-11 03:37:34.921   448   467 D gpslogd : agps_ril_update_network_availability: Waiting for IPC connection...
04-11 03:37:34.938 27931 27949 I native-activity: Frame 323 GL error is 0x506
04-11 03:37:34.939 27931 27949 I native-activity: Frame 323 time is 25.888ms
04-11 03:37:34.982 27931 27949 I native-activity: Swap 323 time is 69.252ms
04-11 03:37:34.982 27931 27949 I native-activity: Animating
04-11 03:37:34.999 27931 27949 I native-activity: Frame 324 GL error is 0x506
04-11 03:37:34.999 27931 27949 I native-activity: Frame 324 time is 16.331ms
04-11 03:37:35.050 27931 27949 I native-activity: Swap 324 time is 67.707ms
04-11 03:37:35.050 27931 27949 I native-activity: Animating
04-11 03:37:35.067 27931 27949 I native-activity: Frame 325 GL error is 0x506
04-11 03:37:35.068 27931 27949 I native-activity: Frame 325 time is 17.103ms
04-11 03:37:35.119 27931 27949 I native-activity: Swap 325 time is 68.324ms
04-11 03:37:35.119 27931 27949 I native-activity: Animating
04-11 03:37:35.134 27931 27949 I native-activity: Frame 326 GL error is 0x506
04-11 03:37:35.134 27931 27949 I native-activity: Frame 326 time is 15.439ms
04-11 03:37:35.188 27931 27949 I native-activity: Swap 326 time is 68.671ms
04-11 03:37:35.188 27931 27949 I native-activity: Animating
04-11 03:37:35.207 27931 27949 I native-activity: Frame 327 GL error is 0x506
04-11 03:37:35.207 27931 27949 I native-activity: Frame 327 time is 18.705ms
04-11 03:37:35.250 27931 27949 I native-activity: Swap 327 time is 61.637ms
04-11 03:37:35.250 27931 27949 I native-activity: Animating
04-11 03:37:35.266 27931 27949 I native-activity: Frame 328 GL error is 0x506
04-11 03:37:35.266 27931 27949 I native-activity: Frame 328 time is 15.860ms
04-11 03:37:35.324 27931 27949 I native-activity: Swap 328 time is 74.142ms
04-11 03:37:35.324 27931 27949 I native-activity: Animating
04-11 03:37:35.342 27931 27949 I native-activity: Frame 329 GL error is 0x506
04-11 03:37:35.342 27931 27949 I native-activity: Frame 329 time is 17.558ms
04-11 03:37:35.393 27931 27949 I native-activity: Swap 329 time is 68.607ms
04-11 03:37:35.393 27931 27949 I native-activity: Animating
04-11 03:37:35.411 27931 27949 I native-activity: Frame 330 GL error is 0x506
04-11 03:37:35.411 27931 27949 I native-activity: Frame 330 time is 17.700ms
04-11 03:37:35.461 27931 27949 I native-activity: Swap 330 time is 68.017ms
04-11 03:37:35.461 27931 27949 I native-activity: Animating
04-11 03:37:35.483 27931 27949 I native-activity: Frame 331 GL error is 0x506
04-11 03:37:35.483 27931 27949 I native-activity: Frame 331 time is 21.327ms
04-11 03:37:35.530 27931 27949 I native-activity: Swap 331 time is 68.307ms
04-11 03:37:35.530 27931 27949 I native-activity: Animating
04-11 03:37:35.547 27931 27949 I native-activity: Frame 332 GL error is 0x506
04-11 03:37:35.547 27931 27949 I native-activity: Frame 332 time is 17.143ms
04-11 03:37:35.599 27931 27949 I native-activity: Swap 332 time is 69.010ms
04-11 03:37:35.600 27931 27949 I native-activity: Animating
04-11 03:37:35.619 27931 27949 I native-activity: Frame 333 GL error is 0x506
04-11 03:37:35.619 27931 27949 I native-activity: Frame 333 time is 19.221ms
04-11 03:37:35.667 27931 27949 I native-activity: Swap 333 time is 67.524ms
04-11 03:37:35.667 27931 27949 I native-activity: Animating
04-11 03:37:35.686 27931 27949 I native-activity: Frame 334 GL error is 0x506
04-11 03:37:35.686 27931 27949 I native-activity: Frame 334 time is 18.685ms
04-11 03:37:35.736 27931 27949 I native-activity: Swap 334 time is 68.543ms
04-11 03:37:35.736 27931 27949 I native-activity: Animating
04-11 03:37:35.756 27931 27949 I native-activity: Frame 335 GL error is 0x506
04-11 03:37:35.756 27931 27949 I native-activity: Frame 335 time is 20.127ms
04-11 03:37:35.805 27931 27949 I native-activity: Swap 335 time is 68.767ms
04-11 03:37:35.805 27931 27949 I native-activity: Animating
04-11 03:37:35.828 27931 27949 I native-activity: Frame 336 GL error is 0x506
04-11 03:37:35.828 27931 27949 I native-activity: Frame 336 time is 22.824ms
04-11 03:37:35.873 27931 27949 I native-activity: Swap 336 time is 67.412ms
04-11 03:37:35.873 27931 27949 I native-activity: Animating
04-11 03:37:35.903 27931 27949 I native-activity: Frame 337 GL error is 0x506
04-11 03:37:35.903 27931 27949 I native-activity: Frame 337 time is 30.512ms
04-11 03:37:35.941 27931 27949 I native-activity: Swap 337 time is 68.473ms
04-11 03:37:35.942 27931 27949 I native-activity: Animating
04-11 03:37:35.958 27931 27949 I native-activity: Frame 338 GL error is 0x506
04-11 03:37:35.958 27931 27949 I native-activity: Frame 338 time is 16.448ms
04-11 03:37:36.010 27931 27949 I native-activity: Swap 338 time is 68.539ms
04-11 03:37:36.010 27931 27949 I native-activity: Animating
04-11 03:37:36.030 27931 27949 I native-activity: Frame 339 GL error is 0x506
04-11 03:37:36.030 27931 27949 I native-activity: Frame 339 time is 19.468ms
04-11 03:37:36.078 27931 27949 I native-activity: Swap 339 time is 67.451ms
04-11 03:37:36.078 27931 27949 I native-activity: Animating
04-11 03:37:36.094 27931 27949 I native-activity: Frame 340 GL error is 0x506
04-11 03:37:36.094 27931 27949 I native-activity: Frame 340 time is 16.254ms
04-11 03:37:36.147 27931 27949 I native-activity: Swap 340 time is 68.449ms
04-11 03:37:36.147 27931 27949 I native-activity: Animating
04-11 03:37:36.163 27931 27949 I native-activity: Frame 341 GL error is 0x506
04-11 03:37:36.163 27931 27949 I native-activity: Frame 341 time is 16.118ms
04-11 03:37:36.216 27931 27949 I native-activity: Swap 341 time is 68.888ms
04-11 03:37:36.216 27931 27949 I native-activity: Animating
04-11 03:37:36.232 27931 27949 I native-activity: Frame 342 GL error is 0x506
04-11 03:37:36.232 27931 27949 I native-activity: Frame 342 time is 15.799ms
04-11 03:37:36.284 27931 27949 I native-activity: Swap 342 time is 67.765ms
04-11 03:37:36.284 27931 27949 I native-activity: Animating
04-11 03:37:36.299 27931 27949 I native-activity: Frame 343 GL error is 0x506
04-11 03:37:36.299 27931 27949 I native-activity: Frame 343 time is 15.257ms
04-11 03:37:36.352 27931 27949 I native-activity: Swap 343 time is 68.365ms
04-11 03:37:36.353 27931 27949 I native-activity: Animating
04-11 03:37:36.368 27931 27949 I native-activity: Frame 344 GL error is 0x506
04-11 03:37:36.368 27931 27949 I native-activity: Frame 344 time is 15.155ms
04-11 03:37:36.421 27931 27949 I native-activity: Swap 344 time is 68.767ms
04-11 03:37:36.422 27931 27949 I native-activity: Animating
04-11 03:37:36.439 27931 27949 I native-activity: Frame 345 GL error is 0x506
04-11 03:37:36.439 27931 27949 I native-activity: Frame 345 time is 17.636ms
04-11 03:37:36.484 27931 27949 I native-activity: Swap 345 time is 61.854ms
04-11 03:37:36.484 27931 27949 I native-activity: Animating
04-11 03:37:36.509 27931 27949 I native-activity: Frame 346 GL error is 0x506
04-11 03:37:36.509 27931 27949 I native-activity: Frame 346 time is 24.836ms
04-11 03:37:36.558 27931 27949 I native-activity: Swap 346 time is 74.097ms
04-11 03:37:36.558 27931 27949 I native-activity: Animating
04-11 03:37:36.578 27931 27949 I native-activity: Frame 347 GL error is 0x506
04-11 03:37:36.578 27931 27949 I native-activity: Frame 347 time is 19.881ms
04-11 03:37:36.627 27931 27949 I native-activity: Swap 347 time is 68.551ms
04-11 03:37:36.627 27931 27949 I native-activity: Animating
04-11 03:37:36.645 27931 27949 I native-activity: Frame 348 GL error is 0x506
04-11 03:37:36.645 27931 27949 I native-activity: Frame 348 time is 18.068ms
04-11 03:37:36.695 27931 27949 I native-activity: Swap 348 time is 67.683ms
04-11 03:37:36.695 27931 27949 I native-activity: Animating
04-11 03:37:36.710   448   467 D gpslogd : agps_ril_update_network_availability: Waiting for IPC connection - timeout
04-11 03:37:36.711   448   467 E gpslogd : LIBGPS: Cannot communicate (write) with a GPSD
04-11 03:37:36.711   448   467 E gpslogd : IPC Communication Error, /tmp/12075037/customers/Asustek/Tabletandroid/../../../proprietary/deliverables/android/gps_interface/../gps_interface/gpsi_client/GpsiClient.cpp:1213 agps_ril_update_network_availability
04-11 03:37:36.717 27931 27949 I native-activity: Frame 349 GL error is 0x506
04-11 03:37:36.718 27931 27949 I native-activity: Frame 349 time is 21.842ms
04-11 03:37:36.719   976   991 D PhoneInterfaceManager: [PhoneIntfMgr] getDataEnabled: subId=-1 phoneId=-1
04-11 03:37:36.720   976   991 E PhoneInterfaceManager: [PhoneIntfMgr] getDataEnabled: no phone subId=-1 retVal=false
04-11 03:37:36.720   448   467 D TelephonyManager: getDataEnabled: retVal=false
04-11 03:37:36.735   448   467 E GpsLocationProvider: No APN found to select.
04-11 03:37:36.741   448   467 D libgps  : proxy_agps_ril_update_network_state()
04-11 03:37:36.741   448   467 D gpslogd : agps_ril_update_network_state: Waiting for IPC connection...
04-11 03:37:36.765 27931 27949 I native-activity: Swap 349 time is 69.924ms
04-11 03:37:36.766 27931 27949 I native-activity: Animating
04-11 03:37:36.782 27931 27949 I native-activity: Frame 350 GL error is 0x506
04-11 03:37:36.782 27931 27949 I native-activity: Frame 350 time is 16.318ms
04-11 03:37:36.834 27931 27949 I native-activity: Swap 350 time is 68.463ms
04-11 03:37:36.834 27931 27949 I native-activity: Animating
04-11 03:37:36.857 27931 27949 I native-activity: Frame 351 GL error is 0x506
04-11 03:37:36.857 27931 27949 I native-activity: Frame 351 time is 23.046ms
04-11 03:37:36.902 27931 27949 I native-activity: Swap 351 time is 67.931ms
04-11 03:37:36.902 27931 27949 I native-activity: Animating
04-11 03:37:36.919 27931 27949 I native-activity: Frame 352 GL error is 0x506
04-11 03:37:36.920 27931 27949 I native-activity: Frame 352 time is 17.291ms
04-11 03:37:36.971 27931 27949 I native-activity: Swap 352 time is 68.619ms
04-11 03:37:36.971 27931 27949 I native-activity: Animating
04-11 03:37:36.992 27931 27949 I native-activity: Frame 353 GL error is 0x506
04-11 03:37:36.992 27931 27949 I native-activity: Frame 353 time is 20.461ms
04-11 03:37:37.038 27931 27949 I native-activity: Swap 353 time is 66.833ms
04-11 03:37:37.039 27931 27949 I native-activity: Animating
04-11 03:37:37.056 27931 27949 I native-activity: Frame 354 GL error is 0x506
04-11 03:37:37.056 27931 27949 I native-activity: Frame 354 time is 17.335ms
04-11 03:37:37.106 27931 27949 I native-activity: Swap 354 time is 67.860ms
04-11 03:37:37.107 27931 27949 I native-activity: Animating
04-11 03:37:37.126 27931 27949 I native-activity: Frame 355 GL error is 0x506
04-11 03:37:37.126 27931 27949 I native-activity: Frame 355 time is 19.004ms
04-11 03:37:37.175 27931 27949 I native-activity: Swap 355 time is 68.481ms
04-11 03:37:37.175 27931 27949 I native-activity: Animating
04-11 03:37:37.193 27931 27949 I native-activity: Frame 356 GL error is 0x506
04-11 03:37:37.193 27931 27949 I native-activity: Frame 356 time is 17.769ms
04-11 03:37:37.244 27931 27949 I native-activity: Swap 356 time is 68.671ms
04-11 03:37:37.244 27931 27949 I native-activity: Animating
04-11 03:37:37.261 27931 27949 I native-activity: Frame 357 GL error is 0x506
04-11 03:37:37.261 27931 27949 I native-activity: Frame 357 time is 16.902ms
04-11 03:37:37.312 27931 27949 I native-activity: Swap 357 time is 68.091ms
04-11 03:37:37.313 27931 27949 I native-activity: Animating
04-11 03:37:37.337 27931 27949 I native-activity: Frame 358 GL error is 0x506
04-11 03:37:37.337 27931 27949 I native-activity: Frame 358 time is 24.474ms
04-11 03:37:37.381 27931 27949 I native-activity: Swap 358 time is 68.324ms
04-11 03:37:37.381 27931 27949 I native-activity: Animating
04-11 03:37:37.399 27931 27949 I native-activity: Frame 359 GL error is 0x506
04-11 03:37:37.399 27931 27949 I native-activity: Frame 359 time is 17.491ms
04-11 03:37:37.450 27931 27949 I native-activity: Swap 359 time is 68.760ms
04-11 03:37:37.450 27931 27949 I native-activity: Animating
04-11 03:37:37.470 27931 27949 I native-activity: Frame 360 GL error is 0x506
04-11 03:37:37.471 27931 27949 I native-activity: Frame 360 time is 20.225ms
04-11 03:37:37.518 27931 27949 I native-activity: Swap 360 time is 68.020ms
04-11 03:37:37.519 27931 27949 I native-activity: Animating
04-11 03:37:37.534 27931 27949 I native-activity: Frame 361 GL error is 0x506
04-11 03:37:37.534 27931 27949 I native-activity: Frame 361 time is 15.648ms
04-11 03:37:37.587 27931 27949 I native-activity: Swap 361 time is 68.550ms
04-11 03:37:37.587 27931 27949 I native-activity: Animating
04-11 03:37:37.607 27931 27949 I native-activity: Frame 362 GL error is 0x506
04-11 03:37:37.607 27931 27949 I native-activity: Frame 362 time is 19.397ms
04-11 03:37:37.650 27931 27949 I native-activity: Swap 362 time is 62.575ms
04-11 03:37:37.650 27931 27949 I native-activity: Animating
04-11 03:37:37.667 27931 27949 I native-activity: Frame 363 GL error is 0x506
04-11 03:37:37.667 27931 27949 I native-activity: Frame 363 time is 16.721ms
04-11 03:37:37.724 27931 27949 I native-activity: Swap 363 time is 73.465ms
04-11 03:37:37.724 27931 27949 I native-activity: Animating
04-11 03:37:37.744 27931 27949 I native-activity: Frame 364 GL error is 0x506
04-11 03:37:37.745 27931 27949 I native-activity: Frame 364 time is 20.431ms
04-11 03:37:37.787 27931 27949 I native-activity: Swap 364 time is 62.505ms
04-11 03:37:37.787 27931 27949 I native-activity: Animating
04-11 03:37:37.808 27931 27949 I native-activity: Frame 365 GL error is 0x506
04-11 03:37:37.809 27931 27949 I native-activity: Frame 365 time is 21.730ms
04-11 03:37:37.862 27931 27949 I native-activity: Swap 365 time is 75.098ms
04-11 03:37:37.862 27931 27949 I native-activity: Animating
04-11 03:37:37.879 27931 27949 I native-activity: Frame 366 GL error is 0x506
04-11 03:37:37.879 27931 27949 I native-activity: Frame 366 time is 16.410ms
04-11 03:37:37.931 27931 27949 I native-activity: Swap 366 time is 68.843ms
04-11 03:37:37.932 27931 27949 I native-activity: Animating
04-11 03:37:37.949 27931 27949 I native-activity: Frame 367 GL error is 0x506
04-11 03:37:37.949 27931 27949 I native-activity: Frame 367 time is 17.698ms
04-11 03:37:38.000 27931 27949 I native-activity: Swap 367 time is 68.254ms
04-11 03:37:38.000 27931 27949 I native-activity: Animating
04-11 03:37:38.015 27931 27949 I native-activity: Frame 368 GL error is 0x506
04-11 03:37:38.015 27931 27949 I native-activity: Frame 368 time is 14.524ms
04-11 03:37:38.069 27931 27949 I native-activity: Swap 368 time is 68.717ms
04-11 03:37:38.069 27931 27949 I native-activity: Animating
04-11 03:37:38.087 27931 27949 I native-activity: Frame 369 GL error is 0x506
04-11 03:37:38.087 27931 27949 I native-activity: Frame 369 time is 17.780ms
04-11 03:37:38.131 27931 27949 I native-activity: Swap 369 time is 61.687ms
04-11 03:37:38.131 27931 27949 I native-activity: Animating
04-11 03:37:38.147 27931 27949 I native-activity: Frame 370 GL error is 0x506
04-11 03:37:38.147 27931 27949 I native-activity: Frame 370 time is 16.042ms
04-11 03:37:38.205 27931 27949 I native-activity: Swap 370 time is 74.315ms
04-11 03:37:38.206 27931 27949 I native-activity: Animating
04-11 03:37:38.221 27931 27949 I native-activity: Frame 371 GL error is 0x506
04-11 03:37:38.221 27931 27949 I native-activity: Frame 371 time is 15.473ms
04-11 03:37:38.274 27931 27949 I native-activity: Swap 371 time is 68.670ms
04-11 03:37:38.275 27931 27949 I native-activity: Animating
04-11 03:37:38.294 27931 27949 I native-activity: Frame 372 GL error is 0x506
04-11 03:37:38.294 27931 27949 I native-activity: Frame 372 time is 19.587ms
04-11 03:37:38.342 27931 27949 I native-activity: Swap 372 time is 67.556ms
04-11 03:37:38.342 27931 27949 I native-activity: Animating
04-11 03:37:38.358 27931 27949 I native-activity: Frame 373 GL error is 0x506
04-11 03:37:38.358 27931 27949 I native-activity: Frame 373 time is 15.624ms
04-11 03:37:38.411 27931 27949 I native-activity: Swap 373 time is 68.501ms
04-11 03:37:38.411 27931 27949 I native-activity: Animating
04-11 03:37:38.427 27931 27949 I native-activity: Frame 374 GL error is 0x506
04-11 03:37:38.428 27931 27949 I native-activity: Frame 374 time is 16.319ms
04-11 03:37:38.480 27931 27949 I native-activity: Swap 374 time is 68.852ms
04-11 03:37:38.480 27931 27949 I native-activity: Animating
04-11 03:37:38.496 27931 27949 I native-activity: Frame 375 GL error is 0x506
04-11 03:37:38.496 27931 27949 I native-activity: Frame 375 time is 15.720ms
04-11 03:37:38.530   448   467 D gpslogd : agps_ril_update_network_state: Waiting for IPC connection - timeout
04-11 03:37:38.530   448   467 E gpslogd : LIBGPS: Cannot communicate (write) with a GPSD
04-11 03:37:38.530   448   467 E gpslogd : IPC Communication Error, /tmp/12075037/customers/Asustek/Tabletandroid/../../../proprietary/deliverables/android/gps_interface/../gps_interface/gpsi_client/GpsiClient.cpp:1194 agps_ril_update_network_state
04-11 03:37:38.530   448   467 D libgps  : proxy_agps_ril_update_network_state: called
04-11 03:37:38.530   448   467 D libgps  : proxy_agps_ril_update_network_availability()
04-11 03:37:38.530   448   467 D gpslogd : agps_ril_update_network_availability: Waiting for IPC connection...
04-11 03:37:38.549 27931 27949 I native-activity: Swap 375 time is 68.809ms
04-11 03:37:38.549 27931 27949 I native-activity: Animating
04-11 03:37:38.572 27931 27949 I native-activity: Frame 376 GL error is 0x506
04-11 03:37:38.573 27931 27949 I native-activity: Frame 376 time is 23.193ms
04-11 03:37:38.618 27931 27949 I native-activity: Swap 376 time is 68.399ms
04-11 03:37:38.618 27931 27949 I native-activity: Animating
04-11 03:37:38.638 27931 27949 I native-activity: Frame 377 GL error is 0x506
04-11 03:37:38.638 27931 27949 I native-activity: Frame 377 time is 19.873ms
04-11 03:37:38.687 27931 27949 I native-activity: Swap 377 time is 68.789ms
04-11 03:37:38.687 27931 27949 I native-activity: Animating
04-11 03:37:38.719 27931 27949 I native-activity: Frame 378 GL error is 0x506
04-11 03:37:38.719 27931 27949 I native-activity: Frame 378 time is 32.041ms
04-11 03:37:38.755 27931 27949 I native-activity: Swap 378 time is 67.533ms
04-11 03:37:38.755 27931 27949 I native-activity: Animating
04-11 03:37:38.774 27931 27949 I native-activity: Frame 379 GL error is 0x506
04-11 03:37:38.774 27931 27949 I native-activity: Frame 379 time is 19.187ms
04-11 03:37:38.823 27931 27949 I native-activity: Swap 379 time is 68.397ms
04-11 03:37:38.824 27931 27949 I native-activity: Animating
04-11 03:37:38.842 27931 27949 I native-activity: Frame 380 GL error is 0x506
04-11 03:37:38.842 27931 27949 I native-activity: Frame 380 time is 18.703ms
04-11 03:37:38.893 27931 27949 I native-activity: Swap 380 time is 69.027ms
04-11 03:37:38.893 27931 27949 I native-activity: Animating
04-11 03:37:38.914 27931 27949 I native-activity: Frame 381 GL error is 0x506
04-11 03:37:38.915 27931 27949 I native-activity: Frame 381 time is 21.452ms
04-11 03:37:38.961 27931 27949 I native-activity: Swap 381 time is 67.817ms
04-11 03:37:38.961 27931 27949 I native-activity: Animating
04-11 03:37:38.979 27931 27949 I native-activity: Frame 382 GL error is 0x506
04-11 03:37:38.980 27931 27949 I native-activity: Frame 382 time is 18.422ms
04-11 03:37:39.030 27931 27949 I native-activity: Swap 382 time is 68.386ms
04-11 03:37:39.030 27931 27949 I native-activity: Animating
04-11 03:37:39.048 27931 27949 I native-activity: Frame 383 GL error is 0x506
04-11 03:37:39.048 27931 27949 I native-activity: Frame 383 time is 18.161ms
04-11 03:37:39.098 27931 27949 I native-activity: Swap 383 time is 68.602ms
04-11 03:37:39.099 27931 27949 I native-activity: Animating
04-11 03:37:39.124 27931 27949 I native-activity: Frame 384 GL error is 0x506
04-11 03:37:39.124 27931 27949 I native-activity: Frame 384 time is 25.380ms
04-11 03:37:39.167 27931 27949 I native-activity: Swap 384 time is 67.880ms
04-11 03:37:39.167 27931 27949 I native-activity: Animating
04-11 03:37:39.186 27931 27949 I native-activity: Frame 385 GL error is 0x506
04-11 03:37:39.186 27931 27949 I native-activity: Frame 385 time is 19.414ms
04-11 03:37:39.235 27931 27949 I native-activity: Swap 385 time is 68.491ms
04-11 03:37:39.236 27931 27949 I native-activity: Animating
04-11 03:37:39.258 27931 27949 I native-activity: Frame 386 GL error is 0x506
04-11 03:37:39.258 27931 27949 I native-activity: Frame 386 time is 22.443ms
04-11 03:37:39.305 27931 27949 I native-activity: Swap 386 time is 68.950ms
04-11 03:37:39.305 27931 27949 I native-activity: Animating
04-11 03:37:39.324 27931 27949 I native-activity: Frame 387 GL error is 0x506
04-11 03:37:39.324 27931 27949 I native-activity: Frame 387 time is 18.922ms
04-11 03:37:39.372 27931 27949 I native-activity: Swap 387 time is 67.348ms
04-11 03:37:39.372 27931 27949 I native-activity: Animating
04-11 03:37:39.392 27931 27949 I native-activity: Frame 388 GL error is 0x506
04-11 03:37:39.392 27931 27949 I native-activity: Frame 388 time is 19.101ms
04-11 03:37:39.441 27931 27949 I native-activity: Swap 388 time is 68.483ms
04-11 03:37:39.441 27931 27949 I native-activity: Animating
04-11 03:37:39.459 27931 27949 I native-activity: Frame 389 GL error is 0x506
04-11 03:37:39.460 27931 27949 I native-activity: Frame 389 time is 18.157ms
04-11 03:37:39.510 27931 27949 I native-activity: Swap 389 time is 68.877ms
04-11 03:37:39.510 27931 27949 I native-activity: Animating
04-11 03:37:39.529 27931 27949 I native-activity: Frame 390 GL error is 0x506
04-11 03:37:39.529 27931 27949 I native-activity: Frame 390 time is 18.217ms
04-11 03:37:39.578 27931 27949 I native-activity: Swap 390 time is 67.714ms
04-11 03:37:39.578 27931 27949 I native-activity: Animating
04-11 03:37:39.596 27931 27949 I native-activity: Frame 391 GL error is 0x506
04-11 03:37:39.597 27931 27949 I native-activity: Frame 391 time is 18.009ms
04-11 03:37:39.647 27931 27949 I native-activity: Swap 391 time is 68.645ms
04-11 03:37:39.647 27931 27949 I native-activity: Animating
04-11 03:37:39.666 27931 27949 I native-activity: Frame 392 GL error is 0x506
04-11 03:37:39.666 27931 27949 I native-activity: Frame 392 time is 18.760ms
04-11 03:37:39.716 27931 27949 I native-activity: Swap 392 time is 68.644ms
04-11 03:37:39.716 27931 27949 I native-activity: Animating
04-11 03:37:39.735 27931 27949 I native-activity: Frame 393 GL error is 0x506
04-11 03:37:39.735 27931 27949 I native-activity: Frame 393 time is 18.477ms
04-11 03:37:39.784 27931 27949 I native-activity: Swap 393 time is 68.023ms
04-11 03:37:39.785 27931 27949 I native-activity: Animating
04-11 03:37:39.808 27931 27949 I native-activity: Frame 394 GL error is 0x506
04-11 03:37:39.809 27931 27949 I native-activity: Frame 394 time is 23.866ms
04-11 03:37:39.851 27931 27949 I native-activity: Swap 394 time is 66.670ms
04-11 03:37:39.852 27931 27949 I native-activity: Animating
04-11 03:37:39.871 27931 27949 I native-activity: Frame 395 GL error is 0x506
04-11 03:37:39.871 27931 27949 I native-activity: Frame 395 time is 19.207ms
04-11 03:37:39.921 27931 27949 I native-activity: Swap 395 time is 68.800ms
04-11 03:37:39.921 27931 27949 I native-activity: Animating
04-11 03:37:39.942 27931 27949 I native-activity: Frame 396 GL error is 0x506
04-11 03:37:39.943 27931 27949 I native-activity: Frame 396 time is 21.610ms
04-11 03:37:39.988 27931 27949 I native-activity: Swap 396 time is 67.518ms
04-11 03:37:39.989 27931 27949 I native-activity: Animating
04-11 03:37:40.007 27931 27949 I native-activity: Frame 397 GL error is 0x506
04-11 03:37:40.007 27931 27949 I native-activity: Frame 397 time is 18.610ms
04-11 03:37:40.057 27931 27949 I native-activity: Swap 397 time is 68.558ms
04-11 03:37:40.058 27931 27949 I native-activity: Animating
04-11 03:37:40.078 27931 27949 I native-activity: Frame 398 GL error is 0x506
04-11 03:37:40.078 27931 27949 I native-activity: Frame 398 time is 20.405ms
04-11 03:37:40.126 27931 27949 I native-activity: Swap 398 time is 68.692ms
04-11 03:37:40.127 27931 27949 I native-activity: Animating
04-11 03:37:40.145 27931 27949 I native-activity: Frame 399 GL error is 0x506
04-11 03:37:40.145 27931 27949 I native-activity: Frame 399 time is 18.302ms
04-11 03:37:40.194 27931 27949 I native-activity: Swap 399 time is 67.817ms
04-11 03:37:40.195 27931 27949 I native-activity: Animating
04-11 03:37:40.214 27931 27949 I native-activity: Frame 400 GL error is 0x506
04-11 03:37:40.214 27931 27949 I native-activity: Frame 400 time is 19.765ms
04-11 03:37:40.263 27931 27949 I native-activity: Swap 400 time is 68.649ms
04-11 03:37:40.264 27931 27949 I native-activity: Animating
04-11 03:37:40.283 27931 27949 I native-activity: Frame 401 GL error is 0x506
04-11 03:37:40.283 27931 27949 I native-activity: Frame 401 time is 18.964ms
04-11 03:37:40.300   448   467 D gpslogd : agps_ril_update_network_availability: Waiting for IPC connection - timeout
04-11 03:37:40.300   448   467 E gpslogd : LIBGPS: Cannot communicate (write) with a GPSD
04-11 03:37:40.300   448   467 E gpslogd : IPC Communication Error, /tmp/12075037/customers/Asustek/Tabletandroid/../../../proprietary/deliverables/android/gps_interface/../gps_interface/gpsi_client/GpsiClient.cpp:1213 agps_ril_update_network_availability
04-11 03:37:40.333 27931 27949 I native-activity: Swap 401 time is 69.503ms
04-11 03:37:40.333 27931 27949 I native-activity: Animating
04-11 03:37:40.352 27931 27949 I native-activity: Frame 402 GL error is 0x506
04-11 03:37:40.352 27931 27949 I native-activity: Frame 402 time is 18.370ms
04-11 03:37:40.402 27931 27949 I native-activity: Swap 402 time is 68.075ms
04-11 03:37:40.402 27931 27949 I native-activity: Animating
04-11 03:37:40.419 27931 27949 I native-activity: Frame 403 GL error is 0x506
04-11 03:37:40.419 27931 27949 I native-activity: Frame 403 time is 17.203ms
04-11 03:37:40.469 27931 27949 I native-activity: Swap 403 time is 66.909ms
04-11 03:37:40.469 27931 27949 I native-activity: Animating
04-11 03:37:40.486 27931 27949 I native-activity: Frame 404 GL error is 0x506
04-11 03:37:40.486 27931 27949 I native-activity: Frame 404 time is 16.908ms
04-11 03:37:40.537 27931 27949 I native-activity: Swap 404 time is 68.467ms
04-11 03:37:40.538 27931 27949 I native-activity: Animating
04-11 03:37:40.554 27931 27949 I native-activity: Frame 405 GL error is 0x506
04-11 03:37:40.554 27931 27949 I native-activity: Frame 405 time is 16.622ms
04-11 03:37:40.604 27931 27949 I native-activity: Swap 405 time is 66.034ms
04-11 03:37:40.604 27931 27949 I native-activity: Animating
04-11 03:37:40.621 27931 27949 I native-activity: Frame 406 GL error is 0x506
04-11 03:37:40.621 27931 27949 I native-activity: Frame 406 time is 17.191ms
04-11 03:37:40.672 27931 27949 I native-activity: Swap 406 time is 68.340ms
04-11 03:37:40.673 27931 27949 I native-activity: Animating
04-11 03:37:40.688 27931 27949 I native-activity: Frame 407 GL error is 0x506
04-11 03:37:40.688 27931 27949 I native-activity: Frame 407 time is 15.670ms
04-11 03:37:40.741 27931 27949 I native-activity: Swap 407 time is 68.135ms
04-11 03:37:40.741 27931 27949 I native-activity: Animating
04-11 03:37:40.758 27931 27949 I native-activity: Frame 408 GL error is 0x506
04-11 03:37:40.758 27931 27949 I native-activity: Frame 408 time is 17.269ms
04-11 03:37:40.809 27931 27949 I native-activity: Swap 408 time is 67.502ms
04-11 03:37:40.809 27931 27949 I native-activity: Animating
