04-11 03:36:11.252 26567 26585 I native-activity: Animating
04-11 03:36:11.264 26567 26585 I native-activity: Frame 473 GL error is 0x506
04-11 03:36:11.264 26567 26585 I native-activity: Frame 473 time is 12.578ms
04-11 03:36:11.264 26567 26585 I native-activity: Doing egl_swapbuffers_sync 1
04-11 03:36:11.264 26567 26585 D native-activity: Reading pixels format 0x1908 type 0x1401 bpp 4
04-11 03:36:11.279 26567 26585 I native-activity: Read pixels, GL error is 0x0
04-11 03:36:11.280 26567 26585 I native-activity: Swap 473 time is 27.795ms
04-11 03:36:11.280 26567 26585 I native-activity: Animating
04-11 03:36:11.291 26567 26585 I native-activity: Frame 474 GL error is 0x506
04-11 03:36:11.291 26567 26585 I native-activity: Frame 474 time is 11.526ms
04-11 03:36:11.291 26567 26585 I native-activity: Doing egl_swapbuffers_sync 1
04-11 03:36:11.291 26567 26585 D native-activity: Reading pixels format 0x1908 type 0x1401 bpp 4
04-11 03:36:11.307 26567 26585 I native-activity: Read pixels, GL error is 0x0
04-11 03:36:11.307 26567 26585 I native-activity: Swap 474 time is 27.133ms
04-11 03:36:11.307 26567 26585 I native-activity: Animating
04-11 03:36:11.320 26567 26585 I native-activity: Frame 475 GL error is 0x506
04-11 03:36:11.320 26567 26585 I native-activity: Frame 475 time is 12.978ms
04-11 03:36:11.320 26567 26585 I native-activity: Doing egl_swapbuffers_sync 1
04-11 03:36:11.320 26567 26585 D native-activity: Reading pixels format 0x1908 type 0x1401 bpp 4
04-11 03:36:11.336 26567 26585 I native-activity: Read pixels, GL error is 0x0
04-11 03:36:11.336 26567 26585 I native-activity: Swap 475 time is 29.226ms
04-11 03:36:11.336 26567 26585 I native-activity: Animating
04-11 03:36:11.351 26567 26585 I native-activity: Frame 476 GL error is 0x506
04-11 03:36:11.351 26567 26585 I native-activity: Frame 476 time is 15.172ms
04-11 03:36:11.351 26567 26585 I native-activity: Doing egl_swapbuffers_sync 1
04-11 03:36:11.352 26567 26585 D native-activity: Reading pixels format 0x1908 type 0x1401 bpp 4
04-11 03:36:11.368 26567 26585 I native-activity: Read pixels, GL error is 0x0
04-11 03:36:11.368 26567 26585 I native-activity: Swap 476 time is 31.373ms
04-11 03:36:11.368 26567 26585 I native-activity: Animating
04-11 03:36:11.382 26567 26585 I native-activity: Frame 477 GL error is 0x506
04-11 03:36:11.382 26567 26585 I native-activity: Frame 477 time is 14.287ms
04-11 03:36:11.382 26567 26585 I native-activity: Doing egl_swapbuffers_sync 1
04-11 03:36:11.382 26567 26585 D native-activity: Reading pixels format 0x1908 type 0x1401 bpp 4
04-11 03:36:11.399 26567 26585 I native-activity: Read pixels, GL error is 0x0
04-11 03:36:11.399 26567 26585 I native-activity: Swap 477 time is 31.495ms
04-11 03:36:11.399 26567 26585 I native-activity: Animating
04-11 03:36:11.415 26567 26585 I native-activity: Frame 478 GL error is 0x506
04-11 03:36:11.415 26567 26585 I native-activity: Frame 478 time is 15.675ms
04-11 03:36:11.415 26567 26585 I native-activity: Doing egl_swapbuffers_sync 1
04-11 03:36:11.415 26567 26585 D native-activity: Reading pixels format 0x1908 type 0x1401 bpp 4
04-11 03:36:11.431 26567 26585 I native-activity: Read pixels, GL error is 0x0
04-11 03:36:11.431 26567 26585 I native-activity: Swap 478 time is 31.580ms
04-11 03:36:11.431 26567 26585 I native-activity: Animating
04-11 03:36:11.448 26567 26585 I native-activity: Frame 479 GL error is 0x506
04-11 03:36:11.448 26567 26585 I native-activity: Frame 479 time is 16.983ms
04-11 03:36:11.448 26567 26585 I native-activity: Doing egl_swapbuffers_sync 1
04-11 03:36:11.448 26567 26585 D native-activity: Reading pixels format 0x1908 type 0x1401 bpp 4
04-11 03:36:11.450   448 26532 D NetworkMonitor/NetworkAgentInfo [WIFI () - 2788]: EvaluatingState{ when=-5ms what=532486 arg1=3 target=com.android.internal.util.StateMachine$SmHandler }
04-11 03:36:11.450   448 26532 D NetworkMonitor/NetworkAgentInfo [WIFI () - 2788]: Checking http://connectivitycheck.android.com/generate_204 on "wildfredland"
04-11 03:36:11.455   448 26532 D NetworkMonitor/NetworkAgentInfo [WIFI () - 2788]: Probably not a portal: exception java.net.UnknownHostException: Unable to resolve host "connectivitycheck.android.com": No address associated with hostname
04-11 03:36:11.456   448   613 D ConnectivityService: setProvNotificationVisibleIntent: E visible=false networkType=0 extraInfo=null
04-11 03:36:11.465 26567 26585 I native-activity: Read pixels, GL error is 0x0
04-11 03:36:11.465 26567 26585 I native-activity: Swap 479 time is 34.190ms
04-11 03:36:11.465 26567 26585 I native-activity: Animating
04-11 03:36:11.480 26567 26585 I native-activity: Frame 480 GL error is 0x506
04-11 03:36:11.480 26567 26585 I native-activity: Frame 480 time is 14.715ms
04-11 03:36:11.480 26567 26585 I native-activity: Doing egl_swapbuffers_sync 1
04-11 03:36:11.480 26567 26585 D native-activity: Reading pixels format 0x1908 type 0x1401 bpp 4
04-11 03:36:11.499 26567 26585 I native-activity: Read pixels, GL error is 0x0
04-11 03:36:11.499 26567 26585 I native-activity: Swap 480 time is 34.090ms
04-11 03:36:11.500 26567 26585 I native-activity: Animating
04-11 03:36:11.512 26567 26585 I native-activity: Frame 481 GL error is 0x506
04-11 03:36:11.512 26567 26585 I native-activity: Frame 481 time is 12.476ms
04-11 03:36:11.512 26567 26585 I native-activity: Doing egl_swapbuffers_sync 1
04-11 03:36:11.512 26567 26585 D native-activity: Reading pixels format 0x1908 type 0x1401 bpp 4
04-11 03:36:11.533 26567 26585 I native-activity: Read pixels, GL error is 0x0
04-11 03:36:11.533 26567 26585 I native-activity: Swap 481 time is 33.074ms
04-11 03:36:11.533 26567 26585 I native-activity: Animating
04-11 03:36:11.545 26567 26585 I native-activity: Frame 482 GL error is 0x506
04-11 03:36:11.545 26567 26585 I native-activity: Frame 482 time is 12.218ms
04-11 03:36:11.545 26567 26585 I native-activity: Doing egl_swapbuffers_sync 1
04-11 03:36:11.545 26567 26585 D native-activity: Reading pixels format 0x1908 type 0x1401 bpp 4
04-11 03:36:11.566 26567 26585 I native-activity: Read pixels, GL error is 0x0
04-11 03:36:11.566 26567 26585 I native-activity: Swap 482 time is 33.525ms
04-11 03:36:11.566 26567 26585 I native-activity: Animating
04-11 03:36:11.579 26567 26585 I native-activity: Frame 483 GL error is 0x506
04-11 03:36:11.579 26567 26585 I native-activity: Frame 483 time is 12.581ms
04-11 03:36:11.579 26567 26585 I native-activity: Doing egl_swapbuffers_sync 1
04-11 03:36:11.579 26567 26585 D native-activity: Reading pixels format 0x1908 type 0x1401 bpp 4
04-11 03:36:11.600 26567 26585 I native-activity: Read pixels, GL error is 0x0
04-11 03:36:11.600 26567 26585 I native-activity: Swap 483 time is 33.417ms
04-11 03:36:11.600 26567 26585 I native-activity: Animating
04-11 03:36:11.612 26567 26585 I native-activity: Frame 484 GL error is 0x506
04-11 03:36:11.612 26567 26585 I native-activity: Frame 484 time is 11.970ms
04-11 03:36:11.612 26567 26585 I native-activity: Doing egl_swapbuffers_sync 1
04-11 03:36:11.612 26567 26585 D native-activity: Reading pixels format 0x1908 type 0x1401 bpp 4
04-11 03:36:11.633 26567 26585 I native-activity: Read pixels, GL error is 0x0
04-11 03:36:11.633 26567 26585 I native-activity: Swap 484 time is 33.247ms
04-11 03:36:11.633 26567 26585 I native-activity: Animating
04-11 03:36:11.646 26567 26585 I native-activity: Frame 485 GL error is 0x506
04-11 03:36:11.646 26567 26585 I native-activity: Frame 485 time is 13.070ms
04-11 03:36:11.646 26567 26585 I native-activity: Doing egl_swapbuffers_sync 1
04-11 03:36:11.647 26567 26585 D native-activity: Reading pixels format 0x1908 type 0x1401 bpp 4
04-11 03:36:11.666 26567 26585 I native-activity: Read pixels, GL error is 0x0
04-11 03:36:11.666 26567 26585 I native-activity: Swap 485 time is 32.740ms
04-11 03:36:11.666 26567 26585 I native-activity: Animating
04-11 03:36:11.679 26567 26585 I native-activity: Frame 486 GL error is 0x506
04-11 03:36:11.679 26567 26585 I native-activity: Frame 486 time is 13.129ms
04-11 03:36:11.679 26567 26585 I native-activity: Doing egl_swapbuffers_sync 1
04-11 03:36:11.679 26567 26585 D native-activity: Reading pixels format 0x1908 type 0x1401 bpp 4
04-11 03:36:11.700 26567 26585 I native-activity: Read pixels, GL error is 0x0
04-11 03:36:11.700 26567 26585 I native-activity: Swap 486 time is 33.889ms
04-11 03:36:11.700 26567 26585 I native-activity: Animating
04-11 03:36:11.713 26567 26585 I native-activity: Frame 487 GL error is 0x506
04-11 03:36:11.713 26567 26585 I native-activity: Frame 487 time is 13.242ms
04-11 03:36:11.714 26567 26585 I native-activity: Doing egl_swapbuffers_sync 1
04-11 03:36:11.714 26567 26585 D native-activity: Reading pixels format 0x1908 type 0x1401 bpp 4
04-11 03:36:11.734 26567 26585 I native-activity: Read pixels, GL error is 0x0
04-11 03:36:11.735 26567 26585 I native-activity: Swap 487 time is 34.297ms
04-11 03:36:11.735 26567 26585 I native-activity: Animating
04-11 03:36:11.748 26567 26585 I native-activity: Frame 488 GL error is 0x506
04-11 03:36:11.748 26567 26585 I native-activity: Frame 488 time is 13.663ms
04-11 03:36:11.748 26567 26585 I native-activity: Doing egl_swapbuffers_sync 1
04-11 03:36:11.748 26567 26585 D native-activity: Reading pixels format 0x1908 type 0x1401 bpp 4
04-11 03:36:11.769 26567 26585 I native-activity: Read pixels, GL error is 0x0
04-11 03:36:11.770 26567 26585 I native-activity: Swap 488 time is 34.956ms
04-11 03:36:11.770 26567 26585 I native-activity: Animating
04-11 03:36:11.782 26567 26585 I native-activity: Frame 489 GL error is 0x506
04-11 03:36:11.782 26567 26585 I native-activity: Frame 489 time is 11.901ms
04-11 03:36:11.782 26567 26585 I native-activity: Doing egl_swapbuffers_sync 1
04-11 03:36:11.782 26567 26585 D native-activity: Reading pixels format 0x1908 type 0x1401 bpp 4
04-11 03:36:11.803 26567 26585 I native-activity: Read pixels, GL error is 0x0
04-11 03:36:11.803 26567 26585 I native-activity: Swap 489 time is 33.031ms
04-11 03:36:11.803 26567 26585 I native-activity: Animating
04-11 03:36:11.816 26567 26585 I native-activity: Frame 490 GL error is 0x506
04-11 03:36:11.816 26567 26585 I native-activity: Frame 490 time is 13.123ms
04-11 03:36:11.816 26567 26585 I native-activity: Doing egl_swapbuffers_sync 1
04-11 03:36:11.816 26567 26585 D native-activity: Reading pixels format 0x1908 type 0x1401 bpp 4
04-11 03:36:11.835 26567 26585 I native-activity: Read pixels, GL error is 0x0
04-11 03:36:11.835 26567 26585 I native-activity: Swap 490 time is 32.477ms
04-11 03:36:11.835 26567 26585 I native-activity: Animating
04-11 03:36:11.849 26567 26585 I native-activity: Frame 491 GL error is 0x506
04-11 03:36:11.849 26567 26585 I native-activity: Frame 491 time is 13.569ms
04-11 03:36:11.849 26567 26585 I native-activity: Doing egl_swapbuffers_sync 1
04-11 03:36:11.849 26567 26585 D native-activity: Reading pixels format 0x1908 type 0x1401 bpp 4
04-11 03:36:11.870 26567 26585 I native-activity: Read pixels, GL error is 0x0
04-11 03:36:11.870 26567 26585 I native-activity: Swap 491 time is 34.436ms
04-11 03:36:11.870 26567 26585 I native-activity: Animating
04-11 03:36:11.883 26567 26585 I native-activity: Frame 492 GL error is 0x506
04-11 03:36:11.883 26567 26585 I native-activity: Frame 492 time is 12.605ms
04-11 03:36:11.883 26567 26585 I native-activity: Doing egl_swapbuffers_sync 1
04-11 03:36:11.883 26567 26585 D native-activity: Reading pixels format 0x1908 type 0x1401 bpp 4
04-11 03:36:11.904 26567 26585 I native-activity: Read pixels, GL error is 0x0
04-11 03:36:11.904 26567 26585 I native-activity: Swap 492 time is 34.116ms
04-11 03:36:11.904 26567 26585 I native-activity: Animating
04-11 03:36:11.918 26567 26585 I native-activity: Frame 493 GL error is 0x506
04-11 03:36:11.918 26567 26585 I native-activity: Frame 493 time is 13.903ms
04-11 03:36:11.918 26567 26585 I native-activity: Doing egl_swapbuffers_sync 1
04-11 03:36:11.918 26567 26585 D native-activity: Reading pixels format 0x1908 type 0x1401 bpp 4
04-11 03:36:11.939 26567 26585 I native-activity: Read pixels, GL error is 0x0
04-11 03:36:11.940 26567 26585 I native-activity: Swap 493 time is 35.180ms
04-11 03:36:11.940 26567 26585 I native-activity: Animating
04-11 03:36:11.953 26567 26585 I native-activity: Frame 494 GL error is 0x506
04-11 03:36:11.953 26567 26585 I native-activity: Frame 494 time is 13.221ms
04-11 03:36:11.953 26567 26585 I native-activity: Doing egl_swapbuffers_sync 1
04-11 03:36:11.953 26567 26585 D native-activity: Reading pixels format 0x1908 type 0x1401 bpp 4
04-11 03:36:11.973 26567 26585 I native-activity: Read pixels, GL error is 0x0
04-11 03:36:11.973 26567 26585 I native-activity: Swap 494 time is 33.830ms
04-11 03:36:11.974 26567 26585 I native-activity: Animating
04-11 03:36:11.989 26567 26585 I native-activity: Frame 495 GL error is 0x506
04-11 03:36:11.989 26567 26585 I native-activity: Frame 495 time is 15.629ms
04-11 03:36:11.989 26567 26585 I native-activity: Doing egl_swapbuffers_sync 1
04-11 03:36:11.989 26567 26585 D native-activity: Reading pixels format 0x1908 type 0x1401 bpp 4
04-11 03:36:12.011 26567 26585 I native-activity: Read pixels, GL error is 0x0
04-11 03:36:12.011 26567 26585 I native-activity: Swap 495 time is 37.463ms
04-11 03:36:12.011 26567 26585 I native-activity: Animating
04-11 03:36:12.034 26567 26585 I native-activity: Frame 496 GL error is 0x506
04-11 03:36:12.034 26567 26585 I native-activity: Frame 496 time is 22.753ms
04-11 03:36:12.034 26567 26585 I native-activity: Doing egl_swapbuffers_sync 1
04-11 03:36:12.034 26567 26585 D native-activity: Reading pixels format 0x1908 type 0x1401 bpp 4
04-11 03:36:12.057 26567 26585 I native-activity: Read pixels, GL error is 0x0
04-11 03:36:12.057 26567 26585 I native-activity: Swap 496 time is 45.437ms
04-11 03:36:12.057 26567 26585 I native-activity: Animating
04-11 03:36:12.078 26567 26585 I native-activity: Frame 497 GL error is 0x506
04-11 03:36:12.078 26567 26585 I native-activity: Frame 497 time is 21.191ms
04-11 03:36:12.078 26567 26585 I native-activity: Doing egl_swapbuffers_sync 1
04-11 03:36:12.078 26567 26585 D native-activity: Reading pixels format 0x1908 type 0x1401 bpp 4
04-11 03:36:12.091 25646 26699 I UpdateIcingCorporaServi: Updating corpora: APPS=com.google.android.gms, CONTACTS=MAYBE
04-11 03:36:12.103 26567 26585 I native-activity: Read pixels, GL error is 0x0
04-11 03:36:12.103 26567 26585 I native-activity: Swap 497 time is 46.282ms
04-11 03:36:12.103 26567 26585 I native-activity: Animating
04-11 03:36:12.120 26567 26585 I native-activity: Frame 498 GL error is 0x506
04-11 03:36:12.121 26567 26585 I native-activity: Frame 498 time is 17.241ms
04-11 03:36:12.121 26567 26585 I native-activity: Doing egl_swapbuffers_sync 1
04-11 03:36:12.121 26567 26585 D native-activity: Reading pixels format 0x1908 type 0x1401 bpp 4
04-11 03:36:12.143 26567 26585 I native-activity: Read pixels, GL error is 0x0
04-11 03:36:12.143 26567 26585 I native-activity: Swap 498 time is 39.338ms
04-11 03:36:12.143 26567 26585 I native-activity: Animating
04-11 03:36:12.166 26567 26585 I native-activity: Frame 499 GL error is 0x506
04-11 03:36:12.166 26567 26585 I native-activity: Frame 499 time is 23.667ms
04-11 03:36:12.166 26567 26585 I native-activity: Doing egl_swapbuffers_sync 1
04-11 03:36:12.167 26567 26585 D native-activity: Reading pixels format 0x1908 type 0x1401 bpp 4
04-11 03:36:12.174   448   586 I InputReader: Reconfiguring input devices.  changes=0x00000010
04-11 03:36:12.183 26567 26585 I native-activity: Read pixels, GL error is 0x0
04-11 03:36:12.184 26567 26585 I native-activity: Swap 499 time is 40.804ms
04-11 03:36:12.184 26567 26585 I native-activity: Animating
04-11 03:36:12.200 26567 26585 I native-activity: Frame 500 GL error is 0x506
04-11 03:36:12.200 26567 26585 I native-activity: Frame 500 time is 16.629ms
04-11 03:36:12.200 26567 26585 I native-activity: Doing egl_swapbuffers_sync 1
04-11 03:36:12.200 26567 26585 D native-activity: Reading pixels format 0x1908 type 0x1401 bpp 4
04-11 03:36:12.222 26567 26585 I native-activity: Read pixels, GL error is 0x0
04-11 03:36:12.222 26567 26585 I native-activity: Swap 500 time is 38.780ms
04-11 03:36:12.223 26567 26585 I native-activity: Animating
04-11 03:36:12.247 26567 26585 I native-activity: Frame 501 GL error is 0x506
04-11 03:36:12.248 26567 26585 I native-activity: Frame 501 time is 24.781ms
04-11 03:36:12.248 26567 26585 I native-activity: Doing egl_swapbuffers_sync 1
04-11 03:36:12.248 26567 26585 D native-activity: Reading pixels format 0x1908 type 0x1401 bpp 4
04-11 03:36:12.270 26567 26585 I native-activity: Read pixels, GL error is 0x0
04-11 03:36:12.270 26567 26585 I native-activity: Swap 501 time is 46.909ms
04-11 03:36:12.270 26567 26585 I native-activity: Animating
04-11 03:36:12.289 26567 26585 I native-activity: Frame 502 GL error is 0x506
04-11 03:36:12.289 26567 26585 I native-activity: Frame 502 time is 19.565ms
04-11 03:36:12.289 26567 26585 I native-activity: Doing egl_swapbuffers_sync 1
04-11 03:36:12.289 26567 26585 D native-activity: Reading pixels format 0x1908 type 0x1401 bpp 4
04-11 03:36:12.309 26567 26585 I native-activity: Read pixels, GL error is 0x0
04-11 03:36:12.309 26567 26585 I native-activity: Swap 502 time is 39.198ms
04-11 03:36:12.309 26567 26585 I native-activity: Animating
04-11 03:36:12.322 26567 26585 I native-activity: Frame 503 GL error is 0x506
04-11 03:36:12.322 26567 26585 I native-activity: Frame 503 time is 12.563ms
04-11 03:36:12.322 26567 26585 I native-activity: Doing egl_swapbuffers_sync 1
04-11 03:36:12.322 26567 26585 D native-activity: Reading pixels format 0x1908 type 0x1401 bpp 4
04-11 03:36:12.342 26567 26585 I native-activity: Read pixels, GL error is 0x0
04-11 03:36:12.342 26567 26585 I native-activity: Swap 503 time is 32.580ms
04-11 03:36:12.342 26567 26585 I native-activity: Animating
04-11 03:36:12.353 26567 26585 I native-activity: Frame 504 GL error is 0x506
04-11 03:36:12.354 26567 26585 I native-activity: Frame 504 time is 11.885ms
04-11 03:36:12.354 26567 26585 I native-activity: Doing egl_swapbuffers_sync 1
04-11 03:36:12.354 26567 26585 D native-activity: Reading pixels format 0x1908 type 0x1401 bpp 4
04-11 03:36:12.375 26567 26585 I native-activity: Read pixels, GL error is 0x0
04-11 03:36:12.375 26567 26585 I native-activity: Swap 504 time is 33.279ms
04-11 03:36:12.375 26567 26585 I native-activity: Animating
04-11 03:36:12.389 26567 26585 I native-activity: Frame 505 GL error is 0x506
04-11 03:36:12.389 26567 26585 I native-activity: Frame 505 time is 14.170ms
04-11 03:36:12.389 26567 26585 I native-activity: Doing egl_swapbuffers_sync 1
04-11 03:36:12.390 26567 26585 D native-activity: Reading pixels format 0x1908 type 0x1401 bpp 4
04-11 03:36:12.412 26567 26585 I native-activity: Read pixels, GL error is 0x0
04-11 03:36:12.412 26567 26585 I native-activity: Swap 505 time is 36.522ms
04-11 03:36:12.412 26567 26585 I native-activity: Animating
04-11 03:36:12.573  8277 26702 D Wear_Controller: Received broadcast action=android.intent.action.PACKAGE_CHANGED and uri=com.google.android.gms
04-11 03:36:12.604  8277 24666 I Icing   : Usage reports 0 indexed 0 rejected 0 imm upload false
04-11 03:36:12.612  8277 24666 I Icing   : Usage reports 0 indexed 0 rejected 0 imm upload true
04-11 03:36:12.626  8277 24666 I Icing   : updateResources: need to parse sor{com.google.android.gms}
04-11 03:36:12.729 26567 26585 I native-activity: Frame 506 GL error is 0x506
04-11 03:36:12.730 26567 26585 I native-activity: Frame 506 time is 317.776ms
04-11 03:36:12.730 26567 26585 I native-activity: Doing egl_swapbuffers_sync 1
04-11 03:36:12.730 26567 26585 D native-activity: Reading pixels format 0x1908 type 0x1401 bpp 4
04-11 03:36:12.751 26567 26585 I native-activity: Read pixels, GL error is 0x0
04-11 03:36:12.751 26567 26585 I native-activity: Swap 506 time is 339.011ms
04-11 03:36:12.751 26567 26585 I native-activity: Animating
04-11 03:36:12.762 26567 26585 I native-activity: Frame 507 GL error is 0x506
04-11 03:36:12.763 26567 26585 I native-activity: Frame 507 time is 11.616ms
04-11 03:36:12.763 26567 26585 I native-activity: Doing egl_swapbuffers_sync 1
04-11 03:36:12.763 26567 26585 D native-activity: Reading pixels format 0x1908 type 0x1401 bpp 4
04-11 03:36:12.784 26567 26585 I native-activity: Read pixels, GL error is 0x0
04-11 03:36:12.784 26567 26585 I native-activity: Swap 507 time is 33.295ms
04-11 03:36:12.784 26567 26585 I native-activity: Animating
04-11 03:36:12.801 26567 26585 I native-activity: Frame 508 GL error is 0x506
04-11 03:36:12.801 26567 26585 I native-activity: Frame 508 time is 16.460ms
04-11 03:36:12.801 26567 26585 I native-activity: Doing egl_swapbuffers_sync 1
04-11 03:36:12.801 26567 26585 D native-activity: Reading pixels format 0x1908 type 0x1401 bpp 4
04-11 03:36:12.819 26567 26585 I native-activity: Read pixels, GL error is 0x0
04-11 03:36:12.819 26567 26585 I native-activity: Swap 508 time is 35.056ms
04-11 03:36:12.820 26567 26585 I native-activity: Animating
04-11 03:36:12.824  8277 26678 W IcingInternalCorpora: getNumBytesRead when not calculated.
04-11 03:36:12.835 26567 26585 I native-activity: Frame 509 GL error is 0x506
04-11 03:36:12.836 26567 26585 I native-activity: Frame 509 time is 15.936ms
04-11 03:36:12.836 26567 26585 I native-activity: Doing egl_swapbuffers_sync 1
04-11 03:36:12.836 26567 26585 D native-activity: Reading pixels format 0x1908 type 0x1401 bpp 4
04-11 03:36:12.857 26567 26585 I native-activity: Read pixels, GL error is 0x0
04-11 03:36:12.858 26567 26585 I native-activity: Swap 509 time is 38.015ms
04-11 03:36:12.858 26567 26585 I native-activity: Animating
04-11 03:36:12.873 26567 26585 I native-activity: Frame 510 GL error is 0x506
04-11 03:36:12.874 26567 26585 I native-activity: Frame 510 time is 15.923ms
04-11 03:36:12.874 26567 26585 I native-activity: Doing egl_swapbuffers_sync 1
04-11 03:36:12.874 26567 26585 D native-activity: Reading pixels format 0x1908 type 0x1401 bpp 4
04-11 03:36:12.896 26567 26585 I native-activity: Read pixels, GL error is 0x0
04-11 03:36:12.896 26567 26585 I native-activity: Swap 510 time is 38.177ms
04-11 03:36:12.896 26567 26585 I native-activity: Animating
04-11 03:36:12.910 26567 26585 I native-activity: Frame 511 GL error is 0x506
04-11 03:36:12.910 26567 26585 I native-activity: Frame 511 time is 14.415ms
04-11 03:36:12.911 26567 26585 I native-activity: Doing egl_swapbuffers_sync 1
04-11 03:36:12.911 26567 26585 D native-activity: Reading pixels format 0x1908 type 0x1401 bpp 4
04-11 03:36:12.931 26567 26585 I native-activity: Read pixels, GL error is 0x0
04-11 03:36:12.931 26567 26585 I native-activity: Swap 511 time is 35.343ms
04-11 03:36:12.932 26567 26585 I native-activity: Animating
04-11 03:36:12.946 26567 26585 I native-activity: Frame 512 GL error is 0x506
04-11 03:36:12.946 26567 26585 I native-activity: Frame 512 time is 14.695ms
04-11 03:36:12.946 26567 26585 I native-activity: Doing egl_swapbuffers_sync 1
04-11 03:36:12.946 26567 26585 D native-activity: Reading pixels format 0x1908 type 0x1401 bpp 4
04-11 03:36:12.969 26567 26585 I native-activity: Read pixels, GL error is 0x0
04-11 03:36:12.969 26567 26585 I native-activity: Swap 512 time is 37.374ms
04-11 03:36:12.969 26567 26585 I native-activity: Animating
04-11 03:36:12.976  8277 24666 I Icing   : Usage reports 0 indexed 0 rejected 0 imm upload false
04-11 03:36:12.986 26567 26585 I native-activity: Frame 513 GL error is 0x506
04-11 03:36:12.986 26567 26585 I native-activity: Frame 513 time is 16.635ms
04-11 03:36:12.986 26567 26585 I native-activity: Doing egl_swapbuffers_sync 1
04-11 03:36:12.986 26567 26585 D native-activity: Reading pixels format 0x1908 type 0x1401 bpp 4
04-11 03:36:12.998  8277 24666 I Icing   : Usage reports 0 indexed 0 rejected 0 imm upload false
04-11 03:36:13.011 26567 26585 I native-activity: Read pixels, GL error is 0x0
04-11 03:36:13.011 26567 26585 I native-activity: Swap 513 time is 41.540ms
04-11 03:36:13.011 26567 26585 I native-activity: Animating
04-11 03:36:13.025 26567 26585 I native-activity: Frame 514 GL error is 0x506
04-11 03:36:13.025 26567 26585 I native-activity: Frame 514 time is 13.999ms
04-11 03:36:13.025 26567 26585 I native-activity: Doing egl_swapbuffers_sync 1
04-11 03:36:13.025 26567 26585 D native-activity: Reading pixels format 0x1908 type 0x1401 bpp 4
04-11 03:36:13.049 26567 26585 I native-activity: Read pixels, GL error is 0x0
04-11 03:36:13.049 26567 26585 I native-activity: Swap 514 time is 38.319ms
04-11 03:36:13.049 26567 26585 I native-activity: Animating
04-11 03:36:13.066 26567 26585 I native-activity: Frame 515 GL error is 0x506
04-11 03:36:13.066 26567 26585 I native-activity: Frame 515 time is 16.546ms
04-11 03:36:13.066 26567 26585 I native-activity: Doing egl_swapbuffers_sync 1
04-11 03:36:13.066 26567 26585 D native-activity: Reading pixels format 0x1908 type 0x1401 bpp 4
04-11 03:36:13.088 26567 26585 I native-activity: Read pixels, GL error is 0x0
04-11 03:36:13.089 26567 26585 I native-activity: Swap 515 time is 39.234ms
04-11 03:36:13.089 26567 26585 I native-activity: Animating
04-11 03:36:13.103 26567 26585 I native-activity: Frame 516 GL error is 0x506
04-11 03:36:13.103 26567 26585 I native-activity: Frame 516 time is 14.677ms
04-11 03:36:13.103 26567 26585 I native-activity: Doing egl_swapbuffers_sync 1
04-11 03:36:13.103 26567 26585 D native-activity: Reading pixels format 0x1908 type 0x1401 bpp 4
04-11 03:36:13.126 26567 26585 I native-activity: Read pixels, GL error is 0x0
04-11 03:36:13.126 26567 26585 I native-activity: Swap 516 time is 37.534ms
04-11 03:36:13.126 26567 26585 I native-activity: Animating
04-11 03:36:13.144 26567 26585 I native-activity: Frame 517 GL error is 0x506
04-11 03:36:13.145 26567 26585 I native-activity: Frame 517 time is 18.110ms
04-11 03:36:13.145 26567 26585 I native-activity: Doing egl_swapbuffers_sync 1
04-11 03:36:13.145 26567 26585 D native-activity: Reading pixels format 0x1908 type 0x1401 bpp 4
04-11 03:36:13.167 26567 26585 I native-activity: Read pixels, GL error is 0x0
04-11 03:36:13.167 26567 26585 I native-activity: Swap 517 time is 40.828ms
04-11 03:36:13.167 26567 26585 I native-activity: Animating
04-11 03:36:13.195 26567 26585 I native-activity: Frame 518 GL error is 0x506
04-11 03:36:13.195 26567 26585 I native-activity: Frame 518 time is 27.774ms
04-11 03:36:13.195 26567 26585 I native-activity: Doing egl_swapbuffers_sync 1
04-11 03:36:13.195 26567 26585 D native-activity: Reading pixels format 0x1908 type 0x1401 bpp 4
04-11 03:36:13.218 26567 26585 I native-activity: Read pixels, GL error is 0x0
04-11 03:36:13.218 26567 26585 I native-activity: Swap 518 time is 50.869ms
04-11 03:36:13.219 26567 26585 I native-activity: Animating
04-11 03:36:13.234 26567 26585 I native-activity: Frame 519 GL error is 0x506
04-11 03:36:13.234 26567 26585 I native-activity: Frame 519 time is 14.878ms
04-11 03:36:13.234 26567 26585 I native-activity: Doing egl_swapbuffers_sync 1
04-11 03:36:13.234 26567 26585 D native-activity: Reading pixels format 0x1908 type 0x1401 bpp 4
04-11 03:36:13.259 26567 26585 I native-activity: Read pixels, GL error is 0x0
04-11 03:36:13.259 26567 26585 I native-activity: Swap 519 time is 40.076ms
04-11 03:36:13.259 26567 26585 I native-activity: Animating
04-11 03:36:13.279 26567 26585 I native-activity: Frame 520 GL error is 0x506
04-11 03:36:13.279 26567 26585 I native-activity: Frame 520 time is 19.240ms
04-11 03:36:13.279 26567 26585 I native-activity: Doing egl_swapbuffers_sync 1
04-11 03:36:13.279 26567 26585 D native-activity: Reading pixels format 0x1908 type 0x1401 bpp 4
04-11 03:36:13.299 26567 26585 I native-activity: Read pixels, GL error is 0x0
04-11 03:36:13.299 26567 26585 I native-activity: Swap 520 time is 39.673ms
04-11 03:36:13.299 26567 26585 I native-activity: Animating
04-11 03:36:13.317 26567 26585 I native-activity: Frame 521 GL error is 0x506
04-11 03:36:13.317 26567 26585 I native-activity: Frame 521 time is 17.962ms
04-11 03:36:13.317 26567 26585 I native-activity: Doing egl_swapbuffers_sync 1
04-11 03:36:13.317 26567 26585 D native-activity: Reading pixels format 0x1908 type 0x1401 bpp 4
04-11 03:36:13.339 26567 26585 I native-activity: Read pixels, GL error is 0x0
04-11 03:36:13.339 26567 26585 I native-activity: Swap 521 time is 39.475ms
04-11 03:36:13.339 26567 26585 I native-activity: Animating
04-11 03:36:13.356 26567 26585 I native-activity: Frame 522 GL error is 0x506
04-11 03:36:13.356 26567 26585 I native-activity: Frame 522 time is 16.915ms
04-11 03:36:13.356 26567 26585 I native-activity: Doing egl_swapbuffers_sync 1
04-11 03:36:13.356 26567 26585 D native-activity: Reading pixels format 0x1908 type 0x1401 bpp 4
04-11 03:36:13.377 26567 26585 I native-activity: Read pixels, GL error is 0x0
04-11 03:36:13.378 26567 26585 I native-activity: Swap 522 time is 38.742ms
04-11 03:36:13.378 26567 26585 I native-activity: Animating
04-11 03:36:13.396 26567 26585 I native-activity: Frame 523 GL error is 0x506
04-11 03:36:13.397 26567 26585 I native-activity: Frame 523 time is 18.792ms
04-11 03:36:13.397 26567 26585 I native-activity: Doing egl_swapbuffers_sync 1
04-11 03:36:13.397 26567 26585 D native-activity: Reading pixels format 0x1908 type 0x1401 bpp 4
04-11 03:36:13.415 26567 26585 I native-activity: Read pixels, GL error is 0x0
04-11 03:36:13.415 26567 26585 I native-activity: Swap 523 time is 37.142ms
04-11 03:36:13.415 26567 26585 I native-activity: Animating
04-11 03:36:13.427 26567 26585 I native-activity: Frame 524 GL error is 0x506
04-11 03:36:13.427 26567 26585 I native-activity: Frame 524 time is 12.117ms
04-11 03:36:13.427 26567 26585 I native-activity: Doing egl_swapbuffers_sync 1
04-11 03:36:13.427 26567 26585 D native-activity: Reading pixels format 0x1908 type 0x1401 bpp 4
04-11 03:36:13.452 26567 26585 I native-activity: Read pixels, GL error is 0x0
04-11 03:36:13.452 26567 26585 I native-activity: Swap 524 time is 37.144ms
04-11 03:36:13.452 26567 26585 I native-activity: Animating
04-11 03:36:13.470 26567 26585 I native-activity: Frame 525 GL error is 0x506
04-11 03:36:13.471 26567 26585 I native-activity: Frame 525 time is 18.111ms
04-11 03:36:13.471 26567 26585 I native-activity: Doing egl_swapbuffers_sync 1
04-11 03:36:13.471 26567 26585 D native-activity: Reading pixels format 0x1908 type 0x1401 bpp 4
04-11 03:36:13.493 26567 26585 I native-activity: Read pixels, GL error is 0x0
04-11 03:36:13.493 26567 26585 I native-activity: Swap 525 time is 40.239ms
04-11 03:36:13.493 26567 26585 I native-activity: Animating
04-11 03:36:13.530 26567 26585 I native-activity: Frame 526 GL error is 0x506
04-11 03:36:13.530 26567 26585 I native-activity: Frame 526 time is 36.997ms
04-11 03:36:13.530 26567 26585 I native-activity: Doing egl_swapbuffers_sync 1
04-11 03:36:13.530 26567 26585 D native-activity: Reading pixels format 0x1908 type 0x1401 bpp 4
04-11 03:36:13.553 26567 26585 I native-activity: Read pixels, GL error is 0x0
04-11 03:36:13.554 26567 26585 I native-activity: Swap 526 time is 60.736ms
04-11 03:36:13.554 26567 26585 I native-activity: Animating
04-11 03:36:13.787 26567 26585 I native-activity: Frame 527 GL error is 0x506
04-11 03:36:13.787 26567 26585 I native-activity: Frame 527 time is 233.750ms
04-11 03:36:13.788 26567 26585 I native-activity: Doing egl_swapbuffers_sync 1
04-11 03:36:13.788 26567 26585 D native-activity: Reading pixels format 0x1908 type 0x1401 bpp 4
04-11 03:36:13.793 25646 26699 I ApplicationLogger: canRun() : Opted Out
04-11 03:36:13.794 25646 26699 I UpdateIcingCorporaServi: UpdateCorporaTask done [took 1702 ms] updated apps [took 1702 ms] 
04-11 03:36:13.811 26567 26585 I native-activity: Read pixels, GL error is 0x0
04-11 03:36:13.812 26567 26585 I native-activity: Swap 527 time is 257.945ms
04-11 03:36:13.812 26567 26585 I native-activity: Animating
04-11 03:36:13.834 26567 26585 I native-activity: Frame 528 GL error is 0x506
04-11 03:36:13.834 26567 26585 I native-activity: Frame 528 time is 22.591ms
04-11 03:36:13.834 26567 26585 I native-activity: Doing egl_swapbuffers_sync 1
04-11 03:36:13.834 26567 26585 D native-activity: Reading pixels format 0x1908 type 0x1401 bpp 4
04-11 03:36:13.851 26567 26585 I native-activity: Read pixels, GL error is 0x0
04-11 03:36:13.851 26567 26585 I native-activity: Swap 528 time is 39.621ms
04-11 03:36:13.852 26567 26585 I native-activity: Animating
04-11 03:36:13.874 26567 26585 I native-activity: Frame 529 GL error is 0x506
04-11 03:36:13.874 26567 26585 I native-activity: Frame 529 time is 22.356ms
04-11 03:36:13.874 26567 26585 I native-activity: Doing egl_swapbuffers_sync 1
04-11 03:36:13.874 26567 26585 D native-activity: Reading pixels format 0x1908 type 0x1401 bpp 4
04-11 03:36:13.893 26567 26585 I native-activity: Read pixels, GL error is 0x0
04-11 03:36:13.893 26567 26585 I native-activity: Swap 529 time is 41.174ms
04-11 03:36:13.893 26567 26585 I native-activity: Animating
04-11 03:36:13.911 26567 26585 I native-activity: Frame 530 GL error is 0x506
04-11 03:36:13.911 26567 26585 I native-activity: Frame 530 time is 18.200ms
04-11 03:36:13.911 26567 26585 I native-activity: Doing egl_swapbuffers_sync 1
04-11 03:36:13.911 26567 26585 D native-activity: Reading pixels format 0x1908 type 0x1401 bpp 4
04-11 03:36:13.928 26567 26585 I native-activity: Read pixels, GL error is 0x0
04-11 03:36:13.928 26567 26585 I native-activity: Swap 530 time is 35.540ms
04-11 03:36:13.929 26567 26585 I native-activity: Animating
04-11 03:36:13.952 26567 26585 I native-activity: Frame 531 GL error is 0x506
04-11 03:36:13.952 26567 26585 I native-activity: Frame 531 time is 23.211ms
04-11 03:36:13.952 26567 26585 I native-activity: Doing egl_swapbuffers_sync 1
04-11 03:36:13.952 26567 26585 D native-activity: Reading pixels format 0x1908 type 0x1401 bpp 4
04-11 03:36:13.970 26567 26585 I native-activity: Read pixels, GL error is 0x0
04-11 03:36:13.970 26567 26585 I native-activity: Swap 531 time is 41.439ms
04-11 03:36:13.970 26567 26585 I native-activity: Animating
04-11 03:36:13.992 26567 26585 I native-activity: Frame 532 GL error is 0x506
04-11 03:36:13.992 26567 26585 I native-activity: Frame 532 time is 22.134ms
04-11 03:36:13.992 26567 26585 I native-activity: Doing egl_swapbuffers_sync 1
04-11 03:36:13.992 26567 26585 D native-activity: Reading pixels format 0x1908 type 0x1401 bpp 4
04-11 03:36:14.008 26567 26585 I native-activity: Read pixels, GL error is 0x0
04-11 03:36:14.008 26567 26585 I native-activity: Swap 532 time is 37.997ms
04-11 03:36:14.008 26567 26585 I native-activity: Animating
04-11 03:36:14.028 26567 26585 I native-activity: Frame 533 GL error is 0x506
04-11 03:36:14.028 26567 26585 I native-activity: Frame 533 time is 19.315ms
04-11 03:36:14.028 26567 26585 I native-activity: Doing egl_swapbuffers_sync 1
04-11 03:36:14.028 26567 26585 D native-activity: Reading pixels format 0x1908 type 0x1401 bpp 4
04-11 03:36:14.044 26567 26585 I native-activity: Read pixels, GL error is 0x0
04-11 03:36:14.044 26567 26585 I native-activity: Swap 533 time is 36.043ms
04-11 03:36:14.044 26567 26585 I native-activity: Animating
04-11 03:36:14.050   448   448 D BackupManagerService: Received broadcast Intent { act=android.intent.action.PACKAGE_CHANGED dat=package:com.google.android.gms flg=0x4000010 (has extras) }
04-11 03:36:14.050   448   448 I BackupManagerService: Unbinding ComponentInfo{com.google.android.gms/com.google.android.gms.backup.BackupTransportService}
04-11 03:36:14.054  8277 24666 I Icing   : Indexing 3C149AD5B8816AD31C2E32D2A80EE5BD3F39B46A from com.google.android.gms
04-11 03:36:14.056   448   448 I BackupManagerService: Binding to transport host ComponentInfo{com.google.android.gms/com.google.android.gms.backup.BackupTransportService}
04-11 03:36:14.100   448   448 V BackupManagerService: Connected to transport ComponentInfo{com.google.android.gms/com.google.android.gms.backup.BackupTransportService}
04-11 03:36:14.101   448   448 V BackupManagerService: Registering transport com.google.android.gms/.backup.BackupTransportService::com.google.android.gms/.backup.BackupTransportService = com.android.internal.backup.IBackupTransport$Stub$Proxy@2c312cf5
04-11 03:36:14.122 26567 26585 I native-activity: Frame 534 GL error is 0x506
04-11 03:36:14.122 26567 26585 I native-activity: Frame 534 time is 77.313ms
04-11 03:36:14.122 26567 26585 I native-activity: Doing egl_swapbuffers_sync 1
04-11 03:36:14.122 26567 26585 D native-activity: Reading pixels format 0x1908 type 0x1401 bpp 4
04-11 03:36:14.128 26567 26585 I native-activity: Read pixels, GL error is 0x0
04-11 03:36:14.130 26567 26585 I native-activity: Swap 534 time is 85.164ms
04-11 03:36:14.130 26567 26585 I native-activity: Animating
04-11 03:36:14.153 26567 26585 I native-activity: Frame 535 GL error is 0x506
04-11 03:36:14.153 26567 26585 I native-activity: Frame 535 time is 22.865ms
04-11 03:36:14.153 26567 26585 I native-activity: Doing egl_swapbuffers_sync 1
04-11 03:36:14.153 26567 26585 D native-activity: Reading pixels format 0x1908 type 0x1401 bpp 4
04-11 03:36:14.155  8277 24666 I Icing   : Indexing done 3C149AD5B8816AD31C2E32D2A80EE5BD3F39B46A
04-11 03:36:14.170 26567 26585 I native-activity: Read pixels, GL error is 0x0
04-11 03:36:14.170 26567 26585 I native-activity: Swap 535 time is 40.344ms
04-11 03:36:14.170 26567 26585 I native-activity: Animating
04-11 03:36:14.189 26567 26585 I native-activity: Frame 536 GL error is 0x506
04-11 03:36:14.189 26567 26585 I native-activity: Frame 536 time is 18.516ms
04-11 03:36:14.189 26567 26585 I native-activity: Doing egl_swapbuffers_sync 1
04-11 03:36:14.189 26567 26585 D native-activity: Reading pixels format 0x1908 type 0x1401 bpp 4
04-11 03:36:14.206 26567 26585 I native-activity: Read pixels, GL error is 0x0
04-11 03:36:14.206 26567 26585 I native-activity: Swap 536 time is 35.797ms
04-11 03:36:14.206 26567 26585 I native-activity: Animating
04-11 03:36:14.223 26567 26585 I native-activity: Frame 537 GL error is 0x506
04-11 03:36:14.223 26567 26585 I native-activity: Frame 537 time is 16.411ms
04-11 03:36:14.223 26567 26585 I native-activity: Doing egl_swapbuffers_sync 1
04-11 03:36:14.223 26567 26585 D native-activity: Reading pixels format 0x1908 type 0x1401 bpp 4
04-11 03:36:14.240 26567 26585 I native-activity: Read pixels, GL error is 0x0
04-11 03:36:14.240 26567 26585 I native-activity: Swap 537 time is 33.938ms
04-11 03:36:14.240 26567 26585 I native-activity: Animating
04-11 03:36:14.256 26567 26585 I native-activity: Frame 538 GL error is 0x506
04-11 03:36:14.256 26567 26585 I native-activity: Frame 538 time is 15.768ms
04-11 03:36:14.256 26567 26585 I native-activity: Doing egl_swapbuffers_sync 1
04-11 03:36:14.256 26567 26585 D native-activity: Reading pixels format 0x1908 type 0x1401 bpp 4
04-11 03:36:14.273 26567 26585 I native-activity: Read pixels, GL error is 0x0
04-11 03:36:14.273 26567 26585 I native-activity: Swap 538 time is 33.003ms
04-11 03:36:14.273 26567 26585 I native-activity: Animating
04-11 03:36:14.291 26567 26585 I native-activity: Frame 539 GL error is 0x506
04-11 03:36:14.291 26567 26585 I native-activity: Frame 539 time is 17.531ms
04-11 03:36:14.291 26567 26585 I native-activity: Doing egl_swapbuffers_sync 1
04-11 03:36:14.291 26567 26585 D native-activity: Reading pixels format 0x1908 type 0x1401 bpp 4
04-11 03:36:14.307 26567 26585 I native-activity: Read pixels, GL error is 0x0
04-11 03:36:14.307 26567 26585 I native-activity: Swap 539 time is 33.975ms
04-11 03:36:14.307 26567 26585 I native-activity: Animating
04-11 03:36:14.326 26567 26585 I native-activity: Frame 540 GL error is 0x506
04-11 03:36:14.327 26567 26585 I native-activity: Frame 540 time is 19.031ms
04-11 03:36:14.327 26567 26585 I native-activity: Doing egl_swapbuffers_sync 1
04-11 03:36:14.327 26567 26585 D native-activity: Reading pixels format 0x1908 type 0x1401 bpp 4
04-11 03:36:14.337  8277 24666 I Icing   : Usage reports 0 indexed 0 rejected 0 imm upload false
04-11 03:36:14.345 26567 26585 I native-activity: Read pixels, GL error is 0x0
04-11 03:36:14.345 26567 26585 I native-activity: Swap 540 time is 37.219ms
04-11 03:36:14.345 26567 26585 I native-activity: Animating
04-11 03:36:14.360 26567 26585 I native-activity: Frame 541 GL error is 0x506
04-11 03:36:14.360 26567 26585 I native-activity: Frame 541 time is 15.633ms
04-11 03:36:14.361 26567 26585 I native-activity: Doing egl_swapbuffers_sync 1
04-11 03:36:14.361 26567 26585 D native-activity: Reading pixels format 0x1908 type 0x1401 bpp 4
04-11 03:36:14.378 26567 26585 I native-activity: Read pixels, GL error is 0x0
04-11 03:36:14.378 26567 26585 I native-activity: Swap 541 time is 33.090ms
04-11 03:36:14.378 26567 26585 I native-activity: Animating
04-11 03:36:14.398 26567 26585 I native-activity: Frame 542 GL error is 0x506
04-11 03:36:14.398 26567 26585 I native-activity: Frame 542 time is 20.405ms
04-11 03:36:14.398 26567 26585 I native-activity: Doing egl_swapbuffers_sync 1
04-11 03:36:14.398 26567 26585 D native-activity: Reading pixels format 0x1908 type 0x1401 bpp 4
04-11 03:36:14.417 26567 26585 I native-activity: Read pixels, GL error is 0x0
04-11 03:36:14.417 26567 26585 I native-activity: Swap 542 time is 38.717ms
04-11 03:36:14.417 26567 26585 I native-activity: Animating
04-11 03:36:14.541 26567 26585 I native-activity: Frame 543 GL error is 0x506
04-11 03:36:14.541 26567 26585 I native-activity: Frame 543 time is 123.812ms
04-11 03:36:14.541 26567 26585 I native-activity: Doing egl_swapbuffers_sync 1
04-11 03:36:14.541 26567 26585 D native-activity: Reading pixels format 0x1908 type 0x1401 bpp 4
04-11 03:36:14.557 26567 26585 I native-activity: Read pixels, GL error is 0x0
04-11 03:36:14.557 26567 26585 I native-activity: Swap 543 time is 140.333ms
04-11 03:36:14.557 26567 26585 I native-activity: Animating
04-11 03:36:14.575 26567 26585 I native-activity: Frame 544 GL error is 0x506
04-11 03:36:14.575 26567 26585 I native-activity: Frame 544 time is 16.874ms
04-11 03:36:14.575 26567 26585 I native-activity: Doing egl_swapbuffers_sync 1
04-11 03:36:14.575 26567 26585 D native-activity: Reading pixels format 0x1908 type 0x1401 bpp 4
04-11 03:36:14.591 26567 26585 I native-activity: Read pixels, GL error is 0x0
04-11 03:36:14.591 26567 26585 I native-activity: Swap 544 time is 33.701ms
04-11 03:36:14.592 26567 26585 I native-activity: Animating
04-11 03:36:14.609 26567 26585 I native-activity: Frame 545 GL error is 0x506
04-11 03:36:14.609 26567 26585 I native-activity: Frame 545 time is 17.383ms
04-11 03:36:14.609 26567 26585 I native-activity: Doing egl_swapbuffers_sync 1
04-11 03:36:14.609 26567 26585 D native-activity: Reading pixels format 0x1908 type 0x1401 bpp 4
04-11 03:36:14.626 26567 26585 I native-activity: Read pixels, GL error is 0x0
04-11 03:36:14.626 26567 26585 I native-activity: Swap 545 time is 34.933ms
04-11 03:36:14.627 26567 26585 I native-activity: Animating
04-11 03:36:14.674  8230  8230 I GCoreNlp: shouldConfirmNlp, NLP off. Ensuring opt-in disabled
04-11 03:36:14.679 26567 26585 I native-activity: Frame 546 GL error is 0x506
04-11 03:36:14.679 26567 26585 I native-activity: Frame 546 time is 52.402ms
04-11 03:36:14.679 26567 26585 I native-activity: Doing egl_swapbuffers_sync 1
04-11 03:36:14.679 26567 26585 D native-activity: Reading pixels format 0x1908 type 0x1401 bpp 4
04-11 03:36:14.693 26567 26585 I native-activity: Read pixels, GL error is 0x0
04-11 03:36:14.693 26567 26585 I native-activity: Swap 546 time is 66.818ms
04-11 03:36:14.694 26567 26585 I native-activity: Animating
04-11 03:36:14.717 26567 26585 I native-activity: Frame 547 GL error is 0x506
04-11 03:36:14.717 26567 26585 I native-activity: Frame 547 time is 23.443ms
04-11 03:36:14.717 26567 26585 I native-activity: Doing egl_swapbuffers_sync 1
04-11 03:36:14.717 26567 26585 D native-activity: Reading pixels format 0x1908 type 0x1401 bpp 4
04-11 03:36:14.732 26567 26585 I native-activity: Read pixels, GL error is 0x0
04-11 03:36:14.733 26567 26585 I native-activity: Swap 547 time is 38.976ms
04-11 03:36:14.733 26567 26585 I native-activity: Animating
04-11 03:36:14.750 26567 26585 I native-activity: Frame 548 GL error is 0x506
04-11 03:36:14.750 26567 26585 I native-activity: Frame 548 time is 17.662ms
04-11 03:36:14.750 26567 26585 I native-activity: Doing egl_swapbuffers_sync 1
04-11 03:36:14.750 26567 26585 D native-activity: Reading pixels format 0x1908 type 0x1401 bpp 4
04-11 03:36:14.768 26567 26585 I native-activity: Read pixels, GL error is 0x0
04-11 03:36:14.768 26567 26585 I native-activity: Swap 548 time is 35.562ms
04-11 03:36:14.768 26567 26585 I native-activity: Animating
04-11 03:36:14.779 26567 26585 I native-activity: Frame 549 GL error is 0x506
04-11 03:36:14.779 26567 26585 I native-activity: Frame 549 time is 10.682ms
04-11 03:36:14.779 26567 26585 I native-activity: Doing egl_swapbuffers_sync 1
04-11 03:36:14.779 26567 26585 D native-activity: Reading pixels format 0x1908 type 0x1401 bpp 4
04-11 03:36:14.796 26567 26585 I native-activity: Read pixels, GL error is 0x0
04-11 03:36:14.796 26567 26585 I native-activity: Swap 549 time is 27.692ms
04-11 03:36:14.796 26567 26585 I native-activity: Animating
04-11 03:36:14.809 26567 26585 I native-activity: Frame 550 GL error is 0x506
04-11 03:36:14.810 26567 26585 I native-activity: Frame 550 time is 13.409ms
04-11 03:36:14.810 26567 26585 I native-activity: Doing egl_swapbuffers_sync 1
04-11 03:36:14.810 26567 26585 D native-activity: Reading pixels format 0x1908 type 0x1401 bpp 4
04-11 03:36:14.825 26567 26585 I native-activity: Read pixels, GL error is 0x0
04-11 03:36:14.825 26567 26585 I native-activity: Swap 550 time is 28.503ms
04-11 03:36:14.825 26567 26585 I native-activity: Animating
04-11 03:36:14.843 26567 26585 I native-activity: Frame 551 GL error is 0x506
04-11 03:36:14.843 26567 26585 I native-activity: Frame 551 time is 17.732ms
04-11 03:36:14.843 26567 26585 I native-activity: Doing egl_swapbuffers_sync 1
04-11 03:36:14.843 26567 26585 D native-activity: Reading pixels format 0x1908 type 0x1401 bpp 4
04-11 03:36:14.855 26567 26585 I native-activity: Read pixels, GL error is 0x0
04-11 03:36:14.855 26567 26585 I native-activity: Swap 551 time is 29.966ms
04-11 03:36:14.855 26567 26585 I native-activity: Animating
04-11 03:36:14.868 26567 26585 I native-activity: Frame 552 GL error is 0x506
04-11 03:36:14.868 26567 26585 I native-activity: Frame 552 time is 12.897ms
04-11 03:36:14.868 26567 26585 I native-activity: Doing egl_swapbuffers_sync 1
04-11 03:36:14.868 26567 26585 D native-activity: Reading pixels format 0x1908 type 0x1401 bpp 4
04-11 03:36:14.883 26567 26585 I native-activity: Read pixels, GL error is 0x0
04-11 03:36:14.883 26567 26585 I native-activity: Swap 552 time is 28.384ms
04-11 03:36:14.883 26567 26585 I native-activity: Animating
04-11 03:36:14.893 26567 26585 I native-activity: Frame 553 GL error is 0x506
04-11 03:36:14.893 26567 26585 I native-activity: Frame 553 time is 9.789ms
04-11 03:36:14.893 26567 26585 I native-activity: Doing egl_swapbuffers_sync 1
04-11 03:36:14.893 26567 26585 D native-activity: Reading pixels format 0x1908 type 0x1401 bpp 4
04-11 03:36:14.910 26567 26585 I native-activity: Read pixels, GL error is 0x0
04-11 03:36:14.910 26567 26585 I native-activity: Swap 553 time is 26.183ms
04-11 03:36:14.910 26567 26585 I native-activity: Animating
04-11 03:36:14.918 26567 26585 I native-activity: Frame 554 GL error is 0x506
04-11 03:36:14.918 26567 26585 I native-activity: Frame 554 time is 8.564ms
04-11 03:36:14.918 26567 26585 I native-activity: Doing egl_swapbuffers_sync 1
04-11 03:36:14.918 26567 26585 D native-activity: Reading pixels format 0x1908 type 0x1401 bpp 4
04-11 03:36:14.936 26567 26585 I native-activity: Read pixels, GL error is 0x0
04-11 03:36:14.936 26567 26585 I native-activity: Swap 554 time is 26.412ms
04-11 03:36:14.936 26567 26585 I native-activity: Animating
04-11 03:36:14.948 26567 26585 I native-activity: Frame 555 GL error is 0x506
04-11 03:36:14.948 26567 26585 I native-activity: Frame 555 time is 11.471ms
04-11 03:36:14.948 26567 26585 I native-activity: Doing egl_swapbuffers_sync 1
04-11 03:36:14.948 26567 26585 D native-activity: Reading pixels format 0x1908 type 0x1401 bpp 4
04-11 03:36:14.963 26567 26585 I native-activity: Read pixels, GL error is 0x0
04-11 03:36:14.964 26567 26585 I native-activity: Swap 555 time is 27.193ms
04-11 03:36:14.964 26567 26585 I native-activity: Animating
04-11 03:36:15.021 26567 26585 I native-activity: Frame 556 GL error is 0x506
04-11 03:36:15.021 26567 26585 I native-activity: Frame 556 time is 57.283ms
