04-11 03:37:40.823 27931 27949 I native-activity: Frame 409 GL error is 0x506
04-11 03:37:40.823 27931 27949 I native-activity: Frame 409 time is 14.522ms
04-11 03:37:40.878 27931 27949 I native-activity: Swap 409 time is 68.872ms
04-11 03:37:40.878 27931 27949 I native-activity: Animating
04-11 03:37:40.893 27931 27949 I native-activity: Frame 410 GL error is 0x506
04-11 03:37:40.893 27931 27949 I native-activity: Frame 410 time is 15.228ms
04-11 03:37:40.947 27931 27949 I native-activity: Swap 410 time is 68.851ms
04-11 03:37:40.947 27931 27949 I native-activity: Animating
04-11 03:37:40.965 27931 27949 I native-activity: Frame 411 GL error is 0x506
04-11 03:37:40.965 27931 27949 I native-activity: Frame 411 time is 18.048ms
04-11 03:37:41.015 27931 27949 I native-activity: Swap 411 time is 67.813ms
04-11 03:37:41.015 27931 27949 I native-activity: Animating
04-11 03:37:41.032 27931 27949 I native-activity: Frame 412 GL error is 0x506
04-11 03:37:41.032 27931 27949 I native-activity: Frame 412 time is 16.402ms
04-11 03:37:41.084 27931 27949 I native-activity: Swap 412 time is 68.606ms
04-11 03:37:41.084 27931 27949 I native-activity: Animating
04-11 03:37:41.231 27931 27949 I native-activity: Frame 413 GL error is 0x501
04-11 03:37:41.232 27931 27949 I native-activity: Frame 413 time is 147.247ms
04-11 03:37:41.233 27931 27949 I native-activity: Swap 413 time is 148.466ms
04-11 03:37:41.233 27931 27949 I native-activity: Animating
04-11 03:37:41.401 27931 27949 I native-activity: Frame 414 GL error is 0x506
04-11 03:37:41.401 27931 27949 I native-activity: Frame 414 time is 167.869ms
04-11 03:37:41.402 27931 27949 I native-activity: Swap 414 time is 168.564ms
04-11 03:37:41.402 27931 27949 I native-activity: Animating
04-11 03:37:41.419 27931 27949 I native-activity: Frame 415 GL error is 0x506
04-11 03:37:41.419 27931 27949 I native-activity: Frame 415 time is 17.489ms
04-11 03:37:41.457 27931 27949 I native-activity: Swap 415 time is 55.157ms
04-11 03:37:41.457 27931 27949 I native-activity: Animating
04-11 03:37:41.474 27931 27949 I native-activity: Frame 416 GL error is 0x506
04-11 03:37:41.474 27931 27949 I native-activity: Frame 416 time is 17.248ms
04-11 03:37:41.525 27931 27949 I native-activity: Swap 416 time is 68.065ms
04-11 03:37:41.525 27931 27949 I native-activity: Animating
04-11 03:37:41.583 27931 27949 I native-activity: Frame 417 GL error is 0x506
04-11 03:37:41.584 27931 27949 I native-activity: Frame 417 time is 58.115ms
04-11 03:37:41.593 27931 27949 I native-activity: Swap 417 time is 67.798ms
04-11 03:37:41.594 27931 27949 I native-activity: Animating
04-11 03:37:41.652 27931 27949 I native-activity: Frame 418 GL error is 0x506
04-11 03:37:41.652 27931 27949 I native-activity: Frame 418 time is 58.419ms
04-11 03:37:41.662 27931 27949 I native-activity: Swap 418 time is 68.099ms
04-11 03:37:41.662 27931 27949 I native-activity: Animating
04-11 03:37:41.672 27931 27949 I native-activity: Frame 419 GL error is 0x506
04-11 03:37:41.672 27931 27949 I native-activity: Frame 419 time is 9.749ms
04-11 03:37:41.730 27931 27949 I native-activity: Swap 419 time is 67.643ms
04-11 03:37:41.730 27931 27949 I native-activity: Animating
04-11 03:37:41.741 27931 27949 I native-activity: Frame 420 GL error is 0x506
04-11 03:37:41.741 27931 27949 I native-activity: Frame 420 time is 11.400ms
04-11 03:37:41.781 27931 27949 I native-activity: Swap 420 time is 50.901ms
04-11 03:37:41.781 27931 27949 I native-activity: Animating
04-11 03:37:41.805 27931 27949 I native-activity: Frame 421 GL error is 0x506
04-11 03:37:41.805 27931 27949 I native-activity: Frame 421 time is 24.069ms
04-11 03:37:41.840 27931 27949 I native-activity: Swap 421 time is 59.254ms
04-11 03:37:41.841 27931 27949 I native-activity: Animating
04-11 03:37:41.895 27931 27949 I native-activity: Frame 422 GL error is 0x506
04-11 03:37:41.895 27931 27949 I native-activity: Frame 422 time is 54.321ms
04-11 03:37:41.897 27931 27949 I native-activity: Swap 422 time is 56.163ms
04-11 03:37:41.897 27931 27949 I native-activity: Animating
04-11 03:37:41.991 27931 27949 I native-activity: Frame 423 GL error is 0x506
04-11 03:37:41.991 27931 27949 I native-activity: Frame 423 time is 93.445ms
04-11 03:37:41.992 27931 27949 I native-activity: Swap 423 time is 94.383ms
04-11 03:37:41.992 27931 27949 I native-activity: Animating
04-11 03:37:42.011 27931 27949 I native-activity: Frame 424 GL error is 0x506
04-11 03:37:42.011 27931 27949 I native-activity: Frame 424 time is 18.937ms
04-11 03:37:42.022 27931 27949 I native-activity: Swap 424 time is 30.389ms
04-11 03:37:42.022 27931 27949 I native-activity: Animating
04-11 03:37:42.067 27931 27949 I native-activity: Frame 425 GL error is 0x506
04-11 03:37:42.067 27931 27949 I native-activity: Frame 425 time is 44.243ms
04-11 03:37:42.081 27931 27949 I native-activity: Swap 425 time is 58.499ms
04-11 03:37:42.081 27931 27949 I native-activity: Animating
04-11 03:37:42.130 27931 27949 I native-activity: Frame 426 GL error is 0x506
04-11 03:37:42.130 27931 27949 I native-activity: Frame 426 time is 48.560ms
04-11 03:37:42.141 27931 27949 I native-activity: Swap 426 time is 59.983ms
04-11 03:37:42.142 27931 27949 I native-activity: Animating
04-11 03:37:42.190 27931 27949 I native-activity: Frame 427 GL error is 0x506
04-11 03:37:42.190 27931 27949 I native-activity: Frame 427 time is 48.267ms
04-11 03:37:42.201 27931 27949 I native-activity: Swap 427 time is 59.522ms
04-11 03:37:42.201 27931 27949 I native-activity: Animating
04-11 03:37:42.247 27931 27949 I native-activity: Frame 428 GL error is 0x506
04-11 03:37:42.247 27931 27949 I native-activity: Frame 428 time is 45.305ms
04-11 03:37:42.260 27931 27949 I native-activity: Swap 428 time is 58.820ms
04-11 03:37:42.261 27931 27949 I native-activity: Animating
04-11 03:37:42.275 27931 27949 I native-activity: Frame 429 GL error is 0x506
04-11 03:37:42.276 27931 27949 I native-activity: Frame 429 time is 14.947ms
04-11 03:37:42.319 27931 27949 I native-activity: Swap 429 time is 58.727ms
04-11 03:37:42.319 27931 27949 I native-activity: Animating
04-11 03:37:42.337 27931 27949 I native-activity: Frame 430 GL error is 0x506
04-11 03:37:42.337 27931 27949 I native-activity: Frame 430 time is 17.899ms
04-11 03:37:42.378 27931 27949 I native-activity: Swap 430 time is 58.561ms
04-11 03:37:42.378 27931 27949 I native-activity: Animating
04-11 03:37:42.393 27931 27949 I native-activity: Frame 431 GL error is 0x506
04-11 03:37:42.393 27931 27949 I native-activity: Frame 431 time is 15.111ms
04-11 03:37:42.438 27931 27949 I native-activity: Swap 431 time is 59.348ms
04-11 03:37:42.438 27931 27949 I native-activity: Animating
04-11 03:37:42.457 27931 27949 I native-activity: Frame 432 GL error is 0x506
04-11 03:37:42.457 27931 27949 I native-activity: Frame 432 time is 19.190ms
04-11 03:37:42.496 27931 27949 I native-activity: Swap 432 time is 58.321ms
04-11 03:37:42.496 27931 27949 I native-activity: Animating
04-11 03:37:42.515 27931 27949 I native-activity: Frame 433 GL error is 0x506
04-11 03:37:42.515 27931 27949 I native-activity: Frame 433 time is 18.726ms
04-11 03:37:42.555 27931 27949 I native-activity: Swap 433 time is 58.855ms
04-11 03:37:42.556 27931 27949 I native-activity: Animating
04-11 03:37:42.580 27931 27949 I native-activity: Frame 434 GL error is 0x506
04-11 03:37:42.580 27931 27949 I native-activity: Frame 434 time is 24.042ms
04-11 03:37:42.618 27931 27949 I native-activity: Swap 434 time is 61.825ms
04-11 03:37:42.618 27931 27949 I native-activity: Animating
04-11 03:37:42.699 27931 27949 I native-activity: Frame 435 GL error is 0x506
04-11 03:37:42.699 27931 27949 I native-activity: Frame 435 time is 80.660ms
04-11 03:37:42.700 27931 27949 I native-activity: Swap 435 time is 81.777ms
04-11 03:37:42.700 27931 27949 I native-activity: Animating
04-11 03:37:42.721 27931 27949 I native-activity: Frame 436 GL error is 0x506
04-11 03:37:42.721 27931 27949 I native-activity: Frame 436 time is 20.775ms
04-11 03:37:42.747 27931 27949 I native-activity: Swap 436 time is 46.797ms
04-11 03:37:42.747 27931 27949 I native-activity: Animating
04-11 03:37:42.794 27931 27949 I native-activity: Frame 437 GL error is 0x506
04-11 03:37:42.794 27931 27949 I native-activity: Frame 437 time is 46.368ms
04-11 03:37:42.807 27931 27949 I native-activity: Swap 437 time is 60.049ms
04-11 03:37:42.808 27931 27949 I native-activity: Animating
04-11 03:37:42.853 27931 27949 I native-activity: Frame 438 GL error is 0x506
04-11 03:37:42.853 27931 27949 I native-activity: Frame 438 time is 45.788ms
04-11 03:37:42.861 27931 27949 I native-activity: Swap 438 time is 53.693ms
04-11 03:37:42.862 27931 27949 I native-activity: Animating
04-11 03:37:42.876 27931 27949 I native-activity: Frame 439 GL error is 0x506
04-11 03:37:42.876 27931 27949 I native-activity: Frame 439 time is 14.306ms
04-11 03:37:42.912 27931 27949 I native-activity: Swap 439 time is 50.292ms
04-11 03:37:42.912 27931 27949 I native-activity: Animating
04-11 03:37:42.937 27931 27949 I native-activity: Frame 440 GL error is 0x506
04-11 03:37:42.937 27931 27949 I native-activity: Frame 440 time is 24.866ms
04-11 03:37:42.963 27931 27949 I native-activity: Swap 440 time is 51.163ms
04-11 03:37:42.964 27931 27949 I native-activity: Animating
04-11 03:37:43.020 27931 27949 I native-activity: Frame 441 GL error is 0x506
04-11 03:37:43.020 27931 27949 I native-activity: Frame 441 time is 56.453ms
04-11 03:37:43.028 27931 27949 I native-activity: Swap 441 time is 64.651ms
04-11 03:37:43.029 27931 27949 I native-activity: Animating
04-11 03:37:43.086 27931 27949 I native-activity: Frame 442 GL error is 0x506
04-11 03:37:43.086 27931 27949 I native-activity: Frame 442 time is 57.379ms
04-11 03:37:43.093 27931 27949 I native-activity: Swap 442 time is 64.642ms
04-11 03:37:43.094 27931 27949 I native-activity: Animating
04-11 03:37:43.150 27931 27949 I native-activity: Frame 443 GL error is 0x506
04-11 03:37:43.150 27931 27949 I native-activity: Frame 443 time is 56.605ms
04-11 03:37:43.159 27931 27949 I native-activity: Swap 443 time is 64.927ms
04-11 03:37:43.159 27931 27949 I native-activity: Animating
04-11 03:37:43.215 27931 27949 I native-activity: Frame 444 GL error is 0x506
04-11 03:37:43.215 27931 27949 I native-activity: Frame 444 time is 56.192ms
04-11 03:37:43.223 27931 27949 I native-activity: Swap 444 time is 64.200ms
04-11 03:37:43.223 27931 27949 I native-activity: Animating
04-11 03:37:43.288 27931 27949 I native-activity: Frame 445 GL error is 0x506
04-11 03:37:43.288 27931 27949 I native-activity: Frame 445 time is 64.311ms
04-11 03:37:43.290 27931 27949 I native-activity: Swap 445 time is 65.825ms
04-11 03:37:43.291 27931 27949 I native-activity: Animating
04-11 03:37:43.318 27931 27949 I native-activity: Frame 446 GL error is 0x506
04-11 03:37:43.318 27931 27949 I native-activity: Frame 446 time is 27.367ms
04-11 03:37:43.336   448   605 E WifiStateMachine: WifiStateMachine Disconnected CMD_START_SCAN source -2 17723, 17725 -> obsolete
04-11 03:37:43.354 27931 27949 I native-activity: Swap 446 time is 62.587ms
04-11 03:37:43.354 27931 27949 I native-activity: Animating
04-11 03:37:43.383 27931 27949 I native-activity: Frame 447 GL error is 0x506
04-11 03:37:43.384 27931 27949 I native-activity: Frame 447 time is 29.755ms
04-11 03:37:43.418 27931 27949 I native-activity: Swap 447 time is 64.368ms
04-11 03:37:43.418 27931 27949 I native-activity: Animating
04-11 03:37:43.438 27931 27949 I native-activity: Frame 448 GL error is 0x506
04-11 03:37:43.438 27931 27949 I native-activity: Frame 448 time is 19.520ms
04-11 03:37:43.449   448   605 E WifiStateMachine: WifiStateMachine shouldSwitchNetwork  txSuccessRate=28847.50 rxSuccessRate=85299.25 delta 1000 -> 1
04-11 03:37:43.452   448   605 E WifiStateMachine: CMD_AUTO_CONNECT sup state ScanState my state DisconnectedState nid=0 roam=3
04-11 03:37:43.452   448   605 E WifiStateMachine: CMD_AUTO_CONNECT will save config -> "wildfredland" nid=0
04-11 03:37:43.484 27931 27949 I native-activity: Swap 448 time is 65.871ms
04-11 03:37:43.484 27931 27949 I native-activity: Animating
04-11 03:37:43.489   448   605 E WifiConfigStore: Setting BSSID for "wildfredland"WPA_PSK to any
04-11 03:37:43.495   448   605 E WifiConfigStore: will read network variables netId=0
04-11 03:37:43.511 27931 27949 I native-activity: Frame 449 GL error is 0x506
04-11 03:37:43.511 27931 27949 I native-activity: Frame 449 time is 26.712ms
04-11 03:37:43.524   448   605 E WifiStateMachine: CMD_AUTO_CONNECT did save config ->  nid=0
04-11 03:37:43.527   448   605 E WifiConfigStore: will read network variables netId=0
04-11 03:37:43.550   663   663 I wpa_supplicant: wlan0: Trying to associate with b0:48:7a:cb:7c:ec (SSID='wildfredland' freq=2427 MHz)
04-11 03:37:43.552 27931 27949 I native-activity: Swap 449 time is 67.079ms
04-11 03:37:43.552 27931 27949 I native-activity: Animating
04-11 03:37:43.570 27931 27949 I native-activity: Frame 450 GL error is 0x506
04-11 03:37:43.570 27931 27949 I native-activity: Frame 450 time is 17.823ms
04-11 03:37:43.615 27931 27949 I native-activity: Swap 450 time is 63.029ms
04-11 03:37:43.615 27931 27949 I native-activity: Animating
04-11 03:37:43.633 27931 27949 I native-activity: Frame 451 GL error is 0x506
04-11 03:37:43.633 27931 27949 I native-activity: Frame 451 time is 18.186ms
04-11 03:37:43.681 27931 27949 I native-activity: Swap 451 time is 65.999ms
04-11 03:37:43.681 27931 27949 I native-activity: Animating
04-11 03:37:43.706 27931 27949 I native-activity: Frame 452 GL error is 0x506
04-11 03:37:43.706 27931 27949 I native-activity: Frame 452 time is 24.218ms
04-11 03:37:43.745 27931 27949 I native-activity: Swap 452 time is 63.074ms
04-11 03:37:43.745 27931 27949 I native-activity: Animating
04-11 03:37:43.764 27931 27949 I native-activity: Frame 453 GL error is 0x506
04-11 03:37:43.764 27931 27949 I native-activity: Frame 453 time is 18.853ms
04-11 03:37:43.807 27931 27949 I native-activity: Swap 453 time is 62.542ms
04-11 03:37:43.808 27931 27949 I native-activity: Animating
04-11 03:37:43.823 27931 27949 I native-activity: Frame 454 GL error is 0x506
04-11 03:37:43.823 27931 27949 I native-activity: Frame 454 time is 15.742ms
04-11 03:37:43.863   663   663 I wpa_supplicant: wlan0: Associated with b0:48:7a:cb:7c:ec
04-11 03:37:43.874 27931 27949 I native-activity: Swap 454 time is 66.738ms
04-11 03:37:43.875 27931 27949 I native-activity: Animating
04-11 03:37:43.899   663   663 I wpa_supplicant: wlan0: WPA: Key negotiation completed with b0:48:7a:cb:7c:ec [PTK=CCMP GTK=CCMP]
04-11 03:37:43.899   663   663 I wpa_supplicant: wlan0: CTRL-EVENT-CONNECTED - Connection to b0:48:7a:cb:7c:ec completed [id=0 id_str=]
04-11 03:37:43.909 27931 27949 I native-activity: Frame 455 GL error is 0x506
04-11 03:37:43.909 27931 27949 I native-activity: Frame 455 time is 34.187ms
04-11 03:37:43.929   448   605 D ConnectivityService: registerNetworkAgent NetworkAgentInfo{ ni{[type: WIFI[], state: CONNECTING/CONNECTING, reason: (unspecified), extra: "wildfredland", roaming: false, failover: false, isAvailable: true, isConnectedToProvisioningNetwork: false]}  network{null}  lp{{InterfaceName: wlan0 LinkAddresses: []  Routes: [] DnsAddresses: [] Domains: null MTU: 0 TcpBufferSizes: 524288,1048576,2097152,262144,524288,1048576}}  nc{[ Transports: WIFI Capabilities: INTERNET&NOT_RESTRICTED&TRUSTED&NOT_VPN LinkUpBandwidth>=1048576Kbps LinkDnBandwidth>=1048576Kbps]}  Score{20}  everValidated{false}  lastValidated{false}  created{false}  explicitlySelected{false} }
04-11 03:37:43.929   448   605 E WifiConfigStore: saveWifiConfigBSSID Setting BSSID for "wildfredland"WPA_PSK to any
04-11 03:37:43.929   448   613 D ConnectivityService: NetworkAgentInfo [WIFI () - 2789] EVENT_NETWORK_INFO_CHANGED, going from null to CONNECTING
04-11 03:37:43.944 27931 27949 I native-activity: Swap 455 time is 68.745ms
04-11 03:37:43.944 27931 27949 I native-activity: Animating
04-11 03:37:43.951   448   605 E WifiConfigStore: saveWifiConfigBSSID Setting BSSID for "wildfredland"WPA_PSK to any
04-11 03:37:43.972   121   427 D CommandListener: Setting iface cfg
04-11 03:37:43.974   448   605 E WifiStateMachine: Start Dhcp Watchdog 2795
04-11 03:37:43.977 27931 27949 I native-activity: Frame 456 GL error is 0x506
04-11 03:37:43.977 27931 27949 I native-activity: Frame 456 time is 33.362ms
04-11 03:37:43.988   448   613 D ConnectivityService: updateNetworkScore for NetworkAgentInfo [WIFI () - 2789] to 60
04-11 03:37:43.992 25234 25234 D Event   : No subscribers registered for event class com.tplink.hellotp.shared.o
04-11 03:37:43.992 25234 25234 D Event   : No subscribers registered for event class de.greenrobot.event.f
04-11 03:37:44.012 27931 27949 I native-activity: Swap 456 time is 67.839ms
04-11 03:37:44.012 27931 27949 I native-activity: Animating
04-11 03:37:44.031 27931 27949 I native-activity: Frame 457 GL error is 0x506
04-11 03:37:44.031 27931 27949 I native-activity: Frame 457 time is 18.764ms
04-11 03:37:44.077 27931 27949 I native-activity: Swap 457 time is 64.963ms
04-11 03:37:44.077 27931 27949 I native-activity: Animating
04-11 03:37:44.093 27931 27949 I native-activity: Frame 458 GL error is 0x506
04-11 03:37:44.093 27931 27949 I native-activity: Frame 458 time is 15.659ms
04-11 03:37:44.142 27931 27949 I native-activity: Swap 458 time is 64.906ms
04-11 03:37:44.142 27931 27949 I native-activity: Animating
04-11 03:37:44.168 27931 27949 I native-activity: Frame 459 GL error is 0x506
04-11 03:37:44.168 27931 27949 I native-activity: Frame 459 time is 26.054ms
04-11 03:37:44.205 27931 27949 I native-activity: Swap 459 time is 62.890ms
04-11 03:37:44.205 27931 27949 I native-activity: Animating
04-11 03:37:44.219 27931 27949 I native-activity: Frame 460 GL error is 0x506
04-11 03:37:44.220 27931 27949 I native-activity: Frame 460 time is 14.074ms
04-11 03:37:44.251   448   605 E native  : do suspend false
04-11 03:37:44.263   448   605 E WifiStateMachine: Unexpected BatchedScanResults :OK
04-11 03:37:44.272 27931 27949 I native-activity: Swap 460 time is 66.859ms
04-11 03:37:44.273 27931 27949 I native-activity: Animating
04-11 03:37:44.295 27931 27949 I native-activity: Frame 461 GL error is 0x506
04-11 03:37:44.295 27931 27949 I native-activity: Frame 461 time is 22.404ms
04-11 03:37:44.331 27931 27949 I native-activity: Swap 461 time is 58.523ms
04-11 03:37:44.331 27931 27949 I native-activity: Animating
04-11 03:37:44.367 27931 27949 I native-activity: Frame 462 GL error is 0x506
04-11 03:37:44.367 27931 27949 I native-activity: Frame 462 time is 35.700ms
04-11 03:37:44.400 27931 27949 I native-activity: Swap 462 time is 68.784ms
04-11 03:37:44.400 27931 27949 I native-activity: Animating
04-11 03:37:44.416 27931 27949 I native-activity: Frame 463 GL error is 0x506
04-11 03:37:44.416 27931 27949 I native-activity: Frame 463 time is 15.920ms
04-11 03:37:44.454 27931 27949 I native-activity: Swap 463 time is 53.086ms
04-11 03:37:44.454 27931 27949 I native-activity: Animating
04-11 03:37:44.461 27931 27949 I native-activity: Frame 464 GL error is 0x506
04-11 03:37:44.461 27931 27949 I native-activity: Frame 464 time is 7.229ms
04-11 03:37:44.489 28000 28000 I dhcpcd  : version 5.5.6 starting
04-11 03:37:44.491 28000 28000 E dhcpcd  : get_duid: Read-only file system
04-11 03:37:44.508 27931 27949 I native-activity: Swap 464 time is 54.132ms
04-11 03:37:44.508 27931 27949 I native-activity: Animating
04-11 03:37:44.522 27931 27949 I native-activity: Frame 465 GL error is 0x506
04-11 03:37:44.522 27931 27949 I native-activity: Frame 465 time is 14.206ms
04-11 03:37:44.557 27931 27949 I native-activity: Swap 465 time is 49.131ms
04-11 03:37:44.557 27931 27949 I native-activity: Animating
04-11 03:37:44.568 27931 27949 I native-activity: Frame 466 GL error is 0x506
04-11 03:37:44.568 27931 27949 I native-activity: Frame 466 time is 10.724ms
04-11 03:37:44.618 27931 27949 I native-activity: Swap 466 time is 60.887ms
04-11 03:37:44.619 27931 27949 I native-activity: Animating
04-11 03:37:44.644 27931 27949 I native-activity: Frame 467 GL error is 0x506
04-11 03:37:44.644 27931 27949 I native-activity: Frame 467 time is 25.729ms
04-11 03:37:44.670 27931 27949 I native-activity: Swap 467 time is 51.099ms
04-11 03:37:44.670 27931 27949 I native-activity: Animating
04-11 03:37:44.699 27931 27949 I native-activity: Frame 468 GL error is 0x506
04-11 03:37:44.699 27931 27949 I native-activity: Frame 468 time is 28.456ms
04-11 03:37:44.725 28000 28000 I dhcpcd  : wlan0: rebinding lease of 192.168.1.110
04-11 03:37:44.732 27931 27949 I native-activity: Swap 468 time is 61.435ms
04-11 03:37:44.732 27931 27949 I native-activity: Animating
04-11 03:37:44.760 27931 27949 I native-activity: Frame 469 GL error is 0x506
04-11 03:37:44.760 27931 27949 I native-activity: Frame 469 time is 28.059ms
04-11 03:37:44.773 28000 28000 I dhcpcd  : wlan0: acknowledged 192.168.1.110 from 192.168.1.1
04-11 03:37:44.786 27931 27949 I native-activity: Swap 469 time is 53.756ms
04-11 03:37:44.786 27931 27949 I native-activity: Animating
04-11 03:37:44.820 28000 28000 I dhcpcd  : wlan0: leased 192.168.1.110 for 7200 seconds
04-11 03:37:44.831 27931 27949 I native-activity: Frame 470 GL error is 0x506
04-11 03:37:44.831 27931 27949 I native-activity: Frame 470 time is 44.535ms
04-11 03:37:44.842 27931 27949 I native-activity: Swap 470 time is 55.476ms
04-11 03:37:44.842 27931 27949 I native-activity: Animating
04-11 03:37:44.882 27931 27949 I native-activity: Frame 471 GL error is 0x506
04-11 03:37:44.883 27931 27949 I native-activity: Frame 471 time is 40.614ms
04-11 03:37:44.897 27931 27949 I native-activity: Swap 471 time is 54.685ms
04-11 03:37:44.897 27931 27949 I native-activity: Animating
04-11 03:37:44.938 27931 27949 I native-activity: Frame 472 GL error is 0x506
04-11 03:37:44.939 27931 27949 I native-activity: Frame 472 time is 41.655ms
04-11 03:37:44.951 27931 27949 I native-activity: Swap 472 time is 54.059ms
04-11 03:37:44.951 27931 27949 I native-activity: Animating
04-11 03:37:44.995 27931 27949 I native-activity: Frame 473 GL error is 0x506
04-11 03:37:44.995 27931 27949 I native-activity: Frame 473 time is 44.121ms
04-11 03:37:45.007 27931 27949 I native-activity: Swap 473 time is 55.445ms
04-11 03:37:45.007 27931 27949 I native-activity: Animating
04-11 03:37:45.048 27931 27949 I native-activity: Frame 474 GL error is 0x506
04-11 03:37:45.049 27931 27949 I native-activity: Frame 474 time is 41.498ms
04-11 03:37:45.061 27931 27949 I native-activity: Swap 474 time is 53.839ms
04-11 03:37:45.061 27931 27949 I native-activity: Animating
04-11 03:37:45.091 27931 27949 I native-activity: Frame 475 GL error is 0x506
04-11 03:37:45.091 27931 27949 I native-activity: Frame 475 time is 29.756ms
04-11 03:37:45.118 27931 27949 I native-activity: Swap 475 time is 56.378ms
04-11 03:37:45.118 27931 27949 I native-activity: Animating
04-11 03:37:45.149 27931 27949 I native-activity: Frame 476 GL error is 0x506
04-11 03:37:45.149 27931 27949 I native-activity: Frame 476 time is 30.813ms
04-11 03:37:45.175   448   610 D WifiService: Client connection lost with reason: 4
04-11 03:37:45.177 27931 27949 I native-activity: Swap 476 time is 59.169ms
04-11 03:37:45.178 27931 27949 I native-activity: Animating
04-11 03:37:45.208 27931 27949 I native-activity: Frame 477 GL error is 0x506
04-11 03:37:45.208 27931 27949 I native-activity: Frame 477 time is 30.134ms
04-11 03:37:45.234 27931 27949 I native-activity: Swap 477 time is 55.875ms
04-11 03:37:45.234 27931 27949 I native-activity: Animating
04-11 03:37:45.263 27931 27949 I native-activity: Frame 478 GL error is 0x506
04-11 03:37:45.263 27931 27949 I native-activity: Frame 478 time is 29.014ms
04-11 03:37:45.294 27931 27949 I native-activity: Swap 478 time is 59.680ms
04-11 03:37:45.294 27931 27949 I native-activity: Animating
04-11 03:37:45.311   448   975 I ActivityManager: Process com.amazon.mp3 (pid 13323) has died
04-11 03:37:45.313   448   975 W ActivityManager: Scheduling restart of crashed service com.amazon.mp3/.download.DownloadNotificationService in 31160696ms
04-11 03:37:45.331 27931 27949 I native-activity: Frame 479 GL error is 0x506
04-11 03:37:45.331 27931 27949 I native-activity: Frame 479 time is 36.946ms
04-11 03:37:45.360 27931 27949 I native-activity: Swap 479 time is 65.608ms
04-11 03:37:45.360 27931 27949 I native-activity: Animating
04-11 03:37:45.390 27931 27949 I native-activity: Frame 480 GL error is 0x506
04-11 03:37:45.391 27931 27949 I native-activity: Frame 480 time is 30.553ms
04-11 03:37:45.431 27931 27949 I native-activity: Swap 480 time is 70.960ms
04-11 03:37:45.431 27931 27949 I native-activity: Animating
04-11 03:37:45.456 27931 27949 I native-activity: Frame 481 GL error is 0x506
04-11 03:37:45.456 27931 27949 I native-activity: Frame 481 time is 24.793ms
04-11 03:37:45.497   448   613 D ConnectivityService: NetworkAgentInfo [WIFI () - 2789] EVENT_NETWORK_INFO_CHANGED, going from CONNECTING to CONNECTED
04-11 03:37:45.503 27931 27949 I native-activity: Swap 481 time is 72.029ms
04-11 03:37:45.504 27931 27949 I native-activity: Animating
04-11 03:37:45.515   448   605 E WifiStateMachine: Did not find remoteAddress {192.168.1.1} in /proc/net/arp
04-11 03:37:45.517   448   613 D ConnectivityService: Adding iface wlan0 to network 2789
04-11 03:37:45.521   448   468 W ProcessCpuTracker: Skipping unknown process pid 28030
04-11 03:37:45.547 27931 27949 I native-activity: Frame 482 GL error is 0x506
04-11 03:37:45.547 27931 27949 I native-activity: Frame 482 time is 43.190ms
04-11 03:37:45.575 27931 27949 I native-activity: Swap 482 time is 71.371ms
04-11 03:37:45.575 27931 27949 I native-activity: Animating
04-11 03:37:45.612 27931 27949 I native-activity: Frame 483 GL error is 0x506
04-11 03:37:45.612 27931 27949 I native-activity: Frame 483 time is 36.577ms
04-11 03:37:45.647 27931 27949 I native-activity: Swap 483 time is 71.498ms
04-11 03:37:45.647 27931 27949 I native-activity: Animating
04-11 03:37:45.675 27931 27949 I native-activity: Frame 484 GL error is 0x506
04-11 03:37:45.675 27931 27949 I native-activity: Frame 484 time is 27.473ms
04-11 03:37:45.724 27931 27949 I native-activity: Swap 484 time is 76.389ms
04-11 03:37:45.724 27931 27949 I native-activity: Animating
04-11 03:37:45.814 27931 27949 I native-activity: Frame 485 GL error is 0x506
04-11 03:37:45.814 27931 27949 I native-activity: Frame 485 time is 89.552ms
04-11 03:37:45.823 27931 27949 I native-activity: Swap 485 time is 98.498ms
04-11 03:37:45.823 27931 27949 I native-activity: Animating
04-11 03:37:45.846 27931 27949 I native-activity: Frame 486 GL error is 0x506
04-11 03:37:45.846 27931 27949 I native-activity: Frame 486 time is 23.188ms
04-11 03:37:45.867   448   613 E ConnectivityService: Unexpected mtu value: 0, wlan0
04-11 03:37:45.867 27931 27949 I native-activity: Swap 486 time is 44.014ms
04-11 03:37:45.867   448   613 D ConnectivityService: Adding Route [fe80::/64 -> :: wlan0] to network 2789
04-11 03:37:45.868 27931 27949 I native-activity: Animating
04-11 03:37:45.873   448   613 D ConnectivityService: Adding Route [192.168.1.0/24 -> 0.0.0.0 wlan0] to network 2789
04-11 03:37:45.879   448   613 D ConnectivityService: Adding Route [0.0.0.0/0 -> 192.168.1.1 wlan0] to network 2789
04-11 03:37:45.886   448   613 D ConnectivityService: Setting Dns servers for network 2789 to [/8.8.8.8, /8.8.4.4]
04-11 03:37:45.898 27931 27949 I native-activity: Frame 487 GL error is 0x506
04-11 03:37:45.898 27931 27949 I native-activity: Frame 487 time is 30.491ms
04-11 03:37:45.935 27931 27949 I native-activity: Swap 487 time is 67.403ms
04-11 03:37:45.935 27931 27949 I native-activity: Animating
04-11 03:37:45.951   448   937 I ActivityManager: Process com.google.android.gms.unstable (pid 25359) has died
04-11 03:37:45.957 27931 27949 I native-activity: Frame 488 GL error is 0x506
04-11 03:37:45.957 27931 27949 I native-activity: Frame 488 time is 22.152ms
04-11 03:37:45.980   448   613 D ConnectivityService: notifyType IP_CHANGED for NetworkAgentInfo [WIFI () - 2789]
04-11 03:37:45.997   448   613 D ConnectivityService: notifyType PRECHECK for NetworkAgentInfo [WIFI () - 2789]
04-11 03:37:45.998   448   613 D ConnectivityService: rematching NetworkAgentInfo [WIFI () - 2789]
04-11 03:37:45.998   448   613 D ConnectivityService:    accepting network in place of null
04-11 03:37:45.998   448 27999 D NetworkMonitor/NetworkAgentInfo [WIFI () - 2789]: DefaultState{ when=0 what=532481 target=com.android.internal.util.StateMachine$SmHandler }
04-11 03:37:45.998   448 27999 D NetworkMonitor/NetworkAgentInfo [WIFI () - 2789]: Connected
04-11 03:37:45.999   448 27999 D NetworkMonitor/NetworkAgentInfo [WIFI () - 2789]: EvaluatingState{ when=0 what=532486 arg1=1 target=com.android.internal.util.StateMachine$SmHandler }
04-11 03:37:45.999   448 27999 D NetworkMonitor/NetworkAgentInfo [WIFI () - 2789]: Checking http://connectivitycheck.android.com/generate_204 on "wildfredland"
04-11 03:37:46.000   448   613 D ConnectivityService:    accepting network in place of null
04-11 03:37:46.004   448   613 D ConnectivityService: Switching to new default network: NetworkAgentInfo{ ni{[type: WIFI[], state: CONNECTED/CONNECTED, reason: (unspecified), extra: "wildfredland", roaming: false, failover: false, isAvailable: true, isConnectedToProvisioningNetwork: false]}  network{2789}  lp{{InterfaceName: wlan0 LinkAddresses: [fe80::5246:5dff:fe14:77bf/64,192.168.1.110/24,]  Routes: [fe80::/64 -> :: wlan0,192.168.1.0/24 -> 0.0.0.0 wlan0,0.0.0.0/0 -> 192.168.1.1 wlan0,] DnsAddresses: [8.8.8.8,8.8.4.4,] Domains:  MTU: 0 TcpBufferSizes: 524288,1048576,2097152,262144,524288,1048576}}  nc{[ Transports: WIFI Capabilities: INTERNET&NOT_RESTRICTED&TRUSTED&NOT_VPN LinkUpBandwidth>=1048576Kbps LinkDnBandwidth>=1048576Kbps]}  Score{20}  everValidated{false}  lastValidated{false}  created{true}  explicitlySelected{false} }
04-11 03:37:46.008 27931 27949 I native-activity: Swap 488 time is 73.199ms
04-11 03:37:46.009 27931 27949 I native-activity: Animating
04-11 03:37:46.016   448   613 D ConnectivityService: notifyType AVAILABLE for NetworkAgentInfo [WIFI () - 2789]
04-11 03:37:46.019   666  1123 D ConnectivityManager.CallbackHandler: CM callback handler got msg 524290
04-11 03:37:46.022  8277 27307 D ConnectivityManager.CallbackHandler: CM callback handler got msg 524290
04-11 03:37:46.023 25234 25335 D ConnectivityManager.CallbackHandler: CM callback handler got msg 524290
04-11 03:37:46.025   448   613 D CSLegacyTypeTracker: Sending connected broadcast for type 1 NetworkAgentInfo [WIFI () - 2789] isDefaultNetwork=true
04-11 03:37:46.026   448   613 D ConnectivityService: sendStickyBroadcast: action=android.net.conn.CONNECTIVITY_CHANGE_IMMEDIATE
04-11 03:37:46.028   448   613 D ConnectivityService: sendStickyBroadcast: action=android.net.conn.CONNECTIVITY_CHANGE
04-11 03:37:46.030   448 27999 D NetworkMonitor/NetworkAgentInfo [WIFI () - 2789]: Probably not a portal: exception java.net.UnknownHostException: Unable to resolve host "connectivitycheck.android.com": No address associated with hostname
04-11 03:37:46.034 25472 25552 D ConnectivityManager.CallbackHandler: CM callback handler got msg 524290
04-11 03:37:46.038   448   472 D Tethering: MasterInitialState.processMessage what=3
04-11 03:37:46.038 25234 25335 D Event   : No subscribers registered for event class com.tplink.hellotp.shared.j
04-11 03:37:46.038 25234 25335 D Event   : No subscribers registered for event class de.greenrobot.event.f
04-11 03:37:46.039 25234 25335 D ConnectivityManager.CallbackHandler: CM callback handler got msg 524290
04-11 03:37:46.039 25234 25335 D Event   : No subscribers registered for event class com.tplink.hellotp.shared.j
04-11 03:37:46.039 25234 25335 D Event   : No subscribers registered for event class de.greenrobot.event.f
04-11 03:37:46.057 27931 27949 I native-activity: Frame 489 GL error is 0x506
04-11 03:37:46.057 27931 27949 I native-activity: Frame 489 time is 48.556ms
04-11 03:37:46.065 25340 25340 I NetworkMonitor: type=WIFI subType= reason=null isConnected=true
04-11 03:37:46.080 27931 27949 I native-activity: Swap 489 time is 71.130ms
04-11 03:37:46.080 27931 27949 I native-activity: Animating
04-11 03:37:46.113 27931 27949 I native-activity: Frame 490 GL error is 0x506
04-11 03:37:46.113 27931 27949 I native-activity: Frame 490 time is 32.522ms
04-11 03:37:46.121   976  7035 D PhoneInterfaceManager: [PhoneIntfMgr] getDataEnabled: subId=-1 phoneId=-1
04-11 03:37:46.121   976  7035 E PhoneInterfaceManager: [PhoneIntfMgr] getDataEnabled: no phone subId=-1 retVal=false
04-11 03:37:46.121   448   467 D TelephonyManager: getDataEnabled: retVal=false
04-11 03:37:46.154 27931 27949 I native-activity: Swap 490 time is 73.563ms
04-11 03:37:46.154 27931 27949 I native-activity: Animating
04-11 03:37:46.188 27931 27949 I native-activity: Frame 491 GL error is 0x506
04-11 03:37:46.188 27931 27949 I native-activity: Frame 491 time is 34.025ms
04-11 03:37:46.223 27931 27949 I native-activity: Swap 491 time is 68.481ms
04-11 03:37:46.223 27931 27949 I native-activity: Animating
04-11 03:37:46.243 27931 27949 I native-activity: Frame 492 GL error is 0x506
04-11 03:37:46.243 27931 27949 I native-activity: Frame 492 time is 19.681ms
04-11 03:37:46.294 27931 27949 I native-activity: Swap 492 time is 70.769ms
04-11 03:37:46.294 27931 27949 I native-activity: Animating
04-11 03:37:46.318 27931 27949 I native-activity: Frame 493 GL error is 0x506
04-11 03:37:46.318 27931 27949 I native-activity: Frame 493 time is 23.496ms
04-11 03:37:46.368 27931 27949 I native-activity: Swap 493 time is 73.903ms
04-11 03:37:46.369 27931 27949 I native-activity: Animating
04-11 03:37:46.396 27931 27949 I native-activity: Frame 494 GL error is 0x506
04-11 03:37:46.396 27931 27949 I native-activity: Frame 494 time is 27.515ms
04-11 03:37:46.430 27931 27949 I native-activity: Swap 494 time is 61.379ms
04-11 03:37:46.430 27931 27949 I native-activity: Animating
04-11 03:37:46.452 27931 27949 I native-activity: Frame 495 GL error is 0x506
04-11 03:37:46.453 27931 27949 I native-activity: Frame 495 time is 21.939ms
04-11 03:37:46.509 27931 27949 I native-activity: Swap 495 time is 78.312ms
04-11 03:37:46.509 27931 27949 I native-activity: Animating
04-11 03:37:46.538 27931 27949 I native-activity: Frame 496 GL error is 0x506
04-11 03:37:46.538 27931 27949 I native-activity: Frame 496 time is 28.667ms
04-11 03:37:46.580 27931 27949 I native-activity: Swap 496 time is 70.704ms
04-11 03:37:46.580 27931 27949 I native-activity: Animating
04-11 03:37:46.605 27931 27949 I native-activity: Frame 497 GL error is 0x506
04-11 03:37:46.605 27931 27949 I native-activity: Frame 497 time is 24.464ms
04-11 03:37:46.654 27931 27949 I native-activity: Swap 497 time is 73.776ms
04-11 03:37:46.655 27931 27949 I native-activity: Animating
04-11 03:37:46.659   663   663 I wpa_supplicant: wlan0: WPA: Key negotiation completed with b0:48:7a:cb:7c:ec [PTK=CCMP GTK=CCMP]
04-11 03:37:46.686 27931 27949 I native-activity: Frame 498 GL error is 0x506
04-11 03:37:46.686 27931 27949 I native-activity: Frame 498 time is 31.719ms
04-11 03:37:46.688   448  1271 I art     : Explicit concurrent mark sweep GC freed 89551(4MB) AllocSpace objects, 9(144KB) LOS objects, 33% free, 26MB/40MB, paused 2.897ms total 516.516ms
04-11 03:37:46.727 27931 27949 I native-activity: Swap 498 time is 72.652ms
04-11 03:37:46.728 27931 27949 I native-activity: Animating
04-11 03:37:46.749   663   663 I wpa_supplicant: wlan0: Associated with b0:48:7a:cb:7c:ec
04-11 03:37:46.760 27931 27949 I native-activity: Frame 499 GL error is 0x506
04-11 03:37:46.760 27931 27949 I native-activity: Frame 499 time is 31.964ms
04-11 03:37:46.802 27931 27949 I native-activity: Swap 499 time is 74.584ms
04-11 03:37:46.803 27931 27949 I native-activity: Animating
04-11 03:37:46.830  8277 28047 I CheckinChimeraService: Checking schedule, now: 1491907066830 next: 1491453589787
04-11 03:37:46.833 27931 27949 I native-activity: Frame 500 GL error is 0x506
04-11 03:37:46.834 27931 27949 I native-activity: Frame 500 time is 30.687ms
04-11 03:37:46.839  8277 28047 I CheckinChimeraService: active receiver: enabled
04-11 03:37:46.852   448   467 E GpsLocationProvider: No APN found to select.
04-11 03:37:46.873 27931 27949 I native-activity: Swap 500 time is 70.513ms
04-11 03:37:46.874 27931 27949 I native-activity: Animating
04-11 03:37:46.900 27931 27949 I native-activity: Frame 501 GL error is 0x506
04-11 03:37:46.901 27931 27949 I native-activity: Frame 501 time is 26.658ms
04-11 03:37:46.905   448   467 D libgps  : proxy_agps_ril_update_network_state()
04-11 03:37:46.905   448   467 D gpslogd : agps_ril_update_network_state: Waiting for IPC connection...
04-11 03:37:46.937  8277 28047 I CheckinChimeraService: Preparing to send checkin request
04-11 03:37:46.937  8277 28047 I EventLogChimeraService: Accumulating logs since 1491907006349
04-11 03:37:46.951 27931 27949 I native-activity: Swap 501 time is 77.169ms
04-11 03:37:46.951 27931 27949 I native-activity: Animating
04-11 03:37:46.967 25340 28044 I MusicLeanback: Conditions not met for autocaching.
04-11 03:37:46.968 25340 28044 I MusicLeanback: Stop autocaching.
04-11 03:37:46.981 27931 27949 I native-activity: Frame 502 GL error is 0x506
04-11 03:37:46.981 27931 27949 I native-activity: Frame 502 time is 29.544ms
04-11 03:37:47.018   448   613 D ConnectivityService: NetTransition Wakelock (NetworkAgentInfo [WIFI () - 2788] cleared because we found a replacement network
04-11 03:37:47.019 27931 27949 I native-activity: Swap 502 time is 67.860ms
04-11 03:37:47.020 27931 27949 I native-activity: Animating
04-11 03:37:47.060 27931 27949 I native-activity: Frame 503 GL error is 0x506
04-11 03:37:47.060 27931 27949 I native-activity: Frame 503 time is 40.433ms
04-11 03:37:47.094  8277  8277 I iu.Environment: update connectivity state; isNetworkMetered? false, isRoaming? false, isBackgroundDataAllowed? true*
04-11 03:37:47.099 27931 27949 I native-activity: Swap 503 time is 79.590ms
04-11 03:37:47.100 27931 27949 I native-activity: Animating
04-11 03:37:47.132 27931 27949 I native-activity: Frame 504 GL error is 0x506
04-11 03:37:47.132 27931 27949 I native-activity: Frame 504 time is 32.525ms
04-11 03:37:47.158 25234 25234 D Event   : No subscribers registered for event class com.tplink.hellotp.shared.o
04-11 03:37:47.159 25234 25234 D Event   : No subscribers registered for event class de.greenrobot.event.f
04-11 03:37:47.166 27931 27949 I native-activity: Swap 504 time is 66.359ms
04-11 03:37:47.167 27931 27949 I native-activity: Animating
04-11 03:37:47.176  8277  8937 I iu.UploadsManager: num queued entries: 0
04-11 03:37:47.186  8277  8937 I iu.UploadsManager: num updated entries: 0
04-11 03:37:47.195  8277  8937 I iu.SyncManager: NEXT; no task
04-11 03:37:47.198 27931 27949 I native-activity: Frame 505 GL error is 0x506
04-11 03:37:47.199 27931 27949 I native-activity: Frame 505 time is 31.856ms
04-11 03:37:47.240 27931 27949 I native-activity: Swap 505 time is 73.623ms
04-11 03:37:47.241 27931 27949 I native-activity: Animating
04-11 03:37:47.290 27931 27949 I native-activity: Frame 506 GL error is 0x506
04-11 03:37:47.290 27931 27949 I native-activity: Frame 506 time is 48.531ms
04-11 03:37:47.314 27931 27949 I native-activity: Swap 506 time is 73.099ms
04-11 03:37:47.315 27931 27949 I native-activity: Animating
04-11 03:37:47.342 27931 27949 I native-activity: Frame 507 GL error is 0x506
04-11 03:37:47.342 27931 27949 I native-activity: Frame 507 time is 27.663ms
04-11 03:37:47.390 27931 27949 I native-activity: Swap 507 time is 75.450ms
04-11 03:37:47.391 27931 27949 I native-activity: Animating
04-11 03:37:47.416 27931 27949 I native-activity: Frame 508 GL error is 0x506
04-11 03:37:47.416 27931 27949 I native-activity: Frame 508 time is 25.008ms
04-11 03:37:47.474 27931 27949 I native-activity: Swap 508 time is 82.834ms
04-11 03:37:47.474 27931 27949 I native-activity: Animating
04-11 03:37:47.486  8277 28047 I CheckinTask: Get token from PseudonymousIdApi: 100=QI89i1muOz-6tFALarPEg9o2BY39gu-bMEBRrltZpMFqAb1Nd7HEy-edS9bMZSI5rbefHo8KHK4XYv22kOXxSIUb8mtzdJIcsK7Sw0QZMBUVkUGYGaCPuI-EpboXqYCx
04-11 03:37:47.487  8277 28047 I CheckinRequestBuilder: Checkin reason type: 8 attempt count: 1
04-11 03:37:47.497  8277 28047 E ActivityThread: Failed to find provider info for com.google.android.wearable.settings
04-11 03:37:47.499 27931 27949 I native-activity: Frame 509 GL error is 0x506
04-11 03:37:47.499 27931 27949 I native-activity: Frame 509 time is 24.473ms
04-11 03:37:47.525 27931 27949 I native-activity: Swap 509 time is 50.948ms
04-11 03:37:47.526 27931 27949 I native-activity: Animating
04-11 03:37:47.565 27931 27949 I native-activity: Frame 510 GL error is 0x506
04-11 03:37:47.565 27931 27949 I native-activity: Frame 510 time is 39.419ms
04-11 03:37:47.604 27931 27949 I native-activity: Swap 510 time is 78.581ms
04-11 03:37:47.605 27931 27949 I native-activity: Animating
04-11 03:37:47.631 27931 27949 I native-activity: Frame 511 GL error is 0x506
04-11 03:37:47.631 27931 27949 I native-activity: Frame 511 time is 26.512ms
04-11 03:37:47.677 27931 27949 I native-activity: Swap 511 time is 72.103ms
04-11 03:37:47.681 27931 27949 I native-activity: Animating
04-11 03:37:47.707 27931 27949 I native-activity: Frame 512 GL error is 0x506
04-11 03:37:47.707 27931 27949 I native-activity: Frame 512 time is 26.197ms
04-11 03:37:47.748 27931 27949 I native-activity: Swap 512 time is 67.291ms
04-11 03:37:47.748 27931 27949 I native-activity: Animating
04-11 03:37:47.778 27931 27949 I native-activity: Frame 513 GL error is 0x506
04-11 03:37:47.778 27931 27949 I native-activity: Frame 513 time is 29.446ms
04-11 03:37:47.820 27931 27949 I native-activity: Swap 513 time is 71.742ms
04-11 03:37:47.821 27931 27949 I native-activity: Animating
04-11 03:37:47.825  8277 28047 I CheckinRequestBuilder: Unknown state of subscriptions on the device
04-11 03:37:47.854 27931 27949 I native-activity: Frame 514 GL error is 0x506
04-11 03:37:47.855 27931 27949 I native-activity: Frame 514 time is 33.714ms
04-11 03:37:47.894 27931 27949 I native-activity: Swap 514 time is 73.022ms
04-11 03:37:47.894 27931 27949 I native-activity: Animating
04-11 03:37:47.967 27931 27949 I native-activity: Frame 515 GL error is 0x506
04-11 03:37:47.967 27931 27949 I native-activity: Frame 515 time is 73.107ms
04-11 03:37:47.980 27931 27949 I native-activity: Swap 515 time is 85.795ms
04-11 03:37:47.980 27931 27949 I native-activity: Animating
04-11 03:37:48.002 27931 27949 I native-activity: Frame 516 GL error is 0x506
04-11 03:37:48.002 27931 27949 I native-activity: Frame 516 time is 21.588ms
04-11 03:37:48.045 27931 27949 I native-activity: Swap 516 time is 64.709ms
04-11 03:37:48.046 27931 27949 I native-activity: Animating
04-11 03:37:48.069 27931 27949 I native-activity: Frame 517 GL error is 0x506
04-11 03:37:48.069 27931 27949 I native-activity: Frame 517 time is 22.986ms
04-11 03:37:48.112 27931 27949 I native-activity: Swap 517 time is 65.970ms
04-11 03:37:48.112 27931 27949 I native-activity: Animating
04-11 03:37:48.136 27931 27949 I native-activity: Frame 518 GL error is 0x506
04-11 03:37:48.136 27931 27949 I native-activity: Frame 518 time is 24.329ms
04-11 03:37:48.137  8230 27603 E Auth    : [GoogleAccountDataServiceImpl] getToken() -> NETWORK_ERROR. Account: <ELLIDED:-1617149110>, App: com.google.android.gms, Service: AndroidCheckInServer
04-11 03:37:48.137  8230 27603 W Auth    : [GetToken] GetToken failed with status code: NetworkError
04-11 03:37:48.144  8277 28047 W CheckinRequestBuilder: error reading account token
04-11 03:37:48.144  8277 28047 W CheckinRequestBuilder: java.io.IOException: NetworkError
04-11 03:37:48.144  8277 28047 W CheckinRequestBuilder: 	at eai.a(:com.google.android.gms:1457)
04-11 03:37:48.144  8277 28047 W CheckinRequestBuilder: 	at eah.a(:com.google.android.gms:752)
04-11 03:37:48.144  8277 28047 W CheckinRequestBuilder: 	at eah.e(:com.google.android.gms:463)
04-11 03:37:48.144  8277 28047 W CheckinRequestBuilder: 	at eaf.f(:com.google.android.gms:3562)
04-11 03:37:48.144  8277 28047 W CheckinRequestBuilder: 	at eaf.a(:com.google.android.gms:2160)
04-11 03:37:48.144  8277 28047 W CheckinRequestBuilder: 	at jga.a(:com.google.android.gms:920)
04-11 03:37:48.144  8277 28047 W CheckinRequestBuilder: 	at jgf.a(:com.google.android.gms:506)
04-11 03:37:48.144  8277 28047 W CheckinRequestBuilder: 	at jgf.a(:com.google.android.gms:323)
04-11 03:37:48.144  8277 28047 W CheckinRequestBuilder: 	at jfw.a(:com.google.android.gms:1213)
04-11 03:37:48.144  8277 28047 W CheckinRequestBuilder: 	at jfw.doInBackground(:com.google.android.gms:1154)
04-11 03:37:48.144  8277 28047 W CheckinRequestBuilder: 	at android.os.AsyncTask$2.call(AsyncTask.java:292)
04-11 03:37:48.144  8277 28047 W CheckinRequestBuilder: 	at java.util.concurrent.FutureTask.run(FutureTask.java:237)
04-11 03:37:48.144  8277 28047 W CheckinRequestBuilder: 	at java.lang.Thread.run(Thread.java:818)
04-11 03:37:48.184 27931 27949 I native-activity: Swap 518 time is 72.217ms
04-11 03:37:48.185 27931 27949 I native-activity: Animating
04-11 03:37:48.210 27931 27949 I native-activity: Frame 519 GL error is 0x506
04-11 03:37:48.210 27931 27949 I native-activity: Frame 519 time is 25.224ms
04-11 03:37:48.257 27931 27949 I native-activity: Swap 519 time is 72.399ms
04-11 03:37:48.258 27931 27949 I native-activity: Animating
04-11 03:37:48.275 27931 27949 I native-activity: Frame 520 GL error is 0x506
04-11 03:37:48.275 27931 27949 I native-activity: Frame 520 time is 17.322ms
04-11 03:37:48.309   448   647 I ActivityManager: Start proc 28060:com.google.android.gms.unstable/u0a19 for service com.google.android.gms/.droidguard.DroidGuardService
04-11 03:37:48.331 27931 27949 I native-activity: Swap 520 time is 73.191ms
04-11 03:37:48.331 27931 27949 I native-activity: Animating
04-11 03:37:48.350 27931 27949 I native-activity: Frame 521 GL error is 0x506
04-11 03:37:48.350 27931 27949 I native-activity: Frame 521 time is 19.177ms
04-11 03:37:48.405 27931 27949 I native-activity: Swap 521 time is 73.661ms
04-11 03:37:48.405 27931 27949 I native-activity: Animating
04-11 03:37:48.425 27931 27949 I native-activity: Frame 522 GL error is 0x506
04-11 03:37:48.425 27931 27949 I native-activity: Frame 522 time is 20.110ms
04-11 03:37:48.463 28060 28060 W ResourcesManager: Asset path '/system/framework/com.android.media.remotedisplay.jar' does not exist or contains no resources.
04-11 03:37:48.465 28060 28060 W ResourcesManager: Asset path '/system/framework/com.android.location.provider.jar' does not exist or contains no resources.
04-11 03:37:48.478 27931 27949 I native-activity: Swap 522 time is 72.707ms
04-11 03:37:48.478 27931 27949 I native-activity: Animating
04-11 03:37:48.501 27931 27949 I native-activity: Frame 523 GL error is 0x506
04-11 03:37:48.501 27931 27949 I native-activity: Frame 523 time is 23.045ms
04-11 03:37:48.552 27931 27949 I native-activity: Swap 523 time is 73.555ms
04-11 03:37:48.552 27931 27949 I native-activity: Animating
04-11 03:37:48.575 27931 27949 I native-activity: Frame 524 GL error is 0x506
04-11 03:37:48.576 27931 27949 I native-activity: Frame 524 time is 23.387ms
04-11 03:37:48.624 27931 27949 I native-activity: Swap 524 time is 71.338ms
04-11 03:37:48.624 27931 27949 I native-activity: Animating
04-11 03:37:48.645 27931 27949 I native-activity: Frame 525 GL error is 0x506
04-11 03:37:48.646 27931 27949 I native-activity: Frame 525 time is 21.662ms
04-11 03:37:48.680   448   467 D gpslogd : agps_ril_update_network_state: Waiting for IPC connection - timeout
04-11 03:37:48.680   448   467 E gpslogd : LIBGPS: Cannot communicate (write) with a GPSD
04-11 03:37:48.680   448   467 E gpslogd : IPC Communication Error, /tmp/12075037/customers/Asustek/Tabletandroid/../../../proprietary/deliverables/android/gps_interface/../gps_interface/gpsi_client/GpsiClient.cpp:1194 agps_ril_update_network_state
04-11 03:37:48.680   448   467 D libgps  : proxy_agps_ril_update_network_state: called
04-11 03:37:48.681   448   467 D libgps  : proxy_agps_ril_update_network_availability()
04-11 03:37:48.681   448   467 D gpslogd : agps_ril_update_network_availability: Waiting for IPC connection...
04-11 03:37:48.697 27931 27949 I native-activity: Swap 525 time is 73.467ms
04-11 03:37:48.698 27931 27949 I native-activity: Animating
04-11 03:37:48.740 27931 27949 I native-activity: Frame 526 GL error is 0x506
04-11 03:37:48.740 27931 27949 I native-activity: Frame 526 time is 41.913ms
04-11 03:37:48.776 27931 27949 I native-activity: Swap 526 time is 78.417ms
