04-11 03:40:46.622 28843 28866 I native-activity: Frame 533 time is 56.224ms
04-11 03:40:46.622 28843 28866 I native-activity: Doing egl_swapbuffers_sync 2
04-11 03:40:46.623 28843 28866 I native-activity: Swap 533 time is 57.192ms
04-11 03:40:46.623 28843 28866 I native-activity: Animating
04-11 03:40:46.679 28843 28866 I native-activity: Frame 534 GL error is 0x506
04-11 03:40:46.680 28843 28866 I native-activity: Frame 534 time is 56.406ms
04-11 03:40:46.680 28843 28866 I native-activity: Doing egl_swapbuffers_sync 2
04-11 03:40:46.681 28843 28866 I native-activity: Swap 534 time is 57.698ms
04-11 03:40:46.681 28843 28866 I native-activity: Animating
04-11 03:40:46.711 28843 28866 I native-activity: Frame 535 GL error is 0x506
04-11 03:40:46.711 28843 28866 I native-activity: Frame 535 time is 29.963ms
04-11 03:40:46.711 28843 28866 I native-activity: Doing egl_swapbuffers_sync 2
04-11 03:40:46.712 28843 28866 I native-activity: Swap 535 time is 30.500ms
04-11 03:40:46.712 28843 28866 I native-activity: Animating
04-11 03:40:46.734 28843 28866 I native-activity: Frame 536 GL error is 0x506
04-11 03:40:46.734 28843 28866 I native-activity: Frame 536 time is 21.938ms
04-11 03:40:46.734 28843 28866 I native-activity: Doing egl_swapbuffers_sync 2
04-11 03:40:46.735 28843 28866 I native-activity: Swap 536 time is 22.986ms
04-11 03:40:46.735 28843 28866 I native-activity: Animating
04-11 03:40:46.790 28843 28866 I native-activity: Frame 537 GL error is 0x506
04-11 03:40:46.790 28843 28866 I native-activity: Frame 537 time is 54.962ms
04-11 03:40:46.790 28843 28866 I native-activity: Doing egl_swapbuffers_sync 2
04-11 03:40:46.791 28843 28866 I native-activity: Swap 537 time is 55.764ms
04-11 03:40:46.791 28843 28866 I native-activity: Animating
04-11 03:40:46.848 28843 28866 I native-activity: Frame 538 GL error is 0x506
04-11 03:40:46.848 28843 28866 I native-activity: Frame 538 time is 56.293ms
04-11 03:40:46.848 28843 28866 I native-activity: Doing egl_swapbuffers_sync 2
04-11 03:40:46.849 28843 28866 I native-activity: Swap 538 time is 57.400ms
04-11 03:40:46.849 28843 28866 I native-activity: Animating
04-11 03:40:46.905 28843 28866 I native-activity: Frame 539 GL error is 0x506
04-11 03:40:46.905 28843 28866 I native-activity: Frame 539 time is 55.796ms
04-11 03:40:46.905 28843 28866 I native-activity: Doing egl_swapbuffers_sync 2
04-11 03:40:46.905 28843 28866 I native-activity: Swap 539 time is 56.352ms
04-11 03:40:46.906 28843 28866 I native-activity: Animating
04-11 03:40:46.962 28843 28866 I native-activity: Frame 540 GL error is 0x506
04-11 03:40:46.962 28843 28866 I native-activity: Frame 540 time is 56.141ms
04-11 03:40:46.962 28843 28866 I native-activity: Doing egl_swapbuffers_sync 2
04-11 03:40:46.962 28843 28866 I native-activity: Swap 540 time is 56.669ms
04-11 03:40:46.962 28843 28866 I native-activity: Animating
04-11 03:40:47.019 28843 28866 I native-activity: Frame 541 GL error is 0x506
04-11 03:40:47.019 28843 28866 I native-activity: Frame 541 time is 56.216ms
04-11 03:40:47.019 28843 28866 I native-activity: Doing egl_swapbuffers_sync 2
04-11 03:40:47.019 28843 28866 I native-activity: Swap 541 time is 56.749ms
04-11 03:40:47.019 28843 28866 I native-activity: Animating
04-11 03:40:47.075 28843 28866 I native-activity: Frame 542 GL error is 0x506
04-11 03:40:47.075 28843 28866 I native-activity: Frame 542 time is 55.813ms
04-11 03:40:47.075 28843 28866 I native-activity: Doing egl_swapbuffers_sync 2
04-11 03:40:47.076 28843 28866 I native-activity: Swap 542 time is 56.508ms
04-11 03:40:47.076 28843 28866 I native-activity: Animating
04-11 03:40:47.132 28843 28866 I native-activity: Frame 543 GL error is 0x506
04-11 03:40:47.132 28843 28866 I native-activity: Frame 543 time is 55.545ms
04-11 03:40:47.132 28843 28866 I native-activity: Doing egl_swapbuffers_sync 2
04-11 03:40:47.132 28843 28866 I native-activity: Swap 543 time is 56.093ms
04-11 03:40:47.132 28843 28866 I native-activity: Animating
04-11 03:40:47.189 28843 28866 I native-activity: Frame 544 GL error is 0x506
04-11 03:40:47.189 28843 28866 I native-activity: Frame 544 time is 56.794ms
04-11 03:40:47.189 28843 28866 I native-activity: Doing egl_swapbuffers_sync 2
04-11 03:40:47.190 28843 28866 I native-activity: Swap 544 time is 57.352ms
04-11 03:40:47.191 28843 28866 I native-activity: Animating
04-11 03:40:47.247 28843 28866 I native-activity: Frame 545 GL error is 0x506
04-11 03:40:47.247 28843 28866 I native-activity: Frame 545 time is 56.369ms
04-11 03:40:47.247 28843 28866 I native-activity: Doing egl_swapbuffers_sync 2
04-11 03:40:47.248 28843 28866 I native-activity: Swap 545 time is 57.582ms
04-11 03:40:47.248 28843 28866 I native-activity: Animating
04-11 03:40:47.322 28843 28866 I native-activity: Frame 546 GL error is 0x506
04-11 03:40:47.322 28843 28866 I native-activity: Frame 546 time is 73.274ms
04-11 03:40:47.322 28843 28866 I native-activity: Doing egl_swapbuffers_sync 2
04-11 03:40:47.323 28843 28866 I native-activity: Swap 546 time is 74.161ms
04-11 03:40:47.323 28843 28866 I native-activity: Animating
04-11 03:40:47.420 28843 28866 I native-activity: Frame 547 GL error is 0x506
04-11 03:40:47.420 28843 28866 I native-activity: Frame 547 time is 96.689ms
04-11 03:40:47.420 28843 28866 I native-activity: Doing egl_swapbuffers_sync 2
04-11 03:40:47.421 28843 28866 I native-activity: Swap 547 time is 98.458ms
04-11 03:40:47.422 28843 28866 I native-activity: Animating
04-11 03:40:47.443 28843 28866 I native-activity: Frame 548 GL error is 0x506
04-11 03:40:47.443 28843 28866 I native-activity: Frame 548 time is 21.549ms
04-11 03:40:47.443 28843 28866 I native-activity: Doing egl_swapbuffers_sync 2
04-11 03:40:47.444 28843 28866 I native-activity: Swap 548 time is 22.538ms
04-11 03:40:47.445 28843 28866 I native-activity: Animating
04-11 03:40:47.451 28843 28866 I native-activity: Frame 549 GL error is 0x506
04-11 03:40:47.451 28843 28866 I native-activity: Frame 549 time is 6.428ms
04-11 03:40:47.451 28843 28866 I native-activity: Doing egl_swapbuffers_sync 2
04-11 03:40:47.452 28843 28866 I native-activity: Swap 549 time is 6.899ms
04-11 03:40:47.452 28843 28866 I native-activity: Animating
04-11 03:40:47.475 28843 28866 I native-activity: Frame 550 GL error is 0x506
04-11 03:40:47.475 28843 28866 I native-activity: Frame 550 time is 23.022ms
04-11 03:40:47.475 28843 28866 I native-activity: Doing egl_swapbuffers_sync 2
04-11 03:40:47.475 28843 28866 I native-activity: Swap 550 time is 23.515ms
04-11 03:40:47.476 28843 28866 I native-activity: Animating
04-11 03:40:47.531 28843 28866 I native-activity: Frame 551 GL error is 0x506
04-11 03:40:47.531 28843 28866 I native-activity: Frame 551 time is 55.113ms
04-11 03:40:47.531 28843 28866 I native-activity: Doing egl_swapbuffers_sync 2
04-11 03:40:47.532 28843 28866 I native-activity: Swap 551 time is 55.990ms
04-11 03:40:47.532 28843 28866 I native-activity: Animating
04-11 03:40:47.567   448 29249 D NetworkMonitor/NetworkAgentInfo [WIFI () - 2793]: EvaluatingState{ when=-5ms what=532486 arg1=3 target=com.android.internal.util.StateMachine$SmHandler }
04-11 03:40:47.567   448 29249 D NetworkMonitor/NetworkAgentInfo [WIFI () - 2793]: Checking http://connectivitycheck.android.com/generate_204 on "wildfredland"
04-11 03:40:47.570   448 29249 D NetworkMonitor/NetworkAgentInfo [WIFI () - 2793]: Probably not a portal: exception java.net.UnknownHostException: Unable to resolve host "connectivitycheck.android.com": No address associated with hostname
04-11 03:40:47.570   448   613 D ConnectivityService: setProvNotificationVisibleIntent: E visible=false networkType=0 extraInfo=null
04-11 03:40:47.587 28843 28866 I native-activity: Frame 552 GL error is 0x506
04-11 03:40:47.587 28843 28866 I native-activity: Frame 552 time is 54.435ms
04-11 03:40:47.587 28843 28866 I native-activity: Doing egl_swapbuffers_sync 2
04-11 03:40:47.587 28843 28866 I native-activity: Swap 552 time is 54.987ms
04-11 03:40:47.587 28843 28866 I native-activity: Animating
04-11 03:40:47.640 28843 28866 I native-activity: Frame 553 GL error is 0x506
04-11 03:40:47.640 28843 28866 I native-activity: Frame 553 time is 52.782ms
04-11 03:40:47.640 28843 28866 I native-activity: Doing egl_swapbuffers_sync 2
04-11 03:40:47.641 28843 28866 I native-activity: Swap 553 time is 53.509ms
04-11 03:40:47.641 28843 28866 I native-activity: Animating
04-11 03:40:47.695 28843 28866 I native-activity: Frame 554 GL error is 0x506
04-11 03:40:47.695 28843 28866 I native-activity: Frame 554 time is 53.607ms
04-11 03:40:47.695 28843 28866 I native-activity: Doing egl_swapbuffers_sync 2
04-11 03:40:47.695 28843 28866 I native-activity: Swap 554 time is 54.290ms
04-11 03:40:47.696 28843 28866 I native-activity: Animating
04-11 03:40:47.750 28843 28866 I native-activity: Frame 555 GL error is 0x506
04-11 03:40:47.750 28843 28866 I native-activity: Frame 555 time is 54.609ms
04-11 03:40:47.750 28843 28866 I native-activity: Doing egl_swapbuffers_sync 2
04-11 03:40:47.751 28843 28866 I native-activity: Swap 555 time is 55.136ms
04-11 03:40:47.751 28843 28866 I native-activity: Animating
04-11 03:40:47.804 28843 28866 I native-activity: Frame 556 GL error is 0x506
04-11 03:40:47.804 28843 28866 I native-activity: Frame 556 time is 52.717ms
04-11 03:40:47.804 28843 28866 I native-activity: Doing egl_swapbuffers_sync 2
04-11 03:40:47.804 28843 28866 I native-activity: Swap 556 time is 53.462ms
04-11 03:40:47.805 28843 28866 I native-activity: Animating
04-11 03:40:47.857 28843 28866 I native-activity: Frame 557 GL error is 0x506
04-11 03:40:47.857 28843 28866 I native-activity: Frame 557 time is 52.427ms
04-11 03:40:47.857 28843 28866 I native-activity: Doing egl_swapbuffers_sync 2
04-11 03:40:47.860 28843 28866 I native-activity: Swap 557 time is 54.961ms
04-11 03:40:47.862 28843 28866 I native-activity: Animating
04-11 03:40:47.912 28843 28866 I native-activity: Frame 558 GL error is 0x506
04-11 03:40:47.912 28843 28866 I native-activity: Frame 558 time is 50.066ms
04-11 03:40:47.912 28843 28866 I native-activity: Doing egl_swapbuffers_sync 2
04-11 03:40:47.913 28843 28866 I native-activity: Swap 558 time is 50.953ms
04-11 03:40:47.914 28843 28866 I native-activity: Animating
04-11 03:40:47.929   448   586 I InputReader: Reconfiguring input devices.  changes=0x00000010
04-11 03:40:47.967 25646 29559 I UpdateIcingCorporaServi: Updating corpora: APPS=com.google.android.gms, CONTACTS=MAYBE
04-11 03:40:47.973 28843 28866 I native-activity: Frame 559 GL error is 0x506
04-11 03:40:47.973 28843 28866 I native-activity: Frame 559 time is 58.974ms
04-11 03:40:47.973 28843 28866 I native-activity: Doing egl_swapbuffers_sync 2
04-11 03:40:47.974 28843 28866 I native-activity: Swap 559 time is 60.290ms
04-11 03:40:47.975 28843 28866 I native-activity: Animating
04-11 03:40:48.027 28843 28866 I native-activity: Frame 560 GL error is 0x506
04-11 03:40:48.028 28843 28866 I native-activity: Frame 560 time is 52.909ms
04-11 03:40:48.028 28843 28866 I native-activity: Doing egl_swapbuffers_sync 2
04-11 03:40:48.030 28843 28866 I native-activity: Swap 560 time is 55.204ms
04-11 03:40:48.030 28843 28866 I native-activity: Animating
04-11 03:40:48.082 28843 28866 I native-activity: Frame 561 GL error is 0x506
04-11 03:40:48.082 28843 28866 I native-activity: Frame 561 time is 52.149ms
04-11 03:40:48.082 28843 28866 I native-activity: Doing egl_swapbuffers_sync 2
04-11 03:40:48.084 28843 28866 I native-activity: Swap 561 time is 53.862ms
04-11 03:40:48.085 28843 28866 I native-activity: Animating
04-11 03:40:48.140 28843 28866 I native-activity: Frame 562 GL error is 0x506
04-11 03:40:48.140 28843 28866 I native-activity: Frame 562 time is 55.935ms
04-11 03:40:48.141 28843 28866 I native-activity: Doing egl_swapbuffers_sync 2
04-11 03:40:48.142 28843 28866 I native-activity: Swap 562 time is 57.057ms
04-11 03:40:48.142 28843 28866 I native-activity: Animating
04-11 03:40:48.200 28843 28866 I native-activity: Frame 563 GL error is 0x506
04-11 03:40:48.200 28843 28866 I native-activity: Frame 563 time is 58.552ms
04-11 03:40:48.201 28843 28866 I native-activity: Doing egl_swapbuffers_sync 2
04-11 03:40:48.202 28843 28866 I native-activity: Swap 563 time is 59.894ms
04-11 03:40:48.202 28843 28866 I native-activity: Animating
04-11 03:40:48.251 28843 28866 I native-activity: Frame 564 GL error is 0x506
04-11 03:40:48.251 28843 28866 I native-activity: Frame 564 time is 49.053ms
04-11 03:40:48.251 28843 28866 I native-activity: Doing egl_swapbuffers_sync 2
04-11 03:40:48.255 28843 28866 I native-activity: Swap 564 time is 52.630ms
04-11 03:40:48.255 28843 28866 I native-activity: Animating
04-11 03:40:48.317 28843 28866 I native-activity: Frame 565 GL error is 0x506
04-11 03:40:48.318 28843 28866 I native-activity: Frame 565 time is 62.319ms
04-11 03:40:48.318 28843 28866 I native-activity: Doing egl_swapbuffers_sync 2
04-11 03:40:48.319 28843 28866 I native-activity: Swap 565 time is 63.814ms
04-11 03:40:48.320 28843 28866 I native-activity: Animating
04-11 03:40:48.376 28843 28866 I native-activity: Frame 566 GL error is 0x506
04-11 03:40:48.376 28843 28866 I native-activity: Frame 566 time is 56.755ms
04-11 03:40:48.376 28843 28866 I native-activity: Doing egl_swapbuffers_sync 2
04-11 03:40:48.377 28843 28866 I native-activity: Swap 566 time is 57.785ms
04-11 03:40:48.378 28843 28866 I native-activity: Animating
04-11 03:40:48.424 28843 28866 I native-activity: Frame 567 GL error is 0x506
04-11 03:40:48.425 28843 28866 I native-activity: Frame 567 time is 46.760ms
04-11 03:40:48.425 28843 28866 I native-activity: Doing egl_swapbuffers_sync 2
04-11 03:40:48.426 28843 28866 I native-activity: Swap 567 time is 48.484ms
04-11 03:40:48.426 28843 28866 I native-activity: Animating
04-11 03:40:48.559 28843 28866 I native-activity: Frame 568 GL error is 0x506
04-11 03:40:48.559 28843 28866 I native-activity: Frame 568 time is 132.762ms
04-11 03:40:48.559 28843 28866 I native-activity: Doing egl_swapbuffers_sync 2
04-11 03:40:48.563 28843 28866 I native-activity: Swap 568 time is 136.104ms
04-11 03:40:48.563 28843 28866 I native-activity: Animating
04-11 03:40:48.585 28843 28866 I native-activity: Frame 569 GL error is 0x506
04-11 03:40:48.586 28843 28866 I native-activity: Frame 569 time is 22.027ms
04-11 03:40:48.586 28843 28866 I native-activity: Doing egl_swapbuffers_sync 2
04-11 03:40:48.586 28843 28866 I native-activity: Swap 569 time is 22.632ms
04-11 03:40:48.586 28843 28866 I native-activity: Animating
04-11 03:40:48.626 28843 28866 I native-activity: Frame 570 GL error is 0x506
04-11 03:40:48.626 28843 28866 I native-activity: Frame 570 time is 39.730ms
04-11 03:40:48.626 28843 28866 I native-activity: Doing egl_swapbuffers_sync 2
04-11 03:40:48.630 28843 28866 I native-activity: Swap 570 time is 43.314ms
04-11 03:40:48.631 28843 28866 I native-activity: Animating
04-11 03:40:48.665 28843 28866 I native-activity: Frame 571 GL error is 0x506
04-11 03:40:48.665 28843 28866 I native-activity: Frame 571 time is 34.135ms
04-11 03:40:48.665 28843 28866 I native-activity: Doing egl_swapbuffers_sync 2
04-11 03:40:48.672 28843 28866 I native-activity: Swap 571 time is 40.983ms
04-11 03:40:48.672 28843 28866 I native-activity: Animating
04-11 03:40:48.694 28843 28866 I native-activity: Frame 572 GL error is 0x506
04-11 03:40:48.694 28843 28866 I native-activity: Frame 572 time is 21.901ms
04-11 03:40:48.694 28843 28866 I native-activity: Doing egl_swapbuffers_sync 2
04-11 03:40:48.695 28843 28866 I native-activity: Swap 572 time is 22.304ms
04-11 03:40:48.695 28843 28866 I native-activity: Animating
04-11 03:40:48.716 28843 28866 I native-activity: Frame 573 GL error is 0x506
04-11 03:40:48.716 28843 28866 I native-activity: Frame 573 time is 21.322ms
04-11 03:40:48.716 28843 28866 I native-activity: Doing egl_swapbuffers_sync 2
04-11 03:40:48.717 28843 28866 I native-activity: Swap 573 time is 22.830ms
04-11 03:40:48.718 28843 28866 I native-activity: Animating
04-11 03:40:48.834 28843 28866 I native-activity: Frame 574 GL error is 0x506
04-11 03:40:48.835 28843 28866 I native-activity: Frame 574 time is 116.753ms
04-11 03:40:48.835 28843 28866 I native-activity: Doing egl_swapbuffers_sync 2
04-11 03:40:48.841 28843 28866 I native-activity: Swap 574 time is 123.039ms
04-11 03:40:48.841 28843 28866 I native-activity: Animating
04-11 03:40:48.872 28843 28866 I native-activity: Frame 575 GL error is 0x506
04-11 03:40:48.872 28843 28866 I native-activity: Frame 575 time is 30.765ms
04-11 03:40:48.872 28843 28866 I native-activity: Doing egl_swapbuffers_sync 2
04-11 03:40:48.873 28843 28866 I native-activity: Swap 575 time is 31.298ms
04-11 03:40:48.873 28843 28866 I native-activity: Animating
04-11 03:40:48.918 28843 28866 I native-activity: Frame 576 GL error is 0x506
04-11 03:40:48.918 28843 28866 I native-activity: Frame 576 time is 44.916ms
04-11 03:40:48.918 28843 28866 I native-activity: Doing egl_swapbuffers_sync 2
04-11 03:40:48.919 28843 28866 I native-activity: Swap 576 time is 45.893ms
04-11 03:40:48.919 28843 28866 I native-activity: Animating
04-11 03:40:49.033 28843 28866 I native-activity: Frame 577 GL error is 0x506
04-11 03:40:49.034 28843 28866 I native-activity: Frame 577 time is 114.752ms
04-11 03:40:49.034 28843 28866 I native-activity: Doing egl_swapbuffers_sync 2
04-11 03:40:49.034 28843 28866 I native-activity: Swap 577 time is 115.529ms
04-11 03:40:49.034 28843 28866 I native-activity: Animating
04-11 03:40:49.058 28843 28866 I native-activity: Frame 578 GL error is 0x506
04-11 03:40:49.058 28843 28866 I native-activity: Frame 578 time is 23.785ms
04-11 03:40:49.058 28843 28866 I native-activity: Doing egl_swapbuffers_sync 2
04-11 03:40:49.063 28843 28866 I native-activity: Swap 578 time is 28.310ms
04-11 03:40:49.064 28843 28866 I native-activity: Animating
04-11 03:40:49.117 28843 28866 I native-activity: Frame 579 GL error is 0x506
04-11 03:40:49.117 28843 28866 I native-activity: Frame 579 time is 53.362ms
04-11 03:40:49.117 28843 28866 I native-activity: Doing egl_swapbuffers_sync 2
04-11 03:40:49.121 28843 28866 I native-activity: Swap 579 time is 57.096ms
04-11 03:40:49.122 28843 28866 I native-activity: Animating
04-11 03:40:49.297 28843 28866 I native-activity: Frame 580 GL error is 0x506
04-11 03:40:49.298 28843 28866 I native-activity: Frame 580 time is 175.752ms
04-11 03:40:49.298 28843 28866 I native-activity: Doing egl_swapbuffers_sync 2
04-11 03:40:49.302 28843 28866 I native-activity: Swap 580 time is 180.284ms
04-11 03:40:49.303 28843 28866 I native-activity: Animating
04-11 03:40:49.356 28843 28866 I native-activity: Frame 581 GL error is 0x506
04-11 03:40:49.356 28843 28866 I native-activity: Frame 581 time is 53.452ms
04-11 03:40:49.356 28843 28866 I native-activity: Doing egl_swapbuffers_sync 2
04-11 03:40:49.359 28843 28866 I native-activity: Swap 581 time is 56.478ms
04-11 03:40:49.360 28843 28866 I native-activity: Animating
04-11 03:40:49.412 28843 28866 I native-activity: Frame 582 GL error is 0x506
04-11 03:40:49.413 28843 28866 I native-activity: Frame 582 time is 52.993ms
04-11 03:40:49.413 28843 28866 I native-activity: Doing egl_swapbuffers_sync 2
04-11 03:40:49.414 28843 28866 I native-activity: Swap 582 time is 54.585ms
04-11 03:40:49.415 28843 28866 I native-activity: Animating
04-11 03:40:49.450 28843 28866 I native-activity: Frame 583 GL error is 0x506
04-11 03:40:49.450 28843 28866 I native-activity: Frame 583 time is 35.582ms
04-11 03:40:49.450 28843 28866 I native-activity: Doing egl_swapbuffers_sync 2
04-11 03:40:49.451 28843 28866 I native-activity: Swap 583 time is 36.360ms
04-11 03:40:49.451 28843 28866 I native-activity: Animating
04-11 03:40:49.495 28843 28866 I native-activity: Frame 584 GL error is 0x506
04-11 03:40:49.495 28843 28866 I native-activity: Frame 584 time is 44.238ms
04-11 03:40:49.496 28843 28866 I native-activity: Doing egl_swapbuffers_sync 2
04-11 03:40:49.497 28843 28866 I native-activity: Swap 584 time is 45.384ms
04-11 03:40:49.497 28843 28866 I native-activity: Animating
04-11 03:40:49.532 28843 28866 I native-activity: Frame 585 GL error is 0x506
04-11 03:40:49.532 28843 28866 I native-activity: Frame 585 time is 35.737ms
04-11 03:40:49.533 28843 28866 I native-activity: Doing egl_swapbuffers_sync 2
04-11 03:40:49.535 28843 28866 I native-activity: Swap 585 time is 38.205ms
04-11 03:40:49.536 28843 28866 I native-activity: Animating
04-11 03:40:49.589 28843 28866 I native-activity: Frame 586 GL error is 0x506
04-11 03:40:49.590 28843 28866 I native-activity: Frame 586 time is 54.045ms
04-11 03:40:49.590 28843 28866 I native-activity: Doing egl_swapbuffers_sync 2
04-11 03:40:49.593 28843 28866 I native-activity: Swap 586 time is 57.233ms
04-11 03:40:49.593 28843 28866 I native-activity: Animating
04-11 03:40:49.649 28843 28866 I native-activity: Frame 587 GL error is 0x506
04-11 03:40:49.650 28843 28866 I native-activity: Frame 587 time is 56.063ms
04-11 03:40:49.650 28843 28866 I native-activity: Doing egl_swapbuffers_sync 2
04-11 03:40:49.653 28843 28866 I native-activity: Swap 587 time is 59.468ms
04-11 03:40:49.654 28843 28866 I native-activity: Animating
04-11 03:40:49.689   448   448 D BackupManagerService: Received broadcast Intent { act=android.intent.action.PACKAGE_CHANGED dat=package:com.google.android.gms flg=0x4000010 (has extras) }
04-11 03:40:49.690   448   448 I BackupManagerService: Unbinding ComponentInfo{com.google.android.gms/com.google.android.gms.backup.BackupTransportService}
04-11 03:40:49.713   448   448 I BackupManagerService: Binding to transport host ComponentInfo{com.google.android.gms/com.google.android.gms.backup.BackupTransportService}
04-11 03:40:49.718 28843 28866 I native-activity: Frame 588 GL error is 0x506
04-11 03:40:49.718 28843 28866 I native-activity: Frame 588 time is 64.641ms
04-11 03:40:49.718 28843 28866 I native-activity: Doing egl_swapbuffers_sync 2
04-11 03:40:49.722 28843 28866 I native-activity: Swap 588 time is 68.228ms
04-11 03:40:49.723 28843 28866 I native-activity: Animating
04-11 03:40:49.768 28843 28866 I native-activity: Frame 589 GL error is 0x506
04-11 03:40:49.768 28843 28866 I native-activity: Frame 589 time is 45.254ms
04-11 03:40:49.768 28843 28866 I native-activity: Doing egl_swapbuffers_sync 2
04-11 03:40:49.773 28843 28866 I native-activity: Swap 589 time is 50.053ms
04-11 03:40:49.773 28843 28866 I native-activity: Animating
04-11 03:40:49.823 28843 28866 I native-activity: Frame 590 GL error is 0x506
04-11 03:40:49.823 28843 28866 I native-activity: Frame 590 time is 50.192ms
04-11 03:40:49.823 28843 28866 I native-activity: Doing egl_swapbuffers_sync 2
04-11 03:40:49.827 28843 28866 I native-activity: Swap 590 time is 53.640ms
04-11 03:40:49.827 28843 28866 I native-activity: Animating
04-11 03:40:49.895 28843 28866 I native-activity: Frame 591 GL error is 0x506
04-11 03:40:49.896 28843 28866 I native-activity: Frame 591 time is 68.302ms
04-11 03:40:49.896 28843 28866 I native-activity: Doing egl_swapbuffers_sync 2
04-11 03:40:49.906   448   448 V BackupManagerService: Connected to transport ComponentInfo{com.google.android.gms/com.google.android.gms.backup.BackupTransportService}
04-11 03:40:49.911   448   448 V BackupManagerService: Registering transport com.google.android.gms/.backup.BackupTransportService::com.google.android.gms/.backup.BackupTransportService = com.android.internal.backup.IBackupTransport$Stub$Proxy@c8ad1ab
04-11 03:40:49.918 28843 28866 I native-activity: Swap 591 time is 90.670ms
04-11 03:40:49.918 28843 28866 I native-activity: Animating
04-11 03:40:49.975  8277 25996 I Icing   : Usage reports 0 indexed 0 rejected 0 imm upload true
04-11 03:40:49.987  8277 29460 I art     : Explicit concurrent mark sweep GC freed 75444(4MB) AllocSpace objects, 34(515KB) LOS objects, 23% free, 26MB/34MB, paused 4.720ms total 1.687s
04-11 03:40:49.990 28843 28866 I native-activity: Frame 592 GL error is 0x506
04-11 03:40:49.990 28843 28866 I native-activity: Frame 592 time is 71.380ms
04-11 03:40:49.990 28843 28866 I native-activity: Doing egl_swapbuffers_sync 2
04-11 03:40:49.991 28843 28866 I native-activity: Swap 592 time is 72.644ms
04-11 03:40:49.991 28843 28866 I native-activity: Animating
04-11 03:40:50.029  8277 25996 I Icing   : updateResources: need to parse sor{com.google.android.gms}
04-11 03:40:50.037  8277 29568 D Wear_Controller: Received broadcast action=android.intent.action.PACKAGE_CHANGED and uri=com.google.android.gms
04-11 03:40:50.046 28843 28866 I native-activity: Frame 593 GL error is 0x506
04-11 03:40:50.046 28843 28866 I native-activity: Frame 593 time is 55.003ms
04-11 03:40:50.046 28843 28866 I native-activity: Doing egl_swapbuffers_sync 2
04-11 03:40:50.047 28843 28866 I native-activity: Swap 593 time is 55.768ms
04-11 03:40:50.047 28843 28866 I native-activity: Animating
04-11 03:40:50.104 28843 28866 I native-activity: Frame 594 GL error is 0x506
04-11 03:40:50.104 28843 28866 I native-activity: Frame 594 time is 57.068ms
04-11 03:40:50.104 28843 28866 I native-activity: Doing egl_swapbuffers_sync 2
04-11 03:40:50.105 28843 28866 I native-activity: Swap 594 time is 57.769ms
04-11 03:40:50.105 28843 28866 I native-activity: Animating
04-11 03:40:50.161  8277 29568 W IcingInternalCorpora: getNumBytesRead when not calculated.
04-11 03:40:50.226 28843 28866 I native-activity: Frame 595 GL error is 0x506
04-11 03:40:50.226 28843 28866 I native-activity: Frame 595 time is 121.101ms
04-11 03:40:50.227 28843 28866 I native-activity: Doing egl_swapbuffers_sync 2
04-11 03:40:50.227 28843 28866 I native-activity: Swap 595 time is 121.833ms
04-11 03:40:50.227 28843 28866 I native-activity: Animating
04-11 03:40:50.272  8230  8230 I GCoreNlp: shouldConfirmNlp, NLP off. Ensuring opt-in disabled
04-11 03:40:50.291 28843 28866 I native-activity: Frame 596 GL error is 0x506
04-11 03:40:50.291 28843 28866 I native-activity: Frame 596 time is 63.992ms
04-11 03:40:50.291 28843 28866 I native-activity: Doing egl_swapbuffers_sync 2
04-11 03:40:50.292 28843 28866 I native-activity: Swap 596 time is 64.742ms
04-11 03:40:50.292 28843 28866 I native-activity: Animating
04-11 03:40:50.340 28843 28866 I native-activity: Frame 597 GL error is 0x506
04-11 03:40:50.341 28843 28866 I native-activity: Frame 597 time is 48.419ms
04-11 03:40:50.341 28843 28866 I native-activity: Doing egl_swapbuffers_sync 2
04-11 03:40:50.344 28843 28866 I native-activity: Swap 597 time is 51.709ms
04-11 03:40:50.345 28843 28866 I native-activity: Animating
04-11 03:40:50.403 28843 28866 I native-activity: Frame 598 GL error is 0x506
04-11 03:40:50.403 28843 28866 I native-activity: Frame 598 time is 58.351ms
04-11 03:40:50.403 28843 28866 I native-activity: Doing egl_swapbuffers_sync 2
04-11 03:40:50.409 28843 28866 I native-activity: Swap 598 time is 63.924ms
04-11 03:40:50.409 28843 28866 I native-activity: Animating
04-11 03:40:50.441 28843 28866 I native-activity: Frame 599 GL error is 0x506
04-11 03:40:50.442 28843 28866 I native-activity: Frame 599 time is 32.711ms
04-11 03:40:50.442 28843 28866 I native-activity: Doing egl_swapbuffers_sync 2
04-11 03:40:50.455 28843 28866 I native-activity: Swap 599 time is 45.768ms
04-11 03:40:50.455 28843 28866 I native-activity: Animating
04-11 03:40:50.494 28843 28866 I native-activity: Frame 600 GL error is 0x506
04-11 03:40:50.494 28843 28866 I native-activity: Frame 600 time is 38.591ms
04-11 03:40:50.494 28843 28866 I native-activity: Doing egl_swapbuffers_sync 2
04-11 03:40:50.498 28843 28866 I native-activity: Swap 600 time is 42.055ms
04-11 03:40:50.498 28843 28866 I native-activity: Animating
04-11 03:40:50.551   994  1029 W ResourcesManager: Asset path '/system/framework/com.google.android.media.effects.jar' does not exist or contains no resources.
04-11 03:40:50.655 28843 28866 I native-activity: Frame 601 GL error is 0x506
04-11 03:40:50.655 28843 28866 I native-activity: Frame 601 time is 157.402ms
04-11 03:40:50.655 28843 28866 I native-activity: Doing egl_swapbuffers_sync 2
04-11 03:40:50.662 28843 28866 I native-activity: Swap 601 time is 164.410ms
04-11 03:40:50.669 28843 28866 I native-activity: Animating
04-11 03:40:50.729  8277 25996 I Icing   : Usage reports 0 indexed 0 rejected 0 imm upload false
04-11 03:40:50.735 28843 28866 I native-activity: Frame 602 GL error is 0x506
04-11 03:40:50.735 28843 28866 I native-activity: Frame 602 time is 65.990ms
04-11 03:40:50.735 28843 28866 I native-activity: Doing egl_swapbuffers_sync 2
04-11 03:40:50.736 28843 28866 I native-activity: Swap 602 time is 67.014ms
04-11 03:40:50.737 28843 28866 I native-activity: Animating
04-11 03:40:50.751  8277 25996 I Icing   : Usage reports 0 indexed 0 rejected 0 imm upload false
04-11 03:40:50.802  8277 25996 I Icing   : Usage reports 0 indexed 0 rejected 0 imm upload false
04-11 03:40:50.803 28843 28866 I native-activity: Frame 603 GL error is 0x506
04-11 03:40:50.803 28843 28866 I native-activity: Frame 603 time is 66.669ms
04-11 03:40:50.803 28843 28866 I native-activity: Doing egl_swapbuffers_sync 2
04-11 03:40:50.804 28843 28866 I native-activity: Swap 603 time is 67.566ms
04-11 03:40:50.804 28843 28866 I native-activity: Animating
04-11 03:40:50.860 28843 28866 I native-activity: Frame 604 GL error is 0x506
04-11 03:40:50.860 28843 28866 I native-activity: Frame 604 time is 55.946ms
04-11 03:40:50.860 28843 28866 I native-activity: Doing egl_swapbuffers_sync 2
04-11 03:40:50.861 28843 28866 I native-activity: Swap 604 time is 56.763ms
04-11 03:40:50.861 28843 28866 I native-activity: Animating
04-11 03:40:50.916 28843 28866 I native-activity: Frame 605 GL error is 0x506
04-11 03:40:50.916 28843 28866 I native-activity: Frame 605 time is 54.235ms
04-11 03:40:50.916 28843 28866 I native-activity: Doing egl_swapbuffers_sync 2
04-11 03:40:50.918 28843 28866 I native-activity: Swap 605 time is 56.121ms
04-11 03:40:50.918 28843 28866 I native-activity: Animating
04-11 03:40:50.936 28843 28866 I native-activity: Frame 606 GL error is 0x506
04-11 03:40:50.936 28843 28866 I native-activity: Frame 606 time is 17.982ms
04-11 03:40:50.936 28843 28866 I native-activity: Doing egl_swapbuffers_sync 2
04-11 03:40:50.937 28843 28866 I native-activity: Swap 606 time is 18.649ms
04-11 03:40:50.937 28843 28866 I native-activity: Animating
04-11 03:40:50.964 28843 28866 I native-activity: Frame 607 GL error is 0x506
04-11 03:40:50.964 28843 28866 I native-activity: Frame 607 time is 27.665ms
04-11 03:40:50.964 28843 28866 I native-activity: Doing egl_swapbuffers_sync 2
04-11 03:40:50.970 28843 28866 I native-activity: Swap 607 time is 33.549ms
04-11 03:40:50.971 28843 28866 I native-activity: Animating
04-11 03:40:51.006 28843 28866 I native-activity: Frame 608 GL error is 0x506
04-11 03:40:51.007 28843 28866 I native-activity: Frame 608 time is 35.800ms
04-11 03:40:51.007 28843 28866 I native-activity: Doing egl_swapbuffers_sync 2
04-11 03:40:51.009 28843 28866 I native-activity: Swap 608 time is 38.321ms
04-11 03:40:51.009 28843 28866 I native-activity: Animating
04-11 03:40:51.061 28843 28866 I native-activity: Frame 609 GL error is 0x506
04-11 03:40:51.061 28843 28866 I native-activity: Frame 609 time is 51.372ms
04-11 03:40:51.061 28843 28866 I native-activity: Doing egl_swapbuffers_sync 2
04-11 03:40:51.062 28843 28866 I native-activity: Swap 609 time is 52.893ms
04-11 03:40:51.063 28843 28866 I native-activity: Animating
04-11 03:40:51.101   994  1029 W ResourcesManager: Asset path '/system/framework/com.google.android.maps.jar' does not exist or contains no resources.
04-11 03:40:51.144 28843 28866 I native-activity: Frame 610 GL error is 0x506
04-11 03:40:51.144 28843 28866 I native-activity: Frame 610 time is 81.369ms
04-11 03:40:51.144 28843 28866 I native-activity: Doing egl_swapbuffers_sync 2
04-11 03:40:51.147 28843 28866 I native-activity: Swap 610 time is 83.876ms
04-11 03:40:51.147 28843 28866 I native-activity: Animating
04-11 03:40:51.158  8230  8230 I art     : Explicit concurrent mark sweep GC freed 31079(1604KB) AllocSpace objects, 11(176KB) LOS objects, 40% free, 15MB/26MB, paused 3.409ms total 733.423ms
04-11 03:40:51.205 28843 28866 I native-activity: Frame 611 GL error is 0x506
04-11 03:40:51.205 28843 28866 I native-activity: Frame 611 time is 58.276ms
04-11 03:40:51.205 28843 28866 I native-activity: Doing egl_swapbuffers_sync 2
04-11 03:40:51.206 28843 28866 I native-activity: Swap 611 time is 59.039ms
04-11 03:40:51.206 28843 28866 I native-activity: Animating
04-11 03:40:51.259 28843 28866 I native-activity: Frame 612 GL error is 0x506
04-11 03:40:51.259 28843 28866 I native-activity: Frame 612 time is 52.685ms
04-11 03:40:51.259 28843 28866 I native-activity: Doing egl_swapbuffers_sync 2
04-11 03:40:51.264 28843 28866 I native-activity: Swap 612 time is 57.302ms
04-11 03:40:51.264 28843 28866 I native-activity: Animating
04-11 03:40:51.381   994  1029 W ResourcesManager: Asset path '/system/framework/com.google.android.maps.jar' does not exist or contains no resources.
04-11 03:40:51.388 28843 28866 I native-activity: Frame 613 GL error is 0x506
04-11 03:40:51.388 28843 28866 I native-activity: Frame 613 time is 123.997ms
04-11 03:40:51.388 28843 28866 I native-activity: Doing egl_swapbuffers_sync 2
04-11 03:40:51.389 28843 28866 I native-activity: Swap 613 time is 125.521ms
04-11 03:40:51.390 28843 28866 I native-activity: Animating
04-11 03:40:51.451 28843 28866 I native-activity: Frame 614 GL error is 0x506
04-11 03:40:51.451 28843 28866 I native-activity: Frame 614 time is 61.296ms
04-11 03:40:51.451 28843 28866 I native-activity: Doing egl_swapbuffers_sync 2
04-11 03:40:51.452 28843 28866 I native-activity: Swap 614 time is 62.383ms
04-11 03:40:51.452 28843 28866 I native-activity: Animating
04-11 03:40:51.478 28843 28866 I native-activity: Frame 615 GL error is 0x506
04-11 03:40:51.478 28843 28866 I native-activity: Frame 615 time is 25.942ms
04-11 03:40:51.478 28843 28866 I native-activity: Doing egl_swapbuffers_sync 2
04-11 03:40:51.482 28843 28866 I native-activity: Swap 615 time is 29.975ms
04-11 03:40:51.483 28843 28866 I native-activity: Animating
04-11 03:40:51.519 28843 28866 I native-activity: Frame 616 GL error is 0x506
04-11 03:40:51.519 28843 28866 I native-activity: Frame 616 time is 36.136ms
04-11 03:40:51.519 28843 28866 I native-activity: Doing egl_swapbuffers_sync 2
04-11 03:40:51.527 28843 28866 I native-activity: Swap 616 time is 43.946ms
04-11 03:40:51.527 28843 28866 I native-activity: Animating
04-11 03:40:51.573 28843 28866 I native-activity: Frame 617 GL error is 0x506
04-11 03:40:51.573 28843 28866 I native-activity: Frame 617 time is 45.457ms
04-11 03:40:51.574 28843 28866 I native-activity: Doing egl_swapbuffers_sync 2
04-11 03:40:51.575 28843 28866 I native-activity: Swap 617 time is 47.257ms
04-11 03:40:51.575 28843 28866 I native-activity: Animating
04-11 03:40:51.594 28843 28866 I native-activity: Frame 618 GL error is 0x506
04-11 03:40:51.595 28843 28866 I native-activity: Frame 618 time is 19.829ms
04-11 03:40:51.595 28843 28866 I native-activity: Doing egl_swapbuffers_sync 2
04-11 03:40:51.596 28843 28866 I native-activity: Swap 618 time is 21.216ms
04-11 03:40:51.596 28843 28866 I native-activity: Animating
04-11 03:40:51.633 28843 28866 I native-activity: Frame 619 GL error is 0x506
04-11 03:40:51.633 28843 28866 I native-activity: Frame 619 time is 36.494ms
04-11 03:40:51.633 28843 28866 I native-activity: Doing egl_swapbuffers_sync 2
04-11 03:40:51.635 28843 28866 I native-activity: Swap 619 time is 38.754ms
04-11 03:40:51.637 28843 28866 I native-activity: Animating
04-11 03:40:51.674   994   994 I Launcher: Deferring update until onResume
04-11 03:40:51.686 28843 28866 I native-activity: Frame 620 GL error is 0x506
04-11 03:40:51.686 28843 28866 I native-activity: Frame 620 time is 49.677ms
04-11 03:40:51.687 28843 28866 I native-activity: Doing egl_swapbuffers_sync 2
04-11 03:40:51.688 28843 28866 I native-activity: Swap 620 time is 50.745ms
04-11 03:40:51.688 28843 28866 I native-activity: Animating
04-11 03:40:51.719 28843 28866 I native-activity: Frame 621 GL error is 0x506
04-11 03:40:51.719 28843 28866 I native-activity: Frame 621 time is 31.516ms
04-11 03:40:51.719 28843 28866 I native-activity: Doing egl_swapbuffers_sync 2
04-11 03:40:51.721 28843 28866 I native-activity: Swap 621 time is 33.334ms
04-11 03:40:51.722 28843 28866 I native-activity: Animating
04-11 03:40:51.765 28843 28866 I native-activity: Frame 622 GL error is 0x506
04-11 03:40:51.766 28843 28866 I native-activity: Frame 622 time is 43.844ms
04-11 03:40:51.766 28843 28866 I native-activity: Doing egl_swapbuffers_sync 2
04-11 03:40:51.767 28843 28866 I native-activity: Swap 622 time is 45.239ms
04-11 03:40:51.767 28843 28866 I native-activity: Animating
04-11 03:40:51.825 28843 28866 I native-activity: Frame 623 GL error is 0x506
04-11 03:40:51.825 28843 28866 I native-activity: Frame 623 time is 57.925ms
04-11 03:40:51.825 28843 28866 I native-activity: Doing egl_swapbuffers_sync 2
04-11 03:40:51.828 28843 28866 I native-activity: Swap 623 time is 61.101ms
04-11 03:40:51.829 28843 28866 I native-activity: Animating
04-11 03:40:51.855  8277 25996 I Icing   : Indexing 3C149AD5B8816AD31C2E32D2A80EE5BD3F39B46A from com.google.android.gms
04-11 03:40:51.885 28843 28866 I native-activity: Frame 624 GL error is 0x506
04-11 03:40:51.885 28843 28866 I native-activity: Frame 624 time is 56.153ms
04-11 03:40:51.885 28843 28866 I native-activity: Doing egl_swapbuffers_sync 2
04-11 03:40:51.893 28843 28866 I native-activity: Swap 624 time is 63.799ms
04-11 03:40:51.893 28843 28866 I native-activity: Animating
04-11 03:40:51.936 28843 28866 I native-activity: Frame 625 GL error is 0x506
04-11 03:40:51.936 28843 28866 I native-activity: Frame 625 time is 42.343ms
04-11 03:40:51.936 28843 28866 I native-activity: Doing egl_swapbuffers_sync 2
04-11 03:40:51.938 28843 28866 I native-activity: Swap 625 time is 44.106ms
04-11 03:40:51.938 28843 28866 I native-activity: Animating
04-11 03:40:51.966  8277 25996 I Icing   : Indexing done 3C149AD5B8816AD31C2E32D2A80EE5BD3F39B46A
04-11 03:40:51.990 28843 28866 I native-activity: Frame 626 GL error is 0x506
04-11 03:40:51.990 28843 28866 I native-activity: Frame 626 time is 51.992ms
04-11 03:40:51.990 28843 28866 I native-activity: Doing egl_swapbuffers_sync 2
04-11 03:40:51.991 28843 28866 I native-activity: Swap 626 time is 52.999ms
04-11 03:40:51.991 28843 28866 I native-activity: Animating
04-11 03:40:52.041 28843 28866 I native-activity: Frame 627 GL error is 0x506
04-11 03:40:52.041 28843 28866 I native-activity: Frame 627 time is 50.120ms
04-11 03:40:52.041 28843 28866 I native-activity: Doing egl_swapbuffers_sync 2
04-11 03:40:52.043 28843 28866 I native-activity: Swap 627 time is 52.058ms
04-11 03:40:52.044 28843 28866 I native-activity: Animating
04-11 03:40:52.077 28843 28866 I native-activity: Frame 628 GL error is 0x506
04-11 03:40:52.077 28843 28866 I native-activity: Frame 628 time is 32.931ms
04-11 03:40:52.077 28843 28866 I native-activity: Doing egl_swapbuffers_sync 2
04-11 03:40:52.077 28843 28866 I native-activity: Swap 628 time is 33.444ms
04-11 03:40:52.077 28843 28866 I native-activity: Animating
04-11 03:40:52.097 25646 29559 I ApplicationLogger: canRun() : Opted Out
04-11 03:40:52.097 25646 29559 I UpdateIcingCorporaServi: UpdateCorporaTask done [took 4130 ms] updated apps [took 4130 ms] 
04-11 03:40:52.152 28843 28866 I native-activity: Frame 629 GL error is 0x506
04-11 03:40:52.152 28843 28866 I native-activity: Frame 629 time is 74.453ms
04-11 03:40:52.152 28843 28866 I native-activity: Doing egl_swapbuffers_sync 2
04-11 03:40:52.152 28843 28866 I native-activity: Swap 629 time is 74.863ms
04-11 03:40:52.152 28843 28866 I native-activity: Animating
04-11 03:40:52.209 28843 28866 I native-activity: Frame 630 GL error is 0x506
04-11 03:40:52.209 28843 28866 I native-activity: Frame 630 time is 56.501ms
04-11 03:40:52.209 28843 28866 I native-activity: Doing egl_swapbuffers_sync 2
04-11 03:40:52.210 28843 28866 I native-activity: Swap 630 time is 57.820ms
04-11 03:40:52.210 28843 28866 I native-activity: Animating
04-11 03:40:52.261 28843 28866 I native-activity: Frame 631 GL error is 0x506
04-11 03:40:52.261 28843 28866 I native-activity: Frame 631 time is 50.241ms
04-11 03:40:52.261 28843 28866 I native-activity: Doing egl_swapbuffers_sync 2
04-11 03:40:52.261 28843 28866 I native-activity: Swap 631 time is 50.618ms
04-11 03:40:52.261 28843 28866 I native-activity: Animating
04-11 03:40:52.318 28843 28866 I native-activity: Frame 632 GL error is 0x506
04-11 03:40:52.318 28843 28866 I native-activity: Frame 632 time is 56.621ms
04-11 03:40:52.318 28843 28866 I native-activity: Doing egl_swapbuffers_sync 2
04-11 03:40:52.319 28843 28866 I native-activity: Swap 632 time is 57.578ms
04-11 03:40:52.319 28843 28866 I native-activity: Animating
04-11 03:40:52.377 28843 28866 I native-activity: Frame 633 GL error is 0x506
04-11 03:40:52.377 28843 28866 I native-activity: Frame 633 time is 57.629ms
04-11 03:40:52.377 28843 28866 I native-activity: Doing egl_swapbuffers_sync 2
04-11 03:40:52.378 28843 28866 I native-activity: Swap 633 time is 59.075ms
04-11 03:40:52.378 28843 28866 I native-activity: Animating
04-11 03:40:52.432 28843 28866 I native-activity: Frame 634 GL error is 0x506
04-11 03:40:52.432 28843 28866 I native-activity: Frame 634 time is 53.433ms
04-11 03:40:52.432 28843 28866 I native-activity: Doing egl_swapbuffers_sync 2
04-11 03:40:52.433 28843 28866 I native-activity: Swap 634 time is 53.992ms
04-11 03:40:52.433 28843 28866 I native-activity: Animating
04-11 03:40:52.492 28843 28866 I native-activity: Frame 635 GL error is 0x506
04-11 03:40:52.492 28843 28866 I native-activity: Frame 635 time is 59.077ms
04-11 03:40:52.492 28843 28866 I native-activity: Doing egl_swapbuffers_sync 2
04-11 03:40:52.493 28843 28866 I native-activity: Swap 635 time is 60.196ms
04-11 03:40:52.493 28843 28866 I native-activity: Animating
04-11 03:40:52.546 28843 28866 I native-activity: Frame 636 GL error is 0x506
04-11 03:40:52.547 28843 28866 I native-activity: Frame 636 time is 53.303ms
04-11 03:40:52.547 28843 28866 I native-activity: Doing egl_swapbuffers_sync 2
04-11 03:40:52.547 28843 28866 I native-activity: Swap 636 time is 53.845ms
04-11 03:40:52.548 28843 28866 I native-activity: Animating
04-11 03:40:52.605 28843 28866 I native-activity: Frame 637 GL error is 0x506
04-11 03:40:52.605 28843 28866 I native-activity: Frame 637 time is 57.792ms
04-11 03:40:52.606 28843 28866 I native-activity: Doing egl_swapbuffers_sync 2
04-11 03:40:52.607 28843 28866 I native-activity: Swap 637 time is 58.922ms
04-11 03:40:52.607 28843 28866 I native-activity: Animating
04-11 03:40:52.663 28843 28866 I native-activity: Frame 638 GL error is 0x506
04-11 03:40:52.664 28843 28866 I native-activity: Frame 638 time is 56.563ms
04-11 03:40:52.664 28843 28866 I native-activity: Doing egl_swapbuffers_sync 2
04-11 03:40:52.664 28843 28866 I native-activity: Swap 638 time is 57.097ms
04-11 03:40:52.664 28843 28866 I native-activity: Animating
04-11 03:40:52.721 28843 28866 I native-activity: Frame 639 GL error is 0x506
04-11 03:40:52.721 28843 28866 I native-activity: Frame 639 time is 57.097ms
04-11 03:40:52.721 28843 28866 I native-activity: Doing egl_swapbuffers_sync 2
04-11 03:40:52.722 28843 28866 I native-activity: Swap 639 time is 57.978ms
04-11 03:40:52.722 28843 28866 I native-activity: Animating
04-11 03:40:52.785 28843 28866 I native-activity: Frame 640 GL error is 0x506
04-11 03:40:52.785 28843 28866 I native-activity: Frame 640 time is 62.230ms
04-11 03:40:52.785 28843 28866 I native-activity: Doing egl_swapbuffers_sync 2
04-11 03:40:52.786 28843 28866 I native-activity: Swap 640 time is 63.227ms
04-11 03:40:52.786 28843 28866 I native-activity: Animating
04-11 03:40:52.843 28843 28866 I native-activity: Frame 641 GL error is 0x506
04-11 03:40:52.843 28843 28866 I native-activity: Frame 641 time is 57.060ms
04-11 03:40:52.843 28843 28866 I native-activity: Doing egl_swapbuffers_sync 2
04-11 03:40:52.844 28843 28866 I native-activity: Swap 641 time is 58.083ms
04-11 03:40:52.844 28843 28866 I native-activity: Animating
04-11 03:40:52.901 28843 28866 I native-activity: Frame 642 GL error is 0x506
04-11 03:40:52.901 28843 28866 I native-activity: Frame 642 time is 57.179ms
04-11 03:40:52.901 28843 28866 I native-activity: Doing egl_swapbuffers_sync 2
04-11 03:40:52.903 28843 28866 I native-activity: Swap 642 time is 58.284ms
04-11 03:40:52.903 28843 28866 I native-activity: Animating
04-11 03:40:52.961 28843 28866 I native-activity: Frame 643 GL error is 0x506
04-11 03:40:52.961 28843 28866 I native-activity: Frame 643 time is 57.866ms
04-11 03:40:52.961 28843 28866 I native-activity: Doing egl_swapbuffers_sync 2
04-11 03:40:52.962 28843 28866 I native-activity: Swap 643 time is 59.078ms
04-11 03:40:52.962 28843 28866 I native-activity: Animating
04-11 03:40:53.074 28843 28866 I native-activity: Frame 644 GL error is 0x506
04-11 03:40:53.074 28843 28866 I native-activity: Frame 644 time is 111.281ms
04-11 03:40:53.074 28843 28866 I native-activity: Doing egl_swapbuffers_sync 2
04-11 03:40:53.074 28843 28866 I native-activity: Swap 644 time is 111.784ms
04-11 03:40:53.074 28843 28866 I native-activity: Animating
04-11 03:40:53.131 28843 28866 I native-activity: Frame 645 GL error is 0x506
04-11 03:40:53.132 28843 28866 I native-activity: Frame 645 time is 57.257ms
04-11 03:40:53.132 28843 28866 I native-activity: Doing egl_swapbuffers_sync 2
04-11 03:40:53.132 28843 28866 I native-activity: Swap 645 time is 57.798ms
04-11 03:40:53.132 28843 28866 I native-activity: Animating
04-11 03:40:53.188 28843 28866 I native-activity: Frame 646 GL error is 0x506
04-11 03:40:53.188 28843 28866 I native-activity: Frame 646 time is 55.637ms
04-11 03:40:53.188 28843 28866 I native-activity: Doing egl_swapbuffers_sync 2
04-11 03:40:53.189 28843 28866 I native-activity: Swap 646 time is 56.988ms
04-11 03:40:53.190 28843 28866 I native-activity: Animating
04-11 03:40:53.250 28843 28866 I native-activity: Frame 647 GL error is 0x506
04-11 03:40:53.250 28843 28866 I native-activity: Frame 647 time is 60.274ms
04-11 03:40:53.250 28843 28866 I native-activity: Doing egl_swapbuffers_sync 2
04-11 03:40:53.253 28843 28866 I native-activity: Swap 647 time is 62.827ms
04-11 03:40:53.253 28843 28866 I native-activity: Animating
04-11 03:40:53.306 28843 28866 I native-activity: Frame 648 GL error is 0x506
04-11 03:40:53.307 28843 28866 I native-activity: Frame 648 time is 53.517ms
04-11 03:40:53.307 28843 28866 I native-activity: Doing egl_swapbuffers_sync 2
04-11 03:40:53.307 28843 28866 I native-activity: Swap 648 time is 54.067ms
04-11 03:40:53.307 28843 28866 I native-activity: Animating
04-11 03:40:53.361 28843 28866 I native-activity: Frame 649 GL error is 0x506
04-11 03:40:53.361 28843 28866 I native-activity: Frame 649 time is 53.763ms
04-11 03:40:53.361 28843 28866 I native-activity: Doing egl_swapbuffers_sync 2
04-11 03:40:53.362 28843 28866 I native-activity: Swap 649 time is 54.867ms
04-11 03:40:53.362 28843 28866 I native-activity: Animating
04-11 03:40:53.396 28843 28866 I native-activity: Frame 650 GL error is 0x506
04-11 03:40:53.396 28843 28866 I native-activity: Frame 650 time is 33.794ms
04-11 03:40:53.396 28843 28866 I native-activity: Doing egl_swapbuffers_sync 2
04-11 03:40:53.397 28843 28866 I native-activity: Swap 650 time is 34.169ms
04-11 03:40:53.397 28843 28866 I native-activity: Animating
04-11 03:40:53.434 28843 28866 I native-activity: Frame 651 GL error is 0x506
04-11 03:40:53.434 28843 28866 I native-activity: Frame 651 time is 37.370ms
04-11 03:40:53.434 28843 28866 I native-activity: Doing egl_swapbuffers_sync 2
04-11 03:40:53.435 28843 28866 I native-activity: Swap 651 time is 38.223ms
04-11 03:40:53.435 28843 28866 I native-activity: Animating
04-11 03:40:53.529 28843 28866 I native-activity: Frame 652 GL error is 0x506
04-11 03:40:53.530 28843 28866 I native-activity: Frame 652 time is 94.474ms
04-11 03:40:53.530 28843 28866 I native-activity: Doing egl_swapbuffers_sync 2
04-11 03:40:53.531 28843 28866 I native-activity: Swap 652 time is 95.740ms
04-11 03:40:53.531 28843 28866 I native-activity: Animating
04-11 03:40:53.586 28843 28866 I native-activity: Frame 653 GL error is 0x506
04-11 03:40:53.586 28843 28866 I native-activity: Frame 653 time is 55.023ms
04-11 03:40:53.586 28843 28866 I native-activity: Doing egl_swapbuffers_sync 2
04-11 03:40:53.587 28843 28866 I native-activity: Swap 653 time is 56.062ms
04-11 03:40:53.587 28843 28866 I native-activity: Animating
