04-11 03:38:35.749 28267 28288 I native-activity: Swap 140 time is 0.250ms
04-11 03:38:35.749 28267 28288 I native-activity: Animating
04-11 03:38:35.749 28267 28288 I native-activity: Frame 141 GL error is 0x0
04-11 03:38:35.749 28267 28288 I native-activity: Frame 141 time is 0.209ms
04-11 03:38:35.749 28267 28288 I native-activity: Swap 141 time is 0.361ms
04-11 03:38:35.749 28267 28288 I native-activity: Animating
04-11 03:38:35.750 28267 28288 I native-activity: Frame 142 GL error is 0x0
04-11 03:38:35.750 28267 28288 I native-activity: Frame 142 time is 0.215ms
04-11 03:38:35.750 28267 28288 I native-activity: Swap 142 time is 0.365ms
04-11 03:38:35.750 28267 28288 I native-activity: Animating
04-11 03:38:35.750 28267 28288 I native-activity: Frame 143 GL error is 0x0
04-11 03:38:35.750 28267 28288 I native-activity: Frame 143 time is 0.264ms
04-11 03:38:35.750 28267 28288 I native-activity: Swap 143 time is 0.403ms
04-11 03:38:35.750 28267 28288 I native-activity: Animating
04-11 03:38:35.751 28267 28288 I native-activity: Frame 144 GL error is 0x0
04-11 03:38:35.751 28267 28288 I native-activity: Frame 144 time is 0.238ms
04-11 03:38:35.751 28267 28288 I native-activity: Swap 144 time is 0.390ms
04-11 03:38:35.751 28267 28288 I native-activity: Animating
04-11 03:38:35.751 28267 28288 I native-activity: Frame 145 GL error is 0x0
04-11 03:38:35.751 28267 28288 I native-activity: Frame 145 time is 0.208ms
04-11 03:38:35.751 28267 28288 I native-activity: Swap 145 time is 0.359ms
04-11 03:38:35.751 28267 28288 I native-activity: Animating
04-11 03:38:35.751 28267 28288 I native-activity: Frame 146 GL error is 0x0
04-11 03:38:35.752 28267 28288 I native-activity: Frame 146 time is 0.245ms
04-11 03:38:35.752 28267 28288 I native-activity: Swap 146 time is 0.395ms
04-11 03:38:35.752 28267 28288 I native-activity: Animating
04-11 03:38:35.752 28267 28288 I native-activity: Frame 147 GL error is 0x0
04-11 03:38:35.752 28267 28288 I native-activity: Frame 147 time is 0.213ms
04-11 03:38:35.752 28267 28288 I native-activity: Swap 147 time is 0.359ms
04-11 03:38:35.752 28267 28288 I native-activity: Animating
04-11 03:38:35.752 28267 28288 I native-activity: Frame 148 GL error is 0x0
04-11 03:38:35.752 28267 28288 I native-activity: Frame 148 time is 0.211ms
04-11 03:38:35.753 28267 28288 I native-activity: Swap 148 time is 0.416ms
04-11 03:38:35.753 28267 28288 I native-activity: Animating
04-11 03:38:35.753 28267 28288 I native-activity: Frame 149 GL error is 0x0
04-11 03:38:35.753 28267 28288 I native-activity: Frame 149 time is 0.370ms
04-11 03:38:35.755 28267 28288 I native-activity: Swap 149 time is 2.142ms
04-11 03:38:35.755 28267 28288 I native-activity: Animating
04-11 03:38:35.756 28267 28288 I native-activity: Frame 150 GL error is 0x0
04-11 03:38:35.756 28267 28288 I native-activity: Frame 150 time is 0.730ms
04-11 03:38:35.774 28267 28288 I native-activity: Swap 150 time is 18.381ms
04-11 03:38:35.774 28267 28288 I native-activity: Animating
04-11 03:38:35.774 28267 28288 I native-activity: Frame 151 GL error is 0x0
04-11 03:38:35.775 28267 28288 I native-activity: Frame 151 time is 0.556ms
04-11 03:38:35.793 28267 28288 I native-activity: Swap 151 time is 18.827ms
04-11 03:38:35.793 28267 28288 I native-activity: Animating
04-11 03:38:35.794 28267 28288 I native-activity: Frame 152 GL error is 0x0
04-11 03:38:35.794 28267 28288 I native-activity: Frame 152 time is 0.677ms
04-11 03:38:35.812 28267 28288 I native-activity: Swap 152 time is 18.742ms
04-11 03:38:35.812 28267 28288 I native-activity: Animating
04-11 03:38:35.813 28267 28288 I native-activity: Frame 153 GL error is 0x0
04-11 03:38:35.813 28267 28288 I native-activity: Frame 153 time is 0.923ms
04-11 03:38:35.831 28267 28288 I native-activity: Swap 153 time is 18.849ms
04-11 03:38:35.831 28267 28288 I native-activity: Animating
04-11 03:38:35.832 28267 28288 I native-activity: Frame 154 GL error is 0x0
04-11 03:38:35.832 28267 28288 I native-activity: Frame 154 time is 0.799ms
04-11 03:38:35.850 28267 28288 I native-activity: Swap 154 time is 18.721ms
04-11 03:38:35.850 28267 28288 I native-activity: Animating
04-11 03:38:35.851 28267 28288 I native-activity: Frame 155 GL error is 0x0
04-11 03:38:35.851 28267 28288 I native-activity: Frame 155 time is 0.663ms
04-11 03:38:35.869 28267 28288 I native-activity: Swap 155 time is 18.654ms
04-11 03:38:35.869 28267 28288 I native-activity: Animating
04-11 03:38:35.870 28267 28288 I native-activity: Frame 156 GL error is 0x0
04-11 03:38:35.870 28267 28288 I native-activity: Frame 156 time is 0.707ms
04-11 03:38:35.888 28267 28288 I native-activity: Swap 156 time is 18.836ms
04-11 03:38:35.888 28267 28288 I native-activity: Animating
04-11 03:38:35.889 28267 28288 I native-activity: Frame 157 GL error is 0x0
04-11 03:38:35.889 28267 28288 I native-activity: Frame 157 time is 0.695ms
04-11 03:38:35.907 28267 28288 I native-activity: Swap 157 time is 18.749ms
04-11 03:38:35.907 28267 28288 I native-activity: Animating
04-11 03:38:35.908 28267 28288 I native-activity: Frame 158 GL error is 0x0
04-11 03:38:35.908 28267 28288 I native-activity: Frame 158 time is 0.858ms
04-11 03:38:35.926 28267 28288 I native-activity: Swap 158 time is 18.707ms
04-11 03:38:35.926 28267 28288 I native-activity: Animating
04-11 03:38:35.927 28267 28288 I native-activity: Frame 159 GL error is 0x0
04-11 03:38:35.927 28267 28288 I native-activity: Frame 159 time is 0.717ms
04-11 03:38:35.945 28267 28288 I native-activity: Swap 159 time is 18.840ms
04-11 03:38:35.945 28267 28288 I native-activity: Animating
04-11 03:38:35.946 28267 28288 I native-activity: Frame 160 GL error is 0x0
04-11 03:38:35.946 28267 28288 I native-activity: Frame 160 time is 0.694ms
04-11 03:38:35.964 28267 28288 I native-activity: Swap 160 time is 18.736ms
04-11 03:38:35.964 28267 28288 I native-activity: Animating
04-11 03:38:35.965 28267 28288 I native-activity: Frame 161 GL error is 0x0
04-11 03:38:35.965 28267 28288 I native-activity: Frame 161 time is 0.738ms
04-11 03:38:35.983 28267 28288 I native-activity: Swap 161 time is 18.738ms
04-11 03:38:35.983 28267 28288 I native-activity: Animating
04-11 03:38:35.984 28267 28288 I native-activity: Frame 162 GL error is 0x0
04-11 03:38:35.984 28267 28288 I native-activity: Frame 162 time is 0.669ms
04-11 03:38:36.002 28267 28288 I native-activity: Swap 162 time is 19.244ms
04-11 03:38:36.003 28267 28288 I native-activity: Animating
04-11 03:38:36.004 28267 28288 I native-activity: Frame 163 GL error is 0x0
04-11 03:38:36.004 28267 28288 I native-activity: Frame 163 time is 1.288ms
04-11 03:38:36.021 28267 28288 I native-activity: Swap 163 time is 18.700ms
04-11 03:38:36.022 28267 28288 I native-activity: Animating
04-11 03:38:36.022 28267 28288 I native-activity: Frame 164 GL error is 0x0
04-11 03:38:36.022 28267 28288 I native-activity: Frame 164 time is 0.753ms
04-11 03:38:36.040 28267 28288 I native-activity: Swap 164 time is 18.696ms
04-11 03:38:36.041 28267 28288 I native-activity: Animating
04-11 03:38:36.110   448   467 D gpslogd : agps_ril_update_network_state: Waiting for IPC connection - timeout
04-11 03:38:36.110   448   467 E gpslogd : LIBGPS: Cannot communicate (write) with a GPSD
04-11 03:38:36.110   448   467 E gpslogd : IPC Communication Error, /tmp/12075037/customers/Asustek/Tabletandroid/../../../proprietary/deliverables/android/gps_interface/../gps_interface/gpsi_client/GpsiClient.cpp:1194 agps_ril_update_network_state
04-11 03:38:36.110   448   467 D libgps  : proxy_agps_ril_update_network_state: called
04-11 03:38:36.110   448   467 D libgps  : proxy_agps_ril_update_network_availability()
04-11 03:38:36.110   448   467 D gpslogd : agps_ril_update_network_availability: Waiting for IPC connection...
04-11 03:38:36.362 28267 28288 I native-activity: Frame 165 GL error is 0x0
04-11 03:38:36.362 28267 28288 I native-activity: Frame 165 time is 321.625ms
04-11 03:38:36.362 28267 28288 I native-activity: Swap 165 time is 321.837ms
04-11 03:38:36.363 28267 28288 I native-activity: Animating
04-11 03:38:36.363 28267 28288 I native-activity: Frame 166 GL error is 0x0
04-11 03:38:36.363 28267 28288 I native-activity: Frame 166 time is 0.243ms
04-11 03:38:36.363 28267 28288 I native-activity: Swap 166 time is 0.361ms
04-11 03:38:36.363 28267 28288 I native-activity: Animating
04-11 03:38:36.363 28267 28288 I native-activity: Frame 167 GL error is 0x0
04-11 03:38:36.363 28267 28288 I native-activity: Frame 167 time is 0.153ms
04-11 03:38:36.363 28267 28288 I native-activity: Swap 167 time is 0.261ms
04-11 03:38:36.363 28267 28288 I native-activity: Animating
04-11 03:38:36.363 28267 28288 I native-activity: Frame 168 GL error is 0x0
04-11 03:38:36.363 28267 28288 I native-activity: Frame 168 time is 0.150ms
04-11 03:38:36.364 28267 28288 I native-activity: Swap 168 time is 0.260ms
04-11 03:38:36.364 28267 28288 I native-activity: Animating
04-11 03:38:36.364 28267 28288 I native-activity: Frame 169 GL error is 0x0
04-11 03:38:36.364 28267 28288 I native-activity: Frame 169 time is 0.203ms
04-11 03:38:36.364 28267 28288 I native-activity: Swap 169 time is 0.325ms
04-11 03:38:36.364 28267 28288 I native-activity: Animating
04-11 03:38:36.364 28267 28288 I native-activity: Frame 170 GL error is 0x0
04-11 03:38:36.364 28267 28288 I native-activity: Frame 170 time is 0.169ms
04-11 03:38:36.364 28267 28288 I native-activity: Swap 170 time is 0.287ms
04-11 03:38:36.364 28267 28288 I native-activity: Animating
04-11 03:38:36.364 28267 28288 I native-activity: Frame 171 GL error is 0x0
04-11 03:38:36.365 28267 28288 I native-activity: Frame 171 time is 0.197ms
04-11 03:38:36.365 28267 28288 I native-activity: Swap 171 time is 0.324ms
04-11 03:38:36.365 28267 28288 I native-activity: Animating
04-11 03:38:36.365 28267 28288 I native-activity: Frame 172 GL error is 0x0
04-11 03:38:36.365 28267 28288 I native-activity: Frame 172 time is 0.199ms
04-11 03:38:36.365 28267 28288 I native-activity: Swap 172 time is 0.331ms
04-11 03:38:36.365 28267 28288 I native-activity: Animating
04-11 03:38:36.365 28267 28288 I native-activity: Frame 173 GL error is 0x0
04-11 03:38:36.365 28267 28288 I native-activity: Frame 173 time is 0.234ms
04-11 03:38:36.366 28267 28288 I native-activity: Swap 173 time is 0.680ms
04-11 03:38:36.366 28267 28288 I native-activity: Animating
04-11 03:38:36.366 28267 28288 I native-activity: Frame 174 GL error is 0x0
04-11 03:38:36.366 28267 28288 I native-activity: Frame 174 time is 0.227ms
04-11 03:38:36.366 28267 28288 I native-activity: Swap 174 time is 0.372ms
04-11 03:38:36.366 28267 28288 I native-activity: Animating
04-11 03:38:36.366 28267 28288 I native-activity: Frame 175 GL error is 0x0
04-11 03:38:36.367 28267 28288 I native-activity: Frame 175 time is 0.209ms
04-11 03:38:36.367 28267 28288 I native-activity: Swap 175 time is 0.350ms
04-11 03:38:36.367 28267 28288 I native-activity: Animating
04-11 03:38:36.367 28267 28288 I native-activity: Frame 176 GL error is 0x0
04-11 03:38:36.367 28267 28288 I native-activity: Frame 176 time is 0.234ms
04-11 03:38:36.367 28267 28288 I native-activity: Swap 176 time is 0.379ms
04-11 03:38:36.367 28267 28288 I native-activity: Animating
04-11 03:38:36.367 28267 28288 I native-activity: Frame 177 GL error is 0x0
04-11 03:38:36.367 28267 28288 I native-activity: Frame 177 time is 0.205ms
04-11 03:38:36.368 28267 28288 I native-activity: Swap 177 time is 0.345ms
04-11 03:38:36.368 28267 28288 I native-activity: Animating
04-11 03:38:36.368 28267 28288 I native-activity: Frame 178 GL error is 0x0
04-11 03:38:36.368 28267 28288 I native-activity: Frame 178 time is 0.209ms
04-11 03:38:36.368 28267 28288 I native-activity: Swap 178 time is 0.345ms
04-11 03:38:36.368 28267 28288 I native-activity: Animating
04-11 03:38:36.368 28267 28288 I native-activity: Frame 179 GL error is 0x0
04-11 03:38:36.368 28267 28288 I native-activity: Frame 179 time is 0.191ms
04-11 03:38:36.368 28267 28288 I native-activity: Swap 179 time is 0.335ms
04-11 03:38:36.368 28267 28288 I native-activity: Animating
04-11 03:38:36.369 28267 28288 I native-activity: Frame 180 GL error is 0x0
04-11 03:38:36.369 28267 28288 I native-activity: Frame 180 time is 0.191ms
04-11 03:38:36.369 28267 28288 I native-activity: Swap 180 time is 0.331ms
04-11 03:38:36.369 28267 28288 I native-activity: Animating
04-11 03:38:36.369 28267 28288 I native-activity: Frame 181 GL error is 0x0
04-11 03:38:36.369 28267 28288 I native-activity: Frame 181 time is 0.225ms
04-11 03:38:36.369 28267 28288 I native-activity: Swap 181 time is 0.363ms
04-11 03:38:36.369 28267 28288 I native-activity: Animating
04-11 03:38:36.369 28267 28288 I native-activity: Frame 182 GL error is 0x0
04-11 03:38:36.369 28267 28288 I native-activity: Frame 182 time is 0.206ms
04-11 03:38:36.371 28267 28288 I native-activity: Swap 182 time is 2.183ms
04-11 03:38:36.372 28267 28288 I native-activity: Animating
04-11 03:38:36.372 28267 28288 I native-activity: Frame 183 GL error is 0x0
04-11 03:38:36.372 28267 28288 I native-activity: Frame 183 time is 0.525ms
04-11 03:38:36.390 28267 28288 I native-activity: Swap 183 time is 18.178ms
04-11 03:38:36.390 28267 28288 I native-activity: Animating
04-11 03:38:36.390 28267 28288 I native-activity: Frame 184 GL error is 0x0
04-11 03:38:36.391 28267 28288 I native-activity: Frame 184 time is 0.620ms
04-11 03:38:36.409 28267 28288 I native-activity: Swap 184 time is 18.866ms
04-11 03:38:36.409 28267 28288 I native-activity: Animating
04-11 03:38:36.410 28267 28288 I native-activity: Frame 185 GL error is 0x0
04-11 03:38:36.410 28267 28288 I native-activity: Frame 185 time is 0.692ms
04-11 03:38:36.428 28267 28288 I native-activity: Swap 185 time is 18.776ms
04-11 03:38:36.428 28267 28288 I native-activity: Animating
04-11 03:38:36.429 28267 28288 I native-activity: Frame 186 GL error is 0x0
04-11 03:38:36.430 28267 28288 I native-activity: Frame 186 time is 1.468ms
04-11 03:38:36.447 28267 28288 I native-activity: Swap 186 time is 18.801ms
04-11 03:38:36.447 28267 28288 I native-activity: Animating
04-11 03:38:36.448 28267 28288 I native-activity: Frame 187 GL error is 0x0
04-11 03:38:36.448 28267 28288 I native-activity: Frame 187 time is 0.688ms
04-11 03:38:36.466 28267 28288 I native-activity: Swap 187 time is 18.710ms
04-11 03:38:36.466 28267 28288 I native-activity: Animating
04-11 03:38:36.467 28267 28288 I native-activity: Frame 188 GL error is 0x0
04-11 03:38:36.467 28267 28288 I native-activity: Frame 188 time is 0.731ms
04-11 03:38:36.485 28267 28288 I native-activity: Swap 188 time is 18.733ms
04-11 03:38:36.485 28267 28288 I native-activity: Animating
04-11 03:38:36.486 28267 28288 I native-activity: Frame 189 GL error is 0x0
04-11 03:38:36.486 28267 28288 I native-activity: Frame 189 time is 0.674ms
04-11 03:38:36.501   448   627 D TaskPersister: removeObsoleteFile: deleting file=1033_task.xml
04-11 03:38:36.504 28267 28288 I native-activity: Swap 189 time is 19.108ms
04-11 03:38:36.504 28267 28288 I native-activity: Animating
04-11 03:38:36.505 28267 28288 I native-activity: Frame 190 GL error is 0x0
04-11 03:38:36.506 28267 28288 I native-activity: Frame 190 time is 0.995ms
04-11 03:38:36.523 28267 28288 I native-activity: Swap 190 time is 18.308ms
04-11 03:38:36.523 28267 28288 I native-activity: Animating
04-11 03:38:36.524 28267 28288 I native-activity: Frame 191 GL error is 0x0
04-11 03:38:36.524 28267 28288 I native-activity: Frame 191 time is 0.890ms
04-11 03:38:36.542 28267 28288 I native-activity: Swap 191 time is 18.708ms
04-11 03:38:36.542 28267 28288 I native-activity: Animating
04-11 03:38:36.543 28267 28288 I native-activity: Frame 192 GL error is 0x0
04-11 03:38:36.543 28267 28288 I native-activity: Frame 192 time is 0.662ms
04-11 03:38:36.561 28267 28288 I native-activity: Swap 192 time is 18.746ms
04-11 03:38:36.561 28267 28288 I native-activity: Animating
04-11 03:38:36.562 28267 28288 I native-activity: Frame 193 GL error is 0x0
04-11 03:38:36.562 28267 28288 I native-activity: Frame 193 time is 0.978ms
04-11 03:38:36.580 28267 28288 I native-activity: Swap 193 time is 18.792ms
04-11 03:38:36.580 28267 28288 I native-activity: Animating
04-11 03:38:36.581 28267 28288 I native-activity: Frame 194 GL error is 0x0
04-11 03:38:36.581 28267 28288 I native-activity: Frame 194 time is 0.673ms
04-11 03:38:36.599 28267 28288 I native-activity: Swap 194 time is 18.620ms
04-11 03:38:36.599 28267 28288 I native-activity: Animating
04-11 03:38:36.600 28267 28288 I native-activity: Frame 195 GL error is 0x0
04-11 03:38:36.600 28267 28288 I native-activity: Frame 195 time is 0.649ms
04-11 03:38:36.618 28267 28288 I native-activity: Swap 195 time is 18.789ms
04-11 03:38:36.618 28267 28288 I native-activity: Animating
04-11 03:38:36.619 28267 28288 I native-activity: Frame 196 GL error is 0x0
04-11 03:38:36.619 28267 28288 I native-activity: Frame 196 time is 0.740ms
04-11 03:38:36.637 28267 28288 I native-activity: Swap 196 time is 18.737ms
04-11 03:38:36.637 28267 28288 I native-activity: Animating
04-11 03:38:36.638 28267 28288 I native-activity: Frame 197 GL error is 0x0
04-11 03:38:36.638 28267 28288 I native-activity: Frame 197 time is 0.656ms
04-11 03:38:36.656 28267 28288 I native-activity: Swap 197 time is 18.735ms
04-11 03:38:36.656 28267 28288 I native-activity: Animating
04-11 03:38:36.978 28267 28288 I native-activity: Frame 198 GL error is 0x0
04-11 03:38:36.978 28267 28288 I native-activity: Frame 198 time is 322.064ms
04-11 03:38:36.978 28267 28288 I native-activity: Swap 198 time is 322.342ms
04-11 03:38:36.979 28267 28288 I native-activity: Animating
04-11 03:38:36.979 28267 28288 I native-activity: Frame 199 GL error is 0x0
04-11 03:38:36.979 28267 28288 I native-activity: Frame 199 time is 0.304ms
04-11 03:38:36.979 28267 28288 I native-activity: Swap 199 time is 0.475ms
04-11 03:38:36.979 28267 28288 I native-activity: Animating
04-11 03:38:36.979 28267 28288 I native-activity: Frame 200 GL error is 0x0
04-11 03:38:36.979 28267 28288 I native-activity: Frame 200 time is 0.206ms
04-11 03:38:36.979 28267 28288 I native-activity: Swap 200 time is 0.352ms
04-11 03:38:36.980 28267 28288 I native-activity: Animating
04-11 03:38:36.980 28267 28288 I native-activity: Frame 201 GL error is 0x0
04-11 03:38:36.980 28267 28288 I native-activity: Frame 201 time is 0.272ms
04-11 03:38:36.980 28267 28288 I native-activity: Swap 201 time is 0.481ms
04-11 03:38:36.980 28267 28288 I native-activity: Animating
04-11 03:38:36.980 28267 28288 I native-activity: Frame 202 GL error is 0x0
04-11 03:38:36.980 28267 28288 I native-activity: Frame 202 time is 0.244ms
04-11 03:38:36.981 28267 28288 I native-activity: Swap 202 time is 0.383ms
04-11 03:38:36.981 28267 28288 I native-activity: Animating
04-11 03:38:36.981 28267 28288 I native-activity: Frame 203 GL error is 0x0
04-11 03:38:36.981 28267 28288 I native-activity: Frame 203 time is 0.229ms
04-11 03:38:36.981 28267 28288 I native-activity: Swap 203 time is 0.366ms
04-11 03:38:36.981 28267 28288 I native-activity: Animating
04-11 03:38:36.981 28267 28288 I native-activity: Frame 204 GL error is 0x0
04-11 03:38:36.981 28267 28288 I native-activity: Frame 204 time is 0.197ms
04-11 03:38:36.981 28267 28288 I native-activity: Swap 204 time is 0.335ms
04-11 03:38:36.981 28267 28288 I native-activity: Animating
04-11 03:38:36.982 28267 28288 I native-activity: Frame 205 GL error is 0x0
04-11 03:38:36.982 28267 28288 I native-activity: Frame 205 time is 0.219ms
04-11 03:38:36.982 28267 28288 I native-activity: Swap 205 time is 0.360ms
04-11 03:38:36.982 28267 28288 I native-activity: Animating
04-11 03:38:36.982 28267 28288 I native-activity: Frame 206 GL error is 0x0
04-11 03:38:36.982 28267 28288 I native-activity: Frame 206 time is 0.208ms
04-11 03:38:36.982 28267 28288 I native-activity: Swap 206 time is 0.348ms
04-11 03:38:36.982 28267 28288 I native-activity: Animating
04-11 03:38:36.982 28267 28288 I native-activity: Frame 207 GL error is 0x0
04-11 03:38:36.982 28267 28288 I native-activity: Frame 207 time is 0.199ms
04-11 03:38:36.983 28267 28288 I native-activity: Swap 207 time is 0.332ms
04-11 03:38:36.983 28267 28288 I native-activity: Animating
04-11 03:38:36.983 28267 28288 I native-activity: Frame 208 GL error is 0x0
04-11 03:38:36.983 28267 28288 I native-activity: Frame 208 time is 0.217ms
04-11 03:38:36.983 28267 28288 I native-activity: Swap 208 time is 0.360ms
04-11 03:38:36.983 28267 28288 I native-activity: Animating
04-11 03:38:36.983 28267 28288 I native-activity: Frame 209 GL error is 0x0
04-11 03:38:36.983 28267 28288 I native-activity: Frame 209 time is 0.202ms
04-11 03:38:36.983 28267 28288 I native-activity: Swap 209 time is 0.339ms
04-11 03:38:36.983 28267 28288 I native-activity: Animating
04-11 03:38:36.984 28267 28288 I native-activity: Frame 210 GL error is 0x0
04-11 03:38:36.984 28267 28288 I native-activity: Frame 210 time is 0.221ms
04-11 03:38:36.984 28267 28288 I native-activity: Swap 210 time is 0.361ms
04-11 03:38:36.984 28267 28288 I native-activity: Animating
04-11 03:38:36.984 28267 28288 I native-activity: Frame 211 GL error is 0x0
04-11 03:38:36.984 28267 28288 I native-activity: Frame 211 time is 0.199ms
04-11 03:38:36.984 28267 28288 I native-activity: Swap 211 time is 0.336ms
04-11 03:38:36.984 28267 28288 I native-activity: Animating
04-11 03:38:36.984 28267 28288 I native-activity: Frame 212 GL error is 0x0
04-11 03:38:36.984 28267 28288 I native-activity: Frame 212 time is 0.210ms
04-11 03:38:36.985 28267 28288 I native-activity: Swap 212 time is 0.434ms
04-11 03:38:36.985 28267 28288 I native-activity: Animating
04-11 03:38:36.985 28267 28288 I native-activity: Frame 213 GL error is 0x0
04-11 03:38:36.985 28267 28288 I native-activity: Frame 213 time is 0.273ms
04-11 03:38:36.985 28267 28288 I native-activity: Swap 213 time is 0.440ms
04-11 03:38:36.985 28267 28288 I native-activity: Animating
04-11 03:38:36.985 28267 28288 I native-activity: Frame 214 GL error is 0x0
04-11 03:38:36.985 28267 28288 I native-activity: Frame 214 time is 0.213ms
04-11 03:38:36.986 28267 28288 I native-activity: Swap 214 time is 0.375ms
04-11 03:38:36.986 28267 28288 I native-activity: Animating
04-11 03:38:36.986 28267 28288 I native-activity: Frame 215 GL error is 0x0
04-11 03:38:36.986 28267 28288 I native-activity: Frame 215 time is 0.214ms
04-11 03:38:36.987 28267 28288 I native-activity: Swap 215 time is 1.485ms
04-11 03:38:36.987 28267 28288 I native-activity: Animating
04-11 03:38:36.988 28267 28288 I native-activity: Frame 216 GL error is 0x0
04-11 03:38:36.988 28267 28288 I native-activity: Frame 216 time is 0.344ms
04-11 03:38:37.006 28267 28288 I native-activity: Swap 216 time is 18.244ms
04-11 03:38:37.006 28267 28288 I native-activity: Animating
04-11 03:38:37.006 28267 28288 I native-activity: Frame 217 GL error is 0x0
04-11 03:38:37.006 28267 28288 I native-activity: Frame 217 time is 0.403ms
04-11 03:38:37.025 28267 28288 I native-activity: Swap 217 time is 18.955ms
04-11 03:38:37.025 28267 28288 I native-activity: Animating
04-11 03:38:37.026 28267 28288 I native-activity: Frame 218 GL error is 0x0
04-11 03:38:37.026 28267 28288 I native-activity: Frame 218 time is 0.950ms
04-11 03:38:37.044 28267 28288 I native-activity: Swap 218 time is 18.786ms
04-11 03:38:37.044 28267 28288 I native-activity: Animating
04-11 03:38:37.045 28267 28288 I native-activity: Frame 219 GL error is 0x0
04-11 03:38:37.045 28267 28288 I native-activity: Frame 219 time is 0.824ms
04-11 03:38:37.063 28267 28288 I native-activity: Swap 219 time is 18.715ms
04-11 03:38:37.063 28267 28288 I native-activity: Animating
04-11 03:38:37.064 28267 28288 I native-activity: Frame 220 GL error is 0x0
04-11 03:38:37.064 28267 28288 I native-activity: Frame 220 time is 0.712ms
04-11 03:38:37.082 28267 28288 I native-activity: Swap 220 time is 18.782ms
04-11 03:38:37.082 28267 28288 I native-activity: Animating
04-11 03:38:37.083 28267 28288 I native-activity: Frame 221 GL error is 0x0
04-11 03:38:37.083 28267 28288 I native-activity: Frame 221 time is 0.686ms
04-11 03:38:37.101 28267 28288 I native-activity: Swap 221 time is 18.738ms
04-11 03:38:37.101 28267 28288 I native-activity: Animating
04-11 03:38:37.102 28267 28288 I native-activity: Frame 222 GL error is 0x0
04-11 03:38:37.102 28267 28288 I native-activity: Frame 222 time is 0.678ms
04-11 03:38:37.120 28267 28288 I native-activity: Swap 222 time is 18.733ms
04-11 03:38:37.120 28267 28288 I native-activity: Animating
04-11 03:38:37.121 28267 28288 I native-activity: Frame 223 GL error is 0x0
04-11 03:38:37.121 28267 28288 I native-activity: Frame 223 time is 1.001ms
04-11 03:38:37.139 28267 28288 I native-activity: Swap 223 time is 18.778ms
04-11 03:38:37.139 28267 28288 I native-activity: Animating
04-11 03:38:37.140 28267 28288 I native-activity: Frame 224 GL error is 0x0
04-11 03:38:37.140 28267 28288 I native-activity: Frame 224 time is 1.255ms
04-11 03:38:37.158 28267 28288 I native-activity: Swap 224 time is 18.669ms
04-11 03:38:37.158 28267 28288 I native-activity: Animating
04-11 03:38:37.910   448   467 D gpslogd : agps_ril_update_network_availability: Waiting for IPC connection - timeout
04-11 03:38:37.910   448   467 E gpslogd : LIBGPS: Cannot communicate (write) with a GPSD
04-11 03:38:37.910   448   467 E gpslogd : IPC Communication Error, /tmp/12075037/customers/Asustek/Tabletandroid/../../../proprietary/deliverables/android/gps_interface/../gps_interface/gpsi_client/GpsiClient.cpp:1213 agps_ril_update_network_availability
04-11 03:38:37.913 28267 28288 I native-activity: Frame 225 GL error is 0x501
04-11 03:38:37.914 28267 28288 I native-activity: Frame 225 time is 755.627ms
04-11 03:38:37.914   976  1971 D PhoneInterfaceManager: [PhoneIntfMgr] getDataEnabled: subId=-1 phoneId=-1
04-11 03:38:37.914   976  1971 E PhoneInterfaceManager: [PhoneIntfMgr] getDataEnabled: no phone subId=-1 retVal=false
04-11 03:38:37.914 28267 28288 I native-activity: Swap 225 time is 756.331ms
04-11 03:38:37.915 28267 28288 I native-activity: Animating
04-11 03:38:37.915   448   467 D TelephonyManager: getDataEnabled: retVal=false
04-11 03:38:37.928   448   467 E GpsLocationProvider: No APN found to select.
04-11 03:38:37.930   448   467 D libgps  : proxy_agps_ril_update_network_state()
04-11 03:38:37.930   448   467 D gpslogd : agps_ril_update_network_state: Waiting for IPC connection...
04-11 03:38:37.933 28267 28288 I native-activity: Frame 226 GL error is 0x0
04-11 03:38:37.933 28267 28288 I native-activity: Frame 226 time is 18.415ms
04-11 03:38:37.934 28267 28288 I native-activity: Swap 226 time is 19.004ms
04-11 03:38:37.934 28267 28288 I native-activity: Animating
04-11 03:38:37.979 28267 28288 I native-activity: Frame 227 GL error is 0x0
04-11 03:38:37.979 28267 28288 I native-activity: Frame 227 time is 45.035ms
04-11 03:38:37.980 28267 28288 I native-activity: Swap 227 time is 45.298ms
04-11 03:38:37.980 28267 28288 I native-activity: Animating
04-11 03:38:38.239 28267 28288 I native-activity: Frame 228 GL error is 0x0
04-11 03:38:38.240 28267 28288 I native-activity: Frame 228 time is 259.746ms
04-11 03:38:38.240 28267 28288 I native-activity: Swap 228 time is 259.992ms
04-11 03:38:38.248 28267 28288 I native-activity: Animating
04-11 03:38:38.294 28267 28288 I native-activity: Frame 229 GL error is 0x0
04-11 03:38:38.294 28267 28288 I native-activity: Frame 229 time is 45.535ms
04-11 03:38:38.294 28267 28288 I native-activity: Swap 229 time is 45.785ms
04-11 03:38:38.294 28267 28288 I native-activity: Animating
04-11 03:38:38.347 28267 28288 I native-activity: Frame 230 GL error is 0x0
04-11 03:38:38.347 28267 28288 I native-activity: Frame 230 time is 52.399ms
04-11 03:38:38.347 28267 28288 I native-activity: Swap 230 time is 52.640ms
04-11 03:38:38.347 28267 28288 I native-activity: Animating
04-11 03:38:38.401 28267 28288 I native-activity: Frame 231 GL error is 0x0
04-11 03:38:38.401 28267 28288 I native-activity: Frame 231 time is 53.682ms
04-11 03:38:38.401 28267 28288 I native-activity: Swap 231 time is 53.916ms
04-11 03:38:38.401 28267 28288 I native-activity: Animating
04-11 03:38:38.451 28267 28288 I native-activity: Frame 232 GL error is 0x501
04-11 03:38:38.452 28267 28288 I native-activity: Frame 232 time is 50.388ms
04-11 03:38:38.452 28267 28288 I native-activity: Swap 232 time is 50.629ms
04-11 03:38:38.452 28267 28288 I native-activity: Animating
04-11 03:38:38.478 28267 28288 I native-activity: Frame 233 GL error is 0x501
04-11 03:38:38.478 28267 28288 I native-activity: Frame 233 time is 26.144ms
04-11 03:38:38.479 28267 28288 I native-activity: Swap 233 time is 26.383ms
04-11 03:38:38.479 28267 28288 I native-activity: Animating
04-11 03:38:38.483 28267 28288 I native-activity: Frame 234 GL error is 0x0
04-11 03:38:38.484 28267 28288 I native-activity: Frame 234 time is 4.801ms
04-11 03:38:38.484 28267 28288 I native-activity: Swap 234 time is 5.001ms
04-11 03:38:38.484 28267 28288 I native-activity: Animating
04-11 03:38:38.486 28267 28288 I native-activity: Frame 235 GL error is 0x0
04-11 03:38:38.486 28267 28288 I native-activity: Frame 235 time is 2.177ms
04-11 03:38:38.486 28267 28288 I native-activity: Swap 235 time is 2.355ms
04-11 03:38:38.486 28267 28288 I native-activity: Animating
04-11 03:38:38.488 28267 28288 I native-activity: Frame 236 GL error is 0x0
04-11 03:38:38.488 28267 28288 I native-activity: Frame 236 time is 1.897ms
04-11 03:38:38.488 28267 28288 I native-activity: Swap 236 time is 2.081ms
04-11 03:38:38.488 28267 28288 I native-activity: Animating
04-11 03:38:38.491 28267 28288 I native-activity: Frame 237 GL error is 0x0
04-11 03:38:38.491 28267 28288 I native-activity: Frame 237 time is 2.372ms
04-11 03:38:38.491 28267 28288 I native-activity: Swap 237 time is 2.574ms
04-11 03:38:38.491 28267 28288 I native-activity: Animating
04-11 03:38:38.494 28267 28288 I native-activity: Frame 238 GL error is 0x0
04-11 03:38:38.494 28267 28288 I native-activity: Frame 238 time is 2.972ms
04-11 03:38:38.494 28267 28288 I native-activity: Swap 238 time is 3.251ms
04-11 03:38:38.495 28267 28288 I native-activity: Animating
04-11 03:38:38.497 28267 28288 I native-activity: Frame 239 GL error is 0x0
04-11 03:38:38.497 28267 28288 I native-activity: Frame 239 time is 2.352ms
04-11 03:38:38.497 28267 28288 I native-activity: Swap 239 time is 2.605ms
04-11 03:38:38.497 28267 28288 I native-activity: Animating
04-11 03:38:38.692 28267 28288 I native-activity: Frame 240 GL error is 0x501
04-11 03:38:38.692 28267 28288 I native-activity: Frame 240 time is 194.407ms
04-11 03:38:38.692 28267 28288 I native-activity: Swap 240 time is 194.566ms
04-11 03:38:38.692 28267 28288 I native-activity: Animating
04-11 03:38:38.730 28267 28288 I native-activity: Frame 241 GL error is 0x501
04-11 03:38:38.731 28267 28288 I native-activity: Frame 241 time is 38.509ms
04-11 03:38:38.731 28267 28288 I native-activity: Swap 241 time is 38.873ms
04-11 03:38:38.731 28267 28288 I native-activity: Animating
04-11 03:38:38.768 28267 28288 I native-activity: Frame 242 GL error is 0x0
04-11 03:38:38.768 28267 28288 I native-activity: Frame 242 time is 36.750ms
04-11 03:38:38.768 28267 28288 I native-activity: Swap 242 time is 36.996ms
04-11 03:38:38.768 28267 28288 I native-activity: Animating
04-11 03:38:38.800 28267 28288 I native-activity: Frame 243 GL error is 0x0
04-11 03:38:38.801 28267 28288 I native-activity: Frame 243 time is 31.584ms
04-11 03:38:38.802 28267 28288 I native-activity: Swap 243 time is 33.821ms
04-11 03:38:38.803 28267 28288 I native-activity: Animating
04-11 03:38:38.829 28267 28288 I native-activity: Frame 244 GL error is 0x0
04-11 03:38:38.829 28267 28288 I native-activity: Frame 244 time is 26.281ms
04-11 03:38:38.829 28267 28288 I native-activity: Swap 244 time is 26.438ms
04-11 03:38:38.829 28267 28288 I native-activity: Animating
04-11 03:38:38.906 28267 28288 I native-activity: Frame 245 GL error is 0x0
04-11 03:38:38.906 28267 28288 I native-activity: Frame 245 time is 76.575ms
04-11 03:38:38.906 28267 28288 I native-activity: Swap 245 time is 76.747ms
04-11 03:38:38.906 28267 28288 I native-activity: Animating
04-11 03:38:38.951 28267 28288 I native-activity: Frame 246 GL error is 0x0
04-11 03:38:38.951 28267 28288 I native-activity: Frame 246 time is 45.335ms
04-11 03:38:38.952 28267 28288 I native-activity: Swap 246 time is 45.554ms
04-11 03:38:38.952 28267 28288 I native-activity: Animating
04-11 03:38:39.064 28267 28288 I native-activity: Frame 247 GL error is 0x500
04-11 03:38:39.064 28267 28288 I native-activity: Frame 247 time is 111.961ms
04-11 03:38:39.064 28267 28288 I native-activity: Swap 247 time is 112.239ms
04-11 03:38:39.064 28267 28288 I native-activity: Animating
04-11 03:38:39.089 28267 28288 I native-activity: Frame 248 GL error is 0x506
04-11 03:38:39.089 28267 28288 I native-activity: Frame 248 time is 24.505ms
04-11 03:38:39.089 28267 28288 I native-activity: Swap 248 time is 24.692ms
04-11 03:38:39.089 28267 28288 I native-activity: Animating
04-11 03:38:39.137 28267 28288 I native-activity: Frame 249 GL error is 0x506
04-11 03:38:39.138 28267 28288 I native-activity: Frame 249 time is 48.074ms
04-11 03:38:39.138 28267 28288 I native-activity: Swap 249 time is 48.233ms
04-11 03:38:39.138 28267 28288 I native-activity: Animating
04-11 03:38:39.154 28267 28288 I native-activity: Frame 250 GL error is 0x506
04-11 03:38:39.155 28267 28288 I native-activity: Frame 250 time is 16.720ms
04-11 03:38:39.155 28267 28288 I native-activity: Swap 250 time is 16.921ms
04-11 03:38:39.155 28267 28288 I native-activity: Animating
04-11 03:38:39.200 28267 28288 I native-activity: Frame 251 GL error is 0x506
04-11 03:38:39.200 28267 28288 I native-activity: Frame 251 time is 45.271ms
04-11 03:38:39.200 28267 28288 I native-activity: Swap 251 time is 45.421ms
04-11 03:38:39.200 28267 28288 I native-activity: Animating
04-11 03:38:39.255 28267 28288 I native-activity: Frame 252 GL error is 0x506
04-11 03:38:39.255 28267 28288 I native-activity: Frame 252 time is 54.297ms
04-11 03:38:39.255 28267 28288 I native-activity: Swap 252 time is 54.439ms
04-11 03:38:39.255 28267 28288 I native-activity: Animating
04-11 03:38:39.310 28267 28288 I native-activity: Frame 253 GL error is 0x506
04-11 03:38:39.310 28267 28288 I native-activity: Frame 253 time is 55.275ms
04-11 03:38:39.311 28267 28288 I native-activity: Swap 253 time is 55.540ms
04-11 03:38:39.311 28267 28288 I native-activity: Animating
04-11 03:38:39.358 28267 28288 I native-activity: Frame 254 GL error is 0x506
04-11 03:38:39.358 28267 28288 I native-activity: Frame 254 time is 47.424ms
04-11 03:38:39.358 28267 28288 I native-activity: Swap 254 time is 47.611ms
04-11 03:38:39.359 28267 28288 I native-activity: Animating
04-11 03:38:39.415 28267 28288 I native-activity: Frame 255 GL error is 0x506
04-11 03:38:39.415 28267 28288 I native-activity: Frame 255 time is 56.677ms
04-11 03:38:39.415 28267 28288 I native-activity: Swap 255 time is 56.814ms
04-11 03:38:39.415 28267 28288 I native-activity: Animating
04-11 03:38:39.473 28267 28288 I native-activity: Frame 256 GL error is 0x506
04-11 03:38:39.473 28267 28288 I native-activity: Frame 256 time is 57.269ms
04-11 03:38:39.473 28267 28288 I native-activity: Swap 256 time is 57.415ms
04-11 03:38:39.473 28267 28288 I native-activity: Animating
04-11 03:38:39.529 28267 28288 I native-activity: Frame 257 GL error is 0x506
04-11 03:38:39.529 28267 28288 I native-activity: Frame 257 time is 56.324ms
04-11 03:38:39.530 28267 28288 I native-activity: Swap 257 time is 56.474ms
04-11 03:38:39.530 28267 28288 I native-activity: Animating
04-11 03:38:39.587 28267 28288 I native-activity: Frame 258 GL error is 0x506
04-11 03:38:39.587 28267 28288 I native-activity: Frame 258 time is 57.206ms
04-11 03:38:39.587 28267 28288 I native-activity: Swap 258 time is 57.353ms
04-11 03:38:39.587 28267 28288 I native-activity: Animating
04-11 03:38:39.645 28267 28288 I native-activity: Context 0x5a6a7f70 made current on surface 0x5a6a7fa0, error 0x3000
04-11 03:38:39.645 28267 28288 I native-activity: GL information
04-11 03:38:39.645 28267 28288 I native-activity: 	Renderer: NVIDIA Tegra 3
04-11 03:38:39.645 28267 28288 I native-activity: 	Vendor: NVIDIA Corporation
04-11 03:38:39.645 28267 28288 I native-activity: 	Version: OpenGL ES 2.0 14.01003
04-11 03:38:39.645 28267 28288 I native-activity: 	Shading Language: OpenGL ES GLSL 1.00
04-11 03:38:39.645 28267 28288 I native-activity: 	Extensions: GL_OES_rgb8_rgba8 GL_OES_EGL_sync GL_OES_fbo_render_mipmap GL_NV_depth_nonlinear GL_NV_draw_path GL_NV_texture_npot_2D_mipmap GL_OES_EGL_image GL_OES_EGL_image_external GL_OES_vertex_half_float GL_OES_mapbuffer GL_NV_draw_buffers GL_NV_multiview_draw_buffers GL_EXT_Cg_shader GL_EXT_packed_float GL_OES_texture_half_float GL_EXT_texture_array GL_OES_compressed_ETC1_RGB8_texture GL_EXT_texture_compression_latc GL_NV_texture_compression_latc GL_EXT_texture_compression_dxt1 GL_EXT_texture_compression_s3tc GL_NV_texture_compression_s3tc GL_EXT_texture_filter_anisotropic GL_NV_get_tex_image GL_NV_read_buffer GL_NV_shader_framebuffer_fetch GL_NV_copy_image GL_NV_fbo_color_attachments GL_EXT_bgra GL_EXT_texture_format_BGRA8888 GL_EXT_unpack_subimage GL_NV_pack_subimage GL_NV_texture_compression_s3tc_update GL_NV_read_depth GL_NV_read_stencil GL_NV_uniform_buffer_object GL_EXT_robustness GL_OES_standard_derivatives GL_NV_EGL_stream_consumer_external GL_NV_3dvision_settings GL_EXT_debug_marker GL_EXT_debug
04-11 03:38:39.645 28267 28288 I native-activity: Context 0x5a6a7f70 made current on surface 0x5a6a7fa0, error 0x3000
04-11 03:38:39.645 28267 28288 I native-activity: GL information
04-11 03:38:39.645 28267 28288 I native-activity: 	Renderer: NVIDIA Tegra 3
04-11 03:38:39.645 28267 28288 I native-activity: 	Vendor: NVIDIA Corporation
04-11 03:38:39.645 28267 28288 I native-activity: 	Version: OpenGL ES 2.0 14.01003
04-11 03:38:39.645 28267 28288 I native-activity: 	Shading Language: OpenGL ES GLSL 1.00
04-11 03:38:39.645 28267 28288 I native-activity: 	Extensions: GL_OES_rgb8_rgba8 GL_OES_EGL_sync GL_OES_fbo_render_mipmap GL_NV_depth_nonlinear GL_NV_draw_path GL_NV_texture_npot_2D_mipmap GL_OES_EGL_image GL_OES_EGL_image_external GL_OES_vertex_half_float GL_OES_mapbuffer GL_NV_draw_buffers GL_NV_multiview_draw_buffers GL_EXT_Cg_shader GL_EXT_packed_float GL_OES_texture_half_float GL_EXT_texture_array GL_OES_compressed_ETC1_RGB8_texture GL_EXT_texture_compression_latc GL_NV_texture_compression_latc GL_EXT_texture_compression_dxt1 GL_EXT_texture_compression_s3tc GL_NV_texture_compression_s3tc GL_EXT_texture_filter_anisotropic GL_NV_get_tex_image GL_NV_read_buffer GL_NV_shader_framebuffer_fetch GL_NV_copy_image GL_NV_fbo_color_attachments GL_EXT_bgra GL_EXT_texture_format_BGRA8888 GL_EXT_unpack_subimage GL_NV_pack_subimage GL_NV_texture_compression_s3tc_update GL_NV_read_depth GL_NV_read_stencil GL_NV_uniform_buffer_object GL_EXT_robustness GL_OES_standard_derivatives GL_NV_EGL_stream_consumer_external GL_NV_3dvision_settings GL_EXT_debug_marker GL_EXT_debug
04-11 03:38:39.645 28267 28288 I native-activity: Frame 259 GL error is 0x506
04-11 03:38:39.645 28267 28288 I native-activity: Frame 259 time is 58.157ms
04-11 03:38:39.645 28267 28288 I native-activity: Swap 259 time is 58.280ms
04-11 03:38:39.645 28267 28288 I native-activity: Animating
04-11 03:38:39.720   448   467 D gpslogd : agps_ril_update_network_state: Waiting for IPC connection - timeout
04-11 03:38:39.720   448   467 E gpslogd : LIBGPS: Cannot communicate (write) with a GPSD
04-11 03:38:39.720   448   467 E gpslogd : IPC Communication Error, /tmp/12075037/customers/Asustek/Tabletandroid/../../../proprietary/deliverables/android/gps_interface/../gps_interface/gpsi_client/GpsiClient.cpp:1194 agps_ril_update_network_state
04-11 03:38:39.720   448   467 D libgps  : proxy_agps_ril_update_network_state: called
04-11 03:38:39.720   448   467 D libgps  : proxy_agps_ril_update_network_availability()
04-11 03:38:39.720   448   467 D gpslogd : agps_ril_update_network_availability: Waiting for IPC connection...
04-11 03:38:39.832 28267 28288 I native-activity: Frame 260 GL error is 0x506
04-11 03:38:39.832 28267 28288 I native-activity: Frame 260 time is 186.422ms
04-11 03:38:39.832 28267 28288 I native-activity: Swap 260 time is 186.773ms
04-11 03:38:39.833 28267 28288 I native-activity: Animating
04-11 03:38:39.890 28267 28288 I native-activity: Frame 261 GL error is 0x506
04-11 03:38:39.891 28267 28288 I native-activity: Frame 261 time is 58.057ms
04-11 03:38:39.891 28267 28288 I native-activity: Swap 261 time is 58.398ms
04-11 03:38:39.891 28267 28288 I native-activity: Animating
04-11 03:38:39.946 28267 28288 I native-activity: Frame 262 GL error is 0x506
04-11 03:38:39.946 28267 28288 I native-activity: Frame 262 time is 55.057ms
04-11 03:38:39.947 28267 28288 I native-activity: Swap 262 time is 55.394ms
04-11 03:38:39.947 28267 28288 I native-activity: Animating
04-11 03:38:40.004 28267 28288 I native-activity: Frame 263 GL error is 0x506
04-11 03:38:40.004 28267 28288 I native-activity: Frame 263 time is 57.143ms
04-11 03:38:40.004 28267 28288 I native-activity: Swap 263 time is 57.429ms
04-11 03:38:40.004 28267 28288 I native-activity: Animating
04-11 03:38:40.062 28267 28288 I native-activity: Frame 264 GL error is 0x506
04-11 03:38:40.062 28267 28288 I native-activity: Frame 264 time is 57.228ms
04-11 03:38:40.062 28267 28288 I native-activity: Swap 264 time is 57.511ms
04-11 03:38:40.062 28267 28288 I native-activity: Animating
04-11 03:38:40.120 28267 28288 I native-activity: Frame 265 GL error is 0x506
04-11 03:38:40.120 28267 28288 I native-activity: Frame 265 time is 57.799ms
04-11 03:38:40.120 28267 28288 I native-activity: Swap 265 time is 58.207ms
04-11 03:38:40.121 28267 28288 I native-activity: Animating
04-11 03:38:40.179 28267 28288 I native-activity: Frame 266 GL error is 0x506
04-11 03:38:40.179 28267 28288 I native-activity: Frame 266 time is 57.978ms
04-11 03:38:40.179 28267 28288 I native-activity: Swap 266 time is 58.253ms
04-11 03:38:40.179 28267 28288 I native-activity: Animating
04-11 03:38:40.206 28267 28288 I native-activity: Frame 267 GL error is 0x506
04-11 03:38:40.206 28267 28288 I native-activity: Frame 267 time is 27.300ms
04-11 03:38:40.207 28267 28288 I native-activity: Swap 267 time is 27.739ms
04-11 03:38:40.207 28267 28288 I native-activity: Animating
04-11 03:38:40.226 28267 28288 I native-activity: Frame 268 GL error is 0x506
04-11 03:38:40.227 28267 28288 I native-activity: Frame 268 time is 19.347ms
04-11 03:38:40.227 28267 28288 I native-activity: Swap 268 time is 19.561ms
04-11 03:38:40.227 28267 28288 I native-activity: Animating
04-11 03:38:40.256 28267 28288 I native-activity: Frame 269 GL error is 0x506
04-11 03:38:40.256 28267 28288 I native-activity: Frame 269 time is 29.494ms
04-11 03:38:40.257 28267 28288 I native-activity: Swap 269 time is 29.880ms
04-11 03:38:40.257 28267 28288 I native-activity: Animating
04-11 03:38:40.285 28267 28288 I native-activity: Frame 270 GL error is 0x506
04-11 03:38:40.285 28267 28288 I native-activity: Frame 270 time is 28.242ms
04-11 03:38:40.286 28267 28288 I native-activity: Swap 270 time is 28.483ms
04-11 03:38:40.286 28267 28288 I native-activity: Animating
04-11 03:38:40.341 28267 28288 I native-activity: Frame 271 GL error is 0x506
04-11 03:38:40.341 28267 28288 I native-activity: Frame 271 time is 55.659ms
04-11 03:38:40.342 28267 28288 I native-activity: Swap 271 time is 55.805ms
04-11 03:38:40.342 28267 28288 I native-activity: Animating
04-11 03:38:40.399 28267 28288 I native-activity: Frame 272 GL error is 0x506
04-11 03:38:40.399 28267 28288 I native-activity: Frame 272 time is 56.883ms
04-11 03:38:40.399 28267 28288 I native-activity: Swap 272 time is 57.042ms
04-11 03:38:40.399 28267 28288 I native-activity: Animating
04-11 03:38:40.456 28267 28288 I native-activity: Frame 273 GL error is 0x506
04-11 03:38:40.456 28267 28288 I native-activity: Frame 273 time is 56.680ms
04-11 03:38:40.456 28267 28288 I native-activity: Swap 273 time is 56.824ms
04-11 03:38:40.456 28267 28288 I native-activity: Animating
04-11 03:38:40.513 28267 28288 I native-activity: Frame 274 GL error is 0x506
04-11 03:38:40.513 28267 28288 I native-activity: Frame 274 time is 57.112ms
04-11 03:38:40.513 28267 28288 I native-activity: Swap 274 time is 57.257ms
04-11 03:38:40.513 28267 28288 I native-activity: Animating
04-11 03:38:40.571 28267 28288 I native-activity: Frame 275 GL error is 0x506
04-11 03:38:40.572 28267 28288 I native-activity: Frame 275 time is 58.283ms
04-11 03:38:40.572 28267 28288 I native-activity: Swap 275 time is 58.459ms
04-11 03:38:40.572 28267 28288 I native-activity: Animating
04-11 03:38:40.628 28267 28288 I native-activity: Frame 276 GL error is 0x506
04-11 03:38:40.628 28267 28288 I native-activity: Frame 276 time is 56.240ms
04-11 03:38:40.628 28267 28288 I native-activity: Swap 276 time is 56.385ms
04-11 03:38:40.628 28267 28288 I native-activity: Animating
04-11 03:38:40.686 28267 28288 I native-activity: Frame 277 GL error is 0x506
04-11 03:38:40.686 28267 28288 I native-activity: Frame 277 time is 57.812ms
04-11 03:38:40.686 28267 28288 I native-activity: Swap 277 time is 57.960ms
04-11 03:38:40.686 28267 28288 I native-activity: Animating
04-11 03:38:40.743 28267 28288 I native-activity: Frame 278 GL error is 0x506
04-11 03:38:40.743 28267 28288 I native-activity: Frame 278 time is 56.186ms
04-11 03:38:40.743 28267 28288 I native-activity: Swap 278 time is 56.326ms
04-11 03:38:40.743 28267 28288 I native-activity: Animating
04-11 03:38:40.802 28267 28288 I native-activity: Frame 279 GL error is 0x506
04-11 03:38:40.802 28267 28288 I native-activity: Frame 279 time is 58.704ms
04-11 03:38:40.802 28267 28288 I native-activity: Swap 279 time is 58.911ms
04-11 03:38:40.802 28267 28288 I native-activity: Animating
04-11 03:38:40.859 28267 28288 I native-activity: Frame 280 GL error is 0x506
04-11 03:38:40.859 28267 28288 I native-activity: Frame 280 time is 57.220ms
04-11 03:38:40.859 28267 28288 I native-activity: Swap 280 time is 57.429ms
04-11 03:38:40.860 28267 28288 I native-activity: Animating
04-11 03:38:40.916 28267 28288 I native-activity: Frame 281 GL error is 0x506
04-11 03:38:40.916 28267 28288 I native-activity: Frame 281 time is 56.000ms
04-11 03:38:40.916 28267 28288 I native-activity: Swap 281 time is 56.210ms
04-11 03:38:40.916 28267 28288 I native-activity: Animating
04-11 03:38:41.172 28267 28288 I native-activity: Frame 282 GL error is 0x506
04-11 03:38:41.173 28267 28288 I native-activity: Frame 282 time is 256.423ms
04-11 03:38:41.173 28267 28288 I native-activity: Swap 282 time is 257.463ms
04-11 03:38:41.174 28267 28288 I native-activity: Animating
04-11 03:38:41.205 28267 28288 I native-activity: Frame 283 GL error is 0x506
04-11 03:38:41.206 28267 28288 I native-activity: Frame 283 time is 31.823ms
04-11 03:38:41.206 28267 28288 I native-activity: Swap 283 time is 32.121ms
04-11 03:38:41.206 28267 28288 I native-activity: Animating
04-11 03:38:41.222 28267 28288 I native-activity: Frame 284 GL error is 0x506
04-11 03:38:41.222 28267 28288 I native-activity: Frame 284 time is 15.626ms
04-11 03:38:41.222 28267 28288 I native-activity: Swap 284 time is 15.872ms
04-11 03:38:41.222 28267 28288 I native-activity: Animating
04-11 03:38:41.362 28267 28288 I native-activity: Frame 285 GL error is 0x506
04-11 03:38:41.362 28267 28288 I native-activity: Frame 285 time is 139.679ms
04-11 03:38:41.363 28267 28288 I native-activity: Swap 285 time is 140.698ms
04-11 03:38:41.363 28267 28288 I native-activity: Animating
04-11 03:38:41.373 28267 28288 I native-activity: Frame 286 GL error is 0x506
04-11 03:38:41.373 28267 28288 I native-activity: Frame 286 time is 10.006ms
04-11 03:38:41.373 28267 28288 I native-activity: Swap 286 time is 10.170ms
04-11 03:38:41.373 28267 28288 I native-activity: Animating
04-11 03:38:41.389 28267 28288 I native-activity: Frame 287 GL error is 0x506
04-11 03:38:41.389 28267 28288 I native-activity: Frame 287 time is 15.633ms
04-11 03:38:41.389 28267 28288 I native-activity: Swap 287 time is 15.867ms
04-11 03:38:41.390 28267 28288 I native-activity: Animating
04-11 03:38:41.530   448   467 D gpslogd : agps_ril_update_network_availability: Waiting for IPC connection - timeout
04-11 03:38:41.530   448   467 E gpslogd : LIBGPS: Cannot communicate (write) with a GPSD
