04-11 03:37:48.777 27931 27949 I native-activity: Animating
04-11 03:37:48.803 27931 27949 I native-activity: Frame 527 GL error is 0x506
04-11 03:37:48.803 27931 27949 I native-activity: Frame 527 time is 26.713ms
04-11 03:37:48.845 27931 27949 I native-activity: Swap 527 time is 68.032ms
04-11 03:37:48.845 27931 27949 I native-activity: Animating
04-11 03:37:48.880 27931 27949 I native-activity: Frame 528 GL error is 0x506
04-11 03:37:48.880 27931 27949 I native-activity: Frame 528 time is 34.508ms
04-11 03:37:48.920 27931 27949 I native-activity: Swap 528 time is 75.249ms
04-11 03:37:48.921 27931 27949 I native-activity: Animating
04-11 03:37:48.987 27931 27949 I native-activity: Frame 529 GL error is 0x506
04-11 03:37:48.988 27931 27949 I native-activity: Frame 529 time is 67.003ms
04-11 03:37:48.999 27931 27949 I native-activity: Swap 529 time is 78.616ms
04-11 03:37:49.000 27931 27949 I native-activity: Animating
04-11 03:37:49.063 27931 27949 I native-activity: Frame 530 GL error is 0x506
04-11 03:37:49.063 27931 27949 I native-activity: Frame 530 time is 63.597ms
04-11 03:37:49.070 27931 27949 I native-activity: Swap 530 time is 70.203ms
04-11 03:37:49.070 27931 27949 I native-activity: Animating
04-11 03:37:49.128 27931 27949 I native-activity: Frame 531 GL error is 0x506
04-11 03:37:49.129 27931 27949 I native-activity: Frame 531 time is 58.144ms
04-11 03:37:49.137 27931 27949 I native-activity: Swap 531 time is 66.609ms
04-11 03:37:49.137 27931 27949 I native-activity: Animating
04-11 03:37:49.197 27931 27949 I native-activity: Frame 532 GL error is 0x506
04-11 03:37:49.197 27931 27949 I native-activity: Frame 532 time is 59.245ms
04-11 03:37:49.204 27931 27949 I native-activity: Swap 532 time is 66.748ms
04-11 03:37:49.205 27931 27949 I native-activity: Animating
04-11 03:37:49.267 27931 27949 I native-activity: Frame 533 GL error is 0x506
04-11 03:37:49.268 27931 27949 I native-activity: Frame 533 time is 62.566ms
04-11 03:37:49.277 27931 27949 I native-activity: Swap 533 time is 72.411ms
04-11 03:37:49.278 27931 27949 I native-activity: Animating
04-11 03:37:49.315 27931 27949 I native-activity: Frame 534 GL error is 0x506
04-11 03:37:49.315 27931 27949 I native-activity: Frame 534 time is 37.192ms
04-11 03:37:49.338 27931 27949 I native-activity: Swap 534 time is 60.548ms
04-11 03:37:49.338 27931 27949 I native-activity: Animating
04-11 03:37:49.365 27931 27949 I native-activity: Frame 535 GL error is 0x506
04-11 03:37:49.365 27931 27949 I native-activity: Frame 535 time is 26.703ms
04-11 03:37:49.407 27931 27949 I native-activity: Swap 535 time is 68.199ms
04-11 03:37:49.407 27931 27949 I native-activity: Animating
04-11 03:37:49.434 27931 27949 I native-activity: Frame 536 GL error is 0x506
04-11 03:37:49.434 27931 27949 I native-activity: Frame 536 time is 27.321ms
04-11 03:37:49.473 27931 27949 I native-activity: Swap 536 time is 65.661ms
04-11 03:37:49.473 27931 27949 I native-activity: Animating
04-11 03:37:49.505 27931 27949 I native-activity: Frame 537 GL error is 0x506
04-11 03:37:49.505 27931 27949 I native-activity: Frame 537 time is 32.219ms
04-11 03:37:49.506 28060 28060 I LoadedApk: No resource references to update in package FFFFFFFFFFFFFFFFFFFFFF
04-11 03:37:49.537 27931 27949 I native-activity: Swap 537 time is 63.860ms
04-11 03:37:49.537 27931 27949 I native-activity: Animating
04-11 03:37:49.570 27931 27949 I native-activity: Frame 538 GL error is 0x506
04-11 03:37:49.570 27931 27949 I native-activity: Frame 538 time is 32.520ms
04-11 03:37:49.605 27931 27949 I native-activity: Swap 538 time is 68.089ms
04-11 03:37:49.606 27931 27949 I native-activity: Animating
04-11 03:37:49.640 27931 27949 I native-activity: Frame 539 GL error is 0x506
04-11 03:37:49.640 27931 27949 I native-activity: Frame 539 time is 33.947ms
04-11 03:37:49.671 27931 27949 I native-activity: Swap 539 time is 65.628ms
04-11 03:37:49.672 27931 27949 I native-activity: Animating
04-11 03:37:49.704 27931 27949 I native-activity: Frame 540 GL error is 0x506
04-11 03:37:49.704 27931 27949 I native-activity: Frame 540 time is 32.519ms
04-11 03:37:49.734 27931 27949 I native-activity: Swap 540 time is 62.290ms
04-11 03:37:49.734 27931 27949 I native-activity: Animating
04-11 03:37:49.763 27931 27949 I native-activity: Frame 541 GL error is 0x506
04-11 03:37:49.763 27931 27949 I native-activity: Frame 541 time is 28.549ms
04-11 03:37:49.800 27931 27949 I native-activity: Swap 541 time is 65.887ms
04-11 03:37:49.801 27931 27949 I native-activity: Animating
04-11 03:37:49.843 27931 27949 I native-activity: Frame 542 GL error is 0x506
04-11 03:37:49.843 27931 27949 I native-activity: Frame 542 time is 42.846ms
04-11 03:37:49.866 27931 27949 I native-activity: Swap 542 time is 65.739ms
04-11 03:37:49.867 27931 27949 I native-activity: Animating
04-11 03:37:49.888 27931 27949 I native-activity: Frame 543 GL error is 0x506
04-11 03:37:49.888 27931 27949 I native-activity: Frame 543 time is 21.096ms
04-11 03:37:49.931 27931 27949 I native-activity: Swap 543 time is 64.651ms
04-11 03:37:49.932 27931 27949 I native-activity: Animating
04-11 03:37:49.952 27931 27949 I native-activity: Frame 544 GL error is 0x506
04-11 03:37:49.952 27931 27949 I native-activity: Frame 544 time is 20.866ms
04-11 03:37:50.000 27931 27949 I native-activity: Swap 544 time is 68.655ms
04-11 03:37:50.001 27931 27949 I native-activity: Animating
04-11 03:37:50.030 27931 27949 I native-activity: Frame 545 GL error is 0x506
04-11 03:37:50.030 27931 27949 I native-activity: Frame 545 time is 29.232ms
04-11 03:37:50.045 25234 25234 D Event   : No subscribers registered for event class com.tplink.hellotp.shared.o
04-11 03:37:50.045 25234 25234 D Event   : No subscribers registered for event class de.greenrobot.event.f
04-11 03:37:50.067 27931 27949 I native-activity: Swap 545 time is 65.984ms
04-11 03:37:50.067 27931 27949 I native-activity: Animating
04-11 03:37:50.229 27931 27949 I native-activity: Frame 546 GL error is 0x506
04-11 03:37:50.229 27931 27949 I native-activity: Frame 546 time is 162.133ms
04-11 03:37:50.230 27931 27949 I native-activity: Swap 546 time is 162.671ms
04-11 03:37:50.230 27931 27949 I native-activity: Animating
04-11 03:37:50.257 27931 27949 I native-activity: Frame 547 GL error is 0x506
04-11 03:37:50.258 27931 27949 I native-activity: Frame 547 time is 27.605ms
04-11 03:37:50.275 27931 27949 I native-activity: Swap 547 time is 44.671ms
04-11 03:37:50.275 27931 27949 I native-activity: Animating
04-11 03:37:50.301 27931 27949 I native-activity: Frame 548 GL error is 0x506
04-11 03:37:50.301 27931 27949 I native-activity: Frame 548 time is 25.721ms
04-11 03:37:50.342 27931 27949 I native-activity: Swap 548 time is 67.452ms
04-11 03:37:50.343 27931 27949 I native-activity: Animating
04-11 03:37:50.358 27931 27949 I native-activity: Frame 549 GL error is 0x506
04-11 03:37:50.358 27931 27949 I native-activity: Frame 549 time is 14.796ms
04-11 03:37:50.409 27931 27949 I native-activity: Swap 549 time is 66.351ms
04-11 03:37:50.410 27931 27949 I native-activity: Animating
04-11 03:37:50.423 28060 28060 W linker  : libgmscore.so: unused DT entry: type 0x7ffffffd arg 0x795
04-11 03:37:50.429 27931 27949 I native-activity: Frame 550 GL error is 0x506
04-11 03:37:50.430 27931 27949 I native-activity: Frame 550 time is 19.836ms
04-11 03:37:50.435 28060 28060 W linker  : libconscrypt_gmscore_jni.so: unused DT entry: type 0x1d arg 0xe0
04-11 03:37:50.435 28060 28060 W linker  : libconscrypt_gmscore_jni.so: unused DT entry: type 0x7ffffffd arg 0x1cb
04-11 03:37:50.435 28060 28060 V JNIHelp : Registering com/google/android/gms/org/conscrypt/NativeCrypto's 242 native methods...
04-11 03:37:50.474 27931 27949 I native-activity: Swap 550 time is 64.627ms
04-11 03:37:50.475 27931 27949 I native-activity: Animating
04-11 03:37:50.480   448   467 D gpslogd : agps_ril_update_network_availability: Waiting for IPC connection - timeout
04-11 03:37:50.497   448   467 E gpslogd : LIBGPS: Cannot communicate (write) with a GPSD
04-11 03:37:50.497   448   467 E gpslogd : IPC Communication Error, /tmp/12075037/customers/Asustek/Tabletandroid/../../../proprietary/deliverables/android/gps_interface/../gps_interface/gpsi_client/GpsiClient.cpp:1213 agps_ril_update_network_availability
04-11 03:37:50.498 27931 27949 I native-activity: Frame 551 GL error is 0x506
04-11 03:37:50.498 27931 27949 I native-activity: Frame 551 time is 23.475ms
04-11 03:37:50.503 28060 28060 I art     : Rejecting re-init on previously-failed class java.lang.Class<com.google.android.gms.org.conscrypt.OpenSSLExtendedSessionImpl>
04-11 03:37:50.503 28060 28060 I art     : Rejecting re-init on previously-failed class java.lang.Class<com.google.android.gms.org.conscrypt.OpenSSLExtendedSessionImpl>
04-11 03:37:50.541 27931 27949 I native-activity: Swap 551 time is 66.050ms
04-11 03:37:50.541 27931 27949 I native-activity: Animating
04-11 03:37:50.574 27931 27949 I native-activity: Frame 552 GL error is 0x506
04-11 03:37:50.574 27931 27949 I native-activity: Frame 552 time is 32.602ms
04-11 03:37:50.603 27931 27949 I native-activity: Swap 552 time is 61.968ms
04-11 03:37:50.603 27931 27949 I native-activity: Animating
04-11 03:37:50.621 27931 27949 I native-activity: Frame 553 GL error is 0x506
04-11 03:37:50.621 27931 27949 I native-activity: Frame 553 time is 17.664ms
04-11 03:37:50.669 27931 27949 I native-activity: Swap 553 time is 65.803ms
04-11 03:37:50.670 27931 27949 I native-activity: Animating
04-11 03:37:50.680 27931 27949 I native-activity: Frame 554 GL error is 0x506
04-11 03:37:50.680 27931 27949 I native-activity: Frame 554 time is 9.748ms
04-11 03:37:50.733 27931 27949 I native-activity: Swap 554 time is 62.055ms
04-11 03:37:50.733 27931 27949 I native-activity: Animating
04-11 03:37:50.751 27931 27949 I native-activity: Frame 555 GL error is 0x506
04-11 03:37:50.751 27931 27949 I native-activity: Frame 555 time is 17.735ms
04-11 03:37:50.791 27931 27949 I native-activity: Swap 555 time is 57.925ms
04-11 03:37:50.791 27931 27949 I native-activity: Animating
04-11 03:37:50.797 27931 27949 I native-activity: Frame 556 GL error is 0x506
04-11 03:37:50.797 27931 27949 I native-activity: Frame 556 time is 5.755ms
04-11 03:37:50.861 27931 27949 I native-activity: Swap 556 time is 70.004ms
04-11 03:37:50.862 27931 27949 I native-activity: Animating
04-11 03:37:50.878 27931 27949 I native-activity: Frame 557 GL error is 0x506
04-11 03:37:50.879 27931 27949 I native-activity: Frame 557 time is 16.942ms
04-11 03:37:50.920 27931 27949 I native-activity: Swap 557 time is 57.910ms
04-11 03:37:50.920 27931 27949 I native-activity: Animating
04-11 03:37:50.927 27931 27949 I native-activity: Frame 558 GL error is 0x506
04-11 03:37:50.927 27931 27949 I native-activity: Frame 558 time is 7.211ms
04-11 03:37:50.951 28060 28060 I ProviderInstaller: Installed default security provider GmsCore_OpenSSL
04-11 03:37:50.991 27931 27949 I native-activity: Swap 558 time is 71.449ms
04-11 03:37:50.992 27931 27949 I native-activity: Animating
04-11 03:37:51.015 27931 27949 I native-activity: Frame 559 GL error is 0x506
04-11 03:37:51.015 27931 27949 I native-activity: Frame 559 time is 23.221ms
04-11 03:37:51.031   448 27999 D NetworkMonitor/NetworkAgentInfo [WIFI () - 2789]: EvaluatingState{ when=-1ms what=532486 arg1=2 target=com.android.internal.util.StateMachine$SmHandler }
04-11 03:37:51.031   448 27999 D NetworkMonitor/NetworkAgentInfo [WIFI () - 2789]: Checking http://connectivitycheck.android.com/generate_204 on "wildfredland"
04-11 03:37:51.055 27931 27949 I native-activity: Swap 559 time is 62.217ms
04-11 03:37:51.055   448 27999 D NetworkMonitor/NetworkAgentInfo [WIFI () - 2789]: Probably not a portal: exception java.net.UnknownHostException: Unable to resolve host "connectivitycheck.android.com": No address associated with hostname
04-11 03:37:51.055 27931 27949 I native-activity: Animating
04-11 03:37:51.068 27931 27949 I native-activity: Frame 560 GL error is 0x506
04-11 03:37:51.068 27931 27949 I native-activity: Frame 560 time is 13.367ms
04-11 03:37:51.078 28060 28074 W art     : Suspending all threads took: 44.983ms
04-11 03:37:51.117 27931 27949 I native-activity: Swap 560 time is 61.920ms
04-11 03:37:51.117 27931 27949 I native-activity: Animating
04-11 03:37:51.152 27931 27949 I native-activity: Frame 561 GL error is 0x506
04-11 03:37:51.152 27931 27949 I native-activity: Frame 561 time is 34.685ms
04-11 03:37:51.181 27931 27949 I native-activity: Swap 561 time is 63.647ms
04-11 03:37:51.181 27931 27949 I native-activity: Animating
04-11 03:37:51.205 27931 27949 I native-activity: Frame 562 GL error is 0x506
04-11 03:37:51.205 27931 27949 I native-activity: Frame 562 time is 23.938ms
04-11 03:37:51.245 27931 27949 I native-activity: Swap 562 time is 63.391ms
04-11 03:37:51.245 27931 27949 I native-activity: Animating
04-11 03:37:51.273 27931 27949 I native-activity: Frame 563 GL error is 0x506
04-11 03:37:51.273 27931 27949 I native-activity: Frame 563 time is 27.847ms
04-11 03:37:51.310 27931 27949 I native-activity: Swap 563 time is 65.085ms
04-11 03:37:51.310 27931 27949 I native-activity: Animating
04-11 03:37:51.336 27931 27949 I native-activity: Frame 564 GL error is 0x506
04-11 03:37:51.336 27931 27949 I native-activity: Frame 564 time is 25.543ms
04-11 03:37:51.375 27931 27949 I native-activity: Swap 564 time is 64.586ms
04-11 03:37:51.375 27931 27949 I native-activity: Animating
04-11 03:37:51.409 27931 27949 I native-activity: Frame 565 GL error is 0x506
04-11 03:37:51.409 27931 27949 I native-activity: Frame 565 time is 34.051ms
04-11 03:37:51.441 27931 27949 I native-activity: Swap 565 time is 65.538ms
04-11 03:37:51.441 27931 27949 I native-activity: Animating
04-11 03:37:51.471 27931 27949 I native-activity: Frame 566 GL error is 0x506
04-11 03:37:51.471 27931 27949 I native-activity: Frame 566 time is 29.575ms
04-11 03:37:51.510 27931 27949 I native-activity: Swap 566 time is 68.087ms
04-11 03:37:51.510 27931 27949 I native-activity: Animating
04-11 03:37:51.540 27931 27949 I native-activity: Frame 567 GL error is 0x506
04-11 03:37:51.540 27931 27949 I native-activity: Frame 567 time is 29.979ms
04-11 03:37:51.578 27931 27949 I native-activity: Swap 567 time is 67.768ms
04-11 03:37:51.578 27931 27949 I native-activity: Animating
04-11 03:37:51.608 27931 27949 I native-activity: Frame 568 GL error is 0x506
04-11 03:37:51.608 27931 27949 I native-activity: Frame 568 time is 29.980ms
04-11 03:37:51.647 27931 27949 I native-activity: Swap 568 time is 69.175ms
04-11 03:37:51.648 27931 27949 I native-activity: Animating
04-11 03:37:51.671 27931 27949 I native-activity: Frame 569 GL error is 0x506
04-11 03:37:51.671 27931 27949 I native-activity: Frame 569 time is 23.452ms
04-11 03:37:51.717 27931 27949 I native-activity: Swap 569 time is 68.897ms
04-11 03:37:51.717 27931 27949 I native-activity: Animating
04-11 03:37:51.742 27931 27949 I native-activity: Frame 570 GL error is 0x506
04-11 03:37:51.742 27931 27949 I native-activity: Frame 570 time is 25.096ms
04-11 03:37:51.784 27931 27949 I native-activity: Swap 570 time is 66.632ms
04-11 03:37:51.785 27931 27949 I native-activity: Animating
04-11 03:37:51.811 27931 27949 I native-activity: Frame 571 GL error is 0x506
04-11 03:37:51.811 27931 27949 I native-activity: Frame 571 time is 26.069ms
04-11 03:37:51.851 27931 27949 I native-activity: Swap 571 time is 66.411ms
04-11 03:37:51.852 27931 27949 I native-activity: Animating
04-11 03:37:51.876 27931 27949 I native-activity: Frame 572 GL error is 0x506
04-11 03:37:51.876 27931 27949 I native-activity: Frame 572 time is 23.668ms
04-11 03:37:51.913 27931 27949 I native-activity: Swap 572 time is 60.782ms
04-11 03:37:51.913 27931 27949 I native-activity: Animating
04-11 03:37:51.939 27931 27949 I native-activity: Frame 573 GL error is 0x506
04-11 03:37:51.939 27931 27949 I native-activity: Frame 573 time is 25.669ms
04-11 03:37:51.978 27931 27949 I native-activity: Swap 573 time is 64.721ms
04-11 03:37:51.978 27931 27949 I native-activity: Animating
04-11 03:37:52.002 28060 28060 I art     : Rejecting re-init on previously-failed class java.lang.Class<lga>
04-11 03:37:52.004 28060 28060 I art     : Rejecting re-init on previously-failed class java.lang.Class<lga>
04-11 03:37:52.006 27931 27949 I native-activity: Frame 574 GL error is 0x506
04-11 03:37:52.006 27931 27949 I native-activity: Frame 574 time is 27.911ms
04-11 03:37:52.047 27931 27949 I native-activity: Swap 574 time is 68.257ms
04-11 03:37:52.047 27931 27949 I native-activity: Animating
04-11 03:37:52.079 27931 27949 I native-activity: Frame 575 GL error is 0x506
04-11 03:37:52.079 27931 27949 I native-activity: Frame 575 time is 31.662ms
04-11 03:37:52.112 27931 27949 I native-activity: Swap 575 time is 64.761ms
04-11 03:37:52.112 27931 27949 I native-activity: Animating
04-11 03:37:52.188 27931 27949 I native-activity: Frame 576 GL error is 0x506
04-11 03:37:52.189 27931 27949 I native-activity: Frame 576 time is 76.029ms
04-11 03:37:52.193 27931 27949 I native-activity: Swap 576 time is 80.191ms
04-11 03:37:52.193 27931 27949 I native-activity: Animating
04-11 03:37:52.225 27931 27949 I native-activity: Frame 577 GL error is 0x506
04-11 03:37:52.225 27931 27949 I native-activity: Frame 577 time is 31.732ms
04-11 03:37:52.247   124  6548 D WVCdm   : Instantiating CDM.
04-11 03:37:52.250   124 14861 I WVCdm   : CdmEngine::OpenSession
04-11 03:37:52.251   124 14861 I WVCdm   : Level3 Library Dec 11 2014 16:13:16
04-11 03:37:52.252 27931 27949 I native-activity: Swap 577 time is 58.731ms
04-11 03:37:52.253 27931 27949 I native-activity: Animating
04-11 03:37:52.286 27931 27949 I native-activity: Frame 578 GL error is 0x506
04-11 03:37:52.286 27931 27949 I native-activity: Frame 578 time is 32.964ms
04-11 03:37:52.315   124 14861 W WVCdm   : Could not read /data/mediadrm/IDM1013/ay64.dat2: No such file or directory
04-11 03:37:52.316   124 14861 W WVCdm   : Could not load liboemcrypto.so. Falling Back to L3.  dlopen failed: library "liboemcrypto.so" not found
04-11 03:37:52.323 27931 27949 I native-activity: Swap 578 time is 70.492ms
04-11 03:37:52.324 27931 27949 I native-activity: Animating
04-11 03:37:52.365 27931 27949 I native-activity: Frame 579 GL error is 0x506
04-11 03:37:52.365 27931 27949 I native-activity: Frame 579 time is 41.613ms
04-11 03:37:52.385 27931 27949 I native-activity: Swap 579 time is 61.345ms
04-11 03:37:52.385 27931 27949 I native-activity: Animating
04-11 03:37:52.421 27931 27949 I native-activity: Frame 580 GL error is 0x506
04-11 03:37:52.421 27931 27949 I native-activity: Frame 580 time is 35.690ms
04-11 03:37:52.452 27931 27949 I native-activity: Swap 580 time is 66.725ms
04-11 03:37:52.452 27931 27949 I native-activity: Animating
04-11 03:37:52.455   124 14861 I WVCdm   : CdmEngine::QueryKeyControlInfo
04-11 03:37:52.458   124 11351 W WVCdm   : BufferReader::Read<T> : Failure during parse: Not enough bytes (4)
04-11 03:37:52.458   124 11351 W WVCdm   : CdmEngine::ExtractWidevinePssh: Unable to read PSSH atom size
04-11 03:37:52.458   124 11351 I WVCdm   : CdmEngine::GenerateKeyRequest
04-11 03:37:52.480   124 11351 D WVCdm   : PrepareKeyRequest: nonce=470053463
04-11 03:37:52.500 27931 27949 I native-activity: Frame 581 GL error is 0x506
04-11 03:37:52.500 27931 27949 I native-activity: Frame 581 time is 47.188ms
04-11 03:37:52.522 27931 27949 I native-activity: Swap 581 time is 69.764ms
04-11 03:37:52.522 27931 27949 I native-activity: Animating
04-11 03:37:52.571 27931 27949 I native-activity: Frame 582 GL error is 0x506
04-11 03:37:52.571 27931 27949 I native-activity: Frame 582 time is 48.519ms
04-11 03:37:52.591 27931 27949 I native-activity: Swap 582 time is 68.062ms
04-11 03:37:52.591 27931 27949 I native-activity: Animating
04-11 03:37:52.596   448   605 E WifiStateMachine: WifiStateMachine CMD_START_SCAN source -2 txSuccessRate=902.39 rxSuccessRate=2668.73 targetRoamBSSID=b0:48:7a:cb:7c:ec RSSI=-80
04-11 03:37:52.596   448   605 E WifiStateMachine: WifiStateMachine L2Connected CMD_START_SCAN source -2 17725, 17726 -> obsolete
04-11 03:37:52.633 27931 27949 I native-activity: Frame 583 GL error is 0x506
04-11 03:37:52.633 27931 27949 I native-activity: Frame 583 time is 42.606ms
04-11 03:37:52.659 27931 27949 I native-activity: Swap 583 time is 67.641ms
04-11 03:37:52.659 27931 27949 I native-activity: Animating
04-11 03:37:52.694 27931 27949 I native-activity: Frame 584 GL error is 0x506
04-11 03:37:52.694 27931 27949 I native-activity: Frame 584 time is 34.809ms
04-11 03:37:52.727 27931 27949 I native-activity: Swap 584 time is 68.590ms
04-11 03:37:52.728 27931 27949 I native-activity: Animating
04-11 03:37:52.753 27931 27949 I native-activity: Frame 585 GL error is 0x506
04-11 03:37:52.753 27931 27949 I native-activity: Frame 585 time is 25.314ms
04-11 03:37:52.795 27931 27949 I native-activity: Swap 585 time is 67.066ms
04-11 03:37:52.795 27931 27949 I native-activity: Animating
04-11 03:37:52.883 27931 27949 I native-activity: Frame 586 GL error is 0x506
04-11 03:37:52.883 27931 27949 I native-activity: Frame 586 time is 87.640ms
04-11 03:37:52.886 27931 27949 I native-activity: Swap 586 time is 90.568ms
04-11 03:37:52.886 27931 27949 I native-activity: Animating
04-11 03:37:52.907 27931 27949 I native-activity: Frame 587 GL error is 0x506
04-11 03:37:52.908 27931 27949 I native-activity: Frame 587 time is 21.389ms
04-11 03:37:52.932 27931 27949 I native-activity: Swap 587 time is 46.091ms
04-11 03:37:52.933 27931 27949 I native-activity: Animating
04-11 03:37:52.974 27931 27949 I native-activity: Frame 588 GL error is 0x506
04-11 03:37:52.974 27931 27949 I native-activity: Frame 588 time is 41.463ms
04-11 03:37:52.999 27931 27949 I native-activity: Swap 588 time is 66.013ms
04-11 03:37:52.999 27931 27949 I native-activity: Animating
04-11 03:37:53.033 27931 27949 I native-activity: Frame 589 GL error is 0x506
04-11 03:37:53.033 27931 27949 I native-activity: Frame 589 time is 33.611ms
04-11 03:37:53.069 27931 27949 I native-activity: Swap 589 time is 69.219ms
04-11 03:37:53.069 27931 27949 I native-activity: Animating
04-11 03:37:53.098 27931 27949 I native-activity: Frame 590 GL error is 0x506
04-11 03:37:53.098 27931 27949 I native-activity: Frame 590 time is 28.973ms
04-11 03:37:53.137 27931 27949 I native-activity: Swap 590 time is 68.328ms
04-11 03:37:53.142 27931 27949 I native-activity: Animating
04-11 03:37:53.169 27931 27949 I native-activity: Frame 591 GL error is 0x506
04-11 03:37:53.169 27931 27949 I native-activity: Frame 591 time is 27.542ms
04-11 03:37:53.201 27931 27949 I native-activity: Swap 591 time is 59.238ms
04-11 03:37:53.202 27931 27949 I native-activity: Animating
04-11 03:37:53.219 28087 28087 I dex2oat : /system/bin/dex2oat --runtime-arg -classpath --runtime-arg  --instruction-set=arm --instruction-set-features=default --runtime-arg -Xrelocate --boot-image=/system/framework/boot.art --dex-file=/data/data/com.google.android.gms/app_fb/f.apk --oat-fd=23 --oat-location=/data/data/com.google.android.gms/app_fb/f.dex --runtime-arg -Xms64m --runtime-arg -Xmx512m
04-11 03:37:53.235 27931 27949 I native-activity: Frame 592 GL error is 0x506
04-11 03:37:53.236 27931 27949 I native-activity: Frame 592 time is 33.928ms
04-11 03:37:53.269 27931 27949 I native-activity: Swap 592 time is 67.754ms
04-11 03:37:53.270 27931 27949 I native-activity: Animating
04-11 03:37:53.303 27931 27949 I native-activity: Frame 593 GL error is 0x506
04-11 03:37:53.303 27931 27949 I native-activity: Frame 593 time is 33.243ms
04-11 03:37:53.339 27931 27949 I native-activity: Swap 593 time is 68.914ms
04-11 03:37:53.339 27931 27949 I native-activity: Animating
04-11 03:37:53.365 27931 27949 I native-activity: Frame 594 GL error is 0x506
04-11 03:37:53.365 27931 27949 I native-activity: Frame 594 time is 25.599ms
04-11 03:37:53.420 27931 27949 I native-activity: Swap 594 time is 81.191ms
04-11 03:37:53.421 27931 27949 I native-activity: Animating
04-11 03:37:53.478 28087 28087 I dex2oat : dex2oat took 258.144ms (threads: 4) arena alloc=83KB java alloc=18KB native alloc=1170KB free=25KB
04-11 03:37:53.509 27931 27949 I native-activity: Frame 595 GL error is 0x506
04-11 03:37:53.509 27931 27949 I native-activity: Frame 595 time is 88.351ms
04-11 03:37:53.511 27931 27949 I native-activity: Swap 595 time is 90.239ms
04-11 03:37:53.511 27931 27949 I native-activity: Animating
04-11 03:37:53.547 27931 27949 I native-activity: Frame 596 GL error is 0x506
04-11 03:37:53.548 27931 27949 I native-activity: Frame 596 time is 36.639ms
04-11 03:37:53.554 27931 27949 I native-activity: Swap 596 time is 42.579ms
04-11 03:37:53.554 27931 27949 I native-activity: Animating
04-11 03:37:53.607 27931 27949 I native-activity: Frame 597 GL error is 0x506
04-11 03:37:53.607 27931 27949 I native-activity: Frame 597 time is 53.330ms
04-11 03:37:53.623 27931 27949 I native-activity: Swap 597 time is 69.231ms
04-11 03:37:53.624 27931 27949 I native-activity: Animating
04-11 03:37:53.681 27931 27949 I native-activity: Frame 598 GL error is 0x506
04-11 03:37:53.681 27931 27949 I native-activity: Frame 598 time is 57.396ms
04-11 03:37:53.692 27931 27949 I native-activity: Swap 598 time is 67.817ms
04-11 03:37:53.692 27931 27949 I native-activity: Animating
04-11 03:37:53.693 28060 28076 D libEGL  : loaded /system/lib/egl/libEGL_tegra.so
04-11 03:37:53.723 27931 27949 I native-activity: Frame 599 GL error is 0x506
04-11 03:37:53.724 27931 27949 I native-activity: Frame 599 time is 31.412ms
04-11 03:37:53.735 28060 28076 D libEGL  : loaded /system/lib/egl/libGLESv1_CM_tegra.so
04-11 03:37:53.761 27931 27949 I native-activity: Swap 599 time is 68.445ms
04-11 03:37:53.761 27931 27949 I native-activity: Animating
04-11 03:37:53.787 28060 28076 D libEGL  : loaded /system/lib/egl/libGLESv2_tegra.so
04-11 03:37:53.791 27931 27949 I native-activity: Frame 600 GL error is 0x506
04-11 03:37:53.791 27931 27949 I native-activity: Frame 600 time is 30.026ms
04-11 03:37:53.828 27931 27949 I native-activity: Swap 600 time is 67.587ms
04-11 03:37:53.829 27931 27949 I native-activity: Animating
04-11 03:37:53.859 27931 27949 I native-activity: Frame 601 GL error is 0x506
04-11 03:37:53.859 27931 27949 I native-activity: Frame 601 time is 30.050ms
04-11 03:37:53.894 27931 27949 I native-activity: Swap 601 time is 65.349ms
04-11 03:37:53.894 27931 27949 I native-activity: Animating
04-11 03:37:53.918 27931 27949 I native-activity: Frame 602 GL error is 0x506
04-11 03:37:53.918 27931 27949 I native-activity: Frame 602 time is 23.881ms
04-11 03:37:53.961 27931 27949 I native-activity: Swap 602 time is 66.883ms
04-11 03:37:53.962 27931 27949 I native-activity: Animating
04-11 03:37:53.987 27931 27949 I native-activity: Frame 603 GL error is 0x506
04-11 03:37:53.988 27931 27949 I native-activity: Frame 603 time is 25.957ms
04-11 03:37:54.024 27931 27949 I native-activity: Swap 603 time is 62.602ms
04-11 03:37:54.024 27931 27949 I native-activity: Animating
04-11 03:37:54.049 27931 27949 I native-activity: Frame 604 GL error is 0x506
04-11 03:37:54.049 27931 27949 I native-activity: Frame 604 time is 24.463ms
04-11 03:37:54.089 27931 27949 I native-activity: Swap 604 time is 64.812ms
04-11 03:37:54.089 27931 27949 I native-activity: Animating
04-11 03:37:54.113 27931 27949 I native-activity: Frame 605 GL error is 0x506
04-11 03:37:54.113 27931 27949 I native-activity: Frame 605 time is 23.357ms
04-11 03:37:54.155 27931 27949 I native-activity: Swap 605 time is 65.781ms
04-11 03:37:54.156 27931 27949 I native-activity: Animating
04-11 03:37:54.183 27931 27949 I native-activity: Frame 606 GL error is 0x506
04-11 03:37:54.183 27931 27949 I native-activity: Frame 606 time is 26.945ms
04-11 03:37:54.212   124 18530 I WVCdm   : CdmEngine::OpenSession
04-11 03:37:54.223 27931 27949 I native-activity: Swap 606 time is 67.213ms
04-11 03:37:54.223 27931 27949 I native-activity: Animating
04-11 03:37:54.243 27931 27949 I native-activity: Frame 607 GL error is 0x506
04-11 03:37:54.243 27931 27949 I native-activity: Frame 607 time is 19.563ms
04-11 03:37:54.287 27931 27949 I native-activity: Swap 607 time is 63.757ms
04-11 03:37:54.287 27931 27949 I native-activity: Animating
04-11 03:37:54.308 27931 27949 I native-activity: Frame 608 GL error is 0x506
04-11 03:37:54.308 27931 27949 I native-activity: Frame 608 time is 20.822ms
04-11 03:37:54.352 27931 27949 I native-activity: Swap 608 time is 64.238ms
04-11 03:37:54.352 27931 27949 I native-activity: Animating
04-11 03:37:54.373 27931 27949 I native-activity: Frame 609 GL error is 0x506
04-11 03:37:54.374 27931 27949 I native-activity: Frame 609 time is 21.742ms
04-11 03:37:54.416 27931 27949 I native-activity: Swap 609 time is 64.063ms
04-11 03:37:54.416 27931 27949 I native-activity: Animating
04-11 03:37:54.446 27931 27949 I native-activity: Frame 610 GL error is 0x506
04-11 03:37:54.446 27931 27949 I native-activity: Frame 610 time is 30.338ms
04-11 03:37:54.480 27931 27949 I native-activity: Swap 610 time is 63.541ms
04-11 03:37:54.480 27931 27949 I native-activity: Animating
04-11 03:37:54.501 27931 27949 I native-activity: Frame 611 GL error is 0x506
04-11 03:37:54.501 27931 27949 I native-activity: Frame 611 time is 21.613ms
04-11 03:37:54.522   124 19422 I WVCdm   : CdmEngine::CloseSession
04-11 03:37:54.546 27931 27949 I native-activity: Swap 611 time is 66.617ms
04-11 03:37:54.547 27931 27949 I native-activity: Animating
04-11 03:37:54.569 27931 27949 I native-activity: Frame 612 GL error is 0x506
04-11 03:37:54.569 27931 27949 I native-activity: Frame 612 time is 22.638ms
04-11 03:37:54.599   124 18530 I WVCdm   : CdmEngine::QueryKeyControlInfo
04-11 03:37:54.602   124  6548 W WVCdm   : BufferReader::Read<T> : Failure during parse: Not enough bytes (4)
04-11 03:37:54.602   124  6548 W WVCdm   : CdmEngine::ExtractWidevinePssh: Unable to read PSSH atom size
04-11 03:37:54.602   124  6548 I WVCdm   : CdmEngine::GenerateKeyRequest
04-11 03:37:54.611   124  6548 D WVCdm   : PrepareKeyRequest: nonce=2616180485
04-11 03:37:54.614 27931 27949 I native-activity: Swap 612 time is 67.532ms
04-11 03:37:54.614 27931 27949 I native-activity: Animating
04-11 03:37:54.678 27931 27949 I native-activity: Frame 613 GL error is 0x506
04-11 03:37:54.678 27931 27949 I native-activity: Frame 613 time is 63.905ms
04-11 03:37:54.680 27931 27949 I native-activity: Swap 613 time is 65.251ms
04-11 03:37:54.680 27931 27949 I native-activity: Animating
04-11 03:37:54.711 27931 27949 I native-activity: Frame 614 GL error is 0x506
04-11 03:37:54.711 27931 27949 I native-activity: Frame 614 time is 30.463ms
04-11 03:37:54.748 27931 27949 I native-activity: Swap 614 time is 67.549ms
04-11 03:37:54.748 27931 27949 I native-activity: Animating
04-11 03:37:54.767 27931 27949 I native-activity: Frame 615 GL error is 0x506
04-11 03:37:54.767 27931 27949 I native-activity: Frame 615 time is 18.505ms
04-11 03:37:54.814 27931 27949 I native-activity: Swap 615 time is 65.749ms
04-11 03:37:54.814 27931 27949 I native-activity: Animating
04-11 03:37:54.838 27931 27949 I native-activity: Frame 616 GL error is 0x506
04-11 03:37:54.838 27931 27949 I native-activity: Frame 616 time is 23.806ms
04-11 03:37:54.878 27931 27949 I native-activity: Swap 616 time is 63.879ms
04-11 03:37:54.878 27931 27949 I native-activity: Animating
04-11 03:37:54.901 27931 27949 I native-activity: Frame 617 GL error is 0x506
04-11 03:37:54.901 27931 27949 I native-activity: Frame 617 time is 22.412ms
04-11 03:37:54.942 27931 27949 I native-activity: Swap 617 time is 64.065ms
04-11 03:37:54.943 27931 27949 I native-activity: Animating
04-11 03:37:54.963 27931 27949 I native-activity: Frame 618 GL error is 0x506
04-11 03:37:54.963 27931 27949 I native-activity: Frame 618 time is 20.661ms
04-11 03:37:55.006 27931 27949 I native-activity: Swap 618 time is 63.038ms
04-11 03:37:55.006 27931 27949 I native-activity: Animating
04-11 03:37:55.025 27931 27949 I native-activity: Frame 619 GL error is 0x506
04-11 03:37:55.025 27931 27949 I native-activity: Frame 619 time is 18.631ms
04-11 03:37:55.071 27931 27949 I native-activity: Swap 619 time is 64.762ms
04-11 03:37:55.071 27931 27949 I native-activity: Animating
04-11 03:37:55.086 27931 27949 I native-activity: Frame 620 GL error is 0x506
04-11 03:37:55.086 27931 27949 I native-activity: Frame 620 time is 15.053ms
04-11 03:37:55.136 27931 27949 I native-activity: Swap 620 time is 64.477ms
04-11 03:37:55.136 27931 27949 I native-activity: Animating
04-11 03:37:55.149 27931 27949 I native-activity: Frame 621 GL error is 0x506
04-11 03:37:55.149 27931 27949 I native-activity: Frame 621 time is 13.582ms
04-11 03:37:55.199 27931 27949 I native-activity: Swap 621 time is 63.605ms
04-11 03:37:55.199 27931 27949 I native-activity: Animating
04-11 03:37:55.217 27931 27949 I native-activity: Frame 622 GL error is 0x506
04-11 03:37:55.217 27931 27949 I native-activity: Frame 622 time is 17.585ms
04-11 03:37:55.261 27931 27949 I native-activity: Swap 622 time is 61.782ms
04-11 03:37:55.261 27931 27949 I native-activity: Animating
04-11 03:37:55.277 27931 27949 I native-activity: Frame 623 GL error is 0x506
04-11 03:37:55.277 27931 27949 I native-activity: Frame 623 time is 15.778ms
04-11 03:37:55.323 27931 27949 I native-activity: Swap 623 time is 61.029ms
04-11 03:37:55.323 27931 27949 I native-activity: Animating
04-11 03:37:55.340 27931 27949 I native-activity: Frame 624 GL error is 0x506
04-11 03:37:55.340 27931 27949 I native-activity: Frame 624 time is 16.976ms
04-11 03:37:55.379 27931 27949 I native-activity: Swap 624 time is 56.431ms
04-11 03:37:55.379 27931 27949 I native-activity: Animating
04-11 03:37:55.392 27931 27949 I native-activity: Frame 625 GL error is 0x506
04-11 03:37:55.392 27931 27949 I native-activity: Frame 625 time is 12.311ms
04-11 03:37:55.448 27931 27949 I native-activity: Swap 625 time is 68.790ms
04-11 03:37:55.448 27931 27949 I native-activity: Animating
04-11 03:37:55.465 27931 27949 I native-activity: Frame 626 GL error is 0x506
04-11 03:37:55.466 27931 27949 I native-activity: Frame 626 time is 17.150ms
04-11 03:37:55.505 27931 27949 I native-activity: Swap 626 time is 56.511ms
04-11 03:37:55.505 27931 27949 I native-activity: Animating
04-11 03:37:55.519 27931 27949 I native-activity: Frame 627 GL error is 0x506
04-11 03:37:55.519 27931 27949 I native-activity: Frame 627 time is 13.864ms
04-11 03:37:55.572 27931 27949 I native-activity: Swap 627 time is 66.732ms
04-11 03:37:55.572 27931 27949 I native-activity: Animating
04-11 03:37:55.587 27931 27949 I native-activity: Frame 628 GL error is 0x506
04-11 03:37:55.587 27931 27949 I native-activity: Frame 628 time is 14.619ms
04-11 03:37:55.635 27931 27949 I native-activity: Swap 628 time is 62.878ms
04-11 03:37:55.635 27931 27949 I native-activity: Animating
04-11 03:37:55.649 27931 27949 I native-activity: Frame 629 GL error is 0x506
04-11 03:37:55.649 27931 27949 I native-activity: Frame 629 time is 13.507ms
04-11 03:37:55.698 27931 27949 I native-activity: Swap 629 time is 62.949ms
04-11 03:37:55.698 27931 27949 I native-activity: Animating
04-11 03:37:55.717 27931 27949 I native-activity: Frame 630 GL error is 0x506
04-11 03:37:55.717 27931 27949 I native-activity: Frame 630 time is 18.901ms
04-11 03:37:55.760 27931 27949 I native-activity: Swap 630 time is 61.606ms
04-11 03:37:55.760 27931 27949 I native-activity: Animating
04-11 03:37:55.780 27931 27949 I native-activity: Frame 631 GL error is 0x506
04-11 03:37:55.780 27931 27949 I native-activity: Frame 631 time is 20.043ms
04-11 03:37:55.823 27931 27949 I native-activity: Swap 631 time is 62.285ms
04-11 03:37:55.823 27931 27949 I native-activity: Animating
04-11 03:37:55.841 27931 27949 I native-activity: Frame 632 GL error is 0x506
04-11 03:37:55.841 27931 27949 I native-activity: Frame 632 time is 17.989ms
04-11 03:37:55.887 27931 27949 I native-activity: Swap 632 time is 64.232ms
04-11 03:37:55.887 27931 27949 I native-activity: Animating
04-11 03:37:55.902 27931 27949 I native-activity: Frame 633 GL error is 0x506
04-11 03:37:55.902 27931 27949 I native-activity: Frame 633 time is 14.522ms
04-11 03:37:55.952 27931 27949 I native-activity: Swap 633 time is 64.710ms
04-11 03:37:55.952 27931 27949 I native-activity: Animating
04-11 03:37:55.978 27931 27949 I native-activity: Frame 634 GL error is 0x506
04-11 03:37:55.978 27931 27949 I native-activity: Frame 634 time is 25.746ms
04-11 03:37:56.018 27931 27949 I native-activity: Swap 634 time is 66.205ms
04-11 03:37:56.019 27931 27949 I native-activity: Animating
04-11 03:37:56.034 27931 27949 I native-activity: Frame 635 GL error is 0x506
04-11 03:37:56.034 27931 27949 I native-activity: Frame 635 time is 15.699ms
04-11 03:37:56.059   448 27999 D NetworkMonitor/NetworkAgentInfo [WIFI () - 2789]: EvaluatingState{ when=-4ms what=532486 arg1=3 target=com.android.internal.util.StateMachine$SmHandler }
04-11 03:37:56.059   448 27999 D NetworkMonitor/NetworkAgentInfo [WIFI () - 2789]: Checking http://connectivitycheck.android.com/generate_204 on "wildfredland"
04-11 03:37:56.069   448 27999 D NetworkMonitor/NetworkAgentInfo [WIFI () - 2789]: Probably not a portal: exception java.net.UnknownHostException: Unable to resolve host "connectivitycheck.android.com": No address associated with hostname
04-11 03:37:56.069   448   613 D ConnectivityService: setProvNotificationVisibleIntent: E visible=false networkType=0 extraInfo=null
04-11 03:37:56.088 27931 27949 I native-activity: Swap 635 time is 68.895ms
04-11 03:37:56.088 27931 27949 I native-activity: Animating
04-11 03:37:56.107 27931 27949 I native-activity: Frame 636 GL error is 0x506
04-11 03:37:56.108 27931 27949 I native-activity: Frame 636 time is 19.229ms
04-11 03:37:56.152 27931 27949 I native-activity: Swap 636 time is 64.537ms
04-11 03:37:56.152 27931 27949 I native-activity: Animating
04-11 03:37:56.175 27931 27949 I native-activity: Frame 637 GL error is 0x506
04-11 03:37:56.175 27931 27949 I native-activity: Frame 637 time is 22.926ms
04-11 03:37:56.219 27931 27949 I native-activity: Swap 637 time is 66.623ms
04-11 03:37:56.219 27931 27949 I native-activity: Animating
04-11 03:37:56.242 27931 27949 I native-activity: Frame 638 GL error is 0x506
04-11 03:37:56.242 27931 27949 I native-activity: Frame 638 time is 22.422ms
04-11 03:37:56.287 27931 27949 I native-activity: Swap 638 time is 67.136ms
04-11 03:37:56.287 27931 27949 I native-activity: Animating
04-11 03:37:56.308 27931 27949 I native-activity: Frame 639 GL error is 0x506
04-11 03:37:56.308 27931 27949 I native-activity: Frame 639 time is 21.222ms
04-11 03:37:56.351 27931 27949 I native-activity: Swap 639 time is 64.370ms
04-11 03:37:56.351 27931 27949 I native-activity: Animating
04-11 03:37:56.372 27931 27949 I native-activity: Frame 640 GL error is 0x506
04-11 03:37:56.372 27931 27949 I native-activity: Frame 640 time is 20.485ms
04-11 03:37:56.387   124 29840 I WVCdm   : CdmEngine::CloseSession
04-11 03:37:56.391   124 29840 I WVCdm   : L3 Terminate.
04-11 03:37:56.415  8277 28047 I CheckinUtil: Classify the device as Tablet.
04-11 03:37:56.420 27931 27949 I native-activity: Swap 640 time is 68.104ms
04-11 03:37:56.420 27931 27949 I native-activity: Animating
04-11 03:37:56.449 27931 27949 I native-activity: Frame 641 GL error is 0x506
04-11 03:37:56.449 27931 27949 I native-activity: Frame 641 time is 29.301ms
04-11 03:37:56.488 27931 27949 I native-activity: Swap 641 time is 68.539ms
04-11 03:37:56.489 27931 27949 I native-activity: Animating
04-11 03:37:56.515 27931 27949 I native-activity: Frame 642 GL error is 0x506
04-11 03:37:56.515 27931 27949 I native-activity: Frame 642 time is 25.843ms
04-11 03:37:56.556 27931 27949 I native-activity: Swap 642 time is 66.969ms
04-11 03:37:56.556 27931 27949 I native-activity: Animating
04-11 03:37:56.589 27931 27949 I native-activity: Frame 643 GL error is 0x506
04-11 03:37:56.589 27931 27949 I native-activity: Frame 643 time is 32.886ms
04-11 03:37:56.626 27931 27949 I native-activity: Swap 643 time is 70.059ms
04-11 03:37:56.626 27931 27949 I native-activity: Animating
04-11 03:37:56.642  8277 28047 I CheckinTask: set cookie as: NID=100=QI89i1muOz-6tFALarPEg9o2BY39gu-bMEBRrltZpMFqAb1Nd7HEy-edS9bMZSI5rbefHo8KHK4XYv22kOXxSIUb8mtzdJIcsK7Sw0QZMBUVkUGYGaCPuI-EpboXqYCx
04-11 03:37:56.651  8277 28047 E CheckinTask: Checkin failed: https://android.clients.google.com/checkin (request #0): java.net.UnknownHostException: Unable to resolve host "android.clients.google.com": No address associated with hostname
04-11 03:37:56.656  8277 28047 I CheckinChimeraService: Checking schedule, now: 1491907076656 next: 1491907086651
04-11 03:37:56.656  8277 28047 I CheckinChimeraService: active receiver: disabled
04-11 03:37:56.698 27931 27949 I native-activity: Frame 644 GL error is 0x506
04-11 03:37:56.698 27931 27949 I native-activity: Frame 644 time is 71.653ms
04-11 03:37:56.699 27931 27949 I native-activity: Swap 644 time is 72.760ms
04-11 03:37:56.700 27931 27949 I native-activity: Animating
04-11 03:37:56.736 27931 27949 I native-activity: Frame 645 GL error is 0x506
04-11 03:37:56.737 27931 27949 I native-activity: Frame 645 time is 36.590ms
04-11 03:37:56.750   663   663 I wpa_supplicant: wlan0: Authentication with b0:48:7a:cb:7c:ec timed out.
04-11 03:37:56.765   663   663 I wpa_supplicant: wlan0: CTRL-EVENT-DISCONNECTED bssid=b0:48:7a:cb:7c:ec reason=3 locally_generated=1
04-11 03:37:56.767 27931 27949 I native-activity: Swap 645 time is 67.172ms
04-11 03:37:56.767 27931 27949 I native-activity: Animating
04-11 03:37:56.778   448   605 E WifiConfigStore: saveWifiConfigBSSID Setting BSSID for "wildfredland"WPA_PSK to any
04-11 03:37:56.807   121   427 D CommandListener: Clearing all IP addresses on wlan0
04-11 03:37:56.833 27931 27949 I native-activity: Frame 646 GL error is 0x506
04-11 03:37:56.834 27931 27949 I native-activity: Frame 646 time is 65.917ms
04-11 03:37:56.842 27931 27949 I native-activity: Swap 646 time is 74.172ms
04-11 03:37:56.842 27931 27949 I native-activity: Animating
04-11 03:37:56.871 27931 27949 I native-activity: Frame 647 GL error is 0x506
04-11 03:37:56.871 27931 27949 I native-activity: Frame 647 time is 28.536ms
04-11 03:37:56.881   448   613 D ConnectivityService: NetworkAgentInfo [WIFI () - 2789] EVENT_NETWORK_INFO_CHANGED, going from CONNECTED to DISCONNECTED
04-11 03:37:56.881   448   613 D ConnectivityService: NetworkAgentInfo [WIFI () - 2789] got DISCONNECTED, was satisfying 6
04-11 03:37:56.903   448   605 E WifiConfigStore: saveWifiConfigBSSID Setting BSSID for "wildfredland"WPA_PSK to any
04-11 03:37:56.904 27931 27949 I native-activity: Swap 647 time is 62.072ms
04-11 03:37:56.905 27931 27949 I native-activity: Animating
04-11 03:37:56.917   448   605 E WifiStateMachine: WifiStateMachine: Leaving Connected state
04-11 03:37:56.936   448   605 D WifiNetworkAgent: NetworkAgent: NetworkAgent channel lost
04-11 03:37:56.957 27931 27949 I native-activity: Frame 648 GL error is 0x506
04-11 03:37:56.958 27931 27949 I native-activity: Frame 648 time is 52.955ms
04-11 03:37:56.973 27931 27949 I native-activity: Swap 648 time is 67.891ms
04-11 03:37:56.973 27931 27949 I native-activity: Animating
04-11 03:37:57.021 27931 27949 I native-activity: Frame 649 GL error is 0x506
04-11 03:37:57.021 27931 27949 I native-activity: Frame 649 time is 48.428ms
04-11 03:37:57.043 27931 27949 I native-activity: Swap 649 time is 70.443ms
04-11 03:37:57.044 27931 27949 I native-activity: Animating
04-11 03:37:57.079 27931 27949 I native-activity: Frame 650 GL error is 0x506
04-11 03:37:57.079 27931 27949 I native-activity: Frame 650 time is 35.434ms
04-11 03:37:57.109 27931 27949 I native-activity: Swap 650 time is 65.497ms
04-11 03:37:57.110 27931 27949 I native-activity: Animating
04-11 03:37:57.143 27931 27949 I native-activity: Frame 651 GL error is 0x506
04-11 03:37:57.143 27931 27949 I native-activity: Frame 651 time is 33.454ms
04-11 03:37:57.175 27931 27949 I native-activity: Swap 651 time is 65.378ms
04-11 03:37:57.175 27931 27949 I native-activity: Animating
04-11 03:37:57.207 27931 27949 I native-activity: Frame 652 GL error is 0x506
04-11 03:37:57.207 27931 27949 I native-activity: Frame 652 time is 31.393ms
04-11 03:37:57.218   448   586 I InputReader: Reconfiguring input devices.  changes=0x00000010
04-11 03:37:57.241 27931 27949 I native-activity: Swap 652 time is 65.880ms
04-11 03:37:57.242 27931 27949 I native-activity: Animating
04-11 03:37:57.274 27931 27949 I native-activity: Frame 653 GL error is 0x506
04-11 03:37:57.274 27931 27949 I native-activity: Frame 653 time is 31.896ms
04-11 03:37:57.309 27931 27949 I native-activity: Swap 653 time is 67.115ms
04-11 03:37:57.309 27931 27949 I native-activity: Animating
04-11 03:37:57.338 27931 27949 I native-activity: Frame 654 GL error is 0x506
04-11 03:37:57.338 27931 27949 I native-activity: Frame 654 time is 28.282ms
04-11 03:37:57.374 27931 27949 I native-activity: Swap 654 time is 64.182ms
04-11 03:37:57.374 27931 27949 I native-activity: Animating
04-11 03:37:57.406 27931 27949 I native-activity: Frame 655 GL error is 0x506
04-11 03:37:57.407 27931 27949 I native-activity: Frame 655 time is 32.642ms
04-11 03:37:57.439 27931 27949 I native-activity: Swap 655 time is 65.115ms
04-11 03:37:57.439 27931 27949 I native-activity: Animating
04-11 03:37:57.466 27931 27949 I native-activity: Frame 656 GL error is 0x506
04-11 03:37:57.466 27931 27949 I native-activity: Frame 656 time is 26.780ms
04-11 03:37:57.515 27931 27949 I native-activity: Swap 656 time is 75.030ms
04-11 03:37:57.517 27931 27949 I native-activity: Animating
04-11 03:37:57.536 25646 28115 I UpdateIcingCorporaServi: Updating corpora: APPS=com.google.android.gms, CONTACTS=MAYBE
04-11 03:37:57.543 27931 27949 I native-activity: Frame 657 GL error is 0x506
04-11 03:37:57.544 27931 27949 I native-activity: Frame 657 time is 26.426ms
04-11 03:37:57.571 27931 27949 I native-activity: Swap 657 time is 54.214ms
04-11 03:37:57.572 27931 27949 I native-activity: Animating
04-11 03:37:57.605 27931 27949 I native-activity: Frame 658 GL error is 0x506
04-11 03:37:57.606 27931 27949 I native-activity: Frame 658 time is 33.009ms
04-11 03:37:57.636 27931 27949 I native-activity: Swap 658 time is 63.792ms
04-11 03:37:57.637 27931 27949 I native-activity: Animating
04-11 03:37:57.667 27931 27949 I native-activity: Frame 659 GL error is 0x506
04-11 03:37:57.667 27931 27949 I native-activity: Frame 659 time is 30.175ms
04-11 03:37:57.702 27931 27949 I native-activity: Swap 659 time is 65.678ms
04-11 03:37:57.703 27931 27949 I native-activity: Animating
04-11 03:37:57.732 27931 27949 I native-activity: Frame 660 GL error is 0x506
04-11 03:37:57.732 27931 27949 I native-activity: Frame 660 time is 29.237ms
04-11 03:37:57.769 27931 27949 I native-activity: Swap 660 time is 65.788ms
04-11 03:37:57.769 27931 27949 I native-activity: Animating
04-11 03:37:57.797 27931 27949 I native-activity: Frame 661 GL error is 0x506
04-11 03:37:57.797 27931 27949 I native-activity: Frame 661 time is 27.765ms
04-11 03:37:57.834 27931 27949 I native-activity: Swap 661 time is 64.778ms
04-11 03:37:57.834 27931 27949 I native-activity: Animating
04-11 03:37:57.861 27931 27949 I native-activity: Frame 662 GL error is 0x506
04-11 03:37:57.861 27931 27949 I native-activity: Frame 662 time is 26.842ms
04-11 03:37:57.899 27931 27949 I native-activity: Swap 662 time is 64.981ms
04-11 03:37:57.899 27931 27949 I native-activity: Animating
04-11 03:37:57.927 27931 27949 I native-activity: Frame 663 GL error is 0x506
04-11 03:37:57.927 27931 27949 I native-activity: Frame 663 time is 27.154ms
04-11 03:37:57.962 27931 27949 I native-activity: Swap 663 time is 62.373ms
04-11 03:37:57.962 27931 27949 I native-activity: Animating
04-11 03:37:58.001 27931 27949 I native-activity: Frame 664 GL error is 0x506
04-11 03:37:58.001 27931 27949 I native-activity: Frame 664 time is 39.018ms
04-11 03:37:58.029 27931 27949 I native-activity: Swap 664 time is 66.449ms
04-11 03:37:58.032 27931 27949 I native-activity: Animating
04-11 03:37:58.057 27931 27949 I native-activity: Frame 665 GL error is 0x506
04-11 03:37:58.057 27931 27949 I native-activity: Frame 665 time is 24.484ms
04-11 03:37:58.091 27931 27949 I native-activity: Swap 665 time is 58.673ms
04-11 03:37:58.091 27931 27949 I native-activity: Animating
04-11 03:37:58.122 27931 27949 I native-activity: Frame 666 GL error is 0x506
04-11 03:37:58.122 27931 27949 I native-activity: Frame 666 time is 30.899ms
04-11 03:37:58.157 27931 27949 I native-activity: Swap 666 time is 65.340ms
