04-11 03:36:01.351   448   613 D ConnectivityService: Adding Route [192.168.1.0/24 -> 0.0.0.0 wlan0] to network 2788
04-11 03:36:01.355   448   613 D ConnectivityService: Adding Route [0.0.0.0/0 -> 192.168.1.1 wlan0] to network 2788
04-11 03:36:01.357   448   613 D ConnectivityService: Setting Dns servers for network 2788 to [/8.8.8.8, /8.8.4.4]
04-11 03:36:01.359 26567 26585 I native-activity: Read pixels, GL error is 0x0
04-11 03:36:01.359 26567 26585 I native-activity: Swap 147 time is 10.632ms
04-11 03:36:01.359 26567 26585 I native-activity: Animating
04-11 03:36:01.364 26567 26585 I native-activity: Frame 148 GL error is 0x0
04-11 03:36:01.365 26567 26585 I native-activity: Frame 148 time is 5.141ms
04-11 03:36:01.365 26567 26585 I native-activity: Doing egl_swapbuffers_sync 1
04-11 03:36:01.365 26567 26585 D native-activity: Reading pixels format 0x1908 type 0x1401 bpp 4
04-11 03:36:01.370 26567 26585 I native-activity: Read pixels, GL error is 0x0
04-11 03:36:01.370 26567 26585 I native-activity: Swap 148 time is 10.940ms
04-11 03:36:01.370 26567 26585 I native-activity: Animating
04-11 03:36:01.371 26567 26585 I native-activity: Frame 149 GL error is 0x0
04-11 03:36:01.371 26567 26585 I native-activity: Frame 149 time is 0.695ms
04-11 03:36:01.371 26567 26585 I native-activity: Doing egl_swapbuffers_sync 1
04-11 03:36:01.371 26567 26585 D native-activity: Reading pixels format 0x1908 type 0x1401 bpp 4
04-11 03:36:01.380 26567 26585 I native-activity: Read pixels, GL error is 0x0
04-11 03:36:01.380 26567 26585 I native-activity: Swap 149 time is 9.836ms
04-11 03:36:01.380 26567 26585 I native-activity: Animating
04-11 03:36:01.381 26567 26585 I native-activity: Frame 150 GL error is 0x0
04-11 03:36:01.382 26567 26585 I native-activity: Frame 150 time is 1.150ms
04-11 03:36:01.382 26567 26585 I native-activity: Doing egl_swapbuffers_sync 1
04-11 03:36:01.382 26567 26585 D native-activity: Reading pixels format 0x1908 type 0x1401 bpp 4
04-11 03:36:01.391 26567 26585 I native-activity: Read pixels, GL error is 0x0
04-11 03:36:01.391 26567 26585 I native-activity: Swap 150 time is 10.245ms
04-11 03:36:01.391 26567 26585 I native-activity: Animating
04-11 03:36:01.392 26567 26585 I native-activity: Frame 151 GL error is 0x0
04-11 03:36:01.392 26567 26585 I native-activity: Frame 151 time is 1.239ms
04-11 03:36:01.392 26567 26585 I native-activity: Doing egl_swapbuffers_sync 1
04-11 03:36:01.392 26567 26585 D native-activity: Reading pixels format 0x1908 type 0x1401 bpp 4
04-11 03:36:01.393   448   613 D ConnectivityService: notifyType IP_CHANGED for NetworkAgentInfo [WIFI () - 2788]
04-11 03:36:01.400 26567 26585 I native-activity: Read pixels, GL error is 0x0
04-11 03:36:01.400 26567 26585 I native-activity: Swap 151 time is 9.617ms
04-11 03:36:01.401 26567 26585 I native-activity: Animating
04-11 03:36:01.401 26567 26585 I native-activity: Frame 152 GL error is 0x0
04-11 03:36:01.401 26567 26585 I native-activity: Frame 152 time is 0.489ms
04-11 03:36:01.401 26567 26585 I native-activity: Doing egl_swapbuffers_sync 1
04-11 03:36:01.401 26567 26585 D native-activity: Reading pixels format 0x1908 type 0x1401 bpp 4
04-11 03:36:01.410 26567 26585 I native-activity: Read pixels, GL error is 0x0
04-11 03:36:01.410 26567 26585 I native-activity: Swap 152 time is 9.303ms
04-11 03:36:01.410 26567 26585 I native-activity: Animating
04-11 03:36:01.411 26567 26585 I native-activity: Frame 153 GL error is 0x0
04-11 03:36:01.411 26567 26585 I native-activity: Frame 153 time is 0.565ms
04-11 03:36:01.411 26567 26585 I native-activity: Doing egl_swapbuffers_sync 1
04-11 03:36:01.411 26567 26585 D native-activity: Reading pixels format 0x1908 type 0x1401 bpp 4
04-11 03:36:01.416   448   613 D ConnectivityService: notifyType PRECHECK for NetworkAgentInfo [WIFI () - 2788]
04-11 03:36:01.416   448   613 D ConnectivityService: rematching NetworkAgentInfo [WIFI () - 2788]
04-11 03:36:01.416   448   613 D ConnectivityService:    accepting network in place of null
04-11 03:36:01.416   448 26532 D NetworkMonitor/NetworkAgentInfo [WIFI () - 2788]: DefaultState{ when=-1ms what=532481 target=com.android.internal.util.StateMachine$SmHandler }
04-11 03:36:01.416   448 26532 D NetworkMonitor/NetworkAgentInfo [WIFI () - 2788]: Connected
04-11 03:36:01.416   448 26532 D NetworkMonitor/NetworkAgentInfo [WIFI () - 2788]: EvaluatingState{ when=0 what=532486 arg1=1 target=com.android.internal.util.StateMachine$SmHandler }
04-11 03:36:01.416   448 26532 D NetworkMonitor/NetworkAgentInfo [WIFI () - 2788]: Checking http://connectivitycheck.android.com/generate_204 on "wildfredland"
04-11 03:36:01.418   448   613 D ConnectivityService:    accepting network in place of null
04-11 03:36:01.419 26567 26585 I native-activity: Read pixels, GL error is 0x0
04-11 03:36:01.420 26567 26585 I native-activity: Swap 153 time is 9.475ms
04-11 03:36:01.420 26567 26585 I native-activity: Animating
04-11 03:36:01.420   448   613 D ConnectivityService: Switching to new default network: NetworkAgentInfo{ ni{[type: WIFI[], state: CONNECTED/CONNECTED, reason: (unspecified), extra: "wildfredland", roaming: false, failover: false, isAvailable: true, isConnectedToProvisioningNetwork: false]}  network{2788}  lp{{InterfaceName: wlan0 LinkAddresses: [fe80::5246:5dff:fe14:77bf/64,192.168.1.110/24,]  Routes: [fe80::/64 -> :: wlan0,192.168.1.0/24 -> 0.0.0.0 wlan0,0.0.0.0/0 -> 192.168.1.1 wlan0,] DnsAddresses: [8.8.8.8,8.8.4.4,] Domains:  MTU: 0 TcpBufferSizes: 524288,1048576,2097152,262144,524288,1048576}}  nc{[ Transports: WIFI Capabilities: INTERNET&NOT_RESTRICTED&TRUSTED&NOT_VPN LinkUpBandwidth>=1048576Kbps LinkDnBandwidth>=1048576Kbps]}  Score{20}  everValidated{false}  lastValidated{false}  created{true}  explicitlySelected{false} }
04-11 03:36:01.421 26567 26585 I native-activity: Frame 154 GL error is 0x0
04-11 03:36:01.421 26567 26585 I native-activity: Frame 154 time is 1.117ms
04-11 03:36:01.421 26567 26585 I native-activity: Doing egl_swapbuffers_sync 1
04-11 03:36:01.421 26567 26585 D native-activity: Reading pixels format 0x1908 type 0x1401 bpp 4
04-11 03:36:01.428   448   613 D ConnectivityService: notifyType AVAILABLE for NetworkAgentInfo [WIFI () - 2788]
04-11 03:36:01.429   666  1123 D ConnectivityManager.CallbackHandler: CM callback handler got msg 524290
04-11 03:36:01.429 26567 26585 I native-activity: Read pixels, GL error is 0x0
04-11 03:36:01.430 26567 26585 I native-activity: Swap 154 time is 9.921ms
04-11 03:36:01.430 26567 26585 I native-activity: Animating
04-11 03:36:01.430  8277 27307 D ConnectivityManager.CallbackHandler: CM callback handler got msg 524290
04-11 03:36:01.431 26567 26585 I native-activity: Frame 155 GL error is 0x0
04-11 03:36:01.431 26567 26585 I native-activity: Frame 155 time is 0.998ms
04-11 03:36:01.431 26567 26585 I native-activity: Doing egl_swapbuffers_sync 1
04-11 03:36:01.431 26567 26585 D native-activity: Reading pixels format 0x1908 type 0x1401 bpp 4
04-11 03:36:01.433 25234 25335 D ConnectivityManager.CallbackHandler: CM callback handler got msg 524290
04-11 03:36:01.435   448   613 D CSLegacyTypeTracker: Sending connected broadcast for type 1 NetworkAgentInfo [WIFI () - 2788] isDefaultNetwork=true
04-11 03:36:01.435   448   613 D ConnectivityService: sendStickyBroadcast: action=android.net.conn.CONNECTIVITY_CHANGE_IMMEDIATE
04-11 03:36:01.435 25472 25552 D ConnectivityManager.CallbackHandler: CM callback handler got msg 524290
04-11 03:36:01.435   448 26532 D NetworkMonitor/NetworkAgentInfo [WIFI () - 2788]: Probably not a portal: exception java.net.UnknownHostException: Unable to resolve host "connectivitycheck.android.com": No address associated with hostname
04-11 03:36:01.436   448   613 D ConnectivityService: sendStickyBroadcast: action=android.net.conn.CONNECTIVITY_CHANGE
04-11 03:36:01.434 25234 25335 D Event   : No subscribers registered for event class com.tplink.hellotp.shared.j
04-11 03:36:01.436 25234 25335 D Event   : No subscribers registered for event class de.greenrobot.event.f
04-11 03:36:01.436 25234 25335 D ConnectivityManager.CallbackHandler: CM callback handler got msg 524290
04-11 03:36:01.439 25234 25335 D Event   : No subscribers registered for event class com.tplink.hellotp.shared.j
04-11 03:36:01.439 25234 25335 D Event   : No subscribers registered for event class de.greenrobot.event.f
04-11 03:36:01.440 26567 26585 I native-activity: Read pixels, GL error is 0x0
04-11 03:36:01.440 26567 26585 I native-activity: Swap 155 time is 9.936ms
04-11 03:36:01.440 26567 26585 I native-activity: Animating
04-11 03:36:01.441 26567 26585 I native-activity: Frame 156 GL error is 0x0
04-11 03:36:01.441 26567 26585 I native-activity: Frame 156 time is 1.122ms
04-11 03:36:01.441 26567 26585 I native-activity: Doing egl_swapbuffers_sync 1
04-11 03:36:01.441 26567 26585 D native-activity: Reading pixels format 0x1908 type 0x1401 bpp 4
04-11 03:36:01.446   448   472 D Tethering: MasterInitialState.processMessage what=3
04-11 03:36:01.450 26567 26585 I native-activity: Read pixels, GL error is 0x0
04-11 03:36:01.450 26567 26585 I native-activity: Swap 156 time is 10.483ms
04-11 03:36:01.450 26567 26585 I native-activity: Animating
04-11 03:36:01.451 26567 26585 I native-activity: Frame 157 GL error is 0x0
04-11 03:36:01.451 26567 26585 I native-activity: Frame 157 time is 0.847ms
04-11 03:36:01.451 26567 26585 I native-activity: Doing egl_swapbuffers_sync 1
04-11 03:36:01.451 26567 26585 D native-activity: Reading pixels format 0x1908 type 0x1401 bpp 4
04-11 03:36:01.460 26567 26585 I native-activity: Read pixels, GL error is 0x0
04-11 03:36:01.460 26567 26585 I native-activity: Swap 157 time is 9.854ms
04-11 03:36:01.460 26567 26585 I native-activity: Animating
04-11 03:36:01.461 26567 26585 I native-activity: Frame 158 GL error is 0x0
04-11 03:36:01.461 26567 26585 I native-activity: Frame 158 time is 0.751ms
04-11 03:36:01.461 26567 26585 I native-activity: Doing egl_swapbuffers_sync 1
04-11 03:36:01.461 26567 26585 D native-activity: Reading pixels format 0x1908 type 0x1401 bpp 4
04-11 03:36:01.470 26567 26585 I native-activity: Read pixels, GL error is 0x0
04-11 03:36:01.470 26567 26585 I native-activity: Swap 158 time is 10.087ms
04-11 03:36:01.471 26567 26585 I native-activity: Animating
04-11 03:36:01.471 26567 26585 I native-activity: Frame 159 GL error is 0x0
04-11 03:36:01.472 26567 26585 I native-activity: Frame 159 time is 0.904ms
04-11 03:36:01.472 26567 26585 I native-activity: Doing egl_swapbuffers_sync 1
04-11 03:36:01.472 26567 26585 D native-activity: Reading pixels format 0x1908 type 0x1401 bpp 4
04-11 03:36:01.480 26567 26585 I native-activity: Read pixels, GL error is 0x0
04-11 03:36:01.480 26567 26585 I native-activity: Swap 159 time is 9.761ms
04-11 03:36:01.480 26567 26585 I native-activity: Animating
04-11 03:36:01.481 26567 26585 I native-activity: Frame 160 GL error is 0x0
04-11 03:36:01.481 26567 26585 I native-activity: Frame 160 time is 0.634ms
04-11 03:36:01.481 26567 26585 I native-activity: Doing egl_swapbuffers_sync 1
04-11 03:36:01.481 26567 26585 D native-activity: Reading pixels format 0x1908 type 0x1401 bpp 4
04-11 03:36:01.490 26567 26585 I native-activity: Read pixels, GL error is 0x0
04-11 03:36:01.491 26567 26585 I native-activity: Swap 160 time is 9.990ms
04-11 03:36:01.491 26567 26585 I native-activity: Animating
04-11 03:36:01.491 26567 26585 I native-activity: Frame 161 GL error is 0x0
04-11 03:36:01.492 26567 26585 I native-activity: Frame 161 time is 0.891ms
04-11 03:36:01.492 26567 26585 I native-activity: Doing egl_swapbuffers_sync 1
04-11 03:36:01.492 26567 26585 D native-activity: Reading pixels format 0x1908 type 0x1401 bpp 4
04-11 03:36:01.496 25340 25340 I NetworkMonitor: type=WIFI subType= reason=null isConnected=true
04-11 03:36:01.501 26567 26585 I native-activity: Read pixels, GL error is 0x0
04-11 03:36:01.501 26567 26585 I native-activity: Swap 161 time is 10.710ms
04-11 03:36:01.501 26567 26585 I native-activity: Animating
04-11 03:36:01.502 26567 26585 I native-activity: Frame 162 GL error is 0x0
04-11 03:36:01.502 26567 26585 I native-activity: Frame 162 time is 0.838ms
04-11 03:36:01.502 26567 26585 I native-activity: Doing egl_swapbuffers_sync 1
04-11 03:36:01.502 26567 26585 D native-activity: Reading pixels format 0x1908 type 0x1401 bpp 4
04-11 03:36:01.508   976 19941 D PhoneInterfaceManager: [PhoneIntfMgr] getDataEnabled: subId=-1 phoneId=-1
04-11 03:36:01.509   976 19941 E PhoneInterfaceManager: [PhoneIntfMgr] getDataEnabled: no phone subId=-1 retVal=false
04-11 03:36:01.510   448   467 D TelephonyManager: getDataEnabled: retVal=false
04-11 03:36:01.511 26567 26585 I native-activity: Read pixels, GL error is 0x0
04-11 03:36:01.511 26567 26585 I native-activity: Swap 162 time is 9.819ms
04-11 03:36:01.511 26567 26585 I native-activity: Animating
04-11 03:36:01.512 26567 26585 I native-activity: Frame 163 GL error is 0x0
04-11 03:36:01.513 26567 26585 I native-activity: Frame 163 time is 1.201ms
04-11 03:36:01.513 26567 26585 I native-activity: Doing egl_swapbuffers_sync 1
04-11 03:36:01.513 26567 26585 D native-activity: Reading pixels format 0x1908 type 0x1401 bpp 4
04-11 03:36:01.522 26567 26585 I native-activity: Read pixels, GL error is 0x0
04-11 03:36:01.522 26567 26585 I native-activity: Swap 163 time is 10.923ms
04-11 03:36:01.522 26567 26585 I native-activity: Animating
04-11 03:36:01.523 26567 26585 I native-activity: Frame 164 GL error is 0x0
04-11 03:36:01.523 26567 26585 I native-activity: Frame 164 time is 0.485ms
04-11 03:36:01.523 26567 26585 I native-activity: Doing egl_swapbuffers_sync 1
04-11 03:36:01.523 26567 26585 D native-activity: Reading pixels format 0x1908 type 0x1401 bpp 4
04-11 03:36:01.532 26567 26585 I native-activity: Read pixels, GL error is 0x0
04-11 03:36:01.532 26567 26585 I native-activity: Swap 164 time is 9.226ms
04-11 03:36:01.532 26567 26585 I native-activity: Animating
04-11 03:36:01.532 26567 26585 I native-activity: Frame 165 GL error is 0x0
04-11 03:36:01.532 26567 26585 I native-activity: Frame 165 time is 0.596ms
04-11 03:36:01.532 26567 26585 I native-activity: Doing egl_swapbuffers_sync 1
04-11 03:36:01.533 26567 26585 D native-activity: Reading pixels format 0x1908 type 0x1401 bpp 4
04-11 03:36:01.541 26567 26585 I native-activity: Read pixels, GL error is 0x0
04-11 03:36:01.541 26567 26585 I native-activity: Swap 165 time is 9.529ms
04-11 03:36:01.541 26567 26585 I native-activity: Animating
04-11 03:36:01.543 26567 26585 I native-activity: Frame 166 GL error is 0x0
04-11 03:36:01.543 26567 26585 I native-activity: Frame 166 time is 1.154ms
04-11 03:36:01.543 26567 26585 I native-activity: Doing egl_swapbuffers_sync 1
04-11 03:36:01.543 26567 26585 D native-activity: Reading pixels format 0x1908 type 0x1401 bpp 4
04-11 03:36:01.551 26567 26585 I native-activity: Read pixels, GL error is 0x0
04-11 03:36:01.551 26567 26585 I native-activity: Swap 166 time is 9.421ms
04-11 03:36:01.551 26567 26585 I native-activity: Animating
04-11 03:36:01.553 26567 26585 I native-activity: Frame 167 GL error is 0x0
04-11 03:36:01.553 26567 26585 I native-activity: Frame 167 time is 2.064ms
04-11 03:36:01.553 26567 26585 I native-activity: Doing egl_swapbuffers_sync 1
04-11 03:36:01.553 26567 26585 D native-activity: Reading pixels format 0x1908 type 0x1401 bpp 4
04-11 03:36:01.561 26567 26585 I native-activity: Read pixels, GL error is 0x0
04-11 03:36:01.561 26567 26585 I native-activity: Swap 167 time is 9.653ms
04-11 03:36:01.561 26567 26585 I native-activity: Animating
04-11 03:36:01.561 26567 26585 I native-activity: Frame 168 GL error is 0x0
04-11 03:36:01.561 26567 26585 I native-activity: Frame 168 time is 0.508ms
04-11 03:36:01.561 26567 26585 I native-activity: Doing egl_swapbuffers_sync 1
04-11 03:36:01.561 26567 26585 D native-activity: Reading pixels format 0x1908 type 0x1401 bpp 4
04-11 03:36:01.571 26567 26585 I native-activity: Read pixels, GL error is 0x0
04-11 03:36:01.571 26567 26585 I native-activity: Swap 168 time is 9.983ms
04-11 03:36:01.571 26567 26585 I native-activity: Animating
04-11 03:36:01.571 26567 26585 I native-activity: Frame 169 GL error is 0x0
04-11 03:36:01.571 26567 26585 I native-activity: Frame 169 time is 0.441ms
04-11 03:36:01.571 26567 26585 I native-activity: Doing egl_swapbuffers_sync 1
04-11 03:36:01.571 26567 26585 D native-activity: Reading pixels format 0x1908 type 0x1401 bpp 4
04-11 03:36:01.580 26567 26585 I native-activity: Read pixels, GL error is 0x0
04-11 03:36:01.580 26567 26585 I native-activity: Swap 169 time is 8.969ms
04-11 03:36:01.580 26567 26585 I native-activity: Animating
04-11 03:36:01.581 26567 26585 I native-activity: Frame 170 GL error is 0x0
04-11 03:36:01.581 26567 26585 I native-activity: Frame 170 time is 0.640ms
04-11 03:36:01.581 26567 26585 I native-activity: Doing egl_swapbuffers_sync 1
04-11 03:36:01.581 26567 26585 D native-activity: Reading pixels format 0x1908 type 0x1401 bpp 4
04-11 03:36:01.589 26567 26585 I native-activity: Read pixels, GL error is 0x0
04-11 03:36:01.589 26567 26585 I native-activity: Swap 170 time is 9.020ms
04-11 03:36:01.589 26567 26585 I native-activity: Animating
04-11 03:36:01.589 26567 26585 I native-activity: Frame 171 GL error is 0x0
04-11 03:36:01.590 26567 26585 I native-activity: Frame 171 time is 0.413ms
04-11 03:36:01.590 26567 26585 I native-activity: Doing egl_swapbuffers_sync 1
04-11 03:36:01.590 26567 26585 D native-activity: Reading pixels format 0x1908 type 0x1401 bpp 4
04-11 03:36:01.602 26567 26585 I native-activity: Read pixels, GL error is 0x0
04-11 03:36:01.602 26567 26585 I native-activity: Swap 171 time is 12.691ms
04-11 03:36:01.602 26567 26585 I native-activity: Animating
04-11 03:36:01.603 26567 26585 I native-activity: Frame 172 GL error is 0x0
04-11 03:36:01.603 26567 26585 I native-activity: Frame 172 time is 0.934ms
04-11 03:36:01.603 26567 26585 I native-activity: Doing egl_swapbuffers_sync 1
04-11 03:36:01.603 26567 26585 D native-activity: Reading pixels format 0x1908 type 0x1401 bpp 4
04-11 03:36:01.612   448   467 E GpsLocationProvider: No APN found to select.
04-11 03:36:01.613 26567 26585 I native-activity: Read pixels, GL error is 0x0
04-11 03:36:01.613 26567 26585 I native-activity: Swap 172 time is 11.188ms
04-11 03:36:01.613 26567 26585 I native-activity: Animating
04-11 03:36:01.614 26567 26585 I native-activity: Frame 173 GL error is 0x0
04-11 03:36:01.614 26567 26585 I native-activity: Frame 173 time is 0.726ms
04-11 03:36:01.614 26567 26585 I native-activity: Doing egl_swapbuffers_sync 1
04-11 03:36:01.615 26567 26585 D native-activity: Reading pixels format 0x1908 type 0x1401 bpp 4
04-11 03:36:01.623 26567 26585 I native-activity: Read pixels, GL error is 0x0
04-11 03:36:01.623 26567 26585 I native-activity: Swap 173 time is 9.461ms
04-11 03:36:01.623 26567 26585 I native-activity: Animating
04-11 03:36:01.624 26567 26585 I native-activity: Frame 174 GL error is 0x0
04-11 03:36:01.624 26567 26585 I native-activity: Frame 174 time is 0.790ms
04-11 03:36:01.624 26567 26585 I native-activity: Doing egl_swapbuffers_sync 1
04-11 03:36:01.624 26567 26585 D native-activity: Reading pixels format 0x1908 type 0x1401 bpp 4
04-11 03:36:01.633 26567 26585 I native-activity: Read pixels, GL error is 0x0
04-11 03:36:01.633 26567 26585 I native-activity: Swap 174 time is 10.520ms
04-11 03:36:01.633 26567 26585 I native-activity: Animating
04-11 03:36:01.634 26567 26585 I native-activity: Frame 175 GL error is 0x0
04-11 03:36:01.634 26567 26585 I native-activity: Frame 175 time is 0.792ms
04-11 03:36:01.634 26567 26585 I native-activity: Doing egl_swapbuffers_sync 1
04-11 03:36:01.634 26567 26585 D native-activity: Reading pixels format 0x1908 type 0x1401 bpp 4
04-11 03:36:01.643 26567 26585 I native-activity: Read pixels, GL error is 0x0
04-11 03:36:01.643 26567 26585 I native-activity: Swap 175 time is 9.675ms
04-11 03:36:01.643 26567 26585 I native-activity: Animating
04-11 03:36:01.644 26567 26585 I native-activity: Frame 176 GL error is 0x0
04-11 03:36:01.644 26567 26585 I native-activity: Frame 176 time is 0.926ms
04-11 03:36:01.644 26567 26585 I native-activity: Doing egl_swapbuffers_sync 1
04-11 03:36:01.644 26567 26585 D native-activity: Reading pixels format 0x1908 type 0x1401 bpp 4
04-11 03:36:01.657 26567 26585 I native-activity: Read pixels, GL error is 0x0
04-11 03:36:01.657 26567 26585 I native-activity: Swap 176 time is 13.965ms
04-11 03:36:01.657 26567 26585 I native-activity: Animating
04-11 03:36:01.659 26567 26585 I native-activity: Frame 177 GL error is 0x0
04-11 03:36:01.659 26567 26585 I native-activity: Frame 177 time is 1.274ms
04-11 03:36:01.659 26567 26585 I native-activity: Doing egl_swapbuffers_sync 1
04-11 03:36:01.659 26567 26585 D native-activity: Reading pixels format 0x1908 type 0x1401 bpp 4
04-11 03:36:01.668   448   467 D libgps  : proxy_agps_ril_update_network_state()
04-11 03:36:01.668   448   467 D gpslogd : agps_ril_update_network_state: Waiting for IPC connection...
04-11 03:36:01.670 26567 26585 I native-activity: Read pixels, GL error is 0x0
04-11 03:36:01.671 26567 26585 I native-activity: Swap 177 time is 13.188ms
04-11 03:36:01.671 26567 26585 I native-activity: Animating
04-11 03:36:01.672 26567 26585 I native-activity: Frame 178 GL error is 0x0
04-11 03:36:01.672 26567 26585 I native-activity: Frame 178 time is 1.532ms
04-11 03:36:01.673 26567 26585 I native-activity: Doing egl_swapbuffers_sync 1
04-11 03:36:01.673 26567 26585 D native-activity: Reading pixels format 0x1908 type 0x1401 bpp 4
04-11 03:36:01.681 26567 26585 I native-activity: Read pixels, GL error is 0x0
04-11 03:36:01.681 26567 26585 I native-activity: Swap 178 time is 9.940ms
04-11 03:36:01.681 26567 26585 I native-activity: Animating
04-11 03:36:01.681 26567 26585 I native-activity: Frame 179 GL error is 0x0
04-11 03:36:01.682 26567 26585 I native-activity: Frame 179 time is 0.755ms
04-11 03:36:01.682 26567 26585 I native-activity: Doing egl_swapbuffers_sync 1
04-11 03:36:01.682 26567 26585 D native-activity: Reading pixels format 0x1908 type 0x1401 bpp 4
04-11 03:36:01.691 26567 26585 I native-activity: Read pixels, GL error is 0x0
04-11 03:36:01.691 26567 26585 I native-activity: Swap 179 time is 10.523ms
04-11 03:36:01.691 26567 26585 I native-activity: Animating
04-11 03:36:01.692 26567 26585 I native-activity: Frame 180 GL error is 0x0
04-11 03:36:01.692 26567 26585 I native-activity: Frame 180 time is 1.002ms
04-11 03:36:01.693 26567 26585 I native-activity: Doing egl_swapbuffers_sync 1
04-11 03:36:01.693 26567 26585 D native-activity: Reading pixels format 0x1908 type 0x1401 bpp 4
04-11 03:36:01.701 26567 26585 I native-activity: Read pixels, GL error is 0x0
04-11 03:36:01.701 26567 26585 I native-activity: Swap 180 time is 9.929ms
04-11 03:36:01.701 26567 26585 I native-activity: Animating
04-11 03:36:01.702 26567 26585 I native-activity: Frame 181 GL error is 0x0
04-11 03:36:01.702 26567 26585 I native-activity: Frame 181 time is 0.637ms
04-11 03:36:01.702 26567 26585 I native-activity: Doing egl_swapbuffers_sync 1
04-11 03:36:01.702 26567 26585 D native-activity: Reading pixels format 0x1908 type 0x1401 bpp 4
04-11 03:36:01.712 26567 26585 I native-activity: Read pixels, GL error is 0x0
04-11 03:36:01.712 26567 26585 I native-activity: Swap 181 time is 10.258ms
04-11 03:36:01.712 26567 26585 I native-activity: Animating
04-11 03:36:01.713 26567 26585 I native-activity: Frame 182 GL error is 0x0
04-11 03:36:01.713 26567 26585 I native-activity: Frame 182 time is 0.957ms
04-11 03:36:01.713 26567 26585 I native-activity: Doing egl_swapbuffers_sync 1
04-11 03:36:01.713 26567 26585 D native-activity: Reading pixels format 0x1908 type 0x1401 bpp 4
04-11 03:36:01.722 26567 26585 I native-activity: Read pixels, GL error is 0x0
04-11 03:36:01.722 26567 26585 I native-activity: Swap 182 time is 9.807ms
04-11 03:36:01.722 26567 26585 I native-activity: Animating
04-11 03:36:01.723 26567 26585 I native-activity: Frame 183 GL error is 0x0
04-11 03:36:01.723 26567 26585 I native-activity: Frame 183 time is 1.114ms
04-11 03:36:01.723 26567 26585 I native-activity: Doing egl_swapbuffers_sync 1
04-11 03:36:01.723 26567 26585 D native-activity: Reading pixels format 0x1908 type 0x1401 bpp 4
04-11 03:36:01.733 25340 26623 I MusicLeanback: Conditions not met for autocaching.
04-11 03:36:01.733 25340 26623 I MusicLeanback: Stop autocaching.
04-11 03:36:01.740 26567 26585 I native-activity: Read pixels, GL error is 0x0
04-11 03:36:01.740 26567 26585 I native-activity: Swap 183 time is 17.956ms
04-11 03:36:01.740 26567 26585 I native-activity: Animating
04-11 03:36:01.741 26567 26585 I native-activity: Frame 184 GL error is 0x0
04-11 03:36:01.741 26567 26585 I native-activity: Frame 184 time is 0.922ms
04-11 03:36:01.741 26567 26585 I native-activity: Doing egl_swapbuffers_sync 1
04-11 03:36:01.741 26567 26585 D native-activity: Reading pixels format 0x1908 type 0x1401 bpp 4
04-11 03:36:01.750 26567 26585 I native-activity: Read pixels, GL error is 0x0
04-11 03:36:01.750 26567 26585 I native-activity: Swap 184 time is 9.734ms
04-11 03:36:01.750 26567 26585 I native-activity: Animating
04-11 03:36:01.751 26567 26585 I native-activity: Frame 185 GL error is 0x0
04-11 03:36:01.751 26567 26585 I native-activity: Frame 185 time is 1.273ms
04-11 03:36:01.752 26567 26585 I native-activity: Doing egl_swapbuffers_sync 1
04-11 03:36:01.752 26567 26585 D native-activity: Reading pixels format 0x1908 type 0x1401 bpp 4
04-11 03:36:01.760 26567 26585 I native-activity: Read pixels, GL error is 0x0
04-11 03:36:01.760 26567 26585 I native-activity: Swap 185 time is 9.774ms
04-11 03:36:01.761 26567 26585 I native-activity: Animating
04-11 03:36:01.772 26567 26585 I native-activity: Frame 186 GL error is 0x0
04-11 03:36:01.772 26567 26585 I native-activity: Frame 186 time is 11.021ms
04-11 03:36:01.772 26567 26585 I native-activity: Doing egl_swapbuffers_sync 1
04-11 03:36:01.772 26567 26585 D native-activity: Reading pixels format 0x1908 type 0x1401 bpp 4
04-11 03:36:01.779   448   627 D TaskPersister: removeObsoleteFile: deleting file=1029_task.xml
04-11 03:36:01.780 26567 26585 I native-activity: Read pixels, GL error is 0x0
04-11 03:36:01.780 26567 26585 I native-activity: Swap 186 time is 19.104ms
04-11 03:36:01.780 26567 26585 I native-activity: Animating
04-11 03:36:01.781 26567 26585 I native-activity: Frame 187 GL error is 0x0
04-11 03:36:01.781 26567 26585 I native-activity: Frame 187 time is 0.852ms
04-11 03:36:01.781 26567 26585 I native-activity: Doing egl_swapbuffers_sync 1
04-11 03:36:01.781 26567 26585 D native-activity: Reading pixels format 0x1908 type 0x1401 bpp 4
04-11 03:36:01.790  8277 26627 I CheckinChimeraService: Checking schedule, now: 1491906961790 next: 1491453589787
04-11 03:36:01.790  8277 26627 I CheckinChimeraService: active receiver: enabled
04-11 03:36:01.800 26567 26585 I native-activity: Read pixels, GL error is 0x0
04-11 03:36:01.800 26567 26585 I native-activity: Swap 187 time is 19.815ms
04-11 03:36:01.800 26567 26585 I native-activity: Animating
04-11 03:36:01.801 26567 26585 I native-activity: Frame 188 GL error is 0x0
04-11 03:36:01.801 26567 26585 I native-activity: Frame 188 time is 1.035ms
04-11 03:36:01.801 26567 26585 I native-activity: Doing egl_swapbuffers_sync 1
04-11 03:36:01.801 26567 26585 D native-activity: Reading pixels format 0x1908 type 0x1401 bpp 4
04-11 03:36:01.802   448   605 E native  : do suspend false
04-11 03:36:01.810 26567 26585 I native-activity: Read pixels, GL error is 0x0
04-11 03:36:01.810 26567 26585 I native-activity: Swap 188 time is 10.299ms
04-11 03:36:01.810 26567 26585 I native-activity: Animating
04-11 03:36:01.811 26567 26585 I native-activity: Frame 189 GL error is 0x0
04-11 03:36:01.812 26567 26585 I native-activity: Frame 189 time is 1.772ms
04-11 03:36:01.812 26567 26585 I native-activity: Doing egl_swapbuffers_sync 1
04-11 03:36:01.812 26567 26585 D native-activity: Reading pixels format 0x1908 type 0x1401 bpp 4
04-11 03:36:01.824 26567 26585 I native-activity: Read pixels, GL error is 0x0
04-11 03:36:01.825 26567 26585 I native-activity: Swap 189 time is 14.123ms
04-11 03:36:01.825 26567 26585 I native-activity: Animating
04-11 03:36:01.825 26567 26585 I native-activity: Frame 190 GL error is 0x0
04-11 03:36:01.826 26567 26585 I native-activity: Frame 190 time is 0.754ms
04-11 03:36:01.826 26567 26585 I native-activity: Doing egl_swapbuffers_sync 1
04-11 03:36:01.826 26567 26585 D native-activity: Reading pixels format 0x1908 type 0x1401 bpp 4
04-11 03:36:01.834 26567 26585 I native-activity: Read pixels, GL error is 0x0
04-11 03:36:01.835 26567 26585 I native-activity: Swap 190 time is 9.745ms
04-11 03:36:01.835 26567 26585 I native-activity: Animating
04-11 03:36:01.835 26567 26585 I native-activity: Frame 191 GL error is 0x0
04-11 03:36:01.835 26567 26585 I native-activity: Frame 191 time is 0.841ms
04-11 03:36:01.836 26567 26585 I native-activity: Doing egl_swapbuffers_sync 1
04-11 03:36:01.836 26567 26585 D native-activity: Reading pixels format 0x1908 type 0x1401 bpp 4
04-11 03:36:01.848 26567 26585 I native-activity: Read pixels, GL error is 0x0
04-11 03:36:01.848 26567 26585 I native-activity: Swap 191 time is 13.546ms
04-11 03:36:01.848 26567 26585 I native-activity: Animating
04-11 03:36:01.849 26567 26585 I native-activity: Frame 192 GL error is 0x0
04-11 03:36:01.849 26567 26585 I native-activity: Frame 192 time is 0.870ms
04-11 03:36:01.849 26567 26585 I native-activity: Doing egl_swapbuffers_sync 1
04-11 03:36:01.849 26567 26585 D native-activity: Reading pixels format 0x1908 type 0x1401 bpp 4
04-11 03:36:01.858 26567 26585 I native-activity: Read pixels, GL error is 0x0
04-11 03:36:01.858 26567 26585 I native-activity: Swap 192 time is 9.742ms
04-11 03:36:01.858 26567 26585 I native-activity: Animating
04-11 03:36:01.859 26567 26585 I native-activity: Frame 193 GL error is 0x0
04-11 03:36:01.859 26567 26585 I native-activity: Frame 193 time is 0.798ms
04-11 03:36:01.859 26567 26585 I native-activity: Doing egl_swapbuffers_sync 1
04-11 03:36:01.859 26567 26585 D native-activity: Reading pixels format 0x1908 type 0x1401 bpp 4
04-11 03:36:01.865   448   605 E WifiStateMachine: Unexpected BatchedScanResults :OK
04-11 03:36:01.868 26567 26585 I native-activity: Read pixels, GL error is 0x0
04-11 03:36:01.868 26567 26585 I native-activity: Swap 193 time is 10.097ms
04-11 03:36:01.868 26567 26585 I native-activity: Animating
04-11 03:36:01.870 26567 26585 I native-activity: Frame 194 GL error is 0x0
04-11 03:36:01.871 26567 26585 I native-activity: Frame 194 time is 2.005ms
04-11 03:36:01.871 26567 26585 I native-activity: Doing egl_swapbuffers_sync 1
04-11 03:36:01.871 26567 26585 D native-activity: Reading pixels format 0x1908 type 0x1401 bpp 4
04-11 03:36:01.879 26567 26585 I native-activity: Read pixels, GL error is 0x0
04-11 03:36:01.879 26567 26585 I native-activity: Swap 194 time is 10.357ms
04-11 03:36:01.879 26567 26585 I native-activity: Animating
04-11 03:36:01.880 26567 26585 I native-activity: Frame 195 GL error is 0x0
04-11 03:36:01.880 26567 26585 I native-activity: Frame 195 time is 0.916ms
04-11 03:36:01.880 26567 26585 I native-activity: Doing egl_swapbuffers_sync 1
04-11 03:36:01.880 26567 26585 D native-activity: Reading pixels format 0x1908 type 0x1401 bpp 4
04-11 03:36:01.889 26567 26585 I native-activity: Read pixels, GL error is 0x0
04-11 03:36:01.889 26567 26585 I native-activity: Swap 195 time is 10.108ms
04-11 03:36:01.889 26567 26585 I native-activity: Animating
04-11 03:36:01.890 26567 26585 I native-activity: Frame 196 GL error is 0x0
04-11 03:36:01.890 26567 26585 I native-activity: Frame 196 time is 0.687ms
04-11 03:36:01.890 26567 26585 I native-activity: Doing egl_swapbuffers_sync 1
04-11 03:36:01.890 26567 26585 D native-activity: Reading pixels format 0x1908 type 0x1401 bpp 4
04-11 03:36:01.900 26567 26585 I native-activity: Read pixels, GL error is 0x0
04-11 03:36:01.900 26567 26585 I native-activity: Swap 196 time is 10.909ms
04-11 03:36:01.900 26567 26585 I native-activity: Animating
04-11 03:36:01.901 26567 26585 I native-activity: Frame 197 GL error is 0x0
04-11 03:36:01.901 26567 26585 I native-activity: Frame 197 time is 0.716ms
04-11 03:36:01.901 26567 26585 I native-activity: Doing egl_swapbuffers_sync 1
04-11 03:36:01.901 26567 26585 D native-activity: Reading pixels format 0x1908 type 0x1401 bpp 4
04-11 03:36:01.910 26567 26585 I native-activity: Read pixels, GL error is 0x0
04-11 03:36:01.910 26567 26585 I native-activity: Swap 197 time is 9.525ms
04-11 03:36:01.910 26567 26585 I native-activity: Animating
04-11 03:36:01.910 26567 26585 I native-activity: Frame 198 GL error is 0x0
04-11 03:36:01.911 26567 26585 I native-activity: Frame 198 time is 0.690ms
04-11 03:36:01.911 26567 26585 I native-activity: Doing egl_swapbuffers_sync 1
04-11 03:36:01.911 26567 26585 D native-activity: Reading pixels format 0x1908 type 0x1401 bpp 4
04-11 03:36:01.920 26567 26585 I native-activity: Read pixels, GL error is 0x0
04-11 03:36:01.920 26567 26585 I native-activity: Swap 198 time is 9.804ms
04-11 03:36:01.920 26567 26585 I native-activity: Animating
04-11 03:36:01.921 26567 26585 I native-activity: Frame 199 GL error is 0x0
04-11 03:36:01.921 26567 26585 I native-activity: Frame 199 time is 1.054ms
04-11 03:36:01.921 26567 26585 I native-activity: Doing egl_swapbuffers_sync 1
04-11 03:36:01.921 26567 26585 D native-activity: Reading pixels format 0x1908 type 0x1401 bpp 4
04-11 03:36:01.929 26567 26585 I native-activity: Read pixels, GL error is 0x0
04-11 03:36:01.930 26567 26585 I native-activity: Swap 199 time is 9.644ms
04-11 03:36:01.930 26567 26585 I native-activity: Animating
04-11 03:36:01.931 26567 26585 I native-activity: Frame 200 GL error is 0x0
04-11 03:36:01.931 26567 26585 I native-activity: Frame 200 time is 1.074ms
04-11 03:36:01.931 26567 26585 I native-activity: Doing egl_swapbuffers_sync 1
04-11 03:36:01.931 26567 26585 D native-activity: Reading pixels format 0x1908 type 0x1401 bpp 4
04-11 03:36:01.939 26567 26585 I native-activity: Read pixels, GL error is 0x0
04-11 03:36:01.939 26567 26585 I native-activity: Swap 200 time is 9.748ms
04-11 03:36:01.940 26567 26585 I native-activity: Animating
04-11 03:36:01.942 26567 26585 I native-activity: Frame 201 GL error is 0x0
04-11 03:36:01.942 26567 26585 I native-activity: Frame 201 time is 2.103ms
04-11 03:36:01.942 26567 26585 I native-activity: Doing egl_swapbuffers_sync 1
04-11 03:36:01.942 26567 26585 D native-activity: Reading pixels format 0x1908 type 0x1401 bpp 4
04-11 03:36:01.949  8277 26627 I CheckinChimeraService: Preparing to send checkin request
04-11 03:36:01.950  8277 26627 I EventLogChimeraService: Accumulating logs since 1491906914619
04-11 03:36:01.951 26567 26585 I native-activity: Read pixels, GL error is 0x0
04-11 03:36:01.951 26567 26585 I native-activity: Swap 201 time is 11.268ms
04-11 03:36:01.951 26567 26585 I native-activity: Animating
04-11 03:36:01.952 26567 26585 I native-activity: Frame 202 GL error is 0x0
04-11 03:36:01.952 26567 26585 I native-activity: Frame 202 time is 0.803ms
04-11 03:36:01.952 26567 26585 I native-activity: Doing egl_swapbuffers_sync 1
04-11 03:36:01.952 26567 26585 D native-activity: Reading pixels format 0x1908 type 0x1401 bpp 4
04-11 03:36:01.962 26567 26585 I native-activity: Read pixels, GL error is 0x0
04-11 03:36:01.962 26567 26585 I native-activity: Swap 202 time is 11.050ms
04-11 03:36:01.962 26567 26585 I native-activity: Animating
04-11 03:36:01.963 26567 26585 I native-activity: Frame 203 GL error is 0x0
04-11 03:36:01.964 26567 26585 I native-activity: Frame 203 time is 1.014ms
04-11 03:36:01.964 26567 26585 I native-activity: Doing egl_swapbuffers_sync 1
04-11 03:36:01.964 26567 26585 D native-activity: Reading pixels format 0x1908 type 0x1401 bpp 4
04-11 03:36:01.972 26567 26585 I native-activity: Read pixels, GL error is 0x0
04-11 03:36:01.973 26567 26585 I native-activity: Swap 203 time is 10.335ms
04-11 03:36:01.973 26567 26585 I native-activity: Animating
04-11 03:36:01.974 26567 26585 I native-activity: Frame 204 GL error is 0x0
04-11 03:36:01.974 26567 26585 I native-activity: Frame 204 time is 1.256ms
04-11 03:36:01.974 26567 26585 I native-activity: Doing egl_swapbuffers_sync 1
04-11 03:36:01.974 26567 26585 D native-activity: Reading pixels format 0x1908 type 0x1401 bpp 4
04-11 03:36:01.983 26567 26585 I native-activity: Read pixels, GL error is 0x0
04-11 03:36:01.983 26567 26585 I native-activity: Swap 204 time is 10.169ms
04-11 03:36:01.983 26567 26585 I native-activity: Animating
04-11 03:36:01.984 26567 26585 I native-activity: Frame 205 GL error is 0x0
04-11 03:36:01.984 26567 26585 I native-activity: Frame 205 time is 0.789ms
04-11 03:36:01.984 26567 26585 I native-activity: Doing egl_swapbuffers_sync 1
04-11 03:36:01.984 26567 26585 D native-activity: Reading pixels format 0x1908 type 0x1401 bpp 4
04-11 03:36:01.993 26567 26585 I native-activity: Read pixels, GL error is 0x0
04-11 03:36:01.993 26567 26585 I native-activity: Swap 205 time is 10.172ms
04-11 03:36:01.993 26567 26585 I native-activity: Animating
04-11 03:36:01.994 26567 26585 I native-activity: Frame 206 GL error is 0x0
04-11 03:36:01.994 26567 26585 I native-activity: Frame 206 time is 0.967ms
04-11 03:36:01.994 26567 26585 I native-activity: Doing egl_swapbuffers_sync 1
04-11 03:36:01.994 26567 26585 D native-activity: Reading pixels format 0x1908 type 0x1401 bpp 4
04-11 03:36:02.004 26567 26585 I native-activity: Read pixels, GL error is 0x0
04-11 03:36:02.004 26567 26585 I native-activity: Swap 206 time is 10.370ms
04-11 03:36:02.004 26567 26585 I native-activity: Animating
04-11 03:36:02.005 26567 26585 I native-activity: Frame 207 GL error is 0x0
04-11 03:36:02.005 26567 26585 I native-activity: Frame 207 time is 0.949ms
04-11 03:36:02.005 26567 26585 I native-activity: Doing egl_swapbuffers_sync 1
04-11 03:36:02.005 26567 26585 D native-activity: Reading pixels format 0x1908 type 0x1401 bpp 4
04-11 03:36:02.014 26567 26585 I native-activity: Read pixels, GL error is 0x0
04-11 03:36:02.014 26567 26585 I native-activity: Swap 207 time is 10.150ms
04-11 03:36:02.014 26567 26585 I native-activity: Animating
04-11 03:36:02.015 26567 26585 I native-activity: Frame 208 GL error is 0x0
04-11 03:36:02.015 26567 26585 I native-activity: Frame 208 time is 0.923ms
04-11 03:36:02.015 26567 26585 I native-activity: Doing egl_swapbuffers_sync 1
04-11 03:36:02.015 26567 26585 D native-activity: Reading pixels format 0x1908 type 0x1401 bpp 4
04-11 03:36:02.024 26567 26585 I native-activity: Read pixels, GL error is 0x0
04-11 03:36:02.024 26567 26585 I native-activity: Swap 208 time is 10.189ms
04-11 03:36:02.025 26567 26585 I native-activity: Animating
04-11 03:36:02.027 26567 26585 I native-activity: Frame 209 GL error is 0x0
04-11 03:36:02.027 26567 26585 I native-activity: Frame 209 time is 2.725ms
04-11 03:36:02.027 26567 26585 I native-activity: Doing egl_swapbuffers_sync 1
04-11 03:36:02.027 26567 26585 D native-activity: Reading pixels format 0x1908 type 0x1401 bpp 4
04-11 03:36:02.035 26567 26585 I native-activity: Read pixels, GL error is 0x0
04-11 03:36:02.035 26567 26585 I native-activity: Swap 209 time is 10.451ms
04-11 03:36:02.035 26567 26585 I native-activity: Animating
04-11 03:36:02.036 26567 26585 I native-activity: Frame 210 GL error is 0x0
04-11 03:36:02.036 26567 26585 I native-activity: Frame 210 time is 1.117ms
04-11 03:36:02.036 26567 26585 I native-activity: Doing egl_swapbuffers_sync 1
04-11 03:36:02.036 26567 26585 D native-activity: Reading pixels format 0x1908 type 0x1401 bpp 4
04-11 03:36:02.045 26567 26585 I native-activity: Read pixels, GL error is 0x0
04-11 03:36:02.045 26567 26585 I native-activity: Swap 210 time is 10.144ms
04-11 03:36:02.046 26567 26585 I native-activity: Animating
04-11 03:36:02.046 26567 26585 I native-activity: Frame 211 GL error is 0x0
04-11 03:36:02.046 26567 26585 I native-activity: Frame 211 time is 0.724ms
04-11 03:36:02.046 26567 26585 I native-activity: Doing egl_swapbuffers_sync 1
04-11 03:36:02.046 26567 26585 D native-activity: Reading pixels format 0x1908 type 0x1401 bpp 4
04-11 03:36:02.058 26567 26585 I native-activity: Read pixels, GL error is 0x0
04-11 03:36:02.058 26567 26585 I native-activity: Swap 211 time is 12.432ms
04-11 03:36:02.058 26567 26585 I native-activity: Animating
04-11 03:36:02.059 26567 26585 I native-activity: Frame 212 GL error is 0x0
04-11 03:36:02.059 26567 26585 I native-activity: Frame 212 time is 0.896ms
04-11 03:36:02.059 26567 26585 I native-activity: Doing egl_swapbuffers_sync 1
04-11 03:36:02.059 26567 26585 D native-activity: Reading pixels format 0x1908 type 0x1401 bpp 4
04-11 03:36:02.072 26567 26585 I native-activity: Read pixels, GL error is 0x0
04-11 03:36:02.073 26567 26585 I native-activity: Swap 212 time is 14.475ms
04-11 03:36:02.073 26567 26585 I native-activity: Animating
04-11 03:36:02.074 26567 26585 I native-activity: Frame 213 GL error is 0x0
04-11 03:36:02.074 26567 26585 I native-activity: Frame 213 time is 0.877ms
04-11 03:36:02.074 26567 26585 I native-activity: Doing egl_swapbuffers_sync 1
04-11 03:36:02.074 26567 26585 D native-activity: Reading pixels format 0x1908 type 0x1401 bpp 4
04-11 03:36:02.087 26567 26585 I native-activity: Read pixels, GL error is 0x0
04-11 03:36:02.087 26567 26585 I native-activity: Swap 213 time is 14.673ms
04-11 03:36:02.087 26567 26585 I native-activity: Animating
04-11 03:36:02.088 26567 26585 I native-activity: Frame 214 GL error is 0x0
04-11 03:36:02.088 26567 26585 I native-activity: Frame 214 time is 0.784ms
04-11 03:36:02.088 26567 26585 I native-activity: Doing egl_swapbuffers_sync 1
04-11 03:36:02.088 26567 26585 D native-activity: Reading pixels format 0x1908 type 0x1401 bpp 4
04-11 03:36:02.097 26567 26585 I native-activity: Read pixels, GL error is 0x0
04-11 03:36:02.097 26567 26585 I native-activity: Swap 214 time is 9.693ms
04-11 03:36:02.097 26567 26585 I native-activity: Animating
04-11 03:36:02.098 26567 26585 I native-activity: Frame 215 GL error is 0x0
04-11 03:36:02.098 26567 26585 I native-activity: Frame 215 time is 0.711ms
04-11 03:36:02.098 26567 26585 I native-activity: Doing egl_swapbuffers_sync 1
04-11 03:36:02.098 26567 26585 D native-activity: Reading pixels format 0x1908 type 0x1401 bpp 4
04-11 03:36:02.107 26567 26585 I native-activity: Read pixels, GL error is 0x0
04-11 03:36:02.107 26567 26585 I native-activity: Swap 215 time is 9.352ms
04-11 03:36:02.107 26567 26585 I native-activity: Animating
04-11 03:36:02.107 26567 26585 I native-activity: Frame 216 GL error is 0x0
04-11 03:36:02.107 26567 26585 I native-activity: Frame 216 time is 0.557ms
04-11 03:36:02.107 26567 26585 I native-activity: Doing egl_swapbuffers_sync 1
04-11 03:36:02.107 26567 26585 D native-activity: Reading pixels format 0x1908 type 0x1401 bpp 4
04-11 03:36:02.122 26567 26585 I native-activity: Read pixels, GL error is 0x0
04-11 03:36:02.122 26567 26585 I native-activity: Swap 216 time is 15.013ms
04-11 03:36:02.122 26567 26585 I native-activity: Animating
04-11 03:36:02.123 26567 26585 I native-activity: Frame 217 GL error is 0x0
04-11 03:36:02.123 26567 26585 I native-activity: Frame 217 time is 0.769ms
04-11 03:36:02.123 26567 26585 I native-activity: Doing egl_swapbuffers_sync 1
04-11 03:36:02.123 26567 26585 D native-activity: Reading pixels format 0x1908 type 0x1401 bpp 4
04-11 03:36:02.133 26567 26585 I native-activity: Read pixels, GL error is 0x0
04-11 03:36:02.133 26567 26585 I native-activity: Swap 217 time is 11.047ms
04-11 03:36:02.133 26567 26585 I native-activity: Animating
04-11 03:36:02.134 26567 26585 I native-activity: Frame 218 GL error is 0x0
04-11 03:36:02.134 26567 26585 I native-activity: Frame 218 time is 0.879ms
04-11 03:36:02.134 26567 26585 I native-activity: Doing egl_swapbuffers_sync 1
04-11 03:36:02.134 26567 26585 D native-activity: Reading pixels format 0x1908 type 0x1401 bpp 4
04-11 03:36:02.144 26567 26585 I native-activity: Read pixels, GL error is 0x0
04-11 03:36:02.144 26567 26585 I native-activity: Swap 218 time is 11.177ms
04-11 03:36:02.145 26567 26585 I native-activity: Animating
04-11 03:36:02.145 26567 26585 I native-activity: Frame 219 GL error is 0x0
04-11 03:36:02.146 26567 26585 I native-activity: Frame 219 time is 1.113ms
04-11 03:36:02.146 26567 26585 I native-activity: Doing egl_swapbuffers_sync 1
04-11 03:36:02.146 26567 26585 D native-activity: Reading pixels format 0x1908 type 0x1401 bpp 4
04-11 03:36:02.154 26567 26585 I native-activity: Read pixels, GL error is 0x0
04-11 03:36:02.154 26567 26585 I native-activity: Swap 219 time is 9.763ms
04-11 03:36:02.154 26567 26585 I native-activity: Animating
04-11 03:36:02.155 26567 26585 I native-activity: Frame 220 GL error is 0x0
04-11 03:36:02.155 26567 26585 I native-activity: Frame 220 time is 0.741ms
04-11 03:36:02.155 26567 26585 I native-activity: Doing egl_swapbuffers_sync 1
04-11 03:36:02.155 26567 26585 D native-activity: Reading pixels format 0x1908 type 0x1401 bpp 4
04-11 03:36:02.164 26567 26585 I native-activity: Read pixels, GL error is 0x0
04-11 03:36:02.164 26567 26585 I native-activity: Swap 220 time is 9.758ms
04-11 03:36:02.164 26567 26585 I native-activity: Animating
04-11 03:36:02.166 26567 26585 I native-activity: Frame 221 GL error is 0x0
04-11 03:36:02.166 26567 26585 I native-activity: Frame 221 time is 1.788ms
04-11 03:36:02.166 26567 26585 I native-activity: Doing egl_swapbuffers_sync 1
04-11 03:36:02.166 26567 26585 D native-activity: Reading pixels format 0x1908 type 0x1401 bpp 4
04-11 03:36:02.174 26567 26585 I native-activity: Read pixels, GL error is 0x0
04-11 03:36:02.174 26567 26585 I native-activity: Swap 221 time is 9.878ms
04-11 03:36:02.174 26567 26585 I native-activity: Animating
04-11 03:36:02.176 26567 26585 I native-activity: Frame 222 GL error is 0x0
04-11 03:36:02.176 26567 26585 I native-activity: Frame 222 time is 1.417ms
04-11 03:36:02.176 26567 26585 I native-activity: Doing egl_swapbuffers_sync 1
04-11 03:36:02.176 26567 26585 D native-activity: Reading pixels format 0x1908 type 0x1401 bpp 4
04-11 03:36:02.185 26567 26585 I native-activity: Read pixels, GL error is 0x0
04-11 03:36:02.185 26567 26585 I native-activity: Swap 222 time is 10.281ms
04-11 03:36:02.185 26567 26585 I native-activity: Animating
04-11 03:36:02.186 26567 26585 I native-activity: Frame 223 GL error is 0x0
04-11 03:36:02.186 26567 26585 I native-activity: Frame 223 time is 0.700ms
04-11 03:36:02.186 26567 26585 I native-activity: Doing egl_swapbuffers_sync 1
04-11 03:36:02.186 26567 26585 D native-activity: Reading pixels format 0x1908 type 0x1401 bpp 4
04-11 03:36:02.194 26567 26585 I native-activity: Read pixels, GL error is 0x0
04-11 03:36:02.194 26567 26585 I native-activity: Swap 223 time is 9.586ms
04-11 03:36:02.195 26567 26585 I native-activity: Animating
04-11 03:36:02.195 26567 26585 I native-activity: Frame 224 GL error is 0x0
04-11 03:36:02.195 26567 26585 I native-activity: Frame 224 time is 0.651ms
04-11 03:36:02.195 26567 26585 I native-activity: Doing egl_swapbuffers_sync 1
04-11 03:36:02.195 26567 26585 D native-activity: Reading pixels format 0x1908 type 0x1401 bpp 4
04-11 03:36:02.204 26567 26585 I native-activity: Read pixels, GL error is 0x0
04-11 03:36:02.204 26567 26585 I native-activity: Swap 224 time is 9.452ms
04-11 03:36:02.204 26567 26585 I native-activity: Animating
04-11 03:36:02.270  8277  8277 I iu.Environment: update connectivity state; isNetworkMetered? false, isRoaming? false, isBackgroundDataAllowed? true*
04-11 03:36:02.284  8277 26627 I CheckinTask: Get token from PseudonymousIdApi: 100=QI89i1muOz-6tFALarPEg9o2BY39gu-bMEBRrltZpMFqAb1Nd7HEy-edS9bMZSI5rbefHo8KHK4XYv22kOXxSIUb8mtzdJIcsK7Sw0QZMBUVkUGYGaCPuI-EpboXqYCx
04-11 03:36:02.285  8277 26627 I CheckinRequestBuilder: Checkin reason type: 8 attempt count: 1
04-11 03:36:02.288 26629 26629 I dhcpcd  : version 5.5.6 starting
04-11 03:36:02.290 26629 26629 E dhcpcd  : get_duid: Read-only file system
04-11 03:36:02.305  8277 26627 E ActivityThread: Failed to find provider info for com.google.android.wearable.settings
04-11 03:36:02.331  8277  8937 I iu.UploadsManager: num queued entries: 0
04-11 03:36:02.358  8277  8937 I iu.UploadsManager: num updated entries: 0
04-11 03:36:02.393  8277  8937 I iu.SyncManager: NEXT; no task
04-11 03:36:02.405 26629 26629 I dhcpcd  : wlan0: rebinding lease of 192.168.1.110
04-11 03:36:02.485 26629 26629 I dhcpcd  : wlan0: acknowledged 192.168.1.110 from 192.168.1.1
