04-11 03:35:21.551   976  1080 D PhoneInterfaceManager: [PhoneIntfMgr] getDataEnabled: subId=-1 phoneId=-1
04-11 03:35:21.551   976  1080 E PhoneInterfaceManager: [PhoneIntfMgr] getDataEnabled: no phone subId=-1 retVal=false
04-11 03:35:21.552   448   467 D TelephonyManager: getDataEnabled: retVal=false
04-11 03:35:21.552 26119 26145 I native-activity: Frame 588 GL error is 0x506
04-11 03:35:21.552 26119 26145 I native-activity: Frame 588 time is 39.352ms
04-11 03:35:21.553 26119 26145 I native-activity: Swap 588 time is 40.418ms
04-11 03:35:21.553 26119 26145 I native-activity: Animating
04-11 03:35:21.583 26119 26145 I native-activity: Frame 589 GL error is 0x506
04-11 03:35:21.583 26119 26145 I native-activity: Frame 589 time is 29.839ms
04-11 03:35:21.584 26119 26145 I native-activity: Swap 589 time is 30.656ms
04-11 03:35:21.584 26119 26145 I native-activity: Animating
04-11 03:35:21.585   448   467 E GpsLocationProvider: No APN found to select.
04-11 03:35:21.588   448   467 D libgps  : proxy_agps_ril_update_network_state()
04-11 03:35:21.588   448   467 D gpslogd : agps_ril_update_network_state: Waiting for IPC connection...
04-11 03:35:21.610 26119 26145 I native-activity: Frame 590 GL error is 0x506
04-11 03:35:21.610 26119 26145 I native-activity: Frame 590 time is 26.654ms
04-11 03:35:21.613 26119 26145 I native-activity: Swap 590 time is 29.006ms
04-11 03:35:21.613 26119 26145 I native-activity: Animating
04-11 03:35:21.638 26119 26145 I native-activity: Frame 591 GL error is 0x506
04-11 03:35:21.639 26119 26145 I native-activity: Frame 591 time is 25.422ms
04-11 03:35:21.641 26119 26145 I native-activity: Swap 591 time is 27.824ms
04-11 03:35:21.641 26119 26145 I native-activity: Animating
04-11 03:35:21.676 26119 26145 I native-activity: Frame 592 GL error is 0x506
04-11 03:35:21.676 26119 26145 I native-activity: Frame 592 time is 34.825ms
04-11 03:35:21.680 26119 26145 I native-activity: Swap 592 time is 38.781ms
04-11 03:35:21.680 26119 26145 I native-activity: Animating
04-11 03:35:21.709 26119 26145 I native-activity: Frame 593 GL error is 0x506
04-11 03:35:21.709 26119 26145 I native-activity: Frame 593 time is 28.713ms
04-11 03:35:21.710 26119 26145 I native-activity: Swap 593 time is 29.829ms
04-11 03:35:21.711 26119 26145 I native-activity: Animating
04-11 03:35:21.747 26119 26145 I native-activity: Frame 594 GL error is 0x506
04-11 03:35:21.747 26119 26145 I native-activity: Frame 594 time is 35.871ms
04-11 03:35:21.748 26119 26145 I native-activity: Swap 594 time is 36.997ms
04-11 03:35:21.748 26119 26145 I native-activity: Animating
04-11 03:35:21.833 26119 26145 I native-activity: Frame 595 GL error is 0x506
04-11 03:35:21.833 26119 26145 I native-activity: Frame 595 time is 85.249ms
04-11 03:35:21.840 26119 26145 I native-activity: Swap 595 time is 91.668ms
04-11 03:35:21.841 26119 26145 I native-activity: Animating
04-11 03:35:21.877 26119 26145 I native-activity: Frame 596 GL error is 0x506
04-11 03:35:21.877 26119 26145 I native-activity: Frame 596 time is 35.540ms
04-11 03:35:21.878 26119 26145 I native-activity: Swap 596 time is 36.197ms
04-11 03:35:21.878 26119 26145 I native-activity: Animating
04-11 03:35:21.916 26119 26145 I native-activity: Frame 597 GL error is 0x506
04-11 03:35:21.916 26119 26145 I native-activity: Frame 597 time is 38.616ms
04-11 03:35:21.918 26119 26145 I native-activity: Swap 597 time is 40.587ms
04-11 03:35:21.919 26119 26145 I native-activity: Animating
04-11 03:35:21.955 26119 26145 I native-activity: Frame 598 GL error is 0x506
04-11 03:35:21.955 26119 26145 I native-activity: Frame 598 time is 36.616ms
04-11 03:35:21.956 26119 26145 I native-activity: Swap 598 time is 37.248ms
04-11 03:35:21.956 26119 26145 I native-activity: Animating
04-11 03:35:21.960   448 26291 D NetworkMonitor/NetworkAgentInfo [WIFI () - 2786]: EvaluatingState{ when=-5ms what=532486 arg1=3 target=com.android.internal.util.StateMachine$SmHandler }
04-11 03:35:21.960   448 26291 D NetworkMonitor/NetworkAgentInfo [WIFI () - 2786]: Checking http://connectivitycheck.android.com/generate_204 on "wildfredland"
04-11 03:35:21.981   448 26291 D NetworkMonitor/NetworkAgentInfo [WIFI () - 2786]: Probably not a portal: exception java.net.UnknownHostException: Unable to resolve host "connectivitycheck.android.com": No address associated with hostname
04-11 03:35:21.981   448   613 D ConnectivityService: setProvNotificationVisibleIntent: E visible=false networkType=0 extraInfo=null
04-11 03:35:21.993 26119 26145 I native-activity: Frame 599 GL error is 0x506
04-11 03:35:21.993 26119 26145 I native-activity: Frame 599 time is 37.267ms
04-11 03:35:21.996 26119 26145 I native-activity: Swap 599 time is 39.635ms
04-11 03:35:21.996 26119 26145 I native-activity: Animating
04-11 03:35:22.029 26119 26145 I native-activity: Frame 600 GL error is 0x506
04-11 03:35:22.030 26119 26145 I native-activity: Frame 600 time is 33.603ms
04-11 03:35:22.030 26119 26145 I native-activity: Swap 600 time is 34.368ms
04-11 03:35:22.030 26119 26145 I native-activity: Animating
04-11 03:35:22.091 26119 26145 I native-activity: Frame 601 GL error is 0x506
04-11 03:35:22.091 26119 26145 I native-activity: Frame 601 time is 60.486ms
04-11 03:35:22.098 26119 26145 I native-activity: Swap 601 time is 67.079ms
04-11 03:35:22.098 26119 26145 I native-activity: Animating
04-11 03:35:22.129 26119 26145 I native-activity: Frame 602 GL error is 0x506
04-11 03:35:22.129 26119 26145 I native-activity: Frame 602 time is 31.107ms
04-11 03:35:22.130 26119 26145 I native-activity: Swap 602 time is 31.817ms
04-11 03:35:22.130 26119 26145 I native-activity: Animating
04-11 03:35:22.160 26119 26145 I native-activity: Frame 603 GL error is 0x506
04-11 03:35:22.160 26119 26145 I native-activity: Frame 603 time is 30.346ms
04-11 03:35:22.161 26119 26145 I native-activity: Swap 603 time is 31.221ms
04-11 03:35:22.161 26119 26145 I native-activity: Animating
04-11 03:35:22.191 26119 26145 I native-activity: Frame 604 GL error is 0x506
04-11 03:35:22.192 26119 26145 I native-activity: Frame 604 time is 30.453ms
04-11 03:35:22.192 26119 26145 I native-activity: Swap 604 time is 31.241ms
04-11 03:35:22.193 26119 26145 I native-activity: Animating
04-11 03:35:22.223 26119 26145 I native-activity: Frame 605 GL error is 0x506
04-11 03:35:22.223 26119 26145 I native-activity: Frame 605 time is 30.490ms
04-11 03:35:22.224 26119 26145 I native-activity: Swap 605 time is 31.370ms
04-11 03:35:22.224 26119 26145 I native-activity: Animating
04-11 03:35:22.250 26119 26145 I native-activity: Frame 606 GL error is 0x506
04-11 03:35:22.250 26119 26145 I native-activity: Frame 606 time is 25.732ms
04-11 03:35:22.252 26119 26145 I native-activity: Swap 606 time is 27.800ms
04-11 03:35:22.252 26119 26145 I native-activity: Animating
04-11 03:35:22.277 26119 26145 I native-activity: Frame 607 GL error is 0x506
04-11 03:35:22.278 26119 26145 I native-activity: Frame 607 time is 25.065ms
04-11 03:35:22.282 26119 26145 I native-activity: Swap 607 time is 29.747ms
04-11 03:35:22.283 26119 26145 I native-activity: Animating
04-11 03:35:22.324 26119 26145 I native-activity: Frame 608 GL error is 0x506
04-11 03:35:22.324 26119 26145 I native-activity: Frame 608 time is 41.394ms
04-11 03:35:22.325 26119 26145 I native-activity: Swap 608 time is 42.149ms
04-11 03:35:22.325 26119 26145 I native-activity: Animating
04-11 03:35:22.355 26119 26145 I native-activity: Frame 609 GL error is 0x506
04-11 03:35:22.355 26119 26145 I native-activity: Frame 609 time is 30.025ms
04-11 03:35:22.356 26119 26145 I native-activity: Swap 609 time is 30.767ms
04-11 03:35:22.356 26119 26145 I native-activity: Animating
04-11 03:35:22.389 26119 26145 I native-activity: Frame 610 GL error is 0x506
04-11 03:35:22.389 26119 26145 I native-activity: Frame 610 time is 32.857ms
04-11 03:35:22.390 26119 26145 I native-activity: Swap 610 time is 33.713ms
04-11 03:35:22.390 26119 26145 I native-activity: Animating
04-11 03:35:22.425 26119 26145 I native-activity: Frame 611 GL error is 0x506
04-11 03:35:22.425 26119 26145 I native-activity: Frame 611 time is 35.157ms
04-11 03:35:22.427 26119 26145 I native-activity: Swap 611 time is 36.325ms
04-11 03:35:22.427 26119 26145 I native-activity: Animating
04-11 03:35:22.456 26119 26145 I native-activity: Frame 612 GL error is 0x506
04-11 03:35:22.457 26119 26145 I native-activity: Frame 612 time is 29.735ms
04-11 03:35:22.458 26119 26145 I native-activity: Swap 612 time is 30.694ms
04-11 03:35:22.458 26119 26145 I native-activity: Animating
04-11 03:35:22.540 26119 26145 I native-activity: Frame 613 GL error is 0x506
04-11 03:35:22.540 26119 26145 I native-activity: Frame 613 time is 82.383ms
04-11 03:35:22.541 26119 26145 I native-activity: Swap 613 time is 83.086ms
04-11 03:35:22.541 26119 26145 I native-activity: Animating
04-11 03:35:22.575 26119 26145 I native-activity: Frame 614 GL error is 0x506
04-11 03:35:22.575 26119 26145 I native-activity: Frame 614 time is 34.406ms
04-11 03:35:22.576 26119 26145 I native-activity: Swap 614 time is 35.088ms
04-11 03:35:22.576 26119 26145 I native-activity: Animating
04-11 03:35:22.596 26119 26145 I native-activity: Frame 615 GL error is 0x506
04-11 03:35:22.596 26119 26145 I native-activity: Frame 615 time is 20.103ms
04-11 03:35:22.602 26119 26145 I native-activity: Swap 615 time is 25.321ms
04-11 03:35:22.602 26119 26145 I native-activity: Animating
04-11 03:35:22.625 26119 26145 I native-activity: Frame 616 GL error is 0x506
04-11 03:35:22.625 26119 26145 I native-activity: Frame 616 time is 22.808ms
04-11 03:35:22.635 26119 26145 I native-activity: Swap 616 time is 32.668ms
04-11 03:35:22.635 26119 26145 I native-activity: Animating
04-11 03:35:22.640   124  9026 I WVCdm   : CdmEngine::CloseSession
04-11 03:35:22.648   124  9026 I WVCdm   : L3 Terminate.
04-11 03:35:22.671 26119 26145 I native-activity: Frame 617 GL error is 0x506
04-11 03:35:22.671 26119 26145 I native-activity: Frame 617 time is 34.725ms
04-11 03:35:22.672 26119 26145 I native-activity: Swap 617 time is 35.610ms
04-11 03:35:22.672 26119 26145 I native-activity: Animating
04-11 03:35:22.703 26119 26145 I native-activity: Frame 618 GL error is 0x506
04-11 03:35:22.704 26119 26145 I native-activity: Frame 618 time is 31.396ms
04-11 03:35:22.704 26119 26145 I native-activity: Swap 618 time is 32.037ms
04-11 03:35:22.704 26119 26145 I native-activity: Animating
04-11 03:35:22.718  8277 26356 I CheckinUtil: Classify the device as Tablet.
04-11 03:35:22.762 26119 26145 I native-activity: Frame 619 GL error is 0x506
04-11 03:35:22.762 26119 26145 I native-activity: Frame 619 time is 57.508ms
04-11 03:35:22.763 26119 26145 I native-activity: Swap 619 time is 58.345ms
04-11 03:35:22.763 26119 26145 I native-activity: Animating
04-11 03:35:22.784 26119 26145 I native-activity: Frame 620 GL error is 0x506
04-11 03:35:22.784 26119 26145 I native-activity: Frame 620 time is 21.571ms
04-11 03:35:22.787 26119 26145 I native-activity: Swap 620 time is 24.157ms
04-11 03:35:22.787 26119 26145 I native-activity: Animating
04-11 03:35:22.821 26119 26145 I native-activity: Frame 621 GL error is 0x506
04-11 03:35:22.821 26119 26145 I native-activity: Frame 621 time is 33.583ms
04-11 03:35:22.823 26119 26145 I native-activity: Swap 621 time is 35.440ms
04-11 03:35:22.823 26119 26145 I native-activity: Animating
04-11 03:35:22.850 26119 26145 I native-activity: Frame 622 GL error is 0x506
04-11 03:35:22.850 26119 26145 I native-activity: Frame 622 time is 26.775ms
04-11 03:35:22.855 26119 26145 I native-activity: Swap 622 time is 32.204ms
04-11 03:35:22.856 26119 26145 I native-activity: Animating
04-11 03:35:22.875 26119 26145 I native-activity: Frame 623 GL error is 0x506
04-11 03:35:22.876 26119 26145 I native-activity: Frame 623 time is 19.951ms
04-11 03:35:22.878 26119 26145 I native-activity: Swap 623 time is 22.065ms
04-11 03:35:22.878 26119 26145 I native-activity: Animating
04-11 03:35:22.917 26119 26145 I native-activity: Frame 624 GL error is 0x506
04-11 03:35:22.917 26119 26145 I native-activity: Frame 624 time is 38.729ms
04-11 03:35:22.920 26119 26145 I native-activity: Swap 624 time is 42.257ms
04-11 03:35:22.933 26119 26145 I native-activity: Animating
04-11 03:35:22.955 26119 26145 I native-activity: Frame 625 GL error is 0x506
04-11 03:35:22.955 26119 26145 I native-activity: Frame 625 time is 21.921ms
04-11 03:35:22.956 26119 26145 I native-activity: Swap 625 time is 22.969ms
04-11 03:35:22.956 26119 26145 I native-activity: Animating
04-11 03:35:22.979 26119 26145 I native-activity: Frame 626 GL error is 0x506
04-11 03:35:22.980 26119 26145 I native-activity: Frame 626 time is 23.050ms
04-11 03:35:22.982 26119 26145 I native-activity: Swap 626 time is 25.217ms
04-11 03:35:22.982 26119 26145 I native-activity: Animating
04-11 03:35:23.007 26119 26145 I native-activity: Frame 627 GL error is 0x506
04-11 03:35:23.007 26119 26145 I native-activity: Frame 627 time is 24.750ms
04-11 03:35:23.014 26119 26145 I native-activity: Swap 627 time is 27.499ms
04-11 03:35:23.014 26119 26145 I native-activity: Animating
04-11 03:35:23.033 26119 26145 I native-activity: Frame 628 GL error is 0x506
04-11 03:35:23.033 26119 26145 I native-activity: Frame 628 time is 18.649ms
04-11 03:35:23.035 26119 26145 I native-activity: Swap 628 time is 20.749ms
04-11 03:35:23.036 26119 26145 I native-activity: Animating
04-11 03:35:23.065 26119 26145 I native-activity: Frame 629 GL error is 0x506
04-11 03:35:23.066 26119 26145 I native-activity: Frame 629 time is 29.745ms
04-11 03:35:23.067 26119 26145 I native-activity: Swap 629 time is 30.763ms
04-11 03:35:23.067 26119 26145 I native-activity: Animating
04-11 03:35:23.105 26119 26145 I native-activity: Frame 630 GL error is 0x506
04-11 03:35:23.106 26119 26145 I native-activity: Frame 630 time is 38.745ms
04-11 03:35:23.115 26119 26145 I native-activity: Swap 630 time is 47.779ms
04-11 03:35:23.115 26119 26145 I native-activity: Animating
04-11 03:35:23.133 26119 26145 I native-activity: Frame 631 GL error is 0x506
04-11 03:35:23.133 26119 26145 I native-activity: Frame 631 time is 18.404ms
04-11 03:35:23.139 26119 26145 I native-activity: Swap 631 time is 23.984ms
04-11 03:35:23.139 26119 26145 I native-activity: Animating
04-11 03:35:23.252 26119 26145 I native-activity: Frame 632 GL error is 0x506
04-11 03:35:23.252 26119 26145 I native-activity: Frame 632 time is 112.515ms
04-11 03:35:23.260 26119 26145 I native-activity: Swap 632 time is 121.076ms
04-11 03:35:23.264 26119 26145 I native-activity: Animating
04-11 03:35:23.289 26119 26145 I native-activity: Frame 633 GL error is 0x506
04-11 03:35:23.289 26119 26145 I native-activity: Frame 633 time is 25.033ms
04-11 03:35:23.292 26119 26145 I native-activity: Swap 633 time is 28.189ms
04-11 03:35:23.292 26119 26145 I native-activity: Animating
04-11 03:35:23.316 26119 26145 I native-activity: Frame 634 GL error is 0x506
04-11 03:35:23.316 26119 26145 I native-activity: Frame 634 time is 23.790ms
04-11 03:35:23.319 26119 26145 I native-activity: Swap 634 time is 26.679ms
04-11 03:35:23.320 26119 26145 I native-activity: Animating
04-11 03:35:23.340 26119 26145 I native-activity: Frame 635 GL error is 0x506
04-11 03:35:23.341 26119 26145 I native-activity: Frame 635 time is 20.891ms
04-11 03:35:23.342 26119 26145 I native-activity: Swap 635 time is 22.328ms
04-11 03:35:23.342 26119 26145 I native-activity: Animating
04-11 03:35:23.375 26119 26145 I native-activity: Frame 636 GL error is 0x506
04-11 03:35:23.375 26119 26145 I native-activity: Frame 636 time is 32.319ms
04-11 03:35:23.377 26119 26145 I native-activity: Swap 636 time is 34.359ms
04-11 03:35:23.377 26119 26145 I native-activity: Animating
04-11 03:35:23.382   448   467 D gpslogd : agps_ril_update_network_state: Waiting for IPC connection - timeout
04-11 03:35:23.383   448   467 E gpslogd : LIBGPS: Cannot communicate (write) with a GPSD
04-11 03:35:23.383   448   467 E gpslogd : IPC Communication Error, /tmp/12075037/customers/Asustek/Tabletandroid/../../../proprietary/deliverables/android/gps_interface/../gps_interface/gpsi_client/GpsiClient.cpp:1194 agps_ril_update_network_state
04-11 03:35:23.383   448   467 D libgps  : proxy_agps_ril_update_network_state: called
04-11 03:35:23.383   448   467 D libgps  : proxy_agps_ril_update_network_availability()
04-11 03:35:23.383   448   467 D gpslogd : agps_ril_update_network_availability: Waiting for IPC connection...
04-11 03:35:23.405 26119 26145 I native-activity: Frame 637 GL error is 0x506
04-11 03:35:23.405 26119 26145 I native-activity: Frame 637 time is 27.758ms
04-11 03:35:23.412 26119 26145 I native-activity: Swap 637 time is 34.771ms
04-11 03:35:23.413 26119 26145 I native-activity: Animating
04-11 03:35:23.437 26119 26145 I native-activity: Frame 638 GL error is 0x506
04-11 03:35:23.437 26119 26145 I native-activity: Frame 638 time is 24.136ms
04-11 03:35:23.438 26119 26145 I native-activity: Swap 638 time is 25.324ms
04-11 03:35:23.439 26119 26145 I native-activity: Animating
04-11 03:35:23.472 26119 26145 I native-activity: Frame 639 GL error is 0x506
04-11 03:35:23.472 26119 26145 I native-activity: Frame 639 time is 33.175ms
04-11 03:35:23.478 26119 26145 I native-activity: Swap 639 time is 38.819ms
04-11 03:35:23.478 26119 26145 I native-activity: Animating
04-11 03:35:23.502 26119 26145 I native-activity: Frame 640 GL error is 0x506
04-11 03:35:23.502 26119 26145 I native-activity: Frame 640 time is 24.229ms
04-11 03:35:23.504 26119 26145 I native-activity: Swap 640 time is 25.881ms
04-11 03:35:23.504 26119 26145 I native-activity: Animating
04-11 03:35:23.534 26119 26145 I native-activity: Frame 641 GL error is 0x506
04-11 03:35:23.534 26119 26145 I native-activity: Frame 641 time is 29.543ms
04-11 03:35:23.535 26119 26145 I native-activity: Swap 641 time is 30.962ms
04-11 03:35:23.536 26119 26145 I native-activity: Animating
04-11 03:35:23.549   448   993 I art     : Explicit concurrent mark sweep GC freed 25971(1257KB) AllocSpace objects, 1(16KB) LOS objects, 33% free, 26MB/40MB, paused 11.115ms total 467.040ms
04-11 03:35:23.567  8277 26356 I CheckinTask: set cookie as: NID=100=QI89i1muOz-6tFALarPEg9o2BY39gu-bMEBRrltZpMFqAb1Nd7HEy-edS9bMZSI5rbefHo8KHK4XYv22kOXxSIUb8mtzdJIcsK7Sw0QZMBUVkUGYGaCPuI-EpboXqYCx
04-11 03:35:23.580  8277 26356 E CheckinTask: Checkin failed: https://android.clients.google.com/checkin (request #0): java.net.UnknownHostException: Unable to resolve host "android.clients.google.com": No address associated with hostname
04-11 03:35:23.582 26119 26145 I native-activity: Frame 642 GL error is 0x506
04-11 03:35:23.582 26119 26145 I native-activity: Frame 642 time is 46.737ms
04-11 03:35:23.584 26119 26145 I native-activity: Swap 642 time is 48.810ms
04-11 03:35:23.585 26119 26145 I native-activity: Animating
04-11 03:35:23.610  8277 26356 I CheckinChimeraService: Checking schedule, now: 1491906923610 next: 1491906933580
04-11 03:35:23.638  8277 26356 I CheckinChimeraService: active receiver: disabled
04-11 03:35:23.638 26119 26145 I native-activity: Frame 643 GL error is 0x506
04-11 03:35:23.639 26119 26145 I native-activity: Frame 643 time is 53.799ms
04-11 03:35:23.645 26119 26145 I native-activity: Swap 643 time is 60.202ms
04-11 03:35:23.645 26119 26145 I native-activity: Animating
04-11 03:35:23.687 26119 26145 I native-activity: Frame 644 GL error is 0x506
04-11 03:35:23.687 26119 26145 I native-activity: Frame 644 time is 41.741ms
04-11 03:35:23.689 26119 26145 I native-activity: Swap 644 time is 43.646ms
04-11 03:35:23.689 26119 26145 I native-activity: Animating
04-11 03:35:23.723 26119 26145 I native-activity: Frame 645 GL error is 0x506
04-11 03:35:23.723 26119 26145 I native-activity: Frame 645 time is 34.142ms
04-11 03:35:23.725 26119 26145 I native-activity: Swap 645 time is 35.552ms
04-11 03:35:23.725 26119 26145 I native-activity: Animating
04-11 03:35:23.761 26119 26145 I native-activity: Frame 646 GL error is 0x506
04-11 03:35:23.761 26119 26145 I native-activity: Frame 646 time is 36.286ms
04-11 03:35:23.762 26119 26145 I native-activity: Swap 646 time is 37.137ms
04-11 03:35:23.762 26119 26145 I native-activity: Animating
04-11 03:35:23.791   448   871 I ActivityManager: Killing 25687:com.google.android.partnersetup/u0a23 (adj 15): empty #17
04-11 03:35:23.815 26119 26145 I native-activity: Frame 647 GL error is 0x506
04-11 03:35:23.815 26119 26145 I native-activity: Frame 647 time is 52.380ms
04-11 03:35:23.815 26119 26145 I native-activity: Swap 647 time is 53.133ms
04-11 03:35:23.816 26119 26145 I native-activity: Animating
04-11 03:35:23.836 26119 26145 I native-activity: Frame 648 GL error is 0x506
04-11 03:35:23.837 26119 26145 I native-activity: Frame 648 time is 20.836ms
04-11 03:35:23.838 26119 26145 I native-activity: Swap 648 time is 22.077ms
04-11 03:35:23.838 26119 26145 I native-activity: Animating
04-11 03:35:23.862 26119 26145 I native-activity: Frame 649 GL error is 0x506
04-11 03:35:23.863 26119 26145 I native-activity: Frame 649 time is 24.713ms
04-11 03:35:23.868 26119 26145 I native-activity: Swap 649 time is 30.378ms
04-11 03:35:23.868 26119 26145 I native-activity: Animating
04-11 03:35:23.911 26119 26145 I native-activity: Frame 650 GL error is 0x506
04-11 03:35:23.911 26119 26145 I native-activity: Frame 650 time is 42.551ms
04-11 03:35:23.912 26119 26145 I native-activity: Swap 650 time is 43.204ms
04-11 03:35:23.912 26119 26145 I native-activity: Animating
04-11 03:35:23.934 26119 26145 I native-activity: Frame 651 GL error is 0x506
04-11 03:35:23.934 26119 26145 I native-activity: Frame 651 time is 22.216ms
04-11 03:35:23.936 26119 26145 I native-activity: Swap 651 time is 23.587ms
04-11 03:35:23.936 26119 26145 I native-activity: Animating
04-11 03:35:23.961 26119 26145 I native-activity: Frame 652 GL error is 0x506
04-11 03:35:23.961 26119 26145 I native-activity: Frame 652 time is 25.158ms
04-11 03:35:23.963 26119 26145 I native-activity: Swap 652 time is 26.570ms
04-11 03:35:23.963 26119 26145 I native-activity: Animating
04-11 03:35:24.021 26119 26145 I native-activity: Frame 653 GL error is 0x506
04-11 03:35:24.021 26119 26145 I native-activity: Frame 653 time is 57.858ms
04-11 03:35:24.028 26119 26145 I native-activity: Swap 653 time is 65.330ms
04-11 03:35:24.034 26119 26145 I native-activity: Animating
04-11 03:35:24.120 26119 26145 I native-activity: Frame 654 GL error is 0x506
04-11 03:35:24.120 26119 26145 I native-activity: Frame 654 time is 85.831ms
04-11 03:35:24.122 26119 26145 I native-activity: Swap 654 time is 87.904ms
04-11 03:35:24.123 26119 26145 I native-activity: Animating
04-11 03:35:24.142 26119 26145 I native-activity: Frame 655 GL error is 0x506
04-11 03:35:24.142 26119 26145 I native-activity: Frame 655 time is 19.439ms
04-11 03:35:24.143 26119 26145 I native-activity: Swap 655 time is 20.430ms
04-11 03:35:24.143 26119 26145 I native-activity: Animating
04-11 03:35:24.167 26119 26145 I native-activity: Frame 656 GL error is 0x506
04-11 03:35:24.167 26119 26145 I native-activity: Frame 656 time is 23.886ms
04-11 03:35:24.180 26119 26145 I native-activity: Swap 656 time is 36.188ms
04-11 03:35:24.181 26119 26145 I native-activity: Animating
04-11 03:35:24.203 26119 26145 I native-activity: Frame 657 GL error is 0x506
04-11 03:35:24.203 26119 26145 I native-activity: Frame 657 time is 22.196ms
04-11 03:35:24.204 26119 26145 I native-activity: Swap 657 time is 23.306ms
04-11 03:35:24.204 26119 26145 I native-activity: Animating
04-11 03:35:24.227 26119 26145 I native-activity: Frame 658 GL error is 0x506
04-11 03:35:24.227 26119 26145 I native-activity: Frame 658 time is 22.604ms
04-11 03:35:24.233 26119 26145 I native-activity: Swap 658 time is 28.469ms
04-11 03:35:24.233 26119 26145 I native-activity: Animating
04-11 03:35:24.257 26119 26145 I native-activity: Frame 659 GL error is 0x506
04-11 03:35:24.258 26119 26145 I native-activity: Frame 659 time is 24.478ms
04-11 03:35:24.262 26119 26145 I native-activity: Swap 659 time is 28.422ms
04-11 03:35:24.262 26119 26145 I native-activity: Animating
04-11 03:35:24.290 26119 26145 I native-activity: Frame 660 GL error is 0x506
04-11 03:35:24.290 26119 26145 I native-activity: Frame 660 time is 27.902ms
04-11 03:35:24.292 26119 26145 I native-activity: Swap 660 time is 29.975ms
04-11 03:35:24.292 26119 26145 I native-activity: Animating
04-11 03:35:24.319 26119 26145 I native-activity: Frame 661 GL error is 0x506
04-11 03:35:24.319 26119 26145 I native-activity: Frame 661 time is 27.179ms
04-11 03:35:24.321 26119 26145 I native-activity: Swap 661 time is 28.445ms
04-11 03:35:24.321 26119 26145 I native-activity: Animating
04-11 03:35:24.350 26119 26145 I native-activity: Frame 662 GL error is 0x506
04-11 03:35:24.350 26119 26145 I native-activity: Frame 662 time is 28.747ms
04-11 03:35:24.351 26119 26145 I native-activity: Swap 662 time is 29.652ms
04-11 03:35:24.351 26119 26145 I native-activity: Animating
04-11 03:35:24.376 26119 26145 I native-activity: Frame 663 GL error is 0x506
04-11 03:35:24.376 26119 26145 I native-activity: Frame 663 time is 25.351ms
04-11 03:35:24.379 26119 26145 I native-activity: Swap 663 time is 27.976ms
04-11 03:35:24.379 26119 26145 I native-activity: Animating
04-11 03:35:24.414 26119 26145 I native-activity: Frame 664 GL error is 0x506
04-11 03:35:24.414 26119 26145 I native-activity: Frame 664 time is 35.366ms
04-11 03:35:24.417 26119 26145 I native-activity: Swap 664 time is 37.783ms
04-11 03:35:24.417 26119 26145 I native-activity: Animating
04-11 03:35:24.454 26119 26145 I native-activity: Frame 665 GL error is 0x506
04-11 03:35:24.454 26119 26145 I native-activity: Frame 665 time is 36.695ms
04-11 03:35:24.455 26119 26145 I native-activity: Swap 665 time is 37.527ms
04-11 03:35:24.455 26119 26145 I native-activity: Animating
04-11 03:35:24.484 26119 26145 I native-activity: Frame 666 GL error is 0x506
04-11 03:35:24.484 26119 26145 I native-activity: Frame 666 time is 28.867ms
04-11 03:35:24.497 26119 26145 I native-activity: Swap 666 time is 42.175ms
04-11 03:35:24.501 26119 26145 I native-activity: Animating
04-11 03:35:24.526 26119 26145 I native-activity: Frame 667 GL error is 0x506
04-11 03:35:24.526 26119 26145 I native-activity: Frame 667 time is 24.993ms
04-11 03:35:24.527 26119 26145 I native-activity: Swap 667 time is 26.001ms
04-11 03:35:24.527 26119 26145 I native-activity: Animating
04-11 03:35:24.555 26119 26145 I native-activity: Frame 668 GL error is 0x506
04-11 03:35:24.555 26119 26145 I native-activity: Frame 668 time is 27.647ms
04-11 03:35:24.556 26119 26145 I native-activity: Swap 668 time is 28.893ms
04-11 03:35:24.556 26119 26145 I native-activity: Animating
04-11 03:35:24.576 26119 26145 I native-activity: Frame 669 GL error is 0x506
04-11 03:35:24.576 26119 26145 I native-activity: Frame 669 time is 19.468ms
04-11 03:35:24.577 26119 26145 I native-activity: Swap 669 time is 20.893ms
04-11 03:35:24.578 26119 26145 I native-activity: Animating
04-11 03:35:24.604 26119 26145 I native-activity: Frame 670 GL error is 0x506
04-11 03:35:24.604 26119 26145 I native-activity: Frame 670 time is 26.362ms
04-11 03:35:24.612 26119 26145 I native-activity: Swap 670 time is 33.441ms
04-11 03:35:24.612 26119 26145 I native-activity: Animating
04-11 03:35:24.652 26119 26145 I native-activity: Frame 671 GL error is 0x506
04-11 03:35:24.652 26119 26145 I native-activity: Frame 671 time is 39.443ms
04-11 03:35:24.668 26119 26145 I native-activity: Swap 671 time is 55.303ms
04-11 03:35:24.668 26119 26145 I native-activity: Animating
04-11 03:35:24.693 26119 26145 I native-activity: Frame 672 GL error is 0x506
04-11 03:35:24.693 26119 26145 I native-activity: Frame 672 time is 25.394ms
04-11 03:35:24.694 26119 26145 I native-activity: Swap 672 time is 26.005ms
04-11 03:35:24.694 26119 26145 I native-activity: Animating
04-11 03:35:24.733 26119 26145 I native-activity: Frame 673 GL error is 0x506
04-11 03:35:24.733 26119 26145 I native-activity: Frame 673 time is 39.281ms
04-11 03:35:24.734 26119 26145 I native-activity: Swap 673 time is 40.289ms
04-11 03:35:24.734 26119 26145 I native-activity: Animating
04-11 03:35:24.784 25646 26394 I UpdateIcingCorporaServi: Updating corpora: APPS=com.google.android.gms, CONTACTS=MAYBE
04-11 03:35:24.811 26119 26145 I native-activity: Frame 674 GL error is 0x506
04-11 03:35:24.811 26119 26145 I native-activity: Frame 674 time is 77.056ms
04-11 03:35:24.819 26119 26145 I native-activity: Swap 674 time is 84.922ms
04-11 03:35:24.820 26119 26145 I native-activity: Animating
04-11 03:35:24.836 26119 26145 I native-activity: Frame 675 GL error is 0x506
04-11 03:35:24.836 26119 26145 I native-activity: Frame 675 time is 15.787ms
04-11 03:35:24.837 26119 26145 I native-activity: Swap 675 time is 16.849ms
04-11 03:35:24.837 26119 26145 I native-activity: Animating
04-11 03:35:24.851 26119 26145 I native-activity: Frame 676 GL error is 0x506
04-11 03:35:24.851 26119 26145 I native-activity: Frame 676 time is 14.631ms
04-11 03:35:24.852 26119 26145 I native-activity: Swap 676 time is 15.482ms
04-11 03:35:24.853 26119 26145 I native-activity: Animating
04-11 03:35:24.881 26119 26145 I native-activity: Frame 677 GL error is 0x506
04-11 03:35:24.881 26119 26145 I native-activity: Frame 677 time is 27.993ms
04-11 03:35:24.882 26119 26145 I native-activity: Swap 677 time is 29.280ms
04-11 03:35:24.882 26119 26145 I native-activity: Animating
04-11 03:35:24.909 26119 26145 I native-activity: Frame 678 GL error is 0x506
04-11 03:35:24.909 26119 26145 I native-activity: Frame 678 time is 26.737ms
04-11 03:35:24.921 26119 26145 I native-activity: Swap 678 time is 38.395ms
04-11 03:35:24.921 26119 26145 I native-activity: Animating
04-11 03:35:24.945 26119 26145 I native-activity: Frame 679 GL error is 0x506
04-11 03:35:24.945 26119 26145 I native-activity: Frame 679 time is 24.163ms
04-11 03:35:24.952 26119 26145 I native-activity: Swap 679 time is 30.944ms
04-11 03:35:24.952 26119 26145 I native-activity: Animating
04-11 03:35:24.970 26119 26145 I native-activity: Frame 680 GL error is 0x506
04-11 03:35:24.970 26119 26145 I native-activity: Frame 680 time is 17.726ms
04-11 03:35:24.971 26119 26145 I native-activity: Swap 680 time is 18.724ms
04-11 03:35:24.971 26119 26145 I native-activity: Animating
04-11 03:35:25.010 26119 26145 I native-activity: Frame 681 GL error is 0x506
04-11 03:35:25.011 26119 26145 I native-activity: Frame 681 time is 39.405ms
04-11 03:35:25.012 26119 26145 I native-activity: Swap 681 time is 41.270ms
04-11 03:35:25.013 26119 26145 I native-activity: Animating
04-11 03:35:25.052 26119 26145 I native-activity: Frame 682 GL error is 0x506
04-11 03:35:25.052 26119 26145 I native-activity: Frame 682 time is 39.238ms
04-11 03:35:25.053 26119 26145 I native-activity: Swap 682 time is 40.439ms
04-11 03:35:25.053 26119 26145 I native-activity: Animating
04-11 03:35:25.086 26119 26145 I native-activity: Frame 683 GL error is 0x506
04-11 03:35:25.086 26119 26145 I native-activity: Frame 683 time is 32.863ms
04-11 03:35:25.096 26119 26145 I native-activity: Swap 683 time is 42.661ms
04-11 03:35:25.097 26119 26145 I native-activity: Animating
04-11 03:35:25.128 26119 26145 I native-activity: Frame 684 GL error is 0x506
04-11 03:35:25.128 26119 26145 I native-activity: Frame 684 time is 31.292ms
04-11 03:35:25.133 26119 26145 I native-activity: Swap 684 time is 35.593ms
04-11 03:35:25.133 26119 26145 I native-activity: Animating
04-11 03:35:25.160 26119 26145 I native-activity: Frame 685 GL error is 0x506
04-11 03:35:25.160 26119 26145 I native-activity: Frame 685 time is 27.622ms
04-11 03:35:25.181 26119 26145 I native-activity: Swap 685 time is 47.712ms
04-11 03:35:25.181 26119 26145 I native-activity: Animating
04-11 03:35:25.184   448   467 D gpslogd : agps_ril_update_network_availability: Waiting for IPC connection - timeout
04-11 03:35:25.184   448   467 E gpslogd : LIBGPS: Cannot communicate (write) with a GPSD
04-11 03:35:25.184   448   467 E gpslogd : IPC Communication Error, /tmp/12075037/customers/Asustek/Tabletandroid/../../../proprietary/deliverables/android/gps_interface/../gps_interface/gpsi_client/GpsiClient.cpp:1213 agps_ril_update_network_availability
04-11 03:35:25.198 26119 26145 I native-activity: Frame 686 GL error is 0x506
04-11 03:35:25.198 26119 26145 I native-activity: Frame 686 time is 17.544ms
04-11 03:35:25.200 26119 26145 I native-activity: Swap 686 time is 19.359ms
04-11 03:35:25.200 26119 26145 I native-activity: Animating
04-11 03:35:25.218 26119 26145 I native-activity: Frame 687 GL error is 0x506
04-11 03:35:25.219 26119 26145 I native-activity: Frame 687 time is 18.191ms
04-11 03:35:25.221 26119 26145 I native-activity: Swap 687 time is 20.225ms
04-11 03:35:25.221 26119 26145 I native-activity: Animating
04-11 03:35:25.245 26119 26145 I native-activity: Frame 688 GL error is 0x506
04-11 03:35:25.245 26119 26145 I native-activity: Frame 688 time is 24.056ms
04-11 03:35:25.246 26119 26145 I native-activity: Swap 688 time is 25.253ms
04-11 03:35:25.246 26119 26145 I native-activity: Animating
04-11 03:35:25.278 26119 26145 I native-activity: Frame 689 GL error is 0x506
04-11 03:35:25.278 26119 26145 I native-activity: Frame 689 time is 31.278ms
04-11 03:35:25.284 26119 26145 I native-activity: Swap 689 time is 37.750ms
04-11 03:35:25.285 26119 26145 I native-activity: Animating
04-11 03:35:25.315 26119 26145 I native-activity: Frame 690 GL error is 0x506
04-11 03:35:25.315 26119 26145 I native-activity: Frame 690 time is 30.110ms
04-11 03:35:25.318 26119 26145 I native-activity: Swap 690 time is 33.442ms
04-11 03:35:25.318 26119 26145 I native-activity: Animating
04-11 03:35:25.340 26119 26145 I native-activity: Frame 691 GL error is 0x506
04-11 03:35:25.340 26119 26145 I native-activity: Frame 691 time is 21.738ms
04-11 03:35:25.342 26119 26145 I native-activity: Swap 691 time is 23.748ms
04-11 03:35:25.342 26119 26145 I native-activity: Animating
04-11 03:35:25.365 26119 26145 I native-activity: Frame 692 GL error is 0x506
04-11 03:35:25.365 26119 26145 I native-activity: Frame 692 time is 23.015ms
04-11 03:35:25.367 26119 26145 I native-activity: Swap 692 time is 24.859ms
04-11 03:35:25.367 26119 26145 I native-activity: Animating
04-11 03:35:25.390 26119 26145 I native-activity: Frame 693 GL error is 0x506
04-11 03:35:25.391 26119 26145 I native-activity: Frame 693 time is 23.159ms
04-11 03:35:25.391 26119 26145 I native-activity: Swap 693 time is 23.979ms
04-11 03:35:25.392 26119 26145 I native-activity: Animating
04-11 03:35:25.419 26119 26145 I native-activity: Frame 694 GL error is 0x506
04-11 03:35:25.419 26119 26145 I native-activity: Frame 694 time is 27.499ms
04-11 03:35:25.421 26119 26145 I native-activity: Swap 694 time is 29.497ms
04-11 03:35:25.421 26119 26145 I native-activity: Animating
04-11 03:35:25.454 26119 26145 I native-activity: Frame 695 GL error is 0x506
04-11 03:35:25.454 26119 26145 I native-activity: Frame 695 time is 32.561ms
04-11 03:35:25.459 26119 26145 I native-activity: Swap 695 time is 37.525ms
04-11 03:35:25.459 26119 26145 I native-activity: Animating
04-11 03:35:25.480   448   586 I InputReader: Reconfiguring input devices.  changes=0x00000010
04-11 03:35:25.495 26119 26145 I native-activity: Frame 696 GL error is 0x506
04-11 03:35:25.495 26119 26145 I native-activity: Frame 696 time is 35.381ms
04-11 03:35:25.496 26119 26145 I native-activity: Swap 696 time is 36.411ms
04-11 03:35:25.496 26119 26145 I native-activity: Animating
04-11 03:35:25.517 26119 26145 I native-activity: Frame 697 GL error is 0x506
04-11 03:35:25.517 26119 26145 I native-activity: Frame 697 time is 21.061ms
04-11 03:35:25.522 26119 26145 I native-activity: Swap 697 time is 25.440ms
04-11 03:35:25.522 26119 26145 I native-activity: Animating
04-11 03:35:25.546 26119 26145 I native-activity: Frame 698 GL error is 0x506
04-11 03:35:25.546 26119 26145 I native-activity: Frame 698 time is 23.985ms
04-11 03:35:25.550 26119 26145 I native-activity: Swap 698 time is 28.351ms
04-11 03:35:25.551 26119 26145 I native-activity: Animating
04-11 03:35:25.572 26119 26145 I native-activity: Frame 699 GL error is 0x506
04-11 03:35:25.572 26119 26145 I native-activity: Frame 699 time is 21.336ms
04-11 03:35:25.580 26119 26145 I native-activity: Swap 699 time is 28.924ms
04-11 03:35:25.581 26119 26145 I native-activity: Animating
04-11 03:35:25.604 26119 26145 I native-activity: Frame 700 GL error is 0x506
04-11 03:35:25.604 26119 26145 I native-activity: Frame 700 time is 22.378ms
04-11 03:35:25.606 26119 26145 I native-activity: Swap 700 time is 24.242ms
04-11 03:35:25.606 26119 26145 I native-activity: Animating
04-11 03:35:25.636 26119 26145 I native-activity: Frame 701 GL error is 0x506
04-11 03:35:25.636 26119 26145 I native-activity: Frame 701 time is 29.631ms
04-11 03:35:25.639 26119 26145 I native-activity: Swap 701 time is 32.659ms
04-11 03:35:25.641 26119 26145 I native-activity: Animating
04-11 03:35:25.658 26119 26145 I native-activity: Frame 702 GL error is 0x506
04-11 03:35:25.658 26119 26145 I native-activity: Frame 702 time is 17.045ms
04-11 03:35:25.660 26119 26145 I native-activity: Swap 702 time is 18.363ms
04-11 03:35:25.660 26119 26145 I native-activity: Animating
04-11 03:35:25.697 26119 26145 I native-activity: Frame 703 GL error is 0x506
04-11 03:35:25.698 26119 26145 I native-activity: Frame 703 time is 37.221ms
04-11 03:35:25.699 26119 26145 I native-activity: Swap 703 time is 38.715ms
04-11 03:35:25.699 26119 26145 I native-activity: Animating
04-11 03:35:25.724 26119 26145 I native-activity: Frame 704 GL error is 0x506
04-11 03:35:25.724 26119 26145 I native-activity: Frame 704 time is 24.753ms
04-11 03:35:25.729 26119 26145 I native-activity: Swap 704 time is 29.285ms
04-11 03:35:25.729 26119 26145 I native-activity: Animating
04-11 03:35:25.743 26119 26145 I native-activity: Frame 705 GL error is 0x506
04-11 03:35:25.743 26119 26145 I native-activity: Frame 705 time is 14.000ms
04-11 03:35:25.748 26119 26145 I native-activity: Swap 705 time is 18.879ms
04-11 03:35:25.748 26119 26145 I native-activity: Animating
04-11 03:35:25.762 26119 26145 I native-activity: Frame 706 GL error is 0x506
04-11 03:35:25.762 26119 26145 I native-activity: Frame 706 time is 14.413ms
04-11 03:35:25.777 26119 26145 I native-activity: Swap 706 time is 28.848ms
04-11 03:35:25.777 26119 26145 I native-activity: Animating
04-11 03:35:25.801 26119 26145 I native-activity: Frame 707 GL error is 0x506
04-11 03:35:25.802 26119 26145 I native-activity: Frame 707 time is 24.205ms
04-11 03:35:25.814 26119 26145 I native-activity: Swap 707 time is 36.121ms
04-11 03:35:25.814 26119 26145 I native-activity: Animating
04-11 03:35:25.828 26119 26145 I native-activity: Frame 708 GL error is 0x506
04-11 03:35:25.828 26119 26145 I native-activity: Frame 708 time is 14.093ms
04-11 03:35:25.841 26119 26145 I native-activity: Swap 708 time is 26.499ms
04-11 03:35:25.841 26119 26145 I native-activity: Animating
04-11 03:35:25.864 26119 26145 I native-activity: Frame 709 GL error is 0x506
04-11 03:35:25.864 26119 26145 I native-activity: Frame 709 time is 22.579ms
04-11 03:35:25.872 26119 26145 I native-activity: Swap 709 time is 30.049ms
04-11 03:35:25.874 26119 26145 I native-activity: Animating
04-11 03:35:25.893 26119 26145 I native-activity: Frame 710 GL error is 0x506
04-11 03:35:25.893 26119 26145 I native-activity: Frame 710 time is 18.232ms
04-11 03:35:25.899 26119 26145 I native-activity: Swap 710 time is 24.743ms
04-11 03:35:25.900 26119 26145 I native-activity: Animating
04-11 03:35:25.917 26119 26145 I native-activity: Frame 711 GL error is 0x506
04-11 03:35:25.917 26119 26145 I native-activity: Frame 711 time is 17.166ms
04-11 03:35:25.939 26119 26145 I native-activity: Swap 711 time is 39.148ms
04-11 03:35:25.939 26119 26145 I native-activity: Animating
04-11 03:35:25.967 26119 26145 I native-activity: Frame 712 GL error is 0x506
04-11 03:35:25.968 26119 26145 I native-activity: Frame 712 time is 28.194ms
04-11 03:35:25.970 26119 26145 I native-activity: Swap 712 time is 31.086ms
04-11 03:35:25.971 26119 26145 I native-activity: Animating
04-11 03:35:26.005 26119 26145 I native-activity: Frame 713 GL error is 0x506
04-11 03:35:26.005 26119 26145 I native-activity: Frame 713 time is 33.873ms
04-11 03:35:26.021 26119 26145 I native-activity: Swap 713 time is 50.239ms
04-11 03:35:26.021 26119 26145 I native-activity: Animating
04-11 03:35:26.067 26119 26145 I native-activity: Frame 714 GL error is 0x506
04-11 03:35:26.067 26119 26145 I native-activity: Frame 714 time is 45.858ms
04-11 03:35:26.068 26119 26145 I native-activity: Swap 714 time is 47.081ms
04-11 03:35:26.076 26119 26145 I native-activity: Animating
04-11 03:35:26.101 26119 26145 I native-activity: Frame 715 GL error is 0x506
04-11 03:35:26.101 26119 26145 I native-activity: Frame 715 time is 24.833ms
04-11 03:35:26.109 26119 26145 I native-activity: Swap 715 time is 32.842ms
04-11 03:35:26.109 26119 26145 I native-activity: Animating
04-11 03:35:26.139 26119 26145 I native-activity: Frame 716 GL error is 0x506
04-11 03:35:26.139 26119 26145 I native-activity: Frame 716 time is 29.456ms
04-11 03:35:26.158 26119 26145 I native-activity: Swap 716 time is 48.763ms
04-11 03:35:26.158 26119 26145 I native-activity: Animating
04-11 03:35:26.182 26119 26145 I native-activity: Frame 717 GL error is 0x506
04-11 03:35:26.182 26119 26145 I native-activity: Frame 717 time is 24.040ms
04-11 03:35:26.184 26119 26145 I native-activity: Swap 717 time is 25.523ms
04-11 03:35:26.184 26119 26145 I native-activity: Animating
04-11 03:35:26.214 26119 26145 I native-activity: Frame 718 GL error is 0x506
04-11 03:35:26.214 26119 26145 I native-activity: Frame 718 time is 30.273ms
04-11 03:35:26.221 26119 26145 I native-activity: Swap 718 time is 36.868ms
04-11 03:35:26.221 26119 26145 I native-activity: Animating
04-11 03:35:26.255 26119 26145 I native-activity: Frame 719 GL error is 0x506
04-11 03:35:26.255 26119 26145 I native-activity: Frame 719 time is 33.925ms
04-11 03:35:26.256 26119 26145 I native-activity: Swap 719 time is 35.090ms
04-11 03:35:26.257 26119 26145 I native-activity: Animating
04-11 03:35:26.286 26119 26145 I native-activity: Frame 720 GL error is 0x506
04-11 03:35:26.286 26119 26145 I native-activity: Frame 720 time is 29.467ms
04-11 03:35:26.287 26119 26145 I native-activity: Swap 720 time is 30.717ms
04-11 03:35:26.287 26119 26145 I native-activity: Animating
04-11 03:35:26.320 26119 26145 I native-activity: Frame 721 GL error is 0x506
04-11 03:35:26.320 26119 26145 I native-activity: Frame 721 time is 32.408ms
04-11 03:35:26.322 26119 26145 I native-activity: Swap 721 time is 34.093ms
04-11 03:35:26.322 26119 26145 I native-activity: Animating
04-11 03:35:26.352 26119 26145 I native-activity: Frame 722 GL error is 0x506
04-11 03:35:26.352 26119 26145 I native-activity: Frame 722 time is 30.575ms
04-11 03:35:26.353 26119 26145 I native-activity: Swap 722 time is 31.589ms
04-11 03:35:26.354 26119 26145 I native-activity: Animating
04-11 03:35:26.383 26119 26145 I native-activity: Frame 723 GL error is 0x506
04-11 03:35:26.384 26119 26145 I native-activity: Frame 723 time is 29.961ms
04-11 03:35:26.384 26119 26145 I native-activity: Swap 723 time is 30.851ms
04-11 03:35:26.385 26119 26145 I native-activity: Animating
04-11 03:35:26.410 26119 26145 I native-activity: Frame 724 GL error is 0x506
04-11 03:35:26.411 26119 26145 I native-activity: Frame 724 time is 26.008ms
04-11 03:35:26.412 26119 26145 I native-activity: Swap 724 time is 27.065ms
04-11 03:35:26.412 26119 26145 I native-activity: Animating
04-11 03:35:26.454 26119 26145 I native-activity: Frame 725 GL error is 0x506
04-11 03:35:26.454 26119 26145 I native-activity: Frame 725 time is 42.538ms
04-11 03:35:26.455 26119 26145 I native-activity: Swap 725 time is 43.645ms
04-11 03:35:26.456 26119 26145 I native-activity: Animating
04-11 03:35:26.487 26119 26145 I native-activity: Frame 726 GL error is 0x506
04-11 03:35:26.487 26119 26145 I native-activity: Frame 726 time is 30.890ms
04-11 03:35:26.488 26119 26145 I native-activity: Swap 726 time is 31.989ms
04-11 03:35:26.488 26119 26145 I native-activity: Animating
04-11 03:35:26.520 26119 26145 I native-activity: Frame 727 GL error is 0x506
04-11 03:35:26.520 26119 26145 I native-activity: Frame 727 time is 31.831ms
04-11 03:35:26.523 26119 26145 I native-activity: Swap 727 time is 34.505ms
04-11 03:35:26.523 26119 26145 I native-activity: Animating
04-11 03:35:26.574 26119 26145 I native-activity: Frame 728 GL error is 0x506
04-11 03:35:26.574 26119 26145 I native-activity: Frame 728 time is 51.027ms
04-11 03:35:26.591 26119 26145 I native-activity: Swap 728 time is 68.265ms
04-11 03:35:26.591 26119 26145 I native-activity: Animating
04-11 03:35:26.626 26119 26145 I native-activity: Frame 729 GL error is 0x506
04-11 03:35:26.626 26119 26145 I native-activity: Frame 729 time is 35.092ms
04-11 03:35:26.629 26119 26145 I native-activity: Swap 729 time is 37.610ms
04-11 03:35:26.632 26119 26145 I native-activity: Animating
04-11 03:35:26.663 26119 26145 I native-activity: Frame 730 GL error is 0x506
04-11 03:35:26.663 26119 26145 I native-activity: Frame 730 time is 30.765ms
04-11 03:35:26.664 26119 26145 I native-activity: Swap 730 time is 31.717ms
04-11 03:35:26.665 26119 26145 I native-activity: Animating
04-11 03:35:26.699 26119 26145 I native-activity: Frame 731 GL error is 0x506
04-11 03:35:26.699 26119 26145 I native-activity: Frame 731 time is 34.813ms
04-11 03:35:26.700 26119 26145 I native-activity: Swap 731 time is 35.456ms
04-11 03:35:26.700 26119 26145 I native-activity: Animating
04-11 03:35:26.738 26119 26145 I native-activity: Frame 732 GL error is 0x506
04-11 03:35:26.738 26119 26145 I native-activity: Frame 732 time is 37.655ms
04-11 03:35:26.739 26119 26145 I native-activity: Swap 732 time is 38.651ms
04-11 03:35:26.739 26119 26145 I native-activity: Animating
04-11 03:35:26.783 26119 26145 I native-activity: Frame 733 GL error is 0x506
04-11 03:35:26.784 26119 26145 I native-activity: Frame 733 time is 44.553ms
04-11 03:35:26.792 26119 26145 I native-activity: Swap 733 time is 52.877ms
04-11 03:35:26.792 26119 26145 I native-activity: Animating
04-11 03:35:26.815 26119 26145 I native-activity: Frame 734 GL error is 0x506
04-11 03:35:26.816 26119 26145 I native-activity: Frame 734 time is 23.273ms
04-11 03:35:26.816 26119 26145 I native-activity: Swap 734 time is 24.141ms
04-11 03:35:26.817 26119 26145 I native-activity: Animating
04-11 03:35:26.847 26119 26145 I native-activity: Frame 735 GL error is 0x506
04-11 03:35:26.847 26119 26145 I native-activity: Frame 735 time is 30.547ms
04-11 03:35:26.858 26119 26145 I native-activity: Swap 735 time is 41.394ms
04-11 03:35:26.858 26119 26145 I native-activity: Animating
04-11 03:35:26.890 26119 26145 I native-activity: Frame 736 GL error is 0x506
04-11 03:35:26.890 26119 26145 I native-activity: Frame 736 time is 31.745ms
04-11 03:35:26.896 26119 26145 I native-activity: Swap 736 time is 37.422ms
04-11 03:35:26.896 26119 26145 I native-activity: Animating
04-11 03:35:26.931 26119 26145 I native-activity: Frame 737 GL error is 0x506
04-11 03:35:26.931 26119 26145 I native-activity: Frame 737 time is 34.500ms
04-11 03:35:26.932 26119 26145 I native-activity: Swap 737 time is 35.014ms
04-11 03:35:26.932 26119 26145 I native-activity: Animating
04-11 03:35:26.966 26119 26145 I native-activity: Frame 738 GL error is 0x506
04-11 03:35:26.966 26119 26145 I native-activity: Frame 738 time is 34.731ms
04-11 03:35:26.969 26119 26145 I native-activity: Swap 738 time is 36.931ms
04-11 03:35:26.969 26119 26145 I native-activity: Animating
04-11 03:35:27.001 26119 26145 I native-activity: Frame 739 GL error is 0x506
04-11 03:35:27.001 26119 26145 I native-activity: Frame 739 time is 32.617ms
04-11 03:35:27.008 26119 26145 I native-activity: Swap 739 time is 39.420ms
04-11 03:35:27.009 26119 26145 I native-activity: Animating
04-11 03:35:27.041 26119 26145 I native-activity: Frame 740 GL error is 0x506
04-11 03:35:27.041 26119 26145 I native-activity: Frame 740 time is 31.615ms
04-11 03:35:27.045 26119 26145 I native-activity: Swap 740 time is 35.721ms
04-11 03:35:27.045 26119 26145 I native-activity: Animating
04-11 03:35:27.247 26119 26145 I native-activity: Frame 741 GL error is 0x506
04-11 03:35:27.247 26119 26145 I native-activity: Frame 741 time is 202.355ms
04-11 03:35:27.248 26119 26145 I native-activity: Swap 741 time is 203.343ms
04-11 03:35:27.249 26119 26145 I native-activity: Animating
