04-11 03:37:58.157 27931 27949 I native-activity: Animating
04-11 03:37:58.182 27931 27949 I native-activity: Frame 667 GL error is 0x506
04-11 03:37:58.182 27931 27949 I native-activity: Frame 667 time is 25.428ms
04-11 03:37:58.222 27931 27949 I native-activity: Swap 667 time is 64.482ms
04-11 03:37:58.222 27931 27949 I native-activity: Animating
04-11 03:37:58.254 27931 27949 I native-activity: Frame 668 GL error is 0x506
04-11 03:37:58.254 27931 27949 I native-activity: Frame 668 time is 32.250ms
04-11 03:37:58.289 27931 27949 I native-activity: Swap 668 time is 67.067ms
04-11 03:37:58.289 27931 27949 I native-activity: Animating
04-11 03:37:58.323 27931 27949 I native-activity: Frame 669 GL error is 0x506
04-11 03:37:58.323 27931 27949 I native-activity: Frame 669 time is 33.561ms
04-11 03:37:58.406 27931 27949 I native-activity: Swap 669 time is 115.953ms
04-11 03:37:58.406 27931 27949 I native-activity: Animating
04-11 03:37:58.439  8277 28118 D Wear_Controller: Received broadcast action=android.intent.action.PACKAGE_CHANGED and uri=com.google.android.gms
04-11 03:37:58.459 27931 27949 I native-activity: Frame 670 GL error is 0x506
04-11 03:37:58.460 27931 27949 I native-activity: Frame 670 time is 53.299ms
04-11 03:37:58.467 27931 27949 I native-activity: Swap 670 time is 60.333ms
04-11 03:37:58.467 27931 27949 I native-activity: Animating
04-11 03:37:58.501 27931 27949 I native-activity: Frame 671 GL error is 0x506
04-11 03:37:58.501 27931 27949 I native-activity: Frame 671 time is 34.152ms
04-11 03:37:58.510 27931 27949 I native-activity: Swap 671 time is 42.785ms
04-11 03:37:58.510 27931 27949 I native-activity: Animating
04-11 03:37:58.593 27931 27949 I native-activity: Frame 672 GL error is 0x506
04-11 03:37:58.593 27931 27949 I native-activity: Frame 672 time is 82.849ms
04-11 03:37:58.595 27931 27949 I native-activity: Swap 672 time is 84.694ms
04-11 03:37:58.595 27931 27949 I native-activity: Animating
04-11 03:37:58.668 27931 27949 I native-activity: Frame 673 GL error is 0x506
04-11 03:37:58.668 27931 27949 I native-activity: Frame 673 time is 72.384ms
04-11 03:37:58.669 27931 27949 I native-activity: Swap 673 time is 73.195ms
04-11 03:37:58.669 27931 27949 I native-activity: Animating
04-11 03:37:58.681 27931 27949 I native-activity: Frame 674 GL error is 0x506
04-11 03:37:58.681 27931 27949 I native-activity: Frame 674 time is 11.737ms
04-11 03:37:58.714 27931 27949 I native-activity: Swap 674 time is 45.278ms
04-11 03:37:58.715 27931 27949 I native-activity: Animating
04-11 03:37:58.734 27931 27949 I native-activity: Frame 675 GL error is 0x506
04-11 03:37:58.734 27931 27949 I native-activity: Frame 675 time is 19.435ms
04-11 03:37:58.775 27931 27949 I native-activity: Swap 675 time is 60.587ms
04-11 03:37:58.776 27931 27949 I native-activity: Animating
04-11 03:37:58.789 27931 27949 I native-activity: Frame 676 GL error is 0x506
04-11 03:37:58.789 27931 27949 I native-activity: Frame 676 time is 13.264ms
04-11 03:37:58.848 27931 27949 I native-activity: Swap 676 time is 72.135ms
04-11 03:37:58.848 27931 27949 I native-activity: Animating
04-11 03:37:58.873 27931 27949 I native-activity: Frame 677 GL error is 0x506
04-11 03:37:58.873 27931 27949 I native-activity: Frame 677 time is 24.553ms
04-11 03:37:58.911 27931 27949 I native-activity: Swap 677 time is 62.839ms
04-11 03:37:58.911 27931 27949 I native-activity: Animating
04-11 03:37:58.924 27931 27949 I native-activity: Frame 678 GL error is 0x506
04-11 03:37:58.924 27931 27949 I native-activity: Frame 678 time is 12.991ms
04-11 03:37:58.976 27931 27949 I native-activity: Swap 678 time is 64.461ms
04-11 03:37:58.976 27931 27949 I native-activity: Animating
04-11 03:37:59.001 27931 27949 I native-activity: Frame 679 GL error is 0x506
04-11 03:37:59.001 27931 27949 I native-activity: Frame 679 time is 25.214ms
04-11 03:37:59.040 27931 27949 I native-activity: Swap 679 time is 63.655ms
04-11 03:37:59.040 27931 27949 I native-activity: Animating
04-11 03:37:59.063 27931 27949 I native-activity: Frame 680 GL error is 0x506
04-11 03:37:59.063 27931 27949 I native-activity: Frame 680 time is 23.019ms
04-11 03:37:59.102 27931 27949 I native-activity: Swap 680 time is 61.873ms
04-11 03:37:59.102 27931 27949 I native-activity: Animating
04-11 03:37:59.129 27931 27949 I native-activity: Frame 681 GL error is 0x506
04-11 03:37:59.129 27931 27949 I native-activity: Frame 681 time is 26.570ms
04-11 03:37:59.166 27931 27949 I native-activity: Swap 681 time is 63.052ms
04-11 03:37:59.166 27931 27949 I native-activity: Animating
04-11 03:37:59.192 27931 27949 I native-activity: Frame 682 GL error is 0x506
04-11 03:37:59.192 27931 27949 I native-activity: Frame 682 time is 26.261ms
04-11 03:37:59.230 27931 27949 I native-activity: Swap 682 time is 64.419ms
04-11 03:37:59.231 27931 27949 I native-activity: Animating
04-11 03:37:59.254 27931 27949 I native-activity: Frame 683 GL error is 0x506
04-11 03:37:59.254 27931 27949 I native-activity: Frame 683 time is 23.191ms
04-11 03:37:59.296 27931 27949 I native-activity: Swap 683 time is 64.901ms
04-11 03:37:59.296 27931 27949 I native-activity: Animating
04-11 03:37:59.314 27931 27949 I native-activity: Frame 684 GL error is 0x506
04-11 03:37:59.314 27931 27949 I native-activity: Frame 684 time is 18.140ms
04-11 03:37:59.368 27931 27949 I native-activity: Swap 684 time is 72.596ms
04-11 03:37:59.369 27931 27949 I native-activity: Animating
04-11 03:37:59.398 27931 27949 I native-activity: Frame 685 GL error is 0x506
04-11 03:37:59.398 27931 27949 I native-activity: Frame 685 time is 28.892ms
04-11 03:37:59.430 27931 27949 I native-activity: Swap 685 time is 61.472ms
04-11 03:37:59.431 27931 27949 I native-activity: Animating
04-11 03:37:59.461 27931 27949 I native-activity: Frame 686 GL error is 0x506
04-11 03:37:59.461 27931 27949 I native-activity: Frame 686 time is 30.314ms
04-11 03:37:59.484  8277 28118 W IcingInternalCorpora: getNumBytesRead when not calculated.
04-11 03:37:59.493 27931 27949 I native-activity: Swap 686 time is 61.986ms
04-11 03:37:59.493 27931 27949 I native-activity: Animating
04-11 03:37:59.517 27931 27949 I native-activity: Frame 687 GL error is 0x506
04-11 03:37:59.517 27931 27949 I native-activity: Frame 687 time is 24.439ms
04-11 03:37:59.559 27931 27949 I native-activity: Swap 687 time is 65.855ms
04-11 03:37:59.559 27931 27949 I native-activity: Animating
04-11 03:37:59.592 27931 27949 I native-activity: Frame 688 GL error is 0x506
04-11 03:37:59.592 27931 27949 I native-activity: Frame 688 time is 32.366ms
04-11 03:37:59.621 27931 27949 I native-activity: Swap 688 time is 62.020ms
04-11 03:37:59.622 27931 27949 I native-activity: Animating
04-11 03:37:59.649 27931 27949 I native-activity: Frame 689 GL error is 0x506
04-11 03:37:59.650 27931 27949 I native-activity: Frame 689 time is 27.705ms
04-11 03:37:59.666  8277 18146 I Icing   : Usage reports 0 indexed 0 rejected 0 imm upload true
04-11 03:37:59.688 27931 27949 I native-activity: Swap 689 time is 66.567ms
04-11 03:37:59.689 27931 27949 I native-activity: Animating
04-11 03:37:59.716 27931 27949 I native-activity: Frame 690 GL error is 0x506
04-11 03:37:59.716 27931 27949 I native-activity: Frame 690 time is 26.920ms
04-11 03:37:59.753 27931 27949 I native-activity: Swap 690 time is 63.897ms
04-11 03:37:59.753 27931 27949 I native-activity: Animating
04-11 03:37:59.785  8277 18146 I Icing   : updateResources: need to parse sor{com.google.android.gms}
04-11 03:37:59.792 27931 27949 I native-activity: Frame 691 GL error is 0x506
04-11 03:37:59.793 27931 27949 I native-activity: Frame 691 time is 39.374ms
04-11 03:37:59.816 27931 27949 I native-activity: Swap 691 time is 63.250ms
04-11 03:37:59.817 27931 27949 I native-activity: Animating
04-11 03:37:59.850 27931 27949 I native-activity: Frame 692 GL error is 0x506
04-11 03:37:59.850 27931 27949 I native-activity: Frame 692 time is 32.886ms
04-11 03:37:59.885 27931 27949 I native-activity: Swap 692 time is 68.111ms
04-11 03:37:59.885 27931 27949 I native-activity: Animating
04-11 03:37:59.975 27931 27949 I native-activity: Frame 693 GL error is 0x506
04-11 03:37:59.975 27931 27949 I native-activity: Frame 693 time is 89.906ms
04-11 03:37:59.976 27931 27949 I native-activity: Swap 693 time is 90.845ms
04-11 03:37:59.976 27931 27949 I native-activity: Animating
04-11 03:37:59.994 27931 27949 I native-activity: Frame 694 GL error is 0x506
04-11 03:37:59.994 27931 27949 I native-activity: Frame 694 time is 17.643ms
04-11 03:38:00.028 27931 27949 I native-activity: Swap 694 time is 51.575ms
04-11 03:38:00.028 27931 27949 I native-activity: Animating
04-11 03:38:00.041 27931 27949 I native-activity: Frame 695 GL error is 0x506
04-11 03:38:00.041 27931 27949 I native-activity: Frame 695 time is 12.764ms
04-11 03:38:00.094 27931 27949 I native-activity: Swap 695 time is 65.718ms
04-11 03:38:00.095 27931 27949 I native-activity: Animating
04-11 03:38:00.151 27931 27949 I native-activity: Frame 696 GL error is 0x506
04-11 03:38:00.151 27931 27949 I native-activity: Frame 696 time is 55.970ms
04-11 03:38:00.153 27931 27949 I native-activity: Swap 696 time is 58.550ms
04-11 03:38:00.154 27931 27949 I native-activity: Animating
04-11 03:38:00.171 27931 27949 I native-activity: Frame 697 GL error is 0x506
04-11 03:38:00.171 27931 27949 I native-activity: Frame 697 time is 17.490ms
04-11 03:38:00.224 27931 27949 I native-activity: Swap 697 time is 70.530ms
04-11 03:38:00.225 27931 27949 I native-activity: Animating
04-11 03:38:00.431  8277 18146 I Icing   : Usage reports 0 indexed 0 rejected 0 imm upload false
04-11 03:38:00.558  8277 18146 I Icing   : Usage reports 0 indexed 0 rejected 0 imm upload false
04-11 03:38:00.598 27931 27949 I native-activity: Frame 698 GL error is 0x506
04-11 03:38:00.598 27931 27949 I native-activity: Frame 698 time is 373.608ms
04-11 03:38:00.603 27931 27949 I native-activity: Swap 698 time is 378.165ms
04-11 03:38:00.604 27931 27949 I native-activity: Animating
04-11 03:38:00.914 27931 27949 I native-activity: Frame 699 GL error is 0x506
04-11 03:38:00.914 27931 27949 I native-activity: Frame 699 time is 310.194ms
04-11 03:38:00.917 27931 27949 I native-activity: Swap 699 time is 313.189ms
04-11 03:38:00.918 27931 27949 I native-activity: Animating
04-11 03:38:01.453 27931 27949 I native-activity: Frame 700 GL error is 0x506
04-11 03:38:01.453 27931 27949 I native-activity: Frame 700 time is 535.145ms
04-11 03:38:01.455 27931 27949 I native-activity: Swap 700 time is 536.781ms
04-11 03:38:01.456 27931 27949 I native-activity: Animating
04-11 03:38:01.474 27931 27949 I native-activity: Frame 701 GL error is 0x506
04-11 03:38:01.475 27931 27949 I native-activity: Frame 701 time is 18.444ms
04-11 03:38:01.476 27931 27949 I native-activity: Swap 701 time is 19.894ms
04-11 03:38:01.476 27931 27949 I native-activity: Animating
04-11 03:38:01.589 27931 27949 I native-activity: Frame 702 GL error is 0x506
04-11 03:38:01.589 27931 27949 I native-activity: Frame 702 time is 112.431ms
04-11 03:38:01.592 27931 27949 I native-activity: Swap 702 time is 116.067ms
04-11 03:38:01.593 27931 27949 I native-activity: Animating
04-11 03:38:01.600 27931 27949 I native-activity: Frame 703 GL error is 0x506
04-11 03:38:01.600 27931 27949 I native-activity: Frame 703 time is 7.417ms
04-11 03:38:01.633 27931 27949 I native-activity: Swap 703 time is 39.982ms
04-11 03:38:01.633 27931 27949 I native-activity: Animating
04-11 03:38:01.651 27931 27949 I native-activity: Frame 704 GL error is 0x506
04-11 03:38:01.651 27931 27949 I native-activity: Frame 704 time is 18.007ms
04-11 03:38:01.693 27931 27949 I native-activity: Swap 704 time is 59.432ms
04-11 03:38:01.693 27931 27949 I native-activity: Animating
04-11 03:38:01.723 27931 27949 I native-activity: Frame 705 GL error is 0x506
04-11 03:38:01.723 27931 27949 I native-activity: Frame 705 time is 30.427ms
04-11 03:38:01.761  8277 18146 I Icing   : Indexing 3C149AD5B8816AD31C2E32D2A80EE5BD3F39B46A from com.google.android.gms
04-11 03:38:01.766 27931 27949 I native-activity: Swap 705 time is 73.028ms
04-11 03:38:01.766 27931 27949 I native-activity: Animating
04-11 03:38:01.792 27931 27949 I native-activity: Frame 706 GL error is 0x506
04-11 03:38:01.792 27931 27949 I native-activity: Frame 706 time is 25.658ms
04-11 03:38:01.827 27931 27949 I native-activity: Swap 706 time is 60.984ms
04-11 03:38:01.828 27931 27949 I native-activity: Animating
04-11 03:38:01.861 27931 27949 I native-activity: Frame 707 GL error is 0x506
04-11 03:38:01.861 27931 27949 I native-activity: Frame 707 time is 33.055ms
04-11 03:38:01.892 27931 27949 I native-activity: Swap 707 time is 64.651ms
04-11 03:38:01.893 27931 27949 I native-activity: Animating
04-11 03:38:01.911 27931 27949 I native-activity: Frame 708 GL error is 0x506
04-11 03:38:01.912 27931 27949 I native-activity: Frame 708 time is 19.023ms
04-11 03:38:01.957 27931 27949 I native-activity: Swap 708 time is 64.771ms
04-11 03:38:01.958 27931 27949 I native-activity: Animating
04-11 03:38:01.979 27931 27949 I native-activity: Frame 709 GL error is 0x506
04-11 03:38:01.979 27931 27949 I native-activity: Frame 709 time is 20.931ms
04-11 03:38:02.017 27931 27949 I native-activity: Swap 709 time is 58.745ms
04-11 03:38:02.017 27931 27949 I native-activity: Animating
04-11 03:38:02.033 27931 27949 I native-activity: Frame 710 GL error is 0x506
04-11 03:38:02.033 27931 27949 I native-activity: Frame 710 time is 15.377ms
04-11 03:38:02.088 27931 27949 I native-activity: Swap 710 time is 70.500ms
04-11 03:38:02.088 27931 27949 I native-activity: Animating
04-11 03:38:02.114 27931 27949 I native-activity: Frame 711 GL error is 0x506
04-11 03:38:02.114 27931 27949 I native-activity: Frame 711 time is 25.518ms
04-11 03:38:02.152 27931 27949 I native-activity: Swap 711 time is 63.525ms
04-11 03:38:02.152 27931 27949 I native-activity: Animating
04-11 03:38:02.187 27931 27949 I native-activity: Frame 712 GL error is 0x506
04-11 03:38:02.187 27931 27949 I native-activity: Frame 712 time is 35.417ms
04-11 03:38:02.217 27931 27949 I native-activity: Swap 712 time is 65.335ms
04-11 03:38:02.218 27931 27949 I native-activity: Animating
04-11 03:38:02.304 27931 27949 I native-activity: Frame 713 GL error is 0x506
04-11 03:38:02.304 27931 27949 I native-activity: Frame 713 time is 86.185ms
04-11 03:38:02.305 27931 27949 I native-activity: Swap 713 time is 87.753ms
04-11 03:38:02.306 27931 27949 I native-activity: Animating
04-11 03:38:02.322 27931 27949 I native-activity: Frame 714 GL error is 0x506
04-11 03:38:02.322 27931 27949 I native-activity: Frame 714 time is 16.236ms
04-11 03:38:02.352 27931 27949 I native-activity: Swap 714 time is 45.703ms
04-11 03:38:02.352 27931 27949 I native-activity: Animating
04-11 03:38:02.380 27931 27949 I native-activity: Frame 715 GL error is 0x506
04-11 03:38:02.381 27931 27949 I native-activity: Frame 715 time is 28.572ms
04-11 03:38:02.418 27931 27949 I native-activity: Swap 715 time is 66.129ms
04-11 03:38:02.419 27931 27949 I native-activity: Animating
04-11 03:38:02.450 27931 27949 I native-activity: Frame 716 GL error is 0x506
04-11 03:38:02.450 27931 27949 I native-activity: Frame 716 time is 31.867ms
04-11 03:38:02.482 27931 27949 I native-activity: Swap 716 time is 63.282ms
04-11 03:38:02.483 27931 27949 I native-activity: Animating
04-11 03:38:02.511 27931 27949 I native-activity: Frame 717 GL error is 0x506
04-11 03:38:02.511 27931 27949 I native-activity: Frame 717 time is 28.114ms
04-11 03:38:02.549 27931 27949 I native-activity: Swap 717 time is 66.063ms
04-11 03:38:02.549 27931 27949 I native-activity: Animating
04-11 03:38:02.575 27931 27949 I native-activity: Frame 718 GL error is 0x506
04-11 03:38:02.575 27931 27949 I native-activity: Frame 718 time is 25.622ms
04-11 03:38:02.615 27931 27949 I native-activity: Swap 718 time is 66.161ms
04-11 03:38:02.615 27931 27949 I native-activity: Animating
04-11 03:38:02.644 27931 27949 I native-activity: Frame 719 GL error is 0x506
04-11 03:38:02.644 27931 27949 I native-activity: Frame 719 time is 28.560ms
04-11 03:38:02.683 27931 27949 I native-activity: Swap 719 time is 65.994ms
04-11 03:38:02.683 27931 27949 I native-activity: Animating
04-11 03:38:02.711 27931 27949 I native-activity: Frame 720 GL error is 0x506
04-11 03:38:02.711 27931 27949 I native-activity: Frame 720 time is 27.927ms
04-11 03:38:02.748 27931 27949 I native-activity: Swap 720 time is 64.966ms
04-11 03:38:02.749 27931 27949 I native-activity: Animating
04-11 03:38:02.777 27931 27949 I native-activity: Frame 721 GL error is 0x506
04-11 03:38:02.777 27931 27949 I native-activity: Frame 721 time is 27.862ms
04-11 03:38:02.815 27931 27949 I native-activity: Swap 721 time is 65.408ms
04-11 03:38:02.815 27931 27949 I native-activity: Animating
04-11 03:38:02.848 27931 27949 I native-activity: Frame 722 GL error is 0x506
04-11 03:38:02.848 27931 27949 I native-activity: Frame 722 time is 32.745ms
04-11 03:38:02.882 27931 27949 I native-activity: Swap 722 time is 66.544ms
04-11 03:38:02.882 27931 27949 I native-activity: Animating
04-11 03:38:02.909 27931 27949 I native-activity: Frame 723 GL error is 0x506
04-11 03:38:02.910 27931 27949 I native-activity: Frame 723 time is 27.396ms
04-11 03:38:02.948 27931 27949 I native-activity: Swap 723 time is 65.351ms
04-11 03:38:02.948 27931 27949 I native-activity: Animating
04-11 03:38:02.975 27931 27949 I native-activity: Frame 724 GL error is 0x506
04-11 03:38:02.975 27931 27949 I native-activity: Frame 724 time is 26.905ms
04-11 03:38:03.017 27931 27949 I native-activity: Swap 724 time is 69.326ms
04-11 03:38:03.017 27931 27949 I native-activity: Animating
04-11 03:38:03.059 27931 27949 I native-activity: Frame 725 GL error is 0x506
04-11 03:38:03.060 27931 27949 I native-activity: Frame 725 time is 42.116ms
04-11 03:38:03.082 27931 27949 I native-activity: Swap 725 time is 64.051ms
04-11 03:38:03.082 27931 27949 I native-activity: Animating
04-11 03:38:03.111 27931 27949 I native-activity: Frame 726 GL error is 0x506
04-11 03:38:03.112 27931 27949 I native-activity: Frame 726 time is 29.580ms
04-11 03:38:03.148 27931 27949 I native-activity: Swap 726 time is 65.629ms
04-11 03:38:03.148 27931 27949 I native-activity: Animating
04-11 03:38:03.176 27931 27949 I native-activity: Frame 727 GL error is 0x506
04-11 03:38:03.176 27931 27949 I native-activity: Frame 727 time is 27.452ms
04-11 03:38:03.217 27931 27949 I native-activity: Swap 727 time is 68.890ms
04-11 03:38:03.217 27931 27949 I native-activity: Animating
04-11 03:38:03.246 27931 27949 I native-activity: Frame 728 GL error is 0x506
04-11 03:38:03.246 27931 27949 I native-activity: Frame 728 time is 28.139ms
04-11 03:38:03.282 27931 27949 I native-activity: Swap 728 time is 64.525ms
04-11 03:38:03.283 27931 27949 I native-activity: Animating
04-11 03:38:03.370 27931 27949 I native-activity: Frame 729 GL error is 0x506
04-11 03:38:03.371 27931 27949 I native-activity: Frame 729 time is 88.026ms
04-11 03:38:03.378 27931 27949 I native-activity: Swap 729 time is 95.497ms
04-11 03:38:03.379 27931 27949 I native-activity: Animating
04-11 03:38:03.396 27931 27949 I native-activity: Frame 730 GL error is 0x506
04-11 03:38:03.396 27931 27949 I native-activity: Frame 730 time is 17.175ms
04-11 03:38:03.424 27931 27949 I native-activity: Swap 730 time is 45.611ms
04-11 03:38:03.425 27931 27949 I native-activity: Animating
04-11 03:38:03.457 27931 27949 I native-activity: Frame 731 GL error is 0x506
04-11 03:38:03.457 27931 27949 I native-activity: Frame 731 time is 32.126ms
04-11 03:38:03.489 27931 27949 I native-activity: Swap 731 time is 63.843ms
04-11 03:38:03.489 27931 27949 I native-activity: Animating
04-11 03:38:03.520 27931 27949 I native-activity: Frame 732 GL error is 0x506
04-11 03:38:03.520 27931 27949 I native-activity: Frame 732 time is 30.949ms
04-11 03:38:03.555 27931 27949 I native-activity: Swap 732 time is 65.649ms
04-11 03:38:03.555 27931 27949 I native-activity: Animating
04-11 03:38:03.584 27931 27949 I native-activity: Frame 733 GL error is 0x506
04-11 03:38:03.584 27931 27949 I native-activity: Frame 733 time is 28.896ms
04-11 03:38:03.625 27931 27949 I native-activity: Swap 733 time is 70.077ms
04-11 03:38:03.625 27931 27949 I native-activity: Animating
04-11 03:38:03.652 27931 27949 I native-activity: Frame 734 GL error is 0x506
04-11 03:38:03.653 27931 27949 I native-activity: Frame 734 time is 27.177ms
04-11 03:38:03.688 27931 27949 I native-activity: Swap 734 time is 62.554ms
04-11 03:38:03.689 27931 27949 I native-activity: Animating
04-11 03:38:03.734 27931 27949 I native-activity: Frame 735 GL error is 0x506
04-11 03:38:03.734 27931 27949 I native-activity: Frame 735 time is 44.388ms
04-11 03:38:03.735  8277 18146 I Icing   : Indexing done 3C149AD5B8816AD31C2E32D2A80EE5BD3F39B46A
04-11 03:38:03.757 27931 27949 I native-activity: Swap 735 time is 67.585ms
04-11 03:38:03.757 27931 27949 I native-activity: Animating
04-11 03:38:03.794 27931 27949 I native-activity: Frame 736 GL error is 0x506
04-11 03:38:03.795 27931 27949 I native-activity: Frame 736 time is 37.015ms
04-11 03:38:03.824 27931 27949 I native-activity: Swap 736 time is 66.813ms
04-11 03:38:03.825 27931 27949 I native-activity: Animating
04-11 03:38:03.962 27931 27949 I native-activity: Frame 737 GL error is 0x506
04-11 03:38:03.963 27931 27949 I native-activity: Frame 737 time is 137.798ms
04-11 03:38:03.963 27931 27949 I native-activity: Swap 737 time is 138.649ms
04-11 03:38:03.964 27931 27949 I native-activity: Animating
04-11 03:38:03.990 27931 27949 I native-activity: Frame 738 GL error is 0x506
04-11 03:38:03.991 27931 27949 I native-activity: Frame 738 time is 26.065ms
04-11 03:38:04.007 27931 27949 I native-activity: Swap 738 time is 42.835ms
04-11 03:38:04.007 27931 27949 I native-activity: Animating
04-11 03:38:04.037 27931 27949 I native-activity: Frame 739 GL error is 0x506
04-11 03:38:04.037 27931 27949 I native-activity: Frame 739 time is 29.838ms
04-11 03:38:04.075 27931 27949 I native-activity: Swap 739 time is 68.245ms
04-11 03:38:04.076 27931 27949 I native-activity: Animating
04-11 03:38:04.104 27931 27949 I native-activity: Frame 740 GL error is 0x506
04-11 03:38:04.104 27931 27949 I native-activity: Frame 740 time is 28.566ms
04-11 03:38:04.144 27931 27949 I native-activity: Swap 740 time is 68.109ms
04-11 03:38:04.144 27931 27949 I native-activity: Animating
04-11 03:38:04.181 27931 27949 I native-activity: Frame 741 GL error is 0x506
04-11 03:38:04.181 27931 27949 I native-activity: Frame 741 time is 36.524ms
04-11 03:38:04.215 27931 27949 I native-activity: Swap 741 time is 70.384ms
04-11 03:38:04.215 27931 27949 I native-activity: Animating
04-11 03:38:04.264 27931 27949 I native-activity: Frame 742 GL error is 0x506
04-11 03:38:04.264 27931 27949 I native-activity: Frame 742 time is 48.717ms
04-11 03:38:04.282 27931 27949 I native-activity: Swap 742 time is 66.957ms
04-11 03:38:04.287 27931 27949 I native-activity: Animating
04-11 03:38:04.322 27931 27949 I native-activity: Frame 743 GL error is 0x506
04-11 03:38:04.322 27931 27949 I native-activity: Frame 743 time is 34.441ms
04-11 03:38:04.350 27931 27949 I native-activity: Swap 743 time is 62.584ms
04-11 03:38:04.350 27931 27949 I native-activity: Animating
04-11 03:38:04.379 27931 27949 I native-activity: Frame 744 GL error is 0x506
04-11 03:38:04.379 27931 27949 I native-activity: Frame 744 time is 28.778ms
04-11 03:38:04.416 27931 27949 I native-activity: Swap 744 time is 65.366ms
04-11 03:38:04.417 27931 27949 I native-activity: Animating
04-11 03:38:04.449 27931 27949 I native-activity: Frame 745 GL error is 0x506
04-11 03:38:04.449 27931 27949 I native-activity: Frame 745 time is 32.684ms
04-11 03:38:04.484 27931 27949 I native-activity: Swap 745 time is 67.013ms
04-11 03:38:04.484 27931 27949 I native-activity: Animating
04-11 03:38:04.515 27931 27949 I native-activity: Frame 746 GL error is 0x506
04-11 03:38:04.515 27931 27949 I native-activity: Frame 746 time is 30.870ms
04-11 03:38:04.547 27931 27949 I native-activity: Swap 746 time is 63.300ms
04-11 03:38:04.548 27931 27949 I native-activity: Animating
04-11 03:38:04.577 27931 27949 I native-activity: Frame 747 GL error is 0x506
04-11 03:38:04.577 27931 27949 I native-activity: Frame 747 time is 29.639ms
04-11 03:38:04.613 27931 27949 I native-activity: Swap 747 time is 65.267ms
04-11 03:38:04.613 27931 27949 I native-activity: Animating
04-11 03:38:04.947 25646 28115 I ApplicationLogger: canRun() : Opted Out
04-11 03:38:04.947 25646 28115 I UpdateIcingCorporaServi: UpdateCorporaTask done [took 7401 ms] updated apps [took 7401 ms] 
04-11 03:38:04.980  8277 18146 I Icing   : Usage reports 0 indexed 0 rejected 0 imm upload false
04-11 03:38:05.281 27931 27949 I native-activity: Frame 748 GL error is 0x506
04-11 03:38:05.281 27931 27949 I native-activity: Frame 748 time is 667.745ms
04-11 03:38:05.285 27931 27949 I native-activity: Swap 748 time is 672.053ms
04-11 03:38:05.288 27931 27949 I native-activity: Animating
04-11 03:38:05.804 27931 27949 I native-activity: Frame 749 GL error is 0x506
04-11 03:38:05.804 27931 27949 I native-activity: Frame 749 time is 515.488ms
04-11 03:38:05.805 27931 27949 I native-activity: Swap 749 time is 517.088ms
04-11 03:38:05.806 27931 27949 I native-activity: Animating
04-11 03:38:05.874   448   605 E WifiStateMachine: WifiStateMachine Disconnected CMD_START_SCAN source -2 17726, 17727 -> obsolete
04-11 03:38:06.177 27931 27949 I native-activity: Frame 750 GL error is 0x506
04-11 03:38:06.177 27931 27949 I native-activity: Frame 750 time is 371.389ms
04-11 03:38:06.182 27931 27949 I native-activity: Swap 750 time is 375.694ms
04-11 03:38:06.182 27931 27949 I native-activity: Animating
04-11 03:38:06.753 27931 27949 I native-activity: Frame 751 GL error is 0x506
04-11 03:38:06.753 27931 27949 I native-activity: Frame 751 time is 570.909ms
04-11 03:38:06.761 27931 27949 I native-activity: Swap 751 time is 578.310ms
04-11 03:38:06.763 27931 27949 I native-activity: Animating
04-11 03:38:07.016   448   448 D BackupManagerService: Received broadcast Intent { act=android.intent.action.PACKAGE_CHANGED dat=package:com.google.android.gms flg=0x4000010 (has extras) }
04-11 03:38:07.016   448   448 I BackupManagerService: Unbinding ComponentInfo{com.google.android.gms/com.google.android.gms.backup.BackupTransportService}
04-11 03:38:07.027   448   448 I BackupManagerService: Binding to transport host ComponentInfo{com.google.android.gms/com.google.android.gms.backup.BackupTransportService}
04-11 03:38:07.040   448   448 V BackupManagerService: Running a device init
04-11 03:38:07.047   448   625 W BackupManagerService: Requested unavailable transport: com.google.android.gms.backup.BackupTransportService
04-11 03:38:07.047   448   625 E BackupManagerService: Requested init for com.google.android.gms.backup.BackupTransportService but not found
04-11 03:38:07.061   448   448 V BackupManagerService: Connected to transport ComponentInfo{com.google.android.gms/com.google.android.gms.backup.BackupTransportService}
04-11 03:38:07.069   448   448 V BackupManagerService: Registering transport com.google.android.gms/.backup.BackupTransportService::com.google.android.gms/.backup.BackupTransportService = com.android.internal.backup.IBackupTransport$Stub$Proxy@2c5fffe9
04-11 03:38:07.149 27931 27949 I native-activity: Frame 752 GL error is 0x506
04-11 03:38:07.149 27931 27949 I native-activity: Frame 752 time is 386.588ms
04-11 03:38:07.152 27931 27949 I native-activity: Swap 752 time is 388.857ms
04-11 03:38:07.152 27931 27949 I native-activity: Animating
04-11 03:38:07.174 27931 27949 I native-activity: Frame 753 GL error is 0x506
04-11 03:38:07.174 27931 27949 I native-activity: Frame 753 time is 21.658ms
04-11 03:38:07.202 27931 27949 I native-activity: Swap 753 time is 49.484ms
04-11 03:38:07.202 27931 27949 I native-activity: Animating
04-11 03:38:07.228 27931 27949 I native-activity: Frame 754 GL error is 0x506
04-11 03:38:07.228 27931 27949 I native-activity: Frame 754 time is 26.017ms
04-11 03:38:07.267 27931 27949 I native-activity: Swap 754 time is 65.512ms
04-11 03:38:07.268 27931 27949 I native-activity: Animating
04-11 03:38:07.298 27931 27949 I native-activity: Frame 755 GL error is 0x506
04-11 03:38:07.298 27931 27949 I native-activity: Frame 755 time is 29.420ms
04-11 03:38:07.331 27931 27949 I native-activity: Swap 755 time is 62.681ms
04-11 03:38:07.332 27931 27949 I native-activity: Animating
04-11 03:38:07.877   448   605 E WifiStateMachine: WifiStateMachine shouldSwitchNetwork  txSuccessRate=28849.00 rxSuccessRate=85303.75 delta 1000 -> 1
04-11 03:38:07.888   448   605 E WifiStateMachine: CMD_AUTO_CONNECT sup state ScanState my state DisconnectedState nid=0 roam=3
04-11 03:38:07.888   448   605 E WifiStateMachine: CMD_AUTO_CONNECT will save config -> "wildfredland" nid=0
04-11 03:38:07.931   448   605 E WifiConfigStore: Setting BSSID for "wildfredland"WPA_PSK to any
04-11 03:38:07.933   448   605 E WifiConfigStore: will read network variables netId=0
04-11 03:38:08.235 27931 27949 I native-activity: Frame 756 GL error is 0x506
04-11 03:38:08.235 27931 27949 I native-activity: Frame 756 time is 903.543ms
04-11 03:38:08.237 27931 27949 I native-activity: Swap 756 time is 905.129ms
04-11 03:38:08.237 27931 27949 I native-activity: Animating
04-11 03:38:08.252 27931 27949 I native-activity: Frame 757 GL error is 0x506
04-11 03:38:08.253 27931 27949 I native-activity: Frame 757 time is 15.564ms
04-11 03:38:08.283   448   605 E WifiStateMachine: CMD_AUTO_CONNECT did save config ->  nid=0
04-11 03:38:08.284 27931 27949 I native-activity: Swap 757 time is 46.842ms
04-11 03:38:08.284 27931 27949 I native-activity: Animating
04-11 03:38:08.286   448   605 E WifiConfigStore: will read network variables netId=0
04-11 03:38:08.549   663   663 I wpa_supplicant: wlan0: Trying to associate with b0:48:7a:cb:7c:ec (SSID='wildfredland' freq=2427 MHz)
04-11 03:38:08.820 27931 27949 I native-activity: Frame 758 GL error is 0x506
04-11 03:38:08.820 27931 27949 I native-activity: Frame 758 time is 536.186ms
04-11 03:38:08.825 27931 27949 I native-activity: Swap 758 time is 538.475ms
04-11 03:38:08.825 27931 27949 I native-activity: Animating
04-11 03:38:08.874   663   663 I wpa_supplicant: wlan0: Associated with b0:48:7a:cb:7c:ec
04-11 03:38:08.895   663   663 I wpa_supplicant: wlan0: WPA: Key negotiation completed with b0:48:7a:cb:7c:ec [PTK=CCMP GTK=CCMP]
04-11 03:38:08.895   663   663 I wpa_supplicant: wlan0: CTRL-EVENT-CONNECTED - Connection to b0:48:7a:cb:7c:ec completed [id=0 id_str=]
04-11 03:38:08.946   448   605 D ConnectivityService: registerNetworkAgent NetworkAgentInfo{ ni{[type: WIFI[], state: CONNECTING/CONNECTING, reason: (unspecified), extra: "wildfredland", roaming: false, failover: false, isAvailable: true, isConnectedToProvisioningNetwork: false]}  network{null}  lp{{InterfaceName: wlan0 LinkAddresses: []  Routes: [] DnsAddresses: [] Domains: null MTU: 0 TcpBufferSizes: 524288,1048576,2097152,262144,524288,1048576}}  nc{[ Transports: WIFI Capabilities: INTERNET&NOT_RESTRICTED&TRUSTED&NOT_VPN LinkUpBandwidth>=1048576Kbps LinkDnBandwidth>=1048576Kbps]}  Score{20}  everValidated{false}  lastValidated{false}  created{false}  explicitlySelected{false} }
04-11 03:38:08.946   448   605 E WifiConfigStore: saveWifiConfigBSSID Setting BSSID for "wildfredland"WPA_PSK to any
04-11 03:38:08.958   448   605 E WifiConfigStore: saveWifiConfigBSSID Setting BSSID for "wildfredland"WPA_PSK to any
04-11 03:38:09.200 27931 27949 I native-activity: Frame 759 GL error is 0x506
04-11 03:38:09.200 27931 27949 I native-activity: Frame 759 time is 374.216ms
04-11 03:38:09.205 27931 27949 I native-activity: Swap 759 time is 379.110ms
04-11 03:38:09.206 27931 27949 I native-activity: Animating
04-11 03:38:09.782 27931 27949 I native-activity: Frame 760 GL error is 0x506
04-11 03:38:09.782 27931 27949 I native-activity: Frame 760 time is 575.775ms
04-11 03:38:09.784 27931 27949 I native-activity: Swap 760 time is 577.834ms
04-11 03:38:09.785 27931 27949 I native-activity: Animating
04-11 03:38:10.912 27931 27949 I native-activity: Frame 761 GL error is 0x506
04-11 03:38:10.912 27931 27949 I native-activity: Frame 761 time is 1127.076ms
04-11 03:38:10.914 27931 27949 I native-activity: Swap 761 time is 1128.872ms
04-11 03:38:10.915 27931 27949 I native-activity: Animating
04-11 03:38:12.396 27931 27949 I native-activity: Frame 762 GL error is 0x506
04-11 03:38:12.396 27931 27949 I native-activity: Frame 762 time is 1480.686ms
04-11 03:38:12.402 27931 27949 I native-activity: Swap 762 time is 1486.054ms
04-11 03:38:12.406 27931 27949 I native-activity: Animating
04-11 03:38:13.333 27931 27949 I native-activity: Frame 763 GL error is 0x506
04-11 03:38:13.333 27931 27949 I native-activity: Frame 763 time is 926.853ms
04-11 03:38:13.339 27931 27949 I native-activity: Swap 763 time is 932.526ms
04-11 03:38:13.339 27931 27949 I native-activity: Animating
04-11 03:38:14.079  8230  8230 I GCoreNlp: shouldConfirmNlp, NLP off. Ensuring opt-in disabled
04-11 03:38:14.224 27931 27949 I native-activity: Frame 764 GL error is 0x506
04-11 03:38:14.224 27931 27949 I native-activity: Frame 764 time is 884.924ms
04-11 03:38:14.227 27931 27949 I native-activity: Swap 764 time is 887.253ms
04-11 03:38:14.229 27931 27949 I native-activity: Animating
04-11 03:38:14.373   994  1029 W ResourcesManager: Asset path '/system/framework/com.google.android.media.effects.jar' does not exist or contains no resources.
04-11 03:38:14.416 27931 27949 I native-activity: Frame 765 GL error is 0x506
04-11 03:38:14.416 27931 27949 I native-activity: Frame 765 time is 186.390ms
04-11 03:38:14.418 27931 27949 I native-activity: Swap 765 time is 188.300ms
04-11 03:38:14.418 27931 27949 I native-activity: Animating
04-11 03:38:14.444 27931 27949 I native-activity: Frame 766 GL error is 0x506
04-11 03:38:14.444 27931 27949 I native-activity: Frame 766 time is 26.127ms
04-11 03:38:14.461 27931 27949 I native-activity: Swap 766 time is 42.534ms
04-11 03:38:14.461 27931 27949 I native-activity: Animating
04-11 03:38:14.513 27931 27949 I native-activity: Frame 767 GL error is 0x506
04-11 03:38:14.513 27931 27949 I native-activity: Frame 767 time is 52.392ms
04-11 03:38:14.529 27931 27949 I native-activity: Swap 767 time is 68.188ms
04-11 03:38:14.530 27931 27949 I native-activity: Animating
04-11 03:38:14.610 27931 27949 I native-activity: Frame 768 GL error is 0x506
04-11 03:38:14.610 27931 27949 I native-activity: Frame 768 time is 80.152ms
04-11 03:38:14.612 27931 27949 I native-activity: Swap 768 time is 81.931ms
04-11 03:38:14.612 27931 27949 I native-activity: Animating
04-11 03:38:14.634 27931 27949 I native-activity: Frame 769 GL error is 0x506
04-11 03:38:14.634 27931 27949 I native-activity: Frame 769 time is 22.064ms
04-11 03:38:14.662 27931 27949 I native-activity: Swap 769 time is 49.965ms
04-11 03:38:14.663 27931 27949 I native-activity: Animating
04-11 03:38:14.694 27931 27949 I native-activity: Frame 770 GL error is 0x506
04-11 03:38:14.694 27931 27949 I native-activity: Frame 770 time is 31.397ms
04-11 03:38:14.734 27931 27949 I native-activity: Swap 770 time is 70.967ms
04-11 03:38:14.734 27931 27949 I native-activity: Animating
04-11 03:38:14.775 27931 27949 I native-activity: Frame 771 GL error is 0x506
04-11 03:38:14.775 27931 27949 I native-activity: Frame 771 time is 41.134ms
04-11 03:38:14.798 27931 27949 I native-activity: Swap 771 time is 64.402ms
04-11 03:38:14.799 27931 27949 I native-activity: Animating
04-11 03:38:14.828 27931 27949 I native-activity: Frame 772 GL error is 0x506
04-11 03:38:14.828 27931 27949 I native-activity: Frame 772 time is 29.246ms
04-11 03:38:14.868 27931 27949 I native-activity: Swap 772 time is 67.397ms
04-11 03:38:14.868 27931 27949 I native-activity: Animating
04-11 03:38:14.900 27931 27949 I native-activity: Frame 773 GL error is 0x506
04-11 03:38:14.900 27931 27949 I native-activity: Frame 773 time is 32.278ms
04-11 03:38:14.929 27931 27949 I native-activity: Swap 773 time is 60.973ms
04-11 03:38:14.929 27931 27949 I native-activity: Animating
04-11 03:38:14.969 27931 27949 I native-activity: Frame 774 GL error is 0x506
04-11 03:38:14.969 27931 27949 I native-activity: Frame 774 time is 39.757ms
04-11 03:38:14.994 27931 27949 I native-activity: Swap 774 time is 64.853ms
04-11 03:38:14.995 27931 27949 I native-activity: Animating
04-11 03:38:15.031 27931 27949 I native-activity: Frame 775 GL error is 0x506
04-11 03:38:15.031 27931 27949 I native-activity: Frame 775 time is 36.323ms
04-11 03:38:15.060 27931 27949 I native-activity: Swap 775 time is 65.505ms
04-11 03:38:15.060 27931 27949 I native-activity: Animating
04-11 03:38:15.087 27931 27949 I native-activity: Frame 776 GL error is 0x506
04-11 03:38:15.087 27931 27949 I native-activity: Frame 776 time is 26.779ms
04-11 03:38:15.125 27931 27949 I native-activity: Swap 776 time is 64.411ms
04-11 03:38:15.125 27931 27949 I native-activity: Animating
04-11 03:38:15.152 27931 27949 I native-activity: Frame 777 GL error is 0x506
04-11 03:38:15.152 27931 27949 I native-activity: Frame 777 time is 27.422ms
04-11 03:38:15.189 27931 27949 I native-activity: Swap 777 time is 64.249ms
04-11 03:38:15.190 27931 27949 I native-activity: Animating
04-11 03:38:15.219 27931 27949 I native-activity: Frame 778 GL error is 0x506
04-11 03:38:15.219 27931 27949 I native-activity: Frame 778 time is 29.246ms
04-11 03:38:15.252 27931 27949 I native-activity: Swap 778 time is 62.765ms
04-11 03:38:15.253 27931 27949 I native-activity: Animating
04-11 03:38:15.283 27931 27949 I native-activity: Frame 779 GL error is 0x506
04-11 03:38:15.284 27931 27949 I native-activity: Frame 779 time is 30.730ms
04-11 03:38:15.315 27931 27949 I native-activity: Swap 779 time is 62.211ms
04-11 03:38:15.315 27931 27949 I native-activity: Animating
04-11 03:38:15.427 27931 27949 I native-activity: Frame 780 GL error is 0x506
04-11 03:38:15.427 27931 27949 I native-activity: Frame 780 time is 111.372ms
04-11 03:38:15.428 27931 27949 I native-activity: Swap 780 time is 112.687ms
04-11 03:38:15.428 27931 27949 I native-activity: Animating
04-11 03:38:15.460 27931 27949 I native-activity: Frame 781 GL error is 0x506
04-11 03:38:15.460 27931 27949 I native-activity: Frame 781 time is 31.826ms
04-11 03:38:15.480 27931 27949 I native-activity: Swap 781 time is 51.438ms
04-11 03:38:15.480 27931 27949 I native-activity: Animating
04-11 03:38:15.525 27931 27949 I native-activity: Frame 782 GL error is 0x506
04-11 03:38:15.525 27931 27949 I native-activity: Frame 782 time is 44.600ms
04-11 03:38:15.547 27931 27949 I native-activity: Swap 782 time is 66.270ms
04-11 03:38:15.547 27931 27949 I native-activity: Animating
04-11 03:38:15.604   994  1029 W ResourcesManager: Asset path '/system/framework/com.google.android.maps.jar' does not exist or contains no resources.
04-11 03:38:15.687 27931 27949 I native-activity: Frame 783 GL error is 0x506
04-11 03:38:15.687 27931 27949 I native-activity: Frame 783 time is 140.132ms
04-11 03:38:15.696 27931 27949 I native-activity: Swap 783 time is 148.620ms
04-11 03:38:15.696 27931 27949 I native-activity: Animating
04-11 03:38:15.732 27931 27949 I native-activity: Frame 784 GL error is 0x506
04-11 03:38:15.733 27931 27949 I native-activity: Frame 784 time is 36.543ms
04-11 03:38:15.742 27931 27949 I native-activity: Swap 784 time is 45.416ms
04-11 03:38:15.742 27931 27949 I native-activity: Animating
04-11 03:38:15.773 27931 27949 I native-activity: Frame 785 GL error is 0x506
04-11 03:38:15.773 27931 27949 I native-activity: Frame 785 time is 30.746ms
04-11 03:38:15.808 27931 27949 I native-activity: Swap 785 time is 66.517ms
04-11 03:38:15.809 27931 27949 I native-activity: Animating
04-11 03:38:15.847 27931 27949 I native-activity: Frame 786 GL error is 0x506
04-11 03:38:15.848 27931 27949 I native-activity: Frame 786 time is 38.913ms
04-11 03:38:15.878 27931 27949 I native-activity: Swap 786 time is 69.521ms
04-11 03:38:15.878 27931 27949 I native-activity: Animating
04-11 03:38:15.906 27931 27949 I native-activity: Frame 787 GL error is 0x506
04-11 03:38:15.906 27931 27949 I native-activity: Frame 787 time is 27.407ms
04-11 03:38:15.942 27931 27949 I native-activity: Swap 787 time is 63.509ms
04-11 03:38:15.942 27931 27949 I native-activity: Animating
04-11 03:38:16.004 27931 27949 I native-activity: Frame 788 GL error is 0x506
04-11 03:38:16.004 27931 27949 I native-activity: Frame 788 time is 61.904ms
04-11 03:38:16.014 27931 27949 I native-activity: Swap 788 time is 71.340ms
04-11 03:38:16.014 27931 27949 I native-activity: Animating
04-11 03:38:16.039 27931 27949 I native-activity: Frame 789 GL error is 0x506
04-11 03:38:16.039 27931 27949 I native-activity: Frame 789 time is 24.834ms
04-11 03:38:16.070 27931 27949 I native-activity: Swap 789 time is 55.551ms
04-11 03:38:16.070 27931 27949 I native-activity: Animating
04-11 03:38:16.103 27931 27949 I native-activity: Frame 790 GL error is 0x506
04-11 03:38:16.103 27931 27949 I native-activity: Frame 790 time is 32.490ms
04-11 03:38:16.133 27931 27949 I native-activity: Swap 790 time is 62.665ms
04-11 03:38:16.133 27931 27949 I native-activity: Animating
04-11 03:38:16.163 27931 27949 I native-activity: Frame 791 GL error is 0x506
04-11 03:38:16.163 27931 27949 I native-activity: Frame 791 time is 29.374ms
04-11 03:38:16.200 27931 27949 I native-activity: Swap 791 time is 66.450ms
04-11 03:38:16.200 27931 27949 I native-activity: Animating
04-11 03:38:16.227 27931 27949 I native-activity: Frame 792 GL error is 0x506
04-11 03:38:16.228 27931 27949 I native-activity: Frame 792 time is 27.223ms
04-11 03:38:16.262 27931 27949 I native-activity: Swap 792 time is 61.424ms
04-11 03:38:16.262 27931 27949 I native-activity: Animating
04-11 03:38:16.293 27931 27949 I native-activity: Frame 793 GL error is 0x506
04-11 03:38:16.293 27931 27949 I native-activity: Frame 793 time is 31.189ms
04-11 03:38:16.326 27931 27949 I native-activity: Swap 793 time is 63.317ms
04-11 03:38:16.326 27931 27949 I native-activity: Animating
04-11 03:38:16.436 27931 27949 I native-activity: Frame 794 GL error is 0x506
04-11 03:38:16.436 27931 27949 I native-activity: Frame 794 time is 110.043ms
04-11 03:38:16.437 27931 27949 I native-activity: Swap 794 time is 111.060ms
04-11 03:38:16.437 27931 27949 I native-activity: Animating
04-11 03:38:16.683 27931 27949 I native-activity: Frame 795 GL error is 0x506
04-11 03:38:16.683 27931 27949 I native-activity: Frame 795 time is 246.104ms
04-11 03:38:16.685 27931 27949 I native-activity: Swap 795 time is 247.210ms
04-11 03:38:16.685 27931 27949 I native-activity: Animating
04-11 03:38:16.737 27931 27949 I native-activity: Frame 796 GL error is 0x506
04-11 03:38:16.737 27931 27949 I native-activity: Frame 796 time is 52.088ms
04-11 03:38:16.739 27931 27949 I native-activity: Swap 796 time is 54.154ms
04-11 03:38:16.739 27931 27949 I native-activity: Animating
04-11 03:38:16.761 27931 27949 I native-activity: Frame 797 GL error is 0x506
04-11 03:38:16.762 27931 27949 I native-activity: Frame 797 time is 22.043ms
04-11 03:38:16.789 27931 27949 I native-activity: Swap 797 time is 49.225ms
04-11 03:38:16.789 27931 27949 I native-activity: Animating
04-11 03:38:16.821 27931 27949 I native-activity: Frame 798 GL error is 0x506
04-11 03:38:16.821 27931 27949 I native-activity: Frame 798 time is 31.840ms
04-11 03:38:16.855 27931 27949 I native-activity: Swap 798 time is 65.569ms
04-11 03:38:16.855 27931 27949 I native-activity: Animating
04-11 03:38:16.884 27931 27949 I native-activity: Frame 799 GL error is 0x506
04-11 03:38:16.885 27931 27949 I native-activity: Frame 799 time is 29.661ms
04-11 03:38:16.921 27931 27949 I native-activity: Swap 799 time is 66.265ms
04-11 03:38:16.921 27931 27949 I native-activity: Animating
04-11 03:38:16.953 27931 27949 I native-activity: Frame 800 GL error is 0x506
04-11 03:38:16.953 27931 27949 I native-activity: Frame 800 time is 31.682ms
04-11 03:38:16.988 27931 27949 I native-activity: Swap 800 time is 66.287ms
04-11 03:38:16.988 27931 27949 I native-activity: Animating
04-11 03:38:17.331   994  1029 W ResourcesManager: Asset path '/system/framework/com.google.android.maps.jar' does not exist or contains no resources.
04-11 03:38:17.352 27931 27949 I native-activity: Frame 801 GL error is 0x506
04-11 03:38:17.353 27931 27949 I native-activity: Frame 801 time is 364.241ms
04-11 03:38:17.357 27931 27949 I native-activity: Swap 801 time is 368.771ms
04-11 03:38:17.358 27931 27949 I native-activity: Animating
04-11 03:38:17.431 27931 27949 I native-activity: Frame 802 GL error is 0x506
04-11 03:38:17.432 27931 27949 I native-activity: Frame 802 time is 73.553ms
04-11 03:38:17.433 27931 27949 I native-activity: Swap 802 time is 74.695ms
04-11 03:38:17.433 27931 27949 I native-activity: Animating
04-11 03:38:17.464 27931 27949 I native-activity: Frame 803 GL error is 0x506
04-11 03:38:17.464 27931 27949 I native-activity: Frame 803 time is 31.312ms
04-11 03:38:17.469 27931 27949 I native-activity: Swap 803 time is 35.930ms
04-11 03:38:17.469 27931 27949 I native-activity: Animating
04-11 03:38:17.490 27931 27949 I native-activity: Frame 804 GL error is 0x506
04-11 03:38:17.490 27931 27949 I native-activity: Frame 804 time is 20.439ms
04-11 03:38:17.524 27931 27949 I native-activity: Swap 804 time is 55.222ms
04-11 03:38:17.525 27931 27949 I native-activity: Animating
04-11 03:38:17.553 27931 27949 I native-activity: Frame 805 GL error is 0x506
04-11 03:38:17.553 27931 27949 I native-activity: Frame 805 time is 28.098ms
04-11 03:38:17.595 27931 27949 I native-activity: Swap 805 time is 70.254ms
04-11 03:38:17.596 27931 27949 I native-activity: Animating
04-11 03:38:17.624 27931 27949 I native-activity: Frame 806 GL error is 0x506
04-11 03:38:17.624 27931 27949 I native-activity: Frame 806 time is 28.146ms
04-11 03:38:17.663 27931 27949 I native-activity: Swap 806 time is 67.025ms
04-11 03:38:17.663 27931 27949 I native-activity: Animating
04-11 03:38:17.691 27931 27949 I native-activity: Frame 807 GL error is 0x506
04-11 03:38:17.691 27931 27949 I native-activity: Frame 807 time is 27.661ms
04-11 03:38:17.727 27931 27949 I native-activity: Swap 807 time is 63.596ms
04-11 03:38:17.727 27931 27949 I native-activity: Animating
04-11 03:38:17.766 27931 27949 I native-activity: Frame 808 GL error is 0x506
04-11 03:38:17.767 27931 27949 I native-activity: Frame 808 time is 39.630ms
04-11 03:38:17.792 27931 27949 I native-activity: Swap 808 time is 64.762ms
04-11 03:38:17.792 27931 27949 I native-activity: Animating
04-11 03:38:17.815 27931 27949 I native-activity: Frame 809 GL error is 0x506
04-11 03:38:17.815 27931 27949 I native-activity: Frame 809 time is 23.272ms
04-11 03:38:17.857 27931 27949 I native-activity: Swap 809 time is 64.316ms
04-11 03:38:17.857 27931 27949 I native-activity: Animating
04-11 03:38:17.891 27931 27949 I native-activity: Frame 810 GL error is 0x506
04-11 03:38:17.891 27931 27949 I native-activity: Frame 810 time is 33.719ms
04-11 03:38:17.921 27931 27949 I native-activity: Swap 810 time is 63.758ms
04-11 03:38:17.921 27931 27949 I native-activity: Animating
04-11 03:38:17.946 27931 27949 I native-activity: Frame 811 GL error is 0x506
04-11 03:38:17.946 27931 27949 I native-activity: Frame 811 time is 25.114ms
04-11 03:38:17.984 27931 27949 I native-activity: Swap 811 time is 62.890ms
04-11 03:38:17.984 27931 27949 I native-activity: Animating
04-11 03:38:18.016 27931 27949 I native-activity: Frame 812 GL error is 0x506
04-11 03:38:18.017 27931 27949 I native-activity: Frame 812 time is 32.312ms
04-11 03:38:18.050 27931 27949 I native-activity: Swap 812 time is 65.380ms
04-11 03:38:18.050 27931 27949 I native-activity: Animating
04-11 03:38:18.079 27931 27949 I native-activity: Frame 813 GL error is 0x506
04-11 03:38:18.079 27931 27949 I native-activity: Frame 813 time is 28.845ms
04-11 03:38:18.114 27931 27949 I native-activity: Swap 813 time is 64.048ms
04-11 03:38:18.114 27931 27949 I native-activity: Animating
04-11 03:38:18.355 27931 27949 I native-activity: Frame 814 GL error is 0x506
04-11 03:38:18.355 27931 27949 I native-activity: Frame 814 time is 240.394ms
04-11 03:38:18.358 27931 27949 I native-activity: Swap 814 time is 243.893ms
04-11 03:38:18.359 27931 27949 I native-activity: Animating
04-11 03:38:18.795 27931 27949 I native-activity: Frame 815 GL error is 0x506
04-11 03:38:18.795 27931 27949 I native-activity: Frame 815 time is 435.973ms
04-11 03:38:18.798 27931 27949 I native-activity: Swap 815 time is 438.948ms
