04-11 03:36:02.550   448   938 I art     : Explicit concurrent mark sweep GC freed 79868(4MB) AllocSpace objects, 5(80KB) LOS objects, 33% free, 27MB/40MB, paused 6.831ms total 536.289ms
04-11 03:36:02.551   448   613 D ConnectivityService: NetTransition Wakelock (NetworkAgentInfo [WIFI () - 2786] cleared because we found a replacement network
04-11 03:36:02.560 26629 26629 I dhcpcd  : wlan0: leased 192.168.1.110 for 7200 seconds
04-11 03:36:02.608 26567 26585 I native-activity: Frame 225 GL error is 0x501
04-11 03:36:02.608 26567 26585 I native-activity: Frame 225 time is 404.142ms
04-11 03:36:02.608 26567 26585 I native-activity: Doing egl_swapbuffers_sync 1
04-11 03:36:02.609 26567 26585 D native-activity: Reading pixels format 0x1908 type 0x1401 bpp 4
04-11 03:36:02.625 26567 26585 I native-activity: Read pixels, GL error is 0x0
04-11 03:36:02.625 26567 26585 I native-activity: Swap 225 time is 421.221ms
04-11 03:36:02.626 26567 26585 I native-activity: Animating
04-11 03:36:02.629 26567 26585 I native-activity: Frame 226 GL error is 0x0
04-11 03:36:02.629 26567 26585 I native-activity: Frame 226 time is 3.232ms
04-11 03:36:02.629 26567 26585 I native-activity: Doing egl_swapbuffers_sync 1
04-11 03:36:02.629 26567 26585 D native-activity: Reading pixels format 0x1908 type 0x1401 bpp 4
04-11 03:36:02.645 26567 26585 I native-activity: Read pixels, GL error is 0x0
04-11 03:36:02.645 26567 26585 I native-activity: Swap 226 time is 19.222ms
04-11 03:36:02.645 26567 26585 I native-activity: Animating
04-11 03:36:02.685 26567 26585 I native-activity: Frame 227 GL error is 0x0
04-11 03:36:02.685 26567 26585 I native-activity: Frame 227 time is 39.837ms
04-11 03:36:02.685 26567 26585 I native-activity: Doing egl_swapbuffers_sync 1
04-11 03:36:02.685 26567 26585 D native-activity: Reading pixels format 0x1908 type 0x1401 bpp 4
04-11 03:36:02.697 26567 26585 I native-activity: Read pixels, GL error is 0x0
04-11 03:36:02.698 26567 26585 I native-activity: Swap 227 time is 52.561ms
04-11 03:36:02.698 26567 26585 I native-activity: Animating
04-11 03:36:02.713 26567 26585 I native-activity: Frame 228 GL error is 0x0
04-11 03:36:02.713 26567 26585 I native-activity: Frame 228 time is 15.456ms
04-11 03:36:02.713 26567 26585 I native-activity: Doing egl_swapbuffers_sync 1
04-11 03:36:02.713 26567 26585 D native-activity: Reading pixels format 0x1908 type 0x1401 bpp 4
04-11 03:36:02.725 26567 26585 I native-activity: Read pixels, GL error is 0x0
04-11 03:36:02.725 26567 26585 I native-activity: Swap 228 time is 27.466ms
04-11 03:36:02.725 26567 26585 I native-activity: Animating
04-11 03:36:02.740 26567 26585 I native-activity: Frame 229 GL error is 0x0
04-11 03:36:02.740 26567 26585 I native-activity: Frame 229 time is 14.639ms
04-11 03:36:02.740 26567 26585 I native-activity: Doing egl_swapbuffers_sync 1
04-11 03:36:02.740 26567 26585 D native-activity: Reading pixels format 0x1908 type 0x1401 bpp 4
04-11 03:36:02.751  8277 26627 I CheckinRequestBuilder: Unknown state of subscriptions on the device
04-11 03:36:02.753 26567 26585 I native-activity: Read pixels, GL error is 0x0
04-11 03:36:02.753 26567 26585 I native-activity: Swap 229 time is 27.486ms
04-11 03:36:02.753 26567 26585 I native-activity: Animating
04-11 03:36:02.768 26567 26585 I native-activity: Frame 230 GL error is 0x0
04-11 03:36:02.768 26567 26585 I native-activity: Frame 230 time is 15.129ms
04-11 03:36:02.768 26567 26585 I native-activity: Doing egl_swapbuffers_sync 1
04-11 03:36:02.768 26567 26585 D native-activity: Reading pixels format 0x1908 type 0x1401 bpp 4
04-11 03:36:02.780 26567 26585 I native-activity: Read pixels, GL error is 0x0
04-11 03:36:02.780 26567 26585 I native-activity: Swap 230 time is 26.954ms
04-11 03:36:02.780 26567 26585 I native-activity: Animating
04-11 03:36:02.795 26567 26585 I native-activity: Frame 231 GL error is 0x0
04-11 03:36:02.795 26567 26585 I native-activity: Frame 231 time is 14.670ms
04-11 03:36:02.795 26567 26585 I native-activity: Doing egl_swapbuffers_sync 1
04-11 03:36:02.795 26567 26585 D native-activity: Reading pixels format 0x1908 type 0x1401 bpp 4
04-11 03:36:02.806 26567 26585 I native-activity: Read pixels, GL error is 0x0
04-11 03:36:02.807 26567 26585 I native-activity: Swap 231 time is 26.355ms
04-11 03:36:02.807 26567 26585 I native-activity: Animating
04-11 03:36:02.837 26567 26585 I native-activity: Frame 232 GL error is 0x501
04-11 03:36:02.837 26567 26585 I native-activity: Frame 232 time is 29.943ms
04-11 03:36:02.837 26567 26585 I native-activity: Doing egl_swapbuffers_sync 1
04-11 03:36:02.837 26567 26585 D native-activity: Reading pixels format 0x1908 type 0x1401 bpp 4
04-11 03:36:02.842 26567 26585 I native-activity: Read pixels, GL error is 0x0
04-11 03:36:02.842 26567 26585 I native-activity: Swap 232 time is 35.457ms
04-11 03:36:02.842 26567 26585 I native-activity: Animating
04-11 03:36:02.875 26567 26585 I native-activity: Frame 233 GL error is 0x501
04-11 03:36:02.875 26567 26585 I native-activity: Frame 233 time is 32.617ms
04-11 03:36:02.875 26567 26585 I native-activity: Doing egl_swapbuffers_sync 1
04-11 03:36:02.875 26567 26585 D native-activity: Reading pixels format 0x1908 type 0x1401 bpp 4
04-11 03:36:02.893 26567 26585 I native-activity: Read pixels, GL error is 0x0
04-11 03:36:02.893 26567 26585 I native-activity: Swap 233 time is 50.914ms
04-11 03:36:02.893 26567 26585 I native-activity: Animating
04-11 03:36:02.906 26567 26585 I native-activity: Frame 234 GL error is 0x0
04-11 03:36:02.907 26567 26585 I native-activity: Frame 234 time is 12.969ms
04-11 03:36:02.907 26567 26585 I native-activity: Doing egl_swapbuffers_sync 1
04-11 03:36:02.907 26567 26585 D native-activity: Reading pixels format 0x1908 type 0x1401 bpp 4
04-11 03:36:02.920 26567 26585 I native-activity: Read pixels, GL error is 0x0
04-11 03:36:02.920 26567 26585 I native-activity: Swap 234 time is 26.642ms
04-11 03:36:02.920 26567 26585 I native-activity: Animating
04-11 03:36:02.923 26567 26585 I native-activity: Frame 235 GL error is 0x0
04-11 03:36:02.923 26567 26585 I native-activity: Frame 235 time is 3.027ms
04-11 03:36:02.923 26567 26585 I native-activity: Doing egl_swapbuffers_sync 1
04-11 03:36:02.923 26567 26585 D native-activity: Reading pixels format 0x1908 type 0x1401 bpp 4
04-11 03:36:02.941 26567 26585 I native-activity: Read pixels, GL error is 0x0
04-11 03:36:02.941 26567 26585 I native-activity: Swap 235 time is 20.602ms
04-11 03:36:02.941 26567 26585 I native-activity: Animating
04-11 03:36:02.946 26567 26585 I native-activity: Frame 236 GL error is 0x0
04-11 03:36:02.947 26567 26585 I native-activity: Frame 236 time is 5.675ms
04-11 03:36:02.947 26567 26585 I native-activity: Doing egl_swapbuffers_sync 1
04-11 03:36:02.948 26567 26585 D native-activity: Reading pixels format 0x1908 type 0x1401 bpp 4
04-11 03:36:02.962 26567 26585 I native-activity: Read pixels, GL error is 0x0
04-11 03:36:02.963 26567 26585 I native-activity: Swap 236 time is 21.501ms
04-11 03:36:02.963 26567 26585 I native-activity: Animating
04-11 03:36:02.967 26567 26585 I native-activity: Frame 237 GL error is 0x0
04-11 03:36:02.967 26567 26585 I native-activity: Frame 237 time is 4.647ms
04-11 03:36:02.967 26567 26585 I native-activity: Doing egl_swapbuffers_sync 1
04-11 03:36:02.967 26567 26585 D native-activity: Reading pixels format 0x1908 type 0x1401 bpp 4
04-11 03:36:02.984 26567 26585 I native-activity: Read pixels, GL error is 0x0
04-11 03:36:02.984 26567 26585 I native-activity: Swap 237 time is 21.432ms
04-11 03:36:02.984 26567 26585 I native-activity: Animating
04-11 03:36:02.988 26567 26585 I native-activity: Frame 238 GL error is 0x0
04-11 03:36:02.988 26567 26585 I native-activity: Frame 238 time is 3.493ms
04-11 03:36:02.988 26567 26585 I native-activity: Doing egl_swapbuffers_sync 1
04-11 03:36:02.988 26567 26585 D native-activity: Reading pixels format 0x1908 type 0x1401 bpp 4
04-11 03:36:02.997  8230 30615 E Auth    : [GoogleAccountDataServiceImpl] getToken() -> NETWORK_ERROR. Account: <ELLIDED:-1617149110>, App: com.google.android.gms, Service: AndroidCheckInServer
04-11 03:36:02.998  8230 30615 W Auth    : [GetToken] GetToken failed with status code: NetworkError
04-11 03:36:03.006 26567 26585 I native-activity: Read pixels, GL error is 0x0
04-11 03:36:03.006 26567 26585 I native-activity: Swap 238 time is 21.507ms
04-11 03:36:03.006 26567 26585 I native-activity: Animating
04-11 03:36:03.009 26567 26585 I native-activity: Frame 239 GL error is 0x0
04-11 03:36:03.009 26567 26585 I native-activity: Frame 239 time is 3.454ms
04-11 03:36:03.009 26567 26585 I native-activity: Doing egl_swapbuffers_sync 1
04-11 03:36:03.009 26567 26585 D native-activity: Reading pixels format 0x1908 type 0x1401 bpp 4
04-11 03:36:03.020  8277 26627 W CheckinRequestBuilder: error reading account token
04-11 03:36:03.020  8277 26627 W CheckinRequestBuilder: java.io.IOException: NetworkError
04-11 03:36:03.020  8277 26627 W CheckinRequestBuilder: 	at eai.a(:com.google.android.gms:1457)
04-11 03:36:03.020  8277 26627 W CheckinRequestBuilder: 	at eah.a(:com.google.android.gms:752)
04-11 03:36:03.020  8277 26627 W CheckinRequestBuilder: 	at eah.e(:com.google.android.gms:463)
04-11 03:36:03.020  8277 26627 W CheckinRequestBuilder: 	at eaf.f(:com.google.android.gms:3562)
04-11 03:36:03.020  8277 26627 W CheckinRequestBuilder: 	at eaf.a(:com.google.android.gms:2160)
04-11 03:36:03.020  8277 26627 W CheckinRequestBuilder: 	at jga.a(:com.google.android.gms:920)
04-11 03:36:03.020  8277 26627 W CheckinRequestBuilder: 	at jgf.a(:com.google.android.gms:506)
04-11 03:36:03.020  8277 26627 W CheckinRequestBuilder: 	at jgf.a(:com.google.android.gms:323)
04-11 03:36:03.020  8277 26627 W CheckinRequestBuilder: 	at jfw.a(:com.google.android.gms:1213)
04-11 03:36:03.020  8277 26627 W CheckinRequestBuilder: 	at jfw.doInBackground(:com.google.android.gms:1154)
04-11 03:36:03.020  8277 26627 W CheckinRequestBuilder: 	at android.os.AsyncTask$2.call(AsyncTask.java:292)
04-11 03:36:03.020  8277 26627 W CheckinRequestBuilder: 	at java.util.concurrent.FutureTask.run(FutureTask.java:237)
04-11 03:36:03.020  8277 26627 W CheckinRequestBuilder: 	at java.lang.Thread.run(Thread.java:818)
04-11 03:36:03.026 26567 26585 I native-activity: Read pixels, GL error is 0x0
04-11 03:36:03.026 26567 26585 I native-activity: Swap 239 time is 20.590ms
04-11 03:36:03.027 26567 26585 I native-activity: Animating
04-11 03:36:03.098   124 13551 I WVCdm   : CdmEngine::OpenSession
04-11 03:36:03.099   124 13551 I WVCdm   : Level3 Library Dec 11 2014 16:13:16
04-11 03:36:03.129   124 13551 W WVCdm   : Could not read /data/mediadrm/IDM1013/ay64.dat2: No such file or directory
04-11 03:36:03.135   124 13551 W WVCdm   : Could not load liboemcrypto.so. Falling Back to L3.  dlopen failed: library "liboemcrypto.so" not found
04-11 03:36:03.174   124  9026 I WVCdm   : CdmEngine::OpenSession
04-11 03:36:03.212 26567 26585 I native-activity: Frame 240 GL error is 0x501
04-11 03:36:03.212 26567 26585 I native-activity: Frame 240 time is 185.780ms
04-11 03:36:03.212 26567 26585 I native-activity: Doing egl_swapbuffers_sync 1
04-11 03:36:03.212 26567 26585 D native-activity: Reading pixels format 0x1908 type 0x1401 bpp 4
04-11 03:36:03.217   124 13551 I WVCdm   : CdmEngine::QueryKeyControlInfo
04-11 03:36:03.218   124 19422 W WVCdm   : BufferReader::Read<T> : Failure during parse: Not enough bytes (4)
04-11 03:36:03.218   124 19422 W WVCdm   : CdmEngine::ExtractWidevinePssh: Unable to read PSSH atom size
04-11 03:36:03.218   124 19422 I WVCdm   : CdmEngine::GenerateKeyRequest
04-11 03:36:03.234 26567 26585 I native-activity: Read pixels, GL error is 0x0
04-11 03:36:03.235 26567 26585 I native-activity: Swap 240 time is 207.924ms
04-11 03:36:03.235 26567 26585 I native-activity: Animating
04-11 03:36:03.262 26567 26585 I native-activity: Frame 241 GL error is 0x501
04-11 03:36:03.262 26567 26585 I native-activity: Frame 241 time is 27.268ms
04-11 03:36:03.262 26567 26585 I native-activity: Doing egl_swapbuffers_sync 1
04-11 03:36:03.262 26567 26585 D native-activity: Reading pixels format 0x1908 type 0x1401 bpp 4
04-11 03:36:03.280 26567 26585 I native-activity: Read pixels, GL error is 0x0
04-11 03:36:03.280 26567 26585 I native-activity: Swap 241 time is 45.176ms
04-11 03:36:03.280 26567 26585 I native-activity: Animating
04-11 03:36:03.286 25234 25234 D Event   : No subscribers registered for event class com.tplink.hellotp.shared.o
04-11 03:36:03.286 25234 25234 D Event   : No subscribers registered for event class de.greenrobot.event.f
04-11 03:36:03.289   124  9026 I WVCdm   : CdmEngine::QueryKeyControlInfo
04-11 03:36:03.291   124 18530 W WVCdm   : BufferReader::Read<T> : Failure during parse: Not enough bytes (4)
04-11 03:36:03.291   124 18530 W WVCdm   : CdmEngine::ExtractWidevinePssh: Unable to read PSSH atom size
04-11 03:36:03.291   124 18530 I WVCdm   : CdmEngine::GenerateKeyRequest
04-11 03:36:03.299   124 18530 D WVCdm   : PrepareKeyRequest: nonce=2856647492
04-11 03:36:03.300   448   613 D ConnectivityService: NetworkAgentInfo [WIFI () - 2788] EVENT_NETWORK_INFO_CHANGED, going from CONNECTED to CONNECTING
04-11 03:36:03.306   448   613 D ConnectivityService: NetworkAgentInfo [WIFI () - 2788] EVENT_NETWORK_INFO_CHANGED, going from CONNECTING to CONNECTED
04-11 03:36:03.318   448   605 E WifiStateMachine: WifiStateMachine: Leaving Connected state
04-11 03:36:03.320   448   605 E WifiStateMachine: Did not find remoteAddress {192.168.1.1} in /proc/net/arp
04-11 03:36:03.336 26567 26585 I native-activity: Frame 242 GL error is 0x0
04-11 03:36:03.336 26567 26585 I native-activity: Frame 242 time is 55.722ms
04-11 03:36:03.336 26567 26585 I native-activity: Doing egl_swapbuffers_sync 1
04-11 03:36:03.336 26567 26585 D native-activity: Reading pixels format 0x1908 type 0x1401 bpp 4
04-11 03:36:03.353 26567 26585 I native-activity: Read pixels, GL error is 0x0
04-11 03:36:03.353 26567 26585 I native-activity: Swap 242 time is 73.012ms
04-11 03:36:03.353 26567 26585 I native-activity: Animating
04-11 03:36:03.373 26567 26585 I native-activity: Frame 243 GL error is 0x0
04-11 03:36:03.373 26567 26585 I native-activity: Frame 243 time is 19.597ms
04-11 03:36:03.373 26567 26585 I native-activity: Doing egl_swapbuffers_sync 1
04-11 03:36:03.373 26567 26585 D native-activity: Reading pixels format 0x1908 type 0x1401 bpp 4
04-11 03:36:03.390 26567 26585 I native-activity: Read pixels, GL error is 0x0
04-11 03:36:03.390 26567 26585 I native-activity: Swap 243 time is 36.922ms
04-11 03:36:03.390 26567 26585 I native-activity: Animating
04-11 03:36:03.403 26567 26585 I native-activity: Frame 244 GL error is 0x0
04-11 03:36:03.403 26567 26585 I native-activity: Frame 244 time is 12.509ms
04-11 03:36:03.403 26567 26585 I native-activity: Doing egl_swapbuffers_sync 1
04-11 03:36:03.403 26567 26585 D native-activity: Reading pixels format 0x1908 type 0x1401 bpp 4
04-11 03:36:03.420 26567 26585 I native-activity: Read pixels, GL error is 0x0
04-11 03:36:03.420 26567 26585 I native-activity: Swap 244 time is 29.734ms
04-11 03:36:03.420 26567 26585 I native-activity: Animating
04-11 03:36:03.462 26567 26585 I native-activity: Frame 245 GL error is 0x0
04-11 03:36:03.462 26567 26585 I native-activity: Frame 245 time is 41.785ms
04-11 03:36:03.462 26567 26585 I native-activity: Doing egl_swapbuffers_sync 1
04-11 03:36:03.462 26567 26585 D native-activity: Reading pixels format 0x1908 type 0x1401 bpp 4
04-11 03:36:03.477 26567 26585 I native-activity: Read pixels, GL error is 0x0
04-11 03:36:03.477 26567 26585 I native-activity: Swap 245 time is 56.950ms
04-11 03:36:03.477 26567 26585 I native-activity: Animating
04-11 03:36:03.480   448   467 D gpslogd : agps_ril_update_network_state: Waiting for IPC connection - timeout
04-11 03:36:03.480   448   467 E gpslogd : LIBGPS: Cannot communicate (write) with a GPSD
04-11 03:36:03.480   448   467 E gpslogd : IPC Communication Error, /tmp/12075037/customers/Asustek/Tabletandroid/../../../proprietary/deliverables/android/gps_interface/../gps_interface/gpsi_client/GpsiClient.cpp:1194 agps_ril_update_network_state
04-11 03:36:03.480   448   467 D libgps  : proxy_agps_ril_update_network_state: called
04-11 03:36:03.480   448   467 D libgps  : proxy_agps_ril_update_network_availability()
04-11 03:36:03.480   448   467 D gpslogd : agps_ril_update_network_availability: Waiting for IPC connection...
04-11 03:36:03.503 26567 26585 I native-activity: Frame 246 GL error is 0x0
04-11 03:36:03.503 26567 26585 I native-activity: Frame 246 time is 26.019ms
04-11 03:36:03.503 26567 26585 I native-activity: Doing egl_swapbuffers_sync 1
04-11 03:36:03.503 26567 26585 D native-activity: Reading pixels format 0x1908 type 0x1401 bpp 4
04-11 03:36:03.521 26567 26585 I native-activity: Read pixels, GL error is 0x0
04-11 03:36:03.521 26567 26585 I native-activity: Swap 246 time is 43.674ms
04-11 03:36:03.521 26567 26585 I native-activity: Animating
04-11 03:36:03.565 26567 26585 I native-activity: Frame 247 GL error is 0x500
04-11 03:36:03.565 26567 26585 I native-activity: Frame 247 time is 43.483ms
04-11 03:36:03.565 26567 26585 I native-activity: Doing egl_swapbuffers_sync 1
04-11 03:36:03.565 26567 26585 D native-activity: Reading pixels format 0x1908 type 0x1401 bpp 4
04-11 03:36:03.581 26567 26585 I native-activity: Read pixels, GL error is 0x0
04-11 03:36:03.581 26567 26585 I native-activity: Swap 247 time is 60.070ms
04-11 03:36:03.581 26567 26585 I native-activity: Animating
04-11 03:36:03.598 26567 26585 I native-activity: Frame 248 GL error is 0x506
04-11 03:36:03.599 26567 26585 I native-activity: Frame 248 time is 17.201ms
04-11 03:36:03.599 26567 26585 I native-activity: Doing egl_swapbuffers_sync 1
04-11 03:36:03.599 26567 26585 D native-activity: Reading pixels format 0x1908 type 0x1401 bpp 4
04-11 03:36:03.615 26567 26585 I native-activity: Read pixels, GL error is 0x0
04-11 03:36:03.615 26567 26585 I native-activity: Swap 248 time is 34.040ms
04-11 03:36:03.615 26567 26585 I native-activity: Animating
04-11 03:36:03.638 26567 26585 I native-activity: Frame 249 GL error is 0x506
04-11 03:36:03.638 26567 26585 I native-activity: Frame 249 time is 22.913ms
04-11 03:36:03.638 26567 26585 I native-activity: Doing egl_swapbuffers_sync 1
04-11 03:36:03.638 26567 26585 D native-activity: Reading pixels format 0x1908 type 0x1401 bpp 4
04-11 03:36:03.659 26567 26585 I native-activity: Read pixels, GL error is 0x0
04-11 03:36:03.659 26567 26585 I native-activity: Swap 249 time is 43.316ms
04-11 03:36:03.659 26567 26585 I native-activity: Animating
04-11 03:36:03.675 26567 26585 I native-activity: Frame 250 GL error is 0x506
04-11 03:36:03.675 26567 26585 I native-activity: Frame 250 time is 16.309ms
04-11 03:36:03.675 26567 26585 I native-activity: Doing egl_swapbuffers_sync 1
04-11 03:36:03.675 26567 26585 D native-activity: Reading pixels format 0x1908 type 0x1401 bpp 4
04-11 03:36:03.693 26567 26585 I native-activity: Read pixels, GL error is 0x0
04-11 03:36:03.693 26567 26585 I native-activity: Swap 250 time is 33.933ms
04-11 03:36:03.693 26567 26585 I native-activity: Animating
04-11 03:36:03.710 26567 26585 I native-activity: Frame 251 GL error is 0x506
04-11 03:36:03.711 26567 26585 I native-activity: Frame 251 time is 17.629ms
04-11 03:36:03.711 26567 26585 I native-activity: Doing egl_swapbuffers_sync 1
04-11 03:36:03.711 26567 26585 D native-activity: Reading pixels format 0x1908 type 0x1401 bpp 4
04-11 03:36:03.727 26567 26585 I native-activity: Read pixels, GL error is 0x0
04-11 03:36:03.727 26567 26585 I native-activity: Swap 251 time is 33.751ms
04-11 03:36:03.727 26567 26585 I native-activity: Animating
04-11 03:36:03.743 26567 26585 I native-activity: Frame 252 GL error is 0x506
04-11 03:36:03.743 26567 26585 I native-activity: Frame 252 time is 16.187ms
04-11 03:36:03.743 26567 26585 I native-activity: Doing egl_swapbuffers_sync 1
04-11 03:36:03.743 26567 26585 D native-activity: Reading pixels format 0x1908 type 0x1401 bpp 4
04-11 03:36:03.765 26567 26585 I native-activity: Read pixels, GL error is 0x0
04-11 03:36:03.765 26567 26585 I native-activity: Swap 252 time is 38.078ms
04-11 03:36:03.765 26567 26585 I native-activity: Animating
04-11 03:36:03.776 26567 26585 I native-activity: Frame 253 GL error is 0x506
04-11 03:36:03.776 26567 26585 I native-activity: Frame 253 time is 10.780ms
04-11 03:36:03.776 26567 26585 I native-activity: Doing egl_swapbuffers_sync 1
04-11 03:36:03.776 26567 26585 D native-activity: Reading pixels format 0x1908 type 0x1401 bpp 4
04-11 03:36:03.797 26567 26585 I native-activity: Read pixels, GL error is 0x0
04-11 03:36:03.797 26567 26585 I native-activity: Swap 253 time is 31.718ms
04-11 03:36:03.797 26567 26585 I native-activity: Animating
04-11 03:36:03.807 26567 26585 I native-activity: Frame 254 GL error is 0x506
04-11 03:36:03.808 26567 26585 I native-activity: Frame 254 time is 10.809ms
04-11 03:36:03.808 26567 26585 I native-activity: Doing egl_swapbuffers_sync 1
04-11 03:36:03.808 26567 26585 D native-activity: Reading pixels format 0x1908 type 0x1401 bpp 4
04-11 03:36:03.830 26567 26585 I native-activity: Read pixels, GL error is 0x0
04-11 03:36:03.830 26567 26585 I native-activity: Swap 254 time is 32.988ms
04-11 03:36:03.830 26567 26585 I native-activity: Animating
04-11 03:36:03.841 26567 26585 I native-activity: Frame 255 GL error is 0x506
04-11 03:36:03.841 26567 26585 I native-activity: Frame 255 time is 10.916ms
04-11 03:36:03.841 26567 26585 I native-activity: Doing egl_swapbuffers_sync 1
04-11 03:36:03.841 26567 26585 D native-activity: Reading pixels format 0x1908 type 0x1401 bpp 4
04-11 03:36:03.863 26567 26585 I native-activity: Read pixels, GL error is 0x0
04-11 03:36:03.863 26567 26585 I native-activity: Swap 255 time is 33.184ms
04-11 03:36:03.863 26567 26585 I native-activity: Animating
04-11 03:36:03.886 26567 26585 I native-activity: Frame 256 GL error is 0x506
04-11 03:36:03.886 26567 26585 I native-activity: Frame 256 time is 22.958ms
04-11 03:36:03.886 26567 26585 I native-activity: Doing egl_swapbuffers_sync 1
04-11 03:36:03.886 26567 26585 D native-activity: Reading pixels format 0x1908 type 0x1401 bpp 4
04-11 03:36:03.908 26567 26585 I native-activity: Read pixels, GL error is 0x0
04-11 03:36:03.908 26567 26585 I native-activity: Swap 256 time is 44.749ms
04-11 03:36:03.908 26567 26585 I native-activity: Animating
04-11 03:36:03.919 26567 26585 I native-activity: Frame 257 GL error is 0x506
04-11 03:36:03.919 26567 26585 I native-activity: Frame 257 time is 10.750ms
04-11 03:36:03.919 26567 26585 I native-activity: Doing egl_swapbuffers_sync 1
04-11 03:36:03.919 26567 26585 D native-activity: Reading pixels format 0x1908 type 0x1401 bpp 4
04-11 03:36:03.941 26567 26585 I native-activity: Read pixels, GL error is 0x0
04-11 03:36:03.941 26567 26585 I native-activity: Swap 257 time is 33.348ms
04-11 03:36:03.941 26567 26585 I native-activity: Animating
04-11 03:36:03.954 26567 26585 I native-activity: Frame 258 GL error is 0x506
04-11 03:36:03.954 26567 26585 I native-activity: Frame 258 time is 12.873ms
04-11 03:36:03.954 26567 26585 I native-activity: Doing egl_swapbuffers_sync 1
04-11 03:36:03.954 26567 26585 D native-activity: Reading pixels format 0x1908 type 0x1401 bpp 4
04-11 03:36:03.975 26567 26585 I native-activity: Read pixels, GL error is 0x0
04-11 03:36:03.975 26567 26585 I native-activity: Swap 258 time is 33.978ms
04-11 03:36:03.975 26567 26585 I native-activity: Animating
04-11 03:36:03.987 26567 26585 I native-activity: Context 0x5ab88c50 made current on surface 0x5a6aea98, error 0x3000
04-11 03:36:03.988 26567 26585 I native-activity: GL information
04-11 03:36:03.988 26567 26585 I native-activity: 	Renderer: NVIDIA Tegra 3
04-11 03:36:03.988 26567 26585 I native-activity: 	Vendor: NVIDIA Corporation
04-11 03:36:03.988 26567 26585 I native-activity: 	Version: OpenGL ES 2.0 14.01003
04-11 03:36:03.988 26567 26585 I native-activity: 	Shading Language: OpenGL ES GLSL 1.00
04-11 03:36:03.988 26567 26585 I native-activity: 	Extensions: GL_OES_rgb8_rgba8 GL_OES_EGL_sync GL_OES_fbo_render_mipmap GL_NV_depth_nonlinear GL_NV_draw_path GL_NV_texture_npot_2D_mipmap GL_OES_EGL_image GL_OES_EGL_image_external GL_OES_vertex_half_float GL_OES_mapbuffer GL_NV_draw_buffers GL_NV_multiview_draw_buffers GL_EXT_Cg_shader GL_EXT_packed_float GL_OES_texture_half_float GL_EXT_texture_array GL_OES_compressed_ETC1_RGB8_texture GL_EXT_texture_compression_latc GL_NV_texture_compression_latc GL_EXT_texture_compression_dxt1 GL_EXT_texture_compression_s3tc GL_NV_texture_compression_s3tc GL_EXT_texture_filter_anisotropic GL_NV_get_tex_image GL_NV_read_buffer GL_NV_shader_framebuffer_fetch GL_NV_copy_image GL_NV_fbo_color_attachments GL_EXT_bgra GL_EXT_texture_format_BGRA8888 GL_EXT_unpack_subimage GL_NV_pack_subimage GL_NV_texture_compression_s3tc_update GL_NV_read_depth GL_NV_read_stencil GL_NV_uniform_buffer_object GL_EXT_robustness GL_OES_standard_derivatives GL_NV_EGL_stream_consumer_external GL_NV_3dvision_settings GL_EXT_debug_marker GL_EXT_debug
04-11 03:36:03.988 26567 26585 I native-activity: Context 0x5ab88c50 made current on surface 0x5a6aea98, error 0x3000
04-11 03:36:03.988 26567 26585 I native-activity: GL information
04-11 03:36:03.988 26567 26585 I native-activity: 	Renderer: NVIDIA Tegra 3
04-11 03:36:03.988 26567 26585 I native-activity: 	Vendor: NVIDIA Corporation
04-11 03:36:03.988 26567 26585 I native-activity: 	Version: OpenGL ES 2.0 14.01003
04-11 03:36:03.988 26567 26585 I native-activity: 	Shading Language: OpenGL ES GLSL 1.00
04-11 03:36:03.988 26567 26585 I native-activity: 	Extensions: GL_OES_rgb8_rgba8 GL_OES_EGL_sync GL_OES_fbo_render_mipmap GL_NV_depth_nonlinear GL_NV_draw_path GL_NV_texture_npot_2D_mipmap GL_OES_EGL_image GL_OES_EGL_image_external GL_OES_vertex_half_float GL_OES_mapbuffer GL_NV_draw_buffers GL_NV_multiview_draw_buffers GL_EXT_Cg_shader GL_EXT_packed_float GL_OES_texture_half_float GL_EXT_texture_array GL_OES_compressed_ETC1_RGB8_texture GL_EXT_texture_compression_latc GL_NV_texture_compression_latc GL_EXT_texture_compression_dxt1 GL_EXT_texture_compression_s3tc GL_NV_texture_compression_s3tc GL_EXT_texture_filter_anisotropic GL_NV_get_tex_image GL_NV_read_buffer GL_NV_shader_framebuffer_fetch GL_NV_copy_image GL_NV_fbo_color_attachments GL_EXT_bgra GL_EXT_texture_format_BGRA8888 GL_EXT_unpack_subimage GL_NV_pack_subimage GL_NV_texture_compression_s3tc_update GL_NV_read_depth GL_NV_read_stencil GL_NV_uniform_buffer_object GL_EXT_robustness GL_OES_standard_derivatives GL_NV_EGL_stream_consumer_external GL_NV_3dvision_settings GL_EXT_debug_marker GL_EXT_debug
04-11 03:36:03.988 26567 26585 I native-activity: Frame 259 GL error is 0x506
04-11 03:36:03.988 26567 26585 I native-activity: Frame 259 time is 12.440ms
04-11 03:36:03.988 26567 26585 I native-activity: Doing egl_swapbuffers_sync 1
04-11 03:36:03.988 26567 26585 D native-activity: Reading pixels format 0x1908 type 0x1401 bpp 4
04-11 03:36:04.006 26567 26585 I native-activity: Read pixels, GL error is 0x0
04-11 03:36:04.006 26567 26585 I native-activity: Swap 259 time is 30.819ms
04-11 03:36:04.006 26567 26585 I native-activity: Animating
04-11 03:36:04.019 26567 26585 I native-activity: Frame 260 GL error is 0x506
04-11 03:36:04.020 26567 26585 I native-activity: Frame 260 time is 13.162ms
04-11 03:36:04.020 26567 26585 I native-activity: Doing egl_swapbuffers_sync 1
04-11 03:36:04.020 26567 26585 D native-activity: Reading pixels format 0x1908 type 0x1401 bpp 4
04-11 03:36:04.037 26567 26585 I native-activity: Read pixels, GL error is 0x0
04-11 03:36:04.037 26567 26585 I native-activity: Swap 260 time is 30.874ms
04-11 03:36:04.037 26567 26585 I native-activity: Animating
04-11 03:36:04.052 26567 26585 I native-activity: Frame 261 GL error is 0x506
04-11 03:36:04.052 26567 26585 I native-activity: Frame 261 time is 14.939ms
04-11 03:36:04.052 26567 26585 I native-activity: Doing egl_swapbuffers_sync 1
04-11 03:36:04.052 26567 26585 D native-activity: Reading pixels format 0x1908 type 0x1401 bpp 4
04-11 03:36:04.071 26567 26585 I native-activity: Read pixels, GL error is 0x0
04-11 03:36:04.071 26567 26585 I native-activity: Swap 261 time is 34.116ms
04-11 03:36:04.072 26567 26585 I native-activity: Animating
04-11 03:36:04.080 26567 26585 I native-activity: Frame 262 GL error is 0x506
04-11 03:36:04.080 26567 26585 I native-activity: Frame 262 time is 8.633ms
04-11 03:36:04.080 26567 26585 I native-activity: Doing egl_swapbuffers_sync 1
04-11 03:36:04.080 26567 26585 D native-activity: Reading pixels format 0x1908 type 0x1401 bpp 4
04-11 03:36:04.102 26567 26585 I native-activity: Read pixels, GL error is 0x0
04-11 03:36:04.102 26567 26585 I native-activity: Swap 262 time is 30.283ms
04-11 03:36:04.102 26567 26585 I native-activity: Animating
04-11 03:36:04.121 26567 26585 I native-activity: Frame 263 GL error is 0x506
04-11 03:36:04.121 26567 26585 I native-activity: Frame 263 time is 19.117ms
04-11 03:36:04.121 26567 26585 I native-activity: Doing egl_swapbuffers_sync 1
04-11 03:36:04.121 26567 26585 D native-activity: Reading pixels format 0x1908 type 0x1401 bpp 4
04-11 03:36:04.139 26567 26585 I native-activity: Read pixels, GL error is 0x0
04-11 03:36:04.139 26567 26585 I native-activity: Swap 263 time is 36.773ms
04-11 03:36:04.139 26567 26585 I native-activity: Animating
04-11 03:36:04.151 26567 26585 I native-activity: Frame 264 GL error is 0x506
04-11 03:36:04.151 26567 26585 I native-activity: Frame 264 time is 12.622ms
04-11 03:36:04.151 26567 26585 I native-activity: Doing egl_swapbuffers_sync 1
04-11 03:36:04.151 26567 26585 D native-activity: Reading pixels format 0x1908 type 0x1401 bpp 4
04-11 03:36:04.172 26567 26585 I native-activity: Read pixels, GL error is 0x0
04-11 03:36:04.172 26567 26585 I native-activity: Swap 264 time is 33.061ms
04-11 03:36:04.172 26567 26585 I native-activity: Animating
04-11 03:36:04.183 26567 26585 I native-activity: Frame 265 GL error is 0x506
04-11 03:36:04.183 26567 26585 I native-activity: Frame 265 time is 11.487ms
04-11 03:36:04.183 26567 26585 I native-activity: Doing egl_swapbuffers_sync 1
04-11 03:36:04.183 26567 26585 D native-activity: Reading pixels format 0x1908 type 0x1401 bpp 4
04-11 03:36:04.203 26567 26585 I native-activity: Read pixels, GL error is 0x0
04-11 03:36:04.203 26567 26585 I native-activity: Swap 265 time is 30.702ms
04-11 03:36:04.203 26567 26585 I native-activity: Animating
04-11 03:36:04.216 26567 26585 I native-activity: Frame 266 GL error is 0x506
04-11 03:36:04.216 26567 26585 I native-activity: Frame 266 time is 13.144ms
04-11 03:36:04.216 26567 26585 I native-activity: Doing egl_swapbuffers_sync 1
04-11 03:36:04.216 26567 26585 D native-activity: Reading pixels format 0x1908 type 0x1401 bpp 4
04-11 03:36:04.237 26567 26585 I native-activity: Read pixels, GL error is 0x0
04-11 03:36:04.237 26567 26585 I native-activity: Swap 266 time is 34.057ms
04-11 03:36:04.237 26567 26585 I native-activity: Animating
04-11 03:36:04.248 26567 26585 I native-activity: Frame 267 GL error is 0x506
04-11 03:36:04.249 26567 26585 I native-activity: Frame 267 time is 11.668ms
04-11 03:36:04.249 26567 26585 I native-activity: Doing egl_swapbuffers_sync 1
04-11 03:36:04.249 26567 26585 D native-activity: Reading pixels format 0x1908 type 0x1401 bpp 4
04-11 03:36:04.270 26567 26585 I native-activity: Read pixels, GL error is 0x0
04-11 03:36:04.270 26567 26585 I native-activity: Swap 267 time is 32.877ms
04-11 03:36:04.270 26567 26585 I native-activity: Animating
04-11 03:36:04.283 26567 26585 I native-activity: Frame 268 GL error is 0x506
04-11 03:36:04.283 26567 26585 I native-activity: Frame 268 time is 12.820ms
04-11 03:36:04.283 26567 26585 I native-activity: Doing egl_swapbuffers_sync 1
04-11 03:36:04.283 26567 26585 D native-activity: Reading pixels format 0x1908 type 0x1401 bpp 4
04-11 03:36:04.303 26567 26585 I native-activity: Read pixels, GL error is 0x0
04-11 03:36:04.303 26567 26585 I native-activity: Swap 268 time is 33.029ms
04-11 03:36:04.303 26567 26585 I native-activity: Animating
04-11 03:36:04.323 26567 26585 I native-activity: Frame 269 GL error is 0x506
04-11 03:36:04.324 26567 26585 I native-activity: Frame 269 time is 20.590ms
04-11 03:36:04.324 26567 26585 I native-activity: Doing egl_swapbuffers_sync 1
04-11 03:36:04.324 26567 26585 D native-activity: Reading pixels format 0x1908 type 0x1401 bpp 4
04-11 03:36:04.341 26567 26585 I native-activity: Read pixels, GL error is 0x0
04-11 03:36:04.341 26567 26585 I native-activity: Swap 269 time is 38.143ms
04-11 03:36:04.343 26567 26585 I native-activity: Animating
04-11 03:36:04.360 26567 26585 I native-activity: Frame 270 GL error is 0x506
04-11 03:36:04.360 26567 26585 I native-activity: Frame 270 time is 16.495ms
04-11 03:36:04.360 26567 26585 I native-activity: Doing egl_swapbuffers_sync 1
04-11 03:36:04.360 26567 26585 D native-activity: Reading pixels format 0x1908 type 0x1401 bpp 4
04-11 03:36:04.379 26567 26585 I native-activity: Read pixels, GL error is 0x0
04-11 03:36:04.379 26567 26585 I native-activity: Swap 270 time is 35.985ms
04-11 03:36:04.379 26567 26585 I native-activity: Animating
04-11 03:36:04.390 26567 26585 I native-activity: Frame 271 GL error is 0x506
04-11 03:36:04.390 26567 26585 I native-activity: Frame 271 time is 11.108ms
04-11 03:36:04.390 26567 26585 I native-activity: Doing egl_swapbuffers_sync 1
04-11 03:36:04.391 26567 26585 D native-activity: Reading pixels format 0x1908 type 0x1401 bpp 4
04-11 03:36:04.410 26567 26585 I native-activity: Read pixels, GL error is 0x0
04-11 03:36:04.411 26567 26585 I native-activity: Swap 271 time is 31.284ms
04-11 03:36:04.411 26567 26585 I native-activity: Animating
04-11 03:36:04.423 26567 26585 I native-activity: Frame 272 GL error is 0x506
04-11 03:36:04.423 26567 26585 I native-activity: Frame 272 time is 12.081ms
04-11 03:36:04.423 26567 26585 I native-activity: Doing egl_swapbuffers_sync 1
04-11 03:36:04.423 26567 26585 D native-activity: Reading pixels format 0x1908 type 0x1401 bpp 4
04-11 03:36:04.444 26567 26585 I native-activity: Read pixels, GL error is 0x0
04-11 03:36:04.444 26567 26585 I native-activity: Swap 272 time is 32.964ms
04-11 03:36:04.444 26567 26585 I native-activity: Animating
04-11 03:36:04.456 26567 26585 I native-activity: Frame 273 GL error is 0x506
04-11 03:36:04.456 26567 26585 I native-activity: Frame 273 time is 12.588ms
04-11 03:36:04.456 26567 26585 I native-activity: Doing egl_swapbuffers_sync 1
04-11 03:36:04.456 26567 26585 D native-activity: Reading pixels format 0x1908 type 0x1401 bpp 4
04-11 03:36:04.478 26567 26585 I native-activity: Read pixels, GL error is 0x0
04-11 03:36:04.478 26567 26585 I native-activity: Swap 273 time is 33.940ms
04-11 03:36:04.478 26567 26585 I native-activity: Animating
04-11 03:36:04.494 26567 26585 I native-activity: Frame 274 GL error is 0x506
04-11 03:36:04.494 26567 26585 I native-activity: Frame 274 time is 16.103ms
04-11 03:36:04.494 26567 26585 I native-activity: Doing egl_swapbuffers_sync 1
04-11 03:36:04.494 26567 26585 D native-activity: Reading pixels format 0x1908 type 0x1401 bpp 4
04-11 03:36:04.514 26567 26585 I native-activity: Read pixels, GL error is 0x0
04-11 03:36:04.514 26567 26585 I native-activity: Swap 274 time is 36.470ms
04-11 03:36:04.514 26567 26585 I native-activity: Animating
04-11 03:36:04.530 26567 26585 I native-activity: Frame 275 GL error is 0x506
04-11 03:36:04.530 26567 26585 I native-activity: Frame 275 time is 15.896ms
04-11 03:36:04.530 26567 26585 I native-activity: Doing egl_swapbuffers_sync 1
04-11 03:36:04.530 26567 26585 D native-activity: Reading pixels format 0x1908 type 0x1401 bpp 4
04-11 03:36:04.547 26567 26585 I native-activity: Read pixels, GL error is 0x0
04-11 03:36:04.547 26567 26585 I native-activity: Swap 275 time is 32.931ms
04-11 03:36:04.547 26567 26585 I native-activity: Animating
04-11 03:36:04.561 26567 26585 I native-activity: Frame 276 GL error is 0x506
04-11 03:36:04.561 26567 26585 I native-activity: Frame 276 time is 13.486ms
04-11 03:36:04.561 26567 26585 I native-activity: Doing egl_swapbuffers_sync 1
04-11 03:36:04.561 26567 26585 D native-activity: Reading pixels format 0x1908 type 0x1401 bpp 4
04-11 03:36:04.579 26567 26585 I native-activity: Read pixels, GL error is 0x0
04-11 03:36:04.579 26567 26585 I native-activity: Swap 276 time is 31.698ms
04-11 03:36:04.579 26567 26585 I native-activity: Animating
04-11 03:36:04.593 26567 26585 I native-activity: Frame 277 GL error is 0x506
04-11 03:36:04.593 26567 26585 I native-activity: Frame 277 time is 13.821ms
04-11 03:36:04.593 26567 26585 I native-activity: Doing egl_swapbuffers_sync 1
04-11 03:36:04.593 26567 26585 D native-activity: Reading pixels format 0x1908 type 0x1401 bpp 4
04-11 03:36:04.613 26567 26585 I native-activity: Read pixels, GL error is 0x0
04-11 03:36:04.613 26567 26585 I native-activity: Swap 277 time is 33.706ms
04-11 03:36:04.613 26567 26585 I native-activity: Animating
04-11 03:36:04.625 26567 26585 I native-activity: Frame 278 GL error is 0x506
04-11 03:36:04.625 26567 26585 I native-activity: Frame 278 time is 12.195ms
04-11 03:36:04.625 26567 26585 I native-activity: Doing egl_swapbuffers_sync 1
04-11 03:36:04.625 26567 26585 D native-activity: Reading pixels format 0x1908 type 0x1401 bpp 4
04-11 03:36:04.644 26567 26585 I native-activity: Read pixels, GL error is 0x0
04-11 03:36:04.644 26567 26585 I native-activity: Swap 278 time is 30.840ms
04-11 03:36:04.644 26567 26585 I native-activity: Animating
04-11 03:36:04.659 26567 26585 I native-activity: Frame 279 GL error is 0x506
04-11 03:36:04.659 26567 26585 I native-activity: Frame 279 time is 15.066ms
04-11 03:36:04.659 26567 26585 I native-activity: Doing egl_swapbuffers_sync 1
04-11 03:36:04.659 26567 26585 D native-activity: Reading pixels format 0x1908 type 0x1401 bpp 4
04-11 03:36:04.676 26567 26585 I native-activity: Read pixels, GL error is 0x0
04-11 03:36:04.676 26567 26585 I native-activity: Swap 279 time is 32.348ms
04-11 03:36:04.676 26567 26585 I native-activity: Animating
04-11 03:36:04.689 26567 26585 I native-activity: Frame 280 GL error is 0x506
04-11 03:36:04.690 26567 26585 I native-activity: Frame 280 time is 13.223ms
04-11 03:36:04.690 26567 26585 I native-activity: Doing egl_swapbuffers_sync 1
04-11 03:36:04.690 26567 26585 D native-activity: Reading pixels format 0x1908 type 0x1401 bpp 4
04-11 03:36:04.707 26567 26585 I native-activity: Read pixels, GL error is 0x0
04-11 03:36:04.708 26567 26585 I native-activity: Swap 280 time is 31.283ms
04-11 03:36:04.708 26567 26585 I native-activity: Animating
04-11 03:36:04.720 26567 26585 I native-activity: Frame 281 GL error is 0x506
04-11 03:36:04.720 26567 26585 I native-activity: Frame 281 time is 12.286ms
04-11 03:36:04.720 26567 26585 I native-activity: Doing egl_swapbuffers_sync 1
04-11 03:36:04.720 26567 26585 D native-activity: Reading pixels format 0x1908 type 0x1401 bpp 4
04-11 03:36:04.740 26567 26585 I native-activity: Read pixels, GL error is 0x0
04-11 03:36:04.740 26567 26585 I native-activity: Swap 281 time is 32.516ms
04-11 03:36:04.740 26567 26585 I native-activity: Animating
04-11 03:36:04.752 26567 26585 I native-activity: Frame 282 GL error is 0x506
04-11 03:36:04.752 26567 26585 I native-activity: Frame 282 time is 11.802ms
04-11 03:36:04.752 26567 26585 I native-activity: Doing egl_swapbuffers_sync 1
04-11 03:36:04.752 26567 26585 D native-activity: Reading pixels format 0x1908 type 0x1401 bpp 4
04-11 03:36:04.773 26567 26585 I native-activity: Read pixels, GL error is 0x0
04-11 03:36:04.773 26567 26585 I native-activity: Swap 282 time is 32.455ms
04-11 03:36:04.773 26567 26585 I native-activity: Animating
04-11 03:36:04.793 26567 26585 I native-activity: Frame 283 GL error is 0x506
04-11 03:36:04.793 26567 26585 I native-activity: Frame 283 time is 19.919ms
04-11 03:36:04.793 26567 26585 I native-activity: Doing egl_swapbuffers_sync 1
04-11 03:36:04.793 26567 26585 D native-activity: Reading pixels format 0x1908 type 0x1401 bpp 4
04-11 03:36:04.807 26567 26585 I native-activity: Read pixels, GL error is 0x0
04-11 03:36:04.807 26567 26585 I native-activity: Swap 283 time is 34.525ms
04-11 03:36:04.807 26567 26585 I native-activity: Animating
04-11 03:36:04.824 26567 26585 I native-activity: Frame 284 GL error is 0x506
04-11 03:36:04.825 26567 26585 I native-activity: Frame 284 time is 17.085ms
04-11 03:36:04.825 26567 26585 I native-activity: Doing egl_swapbuffers_sync 1
04-11 03:36:04.825 26567 26585 D native-activity: Reading pixels format 0x1908 type 0x1401 bpp 4
04-11 03:36:04.841 26567 26585 I native-activity: Read pixels, GL error is 0x0
04-11 03:36:04.841 26567 26585 I native-activity: Swap 284 time is 33.309ms
04-11 03:36:04.841 26567 26585 I native-activity: Animating
04-11 03:36:04.851 26567 26585 I native-activity: Frame 285 GL error is 0x506
04-11 03:36:04.851 26567 26585 I native-activity: Frame 285 time is 10.222ms
04-11 03:36:04.851 26567 26585 I native-activity: Doing egl_swapbuffers_sync 1
04-11 03:36:04.851 26567 26585 D native-activity: Reading pixels format 0x1908 type 0x1401 bpp 4
04-11 03:36:04.872 26567 26585 I native-activity: Read pixels, GL error is 0x0
04-11 03:36:04.872 26567 26585 I native-activity: Swap 285 time is 31.047ms
04-11 03:36:04.872 26567 26585 I native-activity: Animating
04-11 03:36:04.882 26567 26585 I native-activity: Frame 286 GL error is 0x506
04-11 03:36:04.882 26567 26585 I native-activity: Frame 286 time is 9.647ms
04-11 03:36:04.882 26567 26585 I native-activity: Doing egl_swapbuffers_sync 1
04-11 03:36:04.882 26567 26585 D native-activity: Reading pixels format 0x1908 type 0x1401 bpp 4
04-11 03:36:04.902 26567 26585 I native-activity: Read pixels, GL error is 0x0
04-11 03:36:04.902 26567 26585 I native-activity: Swap 286 time is 30.427ms
04-11 03:36:04.903 26567 26585 I native-activity: Animating
04-11 03:36:04.913 26567 26585 I native-activity: Frame 287 GL error is 0x506
04-11 03:36:04.913 26567 26585 I native-activity: Frame 287 time is 10.691ms
04-11 03:36:04.913 26567 26585 I native-activity: Doing egl_swapbuffers_sync 1
04-11 03:36:04.913 26567 26585 D native-activity: Reading pixels format 0x1908 type 0x1401 bpp 4
04-11 03:36:04.934 26567 26585 I native-activity: Read pixels, GL error is 0x0
04-11 03:36:04.934 26567 26585 I native-activity: Swap 287 time is 31.843ms
04-11 03:36:04.934 26567 26585 I native-activity: Animating
04-11 03:36:04.945 26567 26585 I native-activity: Frame 288 GL error is 0x506
04-11 03:36:04.945 26567 26585 I native-activity: Frame 288 time is 10.944ms
04-11 03:36:04.946 26567 26585 I native-activity: Doing egl_swapbuffers_sync 1
04-11 03:36:04.946 26567 26585 D native-activity: Reading pixels format 0x1908 type 0x1401 bpp 4
04-11 03:36:04.965 26567 26585 I native-activity: Read pixels, GL error is 0x0
04-11 03:36:04.965 26567 26585 I native-activity: Swap 288 time is 30.557ms
04-11 03:36:04.965 26567 26585 I native-activity: Animating
04-11 03:36:04.980 26567 26585 I native-activity: Frame 289 GL error is 0x506
04-11 03:36:04.980 26567 26585 I native-activity: Frame 289 time is 14.435ms
04-11 03:36:04.980 26567 26585 I native-activity: Doing egl_swapbuffers_sync 1
04-11 03:36:04.980 26567 26585 D native-activity: Reading pixels format 0x1908 type 0x1401 bpp 4
04-11 03:36:04.990   124 29840 I WVCdm   : CdmEngine::CloseSession
04-11 03:36:04.995   124 19422 D WVCdm   : PrepareKeyRequest: nonce=1328059079
04-11 03:36:04.997 26567 26585 I native-activity: Read pixels, GL error is 0x0
04-11 03:36:04.997 26567 26585 I native-activity: Swap 289 time is 31.785ms
04-11 03:36:04.997 26567 26585 I native-activity: Animating
04-11 03:36:05.006  8277 26627 I CheckinUtil: Classify the device as Tablet.
04-11 03:36:05.016 26567 26585 I native-activity: Frame 290 GL error is 0x506
04-11 03:36:05.016 26567 26585 I native-activity: Frame 290 time is 18.797ms
04-11 03:36:05.016 26567 26585 I native-activity: Doing egl_swapbuffers_sync 1
04-11 03:36:05.016 26567 26585 D native-activity: Reading pixels format 0x1908 type 0x1401 bpp 4
04-11 03:36:05.034 26567 26585 I native-activity: Read pixels, GL error is 0x0
04-11 03:36:05.034 26567 26585 I native-activity: Swap 290 time is 36.611ms
04-11 03:36:05.034 26567 26585 I native-activity: Animating
04-11 03:36:05.106 26567 26585 I native-activity: Frame 291 GL error is 0x506
04-11 03:36:05.106 26567 26585 I native-activity: Frame 291 time is 72.321ms
04-11 03:36:05.106 26567 26585 I native-activity: Doing egl_swapbuffers_sync 1
04-11 03:36:05.106 26567 26585 D native-activity: Reading pixels format 0x1908 type 0x1401 bpp 4
04-11 03:36:05.129 26567 26585 I native-activity: Read pixels, GL error is 0x0
04-11 03:36:05.129 26567 26585 I native-activity: Swap 291 time is 94.931ms
04-11 03:36:05.129 26567 26585 I native-activity: Animating
04-11 03:36:05.142 26567 26585 I native-activity: Frame 292 GL error is 0x506
04-11 03:36:05.142 26567 26585 I native-activity: Frame 292 time is 13.271ms
04-11 03:36:05.142 26567 26585 I native-activity: Doing egl_swapbuffers_sync 1
04-11 03:36:05.142 26567 26585 D native-activity: Reading pixels format 0x1908 type 0x1401 bpp 4
04-11 03:36:05.161 26567 26585 I native-activity: Read pixels, GL error is 0x0
04-11 03:36:05.161 26567 26585 I native-activity: Swap 292 time is 32.517ms
04-11 03:36:05.161 26567 26585 I native-activity: Animating
04-11 03:36:05.188 26567 26585 I native-activity: Frame 293 GL error is 0x506
04-11 03:36:05.188 26567 26585 I native-activity: Frame 293 time is 26.893ms
04-11 03:36:05.188 26567 26585 I native-activity: Doing egl_swapbuffers_sync 1
04-11 03:36:05.188 26567 26585 D native-activity: Reading pixels format 0x1908 type 0x1401 bpp 4
04-11 03:36:05.204 26567 26585 I native-activity: Read pixels, GL error is 0x0
04-11 03:36:05.204 26567 26585 I native-activity: Swap 293 time is 42.874ms
04-11 03:36:05.204 26567 26585 I native-activity: Animating
04-11 03:36:05.227 26567 26585 I native-activity: Frame 294 GL error is 0x506
04-11 03:36:05.227 26567 26585 I native-activity: Frame 294 time is 22.990ms
04-11 03:36:05.228 26567 26585 I native-activity: Doing egl_swapbuffers_sync 1
04-11 03:36:05.228 26567 26585 D native-activity: Reading pixels format 0x1908 type 0x1401 bpp 4
04-11 03:36:05.239 26567 26585 I native-activity: Read pixels, GL error is 0x0
04-11 03:36:05.239 26567 26585 I native-activity: Swap 294 time is 34.837ms
04-11 03:36:05.239 26567 26585 I native-activity: Animating
04-11 03:36:05.254 26567 26585 I native-activity: Frame 295 GL error is 0x506
04-11 03:36:05.254 26567 26585 I native-activity: Frame 295 time is 14.528ms
04-11 03:36:05.254 26567 26585 I native-activity: Doing egl_swapbuffers_sync 1
04-11 03:36:05.254 26567 26585 D native-activity: Reading pixels format 0x1908 type 0x1401 bpp 4
04-11 03:36:05.275 26567 26585 I native-activity: Read pixels, GL error is 0x0
04-11 03:36:05.275 26567 26585 I native-activity: Swap 295 time is 35.190ms
04-11 03:36:05.275 26567 26585 I native-activity: Animating
04-11 03:36:05.280   448   467 D gpslogd : agps_ril_update_network_availability: Waiting for IPC connection - timeout
04-11 03:36:05.280   448   467 E gpslogd : LIBGPS: Cannot communicate (write) with a GPSD
04-11 03:36:05.280   448   467 E gpslogd : IPC Communication Error, /tmp/12075037/customers/Asustek/Tabletandroid/../../../proprietary/deliverables/android/gps_interface/../gps_interface/gpsi_client/GpsiClient.cpp:1213 agps_ril_update_network_availability
04-11 03:36:05.293 26567 26585 I native-activity: Frame 296 GL error is 0x506
04-11 03:36:05.293 26567 26585 I native-activity: Frame 296 time is 18.089ms
04-11 03:36:05.293 26567 26585 I native-activity: Doing egl_swapbuffers_sync 1
04-11 03:36:05.293 26567 26585 D native-activity: Reading pixels format 0x1908 type 0x1401 bpp 4
04-11 03:36:05.312 26567 26585 I native-activity: Read pixels, GL error is 0x0
04-11 03:36:05.312 26567 26585 I native-activity: Swap 296 time is 36.883ms
04-11 03:36:05.312 26567 26585 I native-activity: Animating
04-11 03:36:05.328 26567 26585 I native-activity: Frame 297 GL error is 0x506
04-11 03:36:05.328 26567 26585 I native-activity: Frame 297 time is 16.629ms
04-11 03:36:05.328 26567 26585 I native-activity: Doing egl_swapbuffers_sync 1
04-11 03:36:05.328 26567 26585 D native-activity: Reading pixels format 0x1908 type 0x1401 bpp 4
04-11 03:36:05.346 26567 26585 I native-activity: Read pixels, GL error is 0x0
04-11 03:36:05.346 26567 26585 I native-activity: Swap 297 time is 34.251ms
04-11 03:36:05.346 26567 26585 I native-activity: Animating
04-11 03:36:05.363 26567 26585 I native-activity: Frame 298 GL error is 0x506
