04-11 03:39:49.849 28499 28522 I native-activity: Swap 385 time is 69.013ms
04-11 03:39:49.849 28499 28522 I native-activity: Animating
04-11 03:39:49.859 28499 28522 I native-activity: Frame 386 GL error is 0x506
04-11 03:39:49.859 28499 28522 I native-activity: Frame 386 time is 10.052ms
04-11 03:39:49.859 28499 28522 I native-activity: Doing egl_swapbuffers_sync 1
04-11 03:39:49.860 28499 28522 D native-activity: Reading pixels format 0x1908 type 0x1401 bpp 4
04-11 03:39:49.915 28499 28522 I native-activity: Read pixels, GL error is 0x0
04-11 03:39:49.915 28499 28522 I native-activity: Swap 386 time is 65.829ms
04-11 03:39:49.915 28499 28522 I native-activity: Animating
04-11 03:39:49.931 28499 28522 I native-activity: Frame 387 GL error is 0x506
04-11 03:39:49.932 28499 28522 I native-activity: Frame 387 time is 16.154ms
04-11 03:39:49.932 28499 28522 I native-activity: Doing egl_swapbuffers_sync 1
04-11 03:39:49.932 28499 28522 D native-activity: Reading pixels format 0x1908 type 0x1401 bpp 4
04-11 03:39:49.983 28499 28522 I native-activity: Read pixels, GL error is 0x0
04-11 03:39:49.983 28499 28522 I native-activity: Swap 387 time is 67.518ms
04-11 03:39:49.983 28499 28522 I native-activity: Animating
04-11 03:39:49.983   448   448 D BackupManagerService: Received broadcast Intent { act=android.intent.action.PACKAGE_CHANGED dat=package:com.google.android.gms flg=0x4000010 (has extras) }
04-11 03:39:49.983   448   448 I BackupManagerService: Unbinding ComponentInfo{com.google.android.gms/com.google.android.gms.backup.BackupTransportService}
04-11 03:39:50.004 28499 28522 I native-activity: Frame 388 GL error is 0x506
04-11 03:39:50.004 28499 28522 I native-activity: Frame 388 time is 20.839ms
04-11 03:39:50.004 28499 28522 I native-activity: Doing egl_swapbuffers_sync 1
04-11 03:39:50.004 28499 28522 D native-activity: Reading pixels format 0x1908 type 0x1401 bpp 4
04-11 03:39:50.012   448   448 I BackupManagerService: Binding to transport host ComponentInfo{com.google.android.gms/com.google.android.gms.backup.BackupTransportService}
04-11 03:39:50.048   448   448 V BackupManagerService: Connected to transport ComponentInfo{com.google.android.gms/com.google.android.gms.backup.BackupTransportService}
04-11 03:39:50.051   448   448 V BackupManagerService: Registering transport com.google.android.gms/.backup.BackupTransportService::com.google.android.gms/.backup.BackupTransportService = com.android.internal.backup.IBackupTransport$Stub$Proxy@23623472
04-11 03:39:50.052 28499 28522 I native-activity: Read pixels, GL error is 0x0
04-11 03:39:50.052 28499 28522 I native-activity: Swap 388 time is 69.024ms
04-11 03:39:50.052 28499 28522 I native-activity: Animating
04-11 03:39:50.069 28499 28522 I native-activity: Frame 389 GL error is 0x506
04-11 03:39:50.069 28499 28522 I native-activity: Frame 389 time is 16.668ms
04-11 03:39:50.069 28499 28522 I native-activity: Doing egl_swapbuffers_sync 1
04-11 03:39:50.069 28499 28522 D native-activity: Reading pixels format 0x1908 type 0x1401 bpp 4
04-11 03:39:50.122 28499 28522 I native-activity: Read pixels, GL error is 0x0
04-11 03:39:50.122 28499 28522 I native-activity: Swap 389 time is 69.775ms
04-11 03:39:50.122 28499 28522 I native-activity: Animating
04-11 03:39:50.135 28499 28522 I native-activity: Frame 390 GL error is 0x506
04-11 03:39:50.135 28499 28522 I native-activity: Frame 390 time is 13.117ms
04-11 03:39:50.135 28499 28522 I native-activity: Doing egl_swapbuffers_sync 1
04-11 03:39:50.135 28499 28522 D native-activity: Reading pixels format 0x1908 type 0x1401 bpp 4
04-11 03:39:50.188 28499 28522 I native-activity: Read pixels, GL error is 0x0
04-11 03:39:50.188 28499 28522 I native-activity: Swap 390 time is 65.962ms
04-11 03:39:50.188 28499 28522 I native-activity: Animating
04-11 03:39:50.199 28499 28522 I native-activity: Frame 391 GL error is 0x506
04-11 03:39:50.199 28499 28522 I native-activity: Frame 391 time is 10.734ms
04-11 03:39:50.199 28499 28522 I native-activity: Doing egl_swapbuffers_sync 1
04-11 03:39:50.199 28499 28522 D native-activity: Reading pixels format 0x1908 type 0x1401 bpp 4
04-11 03:39:50.253 28499 28522 I native-activity: Read pixels, GL error is 0x0
04-11 03:39:50.253 28499 28522 I native-activity: Swap 391 time is 65.175ms
04-11 03:39:50.254 28499 28522 I native-activity: Animating
04-11 03:39:50.269 28499 28522 I native-activity: Frame 392 GL error is 0x506
04-11 03:39:50.269 28499 28522 I native-activity: Frame 392 time is 15.239ms
04-11 03:39:50.269 28499 28522 I native-activity: Doing egl_swapbuffers_sync 1
04-11 03:39:50.269 28499 28522 D native-activity: Reading pixels format 0x1908 type 0x1401 bpp 4
04-11 03:39:50.320 28499 28522 I native-activity: Read pixels, GL error is 0x0
04-11 03:39:50.320 28499 28522 I native-activity: Swap 392 time is 66.586ms
04-11 03:39:50.320 28499 28522 I native-activity: Animating
04-11 03:39:50.334 28499 28522 I native-activity: Frame 393 GL error is 0x506
04-11 03:39:50.334 28499 28522 I native-activity: Frame 393 time is 13.446ms
04-11 03:39:50.334 28499 28522 I native-activity: Doing egl_swapbuffers_sync 1
04-11 03:39:50.334 28499 28522 D native-activity: Reading pixels format 0x1908 type 0x1401 bpp 4
04-11 03:39:50.385 28499 28522 I native-activity: Read pixels, GL error is 0x0
04-11 03:39:50.385 28499 28522 I native-activity: Swap 393 time is 64.801ms
04-11 03:39:50.385 28499 28522 I native-activity: Animating
04-11 03:39:50.401 28499 28522 I native-activity: Frame 394 GL error is 0x506
04-11 03:39:50.401 28499 28522 I native-activity: Frame 394 time is 16.148ms
04-11 03:39:50.401 28499 28522 I native-activity: Doing egl_swapbuffers_sync 1
04-11 03:39:50.402 28499 28522 D native-activity: Reading pixels format 0x1908 type 0x1401 bpp 4
04-11 03:39:50.452 28499 28522 I native-activity: Read pixels, GL error is 0x0
04-11 03:39:50.453 28499 28522 I native-activity: Swap 394 time is 67.278ms
04-11 03:39:50.453 28499 28522 I native-activity: Animating
04-11 03:39:50.467 28499 28522 I native-activity: Frame 395 GL error is 0x506
04-11 03:39:50.471 28499 28522 I native-activity: Frame 395 time is 14.684ms
04-11 03:39:50.471 28499 28522 I native-activity: Doing egl_swapbuffers_sync 1
04-11 03:39:50.471 28499 28522 D native-activity: Reading pixels format 0x1908 type 0x1401 bpp 4
04-11 03:39:50.522 28499 28522 I native-activity: Read pixels, GL error is 0x0
04-11 03:39:50.522 28499 28522 I native-activity: Swap 395 time is 69.791ms
04-11 03:39:50.523 28499 28522 I native-activity: Animating
04-11 03:39:50.540 28499 28522 I native-activity: Frame 396 GL error is 0x506
04-11 03:39:50.540 28499 28522 I native-activity: Frame 396 time is 17.605ms
04-11 03:39:50.540 28499 28522 I native-activity: Doing egl_swapbuffers_sync 1
04-11 03:39:50.540 28499 28522 D native-activity: Reading pixels format 0x1908 type 0x1401 bpp 4
04-11 03:39:50.589 28499 28522 I native-activity: Read pixels, GL error is 0x0
04-11 03:39:50.590 28499 28522 I native-activity: Swap 396 time is 66.998ms
04-11 03:39:50.590 28499 28522 I native-activity: Animating
04-11 03:39:50.606 28499 28522 I native-activity: Frame 397 GL error is 0x506
04-11 03:39:50.606 28499 28522 I native-activity: Frame 397 time is 16.082ms
04-11 03:39:50.606 28499 28522 I native-activity: Doing egl_swapbuffers_sync 1
04-11 03:39:50.606 28499 28522 D native-activity: Reading pixels format 0x1908 type 0x1401 bpp 4
04-11 03:39:50.657 28499 28522 I native-activity: Read pixels, GL error is 0x0
04-11 03:39:50.657 28499 28522 I native-activity: Swap 397 time is 67.191ms
04-11 03:39:50.657 28499 28522 I native-activity: Animating
04-11 03:39:50.686 28499 28522 I native-activity: Frame 398 GL error is 0x506
04-11 03:39:50.687 28499 28522 I native-activity: Frame 398 time is 29.428ms
04-11 03:39:50.687 28499 28522 I native-activity: Doing egl_swapbuffers_sync 1
04-11 03:39:50.687 28499 28522 D native-activity: Reading pixels format 0x1908 type 0x1401 bpp 4
04-11 03:39:50.734 28499 28522 I native-activity: Read pixels, GL error is 0x0
04-11 03:39:50.734 28499 28522 I native-activity: Swap 398 time is 76.854ms
04-11 03:39:50.734 28499 28522 I native-activity: Animating
04-11 03:39:50.756 28499 28522 I native-activity: Frame 399 GL error is 0x506
04-11 03:39:50.756 28499 28522 I native-activity: Frame 399 time is 22.272ms
04-11 03:39:50.756 28499 28522 I native-activity: Doing egl_swapbuffers_sync 1
04-11 03:39:50.757 28499 28522 D native-activity: Reading pixels format 0x1908 type 0x1401 bpp 4
04-11 03:39:50.787 25646 28632 I ApplicationLogger: canRun() : Opted Out
04-11 03:39:50.788 25646 28632 I UpdateIcingCorporaServi: UpdateCorporaTask done [took 3166 ms] updated apps [took 3165 ms] 
04-11 03:39:50.805 28499 28522 I native-activity: Read pixels, GL error is 0x0
04-11 03:39:50.805 28499 28522 I native-activity: Swap 399 time is 70.869ms
04-11 03:39:50.805 28499 28522 I native-activity: Animating
04-11 03:39:50.819 28499 28522 I native-activity: Frame 400 GL error is 0x506
04-11 03:39:50.819 28499 28522 I native-activity: Frame 400 time is 13.973ms
04-11 03:39:50.819 28499 28522 I native-activity: Doing egl_swapbuffers_sync 1
04-11 03:39:50.819 28499 28522 D native-activity: Reading pixels format 0x1908 type 0x1401 bpp 4
04-11 03:39:50.853  8277 25996 I Icing   : Indexing 3C149AD5B8816AD31C2E32D2A80EE5BD3F39B46A from com.google.android.gms
04-11 03:39:50.872 28499 28522 I native-activity: Read pixels, GL error is 0x0
04-11 03:39:50.872 28499 28522 I native-activity: Swap 400 time is 66.911ms
04-11 03:39:50.872 28499 28522 I native-activity: Animating
04-11 03:39:50.883 28499 28522 I native-activity: Frame 401 GL error is 0x506
04-11 03:39:50.884 28499 28522 I native-activity: Frame 401 time is 11.576ms
04-11 03:39:50.884 28499 28522 I native-activity: Doing egl_swapbuffers_sync 1
04-11 03:39:50.884 28499 28522 D native-activity: Reading pixels format 0x1908 type 0x1401 bpp 4
04-11 03:39:50.937 28499 28522 I native-activity: Read pixels, GL error is 0x0
04-11 03:39:50.937 28499 28522 I native-activity: Swap 401 time is 64.864ms
04-11 03:39:50.937 28499 28522 I native-activity: Animating
04-11 03:39:50.951 28499 28522 I native-activity: Frame 402 GL error is 0x506
04-11 03:39:50.951 28499 28522 I native-activity: Frame 402 time is 13.794ms
04-11 03:39:50.951 28499 28522 I native-activity: Doing egl_swapbuffers_sync 1
04-11 03:39:50.951 28499 28522 D native-activity: Reading pixels format 0x1908 type 0x1401 bpp 4
04-11 03:39:51.003 28499 28522 I native-activity: Read pixels, GL error is 0x0
04-11 03:39:51.003 28499 28522 I native-activity: Swap 402 time is 65.585ms
04-11 03:39:51.003 28499 28522 I native-activity: Animating
04-11 03:39:51.018 28499 28522 I native-activity: Frame 403 GL error is 0x506
04-11 03:39:51.019 28499 28522 I native-activity: Frame 403 time is 15.813ms
04-11 03:39:51.019 28499 28522 I native-activity: Doing egl_swapbuffers_sync 1
04-11 03:39:51.019 28499 28522 D native-activity: Reading pixels format 0x1908 type 0x1401 bpp 4
04-11 03:39:51.071 28499 28522 I native-activity: Read pixels, GL error is 0x0
04-11 03:39:51.071 28499 28522 I native-activity: Swap 403 time is 68.186ms
04-11 03:39:51.071 28499 28522 I native-activity: Animating
04-11 03:39:51.099 28499 28522 I native-activity: Frame 404 GL error is 0x506
04-11 03:39:51.099 28499 28522 I native-activity: Frame 404 time is 27.975ms
04-11 03:39:51.099 28499 28522 I native-activity: Doing egl_swapbuffers_sync 1
04-11 03:39:51.099 28499 28522 D native-activity: Reading pixels format 0x1908 type 0x1401 bpp 4
04-11 03:39:51.109  8230  8230 I GCoreNlp: shouldConfirmNlp, NLP off. Ensuring opt-in disabled
04-11 03:39:51.140 28499 28522 I native-activity: Read pixels, GL error is 0x0
04-11 03:39:51.140 28499 28522 I native-activity: Swap 404 time is 68.738ms
04-11 03:39:51.140 28499 28522 I native-activity: Animating
04-11 03:39:51.153 28499 28522 I native-activity: Frame 405 GL error is 0x506
04-11 03:39:51.153 28499 28522 I native-activity: Frame 405 time is 13.074ms
04-11 03:39:51.153 28499 28522 I native-activity: Doing egl_swapbuffers_sync 1
04-11 03:39:51.153 28499 28522 D native-activity: Reading pixels format 0x1908 type 0x1401 bpp 4
04-11 03:39:51.208 28499 28522 I native-activity: Read pixels, GL error is 0x0
04-11 03:39:51.209 28499 28522 I native-activity: Swap 405 time is 68.608ms
04-11 03:39:51.209 28499 28522 I native-activity: Animating
04-11 03:39:51.231 28499 28522 I native-activity: Frame 406 GL error is 0x506
04-11 03:39:51.231 28499 28522 I native-activity: Frame 406 time is 22.131ms
04-11 03:39:51.231 28499 28522 I native-activity: Doing egl_swapbuffers_sync 1
04-11 03:39:51.231 28499 28522 D native-activity: Reading pixels format 0x1908 type 0x1401 bpp 4
04-11 03:39:51.277 28499 28522 I native-activity: Read pixels, GL error is 0x0
04-11 03:39:51.277 28499 28522 I native-activity: Swap 406 time is 67.965ms
04-11 03:39:51.277 28499 28522 I native-activity: Animating
04-11 03:39:51.289  8277 25996 I Icing   : Indexing done 3C149AD5B8816AD31C2E32D2A80EE5BD3F39B46A
04-11 03:39:51.300 28499 28522 I native-activity: Frame 407 GL error is 0x506
04-11 03:39:51.301 28499 28522 I native-activity: Frame 407 time is 23.466ms
04-11 03:39:51.301 28499 28522 I native-activity: Doing egl_swapbuffers_sync 1
04-11 03:39:51.301 28499 28522 D native-activity: Reading pixels format 0x1908 type 0x1401 bpp 4
04-11 03:39:51.344 28499 28522 I native-activity: Read pixels, GL error is 0x0
04-11 03:39:51.344 28499 28522 I native-activity: Swap 407 time is 66.686ms
04-11 03:39:51.344 28499 28522 I native-activity: Animating
04-11 03:39:51.356 28499 28522 I native-activity: Frame 408 GL error is 0x506
04-11 03:39:51.357 28499 28522 I native-activity: Frame 408 time is 12.742ms
04-11 03:39:51.357 28499 28522 I native-activity: Doing egl_swapbuffers_sync 1
04-11 03:39:51.357 28499 28522 D native-activity: Reading pixels format 0x1908 type 0x1401 bpp 4
04-11 03:39:51.409 28499 28522 I native-activity: Read pixels, GL error is 0x0
04-11 03:39:51.409 28499 28522 I native-activity: Swap 408 time is 65.122ms
04-11 03:39:51.409 28499 28522 I native-activity: Animating
04-11 03:39:51.410   994  1029 W ResourcesManager: Asset path '/system/framework/com.google.android.media.effects.jar' does not exist or contains no resources.
04-11 03:39:51.421 28499 28522 I native-activity: Frame 409 GL error is 0x506
04-11 03:39:51.421 28499 28522 I native-activity: Frame 409 time is 12.239ms
04-11 03:39:51.421 28499 28522 I native-activity: Doing egl_swapbuffers_sync 1
04-11 03:39:51.421 28499 28522 D native-activity: Reading pixels format 0x1908 type 0x1401 bpp 4
04-11 03:39:51.475 28499 28522 I native-activity: Read pixels, GL error is 0x0
04-11 03:39:51.475 28499 28522 I native-activity: Swap 409 time is 65.978ms
04-11 03:39:51.475 28499 28522 I native-activity: Animating
04-11 03:39:51.509 28499 28522 I native-activity: Frame 410 GL error is 0x506
04-11 03:39:51.509 28499 28522 I native-activity: Frame 410 time is 34.109ms
04-11 03:39:51.509 28499 28522 I native-activity: Doing egl_swapbuffers_sync 1
04-11 03:39:51.510 28499 28522 D native-activity: Reading pixels format 0x1908 type 0x1401 bpp 4
04-11 03:39:51.533   994  1029 W ResourcesManager: Asset path '/system/framework/com.google.android.maps.jar' does not exist or contains no resources.
04-11 03:39:51.542 28499 28522 I native-activity: Read pixels, GL error is 0x0
04-11 03:39:51.542 28499 28522 I native-activity: Swap 410 time is 67.131ms
04-11 03:39:51.542 28499 28522 I native-activity: Animating
04-11 03:39:51.559 28499 28522 I native-activity: Frame 411 GL error is 0x506
04-11 03:39:51.559 28499 28522 I native-activity: Frame 411 time is 16.229ms
04-11 03:39:51.559 28499 28522 I native-activity: Doing egl_swapbuffers_sync 1
04-11 03:39:51.559 28499 28522 D native-activity: Reading pixels format 0x1908 type 0x1401 bpp 4
04-11 03:39:51.608 28499 28522 I native-activity: Read pixels, GL error is 0x0
04-11 03:39:51.608 28499 28522 I native-activity: Swap 411 time is 65.777ms
04-11 03:39:51.608 28499 28522 I native-activity: Animating
04-11 03:39:51.623 28499 28522 I native-activity: Frame 412 GL error is 0x506
04-11 03:39:51.623 28499 28522 I native-activity: Frame 412 time is 14.826ms
04-11 03:39:51.623 28499 28522 I native-activity: Doing egl_swapbuffers_sync 1
04-11 03:39:51.623 28499 28522 D native-activity: Reading pixels format 0x1908 type 0x1401 bpp 4
04-11 03:39:51.674 28499 28522 I native-activity: Read pixels, GL error is 0x0
04-11 03:39:51.674 28499 28522 I native-activity: Swap 412 time is 65.422ms
04-11 03:39:51.674 28499 28522 I native-activity: Animating
04-11 03:39:51.846   994  1029 W ResourcesManager: Asset path '/system/framework/com.google.android.maps.jar' does not exist or contains no resources.
04-11 03:39:51.873 28499 28522 I native-activity: Frame 413 GL error is 0x501
04-11 03:39:51.873 28499 28522 I native-activity: Frame 413 time is 198.783ms
04-11 03:39:51.873 28499 28522 I native-activity: Doing egl_swapbuffers_sync 1
04-11 03:39:51.873 28499 28522 D native-activity: Reading pixels format 0x1908 type 0x1401 bpp 4
04-11 03:39:51.923 28499 28522 I native-activity: Read pixels, GL error is 0x0
04-11 03:39:51.924 28499 28522 I native-activity: Swap 413 time is 249.557ms
04-11 03:39:51.924 28499 28522 I native-activity: Animating
04-11 03:39:51.954   448   613 D ConnectivityService: updateNetworkScore for NetworkAgentInfo [WIFI () - 2791] to 56
04-11 03:39:51.954   448   613 D ConnectivityService: rematching NetworkAgentInfo [WIFI () - 2791]
04-11 03:39:51.954   448   613 D ConnectivityService: Network NetworkAgentInfo [WIFI () - 2791] was already satisfying request 503. No change.
04-11 03:39:51.954   448   613 D ConnectivityService: Network NetworkAgentInfo [WIFI () - 2791] was already satisfying request 1. No change.
04-11 03:39:51.955   448   613 D ConnectivityService: notifyType AVAILABLE for NetworkAgentInfo [WIFI () - 2791]
04-11 03:39:51.955   666  1123 D ConnectivityManager.CallbackHandler: CM callback handler got msg 524290
04-11 03:39:51.956  8277 27307 D ConnectivityManager.CallbackHandler: CM callback handler got msg 524290
04-11 03:39:51.956 25234 25335 D ConnectivityManager.CallbackHandler: CM callback handler got msg 524290
04-11 03:39:51.957 25234 25335 D Event   : No subscribers registered for event class com.tplink.hellotp.shared.j
04-11 03:39:51.957 25234 25335 D Event   : No subscribers registered for event class de.greenrobot.event.f
04-11 03:39:51.957 25234 25335 D ConnectivityManager.CallbackHandler: CM callback handler got msg 524290
04-11 03:39:51.958 25234 25335 D Event   : No subscribers registered for event class com.tplink.hellotp.shared.j
04-11 03:39:51.958 25234 25335 D Event   : No subscribers registered for event class de.greenrobot.event.f
04-11 03:39:51.959 25472 25552 D ConnectivityManager.CallbackHandler: CM callback handler got msg 524290
04-11 03:39:52.132   994   994 I Launcher: Deferring update until onResume
04-11 03:39:52.181 28499 28522 I native-activity: Frame 414 GL error is 0x506
04-11 03:39:52.181 28499 28522 I native-activity: Frame 414 time is 257.135ms
04-11 03:39:52.181 28499 28522 I native-activity: Doing egl_swapbuffers_sync 1
04-11 03:39:52.181 28499 28522 D native-activity: Reading pixels format 0x1908 type 0x1401 bpp 4
04-11 03:39:52.229 28499 28522 I native-activity: Read pixels, GL error is 0x0
04-11 03:39:52.229 28499 28522 I native-activity: Swap 414 time is 305.008ms
04-11 03:39:52.229 28499 28522 I native-activity: Animating
04-11 03:39:52.238 28499 28522 I native-activity: Frame 415 GL error is 0x506
04-11 03:39:52.238 28499 28522 I native-activity: Frame 415 time is 9.098ms
04-11 03:39:52.238 28499 28522 I native-activity: Doing egl_swapbuffers_sync 1
04-11 03:39:52.238 28499 28522 D native-activity: Reading pixels format 0x1908 type 0x1401 bpp 4
04-11 03:39:52.292 28499 28522 I native-activity: Read pixels, GL error is 0x0
04-11 03:39:52.292 28499 28522 I native-activity: Swap 415 time is 62.821ms
04-11 03:39:52.292 28499 28522 I native-activity: Animating
04-11 03:39:52.303 28499 28522 I native-activity: Frame 416 GL error is 0x506
04-11 03:39:52.303 28499 28522 I native-activity: Frame 416 time is 11.187ms
04-11 03:39:52.303 28499 28522 I native-activity: Doing egl_swapbuffers_sync 1
04-11 03:39:52.303 28499 28522 D native-activity: Reading pixels format 0x1908 type 0x1401 bpp 4
04-11 03:39:52.355 28499 28522 I native-activity: Read pixels, GL error is 0x0
04-11 03:39:52.355 28499 28522 I native-activity: Swap 416 time is 62.936ms
04-11 03:39:52.355 28499 28522 I native-activity: Animating
04-11 03:39:52.365 28499 28522 I native-activity: Frame 417 GL error is 0x506
04-11 03:39:52.365 28499 28522 I native-activity: Frame 417 time is 10.228ms
04-11 03:39:52.365 28499 28522 I native-activity: Doing egl_swapbuffers_sync 1
04-11 03:39:52.365 28499 28522 D native-activity: Reading pixels format 0x1908 type 0x1401 bpp 4
04-11 03:39:52.417 28499 28522 I native-activity: Read pixels, GL error is 0x0
04-11 03:39:52.417 28499 28522 I native-activity: Swap 417 time is 62.666ms
04-11 03:39:52.418 28499 28522 I native-activity: Animating
04-11 03:39:52.433 28499 28522 I native-activity: Frame 418 GL error is 0x506
04-11 03:39:52.433 28499 28522 I native-activity: Frame 418 time is 15.292ms
04-11 03:39:52.433 28499 28522 I native-activity: Doing egl_swapbuffers_sync 1
04-11 03:39:52.433 28499 28522 D native-activity: Reading pixels format 0x1908 type 0x1401 bpp 4
04-11 03:39:52.483 28499 28522 I native-activity: Read pixels, GL error is 0x0
04-11 03:39:52.483 28499 28522 I native-activity: Swap 418 time is 65.791ms
04-11 03:39:52.483 28499 28522 I native-activity: Animating
04-11 03:39:52.490 28499 28522 I native-activity: Frame 419 GL error is 0x506
04-11 03:39:52.490 28499 28522 I native-activity: Frame 419 time is 6.796ms
04-11 03:39:52.490 28499 28522 I native-activity: Doing egl_swapbuffers_sync 1
04-11 03:39:52.490 28499 28522 D native-activity: Reading pixels format 0x1908 type 0x1401 bpp 4
04-11 03:39:52.532 28499 28522 I native-activity: Read pixels, GL error is 0x0
04-11 03:39:52.532 28499 28522 I native-activity: Swap 419 time is 48.610ms
04-11 03:39:52.532 28499 28522 I native-activity: Animating
04-11 03:39:52.537 28499 28522 I native-activity: Frame 420 GL error is 0x506
04-11 03:39:52.537 28499 28522 I native-activity: Frame 420 time is 5.299ms
04-11 03:39:52.538 28499 28522 I native-activity: Doing egl_swapbuffers_sync 1
04-11 03:39:52.538 28499 28522 D native-activity: Reading pixels format 0x1908 type 0x1401 bpp 4
04-11 03:39:52.580 28499 28522 I native-activity: Read pixels, GL error is 0x0
04-11 03:39:52.581 28499 28522 I native-activity: Swap 420 time is 48.365ms
04-11 03:39:52.581 28499 28522 I native-activity: Animating
04-11 03:39:52.588 28499 28522 I native-activity: Frame 421 GL error is 0x506
04-11 03:39:52.588 28499 28522 I native-activity: Frame 421 time is 6.954ms
04-11 03:39:52.588 28499 28522 I native-activity: Doing egl_swapbuffers_sync 1
04-11 03:39:52.588 28499 28522 D native-activity: Reading pixels format 0x1908 type 0x1401 bpp 4
04-11 03:39:52.630 28499 28522 I native-activity: Read pixels, GL error is 0x0
04-11 03:39:52.630 28499 28522 I native-activity: Swap 421 time is 49.605ms
04-11 03:39:52.630 28499 28522 I native-activity: Animating
04-11 03:39:52.660 28499 28522 I native-activity: Frame 422 GL error is 0x506
04-11 03:39:52.660 28499 28522 I native-activity: Frame 422 time is 29.289ms
04-11 03:39:52.660 28499 28522 I native-activity: Doing egl_swapbuffers_sync 1
04-11 03:39:52.660 28499 28522 D native-activity: Reading pixels format 0x1908 type 0x1401 bpp 4
04-11 03:39:52.684 28499 28522 I native-activity: Read pixels, GL error is 0x0
04-11 03:39:52.684 28499 28522 I native-activity: Swap 422 time is 53.202ms
04-11 03:39:52.684 28499 28522 I native-activity: Animating
04-11 03:39:52.707 28499 28522 I native-activity: Frame 423 GL error is 0x506
04-11 03:39:52.707 28499 28522 I native-activity: Frame 423 time is 23.571ms
04-11 03:39:52.707 28499 28522 I native-activity: Doing egl_swapbuffers_sync 1
04-11 03:39:52.707 28499 28522 D native-activity: Reading pixels format 0x1908 type 0x1401 bpp 4
04-11 03:39:52.741 28499 28522 I native-activity: Read pixels, GL error is 0x0
04-11 03:39:52.741 28499 28522 I native-activity: Swap 423 time is 57.297ms
04-11 03:39:52.741 28499 28522 I native-activity: Animating
04-11 03:39:52.765 28499 28522 I native-activity: Frame 424 GL error is 0x506
04-11 03:39:52.765 28499 28522 I native-activity: Frame 424 time is 24.189ms
04-11 03:39:52.765 28499 28522 I native-activity: Doing egl_swapbuffers_sync 1
04-11 03:39:52.765 28499 28522 D native-activity: Reading pixels format 0x1908 type 0x1401 bpp 4
04-11 03:39:52.802 28499 28522 I native-activity: Read pixels, GL error is 0x0
04-11 03:39:52.802 28499 28522 I native-activity: Swap 424 time is 60.521ms
04-11 03:39:52.802 28499 28522 I native-activity: Animating
04-11 03:39:52.818 28499 28522 I native-activity: Frame 425 GL error is 0x506
04-11 03:39:52.818 28499 28522 I native-activity: Frame 425 time is 15.885ms
04-11 03:39:52.818 28499 28522 I native-activity: Doing egl_swapbuffers_sync 1
04-11 03:39:52.818 28499 28522 D native-activity: Reading pixels format 0x1908 type 0x1401 bpp 4
04-11 03:39:52.858 28499 28522 I native-activity: Read pixels, GL error is 0x0
04-11 03:39:52.859 28499 28522 I native-activity: Swap 425 time is 56.717ms
04-11 03:39:52.859 28499 28522 I native-activity: Animating
04-11 03:39:52.873 28499 28522 I native-activity: Frame 426 GL error is 0x506
04-11 03:39:52.873 28499 28522 I native-activity: Frame 426 time is 14.245ms
04-11 03:39:52.873 28499 28522 I native-activity: Doing egl_swapbuffers_sync 1
04-11 03:39:52.873 28499 28522 D native-activity: Reading pixels format 0x1908 type 0x1401 bpp 4
04-11 03:39:52.916 28499 28522 I native-activity: Read pixels, GL error is 0x0
04-11 03:39:52.916 28499 28522 I native-activity: Swap 426 time is 57.599ms
04-11 03:39:52.916 28499 28522 I native-activity: Animating
04-11 03:39:52.933 28499 28522 I native-activity: Frame 427 GL error is 0x506
04-11 03:39:52.933 28499 28522 I native-activity: Frame 427 time is 16.825ms
04-11 03:39:52.933 28499 28522 I native-activity: Doing egl_swapbuffers_sync 1
04-11 03:39:52.933 28499 28522 D native-activity: Reading pixels format 0x1908 type 0x1401 bpp 4
04-11 03:39:52.974 28499 28522 I native-activity: Read pixels, GL error is 0x0
04-11 03:39:52.974 28499 28522 I native-activity: Swap 427 time is 57.369ms
04-11 03:39:52.974 28499 28522 I native-activity: Animating
04-11 03:39:52.990 28499 28522 I native-activity: Frame 428 GL error is 0x506
04-11 03:39:52.990 28499 28522 I native-activity: Frame 428 time is 16.351ms
04-11 03:39:52.990 28499 28522 I native-activity: Doing egl_swapbuffers_sync 1
04-11 03:39:52.990 28499 28522 D native-activity: Reading pixels format 0x1908 type 0x1401 bpp 4
04-11 03:39:53.031 28499 28522 I native-activity: Read pixels, GL error is 0x0
04-11 03:39:53.031 28499 28522 I native-activity: Swap 428 time is 56.847ms
04-11 03:39:53.031 28499 28522 I native-activity: Animating
04-11 03:39:53.048 28499 28522 I native-activity: Frame 429 GL error is 0x506
04-11 03:39:53.048 28499 28522 I native-activity: Frame 429 time is 17.277ms
04-11 03:39:53.048 28499 28522 I native-activity: Doing egl_swapbuffers_sync 1
04-11 03:39:53.048 28499 28522 D native-activity: Reading pixels format 0x1908 type 0x1401 bpp 4
04-11 03:39:53.089 28499 28522 I native-activity: Read pixels, GL error is 0x0
04-11 03:39:53.089 28499 28522 I native-activity: Swap 429 time is 58.259ms
04-11 03:39:53.089 28499 28522 I native-activity: Animating
04-11 03:39:53.104 28499 28522 I native-activity: Frame 430 GL error is 0x506
04-11 03:39:53.104 28499 28522 I native-activity: Frame 430 time is 14.389ms
04-11 03:39:53.104 28499 28522 I native-activity: Doing egl_swapbuffers_sync 1
04-11 03:39:53.104 28499 28522 D native-activity: Reading pixels format 0x1908 type 0x1401 bpp 4
04-11 03:39:53.146 28499 28522 I native-activity: Read pixels, GL error is 0x0
04-11 03:39:53.146 28499 28522 I native-activity: Swap 430 time is 56.967ms
04-11 03:39:53.146 28499 28522 I native-activity: Animating
04-11 03:39:53.163 28499 28522 I native-activity: Frame 431 GL error is 0x506
04-11 03:39:53.163 28499 28522 I native-activity: Frame 431 time is 16.595ms
04-11 03:39:53.163 28499 28522 I native-activity: Doing egl_swapbuffers_sync 1
04-11 03:39:53.163 28499 28522 D native-activity: Reading pixels format 0x1908 type 0x1401 bpp 4
04-11 03:39:53.204 28499 28522 I native-activity: Read pixels, GL error is 0x0
04-11 03:39:53.204 28499 28522 I native-activity: Swap 431 time is 57.318ms
04-11 03:39:53.204 28499 28522 I native-activity: Animating
04-11 03:39:53.221 28499 28522 I native-activity: Frame 432 GL error is 0x506
04-11 03:39:53.222 28499 28522 I native-activity: Frame 432 time is 17.788ms
04-11 03:39:53.222 28499 28522 I native-activity: Doing egl_swapbuffers_sync 1
04-11 03:39:53.222 28499 28522 D native-activity: Reading pixels format 0x1908 type 0x1401 bpp 4
04-11 03:39:53.263 28499 28522 I native-activity: Read pixels, GL error is 0x0
04-11 03:39:53.263 28499 28522 I native-activity: Swap 432 time is 59.251ms
04-11 03:39:53.263 28499 28522 I native-activity: Animating
04-11 03:39:53.285 28499 28522 I native-activity: Frame 433 GL error is 0x506
04-11 03:39:53.286 28499 28522 I native-activity: Frame 433 time is 22.842ms
04-11 03:39:53.286 28499 28522 I native-activity: Doing egl_swapbuffers_sync 1
04-11 03:39:53.286 28499 28522 D native-activity: Reading pixels format 0x1908 type 0x1401 bpp 4
04-11 03:39:53.325 28499 28522 I native-activity: Read pixels, GL error is 0x0
04-11 03:39:53.325 28499 28522 I native-activity: Swap 433 time is 61.657ms
04-11 03:39:53.325 28499 28522 I native-activity: Animating
04-11 03:39:53.344 28499 28522 I native-activity: Frame 434 GL error is 0x506
04-11 03:39:53.344 28499 28522 I native-activity: Frame 434 time is 18.788ms
04-11 03:39:53.344 28499 28522 I native-activity: Doing egl_swapbuffers_sync 1
04-11 03:39:53.344 28499 28522 D native-activity: Reading pixels format 0x1908 type 0x1401 bpp 4
04-11 03:39:53.384 28499 28522 I native-activity: Read pixels, GL error is 0x0
04-11 03:39:53.384 28499 28522 I native-activity: Swap 434 time is 59.020ms
04-11 03:39:53.384 28499 28522 I native-activity: Animating
04-11 03:39:53.403 28499 28522 I native-activity: Frame 435 GL error is 0x506
04-11 03:39:53.403 28499 28522 I native-activity: Frame 435 time is 18.984ms
04-11 03:39:53.403 28499 28522 I native-activity: Doing egl_swapbuffers_sync 1
04-11 03:39:53.403 28499 28522 D native-activity: Reading pixels format 0x1908 type 0x1401 bpp 4
04-11 03:39:53.445 28499 28522 I native-activity: Read pixels, GL error is 0x0
04-11 03:39:53.445 28499 28522 I native-activity: Swap 435 time is 60.816ms
04-11 03:39:53.445 28499 28522 I native-activity: Animating
04-11 03:39:53.461 28499 28522 I native-activity: Frame 436 GL error is 0x506
04-11 03:39:53.461 28499 28522 I native-activity: Frame 436 time is 15.806ms
04-11 03:39:53.461 28499 28522 I native-activity: Doing egl_swapbuffers_sync 1
04-11 03:39:53.461 28499 28522 D native-activity: Reading pixels format 0x1908 type 0x1401 bpp 4
04-11 03:39:53.504 28499 28522 I native-activity: Read pixels, GL error is 0x0
04-11 03:39:53.504 28499 28522 I native-activity: Swap 436 time is 58.949ms
04-11 03:39:53.504 28499 28522 I native-activity: Animating
04-11 03:39:53.524 28499 28522 I native-activity: Frame 437 GL error is 0x506
04-11 03:39:53.524 28499 28522 I native-activity: Frame 437 time is 19.269ms
04-11 03:39:53.524 28499 28522 I native-activity: Doing egl_swapbuffers_sync 1
04-11 03:39:53.524 28499 28522 D native-activity: Reading pixels format 0x1908 type 0x1401 bpp 4
04-11 03:39:53.559 28499 28522 I native-activity: Read pixels, GL error is 0x0
04-11 03:39:53.559 28499 28522 I native-activity: Swap 437 time is 54.221ms
04-11 03:39:53.559 28499 28522 I native-activity: Animating
04-11 03:39:53.577 28499 28522 I native-activity: Frame 438 GL error is 0x506
04-11 03:39:53.577 28499 28522 I native-activity: Frame 438 time is 18.603ms
04-11 03:39:53.577 28499 28522 I native-activity: Doing egl_swapbuffers_sync 1
04-11 03:39:53.578 28499 28522 D native-activity: Reading pixels format 0x1908 type 0x1401 bpp 4
04-11 03:39:53.611 28499 28522 I native-activity: Read pixels, GL error is 0x0
04-11 03:39:53.611 28499 28522 I native-activity: Swap 438 time is 51.854ms
04-11 03:39:53.611 28499 28522 I native-activity: Animating
04-11 03:39:53.621 28499 28522 I native-activity: Frame 439 GL error is 0x506
04-11 03:39:53.622 28499 28522 I native-activity: Frame 439 time is 10.791ms
04-11 03:39:53.622 28499 28522 I native-activity: Doing egl_swapbuffers_sync 1
04-11 03:39:53.622 28499 28522 D native-activity: Reading pixels format 0x1908 type 0x1401 bpp 4
04-11 03:39:53.663 28499 28522 I native-activity: Read pixels, GL error is 0x0
04-11 03:39:53.663 28499 28522 I native-activity: Swap 439 time is 52.358ms
04-11 03:39:53.663 28499 28522 I native-activity: Animating
04-11 03:39:53.682 28499 28522 I native-activity: Frame 440 GL error is 0x506
04-11 03:39:53.683 28499 28522 I native-activity: Frame 440 time is 19.313ms
04-11 03:39:53.683 28499 28522 I native-activity: Doing egl_swapbuffers_sync 1
04-11 03:39:53.683 28499 28522 D native-activity: Reading pixels format 0x1908 type 0x1401 bpp 4
04-11 03:39:53.726 28499 28522 I native-activity: Read pixels, GL error is 0x0
04-11 03:39:53.726 28499 28522 I native-activity: Swap 440 time is 62.600ms
04-11 03:39:53.726 28499 28522 I native-activity: Animating
04-11 03:39:53.742 28499 28522 I native-activity: Frame 441 GL error is 0x506
04-11 03:39:53.742 28499 28522 I native-activity: Frame 441 time is 16.221ms
04-11 03:39:53.742 28499 28522 I native-activity: Doing egl_swapbuffers_sync 1
04-11 03:39:53.742 28499 28522 D native-activity: Reading pixels format 0x1908 type 0x1401 bpp 4
04-11 03:39:53.788 28499 28522 I native-activity: Read pixels, GL error is 0x0
04-11 03:39:53.788 28499 28522 I native-activity: Swap 441 time is 62.218ms
04-11 03:39:53.788 28499 28522 I native-activity: Animating
04-11 03:39:53.807 28499 28522 I native-activity: Frame 442 GL error is 0x506
04-11 03:39:53.807 28499 28522 I native-activity: Frame 442 time is 18.684ms
04-11 03:39:53.807 28499 28522 I native-activity: Doing egl_swapbuffers_sync 1
04-11 03:39:53.807 28499 28522 D native-activity: Reading pixels format 0x1908 type 0x1401 bpp 4
04-11 03:39:53.851 28499 28522 I native-activity: Read pixels, GL error is 0x0
04-11 03:39:53.851 28499 28522 I native-activity: Swap 442 time is 62.719ms
04-11 03:39:53.851 28499 28522 I native-activity: Animating
04-11 03:39:53.873 28499 28522 I native-activity: Frame 443 GL error is 0x506
04-11 03:39:53.873 28499 28522 I native-activity: Frame 443 time is 21.827ms
04-11 03:39:53.873 28499 28522 I native-activity: Doing egl_swapbuffers_sync 1
04-11 03:39:53.873 28499 28522 D native-activity: Reading pixels format 0x1908 type 0x1401 bpp 4
04-11 03:39:53.917 28499 28522 I native-activity: Read pixels, GL error is 0x0
04-11 03:39:53.917 28499 28522 I native-activity: Swap 443 time is 65.878ms
04-11 03:39:53.917 28499 28522 I native-activity: Animating
04-11 03:39:53.940 28499 28522 I native-activity: Frame 444 GL error is 0x506
04-11 03:39:53.940 28499 28522 I native-activity: Frame 444 time is 22.404ms
04-11 03:39:53.940 28499 28522 I native-activity: Doing egl_swapbuffers_sync 1
04-11 03:39:53.941 28499 28522 D native-activity: Reading pixels format 0x1908 type 0x1401 bpp 4
04-11 03:39:53.983 28499 28522 I native-activity: Read pixels, GL error is 0x0
04-11 03:39:53.983 28499 28522 I native-activity: Swap 444 time is 65.633ms
04-11 03:39:53.983 28499 28522 I native-activity: Animating
04-11 03:39:54.002 28499 28522 I native-activity: Frame 445 GL error is 0x506
04-11 03:39:54.002 28499 28522 I native-activity: Frame 445 time is 18.397ms
04-11 03:39:54.002 28499 28522 I native-activity: Doing egl_swapbuffers_sync 1
04-11 03:39:54.002 28499 28522 D native-activity: Reading pixels format 0x1908 type 0x1401 bpp 4
04-11 03:39:54.046 28499 28522 I native-activity: Read pixels, GL error is 0x0
04-11 03:39:54.046 28499 28522 I native-activity: Swap 445 time is 62.523ms
04-11 03:39:54.046 28499 28522 I native-activity: Animating
04-11 03:39:54.066 28499 28522 I native-activity: Frame 446 GL error is 0x506
04-11 03:39:54.066 28499 28522 I native-activity: Frame 446 time is 19.733ms
04-11 03:39:54.066 28499 28522 I native-activity: Doing egl_swapbuffers_sync 1
04-11 03:39:54.066 28499 28522 D native-activity: Reading pixels format 0x1908 type 0x1401 bpp 4
04-11 03:39:54.109 28499 28522 I native-activity: Read pixels, GL error is 0x0
04-11 03:39:54.109 28499 28522 I native-activity: Swap 446 time is 62.792ms
04-11 03:39:54.109 28499 28522 I native-activity: Animating
04-11 03:39:54.125 28499 28522 I native-activity: Frame 447 GL error is 0x506
04-11 03:39:54.126 28499 28522 I native-activity: Frame 447 time is 16.674ms
04-11 03:39:54.126 28499 28522 I native-activity: Doing egl_swapbuffers_sync 1
04-11 03:39:54.126 28499 28522 D native-activity: Reading pixels format 0x1908 type 0x1401 bpp 4
04-11 03:39:54.171 28499 28522 I native-activity: Read pixels, GL error is 0x0
04-11 03:39:54.171 28499 28522 I native-activity: Swap 447 time is 62.289ms
04-11 03:39:54.171 28499 28522 I native-activity: Animating
04-11 03:39:54.189 28499 28522 I native-activity: Frame 448 GL error is 0x506
04-11 03:39:54.189 28499 28522 I native-activity: Frame 448 time is 18.051ms
04-11 03:39:54.190 28499 28522 I native-activity: Doing egl_swapbuffers_sync 1
04-11 03:39:54.190 28499 28522 D native-activity: Reading pixels format 0x1908 type 0x1401 bpp 4
04-11 03:39:54.233 28499 28522 I native-activity: Read pixels, GL error is 0x0
04-11 03:39:54.233 28499 28522 I native-activity: Swap 448 time is 62.063ms
04-11 03:39:54.234 28499 28522 I native-activity: Animating
04-11 03:39:54.254 28499 28522 I native-activity: Frame 449 GL error is 0x506
04-11 03:39:54.254 28499 28522 I native-activity: Frame 449 time is 20.789ms
04-11 03:39:54.254 28499 28522 I native-activity: Doing egl_swapbuffers_sync 1
04-11 03:39:54.255 28499 28522 D native-activity: Reading pixels format 0x1908 type 0x1401 bpp 4
04-11 03:39:54.298 28499 28522 I native-activity: Read pixels, GL error is 0x0
04-11 03:39:54.298 28499 28522 I native-activity: Swap 449 time is 64.269ms
04-11 03:39:54.298 28499 28522 I native-activity: Animating
04-11 03:39:54.314 28499 28522 I native-activity: Frame 450 GL error is 0x506
04-11 03:39:54.314 28499 28522 I native-activity: Frame 450 time is 15.630ms
04-11 03:39:54.314 28499 28522 I native-activity: Doing egl_swapbuffers_sync 1
04-11 03:39:54.314 28499 28522 D native-activity: Reading pixels format 0x1908 type 0x1401 bpp 4
04-11 03:39:54.359 28499 28522 I native-activity: Read pixels, GL error is 0x0
04-11 03:39:54.359 28499 28522 I native-activity: Swap 450 time is 61.296ms
04-11 03:39:54.359 28499 28522 I native-activity: Animating
04-11 03:39:54.374 28499 28522 I native-activity: Frame 451 GL error is 0x506
04-11 03:39:54.374 28499 28522 I native-activity: Frame 451 time is 14.379ms
04-11 03:39:54.374 28499 28522 I native-activity: Doing egl_swapbuffers_sync 1
04-11 03:39:54.374 28499 28522 D native-activity: Reading pixels format 0x1908 type 0x1401 bpp 4
04-11 03:39:54.420 28499 28522 I native-activity: Read pixels, GL error is 0x0
04-11 03:39:54.420 28499 28522 I native-activity: Swap 451 time is 61.003ms
04-11 03:39:54.421 28499 28522 I native-activity: Animating
04-11 03:39:54.435 28499 28522 I native-activity: Frame 452 GL error is 0x506
04-11 03:39:54.435 28499 28522 I native-activity: Frame 452 time is 14.361ms
04-11 03:39:54.435 28499 28522 I native-activity: Doing egl_swapbuffers_sync 1
04-11 03:39:54.435 28499 28522 D native-activity: Reading pixels format 0x1908 type 0x1401 bpp 4
04-11 03:39:54.481 28499 28522 I native-activity: Read pixels, GL error is 0x0
04-11 03:39:54.482 28499 28522 I native-activity: Swap 452 time is 60.972ms
04-11 03:39:54.482 28499 28522 I native-activity: Animating
04-11 03:39:54.496 28499 28522 I native-activity: Frame 453 GL error is 0x506
04-11 03:39:54.496 28499 28522 I native-activity: Frame 453 time is 14.480ms
04-11 03:39:54.496 28499 28522 I native-activity: Doing egl_swapbuffers_sync 1
04-11 03:39:54.496 28499 28522 D native-activity: Reading pixels format 0x1908 type 0x1401 bpp 4
04-11 03:39:54.543 28499 28522 I native-activity: Read pixels, GL error is 0x0
04-11 03:39:54.543 28499 28522 I native-activity: Swap 453 time is 61.169ms
04-11 03:39:54.543 28499 28522 I native-activity: Animating
04-11 03:39:54.559 28499 28522 I native-activity: Frame 454 GL error is 0x506
04-11 03:39:54.559 28499 28522 I native-activity: Frame 454 time is 15.806ms
04-11 03:39:54.559 28499 28522 I native-activity: Doing egl_swapbuffers_sync 1
04-11 03:39:54.559 28499 28522 D native-activity: Reading pixels format 0x1908 type 0x1401 bpp 4
04-11 03:39:54.604 28499 28522 I native-activity: Read pixels, GL error is 0x0
04-11 03:39:54.604 28499 28522 I native-activity: Swap 454 time is 61.370ms
04-11 03:39:54.604 28499 28522 I native-activity: Animating
04-11 03:39:54.621 28499 28522 I native-activity: Frame 455 GL error is 0x506
04-11 03:39:54.621 28499 28522 I native-activity: Frame 455 time is 16.626ms
04-11 03:39:54.621 28499 28522 I native-activity: Doing egl_swapbuffers_sync 1
04-11 03:39:54.621 28499 28522 D native-activity: Reading pixels format 0x1908 type 0x1401 bpp 4
04-11 03:39:54.666 28499 28522 I native-activity: Read pixels, GL error is 0x0
04-11 03:39:54.666 28499 28522 I native-activity: Swap 455 time is 61.628ms
04-11 03:39:54.666 28499 28522 I native-activity: Animating
04-11 03:39:54.684 28499 28522 I native-activity: Frame 456 GL error is 0x506
04-11 03:39:54.684 28499 28522 I native-activity: Frame 456 time is 17.642ms
04-11 03:39:54.684 28499 28522 I native-activity: Doing egl_swapbuffers_sync 1
04-11 03:39:54.684 28499 28522 D native-activity: Reading pixels format 0x1908 type 0x1401 bpp 4
04-11 03:39:54.728 28499 28522 I native-activity: Read pixels, GL error is 0x0
04-11 03:39:54.728 28499 28522 I native-activity: Swap 456 time is 61.866ms
04-11 03:39:54.728 28499 28522 I native-activity: Animating
04-11 03:39:54.743 28499 28522 I native-activity: Frame 457 GL error is 0x506
04-11 03:39:54.743 28499 28522 I native-activity: Frame 457 time is 15.162ms
04-11 03:39:54.743 28499 28522 I native-activity: Doing egl_swapbuffers_sync 1
04-11 03:39:54.744 28499 28522 D native-activity: Reading pixels format 0x1908 type 0x1401 bpp 4
04-11 03:39:54.790 28499 28522 I native-activity: Read pixels, GL error is 0x0
04-11 03:39:54.790 28499 28522 I native-activity: Swap 457 time is 61.393ms
04-11 03:39:54.790 28499 28522 I native-activity: Animating
04-11 03:39:54.805 28499 28522 I native-activity: Frame 458 GL error is 0x506
04-11 03:39:54.805 28499 28522 I native-activity: Frame 458 time is 15.131ms
04-11 03:39:54.805 28499 28522 I native-activity: Doing egl_swapbuffers_sync 1
04-11 03:39:54.805 28499 28522 D native-activity: Reading pixels format 0x1908 type 0x1401 bpp 4
04-11 03:39:54.851 28499 28522 I native-activity: Read pixels, GL error is 0x0
04-11 03:39:54.851 28499 28522 I native-activity: Swap 458 time is 61.068ms
04-11 03:39:54.851 28499 28522 I native-activity: Animating
04-11 03:39:54.869 28499 28522 I native-activity: Frame 459 GL error is 0x506
04-11 03:39:54.870 28499 28522 I native-activity: Frame 459 time is 18.455ms
04-11 03:39:54.870 28499 28522 I native-activity: Doing egl_swapbuffers_sync 1
04-11 03:39:54.870 28499 28522 D native-activity: Reading pixels format 0x1908 type 0x1401 bpp 4
04-11 03:39:54.913 28499 28522 I native-activity: Read pixels, GL error is 0x0
04-11 03:39:54.913 28499 28522 I native-activity: Swap 459 time is 61.971ms
04-11 03:39:54.913 28499 28522 I native-activity: Animating
04-11 03:39:54.932 28499 28522 I native-activity: Frame 460 GL error is 0x506
04-11 03:39:54.932 28499 28522 I native-activity: Frame 460 time is 18.821ms
04-11 03:39:54.932 28499 28522 I native-activity: Doing egl_swapbuffers_sync 1
04-11 03:39:54.932 28499 28522 D native-activity: Reading pixels format 0x1908 type 0x1401 bpp 4
04-11 03:39:54.964   448   613 D ConnectivityService: updateNetworkScore for NetworkAgentInfo [WIFI () - 2791] to 55
04-11 03:39:54.964   448   613 D ConnectivityService: rematching NetworkAgentInfo [WIFI () - 2791]
04-11 03:39:54.964   448   613 D ConnectivityService: Network NetworkAgentInfo [WIFI () - 2791] was already satisfying request 503. No change.
04-11 03:39:54.964   448   613 D ConnectivityService: Network NetworkAgentInfo [WIFI () - 2791] was already satisfying request 1. No change.
04-11 03:39:54.964   448   613 D ConnectivityService: notifyType AVAILABLE for NetworkAgentInfo [WIFI () - 2791]
04-11 03:39:54.967  8277 27307 D ConnectivityManager.CallbackHandler: CM callback handler got msg 524290
04-11 03:39:54.967 25234 25335 D ConnectivityManager.CallbackHandler: CM callback handler got msg 524290
04-11 03:39:54.968   666  1123 D ConnectivityManager.CallbackHandler: CM callback handler got msg 524290
04-11 03:39:54.970 25234 25335 D Event   : No subscribers registered for event class com.tplink.hellotp.shared.j
04-11 03:39:54.970 25234 25335 D Event   : No subscribers registered for event class de.greenrobot.event.f
04-11 03:39:54.970 25234 25335 D ConnectivityManager.CallbackHandler: CM callback handler got msg 524290
04-11 03:39:54.970 25472 25552 D ConnectivityManager.CallbackHandler: CM callback handler got msg 524290
04-11 03:39:54.972 25234 25335 D Event   : No subscribers registered for event class com.tplink.hellotp.shared.j
04-11 03:39:54.972 25234 25335 D Event   : No subscribers registered for event class de.greenrobot.event.f
04-11 03:39:54.977 28499 28522 I native-activity: Read pixels, GL error is 0x0
04-11 03:39:54.977 28499 28522 I native-activity: Swap 460 time is 63.726ms
04-11 03:39:54.977 28499 28522 I native-activity: Animating
04-11 03:39:54.994 28499 28522 I native-activity: Frame 461 GL error is 0x506
04-11 03:39:54.994 28499 28522 I native-activity: Frame 461 time is 17.292ms
04-11 03:39:54.994 28499 28522 I native-activity: Doing egl_swapbuffers_sync 1
04-11 03:39:54.994 28499 28522 D native-activity: Reading pixels format 0x1908 type 0x1401 bpp 4
04-11 03:39:55.039 28499 28522 I native-activity: Read pixels, GL error is 0x0
04-11 03:39:55.039 28499 28522 I native-activity: Swap 461 time is 61.904ms
04-11 03:39:55.039 28499 28522 I native-activity: Animating
04-11 03:39:55.120 28499 28522 I native-activity: Frame 462 GL error is 0x506
04-11 03:39:55.121 28499 28522 I native-activity: Frame 462 time is 81.492ms
04-11 03:39:55.121 28499 28522 I native-activity: Doing egl_swapbuffers_sync 1
04-11 03:39:55.121 28499 28522 D native-activity: Reading pixels format 0x1908 type 0x1401 bpp 4
04-11 03:39:55.147 28499 28522 I native-activity: Read pixels, GL error is 0x0
04-11 03:39:55.147 28499 28522 I native-activity: Swap 462 time is 108.045ms
04-11 03:39:55.147 28499 28522 I native-activity: Animating
04-11 03:39:55.160 28499 28522 I native-activity: Frame 463 GL error is 0x506
04-11 03:39:55.160 28499 28522 I native-activity: Frame 463 time is 12.384ms
04-11 03:39:55.160 28499 28522 I native-activity: Doing egl_swapbuffers_sync 1
04-11 03:39:55.160 28499 28522 D native-activity: Reading pixels format 0x1908 type 0x1401 bpp 4
04-11 03:39:55.203 28499 28522 I native-activity: Read pixels, GL error is 0x0
04-11 03:39:55.203 28499 28522 I native-activity: Swap 463 time is 55.573ms
04-11 03:39:55.203 28499 28522 I native-activity: Animating
04-11 03:39:55.209 28499 28522 I native-activity: Frame 464 GL error is 0x506
04-11 03:39:55.209 28499 28522 I native-activity: Frame 464 time is 6.287ms
04-11 03:39:55.209 28499 28522 I native-activity: Doing egl_swapbuffers_sync 1
04-11 03:39:55.209 28499 28522 D native-activity: Reading pixels format 0x1908 type 0x1401 bpp 4
04-11 03:39:55.255 28499 28522 I native-activity: Read pixels, GL error is 0x0
04-11 03:39:55.255 28499 28522 I native-activity: Swap 464 time is 52.405ms
04-11 03:39:55.256 28499 28522 I native-activity: Animating
04-11 03:39:55.266 28499 28522 I native-activity: Frame 465 GL error is 0x506
04-11 03:39:55.266 28499 28522 I native-activity: Frame 465 time is 10.104ms
04-11 03:39:55.266 28499 28522 I native-activity: Doing egl_swapbuffers_sync 1
04-11 03:39:55.266 28499 28522 D native-activity: Reading pixels format 0x1908 type 0x1401 bpp 4
