04-11 03:36:56.515 27796 27817 I native-activity: Swap 221 time is 10.162ms
04-11 03:36:56.515 27796 27817 I native-activity: Animating
04-11 03:36:56.516 27796 27817 I native-activity: Frame 222 GL error is 0x0
04-11 03:36:56.516 27796 27817 I native-activity: Frame 222 time is 0.743ms
04-11 03:36:56.525 27796 27817 I native-activity: Swap 222 time is 10.002ms
04-11 03:36:56.526 27796 27817 I native-activity: Animating
04-11 03:36:56.526 27796 27817 I native-activity: Frame 223 GL error is 0x0
04-11 03:36:56.527 27796 27817 I native-activity: Frame 223 time is 0.853ms
04-11 03:36:56.536 27796 27817 I native-activity: Swap 223 time is 10.049ms
04-11 03:36:56.536 27796 27817 I native-activity: Animating
04-11 03:36:56.536 27796 27817 I native-activity: Frame 224 GL error is 0x0
04-11 03:36:56.537 27796 27817 I native-activity: Frame 224 time is 0.779ms
04-11 03:36:56.542 25646 27825 I UpdateIcingCorporaServi: Updating corpora: APPS=com.google.android.gms, CONTACTS=MAYBE
04-11 03:36:56.548 27796 27817 I native-activity: Swap 224 time is 12.044ms
04-11 03:36:56.548 27796 27817 I native-activity: Animating
04-11 03:36:56.746  8277 27833 D Wear_Controller: Received broadcast action=android.intent.action.PACKAGE_CHANGED and uri=com.google.android.gms
04-11 03:36:56.772  8277 18146 I Icing   : updateResources: need to parse sor{com.google.android.gms}
04-11 03:36:56.836 27796 27817 I native-activity: Frame 225 GL error is 0x501
04-11 03:36:56.836 27796 27817 I native-activity: Frame 225 time is 287.877ms
04-11 03:36:56.855 27796 27817 I native-activity: Swap 225 time is 307.310ms
04-11 03:36:56.856 27796 27817 I native-activity: Animating
04-11 03:36:56.857 27796 27817 I native-activity: Frame 226 GL error is 0x0
04-11 03:36:56.857 27796 27817 I native-activity: Frame 226 time is 1.348ms
04-11 03:36:56.877 27796 27817 I native-activity: Swap 226 time is 20.904ms
04-11 03:36:56.877 27796 27817 I native-activity: Animating
04-11 03:36:56.900  8277 27759 W IcingInternalCorpora: getNumBytesRead when not calculated.
04-11 03:36:56.913 27796 27817 I native-activity: Frame 227 GL error is 0x0
04-11 03:36:56.913 27796 27817 I native-activity: Frame 227 time is 36.286ms
04-11 03:36:56.925 27796 27817 I native-activity: Swap 227 time is 48.386ms
04-11 03:36:56.925 27796 27817 I native-activity: Animating
04-11 03:36:56.943 27796 27817 I native-activity: Frame 228 GL error is 0x0
04-11 03:36:56.943 27796 27817 I native-activity: Frame 228 time is 17.889ms
04-11 03:36:56.956 27796 27817 I native-activity: Swap 228 time is 30.127ms
04-11 03:36:56.956 27796 27817 I native-activity: Animating
04-11 03:36:56.964 27796 27817 I native-activity: Frame 229 GL error is 0x0
04-11 03:36:56.964 27796 27817 I native-activity: Frame 229 time is 8.573ms
04-11 03:36:56.982 27796 27817 I native-activity: Swap 229 time is 26.591ms
04-11 03:36:56.982 27796 27817 I native-activity: Animating
04-11 03:36:56.990 27796 27817 I native-activity: Frame 230 GL error is 0x0
04-11 03:36:56.991 27796 27817 I native-activity: Frame 230 time is 8.141ms
04-11 03:36:57.009 27796 27817 I native-activity: Swap 230 time is 26.289ms
04-11 03:36:57.009 27796 27817 I native-activity: Animating
04-11 03:36:57.024 27796 27817 I native-activity: Frame 231 GL error is 0x0
04-11 03:36:57.024 27796 27817 I native-activity: Frame 231 time is 14.885ms
04-11 03:36:57.036 27796 27817 I native-activity: Swap 231 time is 27.154ms
04-11 03:36:57.036 27796 27817 I native-activity: Animating
04-11 03:36:57.058 27796 27817 I native-activity: Frame 232 GL error is 0x501
04-11 03:36:57.059 27796 27817 I native-activity: Frame 232 time is 22.259ms
04-11 03:36:57.077 27796 27817 I native-activity: Swap 232 time is 40.826ms
04-11 03:36:57.077 27796 27817 I native-activity: Animating
04-11 03:36:57.100 27796 27817 I native-activity: Frame 233 GL error is 0x501
04-11 03:36:57.101 27796 27817 I native-activity: Frame 233 time is 23.358ms
04-11 03:36:57.118 27796 27817 I native-activity: Swap 233 time is 40.882ms
04-11 03:36:57.118 27796 27817 I native-activity: Animating
04-11 03:36:57.123 27796 27817 I native-activity: Frame 234 GL error is 0x0
04-11 03:36:57.123 27796 27817 I native-activity: Frame 234 time is 4.693ms
04-11 03:36:57.142 27796 27817 I native-activity: Swap 234 time is 23.513ms
04-11 03:36:57.142 27796 27817 I native-activity: Animating
04-11 03:36:57.145 27796 27817 I native-activity: Frame 235 GL error is 0x0
04-11 03:36:57.145 27796 27817 I native-activity: Frame 235 time is 2.589ms
04-11 03:36:57.164 27796 27817 I native-activity: Swap 235 time is 21.769ms
04-11 03:36:57.164 27796 27817 I native-activity: Animating
04-11 03:36:57.166  8277 18146 I Icing   : Usage reports 0 indexed 0 rejected 0 imm upload true
04-11 03:36:57.169 27796 27817 I native-activity: Frame 236 GL error is 0x0
04-11 03:36:57.169 27796 27817 I native-activity: Frame 236 time is 4.723ms
04-11 03:36:57.186 27796 27817 I native-activity: Swap 236 time is 21.778ms
04-11 03:36:57.186 27796 27817 I native-activity: Animating
04-11 03:36:57.190 27796 27817 I native-activity: Frame 237 GL error is 0x0
04-11 03:36:57.191 27796 27817 I native-activity: Frame 237 time is 4.616ms
04-11 03:36:57.208 27796 27817 I native-activity: Swap 237 time is 21.843ms
04-11 03:36:57.208 27796 27817 I native-activity: Animating
04-11 03:36:57.213 27796 27817 I native-activity: Frame 238 GL error is 0x0
04-11 03:36:57.213 27796 27817 I native-activity: Frame 238 time is 5.185ms
04-11 03:36:57.231 27796 27817 I native-activity: Swap 238 time is 22.853ms
04-11 03:36:57.231 27796 27817 I native-activity: Animating
04-11 03:36:57.241 27796 27817 I native-activity: Frame 239 GL error is 0x0
04-11 03:36:57.241 27796 27817 I native-activity: Frame 239 time is 10.263ms
04-11 03:36:57.242  8277 18146 I Icing   : Usage reports 0 indexed 0 rejected 0 imm upload false
04-11 03:36:57.254 27796 27817 I native-activity: Swap 239 time is 22.417ms
04-11 03:36:57.254 27796 27817 I native-activity: Animating
04-11 03:36:57.264  8277 18146 I Icing   : Usage reports 0 indexed 0 rejected 0 imm upload false
04-11 03:36:57.423 27796 27817 I native-activity: Frame 240 GL error is 0x501
04-11 03:36:57.423 27796 27817 I native-activity: Frame 240 time is 169.505ms
04-11 03:36:57.442 27796 27817 I native-activity: Swap 240 time is 188.223ms
04-11 03:36:57.442 27796 27817 I native-activity: Animating
04-11 03:36:57.488 27796 27817 I native-activity: Frame 241 GL error is 0x501
04-11 03:36:57.488 27796 27817 I native-activity: Frame 241 time is 45.952ms
04-11 03:36:57.507 27796 27817 I native-activity: Swap 241 time is 64.571ms
04-11 03:36:57.507 27796 27817 I native-activity: Animating
04-11 03:36:57.613 27796 27817 I native-activity: Frame 242 GL error is 0x0
04-11 03:36:57.614 27796 27817 I native-activity: Frame 242 time is 106.613ms
04-11 03:36:57.632 27796 27817 I native-activity: Swap 242 time is 125.278ms
04-11 03:36:57.632 27796 27817 I native-activity: Animating
04-11 03:36:57.668 27796 27817 I native-activity: Frame 243 GL error is 0x0
04-11 03:36:57.668 27796 27817 I native-activity: Frame 243 time is 35.350ms
04-11 03:36:57.687 27796 27817 I native-activity: Swap 243 time is 54.334ms
04-11 03:36:57.687 27796 27817 I native-activity: Animating
04-11 03:36:57.699 27796 27817 I native-activity: Frame 244 GL error is 0x0
04-11 03:36:57.699 27796 27817 I native-activity: Frame 244 time is 11.678ms
04-11 03:36:57.721 27796 27817 I native-activity: Swap 244 time is 33.741ms
04-11 03:36:57.721 27796 27817 I native-activity: Animating
04-11 03:36:57.780   448   448 D BackupManagerService: Received broadcast Intent { act=android.intent.action.PACKAGE_CHANGED dat=package:com.google.android.gms flg=0x4000010 (has extras) }
04-11 03:36:57.780   448   448 I BackupManagerService: Unbinding ComponentInfo{com.google.android.gms/com.google.android.gms.backup.BackupTransportService}
04-11 03:36:57.788   448   448 I BackupManagerService: Binding to transport host ComponentInfo{com.google.android.gms/com.google.android.gms.backup.BackupTransportService}
04-11 03:36:57.807 27796 27817 I native-activity: Frame 245 GL error is 0x0
04-11 03:36:57.808 27796 27817 I native-activity: Frame 245 time is 86.172ms
04-11 03:36:57.820 27796 27817 I native-activity: Swap 245 time is 98.646ms
04-11 03:36:57.820 27796 27817 I native-activity: Animating
04-11 03:36:57.854 27796 27817 I native-activity: Frame 246 GL error is 0x0
04-11 03:36:57.855 27796 27817 I native-activity: Frame 246 time is 34.566ms
04-11 03:36:57.859 25646 27825 I ApplicationLogger: canRun() : Opted Out
04-11 03:36:57.859 25646 27825 I UpdateIcingCorporaServi: UpdateCorporaTask done [took 1317 ms] updated apps [took 1317 ms] 
04-11 03:36:57.875 27796 27817 I native-activity: Swap 246 time is 54.320ms
04-11 03:36:57.875 27796 27817 I native-activity: Animating
04-11 03:36:57.892   448   448 V BackupManagerService: Connected to transport ComponentInfo{com.google.android.gms/com.google.android.gms.backup.BackupTransportService}
04-11 03:36:57.893   448   448 V BackupManagerService: Registering transport com.google.android.gms/.backup.BackupTransportService::com.google.android.gms/.backup.BackupTransportService = com.android.internal.backup.IBackupTransport$Stub$Proxy@4d201da
04-11 03:36:57.910 25234 25234 D Event   : No subscribers registered for event class com.tplink.hellotp.shared.o
04-11 03:36:57.911 25234 25234 D Event   : No subscribers registered for event class de.greenrobot.event.f
04-11 03:36:57.969 27796 27817 I native-activity: Frame 247 GL error is 0x500
04-11 03:36:57.969 27796 27817 I native-activity: Frame 247 time is 94.559ms
04-11 03:36:57.987 27796 27817 I native-activity: Swap 247 time is 111.725ms
04-11 03:36:57.987 27796 27817 I native-activity: Animating
04-11 03:36:58.006 27796 27817 I native-activity: Frame 248 GL error is 0x506
04-11 03:36:58.006 27796 27817 I native-activity: Frame 248 time is 19.527ms
04-11 03:36:58.025 27796 27817 I native-activity: Swap 248 time is 38.171ms
04-11 03:36:58.025 27796 27817 I native-activity: Animating
04-11 03:36:58.055 27796 27817 I native-activity: Frame 249 GL error is 0x506
04-11 03:36:58.055 27796 27817 I native-activity: Frame 249 time is 29.565ms
04-11 03:36:58.075 27796 27817 I native-activity: Swap 249 time is 49.738ms
04-11 03:36:58.075 27796 27817 I native-activity: Animating
04-11 03:36:58.110 27796 27817 I native-activity: Frame 250 GL error is 0x506
04-11 03:36:58.111 27796 27817 I native-activity: Frame 250 time is 35.458ms
04-11 03:36:58.122 27796 27817 I native-activity: Swap 250 time is 47.352ms
04-11 03:36:58.123 27796 27817 I native-activity: Animating
04-11 03:36:58.136 27796 27817 I native-activity: Frame 251 GL error is 0x506
04-11 03:36:58.137 27796 27817 I native-activity: Frame 251 time is 14.016ms
04-11 03:36:58.158 27796 27817 I native-activity: Swap 251 time is 35.513ms
04-11 03:36:58.158 27796 27817 I native-activity: Animating
04-11 03:36:58.175 27796 27817 I native-activity: Frame 252 GL error is 0x506
04-11 03:36:58.176 27796 27817 I native-activity: Frame 252 time is 17.330ms
04-11 03:36:58.198 27796 27817 I native-activity: Swap 252 time is 39.851ms
04-11 03:36:58.198 27796 27817 I native-activity: Animating
04-11 03:36:58.223 27796 27817 I native-activity: Frame 253 GL error is 0x506
04-11 03:36:58.223 27796 27817 I native-activity: Frame 253 time is 25.183ms
04-11 03:36:58.246 27796 27817 I native-activity: Swap 253 time is 47.733ms
04-11 03:36:58.246 27796 27817 I native-activity: Animating
04-11 03:36:58.262 27796 27817 I native-activity: Frame 254 GL error is 0x506
04-11 03:36:58.262 27796 27817 I native-activity: Frame 254 time is 16.168ms
04-11 03:36:58.287 27796 27817 I native-activity: Swap 254 time is 40.665ms
04-11 03:36:58.287 27796 27817 I native-activity: Animating
04-11 03:36:58.295  8230  8230 I GCoreNlp: shouldConfirmNlp, NLP off. Ensuring opt-in disabled
04-11 03:36:58.310  8277 18146 I Icing   : Indexing 3C149AD5B8816AD31C2E32D2A80EE5BD3F39B46A from com.google.android.gms
04-11 03:36:58.310 27796 27817 I native-activity: Frame 255 GL error is 0x506
04-11 03:36:58.311 27796 27817 I native-activity: Frame 255 time is 23.415ms
04-11 03:36:58.330 27796 27817 I native-activity: Swap 255 time is 43.313ms
04-11 03:36:58.331 27796 27817 I native-activity: Animating
04-11 03:36:58.367 27796 27817 I native-activity: Frame 256 GL error is 0x506
04-11 03:36:58.367 27796 27817 I native-activity: Frame 256 time is 36.025ms
04-11 03:36:58.382 27796 27817 I native-activity: Swap 256 time is 51.229ms
04-11 03:36:58.382 27796 27817 I native-activity: Animating
04-11 03:36:58.404 27796 27817 I native-activity: Frame 257 GL error is 0x506
04-11 03:36:58.404 27796 27817 I native-activity: Frame 257 time is 22.051ms
04-11 03:36:58.424 27796 27817 I native-activity: Swap 257 time is 41.751ms
04-11 03:36:58.424 27796 27817 I native-activity: Animating
04-11 03:36:58.454 27796 27817 I native-activity: Frame 258 GL error is 0x506
04-11 03:36:58.455 27796 27817 I native-activity: Frame 258 time is 30.590ms
04-11 03:36:58.474 27796 27817 I native-activity: Swap 258 time is 50.220ms
04-11 03:36:58.475 27796 27817 I native-activity: Animating
04-11 03:36:58.476  8277 18146 I Icing   : Indexing done 3C149AD5B8816AD31C2E32D2A80EE5BD3F39B46A
04-11 03:36:58.495 27796 27817 I native-activity: Context 0x5a6aef80 made current on surface 0x5ab86e40, error 0x3000
04-11 03:36:58.495 27796 27817 I native-activity: GL information
04-11 03:36:58.495 27796 27817 I native-activity: 	Renderer: NVIDIA Tegra 3
04-11 03:36:58.495 27796 27817 I native-activity: 	Vendor: NVIDIA Corporation
04-11 03:36:58.495 27796 27817 I native-activity: 	Version: OpenGL ES 2.0 14.01003
04-11 03:36:58.495 27796 27817 I native-activity: 	Shading Language: OpenGL ES GLSL 1.00
04-11 03:36:58.495 27796 27817 I native-activity: 	Extensions: GL_OES_rgb8_rgba8 GL_OES_EGL_sync GL_OES_fbo_render_mipmap GL_NV_depth_nonlinear GL_NV_draw_path GL_NV_texture_npot_2D_mipmap GL_OES_EGL_image GL_OES_EGL_image_external GL_OES_vertex_half_float GL_OES_mapbuffer GL_NV_draw_buffers GL_NV_multiview_draw_buffers GL_EXT_Cg_shader GL_EXT_packed_float GL_OES_texture_half_float GL_EXT_texture_array GL_OES_compressed_ETC1_RGB8_texture GL_EXT_texture_compression_latc GL_NV_texture_compression_latc GL_EXT_texture_compression_dxt1 GL_EXT_texture_compression_s3tc GL_NV_texture_compression_s3tc GL_EXT_texture_filter_anisotropic GL_NV_get_tex_image GL_NV_read_buffer GL_NV_shader_framebuffer_fetch GL_NV_copy_image GL_NV_fbo_color_attachments GL_EXT_bgra GL_EXT_texture_format_BGRA8888 GL_EXT_unpack_subimage GL_NV_pack_subimage GL_NV_texture_compression_s3tc_update GL_NV_read_depth GL_NV_read_stencil GL_NV_uniform_buffer_object GL_EXT_robustness GL_OES_standard_derivatives GL_NV_EGL_stream_consumer_external GL_NV_3dvision_settings GL_EXT_debug_marker GL_EXT_debug
04-11 03:36:58.495 27796 27817 I native-activity: Context 0x5a6aef80 made current on surface 0x5ab86e40, error 0x3000
04-11 03:36:58.495 27796 27817 I native-activity: GL information
04-11 03:36:58.495 27796 27817 I native-activity: 	Renderer: NVIDIA Tegra 3
04-11 03:36:58.495 27796 27817 I native-activity: 	Vendor: NVIDIA Corporation
04-11 03:36:58.495 27796 27817 I native-activity: 	Version: OpenGL ES 2.0 14.01003
04-11 03:36:58.495 27796 27817 I native-activity: 	Shading Language: OpenGL ES GLSL 1.00
04-11 03:36:58.495 27796 27817 I native-activity: 	Extensions: GL_OES_rgb8_rgba8 GL_OES_EGL_sync GL_OES_fbo_render_mipmap GL_NV_depth_nonlinear GL_NV_draw_path GL_NV_texture_npot_2D_mipmap GL_OES_EGL_image GL_OES_EGL_image_external GL_OES_vertex_half_float GL_OES_mapbuffer GL_NV_draw_buffers GL_NV_multiview_draw_buffers GL_EXT_Cg_shader GL_EXT_packed_float GL_OES_texture_half_float GL_EXT_texture_array GL_OES_compressed_ETC1_RGB8_texture GL_EXT_texture_compression_latc GL_NV_texture_compression_latc GL_EXT_texture_compression_dxt1 GL_EXT_texture_compression_s3tc GL_NV_texture_compression_s3tc GL_EXT_texture_filter_anisotropic GL_NV_get_tex_image GL_NV_read_buffer GL_NV_shader_framebuffer_fetch GL_NV_copy_image GL_NV_fbo_color_attachments GL_EXT_bgra GL_EXT_texture_format_BGRA8888 GL_EXT_unpack_subimage GL_NV_pack_subimage GL_NV_texture_compression_s3tc_update GL_NV_read_depth GL_NV_read_stencil GL_NV_uniform_buffer_object GL_EXT_robustness GL_OES_standard_derivatives GL_NV_EGL_stream_consumer_external GL_NV_3dvision_settings GL_EXT_debug_marker GL_EXT_debug
04-11 03:36:58.495 27796 27817 I native-activity: Frame 259 GL error is 0x506
04-11 03:36:58.496 27796 27817 I native-activity: Frame 259 time is 20.974ms
04-11 03:36:58.510 27796 27817 I native-activity: Swap 259 time is 35.829ms
04-11 03:36:58.511 27796 27817 I native-activity: Animating
04-11 03:36:58.533 27796 27817 I native-activity: Frame 260 GL error is 0x506
04-11 03:36:58.533 27796 27817 I native-activity: Frame 260 time is 22.515ms
04-11 03:36:58.548 27796 27817 I native-activity: Swap 260 time is 37.276ms
04-11 03:36:58.548 27796 27817 I native-activity: Animating
04-11 03:36:58.557   994  1029 W ResourcesManager: Asset path '/system/framework/com.google.android.media.effects.jar' does not exist or contains no resources.
04-11 03:36:58.574 27796 27817 I native-activity: Frame 261 GL error is 0x506
04-11 03:36:58.574 27796 27817 I native-activity: Frame 261 time is 25.802ms
04-11 03:36:58.589 27796 27817 I native-activity: Swap 261 time is 40.865ms
04-11 03:36:58.589 27796 27817 I native-activity: Animating
04-11 03:36:58.613 27796 27817 I native-activity: Frame 262 GL error is 0x506
04-11 03:36:58.613 27796 27817 I native-activity: Frame 262 time is 24.267ms
04-11 03:36:58.626 27796 27817 I native-activity: Swap 262 time is 36.894ms
04-11 03:36:58.626 27796 27817 I native-activity: Animating
04-11 03:36:58.636   994  1029 W ResourcesManager: Asset path '/system/framework/com.google.android.maps.jar' does not exist or contains no resources.
04-11 03:36:58.656 27796 27817 I native-activity: Frame 263 GL error is 0x506
04-11 03:36:58.656 27796 27817 I native-activity: Frame 263 time is 29.901ms
04-11 03:36:58.671 27796 27817 I native-activity: Swap 263 time is 44.954ms
04-11 03:36:58.671 27796 27817 I native-activity: Animating
04-11 03:36:58.681  8277 18146 I Icing   : Usage reports 0 indexed 0 rejected 0 imm upload false
04-11 03:36:58.705 27796 27817 I native-activity: Frame 264 GL error is 0x506
04-11 03:36:58.705 27796 27817 I native-activity: Frame 264 time is 33.358ms
04-11 03:36:58.721 27796 27817 I native-activity: Swap 264 time is 49.449ms
04-11 03:36:58.721 27796 27817 I native-activity: Animating
04-11 03:36:58.732   994  1029 W ResourcesManager: Asset path '/system/framework/com.google.android.maps.jar' does not exist or contains no resources.
04-11 03:36:58.740 27796 27817 I native-activity: Frame 265 GL error is 0x506
04-11 03:36:58.740 27796 27817 I native-activity: Frame 265 time is 18.587ms
04-11 03:36:58.756 27796 27817 I native-activity: Swap 265 time is 34.687ms
04-11 03:36:58.756 27796 27817 I native-activity: Animating
04-11 03:36:58.760   994   994 I Launcher: Deferring update until onResume
04-11 03:36:58.769 27796 27817 I native-activity: Frame 266 GL error is 0x506
04-11 03:36:58.769 27796 27817 I native-activity: Frame 266 time is 13.450ms
04-11 03:36:58.792 27796 27817 I native-activity: Swap 266 time is 36.466ms
04-11 03:36:58.792 27796 27817 I native-activity: Animating
04-11 03:36:58.806 27796 27817 I native-activity: Frame 267 GL error is 0x506
04-11 03:36:58.807 27796 27817 I native-activity: Frame 267 time is 14.112ms
04-11 03:36:58.827 27796 27817 I native-activity: Swap 267 time is 34.112ms
04-11 03:36:58.827 27796 27817 I native-activity: Animating
04-11 03:36:58.839 27796 27817 I native-activity: Frame 268 GL error is 0x506
04-11 03:36:58.839 27796 27817 I native-activity: Frame 268 time is 12.750ms
04-11 03:36:58.861 27796 27817 I native-activity: Swap 268 time is 34.244ms
04-11 03:36:58.861 27796 27817 I native-activity: Animating
04-11 03:36:58.877 27796 27817 I native-activity: Frame 269 GL error is 0x506
04-11 03:36:58.877 27796 27817 I native-activity: Frame 269 time is 15.967ms
04-11 03:36:58.900 27796 27817 I native-activity: Swap 269 time is 39.267ms
04-11 03:36:58.900 27796 27817 I native-activity: Animating
04-11 03:36:58.918 27796 27817 I native-activity: Frame 270 GL error is 0x506
04-11 03:36:58.919 27796 27817 I native-activity: Frame 270 time is 18.082ms
04-11 03:36:58.940 27796 27817 I native-activity: Swap 270 time is 39.911ms
04-11 03:36:58.940 27796 27817 I native-activity: Animating
04-11 03:36:58.953 27796 27817 I native-activity: Frame 271 GL error is 0x506
04-11 03:36:58.953 27796 27817 I native-activity: Frame 271 time is 12.652ms
04-11 03:36:58.972 27796 27817 I native-activity: Swap 271 time is 31.981ms
04-11 03:36:58.973 27796 27817 I native-activity: Animating
04-11 03:36:58.985 27796 27817 I native-activity: Frame 272 GL error is 0x506
04-11 03:36:58.986 27796 27817 I native-activity: Frame 272 time is 12.933ms
04-11 03:36:59.007 27796 27817 I native-activity: Swap 272 time is 34.493ms
04-11 03:36:59.007 27796 27817 I native-activity: Animating
04-11 03:36:59.018 27796 27817 I native-activity: Frame 273 GL error is 0x506
04-11 03:36:59.018 27796 27817 I native-activity: Frame 273 time is 10.955ms
04-11 03:36:59.041 27796 27817 I native-activity: Swap 273 time is 33.417ms
04-11 03:36:59.041 27796 27817 I native-activity: Animating
04-11 03:36:59.056 27796 27817 I native-activity: Frame 274 GL error is 0x506
04-11 03:36:59.057 27796 27817 I native-activity: Frame 274 time is 15.857ms
04-11 03:36:59.079 27796 27817 I native-activity: Swap 274 time is 38.711ms
04-11 03:36:59.079 27796 27817 I native-activity: Animating
04-11 03:36:59.092 27796 27817 I native-activity: Frame 275 GL error is 0x506
04-11 03:36:59.093 27796 27817 I native-activity: Frame 275 time is 12.985ms
04-11 03:36:59.114 27796 27817 I native-activity: Swap 275 time is 34.502ms
04-11 03:36:59.114 27796 27817 I native-activity: Animating
04-11 03:36:59.128 27796 27817 I native-activity: Frame 276 GL error is 0x506
04-11 03:36:59.128 27796 27817 I native-activity: Frame 276 time is 13.790ms
04-11 03:36:59.147 27796 27817 I native-activity: Swap 276 time is 33.042ms
04-11 03:36:59.147 27796 27817 I native-activity: Animating
04-11 03:36:59.159 27796 27817 I native-activity: Frame 277 GL error is 0x506
04-11 03:36:59.159 27796 27817 I native-activity: Frame 277 time is 11.944ms
04-11 03:36:59.182 27796 27817 I native-activity: Swap 277 time is 34.298ms
04-11 03:36:59.182 27796 27817 I native-activity: Animating
04-11 03:36:59.194 27796 27817 I native-activity: Frame 278 GL error is 0x506
04-11 03:36:59.194 27796 27817 I native-activity: Frame 278 time is 12.023ms
04-11 03:36:59.214 27796 27817 I native-activity: Swap 278 time is 32.142ms
04-11 03:36:59.214 27796 27817 I native-activity: Animating
04-11 03:36:59.225 27796 27817 I native-activity: Frame 279 GL error is 0x506
04-11 03:36:59.225 27796 27817 I native-activity: Frame 279 time is 11.005ms
04-11 03:36:59.248 27796 27817 I native-activity: Swap 279 time is 33.610ms
04-11 03:36:59.248 27796 27817 I native-activity: Animating
04-11 03:36:59.259 27796 27817 I native-activity: Frame 280 GL error is 0x506
04-11 03:36:59.259 27796 27817 I native-activity: Frame 280 time is 11.599ms
04-11 03:36:59.280 27796 27817 I native-activity: Swap 280 time is 32.434ms
04-11 03:36:59.280 27796 27817 I native-activity: Animating
04-11 03:36:59.290 27796 27817 I native-activity: Frame 281 GL error is 0x506
04-11 03:36:59.290 27796 27817 I native-activity: Frame 281 time is 9.646ms
04-11 03:36:59.313 27796 27817 I native-activity: Swap 281 time is 32.783ms
04-11 03:36:59.313 27796 27817 I native-activity: Animating
04-11 03:36:59.325 27796 27817 I native-activity: Frame 282 GL error is 0x506
04-11 03:36:59.325 27796 27817 I native-activity: Frame 282 time is 12.071ms
04-11 03:36:59.346 27796 27817 I native-activity: Swap 282 time is 32.910ms
04-11 03:36:59.346 27796 27817 I native-activity: Animating
04-11 03:36:59.360 27796 27817 I native-activity: Frame 283 GL error is 0x506
04-11 03:36:59.360 27796 27817 I native-activity: Frame 283 time is 13.734ms
04-11 03:36:59.379 27796 27817 I native-activity: Swap 283 time is 32.986ms
04-11 03:36:59.379 27796 27817 I native-activity: Animating
04-11 03:36:59.390 27796 27817 I native-activity: Frame 284 GL error is 0x506
04-11 03:36:59.390 27796 27817 I native-activity: Frame 284 time is 10.664ms
04-11 03:36:59.411 27796 27817 I native-activity: Swap 284 time is 32.102ms
04-11 03:36:59.411 27796 27817 I native-activity: Animating
04-11 03:36:59.424 27796 27817 I native-activity: Frame 285 GL error is 0x506
04-11 03:36:59.424 27796 27817 I native-activity: Frame 285 time is 12.668ms
04-11 03:36:59.443 27796 27817 I native-activity: Swap 285 time is 31.960ms
04-11 03:36:59.443 27796 27817 I native-activity: Animating
04-11 03:36:59.455 27796 27817 I native-activity: Frame 286 GL error is 0x506
04-11 03:36:59.455 27796 27817 I native-activity: Frame 286 time is 11.830ms
04-11 03:36:59.475 27796 27817 I native-activity: Swap 286 time is 31.883ms
04-11 03:36:59.475 27796 27817 I native-activity: Animating
04-11 03:36:59.490 27796 27817 I native-activity: Frame 287 GL error is 0x506
04-11 03:36:59.490 27796 27817 I native-activity: Frame 287 time is 14.389ms
04-11 03:36:59.509 27796 27817 I native-activity: Swap 287 time is 33.297ms
04-11 03:36:59.509 27796 27817 I native-activity: Animating
04-11 03:36:59.519 27796 27817 I native-activity: Frame 288 GL error is 0x506
04-11 03:36:59.519 27796 27817 I native-activity: Frame 288 time is 10.256ms
04-11 03:36:59.541 27796 27817 I native-activity: Swap 288 time is 32.301ms
04-11 03:36:59.541 27796 27817 I native-activity: Animating
04-11 03:36:59.555 27796 27817 I native-activity: Frame 289 GL error is 0x506
04-11 03:36:59.555 27796 27817 I native-activity: Frame 289 time is 13.501ms
04-11 03:36:59.576 27796 27817 I native-activity: Swap 289 time is 34.383ms
04-11 03:36:59.576 27796 27817 I native-activity: Animating
04-11 03:36:59.588 27796 27817 I native-activity: Frame 290 GL error is 0x506
04-11 03:36:59.589 27796 27817 I native-activity: Frame 290 time is 12.715ms
04-11 03:36:59.610 27796 27817 I native-activity: Swap 290 time is 34.262ms
04-11 03:36:59.610 27796 27817 I native-activity: Animating
04-11 03:36:59.625 27796 27817 I native-activity: Frame 291 GL error is 0x506
04-11 03:36:59.625 27796 27817 I native-activity: Frame 291 time is 14.816ms
04-11 03:36:59.648 27796 27817 I native-activity: Swap 291 time is 37.323ms
04-11 03:36:59.648 27796 27817 I native-activity: Animating
04-11 03:36:59.662 27796 27817 I native-activity: Frame 292 GL error is 0x506
04-11 03:36:59.662 27796 27817 I native-activity: Frame 292 time is 14.149ms
04-11 03:36:59.683 27796 27817 I native-activity: Swap 292 time is 34.911ms
04-11 03:36:59.683 27796 27817 I native-activity: Animating
04-11 03:36:59.698 27796 27817 I native-activity: Frame 293 GL error is 0x506
04-11 03:36:59.698 27796 27817 I native-activity: Frame 293 time is 14.837ms
04-11 03:36:59.721 27796 27817 I native-activity: Swap 293 time is 37.804ms
04-11 03:36:59.721 27796 27817 I native-activity: Animating
04-11 03:36:59.733 27796 27817 I native-activity: Frame 294 GL error is 0x506
04-11 03:36:59.733 27796 27817 I native-activity: Frame 294 time is 12.239ms
04-11 03:36:59.755 27796 27817 I native-activity: Swap 294 time is 34.354ms
04-11 03:36:59.755 27796 27817 I native-activity: Animating
04-11 03:36:59.771 27796 27817 I native-activity: Frame 295 GL error is 0x506
04-11 03:36:59.771 27796 27817 I native-activity: Frame 295 time is 15.826ms
04-11 03:36:59.793 27796 27817 I native-activity: Swap 295 time is 37.688ms
04-11 03:36:59.793 27796 27817 I native-activity: Animating
04-11 03:36:59.805 27796 27817 I native-activity: Frame 296 GL error is 0x506
04-11 03:36:59.806 27796 27817 I native-activity: Frame 296 time is 12.369ms
04-11 03:36:59.828 27796 27817 I native-activity: Swap 296 time is 34.657ms
04-11 03:36:59.828 27796 27817 I native-activity: Animating
04-11 03:36:59.846 27796 27817 I native-activity: Frame 297 GL error is 0x506
04-11 03:36:59.846 27796 27817 I native-activity: Frame 297 time is 17.630ms
04-11 03:36:59.868 27796 27817 I native-activity: Swap 297 time is 40.164ms
04-11 03:36:59.868 27796 27817 I native-activity: Animating
04-11 03:36:59.883 27796 27817 I native-activity: Frame 298 GL error is 0x506
04-11 03:36:59.883 27796 27817 I native-activity: Frame 298 time is 14.892ms
04-11 03:36:59.905 27796 27817 I native-activity: Swap 298 time is 36.771ms
04-11 03:36:59.905 27796 27817 I native-activity: Animating
04-11 03:36:59.925 27796 27817 I native-activity: Frame 299 GL error is 0x506
04-11 03:36:59.925 27796 27817 I native-activity: Frame 299 time is 20.130ms
04-11 03:36:59.945 27796 27817 I native-activity: Swap 299 time is 39.659ms
04-11 03:36:59.945 27796 27817 I native-activity: Animating
04-11 03:36:59.959 27796 27817 I native-activity: Frame 300 GL error is 0x506
04-11 03:36:59.959 27796 27817 I native-activity: Frame 300 time is 13.707ms
04-11 03:36:59.980 27796 27817 I native-activity: Swap 300 time is 35.023ms
04-11 03:36:59.980 27796 27817 I native-activity: Animating
04-11 03:36:59.996 27796 27817 I native-activity: Frame 301 GL error is 0x506
04-11 03:36:59.996 27796 27817 I native-activity: Frame 301 time is 15.607ms
04-11 03:37:00.019 27796 27817 I native-activity: Swap 301 time is 39.143ms
04-11 03:37:00.020 27796 27817 I native-activity: Animating
04-11 03:37:00.042 27796 27817 I native-activity: Frame 302 GL error is 0x506
04-11 03:37:00.042 27796 27817 I native-activity: Frame 302 time is 22.518ms
04-11 03:37:00.060 27796 27817 I native-activity: Swap 302 time is 39.999ms
04-11 03:37:00.060 27796 27817 I native-activity: Animating
04-11 03:37:00.072 27796 27817 I native-activity: Frame 303 GL error is 0x506
04-11 03:37:00.072 27796 27817 I native-activity: Frame 303 time is 12.182ms
04-11 03:37:00.094 27796 27817 I native-activity: Swap 303 time is 34.501ms
04-11 03:37:00.094 27796 27817 I native-activity: Animating
04-11 03:37:00.106 27796 27817 I native-activity: Frame 304 GL error is 0x506
04-11 03:37:00.106 27796 27817 I native-activity: Frame 304 time is 11.290ms
04-11 03:37:00.129 27796 27817 I native-activity: Swap 304 time is 34.294ms
04-11 03:37:00.129 27796 27817 I native-activity: Animating
04-11 03:37:00.143 27796 27817 I native-activity: Frame 305 GL error is 0x506
04-11 03:37:00.143 27796 27817 I native-activity: Frame 305 time is 14.275ms
04-11 03:37:00.166 27796 27817 I native-activity: Swap 305 time is 36.702ms
04-11 03:37:00.166 27796 27817 I native-activity: Animating
04-11 03:37:00.181 27796 27817 I native-activity: Frame 306 GL error is 0x506
04-11 03:37:00.181 27796 27817 I native-activity: Frame 306 time is 14.949ms
04-11 03:37:00.200 27796 27817 I native-activity: Swap 306 time is 34.601ms
04-11 03:37:00.200 27796 27817 I native-activity: Animating
04-11 03:37:00.214 27796 27817 I native-activity: Frame 307 GL error is 0x506
04-11 03:37:00.215 27796 27817 I native-activity: Frame 307 time is 14.130ms
04-11 03:37:00.236 27796 27817 I native-activity: Swap 307 time is 35.342ms
04-11 03:37:00.236 27796 27817 I native-activity: Animating
04-11 03:37:00.247 27796 27817 I native-activity: Frame 308 GL error is 0x506
04-11 03:37:00.248 27796 27817 I native-activity: Frame 308 time is 11.588ms
04-11 03:37:00.270 27796 27817 I native-activity: Swap 308 time is 34.462ms
04-11 03:37:00.271 27796 27817 I native-activity: Animating
04-11 03:37:00.286 27796 27817 I native-activity: Frame 309 GL error is 0x506
04-11 03:37:00.286 27796 27817 I native-activity: Frame 309 time is 15.387ms
04-11 03:37:00.308 27796 27817 I native-activity: Swap 309 time is 37.367ms
04-11 03:37:00.308 27796 27817 I native-activity: Animating
04-11 03:37:00.322 27796 27817 I native-activity: Frame 310 GL error is 0x506
04-11 03:37:00.322 27796 27817 I native-activity: Frame 310 time is 13.601ms
04-11 03:37:00.344 27796 27817 I native-activity: Swap 310 time is 35.706ms
04-11 03:37:00.344 27796 27817 I native-activity: Animating
04-11 03:37:00.372 27796 27817 I native-activity: Frame 311 GL error is 0x501
04-11 03:37:00.372 27796 27817 I native-activity: Frame 311 time is 28.390ms
04-11 03:37:00.395 27796 27817 I native-activity: Swap 311 time is 51.413ms
04-11 03:37:00.396 27796 27817 I native-activity: Animating
04-11 03:37:00.419 27796 27817 I native-activity: Frame 312 GL error is 0x506
04-11 03:37:00.419 27796 27817 I native-activity: Frame 312 time is 23.168ms
04-11 03:37:00.442 27796 27817 I native-activity: Swap 312 time is 46.341ms
04-11 03:37:00.442 27796 27817 I native-activity: Animating
04-11 03:37:00.460 27796 27817 I native-activity: Frame 313 GL error is 0x506
04-11 03:37:00.460 27796 27817 I native-activity: Frame 313 time is 18.265ms
04-11 03:37:00.483 27796 27817 I native-activity: Swap 313 time is 41.007ms
04-11 03:37:00.483 27796 27817 I native-activity: Animating
04-11 03:37:00.499 27796 27817 I native-activity: Frame 314 GL error is 0x506
04-11 03:37:00.499 27796 27817 I native-activity: Frame 314 time is 15.577ms
04-11 03:37:00.521 27796 27817 I native-activity: Swap 314 time is 37.372ms
04-11 03:37:00.521 27796 27817 I native-activity: Animating
04-11 03:37:00.540 27796 27817 I native-activity: Frame 315 GL error is 0x506
04-11 03:37:00.541 27796 27817 I native-activity: Frame 315 time is 19.738ms
04-11 03:37:00.562 27796 27817 I native-activity: Swap 315 time is 41.535ms
04-11 03:37:00.563 27796 27817 I native-activity: Animating
04-11 03:37:00.578 27796 27817 I native-activity: Frame 316 GL error is 0x506
04-11 03:37:00.578 27796 27817 I native-activity: Frame 316 time is 15.771ms
04-11 03:37:00.599 27796 27817 I native-activity: Swap 316 time is 36.467ms
04-11 03:37:00.599 27796 27817 I native-activity: Animating
04-11 03:37:00.613 27796 27817 I native-activity: Frame 317 GL error is 0x506
04-11 03:37:00.613 27796 27817 I native-activity: Frame 317 time is 14.219ms
04-11 03:37:00.636 27796 27817 I native-activity: Swap 317 time is 37.056ms
04-11 03:37:00.636 27796 27817 I native-activity: Animating
04-11 03:37:00.651 27796 27817 I native-activity: Frame 318 GL error is 0x506
04-11 03:37:00.651 27796 27817 I native-activity: Frame 318 time is 14.858ms
04-11 03:37:00.673 27796 27817 I native-activity: Swap 318 time is 36.464ms
04-11 03:37:00.673 27796 27817 I native-activity: Animating
04-11 03:37:00.690 27796 27817 I native-activity: Frame 319 GL error is 0x506
04-11 03:37:00.690 27796 27817 I native-activity: Frame 319 time is 16.764ms
04-11 03:37:00.712 27796 27817 I native-activity: Swap 319 time is 38.511ms
04-11 03:37:00.712 27796 27817 I native-activity: Animating
04-11 03:37:00.725 27796 27817 I native-activity: Frame 320 GL error is 0x506
04-11 03:37:00.725 27796 27817 I native-activity: Frame 320 time is 13.594ms
04-11 03:37:00.748 27796 27817 I native-activity: Swap 320 time is 35.974ms
04-11 03:37:00.748 27796 27817 I native-activity: Animating
04-11 03:37:00.763 27796 27817 I native-activity: Frame 321 GL error is 0x506
04-11 03:37:00.763 27796 27817 I native-activity: Frame 321 time is 15.016ms
04-11 03:37:00.785 27796 27817 I native-activity: Swap 321 time is 36.869ms
04-11 03:37:00.785 27796 27817 I native-activity: Animating
04-11 03:37:00.799 27796 27817 I native-activity: Frame 322 GL error is 0x506
04-11 03:37:00.799 27796 27817 I native-activity: Frame 322 time is 13.741ms
04-11 03:37:00.822 27796 27817 I native-activity: Swap 322 time is 36.639ms
04-11 03:37:00.822 27796 27817 I native-activity: Animating
04-11 03:37:00.835 27796 27817 I native-activity: Frame 323 GL error is 0x506
04-11 03:37:00.835 27796 27817 I native-activity: Frame 323 time is 13.605ms
04-11 03:37:00.859 27796 27817 I native-activity: Swap 323 time is 37.145ms
04-11 03:37:00.859 27796 27817 I native-activity: Animating
04-11 03:37:00.875 27796 27817 I native-activity: Frame 324 GL error is 0x506
04-11 03:37:00.875 27796 27817 I native-activity: Frame 324 time is 15.637ms
04-11 03:37:00.896 27796 27817 I native-activity: Swap 324 time is 37.159ms
04-11 03:37:00.896 27796 27817 I native-activity: Animating
04-11 03:37:00.912 27796 27817 I native-activity: Frame 325 GL error is 0x506
04-11 03:37:00.913 27796 27817 I native-activity: Frame 325 time is 16.100ms
04-11 03:37:00.934 27796 27817 I native-activity: Swap 325 time is 37.883ms
04-11 03:37:00.935 27796 27817 I native-activity: Animating
04-11 03:37:00.948 27796 27817 I native-activity: Frame 326 GL error is 0x506
04-11 03:37:00.948 27796 27817 I native-activity: Frame 326 time is 13.780ms
04-11 03:37:00.971 27796 27817 I native-activity: Swap 326 time is 36.645ms
04-11 03:37:00.971 27796 27817 I native-activity: Animating
04-11 03:37:00.986 27796 27817 I native-activity: Frame 327 GL error is 0x506
04-11 03:37:00.986 27796 27817 I native-activity: Frame 327 time is 14.572ms
04-11 03:37:01.008 27796 27817 I native-activity: Swap 327 time is 36.466ms
04-11 03:37:01.008 27796 27817 I native-activity: Animating
04-11 03:37:01.022 27796 27817 I native-activity: Frame 328 GL error is 0x506
04-11 03:37:01.022 27796 27817 I native-activity: Frame 328 time is 14.253ms
04-11 03:37:01.046 27796 27817 I native-activity: Swap 328 time is 37.480ms
04-11 03:37:01.046 27796 27817 I native-activity: Animating
04-11 03:37:01.061 27796 27817 I native-activity: Frame 329 GL error is 0x506
04-11 03:37:01.061 27796 27817 I native-activity: Frame 329 time is 15.362ms
04-11 03:37:01.081 27796 27817 I native-activity: Swap 329 time is 35.362ms
04-11 03:37:01.081 27796 27817 I native-activity: Animating
04-11 03:37:01.094 27796 27817 I native-activity: Frame 330 GL error is 0x506
04-11 03:37:01.095 27796 27817 I native-activity: Frame 330 time is 13.451ms
04-11 03:37:01.116 27796 27817 I native-activity: Swap 330 time is 34.983ms
04-11 03:37:01.116 27796 27817 I native-activity: Animating
04-11 03:37:01.130 27796 27817 I native-activity: Frame 331 GL error is 0x506
04-11 03:37:01.130 27796 27817 I native-activity: Frame 331 time is 13.268ms
04-11 03:37:01.152 27796 27817 I native-activity: Swap 331 time is 35.981ms
04-11 03:37:01.152 27796 27817 I native-activity: Animating
04-11 03:37:01.164 27796 27817 I native-activity: Frame 332 GL error is 0x506
04-11 03:37:01.165 27796 27817 I native-activity: Frame 332 time is 12.008ms
04-11 03:37:01.189 27796 27817 I native-activity: Swap 332 time is 35.989ms
04-11 03:37:01.189 27796 27817 I native-activity: Animating
04-11 03:37:01.205 27796 27817 I native-activity: Frame 333 GL error is 0x506
04-11 03:37:01.205 27796 27817 I native-activity: Frame 333 time is 15.979ms
04-11 03:37:01.228 27796 27817 I native-activity: Swap 333 time is 39.594ms
04-11 03:37:01.228 27796 27817 I native-activity: Animating
04-11 03:37:01.241 27796 27817 I native-activity: Frame 334 GL error is 0x506
04-11 03:37:01.241 27796 27817 I native-activity: Frame 334 time is 13.016ms
04-11 03:37:01.264 27796 27817 I native-activity: Swap 334 time is 35.999ms
04-11 03:37:01.265 27796 27817 I native-activity: Animating
04-11 03:37:01.277 27796 27817 I native-activity: Frame 335 GL error is 0x506
04-11 03:37:01.278 27796 27817 I native-activity: Frame 335 time is 12.988ms
04-11 03:37:01.300 27796 27817 I native-activity: Swap 335 time is 35.226ms
04-11 03:37:01.300 27796 27817 I native-activity: Animating
04-11 03:37:01.313 27796 27817 I native-activity: Frame 336 GL error is 0x506
04-11 03:37:01.314 27796 27817 I native-activity: Frame 336 time is 13.695ms
04-11 03:37:01.336 27796 27817 I native-activity: Swap 336 time is 35.808ms
04-11 03:37:01.336 27796 27817 I native-activity: Animating
04-11 03:37:01.350 27796 27817 I native-activity: Frame 337 GL error is 0x506
04-11 03:37:01.350 27796 27817 I native-activity: Frame 337 time is 14.036ms
04-11 03:37:01.371 27796 27817 I native-activity: Swap 337 time is 35.523ms
04-11 03:37:01.372 27796 27817 I native-activity: Animating
04-11 03:37:01.384 27796 27817 I native-activity: Frame 338 GL error is 0x506
04-11 03:37:01.384 27796 27817 I native-activity: Frame 338 time is 12.488ms
04-11 03:37:01.408 27796 27817 I native-activity: Swap 338 time is 36.416ms
04-11 03:37:01.408 27796 27817 I native-activity: Animating
04-11 03:37:01.427 27796 27817 I native-activity: Frame 339 GL error is 0x506
04-11 03:37:01.427 27796 27817 I native-activity: Frame 339 time is 18.936ms
04-11 03:37:01.450 27796 27817 I native-activity: Swap 339 time is 41.435ms
04-11 03:37:01.450 27796 27817 I native-activity: Animating
04-11 03:37:01.461 27796 27817 I native-activity: Frame 340 GL error is 0x506
04-11 03:37:01.462 27796 27817 I native-activity: Frame 340 time is 11.813ms
04-11 03:37:01.485 27796 27817 I native-activity: Swap 340 time is 34.941ms
04-11 03:37:01.485 27796 27817 I native-activity: Animating
04-11 03:37:01.497 27796 27817 I native-activity: Frame 341 GL error is 0x506
04-11 03:37:01.497 27796 27817 I native-activity: Frame 341 time is 12.020ms
04-11 03:37:01.519 27796 27817 I native-activity: Swap 341 time is 34.522ms
04-11 03:37:01.519 27796 27817 I native-activity: Animating
04-11 03:37:01.531 27796 27817 I native-activity: Frame 342 GL error is 0x506
04-11 03:37:01.531 27796 27817 I native-activity: Frame 342 time is 11.773ms
04-11 03:37:01.555 27796 27817 I native-activity: Swap 342 time is 35.024ms
04-11 03:37:01.555 27796 27817 I native-activity: Animating
04-11 03:37:01.569 27796 27817 I native-activity: Frame 343 GL error is 0x506
04-11 03:37:01.569 27796 27817 I native-activity: Frame 343 time is 13.931ms
04-11 03:37:01.589 27796 27817 I native-activity: Swap 343 time is 34.647ms
04-11 03:37:01.589 27796 27817 I native-activity: Animating
04-11 03:37:01.601 27796 27817 I native-activity: Frame 344 GL error is 0x506
04-11 03:37:01.602 27796 27817 I native-activity: Frame 344 time is 12.066ms
04-11 03:37:01.625 27796 27817 I native-activity: Swap 344 time is 35.058ms
04-11 03:37:01.625 27796 27817 I native-activity: Animating
04-11 03:37:01.636 27796 27817 I native-activity: Frame 345 GL error is 0x506
04-11 03:37:01.636 27796 27817 I native-activity: Frame 345 time is 11.241ms
04-11 03:37:01.660 27796 27817 I native-activity: Swap 345 time is 35.409ms
04-11 03:37:01.660 27796 27817 I native-activity: Animating
04-11 03:37:01.670 27796 27817 I native-activity: Frame 346 GL error is 0x506
04-11 03:37:01.670 27796 27817 I native-activity: Frame 346 time is 9.685ms
04-11 03:37:01.694 27796 27817 I native-activity: Swap 346 time is 34.116ms
04-11 03:37:01.694 27796 27817 I native-activity: Animating
04-11 03:37:01.707 27796 27817 I native-activity: Frame 347 GL error is 0x506
04-11 03:37:01.707 27796 27817 I native-activity: Frame 347 time is 12.984ms
04-11 03:37:01.729 27796 27817 I native-activity: Swap 347 time is 34.411ms
04-11 03:37:01.729 27796 27817 I native-activity: Animating
04-11 03:37:01.740 27796 27817 I native-activity: Frame 348 GL error is 0x506
04-11 03:37:01.740 27796 27817 I native-activity: Frame 348 time is 11.431ms
04-11 03:37:01.764 27796 27817 I native-activity: Swap 348 time is 35.184ms
04-11 03:37:01.764 27796 27817 I native-activity: Animating
04-11 03:37:01.775 27796 27817 I native-activity: Frame 349 GL error is 0x506
04-11 03:37:01.776 27796 27817 I native-activity: Frame 349 time is 11.207ms
04-11 03:37:01.800 27796 27817 I native-activity: Swap 349 time is 35.268ms
04-11 03:37:01.800 27796 27817 I native-activity: Animating
04-11 03:37:01.811 27796 27817 I native-activity: Frame 350 GL error is 0x506
04-11 03:37:01.811 27796 27817 I native-activity: Frame 350 time is 11.466ms
04-11 03:37:01.835 27796 27817 I native-activity: Swap 350 time is 35.240ms
04-11 03:37:01.835 27796 27817 I native-activity: Animating
04-11 03:37:01.848 27796 27817 I native-activity: Frame 351 GL error is 0x506
04-11 03:37:01.848 27796 27817 I native-activity: Frame 351 time is 12.566ms
04-11 03:37:01.870 27796 27817 I native-activity: Swap 351 time is 34.527ms
04-11 03:37:01.870 27796 27817 I native-activity: Animating
04-11 03:37:01.884 27796 27817 I native-activity: Frame 352 GL error is 0x506
04-11 03:37:01.885 27796 27817 I native-activity: Frame 352 time is 14.806ms
04-11 03:37:01.906 27796 27817 I native-activity: Swap 352 time is 35.766ms
04-11 03:37:01.906 27796 27817 I native-activity: Animating
04-11 03:37:01.919 27796 27817 I native-activity: Frame 353 GL error is 0x506
04-11 03:37:01.919 27796 27817 I native-activity: Frame 353 time is 13.013ms
04-11 03:37:01.943 27796 27817 I native-activity: Swap 353 time is 36.916ms
04-11 03:37:01.943 27796 27817 I native-activity: Animating
04-11 03:37:01.957 27796 27817 I native-activity: Frame 354 GL error is 0x506
04-11 03:37:01.957 27796 27817 I native-activity: Frame 354 time is 14.052ms
04-11 03:37:01.978 27796 27817 I native-activity: Swap 354 time is 35.318ms
04-11 03:37:01.978 27796 27817 I native-activity: Animating
04-11 03:37:01.991 27796 27817 I native-activity: Frame 355 GL error is 0x506
04-11 03:37:01.991 27796 27817 I native-activity: Frame 355 time is 13.019ms
04-11 03:37:02.014 27796 27817 I native-activity: Swap 355 time is 35.869ms
04-11 03:37:02.014 27796 27817 I native-activity: Animating
04-11 03:37:02.027 27796 27817 I native-activity: Frame 356 GL error is 0x506
04-11 03:37:02.027 27796 27817 I native-activity: Frame 356 time is 12.849ms
04-11 03:37:02.050 27796 27817 I native-activity: Swap 356 time is 35.920ms
04-11 03:37:02.050 27796 27817 I native-activity: Animating
04-11 03:37:02.064 27796 27817 I native-activity: Frame 357 GL error is 0x506
04-11 03:37:02.064 27796 27817 I native-activity: Frame 357 time is 13.358ms
04-11 03:37:02.086 27796 27817 I native-activity: Swap 357 time is 35.948ms
04-11 03:37:02.086 27796 27817 I native-activity: Animating
04-11 03:37:02.101 27796 27817 I native-activity: Frame 358 GL error is 0x506
04-11 03:37:02.101 27796 27817 I native-activity: Frame 358 time is 14.402ms
04-11 03:37:02.122 27796 27817 I native-activity: Swap 358 time is 35.365ms
04-11 03:37:02.122 27796 27817 I native-activity: Animating
04-11 03:37:02.136 27796 27817 I native-activity: Frame 359 GL error is 0x506
04-11 03:37:02.137 27796 27817 I native-activity: Frame 359 time is 14.511ms
04-11 03:37:02.157 27796 27817 I native-activity: Swap 359 time is 35.362ms
04-11 03:37:02.157 27796 27817 I native-activity: Animating
04-11 03:37:02.170 27796 27817 I native-activity: Frame 360 GL error is 0x506
04-11 03:37:02.170 27796 27817 I native-activity: Frame 360 time is 12.215ms
04-11 03:37:02.193 27796 27817 I native-activity: Swap 360 time is 35.825ms
04-11 03:37:02.194 27796 27817 I native-activity: Animating
04-11 03:37:02.210 27796 27817 I native-activity: Frame 361 GL error is 0x506
04-11 03:37:02.210 27796 27817 I native-activity: Frame 361 time is 16.811ms
04-11 03:37:02.233 27796 27817 I native-activity: Swap 361 time is 39.268ms
04-11 03:37:02.233 27796 27817 I native-activity: Animating
04-11 03:37:02.246 27796 27817 I native-activity: Frame 362 GL error is 0x506
04-11 03:37:02.246 27796 27817 I native-activity: Frame 362 time is 13.358ms
04-11 03:37:02.269 27796 27817 I native-activity: Swap 362 time is 35.490ms
04-11 03:37:02.269 27796 27817 I native-activity: Animating
04-11 03:37:02.283 27796 27817 I native-activity: Frame 363 GL error is 0x506
04-11 03:37:02.283 27796 27817 I native-activity: Frame 363 time is 14.684ms
04-11 03:37:02.305 27796 27817 I native-activity: Swap 363 time is 35.986ms
04-11 03:37:02.305 27796 27817 I native-activity: Animating
04-11 03:37:02.318 27796 27817 I native-activity: Frame 364 GL error is 0x506
04-11 03:37:02.318 27796 27817 I native-activity: Frame 364 time is 13.452ms
04-11 03:37:02.340 27796 27817 I native-activity: Swap 364 time is 35.280ms
04-11 03:37:02.340 27796 27817 I native-activity: Animating
04-11 03:37:02.353 27796 27817 I native-activity: Frame 365 GL error is 0x506
04-11 03:37:02.353 27796 27817 I native-activity: Frame 365 time is 12.830ms
04-11 03:37:02.375 27796 27817 I native-activity: Swap 365 time is 34.831ms
04-11 03:37:02.375 27796 27817 I native-activity: Animating
04-11 03:37:02.389 27796 27817 I native-activity: Frame 366 GL error is 0x506
04-11 03:37:02.390 27796 27817 I native-activity: Frame 366 time is 14.659ms
04-11 03:37:02.411 27796 27817 I native-activity: Swap 366 time is 35.692ms
04-11 03:37:02.411 27796 27817 I native-activity: Animating
04-11 03:37:02.423 27796 27817 I native-activity: Frame 367 GL error is 0x506
04-11 03:37:02.423 27796 27817 I native-activity: Frame 367 time is 12.207ms
04-11 03:37:02.447 27796 27817 I native-activity: Swap 367 time is 35.835ms
