04-11 03:35:54.437 26455 26477 I native-activity: Animating
04-11 03:35:54.460 26455 26477 I native-activity: Frame 763 GL error is 0x506
04-11 03:35:54.460 26455 26477 I native-activity: Frame 763 time is 22.777ms
04-11 03:35:54.461 26455 26477 I native-activity: Swap 763 time is 23.062ms
04-11 03:35:54.461 26455 26477 I native-activity: Animating
04-11 03:35:54.485 26455 26477 I native-activity: Frame 764 GL error is 0x506
04-11 03:35:54.486 26455 26477 I native-activity: Frame 764 time is 24.920ms
04-11 03:35:54.486 26455 26477 I native-activity: Swap 764 time is 25.332ms
04-11 03:35:54.486 26455 26477 I native-activity: Animating
04-11 03:35:54.515 26455 26477 I native-activity: Frame 765 GL error is 0x506
04-11 03:35:54.515 26455 26477 I native-activity: Frame 765 time is 28.862ms
04-11 03:35:54.515 26455 26477 I native-activity: Swap 765 time is 28.982ms
04-11 03:35:54.515 26455 26477 I native-activity: Animating
04-11 03:35:54.542 26455 26477 I native-activity: Frame 766 GL error is 0x506
04-11 03:35:54.542 26455 26477 I native-activity: Frame 766 time is 27.029ms
04-11 03:35:54.543 26455 26477 I native-activity: Swap 766 time is 27.154ms
04-11 03:35:54.543 26455 26477 I native-activity: Animating
04-11 03:35:54.574 26455 26477 I native-activity: Frame 767 GL error is 0x506
04-11 03:35:54.574 26455 26477 I native-activity: Frame 767 time is 31.550ms
04-11 03:35:54.574 26455 26477 I native-activity: Swap 767 time is 31.687ms
04-11 03:35:54.574 26455 26477 I native-activity: Animating
04-11 03:35:54.602 26455 26477 I native-activity: Frame 768 GL error is 0x506
04-11 03:35:54.602 26455 26477 I native-activity: Frame 768 time is 27.664ms
04-11 03:35:54.602 26455 26477 I native-activity: Swap 768 time is 27.785ms
04-11 03:35:54.602 26455 26477 I native-activity: Animating
04-11 03:35:54.629 26455 26477 I native-activity: Frame 769 GL error is 0x506
04-11 03:35:54.629 26455 26477 I native-activity: Frame 769 time is 26.586ms
04-11 03:35:54.629 26455 26477 I native-activity: Swap 769 time is 26.706ms
04-11 03:35:54.629 26455 26477 I native-activity: Animating
04-11 03:35:54.655 26455 26477 I native-activity: Frame 770 GL error is 0x506
04-11 03:35:54.655 26455 26477 I native-activity: Frame 770 time is 26.047ms
04-11 03:35:54.655 26455 26477 I native-activity: Swap 770 time is 26.183ms
04-11 03:35:54.655 26455 26477 I native-activity: Animating
04-11 03:35:54.683 26455 26477 I native-activity: Frame 771 GL error is 0x506
04-11 03:35:54.683 26455 26477 I native-activity: Frame 771 time is 27.968ms
04-11 03:35:54.684 26455 26477 I native-activity: Swap 771 time is 28.091ms
04-11 03:35:54.684 26455 26477 I native-activity: Animating
04-11 03:35:54.710 26455 26477 I native-activity: Frame 772 GL error is 0x506
04-11 03:35:54.710 26455 26477 I native-activity: Frame 772 time is 26.158ms
04-11 03:35:54.710 26455 26477 I native-activity: Swap 772 time is 26.278ms
04-11 03:35:54.710 26455 26477 I native-activity: Animating
04-11 03:35:54.738 26455 26477 I native-activity: Frame 773 GL error is 0x506
04-11 03:35:54.738 26455 26477 I native-activity: Frame 773 time is 27.874ms
04-11 03:35:54.738 26455 26477 I native-activity: Swap 773 time is 28.003ms
04-11 03:35:54.738 26455 26477 I native-activity: Animating
04-11 03:35:54.767 26455 26477 I native-activity: Frame 774 GL error is 0x506
04-11 03:35:54.767 26455 26477 I native-activity: Frame 774 time is 28.763ms
04-11 03:35:54.767 26455 26477 I native-activity: Swap 774 time is 28.889ms
04-11 03:35:54.767 26455 26477 I native-activity: Animating
04-11 03:35:54.796 26455 26477 I native-activity: Frame 775 GL error is 0x506
04-11 03:35:54.796 26455 26477 I native-activity: Frame 775 time is 28.594ms
04-11 03:35:54.796 26455 26477 I native-activity: Swap 775 time is 28.720ms
04-11 03:35:54.796 26455 26477 I native-activity: Animating
04-11 03:35:54.821 26455 26477 I native-activity: Frame 776 GL error is 0x506
04-11 03:35:54.822 26455 26477 I native-activity: Frame 776 time is 25.432ms
04-11 03:35:54.822 26455 26477 I native-activity: Swap 776 time is 25.553ms
04-11 03:35:54.822 26455 26477 I native-activity: Animating
04-11 03:35:54.845 26455 26477 I native-activity: Frame 777 GL error is 0x506
04-11 03:35:54.845 26455 26477 I native-activity: Frame 777 time is 23.399ms
04-11 03:35:54.845 26455 26477 I native-activity: Swap 777 time is 23.686ms
04-11 03:35:54.846 26455 26477 I native-activity: Animating
04-11 03:35:54.865 26455 26477 I native-activity: Frame 778 GL error is 0x506
04-11 03:35:54.865 26455 26477 I native-activity: Frame 778 time is 19.640ms
04-11 03:35:54.866 26455 26477 I native-activity: Swap 778 time is 20.311ms
04-11 03:35:54.866 26455 26477 I native-activity: Animating
04-11 03:35:54.885 26455 26477 I native-activity: Frame 779 GL error is 0x506
04-11 03:35:54.885 26455 26477 I native-activity: Frame 779 time is 18.465ms
04-11 03:35:54.885 26455 26477 I native-activity: Swap 779 time is 18.625ms
04-11 03:35:54.885 26455 26477 I native-activity: Animating
04-11 03:35:54.907 26455 26477 I native-activity: Frame 780 GL error is 0x506
04-11 03:35:54.907 26455 26477 I native-activity: Frame 780 time is 22.262ms
04-11 03:35:54.907 26455 26477 I native-activity: Swap 780 time is 22.414ms
04-11 03:35:54.907 26455 26477 I native-activity: Animating
04-11 03:35:54.934 26455 26477 I native-activity: Frame 781 GL error is 0x506
04-11 03:35:54.934 26455 26477 I native-activity: Frame 781 time is 26.295ms
04-11 03:35:54.934 26455 26477 I native-activity: Swap 781 time is 26.448ms
04-11 03:35:54.934 26455 26477 I native-activity: Animating
04-11 03:35:54.980 26455 26477 I native-activity: Frame 782 GL error is 0x506
04-11 03:35:54.980 26455 26477 I native-activity: Frame 782 time is 45.669ms
04-11 03:35:54.980 26455 26477 I native-activity: Swap 782 time is 45.797ms
04-11 03:35:54.980 26455 26477 I native-activity: Animating
04-11 03:35:55.007 26455 26477 I native-activity: Frame 783 GL error is 0x506
04-11 03:35:55.007 26455 26477 I native-activity: Frame 783 time is 26.693ms
04-11 03:35:55.007 26455 26477 I native-activity: Swap 783 time is 26.820ms
04-11 03:35:55.007 26455 26477 I native-activity: Animating
04-11 03:35:55.030 26455 26477 I native-activity: Frame 784 GL error is 0x506
04-11 03:35:55.030 26455 26477 I native-activity: Frame 784 time is 22.910ms
04-11 03:35:55.031 26455 26477 I native-activity: Swap 784 time is 23.606ms
04-11 03:35:55.031 26455 26477 I native-activity: Animating
04-11 03:35:55.063 26455 26477 I native-activity: Frame 785 GL error is 0x506
04-11 03:35:55.063 26455 26477 I native-activity: Frame 785 time is 32.122ms
04-11 03:35:55.063 26455 26477 I native-activity: Swap 785 time is 32.245ms
04-11 03:35:55.063 26455 26477 I native-activity: Animating
04-11 03:35:55.093 26455 26477 I native-activity: Frame 786 GL error is 0x506
04-11 03:35:55.093 26455 26477 I native-activity: Frame 786 time is 29.953ms
04-11 03:35:55.093 26455 26477 I native-activity: Swap 786 time is 30.075ms
04-11 03:35:55.093 26455 26477 I native-activity: Animating
04-11 03:35:55.117 26455 26477 I native-activity: Frame 787 GL error is 0x506
04-11 03:35:55.117 26455 26477 I native-activity: Frame 787 time is 23.509ms
04-11 03:35:55.117 26455 26477 I native-activity: Swap 787 time is 23.803ms
04-11 03:35:55.117 26455 26477 I native-activity: Animating
04-11 03:35:55.148 26455 26477 I native-activity: Frame 788 GL error is 0x506
04-11 03:35:55.148 26455 26477 I native-activity: Frame 788 time is 31.118ms
04-11 03:35:55.149 26455 26477 I native-activity: Swap 788 time is 31.240ms
04-11 03:35:55.149 26455 26477 I native-activity: Animating
04-11 03:35:55.175 26455 26477 I native-activity: Frame 789 GL error is 0x506
04-11 03:35:55.175 26455 26477 I native-activity: Frame 789 time is 26.629ms
04-11 03:35:55.175 26455 26477 I native-activity: Swap 789 time is 26.744ms
04-11 03:35:55.175 26455 26477 I native-activity: Animating
04-11 03:35:55.201 26455 26477 I native-activity: Frame 790 GL error is 0x506
04-11 03:35:55.201 26455 26477 I native-activity: Frame 790 time is 25.569ms
04-11 03:35:55.201 26455 26477 I native-activity: Swap 790 time is 25.688ms
04-11 03:35:55.201 26455 26477 I native-activity: Animating
04-11 03:35:55.209 26455 26477 I native-activity: Frame 791 GL error is 0x506
04-11 03:35:55.209 26455 26477 I native-activity: Frame 791 time is 7.666ms
04-11 03:35:55.209 26455 26477 I native-activity: Swap 791 time is 7.793ms
04-11 03:35:55.209 26455 26477 I native-activity: Animating
04-11 03:35:55.227 26455 26477 I native-activity: Frame 792 GL error is 0x506
04-11 03:35:55.227 26455 26477 I native-activity: Frame 792 time is 17.921ms
04-11 03:35:55.227 26455 26477 I native-activity: Swap 792 time is 18.118ms
04-11 03:35:55.227 26455 26477 I native-activity: Animating
04-11 03:35:55.242 26455 26477 I native-activity: Frame 793 GL error is 0x506
04-11 03:35:55.242 26455 26477 I native-activity: Frame 793 time is 14.943ms
04-11 03:35:55.243 26455 26477 I native-activity: Swap 793 time is 15.200ms
04-11 03:35:55.243 26455 26477 I native-activity: Animating
04-11 03:35:55.265 26455 26477 I native-activity: Frame 794 GL error is 0x506
04-11 03:35:55.265 26455 26477 I native-activity: Frame 794 time is 22.700ms
04-11 03:35:55.266 26455 26477 I native-activity: Swap 794 time is 22.955ms
04-11 03:35:55.266 26455 26477 I native-activity: Animating
04-11 03:35:55.293 26455 26477 I native-activity: Frame 795 GL error is 0x506
04-11 03:35:55.293 26455 26477 I native-activity: Frame 795 time is 27.538ms
04-11 03:35:55.294 26455 26477 I native-activity: Swap 795 time is 27.780ms
04-11 03:35:55.294 26455 26477 I native-activity: Animating
04-11 03:35:55.318 26455 26477 I native-activity: Frame 796 GL error is 0x506
04-11 03:35:55.318 26455 26477 I native-activity: Frame 796 time is 24.126ms
04-11 03:35:55.318 26455 26477 I native-activity: Swap 796 time is 24.368ms
04-11 03:35:55.318 26455 26477 I native-activity: Animating
04-11 03:35:55.345 26455 26477 I native-activity: Frame 797 GL error is 0x506
04-11 03:35:55.345 26455 26477 I native-activity: Frame 797 time is 26.550ms
04-11 03:35:55.345 26455 26477 I native-activity: Swap 797 time is 26.798ms
04-11 03:35:55.345 26455 26477 I native-activity: Animating
04-11 03:35:55.370 26455 26477 I native-activity: Frame 798 GL error is 0x506
04-11 03:35:55.370 26455 26477 I native-activity: Frame 798 time is 24.994ms
04-11 03:35:55.371 26455 26477 I native-activity: Swap 798 time is 25.256ms
04-11 03:35:55.371 26455 26477 I native-activity: Animating
04-11 03:35:55.395 26455 26477 I native-activity: Frame 799 GL error is 0x506
04-11 03:35:55.395 26455 26477 I native-activity: Frame 799 time is 24.647ms
04-11 03:35:55.396 26455 26477 I native-activity: Swap 799 time is 24.899ms
04-11 03:35:55.396 26455 26477 I native-activity: Animating
04-11 03:35:55.422 26455 26477 I native-activity: Frame 800 GL error is 0x506
04-11 03:35:55.422 26455 26477 I native-activity: Frame 800 time is 26.459ms
04-11 03:35:55.423 26455 26477 I native-activity: Swap 800 time is 26.705ms
04-11 03:35:55.423 26455 26477 I native-activity: Animating
04-11 03:35:55.449 26455 26477 I native-activity: Frame 801 GL error is 0x506
04-11 03:35:55.449 26455 26477 I native-activity: Frame 801 time is 26.122ms
04-11 03:35:55.449 26455 26477 I native-activity: Swap 801 time is 26.393ms
04-11 03:35:55.449 26455 26477 I native-activity: Animating
04-11 03:35:55.475 26455 26477 I native-activity: Frame 802 GL error is 0x506
04-11 03:35:55.475 26455 26477 I native-activity: Frame 802 time is 25.599ms
04-11 03:35:55.475 26455 26477 I native-activity: Swap 802 time is 25.856ms
04-11 03:35:55.475 26455 26477 I native-activity: Animating
04-11 03:35:55.502 26455 26477 I native-activity: Frame 803 GL error is 0x506
04-11 03:35:55.502 26455 26477 I native-activity: Frame 803 time is 26.452ms
04-11 03:35:55.502 26455 26477 I native-activity: Swap 803 time is 26.734ms
04-11 03:35:55.502 26455 26477 I native-activity: Animating
04-11 03:35:55.527 26455 26477 I native-activity: Frame 804 GL error is 0x506
04-11 03:35:55.527 26455 26477 I native-activity: Frame 804 time is 24.841ms
04-11 03:35:55.528 26455 26477 I native-activity: Swap 804 time is 25.119ms
04-11 03:35:55.528 26455 26477 I native-activity: Animating
04-11 03:35:55.555 26455 26477 I native-activity: Frame 805 GL error is 0x506
04-11 03:35:55.555 26455 26477 I native-activity: Frame 805 time is 27.132ms
04-11 03:35:55.555 26455 26477 I native-activity: Swap 805 time is 27.398ms
04-11 03:35:55.555 26455 26477 I native-activity: Animating
04-11 03:35:55.581 26455 26477 I native-activity: Frame 806 GL error is 0x506
04-11 03:35:55.581 26455 26477 I native-activity: Frame 806 time is 26.117ms
04-11 03:35:55.582 26455 26477 I native-activity: Swap 806 time is 26.365ms
04-11 03:35:55.582 26455 26477 I native-activity: Animating
04-11 03:35:55.609 26455 26477 I native-activity: Frame 807 GL error is 0x506
04-11 03:35:55.609 26455 26477 I native-activity: Frame 807 time is 27.610ms
04-11 03:35:55.610 26455 26477 I native-activity: Swap 807 time is 27.847ms
04-11 03:35:55.610 26455 26477 I native-activity: Animating
04-11 03:35:55.632 26455 26477 I native-activity: Frame 808 GL error is 0x506
04-11 03:35:55.632 26455 26477 I native-activity: Frame 808 time is 22.184ms
04-11 03:35:55.632 26455 26477 I native-activity: Swap 808 time is 22.407ms
04-11 03:35:55.632 26455 26477 I native-activity: Animating
04-11 03:35:55.661 26455 26477 I native-activity: Frame 809 GL error is 0x506
04-11 03:35:55.661 26455 26477 I native-activity: Frame 809 time is 28.770ms
04-11 03:35:55.661 26455 26477 I native-activity: Swap 809 time is 29.018ms
04-11 03:35:55.662 26455 26477 I native-activity: Animating
04-11 03:35:55.688 26455 26477 I native-activity: Frame 810 GL error is 0x506
04-11 03:35:55.688 26455 26477 I native-activity: Frame 810 time is 26.233ms
04-11 03:35:55.688 26455 26477 I native-activity: Swap 810 time is 26.495ms
04-11 03:35:55.688 26455 26477 I native-activity: Animating
04-11 03:35:55.701 26455 26477 I native-activity: Frame 811 GL error is 0x506
04-11 03:35:55.701 26455 26477 I native-activity: Frame 811 time is 12.570ms
04-11 03:35:55.701 26455 26477 I native-activity: Swap 811 time is 12.693ms
04-11 03:35:55.701 26455 26477 I native-activity: Animating
04-11 03:35:55.749 26455 26477 I native-activity: Frame 812 GL error is 0x506
04-11 03:35:55.749 26455 26477 I native-activity: Frame 812 time is 47.767ms
04-11 03:35:55.749 26455 26477 I native-activity: Swap 812 time is 47.882ms
04-11 03:35:55.749 26455 26477 I native-activity: Animating
04-11 03:35:55.775 26455 26477 I native-activity: Frame 813 GL error is 0x506
04-11 03:35:55.775 26455 26477 I native-activity: Frame 813 time is 25.679ms
04-11 03:35:55.775 26455 26477 I native-activity: Swap 813 time is 25.795ms
04-11 03:35:55.775 26455 26477 I native-activity: Animating
04-11 03:35:55.801 26455 26477 I native-activity: Frame 814 GL error is 0x506
04-11 03:35:55.801 26455 26477 I native-activity: Frame 814 time is 25.655ms
04-11 03:35:55.801 26455 26477 I native-activity: Swap 814 time is 25.774ms
04-11 03:35:55.801 26455 26477 I native-activity: Animating
04-11 03:35:55.809 26455 26477 I native-activity: Frame 815 GL error is 0x506
04-11 03:35:55.809 26455 26477 I native-activity: Frame 815 time is 8.331ms
04-11 03:35:55.809 26455 26477 I native-activity: Swap 815 time is 8.515ms
04-11 03:35:55.809 26455 26477 I native-activity: Animating
04-11 03:35:55.837 26455 26477 I native-activity: Frame 816 GL error is 0x506
04-11 03:35:55.837 26455 26477 I native-activity: Frame 816 time is 27.838ms
04-11 03:35:55.838 26455 26477 I native-activity: Swap 816 time is 28.084ms
04-11 03:35:55.838 26455 26477 I native-activity: Animating
04-11 03:35:55.871 26455 26477 I native-activity: Frame 817 GL error is 0x506
04-11 03:35:55.871 26455 26477 I native-activity: Frame 817 time is 33.199ms
04-11 03:35:55.871 26455 26477 I native-activity: Swap 817 time is 33.531ms
04-11 03:35:55.871 26455 26477 I native-activity: Animating
04-11 03:35:55.898 26455 26477 I native-activity: Frame 818 GL error is 0x506
04-11 03:35:55.898 26455 26477 I native-activity: Frame 818 time is 26.588ms
04-11 03:35:55.898 26455 26477 I native-activity: Swap 818 time is 26.812ms
04-11 03:35:55.898 26455 26477 I native-activity: Animating
04-11 03:35:55.931 26455 26477 I native-activity: Frame 819 GL error is 0x506
04-11 03:35:55.931 26455 26477 I native-activity: Frame 819 time is 33.014ms
04-11 03:35:55.932 26455 26477 I native-activity: Swap 819 time is 33.219ms
04-11 03:35:55.932 26455 26477 I native-activity: Animating
04-11 03:35:55.963 26455 26477 I native-activity: Frame 820 GL error is 0x506
04-11 03:35:55.963 26455 26477 I native-activity: Frame 820 time is 31.398ms
04-11 03:35:55.970 26455 26477 I native-activity: Swap 820 time is 37.740ms
04-11 03:35:55.970 26455 26477 I native-activity: Animating
04-11 03:35:55.994 26455 26477 I native-activity: Frame 821 GL error is 0x506
04-11 03:35:55.994 26455 26477 I native-activity: Frame 821 time is 24.046ms
04-11 03:35:55.994 26455 26477 I native-activity: Swap 821 time is 24.339ms
04-11 03:35:55.994 26455 26477 I native-activity: Animating
04-11 03:35:56.011 26455 26477 I native-activity: Frame 822 GL error is 0x506
04-11 03:35:56.011 26455 26477 I native-activity: Frame 822 time is 16.875ms
04-11 03:35:56.012 26455 26477 I native-activity: Swap 822 time is 17.029ms
04-11 03:35:56.012 26455 26477 I native-activity: Animating
04-11 03:35:56.035 26455 26477 I native-activity: Frame 823 GL error is 0x506
04-11 03:35:56.035 26455 26477 I native-activity: Frame 823 time is 23.526ms
04-11 03:35:56.035 26455 26477 I native-activity: Swap 823 time is 23.645ms
04-11 03:35:56.035 26455 26477 I native-activity: Animating
04-11 03:35:56.064 26455 26477 I native-activity: Frame 824 GL error is 0x506
04-11 03:35:56.064 26455 26477 I native-activity: Frame 824 time is 28.384ms
04-11 03:35:56.064 26455 26477 I native-activity: Swap 824 time is 28.513ms
04-11 03:35:56.064 26455 26477 I native-activity: Animating
04-11 03:35:56.087 26455 26477 I native-activity: Frame 825 GL error is 0x506
04-11 03:35:56.087 26455 26477 I native-activity: Frame 825 time is 23.155ms
04-11 03:35:56.088 26455 26477 I native-activity: Swap 825 time is 23.360ms
04-11 03:35:56.088 26455 26477 I native-activity: Animating
04-11 03:35:56.112 26455 26477 I native-activity: Frame 826 GL error is 0x506
04-11 03:35:56.112 26455 26477 I native-activity: Frame 826 time is 24.086ms
04-11 03:35:56.112 26455 26477 I native-activity: Swap 826 time is 24.274ms
04-11 03:35:56.112 26455 26477 I native-activity: Animating
04-11 03:35:56.134 26455 26477 I native-activity: Frame 827 GL error is 0x506
04-11 03:35:56.134 26455 26477 I native-activity: Frame 827 time is 21.676ms
04-11 03:35:56.134 26455 26477 I native-activity: Swap 827 time is 21.794ms
04-11 03:35:56.134 26455 26477 I native-activity: Animating
04-11 03:35:56.159 26455 26477 I native-activity: Frame 828 GL error is 0x506
04-11 03:35:56.159 26455 26477 I native-activity: Frame 828 time is 24.807ms
04-11 03:35:56.159 26455 26477 I native-activity: Swap 828 time is 24.926ms
04-11 03:35:56.159 26455 26477 I native-activity: Animating
04-11 03:35:56.184 26455 26477 I native-activity: Frame 829 GL error is 0x506
04-11 03:35:56.184 26455 26477 I native-activity: Frame 829 time is 25.408ms
04-11 03:35:56.185 26455 26477 I native-activity: Swap 829 time is 25.534ms
04-11 03:35:56.185 26455 26477 I native-activity: Animating
04-11 03:35:56.211 26455 26477 I native-activity: Frame 830 GL error is 0x506
04-11 03:35:56.211 26455 26477 I native-activity: Frame 830 time is 26.317ms
04-11 03:35:56.211 26455 26477 I native-activity: Swap 830 time is 26.436ms
04-11 03:35:56.211 26455 26477 I native-activity: Animating
04-11 03:35:56.237 26455 26477 I native-activity: Frame 831 GL error is 0x506
04-11 03:35:56.237 26455 26477 I native-activity: Frame 831 time is 25.593ms
04-11 03:35:56.237 26455 26477 I native-activity: Swap 831 time is 25.744ms
04-11 03:35:56.237 26455 26477 I native-activity: Animating
04-11 03:35:56.259 26455 26477 I native-activity: Frame 832 GL error is 0x506
04-11 03:35:56.259 26455 26477 I native-activity: Frame 832 time is 21.808ms
04-11 03:35:56.259 26455 26477 I native-activity: Swap 832 time is 21.926ms
04-11 03:35:56.259 26455 26477 I native-activity: Animating
04-11 03:35:56.280 26455 26477 I native-activity: Frame 833 GL error is 0x506
04-11 03:35:56.280 26455 26477 I native-activity: Frame 833 time is 21.305ms
04-11 03:35:56.281 26455 26477 I native-activity: Swap 833 time is 21.558ms
04-11 03:35:56.281 26455 26477 I native-activity: Animating
04-11 03:35:56.295 26455 26477 I native-activity: Frame 834 GL error is 0x506
04-11 03:35:56.295 26455 26477 I native-activity: Frame 834 time is 13.884ms
04-11 03:35:56.295 26455 26477 I native-activity: Swap 834 time is 14.083ms
04-11 03:35:56.295 26455 26477 I native-activity: Animating
04-11 03:35:56.352 26455 26477 I native-activity: Frame 835 GL error is 0x506
04-11 03:35:56.352 26455 26477 I native-activity: Frame 835 time is 57.258ms
04-11 03:35:56.353 26455 26477 I native-activity: Swap 835 time is 57.489ms
04-11 03:35:56.353 26455 26477 I native-activity: Animating
04-11 03:35:56.376 26455 26477 I native-activity: Frame 836 GL error is 0x506
04-11 03:35:56.376 26455 26477 I native-activity: Frame 836 time is 23.194ms
04-11 03:35:56.376 26455 26477 I native-activity: Swap 836 time is 23.459ms
04-11 03:35:56.377 26455 26477 I native-activity: Animating
04-11 03:35:56.402 26455 26477 I native-activity: Frame 837 GL error is 0x506
04-11 03:35:56.402 26455 26477 I native-activity: Frame 837 time is 25.761ms
04-11 03:35:56.403 26455 26477 I native-activity: Swap 837 time is 26.025ms
04-11 03:35:56.403 26455 26477 I native-activity: Animating
04-11 03:35:56.427 26455 26477 I native-activity: Frame 838 GL error is 0x506
04-11 03:35:56.427 26455 26477 I native-activity: Frame 838 time is 24.145ms
04-11 03:35:56.427 26455 26477 I native-activity: Swap 838 time is 24.349ms
04-11 03:35:56.427 26455 26477 I native-activity: Animating
04-11 03:35:56.448 26455 26477 I native-activity: Frame 839 GL error is 0x506
04-11 03:35:56.449 26455 26477 I native-activity: Frame 839 time is 21.272ms
04-11 03:35:56.449 26455 26477 I native-activity: Swap 839 time is 21.556ms
04-11 03:35:56.449 26455 26477 I native-activity: Animating
04-11 03:35:56.466 26455 26477 I native-activity: Frame 840 GL error is 0x506
04-11 03:35:56.466 26455 26477 I native-activity: Frame 840 time is 16.919ms
04-11 03:35:56.466 26455 26477 I native-activity: Swap 840 time is 17.069ms
04-11 03:35:56.466 26455 26477 I native-activity: Animating
04-11 03:35:56.487 26455 26477 I native-activity: Frame 841 GL error is 0x506
04-11 03:35:56.487 26455 26477 I native-activity: Frame 841 time is 20.772ms
04-11 03:35:56.487 26455 26477 I native-activity: Swap 841 time is 21.233ms
04-11 03:35:56.488 26455 26477 I native-activity: Animating
04-11 03:35:56.505 26455 26477 I native-activity: Frame 842 GL error is 0x506
04-11 03:35:56.505 26455 26477 I native-activity: Frame 842 time is 17.497ms
04-11 03:35:56.505 26455 26477 I native-activity: Swap 842 time is 17.648ms
04-11 03:35:56.505 26455 26477 I native-activity: Animating
04-11 03:35:56.525 26455 26477 I native-activity: Frame 843 GL error is 0x506
04-11 03:35:56.525 26455 26477 I native-activity: Frame 843 time is 19.933ms
04-11 03:35:56.525 26455 26477 I native-activity: Swap 843 time is 20.093ms
04-11 03:35:56.526 26455 26477 I native-activity: Animating
04-11 03:35:56.545 26455 26477 I native-activity: Frame 844 GL error is 0x506
04-11 03:35:56.545 26455 26477 I native-activity: Frame 844 time is 19.237ms
04-11 03:35:56.545 26455 26477 I native-activity: Swap 844 time is 19.386ms
04-11 03:35:56.545 26455 26477 I native-activity: Animating
04-11 03:35:56.567 26455 26477 I native-activity: Frame 845 GL error is 0x506
04-11 03:35:56.568 26455 26477 I native-activity: Frame 845 time is 22.384ms
04-11 03:35:56.568 26455 26477 I native-activity: Swap 845 time is 22.769ms
04-11 03:35:56.568 26455 26477 I native-activity: Animating
04-11 03:35:56.586 26455 26477 I native-activity: Frame 846 GL error is 0x506
04-11 03:35:56.586 26455 26477 I native-activity: Frame 846 time is 17.895ms
04-11 03:35:56.586 26455 26477 I native-activity: Swap 846 time is 18.043ms
04-11 03:35:56.586 26455 26477 I native-activity: Animating
04-11 03:35:56.606 26455 26477 I native-activity: Frame 847 GL error is 0x506
04-11 03:35:56.606 26455 26477 I native-activity: Frame 847 time is 19.751ms
04-11 03:35:56.606 26455 26477 I native-activity: Swap 847 time is 19.952ms
04-11 03:35:56.606 26455 26477 I native-activity: Animating
04-11 03:35:56.625 26455 26477 I native-activity: Frame 848 GL error is 0x506
04-11 03:35:56.625 26455 26477 I native-activity: Frame 848 time is 18.779ms
04-11 03:35:56.625 26455 26477 I native-activity: Swap 848 time is 18.899ms
04-11 03:35:56.625 26455 26477 I native-activity: Animating
04-11 03:35:56.645 26455 26477 I native-activity: Frame 849 GL error is 0x506
04-11 03:35:56.645 26455 26477 I native-activity: Frame 849 time is 19.889ms
04-11 03:35:56.645 26455 26477 I native-activity: Swap 849 time is 20.011ms
04-11 03:35:56.645 26455 26477 I native-activity: Animating
04-11 03:35:56.665 26455 26477 I native-activity: Frame 850 GL error is 0x506
04-11 03:35:56.665 26455 26477 I native-activity: Frame 850 time is 19.699ms
04-11 03:35:56.665 26455 26477 I native-activity: Swap 850 time is 19.814ms
04-11 03:35:56.665 26455 26477 I native-activity: Animating
04-11 03:35:56.686 26455 26477 I native-activity: Frame 851 GL error is 0x506
04-11 03:35:56.686 26455 26477 I native-activity: Frame 851 time is 20.600ms
04-11 03:35:56.686 26455 26477 I native-activity: Swap 851 time is 20.717ms
04-11 03:35:56.686 26455 26477 I native-activity: Animating
04-11 03:35:56.705 26455 26477 I native-activity: Frame 852 GL error is 0x506
04-11 03:35:56.705 26455 26477 I native-activity: Frame 852 time is 19.137ms
04-11 03:35:56.706 26455 26477 I native-activity: Swap 852 time is 19.300ms
04-11 03:35:56.706 26455 26477 I native-activity: Animating
04-11 03:35:56.720 26455 26477 I native-activity: Frame 853 GL error is 0x506
04-11 03:35:56.720 26455 26477 I native-activity: Frame 853 time is 14.657ms
04-11 03:35:56.721 26455 26477 I native-activity: Swap 853 time is 14.932ms
04-11 03:35:56.721 26455 26477 I native-activity: Animating
04-11 03:35:56.742 26455 26477 I native-activity: Frame 854 GL error is 0x506
04-11 03:35:56.742 26455 26477 I native-activity: Frame 854 time is 21.452ms
04-11 03:35:56.743 26455 26477 I native-activity: Swap 854 time is 21.701ms
04-11 03:35:56.743 26455 26477 I native-activity: Animating
04-11 03:35:56.765 26455 26477 I native-activity: Frame 855 GL error is 0x506
04-11 03:35:56.765 26455 26477 I native-activity: Frame 855 time is 22.733ms
04-11 03:35:56.766 26455 26477 I native-activity: Swap 855 time is 23.103ms
04-11 03:35:56.766 26455 26477 I native-activity: Animating
04-11 03:35:56.774   448   605 E WifiStateMachine: WifiStateMachine shouldSwitchNetwork  txSuccessRate=28846.00 rxSuccessRate=85272.75 delta 1000 -> 1
04-11 03:35:56.777   448   605 E WifiStateMachine: CMD_AUTO_CONNECT sup state ScanState my state DisconnectedState nid=0 roam=3
04-11 03:35:56.777   448   605 E WifiStateMachine: CMD_AUTO_CONNECT will save config -> "wildfredland" nid=0
04-11 03:35:56.796 26455 26477 I native-activity: Frame 856 GL error is 0x506
04-11 03:35:56.796 26455 26477 I native-activity: Frame 856 time is 29.735ms
04-11 03:35:56.796 26455 26477 I native-activity: Swap 856 time is 29.859ms
04-11 03:35:56.796 26455 26477 I native-activity: Animating
04-11 03:35:56.816   448   605 E WifiConfigStore: Setting BSSID for "wildfredland"WPA_PSK to any
04-11 03:35:56.817 26455 26477 I native-activity: Frame 857 GL error is 0x506
04-11 03:35:56.817 26455 26477 I native-activity: Frame 857 time is 21.339ms
04-11 03:35:56.818 26455 26477 I native-activity: Swap 857 time is 21.565ms
04-11 03:35:56.818 26455 26477 I native-activity: Animating
04-11 03:35:56.819   448   605 E WifiConfigStore: will read network variables netId=0
04-11 03:35:56.836   448   605 E WifiStateMachine: CMD_AUTO_CONNECT did save config ->  nid=0
04-11 03:35:56.838   448   605 E WifiConfigStore: will read network variables netId=0
04-11 03:35:56.843 26455 26477 I native-activity: Frame 858 GL error is 0x506
04-11 03:35:56.843 26455 26477 I native-activity: Frame 858 time is 25.470ms
04-11 03:35:56.843 26455 26477 I native-activity: Swap 858 time is 25.645ms
04-11 03:35:56.844 26455 26477 I native-activity: Animating
04-11 03:35:56.857   663   663 I wpa_supplicant: wlan0: Trying to associate with b0:48:7a:cb:7c:ec (SSID='wildfredland' freq=2427 MHz)
04-11 03:35:56.868 26455 26477 I native-activity: Frame 859 GL error is 0x506
04-11 03:35:56.868 26455 26477 I native-activity: Frame 859 time is 24.114ms
04-11 03:35:56.868 26455 26477 I native-activity: Swap 859 time is 24.233ms
04-11 03:35:56.868 26455 26477 I native-activity: Animating
04-11 03:35:56.889 26455 26477 I native-activity: Frame 860 GL error is 0x506
04-11 03:35:56.889 26455 26477 I native-activity: Frame 860 time is 20.738ms
04-11 03:35:56.889 26455 26477 I native-activity: Swap 860 time is 20.857ms
04-11 03:35:56.889 26455 26477 I native-activity: Animating
04-11 03:35:56.909 26455 26477 I native-activity: Frame 861 GL error is 0x506
04-11 03:35:56.909 26455 26477 I native-activity: Frame 861 time is 20.065ms
04-11 03:35:56.909 26455 26477 I native-activity: Swap 861 time is 20.182ms
04-11 03:35:56.909 26455 26477 I native-activity: Animating
04-11 03:35:56.931 26455 26477 I native-activity: Frame 862 GL error is 0x506
04-11 03:35:56.931 26455 26477 I native-activity: Frame 862 time is 21.819ms
04-11 03:35:56.931 26455 26477 I native-activity: Swap 862 time is 21.940ms
04-11 03:35:56.931 26455 26477 I native-activity: Animating
04-11 03:35:56.952 26455 26477 I native-activity: Frame 863 GL error is 0x506
04-11 03:35:56.952 26455 26477 I native-activity: Frame 863 time is 20.901ms
04-11 03:35:56.952 26455 26477 I native-activity: Swap 863 time is 21.048ms
04-11 03:35:56.952 26455 26477 I native-activity: Animating
04-11 03:35:56.977 26455 26477 I native-activity: Frame 864 GL error is 0x506
04-11 03:35:56.977 26455 26477 I native-activity: Frame 864 time is 24.640ms
04-11 03:35:56.977 26455 26477 I native-activity: Swap 864 time is 24.858ms
04-11 03:35:56.977 26455 26477 I native-activity: Animating
04-11 03:35:57.000 26455 26477 I native-activity: Frame 865 GL error is 0x506
04-11 03:35:57.001 26455 26477 I native-activity: Frame 865 time is 23.170ms
04-11 03:35:57.001 26455 26477 I native-activity: Swap 865 time is 23.296ms
04-11 03:35:57.001 26455 26477 I native-activity: Animating
04-11 03:35:57.020 26455 26477 I native-activity: Frame 866 GL error is 0x506
04-11 03:35:57.020 26455 26477 I native-activity: Frame 866 time is 19.564ms
04-11 03:35:57.020 26455 26477 I native-activity: Swap 866 time is 19.689ms
04-11 03:35:57.021 26455 26477 I native-activity: Animating
04-11 03:35:57.040 26455 26477 I native-activity: Frame 867 GL error is 0x506
04-11 03:35:57.040 26455 26477 I native-activity: Frame 867 time is 19.926ms
04-11 03:35:57.041 26455 26477 I native-activity: Swap 867 time is 20.043ms
04-11 03:35:57.041 26455 26477 I native-activity: Animating
04-11 03:35:57.061 26455 26477 I native-activity: Frame 868 GL error is 0x506
04-11 03:35:57.061 26455 26477 I native-activity: Frame 868 time is 20.127ms
04-11 03:35:57.061 26455 26477 I native-activity: Swap 868 time is 20.242ms
04-11 03:35:57.061 26455 26477 I native-activity: Animating
04-11 03:35:57.081 26455 26477 I native-activity: Frame 869 GL error is 0x506
04-11 03:35:57.081 26455 26477 I native-activity: Frame 869 time is 20.267ms
04-11 03:35:57.081 26455 26477 I native-activity: Swap 869 time is 20.383ms
04-11 03:35:57.081 26455 26477 I native-activity: Animating
04-11 03:35:57.101 26455 26477 I native-activity: Frame 870 GL error is 0x506
04-11 03:35:57.101 26455 26477 I native-activity: Frame 870 time is 19.816ms
04-11 03:35:57.101 26455 26477 I native-activity: Swap 870 time is 19.932ms
04-11 03:35:57.102 26455 26477 I native-activity: Animating
04-11 03:35:57.122 26455 26477 I native-activity: Frame 871 GL error is 0x506
04-11 03:35:57.122 26455 26477 I native-activity: Frame 871 time is 20.800ms
04-11 03:35:57.122 26455 26477 I native-activity: Swap 871 time is 20.917ms
04-11 03:35:57.123 26455 26477 I native-activity: Animating
04-11 03:35:57.143 26455 26477 I native-activity: Frame 872 GL error is 0x506
04-11 03:35:57.143 26455 26477 I native-activity: Frame 872 time is 20.523ms
04-11 03:35:57.143 26455 26477 I native-activity: Swap 872 time is 20.643ms
04-11 03:35:57.143 26455 26477 I native-activity: Animating
04-11 03:35:57.166 26455 26477 I native-activity: Frame 873 GL error is 0x506
04-11 03:35:57.166 26455 26477 I native-activity: Frame 873 time is 22.739ms
04-11 03:35:57.166 26455 26477 I native-activity: Swap 873 time is 22.855ms
04-11 03:35:57.166 26455 26477 I native-activity: Animating
04-11 03:35:57.177   663   663 I wpa_supplicant: wlan0: Associated with b0:48:7a:cb:7c:ec
04-11 03:35:57.201   663   663 I wpa_supplicant: wlan0: WPA: Key negotiation completed with b0:48:7a:cb:7c:ec [PTK=CCMP GTK=CCMP]
04-11 03:35:57.201   663   663 I wpa_supplicant: wlan0: CTRL-EVENT-CONNECTED - Connection to b0:48:7a:cb:7c:ec completed [id=0 id_str=]
04-11 03:35:57.201 26455 26477 I native-activity: Frame 874 GL error is 0x506
04-11 03:35:57.201 26455 26477 I native-activity: Frame 874 time is 35.171ms
04-11 03:35:57.202 26455 26477 I native-activity: Swap 874 time is 35.695ms
04-11 03:35:57.202 26455 26477 I native-activity: Animating
04-11 03:35:57.219   448   605 D ConnectivityService: registerNetworkAgent NetworkAgentInfo{ ni{[type: WIFI[], state: CONNECTING/CONNECTING, reason: (unspecified), extra: "wildfredland", roaming: false, failover: false, isAvailable: true, isConnectedToProvisioningNetwork: false]}  network{null}  lp{{InterfaceName: wlan0 LinkAddresses: []  Routes: [] DnsAddresses: [] Domains: null MTU: 0 TcpBufferSizes: 524288,1048576,2097152,262144,524288,1048576}}  nc{[ Transports: WIFI Capabilities: INTERNET&NOT_RESTRICTED&TRUSTED&NOT_VPN LinkUpBandwidth>=1048576Kbps LinkDnBandwidth>=1048576Kbps]}  Score{20}  everValidated{false}  lastValidated{false}  created{false}  explicitlySelected{false} }
04-11 03:35:57.220   448   605 E WifiConfigStore: saveWifiConfigBSSID Setting BSSID for "wildfredland"WPA_PSK to any
04-11 03:35:57.220   448   613 D ConnectivityService: NetworkAgentInfo [WIFI () - 2788] EVENT_NETWORK_INFO_CHANGED, going from null to CONNECTING
04-11 03:35:57.233   448   605 E WifiConfigStore: saveWifiConfigBSSID Setting BSSID for "wildfredland"WPA_PSK to any
04-11 03:35:57.242 26455 26477 I native-activity: Frame 875 GL error is 0x506
04-11 03:35:57.242 26455 26477 I native-activity: Frame 875 time is 39.842ms
04-11 03:35:57.243 26455 26477 I native-activity: Swap 875 time is 40.105ms
04-11 03:35:57.243 26455 26477 I native-activity: Animating
04-11 03:35:57.245   121   427 D CommandListener: Setting iface cfg
04-11 03:35:57.252   448   605 E WifiStateMachine: Start Dhcp Watchdog 2794
04-11 03:35:57.267   448   613 D ConnectivityService: updateNetworkScore for NetworkAgentInfo [WIFI () - 2788] to 60
04-11 03:35:57.272 25234 25234 D Event   : No subscribers registered for event class com.tplink.hellotp.shared.o
04-11 03:35:57.273 25234 25234 D Event   : No subscribers registered for event class de.greenrobot.event.f
04-11 03:35:57.283 26455 26477 I native-activity: Frame 876 GL error is 0x506
04-11 03:35:57.283 26455 26477 I native-activity: Frame 876 time is 40.115ms
04-11 03:35:57.283 26455 26477 I native-activity: Swap 876 time is 40.251ms
04-11 03:35:57.283 26455 26477 I native-activity: Animating
04-11 03:35:57.313 26455 26477 I native-activity: Frame 877 GL error is 0x506
04-11 03:35:57.313 26455 26477 I native-activity: Frame 877 time is 29.873ms
04-11 03:35:57.313 26455 26477 I native-activity: Swap 877 time is 29.995ms
04-11 03:35:57.313 26455 26477 I native-activity: Animating
04-11 03:35:57.341 26455 26477 I native-activity: Frame 878 GL error is 0x506
04-11 03:35:57.341 26455 26477 I native-activity: Frame 878 time is 27.364ms
04-11 03:35:57.341 26455 26477 I native-activity: Swap 878 time is 27.479ms
04-11 03:35:57.341 26455 26477 I native-activity: Animating
04-11 03:35:57.364 26455 26477 I native-activity: Frame 879 GL error is 0x506
04-11 03:35:57.365 26455 26477 I native-activity: Frame 879 time is 23.562ms
04-11 03:35:57.365 26455 26477 I native-activity: Swap 879 time is 23.680ms
04-11 03:35:57.365 26455 26477 I native-activity: Animating
04-11 03:35:57.390 26455 26477 I native-activity: Frame 880 GL error is 0x506
04-11 03:35:57.390 26455 26477 I native-activity: Frame 880 time is 25.087ms
04-11 03:35:57.390 26455 26477 I native-activity: Swap 880 time is 25.261ms
04-11 03:35:57.390 26455 26477 I native-activity: Animating
04-11 03:35:57.405 26455 26477 I native-activity: Frame 881 GL error is 0x506
04-11 03:35:57.405 26455 26477 I native-activity: Frame 881 time is 15.149ms
04-11 03:35:57.406 26455 26477 I native-activity: Swap 881 time is 15.389ms
04-11 03:35:57.406 26455 26477 I native-activity: Animating
04-11 03:35:57.425 26455 26477 I native-activity: Frame 882 GL error is 0x506
04-11 03:35:57.426 26455 26477 I native-activity: Frame 882 time is 19.989ms
04-11 03:35:57.426 26455 26477 I native-activity: Swap 882 time is 20.376ms
04-11 03:35:57.426 26455 26477 I native-activity: Animating
04-11 03:35:57.445 26455 26477 I native-activity: Frame 883 GL error is 0x506
04-11 03:35:57.446 26455 26477 I native-activity: Frame 883 time is 19.208ms
04-11 03:35:57.446 26455 26477 I native-activity: Swap 883 time is 19.509ms
04-11 03:35:57.446 26455 26477 I native-activity: Animating
04-11 03:35:57.468 26455 26477 I native-activity: Frame 884 GL error is 0x506
04-11 03:35:57.468 26455 26477 I native-activity: Frame 884 time is 21.945ms
04-11 03:35:57.468 26455 26477 I native-activity: Swap 884 time is 22.185ms
04-11 03:35:57.468 26455 26477 I native-activity: Animating
04-11 03:35:57.489 26455 26477 I native-activity: Frame 885 GL error is 0x506
04-11 03:35:57.489 26455 26477 I native-activity: Frame 885 time is 20.087ms
04-11 03:35:57.489 26455 26477 I native-activity: Swap 885 time is 20.320ms
04-11 03:35:57.489 26455 26477 I native-activity: Animating
04-11 03:35:57.489 26455 26477 I native-activity: Frame 886 GL error is 0x0
04-11 03:35:57.489 26455 26477 I native-activity: Frame 886 time is 0.031ms
04-11 03:35:57.489 26455 26477 I native-activity: Swap 886 time is 0.078ms
04-11 03:35:57.489 26455 26477 I native-activity: Animating
04-11 03:35:57.489 26455 26477 I native-activity: Reached frame 887 end of replay, exiting
