--------- beginning of main
04-11 03:40:23.007 25234 25234 D Event   : No subscribers registered for event class com.tplink.hellotp.shared.o
04-11 03:40:23.007 25234 25234 D Event   : No subscribers registered for event class de.greenrobot.event.f
04-11 03:40:23.161 25646 28820 I UpdateIcingCorporaServi: Updating corpora: APPS=com.google.android.gms, CONTACTS=MAYBE
04-11 03:40:23.196   448   586 I InputReader: Reconfiguring input devices.  changes=0x00000010
04-11 03:40:23.281  8277 28825 D Wear_Controller: Received broadcast action=android.intent.action.PACKAGE_CHANGED and uri=com.google.android.gms
04-11 03:40:23.346  8277 28822 W IcingInternalCorpora: getNumBytesRead when not calculated.
04-11 03:40:23.354 28815 28815 D AndroidRuntime: >>>>>> START com.android.internal.os.RuntimeInit uid 2000 <<<<<<
04-11 03:40:23.359 28815 28815 D AndroidRuntime: CheckJNI is OFF
04-11 03:40:23.490  8277 25996 I Icing   : Usage reports 0 indexed 0 rejected 0 imm upload true
04-11 03:40:23.524  8277 25996 I Icing   : Usage reports 0 indexed 0 rejected 0 imm upload false
04-11 03:40:23.526  8277 25996 I Icing   : updateResources: need to parse sor{com.google.android.gms}
04-11 03:40:23.551 28815 28815 E memtrack: Couldn't load memtrack module (No such file or directory)
04-11 03:40:23.552 28815 28815 E android.os.Debug: failed to load memtrack module: -2
04-11 03:40:23.568   663   663 I wpa_supplicant: wlan0: Authentication with b0:48:7a:cb:7c:ec timed out.
04-11 03:40:23.586   663   663 I wpa_supplicant: wlan0: CTRL-EVENT-DISCONNECTED bssid=b0:48:7a:cb:7c:ec reason=3 locally_generated=1
04-11 03:40:23.588   448   605 E WifiConfigStore: saveWifiConfigBSSID Setting BSSID for "wildfredland"WPA_PSK to any
04-11 03:40:23.600   121   427 D CommandListener: Clearing all IP addresses on wlan0
--------- beginning of system
04-11 03:40:23.626   448   613 D ConnectivityService: NetworkAgentInfo [WIFI () - 2792] EVENT_NETWORK_INFO_CHANGED, going from CONNECTED to DISCONNECTED
04-11 03:40:23.626   448   613 D ConnectivityService: NetworkAgentInfo [WIFI () - 2792] got DISCONNECTED, was satisfying 6
04-11 03:40:23.631   448   605 E WifiConfigStore: saveWifiConfigBSSID Setting BSSID for "wildfredland"WPA_PSK to any
04-11 03:40:23.638   448   605 E WifiStateMachine: WifiStateMachine: Leaving Connected state
04-11 03:40:23.651   448   605 D WifiNetworkAgent: NetworkAgent: NetworkAgent channel lost
04-11 03:40:23.651 28815 28815 D AndroidRuntime: Calling main entry com.android.commands.am.Am
04-11 03:40:23.662   448  2929 I ActivityManager: START u0 {act=android.intent.action.MAIN cat=[android.intent.category.LAUNCHER] flg=0x10000000 cmp=com.example.sonicdash_stage1/android.app.NativeActivity (has extras)} from uid 2000 on display 0
04-11 03:40:23.667   448  2929 V WindowManager: addAppToken: AppWindowToken{2f05f011 token=Token{777f838 ActivityRecord{1ffc9b u0 com.example.sonicdash_stage1/android.app.NativeActivity t1036}}} to stack=1 task=1036 at 0
04-11 03:40:23.677 28815 28815 D AndroidRuntime: Shutting down VM
04-11 03:40:23.683 28815 28831 I art     : Debugger is no longer active
04-11 03:40:23.684   448   473 V WindowManager: Adding window Window{3c77c777 u0 Starting com.example.sonicdash_stage1} at 3 of 9 (after Window{1f48f6bd u0 com.android.launcher/com.android.launcher2.Launcher})
04-11 03:40:23.689   448   448 D BackupManagerService: Received broadcast Intent { act=android.intent.action.PACKAGE_CHANGED dat=package:com.google.android.gms flg=0x4000010 (has extras) }
04-11 03:40:23.689   448   448 I BackupManagerService: Unbinding ComponentInfo{com.google.android.gms/com.google.android.gms.backup.BackupTransportService}
04-11 03:40:23.730   448   938 I ActivityManager: Start proc 28843:com.example.sonicdash_stage1/u0a449 for activity com.example.sonicdash_stage1/android.app.NativeActivity
04-11 03:40:23.732 28843 28843 I art     : Late-enabling -Xcheck:jni
04-11 03:40:23.746   448   448 I BackupManagerService: Binding to transport host ComponentInfo{com.google.android.gms/com.google.android.gms.backup.BackupTransportService}
04-11 03:40:23.760   448   613 D ConnectivityService: notifyType LOST for NetworkAgentInfo [WIFI () - 2792]
04-11 03:40:23.765  8277 27307 D ConnectivityManager.CallbackHandler: CM callback handler got msg 524292
04-11 03:40:23.768   666  1123 D ConnectivityManager.CallbackHandler: CM callback handler got msg 524292
04-11 03:40:23.771   448 28703 D NetworkMonitor/NetworkAgentInfo [WIFI () - 2792]: OfflineState{ when=0 what=532487 target=com.android.internal.util.StateMachine$SmHandler }
04-11 03:40:23.772   448 28703 D NetworkMonitor/NetworkAgentInfo [WIFI () - 2792]: DefaultState{ when=0 what=532487 target=com.android.internal.util.StateMachine$SmHandler }
04-11 03:40:23.772   448 28703 D NetworkMonitor/NetworkAgentInfo [WIFI () - 2792]: Disconnected - quitting
04-11 03:40:23.773   448   613 D CSLegacyTypeTracker: Sending disconnected broadcast for type 1 NetworkAgentInfo [WIFI () - 2792] isDefaultNetwork=true
04-11 03:40:23.773   448   613 D ConnectivityService: sendStickyBroadcast: action=android.net.conn.CONNECTIVITY_CHANGE_IMMEDIATE
04-11 03:40:23.778 25234 25335 D ConnectivityManager.CallbackHandler: CM callback handler got msg 524292
04-11 03:40:23.779 25234 25335 D Event   : No subscribers registered for event class com.tplink.hellotp.shared.j
04-11 03:40:23.779 25234 25335 D Event   : No subscribers registered for event class de.greenrobot.event.f
04-11 03:40:23.780 25234 25335 D ConnectivityManager.CallbackHandler: CM callback handler got msg 524292
04-11 03:40:23.781   448   613 D ConnectivityService: sendStickyBroadcast: action=android.net.conn.CONNECTIVITY_CHANGE
04-11 03:40:23.783   448   613 D ConnectivityService: sendStickyBroadcast: action=android.net.conn.CONNECTIVITY_CHANGE_IMMEDIATE
04-11 03:40:23.784   448   613 D ConnectivityService: sendStickyBroadcast: action=android.net.conn.CONNECTIVITY_CHANGE
04-11 03:40:23.785   448   613 D ConnectivityService: Checking for replacement network to handle request NetworkRequest [ id=1, legacyType=-1, [ Capabilities: INTERNET&NOT_RESTRICTED&TRUSTED&NOT_VPN] ]
04-11 03:40:23.788   448   472 D Tethering: MasterInitialState.processMessage what=3
04-11 03:40:23.797 28843 28853 I art     : Debugger is no longer active
04-11 03:40:23.798 25472 25552 D ConnectivityManager.CallbackHandler: CM callback handler got msg 524292
04-11 03:40:23.804   448   613 D ConnectivityService: Checking for replacement network to handle request NetworkRequest [ id=503, legacyType=-1, [ Transports: WIFI Capabilities: NOT_RESTRICTED&TRUSTED&NOT_VPN] ]
04-11 03:40:23.812   448   472 D Tethering: MasterInitialState.processMessage what=3
04-11 03:40:23.818   448   448 V BackupManagerService: Connected to transport ComponentInfo{com.google.android.gms/com.google.android.gms.backup.BackupTransportService}
04-11 03:40:23.819   448   448 V BackupManagerService: Registering transport com.google.android.gms/.backup.BackupTransportService::com.google.android.gms/.backup.BackupTransportService = com.android.internal.backup.IBackupTransport$Stub$Proxy@33fd8a14
04-11 03:40:23.826 25234 25335 D Event   : No subscribers registered for event class com.tplink.hellotp.shared.j
04-11 03:40:23.826 25234 25335 D Event   : No subscribers registered for event class de.greenrobot.event.f
04-11 03:40:23.829   448   613 E ConnectivityService: EVENT_NETWORK_INFO_CHANGED from unknown NetworkAgent
04-11 03:40:23.865   666   666 V PhoneStatusBar: setLightsOn(true)
04-11 03:40:23.919  8277 25996 I Icing   : Usage reports 0 indexed 0 rejected 0 imm upload false
04-11 03:40:23.966  8277 25996 I Icing   : Usage reports 0 indexed 0 rejected 0 imm upload false
04-11 03:40:24.025 28843 28843 V threaded_app: Creating: 0x421b6ce8
04-11 03:40:24.029 28843 28866 V threaded_app: Config: mcc=310 mnc=0 lang=en cnt=US orien=2 touch=3 dens=213 keys=1 nav=1 keysHid=3 navHid=0 sdk=22 size=3 long=1 modetype=1 modenight=1
04-11 03:40:24.031 28843 28866 I native-activity: Starting android_main
04-11 03:40:24.031 28843 28866 I native-activity:   Activity 0x421b6ce8
04-11 03:40:24.031 28843 28866 I native-activity:   VM 0x41d7a460
04-11 03:40:24.031 28843 28866 I native-activity:   JNIEnv 0x41d7ac18
04-11 03:40:24.031 28843 28866 D native-activity: Changing permissions for the internal storage at /data/data/com.example.sonicdash_stage1/files
04-11 03:40:24.031 28843 28866 I native-activity: Attaching entry point thread to JNIEnv
04-11 03:40:24.035 28843 28866 I native-activity: Loading activity configuration
04-11 03:40:24.035 28843 28866 V native-activity: get_boolean_extra for *env 0x4208bd70 intent 0x100005 extra_name egl_swap_preserve_bit
04-11 03:40:24.035 28843 28843 V threaded_app: Start: 0x421b6ce8
04-11 03:40:24.035 28843 28866 V native-activity: get_boolean_extra for *env 0x4208bd70 intent 0x100005 extra_name egl_window_bit
04-11 03:40:24.036 28843 28866 V native-activity: get_boolean_extra for *env 0x4208bd70 intent 0x100005 extra_name egl_pbuffer_bit
04-11 03:40:24.036 28843 28866 V native-activity: get_boolean_extra for *env 0x4208bd70 intent 0x100005 extra_name gl_enable_dither
04-11 03:40:24.036 28843 28866 V native-activity: get_boolean_extra for *env 0x4208bd70 intent 0x100005 extra_name gl_disable_dither
04-11 03:40:24.036 28843 28866 V native-activity: get_boolean_extra for *env 0x4208bd70 intent 0x100005 extra_name gl_log_context
04-11 03:40:24.036 28843 28866 V native-activity: get_boolean_extra for *env 0x4208bd70 intent 0x100005 extra_name stop_motion
04-11 03:40:24.036 28843 28866 V native-activity: get_boolean_extra for *env 0x4208bd70 intent 0x100005 extra_name capture_compressed
04-11 03:40:24.036 28843 28866 I native-activity: EGL configuration
04-11 03:40:24.036 28843 28866 I native-activity: 	egl_swap_preserve_bit: 0
04-11 03:40:24.036 28843 28866 I native-activity: 	egl_window_bit: 1
04-11 03:40:24.036 28843 28866 I native-activity: 	egl_pbuffer_bit: 1
04-11 03:40:24.036 28843 28866 I native-activity: 	egl_width: 1080
04-11 03:40:24.036 28843 28866 I native-activity: 	egl_height: 1920
04-11 03:40:24.036 28843 28866 I native-activity: 	egl_red_size: 8
04-11 03:40:24.036 28843 28866 I native-activity: 	egl_green_size: 8
04-11 03:40:24.036 28843 28866 I native-activity: 	egl_blue_size: 8
04-11 03:40:24.036 28843 28866 I native-activity: 	egl_alpha_size: 8
04-11 03:40:24.036 28843 28866 I native-activity: 	egl_depth_size: 16
04-11 03:40:24.037 28843 28866 I native-activity: 	egl_stencil_size: -1
04-11 03:40:24.037 28843 28866 I native-activity: 	egl_swapbuffers_sync: 2
04-11 03:40:24.037 28843 28866 I native-activity: GL configuration
04-11 03:40:24.037 28843 28866 I native-activity: 	gl_enable_dither: 0
04-11 03:40:24.037 28843 28866 I native-activity: 	gl_disable_dither: 0
04-11 03:40:24.037 28843 28866 I native-activity: 	gl_get_error: 1
04-11 03:40:24.037 28843 28866 I native-activity: 	gl_log_context: 1
04-11 03:40:24.037 28843 28866 I native-activity: Runtime configuration
04-11 03:40:24.037 28843 28866 I native-activity: 	draw_limit:        0
04-11 03:40:24.037 28843 28866 I native-activity: 	frame_limit:       0
04-11 03:40:24.037 28843 28866 I native-activity: 	stop_motion:       0
04-11 03:40:24.037 28843 28866 I native-activity: 	capture_frequency: 0
04-11 03:40:24.037 28843 28866 I native-activity: 	capture_compressed: 1
04-11 03:40:24.045 28843 28866 V threaded_app: activityState=10
04-11 03:40:24.046 28843 28843 V threaded_app: Resume: 0x421b6ce8
04-11 03:40:24.047 28843 28866 V threaded_app: activityState=11
04-11 03:40:24.051  8277  8277 I iu.Environment: update connectivity state; isNetworkMetered? false, isRoaming? false, isBackgroundDataAllowed? false*
04-11 03:40:24.082   448  1270 V WindowManager: Adding window Window{24fe71e0 u0 com.example.sonicdash_stage1/android.app.NativeActivity} at 3 of 10 (before Window{3c77c777 u0 Starting com.example.sonicdash_stage1})
04-11 03:40:24.083  8277  8937 I iu.UploadsManager: num queued entries: 0
04-11 03:40:24.086 28843 28843 V threaded_app: InputQueueCreated: 0x421b6ce8 -- 0x5a69d838
04-11 03:40:24.086 28843 28866 V threaded_app: APP_CMD_INPUT_CHANGED
04-11 03:40:24.086 28843 28866 V threaded_app: Attaching input queue to looper
04-11 03:40:24.097  8277  8937 I iu.UploadsManager: num updated entries: 0
04-11 03:40:24.097 28414 28861 I MusicLeanback: Conditions not met for autocaching.
04-11 03:40:24.098 28414 28861 I MusicLeanback: Stop autocaching.
04-11 03:40:24.111 28843 28843 V threaded_app: NativeWindowCreated: 0x421b6ce8 -- 0x5a6a6230
04-11 03:40:24.112 28843 28866 V threaded_app: APP_CMD_INIT_WINDOW
04-11 03:40:24.118 28843 28843 V threaded_app: WindowFocusChanged: 0x421b6ce8 -- 1
04-11 03:40:24.138  8277  8937 I iu.SyncManager: NEXT; no task
04-11 03:40:24.157   448   473 I ActivityManager: Displayed com.example.sonicdash_stage1/android.app.NativeActivity: +477ms
04-11 03:40:24.161 28843 28866 D libEGL  : loaded /system/lib/egl/libEGL_tegra.so
04-11 03:40:24.207 28843 28866 D libEGL  : loaded /system/lib/egl/libGLESv1_CM_tegra.so
04-11 03:40:24.254 28414 28868 I MusicLeanback: Conditions not met for autocaching.
04-11 03:40:24.255 28414 28868 I MusicLeanback: Stop autocaching.
04-11 03:40:24.341  8230  8230 I GCoreNlp: shouldConfirmNlp, NLP off. Ensuring opt-in disabled
04-11 03:40:24.384 28843 28866 D libEGL  : loaded /system/lib/egl/libGLESv2_tegra.so
04-11 03:40:24.441   994   994 I Launcher: Deferring update until onResume
04-11 03:40:24.444 25646 28820 I ApplicationLogger: canRun() : Opted Out
04-11 03:40:24.449 28843 28866 I native-activity: EGL information on display 0x1
04-11 03:40:24.449 28843 28866 I native-activity: 		EGL_VENDOR: Android
04-11 03:40:24.449 28843 28866 I native-activity: 		EGL_VERSION: 1.4 Android META-EGL
04-11 03:40:24.449 28843 28866 I native-activity: 		EGL_CLIENT_APIS: OpenGL_ES
04-11 03:40:24.449 28843 28866 I native-activity: 		EGL_EXTENSIONS: EGL_KHR_get_all_proc_addresses EGL_ANDROID_presentation_time EGL_KHR_image EGL_KHR_image_base EGL_KHR_image_pixmap EGL_KHR_lock_surface EGL_KHR_gl_texture_2D_image EGL_KHR_gl_texture_cubemap_image EGL_KHR_gl_renderbuffer_image EGL_KHR_fence_sync EGL_EXT_create_context_robustness EGL_NV_system_time EGL_ANDROID_image_native_buffer EGL_ANDROID_recordable 
04-11 03:40:24.449 28843 28866 D native-activity: EGL configurations 50
04-11 03:40:24.449 28843 28866 D native-activity: 	Config 0xcaf329 index 0
04-11 03:40:24.449 28843 28866 V native-activity: 		EGL_CONFIG_ID: 1
04-11 03:40:24.449 28843 28866 V native-activity: 		EGL_CONFORMANT: 5 EGL_OPENGL_ES_BIT, EGL_OPENGL_ES2_BIT,
04-11 03:40:24.450 28843 28866 V native-activity: 		EGL_CONFIG_CAVEAT: 12344 EGL_NONE,
04-11 03:40:24.450 28843 28866 V native-activity: 		EGL_RENDERABLE_TYPE: 5 EGL_OPENGL_ES_BIT, EGL_OPENGL_ES2_BIT,
04-11 03:40:24.450 28843 28866 V native-activity: 		EGL_SURFACE_TYPE: 3175 EGL_PBUFFER_BIT, EGL_PIXMAP_BIT, EGL_SWAP_BEHAVIOR_PRESERVED_BIT, EGL_VG_ALPHA_FORMAT_PRE_BIT, EGL_VG_COLORSPACE_LINEAR_BIT, EGL_WINDOW_BIT,
04-11 03:40:24.450 28843 28866 V native-activity: 		EGL_LEVEL: 0
04-11 03:40:24.450 28843 28866 V native-activity: 		EGL_COLOR_BUFFER_TYPE: 12430 EGL_RGB_BUFFER,
04-11 03:40:24.450 28843 28866 V native-activity: 		EGL_BUFFER_SIZE: 32
04-11 03:40:24.450 28843 28866 V native-activity: 		EGL_SAMPLES: 0
04-11 03:40:24.450 28843 28866 V native-activity: 		EGL_SAMPLE_BUFFERS: 0
04-11 03:40:24.450 28843 28866 V native-activity: 		EGL_RED_SIZE: 8
04-11 03:40:24.450 28843 28866 V native-activity: 		EGL_GREEN_SIZE: 8
04-11 03:40:24.450 28843 28866 V native-activity: 		EGL_BLUE_SIZE: 8
04-11 03:40:24.450 28843 28866 V native-activity: 		EGL_ALPHA_SIZE: 8
04-11 03:40:24.450 28843 28866 V native-activity: 		EGL_ALPHA_MASK_SIZE: 8
04-11 03:40:24.450 28843 28866 V native-activity: 		EGL_LUMINANCE_SIZE: 0
04-11 03:40:24.450 28843 28866 V native-activity: 		EGL_TRANSPARENT_TYPE: 12344 EGL_NONE,
04-11 03:40:24.450 28843 28866 V native-activity: 		EGL_TRANSPARENT_RED_VALUE: 0
04-11 03:40:24.450 28843 28866 V native-activity: 		EGL_TRANSPARENT_GREEN_VALUE: 0
04-11 03:40:24.450 28843 28866 V native-activity: 		EGL_TRANSPARENT_BLUE_VALUE: 0
04-11 03:40:24.450 28843 28866 V native-activity: 		EGL_STENCIL_SIZE: 8
04-11 03:40:24.450 28843 28866 V native-activity: 		EGL_DEPTH_SIZE: 16
04-11 03:40:24.450 28843 28866 V native-activity: 		EGL_BIND_TO_TEXTURE_RGB: 0
04-11 03:40:24.450 28843 28866 V native-activity: 		EGL_BIND_TO_TEXTURE_RGBA: 0
04-11 03:40:24.450 28843 28866 V native-activity: 		EGL_MIN_SWAP_INTERVAL: 0
04-11 03:40:24.450 28843 28866 V native-activity: 		EGL_MAX_SWAP_INTERVAL: 1
04-11 03:40:24.450 28843 28866 V native-activity: 		EGL_MAX_PBUFFER_WIDTH: 2048
04-11 03:40:24.450 28843 28866 V native-activity: 		EGL_MAX_PBUFFER_HEIGHT: 2048
04-11 03:40:24.450 28843 28866 D native-activity: 	Config 0xcaf32a index 1
04-11 03:40:24.450 28843 28866 V native-activity: 		EGL_CONFIG_ID: 2
04-11 03:40:24.450 28843 28866 V native-activity: 		EGL_CONFORMANT: 5 EGL_OPENGL_ES_BIT, EGL_OPENGL_ES2_BIT,
04-11 03:40:24.450 28843 28866 V native-activity: 		EGL_CONFIG_CAVEAT: 12344 EGL_NONE,
04-11 03:40:24.450 28843 28866 V native-activity: 		EGL_RENDERABLE_TYPE: 5 EGL_OPENGL_ES_BIT, EGL_OPENGL_ES2_BIT,
04-11 03:40:24.450 28843 28866 V native-activity: 		EGL_SURFACE_TYPE: 3175 EGL_PBUFFER_BIT, EGL_PIXMAP_BIT, EGL_SWAP_BEHAVIOR_PRESERVED_BIT, EGL_VG_ALPHA_FORMAT_PRE_BIT, EGL_VG_COLORSPACE_LINEAR_BIT, EGL_WINDOW_BIT,
04-11 03:40:24.450 28843 28866 V native-activity: 		EGL_LEVEL: 0
04-11 03:40:24.450 28843 28866 V native-activity: 		EGL_COLOR_BUFFER_TYPE: 12430 EGL_RGB_BUFFER,
04-11 03:40:24.450 28843 28866 V native-activity: 		EGL_BUFFER_SIZE: 32
04-11 03:40:24.450 28843 28866 V native-activity: 		EGL_SAMPLES: 0
04-11 03:40:24.450 28843 28866 V native-activity: 		EGL_SAMPLE_BUFFERS: 0
04-11 03:40:24.450 28843 28866 V native-activity: 		EGL_RED_SIZE: 8
04-11 03:40:24.450 28843 28866 V native-activity: 		EGL_GREEN_SIZE: 8
04-11 03:40:24.450 28843 28866 V native-activity: 		EGL_BLUE_SIZE: 8
04-11 03:40:24.450 28843 28866 V native-activity: 		EGL_ALPHA_SIZE: 8
04-11 03:40:24.450   976  1080 D PhoneInterfaceManager: [PhoneIntfMgr] getDataEnabled: subId=-1 phoneId=-1
04-11 03:40:24.450 28843 28866 V native-activity: 		EGL_ALPHA_MASK_SIZE: 8
04-11 03:40:24.450 28843 28866 V native-activity: 		EGL_LUMINANCE_SIZE: 0
04-11 03:40:24.450 28843 28866 V native-activity: 		EGL_TRANSPARENT_TYPE: 12344 EGL_NONE,
04-11 03:40:24.450 28843 28866 V native-activity: 		EGL_TRANSPARENT_RED_VALUE: 0
04-11 03:40:24.450   976  1080 E PhoneInterfaceManager: [PhoneIntfMgr] getDataEnabled: no phone subId=-1 retVal=false
04-11 03:40:24.450 28843 28866 V native-activity: 		EGL_TRANSPARENT_GREEN_VALUE: 0
04-11 03:40:24.450 28843 28866 V native-activity: 		EGL_TRANSPARENT_BLUE_VALUE: 0
04-11 03:40:24.451 28843 28866 V native-activity: 		EGL_STENCIL_SIZE: 0
04-11 03:40:24.451 28843 28866 V native-activity: 		EGL_DEPTH_SIZE: 16
04-11 03:40:24.451 28843 28866 V native-activity: 		EGL_BIND_TO_TEXTURE_RGB: 0
04-11 03:40:24.451 28843 28866 V native-activity: 		EGL_BIND_TO_TEXTURE_RGBA: 0
04-11 03:40:24.451 28843 28866 V native-activity: 		EGL_MIN_SWAP_INTERVAL: 0
04-11 03:40:24.451 28843 28866 V native-activity: 		EGL_MAX_SWAP_INTERVAL: 1
04-11 03:40:24.451 28843 28866 V native-activity: 		EGL_MAX_PBUFFER_WIDTH: 2048
04-11 03:40:24.451 28843 28866 V native-activity: 		EGL_MAX_PBUFFER_HEIGHT: 2048
04-11 03:40:24.451 28843 28866 D native-activity: 	Config 0xcaf32b index 2
04-11 03:40:24.451 28843 28866 V native-activity: 		EGL_CONFIG_ID: 3
04-11 03:40:24.451 28843 28866 V native-activity: 		EGL_CONFORMANT: 5 EGL_OPENGL_ES_BIT, EGL_OPENGL_ES2_BIT,
04-11 03:40:24.451   448   467 D TelephonyManager: getDataEnabled: retVal=false
04-11 03:40:24.451 28843 28866 V native-activity: 		EGL_CONFIG_CAVEAT: 12344 EGL_NONE,
04-11 03:40:24.451 28843 28866 V native-activity: 		EGL_RENDERABLE_TYPE: 5 EGL_OPENGL_ES_BIT, EGL_OPENGL_ES2_BIT,
04-11 03:40:24.451 28843 28866 V native-activity: 		EGL_SURFACE_TYPE: 3175 EGL_PBUFFER_BIT, EGL_PIXMAP_BIT, EGL_SWAP_BEHAVIOR_PRESERVED_BIT, EGL_VG_ALPHA_FORMAT_PRE_BIT, EGL_VG_COLORSPACE_LINEAR_BIT, EGL_WINDOW_BIT,
04-11 03:40:24.451 28843 28866 V native-activity: 		EGL_LEVEL: 0
04-11 03:40:24.451 28843 28866 V native-activity: 		EGL_COLOR_BUFFER_TYPE: 12430 EGL_RGB_BUFFER,
04-11 03:40:24.451 28843 28866 V native-activity: 		EGL_BUFFER_SIZE: 32
04-11 03:40:24.451 28843 28866 V native-activity: 		EGL_SAMPLES: 0
04-11 03:40:24.451 28843 28866 V native-activity: 		EGL_SAMPLE_BUFFERS: 0
04-11 03:40:24.451 28843 28866 V native-activity: 		EGL_RED_SIZE: 8
04-11 03:40:24.451 28843 28866 V native-activity: 		EGL_GREEN_SIZE: 8
04-11 03:40:24.451 28843 28866 V native-activity: 		EGL_BLUE_SIZE: 8
04-11 03:40:24.451 28843 28866 V native-activity: 		EGL_ALPHA_SIZE: 8
04-11 03:40:24.451 28843 28866 V native-activity: 		EGL_ALPHA_MASK_SIZE: 8
04-11 03:40:24.451 28843 28866 V native-activity: 		EGL_LUMINANCE_SIZE: 0
04-11 03:40:24.451 28843 28866 V native-activity: 		EGL_TRANSPARENT_TYPE: 12344 EGL_NONE,
04-11 03:40:24.451 28843 28866 V native-activity: 		EGL_TRANSPARENT_RED_VALUE: 0
04-11 03:40:24.451 28843 28866 V native-activity: 		EGL_TRANSPARENT_GREEN_VALUE: 0
04-11 03:40:24.451 28843 28866 V native-activity: 		EGL_TRANSPARENT_BLUE_VALUE: 0
04-11 03:40:24.451 28843 28866 V native-activity: 		EGL_STENCIL_SIZE: 8
04-11 03:40:24.451 28843 28866 V native-activity: 		EGL_DEPTH_SIZE: 0
04-11 03:40:24.451 28843 28866 V native-activity: 		EGL_BIND_TO_TEXTURE_RGB: 0
04-11 03:40:24.451 28843 28866 V native-activity: 		EGL_BIND_TO_TEXTURE_RGBA: 0
04-11 03:40:24.451 28843 28866 V native-activity: 		EGL_MIN_SWAP_INTERVAL: 0
04-11 03:40:24.451 28843 28866 V native-activity: 		EGL_MAX_SWAP_INTERVAL: 1
04-11 03:40:24.451 28843 28866 V native-activity: 		EGL_MAX_PBUFFER_WIDTH: 2048
04-11 03:40:24.451 28843 28866 V native-activity: 		EGL_MAX_PBUFFER_HEIGHT: 2048
04-11 03:40:24.451 28843 28866 D native-activity: 	Config 0xcaf32c index 3
04-11 03:40:24.451 28843 28866 V native-activity: 		EGL_CONFIG_ID: 4
04-11 03:40:24.451 28843 28866 V native-activity: 		EGL_CONFORMANT: 5 EGL_OPENGL_ES_BIT, EGL_OPENGL_ES2_BIT,
04-11 03:40:24.451 28843 28866 V native-activity: 		EGL_CONFIG_CAVEAT: 12344 EGL_NONE,
04-11 03:40:24.451 28843 28866 V native-activity: 		EGL_RENDERABLE_TYPE: 5 EGL_OPENGL_ES_BIT, EGL_OPENGL_ES2_BIT,
04-11 03:40:24.451 28843 28866 V native-activity: 		EGL_SURFACE_TYPE: 3175 EGL_PBUFFER_BIT, EGL_PIXMAP_BIT, EGL_SWAP_BEHAVIOR_PRESERVED_BIT, EGL_VG_ALPHA_FORMAT_PRE_BIT, EGL_VG_COLORSPACE_LINEAR_BIT, EGL_WINDOW_BIT,
04-11 03:40:24.451 28843 28866 V native-activity: 		EGL_LEVEL: 0
04-11 03:40:24.451 28843 28866 V native-activity: 		EGL_COLOR_BUFFER_TYPE: 12430 EGL_RGB_BUFFER,
04-11 03:40:24.451 28843 28866 V native-activity: 		EGL_BUFFER_SIZE: 32
04-11 03:40:24.451 28843 28866 V native-activity: 		EGL_SAMPLES: 0
04-11 03:40:24.451 28843 28866 V native-activity: 		EGL_SAMPLE_BUFFERS: 0
04-11 03:40:24.451 28843 28866 V native-activity: 		EGL_RED_SIZE: 8
04-11 03:40:24.451 28843 28866 V native-activity: 		EGL_GREEN_SIZE: 8
04-11 03:40:24.451 28843 28866 V native-activity: 		EGL_BLUE_SIZE: 8
04-11 03:40:24.451 28843 28866 V native-activity: 		EGL_ALPHA_SIZE: 8
04-11 03:40:24.451 28843 28866 V native-activity: 		EGL_ALPHA_MASK_SIZE: 8
04-11 03:40:24.451 28843 28866 V native-activity: 		EGL_LUMINANCE_SIZE: 0
04-11 03:40:24.451 28843 28866 V native-activity: 		EGL_TRANSPARENT_TYPE: 12344 EGL_NONE,
04-11 03:40:24.452 28843 28866 V native-activity: 		EGL_TRANSPARENT_RED_VALUE: 0
04-11 03:40:24.452 28843 28866 V native-activity: 		EGL_TRANSPARENT_GREEN_VALUE: 0
04-11 03:40:24.452 28843 28866 V native-activity: 		EGL_TRANSPARENT_BLUE_VALUE: 0
04-11 03:40:24.452 28843 28866 V native-activity: 		EGL_STENCIL_SIZE: 0
04-11 03:40:24.452 28843 28866 V native-activity: 		EGL_DEPTH_SIZE: 0
04-11 03:40:24.452 28843 28866 V native-activity: 		EGL_BIND_TO_TEXTURE_RGB: 0
04-11 03:40:24.452 28843 28866 V native-activity: 		EGL_BIND_TO_TEXTURE_RGBA: 0
04-11 03:40:24.452 28843 28866 V native-activity: 		EGL_MIN_SWAP_INTERVAL: 0
04-11 03:40:24.452 28843 28866 V native-activity: 		EGL_MAX_SWAP_INTERVAL: 1
04-11 03:40:24.452 28843 28866 V native-activity: 		EGL_MAX_PBUFFER_WIDTH: 2048
04-11 03:40:24.452 28843 28866 V native-activity: 		EGL_MAX_PBUFFER_HEIGHT: 2048
04-11 03:40:24.452 28843 28866 D native-activity: 	Config 0xcaf32d index 4
04-11 03:40:24.452 28843 28866 V native-activity: 		EGL_CONFIG_ID: 5
04-11 03:40:24.452 28843 28866 V native-activity: 		EGL_CONFORMANT: 5 EGL_OPENGL_ES_BIT, EGL_OPENGL_ES2_BIT,
04-11 03:40:24.452 28843 28866 V native-activity: 		EGL_CONFIG_CAVEAT: 12344 EGL_NONE,
04-11 03:40:24.452 28843 28866 V native-activity: 		EGL_RENDERABLE_TYPE: 5 EGL_OPENGL_ES_BIT, EGL_OPENGL_ES2_BIT,
04-11 03:40:24.452 28843 28866 V native-activity: 		EGL_SURFACE_TYPE: 3175 EGL_PBUFFER_BIT, EGL_PIXMAP_BIT, EGL_SWAP_BEHAVIOR_PRESERVED_BIT, EGL_VG_ALPHA_FORMAT_PRE_BIT, EGL_VG_COLORSPACE_LINEAR_BIT, EGL_WINDOW_BIT,
04-11 03:40:24.452 28843 28866 V native-activity: 		EGL_LEVEL: 0
04-11 03:40:24.452 28843 28866 V native-activity: 		EGL_COLOR_BUFFER_TYPE: 12430 EGL_RGB_BUFFER,
04-11 03:40:24.452 28843 28866 V native-activity: 		EGL_BUFFER_SIZE: 32
04-11 03:40:24.452 28843 28866 V native-activity: 		EGL_SAMPLES: 0
04-11 03:40:24.452 28843 28866 V native-activity: 		EGL_SAMPLE_BUFFERS: 0
04-11 03:40:24.452 28843 28866 V native-activity: 		EGL_RED_SIZE: 8
04-11 03:40:24.452 28843 28866 V native-activity: 		EGL_GREEN_SIZE: 8
04-11 03:40:24.452 28843 28866 V native-activity: 		EGL_BLUE_SIZE: 8
04-11 03:40:24.452 28843 28866 V native-activity: 		EGL_ALPHA_SIZE: 0
04-11 03:40:24.452 28843 28866 V native-activity: 		EGL_ALPHA_MASK_SIZE: 8
04-11 03:40:24.452 28843 28866 V native-activity: 		EGL_LUMINANCE_SIZE: 0
04-11 03:40:24.452 28843 28866 V native-activity: 		EGL_TRANSPARENT_TYPE: 12344 EGL_NONE,
04-11 03:40:24.452 28843 28866 V native-activity: 		EGL_TRANSPARENT_RED_VALUE: 0
04-11 03:40:24.452 28843 28866 V native-activity: 		EGL_TRANSPARENT_GREEN_VALUE: 0
04-11 03:40:24.452 28843 28866 V native-activity: 		EGL_TRANSPARENT_BLUE_VALUE: 0
04-11 03:40:24.452 28843 28866 V native-activity: 		EGL_STENCIL_SIZE: 0
04-11 03:40:24.452 28843 28866 V native-activity: 		EGL_DEPTH_SIZE: 0
04-11 03:40:24.452 28843 28866 V native-activity: 		EGL_BIND_TO_TEXTURE_RGB: 0
04-11 03:40:24.452 28843 28866 V native-activity: 		EGL_BIND_TO_TEXTURE_RGBA: 0
04-11 03:40:24.452 28843 28866 V native-activity: 		EGL_MIN_SWAP_INTERVAL: 0
04-11 03:40:24.452 28843 28866 V native-activity: 		EGL_MAX_SWAP_INTERVAL: 1
04-11 03:40:24.452 28843 28866 V native-activity: 		EGL_MAX_PBUFFER_WIDTH: 2048
04-11 03:40:24.452 28843 28866 V native-activity: 		EGL_MAX_PBUFFER_HEIGHT: 2048
04-11 03:40:24.452 28843 28866 D native-activity: 	Config 0xcaf32e index 5
04-11 03:40:24.452 28843 28866 V native-activity: 		EGL_CONFIG_ID: 8
04-11 03:40:24.452 28843 28866 V native-activity: 		EGL_CONFORMANT: 5 EGL_OPENGL_ES_BIT, EGL_OPENGL_ES2_BIT,
04-11 03:40:24.452 28843 28866 V native-activity: 		EGL_CONFIG_CAVEAT: 12344 EGL_NONE,
04-11 03:40:24.452 28843 28866 V native-activity: 		EGL_RENDERABLE_TYPE: 5 EGL_OPENGL_ES_BIT, EGL_OPENGL_ES2_BIT,
04-11 03:40:24.452 28843 28866 V native-activity: 		EGL_SURFACE_TYPE: 3175 EGL_PBUFFER_BIT, EGL_PIXMAP_BIT, EGL_SWAP_BEHAVIOR_PRESERVED_BIT, EGL_VG_ALPHA_FORMAT_PRE_BIT, EGL_VG_COLORSPACE_LINEAR_BIT, EGL_WINDOW_BIT,
04-11 03:40:24.452 28843 28866 V native-activity: 		EGL_LEVEL: 0
04-11 03:40:24.452 28843 28866 V native-activity: 		EGL_COLOR_BUFFER_TYPE: 12430 EGL_RGB_BUFFER,
04-11 03:40:24.452 28843 28866 V native-activity: 		EGL_BUFFER_SIZE: 16
04-11 03:40:24.452 28843 28866 V native-activity: 		EGL_SAMPLES: 0
04-11 03:40:24.452 28843 28866 V native-activity: 		EGL_SAMPLE_BUFFERS: 0
04-11 03:40:24.452 28843 28866 V native-activity: 		EGL_RED_SIZE: 5
04-11 03:40:24.453 28843 28866 V native-activity: 		EGL_GREEN_SIZE: 6
04-11 03:40:24.453 28843 28866 V native-activity: 		EGL_BLUE_SIZE: 5
04-11 03:40:24.453 28843 28866 V native-activity: 		EGL_ALPHA_SIZE: 0
04-11 03:40:24.453 28843 28866 V native-activity: 		EGL_ALPHA_MASK_SIZE: 8
04-11 03:40:24.453 28843 28866 V native-activity: 		EGL_LUMINANCE_SIZE: 0
04-11 03:40:24.453 28843 28866 V native-activity: 		EGL_TRANSPARENT_TYPE: 12344 EGL_NONE,
04-11 03:40:24.453 28843 28866 V native-activity: 		EGL_TRANSPARENT_RED_VALUE: 0
04-11 03:40:24.453 28843 28866 V native-activity: 		EGL_TRANSPARENT_GREEN_VALUE: 0
04-11 03:40:24.453 28843 28866 V native-activity: 		EGL_TRANSPARENT_BLUE_VALUE: 0
04-11 03:40:24.453 28843 28866 V native-activity: 		EGL_STENCIL_SIZE: 8
04-11 03:40:24.453 28843 28866 V native-activity: 		EGL_DEPTH_SIZE: 16
04-11 03:40:24.453 28843 28866 V native-activity: 		EGL_BIND_TO_TEXTURE_RGB: 0
04-11 03:40:24.453 28843 28866 V native-activity: 		EGL_BIND_TO_TEXTURE_RGBA: 0
04-11 03:40:24.453 28843 28866 V native-activity: 		EGL_MIN_SWAP_INTERVAL: 0
04-11 03:40:24.453 28843 28866 V native-activity: 		EGL_MAX_SWAP_INTERVAL: 1
04-11 03:40:24.453 28843 28866 V native-activity: 		EGL_MAX_PBUFFER_WIDTH: 2048
04-11 03:40:24.453 28843 28866 V native-activity: 		EGL_MAX_PBUFFER_HEIGHT: 2048
04-11 03:40:24.453 28843 28866 D native-activity: 	Config 0xcaf32f index 6
04-11 03:40:24.453 28843 28866 V native-activity: 		EGL_CONFIG_ID: 9
04-11 03:40:24.453 28843 28866 V native-activity: 		EGL_CONFORMANT: 5 EGL_OPENGL_ES_BIT, EGL_OPENGL_ES2_BIT,
04-11 03:40:24.453 28843 28866 V native-activity: 		EGL_CONFIG_CAVEAT: 12344 EGL_NONE,
04-11 03:40:24.453 28843 28866 V native-activity: 		EGL_RENDERABLE_TYPE: 5 EGL_OPENGL_ES_BIT, EGL_OPENGL_ES2_BIT,
04-11 03:40:24.453 28843 28866 V native-activity: 		EGL_SURFACE_TYPE: 3175 EGL_PBUFFER_BIT, EGL_PIXMAP_BIT, EGL_SWAP_BEHAVIOR_PRESERVED_BIT, EGL_VG_ALPHA_FORMAT_PRE_BIT, EGL_VG_COLORSPACE_LINEAR_BIT, EGL_WINDOW_BIT,
04-11 03:40:24.453 28843 28866 V native-activity: 		EGL_LEVEL: 0
04-11 03:40:24.453 28843 28866 V native-activity: 		EGL_COLOR_BUFFER_TYPE: 12430 EGL_RGB_BUFFER,
04-11 03:40:24.453 28843 28866 V native-activity: 		EGL_BUFFER_SIZE: 16
04-11 03:40:24.453 28843 28866 V native-activity: 		EGL_SAMPLES: 0
04-11 03:40:24.453 28843 28866 V native-activity: 		EGL_SAMPLE_BUFFERS: 0
04-11 03:40:24.453 28843 28866 V native-activity: 		EGL_RED_SIZE: 5
04-11 03:40:24.453 28843 28866 V native-activity: 		EGL_GREEN_SIZE: 6
04-11 03:40:24.453 28843 28866 V native-activity: 		EGL_BLUE_SIZE: 5
04-11 03:40:24.453 28843 28866 V native-activity: 		EGL_ALPHA_SIZE: 0
04-11 03:40:24.453 28843 28866 V native-activity: 		EGL_ALPHA_MASK_SIZE: 8
04-11 03:40:24.453 28843 28866 V native-activity: 		EGL_LUMINANCE_SIZE: 0
04-11 03:40:24.453 28843 28866 V native-activity: 		EGL_TRANSPARENT_TYPE: 12344 EGL_NONE,
04-11 03:40:24.453 28843 28866 V native-activity: 		EGL_TRANSPARENT_RED_VALUE: 0
04-11 03:40:24.453 28843 28866 V native-activity: 		EGL_TRANSPARENT_GREEN_VALUE: 0
04-11 03:40:24.453 28843 28866 V native-activity: 		EGL_TRANSPARENT_BLUE_VALUE: 0
04-11 03:40:24.453 28843 28866 V native-activity: 		EGL_STENCIL_SIZE: 0
04-11 03:40:24.453 28843 28866 V native-activity: 		EGL_DEPTH_SIZE: 16
04-11 03:40:24.453 28843 28866 V native-activity: 		EGL_BIND_TO_TEXTURE_RGB: 0
04-11 03:40:24.453 28843 28866 V native-activity: 		EGL_BIND_TO_TEXTURE_RGBA: 0
04-11 03:40:24.453 28843 28866 V native-activity: 		EGL_MIN_SWAP_INTERVAL: 0
04-11 03:40:24.453 28843 28866 V native-activity: 		EGL_MAX_SWAP_INTERVAL: 1
04-11 03:40:24.453 28843 28866 V native-activity: 		EGL_MAX_PBUFFER_WIDTH: 2048
04-11 03:40:24.453 28843 28866 V native-activity: 		EGL_MAX_PBUFFER_HEIGHT: 2048
04-11 03:40:24.453 28843 28866 D native-activity: 	Config 0xcaf330 index 7
04-11 03:40:24.453 28843 28866 V native-activity: 		EGL_CONFIG_ID: 10
04-11 03:40:24.453 28843 28866 V native-activity: 		EGL_CONFORMANT: 5 EGL_OPENGL_ES_BIT, EGL_OPENGL_ES2_BIT,
04-11 03:40:24.453 28843 28866 V native-activity: 		EGL_CONFIG_CAVEAT: 12344 EGL_NONE,
04-11 03:40:24.453 28843 28866 V native-activity: 		EGL_RENDERABLE_TYPE: 5 EGL_OPENGL_ES_BIT, EGL_OPENGL_ES2_BIT,
04-11 03:40:24.454 28843 28866 V native-activity: 		EGL_SURFACE_TYPE: 3175 EGL_PBUFFER_BIT, EGL_PIXMAP_BIT, EGL_SWAP_BEHAVIOR_PRESERVED_BIT, EGL_VG_ALPHA_FORMAT_PRE_BIT, EGL_VG_COLORSPACE_LINEAR_BIT, EGL_WINDOW_BIT,
04-11 03:40:24.454 28843 28866 V native-activity: 		EGL_LEVEL: 0
04-11 03:40:24.454 28843 28866 V native-activity: 		EGL_COLOR_BUFFER_TYPE: 12430 EGL_RGB_BUFFER,
04-11 03:40:24.454 28843 28866 V native-activity: 		EGL_BUFFER_SIZE: 16
04-11 03:40:24.454 28843 28866 V native-activity: 		EGL_SAMPLES: 0
04-11 03:40:24.454 28843 28866 V native-activity: 		EGL_SAMPLE_BUFFERS: 0
04-11 03:40:24.454 28843 28866 V native-activity: 		EGL_RED_SIZE: 5
04-11 03:40:24.454 28843 28866 V native-activity: 		EGL_GREEN_SIZE: 6
04-11 03:40:24.454 28843 28866 V native-activity: 		EGL_BLUE_SIZE: 5
04-11 03:40:24.454 28843 28866 V native-activity: 		EGL_ALPHA_SIZE: 0
04-11 03:40:24.454 28843 28866 V native-activity: 		EGL_ALPHA_MASK_SIZE: 8
04-11 03:40:24.454 28843 28866 V native-activity: 		EGL_LUMINANCE_SIZE: 0
04-11 03:40:24.454 28843 28866 V native-activity: 		EGL_TRANSPARENT_TYPE: 12344 EGL_NONE,
04-11 03:40:24.454 28843 28866 V native-activity: 		EGL_TRANSPARENT_RED_VALUE: 0
04-11 03:40:24.454 28843 28866 V native-activity: 		EGL_TRANSPARENT_GREEN_VALUE: 0
04-11 03:40:24.454 28843 28866 V native-activity: 		EGL_TRANSPARENT_BLUE_VALUE: 0
04-11 03:40:24.454 28843 28866 V native-activity: 		EGL_STENCIL_SIZE: 8
04-11 03:40:24.454 28843 28866 V native-activity: 		EGL_DEPTH_SIZE: 0
04-11 03:40:24.454 28843 28866 V native-activity: 		EGL_BIND_TO_TEXTURE_RGB: 0
04-11 03:40:24.454 28843 28866 V native-activity: 		EGL_BIND_TO_TEXTURE_RGBA: 0
04-11 03:40:24.454 28843 28866 V native-activity: 		EGL_MIN_SWAP_INTERVAL: 0
04-11 03:40:24.454 28843 28866 V native-activity: 		EGL_MAX_SWAP_INTERVAL: 1
04-11 03:40:24.454 28843 28866 V native-activity: 		EGL_MAX_PBUFFER_WIDTH: 2048
04-11 03:40:24.454 28843 28866 V native-activity: 		EGL_MAX_PBUFFER_HEIGHT: 2048
04-11 03:40:24.454 28843 28866 D native-activity: 	Config 0xcaf331 index 8
04-11 03:40:24.454 28843 28866 V native-activity: 		EGL_CONFIG_ID: 11
04-11 03:40:24.454 28843 28866 V native-activity: 		EGL_CONFORMANT: 5 EGL_OPENGL_ES_BIT, EGL_OPENGL_ES2_BIT,
04-11 03:40:24.454 28843 28866 V native-activity: 		EGL_CONFIG_CAVEAT: 12344 EGL_NONE,
04-11 03:40:24.454 28843 28866 V native-activity: 		EGL_RENDERABLE_TYPE: 5 EGL_OPENGL_ES_BIT, EGL_OPENGL_ES2_BIT,
04-11 03:40:24.454 28843 28866 V native-activity: 		EGL_SURFACE_TYPE: 3175 EGL_PBUFFER_BIT, EGL_PIXMAP_BIT, EGL_SWAP_BEHAVIOR_PRESERVED_BIT, EGL_VG_ALPHA_FORMAT_PRE_BIT, EGL_VG_COLORSPACE_LINEAR_BIT, EGL_WINDOW_BIT,
04-11 03:40:24.454 28843 28866 V native-activity: 		EGL_LEVEL: 0
04-11 03:40:24.454 28843 28866 V native-activity: 		EGL_COLOR_BUFFER_TYPE: 12430 EGL_RGB_BUFFER,
04-11 03:40:24.454 28843 28866 V native-activity: 		EGL_BUFFER_SIZE: 16
04-11 03:40:24.455 28843 28866 V native-activity: 		EGL_SAMPLES: 0
04-11 03:40:24.455 28843 28866 V native-activity: 		EGL_SAMPLE_BUFFERS: 0
04-11 03:40:24.460 28843 28866 V native-activity: 		EGL_RED_SIZE: 5
04-11 03:40:24.460 28843 28866 V native-activity: 		EGL_GREEN_SIZE: 6
04-11 03:40:24.460 28843 28866 V native-activity: 		EGL_BLUE_SIZE: 5
04-11 03:40:24.460 28843 28866 V native-activity: 		EGL_ALPHA_SIZE: 0
04-11 03:40:24.460 28843 28866 V native-activity: 		EGL_ALPHA_MASK_SIZE: 8
04-11 03:40:24.460 28843 28866 V native-activity: 		EGL_LUMINANCE_SIZE: 0
04-11 03:40:24.460 28843 28866 V native-activity: 		EGL_TRANSPARENT_TYPE: 12344 EGL_NONE,
04-11 03:40:24.460 28843 28866 V native-activity: 		EGL_TRANSPARENT_RED_VALUE: 0
04-11 03:40:24.460 28843 28866 V native-activity: 		EGL_TRANSPARENT_GREEN_VALUE: 0
04-11 03:40:24.460 28843 28866 V native-activity: 		EGL_TRANSPARENT_BLUE_VALUE: 0
04-11 03:40:24.460 28843 28866 V native-activity: 		EGL_STENCIL_SIZE: 0
04-11 03:40:24.460 28843 28866 V native-activity: 		EGL_DEPTH_SIZE: 0
04-11 03:40:24.461 28843 28866 V native-activity: 		EGL_BIND_TO_TEXTURE_RGB: 0
04-11 03:40:24.461 28843 28866 V native-activity: 		EGL_BIND_TO_TEXTURE_RGBA: 0
04-11 03:40:24.461 28843 28866 V native-activity: 		EGL_MIN_SWAP_INTERVAL: 0
04-11 03:40:24.461 28843 28866 V native-activity: 		EGL_MAX_SWAP_INTERVAL: 1
04-11 03:40:24.461 28843 28866 V native-activity: 		EGL_MAX_PBUFFER_WIDTH: 2048
04-11 03:40:24.461 28843 28866 V native-activity: 		EGL_MAX_PBUFFER_HEIGHT: 2048
04-11 03:40:24.461 28843 28866 D native-activity: 	Config 0xcaf332 index 9
04-11 03:40:24.461 28843 28866 V native-activity: 		EGL_CONFIG_ID: 12
04-11 03:40:24.461 28843 28866 V native-activity: 		EGL_CONFORMANT: 5 EGL_OPENGL_ES_BIT, EGL_OPENGL_ES2_BIT,
04-11 03:40:24.461 28843 28866 V native-activity: 		EGL_CONFIG_CAVEAT: 12344 EGL_NONE,
04-11 03:40:24.461 28843 28866 V native-activity: 		EGL_RENDERABLE_TYPE: 5 EGL_OPENGL_ES_BIT, EGL_OPENGL_ES2_BIT,
04-11 03:40:24.461 28843 28866 V native-activity: 		EGL_SURFACE_TYPE: 97 EGL_PBUFFER_BIT, EGL_VG_ALPHA_FORMAT_PRE_BIT, EGL_VG_COLORSPACE_LINEAR_BIT,
04-11 03:40:24.461 28843 28866 V native-activity: 		EGL_LEVEL: 0
04-11 03:40:24.461 28843 28866 V native-activity: 		EGL_COLOR_BUFFER_TYPE: 12430 EGL_RGB_BUFFER,
04-11 03:40:24.461 28843 28866 V native-activity: 		EGL_BUFFER_SIZE: 16
04-11 03:40:24.461 28843 28866 V native-activity: 		EGL_SAMPLES: 0
04-11 03:40:24.461 28843 28866 V native-activity: 		EGL_SAMPLE_BUFFERS: 0
04-11 03:40:24.461 28843 28866 V native-activity: 		EGL_RED_SIZE: 4
04-11 03:40:24.461 28843 28866 V native-activity: 		EGL_GREEN_SIZE: 4
04-11 03:40:24.461 28843 28866 V native-activity: 		EGL_BLUE_SIZE: 4
04-11 03:40:24.461 28843 28866 V native-activity: 		EGL_ALPHA_SIZE: 4
04-11 03:40:24.461 28843 28866 V native-activity: 		EGL_ALPHA_MASK_SIZE: 8
04-11 03:40:24.461 28843 28866 V native-activity: 		EGL_LUMINANCE_SIZE: 0
04-11 03:40:24.461 28843 28866 V native-activity: 		EGL_TRANSPARENT_TYPE: 12344 EGL_NONE,
04-11 03:40:24.461 28843 28866 V native-activity: 		EGL_TRANSPARENT_RED_VALUE: 0
04-11 03:40:24.461 28843 28866 V native-activity: 		EGL_TRANSPARENT_GREEN_VALUE: 0
04-11 03:40:24.461 28843 28866 V native-activity: 		EGL_TRANSPARENT_BLUE_VALUE: 0
04-11 03:40:24.461 28843 28866 V native-activity: 		EGL_STENCIL_SIZE: 8
04-11 03:40:24.461 28843 28866 V native-activity: 		EGL_DEPTH_SIZE: 16
04-11 03:40:24.461 28843 28866 V native-activity: 		EGL_BIND_TO_TEXTURE_RGB: 0
04-11 03:40:24.461 28843 28866 V native-activity: 		EGL_BIND_TO_TEXTURE_RGBA: 0
04-11 03:40:24.461 28843 28866 V native-activity: 		EGL_MIN_SWAP_INTERVAL: 0
04-11 03:40:24.461 28843 28866 V native-activity: 		EGL_MAX_SWAP_INTERVAL: 1
04-11 03:40:24.461 28843 28866 V native-activity: 		EGL_MAX_PBUFFER_WIDTH: 2048
04-11 03:40:24.461 28843 28866 V native-activity: 		EGL_MAX_PBUFFER_HEIGHT: 2048
04-11 03:40:24.461 28843 28866 D native-activity: 	Config 0xcaf333 index 10
04-11 03:40:24.461 28843 28866 V native-activity: 		EGL_CONFIG_ID: 13
04-11 03:40:24.462 28843 28866 V native-activity: 		EGL_CONFORMANT: 5 EGL_OPENGL_ES_BIT, EGL_OPENGL_ES2_BIT,
04-11 03:40:24.462 28843 28866 V native-activity: 		EGL_CONFIG_CAVEAT: 12344 EGL_NONE,
04-11 03:40:24.462 28843 28866 V native-activity: 		EGL_RENDERABLE_TYPE: 5 EGL_OPENGL_ES_BIT, EGL_OPENGL_ES2_BIT,
04-11 03:40:24.462 28843 28866 V native-activity: 		EGL_SURFACE_TYPE: 97 EGL_PBUFFER_BIT, EGL_VG_ALPHA_FORMAT_PRE_BIT, EGL_VG_COLORSPACE_LINEAR_BIT,
04-11 03:40:24.462 28843 28866 V native-activity: 		EGL_LEVEL: 0
04-11 03:40:24.462 28843 28866 V native-activity: 		EGL_COLOR_BUFFER_TYPE: 12430 EGL_RGB_BUFFER,
04-11 03:40:24.462 28843 28866 V native-activity: 		EGL_BUFFER_SIZE: 16
04-11 03:40:24.462 28843 28866 V native-activity: 		EGL_SAMPLES: 0
04-11 03:40:24.462 28843 28866 V native-activity: 		EGL_SAMPLE_BUFFERS: 0
04-11 03:40:24.462 28843 28866 V native-activity: 		EGL_RED_SIZE: 4
04-11 03:40:24.462 28843 28866 V native-activity: 		EGL_GREEN_SIZE: 4
04-11 03:40:24.462 28843 28866 V native-activity: 		EGL_BLUE_SIZE: 4
04-11 03:40:24.462 28843 28866 V native-activity: 		EGL_ALPHA_SIZE: 4
04-11 03:40:24.462 28843 28866 V native-activity: 		EGL_ALPHA_MASK_SIZE: 8
04-11 03:40:24.462 28843 28866 V native-activity: 		EGL_LUMINANCE_SIZE: 0
04-11 03:40:24.462 28843 28866 V native-activity: 		EGL_TRANSPARENT_TYPE: 12344 EGL_NONE,
04-11 03:40:24.462 28843 28866 V native-activity: 		EGL_TRANSPARENT_RED_VALUE: 0
04-11 03:40:24.462 28843 28866 V native-activity: 		EGL_TRANSPARENT_GREEN_VALUE: 0
04-11 03:40:24.462 28843 28866 V native-activity: 		EGL_TRANSPARENT_BLUE_VALUE: 0
04-11 03:40:24.462 28843 28866 V native-activity: 		EGL_STENCIL_SIZE: 0
04-11 03:40:24.462 28843 28866 V native-activity: 		EGL_DEPTH_SIZE: 16
04-11 03:40:24.462 28843 28866 V native-activity: 		EGL_BIND_TO_TEXTURE_RGB: 0
04-11 03:40:24.462 28843 28866 V native-activity: 		EGL_BIND_TO_TEXTURE_RGBA: 0
04-11 03:40:24.462 28843 28866 V native-activity: 		EGL_MIN_SWAP_INTERVAL: 0
04-11 03:40:24.462 28843 28866 V native-activity: 		EGL_MAX_SWAP_INTERVAL: 1
04-11 03:40:24.462 28843 28866 V native-activity: 		EGL_MAX_PBUFFER_WIDTH: 2048
04-11 03:40:24.462 28843 28866 V native-activity: 		EGL_MAX_PBUFFER_HEIGHT: 2048
04-11 03:40:24.462 28843 28866 D native-activity: 	Config 0xcaf334 index 11
04-11 03:40:24.462 28843 28866 V native-activity: 		EGL_CONFIG_ID: 14
04-11 03:40:24.462 28843 28866 V native-activity: 		EGL_CONFORMANT: 5 EGL_OPENGL_ES_BIT, EGL_OPENGL_ES2_BIT,
04-11 03:40:24.462 28843 28866 V native-activity: 		EGL_CONFIG_CAVEAT: 12344 EGL_NONE,
04-11 03:40:24.462 28843 28866 V native-activity: 		EGL_RENDERABLE_TYPE: 5 EGL_OPENGL_ES_BIT, EGL_OPENGL_ES2_BIT,
04-11 03:40:24.462 28843 28866 V native-activity: 		EGL_SURFACE_TYPE: 97 EGL_PBUFFER_BIT, EGL_VG_ALPHA_FORMAT_PRE_BIT, EGL_VG_COLORSPACE_LINEAR_BIT,
04-11 03:40:24.463 28843 28866 V native-activity: 		EGL_LEVEL: 0
04-11 03:40:24.463 28843 28866 V native-activity: 		EGL_COLOR_BUFFER_TYPE: 12430 EGL_RGB_BUFFER,
04-11 03:40:24.463 28843 28866 V native-activity: 		EGL_BUFFER_SIZE: 16
04-11 03:40:24.463 28843 28866 V native-activity: 		EGL_SAMPLES: 0
04-11 03:40:24.463 28843 28866 V native-activity: 		EGL_SAMPLE_BUFFERS: 0
04-11 03:40:24.463 28843 28866 V native-activity: 		EGL_RED_SIZE: 4
04-11 03:40:24.463 28843 28866 V native-activity: 		EGL_GREEN_SIZE: 4
04-11 03:40:24.463 28843 28866 V native-activity: 		EGL_BLUE_SIZE: 4
04-11 03:40:24.463 28843 28866 V native-activity: 		EGL_ALPHA_SIZE: 4
04-11 03:40:24.463 28843 28866 V native-activity: 		EGL_ALPHA_MASK_SIZE: 8
04-11 03:40:24.463 28843 28866 V native-activity: 		EGL_LUMINANCE_SIZE: 0
04-11 03:40:24.463 28843 28866 V native-activity: 		EGL_TRANSPARENT_TYPE: 12344 EGL_NONE,
04-11 03:40:24.463 28843 28866 V native-activity: 		EGL_TRANSPARENT_RED_VALUE: 0
04-11 03:40:24.463 28843 28866 V native-activity: 		EGL_TRANSPARENT_GREEN_VALUE: 0
04-11 03:40:24.463 28843 28866 V native-activity: 		EGL_TRANSPARENT_BLUE_VALUE: 0
04-11 03:40:24.463 28843 28866 V native-activity: 		EGL_STENCIL_SIZE: 8
04-11 03:40:24.463 28843 28866 V native-activity: 		EGL_DEPTH_SIZE: 0
04-11 03:40:24.463 28843 28866 V native-activity: 		EGL_BIND_TO_TEXTURE_RGB: 0
04-11 03:40:24.463 28843 28866 V native-activity: 		EGL_BIND_TO_TEXTURE_RGBA: 0
04-11 03:40:24.463 28843 28866 V native-activity: 		EGL_MIN_SWAP_INTERVAL: 0
04-11 03:40:24.463 28843 28866 V native-activity: 		EGL_MAX_SWAP_INTERVAL: 1
04-11 03:40:24.463 28843 28866 V native-activity: 		EGL_MAX_PBUFFER_WIDTH: 2048
04-11 03:40:24.463 28843 28866 V native-activity: 		EGL_MAX_PBUFFER_HEIGHT: 2048
04-11 03:40:24.463 28843 28866 D native-activity: 	Config 0xcaf335 index 12
04-11 03:40:24.463 28843 28866 V native-activity: 		EGL_CONFIG_ID: 15
04-11 03:40:24.463 28843 28866 V native-activity: 		EGL_CONFORMANT: 5 EGL_OPENGL_ES_BIT, EGL_OPENGL_ES2_BIT,
04-11 03:40:24.463 28843 28866 V native-activity: 		EGL_CONFIG_CAVEAT: 12344 EGL_NONE,
04-11 03:40:24.463 28843 28866 V native-activity: 		EGL_RENDERABLE_TYPE: 5 EGL_OPENGL_ES_BIT, EGL_OPENGL_ES2_BIT,
04-11 03:40:24.463 28843 28866 V native-activity: 		EGL_SURFACE_TYPE: 97 EGL_PBUFFER_BIT, EGL_VG_ALPHA_FORMAT_PRE_BIT, EGL_VG_COLORSPACE_LINEAR_BIT,
04-11 03:40:24.463 28843 28866 V native-activity: 		EGL_LEVEL: 0
04-11 03:40:24.463 28843 28866 V native-activity: 		EGL_COLOR_BUFFER_TYPE: 12430 EGL_RGB_BUFFER,
04-11 03:40:24.463 28843 28866 V native-activity: 		EGL_BUFFER_SIZE: 16
04-11 03:40:24.463 28843 28866 V native-activity: 		EGL_SAMPLES: 0
04-11 03:40:24.464 28843 28866 V native-activity: 		EGL_SAMPLE_BUFFERS: 0
04-11 03:40:24.464 28843 28866 V native-activity: 		EGL_RED_SIZE: 4
04-11 03:40:24.464 28843 28866 V native-activity: 		EGL_GREEN_SIZE: 4
04-11 03:40:24.464 28843 28866 V native-activity: 		EGL_BLUE_SIZE: 4
04-11 03:40:24.464 28843 28866 V native-activity: 		EGL_ALPHA_SIZE: 4
04-11 03:40:24.464 28843 28866 V native-activity: 		EGL_ALPHA_MASK_SIZE: 8
04-11 03:40:24.464 28843 28866 V native-activity: 		EGL_LUMINANCE_SIZE: 0
04-11 03:40:24.464 28843 28866 V native-activity: 		EGL_TRANSPARENT_TYPE: 12344 EGL_NONE,
04-11 03:40:24.464 28843 28866 V native-activity: 		EGL_TRANSPARENT_RED_VALUE: 0
04-11 03:40:24.464 28843 28866 V native-activity: 		EGL_TRANSPARENT_GREEN_VALUE: 0
04-11 03:40:24.464 28843 28866 V native-activity: 		EGL_TRANSPARENT_BLUE_VALUE: 0
04-11 03:40:24.464 28843 28866 V native-activity: 		EGL_STENCIL_SIZE: 0
04-11 03:40:24.464 28843 28866 V native-activity: 		EGL_DEPTH_SIZE: 0
04-11 03:40:24.464 28843 28866 V native-activity: 		EGL_BIND_TO_TEXTURE_RGB: 0
04-11 03:40:24.464 28843 28866 V native-activity: 		EGL_BIND_TO_TEXTURE_RGBA: 0
04-11 03:40:24.464 28843 28866 V native-activity: 		EGL_MIN_SWAP_INTERVAL: 0
04-11 03:40:24.464 28843 28866 V native-activity: 		EGL_MAX_SWAP_INTERVAL: 1
04-11 03:40:24.464 28843 28866 V native-activity: 		EGL_MAX_PBUFFER_WIDTH: 2048
04-11 03:40:24.464 28843 28866 V native-activity: 		EGL_MAX_PBUFFER_HEIGHT: 2048
04-11 03:40:24.464 28843 28866 D native-activity: 	Config 0xcaf336 index 13
04-11 03:40:24.464 28843 28866 V native-activity: 		EGL_CONFIG_ID: 16
04-11 03:40:24.464 28843 28866 V native-activity: 		EGL_CONFORMANT: 5 EGL_OPENGL_ES_BIT, EGL_OPENGL_ES2_BIT,
04-11 03:40:24.464 28843 28866 V native-activity: 		EGL_CONFIG_CAVEAT: 12344 EGL_NONE,
04-11 03:40:24.464 28843 28866 V native-activity: 		EGL_RENDERABLE_TYPE: 5 EGL_OPENGL_ES_BIT, EGL_OPENGL_ES2_BIT,
04-11 03:40:24.464 28843 28866 V native-activity: 		EGL_SURFACE_TYPE: 97 EGL_PBUFFER_BIT, EGL_VG_ALPHA_FORMAT_PRE_BIT, EGL_VG_COLORSPACE_LINEAR_BIT,
04-11 03:40:24.464 28843 28866 V native-activity: 		EGL_LEVEL: 0
04-11 03:40:24.465 28843 28866 V native-activity: 		EGL_COLOR_BUFFER_TYPE: 12430 EGL_RGB_BUFFER,
04-11 03:40:24.465 28843 28866 V native-activity: 		EGL_BUFFER_SIZE: 16
04-11 03:40:24.465 28843 28866 V native-activity: 		EGL_SAMPLES: 0
04-11 03:40:24.465 28843 28866 V native-activity: 		EGL_SAMPLE_BUFFERS: 0
04-11 03:40:24.465 28843 28866 V native-activity: 		EGL_RED_SIZE: 5
04-11 03:40:24.465 28843 28866 V native-activity: 		EGL_GREEN_SIZE: 5
04-11 03:40:24.465 28843 28866 V native-activity: 		EGL_BLUE_SIZE: 5
04-11 03:40:24.465 28843 28866 V native-activity: 		EGL_ALPHA_SIZE: 1
04-11 03:40:24.465 28843 28866 V native-activity: 		EGL_ALPHA_MASK_SIZE: 8
04-11 03:40:24.465 28843 28866 V native-activity: 		EGL_LUMINANCE_SIZE: 0
04-11 03:40:24.465 28843 28866 V native-activity: 		EGL_TRANSPARENT_TYPE: 12344 EGL_NONE,
04-11 03:40:24.465 28843 28866 V native-activity: 		EGL_TRANSPARENT_RED_VALUE: 0
04-11 03:40:24.465 28843 28866 V native-activity: 		EGL_TRANSPARENT_GREEN_VALUE: 0
04-11 03:40:24.465 28843 28866 V native-activity: 		EGL_TRANSPARENT_BLUE_VALUE: 0
04-11 03:40:24.465 28843 28866 V native-activity: 		EGL_STENCIL_SIZE: 8
04-11 03:40:24.465 28843 28866 V native-activity: 		EGL_DEPTH_SIZE: 16
04-11 03:40:24.465 28843 28866 V native-activity: 		EGL_BIND_TO_TEXTURE_RGB: 0
04-11 03:40:24.465 28843 28866 V native-activity: 		EGL_BIND_TO_TEXTURE_RGBA: 0
04-11 03:40:24.465 28843 28866 V native-activity: 		EGL_MIN_SWAP_INTERVAL: 0
04-11 03:40:24.465 28843 28866 V native-activity: 		EGL_MAX_SWAP_INTERVAL: 1
04-11 03:40:24.465 28843 28866 V native-activity: 		EGL_MAX_PBUFFER_WIDTH: 2048
04-11 03:40:24.465 28843 28866 V native-activity: 		EGL_MAX_PBUFFER_HEIGHT: 2048
04-11 03:40:24.465 28843 28866 D native-activity: 	Config 0xcaf337 index 14
04-11 03:40:24.465 28843 28866 V native-activity: 		EGL_CONFIG_ID: 17
04-11 03:40:24.465 28843 28866 V native-activity: 		EGL_CONFORMANT: 5 EGL_OPENGL_ES_BIT, EGL_OPENGL_ES2_BIT,
04-11 03:40:24.465 28843 28866 V native-activity: 		EGL_CONFIG_CAVEAT: 12344 EGL_NONE,
04-11 03:40:24.465 28843 28866 V native-activity: 		EGL_RENDERABLE_TYPE: 5 EGL_OPENGL_ES_BIT, EGL_OPENGL_ES2_BIT,
04-11 03:40:24.465 28843 28866 V native-activity: 		EGL_SURFACE_TYPE: 97 EGL_PBUFFER_BIT, EGL_VG_ALPHA_FORMAT_PRE_BIT, EGL_VG_COLORSPACE_LINEAR_BIT,
