04-11 03:40:33.668 28843 28866 I native-activity: Animating
04-11 03:40:33.694 28843 28866 I native-activity: Frame 315 GL error is 0x506
04-11 03:40:33.694 28843 28866 I native-activity: Frame 315 time is 25.853ms
04-11 03:40:33.694 28843 28866 I native-activity: Doing egl_swapbuffers_sync 2
04-11 03:40:33.695 28843 28866 I native-activity: Swap 315 time is 26.825ms
04-11 03:40:33.695 28843 28866 I native-activity: Animating
04-11 03:40:33.815 28843 28866 I native-activity: Frame 316 GL error is 0x506
04-11 03:40:33.816 28843 28866 I native-activity: Frame 316 time is 120.520ms
04-11 03:40:33.816 28843 28866 I native-activity: Doing egl_swapbuffers_sync 2
04-11 03:40:33.816 28843 28866 I native-activity: Swap 316 time is 121.145ms
04-11 03:40:33.816 28843 28866 I native-activity: Animating
04-11 03:40:33.827 28843 28866 I native-activity: Frame 317 GL error is 0x506
04-11 03:40:33.827 28843 28866 I native-activity: Frame 317 time is 10.607ms
04-11 03:40:33.827 28843 28866 I native-activity: Doing egl_swapbuffers_sync 2
04-11 03:40:33.828 28843 28866 I native-activity: Swap 317 time is 11.325ms
04-11 03:40:33.828 28843 28866 I native-activity: Animating
04-11 03:40:33.842 28843 28866 I native-activity: Frame 318 GL error is 0x506
04-11 03:40:33.842 28843 28866 I native-activity: Frame 318 time is 14.505ms
04-11 03:40:33.844 28843 28866 I native-activity: Doing egl_swapbuffers_sync 2
04-11 03:40:33.845 28843 28866 I native-activity: Swap 318 time is 16.959ms
04-11 03:40:33.845 28843 28866 I native-activity: Animating
04-11 03:40:33.993 28843 28866 I native-activity: Frame 319 GL error is 0x506
04-11 03:40:33.993 28843 28866 I native-activity: Frame 319 time is 147.564ms
04-11 03:40:33.993 28843 28866 I native-activity: Doing egl_swapbuffers_sync 2
04-11 03:40:33.993 28843 28866 I native-activity: Swap 319 time is 148.147ms
04-11 03:40:33.994 28843 28866 I native-activity: Animating
04-11 03:40:34.005 28843 28866 I native-activity: Frame 320 GL error is 0x506
04-11 03:40:34.005 28843 28866 I native-activity: Frame 320 time is 11.474ms
04-11 03:40:34.005 28843 28866 I native-activity: Doing egl_swapbuffers_sync 2
04-11 03:40:34.006 28843 28866 I native-activity: Swap 320 time is 11.896ms
04-11 03:40:34.006 28843 28866 I native-activity: Animating
04-11 03:40:34.021 28843 28866 I native-activity: Frame 321 GL error is 0x506
04-11 03:40:34.022 28843 28866 I native-activity: Frame 321 time is 15.820ms
04-11 03:40:34.022 28843 28866 I native-activity: Doing egl_swapbuffers_sync 2
04-11 03:40:34.022 28843 28866 I native-activity: Swap 321 time is 16.398ms
04-11 03:40:34.022 28843 28866 I native-activity: Animating
04-11 03:40:34.169 28843 28866 I native-activity: Frame 322 GL error is 0x506
04-11 03:40:34.170 28843 28866 I native-activity: Frame 322 time is 147.200ms
04-11 03:40:34.170 28843 28866 I native-activity: Doing egl_swapbuffers_sync 2
04-11 03:40:34.171 28843 28866 I native-activity: Swap 322 time is 148.361ms
04-11 03:40:34.171 28843 28866 I native-activity: Animating
04-11 03:40:34.182 28843 28866 I native-activity: Frame 323 GL error is 0x506
04-11 03:40:34.182 28843 28866 I native-activity: Frame 323 time is 10.591ms
04-11 03:40:34.182 28843 28866 I native-activity: Doing egl_swapbuffers_sync 2
04-11 03:40:34.182 28843 28866 I native-activity: Swap 323 time is 11.021ms
04-11 03:40:34.182 28843 28866 I native-activity: Animating
04-11 03:40:34.199 28843 28866 I native-activity: Frame 324 GL error is 0x506
04-11 03:40:34.199 28843 28866 I native-activity: Frame 324 time is 16.838ms
04-11 03:40:34.199 28843 28866 I native-activity: Doing egl_swapbuffers_sync 2
04-11 03:40:34.201 28843 28866 I native-activity: Swap 324 time is 18.209ms
04-11 03:40:34.201 28843 28866 I native-activity: Animating
04-11 03:40:34.346 28843 28866 I native-activity: Frame 325 GL error is 0x506
04-11 03:40:34.346 28843 28866 I native-activity: Frame 325 time is 145.418ms
04-11 03:40:34.346 28843 28866 I native-activity: Doing egl_swapbuffers_sync 2
04-11 03:40:34.347 28843 28866 I native-activity: Swap 325 time is 146.351ms
04-11 03:40:34.348 28843 28866 I native-activity: Animating
04-11 03:40:34.358 28843 28866 I native-activity: Frame 326 GL error is 0x506
04-11 03:40:34.358 28843 28866 I native-activity: Frame 326 time is 10.667ms
04-11 03:40:34.358 28843 28866 I native-activity: Doing egl_swapbuffers_sync 2
04-11 03:40:34.359 28843 28866 I native-activity: Swap 326 time is 11.088ms
04-11 03:40:34.359 28843 28866 I native-activity: Animating
04-11 03:40:34.374 28843 28866 I native-activity: Frame 327 GL error is 0x506
04-11 03:40:34.374 28843 28866 I native-activity: Frame 327 time is 15.244ms
04-11 03:40:34.374 28843 28866 I native-activity: Doing egl_swapbuffers_sync 2
04-11 03:40:34.375 28843 28866 I native-activity: Swap 327 time is 16.256ms
04-11 03:40:34.375 28843 28866 I native-activity: Animating
04-11 03:40:34.501   448   605 E WifiStateMachine: WifiStateMachine shouldSwitchNetwork  txSuccessRate=28853.00 rxSuccessRate=85333.75 delta 1000 -> 1
04-11 03:40:34.507   448   605 E WifiStateMachine: CMD_AUTO_CONNECT sup state ScanState my state DisconnectedState nid=0 roam=3
04-11 03:40:34.507   448   605 E WifiStateMachine: CMD_AUTO_CONNECT will save config -> "wildfredland" nid=0
04-11 03:40:34.525 28843 28866 I native-activity: Frame 328 GL error is 0x506
04-11 03:40:34.525 28843 28866 I native-activity: Frame 328 time is 149.699ms
04-11 03:40:34.525 28843 28866 I native-activity: Doing egl_swapbuffers_sync 2
04-11 03:40:34.526 28843 28866 I native-activity: Swap 328 time is 150.739ms
04-11 03:40:34.527 28843 28866 I native-activity: Animating
04-11 03:40:34.539 28843 28866 I native-activity: Frame 329 GL error is 0x506
04-11 03:40:34.539 28843 28866 I native-activity: Frame 329 time is 12.362ms
04-11 03:40:34.539 28843 28866 I native-activity: Doing egl_swapbuffers_sync 2
04-11 03:40:34.540 28843 28866 I native-activity: Swap 329 time is 13.236ms
04-11 03:40:34.540 28843 28866 I native-activity: Animating
04-11 03:40:34.550   448   605 E WifiConfigStore: Setting BSSID for "wildfredland"WPA_PSK to any
04-11 03:40:34.560   448   605 E WifiConfigStore: will read network variables netId=0
04-11 03:40:34.564 28843 28866 I native-activity: Frame 330 GL error is 0x506
04-11 03:40:34.564 28843 28866 I native-activity: Frame 330 time is 23.613ms
04-11 03:40:34.564 28843 28866 I native-activity: Doing egl_swapbuffers_sync 2
04-11 03:40:34.565 28843 28866 I native-activity: Swap 330 time is 24.896ms
04-11 03:40:34.565 28843 28866 I native-activity: Animating
04-11 03:40:34.578   448   605 E WifiStateMachine: CMD_AUTO_CONNECT did save config ->  nid=0
04-11 03:40:34.580   448   605 E WifiConfigStore: will read network variables netId=0
04-11 03:40:34.602   663   663 I wpa_supplicant: wlan0: Trying to associate with b0:48:7a:cb:7c:ec (SSID='wildfredland' freq=2427 MHz)
04-11 03:40:34.707 28843 28866 I native-activity: Frame 331 GL error is 0x506
04-11 03:40:34.707 28843 28866 I native-activity: Frame 331 time is 141.844ms
04-11 03:40:34.707 28843 28866 I native-activity: Doing egl_swapbuffers_sync 2
04-11 03:40:34.708 28843 28866 I native-activity: Swap 331 time is 142.391ms
04-11 03:40:34.708 28843 28866 I native-activity: Animating
04-11 03:40:34.719 28843 28866 I native-activity: Frame 332 GL error is 0x506
04-11 03:40:34.719 28843 28866 I native-activity: Frame 332 time is 11.074ms
04-11 03:40:34.719 28843 28866 I native-activity: Doing egl_swapbuffers_sync 2
04-11 03:40:34.720 28843 28866 I native-activity: Swap 332 time is 11.517ms
04-11 03:40:34.720 28843 28866 I native-activity: Animating
04-11 03:40:34.737 28843 28866 I native-activity: Frame 333 GL error is 0x506
04-11 03:40:34.737 28843 28866 I native-activity: Frame 333 time is 17.223ms
04-11 03:40:34.737 28843 28866 I native-activity: Doing egl_swapbuffers_sync 2
04-11 03:40:34.738 28843 28866 I native-activity: Swap 333 time is 17.898ms
04-11 03:40:34.738 28843 28866 I native-activity: Animating
04-11 03:40:34.884 28843 28866 I native-activity: Frame 334 GL error is 0x506
04-11 03:40:34.884 28843 28866 I native-activity: Frame 334 time is 145.675ms
04-11 03:40:34.884 28843 28866 I native-activity: Doing egl_swapbuffers_sync 2
04-11 03:40:34.885 28843 28866 I native-activity: Swap 334 time is 146.543ms
04-11 03:40:34.885 28843 28866 I native-activity: Animating
04-11 03:40:34.896 28843 28866 I native-activity: Frame 335 GL error is 0x506
04-11 03:40:34.896 28843 28866 I native-activity: Frame 335 time is 10.606ms
04-11 03:40:34.896 28843 28866 I native-activity: Doing egl_swapbuffers_sync 2
04-11 03:40:34.896 28843 28866 I native-activity: Swap 335 time is 11.039ms
04-11 03:40:34.896 28843 28866 I native-activity: Animating
04-11 03:40:34.913 28843 28866 I native-activity: Frame 336 GL error is 0x506
04-11 03:40:34.913 28843 28866 I native-activity: Frame 336 time is 16.338ms
04-11 03:40:34.913 28843 28866 I native-activity: Doing egl_swapbuffers_sync 2
04-11 03:40:34.914 28843 28866 I native-activity: Swap 336 time is 17.659ms
04-11 03:40:34.915 28843 28866 I native-activity: Animating
04-11 03:40:34.937   663   663 I wpa_supplicant: wlan0: Associated with b0:48:7a:cb:7c:ec
04-11 03:40:35.063 28843 28866 I native-activity: Frame 337 GL error is 0x506
04-11 03:40:35.064 28843 28866 I native-activity: Frame 337 time is 148.931ms
04-11 03:40:35.064 28843 28866 I native-activity: Doing egl_swapbuffers_sync 2
04-11 03:40:35.064 28843 28866 I native-activity: Swap 337 time is 149.655ms
04-11 03:40:35.065 28843 28866 I native-activity: Animating
04-11 03:40:35.075 28843 28866 I native-activity: Frame 338 GL error is 0x506
04-11 03:40:35.076 28843 28866 I native-activity: Frame 338 time is 10.966ms
04-11 03:40:35.076 28843 28866 I native-activity: Doing egl_swapbuffers_sync 2
04-11 03:40:35.076 28843 28866 I native-activity: Swap 338 time is 11.426ms
04-11 03:40:35.076 28843 28866 I native-activity: Animating
04-11 03:40:35.093 28843 28866 I native-activity: Frame 339 GL error is 0x506
04-11 03:40:35.093 28843 28866 I native-activity: Frame 339 time is 17.030ms
04-11 03:40:35.093 28843 28866 I native-activity: Doing egl_swapbuffers_sync 2
04-11 03:40:35.094 28843 28866 I native-activity: Swap 339 time is 17.873ms
04-11 03:40:35.094 28843 28866 I native-activity: Animating
04-11 03:40:35.240 28843 28866 I native-activity: Frame 340 GL error is 0x506
04-11 03:40:35.240 28843 28866 I native-activity: Frame 340 time is 145.674ms
04-11 03:40:35.240 28843 28866 I native-activity: Doing egl_swapbuffers_sync 2
04-11 03:40:35.241 28843 28866 I native-activity: Swap 340 time is 146.365ms
04-11 03:40:35.241 28843 28866 I native-activity: Animating
04-11 03:40:35.251 28843 28866 I native-activity: Frame 341 GL error is 0x506
04-11 03:40:35.252 28843 28866 I native-activity: Frame 341 time is 10.531ms
04-11 03:40:35.252 28843 28866 I native-activity: Doing egl_swapbuffers_sync 2
04-11 03:40:35.252 28843 28866 I native-activity: Swap 341 time is 11.036ms
04-11 03:40:35.252 28843 28866 I native-activity: Animating
04-11 03:40:35.268 28843 28866 I native-activity: Frame 342 GL error is 0x506
04-11 03:40:35.269 28843 28866 I native-activity: Frame 342 time is 16.311ms
04-11 03:40:35.269 28843 28866 I native-activity: Doing egl_swapbuffers_sync 2
04-11 03:40:35.269 28843 28866 I native-activity: Swap 342 time is 16.994ms
04-11 03:40:35.269 28843 28866 I native-activity: Animating
04-11 03:40:35.416 28843 28866 I native-activity: Frame 343 GL error is 0x506
04-11 03:40:35.417 28843 28866 I native-activity: Frame 343 time is 147.073ms
04-11 03:40:35.417 28843 28866 I native-activity: Doing egl_swapbuffers_sync 2
04-11 03:40:35.417 28843 28866 I native-activity: Swap 343 time is 147.779ms
04-11 03:40:35.417 28843 28866 I native-activity: Animating
04-11 03:40:35.428 28843 28866 I native-activity: Frame 344 GL error is 0x506
04-11 03:40:35.428 28843 28866 I native-activity: Frame 344 time is 10.498ms
04-11 03:40:35.428 28843 28866 I native-activity: Doing egl_swapbuffers_sync 2
04-11 03:40:35.428 28843 28866 I native-activity: Swap 344 time is 10.882ms
04-11 03:40:35.429 28843 28866 I native-activity: Animating
04-11 03:40:35.443 28843 28866 I native-activity: Frame 345 GL error is 0x506
04-11 03:40:35.443 28843 28866 I native-activity: Frame 345 time is 14.046ms
04-11 03:40:35.443 28843 28866 I native-activity: Doing egl_swapbuffers_sync 2
04-11 03:40:35.443 28843 28866 I native-activity: Swap 345 time is 14.782ms
04-11 03:40:35.444 28843 28866 I native-activity: Animating
04-11 03:40:35.594 28843 28866 I native-activity: Frame 346 GL error is 0x506
04-11 03:40:35.594 28843 28866 I native-activity: Frame 346 time is 150.054ms
04-11 03:40:35.594 28843 28866 I native-activity: Doing egl_swapbuffers_sync 2
04-11 03:40:35.594 28843 28866 I native-activity: Swap 346 time is 150.595ms
04-11 03:40:35.594 28843 28866 I native-activity: Animating
04-11 03:40:35.604 28843 28866 I native-activity: Frame 347 GL error is 0x506
04-11 03:40:35.604 28843 28866 I native-activity: Frame 347 time is 9.958ms
04-11 03:40:35.604 28843 28866 I native-activity: Doing egl_swapbuffers_sync 2
04-11 03:40:35.605 28843 28866 I native-activity: Swap 347 time is 10.391ms
04-11 03:40:35.605 28843 28866 I native-activity: Animating
04-11 03:40:35.620 28843 28866 I native-activity: Frame 348 GL error is 0x506
04-11 03:40:35.621 28843 28866 I native-activity: Frame 348 time is 15.575ms
04-11 03:40:35.621 28843 28866 I native-activity: Doing egl_swapbuffers_sync 2
04-11 03:40:35.622 28843 28866 I native-activity: Swap 348 time is 17.181ms
04-11 03:40:35.623 28843 28866 I native-activity: Animating
04-11 03:40:35.770 28843 28866 I native-activity: Frame 349 GL error is 0x506
04-11 03:40:35.770 28843 28866 I native-activity: Frame 349 time is 147.544ms
04-11 03:40:35.770 28843 28866 I native-activity: Doing egl_swapbuffers_sync 2
04-11 03:40:35.771 28843 28866 I native-activity: Swap 349 time is 148.276ms
04-11 03:40:35.771 28843 28866 I native-activity: Animating
04-11 03:40:35.781 28843 28866 I native-activity: Frame 350 GL error is 0x506
04-11 03:40:35.782 28843 28866 I native-activity: Frame 350 time is 10.374ms
04-11 03:40:35.782 28843 28866 I native-activity: Doing egl_swapbuffers_sync 2
04-11 03:40:35.783 28843 28866 I native-activity: Swap 350 time is 11.413ms
04-11 03:40:35.783 28843 28866 I native-activity: Animating
04-11 03:40:35.797 28843 28866 I native-activity: Frame 351 GL error is 0x506
04-11 03:40:35.797 28843 28866 I native-activity: Frame 351 time is 13.879ms
04-11 03:40:35.797 28843 28866 I native-activity: Doing egl_swapbuffers_sync 2
04-11 03:40:35.798 28843 28866 I native-activity: Swap 351 time is 14.666ms
04-11 03:40:35.799 28843 28866 I native-activity: Animating
04-11 03:40:35.945   663   663 I wpa_supplicant: wlan0: WPA: Key negotiation completed with b0:48:7a:cb:7c:ec [PTK=CCMP GTK=CCMP]
04-11 03:40:35.945   663   663 I wpa_supplicant: wlan0: CTRL-EVENT-CONNECTED - Connection to b0:48:7a:cb:7c:ec completed [id=0 id_str=]
04-11 03:40:35.956   448   605 D ConnectivityService: registerNetworkAgent NetworkAgentInfo{ ni{[type: WIFI[], state: CONNECTING/CONNECTING, reason: (unspecified), extra: "wildfredland", roaming: false, failover: false, isAvailable: true, isConnectedToProvisioningNetwork: false]}  network{null}  lp{{InterfaceName: wlan0 LinkAddresses: []  Routes: [] DnsAddresses: [] Domains: null MTU: 0 TcpBufferSizes: 524288,1048576,2097152,262144,524288,1048576}}  nc{[ Transports: WIFI Capabilities: INTERNET&NOT_RESTRICTED&TRUSTED&NOT_VPN LinkUpBandwidth>=1048576Kbps LinkDnBandwidth>=1048576Kbps]}  Score{20}  everValidated{false}  lastValidated{false}  created{false}  explicitlySelected{false} }
04-11 03:40:35.956   448   605 E WifiConfigStore: saveWifiConfigBSSID Setting BSSID for "wildfredland"WPA_PSK to any
04-11 03:40:35.956   448   613 D ConnectivityService: NetworkAgentInfo [WIFI () - 2793] EVENT_NETWORK_INFO_CHANGED, going from null to CONNECTING
04-11 03:40:35.959 28843 28866 I native-activity: Frame 352 GL error is 0x506
04-11 03:40:35.959 28843 28866 I native-activity: Frame 352 time is 160.641ms
04-11 03:40:35.959 28843 28866 I native-activity: Doing egl_swapbuffers_sync 2
04-11 03:40:35.961 28843 28866 I native-activity: Swap 352 time is 162.437ms
04-11 03:40:35.961 28843 28866 I native-activity: Animating
04-11 03:40:35.967   448   605 E WifiConfigStore: saveWifiConfigBSSID Setting BSSID for "wildfredland"WPA_PSK to any
04-11 03:40:35.983   121   427 D CommandListener: Setting iface cfg
04-11 03:40:35.987   448   605 E WifiStateMachine: Start Dhcp Watchdog 2800
04-11 03:40:36.002 28843 28866 I native-activity: Frame 353 GL error is 0x506
04-11 03:40:36.002 28843 28866 I native-activity: Frame 353 time is 40.515ms
04-11 03:40:36.002 28843 28866 I native-activity: Doing egl_swapbuffers_sync 2
04-11 03:40:36.003 28843 28866 I native-activity: Swap 353 time is 41.716ms
04-11 03:40:36.003 28843 28866 I native-activity: Animating
04-11 03:40:36.014   448   613 D ConnectivityService: updateNetworkScore for NetworkAgentInfo [WIFI () - 2793] to 60
04-11 03:40:36.023 28843 28866 I native-activity: Frame 354 GL error is 0x506
04-11 03:40:36.023 28843 28866 I native-activity: Frame 354 time is 20.057ms
04-11 03:40:36.023 28843 28866 I native-activity: Doing egl_swapbuffers_sync 2
04-11 03:40:36.025 28843 28866 I native-activity: Swap 354 time is 21.338ms
04-11 03:40:36.025 28843 28866 I native-activity: Animating
04-11 03:40:36.139 28843 28866 I native-activity: Frame 355 GL error is 0x506
04-11 03:40:36.139 28843 28866 I native-activity: Frame 355 time is 114.350ms
04-11 03:40:36.139 28843 28866 I native-activity: Doing egl_swapbuffers_sync 2
04-11 03:40:36.141 28843 28866 I native-activity: Swap 355 time is 116.250ms
04-11 03:40:36.142 28843 28866 I native-activity: Animating
04-11 03:40:36.169 28843 28866 I native-activity: Frame 356 GL error is 0x506
04-11 03:40:36.169 28843 28866 I native-activity: Frame 356 time is 27.779ms
04-11 03:40:36.169 28843 28866 I native-activity: Doing egl_swapbuffers_sync 2
04-11 03:40:36.170 28843 28866 I native-activity: Swap 356 time is 28.868ms
04-11 03:40:36.171 28843 28866 I native-activity: Animating
04-11 03:40:36.188 28843 28866 I native-activity: Frame 357 GL error is 0x506
04-11 03:40:36.188 28843 28866 I native-activity: Frame 357 time is 17.340ms
04-11 03:40:36.188 28843 28866 I native-activity: Doing egl_swapbuffers_sync 2
04-11 03:40:36.189 28843 28866 I native-activity: Swap 357 time is 17.761ms
04-11 03:40:36.189 28843 28866 I native-activity: Animating
04-11 03:40:36.310   448   605 E native  : do suspend false
04-11 03:40:36.319 28843 28866 I native-activity: Frame 358 GL error is 0x506
04-11 03:40:36.319 28843 28866 I native-activity: Frame 358 time is 129.880ms
04-11 03:40:36.319 28843 28866 I native-activity: Doing egl_swapbuffers_sync 2
04-11 03:40:36.319 28843 28866 I native-activity: Swap 358 time is 130.620ms
04-11 03:40:36.320 28843 28866 I native-activity: Animating
04-11 03:40:36.332   448   605 E WifiStateMachine: Unexpected BatchedScanResults :OK
04-11 03:40:36.353 28843 28866 I native-activity: Frame 359 GL error is 0x506
04-11 03:40:36.353 28843 28866 I native-activity: Frame 359 time is 33.349ms
04-11 03:40:36.353 28843 28866 I native-activity: Doing egl_swapbuffers_sync 2
04-11 03:40:36.355 28843 28866 I native-activity: Swap 359 time is 34.944ms
04-11 03:40:36.355 28843 28866 I native-activity: Animating
04-11 03:40:36.370 28843 28866 I native-activity: Frame 360 GL error is 0x506
04-11 03:40:36.370 28843 28866 I native-activity: Frame 360 time is 15.407ms
04-11 03:40:36.370 28843 28866 I native-activity: Doing egl_swapbuffers_sync 2
04-11 03:40:36.371 28843 28866 I native-activity: Swap 360 time is 15.964ms
04-11 03:40:36.371 28843 28866 I native-activity: Animating
04-11 03:40:36.498 28843 28866 I native-activity: Frame 361 GL error is 0x506
04-11 03:40:36.498 28843 28866 I native-activity: Frame 361 time is 126.700ms
04-11 03:40:36.498 28843 28866 I native-activity: Doing egl_swapbuffers_sync 2
04-11 03:40:36.499 28843 28866 I native-activity: Swap 361 time is 127.401ms
04-11 03:40:36.499 28843 28866 I native-activity: Animating
04-11 03:40:36.510 28843 28866 I native-activity: Frame 362 GL error is 0x506
04-11 03:40:36.510 28843 28866 I native-activity: Frame 362 time is 10.886ms
04-11 03:40:36.510 28843 28866 I native-activity: Doing egl_swapbuffers_sync 2
04-11 03:40:36.511 28843 28866 I native-activity: Swap 362 time is 11.682ms
04-11 03:40:36.511 28843 28866 I native-activity: Animating
04-11 03:40:36.526 28843 28866 I native-activity: Frame 363 GL error is 0x506
04-11 03:40:36.526 28843 28866 I native-activity: Frame 363 time is 15.628ms
04-11 03:40:36.526 28843 28866 I native-activity: Doing egl_swapbuffers_sync 2
04-11 03:40:36.527 28843 28866 I native-activity: Swap 363 time is 16.330ms
04-11 03:40:36.527 28843 28866 I native-activity: Animating
04-11 03:40:36.561 29268 29268 I dhcpcd  : version 5.5.6 starting
04-11 03:40:36.562 29268 29268 E dhcpcd  : get_duid: Read-only file system
04-11 03:40:36.664 29268 29268 I dhcpcd  : wlan0: rebinding lease of 192.168.1.110
04-11 03:40:36.681 28843 28866 I native-activity: Frame 364 GL error is 0x506
04-11 03:40:36.681 28843 28866 I native-activity: Frame 364 time is 153.614ms
04-11 03:40:36.681 28843 28866 I native-activity: Doing egl_swapbuffers_sync 2
04-11 03:40:36.682 28843 28866 I native-activity: Swap 364 time is 154.435ms
04-11 03:40:36.682 28843 28866 I native-activity: Animating
04-11 03:40:36.694 28843 28866 I native-activity: Frame 365 GL error is 0x506
04-11 03:40:36.694 28843 28866 I native-activity: Frame 365 time is 12.350ms
04-11 03:40:36.694 28843 28866 I native-activity: Doing egl_swapbuffers_sync 2
04-11 03:40:36.695 28843 28866 I native-activity: Swap 365 time is 12.999ms
04-11 03:40:36.695 28843 28866 I native-activity: Animating
04-11 03:40:36.720 28843 28866 I native-activity: Frame 366 GL error is 0x506
04-11 03:40:36.720 28843 28866 I native-activity: Frame 366 time is 24.975ms
04-11 03:40:36.720 28843 28866 I native-activity: Doing egl_swapbuffers_sync 2
04-11 03:40:36.721 28843 28866 I native-activity: Swap 366 time is 26.109ms
04-11 03:40:36.722 28843 28866 I native-activity: Animating
04-11 03:40:36.737 29268 29268 I dhcpcd  : wlan0: acknowledged 192.168.1.110 from 192.168.1.1
04-11 03:40:36.840 29268 29268 I dhcpcd  : wlan0: leased 192.168.1.110 for 7200 seconds
04-11 03:40:36.861 28843 28866 I native-activity: Frame 367 GL error is 0x506
04-11 03:40:36.861 28843 28866 I native-activity: Frame 367 time is 139.086ms
04-11 03:40:36.861 28843 28866 I native-activity: Doing egl_swapbuffers_sync 2
04-11 03:40:36.862 28843 28866 I native-activity: Swap 367 time is 140.172ms
04-11 03:40:36.862 28843 28866 I native-activity: Animating
04-11 03:40:36.886 28843 28866 I native-activity: Frame 368 GL error is 0x506
04-11 03:40:36.886 28843 28866 I native-activity: Frame 368 time is 23.293ms
04-11 03:40:36.886 28843 28866 I native-activity: Doing egl_swapbuffers_sync 2
04-11 03:40:36.887 28843 28866 I native-activity: Swap 368 time is 24.246ms
04-11 03:40:36.887 28843 28866 I native-activity: Animating
04-11 03:40:36.914 28843 28866 I native-activity: Frame 369 GL error is 0x506
04-11 03:40:36.914 28843 28866 I native-activity: Frame 369 time is 27.069ms
04-11 03:40:36.914 28843 28866 I native-activity: Doing egl_swapbuffers_sync 2
04-11 03:40:36.915 28843 28866 I native-activity: Swap 369 time is 27.919ms
04-11 03:40:36.915 28843 28866 I native-activity: Animating
04-11 03:40:37.046 28843 28866 I native-activity: Frame 370 GL error is 0x506
04-11 03:40:37.046 28843 28866 I native-activity: Frame 370 time is 130.984ms
04-11 03:40:37.046 28843 28866 I native-activity: Doing egl_swapbuffers_sync 2
04-11 03:40:37.047 28843 28866 I native-activity: Swap 370 time is 131.930ms
04-11 03:40:37.047 28843 28866 I native-activity: Animating
04-11 03:40:37.062 28843 28866 I native-activity: Frame 371 GL error is 0x506
04-11 03:40:37.062 28843 28866 I native-activity: Frame 371 time is 14.874ms
04-11 03:40:37.062 28843 28866 I native-activity: Doing egl_swapbuffers_sync 2
04-11 03:40:37.064 28843 28866 I native-activity: Swap 371 time is 16.502ms
04-11 03:40:37.064 28843 28866 I native-activity: Animating
04-11 03:40:37.087 28843 28866 I native-activity: Frame 372 GL error is 0x506
04-11 03:40:37.087 28843 28866 I native-activity: Frame 372 time is 22.205ms
04-11 03:40:37.087 28843 28866 I native-activity: Doing egl_swapbuffers_sync 2
04-11 03:40:37.088 28843 28866 I native-activity: Swap 372 time is 23.692ms
04-11 03:40:37.089 28843 28866 I native-activity: Animating
04-11 03:40:37.230 28843 28866 I native-activity: Frame 373 GL error is 0x506
04-11 03:40:37.230 28843 28866 I native-activity: Frame 373 time is 141.119ms
04-11 03:40:37.230 28843 28866 I native-activity: Doing egl_swapbuffers_sync 2
04-11 03:40:37.231 28843 28866 I native-activity: Swap 373 time is 142.563ms
04-11 03:40:37.232 28843 28866 I native-activity: Animating
04-11 03:40:37.242 28843 28866 I native-activity: Frame 374 GL error is 0x506
04-11 03:40:37.242 28843 28866 I native-activity: Frame 374 time is 10.011ms
04-11 03:40:37.242 28843 28866 I native-activity: Doing egl_swapbuffers_sync 2
04-11 03:40:37.242 28843 28866 I native-activity: Swap 374 time is 10.376ms
04-11 03:40:37.242 28843 28866 I native-activity: Animating
04-11 03:40:37.258 28843 28866 I native-activity: Frame 375 GL error is 0x506
04-11 03:40:37.258 28843 28866 I native-activity: Frame 375 time is 15.435ms
04-11 03:40:37.258 28843 28866 I native-activity: Doing egl_swapbuffers_sync 2
04-11 03:40:37.259 28843 28866 I native-activity: Swap 375 time is 17.056ms
04-11 03:40:37.260 28843 28866 I native-activity: Animating
04-11 03:40:37.362   448   613 D ConnectivityService: NetworkAgentInfo [WIFI () - 2793] EVENT_NETWORK_INFO_CHANGED, going from CONNECTING to CONNECTED
04-11 03:40:37.365   448   613 D ConnectivityService: Adding iface wlan0 to network 2793
04-11 03:40:37.386   448   605 E WifiStateMachine: Did not find remoteAddress {192.168.1.1} in /proc/net/arp
04-11 03:40:37.418 28843 28866 I native-activity: Frame 376 GL error is 0x506
04-11 03:40:37.418 28843 28866 I native-activity: Frame 376 time is 158.630ms
04-11 03:40:37.418 28843 28866 I native-activity: Doing egl_swapbuffers_sync 2
04-11 03:40:37.420 28843 28866 I native-activity: Swap 376 time is 160.420ms
04-11 03:40:37.420 28843 28866 I native-activity: Animating
04-11 03:40:37.436 28843 28866 I native-activity: Frame 377 GL error is 0x506
04-11 03:40:37.437 28843 28866 I native-activity: Frame 377 time is 16.069ms
04-11 03:40:37.437 28843 28866 I native-activity: Doing egl_swapbuffers_sync 2
04-11 03:40:37.438 28843 28866 I native-activity: Swap 377 time is 17.048ms
04-11 03:40:37.438 28843 28866 I native-activity: Animating
04-11 03:40:37.450   448   613 E ConnectivityService: Unexpected mtu value: 0, wlan0
04-11 03:40:37.451   448   613 D ConnectivityService: Adding Route [fe80::/64 -> :: wlan0] to network 2793
04-11 03:40:37.458   448   613 D ConnectivityService: Adding Route [192.168.1.0/24 -> 0.0.0.0 wlan0] to network 2793
04-11 03:40:37.465   448   613 D ConnectivityService: Adding Route [0.0.0.0/0 -> 192.168.1.1 wlan0] to network 2793
04-11 03:40:37.469   448   613 D ConnectivityService: Setting Dns servers for network 2793 to [/8.8.8.8, /8.8.4.4]
04-11 03:40:37.472 28843 28866 I native-activity: Frame 378 GL error is 0x506
04-11 03:40:37.472 28843 28866 I native-activity: Frame 378 time is 33.899ms
04-11 03:40:37.472 28843 28866 I native-activity: Doing egl_swapbuffers_sync 2
04-11 03:40:37.473 28843 28866 I native-activity: Swap 378 time is 34.945ms
04-11 03:40:37.473 28843 28866 I native-activity: Animating
04-11 03:40:37.501   448   613 D ConnectivityService: notifyType IP_CHANGED for NetworkAgentInfo [WIFI () - 2793]
04-11 03:40:37.527   448   613 D ConnectivityService: notifyType PRECHECK for NetworkAgentInfo [WIFI () - 2793]
04-11 03:40:37.528   448 29249 D NetworkMonitor/NetworkAgentInfo [WIFI () - 2793]: DefaultState{ when=-1ms what=532481 target=com.android.internal.util.StateMachine$SmHandler }
04-11 03:40:37.529   448 29249 D NetworkMonitor/NetworkAgentInfo [WIFI () - 2793]: Connected
04-11 03:40:37.529   448 29249 D NetworkMonitor/NetworkAgentInfo [WIFI () - 2793]: EvaluatingState{ when=0 what=532486 arg1=1 target=com.android.internal.util.StateMachine$SmHandler }
04-11 03:40:37.529   448 29249 D NetworkMonitor/NetworkAgentInfo [WIFI () - 2793]: Checking http://connectivitycheck.android.com/generate_204 on "wildfredland"
04-11 03:40:37.533   448   613 D ConnectivityService: rematching NetworkAgentInfo [WIFI () - 2793]
04-11 03:40:37.533   448   613 D ConnectivityService:    accepting network in place of null
04-11 03:40:37.534   448   613 D ConnectivityService:    accepting network in place of null
04-11 03:40:37.540   448 29249 D NetworkMonitor/NetworkAgentInfo [WIFI () - 2793]: Probably not a portal: exception java.net.UnknownHostException: Unable to resolve host "connectivitycheck.android.com": No address associated with hostname
04-11 03:40:37.543   448   613 D ConnectivityService: Switching to new default network: NetworkAgentInfo{ ni{[type: WIFI[], state: CONNECTED/CONNECTED, reason: (unspecified), extra: "wildfredland", roaming: false, failover: false, isAvailable: true, isConnectedToProvisioningNetwork: false]}  network{2793}  lp{{InterfaceName: wlan0 LinkAddresses: [fe80::5246:5dff:fe14:77bf/64,192.168.1.110/24,]  Routes: [fe80::/64 -> :: wlan0,192.168.1.0/24 -> 0.0.0.0 wlan0,0.0.0.0/0 -> 192.168.1.1 wlan0,] DnsAddresses: [8.8.8.8,8.8.4.4,] Domains:  MTU: 0 TcpBufferSizes: 524288,1048576,2097152,262144,524288,1048576}}  nc{[ Transports: WIFI Capabilities: INTERNET&NOT_RESTRICTED&TRUSTED&NOT_VPN LinkUpBandwidth>=1048576Kbps LinkDnBandwidth>=1048576Kbps]}  Score{20}  everValidated{false}  lastValidated{false}  created{true}  explicitlySelected{false} }
04-11 03:40:37.548   448   613 D ConnectivityService: notifyType AVAILABLE for NetworkAgentInfo [WIFI () - 2793]
04-11 03:40:37.549   666  1123 D ConnectivityManager.CallbackHandler: CM callback handler got msg 524290
04-11 03:40:37.549  8277 27307 D ConnectivityManager.CallbackHandler: CM callback handler got msg 524290
04-11 03:40:37.551   448   613 D CSLegacyTypeTracker: Sending connected broadcast for type 1 NetworkAgentInfo [WIFI () - 2793] isDefaultNetwork=true
04-11 03:40:37.551   448   613 D ConnectivityService: sendStickyBroadcast: action=android.net.conn.CONNECTIVITY_CHANGE_IMMEDIATE
04-11 03:40:37.551 25472 25552 D ConnectivityManager.CallbackHandler: CM callback handler got msg 524290
04-11 03:40:37.551 25234 25335 D ConnectivityManager.CallbackHandler: CM callback handler got msg 524290
04-11 03:40:37.553 25234 25335 D Event   : No subscribers registered for event class com.tplink.hellotp.shared.j
04-11 03:40:37.553 25234 25335 D Event   : No subscribers registered for event class de.greenrobot.event.f
04-11 03:40:37.553 25234 25335 D ConnectivityManager.CallbackHandler: CM callback handler got msg 524290
04-11 03:40:37.553   448   613 D ConnectivityService: sendStickyBroadcast: action=android.net.conn.CONNECTIVITY_CHANGE
04-11 03:40:37.554 25234 25335 D Event   : No subscribers registered for event class com.tplink.hellotp.shared.j
04-11 03:40:37.554 25234 25335 D Event   : No subscribers registered for event class de.greenrobot.event.f
04-11 03:40:37.576   448   472 D Tethering: MasterInitialState.processMessage what=3
04-11 03:40:37.583   976   992 D PhoneInterfaceManager: [PhoneIntfMgr] getDataEnabled: subId=-1 phoneId=-1
04-11 03:40:37.584   976   992 E PhoneInterfaceManager: [PhoneIntfMgr] getDataEnabled: no phone subId=-1 retVal=false
04-11 03:40:37.595   448   467 D TelephonyManager: getDataEnabled: retVal=false
04-11 03:40:37.598 28414 28414 I NetworkMonitor: type=WIFI subType= reason=null isConnected=true
04-11 03:40:37.612 28843 28866 I native-activity: Frame 379 GL error is 0x506
04-11 03:40:37.612 28843 28866 I native-activity: Frame 379 time is 139.000ms
04-11 03:40:37.612 28843 28866 I native-activity: Doing egl_swapbuffers_sync 2
04-11 03:40:37.613 28843 28866 I native-activity: Swap 379 time is 139.874ms
04-11 03:40:37.613 28843 28866 I native-activity: Animating
04-11 03:40:37.634 28843 28866 I native-activity: Frame 380 GL error is 0x506
04-11 03:40:37.634 28843 28866 I native-activity: Frame 380 time is 20.504ms
04-11 03:40:37.634 28843 28866 I native-activity: Doing egl_swapbuffers_sync 2
04-11 03:40:37.635 28843 28866 I native-activity: Swap 380 time is 21.827ms
04-11 03:40:37.635 28843 28866 I native-activity: Animating
04-11 03:40:37.664   448   467 E GpsLocationProvider: No APN found to select.
04-11 03:40:37.665 28843 28866 I native-activity: Frame 381 GL error is 0x506
04-11 03:40:37.665 28843 28866 I native-activity: Frame 381 time is 29.387ms
04-11 03:40:37.665 28843 28866 I native-activity: Doing egl_swapbuffers_sync 2
04-11 03:40:37.665 28843 28866 I native-activity: Swap 381 time is 30.006ms
04-11 03:40:37.665 28843 28866 I native-activity: Animating
04-11 03:40:37.721   448   467 D libgps  : proxy_agps_ril_update_network_state()
04-11 03:40:37.721   448   467 D gpslogd : agps_ril_update_network_state: Waiting for IPC connection...
04-11 03:40:37.754  8277 29323 I CheckinChimeraService: Checking schedule, now: 1491907237754 next: 1491453589787
04-11 03:40:37.756  8277 29323 I CheckinChimeraService: active receiver: enabled
04-11 03:40:37.797  8277 29323 I CheckinChimeraService: Preparing to send checkin request
04-11 03:40:37.797  8277 29323 I EventLogChimeraService: Accumulating logs since 1491907213147
04-11 03:40:37.805 28843 28866 I native-activity: Frame 382 GL error is 0x506
04-11 03:40:37.805 28843 28866 I native-activity: Frame 382 time is 139.294ms
04-11 03:40:37.805 28843 28866 I native-activity: Doing egl_swapbuffers_sync 2
04-11 03:40:37.806 28843 28866 I native-activity: Swap 382 time is 140.581ms
04-11 03:40:37.806 28843 28866 I native-activity: Animating
04-11 03:40:37.832 28843 28866 I native-activity: Frame 383 GL error is 0x506
04-11 03:40:37.832 28843 28866 I native-activity: Frame 383 time is 25.587ms
04-11 03:40:37.832 28843 28866 I native-activity: Doing egl_swapbuffers_sync 2
04-11 03:40:37.836 28843 28866 I native-activity: Swap 383 time is 29.717ms
04-11 03:40:37.837 28843 28866 I native-activity: Animating
04-11 03:40:37.862 28843 28866 I native-activity: Frame 384 GL error is 0x506
04-11 03:40:37.862 28843 28866 I native-activity: Frame 384 time is 24.919ms
04-11 03:40:37.862 28843 28866 I native-activity: Doing egl_swapbuffers_sync 2
04-11 03:40:37.862 28843 28866 I native-activity: Swap 384 time is 25.453ms
04-11 03:40:37.862 28843 28866 I native-activity: Animating
04-11 03:40:37.883 28414 29320 I MusicLeanback: Conditions not met for autocaching.
04-11 03:40:37.884 28414 29320 I MusicLeanback: Stop autocaching.
04-11 03:40:37.898  8277  8277 I iu.Environment: update connectivity state; isNetworkMetered? false, isRoaming? false, isBackgroundDataAllowed? true*
04-11 03:40:37.946  8277  8937 I iu.UploadsManager: num queued entries: 0
04-11 03:40:37.960  8277  8937 I iu.UploadsManager: num updated entries: 0
04-11 03:40:37.986  8277  8937 I iu.SyncManager: NEXT; no task
04-11 03:40:37.999 28843 28866 I native-activity: Frame 385 GL error is 0x506
04-11 03:40:37.999 28843 28866 I native-activity: Frame 385 time is 136.446ms
04-11 03:40:37.999 28843 28866 I native-activity: Doing egl_swapbuffers_sync 2
04-11 03:40:38.000 28843 28866 I native-activity: Swap 385 time is 137.290ms
04-11 03:40:38.000 28843 28866 I native-activity: Animating
04-11 03:40:38.028 28843 28866 I native-activity: Frame 386 GL error is 0x506
04-11 03:40:38.029 28843 28866 I native-activity: Frame 386 time is 28.505ms
04-11 03:40:38.029 28843 28866 I native-activity: Doing egl_swapbuffers_sync 2
04-11 03:40:38.031 28843 28866 I native-activity: Swap 386 time is 31.155ms
04-11 03:40:38.032 28843 28866 I native-activity: Animating
04-11 03:40:38.053 28843 28866 I native-activity: Frame 387 GL error is 0x506
04-11 03:40:38.053 28843 28866 I native-activity: Frame 387 time is 20.978ms
04-11 03:40:38.053 28843 28866 I native-activity: Doing egl_swapbuffers_sync 2
04-11 03:40:38.054 28843 28866 I native-activity: Swap 387 time is 22.172ms
04-11 03:40:38.054 28843 28866 I native-activity: Animating
04-11 03:40:38.166  8277 29323 I CheckinTask: Get token from PseudonymousIdApi: 100=QI89i1muOz-6tFALarPEg9o2BY39gu-bMEBRrltZpMFqAb1Nd7HEy-edS9bMZSI5rbefHo8KHK4XYv22kOXxSIUb8mtzdJIcsK7Sw0QZMBUVkUGYGaCPuI-EpboXqYCx
04-11 03:40:38.167  8277 29323 I CheckinRequestBuilder: Checkin reason type: 8 attempt count: 1
04-11 03:40:38.171  8277 29323 E ActivityThread: Failed to find provider info for com.google.android.wearable.settings
04-11 03:40:38.189 28843 28866 I native-activity: Frame 388 GL error is 0x506
04-11 03:40:38.190 28843 28866 I native-activity: Frame 388 time is 135.225ms
04-11 03:40:38.190 28843 28866 I native-activity: Doing egl_swapbuffers_sync 2
04-11 03:40:38.191 28843 28866 I native-activity: Swap 388 time is 136.904ms
04-11 03:40:38.191 28843 28866 I native-activity: Animating
04-11 03:40:38.226 28843 28866 I native-activity: Frame 389 GL error is 0x506
04-11 03:40:38.226 28843 28866 I native-activity: Frame 389 time is 34.729ms
04-11 03:40:38.226 28843 28866 I native-activity: Doing egl_swapbuffers_sync 2
04-11 03:40:38.228 28843 28866 I native-activity: Swap 389 time is 36.074ms
04-11 03:40:38.228 28843 28866 I native-activity: Animating
04-11 03:40:38.248 28843 28866 I native-activity: Frame 390 GL error is 0x506
04-11 03:40:38.248 28843 28866 I native-activity: Frame 390 time is 19.712ms
04-11 03:40:38.248 28843 28866 I native-activity: Doing egl_swapbuffers_sync 2
04-11 03:40:38.249 28843 28866 I native-activity: Swap 390 time is 20.351ms
04-11 03:40:38.249 28843 28866 I native-activity: Animating
04-11 03:40:38.382 28843 28866 I native-activity: Frame 391 GL error is 0x506
04-11 03:40:38.383 28843 28866 I native-activity: Frame 391 time is 133.744ms
04-11 03:40:38.383 28843 28866 I native-activity: Doing egl_swapbuffers_sync 2
04-11 03:40:38.384 28843 28866 I native-activity: Swap 391 time is 134.804ms
04-11 03:40:38.384 28843 28866 I native-activity: Animating
04-11 03:40:38.420 28843 28866 I native-activity: Frame 392 GL error is 0x506
04-11 03:40:38.421 28843 28866 I native-activity: Frame 392 time is 36.968ms
04-11 03:40:38.421 28843 28866 I native-activity: Doing egl_swapbuffers_sync 2
04-11 03:40:38.424 28843 28866 I native-activity: Swap 392 time is 39.557ms
04-11 03:40:38.425 28843 28866 I native-activity: Animating
04-11 03:40:38.443 28843 28866 I native-activity: Frame 393 GL error is 0x506
04-11 03:40:38.444 28843 28866 I native-activity: Frame 393 time is 18.830ms
04-11 03:40:38.444 28843 28866 I native-activity: Doing egl_swapbuffers_sync 2
04-11 03:40:38.446 28843 28866 I native-activity: Swap 393 time is 20.990ms
04-11 03:40:38.446 28843 28866 I native-activity: Animating
04-11 03:40:38.554   448   613 D ConnectivityService: NetTransition Wakelock (NetworkAgentInfo [WIFI () - 2792] cleared because we found a replacement network
04-11 03:40:38.576 28843 28866 I native-activity: Frame 394 GL error is 0x506
04-11 03:40:38.576 28843 28866 I native-activity: Frame 394 time is 129.886ms
04-11 03:40:38.576 28843 28866 I native-activity: Doing egl_swapbuffers_sync 2
04-11 03:40:38.578 28843 28866 I native-activity: Swap 394 time is 131.971ms
04-11 03:40:38.579 28843 28866 I native-activity: Animating
04-11 03:40:38.606 28843 28866 I native-activity: Frame 395 GL error is 0x506
04-11 03:40:38.606 28843 28866 I native-activity: Frame 395 time is 27.735ms
04-11 03:40:38.606 28843 28866 I native-activity: Doing egl_swapbuffers_sync 2
04-11 03:40:38.608 28843 28866 I native-activity: Swap 395 time is 29.755ms
04-11 03:40:38.609 28843 28866 I native-activity: Animating
04-11 03:40:38.632 28843 28866 I native-activity: Frame 396 GL error is 0x506
04-11 03:40:38.632 28843 28866 I native-activity: Frame 396 time is 23.145ms
04-11 03:40:38.632 28843 28866 I native-activity: Doing egl_swapbuffers_sync 2
04-11 03:40:38.633 28843 28866 I native-activity: Swap 396 time is 24.510ms
04-11 03:40:38.634 28843 28866 I native-activity: Animating
04-11 03:40:38.747   448  1032 I art     : Explicit concurrent mark sweep GC freed 67978(3MB) AllocSpace objects, 6(96KB) LOS objects, 33% free, 26MB/40MB, paused 6.602ms total 404.980ms
04-11 03:40:38.769 28843 28866 I native-activity: Frame 397 GL error is 0x506
04-11 03:40:38.770 28843 28866 I native-activity: Frame 397 time is 135.961ms
04-11 03:40:38.770 28843 28866 I native-activity: Doing egl_swapbuffers_sync 2
04-11 03:40:38.774 28843 28866 I native-activity: Swap 397 time is 140.339ms
04-11 03:40:38.774 28843 28866 I native-activity: Animating
04-11 03:40:38.805 28843 28866 I native-activity: Frame 398 GL error is 0x506
04-11 03:40:38.805 28843 28866 I native-activity: Frame 398 time is 30.850ms
04-11 03:40:38.805 28843 28866 I native-activity: Doing egl_swapbuffers_sync 2
04-11 03:40:38.808 28843 28866 I native-activity: Swap 398 time is 32.970ms
04-11 03:40:38.808 28843 28866 I native-activity: Animating
04-11 03:40:38.826 28843 28866 I native-activity: Frame 399 GL error is 0x506
04-11 03:40:38.826 28843 28866 I native-activity: Frame 399 time is 18.057ms
04-11 03:40:38.826 28843 28866 I native-activity: Doing egl_swapbuffers_sync 2
04-11 03:40:38.827 28843 28866 I native-activity: Swap 399 time is 19.307ms
04-11 03:40:38.827 28843 28866 I native-activity: Animating
04-11 03:40:38.894  8277 29323 I CheckinRequestBuilder: Unknown state of subscriptions on the device
04-11 03:40:38.954  8230  8421 E Auth    : [GoogleAccountDataServiceImpl] getToken() -> NETWORK_ERROR. Account: <ELLIDED:-1617149110>, App: com.google.android.gms, Service: AndroidCheckInServer
04-11 03:40:38.955  8230  8421 W Auth    : [GetToken] GetToken failed with status code: NetworkError
04-11 03:40:38.956  8277 29323 W CheckinRequestBuilder: error reading account token
04-11 03:40:38.956  8277 29323 W CheckinRequestBuilder: java.io.IOException: NetworkError
04-11 03:40:38.956  8277 29323 W CheckinRequestBuilder: 	at eai.a(:com.google.android.gms:1457)
04-11 03:40:38.956  8277 29323 W CheckinRequestBuilder: 	at eah.a(:com.google.android.gms:752)
04-11 03:40:38.956  8277 29323 W CheckinRequestBuilder: 	at eah.e(:com.google.android.gms:463)
04-11 03:40:38.956  8277 29323 W CheckinRequestBuilder: 	at eaf.f(:com.google.android.gms:3562)
04-11 03:40:38.956  8277 29323 W CheckinRequestBuilder: 	at eaf.a(:com.google.android.gms:2160)
04-11 03:40:38.956  8277 29323 W CheckinRequestBuilder: 	at jga.a(:com.google.android.gms:920)
04-11 03:40:38.956  8277 29323 W CheckinRequestBuilder: 	at jgf.a(:com.google.android.gms:506)
04-11 03:40:38.956  8277 29323 W CheckinRequestBuilder: 	at jgf.a(:com.google.android.gms:323)
04-11 03:40:38.956  8277 29323 W CheckinRequestBuilder: 	at jfw.a(:com.google.android.gms:1213)
04-11 03:40:38.956  8277 29323 W CheckinRequestBuilder: 	at jfw.doInBackground(:com.google.android.gms:1154)
04-11 03:40:38.956  8277 29323 W CheckinRequestBuilder: 	at android.os.AsyncTask$2.call(AsyncTask.java:292)
04-11 03:40:38.956  8277 29323 W CheckinRequestBuilder: 	at java.util.concurrent.FutureTask.run(FutureTask.java:237)
04-11 03:40:38.956  8277 29323 W CheckinRequestBuilder: 	at java.lang.Thread.run(Thread.java:818)
04-11 03:40:38.960 28843 28866 I native-activity: Frame 400 GL error is 0x506
04-11 03:40:38.960 28843 28866 I native-activity: Frame 400 time is 132.205ms
04-11 03:40:38.960 28843 28866 I native-activity: Doing egl_swapbuffers_sync 2
04-11 03:40:38.961 28843 28866 I native-activity: Swap 400 time is 133.449ms
04-11 03:40:38.961 28843 28866 I native-activity: Animating
04-11 03:40:38.973 28843 28866 I native-activity: Frame 401 GL error is 0x506
04-11 03:40:38.973 28843 28866 I native-activity: Frame 401 time is 12.049ms
04-11 03:40:38.973 28843 28866 I native-activity: Doing egl_swapbuffers_sync 2
04-11 03:40:38.974 28843 28866 I native-activity: Swap 401 time is 12.805ms
04-11 03:40:38.974 28843 28866 I native-activity: Animating
04-11 03:40:39.002 28843 28866 I native-activity: Frame 402 GL error is 0x506
04-11 03:40:39.002 28843 28866 I native-activity: Frame 402 time is 27.500ms
04-11 03:40:39.002 28843 28866 I native-activity: Doing egl_swapbuffers_sync 2
04-11 03:40:39.003 28843 28866 I native-activity: Swap 402 time is 28.550ms
04-11 03:40:39.003 28843 28866 I native-activity: Animating
04-11 03:40:39.033   124 20012 I WVCdm   : CdmEngine::OpenSession
04-11 03:40:39.034   124 20012 I WVCdm   : Level3 Library Dec 11 2014 16:13:16
04-11 03:40:39.048 25234 25234 D Event   : No subscribers registered for event class com.tplink.hellotp.shared.o
04-11 03:40:39.049 25234 25234 D Event   : No subscribers registered for event class de.greenrobot.event.f
04-11 03:40:39.091   124 20012 W WVCdm   : Could not read /data/mediadrm/IDM1013/ay64.dat2: No such file or directory
04-11 03:40:39.092   124 20012 W WVCdm   : Could not load liboemcrypto.so. Falling Back to L3.  dlopen failed: library "liboemcrypto.so" not found
04-11 03:40:39.145 28843 28866 I native-activity: Frame 403 GL error is 0x506
04-11 03:40:39.145 28843 28866 I native-activity: Frame 403 time is 141.548ms
04-11 03:40:39.145 28843 28866 I native-activity: Doing egl_swapbuffers_sync 2
04-11 03:40:39.146 28843 28866 I native-activity: Swap 403 time is 142.323ms
04-11 03:40:39.146 28843 28866 I native-activity: Animating
04-11 03:40:39.157 28843 28866 I native-activity: Frame 404 GL error is 0x506
04-11 03:40:39.157 28843 28866 I native-activity: Frame 404 time is 11.371ms
04-11 03:40:39.157 28843 28866 I native-activity: Doing egl_swapbuffers_sync 2
04-11 03:40:39.158 28843 28866 I native-activity: Swap 404 time is 11.840ms
04-11 03:40:39.158 28843 28866 I native-activity: Animating
04-11 03:40:39.173   124 20012 I WVCdm   : CdmEngine::QueryKeyControlInfo
04-11 03:40:39.177   124  1186 W WVCdm   : BufferReader::Read<T> : Failure during parse: Not enough bytes (4)
04-11 03:40:39.177   124  1186 W WVCdm   : CdmEngine::ExtractWidevinePssh: Unable to read PSSH atom size
04-11 03:40:39.177   124  1186 I WVCdm   : CdmEngine::GenerateKeyRequest
04-11 03:40:39.183   124 18530 I WVCdm   : CdmEngine::OpenSession
04-11 03:40:39.183 28843 28866 I native-activity: Frame 405 GL error is 0x506
04-11 03:40:39.184 28843 28866 I native-activity: Frame 405 time is 25.520ms
04-11 03:40:39.184 28843 28866 I native-activity: Doing egl_swapbuffers_sync 2
04-11 03:40:39.185 28843 28866 I native-activity: Swap 405 time is 26.968ms
04-11 03:40:39.185 28843 28866 I native-activity: Animating
04-11 03:40:39.191   124  1186 D WVCdm   : PrepareKeyRequest: nonce=1484653854
04-11 03:40:39.324 28843 28866 I native-activity: Frame 406 GL error is 0x506
04-11 03:40:39.324 28843 28866 I native-activity: Frame 406 time is 138.371ms
04-11 03:40:39.324 28843 28866 I native-activity: Doing egl_swapbuffers_sync 2
04-11 03:40:39.325 28843 28866 I native-activity: Swap 406 time is 139.867ms
04-11 03:40:39.326 28843 28866 I native-activity: Animating
04-11 03:40:39.337 28843 28866 I native-activity: Frame 407 GL error is 0x506
04-11 03:40:39.337 28843 28866 I native-activity: Frame 407 time is 10.932ms
04-11 03:40:39.337 28843 28866 I native-activity: Doing egl_swapbuffers_sync 2
04-11 03:40:39.337 28843 28866 I native-activity: Swap 407 time is 11.467ms
04-11 03:40:39.338 28843 28866 I native-activity: Animating
04-11 03:40:39.353 28843 28866 I native-activity: Frame 408 GL error is 0x506
04-11 03:40:39.353 28843 28866 I native-activity: Frame 408 time is 15.108ms
04-11 03:40:39.353 28843 28866 I native-activity: Doing egl_swapbuffers_sync 2
04-11 03:40:39.353 28843 28866 I native-activity: Swap 408 time is 15.766ms
04-11 03:40:39.354 28843 28866 I native-activity: Animating
04-11 03:40:39.506 28843 28866 I native-activity: Frame 409 GL error is 0x506
04-11 03:40:39.506 28843 28866 I native-activity: Frame 409 time is 152.219ms
04-11 03:40:39.506 28843 28866 I native-activity: Doing egl_swapbuffers_sync 2
04-11 03:40:39.507 28843 28866 I native-activity: Swap 409 time is 153.057ms
04-11 03:40:39.507 28843 28866 I native-activity: Animating
04-11 03:40:39.518 28843 28866 I native-activity: Frame 410 GL error is 0x506
04-11 03:40:39.519 28843 28866 I native-activity: Frame 410 time is 11.396ms
04-11 03:40:39.519 28843 28866 I native-activity: Doing egl_swapbuffers_sync 2
04-11 03:40:39.519 28843 28866 I native-activity: Swap 410 time is 11.798ms
04-11 03:40:39.519 28843 28866 I native-activity: Animating
