04-11 03:38:41.530   448   467 E gpslogd : IPC Communication Error, /tmp/12075037/customers/Asustek/Tabletandroid/../../../proprietary/deliverables/android/gps_interface/../gps_interface/gpsi_client/GpsiClient.cpp:1213 agps_ril_update_network_availability
04-11 03:38:41.540   976   991 D PhoneInterfaceManager: [PhoneIntfMgr] getDataEnabled: subId=-1 phoneId=-1
04-11 03:38:41.540   976   991 E PhoneInterfaceManager: [PhoneIntfMgr] getDataEnabled: no phone subId=-1 retVal=false
04-11 03:38:41.541   448   467 D TelephonyManager: getDataEnabled: retVal=false
04-11 03:38:41.546   448   467 E GpsLocationProvider: No APN found to select.
04-11 03:38:41.549   448   467 D libgps  : proxy_agps_ril_update_network_state()
04-11 03:38:41.549   448   467 D gpslogd : agps_ril_update_network_state: Waiting for IPC connection...
04-11 03:38:41.554 28267 28288 I native-activity: Frame 288 GL error is 0x506
04-11 03:38:41.554 28267 28288 I native-activity: Frame 288 time is 164.036ms
04-11 03:38:41.555 28267 28288 I native-activity: Swap 288 time is 164.937ms
04-11 03:38:41.555 28267 28288 I native-activity: Animating
04-11 03:38:41.567 28267 28288 I native-activity: Frame 289 GL error is 0x506
04-11 03:38:41.567 28267 28288 I native-activity: Frame 289 time is 11.921ms
04-11 03:38:41.567 28267 28288 I native-activity: Swap 289 time is 12.152ms
04-11 03:38:41.567 28267 28288 I native-activity: Animating
04-11 03:38:41.584 28267 28288 I native-activity: Frame 290 GL error is 0x506
04-11 03:38:41.584 28267 28288 I native-activity: Frame 290 time is 17.173ms
04-11 03:38:41.585 28267 28288 I native-activity: Swap 290 time is 17.436ms
04-11 03:38:41.585 28267 28288 I native-activity: Animating
04-11 03:38:41.738 28267 28288 I native-activity: Frame 291 GL error is 0x506
04-11 03:38:41.738 28267 28288 I native-activity: Frame 291 time is 153.233ms
04-11 03:38:41.740 28267 28288 I native-activity: Swap 291 time is 154.656ms
04-11 03:38:41.741 28267 28288 I native-activity: Animating
04-11 03:38:41.751 28267 28288 I native-activity: Frame 292 GL error is 0x506
04-11 03:38:41.751 28267 28288 I native-activity: Frame 292 time is 10.380ms
04-11 03:38:41.751 28267 28288 I native-activity: Swap 292 time is 10.532ms
04-11 03:38:41.751 28267 28288 I native-activity: Animating
04-11 03:38:41.772 28267 28288 I native-activity: Frame 293 GL error is 0x506
04-11 03:38:41.772 28267 28288 I native-activity: Frame 293 time is 20.978ms
04-11 03:38:41.773 28267 28288 I native-activity: Swap 293 time is 21.210ms
04-11 03:38:41.773 28267 28288 I native-activity: Animating
04-11 03:38:41.920 28267 28288 I native-activity: Frame 294 GL error is 0x506
04-11 03:38:41.920 28267 28288 I native-activity: Frame 294 time is 147.607ms
04-11 03:38:41.921 28267 28288 I native-activity: Swap 294 time is 147.861ms
04-11 03:38:41.921 28267 28288 I native-activity: Animating
04-11 03:38:41.935 28267 28288 I native-activity: Frame 295 GL error is 0x506
04-11 03:38:41.935 28267 28288 I native-activity: Frame 295 time is 14.385ms
04-11 03:38:41.935 28267 28288 I native-activity: Swap 295 time is 14.541ms
04-11 03:38:41.935 28267 28288 I native-activity: Animating
04-11 03:38:41.951 28267 28288 I native-activity: Frame 296 GL error is 0x506
04-11 03:38:41.952 28267 28288 I native-activity: Frame 296 time is 16.032ms
04-11 03:38:41.952 28267 28288 I native-activity: Swap 296 time is 16.365ms
04-11 03:38:41.952 28267 28288 I native-activity: Animating
04-11 03:38:42.052   448   586 I InputReader: Reconfiguring input devices.  changes=0x00000010
04-11 03:38:42.109 28267 28288 I native-activity: Frame 297 GL error is 0x506
04-11 03:38:42.109 28267 28288 I native-activity: Frame 297 time is 156.708ms
04-11 03:38:42.109 28267 28288 I native-activity: Swap 297 time is 157.346ms
04-11 03:38:42.110 28267 28288 I native-activity: Animating
04-11 03:38:42.126 28267 28288 I native-activity: Frame 298 GL error is 0x506
04-11 03:38:42.127 28267 28288 I native-activity: Frame 298 time is 16.856ms
04-11 03:38:42.127 28267 28288 I native-activity: Swap 298 time is 17.438ms
04-11 03:38:42.128 28267 28288 I native-activity: Animating
04-11 03:38:42.158 28267 28288 I native-activity: Frame 299 GL error is 0x506
04-11 03:38:42.159 28267 28288 I native-activity: Frame 299 time is 30.976ms
04-11 03:38:42.159 28267 28288 I native-activity: Swap 299 time is 31.149ms
04-11 03:38:42.159 28267 28288 I native-activity: Animating
04-11 03:38:42.232 25646 28308 I UpdateIcingCorporaServi: Updating corpora: APPS=com.google.android.gms, CONTACTS=MAYBE
04-11 03:38:42.294 28267 28288 I native-activity: Frame 300 GL error is 0x506
04-11 03:38:42.295 28267 28288 I native-activity: Frame 300 time is 135.700ms
04-11 03:38:42.295 28267 28288 I native-activity: Swap 300 time is 136.029ms
04-11 03:38:42.295 28267 28288 I native-activity: Animating
04-11 03:38:42.313 28267 28288 I native-activity: Frame 301 GL error is 0x506
04-11 03:38:42.313 28267 28288 I native-activity: Frame 301 time is 18.155ms
04-11 03:38:42.314 28267 28288 I native-activity: Swap 301 time is 18.642ms
04-11 03:38:42.314 28267 28288 I native-activity: Animating
04-11 03:38:42.341 28267 28288 I native-activity: Frame 302 GL error is 0x506
04-11 03:38:42.341 28267 28288 I native-activity: Frame 302 time is 26.802ms
04-11 03:38:42.342 28267 28288 I native-activity: Swap 302 time is 27.356ms
04-11 03:38:42.342 28267 28288 I native-activity: Animating
04-11 03:38:42.483 28267 28288 I native-activity: Frame 303 GL error is 0x506
04-11 03:38:42.484 28267 28288 I native-activity: Frame 303 time is 141.620ms
04-11 03:38:42.484 28267 28288 I native-activity: Swap 303 time is 142.045ms
04-11 03:38:42.484 28267 28288 I native-activity: Animating
04-11 03:38:42.527 28267 28288 I native-activity: Frame 304 GL error is 0x506
04-11 03:38:42.528 28267 28288 I native-activity: Frame 304 time is 43.238ms
04-11 03:38:42.528 28267 28288 I native-activity: Swap 304 time is 43.815ms
04-11 03:38:42.529 28267 28288 I native-activity: Animating
04-11 03:38:42.560 28267 28288 I native-activity: Frame 305 GL error is 0x506
04-11 03:38:42.561 28267 28288 I native-activity: Frame 305 time is 31.862ms
04-11 03:38:42.561 28267 28288 I native-activity: Swap 305 time is 32.058ms
04-11 03:38:42.561 28267 28288 I native-activity: Animating
04-11 03:38:42.686 28267 28288 I native-activity: Frame 306 GL error is 0x506
04-11 03:38:42.686 28267 28288 I native-activity: Frame 306 time is 125.263ms
04-11 03:38:42.687 28267 28288 I native-activity: Swap 306 time is 125.894ms
04-11 03:38:42.687 28267 28288 I native-activity: Animating
04-11 03:38:42.696   448   605 E WifiStateMachine: WifiStateMachine shouldSwitchNetwork  txSuccessRate=28850.00 rxSuccessRate=85309.25 delta 1000 -> 1
04-11 03:38:42.701   448   605 E WifiStateMachine: CMD_AUTO_CONNECT sup state ScanState my state DisconnectedState nid=0 roam=3
04-11 03:38:42.702   448   605 E WifiStateMachine: CMD_AUTO_CONNECT will save config -> "wildfredland" nid=0
04-11 03:38:42.714  8277 28314 D Wear_Controller: Received broadcast action=android.intent.action.PACKAGE_CHANGED and uri=com.google.android.gms
04-11 03:38:42.736 28267 28288 I native-activity: Frame 307 GL error is 0x506
04-11 03:38:42.736 28267 28288 I native-activity: Frame 307 time is 48.693ms
04-11 03:38:42.736 28267 28288 I native-activity: Swap 307 time is 49.034ms
04-11 03:38:42.736 28267 28288 I native-activity: Animating
04-11 03:38:42.748   448   605 E WifiConfigStore: Setting BSSID for "wildfredland"WPA_PSK to any
04-11 03:38:42.757   448   605 E WifiConfigStore: will read network variables netId=0
04-11 03:38:42.760 28267 28288 I native-activity: Frame 308 GL error is 0x506
04-11 03:38:42.760 28267 28288 I native-activity: Frame 308 time is 23.565ms
04-11 03:38:42.760 28267 28288 I native-activity: Swap 308 time is 23.915ms
04-11 03:38:42.761 28267 28288 I native-activity: Animating
04-11 03:38:42.782   448   605 E WifiStateMachine: CMD_AUTO_CONNECT did save config ->  nid=0
04-11 03:38:42.786   448   605 E WifiConfigStore: will read network variables netId=0
04-11 03:38:42.887 28267 28288 I native-activity: Frame 309 GL error is 0x506
04-11 03:38:42.888 28267 28288 I native-activity: Frame 309 time is 127.098ms
04-11 03:38:42.888 28267 28288 I native-activity: Swap 309 time is 127.631ms
04-11 03:38:42.889 28267 28288 I native-activity: Animating
04-11 03:38:42.915 28267 28288 I native-activity: Frame 310 GL error is 0x506
04-11 03:38:42.916 28267 28288 I native-activity: Frame 310 time is 27.113ms
04-11 03:38:42.916 28267 28288 I native-activity: Swap 310 time is 27.537ms
04-11 03:38:42.916 28267 28288 I native-activity: Animating
04-11 03:38:42.983 28267 28288 I native-activity: Frame 311 GL error is 0x501
04-11 03:38:42.984 28267 28288 I native-activity: Frame 311 time is 67.155ms
04-11 03:38:42.984 28267 28288 I native-activity: Swap 311 time is 67.555ms
04-11 03:38:42.984 28267 28288 I native-activity: Animating
04-11 03:38:43.055   663   663 I wpa_supplicant: wlan0: Trying to associate with b0:48:7a:cb:7c:ec (SSID='wildfredland' freq=2427 MHz)
04-11 03:38:43.099 28267 28288 I native-activity: Frame 312 GL error is 0x506
04-11 03:38:43.099 28267 28288 I native-activity: Frame 312 time is 114.933ms
04-11 03:38:43.100 28267 28288 I native-activity: Swap 312 time is 115.420ms
04-11 03:38:43.101 28267 28288 I native-activity: Animating
04-11 03:38:43.136 28267 28288 I native-activity: Frame 313 GL error is 0x506
04-11 03:38:43.136 28267 28288 I native-activity: Frame 313 time is 35.553ms
04-11 03:38:43.137 28267 28288 I native-activity: Swap 313 time is 35.802ms
04-11 03:38:43.137 28267 28288 I native-activity: Animating
04-11 03:38:43.169 28267 28288 I native-activity: Frame 314 GL error is 0x506
04-11 03:38:43.169 28267 28288 I native-activity: Frame 314 time is 32.106ms
04-11 03:38:43.169 28267 28288 I native-activity: Swap 314 time is 32.315ms
04-11 03:38:43.169 28267 28288 I native-activity: Animating
04-11 03:38:43.295 28267 28288 I native-activity: Frame 315 GL error is 0x506
04-11 03:38:43.295 28267 28288 I native-activity: Frame 315 time is 125.410ms
04-11 03:38:43.295 28267 28288 I native-activity: Swap 315 time is 125.854ms
04-11 03:38:43.296 28267 28288 I native-activity: Animating
04-11 03:38:43.313 28267 28288 I native-activity: Frame 316 GL error is 0x506
04-11 03:38:43.314 28267 28288 I native-activity: Frame 316 time is 17.876ms
04-11 03:38:43.314 28267 28288 I native-activity: Swap 316 time is 18.579ms
04-11 03:38:43.315 28267 28288 I native-activity: Animating
04-11 03:38:43.337 28267 28288 I native-activity: Frame 317 GL error is 0x506
04-11 03:38:43.337 28267 28288 I native-activity: Frame 317 time is 22.634ms
04-11 03:38:43.338 28267 28288 I native-activity: Swap 317 time is 22.939ms
04-11 03:38:43.338 28267 28288 I native-activity: Animating
04-11 03:38:43.378   663   663 I wpa_supplicant: wlan0: Associated with b0:48:7a:cb:7c:ec
04-11 03:38:43.440   663   663 I wpa_supplicant: wlan0: WPA: Key negotiation completed with b0:48:7a:cb:7c:ec [PTK=CCMP GTK=CCMP]
04-11 03:38:43.441   663   663 I wpa_supplicant: wlan0: CTRL-EVENT-CONNECTED - Connection to b0:48:7a:cb:7c:ec completed [id=0 id_str=]
04-11 03:38:43.443   448   467 D gpslogd : agps_ril_update_network_state: Waiting for IPC connection - timeout
04-11 03:38:43.443   448   467 E gpslogd : LIBGPS: Cannot communicate (write) with a GPSD
04-11 03:38:43.443   448   467 E gpslogd : IPC Communication Error, /tmp/12075037/customers/Asustek/Tabletandroid/../../../proprietary/deliverables/android/gps_interface/../gps_interface/gpsi_client/GpsiClient.cpp:1194 agps_ril_update_network_state
04-11 03:38:43.443   448   467 D libgps  : proxy_agps_ril_update_network_state: called
04-11 03:38:43.444   448   467 D libgps  : proxy_agps_ril_update_network_availability()
04-11 03:38:43.444   448   467 D gpslogd : agps_ril_update_network_availability: Waiting for IPC connection...
04-11 03:38:43.489 28267 28288 I native-activity: Frame 318 GL error is 0x506
04-11 03:38:43.490 28267 28288 I native-activity: Frame 318 time is 151.614ms
04-11 03:38:43.491 28267 28288 I native-activity: Swap 318 time is 152.929ms
04-11 03:38:43.491 28267 28288 I native-activity: Animating
04-11 03:38:43.514 28267 28288 I native-activity: Frame 319 GL error is 0x506
04-11 03:38:43.514 28267 28288 I native-activity: Frame 319 time is 22.880ms
04-11 03:38:43.515 28267 28288 I native-activity: Swap 319 time is 23.119ms
04-11 03:38:43.515 28267 28288 I native-activity: Animating
04-11 03:38:43.540 28267 28288 I native-activity: Frame 320 GL error is 0x506
04-11 03:38:43.540 28267 28288 I native-activity: Frame 320 time is 25.080ms
04-11 03:38:43.541 28267 28288 I native-activity: Swap 320 time is 26.018ms
04-11 03:38:43.541 28267 28288 I native-activity: Animating
04-11 03:38:43.683 28267 28288 I native-activity: Frame 321 GL error is 0x506
04-11 03:38:43.683 28267 28288 I native-activity: Frame 321 time is 141.720ms
04-11 03:38:43.683 28267 28288 I native-activity: Swap 321 time is 141.962ms
04-11 03:38:43.683 28267 28288 I native-activity: Animating
04-11 03:38:43.712   448   605 D ConnectivityService: registerNetworkAgent NetworkAgentInfo{ ni{[type: WIFI[], state: CONNECTING/CONNECTING, reason: (unspecified), extra: "wildfredland", roaming: false, failover: false, isAvailable: true, isConnectedToProvisioningNetwork: false]}  network{null}  lp{{InterfaceName: wlan0 LinkAddresses: []  Routes: [] DnsAddresses: [] Domains: null MTU: 0 TcpBufferSizes: 524288,1048576,2097152,262144,524288,1048576}}  nc{[ Transports: WIFI Capabilities: INTERNET&NOT_RESTRICTED&TRUSTED&NOT_VPN LinkUpBandwidth>=1048576Kbps LinkDnBandwidth>=1048576Kbps]}  Score{20}  everValidated{false}  lastValidated{false}  created{false}  explicitlySelected{false} }
04-11 03:38:43.712   448   605 E WifiConfigStore: saveWifiConfigBSSID Setting BSSID for "wildfredland"WPA_PSK to any
04-11 03:38:43.712   448   613 D ConnectivityService: NetworkAgentInfo [WIFI () - 2791] EVENT_NETWORK_INFO_CHANGED, going from null to CONNECTING
04-11 03:38:43.787 28267 28288 I native-activity: Frame 322 GL error is 0x506
04-11 03:38:43.787 28267 28288 I native-activity: Frame 322 time is 104.107ms
04-11 03:38:43.788 28267 28288 I native-activity: Swap 322 time is 104.922ms
04-11 03:38:43.789 28267 28288 I native-activity: Animating
04-11 03:38:43.807 28267 28288 I native-activity: Frame 323 GL error is 0x506
04-11 03:38:43.807 28267 28288 I native-activity: Frame 323 time is 18.047ms
04-11 03:38:43.807 28267 28288 I native-activity: Swap 323 time is 18.303ms
04-11 03:38:43.807 28267 28288 I native-activity: Animating
04-11 03:38:43.938 28267 28288 I native-activity: Frame 324 GL error is 0x506
04-11 03:38:43.938 28267 28288 I native-activity: Frame 324 time is 130.913ms
04-11 03:38:43.939 28267 28288 I native-activity: Swap 324 time is 131.351ms
04-11 03:38:43.939 28267 28288 I native-activity: Animating
04-11 03:38:43.953 28267 28288 I native-activity: Frame 325 GL error is 0x506
04-11 03:38:43.954 28267 28288 I native-activity: Frame 325 time is 14.424ms
04-11 03:38:43.954 28267 28288 I native-activity: Swap 325 time is 14.631ms
04-11 03:38:43.954 28267 28288 I native-activity: Animating
04-11 03:38:43.975 28267 28288 I native-activity: Frame 326 GL error is 0x506
04-11 03:38:43.975 28267 28288 I native-activity: Frame 326 time is 21.379ms
04-11 03:38:43.976 28267 28288 I native-activity: Swap 326 time is 21.918ms
04-11 03:38:43.976 28267 28288 I native-activity: Animating
04-11 03:38:43.995   448   605 E WifiConfigStore: saveWifiConfigBSSID Setting BSSID for "wildfredland"WPA_PSK to any
04-11 03:38:44.099   121   427 D CommandListener: Setting iface cfg
04-11 03:38:44.103   448   605 E WifiStateMachine: Start Dhcp Watchdog 2797
04-11 03:38:44.130 28267 28288 I native-activity: Frame 327 GL error is 0x506
04-11 03:38:44.130 28267 28288 I native-activity: Frame 327 time is 154.171ms
04-11 03:38:44.131 28267 28288 I native-activity: Swap 327 time is 154.894ms
04-11 03:38:44.131 28267 28288 I native-activity: Animating
04-11 03:38:44.143 28267 28288 I native-activity: Frame 328 GL error is 0x506
04-11 03:38:44.143 28267 28288 I native-activity: Frame 328 time is 11.884ms
04-11 03:38:44.143 28267 28288 I native-activity: Swap 328 time is 12.100ms
04-11 03:38:44.144 28267 28288 I native-activity: Animating
04-11 03:38:44.170 28267 28288 I native-activity: Frame 329 GL error is 0x506
04-11 03:38:44.170 28267 28288 I native-activity: Frame 329 time is 26.067ms
04-11 03:38:44.171 28267 28288 I native-activity: Swap 329 time is 27.084ms
04-11 03:38:44.171 28267 28288 I native-activity: Animating
04-11 03:38:44.200   448   613 D ConnectivityService: updateNetworkScore for NetworkAgentInfo [WIFI () - 2791] to 60
04-11 03:38:44.203 25234 25234 D Event   : No subscribers registered for event class com.tplink.hellotp.shared.o
04-11 03:38:44.203 25234 25234 D Event   : No subscribers registered for event class de.greenrobot.event.f
04-11 03:38:44.301  8277 28316 W IcingInternalCorpora: getNumBytesRead when not calculated.
04-11 03:38:44.322 28267 28288 I native-activity: Frame 330 GL error is 0x506
04-11 03:38:44.323 28267 28288 I native-activity: Frame 330 time is 151.370ms
04-11 03:38:44.323 28267 28288 I native-activity: Swap 330 time is 152.008ms
04-11 03:38:44.324 28267 28288 I native-activity: Animating
04-11 03:38:44.336 28267 28288 I native-activity: Frame 331 GL error is 0x506
04-11 03:38:44.336 28267 28288 I native-activity: Frame 331 time is 12.579ms
04-11 03:38:44.336 28267 28288 I native-activity: Swap 331 time is 12.811ms
04-11 03:38:44.337 28267 28288 I native-activity: Animating
04-11 03:38:44.359 28267 28288 I native-activity: Frame 332 GL error is 0x506
04-11 03:38:44.359 28267 28288 I native-activity: Frame 332 time is 22.412ms
04-11 03:38:44.360 28267 28288 I native-activity: Swap 332 time is 22.952ms
04-11 03:38:44.360 28267 28288 I native-activity: Animating
04-11 03:38:44.444  8277 25996 I Icing   : updateResources: need to parse sor{com.google.android.gms}
04-11 03:38:44.513 28267 28288 I native-activity: Frame 333 GL error is 0x506
04-11 03:38:44.513 28267 28288 I native-activity: Frame 333 time is 152.578ms
04-11 03:38:44.514 28267 28288 I native-activity: Swap 333 time is 153.005ms
04-11 03:38:44.514 28267 28288 I native-activity: Animating
04-11 03:38:44.528   448   605 E native  : do suspend false
04-11 03:38:44.533 28267 28288 I native-activity: Frame 334 GL error is 0x506
04-11 03:38:44.533 28267 28288 I native-activity: Frame 334 time is 18.600ms
04-11 03:38:44.533 28267 28288 I native-activity: Swap 334 time is 19.079ms
04-11 03:38:44.533 28267 28288 I native-activity: Animating
04-11 03:38:44.561 28267 28288 I native-activity: Frame 335 GL error is 0x506
04-11 03:38:44.562 28267 28288 I native-activity: Frame 335 time is 27.923ms
04-11 03:38:44.562 28267 28288 I native-activity: Swap 335 time is 28.475ms
04-11 03:38:44.562 28267 28288 I native-activity: Animating
04-11 03:38:44.607   448   605 E WifiStateMachine: Unexpected BatchedScanResults :OK
04-11 03:38:44.704 28267 28288 I native-activity: Frame 336 GL error is 0x506
04-11 03:38:44.704 28267 28288 I native-activity: Frame 336 time is 142.045ms
04-11 03:38:44.705 28267 28288 I native-activity: Swap 336 time is 142.536ms
04-11 03:38:44.705 28267 28288 I native-activity: Animating
04-11 03:38:44.720 28267 28288 I native-activity: Frame 337 GL error is 0x506
04-11 03:38:44.721 28267 28288 I native-activity: Frame 337 time is 15.045ms
04-11 03:38:44.721 28267 28288 I native-activity: Swap 337 time is 15.602ms
04-11 03:38:44.721 28267 28288 I native-activity: Animating
04-11 03:38:44.746 28267 28288 I native-activity: Frame 338 GL error is 0x506
04-11 03:38:44.746 28267 28288 I native-activity: Frame 338 time is 24.862ms
04-11 03:38:44.747 28267 28288 I native-activity: Swap 338 time is 25.284ms
04-11 03:38:44.747 28267 28288 I native-activity: Animating
04-11 03:38:44.893 28267 28288 I native-activity: Frame 339 GL error is 0x506
04-11 03:38:44.893 28267 28288 I native-activity: Frame 339 time is 145.824ms
04-11 03:38:44.893 28267 28288 I native-activity: Swap 339 time is 146.230ms
04-11 03:38:44.894 28267 28288 I native-activity: Animating
04-11 03:38:44.907 28267 28288 I native-activity: Frame 340 GL error is 0x506
04-11 03:38:44.908 28267 28288 I native-activity: Frame 340 time is 13.917ms
04-11 03:38:44.908 28267 28288 I native-activity: Swap 340 time is 14.143ms
04-11 03:38:44.908 28267 28288 I native-activity: Animating
04-11 03:38:44.931 28267 28288 I native-activity: Frame 341 GL error is 0x506
04-11 03:38:44.932 28267 28288 I native-activity: Frame 341 time is 23.645ms
04-11 03:38:44.932 28267 28288 I native-activity: Swap 341 time is 24.279ms
04-11 03:38:44.932 28267 28288 I native-activity: Animating
04-11 03:38:45.084 28267 28288 I native-activity: Frame 342 GL error is 0x506
04-11 03:38:45.084 28267 28288 I native-activity: Frame 342 time is 151.668ms
04-11 03:38:45.084 28267 28288 I native-activity: Swap 342 time is 152.066ms
04-11 03:38:45.085 28267 28288 I native-activity: Animating
04-11 03:38:45.098 28267 28288 I native-activity: Frame 343 GL error is 0x506
04-11 03:38:45.098 28267 28288 I native-activity: Frame 343 time is 13.290ms
04-11 03:38:45.098 28267 28288 I native-activity: Swap 343 time is 13.478ms
04-11 03:38:45.098 28267 28288 I native-activity: Animating
04-11 03:38:45.126 28267 28288 I native-activity: Frame 344 GL error is 0x506
04-11 03:38:45.127 28267 28288 I native-activity: Frame 344 time is 27.922ms
04-11 03:38:45.127 28267 28288 I native-activity: Swap 344 time is 28.761ms
04-11 03:38:45.128 28267 28288 I native-activity: Animating
04-11 03:38:45.182  8277 25996 I Icing   : Usage reports 0 indexed 0 rejected 0 imm upload true
04-11 03:38:45.240   448   467 D gpslogd : agps_ril_update_network_availability: Waiting for IPC connection - timeout
04-11 03:38:45.240   448   467 E gpslogd : LIBGPS: Cannot communicate (write) with a GPSD
04-11 03:38:45.240   448   467 E gpslogd : IPC Communication Error, /tmp/12075037/customers/Asustek/Tabletandroid/../../../proprietary/deliverables/android/gps_interface/../gps_interface/gpsi_client/GpsiClient.cpp:1213 agps_ril_update_network_availability
04-11 03:38:45.246   976 19941 D PhoneInterfaceManager: [PhoneIntfMgr] getDataEnabled: subId=-1 phoneId=-1
04-11 03:38:45.247   976 19941 E PhoneInterfaceManager: [PhoneIntfMgr] getDataEnabled: no phone subId=-1 retVal=false
04-11 03:38:45.247   448   467 D TelephonyManager: getDataEnabled: retVal=false
04-11 03:38:45.261 28322 28322 I dhcpcd  : version 5.5.6 starting
04-11 03:38:45.265 28322 28322 E dhcpcd  : get_duid: Read-only file system
04-11 03:38:45.279 28267 28288 I native-activity: Frame 345 GL error is 0x506
04-11 03:38:45.279 28267 28288 I native-activity: Frame 345 time is 151.566ms
04-11 03:38:45.280 28267 28288 I native-activity: Swap 345 time is 151.985ms
04-11 03:38:45.280 28267 28288 I native-activity: Animating
04-11 03:38:45.292 28267 28288 I native-activity: Frame 346 GL error is 0x506
04-11 03:38:45.292 28267 28288 I native-activity: Frame 346 time is 11.783ms
04-11 03:38:45.292 28267 28288 I native-activity: Swap 346 time is 11.988ms
04-11 03:38:45.293 28267 28288 I native-activity: Animating
04-11 03:38:45.315 28267 28288 I native-activity: Frame 347 GL error is 0x506
04-11 03:38:45.315 28267 28288 I native-activity: Frame 347 time is 22.315ms
04-11 03:38:45.315 28267 28288 I native-activity: Swap 347 time is 22.813ms
04-11 03:38:45.316 28267 28288 I native-activity: Animating
04-11 03:38:45.468 28267 28288 I native-activity: Frame 348 GL error is 0x506
04-11 03:38:45.468 28267 28288 I native-activity: Frame 348 time is 152.151ms
04-11 03:38:45.468 28267 28288 I native-activity: Swap 348 time is 152.560ms
04-11 03:38:45.469 28267 28288 I native-activity: Animating
04-11 03:38:45.483 28267 28288 I native-activity: Frame 349 GL error is 0x506
04-11 03:38:45.483 28267 28288 I native-activity: Frame 349 time is 14.851ms
04-11 03:38:45.484 28267 28288 I native-activity: Swap 349 time is 15.154ms
04-11 03:38:45.484 28267 28288 I native-activity: Animating
04-11 03:38:45.509 28267 28288 I native-activity: Frame 350 GL error is 0x506
04-11 03:38:45.509 28267 28288 I native-activity: Frame 350 time is 25.176ms
04-11 03:38:45.509 28267 28288 I native-activity: Swap 350 time is 25.602ms
04-11 03:38:45.510 28267 28288 I native-activity: Animating
04-11 03:38:45.604   448   467 E GpsLocationProvider: No APN found to select.
04-11 03:38:45.624   448   467 D libgps  : proxy_agps_ril_update_network_state()
04-11 03:38:45.625   448   467 D gpslogd : agps_ril_update_network_state: Waiting for IPC connection...
04-11 03:38:45.664 28267 28288 I native-activity: Frame 351 GL error is 0x506
04-11 03:38:45.664 28267 28288 I native-activity: Frame 351 time is 154.022ms
04-11 03:38:45.664 28267 28288 I native-activity: Swap 351 time is 154.412ms
04-11 03:38:45.664 28267 28288 I native-activity: Animating
04-11 03:38:45.680 28267 28288 I native-activity: Frame 352 GL error is 0x506
04-11 03:38:45.680 28267 28288 I native-activity: Frame 352 time is 15.648ms
04-11 03:38:45.681 28267 28288 I native-activity: Swap 352 time is 16.897ms
04-11 03:38:45.682 28267 28288 I native-activity: Animating
04-11 03:38:45.711 28267 28288 I native-activity: Frame 353 GL error is 0x506
04-11 03:38:45.711 28267 28288 I native-activity: Frame 353 time is 28.916ms
04-11 03:38:45.711 28267 28288 I native-activity: Swap 353 time is 29.313ms
04-11 03:38:45.711 28267 28288 I native-activity: Animating
04-11 03:38:45.730 28322 28322 I dhcpcd  : wlan0: rebinding lease of 192.168.1.110
04-11 03:38:45.838 28322 28322 I dhcpcd  : wlan0: acknowledged 192.168.1.110 from 192.168.1.1
04-11 03:38:45.855 28267 28288 I native-activity: Frame 354 GL error is 0x506
04-11 03:38:45.855 28267 28288 I native-activity: Frame 354 time is 143.416ms
04-11 03:38:45.855 28267 28288 I native-activity: Swap 354 time is 143.859ms
04-11 03:38:45.856 28267 28288 I native-activity: Animating
04-11 03:38:45.869 28267 28288 I native-activity: Frame 355 GL error is 0x506
04-11 03:38:45.869 28267 28288 I native-activity: Frame 355 time is 13.462ms
04-11 03:38:45.870 28267 28288 I native-activity: Swap 355 time is 13.800ms
04-11 03:38:45.870 28267 28288 I native-activity: Animating
04-11 03:38:45.892 28267 28288 I native-activity: Frame 356 GL error is 0x506
04-11 03:38:45.892 28267 28288 I native-activity: Frame 356 time is 22.159ms
04-11 03:38:45.892 28267 28288 I native-activity: Swap 356 time is 22.596ms
04-11 03:38:45.893 28267 28288 I native-activity: Animating
04-11 03:38:45.960 28322 28322 I dhcpcd  : wlan0: leased 192.168.1.110 for 7200 seconds
04-11 03:38:45.995   448   448 D BackupManagerService: Received broadcast Intent { act=android.intent.action.PACKAGE_CHANGED dat=package:com.google.android.gms flg=0x4000010 (has extras) }
04-11 03:38:45.995   448   448 I BackupManagerService: Unbinding ComponentInfo{com.google.android.gms/com.google.android.gms.backup.BackupTransportService}
04-11 03:38:46.051 28267 28288 I native-activity: Frame 357 GL error is 0x506
04-11 03:38:46.051 28267 28288 I native-activity: Frame 357 time is 158.523ms
04-11 03:38:46.052 28267 28288 I native-activity: Swap 357 time is 159.027ms
04-11 03:38:46.052 28267 28288 I native-activity: Animating
04-11 03:38:46.068 28267 28288 I native-activity: Frame 358 GL error is 0x506
04-11 03:38:46.068 28267 28288 I native-activity: Frame 358 time is 15.868ms
04-11 03:38:46.069 28267 28288 I native-activity: Swap 358 time is 16.542ms
04-11 03:38:46.069 28267 28288 I native-activity: Animating
04-11 03:38:46.104   448   448 I BackupManagerService: Binding to transport host ComponentInfo{com.google.android.gms/com.google.android.gms.backup.BackupTransportService}
04-11 03:38:46.104 28267 28288 I native-activity: Frame 359 GL error is 0x506
04-11 03:38:46.104 28267 28288 I native-activity: Frame 359 time is 34.584ms
04-11 03:38:46.104 28267 28288 I native-activity: Swap 359 time is 35.017ms
04-11 03:38:46.105 28267 28288 I native-activity: Animating
04-11 03:38:46.248 28267 28288 I native-activity: Frame 360 GL error is 0x506
04-11 03:38:46.248 28267 28288 I native-activity: Frame 360 time is 143.679ms
04-11 03:38:46.250 28267 28288 I native-activity: Swap 360 time is 145.795ms
04-11 03:38:46.251 28267 28288 I native-activity: Animating
04-11 03:38:46.278 28267 28288 I native-activity: Frame 361 GL error is 0x506
04-11 03:38:46.279 28267 28288 I native-activity: Frame 361 time is 27.674ms
04-11 03:38:46.279 28267 28288 I native-activity: Swap 361 time is 28.389ms
04-11 03:38:46.280 28267 28288 I native-activity: Animating
04-11 03:38:46.333 28267 28288 I native-activity: Frame 362 GL error is 0x506
04-11 03:38:46.334 28267 28288 I native-activity: Frame 362 time is 54.146ms
04-11 03:38:46.335 28267 28288 I native-activity: Swap 362 time is 54.819ms
04-11 03:38:46.335 28267 28288 I native-activity: Animating
04-11 03:38:46.391  8230 27150 I art     : Explicit concurrent mark sweep GC freed 33545(1710KB) AllocSpace objects, 10(160KB) LOS objects, 24% free, 15MB/20MB, paused 12.438ms total 1.172s
04-11 03:38:46.426   448   448 V BackupManagerService: Connected to transport ComponentInfo{com.google.android.gms/com.google.android.gms.backup.BackupTransportService}
04-11 03:38:46.433   448   448 V BackupManagerService: Registering transport com.google.android.gms/.backup.BackupTransportService::com.google.android.gms/.backup.BackupTransportService = com.android.internal.backup.IBackupTransport$Stub$Proxy@e8e1dd3
04-11 03:38:46.450  8277 25996 I Icing   : Usage reports 0 indexed 0 rejected 0 imm upload false
04-11 03:38:46.467 28267 28288 I native-activity: Frame 363 GL error is 0x506
04-11 03:38:46.468 28267 28288 I native-activity: Frame 363 time is 132.565ms
04-11 03:38:46.468  8277 25996 I Icing   : Usage reports 0 indexed 0 rejected 0 imm upload false
04-11 03:38:46.468 28267 28288 I native-activity: Swap 363 time is 133.179ms
04-11 03:38:46.469 28267 28288 I native-activity: Animating
04-11 03:38:46.495 28267 28288 I native-activity: Frame 364 GL error is 0x506
04-11 03:38:46.495 28267 28288 I native-activity: Frame 364 time is 26.132ms
04-11 03:38:46.496 28267 28288 I native-activity: Swap 364 time is 27.025ms
04-11 03:38:46.496 28267 28288 I native-activity: Animating
04-11 03:38:46.528 28267 28288 I native-activity: Frame 365 GL error is 0x506
04-11 03:38:46.528 28267 28288 I native-activity: Frame 365 time is 31.411ms
04-11 03:38:46.529 28267 28288 I native-activity: Swap 365 time is 32.580ms
04-11 03:38:46.529 28267 28288 I native-activity: Animating
04-11 03:38:46.660 28267 28288 I native-activity: Frame 366 GL error is 0x506
04-11 03:38:46.660 28267 28288 I native-activity: Frame 366 time is 130.325ms
04-11 03:38:46.660 28267 28288 I native-activity: Swap 366 time is 130.960ms
04-11 03:38:46.661 28267 28288 I native-activity: Animating
04-11 03:38:46.672 28267 28288 I native-activity: Frame 367 GL error is 0x506
04-11 03:38:46.673 28267 28288 I native-activity: Frame 367 time is 11.829ms
04-11 03:38:46.673 28267 28288 I native-activity: Swap 367 time is 12.050ms
04-11 03:38:46.673 28267 28288 I native-activity: Animating
04-11 03:38:46.695 28267 28288 I native-activity: Frame 368 GL error is 0x506
04-11 03:38:46.695 28267 28288 I native-activity: Frame 368 time is 22.127ms
04-11 03:38:46.696 28267 28288 I native-activity: Swap 368 time is 22.835ms
04-11 03:38:46.696 28267 28288 I native-activity: Animating
04-11 03:38:46.730   448   613 D ConnectivityService: NetworkAgentInfo [WIFI () - 2791] EVENT_NETWORK_INFO_CHANGED, going from CONNECTING to CONNECTED
04-11 03:38:46.733   448   613 D ConnectivityService: Adding iface wlan0 to network 2791
04-11 03:38:46.759   448   605 E WifiStateMachine: Did not find remoteAddress {192.168.1.1} in /proc/net/arp
04-11 03:38:46.857 28267 28288 I native-activity: Frame 369 GL error is 0x506
04-11 03:38:46.857 28267 28288 I native-activity: Frame 369 time is 160.753ms
04-11 03:38:46.857 28267 28288 I native-activity: Swap 369 time is 161.225ms
04-11 03:38:46.858 28267 28288 I native-activity: Animating
04-11 03:38:46.916 28267 28288 I native-activity: Frame 370 GL error is 0x506
04-11 03:38:46.916 28267 28288 I native-activity: Frame 370 time is 58.495ms
04-11 03:38:46.917 28267 28288 I native-activity: Swap 370 time is 59.297ms
04-11 03:38:46.918 28267 28288 I native-activity: Animating
04-11 03:38:46.939 28267 28288 I native-activity: Frame 371 GL error is 0x506
04-11 03:38:46.939 28267 28288 I native-activity: Frame 371 time is 21.809ms
04-11 03:38:46.940 28267 28288 I native-activity: Swap 371 time is 22.163ms
04-11 03:38:46.940 28267 28288 I native-activity: Animating
04-11 03:38:46.958 25646 28308 I ApplicationLogger: canRun() : Opted Out
04-11 03:38:46.958 25646 28308 I UpdateIcingCorporaServi: UpdateCorporaTask done [took 4726 ms] updated apps [took 4726 ms] 
04-11 03:38:47.073 28267 28288 I native-activity: Frame 372 GL error is 0x506
04-11 03:38:47.073 28267 28288 I native-activity: Frame 372 time is 132.915ms
04-11 03:38:47.073 28267 28288 I native-activity: Swap 372 time is 133.177ms
04-11 03:38:47.073 28267 28288 I native-activity: Animating
04-11 03:38:47.085 28267 28288 I native-activity: Frame 373 GL error is 0x506
04-11 03:38:47.085 28267 28288 I native-activity: Frame 373 time is 11.272ms
04-11 03:38:47.085 28267 28288 I native-activity: Swap 373 time is 11.430ms
04-11 03:38:47.085 28267 28288 I native-activity: Animating
04-11 03:38:47.130 28267 28288 I native-activity: Frame 374 GL error is 0x506
04-11 03:38:47.130 28267 28288 I native-activity: Frame 374 time is 45.010ms
04-11 03:38:47.130 28267 28288 I native-activity: Swap 374 time is 45.426ms
04-11 03:38:47.130 28267 28288 I native-activity: Animating
04-11 03:38:47.258 28267 28288 I native-activity: Frame 375 GL error is 0x506
04-11 03:38:47.258 28267 28288 I native-activity: Frame 375 time is 127.256ms
04-11 03:38:47.258 28267 28288 I native-activity: Swap 375 time is 127.503ms
04-11 03:38:47.258 28267 28288 I native-activity: Animating
04-11 03:38:47.272 28267 28288 I native-activity: Frame 376 GL error is 0x506
04-11 03:38:47.272 28267 28288 I native-activity: Frame 376 time is 13.453ms
04-11 03:38:47.272 28267 28288 I native-activity: Swap 376 time is 13.798ms
04-11 03:38:47.272 28267 28288 I native-activity: Animating
04-11 03:38:47.296 28267 28288 I native-activity: Frame 377 GL error is 0x506
04-11 03:38:47.296 28267 28288 I native-activity: Frame 377 time is 23.711ms
04-11 03:38:47.297 28267 28288 I native-activity: Swap 377 time is 24.214ms
04-11 03:38:47.297 28267 28288 I native-activity: Animating
04-11 03:38:47.420   448   467 D gpslogd : agps_ril_update_network_state: Waiting for IPC connection - timeout
04-11 03:38:47.420   448   467 E gpslogd : LIBGPS: Cannot communicate (write) with a GPSD
04-11 03:38:47.420   448   467 E gpslogd : IPC Communication Error, /tmp/12075037/customers/Asustek/Tabletandroid/../../../proprietary/deliverables/android/gps_interface/../gps_interface/gpsi_client/GpsiClient.cpp:1194 agps_ril_update_network_state
04-11 03:38:47.420   448   467 D libgps  : proxy_agps_ril_update_network_state: called
04-11 03:38:47.420   448   467 D libgps  : proxy_agps_ril_update_network_availability()
04-11 03:38:47.420   448   467 D gpslogd : agps_ril_update_network_availability: Waiting for IPC connection...
04-11 03:38:47.443 28267 28288 I native-activity: Frame 378 GL error is 0x506
04-11 03:38:47.443 28267 28288 I native-activity: Frame 378 time is 146.484ms
04-11 03:38:47.444 28267 28288 I native-activity: Swap 378 time is 146.737ms
04-11 03:38:47.444 28267 28288 I native-activity: Animating
04-11 03:38:47.454 28267 28288 I native-activity: Frame 379 GL error is 0x506
04-11 03:38:47.454 28267 28288 I native-activity: Frame 379 time is 9.930ms
04-11 03:38:47.454 28267 28288 I native-activity: Swap 379 time is 10.133ms
04-11 03:38:47.454 28267 28288 I native-activity: Animating
04-11 03:38:47.469 28267 28288 I native-activity: Frame 380 GL error is 0x506
04-11 03:38:47.469 28267 28288 I native-activity: Frame 380 time is 14.677ms
04-11 03:38:47.469 28267 28288 I native-activity: Swap 380 time is 15.022ms
04-11 03:38:47.469 28267 28288 I native-activity: Animating
04-11 03:38:47.514  8277 25996 I Icing   : Indexing 3C149AD5B8816AD31C2E32D2A80EE5BD3F39B46A from com.google.android.gms
04-11 03:38:47.632 28267 28288 I native-activity: Frame 381 GL error is 0x506
04-11 03:38:47.633 28267 28288 I native-activity: Frame 381 time is 162.975ms
04-11 03:38:47.633 28267 28288 I native-activity: Swap 381 time is 163.421ms
04-11 03:38:47.633 28267 28288 I native-activity: Animating
04-11 03:38:47.648 28267 28288 I native-activity: Frame 382 GL error is 0x506
04-11 03:38:47.648 28267 28288 I native-activity: Frame 382 time is 14.835ms
04-11 03:38:47.648 28267 28288 I native-activity: Swap 382 time is 15.143ms
04-11 03:38:47.649 28267 28288 I native-activity: Animating
04-11 03:38:47.676 28267 28288 I native-activity: Frame 383 GL error is 0x506
04-11 03:38:47.676 28267 28288 I native-activity: Frame 383 time is 27.263ms
04-11 03:38:47.676 28267 28288 I native-activity: Swap 383 time is 27.634ms
04-11 03:38:47.676 28267 28288 I native-activity: Animating
04-11 03:38:47.823 28267 28288 I native-activity: Frame 384 GL error is 0x506
04-11 03:38:47.823 28267 28288 I native-activity: Frame 384 time is 146.619ms
04-11 03:38:47.824 28267 28288 I native-activity: Swap 384 time is 146.972ms
04-11 03:38:47.824 28267 28288 I native-activity: Animating
04-11 03:38:47.836 28267 28288 I native-activity: Frame 385 GL error is 0x506
04-11 03:38:47.836 28267 28288 I native-activity: Frame 385 time is 12.520ms
04-11 03:38:47.837 28267 28288 I native-activity: Swap 385 time is 12.714ms
04-11 03:38:47.837 28267 28288 I native-activity: Animating
04-11 03:38:47.856 28267 28288 I native-activity: Frame 386 GL error is 0x506
04-11 03:38:47.856 28267 28288 I native-activity: Frame 386 time is 19.295ms
04-11 03:38:47.856 28267 28288 I native-activity: Swap 386 time is 19.621ms
04-11 03:38:47.857 28267 28288 I native-activity: Animating
04-11 03:38:47.890  8277 25996 I Icing   : Indexing done 3C149AD5B8816AD31C2E32D2A80EE5BD3F39B46A
04-11 03:38:48.009 28267 28288 I native-activity: Frame 387 GL error is 0x506
04-11 03:38:48.009 28267 28288 I native-activity: Frame 387 time is 152.336ms
04-11 03:38:48.009 28267 28288 I native-activity: Swap 387 time is 152.609ms
04-11 03:38:48.009 28267 28288 I native-activity: Animating
04-11 03:38:48.021 28267 28288 I native-activity: Frame 388 GL error is 0x506
04-11 03:38:48.021 28267 28288 I native-activity: Frame 388 time is 12.038ms
04-11 03:38:48.022 28267 28288 I native-activity: Swap 388 time is 12.351ms
04-11 03:38:48.022 28267 28288 I native-activity: Animating
04-11 03:38:48.035 28267 28288 I native-activity: Frame 389 GL error is 0x506
04-11 03:38:48.035 28267 28288 I native-activity: Frame 389 time is 13.181ms
04-11 03:38:48.035 28267 28288 I native-activity: Swap 389 time is 13.441ms
04-11 03:38:48.035 28267 28288 I native-activity: Animating
04-11 03:38:48.193 28267 28288 I native-activity: Frame 390 GL error is 0x506
04-11 03:38:48.193 28267 28288 I native-activity: Frame 390 time is 157.337ms
04-11 03:38:48.193 28267 28288 I native-activity: Swap 390 time is 157.602ms
04-11 03:38:48.193 28267 28288 I native-activity: Animating
04-11 03:38:48.204 28267 28288 I native-activity: Frame 391 GL error is 0x506
04-11 03:38:48.204 28267 28288 I native-activity: Frame 391 time is 10.891ms
04-11 03:38:48.204 28267 28288 I native-activity: Swap 391 time is 11.048ms
04-11 03:38:48.205 28267 28288 I native-activity: Animating
04-11 03:38:48.220 28267 28288 I native-activity: Frame 392 GL error is 0x506
04-11 03:38:48.220 28267 28288 I native-activity: Frame 392 time is 15.690ms
04-11 03:38:48.221 28267 28288 I native-activity: Swap 392 time is 15.969ms
04-11 03:38:48.221 28267 28288 I native-activity: Animating
04-11 03:38:48.377 28267 28288 I native-activity: Frame 393 GL error is 0x506
04-11 03:38:48.377 28267 28288 I native-activity: Frame 393 time is 156.211ms
04-11 03:38:48.377 28267 28288 I native-activity: Swap 393 time is 156.463ms
04-11 03:38:48.377 28267 28288 I native-activity: Animating
04-11 03:38:48.389 28267 28288 I native-activity: Frame 394 GL error is 0x506
04-11 03:38:48.389 28267 28288 I native-activity: Frame 394 time is 11.248ms
04-11 03:38:48.389 28267 28288 I native-activity: Swap 394 time is 11.453ms
04-11 03:38:48.389 28267 28288 I native-activity: Animating
04-11 03:38:48.406 28267 28288 I native-activity: Frame 395 GL error is 0x506
04-11 03:38:48.406 28267 28288 I native-activity: Frame 395 time is 17.042ms
04-11 03:38:48.406 28267 28288 I native-activity: Swap 395 time is 17.464ms
04-11 03:38:48.407 28267 28288 I native-activity: Animating
04-11 03:38:48.561 28267 28288 I native-activity: Frame 396 GL error is 0x506
04-11 03:38:48.561 28267 28288 I native-activity: Frame 396 time is 154.409ms
04-11 03:38:48.561 28267 28288 I native-activity: Swap 396 time is 154.662ms
04-11 03:38:48.562 28267 28288 I native-activity: Animating
04-11 03:38:48.570 28267 28288 I native-activity: Frame 397 GL error is 0x506
04-11 03:38:48.570 28267 28288 I native-activity: Frame 397 time is 8.801ms
04-11 03:38:48.571 28267 28288 I native-activity: Swap 397 time is 9.015ms
04-11 03:38:48.571 28267 28288 I native-activity: Animating
04-11 03:38:48.584 28267 28288 I native-activity: Frame 398 GL error is 0x506
04-11 03:38:48.584 28267 28288 I native-activity: Frame 398 time is 12.974ms
04-11 03:38:48.584 28267 28288 I native-activity: Swap 398 time is 13.227ms
04-11 03:38:48.584 28267 28288 I native-activity: Animating
04-11 03:38:48.745 28267 28288 I native-activity: Frame 399 GL error is 0x506
04-11 03:38:48.745 28267 28288 I native-activity: Frame 399 time is 160.680ms
04-11 03:38:48.745 28267 28288 I native-activity: Swap 399 time is 160.926ms
04-11 03:38:48.745 28267 28288 I native-activity: Animating
04-11 03:38:48.756 28267 28288 I native-activity: Frame 400 GL error is 0x506
04-11 03:38:48.756 28267 28288 I native-activity: Frame 400 time is 10.999ms
04-11 03:38:48.757 28267 28288 I native-activity: Swap 400 time is 11.163ms
04-11 03:38:48.757 28267 28288 I native-activity: Animating
04-11 03:38:48.777 28267 28288 I native-activity: Frame 401 GL error is 0x506
04-11 03:38:48.778 28267 28288 I native-activity: Frame 401 time is 20.893ms
04-11 03:38:48.778 28267 28288 I native-activity: Swap 401 time is 21.268ms
04-11 03:38:48.778 28267 28288 I native-activity: Animating
04-11 03:38:48.931 28267 28288 I native-activity: Frame 402 GL error is 0x506
04-11 03:38:48.931 28267 28288 I native-activity: Frame 402 time is 152.683ms
04-11 03:38:48.931 28267 28288 I native-activity: Swap 402 time is 152.971ms
04-11 03:38:48.931 28267 28288 I native-activity: Animating
04-11 03:38:48.943 28267 28288 I native-activity: Frame 403 GL error is 0x506
04-11 03:38:48.943 28267 28288 I native-activity: Frame 403 time is 11.483ms
04-11 03:38:48.943 28267 28288 I native-activity: Swap 403 time is 11.675ms
04-11 03:38:48.943 28267 28288 I native-activity: Animating
04-11 03:38:48.959 28267 28288 I native-activity: Frame 404 GL error is 0x506
04-11 03:38:48.959 28267 28288 I native-activity: Frame 404 time is 15.649ms
04-11 03:38:48.959 28267 28288 I native-activity: Swap 404 time is 16.008ms
04-11 03:38:48.960 28267 28288 I native-activity: Animating
04-11 03:38:49.115 28267 28288 I native-activity: Frame 405 GL error is 0x506
04-11 03:38:49.115 28267 28288 I native-activity: Frame 405 time is 155.744ms
04-11 03:38:49.116 28267 28288 I native-activity: Swap 405 time is 156.009ms
04-11 03:38:49.116 28267 28288 I native-activity: Animating
04-11 03:38:49.127 28267 28288 I native-activity: Frame 406 GL error is 0x506
04-11 03:38:49.127 28267 28288 I native-activity: Frame 406 time is 11.376ms
04-11 03:38:49.127 28267 28288 I native-activity: Swap 406 time is 11.597ms
04-11 03:38:49.128 28267 28288 I native-activity: Animating
04-11 03:38:49.140 28267 28288 I native-activity: Frame 407 GL error is 0x506
04-11 03:38:49.140 28267 28288 I native-activity: Frame 407 time is 12.306ms
04-11 03:38:49.140 28267 28288 I native-activity: Swap 407 time is 12.807ms
04-11 03:38:49.141 28267 28288 I native-activity: Animating
04-11 03:38:49.220   448   467 D gpslogd : agps_ril_update_network_availability: Waiting for IPC connection - timeout
04-11 03:38:49.220   448   467 E gpslogd : LIBGPS: Cannot communicate (write) with a GPSD
04-11 03:38:49.220   448   467 E gpslogd : IPC Communication Error, /tmp/12075037/customers/Asustek/Tabletandroid/../../../proprietary/deliverables/android/gps_interface/../gps_interface/gpsi_client/GpsiClient.cpp:1213 agps_ril_update_network_availability
04-11 03:38:49.302 28267 28288 I native-activity: Frame 408 GL error is 0x506
04-11 03:38:49.302 28267 28288 I native-activity: Frame 408 time is 161.197ms
04-11 03:38:49.302 28267 28288 I native-activity: Swap 408 time is 161.757ms
04-11 03:38:49.303 28267 28288 I native-activity: Animating
04-11 03:38:49.322 28267 28288 I native-activity: Frame 409 GL error is 0x506
04-11 03:38:49.322 28267 28288 I native-activity: Frame 409 time is 19.379ms
04-11 03:38:49.323 28267 28288 I native-activity: Swap 409 time is 19.933ms
04-11 03:38:49.323 28267 28288 I native-activity: Animating
04-11 03:38:49.346 28267 28288 I native-activity: Frame 410 GL error is 0x506
04-11 03:38:49.347 28267 28288 I native-activity: Frame 410 time is 23.521ms
04-11 03:38:49.347 28267 28288 I native-activity: Swap 410 time is 23.782ms
04-11 03:38:49.347 28267 28288 I native-activity: Animating
04-11 03:38:49.492 28267 28288 I native-activity: Frame 411 GL error is 0x506
04-11 03:38:49.492 28267 28288 I native-activity: Frame 411 time is 144.744ms
04-11 03:38:49.492 28267 28288 I native-activity: Swap 411 time is 145.179ms
04-11 03:38:49.493 28267 28288 I native-activity: Animating
04-11 03:38:49.547 28267 28288 I native-activity: Frame 412 GL error is 0x506
04-11 03:38:49.547 28267 28288 I native-activity: Frame 412 time is 54.518ms
04-11 03:38:49.547 28267 28288 I native-activity: Swap 412 time is 54.718ms
04-11 03:38:49.548 28267 28288 I native-activity: Animating
04-11 03:38:51.623 28267 28288 I native-activity: Frame 413 GL error is 0x501
04-11 03:38:51.623 28267 28288 I native-activity: Frame 413 time is 2075.676ms
04-11 03:38:51.623 28267 28288 I native-activity: Swap 413 time is 2075.856ms
04-11 03:38:51.629 28267 28288 I native-activity: Animating
04-11 03:38:52.251 28267 28288 I native-activity: Frame 414 GL error is 0x506
04-11 03:38:52.251 28267 28288 I native-activity: Frame 414 time is 621.013ms
04-11 03:38:52.251 28267 28288 I native-activity: Swap 414 time is 621.454ms
04-11 03:38:52.252 28267 28288 I native-activity: Animating
04-11 03:38:52.305 28267 28288 I native-activity: Frame 415 GL error is 0x506
04-11 03:38:52.306 28267 28288 I native-activity: Frame 415 time is 54.017ms
04-11 03:38:52.306 28267 28288 I native-activity: Swap 415 time is 54.510ms
04-11 03:38:52.307 28267 28288 I native-activity: Animating
04-11 03:38:52.327 28267 28288 I native-activity: Frame 416 GL error is 0x506
04-11 03:38:52.327 28267 28288 I native-activity: Frame 416 time is 20.818ms
04-11 03:38:52.328 28267 28288 I native-activity: Swap 416 time is 21.064ms
04-11 03:38:52.328 28267 28288 I native-activity: Animating
04-11 03:38:52.462 28267 28288 I native-activity: Frame 417 GL error is 0x506
04-11 03:38:52.462 28267 28288 I native-activity: Frame 417 time is 133.828ms
04-11 03:38:52.462 28267 28288 I native-activity: Swap 417 time is 134.092ms
04-11 03:38:52.462 28267 28288 I native-activity: Animating
04-11 03:38:52.487 28267 28288 I native-activity: Frame 418 GL error is 0x506
04-11 03:38:52.487 28267 28288 I native-activity: Frame 418 time is 24.807ms
04-11 03:38:52.487 28267 28288 I native-activity: Swap 418 time is 25.226ms
04-11 03:38:52.488 28267 28288 I native-activity: Animating
04-11 03:38:52.544 28267 28288 I native-activity: Frame 419 GL error is 0x506
04-11 03:38:52.544 28267 28288 I native-activity: Frame 419 time is 56.608ms
04-11 03:38:52.545 28267 28288 I native-activity: Swap 419 time is 57.084ms
04-11 03:38:52.545 28267 28288 I native-activity: Animating
04-11 03:38:52.668 28267 28288 I native-activity: Frame 420 GL error is 0x506
04-11 03:38:52.668 28267 28288 I native-activity: Frame 420 time is 123.035ms
04-11 03:38:52.668 28267 28288 I native-activity: Swap 420 time is 123.223ms
04-11 03:38:52.669 28267 28288 I native-activity: Animating
04-11 03:38:52.689 28267 28288 I native-activity: Frame 421 GL error is 0x506
