04-11 03:36:46.324 26775 26796 I native-activity: Frame 726 time is 32.193ms
04-11 03:36:46.324 26775 26796 I native-activity: Doing egl_swapbuffers_sync 2
04-11 03:36:46.326 26775 26796 I native-activity: Swap 726 time is 33.719ms
04-11 03:36:46.326 26775 26796 I native-activity: Animating
04-11 03:36:46.365 26775 26796 I native-activity: Frame 727 GL error is 0x506
04-11 03:36:46.366 26775 26796 I native-activity: Frame 727 time is 39.760ms
04-11 03:36:46.366 26775 26796 I native-activity: Doing egl_swapbuffers_sync 2
04-11 03:36:46.370 26775 26796 I native-activity: Swap 727 time is 44.162ms
04-11 03:36:46.370 26775 26796 I native-activity: Animating
04-11 03:36:46.386 25340 27579 I MusicLeanback: Conditions not met for autocaching.
04-11 03:36:46.386 25340 27579 I MusicLeanback: Stop autocaching.
04-11 03:36:46.403 26775 26796 I native-activity: Frame 728 GL error is 0x506
04-11 03:36:46.403 26775 26796 I native-activity: Frame 728 time is 32.443ms
04-11 03:36:46.403 26775 26796 I native-activity: Doing egl_swapbuffers_sync 2
04-11 03:36:46.404 26775 26796 I native-activity: Swap 728 time is 33.219ms
04-11 03:36:46.404 26775 26796 I native-activity: Animating
04-11 03:36:46.433 26775 26796 I native-activity: Frame 729 GL error is 0x506
04-11 03:36:46.433 26775 26796 I native-activity: Frame 729 time is 28.731ms
04-11 03:36:46.433 26775 26796 I native-activity: Doing egl_swapbuffers_sync 2
04-11 03:36:46.433 26775 26796 I native-activity: Swap 729 time is 29.205ms
04-11 03:36:46.433 26775 26796 I native-activity: Animating
04-11 03:36:46.458 26775 26796 I native-activity: Frame 730 GL error is 0x506
04-11 03:36:46.458 26775 26796 I native-activity: Frame 730 time is 24.375ms
04-11 03:36:46.458 26775 26796 I native-activity: Doing egl_swapbuffers_sync 2
04-11 03:36:46.458 26775 26796 I native-activity: Swap 730 time is 24.884ms
04-11 03:36:46.458 26775 26796 I native-activity: Animating
04-11 03:36:46.488 26775 26796 I native-activity: Frame 731 GL error is 0x506
04-11 03:36:46.489 26775 26796 I native-activity: Frame 731 time is 30.332ms
04-11 03:36:46.489 26775 26796 I native-activity: Doing egl_swapbuffers_sync 2
04-11 03:36:46.490 26775 26796 I native-activity: Swap 731 time is 31.257ms
04-11 03:36:46.490 26775 26796 I native-activity: Animating
04-11 03:36:46.500  8277 27578 I CheckinTask: Get token from PseudonymousIdApi: 100=QI89i1muOz-6tFALarPEg9o2BY39gu-bMEBRrltZpMFqAb1Nd7HEy-edS9bMZSI5rbefHo8KHK4XYv22kOXxSIUb8mtzdJIcsK7Sw0QZMBUVkUGYGaCPuI-EpboXqYCx
04-11 03:36:46.502  8277 27578 I CheckinRequestBuilder: Checkin reason type: 8 attempt count: 1
04-11 03:36:46.506  8277 27578 E ActivityThread: Failed to find provider info for com.google.android.wearable.settings
04-11 03:36:46.526 26775 26796 I native-activity: Frame 732 GL error is 0x506
04-11 03:36:46.526 26775 26796 I native-activity: Frame 732 time is 36.355ms
04-11 03:36:46.526 26775 26796 I native-activity: Doing egl_swapbuffers_sync 2
04-11 03:36:46.527 26775 26796 I native-activity: Swap 732 time is 36.916ms
04-11 03:36:46.527 26775 26796 I native-activity: Animating
04-11 03:36:46.555 26775 26796 I native-activity: Frame 733 GL error is 0x506
04-11 03:36:46.555 26775 26796 I native-activity: Frame 733 time is 27.892ms
04-11 03:36:46.555 26775 26796 I native-activity: Doing egl_swapbuffers_sync 2
04-11 03:36:46.556 26775 26796 I native-activity: Swap 733 time is 28.661ms
04-11 03:36:46.556 26775 26796 I native-activity: Animating
04-11 03:36:46.585 26775 26796 I native-activity: Frame 734 GL error is 0x506
04-11 03:36:46.585 26775 26796 I native-activity: Frame 734 time is 29.492ms
04-11 03:36:46.585 26775 26796 I native-activity: Doing egl_swapbuffers_sync 2
04-11 03:36:46.586 26775 26796 I native-activity: Swap 734 time is 30.042ms
04-11 03:36:46.586 26775 26796 I native-activity: Animating
04-11 03:36:46.613 26775 26796 I native-activity: Frame 735 GL error is 0x506
04-11 03:36:46.613 26775 26796 I native-activity: Frame 735 time is 26.965ms
04-11 03:36:46.613 26775 26796 I native-activity: Doing egl_swapbuffers_sync 2
04-11 03:36:46.613 26775 26796 I native-activity: Swap 735 time is 27.520ms
04-11 03:36:46.614 26775 26796 I native-activity: Animating
04-11 03:36:46.643 26775 26796 I native-activity: Frame 736 GL error is 0x506
04-11 03:36:46.643 26775 26796 I native-activity: Frame 736 time is 29.709ms
04-11 03:36:46.643 26775 26796 I native-activity: Doing egl_swapbuffers_sync 2
04-11 03:36:46.644 26775 26796 I native-activity: Swap 736 time is 30.385ms
04-11 03:36:46.644 26775 26796 I native-activity: Animating
04-11 03:36:46.670  8277 27578 I CheckinRequestBuilder: Unknown state of subscriptions on the device
04-11 03:36:46.684 26775 26796 I native-activity: Frame 737 GL error is 0x506
04-11 03:36:46.684 26775 26796 I native-activity: Frame 737 time is 39.986ms
04-11 03:36:46.684 26775 26796 I native-activity: Doing egl_swapbuffers_sync 2
04-11 03:36:46.688 26775 26796 I native-activity: Swap 737 time is 44.071ms
04-11 03:36:46.689 26775 26796 I native-activity: Animating
04-11 03:36:46.719 26775 26796 I native-activity: Frame 738 GL error is 0x506
04-11 03:36:46.719 26775 26796 I native-activity: Frame 738 time is 30.708ms
04-11 03:36:46.719 26775 26796 I native-activity: Doing egl_swapbuffers_sync 2
04-11 03:36:46.720 26775 26796 I native-activity: Swap 738 time is 31.262ms
04-11 03:36:46.720 26775 26796 I native-activity: Animating
04-11 03:36:46.734  8230  2605 E Auth    : [GoogleAccountDataServiceImpl] getToken() -> NETWORK_ERROR. Account: <ELLIDED:-1617149110>, App: com.google.android.gms, Service: AndroidCheckInServer
04-11 03:36:46.735  8230  2605 W Auth    : [GetToken] GetToken failed with status code: NetworkError
04-11 03:36:46.742  8277 27578 W CheckinRequestBuilder: error reading account token
04-11 03:36:46.742  8277 27578 W CheckinRequestBuilder: java.io.IOException: NetworkError
04-11 03:36:46.742  8277 27578 W CheckinRequestBuilder: 	at eai.a(:com.google.android.gms:1457)
04-11 03:36:46.742  8277 27578 W CheckinRequestBuilder: 	at eah.a(:com.google.android.gms:752)
04-11 03:36:46.742  8277 27578 W CheckinRequestBuilder: 	at eah.e(:com.google.android.gms:463)
04-11 03:36:46.742  8277 27578 W CheckinRequestBuilder: 	at eaf.f(:com.google.android.gms:3562)
04-11 03:36:46.742  8277 27578 W CheckinRequestBuilder: 	at eaf.a(:com.google.android.gms:2160)
04-11 03:36:46.742  8277 27578 W CheckinRequestBuilder: 	at jga.a(:com.google.android.gms:920)
04-11 03:36:46.742  8277 27578 W CheckinRequestBuilder: 	at jgf.a(:com.google.android.gms:506)
04-11 03:36:46.742  8277 27578 W CheckinRequestBuilder: 	at jgf.a(:com.google.android.gms:323)
04-11 03:36:46.742  8277 27578 W CheckinRequestBuilder: 	at jfw.a(:com.google.android.gms:1213)
04-11 03:36:46.742  8277 27578 W CheckinRequestBuilder: 	at jfw.doInBackground(:com.google.android.gms:1154)
04-11 03:36:46.742  8277 27578 W CheckinRequestBuilder: 	at android.os.AsyncTask$2.call(AsyncTask.java:292)
04-11 03:36:46.742  8277 27578 W CheckinRequestBuilder: 	at java.util.concurrent.FutureTask.run(FutureTask.java:237)
04-11 03:36:46.742  8277 27578 W CheckinRequestBuilder: 	at java.lang.Thread.run(Thread.java:818)
04-11 03:36:46.749 26775 26796 I native-activity: Frame 739 GL error is 0x506
04-11 03:36:46.749 26775 26796 I native-activity: Frame 739 time is 29.048ms
04-11 03:36:46.749 26775 26796 I native-activity: Doing egl_swapbuffers_sync 2
04-11 03:36:46.750 26775 26796 I native-activity: Swap 739 time is 29.557ms
04-11 03:36:46.750 26775 26796 I native-activity: Animating
04-11 03:36:46.779 26775 26796 I native-activity: Frame 740 GL error is 0x506
04-11 03:36:46.779 26775 26796 I native-activity: Frame 740 time is 29.011ms
04-11 03:36:46.779 26775 26796 I native-activity: Doing egl_swapbuffers_sync 2
04-11 03:36:46.786 26775 26796 I native-activity: Swap 740 time is 35.683ms
04-11 03:36:46.786 26775 26796 I native-activity: Animating
04-11 03:36:46.824 26775 26796 I native-activity: Frame 741 GL error is 0x506
04-11 03:36:46.824 26775 26796 I native-activity: Frame 741 time is 37.595ms
04-11 03:36:46.824 26775 26796 I native-activity: Doing egl_swapbuffers_sync 2
04-11 03:36:46.825 26775 26796 I native-activity: Swap 741 time is 38.916ms
04-11 03:36:46.825 26775 26796 I native-activity: Animating
04-11 03:36:46.854   124  9026 I WVCdm   : CdmEngine::OpenSession
04-11 03:36:46.854   124  9026 I WVCdm   : Level3 Library Dec 11 2014 16:13:16
04-11 03:36:46.876 26775 26796 I native-activity: Frame 742 GL error is 0x506
04-11 03:36:46.876 26775 26796 I native-activity: Frame 742 time is 50.497ms
04-11 03:36:46.876 26775 26796 I native-activity: Doing egl_swapbuffers_sync 2
04-11 03:36:46.876 26775 26796 I native-activity: Swap 742 time is 50.953ms
04-11 03:36:46.877 26775 26796 I native-activity: Animating
04-11 03:36:46.888   124  9026 W WVCdm   : Could not read /data/mediadrm/IDM1013/ay64.dat2: No such file or directory
04-11 03:36:46.889   124  9026 W WVCdm   : Could not load liboemcrypto.so. Falling Back to L3.  dlopen failed: library "liboemcrypto.so" not found
04-11 03:36:46.913 26775 26796 I native-activity: Frame 743 GL error is 0x506
04-11 03:36:46.913 26775 26796 I native-activity: Frame 743 time is 36.684ms
04-11 03:36:46.913 26775 26796 I native-activity: Doing egl_swapbuffers_sync 2
04-11 03:36:46.914 26775 26796 I native-activity: Swap 743 time is 37.107ms
04-11 03:36:46.914 26775 26796 I native-activity: Animating
04-11 03:36:46.938   124 14861 I WVCdm   : CdmEngine::OpenSession
04-11 03:36:46.943 26775 26796 I native-activity: Frame 744 GL error is 0x506
04-11 03:36:46.943 26775 26796 I native-activity: Frame 744 time is 29.564ms
04-11 03:36:46.943 26775 26796 I native-activity: Doing egl_swapbuffers_sync 2
04-11 03:36:46.944 26775 26796 I native-activity: Swap 744 time is 30.123ms
04-11 03:36:46.944 26775 26796 I native-activity: Animating
04-11 03:36:46.969 26775 26796 I native-activity: Frame 745 GL error is 0x506
04-11 03:36:46.970 26775 26796 I native-activity: Frame 745 time is 25.391ms
04-11 03:36:46.970 26775 26796 I native-activity: Doing egl_swapbuffers_sync 2
04-11 03:36:46.970 26775 26796 I native-activity: Swap 745 time is 25.770ms
04-11 03:36:46.970 26775 26796 I native-activity: Animating
04-11 03:36:46.973   124  9026 I WVCdm   : CdmEngine::QueryKeyControlInfo
04-11 03:36:46.974   124 20012 W WVCdm   : BufferReader::Read<T> : Failure during parse: Not enough bytes (4)
04-11 03:36:46.974   124 20012 W WVCdm   : CdmEngine::ExtractWidevinePssh: Unable to read PSSH atom size
04-11 03:36:46.974   124 20012 I WVCdm   : CdmEngine::GenerateKeyRequest
04-11 03:36:47.006 26775 26796 I native-activity: Frame 746 GL error is 0x506
04-11 03:36:47.006 26775 26796 I native-activity: Frame 746 time is 35.339ms
04-11 03:36:47.006 26775 26796 I native-activity: Doing egl_swapbuffers_sync 2
04-11 03:36:47.006 26775 26796 I native-activity: Swap 746 time is 35.735ms
04-11 03:36:47.006 26775 26796 I native-activity: Animating
04-11 03:36:47.032 26775 26796 I native-activity: Frame 747 GL error is 0x506
04-11 03:36:47.032 26775 26796 I native-activity: Frame 747 time is 25.822ms
04-11 03:36:47.032 26775 26796 I native-activity: Doing egl_swapbuffers_sync 2
04-11 03:36:47.032 26775 26796 I native-activity: Swap 747 time is 26.214ms
04-11 03:36:47.032 26775 26796 I native-activity: Animating
04-11 03:36:47.056   124 14861 I WVCdm   : CdmEngine::QueryKeyControlInfo
04-11 03:36:47.058   124 11351 W WVCdm   : BufferReader::Read<T> : Failure during parse: Not enough bytes (4)
04-11 03:36:47.058   124 11351 W WVCdm   : CdmEngine::ExtractWidevinePssh: Unable to read PSSH atom size
04-11 03:36:47.058   124 11351 I WVCdm   : CdmEngine::GenerateKeyRequest
04-11 03:36:47.065   124 20012 D WVCdm   : PrepareKeyRequest: nonce=1414077892
04-11 03:36:47.066 26775 26796 I native-activity: Frame 748 GL error is 0x506
04-11 03:36:47.066 26775 26796 I native-activity: Frame 748 time is 33.497ms
04-11 03:36:47.066 26775 26796 I native-activity: Doing egl_swapbuffers_sync 2
04-11 03:36:47.067 26775 26796 I native-activity: Swap 748 time is 34.079ms
04-11 03:36:47.067 26775 26796 I native-activity: Animating
04-11 03:36:47.092 26775 26796 I native-activity: Frame 749 GL error is 0x506
04-11 03:36:47.092 26775 26796 I native-activity: Frame 749 time is 25.672ms
04-11 03:36:47.092 26775 26796 I native-activity: Doing egl_swapbuffers_sync 2
04-11 03:36:47.093 26775 26796 I native-activity: Swap 749 time is 26.078ms
04-11 03:36:47.093 26775 26796 I native-activity: Animating
04-11 03:36:47.120 26775 26796 I native-activity: Frame 750 GL error is 0x506
04-11 03:36:47.120 26775 26796 I native-activity: Frame 750 time is 26.801ms
04-11 03:36:47.120 26775 26796 I native-activity: Doing egl_swapbuffers_sync 2
04-11 03:36:47.120 26775 26796 I native-activity: Swap 750 time is 27.465ms
04-11 03:36:47.120 26775 26796 I native-activity: Animating
04-11 03:36:47.155 26775 26796 I native-activity: Frame 751 GL error is 0x506
04-11 03:36:47.155 26775 26796 I native-activity: Frame 751 time is 34.781ms
04-11 03:36:47.155 26775 26796 I native-activity: Doing egl_swapbuffers_sync 2
04-11 03:36:47.156 26775 26796 I native-activity: Swap 751 time is 35.169ms
04-11 03:36:47.156 26775 26796 I native-activity: Animating
04-11 03:36:47.182 26775 26796 I native-activity: Frame 752 GL error is 0x506
04-11 03:36:47.182 26775 26796 I native-activity: Frame 752 time is 26.162ms
04-11 03:36:47.182 26775 26796 I native-activity: Doing egl_swapbuffers_sync 2
04-11 03:36:47.182 26775 26796 I native-activity: Swap 752 time is 26.537ms
04-11 03:36:47.182 26775 26796 I native-activity: Animating
04-11 03:36:47.207 26775 26796 I native-activity: Frame 753 GL error is 0x506
04-11 03:36:47.207 26775 26796 I native-activity: Frame 753 time is 24.678ms
04-11 03:36:47.207 26775 26796 I native-activity: Doing egl_swapbuffers_sync 2
04-11 03:36:47.208 26775 26796 I native-activity: Swap 753 time is 25.067ms
04-11 03:36:47.208 26775 26796 I native-activity: Animating
04-11 03:36:47.229 26775 26796 I native-activity: Frame 754 GL error is 0x506
04-11 03:36:47.230 26775 26796 I native-activity: Frame 754 time is 21.909ms
04-11 03:36:47.230 26775 26796 I native-activity: Doing egl_swapbuffers_sync 2
04-11 03:36:47.231 26775 26796 I native-activity: Swap 754 time is 23.532ms
04-11 03:36:47.231 26775 26796 I native-activity: Animating
04-11 03:36:47.257 26775 26796 I native-activity: Frame 755 GL error is 0x506
04-11 03:36:47.257 26775 26796 I native-activity: Frame 755 time is 25.188ms
04-11 03:36:47.257 26775 26796 I native-activity: Doing egl_swapbuffers_sync 2
04-11 03:36:47.257 26775 26796 I native-activity: Swap 755 time is 25.969ms
04-11 03:36:47.258 26775 26796 I native-activity: Animating
04-11 03:36:47.278 26775 26796 I native-activity: Frame 756 GL error is 0x506
04-11 03:36:47.278 26775 26796 I native-activity: Frame 756 time is 20.083ms
04-11 03:36:47.278 26775 26796 I native-activity: Doing egl_swapbuffers_sync 2
04-11 03:36:47.279 26775 26796 I native-activity: Swap 756 time is 21.392ms
04-11 03:36:47.279 26775 26796 I native-activity: Animating
04-11 03:36:47.300 26775 26796 I native-activity: Frame 757 GL error is 0x506
04-11 03:36:47.300 26775 26796 I native-activity: Frame 757 time is 20.215ms
04-11 03:36:47.300 26775 26796 I native-activity: Doing egl_swapbuffers_sync 2
04-11 03:36:47.302 26775 26796 I native-activity: Swap 757 time is 22.473ms
04-11 03:36:47.302 26775 26796 I native-activity: Animating
04-11 03:36:47.324 26775 26796 I native-activity: Frame 758 GL error is 0x506
04-11 03:36:47.324 26775 26796 I native-activity: Frame 758 time is 21.333ms
04-11 03:36:47.324 26775 26796 I native-activity: Doing egl_swapbuffers_sync 2
04-11 03:36:47.325 26775 26796 I native-activity: Swap 758 time is 22.431ms
04-11 03:36:47.325 26775 26796 I native-activity: Animating
04-11 03:36:47.345 26775 26796 I native-activity: Frame 759 GL error is 0x506
04-11 03:36:47.345 26775 26796 I native-activity: Frame 759 time is 20.227ms
04-11 03:36:47.345 26775 26796 I native-activity: Doing egl_swapbuffers_sync 2
04-11 03:36:47.346 26775 26796 I native-activity: Swap 759 time is 20.688ms
04-11 03:36:47.346 26775 26796 I native-activity: Animating
04-11 03:36:47.376 26775 26796 I native-activity: Frame 760 GL error is 0x506
04-11 03:36:47.376 26775 26796 I native-activity: Frame 760 time is 30.101ms
04-11 03:36:47.376 26775 26796 I native-activity: Doing egl_swapbuffers_sync 2
04-11 03:36:47.377 26775 26796 I native-activity: Swap 760 time is 31.161ms
04-11 03:36:47.378 26775 26796 I native-activity: Animating
04-11 03:36:47.416 26775 26796 I native-activity: Frame 761 GL error is 0x506
04-11 03:36:47.416 26775 26796 I native-activity: Frame 761 time is 38.811ms
04-11 03:36:47.416 26775 26796 I native-activity: Doing egl_swapbuffers_sync 2
04-11 03:36:47.417 26775 26796 I native-activity: Swap 761 time is 39.218ms
04-11 03:36:47.417 26775 26796 I native-activity: Animating
04-11 03:36:47.456 26775 26796 I native-activity: Frame 762 GL error is 0x506
04-11 03:36:47.456 26775 26796 I native-activity: Frame 762 time is 39.029ms
04-11 03:36:47.456 26775 26796 I native-activity: Doing egl_swapbuffers_sync 2
04-11 03:36:47.456 26775 26796 I native-activity: Swap 762 time is 39.412ms
04-11 03:36:47.456 26775 26796 I native-activity: Animating
04-11 03:36:47.484 26775 26796 I native-activity: Frame 763 GL error is 0x506
04-11 03:36:47.484 26775 26796 I native-activity: Frame 763 time is 27.201ms
04-11 03:36:47.484 26775 26796 I native-activity: Doing egl_swapbuffers_sync 2
04-11 03:36:47.489 26775 26796 I native-activity: Swap 763 time is 32.694ms
04-11 03:36:47.489 26775 26796 I native-activity: Animating
04-11 03:36:47.513 26775 26796 I native-activity: Frame 764 GL error is 0x506
04-11 03:36:47.513 26775 26796 I native-activity: Frame 764 time is 23.598ms
04-11 03:36:47.513 26775 26796 I native-activity: Doing egl_swapbuffers_sync 2
04-11 03:36:47.514 26775 26796 I native-activity: Swap 764 time is 24.202ms
04-11 03:36:47.514 26775 26796 I native-activity: Animating
04-11 03:36:47.542 26775 26796 I native-activity: Frame 765 GL error is 0x506
04-11 03:36:47.542 26775 26796 I native-activity: Frame 765 time is 28.617ms
04-11 03:36:47.542 26775 26796 I native-activity: Doing egl_swapbuffers_sync 2
04-11 03:36:47.543 26775 26796 I native-activity: Swap 765 time is 28.998ms
04-11 03:36:47.543 26775 26796 I native-activity: Animating
04-11 03:36:47.573 26775 26796 I native-activity: Frame 766 GL error is 0x506
04-11 03:36:47.573 26775 26796 I native-activity: Frame 766 time is 30.077ms
04-11 03:36:47.573 26775 26796 I native-activity: Doing egl_swapbuffers_sync 2
04-11 03:36:47.573 26775 26796 I native-activity: Swap 766 time is 30.571ms
04-11 03:36:47.574 26775 26796 I native-activity: Animating
04-11 03:36:47.600 26775 26796 I native-activity: Frame 767 GL error is 0x506
04-11 03:36:47.600 26775 26796 I native-activity: Frame 767 time is 26.199ms
04-11 03:36:47.600 26775 26796 I native-activity: Doing egl_swapbuffers_sync 2
04-11 03:36:47.601 26775 26796 I native-activity: Swap 767 time is 26.854ms
04-11 03:36:47.601 26775 26796 I native-activity: Animating
04-11 03:36:47.629 26775 26796 I native-activity: Frame 768 GL error is 0x506
04-11 03:36:47.630 26775 26796 I native-activity: Frame 768 time is 28.846ms
04-11 03:36:47.630 26775 26796 I native-activity: Doing egl_swapbuffers_sync 2
04-11 03:36:47.630 26775 26796 I native-activity: Swap 768 time is 29.462ms
04-11 03:36:47.630 26775 26796 I native-activity: Animating
04-11 03:36:47.659 26775 26796 I native-activity: Frame 769 GL error is 0x506
04-11 03:36:47.659 26775 26796 I native-activity: Frame 769 time is 28.837ms
04-11 03:36:47.659 26775 26796 I native-activity: Doing egl_swapbuffers_sync 2
04-11 03:36:47.660 26775 26796 I native-activity: Swap 769 time is 29.250ms
04-11 03:36:47.660 26775 26796 I native-activity: Animating
04-11 03:36:47.685 26775 26796 I native-activity: Frame 770 GL error is 0x506
04-11 03:36:47.685 26775 26796 I native-activity: Frame 770 time is 25.498ms
04-11 03:36:47.685 26775 26796 I native-activity: Doing egl_swapbuffers_sync 2
04-11 03:36:47.685 26775 26796 I native-activity: Swap 770 time is 25.874ms
04-11 03:36:47.686 26775 26796 I native-activity: Animating
04-11 03:36:47.713 26775 26796 I native-activity: Frame 771 GL error is 0x506
04-11 03:36:47.714 26775 26796 I native-activity: Frame 771 time is 27.930ms
04-11 03:36:47.714 26775 26796 I native-activity: Doing egl_swapbuffers_sync 2
04-11 03:36:47.714 26775 26796 I native-activity: Swap 771 time is 28.306ms
04-11 03:36:47.714 26775 26796 I native-activity: Animating
04-11 03:36:47.740 26775 26796 I native-activity: Frame 772 GL error is 0x506
04-11 03:36:47.740 26775 26796 I native-activity: Frame 772 time is 26.143ms
04-11 03:36:47.740 26775 26796 I native-activity: Doing egl_swapbuffers_sync 2
04-11 03:36:47.741 26775 26796 I native-activity: Swap 772 time is 26.554ms
04-11 03:36:47.741 26775 26796 I native-activity: Animating
04-11 03:36:47.767 26775 26796 I native-activity: Frame 773 GL error is 0x506
04-11 03:36:47.767 26775 26796 I native-activity: Frame 773 time is 26.526ms
04-11 03:36:47.767 26775 26796 I native-activity: Doing egl_swapbuffers_sync 2
04-11 03:36:47.768 26775 26796 I native-activity: Swap 773 time is 26.960ms
04-11 03:36:47.768 26775 26796 I native-activity: Animating
04-11 03:36:47.796 26775 26796 I native-activity: Frame 774 GL error is 0x506
04-11 03:36:47.796 26775 26796 I native-activity: Frame 774 time is 28.405ms
04-11 03:36:47.796 26775 26796 I native-activity: Doing egl_swapbuffers_sync 2
04-11 03:36:47.797 26775 26796 I native-activity: Swap 774 time is 28.782ms
04-11 03:36:47.797 26775 26796 I native-activity: Animating
04-11 03:36:47.825 26775 26796 I native-activity: Frame 775 GL error is 0x506
04-11 03:36:47.825 26775 26796 I native-activity: Frame 775 time is 28.553ms
04-11 03:36:47.825 26775 26796 I native-activity: Doing egl_swapbuffers_sync 2
04-11 03:36:47.826 26775 26796 I native-activity: Swap 775 time is 28.933ms
04-11 03:36:47.826 26775 26796 I native-activity: Animating
04-11 03:36:47.849 26775 26796 I native-activity: Frame 776 GL error is 0x506
04-11 03:36:47.849 26775 26796 I native-activity: Frame 776 time is 23.625ms
04-11 03:36:47.849 26775 26796 I native-activity: Doing egl_swapbuffers_sync 2
04-11 03:36:47.850 26775 26796 I native-activity: Swap 776 time is 24.589ms
04-11 03:36:47.850 26775 26796 I native-activity: Animating
04-11 03:36:47.875 26775 26796 I native-activity: Frame 777 GL error is 0x506
04-11 03:36:47.876 26775 26796 I native-activity: Frame 777 time is 25.038ms
04-11 03:36:47.876 26775 26796 I native-activity: Doing egl_swapbuffers_sync 2
04-11 03:36:47.876 26775 26796 I native-activity: Swap 777 time is 25.894ms
04-11 03:36:47.876 26775 26796 I native-activity: Animating
04-11 03:36:47.897 26775 26796 I native-activity: Frame 778 GL error is 0x506
04-11 03:36:47.898 26775 26796 I native-activity: Frame 778 time is 20.960ms
04-11 03:36:47.898 26775 26796 I native-activity: Doing egl_swapbuffers_sync 2
04-11 03:36:47.898 26775 26796 I native-activity: Swap 778 time is 21.889ms
04-11 03:36:47.899 26775 26796 I native-activity: Animating
04-11 03:36:47.918 26775 26796 I native-activity: Frame 779 GL error is 0x506
04-11 03:36:47.918 26775 26796 I native-activity: Frame 779 time is 19.408ms
04-11 03:36:47.918 26775 26796 I native-activity: Doing egl_swapbuffers_sync 2
04-11 03:36:47.919 26775 26796 I native-activity: Swap 779 time is 20.338ms
04-11 03:36:47.919 26775 26796 I native-activity: Animating
04-11 03:36:47.954 26775 26796 I native-activity: Frame 780 GL error is 0x506
04-11 03:36:47.954 26775 26796 I native-activity: Frame 780 time is 35.091ms
04-11 03:36:47.954 26775 26796 I native-activity: Doing egl_swapbuffers_sync 2
04-11 03:36:47.955 26775 26796 I native-activity: Swap 780 time is 35.497ms
04-11 03:36:47.955 26775 26796 I native-activity: Animating
04-11 03:36:47.983 26775 26796 I native-activity: Frame 781 GL error is 0x506
04-11 03:36:47.983 26775 26796 I native-activity: Frame 781 time is 27.925ms
04-11 03:36:47.983 26775 26796 I native-activity: Doing egl_swapbuffers_sync 2
04-11 03:36:47.983 26775 26796 I native-activity: Swap 781 time is 28.325ms
04-11 03:36:47.983 26775 26796 I native-activity: Animating
04-11 03:36:48.017 26775 26796 I native-activity: Frame 782 GL error is 0x506
04-11 03:36:48.017 26775 26796 I native-activity: Frame 782 time is 34.021ms
04-11 03:36:48.017 26775 26796 I native-activity: Doing egl_swapbuffers_sync 2
04-11 03:36:48.018 26775 26796 I native-activity: Swap 782 time is 34.401ms
04-11 03:36:48.018 26775 26796 I native-activity: Animating
04-11 03:36:48.045 26775 26796 I native-activity: Frame 783 GL error is 0x506
04-11 03:36:48.045 26775 26796 I native-activity: Frame 783 time is 27.381ms
04-11 03:36:48.045 26775 26796 I native-activity: Doing egl_swapbuffers_sync 2
04-11 03:36:48.046 26775 26796 I native-activity: Swap 783 time is 27.820ms
04-11 03:36:48.046 26775 26796 I native-activity: Animating
04-11 03:36:48.073 26775 26796 I native-activity: Frame 784 GL error is 0x506
04-11 03:36:48.073 26775 26796 I native-activity: Frame 784 time is 27.027ms
04-11 03:36:48.073 26775 26796 I native-activity: Doing egl_swapbuffers_sync 2
04-11 03:36:48.074 26775 26796 I native-activity: Swap 784 time is 27.962ms
04-11 03:36:48.074 26775 26796 I native-activity: Animating
04-11 03:36:48.102 26775 26796 I native-activity: Frame 785 GL error is 0x506
04-11 03:36:48.102 26775 26796 I native-activity: Frame 785 time is 28.384ms
04-11 03:36:48.102 26775 26796 I native-activity: Doing egl_swapbuffers_sync 2
04-11 03:36:48.103 26775 26796 I native-activity: Swap 785 time is 28.881ms
04-11 03:36:48.103 26775 26796 I native-activity: Animating
04-11 03:36:48.138 26775 26796 I native-activity: Frame 786 GL error is 0x506
04-11 03:36:48.138 26775 26796 I native-activity: Frame 786 time is 35.228ms
04-11 03:36:48.138 26775 26796 I native-activity: Doing egl_swapbuffers_sync 2
04-11 03:36:48.139 26775 26796 I native-activity: Swap 786 time is 35.606ms
04-11 03:36:48.139 26775 26796 I native-activity: Animating
04-11 03:36:48.159 26775 26796 I native-activity: Frame 787 GL error is 0x506
04-11 03:36:48.160 26775 26796 I native-activity: Frame 787 time is 20.806ms
04-11 03:36:48.160 26775 26796 I native-activity: Doing egl_swapbuffers_sync 2
04-11 03:36:48.161 26775 26796 I native-activity: Swap 787 time is 22.051ms
04-11 03:36:48.161 26775 26796 I native-activity: Animating
04-11 03:36:48.202 26775 26796 I native-activity: Frame 788 GL error is 0x506
04-11 03:36:48.202 26775 26796 I native-activity: Frame 788 time is 40.723ms
04-11 03:36:48.202 26775 26796 I native-activity: Doing egl_swapbuffers_sync 2
04-11 03:36:48.213 26775 26796 I native-activity: Swap 788 time is 52.219ms
04-11 03:36:48.213 26775 26796 I native-activity: Animating
04-11 03:36:48.238 26775 26796 I native-activity: Frame 789 GL error is 0x506
04-11 03:36:48.238 26775 26796 I native-activity: Frame 789 time is 24.270ms
04-11 03:36:48.238 26775 26796 I native-activity: Doing egl_swapbuffers_sync 2
04-11 03:36:48.238 26775 26796 I native-activity: Swap 789 time is 24.784ms
04-11 03:36:48.239 26775 26796 I native-activity: Animating
04-11 03:36:48.269 26775 26796 I native-activity: Frame 790 GL error is 0x506
04-11 03:36:48.269 26775 26796 I native-activity: Frame 790 time is 30.188ms
04-11 03:36:48.269 26775 26796 I native-activity: Doing egl_swapbuffers_sync 2
04-11 03:36:48.272 26775 26796 I native-activity: Swap 790 time is 33.550ms
04-11 03:36:48.272 26775 26796 I native-activity: Animating
04-11 03:36:48.293 26775 26796 I native-activity: Frame 791 GL error is 0x506
04-11 03:36:48.293 26775 26796 I native-activity: Frame 791 time is 20.683ms
04-11 03:36:48.293 26775 26796 I native-activity: Doing egl_swapbuffers_sync 2
04-11 03:36:48.295 26775 26796 I native-activity: Swap 791 time is 22.769ms
04-11 03:36:48.295 26775 26796 I native-activity: Animating
04-11 03:36:48.318 26775 26796 I native-activity: Frame 792 GL error is 0x506
04-11 03:36:48.318 26775 26796 I native-activity: Frame 792 time is 22.632ms
04-11 03:36:48.318 26775 26796 I native-activity: Doing egl_swapbuffers_sync 2
04-11 03:36:48.319 26775 26796 I native-activity: Swap 792 time is 23.126ms
04-11 03:36:48.319 26775 26796 I native-activity: Animating
04-11 03:36:48.337 26775 26796 I native-activity: Frame 793 GL error is 0x506
04-11 03:36:48.337 26775 26796 I native-activity: Frame 793 time is 18.597ms
04-11 03:36:48.337 26775 26796 I native-activity: Doing egl_swapbuffers_sync 2
04-11 03:36:48.346 26775 26796 I native-activity: Swap 793 time is 27.112ms
04-11 03:36:48.346 26775 26796 I native-activity: Animating
04-11 03:36:48.366 26775 26796 I native-activity: Frame 794 GL error is 0x506
04-11 03:36:48.366 26775 26796 I native-activity: Frame 794 time is 19.968ms
04-11 03:36:48.366 26775 26796 I native-activity: Doing egl_swapbuffers_sync 2
04-11 03:36:48.367 26775 26796 I native-activity: Swap 794 time is 21.159ms
04-11 03:36:48.368 26775 26796 I native-activity: Animating
04-11 03:36:48.439 26775 26796 I native-activity: Frame 795 GL error is 0x506
04-11 03:36:48.440 26775 26796 I native-activity: Frame 795 time is 71.865ms
04-11 03:36:48.440 26775 26796 I native-activity: Doing egl_swapbuffers_sync 2
04-11 03:36:48.442 26775 26796 I native-activity: Swap 795 time is 74.411ms
04-11 03:36:48.443 26775 26796 I native-activity: Animating
04-11 03:36:48.458 26775 26796 I native-activity: Frame 796 GL error is 0x506
04-11 03:36:48.458 26775 26796 I native-activity: Frame 796 time is 15.005ms
04-11 03:36:48.458 26775 26796 I native-activity: Doing egl_swapbuffers_sync 2
04-11 03:36:48.459 26775 26796 I native-activity: Swap 796 time is 15.787ms
04-11 03:36:48.459 26775 26796 I native-activity: Animating
04-11 03:36:48.473 26775 26796 I native-activity: Frame 797 GL error is 0x506
04-11 03:36:48.474 26775 26796 I native-activity: Frame 797 time is 14.712ms
04-11 03:36:48.474 26775 26796 I native-activity: Doing egl_swapbuffers_sync 2
04-11 03:36:48.475 26775 26796 I native-activity: Swap 797 time is 16.194ms
04-11 03:36:48.475 26775 26796 I native-activity: Animating
04-11 03:36:48.510 26775 26796 I native-activity: Frame 798 GL error is 0x506
04-11 03:36:48.510 26775 26796 I native-activity: Frame 798 time is 34.338ms
04-11 03:36:48.510 26775 26796 I native-activity: Doing egl_swapbuffers_sync 2
04-11 03:36:48.511 26775 26796 I native-activity: Swap 798 time is 35.764ms
04-11 03:36:48.511 26775 26796 I native-activity: Animating
04-11 03:36:48.591 26775 26796 I native-activity: Frame 799 GL error is 0x506
04-11 03:36:48.591 26775 26796 I native-activity: Frame 799 time is 79.985ms
04-11 03:36:48.591 26775 26796 I native-activity: Doing egl_swapbuffers_sync 2
04-11 03:36:48.592 26775 26796 I native-activity: Swap 799 time is 80.804ms
04-11 03:36:48.592 26775 26796 I native-activity: Animating
04-11 03:36:48.626 26775 26796 I native-activity: Frame 800 GL error is 0x506
04-11 03:36:48.626 26775 26796 I native-activity: Frame 800 time is 33.924ms
04-11 03:36:48.627 26775 26796 I native-activity: Doing egl_swapbuffers_sync 2
04-11 03:36:48.627 26775 26796 I native-activity: Swap 800 time is 34.738ms
04-11 03:36:48.627 26775 26796 I native-activity: Animating
04-11 03:36:48.659 26775 26796 I native-activity: Frame 801 GL error is 0x506
04-11 03:36:48.660 26775 26796 I native-activity: Frame 801 time is 32.072ms
04-11 03:36:48.660 26775 26796 I native-activity: Doing egl_swapbuffers_sync 2
04-11 03:36:48.660 26775 26796 I native-activity: Swap 801 time is 32.941ms
04-11 03:36:48.661 26775 26796 I native-activity: Animating
04-11 03:36:48.692 26775 26796 I native-activity: Frame 802 GL error is 0x506
04-11 03:36:48.692 26775 26796 I native-activity: Frame 802 time is 31.064ms
04-11 03:36:48.692 26775 26796 I native-activity: Doing egl_swapbuffers_sync 2
04-11 03:36:48.692 26775 26796 I native-activity: Swap 802 time is 31.521ms
04-11 03:36:48.692 26775 26796 I native-activity: Animating
04-11 03:36:48.723 26775 26796 I native-activity: Frame 803 GL error is 0x506
04-11 03:36:48.723 26775 26796 I native-activity: Frame 803 time is 30.410ms
04-11 03:36:48.723 26775 26796 I native-activity: Doing egl_swapbuffers_sync 2
04-11 03:36:48.723 26775 26796 I native-activity: Swap 803 time is 30.942ms
04-11 03:36:48.723 26775 26796 I native-activity: Animating
04-11 03:36:48.753 26775 26796 I native-activity: Frame 804 GL error is 0x506
04-11 03:36:48.753 26775 26796 I native-activity: Frame 804 time is 30.040ms
04-11 03:36:48.753 26775 26796 I native-activity: Doing egl_swapbuffers_sync 2
04-11 03:36:48.754 26775 26796 I native-activity: Swap 804 time is 30.709ms
04-11 03:36:48.754 26775 26796 I native-activity: Animating
04-11 03:36:48.786 26775 26796 I native-activity: Frame 805 GL error is 0x506
04-11 03:36:48.786 26775 26796 I native-activity: Frame 805 time is 31.978ms
04-11 03:36:48.786 26775 26796 I native-activity: Doing egl_swapbuffers_sync 2
04-11 03:36:48.787 26775 26796 I native-activity: Swap 805 time is 32.523ms
04-11 03:36:48.787 26775 26796 I native-activity: Animating
04-11 03:36:48.804 25234 25234 D Event   : No subscribers registered for event class com.tplink.hellotp.shared.o
04-11 03:36:48.804 25234 25234 D Event   : No subscribers registered for event class de.greenrobot.event.f
04-11 03:36:48.829 26775 26796 I native-activity: Frame 806 GL error is 0x506
04-11 03:36:48.829 26775 26796 I native-activity: Frame 806 time is 42.398ms
04-11 03:36:48.829 26775 26796 I native-activity: Doing egl_swapbuffers_sync 2
04-11 03:36:48.837 26775 26796 I native-activity: Swap 806 time is 42.925ms
04-11 03:36:48.837 26775 26796 I native-activity: Animating
04-11 03:36:48.859 26775 26796 I native-activity: Frame 807 GL error is 0x506
04-11 03:36:48.859 26775 26796 I native-activity: Frame 807 time is 22.013ms
04-11 03:36:48.859 26775 26796 I native-activity: Doing egl_swapbuffers_sync 2
04-11 03:36:48.860 26775 26796 I native-activity: Swap 807 time is 22.546ms
04-11 03:36:48.860 26775 26796 I native-activity: Animating
04-11 03:36:48.894 26775 26796 I native-activity: Frame 808 GL error is 0x506
04-11 03:36:48.894 26775 26796 I native-activity: Frame 808 time is 34.496ms
04-11 03:36:48.894 26775 26796 I native-activity: Doing egl_swapbuffers_sync 2
04-11 03:36:48.895 26775 26796 I native-activity: Swap 808 time is 35.033ms
04-11 03:36:48.895 26775 26796 I native-activity: Animating
04-11 03:36:48.927 26775 26796 I native-activity: Frame 809 GL error is 0x506
04-11 03:36:48.927 26775 26796 I native-activity: Frame 809 time is 31.742ms
04-11 03:36:48.927 26775 26796 I native-activity: Doing egl_swapbuffers_sync 2
04-11 03:36:48.927 26775 26796 I native-activity: Swap 809 time is 32.298ms
04-11 03:36:48.927 26775 26796 I native-activity: Animating
04-11 03:36:48.956 26775 26796 I native-activity: Frame 810 GL error is 0x506
04-11 03:36:48.956 26775 26796 I native-activity: Frame 810 time is 28.959ms
04-11 03:36:48.956 26775 26796 I native-activity: Doing egl_swapbuffers_sync 2
04-11 03:36:48.957 26775 26796 I native-activity: Swap 810 time is 29.552ms
04-11 03:36:48.957 26775 26796 I native-activity: Animating
04-11 03:36:48.982 26775 26796 I native-activity: Frame 811 GL error is 0x506
04-11 03:36:48.982 26775 26796 I native-activity: Frame 811 time is 24.780ms
04-11 03:36:48.982 26775 26796 I native-activity: Doing egl_swapbuffers_sync 2
04-11 03:36:48.983 26775 26796 I native-activity: Swap 811 time is 25.269ms
04-11 03:36:48.983 26775 26796 I native-activity: Animating
04-11 03:36:49.016 26775 26796 I native-activity: Frame 812 GL error is 0x506
04-11 03:36:49.017 26775 26796 I native-activity: Frame 812 time is 33.862ms
04-11 03:36:49.017 26775 26796 I native-activity: Doing egl_swapbuffers_sync 2
04-11 03:36:49.018 26775 26796 I native-activity: Swap 812 time is 35.526ms
04-11 03:36:49.018 26775 26796 I native-activity: Animating
04-11 03:36:49.048 26775 26796 I native-activity: Frame 813 GL error is 0x506
04-11 03:36:49.048 26775 26796 I native-activity: Frame 813 time is 29.881ms
04-11 03:36:49.048 26775 26796 I native-activity: Doing egl_swapbuffers_sync 2
04-11 03:36:49.049 26775 26796 I native-activity: Swap 813 time is 30.386ms
04-11 03:36:49.049 26775 26796 I native-activity: Animating
04-11 03:36:49.077   124  6548 I WVCdm   : CdmEngine::CloseSession
04-11 03:36:49.088 26775 26796 I native-activity: Frame 814 GL error is 0x506
04-11 03:36:49.088 26775 26796 I native-activity: Frame 814 time is 39.322ms
04-11 03:36:49.088 26775 26796 I native-activity: Doing egl_swapbuffers_sync 2
04-11 03:36:49.091 26775 26796 I native-activity: Swap 814 time is 41.479ms
04-11 03:36:49.091 26775 26796 I native-activity: Animating
04-11 03:36:49.094   124 11351 D WVCdm   : PrepareKeyRequest: nonce=849483718
04-11 03:36:49.117 26775 26796 I native-activity: Frame 815 GL error is 0x506
04-11 03:36:49.117 26775 26796 I native-activity: Frame 815 time is 25.473ms
04-11 03:36:49.117 26775 26796 I native-activity: Doing egl_swapbuffers_sync 2
04-11 03:36:49.118 26775 26796 I native-activity: Swap 815 time is 26.251ms
04-11 03:36:49.118 26775 26796 I native-activity: Animating
04-11 03:36:49.141 26775 26796 I native-activity: Frame 816 GL error is 0x506
04-11 03:36:49.141 26775 26796 I native-activity: Frame 816 time is 22.807ms
04-11 03:36:49.141 26775 26796 I native-activity: Doing egl_swapbuffers_sync 2
04-11 03:36:49.142 26775 26796 I native-activity: Swap 816 time is 23.430ms
04-11 03:36:49.142 26775 26796 I native-activity: Animating
04-11 03:36:49.192 26775 26796 I native-activity: Frame 817 GL error is 0x506
04-11 03:36:49.192 26775 26796 I native-activity: Frame 817 time is 49.806ms
04-11 03:36:49.192 26775 26796 I native-activity: Doing egl_swapbuffers_sync 2
04-11 03:36:49.192 26775 26796 I native-activity: Swap 817 time is 50.337ms
04-11 03:36:49.192 26775 26796 I native-activity: Animating
04-11 03:36:49.220 26775 26796 I native-activity: Frame 818 GL error is 0x506
04-11 03:36:49.220 26775 26796 I native-activity: Frame 818 time is 27.935ms
04-11 03:36:49.220 26775 26796 I native-activity: Doing egl_swapbuffers_sync 2
04-11 03:36:49.221 26775 26796 I native-activity: Swap 818 time is 28.421ms
04-11 03:36:49.221 26775 26796 I native-activity: Animating
04-11 03:36:49.247 26775 26796 I native-activity: Frame 819 GL error is 0x506
04-11 03:36:49.247 26775 26796 I native-activity: Frame 819 time is 26.212ms
04-11 03:36:49.247 26775 26796 I native-activity: Doing egl_swapbuffers_sync 2
04-11 03:36:49.248 26775 26796 I native-activity: Swap 819 time is 26.777ms
04-11 03:36:49.248 26775 26796 I native-activity: Animating
04-11 03:36:49.272 26775 26796 I native-activity: Frame 820 GL error is 0x506
04-11 03:36:49.272 26775 26796 I native-activity: Frame 820 time is 23.992ms
04-11 03:36:49.272 26775 26796 I native-activity: Doing egl_swapbuffers_sync 2
04-11 03:36:49.272 26775 26796 I native-activity: Swap 820 time is 24.410ms
04-11 03:36:49.272 26775 26796 I native-activity: Animating
04-11 03:36:49.292 26775 26796 I native-activity: Frame 821 GL error is 0x506
04-11 03:36:49.292 26775 26796 I native-activity: Frame 821 time is 19.146ms
04-11 03:36:49.292 26775 26796 I native-activity: Doing egl_swapbuffers_sync 2
04-11 03:36:49.293 26775 26796 I native-activity: Swap 821 time is 20.128ms
04-11 03:36:49.293 26775 26796 I native-activity: Animating
04-11 03:36:49.309 26775 26796 I native-activity: Frame 822 GL error is 0x506
04-11 03:36:49.309 26775 26796 I native-activity: Frame 822 time is 16.217ms
04-11 03:36:49.309 26775 26796 I native-activity: Doing egl_swapbuffers_sync 2
04-11 03:36:49.311 26775 26796 I native-activity: Swap 822 time is 17.785ms
04-11 03:36:49.311 26775 26796 I native-activity: Animating
04-11 03:36:49.332 26775 26796 I native-activity: Frame 823 GL error is 0x506
04-11 03:36:49.332 26775 26796 I native-activity: Frame 823 time is 20.484ms
04-11 03:36:49.332 26775 26796 I native-activity: Doing egl_swapbuffers_sync 2
04-11 03:36:49.332 26775 26796 I native-activity: Swap 823 time is 20.941ms
04-11 03:36:49.332 26775 26796 I native-activity: Animating
04-11 03:36:49.361 26775 26796 I native-activity: Frame 824 GL error is 0x506
04-11 03:36:49.361 26775 26796 I native-activity: Frame 824 time is 29.148ms
04-11 03:36:49.361 26775 26796 I native-activity: Doing egl_swapbuffers_sync 2
04-11 03:36:49.362 26775 26796 I native-activity: Swap 824 time is 30.229ms
04-11 03:36:49.363 26775 26796 I native-activity: Animating
04-11 03:36:49.381 26775 26796 I native-activity: Frame 825 GL error is 0x506
04-11 03:36:49.381 26775 26796 I native-activity: Frame 825 time is 18.638ms
04-11 03:36:49.381 26775 26796 I native-activity: Doing egl_swapbuffers_sync 2
04-11 03:36:49.382 26775 26796 I native-activity: Swap 825 time is 19.241ms
04-11 03:36:49.382 26775 26796 I native-activity: Animating
04-11 03:36:49.405 26775 26796 I native-activity: Frame 826 GL error is 0x506
04-11 03:36:49.405 26775 26796 I native-activity: Frame 826 time is 22.545ms
04-11 03:36:49.405 26775 26796 I native-activity: Doing egl_swapbuffers_sync 2
04-11 03:36:49.405 26775 26796 I native-activity: Swap 826 time is 23.112ms
04-11 03:36:49.405 26775 26796 I native-activity: Animating
04-11 03:36:49.428 26775 26796 I native-activity: Frame 827 GL error is 0x506
04-11 03:36:49.428 26775 26796 I native-activity: Frame 827 time is 22.857ms
04-11 03:36:49.428 26775 26796 I native-activity: Doing egl_swapbuffers_sync 2
04-11 03:36:49.429 26775 26796 I native-activity: Swap 827 time is 23.279ms
04-11 03:36:49.429 26775 26796 I native-activity: Animating
04-11 03:36:49.452 26775 26796 I native-activity: Frame 828 GL error is 0x506
04-11 03:36:49.452 26775 26796 I native-activity: Frame 828 time is 23.390ms
04-11 03:36:49.452 26775 26796 I native-activity: Doing egl_swapbuffers_sync 2
04-11 03:36:49.453 26775 26796 I native-activity: Swap 828 time is 23.903ms
04-11 03:36:49.453 26775 26796 I native-activity: Animating
04-11 03:36:49.479 26775 26796 I native-activity: Frame 829 GL error is 0x506
04-11 03:36:49.479 26775 26796 I native-activity: Frame 829 time is 26.453ms
04-11 03:36:49.479 26775 26796 I native-activity: Doing egl_swapbuffers_sync 2
04-11 03:36:49.480 26775 26796 I native-activity: Swap 829 time is 27.248ms
04-11 03:36:49.480 26775 26796 I native-activity: Animating
04-11 03:36:49.507 26775 26796 I native-activity: Frame 830 GL error is 0x506
04-11 03:36:49.507 26775 26796 I native-activity: Frame 830 time is 27.103ms
04-11 03:36:49.508 26775 26796 I native-activity: Doing egl_swapbuffers_sync 2
04-11 03:36:49.508 26775 26796 I native-activity: Swap 830 time is 27.511ms
04-11 03:36:49.508 26775 26796 I native-activity: Animating
04-11 03:36:49.531 26775 26796 I native-activity: Frame 831 GL error is 0x506
04-11 03:36:49.531 26775 26796 I native-activity: Frame 831 time is 22.615ms
04-11 03:36:49.531 26775 26796 I native-activity: Doing egl_swapbuffers_sync 2
04-11 03:36:49.531 26775 26796 I native-activity: Swap 831 time is 23.284ms
04-11 03:36:49.531 26775 26796 I native-activity: Animating
04-11 03:36:49.554 26775 26796 I native-activity: Frame 832 GL error is 0x506
04-11 03:36:49.554 26775 26796 I native-activity: Frame 832 time is 22.516ms
04-11 03:36:49.554 26775 26796 I native-activity: Doing egl_swapbuffers_sync 2
04-11 03:36:49.554 26775 26796 I native-activity: Swap 832 time is 22.963ms
04-11 03:36:49.555 26775 26796 I native-activity: Animating
04-11 03:36:49.577 26775 26796 I native-activity: Frame 833 GL error is 0x506
04-11 03:36:49.577 26775 26796 I native-activity: Frame 833 time is 22.409ms
04-11 03:36:49.577 26775 26796 I native-activity: Doing egl_swapbuffers_sync 2
04-11 03:36:49.578 26775 26796 I native-activity: Swap 833 time is 23.188ms
04-11 03:36:49.578 26775 26796 I native-activity: Animating
04-11 03:36:49.602 26775 26796 I native-activity: Frame 834 GL error is 0x506
04-11 03:36:49.602 26775 26796 I native-activity: Frame 834 time is 24.071ms
04-11 03:36:49.602 26775 26796 I native-activity: Doing egl_swapbuffers_sync 2
04-11 03:36:49.603 26775 26796 I native-activity: Swap 834 time is 24.992ms
04-11 03:36:49.603 26775 26796 I native-activity: Animating
04-11 03:36:49.646 26775 26796 I native-activity: Frame 835 GL error is 0x506
04-11 03:36:49.646 26775 26796 I native-activity: Frame 835 time is 43.276ms
04-11 03:36:49.646 26775 26796 I native-activity: Doing egl_swapbuffers_sync 2
04-11 03:36:49.648 26775 26796 I native-activity: Swap 835 time is 44.877ms
04-11 03:36:49.648 26775 26796 I native-activity: Animating
04-11 03:36:49.672 26775 26796 I native-activity: Frame 836 GL error is 0x506
04-11 03:36:49.673 26775 26796 I native-activity: Frame 836 time is 24.177ms
04-11 03:36:49.673 26775 26796 I native-activity: Doing egl_swapbuffers_sync 2
04-11 03:36:49.676 26775 26796 I native-activity: Swap 836 time is 27.284ms
04-11 03:36:49.676 26775 26796 I native-activity: Animating
04-11 03:36:49.699 26775 26796 I native-activity: Frame 837 GL error is 0x506
04-11 03:36:49.699 26775 26796 I native-activity: Frame 837 time is 23.091ms
04-11 03:36:49.699 26775 26796 I native-activity: Doing egl_swapbuffers_sync 2
04-11 03:36:49.701 26775 26796 I native-activity: Swap 837 time is 24.954ms
04-11 03:36:49.701 26775 26796 I native-activity: Animating
04-11 03:36:49.728 26775 26796 I native-activity: Frame 838 GL error is 0x506
04-11 03:36:49.728 26775 26796 I native-activity: Frame 838 time is 26.403ms
04-11 03:36:49.728 26775 26796 I native-activity: Doing egl_swapbuffers_sync 2
04-11 03:36:49.729 26775 26796 I native-activity: Swap 838 time is 27.062ms
04-11 03:36:49.729 26775 26796 I native-activity: Animating
04-11 03:36:49.745 26775 26796 I native-activity: Frame 839 GL error is 0x506
04-11 03:36:49.745 26775 26796 I native-activity: Frame 839 time is 16.623ms
04-11 03:36:49.745 26775 26796 I native-activity: Doing egl_swapbuffers_sync 2
04-11 03:36:49.747 26775 26796 I native-activity: Swap 839 time is 17.681ms
04-11 03:36:49.747 26775 26796 I native-activity: Animating
04-11 03:36:49.764 26775 26796 I native-activity: Frame 840 GL error is 0x506
04-11 03:36:49.764 26775 26796 I native-activity: Frame 840 time is 17.374ms
04-11 03:36:49.764 26775 26796 I native-activity: Doing egl_swapbuffers_sync 2
04-11 03:36:49.765 26775 26796 I native-activity: Swap 840 time is 18.150ms
04-11 03:36:49.765 26775 26796 I native-activity: Animating
04-11 03:36:49.783 26775 26796 I native-activity: Frame 841 GL error is 0x506
04-11 03:36:49.783 26775 26796 I native-activity: Frame 841 time is 17.899ms
04-11 03:36:49.783 26775 26796 I native-activity: Doing egl_swapbuffers_sync 2
04-11 03:36:49.785 26775 26796 I native-activity: Swap 841 time is 19.565ms
04-11 03:36:49.785 26775 26796 I native-activity: Animating
04-11 03:36:49.805 26775 26796 I native-activity: Frame 842 GL error is 0x506
04-11 03:36:49.805 26775 26796 I native-activity: Frame 842 time is 19.610ms
04-11 03:36:49.805 26775 26796 I native-activity: Doing egl_swapbuffers_sync 2
04-11 03:36:49.806 26775 26796 I native-activity: Swap 842 time is 20.577ms
04-11 03:36:49.806 26775 26796 I native-activity: Animating
04-11 03:36:49.823 26775 26796 I native-activity: Frame 843 GL error is 0x506
04-11 03:36:49.823 26775 26796 I native-activity: Frame 843 time is 16.890ms
04-11 03:36:49.823 26775 26796 I native-activity: Doing egl_swapbuffers_sync 2
04-11 03:36:49.823 26775 26796 I native-activity: Swap 843 time is 17.466ms
04-11 03:36:49.823 26775 26796 I native-activity: Animating
04-11 03:36:49.842 26775 26796 I native-activity: Frame 844 GL error is 0x506
04-11 03:36:49.843 26775 26796 I native-activity: Frame 844 time is 19.073ms
04-11 03:36:49.843 26775 26796 I native-activity: Doing egl_swapbuffers_sync 2
04-11 03:36:49.843 26775 26796 I native-activity: Swap 844 time is 19.646ms
04-11 03:36:49.843 26775 26796 I native-activity: Animating
04-11 03:36:49.863 26775 26796 I native-activity: Frame 845 GL error is 0x506
04-11 03:36:49.863 26775 26796 I native-activity: Frame 845 time is 19.874ms
04-11 03:36:49.863 26775 26796 I native-activity: Doing egl_swapbuffers_sync 2
04-11 03:36:49.864 26775 26796 I native-activity: Swap 845 time is 20.698ms
04-11 03:36:49.864 26775 26796 I native-activity: Animating
04-11 03:36:49.883 26775 26796 I native-activity: Frame 846 GL error is 0x506
04-11 03:36:49.883 26775 26796 I native-activity: Frame 846 time is 18.386ms
04-11 03:36:49.883 26775 26796 I native-activity: Doing egl_swapbuffers_sync 2
