04-11 03:40:39.537 28843 28866 I native-activity: Frame 411 GL error is 0x506
04-11 03:40:39.537 28843 28866 I native-activity: Frame 411 time is 17.907ms
04-11 03:40:39.537 28843 28866 I native-activity: Doing egl_swapbuffers_sync 2
04-11 03:40:39.538 28843 28866 I native-activity: Swap 411 time is 18.909ms
04-11 03:40:39.538 28843 28866 I native-activity: Animating
04-11 03:40:39.540   448   467 D gpslogd : agps_ril_update_network_state: Waiting for IPC connection - timeout
04-11 03:40:39.541   448   467 E gpslogd : LIBGPS: Cannot communicate (write) with a GPSD
04-11 03:40:39.541   448   467 E gpslogd : IPC Communication Error, /tmp/12075037/customers/Asustek/Tabletandroid/../../../proprietary/deliverables/android/gps_interface/../gps_interface/gpsi_client/GpsiClient.cpp:1194 agps_ril_update_network_state
04-11 03:40:39.541   448   467 D libgps  : proxy_agps_ril_update_network_state: called
04-11 03:40:39.541   448   467 D libgps  : proxy_agps_ril_update_network_availability()
04-11 03:40:39.541   448   467 D gpslogd : agps_ril_update_network_availability: Waiting for IPC connection...
04-11 03:40:39.684 28843 28866 I native-activity: Frame 412 GL error is 0x506
04-11 03:40:39.684 28843 28866 I native-activity: Frame 412 time is 145.653ms
04-11 03:40:39.684 28843 28866 I native-activity: Doing egl_swapbuffers_sync 2
04-11 03:40:39.685 28843 28866 I native-activity: Swap 412 time is 146.214ms
04-11 03:40:39.685 28843 28866 I native-activity: Animating
04-11 03:40:39.802 28843 28866 I native-activity: Frame 413 GL error is 0x501
04-11 03:40:39.802 28843 28866 I native-activity: Frame 413 time is 117.244ms
04-11 03:40:39.802 28843 28866 I native-activity: Doing egl_swapbuffers_sync 2
04-11 03:40:39.803 28843 28866 I native-activity: Swap 413 time is 117.997ms
04-11 03:40:39.803 28843 28866 I native-activity: Animating
04-11 03:40:39.962 28843 28866 I native-activity: Frame 414 GL error is 0x506
04-11 03:40:39.962 28843 28866 I native-activity: Frame 414 time is 158.500ms
04-11 03:40:39.962 28843 28866 I native-activity: Doing egl_swapbuffers_sync 2
04-11 03:40:39.962 28843 28866 I native-activity: Swap 414 time is 159.235ms
04-11 03:40:39.963 28843 28866 I native-activity: Animating
04-11 03:40:40.048 28843 28866 I native-activity: Frame 415 GL error is 0x506
04-11 03:40:40.048 28843 28866 I native-activity: Frame 415 time is 85.154ms
04-11 03:40:40.048 28843 28866 I native-activity: Doing egl_swapbuffers_sync 2
04-11 03:40:40.049 28843 28866 I native-activity: Swap 415 time is 86.114ms
04-11 03:40:40.049 28843 28866 I native-activity: Animating
04-11 03:40:40.060 28843 28866 I native-activity: Frame 416 GL error is 0x506
04-11 03:40:40.060 28843 28866 I native-activity: Frame 416 time is 10.931ms
04-11 03:40:40.060 28843 28866 I native-activity: Doing egl_swapbuffers_sync 2
04-11 03:40:40.061 28843 28866 I native-activity: Swap 416 time is 11.335ms
04-11 03:40:40.061 28843 28866 I native-activity: Animating
04-11 03:40:40.123 28843 28866 I native-activity: Frame 417 GL error is 0x506
04-11 03:40:40.123 28843 28866 I native-activity: Frame 417 time is 62.556ms
04-11 03:40:40.123 28843 28866 I native-activity: Doing egl_swapbuffers_sync 2
04-11 03:40:40.124 28843 28866 I native-activity: Swap 417 time is 63.128ms
04-11 03:40:40.124 28843 28866 I native-activity: Animating
04-11 03:40:40.227 28843 28866 I native-activity: Frame 418 GL error is 0x506
04-11 03:40:40.227 28843 28866 I native-activity: Frame 418 time is 102.767ms
04-11 03:40:40.227 28843 28866 I native-activity: Doing egl_swapbuffers_sync 2
04-11 03:40:40.228 28843 28866 I native-activity: Swap 418 time is 103.518ms
04-11 03:40:40.228 28843 28866 I native-activity: Animating
04-11 03:40:40.236 28843 28866 I native-activity: Frame 419 GL error is 0x506
04-11 03:40:40.236 28843 28866 I native-activity: Frame 419 time is 8.318ms
04-11 03:40:40.236 28843 28866 I native-activity: Doing egl_swapbuffers_sync 2
04-11 03:40:40.237 28843 28866 I native-activity: Swap 419 time is 9.208ms
04-11 03:40:40.237 28843 28866 I native-activity: Animating
04-11 03:40:40.248 28843 28866 I native-activity: Frame 420 GL error is 0x506
04-11 03:40:40.248 28843 28866 I native-activity: Frame 420 time is 10.929ms
04-11 03:40:40.248 28843 28866 I native-activity: Doing egl_swapbuffers_sync 2
04-11 03:40:40.249 28843 28866 I native-activity: Swap 420 time is 12.195ms
04-11 03:40:40.250 28843 28866 I native-activity: Animating
04-11 03:40:40.372 28843 28866 I native-activity: Frame 421 GL error is 0x506
04-11 03:40:40.372 28843 28866 I native-activity: Frame 421 time is 122.525ms
04-11 03:40:40.372 28843 28866 I native-activity: Doing egl_swapbuffers_sync 2
04-11 03:40:40.373 28843 28866 I native-activity: Swap 421 time is 123.074ms
04-11 03:40:40.373 28843 28866 I native-activity: Animating
04-11 03:40:40.411 28843 28866 I native-activity: Frame 422 GL error is 0x506
04-11 03:40:40.412 28843 28866 I native-activity: Frame 422 time is 38.120ms
04-11 03:40:40.412 28843 28866 I native-activity: Doing egl_swapbuffers_sync 2
04-11 03:40:40.412 28843 28866 I native-activity: Swap 422 time is 38.476ms
04-11 03:40:40.412 28843 28866 I native-activity: Animating
04-11 03:40:40.430 28843 28866 I native-activity: Frame 423 GL error is 0x506
04-11 03:40:40.430 28843 28866 I native-activity: Frame 423 time is 17.612ms
04-11 03:40:40.430 28843 28866 I native-activity: Doing egl_swapbuffers_sync 2
04-11 03:40:40.431 28843 28866 I native-activity: Swap 423 time is 18.700ms
04-11 03:40:40.431 28843 28866 I native-activity: Animating
04-11 03:40:40.522 28843 28866 I native-activity: Frame 424 GL error is 0x506
04-11 03:40:40.523 28843 28866 I native-activity: Frame 424 time is 91.446ms
04-11 03:40:40.523 28843 28866 I native-activity: Doing egl_swapbuffers_sync 2
04-11 03:40:40.523 28843 28866 I native-activity: Swap 424 time is 92.062ms
04-11 03:40:40.523 28843 28866 I native-activity: Animating
04-11 03:40:40.542 28843 28866 I native-activity: Frame 425 GL error is 0x506
04-11 03:40:40.542 28843 28866 I native-activity: Frame 425 time is 18.930ms
04-11 03:40:40.542 28843 28866 I native-activity: Doing egl_swapbuffers_sync 2
04-11 03:40:40.543 28843 28866 I native-activity: Swap 425 time is 19.922ms
04-11 03:40:40.544 28843 28866 I native-activity: Animating
04-11 03:40:40.579 28843 28866 I native-activity: Frame 426 GL error is 0x506
04-11 03:40:40.580 28843 28866 I native-activity: Frame 426 time is 36.011ms
04-11 03:40:40.580 28843 28866 I native-activity: Doing egl_swapbuffers_sync 2
04-11 03:40:40.580 28843 28866 I native-activity: Swap 426 time is 36.859ms
04-11 03:40:40.581 28843 28866 I native-activity: Animating
04-11 03:40:40.677 28843 28866 I native-activity: Frame 427 GL error is 0x506
04-11 03:40:40.678 28843 28866 I native-activity: Frame 427 time is 96.794ms
04-11 03:40:40.678 28843 28866 I native-activity: Doing egl_swapbuffers_sync 2
04-11 03:40:40.678 28843 28866 I native-activity: Swap 427 time is 97.209ms
04-11 03:40:40.678 28843 28866 I native-activity: Animating
04-11 03:40:40.694 28843 28866 I native-activity: Frame 428 GL error is 0x506
04-11 03:40:40.694 28843 28866 I native-activity: Frame 428 time is 16.111ms
04-11 03:40:40.694 28843 28866 I native-activity: Doing egl_swapbuffers_sync 2
04-11 03:40:40.695 28843 28866 I native-activity: Swap 428 time is 17.086ms
04-11 03:40:40.696 28843 28866 I native-activity: Animating
04-11 03:40:40.735 28843 28866 I native-activity: Frame 429 GL error is 0x506
04-11 03:40:40.735 28843 28866 I native-activity: Frame 429 time is 39.153ms
04-11 03:40:40.735 28843 28866 I native-activity: Doing egl_swapbuffers_sync 2
04-11 03:40:40.735 28843 28866 I native-activity: Swap 429 time is 39.739ms
04-11 03:40:40.736 28843 28866 I native-activity: Animating
04-11 03:40:40.832 28843 28866 I native-activity: Frame 430 GL error is 0x506
04-11 03:40:40.832 28843 28866 I native-activity: Frame 430 time is 96.855ms
04-11 03:40:40.832 28843 28866 I native-activity: Doing egl_swapbuffers_sync 2
04-11 03:40:40.833 28843 28866 I native-activity: Swap 430 time is 97.310ms
04-11 03:40:40.833 28843 28866 I native-activity: Animating
04-11 03:40:40.849 28843 28866 I native-activity: Frame 431 GL error is 0x506
04-11 03:40:40.849 28843 28866 I native-activity: Frame 431 time is 15.749ms
04-11 03:40:40.849 28843 28866 I native-activity: Doing egl_swapbuffers_sync 2
04-11 03:40:40.849 28843 28866 I native-activity: Swap 431 time is 16.425ms
04-11 03:40:40.850 28843 28866 I native-activity: Animating
04-11 03:40:40.890 28843 28866 I native-activity: Frame 432 GL error is 0x506
04-11 03:40:40.890 28843 28866 I native-activity: Frame 432 time is 40.588ms
04-11 03:40:40.890 28843 28866 I native-activity: Doing egl_swapbuffers_sync 2
04-11 03:40:40.891 28843 28866 I native-activity: Swap 432 time is 41.196ms
04-11 03:40:40.891 28843 28866 I native-activity: Animating
04-11 03:40:40.931   124 19422 I WVCdm   : CdmEngine::CloseSession
04-11 03:40:40.982   124 18530 I WVCdm   : CdmEngine::QueryKeyControlInfo
04-11 03:40:40.987   124 14861 W WVCdm   : BufferReader::Read<T> : Failure during parse: Not enough bytes (4)
04-11 03:40:40.987   124 14861 W WVCdm   : CdmEngine::ExtractWidevinePssh: Unable to read PSSH atom size
04-11 03:40:40.987   124 14861 I WVCdm   : CdmEngine::GenerateKeyRequest
04-11 03:40:40.992 28843 28866 I native-activity: Frame 433 GL error is 0x506
04-11 03:40:40.992 28843 28866 I native-activity: Frame 433 time is 101.107ms
04-11 03:40:40.992 28843 28866 I native-activity: Doing egl_swapbuffers_sync 2
04-11 03:40:40.993 28843 28866 I native-activity: Swap 433 time is 101.736ms
04-11 03:40:40.993 28843 28866 I native-activity: Animating
04-11 03:40:40.993   124 14861 D WVCdm   : PrepareKeyRequest: nonce=1663568608
04-11 03:40:41.013 28843 28866 I native-activity: Frame 434 GL error is 0x506
04-11 03:40:41.013 28843 28866 I native-activity: Frame 434 time is 19.463ms
04-11 03:40:41.013 28843 28866 I native-activity: Doing egl_swapbuffers_sync 2
04-11 03:40:41.013 28843 28866 I native-activity: Swap 434 time is 20.047ms
04-11 03:40:41.013 28843 28866 I native-activity: Animating
04-11 03:40:41.050 28843 28866 I native-activity: Frame 435 GL error is 0x506
04-11 03:40:41.050 28843 28866 I native-activity: Frame 435 time is 36.945ms
04-11 03:40:41.050 28843 28866 I native-activity: Doing egl_swapbuffers_sync 2
04-11 03:40:41.051 28843 28866 I native-activity: Swap 435 time is 37.671ms
04-11 03:40:41.051 28843 28866 I native-activity: Animating
04-11 03:40:41.149 28843 28866 I native-activity: Frame 436 GL error is 0x506
04-11 03:40:41.149 28843 28866 I native-activity: Frame 436 time is 97.885ms
04-11 03:40:41.149 28843 28866 I native-activity: Doing egl_swapbuffers_sync 2
04-11 03:40:41.150 28843 28866 I native-activity: Swap 436 time is 98.308ms
04-11 03:40:41.150 28843 28866 I native-activity: Animating
04-11 03:40:41.174 28843 28866 I native-activity: Frame 437 GL error is 0x506
04-11 03:40:41.174 28843 28866 I native-activity: Frame 437 time is 23.739ms
04-11 03:40:41.174 28843 28866 I native-activity: Doing egl_swapbuffers_sync 2
04-11 03:40:41.174 28843 28866 I native-activity: Swap 437 time is 24.320ms
04-11 03:40:41.174 28843 28866 I native-activity: Animating
04-11 03:40:41.205 28843 28866 I native-activity: Frame 438 GL error is 0x506
04-11 03:40:41.205 28843 28866 I native-activity: Frame 438 time is 30.892ms
04-11 03:40:41.205 28843 28866 I native-activity: Doing egl_swapbuffers_sync 2
04-11 03:40:41.206 28843 28866 I native-activity: Swap 438 time is 31.530ms
04-11 03:40:41.206 28843 28866 I native-activity: Animating
04-11 03:40:41.293 28843 28866 I native-activity: Frame 439 GL error is 0x506
04-11 03:40:41.293 28843 28866 I native-activity: Frame 439 time is 86.768ms
04-11 03:40:41.293 28843 28866 I native-activity: Doing egl_swapbuffers_sync 2
04-11 03:40:41.295 28843 28866 I native-activity: Swap 439 time is 88.835ms
04-11 03:40:41.296 28843 28866 I native-activity: Animating
04-11 03:40:41.321 28843 28866 I native-activity: Frame 440 GL error is 0x506
04-11 03:40:41.321 28843 28866 I native-activity: Frame 440 time is 24.990ms
04-11 03:40:41.321 28843 28866 I native-activity: Doing egl_swapbuffers_sync 2
04-11 03:40:41.322 28843 28866 I native-activity: Swap 440 time is 25.792ms
04-11 03:40:41.322 28843 28866 I native-activity: Animating
04-11 03:40:41.341   448   467 D gpslogd : agps_ril_update_network_availability: Waiting for IPC connection - timeout
04-11 03:40:41.341   448   467 E gpslogd : LIBGPS: Cannot communicate (write) with a GPSD
04-11 03:40:41.341   448   467 E gpslogd : IPC Communication Error, /tmp/12075037/customers/Asustek/Tabletandroid/../../../proprietary/deliverables/android/gps_interface/../gps_interface/gpsi_client/GpsiClient.cpp:1213 agps_ril_update_network_availability
04-11 03:40:41.357 28843 28866 I native-activity: Frame 441 GL error is 0x506
04-11 03:40:41.357 28843 28866 I native-activity: Frame 441 time is 34.953ms
04-11 03:40:41.357 28843 28866 I native-activity: Doing egl_swapbuffers_sync 2
04-11 03:40:41.359 28843 28866 I native-activity: Swap 441 time is 37.510ms
04-11 03:40:41.361 28843 28866 I native-activity: Animating
04-11 03:40:41.458 28843 28866 I native-activity: Frame 442 GL error is 0x506
04-11 03:40:41.458 28843 28866 I native-activity: Frame 442 time is 97.083ms
04-11 03:40:41.458 28843 28866 I native-activity: Doing egl_swapbuffers_sync 2
04-11 03:40:41.458 28843 28866 I native-activity: Swap 442 time is 97.500ms
04-11 03:40:41.458 28843 28866 I native-activity: Animating
04-11 03:40:41.473 28843 28866 I native-activity: Frame 443 GL error is 0x506
04-11 03:40:41.473 28843 28866 I native-activity: Frame 443 time is 15.073ms
04-11 03:40:41.473 28843 28866 I native-activity: Doing egl_swapbuffers_sync 2
04-11 03:40:41.474 28843 28866 I native-activity: Swap 443 time is 15.718ms
04-11 03:40:41.474 28843 28866 I native-activity: Animating
04-11 03:40:41.528 28843 28866 I native-activity: Frame 444 GL error is 0x506
04-11 03:40:41.528 28843 28866 I native-activity: Frame 444 time is 54.164ms
04-11 03:40:41.528 28843 28866 I native-activity: Doing egl_swapbuffers_sync 2
04-11 03:40:41.529 28843 28866 I native-activity: Swap 444 time is 54.938ms
04-11 03:40:41.529 28843 28866 I native-activity: Animating
04-11 03:40:41.627 28843 28866 I native-activity: Frame 445 GL error is 0x506
04-11 03:40:41.627 28843 28866 I native-activity: Frame 445 time is 97.236ms
04-11 03:40:41.627 28843 28866 I native-activity: Doing egl_swapbuffers_sync 2
04-11 03:40:41.627 28843 28866 I native-activity: Swap 445 time is 97.642ms
04-11 03:40:41.627 28843 28866 I native-activity: Animating
04-11 03:40:41.642 28843 28866 I native-activity: Frame 446 GL error is 0x506
04-11 03:40:41.642 28843 28866 I native-activity: Frame 446 time is 14.655ms
04-11 03:40:41.642 28843 28866 I native-activity: Doing egl_swapbuffers_sync 2
04-11 03:40:41.643 28843 28866 I native-activity: Swap 446 time is 15.341ms
04-11 03:40:41.643 28843 28866 I native-activity: Animating
04-11 03:40:41.697 28843 28866 I native-activity: Frame 447 GL error is 0x506
04-11 03:40:41.697 28843 28866 I native-activity: Frame 447 time is 53.903ms
04-11 03:40:41.697 28843 28866 I native-activity: Doing egl_swapbuffers_sync 2
04-11 03:40:41.697 28843 28866 I native-activity: Swap 447 time is 54.558ms
04-11 03:40:41.698 28843 28866 I native-activity: Animating
04-11 03:40:41.795 28843 28866 I native-activity: Frame 448 GL error is 0x506
04-11 03:40:41.795 28843 28866 I native-activity: Frame 448 time is 97.524ms
04-11 03:40:41.795 28843 28866 I native-activity: Doing egl_swapbuffers_sync 2
04-11 03:40:41.796 28843 28866 I native-activity: Swap 448 time is 97.935ms
04-11 03:40:41.796 28843 28866 I native-activity: Animating
04-11 03:40:41.809 28843 28866 I native-activity: Frame 449 GL error is 0x506
04-11 03:40:41.809 28843 28866 I native-activity: Frame 449 time is 13.643ms
04-11 03:40:41.809 28843 28866 I native-activity: Doing egl_swapbuffers_sync 2
04-11 03:40:41.810 28843 28866 I native-activity: Swap 449 time is 14.622ms
04-11 03:40:41.811 28843 28866 I native-activity: Animating
04-11 03:40:41.865 28843 28866 I native-activity: Frame 450 GL error is 0x506
04-11 03:40:41.865 28843 28866 I native-activity: Frame 450 time is 53.945ms
04-11 03:40:41.865 28843 28866 I native-activity: Doing egl_swapbuffers_sync 2
04-11 03:40:41.865 28843 28866 I native-activity: Swap 450 time is 54.586ms
04-11 03:40:41.865 28843 28866 I native-activity: Animating
04-11 03:40:41.963 28843 28866 I native-activity: Frame 451 GL error is 0x506
04-11 03:40:41.963 28843 28866 I native-activity: Frame 451 time is 97.271ms
04-11 03:40:41.963 28843 28866 I native-activity: Doing egl_swapbuffers_sync 2
04-11 03:40:41.963 28843 28866 I native-activity: Swap 451 time is 97.683ms
04-11 03:40:41.963 28843 28866 I native-activity: Animating
04-11 03:40:41.977 28843 28866 I native-activity: Frame 452 GL error is 0x506
04-11 03:40:41.977 28843 28866 I native-activity: Frame 452 time is 13.778ms
04-11 03:40:41.977 28843 28866 I native-activity: Doing egl_swapbuffers_sync 2
04-11 03:40:41.978 28843 28866 I native-activity: Swap 452 time is 14.369ms
04-11 03:40:41.978 28843 28866 I native-activity: Animating
04-11 03:40:42.032 28843 28866 I native-activity: Frame 453 GL error is 0x506
04-11 03:40:42.032 28843 28866 I native-activity: Frame 453 time is 53.941ms
04-11 03:40:42.032 28843 28866 I native-activity: Doing egl_swapbuffers_sync 2
04-11 03:40:42.033 28843 28866 I native-activity: Swap 453 time is 54.827ms
04-11 03:40:42.033 28843 28866 I native-activity: Animating
04-11 03:40:42.130 28843 28866 I native-activity: Frame 454 GL error is 0x506
04-11 03:40:42.131 28843 28866 I native-activity: Frame 454 time is 97.495ms
04-11 03:40:42.131 28843 28866 I native-activity: Doing egl_swapbuffers_sync 2
04-11 03:40:42.131 28843 28866 I native-activity: Swap 454 time is 97.916ms
04-11 03:40:42.131 28843 28866 I native-activity: Animating
04-11 03:40:42.147 28843 28866 I native-activity: Frame 455 GL error is 0x506
04-11 03:40:42.147 28843 28866 I native-activity: Frame 455 time is 16.250ms
04-11 03:40:42.147 28843 28866 I native-activity: Doing egl_swapbuffers_sync 2
04-11 03:40:42.148 28843 28866 I native-activity: Swap 455 time is 17.152ms
04-11 03:40:42.149 28843 28866 I native-activity: Animating
04-11 03:40:42.200 28843 28866 I native-activity: Frame 456 GL error is 0x506
04-11 03:40:42.201 28843 28866 I native-activity: Frame 456 time is 51.868ms
04-11 03:40:42.201 28843 28866 I native-activity: Doing egl_swapbuffers_sync 2
04-11 03:40:42.201 28843 28866 I native-activity: Swap 456 time is 52.507ms
04-11 03:40:42.201 28843 28866 I native-activity: Animating
04-11 03:40:42.299 28843 28866 I native-activity: Frame 457 GL error is 0x506
04-11 03:40:42.299 28843 28866 I native-activity: Frame 457 time is 97.690ms
04-11 03:40:42.299 28843 28866 I native-activity: Doing egl_swapbuffers_sync 2
04-11 03:40:42.299 28843 28866 I native-activity: Swap 457 time is 98.094ms
04-11 03:40:42.300 28843 28866 I native-activity: Animating
04-11 03:40:42.313 28843 28866 I native-activity: Frame 458 GL error is 0x506
04-11 03:40:42.314 28843 28866 I native-activity: Frame 458 time is 13.903ms
04-11 03:40:42.314 28843 28866 I native-activity: Doing egl_swapbuffers_sync 2
04-11 03:40:42.314 28843 28866 I native-activity: Swap 458 time is 14.506ms
04-11 03:40:42.314 28843 28866 I native-activity: Animating
04-11 03:40:42.369 28843 28866 I native-activity: Frame 459 GL error is 0x506
04-11 03:40:42.369 28843 28866 I native-activity: Frame 459 time is 54.451ms
04-11 03:40:42.369 28843 28866 I native-activity: Doing egl_swapbuffers_sync 2
04-11 03:40:42.369 28843 28866 I native-activity: Swap 459 time is 55.090ms
04-11 03:40:42.370 28843 28866 I native-activity: Animating
04-11 03:40:42.467 28843 28866 I native-activity: Frame 460 GL error is 0x506
04-11 03:40:42.467 28843 28866 I native-activity: Frame 460 time is 97.359ms
04-11 03:40:42.467 28843 28866 I native-activity: Doing egl_swapbuffers_sync 2
04-11 03:40:42.467 28843 28866 I native-activity: Swap 460 time is 97.779ms
04-11 03:40:42.468 28843 28866 I native-activity: Animating
04-11 03:40:42.482 28843 28866 I native-activity: Frame 461 GL error is 0x506
04-11 03:40:42.483 28843 28866 I native-activity: Frame 461 time is 14.981ms
04-11 03:40:42.483 28843 28866 I native-activity: Doing egl_swapbuffers_sync 2
04-11 03:40:42.484 28843 28866 I native-activity: Swap 461 time is 15.838ms
04-11 03:40:42.484 28843 28866 I native-activity: Animating
04-11 03:40:42.536 28843 28866 I native-activity: Frame 462 GL error is 0x506
04-11 03:40:42.536 28843 28866 I native-activity: Frame 462 time is 52.230ms
04-11 03:40:42.536 28843 28866 I native-activity: Doing egl_swapbuffers_sync 2
04-11 03:40:42.537 28843 28866 I native-activity: Swap 462 time is 52.819ms
04-11 03:40:42.537 28843 28866 I native-activity: Animating
04-11 03:40:42.547   448 29249 D NetworkMonitor/NetworkAgentInfo [WIFI () - 2793]: EvaluatingState{ when=-6ms what=532486 arg1=2 target=com.android.internal.util.StateMachine$SmHandler }
04-11 03:40:42.547   448 29249 D NetworkMonitor/NetworkAgentInfo [WIFI () - 2793]: Checking http://connectivitycheck.android.com/generate_204 on "wildfredland"
04-11 03:40:42.561 28843 28866 I native-activity: Frame 463 GL error is 0x506
04-11 03:40:42.561 28843 28866 I native-activity: Frame 463 time is 24.446ms
04-11 03:40:42.561 28843 28866 I native-activity: Doing egl_swapbuffers_sync 2
04-11 03:40:42.563   448 29249 D NetworkMonitor/NetworkAgentInfo [WIFI () - 2793]: Probably not a portal: exception java.net.UnknownHostException: Unable to resolve host "connectivitycheck.android.com": No address associated with hostname
04-11 03:40:42.564 28843 28866 I native-activity: Swap 463 time is 26.605ms
04-11 03:40:42.564 28843 28866 I native-activity: Animating
04-11 03:40:42.571 28843 28866 I native-activity: Frame 464 GL error is 0x506
04-11 03:40:42.571 28843 28866 I native-activity: Frame 464 time is 6.818ms
04-11 03:40:42.571 28843 28866 I native-activity: Doing egl_swapbuffers_sync 2
04-11 03:40:42.571 28843 28866 I native-activity: Swap 464 time is 7.690ms
04-11 03:40:42.572 28843 28866 I native-activity: Animating
04-11 03:40:42.586 28843 28866 I native-activity: Frame 465 GL error is 0x506
04-11 03:40:42.586 28843 28866 I native-activity: Frame 465 time is 14.771ms
04-11 03:40:42.587 28843 28866 I native-activity: Doing egl_swapbuffers_sync 2
04-11 03:40:42.589 28843 28866 I native-activity: Swap 465 time is 16.964ms
04-11 03:40:42.589 28843 28866 I native-activity: Animating
04-11 03:40:42.627 28843 28866 I native-activity: Frame 466 GL error is 0x506
04-11 03:40:42.627 28843 28866 I native-activity: Frame 466 time is 37.866ms
04-11 03:40:42.627 28843 28866 I native-activity: Doing egl_swapbuffers_sync 2
04-11 03:40:42.627 28843 28866 I native-activity: Swap 466 time is 38.500ms
04-11 03:40:42.628 28843 28866 I native-activity: Animating
04-11 03:40:42.675 28843 28866 I native-activity: Frame 467 GL error is 0x506
04-11 03:40:42.675 28843 28866 I native-activity: Frame 467 time is 47.187ms
04-11 03:40:42.675 28843 28866 I native-activity: Doing egl_swapbuffers_sync 2
04-11 03:40:42.676 28843 28866 I native-activity: Swap 467 time is 47.813ms
04-11 03:40:42.676 28843 28866 I native-activity: Animating
04-11 03:40:42.725 28843 28866 I native-activity: Frame 468 GL error is 0x506
04-11 03:40:42.725 28843 28866 I native-activity: Frame 468 time is 49.372ms
04-11 03:40:42.725 28843 28866 I native-activity: Doing egl_swapbuffers_sync 2
04-11 03:40:42.726 28843 28866 I native-activity: Swap 468 time is 50.046ms
04-11 03:40:42.726 28843 28866 I native-activity: Animating
04-11 03:40:42.799   124  6548 I WVCdm   : CdmEngine::CloseSession
04-11 03:40:42.808   124  6548 I WVCdm   : L3 Terminate.
04-11 03:40:42.822 28843 28866 I native-activity: Frame 469 GL error is 0x506
04-11 03:40:42.823 28843 28866 I native-activity: Frame 469 time is 96.521ms
04-11 03:40:42.823 28843 28866 I native-activity: Doing egl_swapbuffers_sync 2
04-11 03:40:42.825 28843 28866 I native-activity: Swap 469 time is 99.009ms
04-11 03:40:42.826 28843 28866 I native-activity: Animating
04-11 03:40:42.852  8277 29323 I CheckinUtil: Classify the device as Tablet.
04-11 03:40:42.906 28843 28866 I native-activity: Frame 470 GL error is 0x506
04-11 03:40:42.906 28843 28866 I native-activity: Frame 470 time is 79.663ms
04-11 03:40:42.906 28843 28866 I native-activity: Doing egl_swapbuffers_sync 2
04-11 03:40:42.907 28843 28866 I native-activity: Swap 470 time is 81.127ms
04-11 03:40:42.908 28843 28866 I native-activity: Animating
04-11 03:40:42.953 28843 28866 I native-activity: Frame 471 GL error is 0x506
04-11 03:40:42.953 28843 28866 I native-activity: Frame 471 time is 45.261ms
04-11 03:40:42.953 28843 28866 I native-activity: Doing egl_swapbuffers_sync 2
04-11 03:40:42.954 28843 28866 I native-activity: Swap 471 time is 46.011ms
04-11 03:40:42.954 28843 28866 I native-activity: Animating
04-11 03:40:43.000 28843 28866 I native-activity: Frame 472 GL error is 0x506
04-11 03:40:43.000 28843 28866 I native-activity: Frame 472 time is 46.032ms
04-11 03:40:43.000 28843 28866 I native-activity: Doing egl_swapbuffers_sync 2
04-11 03:40:43.002 28843 28866 I native-activity: Swap 472 time is 47.938ms
04-11 03:40:43.003 28843 28866 I native-activity: Animating
04-11 03:40:43.047 28843 28866 I native-activity: Frame 473 GL error is 0x506
04-11 03:40:43.047 28843 28866 I native-activity: Frame 473 time is 44.761ms
04-11 03:40:43.047 28843 28866 I native-activity: Doing egl_swapbuffers_sync 2
04-11 03:40:43.049 28843 28866 I native-activity: Swap 473 time is 46.087ms
04-11 03:40:43.049 28843 28866 I native-activity: Animating
04-11 03:40:43.074  8277 29323 I CheckinTask: set cookie as: NID=100=QI89i1muOz-6tFALarPEg9o2BY39gu-bMEBRrltZpMFqAb1Nd7HEy-edS9bMZSI5rbefHo8KHK4XYv22kOXxSIUb8mtzdJIcsK7Sw0QZMBUVkUGYGaCPuI-EpboXqYCx
04-11 03:40:43.080  8277 29323 E CheckinTask: Checkin failed: https://android.clients.google.com/checkin (request #0): java.net.UnknownHostException: Unable to resolve host "android.clients.google.com": No address associated with hostname
04-11 03:40:43.089  8277 29323 I CheckinChimeraService: Checking schedule, now: 1491907243088 next: 1491907253080
04-11 03:40:43.089  8277 29323 I CheckinChimeraService: active receiver: disabled
04-11 03:40:43.099 28843 28866 I native-activity: Frame 474 GL error is 0x506
04-11 03:40:43.099 28843 28866 I native-activity: Frame 474 time is 50.146ms
04-11 03:40:43.099 28843 28866 I native-activity: Doing egl_swapbuffers_sync 2
04-11 03:40:43.102 28843 28866 I native-activity: Swap 474 time is 52.647ms
04-11 03:40:43.102 28843 28866 I native-activity: Animating
04-11 03:40:43.124 28843 28866 I native-activity: Frame 475 GL error is 0x506
04-11 03:40:43.124 28843 28866 I native-activity: Frame 475 time is 21.775ms
04-11 03:40:43.124 28843 28866 I native-activity: Doing egl_swapbuffers_sync 2
04-11 03:40:43.125 28843 28866 I native-activity: Swap 475 time is 22.876ms
04-11 03:40:43.126 28843 28866 I native-activity: Animating
04-11 03:40:43.143 28843 28866 I native-activity: Frame 476 GL error is 0x506
04-11 03:40:43.143 28843 28866 I native-activity: Frame 476 time is 17.491ms
04-11 03:40:43.143 28843 28866 I native-activity: Doing egl_swapbuffers_sync 2
04-11 03:40:43.146 28843 28866 I native-activity: Swap 476 time is 20.206ms
04-11 03:40:43.146 28843 28866 I native-activity: Animating
04-11 03:40:43.193 28843 28866 I native-activity: Frame 477 GL error is 0x506
04-11 03:40:43.193 28843 28866 I native-activity: Frame 477 time is 46.202ms
04-11 03:40:43.193 28843 28866 I native-activity: Doing egl_swapbuffers_sync 2
04-11 03:40:43.195 28843 28866 I native-activity: Swap 477 time is 48.595ms
04-11 03:40:43.196 28843 28866 I native-activity: Animating
04-11 03:40:43.256 28843 28866 I native-activity: Frame 478 GL error is 0x506
04-11 03:40:43.256 28843 28866 I native-activity: Frame 478 time is 60.147ms
04-11 03:40:43.256 28843 28866 I native-activity: Doing egl_swapbuffers_sync 2
04-11 03:40:43.258 28843 28866 I native-activity: Swap 478 time is 61.625ms
04-11 03:40:43.258 28843 28866 I native-activity: Animating
04-11 03:40:43.352 28843 28866 I native-activity: Frame 479 GL error is 0x506
04-11 03:40:43.352 28843 28866 I native-activity: Frame 479 time is 94.407ms
04-11 03:40:43.352 28843 28866 I native-activity: Doing egl_swapbuffers_sync 2
04-11 03:40:43.353 28843 28866 I native-activity: Swap 479 time is 95.316ms
04-11 03:40:43.353 28843 28866 I native-activity: Animating
04-11 03:40:43.412 28843 28866 I native-activity: Frame 480 GL error is 0x506
04-11 03:40:43.413 28843 28866 I native-activity: Frame 480 time is 59.077ms
04-11 03:40:43.413 28843 28866 I native-activity: Doing egl_swapbuffers_sync 2
04-11 03:40:43.414 28843 28866 I native-activity: Swap 480 time is 60.061ms
04-11 03:40:43.414 28843 28866 I native-activity: Animating
04-11 03:40:43.436 28843 28866 I native-activity: Frame 481 GL error is 0x506
04-11 03:40:43.437 28843 28866 I native-activity: Frame 481 time is 22.711ms
04-11 03:40:43.437 28843 28866 I native-activity: Doing egl_swapbuffers_sync 2
04-11 03:40:43.439 28843 28866 I native-activity: Swap 481 time is 24.832ms
04-11 03:40:43.439 28843 28866 I native-activity: Animating
04-11 03:40:43.467 28843 28866 I native-activity: Frame 482 GL error is 0x506
04-11 03:40:43.467 28843 28866 I native-activity: Frame 482 time is 27.648ms
04-11 03:40:43.467 28843 28866 I native-activity: Doing egl_swapbuffers_sync 2
04-11 03:40:43.468 28843 28866 I native-activity: Swap 482 time is 29.004ms
04-11 03:40:43.469 28843 28866 I native-activity: Animating
04-11 03:40:43.528 28843 28866 I native-activity: Frame 483 GL error is 0x506
04-11 03:40:43.528 28843 28866 I native-activity: Frame 483 time is 59.517ms
04-11 03:40:43.528 28843 28866 I native-activity: Doing egl_swapbuffers_sync 2
04-11 03:40:43.529 28843 28866 I native-activity: Swap 483 time is 60.614ms
04-11 03:40:43.530 28843 28866 I native-activity: Animating
04-11 03:40:43.588 28843 28866 I native-activity: Frame 484 GL error is 0x506
04-11 03:40:43.588 28843 28866 I native-activity: Frame 484 time is 58.182ms
04-11 03:40:43.588 28843 28866 I native-activity: Doing egl_swapbuffers_sync 2
04-11 03:40:43.589 28843 28866 I native-activity: Swap 484 time is 59.436ms
04-11 03:40:43.589 28843 28866 I native-activity: Animating
04-11 03:40:43.608 28843 28866 I native-activity: Frame 485 GL error is 0x506
04-11 03:40:43.608 28843 28866 I native-activity: Frame 485 time is 18.566ms
04-11 03:40:43.608 28843 28866 I native-activity: Doing egl_swapbuffers_sync 2
04-11 03:40:43.609 28843 28866 I native-activity: Swap 485 time is 19.840ms
04-11 03:40:43.609 28843 28866 I native-activity: Animating
04-11 03:40:43.647   448   605 E WifiStateMachine: WifiStateMachine CMD_START_SCAN source -2 txSuccessRate=902.50 rxSuccessRate=2668.93 targetRoamBSSID=b0:48:7a:cb:7c:ec RSSI=-74
04-11 03:40:43.647   448   605 E WifiStateMachine: WifiStateMachine L2Connected CMD_START_SCAN source -2 17737, 17738 -> obsolete
04-11 03:40:43.660 28843 28866 I native-activity: Frame 486 GL error is 0x506
04-11 03:40:43.661 28843 28866 I native-activity: Frame 486 time is 51.115ms
04-11 03:40:43.661 28843 28866 I native-activity: Doing egl_swapbuffers_sync 2
04-11 03:40:43.663 28843 28866 I native-activity: Swap 486 time is 53.303ms
04-11 03:40:43.663 28843 28866 I native-activity: Animating
04-11 03:40:43.717 28843 28866 I native-activity: Frame 487 GL error is 0x506
04-11 03:40:43.717 28843 28866 I native-activity: Frame 487 time is 53.453ms
04-11 03:40:43.717 28843 28866 I native-activity: Doing egl_swapbuffers_sync 2
04-11 03:40:43.718 28843 28866 I native-activity: Swap 487 time is 54.185ms
04-11 03:40:43.718 28843 28866 I native-activity: Animating
04-11 03:40:43.779 28843 28866 I native-activity: Frame 488 GL error is 0x506
04-11 03:40:43.779 28843 28866 I native-activity: Frame 488 time is 60.860ms
04-11 03:40:43.779 28843 28866 I native-activity: Doing egl_swapbuffers_sync 2
04-11 03:40:43.780 28843 28866 I native-activity: Swap 488 time is 61.709ms
04-11 03:40:43.780 28843 28866 I native-activity: Animating
04-11 03:40:43.841 28843 28866 I native-activity: Frame 489 GL error is 0x506
04-11 03:40:43.842 28843 28866 I native-activity: Frame 489 time is 61.599ms
04-11 03:40:43.842 28843 28866 I native-activity: Doing egl_swapbuffers_sync 2
04-11 03:40:43.842 28843 28866 I native-activity: Swap 489 time is 62.463ms
04-11 03:40:43.843 28843 28866 I native-activity: Animating
04-11 03:40:43.897 28843 28866 I native-activity: Frame 490 GL error is 0x506
04-11 03:40:43.897 28843 28866 I native-activity: Frame 490 time is 54.380ms
04-11 03:40:43.897 28843 28866 I native-activity: Doing egl_swapbuffers_sync 2
04-11 03:40:43.898 28843 28866 I native-activity: Swap 490 time is 55.188ms
04-11 03:40:43.898 28843 28866 I native-activity: Animating
04-11 03:40:43.962 28843 28866 I native-activity: Frame 491 GL error is 0x506
04-11 03:40:43.962 28843 28866 I native-activity: Frame 491 time is 64.177ms
04-11 03:40:43.962 28843 28866 I native-activity: Doing egl_swapbuffers_sync 2
04-11 03:40:43.963 28843 28866 I native-activity: Swap 491 time is 65.175ms
04-11 03:40:43.964 28843 28866 I native-activity: Animating
04-11 03:40:44.017 28843 28866 I native-activity: Frame 492 GL error is 0x506
04-11 03:40:44.017 28843 28866 I native-activity: Frame 492 time is 53.797ms
04-11 03:40:44.017 28843 28866 I native-activity: Doing egl_swapbuffers_sync 2
04-11 03:40:44.019 28843 28866 I native-activity: Swap 492 time is 54.977ms
04-11 03:40:44.019 28843 28866 I native-activity: Animating
04-11 03:40:44.077 28843 28866 I native-activity: Frame 493 GL error is 0x506
04-11 03:40:44.077 28843 28866 I native-activity: Frame 493 time is 58.103ms
04-11 03:40:44.077 28843 28866 I native-activity: Doing egl_swapbuffers_sync 2
04-11 03:40:44.078 28843 28866 I native-activity: Swap 493 time is 58.912ms
04-11 03:40:44.078 28843 28866 I native-activity: Animating
04-11 03:40:44.137 28843 28866 I native-activity: Frame 494 GL error is 0x506
04-11 03:40:44.137 28843 28866 I native-activity: Frame 494 time is 58.779ms
04-11 03:40:44.137 28843 28866 I native-activity: Doing egl_swapbuffers_sync 2
04-11 03:40:44.138 28843 28866 I native-activity: Swap 494 time is 59.586ms
04-11 03:40:44.138 28843 28866 I native-activity: Animating
04-11 03:40:44.197 28843 28866 I native-activity: Frame 495 GL error is 0x506
04-11 03:40:44.197 28843 28866 I native-activity: Frame 495 time is 58.745ms
04-11 03:40:44.197 28843 28866 I native-activity: Doing egl_swapbuffers_sync 2
04-11 03:40:44.198 28843 28866 I native-activity: Swap 495 time is 59.562ms
04-11 03:40:44.198 28843 28866 I native-activity: Animating
04-11 03:40:44.257 28843 28866 I native-activity: Frame 496 GL error is 0x506
04-11 03:40:44.257 28843 28866 I native-activity: Frame 496 time is 59.117ms
04-11 03:40:44.257 28843 28866 I native-activity: Doing egl_swapbuffers_sync 2
04-11 03:40:44.258 28843 28866 I native-activity: Swap 496 time is 59.955ms
04-11 03:40:44.258 28843 28866 I native-activity: Animating
04-11 03:40:44.316 28843 28866 I native-activity: Frame 497 GL error is 0x506
04-11 03:40:44.316 28843 28866 I native-activity: Frame 497 time is 58.000ms
04-11 03:40:44.316 28843 28866 I native-activity: Doing egl_swapbuffers_sync 2
04-11 03:40:44.317 28843 28866 I native-activity: Swap 497 time is 59.045ms
04-11 03:40:44.318 28843 28866 I native-activity: Animating
04-11 03:40:44.390 28843 28866 I native-activity: Frame 498 GL error is 0x506
04-11 03:40:44.391 28843 28866 I native-activity: Frame 498 time is 72.939ms
04-11 03:40:44.391 28843 28866 I native-activity: Doing egl_swapbuffers_sync 2
04-11 03:40:44.391 28843 28866 I native-activity: Swap 498 time is 73.865ms
04-11 03:40:44.392 28843 28866 I native-activity: Animating
04-11 03:40:44.489 28843 28866 I native-activity: Frame 499 GL error is 0x506
04-11 03:40:44.490 28843 28866 I native-activity: Frame 499 time is 97.799ms
04-11 03:40:44.490 28843 28866 I native-activity: Doing egl_swapbuffers_sync 2
04-11 03:40:44.491 28843 28866 I native-activity: Swap 499 time is 99.107ms
04-11 03:40:44.491 28843 28866 I native-activity: Animating
04-11 03:40:44.549 28843 28866 I native-activity: Frame 500 GL error is 0x506
04-11 03:40:44.549 28843 28866 I native-activity: Frame 500 time is 58.269ms
04-11 03:40:44.550 28843 28866 I native-activity: Doing egl_swapbuffers_sync 2
04-11 03:40:44.551 28843 28866 I native-activity: Swap 500 time is 59.422ms
04-11 03:40:44.551 28843 28866 I native-activity: Animating
04-11 03:40:44.610 28843 28866 I native-activity: Frame 501 GL error is 0x506
04-11 03:40:44.610 28843 28866 I native-activity: Frame 501 time is 58.796ms
04-11 03:40:44.610 28843 28866 I native-activity: Doing egl_swapbuffers_sync 2
04-11 03:40:44.611 28843 28866 I native-activity: Swap 501 time is 60.248ms
04-11 03:40:44.612 28843 28866 I native-activity: Animating
04-11 03:40:44.639 28843 28866 I native-activity: Frame 502 GL error is 0x506
04-11 03:40:44.639 28843 28866 I native-activity: Frame 502 time is 27.368ms
04-11 03:40:44.639 28843 28866 I native-activity: Doing egl_swapbuffers_sync 2
04-11 03:40:44.640 28843 28866 I native-activity: Swap 502 time is 28.490ms
04-11 03:40:44.640 28843 28866 I native-activity: Animating
04-11 03:40:44.678 28843 28866 I native-activity: Frame 503 GL error is 0x506
04-11 03:40:44.678 28843 28866 I native-activity: Frame 503 time is 37.888ms
04-11 03:40:44.678 28843 28866 I native-activity: Doing egl_swapbuffers_sync 2
04-11 03:40:44.679 28843 28866 I native-activity: Swap 503 time is 38.721ms
04-11 03:40:44.679 28843 28866 I native-activity: Animating
04-11 03:40:44.737 28843 28866 I native-activity: Frame 504 GL error is 0x506
04-11 03:40:44.737 28843 28866 I native-activity: Frame 504 time is 57.206ms
04-11 03:40:44.737 28843 28866 I native-activity: Doing egl_swapbuffers_sync 2
04-11 03:40:44.738 28843 28866 I native-activity: Swap 504 time is 58.166ms
04-11 03:40:44.738 28843 28866 I native-activity: Animating
04-11 03:40:44.798 28843 28866 I native-activity: Frame 505 GL error is 0x506
04-11 03:40:44.798 28843 28866 I native-activity: Frame 505 time is 59.856ms
04-11 03:40:44.798 28843 28866 I native-activity: Doing egl_swapbuffers_sync 2
04-11 03:40:44.799 28843 28866 I native-activity: Swap 505 time is 60.912ms
04-11 03:40:44.799 28843 28866 I native-activity: Animating
04-11 03:40:44.860 28843 28866 I native-activity: Frame 506 GL error is 0x506
04-11 03:40:44.860 28843 28866 I native-activity: Frame 506 time is 61.390ms
04-11 03:40:44.860 28843 28866 I native-activity: Doing egl_swapbuffers_sync 2
04-11 03:40:44.861 28843 28866 I native-activity: Swap 506 time is 62.183ms
04-11 03:40:44.861 28843 28866 I native-activity: Animating
04-11 03:40:44.913 28843 28866 I native-activity: Frame 507 GL error is 0x506
04-11 03:40:44.913 28843 28866 I native-activity: Frame 507 time is 51.840ms
04-11 03:40:44.913 28843 28866 I native-activity: Doing egl_swapbuffers_sync 2
04-11 03:40:44.914 28843 28866 I native-activity: Swap 507 time is 52.838ms
04-11 03:40:44.915 28843 28866 I native-activity: Animating
04-11 03:40:45.032 28843 28866 I native-activity: Frame 508 GL error is 0x506
04-11 03:40:45.032 28843 28866 I native-activity: Frame 508 time is 117.399ms
04-11 03:40:45.032 28843 28866 I native-activity: Doing egl_swapbuffers_sync 2
04-11 03:40:45.033 28843 28866 I native-activity: Swap 508 time is 118.392ms
04-11 03:40:45.033 28843 28866 I native-activity: Animating
04-11 03:40:45.092 28843 28866 I native-activity: Frame 509 GL error is 0x506
04-11 03:40:45.092 28843 28866 I native-activity: Frame 509 time is 59.122ms
04-11 03:40:45.092 28843 28866 I native-activity: Doing egl_swapbuffers_sync 2
04-11 03:40:45.093 28843 28866 I native-activity: Swap 509 time is 60.169ms
04-11 03:40:45.094 28843 28866 I native-activity: Animating
04-11 03:40:45.153 28843 28866 I native-activity: Frame 510 GL error is 0x506
04-11 03:40:45.153 28843 28866 I native-activity: Frame 510 time is 59.527ms
04-11 03:40:45.153 28843 28866 I native-activity: Doing egl_swapbuffers_sync 2
04-11 03:40:45.154 28843 28866 I native-activity: Swap 510 time is 60.733ms
04-11 03:40:45.155 28843 28866 I native-activity: Animating
04-11 03:40:45.214 28843 28866 I native-activity: Frame 511 GL error is 0x506
04-11 03:40:45.214 28843 28866 I native-activity: Frame 511 time is 59.449ms
04-11 03:40:45.214 28843 28866 I native-activity: Doing egl_swapbuffers_sync 2
04-11 03:40:45.215 28843 28866 I native-activity: Swap 511 time is 60.610ms
04-11 03:40:45.216 28843 28866 I native-activity: Animating
04-11 03:40:45.275 28843 28866 I native-activity: Frame 512 GL error is 0x506
04-11 03:40:45.275 28843 28866 I native-activity: Frame 512 time is 59.323ms
04-11 03:40:45.275 28843 28866 I native-activity: Doing egl_swapbuffers_sync 2
04-11 03:40:45.276 28843 28866 I native-activity: Swap 512 time is 60.185ms
04-11 03:40:45.276 28843 28866 I native-activity: Animating
04-11 03:40:45.336 28843 28866 I native-activity: Frame 513 GL error is 0x506
04-11 03:40:45.336 28843 28866 I native-activity: Frame 513 time is 59.818ms
04-11 03:40:45.336 28843 28866 I native-activity: Doing egl_swapbuffers_sync 2
04-11 03:40:45.337 28843 28866 I native-activity: Swap 513 time is 60.991ms
04-11 03:40:45.337 28843 28866 I native-activity: Animating
04-11 03:40:45.396 28843 28866 I native-activity: Frame 514 GL error is 0x506
04-11 03:40:45.396 28843 28866 I native-activity: Frame 514 time is 58.436ms
04-11 03:40:45.396 28843 28866 I native-activity: Doing egl_swapbuffers_sync 2
04-11 03:40:45.397 28843 28866 I native-activity: Swap 514 time is 59.401ms
04-11 03:40:45.397 28843 28866 I native-activity: Animating
04-11 03:40:45.458 28843 28866 I native-activity: Frame 515 GL error is 0x506
04-11 03:40:45.458 28843 28866 I native-activity: Frame 515 time is 60.938ms
04-11 03:40:45.458 28843 28866 I native-activity: Doing egl_swapbuffers_sync 2
04-11 03:40:45.459 28843 28866 I native-activity: Swap 515 time is 62.072ms
04-11 03:40:45.459 28843 28866 I native-activity: Animating
04-11 03:40:45.520 28843 28866 I native-activity: Frame 516 GL error is 0x506
04-11 03:40:45.520 28843 28866 I native-activity: Frame 516 time is 60.880ms
04-11 03:40:45.520 28843 28866 I native-activity: Doing egl_swapbuffers_sync 2
04-11 03:40:45.521 28843 28866 I native-activity: Swap 516 time is 61.822ms
04-11 03:40:45.521 28843 28866 I native-activity: Animating
04-11 03:40:45.580 28843 28866 I native-activity: Frame 517 GL error is 0x506
04-11 03:40:45.580 28843 28866 I native-activity: Frame 517 time is 59.029ms
04-11 03:40:45.580 28843 28866 I native-activity: Doing egl_swapbuffers_sync 2
04-11 03:40:45.581 28843 28866 I native-activity: Swap 517 time is 60.099ms
04-11 03:40:45.582 28843 28866 I native-activity: Animating
04-11 03:40:45.642 28843 28866 I native-activity: Frame 518 GL error is 0x506
04-11 03:40:45.642 28843 28866 I native-activity: Frame 518 time is 60.269ms
04-11 03:40:45.642 28843 28866 I native-activity: Doing egl_swapbuffers_sync 2
04-11 03:40:45.643 28843 28866 I native-activity: Swap 518 time is 61.694ms
04-11 03:40:45.644 28843 28866 I native-activity: Animating
04-11 03:40:45.703 28843 28866 I native-activity: Frame 519 GL error is 0x506
04-11 03:40:45.703 28843 28866 I native-activity: Frame 519 time is 59.406ms
04-11 03:40:45.703 28843 28866 I native-activity: Doing egl_swapbuffers_sync 2
04-11 03:40:45.704 28843 28866 I native-activity: Swap 519 time is 60.697ms
04-11 03:40:45.705 28843 28866 I native-activity: Animating
04-11 03:40:45.764 28843 28866 I native-activity: Frame 520 GL error is 0x506
04-11 03:40:45.764 28843 28866 I native-activity: Frame 520 time is 59.362ms
04-11 03:40:45.764 28843 28866 I native-activity: Doing egl_swapbuffers_sync 2
04-11 03:40:45.765 28843 28866 I native-activity: Swap 520 time is 60.352ms
04-11 03:40:45.765 28843 28866 I native-activity: Animating
04-11 03:40:45.825 28843 28866 I native-activity: Frame 521 GL error is 0x506
04-11 03:40:45.825 28843 28866 I native-activity: Frame 521 time is 59.322ms
04-11 03:40:45.825 28843 28866 I native-activity: Doing egl_swapbuffers_sync 2
04-11 03:40:45.826 28843 28866 I native-activity: Swap 521 time is 60.288ms
04-11 03:40:45.826 28843 28866 I native-activity: Animating
04-11 03:40:45.886 28843 28866 I native-activity: Frame 522 GL error is 0x506
04-11 03:40:45.886 28843 28866 I native-activity: Frame 522 time is 60.196ms
04-11 03:40:45.886 28843 28866 I native-activity: Doing egl_swapbuffers_sync 2
04-11 03:40:45.887 28843 28866 I native-activity: Swap 522 time is 61.222ms
04-11 03:40:45.887 28843 28866 I native-activity: Animating
04-11 03:40:45.948 28843 28866 I native-activity: Frame 523 GL error is 0x506
04-11 03:40:45.948 28843 28866 I native-activity: Frame 523 time is 61.069ms
04-11 03:40:45.949 28843 28866 I native-activity: Doing egl_swapbuffers_sync 2
04-11 03:40:45.949 28843 28866 I native-activity: Swap 523 time is 62.015ms
04-11 03:40:45.950 28843 28866 I native-activity: Animating
04-11 03:40:46.008 28843 28866 I native-activity: Frame 524 GL error is 0x506
04-11 03:40:46.008 28843 28866 I native-activity: Frame 524 time is 58.475ms
04-11 03:40:46.008 28843 28866 I native-activity: Doing egl_swapbuffers_sync 2
04-11 03:40:46.009 28843 28866 I native-activity: Swap 524 time is 59.566ms
04-11 03:40:46.009 28843 28866 I native-activity: Animating
04-11 03:40:46.069 28843 28866 I native-activity: Frame 525 GL error is 0x506
04-11 03:40:46.069 28843 28866 I native-activity: Frame 525 time is 59.932ms
04-11 03:40:46.069 28843 28866 I native-activity: Doing egl_swapbuffers_sync 2
04-11 03:40:46.070 28843 28866 I native-activity: Swap 525 time is 61.059ms
04-11 03:40:46.071 28843 28866 I native-activity: Animating
04-11 03:40:46.132 28843 28866 I native-activity: Frame 526 GL error is 0x506
04-11 03:40:46.132 28843 28866 I native-activity: Frame 526 time is 60.871ms
04-11 03:40:46.132 28843 28866 I native-activity: Doing egl_swapbuffers_sync 2
04-11 03:40:46.133 28843 28866 I native-activity: Swap 526 time is 61.858ms
04-11 03:40:46.133 28843 28866 I native-activity: Animating
04-11 03:40:46.193 28843 28866 I native-activity: Frame 527 GL error is 0x506
04-11 03:40:46.193 28843 28866 I native-activity: Frame 527 time is 60.560ms
04-11 03:40:46.193 28843 28866 I native-activity: Doing egl_swapbuffers_sync 2
04-11 03:40:46.195 28843 28866 I native-activity: Swap 527 time is 61.879ms
04-11 03:40:46.195 28843 28866 I native-activity: Animating
04-11 03:40:46.327 28843 28866 I native-activity: Frame 528 GL error is 0x506
04-11 03:40:46.327 28843 28866 I native-activity: Frame 528 time is 131.620ms
04-11 03:40:46.327 28843 28866 I native-activity: Doing egl_swapbuffers_sync 2
04-11 03:40:46.328 28843 28866 I native-activity: Swap 528 time is 132.473ms
04-11 03:40:46.328 28843 28866 I native-activity: Animating
04-11 03:40:46.385 28843 28866 I native-activity: Frame 529 GL error is 0x506
04-11 03:40:46.385 28843 28866 I native-activity: Frame 529 time is 56.687ms
04-11 03:40:46.385 28843 28866 I native-activity: Doing egl_swapbuffers_sync 2
04-11 03:40:46.386 28843 28866 I native-activity: Swap 529 time is 57.648ms
04-11 03:40:46.386 28843 28866 I native-activity: Animating
04-11 03:40:46.449 28843 28866 I native-activity: Frame 530 GL error is 0x506
04-11 03:40:46.449 28843 28866 I native-activity: Frame 530 time is 62.920ms
04-11 03:40:46.449 28843 28866 I native-activity: Doing egl_swapbuffers_sync 2
04-11 03:40:46.450 28843 28866 I native-activity: Swap 530 time is 63.982ms
04-11 03:40:46.450 28843 28866 I native-activity: Animating
04-11 03:40:46.506 28843 28866 I native-activity: Frame 531 GL error is 0x506
04-11 03:40:46.506 28843 28866 I native-activity: Frame 531 time is 55.989ms
04-11 03:40:46.506 28843 28866 I native-activity: Doing egl_swapbuffers_sync 2
04-11 03:40:46.508 28843 28866 I native-activity: Swap 531 time is 57.248ms
04-11 03:40:46.508 28843 28866 I native-activity: Animating
04-11 03:40:46.564 28843 28866 I native-activity: Frame 532 GL error is 0x506
04-11 03:40:46.564 28843 28866 I native-activity: Frame 532 time is 56.455ms
04-11 03:40:46.565 28843 28866 I native-activity: Doing egl_swapbuffers_sync 2
04-11 03:40:46.565 28843 28866 I native-activity: Swap 532 time is 57.419ms
04-11 03:40:46.566 28843 28866 I native-activity: Animating
04-11 03:40:46.622 28843 28866 I native-activity: Frame 533 GL error is 0x506
