04-11 03:35:40.452 26455 26477 I native-activity: Animating
04-11 03:35:40.478 26455 26477 I native-activity: Frame 279 GL error is 0x506
04-11 03:35:40.478 26455 26477 I native-activity: Frame 279 time is 26.350ms
04-11 03:35:40.478 26455 26477 I native-activity: Swap 279 time is 26.503ms
04-11 03:35:40.478 26455 26477 I native-activity: Animating
04-11 03:35:40.505 26455 26477 I native-activity: Frame 280 GL error is 0x506
04-11 03:35:40.505 26455 26477 I native-activity: Frame 280 time is 26.782ms
04-11 03:35:40.505 26455 26477 I native-activity: Swap 280 time is 26.925ms
04-11 03:35:40.506 26455 26477 I native-activity: Animating
04-11 03:35:40.532 26455 26477 I native-activity: Frame 281 GL error is 0x506
04-11 03:35:40.532 26455 26477 I native-activity: Frame 281 time is 26.202ms
04-11 03:35:40.532 26455 26477 I native-activity: Swap 281 time is 26.378ms
04-11 03:35:40.532 26455 26477 I native-activity: Animating
04-11 03:35:40.550   448   467 D gpslogd : agps_ril_update_network_availability: Waiting for IPC connection - timeout
04-11 03:35:40.551   448   467 E gpslogd : LIBGPS: Cannot communicate (write) with a GPSD
04-11 03:35:40.551   448   467 E gpslogd : IPC Communication Error, /tmp/12075037/customers/Asustek/Tabletandroid/../../../proprietary/deliverables/android/gps_interface/../gps_interface/gpsi_client/GpsiClient.cpp:1213 agps_ril_update_network_availability
04-11 03:35:40.563 26455 26477 I native-activity: Frame 282 GL error is 0x506
04-11 03:35:40.564 26455 26477 I native-activity: Frame 282 time is 31.572ms
04-11 03:35:40.564 26455 26477 I native-activity: Swap 282 time is 32.126ms
04-11 03:35:40.565 26455 26477 I native-activity: Animating
04-11 03:35:40.585 26455 26477 I native-activity: Frame 283 GL error is 0x506
04-11 03:35:40.585 26455 26477 I native-activity: Frame 283 time is 20.832ms
04-11 03:35:40.586 26455 26477 I native-activity: Swap 283 time is 20.983ms
04-11 03:35:40.586 26455 26477 I native-activity: Animating
04-11 03:35:40.612 26455 26477 I native-activity: Frame 284 GL error is 0x506
04-11 03:35:40.612 26455 26477 I native-activity: Frame 284 time is 26.705ms
04-11 03:35:40.613 26455 26477 I native-activity: Swap 284 time is 26.898ms
04-11 03:35:40.613 26455 26477 I native-activity: Animating
04-11 03:35:40.731 26455 26477 I native-activity: Frame 285 GL error is 0x506
04-11 03:35:40.731 26455 26477 I native-activity: Frame 285 time is 118.597ms
04-11 03:35:40.732 26455 26477 I native-activity: Swap 285 time is 118.868ms
04-11 03:35:40.732 26455 26477 I native-activity: Animating
04-11 03:35:40.745 26455 26477 I native-activity: Frame 286 GL error is 0x506
04-11 03:35:40.746 26455 26477 I native-activity: Frame 286 time is 13.738ms
04-11 03:35:40.746 26455 26477 I native-activity: Swap 286 time is 14.107ms
04-11 03:35:40.746 26455 26477 I native-activity: Animating
04-11 03:35:40.758 26455 26477 I native-activity: Frame 287 GL error is 0x506
04-11 03:35:40.758 26455 26477 I native-activity: Frame 287 time is 11.650ms
04-11 03:35:40.758 26455 26477 I native-activity: Swap 287 time is 11.886ms
04-11 03:35:40.758 26455 26477 I native-activity: Animating
04-11 03:35:40.828 26455 26477 I native-activity: Frame 288 GL error is 0x506
04-11 03:35:40.828 26455 26477 I native-activity: Frame 288 time is 69.800ms
04-11 03:35:40.829 26455 26477 I native-activity: Swap 288 time is 70.324ms
04-11 03:35:40.829 26455 26477 I native-activity: Animating
04-11 03:35:40.843 26455 26477 I native-activity: Frame 289 GL error is 0x506
04-11 03:35:40.843 26455 26477 I native-activity: Frame 289 time is 14.396ms
04-11 03:35:40.843 26455 26477 I native-activity: Swap 289 time is 14.706ms
04-11 03:35:40.844 26455 26477 I native-activity: Animating
04-11 03:35:40.855 26455 26477 I native-activity: Frame 290 GL error is 0x506
04-11 03:35:40.855 26455 26477 I native-activity: Frame 290 time is 11.022ms
04-11 03:35:40.855 26455 26477 I native-activity: Swap 290 time is 11.324ms
04-11 03:35:40.855 26455 26477 I native-activity: Animating
04-11 03:35:40.922 26455 26477 I native-activity: Frame 291 GL error is 0x506
04-11 03:35:40.922 26455 26477 I native-activity: Frame 291 time is 66.734ms
04-11 03:35:40.923 26455 26477 I native-activity: Swap 291 time is 67.601ms
04-11 03:35:40.923 26455 26477 I native-activity: Animating
04-11 03:35:40.936 26455 26477 I native-activity: Frame 292 GL error is 0x506
04-11 03:35:40.936 26455 26477 I native-activity: Frame 292 time is 13.265ms
04-11 03:35:40.937 26455 26477 I native-activity: Swap 292 time is 13.494ms
04-11 03:35:40.937 26455 26477 I native-activity: Animating
04-11 03:35:40.965 26455 26477 I native-activity: Frame 293 GL error is 0x506
04-11 03:35:40.965 26455 26477 I native-activity: Frame 293 time is 28.415ms
04-11 03:35:40.965 26455 26477 I native-activity: Swap 293 time is 28.670ms
04-11 03:35:40.966 26455 26477 I native-activity: Animating
04-11 03:35:41.020 26455 26477 I native-activity: Frame 294 GL error is 0x506
04-11 03:35:41.020 26455 26477 I native-activity: Frame 294 time is 54.769ms
04-11 03:35:41.021 26455 26477 I native-activity: Swap 294 time is 55.301ms
04-11 03:35:41.021 26455 26477 I native-activity: Animating
04-11 03:35:41.037 26455 26477 I native-activity: Frame 295 GL error is 0x506
04-11 03:35:41.037 26455 26477 I native-activity: Frame 295 time is 15.736ms
04-11 03:35:41.037 26455 26477 I native-activity: Swap 295 time is 16.063ms
04-11 03:35:41.037 26455 26477 I native-activity: Animating
04-11 03:35:41.048 26455 26477 I native-activity: Frame 296 GL error is 0x506
04-11 03:35:41.048 26455 26477 I native-activity: Frame 296 time is 10.369ms
04-11 03:35:41.048 26455 26477 I native-activity: Swap 296 time is 10.525ms
04-11 03:35:41.048 26455 26477 I native-activity: Animating
04-11 03:35:41.109 26455 26477 I native-activity: Frame 297 GL error is 0x506
04-11 03:35:41.110 26455 26477 I native-activity: Frame 297 time is 61.455ms
04-11 03:35:41.110 26455 26477 I native-activity: Swap 297 time is 61.692ms
04-11 03:35:41.110 26455 26477 I native-activity: Animating
04-11 03:35:41.124 26455 26477 I native-activity: Frame 298 GL error is 0x506
04-11 03:35:41.124 26455 26477 I native-activity: Frame 298 time is 13.729ms
04-11 03:35:41.124 26455 26477 I native-activity: Swap 298 time is 13.952ms
04-11 03:35:41.124 26455 26477 I native-activity: Animating
04-11 03:35:41.139 26455 26477 I native-activity: Frame 299 GL error is 0x506
04-11 03:35:41.139 26455 26477 I native-activity: Frame 299 time is 14.341ms
04-11 03:35:41.139 26455 26477 I native-activity: Swap 299 time is 14.490ms
04-11 03:35:41.139 26455 26477 I native-activity: Animating
04-11 03:35:41.205 26455 26477 I native-activity: Frame 300 GL error is 0x506
04-11 03:35:41.205 26455 26477 I native-activity: Frame 300 time is 66.269ms
04-11 03:35:41.205 26455 26477 I native-activity: Swap 300 time is 66.587ms
04-11 03:35:41.206 26455 26477 I native-activity: Animating
04-11 03:35:41.223 26455 26477 I native-activity: Frame 301 GL error is 0x506
04-11 03:35:41.223 26455 26477 I native-activity: Frame 301 time is 17.654ms
04-11 03:35:41.224 26455 26477 I native-activity: Swap 301 time is 18.033ms
04-11 03:35:41.224 26455 26477 I native-activity: Animating
04-11 03:35:41.235 26455 26477 I native-activity: Frame 302 GL error is 0x506
04-11 03:35:41.235 26455 26477 I native-activity: Frame 302 time is 11.445ms
04-11 03:35:41.236 26455 26477 I native-activity: Swap 302 time is 11.600ms
04-11 03:35:41.236 26455 26477 I native-activity: Animating
04-11 03:35:41.295 26455 26477 I native-activity: Frame 303 GL error is 0x506
04-11 03:35:41.295 26455 26477 I native-activity: Frame 303 time is 59.188ms
04-11 03:35:41.295 26455 26477 I native-activity: Swap 303 time is 59.440ms
04-11 03:35:41.295 26455 26477 I native-activity: Animating
04-11 03:35:41.308 26455 26477 I native-activity: Frame 304 GL error is 0x506
04-11 03:35:41.308 26455 26477 I native-activity: Frame 304 time is 12.926ms
04-11 03:35:41.309 26455 26477 I native-activity: Swap 304 time is 13.255ms
04-11 03:35:41.309 26455 26477 I native-activity: Animating
04-11 03:35:41.324 26455 26477 I native-activity: Frame 305 GL error is 0x506
04-11 03:35:41.325 26455 26477 I native-activity: Frame 305 time is 15.821ms
04-11 03:35:41.325 26455 26477 I native-activity: Swap 305 time is 15.964ms
04-11 03:35:41.325 26455 26477 I native-activity: Animating
04-11 03:35:41.385 26455 26477 I native-activity: Frame 306 GL error is 0x506
04-11 03:35:41.385 26455 26477 I native-activity: Frame 306 time is 59.986ms
04-11 03:35:41.385 26455 26477 I native-activity: Swap 306 time is 60.601ms
04-11 03:35:41.386 26455 26477 I native-activity: Animating
04-11 03:35:41.402 26455 26477 I native-activity: Frame 307 GL error is 0x506
04-11 03:35:41.402 26455 26477 I native-activity: Frame 307 time is 16.322ms
04-11 03:35:41.402 26455 26477 I native-activity: Swap 307 time is 16.682ms
04-11 03:35:41.402 26455 26477 I native-activity: Animating
04-11 03:35:41.413 26455 26477 I native-activity: Frame 308 GL error is 0x506
04-11 03:35:41.413 26455 26477 I native-activity: Frame 308 time is 10.502ms
04-11 03:35:41.413 26455 26477 I native-activity: Swap 308 time is 10.662ms
04-11 03:35:41.413 26455 26477 I native-activity: Animating
04-11 03:35:41.474 26455 26477 I native-activity: Frame 309 GL error is 0x506
04-11 03:35:41.474 26455 26477 I native-activity: Frame 309 time is 60.561ms
04-11 03:35:41.474 26455 26477 I native-activity: Swap 309 time is 60.796ms
04-11 03:35:41.474 26455 26477 I native-activity: Animating
04-11 03:35:41.489 26455 26477 I native-activity: Frame 310 GL error is 0x506
04-11 03:35:41.489 26455 26477 I native-activity: Frame 310 time is 14.659ms
04-11 03:35:41.489 26455 26477 I native-activity: Swap 310 time is 14.879ms
04-11 03:35:41.489 26455 26477 I native-activity: Animating
04-11 03:35:41.519 26455 26477 I native-activity: Frame 311 GL error is 0x501
04-11 03:35:41.519 26455 26477 I native-activity: Frame 311 time is 30.007ms
04-11 03:35:41.520 26455 26477 I native-activity: Swap 311 time is 30.250ms
04-11 03:35:41.522 26455 26477 I native-activity: Animating
04-11 03:35:41.589 26455 26477 I native-activity: Frame 312 GL error is 0x506
04-11 03:35:41.589 26455 26477 I native-activity: Frame 312 time is 67.157ms
04-11 03:35:41.589 26455 26477 I native-activity: Swap 312 time is 67.403ms
04-11 03:35:41.589 26455 26477 I native-activity: Animating
04-11 03:35:41.606 26455 26477 I native-activity: Frame 313 GL error is 0x506
04-11 03:35:41.606 26455 26477 I native-activity: Frame 313 time is 16.838ms
04-11 03:35:41.606 26455 26477 I native-activity: Swap 313 time is 17.147ms
04-11 03:35:41.607 26455 26477 I native-activity: Animating
04-11 03:35:41.619 26455 26477 I native-activity: Frame 314 GL error is 0x506
04-11 03:35:41.619 26455 26477 I native-activity: Frame 314 time is 12.865ms
04-11 03:35:41.620 26455 26477 I native-activity: Swap 314 time is 13.065ms
04-11 03:35:41.620 26455 26477 I native-activity: Animating
04-11 03:35:41.681 26455 26477 I native-activity: Frame 315 GL error is 0x506
04-11 03:35:41.681 26455 26477 I native-activity: Frame 315 time is 60.701ms
04-11 03:35:41.681 26455 26477 I native-activity: Swap 315 time is 61.072ms
04-11 03:35:41.681 26455 26477 I native-activity: Animating
04-11 03:35:41.695 26455 26477 I native-activity: Frame 316 GL error is 0x506
04-11 03:35:41.695 26455 26477 I native-activity: Frame 316 time is 13.228ms
04-11 03:35:41.695 26455 26477 I native-activity: Swap 316 time is 13.490ms
04-11 03:35:41.695 26455 26477 I native-activity: Animating
04-11 03:35:41.707 26455 26477 I native-activity: Frame 317 GL error is 0x506
04-11 03:35:41.707 26455 26477 I native-activity: Frame 317 time is 11.415ms
04-11 03:35:41.707 26455 26477 I native-activity: Swap 317 time is 11.629ms
04-11 03:35:41.707 26455 26477 I native-activity: Animating
04-11 03:35:41.769 26455 26477 I native-activity: Frame 318 GL error is 0x506
04-11 03:35:41.769 26455 26477 I native-activity: Frame 318 time is 62.305ms
04-11 03:35:41.770 26455 26477 I native-activity: Swap 318 time is 62.701ms
04-11 03:35:41.770 26455 26477 I native-activity: Animating
04-11 03:35:41.788 26455 26477 I native-activity: Frame 319 GL error is 0x506
04-11 03:35:41.788 26455 26477 I native-activity: Frame 319 time is 18.073ms
04-11 03:35:41.788 26455 26477 I native-activity: Swap 319 time is 18.417ms
04-11 03:35:41.788 26455 26477 I native-activity: Animating
04-11 03:35:41.802 26455 26477 I native-activity: Frame 320 GL error is 0x506
04-11 03:35:41.802 26455 26477 I native-activity: Frame 320 time is 13.220ms
04-11 03:35:41.802 26455 26477 I native-activity: Swap 320 time is 13.499ms
04-11 03:35:41.802 26455 26477 I native-activity: Animating
04-11 03:35:41.862 26455 26477 I native-activity: Frame 321 GL error is 0x506
04-11 03:35:41.862 26455 26477 I native-activity: Frame 321 time is 60.295ms
04-11 03:35:41.863 26455 26477 I native-activity: Swap 321 time is 60.560ms
04-11 03:35:41.863 26455 26477 I native-activity: Animating
04-11 03:35:41.876 26455 26477 I native-activity: Frame 322 GL error is 0x506
04-11 03:35:41.876 26455 26477 I native-activity: Frame 322 time is 13.520ms
04-11 03:35:41.877 26455 26477 I native-activity: Swap 322 time is 13.761ms
04-11 03:35:41.877 26455 26477 I native-activity: Animating
04-11 03:35:41.888 26455 26477 I native-activity: Frame 323 GL error is 0x506
04-11 03:35:41.888 26455 26477 I native-activity: Frame 323 time is 11.070ms
04-11 03:35:41.888 26455 26477 I native-activity: Swap 323 time is 11.319ms
04-11 03:35:41.888 26455 26477 I native-activity: Animating
04-11 03:35:41.951 26455 26477 I native-activity: Frame 324 GL error is 0x506
04-11 03:35:41.952 26455 26477 I native-activity: Frame 324 time is 63.285ms
04-11 03:35:41.952 26455 26477 I native-activity: Swap 324 time is 63.534ms
04-11 03:35:41.952 26455 26477 I native-activity: Animating
04-11 03:35:41.964 26455 26477 I native-activity: Frame 325 GL error is 0x506
04-11 03:35:41.964 26455 26477 I native-activity: Frame 325 time is 11.648ms
04-11 03:35:41.964 26455 26477 I native-activity: Swap 325 time is 11.927ms
04-11 03:35:41.964 26455 26477 I native-activity: Animating
04-11 03:35:41.980 26455 26477 I native-activity: Frame 326 GL error is 0x506
04-11 03:35:41.981 26455 26477 I native-activity: Frame 326 time is 16.430ms
04-11 03:35:41.981 26455 26477 I native-activity: Swap 326 time is 16.739ms
04-11 03:35:41.981 26455 26477 I native-activity: Animating
04-11 03:35:42.047 26455 26477 I native-activity: Frame 327 GL error is 0x506
04-11 03:35:42.048 26455 26477 I native-activity: Frame 327 time is 66.447ms
04-11 03:35:42.048 26455 26477 I native-activity: Swap 327 time is 66.706ms
04-11 03:35:42.048 26455 26477 I native-activity: Animating
04-11 03:35:42.061 26455 26477 I native-activity: Frame 328 GL error is 0x506
04-11 03:35:42.061 26455 26477 I native-activity: Frame 328 time is 13.062ms
04-11 03:35:42.062 26455 26477 I native-activity: Swap 328 time is 14.151ms
04-11 03:35:42.062 26455 26477 I native-activity: Animating
04-11 03:35:42.073 26455 26477 I native-activity: Frame 329 GL error is 0x506
04-11 03:35:42.073 26455 26477 I native-activity: Frame 329 time is 10.645ms
04-11 03:35:42.073 26455 26477 I native-activity: Swap 329 time is 10.770ms
04-11 03:35:42.073 26455 26477 I native-activity: Animating
04-11 03:35:42.139 26455 26477 I native-activity: Frame 330 GL error is 0x506
04-11 03:35:42.139 26455 26477 I native-activity: Frame 330 time is 66.243ms
04-11 03:35:42.140 26455 26477 I native-activity: Swap 330 time is 66.673ms
04-11 03:35:42.141 26455 26477 I native-activity: Animating
04-11 03:35:42.161 26455 26477 I native-activity: Frame 331 GL error is 0x506
04-11 03:35:42.161 26455 26477 I native-activity: Frame 331 time is 20.694ms
04-11 03:35:42.162 26455 26477 I native-activity: Swap 331 time is 20.919ms
04-11 03:35:42.162 26455 26477 I native-activity: Animating
04-11 03:35:42.183 26455 26477 I native-activity: Frame 332 GL error is 0x506
04-11 03:35:42.183 26455 26477 I native-activity: Frame 332 time is 21.230ms
04-11 03:35:42.184 26455 26477 I native-activity: Swap 332 time is 22.226ms
04-11 03:35:42.185 26455 26477 I native-activity: Animating
04-11 03:35:42.247 26455 26477 I native-activity: Frame 333 GL error is 0x506
04-11 03:35:42.247 26455 26477 I native-activity: Frame 333 time is 62.025ms
04-11 03:35:42.247 26455 26477 I native-activity: Swap 333 time is 62.389ms
04-11 03:35:42.247 26455 26477 I native-activity: Animating
04-11 03:35:42.268 26455 26477 I native-activity: Frame 334 GL error is 0x506
04-11 03:35:42.268 26455 26477 I native-activity: Frame 334 time is 20.792ms
04-11 03:35:42.268 26455 26477 I native-activity: Swap 334 time is 21.088ms
04-11 03:35:42.269 26455 26477 I native-activity: Animating
04-11 03:35:42.282 26455 26477 I native-activity: Frame 335 GL error is 0x506
04-11 03:35:42.282 26455 26477 I native-activity: Frame 335 time is 13.464ms
04-11 03:35:42.282 26455 26477 I native-activity: Swap 335 time is 13.630ms
04-11 03:35:42.282 26455 26477 I native-activity: Animating
04-11 03:35:42.339 26455 26477 I native-activity: Frame 336 GL error is 0x506
04-11 03:35:42.339 26455 26477 I native-activity: Frame 336 time is 56.788ms
04-11 03:35:42.339 26455 26477 I native-activity: Swap 336 time is 57.047ms
04-11 03:35:42.340 26455 26477 I native-activity: Animating
04-11 03:35:42.353 26455 26477 I native-activity: Frame 337 GL error is 0x506
04-11 03:35:42.353 26455 26477 I native-activity: Frame 337 time is 13.837ms
04-11 03:35:42.354 26455 26477 I native-activity: Swap 337 time is 14.058ms
04-11 03:35:42.354 26455 26477 I native-activity: Animating
04-11 03:35:42.364 26455 26477 I native-activity: Frame 338 GL error is 0x506
04-11 03:35:42.364 26455 26477 I native-activity: Frame 338 time is 10.574ms
04-11 03:35:42.365 26455 26477 I native-activity: Swap 338 time is 10.756ms
04-11 03:35:42.365 26455 26477 I native-activity: Animating
04-11 03:35:42.395   448   605 E WifiStateMachine: WifiStateMachine shouldSwitchNetwork  txSuccessRate=28845.25 rxSuccessRate=85271.75 delta 1000 -> 1
04-11 03:35:42.399   448   605 E WifiStateMachine: CMD_AUTO_CONNECT sup state ScanState my state DisconnectedState nid=0 roam=3
04-11 03:35:42.399   448   605 E WifiStateMachine: CMD_AUTO_CONNECT will save config -> "wildfredland" nid=0
04-11 03:35:42.434 26455 26477 I native-activity: Frame 339 GL error is 0x506
04-11 03:35:42.434 26455 26477 I native-activity: Frame 339 time is 69.579ms
04-11 03:35:42.435 26455 26477 I native-activity: Swap 339 time is 69.837ms
04-11 03:35:42.435 26455 26477 I native-activity: Animating
04-11 03:35:42.439   448   605 E WifiConfigStore: Setting BSSID for "wildfredland"WPA_PSK to any
04-11 03:35:42.445   448   605 E WifiConfigStore: will read network variables netId=0
04-11 03:35:42.455 26455 26477 I native-activity: Frame 340 GL error is 0x506
04-11 03:35:42.455 26455 26477 I native-activity: Frame 340 time is 20.463ms
04-11 03:35:42.456 26455 26477 I native-activity: Swap 340 time is 20.737ms
04-11 03:35:42.456 26455 26477 I native-activity: Animating
04-11 03:35:42.472 26455 26477 I native-activity: Frame 341 GL error is 0x506
04-11 03:35:42.472 26455 26477 I native-activity: Frame 341 time is 16.405ms
04-11 03:35:42.473 26455 26477 I native-activity: Swap 341 time is 16.927ms
04-11 03:35:42.473   448   605 E WifiStateMachine: CMD_AUTO_CONNECT did save config ->  nid=0
04-11 03:35:42.474 26455 26477 I native-activity: Animating
04-11 03:35:42.477   448   605 E WifiConfigStore: will read network variables netId=0
04-11 03:35:42.515   663   663 I wpa_supplicant: wlan0: Trying to associate with b0:48:7a:cb:7c:ec (SSID='wildfredland' freq=2427 MHz)
04-11 03:35:42.535 26455 26477 I native-activity: Frame 342 GL error is 0x506
04-11 03:35:42.535 26455 26477 I native-activity: Frame 342 time is 61.086ms
04-11 03:35:42.535 26455 26477 I native-activity: Swap 342 time is 61.335ms
04-11 03:35:42.535 26455 26477 I native-activity: Animating
04-11 03:35:42.547 26455 26477 I native-activity: Frame 343 GL error is 0x506
04-11 03:35:42.547 26455 26477 I native-activity: Frame 343 time is 12.062ms
04-11 03:35:42.548 26455 26477 I native-activity: Swap 343 time is 12.448ms
04-11 03:35:42.548 26455 26477 I native-activity: Animating
04-11 03:35:42.560 26455 26477 I native-activity: Frame 344 GL error is 0x506
04-11 03:35:42.560 26455 26477 I native-activity: Frame 344 time is 12.351ms
04-11 03:35:42.560 26455 26477 I native-activity: Swap 344 time is 12.477ms
04-11 03:35:42.560 26455 26477 I native-activity: Animating
04-11 03:35:42.629 26455 26477 I native-activity: Frame 345 GL error is 0x506
04-11 03:35:42.629 26455 26477 I native-activity: Frame 345 time is 68.338ms
04-11 03:35:42.629 26455 26477 I native-activity: Swap 345 time is 68.704ms
04-11 03:35:42.629 26455 26477 I native-activity: Animating
04-11 03:35:42.643 26455 26477 I native-activity: Frame 346 GL error is 0x506
04-11 03:35:42.643 26455 26477 I native-activity: Frame 346 time is 13.662ms
04-11 03:35:42.643 26455 26477 I native-activity: Swap 346 time is 13.904ms
04-11 03:35:42.643 26455 26477 I native-activity: Animating
04-11 03:35:42.654 26455 26477 I native-activity: Frame 347 GL error is 0x506
04-11 03:35:42.654 26455 26477 I native-activity: Frame 347 time is 10.529ms
04-11 03:35:42.654 26455 26477 I native-activity: Swap 347 time is 10.737ms
04-11 03:35:42.654 26455 26477 I native-activity: Animating
04-11 03:35:42.717 26455 26477 I native-activity: Frame 348 GL error is 0x506
04-11 03:35:42.717 26455 26477 I native-activity: Frame 348 time is 62.269ms
04-11 03:35:42.717 26455 26477 I native-activity: Swap 348 time is 62.505ms
04-11 03:35:42.717 26455 26477 I native-activity: Animating
04-11 03:35:42.730 26455 26477 I native-activity: Frame 349 GL error is 0x506
04-11 03:35:42.730 26455 26477 I native-activity: Frame 349 time is 13.343ms
04-11 03:35:42.731 26455 26477 I native-activity: Swap 349 time is 13.572ms
04-11 03:35:42.731 26455 26477 I native-activity: Animating
04-11 03:35:42.742 26455 26477 I native-activity: Frame 350 GL error is 0x506
04-11 03:35:42.742 26455 26477 I native-activity: Frame 350 time is 11.453ms
04-11 03:35:42.743 26455 26477 I native-activity: Swap 350 time is 11.700ms
04-11 03:35:42.743 26455 26477 I native-activity: Animating
04-11 03:35:42.805 26455 26477 I native-activity: Frame 351 GL error is 0x506
04-11 03:35:42.805 26455 26477 I native-activity: Frame 351 time is 62.581ms
04-11 03:35:42.806 26455 26477 I native-activity: Swap 351 time is 62.834ms
04-11 03:35:42.806 26455 26477 I native-activity: Animating
04-11 03:35:42.822 26455 26477 I native-activity: Frame 352 GL error is 0x506
04-11 03:35:42.822 26455 26477 I native-activity: Frame 352 time is 16.126ms
04-11 03:35:42.822 26455 26477 I native-activity: Swap 352 time is 16.468ms
04-11 03:35:42.822 26455 26477 I native-activity: Animating
04-11 03:35:42.830   663   663 I wpa_supplicant: wlan0: Associated with b0:48:7a:cb:7c:ec
04-11 03:35:42.846 26455 26477 I native-activity: Frame 353 GL error is 0x506
04-11 03:35:42.846 26455 26477 I native-activity: Frame 353 time is 23.511ms
04-11 03:35:42.847 26455 26477 I native-activity: Swap 353 time is 24.313ms
04-11 03:35:42.847 26455 26477 I native-activity: Animating
04-11 03:35:42.860   663   663 I wpa_supplicant: wlan0: WPA: Key negotiation completed with b0:48:7a:cb:7c:ec [PTK=CCMP GTK=CCMP]
04-11 03:35:42.860   663   663 I wpa_supplicant: wlan0: CTRL-EVENT-CONNECTED - Connection to b0:48:7a:cb:7c:ec completed [id=0 id_str=]
04-11 03:35:42.888   448   605 D ConnectivityService: registerNetworkAgent NetworkAgentInfo{ ni{[type: WIFI[], state: CONNECTING/CONNECTING, reason: (unspecified), extra: "wildfredland", roaming: false, failover: false, isAvailable: true, isConnectedToProvisioningNetwork: false]}  network{null}  lp{{InterfaceName: wlan0 LinkAddresses: []  Routes: [] DnsAddresses: [] Domains: null MTU: 0 TcpBufferSizes: 524288,1048576,2097152,262144,524288,1048576}}  nc{[ Transports: WIFI Capabilities: INTERNET&NOT_RESTRICTED&TRUSTED&NOT_VPN LinkUpBandwidth>=1048576Kbps LinkDnBandwidth>=1048576Kbps]}  Score{20}  everValidated{false}  lastValidated{false}  created{false}  explicitlySelected{false} }
04-11 03:35:42.888   448   605 E WifiConfigStore: saveWifiConfigBSSID Setting BSSID for "wildfredland"WPA_PSK to any
04-11 03:35:42.888   448   613 D ConnectivityService: NetworkAgentInfo [WIFI () - 2787] EVENT_NETWORK_INFO_CHANGED, going from null to CONNECTING
04-11 03:35:42.893   448   605 E WifiConfigStore: saveWifiConfigBSSID Setting BSSID for "wildfredland"WPA_PSK to any
04-11 03:35:42.902   121   427 D CommandListener: Setting iface cfg
04-11 03:35:42.903   448   605 E WifiStateMachine: Start Dhcp Watchdog 2793
04-11 03:35:42.915 25234 25234 D Event   : No subscribers registered for event class com.tplink.hellotp.shared.o
04-11 03:35:42.915 25234 25234 D Event   : No subscribers registered for event class de.greenrobot.event.f
04-11 03:35:42.915   448   613 D ConnectivityService: updateNetworkScore for NetworkAgentInfo [WIFI () - 2787] to 60
04-11 03:35:42.927 26455 26477 I native-activity: Frame 354 GL error is 0x506
04-11 03:35:42.927 26455 26477 I native-activity: Frame 354 time is 79.928ms
04-11 03:35:42.928 26455 26477 I native-activity: Swap 354 time is 80.395ms
04-11 03:35:42.928 26455 26477 I native-activity: Animating
04-11 03:35:42.943 26455 26477 I native-activity: Frame 355 GL error is 0x506
04-11 03:35:42.943 26455 26477 I native-activity: Frame 355 time is 14.884ms
04-11 03:35:42.943 26455 26477 I native-activity: Swap 355 time is 15.350ms
04-11 03:35:42.943 26455 26477 I native-activity: Animating
04-11 03:35:42.954 26455 26477 I native-activity: Frame 356 GL error is 0x506
04-11 03:35:42.954 26455 26477 I native-activity: Frame 356 time is 10.743ms
04-11 03:35:42.954 26455 26477 I native-activity: Swap 356 time is 10.861ms
04-11 03:35:42.955 26455 26477 I native-activity: Animating
04-11 03:35:43.017 26455 26477 I native-activity: Frame 357 GL error is 0x506
04-11 03:35:43.017 26455 26477 I native-activity: Frame 357 time is 62.101ms
04-11 03:35:43.017 26455 26477 I native-activity: Swap 357 time is 62.339ms
04-11 03:35:43.017 26455 26477 I native-activity: Animating
04-11 03:35:43.031 26455 26477 I native-activity: Frame 358 GL error is 0x506
04-11 03:35:43.031 26455 26477 I native-activity: Frame 358 time is 14.054ms
04-11 03:35:43.031 26455 26477 I native-activity: Swap 358 time is 14.295ms
04-11 03:35:43.032 26455 26477 I native-activity: Animating
04-11 03:35:43.061 26455 26477 I native-activity: Frame 359 GL error is 0x506
04-11 03:35:43.061 26455 26477 I native-activity: Frame 359 time is 29.726ms
04-11 03:35:43.062 26455 26477 I native-activity: Swap 359 time is 30.117ms
04-11 03:35:43.062 26455 26477 I native-activity: Animating
04-11 03:35:43.121 26455 26477 I native-activity: Frame 360 GL error is 0x506
04-11 03:35:43.122 26455 26477 I native-activity: Frame 360 time is 59.422ms
04-11 03:35:43.122 26455 26477 I native-activity: Swap 360 time is 59.669ms
04-11 03:35:43.122 26455 26477 I native-activity: Animating
04-11 03:35:43.135 26455 26477 I native-activity: Frame 361 GL error is 0x506
04-11 03:35:43.135 26455 26477 I native-activity: Frame 361 time is 13.364ms
04-11 03:35:43.136 26455 26477 I native-activity: Swap 361 time is 13.589ms
04-11 03:35:43.136 26455 26477 I native-activity: Animating
04-11 03:35:43.147 26455 26477 I native-activity: Frame 362 GL error is 0x506
04-11 03:35:43.147 26455 26477 I native-activity: Frame 362 time is 11.081ms
04-11 03:35:43.147 26455 26477 I native-activity: Swap 362 time is 11.225ms
04-11 03:35:43.147 26455 26477 I native-activity: Animating
04-11 03:35:43.181   448   605 E native  : do suspend false
04-11 03:35:43.194   448   605 E WifiStateMachine: Unexpected BatchedScanResults :OK
04-11 03:35:43.212 26455 26477 I native-activity: Frame 363 GL error is 0x506
04-11 03:35:43.212 26455 26477 I native-activity: Frame 363 time is 65.135ms
04-11 03:35:43.213 26455 26477 I native-activity: Swap 363 time is 65.391ms
04-11 03:35:43.213 26455 26477 I native-activity: Animating
04-11 03:35:43.225 26455 26477 I native-activity: Frame 364 GL error is 0x506
04-11 03:35:43.226 26455 26477 I native-activity: Frame 364 time is 12.839ms
04-11 03:35:43.226 26455 26477 I native-activity: Swap 364 time is 13.076ms
04-11 03:35:43.226 26455 26477 I native-activity: Animating
04-11 03:35:43.238 26455 26477 I native-activity: Frame 365 GL error is 0x506
04-11 03:35:43.238 26455 26477 I native-activity: Frame 365 time is 11.630ms
04-11 03:35:43.238 26455 26477 I native-activity: Swap 365 time is 11.750ms
04-11 03:35:43.238 26455 26477 I native-activity: Animating
04-11 03:35:43.301 26455 26477 I native-activity: Frame 366 GL error is 0x506
04-11 03:35:43.301 26455 26477 I native-activity: Frame 366 time is 63.214ms
04-11 03:35:43.301 26455 26477 I native-activity: Swap 366 time is 63.455ms
04-11 03:35:43.301 26455 26477 I native-activity: Animating
04-11 03:35:43.316 26455 26477 I native-activity: Frame 367 GL error is 0x506
04-11 03:35:43.316 26455 26477 I native-activity: Frame 367 time is 14.789ms
04-11 03:35:43.316 26455 26477 I native-activity: Swap 367 time is 15.021ms
04-11 03:35:43.317 26455 26477 I native-activity: Animating
04-11 03:35:43.327 26455 26477 I native-activity: Frame 368 GL error is 0x506
04-11 03:35:43.327 26455 26477 I native-activity: Frame 368 time is 10.828ms
04-11 03:35:43.328 26455 26477 I native-activity: Swap 368 time is 10.986ms
04-11 03:35:43.328 26455 26477 I native-activity: Animating
04-11 03:35:43.391 26455 26477 I native-activity: Frame 369 GL error is 0x506
04-11 03:35:43.391 26455 26477 I native-activity: Frame 369 time is 63.313ms
04-11 03:35:43.391 26455 26477 I native-activity: Swap 369 time is 63.574ms
04-11 03:35:43.391 26455 26477 I native-activity: Animating
04-11 03:35:43.408 26455 26477 I native-activity: Frame 370 GL error is 0x506
04-11 03:35:43.408 26455 26477 I native-activity: Frame 370 time is 16.638ms
04-11 03:35:43.408 26455 26477 I native-activity: Swap 370 time is 16.920ms
04-11 03:35:43.409 26455 26477 I native-activity: Animating
04-11 03:35:43.423 26493 26493 I dhcpcd  : version 5.5.6 starting
04-11 03:35:43.426 26493 26493 E dhcpcd  : get_duid: Read-only file system
04-11 03:35:43.426 26455 26477 I native-activity: Frame 371 GL error is 0x506
04-11 03:35:43.426 26455 26477 I native-activity: Frame 371 time is 17.061ms
04-11 03:35:43.426 26455 26477 I native-activity: Swap 371 time is 17.424ms
04-11 03:35:43.427 26455 26477 I native-activity: Animating
04-11 03:35:43.491 26455 26477 I native-activity: Frame 372 GL error is 0x506
04-11 03:35:43.491 26455 26477 I native-activity: Frame 372 time is 63.691ms
04-11 03:35:43.491 26455 26477 I native-activity: Swap 372 time is 63.979ms
04-11 03:35:43.491 26455 26477 I native-activity: Animating
04-11 03:35:43.512 26455 26477 I native-activity: Frame 373 GL error is 0x506
04-11 03:35:43.512 26455 26477 I native-activity: Frame 373 time is 20.490ms
04-11 03:35:43.512 26455 26477 I native-activity: Swap 373 time is 20.754ms
04-11 03:35:43.512 26455 26477 I native-activity: Animating
04-11 03:35:43.525 26455 26477 I native-activity: Frame 374 GL error is 0x506
04-11 03:35:43.526 26455 26477 I native-activity: Frame 374 time is 13.216ms
04-11 03:35:43.526 26455 26477 I native-activity: Swap 374 time is 13.602ms
04-11 03:35:43.526 26455 26477 I native-activity: Animating
04-11 03:35:43.550 26493 26493 I dhcpcd  : wlan0: rebinding lease of 192.168.1.110
04-11 03:35:43.589 26455 26477 I native-activity: Frame 375 GL error is 0x506
04-11 03:35:43.589 26455 26477 I native-activity: Frame 375 time is 62.935ms
04-11 03:35:43.590 26455 26477 I native-activity: Swap 375 time is 63.210ms
04-11 03:35:43.590 26455 26477 I native-activity: Animating
04-11 03:35:43.602 26455 26477 I native-activity: Frame 376 GL error is 0x506
04-11 03:35:43.602 26455 26477 I native-activity: Frame 376 time is 12.584ms
04-11 03:35:43.603 26455 26477 I native-activity: Swap 376 time is 12.846ms
04-11 03:35:43.603 26455 26477 I native-activity: Animating
04-11 03:35:43.614 26455 26477 I native-activity: Frame 377 GL error is 0x506
04-11 03:35:43.615 26455 26477 I native-activity: Frame 377 time is 11.826ms
04-11 03:35:43.615 26455 26477 I native-activity: Swap 377 time is 11.944ms
04-11 03:35:43.615 26455 26477 I native-activity: Animating
04-11 03:35:43.678 26455 26477 I native-activity: Frame 378 GL error is 0x506
04-11 03:35:43.678 26455 26477 I native-activity: Frame 378 time is 63.003ms
04-11 03:35:43.678 26455 26477 I native-activity: Swap 378 time is 63.254ms
04-11 03:35:43.678 26455 26477 I native-activity: Animating
04-11 03:35:43.692 26455 26477 I native-activity: Frame 379 GL error is 0x506
04-11 03:35:43.692 26455 26477 I native-activity: Frame 379 time is 14.013ms
04-11 03:35:43.692 26455 26477 I native-activity: Swap 379 time is 14.252ms
04-11 03:35:43.693 26455 26477 I native-activity: Animating
04-11 03:35:43.703 26455 26477 I native-activity: Frame 380 GL error is 0x506
04-11 03:35:43.703 26455 26477 I native-activity: Frame 380 time is 10.588ms
04-11 03:35:43.703 26455 26477 I native-activity: Swap 380 time is 10.745ms
04-11 03:35:43.704 26455 26477 I native-activity: Animating
04-11 03:35:43.766 26455 26477 I native-activity: Frame 381 GL error is 0x506
04-11 03:35:43.766 26455 26477 I native-activity: Frame 381 time is 62.662ms
04-11 03:35:43.766 26455 26477 I native-activity: Swap 381 time is 62.894ms
04-11 03:35:43.767 26455 26477 I native-activity: Animating
04-11 03:35:43.780 26455 26477 I native-activity: Frame 382 GL error is 0x506
04-11 03:35:43.780 26455 26477 I native-activity: Frame 382 time is 13.085ms
04-11 03:35:43.780 26455 26477 I native-activity: Swap 382 time is 13.708ms
04-11 03:35:43.780 26455 26477 I native-activity: Animating
04-11 03:35:43.792 26455 26477 I native-activity: Frame 383 GL error is 0x506
04-11 03:35:43.792 26455 26477 I native-activity: Frame 383 time is 11.406ms
04-11 03:35:43.792 26455 26477 I native-activity: Swap 383 time is 11.614ms
04-11 03:35:43.792 26455 26477 I native-activity: Animating
04-11 03:35:43.855 26455 26477 I native-activity: Frame 384 GL error is 0x506
04-11 03:35:43.855 26455 26477 I native-activity: Frame 384 time is 62.879ms
04-11 03:35:43.856 26455 26477 I native-activity: Swap 384 time is 63.297ms
04-11 03:35:43.856 26455 26477 I native-activity: Animating
04-11 03:35:43.868 26455 26477 I native-activity: Frame 385 GL error is 0x506
04-11 03:35:43.869 26455 26477 I native-activity: Frame 385 time is 12.832ms
04-11 03:35:43.869 26455 26477 I native-activity: Swap 385 time is 13.059ms
04-11 03:35:43.869 26455 26477 I native-activity: Animating
04-11 03:35:43.884 26455 26477 I native-activity: Frame 386 GL error is 0x506
04-11 03:35:43.884 26455 26477 I native-activity: Frame 386 time is 14.844ms
04-11 03:35:43.885 26455 26477 I native-activity: Swap 386 time is 15.042ms
04-11 03:35:43.885 26455 26477 I native-activity: Animating
04-11 03:35:43.946 26455 26477 I native-activity: Frame 387 GL error is 0x506
04-11 03:35:43.947 26455 26477 I native-activity: Frame 387 time is 61.833ms
04-11 03:35:43.947 26455 26477 I native-activity: Swap 387 time is 62.100ms
04-11 03:35:43.947 26455 26477 I native-activity: Animating
04-11 03:35:43.963 26455 26477 I native-activity: Frame 388 GL error is 0x506
04-11 03:35:43.963 26455 26477 I native-activity: Frame 388 time is 15.956ms
04-11 03:35:43.963 26455 26477 I native-activity: Swap 388 time is 16.201ms
04-11 03:35:43.963 26455 26477 I native-activity: Animating
04-11 03:35:43.974 26455 26477 I native-activity: Frame 389 GL error is 0x506
04-11 03:35:43.974 26455 26477 I native-activity: Frame 389 time is 10.784ms
04-11 03:35:43.975 26455 26477 I native-activity: Swap 389 time is 11.130ms
04-11 03:35:43.975 26455 26477 I native-activity: Animating
04-11 03:35:44.036 26455 26477 I native-activity: Frame 390 GL error is 0x506
04-11 03:35:44.036 26455 26477 I native-activity: Frame 390 time is 61.194ms
04-11 03:35:44.036 26455 26477 I native-activity: Swap 390 time is 61.436ms
04-11 03:35:44.036 26455 26477 I native-activity: Animating
04-11 03:35:44.049 26455 26477 I native-activity: Frame 391 GL error is 0x506
04-11 03:35:44.049 26455 26477 I native-activity: Frame 391 time is 12.575ms
04-11 03:35:44.049 26455 26477 I native-activity: Swap 391 time is 12.803ms
04-11 03:35:44.049 26455 26477 I native-activity: Animating
04-11 03:35:44.062 26455 26477 I native-activity: Frame 392 GL error is 0x506
04-11 03:35:44.062 26455 26477 I native-activity: Frame 392 time is 13.075ms
04-11 03:35:44.063 26455 26477 I native-activity: Swap 392 time is 13.229ms
04-11 03:35:44.063 26455 26477 I native-activity: Animating
04-11 03:35:44.127 26455 26477 I native-activity: Frame 393 GL error is 0x506
04-11 03:35:44.127 26455 26477 I native-activity: Frame 393 time is 64.672ms
04-11 03:35:44.128 26455 26477 I native-activity: Swap 393 time is 64.920ms
04-11 03:35:44.128 26455 26477 I native-activity: Animating
04-11 03:35:44.143 26455 26477 I native-activity: Frame 394 GL error is 0x506
04-11 03:35:44.144 26455 26477 I native-activity: Frame 394 time is 15.703ms
04-11 03:35:44.144 26455 26477 I native-activity: Swap 394 time is 15.945ms
04-11 03:35:44.144 26455 26477 I native-activity: Animating
04-11 03:35:44.154 26455 26477 I native-activity: Frame 395 GL error is 0x506
04-11 03:35:44.154 26455 26477 I native-activity: Frame 395 time is 10.045ms
04-11 03:35:44.154 26455 26477 I native-activity: Swap 395 time is 10.237ms
04-11 03:35:44.154 26455 26477 I native-activity: Animating
04-11 03:35:44.216 26455 26477 I native-activity: Frame 396 GL error is 0x506
04-11 03:35:44.216 26455 26477 I native-activity: Frame 396 time is 62.029ms
04-11 03:35:44.216 26455 26477 I native-activity: Swap 396 time is 62.262ms
04-11 03:35:44.217 26455 26477 I native-activity: Animating
04-11 03:35:44.230 26455 26477 I native-activity: Frame 397 GL error is 0x506
04-11 03:35:44.230 26455 26477 I native-activity: Frame 397 time is 13.425ms
04-11 03:35:44.230 26455 26477 I native-activity: Swap 397 time is 13.678ms
04-11 03:35:44.230 26455 26477 I native-activity: Animating
04-11 03:35:44.241 26455 26477 I native-activity: Frame 398 GL error is 0x506
04-11 03:35:44.241 26455 26477 I native-activity: Frame 398 time is 10.904ms
04-11 03:35:44.242 26455 26477 I native-activity: Swap 398 time is 11.100ms
04-11 03:35:44.242 26455 26477 I native-activity: Animating
04-11 03:35:44.305 26455 26477 I native-activity: Frame 399 GL error is 0x506
04-11 03:35:44.305 26455 26477 I native-activity: Frame 399 time is 63.238ms
04-11 03:35:44.305 26455 26477 I native-activity: Swap 399 time is 63.483ms
04-11 03:35:44.305 26455 26477 I native-activity: Animating
04-11 03:35:44.319 26455 26477 I native-activity: Frame 400 GL error is 0x506
04-11 03:35:44.319 26455 26477 I native-activity: Frame 400 time is 13.882ms
04-11 03:35:44.320 26455 26477 I native-activity: Swap 400 time is 14.126ms
04-11 03:35:44.320 26455 26477 I native-activity: Animating
04-11 03:35:44.331 26455 26477 I native-activity: Frame 401 GL error is 0x506
04-11 03:35:44.331 26455 26477 I native-activity: Frame 401 time is 11.759ms
04-11 03:35:44.332 26455 26477 I native-activity: Swap 401 time is 11.911ms
04-11 03:35:44.332 26455 26477 I native-activity: Animating
04-11 03:35:44.395 26455 26477 I native-activity: Frame 402 GL error is 0x506
04-11 03:35:44.395 26455 26477 I native-activity: Frame 402 time is 63.224ms
04-11 03:35:44.396 26455 26477 I native-activity: Swap 402 time is 64.093ms
04-11 03:35:44.396 26455 26477 I native-activity: Animating
04-11 03:35:44.412 26455 26477 I native-activity: Frame 403 GL error is 0x506
04-11 03:35:44.412 26455 26477 I native-activity: Frame 403 time is 15.892ms
04-11 03:35:44.412 26455 26477 I native-activity: Swap 403 time is 16.141ms
04-11 03:35:44.412 26455 26477 I native-activity: Animating
04-11 03:35:44.423 26455 26477 I native-activity: Frame 404 GL error is 0x506
04-11 03:35:44.423 26455 26477 I native-activity: Frame 404 time is 10.925ms
04-11 03:35:44.424 26455 26477 I native-activity: Swap 404 time is 11.272ms
04-11 03:35:44.424 26455 26477 I native-activity: Animating
04-11 03:35:44.484 26455 26477 I native-activity: Frame 405 GL error is 0x506
04-11 03:35:44.485 26455 26477 I native-activity: Frame 405 time is 60.766ms
04-11 03:35:44.485 26455 26477 I native-activity: Swap 405 time is 61.129ms
04-11 03:35:44.485 26455 26477 I native-activity: Animating
04-11 03:35:44.497 26455 26477 I native-activity: Frame 406 GL error is 0x506
04-11 03:35:44.497 26455 26477 I native-activity: Frame 406 time is 12.266ms
04-11 03:35:44.498 26455 26477 I native-activity: Swap 406 time is 12.504ms
04-11 03:35:44.498 26455 26477 I native-activity: Animating
04-11 03:35:44.510 26455 26477 I native-activity: Frame 407 GL error is 0x506
04-11 03:35:44.510 26455 26477 I native-activity: Frame 407 time is 12.218ms
04-11 03:35:44.510 26455 26477 I native-activity: Swap 407 time is 12.369ms
04-11 03:35:44.510 26455 26477 I native-activity: Animating
04-11 03:35:44.573 26455 26477 I native-activity: Frame 408 GL error is 0x506
04-11 03:35:44.574 26455 26477 I native-activity: Frame 408 time is 63.225ms
04-11 03:35:44.574 26455 26477 I native-activity: Swap 408 time is 63.460ms
04-11 03:35:44.574 26455 26477 I native-activity: Animating
04-11 03:35:44.587 26455 26477 I native-activity: Frame 409 GL error is 0x506
04-11 03:35:44.587 26455 26477 I native-activity: Frame 409 time is 12.947ms
04-11 03:35:44.587 26455 26477 I native-activity: Swap 409 time is 13.189ms
04-11 03:35:44.587 26455 26477 I native-activity: Animating
04-11 03:35:44.599 26455 26477 I native-activity: Frame 410 GL error is 0x506
04-11 03:35:44.599 26455 26477 I native-activity: Frame 410 time is 11.752ms
04-11 03:35:44.599 26455 26477 I native-activity: Swap 410 time is 11.892ms
04-11 03:35:44.599 26455 26477 I native-activity: Animating
04-11 03:35:44.662 26455 26477 I native-activity: Frame 411 GL error is 0x506
04-11 03:35:44.662 26455 26477 I native-activity: Frame 411 time is 62.965ms
04-11 03:35:44.663 26455 26477 I native-activity: Swap 411 time is 63.199ms
04-11 03:35:44.663 26455 26477 I native-activity: Animating
04-11 03:35:44.683 26455 26477 I native-activity: Frame 412 GL error is 0x506
04-11 03:35:44.683 26455 26477 I native-activity: Frame 412 time is 20.290ms
04-11 03:35:44.683 26455 26477 I native-activity: Swap 412 time is 20.527ms
04-11 03:35:44.684 26455 26477 I native-activity: Animating
04-11 03:35:44.809 26455 26477 I native-activity: Frame 413 GL error is 0x501
04-11 03:35:44.809 26455 26477 I native-activity: Frame 413 time is 125.817ms
04-11 03:35:44.810 26455 26477 I native-activity: Swap 413 time is 126.012ms
04-11 03:35:44.810 26455 26477 I native-activity: Animating
04-11 03:35:44.998 26455 26477 I native-activity: Frame 414 GL error is 0x506
04-11 03:35:44.999 26455 26477 I native-activity: Frame 414 time is 188.820ms
04-11 03:35:44.999 26455 26477 I native-activity: Swap 414 time is 189.052ms
04-11 03:35:44.999 26455 26477 I native-activity: Animating
04-11 03:35:45.013 26455 26477 I native-activity: Frame 415 GL error is 0x506
04-11 03:35:45.013 26455 26477 I native-activity: Frame 415 time is 14.458ms
04-11 03:35:45.014 26455 26477 I native-activity: Swap 415 time is 14.700ms
04-11 03:35:45.014 26455 26477 I native-activity: Animating
04-11 03:35:45.024 26455 26477 I native-activity: Frame 416 GL error is 0x506
04-11 03:35:45.024 26455 26477 I native-activity: Frame 416 time is 10.438ms
04-11 03:35:45.024 26455 26477 I native-activity: Swap 416 time is 10.566ms
04-11 03:35:45.025 26455 26477 I native-activity: Animating
04-11 03:35:45.087 26455 26477 I native-activity: Frame 417 GL error is 0x506
04-11 03:35:45.088 26455 26477 I native-activity: Frame 417 time is 62.899ms
04-11 03:35:45.088 26455 26477 I native-activity: Swap 417 time is 63.081ms
04-11 03:35:45.088 26455 26477 I native-activity: Animating
04-11 03:35:45.107 26455 26477 I native-activity: Frame 418 GL error is 0x506
04-11 03:35:45.107 26455 26477 I native-activity: Frame 418 time is 19.398ms
04-11 03:35:45.108 26455 26477 I native-activity: Swap 418 time is 19.697ms
04-11 03:35:45.108 26455 26477 I native-activity: Animating
04-11 03:35:45.115 26455 26477 I native-activity: Frame 419 GL error is 0x506
04-11 03:35:45.115 26455 26477 I native-activity: Frame 419 time is 7.491ms
04-11 03:35:45.116 26455 26477 I native-activity: Swap 419 time is 7.765ms
04-11 03:35:45.116 26455 26477 I native-activity: Animating
04-11 03:35:45.172 26455 26477 I native-activity: Frame 420 GL error is 0x506
04-11 03:35:45.172 26455 26477 I native-activity: Frame 420 time is 56.694ms
04-11 03:35:45.173 26455 26477 I native-activity: Swap 420 time is 56.849ms
04-11 03:35:45.173 26455 26477 I native-activity: Animating
04-11 03:35:45.182 26455 26477 I native-activity: Frame 421 GL error is 0x506
04-11 03:35:45.182 26455 26477 I native-activity: Frame 421 time is 9.203ms
04-11 03:35:45.182 26455 26477 I native-activity: Swap 421 time is 9.549ms
04-11 03:35:45.182 26455 26477 I native-activity: Animating
04-11 03:35:45.209 26455 26477 I native-activity: Frame 422 GL error is 0x506
04-11 03:35:45.209 26455 26477 I native-activity: Frame 422 time is 26.397ms
04-11 03:35:45.209 26455 26477 I native-activity: Swap 422 time is 26.885ms
04-11 03:35:45.209 26455 26477 I native-activity: Animating
04-11 03:35:45.257 26455 26477 I native-activity: Frame 423 GL error is 0x506
04-11 03:35:45.257 26455 26477 I native-activity: Frame 423 time is 47.129ms
04-11 03:35:45.257 26455 26477 I native-activity: Swap 423 time is 47.354ms
04-11 03:35:45.257 26455 26477 I native-activity: Animating
04-11 03:35:45.273 26455 26477 I native-activity: Frame 424 GL error is 0x506
04-11 03:35:45.273 26455 26477 I native-activity: Frame 424 time is 16.328ms
04-11 03:35:45.274 26455 26477 I native-activity: Swap 424 time is 16.579ms
04-11 03:35:45.274 26455 26477 I native-activity: Animating
04-11 03:35:45.286 26455 26477 I native-activity: Frame 425 GL error is 0x506
04-11 03:35:45.286 26455 26477 I native-activity: Frame 425 time is 12.254ms
04-11 03:35:45.286 26455 26477 I native-activity: Swap 425 time is 12.490ms
04-11 03:35:45.287 26455 26477 I native-activity: Animating
04-11 03:35:45.342 26455 26477 I native-activity: Frame 426 GL error is 0x506
04-11 03:35:45.342 26455 26477 I native-activity: Frame 426 time is 55.170ms
04-11 03:35:45.342 26455 26477 I native-activity: Swap 426 time is 55.384ms
04-11 03:35:45.342 26455 26477 I native-activity: Animating
04-11 03:35:45.357 26455 26477 I native-activity: Frame 427 GL error is 0x506
04-11 03:35:45.357 26455 26477 I native-activity: Frame 427 time is 15.379ms
04-11 03:35:45.358 26455 26477 I native-activity: Swap 427 time is 15.694ms
04-11 03:35:45.358 26455 26477 I native-activity: Animating
04-11 03:35:45.372 26455 26477 I native-activity: Frame 428 GL error is 0x506
04-11 03:35:45.372 26455 26477 I native-activity: Frame 428 time is 13.670ms
04-11 03:35:45.372 26455 26477 I native-activity: Swap 428 time is 13.907ms
04-11 03:35:45.372 26455 26477 I native-activity: Animating
04-11 03:35:45.427 26455 26477 I native-activity: Frame 429 GL error is 0x506
04-11 03:35:45.427 26455 26477 I native-activity: Frame 429 time is 54.663ms
04-11 03:35:45.427 26455 26477 I native-activity: Swap 429 time is 54.881ms
04-11 03:35:45.427 26455 26477 I native-activity: Animating
04-11 03:35:45.442 26455 26477 I native-activity: Frame 430 GL error is 0x506
04-11 03:35:45.442 26455 26477 I native-activity: Frame 430 time is 15.006ms
04-11 03:35:45.443 26455 26477 I native-activity: Swap 430 time is 15.444ms
04-11 03:35:45.443 26455 26477 I native-activity: Animating
04-11 03:35:45.458 26455 26477 I native-activity: Frame 431 GL error is 0x506
04-11 03:35:45.458 26455 26477 I native-activity: Frame 431 time is 14.887ms
04-11 03:35:45.458 26455 26477 I native-activity: Swap 431 time is 15.200ms
04-11 03:35:45.458 26455 26477 I native-activity: Animating
04-11 03:35:45.515 26455 26477 I native-activity: Frame 432 GL error is 0x506
04-11 03:35:45.515 26455 26477 I native-activity: Frame 432 time is 56.466ms
04-11 03:35:45.515 26455 26477 I native-activity: Swap 432 time is 56.693ms
04-11 03:35:45.515 26455 26477 I native-activity: Animating
04-11 03:35:45.536 26455 26477 I native-activity: Frame 433 GL error is 0x506
04-11 03:35:45.536 26455 26477 I native-activity: Frame 433 time is 20.578ms
