04-11 03:34:54.505   448 25942 D NetworkMonitor/NetworkAgentInfo [WIFI () - 2785]: Probably not a portal: exception java.net.UnknownHostException: Unable to resolve host "connectivitycheck.android.com": No address associated with hostname
04-11 03:34:54.506   448   613 D ConnectivityService: setProvNotificationVisibleIntent: E visible=false networkType=0 extraInfo=null
04-11 03:34:54.612 26119 26145 I native-activity: Frame 45 GL error is 0x501
04-11 03:34:54.612 26119 26145 I native-activity: Frame 45 time is 280.557ms
04-11 03:34:54.622   448   586 I InputReader: Reconfiguring input devices.  changes=0x00000010
04-11 03:34:54.625 26119 26145 I native-activity: Swap 45 time is 293.187ms
04-11 03:34:54.625 26119 26145 I native-activity: Animating
04-11 03:34:54.684   448   448 D BackupManagerService: Received broadcast Intent { act=android.intent.action.PACKAGE_CHANGED dat=package:com.google.android.gms flg=0x4000010 (has extras) }
04-11 03:34:54.686   448   448 I BackupManagerService: Unbinding ComponentInfo{com.google.android.gms/com.google.android.gms.backup.BackupTransportService}
04-11 03:34:54.742   448   448 I BackupManagerService: Binding to transport host ComponentInfo{com.google.android.gms/com.google.android.gms.backup.BackupTransportService}
04-11 03:34:54.768   448   448 V BackupManagerService: Connected to transport ComponentInfo{com.google.android.gms/com.google.android.gms.backup.BackupTransportService}
04-11 03:34:54.768   448   448 V BackupManagerService: Registering transport com.google.android.gms/.backup.BackupTransportService::com.google.android.gms/.backup.BackupTransportService = com.android.internal.backup.IBackupTransport$Stub$Proxy@15290d74
04-11 03:34:55.097  8277 26070 I CheckinTask: set cookie as: NID=100=QI89i1muOz-6tFALarPEg9o2BY39gu-bMEBRrltZpMFqAb1Nd7HEy-edS9bMZSI5rbefHo8KHK4XYv22kOXxSIUb8mtzdJIcsK7Sw0QZMBUVkUGYGaCPuI-EpboXqYCx
04-11 03:34:55.164   663   663 I wpa_supplicant: wlan0: Authentication with b0:48:7a:cb:7c:ec timed out.
04-11 03:34:55.176   663   663 I wpa_supplicant: wlan0: CTRL-EVENT-DISCONNECTED bssid=b0:48:7a:cb:7c:ec reason=3 locally_generated=1
04-11 03:34:55.235 26119 26145 I native-activity: Frame 46 GL error is 0x501
04-11 03:34:55.235 26119 26145 I native-activity: Frame 46 time is 610.083ms
04-11 03:34:55.236 26119 26145 I native-activity: Swap 46 time is 610.800ms
04-11 03:34:55.236 26119 26145 I native-activity: Animating
04-11 03:34:55.293   448  2910 I art     : Explicit concurrent mark sweep GC freed 48940(2MB) AllocSpace objects, 3(48KB) LOS objects, 33% free, 27MB/40MB, paused 4.348ms total 1.293s
04-11 03:34:55.294   448   605 E WifiConfigStore: saveWifiConfigBSSID Setting BSSID for "wildfredland"WPA_PSK to any
04-11 03:34:55.309   121   427 D CommandListener: Clearing all IP addresses on wlan0
04-11 03:34:55.328   448   613 D ConnectivityService: NetworkAgentInfo [WIFI () - 2785] EVENT_NETWORK_INFO_CHANGED, going from CONNECTED to DISCONNECTED
04-11 03:34:55.329   448   613 D ConnectivityService: NetworkAgentInfo [WIFI () - 2785] got DISCONNECTED, was satisfying 7
04-11 03:34:55.478  8277 26070 E CheckinTask: Checkin failed: https://android.clients.google.com/checkin (request #0): java.net.UnknownHostException: Unable to resolve host "android.clients.google.com": No address associated with hostname
04-11 03:34:55.486 26119 26145 I native-activity: Frame 47 GL error is 0x501
04-11 03:34:55.486 26119 26145 I native-activity: Frame 47 time is 249.404ms
04-11 03:34:55.492 26119 26145 I native-activity: Swap 47 time is 255.938ms
04-11 03:34:55.493 26119 26145 I native-activity: Animating
04-11 03:34:55.497 26119 26145 I native-activity: Frame 48 GL error is 0x0
04-11 03:34:55.497 26119 26145 I native-activity: Frame 48 time is 3.989ms
04-11 03:34:55.500 26119 26145 I native-activity: Swap 48 time is 7.380ms
04-11 03:34:55.500 26119 26145 I native-activity: Animating
04-11 03:34:55.505 26119 26145 I native-activity: Frame 49 GL error is 0x0
04-11 03:34:55.506 26119 26145 I native-activity: Frame 49 time is 5.124ms
04-11 03:34:55.507 26119 26145 I native-activity: Swap 49 time is 6.889ms
04-11 03:34:55.508 26119 26145 I native-activity: Animating
04-11 03:34:55.521 26119 26145 I native-activity: Frame 50 GL error is 0x0
04-11 03:34:55.521 26119 26145 I native-activity: Frame 50 time is 13.332ms
04-11 03:34:55.522 26119 26145 I native-activity: Swap 50 time is 14.390ms
04-11 03:34:55.522 26119 26145 I native-activity: Animating
04-11 03:34:55.537 26119 26145 I native-activity: Frame 51 GL error is 0x0
04-11 03:34:55.537 26119 26145 I native-activity: Frame 51 time is 14.760ms
04-11 03:34:55.539 26119 26145 I native-activity: Swap 51 time is 16.133ms
04-11 03:34:55.539 26119 26145 I native-activity: Animating
04-11 03:34:55.554 26119 26145 I native-activity: Frame 52 GL error is 0x0
04-11 03:34:55.554 26119 26145 I native-activity: Frame 52 time is 14.822ms
04-11 03:34:55.556 26119 26145 I native-activity: Swap 52 time is 16.927ms
04-11 03:34:55.556 26119 26145 I native-activity: Animating
04-11 03:34:55.577 26119 26145 I native-activity: Frame 53 GL error is 0x0
04-11 03:34:55.577 26119 26145 I native-activity: Frame 53 time is 20.645ms
04-11 03:34:55.578 26119 26145 I native-activity: Swap 53 time is 22.071ms
04-11 03:34:55.579 26119 26145 I native-activity: Animating
04-11 03:34:55.593 26119 26145 I native-activity: Frame 54 GL error is 0x0
04-11 03:34:55.593 26119 26145 I native-activity: Frame 54 time is 14.011ms
04-11 03:34:55.594 26119 26145 I native-activity: Swap 54 time is 15.514ms
04-11 03:34:55.595 26119 26145 I native-activity: Animating
04-11 03:34:55.608 26119 26145 I native-activity: Frame 55 GL error is 0x0
04-11 03:34:55.608 26119 26145 I native-activity: Frame 55 time is 13.757ms
04-11 03:34:55.610 26119 26145 I native-activity: Swap 55 time is 15.096ms
04-11 03:34:55.610 26119 26145 I native-activity: Animating
04-11 03:34:55.625 26119 26145 I native-activity: Frame 56 GL error is 0x0
04-11 03:34:55.625 26119 26145 I native-activity: Frame 56 time is 14.859ms
04-11 03:34:55.627 26119 26145 I native-activity: Swap 56 time is 16.693ms
04-11 03:34:55.628 26119 26145 I native-activity: Animating
04-11 03:34:55.642 26119 26145 I native-activity: Frame 57 GL error is 0x0
04-11 03:34:55.642 26119 26145 I native-activity: Frame 57 time is 14.230ms
04-11 03:34:55.643 26119 26145 I native-activity: Swap 57 time is 15.648ms
04-11 03:34:55.644 26119 26145 I native-activity: Animating
04-11 03:34:55.664 26119 26145 I native-activity: Frame 58 GL error is 0x0
04-11 03:34:55.664 26119 26145 I native-activity: Frame 58 time is 19.895ms
04-11 03:34:55.676 26119 26145 I native-activity: Swap 58 time is 32.245ms
04-11 03:34:55.676 26119 26145 I native-activity: Animating
04-11 03:34:55.681 26119 26145 I native-activity: Frame 59 GL error is 0x0
04-11 03:34:55.681 26119 26145 I native-activity: Frame 59 time is 4.884ms
04-11 03:34:55.692 26119 26145 I native-activity: Swap 59 time is 15.294ms
04-11 03:34:55.694 26119 26145 I native-activity: Animating
04-11 03:34:55.696 26119 26145 I native-activity: Frame 60 GL error is 0x0
04-11 03:34:55.696 26119 26145 I native-activity: Frame 60 time is 1.741ms
04-11 03:34:55.698 26119 26145 I native-activity: Swap 60 time is 3.886ms
04-11 03:34:55.699 26119 26145 I native-activity: Animating
04-11 03:34:55.726   448   605 E WifiConfigStore: saveWifiConfigBSSID Setting BSSID for "wildfredland"WPA_PSK to any
04-11 03:34:55.733 26119 26145 I native-activity: Frame 61 GL error is 0x0
04-11 03:34:55.733 26119 26145 I native-activity: Frame 61 time is 34.047ms
04-11 03:34:55.738 26119 26145 I native-activity: Swap 61 time is 38.350ms
04-11 03:34:55.738 26119 26145 I native-activity: Animating
04-11 03:34:55.859 26119 26145 I native-activity: Frame 62 GL error is 0x0
04-11 03:34:55.859 26119 26145 I native-activity: Frame 62 time is 120.882ms
04-11 03:34:55.860 26119 26145 I native-activity: Swap 62 time is 121.721ms
04-11 03:34:55.860 26119 26145 I native-activity: Animating
04-11 03:34:55.862 26119 26145 I native-activity: Frame 63 GL error is 0x0
04-11 03:34:55.862 26119 26145 I native-activity: Frame 63 time is 1.832ms
04-11 03:34:55.872 26119 26145 I native-activity: Swap 63 time is 11.334ms
04-11 03:34:55.872 26119 26145 I native-activity: Animating
04-11 03:34:55.877 26119 26145 I native-activity: Frame 64 GL error is 0x0
04-11 03:34:55.877 26119 26145 I native-activity: Frame 64 time is 5.035ms
04-11 03:34:55.881 26119 26145 I native-activity: Swap 64 time is 8.920ms
04-11 03:34:55.882 26119 26145 I native-activity: Animating
04-11 03:34:55.893 26119 26145 I native-activity: Frame 65 GL error is 0x0
04-11 03:34:55.894 26119 26145 I native-activity: Frame 65 time is 11.888ms
04-11 03:34:55.896 26119 26145 I native-activity: Swap 65 time is 14.454ms
04-11 03:34:55.896 26119 26145 I native-activity: Animating
04-11 03:34:55.911 26119 26145 I native-activity: Frame 66 GL error is 0x0
04-11 03:34:55.911 26119 26145 I native-activity: Frame 66 time is 15.010ms
04-11 03:34:55.913 26119 26145 I native-activity: Swap 66 time is 16.976ms
04-11 03:34:55.914 26119 26145 I native-activity: Animating
04-11 03:34:55.925 26119 26145 I native-activity: Frame 67 GL error is 0x0
04-11 03:34:55.925 26119 26145 I native-activity: Frame 67 time is 11.600ms
04-11 03:34:55.927 26119 26145 I native-activity: Swap 67 time is 13.278ms
04-11 03:34:55.927 26119 26145 I native-activity: Animating
04-11 03:34:55.940 26119 26145 I native-activity: Frame 68 GL error is 0x0
04-11 03:34:55.941 26119 26145 I native-activity: Frame 68 time is 13.032ms
04-11 03:34:55.942 26119 26145 I native-activity: Swap 68 time is 14.523ms
04-11 03:34:55.942 26119 26145 I native-activity: Animating
04-11 03:34:55.957 26119 26145 I native-activity: Frame 69 GL error is 0x0
04-11 03:34:55.957 26119 26145 I native-activity: Frame 69 time is 15.095ms
04-11 03:34:55.959 26119 26145 I native-activity: Swap 69 time is 16.771ms
04-11 03:34:55.960 26119 26145 I native-activity: Animating
04-11 03:34:55.974 26119 26145 I native-activity: Frame 70 GL error is 0x0
04-11 03:34:55.974 26119 26145 I native-activity: Frame 70 time is 14.565ms
04-11 03:34:55.976 26119 26145 I native-activity: Swap 70 time is 16.522ms
04-11 03:34:55.977 26119 26145 I native-activity: Animating
04-11 03:34:55.991 26119 26145 I native-activity: Frame 71 GL error is 0x0
04-11 03:34:55.991 26119 26145 I native-activity: Frame 71 time is 14.305ms
04-11 03:34:55.992 26119 26145 I native-activity: Swap 71 time is 15.039ms
04-11 03:34:55.992 26119 26145 I native-activity: Animating
04-11 03:34:56.008 26119 26145 I native-activity: Frame 72 GL error is 0x0
04-11 03:34:56.008 26119 26145 I native-activity: Frame 72 time is 16.420ms
04-11 03:34:56.010 26119 26145 I native-activity: Swap 72 time is 18.443ms
04-11 03:34:56.011 26119 26145 I native-activity: Animating
04-11 03:34:56.024 26119 26145 I native-activity: Frame 73 GL error is 0x0
04-11 03:34:56.024 26119 26145 I native-activity: Frame 73 time is 13.344ms
04-11 03:34:56.026 26119 26145 I native-activity: Swap 73 time is 15.480ms
04-11 03:34:56.027 26119 26145 I native-activity: Animating
04-11 03:34:56.041 26119 26145 I native-activity: Frame 74 GL error is 0x0
04-11 03:34:56.041 26119 26145 I native-activity: Frame 74 time is 14.109ms
04-11 03:34:56.042 26119 26145 I native-activity: Swap 74 time is 15.370ms
04-11 03:34:56.043 26119 26145 I native-activity: Animating
04-11 03:34:56.054   448   605 E WifiStateMachine: WifiStateMachine: Leaving Connected state
04-11 03:34:56.057 26119 26145 I native-activity: Frame 75 GL error is 0x0
04-11 03:34:56.058 26119 26145 I native-activity: Frame 75 time is 14.916ms
04-11 03:34:56.062 26119 26145 I native-activity: Swap 75 time is 18.769ms
04-11 03:34:56.062 26119 26145 I native-activity: Animating
04-11 03:34:56.074 26119 26145 I native-activity: Frame 76 GL error is 0x0
04-11 03:34:56.074 26119 26145 I native-activity: Frame 76 time is 12.234ms
04-11 03:34:56.077 26119 26145 I native-activity: Swap 76 time is 14.839ms
04-11 03:34:56.078 26119 26145 I native-activity: Animating
04-11 03:34:56.091 26119 26145 I native-activity: Frame 77 GL error is 0x0
04-11 03:34:56.091 26119 26145 I native-activity: Frame 77 time is 13.127ms
04-11 03:34:56.092 26119 26145 I native-activity: Swap 77 time is 14.347ms
04-11 03:34:56.093 26119 26145 I native-activity: Animating
04-11 03:34:56.107 26119 26145 I native-activity: Frame 78 GL error is 0x0
04-11 03:34:56.107 26119 26145 I native-activity: Frame 78 time is 14.867ms
04-11 03:34:56.109 26119 26145 I native-activity: Swap 78 time is 16.188ms
04-11 03:34:56.109 26119 26145 I native-activity: Animating
04-11 03:34:56.125 26119 26145 I native-activity: Frame 79 GL error is 0x0
04-11 03:34:56.125 26119 26145 I native-activity: Frame 79 time is 15.305ms
04-11 03:34:56.126 26119 26145 I native-activity: Swap 79 time is 16.279ms
04-11 03:34:56.126 26119 26145 I native-activity: Animating
04-11 03:34:56.143 26119 26145 I native-activity: Frame 80 GL error is 0x0
04-11 03:34:56.143 26119 26145 I native-activity: Frame 80 time is 17.128ms
04-11 03:34:56.144 26119 26145 I native-activity: Swap 80 time is 18.146ms
04-11 03:34:56.144 26119 26145 I native-activity: Animating
04-11 03:34:56.159 26119 26145 I native-activity: Frame 81 GL error is 0x0
04-11 03:34:56.159 26119 26145 I native-activity: Frame 81 time is 14.583ms
04-11 03:34:56.160 26119 26145 I native-activity: Swap 81 time is 16.161ms
04-11 03:34:56.161 26119 26145 I native-activity: Animating
04-11 03:34:56.174 26119 26145 I native-activity: Frame 82 GL error is 0x0
04-11 03:34:56.174 26119 26145 I native-activity: Frame 82 time is 13.712ms
04-11 03:34:56.175 26119 26145 I native-activity: Swap 82 time is 14.827ms
04-11 03:34:56.176 26119 26145 I native-activity: Animating
04-11 03:34:56.192 26119 26145 I native-activity: Frame 83 GL error is 0x0
04-11 03:34:56.192 26119 26145 I native-activity: Frame 83 time is 15.941ms
04-11 03:34:56.193 26119 26145 I native-activity: Swap 83 time is 16.966ms
04-11 03:34:56.193 26119 26145 I native-activity: Animating
04-11 03:34:56.208   448   605 D WifiNetworkAgent: NetworkAgent: NetworkAgent channel lost
04-11 03:34:56.212 26119 26145 I native-activity: Frame 84 GL error is 0x0
04-11 03:34:56.212 26119 26145 I native-activity: Frame 84 time is 18.925ms
04-11 03:34:56.215 26119 26145 I native-activity: Swap 84 time is 21.566ms
04-11 03:34:56.215 26119 26145 I native-activity: Animating
04-11 03:34:56.225 26119 26145 I native-activity: Frame 85 GL error is 0x0
04-11 03:34:56.225 26119 26145 I native-activity: Frame 85 time is 10.226ms
04-11 03:34:56.226 26119 26145 I native-activity: Swap 85 time is 11.038ms
04-11 03:34:56.226 26119 26145 I native-activity: Animating
04-11 03:34:56.242 26119 26145 I native-activity: Frame 86 GL error is 0x0
04-11 03:34:56.242 26119 26145 I native-activity: Frame 86 time is 15.601ms
04-11 03:34:56.243 26119 26145 I native-activity: Swap 86 time is 16.718ms
04-11 03:34:56.243 26119 26145 I native-activity: Animating
04-11 03:34:56.258 26119 26145 I native-activity: Frame 87 GL error is 0x0
04-11 03:34:56.258 26119 26145 I native-activity: Frame 87 time is 15.069ms
04-11 03:34:56.259 26119 26145 I native-activity: Swap 87 time is 16.109ms
04-11 03:34:56.259 26119 26145 I native-activity: Animating
04-11 03:34:56.275 26119 26145 I native-activity: Frame 88 GL error is 0x0
04-11 03:34:56.275 26119 26145 I native-activity: Frame 88 time is 15.477ms
04-11 03:34:56.276 26119 26145 I native-activity: Swap 88 time is 16.345ms
04-11 03:34:56.276 26119 26145 I native-activity: Animating
04-11 03:34:56.292 26119 26145 I native-activity: Frame 89 GL error is 0x0
04-11 03:34:56.292 26119 26145 I native-activity: Frame 89 time is 16.256ms
04-11 03:34:56.294 26119 26145 I native-activity: Swap 89 time is 17.525ms
04-11 03:34:56.294 26119 26145 I native-activity: Animating
04-11 03:34:56.309 26119 26145 I native-activity: Frame 90 GL error is 0x0
04-11 03:34:56.309 26119 26145 I native-activity: Frame 90 time is 15.614ms
04-11 03:34:56.310 26119 26145 I native-activity: Swap 90 time is 16.485ms
04-11 03:34:56.310 26119 26145 I native-activity: Animating
04-11 03:34:56.324 26119 26145 I native-activity: Frame 91 GL error is 0x0
04-11 03:34:56.324 26119 26145 I native-activity: Frame 91 time is 13.589ms
04-11 03:34:56.325 26119 26145 I native-activity: Swap 91 time is 14.377ms
04-11 03:34:56.325 26119 26145 I native-activity: Animating
04-11 03:34:56.342 26119 26145 I native-activity: Frame 92 GL error is 0x0
04-11 03:34:56.342 26119 26145 I native-activity: Frame 92 time is 16.814ms
04-11 03:34:56.343 26119 26145 I native-activity: Swap 92 time is 18.055ms
04-11 03:34:56.343 26119 26145 I native-activity: Animating
04-11 03:34:56.358 26119 26145 I native-activity: Frame 93 GL error is 0x0
04-11 03:34:56.358 26119 26145 I native-activity: Frame 93 time is 14.112ms
04-11 03:34:56.359 26119 26145 I native-activity: Swap 93 time is 15.452ms
04-11 03:34:56.359 26119 26145 I native-activity: Animating
04-11 03:34:56.375 26119 26145 I native-activity: Frame 94 GL error is 0x0
04-11 03:34:56.375 26119 26145 I native-activity: Frame 94 time is 15.342ms
04-11 03:34:56.375 26119 26145 I native-activity: Swap 94 time is 16.060ms
04-11 03:34:56.376 26119 26145 I native-activity: Animating
04-11 03:34:56.397 26119 26145 I native-activity: Frame 95 GL error is 0x0
04-11 03:34:56.397 26119 26145 I native-activity: Frame 95 time is 21.313ms
04-11 03:34:56.399 26119 26145 I native-activity: Swap 95 time is 23.268ms
04-11 03:34:56.399 26119 26145 I native-activity: Animating
04-11 03:34:56.408 26119 26145 I native-activity: Frame 96 GL error is 0x0
04-11 03:34:56.408 26119 26145 I native-activity: Frame 96 time is 8.743ms
04-11 03:34:56.410 26119 26145 I native-activity: Swap 96 time is 11.151ms
04-11 03:34:56.411 26119 26145 I native-activity: Animating
04-11 03:34:56.425 26119 26145 I native-activity: Frame 97 GL error is 0x0
04-11 03:34:56.426 26119 26145 I native-activity: Frame 97 time is 14.499ms
04-11 03:34:56.427 26119 26145 I native-activity: Swap 97 time is 16.301ms
04-11 03:34:56.428 26119 26145 I native-activity: Animating
04-11 03:34:56.442 26119 26145 I native-activity: Frame 98 GL error is 0x0
04-11 03:34:56.442 26119 26145 I native-activity: Frame 98 time is 14.349ms
04-11 03:34:56.443 26119 26145 I native-activity: Swap 98 time is 15.522ms
04-11 03:34:56.445 26119 26145 I native-activity: Animating
04-11 03:34:56.458 26119 26145 I native-activity: Frame 99 GL error is 0x0
04-11 03:34:56.458 26119 26145 I native-activity: Frame 99 time is 13.214ms
04-11 03:34:56.459 26119 26145 I native-activity: Swap 99 time is 14.147ms
04-11 03:34:56.460 26119 26145 I native-activity: Animating
04-11 03:34:56.473  8277 26070 I CheckinChimeraService: Checking schedule, now: 1491906896473 next: 1491906905478
04-11 03:34:56.476 26119 26145 I native-activity: Frame 100 GL error is 0x0
04-11 03:34:56.476 26119 26145 I native-activity: Frame 100 time is 16.267ms
04-11 03:34:56.477 26119 26145 I native-activity: Swap 100 time is 17.560ms
04-11 03:34:56.477 26119 26145 I native-activity: Animating
04-11 03:34:56.491  8277 26070 I CheckinChimeraService: active receiver: disabled
04-11 03:34:56.502 26119 26145 I native-activity: Frame 101 GL error is 0x0
04-11 03:34:56.502 26119 26145 I native-activity: Frame 101 time is 24.790ms
04-11 03:34:56.503 26119 26145 I native-activity: Swap 101 time is 25.660ms
04-11 03:34:56.503 26119 26145 I native-activity: Animating
04-11 03:34:56.519 26119 26145 I native-activity: Frame 102 GL error is 0x0
04-11 03:34:56.519 26119 26145 I native-activity: Frame 102 time is 15.230ms
04-11 03:34:56.522 26119 26145 I native-activity: Swap 102 time is 18.055ms
04-11 03:34:56.522 26119 26145 I native-activity: Animating
04-11 03:34:56.527 26119 26145 I native-activity: Frame 103 GL error is 0x0
04-11 03:34:56.528 26119 26145 I native-activity: Frame 103 time is 5.378ms
04-11 03:34:56.533 26119 26145 I native-activity: Swap 103 time is 10.576ms
04-11 03:34:56.533 26119 26145 I native-activity: Animating
04-11 03:34:56.545 26119 26145 I native-activity: Frame 104 GL error is 0x0
04-11 03:34:56.545 26119 26145 I native-activity: Frame 104 time is 11.747ms
04-11 03:34:56.548 26119 26145 I native-activity: Swap 104 time is 15.094ms
04-11 03:34:56.549 26119 26145 I native-activity: Animating
04-11 03:34:56.565 26119 26145 I native-activity: Frame 105 GL error is 0x0
04-11 03:34:56.565 26119 26145 I native-activity: Frame 105 time is 16.059ms
04-11 03:34:56.566 26119 26145 I native-activity: Swap 105 time is 17.508ms
04-11 03:34:56.567 26119 26145 I native-activity: Animating
04-11 03:34:56.578 26119 26145 I native-activity: Frame 106 GL error is 0x0
04-11 03:34:56.578 26119 26145 I native-activity: Frame 106 time is 10.407ms
04-11 03:34:56.579 26119 26145 I native-activity: Swap 106 time is 11.565ms
04-11 03:34:56.579 26119 26145 I native-activity: Animating
04-11 03:34:56.594 26119 26145 I native-activity: Frame 107 GL error is 0x0
04-11 03:34:56.594 26119 26145 I native-activity: Frame 107 time is 14.807ms
04-11 03:34:56.595 26119 26145 I native-activity: Swap 107 time is 15.834ms
04-11 03:34:56.595 26119 26145 I native-activity: Animating
04-11 03:34:56.610 26119 26145 I native-activity: Frame 108 GL error is 0x0
04-11 03:34:56.610 26119 26145 I native-activity: Frame 108 time is 14.714ms
04-11 03:34:56.611 26119 26145 I native-activity: Swap 108 time is 16.116ms
04-11 03:34:56.612 26119 26145 I native-activity: Animating
04-11 03:34:56.628 26119 26145 I native-activity: Frame 109 GL error is 0x0
04-11 03:34:56.628 26119 26145 I native-activity: Frame 109 time is 16.172ms
04-11 03:34:56.630 26119 26145 I native-activity: Swap 109 time is 18.606ms
04-11 03:34:56.631 26119 26145 I native-activity: Animating
04-11 03:34:56.642 26119 26145 I native-activity: Frame 110 GL error is 0x0
04-11 03:34:56.642 26119 26145 I native-activity: Frame 110 time is 11.516ms
04-11 03:34:56.643 26119 26145 I native-activity: Swap 110 time is 12.230ms
04-11 03:34:56.643 26119 26145 I native-activity: Animating
04-11 03:34:56.658 26119 26145 I native-activity: Frame 111 GL error is 0x0
04-11 03:34:56.658 26119 26145 I native-activity: Frame 111 time is 14.918ms
04-11 03:34:56.659 26119 26145 I native-activity: Swap 111 time is 15.853ms
04-11 03:34:56.659 26119 26145 I native-activity: Animating
04-11 03:34:56.674 26119 26145 I native-activity: Frame 112 GL error is 0x0
04-11 03:34:56.674 26119 26145 I native-activity: Frame 112 time is 14.848ms
04-11 03:34:56.680 26119 26145 I native-activity: Swap 112 time is 20.631ms
04-11 03:34:56.681 26119 26145 I native-activity: Animating
04-11 03:34:56.692 26119 26145 I native-activity: Frame 113 GL error is 0x0
04-11 03:34:56.692 26119 26145 I native-activity: Frame 113 time is 10.866ms
04-11 03:34:56.693 26119 26145 I native-activity: Swap 113 time is 11.819ms
04-11 03:34:56.693 26119 26145 I native-activity: Animating
04-11 03:34:56.709 26119 26145 I native-activity: Frame 114 GL error is 0x0
04-11 03:34:56.709 26119 26145 I native-activity: Frame 114 time is 15.866ms
04-11 03:34:56.710 26119 26145 I native-activity: Swap 114 time is 16.553ms
04-11 03:34:56.710 26119 26145 I native-activity: Animating
04-11 03:34:56.725 26119 26145 I native-activity: Frame 115 GL error is 0x0
04-11 03:34:56.725 26119 26145 I native-activity: Frame 115 time is 15.427ms
04-11 03:34:56.726 26119 26145 I native-activity: Swap 115 time is 16.448ms
04-11 03:34:56.726 26119 26145 I native-activity: Animating
04-11 03:34:56.741 26119 26145 I native-activity: Frame 116 GL error is 0x0
04-11 03:34:56.742 26119 26145 I native-activity: Frame 116 time is 15.100ms
04-11 03:34:56.743 26119 26145 I native-activity: Swap 116 time is 16.148ms
04-11 03:34:56.743 26119 26145 I native-activity: Animating
04-11 03:34:56.759 26119 26145 I native-activity: Frame 117 GL error is 0x0
04-11 03:34:56.760 26119 26145 I native-activity: Frame 117 time is 16.568ms
04-11 03:34:56.761 26119 26145 I native-activity: Swap 117 time is 17.531ms
04-11 03:34:56.761 26119 26145 I native-activity: Animating
04-11 03:34:56.775 26119 26145 I native-activity: Frame 118 GL error is 0x0
04-11 03:34:56.775 26119 26145 I native-activity: Frame 118 time is 14.376ms
04-11 03:34:56.776 26119 26145 I native-activity: Swap 118 time is 15.125ms
04-11 03:34:56.776 26119 26145 I native-activity: Animating
04-11 03:34:56.792  8230  8230 W GCM     : ACTIVE NETWORK NOT CONNECTED
04-11 03:34:56.792 26119 26145 I native-activity: Frame 119 GL error is 0x0
04-11 03:34:56.792 26119 26145 I native-activity: Frame 119 time is 15.826ms
04-11 03:34:56.793 26119 26145 I native-activity: Swap 119 time is 16.854ms
04-11 03:34:56.793 26119 26145 I native-activity: Animating
04-11 03:34:56.808 26119 26145 I native-activity: Frame 120 GL error is 0x0
04-11 03:34:56.808 26119 26145 I native-activity: Frame 120 time is 15.251ms
04-11 03:34:56.809 26119 26145 I native-activity: Swap 120 time is 16.047ms
04-11 03:34:56.809 26119 26145 I native-activity: Animating
04-11 03:34:56.825 26119 26145 I native-activity: Frame 121 GL error is 0x0
04-11 03:34:56.825 26119 26145 I native-activity: Frame 121 time is 15.680ms
04-11 03:34:56.826 26119 26145 I native-activity: Swap 121 time is 16.451ms
04-11 03:34:56.826 26119 26145 I native-activity: Animating
04-11 03:34:56.841 26119 26145 I native-activity: Frame 122 GL error is 0x0
04-11 03:34:56.842 26119 26145 I native-activity: Frame 122 time is 15.463ms
04-11 03:34:56.842 26119 26145 I native-activity: Swap 122 time is 16.226ms
04-11 03:34:56.842 26119 26145 I native-activity: Animating
04-11 03:34:56.857 26119 26145 I native-activity: Frame 123 GL error is 0x0
04-11 03:34:56.857 26119 26145 I native-activity: Frame 123 time is 14.391ms
04-11 03:34:56.858 26119 26145 I native-activity: Swap 123 time is 15.318ms
04-11 03:34:56.858 26119 26145 I native-activity: Animating
04-11 03:34:56.875 26119 26145 I native-activity: Frame 124 GL error is 0x0
04-11 03:34:56.875 26119 26145 I native-activity: Frame 124 time is 16.930ms
04-11 03:34:56.875 26119 26145 I native-activity: Swap 124 time is 17.529ms
04-11 03:34:56.876 26119 26145 I native-activity: Animating
04-11 03:34:56.891 26119 26145 I native-activity: Frame 125 GL error is 0x0
04-11 03:34:56.891 26119 26145 I native-activity: Frame 125 time is 15.489ms
04-11 03:34:56.892 26119 26145 I native-activity: Swap 125 time is 16.195ms
04-11 03:34:56.892 26119 26145 I native-activity: Animating
04-11 03:34:56.908 26119 26145 I native-activity: Frame 126 GL error is 0x0
04-11 03:34:56.908 26119 26145 I native-activity: Frame 126 time is 16.278ms
04-11 03:34:56.909 26119 26145 I native-activity: Swap 126 time is 16.853ms
04-11 03:34:56.909 26119 26145 I native-activity: Animating
04-11 03:34:56.925 26119 26145 I native-activity: Frame 127 GL error is 0x0
04-11 03:34:56.925 26119 26145 I native-activity: Frame 127 time is 16.050ms
04-11 03:34:56.926 26119 26145 I native-activity: Swap 127 time is 17.384ms
04-11 03:34:56.927 26119 26145 I native-activity: Animating
04-11 03:34:56.942 26119 26145 I native-activity: Frame 128 GL error is 0x0
04-11 03:34:56.942 26119 26145 I native-activity: Frame 128 time is 15.050ms
04-11 03:34:56.942 26119 26145 I native-activity: Swap 128 time is 15.583ms
04-11 03:34:56.942 26119 26145 I native-activity: Animating
04-11 03:34:56.958 26119 26145 I native-activity: Frame 129 GL error is 0x0
04-11 03:34:56.958 26119 26145 I native-activity: Frame 129 time is 15.914ms
04-11 03:34:56.959 26119 26145 I native-activity: Swap 129 time is 16.648ms
04-11 03:34:56.959 26119 26145 I native-activity: Animating
04-11 03:34:56.975 26119 26145 I native-activity: Frame 130 GL error is 0x0
04-11 03:34:56.976 26119 26145 I native-activity: Frame 130 time is 16.463ms
04-11 03:34:56.976 26119 26145 I native-activity: Swap 130 time is 17.200ms
04-11 03:34:56.976 26119 26145 I native-activity: Animating
04-11 03:34:56.992 26119 26145 I native-activity: Frame 131 GL error is 0x0
04-11 03:34:56.992 26119 26145 I native-activity: Frame 131 time is 15.264ms
04-11 03:34:56.992 26119 26145 I native-activity: Swap 131 time is 15.970ms
04-11 03:34:56.993 26119 26145 I native-activity: Animating
04-11 03:34:57.009 26119 26145 I native-activity: Frame 132 GL error is 0x0
04-11 03:34:57.009 26119 26145 I native-activity: Frame 132 time is 16.041ms
04-11 03:34:57.009 26119 26145 I native-activity: Swap 132 time is 16.731ms
04-11 03:34:57.009 26119 26145 I native-activity: Animating
04-11 03:34:57.025   448   613 E NetdConnector: NDC Command {49947 network destroy 2785} took too long (1697ms)
04-11 03:34:57.027 26119 26145 I native-activity: Frame 133 GL error is 0x0
04-11 03:34:57.027 26119 26145 I native-activity: Frame 133 time is 17.657ms
04-11 03:34:57.028 26119 26145 I native-activity: Swap 133 time is 18.620ms
04-11 03:34:57.028 26119 26145 I native-activity: Animating
04-11 03:34:57.044 26119 26145 I native-activity: Frame 134 GL error is 0x0
04-11 03:34:57.044 26119 26145 I native-activity: Frame 134 time is 15.337ms
04-11 03:34:57.045 26119 26145 I native-activity: Swap 134 time is 16.315ms
04-11 03:34:57.045 26119 26145 I native-activity: Animating
04-11 03:34:57.059 26119 26145 I native-activity: Frame 135 GL error is 0x0
04-11 03:34:57.059 26119 26145 I native-activity: Frame 135 time is 14.134ms
04-11 03:34:57.060 26119 26145 I native-activity: Swap 135 time is 14.732ms
04-11 03:34:57.060 26119 26145 I native-activity: Animating
04-11 03:34:57.074 26119 26145 I native-activity: Frame 136 GL error is 0x0
04-11 03:34:57.075 26119 26145 I native-activity: Frame 136 time is 14.720ms
04-11 03:34:57.075 26119 26145 I native-activity: Swap 136 time is 15.348ms
04-11 03:34:57.075 26119 26145 I native-activity: Animating
04-11 03:34:57.091 26119 26145 I native-activity: Frame 137 GL error is 0x0
04-11 03:34:57.091 26119 26145 I native-activity: Frame 137 time is 15.930ms
04-11 03:34:57.092 26119 26145 I native-activity: Swap 137 time is 16.804ms
04-11 03:34:57.092 26119 26145 I native-activity: Animating
04-11 03:34:57.108 26119 26145 I native-activity: Frame 138 GL error is 0x0
04-11 03:34:57.108 26119 26145 I native-activity: Frame 138 time is 15.611ms
04-11 03:34:57.109 26119 26145 I native-activity: Swap 138 time is 16.601ms
04-11 03:34:57.110 26119 26145 I native-activity: Animating
04-11 03:34:57.125 26119 26145 I native-activity: Frame 139 GL error is 0x0
04-11 03:34:57.125 26119 26145 I native-activity: Frame 139 time is 15.121ms
04-11 03:34:57.127 26119 26145 I native-activity: Swap 139 time is 17.338ms
04-11 03:34:57.127 26119 26145 I native-activity: Animating
04-11 03:34:57.142 26119 26145 I native-activity: Frame 140 GL error is 0x0
04-11 03:34:57.142 26119 26145 I native-activity: Frame 140 time is 14.521ms
04-11 03:34:57.143 26119 26145 I native-activity: Swap 140 time is 15.555ms
04-11 03:34:57.143 26119 26145 I native-activity: Animating
04-11 03:34:57.158 26119 26145 I native-activity: Frame 141 GL error is 0x0
04-11 03:34:57.158 26119 26145 I native-activity: Frame 141 time is 14.810ms
04-11 03:34:57.159 26119 26145 I native-activity: Swap 141 time is 15.548ms
04-11 03:34:57.159 26119 26145 I native-activity: Animating
04-11 03:34:57.178 26119 26145 I native-activity: Frame 142 GL error is 0x0
04-11 03:34:57.178 26119 26145 I native-activity: Frame 142 time is 18.919ms
04-11 03:34:57.179 26119 26145 I native-activity: Swap 142 time is 19.707ms
04-11 03:34:57.179 26119 26145 I native-activity: Animating
04-11 03:34:57.192 26119 26145 I native-activity: Frame 143 GL error is 0x0
04-11 03:34:57.192 26119 26145 I native-activity: Frame 143 time is 13.238ms
04-11 03:34:57.194 26119 26145 I native-activity: Swap 143 time is 14.657ms
04-11 03:34:57.194 26119 26145 I native-activity: Animating
04-11 03:34:57.205  8277 25709 W Herrevad: [31531] six.b: Invalid mccmnc 
04-11 03:34:57.208  8277 25709 W Herrevad: [31531] six.b: Invalid mccmnc 
04-11 03:34:57.209 26119 26145 I native-activity: Frame 144 GL error is 0x0
04-11 03:34:57.209 26119 26145 I native-activity: Frame 144 time is 14.515ms
04-11 03:34:57.210 26119 26145 I native-activity: Swap 144 time is 15.571ms
04-11 03:34:57.210 26119 26145 I native-activity: Animating
04-11 03:34:57.227 26119 26145 I native-activity: Frame 145 GL error is 0x0
04-11 03:34:57.227 26119 26145 I native-activity: Frame 145 time is 17.083ms
04-11 03:34:57.228 26119 26145 I native-activity: Swap 145 time is 18.192ms
04-11 03:34:57.233 26119 26145 I native-activity: Animating
04-11 03:34:57.242 26119 26145 I native-activity: Frame 146 GL error is 0x0
04-11 03:34:57.242 26119 26145 I native-activity: Frame 146 time is 9.188ms
04-11 03:34:57.243 26119 26145 I native-activity: Swap 146 time is 10.051ms
04-11 03:34:57.243 26119 26145 I native-activity: Animating
04-11 03:34:57.258 26119 26145 I native-activity: Frame 147 GL error is 0x0
04-11 03:34:57.258 26119 26145 I native-activity: Frame 147 time is 15.195ms
04-11 03:34:57.259 26119 26145 I native-activity: Swap 147 time is 15.856ms
04-11 03:34:57.259 26119 26145 I native-activity: Animating
04-11 03:34:57.274 26119 26145 I native-activity: Frame 148 GL error is 0x0
04-11 03:34:57.275 26119 26145 I native-activity: Frame 148 time is 15.426ms
04-11 03:34:57.275 26119 26145 I native-activity: Swap 148 time is 16.016ms
04-11 03:34:57.275 26119 26145 I native-activity: Animating
04-11 03:34:57.291 26119 26145 I native-activity: Frame 149 GL error is 0x0
04-11 03:34:57.291 26119 26145 I native-activity: Frame 149 time is 15.926ms
04-11 03:34:57.292 26119 26145 I native-activity: Swap 149 time is 16.735ms
04-11 03:34:57.292 26119 26145 I native-activity: Animating
04-11 03:34:57.308 26119 26145 I native-activity: Frame 150 GL error is 0x0
04-11 03:34:57.308 26119 26145 I native-activity: Frame 150 time is 15.956ms
04-11 03:34:57.309 26119 26145 I native-activity: Swap 150 time is 16.444ms
04-11 03:34:57.309 26119 26145 I native-activity: Animating
04-11 03:34:57.325 26119 26145 I native-activity: Frame 151 GL error is 0x0
04-11 03:34:57.325 26119 26145 I native-activity: Frame 151 time is 16.353ms
04-11 03:34:57.326 26119 26145 I native-activity: Swap 151 time is 16.979ms
04-11 03:34:57.326 26119 26145 I native-activity: Animating
04-11 03:34:57.342 26119 26145 I native-activity: Frame 152 GL error is 0x0
04-11 03:34:57.342 26119 26145 I native-activity: Frame 152 time is 15.816ms
04-11 03:34:57.342 26119 26145 I native-activity: Swap 152 time is 16.387ms
04-11 03:34:57.342 26119 26145 I native-activity: Animating
04-11 03:34:57.358 26119 26145 I native-activity: Frame 153 GL error is 0x0
04-11 03:34:57.358 26119 26145 I native-activity: Frame 153 time is 15.804ms
04-11 03:34:57.359 26119 26145 I native-activity: Swap 153 time is 16.352ms
04-11 03:34:57.359 26119 26145 I native-activity: Animating
04-11 03:34:57.376 26119 26145 I native-activity: Frame 154 GL error is 0x0
04-11 03:34:57.376 26119 26145 I native-activity: Frame 154 time is 16.758ms
04-11 03:34:57.377 26119 26145 I native-activity: Swap 154 time is 17.584ms
04-11 03:34:57.377 26119 26145 I native-activity: Animating
04-11 03:34:57.394 26119 26145 I native-activity: Frame 155 GL error is 0x0
04-11 03:34:57.395 26119 26145 I native-activity: Frame 155 time is 17.835ms
04-11 03:34:57.396 26119 26145 I native-activity: Swap 155 time is 19.069ms
04-11 03:34:57.396 26119 26145 I native-activity: Animating
04-11 03:34:57.409 26119 26145 I native-activity: Frame 156 GL error is 0x0
04-11 03:34:57.409 26119 26145 I native-activity: Frame 156 time is 13.291ms
04-11 03:34:57.410 26119 26145 I native-activity: Swap 156 time is 14.340ms
04-11 03:34:57.411 26119 26145 I native-activity: Animating
04-11 03:34:57.426 26119 26145 I native-activity: Frame 157 GL error is 0x0
04-11 03:34:57.426 26119 26145 I native-activity: Frame 157 time is 15.307ms
04-11 03:34:57.427 26119 26145 I native-activity: Swap 157 time is 16.242ms
04-11 03:34:57.427 26119 26145 I native-activity: Animating
04-11 03:34:57.444 26119 26145 I native-activity: Frame 158 GL error is 0x0
04-11 03:34:57.444 26119 26145 I native-activity: Frame 158 time is 16.803ms
04-11 03:34:57.445 26119 26145 I native-activity: Swap 158 time is 17.995ms
04-11 03:34:57.445 26119 26145 I native-activity: Animating
04-11 03:34:57.453   448   613 D ConnectivityService: notifyType LOST for NetworkAgentInfo [WIFI () - 2785]
04-11 03:34:57.459   666  1123 D ConnectivityManager.CallbackHandler: CM callback handler got msg 524292
04-11 03:34:57.461 26119 26145 I native-activity: Frame 159 GL error is 0x0
04-11 03:34:57.461 26119 26145 I native-activity: Frame 159 time is 15.954ms
04-11 03:34:57.464 26119 26145 I native-activity: Swap 159 time is 18.605ms
04-11 03:34:57.464 26119 26145 I native-activity: Animating
04-11 03:34:57.470   448 25942 D NetworkMonitor/NetworkAgentInfo [WIFI () - 2785]: OfflineState{ when=-1ms what=532487 target=com.android.internal.util.StateMachine$SmHandler }
04-11 03:34:57.470   448 25942 D NetworkMonitor/NetworkAgentInfo [WIFI () - 2785]: DefaultState{ when=-2ms what=532487 target=com.android.internal.util.StateMachine$SmHandler }
04-11 03:34:57.470   448 25942 D NetworkMonitor/NetworkAgentInfo [WIFI () - 2785]: Disconnected - quitting
04-11 03:34:57.473   448   613 D CSLegacyTypeTracker: Sending disconnected broadcast for type 1 NetworkAgentInfo [WIFI () - 2785] isDefaultNetwork=true
04-11 03:34:57.476 25340 26237 I MusicLeanback: Conditions not met for autocaching.
04-11 03:34:57.476 25340 26237 I MusicLeanback: Stop autocaching.
04-11 03:34:57.485  8277 27307 D ConnectivityManager.CallbackHandler: CM callback handler got msg 524292
04-11 03:34:57.485   448   613 D ConnectivityService: sendStickyBroadcast: action=android.net.conn.CONNECTIVITY_CHANGE_IMMEDIATE
04-11 03:34:57.486 25234 25335 D ConnectivityManager.CallbackHandler: CM callback handler got msg 524292
04-11 03:34:57.486 25234 25335 D Event   : No subscribers registered for event class com.tplink.hellotp.shared.j
04-11 03:34:57.486 25234 25335 D Event   : No subscribers registered for event class de.greenrobot.event.f
04-11 03:34:57.486 25234 25335 D ConnectivityManager.CallbackHandler: CM callback handler got msg 524292
04-11 03:34:57.487 25234 25335 D Event   : No subscribers registered for event class com.tplink.hellotp.shared.j
04-11 03:34:57.487 25234 25335 D Event   : No subscribers registered for event class de.greenrobot.event.f
04-11 03:34:57.487 25472 25552 D ConnectivityManager.CallbackHandler: CM callback handler got msg 524292
04-11 03:34:57.488 26046 26203 D ConnectivityManager.CallbackHandler: CM callback handler got msg 524292
04-11 03:34:57.488 26119 26145 I native-activity: Frame 160 GL error is 0x0
04-11 03:34:57.488 26119 26145 I native-activity: Frame 160 time is 24.038ms
04-11 03:34:57.493 26119 26145 I native-activity: Swap 160 time is 29.318ms
04-11 03:34:57.494 26119 26145 I native-activity: Animating
04-11 03:34:57.499   448   468 I ActivityManager: Waited long enough for: ServiceRecord{7f9db4c u0 com.google.android.apps.gesturesearch/.IndexingService}
04-11 03:34:57.508 26119 26145 I native-activity: Frame 161 GL error is 0x0
04-11 03:34:57.508 26119 26145 I native-activity: Frame 161 time is 13.839ms
04-11 03:34:57.514 26119 26145 I native-activity: Swap 161 time is 19.494ms
04-11 03:34:57.514 26119 26145 I native-activity: Animating
04-11 03:34:57.517 26119 26145 I native-activity: Frame 162 GL error is 0x0
04-11 03:34:57.517 26119 26145 I native-activity: Frame 162 time is 2.643ms
04-11 03:34:57.528 26119 26145 I native-activity: Swap 162 time is 13.281ms
04-11 03:34:57.528 26119 26145 I native-activity: Animating
04-11 03:34:57.529 26119 26145 I native-activity: Frame 163 GL error is 0x0
04-11 03:34:57.529 26119 26145 I native-activity: Frame 163 time is 1.311ms
04-11 03:34:57.532 26119 26145 I native-activity: Swap 163 time is 3.548ms
04-11 03:34:57.533   448   613 D ConnectivityService: sendStickyBroadcast: action=android.net.conn.CONNECTIVITY_CHANGE
04-11 03:34:57.533 26119 26145 I native-activity: Animating
04-11 03:34:57.544   448   613 D ConnectivityService: sendStickyBroadcast: action=android.net.conn.CONNECTIVITY_CHANGE_IMMEDIATE
04-11 03:34:57.545   448   472 D Tethering: MasterInitialState.processMessage what=3
04-11 03:34:57.549 26119 26145 I native-activity: Frame 164 GL error is 0x0
04-11 03:34:57.549 26119 26145 I native-activity: Frame 164 time is 16.311ms
04-11 03:34:57.563 26119 26145 I native-activity: Swap 164 time is 30.416ms
04-11 03:34:57.564 26119 26145 I native-activity: Animating
04-11 03:34:57.565 26119 26145 I native-activity: Frame 165 GL error is 0x0
04-11 03:34:57.565 26119 26145 I native-activity: Frame 165 time is 1.689ms
04-11 03:34:57.570   448   613 D ConnectivityService: sendStickyBroadcast: action=android.net.conn.CONNECTIVITY_CHANGE
04-11 03:34:57.577 26119 26145 I native-activity: Swap 165 time is 13.265ms
04-11 03:34:57.577 26119 26145 I native-activity: Animating
04-11 03:34:57.579 26119 26145 I native-activity: Frame 166 GL error is 0x0
04-11 03:34:57.579 26119 26145 I native-activity: Frame 166 time is 1.706ms
04-11 03:34:57.594   448   613 D ConnectivityService: Checking for replacement network to handle request NetworkRequest [ id=1, legacyType=-1, [ Capabilities: INTERNET&NOT_RESTRICTED&TRUSTED&NOT_VPN] ]
04-11 03:34:57.595   448   613 D ConnectivityService: Checking for replacement network to handle request NetworkRequest [ id=503, legacyType=-1, [ Transports: WIFI Capabilities: NOT_RESTRICTED&TRUSTED&NOT_VPN] ]
04-11 03:34:57.597   448   613 E ConnectivityService: EVENT_NETWORK_INFO_CHANGED from unknown NetworkAgent
04-11 03:34:57.597 26119 26145 I native-activity: Swap 166 time is 19.528ms
04-11 03:34:57.597 26119 26145 I native-activity: Animating
04-11 03:34:57.598 26046 26046 D NetworkChangeNotifierAutoDetect: Network connectivity changed, type is: 6
04-11 03:34:57.605 26119 26145 I native-activity: Frame 167 GL error is 0x0
04-11 03:34:57.605 26119 26145 I native-activity: Frame 167 time is 8.107ms
04-11 03:34:57.613 26119 26145 I native-activity: Swap 167 time is 15.568ms
04-11 03:34:57.615 26119 26145 I native-activity: Animating
04-11 03:34:57.624  8277 25975 W IcingInternalCorpora: getNumBytesRead when not calculated.
04-11 03:34:57.634 26119 26145 I native-activity: Frame 168 GL error is 0x0
04-11 03:34:57.635 26119 26145 I native-activity: Frame 168 time is 19.833ms
04-11 03:34:57.637 26119 26145 I native-activity: Swap 168 time is 22.057ms
04-11 03:34:57.647 26119 26145 I native-activity: Animating
04-11 03:34:57.650 26119 26145 I native-activity: Frame 169 GL error is 0x0
04-11 03:34:57.650 26119 26145 I native-activity: Frame 169 time is 2.550ms
04-11 03:34:57.658 26119 26145 I native-activity: Swap 169 time is 11.002ms
04-11 03:34:57.659 26119 26145 I native-activity: Animating
04-11 03:34:57.659   448   472 D Tethering: MasterInitialState.processMessage what=3
04-11 03:34:57.660 26119 26145 I native-activity: Frame 170 GL error is 0x0
04-11 03:34:57.662 26119 26145 I native-activity: Frame 170 time is 2.567ms
04-11 03:34:57.664 26119 26145 I native-activity: Swap 170 time is 5.337ms
04-11 03:34:57.664 26119 26145 I native-activity: Animating
04-11 03:34:57.679 26119 26145 I native-activity: Frame 171 GL error is 0x0
04-11 03:34:57.679 26119 26145 I native-activity: Frame 171 time is 14.325ms
04-11 03:34:57.680 26119 26145 I native-activity: Swap 171 time is 15.810ms
04-11 03:34:57.681 26119 26145 I native-activity: Animating
04-11 03:34:57.695 26119 26145 I native-activity: Frame 172 GL error is 0x0
04-11 03:34:57.696 26119 26145 I native-activity: Frame 172 time is 14.816ms
04-11 03:34:57.697 26119 26145 I native-activity: Swap 172 time is 15.805ms
04-11 03:34:57.697 26119 26145 I native-activity: Animating
04-11 03:34:57.709 26119 26145 I native-activity: Frame 173 GL error is 0x0
04-11 03:34:57.710 26119 26145 I native-activity: Frame 173 time is 12.703ms
04-11 03:34:57.713 26119 26145 I native-activity: Swap 173 time is 16.467ms
04-11 03:34:57.714 26119 26145 I native-activity: Animating
04-11 03:34:57.727 26119 26145 I native-activity: Frame 174 GL error is 0x0
04-11 03:34:57.727 26119 26145 I native-activity: Frame 174 time is 13.613ms
04-11 03:34:57.730 26119 26145 I native-activity: Swap 174 time is 16.648ms
04-11 03:34:57.731 26119 26145 I native-activity: Animating
04-11 03:34:57.744 26119 26145 I native-activity: Frame 175 GL error is 0x0
04-11 03:34:57.744 26119 26145 I native-activity: Frame 175 time is 12.928ms
04-11 03:34:57.745 26119 26145 I native-activity: Swap 175 time is 14.115ms
04-11 03:34:57.745 26119 26145 I native-activity: Animating
04-11 03:34:57.759 26119 26145 I native-activity: Frame 176 GL error is 0x0
04-11 03:34:57.759 26119 26145 I native-activity: Frame 176 time is 13.991ms
04-11 03:34:57.761 26119 26145 I native-activity: Swap 176 time is 15.451ms
04-11 03:34:57.761 26119 26145 I native-activity: Animating
04-11 03:34:57.777 26119 26145 I native-activity: Frame 177 GL error is 0x0
04-11 03:34:57.777 26119 26145 I native-activity: Frame 177 time is 15.805ms
04-11 03:34:57.778 26119 26145 I native-activity: Swap 177 time is 16.895ms
04-11 03:34:57.778 26119 26145 I native-activity: Animating
04-11 03:34:57.792 26119 26145 I native-activity: Frame 178 GL error is 0x0
04-11 03:34:57.793 26119 26145 I native-activity: Frame 178 time is 14.281ms
04-11 03:34:57.793 26119 26145 I native-activity: Swap 178 time is 14.990ms
04-11 03:34:57.793 26119 26145 I native-activity: Animating
04-11 03:34:57.809 26119 26145 I native-activity: Frame 179 GL error is 0x0
04-11 03:34:57.809 26119 26145 I native-activity: Frame 179 time is 15.407ms
04-11 03:34:57.810 26119 26145 I native-activity: Swap 179 time is 16.147ms
04-11 03:34:57.810 26119 26145 I native-activity: Animating
04-11 03:34:57.825 26119 26145 I native-activity: Frame 180 GL error is 0x0
04-11 03:34:57.825 26119 26145 I native-activity: Frame 180 time is 15.688ms
04-11 03:34:57.826 26119 26145 I native-activity: Swap 180 time is 16.332ms
04-11 03:34:57.826 26119 26145 I native-activity: Animating
04-11 03:34:57.842 26119 26145 I native-activity: Frame 181 GL error is 0x0
04-11 03:34:57.842 26119 26145 I native-activity: Frame 181 time is 16.067ms
04-11 03:34:57.843 26119 26145 I native-activity: Swap 181 time is 17.060ms
04-11 03:34:57.844 26119 26145 I native-activity: Animating
04-11 03:34:57.860 26119 26145 I native-activity: Frame 182 GL error is 0x0
04-11 03:34:57.860 26119 26145 I native-activity: Frame 182 time is 16.250ms
04-11 03:34:57.861 26119 26145 I native-activity: Swap 182 time is 17.474ms
04-11 03:34:57.861 26119 26145 I native-activity: Animating
04-11 03:34:57.876 26119 26145 I native-activity: Frame 183 GL error is 0x0
04-11 03:34:57.876 26119 26145 I native-activity: Frame 183 time is 14.813ms
04-11 03:34:57.877 26119 26145 I native-activity: Swap 183 time is 15.644ms
04-11 03:34:57.877 26119 26145 I native-activity: Animating
04-11 03:34:57.894 26119 26145 I native-activity: Frame 184 GL error is 0x0
04-11 03:34:57.894 26119 26145 I native-activity: Frame 184 time is 16.610ms
04-11 03:34:57.894 26119 26145 I native-activity: Swap 184 time is 17.371ms
04-11 03:34:57.895 26119 26145 I native-activity: Animating
04-11 03:34:57.909 26119 26145 I native-activity: Frame 185 GL error is 0x0
04-11 03:34:57.909 26119 26145 I native-activity: Frame 185 time is 14.731ms
04-11 03:34:57.910 26119 26145 I native-activity: Swap 185 time is 15.597ms
04-11 03:34:57.910 26119 26145 I native-activity: Animating
04-11 03:34:57.925 26119 26145 I native-activity: Frame 186 GL error is 0x0
04-11 03:34:57.925 26119 26145 I native-activity: Frame 186 time is 14.790ms
04-11 03:34:57.926 26119 26145 I native-activity: Swap 186 time is 15.615ms
04-11 03:34:57.926 26119 26145 I native-activity: Animating
04-11 03:34:57.944 26119 26145 I native-activity: Frame 187 GL error is 0x0
04-11 03:34:57.944 26119 26145 I native-activity: Frame 187 time is 17.762ms
04-11 03:34:57.945 26119 26145 I native-activity: Swap 187 time is 18.942ms
04-11 03:34:57.945 26119 26145 I native-activity: Animating
04-11 03:34:57.962 26119 26145 I native-activity: Frame 188 GL error is 0x0
04-11 03:34:57.962 26119 26145 I native-activity: Frame 188 time is 16.273ms
04-11 03:34:57.963 26119 26145 I native-activity: Swap 188 time is 17.625ms
04-11 03:34:57.963 26119 26145 I native-activity: Animating
04-11 03:34:57.978 26119 26145 I native-activity: Frame 189 GL error is 0x0
04-11 03:34:57.978 26119 26145 I native-activity: Frame 189 time is 14.847ms
04-11 03:34:57.979 26119 26145 I native-activity: Swap 189 time is 15.897ms
