04-11 03:39:37.167 28499 28522 D native-activity: Reading pixels format 0x1908 type 0x1401 bpp 4
04-11 03:39:37.175  8277 28430 I CheckinUtil: Classify the device as Tablet.
04-11 03:39:37.187 28499 28522 I native-activity: Read pixels, GL error is 0x0
04-11 03:39:37.187 28499 28522 I native-activity: Swap 138 time is 20.135ms
04-11 03:39:37.187 28499 28522 I native-activity: Animating
04-11 03:39:37.187 28499 28522 I native-activity: Frame 139 GL error is 0x0
04-11 03:39:37.187 28499 28522 I native-activity: Frame 139 time is 0.416ms
04-11 03:39:37.187 28499 28522 I native-activity: Doing egl_swapbuffers_sync 1
04-11 03:39:37.187 28499 28522 D native-activity: Reading pixels format 0x1908 type 0x1401 bpp 4
04-11 03:39:37.207 28499 28522 I native-activity: Read pixels, GL error is 0x0
04-11 03:39:37.207 28499 28522 I native-activity: Swap 139 time is 20.152ms
04-11 03:39:37.207 28499 28522 I native-activity: Animating
04-11 03:39:37.208 28499 28522 I native-activity: Frame 140 GL error is 0x0
04-11 03:39:37.208 28499 28522 I native-activity: Frame 140 time is 0.514ms
04-11 03:39:37.208 28499 28522 I native-activity: Doing egl_swapbuffers_sync 1
04-11 03:39:37.208 28499 28522 D native-activity: Reading pixels format 0x1908 type 0x1401 bpp 4
04-11 03:39:37.227 28499 28522 I native-activity: Read pixels, GL error is 0x0
04-11 03:39:37.227 28499 28522 I native-activity: Swap 140 time is 20.192ms
04-11 03:39:37.227 28499 28522 I native-activity: Animating
04-11 03:39:37.228 28499 28522 I native-activity: Frame 141 GL error is 0x0
04-11 03:39:37.228 28499 28522 I native-activity: Frame 141 time is 0.512ms
04-11 03:39:37.228 28499 28522 I native-activity: Doing egl_swapbuffers_sync 1
04-11 03:39:37.228 28499 28522 D native-activity: Reading pixels format 0x1908 type 0x1401 bpp 4
04-11 03:39:37.247 28499 28522 I native-activity: Read pixels, GL error is 0x0
04-11 03:39:37.247 28499 28522 I native-activity: Swap 141 time is 19.898ms
04-11 03:39:37.247 28499 28522 I native-activity: Animating
04-11 03:39:37.248 28499 28522 I native-activity: Frame 142 GL error is 0x0
04-11 03:39:37.248 28499 28522 I native-activity: Frame 142 time is 0.400ms
04-11 03:39:37.248 28499 28522 I native-activity: Doing egl_swapbuffers_sync 1
04-11 03:39:37.248 28499 28522 D native-activity: Reading pixels format 0x1908 type 0x1401 bpp 4
04-11 03:39:37.267 28499 28522 I native-activity: Read pixels, GL error is 0x0
04-11 03:39:37.267 28499 28522 I native-activity: Swap 142 time is 19.905ms
04-11 03:39:37.267 28499 28522 I native-activity: Animating
04-11 03:39:37.268 28499 28522 I native-activity: Frame 143 GL error is 0x0
04-11 03:39:37.268 28499 28522 I native-activity: Frame 143 time is 0.502ms
04-11 03:39:37.268 28499 28522 I native-activity: Doing egl_swapbuffers_sync 1
04-11 03:39:37.268 28499 28522 D native-activity: Reading pixels format 0x1908 type 0x1401 bpp 4
04-11 03:39:37.287 28499 28522 I native-activity: Read pixels, GL error is 0x0
04-11 03:39:37.287 28499 28522 I native-activity: Swap 143 time is 19.965ms
04-11 03:39:37.288 28499 28522 I native-activity: Animating
04-11 03:39:37.288 28499 28522 I native-activity: Frame 144 GL error is 0x0
04-11 03:39:37.288 28499 28522 I native-activity: Frame 144 time is 0.484ms
04-11 03:39:37.288 28499 28522 I native-activity: Doing egl_swapbuffers_sync 1
04-11 03:39:37.288 28499 28522 D native-activity: Reading pixels format 0x1908 type 0x1401 bpp 4
04-11 03:39:37.307 28499 28522 I native-activity: Read pixels, GL error is 0x0
04-11 03:39:37.307 28499 28522 I native-activity: Swap 144 time is 19.628ms
04-11 03:39:37.307 28499 28522 I native-activity: Animating
04-11 03:39:37.308 28499 28522 I native-activity: Frame 145 GL error is 0x0
04-11 03:39:37.308 28499 28522 I native-activity: Frame 145 time is 0.368ms
04-11 03:39:37.308 28499 28522 I native-activity: Doing egl_swapbuffers_sync 1
04-11 03:39:37.308 28499 28522 D native-activity: Reading pixels format 0x1908 type 0x1401 bpp 4
04-11 03:39:37.327 28499 28522 I native-activity: Read pixels, GL error is 0x0
04-11 03:39:37.327 28499 28522 I native-activity: Swap 145 time is 20.148ms
04-11 03:39:37.328 28499 28522 I native-activity: Animating
04-11 03:39:37.328 28499 28522 I native-activity: Frame 146 GL error is 0x0
04-11 03:39:37.328 28499 28522 I native-activity: Frame 146 time is 0.593ms
04-11 03:39:37.328 28499 28522 I native-activity: Doing egl_swapbuffers_sync 1
04-11 03:39:37.328 28499 28522 D native-activity: Reading pixels format 0x1908 type 0x1401 bpp 4
04-11 03:39:37.335  8277 28430 I CheckinTask: set cookie as: NID=100=QI89i1muOz-6tFALarPEg9o2BY39gu-bMEBRrltZpMFqAb1Nd7HEy-edS9bMZSI5rbefHo8KHK4XYv22kOXxSIUb8mtzdJIcsK7Sw0QZMBUVkUGYGaCPuI-EpboXqYCx
04-11 03:39:37.341  8277 28430 E CheckinTask: Checkin failed: https://android.clients.google.com/checkin (request #0): java.net.UnknownHostException: Unable to resolve host "android.clients.google.com": No address associated with hostname
04-11 03:39:37.348 28499 28522 I native-activity: Read pixels, GL error is 0x0
04-11 03:39:37.348 28499 28522 I native-activity: Swap 146 time is 20.457ms
04-11 03:39:37.348 28499 28522 I native-activity: Animating
04-11 03:39:37.349 28499 28522 I native-activity: Frame 147 GL error is 0x0
04-11 03:39:37.349 28499 28522 I native-activity: Frame 147 time is 0.565ms
04-11 03:39:37.349 28499 28522 I native-activity: Doing egl_swapbuffers_sync 1
04-11 03:39:37.349 28499 28522 D native-activity: Reading pixels format 0x1908 type 0x1401 bpp 4
04-11 03:39:37.360  8277 28430 I CheckinChimeraService: Checking schedule, now: 1491907177360 next: 1491907187341
04-11 03:39:37.360  8277 28430 I CheckinChimeraService: active receiver: disabled
04-11 03:39:37.368 28499 28522 I native-activity: Read pixels, GL error is 0x0
04-11 03:39:37.368 28499 28522 I native-activity: Swap 147 time is 20.254ms
04-11 03:39:37.369 28499 28522 I native-activity: Animating
04-11 03:39:37.369 28499 28522 I native-activity: Frame 148 GL error is 0x0
04-11 03:39:37.369 28499 28522 I native-activity: Frame 148 time is 0.473ms
04-11 03:39:37.369 28499 28522 I native-activity: Doing egl_swapbuffers_sync 1
04-11 03:39:37.369 28499 28522 D native-activity: Reading pixels format 0x1908 type 0x1401 bpp 4
04-11 03:39:37.388 28499 28522 I native-activity: Read pixels, GL error is 0x0
04-11 03:39:37.388 28499 28522 I native-activity: Swap 148 time is 19.712ms
04-11 03:39:37.388 28499 28522 I native-activity: Animating
04-11 03:39:37.389 28499 28522 I native-activity: Frame 149 GL error is 0x0
04-11 03:39:37.389 28499 28522 I native-activity: Frame 149 time is 0.366ms
04-11 03:39:37.389 28499 28522 I native-activity: Doing egl_swapbuffers_sync 1
04-11 03:39:37.389 28499 28522 D native-activity: Reading pixels format 0x1908 type 0x1401 bpp 4
04-11 03:39:37.405  8277 28592 I CheckinChimeraService: Checking schedule, now: 1491907177405 next: 1491907187341
04-11 03:39:37.405  8277 28592 I CheckinChimeraService: active receiver: disabled
04-11 03:39:37.408 28499 28522 I native-activity: Read pixels, GL error is 0x0
04-11 03:39:37.409 28499 28522 I native-activity: Swap 149 time is 20.213ms
04-11 03:39:37.409 28499 28522 I native-activity: Animating
04-11 03:39:37.409 28499 28522 I native-activity: Frame 150 GL error is 0x0
04-11 03:39:37.409 28499 28522 I native-activity: Frame 150 time is 0.644ms
04-11 03:39:37.409 28499 28522 I native-activity: Doing egl_swapbuffers_sync 1
04-11 03:39:37.409 28499 28522 D native-activity: Reading pixels format 0x1908 type 0x1401 bpp 4
04-11 03:39:37.429 28499 28522 I native-activity: Read pixels, GL error is 0x0
04-11 03:39:37.429 28499 28522 I native-activity: Swap 150 time is 20.439ms
04-11 03:39:37.429 28499 28522 I native-activity: Animating
04-11 03:39:37.430 28499 28522 I native-activity: Frame 151 GL error is 0x0
04-11 03:39:37.430 28499 28522 I native-activity: Frame 151 time is 0.558ms
04-11 03:39:37.430 28499 28522 I native-activity: Doing egl_swapbuffers_sync 1
04-11 03:39:37.430 28499 28522 D native-activity: Reading pixels format 0x1908 type 0x1401 bpp 4
04-11 03:39:37.450 28499 28522 I native-activity: Read pixels, GL error is 0x0
04-11 03:39:37.450 28499 28522 I native-activity: Swap 151 time is 20.432ms
04-11 03:39:37.450 28499 28522 I native-activity: Animating
04-11 03:39:37.450 28499 28522 I native-activity: Frame 152 GL error is 0x0
04-11 03:39:37.451 28499 28522 I native-activity: Frame 152 time is 0.767ms
04-11 03:39:37.451 28499 28522 I native-activity: Doing egl_swapbuffers_sync 1
04-11 03:39:37.451 28499 28522 D native-activity: Reading pixels format 0x1908 type 0x1401 bpp 4
04-11 03:39:37.470 28499 28522 I native-activity: Read pixels, GL error is 0x0
04-11 03:39:37.470 28499 28522 I native-activity: Swap 152 time is 20.580ms
04-11 03:39:37.470 28499 28522 I native-activity: Animating
04-11 03:39:37.472 28499 28522 I native-activity: Frame 153 GL error is 0x0
04-11 03:39:37.472 28499 28522 I native-activity: Frame 153 time is 1.444ms
04-11 03:39:37.472 28499 28522 I native-activity: Doing egl_swapbuffers_sync 1
04-11 03:39:37.472 28499 28522 D native-activity: Reading pixels format 0x1908 type 0x1401 bpp 4
04-11 03:39:37.491 28499 28522 I native-activity: Read pixels, GL error is 0x0
04-11 03:39:37.492 28499 28522 I native-activity: Swap 153 time is 21.068ms
04-11 03:39:37.492 28499 28522 I native-activity: Animating
04-11 03:39:37.492 28499 28522 I native-activity: Frame 154 GL error is 0x0
04-11 03:39:37.492 28499 28522 I native-activity: Frame 154 time is 0.622ms
04-11 03:39:37.492 28499 28522 I native-activity: Doing egl_swapbuffers_sync 1
04-11 03:39:37.492 28499 28522 D native-activity: Reading pixels format 0x1908 type 0x1401 bpp 4
04-11 03:39:37.512 28499 28522 I native-activity: Read pixels, GL error is 0x0
04-11 03:39:37.512 28499 28522 I native-activity: Swap 154 time is 20.546ms
04-11 03:39:37.512 28499 28522 I native-activity: Animating
04-11 03:39:37.513 28499 28522 I native-activity: Frame 155 GL error is 0x0
04-11 03:39:37.513 28499 28522 I native-activity: Frame 155 time is 0.724ms
04-11 03:39:37.513 28499 28522 I native-activity: Doing egl_swapbuffers_sync 1
04-11 03:39:37.513 28499 28522 D native-activity: Reading pixels format 0x1908 type 0x1401 bpp 4
04-11 03:39:37.532 28499 28522 I native-activity: Read pixels, GL error is 0x0
04-11 03:39:37.532 28499 28522 I native-activity: Swap 155 time is 19.794ms
04-11 03:39:37.532 28499 28522 I native-activity: Animating
04-11 03:39:37.533 28499 28522 I native-activity: Frame 156 GL error is 0x0
04-11 03:39:37.533 28499 28522 I native-activity: Frame 156 time is 0.558ms
04-11 03:39:37.533 28499 28522 I native-activity: Doing egl_swapbuffers_sync 1
04-11 03:39:37.533 28499 28522 D native-activity: Reading pixels format 0x1908 type 0x1401 bpp 4
04-11 03:39:37.552 28499 28522 I native-activity: Read pixels, GL error is 0x0
04-11 03:39:37.552 28499 28522 I native-activity: Swap 156 time is 19.467ms
04-11 03:39:37.552 28499 28522 I native-activity: Animating
04-11 03:39:37.552 28499 28522 I native-activity: Frame 157 GL error is 0x0
04-11 03:39:37.552 28499 28522 I native-activity: Frame 157 time is 0.336ms
04-11 03:39:37.552 28499 28522 I native-activity: Doing egl_swapbuffers_sync 1
04-11 03:39:37.552 28499 28522 D native-activity: Reading pixels format 0x1908 type 0x1401 bpp 4
04-11 03:39:37.571 28499 28522 I native-activity: Read pixels, GL error is 0x0
04-11 03:39:37.571 28499 28522 I native-activity: Swap 157 time is 19.233ms
04-11 03:39:37.571 28499 28522 I native-activity: Animating
04-11 03:39:37.571 28499 28522 I native-activity: Frame 158 GL error is 0x0
04-11 03:39:37.571 28499 28522 I native-activity: Frame 158 time is 0.314ms
04-11 03:39:37.572 28499 28522 I native-activity: Doing egl_swapbuffers_sync 1
04-11 03:39:37.572 28499 28522 D native-activity: Reading pixels format 0x1908 type 0x1401 bpp 4
04-11 03:39:37.590 28499 28522 I native-activity: Read pixels, GL error is 0x0
04-11 03:39:37.590 28499 28522 I native-activity: Swap 158 time is 19.221ms
04-11 03:39:37.590 28499 28522 I native-activity: Animating
04-11 03:39:37.591 28499 28522 I native-activity: Frame 159 GL error is 0x0
04-11 03:39:37.591 28499 28522 I native-activity: Frame 159 time is 0.337ms
04-11 03:39:37.591 28499 28522 I native-activity: Doing egl_swapbuffers_sync 1
04-11 03:39:37.591 28499 28522 D native-activity: Reading pixels format 0x1908 type 0x1401 bpp 4
04-11 03:39:37.610 28499 28522 I native-activity: Read pixels, GL error is 0x0
04-11 03:39:37.610 28499 28522 I native-activity: Swap 159 time is 19.268ms
04-11 03:39:37.610 28499 28522 I native-activity: Animating
04-11 03:39:37.610 28499 28522 I native-activity: Frame 160 GL error is 0x0
04-11 03:39:37.610 28499 28522 I native-activity: Frame 160 time is 0.490ms
04-11 03:39:37.610 28499 28522 I native-activity: Doing egl_swapbuffers_sync 1
04-11 03:39:37.610 28499 28522 D native-activity: Reading pixels format 0x1908 type 0x1401 bpp 4
04-11 03:39:37.629 28499 28522 I native-activity: Read pixels, GL error is 0x0
04-11 03:39:37.629 28499 28522 I native-activity: Swap 160 time is 19.368ms
04-11 03:39:37.629 28499 28522 I native-activity: Animating
04-11 03:39:37.630 28499 28522 I native-activity: Frame 161 GL error is 0x0
04-11 03:39:37.630 28499 28522 I native-activity: Frame 161 time is 0.331ms
04-11 03:39:37.630 28499 28522 I native-activity: Doing egl_swapbuffers_sync 1
04-11 03:39:37.630 28499 28522 D native-activity: Reading pixels format 0x1908 type 0x1401 bpp 4
04-11 03:39:37.649 28499 28522 I native-activity: Read pixels, GL error is 0x0
04-11 03:39:37.649 28499 28522 I native-activity: Swap 161 time is 19.391ms
04-11 03:39:37.649 28499 28522 I native-activity: Animating
04-11 03:39:37.649 28499 28522 I native-activity: Frame 162 GL error is 0x0
04-11 03:39:37.649 28499 28522 I native-activity: Frame 162 time is 0.340ms
04-11 03:39:37.649 28499 28522 I native-activity: Doing egl_swapbuffers_sync 1
04-11 03:39:37.649 28499 28522 D native-activity: Reading pixels format 0x1908 type 0x1401 bpp 4
04-11 03:39:37.668 28499 28522 I native-activity: Read pixels, GL error is 0x0
04-11 03:39:37.668 28499 28522 I native-activity: Swap 162 time is 19.252ms
04-11 03:39:37.668 28499 28522 I native-activity: Animating
04-11 03:39:37.668 28499 28522 I native-activity: Frame 163 GL error is 0x0
04-11 03:39:37.668 28499 28522 I native-activity: Frame 163 time is 0.333ms
04-11 03:39:37.668 28499 28522 I native-activity: Doing egl_swapbuffers_sync 1
04-11 03:39:37.668 28499 28522 D native-activity: Reading pixels format 0x1908 type 0x1401 bpp 4
04-11 03:39:37.687 28499 28522 I native-activity: Read pixels, GL error is 0x0
04-11 03:39:37.687 28499 28522 I native-activity: Swap 163 time is 19.261ms
04-11 03:39:37.687 28499 28522 I native-activity: Animating
04-11 03:39:37.688 28499 28522 I native-activity: Frame 164 GL error is 0x0
04-11 03:39:37.688 28499 28522 I native-activity: Frame 164 time is 0.324ms
04-11 03:39:37.688 28499 28522 I native-activity: Doing egl_swapbuffers_sync 1
04-11 03:39:37.688 28499 28522 D native-activity: Reading pixels format 0x1908 type 0x1401 bpp 4
04-11 03:39:37.707 28499 28522 I native-activity: Read pixels, GL error is 0x0
04-11 03:39:37.707 28499 28522 I native-activity: Swap 164 time is 19.213ms
04-11 03:39:37.707 28499 28522 I native-activity: Animating
04-11 03:39:37.707 28499 28522 I native-activity: Frame 165 GL error is 0x0
04-11 03:39:37.707 28499 28522 I native-activity: Frame 165 time is 0.406ms
04-11 03:39:37.707 28499 28522 I native-activity: Doing egl_swapbuffers_sync 1
04-11 03:39:37.707 28499 28522 D native-activity: Reading pixels format 0x1908 type 0x1401 bpp 4
04-11 03:39:37.726 28499 28522 I native-activity: Read pixels, GL error is 0x0
04-11 03:39:37.726 28499 28522 I native-activity: Swap 165 time is 19.294ms
04-11 03:39:37.726 28499 28522 I native-activity: Animating
04-11 03:39:37.726 28499 28522 I native-activity: Frame 166 GL error is 0x0
04-11 03:39:37.726 28499 28522 I native-activity: Frame 166 time is 0.341ms
04-11 03:39:37.727 28499 28522 I native-activity: Doing egl_swapbuffers_sync 1
04-11 03:39:37.727 28499 28522 D native-activity: Reading pixels format 0x1908 type 0x1401 bpp 4
04-11 03:39:37.745 28499 28522 I native-activity: Read pixels, GL error is 0x0
04-11 03:39:37.745 28499 28522 I native-activity: Swap 166 time is 19.233ms
04-11 03:39:37.745 28499 28522 I native-activity: Animating
04-11 03:39:37.746 28499 28522 I native-activity: Frame 167 GL error is 0x0
04-11 03:39:37.746 28499 28522 I native-activity: Frame 167 time is 0.323ms
04-11 03:39:37.746 28499 28522 I native-activity: Doing egl_swapbuffers_sync 1
04-11 03:39:37.746 28499 28522 D native-activity: Reading pixels format 0x1908 type 0x1401 bpp 4
04-11 03:39:37.765 28499 28522 I native-activity: Read pixels, GL error is 0x0
04-11 03:39:37.765 28499 28522 I native-activity: Swap 167 time is 19.217ms
04-11 03:39:37.765 28499 28522 I native-activity: Animating
04-11 03:39:37.765 28499 28522 I native-activity: Frame 168 GL error is 0x0
04-11 03:39:37.765 28499 28522 I native-activity: Frame 168 time is 0.310ms
04-11 03:39:37.765 28499 28522 I native-activity: Doing egl_swapbuffers_sync 1
04-11 03:39:37.765 28499 28522 D native-activity: Reading pixels format 0x1908 type 0x1401 bpp 4
04-11 03:39:37.784 28499 28522 I native-activity: Read pixels, GL error is 0x0
04-11 03:39:37.784 28499 28522 I native-activity: Swap 168 time is 19.329ms
04-11 03:39:37.784 28499 28522 I native-activity: Animating
04-11 03:39:37.785 28499 28522 I native-activity: Frame 169 GL error is 0x0
04-11 03:39:37.785 28499 28522 I native-activity: Frame 169 time is 0.423ms
04-11 03:39:37.785 28499 28522 I native-activity: Doing egl_swapbuffers_sync 1
04-11 03:39:37.785 28499 28522 D native-activity: Reading pixels format 0x1908 type 0x1401 bpp 4
04-11 03:39:37.804 28499 28522 I native-activity: Read pixels, GL error is 0x0
04-11 03:39:37.804 28499 28522 I native-activity: Swap 169 time is 20.118ms
04-11 03:39:37.804 28499 28522 I native-activity: Animating
04-11 03:39:37.805 28499 28522 I native-activity: Frame 170 GL error is 0x0
04-11 03:39:37.805 28499 28522 I native-activity: Frame 170 time is 0.507ms
04-11 03:39:37.805 28499 28522 I native-activity: Doing egl_swapbuffers_sync 1
04-11 03:39:37.805 28499 28522 D native-activity: Reading pixels format 0x1908 type 0x1401 bpp 4
04-11 03:39:37.825 28499 28522 I native-activity: Read pixels, GL error is 0x0
04-11 03:39:37.825 28499 28522 I native-activity: Swap 170 time is 20.344ms
04-11 03:39:37.825 28499 28522 I native-activity: Animating
04-11 03:39:37.825 28499 28522 I native-activity: Frame 171 GL error is 0x0
04-11 03:39:37.825 28499 28522 I native-activity: Frame 171 time is 0.567ms
04-11 03:39:37.825 28499 28522 I native-activity: Doing egl_swapbuffers_sync 1
04-11 03:39:37.826 28499 28522 D native-activity: Reading pixels format 0x1908 type 0x1401 bpp 4
04-11 03:39:37.845 28499 28522 I native-activity: Read pixels, GL error is 0x0
04-11 03:39:37.845 28499 28522 I native-activity: Swap 171 time is 20.203ms
04-11 03:39:37.845 28499 28522 I native-activity: Animating
04-11 03:39:37.846 28499 28522 I native-activity: Frame 172 GL error is 0x0
04-11 03:39:37.846 28499 28522 I native-activity: Frame 172 time is 0.421ms
04-11 03:39:37.846 28499 28522 I native-activity: Doing egl_swapbuffers_sync 1
04-11 03:39:37.846 28499 28522 D native-activity: Reading pixels format 0x1908 type 0x1401 bpp 4
04-11 03:39:37.865 28499 28522 I native-activity: Read pixels, GL error is 0x0
04-11 03:39:37.865 28499 28522 I native-activity: Swap 172 time is 19.952ms
04-11 03:39:37.865 28499 28522 I native-activity: Animating
04-11 03:39:37.867 28499 28522 I native-activity: Frame 173 GL error is 0x0
04-11 03:39:37.867 28499 28522 I native-activity: Frame 173 time is 1.796ms
04-11 03:39:37.867 28499 28522 I native-activity: Doing egl_swapbuffers_sync 1
04-11 03:39:37.867 28499 28522 D native-activity: Reading pixels format 0x1908 type 0x1401 bpp 4
04-11 03:39:37.886 28499 28522 I native-activity: Read pixels, GL error is 0x0
04-11 03:39:37.886 28499 28522 I native-activity: Swap 173 time is 20.820ms
04-11 03:39:37.886 28499 28522 I native-activity: Animating
04-11 03:39:37.887 28499 28522 I native-activity: Frame 174 GL error is 0x0
04-11 03:39:37.887 28499 28522 I native-activity: Frame 174 time is 0.460ms
04-11 03:39:37.887 28499 28522 I native-activity: Doing egl_swapbuffers_sync 1
04-11 03:39:37.887 28499 28522 D native-activity: Reading pixels format 0x1908 type 0x1401 bpp 4
04-11 03:39:37.906 28499 28522 I native-activity: Read pixels, GL error is 0x0
04-11 03:39:37.906 28499 28522 I native-activity: Swap 174 time is 19.569ms
04-11 03:39:37.906 28499 28522 I native-activity: Animating
04-11 03:39:37.906 28499 28522 I native-activity: Frame 175 GL error is 0x0
04-11 03:39:37.906 28499 28522 I native-activity: Frame 175 time is 0.352ms
04-11 03:39:37.906 28499 28522 I native-activity: Doing egl_swapbuffers_sync 1
04-11 03:39:37.906 28499 28522 D native-activity: Reading pixels format 0x1908 type 0x1401 bpp 4
04-11 03:39:37.920   448 28321 D NetworkMonitor/NetworkAgentInfo [WIFI () - 2791]: EvaluatingState{ when=-2ms what=532486 arg1=3 target=com.android.internal.util.StateMachine$SmHandler }
04-11 03:39:37.920   448 28321 D NetworkMonitor/NetworkAgentInfo [WIFI () - 2791]: Checking http://connectivitycheck.android.com/generate_204 on "wildfredland"
04-11 03:39:37.924   448 28321 D NetworkMonitor/NetworkAgentInfo [WIFI () - 2791]: Probably not a portal: exception java.net.UnknownHostException: Unable to resolve host "connectivitycheck.android.com": No address associated with hostname
04-11 03:39:37.924   448   613 D ConnectivityService: setProvNotificationVisibleIntent: E visible=false networkType=0 extraInfo=null
04-11 03:39:37.926 28499 28522 I native-activity: Read pixels, GL error is 0x0
04-11 03:39:37.926 28499 28522 I native-activity: Swap 175 time is 19.761ms
04-11 03:39:37.926 28499 28522 I native-activity: Animating
04-11 03:39:37.926 28499 28522 I native-activity: Frame 176 GL error is 0x0
04-11 03:39:37.926 28499 28522 I native-activity: Frame 176 time is 0.685ms
04-11 03:39:37.926 28499 28522 I native-activity: Doing egl_swapbuffers_sync 1
04-11 03:39:37.926 28499 28522 D native-activity: Reading pixels format 0x1908 type 0x1401 bpp 4
04-11 03:39:37.945 28499 28522 I native-activity: Read pixels, GL error is 0x0
04-11 03:39:37.945 28499 28522 I native-activity: Swap 176 time is 19.495ms
04-11 03:39:37.945 28499 28522 I native-activity: Animating
04-11 03:39:37.946 28499 28522 I native-activity: Frame 177 GL error is 0x0
04-11 03:39:37.946 28499 28522 I native-activity: Frame 177 time is 0.333ms
04-11 03:39:37.946 28499 28522 I native-activity: Doing egl_swapbuffers_sync 1
04-11 03:39:37.946 28499 28522 D native-activity: Reading pixels format 0x1908 type 0x1401 bpp 4
04-11 03:39:37.965 28499 28522 I native-activity: Read pixels, GL error is 0x0
04-11 03:39:37.965 28499 28522 I native-activity: Swap 177 time is 20.033ms
04-11 03:39:37.965 28499 28522 I native-activity: Animating
04-11 03:39:37.966 28499 28522 I native-activity: Frame 178 GL error is 0x0
04-11 03:39:37.966 28499 28522 I native-activity: Frame 178 time is 0.728ms
04-11 03:39:37.966 28499 28522 I native-activity: Doing egl_swapbuffers_sync 1
04-11 03:39:37.966 28499 28522 D native-activity: Reading pixels format 0x1908 type 0x1401 bpp 4
04-11 03:39:37.986 28499 28522 I native-activity: Read pixels, GL error is 0x0
04-11 03:39:37.986 28499 28522 I native-activity: Swap 178 time is 20.422ms
04-11 03:39:37.986 28499 28522 I native-activity: Animating
04-11 03:39:37.986 28499 28522 I native-activity: Frame 179 GL error is 0x0
04-11 03:39:37.986 28499 28522 I native-activity: Frame 179 time is 0.468ms
04-11 03:39:37.986 28499 28522 I native-activity: Doing egl_swapbuffers_sync 1
04-11 03:39:37.987 28499 28522 D native-activity: Reading pixels format 0x1908 type 0x1401 bpp 4
04-11 03:39:38.007 28499 28522 I native-activity: Read pixels, GL error is 0x0
04-11 03:39:38.007 28499 28522 I native-activity: Swap 179 time is 20.874ms
04-11 03:39:38.007 28499 28522 I native-activity: Animating
04-11 03:39:38.008 28499 28522 I native-activity: Frame 180 GL error is 0x0
04-11 03:39:38.008 28499 28522 I native-activity: Frame 180 time is 0.691ms
04-11 03:39:38.008 28499 28522 I native-activity: Doing egl_swapbuffers_sync 1
04-11 03:39:38.008 28499 28522 D native-activity: Reading pixels format 0x1908 type 0x1401 bpp 4
04-11 03:39:38.027 28499 28522 I native-activity: Read pixels, GL error is 0x0
04-11 03:39:38.028 28499 28522 I native-activity: Swap 180 time is 20.520ms
04-11 03:39:38.028 28499 28522 I native-activity: Animating
04-11 03:39:38.028 28499 28522 I native-activity: Frame 181 GL error is 0x0
04-11 03:39:38.029 28499 28522 I native-activity: Frame 181 time is 0.867ms
04-11 03:39:38.029 28499 28522 I native-activity: Doing egl_swapbuffers_sync 1
04-11 03:39:38.029 28499 28522 D native-activity: Reading pixels format 0x1908 type 0x1401 bpp 4
04-11 03:39:38.048 28414 28602 I MusicLeanback: Conditions not met for autocaching.
04-11 03:39:38.048 28414 28602 I MusicLeanback: Stop autocaching.
04-11 03:39:38.049 28499 28522 I native-activity: Read pixels, GL error is 0x0
04-11 03:39:38.049 28499 28522 I native-activity: Swap 181 time is 21.406ms
04-11 03:39:38.049 28499 28522 I native-activity: Animating
04-11 03:39:38.050 28499 28522 I native-activity: Frame 182 GL error is 0x0
04-11 03:39:38.051 28499 28522 I native-activity: Frame 182 time is 1.370ms
04-11 03:39:38.051 28499 28522 I native-activity: Doing egl_swapbuffers_sync 1
04-11 03:39:38.051 28499 28522 D native-activity: Reading pixels format 0x1908 type 0x1401 bpp 4
04-11 03:39:38.072 28499 28522 I native-activity: Read pixels, GL error is 0x0
04-11 03:39:38.072 28499 28522 I native-activity: Swap 182 time is 22.806ms
04-11 03:39:38.072 28499 28522 I native-activity: Animating
04-11 03:39:38.073 28499 28522 I native-activity: Frame 183 GL error is 0x0
04-11 03:39:38.073 28499 28522 I native-activity: Frame 183 time is 0.521ms
04-11 03:39:38.073 28499 28522 I native-activity: Doing egl_swapbuffers_sync 1
04-11 03:39:38.073 28499 28522 D native-activity: Reading pixels format 0x1908 type 0x1401 bpp 4
04-11 03:39:38.093 28499 28522 I native-activity: Read pixels, GL error is 0x0
04-11 03:39:38.093 28499 28522 I native-activity: Swap 183 time is 20.841ms
04-11 03:39:38.093 28499 28522 I native-activity: Animating
04-11 03:39:38.094 28499 28522 I native-activity: Frame 184 GL error is 0x0
04-11 03:39:38.094 28499 28522 I native-activity: Frame 184 time is 0.736ms
04-11 03:39:38.094 28499 28522 I native-activity: Doing egl_swapbuffers_sync 1
04-11 03:39:38.094 28499 28522 D native-activity: Reading pixels format 0x1908 type 0x1401 bpp 4
04-11 03:39:38.113 28499 28522 I native-activity: Read pixels, GL error is 0x0
04-11 03:39:38.113 28499 28522 I native-activity: Swap 184 time is 20.344ms
04-11 03:39:38.113 28499 28522 I native-activity: Animating
04-11 03:39:38.114 28499 28522 I native-activity: Frame 185 GL error is 0x0
04-11 03:39:38.114 28499 28522 I native-activity: Frame 185 time is 0.535ms
04-11 03:39:38.114 28499 28522 I native-activity: Doing egl_swapbuffers_sync 1
04-11 03:39:38.114 28499 28522 D native-activity: Reading pixels format 0x1908 type 0x1401 bpp 4
04-11 03:39:38.137 28499 28522 I native-activity: Read pixels, GL error is 0x0
04-11 03:39:38.138 28499 28522 I native-activity: Swap 185 time is 24.134ms
04-11 03:39:38.138 28499 28522 I native-activity: Animating
04-11 03:39:38.138 28499 28522 I native-activity: Frame 186 GL error is 0x0
04-11 03:39:38.139 28499 28522 I native-activity: Frame 186 time is 0.820ms
04-11 03:39:38.139 28499 28522 I native-activity: Doing egl_swapbuffers_sync 1
04-11 03:39:38.139 28499 28522 D native-activity: Reading pixels format 0x1908 type 0x1401 bpp 4
04-11 03:39:38.158 28499 28522 I native-activity: Read pixels, GL error is 0x0
04-11 03:39:38.158 28499 28522 I native-activity: Swap 186 time is 20.397ms
04-11 03:39:38.158 28499 28522 I native-activity: Animating
04-11 03:39:38.159 28499 28522 I native-activity: Frame 187 GL error is 0x0
04-11 03:39:38.159 28499 28522 I native-activity: Frame 187 time is 0.366ms
04-11 03:39:38.159 28499 28522 I native-activity: Doing egl_swapbuffers_sync 1
04-11 03:39:38.159 28499 28522 D native-activity: Reading pixels format 0x1908 type 0x1401 bpp 4
04-11 03:39:38.178 28499 28522 I native-activity: Read pixels, GL error is 0x0
04-11 03:39:38.178 28499 28522 I native-activity: Swap 187 time is 19.607ms
04-11 03:39:38.178 28499 28522 I native-activity: Animating
04-11 03:39:38.178 28499 28522 I native-activity: Frame 188 GL error is 0x0
04-11 03:39:38.179 28499 28522 I native-activity: Frame 188 time is 0.552ms
04-11 03:39:38.179 28499 28522 I native-activity: Doing egl_swapbuffers_sync 1
04-11 03:39:38.179 28499 28522 D native-activity: Reading pixels format 0x1908 type 0x1401 bpp 4
04-11 03:39:38.193  8230  8230 I WearableService: Wear is not allowed to run on this device. Not starting Wear service.
04-11 03:39:38.194  8230  8230 D WearableService: callingUid 10019, callindPid: 8230
04-11 03:39:38.199 28499 28522 I native-activity: Read pixels, GL error is 0x0
04-11 03:39:38.199 28499 28522 I native-activity: Swap 188 time is 21.217ms
04-11 03:39:38.199 28499 28522 I native-activity: Animating
04-11 03:39:38.200 28499 28522 I native-activity: Frame 189 GL error is 0x0
04-11 03:39:38.201 28499 28522 I native-activity: Frame 189 time is 1.327ms
04-11 03:39:38.201 28499 28522 I native-activity: Doing egl_swapbuffers_sync 1
04-11 03:39:38.201 28499 28522 D native-activity: Reading pixels format 0x1908 type 0x1401 bpp 4
04-11 03:39:38.220 28499 28522 I native-activity: Read pixels, GL error is 0x0
04-11 03:39:38.220 28499 28522 I native-activity: Swap 189 time is 20.392ms
04-11 03:39:38.220 28499 28522 I native-activity: Animating
04-11 03:39:38.221 28499 28522 I native-activity: Frame 190 GL error is 0x0
04-11 03:39:38.221 28499 28522 I native-activity: Frame 190 time is 0.860ms
04-11 03:39:38.221 28499 28522 I native-activity: Doing egl_swapbuffers_sync 1
04-11 03:39:38.221 28499 28522 D native-activity: Reading pixels format 0x1908 type 0x1401 bpp 4
04-11 03:39:38.232 28414 28414 E GmsUtils: Failed to connect to Google API client: ConnectionResult{statusCode=unknown status code 16, resolution=null}
04-11 03:39:38.233 28414 28606 E GmsUtils: Failed to connect to Google API client: ConnectionResult{statusCode=unknown status code 16, resolution=null}
04-11 03:39:38.240 28499 28522 I native-activity: Read pixels, GL error is 0x0
04-11 03:39:38.240 28499 28522 I native-activity: Swap 190 time is 20.216ms
04-11 03:39:38.240 28499 28522 I native-activity: Animating
04-11 03:39:38.240 28499 28522 I native-activity: Frame 191 GL error is 0x0
04-11 03:39:38.241 28499 28522 I native-activity: Frame 191 time is 0.375ms
04-11 03:39:38.241 28499 28522 I native-activity: Doing egl_swapbuffers_sync 1
04-11 03:39:38.241 28499 28522 D native-activity: Reading pixels format 0x1908 type 0x1401 bpp 4
04-11 03:39:38.259 28499 28522 I native-activity: Read pixels, GL error is 0x0
04-11 03:39:38.259 28499 28522 I native-activity: Swap 191 time is 19.332ms
04-11 03:39:38.260 28499 28522 I native-activity: Animating
04-11 03:39:38.260 28499 28522 I native-activity: Frame 192 GL error is 0x0
04-11 03:39:38.260 28499 28522 I native-activity: Frame 192 time is 0.323ms
04-11 03:39:38.260 28499 28522 I native-activity: Doing egl_swapbuffers_sync 1
04-11 03:39:38.260 28499 28522 D native-activity: Reading pixels format 0x1908 type 0x1401 bpp 4
04-11 03:39:38.279 28499 28522 I native-activity: Read pixels, GL error is 0x0
04-11 03:39:38.279 28499 28522 I native-activity: Swap 192 time is 19.222ms
04-11 03:39:38.279 28499 28522 I native-activity: Animating
04-11 03:39:38.279 28499 28522 I native-activity: Frame 193 GL error is 0x0
04-11 03:39:38.279 28499 28522 I native-activity: Frame 193 time is 0.342ms
04-11 03:39:38.279 28499 28522 I native-activity: Doing egl_swapbuffers_sync 1
04-11 03:39:38.279 28499 28522 D native-activity: Reading pixels format 0x1908 type 0x1401 bpp 4
04-11 03:39:38.298 28499 28522 I native-activity: Read pixels, GL error is 0x0
04-11 03:39:38.298 28499 28522 I native-activity: Swap 193 time is 19.226ms
04-11 03:39:38.298 28499 28522 I native-activity: Animating
04-11 03:39:38.298 28499 28522 I native-activity: Frame 194 GL error is 0x0
04-11 03:39:38.299 28499 28522 I native-activity: Frame 194 time is 0.321ms
04-11 03:39:38.299 28499 28522 I native-activity: Doing egl_swapbuffers_sync 1
04-11 03:39:38.299 28499 28522 D native-activity: Reading pixels format 0x1908 type 0x1401 bpp 4
04-11 03:39:38.317 28499 28522 I native-activity: Read pixels, GL error is 0x0
04-11 03:39:38.317 28499 28522 I native-activity: Swap 194 time is 19.199ms
04-11 03:39:38.317 28499 28522 I native-activity: Animating
04-11 03:39:38.318 28499 28522 I native-activity: Frame 195 GL error is 0x0
04-11 03:39:38.318 28499 28522 I native-activity: Frame 195 time is 0.321ms
04-11 03:39:38.318 28499 28522 I native-activity: Doing egl_swapbuffers_sync 1
04-11 03:39:38.318 28499 28522 D native-activity: Reading pixels format 0x1908 type 0x1401 bpp 4
04-11 03:39:38.337 28499 28522 I native-activity: Read pixels, GL error is 0x0
04-11 03:39:38.337 28499 28522 I native-activity: Swap 195 time is 19.205ms
04-11 03:39:38.337 28499 28522 I native-activity: Animating
04-11 03:39:38.337 28499 28522 I native-activity: Frame 196 GL error is 0x0
04-11 03:39:38.337 28499 28522 I native-activity: Frame 196 time is 0.409ms
04-11 03:39:38.337 28499 28522 I native-activity: Doing egl_swapbuffers_sync 1
04-11 03:39:38.337 28499 28522 D native-activity: Reading pixels format 0x1908 type 0x1401 bpp 4
04-11 03:39:38.356 28499 28522 I native-activity: Read pixels, GL error is 0x0
04-11 03:39:38.356 28499 28522 I native-activity: Swap 196 time is 19.257ms
04-11 03:39:38.356 28499 28522 I native-activity: Animating
04-11 03:39:38.356 28499 28522 I native-activity: Frame 197 GL error is 0x0
04-11 03:39:38.356 28499 28522 I native-activity: Frame 197 time is 0.329ms
04-11 03:39:38.356 28499 28522 I native-activity: Doing egl_swapbuffers_sync 1
04-11 03:39:38.356 28499 28522 D native-activity: Reading pixels format 0x1908 type 0x1401 bpp 4
04-11 03:39:38.375 28499 28522 I native-activity: Read pixels, GL error is 0x0
04-11 03:39:38.375 28499 28522 I native-activity: Swap 197 time is 19.210ms
04-11 03:39:38.375 28499 28522 I native-activity: Animating
04-11 03:39:38.376 28499 28522 I native-activity: Frame 198 GL error is 0x0
04-11 03:39:38.376 28499 28522 I native-activity: Frame 198 time is 0.337ms
04-11 03:39:38.376 28499 28522 I native-activity: Doing egl_swapbuffers_sync 1
04-11 03:39:38.376 28499 28522 D native-activity: Reading pixels format 0x1908 type 0x1401 bpp 4
04-11 03:39:38.395 28499 28522 I native-activity: Read pixels, GL error is 0x0
04-11 03:39:38.395 28499 28522 I native-activity: Swap 198 time is 19.408ms
04-11 03:39:38.395 28499 28522 I native-activity: Animating
04-11 03:39:38.395 28499 28522 I native-activity: Frame 199 GL error is 0x0
04-11 03:39:38.395 28499 28522 I native-activity: Frame 199 time is 0.414ms
04-11 03:39:38.395 28499 28522 I native-activity: Doing egl_swapbuffers_sync 1
04-11 03:39:38.395 28499 28522 D native-activity: Reading pixels format 0x1908 type 0x1401 bpp 4
04-11 03:39:38.415 28499 28522 I native-activity: Read pixels, GL error is 0x0
04-11 03:39:38.415 28499 28522 I native-activity: Swap 199 time is 19.730ms
04-11 03:39:38.415 28499 28522 I native-activity: Animating
04-11 03:39:38.415 28499 28522 I native-activity: Frame 200 GL error is 0x0
04-11 03:39:38.415 28499 28522 I native-activity: Frame 200 time is 0.459ms
04-11 03:39:38.415 28499 28522 I native-activity: Doing egl_swapbuffers_sync 1
04-11 03:39:38.415 28499 28522 D native-activity: Reading pixels format 0x1908 type 0x1401 bpp 4
04-11 03:39:38.434 28499 28522 I native-activity: Read pixels, GL error is 0x0
04-11 03:39:38.434 28499 28522 I native-activity: Swap 200 time is 19.447ms
04-11 03:39:38.434 28499 28522 I native-activity: Animating
04-11 03:39:38.435 28499 28522 I native-activity: Frame 201 GL error is 0x0
04-11 03:39:38.435 28499 28522 I native-activity: Frame 201 time is 0.356ms
04-11 03:39:38.435 28499 28522 I native-activity: Doing egl_swapbuffers_sync 1
04-11 03:39:38.435 28499 28522 D native-activity: Reading pixels format 0x1908 type 0x1401 bpp 4
04-11 03:39:38.453 28499 28522 I native-activity: Read pixels, GL error is 0x0
04-11 03:39:38.454 28499 28522 I native-activity: Swap 201 time is 19.259ms
04-11 03:39:38.454 28499 28522 I native-activity: Animating
04-11 03:39:38.454 28499 28522 I native-activity: Frame 202 GL error is 0x0
04-11 03:39:38.454 28499 28522 I native-activity: Frame 202 time is 0.325ms
04-11 03:39:38.454 28499 28522 I native-activity: Doing egl_swapbuffers_sync 1
04-11 03:39:38.454 28499 28522 D native-activity: Reading pixels format 0x1908 type 0x1401 bpp 4
04-11 03:39:38.473 28499 28522 I native-activity: Read pixels, GL error is 0x0
04-11 03:39:38.473 28499 28522 I native-activity: Swap 202 time is 19.215ms
04-11 03:39:38.473 28499 28522 I native-activity: Animating
04-11 03:39:38.473 28499 28522 I native-activity: Frame 203 GL error is 0x0
04-11 03:39:38.473 28499 28522 I native-activity: Frame 203 time is 0.334ms
04-11 03:39:38.473 28499 28522 I native-activity: Doing egl_swapbuffers_sync 1
04-11 03:39:38.473 28499 28522 D native-activity: Reading pixels format 0x1908 type 0x1401 bpp 4
04-11 03:39:38.492 28499 28522 I native-activity: Read pixels, GL error is 0x0
04-11 03:39:38.492 28499 28522 I native-activity: Swap 203 time is 19.275ms
04-11 03:39:38.492 28499 28522 I native-activity: Animating
04-11 03:39:38.493 28499 28522 I native-activity: Frame 204 GL error is 0x0
04-11 03:39:38.493 28499 28522 I native-activity: Frame 204 time is 0.326ms
04-11 03:39:38.493 28499 28522 I native-activity: Doing egl_swapbuffers_sync 1
04-11 03:39:38.493 28499 28522 D native-activity: Reading pixels format 0x1908 type 0x1401 bpp 4
04-11 03:39:38.511 28499 28522 I native-activity: Read pixels, GL error is 0x0
04-11 03:39:38.512 28499 28522 I native-activity: Swap 204 time is 19.263ms
04-11 03:39:38.512 28499 28522 I native-activity: Animating
04-11 03:39:38.512 28499 28522 I native-activity: Frame 205 GL error is 0x0
04-11 03:39:38.512 28499 28522 I native-activity: Frame 205 time is 0.343ms
04-11 03:39:38.512 28499 28522 I native-activity: Doing egl_swapbuffers_sync 1
04-11 03:39:38.512 28499 28522 D native-activity: Reading pixels format 0x1908 type 0x1401 bpp 4
04-11 03:39:38.531 28499 28522 I native-activity: Read pixels, GL error is 0x0
04-11 03:39:38.531 28499 28522 I native-activity: Swap 205 time is 19.256ms
04-11 03:39:38.531 28499 28522 I native-activity: Animating
04-11 03:39:38.531 28499 28522 I native-activity: Frame 206 GL error is 0x0
04-11 03:39:38.531 28499 28522 I native-activity: Frame 206 time is 0.326ms
04-11 03:39:38.531 28499 28522 I native-activity: Doing egl_swapbuffers_sync 1
04-11 03:39:38.531 28499 28522 D native-activity: Reading pixels format 0x1908 type 0x1401 bpp 4
04-11 03:39:38.550 28499 28522 I native-activity: Read pixels, GL error is 0x0
04-11 03:39:38.550 28499 28522 I native-activity: Swap 206 time is 19.274ms
04-11 03:39:38.550 28499 28522 I native-activity: Animating
04-11 03:39:38.551 28499 28522 I native-activity: Frame 207 GL error is 0x0
04-11 03:39:38.551 28499 28522 I native-activity: Frame 207 time is 0.321ms
04-11 03:39:38.551 28499 28522 I native-activity: Doing egl_swapbuffers_sync 1
04-11 03:39:38.551 28499 28522 D native-activity: Reading pixels format 0x1908 type 0x1401 bpp 4
04-11 03:39:38.569 28499 28522 I native-activity: Read pixels, GL error is 0x0
04-11 03:39:38.570 28499 28522 I native-activity: Swap 207 time is 19.237ms
04-11 03:39:38.570 28499 28522 I native-activity: Animating
04-11 03:39:38.570 28499 28522 I native-activity: Frame 208 GL error is 0x0
04-11 03:39:38.570 28499 28522 I native-activity: Frame 208 time is 0.564ms
04-11 03:39:38.570 28499 28522 I native-activity: Doing egl_swapbuffers_sync 1
04-11 03:39:38.570 28499 28522 D native-activity: Reading pixels format 0x1908 type 0x1401 bpp 4
04-11 03:39:38.589 28499 28522 I native-activity: Read pixels, GL error is 0x0
04-11 03:39:38.589 28499 28522 I native-activity: Swap 208 time is 19.291ms
04-11 03:39:38.589 28499 28522 I native-activity: Animating
04-11 03:39:38.589 28499 28522 I native-activity: Frame 209 GL error is 0x0
04-11 03:39:38.590 28499 28522 I native-activity: Frame 209 time is 0.474ms
04-11 03:39:38.590 28499 28522 I native-activity: Doing egl_swapbuffers_sync 1
04-11 03:39:38.590 28499 28522 D native-activity: Reading pixels format 0x1908 type 0x1401 bpp 4
04-11 03:39:38.608 28499 28522 I native-activity: Read pixels, GL error is 0x0
04-11 03:39:38.608 28499 28522 I native-activity: Swap 209 time is 19.293ms
04-11 03:39:38.608 28499 28522 I native-activity: Animating
04-11 03:39:38.609 28499 28522 I native-activity: Frame 210 GL error is 0x0
04-11 03:39:38.609 28499 28522 I native-activity: Frame 210 time is 0.343ms
04-11 03:39:38.609 28499 28522 I native-activity: Doing egl_swapbuffers_sync 1
04-11 03:39:38.609 28499 28522 D native-activity: Reading pixels format 0x1908 type 0x1401 bpp 4
04-11 03:39:38.628 28499 28522 I native-activity: Read pixels, GL error is 0x0
04-11 03:39:38.628 28499 28522 I native-activity: Swap 210 time is 19.219ms
04-11 03:39:38.628 28499 28522 I native-activity: Animating
04-11 03:39:38.628 28499 28522 I native-activity: Frame 211 GL error is 0x0
04-11 03:39:38.628 28499 28522 I native-activity: Frame 211 time is 0.324ms
04-11 03:39:38.628 28499 28522 I native-activity: Doing egl_swapbuffers_sync 1
04-11 03:39:38.628 28499 28522 D native-activity: Reading pixels format 0x1908 type 0x1401 bpp 4
04-11 03:39:38.647 28499 28522 I native-activity: Read pixels, GL error is 0x0
04-11 03:39:38.647 28499 28522 I native-activity: Swap 211 time is 19.213ms
04-11 03:39:38.647 28499 28522 I native-activity: Animating
04-11 03:39:38.647 28499 28522 I native-activity: Frame 212 GL error is 0x0
04-11 03:39:38.647 28499 28522 I native-activity: Frame 212 time is 0.315ms
04-11 03:39:38.647 28499 28522 I native-activity: Doing egl_swapbuffers_sync 1
04-11 03:39:38.647 28499 28522 D native-activity: Reading pixels format 0x1908 type 0x1401 bpp 4
04-11 03:39:38.666 28499 28522 I native-activity: Read pixels, GL error is 0x0
04-11 03:39:38.666 28499 28522 I native-activity: Swap 212 time is 19.233ms
04-11 03:39:38.666 28499 28522 I native-activity: Animating
04-11 03:39:38.667 28499 28522 I native-activity: Frame 213 GL error is 0x0
04-11 03:39:38.667 28499 28522 I native-activity: Frame 213 time is 0.402ms
04-11 03:39:38.667 28499 28522 I native-activity: Doing egl_swapbuffers_sync 1
04-11 03:39:38.667 28499 28522 D native-activity: Reading pixels format 0x1908 type 0x1401 bpp 4
04-11 03:39:38.686 28499 28522 I native-activity: Read pixels, GL error is 0x0
04-11 03:39:38.686 28499 28522 I native-activity: Swap 213 time is 19.561ms
04-11 03:39:38.686 28499 28522 I native-activity: Animating
04-11 03:39:38.686 28499 28522 I native-activity: Frame 214 GL error is 0x0
04-11 03:39:38.686 28499 28522 I native-activity: Frame 214 time is 0.468ms
04-11 03:39:38.687 28499 28522 I native-activity: Doing egl_swapbuffers_sync 1
04-11 03:39:38.687 28499 28522 D native-activity: Reading pixels format 0x1908 type 0x1401 bpp 4
04-11 03:39:38.706 28499 28522 I native-activity: Read pixels, GL error is 0x0
04-11 03:39:38.706 28499 28522 I native-activity: Swap 214 time is 20.048ms
04-11 03:39:38.706 28499 28522 I native-activity: Animating
04-11 03:39:38.707 28499 28522 I native-activity: Frame 215 GL error is 0x0
04-11 03:39:38.707 28499 28522 I native-activity: Frame 215 time is 0.541ms
04-11 03:39:38.707 28499 28522 I native-activity: Doing egl_swapbuffers_sync 1
04-11 03:39:38.707 28499 28522 D native-activity: Reading pixels format 0x1908 type 0x1401 bpp 4
04-11 03:39:38.726 28499 28522 I native-activity: Read pixels, GL error is 0x0
04-11 03:39:38.726 28499 28522 I native-activity: Swap 215 time is 19.604ms
04-11 03:39:38.726 28499 28522 I native-activity: Animating
04-11 03:39:38.726 28499 28522 I native-activity: Frame 216 GL error is 0x0
04-11 03:39:38.726 28499 28522 I native-activity: Frame 216 time is 0.352ms
04-11 03:39:38.726 28499 28522 I native-activity: Doing egl_swapbuffers_sync 1
04-11 03:39:38.726 28499 28522 D native-activity: Reading pixels format 0x1908 type 0x1401 bpp 4
04-11 03:39:38.745 28499 28522 I native-activity: Read pixels, GL error is 0x0
04-11 03:39:38.745 28499 28522 I native-activity: Swap 216 time is 19.360ms
04-11 03:39:38.745 28499 28522 I native-activity: Animating
04-11 03:39:38.746 28499 28522 I native-activity: Frame 217 GL error is 0x0
04-11 03:39:38.746 28499 28522 I native-activity: Frame 217 time is 0.442ms
04-11 03:39:38.746 28499 28522 I native-activity: Doing egl_swapbuffers_sync 1
04-11 03:39:38.746 28499 28522 D native-activity: Reading pixels format 0x1908 type 0x1401 bpp 4
04-11 03:39:38.765 28499 28522 I native-activity: Read pixels, GL error is 0x0
04-11 03:39:38.765 28499 28522 I native-activity: Swap 217 time is 19.313ms
04-11 03:39:38.765 28499 28522 I native-activity: Animating
04-11 03:39:38.765 28499 28522 I native-activity: Frame 218 GL error is 0x0
04-11 03:39:38.765 28499 28522 I native-activity: Frame 218 time is 0.334ms
04-11 03:39:38.765 28499 28522 I native-activity: Doing egl_swapbuffers_sync 1
04-11 03:39:38.765 28499 28522 D native-activity: Reading pixels format 0x1908 type 0x1401 bpp 4
04-11 03:39:38.784 28499 28522 I native-activity: Read pixels, GL error is 0x0
04-11 03:39:38.784 28499 28522 I native-activity: Swap 218 time is 19.220ms
04-11 03:39:38.784 28499 28522 I native-activity: Animating
04-11 03:39:38.784 28499 28522 I native-activity: Frame 219 GL error is 0x0
04-11 03:39:38.784 28499 28522 I native-activity: Frame 219 time is 0.317ms
04-11 03:39:38.784 28499 28522 I native-activity: Doing egl_swapbuffers_sync 1
04-11 03:39:38.784 28499 28522 D native-activity: Reading pixels format 0x1908 type 0x1401 bpp 4
04-11 03:39:38.803 28499 28522 I native-activity: Read pixels, GL error is 0x0
04-11 03:39:38.803 28499 28522 I native-activity: Swap 219 time is 19.240ms
04-11 03:39:38.803 28499 28522 I native-activity: Animating
04-11 03:39:38.804 28499 28522 I native-activity: Frame 220 GL error is 0x0
04-11 03:39:38.804 28499 28522 I native-activity: Frame 220 time is 0.329ms
04-11 03:39:38.804 28499 28522 I native-activity: Doing egl_swapbuffers_sync 1
04-11 03:39:38.804 28499 28522 D native-activity: Reading pixels format 0x1908 type 0x1401 bpp 4
04-11 03:39:38.823 28499 28522 I native-activity: Read pixels, GL error is 0x0
04-11 03:39:38.823 28499 28522 I native-activity: Swap 220 time is 19.230ms
04-11 03:39:38.823 28499 28522 I native-activity: Animating
04-11 03:39:38.823 28499 28522 I native-activity: Frame 221 GL error is 0x0
04-11 03:39:38.823 28499 28522 I native-activity: Frame 221 time is 0.314ms
04-11 03:39:38.823 28499 28522 I native-activity: Doing egl_swapbuffers_sync 1
04-11 03:39:38.823 28499 28522 D native-activity: Reading pixels format 0x1908 type 0x1401 bpp 4
04-11 03:39:38.842 28499 28522 I native-activity: Read pixels, GL error is 0x0
04-11 03:39:38.842 28499 28522 I native-activity: Swap 221 time is 19.257ms
04-11 03:39:38.842 28499 28522 I native-activity: Animating
04-11 03:39:38.842 28499 28522 I native-activity: Frame 222 GL error is 0x0
04-11 03:39:38.842 28499 28522 I native-activity: Frame 222 time is 0.325ms
04-11 03:39:38.842 28499 28522 I native-activity: Doing egl_swapbuffers_sync 1
04-11 03:39:38.842 28499 28522 D native-activity: Reading pixels format 0x1908 type 0x1401 bpp 4
04-11 03:39:38.861 28499 28522 I native-activity: Read pixels, GL error is 0x0
04-11 03:39:38.861 28499 28522 I native-activity: Swap 222 time is 19.354ms
04-11 03:39:38.861 28499 28522 I native-activity: Animating
04-11 03:39:38.862 28499 28522 I native-activity: Frame 223 GL error is 0x0
04-11 03:39:38.862 28499 28522 I native-activity: Frame 223 time is 0.346ms
04-11 03:39:38.862 28499 28522 I native-activity: Doing egl_swapbuffers_sync 1
04-11 03:39:38.862 28499 28522 D native-activity: Reading pixels format 0x1908 type 0x1401 bpp 4
04-11 03:39:38.881 28499 28522 I native-activity: Read pixels, GL error is 0x0
04-11 03:39:38.881 28499 28522 I native-activity: Swap 223 time is 19.335ms
04-11 03:39:38.881 28499 28522 I native-activity: Animating
