04-11 03:35:27.588 26119 26145 I native-activity: Frame 742 GL error is 0x506
04-11 03:35:27.588 26119 26145 I native-activity: Frame 742 time is 339.467ms
04-11 03:35:27.589 26119 26145 I native-activity: Swap 742 time is 340.518ms
04-11 03:35:27.589 26119 26145 I native-activity: Animating
04-11 03:35:27.760 26119 26145 I native-activity: Frame 743 GL error is 0x506
04-11 03:35:27.760 26119 26145 I native-activity: Frame 743 time is 170.607ms
04-11 03:35:27.761 26119 26145 I native-activity: Swap 743 time is 171.656ms
04-11 03:35:27.761 26119 26145 I native-activity: Animating
04-11 03:35:27.791 26119 26145 I native-activity: Frame 744 GL error is 0x506
04-11 03:35:27.791 26119 26145 I native-activity: Frame 744 time is 29.384ms
04-11 03:35:27.794 26119 26145 I native-activity: Swap 744 time is 32.304ms
04-11 03:35:27.794 26119 26145 I native-activity: Animating
04-11 03:35:27.826 26119 26145 I native-activity: Frame 745 GL error is 0x506
04-11 03:35:27.826 26119 26145 I native-activity: Frame 745 time is 31.951ms
04-11 03:35:27.827 26119 26145 I native-activity: Swap 745 time is 32.832ms
04-11 03:35:27.827 26119 26145 I native-activity: Animating
04-11 03:35:27.835  8277 26390 W art     : Suspending all threads took: 119.245ms
04-11 03:35:27.838   448   613 D ConnectivityService: updateNetworkScore for NetworkAgentInfo [WIFI () - 2786] to 55
04-11 03:35:27.844   448   613 D ConnectivityService: rematching NetworkAgentInfo [WIFI () - 2786]
04-11 03:35:27.844   448   613 D ConnectivityService: Network NetworkAgentInfo [WIFI () - 2786] was already satisfying request 503. No change.
04-11 03:35:27.844   448   613 D ConnectivityService: Network NetworkAgentInfo [WIFI () - 2786] was already satisfying request 1. No change.
04-11 03:35:27.846   448   613 D ConnectivityService: notifyType AVAILABLE for NetworkAgentInfo [WIFI () - 2786]
04-11 03:35:27.851 26046 26203 D ConnectivityManager.CallbackHandler: CM callback handler got msg 524290
04-11 03:35:27.852 25234 25335 D ConnectivityManager.CallbackHandler: CM callback handler got msg 524290
04-11 03:35:27.852 25472 25552 D ConnectivityManager.CallbackHandler: CM callback handler got msg 524290
04-11 03:35:27.854 25234 25335 D Event   : No subscribers registered for event class com.tplink.hellotp.shared.j
04-11 03:35:27.854 25234 25335 D Event   : No subscribers registered for event class de.greenrobot.event.f
04-11 03:35:27.854 25234 25335 D ConnectivityManager.CallbackHandler: CM callback handler got msg 524290
04-11 03:35:27.854 25234 25335 D Event   : No subscribers registered for event class com.tplink.hellotp.shared.j
04-11 03:35:27.854 25234 25335 D Event   : No subscribers registered for event class de.greenrobot.event.f
04-11 03:35:27.856   666  1123 D ConnectivityManager.CallbackHandler: CM callback handler got msg 524290
04-11 03:35:27.877 26119 26145 I native-activity: Frame 746 GL error is 0x506
04-11 03:35:27.877 26119 26145 I native-activity: Frame 746 time is 49.790ms
04-11 03:35:27.882  8277 27307 D ConnectivityManager.CallbackHandler: CM callback handler got msg 524290
04-11 03:35:27.895 26119 26145 I native-activity: Swap 746 time is 67.650ms
04-11 03:35:27.895 26119 26145 I native-activity: Animating
04-11 03:35:27.918  8277 26403 D Wear_Controller: Received broadcast action=android.intent.action.PACKAGE_CHANGED and uri=com.google.android.gms
04-11 03:35:27.925 26119 26145 I native-activity: Frame 747 GL error is 0x506
04-11 03:35:27.926 26119 26145 I native-activity: Frame 747 time is 30.791ms
04-11 03:35:27.937 26119 26145 I native-activity: Swap 747 time is 41.803ms
04-11 03:35:27.937 26119 26145 I native-activity: Animating
04-11 03:35:27.982 26119 26145 I native-activity: Frame 748 GL error is 0x506
04-11 03:35:27.982 26119 26145 I native-activity: Frame 748 time is 44.754ms
04-11 03:35:27.984 26119 26145 I native-activity: Swap 748 time is 46.763ms
04-11 03:35:27.984 26119 26145 I native-activity: Animating
04-11 03:35:28.045 26119 26145 I native-activity: Frame 749 GL error is 0x506
04-11 03:35:28.046 26119 26145 I native-activity: Frame 749 time is 61.097ms
04-11 03:35:28.047 26119 26145 I native-activity: Swap 749 time is 62.612ms
04-11 03:35:28.048 26119 26145 I native-activity: Animating
04-11 03:35:28.067  8277 18146 I Icing   : Usage reports 0 indexed 0 rejected 0 imm upload true
04-11 03:35:28.082 26119 26145 I native-activity: Frame 750 GL error is 0x506
04-11 03:35:28.082 26119 26145 I native-activity: Frame 750 time is 34.809ms
04-11 03:35:28.083 26119 26145 I native-activity: Swap 750 time is 35.770ms
04-11 03:35:28.084 26119 26145 I native-activity: Animating
04-11 03:35:28.102  8277 26390 I art     : Explicit concurrent mark sweep GC freed 86378(4MB) AllocSpace objects, 21(336KB) LOS objects, 23% free, 26MB/34MB, paused 161.860ms total 2.522s
04-11 03:35:28.134 26119 26145 I native-activity: Frame 751 GL error is 0x506
04-11 03:35:28.135 26119 26145 I native-activity: Frame 751 time is 50.949ms
04-11 03:35:28.137 26119 26145 I native-activity: Swap 751 time is 53.374ms
04-11 03:35:28.137 26119 26145 I native-activity: Animating
04-11 03:35:28.244 26119 26145 I native-activity: Frame 752 GL error is 0x506
04-11 03:35:28.244 26119 26145 I native-activity: Frame 752 time is 106.857ms
04-11 03:35:28.246 26119 26145 I native-activity: Swap 752 time is 108.478ms
04-11 03:35:28.246 26119 26145 I native-activity: Animating
04-11 03:35:28.283 26119 26145 I native-activity: Frame 753 GL error is 0x506
04-11 03:35:28.283 26119 26145 I native-activity: Frame 753 time is 36.703ms
04-11 03:35:28.284 26119 26145 I native-activity: Swap 753 time is 38.167ms
04-11 03:35:28.284 26119 26145 I native-activity: Animating
04-11 03:35:28.304 26119 26145 I native-activity: Frame 754 GL error is 0x506
04-11 03:35:28.304 26119 26145 I native-activity: Frame 754 time is 19.438ms
04-11 03:35:28.306 26119 26145 I native-activity: Swap 754 time is 21.013ms
04-11 03:35:28.306 26119 26145 I native-activity: Animating
04-11 03:35:28.333 26119 26145 I native-activity: Frame 755 GL error is 0x506
04-11 03:35:28.333 26119 26145 I native-activity: Frame 755 time is 27.676ms
04-11 03:35:28.335 26119 26145 I native-activity: Swap 755 time is 28.857ms
04-11 03:35:28.335 26119 26145 I native-activity: Animating
04-11 03:35:28.356 26119 26145 I native-activity: Frame 756 GL error is 0x506
04-11 03:35:28.356 26119 26145 I native-activity: Frame 756 time is 21.112ms
04-11 03:35:28.368 26119 26145 I native-activity: Swap 756 time is 33.045ms
04-11 03:35:28.369 26119 26145 I native-activity: Animating
04-11 03:35:28.408 26119 26145 I native-activity: Frame 757 GL error is 0x506
04-11 03:35:28.408 26119 26145 I native-activity: Frame 757 time is 39.261ms
04-11 03:35:28.412 26119 26145 I native-activity: Swap 757 time is 43.156ms
04-11 03:35:28.413 26119 26145 I native-activity: Animating
04-11 03:35:28.439  8277 18146 I Icing   : updateResources: need to parse sor{com.google.android.gms}
04-11 03:35:28.481 26119 26145 I native-activity: Frame 758 GL error is 0x506
04-11 03:35:28.481 26119 26145 I native-activity: Frame 758 time is 67.960ms
04-11 03:35:28.482 26119 26145 I native-activity: Swap 758 time is 69.149ms
04-11 03:35:28.482 26119 26145 I native-activity: Animating
04-11 03:35:28.516 26119 26145 I native-activity: Frame 759 GL error is 0x506
04-11 03:35:28.516 26119 26145 I native-activity: Frame 759 time is 33.337ms
04-11 03:35:28.517 26119 26145 I native-activity: Swap 759 time is 34.180ms
04-11 03:35:28.517 26119 26145 I native-activity: Animating
04-11 03:35:28.536 26119 26145 I native-activity: Frame 760 GL error is 0x506
04-11 03:35:28.536 26119 26145 I native-activity: Frame 760 time is 19.321ms
04-11 03:35:28.537 26119 26145 I native-activity: Swap 760 time is 20.416ms
04-11 03:35:28.537 26119 26145 I native-activity: Animating
04-11 03:35:28.581   448   871 I art     : Explicit concurrent mark sweep GC freed 11973(569KB) AllocSpace objects, 1(16KB) LOS objects, 33% free, 26MB/40MB, paused 4.591ms total 1.665s
04-11 03:35:28.582   448   461 I art     : WaitForGcToComplete blocked for 32.969ms for cause HeapTrim
04-11 03:35:28.585 26119 26145 I native-activity: Frame 761 GL error is 0x506
04-11 03:35:28.585 26119 26145 I native-activity: Frame 761 time is 47.422ms
04-11 03:35:28.586 26119 26145 I native-activity: Swap 761 time is 48.279ms
04-11 03:35:28.586 26119 26145 I native-activity: Animating
04-11 03:35:28.640 26119 26145 I native-activity: Frame 762 GL error is 0x506
04-11 03:35:28.640 26119 26145 I native-activity: Frame 762 time is 54.392ms
04-11 03:35:28.641 26119 26145 I native-activity: Swap 762 time is 55.316ms
04-11 03:35:28.641 26119 26145 I native-activity: Animating
04-11 03:35:28.664 26119 26145 I native-activity: Frame 763 GL error is 0x506
04-11 03:35:28.664 26119 26145 I native-activity: Frame 763 time is 22.419ms
04-11 03:35:28.670 26119 26145 I native-activity: Swap 763 time is 28.820ms
04-11 03:35:28.670 26119 26145 I native-activity: Animating
04-11 03:35:28.717 26119 26145 I native-activity: Frame 764 GL error is 0x506
04-11 03:35:28.717 26119 26145 I native-activity: Frame 764 time is 46.389ms
04-11 03:35:28.717 26119 26145 I native-activity: Swap 764 time is 46.918ms
04-11 03:35:28.718 26119 26145 I native-activity: Animating
04-11 03:35:28.761 26119 26145 I native-activity: Frame 765 GL error is 0x506
04-11 03:35:28.761 26119 26145 I native-activity: Frame 765 time is 43.684ms
04-11 03:35:28.768 26119 26145 I native-activity: Swap 765 time is 50.432ms
04-11 03:35:28.769 26119 26145 I native-activity: Animating
04-11 03:35:28.810 26119 26145 I native-activity: Frame 766 GL error is 0x506
04-11 03:35:28.810 26119 26145 I native-activity: Frame 766 time is 41.660ms
04-11 03:35:28.815 26119 26145 I native-activity: Swap 766 time is 46.534ms
04-11 03:35:28.816 26119 26145 I native-activity: Animating
04-11 03:35:28.852 26119 26145 I native-activity: Frame 767 GL error is 0x506
04-11 03:35:28.852 26119 26145 I native-activity: Frame 767 time is 35.257ms
04-11 03:35:28.862 26119 26145 I native-activity: Swap 767 time is 45.446ms
04-11 03:35:28.863 26119 26145 I native-activity: Animating
04-11 03:35:28.902  8277 26390 W IcingInternalCorpora: getNumBytesRead when not calculated.
04-11 03:35:28.905 26119 26145 I native-activity: Frame 768 GL error is 0x506
04-11 03:35:28.905 26119 26145 I native-activity: Frame 768 time is 41.650ms
04-11 03:35:28.917 26119 26145 I native-activity: Swap 768 time is 53.474ms
04-11 03:35:28.917 26119 26145 I native-activity: Animating
04-11 03:35:28.950 26119 26145 I native-activity: Frame 769 GL error is 0x506
04-11 03:35:28.950 26119 26145 I native-activity: Frame 769 time is 33.188ms
04-11 03:35:28.951 26119 26145 I native-activity: Swap 769 time is 33.946ms
04-11 03:35:28.951 26119 26145 I native-activity: Animating
04-11 03:35:28.978 26119 26145 I native-activity: Frame 770 GL error is 0x506
04-11 03:35:28.978 26119 26145 I native-activity: Frame 770 time is 26.349ms
04-11 03:35:28.979 26119 26145 I native-activity: Swap 770 time is 27.438ms
04-11 03:35:28.979 26119 26145 I native-activity: Animating
04-11 03:35:29.013 26119 26145 I native-activity: Frame 771 GL error is 0x506
04-11 03:35:29.013 26119 26145 I native-activity: Frame 771 time is 34.410ms
04-11 03:35:29.014 26119 26145 I native-activity: Swap 771 time is 35.272ms
04-11 03:35:29.014 26119 26145 I native-activity: Animating
04-11 03:35:29.044 26119 26145 I native-activity: Frame 772 GL error is 0x506
04-11 03:35:29.044 26119 26145 I native-activity: Frame 772 time is 29.579ms
04-11 03:35:29.053 26119 26145 I native-activity: Swap 772 time is 38.169ms
04-11 03:35:29.053 26119 26145 I native-activity: Animating
04-11 03:35:29.070  8277 18146 I Icing   : Usage reports 0 indexed 0 rejected 0 imm upload false
04-11 03:35:29.092  8277 18146 I Icing   : Usage reports 0 indexed 0 rejected 0 imm upload false
04-11 03:35:29.104 26119 26145 I native-activity: Frame 773 GL error is 0x506
04-11 03:35:29.104 26119 26145 I native-activity: Frame 773 time is 50.970ms
04-11 03:35:29.105 26119 26145 I native-activity: Swap 773 time is 52.112ms
04-11 03:35:29.105 26119 26145 I native-activity: Animating
04-11 03:35:29.154 26119 26145 I native-activity: Frame 774 GL error is 0x506
04-11 03:35:29.154 26119 26145 I native-activity: Frame 774 time is 49.222ms
04-11 03:35:29.156 26119 26145 I native-activity: Swap 774 time is 50.539ms
04-11 03:35:29.156 26119 26145 I native-activity: Animating
04-11 03:35:29.202 26119 26145 I native-activity: Frame 775 GL error is 0x506
04-11 03:35:29.202 26119 26145 I native-activity: Frame 775 time is 45.810ms
04-11 03:35:29.203 26119 26145 I native-activity: Swap 775 time is 46.455ms
04-11 03:35:29.203 26119 26145 I native-activity: Animating
04-11 03:35:29.238 26119 26145 I native-activity: Frame 776 GL error is 0x506
04-11 03:35:29.238 26119 26145 I native-activity: Frame 776 time is 35.244ms
04-11 03:35:29.239 26119 26145 I native-activity: Swap 776 time is 36.319ms
04-11 03:35:29.239 26119 26145 I native-activity: Animating
04-11 03:35:29.259 26119 26145 I native-activity: Frame 777 GL error is 0x506
04-11 03:35:29.259 26119 26145 I native-activity: Frame 777 time is 19.546ms
04-11 03:35:29.260 26119 26145 I native-activity: Swap 777 time is 20.384ms
04-11 03:35:29.260 26119 26145 I native-activity: Animating
04-11 03:35:29.284 26119 26145 I native-activity: Frame 778 GL error is 0x506
04-11 03:35:29.285 26119 26145 I native-activity: Frame 778 time is 24.666ms
04-11 03:35:29.291 26119 26145 I native-activity: Swap 778 time is 31.443ms
04-11 03:35:29.292 26119 26145 I native-activity: Animating
04-11 03:35:29.322 26119 26145 I native-activity: Frame 779 GL error is 0x506
04-11 03:35:29.322 26119 26145 I native-activity: Frame 779 time is 30.389ms
04-11 03:35:29.324 26119 26145 I native-activity: Swap 779 time is 32.440ms
04-11 03:35:29.325 26119 26145 I native-activity: Animating
04-11 03:35:29.349 26119 26145 I native-activity: Frame 780 GL error is 0x506
04-11 03:35:29.350 26119 26145 I native-activity: Frame 780 time is 24.787ms
04-11 03:35:29.351 26119 26145 I native-activity: Swap 780 time is 25.906ms
04-11 03:35:29.351 26119 26145 I native-activity: Animating
04-11 03:35:29.443 26119 26145 I native-activity: Frame 781 GL error is 0x506
04-11 03:35:29.443 26119 26145 I native-activity: Frame 781 time is 91.632ms
04-11 03:35:29.443 26119 26145 I native-activity: Swap 781 time is 92.266ms
04-11 03:35:29.444 26119 26145 I native-activity: Animating
04-11 03:35:29.499 26119 26145 I native-activity: Frame 782 GL error is 0x506
04-11 03:35:29.499 26119 26145 I native-activity: Frame 782 time is 55.723ms
04-11 03:35:29.500 26119 26145 I native-activity: Swap 782 time is 56.595ms
04-11 03:35:29.500 26119 26145 I native-activity: Animating
04-11 03:35:29.534 26119 26145 I native-activity: Frame 783 GL error is 0x506
04-11 03:35:29.534 26119 26145 I native-activity: Frame 783 time is 33.193ms
04-11 03:35:29.540 26119 26145 I native-activity: Swap 783 time is 39.893ms
04-11 03:35:29.541 26119 26145 I native-activity: Animating
04-11 03:35:29.570 26119 26145 I native-activity: Frame 784 GL error is 0x506
04-11 03:35:29.570 26119 26145 I native-activity: Frame 784 time is 29.466ms
04-11 03:35:29.571 26119 26145 I native-activity: Swap 784 time is 30.224ms
04-11 03:35:29.571 26119 26145 I native-activity: Animating
04-11 03:35:29.609 26119 26145 I native-activity: Frame 785 GL error is 0x506
04-11 03:35:29.610 26119 26145 I native-activity: Frame 785 time is 38.337ms
04-11 03:35:29.610 26119 26145 I native-activity: Swap 785 time is 39.282ms
04-11 03:35:29.611 26119 26145 I native-activity: Animating
04-11 03:35:29.651 26119 26145 I native-activity: Frame 786 GL error is 0x506
04-11 03:35:29.651 26119 26145 I native-activity: Frame 786 time is 40.071ms
04-11 03:35:29.655 26119 26145 I native-activity: Swap 786 time is 43.981ms
04-11 03:35:29.655 26119 26145 I native-activity: Animating
04-11 03:35:29.689 26119 26145 I native-activity: Frame 787 GL error is 0x506
04-11 03:35:29.689 26119 26145 I native-activity: Frame 787 time is 33.664ms
04-11 03:35:29.691 26119 26145 I native-activity: Swap 787 time is 35.664ms
04-11 03:35:29.691 26119 26145 I native-activity: Animating
04-11 03:35:29.719 17726 18890 I art     : Explicit concurrent mark sweep GC freed 10133(483KB) AllocSpace objects, 2(32KB) LOS objects, 24% free, 7MB/10MB, paused 926us total 522.318ms
04-11 03:35:29.748 26119 26145 I native-activity: Frame 788 GL error is 0x506
04-11 03:35:29.748 26119 26145 I native-activity: Frame 788 time is 57.346ms
04-11 03:35:29.750 26119 26145 I native-activity: Swap 788 time is 58.479ms
04-11 03:35:29.750 26119 26145 I native-activity: Animating
04-11 03:35:29.769 25646 26394 I ApplicationLogger: canRun() : Opted Out
04-11 03:35:29.769 25646 26394 I UpdateIcingCorporaServi: UpdateCorporaTask done [took 4985 ms] updated apps [took 4985 ms] 
04-11 03:35:29.784 26119 26145 I native-activity: Frame 789 GL error is 0x506
04-11 03:35:29.785 26119 26145 I native-activity: Frame 789 time is 34.695ms
04-11 03:35:29.786 26119 26145 I native-activity: Swap 789 time is 35.682ms
04-11 03:35:29.786 26119 26145 I native-activity: Animating
04-11 03:35:29.818 26119 26145 I native-activity: Frame 790 GL error is 0x506
04-11 03:35:29.818 26119 26145 I native-activity: Frame 790 time is 32.798ms
04-11 03:35:29.819 26119 26145 I native-activity: Swap 790 time is 33.451ms
04-11 03:35:29.819 26119 26145 I native-activity: Animating
04-11 03:35:29.833 26119 26145 I native-activity: Frame 791 GL error is 0x506
04-11 03:35:29.833 26119 26145 I native-activity: Frame 791 time is 13.831ms
04-11 03:35:29.847 26119 26145 I native-activity: Swap 791 time is 27.307ms
04-11 03:35:29.847 26119 26145 I native-activity: Animating
04-11 03:35:29.876 26119 26145 I native-activity: Frame 792 GL error is 0x506
04-11 03:35:29.877 26119 26145 I native-activity: Frame 792 time is 29.544ms
04-11 03:35:29.883 26119 26145 I native-activity: Swap 792 time is 36.024ms
04-11 03:35:29.883 26119 26145 I native-activity: Animating
04-11 03:35:29.910 26119 26145 I native-activity: Frame 793 GL error is 0x506
04-11 03:35:29.910 26119 26145 I native-activity: Frame 793 time is 27.087ms
04-11 03:35:29.911 26119 26145 I native-activity: Swap 793 time is 27.933ms
04-11 03:35:29.911 26119 26145 I native-activity: Animating
04-11 03:35:29.941 26119 26145 I native-activity: Frame 794 GL error is 0x506
04-11 03:35:29.941 26119 26145 I native-activity: Frame 794 time is 29.359ms
04-11 03:35:29.942 26119 26145 I native-activity: Swap 794 time is 30.259ms
04-11 03:35:29.942 26119 26145 I native-activity: Animating
04-11 03:35:29.961 26119 26145 I native-activity: Frame 795 GL error is 0x506
04-11 03:35:29.961 26119 26145 I native-activity: Frame 795 time is 19.415ms
04-11 03:35:29.962 26119 26145 I native-activity: Swap 795 time is 20.533ms
04-11 03:35:29.963 26119 26145 I native-activity: Animating
04-11 03:35:29.991 26119 26145 I native-activity: Frame 796 GL error is 0x506
04-11 03:35:29.991 26119 26145 I native-activity: Frame 796 time is 28.097ms
04-11 03:35:29.997 26119 26145 I native-activity: Swap 796 time is 30.001ms
04-11 03:35:29.998 26119 26145 I native-activity: Animating
04-11 03:35:30.014 26119 26145 I native-activity: Frame 797 GL error is 0x506
04-11 03:35:30.014 26119 26145 I native-activity: Frame 797 time is 16.407ms
04-11 03:35:30.032 26119 26145 I native-activity: Swap 797 time is 34.306ms
04-11 03:35:30.032 26119 26145 I native-activity: Animating
04-11 03:35:30.055 26119 26145 I native-activity: Frame 798 GL error is 0x506
04-11 03:35:30.055 26119 26145 I native-activity: Frame 798 time is 22.648ms
04-11 03:35:30.057 26119 26145 I native-activity: Swap 798 time is 24.345ms
04-11 03:35:30.057 26119 26145 I native-activity: Animating
04-11 03:35:30.142 26119 26145 I native-activity: Frame 799 GL error is 0x506
04-11 03:35:30.143 26119 26145 I native-activity: Frame 799 time is 85.228ms
04-11 03:35:30.144 26119 26145 I native-activity: Swap 799 time is 86.284ms
04-11 03:35:30.144 26119 26145 I native-activity: Animating
04-11 03:35:30.155  8277 24666 I Icing   : Indexing 3C149AD5B8816AD31C2E32D2A80EE5BD3F39B46A from com.google.android.gms
04-11 03:35:30.177 26119 26145 I native-activity: Frame 800 GL error is 0x506
04-11 03:35:30.177 26119 26145 I native-activity: Frame 800 time is 32.989ms
04-11 03:35:30.178 26119 26145 I native-activity: Swap 800 time is 34.053ms
04-11 03:35:30.178 26119 26145 I native-activity: Animating
04-11 03:35:30.212 26119 26145 I native-activity: Frame 801 GL error is 0x506
04-11 03:35:30.213 26119 26145 I native-activity: Frame 801 time is 34.400ms
04-11 03:35:30.223 26119 26145 I native-activity: Swap 801 time is 44.472ms
04-11 03:35:30.224 26119 26145 I native-activity: Animating
04-11 03:35:30.247 26119 26145 I native-activity: Frame 802 GL error is 0x506
04-11 03:35:30.247 26119 26145 I native-activity: Frame 802 time is 23.446ms
04-11 03:35:30.248 26119 26145 I native-activity: Swap 802 time is 24.560ms
04-11 03:35:30.248 26119 26145 I native-activity: Animating
04-11 03:35:30.276 26119 26145 I native-activity: Frame 803 GL error is 0x506
04-11 03:35:30.277 26119 26145 I native-activity: Frame 803 time is 28.126ms
04-11 03:35:30.278 26119 26145 I native-activity: Swap 803 time is 29.541ms
04-11 03:35:30.278 26119 26145 I native-activity: Animating
04-11 03:35:30.297 26119 26145 I native-activity: Frame 804 GL error is 0x506
04-11 03:35:30.297 26119 26145 I native-activity: Frame 804 time is 19.134ms
04-11 03:35:30.298 26119 26145 I native-activity: Swap 804 time is 20.102ms
04-11 03:35:30.298 26119 26145 I native-activity: Animating
04-11 03:35:30.334 26119 26145 I native-activity: Frame 805 GL error is 0x506
04-11 03:35:30.334 26119 26145 I native-activity: Frame 805 time is 35.915ms
04-11 03:35:30.341 26119 26145 I native-activity: Swap 805 time is 42.777ms
04-11 03:35:30.342 26119 26145 I native-activity: Animating
04-11 03:35:30.374 26119 26145 I native-activity: Frame 806 GL error is 0x506
04-11 03:35:30.374 26119 26145 I native-activity: Frame 806 time is 32.658ms
04-11 03:35:30.375 26119 26145 I native-activity: Swap 806 time is 33.653ms
04-11 03:35:30.375 26119 26145 I native-activity: Animating
04-11 03:35:30.402 26119 26145 I native-activity: Frame 807 GL error is 0x506
04-11 03:35:30.402 26119 26145 I native-activity: Frame 807 time is 26.945ms
04-11 03:35:30.412 26119 26145 I native-activity: Swap 807 time is 36.548ms
04-11 03:35:30.413 26119 26145 I native-activity: Animating
04-11 03:35:30.447  8277 24666 I Icing   : Indexing done 3C149AD5B8816AD31C2E32D2A80EE5BD3F39B46A
04-11 03:35:30.491   448   448 D BackupManagerService: Received broadcast Intent { act=android.intent.action.PACKAGE_CHANGED dat=package:com.google.android.gms flg=0x4000010 (has extras) }
04-11 03:35:30.491   448   448 I BackupManagerService: Unbinding ComponentInfo{com.google.android.gms/com.google.android.gms.backup.BackupTransportService}
04-11 03:35:30.506   448   448 I BackupManagerService: Binding to transport host ComponentInfo{com.google.android.gms/com.google.android.gms.backup.BackupTransportService}
04-11 03:35:30.522   448   448 V BackupManagerService: Connected to transport ComponentInfo{com.google.android.gms/com.google.android.gms.backup.BackupTransportService}
04-11 03:35:30.523   448   448 V BackupManagerService: Registering transport com.google.android.gms/.backup.BackupTransportService::com.google.android.gms/.backup.BackupTransportService = com.android.internal.backup.IBackupTransport$Stub$Proxy@396bea56
04-11 03:35:30.542 26119 26145 I native-activity: Frame 808 GL error is 0x506
04-11 03:35:30.542 26119 26145 I native-activity: Frame 808 time is 129.066ms
04-11 03:35:30.543 26119 26145 I native-activity: Swap 808 time is 129.976ms
04-11 03:35:30.543 26119 26145 I native-activity: Animating
04-11 03:35:30.565 26119 26145 I native-activity: Frame 809 GL error is 0x506
04-11 03:35:30.566 26119 26145 I native-activity: Frame 809 time is 22.800ms
04-11 03:35:30.568 26119 26145 I native-activity: Swap 809 time is 24.871ms
04-11 03:35:30.568 26119 26145 I native-activity: Animating
04-11 03:35:30.594 26119 26145 I native-activity: Frame 810 GL error is 0x506
04-11 03:35:30.594 26119 26145 I native-activity: Frame 810 time is 26.056ms
04-11 03:35:30.597 26119 26145 I native-activity: Swap 810 time is 28.101ms
04-11 03:35:30.597 26119 26145 I native-activity: Animating
04-11 03:35:30.611 26119 26145 I native-activity: Frame 811 GL error is 0x506
04-11 03:35:30.611 26119 26145 I native-activity: Frame 811 time is 14.451ms
04-11 03:35:30.620 26119 26145 I native-activity: Swap 811 time is 23.384ms
04-11 03:35:30.620 26119 26145 I native-activity: Animating
04-11 03:35:30.649 26119 26145 I native-activity: Frame 812 GL error is 0x506
04-11 03:35:30.649 26119 26145 I native-activity: Frame 812 time is 28.910ms
04-11 03:35:30.651 26119 26145 I native-activity: Swap 812 time is 30.243ms
04-11 03:35:30.651 26119 26145 I native-activity: Animating
04-11 03:35:30.676 26119 26145 I native-activity: Frame 813 GL error is 0x506
04-11 03:35:30.676 26119 26145 I native-activity: Frame 813 time is 25.088ms
04-11 03:35:30.680 26119 26145 I native-activity: Swap 813 time is 29.290ms
04-11 03:35:30.681 26119 26145 I native-activity: Animating
04-11 03:35:30.703 26119 26145 I native-activity: Frame 814 GL error is 0x506
04-11 03:35:30.703 26119 26145 I native-activity: Frame 814 time is 22.535ms
04-11 03:35:30.709 26119 26145 I native-activity: Swap 814 time is 27.810ms
04-11 03:35:30.709 26119 26145 I native-activity: Animating
04-11 03:35:30.725 26119 26145 I native-activity: Frame 815 GL error is 0x506
04-11 03:35:30.725 26119 26145 I native-activity: Frame 815 time is 16.087ms
04-11 03:35:30.737 26119 26145 I native-activity: Swap 815 time is 27.686ms
04-11 03:35:30.737 26119 26145 I native-activity: Animating
04-11 03:35:30.762 26119 26145 I native-activity: Frame 816 GL error is 0x506
04-11 03:35:30.762 26119 26145 I native-activity: Frame 816 time is 24.871ms
04-11 03:35:30.769 26119 26145 I native-activity: Swap 816 time is 31.483ms
04-11 03:35:30.769 26119 26145 I native-activity: Animating
04-11 03:35:30.815 26119 26145 I native-activity: Frame 817 GL error is 0x506
04-11 03:35:30.815 26119 26145 I native-activity: Frame 817 time is 46.159ms
04-11 03:35:30.820 26119 26145 I native-activity: Swap 817 time is 51.214ms
04-11 03:35:30.820 26119 26145 I native-activity: Animating
04-11 03:35:30.846 26119 26145 I native-activity: Frame 818 GL error is 0x506
04-11 03:35:30.846 26119 26145 I native-activity: Frame 818 time is 25.626ms
04-11 03:35:30.847 26119 26145 I native-activity: Swap 818 time is 26.946ms
04-11 03:35:30.848 26119 26145 I native-activity: Animating
04-11 03:35:30.871 26119 26145 I native-activity: Frame 819 GL error is 0x506
04-11 03:35:30.871 26119 26145 I native-activity: Frame 819 time is 23.342ms
04-11 03:35:30.875 26119 26145 I native-activity: Swap 819 time is 27.060ms
04-11 03:35:30.875 26119 26145 I native-activity: Animating
04-11 03:35:30.879   448   613 D ConnectivityService: updateNetworkScore for NetworkAgentInfo [WIFI () - 2786] to 56
04-11 03:35:30.880   448   613 D ConnectivityService: rematching NetworkAgentInfo [WIFI () - 2786]
04-11 03:35:30.880   448   613 D ConnectivityService: Network NetworkAgentInfo [WIFI () - 2786] was already satisfying request 503. No change.
04-11 03:35:30.880   448   613 D ConnectivityService: Network NetworkAgentInfo [WIFI () - 2786] was already satisfying request 1. No change.
04-11 03:35:30.880   448   613 D ConnectivityService: notifyType AVAILABLE for NetworkAgentInfo [WIFI () - 2786]
04-11 03:35:30.882 25234 25335 D ConnectivityManager.CallbackHandler: CM callback handler got msg 524290
04-11 03:35:30.883   666  1123 D ConnectivityManager.CallbackHandler: CM callback handler got msg 524290
04-11 03:35:30.883 25234 25335 D Event   : No subscribers registered for event class com.tplink.hellotp.shared.j
04-11 03:35:30.883 25234 25335 D Event   : No subscribers registered for event class de.greenrobot.event.f
04-11 03:35:30.885 25234 25335 D ConnectivityManager.CallbackHandler: CM callback handler got msg 524290
04-11 03:35:30.885 25234 25335 D Event   : No subscribers registered for event class com.tplink.hellotp.shared.j
04-11 03:35:30.885 25234 25335 D Event   : No subscribers registered for event class de.greenrobot.event.f
04-11 03:35:30.887 25472 25552 D ConnectivityManager.CallbackHandler: CM callback handler got msg 524290
04-11 03:35:30.887 26046 26203 D ConnectivityManager.CallbackHandler: CM callback handler got msg 524290
04-11 03:35:30.900 26119 26145 I native-activity: Frame 820 GL error is 0x506
04-11 03:35:30.901 26119 26145 I native-activity: Frame 820 time is 25.305ms
04-11 03:35:30.904  8277 27307 D ConnectivityManager.CallbackHandler: CM callback handler got msg 524290
04-11 03:35:30.906 26119 26145 I native-activity: Swap 820 time is 31.003ms
04-11 03:35:30.906 26119 26145 I native-activity: Animating
04-11 03:35:30.924 26119 26145 I native-activity: Frame 821 GL error is 0x506
04-11 03:35:30.924 26119 26145 I native-activity: Frame 821 time is 17.894ms
04-11 03:35:30.926 26119 26145 I native-activity: Swap 821 time is 19.367ms
04-11 03:35:30.926 26119 26145 I native-activity: Animating
04-11 03:35:30.942 26119 26145 I native-activity: Frame 822 GL error is 0x506
04-11 03:35:30.942 26119 26145 I native-activity: Frame 822 time is 16.251ms
04-11 03:35:30.956 26119 26145 I native-activity: Swap 822 time is 29.779ms
04-11 03:35:30.956 26119 26145 I native-activity: Animating
04-11 03:35:30.973 26119 26145 I native-activity: Frame 823 GL error is 0x506
04-11 03:35:30.973 26119 26145 I native-activity: Frame 823 time is 16.690ms
04-11 03:35:30.982 26119 26145 I native-activity: Swap 823 time is 26.093ms
04-11 03:35:30.982 26119 26145 I native-activity: Animating
04-11 03:35:31.008 26119 26145 I native-activity: Frame 824 GL error is 0x506
04-11 03:35:31.008 26119 26145 I native-activity: Frame 824 time is 25.589ms
04-11 03:35:31.025 26119 26145 I native-activity: Swap 824 time is 42.118ms
04-11 03:35:31.025 26119 26145 I native-activity: Animating
04-11 03:35:31.051 26119 26145 I native-activity: Frame 825 GL error is 0x506
04-11 03:35:31.051 26119 26145 I native-activity: Frame 825 time is 26.071ms
04-11 03:35:31.053 26119 26145 I native-activity: Swap 825 time is 27.788ms
04-11 03:35:31.053 26119 26145 I native-activity: Animating
04-11 03:35:31.074 26119 26145 I native-activity: Frame 826 GL error is 0x506
04-11 03:35:31.074 26119 26145 I native-activity: Frame 826 time is 21.342ms
04-11 03:35:31.079 26119 26145 I native-activity: Swap 826 time is 25.778ms
04-11 03:35:31.079 26119 26145 I native-activity: Animating
04-11 03:35:31.097 26119 26145 I native-activity: Frame 827 GL error is 0x506
04-11 03:35:31.098 26119 26145 I native-activity: Frame 827 time is 18.501ms
04-11 03:35:31.099 26119 26145 I native-activity: Swap 827 time is 19.476ms
04-11 03:35:31.099 26119 26145 I native-activity: Animating
04-11 03:35:31.117 26119 26145 I native-activity: Frame 828 GL error is 0x506
04-11 03:35:31.117 26119 26145 I native-activity: Frame 828 time is 18.648ms
04-11 03:35:31.127 26119 26145 I native-activity: Swap 828 time is 27.851ms
04-11 03:35:31.128 26119 26145 I native-activity: Animating
04-11 03:35:31.135   663   663 I wpa_supplicant: wlan0: Authentication with b0:48:7a:cb:7c:ec timed out.
04-11 03:35:31.180   663   663 I wpa_supplicant: wlan0: CTRL-EVENT-DISCONNECTED bssid=b0:48:7a:cb:7c:ec reason=3 locally_generated=1
04-11 03:35:31.184   448   605 E WifiConfigStore: saveWifiConfigBSSID Setting BSSID for "wildfredland"WPA_PSK to any
04-11 03:35:31.189   121   427 D CommandListener: Clearing all IP addresses on wlan0
04-11 03:35:31.221   448   613 D ConnectivityService: NetworkAgentInfo [WIFI () - 2786] EVENT_NETWORK_INFO_CHANGED, going from CONNECTED to DISCONNECTED
04-11 03:35:31.222   448   613 D ConnectivityService: NetworkAgentInfo [WIFI () - 2786] got DISCONNECTED, was satisfying 7
04-11 03:35:31.231   448   605 E WifiConfigStore: saveWifiConfigBSSID Setting BSSID for "wildfredland"WPA_PSK to any
04-11 03:35:31.293 26119 26145 I native-activity: Frame 829 GL error is 0x506
04-11 03:35:31.293 26119 26145 I native-activity: Frame 829 time is 165.813ms
04-11 03:35:31.294 26119 26145 I native-activity: Swap 829 time is 166.723ms
04-11 03:35:31.295 26119 26145 I native-activity: Animating
04-11 03:35:31.317 26119 26145 I native-activity: Frame 830 GL error is 0x506
04-11 03:35:31.317 26119 26145 I native-activity: Frame 830 time is 22.709ms
04-11 03:35:31.321 26119 26145 I native-activity: Swap 830 time is 25.721ms
04-11 03:35:31.323 26119 26145 I native-activity: Animating
04-11 03:35:31.343 26119 26145 I native-activity: Frame 831 GL error is 0x506
04-11 03:35:31.344 26119 26145 I native-activity: Frame 831 time is 20.567ms
04-11 03:35:31.345 26119 26145 I native-activity: Swap 831 time is 22.441ms
04-11 03:35:31.346 26119 26145 I native-activity: Animating
04-11 03:35:31.512   448   605 E WifiStateMachine: WifiStateMachine: Leaving Connected state
04-11 03:35:31.521   448   605 D WifiNetworkAgent: NetworkAgent: NetworkAgent channel lost
04-11 03:35:31.529 26119 26145 I native-activity: Frame 832 GL error is 0x506
04-11 03:35:31.529 26119 26145 I native-activity: Frame 832 time is 183.316ms
04-11 03:35:31.532 26119 26145 I native-activity: Swap 832 time is 186.100ms
04-11 03:35:31.532 26119 26145 I native-activity: Animating
04-11 03:35:31.561 26119 26145 I native-activity: Frame 833 GL error is 0x506
04-11 03:35:31.561 26119 26145 I native-activity: Frame 833 time is 28.824ms
04-11 03:35:31.562 26119 26145 I native-activity: Swap 833 time is 30.170ms
04-11 03:35:31.563 26119 26145 I native-activity: Animating
04-11 03:35:31.591 26119 26145 I native-activity: Frame 834 GL error is 0x506
04-11 03:35:31.592 26119 26145 I native-activity: Frame 834 time is 29.016ms
04-11 03:35:31.600 26119 26145 I native-activity: Swap 834 time is 36.848ms
04-11 03:35:31.604 26119 26145 I native-activity: Animating
04-11 03:35:31.629 26119 26145 I native-activity: Frame 835 GL error is 0x506
04-11 03:35:31.630 26119 26145 I native-activity: Frame 835 time is 25.302ms
04-11 03:35:31.630 26119 26145 I native-activity: Swap 835 time is 25.898ms
04-11 03:35:31.630 26119 26145 I native-activity: Animating
04-11 03:35:31.646 26119 26145 I native-activity: Frame 836 GL error is 0x506
04-11 03:35:31.647 26119 26145 I native-activity: Frame 836 time is 16.101ms
04-11 03:35:31.660 26119 26145 I native-activity: Swap 836 time is 29.725ms
04-11 03:35:31.660 26119 26145 I native-activity: Animating
04-11 03:35:31.687 26119 26145 I native-activity: Frame 837 GL error is 0x506
04-11 03:35:31.687 26119 26145 I native-activity: Frame 837 time is 26.601ms
04-11 03:35:31.689 26119 26145 I native-activity: Swap 837 time is 28.901ms
04-11 03:35:31.690 26119 26145 I native-activity: Animating
04-11 03:35:31.711 26119 26145 I native-activity: Frame 838 GL error is 0x506
04-11 03:35:31.711 26119 26145 I native-activity: Frame 838 time is 21.189ms
04-11 03:35:31.712 26119 26145 I native-activity: Swap 838 time is 22.274ms
04-11 03:35:31.712 26119 26145 I native-activity: Animating
04-11 03:35:31.731 26119 26145 I native-activity: Frame 839 GL error is 0x506
04-11 03:35:31.731 26119 26145 I native-activity: Frame 839 time is 18.856ms
04-11 03:35:31.733 26119 26145 I native-activity: Swap 839 time is 20.294ms
04-11 03:35:31.733 26119 26145 I native-activity: Animating
04-11 03:35:31.751 26119 26145 I native-activity: Frame 840 GL error is 0x506
04-11 03:35:31.751 26119 26145 I native-activity: Frame 840 time is 18.226ms
04-11 03:35:31.753 26119 26145 I native-activity: Swap 840 time is 20.096ms
04-11 03:35:31.753 26119 26145 I native-activity: Animating
04-11 03:35:31.773 26119 26145 I native-activity: Frame 841 GL error is 0x506
04-11 03:35:31.773 26119 26145 I native-activity: Frame 841 time is 19.762ms
04-11 03:35:31.775 26119 26145 I native-activity: Swap 841 time is 20.986ms
04-11 03:35:31.775 26119 26145 I native-activity: Animating
04-11 03:35:31.789   448   938 I ActivityManager: Killing 26046:com.android.chrome/u0a9 (adj 15): empty #17
04-11 03:35:31.793   448   605 E WifiStateMachine: WifiStateMachine Disconnected CMD_START_SCAN source -2 17713, 17714 -> obsolete
04-11 03:35:31.799 26119 26145 I native-activity: Frame 842 GL error is 0x506
04-11 03:35:31.799 26119 26145 I native-activity: Frame 842 time is 24.020ms
04-11 03:35:31.802 26119 26145 I native-activity: Swap 842 time is 27.125ms
04-11 03:35:31.803 26119 26145 I native-activity: Animating
04-11 03:35:31.822   448  2823 D ConnectivityService: ConnectivityService NetworkRequestInfo binderDied(NetworkRequest [ id=506, legacyType=-1, [ Capabilities: INTERNET&NOT_RESTRICTED&TRUSTED] ], android.os.BinderProxy@34df47eb)
04-11 03:35:31.853 26119 26145 I native-activity: Frame 843 GL error is 0x506
04-11 03:35:31.853 26119 26145 I native-activity: Frame 843 time is 50.553ms
04-11 03:35:31.855 26119 26145 I native-activity: Swap 843 time is 51.950ms
04-11 03:35:31.855 26119 26145 I native-activity: Animating
04-11 03:35:31.876 26119 26145 I native-activity: Frame 844 GL error is 0x506
04-11 03:35:31.876 26119 26145 I native-activity: Frame 844 time is 20.496ms
04-11 03:35:31.881 26119 26145 I native-activity: Swap 844 time is 25.233ms
04-11 03:35:31.881 26119 26145 I native-activity: Animating
04-11 03:35:31.900 26119 26145 I native-activity: Frame 845 GL error is 0x506
04-11 03:35:31.901 26119 26145 I native-activity: Frame 845 time is 19.616ms
04-11 03:35:31.902 26119 26145 I native-activity: Swap 845 time is 20.700ms
04-11 03:35:31.902 26119 26145 I native-activity: Animating
04-11 03:35:31.922 26119 26145 I native-activity: Frame 846 GL error is 0x506
04-11 03:35:31.922 26119 26145 I native-activity: Frame 846 time is 19.921ms
04-11 03:35:31.924 26119 26145 I native-activity: Swap 846 time is 21.734ms
04-11 03:35:31.924 26119 26145 I native-activity: Animating
04-11 03:35:31.943 26119 26145 I native-activity: Frame 847 GL error is 0x506
04-11 03:35:31.943 26119 26145 I native-activity: Frame 847 time is 19.013ms
04-11 03:35:31.948 26119 26145 I native-activity: Swap 847 time is 23.805ms
04-11 03:35:31.949 26119 26145 I native-activity: Animating
04-11 03:35:31.953   448   938 I ActivityManager: Killing 25950:com.android.musicfx/u0a37 (adj 15): empty #18
04-11 03:35:31.972 26119 26145 I native-activity: Frame 848 GL error is 0x506
04-11 03:35:31.972 26119 26145 I native-activity: Frame 848 time is 23.300ms
04-11 03:35:31.975 26119 26145 I native-activity: Swap 848 time is 25.980ms
04-11 03:35:31.975 26119 26145 I native-activity: Animating
04-11 03:35:32.000 26119 26145 I native-activity: Frame 849 GL error is 0x506
04-11 03:35:32.000 26119 26145 I native-activity: Frame 849 time is 24.655ms
04-11 03:35:32.002 26119 26145 I native-activity: Swap 849 time is 26.679ms
04-11 03:35:32.002 26119 26145 I native-activity: Animating
04-11 03:35:32.025 26119 26145 I native-activity: Frame 850 GL error is 0x506
04-11 03:35:32.025 26119 26145 I native-activity: Frame 850 time is 23.098ms
04-11 03:35:32.027 26119 26145 I native-activity: Swap 850 time is 24.543ms
04-11 03:35:32.027 26119 26145 I native-activity: Animating
04-11 03:35:32.051 26119 26145 I native-activity: Frame 851 GL error is 0x506
04-11 03:35:32.051 26119 26145 I native-activity: Frame 851 time is 24.585ms
04-11 03:35:32.053 26119 26145 I native-activity: Swap 851 time is 26.749ms
04-11 03:35:32.054 26119 26145 I native-activity: Animating
04-11 03:35:32.075 26119 26145 I native-activity: Frame 852 GL error is 0x506
04-11 03:35:32.075 26119 26145 I native-activity: Frame 852 time is 21.076ms
04-11 03:35:32.079 26119 26145 I native-activity: Swap 852 time is 25.557ms
04-11 03:35:32.080 26119 26145 I native-activity: Animating
04-11 03:35:32.108 26119 26145 I native-activity: Frame 853 GL error is 0x506
04-11 03:35:32.108 26119 26145 I native-activity: Frame 853 time is 28.510ms
04-11 03:35:32.110 26119 26145 I native-activity: Swap 853 time is 30.082ms
04-11 03:35:32.110 26119 26145 I native-activity: Animating
04-11 03:35:32.129 26180 26180 I cr_ChildProcessService: Destroying ChildProcessService pid=26180
04-11 03:35:32.135   448   613 E NetdConnector: NDC Command {49965 network destroy 2786} took too long (914ms)
04-11 03:35:32.136 26119 26145 I native-activity: Frame 854 GL error is 0x506
04-11 03:35:32.136 26119 26145 I native-activity: Frame 854 time is 25.505ms
04-11 03:35:32.141 26119 26145 I native-activity: Swap 854 time is 30.901ms
04-11 03:35:32.142 26119 26145 I native-activity: Animating
04-11 03:35:32.294 26119 26145 I native-activity: Frame 855 GL error is 0x506
04-11 03:35:32.294 26119 26145 I native-activity: Frame 855 time is 152.128ms
04-11 03:35:32.308 26119 26145 I native-activity: Swap 855 time is 165.807ms
04-11 03:35:32.308 26119 26145 I native-activity: Animating
04-11 03:35:32.333 26119 26145 I native-activity: Frame 856 GL error is 0x506
04-11 03:35:32.333 26119 26145 I native-activity: Frame 856 time is 24.611ms
04-11 03:35:32.333 26119 26145 I native-activity: Swap 856 time is 25.337ms
04-11 03:35:32.333 26119 26145 I native-activity: Animating
04-11 03:35:32.371 26119 26145 I native-activity: Frame 857 GL error is 0x506
04-11 03:35:32.372 26119 26145 I native-activity: Frame 857 time is 38.117ms
04-11 03:35:32.376 26119 26145 I native-activity: Swap 857 time is 42.009ms
04-11 03:35:32.376 26119 26145 I native-activity: Animating
04-11 03:35:32.407 26119 26145 I native-activity: Frame 858 GL error is 0x506
04-11 03:35:32.407 26119 26145 I native-activity: Frame 858 time is 31.003ms
04-11 03:35:32.412 26119 26145 I native-activity: Swap 858 time is 35.765ms
04-11 03:35:32.412 26119 26145 I native-activity: Animating
04-11 03:35:32.433 26119 26145 I native-activity: Frame 859 GL error is 0x506
04-11 03:35:32.433 26119 26145 I native-activity: Frame 859 time is 20.490ms
04-11 03:35:32.434 26119 26145 I native-activity: Swap 859 time is 21.361ms
04-11 03:35:32.434 26119 26145 I native-activity: Animating
04-11 03:35:32.459 26119 26145 I native-activity: Frame 860 GL error is 0x506
04-11 03:35:32.459 26119 26145 I native-activity: Frame 860 time is 25.231ms
04-11 03:35:32.460 26119 26145 I native-activity: Swap 860 time is 26.422ms
04-11 03:35:32.461 26119 26145 I native-activity: Animating
04-11 03:35:32.474   448  2929 I ActivityManager: Killing 26022:com.android.browser.provider/u0a4 (adj 15): empty #17
04-11 03:35:32.504 26119 26145 I native-activity: Frame 861 GL error is 0x506
04-11 03:35:32.504 26119 26145 I native-activity: Frame 861 time is 43.433ms
04-11 03:35:32.513 26119 26145 I native-activity: Swap 861 time is 51.877ms
04-11 03:35:32.513 26119 26145 I native-activity: Animating
04-11 03:35:32.527 26119 26145 I native-activity: Frame 862 GL error is 0x506
04-11 03:35:32.527 26119 26145 I native-activity: Frame 862 time is 14.306ms
04-11 03:35:32.528 26119 26145 I native-activity: Swap 862 time is 14.955ms
04-11 03:35:32.528 26119 26145 I native-activity: Animating
04-11 03:35:32.583   448   613 D ConnectivityService: notifyType LOST for NetworkAgentInfo [WIFI () - 2786]
04-11 03:35:32.585   666  1123 D ConnectivityManager.CallbackHandler: CM callback handler got msg 524292
04-11 03:35:32.585 25234 25335 D ConnectivityManager.CallbackHandler: CM callback handler got msg 524292
04-11 03:35:32.586 25234 25335 D Event   : No subscribers registered for event class com.tplink.hellotp.shared.j
04-11 03:35:32.586 25234 25335 D Event   : No subscribers registered for event class de.greenrobot.event.f
04-11 03:35:32.586 25234 25335 D ConnectivityManager.CallbackHandler: CM callback handler got msg 524292
04-11 03:35:32.587 25234 25335 D Event   : No subscribers registered for event class com.tplink.hellotp.shared.j
04-11 03:35:32.587 25234 25335 D Event   : No subscribers registered for event class de.greenrobot.event.f
04-11 03:35:32.587  8277 27307 D ConnectivityManager.CallbackHandler: CM callback handler got msg 524292
04-11 03:35:32.587 25472 25552 D ConnectivityManager.CallbackHandler: CM callback handler got msg 524292
04-11 03:35:32.625 26119 26145 I native-activity: Frame 863 GL error is 0x506
04-11 03:35:32.625 26119 26145 I native-activity: Frame 863 time is 97.201ms
04-11 03:35:32.626 26119 26145 I native-activity: Swap 863 time is 97.799ms
04-11 03:35:32.626 26119 26145 I native-activity: Animating
04-11 03:35:32.645 26119 26145 I native-activity: Frame 864 GL error is 0x506
04-11 03:35:32.645 26119 26145 I native-activity: Frame 864 time is 18.585ms
04-11 03:35:32.647 26119 26145 I native-activity: Swap 864 time is 20.327ms
04-11 03:35:32.647 26119 26145 I native-activity: Animating
04-11 03:35:32.654   448   613 E ConnectivityService: RemoteException caught trying to send a callback msg for NetworkRequest [ id=506, legacyType=-1, [ Capabilities: INTERNET&NOT_RESTRICTED&TRUSTED] ]
04-11 03:35:32.655   448   613 D CSLegacyTypeTracker: Sending disconnected broadcast for type 1 NetworkAgentInfo [WIFI () - 2786] isDefaultNetwork=true
04-11 03:35:32.655   448 26291 D NetworkMonitor/NetworkAgentInfo [WIFI () - 2786]: OfflineState{ when=0 what=532487 target=com.android.internal.util.StateMachine$SmHandler }
04-11 03:35:32.655   448   613 D ConnectivityService: sendStickyBroadcast: action=android.net.conn.CONNECTIVITY_CHANGE_IMMEDIATE
04-11 03:35:32.656   448 26291 D NetworkMonitor/NetworkAgentInfo [WIFI () - 2786]: DefaultState{ when=-1ms what=532487 target=com.android.internal.util.StateMachine$SmHandler }
04-11 03:35:32.656   448 26291 D NetworkMonitor/NetworkAgentInfo [WIFI () - 2786]: Disconnected - quitting
04-11 03:35:32.657   448   613 D ConnectivityService: sendStickyBroadcast: action=android.net.conn.CONNECTIVITY_CHANGE
04-11 03:35:32.674 26119 26145 I native-activity: Frame 865 GL error is 0x506
04-11 03:35:32.674 26119 26145 I native-activity: Frame 865 time is 26.812ms
04-11 03:35:32.674   448   613 D ConnectivityService: sendStickyBroadcast: action=android.net.conn.CONNECTIVITY_CHANGE_IMMEDIATE
04-11 03:35:32.674   448   613 D ConnectivityService: sendStickyBroadcast: action=android.net.conn.CONNECTIVITY_CHANGE
04-11 03:35:32.675 26119 26145 I native-activity: Swap 865 time is 27.854ms
04-11 03:35:32.675 26119 26145 I native-activity: Animating
04-11 03:35:32.677   448   613 D ConnectivityService: Checking for replacement network to handle request NetworkRequest [ id=1, legacyType=-1, [ Capabilities: INTERNET&NOT_RESTRICTED&TRUSTED&NOT_VPN] ]
04-11 03:35:32.679   448   613 D ConnectivityService: Checking for replacement network to handle request NetworkRequest [ id=503, legacyType=-1, [ Transports: WIFI Capabilities: NOT_RESTRICTED&TRUSTED&NOT_VPN] ]
04-11 03:35:32.683   448   472 D Tethering: MasterInitialState.processMessage what=3
04-11 03:35:32.685   448   613 E ConnectivityService: EVENT_NETWORK_INFO_CHANGED from unknown NetworkAgent
04-11 03:35:32.685   448   613 D ConnectivityService: releasing NetworkRequest NetworkRequest [ id=506, legacyType=-1, [ Capabilities: INTERNET&NOT_RESTRICTED&TRUSTED] ]
04-11 03:35:32.686   448   613 E ConnectivityService: RemoteException caught trying to send a callback msg for NetworkRequest [ id=506, legacyType=-1, [ Capabilities: INTERNET&NOT_RESTRICTED&TRUSTED] ]
04-11 03:35:32.695   448   472 D Tethering: MasterInitialState.processMessage what=3
04-11 03:35:32.713 26119 26145 I native-activity: Frame 866 GL error is 0x506
04-11 03:35:32.713 26119 26145 I native-activity: Frame 866 time is 38.127ms
04-11 03:35:32.721 26119 26145 I native-activity: Swap 866 time is 45.769ms
04-11 03:35:32.722 26119 26145 I native-activity: Animating
04-11 03:35:32.748 26119 26145 I native-activity: Frame 867 GL error is 0x506
04-11 03:35:32.749 26119 26145 I native-activity: Frame 867 time is 26.882ms
04-11 03:35:32.753 26119 26145 I native-activity: Swap 867 time is 30.937ms
04-11 03:35:32.754 26119 26145 I native-activity: Animating
04-11 03:35:32.796  8230  8230 I GCoreNlp: shouldConfirmNlp, NLP off. Ensuring opt-in disabled
04-11 03:35:32.843 26119 26145 I native-activity: Frame 868 GL error is 0x506
04-11 03:35:32.843 26119 26145 I native-activity: Frame 868 time is 89.455ms
04-11 03:35:32.848 26119 26145 I native-activity: Swap 868 time is 94.316ms
04-11 03:35:32.848 26119 26145 I native-activity: Animating
04-11 03:35:32.865 26119 26145 I native-activity: Frame 869 GL error is 0x506
04-11 03:35:32.866 26119 26145 I native-activity: Frame 869 time is 17.190ms
04-11 03:35:32.868 26119 26145 I native-activity: Swap 869 time is 19.622ms
