--------- beginning of system
04-11 03:41:59.972   448   613 D ConnectivityService: notifyType LOST for NetworkAgentInfo [WIFI () - 2793]
--------- beginning of main
04-11 03:41:59.973   666  1123 D ConnectivityManager.CallbackHandler: CM callback handler got msg 524292
04-11 03:41:59.974 25234 25335 D ConnectivityManager.CallbackHandler: CM callback handler got msg 524292
04-11 03:41:59.975 25234 25335 D Event   : No subscribers registered for event class com.tplink.hellotp.shared.j
04-11 03:41:59.975   448   613 D CSLegacyTypeTracker: Sending disconnected broadcast for type 1 NetworkAgentInfo [WIFI () - 2793] isDefaultNetwork=true
04-11 03:41:59.975 25234 25335 D Event   : No subscribers registered for event class de.greenrobot.event.f
04-11 03:41:59.975 25234 25335 D ConnectivityManager.CallbackHandler: CM callback handler got msg 524292
04-11 03:41:59.975   448   613 D ConnectivityService: sendStickyBroadcast: action=android.net.conn.CONNECTIVITY_CHANGE_IMMEDIATE
04-11 03:41:59.975   448 29249 D NetworkMonitor/NetworkAgentInfo [WIFI () - 2793]: OfflineState{ when=0 what=532487 target=com.android.internal.util.StateMachine$SmHandler }
04-11 03:41:59.975   448 29249 D NetworkMonitor/NetworkAgentInfo [WIFI () - 2793]: DefaultState{ when=0 what=532487 target=com.android.internal.util.StateMachine$SmHandler }
04-11 03:41:59.975   448 29249 D NetworkMonitor/NetworkAgentInfo [WIFI () - 2793]: Disconnected - quitting
04-11 03:41:59.975 25234 25335 D Event   : No subscribers registered for event class com.tplink.hellotp.shared.j
04-11 03:41:59.975 25234 25335 D Event   : No subscribers registered for event class de.greenrobot.event.f
04-11 03:41:59.976 25472 25552 D ConnectivityManager.CallbackHandler: CM callback handler got msg 524292
04-11 03:41:59.977   448   613 D ConnectivityService: sendStickyBroadcast: action=android.net.conn.CONNECTIVITY_CHANGE
04-11 03:41:59.979   448   472 D Tethering: MasterInitialState.processMessage what=3
04-11 03:41:59.985   448   613 D ConnectivityService: sendStickyBroadcast: action=android.net.conn.CONNECTIVITY_CHANGE_IMMEDIATE
04-11 03:41:59.991   448   613 D ConnectivityService: sendStickyBroadcast: action=android.net.conn.CONNECTIVITY_CHANGE
04-11 03:41:59.991 28414 28414 I NetworkMonitor: type=WIFI subType= reason=null isConnected=false
04-11 03:41:59.992   448   613 D ConnectivityService: Checking for replacement network to handle request NetworkRequest [ id=1, legacyType=-1, [ Capabilities: INTERNET&NOT_RESTRICTED&TRUSTED&NOT_VPN] ]
04-11 03:41:59.993   448   613 D ConnectivityService: Checking for replacement network to handle request NetworkRequest [ id=503, legacyType=-1, [ Transports: WIFI Capabilities: NOT_RESTRICTED&TRUSTED&NOT_VPN] ]
04-11 03:41:59.993   448   613 E ConnectivityService: EVENT_NETWORK_INFO_CHANGED from unknown NetworkAgent
04-11 03:41:59.996   448   472 D Tethering: MasterInitialState.processMessage what=3
04-11 03:42:00.008   976 19941 D PhoneInterfaceManager: [PhoneIntfMgr] getDataEnabled: subId=-1 phoneId=-1
04-11 03:42:00.008   976 19941 E PhoneInterfaceManager: [PhoneIntfMgr] getDataEnabled: no phone subId=-1 retVal=false
04-11 03:42:00.009   448   467 D TelephonyManager: getDataEnabled: retVal=false
04-11 03:42:00.021   448   467 E GpsLocationProvider: No APN found to select.
04-11 03:42:00.023   448   467 D libgps  : proxy_agps_ril_update_network_state()
04-11 03:42:00.023   448   467 D gpslogd : agps_ril_update_network_state: Waiting for IPC connection...
04-11 03:42:00.025  8277 27307 D ConnectivityManager.CallbackHandler: CM callback handler got msg 524292
04-11 03:42:00.170  8277 30159 I EventLogChimeraService: Aggregate from 1491907237859 (log), 1491905506723 (data)
04-11 03:42:00.233 28414 30169 I MusicLeanback: Conditions not met for autocaching.
04-11 03:42:00.233 28414 30169 I MusicLeanback: Stop autocaching.
04-11 03:42:00.262   994  1323 W OpenGLRenderer: Incorrectly called buildLayer on View: ShortcutAndWidgetContainer, destroying layer...
04-11 03:42:00.262   994  1323 W OpenGLRenderer: Incorrectly called buildLayer on View: ShortcutAndWidgetContainer, destroying layer...
04-11 03:42:00.319  8277 30175 I CheckinChimeraService: Checking schedule, now: 1491907320319 next: 1491907253080
04-11 03:42:00.319  8277 30175 I CheckinChimeraService: active receiver: enabled
04-11 03:42:00.329  8277  8277 I iu.Environment: update connectivity state; isNetworkMetered? false, isRoaming? false, isBackgroundDataAllowed? false*
04-11 03:42:00.356  8277  8937 I iu.UploadsManager: num queued entries: 0
04-11 03:42:00.365  8277  8937 I iu.UploadsManager: num updated entries: 0
04-11 03:42:00.388  8277  8937 I iu.SyncManager: NEXT; no task
04-11 03:42:00.396 28414 30176 I MusicLeanback: Conditions not met for autocaching.
04-11 03:42:00.396 28414 30176 I MusicLeanback: Stop autocaching.
04-11 03:42:00.435  8277 30179 I CheckinChimeraService: Checking schedule, now: 1491907320435 next: 1491907253080
04-11 03:42:00.435  8277 30179 I CheckinChimeraService: active receiver: enabled
04-11 03:42:00.556 30163 30163 D AndroidRuntime: >>>>>> START com.android.internal.os.RuntimeInit uid 2000 <<<<<<
04-11 03:42:00.561 30163 30163 D AndroidRuntime: CheckJNI is OFF
04-11 03:42:00.737 30163 30163 E memtrack: Couldn't load memtrack module (No such file or directory)
04-11 03:42:00.737 30163 30163 E android.os.Debug: failed to load memtrack module: -2
04-11 03:42:00.804 30163 30163 D AndroidRuntime: Calling main entry com.android.commands.am.Am
04-11 03:42:00.861   448   993 I art     : Explicit concurrent mark sweep GC freed 68284(3MB) AllocSpace objects, 5(80KB) LOS objects, 33% free, 27MB/40MB, paused 2.813ms total 298.536ms
04-11 03:42:00.864   448  1269 I ActivityManager: START u0 {act=android.intent.action.MAIN cat=[android.intent.category.LAUNCHER] flg=0x10000000 cmp=com.example.sonicdash_stage1/android.app.NativeActivity (has extras)} from uid 2000 on display 0
04-11 03:42:00.865   448  1269 V WindowManager: addAppToken: AppWindowToken{2c2a312b token=Token{2652857a ActivityRecord{3cb74da5 u0 com.example.sonicdash_stage1/android.app.NativeActivity t1039}}} to stack=1 task=1039 at 0
04-11 03:42:00.876 30163 30163 D AndroidRuntime: Shutting down VM
04-11 03:42:00.879 30163 30184 I art     : Debugger is no longer active
04-11 03:42:00.898   448   473 V WindowManager: Adding window Window{5f41f21 u0 Starting com.example.sonicdash_stage1} at 3 of 9 (after Window{1f48f6bd u0 com.android.launcher/com.android.launcher2.Launcher})
04-11 03:42:00.918 30193 30193 I art     : Late-enabling -Xcheck:jni
04-11 03:42:00.926   448  1032 I ActivityManager: Start proc 30193:com.example.sonicdash_stage1/u0a449 for activity com.example.sonicdash_stage1/android.app.NativeActivity
04-11 03:42:01.029   666   666 V PhoneStatusBar: setLightsOn(true)
04-11 03:42:01.452 30193 30193 V threaded_app: Creating: 0x42230e08
04-11 03:42:01.453 30193 30214 V threaded_app: Config: mcc=310 mnc=0 lang=en cnt=US orien=2 touch=3 dens=213 keys=1 nav=1 keysHid=3 navHid=0 sdk=22 size=3 long=1 modetype=1 modenight=1
04-11 03:42:01.453 30193 30214 I native-activity: Starting android_main
04-11 03:42:01.453 30193 30214 I native-activity:   Activity 0x42230e08
04-11 03:42:01.453 30193 30214 I native-activity:   VM 0x41d7a460
04-11 03:42:01.453 30193 30214 I native-activity:   JNIEnv 0x41d7ac18
04-11 03:42:01.453 30193 30214 D native-activity: Changing permissions for the internal storage at /data/data/com.example.sonicdash_stage1/files
04-11 03:42:01.453 30193 30214 I native-activity: Attaching entry point thread to JNIEnv
04-11 03:42:01.456 30193 30214 I native-activity: Loading activity configuration
04-11 03:42:01.456 30193 30214 V native-activity: get_boolean_extra for *env 0x4208bd70 intent 0x100005 extra_name egl_swap_preserve_bit
04-11 03:42:01.457 30193 30214 V native-activity: get_boolean_extra for *env 0x4208bd70 intent 0x100005 extra_name egl_window_bit
04-11 03:42:01.457 30193 30214 V native-activity: get_boolean_extra for *env 0x4208bd70 intent 0x100005 extra_name egl_pbuffer_bit
04-11 03:42:01.457 30193 30214 V native-activity: get_boolean_extra for *env 0x4208bd70 intent 0x100005 extra_name gl_enable_dither
04-11 03:42:01.457 30193 30214 V native-activity: get_boolean_extra for *env 0x4208bd70 intent 0x100005 extra_name gl_disable_dither
04-11 03:42:01.457 30193 30214 V native-activity: get_boolean_extra for *env 0x4208bd70 intent 0x100005 extra_name gl_log_context
04-11 03:42:01.457 30193 30214 V native-activity: get_boolean_extra for *env 0x4208bd70 intent 0x100005 extra_name stop_motion
04-11 03:42:01.457 30193 30214 V native-activity: get_boolean_extra for *env 0x4208bd70 intent 0x100005 extra_name capture_compressed
04-11 03:42:01.458 30193 30214 I native-activity: EGL configuration
04-11 03:42:01.458 30193 30214 I native-activity: 	egl_swap_preserve_bit: 0
04-11 03:42:01.458 30193 30214 I native-activity: 	egl_window_bit: 1
04-11 03:42:01.458 30193 30214 I native-activity: 	egl_pbuffer_bit: 1
04-11 03:42:01.458 30193 30214 I native-activity: 	egl_width: 2160
04-11 03:42:01.458 30193 30214 I native-activity: 	egl_height: 3840
04-11 03:42:01.458 30193 30214 I native-activity: 	egl_red_size: 8
04-11 03:42:01.458 30193 30214 I native-activity: 	egl_green_size: 8
04-11 03:42:01.458 30193 30214 I native-activity: 	egl_blue_size: 8
04-11 03:42:01.458 30193 30214 I native-activity: 	egl_alpha_size: 8
04-11 03:42:01.458 30193 30214 I native-activity: 	egl_depth_size: 16
04-11 03:42:01.458 30193 30214 I native-activity: 	egl_stencil_size: -1
04-11 03:42:01.458 30193 30214 I native-activity: 	egl_swapbuffers_sync: 0
04-11 03:42:01.458 30193 30214 I native-activity: GL configuration
04-11 03:42:01.458 30193 30214 I native-activity: 	gl_enable_dither: 0
04-11 03:42:01.458 30193 30214 I native-activity: 	gl_disable_dither: 0
04-11 03:42:01.458 30193 30214 I native-activity: 	gl_get_error: 1
04-11 03:42:01.458 30193 30214 I native-activity: 	gl_log_context: 1
04-11 03:42:01.458 30193 30214 I native-activity: Runtime configuration
04-11 03:42:01.458 30193 30214 I native-activity: 	draw_limit:        0
04-11 03:42:01.458 30193 30214 I native-activity: 	frame_limit:       0
04-11 03:42:01.458 30193 30214 I native-activity: 	stop_motion:       0
04-11 03:42:01.458 30193 30214 I native-activity: 	capture_frequency: 0
04-11 03:42:01.458 30193 30214 I native-activity: 	capture_compressed: 1
04-11 03:42:01.463 30193 30193 V threaded_app: Start: 0x42230e08
04-11 03:42:01.464 30193 30214 V threaded_app: activityState=10
04-11 03:42:01.470 30193 30193 V threaded_app: Resume: 0x42230e08
04-11 03:42:01.470 30193 30214 V threaded_app: activityState=11
04-11 03:42:01.491   448  1270 V WindowManager: Adding window Window{39d21291 u0 com.example.sonicdash_stage1/android.app.NativeActivity} at 3 of 10 (before Window{5f41f21 u0 Starting com.example.sonicdash_stage1})
04-11 03:42:01.492 30193 30193 V threaded_app: InputQueueCreated: 0x42230e08 -- 0x5a69d900
04-11 03:42:01.492 30193 30214 V threaded_app: APP_CMD_INPUT_CHANGED
04-11 03:42:01.492 30193 30214 V threaded_app: Attaching input queue to looper
04-11 03:42:01.536 30193 30193 V threaded_app: NativeWindowCreated: 0x42230e08 -- 0x5a6a6230
04-11 03:42:01.536 30193 30214 V threaded_app: APP_CMD_INIT_WINDOW
04-11 03:42:01.542 30193 30214 D libEGL  : loaded /system/lib/egl/libEGL_tegra.so
04-11 03:42:01.559 30193 30214 D libEGL  : loaded /system/lib/egl/libGLESv1_CM_tegra.so
04-11 03:42:01.566 30193 30193 V threaded_app: WindowFocusChanged: 0x42230e08 -- 1
04-11 03:42:01.597   448   473 I ActivityManager: Displayed com.example.sonicdash_stage1/android.app.NativeActivity: +725ms
04-11 03:42:01.603 30193 30214 D libEGL  : loaded /system/lib/egl/libGLESv2_tegra.so
04-11 03:42:01.652 30193 30214 I native-activity: EGL information on display 0x1
04-11 03:42:01.652 30193 30214 I native-activity: 		EGL_VENDOR: Android
04-11 03:42:01.652 30193 30214 I native-activity: 		EGL_VERSION: 1.4 Android META-EGL
04-11 03:42:01.652 30193 30214 I native-activity: 		EGL_CLIENT_APIS: OpenGL_ES
04-11 03:42:01.652 30193 30214 I native-activity: 		EGL_EXTENSIONS: EGL_KHR_get_all_proc_addresses EGL_ANDROID_presentation_time EGL_KHR_image EGL_KHR_image_base EGL_KHR_image_pixmap EGL_KHR_lock_surface EGL_KHR_gl_texture_2D_image EGL_KHR_gl_texture_cubemap_image EGL_KHR_gl_renderbuffer_image EGL_KHR_fence_sync EGL_EXT_create_context_robustness EGL_NV_system_time EGL_ANDROID_image_native_buffer EGL_ANDROID_recordable 
04-11 03:42:01.652 30193 30214 D native-activity: EGL configurations 50
04-11 03:42:01.652 30193 30214 D native-activity: 	Config 0xcaf329 index 0
04-11 03:42:01.652 30193 30214 V native-activity: 		EGL_CONFIG_ID: 1
04-11 03:42:01.652 30193 30214 V native-activity: 		EGL_CONFORMANT: 5 EGL_OPENGL_ES_BIT, EGL_OPENGL_ES2_BIT,
04-11 03:42:01.652 30193 30214 V native-activity: 		EGL_CONFIG_CAVEAT: 12344 EGL_NONE,
04-11 03:42:01.653 30193 30214 V native-activity: 		EGL_RENDERABLE_TYPE: 5 EGL_OPENGL_ES_BIT, EGL_OPENGL_ES2_BIT,
04-11 03:42:01.653 30193 30214 V native-activity: 		EGL_SURFACE_TYPE: 3175 EGL_PBUFFER_BIT, EGL_PIXMAP_BIT, EGL_SWAP_BEHAVIOR_PRESERVED_BIT, EGL_VG_ALPHA_FORMAT_PRE_BIT, EGL_VG_COLORSPACE_LINEAR_BIT, EGL_WINDOW_BIT,
04-11 03:42:01.653 30193 30214 V native-activity: 		EGL_LEVEL: 0
04-11 03:42:01.653 30193 30214 V native-activity: 		EGL_COLOR_BUFFER_TYPE: 12430 EGL_RGB_BUFFER,
04-11 03:42:01.653 30193 30214 V native-activity: 		EGL_BUFFER_SIZE: 32
04-11 03:42:01.653 30193 30214 V native-activity: 		EGL_SAMPLES: 0
04-11 03:42:01.653 30193 30214 V native-activity: 		EGL_SAMPLE_BUFFERS: 0
04-11 03:42:01.653 30193 30214 V native-activity: 		EGL_RED_SIZE: 8
04-11 03:42:01.653 30193 30214 V native-activity: 		EGL_GREEN_SIZE: 8
04-11 03:42:01.653 30193 30214 V native-activity: 		EGL_BLUE_SIZE: 8
04-11 03:42:01.653 30193 30214 V native-activity: 		EGL_ALPHA_SIZE: 8
04-11 03:42:01.653 30193 30214 V native-activity: 		EGL_ALPHA_MASK_SIZE: 8
04-11 03:42:01.653 30193 30214 V native-activity: 		EGL_LUMINANCE_SIZE: 0
04-11 03:42:01.653 30193 30214 V native-activity: 		EGL_TRANSPARENT_TYPE: 12344 EGL_NONE,
04-11 03:42:01.653 30193 30214 V native-activity: 		EGL_TRANSPARENT_RED_VALUE: 0
04-11 03:42:01.653 30193 30214 V native-activity: 		EGL_TRANSPARENT_GREEN_VALUE: 0
04-11 03:42:01.653 30193 30214 V native-activity: 		EGL_TRANSPARENT_BLUE_VALUE: 0
04-11 03:42:01.653 30193 30214 V native-activity: 		EGL_STENCIL_SIZE: 8
04-11 03:42:01.653 30193 30214 V native-activity: 		EGL_DEPTH_SIZE: 16
04-11 03:42:01.653 30193 30214 V native-activity: 		EGL_BIND_TO_TEXTURE_RGB: 0
04-11 03:42:01.653 30193 30214 V native-activity: 		EGL_BIND_TO_TEXTURE_RGBA: 0
04-11 03:42:01.653 30193 30214 V native-activity: 		EGL_MIN_SWAP_INTERVAL: 0
04-11 03:42:01.653 30193 30214 V native-activity: 		EGL_MAX_SWAP_INTERVAL: 1
04-11 03:42:01.653 30193 30214 V native-activity: 		EGL_MAX_PBUFFER_WIDTH: 2048
04-11 03:42:01.653 30193 30214 V native-activity: 		EGL_MAX_PBUFFER_HEIGHT: 2048
04-11 03:42:01.653 30193 30214 D native-activity: 	Config 0xcaf32a index 1
04-11 03:42:01.653 30193 30214 V native-activity: 		EGL_CONFIG_ID: 2
04-11 03:42:01.653 30193 30214 V native-activity: 		EGL_CONFORMANT: 5 EGL_OPENGL_ES_BIT, EGL_OPENGL_ES2_BIT,
04-11 03:42:01.653 30193 30214 V native-activity: 		EGL_CONFIG_CAVEAT: 12344 EGL_NONE,
04-11 03:42:01.653 30193 30214 V native-activity: 		EGL_RENDERABLE_TYPE: 5 EGL_OPENGL_ES_BIT, EGL_OPENGL_ES2_BIT,
04-11 03:42:01.653 30193 30214 V native-activity: 		EGL_SURFACE_TYPE: 3175 EGL_PBUFFER_BIT, EGL_PIXMAP_BIT, EGL_SWAP_BEHAVIOR_PRESERVED_BIT, EGL_VG_ALPHA_FORMAT_PRE_BIT, EGL_VG_COLORSPACE_LINEAR_BIT, EGL_WINDOW_BIT,
04-11 03:42:01.653 30193 30214 V native-activity: 		EGL_LEVEL: 0
04-11 03:42:01.653 30193 30214 V native-activity: 		EGL_COLOR_BUFFER_TYPE: 12430 EGL_RGB_BUFFER,
04-11 03:42:01.653 30193 30214 V native-activity: 		EGL_BUFFER_SIZE: 32
04-11 03:42:01.653 30193 30214 V native-activity: 		EGL_SAMPLES: 0
04-11 03:42:01.653 30193 30214 V native-activity: 		EGL_SAMPLE_BUFFERS: 0
04-11 03:42:01.653 30193 30214 V native-activity: 		EGL_RED_SIZE: 8
04-11 03:42:01.653 30193 30214 V native-activity: 		EGL_GREEN_SIZE: 8
04-11 03:42:01.653 30193 30214 V native-activity: 		EGL_BLUE_SIZE: 8
04-11 03:42:01.653 30193 30214 V native-activity: 		EGL_ALPHA_SIZE: 8
04-11 03:42:01.653 30193 30214 V native-activity: 		EGL_ALPHA_MASK_SIZE: 8
04-11 03:42:01.653 30193 30214 V native-activity: 		EGL_LUMINANCE_SIZE: 0
04-11 03:42:01.653 30193 30214 V native-activity: 		EGL_TRANSPARENT_TYPE: 12344 EGL_NONE,
04-11 03:42:01.653 30193 30214 V native-activity: 		EGL_TRANSPARENT_RED_VALUE: 0
04-11 03:42:01.653 30193 30214 V native-activity: 		EGL_TRANSPARENT_GREEN_VALUE: 0
04-11 03:42:01.653 30193 30214 V native-activity: 		EGL_TRANSPARENT_BLUE_VALUE: 0
04-11 03:42:01.653 30193 30214 V native-activity: 		EGL_STENCIL_SIZE: 0
04-11 03:42:01.653 30193 30214 V native-activity: 		EGL_DEPTH_SIZE: 16
04-11 03:42:01.653 30193 30214 V native-activity: 		EGL_BIND_TO_TEXTURE_RGB: 0
04-11 03:42:01.653 30193 30214 V native-activity: 		EGL_BIND_TO_TEXTURE_RGBA: 0
04-11 03:42:01.653 30193 30214 V native-activity: 		EGL_MIN_SWAP_INTERVAL: 0
04-11 03:42:01.653 30193 30214 V native-activity: 		EGL_MAX_SWAP_INTERVAL: 1
04-11 03:42:01.653 30193 30214 V native-activity: 		EGL_MAX_PBUFFER_WIDTH: 2048
04-11 03:42:01.653 30193 30214 V native-activity: 		EGL_MAX_PBUFFER_HEIGHT: 2048
04-11 03:42:01.653 30193 30214 D native-activity: 	Config 0xcaf32b index 2
04-11 03:42:01.653 30193 30214 V native-activity: 		EGL_CONFIG_ID: 3
04-11 03:42:01.653 30193 30214 V native-activity: 		EGL_CONFORMANT: 5 EGL_OPENGL_ES_BIT, EGL_OPENGL_ES2_BIT,
04-11 03:42:01.654 30193 30214 V native-activity: 		EGL_CONFIG_CAVEAT: 12344 EGL_NONE,
04-11 03:42:01.654 30193 30214 V native-activity: 		EGL_RENDERABLE_TYPE: 5 EGL_OPENGL_ES_BIT, EGL_OPENGL_ES2_BIT,
04-11 03:42:01.654 30193 30214 V native-activity: 		EGL_SURFACE_TYPE: 3175 EGL_PBUFFER_BIT, EGL_PIXMAP_BIT, EGL_SWAP_BEHAVIOR_PRESERVED_BIT, EGL_VG_ALPHA_FORMAT_PRE_BIT, EGL_VG_COLORSPACE_LINEAR_BIT, EGL_WINDOW_BIT,
04-11 03:42:01.654 30193 30214 V native-activity: 		EGL_LEVEL: 0
04-11 03:42:01.654 30193 30214 V native-activity: 		EGL_COLOR_BUFFER_TYPE: 12430 EGL_RGB_BUFFER,
04-11 03:42:01.654 30193 30214 V native-activity: 		EGL_BUFFER_SIZE: 32
04-11 03:42:01.654 30193 30214 V native-activity: 		EGL_SAMPLES: 0
04-11 03:42:01.654 30193 30214 V native-activity: 		EGL_SAMPLE_BUFFERS: 0
04-11 03:42:01.654 30193 30214 V native-activity: 		EGL_RED_SIZE: 8
04-11 03:42:01.654 30193 30214 V native-activity: 		EGL_GREEN_SIZE: 8
04-11 03:42:01.654 30193 30214 V native-activity: 		EGL_BLUE_SIZE: 8
04-11 03:42:01.654 30193 30214 V native-activity: 		EGL_ALPHA_SIZE: 8
04-11 03:42:01.654 30193 30214 V native-activity: 		EGL_ALPHA_MASK_SIZE: 8
04-11 03:42:01.654 30193 30214 V native-activity: 		EGL_LUMINANCE_SIZE: 0
04-11 03:42:01.654 30193 30214 V native-activity: 		EGL_TRANSPARENT_TYPE: 12344 EGL_NONE,
04-11 03:42:01.654 30193 30214 V native-activity: 		EGL_TRANSPARENT_RED_VALUE: 0
04-11 03:42:01.654 30193 30214 V native-activity: 		EGL_TRANSPARENT_GREEN_VALUE: 0
04-11 03:42:01.654 30193 30214 V native-activity: 		EGL_TRANSPARENT_BLUE_VALUE: 0
04-11 03:42:01.654 30193 30214 V native-activity: 		EGL_STENCIL_SIZE: 8
04-11 03:42:01.654 30193 30214 V native-activity: 		EGL_DEPTH_SIZE: 0
04-11 03:42:01.654 30193 30214 V native-activity: 		EGL_BIND_TO_TEXTURE_RGB: 0
04-11 03:42:01.654 30193 30214 V native-activity: 		EGL_BIND_TO_TEXTURE_RGBA: 0
04-11 03:42:01.654 30193 30214 V native-activity: 		EGL_MIN_SWAP_INTERVAL: 0
04-11 03:42:01.654 30193 30214 V native-activity: 		EGL_MAX_SWAP_INTERVAL: 1
04-11 03:42:01.654 30193 30214 V native-activity: 		EGL_MAX_PBUFFER_WIDTH: 2048
04-11 03:42:01.654 30193 30214 V native-activity: 		EGL_MAX_PBUFFER_HEIGHT: 2048
04-11 03:42:01.654 30193 30214 D native-activity: 	Config 0xcaf32c index 3
04-11 03:42:01.654 30193 30214 V native-activity: 		EGL_CONFIG_ID: 4
04-11 03:42:01.654 30193 30214 V native-activity: 		EGL_CONFORMANT: 5 EGL_OPENGL_ES_BIT, EGL_OPENGL_ES2_BIT,
04-11 03:42:01.654 30193 30214 V native-activity: 		EGL_CONFIG_CAVEAT: 12344 EGL_NONE,
04-11 03:42:01.654 30193 30214 V native-activity: 		EGL_RENDERABLE_TYPE: 5 EGL_OPENGL_ES_BIT, EGL_OPENGL_ES2_BIT,
04-11 03:42:01.654 30193 30214 V native-activity: 		EGL_SURFACE_TYPE: 3175 EGL_PBUFFER_BIT, EGL_PIXMAP_BIT, EGL_SWAP_BEHAVIOR_PRESERVED_BIT, EGL_VG_ALPHA_FORMAT_PRE_BIT, EGL_VG_COLORSPACE_LINEAR_BIT, EGL_WINDOW_BIT,
04-11 03:42:01.654 30193 30214 V native-activity: 		EGL_LEVEL: 0
04-11 03:42:01.654 30193 30214 V native-activity: 		EGL_COLOR_BUFFER_TYPE: 12430 EGL_RGB_BUFFER,
04-11 03:42:01.654 30193 30214 V native-activity: 		EGL_BUFFER_SIZE: 32
04-11 03:42:01.654 30193 30214 V native-activity: 		EGL_SAMPLES: 0
04-11 03:42:01.654 30193 30214 V native-activity: 		EGL_SAMPLE_BUFFERS: 0
04-11 03:42:01.654 30193 30214 V native-activity: 		EGL_RED_SIZE: 8
04-11 03:42:01.654 30193 30214 V native-activity: 		EGL_GREEN_SIZE: 8
04-11 03:42:01.654 30193 30214 V native-activity: 		EGL_BLUE_SIZE: 8
04-11 03:42:01.654 30193 30214 V native-activity: 		EGL_ALPHA_SIZE: 8
04-11 03:42:01.654 30193 30214 V native-activity: 		EGL_ALPHA_MASK_SIZE: 8
04-11 03:42:01.654 30193 30214 V native-activity: 		EGL_LUMINANCE_SIZE: 0
04-11 03:42:01.654 30193 30214 V native-activity: 		EGL_TRANSPARENT_TYPE: 12344 EGL_NONE,
04-11 03:42:01.654 30193 30214 V native-activity: 		EGL_TRANSPARENT_RED_VALUE: 0
04-11 03:42:01.654 30193 30214 V native-activity: 		EGL_TRANSPARENT_GREEN_VALUE: 0
04-11 03:42:01.654 30193 30214 V native-activity: 		EGL_TRANSPARENT_BLUE_VALUE: 0
04-11 03:42:01.654 30193 30214 V native-activity: 		EGL_STENCIL_SIZE: 0
04-11 03:42:01.654 30193 30214 V native-activity: 		EGL_DEPTH_SIZE: 0
04-11 03:42:01.654 30193 30214 V native-activity: 		EGL_BIND_TO_TEXTURE_RGB: 0
04-11 03:42:01.654 30193 30214 V native-activity: 		EGL_BIND_TO_TEXTURE_RGBA: 0
04-11 03:42:01.654 30193 30214 V native-activity: 		EGL_MIN_SWAP_INTERVAL: 0
04-11 03:42:01.654 30193 30214 V native-activity: 		EGL_MAX_SWAP_INTERVAL: 1
04-11 03:42:01.654 30193 30214 V native-activity: 		EGL_MAX_PBUFFER_WIDTH: 2048
04-11 03:42:01.654 30193 30214 V native-activity: 		EGL_MAX_PBUFFER_HEIGHT: 2048
04-11 03:42:01.654 30193 30214 D native-activity: 	Config 0xcaf32d index 4
04-11 03:42:01.655 30193 30214 V native-activity: 		EGL_CONFIG_ID: 5
04-11 03:42:01.655 30193 30214 V native-activity: 		EGL_CONFORMANT: 5 EGL_OPENGL_ES_BIT, EGL_OPENGL_ES2_BIT,
04-11 03:42:01.655 30193 30214 V native-activity: 		EGL_CONFIG_CAVEAT: 12344 EGL_NONE,
04-11 03:42:01.655 30193 30214 V native-activity: 		EGL_RENDERABLE_TYPE: 5 EGL_OPENGL_ES_BIT, EGL_OPENGL_ES2_BIT,
04-11 03:42:01.655 30193 30214 V native-activity: 		EGL_SURFACE_TYPE: 3175 EGL_PBUFFER_BIT, EGL_PIXMAP_BIT, EGL_SWAP_BEHAVIOR_PRESERVED_BIT, EGL_VG_ALPHA_FORMAT_PRE_BIT, EGL_VG_COLORSPACE_LINEAR_BIT, EGL_WINDOW_BIT,
04-11 03:42:01.655 30193 30214 V native-activity: 		EGL_LEVEL: 0
04-11 03:42:01.655 30193 30214 V native-activity: 		EGL_COLOR_BUFFER_TYPE: 12430 EGL_RGB_BUFFER,
04-11 03:42:01.655 30193 30214 V native-activity: 		EGL_BUFFER_SIZE: 32
04-11 03:42:01.655 30193 30214 V native-activity: 		EGL_SAMPLES: 0
04-11 03:42:01.655 30193 30214 V native-activity: 		EGL_SAMPLE_BUFFERS: 0
04-11 03:42:01.655 30193 30214 V native-activity: 		EGL_RED_SIZE: 8
04-11 03:42:01.655 30193 30214 V native-activity: 		EGL_GREEN_SIZE: 8
04-11 03:42:01.655 30193 30214 V native-activity: 		EGL_BLUE_SIZE: 8
04-11 03:42:01.655 30193 30214 V native-activity: 		EGL_ALPHA_SIZE: 0
04-11 03:42:01.655 30193 30214 V native-activity: 		EGL_ALPHA_MASK_SIZE: 8
04-11 03:42:01.655 30193 30214 V native-activity: 		EGL_LUMINANCE_SIZE: 0
04-11 03:42:01.655 30193 30214 V native-activity: 		EGL_TRANSPARENT_TYPE: 12344 EGL_NONE,
04-11 03:42:01.655 30193 30214 V native-activity: 		EGL_TRANSPARENT_RED_VALUE: 0
04-11 03:42:01.655 30193 30214 V native-activity: 		EGL_TRANSPARENT_GREEN_VALUE: 0
04-11 03:42:01.655 30193 30214 V native-activity: 		EGL_TRANSPARENT_BLUE_VALUE: 0
04-11 03:42:01.655 30193 30214 V native-activity: 		EGL_STENCIL_SIZE: 0
04-11 03:42:01.655 30193 30214 V native-activity: 		EGL_DEPTH_SIZE: 0
04-11 03:42:01.655 30193 30214 V native-activity: 		EGL_BIND_TO_TEXTURE_RGB: 0
04-11 03:42:01.655 30193 30214 V native-activity: 		EGL_BIND_TO_TEXTURE_RGBA: 0
04-11 03:42:01.655 30193 30214 V native-activity: 		EGL_MIN_SWAP_INTERVAL: 0
04-11 03:42:01.655 30193 30214 V native-activity: 		EGL_MAX_SWAP_INTERVAL: 1
04-11 03:42:01.655 30193 30214 V native-activity: 		EGL_MAX_PBUFFER_WIDTH: 2048
04-11 03:42:01.655 30193 30214 V native-activity: 		EGL_MAX_PBUFFER_HEIGHT: 2048
04-11 03:42:01.655 30193 30214 D native-activity: 	Config 0xcaf32e index 5
04-11 03:42:01.655 30193 30214 V native-activity: 		EGL_CONFIG_ID: 8
04-11 03:42:01.655 30193 30214 V native-activity: 		EGL_CONFORMANT: 5 EGL_OPENGL_ES_BIT, EGL_OPENGL_ES2_BIT,
04-11 03:42:01.655 30193 30214 V native-activity: 		EGL_CONFIG_CAVEAT: 12344 EGL_NONE,
04-11 03:42:01.655 30193 30214 V native-activity: 		EGL_RENDERABLE_TYPE: 5 EGL_OPENGL_ES_BIT, EGL_OPENGL_ES2_BIT,
04-11 03:42:01.655 30193 30214 V native-activity: 		EGL_SURFACE_TYPE: 3175 EGL_PBUFFER_BIT, EGL_PIXMAP_BIT, EGL_SWAP_BEHAVIOR_PRESERVED_BIT, EGL_VG_ALPHA_FORMAT_PRE_BIT, EGL_VG_COLORSPACE_LINEAR_BIT, EGL_WINDOW_BIT,
04-11 03:42:01.655 30193 30214 V native-activity: 		EGL_LEVEL: 0
04-11 03:42:01.655 30193 30214 V native-activity: 		EGL_COLOR_BUFFER_TYPE: 12430 EGL_RGB_BUFFER,
04-11 03:42:01.655 30193 30214 V native-activity: 		EGL_BUFFER_SIZE: 16
04-11 03:42:01.655 30193 30214 V native-activity: 		EGL_SAMPLES: 0
04-11 03:42:01.655 30193 30214 V native-activity: 		EGL_SAMPLE_BUFFERS: 0
04-11 03:42:01.655 30193 30214 V native-activity: 		EGL_RED_SIZE: 5
04-11 03:42:01.655 30193 30214 V native-activity: 		EGL_GREEN_SIZE: 6
04-11 03:42:01.655 30193 30214 V native-activity: 		EGL_BLUE_SIZE: 5
04-11 03:42:01.655 30193 30214 V native-activity: 		EGL_ALPHA_SIZE: 0
04-11 03:42:01.655 30193 30214 V native-activity: 		EGL_ALPHA_MASK_SIZE: 8
04-11 03:42:01.655 30193 30214 V native-activity: 		EGL_LUMINANCE_SIZE: 0
04-11 03:42:01.655 30193 30214 V native-activity: 		EGL_TRANSPARENT_TYPE: 12344 EGL_NONE,
04-11 03:42:01.655 30193 30214 V native-activity: 		EGL_TRANSPARENT_RED_VALUE: 0
04-11 03:42:01.655 30193 30214 V native-activity: 		EGL_TRANSPARENT_GREEN_VALUE: 0
04-11 03:42:01.655 30193 30214 V native-activity: 		EGL_TRANSPARENT_BLUE_VALUE: 0
04-11 03:42:01.655 30193 30214 V native-activity: 		EGL_STENCIL_SIZE: 8
04-11 03:42:01.655 30193 30214 V native-activity: 		EGL_DEPTH_SIZE: 16
04-11 03:42:01.655 30193 30214 V native-activity: 		EGL_BIND_TO_TEXTURE_RGB: 0
04-11 03:42:01.655 30193 30214 V native-activity: 		EGL_BIND_TO_TEXTURE_RGBA: 0
04-11 03:42:01.655 30193 30214 V native-activity: 		EGL_MIN_SWAP_INTERVAL: 0
04-11 03:42:01.655 30193 30214 V native-activity: 		EGL_MAX_SWAP_INTERVAL: 1
04-11 03:42:01.655 30193 30214 V native-activity: 		EGL_MAX_PBUFFER_WIDTH: 2048
04-11 03:42:01.656 30193 30214 V native-activity: 		EGL_MAX_PBUFFER_HEIGHT: 2048
04-11 03:42:01.656 30193 30214 D native-activity: 	Config 0xcaf32f index 6
04-11 03:42:01.656 30193 30214 V native-activity: 		EGL_CONFIG_ID: 9
04-11 03:42:01.656 30193 30214 V native-activity: 		EGL_CONFORMANT: 5 EGL_OPENGL_ES_BIT, EGL_OPENGL_ES2_BIT,
04-11 03:42:01.656 30193 30214 V native-activity: 		EGL_CONFIG_CAVEAT: 12344 EGL_NONE,
04-11 03:42:01.656 30193 30214 V native-activity: 		EGL_RENDERABLE_TYPE: 5 EGL_OPENGL_ES_BIT, EGL_OPENGL_ES2_BIT,
04-11 03:42:01.656 30193 30214 V native-activity: 		EGL_SURFACE_TYPE: 3175 EGL_PBUFFER_BIT, EGL_PIXMAP_BIT, EGL_SWAP_BEHAVIOR_PRESERVED_BIT, EGL_VG_ALPHA_FORMAT_PRE_BIT, EGL_VG_COLORSPACE_LINEAR_BIT, EGL_WINDOW_BIT,
04-11 03:42:01.656 30193 30214 V native-activity: 		EGL_LEVEL: 0
04-11 03:42:01.656 30193 30214 V native-activity: 		EGL_COLOR_BUFFER_TYPE: 12430 EGL_RGB_BUFFER,
04-11 03:42:01.656 30193 30214 V native-activity: 		EGL_BUFFER_SIZE: 16
04-11 03:42:01.656 30193 30214 V native-activity: 		EGL_SAMPLES: 0
04-11 03:42:01.656 30193 30214 V native-activity: 		EGL_SAMPLE_BUFFERS: 0
04-11 03:42:01.656 30193 30214 V native-activity: 		EGL_RED_SIZE: 5
04-11 03:42:01.656 30193 30214 V native-activity: 		EGL_GREEN_SIZE: 6
04-11 03:42:01.656 30193 30214 V native-activity: 		EGL_BLUE_SIZE: 5
04-11 03:42:01.656 30193 30214 V native-activity: 		EGL_ALPHA_SIZE: 0
04-11 03:42:01.656 30193 30214 V native-activity: 		EGL_ALPHA_MASK_SIZE: 8
04-11 03:42:01.656 30193 30214 V native-activity: 		EGL_LUMINANCE_SIZE: 0
04-11 03:42:01.656 30193 30214 V native-activity: 		EGL_TRANSPARENT_TYPE: 12344 EGL_NONE,
04-11 03:42:01.656 30193 30214 V native-activity: 		EGL_TRANSPARENT_RED_VALUE: 0
04-11 03:42:01.656 30193 30214 V native-activity: 		EGL_TRANSPARENT_GREEN_VALUE: 0
04-11 03:42:01.656 30193 30214 V native-activity: 		EGL_TRANSPARENT_BLUE_VALUE: 0
04-11 03:42:01.656 30193 30214 V native-activity: 		EGL_STENCIL_SIZE: 0
04-11 03:42:01.656 30193 30214 V native-activity: 		EGL_DEPTH_SIZE: 16
04-11 03:42:01.656 30193 30214 V native-activity: 		EGL_BIND_TO_TEXTURE_RGB: 0
04-11 03:42:01.656 30193 30214 V native-activity: 		EGL_BIND_TO_TEXTURE_RGBA: 0
04-11 03:42:01.656 30193 30214 V native-activity: 		EGL_MIN_SWAP_INTERVAL: 0
04-11 03:42:01.656 30193 30214 V native-activity: 		EGL_MAX_SWAP_INTERVAL: 1
04-11 03:42:01.656 30193 30214 V native-activity: 		EGL_MAX_PBUFFER_WIDTH: 2048
04-11 03:42:01.656 30193 30214 V native-activity: 		EGL_MAX_PBUFFER_HEIGHT: 2048
04-11 03:42:01.656 30193 30214 D native-activity: 	Config 0xcaf330 index 7
04-11 03:42:01.656 30193 30214 V native-activity: 		EGL_CONFIG_ID: 10
04-11 03:42:01.656 30193 30214 V native-activity: 		EGL_CONFORMANT: 5 EGL_OPENGL_ES_BIT, EGL_OPENGL_ES2_BIT,
04-11 03:42:01.656 30193 30214 V native-activity: 		EGL_CONFIG_CAVEAT: 12344 EGL_NONE,
04-11 03:42:01.656 30193 30214 V native-activity: 		EGL_RENDERABLE_TYPE: 5 EGL_OPENGL_ES_BIT, EGL_OPENGL_ES2_BIT,
04-11 03:42:01.656 30193 30214 V native-activity: 		EGL_SURFACE_TYPE: 3175 EGL_PBUFFER_BIT, EGL_PIXMAP_BIT, EGL_SWAP_BEHAVIOR_PRESERVED_BIT, EGL_VG_ALPHA_FORMAT_PRE_BIT, EGL_VG_COLORSPACE_LINEAR_BIT, EGL_WINDOW_BIT,
04-11 03:42:01.656 30193 30214 V native-activity: 		EGL_LEVEL: 0
04-11 03:42:01.656 30193 30214 V native-activity: 		EGL_COLOR_BUFFER_TYPE: 12430 EGL_RGB_BUFFER,
04-11 03:42:01.656 30193 30214 V native-activity: 		EGL_BUFFER_SIZE: 16
04-11 03:42:01.656 30193 30214 V native-activity: 		EGL_SAMPLES: 0
04-11 03:42:01.656 30193 30214 V native-activity: 		EGL_SAMPLE_BUFFERS: 0
04-11 03:42:01.656 30193 30214 V native-activity: 		EGL_RED_SIZE: 5
04-11 03:42:01.656 30193 30214 V native-activity: 		EGL_GREEN_SIZE: 6
04-11 03:42:01.656 30193 30214 V native-activity: 		EGL_BLUE_SIZE: 5
04-11 03:42:01.656 30193 30214 V native-activity: 		EGL_ALPHA_SIZE: 0
04-11 03:42:01.656 30193 30214 V native-activity: 		EGL_ALPHA_MASK_SIZE: 8
04-11 03:42:01.656 30193 30214 V native-activity: 		EGL_LUMINANCE_SIZE: 0
04-11 03:42:01.656 30193 30214 V native-activity: 		EGL_TRANSPARENT_TYPE: 12344 EGL_NONE,
04-11 03:42:01.656 30193 30214 V native-activity: 		EGL_TRANSPARENT_RED_VALUE: 0
04-11 03:42:01.656 30193 30214 V native-activity: 		EGL_TRANSPARENT_GREEN_VALUE: 0
04-11 03:42:01.656 30193 30214 V native-activity: 		EGL_TRANSPARENT_BLUE_VALUE: 0
04-11 03:42:01.656 30193 30214 V native-activity: 		EGL_STENCIL_SIZE: 8
04-11 03:42:01.656 30193 30214 V native-activity: 		EGL_DEPTH_SIZE: 0
04-11 03:42:01.656 30193 30214 V native-activity: 		EGL_BIND_TO_TEXTURE_RGB: 0
04-11 03:42:01.656 30193 30214 V native-activity: 		EGL_BIND_TO_TEXTURE_RGBA: 0
04-11 03:42:01.656 30193 30214 V native-activity: 		EGL_MIN_SWAP_INTERVAL: 0
04-11 03:42:01.657 30193 30214 V native-activity: 		EGL_MAX_SWAP_INTERVAL: 1
04-11 03:42:01.657 30193 30214 V native-activity: 		EGL_MAX_PBUFFER_WIDTH: 2048
04-11 03:42:01.657 30193 30214 V native-activity: 		EGL_MAX_PBUFFER_HEIGHT: 2048
04-11 03:42:01.657 30193 30214 D native-activity: 	Config 0xcaf331 index 8
04-11 03:42:01.657 30193 30214 V native-activity: 		EGL_CONFIG_ID: 11
04-11 03:42:01.657 30193 30214 V native-activity: 		EGL_CONFORMANT: 5 EGL_OPENGL_ES_BIT, EGL_OPENGL_ES2_BIT,
04-11 03:42:01.657 30193 30214 V native-activity: 		EGL_CONFIG_CAVEAT: 12344 EGL_NONE,
04-11 03:42:01.657 30193 30214 V native-activity: 		EGL_RENDERABLE_TYPE: 5 EGL_OPENGL_ES_BIT, EGL_OPENGL_ES2_BIT,
04-11 03:42:01.657 30193 30214 V native-activity: 		EGL_SURFACE_TYPE: 3175 EGL_PBUFFER_BIT, EGL_PIXMAP_BIT, EGL_SWAP_BEHAVIOR_PRESERVED_BIT, EGL_VG_ALPHA_FORMAT_PRE_BIT, EGL_VG_COLORSPACE_LINEAR_BIT, EGL_WINDOW_BIT,
04-11 03:42:01.657 30193 30214 V native-activity: 		EGL_LEVEL: 0
04-11 03:42:01.657 30193 30214 V native-activity: 		EGL_COLOR_BUFFER_TYPE: 12430 EGL_RGB_BUFFER,
04-11 03:42:01.657 30193 30214 V native-activity: 		EGL_BUFFER_SIZE: 16
04-11 03:42:01.657 30193 30214 V native-activity: 		EGL_SAMPLES: 0
04-11 03:42:01.657 30193 30214 V native-activity: 		EGL_SAMPLE_BUFFERS: 0
04-11 03:42:01.657 30193 30214 V native-activity: 		EGL_RED_SIZE: 5
04-11 03:42:01.657 30193 30214 V native-activity: 		EGL_GREEN_SIZE: 6
04-11 03:42:01.657 30193 30214 V native-activity: 		EGL_BLUE_SIZE: 5
04-11 03:42:01.657 30193 30214 V native-activity: 		EGL_ALPHA_SIZE: 0
04-11 03:42:01.657 30193 30214 V native-activity: 		EGL_ALPHA_MASK_SIZE: 8
04-11 03:42:01.657 30193 30214 V native-activity: 		EGL_LUMINANCE_SIZE: 0
04-11 03:42:01.657 30193 30214 V native-activity: 		EGL_TRANSPARENT_TYPE: 12344 EGL_NONE,
04-11 03:42:01.657 30193 30214 V native-activity: 		EGL_TRANSPARENT_RED_VALUE: 0
04-11 03:42:01.657 30193 30214 V native-activity: 		EGL_TRANSPARENT_GREEN_VALUE: 0
04-11 03:42:01.657 30193 30214 V native-activity: 		EGL_TRANSPARENT_BLUE_VALUE: 0
04-11 03:42:01.657 30193 30214 V native-activity: 		EGL_STENCIL_SIZE: 0
04-11 03:42:01.657 30193 30214 V native-activity: 		EGL_DEPTH_SIZE: 0
04-11 03:42:01.657 30193 30214 V native-activity: 		EGL_BIND_TO_TEXTURE_RGB: 0
04-11 03:42:01.657 30193 30214 V native-activity: 		EGL_BIND_TO_TEXTURE_RGBA: 0
04-11 03:42:01.657 30193 30214 V native-activity: 		EGL_MIN_SWAP_INTERVAL: 0
04-11 03:42:01.657 30193 30214 V native-activity: 		EGL_MAX_SWAP_INTERVAL: 1
04-11 03:42:01.657 30193 30214 V native-activity: 		EGL_MAX_PBUFFER_WIDTH: 2048
04-11 03:42:01.657 30193 30214 V native-activity: 		EGL_MAX_PBUFFER_HEIGHT: 2048
04-11 03:42:01.657 30193 30214 D native-activity: 	Config 0xcaf332 index 9
04-11 03:42:01.657 30193 30214 V native-activity: 		EGL_CONFIG_ID: 12
04-11 03:42:01.657 30193 30214 V native-activity: 		EGL_CONFORMANT: 5 EGL_OPENGL_ES_BIT, EGL_OPENGL_ES2_BIT,
04-11 03:42:01.657 30193 30214 V native-activity: 		EGL_CONFIG_CAVEAT: 12344 EGL_NONE,
04-11 03:42:01.657 30193 30214 V native-activity: 		EGL_RENDERABLE_TYPE: 5 EGL_OPENGL_ES_BIT, EGL_OPENGL_ES2_BIT,
04-11 03:42:01.657 30193 30214 V native-activity: 		EGL_SURFACE_TYPE: 97 EGL_PBUFFER_BIT, EGL_VG_ALPHA_FORMAT_PRE_BIT, EGL_VG_COLORSPACE_LINEAR_BIT,
04-11 03:42:01.657 30193 30214 V native-activity: 		EGL_LEVEL: 0
04-11 03:42:01.657 30193 30214 V native-activity: 		EGL_COLOR_BUFFER_TYPE: 12430 EGL_RGB_BUFFER,
04-11 03:42:01.657 30193 30214 V native-activity: 		EGL_BUFFER_SIZE: 16
04-11 03:42:01.657 30193 30214 V native-activity: 		EGL_SAMPLES: 0
04-11 03:42:01.657 30193 30214 V native-activity: 		EGL_SAMPLE_BUFFERS: 0
04-11 03:42:01.657 30193 30214 V native-activity: 		EGL_RED_SIZE: 4
04-11 03:42:01.657 30193 30214 V native-activity: 		EGL_GREEN_SIZE: 4
04-11 03:42:01.657 30193 30214 V native-activity: 		EGL_BLUE_SIZE: 4
04-11 03:42:01.657 30193 30214 V native-activity: 		EGL_ALPHA_SIZE: 4
04-11 03:42:01.657 30193 30214 V native-activity: 		EGL_ALPHA_MASK_SIZE: 8
04-11 03:42:01.657 30193 30214 V native-activity: 		EGL_LUMINANCE_SIZE: 0
04-11 03:42:01.657 30193 30214 V native-activity: 		EGL_TRANSPARENT_TYPE: 12344 EGL_NONE,
04-11 03:42:01.657 30193 30214 V native-activity: 		EGL_TRANSPARENT_RED_VALUE: 0
04-11 03:42:01.657 30193 30214 V native-activity: 		EGL_TRANSPARENT_GREEN_VALUE: 0
04-11 03:42:01.657 30193 30214 V native-activity: 		EGL_TRANSPARENT_BLUE_VALUE: 0
04-11 03:42:01.657 30193 30214 V native-activity: 		EGL_STENCIL_SIZE: 8
04-11 03:42:01.657 30193 30214 V native-activity: 		EGL_DEPTH_SIZE: 16
04-11 03:42:01.657 30193 30214 V native-activity: 		EGL_BIND_TO_TEXTURE_RGB: 0
04-11 03:42:01.658 30193 30214 V native-activity: 		EGL_BIND_TO_TEXTURE_RGBA: 0
04-11 03:42:01.658 30193 30214 V native-activity: 		EGL_MIN_SWAP_INTERVAL: 0
04-11 03:42:01.658 30193 30214 V native-activity: 		EGL_MAX_SWAP_INTERVAL: 1
04-11 03:42:01.658 30193 30214 V native-activity: 		EGL_MAX_PBUFFER_WIDTH: 2048
04-11 03:42:01.658 30193 30214 V native-activity: 		EGL_MAX_PBUFFER_HEIGHT: 2048
04-11 03:42:01.658 30193 30214 D native-activity: 	Config 0xcaf333 index 10
04-11 03:42:01.658 30193 30214 V native-activity: 		EGL_CONFIG_ID: 13
04-11 03:42:01.658 30193 30214 V native-activity: 		EGL_CONFORMANT: 5 EGL_OPENGL_ES_BIT, EGL_OPENGL_ES2_BIT,
04-11 03:42:01.658 30193 30214 V native-activity: 		EGL_CONFIG_CAVEAT: 12344 EGL_NONE,
04-11 03:42:01.658 30193 30214 V native-activity: 		EGL_RENDERABLE_TYPE: 5 EGL_OPENGL_ES_BIT, EGL_OPENGL_ES2_BIT,
04-11 03:42:01.658 30193 30214 V native-activity: 		EGL_SURFACE_TYPE: 97 EGL_PBUFFER_BIT, EGL_VG_ALPHA_FORMAT_PRE_BIT, EGL_VG_COLORSPACE_LINEAR_BIT,
04-11 03:42:01.658 30193 30214 V native-activity: 		EGL_LEVEL: 0
04-11 03:42:01.658 30193 30214 V native-activity: 		EGL_MIN_SWAP_INTERVAL: 0
04-11 03:42:01.658 30193 30214 V native-activity: 		EGL_MAX_SWAP_INTERVAL: 1
04-11 03:42:01.658 30193 30214 V native-activity: 		EGL_MAX_PBUFFER_HEIGHT: 2048
04-11 03:42:01.658 30193 30214 V native-activity: 		EGL_CONFIG_ID: 14
04-11 03:42:01.658 30193 30214 V native-activity: 		EGL_CONFORMANT: 5 EGL_OPENGL_ES_BIT, EGL_OPENGL_ES2_BIT,
04-11 03:42:01.658 30193 30214 V native-activity: 		EGL_CONFIG_CAVEAT: 12344 EGL_NONE,
04-11 03:42:01.658 30193 30214 V native-activity: 		EGL_RENDERABLE_TYPE: 5 EGL_OPENGL_ES_BIT, EGL_OPENGL_ES2_BIT,
04-11 03:42:01.658 30193 30214 V native-activity: 		EGL_SURFACE_TYPE: 97 EGL_PBUFFER_BIT, EGL_VG_ALPHA_FORMAT_PRE_BIT, EGL_VG_COLORSPACE_LINEAR_BIT,
04-11 03:42:01.658 30193 30214 V native-activity: 		EGL_COLOR_BUFFER_TYPE: 12430 EGL_RGB_BUFFER,
04-11 03:42:01.658 30193 30214 V native-activity: 		EGL_BUFFER_SIZE: 16
04-11 03:42:01.658 30193 30214 V native-activity: 		EGL_SAMPLES: 0
04-11 03:42:01.658 30193 30214 V native-activity: 		EGL_RED_SIZE: 4
04-11 03:42:01.658 30193 30214 V native-activity: 		EGL_GREEN_SIZE: 4
04-11 03:42:01.658 30193 30214 V native-activity: 		EGL_ALPHA_SIZE: 4
04-11 03:42:01.658 30193 30214 V native-activity: 		EGL_ALPHA_MASK_SIZE: 8
04-11 03:42:01.658 30193 30214 V native-activity: 		EGL_LUMINANCE_SIZE: 0
04-11 03:42:01.659 30193 30214 V native-activity: 		EGL_TRANSPARENT_RED_VALUE: 0
04-11 03:42:01.659 30193 30214 V native-activity: 		EGL_TRANSPARENT_GREEN_VALUE: 0
04-11 03:42:01.659 30193 30214 V native-activity: 		EGL_TRANSPARENT_BLUE_VALUE: 0
04-11 03:42:01.659 30193 30214 V native-activity: 		EGL_DEPTH_SIZE: 0
04-11 03:42:01.659 30193 30214 V native-activity: 		EGL_BIND_TO_TEXTURE_RGB: 0
04-11 03:42:01.659 30193 30214 V native-activity: 		EGL_BIND_TO_TEXTURE_RGBA: 0
04-11 03:42:01.659 30193 30214 V native-activity: 		EGL_MAX_SWAP_INTERVAL: 1
04-11 03:42:01.659 30193 30214 V native-activity: 		EGL_MAX_PBUFFER_WIDTH: 2048
04-11 03:42:01.659 30193 30214 V native-activity: 		EGL_MAX_PBUFFER_HEIGHT: 2048
04-11 03:42:01.659 30193 30214 V native-activity: 		EGL_CONFIG_ID: 15
04-11 03:42:01.659 30193 30214 V native-activity: 		EGL_CONFORMANT: 5 EGL_OPENGL_ES_BIT, EGL_OPENGL_ES2_BIT,
04-11 03:42:01.659 30193 30214 V native-activity: 		EGL_RENDERABLE_TYPE: 5 EGL_OPENGL_ES_BIT, EGL_OPENGL_ES2_BIT,
04-11 03:42:01.659 30193 30214 V native-activity: 		EGL_SURFACE_TYPE: 97 EGL_PBUFFER_BIT, EGL_VG_ALPHA_FORMAT_PRE_BIT, EGL_VG_COLORSPACE_LINEAR_BIT,
04-11 03:42:01.659 30193 30214 V native-activity: 		EGL_LEVEL: 0
04-11 03:42:01.659 30193 30214 V native-activity: 		EGL_COLOR_BUFFER_TYPE: 12430 EGL_RGB_BUFFER,
04-11 03:42:01.659 30193 30214 V native-activity: 		EGL_SAMPLES: 0
04-11 03:42:01.659 30193 30214 V native-activity: 		EGL_SAMPLE_BUFFERS: 0
04-11 03:42:01.659 30193 30214 V native-activity: 		EGL_GREEN_SIZE: 4
04-11 03:42:01.659 30193 30214 V native-activity: 		EGL_BLUE_SIZE: 4
04-11 03:42:01.659 30193 30214 V native-activity: 		EGL_ALPHA_SIZE: 4
04-11 03:42:01.659 30193 30214 V native-activity: 		EGL_LUMINANCE_SIZE: 0
04-11 03:42:01.659 30193 30214 V native-activity: 		EGL_TRANSPARENT_TYPE: 12344 EGL_NONE,
04-11 03:42:01.659 30193 30214 V native-activity: 		EGL_TRANSPARENT_GREEN_VALUE: 0
04-11 03:42:01.659 30193 30214 V native-activity: 		EGL_TRANSPARENT_BLUE_VALUE: 0
04-11 03:42:01.659 30193 30214 V native-activity: 		EGL_STENCIL_SIZE: 0
04-11 03:42:01.659 30193 30214 V native-activity: 		EGL_BIND_TO_TEXTURE_RGB: 0
04-11 03:42:01.659 30193 30214 V native-activity: 		EGL_BIND_TO_TEXTURE_RGBA: 0
04-11 03:42:01.659 30193 30214 V native-activity: 		EGL_MAX_SWAP_INTERVAL: 1
04-11 03:42:01.659 30193 30214 V native-activity: 		EGL_MAX_PBUFFER_WIDTH: 2048
04-11 03:42:01.659 30193 30214 V native-activity: 		EGL_MAX_PBUFFER_HEIGHT: 2048
04-11 03:42:01.659 30193 30214 V native-activity: 		EGL_CONFIG_ID: 16
04-11 03:42:01.659 30193 30214 V native-activity: 		EGL_CONFORMANT: 5 EGL_OPENGL_ES_BIT, EGL_OPENGL_ES2_BIT,
04-11 03:42:01.659 30193 30214 V native-activity: 		EGL_CONFIG_CAVEAT: 12344 EGL_NONE,
04-11 03:42:01.659 30193 30214 V native-activity: 		EGL_SURFACE_TYPE: 97 EGL_PBUFFER_BIT, EGL_VG_ALPHA_FORMAT_PRE_BIT, EGL_VG_COLORSPACE_LINEAR_BIT,
04-11 03:42:01.659 30193 30214 V native-activity: 		EGL_LEVEL: 0
04-11 03:42:01.659 30193 30214 V native-activity: 		EGL_COLOR_BUFFER_TYPE: 12430 EGL_RGB_BUFFER,
04-11 03:42:01.659 30193 30214 V native-activity: 		EGL_BUFFER_SIZE: 16
04-11 03:42:01.659 30193 30214 V native-activity: 		EGL_SAMPLE_BUFFERS: 0
04-11 03:42:01.659 30193 30214 V native-activity: 		EGL_RED_SIZE: 5
04-11 03:42:01.659 30193 30214 V native-activity: 		EGL_BLUE_SIZE: 5
04-11 03:42:01.659 30193 30214 V native-activity: 		EGL_ALPHA_SIZE: 1
04-11 03:42:01.659 30193 30214 V native-activity: 		EGL_ALPHA_MASK_SIZE: 8
04-11 03:42:01.660 30193 30214 V native-activity: 		EGL_TRANSPARENT_TYPE: 12344 EGL_NONE,
04-11 03:42:01.660 30193 30214 V native-activity: 		EGL_TRANSPARENT_RED_VALUE: 0
04-11 03:42:01.660 30193 30214 V native-activity: 		EGL_TRANSPARENT_GREEN_VALUE: 0
04-11 03:42:01.660 30193 30214 V native-activity: 		EGL_STENCIL_SIZE: 8
04-11 03:42:01.660 30193 30214 V native-activity: 		EGL_DEPTH_SIZE: 16
04-11 03:42:01.660 30193 30214 V native-activity: 		EGL_BIND_TO_TEXTURE_RGBA: 0
04-11 03:42:01.660 30193 30214 V native-activity: 		EGL_MIN_SWAP_INTERVAL: 0
04-11 03:42:01.660 30193 30214 V native-activity: 		EGL_MAX_SWAP_INTERVAL: 1
04-11 03:42:01.660 30193 30214 V native-activity: 		EGL_MAX_PBUFFER_HEIGHT: 2048
04-11 03:42:01.660 30193 30214 D native-activity: 	Config 0xcaf337 index 14
04-11 03:42:01.660 30193 30214 V native-activity: 		EGL_CONFORMANT: 5 EGL_OPENGL_ES_BIT, EGL_OPENGL_ES2_BIT,
04-11 03:42:01.660 30193 30214 V native-activity: 		EGL_CONFIG_CAVEAT: 12344 EGL_NONE,
04-11 03:42:01.660 30193 30214 V native-activity: 		EGL_RENDERABLE_TYPE: 5 EGL_OPENGL_ES_BIT, EGL_OPENGL_ES2_BIT,
04-11 03:42:01.660 30193 30214 V native-activity: 		EGL_SURFACE_TYPE: 97 EGL_PBUFFER_BIT, EGL_VG_ALPHA_FORMAT_PRE_BIT, EGL_VG_COLORSPACE_LINEAR_BIT,
04-11 03:42:01.660 30193 30214 V native-activity: 		EGL_COLOR_BUFFER_TYPE: 12430 EGL_RGB_BUFFER,
04-11 03:42:01.660 30193 30214 V native-activity: 		EGL_BUFFER_SIZE: 16
04-11 03:42:01.660 30193 30214 V native-activity: 		EGL_SAMPLES: 0
04-11 03:42:01.660 30193 30214 V native-activity: 		EGL_RED_SIZE: 5
04-11 03:42:01.660 30193 30214 V native-activity: 		EGL_BLUE_SIZE: 5
04-11 03:42:01.660 30193 30214 V native-activity: 		EGL_ALPHA_SIZE: 1
04-11 03:42:01.660 30193 30214 V native-activity: 		EGL_ALPHA_MASK_SIZE: 8
04-11 03:42:01.660 30193 30214 V native-activity: 		EGL_TRANSPARENT_TYPE: 12344 EGL_NONE,
04-11 03:42:01.660 30193 30214 V native-activity: 		EGL_TRANSPARENT_RED_VALUE: 0
04-11 03:42:01.660 30193 30214 V native-activity: 		EGL_TRANSPARENT_BLUE_VALUE: 0
04-11 03:42:01.660 30193 30214 V native-activity: 		EGL_STENCIL_SIZE: 0
04-11 03:42:01.660 30193 30214 V native-activity: 		EGL_DEPTH_SIZE: 16
04-11 03:42:01.660 30193 30214 V native-activity: 		EGL_BIND_TO_TEXTURE_RGBA: 0
04-11 03:42:01.660 30193 30214 V native-activity: 		EGL_MIN_SWAP_INTERVAL: 0
04-11 03:42:01.660 30193 30214 V native-activity: 		EGL_MAX_PBUFFER_WIDTH: 2048
04-11 03:42:01.660 30193 30214 V native-activity: 		EGL_MAX_PBUFFER_HEIGHT: 2048
04-11 03:42:01.660 30193 30214 D native-activity: 	Config 0xcaf338 index 15
04-11 03:42:01.660 30193 30214 V native-activity: 		EGL_CONFIG_ID: 18
04-11 03:42:01.660 30193 30214 V native-activity: 		EGL_CONFORMANT: 5 EGL_OPENGL_ES_BIT, EGL_OPENGL_ES2_BIT,
04-11 03:42:01.660 30193 30214 V native-activity: 		EGL_RENDERABLE_TYPE: 5 EGL_OPENGL_ES_BIT, EGL_OPENGL_ES2_BIT,
04-11 03:42:01.660 30193 30214 V native-activity: 		EGL_SURFACE_TYPE: 97 EGL_PBUFFER_BIT, EGL_VG_ALPHA_FORMAT_PRE_BIT, EGL_VG_COLORSPACE_LINEAR_BIT,
04-11 03:42:01.660 30193 30214 V native-activity: 		EGL_LEVEL: 0
04-11 03:42:01.660 30193 30214 V native-activity: 		EGL_COLOR_BUFFER_TYPE: 12430 EGL_RGB_BUFFER,
04-11 03:42:01.660 30193 30214 V native-activity: 		EGL_BUFFER_SIZE: 16
04-11 03:42:01.660 30193 30214 V native-activity: 		EGL_SAMPLE_BUFFERS: 0
04-11 03:42:01.660 30193 30214 V native-activity: 		EGL_RED_SIZE: 5
04-11 03:42:01.661 30193 30214 V native-activity: 		EGL_BLUE_SIZE: 5
04-11 03:42:01.661 30193 30214 V native-activity: 		EGL_ALPHA_SIZE: 1
04-11 03:42:01.661 30193 30214 V native-activity: 		EGL_LUMINANCE_SIZE: 0
04-11 03:42:01.661 30193 30214 V native-activity: 		EGL_TRANSPARENT_TYPE: 12344 EGL_NONE,
04-11 03:42:01.661 30193 30214 V native-activity: 		EGL_TRANSPARENT_RED_VALUE: 0
04-11 03:42:01.661 30193 30214 V native-activity: 		EGL_TRANSPARENT_BLUE_VALUE: 0
04-11 03:42:01.661 30193 30214 V native-activity: 		EGL_STENCIL_SIZE: 8
04-11 03:42:01.661 30193 30214 V native-activity: 		EGL_BIND_TO_TEXTURE_RGB: 0
04-11 03:42:01.661 30193 30214 V native-activity: 		EGL_BIND_TO_TEXTURE_RGBA: 0
04-11 03:42:01.661 30193 30214 V native-activity: 		EGL_MAX_SWAP_INTERVAL: 1
04-11 03:42:01.661 30193 30214 V native-activity: 		EGL_MAX_PBUFFER_WIDTH: 2048
04-11 03:42:01.661 30193 30214 V native-activity: 		EGL_MAX_PBUFFER_HEIGHT: 2048
04-11 03:42:01.661 30193 30214 V native-activity: 		EGL_CONFIG_ID: 19
04-11 03:42:01.661 30193 30214 V native-activity: 		EGL_CONFORMANT: 5 EGL_OPENGL_ES_BIT, EGL_OPENGL_ES2_BIT,
04-11 03:42:01.661 30193 30214 V native-activity: 		EGL_CONFIG_CAVEAT: 12344 EGL_NONE,
04-11 03:42:01.661 30193 30214 V native-activity: 		EGL_RENDERABLE_TYPE: 5 EGL_OPENGL_ES_BIT, EGL_OPENGL_ES2_BIT,
04-11 03:42:01.661 30193 30214 V native-activity: 		EGL_LEVEL: 0
04-11 03:42:01.661 30193 30214 V native-activity: 		EGL_COLOR_BUFFER_TYPE: 12430 EGL_RGB_BUFFER,
04-11 03:42:01.661 30193 30214 V native-activity: 		EGL_BUFFER_SIZE: 16
04-11 03:42:01.661 30193 30214 V native-activity: 		EGL_SAMPLE_BUFFERS: 0
04-11 03:42:01.661 30193 30214 V native-activity: 		EGL_RED_SIZE: 5
04-11 03:42:01.661 30193 30214 V native-activity: 		EGL_BLUE_SIZE: 5
04-11 03:42:01.661 30193 30214 V native-activity: 		EGL_ALPHA_SIZE: 1
04-11 03:42:01.661 30193 30214 V native-activity: 		EGL_LUMINANCE_SIZE: 0
04-11 03:42:01.661 30193 30214 V native-activity: 		EGL_TRANSPARENT_TYPE: 12344 EGL_NONE,
04-11 03:42:01.661 30193 30214 V native-activity: 		EGL_TRANSPARENT_RED_VALUE: 0
04-11 03:42:01.661 30193 30214 V native-activity: 		EGL_TRANSPARENT_BLUE_VALUE: 0
04-11 03:42:01.661 30193 30214 V native-activity: 		EGL_STENCIL_SIZE: 0
04-11 03:42:01.661 30193 30214 V native-activity: 		EGL_BIND_TO_TEXTURE_RGB: 0
04-11 03:42:01.661 30193 30214 V native-activity: 		EGL_BIND_TO_TEXTURE_RGBA: 0
04-11 03:42:01.661 30193 30214 V native-activity: 		EGL_MAX_SWAP_INTERVAL: 1
04-11 03:42:01.661 30193 30214 V native-activity: 		EGL_MAX_PBUFFER_WIDTH: 2048
04-11 03:42:01.661 30193 30214 D native-activity: 	Config 0xcaf33a index 17
04-11 03:42:01.661 30193 30214 V native-activity: 		EGL_CONFIG_ID: 20
04-11 03:42:01.661 30193 30214 V native-activity: 		EGL_CONFIG_CAVEAT: 12344 EGL_NONE,
04-11 03:42:01.661 30193 30214 V native-activity: 		EGL_RENDERABLE_TYPE: 4 EGL_OPENGL_ES2_BIT,
04-11 03:42:01.661 30193 30214 V native-activity: 		EGL_SURFACE_TYPE: 97 EGL_PBUFFER_BIT, EGL_VG_ALPHA_FORMAT_PRE_BIT, EGL_VG_COLORSPACE_LINEAR_BIT,
04-11 03:42:01.661 30193 30214 V native-activity: 		EGL_LEVEL: 0
04-11 03:42:01.661 30193 30214 V native-activity: 		EGL_COLOR_BUFFER_TYPE: 12430 EGL_RGB_BUFFER,
04-11 03:42:01.661 30193 30214 V native-activity: 		EGL_SAMPLES: 0
