04-11 03:34:48.042 26119 26145 V native-activity: 		EGL_TRANSPARENT_TYPE: 12344 EGL_NONE,
04-11 03:34:48.042 26119 26145 V native-activity: 		EGL_TRANSPARENT_RED_VALUE: 0
04-11 03:34:48.042 26119 26145 V native-activity: 		EGL_TRANSPARENT_GREEN_VALUE: 0
04-11 03:34:48.042 26119 26145 V native-activity: 		EGL_TRANSPARENT_BLUE_VALUE: 0
04-11 03:34:48.042 26119 26145 V native-activity: 		EGL_STENCIL_SIZE: 8
04-11 03:34:48.042 26119 26145 V native-activity: 		EGL_DEPTH_SIZE: 16
04-11 03:34:48.042 26119 26145 V native-activity: 		EGL_BIND_TO_TEXTURE_RGB: 0
04-11 03:34:48.042 26119 26145 V native-activity: 		EGL_BIND_TO_TEXTURE_RGBA: 0
04-11 03:34:48.042 26119 26145 V native-activity: 		EGL_MIN_SWAP_INTERVAL: 0
04-11 03:34:48.042 26119 26145 V native-activity: 		EGL_MAX_SWAP_INTERVAL: 1
04-11 03:34:48.042 26119 26145 V native-activity: 		EGL_MAX_PBUFFER_WIDTH: 2048
04-11 03:34:48.042 26119 26145 V native-activity: 		EGL_MAX_PBUFFER_HEIGHT: 2048
04-11 03:34:48.042 26119 26145 D native-activity: 	Config 0xcaf33b index 18
04-11 03:34:48.042 26119 26145 V native-activity: 		EGL_CONFIG_ID: 21
04-11 03:34:48.042 26119 26145 V native-activity: 		EGL_CONFORMANT: 4 EGL_OPENGL_ES2_BIT,
04-11 03:34:48.042 26119 26145 V native-activity: 		EGL_CONFIG_CAVEAT: 12344 EGL_NONE,
04-11 03:34:48.042 26119 26145 V native-activity: 		EGL_RENDERABLE_TYPE: 4 EGL_OPENGL_ES2_BIT,
04-11 03:34:48.042 26119 26145 V native-activity: 		EGL_SURFACE_TYPE: 97 EGL_PBUFFER_BIT, EGL_VG_ALPHA_FORMAT_PRE_BIT, EGL_VG_COLORSPACE_LINEAR_BIT,
04-11 03:34:48.043 26119 26145 V native-activity: 		EGL_LEVEL: 0
04-11 03:34:48.043 26119 26145 V native-activity: 		EGL_COLOR_BUFFER_TYPE: 12430 EGL_RGB_BUFFER,
04-11 03:34:48.043 26119 26145 V native-activity: 		EGL_BUFFER_SIZE: 16
04-11 03:34:48.043 26119 26145 V native-activity: 		EGL_SAMPLES: 0
04-11 03:34:48.043 26119 26145 V native-activity: 		EGL_SAMPLE_BUFFERS: 0
04-11 03:34:48.043 26119 26145 V native-activity: 		EGL_RED_SIZE: 4
04-11 03:34:48.043 26119 26145 V native-activity: 		EGL_GREEN_SIZE: 4
04-11 03:34:48.043 26119 26145 V native-activity: 		EGL_BLUE_SIZE: 4
04-11 03:34:48.043 26119 26145 V native-activity: 		EGL_ALPHA_SIZE: 4
04-11 03:34:48.043 26119 26145 V native-activity: 		EGL_ALPHA_MASK_SIZE: 8
04-11 03:34:48.043 26119 26145 V native-activity: 		EGL_LUMINANCE_SIZE: 0
04-11 03:34:48.043 26119 26145 V native-activity: 		EGL_TRANSPARENT_TYPE: 12344 EGL_NONE,
04-11 03:34:48.043 26119 26145 V native-activity: 		EGL_TRANSPARENT_RED_VALUE: 0
04-11 03:34:48.043 26119 26145 V native-activity: 		EGL_TRANSPARENT_GREEN_VALUE: 0
04-11 03:34:48.043 26119 26145 V native-activity: 		EGL_TRANSPARENT_BLUE_VALUE: 0
04-11 03:34:48.043 26119 26145 V native-activity: 		EGL_STENCIL_SIZE: 0
04-11 03:34:48.043 26119 26145 V native-activity: 		EGL_DEPTH_SIZE: 16
04-11 03:34:48.043 26119 26145 V native-activity: 		EGL_BIND_TO_TEXTURE_RGB: 0
04-11 03:34:48.043 26119 26145 V native-activity: 		EGL_BIND_TO_TEXTURE_RGBA: 0
04-11 03:34:48.043 26119 26145 V native-activity: 		EGL_MIN_SWAP_INTERVAL: 0
04-11 03:34:48.043 26119 26145 V native-activity: 		EGL_MAX_SWAP_INTERVAL: 1
04-11 03:34:48.043 26119 26145 V native-activity: 		EGL_MAX_PBUFFER_WIDTH: 2048
04-11 03:34:48.043 26119 26145 V native-activity: 		EGL_MAX_PBUFFER_HEIGHT: 2048
04-11 03:34:48.052 26119 26145 V native-activity: 		EGL_SURFACE_TYPE: 1125 EGL_PBUFFER_BIT, EGL_SWAP_BEHAVIOR_PRESERVED_BIT, EGL_VG_ALPHA_FORMAT_PRE_BIT, EGL_VG_COLORSPACE_LINEAR_BIT, EGL_WINDOW_BIT,
04-11 03:34:48.052 26119 26145 V native-activity: 		EGL_LEVEL: 0
04-11 03:34:48.052 26119 26145 V native-activity: 		EGL_COLOR_BUFFER_TYPE: 12430 EGL_RGB_BUFFER,
04-11 03:34:48.052 26119 26145 V native-activity: 		EGL_BUFFER_SIZE: 16
04-11 03:34:48.052 26119 26145 V native-activity: 		EGL_SAMPLES: 0
04-11 03:34:48.052 26119 26145 V native-activity: 		EGL_SAMPLE_BUFFERS: 0
04-11 03:34:48.052 26119 26145 V native-activity: 		EGL_RED_SIZE: 5
04-11 03:34:48.052 26119 26145 V native-activity: 		EGL_GREEN_SIZE: 6
04-11 03:34:48.052 26119 26145 V native-activity: 		EGL_BLUE_SIZE: 5
04-11 03:34:48.052 26119 26145 V native-activity: 		EGL_ALPHA_SIZE: 0
04-11 03:34:48.052 26119 26145 V native-activity: 		EGL_ALPHA_MASK_SIZE: 0
04-11 03:34:48.052 26119 26145 V native-activity: 		EGL_LUMINANCE_SIZE: 0
04-11 03:34:48.052 26119 26145 V native-activity: 		EGL_TRANSPARENT_TYPE: 12344 EGL_NONE,
04-11 03:34:48.052 26119 26145 V native-activity: 		EGL_TRANSPARENT_RED_VALUE: 0
04-11 03:34:48.052 26119 26145 V native-activity: 		EGL_TRANSPARENT_GREEN_VALUE: 0
04-11 03:34:48.052 26119 26145 V native-activity: 		EGL_TRANSPARENT_BLUE_VALUE: 0
04-11 03:34:48.052 26119 26145 V native-activity: 		EGL_STENCIL_SIZE: 0
04-11 03:34:48.052 26119 26145 V native-activity: 		EGL_DEPTH_SIZE: 0
04-11 03:34:48.052 26119 26145 V native-activity: 		EGL_BIND_TO_TEXTURE_RGB: 0
04-11 03:34:48.052 26119 26145 V native-activity: 		EGL_BIND_TO_TEXTURE_RGBA: 0
04-11 03:34:48.052 26119 26145 V native-activity: 		EGL_MIN_SWAP_INTERVAL: 0
04-11 03:34:48.052 26119 26145 V native-activity: 		EGL_MAX_SWAP_INTERVAL: 1
04-11 03:34:48.052 26119 26145 V native-activity: 		EGL_MAX_PBUFFER_WIDTH: 2048
04-11 03:34:48.052 26119 26145 V native-activity: 		EGL_MAX_PBUFFER_HEIGHT: 2048
04-11 03:34:48.052 26119 26145 D native-activity: 	Config 0xcaf34a index 33
04-11 03:34:48.052 26119 26145 V native-activity: 		EGL_CONFIG_ID: 36
04-11 03:34:48.052 26119 26145 V native-activity: 		EGL_CONFORMANT: 0
04-11 03:34:48.052 26119 26145 V native-activity: 		EGL_CONFIG_CAVEAT: 12344 EGL_NONE,
04-11 03:34:48.052 26119 26145 V native-activity: 		EGL_RENDERABLE_TYPE: 4 EGL_OPENGL_ES2_BIT,
04-11 03:34:48.052 26119 26145 V native-activity: 		EGL_SURFACE_TYPE: 97 EGL_PBUFFER_BIT, EGL_VG_ALPHA_FORMAT_PRE_BIT, EGL_VG_COLORSPACE_LINEAR_BIT,
04-11 03:34:48.052 26119 26145 V native-activity: 		EGL_LEVEL: 0
04-11 03:34:48.052 26119 26145 V native-activity: 		EGL_COLOR_BUFFER_TYPE: 12430 EGL_RGB_BUFFER,
04-11 03:34:48.052 26119 26145 V native-activity: 		EGL_BUFFER_SIZE: 16
04-11 03:34:48.052 26119 26145 V native-activity: 		EGL_SAMPLES: 0
04-11 03:34:48.052 26119 26145 V native-activity: 		EGL_SAMPLE_BUFFERS: 0
04-11 03:34:48.052 26119 26145 V native-activity: 		EGL_RED_SIZE: 5
04-11 03:34:48.052 26119 26145 V native-activity: 		EGL_GREEN_SIZE: 5
04-11 03:34:48.052 26119 26145 V native-activity: 		EGL_BLUE_SIZE: 5
04-11 03:34:48.052 26119 26145 V native-activity: 		EGL_ALPHA_SIZE: 1
04-11 03:34:48.052 26119 26145 V native-activity: 		EGL_ALPHA_MASK_SIZE: 0
04-11 03:34:48.052 26119 26145 V native-activity: 		EGL_LUMINANCE_SIZE: 0
04-11 03:34:48.052 26119 26145 V native-activity: 		EGL_TRANSPARENT_TYPE: 12344 EGL_NONE,
04-11 03:34:48.052 26119 26145 V native-activity: 		EGL_TRANSPARENT_RED_VALUE: 0
04-11 03:34:48.052 26119 26145 V native-activity: 		EGL_TRANSPARENT_GREEN_VALUE: 0
04-11 03:34:48.052 26119 26145 V native-activity: 		EGL_TRANSPARENT_BLUE_VALUE: 0
04-11 03:34:48.060 26119 26145 V native-activity: 		EGL_STENCIL_SIZE: 8
04-11 03:34:48.064 26119 26145 V native-activity: 		EGL_DEPTH_SIZE: 0
04-11 03:34:48.064 26119 26145 V native-activity: 		EGL_BIND_TO_TEXTURE_RGB: 0
04-11 03:34:48.064 26119 26145 V native-activity: 		EGL_BIND_TO_TEXTURE_RGBA: 0
04-11 03:34:48.064 26119 26145 V native-activity: 		EGL_MIN_SWAP_INTERVAL: 0
04-11 03:34:48.064 26119 26145 V native-activity: 		EGL_MAX_SWAP_INTERVAL: 1
04-11 03:34:48.064 26119 26145 V native-activity: 		EGL_MAX_PBUFFER_WIDTH: 2048
04-11 03:34:48.064 26119 26145 V native-activity: 		EGL_MAX_PBUFFER_HEIGHT: 2048
04-11 03:34:48.064 26119 26145 D native-activity: 	Config 0xcaf359 index 48
04-11 03:34:48.064 26119 26145 V native-activity: 		EGL_CONFIG_ID: 75
04-11 03:34:48.064 26119 26145 V native-activity: 		EGL_CONFORMANT: 4 EGL_OPENGL_ES2_BIT,
04-11 03:34:48.064 26119 26145 V native-activity: 		EGL_CONFIG_CAVEAT: 12344 EGL_NONE,
04-11 03:34:48.064 26119 26145 V native-activity: 		EGL_RENDERABLE_TYPE: 4 EGL_OPENGL_ES2_BIT,
04-11 03:34:48.064 26119 26145 V native-activity: 		EGL_SURFACE_TYPE: 3175 EGL_PBUFFER_BIT, EGL_PIXMAP_BIT, EGL_SWAP_BEHAVIOR_PRESERVED_BIT, EGL_VG_ALPHA_FORMAT_PRE_BIT, EGL_VG_COLORSPACE_LINEAR_BIT, EGL_WINDOW_BIT,
04-11 03:34:48.064 26119 26145 V native-activity: 		EGL_LEVEL: 0
04-11 03:34:48.064 26119 26145 V native-activity: 		EGL_COLOR_BUFFER_TYPE: 12430 EGL_RGB_BUFFER,
04-11 03:34:48.064 26119 26145 V native-activity: 		EGL_BUFFER_SIZE: 32
04-11 03:34:48.064 26119 26145 V native-activity: 		EGL_SAMPLES: 0
04-11 03:34:48.064 26119 26145 V native-activity: 		EGL_SAMPLE_BUFFERS: 0
04-11 03:34:48.064 26119 26145 V native-activity: 		EGL_RED_SIZE: 8
04-11 03:34:48.064 26119 26145 V native-activity: 		EGL_GREEN_SIZE: 8
04-11 03:34:48.064 26119 26145 V native-activity: 		EGL_BLUE_SIZE: 8
04-11 03:34:48.064 26119 26145 V native-activity: 		EGL_ALPHA_SIZE: 0
04-11 03:34:48.064 26119 26145 V native-activity: 		EGL_ALPHA_MASK_SIZE: 8
04-11 03:34:48.065 26119 26145 V native-activity: 		EGL_LUMINANCE_SIZE: 0
04-11 03:34:48.065 26119 26145 V native-activity: 		EGL_TRANSPARENT_TYPE: 12344 EGL_NONE,
04-11 03:34:48.065 26119 26145 V native-activity: 		EGL_TRANSPARENT_RED_VALUE: 0
04-11 03:34:48.065 26119 26145 V native-activity: 		EGL_TRANSPARENT_GREEN_VALUE: 0
04-11 03:34:48.065 26119 26145 V native-activity: 		EGL_TRANSPARENT_BLUE_VALUE: 0
04-11 03:34:48.065 26119 26145 V native-activity: 		EGL_STENCIL_SIZE: 8
04-11 03:34:48.065 26119 26145 V native-activity: 		EGL_DEPTH_SIZE: 16
04-11 03:34:48.065 26119 26145 V native-activity: 		EGL_BIND_TO_TEXTURE_RGB: 0
04-11 03:34:48.065 26119 26145 V native-activity: 		EGL_BIND_TO_TEXTURE_RGBA: 0
04-11 03:34:48.065 26119 26145 V native-activity: 		EGL_MIN_SWAP_INTERVAL: 0
04-11 03:34:48.065 26119 26145 V native-activity: 		EGL_MAX_SWAP_INTERVAL: 1
04-11 03:34:48.065 26119 26145 V native-activity: 		EGL_MAX_PBUFFER_WIDTH: 2048
04-11 03:34:48.065 26119 26145 V native-activity: 		EGL_MAX_PBUFFER_HEIGHT: 2048
04-11 03:34:48.065 26119 26145 D native-activity: 	Config 0xcaf35a index 49
04-11 03:34:48.065 26119 26145 V native-activity: 		EGL_CONFIG_ID: 76
04-11 03:34:48.065 26119 26145 V native-activity: 		EGL_CONFORMANT: 4 EGL_OPENGL_ES2_BIT,
04-11 03:34:48.065 26119 26145 V native-activity: 		EGL_CONFIG_CAVEAT: 12344 EGL_NONE,
04-11 03:34:48.065 26119 26145 V native-activity: 		EGL_RENDERABLE_TYPE: 4 EGL_OPENGL_ES2_BIT,
04-11 03:34:48.065 26119 26145 V native-activity: 		EGL_SURFACE_TYPE: 3175 EGL_PBUFFER_BIT, EGL_PIXMAP_BIT, EGL_SWAP_BEHAVIOR_PRESERVED_BIT, EGL_VG_ALPHA_FORMAT_PRE_BIT, EGL_VG_COLORSPACE_LINEAR_BIT, EGL_WINDOW_BIT,
04-11 03:34:48.065 26119 26145 V native-activity: 		EGL_LEVEL: 0
04-11 03:34:48.065 26119 26145 V native-activity: 		EGL_COLOR_BUFFER_TYPE: 12430 EGL_RGB_BUFFER,
04-11 03:34:48.065 26119 26145 V native-activity: 		EGL_BUFFER_SIZE: 32
04-11 03:34:48.065 26119 26145 V native-activity: 		EGL_SAMPLES: 0
04-11 03:34:48.065 26119 26145 V native-activity: 		EGL_SAMPLE_BUFFERS: 0
04-11 03:34:48.065 26119 26145 V native-activity: 		EGL_RED_SIZE: 8
04-11 03:34:48.065 26119 26145 V native-activity: 		EGL_GREEN_SIZE: 8
04-11 03:34:48.065 26119 26145 V native-activity: 		EGL_BLUE_SIZE: 8
04-11 03:34:48.065 26119 26145 V native-activity: 		EGL_ALPHA_SIZE: 0
04-11 03:34:48.065 26119 26145 V native-activity: 		EGL_ALPHA_MASK_SIZE: 8
04-11 03:34:48.065 26119 26145 V native-activity: 		EGL_LUMINANCE_SIZE: 0
04-11 03:34:48.065 26119 26145 V native-activity: 		EGL_TRANSPARENT_TYPE: 12344 EGL_NONE,
04-11 03:34:48.065 26119 26145 V native-activity: 		EGL_TRANSPARENT_RED_VALUE: 0
04-11 03:34:48.065 26119 26145 V native-activity: 		EGL_TRANSPARENT_GREEN_VALUE: 0
04-11 03:34:48.065 26119 26145 V native-activity: 		EGL_TRANSPARENT_BLUE_VALUE: 0
04-11 03:34:48.065 26119 26145 V native-activity: 		EGL_STENCIL_SIZE: 0
04-11 03:34:48.065 26119 26145 V native-activity: 		EGL_DEPTH_SIZE: 16
04-11 03:34:48.065 26119 26145 V native-activity: 		EGL_BIND_TO_TEXTURE_RGB: 0
04-11 03:34:48.065 26119 26145 V native-activity: 		EGL_BIND_TO_TEXTURE_RGBA: 0
04-11 03:34:48.065 26119 26145 V native-activity: 		EGL_MIN_SWAP_INTERVAL: 0
04-11 03:34:48.065 26119 26145 V native-activity: 		EGL_MAX_SWAP_INTERVAL: 1
04-11 03:34:48.065 26119 26145 V native-activity: 		EGL_MAX_PBUFFER_WIDTH: 2048
04-11 03:34:48.065 26119 26145 V native-activity: 		EGL_MAX_PBUFFER_HEIGHT: 2048
04-11 03:34:48.065 26119 26145 D native-activity: Examining config 0xcaf329
04-11 03:34:48.065 26119 26145 D native-activity: Comparing requested attrib 12339 value 4 to 3175
04-11 03:34:48.065 26119 26145 D native-activity: Comparing requested attrib 12352 value 4 to 5
04-11 03:34:48.065 26119 26145 D native-activity: Comparing requested attrib 12322 value 8 to 8
04-11 03:34:48.065 26119 26145 D native-activity: Comparing requested attrib 12323 value 8 to 8
04-11 03:34:48.065 26119 26145 D native-activity: Comparing requested attrib 12324 value 8 to 8
04-11 03:34:48.065 26119 26145 D native-activity: Comparing requested attrib 12321 value 8 to 8
04-11 03:34:48.065 26119 26145 D native-activity: Comparing requested attrib 12325 value 16 to 16
04-11 03:34:48.065 26119 26145 D native-activity: Comparing requested attrib 12326 value -1 to 8
04-11 03:34:48.065 26119 26145 D native-activity: Comparing requested attrib 12337 value 0 to 0
04-11 03:34:48.065 26119 26145 I native-activity: Using config 0xcaf329 of 50 configs
04-11 03:34:48.065 26119 26145 I native-activity: 		EGL_CONFIG_ID: 1
04-11 03:34:48.065 26119 26145 I native-activity: 		EGL_CONFORMANT: 5 EGL_OPENGL_ES_BIT, EGL_OPENGL_ES2_BIT,
04-11 03:34:48.065 26119 26145 I native-activity: 		EGL_CONFIG_CAVEAT: 12344 EGL_NONE,
04-11 03:34:48.065 26119 26145 I native-activity: 		EGL_RENDERABLE_TYPE: 5 EGL_OPENGL_ES_BIT, EGL_OPENGL_ES2_BIT,
04-11 03:34:48.066 26119 26145 I native-activity: 		EGL_SURFACE_TYPE: 3175 EGL_PBUFFER_BIT, EGL_PIXMAP_BIT, EGL_SWAP_BEHAVIOR_PRESERVED_BIT, EGL_VG_ALPHA_FORMAT_PRE_BIT, EGL_VG_COLORSPACE_LINEAR_BIT, EGL_WINDOW_BIT,
04-11 03:34:48.066 26119 26145 I native-activity: 		EGL_LEVEL: 0
04-11 03:34:48.066 26119 26145 I native-activity: 		EGL_COLOR_BUFFER_TYPE: 12430 EGL_RGB_BUFFER,
04-11 03:34:48.066 26119 26145 I native-activity: 		EGL_BUFFER_SIZE: 32
04-11 03:34:48.066 26119 26145 I native-activity: 		EGL_SAMPLES: 0
04-11 03:34:48.066 26119 26145 I native-activity: 		EGL_SAMPLE_BUFFERS: 0
04-11 03:34:48.066 26119 26145 I native-activity: 		EGL_RED_SIZE: 8
04-11 03:34:48.066 26119 26145 I native-activity: 		EGL_GREEN_SIZE: 8
04-11 03:34:48.066 26119 26145 I native-activity: 		EGL_BLUE_SIZE: 8
04-11 03:34:48.066 26119 26145 I native-activity: 		EGL_ALPHA_SIZE: 8
04-11 03:34:48.066 26119 26145 I native-activity: 		EGL_ALPHA_MASK_SIZE: 8
04-11 03:34:48.066 26119 26145 I native-activity: 		EGL_LUMINANCE_SIZE: 0
04-11 03:34:48.066 26119 26145 I native-activity: 		EGL_TRANSPARENT_TYPE: 12344 EGL_NONE,
04-11 03:34:48.066 26119 26145 I native-activity: 		EGL_TRANSPARENT_RED_VALUE: 0
04-11 03:34:48.066 26119 26145 I native-activity: 		EGL_TRANSPARENT_GREEN_VALUE: 0
04-11 03:34:48.066 26119 26145 I native-activity: 		EGL_TRANSPARENT_BLUE_VALUE: 0
04-11 03:34:48.066 26119 26145 I native-activity: 		EGL_STENCIL_SIZE: 8
04-11 03:34:48.066 26119 26145 I native-activity: 		EGL_DEPTH_SIZE: 16
04-11 03:34:48.066 26119 26145 I native-activity: 		EGL_BIND_TO_TEXTURE_RGB: 0
04-11 03:34:48.066 26119 26145 I native-activity: 		EGL_BIND_TO_TEXTURE_RGBA: 0
04-11 03:34:48.066 26119 26145 I native-activity: 		EGL_MIN_SWAP_INTERVAL: 0
04-11 03:34:48.066 26119 26145 I native-activity: 		EGL_MAX_SWAP_INTERVAL: 1
04-11 03:34:48.066 26119 26145 I native-activity: 		EGL_MAX_PBUFFER_WIDTH: 2048
04-11 03:34:48.066 26119 26145 I native-activity: 		EGL_MAX_PBUFFER_HEIGHT: 2048
04-11 03:34:48.066 26119 26145 I native-activity: Creating window surface as pbuffer_bit is not set
04-11 03:34:48.169   124 20012 I WVCdm   : CdmEngine::CloseSession
04-11 03:34:48.237   124   618 I WVCdm   : CdmEngine::QueryKeyControlInfo
04-11 03:34:48.247   124   581 W WVCdm   : BufferReader::Read<T> : Failure during parse: Not enough bytes (4)
04-11 03:34:48.247   124   581 W WVCdm   : CdmEngine::ExtractWidevinePssh: Unable to read PSSH atom size
04-11 03:34:48.247   124   581 I WVCdm   : CdmEngine::GenerateKeyRequest
04-11 03:34:48.248 26119 26145 I native-activity: EGL Surface 0x5a6aef30 information
04-11 03:34:48.248 26119 26145 I native-activity: 		EGL_CONFIG_ID: 1
04-11 03:34:48.249 26119 26145 I native-activity: 		EGL_WIDTH: 720
04-11 03:34:48.249 26119 26145 I native-activity: 		EGL_HEIGHT: 1280
04-11 03:34:48.249 26119 26145 I native-activity: 		EGL_HORIZONTAL_RESOLUTION: -1 EGL_UNKNOWN,
04-11 03:34:48.249 26119 26145 I native-activity: 		EGL_VERTICAL_RESOLUTION: -1 EGL_UNKNOWN,
04-11 03:34:48.249 26119 26145 I native-activity: 		EGL_PIXEL_ASPECT_RATIO: -1 EGL_UNKNOWN,
04-11 03:34:48.249 26119 26145 I native-activity: 		EGL_RENDER_BUFFER: 12420 EGL_BACK_BUFFER,
04-11 03:34:48.249 26119 26145 I native-activity: 		EGL_MIPMAP_TEXTURE: 12289 EGL_NOT_INITIALIZED,
04-11 03:34:48.249 26119 26145 I native-activity: 		EGL_TEXTURE_FORMAT: 12289 EGL_NOT_INITIALIZED,
04-11 03:34:48.249 26119 26145 I native-activity: 		EGL_TEXTURE_TARGET: 12289 EGL_NOT_INITIALIZED,
04-11 03:34:48.249 26119 26145 I native-activity: 		EGL_SWAP_BEHAVIOR: 12437 EGL_BUFFER_DESTROYED,
04-11 03:34:48.249 26119 26145 I native-activity: 		EGL_MULTISAMPLE_RESOLVE: 12443 EGL_MULTISAMPLE_RESOLVE_BOX,
04-11 03:34:48.250 26119 26145 I native-activity: Created context 0x5ab8b308, error 0x3000
04-11 03:34:48.250 26119 26145 I native-activity: 		EGL_CONFIG_ID: 1
04-11 03:34:48.250 26119 26145 I native-activity: 		EGL_CONTEXT_CLIENT_TYPE: 12448 EGL_OPENGL_ES_API,
04-11 03:34:48.250 26119 26145 I native-activity: 		EGL_CONTEXT_CLIENT_VERSION: 2
04-11 03:34:48.250 26119 26145 I native-activity: 		EGL_RENDER_BUFFER: 12344 EGL_NONE,
04-11 03:34:48.252 26119 26145 I native-activity: Context 0x5ab8b308 made current on surface 0x5a6aef30, error 0x3000
04-11 03:34:48.252 26119 26145 I native-activity: GL information
04-11 03:34:48.252 26119 26145 I native-activity: 	Renderer: NVIDIA Tegra 3
04-11 03:34:48.252 26119 26145 I native-activity: 	Vendor: NVIDIA Corporation
04-11 03:34:48.252 26119 26145 I native-activity: 	Version: OpenGL ES 2.0 14.01003
04-11 03:34:48.252 26119 26145 I native-activity: 	Shading Language: OpenGL ES GLSL 1.00
04-11 03:34:48.252 26119 26145 I native-activity: 	Extensions: GL_OES_rgb8_rgba8 GL_OES_EGL_sync GL_OES_fbo_render_mipmap GL_NV_depth_nonlinear GL_NV_draw_path GL_NV_texture_npot_2D_mipmap GL_OES_EGL_image GL_OES_EGL_image_external GL_OES_vertex_half_float GL_OES_mapbuffer GL_NV_draw_buffers GL_NV_multiview_draw_buffers GL_EXT_Cg_shader GL_EXT_packed_float GL_OES_texture_half_float GL_EXT_texture_array GL_OES_compressed_ETC1_RGB8_texture GL_EXT_texture_compression_latc GL_NV_texture_compression_latc GL_EXT_texture_compression_dxt1 GL_EXT_texture_compression_s3tc GL_NV_texture_compression_s3tc GL_EXT_texture_filter_anisotropic GL_NV_get_tex_image GL_NV_read_buffer GL_NV_shader_framebuffer_fetch GL_NV_copy_image GL_NV_fbo_color_attachments GL_EXT_bgra GL_EXT_texture_format_BGRA8888 GL_EXT_unpack_subimage GL_NV_pack_subimage GL_NV_texture_compression_s3tc_update GL_NV_read_depth GL_NV_read_stencil GL_NV_uniform_buffer_object GL_EXT_robustness GL_OES_standard_derivatives GL_NV_EGL_stream_consumer_external GL_NV_3dvision_settings GL_EXT_debug_marker GL_EXT_debug
04-11 03:34:48.256   124   581 D WVCdm   : PrepareKeyRequest: nonce=372824153
04-11 03:34:48.389   448   613 D ConnectivityService: updateNetworkScore for NetworkAgentInfo [WIFI () - 2785] to 59
04-11 03:34:48.389   448   613 D ConnectivityService: rematching NetworkAgentInfo [WIFI () - 2785]
04-11 03:34:48.390   448   613 D ConnectivityService: Network NetworkAgentInfo [WIFI () - 2785] was already satisfying request 503. No change.
04-11 03:34:48.390   448   613 D ConnectivityService: Network NetworkAgentInfo [WIFI () - 2785] was already satisfying request 1. No change.
04-11 03:34:48.390   448   613 D ConnectivityService: notifyType AVAILABLE for NetworkAgentInfo [WIFI () - 2785]
04-11 03:34:48.391   666  1123 D ConnectivityManager.CallbackHandler: CM callback handler got msg 524290
04-11 03:34:48.393 25234 25335 D ConnectivityManager.CallbackHandler: CM callback handler got msg 524290
04-11 03:34:48.394 25234 25335 D Event   : No subscribers registered for event class com.tplink.hellotp.shared.j
04-11 03:34:48.394 25234 25335 D Event   : No subscribers registered for event class de.greenrobot.event.f
04-11 03:34:48.396 25472 25552 D ConnectivityManager.CallbackHandler: CM callback handler got msg 524290
04-11 03:34:48.396 25234 25335 D ConnectivityManager.CallbackHandler: CM callback handler got msg 524290
04-11 03:34:48.396 25234 25335 D Event   : No subscribers registered for event class com.tplink.hellotp.shared.j
04-11 03:34:48.396 25234 25335 D Event   : No subscribers registered for event class de.greenrobot.event.f
04-11 03:34:48.515 26119 26145 I native-activity: Context 0x5ab8b308 made current on surface 0x5a6aef30, error 0x3000
04-11 03:34:48.516 26119 26145 I native-activity: GL information
04-11 03:34:48.516 26119 26145 I native-activity: 	Renderer: NVIDIA Tegra 3
04-11 03:34:48.516 26119 26145 I native-activity: 	Vendor: NVIDIA Corporation
04-11 03:34:48.516 26119 26145 I native-activity: 	Version: OpenGL ES 2.0 14.01003
04-11 03:34:48.516 26119 26145 I native-activity: 	Shading Language: OpenGL ES GLSL 1.00
04-11 03:34:48.516 26119 26145 I native-activity: 	Extensions: GL_OES_rgb8_rgba8 GL_OES_EGL_sync GL_OES_fbo_render_mipmap GL_NV_depth_nonlinear GL_NV_draw_path GL_NV_texture_npot_2D_mipmap GL_OES_EGL_image GL_OES_EGL_image_external GL_OES_vertex_half_float GL_OES_mapbuffer GL_NV_draw_buffers GL_NV_multiview_draw_buffers GL_EXT_Cg_shader GL_EXT_packed_float GL_OES_texture_half_float GL_EXT_texture_array GL_OES_compressed_ETC1_RGB8_texture GL_EXT_texture_compression_latc GL_NV_texture_compression_latc GL_EXT_texture_compression_dxt1 GL_EXT_texture_compression_s3tc GL_NV_texture_compression_s3tc GL_EXT_texture_filter_anisotropic GL_NV_get_tex_image GL_NV_read_buffer GL_NV_shader_framebuffer_fetch GL_NV_copy_image GL_NV_fbo_color_attachments GL_EXT_bgra GL_EXT_texture_format_BGRA8888 GL_EXT_unpack_subimage GL_NV_pack_subimage GL_NV_texture_compression_s3tc_update GL_NV_read_depth GL_NV_read_stencil GL_NV_uniform_buffer_object GL_EXT_robustness GL_OES_standard_derivatives GL_NV_EGL_stream_consumer_external GL_NV_3dvision_settings GL_EXT_debug_marker GL_EXT_debug
04-11 03:34:48.738 26119 26145 I native-activity: Frame 0 GL error is 0x500
04-11 03:34:48.738 26119 26145 I native-activity: Frame 0 time is 489.615ms
04-11 03:34:48.824 26119 26145 I native-activity: Swap 0 time is 575.022ms
04-11 03:34:48.890   448   467 D gpslogd : agps_ril_update_network_state: Waiting for IPC connection - timeout
04-11 03:34:48.890   448   467 E gpslogd : LIBGPS: Cannot communicate (write) with a GPSD
04-11 03:34:48.890   448   467 E gpslogd : IPC Communication Error, /tmp/12075037/customers/Asustek/Tabletandroid/../../../proprietary/deliverables/android/gps_interface/../gps_interface/gpsi_client/GpsiClient.cpp:1194 agps_ril_update_network_state
04-11 03:34:48.890   448   467 D libgps  : proxy_agps_ril_update_network_state: called
04-11 03:34:48.890   448   467 D libgps  : proxy_agps_ril_update_network_availability()
04-11 03:34:48.890   448   467 D gpslogd : agps_ril_update_network_availability: Waiting for IPC connection...
04-11 03:34:48.924 26119 26145 I native-activity: Animating
04-11 03:34:48.947 26119 26145 I native-activity: Frame 1 GL error is 0x0
04-11 03:34:48.947 26119 26145 I native-activity: Frame 1 time is 22.516ms
04-11 03:34:48.955 26119 26145 I native-activity: Swap 1 time is 30.270ms
04-11 03:34:48.955 26119 26145 I native-activity: Animating
04-11 03:34:48.982 26119 26145 I native-activity: Frame 2 GL error is 0x0
04-11 03:34:48.982 26119 26145 I native-activity: Frame 2 time is 26.859ms
04-11 03:34:48.984 26119 26145 I native-activity: Swap 2 time is 28.451ms
04-11 03:34:48.984 26119 26145 I native-activity: Animating
04-11 03:34:48.985 26119 26145 I native-activity: Context 0x5ab8b308 made current on surface 0x5a6aef30, error 0x3000
04-11 03:34:48.985 26119 26145 I native-activity: GL information
04-11 03:34:48.985 26119 26145 I native-activity: 	Renderer: NVIDIA Tegra 3
04-11 03:34:48.985 26119 26145 I native-activity: 	Vendor: NVIDIA Corporation
04-11 03:34:48.985 26119 26145 I native-activity: 	Version: OpenGL ES 2.0 14.01003
04-11 03:34:48.985 26119 26145 I native-activity: 	Shading Language: OpenGL ES GLSL 1.00
04-11 03:34:48.985 26119 26145 I native-activity: 	Extensions: GL_OES_rgb8_rgba8 GL_OES_EGL_sync GL_OES_fbo_render_mipmap GL_NV_depth_nonlinear GL_NV_draw_path GL_NV_texture_npot_2D_mipmap GL_OES_EGL_image GL_OES_EGL_image_external GL_OES_vertex_half_float GL_OES_mapbuffer GL_NV_draw_buffers GL_NV_multiview_draw_buffers GL_EXT_Cg_shader GL_EXT_packed_float GL_OES_texture_half_float GL_EXT_texture_array GL_OES_compressed_ETC1_RGB8_texture GL_EXT_texture_compression_latc GL_NV_texture_compression_latc GL_EXT_texture_compression_dxt1 GL_EXT_texture_compression_s3tc GL_NV_texture_compression_s3tc GL_EXT_texture_filter_anisotropic GL_NV_get_tex_image GL_NV_read_buffer GL_NV_shader_framebuffer_fetch GL_NV_copy_image GL_NV_fbo_color_attachments GL_EXT_bgra GL_EXT_texture_format_BGRA8888 GL_EXT_unpack_subimage GL_NV_pack_subimage GL_NV_texture_compression_s3tc_update GL_NV_read_depth GL_NV_read_stencil GL_NV_uniform_buffer_object GL_EXT_robustness GL_OES_standard_derivatives GL_NV_EGL_stream_consumer_external GL_NV_3dvision_settings GL_EXT_debug_marker GL_EXT_debug
04-11 03:34:48.985 26119 26145 I native-activity: Frame 3 GL error is 0x501
04-11 03:34:48.986 26119 26145 I native-activity: Frame 3 time is 1.277ms
04-11 03:34:48.990 26119 26145 I native-activity: Swap 3 time is 6.241ms
04-11 03:34:48.991 26119 26145 I native-activity: Animating
04-11 03:34:49.125 26119 26145 I native-activity: Frame 4 GL error is 0x500
04-11 03:34:49.125 26119 26145 I native-activity: Frame 4 time is 134.165ms
04-11 03:34:49.135 26119 26145 I native-activity: Swap 4 time is 144.204ms
04-11 03:34:49.135 26119 26145 I native-activity: Animating
04-11 03:34:49.137 26119 26145 I native-activity: Frame 5 GL error is 0x0
04-11 03:34:49.137 26119 26145 I native-activity: Frame 5 time is 1.545ms
04-11 03:34:49.139 26119 26145 I native-activity: Swap 5 time is 4.013ms
04-11 03:34:49.139 26119 26145 I native-activity: Animating
04-11 03:34:49.141 26119 26145 I native-activity: Frame 6 GL error is 0x0
04-11 03:34:49.142 26119 26145 I native-activity: Frame 6 time is 1.982ms
04-11 03:34:49.150 26119 26145 I native-activity: Swap 6 time is 10.278ms
04-11 03:34:49.151 26119 26145 I native-activity: Animating
04-11 03:34:49.160 26119 26145 I native-activity: Frame 7 GL error is 0x0
04-11 03:34:49.160 26119 26145 I native-activity: Frame 7 time is 9.123ms
04-11 03:34:49.161 26119 26145 I native-activity: Swap 7 time is 10.605ms
04-11 03:34:49.161 26119 26145 I native-activity: Animating
04-11 03:34:49.179 26119 26145 I native-activity: Frame 8 GL error is 0x0
04-11 03:34:49.179 26119 26145 I native-activity: Frame 8 time is 17.398ms
04-11 03:34:49.181 26119 26145 I native-activity: Swap 8 time is 19.312ms
04-11 03:34:49.181 26119 26145 I native-activity: Animating
04-11 03:34:49.191 26119 26145 I native-activity: Frame 9 GL error is 0x0
04-11 03:34:49.191 26119 26145 I native-activity: Frame 9 time is 9.874ms
04-11 03:34:49.193 26119 26145 I native-activity: Swap 9 time is 11.660ms
04-11 03:34:49.193 26119 26145 I native-activity: Animating
04-11 03:34:49.211 26119 26145 I native-activity: Frame 10 GL error is 0x0
04-11 03:34:49.212 26119 26145 I native-activity: Frame 10 time is 18.296ms
04-11 03:34:49.213 26119 26145 I native-activity: Swap 10 time is 19.389ms
04-11 03:34:49.213 26119 26145 I native-activity: Animating
04-11 03:34:49.214 26046 26046 I art     : WaitForGcToComplete blocked for 10.518ms for cause DisableMovingGc
04-11 03:34:49.215 26046 26166 I art     : WaitForGcToComplete blocked for 5.996ms for cause DisableMovingGc
04-11 03:34:49.228 26119 26145 I native-activity: Frame 11 GL error is 0x0
04-11 03:34:49.228 26119 26145 I native-activity: Frame 11 time is 15.005ms
04-11 03:34:49.229 26119 26145 I native-activity: Swap 11 time is 15.999ms
04-11 03:34:49.229 26119 26145 I native-activity: Animating
04-11 03:34:49.241 26119 26145 I native-activity: Frame 12 GL error is 0x0
04-11 03:34:49.241 26119 26145 I native-activity: Frame 12 time is 11.741ms
04-11 03:34:49.242 26119 26145 I native-activity: Swap 12 time is 12.583ms
04-11 03:34:49.242 26119 26145 I native-activity: Animating
04-11 03:34:49.261 26119 26145 I native-activity: Frame 13 GL error is 0x0
04-11 03:34:49.261 26119 26145 I native-activity: Frame 13 time is 18.552ms
04-11 03:34:49.262 26119 26145 I native-activity: Swap 13 time is 19.450ms
04-11 03:34:49.262 26119 26145 I native-activity: Animating
04-11 03:34:49.276 26119 26145 I native-activity: Frame 14 GL error is 0x0
04-11 03:34:49.276 26119 26145 I native-activity: Frame 14 time is 14.422ms
04-11 03:34:49.278 26119 26145 I native-activity: Swap 14 time is 16.035ms
04-11 03:34:49.278 26119 26145 I native-activity: Animating
04-11 03:34:49.282   448 25942 D NetworkMonitor/NetworkAgentInfo [WIFI () - 2785]: EvaluatingState{ when=-2ms what=532486 arg1=2 target=com.android.internal.util.StateMachine$SmHandler }
04-11 03:34:49.282   448 25942 D NetworkMonitor/NetworkAgentInfo [WIFI () - 2785]: Checking http://connectivitycheck.android.com/generate_204 on "wildfredland"
04-11 03:34:49.292 26119 26145 I native-activity: Frame 15 GL error is 0x0
04-11 03:34:49.292 26119 26145 I native-activity: Frame 15 time is 13.717ms
04-11 03:34:49.293 26119 26145 I native-activity: Swap 15 time is 14.906ms
04-11 03:34:49.293 26119 26145 I native-activity: Animating
04-11 03:34:49.307 26046 26168 W cr_media: Requires BLUETOOTH permission
04-11 03:34:49.308 26119 26145 I native-activity: Frame 16 GL error is 0x0
04-11 03:34:49.308 26119 26145 I native-activity: Frame 16 time is 14.650ms
04-11 03:34:49.310 26119 26145 I native-activity: Swap 16 time is 16.246ms
04-11 03:34:49.310 26119 26145 I native-activity: Animating
04-11 03:34:49.317   448 25942 D NetworkMonitor/NetworkAgentInfo [WIFI () - 2785]: Probably not a portal: exception java.net.UnknownHostException: Unable to resolve host "connectivitycheck.android.com": No address associated with hostname
04-11 03:34:49.325 26119 26145 I native-activity: Frame 17 GL error is 0x0
04-11 03:34:49.325 26119 26145 I native-activity: Frame 17 time is 14.455ms
04-11 03:34:49.326 26119 26145 I native-activity: Swap 17 time is 15.423ms
04-11 03:34:49.326 26119 26145 I native-activity: Animating
04-11 03:34:49.341 26119 26145 I native-activity: Frame 18 GL error is 0x0
04-11 03:34:49.341 26119 26145 I native-activity: Frame 18 time is 15.107ms
04-11 03:34:49.343 26119 26145 I native-activity: Swap 18 time is 16.896ms
04-11 03:34:49.343 26119 26145 I native-activity: Animating
04-11 03:34:49.358 26119 26145 I native-activity: Frame 19 GL error is 0x0
04-11 03:34:49.358 26119 26145 I native-activity: Frame 19 time is 14.702ms
04-11 03:34:49.359 26119 26145 I native-activity: Swap 19 time is 15.569ms
04-11 03:34:49.359 26119 26145 I native-activity: Animating
04-11 03:34:49.375 26119 26145 I native-activity: Frame 20 GL error is 0x0
04-11 03:34:49.375 26119 26145 I native-activity: Frame 20 time is 15.395ms
04-11 03:34:49.376 26119 26145 I native-activity: Swap 20 time is 16.652ms
04-11 03:34:49.376 26119 26145 I native-activity: Animating
04-11 03:34:49.391 26119 26145 I native-activity: Frame 21 GL error is 0x0
04-11 03:34:49.391 26119 26145 I native-activity: Frame 21 time is 15.315ms
04-11 03:34:49.393 26119 26145 I native-activity: Swap 21 time is 16.532ms
04-11 03:34:49.393 26119 26145 I native-activity: Animating
04-11 03:34:49.408 26119 26145 I native-activity: Frame 22 GL error is 0x0
04-11 03:34:49.408 26119 26145 I native-activity: Frame 22 time is 15.264ms
04-11 03:34:49.409 26119 26145 I native-activity: Swap 22 time is 16.139ms
04-11 03:34:49.409 26119 26145 I native-activity: Animating
04-11 03:34:49.424 26119 26145 I native-activity: Frame 23 GL error is 0x0
04-11 03:34:49.424 26119 26145 I native-activity: Frame 23 time is 15.307ms
04-11 03:34:49.431 26119 26145 I native-activity: Swap 23 time is 22.190ms
04-11 03:34:49.432 26119 26145 I native-activity: Animating
04-11 03:34:49.441 26119 26145 I native-activity: Frame 24 GL error is 0x0
04-11 03:34:49.441 26119 26145 I native-activity: Frame 24 time is 9.443ms
04-11 03:34:49.442 26119 26145 I native-activity: Swap 24 time is 10.344ms
04-11 03:34:49.442 26119 26145 I native-activity: Animating
04-11 03:34:49.458 26119 26145 I native-activity: Frame 25 GL error is 0x0
04-11 03:34:49.458 26119 26145 I native-activity: Frame 25 time is 15.766ms
04-11 03:34:49.459 26119 26145 I native-activity: Swap 25 time is 16.818ms
04-11 03:34:49.459 26119 26145 I native-activity: Animating
04-11 03:34:49.474 26119 26145 I native-activity: Frame 26 GL error is 0x0
04-11 03:34:49.475 26119 26145 I native-activity: Frame 26 time is 15.192ms
04-11 03:34:49.476 26119 26145 I native-activity: Swap 26 time is 16.245ms
04-11 03:34:49.476 26119 26145 I native-activity: Animating
04-11 03:34:49.491 26119 26145 I native-activity: Frame 27 GL error is 0x0
04-11 03:34:49.491 26119 26145 I native-activity: Frame 27 time is 15.002ms
04-11 03:34:49.492 26119 26145 I native-activity: Swap 27 time is 15.702ms
04-11 03:34:49.492 26119 26145 I native-activity: Animating
04-11 03:34:49.511 26119 26145 I native-activity: Frame 28 GL error is 0x0
04-11 03:34:49.511 26119 26145 I native-activity: Frame 28 time is 19.284ms
04-11 03:34:49.518 26119 26145 I native-activity: Swap 28 time is 25.909ms
04-11 03:34:49.518 26119 26145 I native-activity: Animating
04-11 03:34:49.527 26119 26145 I native-activity: Frame 29 GL error is 0x0
04-11 03:34:49.531 26119 26145 I native-activity: Frame 29 time is 8.643ms
04-11 03:34:49.533 26119 26145 I native-activity: Swap 29 time is 14.698ms
04-11 03:34:49.533 26119 26145 I native-activity: Animating
04-11 03:34:49.542 26119 26145 I native-activity: Frame 30 GL error is 0x0
04-11 03:34:49.542 26119 26145 I native-activity: Frame 30 time is 9.003ms
04-11 03:34:49.544 26119 26145 I native-activity: Swap 30 time is 10.516ms
04-11 03:34:49.544 26119 26145 I native-activity: Animating
04-11 03:34:49.575 26119 26145 I native-activity: Frame 31 GL error is 0x0
04-11 03:34:49.576 26119 26145 I native-activity: Frame 31 time is 31.397ms
04-11 03:34:49.582 26119 26145 I native-activity: Swap 31 time is 37.548ms
04-11 03:34:49.583 26119 26145 I native-activity: Animating
04-11 03:34:49.683 26046 26046 I cr_SnippetsLauncher: Unscheduling
04-11 03:34:49.689 26046 26046 W InstanceID/Rpc: Found 10019
04-11 03:34:49.720  8277 27307 D ConnectivityManager.CallbackHandler: CM callback handler got msg 524290
04-11 03:34:49.983 26119 26145 I native-activity: Frame 32 GL error is 0x0
04-11 03:34:49.983 26119 26145 I native-activity: Frame 32 time is 400.284ms
04-11 03:34:49.984 26119 26145 I native-activity: Swap 32 time is 401.620ms
04-11 03:34:49.985 26119 26145 I native-activity: Animating
04-11 03:34:50.073 26119 26145 I native-activity: Frame 33 GL error is 0x0
04-11 03:34:50.073 26119 26145 I native-activity: Frame 33 time is 88.436ms
04-11 03:34:50.074 26119 26145 I native-activity: Swap 33 time is 89.272ms
04-11 03:34:50.074 26119 26145 I native-activity: Animating
04-11 03:34:50.132   124  1186 I WVCdm   : CdmEngine::CloseSession
04-11 03:34:50.136   124  1186 I WVCdm   : L3 Terminate.
04-11 03:34:50.482  8277 26070 I CheckinUtil: Classify the device as Tablet.
04-11 03:34:50.489 26119 26145 I native-activity: Frame 34 GL error is 0x0
04-11 03:34:50.489 26119 26145 I native-activity: Frame 34 time is 414.780ms
04-11 03:34:50.491 26119 26145 I native-activity: Swap 34 time is 416.607ms
04-11 03:34:50.492 26119 26145 I native-activity: Animating
04-11 03:34:50.569   448   464 I ActivityManager: Start proc 26180:com.android.chrome:privileged_process0/u0a9 for service com.android.chrome/org.chromium.content.app.PrivilegedProcessService0
04-11 03:34:50.576 26119 26145 I native-activity: Frame 35 GL error is 0x0
04-11 03:34:50.576 26119 26145 I native-activity: Frame 35 time is 84.780ms
04-11 03:34:50.582 26119 26145 I native-activity: Swap 35 time is 90.638ms
04-11 03:34:50.583 26119 26145 I native-activity: Animating
04-11 03:34:50.597   448   605 E WifiStateMachine: WifiStateMachine CMD_START_SCAN source -2 txSuccessRate=902.13 rxSuccessRate=2667.30 targetRoamBSSID=b0:48:7a:cb:7c:ec RSSI=-85
04-11 03:34:50.597   448   605 E WifiStateMachine: WifiStateMachine L2Connected CMD_START_SCAN source -2 17709, 17710 -> obsolete
04-11 03:34:50.720   448   467 D gpslogd : agps_ril_update_network_availability: Waiting for IPC connection - timeout
04-11 03:34:50.720   448   467 E gpslogd : LIBGPS: Cannot communicate (write) with a GPSD
04-11 03:34:50.720   448   467 E gpslogd : IPC Communication Error, /tmp/12075037/customers/Asustek/Tabletandroid/../../../proprietary/deliverables/android/gps_interface/../gps_interface/gpsi_client/GpsiClient.cpp:1213 agps_ril_update_network_availability
04-11 03:34:50.729 26180 26180 I cr_ChildProcessService: Creating new ChildProcessService pid=26180
04-11 03:34:50.738 26180 26201 I cr_LibraryLoader: Using linker: org.chromium.base.library_loader.LegacyLinker
04-11 03:34:50.755 26180 26201 I cr_LibraryLoader: Loading chrome from within /data/app/com.android.chrome-2/base.apk
04-11 03:34:51.154   448   647 D ConnectivityService: listenForNetwork for NetworkRequest [ id=506, legacyType=-1, [ Capabilities: INTERNET&NOT_RESTRICTED&TRUSTED] ]
04-11 03:34:51.154   448   613 D ConnectivityService: handleRegisterNetworkRequest checking NetworkAgentInfo [WIFI () - 2785]
04-11 03:34:51.154   448   613 D ConnectivityService: apparently satisfied.  currentScore=19
04-11 03:34:51.159 26046 26203 D ConnectivityManager.CallbackHandler: CM callback handler got msg 524290
04-11 03:34:51.343 26180 26201 I cr_LibraryLoader: Time to load native libraries: 588 ms (timestamps 6824-7412)
04-11 03:34:51.343 26180 26201 I cr_LibraryLoader: Expected native library version number "52.0.2743.98", actual native library version number "52.0.2743.98"
04-11 03:34:51.345 26180 26201 I chromium: [INFO:library_loader_hooks.cc(143)] Chromium logging enabled: level = 0, default verbosity = 0
04-11 03:34:51.371 26180 26201 D libEGL  : loaded /system/lib/egl/libEGL_tegra.so
04-11 03:34:51.396   448   613 D ConnectivityService: updateNetworkScore for NetworkAgentInfo [WIFI () - 2785] to 60
04-11 03:34:51.397   448   613 D ConnectivityService: rematching NetworkAgentInfo [WIFI () - 2785]
04-11 03:34:51.397   448   613 D ConnectivityService: Network NetworkAgentInfo [WIFI () - 2785] was already satisfying request 503. No change.
04-11 03:34:51.397   448   613 D ConnectivityService: Network NetworkAgentInfo [WIFI () - 2785] was already satisfying request 1. No change.
04-11 03:34:51.397   448   613 D ConnectivityService: notifyType AVAILABLE for NetworkAgentInfo [WIFI () - 2785]
04-11 03:34:51.398   666  1123 D ConnectivityManager.CallbackHandler: CM callback handler got msg 524290
04-11 03:34:51.400 25234 25335 D ConnectivityManager.CallbackHandler: CM callback handler got msg 524290
04-11 03:34:51.401 25234 25335 D Event   : No subscribers registered for event class com.tplink.hellotp.shared.j
04-11 03:34:51.401 25234 25335 D Event   : No subscribers registered for event class de.greenrobot.event.f
04-11 03:34:51.404  8277 27307 D ConnectivityManager.CallbackHandler: CM callback handler got msg 524290
04-11 03:34:51.404 25472 25552 D ConnectivityManager.CallbackHandler: CM callback handler got msg 524290
04-11 03:34:51.405 25234 25335 D ConnectivityManager.CallbackHandler: CM callback handler got msg 524290
04-11 03:34:51.406 25234 25335 D Event   : No subscribers registered for event class com.tplink.hellotp.shared.j
04-11 03:34:51.406 25234 25335 D Event   : No subscribers registered for event class de.greenrobot.event.f
04-11 03:34:51.408 26180 26201 D libEGL  : loaded /system/lib/egl/libGLESv1_CM_tegra.so
04-11 03:34:51.456 26180 26201 D libEGL  : loaded /system/lib/egl/libGLESv2_tegra.so
04-11 03:34:51.515 26180 26201 E libEGL  : validate_display:255 error 3008 (EGL_BAD_DISPLAY)
04-11 03:34:51.611 26046 26203 D ConnectivityManager.CallbackHandler: CM callback handler got msg 524290
04-11 03:34:51.819 24154 24154 I Finsky  : [1] com.google.android.finsky.utils.as.run(3288): Package state data is missing for com.example.sonicdash_stage1
04-11 03:34:51.918 26180 26201 W VideoCapabilities: Unsupported mime video/mpeg2
04-11 03:34:51.921 26180 26201 W AudioCapabilities: Unsupported mime audio/mpeg-L2
04-11 03:34:51.958 26180 26201 I VideoCapabilities: Unsupported profile 4 for video/mp4v-es
04-11 03:34:52.047 25998 25998 W GAV2    : Thread[main,5,main]: dispatch call queued.  Need to call GAServiceManager.getInstance().initialize().
04-11 03:34:52.068  8230  8230 I WearableService: Wear is not allowed to run on this device. Not starting Wear service.
04-11 03:34:52.072  8230  8230 D WearableService: callingUid 10019, callindPid: 8230
04-11 03:34:52.084 24154 24154 E Finsky  : [1] com.google.android.finsky.wear.bl.a(847): onConnectionFailed: ConnectionResult{statusCode=API_UNAVAILABLE, resolution=null, message=null}
04-11 03:34:52.084 24154 24154 I Finsky  : [1] com.google.android.finsky.wear.aj.run(20402): Dropping command=auto_install due to Gms not connected
04-11 03:34:52.091 24154 24154 I Finsky  : [1] com.google.android.finsky.wear.aj.run(20402): Dropping command=send_installed_apps due to Gms not connected
04-11 03:34:52.638  8277 18146 I Icing   : Indexing done E39507B082016A53FCBCE5C30B5ED7BC5C9C029B
04-11 03:34:53.042 26046 26172 E chromium: [ERROR:android_provider_backend.cc(860)] Can not find favicon's page url
04-11 03:34:53.042 26046 26172 E chromium: [ERROR:android_provider_backend.cc(860)] Can not find favicon's page url
04-11 03:34:53.042 26046 26172 E chromium: [ERROR:android_provider_backend.cc(860)] Can not find favicon's page url
04-11 03:34:53.042 26046 26172 E chromium: [ERROR:android_provider_backend.cc(860)] Can not find favicon's page url
04-11 03:34:53.042 26046 26172 E chromium: [ERROR:android_provider_backend.cc(860)] Can not find favicon's page url
04-11 03:34:53.042 26046 26172 E chromium: [ERROR:android_provider_backend.cc(860)] Can not find favicon's page url
04-11 03:34:53.042 26046 26172 E chromium: [ERROR:android_provider_backend.cc(860)] Can not find favicon's page url
04-11 03:34:53.042 26046 26172 E chromium: [ERROR:android_provider_backend.cc(860)] Can not find favicon's page url
04-11 03:34:53.043 26046 26172 E chromium: [ERROR:android_provider_backend.cc(860)] Can not find favicon's page url
04-11 03:34:53.043 26046 26172 E chromium: [ERROR:android_provider_backend.cc(860)] Can not find favicon's page url
04-11 03:34:53.043 26046 26172 E chromium: [ERROR:android_provider_backend.cc(860)] Can not find favicon's page url
04-11 03:34:53.043 26046 26172 E chromium: [ERROR:android_provider_backend.cc(860)] Can not find favicon's page url
04-11 03:34:53.044 26046 26172 E chromium: [ERROR:android_provider_backend.cc(860)] Can not find favicon's page url
04-11 03:34:53.044 26046 26172 E chromium: [ERROR:android_provider_backend.cc(860)] Can not find favicon's page url
04-11 03:34:53.044 26046 26172 E chromium: [ERROR:android_provider_backend.cc(860)] Can not find favicon's page url
04-11 03:34:53.044 26046 26172 E chromium: [ERROR:android_provider_backend.cc(860)] Can not find favicon's page url
04-11 03:34:53.044 26046 26172 E chromium: [ERROR:android_provider_backend.cc(860)] Can not find favicon's page url
04-11 03:34:53.045 26046 26172 E chromium: [ERROR:android_provider_backend.cc(860)] Can not find favicon's page url
04-11 03:34:53.045 26046 26172 E chromium: [ERROR:android_provider_backend.cc(860)] Can not find favicon's page url
04-11 03:34:53.046 26046 26172 E chromium: [ERROR:android_provider_backend.cc(860)] Can not find favicon's page url
04-11 03:34:53.046 26046 26172 E chromium: [ERROR:android_provider_backend.cc(860)] Can not find favicon's page url
04-11 03:34:53.047 26046 26172 E chromium: [ERROR:android_provider_backend.cc(860)] Can not find favicon's page url
04-11 03:34:53.047 26046 26172 E chromium: [ERROR:android_provider_backend.cc(860)] Can not find favicon's page url
04-11 03:34:53.047 26046 26172 E chromium: [ERROR:android_provider_backend.cc(860)] Can not find favicon's page url
04-11 03:34:53.047 26046 26172 E chromium: [ERROR:android_provider_backend.cc(860)] Can not find favicon's page url
04-11 03:34:53.047 26046 26172 E chromium: [ERROR:android_provider_backend.cc(860)] Can not find favicon's page url
04-11 03:34:53.047 26046 26172 E chromium: [ERROR:android_provider_backend.cc(860)] Can not find favicon's page url
04-11 03:34:53.047 26046 26172 E chromium: [ERROR:android_provider_backend.cc(860)] Can not find favicon's page url
04-11 03:34:53.048 26046 26172 E chromium: [ERROR:android_provider_backend.cc(860)] Can not find favicon's page url
04-11 03:34:53.321  8277 26219 D Wear_Controller: Received broadcast action=android.intent.action.PACKAGE_ADDED and uri=com.example.sonicdash_stage1
04-11 03:34:53.614 26119 26145 I native-activity: Frame 36 GL error is 0x501
04-11 03:34:53.614 26119 26145 I native-activity: Frame 36 time is 3030.958ms
04-11 03:34:53.614 26119 26145 I native-activity: Swap 36 time is 3031.494ms
04-11 03:34:53.615 26119 26145 I native-activity: Animating
04-11 03:34:53.644 25998 26147 I GAV2    : Thread[GAThread,5,main]: No campaign data found.
04-11 03:34:53.695 26119 26145 I native-activity: Frame 37 GL error is 0x501
04-11 03:34:53.695 26119 26145 I native-activity: Frame 37 time is 80.210ms
04-11 03:34:53.696 26119 26145 I native-activity: Swap 37 time is 80.986ms
04-11 03:34:53.696 26119 26145 I native-activity: Animating
04-11 03:34:53.842 26119 26145 I native-activity: Frame 38 GL error is 0x0
04-11 03:34:53.842 26119 26145 I native-activity: Frame 38 time is 145.878ms
04-11 03:34:53.852 26119 26145 I native-activity: Swap 38 time is 156.035ms
04-11 03:34:53.852 26119 26145 I native-activity: Animating
04-11 03:34:53.890 25234 25234 D Event   : No subscribers registered for event class com.tplink.hellotp.shared.o
04-11 03:34:53.890 25234 25234 D Event   : No subscribers registered for event class de.greenrobot.event.f
04-11 03:34:54.151 26119 26145 I native-activity: Frame 39 GL error is 0x0
04-11 03:34:54.151 26119 26145 I native-activity: Frame 39 time is 298.129ms
04-11 03:34:54.152 26119 26145 I native-activity: Swap 39 time is 299.104ms
04-11 03:34:54.152 26119 26145 I native-activity: Animating
04-11 03:34:54.184 26119 26145 I native-activity: Frame 40 GL error is 0x0
04-11 03:34:54.184 26119 26145 I native-activity: Frame 40 time is 31.972ms
04-11 03:34:54.185 26119 26145 I native-activity: Swap 40 time is 32.550ms
04-11 03:34:54.185 26119 26145 I native-activity: Animating
04-11 03:34:54.214 26119 26145 I native-activity: Frame 41 GL error is 0x0
04-11 03:34:54.214 26119 26145 I native-activity: Frame 41 time is 28.996ms
04-11 03:34:54.215 26119 26145 I native-activity: Swap 41 time is 29.828ms
04-11 03:34:54.215 26119 26145 I native-activity: Animating
04-11 03:34:54.262 26119 26145 I native-activity: Frame 42 GL error is 0x0
04-11 03:34:54.262 26119 26145 I native-activity: Frame 42 time is 46.794ms
04-11 03:34:54.263 26119 26145 I native-activity: Swap 42 time is 47.631ms
04-11 03:34:54.263 26119 26145 I native-activity: Animating
04-11 03:34:54.294 26119 26145 I native-activity: Frame 43 GL error is 0x0
04-11 03:34:54.294 26119 26145 I native-activity: Frame 43 time is 30.897ms
04-11 03:34:54.294 26119 26145 I native-activity: Swap 43 time is 31.636ms
04-11 03:34:54.295 26119 26145 I native-activity: Animating
04-11 03:34:54.326 26119 26145 I native-activity: Frame 44 GL error is 0x0
04-11 03:34:54.326 26119 26145 I native-activity: Frame 44 time is 31.153ms
04-11 03:34:54.331 26119 26145 I native-activity: Swap 44 time is 36.441ms
04-11 03:34:54.332 26119 26145 I native-activity: Animating
04-11 03:34:54.496   448 25942 D NetworkMonitor/NetworkAgentInfo [WIFI () - 2785]: EvaluatingState{ when=-178ms what=532486 arg1=3 target=com.android.internal.util.StateMachine$SmHandler }
04-11 03:34:54.496   448 25942 D NetworkMonitor/NetworkAgentInfo [WIFI () - 2785]: Checking http://connectivitycheck.android.com/generate_204 on "wildfredland"
