04-11 03:39:33.239 28499 28522 V native-activity: 		EGL_TRANSPARENT_BLUE_VALUE: 0
04-11 03:39:33.239 28499 28522 V native-activity: 		EGL_STENCIL_SIZE: 8
04-11 03:39:33.239 28499 28522 V native-activity: 		EGL_DEPTH_SIZE: 16
04-11 03:39:33.239 28499 28522 V native-activity: 		EGL_BIND_TO_TEXTURE_RGB: 0
04-11 03:39:33.239 28499 28522 V native-activity: 		EGL_BIND_TO_TEXTURE_RGBA: 0
04-11 03:39:33.239 28499 28522 V native-activity: 		EGL_MIN_SWAP_INTERVAL: 0
04-11 03:39:33.239 28499 28522 V native-activity: 		EGL_MAX_SWAP_INTERVAL: 1
04-11 03:39:33.239 28499 28522 V native-activity: 		EGL_MAX_PBUFFER_WIDTH: 2048
04-11 03:39:33.239 28499 28522 V native-activity: 		EGL_MAX_PBUFFER_HEIGHT: 2048
04-11 03:39:33.239 28499 28522 D native-activity: 	Config 0xcaf358 index 47
04-11 03:39:33.239 28499 28522 V native-activity: 		EGL_CONFIG_ID: 74
04-11 03:39:33.239 28499 28522 V native-activity: 		EGL_CONFORMANT: 5 EGL_OPENGL_ES_BIT, EGL_OPENGL_ES2_BIT,
04-11 03:39:33.239 28499 28522 V native-activity: 		EGL_CONFIG_CAVEAT: 12344 EGL_NONE,
04-11 03:39:33.239 28499 28522 V native-activity: 		EGL_RENDERABLE_TYPE: 5 EGL_OPENGL_ES_BIT, EGL_OPENGL_ES2_BIT,
04-11 03:39:33.239 28499 28522 V native-activity: 		EGL_SURFACE_TYPE: 3175 EGL_PBUFFER_BIT, EGL_PIXMAP_BIT, EGL_SWAP_BEHAVIOR_PRESERVED_BIT, EGL_VG_ALPHA_FORMAT_PRE_BIT, EGL_VG_COLORSPACE_LINEAR_BIT, EGL_WINDOW_BIT,
04-11 03:39:33.239 28499 28522 V native-activity: 		EGL_LEVEL: 0
04-11 03:39:33.239 28499 28522 V native-activity: 		EGL_COLOR_BUFFER_TYPE: 12430 EGL_RGB_BUFFER,
04-11 03:39:33.239 28499 28522 V native-activity: 		EGL_BUFFER_SIZE: 32
04-11 03:39:33.239 28499 28522 V native-activity: 		EGL_SAMPLES: 0
04-11 03:39:33.239 28499 28522 V native-activity: 		EGL_SAMPLE_BUFFERS: 0
04-11 03:39:33.239 28499 28522 V native-activity: 		EGL_RED_SIZE: 8
04-11 03:39:33.239 28499 28522 V native-activity: 		EGL_GREEN_SIZE: 8
04-11 03:39:33.240 28499 28522 V native-activity: 		EGL_BLUE_SIZE: 8
04-11 03:39:33.240 28499 28522 V native-activity: 		EGL_ALPHA_SIZE: 0
04-11 03:39:33.240 28499 28522 V native-activity: 		EGL_ALPHA_MASK_SIZE: 8
04-11 03:39:33.240 28499 28522 V native-activity: 		EGL_LUMINANCE_SIZE: 0
04-11 03:39:33.240 28499 28522 V native-activity: 		EGL_TRANSPARENT_TYPE: 12344 EGL_NONE,
04-11 03:39:33.240 28499 28522 V native-activity: 		EGL_TRANSPARENT_RED_VALUE: 0
04-11 03:39:33.240 28499 28522 V native-activity: 		EGL_TRANSPARENT_GREEN_VALUE: 0
04-11 03:39:33.240 28499 28522 V native-activity: 		EGL_TRANSPARENT_BLUE_VALUE: 0
04-11 03:39:33.240 28499 28522 V native-activity: 		EGL_STENCIL_SIZE: 8
04-11 03:39:33.240 28499 28522 V native-activity: 		EGL_DEPTH_SIZE: 0
04-11 03:39:33.240 28499 28522 V native-activity: 		EGL_BIND_TO_TEXTURE_RGB: 0
04-11 03:39:33.240 28499 28522 V native-activity: 		EGL_BIND_TO_TEXTURE_RGBA: 0
04-11 03:39:33.240 28499 28522 V native-activity: 		EGL_MIN_SWAP_INTERVAL: 0
04-11 03:39:33.240 28499 28522 V native-activity: 		EGL_MAX_SWAP_INTERVAL: 1
04-11 03:39:33.240 28499 28522 V native-activity: 		EGL_MAX_PBUFFER_WIDTH: 2048
04-11 03:39:33.240 28499 28522 V native-activity: 		EGL_MAX_PBUFFER_HEIGHT: 2048
04-11 03:39:33.240 28499 28522 D native-activity: 	Config 0xcaf359 index 48
04-11 03:39:33.240 28499 28522 V native-activity: 		EGL_CONFIG_ID: 75
04-11 03:39:33.240 28499 28522 V native-activity: 		EGL_CONFORMANT: 4 EGL_OPENGL_ES2_BIT,
04-11 03:39:33.240 28499 28522 V native-activity: 		EGL_CONFIG_CAVEAT: 12344 EGL_NONE,
04-11 03:39:33.240 28499 28522 V native-activity: 		EGL_RENDERABLE_TYPE: 4 EGL_OPENGL_ES2_BIT,
04-11 03:39:33.240 28499 28522 V native-activity: 		EGL_SURFACE_TYPE: 3175 EGL_PBUFFER_BIT, EGL_PIXMAP_BIT, EGL_SWAP_BEHAVIOR_PRESERVED_BIT, EGL_VG_ALPHA_FORMAT_PRE_BIT, EGL_VG_COLORSPACE_LINEAR_BIT, EGL_WINDOW_BIT,
04-11 03:39:33.240 28499 28522 V native-activity: 		EGL_LEVEL: 0
04-11 03:39:33.240 28499 28522 V native-activity: 		EGL_COLOR_BUFFER_TYPE: 12430 EGL_RGB_BUFFER,
04-11 03:39:33.240 28499 28522 V native-activity: 		EGL_BUFFER_SIZE: 32
04-11 03:39:33.240 28499 28522 V native-activity: 		EGL_SAMPLES: 0
04-11 03:39:33.240 28499 28522 V native-activity: 		EGL_SAMPLE_BUFFERS: 0
04-11 03:39:33.240 28499 28522 V native-activity: 		EGL_RED_SIZE: 8
04-11 03:39:33.240 28499 28522 V native-activity: 		EGL_GREEN_SIZE: 8
04-11 03:39:33.240 28499 28522 V native-activity: 		EGL_BLUE_SIZE: 8
04-11 03:39:33.240 28499 28522 V native-activity: 		EGL_ALPHA_SIZE: 0
04-11 03:39:33.240 28499 28522 V native-activity: 		EGL_ALPHA_MASK_SIZE: 8
04-11 03:39:33.240 28499 28522 V native-activity: 		EGL_LUMINANCE_SIZE: 0
04-11 03:39:33.240 28499 28522 V native-activity: 		EGL_TRANSPARENT_TYPE: 12344 EGL_NONE,
04-11 03:39:33.240 28499 28522 V native-activity: 		EGL_TRANSPARENT_RED_VALUE: 0
04-11 03:39:33.240 28499 28522 V native-activity: 		EGL_TRANSPARENT_GREEN_VALUE: 0
04-11 03:39:33.240 28499 28522 V native-activity: 		EGL_TRANSPARENT_BLUE_VALUE: 0
04-11 03:39:33.240 28499 28522 V native-activity: 		EGL_STENCIL_SIZE: 8
04-11 03:39:33.240 28499 28522 V native-activity: 		EGL_DEPTH_SIZE: 16
04-11 03:39:33.240 28499 28522 V native-activity: 		EGL_BIND_TO_TEXTURE_RGB: 0
04-11 03:39:33.240 28499 28522 V native-activity: 		EGL_BIND_TO_TEXTURE_RGBA: 0
04-11 03:39:33.240 28499 28522 V native-activity: 		EGL_MIN_SWAP_INTERVAL: 0
04-11 03:39:33.240 28499 28522 V native-activity: 		EGL_MAX_SWAP_INTERVAL: 1
04-11 03:39:33.240 28499 28522 V native-activity: 		EGL_MAX_PBUFFER_WIDTH: 2048
04-11 03:39:33.240 28499 28522 V native-activity: 		EGL_MAX_PBUFFER_HEIGHT: 2048
04-11 03:39:33.240 28499 28522 D native-activity: 	Config 0xcaf35a index 49
04-11 03:39:33.240 28499 28522 V native-activity: 		EGL_CONFIG_ID: 76
04-11 03:39:33.240 28499 28522 V native-activity: 		EGL_CONFORMANT: 4 EGL_OPENGL_ES2_BIT,
04-11 03:39:33.240 28499 28522 V native-activity: 		EGL_CONFIG_CAVEAT: 12344 EGL_NONE,
04-11 03:39:33.240 28499 28522 V native-activity: 		EGL_RENDERABLE_TYPE: 4 EGL_OPENGL_ES2_BIT,
04-11 03:39:33.240 28499 28522 V native-activity: 		EGL_SURFACE_TYPE: 3175 EGL_PBUFFER_BIT, EGL_PIXMAP_BIT, EGL_SWAP_BEHAVIOR_PRESERVED_BIT, EGL_VG_ALPHA_FORMAT_PRE_BIT, EGL_VG_COLORSPACE_LINEAR_BIT, EGL_WINDOW_BIT,
04-11 03:39:33.240 28499 28522 V native-activity: 		EGL_LEVEL: 0
04-11 03:39:33.241 28499 28522 V native-activity: 		EGL_COLOR_BUFFER_TYPE: 12430 EGL_RGB_BUFFER,
04-11 03:39:33.241 28499 28522 V native-activity: 		EGL_BUFFER_SIZE: 32
04-11 03:39:33.241 28499 28522 V native-activity: 		EGL_SAMPLES: 0
04-11 03:39:33.241 28499 28522 V native-activity: 		EGL_SAMPLE_BUFFERS: 0
04-11 03:39:33.241 28499 28522 V native-activity: 		EGL_RED_SIZE: 8
04-11 03:39:33.241 28499 28522 V native-activity: 		EGL_GREEN_SIZE: 8
04-11 03:39:33.241 28499 28522 V native-activity: 		EGL_BLUE_SIZE: 8
04-11 03:39:33.241 28499 28522 V native-activity: 		EGL_ALPHA_SIZE: 0
04-11 03:39:33.241 28499 28522 V native-activity: 		EGL_ALPHA_MASK_SIZE: 8
04-11 03:39:33.241 28499 28522 V native-activity: 		EGL_LUMINANCE_SIZE: 0
04-11 03:39:33.241 28499 28522 V native-activity: 		EGL_TRANSPARENT_TYPE: 12344 EGL_NONE,
04-11 03:39:33.241 28499 28522 V native-activity: 		EGL_TRANSPARENT_RED_VALUE: 0
04-11 03:39:33.241 28499 28522 V native-activity: 		EGL_TRANSPARENT_GREEN_VALUE: 0
04-11 03:39:33.241 28499 28522 V native-activity: 		EGL_TRANSPARENT_BLUE_VALUE: 0
04-11 03:39:33.241 28499 28522 V native-activity: 		EGL_STENCIL_SIZE: 0
04-11 03:39:33.241 28499 28522 V native-activity: 		EGL_DEPTH_SIZE: 16
04-11 03:39:33.241 28499 28522 V native-activity: 		EGL_BIND_TO_TEXTURE_RGB: 0
04-11 03:39:33.241 28499 28522 V native-activity: 		EGL_BIND_TO_TEXTURE_RGBA: 0
04-11 03:39:33.241 28499 28522 V native-activity: 		EGL_MIN_SWAP_INTERVAL: 0
04-11 03:39:33.241 28499 28522 V native-activity: 		EGL_MAX_SWAP_INTERVAL: 1
04-11 03:39:33.241 28499 28522 V native-activity: 		EGL_MAX_PBUFFER_WIDTH: 2048
04-11 03:39:33.241 28499 28522 V native-activity: 		EGL_MAX_PBUFFER_HEIGHT: 2048
04-11 03:39:33.241 28499 28522 D native-activity: Examining config 0xcaf329
04-11 03:39:33.241 28499 28522 D native-activity: Comparing requested attrib 12339 value 4 to 3175
04-11 03:39:33.241 28499 28522 D native-activity: Comparing requested attrib 12352 value 4 to 5
04-11 03:39:33.241 28499 28522 D native-activity: Comparing requested attrib 12322 value 8 to 8
04-11 03:39:33.241 28499 28522 D native-activity: Comparing requested attrib 12323 value 8 to 8
04-11 03:39:33.241 28499 28522 D native-activity: Comparing requested attrib 12324 value 8 to 8
04-11 03:39:33.241 28499 28522 D native-activity: Comparing requested attrib 12321 value 8 to 8
04-11 03:39:33.241 28499 28522 D native-activity: Comparing requested attrib 12325 value 16 to 16
04-11 03:39:33.241 28499 28522 D native-activity: Comparing requested attrib 12326 value -1 to 8
04-11 03:39:33.241 28499 28522 D native-activity: Comparing requested attrib 12337 value 0 to 0
04-11 03:39:33.241 28499 28522 I native-activity: Using config 0xcaf329 of 50 configs
04-11 03:39:33.241 28499 28522 I native-activity: 		EGL_CONFIG_ID: 1
04-11 03:39:33.241 28499 28522 I native-activity: 		EGL_CONFORMANT: 5 EGL_OPENGL_ES_BIT, EGL_OPENGL_ES2_BIT,
04-11 03:39:33.242 28499 28522 I native-activity: 		EGL_CONFIG_CAVEAT: 12344 EGL_NONE,
04-11 03:39:33.242 28499 28522 I native-activity: 		EGL_RENDERABLE_TYPE: 5 EGL_OPENGL_ES_BIT, EGL_OPENGL_ES2_BIT,
04-11 03:39:33.242 28499 28522 I native-activity: 		EGL_SURFACE_TYPE: 3175 EGL_PBUFFER_BIT, EGL_PIXMAP_BIT, EGL_SWAP_BEHAVIOR_PRESERVED_BIT, EGL_VG_ALPHA_FORMAT_PRE_BIT, EGL_VG_COLORSPACE_LINEAR_BIT, EGL_WINDOW_BIT,
04-11 03:39:33.242 28499 28522 I native-activity: 		EGL_LEVEL: 0
04-11 03:39:33.242 28499 28522 I native-activity: 		EGL_COLOR_BUFFER_TYPE: 12430 EGL_RGB_BUFFER,
04-11 03:39:33.242 28499 28522 I native-activity: 		EGL_BUFFER_SIZE: 32
04-11 03:39:33.242 28499 28522 I native-activity: 		EGL_SAMPLES: 0
04-11 03:39:33.242 28499 28522 I native-activity: 		EGL_SAMPLE_BUFFERS: 0
04-11 03:39:33.242 28499 28522 I native-activity: 		EGL_RED_SIZE: 8
04-11 03:39:33.242 28499 28522 I native-activity: 		EGL_GREEN_SIZE: 8
04-11 03:39:33.242 28499 28522 I native-activity: 		EGL_BLUE_SIZE: 8
04-11 03:39:33.242 28499 28522 I native-activity: 		EGL_ALPHA_SIZE: 8
04-11 03:39:33.242 28499 28522 I native-activity: 		EGL_ALPHA_MASK_SIZE: 8
04-11 03:39:33.242 28499 28522 I native-activity: 		EGL_LUMINANCE_SIZE: 0
04-11 03:39:33.242 28499 28522 I native-activity: 		EGL_TRANSPARENT_TYPE: 12344 EGL_NONE,
04-11 03:39:33.242 28499 28522 I native-activity: 		EGL_TRANSPARENT_RED_VALUE: 0
04-11 03:39:33.242 28499 28522 I native-activity: 		EGL_TRANSPARENT_GREEN_VALUE: 0
04-11 03:39:33.242 28499 28522 I native-activity: 		EGL_TRANSPARENT_BLUE_VALUE: 0
04-11 03:39:33.242 28499 28522 I native-activity: 		EGL_STENCIL_SIZE: 8
04-11 03:39:33.242 28499 28522 I native-activity: 		EGL_DEPTH_SIZE: 16
04-11 03:39:33.242 28499 28522 I native-activity: 		EGL_BIND_TO_TEXTURE_RGB: 0
04-11 03:39:33.242 28499 28522 I native-activity: 		EGL_BIND_TO_TEXTURE_RGBA: 0
04-11 03:39:33.242 28499 28522 I native-activity: 		EGL_MIN_SWAP_INTERVAL: 0
04-11 03:39:33.242 28499 28522 I native-activity: 		EGL_MAX_SWAP_INTERVAL: 1
04-11 03:39:33.242 28499 28522 I native-activity: 		EGL_MAX_PBUFFER_WIDTH: 2048
04-11 03:39:33.242 28499 28522 I native-activity: 		EGL_MAX_PBUFFER_HEIGHT: 2048
04-11 03:39:33.242 28499 28522 I native-activity: Creating pbuffer surface as pbuffer_bit is set
04-11 03:39:33.258 28499 28522 I native-activity: EGL Surface 0x5a6ae568 information
04-11 03:39:33.259 28499 28522 I native-activity: 		EGL_CONFIG_ID: 1
04-11 03:39:33.259 28499 28522 I native-activity: 		EGL_WIDTH: 1080
04-11 03:39:33.259 28499 28522 I native-activity: 		EGL_HEIGHT: 1920
04-11 03:39:33.259 28499 28522 I native-activity: 		EGL_HORIZONTAL_RESOLUTION: -1 EGL_UNKNOWN,
04-11 03:39:33.259 28499 28522 I native-activity: 		EGL_VERTICAL_RESOLUTION: -1 EGL_UNKNOWN,
04-11 03:39:33.259 28499 28522 I native-activity: 		EGL_PIXEL_ASPECT_RATIO: -1 EGL_UNKNOWN,
04-11 03:39:33.259 28499 28522 I native-activity: 		EGL_RENDER_BUFFER: 12420 EGL_BACK_BUFFER,
04-11 03:39:33.259 28499 28522 I native-activity: 		EGL_MIPMAP_TEXTURE: 0
04-11 03:39:33.259 28499 28522 I native-activity: 		EGL_TEXTURE_FORMAT: 12380 EGL_NO_TEXTURE,
04-11 03:39:33.259 28499 28522 I native-activity: 		EGL_TEXTURE_TARGET: 12380 EGL_NO_TEXTURE,
04-11 03:39:33.259 28499 28522 I native-activity: 		EGL_SWAP_BEHAVIOR: 12437 EGL_BUFFER_DESTROYED,
04-11 03:39:33.259 28499 28522 I native-activity: 		EGL_MULTISAMPLE_RESOLVE: 12443 EGL_MULTISAMPLE_RESOLVE_BOX,
04-11 03:39:33.261 28499 28522 I native-activity: Created context 0x5a6ae040, error 0x3000
04-11 03:39:33.261 28499 28522 I native-activity: 		EGL_CONFIG_ID: 1
04-11 03:39:33.261 28499 28522 I native-activity: 		EGL_CONTEXT_CLIENT_TYPE: 12448 EGL_OPENGL_ES_API,
04-11 03:39:33.261 28499 28522 I native-activity: 		EGL_CONTEXT_CLIENT_VERSION: 2
04-11 03:39:33.261 28499 28522 I native-activity: 		EGL_RENDER_BUFFER: 12344 EGL_NONE,
04-11 03:39:33.268 28499 28522 I native-activity: Context 0x5a6ae040 made current on surface 0x5a6ae568, error 0x3000
04-11 03:39:33.268 28499 28522 I native-activity: GL information
04-11 03:39:33.268 28499 28522 I native-activity: 	Renderer: NVIDIA Tegra 3
04-11 03:39:33.268 28499 28522 I native-activity: 	Vendor: NVIDIA Corporation
04-11 03:39:33.268 28499 28522 I native-activity: 	Version: OpenGL ES 2.0 14.01003
04-11 03:39:33.268 28499 28522 I native-activity: 	Shading Language: OpenGL ES GLSL 1.00
04-11 03:39:33.268 28499 28522 I native-activity: 	Extensions: GL_OES_rgb8_rgba8 GL_OES_EGL_sync GL_OES_fbo_render_mipmap GL_NV_depth_nonlinear GL_NV_draw_path GL_NV_texture_npot_2D_mipmap GL_OES_EGL_image GL_OES_EGL_image_external GL_OES_vertex_half_float GL_OES_mapbuffer GL_NV_draw_buffers GL_NV_multiview_draw_buffers GL_EXT_Cg_shader GL_EXT_packed_float GL_OES_texture_half_float GL_EXT_texture_array GL_OES_compressed_ETC1_RGB8_texture GL_EXT_texture_compression_latc GL_NV_texture_compression_latc GL_EXT_texture_compression_dxt1 GL_EXT_texture_compression_s3tc GL_NV_texture_compression_s3tc GL_EXT_texture_filter_anisotropic GL_NV_get_tex_image GL_NV_read_buffer GL_NV_shader_framebuffer_fetch GL_NV_copy_image GL_NV_fbo_color_attachments GL_EXT_bgra GL_EXT_texture_format_BGRA8888 GL_EXT_unpack_subimage GL_NV_pack_subimage GL_NV_texture_compression_s3tc_update GL_NV_read_depth GL_NV_read_stencil GL_NV_uniform_buffer_object GL_EXT_robustness GL_OES_standard_derivatives GL_NV_EGL_stream_consumer_external GL_NV_3dvision_settings GL_EXT_debug_marker GL_EXT_debug
04-11 03:39:33.282 28414 28414 I NetworkMonitor: type=WIFI subType= reason=null isConnected=true
04-11 03:39:33.390 28414 28414 I NetworkMonitor: type=WIFI subType= reason=null isConnected=true
04-11 03:39:33.397 28499 28522 I native-activity: Context 0x5a6ae040 made current on surface 0x5a6ae568, error 0x3000
04-11 03:39:33.397 28499 28522 I native-activity: GL information
04-11 03:39:33.397 28499 28522 I native-activity: 	Renderer: NVIDIA Tegra 3
04-11 03:39:33.397 28499 28522 I native-activity: 	Vendor: NVIDIA Corporation
04-11 03:39:33.397 28499 28522 I native-activity: 	Version: OpenGL ES 2.0 14.01003
04-11 03:39:33.397 28499 28522 I native-activity: 	Shading Language: OpenGL ES GLSL 1.00
04-11 03:39:33.397 28499 28522 I native-activity: 	Extensions: GL_OES_rgb8_rgba8 GL_OES_EGL_sync GL_OES_fbo_render_mipmap GL_NV_depth_nonlinear GL_NV_draw_path GL_NV_texture_npot_2D_mipmap GL_OES_EGL_image GL_OES_EGL_image_external GL_OES_vertex_half_float GL_OES_mapbuffer GL_NV_draw_buffers GL_NV_multiview_draw_buffers GL_EXT_Cg_shader GL_EXT_packed_float GL_OES_texture_half_float GL_EXT_texture_array GL_OES_compressed_ETC1_RGB8_texture GL_EXT_texture_compression_latc GL_NV_texture_compression_latc GL_EXT_texture_compression_dxt1 GL_EXT_texture_compression_s3tc GL_NV_texture_compression_s3tc GL_EXT_texture_filter_anisotropic GL_NV_get_tex_image GL_NV_read_buffer GL_NV_shader_framebuffer_fetch GL_NV_copy_image GL_NV_fbo_color_attachments GL_EXT_bgra GL_EXT_texture_format_BGRA8888 GL_EXT_unpack_subimage GL_NV_pack_subimage GL_NV_texture_compression_s3tc_update GL_NV_read_depth GL_NV_read_stencil GL_NV_uniform_buffer_object GL_EXT_robustness GL_OES_standard_derivatives GL_NV_EGL_stream_consumer_external GL_NV_3dvision_settings GL_EXT_debug_marker GL_EXT_debug
04-11 03:39:33.506 28499 28522 I native-activity: Frame 0 GL error is 0x500
04-11 03:39:33.506 28499 28522 I native-activity: Frame 0 time is 246.305ms
04-11 03:39:33.506 28499 28522 I native-activity: Doing egl_swapbuffers_sync 1
04-11 03:39:33.506 28499 28522 D native-activity: Reading pixels format 0x1908 type 0x1401 bpp 4
04-11 03:39:33.531 28499 28522 I native-activity: Read pixels, GL error is 0x0
04-11 03:39:33.532 28499 28522 I native-activity: Swap 0 time is 271.711ms
04-11 03:39:33.594 28414 28414 I GHttpClientFactory: Using the GMSCore's GoogleHttpClient
04-11 03:39:33.600   448  2929 I ActivityManager: Start proc 28543:com.google.android.apps.gcs/u0a21 for broadcast com.google.android.apps.gcs/.steen.receiver.ConnectivityChangeReceiver
04-11 03:39:33.637 28499 28522 I native-activity: Animating
04-11 03:39:33.638 28499 28522 I native-activity: Frame 1 GL error is 0x0
04-11 03:39:33.638 28499 28522 I native-activity: Frame 1 time is 0.663ms
04-11 03:39:33.638 28499 28522 I native-activity: Doing egl_swapbuffers_sync 1
04-11 03:39:33.638 28499 28522 D native-activity: Reading pixels format 0x1908 type 0x1401 bpp 4
04-11 03:39:33.663 28499 28522 I native-activity: Read pixels, GL error is 0x0
04-11 03:39:33.663 28499 28522 I native-activity: Swap 1 time is 25.566ms
04-11 03:39:33.663 28499 28522 I native-activity: Animating
04-11 03:39:33.664 28499 28522 I native-activity: Frame 2 GL error is 0x0
04-11 03:39:33.664 28499 28522 I native-activity: Frame 2 time is 0.849ms
04-11 03:39:33.664 28499 28522 I native-activity: Doing egl_swapbuffers_sync 1
04-11 03:39:33.664 28499 28522 D native-activity: Reading pixels format 0x1908 type 0x1401 bpp 4
04-11 03:39:33.683 28499 28522 I native-activity: Read pixels, GL error is 0x0
04-11 03:39:33.683 28499 28522 I native-activity: Swap 2 time is 20.118ms
04-11 03:39:33.684 28499 28522 I native-activity: Animating
04-11 03:39:33.684 28499 28522 I native-activity: Context 0x5a6ae040 made current on surface 0x5a6ae568, error 0x3000
04-11 03:39:33.684 28499 28522 I native-activity: GL information
04-11 03:39:33.684 28499 28522 I native-activity: 	Renderer: NVIDIA Tegra 3
04-11 03:39:33.684 28499 28522 I native-activity: 	Vendor: NVIDIA Corporation
04-11 03:39:33.684 28499 28522 I native-activity: 	Version: OpenGL ES 2.0 14.01003
04-11 03:39:33.684 28499 28522 I native-activity: 	Shading Language: OpenGL ES GLSL 1.00
04-11 03:39:33.684 28499 28522 I native-activity: 	Extensions: GL_OES_rgb8_rgba8 GL_OES_EGL_sync GL_OES_fbo_render_mipmap GL_NV_depth_nonlinear GL_NV_draw_path GL_NV_texture_npot_2D_mipmap GL_OES_EGL_image GL_OES_EGL_image_external GL_OES_vertex_half_float GL_OES_mapbuffer GL_NV_draw_buffers GL_NV_multiview_draw_buffers GL_EXT_Cg_shader GL_EXT_packed_float GL_OES_texture_half_float GL_EXT_texture_array GL_OES_compressed_ETC1_RGB8_texture GL_EXT_texture_compression_latc GL_NV_texture_compression_latc GL_EXT_texture_compression_dxt1 GL_EXT_texture_compression_s3tc GL_NV_texture_compression_s3tc GL_EXT_texture_filter_anisotropic GL_NV_get_tex_image GL_NV_read_buffer GL_NV_shader_framebuffer_fetch GL_NV_copy_image GL_NV_fbo_color_attachments GL_EXT_bgra GL_EXT_texture_format_BGRA8888 GL_EXT_unpack_subimage GL_NV_pack_subimage GL_NV_texture_compression_s3tc_update GL_NV_read_depth GL_NV_read_stencil GL_NV_uniform_buffer_object GL_EXT_robustness GL_OES_standard_derivatives GL_NV_EGL_stream_consumer_external GL_NV_3dvision_settings GL_EXT_debug_marker GL_EXT_debug
04-11 03:39:33.684 28499 28522 I native-activity: Frame 3 GL error is 0x501
04-11 03:39:33.684 28499 28522 I native-activity: Frame 3 time is 0.364ms
04-11 03:39:33.684 28499 28522 I native-activity: Doing egl_swapbuffers_sync 1
04-11 03:39:33.684 28499 28522 D native-activity: Reading pixels format 0x1908 type 0x1401 bpp 4
04-11 03:39:33.684 28499 28522 I native-activity: Read pixels, GL error is 0x0
04-11 03:39:33.684 28499 28522 I native-activity: Swap 3 time is 0.833ms
04-11 03:39:33.684 28499 28522 I native-activity: Animating
04-11 03:39:33.803   448   613 D ConnectivityService: updateNetworkScore for NetworkAgentInfo [WIFI () - 2791] to 56
04-11 03:39:33.804   448   613 D ConnectivityService: rematching NetworkAgentInfo [WIFI () - 2791]
04-11 03:39:33.804   448   613 D ConnectivityService: Network NetworkAgentInfo [WIFI () - 2791] was already satisfying request 503. No change.
04-11 03:39:33.804   448   613 D ConnectivityService: Network NetworkAgentInfo [WIFI () - 2791] was already satisfying request 1. No change.
04-11 03:39:33.804   448   613 D ConnectivityService: notifyType AVAILABLE for NetworkAgentInfo [WIFI () - 2791]
04-11 03:39:33.805   666  1123 D ConnectivityManager.CallbackHandler: CM callback handler got msg 524290
04-11 03:39:33.806 25234 25335 D ConnectivityManager.CallbackHandler: CM callback handler got msg 524290
04-11 03:39:33.806 25234 25335 D Event   : No subscribers registered for event class com.tplink.hellotp.shared.j
04-11 03:39:33.806 25234 25335 D Event   : No subscribers registered for event class de.greenrobot.event.f
04-11 03:39:33.806 25234 25335 D ConnectivityManager.CallbackHandler: CM callback handler got msg 524290
04-11 03:39:33.807 25234 25335 D Event   : No subscribers registered for event class com.tplink.hellotp.shared.j
04-11 03:39:33.807  8277 27307 D ConnectivityManager.CallbackHandler: CM callback handler got msg 524290
04-11 03:39:33.807 25234 25335 D Event   : No subscribers registered for event class de.greenrobot.event.f
04-11 03:39:33.808 25472 25552 D ConnectivityManager.CallbackHandler: CM callback handler got msg 524290
04-11 03:39:33.844 28537 28537 I dex2oat : /system/bin/dex2oat --runtime-arg -classpath --runtime-arg  --instruction-set=arm --instruction-set-features=default --runtime-arg -Xrelocate --boot-image=/system/framework/boot.art --dex-file=/data/data/com.google.android.gms/app_fb/f.apk --oat-fd=23 --oat-location=/data/data/com.google.android.gms/app_fb/f.dex --runtime-arg -Xms64m --runtime-arg -Xmx512m
04-11 03:39:33.886 28499 28522 I native-activity: Frame 4 GL error is 0x500
04-11 03:39:33.886 28499 28522 I native-activity: Frame 4 time is 201.228ms
04-11 03:39:33.886 28499 28522 I native-activity: Doing egl_swapbuffers_sync 1
04-11 03:39:33.886 28499 28522 D native-activity: Reading pixels format 0x1908 type 0x1401 bpp 4
04-11 03:39:33.904 28499 28522 I native-activity: Read pixels, GL error is 0x0
04-11 03:39:33.904 28499 28522 I native-activity: Swap 4 time is 219.178ms
04-11 03:39:33.904 28499 28522 I native-activity: Animating
04-11 03:39:33.904 28499 28522 I native-activity: Frame 5 GL error is 0x0
04-11 03:39:33.904 28499 28522 I native-activity: Frame 5 time is 0.486ms
04-11 03:39:33.904 28499 28522 I native-activity: Doing egl_swapbuffers_sync 1
04-11 03:39:33.904 28499 28522 D native-activity: Reading pixels format 0x1908 type 0x1401 bpp 4
04-11 03:39:33.920 28499 28522 I native-activity: Read pixels, GL error is 0x0
04-11 03:39:33.920 28499 28522 I native-activity: Swap 5 time is 16.515ms
04-11 03:39:33.921 28499 28522 I native-activity: Animating
04-11 03:39:33.921 28499 28522 I native-activity: Frame 6 GL error is 0x0
04-11 03:39:33.921 28499 28522 I native-activity: Frame 6 time is 0.654ms
04-11 03:39:33.921 28499 28522 I native-activity: Doing egl_swapbuffers_sync 1
04-11 03:39:33.921 28499 28522 D native-activity: Reading pixels format 0x1908 type 0x1401 bpp 4
04-11 03:39:33.937 28499 28522 I native-activity: Read pixels, GL error is 0x0
04-11 03:39:33.937 28499 28522 I native-activity: Swap 6 time is 16.765ms
04-11 03:39:33.937 28499 28522 I native-activity: Animating
04-11 03:39:33.938 28499 28522 I native-activity: Frame 7 GL error is 0x0
04-11 03:39:33.938 28499 28522 I native-activity: Frame 7 time is 0.601ms
04-11 03:39:33.938 28499 28522 I native-activity: Doing egl_swapbuffers_sync 1
04-11 03:39:33.938 28499 28522 D native-activity: Reading pixels format 0x1908 type 0x1401 bpp 4
04-11 03:39:33.954 28499 28522 I native-activity: Read pixels, GL error is 0x0
04-11 03:39:33.954 28499 28522 I native-activity: Swap 7 time is 16.708ms
04-11 03:39:33.954 28499 28522 I native-activity: Animating
04-11 03:39:33.955 28499 28522 I native-activity: Frame 8 GL error is 0x0
04-11 03:39:33.955 28499 28522 I native-activity: Frame 8 time is 0.524ms
04-11 03:39:33.955 28499 28522 I native-activity: Doing egl_swapbuffers_sync 1
04-11 03:39:33.955 28499 28522 D native-activity: Reading pixels format 0x1908 type 0x1401 bpp 4
04-11 03:39:33.971 28499 28522 I native-activity: Read pixels, GL error is 0x0
04-11 03:39:33.971 28499 28522 I native-activity: Swap 8 time is 16.692ms
04-11 03:39:33.971 28499 28522 I native-activity: Animating
04-11 03:39:33.971 28499 28522 I native-activity: Frame 9 GL error is 0x0
04-11 03:39:33.972 28499 28522 I native-activity: Frame 9 time is 0.539ms
04-11 03:39:33.972 28499 28522 I native-activity: Doing egl_swapbuffers_sync 1
04-11 03:39:33.972 28499 28522 D native-activity: Reading pixels format 0x1908 type 0x1401 bpp 4
04-11 03:39:33.988 28499 28522 I native-activity: Read pixels, GL error is 0x0
04-11 03:39:33.988 28499 28522 I native-activity: Swap 9 time is 17.209ms
04-11 03:39:33.988 28499 28522 I native-activity: Animating
04-11 03:39:33.989 28499 28522 I native-activity: Frame 10 GL error is 0x0
04-11 03:39:33.989 28499 28522 I native-activity: Frame 10 time is 0.396ms
04-11 03:39:33.989 28499 28522 I native-activity: Doing egl_swapbuffers_sync 1
04-11 03:39:33.989 28499 28522 D native-activity: Reading pixels format 0x1908 type 0x1401 bpp 4
04-11 03:39:34.005 28499 28522 I native-activity: Read pixels, GL error is 0x0
04-11 03:39:34.005 28499 28522 I native-activity: Swap 10 time is 16.889ms
04-11 03:39:34.005 28499 28522 I native-activity: Animating
04-11 03:39:34.008 28499 28522 I native-activity: Frame 11 GL error is 0x0
04-11 03:39:34.008 28499 28522 I native-activity: Frame 11 time is 2.748ms
04-11 03:39:34.009 28499 28522 I native-activity: Doing egl_swapbuffers_sync 1
04-11 03:39:34.009 28499 28522 D native-activity: Reading pixels format 0x1908 type 0x1401 bpp 4
04-11 03:39:34.022 28499 28522 I native-activity: Read pixels, GL error is 0x0
04-11 03:39:34.023 28499 28522 I native-activity: Swap 11 time is 16.999ms
04-11 03:39:34.023 28499 28522 I native-activity: Animating
04-11 03:39:34.024 28499 28522 I native-activity: Frame 12 GL error is 0x0
04-11 03:39:34.024 28499 28522 I native-activity: Frame 12 time is 0.811ms
04-11 03:39:34.024 28499 28522 I native-activity: Doing egl_swapbuffers_sync 1
04-11 03:39:34.024 28499 28522 D native-activity: Reading pixels format 0x1908 type 0x1401 bpp 4
04-11 03:39:34.040 28499 28522 I native-activity: Read pixels, GL error is 0x0
04-11 03:39:34.040 28499 28522 I native-activity: Swap 12 time is 17.295ms
04-11 03:39:34.041 28499 28522 I native-activity: Animating
04-11 03:39:34.041 28499 28522 I native-activity: Frame 13 GL error is 0x0
04-11 03:39:34.041 28499 28522 I native-activity: Frame 13 time is 0.608ms
04-11 03:39:34.041 28499 28522 I native-activity: Doing egl_swapbuffers_sync 1
04-11 03:39:34.041 28499 28522 D native-activity: Reading pixels format 0x1908 type 0x1401 bpp 4
04-11 03:39:34.060 28499 28522 I native-activity: Read pixels, GL error is 0x0
04-11 03:39:34.060 28499 28522 I native-activity: Swap 13 time is 19.536ms
04-11 03:39:34.060 28499 28522 I native-activity: Animating
04-11 03:39:34.061 28499 28522 I native-activity: Frame 14 GL error is 0x0
04-11 03:39:34.061 28499 28522 I native-activity: Frame 14 time is 0.591ms
04-11 03:39:34.061 28499 28522 I native-activity: Doing egl_swapbuffers_sync 1
04-11 03:39:34.061 28499 28522 D native-activity: Reading pixels format 0x1908 type 0x1401 bpp 4
04-11 03:39:34.075 28322 28322 E dhcpcd  : wlan0: send_packet: No buffer space available
04-11 03:39:34.078 28499 28522 I native-activity: Read pixels, GL error is 0x0
04-11 03:39:34.078 28499 28522 I native-activity: Swap 14 time is 18.104ms
04-11 03:39:34.079 28499 28522 I native-activity: Animating
04-11 03:39:34.079 28499 28522 I native-activity: Frame 15 GL error is 0x0
04-11 03:39:34.079 28499 28522 I native-activity: Frame 15 time is 0.647ms
04-11 03:39:34.079 28499 28522 I native-activity: Doing egl_swapbuffers_sync 1
04-11 03:39:34.079 28499 28522 D native-activity: Reading pixels format 0x1908 type 0x1401 bpp 4
04-11 03:39:34.096 28499 28522 I native-activity: Read pixels, GL error is 0x0
04-11 03:39:34.096 28499 28522 I native-activity: Swap 15 time is 17.298ms
04-11 03:39:34.096 28499 28522 I native-activity: Animating
04-11 03:39:34.096 28499 28522 I native-activity: Frame 16 GL error is 0x0
04-11 03:39:34.097 28499 28522 I native-activity: Frame 16 time is 0.624ms
04-11 03:39:34.097 28499 28522 I native-activity: Doing egl_swapbuffers_sync 1
04-11 03:39:34.097 28499 28522 D native-activity: Reading pixels format 0x1908 type 0x1401 bpp 4
04-11 03:39:34.113 28499 28522 I native-activity: Read pixels, GL error is 0x0
04-11 03:39:34.113 28499 28522 I native-activity: Swap 16 time is 16.716ms
04-11 03:39:34.113 28499 28522 I native-activity: Animating
04-11 03:39:34.113 28499 28522 I native-activity: Frame 17 GL error is 0x0
04-11 03:39:34.113 28499 28522 I native-activity: Frame 17 time is 0.619ms
04-11 03:39:34.113 28499 28522 I native-activity: Doing egl_swapbuffers_sync 1
04-11 03:39:34.114 28499 28522 D native-activity: Reading pixels format 0x1908 type 0x1401 bpp 4
04-11 03:39:34.133 28499 28522 I native-activity: Read pixels, GL error is 0x0
04-11 03:39:34.133 28499 28522 I native-activity: Swap 17 time is 20.594ms
04-11 03:39:34.133 28499 28522 I native-activity: Animating
04-11 03:39:34.136 28499 28522 I native-activity: Frame 18 GL error is 0x0
04-11 03:39:34.136 28499 28522 I native-activity: Frame 18 time is 2.270ms
04-11 03:39:34.136 28499 28522 I native-activity: Doing egl_swapbuffers_sync 1
04-11 03:39:34.136 28499 28522 D native-activity: Reading pixels format 0x1908 type 0x1401 bpp 4
04-11 03:39:34.150 28499 28522 I native-activity: Read pixels, GL error is 0x0
04-11 03:39:34.150 28499 28522 I native-activity: Swap 18 time is 16.837ms
04-11 03:39:34.150 28499 28522 I native-activity: Animating
04-11 03:39:34.151 28499 28522 I native-activity: Frame 19 GL error is 0x0
04-11 03:39:34.151 28499 28522 I native-activity: Frame 19 time is 0.437ms
04-11 03:39:34.151 28499 28522 I native-activity: Doing egl_swapbuffers_sync 1
04-11 03:39:34.151 28499 28522 D native-activity: Reading pixels format 0x1908 type 0x1401 bpp 4
04-11 03:39:34.167 28499 28522 I native-activity: Read pixels, GL error is 0x0
04-11 03:39:34.167 28499 28522 I native-activity: Swap 19 time is 16.795ms
04-11 03:39:34.167 28499 28522 I native-activity: Animating
04-11 03:39:34.168 28499 28522 I native-activity: Frame 20 GL error is 0x0
04-11 03:39:34.168 28499 28522 I native-activity: Frame 20 time is 0.604ms
04-11 03:39:34.168 28499 28522 I native-activity: Doing egl_swapbuffers_sync 1
04-11 03:39:34.168 28499 28522 D native-activity: Reading pixels format 0x1908 type 0x1401 bpp 4
04-11 03:39:34.175 28537 28537 I dex2oat : dex2oat took 328.813ms (threads: 4) arena alloc=70KB java alloc=18KB native alloc=1170KB free=25KB
04-11 03:39:34.184 28499 28522 I native-activity: Read pixels, GL error is 0x0
04-11 03:39:34.184 28499 28522 I native-activity: Swap 20 time is 16.855ms
04-11 03:39:34.184 28499 28522 I native-activity: Animating
04-11 03:39:34.185 28499 28522 I native-activity: Frame 21 GL error is 0x0
04-11 03:39:34.185 28499 28522 I native-activity: Frame 21 time is 0.554ms
04-11 03:39:34.185 28499 28522 I native-activity: Doing egl_swapbuffers_sync 1
04-11 03:39:34.185 28499 28522 D native-activity: Reading pixels format 0x1908 type 0x1401 bpp 4
04-11 03:39:34.201 28499 28522 I native-activity: Read pixels, GL error is 0x0
04-11 03:39:34.201 28499 28522 I native-activity: Swap 21 time is 17.048ms
04-11 03:39:34.202 28499 28522 I native-activity: Animating
04-11 03:39:34.202 28499 28522 I native-activity: Frame 22 GL error is 0x0
04-11 03:39:34.202 28499 28522 I native-activity: Frame 22 time is 0.586ms
04-11 03:39:34.202 28499 28522 I native-activity: Doing egl_swapbuffers_sync 1
04-11 03:39:34.202 28499 28522 D native-activity: Reading pixels format 0x1908 type 0x1401 bpp 4
04-11 03:39:34.218 28499 28522 I native-activity: Read pixels, GL error is 0x0
04-11 03:39:34.218 28499 28522 I native-activity: Swap 22 time is 16.864ms
04-11 03:39:34.219 28499 28522 I native-activity: Animating
04-11 03:39:34.219 28499 28522 I native-activity: Frame 23 GL error is 0x0
04-11 03:39:34.219 28499 28522 I native-activity: Frame 23 time is 0.606ms
04-11 03:39:34.219 28499 28522 I native-activity: Doing egl_swapbuffers_sync 1
04-11 03:39:34.219 28499 28522 D native-activity: Reading pixels format 0x1908 type 0x1401 bpp 4
04-11 03:39:34.235 28499 28522 I native-activity: Read pixels, GL error is 0x0
04-11 03:39:34.235 28499 28522 I native-activity: Swap 23 time is 16.807ms
04-11 03:39:34.235 28499 28522 I native-activity: Animating
04-11 03:39:34.236 28499 28522 I native-activity: Frame 24 GL error is 0x0
04-11 03:39:34.236 28499 28522 I native-activity: Frame 24 time is 0.647ms
04-11 03:39:34.236 28499 28522 I native-activity: Doing egl_swapbuffers_sync 1
04-11 03:39:34.236 28499 28522 D native-activity: Reading pixels format 0x1908 type 0x1401 bpp 4
04-11 03:39:34.252 28499 28522 I native-activity: Read pixels, GL error is 0x0
04-11 03:39:34.252 28499 28522 I native-activity: Swap 24 time is 16.635ms
04-11 03:39:34.252 28499 28522 I native-activity: Animating
04-11 03:39:34.253 28499 28522 I native-activity: Frame 25 GL error is 0x0
04-11 03:39:34.253 28499 28522 I native-activity: Frame 25 time is 0.608ms
04-11 03:39:34.253 28499 28522 I native-activity: Doing egl_swapbuffers_sync 1
04-11 03:39:34.253 28499 28522 D native-activity: Reading pixels format 0x1908 type 0x1401 bpp 4
04-11 03:39:34.269 28499 28522 I native-activity: Read pixels, GL error is 0x0
04-11 03:39:34.269 28499 28522 I native-activity: Swap 25 time is 16.714ms
04-11 03:39:34.269 28499 28522 I native-activity: Animating
04-11 03:39:34.269 28499 28522 I native-activity: Frame 26 GL error is 0x0
04-11 03:39:34.270 28499 28522 I native-activity: Frame 26 time is 0.452ms
04-11 03:39:34.270 28499 28522 I native-activity: Doing egl_swapbuffers_sync 1
04-11 03:39:34.270 28499 28522 D native-activity: Reading pixels format 0x1908 type 0x1401 bpp 4
04-11 03:39:34.286 28499 28522 I native-activity: Read pixels, GL error is 0x0
04-11 03:39:34.286 28499 28522 I native-activity: Swap 26 time is 16.583ms
04-11 03:39:34.286 28499 28522 I native-activity: Animating
04-11 03:39:34.286 28499 28522 I native-activity: Frame 27 GL error is 0x0
04-11 03:39:34.286 28499 28522 I native-activity: Frame 27 time is 0.563ms
04-11 03:39:34.286 28499 28522 I native-activity: Doing egl_swapbuffers_sync 1
04-11 03:39:34.286 28499 28522 D native-activity: Reading pixels format 0x1908 type 0x1401 bpp 4
04-11 03:39:34.302 28499 28522 I native-activity: Read pixels, GL error is 0x0
04-11 03:39:34.303 28499 28522 I native-activity: Swap 27 time is 16.722ms
04-11 03:39:34.303 28499 28522 I native-activity: Animating
04-11 03:39:34.303 28499 28522 I native-activity: Frame 28 GL error is 0x0
04-11 03:39:34.303 28499 28522 I native-activity: Frame 28 time is 0.565ms
04-11 03:39:34.303 28499 28522 I native-activity: Doing egl_swapbuffers_sync 1
04-11 03:39:34.303 28499 28522 D native-activity: Reading pixels format 0x1908 type 0x1401 bpp 4
04-11 03:39:34.316 28468 28484 D libEGL  : loaded /system/lib/egl/libEGL_tegra.so
04-11 03:39:34.320 28499 28522 I native-activity: Read pixels, GL error is 0x0
04-11 03:39:34.320 28499 28522 I native-activity: Swap 28 time is 17.220ms
04-11 03:39:34.320 28499 28522 I native-activity: Animating
04-11 03:39:34.321 28499 28522 I native-activity: Frame 29 GL error is 0x0
04-11 03:39:34.321 28499 28522 I native-activity: Frame 29 time is 0.672ms
04-11 03:39:34.321 28499 28522 I native-activity: Doing egl_swapbuffers_sync 1
04-11 03:39:34.321 28499 28522 D native-activity: Reading pixels format 0x1908 type 0x1401 bpp 4
04-11 03:39:34.337 28499 28522 I native-activity: Read pixels, GL error is 0x0
04-11 03:39:34.337 28499 28522 I native-activity: Swap 29 time is 16.719ms
04-11 03:39:34.337 28499 28522 I native-activity: Animating
04-11 03:39:34.338 28499 28522 I native-activity: Frame 30 GL error is 0x0
04-11 03:39:34.338 28499 28522 I native-activity: Frame 30 time is 0.757ms
04-11 03:39:34.338 28499 28522 I native-activity: Doing egl_swapbuffers_sync 1
04-11 03:39:34.338 28499 28522 D native-activity: Reading pixels format 0x1908 type 0x1401 bpp 4
04-11 03:39:34.354 28499 28522 I native-activity: Read pixels, GL error is 0x0
04-11 03:39:34.355 28499 28522 I native-activity: Swap 30 time is 17.506ms
04-11 03:39:34.355 28499 28522 I native-activity: Animating
04-11 03:39:34.382 28499 28522 I native-activity: Frame 31 GL error is 0x0
04-11 03:39:34.382 28499 28522 I native-activity: Frame 31 time is 27.571ms
04-11 03:39:34.382 28499 28522 I native-activity: Doing egl_swapbuffers_sync 1
04-11 03:39:34.382 28499 28522 D native-activity: Reading pixels format 0x1908 type 0x1401 bpp 4
04-11 03:39:34.398 28499 28522 I native-activity: Read pixels, GL error is 0x0
04-11 03:39:34.399 28499 28522 I native-activity: Swap 31 time is 43.913ms
04-11 03:39:34.399 28499 28522 I native-activity: Animating
04-11 03:39:34.406 28468 28484 D libEGL  : loaded /system/lib/egl/libGLESv1_CM_tegra.so
04-11 03:39:34.444 28468 28484 D libEGL  : loaded /system/lib/egl/libGLESv2_tegra.so
04-11 03:39:34.453 28414 28536 W ArtDownloadService: Setting cache size 0
04-11 03:39:34.491 28414 28539 W art     : No such thread id for suspend: 21
04-11 03:39:34.547 28499 28522 I native-activity: Frame 32 GL error is 0x0
04-11 03:39:34.547 28499 28522 I native-activity: Frame 32 time is 148.226ms
04-11 03:39:34.547 28499 28522 I native-activity: Doing egl_swapbuffers_sync 1
04-11 03:39:34.547 28499 28522 D native-activity: Reading pixels format 0x1908 type 0x1401 bpp 4
04-11 03:39:34.563 28499 28522 I native-activity: Read pixels, GL error is 0x0
04-11 03:39:34.563 28499 28522 I native-activity: Swap 32 time is 163.963ms
04-11 03:39:34.563 28499 28522 I native-activity: Animating
04-11 03:39:34.584 28414 28540 I MusicLeanback: Conditions not met for autocaching.
04-11 03:39:34.584 28414 28540 I MusicLeanback: Stop autocaching.
04-11 03:39:34.609 28499 28522 I native-activity: Frame 33 GL error is 0x0
04-11 03:39:34.609 28499 28522 I native-activity: Frame 33 time is 45.677ms
04-11 03:39:34.609 28499 28522 I native-activity: Doing egl_swapbuffers_sync 1
04-11 03:39:34.609 28499 28522 D native-activity: Reading pixels format 0x1908 type 0x1401 bpp 4
04-11 03:39:34.625 28499 28522 I native-activity: Read pixels, GL error is 0x0
04-11 03:39:34.625 28499 28522 I native-activity: Swap 33 time is 62.207ms
04-11 03:39:34.625 28499 28522 I native-activity: Animating
04-11 03:39:34.628   124 19422 I WVCdm   : CdmEngine::OpenSession
04-11 03:39:34.804   448   605 E WifiStateMachine: CMD_DELAYED_NETWORK_DISCONNECT and not debouncing - ignore 0
04-11 03:39:34.836 28499 28522 I native-activity: Frame 34 GL error is 0x0
04-11 03:39:34.836 28499 28522 I native-activity: Frame 34 time is 210.775ms
04-11 03:39:34.836 28499 28522 I native-activity: Doing egl_swapbuffers_sync 1
04-11 03:39:34.836 28499 28522 D native-activity: Reading pixels format 0x1908 type 0x1401 bpp 4
04-11 03:39:34.852 28499 28522 I native-activity: Read pixels, GL error is 0x0
04-11 03:39:34.852 28499 28522 I native-activity: Swap 34 time is 226.987ms
04-11 03:39:34.852 28499 28522 I native-activity: Animating
04-11 03:39:34.897 28499 28522 I native-activity: Frame 35 GL error is 0x0
04-11 03:39:34.897 28499 28522 I native-activity: Frame 35 time is 44.708ms
04-11 03:39:34.897 28499 28522 I native-activity: Doing egl_swapbuffers_sync 1
04-11 03:39:34.897 28499 28522 D native-activity: Reading pixels format 0x1908 type 0x1401 bpp 4
04-11 03:39:34.913 28499 28522 I native-activity: Read pixels, GL error is 0x0
04-11 03:39:34.913 28499 28522 I native-activity: Swap 35 time is 60.866ms
04-11 03:39:34.913 28499 28522 I native-activity: Animating
04-11 03:39:34.952   448   627 D TaskPersister: removeObsoleteFile: deleting file=1034_task.xml
04-11 03:39:34.961 28499 28522 I native-activity: Frame 36 GL error is 0x501
04-11 03:39:34.961 28499 28522 I native-activity: Frame 36 time is 47.899ms
04-11 03:39:34.961 28499 28522 I native-activity: Doing egl_swapbuffers_sync 1
04-11 03:39:34.961 28499 28522 D native-activity: Reading pixels format 0x1908 type 0x1401 bpp 4
04-11 03:39:34.978 28499 28522 I native-activity: Read pixels, GL error is 0x0
04-11 03:39:34.978 28499 28522 I native-activity: Swap 36 time is 64.160ms
04-11 03:39:34.978 28499 28522 I native-activity: Animating
04-11 03:39:34.987 28499 28522 I native-activity: Frame 37 GL error is 0x501
04-11 03:39:34.987 28499 28522 I native-activity: Frame 37 time is 9.529ms
04-11 03:39:34.987 28499 28522 I native-activity: Doing egl_swapbuffers_sync 1
04-11 03:39:34.987 28499 28522 D native-activity: Reading pixels format 0x1908 type 0x1401 bpp 4
04-11 03:39:35.003 28499 28522 I native-activity: Read pixels, GL error is 0x0
04-11 03:39:35.003 28499 28522 I native-activity: Swap 37 time is 25.268ms
04-11 03:39:35.003 28499 28522 I native-activity: Animating
04-11 03:39:35.022 28499 28522 I native-activity: Frame 38 GL error is 0x0
04-11 03:39:35.023 28499 28522 I native-activity: Frame 38 time is 19.521ms
04-11 03:39:35.023 28499 28522 I native-activity: Doing egl_swapbuffers_sync 1
04-11 03:39:35.023 28499 28522 D native-activity: Reading pixels format 0x1908 type 0x1401 bpp 4
04-11 03:39:35.042 28499 28522 I native-activity: Read pixels, GL error is 0x0
04-11 03:39:35.042 28499 28522 I native-activity: Swap 38 time is 38.683ms
04-11 03:39:35.042 28499 28522 I native-activity: Animating
04-11 03:39:35.062 28499 28522 I native-activity: Frame 39 GL error is 0x0
04-11 03:39:35.062 28499 28522 I native-activity: Frame 39 time is 20.293ms
04-11 03:39:35.062 28499 28522 I native-activity: Doing egl_swapbuffers_sync 1
04-11 03:39:35.062 28499 28522 D native-activity: Reading pixels format 0x1908 type 0x1401 bpp 4
04-11 03:39:35.081 28499 28522 I native-activity: Read pixels, GL error is 0x0
04-11 03:39:35.082 28499 28522 I native-activity: Swap 39 time is 39.555ms
04-11 03:39:35.082 28499 28522 I native-activity: Animating
04-11 03:39:35.100 28499 28522 I native-activity: Frame 40 GL error is 0x0
04-11 03:39:35.101 28499 28522 I native-activity: Frame 40 time is 18.837ms
04-11 03:39:35.101 28499 28522 I native-activity: Doing egl_swapbuffers_sync 1
04-11 03:39:35.101 28499 28522 D native-activity: Reading pixels format 0x1908 type 0x1401 bpp 4
04-11 03:39:35.126 28499 28522 I native-activity: Read pixels, GL error is 0x0
04-11 03:39:35.126 28499 28522 I native-activity: Swap 40 time is 44.665ms
04-11 03:39:35.126 28499 28522 I native-activity: Animating
04-11 03:39:35.142 28499 28522 I native-activity: Frame 41 GL error is 0x0
04-11 03:39:35.142 28499 28522 I native-activity: Frame 41 time is 15.889ms
04-11 03:39:35.142 28499 28522 I native-activity: Doing egl_swapbuffers_sync 1
04-11 03:39:35.142 28499 28522 D native-activity: Reading pixels format 0x1908 type 0x1401 bpp 4
04-11 03:39:35.161 28499 28522 I native-activity: Read pixels, GL error is 0x0
04-11 03:39:35.161 28499 28522 I native-activity: Swap 41 time is 34.899ms
04-11 03:39:35.161 28499 28522 I native-activity: Animating
04-11 03:39:35.177 28499 28522 I native-activity: Frame 42 GL error is 0x0
04-11 03:39:35.178 28499 28522 I native-activity: Frame 42 time is 16.134ms
04-11 03:39:35.178 28499 28522 I native-activity: Doing egl_swapbuffers_sync 1
04-11 03:39:35.178 28499 28522 D native-activity: Reading pixels format 0x1908 type 0x1401 bpp 4
04-11 03:39:35.197 28499 28522 I native-activity: Read pixels, GL error is 0x0
04-11 03:39:35.197 28499 28522 I native-activity: Swap 42 time is 35.694ms
04-11 03:39:35.197 28499 28522 I native-activity: Animating
04-11 03:39:35.214 28499 28522 I native-activity: Frame 43 GL error is 0x0
04-11 03:39:35.214 28499 28522 I native-activity: Frame 43 time is 16.772ms
04-11 03:39:35.214 28499 28522 I native-activity: Doing egl_swapbuffers_sync 1
04-11 03:39:35.214 28499 28522 D native-activity: Reading pixels format 0x1908 type 0x1401 bpp 4
04-11 03:39:35.215  8277  8277 I iu.Environment: update connectivity state; isNetworkMetered? false, isRoaming? false, isBackgroundDataAllowed? true*
04-11 03:39:35.233 28499 28522 I native-activity: Read pixels, GL error is 0x0
04-11 03:39:35.234 28499 28522 I native-activity: Swap 43 time is 36.366ms
04-11 03:39:35.234 28499 28522 I native-activity: Animating
04-11 03:39:35.241  8277  8937 I iu.UploadsManager: num queued entries: 0
04-11 03:39:35.246  8277  8937 I iu.UploadsManager: num updated entries: 0
04-11 03:39:35.252  8277  8937 I iu.SyncManager: NEXT; no task
04-11 03:39:35.256 25234 25234 D Event   : No subscribers registered for event class com.tplink.hellotp.shared.o
04-11 03:39:35.256 25234 25234 D Event   : No subscribers registered for event class de.greenrobot.event.f
04-11 03:39:35.261 28499 28522 I native-activity: Frame 44 GL error is 0x0
04-11 03:39:35.261 28499 28522 I native-activity: Frame 44 time is 26.912ms
04-11 03:39:35.261 28499 28522 I native-activity: Doing egl_swapbuffers_sync 1
04-11 03:39:35.261 28499 28522 D native-activity: Reading pixels format 0x1908 type 0x1401 bpp 4
04-11 03:39:35.281 28499 28522 I native-activity: Read pixels, GL error is 0x0
04-11 03:39:35.281 28499 28522 I native-activity: Swap 44 time is 47.450ms
04-11 03:39:35.281 28499 28522 I native-activity: Animating
04-11 03:39:35.303   124 18530 I WVCdm   : CdmEngine::CloseSession
04-11 03:39:35.312  8230 13933 E Task    : Constructing a Task object using a parcel.
04-11 03:39:35.314  8230 13933 E Task    : Constructing a Task object using a parcel.
04-11 03:39:35.331 28499 28522 I native-activity: Frame 45 GL error is 0x501
04-11 03:39:35.331 28499 28522 I native-activity: Frame 45 time is 49.229ms
04-11 03:39:35.331 28499 28522 I native-activity: Doing egl_swapbuffers_sync 1
04-11 03:39:35.331 28499 28522 D native-activity: Reading pixels format 0x1908 type 0x1401 bpp 4
04-11 03:39:35.350 28499 28522 I native-activity: Read pixels, GL error is 0x0
04-11 03:39:35.351 28499 28522 I native-activity: Swap 45 time is 69.488ms
04-11 03:39:35.351 28499 28522 I native-activity: Animating
04-11 03:39:35.362 28499 28522 I native-activity: Frame 46 GL error is 0x501
04-11 03:39:35.363 28499 28522 I native-activity: Frame 46 time is 11.435ms
04-11 03:39:35.363 28499 28522 I native-activity: Doing egl_swapbuffers_sync 1
04-11 03:39:35.363 28499 28522 D native-activity: Reading pixels format 0x1908 type 0x1401 bpp 4
04-11 03:39:35.381 28499 28522 I native-activity: Read pixels, GL error is 0x0
04-11 03:39:35.381 28499 28522 I native-activity: Swap 46 time is 30.248ms
04-11 03:39:35.381 28499 28522 I native-activity: Animating
04-11 03:39:35.385   124 19422 I WVCdm   : CdmEngine::QueryKeyControlInfo
04-11 03:39:35.387   124  6548 W WVCdm   : BufferReader::Read<T> : Failure during parse: Not enough bytes (4)
04-11 03:39:35.387   124  6548 W WVCdm   : CdmEngine::ExtractWidevinePssh: Unable to read PSSH atom size
04-11 03:39:35.387   124  6548 I WVCdm   : CdmEngine::GenerateKeyRequest
04-11 03:39:35.391 28499 28522 I native-activity: Frame 47 GL error is 0x501
04-11 03:39:35.391 28499 28522 I native-activity: Frame 47 time is 10.023ms
04-11 03:39:35.391 28499 28522 I native-activity: Doing egl_swapbuffers_sync 1
04-11 03:39:35.392 28499 28522 D native-activity: Reading pixels format 0x1908 type 0x1401 bpp 4
04-11 03:39:35.394   124  6548 D WVCdm   : PrepareKeyRequest: nonce=2267210745
04-11 03:39:35.410 28499 28522 I native-activity: Read pixels, GL error is 0x0
04-11 03:39:35.410 28499 28522 I native-activity: Swap 47 time is 28.929ms
04-11 03:39:35.410 28499 28522 I native-activity: Animating
04-11 03:39:35.411 28499 28522 I native-activity: Frame 48 GL error is 0x0
04-11 03:39:35.411 28499 28522 I native-activity: Frame 48 time is 0.409ms
04-11 03:39:35.411 28499 28522 I native-activity: Doing egl_swapbuffers_sync 1
04-11 03:39:35.411 28499 28522 D native-activity: Reading pixels format 0x1908 type 0x1401 bpp 4
04-11 03:39:35.430 28499 28522 I native-activity: Read pixels, GL error is 0x0
