04-11 03:39:38.881 28499 28522 I native-activity: Frame 224 GL error is 0x0
04-11 03:39:38.881 28499 28522 I native-activity: Frame 224 time is 0.473ms
04-11 03:39:38.881 28499 28522 I native-activity: Doing egl_swapbuffers_sync 1
04-11 03:39:38.881 28499 28522 D native-activity: Reading pixels format 0x1908 type 0x1401 bpp 4
04-11 03:39:38.900 28499 28522 I native-activity: Read pixels, GL error is 0x0
04-11 03:39:38.900 28499 28522 I native-activity: Swap 224 time is 19.464ms
04-11 03:39:38.900 28499 28522 I native-activity: Animating
04-11 03:39:39.066 28499 28522 I native-activity: Frame 225 GL error is 0x501
04-11 03:39:39.066 28499 28522 I native-activity: Frame 225 time is 165.635ms
04-11 03:39:39.066 28499 28522 I native-activity: Doing egl_swapbuffers_sync 1
04-11 03:39:39.066 28499 28522 D native-activity: Reading pixels format 0x1908 type 0x1401 bpp 4
04-11 03:39:39.104 28499 28522 I native-activity: Read pixels, GL error is 0x0
04-11 03:39:39.104 28499 28522 I native-activity: Swap 225 time is 203.884ms
04-11 03:39:39.104 28499 28522 I native-activity: Animating
04-11 03:39:39.105 28499 28522 I native-activity: Frame 226 GL error is 0x0
04-11 03:39:39.105 28499 28522 I native-activity: Frame 226 time is 0.610ms
04-11 03:39:39.105 28499 28522 I native-activity: Doing egl_swapbuffers_sync 1
04-11 03:39:39.105 28499 28522 D native-activity: Reading pixels format 0x1908 type 0x1401 bpp 4
04-11 03:39:39.143 28499 28522 I native-activity: Read pixels, GL error is 0x0
04-11 03:39:39.143 28499 28522 I native-activity: Swap 226 time is 39.032ms
04-11 03:39:39.144 28499 28522 I native-activity: Animating
04-11 03:39:39.173 28499 28522 I native-activity: Frame 227 GL error is 0x0
04-11 03:39:39.173 28499 28522 I native-activity: Frame 227 time is 29.511ms
04-11 03:39:39.173 28499 28522 I native-activity: Doing egl_swapbuffers_sync 1
04-11 03:39:39.173 28499 28522 D native-activity: Reading pixels format 0x1908 type 0x1401 bpp 4
04-11 03:39:39.197 28499 28522 I native-activity: Read pixels, GL error is 0x0
04-11 03:39:39.197 28499 28522 I native-activity: Swap 227 time is 53.590ms
04-11 03:39:39.197 28499 28522 I native-activity: Animating
04-11 03:39:39.202 28499 28522 I native-activity: Frame 228 GL error is 0x0
04-11 03:39:39.202 28499 28522 I native-activity: Frame 228 time is 4.392ms
04-11 03:39:39.202 28499 28522 I native-activity: Doing egl_swapbuffers_sync 1
04-11 03:39:39.202 28499 28522 D native-activity: Reading pixels format 0x1908 type 0x1401 bpp 4
04-11 03:39:39.250 28499 28522 I native-activity: Read pixels, GL error is 0x0
04-11 03:39:39.250 28499 28522 I native-activity: Swap 228 time is 52.354ms
04-11 03:39:39.250 28499 28522 I native-activity: Animating
04-11 03:39:39.255 28499 28522 I native-activity: Frame 229 GL error is 0x0
04-11 03:39:39.255 28499 28522 I native-activity: Frame 229 time is 5.505ms
04-11 03:39:39.255 28499 28522 I native-activity: Doing egl_swapbuffers_sync 1
04-11 03:39:39.255 28499 28522 D native-activity: Reading pixels format 0x1908 type 0x1401 bpp 4
04-11 03:39:39.302 28499 28522 I native-activity: Read pixels, GL error is 0x0
04-11 03:39:39.302 28499 28522 I native-activity: Swap 229 time is 52.535ms
04-11 03:39:39.302 28499 28522 I native-activity: Animating
04-11 03:39:39.306 28499 28522 I native-activity: Frame 230 GL error is 0x0
04-11 03:39:39.306 28499 28522 I native-activity: Frame 230 time is 3.596ms
04-11 03:39:39.306 28499 28522 I native-activity: Doing egl_swapbuffers_sync 1
04-11 03:39:39.306 28499 28522 D native-activity: Reading pixels format 0x1908 type 0x1401 bpp 4
04-11 03:39:39.355 28499 28522 I native-activity: Read pixels, GL error is 0x0
04-11 03:39:39.355 28499 28522 I native-activity: Swap 230 time is 52.293ms
04-11 03:39:39.355 28499 28522 I native-activity: Animating
04-11 03:39:39.358 28499 28522 I native-activity: Frame 231 GL error is 0x0
04-11 03:39:39.358 28499 28522 I native-activity: Frame 231 time is 3.556ms
04-11 03:39:39.358 28499 28522 I native-activity: Doing egl_swapbuffers_sync 1
04-11 03:39:39.358 28499 28522 D native-activity: Reading pixels format 0x1908 type 0x1401 bpp 4
04-11 03:39:39.407 28499 28522 I native-activity: Read pixels, GL error is 0x0
04-11 03:39:39.407 28499 28522 I native-activity: Swap 231 time is 52.329ms
04-11 03:39:39.407 28499 28522 I native-activity: Animating
04-11 03:39:39.419 28499 28522 I native-activity: Frame 232 GL error is 0x501
04-11 03:39:39.419 28499 28522 I native-activity: Frame 232 time is 11.720ms
04-11 03:39:39.419 28499 28522 I native-activity: Doing egl_swapbuffers_sync 1
04-11 03:39:39.419 28499 28522 D native-activity: Reading pixels format 0x1908 type 0x1401 bpp 4
04-11 03:39:39.458 28499 28522 I native-activity: Read pixels, GL error is 0x0
04-11 03:39:39.459 28499 28522 I native-activity: Swap 232 time is 51.435ms
04-11 03:39:39.459 28499 28522 I native-activity: Animating
04-11 03:39:39.469 28499 28522 I native-activity: Frame 233 GL error is 0x501
04-11 03:39:39.469 28499 28522 I native-activity: Frame 233 time is 10.661ms
04-11 03:39:39.469 28499 28522 I native-activity: Doing egl_swapbuffers_sync 1
04-11 03:39:39.469 28499 28522 D native-activity: Reading pixels format 0x1908 type 0x1401 bpp 4
04-11 03:39:39.510 28499 28522 I native-activity: Read pixels, GL error is 0x0
04-11 03:39:39.510 28499 28522 I native-activity: Swap 233 time is 51.622ms
04-11 03:39:39.510 28499 28522 I native-activity: Animating
04-11 03:39:39.515 28499 28522 I native-activity: Frame 234 GL error is 0x0
04-11 03:39:39.515 28499 28522 I native-activity: Frame 234 time is 4.581ms
04-11 03:39:39.515 28499 28522 I native-activity: Doing egl_swapbuffers_sync 1
04-11 03:39:39.515 28499 28522 D native-activity: Reading pixels format 0x1908 type 0x1401 bpp 4
04-11 03:39:39.553 28499 28522 I native-activity: Read pixels, GL error is 0x0
04-11 03:39:39.554 28499 28522 I native-activity: Swap 234 time is 43.081ms
04-11 03:39:39.554 28499 28522 I native-activity: Animating
04-11 03:39:39.555 28499 28522 I native-activity: Frame 235 GL error is 0x0
04-11 03:39:39.555 28499 28522 I native-activity: Frame 235 time is 1.701ms
04-11 03:39:39.555 28499 28522 I native-activity: Doing egl_swapbuffers_sync 1
04-11 03:39:39.555 28499 28522 D native-activity: Reading pixels format 0x1908 type 0x1401 bpp 4
04-11 03:39:39.595 28499 28522 I native-activity: Read pixels, GL error is 0x0
04-11 03:39:39.595 28499 28522 I native-activity: Swap 235 time is 41.759ms
04-11 03:39:39.595 28499 28522 I native-activity: Animating
04-11 03:39:39.598 28499 28522 I native-activity: Frame 236 GL error is 0x0
04-11 03:39:39.598 28499 28522 I native-activity: Frame 236 time is 2.638ms
04-11 03:39:39.598 28499 28522 I native-activity: Doing egl_swapbuffers_sync 1
04-11 03:39:39.598 28499 28522 D native-activity: Reading pixels format 0x1908 type 0x1401 bpp 4
04-11 03:39:39.637 28499 28522 I native-activity: Read pixels, GL error is 0x0
04-11 03:39:39.637 28499 28522 I native-activity: Swap 236 time is 41.999ms
04-11 03:39:39.638 28499 28522 I native-activity: Animating
04-11 03:39:39.639 28499 28522 I native-activity: Frame 237 GL error is 0x0
04-11 03:39:39.639 28499 28522 I native-activity: Frame 237 time is 1.814ms
04-11 03:39:39.639 28499 28522 I native-activity: Doing egl_swapbuffers_sync 1
04-11 03:39:39.639 28499 28522 D native-activity: Reading pixels format 0x1908 type 0x1401 bpp 4
04-11 03:39:39.679 28499 28522 I native-activity: Read pixels, GL error is 0x0
04-11 03:39:39.679 28499 28522 I native-activity: Swap 237 time is 41.582ms
04-11 03:39:39.679 28499 28522 I native-activity: Animating
04-11 03:39:39.682 28499 28522 I native-activity: Frame 238 GL error is 0x0
04-11 03:39:39.682 28499 28522 I native-activity: Frame 238 time is 2.476ms
04-11 03:39:39.682 28499 28522 I native-activity: Doing egl_swapbuffers_sync 1
04-11 03:39:39.682 28499 28522 D native-activity: Reading pixels format 0x1908 type 0x1401 bpp 4
04-11 03:39:39.721 28499 28522 I native-activity: Read pixels, GL error is 0x0
04-11 03:39:39.721 28499 28522 I native-activity: Swap 238 time is 41.530ms
04-11 03:39:39.721 28499 28522 I native-activity: Animating
04-11 03:39:39.723 28499 28522 I native-activity: Frame 239 GL error is 0x0
04-11 03:39:39.723 28499 28522 I native-activity: Frame 239 time is 2.301ms
04-11 03:39:39.723 28499 28522 I native-activity: Doing egl_swapbuffers_sync 1
04-11 03:39:39.723 28499 28522 D native-activity: Reading pixels format 0x1908 type 0x1401 bpp 4
04-11 03:39:39.763 28499 28522 I native-activity: Read pixels, GL error is 0x0
04-11 03:39:39.763 28499 28522 I native-activity: Swap 239 time is 41.896ms
04-11 03:39:39.763 28499 28522 I native-activity: Animating
04-11 03:39:39.819   448   613 D ConnectivityService: updateNetworkScore for NetworkAgentInfo [WIFI () - 2791] to 55
04-11 03:39:39.819   448   613 D ConnectivityService: rematching NetworkAgentInfo [WIFI () - 2791]
04-11 03:39:39.819   448   613 D ConnectivityService: Network NetworkAgentInfo [WIFI () - 2791] was already satisfying request 503. No change.
04-11 03:39:39.819   448   613 D ConnectivityService: Network NetworkAgentInfo [WIFI () - 2791] was already satisfying request 1. No change.
04-11 03:39:39.819   448   613 D ConnectivityService: notifyType AVAILABLE for NetworkAgentInfo [WIFI () - 2791]
04-11 03:39:39.820   666  1123 D ConnectivityManager.CallbackHandler: CM callback handler got msg 524290
04-11 03:39:39.821 25234 25335 D ConnectivityManager.CallbackHandler: CM callback handler got msg 524290
04-11 03:39:39.822 25234 25335 D Event   : No subscribers registered for event class com.tplink.hellotp.shared.j
04-11 03:39:39.822 25234 25335 D Event   : No subscribers registered for event class de.greenrobot.event.f
04-11 03:39:39.822 25234 25335 D ConnectivityManager.CallbackHandler: CM callback handler got msg 524290
04-11 03:39:39.822 25234 25335 D Event   : No subscribers registered for event class com.tplink.hellotp.shared.j
04-11 03:39:39.823 25472 25552 D ConnectivityManager.CallbackHandler: CM callback handler got msg 524290
04-11 03:39:39.823  8277 27307 D ConnectivityManager.CallbackHandler: CM callback handler got msg 524290
04-11 03:39:39.824 25234 25335 D Event   : No subscribers registered for event class de.greenrobot.event.f
04-11 03:39:39.915 28499 28522 I native-activity: Frame 240 GL error is 0x501
04-11 03:39:39.915 28499 28522 I native-activity: Frame 240 time is 152.051ms
04-11 03:39:39.915 28499 28522 I native-activity: Doing egl_swapbuffers_sync 1
04-11 03:39:39.915 28499 28522 D native-activity: Reading pixels format 0x1908 type 0x1401 bpp 4
04-11 03:39:39.955 28499 28522 I native-activity: Read pixels, GL error is 0x0
04-11 03:39:39.955 28499 28522 I native-activity: Swap 240 time is 191.867ms
04-11 03:39:39.955 28499 28522 I native-activity: Animating
04-11 03:39:39.980 28499 28522 I native-activity: Frame 241 GL error is 0x501
04-11 03:39:39.980 28499 28522 I native-activity: Frame 241 time is 25.461ms
04-11 03:39:39.980 28499 28522 I native-activity: Doing egl_swapbuffers_sync 1
04-11 03:39:39.981 28499 28522 D native-activity: Reading pixels format 0x1908 type 0x1401 bpp 4
04-11 03:39:40.020 28499 28522 I native-activity: Read pixels, GL error is 0x0
04-11 03:39:40.020 28499 28522 I native-activity: Swap 241 time is 65.244ms
04-11 03:39:40.020 28499 28522 I native-activity: Animating
04-11 03:39:40.044 28499 28522 I native-activity: Frame 242 GL error is 0x0
04-11 03:39:40.044 28499 28522 I native-activity: Frame 242 time is 23.631ms
04-11 03:39:40.044 28499 28522 I native-activity: Doing egl_swapbuffers_sync 1
04-11 03:39:40.044 28499 28522 D native-activity: Reading pixels format 0x1908 type 0x1401 bpp 4
04-11 03:39:40.084 28499 28522 I native-activity: Read pixels, GL error is 0x0
04-11 03:39:40.084 28499 28522 I native-activity: Swap 242 time is 63.441ms
04-11 03:39:40.084 28499 28522 I native-activity: Animating
04-11 03:39:40.100 28499 28522 I native-activity: Frame 243 GL error is 0x0
04-11 03:39:40.100 28499 28522 I native-activity: Frame 243 time is 16.459ms
04-11 03:39:40.100 28499 28522 I native-activity: Doing egl_swapbuffers_sync 1
04-11 03:39:40.100 28499 28522 D native-activity: Reading pixels format 0x1908 type 0x1401 bpp 4
04-11 03:39:40.140 28499 28522 I native-activity: Read pixels, GL error is 0x0
04-11 03:39:40.140 28499 28522 I native-activity: Swap 243 time is 55.978ms
04-11 03:39:40.140 28499 28522 I native-activity: Animating
04-11 03:39:40.154 28499 28522 I native-activity: Frame 244 GL error is 0x0
04-11 03:39:40.155 28499 28522 I native-activity: Frame 244 time is 14.644ms
04-11 03:39:40.155 28499 28522 I native-activity: Doing egl_swapbuffers_sync 1
04-11 03:39:40.155 28499 28522 D native-activity: Reading pixels format 0x1908 type 0x1401 bpp 4
04-11 03:39:40.194 28499 28522 I native-activity: Read pixels, GL error is 0x0
04-11 03:39:40.194 28499 28522 I native-activity: Swap 244 time is 54.483ms
04-11 03:39:40.195 28499 28522 I native-activity: Animating
04-11 03:39:40.236 28499 28522 I native-activity: Frame 245 GL error is 0x0
04-11 03:39:40.236 28499 28522 I native-activity: Frame 245 time is 41.549ms
04-11 03:39:40.236 28499 28522 I native-activity: Doing egl_swapbuffers_sync 1
04-11 03:39:40.236 28499 28522 D native-activity: Reading pixels format 0x1908 type 0x1401 bpp 4
04-11 03:39:40.270 28499 28522 I native-activity: Read pixels, GL error is 0x0
04-11 03:39:40.270 28499 28522 I native-activity: Swap 245 time is 75.075ms
04-11 03:39:40.270 28499 28522 I native-activity: Animating
04-11 03:39:40.292 28499 28522 I native-activity: Frame 246 GL error is 0x0
04-11 03:39:40.292 28499 28522 I native-activity: Frame 246 time is 22.714ms
04-11 03:39:40.293 28499 28522 I native-activity: Doing egl_swapbuffers_sync 1
04-11 03:39:40.293 28499 28522 D native-activity: Reading pixels format 0x1908 type 0x1401 bpp 4
04-11 03:39:40.337 28499 28522 I native-activity: Read pixels, GL error is 0x0
04-11 03:39:40.337 28499 28522 I native-activity: Swap 246 time is 66.995ms
04-11 03:39:40.337 28499 28522 I native-activity: Animating
04-11 03:39:40.377 28499 28522 I native-activity: Frame 247 GL error is 0x500
04-11 03:39:40.377 28499 28522 I native-activity: Frame 247 time is 40.461ms
04-11 03:39:40.377 28499 28522 I native-activity: Doing egl_swapbuffers_sync 1
04-11 03:39:40.377 28499 28522 D native-activity: Reading pixels format 0x1908 type 0x1401 bpp 4
04-11 03:39:40.415 28499 28522 I native-activity: Read pixels, GL error is 0x0
04-11 03:39:40.415 28499 28522 I native-activity: Swap 247 time is 77.877ms
04-11 03:39:40.415 28499 28522 I native-activity: Animating
04-11 03:39:40.428 28499 28522 I native-activity: Frame 248 GL error is 0x506
04-11 03:39:40.428 28499 28522 I native-activity: Frame 248 time is 13.262ms
04-11 03:39:40.428 28499 28522 I native-activity: Doing egl_swapbuffers_sync 1
04-11 03:39:40.428 28499 28522 D native-activity: Reading pixels format 0x1908 type 0x1401 bpp 4
04-11 03:39:40.476 28499 28522 I native-activity: Read pixels, GL error is 0x0
04-11 03:39:40.476 28499 28522 I native-activity: Swap 248 time is 61.149ms
04-11 03:39:40.476 28499 28522 I native-activity: Animating
04-11 03:39:40.500 28499 28522 I native-activity: Frame 249 GL error is 0x506
04-11 03:39:40.500 28499 28522 I native-activity: Frame 249 time is 23.616ms
04-11 03:39:40.500 28499 28522 I native-activity: Doing egl_swapbuffers_sync 1
04-11 03:39:40.500 28499 28522 D native-activity: Reading pixels format 0x1908 type 0x1401 bpp 4
04-11 03:39:40.547 28499 28522 I native-activity: Read pixels, GL error is 0x0
04-11 03:39:40.547 28499 28522 I native-activity: Swap 249 time is 71.384ms
04-11 03:39:40.548 28499 28522 I native-activity: Animating
04-11 03:39:40.563 28499 28522 I native-activity: Frame 250 GL error is 0x506
04-11 03:39:40.563 28499 28522 I native-activity: Frame 250 time is 15.192ms
04-11 03:39:40.563 28499 28522 I native-activity: Doing egl_swapbuffers_sync 1
04-11 03:39:40.563 28499 28522 D native-activity: Reading pixels format 0x1908 type 0x1401 bpp 4
04-11 03:39:40.608 28499 28522 I native-activity: Read pixels, GL error is 0x0
04-11 03:39:40.608 28499 28522 I native-activity: Swap 250 time is 60.792ms
04-11 03:39:40.608 28499 28522 I native-activity: Animating
04-11 03:39:40.622 28499 28522 I native-activity: Frame 251 GL error is 0x506
04-11 03:39:40.622 28499 28522 I native-activity: Frame 251 time is 13.790ms
04-11 03:39:40.622 28499 28522 I native-activity: Doing egl_swapbuffers_sync 1
04-11 03:39:40.622 28499 28522 D native-activity: Reading pixels format 0x1908 type 0x1401 bpp 4
04-11 03:39:40.669 28499 28522 I native-activity: Read pixels, GL error is 0x0
04-11 03:39:40.669 28499 28522 I native-activity: Swap 251 time is 60.431ms
04-11 03:39:40.669 28499 28522 I native-activity: Animating
04-11 03:39:40.682 28499 28522 I native-activity: Frame 252 GL error is 0x506
04-11 03:39:40.682 28499 28522 I native-activity: Frame 252 time is 12.834ms
04-11 03:39:40.682 28499 28522 I native-activity: Doing egl_swapbuffers_sync 1
04-11 03:39:40.682 28499 28522 D native-activity: Reading pixels format 0x1908 type 0x1401 bpp 4
04-11 03:39:40.735 28499 28522 I native-activity: Read pixels, GL error is 0x0
04-11 03:39:40.735 28499 28522 I native-activity: Swap 252 time is 65.701ms
04-11 03:39:40.735 28499 28522 I native-activity: Animating
04-11 03:39:40.744 28499 28522 I native-activity: Frame 253 GL error is 0x506
04-11 03:39:40.744 28499 28522 I native-activity: Frame 253 time is 8.870ms
04-11 03:39:40.744 28499 28522 I native-activity: Doing egl_swapbuffers_sync 1
04-11 03:39:40.744 28499 28522 D native-activity: Reading pixels format 0x1908 type 0x1401 bpp 4
04-11 03:39:40.795 28499 28522 I native-activity: Read pixels, GL error is 0x0
04-11 03:39:40.795 28499 28522 I native-activity: Swap 253 time is 60.621ms
04-11 03:39:40.795 28499 28522 I native-activity: Animating
04-11 03:39:40.806 28499 28522 I native-activity: Frame 254 GL error is 0x506
04-11 03:39:40.806 28499 28522 I native-activity: Frame 254 time is 10.575ms
04-11 03:39:40.806 28499 28522 I native-activity: Doing egl_swapbuffers_sync 1
04-11 03:39:40.806 28499 28522 D native-activity: Reading pixels format 0x1908 type 0x1401 bpp 4
04-11 03:39:40.858 28499 28522 I native-activity: Read pixels, GL error is 0x0
04-11 03:39:40.858 28499 28522 I native-activity: Swap 254 time is 62.127ms
04-11 03:39:40.858 28499 28522 I native-activity: Animating
04-11 03:39:40.868 28499 28522 I native-activity: Frame 255 GL error is 0x506
04-11 03:39:40.868 28499 28522 I native-activity: Frame 255 time is 10.306ms
04-11 03:39:40.868 28499 28522 I native-activity: Doing egl_swapbuffers_sync 1
04-11 03:39:40.868 28499 28522 D native-activity: Reading pixels format 0x1908 type 0x1401 bpp 4
04-11 03:39:40.921 28499 28522 I native-activity: Read pixels, GL error is 0x0
04-11 03:39:40.921 28499 28522 I native-activity: Swap 255 time is 63.231ms
04-11 03:39:40.921 28499 28522 I native-activity: Animating
04-11 03:39:40.949 28499 28522 I native-activity: Frame 256 GL error is 0x506
04-11 03:39:40.949 28499 28522 I native-activity: Frame 256 time is 27.771ms
04-11 03:39:40.949 28499 28522 I native-activity: Doing egl_swapbuffers_sync 1
04-11 03:39:40.949 28499 28522 D native-activity: Reading pixels format 0x1908 type 0x1401 bpp 4
04-11 03:39:41.000 28499 28522 I native-activity: Read pixels, GL error is 0x0
04-11 03:39:41.000 28499 28522 I native-activity: Swap 256 time is 79.307ms
04-11 03:39:41.001 28499 28522 I native-activity: Animating
04-11 03:39:41.022 28499 28522 I native-activity: Frame 257 GL error is 0x506
04-11 03:39:41.022 28499 28522 I native-activity: Frame 257 time is 21.445ms
04-11 03:39:41.022 28499 28522 I native-activity: Doing egl_swapbuffers_sync 1
04-11 03:39:41.022 28499 28522 D native-activity: Reading pixels format 0x1908 type 0x1401 bpp 4
04-11 03:39:41.073 28499 28522 I native-activity: Read pixels, GL error is 0x0
04-11 03:39:41.074 28499 28522 I native-activity: Swap 257 time is 72.937ms
04-11 03:39:41.074 28499 28522 I native-activity: Animating
04-11 03:39:41.100 28499 28522 I native-activity: Frame 258 GL error is 0x506
04-11 03:39:41.100 28499 28522 I native-activity: Frame 258 time is 26.039ms
04-11 03:39:41.100 28499 28522 I native-activity: Doing egl_swapbuffers_sync 1
04-11 03:39:41.100 28499 28522 D native-activity: Reading pixels format 0x1908 type 0x1401 bpp 4
04-11 03:39:41.151 28499 28522 I native-activity: Read pixels, GL error is 0x0
04-11 03:39:41.151 28499 28522 I native-activity: Swap 258 time is 77.517ms
04-11 03:39:41.152 28499 28522 I native-activity: Animating
04-11 03:39:41.170 28499 28522 I native-activity: Context 0x5a6ae040 made current on surface 0x5a6ae568, error 0x3000
04-11 03:39:41.170 28499 28522 I native-activity: GL information
04-11 03:39:41.170 28499 28522 I native-activity: 	Renderer: NVIDIA Tegra 3
04-11 03:39:41.170 28499 28522 I native-activity: 	Vendor: NVIDIA Corporation
04-11 03:39:41.170 28499 28522 I native-activity: 	Version: OpenGL ES 2.0 14.01003
04-11 03:39:41.170 28499 28522 I native-activity: 	Shading Language: OpenGL ES GLSL 1.00
04-11 03:39:41.170 28499 28522 I native-activity: 	Extensions: GL_OES_rgb8_rgba8 GL_OES_EGL_sync GL_OES_fbo_render_mipmap GL_NV_depth_nonlinear GL_NV_draw_path GL_NV_texture_npot_2D_mipmap GL_OES_EGL_image GL_OES_EGL_image_external GL_OES_vertex_half_float GL_OES_mapbuffer GL_NV_draw_buffers GL_NV_multiview_draw_buffers GL_EXT_Cg_shader GL_EXT_packed_float GL_OES_texture_half_float GL_EXT_texture_array GL_OES_compressed_ETC1_RGB8_texture GL_EXT_texture_compression_latc GL_NV_texture_compression_latc GL_EXT_texture_compression_dxt1 GL_EXT_texture_compression_s3tc GL_NV_texture_compression_s3tc GL_EXT_texture_filter_anisotropic GL_NV_get_tex_image GL_NV_read_buffer GL_NV_shader_framebuffer_fetch GL_NV_copy_image GL_NV_fbo_color_attachments GL_EXT_bgra GL_EXT_texture_format_BGRA8888 GL_EXT_unpack_subimage GL_NV_pack_subimage GL_NV_texture_compression_s3tc_update GL_NV_read_depth GL_NV_read_stencil GL_NV_uniform_buffer_object GL_EXT_robustness GL_OES_standard_derivatives GL_NV_EGL_stream_consumer_external GL_NV_3dvision_settings GL_EXT_debug_marker GL_EXT_debug
04-11 03:39:41.171 28499 28522 I native-activity: Context 0x5a6ae040 made current on surface 0x5a6ae568, error 0x3000
04-11 03:39:41.171 28499 28522 I native-activity: GL information
04-11 03:39:41.171 28499 28522 I native-activity: 	Renderer: NVIDIA Tegra 3
04-11 03:39:41.171 28499 28522 I native-activity: 	Vendor: NVIDIA Corporation
04-11 03:39:41.171 28499 28522 I native-activity: 	Version: OpenGL ES 2.0 14.01003
04-11 03:39:41.171 28499 28522 I native-activity: 	Shading Language: OpenGL ES GLSL 1.00
04-11 03:39:41.171 28499 28522 I native-activity: 	Extensions: GL_OES_rgb8_rgba8 GL_OES_EGL_sync GL_OES_fbo_render_mipmap GL_NV_depth_nonlinear GL_NV_draw_path GL_NV_texture_npot_2D_mipmap GL_OES_EGL_image GL_OES_EGL_image_external GL_OES_vertex_half_float GL_OES_mapbuffer GL_NV_draw_buffers GL_NV_multiview_draw_buffers GL_EXT_Cg_shader GL_EXT_packed_float GL_OES_texture_half_float GL_EXT_texture_array GL_OES_compressed_ETC1_RGB8_texture GL_EXT_texture_compression_latc GL_NV_texture_compression_latc GL_EXT_texture_compression_dxt1 GL_EXT_texture_compression_s3tc GL_NV_texture_compression_s3tc GL_EXT_texture_filter_anisotropic GL_NV_get_tex_image GL_NV_read_buffer GL_NV_shader_framebuffer_fetch GL_NV_copy_image GL_NV_fbo_color_attachments GL_EXT_bgra GL_EXT_texture_format_BGRA8888 GL_EXT_unpack_subimage GL_NV_pack_subimage GL_NV_texture_compression_s3tc_update GL_NV_read_depth GL_NV_read_stencil GL_NV_uniform_buffer_object GL_EXT_robustness GL_OES_standard_derivatives GL_NV_EGL_stream_consumer_external GL_NV_3dvision_settings GL_EXT_debug_marker GL_EXT_debug
04-11 03:39:41.171 28499 28522 I native-activity: Frame 259 GL error is 0x506
04-11 03:39:41.171 28499 28522 I native-activity: Frame 259 time is 19.368ms
04-11 03:39:41.171 28499 28522 I native-activity: Doing egl_swapbuffers_sync 1
04-11 03:39:41.171 28499 28522 D native-activity: Reading pixels format 0x1908 type 0x1401 bpp 4
04-11 03:39:41.218 28499 28522 I native-activity: Read pixels, GL error is 0x0
04-11 03:39:41.219 28499 28522 I native-activity: Swap 259 time is 67.232ms
04-11 03:39:41.219 28499 28522 I native-activity: Animating
04-11 03:39:41.241 28499 28522 I native-activity: Frame 260 GL error is 0x506
04-11 03:39:41.241 28499 28522 I native-activity: Frame 260 time is 22.217ms
04-11 03:39:41.241 28499 28522 I native-activity: Doing egl_swapbuffers_sync 1
04-11 03:39:41.241 28499 28522 D native-activity: Reading pixels format 0x1908 type 0x1401 bpp 4
04-11 03:39:41.287 28499 28522 I native-activity: Read pixels, GL error is 0x0
04-11 03:39:41.287 28499 28522 I native-activity: Swap 260 time is 67.838ms
04-11 03:39:41.287 28499 28522 I native-activity: Animating
04-11 03:39:41.316 28499 28522 I native-activity: Frame 261 GL error is 0x506
04-11 03:39:41.316 28499 28522 I native-activity: Frame 261 time is 28.842ms
04-11 03:39:41.316 28499 28522 I native-activity: Doing egl_swapbuffers_sync 1
04-11 03:39:41.316 28499 28522 D native-activity: Reading pixels format 0x1908 type 0x1401 bpp 4
04-11 03:39:41.361 28499 28522 I native-activity: Read pixels, GL error is 0x0
04-11 03:39:41.362 28499 28522 I native-activity: Swap 261 time is 74.408ms
04-11 03:39:41.362 28499 28522 I native-activity: Animating
04-11 03:39:41.375 28499 28522 I native-activity: Frame 262 GL error is 0x506
04-11 03:39:41.376 28499 28522 I native-activity: Frame 262 time is 13.818ms
04-11 03:39:41.376 28499 28522 I native-activity: Doing egl_swapbuffers_sync 1
04-11 03:39:41.376 28499 28522 D native-activity: Reading pixels format 0x1908 type 0x1401 bpp 4
04-11 03:39:41.424 28499 28522 I native-activity: Read pixels, GL error is 0x0
04-11 03:39:41.425 28499 28522 I native-activity: Swap 262 time is 62.940ms
04-11 03:39:41.425 28499 28522 I native-activity: Animating
04-11 03:39:41.447 28499 28522 I native-activity: Frame 263 GL error is 0x506
04-11 03:39:41.447 28499 28522 I native-activity: Frame 263 time is 22.483ms
04-11 03:39:41.447 28499 28522 I native-activity: Doing egl_swapbuffers_sync 1
04-11 03:39:41.447 28499 28522 D native-activity: Reading pixels format 0x1908 type 0x1401 bpp 4
04-11 03:39:41.496 28499 28522 I native-activity: Read pixels, GL error is 0x0
04-11 03:39:41.496 28499 28522 I native-activity: Swap 263 time is 71.185ms
04-11 03:39:41.496 28499 28522 I native-activity: Animating
04-11 03:39:41.514 28499 28522 I native-activity: Frame 264 GL error is 0x506
04-11 03:39:41.514 28499 28522 I native-activity: Frame 264 time is 17.987ms
04-11 03:39:41.514 28499 28522 I native-activity: Doing egl_swapbuffers_sync 1
04-11 03:39:41.514 28499 28522 D native-activity: Reading pixels format 0x1908 type 0x1401 bpp 4
04-11 03:39:41.564 28499 28522 I native-activity: Read pixels, GL error is 0x0
04-11 03:39:41.564 28499 28522 I native-activity: Swap 264 time is 68.347ms
04-11 03:39:41.564 28499 28522 I native-activity: Animating
04-11 03:39:41.578 28499 28522 I native-activity: Frame 265 GL error is 0x506
04-11 03:39:41.578 28499 28522 I native-activity: Frame 265 time is 13.667ms
04-11 03:39:41.578 28499 28522 I native-activity: Doing egl_swapbuffers_sync 1
04-11 03:39:41.578 28499 28522 D native-activity: Reading pixels format 0x1908 type 0x1401 bpp 4
04-11 03:39:41.629 28499 28522 I native-activity: Read pixels, GL error is 0x0
04-11 03:39:41.629 28499 28522 I native-activity: Swap 265 time is 64.657ms
04-11 03:39:41.629 28499 28522 I native-activity: Animating
04-11 03:39:41.650 28499 28522 I native-activity: Frame 266 GL error is 0x506
04-11 03:39:41.650 28499 28522 I native-activity: Frame 266 time is 21.009ms
04-11 03:39:41.650 28499 28522 I native-activity: Doing egl_swapbuffers_sync 1
04-11 03:39:41.650 28499 28522 D native-activity: Reading pixels format 0x1908 type 0x1401 bpp 4
04-11 03:39:41.700 28499 28522 I native-activity: Read pixels, GL error is 0x0
04-11 03:39:41.700 28499 28522 I native-activity: Swap 266 time is 71.090ms
04-11 03:39:41.701 28499 28522 I native-activity: Animating
04-11 03:39:41.717 28499 28522 I native-activity: Frame 267 GL error is 0x506
04-11 03:39:41.717 28499 28522 I native-activity: Frame 267 time is 16.353ms
04-11 03:39:41.717 28499 28522 I native-activity: Doing egl_swapbuffers_sync 1
04-11 03:39:41.717 28499 28522 D native-activity: Reading pixels format 0x1908 type 0x1401 bpp 4
04-11 03:39:41.768 28499 28522 I native-activity: Read pixels, GL error is 0x0
04-11 03:39:41.768 28499 28522 I native-activity: Swap 267 time is 67.061ms
04-11 03:39:41.768 28499 28522 I native-activity: Animating
04-11 03:39:41.784 28499 28522 I native-activity: Frame 268 GL error is 0x506
04-11 03:39:41.784 28499 28522 I native-activity: Frame 268 time is 16.064ms
04-11 03:39:41.784 28499 28522 I native-activity: Doing egl_swapbuffers_sync 1
04-11 03:39:41.784 28499 28522 D native-activity: Reading pixels format 0x1908 type 0x1401 bpp 4
04-11 03:39:41.834 28499 28522 I native-activity: Read pixels, GL error is 0x0
04-11 03:39:41.834 28499 28522 I native-activity: Swap 268 time is 66.596ms
04-11 03:39:41.834 28499 28522 I native-activity: Animating
04-11 03:39:41.858 28499 28522 I native-activity: Frame 269 GL error is 0x506
04-11 03:39:41.858 28499 28522 I native-activity: Frame 269 time is 23.477ms
04-11 03:39:41.858 28499 28522 I native-activity: Doing egl_swapbuffers_sync 1
04-11 03:39:41.858 28499 28522 D native-activity: Reading pixels format 0x1908 type 0x1401 bpp 4
04-11 03:39:41.909 28499 28522 I native-activity: Read pixels, GL error is 0x0
04-11 03:39:41.909 28499 28522 I native-activity: Swap 269 time is 74.326ms
04-11 03:39:41.909 28499 28522 I native-activity: Animating
04-11 03:39:41.933 28499 28522 I native-activity: Frame 270 GL error is 0x506
04-11 03:39:41.933 28499 28522 I native-activity: Frame 270 time is 24.428ms
04-11 03:39:41.934 28499 28522 I native-activity: Doing egl_swapbuffers_sync 1
04-11 03:39:41.934 28499 28522 D native-activity: Reading pixels format 0x1908 type 0x1401 bpp 4
04-11 03:39:41.982 28499 28522 I native-activity: Read pixels, GL error is 0x0
04-11 03:39:41.982 28499 28522 I native-activity: Swap 270 time is 73.274ms
04-11 03:39:41.982 28499 28522 I native-activity: Animating
04-11 03:39:41.999 28499 28522 I native-activity: Frame 271 GL error is 0x506
04-11 03:39:41.999 28499 28522 I native-activity: Frame 271 time is 16.813ms
04-11 03:39:41.999 28499 28522 I native-activity: Doing egl_swapbuffers_sync 1
04-11 03:39:41.999 28499 28522 D native-activity: Reading pixels format 0x1908 type 0x1401 bpp 4
04-11 03:39:42.047 28499 28522 I native-activity: Read pixels, GL error is 0x0
04-11 03:39:42.047 28499 28522 I native-activity: Swap 271 time is 64.290ms
04-11 03:39:42.047 28499 28522 I native-activity: Animating
04-11 03:39:42.064 28499 28522 I native-activity: Frame 272 GL error is 0x506
04-11 03:39:42.064 28499 28522 I native-activity: Frame 272 time is 17.400ms
04-11 03:39:42.064 28499 28522 I native-activity: Doing egl_swapbuffers_sync 1
04-11 03:39:42.064 28499 28522 D native-activity: Reading pixels format 0x1908 type 0x1401 bpp 4
04-11 03:39:42.114 28499 28522 I native-activity: Read pixels, GL error is 0x0
04-11 03:39:42.114 28499 28522 I native-activity: Swap 272 time is 67.526ms
04-11 03:39:42.115 28499 28522 I native-activity: Animating
04-11 03:39:42.132 28499 28522 I native-activity: Frame 273 GL error is 0x506
04-11 03:39:42.132 28499 28522 I native-activity: Frame 273 time is 17.263ms
04-11 03:39:42.132 28499 28522 I native-activity: Doing egl_swapbuffers_sync 1
04-11 03:39:42.132 28499 28522 D native-activity: Reading pixels format 0x1908 type 0x1401 bpp 4
04-11 03:39:42.182 28499 28522 I native-activity: Read pixels, GL error is 0x0
04-11 03:39:42.182 28499 28522 I native-activity: Swap 273 time is 67.170ms
04-11 03:39:42.182 28499 28522 I native-activity: Animating
04-11 03:39:42.214 28499 28522 I native-activity: Frame 274 GL error is 0x506
04-11 03:39:42.215 28499 28522 I native-activity: Frame 274 time is 32.682ms
04-11 03:39:42.215 28499 28522 I native-activity: Doing egl_swapbuffers_sync 1
04-11 03:39:42.215 28499 28522 D native-activity: Reading pixels format 0x1908 type 0x1401 bpp 4
04-11 03:39:42.255 28499 28522 I native-activity: Read pixels, GL error is 0x0
04-11 03:39:42.255 28499 28522 I native-activity: Swap 274 time is 73.221ms
04-11 03:39:42.255 28499 28522 I native-activity: Animating
04-11 03:39:42.267 28499 28522 I native-activity: Frame 275 GL error is 0x506
04-11 03:39:42.267 28499 28522 I native-activity: Frame 275 time is 12.164ms
04-11 03:39:42.267 28499 28522 I native-activity: Doing egl_swapbuffers_sync 1
04-11 03:39:42.267 28499 28522 D native-activity: Reading pixels format 0x1908 type 0x1401 bpp 4
04-11 03:39:42.319 28499 28522 I native-activity: Read pixels, GL error is 0x0
04-11 03:39:42.319 28499 28522 I native-activity: Swap 275 time is 63.428ms
04-11 03:39:42.319 28499 28522 I native-activity: Animating
04-11 03:39:42.330 28499 28522 I native-activity: Frame 276 GL error is 0x506
04-11 03:39:42.330 28499 28522 I native-activity: Frame 276 time is 11.061ms
04-11 03:39:42.330 28499 28522 I native-activity: Doing egl_swapbuffers_sync 1
04-11 03:39:42.330 28499 28522 D native-activity: Reading pixels format 0x1908 type 0x1401 bpp 4
04-11 03:39:42.381 28499 28522 I native-activity: Read pixels, GL error is 0x0
04-11 03:39:42.381 28499 28522 I native-activity: Swap 276 time is 62.288ms
04-11 03:39:42.381 28499 28522 I native-activity: Animating
04-11 03:39:42.395 28499 28522 I native-activity: Frame 277 GL error is 0x506
04-11 03:39:42.395 28499 28522 I native-activity: Frame 277 time is 13.821ms
04-11 03:39:42.395 28499 28522 I native-activity: Doing egl_swapbuffers_sync 1
04-11 03:39:42.395 28499 28522 D native-activity: Reading pixels format 0x1908 type 0x1401 bpp 4
04-11 03:39:42.446 28499 28522 I native-activity: Read pixels, GL error is 0x0
04-11 03:39:42.447 28499 28522 I native-activity: Swap 277 time is 65.414ms
04-11 03:39:42.447 28499 28522 I native-activity: Animating
04-11 03:39:42.458 28499 28522 I native-activity: Frame 278 GL error is 0x506
04-11 03:39:42.458 28499 28522 I native-activity: Frame 278 time is 11.393ms
04-11 03:39:42.458 28499 28522 I native-activity: Doing egl_swapbuffers_sync 1
04-11 03:39:42.458 28499 28522 D native-activity: Reading pixels format 0x1908 type 0x1401 bpp 4
04-11 03:39:42.509 28499 28522 I native-activity: Read pixels, GL error is 0x0
04-11 03:39:42.509 28499 28522 I native-activity: Swap 278 time is 62.596ms
04-11 03:39:42.509 28499 28522 I native-activity: Animating
04-11 03:39:42.521 28499 28522 I native-activity: Frame 279 GL error is 0x506
04-11 03:39:42.521 28499 28522 I native-activity: Frame 279 time is 11.636ms
04-11 03:39:42.521 28499 28522 I native-activity: Doing egl_swapbuffers_sync 1
04-11 03:39:42.521 28499 28522 D native-activity: Reading pixels format 0x1908 type 0x1401 bpp 4
04-11 03:39:42.572 28499 28522 I native-activity: Read pixels, GL error is 0x0
04-11 03:39:42.572 28499 28522 I native-activity: Swap 279 time is 62.828ms
04-11 03:39:42.572 28499 28522 I native-activity: Animating
04-11 03:39:42.582 28499 28522 I native-activity: Frame 280 GL error is 0x506
04-11 03:39:42.583 28499 28522 I native-activity: Frame 280 time is 10.280ms
04-11 03:39:42.583 28499 28522 I native-activity: Doing egl_swapbuffers_sync 1
04-11 03:39:42.583 28499 28522 D native-activity: Reading pixels format 0x1908 type 0x1401 bpp 4
04-11 03:39:42.633 28499 28522 I native-activity: Read pixels, GL error is 0x0
04-11 03:39:42.634 28499 28522 I native-activity: Swap 280 time is 61.246ms
04-11 03:39:42.634 28499 28522 I native-activity: Animating
04-11 03:39:42.646 28499 28522 I native-activity: Frame 281 GL error is 0x506
04-11 03:39:42.646 28499 28522 I native-activity: Frame 281 time is 12.684ms
04-11 03:39:42.646 28499 28522 I native-activity: Doing egl_swapbuffers_sync 1
04-11 03:39:42.646 28499 28522 D native-activity: Reading pixels format 0x1908 type 0x1401 bpp 4
04-11 03:39:42.696 28499 28522 I native-activity: Read pixels, GL error is 0x0
04-11 03:39:42.696 28499 28522 I native-activity: Swap 281 time is 62.446ms
04-11 03:39:42.696 28499 28522 I native-activity: Animating
04-11 03:39:42.709 28499 28522 I native-activity: Frame 282 GL error is 0x506
04-11 03:39:42.710 28499 28522 I native-activity: Frame 282 time is 13.394ms
04-11 03:39:42.710 28499 28522 I native-activity: Doing egl_swapbuffers_sync 1
04-11 03:39:42.710 28499 28522 D native-activity: Reading pixels format 0x1908 type 0x1401 bpp 4
04-11 03:39:42.751 28322 28322 E dhcpcd  : wlan0: send_packet: No buffer space available
04-11 03:39:42.759 28499 28522 I native-activity: Read pixels, GL error is 0x0
04-11 03:39:42.759 28499 28522 I native-activity: Swap 282 time is 63.099ms
04-11 03:39:42.759 28499 28522 I native-activity: Animating
04-11 03:39:42.771 28499 28522 I native-activity: Frame 283 GL error is 0x506
04-11 03:39:42.771 28499 28522 I native-activity: Frame 283 time is 11.622ms
04-11 03:39:42.771 28499 28522 I native-activity: Doing egl_swapbuffers_sync 1
04-11 03:39:42.771 28499 28522 D native-activity: Reading pixels format 0x1908 type 0x1401 bpp 4
04-11 03:39:42.821 28499 28522 I native-activity: Read pixels, GL error is 0x0
04-11 03:39:42.822 28499 28522 I native-activity: Swap 283 time is 62.129ms
04-11 03:39:42.822 28499 28522 I native-activity: Animating
04-11 03:39:42.825   448   613 D ConnectivityService: updateNetworkScore for NetworkAgentInfo [WIFI () - 2791] to 56
04-11 03:39:42.825   448   613 D ConnectivityService: rematching NetworkAgentInfo [WIFI () - 2791]
04-11 03:39:42.825   448   613 D ConnectivityService: Network NetworkAgentInfo [WIFI () - 2791] was already satisfying request 503. No change.
04-11 03:39:42.825   448   613 D ConnectivityService: Network NetworkAgentInfo [WIFI () - 2791] was already satisfying request 1. No change.
04-11 03:39:42.825   448   613 D ConnectivityService: notifyType AVAILABLE for NetworkAgentInfo [WIFI () - 2791]
04-11 03:39:42.826   666  1123 D ConnectivityManager.CallbackHandler: CM callback handler got msg 524290
04-11 03:39:42.827 25234 25335 D ConnectivityManager.CallbackHandler: CM callback handler got msg 524290
04-11 03:39:42.827  8277 27307 D ConnectivityManager.CallbackHandler: CM callback handler got msg 524290
04-11 03:39:42.827 25234 25335 D Event   : No subscribers registered for event class com.tplink.hellotp.shared.j
04-11 03:39:42.827 25234 25335 D Event   : No subscribers registered for event class de.greenrobot.event.f
04-11 03:39:42.839 28499 28522 I native-activity: Frame 284 GL error is 0x506
04-11 03:39:42.839 28499 28522 I native-activity: Frame 284 time is 17.203ms
04-11 03:39:42.839 28499 28522 I native-activity: Doing egl_swapbuffers_sync 1
04-11 03:39:42.839 28499 28522 D native-activity: Reading pixels format 0x1908 type 0x1401 bpp 4
04-11 03:39:42.839 25234 25335 D ConnectivityManager.CallbackHandler: CM callback handler got msg 524290
04-11 03:39:42.840 25472 25552 D ConnectivityManager.CallbackHandler: CM callback handler got msg 524290
04-11 03:39:42.843 25234 25335 D Event   : No subscribers registered for event class com.tplink.hellotp.shared.j
04-11 03:39:42.844 25234 25335 D Event   : No subscribers registered for event class de.greenrobot.event.f
04-11 03:39:42.886 28499 28522 I native-activity: Read pixels, GL error is 0x0
04-11 03:39:42.886 28499 28522 I native-activity: Swap 284 time is 64.345ms
04-11 03:39:42.886 28499 28522 I native-activity: Animating
04-11 03:39:42.899 28499 28522 I native-activity: Frame 285 GL error is 0x506
04-11 03:39:42.899 28499 28522 I native-activity: Frame 285 time is 12.724ms
04-11 03:39:42.899 28499 28522 I native-activity: Doing egl_swapbuffers_sync 1
04-11 03:39:42.899 28499 28522 D native-activity: Reading pixels format 0x1908 type 0x1401 bpp 4
04-11 03:39:42.948 28499 28522 I native-activity: Read pixels, GL error is 0x0
04-11 03:39:42.948 28499 28522 I native-activity: Swap 285 time is 61.867ms
04-11 03:39:42.948 28499 28522 I native-activity: Animating
04-11 03:39:42.966 28499 28522 I native-activity: Frame 286 GL error is 0x506
04-11 03:39:42.966 28499 28522 I native-activity: Frame 286 time is 18.257ms
04-11 03:39:42.966 28499 28522 I native-activity: Doing egl_swapbuffers_sync 1
04-11 03:39:42.967 28499 28522 D native-activity: Reading pixels format 0x1908 type 0x1401 bpp 4
04-11 03:39:43.011 28499 28522 I native-activity: Read pixels, GL error is 0x0
04-11 03:39:43.011 28499 28522 I native-activity: Swap 286 time is 63.086ms
04-11 03:39:43.011 28499 28522 I native-activity: Animating
04-11 03:39:43.025 28499 28522 I native-activity: Frame 287 GL error is 0x506
04-11 03:39:43.025 28499 28522 I native-activity: Frame 287 time is 13.894ms
04-11 03:39:43.025 28499 28522 I native-activity: Doing egl_swapbuffers_sync 1
04-11 03:39:43.025 28499 28522 D native-activity: Reading pixels format 0x1908 type 0x1401 bpp 4
04-11 03:39:43.074 28499 28522 I native-activity: Read pixels, GL error is 0x0
04-11 03:39:43.074 28499 28522 I native-activity: Swap 287 time is 63.019ms
04-11 03:39:43.075 28499 28522 I native-activity: Animating
04-11 03:39:43.095 28499 28522 I native-activity: Frame 288 GL error is 0x506
04-11 03:39:43.096 28499 28522 I native-activity: Frame 288 time is 20.873ms
04-11 03:39:43.096 28499 28522 I native-activity: Doing egl_swapbuffers_sync 1
04-11 03:39:43.096 28499 28522 D native-activity: Reading pixels format 0x1908 type 0x1401 bpp 4
04-11 03:39:43.143 28499 28522 I native-activity: Read pixels, GL error is 0x0
04-11 03:39:43.143 28499 28522 I native-activity: Swap 288 time is 68.781ms
04-11 03:39:43.144 28499 28522 I native-activity: Animating
04-11 03:39:43.165 28499 28522 I native-activity: Frame 289 GL error is 0x506
04-11 03:39:43.165 28499 28522 I native-activity: Frame 289 time is 21.072ms
04-11 03:39:43.165 28499 28522 I native-activity: Doing egl_swapbuffers_sync 1
04-11 03:39:43.165 28499 28522 D native-activity: Reading pixels format 0x1908 type 0x1401 bpp 4
04-11 03:39:43.213 28499 28522 I native-activity: Read pixels, GL error is 0x0
04-11 03:39:43.213 28499 28522 I native-activity: Swap 289 time is 68.898ms
04-11 03:39:43.213 28499 28522 I native-activity: Animating
04-11 03:39:43.244 28499 28522 I native-activity: Frame 290 GL error is 0x506
04-11 03:39:43.245 28499 28522 I native-activity: Frame 290 time is 31.370ms
04-11 03:39:43.245 28499 28522 I native-activity: Doing egl_swapbuffers_sync 1
04-11 03:39:43.245 28499 28522 D native-activity: Reading pixels format 0x1908 type 0x1401 bpp 4
04-11 03:39:43.290 28499 28522 I native-activity: Read pixels, GL error is 0x0
04-11 03:39:43.290 28499 28522 I native-activity: Swap 290 time is 77.155ms
04-11 03:39:43.291 28499 28522 I native-activity: Animating
04-11 03:39:43.308 28499 28522 I native-activity: Frame 291 GL error is 0x506
04-11 03:39:43.308 28499 28522 I native-activity: Frame 291 time is 17.175ms
04-11 03:39:43.308 28499 28522 I native-activity: Doing egl_swapbuffers_sync 1
04-11 03:39:43.308 28499 28522 D native-activity: Reading pixels format 0x1908 type 0x1401 bpp 4
04-11 03:39:43.354 28499 28522 I native-activity: Read pixels, GL error is 0x0
04-11 03:39:43.354 28499 28522 I native-activity: Swap 291 time is 63.644ms
04-11 03:39:43.354 28499 28522 I native-activity: Animating
04-11 03:39:43.365 28499 28522 I native-activity: Frame 292 GL error is 0x506
04-11 03:39:43.365 28499 28522 I native-activity: Frame 292 time is 10.618ms
04-11 03:39:43.365 28499 28522 I native-activity: Doing egl_swapbuffers_sync 1
04-11 03:39:43.365 28499 28522 D native-activity: Reading pixels format 0x1908 type 0x1401 bpp 4
04-11 03:39:43.415 28499 28522 I native-activity: Read pixels, GL error is 0x0
04-11 03:39:43.415 28499 28522 I native-activity: Swap 292 time is 60.784ms
04-11 03:39:43.415 28499 28522 I native-activity: Animating
04-11 03:39:43.430 28499 28522 I native-activity: Frame 293 GL error is 0x506
04-11 03:39:43.430 28499 28522 I native-activity: Frame 293 time is 14.561ms
04-11 03:39:43.430 28499 28522 I native-activity: Doing egl_swapbuffers_sync 1
04-11 03:39:43.430 28499 28522 D native-activity: Reading pixels format 0x1908 type 0x1401 bpp 4
04-11 03:39:43.479 28499 28522 I native-activity: Read pixels, GL error is 0x0
04-11 03:39:43.479 28499 28522 I native-activity: Swap 293 time is 63.695ms
04-11 03:39:43.479 28499 28522 I native-activity: Animating
04-11 03:39:43.489 28499 28522 I native-activity: Frame 294 GL error is 0x506
04-11 03:39:43.489 28499 28522 I native-activity: Frame 294 time is 10.022ms
04-11 03:39:43.489 28499 28522 I native-activity: Doing egl_swapbuffers_sync 1
04-11 03:39:43.489 28499 28522 D native-activity: Reading pixels format 0x1908 type 0x1401 bpp 4
04-11 03:39:43.540 28499 28522 I native-activity: Read pixels, GL error is 0x0
04-11 03:39:43.540 28499 28522 I native-activity: Swap 294 time is 61.382ms
04-11 03:39:43.540 28499 28522 I native-activity: Animating
04-11 03:39:43.551 28499 28522 I native-activity: Frame 295 GL error is 0x506
04-11 03:39:43.551 28499 28522 I native-activity: Frame 295 time is 10.230ms
04-11 03:39:43.551 28499 28522 I native-activity: Doing egl_swapbuffers_sync 1
04-11 03:39:43.551 28499 28522 D native-activity: Reading pixels format 0x1908 type 0x1401 bpp 4
04-11 03:39:43.603 28499 28522 I native-activity: Read pixels, GL error is 0x0
04-11 03:39:43.603 28499 28522 I native-activity: Swap 295 time is 62.861ms
04-11 03:39:43.603 28499 28522 I native-activity: Animating
04-11 03:39:43.618 28499 28522 I native-activity: Frame 296 GL error is 0x506
04-11 03:39:43.619 28499 28522 I native-activity: Frame 296 time is 15.115ms
04-11 03:39:43.619 28499 28522 I native-activity: Doing egl_swapbuffers_sync 1
04-11 03:39:43.619 28499 28522 D native-activity: Reading pixels format 0x1908 type 0x1401 bpp 4
04-11 03:39:43.666 28499 28522 I native-activity: Read pixels, GL error is 0x0
04-11 03:39:43.666 28499 28522 I native-activity: Swap 296 time is 62.443ms
04-11 03:39:43.666 28499 28522 I native-activity: Animating
04-11 03:39:43.679 28499 28522 I native-activity: Frame 297 GL error is 0x506
04-11 03:39:43.680 28499 28522 I native-activity: Frame 297 time is 13.272ms
04-11 03:39:43.680 28499 28522 I native-activity: Doing egl_swapbuffers_sync 1
04-11 03:39:43.680 28499 28522 D native-activity: Reading pixels format 0x1908 type 0x1401 bpp 4
04-11 03:39:43.729 28499 28522 I native-activity: Read pixels, GL error is 0x0
04-11 03:39:43.729 28499 28522 I native-activity: Swap 297 time is 62.935ms
04-11 03:39:43.729 28499 28522 I native-activity: Animating
04-11 03:39:43.738 28499 28522 I native-activity: Frame 298 GL error is 0x506
04-11 03:39:43.738 28499 28522 I native-activity: Frame 298 time is 9.344ms
04-11 03:39:43.738 28499 28522 I native-activity: Doing egl_swapbuffers_sync 1
04-11 03:39:43.738 28499 28522 D native-activity: Reading pixels format 0x1908 type 0x1401 bpp 4
04-11 03:39:43.791 28499 28522 I native-activity: Read pixels, GL error is 0x0
04-11 03:39:43.791 28499 28522 I native-activity: Swap 298 time is 61.872ms
04-11 03:39:43.791 28499 28522 I native-activity: Animating
04-11 03:39:43.801 28499 28522 I native-activity: Frame 299 GL error is 0x506
04-11 03:39:43.802 28499 28522 I native-activity: Frame 299 time is 10.781ms
04-11 03:39:43.802 28499 28522 I native-activity: Doing egl_swapbuffers_sync 1
04-11 03:39:43.802 28499 28522 D native-activity: Reading pixels format 0x1908 type 0x1401 bpp 4
04-11 03:39:43.854 28499 28522 I native-activity: Read pixels, GL error is 0x0
04-11 03:39:43.854 28499 28522 I native-activity: Swap 299 time is 62.995ms
04-11 03:39:43.854 28499 28522 I native-activity: Animating
04-11 03:39:43.863 28499 28522 I native-activity: Frame 300 GL error is 0x506
04-11 03:39:43.863 28499 28522 I native-activity: Frame 300 time is 9.191ms
04-11 03:39:43.863 28499 28522 I native-activity: Doing egl_swapbuffers_sync 1
04-11 03:39:43.863 28499 28522 D native-activity: Reading pixels format 0x1908 type 0x1401 bpp 4
04-11 03:39:43.915 28499 28522 I native-activity: Read pixels, GL error is 0x0
04-11 03:39:43.916 28499 28522 I native-activity: Swap 300 time is 61.660ms
04-11 03:39:43.916 28499 28522 I native-activity: Animating
04-11 03:39:43.949 28499 28522 I native-activity: Frame 301 GL error is 0x506
04-11 03:39:43.949 28499 28522 I native-activity: Frame 301 time is 32.981ms
04-11 03:39:43.949 28499 28522 I native-activity: Doing egl_swapbuffers_sync 1
04-11 03:39:43.949 28499 28522 D native-activity: Reading pixels format 0x1908 type 0x1401 bpp 4
04-11 03:39:43.998 28499 28522 I native-activity: Read pixels, GL error is 0x0
