04-13 01:18:51.882  3443  3458 I native-activity: Swap 306 time is 17.945ms
04-13 01:18:51.882  3443  3458 I native-activity: Animating
04-13 01:18:51.892  3443  3458 I native-activity: Frame 307 GL error is 0x0
04-13 01:18:51.892  3443  3458 I native-activity: Frame 307 time is 12.343ms
04-13 01:18:51.892  3443  3458 I native-activity: Swap 307 time is 14.698ms
04-13 01:18:51.892  3443  3458 I native-activity: Animating
04-13 01:18:51.912  3443  3458 I native-activity: Frame 308 GL error is 0x0
04-13 01:18:51.912  3443  3458 I native-activity: Frame 308 time is 13.926ms
04-13 01:18:51.912  3443  3458 I native-activity: Swap 308 time is 15.890ms
04-13 01:18:51.912  3443  3458 I native-activity: Animating
04-13 01:18:51.922  3443  3458 I native-activity: Frame 309 GL error is 0x0
04-13 01:18:51.922  3443  3458 I native-activity: Frame 309 time is 14.829ms
04-13 01:18:51.932  3443  3458 I native-activity: Swap 309 time is 16.781ms
04-13 01:18:51.932  3443  3458 I native-activity: Animating
04-13 01:18:51.942  3443  3458 I native-activity: Frame 310 GL error is 0x0
04-13 01:18:51.942  3443  3458 I native-activity: Frame 310 time is 14.665ms
04-13 01:18:51.942  3443  3458 I native-activity: Swap 310 time is 16.577ms
04-13 01:18:51.942  3443  3458 I native-activity: Animating
04-13 01:18:51.982  3443  3458 I native-activity: Frame 311 GL error is 0x501
04-13 01:18:51.982  3443  3458 I native-activity: Frame 311 time is 32.349ms
04-13 01:18:51.982  3443  3458 I native-activity: Swap 311 time is 35.007ms
04-13 01:18:51.982  3443  3458 I native-activity: Animating
04-13 01:18:52.002  3443  3458 I native-activity: Frame 312 GL error is 0x0
04-13 01:18:52.002  3443  3458 I native-activity: Frame 312 time is 23.426ms
04-13 01:18:52.002  3443  3458 I native-activity: Swap 312 time is 25.529ms
04-13 01:18:52.002  3443  3458 I native-activity: Animating
04-13 01:18:52.022  3443  3458 I native-activity: Frame 313 GL error is 0x0
04-13 01:18:52.022  3443  3458 I native-activity: Frame 313 time is 12.125ms
04-13 01:18:52.022  3443  3458 I native-activity: Swap 313 time is 13.600ms
04-13 01:18:52.022  3443  3458 I native-activity: Animating
04-13 01:18:52.032  3443  3458 I native-activity: Frame 314 GL error is 0x0
04-13 01:18:52.032  3443  3458 I native-activity: Frame 314 time is 8.025ms
04-13 01:18:52.032  3443  3458 I native-activity: Swap 314 time is 9.920ms
04-13 01:18:52.032  3443  3458 I native-activity: Animating
04-13 01:18:52.042  3443  3458 I native-activity: Frame 315 GL error is 0x501
04-13 01:18:52.042  3443  3458 I native-activity: Frame 315 time is 12.501ms
04-13 01:18:52.042  3443  3458 I native-activity: Swap 315 time is 13.868ms
04-13 01:18:52.042  3443  3458 I native-activity: Animating
04-13 01:18:52.062  3443  3458 I native-activity: Frame 316 GL error is 0x0
04-13 01:18:52.062  3443  3458 I native-activity: Frame 316 time is 16.376ms
04-13 01:18:52.062  3443  3458 I native-activity: Swap 316 time is 20.020ms
04-13 01:18:52.062  3443  3458 I native-activity: Animating
04-13 01:18:52.072  3443  3458 I native-activity: Frame 317 GL error is 0x0
04-13 01:18:52.072  3443  3458 I native-activity: Frame 317 time is 11.079ms
04-13 01:18:52.072  3443  3458 I native-activity: Swap 317 time is 12.371ms
04-13 01:18:52.072  3443  3458 I native-activity: Animating
04-13 01:18:52.092  1434  6994 D ConnectivityService: returning getNetworkInfo for network type 1 : [type: WIFI[] - WIFI, state: CONNECTED/CONNECTED, reason: (unspecified), extra: "wildfredland_ext", roaming: false, failover: false, isAvailable: true]
04-13 01:18:52.092  3443  3458 I native-activity: Frame 318 GL error is 0x0
04-13 01:18:52.092  3443  3458 I native-activity: Frame 318 time is 16.681ms
04-13 01:18:52.092  3443  3458 I native-activity: Swap 318 time is 18.050ms
04-13 01:18:52.092  3443  3458 I native-activity: Animating
04-13 01:18:52.102 30475 30525 D NetworkController.MobileSignalController(0/1): onSignalStrengthsChanged signalStrength=SignalStrength: 99 99 -120 -160 -120 -1 -1 13 -116 -9 52 -1 2147483647 0x1000 gsm|lte level=1
04-13 01:18:52.102 30475 30525 D NetworkController.MobileSignalController(0/1): getMobileIconGroup(): 13
04-13 01:18:52.102 30475 30525 D NetworkController.MobileSignalController(0/1): updateATTMobileIconGroup(): 13
04-13 01:18:52.112  3443  3458 I native-activity: Frame 319 GL error is 0x0
04-13 01:18:52.112  3443  3458 I native-activity: Frame 319 time is 13.136ms
04-13 01:18:52.112  3443  3458 I native-activity: Swap 319 time is 14.107ms
04-13 01:18:52.112  3443  3458 I native-activity: Animating
04-13 01:18:52.112  1434  2207 D EPDG -- [SMARTWIFI]: onSignalStrengthsChanged: Received signal strength change, phone type is: 1
04-13 01:18:52.112  1434  4692 D EPDG -- [SMARTWIFI]: lastLteRSRP is -116currentLteRSRP is -116
04-13 01:18:52.112  1434  4692 D EPDG -- [SMARTWIFI]: lastCdmaDb is -16currentCdmaDb is -16
04-13 01:18:52.112  1434  4692 V EPDG -- [SMARTWIFI]: Radio oldest entry removed
04-13 01:18:52.112  1434  4692 V EPDG -- [SMARTWIFI]: New entry : (SignalStrength: 99 99 -120 -160 -120 -1 -1 13 -116 -9 52 -1 2147483647 0x1000 gsm|lte : 0 )
04-13 01:18:52.112  1434  4692 V EPDG -- [SMARTWIFI]: Radio entry added
04-13 01:18:52.122  3443  3458 I native-activity: Frame 320 GL error is 0x0
04-13 01:18:52.122  3443  3458 I native-activity: Frame 320 time is 16.083ms
04-13 01:18:52.122  3443  3458 I native-activity: Swap 320 time is 17.133ms
04-13 01:18:52.122  3443  3458 I native-activity: Animating
04-13 01:18:52.142  3443  3458 I native-activity: Frame 321 GL error is 0x0
04-13 01:18:52.142  3443  3458 I native-activity: Frame 321 time is 15.184ms
04-13 01:18:52.142  3443  3458 I native-activity: Swap 321 time is 15.996ms
04-13 01:18:52.142  3443  3458 I native-activity: Animating
04-13 01:18:52.162  3443  3458 I native-activity: Frame 322 GL error is 0x0
04-13 01:18:52.162  3443  3458 I native-activity: Frame 322 time is 15.341ms
04-13 01:18:52.162  3443  3458 I native-activity: Swap 322 time is 16.254ms
04-13 01:18:52.162  3443  3458 I native-activity: Animating
04-13 01:18:52.172  3443  3458 I native-activity: Frame 323 GL error is 0x0
04-13 01:18:52.172  3443  3458 I native-activity: Frame 323 time is 15.509ms
04-13 01:18:52.172  3443  3458 I native-activity: Swap 323 time is 16.344ms
04-13 01:18:52.172  3443  3458 I native-activity: Animating
04-13 01:18:52.192  3443  3458 I native-activity: Frame 324 GL error is 0x0
04-13 01:18:52.192  3443  3458 I native-activity: Frame 324 time is 17.931ms
04-13 01:18:52.192  3443  3458 I native-activity: Swap 324 time is 19.324ms
04-13 01:18:52.192  3443  3458 I native-activity: Animating
04-13 01:18:52.212  3443  3458 I native-activity: Frame 325 GL error is 0x0
04-13 01:18:52.212  3443  3458 I native-activity: Frame 325 time is 16.450ms
04-13 01:18:52.212  3443  3458 I native-activity: Swap 325 time is 18.506ms
04-13 01:18:52.212  3443  3458 I native-activity: Animating
04-13 01:18:52.232  3443  3458 I native-activity: Frame 326 GL error is 0x0
04-13 01:18:52.232  3443  3458 I native-activity: Frame 326 time is 15.660ms
04-13 01:18:52.232  3443  3458 I native-activity: Swap 326 time is 17.898ms
04-13 01:18:52.232  3443  3458 I native-activity: Animating
04-13 01:18:52.242  3443  3458 I native-activity: Frame 327 GL error is 0x0
04-13 01:18:52.242  3443  3458 I native-activity: Frame 327 time is 14.141ms
04-13 01:18:52.252  3443  3458 I native-activity: Swap 327 time is 16.606ms
04-13 01:18:52.252  3443  3458 I native-activity: Animating
04-13 01:18:52.262  3443  3458 I native-activity: Frame 328 GL error is 0x0
04-13 01:18:52.262  3443  3458 I native-activity: Frame 328 time is 13.289ms
04-13 01:18:52.262  3443  3458 I native-activity: Swap 328 time is 14.424ms
04-13 01:18:52.262  3443  3458 I native-activity: Animating
04-13 01:18:52.272  3443  3458 I native-activity: Frame 329 GL error is 0x0
04-13 01:18:52.272  3443  3458 I native-activity: Frame 329 time is 12.790ms
04-13 01:18:52.282  3443  3458 I native-activity: Swap 329 time is 14.005ms
04-13 01:18:52.282  3443  3458 I native-activity: Animating
04-13 01:18:52.292  3443  3458 I native-activity: Frame 330 GL error is 0x0
04-13 01:18:52.292  3443  3458 I native-activity: Frame 330 time is 16.672ms
04-13 01:18:52.292  3443  3458 I native-activity: Swap 330 time is 17.899ms
04-13 01:18:52.292  3443  3458 I native-activity: Animating
04-13 01:18:52.312  3443  3458 I native-activity: Frame 331 GL error is 0x0
04-13 01:18:52.312  3443  3458 I native-activity: Frame 331 time is 16.848ms
04-13 01:18:52.312  3443  3458 I native-activity: Swap 331 time is 19.269ms
04-13 01:18:52.312  3443  3458 I native-activity: Animating
04-13 01:18:52.332  3443  3458 I native-activity: Frame 332 GL error is 0x0
04-13 01:18:52.332  3443  3458 I native-activity: Frame 332 time is 14.397ms
04-13 01:18:52.332  3443  3458 I native-activity: Swap 332 time is 16.482ms
04-13 01:18:52.332  3443  3458 I native-activity: Animating
04-13 01:18:52.342  3443  3458 I native-activity: Frame 333 GL error is 0x0
04-13 01:18:52.342  3443  3458 I native-activity: Frame 333 time is 14.274ms
04-13 01:18:52.352  3443  3458 I native-activity: Swap 333 time is 16.329ms
04-13 01:18:52.352  3443  3458 I native-activity: Animating
04-13 01:18:52.362  3443  3458 I native-activity: Frame 334 GL error is 0x0
04-13 01:18:52.362  3443  3458 I native-activity: Frame 334 time is 14.235ms
04-13 01:18:52.362  3443  3458 I native-activity: Swap 334 time is 16.278ms
04-13 01:18:52.362  3443  3458 I native-activity: Animating
04-13 01:18:52.382  3443  3458 I native-activity: Frame 335 GL error is 0x0
04-13 01:18:52.382  3443  3458 I native-activity: Frame 335 time is 15.155ms
04-13 01:18:52.382  3443  3458 I native-activity: Swap 335 time is 17.236ms
04-13 01:18:52.382  3443  3458 I native-activity: Animating
04-13 01:18:52.402  3443  3458 I native-activity: Frame 336 GL error is 0x0
04-13 01:18:52.402  3443  3458 I native-activity: Frame 336 time is 15.255ms
04-13 01:18:52.402  3443  3458 I native-activity: Swap 336 time is 17.582ms
04-13 01:18:52.402  3443  3458 I native-activity: Animating
04-13 01:18:52.412  3443  3458 I native-activity: Frame 337 GL error is 0x0
04-13 01:18:52.412  3443  3458 I native-activity: Frame 337 time is 12.643ms
04-13 01:18:52.412  3443  3458 I native-activity: Swap 337 time is 14.906ms
04-13 01:18:52.412  3443  3458 I native-activity: Animating
04-13 01:18:52.432  3443  3458 I native-activity: Frame 338 GL error is 0x0
04-13 01:18:52.432  3443  3458 I native-activity: Frame 338 time is 14.735ms
04-13 01:18:52.432  3443  3458 I native-activity: Swap 338 time is 16.450ms
04-13 01:18:52.432  3443  3458 I native-activity: Animating
04-13 01:18:52.442  3443  3458 I native-activity: Frame 339 GL error is 0x0
04-13 01:18:52.442  3443  3458 I native-activity: Frame 339 time is 12.909ms
04-13 01:18:52.442  3443  3458 I native-activity: Swap 339 time is 14.616ms
04-13 01:18:52.442  3443  3458 I native-activity: Animating
04-13 01:18:52.462  3443  3458 I native-activity: Frame 340 GL error is 0x0
04-13 01:18:52.462  3443  3458 I native-activity: Frame 340 time is 13.970ms
04-13 01:18:52.462  3443  3458 I native-activity: Swap 340 time is 15.452ms
04-13 01:18:52.462  3443  3458 I native-activity: Animating
04-13 01:18:52.482  3443  3458 I native-activity: Frame 341 GL error is 0x0
04-13 01:18:52.482  3443  3458 I native-activity: Frame 341 time is 16.586ms
04-13 01:18:52.482  3443  3458 I native-activity: Swap 341 time is 18.901ms
04-13 01:18:52.482  3443  3458 I native-activity: Animating
04-13 01:18:52.492  3443  3458 I native-activity: Frame 342 GL error is 0x0
04-13 01:18:52.492  3443  3458 I native-activity: Frame 342 time is 14.746ms
04-13 01:18:52.502  3443  3458 I native-activity: Swap 342 time is 16.925ms
04-13 01:18:52.502  3443  3458 I native-activity: Animating
04-13 01:18:52.512  3443  3458 I native-activity: Frame 343 GL error is 0x0
04-13 01:18:52.512  3443  3458 I native-activity: Frame 343 time is 14.742ms
04-13 01:18:52.512  3443  3458 I native-activity: Swap 343 time is 16.889ms
04-13 01:18:52.512  3443  3458 I native-activity: Animating
04-13 01:18:52.532  3443  3458 I native-activity: Frame 344 GL error is 0x0
04-13 01:18:52.532  3443  3458 I native-activity: Frame 344 time is 14.462ms
04-13 01:18:52.532  3443  3458 I native-activity: Swap 344 time is 16.606ms
04-13 01:18:52.532  3443  3458 I native-activity: Animating
04-13 01:18:52.542  3443  3458 I native-activity: Frame 345 GL error is 0x0
04-13 01:18:52.552  3443  3458 I native-activity: Frame 345 time is 14.360ms
04-13 01:18:52.552  3443  3458 I native-activity: Swap 345 time is 16.786ms
04-13 01:18:52.552  3443  3458 I native-activity: Animating
04-13 01:18:52.562  3443  3458 I native-activity: Frame 346 GL error is 0x0
04-13 01:18:52.562  3443  3458 I native-activity: Frame 346 time is 11.574ms
04-13 01:18:52.562  3443  3458 I native-activity: Swap 346 time is 12.805ms
04-13 01:18:52.562  3443  3458 I native-activity: Animating
04-13 01:18:52.582  3443  3458 I native-activity: Frame 347 GL error is 0x0
04-13 01:18:52.582  3443  3458 I native-activity: Frame 347 time is 16.052ms
04-13 01:18:52.582  3443  3458 I native-activity: Swap 347 time is 18.511ms
04-13 01:18:52.582  3443  3458 I native-activity: Animating
04-13 01:18:52.602  3443  3458 I native-activity: Frame 348 GL error is 0x0
04-13 01:18:52.602  3443  3458 I native-activity: Frame 348 time is 17.445ms
04-13 01:18:52.602  3443  3458 I native-activity: Swap 348 time is 20.455ms
04-13 01:18:52.602  3443  3458 I native-activity: Animating
04-13 01:18:52.612  3443  3458 I native-activity: Frame 349 GL error is 0x0
04-13 01:18:52.612  3443  3458 I native-activity: Frame 349 time is 13.631ms
04-13 01:18:52.622  3443  3458 I native-activity: Swap 349 time is 16.045ms
04-13 01:18:52.622  3443  3458 I native-activity: Animating
04-13 01:18:52.632  3443  3458 I native-activity: Frame 350 GL error is 0x0
04-13 01:18:52.632  3443  3458 I native-activity: Frame 350 time is 10.925ms
04-13 01:18:52.632  3443  3458 I native-activity: Swap 350 time is 12.356ms
04-13 01:18:52.632  3443  3458 I native-activity: Animating
04-13 01:18:52.642  3443  3458 I native-activity: Frame 351 GL error is 0x0
04-13 01:18:52.642  3443  3458 I native-activity: Frame 351 time is 15.354ms
04-13 01:18:52.652  3443  3458 I native-activity: Swap 351 time is 16.917ms
04-13 01:18:52.652  3443  3458 I native-activity: Animating
04-13 01:18:52.662  3443  3458 I native-activity: Frame 352 GL error is 0x0
04-13 01:18:52.662  3443  3458 I native-activity: Frame 352 time is 14.973ms
04-13 01:18:52.662  3443  3458 I native-activity: Swap 352 time is 16.432ms
04-13 01:18:52.662  3443  3458 I native-activity: Animating
04-13 01:18:52.682  3443  3458 I native-activity: Frame 353 GL error is 0x0
04-13 01:18:52.682  3443  3458 I native-activity: Frame 353 time is 15.629ms
04-13 01:18:52.682  3443  3458 I native-activity: Swap 353 time is 17.334ms
04-13 01:18:52.682  3443  3458 I native-activity: Animating
04-13 01:18:52.702  3443  3458 I native-activity: Frame 354 GL error is 0x0
04-13 01:18:52.702  3443  3458 I native-activity: Frame 354 time is 15.281ms
04-13 01:18:52.702  3443  3458 I native-activity: Swap 354 time is 17.292ms
04-13 01:18:52.702  3443  3458 I native-activity: Animating
04-13 01:18:52.712  3443  3458 I native-activity: Frame 355 GL error is 0x0
04-13 01:18:52.712  3443  3458 I native-activity: Frame 355 time is 15.147ms
04-13 01:18:52.712  3443  3458 I native-activity: Swap 355 time is 16.881ms
04-13 01:18:52.712  3443  3458 I native-activity: Animating
04-13 01:18:52.732  3443  3458 I native-activity: Frame 356 GL error is 0x0
04-13 01:18:52.732  3443  3458 I native-activity: Frame 356 time is 13.475ms
04-13 01:18:52.732  3443  3458 I native-activity: Swap 356 time is 15.284ms
04-13 01:18:52.732  3443  3458 I native-activity: Animating
04-13 01:18:52.742  3443  3458 I native-activity: Frame 357 GL error is 0x0
04-13 01:18:52.742  3443  3458 I native-activity: Frame 357 time is 14.008ms
04-13 01:18:52.752  3443  3458 I native-activity: Swap 357 time is 15.674ms
04-13 01:18:52.752  3443  3458 I native-activity: Animating
04-13 01:18:52.762  3443  3458 I native-activity: Frame 358 GL error is 0x0
04-13 01:18:52.762  3443  3458 I native-activity: Frame 358 time is 16.337ms
04-13 01:18:52.762  3443  3458 I native-activity: Swap 358 time is 18.136ms
04-13 01:18:52.762  3443  3458 I native-activity: Animating
04-13 01:18:52.782  3443  3458 I native-activity: Frame 359 GL error is 0x0
04-13 01:18:52.782  3443  3458 I native-activity: Frame 359 time is 14.715ms
04-13 01:18:52.782  3443  3458 I native-activity: Swap 359 time is 16.876ms
04-13 01:18:52.782  3443  3458 I native-activity: Animating
04-13 01:18:52.802  3443  3458 I native-activity: Frame 360 GL error is 0x0
04-13 01:18:52.802  3443  3458 I native-activity: Frame 360 time is 14.359ms
04-13 01:18:52.802  3443  3458 I native-activity: Swap 360 time is 16.173ms
04-13 01:18:52.802  3443  3458 I native-activity: Animating
04-13 01:18:52.812  3443  3458 I native-activity: Frame 361 GL error is 0x0
04-13 01:18:52.812  3443  3458 I native-activity: Frame 361 time is 14.414ms
04-13 01:18:52.812  3443  3458 I native-activity: Swap 361 time is 16.236ms
04-13 01:18:52.812  3443  3458 I native-activity: Animating
04-13 01:18:52.832  3443  3458 I native-activity: Frame 362 GL error is 0x0
04-13 01:18:52.832  3443  3458 I native-activity: Frame 362 time is 14.269ms
04-13 01:18:52.832  3443  3458 I native-activity: Swap 362 time is 15.982ms
04-13 01:18:52.832  3443  3458 I native-activity: Animating
04-13 01:18:52.842  3443  3458 I native-activity: Frame 363 GL error is 0x0
04-13 01:18:52.842  3443  3458 I native-activity: Frame 363 time is 14.460ms
04-13 01:18:52.852  3443  3458 I native-activity: Swap 363 time is 16.015ms
04-13 01:18:52.852  3443  3458 I native-activity: Animating
04-13 01:18:52.872  3443  3458 I native-activity: Frame 364 GL error is 0x0
04-13 01:18:52.872  3443  3458 I native-activity: Frame 364 time is 20.535ms
04-13 01:18:52.872  3443  3458 I native-activity: Swap 364 time is 23.378ms
04-13 01:18:52.872  3443  3458 I native-activity: Animating
04-13 01:18:52.882  3443  3458 I native-activity: Frame 365 GL error is 0x0
04-13 01:18:52.882  3443  3458 I native-activity: Frame 365 time is 12.697ms
04-13 01:18:52.892  3443  3458 I native-activity: Swap 365 time is 15.283ms
04-13 01:18:52.892  3443  3458 I native-activity: Animating
04-13 01:18:52.902  3443  3458 I native-activity: Frame 366 GL error is 0x0
04-13 01:18:52.902  3443  3458 I native-activity: Frame 366 time is 11.877ms
04-13 01:18:52.902  3443  3458 I native-activity: Swap 366 time is 13.995ms
04-13 01:18:52.902  3443  3458 I native-activity: Animating
04-13 01:18:52.912  3443  3458 I native-activity: Frame 367 GL error is 0x0
04-13 01:18:52.912  3443  3458 I native-activity: Frame 367 time is 12.334ms
04-13 01:18:52.912  3443  3458 I native-activity: Swap 367 time is 14.478ms
04-13 01:18:52.912  3443  3458 I native-activity: Animating
04-13 01:18:52.932  3443  3458 I native-activity: Frame 368 GL error is 0x0
04-13 01:18:52.932  3443  3458 I native-activity: Frame 368 time is 13.826ms
04-13 01:18:52.932  3443  3458 I native-activity: Swap 368 time is 15.556ms
04-13 01:18:52.932  3443  3458 I native-activity: Animating
04-13 01:18:52.952  3443  3458 I native-activity: Frame 369 GL error is 0x0
04-13 01:18:52.952  3443  3458 I native-activity: Frame 369 time is 15.685ms
04-13 01:18:52.952  3443  3458 I native-activity: Swap 369 time is 17.968ms
04-13 01:18:52.952  3443  3458 I native-activity: Animating
04-13 01:18:52.962  3443  3458 I native-activity: Frame 370 GL error is 0x0
04-13 01:18:52.962  3443  3458 I native-activity: Frame 370 time is 15.334ms
04-13 01:18:52.972  3443  3458 I native-activity: Swap 370 time is 17.766ms
04-13 01:18:52.972  3443  3458 I native-activity: Animating
04-13 01:18:52.982  3443  3458 I native-activity: Frame 371 GL error is 0x0
04-13 01:18:52.982  3443  3458 I native-activity: Frame 371 time is 13.764ms
04-13 01:18:52.982  3443  3458 I native-activity: Swap 371 time is 16.021ms
04-13 01:18:52.982  3443  3458 I native-activity: Animating
04-13 01:18:53.002  3443  3458 I native-activity: Frame 372 GL error is 0x0
04-13 01:18:53.002  3443  3458 I native-activity: Frame 372 time is 14.332ms
04-13 01:18:53.002  3443  3458 I native-activity: Swap 372 time is 16.223ms
04-13 01:18:53.002  3443  3458 I native-activity: Animating
04-13 01:18:53.012  3443  3458 I native-activity: Frame 373 GL error is 0x0
04-13 01:18:53.012  3443  3458 I native-activity: Frame 373 time is 14.433ms
04-13 01:18:53.022  3443  3458 I native-activity: Swap 373 time is 16.605ms
04-13 01:18:53.022  3443  3458 I native-activity: Animating
04-13 01:18:53.032  3443  3458 I native-activity: Frame 374 GL error is 0x0
04-13 01:18:53.032  3443  3458 I native-activity: Frame 374 time is 14.119ms
04-13 01:18:53.032  3443  3458 I native-activity: Swap 374 time is 16.484ms
04-13 01:18:53.032  3443  3458 I native-activity: Animating
04-13 01:18:53.052  3443  3458 I native-activity: Frame 375 GL error is 0x0
04-13 01:18:53.052  3443  3458 I native-activity: Frame 375 time is 13.700ms
04-13 01:18:53.052  3443  3458 I native-activity: Swap 375 time is 15.533ms
04-13 01:18:53.052  3443  3458 I native-activity: Animating
04-13 01:18:53.062  3443  3458 I native-activity: Frame 376 GL error is 0x0
04-13 01:18:53.062  3443  3458 I native-activity: Frame 376 time is 15.889ms
04-13 01:18:53.072  3443  3458 I native-activity: Swap 376 time is 18.523ms
04-13 01:18:53.072  3443  3458 I native-activity: Animating
04-13 01:18:53.082  3443  3458 I native-activity: Frame 377 GL error is 0x0
04-13 01:18:53.082  3443  3458 I native-activity: Frame 377 time is 12.633ms
04-13 01:18:53.082  3443  3458 I native-activity: Swap 377 time is 15.171ms
04-13 01:18:53.082  3443  3458 I native-activity: Animating
04-13 01:18:53.102  3443  3458 I native-activity: Frame 378 GL error is 0x0
04-13 01:18:53.102  3443  3458 I native-activity: Frame 378 time is 15.316ms
04-13 01:18:53.102  3443  3458 I native-activity: Swap 378 time is 16.699ms
04-13 01:18:53.102  3443  3458 I native-activity: Animating
04-13 01:18:53.112  3443  3458 I native-activity: Frame 379 GL error is 0x0
04-13 01:18:53.112  3443  3458 I native-activity: Frame 379 time is 14.397ms
04-13 01:18:53.122  3443  3458 I native-activity: Swap 379 time is 16.704ms
04-13 01:18:53.122  3443  3458 I native-activity: Animating
04-13 01:18:53.132  3443  3458 I native-activity: Frame 380 GL error is 0x0
04-13 01:18:53.132  3443  3458 I native-activity: Frame 380 time is 13.443ms
04-13 01:18:53.132  3443  3458 I native-activity: Swap 380 time is 15.277ms
04-13 01:18:53.132  3443  3458 I native-activity: Animating
04-13 01:18:53.152  3443  3458 I native-activity: Frame 381 GL error is 0x0
04-13 01:18:53.152  3443  3458 I native-activity: Frame 381 time is 15.081ms
04-13 01:18:53.152  3443  3458 I native-activity: Swap 381 time is 17.157ms
04-13 01:18:53.152  3443  3458 I native-activity: Animating
04-13 01:18:53.162  3443  3458 I native-activity: Frame 382 GL error is 0x0
04-13 01:18:53.162  3443  3458 I native-activity: Frame 382 time is 15.117ms
04-13 01:18:53.172  3443  3458 I native-activity: Swap 382 time is 17.293ms
04-13 01:18:53.172  3443  3458 I native-activity: Animating
04-13 01:18:53.182  3443  3458 I native-activity: Frame 383 GL error is 0x0
04-13 01:18:53.182  3443  3458 I native-activity: Frame 383 time is 14.328ms
04-13 01:18:53.182  3443  3458 I native-activity: Swap 383 time is 16.402ms
04-13 01:18:53.182  3443  3458 I native-activity: Animating
04-13 01:18:53.202  3443  3458 I native-activity: Frame 384 GL error is 0x0
04-13 01:18:53.202  3443  3458 I native-activity: Frame 384 time is 14.468ms
04-13 01:18:53.202  3443  3458 I native-activity: Swap 384 time is 16.697ms
04-13 01:18:53.202  3443  3458 I native-activity: Animating
04-13 01:18:53.222  3443  3458 I native-activity: Frame 385 GL error is 0x0
04-13 01:18:53.222  3443  3458 I native-activity: Frame 385 time is 15.985ms
04-13 01:18:53.222  3443  3458 I native-activity: Swap 385 time is 17.618ms
04-13 01:18:53.222  3443  3458 I native-activity: Animating
04-13 01:18:53.232  3443  3458 I native-activity: Frame 386 GL error is 0x0
04-13 01:18:53.232  3443  3458 I native-activity: Frame 386 time is 12.243ms
04-13 01:18:53.232  3443  3458 I native-activity: Swap 386 time is 14.217ms
04-13 01:18:53.232  3443  3458 I native-activity: Animating
04-13 01:18:53.252  3443  3458 I native-activity: Frame 387 GL error is 0x0
04-13 01:18:53.252  3443  3458 I native-activity: Frame 387 time is 16.519ms
04-13 01:18:53.252  3443  3458 I native-activity: Swap 387 time is 18.405ms
04-13 01:18:53.252  3443  3458 I native-activity: Animating
04-13 01:18:53.262  3443  3458 I native-activity: Frame 388 GL error is 0x0
04-13 01:18:53.262  3443  3458 I native-activity: Frame 388 time is 13.467ms
04-13 01:18:53.272  3443  3458 I native-activity: Swap 388 time is 16.207ms
04-13 01:18:53.272  3443  3458 I native-activity: Animating
04-13 01:18:53.282  3443  3458 I native-activity: Frame 389 GL error is 0x0
04-13 01:18:53.282  3443  3458 I native-activity: Frame 389 time is 15.089ms
04-13 01:18:53.282  3443  3458 I native-activity: Swap 389 time is 17.513ms
04-13 01:18:53.282  3443  3458 I native-activity: Animating
04-13 01:18:53.302  3443  3458 I native-activity: Frame 390 GL error is 0x0
04-13 01:18:53.302  3443  3458 I native-activity: Frame 390 time is 16.018ms
04-13 01:18:53.302  3443  3458 I native-activity: Swap 390 time is 18.548ms
04-13 01:18:53.302  3443  3458 I native-activity: Animating
04-13 01:18:53.322  3443  3458 I native-activity: Frame 391 GL error is 0x0
04-13 01:18:53.322  3443  3458 I native-activity: Frame 391 time is 15.158ms
04-13 01:18:53.322  3443  3458 I native-activity: Swap 391 time is 17.056ms
04-13 01:18:53.322  3443  3458 I native-activity: Animating
04-13 01:18:53.332  3443  3458 I native-activity: Frame 392 GL error is 0x0
04-13 01:18:53.332  3443  3458 I native-activity: Frame 392 time is 10.011ms
04-13 01:18:53.332  3443  3458 I native-activity: Swap 392 time is 11.608ms
04-13 01:18:53.332  3443  3458 I native-activity: Animating
04-13 01:18:53.352  3443  3458 I native-activity: Frame 393 GL error is 0x0
04-13 01:18:53.352  3443  3458 I native-activity: Frame 393 time is 13.260ms
04-13 01:18:53.352  3443  3458 I native-activity: Swap 393 time is 14.861ms
04-13 01:18:53.352  3443  3458 I native-activity: Animating
04-13 01:18:53.362  3443  3458 I native-activity: Frame 394 GL error is 0x0
04-13 01:18:53.362  3443  3458 I native-activity: Frame 394 time is 14.966ms
04-13 01:18:53.362  3443  3458 I native-activity: Swap 394 time is 16.488ms
04-13 01:18:53.362  3443  3458 I native-activity: Animating
04-13 01:18:53.382  3443  3458 I native-activity: Frame 395 GL error is 0x0
04-13 01:18:53.382  3443  3458 I native-activity: Frame 395 time is 16.206ms
04-13 01:18:53.382  3443  3458 I native-activity: Swap 395 time is 17.906ms
04-13 01:18:53.382  3443  3458 I native-activity: Animating
04-13 01:18:53.402  3443  3458 I native-activity: Frame 396 GL error is 0x0
04-13 01:18:53.402  3443  3458 I native-activity: Frame 396 time is 15.903ms
04-13 01:18:53.402  3443  3458 I native-activity: Swap 396 time is 18.452ms
04-13 01:18:53.402  3443  3458 I native-activity: Animating
04-13 01:18:53.422  3443  3458 I native-activity: Frame 397 GL error is 0x0
04-13 01:18:53.422  3443  3458 I native-activity: Frame 397 time is 15.142ms
04-13 01:18:53.422  3443  3458 I native-activity: Swap 397 time is 16.755ms
04-13 01:18:53.422  3443  3458 I native-activity: Animating
04-13 01:18:53.432  3443  3458 I native-activity: Frame 398 GL error is 0x0
04-13 01:18:53.432  3443  3458 I native-activity: Frame 398 time is 13.134ms
04-13 01:18:53.432  3443  3458 I native-activity: Swap 398 time is 15.586ms
04-13 01:18:53.432  3443  3458 I native-activity: Animating
04-13 01:18:53.452  3443  3458 I native-activity: Frame 399 GL error is 0x0
04-13 01:18:53.452  3443  3458 I native-activity: Frame 399 time is 13.917ms
04-13 01:18:53.452  3443  3458 I native-activity: Swap 399 time is 15.690ms
04-13 01:18:53.452  3443  3458 I native-activity: Animating
04-13 01:18:53.462  3443  3458 I native-activity: Frame 400 GL error is 0x0
04-13 01:18:53.462  3443  3458 I native-activity: Frame 400 time is 14.389ms
04-13 01:18:53.472  3443  3458 I native-activity: Swap 400 time is 16.700ms
04-13 01:18:53.472  3443  3458 I native-activity: Animating
04-13 01:18:53.482  3443  3458 I native-activity: Frame 401 GL error is 0x0
04-13 01:18:53.482  3443  3458 I native-activity: Frame 401 time is 15.876ms
04-13 01:18:53.482  3443  3458 I native-activity: Swap 401 time is 17.928ms
04-13 01:18:53.492  3443  3458 I native-activity: Animating
04-13 01:18:53.502  3443  3458 I native-activity: Frame 402 GL error is 0x0
04-13 01:18:53.502  3443  3458 I native-activity: Frame 402 time is 14.145ms
04-13 01:18:53.502  3443  3458 I native-activity: Swap 402 time is 15.829ms
04-13 01:18:53.502  3443  3458 I native-activity: Animating
04-13 01:18:53.522  3443  3458 I native-activity: Frame 403 GL error is 0x0
04-13 01:18:53.522  3443  3458 I native-activity: Frame 403 time is 14.414ms
04-13 01:18:53.522  3443  3458 I native-activity: Swap 403 time is 16.867ms
04-13 01:18:53.522  3443  3458 I native-activity: Animating
04-13 01:18:53.532  3443  3458 I native-activity: Frame 404 GL error is 0x0
04-13 01:18:53.532  3443  3458 I native-activity: Frame 404 time is 15.060ms
04-13 01:18:53.542  3443  3458 I native-activity: Swap 404 time is 17.153ms
04-13 01:18:53.542  3443  3458 I native-activity: Animating
04-13 01:18:53.552  3443  3458 I native-activity: Frame 405 GL error is 0x0
04-13 01:18:53.552  3443  3458 I native-activity: Frame 405 time is 12.647ms
04-13 01:18:53.552  3443  3458 I native-activity: Swap 405 time is 14.512ms
04-13 01:18:53.552  3443  3458 I native-activity: Animating
04-13 01:18:53.572  3443  3458 I native-activity: Frame 406 GL error is 0x0
04-13 01:18:53.572  3443  3458 I native-activity: Frame 406 time is 16.450ms
04-13 01:18:53.572  3443  3458 I native-activity: Swap 406 time is 18.371ms
04-13 01:18:53.572  3443  3458 I native-activity: Animating
04-13 01:18:53.582  3443  3458 I native-activity: Frame 407 GL error is 0x0
04-13 01:18:53.582  3443  3458 I native-activity: Frame 407 time is 12.623ms
04-13 01:18:53.582  3443  3458 I native-activity: Swap 407 time is 14.185ms
04-13 01:18:53.582  3443  3458 I native-activity: Animating
04-13 01:18:53.602  3443  3458 I native-activity: Frame 408 GL error is 0x0
04-13 01:18:53.602  3443  3458 I native-activity: Frame 408 time is 17.165ms
04-13 01:18:53.602  3443  3458 I native-activity: Swap 408 time is 19.420ms
04-13 01:18:53.602  3443  3458 I native-activity: Animating
04-13 01:18:53.622  3443  3458 I native-activity: Frame 409 GL error is 0x0
04-13 01:18:53.622  3443  3458 I native-activity: Frame 409 time is 14.228ms
04-13 01:18:53.622  3443  3458 I native-activity: Swap 409 time is 16.385ms
04-13 01:18:53.622  3443  3458 I native-activity: Animating
04-13 01:18:53.632  3443  3458 I native-activity: Frame 410 GL error is 0x0
04-13 01:18:53.632  3443  3458 I native-activity: Frame 410 time is 13.493ms
04-13 01:18:53.632  3443  3458 I native-activity: Swap 410 time is 15.411ms
04-13 01:18:53.642  3443  3458 I native-activity: Animating
04-13 01:18:53.652  3443  3458 I native-activity: Frame 411 GL error is 0x0
04-13 01:18:53.652  3443  3458 I native-activity: Frame 411 time is 14.172ms
04-13 01:18:53.652  3443  3458 I native-activity: Swap 411 time is 16.596ms
04-13 01:18:53.652  3443  3458 I native-activity: Animating
04-13 01:18:53.672  3443  3458 I native-activity: Frame 412 GL error is 0x0
04-13 01:18:53.672  3443  3458 I native-activity: Frame 412 time is 13.927ms
04-13 01:18:53.672  3443  3458 I native-activity: Swap 412 time is 15.689ms
04-13 01:18:53.672  3443  3458 I native-activity: Animating
04-13 01:18:53.742  3443  3458 I native-activity: Frame 413 GL error is 0x0
04-13 01:18:53.742  3443  3458 I native-activity: Frame 413 time is 69.791ms
04-13 01:18:53.742  3443  3458 I native-activity: Swap 413 time is 73.148ms
04-13 01:18:53.742  3443  3458 I native-activity: Animating
04-13 01:18:53.812  3443  3458 I native-activity: Frame 414 GL error is 0x0
04-13 01:18:53.812  3443  3458 I native-activity: Frame 414 time is 70.341ms
04-13 01:18:53.812  3443  3458 I native-activity: Swap 414 time is 71.793ms
04-13 01:18:53.812  3443  3458 I native-activity: Animating
04-13 01:18:53.822  3443  3458 I native-activity: Frame 415 GL error is 0x0
04-13 01:18:53.822  3443  3458 I native-activity: Frame 415 time is 4.641ms
04-13 01:18:53.822  3443  3458 I native-activity: Swap 415 time is 6.800ms
04-13 01:18:53.822  3443  3458 I native-activity: Animating
04-13 01:18:53.832  3443  3458 I native-activity: Frame 416 GL error is 0x0
04-13 01:18:53.832  3443  3458 I native-activity: Frame 416 time is 12.334ms
04-13 01:18:53.832  3443  3458 I native-activity: Swap 416 time is 13.803ms
04-13 01:18:53.832  3443  3458 I native-activity: Animating
04-13 01:18:53.852  3443  3458 I native-activity: Frame 417 GL error is 0x0
04-13 01:18:53.852  3443  3458 I native-activity: Frame 417 time is 14.716ms
04-13 01:18:53.852  3443  3458 I native-activity: Swap 417 time is 16.447ms
04-13 01:18:53.852  3443  3458 I native-activity: Animating
04-13 01:18:53.872  3443  3458 I native-activity: Frame 418 GL error is 0x0
04-13 01:18:53.872  3443  3458 I native-activity: Frame 418 time is 15.479ms
04-13 01:18:53.872  3443  3458 I native-activity: Swap 418 time is 18.361ms
04-13 01:18:53.872  3443  3458 I native-activity: Animating
04-13 01:18:53.882  3443  3458 I native-activity: Frame 419 GL error is 0x0
04-13 01:18:53.882  3443  3458 I native-activity: Frame 419 time is 12.946ms
04-13 01:18:53.882  3443  3458 I native-activity: Swap 419 time is 15.146ms
04-13 01:18:53.882  3443  3458 I native-activity: Animating
04-13 01:18:53.902  3443  3458 I native-activity: Frame 420 GL error is 0x0
04-13 01:18:53.902  3443  3458 I native-activity: Frame 420 time is 14.286ms
04-13 01:18:53.902  3443  3458 I native-activity: Swap 420 time is 16.661ms
04-13 01:18:53.902  3443  3458 I native-activity: Animating
04-13 01:18:53.922  3443  3458 I native-activity: Frame 421 GL error is 0x0
04-13 01:18:53.922  3443  3458 I native-activity: Frame 421 time is 14.919ms
04-13 01:18:53.922  3443  3458 I native-activity: Swap 421 time is 17.374ms
04-13 01:18:53.922  3443  3458 I native-activity: Animating
04-13 01:18:53.942  3443  3458 I native-activity: Frame 422 GL error is 0x0
04-13 01:18:53.942  3443  3458 I native-activity: Frame 422 time is 21.052ms
04-13 01:18:53.942  3443  3458 I native-activity: Swap 422 time is 23.632ms
04-13 01:18:53.942  3443  3458 I native-activity: Animating
04-13 01:18:53.962  3443  3458 I native-activity: Frame 423 GL error is 0x0
04-13 01:18:53.962  3443  3458 I native-activity: Frame 423 time is 16.213ms
04-13 01:18:53.962  3443  3458 I native-activity: Swap 423 time is 18.842ms
04-13 01:18:53.962  3443  3458 I native-activity: Animating
04-13 01:18:53.972  3443  3458 I native-activity: Frame 424 GL error is 0x0
04-13 01:18:53.972  3443  3458 I native-activity: Frame 424 time is 12.091ms
04-13 01:18:53.982  3443  3458 I native-activity: Swap 424 time is 15.387ms
04-13 01:18:53.982  3443  3458 I native-activity: Animating
04-13 01:18:53.992  3443  3458 I native-activity: Frame 425 GL error is 0x0
04-13 01:18:53.992  3443  3458 I native-activity: Frame 425 time is 10.125ms
04-13 01:18:53.992  3443  3458 I native-activity: Swap 425 time is 11.892ms
04-13 01:18:53.992  3443  3458 I native-activity: Animating
04-13 01:18:54.002  3443  3458 I native-activity: Frame 426 GL error is 0x0
04-13 01:18:54.002  3443  3458 I native-activity: Frame 426 time is 11.290ms
04-13 01:18:54.002  3443  3458 I native-activity: Swap 426 time is 12.747ms
04-13 01:18:54.002  3443  3458 I native-activity: Animating
04-13 01:18:54.022  3443  3458 I native-activity: Frame 427 GL error is 0x0
04-13 01:18:54.022  3443  3458 I native-activity: Frame 427 time is 14.447ms
04-13 01:18:54.022  3443  3458 I native-activity: Swap 427 time is 15.708ms
04-13 01:18:54.022  3443  3458 I native-activity: Animating
04-13 01:18:54.032  3443  3458 I native-activity: Frame 428 GL error is 0x0
04-13 01:18:54.032  3443  3458 I native-activity: Frame 428 time is 14.173ms
04-13 01:18:54.032  3443  3458 I native-activity: Swap 428 time is 15.697ms
04-13 01:18:54.032  3443  3458 I native-activity: Animating
04-13 01:18:54.052  3443  3458 I native-activity: Frame 429 GL error is 0x0
04-13 01:18:54.052  3443  3458 I native-activity: Frame 429 time is 16.387ms
04-13 01:18:54.052  3443  3458 I native-activity: Swap 429 time is 17.949ms
04-13 01:18:54.052  3443  3458 I native-activity: Animating
04-13 01:18:54.072  3443  3458 I native-activity: Frame 430 GL error is 0x0
04-13 01:18:54.072  3443  3458 I native-activity: Frame 430 time is 17.549ms
04-13 01:18:54.072  3443  3458 I native-activity: Swap 430 time is 19.223ms
04-13 01:18:54.072  3443  3458 I native-activity: Animating
04-13 01:18:54.082  3443  3458 I native-activity: Frame 431 GL error is 0x0
04-13 01:18:54.092  3443  3458 I native-activity: Frame 431 time is 12.466ms
04-13 01:18:54.092  3443  3458 I native-activity: Swap 431 time is 14.420ms
04-13 01:18:54.092  3443  3458 I native-activity: Animating
04-13 01:18:54.112  3443  3458 I native-activity: Frame 432 GL error is 0x0
04-13 01:18:54.112  3443  3458 I native-activity: Frame 432 time is 20.625ms
04-13 01:18:54.112  3443  3458 I native-activity: Swap 432 time is 23.139ms
04-13 01:18:54.112  3443  3458 I native-activity: Animating
04-13 01:18:54.122  3443  3458 I native-activity: Frame 433 GL error is 0x0
04-13 01:18:54.122  3443  3458 I native-activity: Frame 433 time is 9.615ms
04-13 01:18:54.122  3443  3458 I native-activity: Swap 433 time is 10.893ms
04-13 01:18:54.122  3443  3458 I native-activity: Animating
04-13 01:18:54.132  3443  3458 I native-activity: Frame 434 GL error is 0x0
04-13 01:18:54.132  3443  3458 I native-activity: Frame 434 time is 11.362ms
04-13 01:18:54.132  3443  3458 I native-activity: Swap 434 time is 12.426ms
04-13 01:18:54.132  3443  3458 I native-activity: Animating
04-13 01:18:54.152  3443  3458 I native-activity: Frame 435 GL error is 0x0
04-13 01:18:54.152  3443  3458 I native-activity: Frame 435 time is 15.277ms
04-13 01:18:54.152  3443  3458 I native-activity: Swap 435 time is 16.513ms
04-13 01:18:54.152  3443  3458 I native-activity: Animating
04-13 01:18:54.172  3443  3458 I native-activity: Frame 436 GL error is 0x0
04-13 01:18:54.172  3443  3458 I native-activity: Frame 436 time is 17.704ms
04-13 01:18:54.172  3443  3458 I native-activity: Swap 436 time is 19.090ms
04-13 01:18:54.172  3443  3458 I native-activity: Animating
04-13 01:18:54.192  3443  3458 I native-activity: Frame 437 GL error is 0x0
04-13 01:18:54.192  3443  3458 I native-activity: Frame 437 time is 16.912ms
04-13 01:18:54.192  3443  3458 I native-activity: Swap 437 time is 18.375ms
04-13 01:18:54.192  3443  3458 I native-activity: Animating
04-13 01:18:54.202  3443  3458 I native-activity: Frame 438 GL error is 0x0
04-13 01:18:54.202  3443  3458 I native-activity: Frame 438 time is 13.556ms
04-13 01:18:54.202  3443  3458 I native-activity: Swap 438 time is 15.029ms
04-13 01:18:54.202  3443  3458 I native-activity: Animating
04-13 01:18:54.222  3443  3458 I native-activity: Frame 439 GL error is 0x0
04-13 01:18:54.222  3443  3458 I native-activity: Frame 439 time is 12.807ms
04-13 01:18:54.222  3443  3458 I native-activity: Swap 439 time is 14.298ms
04-13 01:18:54.222  3443  3458 I native-activity: Animating
04-13 01:18:54.242  3443  3458 I native-activity: Frame 440 GL error is 0x0
04-13 01:18:54.242  3443  3458 I native-activity: Frame 440 time is 19.561ms
04-13 01:18:54.242  3443  3458 I native-activity: Swap 440 time is 21.931ms
04-13 01:18:54.242  3443  3458 I native-activity: Animating
04-13 01:18:54.252  3443  3458 I native-activity: Frame 441 GL error is 0x0
04-13 01:18:54.252  3443  3458 I native-activity: Frame 441 time is 13.219ms
04-13 01:18:54.262  3443  3458 I native-activity: Swap 441 time is 16.062ms
04-13 01:18:54.262  3443  3458 I native-activity: Animating
04-13 01:18:54.272  3443  3458 I native-activity: Frame 442 GL error is 0x0
04-13 01:18:54.272  3443  3458 I native-activity: Frame 442 time is 13.328ms
04-13 01:18:54.272  3443  3458 I native-activity: Swap 442 time is 14.836ms
04-13 01:18:54.272  3443  3458 I native-activity: Animating
04-13 01:18:54.292  3443  3458 I native-activity: Frame 443 GL error is 0x0
04-13 01:18:54.292  3443  3458 I native-activity: Frame 443 time is 13.771ms
04-13 01:18:54.292  3443  3458 I native-activity: Swap 443 time is 15.624ms
04-13 01:18:54.292  3443  3458 I native-activity: Animating
04-13 01:18:54.302  3443  3458 I native-activity: Frame 444 GL error is 0x0
04-13 01:18:54.302  3443  3458 I native-activity: Frame 444 time is 14.514ms
04-13 01:18:54.302  3443  3458 I native-activity: Swap 444 time is 16.098ms
04-13 01:18:54.302  3443  3458 I native-activity: Animating
04-13 01:18:54.322  3443  3458 I native-activity: Frame 445 GL error is 0x0
04-13 01:18:54.322  3443  3458 I native-activity: Frame 445 time is 17.060ms
04-13 01:18:54.322  3443  3458 I native-activity: Swap 445 time is 19.162ms
04-13 01:18:54.322  3443  3458 I native-activity: Animating
04-13 01:18:54.342  3443  3458 I native-activity: Frame 446 GL error is 0x0
04-13 01:18:54.342  3443  3458 I native-activity: Frame 446 time is 14.494ms
04-13 01:18:54.342  3443  3458 I native-activity: Swap 446 time is 16.072ms
04-13 01:18:54.342  3443  3458 I native-activity: Animating
04-13 01:18:54.352  3443  3458 I native-activity: Frame 447 GL error is 0x0
04-13 01:18:54.352  3443  3458 I native-activity: Frame 447 time is 13.992ms
04-13 01:18:54.352  3443  3458 I native-activity: Swap 447 time is 15.589ms
04-13 01:18:54.352  3443  3458 I native-activity: Animating
04-13 01:18:54.362  1434  1672 D PackageManager: [MSG] WRITE_PACKAGE_RESTRICTIONS
04-13 01:18:54.372  3443  3458 I native-activity: Frame 448 GL error is 0x0
04-13 01:18:54.372  3443  3458 I native-activity: Frame 448 time is 15.923ms
04-13 01:18:54.372  3443  3458 I native-activity: Swap 448 time is 17.338ms
04-13 01:18:54.372  3443  3458 I native-activity: Animating
04-13 01:18:54.392  1434  1672 W System.err: remove failed: ENOENT (No such file or directory) : /data/system/users/0/package-restrictions.xml.bak
04-13 01:18:54.392  3443  3458 I native-activity: Frame 449 GL error is 0x0
04-13 01:18:54.392  3443  3458 I native-activity: Frame 449 time is 13.805ms
04-13 01:18:54.392  3443  3458 I native-activity: Swap 449 time is 15.438ms
04-13 01:18:54.392  3443  3458 I native-activity: Animating
04-13 01:18:54.402  1434  6994 D SSRM:n  : SIOP:: AP = 310, PST = 305 (W:6), CP = 30, CUR = 578, LCD = 114
04-13 01:18:54.402  3443  3458 I native-activity: Frame 450 GL error is 0x0
04-13 01:18:54.402  3443  3458 I native-activity: Frame 450 time is 14.245ms
04-13 01:18:54.402  3443  3458 I native-activity: Swap 450 time is 15.542ms
04-13 01:18:54.402  3443  3458 I native-activity: Animating
04-13 01:18:54.422  1434  6994 D ConnectivityService: returning getNetworkInfo for network type 1 : [type: WIFI[] - WIFI, state: CONNECTED/CONNECTED, reason: (unspecified), extra: "wildfredland_ext", roaming: false, failover: false, isAvailable: true]
04-13 01:18:54.422  3443  3458 I native-activity: Frame 451 GL error is 0x0
04-13 01:18:54.422  3443  3458 I native-activity: Frame 451 time is 17.701ms
04-13 01:18:54.422  3443  3458 I native-activity: Swap 451 time is 19.066ms
04-13 01:18:54.422  3443  3458 I native-activity: Animating
04-13 01:18:54.442  3443  3458 I native-activity: Frame 452 GL error is 0x0
04-13 01:18:54.442  3443  3458 I native-activity: Frame 452 time is 15.678ms
04-13 01:18:54.442  3443  3458 I native-activity: Swap 452 time is 16.921ms
04-13 01:18:54.442  3443  3458 I native-activity: Animating
04-13 01:18:54.452  3443  3458 I native-activity: Frame 453 GL error is 0x0
04-13 01:18:54.452  3443  3458 I native-activity: Frame 453 time is 12.725ms
04-13 01:18:54.452  3443  3458 I native-activity: Swap 453 time is 14.120ms
04-13 01:18:54.452  3443  3458 I native-activity: Animating
04-13 01:18:54.472  3443  3458 I native-activity: Frame 454 GL error is 0x0
04-13 01:18:54.472  3443  3458 I native-activity: Frame 454 time is 14.131ms
04-13 01:18:54.472  3443  3458 I native-activity: Swap 454 time is 15.458ms
04-13 01:18:54.472  3443  3458 I native-activity: Animating
04-13 01:18:54.492  3443  3458 I native-activity: Frame 455 GL error is 0x0
04-13 01:18:54.492  3443  3458 I native-activity: Frame 455 time is 16.423ms
04-13 01:18:54.492  3443  3458 I native-activity: Swap 455 time is 18.245ms
04-13 01:18:54.492  3443  3458 I native-activity: Animating
04-13 01:18:54.512  3443  3458 I native-activity: Frame 456 GL error is 0x0
04-13 01:18:54.512  3443  3458 I native-activity: Frame 456 time is 17.456ms
04-13 01:18:54.512  3443  3458 I native-activity: Swap 456 time is 19.390ms
04-13 01:18:54.512  3443  3458 I native-activity: Animating
04-13 01:18:54.522  3443  3458 I native-activity: Frame 457 GL error is 0x0
04-13 01:18:54.522  3443  3458 I native-activity: Frame 457 time is 14.831ms
04-13 01:18:54.532  3443  3458 I native-activity: Swap 457 time is 17.106ms
04-13 01:18:54.532  3443  3458 I native-activity: Animating
04-13 01:18:54.542  3443  3458 I native-activity: Frame 458 GL error is 0x0
04-13 01:18:54.542  3443  3458 I native-activity: Frame 458 time is 14.436ms
04-13 01:18:54.542  3443  3458 I native-activity: Swap 458 time is 15.870ms
04-13 01:18:54.542  3443  3458 I native-activity: Animating
04-13 01:18:54.562  3443  3458 I native-activity: Frame 459 GL error is 0x0
04-13 01:18:54.562  3443  3458 I native-activity: Frame 459 time is 14.174ms
04-13 01:18:54.562  3443  3458 I native-activity: Swap 459 time is 16.000ms
04-13 01:18:54.562  3443  3458 I native-activity: Animating
04-13 01:18:54.572  3443  3458 I native-activity: Frame 460 GL error is 0x0
04-13 01:18:54.572  3443  3458 I native-activity: Frame 460 time is 14.166ms
04-13 01:18:54.572  3443  3458 I native-activity: Swap 460 time is 16.179ms
04-13 01:18:54.572  3443  3458 I native-activity: Animating
04-13 01:18:54.592  3443  3458 I native-activity: Frame 461 GL error is 0x0
04-13 01:18:54.592  3443  3458 I native-activity: Frame 461 time is 14.835ms
04-13 01:18:54.592  3443  3458 I native-activity: Swap 461 time is 16.295ms
04-13 01:18:54.592  3443  3458 I native-activity: Animating
04-13 01:18:54.622  3443  3458 I native-activity: Frame 462 GL error is 0x501
04-13 01:18:54.622  3443  3458 I native-activity: Frame 462 time is 25.363ms
04-13 01:18:54.622  3443  3458 I native-activity: Swap 462 time is 27.940ms
04-13 01:18:54.622  3443  3458 I native-activity: Animating
04-13 01:18:54.632  3443  3458 I native-activity: Frame 463 GL error is 0x0
04-13 01:18:54.632  3443  3458 I native-activity: Frame 463 time is 8.435ms
04-13 01:18:54.632  3443  3458 I native-activity: Swap 463 time is 10.886ms
04-13 01:18:54.632  3443  3458 I native-activity: Animating
04-13 01:18:54.642  3443  3458 I native-activity: Frame 464 GL error is 0x0
04-13 01:18:54.642  3443  3458 I native-activity: Frame 464 time is 7.132ms
04-13 01:18:54.642  3443  3458 I native-activity: Swap 464 time is 9.735ms
04-13 01:18:54.642  3443  3458 I native-activity: Animating
04-13 01:18:54.652  3443  3458 I native-activity: Frame 465 GL error is 0x0
04-13 01:18:54.652  3443  3458 I native-activity: Frame 465 time is 11.232ms
04-13 01:18:54.652  3443  3458 I native-activity: Swap 465 time is 13.135ms
04-13 01:18:54.652  3443  3458 I native-activity: Animating
04-13 01:18:54.672  3443  3458 I native-activity: Frame 466 GL error is 0x0
04-13 01:18:54.672  3443  3458 I native-activity: Frame 466 time is 16.248ms
04-13 01:18:54.672  3443  3458 I native-activity: Swap 466 time is 17.795ms
04-13 01:18:54.672  3443  3458 I native-activity: Animating
04-13 01:18:54.692  3443  3458 I native-activity: Frame 467 GL error is 0x0
04-13 01:18:54.692  3443  3458 I native-activity: Frame 467 time is 14.181ms
04-13 01:18:54.692  3443  3458 I native-activity: Swap 467 time is 15.628ms
04-13 01:18:54.692  3443  3458 I native-activity: Animating
04-13 01:18:54.702  3443  3458 I native-activity: Frame 468 GL error is 0x0
