04-11 02:50:08.939  3196  3211 I native-activity: 	Renderer: Adreno (TM) 530
04-11 02:50:08.939  3196  3211 I native-activity: 	Vendor: Qualcomm
04-11 02:50:08.939  3196  3211 I native-activity: 	Version: OpenGL ES 3.2 V@145.0 (GIT@I5bc0f577f9)
04-11 02:50:08.939  3196  3211 I native-activity: 	Shading Language: OpenGL ES GLSL ES 3.20
04-11 02:50:08.939  3196  3211 I native-activity: 	Extensions: GL_OES_EGL_image GL_OES_EGL_image_external GL_OES_EGL_sync GL_OES_vertex_half_float GL_OES_framebuffer_object GL_OES_rgb8_rgba8 GL_OES_compressed_ETC1_RGB8_texture GL_AMD_compressed_ATC_texture GL_KHR_texture_compression_astc_ldr GL_KHR_texture_compression_astc_hdr GL_OES_texture_compression_astc GL_OES_texture_npot GL_EXT_texture_filter_anisotropic GL_EXT_texture_format_BGRA8888 GL_OES_texture_3D GL_EXT_color_buffer_float GL_EXT_color_buffer_half_float GL_QCOM_alpha_test GL_OES_depth24 GL_OES_packed_depth_stencil GL_OES_depth_texture GL_OES_depth_texture_cube_map GL_EXT_sRGB GL_OES_texture_float GL_OES_texture_float_linear GL_OES_texture_half_float GL_OES_texture_half_float_linear GL_EXT_texture_type_2_10_10_10_REV GL_EXT_texture_sRGB_decode GL_OES_element_index_uint GL_EXT_copy_image GL_EXT_geometry_shader GL_EXT_tessellation_shader GL_OES_texture_stencil8 GL_EXT_shader_io_blocks GL_OES_shader_image_atomic GL_OES_sample_variables GL_EXT_texture_border_clamp GL_EXT_multisampled_render_to_textur
04-11 02:50:08.939  3196  3211 I native-activity: Frame 3 GL error is 0x0
04-11 02:50:08.939  3196  3211 I native-activity: Frame 3 time is 0.168ms
04-11 02:50:08.939  3196  3211 I native-activity: Swap 3 time is 0.983ms
04-11 02:50:08.939  3196  3211 I native-activity: Animating
04-11 02:50:08.979  3196  3211 I native-activity: Frame 4 GL error is 0x501
04-11 02:50:08.979  3196  3211 I native-activity: Frame 4 time is 39.958ms
04-11 02:50:08.979  3196  3211 I native-activity: Swap 4 time is 42.263ms
04-11 02:50:08.979  3196  3211 I native-activity: Animating
04-11 02:50:08.979  3196  3211 I native-activity: Frame 5 GL error is 0x0
04-11 02:50:08.979  3196  3211 I native-activity: Frame 5 time is 0.346ms
04-11 02:50:08.979  3196  3211 I native-activity: Swap 5 time is 2.602ms
04-11 02:50:08.979  3196  3211 I native-activity: Animating
04-11 02:50:08.979  3196  3211 I native-activity: Frame 6 GL error is 0x0
04-11 02:50:08.979  3196  3211 I native-activity: Frame 6 time is 0.369ms
04-11 02:50:08.979  3196  3211 I native-activity: Swap 6 time is 3.163ms
04-11 02:50:08.979  3196  3211 I native-activity: Animating
04-11 02:50:08.979  1434  6994 D GameManagerService: identifyGamePackage. com.example.sonicdash_stage1
04-11 02:50:08.989  3196  3211 I native-activity: Frame 7 GL error is 0x0
04-11 02:50:08.989  3196  3211 I native-activity: Frame 7 time is 0.555ms
04-11 02:50:08.989  3196  3211 I native-activity: Swap 7 time is 2.840ms
04-11 02:50:08.989  3196  3211 I native-activity: Animating
04-11 02:50:08.989  3196  3211 I native-activity: Frame 8 GL error is 0x0
04-11 02:50:08.989  3196  3211 I native-activity: Frame 8 time is 0.303ms
04-11 02:50:08.989  3196  3211 I native-activity: Swap 8 time is 2.510ms
04-11 02:50:08.989  3196  3211 I native-activity: Animating
04-11 02:50:08.989  3196  3211 I native-activity: Frame 9 GL error is 0x0
04-11 02:50:08.989  3196  3211 I native-activity: Frame 9 time is 0.359ms
04-11 02:50:08.989  3196  3211 I native-activity: Swap 9 time is 3.165ms
04-11 02:50:08.989  3196  3211 I native-activity: Animating
04-11 02:50:08.989  3196  3211 I native-activity: Frame 10 GL error is 0x0
04-11 02:50:08.989  3196  3211 I native-activity: Frame 10 time is 0.335ms
04-11 02:50:08.989  1434  2219 D MdnieScenarioControlService:  packageName : com.example.sonicdash_stage1    className : android.app.NativeActivity
04-11 02:50:08.999  3196  3211 I native-activity: Swap 10 time is 2.651ms
04-11 02:50:08.999  3196  3211 I native-activity: Animating
04-11 02:50:08.999  3196  3211 I native-activity: Frame 11 GL error is 0x0
04-11 02:50:08.999  3196  3211 I native-activity: Frame 11 time is 0.307ms
04-11 02:50:08.999  3196  3211 I native-activity: Swap 11 time is 4.762ms
04-11 02:50:08.999  3196  3211 I native-activity: Animating
04-11 02:50:08.999  3196  3211 I native-activity: Frame 12 GL error is 0x0
04-11 02:50:08.999  3196  3211 I native-activity: Frame 12 time is 0.354ms
04-11 02:50:08.999  3196  3211 I native-activity: Swap 12 time is 2.557ms
04-11 02:50:08.999  3196  3211 I native-activity: Animating
04-11 02:50:08.999  3196  3211 I native-activity: Frame 13 GL error is 0x0
04-11 02:50:08.999  3196  3211 I native-activity: Frame 13 time is 0.288ms
04-11 02:50:09.009  3196  3211 I native-activity: Swap 13 time is 2.595ms
04-11 02:50:09.009  3196  3211 I native-activity: Animating
04-11 02:50:09.009  3196  3211 I native-activity: Frame 14 GL error is 0x0
04-11 02:50:09.009  3196  3211 I native-activity: Frame 14 time is 0.290ms
04-11 02:50:09.009  3196  3211 I native-activity: Swap 14 time is 2.590ms
04-11 02:50:09.009  3196  3211 I native-activity: Animating
04-11 02:50:09.009  3196  3211 I native-activity: Frame 15 GL error is 0x0
04-11 02:50:09.009  3196  3211 I native-activity: Frame 15 time is 0.297ms
04-11 02:50:09.009  3196  3211 I native-activity: Swap 15 time is 2.473ms
04-11 02:50:09.009  3196  3211 I native-activity: Animating
04-11 02:50:09.009  3196  3211 I native-activity: Frame 16 GL error is 0x0
04-11 02:50:09.009  3196  3211 I native-activity: Frame 16 time is 0.325ms
04-11 02:50:09.009  3196  3211 I native-activity: Swap 16 time is 2.489ms
04-11 02:50:09.009  3196  3211 I native-activity: Animating
04-11 02:50:09.009  3196  3211 I native-activity: Frame 17 GL error is 0x0
04-11 02:50:09.009  3196  3211 I native-activity: Frame 17 time is 0.272ms
04-11 02:50:09.019  3196  3211 I native-activity: Swap 17 time is 2.688ms
04-11 02:50:09.019  3196  3211 I native-activity: Animating
04-11 02:50:09.019  3196  3211 I native-activity: Frame 18 GL error is 0x0
04-11 02:50:09.019  3196  3211 I native-activity: Frame 18 time is 0.439ms
04-11 02:50:09.019  3196  3211 I native-activity: Swap 18 time is 2.793ms
04-11 02:50:09.019  3196  3211 I native-activity: Animating
04-11 02:50:09.019  3196  3211 I native-activity: Frame 19 GL error is 0x0
04-11 02:50:09.019  3196  3211 I native-activity: Frame 19 time is 0.308ms
04-11 02:50:09.019  3196  3211 I native-activity: Swap 19 time is 2.484ms
04-11 02:50:09.019  3196  3211 I native-activity: Animating
04-11 02:50:09.019  3196  3211 I native-activity: Frame 20 GL error is 0x0
04-11 02:50:09.019  3196  3211 I native-activity: Frame 20 time is 0.301ms
04-11 02:50:09.019  3196  3211 I native-activity: Swap 20 time is 2.506ms
04-11 02:50:09.019  3196  3211 I native-activity: Animating
04-11 02:50:09.029  3196  3211 I native-activity: Frame 21 GL error is 0x0
04-11 02:50:09.029  3196  3211 I native-activity: Frame 21 time is 0.323ms
04-11 02:50:09.029  3196  3211 I native-activity: Swap 21 time is 2.523ms
04-11 02:50:09.029  3196  3211 I native-activity: Animating
04-11 02:50:09.029  3196  3211 I native-activity: Frame 22 GL error is 0x0
04-11 02:50:09.029  3196  3211 I native-activity: Frame 22 time is 0.303ms
04-11 02:50:09.029  3196  3211 I native-activity: Swap 22 time is 2.466ms
04-11 02:50:09.029  3196  3211 I native-activity: Animating
04-11 02:50:09.029  3196  3211 I native-activity: Frame 23 GL error is 0x0
04-11 02:50:09.029  3196  3211 I native-activity: Frame 23 time is 0.290ms
04-11 02:50:09.029  3196  3211 I native-activity: Swap 23 time is 3.670ms
04-11 02:50:09.029  3196  3211 I native-activity: Animating
04-11 02:50:09.029  3196  3211 I native-activity: Frame 24 GL error is 0x0
04-11 02:50:09.029  3196  3211 I native-activity: Frame 24 time is 0.353ms
04-11 02:50:09.029   648  3139 I SurfaceFlinger: id=3059 Removed tonicdash_s (6/11)
04-11 02:50:09.029   648  3737 I SurfaceFlinger: id=3059 Removed tonicdash_s (-2/11)
04-11 02:50:09.039  3196  3211 I native-activity: Swap 24 time is 2.602ms
04-11 02:50:09.039  3196  3211 I native-activity: Animating
04-11 02:50:09.039  3196  3211 I native-activity: Frame 25 GL error is 0x0
04-11 02:50:09.039  3196  3211 I native-activity: Frame 25 time is 0.334ms
04-11 02:50:09.039  3196  3211 I native-activity: Swap 25 time is 2.667ms
04-11 02:50:09.039  3196  3211 I native-activity: Animating
04-11 02:50:09.039  3196  3211 I native-activity: Frame 26 GL error is 0x0
04-11 02:50:09.039  3196  3211 I native-activity: Frame 26 time is 0.318ms
04-11 02:50:09.039  3196  3211 I native-activity: Swap 26 time is 2.570ms
04-11 02:50:09.039  3196  3211 I native-activity: Animating
04-11 02:50:09.039  3196  3211 I native-activity: Frame 27 GL error is 0x0
04-11 02:50:09.039  3196  3211 I native-activity: Frame 27 time is 0.287ms
04-11 02:50:09.039  3196  3211 I native-activity: Swap 27 time is 2.714ms
04-11 02:50:09.039  3196  3211 I native-activity: Animating
04-11 02:50:09.039  3196  3211 I native-activity: Frame 28 GL error is 0x0
04-11 02:50:09.039  3196  3211 I native-activity: Frame 28 time is 0.306ms
04-11 02:50:09.049  3196  3211 I native-activity: Swap 28 time is 2.554ms
04-11 02:50:09.049  3196  3211 I native-activity: Animating
04-11 02:50:09.049  3196  3211 I native-activity: Frame 29 GL error is 0x0
04-11 02:50:09.049  3196  3211 I native-activity: Frame 29 time is 0.291ms
04-11 02:50:09.049   648   648 D libEGL  : eglTerminate EGLDisplay = 0x7ff9c80278
04-11 02:50:09.049  3196  3211 I native-activity: Swap 29 time is 4.277ms
04-11 02:50:09.049  3196  3211 I native-activity: Animating
04-11 02:50:09.049  3196  3211 I native-activity: Frame 30 GL error is 0x0
04-11 02:50:09.049  3196  3211 I native-activity: Frame 30 time is 0.555ms
04-11 02:50:09.049  1434  1612 I Timeline: Timeline: Activity_windows_visible id: ActivityRecord{3979672 u0 com.example.sonicdash_stage1/android.app.NativeActivity t1412} time:135954669
04-11 02:50:09.049  1434  1612 D CustomFrequencyManagerService: releaseDVFSLockLocked : Getting Lock type frm List : DVFS_MIN_LIMIT  frequency : 1555200  uid : 1000  pid : 1434  tag : ACTIVITY_RESUME_BOOSTER@14
04-11 02:50:09.049  1434  1612 D ActivityManager: mDVFSHelper.release()
04-11 02:50:09.059  3196  3211 I native-activity: Swap 30 time is 3.979ms
04-11 02:50:09.059  3196  3211 I native-activity: Animating
04-11 02:50:09.059  3196  3211 I native-activity: Frame 31 GL error is 0x0
04-11 02:50:09.059  3196  3211 I native-activity: Frame 31 time is 8.734ms
04-11 02:50:09.069  3196  3211 I native-activity: Swap 31 time is 12.070ms
04-11 02:50:09.069  3196  3211 I native-activity: Animating
04-11 02:50:09.069  1434  1612 D KnoxTimeoutHandler: notifyActivityDrawn [MsgParam] userId: 0 fullscreen is true showWhenlocked is false
04-11 02:50:09.069  1434  1434 D KnoxTimeoutHandler: activityDrawn [MsgParam] userId: 0 fullscreen is true showWhenlocked is false
04-11 02:50:09.069  1434  2164 D NetworkPolicy: isUidForegroundLocked: 10078, mScreenOn: true, uidstate: 3, mProxSensorScreenOff: false
04-11 02:50:09.069  1434  1531 D CustomFrequencyManagerService: acquireDVFSLockLocked : type : DVFS_MIN_LIMIT  frequency : 1555200  uid : 1000  pid : 1434  pkgName : ACTIVITY_RESUME_BOOSTER@20
04-11 02:50:09.079  1434  1434 I KnoxTimeoutHandler: SD activityfalse
04-11 02:50:09.079  2590  2590 D Launcher.HomeView: onStop
04-11 02:50:09.079  2590  2590 D capture : ----destroy
04-11 02:50:09.079  2590  2590 D Launcher: onTrimMemory. Level: 20
04-11 02:50:09.079  2590  2590 V ActivityThread: updateVisibility : ActivityRecord{46ba7e token=android.os.BinderProxy@15e180a {com.sec.android.app.launcher/com.sec.android.app.launcher.activities.LauncherActivity}} show : false
04-11 02:50:09.089  3196  3211 I native-activity: Frame 32 GL error is 0x0
04-11 02:50:09.089  3196  3211 I native-activity: Frame 32 time is 22.268ms
04-11 02:50:09.089  3196  3211 I native-activity: Swap 32 time is 24.607ms
04-11 02:50:09.089  3196  3211 I native-activity: Animating
04-11 02:50:09.089  1434  2219 I MdnieScenarioControlService: mGameModeLauncher : false
04-11 02:50:09.089  1434  2219 I MdnieScenarioControlService: setUIMode
04-11 02:50:09.109  3196  3211 I native-activity: Frame 33 GL error is 0x0
04-11 02:50:09.109  3196  3211 I native-activity: Frame 33 time is 15.081ms
04-11 02:50:09.109  3196  3211 I native-activity: Swap 33 time is 17.283ms
04-11 02:50:09.109  3196  3211 I native-activity: Animating
04-11 02:50:09.119   648  3139 I SurfaceFlinger: id=3058 Removed MauncherAct (3/10)
04-11 02:50:09.119   648  2746 I SurfaceFlinger: id=3058 Removed MauncherAct (-2/10)
04-11 02:50:09.119 30475 30475 D ImageWallpaper: onVisibilityChanged:false
04-11 02:50:09.119 30475 30475 D ImageWallpaper: drawFrame
04-11 02:50:09.119 30475 30475 D ImageWallpaper: drawFrame:false rotation:0 mLastRotation:0
04-11 02:50:09.119 30475 30475 D ImageWallpaper: drawFrame:[frame.width()]2240[frame.height()]2560
04-11 02:50:09.119 30475 30475 D ImageWallpaper: Suppressed drawFrame since redraw is not needed and offsets have not changed.
04-11 02:50:09.129   648   648 D libEGL  : eglTerminate EGLDisplay = 0x7ff9c80278
04-11 02:50:09.179  3196  3211 I native-activity: Frame 34 GL error is 0x0
04-11 02:50:09.179  3196  3211 I native-activity: Frame 34 time is 66.673ms
04-11 02:50:09.179  3196  3211 I native-activity: Swap 34 time is 68.954ms
04-11 02:50:09.179  3196  3211 I native-activity: Animating
04-11 02:50:09.199  3196  3211 I native-activity: Frame 35 GL error is 0x0
04-11 02:50:09.199  3196  3211 I native-activity: Frame 35 time is 16.817ms
04-11 02:50:09.199  3196  3211 I native-activity: Swap 35 time is 19.270ms
04-11 02:50:09.199  3196  3211 I native-activity: Animating
04-11 02:50:09.229  3196  3211 I native-activity: Frame 36 GL error is 0x501
04-11 02:50:09.229  3196  3211 I native-activity: Frame 36 time is 34.111ms
04-11 02:50:09.229  3196  3211 I native-activity: Swap 36 time is 36.317ms
04-11 02:50:09.229  3196  3211 I native-activity: Animating
04-11 02:50:09.239  3196  3211 I native-activity: Frame 37 GL error is 0x501
04-11 02:50:09.239  3196  3211 I native-activity: Frame 37 time is 6.889ms
04-11 02:50:09.239  3196  3211 I native-activity: Swap 37 time is 9.078ms
04-11 02:50:09.239  3196  3211 I native-activity: Animating
04-11 02:50:09.249  3196  3211 I native-activity: Frame 38 GL error is 0x501
04-11 02:50:09.249  3196  3211 I native-activity: Frame 38 time is 8.071ms
04-11 02:50:09.259  3196  3211 I native-activity: Swap 38 time is 11.063ms
04-11 02:50:09.259  3196  3211 I native-activity: Animating
04-11 02:50:09.259  3196  3211 I native-activity: Frame 39 GL error is 0x0
04-11 02:50:09.259  3196  3211 I native-activity: Frame 39 time is 5.318ms
04-11 02:50:09.259  3196  3211 I native-activity: Swap 39 time is 8.054ms
04-11 02:50:09.259  3196  3211 I native-activity: Animating
04-11 02:50:09.269  3196  3211 I native-activity: Frame 40 GL error is 0x0
04-11 02:50:09.269  3196  3211 I native-activity: Frame 40 time is 6.231ms
04-11 02:50:09.269  3196  3211 I native-activity: Swap 40 time is 9.164ms
04-11 02:50:09.269  3196  3211 I native-activity: Animating
04-11 02:50:09.279  3196  3211 I native-activity: Frame 41 GL error is 0x0
04-11 02:50:09.279  3196  3211 I native-activity: Frame 41 time is 5.220ms
04-11 02:50:09.279  3196  3211 I native-activity: Swap 41 time is 7.900ms
04-11 02:50:09.279  3196  3211 I native-activity: Animating
04-11 02:50:09.289  3196  3211 I native-activity: Frame 42 GL error is 0x0
04-11 02:50:09.289  3196  3211 I native-activity: Frame 42 time is 4.729ms
04-11 02:50:09.289  3196  3211 I native-activity: Swap 42 time is 7.393ms
04-11 02:50:09.289  3196  3211 I native-activity: Animating
04-11 02:50:09.289  3196  3211 I native-activity: Frame 43 GL error is 0x0
04-11 02:50:09.289  3196  3211 I native-activity: Frame 43 time is 5.570ms
04-11 02:50:09.299  3196  3211 I native-activity: Swap 43 time is 8.245ms
04-11 02:50:09.299  3196  3211 I native-activity: Animating
04-11 02:50:09.299  3196  3211 I native-activity: Frame 44 GL error is 0x0
04-11 02:50:09.299  3196  3211 I native-activity: Frame 44 time is 5.557ms
04-11 02:50:09.299  3196  3211 I native-activity: Swap 44 time is 8.234ms
04-11 02:50:09.299  3196  3211 I native-activity: Animating
04-11 02:50:09.319  3196  3211 I native-activity: Frame 45 GL error is 0x501
04-11 02:50:09.319  3196  3211 I native-activity: Frame 45 time is 13.473ms
04-11 02:50:09.319  3196  3211 I native-activity: Swap 45 time is 16.154ms
04-11 02:50:09.319  3196  3211 I native-activity: Animating
04-11 02:50:09.329  3196  3211 I native-activity: Frame 46 GL error is 0x501
04-11 02:50:09.329  3196  3211 I native-activity: Frame 46 time is 7.517ms
04-11 02:50:09.329  3196  3211 I native-activity: Swap 46 time is 10.187ms
04-11 02:50:09.329  3196  3211 I native-activity: Animating
04-11 02:50:09.339  3196  3211 I native-activity: Frame 47 GL error is 0x501
04-11 02:50:09.339  3196  3211 I native-activity: Frame 47 time is 5.939ms
04-11 02:50:09.339  3196  3211 I native-activity: Swap 47 time is 8.613ms
04-11 02:50:09.339  3196  3211 I native-activity: Animating
04-11 02:50:09.339  3196  3211 I native-activity: Frame 48 GL error is 0x0
04-11 02:50:09.339  3196  3211 I native-activity: Frame 48 time is 0.260ms
04-11 02:50:09.339  1434  2219 D MdnieScenarioControlService:  packageName : com.example.sonicdash_stage1    className : android.app.NativeActivity
04-11 02:50:09.339  3196  3211 I native-activity: Swap 48 time is 2.934ms
04-11 02:50:09.339  3196  3211 I native-activity: Animating
04-11 02:50:09.339  3196  3211 I native-activity: Frame 49 GL error is 0x0
04-11 02:50:09.339  3196  3211 I native-activity: Frame 49 time is 0.230ms
04-11 02:50:09.349  3196  3211 I native-activity: Swap 49 time is 2.873ms
04-11 02:50:09.349  3196  3211 I native-activity: Animating
04-11 02:50:09.349  3196  3211 I native-activity: Frame 50 GL error is 0x0
04-11 02:50:09.349  3196  3211 I native-activity: Frame 50 time is 0.323ms
04-11 02:50:09.349  3196  3211 I native-activity: Swap 50 time is 2.978ms
04-11 02:50:09.349  3196  3211 I native-activity: Animating
04-11 02:50:09.349  3196  3211 I native-activity: Frame 51 GL error is 0x0
04-11 02:50:09.349  3196  3211 I native-activity: Frame 51 time is 0.315ms
04-11 02:50:09.349  3196  3211 I native-activity: Swap 51 time is 2.961ms
04-11 02:50:09.349  3196  3211 I native-activity: Animating
04-11 02:50:09.349  3196  3211 I native-activity: Frame 52 GL error is 0x0
04-11 02:50:09.349  3196  3211 I native-activity: Frame 52 time is 0.286ms
04-11 02:50:09.349  3196  3211 I native-activity: Swap 52 time is 2.923ms
04-11 02:50:09.349  3196  3211 I native-activity: Animating
04-11 02:50:09.359  3196  3211 I native-activity: Frame 53 GL error is 0x0
04-11 02:50:09.359  3196  3211 I native-activity: Frame 53 time is 0.327ms
04-11 02:50:09.359  3196  3211 I native-activity: Swap 53 time is 2.955ms
04-11 02:50:09.359  3196  3211 I native-activity: Animating
04-11 02:50:09.359  3196  3211 I native-activity: Frame 54 GL error is 0x0
04-11 02:50:09.359  3196  3211 I native-activity: Frame 54 time is 0.307ms
04-11 02:50:09.359  3196  3211 I native-activity: Swap 54 time is 2.961ms
04-11 02:50:09.359  3196  3211 I native-activity: Animating
04-11 02:50:09.359  3196  3211 I native-activity: Frame 55 GL error is 0x0
04-11 02:50:09.359  3196  3211 I native-activity: Frame 55 time is 0.319ms
04-11 02:50:09.359  3196  3211 I native-activity: Swap 55 time is 2.960ms
04-11 02:50:09.359  3196  3211 I native-activity: Animating
04-11 02:50:09.359  3196  3211 I native-activity: Frame 56 GL error is 0x0
04-11 02:50:09.359  3196  3211 I native-activity: Frame 56 time is 0.286ms
04-11 02:50:09.369  3196  3211 I native-activity: Swap 56 time is 2.904ms
04-11 02:50:09.369  3196  3211 I native-activity: Animating
04-11 02:50:09.369  3196  3211 I native-activity: Frame 57 GL error is 0x0
04-11 02:50:09.369  3196  3211 I native-activity: Frame 57 time is 0.316ms
04-11 02:50:09.369  3196  3211 I native-activity: Swap 57 time is 3.000ms
04-11 02:50:09.369  3196  3211 I native-activity: Animating
04-11 02:50:09.369  3196  3211 I native-activity: Frame 58 GL error is 0x0
04-11 02:50:09.369  3196  3211 I native-activity: Frame 58 time is 0.365ms
04-11 02:50:09.369  3196  3211 I native-activity: Swap 58 time is 3.032ms
04-11 02:50:09.369  3196  3211 I native-activity: Animating
04-11 02:50:09.369  1434  1434 D CustomFrequencyManagerService: releaseDVFSLockLocked : Getting Lock type frm List : DVFS_MIN_LIMIT  frequency : 1555200  uid : 1000  pid : 1434  tag : ACTIVITY_RESUME_BOOSTER@20
04-11 02:50:09.369  3196  3211 I native-activity: Frame 59 GL error is 0x0
04-11 02:50:09.369  3196  3211 I native-activity: Frame 59 time is 0.287ms
04-11 02:50:09.379  3196  3211 I native-activity: Swap 59 time is 3.323ms
04-11 02:50:09.379  3196  3211 I native-activity: Animating
04-11 02:50:09.379  3196  3211 I native-activity: Frame 60 GL error is 0x0
04-11 02:50:09.379  3196  3211 I native-activity: Frame 60 time is 0.861ms
04-11 02:50:09.379  3196  3211 I native-activity: Swap 60 time is 5.035ms
04-11 02:50:09.379  3196  3211 I native-activity: Animating
04-11 02:50:09.379  3196  3211 I native-activity: Frame 61 GL error is 0x0
04-11 02:50:09.379  3196  3211 I native-activity: Frame 61 time is 1.091ms
04-11 02:50:09.389  3196  3211 I native-activity: Swap 61 time is 6.679ms
04-11 02:50:09.389  3196  3211 I native-activity: Animating
04-11 02:50:09.389  3196  3211 I native-activity: Frame 62 GL error is 0x0
04-11 02:50:09.389  3196  3211 I native-activity: Frame 62 time is 1.127ms
04-11 02:50:09.389  3196  3211 I native-activity: Swap 62 time is 5.212ms
04-11 02:50:09.389  3196  3211 I native-activity: Animating
04-11 02:50:09.399  3196  3211 I native-activity: Frame 63 GL error is 0x0
04-11 02:50:09.399  3196  3211 I native-activity: Frame 63 time is 1.108ms
04-11 02:50:09.399  3196  3211 I native-activity: Swap 63 time is 5.193ms
04-11 02:50:09.399  3196  3211 I native-activity: Animating
04-11 02:50:09.399  3196  3211 I native-activity: Frame 64 GL error is 0x0
04-11 02:50:09.399  3196  3211 I native-activity: Frame 64 time is 0.963ms
04-11 02:50:09.399  3196  3211 I native-activity: Swap 64 time is 4.930ms
04-11 02:50:09.399  3196  3211 I native-activity: Animating
04-11 02:50:09.409  3196  3211 I native-activity: Frame 65 GL error is 0x0
04-11 02:50:09.409  3196  3211 I native-activity: Frame 65 time is 1.231ms
04-11 02:50:09.409  3196  3211 I native-activity: Swap 65 time is 5.253ms
04-11 02:50:09.409  3196  3211 I native-activity: Animating
04-11 02:50:09.409  3196  3211 I native-activity: Frame 66 GL error is 0x0
04-11 02:50:09.409  3196  3211 I native-activity: Frame 66 time is 1.167ms
04-11 02:50:09.419  3196  3211 I native-activity: Swap 66 time is 5.110ms
04-11 02:50:09.419  3196  3211 I native-activity: Animating
04-11 02:50:09.419  3196  3211 I native-activity: Frame 67 GL error is 0x0
04-11 02:50:09.419  3196  3211 I native-activity: Frame 67 time is 1.170ms
04-11 02:50:09.419  3196  3211 I native-activity: Swap 67 time is 5.258ms
04-11 02:50:09.419  3196  3211 I native-activity: Animating
04-11 02:50:09.419  3196  3211 I native-activity: Frame 68 GL error is 0x0
04-11 02:50:09.419  3196  3211 I native-activity: Frame 68 time is 1.108ms
04-11 02:50:09.429  3196  3211 I native-activity: Swap 68 time is 5.269ms
04-11 02:50:09.429  3196  3211 I native-activity: Animating
04-11 02:50:09.429  3196  3211 I native-activity: Frame 69 GL error is 0x0
04-11 02:50:09.429  3196  3211 I native-activity: Frame 69 time is 1.656ms
04-11 02:50:09.429  3196  3211 I native-activity: Swap 69 time is 6.264ms
04-11 02:50:09.429  3196  3211 I native-activity: Animating
04-11 02:50:09.439  3196  3211 I native-activity: Frame 70 GL error is 0x0
04-11 02:50:09.439  3196  3211 I native-activity: Frame 70 time is 1.623ms
04-11 02:50:09.439  3196  3211 I native-activity: Swap 70 time is 6.526ms
04-11 02:50:09.439  3196  3211 I native-activity: Animating
04-11 02:50:09.439  1434  2219 I MdnieScenarioControlService: mGameModeLauncher : false
04-11 02:50:09.439  3196  3211 I native-activity: Frame 71 GL error is 0x0
04-11 02:50:09.439  3196  3211 I native-activity: Frame 71 time is 1.518ms
04-11 02:50:09.449  3196  3211 I native-activity: Swap 71 time is 6.952ms
04-11 02:50:09.449  3196  3211 I native-activity: Animating
04-11 02:50:09.449  3196  3211 I native-activity: Frame 72 GL error is 0x0
04-11 02:50:09.449  3196  3211 I native-activity: Frame 72 time is 2.666ms
04-11 02:50:09.449  1434  2219 I MdnieScenarioControlService: setUIMode
04-11 02:50:09.459  3196  3211 I native-activity: Swap 72 time is 7.901ms
04-11 02:50:09.459  3196  3211 I native-activity: Animating
04-11 02:50:09.459  3196  3211 I native-activity: Frame 73 GL error is 0x0
04-11 02:50:09.459  3196  3211 I native-activity: Frame 73 time is 1.895ms
04-11 02:50:09.459  3196  3211 I native-activity: Swap 73 time is 6.791ms
04-11 02:50:09.459  3196  3211 I native-activity: Animating
04-11 02:50:09.469  3196  3211 I native-activity: Frame 74 GL error is 0x0
04-11 02:50:09.469  3196  3211 I native-activity: Frame 74 time is 1.887ms
04-11 02:50:09.469  3196  3211 I native-activity: Swap 74 time is 6.784ms
04-11 02:50:09.469  3196  3211 I native-activity: Animating
04-11 02:50:09.469  3196  3211 I native-activity: Frame 75 GL error is 0x0
04-11 02:50:09.469  3196  3211 I native-activity: Frame 75 time is 2.103ms
04-11 02:50:09.479  3196  3211 I native-activity: Swap 75 time is 6.955ms
04-11 02:50:09.479  3196  3211 I native-activity: Animating
04-11 02:50:09.479  3196  3211 I native-activity: Frame 76 GL error is 0x0
04-11 02:50:09.479  3196  3211 I native-activity: Frame 76 time is 1.830ms
04-11 02:50:09.489  3196  3211 I native-activity: Swap 76 time is 7.281ms
04-11 02:50:09.489  3196  3211 I native-activity: Animating
04-11 02:50:09.489  3196  3211 I native-activity: Frame 77 GL error is 0x0
04-11 02:50:09.489  3196  3211 I native-activity: Frame 77 time is 1.623ms
04-11 02:50:09.489  3196  3211 I native-activity: Swap 77 time is 7.449ms
04-11 02:50:09.489  3196  3211 I native-activity: Animating
04-11 02:50:09.499  3196  3211 I native-activity: Frame 78 GL error is 0x0
04-11 02:50:09.499  3196  3211 I native-activity: Frame 78 time is 1.699ms
04-11 02:50:09.499  3196  3211 I native-activity: Swap 78 time is 6.877ms
04-11 02:50:09.499  3196  3211 I native-activity: Animating
04-11 02:50:09.499  3196  3211 I native-activity: Frame 79 GL error is 0x0
04-11 02:50:09.499  3196  3211 I native-activity: Frame 79 time is 2.078ms
04-11 02:50:09.509  3196  3211 I native-activity: Swap 79 time is 8.540ms
04-11 02:50:09.509  3196  3211 I native-activity: Animating
04-11 02:50:09.509  3196  3211 I native-activity: Frame 80 GL error is 0x0
04-11 02:50:09.509  3196  3211 I native-activity: Frame 80 time is 1.656ms
04-11 02:50:09.519  3196  3211 I native-activity: Swap 80 time is 7.563ms
04-11 02:50:09.519  3196  3211 I native-activity: Animating
04-11 02:50:09.519  3196  3211 I native-activity: Frame 81 GL error is 0x0
04-11 02:50:09.519  3196  3211 I native-activity: Frame 81 time is 1.561ms
04-11 02:50:09.529  3196  3211 I native-activity: Swap 81 time is 7.554ms
04-11 02:50:09.529  3196  3211 I native-activity: Animating
04-11 02:50:09.529  3196  3211 I native-activity: Frame 82 GL error is 0x0
04-11 02:50:09.529  3196  3211 I native-activity: Frame 82 time is 2.352ms
04-11 02:50:09.539  3196  3211 I native-activity: Swap 82 time is 9.067ms
04-11 02:50:09.539  3196  3211 I native-activity: Animating
04-11 02:50:09.539  3196  3211 I native-activity: Frame 83 GL error is 0x0
04-11 02:50:09.539  3196  3211 I native-activity: Frame 83 time is 1.642ms
04-11 02:50:09.539  3196  3211 I native-activity: Swap 83 time is 7.545ms
04-11 02:50:09.539  3196  3211 I native-activity: Animating
04-11 02:50:09.549  3196  3211 I native-activity: Frame 84 GL error is 0x0
04-11 02:50:09.549  3196  3211 I native-activity: Frame 84 time is 3.788ms
04-11 02:50:09.549  3196  3211 I native-activity: Swap 84 time is 10.019ms
04-11 02:50:09.549  3196  3211 I native-activity: Animating
04-11 02:50:09.559  3196  3211 I native-activity: Frame 85 GL error is 0x0
04-11 02:50:09.559  3196  3211 I native-activity: Frame 85 time is 1.797ms
04-11 02:50:09.559  3196  3211 I native-activity: Swap 85 time is 7.866ms
04-11 02:50:09.559  3196  3211 I native-activity: Animating
04-11 02:50:09.559  3196  3211 I native-activity: Frame 86 GL error is 0x0
04-11 02:50:09.559  3196  3211 I native-activity: Frame 86 time is 1.434ms
04-11 02:50:09.569  3196  3211 I native-activity: Swap 86 time is 7.479ms
04-11 02:50:09.569  3196  3211 I native-activity: Animating
04-11 02:50:09.569  3196  3211 I native-activity: Frame 87 GL error is 0x0
04-11 02:50:09.569  3196  3211 I native-activity: Frame 87 time is 1.564ms
04-11 02:50:09.579  3196  3211 I native-activity: Swap 87 time is 7.747ms
04-11 02:50:09.579  3196  3211 I native-activity: Animating
04-11 02:50:09.579  3196  3211 I native-activity: Frame 88 GL error is 0x0
04-11 02:50:09.579  3196  3211 I native-activity: Frame 88 time is 1.527ms
04-11 02:50:09.589  3196  3211 I native-activity: Swap 88 time is 7.433ms
04-11 02:50:09.589  3196  3211 I native-activity: Animating
04-11 02:50:09.589  3196  3211 I native-activity: Frame 89 GL error is 0x0
04-11 02:50:09.589  3196  3211 I native-activity: Frame 89 time is 1.725ms
04-11 02:50:09.599  3196  3211 I native-activity: Swap 89 time is 8.055ms
04-11 02:50:09.599  3196  3211 I native-activity: Animating
04-11 02:50:09.599  3196  3211 I native-activity: Frame 90 GL error is 0x0
04-11 02:50:09.599  3196  3211 I native-activity: Frame 90 time is 2.054ms
04-11 02:50:09.599  3196  3211 I native-activity: Swap 90 time is 8.210ms
04-11 02:50:09.599  3196  3211 I native-activity: Animating
04-11 02:50:09.609  3196  3211 I native-activity: Frame 91 GL error is 0x0
04-11 02:50:09.609  3196  3211 I native-activity: Frame 91 time is 1.959ms
04-11 02:50:09.609  3196  3211 I native-activity: Swap 91 time is 8.095ms
04-11 02:50:09.609  3196  3211 I native-activity: Animating
04-11 02:50:09.619  3196  3211 I native-activity: Frame 92 GL error is 0x0
04-11 02:50:09.619  3196  3211 I native-activity: Frame 92 time is 2.013ms
04-11 02:50:09.619  3196  3211 I native-activity: Swap 92 time is 8.395ms
04-11 02:50:09.619  3196  3211 I native-activity: Animating
04-11 02:50:09.619  3196  3211 I native-activity: Frame 93 GL error is 0x0
04-11 02:50:09.619  3196  3211 I native-activity: Frame 93 time is 2.008ms
04-11 02:50:09.629  3196  3211 I native-activity: Swap 93 time is 8.693ms
04-11 02:50:09.629  3196  3211 I native-activity: Animating
04-11 02:50:09.629  3196  3211 I native-activity: Frame 94 GL error is 0x0
04-11 02:50:09.629  3196  3211 I native-activity: Frame 94 time is 1.703ms
04-11 02:50:09.639  3196  3211 I native-activity: Swap 94 time is 8.230ms
04-11 02:50:09.639  3196  3211 I native-activity: Animating
04-11 02:50:09.639  3196  3211 I native-activity: Frame 95 GL error is 0x0
04-11 02:50:09.639  3196  3211 I native-activity: Frame 95 time is 3.182ms
04-11 02:50:09.649  3196  3211 I native-activity: Swap 95 time is 10.697ms
04-11 02:50:09.649  3196  3211 I native-activity: Animating
04-11 02:50:09.649  3196  3211 I native-activity: Frame 96 GL error is 0x0
04-11 02:50:09.649  3196  3211 I native-activity: Frame 96 time is 2.417ms
04-11 02:50:09.659  3196  3211 I native-activity: Swap 96 time is 10.359ms
04-11 02:50:09.659  3196  3211 I native-activity: Animating
04-11 02:50:09.659  3196  3211 I native-activity: Frame 97 GL error is 0x0
04-11 02:50:09.659  3196  3211 I native-activity: Frame 97 time is 2.016ms
04-11 02:50:09.669  3196  3211 I native-activity: Swap 97 time is 8.650ms
04-11 02:50:09.669  3196  3211 I native-activity: Animating
04-11 02:50:09.679  3196  3211 I native-activity: Frame 98 GL error is 0x0
04-11 02:50:09.679  3196  3211 I native-activity: Frame 98 time is 4.046ms
04-11 02:50:09.679  3196  3211 I native-activity: Swap 98 time is 10.983ms
04-11 02:50:09.679  3196  3211 I native-activity: Animating
04-11 02:50:09.679  3196  3211 I native-activity: Frame 99 GL error is 0x0
04-11 02:50:09.679  3196  3211 I native-activity: Frame 99 time is 1.744ms
04-11 02:50:09.689  3196  3211 I native-activity: Swap 99 time is 9.576ms
04-11 02:50:09.689  3196  3211 I native-activity: Animating
04-11 02:50:09.689  3196  3211 I native-activity: Frame 100 GL error is 0x0
04-11 02:50:09.689  3196  3211 I native-activity: Frame 100 time is 1.666ms
04-11 02:50:09.699  2381  2381 D Recents : onTaskStackChanged
04-11 02:50:09.699  3196  3211 I native-activity: Swap 100 time is 7.595ms
04-11 02:50:09.699  3196  3211 I native-activity: Animating
04-11 02:50:09.699  3196  3211 I native-activity: Frame 101 GL error is 0x0
04-11 02:50:09.699  3196  3211 I native-activity: Frame 101 time is 1.734ms
04-11 02:50:09.709  3196  3211 I native-activity: Swap 101 time is 6.650ms
04-11 02:50:09.709  3196  3211 I native-activity: Animating
04-11 02:50:09.709  3196  3211 I native-activity: Frame 102 GL error is 0x0
04-11 02:50:09.709  3196  3211 I native-activity: Frame 102 time is 1.641ms
04-11 02:50:09.719  3196  3211 I native-activity: Swap 102 time is 7.628ms
04-11 02:50:09.719  3196  3211 I native-activity: Animating
04-11 02:50:09.719  3196  3211 I native-activity: Frame 103 GL error is 0x0
04-11 02:50:09.719  3196  3211 I native-activity: Frame 103 time is 1.607ms
04-11 02:50:09.719  3196  3211 I native-activity: Swap 103 time is 6.497ms
04-11 02:50:09.719  3196  3211 I native-activity: Animating
04-11 02:50:09.719  3196  3211 I native-activity: Frame 104 GL error is 0x0
04-11 02:50:09.729  3196  3211 I native-activity: Frame 104 time is 1.477ms
04-11 02:50:09.729  3196  3211 I native-activity: Swap 104 time is 6.092ms
04-11 02:50:09.729  3196  3211 I native-activity: Animating
04-11 02:50:09.729  3196  3211 I native-activity: Frame 105 GL error is 0x0
04-11 02:50:09.729  3196  3211 I native-activity: Frame 105 time is 1.129ms
04-11 02:50:09.739  3196  3211 I native-activity: Swap 105 time is 6.537ms
04-11 02:50:09.739  3196  3211 I native-activity: Animating
04-11 02:50:09.739  3196  3211 I native-activity: Frame 106 GL error is 0x0
04-11 02:50:09.739  3196  3211 I native-activity: Frame 106 time is 1.028ms
04-11 02:50:09.739  3196  3211 I native-activity: Swap 106 time is 6.486ms
04-11 02:50:09.739  3196  3211 I native-activity: Animating
04-11 02:50:09.739  3196  3211 I native-activity: Frame 107 GL error is 0x0
04-11 02:50:09.739  3196  3211 I native-activity: Frame 107 time is 1.288ms
04-11 02:50:09.749  3196  3211 I native-activity: Swap 107 time is 8.746ms
04-11 02:50:09.749  3196  3211 I native-activity: Animating
04-11 02:50:09.749  3196  3211 I native-activity: Frame 108 GL error is 0x0
04-11 02:50:09.749  3196  3211 I native-activity: Frame 108 time is 1.136ms
04-11 02:50:09.759  3196  3211 I native-activity: Swap 108 time is 7.035ms
04-11 02:50:09.759  3196  3211 I native-activity: Animating
04-11 02:50:09.759  3196  3211 I native-activity: Frame 109 GL error is 0x0
04-11 02:50:09.759  3196  3211 I native-activity: Frame 109 time is 1.341ms
04-11 02:50:09.769  3196  3211 I native-activity: Swap 109 time is 7.308ms
04-11 02:50:09.769  3196  3211 I native-activity: Animating
04-11 02:50:09.769  3196  3211 I native-activity: Frame 110 GL error is 0x0
04-11 02:50:09.769  3196  3211 I native-activity: Frame 110 time is 1.164ms
04-11 02:50:09.769  3196  3211 I native-activity: Swap 110 time is 7.063ms
04-11 02:50:09.779  3196  3211 I native-activity: Animating
04-11 02:50:09.779  3196  3211 I native-activity: Frame 111 GL error is 0x0
04-11 02:50:09.779  3196  3211 I native-activity: Frame 111 time is 1.481ms
04-11 02:50:09.779  3196  3211 I native-activity: Swap 111 time is 8.611ms
04-11 02:50:09.779  3196  3211 I native-activity: Animating
04-11 02:50:09.789  3196  3211 I native-activity: Frame 112 GL error is 0x0
04-11 02:50:09.789  3196  3211 I native-activity: Frame 112 time is 1.653ms
04-11 02:50:09.789  3196  3211 I native-activity: Swap 112 time is 7.706ms
04-11 02:50:09.789  3196  3211 I native-activity: Animating
04-11 02:50:09.789  3196  3211 I native-activity: Frame 113 GL error is 0x0
04-11 02:50:09.789  3196  3211 I native-activity: Frame 113 time is 1.100ms
04-11 02:50:09.799  3196  3211 I native-activity: Swap 113 time is 6.760ms
04-11 02:50:09.799  3196  3211 I native-activity: Animating
04-11 02:50:09.799  3196  3211 I native-activity: Frame 114 GL error is 0x0
04-11 02:50:09.799  3196  3211 I native-activity: Frame 114 time is 1.409ms
04-11 02:50:09.809  3196  3211 I native-activity: Swap 114 time is 7.038ms
04-11 02:50:09.809  3196  3211 I native-activity: Animating
04-11 02:50:09.809  3196  3211 I native-activity: Frame 115 GL error is 0x0
04-11 02:50:09.809  3196  3211 I native-activity: Frame 115 time is 1.316ms
04-11 02:50:09.809  3196  3211 I native-activity: Swap 115 time is 7.673ms
04-11 02:50:09.809  3196  3211 I native-activity: Animating
04-11 02:50:09.819  3196  3211 I native-activity: Frame 116 GL error is 0x0
04-11 02:50:09.819  3196  3211 I native-activity: Frame 116 time is 1.623ms
04-11 02:50:09.819  3196  3211 I native-activity: Swap 116 time is 6.308ms
04-11 02:50:09.819  3196  3211 I native-activity: Animating
04-11 02:50:09.819  3196  3211 I native-activity: Frame 117 GL error is 0x0
04-11 02:50:09.819  3196  3211 I native-activity: Frame 117 time is 1.218ms
04-11 02:50:09.829  3196  3211 I native-activity: Swap 117 time is 5.803ms
04-11 02:50:09.829  3196  3211 I native-activity: Animating
04-11 02:50:09.829  3196  3211 I native-activity: Frame 118 GL error is 0x0
04-11 02:50:09.829  3196  3211 I native-activity: Frame 118 time is 1.041ms
04-11 02:50:09.829  3196  3211 I native-activity: Swap 118 time is 5.569ms
04-11 02:50:09.829  3196  3211 I native-activity: Animating
04-11 02:50:09.829  3196  3211 I native-activity: Frame 119 GL error is 0x0
04-11 02:50:09.829  3196  3211 I native-activity: Frame 119 time is 1.056ms
04-11 02:50:09.839  3196  3211 I native-activity: Swap 119 time is 5.541ms
04-11 02:50:09.839  3196  3211 I native-activity: Animating
04-11 02:50:09.839  3196  3211 I native-activity: Frame 120 GL error is 0x0
04-11 02:50:09.839  3196  3211 I native-activity: Frame 120 time is 1.213ms
04-11 02:50:09.849  3196  3211 I native-activity: Swap 120 time is 5.763ms
04-11 02:50:09.849  3196  3211 I native-activity: Animating
04-11 02:50:09.849  3196  3211 I native-activity: Frame 121 GL error is 0x0
04-11 02:50:09.849  3196  3211 I native-activity: Frame 121 time is 1.312ms
04-11 02:50:09.849  3196  3211 I native-activity: Swap 121 time is 6.055ms
04-11 02:50:09.849  3196  3211 I native-activity: Animating
04-11 02:50:09.849  3196  3211 I native-activity: Frame 122 GL error is 0x0
04-11 02:50:09.849  3196  3211 I native-activity: Frame 122 time is 1.290ms
04-11 02:50:09.859  3196  3211 I native-activity: Swap 122 time is 6.280ms
04-11 02:50:09.859  3196  3211 I native-activity: Animating
04-11 02:50:09.859  3196  3211 I native-activity: Frame 123 GL error is 0x0
04-11 02:50:09.859  3196  3211 I native-activity: Frame 123 time is 1.314ms
04-11 02:50:09.869  3196  3211 I native-activity: Swap 123 time is 7.283ms
04-11 02:50:09.869  3196  3211 I native-activity: Animating
04-11 02:50:09.869  3196  3211 I native-activity: Frame 124 GL error is 0x0
04-11 02:50:09.869  3196  3211 I native-activity: Frame 124 time is 1.347ms
04-11 02:50:09.869  3196  3211 I native-activity: Swap 124 time is 7.055ms
04-11 02:50:09.869  3196  3211 I native-activity: Animating
04-11 02:50:09.869  3196  3211 I native-activity: Frame 125 GL error is 0x0
04-11 02:50:09.869  3196  3211 I native-activity: Frame 125 time is 1.267ms
04-11 02:50:09.879  3196  3211 I native-activity: Swap 125 time is 7.321ms
04-11 02:50:09.879  3196  3211 I native-activity: Animating
04-11 02:50:09.879  3196  3211 I native-activity: Frame 126 GL error is 0x0
04-11 02:50:09.879  3196  3211 I native-activity: Frame 126 time is 1.351ms
04-11 02:50:09.889  3196  3211 I native-activity: Swap 126 time is 7.148ms
04-11 02:50:09.889  3196  3211 I native-activity: Animating
04-11 02:50:09.889  3196  3211 I native-activity: Frame 127 GL error is 0x0
04-11 02:50:09.889  3196  3211 I native-activity: Frame 127 time is 1.702ms
04-11 02:50:09.899  3196  3211 I native-activity: Swap 127 time is 7.613ms
04-11 02:50:09.899  3196  3211 I native-activity: Animating
04-11 02:50:09.899  3196  3211 I native-activity: Frame 128 GL error is 0x0
04-11 02:50:09.899  3196  3211 I native-activity: Frame 128 time is 2.042ms
04-11 02:50:09.909  3196  3211 I native-activity: Swap 128 time is 8.856ms
04-11 02:50:09.909  3196  3211 I native-activity: Animating
04-11 02:50:09.909  3196  3211 I native-activity: Frame 129 GL error is 0x0
04-11 02:50:09.909  3196  3211 I native-activity: Frame 129 time is 1.718ms
04-11 02:50:09.909  3196  3211 I native-activity: Swap 129 time is 7.895ms
04-11 02:50:09.909  3196  3211 I native-activity: Animating
04-11 02:50:09.919  3196  3211 I native-activity: Frame 130 GL error is 0x0
04-11 02:50:09.919  3196  3211 I native-activity: Frame 130 time is 1.732ms
04-11 02:50:09.919  3196  3211 I native-activity: Swap 130 time is 7.665ms
04-11 02:50:09.919  3196  3211 I native-activity: Animating
04-11 02:50:09.919  3196  3211 I native-activity: Frame 131 GL error is 0x0
04-11 02:50:09.919  3196  3211 I native-activity: Frame 131 time is 1.504ms
04-11 02:50:09.929  3196  3211 I native-activity: Swap 131 time is 7.419ms
04-11 02:50:09.929  3196  3211 I native-activity: Animating
04-11 02:50:09.929  3196  3211 I native-activity: Frame 132 GL error is 0x0
04-11 02:50:09.929  3196  3211 I native-activity: Frame 132 time is 1.610ms
04-11 02:50:09.939  3196  3211 I native-activity: Swap 132 time is 7.636ms
04-11 02:50:09.939  3196  3211 I native-activity: Animating
04-11 02:50:09.939  3196  3211 I native-activity: Frame 133 GL error is 0x0
04-11 02:50:09.939  3196  3211 I native-activity: Frame 133 time is 1.613ms
04-11 02:50:09.949  3196  3211 I native-activity: Swap 133 time is 8.059ms
04-11 02:50:09.949  3196  3211 I native-activity: Animating
04-11 02:50:09.949  3196  3211 I native-activity: Frame 134 GL error is 0x0
04-11 02:50:09.949  3196  3211 I native-activity: Frame 134 time is 1.945ms
04-11 02:50:09.959  3196  3211 I native-activity: Swap 134 time is 8.263ms
04-11 02:50:09.959  3196  3211 I native-activity: Animating
04-11 02:50:09.959  3196  3211 I native-activity: Frame 135 GL error is 0x0
04-11 02:50:09.959  3196  3211 I native-activity: Frame 135 time is 1.693ms
04-11 02:50:09.959  3196  3211 I native-activity: Swap 135 time is 7.929ms
04-11 02:50:09.959  3196  3211 I native-activity: Animating
04-11 02:50:09.969  3196  3211 I native-activity: Frame 136 GL error is 0x0
04-11 02:50:09.969  3196  3211 I native-activity: Frame 136 time is 1.759ms
04-11 02:50:09.969  3196  3211 I native-activity: Swap 136 time is 7.336ms
04-11 02:50:09.969  3196  3211 I native-activity: Animating
04-11 02:50:09.969  3196  3211 I native-activity: Frame 137 GL error is 0x0
04-11 02:50:09.969  3196  3211 I native-activity: Frame 137 time is 1.041ms
04-11 02:50:09.979  3196  3211 I native-activity: Swap 137 time is 6.679ms
04-11 02:50:09.979  3196  3211 I native-activity: Animating
04-11 02:50:09.979  3196  3211 I native-activity: Frame 138 GL error is 0x0
04-11 02:50:09.979  3196  3211 I native-activity: Frame 138 time is 1.137ms
04-11 02:50:09.989  3196  3211 I native-activity: Swap 138 time is 6.843ms
04-11 02:50:09.989  3196  3211 I native-activity: Animating
04-11 02:50:09.989  3196  3211 I native-activity: Frame 139 GL error is 0x0
04-11 02:50:09.989  3196  3211 I native-activity: Frame 139 time is 1.437ms
04-11 02:50:09.989  3196  3211 I native-activity: Swap 139 time is 7.023ms
04-11 02:50:09.989  3196  3211 I native-activity: Animating
04-11 02:50:09.999  3196  3211 I native-activity: Frame 140 GL error is 0x0
04-11 02:50:09.999  3196  3211 I native-activity: Frame 140 time is 1.391ms
04-11 02:50:09.999  3196  3211 I native-activity: Swap 140 time is 7.109ms
04-11 02:50:09.999  3196  3211 I native-activity: Animating
04-11 02:50:09.999  3196  3211 I native-activity: Frame 141 GL error is 0x0
04-11 02:50:09.999  3196  3211 I native-activity: Frame 141 time is 1.251ms
04-11 02:50:10.009  3196  3211 I native-activity: Swap 141 time is 7.031ms
04-11 02:50:10.009  3196  3211 I native-activity: Animating
04-11 02:50:10.009  3196  3211 I native-activity: Frame 142 GL error is 0x0
04-11 02:50:10.009  3196  3211 I native-activity: Frame 142 time is 1.336ms
04-11 02:50:10.019  3196  3211 I native-activity: Swap 142 time is 7.401ms
04-11 02:50:10.019  3196  3211 I native-activity: Animating
04-11 02:50:10.019  3196  3211 I native-activity: Frame 143 GL error is 0x0
04-11 02:50:10.019  3196  3211 I native-activity: Frame 143 time is 1.582ms
04-11 02:50:10.019  3196  3211 I native-activity: Swap 143 time is 7.400ms
04-11 02:50:10.019  3196  3211 I native-activity: Animating
04-11 02:50:10.029  3196  3211 I native-activity: Frame 144 GL error is 0x0
04-11 02:50:10.029  3196  3211 I native-activity: Frame 144 time is 1.846ms
04-11 02:50:10.029  3196  3211 I native-activity: Swap 144 time is 7.722ms
04-11 02:50:10.029  3196  3211 I native-activity: Animating
04-11 02:50:10.029  3196  3211 I native-activity: Frame 145 GL error is 0x0
04-11 02:50:10.029  3196  3211 I native-activity: Frame 145 time is 1.447ms
04-11 02:50:10.039  3196  3211 I native-activity: Swap 145 time is 9.174ms
04-11 02:50:10.039  3196  3211 I native-activity: Animating
04-11 02:50:10.039  3196  3211 I native-activity: Frame 146 GL error is 0x0
04-11 02:50:10.039  3196  3211 I native-activity: Frame 146 time is 2.015ms
04-11 02:50:10.049  3196  3211 I native-activity: Swap 146 time is 9.955ms
04-11 02:50:10.049  3196  3211 I native-activity: Animating
04-11 02:50:10.049  3196  3211 I native-activity: Frame 147 GL error is 0x0
04-11 02:50:10.049  3196  3211 I native-activity: Frame 147 time is 1.725ms
04-11 02:50:10.059  3196  3211 I native-activity: Swap 147 time is 8.007ms
04-11 02:50:10.059  3196  3211 I native-activity: Animating
04-11 02:50:10.059  3196  3211 I native-activity: Frame 148 GL error is 0x0
04-11 02:50:10.059  3196  3211 I native-activity: Frame 148 time is 1.708ms
04-11 02:50:10.069  3196  3211 I native-activity: Swap 148 time is 7.605ms
04-11 02:50:10.069  3196  3211 I native-activity: Animating
04-11 02:50:10.069  3196  3211 I native-activity: Frame 149 GL error is 0x0
04-11 02:50:10.069  3196  3211 I native-activity: Frame 149 time is 1.535ms
04-11 02:50:10.079  3196  3211 I native-activity: Swap 149 time is 7.314ms
04-11 02:50:10.079  3196  3211 I native-activity: Animating
04-11 02:50:10.079  3196  3211 I native-activity: Frame 150 GL error is 0x0
04-11 02:50:10.079  3196  3211 I native-activity: Frame 150 time is 1.738ms
04-11 02:50:10.079  3196  3211 I native-activity: Swap 150 time is 6.525ms
04-11 02:50:10.079  3196  3211 I native-activity: Animating
04-11 02:50:10.089  3196  3211 I native-activity: Frame 151 GL error is 0x0
04-11 02:50:10.089  3196  3211 I native-activity: Frame 151 time is 1.952ms
04-11 02:50:10.089  3196  3211 I native-activity: Swap 151 time is 7.843ms
04-11 02:50:10.089  3196  3211 I native-activity: Animating
04-11 02:50:10.089  3196  3211 I native-activity: Frame 152 GL error is 0x0
04-11 02:50:10.089  3196  3211 I native-activity: Frame 152 time is 1.661ms
04-11 02:50:10.099  3196  3211 I native-activity: Swap 152 time is 6.415ms
04-11 02:50:10.099  3196  3211 I native-activity: Animating
04-11 02:50:10.099  3196  3211 I native-activity: Frame 153 GL error is 0x0
04-11 02:50:10.099  3196  3211 I native-activity: Frame 153 time is 1.573ms
04-11 02:50:10.109  3196  3211 I native-activity: Swap 153 time is 6.363ms
04-11 02:50:10.109  3196  3211 I native-activity: Animating
04-11 02:50:10.109  3196  3211 I native-activity: Frame 154 GL error is 0x0
04-11 02:50:10.109  3196  3211 I native-activity: Frame 154 time is 1.402ms
04-11 02:50:10.109  3196  3211 I native-activity: Swap 154 time is 6.481ms
04-11 02:50:10.109  3196  3211 I native-activity: Animating
04-11 02:50:10.109  3196  3211 I native-activity: Frame 155 GL error is 0x0
04-11 02:50:10.109  3196  3211 I native-activity: Frame 155 time is 1.678ms
04-11 02:50:10.119  3196  3211 I native-activity: Swap 155 time is 7.443ms
04-11 02:50:10.119  3196  3211 I native-activity: Animating
04-11 02:50:10.119  3196  3211 I native-activity: Frame 156 GL error is 0x0
04-11 02:50:10.119  3196  3211 I native-activity: Frame 156 time is 1.936ms
