04-11 02:51:39.009  3450  3465 I native-activity: 	Version: OpenGL ES 3.2 V@145.0 (GIT@I5bc0f577f9)
04-11 02:51:39.009  3450  3465 I native-activity: 	Shading Language: OpenGL ES GLSL ES 3.20
04-11 02:51:39.009  3450  3465 I native-activity: 	Extensions: GL_OES_EGL_image GL_OES_EGL_image_external GL_OES_EGL_sync GL_OES_vertex_half_float GL_OES_framebuffer_object GL_OES_rgb8_rgba8 GL_OES_compressed_ETC1_RGB8_texture GL_AMD_compressed_ATC_texture GL_KHR_texture_compression_astc_ldr GL_KHR_texture_compression_astc_hdr GL_OES_texture_compression_astc GL_OES_texture_npot GL_EXT_texture_filter_anisotropic GL_EXT_texture_format_BGRA8888 GL_OES_texture_3D GL_EXT_color_buffer_float GL_EXT_color_buffer_half_float GL_QCOM_alpha_test GL_OES_depth24 GL_OES_packed_depth_stencil GL_OES_depth_texture GL_OES_depth_texture_cube_map GL_EXT_sRGB GL_OES_texture_float GL_OES_texture_float_linear GL_OES_texture_half_float GL_OES_texture_half_float_linear GL_EXT_texture_type_2_10_10_10_REV GL_EXT_texture_sRGB_decode GL_OES_element_index_uint GL_EXT_copy_image GL_EXT_geometry_shader GL_EXT_tessellation_shader GL_OES_texture_stencil8 GL_EXT_shader_io_blocks GL_OES_shader_image_atomic GL_OES_sample_variables GL_EXT_texture_border_clamp GL_EXT_multisampled_render_to_textur
04-11 02:51:39.039  3450  3465 I native-activity: Frame 0 GL error is 0x501
04-11 02:51:39.039  3450  3465 I native-activity: Frame 0 time is 59.157ms
04-11 02:51:39.049  3450  3465 I native-activity: Swap 0 time is 70.752ms
04-11 02:51:39.059  3450  3465 I native-activity: Animating
04-11 02:51:39.059  3450  3465 I native-activity: Frame 1 GL error is 0x0
04-11 02:51:39.059  3450  3465 I native-activity: Frame 1 time is 0.403ms
04-11 02:51:39.069  3450  3465 I native-activity: Swap 1 time is 8.479ms
04-11 02:51:39.069  3450  3465 I native-activity: Animating
04-11 02:51:39.069  3450  3465 I native-activity: Frame 2 GL error is 0x0
04-11 02:51:39.069  3450  3465 I native-activity: Frame 2 time is 0.342ms
04-11 02:51:39.079  3450  3465 I native-activity: Swap 2 time is 8.498ms
04-11 02:51:39.079  3450  3465 I native-activity: Animating
04-11 02:51:39.079  3450  3465 I native-activity: Context 0xee52d680 made current on surface 0xee525640, error 0x3000
04-11 02:51:39.079  3450  3465 I native-activity: GL information
04-11 02:51:39.079  3450  3465 I native-activity: 	Renderer: Adreno (TM) 530
04-11 02:51:39.079  3450  3465 I native-activity: 	Vendor: Qualcomm
04-11 02:51:39.079  3450  3465 I native-activity: 	Version: OpenGL ES 3.2 V@145.0 (GIT@I5bc0f577f9)
04-11 02:51:39.079  3450  3465 I native-activity: 	Shading Language: OpenGL ES GLSL ES 3.20
04-11 02:51:39.079  3450  3465 I native-activity: 	Extensions: GL_OES_EGL_image GL_OES_EGL_image_external GL_OES_EGL_sync GL_OES_vertex_half_float GL_OES_framebuffer_object GL_OES_rgb8_rgba8 GL_OES_compressed_ETC1_RGB8_texture GL_AMD_compressed_ATC_texture GL_KHR_texture_compression_astc_ldr GL_KHR_texture_compression_astc_hdr GL_OES_texture_compression_astc GL_OES_texture_npot GL_EXT_texture_filter_anisotropic GL_EXT_texture_format_BGRA8888 GL_OES_texture_3D GL_EXT_color_buffer_float GL_EXT_color_buffer_half_float GL_QCOM_alpha_test GL_OES_depth24 GL_OES_packed_depth_stencil GL_OES_depth_texture GL_OES_depth_texture_cube_map GL_EXT_sRGB GL_OES_texture_float GL_OES_texture_float_linear GL_OES_texture_half_float GL_OES_texture_half_float_linear GL_EXT_texture_type_2_10_10_10_REV GL_EXT_texture_sRGB_decode GL_OES_element_index_uint GL_EXT_copy_image GL_EXT_geometry_shader GL_EXT_tessellation_shader GL_OES_texture_stencil8 GL_EXT_shader_io_blocks GL_OES_shader_image_atomic GL_OES_sample_variables GL_EXT_texture_border_clamp GL_EXT_multisampled_render_to_textur
04-11 02:51:39.079  3450  3465 I native-activity: Frame 3 GL error is 0x0
04-11 02:51:39.079  3450  3465 I native-activity: Frame 3 time is 0.224ms
04-11 02:51:39.079  3450  3465 I native-activity: Swap 3 time is 1.077ms
04-11 02:51:39.079  3450  3465 I native-activity: Animating
04-11 02:51:39.089  1434  6994 D GameManagerService: identifyGamePackage. com.example.sonicdash_stage1
04-11 02:51:39.109  3450  3465 I native-activity: Frame 4 GL error is 0x501
04-11 02:51:39.109  3450  3465 I native-activity: Frame 4 time is 31.794ms
04-11 02:51:39.109  1434  2219 D MdnieScenarioControlService:  packageName : com.example.sonicdash_stage1    className : android.app.NativeActivity
04-11 02:51:39.119  3450  3465 I native-activity: Swap 4 time is 39.571ms
04-11 02:51:39.119  3450  3465 I native-activity: Animating
04-11 02:51:39.119  3450  3465 I native-activity: Frame 5 GL error is 0x0
04-11 02:51:39.119  3450  3465 I native-activity: Frame 5 time is 0.335ms
04-11 02:51:39.129  3450  3465 I native-activity: Swap 5 time is 8.477ms
04-11 02:51:39.129  3450  3465 I native-activity: Animating
04-11 02:51:39.129  3450  3465 I native-activity: Frame 6 GL error is 0x0
04-11 02:51:39.129  3450  3465 I native-activity: Frame 6 time is 0.386ms
04-11 02:51:39.129  3450  3465 I native-activity: Swap 6 time is 8.150ms
04-11 02:51:39.139  3450  3465 I native-activity: Animating
04-11 02:51:39.139  3450  3465 I native-activity: Frame 7 GL error is 0x0
04-11 02:51:39.139  3450  3465 I native-activity: Frame 7 time is 0.302ms
04-11 02:51:39.139  3450  3465 I native-activity: Swap 7 time is 8.408ms
04-11 02:51:39.139  3450  3465 I native-activity: Animating
04-11 02:51:39.139  3450  3465 I native-activity: Frame 8 GL error is 0x0
04-11 02:51:39.139  3450  3465 I native-activity: Frame 8 time is 0.503ms
04-11 02:51:39.149  3450  3465 I native-activity: Swap 8 time is 8.289ms
04-11 02:51:39.149  3450  3465 I native-activity: Animating
04-11 02:51:39.149  3450  3465 I native-activity: Frame 9 GL error is 0x0
04-11 02:51:39.149  3450  3465 I native-activity: Frame 9 time is 0.546ms
04-11 02:51:39.159  3450  3465 I native-activity: Swap 9 time is 8.657ms
04-11 02:51:39.159  3450  3465 I native-activity: Animating
04-11 02:51:39.159  3450  3465 I native-activity: Frame 10 GL error is 0x0
04-11 02:51:39.159  3450  3465 I native-activity: Frame 10 time is 0.347ms
04-11 02:51:39.159  1434  1612 D CustomFrequencyManagerService: releaseDVFSLockLocked : Getting Lock type frm List : DVFS_MIN_LIMIT  frequency : 1555200  uid : 1000  pid : 1434  tag : ACTIVITY_RESUME_BOOSTER@14
04-11 02:51:39.169  1434  1612 I Timeline: Timeline: Activity_windows_visible id: ActivityRecord{8492f08 u0 com.example.sonicdash_stage1/android.app.NativeActivity t1416} time:136044781
04-11 02:51:39.169  3450  3465 I native-activity: Swap 10 time is 10.193ms
04-11 02:51:39.169  3450  3465 I native-activity: Animating
04-11 02:51:39.169  3450  3465 I native-activity: Frame 11 GL error is 0x0
04-11 02:51:39.169  3450  3465 I native-activity: Frame 11 time is 0.733ms
04-11 02:51:39.169  1434  1612 D ActivityManager: mDVFSHelper.release()
04-11 02:51:39.179  2590  2590 D Launcher.HomeView: onStop
04-11 02:51:39.179  2590  2590 D capture : ----destroy
04-11 02:51:39.179  3450  3465 I native-activity: Swap 11 time is 11.913ms
04-11 02:51:39.179  3450  3465 I native-activity: Animating
04-11 02:51:39.179  3450  3465 I native-activity: Frame 12 GL error is 0x0
04-11 02:51:39.179  3450  3465 I native-activity: Frame 12 time is 0.657ms
04-11 02:51:39.179  1434  1612 D KnoxTimeoutHandler: notifyActivityDrawn [MsgParam] userId: 0 fullscreen is true showWhenlocked is false
04-11 02:51:39.189  1434  1434 D KnoxTimeoutHandler: activityDrawn [MsgParam] userId: 0 fullscreen is true showWhenlocked is false
04-11 02:51:39.189  1434  2164 D NetworkPolicy: isUidForegroundLocked: 10078, mScreenOn: true, uidstate: 3, mProxSensorScreenOff: false
04-11 02:51:39.189  1434  1434 I KnoxTimeoutHandler: SD activityfalse
04-11 02:51:39.189  1434  1531 D CustomFrequencyManagerService: acquireDVFSLockLocked : type : DVFS_MIN_LIMIT  frequency : 1555200  uid : 1000  pid : 1434  pkgName : ACTIVITY_RESUME_BOOSTER@20
04-11 02:51:39.189  2590  2590 V ActivityThread: updateVisibility : ActivityRecord{46ba7e token=android.os.BinderProxy@15e180a {com.sec.android.app.launcher/com.sec.android.app.launcher.activities.LauncherActivity}} show : false
04-11 02:51:39.189   648  3139 I SurfaceFlinger: id=3071 Removed tonicdash_s (6/11)
04-11 02:51:39.189   648   648 D libEGL  : eglTerminate EGLDisplay = 0x7ff9c80248
04-11 02:51:39.189  3450  3465 I native-activity: Swap 12 time is 10.289ms
04-11 02:51:39.189  3450  3465 I native-activity: Animating
04-11 02:51:39.189  3450  3465 I native-activity: Frame 13 GL error is 0x0
04-11 02:51:39.189  3450  3465 I native-activity: Frame 13 time is 0.493ms
04-11 02:51:39.199  2590  2590 D Launcher: onTrimMemory. Level: 20
04-11 02:51:39.199  3450  3465 I native-activity: Swap 13 time is 8.281ms
04-11 02:51:39.199  3450  3465 I native-activity: Animating
04-11 02:51:39.199  3450  3465 I native-activity: Frame 14 GL error is 0x0
04-11 02:51:39.199  3450  3465 I native-activity: Frame 14 time is 0.718ms
04-11 02:51:39.209  1434  2219 I MdnieScenarioControlService: mGameModeLauncher : false
04-11 02:51:39.209  3450  3465 I native-activity: Swap 14 time is 8.840ms
04-11 02:51:39.209  3450  3465 I native-activity: Animating
04-11 02:51:39.209  3450  3465 I native-activity: Frame 15 GL error is 0x0
04-11 02:51:39.209  3450  3465 I native-activity: Frame 15 time is 0.365ms
04-11 02:51:39.219  3450  3465 I native-activity: Swap 15 time is 8.042ms
04-11 02:51:39.219  3450  3465 I native-activity: Animating
04-11 02:51:39.219  3450  3465 I native-activity: Frame 16 GL error is 0x0
04-11 02:51:39.219  3450  3465 I native-activity: Frame 16 time is 0.342ms
04-11 02:51:39.219  1434  2219 I MdnieScenarioControlService: setUIMode
04-11 02:51:39.229   648   670 I SurfaceFlinger: id=3070 Removed MauncherAct (3/10)
04-11 02:51:39.229   648  2746 I SurfaceFlinger: id=3070 Removed MauncherAct (-2/10)
04-11 02:51:39.229  3450  3465 I native-activity: Swap 16 time is 8.075ms
04-11 02:51:39.229  3450  3465 I native-activity: Animating
04-11 02:51:39.229  3450  3465 I native-activity: Frame 17 GL error is 0x0
04-11 02:51:39.229  3450  3465 I native-activity: Frame 17 time is 0.446ms
04-11 02:51:39.229 30475 30475 D ImageWallpaper: onVisibilityChanged:false
04-11 02:51:39.229 30475 30475 D ImageWallpaper: drawFrame
04-11 02:51:39.229 30475 30475 D ImageWallpaper: drawFrame:false rotation:0 mLastRotation:0
04-11 02:51:39.229 30475 30475 D ImageWallpaper: drawFrame:[frame.width()]2240[frame.height()]2560
04-11 02:51:39.229 30475 30475 D ImageWallpaper: Suppressed drawFrame since redraw is not needed and offsets have not changed.
04-11 02:51:39.239  3450  3465 I native-activity: Swap 17 time is 8.220ms
04-11 02:51:39.239  3450  3465 I native-activity: Animating
04-11 02:51:39.239  3450  3465 I native-activity: Frame 18 GL error is 0x0
04-11 02:51:39.239  3450  3465 I native-activity: Frame 18 time is 0.430ms
04-11 02:51:39.239   648   648 D libEGL  : eglTerminate EGLDisplay = 0x7ff9c80278
04-11 02:51:39.239  3450  3465 I native-activity: Swap 18 time is 8.695ms
04-11 02:51:39.239  3450  3465 I native-activity: Animating
04-11 02:51:39.239  3450  3465 I native-activity: Frame 19 GL error is 0x0
04-11 02:51:39.239  3450  3465 I native-activity: Frame 19 time is 0.423ms
04-11 02:51:39.249  3450  3465 I native-activity: Swap 19 time is 8.215ms
04-11 02:51:39.249  3450  3465 I native-activity: Animating
04-11 02:51:39.249  3450  3465 I native-activity: Frame 20 GL error is 0x0
04-11 02:51:39.249  3450  3465 I native-activity: Frame 20 time is 0.418ms
04-11 02:51:39.259  3450  3465 I native-activity: Swap 20 time is 8.127ms
04-11 02:51:39.259  3450  3465 I native-activity: Animating
04-11 02:51:39.259  3450  3465 I native-activity: Frame 21 GL error is 0x0
04-11 02:51:39.259  3450  3465 I native-activity: Frame 21 time is 0.385ms
04-11 02:51:39.269  3450  3465 I native-activity: Swap 21 time is 8.071ms
04-11 02:51:39.269  3450  3465 I native-activity: Animating
04-11 02:51:39.269  3450  3465 I native-activity: Frame 22 GL error is 0x0
04-11 02:51:39.269  3450  3465 I native-activity: Frame 22 time is 0.333ms
04-11 02:51:39.279  3450  3465 I native-activity: Swap 22 time is 8.358ms
04-11 02:51:39.279  3450  3465 I native-activity: Animating
04-11 02:51:39.279  3450  3465 I native-activity: Frame 23 GL error is 0x0
04-11 02:51:39.279  3450  3465 I native-activity: Frame 23 time is 0.492ms
04-11 02:51:39.289  3450  3465 I native-activity: Swap 23 time is 8.300ms
04-11 02:51:39.289  3450  3465 I native-activity: Animating
04-11 02:51:39.289  3450  3465 I native-activity: Frame 24 GL error is 0x0
04-11 02:51:39.289  3450  3465 I native-activity: Frame 24 time is 0.395ms
04-11 02:51:39.289  3450  3465 I native-activity: Swap 24 time is 8.130ms
04-11 02:51:39.289  3450  3465 I native-activity: Animating
04-11 02:51:39.289  3450  3465 I native-activity: Frame 25 GL error is 0x0
04-11 02:51:39.289  3450  3465 I native-activity: Frame 25 time is 0.393ms
04-11 02:51:39.299  3450  3465 I native-activity: Swap 25 time is 8.121ms
04-11 02:51:39.299  3450  3465 I native-activity: Animating
04-11 02:51:39.299  3450  3465 I native-activity: Frame 26 GL error is 0x0
04-11 02:51:39.299  3450  3465 I native-activity: Frame 26 time is 0.373ms
04-11 02:51:39.309  3450  3465 I native-activity: Swap 26 time is 8.180ms
04-11 02:51:39.309  3450  3465 I native-activity: Animating
04-11 02:51:39.309  3450  3465 I native-activity: Frame 27 GL error is 0x0
04-11 02:51:39.309  3450  3465 I native-activity: Frame 27 time is 0.391ms
04-11 02:51:39.319  3450  3465 I native-activity: Swap 27 time is 8.127ms
04-11 02:51:39.319  3450  3465 I native-activity: Animating
04-11 02:51:39.319  3450  3465 I native-activity: Frame 28 GL error is 0x0
04-11 02:51:39.319  3450  3465 I native-activity: Frame 28 time is 0.378ms
04-11 02:51:39.329  3450  3465 I native-activity: Swap 28 time is 8.097ms
04-11 02:51:39.329  3450  3465 I native-activity: Animating
04-11 02:51:39.329  3450  3465 I native-activity: Frame 29 GL error is 0x0
04-11 02:51:39.329  3450  3465 I native-activity: Frame 29 time is 0.357ms
04-11 02:51:39.339  3450  3465 I native-activity: Swap 29 time is 8.066ms
04-11 02:51:39.339  3450  3465 I native-activity: Animating
04-11 02:51:39.339  3450  3465 I native-activity: Frame 30 GL error is 0x0
04-11 02:51:39.339  3450  3465 I native-activity: Frame 30 time is 0.375ms
04-11 02:51:39.339  3450  3465 I native-activity: Swap 30 time is 8.114ms
04-11 02:51:39.339  3450  3465 I native-activity: Animating
04-11 02:51:39.349  3450  3465 I native-activity: Frame 31 GL error is 0x0
04-11 02:51:39.349  3450  3465 I native-activity: Frame 31 time is 5.811ms
04-11 02:51:39.359  3450  3465 I native-activity: Swap 31 time is 13.585ms
04-11 02:51:39.359  3450  3465 I native-activity: Animating
04-11 02:51:39.379  3450  3465 I native-activity: Frame 32 GL error is 0x0
04-11 02:51:39.379  3450  3465 I native-activity: Frame 32 time is 24.737ms
04-11 02:51:39.389  3450  3465 I native-activity: Swap 32 time is 32.433ms
04-11 02:51:39.389  3450  3465 I native-activity: Animating
04-11 02:51:39.399  3450  3465 I native-activity: Frame 33 GL error is 0x0
04-11 02:51:39.399  3450  3465 I native-activity: Frame 33 time is 14.160ms
04-11 02:51:39.409  3450  3465 I native-activity: Swap 33 time is 21.796ms
04-11 02:51:39.409  3450  3465 I native-activity: Animating
04-11 02:51:39.449  1434  2219 D MdnieScenarioControlService:  packageName : com.example.sonicdash_stage1    className : android.app.NativeActivity
04-11 02:51:39.479  3450  3465 I native-activity: Frame 34 GL error is 0x0
04-11 02:51:39.479  3450  3465 I native-activity: Frame 34 time is 66.231ms
04-11 02:51:39.489  3450  3465 I native-activity: Swap 34 time is 73.905ms
04-11 02:51:39.489  3450  3465 I native-activity: Animating
04-11 02:51:39.489  1434  1434 D CustomFrequencyManagerService: releaseDVFSLockLocked : Getting Lock type frm List : DVFS_MIN_LIMIT  frequency : 1555200  uid : 1000  pid : 1434  tag : ACTIVITY_RESUME_BOOSTER@20
04-11 02:51:39.499  3450  3465 I native-activity: Frame 35 GL error is 0x0
04-11 02:51:39.499  3450  3465 I native-activity: Frame 35 time is 17.127ms
04-11 02:51:39.509  3450  3465 I native-activity: Swap 35 time is 25.121ms
04-11 02:51:39.509  3450  3465 I native-activity: Animating
04-11 02:51:39.539  3450  3465 I native-activity: Frame 36 GL error is 0x501
04-11 02:51:39.539  3450  3465 I native-activity: Frame 36 time is 33.607ms
04-11 02:51:39.549  1434  2219 I MdnieScenarioControlService: mGameModeLauncher : false
04-11 02:51:39.559  3450  3465 I native-activity: Swap 36 time is 44.882ms
04-11 02:51:39.559  3450  3465 I native-activity: Animating
04-11 02:51:39.559  1434  2219 I MdnieScenarioControlService: setUIMode
04-11 02:51:39.559  3450  3465 I native-activity: Frame 37 GL error is 0x501
04-11 02:51:39.559  3450  3465 I native-activity: Frame 37 time is 8.332ms
04-11 02:51:39.569  3450  3465 I native-activity: Swap 37 time is 18.006ms
04-11 02:51:39.569  3450  3465 I native-activity: Animating
04-11 02:51:39.589  3450  3465 I native-activity: Frame 38 GL error is 0x501
04-11 02:51:39.589  3450  3465 I native-activity: Frame 38 time is 14.440ms
04-11 02:51:39.599  3450  3465 I native-activity: Swap 38 time is 27.061ms
04-11 02:51:39.599  3450  3465 I native-activity: Animating
04-11 02:51:39.619  3450  3465 I native-activity: Frame 39 GL error is 0x0
04-11 02:51:39.619  3450  3465 I native-activity: Frame 39 time is 15.188ms
04-11 02:51:39.629  3450  3465 I native-activity: Swap 39 time is 30.094ms
04-11 02:51:39.629  3450  3465 I native-activity: Animating
04-11 02:51:39.649  3450  3465 I native-activity: Frame 40 GL error is 0x0
04-11 02:51:39.649  3450  3465 I native-activity: Frame 40 time is 22.344ms
04-11 02:51:39.669  3450  3465 I native-activity: Swap 40 time is 37.366ms
04-11 02:51:39.669  3450  3465 I native-activity: Animating
04-11 02:51:39.699  3450  3465 I native-activity: Frame 41 GL error is 0x0
04-11 02:51:39.699  3450  3465 I native-activity: Frame 41 time is 31.414ms
04-11 02:51:39.719  3450  3465 I native-activity: Swap 41 time is 46.201ms
04-11 02:51:39.719  3450  3465 I native-activity: Animating
04-11 02:51:39.739  3450  3465 I native-activity: Frame 42 GL error is 0x0
04-11 02:51:39.739  3450  3465 I native-activity: Frame 42 time is 21.516ms
04-11 02:51:39.749  3450  3465 I native-activity: Swap 42 time is 36.603ms
04-11 02:51:39.749  3450  3465 I native-activity: Animating
04-11 02:51:39.779  3450  3465 I native-activity: Frame 43 GL error is 0x0
04-11 02:51:39.779  3450  3465 I native-activity: Frame 43 time is 26.851ms
04-11 02:51:39.799  3450  3465 I native-activity: Swap 43 time is 42.020ms
04-11 02:51:39.799  3450  3465 I native-activity: Animating
04-11 02:51:39.799  2381  2381 D Recents : onTaskStackChanged
04-11 02:51:39.829  3450  3465 I native-activity: Frame 44 GL error is 0x0
04-11 02:51:39.829  3450  3465 I native-activity: Frame 44 time is 31.580ms
04-11 02:51:39.839  3450  3465 I native-activity: Swap 44 time is 43.391ms
04-11 02:51:39.839  3450  3465 I native-activity: Animating
04-11 02:51:39.869  3450  3465 I native-activity: Frame 45 GL error is 0x501
04-11 02:51:39.869  3450  3465 I native-activity: Frame 45 time is 34.556ms
04-11 02:51:39.889  3450  3465 I native-activity: Swap 45 time is 48.139ms
04-11 02:51:39.889  3450  3465 I native-activity: Animating
04-11 02:51:39.909  3450  3465 I native-activity: Frame 46 GL error is 0x501
04-11 02:51:39.909  3450  3465 I native-activity: Frame 46 time is 22.056ms
04-11 02:51:39.919  3450  3465 I native-activity: Swap 46 time is 36.122ms
04-11 02:51:39.919  3450  3465 I native-activity: Animating
04-11 02:51:39.949  3450  3465 I native-activity: Frame 47 GL error is 0x501
04-11 02:51:39.949  3450  3465 I native-activity: Frame 47 time is 24.376ms
04-11 02:51:39.959  3450  3465 I native-activity: Swap 47 time is 38.694ms
04-11 02:51:39.959  3450  3465 I native-activity: Animating
04-11 02:51:39.959  3450  3465 I native-activity: Frame 48 GL error is 0x0
04-11 02:51:39.959  3450  3465 I native-activity: Frame 48 time is 0.546ms
04-11 02:51:39.979  3450  3465 I native-activity: Swap 48 time is 15.266ms
04-11 02:51:39.979  3450  3465 I native-activity: Animating
04-11 02:51:39.979  3450  3465 I native-activity: Frame 49 GL error is 0x0
04-11 02:51:39.979  3450  3465 I native-activity: Frame 49 time is 1.056ms
04-11 02:51:39.989  3450  3465 I native-activity: Swap 49 time is 16.051ms
04-11 02:51:39.999  3450  3465 I native-activity: Animating
04-11 02:51:39.999  3450  3465 I native-activity: Frame 50 GL error is 0x0
04-11 02:51:39.999  3450  3465 I native-activity: Frame 50 time is 1.596ms
04-11 02:51:40.009  3450  3465 I native-activity: Swap 50 time is 16.878ms
04-11 02:51:40.009  3450  3465 I native-activity: Animating
04-11 02:51:40.009  3450  3465 I native-activity: Frame 51 GL error is 0x0
04-11 02:51:40.009  3450  3465 I native-activity: Frame 51 time is 1.372ms
04-11 02:51:40.029  3450  3465 I native-activity: Swap 51 time is 17.075ms
04-11 02:51:40.029  3450  3465 I native-activity: Animating
04-11 02:51:40.029  3450  3465 I native-activity: Frame 52 GL error is 0x0
04-11 02:51:40.029  3450  3465 I native-activity: Frame 52 time is 2.521ms
04-11 02:51:40.049  3450  3465 I native-activity: Swap 52 time is 17.740ms
04-11 02:51:40.049  3450  3465 I native-activity: Animating
04-11 02:51:40.049  3450  3465 I native-activity: Frame 53 GL error is 0x0
04-11 02:51:40.049  3450  3465 I native-activity: Frame 53 time is 1.866ms
04-11 02:51:40.069  3450  3465 I native-activity: Swap 53 time is 17.857ms
04-11 02:51:40.069  3450  3465 I native-activity: Animating
04-11 02:51:40.069  3450  3465 I native-activity: Frame 54 GL error is 0x0
04-11 02:51:40.069  3450  3465 I native-activity: Frame 54 time is 2.159ms
04-11 02:51:40.089  3450  3465 I native-activity: Swap 54 time is 18.310ms
04-11 02:51:40.089  3450  3465 I native-activity: Animating
04-11 02:51:40.089  3450  3465 I native-activity: Frame 55 GL error is 0x0
04-11 02:51:40.089  3450  3465 I native-activity: Frame 55 time is 2.361ms
04-11 02:51:40.099  3450  3465 I native-activity: Swap 55 time is 17.874ms
04-11 02:51:40.099  3450  3465 I native-activity: Animating
04-11 02:51:40.109  3450  3465 I native-activity: Frame 56 GL error is 0x0
04-11 02:51:40.109  3450  3465 I native-activity: Frame 56 time is 2.165ms
04-11 02:51:40.119  3450  3465 I native-activity: Swap 56 time is 19.883ms
04-11 02:51:40.129  3450  3465 I native-activity: Animating
04-11 02:51:40.129  3450  3465 I native-activity: Frame 57 GL error is 0x0
04-11 02:51:40.129  3450  3465 I native-activity: Frame 57 time is 1.778ms
04-11 02:51:40.139  3450  3465 I native-activity: Swap 57 time is 17.240ms
04-11 02:51:40.139  3450  3465 I native-activity: Animating
04-11 02:51:40.149  3450  3465 I native-activity: Frame 58 GL error is 0x0
04-11 02:51:40.149  3450  3465 I native-activity: Frame 58 time is 2.252ms
04-11 02:51:40.159  3450  3465 I native-activity: Swap 58 time is 18.381ms
04-11 02:51:40.159  3450  3465 I native-activity: Animating
04-11 02:51:40.159  3450  3465 I native-activity: Frame 59 GL error is 0x0
04-11 02:51:40.159  3450  3465 I native-activity: Frame 59 time is 1.739ms
04-11 02:51:40.179  3450  3465 I native-activity: Swap 59 time is 17.252ms
04-11 02:51:40.179  3450  3465 I native-activity: Animating
04-11 02:51:40.179  3450  3465 I native-activity: Frame 60 GL error is 0x0
04-11 02:51:40.179  3450  3465 I native-activity: Frame 60 time is 2.428ms
04-11 02:51:40.199  3450  3465 I native-activity: Swap 60 time is 17.793ms
04-11 02:51:40.199  3450  3465 I native-activity: Animating
04-11 02:51:40.199  3450  3465 I native-activity: Frame 61 GL error is 0x0
04-11 02:51:40.199  3450  3465 I native-activity: Frame 61 time is 2.386ms
04-11 02:51:40.219  3450  3465 I native-activity: Swap 61 time is 18.005ms
04-11 02:51:40.219  3450  3465 I native-activity: Animating
04-11 02:51:40.219  3450  3465 I native-activity: Frame 62 GL error is 0x0
04-11 02:51:40.219  3450  3465 I native-activity: Frame 62 time is 2.018ms
04-11 02:51:40.229  3450  3465 I native-activity: Swap 62 time is 17.406ms
04-11 02:51:40.239  3450  3465 I native-activity: Animating
04-11 02:51:40.239  3450  3465 I native-activity: Frame 63 GL error is 0x0
04-11 02:51:40.239  3450  3465 I native-activity: Frame 63 time is 2.231ms
04-11 02:51:40.249  3450  3465 I native-activity: Swap 63 time is 17.983ms
04-11 02:51:40.249  3450  3465 I native-activity: Animating
04-11 02:51:40.259  3450  3465 I native-activity: Frame 64 GL error is 0x0
04-11 02:51:40.259  3450  3465 I native-activity: Frame 64 time is 2.011ms
04-11 02:51:40.269  3450  3465 I native-activity: Swap 64 time is 17.428ms
04-11 02:51:40.269  3450  3465 I native-activity: Animating
04-11 02:51:40.269  3450  3465 I native-activity: Frame 65 GL error is 0x0
04-11 02:51:40.269  3450  3465 I native-activity: Frame 65 time is 1.701ms
04-11 02:51:40.289  3450  3465 I native-activity: Swap 65 time is 17.346ms
04-11 02:51:40.289  3450  3465 I native-activity: Animating
04-11 02:51:40.289  3450  3465 I native-activity: Frame 66 GL error is 0x0
04-11 02:51:40.289  3450  3465 I native-activity: Frame 66 time is 1.787ms
04-11 02:51:40.309  3450  3465 I native-activity: Swap 66 time is 17.391ms
04-11 02:51:40.309  3450  3465 I native-activity: Animating
04-11 02:51:40.309  3450  3465 I native-activity: Frame 67 GL error is 0x0
04-11 02:51:40.309  3450  3465 I native-activity: Frame 67 time is 1.866ms
04-11 02:51:40.329  3450  3465 I native-activity: Swap 67 time is 18.256ms
04-11 02:51:40.329  3450  3465 I native-activity: Animating
04-11 02:51:40.329  3450  3465 I native-activity: Frame 68 GL error is 0x0
04-11 02:51:40.329  3450  3465 I native-activity: Frame 68 time is 2.146ms
04-11 02:51:40.349  3450  3465 I native-activity: Swap 68 time is 18.312ms
04-11 02:51:40.349  3450  3465 I native-activity: Animating
04-11 02:51:40.349  3450  3465 I native-activity: Frame 69 GL error is 0x0
04-11 02:51:40.349  3450  3465 I native-activity: Frame 69 time is 1.875ms
04-11 02:51:40.359  3450  3465 I native-activity: Swap 69 time is 18.107ms
04-11 02:51:40.359  3450  3465 I native-activity: Animating
04-11 02:51:40.369  3450  3465 I native-activity: Frame 70 GL error is 0x0
04-11 02:51:40.369  3450  3465 I native-activity: Frame 70 time is 2.166ms
04-11 02:51:40.389  3450  3465 I native-activity: Swap 70 time is 19.133ms
04-11 02:51:40.389  3450  3465 I native-activity: Animating
04-11 02:51:40.389  3450  3465 I native-activity: Frame 71 GL error is 0x0
04-11 02:51:40.389  3450  3465 I native-activity: Frame 71 time is 2.083ms
04-11 02:51:40.399  3450  3465 I native-activity: Swap 71 time is 17.273ms
04-11 02:51:40.399  3450  3465 I native-activity: Animating
04-11 02:51:40.399  3450  3465 I native-activity: Frame 72 GL error is 0x0
04-11 02:51:40.399  3450  3465 I native-activity: Frame 72 time is 1.658ms
04-11 02:51:40.419  3450  3465 I native-activity: Swap 72 time is 16.783ms
04-11 02:51:40.419  3450  3465 I native-activity: Animating
04-11 02:51:40.419  3450  3465 I native-activity: Frame 73 GL error is 0x0
04-11 02:51:40.419  3450  3465 I native-activity: Frame 73 time is 1.434ms
04-11 02:51:40.439  3450  3465 I native-activity: Swap 73 time is 17.210ms
04-11 02:51:40.439  3450  3465 I native-activity: Animating
04-11 02:51:40.439  3450  3465 I native-activity: Frame 74 GL error is 0x0
04-11 02:51:40.439  3450  3465 I native-activity: Frame 74 time is 1.699ms
04-11 02:51:40.449  3450  3465 I native-activity: Swap 74 time is 16.906ms
04-11 02:51:40.449  3450  3465 I native-activity: Animating
04-11 02:51:40.459  3450  3465 I native-activity: Frame 75 GL error is 0x0
04-11 02:51:40.459  3450  3465 I native-activity: Frame 75 time is 2.186ms
04-11 02:51:40.469  3450  3465 I native-activity: Swap 75 time is 17.585ms
04-11 02:51:40.469  3450  3465 I native-activity: Animating
04-11 02:51:40.469  3450  3465 I native-activity: Frame 76 GL error is 0x0
04-11 02:51:40.469  3450  3465 I native-activity: Frame 76 time is 2.124ms
04-11 02:51:40.489  3450  3465 I native-activity: Swap 76 time is 18.882ms
04-11 02:51:40.489  3450  3465 I native-activity: Animating
04-11 02:51:40.489  3450  3465 I native-activity: Frame 77 GL error is 0x0
04-11 02:51:40.489  3450  3465 I native-activity: Frame 77 time is 2.738ms
04-11 02:51:40.509  3450  3465 I native-activity: Swap 77 time is 18.175ms
04-11 02:51:40.509  3450  3465 I native-activity: Animating
04-11 02:51:40.509  3450  3465 I native-activity: Frame 78 GL error is 0x0
04-11 02:51:40.509  3450  3465 I native-activity: Frame 78 time is 1.730ms
04-11 02:51:40.529  3450  3465 I native-activity: Swap 78 time is 17.074ms
04-11 02:51:40.529  3450  3465 I native-activity: Animating
04-11 02:51:40.529  3450  3465 I native-activity: Frame 79 GL error is 0x0
04-11 02:51:40.529  3450  3465 I native-activity: Frame 79 time is 1.869ms
04-11 02:51:40.549  3450  3465 I native-activity: Swap 79 time is 17.153ms
04-11 02:51:40.549  3450  3465 I native-activity: Animating
04-11 02:51:40.549  3450  3465 I native-activity: Frame 80 GL error is 0x0
04-11 02:51:40.549  3450  3465 I native-activity: Frame 80 time is 1.867ms
04-11 02:51:40.559  3450  3465 I native-activity: Swap 80 time is 17.885ms
04-11 02:51:40.559  3450  3465 I native-activity: Animating
04-11 02:51:40.569  3450  3465 I native-activity: Frame 81 GL error is 0x0
04-11 02:51:40.569  3450  3465 I native-activity: Frame 81 time is 2.257ms
04-11 02:51:40.579  3450  3465 I native-activity: Swap 81 time is 17.296ms
04-11 02:51:40.579  3450  3465 I native-activity: Animating
04-11 02:51:40.579  3450  3465 I native-activity: Frame 82 GL error is 0x0
04-11 02:51:40.579  3450  3465 I native-activity: Frame 82 time is 1.667ms
04-11 02:51:40.599  3450  3465 I native-activity: Swap 82 time is 16.623ms
04-11 02:51:40.599  3450  3465 I native-activity: Animating
04-11 02:51:40.599  3450  3465 I native-activity: Frame 83 GL error is 0x0
04-11 02:51:40.599  3450  3465 I native-activity: Frame 83 time is 2.070ms
04-11 02:51:40.619  3450  3465 I native-activity: Swap 83 time is 17.476ms
04-11 02:51:40.619  3450  3465 I native-activity: Animating
04-11 02:51:40.619  3450  3465 I native-activity: Frame 84 GL error is 0x0
04-11 02:51:40.619  3450  3465 I native-activity: Frame 84 time is 2.190ms
04-11 02:51:40.639  3450  3465 I native-activity: Swap 84 time is 18.419ms
04-11 02:51:40.639  3450  3465 I native-activity: Animating
04-11 02:51:40.639  3450  3465 I native-activity: Frame 85 GL error is 0x0
04-11 02:51:40.639  3450  3465 I native-activity: Frame 85 time is 2.216ms
04-11 02:51:40.649  3450  3465 I native-activity: Swap 85 time is 17.801ms
04-11 02:51:40.649  3450  3465 I native-activity: Animating
04-11 02:51:40.659  3450  3465 I native-activity: Frame 86 GL error is 0x0
04-11 02:51:40.659  3450  3465 I native-activity: Frame 86 time is 3.256ms
04-11 02:51:40.669  3450  3465 I native-activity: Swap 86 time is 18.637ms
04-11 02:51:40.669  3450  3465 I native-activity: Animating
04-11 02:51:40.679  3450  3465 I native-activity: Frame 87 GL error is 0x0
04-11 02:51:40.679  3450  3465 I native-activity: Frame 87 time is 2.974ms
04-11 02:51:40.699  3450  3465 I native-activity: Swap 87 time is 26.443ms
04-11 02:51:40.699  3450  3465 I native-activity: Animating
04-11 02:51:40.699  3450  3465 I native-activity: Frame 88 GL error is 0x0
04-11 02:51:40.699  3450  3465 I native-activity: Frame 88 time is 1.529ms
04-11 02:51:40.719  3450  3465 I native-activity: Swap 88 time is 17.150ms
04-11 02:51:40.719  3450  3465 I native-activity: Animating
04-11 02:51:40.719  3450  3465 I native-activity: Frame 89 GL error is 0x0
04-11 02:51:40.719  3450  3465 I native-activity: Frame 89 time is 1.883ms
04-11 02:51:40.739  3450  3465 I native-activity: Swap 89 time is 17.429ms
04-11 02:51:40.739  3450  3465 I native-activity: Animating
04-11 02:51:40.739  3450  3465 I native-activity: Frame 90 GL error is 0x0
04-11 02:51:40.739  3450  3465 I native-activity: Frame 90 time is 2.627ms
04-11 02:51:40.749  3450  3465 I native-activity: Swap 90 time is 18.449ms
04-11 02:51:40.759  3450  3465 I native-activity: Animating
04-11 02:51:40.759  3450  3465 I native-activity: Frame 91 GL error is 0x0
04-11 02:51:40.759  3450  3465 I native-activity: Frame 91 time is 2.010ms
04-11 02:51:40.769  3450  3465 I native-activity: Swap 91 time is 18.197ms
04-11 02:51:40.769  3450  3465 I native-activity: Animating
04-11 02:51:40.779  3450  3465 I native-activity: Frame 92 GL error is 0x0
04-11 02:51:40.779  3450  3465 I native-activity: Frame 92 time is 2.922ms
04-11 02:51:40.789  3450  3465 I native-activity: Swap 92 time is 18.318ms
04-11 02:51:40.789  3450  3465 I native-activity: Animating
04-11 02:51:40.789  3450  3465 I native-activity: Frame 93 GL error is 0x0
04-11 02:51:40.789  3450  3465 I native-activity: Frame 93 time is 1.830ms
04-11 02:51:40.799  1434  1672 D PackageManager: [MSG] WRITE_PACKAGE_RESTRICTIONS
04-11 02:51:40.809  3450  3465 I native-activity: Swap 93 time is 17.501ms
04-11 02:51:40.809  3450  3465 I native-activity: Animating
04-11 02:51:40.809  3450  3465 I native-activity: Frame 94 GL error is 0x0
04-11 02:51:40.809  3450  3465 I native-activity: Frame 94 time is 1.968ms
04-11 02:51:40.829  3450  3465 I native-activity: Swap 94 time is 17.878ms
04-11 02:51:40.829  3450  3465 I native-activity: Animating
04-11 02:51:40.829  3450  3465 I native-activity: Frame 95 GL error is 0x0
04-11 02:51:40.829  3450  3465 I native-activity: Frame 95 time is 2.572ms
04-11 02:51:40.839  1434  1672 W System.err: remove failed: ENOENT (No such file or directory) : /data/system/users/0/package-restrictions.xml.bak
04-11 02:51:40.849  3450  3465 I native-activity: Swap 95 time is 18.267ms
04-11 02:51:40.849  3450  3465 I native-activity: Animating
04-11 02:51:40.849  3450  3465 I native-activity: Frame 96 GL error is 0x0
04-11 02:51:40.849  3450  3465 I native-activity: Frame 96 time is 0.986ms
04-11 02:51:40.859  3450  3465 I native-activity: Swap 96 time is 15.405ms
04-11 02:51:40.859  3450  3465 I native-activity: Animating
04-11 02:51:40.869  3450  3465 I native-activity: Frame 97 GL error is 0x0
04-11 02:51:40.869  3450  3465 I native-activity: Frame 97 time is 1.448ms
04-11 02:51:40.879  3450  3465 I native-activity: Swap 97 time is 16.020ms
04-11 02:51:40.879  3450  3465 I native-activity: Animating
04-11 02:51:40.879  3450  3465 I native-activity: Frame 98 GL error is 0x0
04-11 02:51:40.879  3450  3465 I native-activity: Frame 98 time is 1.295ms
04-11 02:51:40.899  3450  3465 I native-activity: Swap 98 time is 16.197ms
04-11 02:51:40.899  3450  3465 I native-activity: Animating
04-11 02:51:40.899  3450  3465 I native-activity: Frame 99 GL error is 0x0
04-11 02:51:40.899  3450  3465 I native-activity: Frame 99 time is 1.650ms
04-11 02:51:40.909  3450  3465 I native-activity: Swap 99 time is 16.958ms
04-11 02:51:40.909  3450  3465 I native-activity: Animating
04-11 02:51:40.919  3450  3465 I native-activity: Frame 100 GL error is 0x0
04-11 02:51:40.919  3450  3465 I native-activity: Frame 100 time is 1.907ms
04-11 02:51:40.939  3450  3465 I native-activity: Swap 100 time is 17.555ms
04-11 02:51:40.939  3450  3465 I native-activity: Animating
04-11 02:51:40.939  3450  3465 I native-activity: Frame 101 GL error is 0x0
04-11 02:51:40.939  3450  3465 I native-activity: Frame 101 time is 1.890ms
04-11 02:51:40.949  3450  3465 I native-activity: Swap 101 time is 17.326ms
04-11 02:51:40.949  3450  3465 I native-activity: Animating
04-11 02:51:40.949  3450  3465 I native-activity: Frame 102 GL error is 0x0
04-11 02:51:40.949  3450  3465 I native-activity: Frame 102 time is 3.336ms
04-11 02:51:40.969  3450  3465 I native-activity: Swap 102 time is 19.561ms
04-11 02:51:40.969  3450  3465 I native-activity: Animating
04-11 02:51:40.969  3450  3465 I native-activity: Frame 103 GL error is 0x0
04-11 02:51:40.969  3450  3465 I native-activity: Frame 103 time is 1.950ms
04-11 02:51:40.989  3450  3465 I native-activity: Swap 103 time is 17.936ms
04-11 02:51:40.989  3450  3465 I native-activity: Animating
04-11 02:51:40.989  3450  3465 I native-activity: Frame 104 GL error is 0x0
04-11 02:51:40.989  3450  3465 I native-activity: Frame 104 time is 1.907ms
04-11 02:51:41.009  1434  6994 D SSRM:n  : SIOP:: AP = 380, PST = 322 (W:6), CP = 35, CUR = -849, LCD = 255
04-11 02:51:41.009  3450  3465 I native-activity: Swap 104 time is 18.077ms
04-11 02:51:41.009  3450  3465 I native-activity: Animating
04-11 02:51:41.009  3450  3465 I native-activity: Frame 105 GL error is 0x0
04-11 02:51:41.009  3450  3465 I native-activity: Frame 105 time is 1.725ms
04-11 02:51:41.019  3450  3465 I native-activity: Swap 105 time is 17.233ms
04-11 02:51:41.029  3450  3465 I native-activity: Animating
04-11 02:51:41.029  3450  3465 I native-activity: Frame 106 GL error is 0x0
04-11 02:51:41.029  3450  3465 I native-activity: Frame 106 time is 2.759ms
04-11 02:51:41.049  3450  3465 I native-activity: Swap 106 time is 19.372ms
04-11 02:51:41.049  3450  3465 I native-activity: Animating
04-11 02:51:41.049  3450  3465 I native-activity: Frame 107 GL error is 0x0
04-11 02:51:41.049  3450  3465 I native-activity: Frame 107 time is 0.980ms
04-11 02:51:41.049  1434  6994 D ConnectivityService: returning getNetworkInfo for network type 1 : [type: WIFI[] - WIFI, state: CONNECTED/CONNECTED, reason: (unspecified), extra: "wildfredland_ext", roaming: false, failover: false, isAvailable: true]
04-11 02:51:41.059  3450  3465 I native-activity: Swap 107 time is 15.927ms
04-11 02:51:41.059  3450  3465 I native-activity: Animating
04-11 02:51:41.059  3450  3465 I native-activity: Frame 108 GL error is 0x0
04-11 02:51:41.059  3450  3465 I native-activity: Frame 108 time is 0.996ms
04-11 02:51:41.079  3450  3465 I native-activity: Swap 108 time is 15.623ms
04-11 02:51:41.079  3450  3465 I native-activity: Animating
04-11 02:51:41.079  3450  3465 I native-activity: Frame 109 GL error is 0x0
04-11 02:51:41.079  3450  3465 I native-activity: Frame 109 time is 0.806ms
04-11 02:51:41.089  3450  3465 I native-activity: Swap 109 time is 15.612ms
04-11 02:51:41.089  3450  3465 I native-activity: Animating
04-11 02:51:41.099  3450  3465 I native-activity: Frame 110 GL error is 0x0
04-11 02:51:41.099  3450  3465 I native-activity: Frame 110 time is 1.561ms
04-11 02:51:41.109  3450  3465 I native-activity: Swap 110 time is 13.875ms
04-11 02:51:41.109  3450  3465 I native-activity: Animating
04-11 02:51:41.109  3450  3465 I native-activity: Frame 111 GL error is 0x0
04-11 02:51:41.109  3450  3465 I native-activity: Frame 111 time is 0.767ms
04-11 02:51:41.119  3450  3465 I native-activity: Swap 111 time is 12.773ms
04-11 02:51:41.119  3450  3465 I native-activity: Animating
04-11 02:51:41.119  3450  3465 I native-activity: Frame 112 GL error is 0x0
04-11 02:51:41.119  3450  3465 I native-activity: Frame 112 time is 0.615ms
04-11 02:51:41.129  3450  3465 I native-activity: Swap 112 time is 12.460ms
04-11 02:51:41.129  3450  3465 I native-activity: Animating
04-11 02:51:41.129  3450  3465 I native-activity: Frame 113 GL error is 0x0
04-11 02:51:41.129  3450  3465 I native-activity: Frame 113 time is 1.185ms
04-11 02:51:41.149  3450  3465 I native-activity: Swap 113 time is 13.118ms
04-11 02:51:41.149  3450  3465 I native-activity: Animating
04-11 02:51:41.149  3450  3465 I native-activity: Frame 114 GL error is 0x0
04-11 02:51:41.149  3450  3465 I native-activity: Frame 114 time is 1.227ms
04-11 02:51:41.159  3450  3465 I native-activity: Swap 114 time is 11.841ms
04-11 02:51:41.159  3450  3465 I native-activity: Animating
04-11 02:51:41.159  3450  3465 I native-activity: Frame 115 GL error is 0x0
04-11 02:51:41.159  3450  3465 I native-activity: Frame 115 time is 1.065ms
04-11 02:51:41.169  3450  3465 I native-activity: Swap 115 time is 11.649ms
04-11 02:51:41.169  3450  3465 I native-activity: Animating
04-11 02:51:41.169  3450  3465 I native-activity: Frame 116 GL error is 0x0
04-11 02:51:41.169  3450  3465 I native-activity: Frame 116 time is 0.446ms
04-11 02:51:41.179  3450  3465 I native-activity: Swap 116 time is 10.439ms
04-11 02:51:41.179  3450  3465 I native-activity: Animating
04-11 02:51:41.179  3450  3465 I native-activity: Frame 117 GL error is 0x0
04-11 02:51:41.179  3450  3465 I native-activity: Frame 117 time is 0.729ms
04-11 02:51:41.189  3450  3465 I native-activity: Swap 117 time is 10.796ms
04-11 02:51:41.189  3450  3465 I native-activity: Animating
04-11 02:51:41.189  3450  3465 I native-activity: Frame 118 GL error is 0x0
04-11 02:51:41.189  3450  3465 I native-activity: Frame 118 time is 0.373ms
04-11 02:51:41.199  3450  3465 I native-activity: Swap 118 time is 11.685ms
04-11 02:51:41.199  3450  3465 I native-activity: Animating
04-11 02:51:41.199  3450  3465 I native-activity: Frame 119 GL error is 0x0
04-11 02:51:41.199  3450  3465 I native-activity: Frame 119 time is 0.483ms
04-11 02:51:41.219  3450  3465 I native-activity: Swap 119 time is 12.357ms
04-11 02:51:41.219  3450  3465 I native-activity: Animating
04-11 02:51:41.219  3450  3465 I native-activity: Frame 120 GL error is 0x0
04-11 02:51:41.219  3450  3465 I native-activity: Frame 120 time is 0.577ms
04-11 02:51:41.229  3450  3465 I native-activity: Swap 120 time is 12.509ms
04-11 02:51:41.229  3450  3465 I native-activity: Animating
04-11 02:51:41.229  3450  3465 I native-activity: Frame 121 GL error is 0x0
04-11 02:51:41.229  3450  3465 I native-activity: Frame 121 time is 1.370ms
04-11 02:51:41.239  3450  3465 I native-activity: Swap 121 time is 13.901ms
04-11 02:51:41.239  3450  3465 I native-activity: Animating
04-11 02:51:41.249  3450  3465 I native-activity: Frame 122 GL error is 0x0
04-11 02:51:41.249  3450  3465 I native-activity: Frame 122 time is 1.677ms
04-11 02:51:41.259  3450  3465 I native-activity: Swap 122 time is 15.052ms
04-11 02:51:41.259  3450  3465 I native-activity: Animating
04-11 02:51:41.259  3450  3465 I native-activity: Frame 123 GL error is 0x0
04-11 02:51:41.259  3450  3465 I native-activity: Frame 123 time is 1.389ms
04-11 02:51:41.269  3450  3465 I native-activity: Swap 123 time is 14.106ms
04-11 02:51:41.269  3450  3465 I native-activity: Animating
04-11 02:51:41.279  3450  3465 I native-activity: Frame 124 GL error is 0x0
04-11 02:51:41.279  3450  3465 I native-activity: Frame 124 time is 2.045ms
04-11 02:51:41.289  3450  3465 I native-activity: Swap 124 time is 14.670ms
04-11 02:51:41.289  3450  3465 I native-activity: Animating
04-11 02:51:41.289  3450  3465 I native-activity: Frame 125 GL error is 0x0
04-11 02:51:41.289  3450  3465 I native-activity: Frame 125 time is 1.444ms
04-11 02:51:41.299  3450  3465 I native-activity: Swap 125 time is 13.706ms
04-11 02:51:41.299  3450  3465 I native-activity: Animating
04-11 02:51:41.299  3450  3465 I native-activity: Frame 126 GL error is 0x0
04-11 02:51:41.299  3450  3465 I native-activity: Frame 126 time is 0.771ms
04-11 02:51:41.319  3450  3465 I native-activity: Swap 126 time is 13.449ms
04-11 02:51:41.319  3450  3465 I native-activity: Animating
04-11 02:51:41.319  3450  3465 I native-activity: Frame 127 GL error is 0x0
04-11 02:51:41.319  3450  3465 I native-activity: Frame 127 time is 0.646ms
04-11 02:51:41.329  3450  3465 I native-activity: Swap 127 time is 13.611ms
04-11 02:51:41.329  3450  3465 I native-activity: Animating
04-11 02:51:41.329  3450  3465 I native-activity: Frame 128 GL error is 0x0
04-11 02:51:41.329  3450  3465 I native-activity: Frame 128 time is 1.387ms
04-11 02:51:41.349  3450  3465 I native-activity: Swap 128 time is 14.720ms
04-11 02:51:41.349  3450  3465 I native-activity: Animating
04-11 02:51:41.349  3450  3465 I native-activity: Frame 129 GL error is 0x0
04-11 02:51:41.349  3450  3465 I native-activity: Frame 129 time is 1.743ms
04-11 02:51:41.359  3450  3465 I native-activity: Swap 129 time is 14.809ms
04-11 02:51:41.359  3450  3465 I native-activity: Animating
04-11 02:51:41.359  3450  3465 I native-activity: Frame 130 GL error is 0x0
04-11 02:51:41.359  3450  3465 I native-activity: Frame 130 time is 0.906ms
04-11 02:51:41.369  3450  3465 I native-activity: Swap 130 time is 13.380ms
04-11 02:51:41.369  3450  3465 I native-activity: Animating
04-11 02:51:41.379  3450  3465 I native-activity: Frame 131 GL error is 0x0
04-11 02:51:41.379  3450  3465 I native-activity: Frame 131 time is 0.688ms
04-11 02:51:41.389  3450  3465 I native-activity: Swap 131 time is 13.095ms
04-11 02:51:41.389  3450  3465 I native-activity: Animating
04-11 02:51:41.389  3450  3465 I native-activity: Frame 132 GL error is 0x0
04-11 02:51:41.389  3450  3465 I native-activity: Frame 132 time is 0.532ms
04-11 02:51:41.399  3450  3465 I native-activity: Swap 132 time is 12.954ms
04-11 02:51:41.399  3450  3465 I native-activity: Animating
04-11 02:51:41.399  3450  3465 I native-activity: Frame 133 GL error is 0x0
04-11 02:51:41.399  3450  3465 I native-activity: Frame 133 time is 0.629ms
04-11 02:51:41.419  3450  3465 I native-activity: Swap 133 time is 14.401ms
04-11 02:51:41.419  3450  3465 I native-activity: Animating
04-11 02:51:41.419  3450  3465 I native-activity: Frame 134 GL error is 0x0
04-11 02:51:41.419  3450  3465 I native-activity: Frame 134 time is 1.509ms
04-11 02:51:41.429  3450  3465 I native-activity: Swap 134 time is 16.093ms
04-11 02:51:41.429  3450  3465 I native-activity: Animating
04-11 02:51:41.429  3450  3465 I native-activity: Frame 135 GL error is 0x0
04-11 02:51:41.429  3450  3465 I native-activity: Frame 135 time is 0.772ms
04-11 02:51:41.449  3450  3465 I native-activity: Swap 135 time is 15.075ms
04-11 02:51:41.449  3450  3465 I native-activity: Animating
04-11 02:51:41.449  3450  3465 I native-activity: Frame 136 GL error is 0x0
04-11 02:51:41.449  3450  3465 I native-activity: Frame 136 time is 1.218ms
04-11 02:51:41.459  3450  3465 I native-activity: Swap 136 time is 16.286ms
04-11 02:51:41.459  3450  3465 I native-activity: Animating
04-11 02:51:41.469  3450  3465 I native-activity: Frame 137 GL error is 0x0
04-11 02:51:41.469  3450  3465 I native-activity: Frame 137 time is 1.630ms
04-11 02:51:41.479  3450  3465 I native-activity: Swap 137 time is 16.815ms
04-11 02:51:41.479  3450  3465 I native-activity: Animating
04-11 02:51:41.479  3450  3465 I native-activity: Frame 138 GL error is 0x0
04-11 02:51:41.479  3450  3465 I native-activity: Frame 138 time is 1.579ms
04-11 02:51:41.499  3450  3465 I native-activity: Swap 138 time is 17.009ms
04-11 02:51:41.499  3450  3465 I native-activity: Animating
04-11 02:51:41.499  3450  3465 I native-activity: Frame 139 GL error is 0x0
04-11 02:51:41.499  3450  3465 I native-activity: Frame 139 time is 1.818ms
04-11 02:51:41.519  3450  3465 I native-activity: Swap 139 time is 18.122ms
04-11 02:51:41.519  3450  3465 I native-activity: Animating
04-11 02:51:41.519  3450  3465 I native-activity: Frame 140 GL error is 0x0
04-11 02:51:41.519  3450  3465 I native-activity: Frame 140 time is 1.935ms
04-11 02:51:41.529  3450  3465 I native-activity: Swap 140 time is 16.184ms
04-11 02:51:41.529  3450  3465 I native-activity: Animating
04-11 02:51:41.539  3450  3465 I native-activity: Frame 141 GL error is 0x0
04-11 02:51:41.539  3450  3465 I native-activity: Frame 141 time is 2.163ms
04-11 02:51:41.549  3450  3465 I native-activity: Swap 141 time is 16.083ms
04-11 02:51:41.549  3450  3465 I native-activity: Animating
04-11 02:51:41.549  3450  3465 I native-activity: Frame 142 GL error is 0x0
04-11 02:51:41.549  3450  3465 I native-activity: Frame 142 time is 1.715ms
04-11 02:51:41.569  3450  3465 I native-activity: Swap 142 time is 15.461ms
04-11 02:51:41.569  3450  3465 I native-activity: Animating
04-11 02:51:41.569  1434  2251 W System.err: remove failed: ENOENT (No such file or directory) : /data/system/recent_tasks/1416_task.xml.bak
04-11 02:51:41.569  3450  3465 I native-activity: Frame 143 GL error is 0x0
04-11 02:51:41.569  3450  3465 I native-activity: Frame 143 time is 1.899ms
04-11 02:51:41.579  3450  3465 I native-activity: Swap 143 time is 16.007ms
04-11 02:51:41.579  3450  3465 I native-activity: Animating
04-11 02:51:41.589  3450  3465 I native-activity: Frame 144 GL error is 0x0
04-11 02:51:41.589  3450  3465 I native-activity: Frame 144 time is 2.252ms
04-11 02:51:41.599  3450  3465 I native-activity: Swap 144 time is 15.662ms
04-11 02:51:41.599  3450  3465 I native-activity: Animating
04-11 02:51:41.599  3450  3465 I native-activity: Frame 145 GL error is 0x0
04-11 02:51:41.599  3450  3465 I native-activity: Frame 145 time is 1.812ms
04-11 02:51:41.619  3450  3465 I native-activity: Swap 145 time is 16.551ms
04-11 02:51:41.619  3450  3465 I native-activity: Animating
