04-11 02:50:49.129  3315  3333 I native-activity: Animating
04-11 02:50:49.129  3315  3333 I native-activity: Frame 2 GL error is 0x0
04-11 02:50:49.129  3315  3333 I native-activity: Frame 2 time is 0.390ms
04-11 02:50:49.129  3315  3333 I native-activity: Doing egl_swapbuffers_sync 1
04-11 02:50:49.129  3315  3333 D native-activity: Reading pixels format 0x1908 type 0x1401 bpp 4
04-11 02:50:49.129  3315  3333 I native-activity: Read pixels, GL error is 0x0
04-11 02:50:49.129  3315  3333 I native-activity: Swap 2 time is 8.553ms
04-11 02:50:49.129  3315  3333 I native-activity: Animating
04-11 02:50:49.129  3315  3333 I native-activity: Context 0xee52d680 made current on surface 0xee5256c0, error 0x3000
04-11 02:50:49.129  3315  3333 I native-activity: GL information
04-11 02:50:49.129  3315  3333 I native-activity: 	Renderer: Adreno (TM) 530
04-11 02:50:49.129  3315  3333 I native-activity: 	Vendor: Qualcomm
04-11 02:50:49.129  3315  3333 I native-activity: 	Version: OpenGL ES 3.2 V@145.0 (GIT@I5bc0f577f9)
04-11 02:50:49.129  3315  3333 I native-activity: 	Shading Language: OpenGL ES GLSL ES 3.20
04-11 02:50:49.129  3315  3333 I native-activity: 	Extensions: GL_OES_EGL_image GL_OES_EGL_image_external GL_OES_EGL_sync GL_OES_vertex_half_float GL_OES_framebuffer_object GL_OES_rgb8_rgba8 GL_OES_compressed_ETC1_RGB8_texture GL_AMD_compressed_ATC_texture GL_KHR_texture_compression_astc_ldr GL_KHR_texture_compression_astc_hdr GL_OES_texture_compression_astc GL_OES_texture_npot GL_EXT_texture_filter_anisotropic GL_EXT_texture_format_BGRA8888 GL_OES_texture_3D GL_EXT_color_buffer_float GL_EXT_color_buffer_half_float GL_QCOM_alpha_test GL_OES_depth24 GL_OES_packed_depth_stencil GL_OES_depth_texture GL_OES_depth_texture_cube_map GL_EXT_sRGB GL_OES_texture_float GL_OES_texture_float_linear GL_OES_texture_half_float GL_OES_texture_half_float_linear GL_EXT_texture_type_2_10_10_10_REV GL_EXT_texture_sRGB_decode GL_OES_element_index_uint GL_EXT_copy_image GL_EXT_geometry_shader GL_EXT_tessellation_shader GL_OES_texture_stencil8 GL_EXT_shader_io_blocks GL_OES_shader_image_atomic GL_OES_sample_variables GL_EXT_texture_border_clamp GL_EXT_multisampled_render_to_textur
04-11 02:50:49.129  3315  3333 I native-activity: Frame 3 GL error is 0x0
04-11 02:50:49.129  3315  3333 I native-activity: Frame 3 time is 0.109ms
04-11 02:50:49.129  3315  3333 I native-activity: Doing egl_swapbuffers_sync 1
04-11 02:50:49.129  3315  3333 D native-activity: Reading pixels format 0x1908 type 0x1401 bpp 4
04-11 02:50:49.129  3315  3333 I native-activity: Read pixels, GL error is 0x0
04-11 02:50:49.139  3315  3333 I native-activity: Swap 3 time is 0.849ms
04-11 02:50:49.139  3315  3333 I native-activity: Animating
04-11 02:50:49.149  1434  2219 D MdnieScenarioControlService:  packageName : com.example.sonicdash_stage1    className : android.app.NativeActivity
04-11 02:50:49.159  1434  2207 D EPDG -- [SMARTWIFI]: onSignalStrengthsChanged: Received signal strength change, phone type is: 1
04-11 02:50:49.159  1434  4692 D EPDG -- [SMARTWIFI]: lastLteRSRP is -113currentLteRSRP is -112
04-11 02:50:49.159  1434  4692 D EPDG -- [SMARTWIFI]: lastCdmaDb is -16currentCdmaDb is -16
04-11 02:50:49.159  1434  4692 V EPDG -- [SMARTWIFI]: Radio oldest entry removed
04-11 02:50:49.169  1434  4692 V EPDG -- [SMARTWIFI]: New entry : (SignalStrength: 99 99 -120 -160 -120 -1 -1 18 -112 -12 78 -1 2147483647 0x2000 gsm|lte : 0 )
04-11 02:50:49.169  1434  4692 V EPDG -- [SMARTWIFI]: Radio entry added
04-11 02:50:49.169 30475 30525 D NetworkController.MobileSignalController(0/1): onSignalStrengthsChanged signalStrength=SignalStrength: 99 99 -120 -160 -120 -1 -1 18 -112 -12 78 -1 2147483647 0x2000 gsm|lte level=2
04-11 02:50:49.169 30475 30525 D NetworkController.MobileSignalController(0/1): getMobileIconGroup(): 13
04-11 02:50:49.169 30475 30525 D NetworkController.MobileSignalController(0/1): updateATTMobileIconGroup(): 13
04-11 02:50:49.169  3315  3333 I native-activity: Frame 4 GL error is 0x501
04-11 02:50:49.169  3315  3333 I native-activity: Frame 4 time is 34.019ms
04-11 02:50:49.169  3315  3333 I native-activity: Doing egl_swapbuffers_sync 1
04-11 02:50:49.169  3315  3333 D native-activity: Reading pixels format 0x1908 type 0x1401 bpp 4
04-11 02:50:49.179  3315  3333 I native-activity: Read pixels, GL error is 0x0
04-11 02:50:49.179  3315  3333 I native-activity: Swap 4 time is 41.900ms
04-11 02:50:49.179  3315  3333 I native-activity: Animating
04-11 02:50:49.179  3315  3333 I native-activity: Frame 5 GL error is 0x0
04-11 02:50:49.179  3315  3333 I native-activity: Frame 5 time is 0.348ms
04-11 02:50:49.179  3315  3333 I native-activity: Doing egl_swapbuffers_sync 1
04-11 02:50:49.179  3315  3333 D native-activity: Reading pixels format 0x1908 type 0x1401 bpp 4
04-11 02:50:49.189  3315  3333 I native-activity: Read pixels, GL error is 0x0
04-11 02:50:49.189  3315  3333 I native-activity: Swap 5 time is 8.305ms
04-11 02:50:49.189  3315  3333 I native-activity: Animating
04-11 02:50:49.189  3315  3333 I native-activity: Frame 6 GL error is 0x0
04-11 02:50:49.189  3315  3333 I native-activity: Frame 6 time is 0.893ms
04-11 02:50:49.189  3315  3333 I native-activity: Doing egl_swapbuffers_sync 1
04-11 02:50:49.189  3315  3333 D native-activity: Reading pixels format 0x1908 type 0x1401 bpp 4
04-11 02:50:49.189  3315  3333 I native-activity: Read pixels, GL error is 0x0
04-11 02:50:49.189  3315  3333 I native-activity: Swap 6 time is 9.249ms
04-11 02:50:49.189  3315  3333 I native-activity: Animating
04-11 02:50:49.199  3315  3333 I native-activity: Frame 7 GL error is 0x0
04-11 02:50:49.199  3315  3333 I native-activity: Frame 7 time is 0.374ms
04-11 02:50:49.199  3315  3333 I native-activity: Doing egl_swapbuffers_sync 1
04-11 02:50:49.199  3315  3333 D native-activity: Reading pixels format 0x1908 type 0x1401 bpp 4
04-11 02:50:49.199  3315  3333 I native-activity: Read pixels, GL error is 0x0
04-11 02:50:49.199  3315  3333 I native-activity: Swap 7 time is 8.192ms
04-11 02:50:49.199  3315  3333 I native-activity: Animating
04-11 02:50:49.199  3315  3333 I native-activity: Frame 8 GL error is 0x0
04-11 02:50:49.199  3315  3333 I native-activity: Frame 8 time is 0.427ms
04-11 02:50:49.199  3315  3333 I native-activity: Doing egl_swapbuffers_sync 1
04-11 02:50:49.199  3315  3333 D native-activity: Reading pixels format 0x1908 type 0x1401 bpp 4
04-11 02:50:49.209  3315  3333 I native-activity: Read pixels, GL error is 0x0
04-11 02:50:49.209  3315  3333 I native-activity: Swap 8 time is 8.539ms
04-11 02:50:49.209  3315  3333 I native-activity: Animating
04-11 02:50:49.209  3315  3333 I native-activity: Frame 9 GL error is 0x0
04-11 02:50:49.209  3315  3333 I native-activity: Frame 9 time is 0.394ms
04-11 02:50:49.209  3315  3333 I native-activity: Doing egl_swapbuffers_sync 1
04-11 02:50:49.209  3315  3333 D native-activity: Reading pixels format 0x1908 type 0x1401 bpp 4
04-11 02:50:49.209  1434  1612 I Timeline: Timeline: Activity_windows_visible id: ActivityRecord{a52282c u0 com.example.sonicdash_stage1/android.app.NativeActivity t1414} time:135994828
04-11 02:50:49.209  1434  1612 D CustomFrequencyManagerService: releaseDVFSLockLocked : Getting Lock type frm List : DVFS_MIN_LIMIT  frequency : 1555200  uid : 1000  pid : 1434  tag : ACTIVITY_RESUME_BOOSTER@14
04-11 02:50:49.209  1434  1612 D ActivityManager: mDVFSHelper.release()
04-11 02:50:49.219   648  3737 I SurfaceFlinger: id=3065 Removed tonicdash_s (6/11)
04-11 02:50:49.219   648   670 I SurfaceFlinger: id=3065 Removed tonicdash_s (-2/11)
04-11 02:50:49.219  3315  3333 I native-activity: Read pixels, GL error is 0x0
04-11 02:50:49.219  3315  3333 I native-activity: Swap 9 time is 10.820ms
04-11 02:50:49.219  3315  3333 I native-activity: Animating
04-11 02:50:49.219  3315  3333 I native-activity: Frame 10 GL error is 0x0
04-11 02:50:49.219  3315  3333 I native-activity: Frame 10 time is 0.789ms
04-11 02:50:49.219  3315  3333 I native-activity: Doing egl_swapbuffers_sync 1
04-11 02:50:49.219  3315  3333 D native-activity: Reading pixels format 0x1908 type 0x1401 bpp 4
04-11 02:50:49.219   648   648 D libEGL  : eglTerminate EGLDisplay = 0x7ff9c80278
04-11 02:50:49.229  2590  2590 D Launcher.HomeView: onStop
04-11 02:50:49.229  2590  2590 D capture : ----destroy
04-11 02:50:49.229  3315  3333 I native-activity: Read pixels, GL error is 0x0
04-11 02:50:49.229  3315  3333 I native-activity: Swap 10 time is 11.198ms
04-11 02:50:49.229  3315  3333 I native-activity: Animating
04-11 02:50:49.239  3315  3333 I native-activity: Frame 11 GL error is 0x0
04-11 02:50:49.239  3315  3333 I native-activity: Frame 11 time is 1.015ms
04-11 02:50:49.239  3315  3333 I native-activity: Doing egl_swapbuffers_sync 1
04-11 02:50:49.239  3315  3333 D native-activity: Reading pixels format 0x1908 type 0x1401 bpp 4
04-11 02:50:49.239  1434  1612 D KnoxTimeoutHandler: notifyActivityDrawn [MsgParam] userId: 0 fullscreen is true showWhenlocked is false
04-11 02:50:49.239  1434  1434 D KnoxTimeoutHandler: activityDrawn [MsgParam] userId: 0 fullscreen is true showWhenlocked is false
04-11 02:50:49.239  1434  1434 I KnoxTimeoutHandler: SD activityfalse
04-11 02:50:49.239  3315  3333 I native-activity: Read pixels, GL error is 0x0
04-11 02:50:49.239  3315  3333 I native-activity: Swap 11 time is 10.777ms
04-11 02:50:49.239  3315  3333 I native-activity: Animating
04-11 02:50:49.239  1434  1531 D CustomFrequencyManagerService: acquireDVFSLockLocked : type : DVFS_MIN_LIMIT  frequency : 1555200  uid : 1000  pid : 1434  pkgName : ACTIVITY_RESUME_BOOSTER@20
04-11 02:50:49.239  1434  2164 D NetworkPolicy: isUidForegroundLocked: 10078, mScreenOn: true, uidstate: 3, mProxSensorScreenOff: false
04-11 02:50:49.249  3315  3333 I native-activity: Frame 12 GL error is 0x0
04-11 02:50:49.249  3315  3333 I native-activity: Frame 12 time is 0.590ms
04-11 02:50:49.249  3315  3333 I native-activity: Doing egl_swapbuffers_sync 1
04-11 02:50:49.249  3315  3333 D native-activity: Reading pixels format 0x1908 type 0x1401 bpp 4
04-11 02:50:49.249  2590  2590 D Launcher: onTrimMemory. Level: 20
04-11 02:50:49.249  3315  3333 I native-activity: Read pixels, GL error is 0x0
04-11 02:50:49.249  3315  3333 I native-activity: Swap 12 time is 8.592ms
04-11 02:50:49.249  3315  3333 I native-activity: Animating
04-11 02:50:49.249  3315  3333 I native-activity: Frame 13 GL error is 0x0
04-11 02:50:49.249  3315  3333 I native-activity: Frame 13 time is 0.350ms
04-11 02:50:49.249  3315  3333 I native-activity: Doing egl_swapbuffers_sync 1
04-11 02:50:49.249  3315  3333 D native-activity: Reading pixels format 0x1908 type 0x1401 bpp 4
04-11 02:50:49.249  1434  2219 I MdnieScenarioControlService: mGameModeLauncher : false
04-11 02:50:49.249  2590  2590 V ActivityThread: updateVisibility : ActivityRecord{46ba7e token=android.os.BinderProxy@15e180a {com.sec.android.app.launcher/com.sec.android.app.launcher.activities.LauncherActivity}} show : false
04-11 02:50:49.249  1434  2219 I MdnieScenarioControlService: setUIMode
04-11 02:50:49.259  3315  3333 I native-activity: Read pixels, GL error is 0x0
04-11 02:50:49.259  3315  3333 I native-activity: Swap 13 time is 8.163ms
04-11 02:50:49.259  3315  3333 I native-activity: Animating
04-11 02:50:49.259  3315  3333 I native-activity: Frame 14 GL error is 0x0
04-11 02:50:49.259  3315  3333 I native-activity: Frame 14 time is 0.445ms
04-11 02:50:49.259  3315  3333 I native-activity: Doing egl_swapbuffers_sync 1
04-11 02:50:49.259  3315  3333 D native-activity: Reading pixels format 0x1908 type 0x1401 bpp 4
04-11 02:50:49.269  3315  3333 I native-activity: Read pixels, GL error is 0x0
04-11 02:50:49.269  3315  3333 I native-activity: Swap 14 time is 8.366ms
04-11 02:50:49.269  3315  3333 I native-activity: Animating
04-11 02:50:49.269  3315  3333 I native-activity: Frame 15 GL error is 0x0
04-11 02:50:49.269  3315  3333 I native-activity: Frame 15 time is 0.637ms
04-11 02:50:49.269  3315  3333 I native-activity: Doing egl_swapbuffers_sync 1
04-11 02:50:49.269  3315  3333 D native-activity: Reading pixels format 0x1908 type 0x1401 bpp 4
04-11 02:50:49.279  3315  3333 I native-activity: Read pixels, GL error is 0x0
04-11 02:50:49.279  3315  3333 I native-activity: Swap 15 time is 8.557ms
04-11 02:50:49.279  3315  3333 I native-activity: Animating
04-11 02:50:49.279  3315  3333 I native-activity: Frame 16 GL error is 0x0
04-11 02:50:49.279  3315  3333 I native-activity: Frame 16 time is 0.586ms
04-11 02:50:49.279  3315  3333 I native-activity: Doing egl_swapbuffers_sync 1
04-11 02:50:49.279  3315  3333 D native-activity: Reading pixels format 0x1908 type 0x1401 bpp 4
04-11 02:50:49.289  3315  3333 I native-activity: Read pixels, GL error is 0x0
04-11 02:50:49.289  3315  3333 I native-activity: Swap 16 time is 8.419ms
04-11 02:50:49.289  3315  3333 I native-activity: Animating
04-11 02:50:49.289  3315  3333 I native-activity: Frame 17 GL error is 0x0
04-11 02:50:49.289  3315  3333 I native-activity: Frame 17 time is 0.433ms
04-11 02:50:49.289  3315  3333 I native-activity: Doing egl_swapbuffers_sync 1
04-11 02:50:49.289  3315  3333 D native-activity: Reading pixels format 0x1908 type 0x1401 bpp 4
04-11 02:50:49.289   648   680 I SurfaceFlinger: id=3064 Removed MauncherAct (3/10)
04-11 02:50:49.289   648  3737 I SurfaceFlinger: id=3064 Removed MauncherAct (-2/10)
04-11 02:50:49.289 30475 30475 D ImageWallpaper: onVisibilityChanged:false
04-11 02:50:49.289 30475 30475 D ImageWallpaper: drawFrame
04-11 02:50:49.289 30475 30475 D ImageWallpaper: drawFrame:false rotation:0 mLastRotation:0
04-11 02:50:49.289 30475 30475 D ImageWallpaper: drawFrame:[frame.width()]2240[frame.height()]2560
04-11 02:50:49.289 30475 30475 D ImageWallpaper: Suppressed drawFrame since redraw is not needed and offsets have not changed.
04-11 02:50:49.299  3315  3333 I native-activity: Read pixels, GL error is 0x0
04-11 02:50:49.299  3315  3333 I native-activity: Swap 17 time is 8.495ms
04-11 02:50:49.299  3315  3333 I native-activity: Animating
04-11 02:50:49.299  3315  3333 I native-activity: Frame 18 GL error is 0x0
04-11 02:50:49.299  3315  3333 I native-activity: Frame 18 time is 0.508ms
04-11 02:50:49.299  3315  3333 I native-activity: Doing egl_swapbuffers_sync 1
04-11 02:50:49.299  3315  3333 D native-activity: Reading pixels format 0x1908 type 0x1401 bpp 4
04-11 02:50:49.309  3315  3333 I native-activity: Read pixels, GL error is 0x0
04-11 02:50:49.309  3315  3333 I native-activity: Swap 18 time is 10.963ms
04-11 02:50:49.309  3315  3333 I native-activity: Animating
04-11 02:50:49.309  3315  3333 I native-activity: Frame 19 GL error is 0x0
04-11 02:50:49.309  3315  3333 I native-activity: Frame 19 time is 0.866ms
04-11 02:50:49.309  3315  3333 I native-activity: Doing egl_swapbuffers_sync 1
04-11 02:50:49.309  3315  3333 D native-activity: Reading pixels format 0x1908 type 0x1401 bpp 4
04-11 02:50:49.309   648   648 D libEGL  : eglTerminate EGLDisplay = 0x7ff9c80248
04-11 02:50:49.319  3315  3333 I native-activity: Read pixels, GL error is 0x0
04-11 02:50:49.319  3315  3333 I native-activity: Swap 19 time is 8.894ms
04-11 02:50:49.319  3315  3333 I native-activity: Animating
04-11 02:50:49.319  3315  3333 I native-activity: Frame 20 GL error is 0x0
04-11 02:50:49.319  3315  3333 I native-activity: Frame 20 time is 0.434ms
04-11 02:50:49.319  3315  3333 I native-activity: Doing egl_swapbuffers_sync 1
04-11 02:50:49.319  3315  3333 D native-activity: Reading pixels format 0x1908 type 0x1401 bpp 4
04-11 02:50:49.319  3315  3333 I native-activity: Read pixels, GL error is 0x0
04-11 02:50:49.319  3315  3333 I native-activity: Swap 20 time is 8.224ms
04-11 02:50:49.319  3315  3333 I native-activity: Animating
04-11 02:50:49.319  3315  3333 I native-activity: Frame 21 GL error is 0x0
04-11 02:50:49.319  3315  3333 I native-activity: Frame 21 time is 0.415ms
04-11 02:50:49.329  3315  3333 I native-activity: Doing egl_swapbuffers_sync 1
04-11 02:50:49.329  3315  3333 D native-activity: Reading pixels format 0x1908 type 0x1401 bpp 4
04-11 02:50:49.329  3315  3333 I native-activity: Read pixels, GL error is 0x0
04-11 02:50:49.329  3315  3333 I native-activity: Swap 21 time is 8.288ms
04-11 02:50:49.329  3315  3333 I native-activity: Animating
04-11 02:50:49.329  3315  3333 I native-activity: Frame 22 GL error is 0x0
04-11 02:50:49.329  3315  3333 I native-activity: Frame 22 time is 0.396ms
04-11 02:50:49.329  3315  3333 I native-activity: Doing egl_swapbuffers_sync 1
04-11 02:50:49.329  3315  3333 D native-activity: Reading pixels format 0x1908 type 0x1401 bpp 4
04-11 02:50:49.339  3315  3333 I native-activity: Read pixels, GL error is 0x0
04-11 02:50:49.339  3315  3333 I native-activity: Swap 22 time is 8.271ms
04-11 02:50:49.339  3315  3333 I native-activity: Animating
04-11 02:50:49.339  3315  3333 I native-activity: Frame 23 GL error is 0x0
04-11 02:50:49.339  3315  3333 I native-activity: Frame 23 time is 0.412ms
04-11 02:50:49.339  3315  3333 I native-activity: Doing egl_swapbuffers_sync 1
04-11 02:50:49.339  3315  3333 D native-activity: Reading pixels format 0x1908 type 0x1401 bpp 4
04-11 02:50:49.349  3315  3333 I native-activity: Read pixels, GL error is 0x0
04-11 02:50:49.349  3315  3333 I native-activity: Swap 23 time is 8.376ms
04-11 02:50:49.349  3315  3333 I native-activity: Animating
04-11 02:50:49.349  3315  3333 I native-activity: Frame 24 GL error is 0x0
04-11 02:50:49.349  3315  3333 I native-activity: Frame 24 time is 0.492ms
04-11 02:50:49.349  3315  3333 I native-activity: Doing egl_swapbuffers_sync 1
04-11 02:50:49.349  3315  3333 D native-activity: Reading pixels format 0x1908 type 0x1401 bpp 4
04-11 02:50:49.359  3315  3333 I native-activity: Read pixels, GL error is 0x0
04-11 02:50:49.359  3315  3333 I native-activity: Swap 24 time is 8.391ms
04-11 02:50:49.359  3315  3333 I native-activity: Animating
04-11 02:50:49.359  3315  3333 I native-activity: Frame 25 GL error is 0x0
04-11 02:50:49.359  3315  3333 I native-activity: Frame 25 time is 0.397ms
04-11 02:50:49.359  3315  3333 I native-activity: Doing egl_swapbuffers_sync 1
04-11 02:50:49.359  3315  3333 D native-activity: Reading pixels format 0x1908 type 0x1401 bpp 4
04-11 02:50:49.369  3315  3333 I native-activity: Read pixels, GL error is 0x0
04-11 02:50:49.369  3315  3333 I native-activity: Swap 25 time is 8.250ms
04-11 02:50:49.369  3315  3333 I native-activity: Animating
04-11 02:50:49.369  3315  3333 I native-activity: Frame 26 GL error is 0x0
04-11 02:50:49.369  3315  3333 I native-activity: Frame 26 time is 0.403ms
04-11 02:50:49.369  3315  3333 I native-activity: Doing egl_swapbuffers_sync 1
04-11 02:50:49.369  3315  3333 D native-activity: Reading pixels format 0x1908 type 0x1401 bpp 4
04-11 02:50:49.369  3315  3333 I native-activity: Read pixels, GL error is 0x0
04-11 02:50:49.369  3315  3333 I native-activity: Swap 26 time is 8.270ms
04-11 02:50:49.369  3315  3333 I native-activity: Animating
04-11 02:50:49.379  3315  3333 I native-activity: Frame 27 GL error is 0x0
04-11 02:50:49.379  3315  3333 I native-activity: Frame 27 time is 0.453ms
04-11 02:50:49.379  3315  3333 I native-activity: Doing egl_swapbuffers_sync 1
04-11 02:50:49.379  3315  3333 D native-activity: Reading pixels format 0x1908 type 0x1401 bpp 4
04-11 02:50:49.379  3315  3333 I native-activity: Read pixels, GL error is 0x0
04-11 02:50:49.379  3315  3333 I native-activity: Swap 27 time is 8.339ms
04-11 02:50:49.379  3315  3333 I native-activity: Animating
04-11 02:50:49.379  3315  3333 I native-activity: Frame 28 GL error is 0x0
04-11 02:50:49.379  3315  3333 I native-activity: Frame 28 time is 0.423ms
04-11 02:50:49.379  3315  3333 I native-activity: Doing egl_swapbuffers_sync 1
04-11 02:50:49.379  3315  3333 D native-activity: Reading pixels format 0x1908 type 0x1401 bpp 4
04-11 02:50:49.389  3315  3333 I native-activity: Read pixels, GL error is 0x0
04-11 02:50:49.389  3315  3333 I native-activity: Swap 28 time is 8.304ms
04-11 02:50:49.389  3315  3333 I native-activity: Animating
04-11 02:50:49.389  3315  3333 I native-activity: Frame 29 GL error is 0x0
04-11 02:50:49.389  3315  3333 I native-activity: Frame 29 time is 0.444ms
04-11 02:50:49.389  3315  3333 I native-activity: Doing egl_swapbuffers_sync 1
04-11 02:50:49.389  3315  3333 D native-activity: Reading pixels format 0x1908 type 0x1401 bpp 4
04-11 02:50:49.399  3315  3333 I native-activity: Read pixels, GL error is 0x0
04-11 02:50:49.399  3315  3333 I native-activity: Swap 29 time is 8.276ms
04-11 02:50:49.399  3315  3333 I native-activity: Animating
04-11 02:50:49.399  3315  3333 I native-activity: Frame 30 GL error is 0x0
04-11 02:50:49.399  3315  3333 I native-activity: Frame 30 time is 0.390ms
04-11 02:50:49.399  3315  3333 I native-activity: Doing egl_swapbuffers_sync 1
04-11 02:50:49.399  3315  3333 D native-activity: Reading pixels format 0x1908 type 0x1401 bpp 4
04-11 02:50:49.409  3315  3333 I native-activity: Read pixels, GL error is 0x0
04-11 02:50:49.409  3315  3333 I native-activity: Swap 30 time is 8.240ms
04-11 02:50:49.409  3315  3333 I native-activity: Animating
04-11 02:50:49.409  3315  3333 I native-activity: Frame 31 GL error is 0x0
04-11 02:50:49.409  3315  3333 I native-activity: Frame 31 time is 5.657ms
04-11 02:50:49.409  3315  3333 I native-activity: Doing egl_swapbuffers_sync 1
04-11 02:50:49.409  3315  3333 D native-activity: Reading pixels format 0x1908 type 0x1401 bpp 4
04-11 02:50:49.419  3315  3333 I native-activity: Read pixels, GL error is 0x0
04-11 02:50:49.419  3315  3333 I native-activity: Swap 31 time is 13.556ms
04-11 02:50:49.419  3315  3333 I native-activity: Animating
04-11 02:50:49.449  3315  3333 I native-activity: Frame 32 GL error is 0x0
04-11 02:50:49.449  3315  3333 I native-activity: Frame 32 time is 23.818ms
04-11 02:50:49.449  3315  3333 I native-activity: Doing egl_swapbuffers_sync 1
04-11 02:50:49.449  3315  3333 D native-activity: Reading pixels format 0x1908 type 0x1401 bpp 4
04-11 02:50:49.449  3315  3333 I native-activity: Read pixels, GL error is 0x0
04-11 02:50:49.449  3315  3333 I native-activity: Swap 32 time is 31.565ms
04-11 02:50:49.449  3315  3333 I native-activity: Animating
04-11 02:50:49.469  3315  3333 I native-activity: Frame 33 GL error is 0x0
04-11 02:50:49.469  3315  3333 I native-activity: Frame 33 time is 13.670ms
04-11 02:50:49.469  3315  3333 I native-activity: Doing egl_swapbuffers_sync 1
04-11 02:50:49.469  3315  3333 D native-activity: Reading pixels format 0x1908 type 0x1401 bpp 4
04-11 02:50:49.479  3315  3333 I native-activity: Read pixels, GL error is 0x0
04-11 02:50:49.479  3315  3333 I native-activity: Swap 33 time is 21.466ms
04-11 02:50:49.479  3315  3333 I native-activity: Animating
04-11 02:50:49.499  1434  2219 D MdnieScenarioControlService:  packageName : com.example.sonicdash_stage1    className : android.app.NativeActivity
04-11 02:50:49.539  1434  1434 D CustomFrequencyManagerService: releaseDVFSLockLocked : Getting Lock type frm List : DVFS_MIN_LIMIT  frequency : 1555200  uid : 1000  pid : 1434  tag : ACTIVITY_RESUME_BOOSTER@20
04-11 02:50:49.539  3315  3333 I native-activity: Frame 34 GL error is 0x0
04-11 02:50:49.539  3315  3333 I native-activity: Frame 34 time is 68.505ms
04-11 02:50:49.539  3315  3333 I native-activity: Doing egl_swapbuffers_sync 1
04-11 02:50:49.539  3315  3333 D native-activity: Reading pixels format 0x1908 type 0x1401 bpp 4
04-11 02:50:49.549  3315  3333 I native-activity: Read pixels, GL error is 0x0
04-11 02:50:49.549  3315  3333 I native-activity: Swap 34 time is 76.825ms
04-11 02:50:49.549  3315  3333 I native-activity: Animating
04-11 02:50:49.569  3315  3333 I native-activity: Frame 35 GL error is 0x0
04-11 02:50:49.569  3315  3333 I native-activity: Frame 35 time is 18.592ms
04-11 02:50:49.569  3315  3333 I native-activity: Doing egl_swapbuffers_sync 1
04-11 02:50:49.569  3315  3333 D native-activity: Reading pixels format 0x1908 type 0x1401 bpp 4
04-11 02:50:49.579  3315  3333 I native-activity: Read pixels, GL error is 0x0
04-11 02:50:49.579  3315  3333 I native-activity: Swap 35 time is 28.635ms
04-11 02:50:49.579  3315  3333 I native-activity: Animating
04-11 02:50:49.599  1434  2219 I MdnieScenarioControlService: mGameModeLauncher : false
04-11 02:50:49.609  1434  2219 I MdnieScenarioControlService: setUIMode
04-11 02:50:49.639  3315  3333 I native-activity: Frame 36 GL error is 0x501
04-11 02:50:49.639  3315  3333 I native-activity: Frame 36 time is 59.118ms
04-11 02:50:49.639  3315  3333 I native-activity: Doing egl_swapbuffers_sync 1
04-11 02:50:49.639  3315  3333 D native-activity: Reading pixels format 0x1908 type 0x1401 bpp 4
04-11 02:50:49.649  3315  3333 I native-activity: Read pixels, GL error is 0x0
04-11 02:50:49.649  3315  3333 I native-activity: Swap 36 time is 71.493ms
04-11 02:50:49.649  3315  3333 I native-activity: Animating
04-11 02:50:49.659  3315  3333 I native-activity: Frame 37 GL error is 0x501
04-11 02:50:49.659  3315  3333 I native-activity: Frame 37 time is 10.584ms
04-11 02:50:49.659  3315  3333 I native-activity: Doing egl_swapbuffers_sync 1
04-11 02:50:49.659  3315  3333 D native-activity: Reading pixels format 0x1908 type 0x1401 bpp 4
04-11 02:50:49.679  3315  3333 I native-activity: Read pixels, GL error is 0x0
04-11 02:50:49.679  3315  3333 I native-activity: Swap 37 time is 23.228ms
04-11 02:50:49.679  3315  3333 I native-activity: Animating
04-11 02:50:49.699  3315  3333 I native-activity: Frame 38 GL error is 0x501
04-11 02:50:49.699  3315  3333 I native-activity: Frame 38 time is 20.352ms
04-11 02:50:49.699  3315  3333 I native-activity: Doing egl_swapbuffers_sync 1
04-11 02:50:49.699  3315  3333 D native-activity: Reading pixels format 0x1908 type 0x1401 bpp 4
04-11 02:50:49.709  3315  3333 I native-activity: Read pixels, GL error is 0x0
04-11 02:50:49.709  3315  3333 I native-activity: Swap 38 time is 35.123ms
04-11 02:50:49.709  3315  3333 I native-activity: Animating
04-11 02:50:49.729  3315  3333 I native-activity: Frame 39 GL error is 0x0
04-11 02:50:49.729  3315  3333 I native-activity: Frame 39 time is 19.048ms
04-11 02:50:49.729  3315  3333 I native-activity: Doing egl_swapbuffers_sync 1
04-11 02:50:49.729  3315  3333 D native-activity: Reading pixels format 0x1908 type 0x1401 bpp 4
04-11 02:50:49.739  3315  3333 I native-activity: Read pixels, GL error is 0x0
04-11 02:50:49.739  3315  3333 I native-activity: Swap 39 time is 32.478ms
04-11 02:50:49.739  3315  3333 I native-activity: Animating
04-11 02:50:49.769  3315  3333 I native-activity: Frame 40 GL error is 0x0
04-11 02:50:49.769  3315  3333 I native-activity: Frame 40 time is 26.224ms
04-11 02:50:49.769  3315  3333 I native-activity: Doing egl_swapbuffers_sync 1
04-11 02:50:49.769  3315  3333 D native-activity: Reading pixels format 0x1908 type 0x1401 bpp 4
04-11 02:50:49.779  3315  3333 I native-activity: Read pixels, GL error is 0x0
04-11 02:50:49.779  3315  3333 I native-activity: Swap 40 time is 40.830ms
04-11 02:50:49.779  3315  3333 I native-activity: Animating
04-11 02:50:49.809  3315  3333 I native-activity: Frame 41 GL error is 0x0
04-11 02:50:49.809  3315  3333 I native-activity: Frame 41 time is 20.822ms
04-11 02:50:49.809  3315  3333 I native-activity: Doing egl_swapbuffers_sync 1
04-11 02:50:49.809  3315  3333 D native-activity: Reading pixels format 0x1908 type 0x1401 bpp 4
04-11 02:50:49.819  3315  3333 I native-activity: Read pixels, GL error is 0x0
04-11 02:50:49.819  3315  3333 I native-activity: Swap 41 time is 35.703ms
04-11 02:50:49.819  3315  3333 I native-activity: Animating
04-11 02:50:49.829  3315  3333 I native-activity: Frame 42 GL error is 0x0
04-11 02:50:49.829  3315  3333 I native-activity: Frame 42 time is 13.924ms
04-11 02:50:49.829  3315  3333 I native-activity: Doing egl_swapbuffers_sync 1
04-11 02:50:49.839  3315  3333 D native-activity: Reading pixels format 0x1908 type 0x1401 bpp 4
04-11 02:50:49.849  3315  3333 I native-activity: Read pixels, GL error is 0x0
04-11 02:50:49.849  3315  3333 I native-activity: Swap 42 time is 30.166ms
04-11 02:50:49.849  3315  3333 I native-activity: Animating
04-11 02:50:49.869  2381  2381 D Recents : onTaskStackChanged
04-11 02:50:49.879  3315  3333 I native-activity: Frame 43 GL error is 0x0
04-11 02:50:49.879  3315  3333 I native-activity: Frame 43 time is 27.311ms
04-11 02:50:49.879  3315  3333 I native-activity: Doing egl_swapbuffers_sync 1
04-11 02:50:49.879  3315  3333 D native-activity: Reading pixels format 0x1908 type 0x1401 bpp 4
04-11 02:50:49.889  3315  3333 I native-activity: Read pixels, GL error is 0x0
04-11 02:50:49.889  3315  3333 I native-activity: Swap 43 time is 40.592ms
04-11 02:50:49.889  3315  3333 I native-activity: Animating
04-11 02:50:49.919  3315  3333 I native-activity: Frame 44 GL error is 0x0
04-11 02:50:49.919  3315  3333 I native-activity: Frame 44 time is 23.940ms
04-11 02:50:49.919  3315  3333 I native-activity: Doing egl_swapbuffers_sync 1
04-11 02:50:49.919  3315  3333 D native-activity: Reading pixels format 0x1908 type 0x1401 bpp 4
04-11 02:50:49.929  3315  3333 I native-activity: Read pixels, GL error is 0x0
04-11 02:50:49.929  3315  3333 I native-activity: Swap 44 time is 37.351ms
04-11 02:50:49.929  3315  3333 I native-activity: Animating
04-11 02:50:49.979  3315  3333 I native-activity: Frame 45 GL error is 0x501
04-11 02:50:49.979  3315  3333 I native-activity: Frame 45 time is 46.875ms
04-11 02:50:49.979  3315  3333 I native-activity: Doing egl_swapbuffers_sync 1
04-11 02:50:49.979  3315  3333 D native-activity: Reading pixels format 0x1908 type 0x1401 bpp 4
04-11 02:50:49.989  3315  3333 I native-activity: Read pixels, GL error is 0x0
04-11 02:50:49.989  3315  3333 I native-activity: Swap 45 time is 62.642ms
04-11 02:50:49.989  3315  3333 I native-activity: Animating
04-11 02:50:50.019  3315  3333 I native-activity: Frame 46 GL error is 0x501
04-11 02:50:50.019  3315  3333 I native-activity: Frame 46 time is 25.327ms
04-11 02:50:50.019  3315  3333 I native-activity: Doing egl_swapbuffers_sync 1
04-11 02:50:50.019  3315  3333 D native-activity: Reading pixels format 0x1908 type 0x1401 bpp 4
04-11 02:50:50.029  3315  3333 I native-activity: Read pixels, GL error is 0x0
04-11 02:50:50.029  3315  3333 I native-activity: Swap 46 time is 40.481ms
04-11 02:50:50.029  3315  3333 I native-activity: Animating
04-11 02:50:50.059  3315  3333 I native-activity: Frame 47 GL error is 0x501
04-11 02:50:50.059  3315  3333 I native-activity: Frame 47 time is 24.155ms
04-11 02:50:50.059  3315  3333 I native-activity: Doing egl_swapbuffers_sync 1
04-11 02:50:50.059  3315  3333 D native-activity: Reading pixels format 0x1908 type 0x1401 bpp 4
04-11 02:50:50.069  3315  3333 I native-activity: Read pixels, GL error is 0x0
04-11 02:50:50.069  3315  3333 I native-activity: Swap 47 time is 39.444ms
04-11 02:50:50.069  3315  3333 I native-activity: Animating
04-11 02:50:50.069  3315  3333 I native-activity: Frame 48 GL error is 0x0
04-11 02:50:50.069  3315  3333 I native-activity: Frame 48 time is 1.216ms
04-11 02:50:50.069  3315  3333 I native-activity: Doing egl_swapbuffers_sync 1
04-11 02:50:50.069  3315  3333 D native-activity: Reading pixels format 0x1908 type 0x1401 bpp 4
04-11 02:50:50.089  3315  3333 I native-activity: Read pixels, GL error is 0x0
04-11 02:50:50.089  3315  3333 I native-activity: Swap 48 time is 16.834ms
04-11 02:50:50.089  3315  3333 I native-activity: Animating
04-11 02:50:50.089  3315  3333 I native-activity: Frame 49 GL error is 0x0
04-11 02:50:50.089  3315  3333 I native-activity: Frame 49 time is 1.534ms
04-11 02:50:50.089  3315  3333 I native-activity: Doing egl_swapbuffers_sync 1
04-11 02:50:50.089  3315  3333 D native-activity: Reading pixels format 0x1908 type 0x1401 bpp 4
04-11 02:50:50.109  3315  3333 I native-activity: Read pixels, GL error is 0x0
04-11 02:50:50.109  3315  3333 I native-activity: Swap 49 time is 17.270ms
04-11 02:50:50.109  3315  3333 I native-activity: Animating
04-11 02:50:50.109  3315  3333 I native-activity: Frame 50 GL error is 0x0
04-11 02:50:50.109  3315  3333 I native-activity: Frame 50 time is 1.485ms
04-11 02:50:50.109  3315  3333 I native-activity: Doing egl_swapbuffers_sync 1
04-11 02:50:50.109  3315  3333 D native-activity: Reading pixels format 0x1908 type 0x1401 bpp 4
04-11 02:50:50.119  3315  3333 I native-activity: Read pixels, GL error is 0x0
04-11 02:50:50.129  3315  3333 I native-activity: Swap 50 time is 16.782ms
04-11 02:50:50.129  3315  3333 I native-activity: Animating
04-11 02:50:50.129  3315  3333 I native-activity: Frame 51 GL error is 0x0
04-11 02:50:50.129  3315  3333 I native-activity: Frame 51 time is 1.520ms
04-11 02:50:50.129  3315  3333 I native-activity: Doing egl_swapbuffers_sync 1
04-11 02:50:50.129  3315  3333 D native-activity: Reading pixels format 0x1908 type 0x1401 bpp 4
04-11 02:50:50.139  3315  3333 I native-activity: Read pixels, GL error is 0x0
04-11 02:50:50.139  3315  3333 I native-activity: Swap 51 time is 17.018ms
04-11 02:50:50.139  3315  3333 I native-activity: Animating
04-11 02:50:50.149  3315  3333 I native-activity: Frame 52 GL error is 0x0
04-11 02:50:50.149  3315  3333 I native-activity: Frame 52 time is 3.989ms
04-11 02:50:50.149  3315  3333 I native-activity: Doing egl_swapbuffers_sync 1
04-11 02:50:50.149  3315  3333 D native-activity: Reading pixels format 0x1908 type 0x1401 bpp 4
04-11 02:50:50.169  3315  3333 I native-activity: Read pixels, GL error is 0x0
04-11 02:50:50.169  3315  3333 I native-activity: Swap 52 time is 20.293ms
04-11 02:50:50.169  3315  3333 I native-activity: Animating
04-11 02:50:50.169  3315  3333 I native-activity: Frame 53 GL error is 0x0
04-11 02:50:50.169  3315  3333 I native-activity: Frame 53 time is 2.219ms
04-11 02:50:50.169  3315  3333 I native-activity: Doing egl_swapbuffers_sync 1
04-11 02:50:50.169  3315  3333 D native-activity: Reading pixels format 0x1908 type 0x1401 bpp 4
04-11 02:50:50.179  3315  3333 I native-activity: Read pixels, GL error is 0x0
04-11 02:50:50.179  3315  3333 I native-activity: Swap 53 time is 18.533ms
04-11 02:50:50.179  3315  3333 I native-activity: Animating
04-11 02:50:50.179  3315  3333 I native-activity: Frame 54 GL error is 0x0
04-11 02:50:50.179  3315  3333 I native-activity: Frame 54 time is 1.838ms
04-11 02:50:50.179  3315  3333 I native-activity: Doing egl_swapbuffers_sync 1
04-11 02:50:50.179  3315  3333 D native-activity: Reading pixels format 0x1908 type 0x1401 bpp 4
04-11 02:50:50.199  3315  3333 I native-activity: Read pixels, GL error is 0x0
04-11 02:50:50.199  3315  3333 I native-activity: Swap 54 time is 18.140ms
04-11 02:50:50.199  3315  3333 I native-activity: Animating
04-11 02:50:50.199  3315  3333 I native-activity: Frame 55 GL error is 0x0
04-11 02:50:50.199  3315  3333 I native-activity: Frame 55 time is 1.885ms
04-11 02:50:50.199  3315  3333 I native-activity: Doing egl_swapbuffers_sync 1
04-11 02:50:50.199  3315  3333 D native-activity: Reading pixels format 0x1908 type 0x1401 bpp 4
04-11 02:50:50.219  3315  3333 I native-activity: Read pixels, GL error is 0x0
04-11 02:50:50.219  3315  3333 I native-activity: Swap 55 time is 18.233ms
04-11 02:50:50.219  3315  3333 I native-activity: Animating
04-11 02:50:50.219  3315  3333 I native-activity: Frame 56 GL error is 0x0
04-11 02:50:50.219  3315  3333 I native-activity: Frame 56 time is 1.877ms
04-11 02:50:50.219  3315  3333 I native-activity: Doing egl_swapbuffers_sync 1
04-11 02:50:50.219  3315  3333 D native-activity: Reading pixels format 0x1908 type 0x1401 bpp 4
04-11 02:50:50.239  3315  3333 I native-activity: Read pixels, GL error is 0x0
04-11 02:50:50.239  3315  3333 I native-activity: Swap 56 time is 17.513ms
04-11 02:50:50.239  3315  3333 I native-activity: Animating
04-11 02:50:50.239  3315  3333 I native-activity: Frame 57 GL error is 0x0
04-11 02:50:50.239  3315  3333 I native-activity: Frame 57 time is 2.096ms
04-11 02:50:50.239  3315  3333 I native-activity: Doing egl_swapbuffers_sync 1
04-11 02:50:50.239  3315  3333 D native-activity: Reading pixels format 0x1908 type 0x1401 bpp 4
04-11 02:50:50.259  3315  3333 I native-activity: Read pixels, GL error is 0x0
04-11 02:50:50.259  3315  3333 I native-activity: Swap 57 time is 17.936ms
04-11 02:50:50.259  3315  3333 I native-activity: Animating
04-11 02:50:50.259  3315  3333 I native-activity: Frame 58 GL error is 0x0
04-11 02:50:50.259  3315  3333 I native-activity: Frame 58 time is 2.387ms
04-11 02:50:50.259  3315  3333 I native-activity: Doing egl_swapbuffers_sync 1
04-11 02:50:50.259  3315  3333 D native-activity: Reading pixels format 0x1908 type 0x1401 bpp 4
04-11 02:50:50.269  3315  3333 I native-activity: Read pixels, GL error is 0x0
04-11 02:50:50.269  3315  3333 I native-activity: Swap 58 time is 18.630ms
04-11 02:50:50.269  3315  3333 I native-activity: Animating
04-11 02:50:50.279  3315  3333 I native-activity: Frame 59 GL error is 0x0
04-11 02:50:50.279  3315  3333 I native-activity: Frame 59 time is 2.013ms
04-11 02:50:50.279  3315  3333 I native-activity: Doing egl_swapbuffers_sync 1
04-11 02:50:50.279  3315  3333 D native-activity: Reading pixels format 0x1908 type 0x1401 bpp 4
04-11 02:50:50.289  3315  3333 I native-activity: Read pixels, GL error is 0x0
04-11 02:50:50.289  3315  3333 I native-activity: Swap 59 time is 18.523ms
04-11 02:50:50.289  3315  3333 I native-activity: Animating
04-11 02:50:50.299  3315  3333 I native-activity: Frame 60 GL error is 0x0
04-11 02:50:50.299  3315  3333 I native-activity: Frame 60 time is 2.042ms
04-11 02:50:50.299  3315  3333 I native-activity: Doing egl_swapbuffers_sync 1
04-11 02:50:50.299  3315  3333 D native-activity: Reading pixels format 0x1908 type 0x1401 bpp 4
04-11 02:50:50.309  3315  3333 I native-activity: Read pixels, GL error is 0x0
04-11 02:50:50.309  3315  3333 I native-activity: Swap 60 time is 17.881ms
04-11 02:50:50.309  3315  3333 I native-activity: Animating
04-11 02:50:50.309  3315  3333 I native-activity: Frame 61 GL error is 0x0
04-11 02:50:50.309  3315  3333 I native-activity: Frame 61 time is 1.857ms
04-11 02:50:50.309  3315  3333 I native-activity: Doing egl_swapbuffers_sync 1
04-11 02:50:50.309  3315  3333 D native-activity: Reading pixels format 0x1908 type 0x1401 bpp 4
04-11 02:50:50.329  3315  3333 I native-activity: Read pixels, GL error is 0x0
04-11 02:50:50.329  3315  3333 I native-activity: Swap 61 time is 18.748ms
04-11 02:50:50.329  3315  3333 I native-activity: Animating
04-11 02:50:50.329  3315  3333 I native-activity: Frame 62 GL error is 0x0
04-11 02:50:50.329  3315  3333 I native-activity: Frame 62 time is 2.690ms
04-11 02:50:50.329  3315  3333 I native-activity: Doing egl_swapbuffers_sync 1
04-11 02:50:50.329  3315  3333 D native-activity: Reading pixels format 0x1908 type 0x1401 bpp 4
04-11 02:50:50.349  3315  3333 I native-activity: Read pixels, GL error is 0x0
04-11 02:50:50.349  3315  3333 I native-activity: Swap 62 time is 19.708ms
04-11 02:50:50.349  3315  3333 I native-activity: Animating
04-11 02:50:50.349  3315  3333 I native-activity: Frame 63 GL error is 0x0
04-11 02:50:50.349  3315  3333 I native-activity: Frame 63 time is 1.573ms
04-11 02:50:50.349  3315  3333 I native-activity: Doing egl_swapbuffers_sync 1
04-11 02:50:50.349  3315  3333 D native-activity: Reading pixels format 0x1908 type 0x1401 bpp 4
04-11 02:50:50.369  3315  3333 I native-activity: Read pixels, GL error is 0x0
04-11 02:50:50.369  3315  3333 I native-activity: Swap 63 time is 17.244ms
04-11 02:50:50.369  3315  3333 I native-activity: Animating
04-11 02:50:50.369  3315  3333 I native-activity: Frame 64 GL error is 0x0
04-11 02:50:50.369  3315  3333 I native-activity: Frame 64 time is 2.770ms
04-11 02:50:50.369  3315  3333 I native-activity: Doing egl_swapbuffers_sync 1
04-11 02:50:50.369  3315  3333 D native-activity: Reading pixels format 0x1908 type 0x1401 bpp 4
04-11 02:50:50.389  3315  3333 I native-activity: Read pixels, GL error is 0x0
04-11 02:50:50.389  3315  3333 I native-activity: Swap 64 time is 18.878ms
04-11 02:50:50.389  3315  3333 I native-activity: Animating
04-11 02:50:50.389  3315  3333 I native-activity: Frame 65 GL error is 0x0
04-11 02:50:50.389  3315  3333 I native-activity: Frame 65 time is 2.235ms
04-11 02:50:50.389  3315  3333 I native-activity: Doing egl_swapbuffers_sync 1
04-11 02:50:50.389  3315  3333 D native-activity: Reading pixels format 0x1908 type 0x1401 bpp 4
04-11 02:50:50.409  3315  3333 I native-activity: Read pixels, GL error is 0x0
04-11 02:50:50.409  3315  3333 I native-activity: Swap 65 time is 18.069ms
04-11 02:50:50.409  3315  3333 I native-activity: Animating
04-11 02:50:50.409  3315  3333 I native-activity: Frame 66 GL error is 0x0
04-11 02:50:50.409  3315  3333 I native-activity: Frame 66 time is 1.665ms
04-11 02:50:50.409  3315  3333 I native-activity: Doing egl_swapbuffers_sync 1
04-11 02:50:50.409  3315  3333 D native-activity: Reading pixels format 0x1908 type 0x1401 bpp 4
04-11 02:50:50.419  3315  3333 I native-activity: Read pixels, GL error is 0x0
04-11 02:50:50.419  3315  3333 I native-activity: Swap 66 time is 17.059ms
04-11 02:50:50.419  3315  3333 I native-activity: Animating
04-11 02:50:50.429  3315  3333 I native-activity: Frame 67 GL error is 0x0
04-11 02:50:50.429  3315  3333 I native-activity: Frame 67 time is 2.396ms
04-11 02:50:50.429  3315  3333 I native-activity: Doing egl_swapbuffers_sync 1
04-11 02:50:50.429  3315  3333 D native-activity: Reading pixels format 0x1908 type 0x1401 bpp 4
04-11 02:50:50.439  3315  3333 I native-activity: Read pixels, GL error is 0x0
04-11 02:50:50.439  3315  3333 I native-activity: Swap 67 time is 18.855ms
04-11 02:50:50.439  3315  3333 I native-activity: Animating
04-11 02:50:50.439  3315  3333 I native-activity: Frame 68 GL error is 0x0
04-11 02:50:50.439  3315  3333 I native-activity: Frame 68 time is 1.641ms
04-11 02:50:50.439  3315  3333 I native-activity: Doing egl_swapbuffers_sync 1
04-11 02:50:50.449  3315  3333 D native-activity: Reading pixels format 0x1908 type 0x1401 bpp 4
04-11 02:50:50.459 30475 30525 D NetworkController.MobileSignalController(0/1): onSignalStrengthsChanged signalStrength=SignalStrength: 99 99 -120 -160 -120 -1 -1 14 -112 -9 80 -1 2147483647 0x2000 gsm|lte level=2
04-11 02:50:50.459 30475 30525 D NetworkController.MobileSignalController(0/1): getMobileIconGroup(): 13
04-11 02:50:50.459 30475 30525 D NetworkController.MobileSignalController(0/1): updateATTMobileIconGroup(): 13
04-11 02:50:50.459  3315  3333 I native-activity: Read pixels, GL error is 0x0
04-11 02:50:50.459  3315  3333 I native-activity: Swap 68 time is 18.953ms
04-11 02:50:50.459  3315  3333 I native-activity: Animating
04-11 02:50:50.459  3315  3333 I native-activity: Frame 69 GL error is 0x0
04-11 02:50:50.459  3315  3333 I native-activity: Frame 69 time is 1.847ms
04-11 02:50:50.459  3315  3333 I native-activity: Doing egl_swapbuffers_sync 1
04-11 02:50:50.459  3315  3333 D native-activity: Reading pixels format 0x1908 type 0x1401 bpp 4
04-11 02:50:50.469  1434  2207 D EPDG -- [SMARTWIFI]: onSignalStrengthsChanged: Received signal strength change, phone type is: 1
04-11 02:50:50.469  1434  4692 D EPDG -- [SMARTWIFI]: lastLteRSRP is -112currentLteRSRP is -112
04-11 02:50:50.469  1434  4692 D EPDG -- [SMARTWIFI]: lastCdmaDb is -16currentCdmaDb is -16
04-11 02:50:50.469  1434  4692 V EPDG -- [SMARTWIFI]: Radio oldest entry removed
04-11 02:50:50.469  1434  4692 V EPDG -- [SMARTWIFI]: New entry : (SignalStrength: 99 99 -120 -160 -120 -1 -1 14 -112 -9 80 -1 2147483647 0x2000 gsm|lte : 0 )
04-11 02:50:50.469  1434  4692 V EPDG -- [SMARTWIFI]: Radio entry added
04-11 02:50:50.479  3315  3333 I native-activity: Read pixels, GL error is 0x0
04-11 02:50:50.479  3315  3333 I native-activity: Swap 69 time is 16.445ms
04-11 02:50:50.479  3315  3333 I native-activity: Animating
04-11 02:50:50.479  3315  3333 I native-activity: Frame 70 GL error is 0x0
04-11 02:50:50.479  3315  3333 I native-activity: Frame 70 time is 0.842ms
04-11 02:50:50.479  3315  3333 I native-activity: Doing egl_swapbuffers_sync 1
04-11 02:50:50.479  3315  3333 D native-activity: Reading pixels format 0x1908 type 0x1401 bpp 4
04-11 02:50:50.489  3315  3333 I native-activity: Read pixels, GL error is 0x0
04-11 02:50:50.489  3315  3333 I native-activity: Swap 70 time is 13.929ms
04-11 02:50:50.489  3315  3333 I native-activity: Animating
04-11 02:50:50.489  3315  3333 I native-activity: Frame 71 GL error is 0x0
04-11 02:50:50.489  3315  3333 I native-activity: Frame 71 time is 1.114ms
04-11 02:50:50.489  3315  3333 I native-activity: Doing egl_swapbuffers_sync 1
04-11 02:50:50.489  3315  3333 D native-activity: Reading pixels format 0x1908 type 0x1401 bpp 4
04-11 02:50:50.509  3315  3333 I native-activity: Read pixels, GL error is 0x0
04-11 02:50:50.509  3315  3333 I native-activity: Swap 71 time is 14.490ms
04-11 02:50:50.509  3315  3333 I native-activity: Animating
04-11 02:50:50.509  3315  3333 I native-activity: Frame 72 GL error is 0x0
04-11 02:50:50.509  3315  3333 I native-activity: Frame 72 time is 1.087ms
04-11 02:50:50.509  3315  3333 I native-activity: Doing egl_swapbuffers_sync 1
04-11 02:50:50.509  3315  3333 D native-activity: Reading pixels format 0x1908 type 0x1401 bpp 4
04-11 02:50:50.519  3315  3333 I native-activity: Read pixels, GL error is 0x0
04-11 02:50:50.519  3315  3333 I native-activity: Swap 72 time is 15.193ms
04-11 02:50:50.519  3315  3333 I native-activity: Animating
04-11 02:50:50.519  3315  3333 I native-activity: Frame 73 GL error is 0x0
04-11 02:50:50.519  3315  3333 I native-activity: Frame 73 time is 1.119ms
04-11 02:50:50.519  3315  3333 I native-activity: Doing egl_swapbuffers_sync 1
04-11 02:50:50.519  3315  3333 D native-activity: Reading pixels format 0x1908 type 0x1401 bpp 4
04-11 02:50:50.549  3315  3333 I native-activity: Read pixels, GL error is 0x0
04-11 02:50:50.549  3315  3333 I native-activity: Swap 73 time is 17.087ms
04-11 02:50:50.549  3315  3333 I native-activity: Animating
04-11 02:50:50.549  3315  3333 I native-activity: Frame 74 GL error is 0x0
04-11 02:50:50.549  3315  3333 I native-activity: Frame 74 time is 2.435ms
04-11 02:50:50.549  3315  3333 I native-activity: Doing egl_swapbuffers_sync 1
04-11 02:50:50.549  3315  3333 D native-activity: Reading pixels format 0x1908 type 0x1401 bpp 4
04-11 02:50:50.559  3315  3333 I native-activity: Read pixels, GL error is 0x0
04-11 02:50:50.559  3315  3333 I native-activity: Swap 74 time is 18.105ms
04-11 02:50:50.559  3315  3333 I native-activity: Animating
04-11 02:50:50.559  3315  3333 I native-activity: Frame 75 GL error is 0x0
04-11 02:50:50.559  3315  3333 I native-activity: Frame 75 time is 2.184ms
04-11 02:50:50.559  3315  3333 I native-activity: Doing egl_swapbuffers_sync 1
04-11 02:50:50.559  3315  3333 D native-activity: Reading pixels format 0x1908 type 0x1401 bpp 4
04-11 02:50:50.579  3315  3333 I native-activity: Read pixels, GL error is 0x0
04-11 02:50:50.579  3315  3333 I native-activity: Swap 75 time is 18.282ms
04-11 02:50:50.579  3315  3333 I native-activity: Animating
04-11 02:50:50.579  3315  3333 I native-activity: Frame 76 GL error is 0x0
04-11 02:50:50.579  3315  3333 I native-activity: Frame 76 time is 1.719ms
04-11 02:50:50.579  3315  3333 I native-activity: Doing egl_swapbuffers_sync 1
04-11 02:50:50.579  3315  3333 D native-activity: Reading pixels format 0x1908 type 0x1401 bpp 4
04-11 02:50:50.599  3315  3333 I native-activity: Read pixels, GL error is 0x0
04-11 02:50:50.599  3315  3333 I native-activity: Swap 76 time is 18.306ms
04-11 02:50:50.599  3315  3333 I native-activity: Animating
04-11 02:50:50.599  3315  3333 I native-activity: Frame 77 GL error is 0x0
04-11 02:50:50.599  3315  3333 I native-activity: Frame 77 time is 1.502ms
04-11 02:50:50.599  3315  3333 I native-activity: Doing egl_swapbuffers_sync 1
04-11 02:50:50.599  3315  3333 D native-activity: Reading pixels format 0x1908 type 0x1401 bpp 4
04-11 02:50:50.599  1434  6994 D SSRM:n  : SIOP:: AP = 350, PST = 326 (W:6), CP = 33, CUR = -618, LCD = 255
04-11 02:50:50.609  3315  3333 I native-activity: Read pixels, GL error is 0x0
04-11 02:50:50.609  3315  3333 I native-activity: Swap 77 time is 17.728ms
04-11 02:50:50.619  3315  3333 I native-activity: Animating
04-11 02:50:50.619  3315  3333 I native-activity: Frame 78 GL error is 0x0
04-11 02:50:50.619  3315  3333 I native-activity: Frame 78 time is 2.689ms
04-11 02:50:50.619  3315  3333 I native-activity: Doing egl_swapbuffers_sync 1
04-11 02:50:50.619  3315  3333 D native-activity: Reading pixels format 0x1908 type 0x1401 bpp 4
04-11 02:50:50.629  3315  3333 I native-activity: Read pixels, GL error is 0x0
04-11 02:50:50.629  3315  3333 I native-activity: Swap 78 time is 18.809ms
