04-11 02:51:38.969  3450  3465 V native-activity: 		EGL_BLUE_SIZE: 0
04-11 02:51:38.969  3450  3465 V native-activity: 		EGL_ALPHA_SIZE: 0
04-11 02:51:38.969  3450  3465 V native-activity: 		EGL_ALPHA_MASK_SIZE: 0
04-11 02:51:38.969  3450  3465 V native-activity: 		EGL_LUMINANCE_SIZE: 0
04-11 02:51:38.969  3450  3465 V native-activity: 		EGL_TRANSPARENT_TYPE: 12344 EGL_NONE,
04-11 02:51:38.969  3450  3465 V native-activity: 		EGL_TRANSPARENT_RED_VALUE: -1
04-11 02:51:38.969  3450  3465 V native-activity: 		EGL_TRANSPARENT_GREEN_VALUE: -1
04-11 02:51:38.969  3450  3465 V native-activity: 		EGL_TRANSPARENT_BLUE_VALUE: -1
04-11 02:51:38.969  3450  3465 V native-activity: 		EGL_STENCIL_SIZE: 8
04-11 02:51:38.969  3450  3465 V native-activity: 		EGL_DEPTH_SIZE: 0
04-11 02:51:38.969  3450  3465 V native-activity: 		EGL_BIND_TO_TEXTURE_RGB: 1
04-11 02:51:38.969  3450  3465 V native-activity: 		EGL_BIND_TO_TEXTURE_RGBA: 0
04-11 02:51:38.969  3450  3465 V native-activity: 		EGL_MIN_SWAP_INTERVAL: 0
04-11 02:51:38.969  3450  3465 V native-activity: 		EGL_MAX_SWAP_INTERVAL: 1
04-11 02:51:38.969  3450  3465 V native-activity: 		EGL_MAX_PBUFFER_WIDTH: 16384
04-11 02:51:38.969  3450  3465 V native-activity: 		EGL_MAX_PBUFFER_HEIGHT: 16384
04-11 02:51:38.969  3450  3465 D native-activity: 	Config 0xee50e1f0 index 52
04-11 02:51:38.969  3450  3465 V native-activity: 		EGL_CONFIG_ID: 56
04-11 02:51:38.969  3450  3465 V native-activity: 		EGL_CONFORMANT: 0
04-11 02:51:38.969  3450  3465 V native-activity: 		EGL_CONFIG_CAVEAT: 12369 EGL_NON_CONFORMANT_CONFIG,
04-11 02:51:38.969  3450  3465 V native-activity: 		EGL_RENDERABLE_TYPE: 69 EGL_OPENGL_ES_BIT, EGL_OPENGL_ES2_BIT,
04-11 02:51:38.969  3450  3465 V native-activity: 		EGL_SURFACE_TYPE: 1445 EGL_PBUFFER_BIT, EGL_SWAP_BEHAVIOR_PRESERVED_BIT, EGL_VG_COLORSPACE_LINEAR_BIT, EGL_WINDOW_BIT,
04-11 02:51:38.969  3450  3465 V native-activity: 		EGL_LEVEL: 0
04-11 02:51:38.969  3450  3465 V native-activity: 		EGL_COLOR_BUFFER_TYPE: 13056
04-11 02:51:38.969  3450  3465 V native-activity: 		EGL_BUFFER_SIZE: 0
04-11 02:51:38.969  3450  3465 V native-activity: 		EGL_SAMPLES: 0
04-11 02:51:38.969  3450  3465 V native-activity: 		EGL_SAMPLE_BUFFERS: 0
04-11 02:51:38.969  3450  3465 V native-activity: 		EGL_RED_SIZE: 0
04-11 02:51:38.969  3450  3465 V native-activity: 		EGL_GREEN_SIZE: 0
04-11 02:51:38.969  3450  3465 V native-activity: 		EGL_BLUE_SIZE: 0
04-11 02:51:38.969  3450  3465 V native-activity: 		EGL_ALPHA_SIZE: 0
04-11 02:51:38.969  3450  3465 V native-activity: 		EGL_ALPHA_MASK_SIZE: 0
04-11 02:51:38.969  3450  3465 V native-activity: 		EGL_LUMINANCE_SIZE: 0
04-11 02:51:38.969  3450  3465 V native-activity: 		EGL_TRANSPARENT_TYPE: 12344 EGL_NONE,
04-11 02:51:38.969  3450  3465 V native-activity: 		EGL_TRANSPARENT_RED_VALUE: -1
04-11 02:51:38.969  3450  3465 V native-activity: 		EGL_TRANSPARENT_GREEN_VALUE: -1
04-11 02:51:38.969  3450  3465 V native-activity: 		EGL_TRANSPARENT_BLUE_VALUE: -1
04-11 02:51:38.969  3450  3465 V native-activity: 		EGL_STENCIL_SIZE: 8
04-11 02:51:38.969  3450  3465 V native-activity: 		EGL_DEPTH_SIZE: 0
04-11 02:51:38.969  3450  3465 V native-activity: 		EGL_BIND_TO_TEXTURE_RGB: 1
04-11 02:51:38.969  3450  3465 V native-activity: 		EGL_BIND_TO_TEXTURE_RGBA: 0
04-11 02:51:38.969  3450  3465 V native-activity: 		EGL_MIN_SWAP_INTERVAL: 0
04-11 02:51:38.969  3450  3465 V native-activity: 		EGL_MAX_SWAP_INTERVAL: 1
04-11 02:51:38.969  3450  3465 V native-activity: 		EGL_MAX_PBUFFER_WIDTH: 16384
04-11 02:51:38.969  3450  3465 V native-activity: 		EGL_MAX_PBUFFER_HEIGHT: 16384
04-11 02:51:38.969  3450  3465 D native-activity: 	Config 0xee50e250 index 53
04-11 02:51:38.969  3450  3465 V native-activity: 		EGL_CONFIG_ID: 60
04-11 02:51:38.969  3450  3465 V native-activity: 		EGL_CONFORMANT: 0
04-11 02:51:38.969  3450  3465 V native-activity: 		EGL_CONFIG_CAVEAT: 12369 EGL_NON_CONFORMANT_CONFIG,
04-11 02:51:38.969  3450  3465 V native-activity: 		EGL_RENDERABLE_TYPE: 69 EGL_OPENGL_ES_BIT, EGL_OPENGL_ES2_BIT,
04-11 02:51:38.969  3450  3465 V native-activity: 		EGL_SURFACE_TYPE: 1445 EGL_PBUFFER_BIT, EGL_SWAP_BEHAVIOR_PRESERVED_BIT, EGL_VG_COLORSPACE_LINEAR_BIT, EGL_WINDOW_BIT,
04-11 02:51:38.969  3450  3465 V native-activity: 		EGL_LEVEL: 0
04-11 02:51:38.969  3450  3465 V native-activity: 		EGL_COLOR_BUFFER_TYPE: 13056
04-11 02:51:38.969  3450  3465 V native-activity: 		EGL_BUFFER_SIZE: 0
04-11 02:51:38.969  3450  3465 V native-activity: 		EGL_SAMPLES: 0
04-11 02:51:38.969  3450  3465 V native-activity: 		EGL_SAMPLE_BUFFERS: 0
04-11 02:51:38.969  3450  3465 V native-activity: 		EGL_RED_SIZE: 0
04-11 02:51:38.969  3450  3465 V native-activity: 		EGL_GREEN_SIZE: 0
04-11 02:51:38.969  3450  3465 V native-activity: 		EGL_BLUE_SIZE: 0
04-11 02:51:38.969  3450  3465 V native-activity: 		EGL_ALPHA_SIZE: 0
04-11 02:51:38.969  3450  3465 V native-activity: 		EGL_ALPHA_MASK_SIZE: 0
04-11 02:51:38.969  3450  3465 V native-activity: 		EGL_LUMINANCE_SIZE: 0
04-11 02:51:38.969  3450  3465 V native-activity: 		EGL_TRANSPARENT_TYPE: 12344 EGL_NONE,
04-11 02:51:38.969  3450  3465 V native-activity: 		EGL_TRANSPARENT_RED_VALUE: -1
04-11 02:51:38.969  3450  3465 V native-activity: 		EGL_TRANSPARENT_GREEN_VALUE: -1
04-11 02:51:38.969  3450  3465 V native-activity: 		EGL_TRANSPARENT_BLUE_VALUE: -1
04-11 02:51:38.969  3450  3465 V native-activity: 		EGL_STENCIL_SIZE: 8
04-11 02:51:38.969  3450  3465 V native-activity: 		EGL_DEPTH_SIZE: 0
04-11 02:51:38.969  3450  3465 V native-activity: 		EGL_BIND_TO_TEXTURE_RGB: 1
04-11 02:51:38.969  3450  3465 V native-activity: 		EGL_BIND_TO_TEXTURE_RGBA: 0
04-11 02:51:38.969  3450  3465 V native-activity: 		EGL_MIN_SWAP_INTERVAL: 0
04-11 02:51:38.969  3450  3465 V native-activity: 		EGL_MAX_SWAP_INTERVAL: 1
04-11 02:51:38.969  3450  3465 V native-activity: 		EGL_MAX_PBUFFER_WIDTH: 16384
04-11 02:51:38.969  3450  3465 V native-activity: 		EGL_MAX_PBUFFER_HEIGHT: 16384
04-11 02:51:38.969  3450  3465 D native-activity: 	Config 0xee50e160 index 54
04-11 02:51:38.969  3450  3465 V native-activity: 		EGL_CONFIG_ID: 50
04-11 02:51:38.969  3450  3465 V native-activity: 		EGL_CONFORMANT: 0
04-11 02:51:38.969  3450  3465 V native-activity: 		EGL_CONFIG_CAVEAT: 12369 EGL_NON_CONFORMANT_CONFIG,
04-11 02:51:38.969  3450  3465 V native-activity: 		EGL_RENDERABLE_TYPE: 69 EGL_OPENGL_ES_BIT, EGL_OPENGL_ES2_BIT,
04-11 02:51:38.969  3450  3465 V native-activity: 		EGL_SURFACE_TYPE: 1445 EGL_PBUFFER_BIT, EGL_SWAP_BEHAVIOR_PRESERVED_BIT, EGL_VG_COLORSPACE_LINEAR_BIT, EGL_WINDOW_BIT,
04-11 02:51:38.969  3450  3465 V native-activity: 		EGL_LEVEL: 0
04-11 02:51:38.969  3450  3465 V native-activity: 		EGL_COLOR_BUFFER_TYPE: 13056
04-11 02:51:38.969  3450  3465 V native-activity: 		EGL_BUFFER_SIZE: 0
04-11 02:51:38.969  3450  3465 V native-activity: 		EGL_SAMPLES: 0
04-11 02:51:38.969  3450  3465 V native-activity: 		EGL_SAMPLE_BUFFERS: 0
04-11 02:51:38.969  3450  3465 V native-activity: 		EGL_RED_SIZE: 0
04-11 02:51:38.969  3450  3465 V native-activity: 		EGL_GREEN_SIZE: 0
04-11 02:51:38.969  3450  3465 V native-activity: 		EGL_BLUE_SIZE: 0
04-11 02:51:38.969  3450  3465 V native-activity: 		EGL_ALPHA_SIZE: 0
04-11 02:51:38.969  3450  3465 V native-activity: 		EGL_ALPHA_MASK_SIZE: 0
04-11 02:51:38.969  3450  3465 V native-activity: 		EGL_LUMINANCE_SIZE: 0
04-11 02:51:38.969  3450  3465 V native-activity: 		EGL_TRANSPARENT_TYPE: 12344 EGL_NONE,
04-11 02:51:38.969  3450  3465 V native-activity: 		EGL_TRANSPARENT_RED_VALUE: -1
04-11 02:51:38.969  3450  3465 V native-activity: 		EGL_TRANSPARENT_GREEN_VALUE: -1
04-11 02:51:38.969  3450  3465 V native-activity: 		EGL_TRANSPARENT_BLUE_VALUE: -1
04-11 02:51:38.969  3450  3465 V native-activity: 		EGL_STENCIL_SIZE: 0
04-11 02:51:38.969  3450  3465 V native-activity: 		EGL_DEPTH_SIZE: 16
04-11 02:51:38.969  3450  3465 V native-activity: 		EGL_BIND_TO_TEXTURE_RGB: 1
04-11 02:51:38.969  2724  2724 D BatteryMonitor: new battery level: 24
04-11 02:51:38.969  3450  3465 V native-activity: 		EGL_BIND_TO_TEXTURE_RGBA: 0
04-11 02:51:38.969  3450  3465 V native-activity: 		EGL_MIN_SWAP_INTERVAL: 0
04-11 02:51:38.969  3450  3465 V native-activity: 		EGL_MAX_SWAP_INTERVAL: 1
04-11 02:51:38.969  3450  3465 V native-activity: 		EGL_MAX_PBUFFER_WIDTH: 16384
04-11 02:51:38.969  3450  3465 V native-activity: 		EGL_MAX_PBUFFER_HEIGHT: 16384
04-11 02:51:38.969  3450  3465 D native-activity: 	Config 0xee50e1c0 index 55
04-11 02:51:38.969  3450  3465 V native-activity: 		EGL_CONFIG_ID: 54
04-11 02:51:38.969  3450  3465 V native-activity: 		EGL_CONFORMANT: 0
04-11 02:51:38.969  3450  3465 V native-activity: 		EGL_CONFIG_CAVEAT: 12369 EGL_NON_CONFORMANT_CONFIG,
04-11 02:51:38.969  3450  3465 V native-activity: 		EGL_RENDERABLE_TYPE: 69 EGL_OPENGL_ES_BIT, EGL_OPENGL_ES2_BIT,
04-11 02:51:38.969  3450  3465 V native-activity: 		EGL_SURFACE_TYPE: 1445 EGL_PBUFFER_BIT, EGL_SWAP_BEHAVIOR_PRESERVED_BIT, EGL_VG_COLORSPACE_LINEAR_BIT, EGL_WINDOW_BIT,
04-11 02:51:38.969  3450  3465 V native-activity: 		EGL_LEVEL: 0
04-11 02:51:38.969  3450  3465 V native-activity: 		EGL_COLOR_BUFFER_TYPE: 13056
04-11 02:51:38.969  3450  3465 V native-activity: 		EGL_BUFFER_SIZE: 0
04-11 02:51:38.969  3450  3465 V native-activity: 		EGL_SAMPLES: 0
04-11 02:51:38.969  3450  3465 V native-activity: 		EGL_SAMPLE_BUFFERS: 0
04-11 02:51:38.969  3450  3465 V native-activity: 		EGL_RED_SIZE: 0
04-11 02:51:38.969  3450  3465 V native-activity: 		EGL_GREEN_SIZE: 0
04-11 02:51:38.969  3450  3465 V native-activity: 		EGL_BLUE_SIZE: 0
04-11 02:51:38.969  3450  3465 V native-activity: 		EGL_ALPHA_SIZE: 0
04-11 02:51:38.969  3450  3465 V native-activity: 		EGL_ALPHA_MASK_SIZE: 0
04-11 02:51:38.969  3450  3465 V native-activity: 		EGL_LUMINANCE_SIZE: 0
04-11 02:51:38.969  3450  3465 V native-activity: 		EGL_TRANSPARENT_TYPE: 12344 EGL_NONE,
04-11 02:51:38.969  3450  3465 V native-activity: 		EGL_TRANSPARENT_RED_VALUE: -1
04-11 02:51:38.969  3450  3465 V native-activity: 		EGL_TRANSPARENT_GREEN_VALUE: -1
04-11 02:51:38.969  3450  3465 V native-activity: 		EGL_TRANSPARENT_BLUE_VALUE: -1
04-11 02:51:38.969  3450  3465 V native-activity: 		EGL_STENCIL_SIZE: 0
04-11 02:51:38.969  3450  3465 V native-activity: 		EGL_DEPTH_SIZE: 16
04-11 02:51:38.969  3450  3465 V native-activity: 		EGL_BIND_TO_TEXTURE_RGB: 1
04-11 02:51:38.969  3450  3465 V native-activity: 		EGL_BIND_TO_TEXTURE_RGBA: 0
04-11 02:51:38.969  3450  3465 V native-activity: 		EGL_MIN_SWAP_INTERVAL: 0
04-11 02:51:38.969  3450  3465 V native-activity: 		EGL_MAX_SWAP_INTERVAL: 1
04-11 02:51:38.969  3450  3465 V native-activity: 		EGL_MAX_PBUFFER_WIDTH: 16384
04-11 02:51:38.969  3450  3465 V native-activity: 		EGL_MAX_PBUFFER_HEIGHT: 16384
04-11 02:51:38.969  3450  3465 D native-activity: 	Config 0xee50e220 index 56
04-11 02:51:38.969  3450  3465 V native-activity: 		EGL_CONFIG_ID: 58
04-11 02:51:38.969  3450  3465 V native-activity: 		EGL_CONFORMANT: 0
04-11 02:51:38.969  3450  3465 V native-activity: 		EGL_CONFIG_CAVEAT: 12369 EGL_NON_CONFORMANT_CONFIG,
04-11 02:51:38.969  3450  3465 V native-activity: 		EGL_RENDERABLE_TYPE: 69 EGL_OPENGL_ES_BIT, EGL_OPENGL_ES2_BIT,
04-11 02:51:38.969  3450  3465 V native-activity: 		EGL_SURFACE_TYPE: 1445 EGL_PBUFFER_BIT, EGL_SWAP_BEHAVIOR_PRESERVED_BIT, EGL_VG_COLORSPACE_LINEAR_BIT, EGL_WINDOW_BIT,
04-11 02:51:38.969  3450  3465 V native-activity: 		EGL_LEVEL: 0
04-11 02:51:38.969  3450  3465 V native-activity: 		EGL_COLOR_BUFFER_TYPE: 13056
04-11 02:51:38.969  3450  3465 V native-activity: 		EGL_BUFFER_SIZE: 0
04-11 02:51:38.969  3450  3465 V native-activity: 		EGL_SAMPLES: 0
04-11 02:51:38.969  3450  3465 V native-activity: 		EGL_SAMPLE_BUFFERS: 0
04-11 02:51:38.969  3450  3465 V native-activity: 		EGL_RED_SIZE: 0
04-11 02:51:38.969  3450  3465 V native-activity: 		EGL_GREEN_SIZE: 0
04-11 02:51:38.969  3450  3465 V native-activity: 		EGL_BLUE_SIZE: 0
04-11 02:51:38.969  3450  3465 V native-activity: 		EGL_ALPHA_SIZE: 0
04-11 02:51:38.969  3450  3465 V native-activity: 		EGL_ALPHA_MASK_SIZE: 0
04-11 02:51:38.969  3450  3465 V native-activity: 		EGL_LUMINANCE_SIZE: 0
04-11 02:51:38.969  3450  3465 V native-activity: 		EGL_TRANSPARENT_TYPE: 12344 EGL_NONE,
04-11 02:51:38.969  3450  3465 V native-activity: 		EGL_TRANSPARENT_RED_VALUE: -1
04-11 02:51:38.969  3450  3465 V native-activity: 		EGL_TRANSPARENT_GREEN_VALUE: -1
04-11 02:51:38.969  3450  3465 V native-activity: 		EGL_TRANSPARENT_BLUE_VALUE: -1
04-11 02:51:38.969  3450  3465 V native-activity: 		EGL_STENCIL_SIZE: 0
04-11 02:51:38.969  3450  3465 V native-activity: 		EGL_DEPTH_SIZE: 16
04-11 02:51:38.969  3450  3465 V native-activity: 		EGL_BIND_TO_TEXTURE_RGB: 1
04-11 02:51:38.969  3450  3465 V native-activity: 		EGL_BIND_TO_TEXTURE_RGBA: 0
04-11 02:51:38.969  3450  3465 V native-activity: 		EGL_MIN_SWAP_INTERVAL: 0
04-11 02:51:38.969  3450  3465 V native-activity: 		EGL_MAX_SWAP_INTERVAL: 1
04-11 02:51:38.969  3450  3465 V native-activity: 		EGL_MAX_PBUFFER_WIDTH: 16384
04-11 02:51:38.969  3450  3465 V native-activity: 		EGL_MAX_PBUFFER_HEIGHT: 16384
04-11 02:51:38.969  3450  3465 D native-activity: 	Config 0xee50e178 index 57
04-11 02:51:38.969  3450  3465 V native-activity: 		EGL_CONFIG_ID: 51
04-11 02:51:38.969  3450  3465 V native-activity: 		EGL_CONFORMANT: 0
04-11 02:51:38.969  3450  3465 V native-activity: 		EGL_CONFIG_CAVEAT: 12369 EGL_NON_CONFORMANT_CONFIG,
04-11 02:51:38.969  3450  3465 V native-activity: 		EGL_RENDERABLE_TYPE: 69 EGL_OPENGL_ES_BIT, EGL_OPENGL_ES2_BIT,
04-11 02:51:38.969  3450  3465 V native-activity: 		EGL_SURFACE_TYPE: 1445 EGL_PBUFFER_BIT, EGL_SWAP_BEHAVIOR_PRESERVED_BIT, EGL_VG_COLORSPACE_LINEAR_BIT, EGL_WINDOW_BIT,
04-11 02:51:38.969  3450  3465 V native-activity: 		EGL_LEVEL: 0
04-11 02:51:38.969  3450  3465 V native-activity: 		EGL_COLOR_BUFFER_TYPE: 13056
04-11 02:51:38.969  3450  3465 V native-activity: 		EGL_BUFFER_SIZE: 0
04-11 02:51:38.969  3450  3465 V native-activity: 		EGL_SAMPLES: 0
04-11 02:51:38.969  3450  3465 V native-activity: 		EGL_SAMPLE_BUFFERS: 0
04-11 02:51:38.969  3450  3465 V native-activity: 		EGL_RED_SIZE: 0
04-11 02:51:38.969  3450  3465 V native-activity: 		EGL_GREEN_SIZE: 0
04-11 02:51:38.969  3450  3465 V native-activity: 		EGL_BLUE_SIZE: 0
04-11 02:51:38.969  3450  3465 V native-activity: 		EGL_ALPHA_SIZE: 0
04-11 02:51:38.969  3450  3465 V native-activity: 		EGL_ALPHA_MASK_SIZE: 0
04-11 02:51:38.969  3450  3465 V native-activity: 		EGL_LUMINANCE_SIZE: 0
04-11 02:51:38.969  3450  3465 V native-activity: 		EGL_TRANSPARENT_TYPE: 12344 EGL_NONE,
04-11 02:51:38.969  3450  3465 V native-activity: 		EGL_TRANSPARENT_RED_VALUE: -1
04-11 02:51:38.969  3450  3465 V native-activity: 		EGL_TRANSPARENT_GREEN_VALUE: -1
04-11 02:51:38.969  3450  3465 V native-activity: 		EGL_TRANSPARENT_BLUE_VALUE: -1
04-11 02:51:38.969  3450  3465 V native-activity: 		EGL_STENCIL_SIZE: 8
04-11 02:51:38.969  3450  3465 V native-activity: 		EGL_DEPTH_SIZE: 24
04-11 02:51:38.969  3450  3465 V native-activity: 		EGL_BIND_TO_TEXTURE_RGB: 1
04-11 02:51:38.969  3450  3465 V native-activity: 		EGL_BIND_TO_TEXTURE_RGBA: 0
04-11 02:51:38.969  3450  3465 V native-activity: 		EGL_MIN_SWAP_INTERVAL: 0
04-11 02:51:38.969  3450  3465 V native-activity: 		EGL_MAX_SWAP_INTERVAL: 1
04-11 02:51:38.969  3450  3465 V native-activity: 		EGL_MAX_PBUFFER_WIDTH: 16384
04-11 02:51:38.969  3450  3465 V native-activity: 		EGL_MAX_PBUFFER_HEIGHT: 16384
04-11 02:51:38.969  3450  3465 D native-activity: 	Config 0xee50e1d8 index 58
04-11 02:51:38.969  3450  3465 V native-activity: 		EGL_CONFIG_ID: 55
04-11 02:51:38.969  3450  3465 V native-activity: 		EGL_CONFORMANT: 0
04-11 02:51:38.969  3450  3465 V native-activity: 		EGL_CONFIG_CAVEAT: 12369 EGL_NON_CONFORMANT_CONFIG,
04-11 02:51:38.969  3450  3465 V native-activity: 		EGL_RENDERABLE_TYPE: 69 EGL_OPENGL_ES_BIT, EGL_OPENGL_ES2_BIT,
04-11 02:51:38.969  3450  3465 V native-activity: 		EGL_SURFACE_TYPE: 1445 EGL_PBUFFER_BIT, EGL_SWAP_BEHAVIOR_PRESERVED_BIT, EGL_VG_COLORSPACE_LINEAR_BIT, EGL_WINDOW_BIT,
04-11 02:51:38.969  3450  3465 V native-activity: 		EGL_LEVEL: 0
04-11 02:51:38.969  3450  3465 V native-activity: 		EGL_COLOR_BUFFER_TYPE: 13056
04-11 02:51:38.969  3450  3465 V native-activity: 		EGL_BUFFER_SIZE: 0
04-11 02:51:38.969  3450  3465 V native-activity: 		EGL_SAMPLES: 0
04-11 02:51:38.969  3450  3465 V native-activity: 		EGL_SAMPLE_BUFFERS: 0
04-11 02:51:38.969  3450  3465 V native-activity: 		EGL_RED_SIZE: 0
04-11 02:51:38.969  3450  3465 V native-activity: 		EGL_GREEN_SIZE: 0
04-11 02:51:38.969  3450  3465 V native-activity: 		EGL_BLUE_SIZE: 0
04-11 02:51:38.969  3450  3465 V native-activity: 		EGL_ALPHA_SIZE: 0
04-11 02:51:38.969  3450  3465 V native-activity: 		EGL_ALPHA_MASK_SIZE: 0
04-11 02:51:38.969  3450  3465 V native-activity: 		EGL_LUMINANCE_SIZE: 0
04-11 02:51:38.969  3450  3465 V native-activity: 		EGL_TRANSPARENT_TYPE: 12344 EGL_NONE,
04-11 02:51:38.969  3450  3465 V native-activity: 		EGL_TRANSPARENT_RED_VALUE: -1
04-11 02:51:38.969  3450  3465 V native-activity: 		EGL_TRANSPARENT_GREEN_VALUE: -1
04-11 02:51:38.969  3450  3465 V native-activity: 		EGL_TRANSPARENT_BLUE_VALUE: -1
04-11 02:51:38.969  3450  3465 V native-activity: 		EGL_STENCIL_SIZE: 8
04-11 02:51:38.969  3450  3465 V native-activity: 		EGL_DEPTH_SIZE: 24
04-11 02:51:38.969  3450  3465 V native-activity: 		EGL_BIND_TO_TEXTURE_RGB: 1
04-11 02:51:38.969  3450  3465 V native-activity: 		EGL_BIND_TO_TEXTURE_RGBA: 0
04-11 02:51:38.969  3450  3465 V native-activity: 		EGL_MIN_SWAP_INTERVAL: 0
04-11 02:51:38.969  3450  3465 V native-activity: 		EGL_MAX_SWAP_INTERVAL: 1
04-11 02:51:38.969  3450  3465 V native-activity: 		EGL_MAX_PBUFFER_WIDTH: 16384
04-11 02:51:38.969  3450  3465 V native-activity: 		EGL_MAX_PBUFFER_HEIGHT: 16384
04-11 02:51:38.969  3450  3465 D native-activity: 	Config 0xee50e238 index 59
04-11 02:51:38.969  3450  3465 V native-activity: 		EGL_CONFIG_ID: 59
04-11 02:51:38.969  3450  3465 V native-activity: 		EGL_CONFORMANT: 0
04-11 02:51:38.969  3450  3465 V native-activity: 		EGL_CONFIG_CAVEAT: 12369 EGL_NON_CONFORMANT_CONFIG,
04-11 02:51:38.969  3450  3465 V native-activity: 		EGL_RENDERABLE_TYPE: 69 EGL_OPENGL_ES_BIT, EGL_OPENGL_ES2_BIT,
04-11 02:51:38.969  3450  3465 V native-activity: 		EGL_SURFACE_TYPE: 1445 EGL_PBUFFER_BIT, EGL_SWAP_BEHAVIOR_PRESERVED_BIT, EGL_VG_COLORSPACE_LINEAR_BIT, EGL_WINDOW_BIT,
04-11 02:51:38.969  3450  3465 V native-activity: 		EGL_LEVEL: 0
04-11 02:51:38.969  3450  3465 V native-activity: 		EGL_COLOR_BUFFER_TYPE: 13056
04-11 02:51:38.969  3450  3465 V native-activity: 		EGL_BUFFER_SIZE: 0
04-11 02:51:38.969  3450  3465 V native-activity: 		EGL_SAMPLES: 0
04-11 02:51:38.969  3450  3465 V native-activity: 		EGL_SAMPLE_BUFFERS: 0
04-11 02:51:38.969  3450  3465 V native-activity: 		EGL_RED_SIZE: 0
04-11 02:51:38.969  3450  3465 V native-activity: 		EGL_GREEN_SIZE: 0
04-11 02:51:38.969  3450  3465 V native-activity: 		EGL_BLUE_SIZE: 0
04-11 02:51:38.969  3450  3465 V native-activity: 		EGL_ALPHA_SIZE: 0
04-11 02:51:38.969  3450  3465 V native-activity: 		EGL_ALPHA_MASK_SIZE: 0
04-11 02:51:38.969  3450  3465 V native-activity: 		EGL_LUMINANCE_SIZE: 0
04-11 02:51:38.969  3450  3465 V native-activity: 		EGL_TRANSPARENT_TYPE: 12344 EGL_NONE,
04-11 02:51:38.969  3450  3465 V native-activity: 		EGL_TRANSPARENT_RED_VALUE: -1
04-11 02:51:38.969  3450  3465 V native-activity: 		EGL_TRANSPARENT_GREEN_VALUE: -1
04-11 02:51:38.969  3450  3465 V native-activity: 		EGL_TRANSPARENT_BLUE_VALUE: -1
04-11 02:51:38.969  3450  3465 V native-activity: 		EGL_STENCIL_SIZE: 8
04-11 02:51:38.969  3450  3465 V native-activity: 		EGL_DEPTH_SIZE: 24
04-11 02:51:38.969  3450  3465 V native-activity: 		EGL_BIND_TO_TEXTURE_RGB: 1
04-11 02:51:38.969  3450  3465 V native-activity: 		EGL_BIND_TO_TEXTURE_RGBA: 0
04-11 02:51:38.969  3450  3465 V native-activity: 		EGL_MIN_SWAP_INTERVAL: 0
04-11 02:51:38.969  3450  3465 V native-activity: 		EGL_MAX_SWAP_INTERVAL: 1
04-11 02:51:38.969  3450  3465 V native-activity: 		EGL_MAX_PBUFFER_WIDTH: 16384
04-11 02:51:38.969  3450  3465 V native-activity: 		EGL_MAX_PBUFFER_HEIGHT: 16384
04-11 02:51:38.969  3450  3465 D native-activity: Examining config 0xee50dcc8
04-11 02:51:38.969  3450  3465 D native-activity: Comparing requested attrib 12339 value 4 to 1445
04-11 02:51:38.969  3450  3465 D native-activity: Comparing requested attrib 12352 value 4 to 69
04-11 02:51:38.969  3450  3465 D native-activity: Comparing requested attrib 12322 value 8 to 5
04-11 02:51:38.969  3450  3465 D native-activity: Examining config 0xee50e088
04-11 02:51:38.969  3450  3465 D native-activity: Comparing requested attrib 12339 value 4 to 1445
04-11 02:51:38.969  3450  3465 D native-activity: Comparing requested attrib 12352 value 4 to 69
04-11 02:51:38.969  3450  3465 D native-activity: Comparing requested attrib 12322 value 8 to 5
04-11 02:51:38.969  3450  3465 D native-activity: Examining config 0xee50e0e8
04-11 02:51:38.969  3450  3465 D native-activity: Comparing requested attrib 12339 value 4 to 1445
04-11 02:51:38.969  3450  3465 D native-activity: Comparing requested attrib 12352 value 4 to 69
04-11 02:51:38.969  3450  3465 D native-activity: Comparing requested attrib 12322 value 8 to 4
04-11 02:51:38.969  3450  3465 D native-activity: Examining config 0xee50dd10
04-11 02:51:38.969  3450  3465 D native-activity: Comparing requested attrib 12339 value 4 to 1445
04-11 02:51:38.969  3450  3465 D native-activity: Comparing requested attrib 12352 value 4 to 69
04-11 02:51:38.969  3450  3465 D native-activity: Comparing requested attrib 12322 value 8 to 5
04-11 02:51:38.969  3450  3465 D native-activity: Examining config 0xee50e0d0
04-11 02:51:38.969  3450  3465 D native-activity: Comparing requested attrib 12339 value 4 to 1445
04-11 02:51:38.969  3450  3465 D native-activity: Comparing requested attrib 12352 value 4 to 69
04-11 02:51:38.969  3450  3465 D native-activity: Comparing requested attrib 12322 value 8 to 5
04-11 02:51:38.969  3450  3465 D native-activity: Examining config 0xee50e130
04-11 02:51:38.969  3450  3465 D native-activity: Comparing requested attrib 12339 value 4 to 1445
04-11 02:51:38.969  3450  3465 D native-activity: Comparing requested attrib 12352 value 4 to 69
04-11 02:51:38.969  3450  3465 D native-activity: Comparing requested attrib 12322 value 8 to 4
04-11 02:51:38.969  3450  3465 D native-activity: Examining config 0xee50dce0
04-11 02:51:38.969  3450  3465 D native-activity: Comparing requested attrib 12339 value 4 to 1445
04-11 02:51:38.969  3450  3465 D native-activity: Comparing requested attrib 12352 value 4 to 69
04-11 02:51:38.969  3450  3465 D native-activity: Comparing requested attrib 12322 value 8 to 5
04-11 02:51:38.969  3450  3465 D native-activity: Examining config 0xee50e0a0
04-11 02:51:38.969  3450  3465 D native-activity: Comparing requested attrib 12339 value 4 to 1445
04-11 02:51:38.969  3450  3465 D native-activity: Comparing requested attrib 12352 value 4 to 69
04-11 02:51:38.969  3450  3465 D native-activity: Comparing requested attrib 12322 value 8 to 5
04-11 02:51:38.969  3450  3465 D native-activity: Examining config 0xee50e100
04-11 02:51:38.969  3450  3465 D native-activity: Comparing requested attrib 12339 value 4 to 1445
04-11 02:51:38.969  3450  3465 D native-activity: Comparing requested attrib 12352 value 4 to 69
04-11 02:51:38.969  3450  3465 D native-activity: Comparing requested attrib 12322 value 8 to 4
04-11 02:51:38.969  3450  3465 D native-activity: Examining config 0xee50dcf8
04-11 02:51:38.969  3450  3465 D native-activity: Comparing requested attrib 12339 value 4 to 1445
04-11 02:51:38.969  3450  3465 D native-activity: Comparing requested attrib 12352 value 4 to 69
04-11 02:51:38.969  3450  3465 D native-activity: Comparing requested attrib 12322 value 8 to 5
04-11 02:51:38.969  3450  3465 D native-activity: Examining config 0xee50e0b8
04-11 02:51:38.969  3450  3465 D native-activity: Comparing requested attrib 12339 value 4 to 1445
04-11 02:51:38.969  3450  3465 D native-activity: Comparing requested attrib 12352 value 4 to 69
04-11 02:51:38.969  3450  3465 D native-activity: Comparing requested attrib 12322 value 8 to 5
04-11 02:51:38.969  3450  3465 D native-activity: Examining config 0xee50e118
04-11 02:51:38.969  3450  3465 D native-activity: Comparing requested attrib 12339 value 4 to 1445
04-11 02:51:38.969  3450  3465 D native-activity: Comparing requested attrib 12352 value 4 to 69
04-11 02:51:38.969  3450  3465 D native-activity: Comparing requested attrib 12322 value 8 to 4
04-11 02:51:38.969  3450  3465 D native-activity: Examining config 0xee50dde8
04-11 02:51:38.969  3450  3465 D native-activity: Comparing requested attrib 12339 value 4 to 1445
04-11 02:51:38.969  3450  3465 D native-activity: Comparing requested attrib 12352 value 4 to 69
04-11 02:51:38.969  3450  3465 D native-activity: Comparing requested attrib 12322 value 8 to 5
04-11 02:51:38.969  3450  3465 D native-activity: Examining config 0xee50de30
04-11 02:51:38.969  3450  3465 D native-activity: Comparing requested attrib 12339 value 4 to 1445
04-11 02:51:38.969  3450  3465 D native-activity: Comparing requested attrib 12352 value 4 to 69
04-11 02:51:38.969  3450  3465 D native-activity: Comparing requested attrib 12322 value 8 to 5
04-11 02:51:38.969  3450  3465 D native-activity: Examining config 0xee50de00
04-11 02:51:38.969  3450  3465 D native-activity: Comparing requested attrib 12339 value 4 to 1445
04-11 02:51:38.969  3450  3465 D native-activity: Comparing requested attrib 12352 value 4 to 69
04-11 02:51:38.969  3450  3465 D native-activity: Comparing requested attrib 12322 value 8 to 5
04-11 02:51:38.969  3450  3465 D native-activity: Examining config 0xee50de18
04-11 02:51:38.969  3450  3465 D native-activity: Comparing requested attrib 12339 value 4 to 1445
04-11 02:51:38.969  3450  3465 D native-activity: Comparing requested attrib 12352 value 4 to 69
04-11 02:51:38.969  3450  3465 D native-activity: Comparing requested attrib 12322 value 8 to 5
04-11 02:51:38.969  3450  3465 D native-activity: Examining config 0xee50df08
04-11 02:51:38.969  3450  3465 D native-activity: Comparing requested attrib 12339 value 4 to 1445
04-11 02:51:38.969  3450  3465 D native-activity: Comparing requested attrib 12352 value 4 to 69
04-11 02:51:38.969  3450  3465 D native-activity: Comparing requested attrib 12322 value 8 to 5
04-11 02:51:38.969  3450  3465 D native-activity: Examining config 0xee50df50
04-11 02:51:38.969  3450  3465 D native-activity: Comparing requested attrib 12339 value 4 to 1445
04-11 02:51:38.969  3450  3465 D native-activity: Comparing requested attrib 12352 value 4 to 69
04-11 02:51:38.969  3450  3465 D native-activity: Comparing requested attrib 12322 value 8 to 5
04-11 02:51:38.969  3450  3465 D native-activity: Examining config 0xee50df20
04-11 02:51:38.969  3450  3465 D native-activity: Comparing requested attrib 12339 value 4 to 1445
04-11 02:51:38.969  3450  3465 D native-activity: Comparing requested attrib 12352 value 4 to 69
04-11 02:51:38.969  3450  3465 D native-activity: Comparing requested attrib 12322 value 8 to 5
04-11 02:51:38.969  3450  3465 D native-activity: Examining config 0xee50df38
04-11 02:51:38.969  3450  3465 D native-activity: Comparing requested attrib 12339 value 4 to 1445
04-11 02:51:38.969  3450  3465 D native-activity: Comparing requested attrib 12352 value 4 to 69
04-11 02:51:38.969  3450  3465 D native-activity: Comparing requested attrib 12322 value 8 to 5
04-11 02:51:38.969  3450  3465 D native-activity: Examining config 0xee50dd28
04-11 02:51:38.969  3450  3465 D native-activity: Comparing requested attrib 12339 value 4 to 1445
04-11 02:51:38.969  3450  3465 D native-activity: Comparing requested attrib 12352 value 4 to 69
04-11 02:51:38.969  3450  3465 D native-activity: Comparing requested attrib 12322 value 8 to 8
04-11 02:51:38.969  3450  3465 D native-activity: Comparing requested attrib 12323 value 8 to 8
04-11 02:51:38.969  3450  3465 D native-activity: Comparing requested attrib 12324 value 8 to 8
04-11 02:51:38.969  3450  3465 D native-activity: Comparing requested attrib 12321 value 8 to 0
04-11 02:51:38.969  3450  3465 D native-activity: Examining config 0xee50e028
04-11 02:51:38.969  3450  3465 D native-activity: Comparing requested attrib 12339 value 4 to 1445
04-11 02:51:38.969  3450  3465 D native-activity: Comparing requested attrib 12352 value 4 to 69
04-11 02:51:38.969  3450  3465 D native-activity: Comparing requested attrib 12322 value 8 to 8
04-11 02:51:38.969  3450  3465 D native-activity: Comparing requested attrib 12323 value 8 to 8
04-11 02:51:38.969  3450  3465 D native-activity: Comparing requested attrib 12324 value 8 to 8
04-11 02:51:38.969  3450  3465 D native-activity: Comparing requested attrib 12321 value 8 to 0
04-11 02:51:38.969  3450  3465 D native-activity: Examining config 0xee50dd70
04-11 02:51:38.969  3450  3465 D native-activity: Comparing requested attrib 12339 value 4 to 1445
04-11 02:51:38.969  3450  3465 D native-activity: Comparing requested attrib 12352 value 4 to 69
04-11 02:51:38.969  3450  3465 D native-activity: Comparing requested attrib 12322 value 8 to 8
04-11 02:51:38.969  3450  3465 D native-activity: Comparing requested attrib 12323 value 8 to 8
04-11 02:51:38.969  3450  3465 D native-activity: Comparing requested attrib 12324 value 8 to 8
04-11 02:51:38.969  3450  3465 D native-activity: Comparing requested attrib 12321 value 8 to 0
04-11 02:51:38.969  3450  3465 D native-activity: Examining config 0xee50e070
04-11 02:51:38.969  3450  3465 D native-activity: Comparing requested attrib 12339 value 4 to 1445
04-11 02:51:38.969  3450  3465 D native-activity: Comparing requested attrib 12352 value 4 to 69
04-11 02:51:38.969  3450  3465 D native-activity: Comparing requested attrib 12322 value 8 to 8
04-11 02:51:38.969  3450  3465 D native-activity: Comparing requested attrib 12323 value 8 to 8
04-11 02:51:38.969  3450  3465 D native-activity: Comparing requested attrib 12324 value 8 to 8
04-11 02:51:38.969  3450  3465 D native-activity: Comparing requested attrib 12321 value 8 to 0
04-11 02:51:38.969  3450  3465 D native-activity: Examining config 0xee50dd40
04-11 02:51:38.969  3450  3465 D native-activity: Comparing requested attrib 12339 value 4 to 1445
04-11 02:51:38.969  3450  3465 D native-activity: Comparing requested attrib 12352 value 4 to 69
04-11 02:51:38.969  3450  3465 D native-activity: Comparing requested attrib 12322 value 8 to 8
04-11 02:51:38.969  3450  3465 D native-activity: Comparing requested attrib 12323 value 8 to 8
04-11 02:51:38.969  3450  3465 D native-activity: Comparing requested attrib 12324 value 8 to 8
04-11 02:51:38.969  3450  3465 D native-activity: Comparing requested attrib 12321 value 8 to 0
04-11 02:51:38.969  3450  3465 D native-activity: Examining config 0xee50e040
04-11 02:51:38.969  3450  3465 D native-activity: Comparing requested attrib 12339 value 4 to 1445
04-11 02:51:38.969  3450  3465 D native-activity: Comparing requested attrib 12352 value 4 to 69
04-11 02:51:38.969  3450  3465 D native-activity: Comparing requested attrib 12322 value 8 to 8
04-11 02:51:38.969  3450  3465 D native-activity: Comparing requested attrib 12323 value 8 to 8
04-11 02:51:38.969  3450  3465 D native-activity: Comparing requested attrib 12324 value 8 to 8
04-11 02:51:38.969  3450  3465 D native-activity: Comparing requested attrib 12321 value 8 to 0
04-11 02:51:38.969  3450  3465 D native-activity: Examining config 0xee50dd58
04-11 02:51:38.969  3450  3465 D native-activity: Comparing requested attrib 12339 value 4 to 1445
04-11 02:51:38.969  3450  3465 D native-activity: Comparing requested attrib 12352 value 4 to 69
04-11 02:51:38.969  3450  3465 D native-activity: Comparing requested attrib 12322 value 8 to 8
04-11 02:51:38.969  3450  3465 D native-activity: Comparing requested attrib 12323 value 8 to 8
04-11 02:51:38.969  3450  3465 D native-activity: Comparing requested attrib 12324 value 8 to 8
04-11 02:51:38.969  3450  3465 D native-activity: Comparing requested attrib 12321 value 8 to 0
04-11 02:51:38.969  3450  3465 D native-activity: Examining config 0xee50e058
04-11 02:51:38.969  3450  3465 D native-activity: Comparing requested attrib 12339 value 4 to 1445
04-11 02:51:38.969  3450  3465 D native-activity: Comparing requested attrib 12352 value 4 to 69
04-11 02:51:38.969  3450  3465 D native-activity: Comparing requested attrib 12322 value 8 to 8
04-11 02:51:38.969  3450  3465 D native-activity: Comparing requested attrib 12323 value 8 to 8
04-11 02:51:38.969  3450  3465 D native-activity: Comparing requested attrib 12324 value 8 to 8
04-11 02:51:38.969  3450  3465 D native-activity: Comparing requested attrib 12321 value 8 to 0
04-11 02:51:38.969  3450  3465 D native-activity: Examining config 0xee50de48
04-11 02:51:38.969  3450  3465 D native-activity: Comparing requested attrib 12339 value 4 to 1445
04-11 02:51:38.969  3450  3465 D native-activity: Comparing requested attrib 12352 value 4 to 69
04-11 02:51:38.969  3450  3465 D native-activity: Comparing requested attrib 12322 value 8 to 8
04-11 02:51:38.969  3450  3465 D native-activity: Comparing requested attrib 12323 value 8 to 8
04-11 02:51:38.969  3450  3465 D native-activity: Comparing requested attrib 12324 value 8 to 8
04-11 02:51:38.969  3450  3465 D native-activity: Comparing requested attrib 12321 value 8 to 0
04-11 02:51:38.969  3450  3465 D native-activity: Examining config 0xee50de90
04-11 02:51:38.969  3450  3465 D native-activity: Comparing requested attrib 12339 value 4 to 1445
04-11 02:51:38.969  3450  3465 D native-activity: Comparing requested attrib 12352 value 4 to 69
04-11 02:51:38.969  3450  3465 D native-activity: Comparing requested attrib 12322 value 8 to 8
04-11 02:51:38.969  3450  3465 D native-activity: Comparing requested attrib 12323 value 8 to 8
04-11 02:51:38.969  3450  3465 D native-activity: Comparing requested attrib 12324 value 8 to 8
04-11 02:51:38.969  3450  3465 D native-activity: Comparing requested attrib 12321 value 8 to 0
04-11 02:51:38.969  3450  3465 D native-activity: Examining config 0xee50de60
04-11 02:51:38.969  3450  3465 D native-activity: Comparing requested attrib 12339 value 4 to 1445
04-11 02:51:38.969  3450  3465 D native-activity: Comparing requested attrib 12352 value 4 to 69
04-11 02:51:38.969  3450  3465 D native-activity: Comparing requested attrib 12322 value 8 to 8
04-11 02:51:38.969  3450  3465 D native-activity: Comparing requested attrib 12323 value 8 to 8
04-11 02:51:38.969  3450  3465 D native-activity: Comparing requested attrib 12324 value 8 to 8
04-11 02:51:38.969  3450  3465 D native-activity: Comparing requested attrib 12321 value 8 to 0
04-11 02:51:38.969  3450  3465 D native-activity: Examining config 0xee50de78
04-11 02:51:38.969  3450  3465 D native-activity: Comparing requested attrib 12339 value 4 to 1445
04-11 02:51:38.969  3450  3465 D native-activity: Comparing requested attrib 12352 value 4 to 69
04-11 02:51:38.969  3450  3465 D native-activity: Comparing requested attrib 12322 value 8 to 8
04-11 02:51:38.969  3450  3465 D native-activity: Comparing requested attrib 12323 value 8 to 8
04-11 02:51:38.969  3450  3465 D native-activity: Comparing requested attrib 12324 value 8 to 8
04-11 02:51:38.969  3450  3465 D native-activity: Comparing requested attrib 12321 value 8 to 0
04-11 02:51:38.969  3450  3465 D native-activity: Examining config 0xee50df68
04-11 02:51:38.969  3450  3465 D native-activity: Comparing requested attrib 12339 value 4 to 1445
04-11 02:51:38.969  3450  3465 D native-activity: Comparing requested attrib 12352 value 4 to 69
04-11 02:51:38.969  3450  3465 D native-activity: Comparing requested attrib 12322 value 8 to 8
04-11 02:51:38.969  3450  3465 D native-activity: Comparing requested attrib 12323 value 8 to 8
04-11 02:51:38.969  3450  3465 D native-activity: Comparing requested attrib 12324 value 8 to 8
04-11 02:51:38.969  3450  3465 D native-activity: Comparing requested attrib 12321 value 8 to 0
04-11 02:51:38.969  3450  3465 D native-activity: Examining config 0xee50dfb0
04-11 02:51:38.969  3450  3465 D native-activity: Comparing requested attrib 12339 value 4 to 1445
04-11 02:51:38.969  3450  3465 D native-activity: Comparing requested attrib 12352 value 4 to 69
04-11 02:51:38.969  3450  3465 D native-activity: Comparing requested attrib 12322 value 8 to 8
04-11 02:51:38.969  3450  3465 D native-activity: Comparing requested attrib 12323 value 8 to 8
04-11 02:51:38.969  3450  3465 D native-activity: Comparing requested attrib 12324 value 8 to 8
04-11 02:51:38.969  3450  3465 D native-activity: Comparing requested attrib 12321 value 8 to 0
04-11 02:51:38.969  3450  3465 D native-activity: Examining config 0xee50df80
04-11 02:51:38.969  3450  3465 D native-activity: Comparing requested attrib 12339 value 4 to 1445
04-11 02:51:38.969  3450  3465 D native-activity: Comparing requested attrib 12352 value 4 to 69
04-11 02:51:38.969  3450  3465 D native-activity: Comparing requested attrib 12322 value 8 to 8
04-11 02:51:38.969  3450  3465 D native-activity: Comparing requested attrib 12323 value 8 to 8
04-11 02:51:38.969  3450  3465 D native-activity: Comparing requested attrib 12324 value 8 to 8
04-11 02:51:38.969  3450  3465 D native-activity: Comparing requested attrib 12321 value 8 to 0
04-11 02:51:38.969  3450  3465 D native-activity: Examining config 0xee50df98
04-11 02:51:38.969  3450  3465 D native-activity: Comparing requested attrib 12339 value 4 to 1445
04-11 02:51:38.969  3450  3465 D native-activity: Comparing requested attrib 12352 value 4 to 69
04-11 02:51:38.969  3450  3465 D native-activity: Comparing requested attrib 12322 value 8 to 8
04-11 02:51:38.969  3450  3465 D native-activity: Comparing requested attrib 12323 value 8 to 8
04-11 02:51:38.969  3450  3465 D native-activity: Comparing requested attrib 12324 value 8 to 8
04-11 02:51:38.969  3450  3465 D native-activity: Comparing requested attrib 12321 value 8 to 0
04-11 02:51:38.969  3450  3465 D native-activity: Examining config 0xee50dd88
04-11 02:51:38.969  3450  3465 D native-activity: Comparing requested attrib 12339 value 4 to 1445
04-11 02:51:38.969  3450  3465 D native-activity: Comparing requested attrib 12352 value 4 to 69
04-11 02:51:38.969  3450  3465 D native-activity: Comparing requested attrib 12322 value 8 to 8
04-11 02:51:38.969  3450  3465 D native-activity: Comparing requested attrib 12323 value 8 to 8
04-11 02:51:38.969  3450  3465 D native-activity: Comparing requested attrib 12324 value 8 to 8
04-11 02:51:38.969  3450  3465 D native-activity: Comparing requested attrib 12321 value 8 to 8
04-11 02:51:38.969  3450  3465 D native-activity: Comparing requested attrib 12325 value 16 to 0
04-11 02:51:38.969  3450  3465 D native-activity: Examining config 0xee50ddd0
04-11 02:51:38.969  3450  3465 D native-activity: Comparing requested attrib 12339 value 4 to 1445
04-11 02:51:38.969  3450  3465 D native-activity: Comparing requested attrib 12352 value 4 to 69
04-11 02:51:38.969  3450  3465 D native-activity: Comparing requested attrib 12322 value 8 to 8
04-11 02:51:38.969  3450  3465 D native-activity: Comparing requested attrib 12323 value 8 to 8
04-11 02:51:38.969  3450  3465 D native-activity: Comparing requested attrib 12324 value 8 to 8
04-11 02:51:38.969  3450  3465 D native-activity: Comparing requested attrib 12321 value 8 to 8
04-11 02:51:38.969  3450  3465 D native-activity: Comparing requested attrib 12325 value 16 to 0
04-11 02:51:38.969  3450  3465 D native-activity: Examining config 0xee50dda0
04-11 02:51:38.969  3450  3465 D native-activity: Comparing requested attrib 12339 value 4 to 1445
04-11 02:51:38.969  3450  3465 D native-activity: Comparing requested attrib 12352 value 4 to 69
04-11 02:51:38.969  3450  3465 D native-activity: Comparing requested attrib 12322 value 8 to 8
04-11 02:51:38.969  3450  3465 D native-activity: Comparing requested attrib 12323 value 8 to 8
04-11 02:51:38.969  3450  3465 D native-activity: Comparing requested attrib 12324 value 8 to 8
04-11 02:51:38.969  3450  3465 D native-activity: Comparing requested attrib 12321 value 8 to 8
04-11 02:51:38.969  3450  3465 D native-activity: Comparing requested attrib 12325 value 16 to 16
04-11 02:51:38.969  3450  3465 D native-activity: Comparing requested attrib 12326 value -1 to 0
04-11 02:51:38.969  3450  3465 D native-activity: Comparing requested attrib 12337 value 0 to 0
04-11 02:51:38.969  3450  3465 I native-activity: Using config 0xee50dda0 of 60 configs
04-11 02:51:38.969  3450  3465 I native-activity: 		EGL_CONFIG_ID: 10
04-11 02:51:38.969  3450  3465 I native-activity: 		EGL_CONFORMANT: 69 EGL_OPENGL_ES_BIT, EGL_OPENGL_ES2_BIT,
04-11 02:51:38.969  3450  3465 I native-activity: 		EGL_CONFIG_CAVEAT: 12344 EGL_NONE,
04-11 02:51:38.969  3450  3465 I native-activity: 		EGL_RENDERABLE_TYPE: 69 EGL_OPENGL_ES_BIT, EGL_OPENGL_ES2_BIT,
04-11 02:51:38.969  3450  3465 I native-activity: 		EGL_SURFACE_TYPE: 1445 EGL_PBUFFER_BIT, EGL_SWAP_BEHAVIOR_PRESERVED_BIT, EGL_VG_COLORSPACE_LINEAR_BIT, EGL_WINDOW_BIT,
04-11 02:51:38.969  3450  3465 I native-activity: 		EGL_LEVEL: 0
04-11 02:51:38.969  3450  3465 I native-activity: 		EGL_COLOR_BUFFER_TYPE: 12430 EGL_RGB_BUFFER,
04-11 02:51:38.969  3450  3465 I native-activity: 		EGL_BUFFER_SIZE: 32
04-11 02:51:38.969  3450  3465 I native-activity: 		EGL_SAMPLES: 0
04-11 02:51:38.969  3450  3465 I native-activity: 		EGL_SAMPLE_BUFFERS: 0
04-11 02:51:38.969  3450  3465 I native-activity: 		EGL_RED_SIZE: 8
04-11 02:51:38.969  3450  3465 I native-activity: 		EGL_GREEN_SIZE: 8
04-11 02:51:38.969  3450  3465 I native-activity: 		EGL_BLUE_SIZE: 8
04-11 02:51:38.969  3450  3465 I native-activity: 		EGL_ALPHA_SIZE: 8
04-11 02:51:38.969  3450  3465 I native-activity: 		EGL_ALPHA_MASK_SIZE: 0
04-11 02:51:38.969  3450  3465 I native-activity: 		EGL_LUMINANCE_SIZE: 0
04-11 02:51:38.969  3450  3465 I native-activity: 		EGL_TRANSPARENT_TYPE: 12344 EGL_NONE,
04-11 02:51:38.969  3450  3465 I native-activity: 		EGL_TRANSPARENT_RED_VALUE: -1
04-11 02:51:38.969  3450  3465 I native-activity: 		EGL_TRANSPARENT_GREEN_VALUE: -1
04-11 02:51:38.969  3450  3465 I native-activity: 		EGL_TRANSPARENT_BLUE_VALUE: -1
04-11 02:51:38.969  3450  3465 I native-activity: 		EGL_STENCIL_SIZE: 0
04-11 02:51:38.969  3450  3465 I native-activity: 		EGL_DEPTH_SIZE: 16
04-11 02:51:38.969  3450  3465 I native-activity: 		EGL_BIND_TO_TEXTURE_RGB: 0
04-11 02:51:38.969  3450  3465 I native-activity: 		EGL_BIND_TO_TEXTURE_RGBA: 1
04-11 02:51:38.969  3450  3465 I native-activity: 		EGL_MIN_SWAP_INTERVAL: 0
04-11 02:51:38.969  3450  3465 I native-activity: 		EGL_MAX_SWAP_INTERVAL: 1
04-11 02:51:38.969  3450  3465 I native-activity: 		EGL_MAX_PBUFFER_WIDTH: 16384
04-11 02:51:38.969  3450  3465 I native-activity: 		EGL_MAX_PBUFFER_HEIGHT: 16384
04-11 02:51:38.969  3450  3465 I native-activity: Creating pbuffer surface as pbuffer_bit is set
04-11 02:51:38.969  1434  1434 I MotionRecognitionService: On Battery, 0
04-11 02:51:38.969  1434  1434 D MotionRecognitionService:   cableConnection= 0
04-11 02:51:38.979 30475 30475 D KeyguardUpdateMonitor: received broadcast android.intent.action.BATTERY_CHANGED
04-11 02:51:38.979 30475 30475 D KeyguardUpdateMonitor: handleBatteryUpdate
04-11 02:51:38.979  3450  3465 I native-activity: EGL Surface 0xee525640 information
04-11 02:51:38.979  3450  3465 I native-activity: 		EGL_CONFIG_ID: 10
04-11 02:51:38.979  3450  3465 I native-activity: 		EGL_WIDTH: 2160
04-11 02:51:38.979  3450  3465 I native-activity: 		EGL_HEIGHT: 3840
04-11 02:51:38.979  3450  3465 I native-activity: 		EGL_HORIZONTAL_RESOLUTION: -1 EGL_UNKNOWN,
04-11 02:51:38.979  3450  3465 I native-activity: 		EGL_VERTICAL_RESOLUTION: -1 EGL_UNKNOWN,
04-11 02:51:38.979  3450  3465 I native-activity: 		EGL_PIXEL_ASPECT_RATIO: -1 EGL_UNKNOWN,
04-11 02:51:38.979  3450  3465 I native-activity: 		EGL_RENDER_BUFFER: 12420 EGL_BACK_BUFFER,
04-11 02:51:38.979  3450  3465 I native-activity: 		EGL_MIPMAP_TEXTURE: 0
04-11 02:51:38.979  3450  3465 I native-activity: 		EGL_TEXTURE_FORMAT: 12380 EGL_NO_TEXTURE,
04-11 02:51:38.979  3450  3465 I native-activity: 		EGL_TEXTURE_TARGET: 12380 EGL_NO_TEXTURE,
04-11 02:51:38.979  3450  3465 I native-activity: 		EGL_SWAP_BEHAVIOR: 12437 EGL_BUFFER_DESTROYED,
04-11 02:51:38.979  3450  3465 I native-activity: 		EGL_MULTISAMPLE_RESOLVE: 12442 EGL_MULTISAMPLE_RESOLVE_DEFAULT,
04-11 02:51:38.979 30938 30938 I BatteryChangedReceiver: received action: android.intent.action.BATTERY_CHANGED
04-11 02:51:38.979  3450  3465 I native-activity: Created context 0xee52d680, error 0x3000
04-11 02:51:38.979  3450  3465 I native-activity: 		EGL_CONFIG_ID: 10
04-11 02:51:38.979  3450  3465 I native-activity: 		EGL_CONTEXT_CLIENT_TYPE: 12448 EGL_OPENGL_ES_API,
04-11 02:51:38.979  3450  3465 I native-activity: 		EGL_CONTEXT_CLIENT_VERSION: 3
04-11 02:51:38.979  3450  3465 I native-activity: 		EGL_RENDER_BUFFER: 12344 EGL_NONE,
04-11 02:51:38.979  3450  3465 I native-activity: Context 0xee52d680 made current on surface 0xee525640, error 0x3000
04-11 02:51:38.979  3450  3465 I native-activity: GL information
04-11 02:51:38.979  3450  3465 I native-activity: 	Renderer: Adreno (TM) 530
04-11 02:51:38.979  3450  3465 I native-activity: 	Vendor: Qualcomm
04-11 02:51:38.979  3450  3465 I native-activity: 	Version: OpenGL ES 3.2 V@145.0 (GIT@I5bc0f577f9)
04-11 02:51:38.979  3450  3465 I native-activity: 	Shading Language: OpenGL ES GLSL ES 3.20
04-11 02:51:38.979  3450  3465 I native-activity: 	Extensions: GL_OES_EGL_image GL_OES_EGL_image_external GL_OES_EGL_sync GL_OES_vertex_half_float GL_OES_framebuffer_object GL_OES_rgb8_rgba8 GL_OES_compressed_ETC1_RGB8_texture GL_AMD_compressed_ATC_texture GL_KHR_texture_compression_astc_ldr GL_KHR_texture_compression_astc_hdr GL_OES_texture_compression_astc GL_OES_texture_npot GL_EXT_texture_filter_anisotropic GL_EXT_texture_format_BGRA8888 GL_OES_texture_3D GL_EXT_color_buffer_float GL_EXT_color_buffer_half_float GL_QCOM_alpha_test GL_OES_depth24 GL_OES_packed_depth_stencil GL_OES_depth_texture GL_OES_depth_texture_cube_map GL_EXT_sRGB GL_OES_texture_float GL_OES_texture_float_linear GL_OES_texture_half_float GL_OES_texture_half_float_linear GL_EXT_texture_type_2_10_10_10_REV GL_EXT_texture_sRGB_decode GL_OES_element_index_uint GL_EXT_copy_image GL_EXT_geometry_shader GL_EXT_tessellation_shader GL_OES_texture_stencil8 GL_EXT_shader_io_blocks GL_OES_shader_image_atomic GL_OES_sample_variables GL_EXT_texture_border_clamp GL_EXT_multisampled_render_to_textur
04-11 02:51:38.979  9560  9560 D SamsungIME: IMPL finishInput
04-11 02:51:38.979  9560  9560 D SamsungIME: SwiftKeyWrapper writeDBdataToFileOnFinishInput
04-11 02:51:38.979  9560  9560 D SamsungIME: saveAndClear +
04-11 02:51:38.979 30938 30938 D BatteryChangedReceiver: Battery changed, 24 out of 100
04-11 02:51:38.979  3450  3465 D libGLESv2: DTS_GLAPI : DTS is not allowed for Package : com.example.sonicdash_stage1
04-11 02:51:38.979  9560  9560 D SamsungIME: saveAndClear -
04-11 02:51:38.979  9560  9560 D SamsungIME: onStartInput: No inputType, No imeOption, isInputViewShown = false, isExtractViewShown = false, isShowInputRequested = false, isConfigChanged = false
04-11 02:51:38.979 30475 30475 D PowerUI : Cable  true --> true mBootCompleted : false
04-11 02:51:38.979 30475 30475 D PowerUI : Sending cableIntent : Intent { act=com.samsung.systemui.power.action.ACTION_CABLE_CONNECTED VirtualScreenParam=Params{mDisplayId=-1, null, mFlags=0x00000000)} }
04-11 02:51:38.979 30475 30475 D PowerUI : priorPlugType = 0 mPlugType =  0
04-11 02:51:38.979 30475 30475 D BatteryMeterView: ACTION_BATTERY_CHANGED : level:24 status:3 health:9
04-11 02:51:38.989  1434  1612 D KnoxTimeoutHandler: notifyActivityDrawn [MsgParam] userId: 0 fullscreen is true showWhenlocked is false
04-11 02:51:38.989  1434  1434 D KnoxTimeoutHandler: activityDrawn [MsgParam] userId: 0 fullscreen is true showWhenlocked is false
04-11 02:51:38.989  1434  1612 I ActivityManager: Displayed com.example.sonicdash_stage1/android.app.NativeActivity: +206ms
04-11 02:51:38.989  4152  4152 E MtpServerJNI: server is null in send_object_removed
04-11 02:51:38.989  1434  1612 D ViewRootImpl: #3 mView = null
04-11 02:51:38.999  1434  1434 I KnoxTimeoutHandler: SD activityfalse
04-11 02:51:38.999 30475 30475 D BatteryMeterView: ACTION_BATTERY_CHANGED : level:24 status:3 health:9
04-11 02:51:39.009  3450  3465 I native-activity: Context 0xee52d680 made current on surface 0xee525640, error 0x3000
04-11 02:51:39.009  3450  3465 I native-activity: GL information
04-11 02:51:39.009  3450  3465 I native-activity: 	Renderer: Adreno (TM) 530
04-11 02:51:39.009  3450  3465 I native-activity: 	Vendor: Qualcomm
