--------- beginning of system
04-11 02:49:01.349  1434  2219 D MdnieScenarioControlService:  packageName : com.sec.android.app.launcher    className : com.sec.android.app.launcher.activities.LauncherActivity
04-11 02:49:01.349  1434  2219 I MdnieScenarioControlService: mGameModeLauncher : false
04-11 02:49:01.349  1434  2219 I MdnieScenarioControlService: setUIMode
04-11 02:49:01.549  1434  1531 D CustomFrequencyManagerService: releaseDVFSLockLocked : Getting Lock type frm List : DVFS_MIN_LIMIT  frequency : 1555200  uid : 1000  pid : 1434  tag : ACTIVITY_RESUME_BOOSTER@14
04-11 02:49:01.549  1434  1531 D ActivityManager: mDVFSHelper.release()
04-11 02:49:01.549  1434  1531 D CustomFrequencyManagerService: acquireDVFSLockLocked : type : DVFS_MIN_LIMIT  frequency : 1555200  uid : 1000  pid : 1434  pkgName : ACTIVITY_RESUME_BOOSTER@20
--------- beginning of main
04-11 02:49:01.639  2782  2782 I FIPS_bssl: FIPS approved mode (1) | 2782 | app_process
04-11 02:49:01.649  2782  2782 D AndroidRuntime: >>>>>> START com.android.internal.os.RuntimeInit uid 2000 <<<<<<
04-11 02:49:01.649  2782  2782 D AndroidRuntime: CheckJNI is OFF
04-11 02:49:01.649  2782  2782 D AndroidRuntime: readGMSProperty: start
04-11 02:49:01.649  2782  2782 D AndroidRuntime: readGMSProperty: already setted!!
04-11 02:49:01.649  2782  2782 D AndroidRuntime: propertySet: couldn't set property (it is from app)
04-11 02:49:01.649  2782  2782 D AndroidRuntime: readGMSProperty: could not set the property(default)!!
04-11 02:49:01.649  2782  2782 D AndroidRuntime: propertySet: couldn't set property (it is from app)
04-11 02:49:01.649  2782  2782 D AndroidRuntime: propertySet: couldn't set property (it is from app)
04-11 02:49:01.649  2782  2782 D AndroidRuntime: propertySet: couldn't set property (it is from app)
04-11 02:49:01.649  2782  2782 D AndroidRuntime: propertySet: couldn't set property (it is from app)
04-11 02:49:01.649  2782  2782 D AndroidRuntime: readGMSProperty: end
04-11 02:49:01.649  2782  2782 D AndroidRuntime: addProductProperty: start
04-11 02:49:01.669  1434  1612 I Timeline: Timeline: Activity_windows_visible id: ActivityRecord{9cc6647 u0 com.sec.android.app.launcher/.activities.LauncherActivity t1205} time:135887280
04-11 02:49:01.669  1434  1612 D KnoxTimeoutHandler: notifyActivityDrawn [MsgParam] userId: 0 fullscreen is true showWhenlocked is false
04-11 02:49:01.669  1434  1434 D KnoxTimeoutHandler: activityDrawn [MsgParam] userId: 0 fullscreen is true showWhenlocked is false
04-11 02:49:01.669  1434  1434 I KnoxTimeoutHandler: SD activityfalse
04-11 02:49:01.679  2782  2782 D ICU     : No timezone override file found: /data/misc/zoneinfo/current/icu/icu_tzdata.dat
04-11 02:49:01.699  2782  2782 I Radio-JNI: register_android_hardware_Radio DONE
04-11 02:49:01.709  2782  2782 E AffinityControl: AffinityControl: registerfunction enter
04-11 02:49:01.719  2782  2782 D AndroidRuntime: Calling main entry com.android.commands.am.Am
04-11 02:49:01.739  1434  2609 D VirtualScreenPolicy: applyVirtualScreenAttrs attrs=VirtualScreenAttrs{mDisplayId=0, mBaseDisplayId=0, mBaseActivity=false}
04-11 02:49:01.739  2590  2590 D Launcher: onPause, Launcher: 188212575
04-11 02:49:01.739  2590  2590 D Launcher.HomeView: onPause
04-11 02:49:01.739  2590  2590 D Launcher.Workspace: exitWidgetResizeMode. isClearResizeFrame is false
04-11 02:49:01.739  1434  2609 D InputDispatcher: Focused application set to: xxxx
04-11 02:49:01.739  1434  1612 D ViewRootImpl: #1 mView = com.android.internal.policy.PhoneWindow$DecorView{24844ad V.E...... R.....ID 0,0-0,0}
04-11 02:49:01.739  1434  2609 D GameManagerService: identifyGamePackage. com.example.sonicdash_stage1
04-11 02:49:01.739  1434  2609 D MultiWindowPolicy: Gamemode - return 0,  when calling  identifyForegroundApp(com.example.sonicdash_stage1)
04-11 02:49:01.739  1434  2609 D CustomFrequencyManagerService: acquireDVFSLockLocked : type : DVFS_MIN_LIMIT  frequency : 1555200  uid : 1000  pid : 1434  pkgName : ACTIVITY_RESUME_BOOSTER@14
04-11 02:49:01.739  1434  2609 D ActivityManager: mDVFSHelper.acquire()
04-11 02:49:01.739  1434  2609 D FocusedStackFrame: Set to : 0
04-11 02:49:01.739  1434  2609 V WindowManager: addAppToken: AppWindowToken{d010a8dc4 token=Token{6880d7 ActivityRecord{156d856 u0 com.example.sonicdash_stage1/android.app.NativeActivity t1407}}} to stack=2 task=1407 at 0
04-11 02:49:01.739  1434  1612 D SecWifiDisplayUtil: Metadata value : SecSettings2
04-11 02:49:01.749  1434  2609 D InputDispatcher: Focus left window: 2590
04-11 02:49:01.749  1434  1612 D ISSUE_DEBUG: InputChannelName : c4a5373 Starting com.example.sonicdash_stage1
04-11 02:49:01.749  2782  2782 D AndroidRuntime: Shutting down VM
04-11 02:49:01.749  1434  1612 D PointerIcon: setMouseIconStyle1 pointerType: 1001 iconType:101 flag:0 pid:1434 uid:1000
04-11 02:49:01.749  1434  1612 D PointerIcon: setMouseCustomIcon IconType is same.101
04-11 02:49:01.749   648   648 I SurfaceFlinger: id=3044 createSurf (1440x2560),2 flag=404, tonicdash_s
04-11 02:49:01.759  1434  1612 D ViewRootImpl: MSG_RESIZED_REPORT: ci=Rect(0, 0 - 0, 0) vi=Rect(0, 0 - 0, 0) or=1
04-11 02:49:01.759  2792  2792 E Zygote  : v2
04-11 02:49:01.759  2792  2792 W SELinux : Function: selinux_compare_spd_ram, index[1], priority [2], priority version is VE=SEPF_SECMOBILE_6.0.1_0030
04-11 02:49:01.759  2792  2792 E Zygote  : accessInfo : 0
04-11 02:49:01.759  2792  2792 W SELinux : SELinux: seapp_context_lookup: seinfo=default, level=s0:c512,c768, pkgname=com.example.sonicdash_stage1 
04-11 02:49:01.759  2792  2792 I art     : Late-enabling -Xcheck:jni
04-11 02:49:01.759  2792  2792 I libpersona: KNOX_SDCARD checking this for 10231
04-11 02:49:01.759  2792  2792 I libpersona: KNOX_SDCARD not a persona
04-11 02:49:01.759  1434  2460 I ActivityManager: Start proc 2792:com.example.sonicdash_stage1/u0a231 for activity com.example.sonicdash_stage1/android.app.NativeActivity
04-11 02:49:01.779   648   648 D libEGL  : eglInitialize EGLDisplay = 0x7ff9c80178
04-11 02:49:01.789  1434  1612 V WindowStateAnimator: Finishing drawing window Window{c4a5373 u0 d0 Starting com.example.sonicdash_stage1}: mDrawState=DRAW_PENDING
04-11 02:49:01.789  2792  2792 D TimaKeyStoreProvider: TimaSignature is unavailable
04-11 02:49:01.789  2792  2792 D ActivityThread: Added TimaKeyStore provider
04-11 02:49:01.789  1434  2354 V WindowOrientationListener: setCurrentAppOrientation :-1
04-11 02:49:01.789  1434  2354 V WindowManager: rotationForOrientationLw(orient=-1, last=0); user=0 USER_ROTATION_LOCKED sensorRotation=-1 mLidState=-1 mDockMode=0 mHdmiPlugged=false mMobileKeyboardEnabled=false displayId=0
04-11 02:49:01.789  1434  2354 D ActivityManager:  Launching com.example.sonicdash_stage1, updated priority
04-11 02:49:01.799   648   648 D libEGL  : eglInitialize EGLDisplay = 0x7ff9c80178
04-11 02:49:01.799 30475 11744 D WallpaperService: resized:[frame]Rect(0, 0 - 2240, 2560) [newConfig] is null
04-11 02:49:01.799 30475 30475 D PanelView: updateQsState
04-11 02:49:01.799 30475 30475 D KeyguardSwipeHelper: reset()
04-11 02:49:01.799 30475 30475 D KeyguardUnlockEventHandler: reset()
04-11 02:49:01.799 30475 30475 D KeyguardSwipeHelper: resetChildViewVI()
04-11 02:49:01.799 30475 30475 D WallpaperService: MSG_WINDOW_RESIZED
04-11 02:49:01.799 30475 30475 D WallpaperService: updateSurface:[forceRelayout]true[redrawNeeded]false
04-11 02:49:01.799 30475 30475 V WallpaperService: Changes: creating=false format=false size=false
04-11 02:49:01.799 30475 30475 V WallpaperService: currentWidth:2240 currentHeight:2560 requestedWidth:2240 requestedWidth:2560
04-11 02:49:01.799 30475 30475 D WallpaperService: relayout
04-11 02:49:01.799  1434  1434 D GameManagerService: NotifyRunnable. pkg: com.example.sonicdash_stage1, type: 4, isMinimized: false, isTunableApp: false
04-11 02:49:01.799  1434  1434 D GameManagerService: unexpected mPrevNotiType: -1
04-11 02:49:01.809 30475 30475 V WallpaperService: relayout result: Surface(name=null)/@0xcd75b17, frame=Rect(0, 0 - 2240, 2560),relayoutResult:1, mConfiguration{0 1.0 themeSeq = 0 showBtnBg = -1 ?mcc?mnc en_US ?layoutDir ?swdp ?wdp ?hdp ?density ?lsize ?long ?orien ?uimode ?night ?touch ?keyb/?/? ?nav/? mkbd/?}
04-11 02:49:01.809 30475 30475 V WallpaperService: Wallpaper size has changed: (2240, 2560)
04-11 02:49:01.809  2792  2792 I InjectionManager: Inside getClassLibPath + mLibMap{0=, 1=}
04-11 02:49:01.809 30475 30475 D PhoneStatusBar: setSystemUiVisibility vis=8000 mask=ffffffff oldVal=8600 newVal=8000 diff=600
04-11 02:49:01.809  1434  1533 D RestrictionPolicy: isStatusBarExpansionAllowedAsUser : true, userId = 0
04-11 02:49:01.809   648   670 I SurfaceFlinger: Modify Choreographer's phase offset to 0
04-11 02:49:01.809  2792  2792 W ResourcesManager: getTopLevelResources: /data/app/com.example.sonicdash_stage1-1/base.apk / 1.0 running in com.example.sonicdash_stage1 rsrc of package com.example.sonicdash_stage1
04-11 02:49:01.809  1434  1454 I InjectionManagerService -AppFeature: getCoreFeaturePkgList :[]
04-11 02:49:01.809  1434  1533 W ContextImpl: Calling a method in the system process without a qualified user: android.app.ContextImpl.sendBroadcast:830 com.android.server.policy.PhoneWindowManager.notifyToSSRM:8638 com.android.server.policy.PhoneWindowManager.access$1500:307 com.android.server.policy.PhoneWindowManager$PolicyHandler.handleMessage:1212 android.os.Handler.dispatchMessage:102 
04-11 02:49:01.809  1434  1533 D StatusBarManagerService: manageDisableList userId=0 what=0x0 pkg=Window{c4a5373 u0 d0 Starting com.example.sonicdash_stage1}
04-11 02:49:01.809  1434  6994 D GameManagerService: identifyGamePackage. com.example.sonicdash_stage1
04-11 02:49:01.809  1434  6994 D GameManagerService: identifyGamePackage. com.example.sonicdash_stage1
04-11 02:49:01.809  2792  2792 D ResourcesManager: For user 0 new overlays fetched Null
04-11 02:49:01.819   648  3737 D libEGL  : eglTerminate EGLDisplay = 0x7fae78aea8
04-11 02:49:01.819  1434  1533 D RestrictionPolicy: isStatusBarExpansionAllowedAsUser : true, userId = 0
04-11 02:49:01.819   648   670 I SurfaceFlinger: Modify SurfaceFlinger's phase offset to 0
04-11 02:49:01.819 30475 30475 V PhoneStatusBar: setLightsOn(true)
04-11 02:49:01.819  2792  2792 I InjectionManager: Inside getClassLibPath caller 
04-11 02:49:01.819  2792  2792 D InjectionManager: InjectionManager
04-11 02:49:01.819  2792  2792 D InjectionManager: fillFeatureStoreMap com.example.sonicdash_stage1
04-11 02:49:01.819  2792  2792 I InjectionManager: Constructor com.example.sonicdash_stage1, Feature store :{}
04-11 02:49:01.819  2792  2792 I InjectionManager: featureStore :{}
04-11 02:49:01.819  2792  2792 W ResourcesManager: getTopLevelResources: /data/app/com.example.sonicdash_stage1-1/base.apk / 1.0 running in com.example.sonicdash_stage1 rsrc of package com.example.sonicdash_stage1
04-11 02:49:01.829  2792  2792 D RelationGraph: garbageCollect()
04-11 02:49:01.829  2792  2792 D ContextRelationManager: ContextRelationManager() : FEATURE_ENABLED=true
04-11 02:49:01.829  2792  2792 W ResourcesManager: getTopLevelResources: /data/app/com.example.sonicdash_stage1-1/base.apk / 1.0 running in com.example.sonicdash_stage1 rsrc of package com.example.sonicdash_stage1
04-11 02:49:01.829  1434  6994 D ConnectivityService: returning getNetworkInfo for network type 1 : [type: WIFI[] - WIFI, state: CONNECTED/CONNECTED, reason: (unspecified), extra: "wildfredland_ext", roaming: false, failover: false, isAvailable: true]
04-11 02:49:01.839  1434  6994 D GameManagerService: identifyGamePackage. com.example.sonicdash_stage1
04-11 02:49:01.839  1434  6994 D GameManagerService: identifyGamePackage. com.example.sonicdash_stage1
04-11 02:49:01.839  1434  6994 D GameManagerService: identifyGamePackage. com.example.sonicdash_stage1
04-11 02:49:01.849  2792  2792 V threaded_app: Creating: 0xf4b382c0
04-11 02:49:01.849  2792  2806 V threaded_app: Config: mcc=310 mnc=410 lang=en cnt=US orien=1 touch=3 dens=640 keys=1 nav=1 keysHid=3 navHid=0 sdk=23 size=2 long=2 modetype=1 modenight=1
04-11 02:49:01.849  2792  2806 I native-activity: Starting android_main
04-11 02:49:01.849  2792  2806 I native-activity:   Activity 0xf4b382c0
04-11 02:49:01.849  2792  2806 I native-activity:   VM 0xf4b34000
04-11 02:49:01.849  2792  2806 I native-activity:   JNIEnv 0xf4b17200
04-11 02:49:01.849  2792  2806 D native-activity: Changing permissions for the internal storage at /data/user/0/com.example.sonicdash_stage1/files
04-11 02:49:01.849  2792  2806 I native-activity: Attaching entry point thread to JNIEnv
04-11 02:49:01.849  2792  2792 D Activity: performCreate Call Injection manager
04-11 02:49:01.849  2792  2806 I native-activity: Loading activity configuration
04-11 02:49:01.849  2792  2806 V native-activity: get_boolean_extra for *env 0xf437395c intent 0x200005 extra_name egl_swap_preserve_bit
04-11 02:49:01.849  2792  2806 V native-activity: get_boolean_extra for *env 0xf437395c intent 0x200005 extra_name egl_window_bit
04-11 02:49:01.849  2792  2806 V native-activity: get_boolean_extra for *env 0xf437395c intent 0x200005 extra_name egl_pbuffer_bit
04-11 02:49:01.849  2792  2806 V native-activity: get_boolean_extra for *env 0xf437395c intent 0x200005 extra_name gl_enable_dither
04-11 02:49:01.849  2792  2806 V native-activity: get_boolean_extra for *env 0xf437395c intent 0x200005 extra_name gl_disable_dither
04-11 02:49:01.849  2792  2806 V native-activity: get_boolean_extra for *env 0xf437395c intent 0x200005 extra_name gl_log_context
04-11 02:49:01.849  2792  2806 V native-activity: get_boolean_extra for *env 0xf437395c intent 0x200005 extra_name stop_motion
04-11 02:49:01.849  2792  2806 V native-activity: get_boolean_extra for *env 0xf437395c intent 0x200005 extra_name capture_compressed
04-11 02:49:01.849  2792  2806 I native-activity: EGL configuration
04-11 02:49:01.849  2792  2806 I native-activity: 	egl_swap_preserve_bit: 0
04-11 02:49:01.849  2792  2806 I native-activity: 	egl_window_bit: 1
04-11 02:49:01.849  2792  2806 I native-activity: 	egl_pbuffer_bit: 1
04-11 02:49:01.849  2792  2806 I native-activity: 	egl_width: 720
04-11 02:49:01.849  2792  2806 I native-activity: 	egl_height: 1280
04-11 02:49:01.849  2792  2806 I native-activity: 	egl_red_size: 8
04-11 02:49:01.849  2792  2806 I native-activity: 	egl_green_size: 8
04-11 02:49:01.849  2792  2806 I native-activity: 	egl_blue_size: 8
04-11 02:49:01.849  2792  2806 I native-activity: 	egl_alpha_size: 8
04-11 02:49:01.849  2792  2806 I native-activity: 	egl_depth_size: 16
04-11 02:49:01.849  2792  2806 I native-activity: 	egl_stencil_size: -1
04-11 02:49:01.849  2792  2806 I native-activity: 	egl_swapbuffers_sync: 2
04-11 02:49:01.849  2792  2806 I native-activity: GL configuration
04-11 02:49:01.849  2792  2806 I native-activity: 	gl_enable_dither: 0
04-11 02:49:01.849  2792  2806 I native-activity: 	gl_disable_dither: 0
04-11 02:49:01.849  2792  2806 I native-activity: 	gl_get_error: 1
04-11 02:49:01.849  2792  2806 I native-activity: 	gl_log_context: 1
04-11 02:49:01.849  2792  2806 I native-activity: Runtime configuration
04-11 02:49:01.849  2792  2806 I native-activity: 	draw_limit:        0
04-11 02:49:01.849  2792  2806 I native-activity: 	frame_limit:       0
04-11 02:49:01.849  2792  2806 I native-activity: 	stop_motion:       0
04-11 02:49:01.849  2792  2792 V threaded_app: Start: 0xf4b382c0
04-11 02:49:01.849  2792  2806 I native-activity: 	capture_frequency: 0
04-11 02:49:01.849  2792  2806 I native-activity: 	capture_compressed: 1
04-11 02:49:01.849  1434  2616 E SensorService: getSensorList a sensor (HRM Ambient Light Canceling) without holding its required permission: com.samsung.permission.HRM_EXT
04-11 02:49:01.849  1434  2616 I SensorService: Skipped sensor HRM Ambient Light Canceling because it requires permission com.samsung.permission.HRM_EXT and app op -1
04-11 02:49:01.849  1434  2616 E SensorService: getSensorList a sensor (Rear Proximity detecting) without holding its required permission: com.samsung.permission.HRM_EXT
04-11 02:49:01.849  1434  2616 I SensorService: Skipped sensor Rear Proximity detecting because it requires permission com.samsung.permission.HRM_EXT and app op -1
04-11 02:49:01.849  1434  2616 W ServiceManager: Permission failure: android.permission.BODY_SENSORS from uid=10231 pid=2792
04-11 02:49:01.849  1434  2616 E SensorService: getSensorList a sensor (HRMLED IR) without holding its required permission: android.permission.BODY_SENSORS
04-11 02:49:01.849  1434  2616 I SensorService: Skipped sensor HRMLED IR because it requires permission android.permission.BODY_SENSORS and app op 56
04-11 02:49:01.849  1434  2616 W ServiceManager: Permission failure: android.permission.BODY_SENSORS from uid=10231 pid=2792
04-11 02:49:01.849  1434  2616 E SensorService: getSensorList a sensor (HRMLED RED) without holding its required permission: android.permission.BODY_SENSORS
04-11 02:49:01.849  1434  2616 I SensorService: Skipped sensor HRMLED RED because it requires permission android.permission.BODY_SENSORS and app op 56
04-11 02:49:01.849  1434  2616 E SensorService: getSensorList a sensor (MAX86902) without holding its required permission: com.samsung.permission.SSENSOR
04-11 02:49:01.849  1434  2616 I SensorService: Skipped sensor MAX86902 because it requires permission com.samsung.permission.SSENSOR and app op -1
04-11 02:49:01.849  1434  2616 E SensorService: getSensorList a sensor (HRM Sensor) without holding its required permission: com.samsung.permission.SSENSOR
04-11 02:49:01.849  1434  2616 I SensorService: Skipped sensor HRM Sensor because it requires permission com.samsung.permission.SSENSOR and app op -1
04-11 02:49:01.849  1434  2616 W ServiceManager: Permission failure: android.permission.BODY_SENSORS from uid=10231 pid=2792
04-11 02:49:01.849  1434  2616 E SensorService: getSensorList a sensor (HeartRate Sensor) without holding its required permission: android.permission.BODY_SENSORS
04-11 02:49:01.849  1434  2616 I SensorService: Skipped sensor HeartRate Sensor because it requires permission android.permission.BODY_SENSORS and app op 56
04-11 02:49:01.849  1434  1453 D SensorService: SensorEventConnection::SocketBufferSize, SystemSocketBufferSize - 102400, 8388608
04-11 02:49:01.849  2792  2806 V threaded_app: activityState=10
04-11 02:49:01.849  2792  2792 I InjectionManager: dispatchOnViewCreated > Target : android.app.NativeActivity isFragment :false
04-11 02:49:01.849  2792  2792 V threaded_app: Resume: 0xf4b382c0
04-11 02:49:01.849  2792  2806 V threaded_app: activityState=11
04-11 02:49:01.849  1434  1434 D CustomFrequencyManagerService: releaseDVFSLockLocked : Getting Lock type frm List : DVFS_MIN_LIMIT  frequency : 1555200  uid : 1000  pid : 1434  tag : ACTIVITY_RESUME_BOOSTER@20
04-11 02:49:01.859  2792  2792 D ViewRootImpl: #1 mView = com.android.internal.policy.PhoneWindow$DecorView{1ad9756 I.E...... R.....ID 0,0-0,0}
04-11 02:49:01.859  1434  2609 D ISSUE_DEBUG: InputChannelName : 552a748 com.example.sonicdash_stage1/android.app.NativeActivity
04-11 02:49:01.859  2792  2792 D SecWifiDisplayUtil: Metadata value : SecSettings2
04-11 02:49:01.869  2792  2792 V threaded_app: InputQueueCreated: 0xf4b382c0 -- 0xf4b39b20
04-11 02:49:01.869  2792  2806 V threaded_app: APP_CMD_INPUT_CHANGED
04-11 02:49:01.869  2792  2806 V threaded_app: Attaching input queue to looper
04-11 02:49:01.869  1434  2588 D ActivityManager: post active user change for 0 fullscreen true isFloatingActivity() false isHomeActivity() false
04-11 02:49:01.869  1434  2588 D KnoxTimeoutHandler: postActiveUserChange [MsgParam] userId: 0 fullscreen is true showWhenlocked is false
04-11 02:49:01.869  1434  1434 D KnoxTimeoutHandler: handleActiveUserChange [MsgParam] userId: 0 fullscreen is true showWhenlocked is false
04-11 02:49:01.869  1434  1434 I KnoxTimeoutHandler: Shared devices show user statefalse
04-11 02:49:01.879   648   648 I SurfaceFlinger: id=3045 createSurf (1x1),4 flag=404, OativeActiv
04-11 02:49:01.889  1434  2161 D InputDispatcher: Focus entered window: 2792
04-11 02:49:01.899  2792  2792 V threaded_app: NativeWindowCreated: 0xf4b382c0 -- 0xee2aed08
04-11 02:49:01.899  2792  2806 V threaded_app: APP_CMD_INIT_WINDOW
04-11 02:49:01.899  2792  2792 D ViewSystem: ViewRootImpl >> surfaceCreated
04-11 02:49:01.899  2792  2792 D ViewSystem: ViewRootImpl >> surfaceChanged W=1440, H=2560)
04-11 02:49:01.899  2792  2792 D ViewRootImpl: MSG_RESIZED_REPORT: ci=Rect(0, 0 - 0, 0) vi=Rect(0, 0 - 0, 0) or=1
04-11 02:49:01.899  2792  2806 I Adreno  : QUALCOMM build                   : 0039a8c, I5bc0f577f9
04-11 02:49:01.899  2792  2806 I Adreno  : Build Date                       : 08/03/16
04-11 02:49:01.899  2792  2806 I Adreno  : OpenGL ES Shader Compiler Version: XE031.08.00.02
04-11 02:49:01.899  2792  2806 I Adreno  : Local Branch                     : 
04-11 02:49:01.899  2792  2806 I Adreno  : Remote Branch                    : refs/tags/AU_LINUX_ANDROID_LA.HB.1.1.1.C1.06.00.00.165.223
04-11 02:49:01.899  2792  2806 I Adreno  : Remote Branch                    : NONE
04-11 02:49:01.899  2792  2806 I Adreno  : Reconstruct Branch               : NOTHING
04-11 02:49:01.899  1434  1612 D PointerIcon: setMouseIconStyle1 pointerType: 1001 iconType:101 flag:0 pid:1434 uid:1000
04-11 02:49:01.899  1434  1612 D PointerIcon: setMouseCustomIcon IconType is same.101
04-11 02:49:01.899  2792  2806 D libEGL  : eglInitialize EGLDisplay = 0xf310270c
04-11 02:49:01.899  2792  2806 I native-activity: EGL information on display 0x1
04-11 02:49:01.899  2792  2806 I native-activity: 		EGL_VENDOR: Android
04-11 02:49:01.899  2792  2806 I native-activity: 		EGL_VERSION: 1.4 Android META-EGL
04-11 02:49:01.899  2792  2806 I native-activity: 		EGL_CLIENT_APIS: OpenGL_ES
04-11 02:49:01.899  2792  2806 I native-activity: 		EGL_EXTENSIONS: EGL_KHR_get_all_proc_addresses EGL_ANDROID_presentation_time EGL_KHR_swap_buffers_with_damage EGL_KHR_image EGL_KHR_image_base EGL_KHR_lock_surface EGL_KHR_gl_texture_2D_image EGL_KHR_gl_texture_3D_image EGL_KHR_gl_texture_cubemap_image EGL_KHR_gl_renderbuffer_image EGL_KHR_reusable_sync EGL_KHR_fence_sync EGL_KHR_create_context EGL_KHR_surfaceless_context EGL_EXT_create_context_robustness EGL_ANDROID_image_native_buffer EGL_KHR_wait_sync EGL_ANDROID_recordable EGL_KHR_partial_update EGL_KHR_create_context_no_error 
04-11 02:49:01.899  2792  2806 D native-activity: EGL configurations 60
04-11 02:49:01.899  2792  2806 D native-activity: 	Config 0xee50dc98 index 0
04-11 02:49:01.899  2792  2806 V native-activity: 		EGL_CONFIG_ID: 1
04-11 02:49:01.899  2792  2806 V native-activity: 		EGL_CONFORMANT: 69 EGL_OPENGL_ES_BIT, EGL_OPENGL_ES2_BIT,
04-11 02:49:01.899  2792  2806 V native-activity: 		EGL_CONFIG_CAVEAT: 12344 EGL_NONE,
04-11 02:49:01.899  2792  2806 V native-activity: 		EGL_RENDERABLE_TYPE: 69 EGL_OPENGL_ES_BIT, EGL_OPENGL_ES2_BIT,
04-11 02:49:01.899  2792  2806 V native-activity: 		EGL_SURFACE_TYPE: 1445 EGL_PBUFFER_BIT, EGL_SWAP_BEHAVIOR_PRESERVED_BIT, EGL_VG_COLORSPACE_LINEAR_BIT, EGL_WINDOW_BIT,
04-11 02:49:01.899  2792  2806 V native-activity: 		EGL_LEVEL: 0
04-11 02:49:01.899  2792  2806 V native-activity: 		EGL_COLOR_BUFFER_TYPE: 12430 EGL_RGB_BUFFER,
04-11 02:49:01.899  2792  2806 V native-activity: 		EGL_BUFFER_SIZE: 16
04-11 02:49:01.899  2792  2806 V native-activity: 		EGL_SAMPLES: 0
04-11 02:49:01.899  2792  2806 V native-activity: 		EGL_SAMPLE_BUFFERS: 0
04-11 02:49:01.899  2792  2806 V native-activity: 		EGL_RED_SIZE: 5
04-11 02:49:01.899  2792  2806 V native-activity: 		EGL_GREEN_SIZE: 6
04-11 02:49:01.899  2792  2806 V native-activity: 		EGL_BLUE_SIZE: 5
04-11 02:49:01.899  2792  2806 V native-activity: 		EGL_ALPHA_SIZE: 0
04-11 02:49:01.899  2792  2806 V native-activity: 		EGL_ALPHA_MASK_SIZE: 0
04-11 02:49:01.899  2792  2806 V native-activity: 		EGL_LUMINANCE_SIZE: 0
04-11 02:49:01.899  2792  2806 V native-activity: 		EGL_TRANSPARENT_TYPE: 12344 EGL_NONE,
04-11 02:49:01.899  2792  2806 V native-activity: 		EGL_TRANSPARENT_RED_VALUE: -1
04-11 02:49:01.899  2792  2806 V native-activity: 		EGL_TRANSPARENT_GREEN_VALUE: -1
04-11 02:49:01.899  2792  2806 V native-activity: 		EGL_TRANSPARENT_BLUE_VALUE: -1
04-11 02:49:01.899  2792  2806 V native-activity: 		EGL_STENCIL_SIZE: 0
04-11 02:49:01.899  2792  2806 V native-activity: 		EGL_DEPTH_SIZE: 0
04-11 02:49:01.899  2792  2806 V native-activity: 		EGL_BIND_TO_TEXTURE_RGB: 1
04-11 02:49:01.899  2792  2806 V native-activity: 		EGL_BIND_TO_TEXTURE_RGBA: 0
04-11 02:49:01.899  2792  2806 V native-activity: 		EGL_MIN_SWAP_INTERVAL: 0
04-11 02:49:01.899  2792  2806 V native-activity: 		EGL_MAX_SWAP_INTERVAL: 1
04-11 02:49:01.899  2792  2806 V native-activity: 		EGL_MAX_PBUFFER_WIDTH: 16384
04-11 02:49:01.899  2792  2806 V native-activity: 		EGL_MAX_PBUFFER_HEIGHT: 16384
04-11 02:49:01.899  2792  2806 D native-activity: 	Config 0xee50e058 index 1
04-11 02:49:01.899  2792  2806 V native-activity: 		EGL_CONFIG_ID: 41
04-11 02:49:01.899  2792  2806 V native-activity: 		EGL_CONFORMANT: 69 EGL_OPENGL_ES_BIT, EGL_OPENGL_ES2_BIT,
04-11 02:49:01.899  2792  2806 V native-activity: 		EGL_CONFIG_CAVEAT: 12344 EGL_NONE,
04-11 02:49:01.899  2792  2806 V native-activity: 		EGL_RENDERABLE_TYPE: 69 EGL_OPENGL_ES_BIT, EGL_OPENGL_ES2_BIT,
04-11 02:49:01.899  2792  2806 V native-activity: 		EGL_SURFACE_TYPE: 1445 EGL_PBUFFER_BIT, EGL_SWAP_BEHAVIOR_PRESERVED_BIT, EGL_VG_COLORSPACE_LINEAR_BIT, EGL_WINDOW_BIT,
04-11 02:49:01.899  2792  2806 V native-activity: 		EGL_LEVEL: 0
04-11 02:49:01.899  2792  2806 V native-activity: 		EGL_COLOR_BUFFER_TYPE: 12430 EGL_RGB_BUFFER,
04-11 02:49:01.899  2792  2806 V native-activity: 		EGL_BUFFER_SIZE: 16
04-11 02:49:01.899  2792  2806 V native-activity: 		EGL_SAMPLES: 0
04-11 02:49:01.899  2792  2806 V native-activity: 		EGL_SAMPLE_BUFFERS: 0
04-11 02:49:01.899  2792  2806 V native-activity: 		EGL_RED_SIZE: 5
04-11 02:49:01.899  2792  2806 V native-activity: 		EGL_GREEN_SIZE: 5
04-11 02:49:01.899  2792  2806 V native-activity: 		EGL_BLUE_SIZE: 5
04-11 02:49:01.899  2792  2806 V native-activity: 		EGL_ALPHA_SIZE: 1
04-11 02:49:01.899  2792  2806 V native-activity: 		EGL_ALPHA_MASK_SIZE: 0
04-11 02:49:01.899  2792  2806 V native-activity: 		EGL_LUMINANCE_SIZE: 0
04-11 02:49:01.899  2792  2806 V native-activity: 		EGL_TRANSPARENT_TYPE: 12344 EGL_NONE,
04-11 02:49:01.899  2792  2806 V native-activity: 		EGL_TRANSPARENT_RED_VALUE: -1
04-11 02:49:01.899  2792  2806 V native-activity: 		EGL_TRANSPARENT_GREEN_VALUE: -1
04-11 02:49:01.899  2792  2806 V native-activity: 		EGL_TRANSPARENT_BLUE_VALUE: -1
04-11 02:49:01.899  2792  2806 V native-activity: 		EGL_STENCIL_SIZE: 0
04-11 02:49:01.899  2792  2806 V native-activity: 		EGL_DEPTH_SIZE: 0
04-11 02:49:01.899  2792  2806 V native-activity: 		EGL_BIND_TO_TEXTURE_RGB: 0
04-11 02:49:01.899  2792  2806 V native-activity: 		EGL_BIND_TO_TEXTURE_RGBA: 1
04-11 02:49:01.899  2792  2806 V native-activity: 		EGL_MIN_SWAP_INTERVAL: 0
04-11 02:49:01.899  2792  2806 V native-activity: 		EGL_MAX_SWAP_INTERVAL: 1
04-11 02:49:01.899  2792  2806 V native-activity: 		EGL_MAX_PBUFFER_WIDTH: 16384
04-11 02:49:01.899  2792  2806 V native-activity: 		EGL_MAX_PBUFFER_HEIGHT: 16384
04-11 02:49:01.899  2792  2806 D native-activity: 	Config 0xee50e0b8 index 2
04-11 02:49:01.899  2792  2806 V native-activity: 		EGL_CONFIG_ID: 45
04-11 02:49:01.899  2792  2806 V native-activity: 		EGL_CONFORMANT: 69 EGL_OPENGL_ES_BIT, EGL_OPENGL_ES2_BIT,
04-11 02:49:01.899  2792  2806 V native-activity: 		EGL_CONFIG_CAVEAT: 12344 EGL_NONE,
04-11 02:49:01.899  2792  2806 V native-activity: 		EGL_RENDERABLE_TYPE: 69 EGL_OPENGL_ES_BIT, EGL_OPENGL_ES2_BIT,
04-11 02:49:01.899  2792  2806 V native-activity: 		EGL_SURFACE_TYPE: 1445 EGL_PBUFFER_BIT, EGL_SWAP_BEHAVIOR_PRESERVED_BIT, EGL_VG_COLORSPACE_LINEAR_BIT, EGL_WINDOW_BIT,
04-11 02:49:01.899  2792  2806 V native-activity: 		EGL_LEVEL: 0
04-11 02:49:01.899  2792  2806 V native-activity: 		EGL_COLOR_BUFFER_TYPE: 12430 EGL_RGB_BUFFER,
04-11 02:49:01.899  2792  2806 V native-activity: 		EGL_BUFFER_SIZE: 16
04-11 02:49:01.899  2792  2806 V native-activity: 		EGL_SAMPLES: 0
04-11 02:49:01.899  2792  2806 V native-activity: 		EGL_SAMPLE_BUFFERS: 0
04-11 02:49:01.899  2792  2806 V native-activity: 		EGL_RED_SIZE: 4
04-11 02:49:01.899  2792  2806 V native-activity: 		EGL_GREEN_SIZE: 4
04-11 02:49:01.899  2792  2806 V native-activity: 		EGL_BLUE_SIZE: 4
04-11 02:49:01.899  2792  2806 V native-activity: 		EGL_ALPHA_SIZE: 4
04-11 02:49:01.899  2792  2806 V native-activity: 		EGL_ALPHA_MASK_SIZE: 0
04-11 02:49:01.899  2792  2806 V native-activity: 		EGL_LUMINANCE_SIZE: 0
04-11 02:49:01.899  2792  2806 V native-activity: 		EGL_TRANSPARENT_TYPE: 12344 EGL_NONE,
04-11 02:49:01.899  2792  2806 V native-activity: 		EGL_TRANSPARENT_RED_VALUE: -1
04-11 02:49:01.899  2792  2806 V native-activity: 		EGL_TRANSPARENT_GREEN_VALUE: -1
04-11 02:49:01.899  2792  2806 V native-activity: 		EGL_TRANSPARENT_BLUE_VALUE: -1
04-11 02:49:01.899  2792  2806 V native-activity: 		EGL_STENCIL_SIZE: 0
04-11 02:49:01.899  2792  2806 V native-activity: 		EGL_DEPTH_SIZE: 0
04-11 02:49:01.899  2792  2806 V native-activity: 		EGL_BIND_TO_TEXTURE_RGB: 0
04-11 02:49:01.899  2792  2806 V native-activity: 		EGL_BIND_TO_TEXTURE_RGBA: 1
04-11 02:49:01.899  2792  2806 V native-activity: 		EGL_MIN_SWAP_INTERVAL: 0
04-11 02:49:01.899  2792  2806 V native-activity: 		EGL_MAX_SWAP_INTERVAL: 1
04-11 02:49:01.899  2792  2806 V native-activity: 		EGL_MAX_PBUFFER_WIDTH: 16384
04-11 02:49:01.899  2792  2806 V native-activity: 		EGL_MAX_PBUFFER_HEIGHT: 16384
04-11 02:49:01.899  2792  2806 D native-activity: 	Config 0xee50dce0 index 3
04-11 02:49:01.899  2792  2806 V native-activity: 		EGL_CONFIG_ID: 4
04-11 02:49:01.899  2792  2806 V native-activity: 		EGL_CONFORMANT: 69 EGL_OPENGL_ES_BIT, EGL_OPENGL_ES2_BIT,
04-11 02:49:01.899  2792  2806 V native-activity: 		EGL_CONFIG_CAVEAT: 12344 EGL_NONE,
04-11 02:49:01.899  2792  2806 V native-activity: 		EGL_RENDERABLE_TYPE: 69 EGL_OPENGL_ES_BIT, EGL_OPENGL_ES2_BIT,
04-11 02:49:01.899  2792  2806 V native-activity: 		EGL_SURFACE_TYPE: 1445 EGL_PBUFFER_BIT, EGL_SWAP_BEHAVIOR_PRESERVED_BIT, EGL_VG_COLORSPACE_LINEAR_BIT, EGL_WINDOW_BIT,
04-11 02:49:01.899  2792  2806 V native-activity: 		EGL_LEVEL: 0
04-11 02:49:01.899  2792  2806 V native-activity: 		EGL_COLOR_BUFFER_TYPE: 12430 EGL_RGB_BUFFER,
04-11 02:49:01.899  2792  2806 V native-activity: 		EGL_BUFFER_SIZE: 16
04-11 02:49:01.899  2792  2806 V native-activity: 		EGL_SAMPLES: 0
04-11 02:49:01.899  2792  2806 V native-activity: 		EGL_SAMPLE_BUFFERS: 0
04-11 02:49:01.899  2792  2806 V native-activity: 		EGL_RED_SIZE: 5
04-11 02:49:01.899  2792  2806 V native-activity: 		EGL_GREEN_SIZE: 6
04-11 02:49:01.899  2792  2806 V native-activity: 		EGL_BLUE_SIZE: 5
04-11 02:49:01.899  2792  2806 V native-activity: 		EGL_ALPHA_SIZE: 0
04-11 02:49:01.899  2792  2806 V native-activity: 		EGL_ALPHA_MASK_SIZE: 0
04-11 02:49:01.899  2792  2806 V native-activity: 		EGL_LUMINANCE_SIZE: 0
04-11 02:49:01.899  2792  2806 V native-activity: 		EGL_TRANSPARENT_TYPE: 12344 EGL_NONE,
04-11 02:49:01.899  2792  2806 V native-activity: 		EGL_TRANSPARENT_RED_VALUE: -1
04-11 02:49:01.899  2792  2806 V native-activity: 		EGL_TRANSPARENT_GREEN_VALUE: -1
04-11 02:49:01.899  2792  2806 V native-activity: 		EGL_TRANSPARENT_BLUE_VALUE: -1
04-11 02:49:01.899  2792  2806 V native-activity: 		EGL_STENCIL_SIZE: 8
04-11 02:49:01.899  2792  2806 V native-activity: 		EGL_DEPTH_SIZE: 0
04-11 02:49:01.899  2792  2806 V native-activity: 		EGL_BIND_TO_TEXTURE_RGB: 1
04-11 02:49:01.899  2792  2806 V native-activity: 		EGL_BIND_TO_TEXTURE_RGBA: 0
04-11 02:49:01.899  2792  2806 V native-activity: 		EGL_MIN_SWAP_INTERVAL: 0
04-11 02:49:01.899  2792  2806 V native-activity: 		EGL_MAX_SWAP_INTERVAL: 1
04-11 02:49:01.899  2792  2806 V native-activity: 		EGL_MAX_PBUFFER_WIDTH: 16384
04-11 02:49:01.899  2792  2806 V native-activity: 		EGL_MAX_PBUFFER_HEIGHT: 16384
04-11 02:49:01.899  2792  2806 D native-activity: 	Config 0xee50e0a0 index 4
04-11 02:49:01.899  2792  2806 V native-activity: 		EGL_CONFIG_ID: 44
04-11 02:49:01.899  2792  2806 V native-activity: 		EGL_CONFORMANT: 69 EGL_OPENGL_ES_BIT, EGL_OPENGL_ES2_BIT,
04-11 02:49:01.899  2792  2806 V native-activity: 		EGL_CONFIG_CAVEAT: 12344 EGL_NONE,
04-11 02:49:01.899  2792  2806 V native-activity: 		EGL_RENDERABLE_TYPE: 69 EGL_OPENGL_ES_BIT, EGL_OPENGL_ES2_BIT,
04-11 02:49:01.899  2792  2806 V native-activity: 		EGL_SURFACE_TYPE: 1445 EGL_PBUFFER_BIT, EGL_SWAP_BEHAVIOR_PRESERVED_BIT, EGL_VG_COLORSPACE_LINEAR_BIT, EGL_WINDOW_BIT,
04-11 02:49:01.899  2792  2806 V native-activity: 		EGL_LEVEL: 0
04-11 02:49:01.899  2792  2806 V native-activity: 		EGL_COLOR_BUFFER_TYPE: 12430 EGL_RGB_BUFFER,
04-11 02:49:01.899  2792  2806 V native-activity: 		EGL_BUFFER_SIZE: 16
04-11 02:49:01.899  2792  2806 V native-activity: 		EGL_SAMPLES: 0
04-11 02:49:01.899  2792  2806 V native-activity: 		EGL_SAMPLE_BUFFERS: 0
04-11 02:49:01.899  2792  2806 V native-activity: 		EGL_RED_SIZE: 5
04-11 02:49:01.899  2792  2806 V native-activity: 		EGL_GREEN_SIZE: 5
04-11 02:49:01.899  2792  2806 V native-activity: 		EGL_BLUE_SIZE: 5
04-11 02:49:01.899  2792  2806 V native-activity: 		EGL_ALPHA_SIZE: 1
04-11 02:49:01.899  2792  2806 V native-activity: 		EGL_ALPHA_MASK_SIZE: 0
04-11 02:49:01.899  2792  2806 V native-activity: 		EGL_LUMINANCE_SIZE: 0
04-11 02:49:01.899  2792  2806 V native-activity: 		EGL_TRANSPARENT_TYPE: 12344 EGL_NONE,
04-11 02:49:01.899  2792  2806 V native-activity: 		EGL_TRANSPARENT_RED_VALUE: -1
04-11 02:49:01.899  2792  2806 V native-activity: 		EGL_TRANSPARENT_GREEN_VALUE: -1
04-11 02:49:01.899  2792  2806 V native-activity: 		EGL_TRANSPARENT_BLUE_VALUE: -1
04-11 02:49:01.899  2792  2806 V native-activity: 		EGL_STENCIL_SIZE: 8
04-11 02:49:01.899  2792  2806 V native-activity: 		EGL_DEPTH_SIZE: 0
04-11 02:49:01.899  2792  2806 V native-activity: 		EGL_BIND_TO_TEXTURE_RGB: 0
04-11 02:49:01.899  2792  2806 V native-activity: 		EGL_BIND_TO_TEXTURE_RGBA: 1
04-11 02:49:01.899  2792  2806 V native-activity: 		EGL_MIN_SWAP_INTERVAL: 0
04-11 02:49:01.899  2792  2806 V native-activity: 		EGL_MAX_SWAP_INTERVAL: 1
04-11 02:49:01.899  2792  2806 V native-activity: 		EGL_MAX_PBUFFER_WIDTH: 16384
04-11 02:49:01.899  2792  2806 V native-activity: 		EGL_MAX_PBUFFER_HEIGHT: 16384
04-11 02:49:01.899  2792  2806 D native-activity: 	Config 0xee50e100 index 5
04-11 02:49:01.899  2792  2806 V native-activity: 		EGL_CONFIG_ID: 48
04-11 02:49:01.899  2792  2806 V native-activity: 		EGL_CONFORMANT: 69 EGL_OPENGL_ES_BIT, EGL_OPENGL_ES2_BIT,
04-11 02:49:01.899  2792  2806 V native-activity: 		EGL_CONFIG_CAVEAT: 12344 EGL_NONE,
04-11 02:49:01.899  2792  2806 V native-activity: 		EGL_RENDERABLE_TYPE: 69 EGL_OPENGL_ES_BIT, EGL_OPENGL_ES2_BIT,
04-11 02:49:01.899  2792  2806 V native-activity: 		EGL_SURFACE_TYPE: 1445 EGL_PBUFFER_BIT, EGL_SWAP_BEHAVIOR_PRESERVED_BIT, EGL_VG_COLORSPACE_LINEAR_BIT, EGL_WINDOW_BIT,
04-11 02:49:01.899  2792  2806 V native-activity: 		EGL_LEVEL: 0
04-11 02:49:01.899  2792  2806 V native-activity: 		EGL_COLOR_BUFFER_TYPE: 12430 EGL_RGB_BUFFER,
04-11 02:49:01.899  2792  2806 V native-activity: 		EGL_BUFFER_SIZE: 16
04-11 02:49:01.899  2792  2806 V native-activity: 		EGL_SAMPLES: 0
04-11 02:49:01.899  2792  2806 V native-activity: 		EGL_SAMPLE_BUFFERS: 0
04-11 02:49:01.899  2792  2806 V native-activity: 		EGL_RED_SIZE: 4
04-11 02:49:01.899  2792  2806 V native-activity: 		EGL_GREEN_SIZE: 4
04-11 02:49:01.899  2792  2806 V native-activity: 		EGL_BLUE_SIZE: 4
04-11 02:49:01.899  2792  2806 V native-activity: 		EGL_ALPHA_SIZE: 4
04-11 02:49:01.899  2792  2806 V native-activity: 		EGL_ALPHA_MASK_SIZE: 0
04-11 02:49:01.899  2792  2806 V native-activity: 		EGL_LUMINANCE_SIZE: 0
04-11 02:49:01.899  2792  2806 V native-activity: 		EGL_TRANSPARENT_TYPE: 12344 EGL_NONE,
04-11 02:49:01.899  2792  2806 V native-activity: 		EGL_TRANSPARENT_RED_VALUE: -1
04-11 02:49:01.899  2792  2806 V native-activity: 		EGL_TRANSPARENT_GREEN_VALUE: -1
04-11 02:49:01.899  2792  2806 V native-activity: 		EGL_TRANSPARENT_BLUE_VALUE: -1
04-11 02:49:01.899  2792  2806 V native-activity: 		EGL_STENCIL_SIZE: 8
04-11 02:49:01.899  2792  2806 V native-activity: 		EGL_DEPTH_SIZE: 0
04-11 02:49:01.899  2792  2806 V native-activity: 		EGL_BIND_TO_TEXTURE_RGB: 0
04-11 02:49:01.899  2792  2806 V native-activity: 		EGL_BIND_TO_TEXTURE_RGBA: 1
04-11 02:49:01.899  2792  2806 V native-activity: 		EGL_MIN_SWAP_INTERVAL: 0
04-11 02:49:01.899  2792  2806 V native-activity: 		EGL_MAX_SWAP_INTERVAL: 1
04-11 02:49:01.899  2792  2806 V native-activity: 		EGL_MAX_PBUFFER_WIDTH: 16384
04-11 02:49:01.899  2792  2806 V native-activity: 		EGL_MAX_PBUFFER_HEIGHT: 16384
04-11 02:49:01.899  2792  2806 D native-activity: 	Config 0xee50dcb0 index 6
04-11 02:49:01.899  2792  2806 V native-activity: 		EGL_CONFIG_ID: 2
04-11 02:49:01.899  2792  2806 V native-activity: 		EGL_CONFORMANT: 69 EGL_OPENGL_ES_BIT, EGL_OPENGL_ES2_BIT,
04-11 02:49:01.899  2792  2806 V native-activity: 		EGL_CONFIG_CAVEAT: 12344 EGL_NONE,
04-11 02:49:01.899  2792  2806 V native-activity: 		EGL_RENDERABLE_TYPE: 69 EGL_OPENGL_ES_BIT, EGL_OPENGL_ES2_BIT,
04-11 02:49:01.899  2792  2806 V native-activity: 		EGL_SURFACE_TYPE: 1445 EGL_PBUFFER_BIT, EGL_SWAP_BEHAVIOR_PRESERVED_BIT, EGL_VG_COLORSPACE_LINEAR_BIT, EGL_WINDOW_BIT,
04-11 02:49:01.899  2792  2806 V native-activity: 		EGL_LEVEL: 0
04-11 02:49:01.899  2792  2806 V native-activity: 		EGL_COLOR_BUFFER_TYPE: 12430 EGL_RGB_BUFFER,
04-11 02:49:01.899  2792  2806 V native-activity: 		EGL_BUFFER_SIZE: 16
04-11 02:49:01.899  2792  2806 V native-activity: 		EGL_SAMPLES: 0
04-11 02:49:01.899  2792  2806 V native-activity: 		EGL_SAMPLE_BUFFERS: 0
04-11 02:49:01.899  2792  2806 V native-activity: 		EGL_RED_SIZE: 5
04-11 02:49:01.899  2792  2806 V native-activity: 		EGL_GREEN_SIZE: 6
04-11 02:49:01.899  2792  2806 V native-activity: 		EGL_BLUE_SIZE: 5
04-11 02:49:01.899  2792  2806 V native-activity: 		EGL_ALPHA_SIZE: 0
04-11 02:49:01.899  2792  2806 V native-activity: 		EGL_ALPHA_MASK_SIZE: 0
04-11 02:49:01.899  2792  2806 V native-activity: 		EGL_LUMINANCE_SIZE: 0
04-11 02:49:01.899  2792  2806 V native-activity: 		EGL_TRANSPARENT_TYPE: 12344 EGL_NONE,
04-11 02:49:01.899  2792  2806 V native-activity: 		EGL_TRANSPARENT_RED_VALUE: -1
04-11 02:49:01.899  2792  2806 V native-activity: 		EGL_TRANSPARENT_GREEN_VALUE: -1
04-11 02:49:01.899  2792  2806 V native-activity: 		EGL_TRANSPARENT_BLUE_VALUE: -1
04-11 02:49:01.899  2792  2806 V native-activity: 		EGL_STENCIL_SIZE: 0
04-11 02:49:01.899  2792  2806 V native-activity: 		EGL_DEPTH_SIZE: 16
04-11 02:49:01.899  2792  2806 V native-activity: 		EGL_BIND_TO_TEXTURE_RGB: 1
04-11 02:49:01.899  2792  2806 V native-activity: 		EGL_BIND_TO_TEXTURE_RGBA: 0
04-11 02:49:01.899  2792  2806 V native-activity: 		EGL_MIN_SWAP_INTERVAL: 0
04-11 02:49:01.899  2792  2806 V native-activity: 		EGL_MAX_SWAP_INTERVAL: 1
04-11 02:49:01.899  2792  2806 V native-activity: 		EGL_MAX_PBUFFER_WIDTH: 16384
04-11 02:49:01.899  2792  2806 V native-activity: 		EGL_MAX_PBUFFER_HEIGHT: 16384
04-11 02:49:01.899  2792  2806 D native-activity: 	Config 0xee50e070 index 7
04-11 02:49:01.899  2792  2806 V native-activity: 		EGL_CONFIG_ID: 42
04-11 02:49:01.899  2792  2806 V native-activity: 		EGL_CONFORMANT: 69 EGL_OPENGL_ES_BIT, EGL_OPENGL_ES2_BIT,
04-11 02:49:01.899  2792  2806 V native-activity: 		EGL_CONFIG_CAVEAT: 12344 EGL_NONE,
04-11 02:49:01.899  2792  2806 V native-activity: 		EGL_RENDERABLE_TYPE: 69 EGL_OPENGL_ES_BIT, EGL_OPENGL_ES2_BIT,
04-11 02:49:01.899  2792  2806 V native-activity: 		EGL_SURFACE_TYPE: 1445 EGL_PBUFFER_BIT, EGL_SWAP_BEHAVIOR_PRESERVED_BIT, EGL_VG_COLORSPACE_LINEAR_BIT, EGL_WINDOW_BIT,
04-11 02:49:01.899  2792  2806 V native-activity: 		EGL_LEVEL: 0
04-11 02:49:01.899  2792  2806 V native-activity: 		EGL_COLOR_BUFFER_TYPE: 12430 EGL_RGB_BUFFER,
04-11 02:49:01.899  2792  2806 V native-activity: 		EGL_BUFFER_SIZE: 16
04-11 02:49:01.899  2792  2806 V native-activity: 		EGL_SAMPLES: 0
04-11 02:49:01.899  2792  2806 V native-activity: 		EGL_SAMPLE_BUFFERS: 0
04-11 02:49:01.899  2792  2806 V native-activity: 		EGL_RED_SIZE: 5
04-11 02:49:01.899  2792  2806 V native-activity: 		EGL_GREEN_SIZE: 5
04-11 02:49:01.899  2792  2806 V native-activity: 		EGL_BLUE_SIZE: 5
04-11 02:49:01.899  2792  2806 V native-activity: 		EGL_ALPHA_SIZE: 1
04-11 02:49:01.899  2792  2806 V native-activity: 		EGL_ALPHA_MASK_SIZE: 0
04-11 02:49:01.899  2792  2806 V native-activity: 		EGL_LUMINANCE_SIZE: 0
04-11 02:49:01.899  2792  2806 V native-activity: 		EGL_TRANSPARENT_TYPE: 12344 EGL_NONE,
04-11 02:49:01.899  2792  2806 V native-activity: 		EGL_TRANSPARENT_RED_VALUE: -1
04-11 02:49:01.899  2792  2806 V native-activity: 		EGL_TRANSPARENT_GREEN_VALUE: -1
04-11 02:49:01.899  2792  2806 V native-activity: 		EGL_TRANSPARENT_BLUE_VALUE: -1
04-11 02:49:01.899  2792  2806 V native-activity: 		EGL_STENCIL_SIZE: 0
04-11 02:49:01.899  2792  2806 V native-activity: 		EGL_DEPTH_SIZE: 16
04-11 02:49:01.899  2792  2806 V native-activity: 		EGL_BIND_TO_TEXTURE_RGB: 0
04-11 02:49:01.899  2792  2806 V native-activity: 		EGL_BIND_TO_TEXTURE_RGBA: 1
04-11 02:49:01.899  2792  2806 V native-activity: 		EGL_MIN_SWAP_INTERVAL: 0
04-11 02:49:01.899  2792  2806 V native-activity: 		EGL_MAX_SWAP_INTERVAL: 1
04-11 02:49:01.899  2792  2806 V native-activity: 		EGL_MAX_PBUFFER_WIDTH: 16384
04-11 02:49:01.899  2792  2806 V native-activity: 		EGL_MAX_PBUFFER_HEIGHT: 16384
04-11 02:49:01.899  2792  2806 D native-activity: 	Config 0xee50e0d0 index 8
04-11 02:49:01.899  2792  2806 V native-activity: 		EGL_CONFIG_ID: 46
04-11 02:49:01.899  2792  2806 V native-activity: 		EGL_CONFORMANT: 69 EGL_OPENGL_ES_BIT, EGL_OPENGL_ES2_BIT,
04-11 02:49:01.899  2792  2806 V native-activity: 		EGL_CONFIG_CAVEAT: 12344 EGL_NONE,
04-11 02:49:01.899  2792  2806 V native-activity: 		EGL_RENDERABLE_TYPE: 69 EGL_OPENGL_ES_BIT, EGL_OPENGL_ES2_BIT,
04-11 02:49:01.899  2792  2806 V native-activity: 		EGL_SURFACE_TYPE: 1445 EGL_PBUFFER_BIT, EGL_SWAP_BEHAVIOR_PRESERVED_BIT, EGL_VG_COLORSPACE_LINEAR_BIT, EGL_WINDOW_BIT,
04-11 02:49:01.899  2792  2806 V native-activity: 		EGL_LEVEL: 0
04-11 02:49:01.899  2792  2806 V native-activity: 		EGL_COLOR_BUFFER_TYPE: 12430 EGL_RGB_BUFFER,
04-11 02:49:01.899  2792  2806 V native-activity: 		EGL_BUFFER_SIZE: 16
04-11 02:49:01.899  2792  2806 V native-activity: 		EGL_SAMPLES: 0
04-11 02:49:01.899  2792  2806 V native-activity: 		EGL_SAMPLE_BUFFERS: 0
04-11 02:49:01.899  2792  2806 V native-activity: 		EGL_RED_SIZE: 4
04-11 02:49:01.899  2792  2806 V native-activity: 		EGL_GREEN_SIZE: 4
04-11 02:49:01.899  2792  2806 V native-activity: 		EGL_BLUE_SIZE: 4
04-11 02:49:01.899  2792  2806 V native-activity: 		EGL_ALPHA_SIZE: 4
04-11 02:49:01.899  2792  2806 V native-activity: 		EGL_ALPHA_MASK_SIZE: 0
04-11 02:49:01.899  2792  2806 V native-activity: 		EGL_LUMINANCE_SIZE: 0
04-11 02:49:01.899  2792  2806 V native-activity: 		EGL_TRANSPARENT_TYPE: 12344 EGL_NONE,
04-11 02:49:01.899  2792  2806 V native-activity: 		EGL_TRANSPARENT_RED_VALUE: -1
04-11 02:49:01.899  2792  2806 V native-activity: 		EGL_TRANSPARENT_GREEN_VALUE: -1
04-11 02:49:01.899  2792  2806 V native-activity: 		EGL_TRANSPARENT_BLUE_VALUE: -1
04-11 02:49:01.899  2792  2806 V native-activity: 		EGL_STENCIL_SIZE: 0
04-11 02:49:01.899  2792  2806 V native-activity: 		EGL_DEPTH_SIZE: 16
04-11 02:49:01.899  2792  2806 V native-activity: 		EGL_BIND_TO_TEXTURE_RGB: 0
04-11 02:49:01.899  2792  2806 V native-activity: 		EGL_BIND_TO_TEXTURE_RGBA: 1
04-11 02:49:01.899  2792  2806 V native-activity: 		EGL_MIN_SWAP_INTERVAL: 0
04-11 02:49:01.899  2792  2806 V native-activity: 		EGL_MAX_SWAP_INTERVAL: 1
04-11 02:49:01.899  2792  2806 V native-activity: 		EGL_MAX_PBUFFER_WIDTH: 16384
04-11 02:49:01.899  2792  2806 V native-activity: 		EGL_MAX_PBUFFER_HEIGHT: 16384
04-11 02:49:01.899  2792  2806 D native-activity: 	Config 0xee50dcc8 index 9
04-11 02:49:01.899  2792  2806 V native-activity: 		EGL_CONFIG_ID: 3
04-11 02:49:01.899  2792  2806 V native-activity: 		EGL_CONFORMANT: 69 EGL_OPENGL_ES_BIT, EGL_OPENGL_ES2_BIT,
04-11 02:49:01.899  2792  2806 V native-activity: 		EGL_CONFIG_CAVEAT: 12344 EGL_NONE,
04-11 02:49:01.899  2792  2806 V native-activity: 		EGL_RENDERABLE_TYPE: 69 EGL_OPENGL_ES_BIT, EGL_OPENGL_ES2_BIT,
04-11 02:49:01.899  2792  2806 V native-activity: 		EGL_SURFACE_TYPE: 1445 EGL_PBUFFER_BIT, EGL_SWAP_BEHAVIOR_PRESERVED_BIT, EGL_VG_COLORSPACE_LINEAR_BIT, EGL_WINDOW_BIT,
04-11 02:49:01.899  2792  2806 V native-activity: 		EGL_LEVEL: 0
04-11 02:49:01.899  2792  2806 V native-activity: 		EGL_COLOR_BUFFER_TYPE: 12430 EGL_RGB_BUFFER,
04-11 02:49:01.899  2792  2806 V native-activity: 		EGL_BUFFER_SIZE: 16
04-11 02:49:01.899  2792  2806 V native-activity: 		EGL_SAMPLES: 0
04-11 02:49:01.899  2792  2806 V native-activity: 		EGL_SAMPLE_BUFFERS: 0
04-11 02:49:01.899  2792  2806 V native-activity: 		EGL_RED_SIZE: 5
04-11 02:49:01.899  2792  2806 V native-activity: 		EGL_GREEN_SIZE: 6
04-11 02:49:01.899  2792  2806 V native-activity: 		EGL_BLUE_SIZE: 5
04-11 02:49:01.899  2792  2806 V native-activity: 		EGL_ALPHA_SIZE: 0
04-11 02:49:01.899  2792  2806 V native-activity: 		EGL_ALPHA_MASK_SIZE: 0
04-11 02:49:01.899  2792  2806 V native-activity: 		EGL_LUMINANCE_SIZE: 0
04-11 02:49:01.899  2792  2806 V native-activity: 		EGL_TRANSPARENT_TYPE: 12344 EGL_NONE,
04-11 02:49:01.899  2792  2806 V native-activity: 		EGL_TRANSPARENT_RED_VALUE: -1
04-11 02:49:01.899  2792  2806 V native-activity: 		EGL_TRANSPARENT_GREEN_VALUE: -1
04-11 02:49:01.899  2792  2806 V native-activity: 		EGL_TRANSPARENT_BLUE_VALUE: -1
04-11 02:49:01.899  2792  2806 V native-activity: 		EGL_STENCIL_SIZE: 8
04-11 02:49:01.899  2792  2806 V native-activity: 		EGL_DEPTH_SIZE: 24
04-11 02:49:01.899  2792  2806 V native-activity: 		EGL_BIND_TO_TEXTURE_RGB: 1
04-11 02:49:01.899  2792  2806 V native-activity: 		EGL_BIND_TO_TEXTURE_RGBA: 0
04-11 02:49:01.899  2792  2806 V native-activity: 		EGL_MIN_SWAP_INTERVAL: 0
04-11 02:49:01.899  2792  2806 V native-activity: 		EGL_MAX_SWAP_INTERVAL: 1
04-11 02:49:01.899  2792  2806 V native-activity: 		EGL_MAX_PBUFFER_WIDTH: 16384
04-11 02:49:01.899  2792  2806 V native-activity: 		EGL_MAX_PBUFFER_HEIGHT: 16384
04-11 02:49:01.899  2792  2806 D native-activity: 	Config 0xee50e088 index 10
04-11 02:49:01.899  2792  2806 V native-activity: 		EGL_CONFIG_ID: 43
04-11 02:49:01.909  2792  2806 V native-activity: 		EGL_CONFORMANT: 69 EGL_OPENGL_ES_BIT, EGL_OPENGL_ES2_BIT,
04-11 02:49:01.909  2792  2806 V native-activity: 		EGL_CONFIG_CAVEAT: 12344 EGL_NONE,
04-11 02:49:01.909  2792  2806 V native-activity: 		EGL_RENDERABLE_TYPE: 69 EGL_OPENGL_ES_BIT, EGL_OPENGL_ES2_BIT,
04-11 02:49:01.909  2792  2806 V native-activity: 		EGL_SURFACE_TYPE: 1445 EGL_PBUFFER_BIT, EGL_SWAP_BEHAVIOR_PRESERVED_BIT, EGL_VG_COLORSPACE_LINEAR_BIT, EGL_WINDOW_BIT,
04-11 02:49:01.909  2792  2806 V native-activity: 		EGL_LEVEL: 0
04-11 02:49:01.909  2792  2806 V native-activity: 		EGL_COLOR_BUFFER_TYPE: 12430 EGL_RGB_BUFFER,
04-11 02:49:01.909  2792  2806 V native-activity: 		EGL_BUFFER_SIZE: 16
04-11 02:49:01.909  2792  2806 V native-activity: 		EGL_SAMPLES: 0
04-11 02:49:01.909  2792  2806 V native-activity: 		EGL_SAMPLE_BUFFERS: 0
04-11 02:49:01.909  2792  2806 V native-activity: 		EGL_RED_SIZE: 5
04-11 02:49:01.909  2792  2806 V native-activity: 		EGL_GREEN_SIZE: 5
04-11 02:49:01.909  2792  2806 V native-activity: 		EGL_BLUE_SIZE: 5
04-11 02:49:01.909  2792  2806 V native-activity: 		EGL_ALPHA_SIZE: 1
04-11 02:49:01.909  2792  2806 V native-activity: 		EGL_ALPHA_MASK_SIZE: 0
04-11 02:49:01.909  2792  2806 V native-activity: 		EGL_LUMINANCE_SIZE: 0
04-11 02:49:01.909  2792  2806 V native-activity: 		EGL_TRANSPARENT_TYPE: 12344 EGL_NONE,
04-11 02:49:01.909  2792  2806 V native-activity: 		EGL_TRANSPARENT_RED_VALUE: -1
04-11 02:49:01.909  2792  2806 V native-activity: 		EGL_TRANSPARENT_GREEN_VALUE: -1
04-11 02:49:01.909  2792  2806 V native-activity: 		EGL_TRANSPARENT_BLUE_VALUE: -1
04-11 02:49:01.909  2792  2806 V native-activity: 		EGL_STENCIL_SIZE: 8
04-11 02:49:01.909  2792  2806 V native-activity: 		EGL_DEPTH_SIZE: 24
04-11 02:49:01.909  2792  2806 V native-activity: 		EGL_BIND_TO_TEXTURE_RGB: 0
04-11 02:49:01.909  2792  2806 V native-activity: 		EGL_BIND_TO_TEXTURE_RGBA: 1
04-11 02:49:01.909  2792  2806 V native-activity: 		EGL_MIN_SWAP_INTERVAL: 0
04-11 02:49:01.909  2792  2806 V native-activity: 		EGL_MAX_SWAP_INTERVAL: 1
04-11 02:49:01.909  2792  2806 V native-activity: 		EGL_MAX_PBUFFER_WIDTH: 16384
04-11 02:49:01.909  2792  2806 V native-activity: 		EGL_MAX_PBUFFER_HEIGHT: 16384
04-11 02:49:01.909  2792  2806 D native-activity: 	Config 0xee50e0e8 index 11
04-11 02:49:01.909  2792  2806 V native-activity: 		EGL_CONFIG_ID: 47
