04-13 01:19:51.442  3806  3819 I native-activity: Swap 542 time is 6.475ms
04-13 01:19:51.442  3806  3819 I native-activity: Animating
04-13 01:19:51.442  3827  3827 D ResourcesManager: For user 0 new overlays fetched Null
04-13 01:19:51.442  3806  3819 I native-activity: Frame 543 GL error is 0x0
04-13 01:19:51.442  3806  3819 I native-activity: Frame 543 time is 5.968ms
04-13 01:19:51.442  3806  3819 I native-activity: Swap 543 time is 6.487ms
04-13 01:19:51.442  3806  3819 I native-activity: Animating
04-13 01:19:51.452  3827  3827 W ResourcesManager: getTopLevelResources: /data/app/com.google.android.googlequicksearchbox-1/base.apk / 1.0 running in com.att.myWireless rsrc of package com.google.android.googlequicksearchbox
04-13 01:19:51.452  3806  3819 I native-activity: Frame 544 GL error is 0x0
04-13 01:19:51.452  3806  3819 I native-activity: Frame 544 time is 6.199ms
04-13 01:19:51.452  3806  3819 I native-activity: Swap 544 time is 6.671ms
04-13 01:19:51.452  3806  3819 I native-activity: Animating
04-13 01:19:51.462  3806  3819 I native-activity: Frame 545 GL error is 0x0
04-13 01:19:51.462  3806  3819 I native-activity: Frame 545 time is 6.491ms
04-13 01:19:51.462  3806  3819 I native-activity: Swap 545 time is 6.949ms
04-13 01:19:51.462  3806  3819 I native-activity: Animating
04-13 01:19:51.472  3806  3819 I native-activity: Frame 546 GL error is 0x0
04-13 01:19:51.472  3806  3819 I native-activity: Frame 546 time is 15.183ms
04-13 01:19:51.472  3806  3819 I native-activity: Swap 546 time is 15.664ms
04-13 01:19:51.472  3806  3819 I native-activity: Animating
04-13 01:19:51.482  3806  3819 I native-activity: Frame 547 GL error is 0x0
04-13 01:19:51.482  3806  3819 I native-activity: Frame 547 time is 6.014ms
04-13 01:19:51.482  3806  3819 I native-activity: Swap 547 time is 6.515ms
04-13 01:19:51.482  3806  3819 I native-activity: Animating
04-13 01:19:51.482  3806  3819 I native-activity: Frame 548 GL error is 0x0
04-13 01:19:51.482  3806  3819 I native-activity: Frame 548 time is 4.303ms
04-13 01:19:51.482  3806  3819 I native-activity: Swap 548 time is 4.790ms
04-13 01:19:51.482  3806  3819 I native-activity: Animating
04-13 01:19:51.492  3806  3819 I native-activity: Frame 549 GL error is 0x0
04-13 01:19:51.492  3806  3819 I native-activity: Frame 549 time is 2.950ms
04-13 01:19:51.492  3806  3819 I native-activity: Swap 549 time is 3.470ms
04-13 01:19:51.492  3806  3819 I native-activity: Animating
04-13 01:19:51.492  3806  3819 I native-activity: Frame 550 GL error is 0x0
04-13 01:19:51.492  3806  3819 I native-activity: Frame 550 time is 3.270ms
04-13 01:19:51.492  3806  3819 I native-activity: Swap 550 time is 3.787ms
04-13 01:19:51.492  3806  3819 I native-activity: Animating
04-13 01:19:51.492  3806  3819 I native-activity: Frame 551 GL error is 0x0
04-13 01:19:51.492  3806  3819 I native-activity: Frame 551 time is 2.837ms
04-13 01:19:51.502  3806  3819 I native-activity: Swap 551 time is 3.386ms
04-13 01:19:51.502  3806  3819 I native-activity: Animating
04-13 01:19:51.502  3806  3819 I native-activity: Frame 552 GL error is 0x0
04-13 01:19:51.502  3806  3819 I native-activity: Frame 552 time is 3.125ms
04-13 01:19:51.502  3806  3819 I native-activity: Swap 552 time is 3.578ms
04-13 01:19:51.502  3806  3819 I native-activity: Animating
04-13 01:19:51.502  3806  3819 I native-activity: Frame 553 GL error is 0x0
04-13 01:19:51.502  3806  3819 I native-activity: Frame 553 time is 3.105ms
04-13 01:19:51.502  3806  3819 I native-activity: Swap 553 time is 3.546ms
04-13 01:19:51.502  3806  3819 I native-activity: Animating
04-13 01:19:51.502  3806  3819 I native-activity: Frame 554 GL error is 0x0
04-13 01:19:51.502  3806  3819 I native-activity: Frame 554 time is 2.168ms
04-13 01:19:51.512  3827  3827 W ResourcesManager: getTopLevelResources: /system/priv-app/AmazonShopping_vpl_ATT/AmazonShopping_vpl_ATT.apk / 1.0 running in com.att.myWireless rsrc of package com.amazon.mShop.android
04-13 01:19:51.512  3806  3819 I native-activity: Swap 554 time is 2.691ms
04-13 01:19:51.512  3806  3819 I native-activity: Animating
04-13 01:19:51.512  3827  3827 D ResourcesManager: For user 0 new overlays fetched Null
04-13 01:19:51.512  3806  3819 I native-activity: Frame 555 GL error is 0x0
04-13 01:19:51.512  3806  3819 I native-activity: Frame 555 time is 3.139ms
04-13 01:19:51.512  3806  3819 I native-activity: Swap 555 time is 3.596ms
04-13 01:19:51.512  3827  3827 W ResourcesManager: getTopLevelResources: /data/app/com.google.android.youtube-2/base.apk / 1.0 running in com.att.myWireless rsrc of package com.google.android.youtube
04-13 01:19:51.512  3806  3819 I native-activity: Animating
04-13 01:19:51.512  3806  3819 I native-activity: Frame 556 GL error is 0x0
04-13 01:19:51.512  3806  3819 I native-activity: Frame 556 time is 2.291ms
04-13 01:19:51.512  3806  3819 I native-activity: Swap 556 time is 2.775ms
04-13 01:19:51.512  3806  3819 I native-activity: Animating
04-13 01:19:51.512  3827  3827 D ResourcesManager: For user 0 new overlays fetched Null
04-13 01:19:51.512  3806  3819 I native-activity: Frame 557 GL error is 0x0
04-13 01:19:51.512  3806  3819 I native-activity: Frame 557 time is 2.855ms
04-13 01:19:51.522  3806  3819 I native-activity: Swap 557 time is 3.492ms
04-13 01:19:51.522  3806  3819 I native-activity: Animating
04-13 01:19:51.522  3806  3819 I native-activity: Frame 558 GL error is 0x0
04-13 01:19:51.522  3806  3819 I native-activity: Frame 558 time is 2.099ms
04-13 01:19:51.522  3806  3819 I native-activity: Swap 558 time is 2.682ms
04-13 01:19:51.522  3806  3819 I native-activity: Animating
04-13 01:19:51.522  3827  3827 W ResourcesManager: getTopLevelResources: /system/priv-app/SecVVM/SecVVM.apk / 1.0 running in com.att.myWireless rsrc of package com.samsung.vvm
04-13 01:19:51.522  3806  3819 I native-activity: Frame 559 GL error is 0x0
04-13 01:19:51.522  3806  3819 I native-activity: Frame 559 time is 2.929ms
04-13 01:19:51.522  3827  3827 D ResourcesManager: For user 0 new overlays fetched Null
04-13 01:19:51.522  3806  3819 I native-activity: Swap 559 time is 6.498ms
04-13 01:19:51.522  3806  3819 I native-activity: Animating
04-13 01:19:51.532  3806  3819 I native-activity: Frame 560 GL error is 0x0
04-13 01:19:51.532  3806  3819 I native-activity: Frame 560 time is 2.107ms
04-13 01:19:51.532  3827  3827 W ResourcesManager: getTopLevelResources: /system/app/UsageManager3/UsageManager3.apk / 1.0 running in com.att.myWireless rsrc of package com.sec.att.usagemanager3
04-13 01:19:51.532  3806  3819 I native-activity: Swap 560 time is 6.400ms
04-13 01:19:51.532  3806  3819 I native-activity: Animating
04-13 01:19:51.532  3827  3827 D ResourcesManager: For user 0 new overlays fetched Null
04-13 01:19:51.532  3806  3819 I native-activity: Frame 561 GL error is 0x0
04-13 01:19:51.532  3806  3819 I native-activity: Frame 561 time is 3.812ms
04-13 01:19:51.542  3806  3819 I native-activity: Swap 561 time is 5.968ms
04-13 01:19:51.542  3806  3819 I native-activity: Animating
04-13 01:19:51.542  3827  3827 W ResourcesManager: getTopLevelResources: /data/app/com.ubercab-1/base.apk / 1.0 running in com.att.myWireless rsrc of package com.ubercab
04-13 01:19:51.542  3806  3819 I native-activity: Frame 562 GL error is 0x0
04-13 01:19:51.542  3806  3819 I native-activity: Frame 562 time is 3.191ms
04-13 01:19:51.542  3806  3819 I native-activity: Swap 562 time is 6.110ms
04-13 01:19:51.542  3806  3819 I native-activity: Animating
04-13 01:19:51.552  3806  3819 I native-activity: Frame 563 GL error is 0x0
04-13 01:19:51.552  3806  3819 I native-activity: Frame 563 time is 3.760ms
04-13 01:19:51.552  3806  3819 I native-activity: Swap 563 time is 5.954ms
04-13 01:19:51.552  3806  3819 I native-activity: Animating
04-13 01:19:51.552  3806  3819 I native-activity: Frame 564 GL error is 0x0
04-13 01:19:51.552  3806  3819 I native-activity: Frame 564 time is 3.102ms
04-13 01:19:51.572  3806  3819 I native-activity: Swap 564 time is 8.884ms
04-13 01:19:51.572  3806  3819 I native-activity: Animating
04-13 01:19:51.572  3806  3819 I native-activity: Frame 565 GL error is 0x0
04-13 01:19:51.572  3806  3819 I native-activity: Frame 565 time is 6.582ms
04-13 01:19:51.572  3806  3819 I native-activity: Swap 565 time is 7.451ms
04-13 01:19:51.572  3806  3819 I native-activity: Animating
04-13 01:19:51.572  3806  3819 I native-activity: Frame 566 GL error is 0x0
04-13 01:19:51.572  3806  3819 I native-activity: Frame 566 time is 5.512ms
04-13 01:19:51.572  3806  3819 I native-activity: Swap 566 time is 6.205ms
04-13 01:19:51.572  3806  3819 I native-activity: Animating
04-13 01:19:51.582  3806  3819 I native-activity: Frame 567 GL error is 0x0
04-13 01:19:51.582  3806  3819 I native-activity: Frame 567 time is 5.920ms
04-13 01:19:51.582  3806  3819 I native-activity: Swap 567 time is 6.434ms
04-13 01:19:51.582  3806  3819 I native-activity: Animating
04-13 01:19:51.582  3806  3819 I native-activity: Frame 568 GL error is 0x0
04-13 01:19:51.582  3806  3819 I native-activity: Frame 568 time is 3.325ms
04-13 01:19:51.582  3806  3819 I native-activity: Swap 568 time is 3.807ms
04-13 01:19:51.582  3806  3819 I native-activity: Animating
04-13 01:19:51.592  3806  3819 I native-activity: Frame 569 GL error is 0x0
04-13 01:19:51.592  3806  3819 I native-activity: Frame 569 time is 3.584ms
04-13 01:19:51.592  3806  3819 I native-activity: Swap 569 time is 4.086ms
04-13 01:19:51.592  3806  3819 I native-activity: Animating
04-13 01:19:51.592  3806  3819 I native-activity: Frame 570 GL error is 0x0
04-13 01:19:51.592  3806  3819 I native-activity: Frame 570 time is 3.596ms
04-13 01:19:51.592  3806  3819 I native-activity: Swap 570 time is 5.554ms
04-13 01:19:51.592  3806  3819 I native-activity: Animating
04-13 01:19:51.602  3806  3819 I native-activity: Frame 571 GL error is 0x0
04-13 01:19:51.602  3806  3819 I native-activity: Frame 571 time is 3.747ms
04-13 01:19:51.602  3806  3819 I native-activity: Swap 571 time is 6.294ms
04-13 01:19:51.602  3806  3819 I native-activity: Animating
04-13 01:19:51.602  3806  3819 I native-activity: Frame 572 GL error is 0x0
04-13 01:19:51.602  3806  3819 I native-activity: Frame 572 time is 4.770ms
04-13 01:19:51.602  3806  3819 I native-activity: Swap 572 time is 5.974ms
04-13 01:19:51.612  3806  3819 I native-activity: Animating
04-13 01:19:51.612  3806  3819 I native-activity: Frame 573 GL error is 0x0
04-13 01:19:51.612  3806  3819 I native-activity: Frame 573 time is 6.016ms
04-13 01:19:51.612  3806  3819 I native-activity: Swap 573 time is 6.653ms
04-13 01:19:51.612  3806  3819 I native-activity: Animating
04-13 01:19:51.622  3806  3819 I native-activity: Frame 574 GL error is 0x0
04-13 01:19:51.622  3806  3819 I native-activity: Frame 574 time is 6.880ms
04-13 01:19:51.622  3806  3819 I native-activity: Swap 574 time is 7.744ms
04-13 01:19:51.622  3806  3819 I native-activity: Animating
04-13 01:19:51.632  3806  3819 I native-activity: Frame 575 GL error is 0x0
04-13 01:19:51.632  3806  3819 I native-activity: Frame 575 time is 7.826ms
04-13 01:19:51.632  3806  3819 I native-activity: Swap 575 time is 8.796ms
04-13 01:19:51.632  3806  3819 I native-activity: Animating
04-13 01:19:51.642  3806  3819 I native-activity: Frame 576 GL error is 0x0
04-13 01:19:51.642  3806  3819 I native-activity: Frame 576 time is 9.913ms
04-13 01:19:51.642  3806  3819 I native-activity: Swap 576 time is 10.431ms
04-13 01:19:51.642  3806  3819 I native-activity: Animating
04-13 01:19:51.642  3806  3819 I native-activity: Frame 577 GL error is 0x0
04-13 01:19:51.642  3806  3819 I native-activity: Frame 577 time is 4.719ms
04-13 01:19:51.642  3806  3819 I native-activity: Swap 577 time is 5.169ms
04-13 01:19:51.642  3806  3819 I native-activity: Animating
04-13 01:19:51.652  3806  3819 I native-activity: Frame 578 GL error is 0x0
04-13 01:19:51.652  3806  3819 I native-activity: Frame 578 time is 4.797ms
04-13 01:19:51.652  3806  3819 I native-activity: Swap 578 time is 5.234ms
04-13 01:19:51.652  3806  3819 I native-activity: Animating
04-13 01:19:51.662  3827  3827 D ResourcesManager: For user 0 new overlays fetched Null
04-13 01:19:51.662  3806  3819 I native-activity: Frame 579 GL error is 0x0
04-13 01:19:51.662  3806  3819 I native-activity: Frame 579 time is 7.517ms
04-13 01:19:51.662  3827  3827 W ResourcesManager: getTopLevelResources: /system/priv-app/ready2Go_64_ATT/ready2Go_64_ATT.apk / 1.0 running in com.att.myWireless rsrc of package com.synchronoss.dcs.att.r2g
04-13 01:19:51.662  3806  3819 I native-activity: Swap 579 time is 7.949ms
04-13 01:19:51.662  3806  3819 I native-activity: Animating
04-13 01:19:51.662  3827  3827 D ResourcesManager: For user 0 new overlays fetched Null
04-13 01:19:51.672  3806  3819 I native-activity: Frame 580 GL error is 0x0
04-13 01:19:51.672  3806  3819 I native-activity: Frame 580 time is 7.613ms
04-13 01:19:51.672  3806  3819 I native-activity: Swap 580 time is 8.063ms
04-13 01:19:51.672  3806  3819 I native-activity: Animating
04-13 01:19:51.672  3806  3819 I native-activity: Frame 581 GL error is 0x0
04-13 01:19:51.672  3806  3819 I native-activity: Frame 581 time is 7.873ms
04-13 01:19:51.672  3806  3819 I native-activity: Swap 581 time is 8.314ms
04-13 01:19:51.672  3827  3827 W ResourcesManager: getTopLevelResources: /system/priv-app/SecSettings2/SecSettings2.apk / 1.0 running in com.att.myWireless rsrc of package com.android.settings
04-13 01:19:51.672  3806  3819 I native-activity: Animating
04-13 01:19:51.682  3827  3827 D ResourcesManager: For user 0 new overlays fetched Null
04-13 01:19:51.682  3827  3827 W ResourcesManager: getTopLevelResources: /system/priv-app/SVoice_1.0/SVoice_1.0.apk / 1.0 running in com.att.myWireless rsrc of package com.samsung.voiceserviceplatform
04-13 01:19:51.682  3806  3819 I native-activity: Frame 582 GL error is 0x0
04-13 01:19:51.682  3806  3819 I native-activity: Frame 582 time is 6.600ms
04-13 01:19:51.682  3827  3827 D ResourcesManager: For user 0 new overlays fetched Null
04-13 01:19:51.682  3806  3819 I native-activity: Swap 582 time is 7.035ms
04-13 01:19:51.682  3806  3819 I native-activity: Animating
04-13 01:19:51.692  3827  3827 W ResourcesManager: getTopLevelResources: /data/app/com.sec.android.app.shealth-2/base.apk / 1.0 running in com.att.myWireless rsrc of package com.sec.android.app.shealth
04-13 01:19:51.692  3806  3819 I native-activity: Frame 583 GL error is 0x0
04-13 01:19:51.692  3806  3819 I native-activity: Frame 583 time is 5.550ms
04-13 01:19:51.692  3806  3819 I native-activity: Swap 583 time is 6.076ms
04-13 01:19:51.692  3806  3819 I native-activity: Animating
04-13 01:19:51.692  3827  3827 D ResourcesManager: For user 0 new overlays fetched Null
04-13 01:19:51.692  3806  3819 I native-activity: Frame 584 GL error is 0x0
04-13 01:19:51.692  3806  3819 I native-activity: Frame 584 time is 5.608ms
04-13 01:19:51.692  3806  3819 I native-activity: Swap 584 time is 6.041ms
04-13 01:19:51.692  3806  3819 I native-activity: Animating
04-13 01:19:51.702  3827  3827 W ResourcesManager: getTopLevelResources: /data/app/com.facebook.fbride.internalInHouse-1/base.apk / 1.0 running in com.att.myWireless rsrc of package com.facebook.fbride.internalInHouse
04-13 01:19:51.702  3827  3827 D ResourcesManager: For user 0 new overlays fetched Null
04-13 01:19:51.702  3806  3819 I native-activity: Frame 585 GL error is 0x0
04-13 01:19:51.702  3806  3819 I native-activity: Frame 585 time is 5.408ms
04-13 01:19:51.702  3806  3819 I native-activity: Swap 585 time is 5.857ms
04-13 01:19:51.702  3806  3819 I native-activity: Animating
04-13 01:19:51.702  3827  3827 W ResourcesManager: getTopLevelResources: /system/app/Directv_Shade_ATT/Directv_Shade_ATT.apk / 1.0 running in com.att.myWireless rsrc of package com.directv.promo.shade
04-13 01:19:51.712  3827  3827 D ResourcesManager: For user 0 new overlays fetched Null
04-13 01:19:51.712  3806  3819 I native-activity: Frame 586 GL error is 0x0
04-13 01:19:51.712  3806  3819 I native-activity: Frame 586 time is 6.483ms
04-13 01:19:51.712  3806  3819 I native-activity: Swap 586 time is 6.927ms
04-13 01:19:51.712  3806  3819 I native-activity: Animating
04-13 01:19:51.712  3827  3827 W ResourcesManager: getTopLevelResources: /data/app/com.android.vending-1/base.apk / 1.0 running in com.att.myWireless rsrc of package com.android.vending
04-13 01:19:51.712  3806  3819 I native-activity: Frame 587 GL error is 0x0
04-13 01:19:51.712  3806  3819 I native-activity: Frame 587 time is 5.534ms
04-13 01:19:51.712  3806  3819 I native-activity: Swap 587 time is 5.996ms
04-13 01:19:51.712  3806  3819 I native-activity: Animating
04-13 01:19:51.712  3827  3827 D ResourcesManager: For user 0 new overlays fetched Null
04-13 01:19:51.722  3806  3819 I native-activity: Frame 588 GL error is 0x0
04-13 01:19:51.722  3806  3819 I native-activity: Frame 588 time is 5.479ms
04-13 01:19:51.722  3806  3819 I native-activity: Swap 588 time is 5.917ms
04-13 01:19:51.722  3806  3819 I native-activity: Animating
04-13 01:19:51.722  3827  3827 W ResourcesManager: getTopLevelResources: /data/app/com.google.android.music-2/base.apk / 1.0 running in com.att.myWireless rsrc of package com.google.android.music
04-13 01:19:51.722  3827  3827 D ResourcesManager: For user 0 new overlays fetched Null
04-13 01:19:51.722  3806  3819 I native-activity: Frame 589 GL error is 0x0
04-13 01:19:51.722  3806  3819 I native-activity: Frame 589 time is 5.667ms
04-13 01:19:51.722  3806  3819 I native-activity: Swap 589 time is 6.134ms
04-13 01:19:51.732  3806  3819 I native-activity: Animating
04-13 01:19:51.732  3827  3827 W ResourcesManager: getTopLevelResources: /data/app/com.google.android.videos-1/base.apk / 1.0 running in com.att.myWireless rsrc of package com.google.android.videos
04-13 01:19:51.732  3827  3827 D ResourcesManager: For user 0 new overlays fetched Null
04-13 01:19:51.732  3806  3819 I native-activity: Frame 590 GL error is 0x0
04-13 01:19:51.732  3806  3819 I native-activity: Frame 590 time is 5.653ms
04-13 01:19:51.732  3806  3819 I native-activity: Swap 590 time is 6.095ms
04-13 01:19:51.732  3806  3819 I native-activity: Animating
04-13 01:19:51.732  3827  3827 W ResourcesManager: getTopLevelResources: /data/app/com.google.android.apps.photos-2/base.apk / 1.0 running in com.att.myWireless rsrc of package com.google.android.apps.photos
04-13 01:19:51.742  3827  3827 D ResourcesManager: For user 0 new overlays fetched Null
04-13 01:19:51.742  3806  3819 I native-activity: Frame 591 GL error is 0x0
04-13 01:19:51.742  3806  3819 I native-activity: Frame 591 time is 5.967ms
04-13 01:19:51.742  3806  3819 I native-activity: Swap 591 time is 6.429ms
04-13 01:19:51.742  3806  3819 I native-activity: Animating
04-13 01:19:51.742  3827  3827 W ResourcesManager: getTopLevelResources: /system/priv-app/SecContacts_M/SecContacts_M.apk / 1.0 running in com.att.myWireless rsrc of package com.android.contacts
04-13 01:19:51.742  3827  3827 D ResourcesManager: For user 0 new overlays fetched Null
04-13 01:19:51.752  3806  3819 I native-activity: Frame 592 GL error is 0x501
04-13 01:19:51.752  3806  3819 I native-activity: Frame 592 time is 7.808ms
04-13 01:19:51.752  3806  3819 I native-activity: Swap 592 time is 8.215ms
04-13 01:19:51.752  3806  3819 I native-activity: Animating
04-13 01:19:51.752  3827  3827 W ResourcesManager: getTopLevelResources: /system/priv-app/SecMyFiles/SecMyFiles.apk / 1.0 running in com.att.myWireless rsrc of package com.sec.android.app.myfiles
04-13 01:19:51.752  3827  3827 D ResourcesManager: For user 0 new overlays fetched Null
04-13 01:19:51.752  3806  3819 I native-activity: Frame 593 GL error is 0x0
04-13 01:19:51.752  3806  3819 I native-activity: Frame 593 time is 6.151ms
04-13 01:19:51.752  3806  3819 I native-activity: Swap 593 time is 6.584ms
04-13 01:19:51.752  3806  3819 I native-activity: Animating
04-13 01:19:51.762  3827  3827 W ResourcesManager: getTopLevelResources: /system/priv-app/SecMms_Epic_Common/SecMms_Epic_Common.apk / 1.0 running in com.att.myWireless rsrc of package com.android.mms
04-13 01:19:51.762  3827  3827 D ResourcesManager: For user 0 new overlays fetched Null
04-13 01:19:51.762  3806  3819 I native-activity: Frame 594 GL error is 0x0
04-13 01:19:51.762  3806  3819 I native-activity: Frame 594 time is 6.121ms
04-13 01:19:51.762  3806  3819 I native-activity: Swap 594 time is 6.561ms
04-13 01:19:51.762  3806  3819 I native-activity: Animating
04-13 01:19:51.762  3827  3827 W ResourcesManager: getTopLevelResources: /system/app/SecMemo3/SecMemo3.apk / 1.0 running in com.att.myWireless rsrc of package com.samsung.android.app.memo
04-13 01:19:51.772  3827  3827 D ResourcesManager: For user 0 new overlays fetched Null
04-13 01:19:51.772  3827  3827 W ResourcesManager: getTopLevelResources: /data/app/com.lookout-2/base.apk / 1.0 running in com.att.myWireless rsrc of package com.lookout
04-13 01:19:51.772  3806  3819 I native-activity: Frame 595 GL error is 0x0
04-13 01:19:51.772  3806  3819 I native-activity: Frame 595 time is 11.789ms
04-13 01:19:51.772  3827  3827 D ResourcesManager: For user 0 new overlays fetched Null
04-13 01:19:51.772  3806  3819 I native-activity: Swap 595 time is 12.408ms
04-13 01:19:51.772  3806  3819 I native-activity: Animating
04-13 01:19:51.782  3827  3827 W ResourcesManager: getTopLevelResources: /system/app/SBrowser_4_LATEST/SBrowser_4_LATEST.apk / 1.0 running in com.att.myWireless rsrc of package com.sec.android.app.sbrowser
04-13 01:19:51.782  3827  3827 D ResourcesManager: For user 0 new overlays fetched Null
04-13 01:19:51.782  3806  3819 I native-activity: Frame 596 GL error is 0x0
04-13 01:19:51.782  3806  3819 I native-activity: Frame 596 time is 7.350ms
04-13 01:19:51.782  3806  3819 I native-activity: Swap 596 time is 7.788ms
04-13 01:19:51.782  3806  3819 I native-activity: Animating
04-13 01:19:51.782  3827  3827 W ResourcesManager: getTopLevelResources: /data/app/com.google.android.talk-2/base.apk / 1.0 running in com.att.myWireless rsrc of package com.google.android.talk
04-13 01:19:51.792  3806  3819 I native-activity: Frame 597 GL error is 0x0
04-13 01:19:51.792  3806  3819 I native-activity: Frame 597 time is 6.177ms
04-13 01:19:51.792  3806  3819 I native-activity: Swap 597 time is 6.631ms
04-13 01:19:51.792  3806  3819 I native-activity: Animating
04-13 01:19:51.792  3827  3827 D ResourcesManager: For user 0 new overlays fetched Null
04-13 01:19:51.792  3827  3827 W ResourcesManager: getTopLevelResources: /data/app/com.google.android.gm-1/base.apk / 1.0 running in com.att.myWireless rsrc of package com.google.android.gm
04-13 01:19:51.792  3806  3819 I native-activity: Frame 598 GL error is 0x0
04-13 01:19:51.792  3806  3819 I native-activity: Frame 598 time is 7.173ms
04-13 01:19:51.792  3806  3819 I native-activity: Swap 598 time is 7.586ms
04-13 01:19:51.792  3806  3819 I native-activity: Animating
04-13 01:19:51.792  3827  3827 D ResourcesManager: For user 0 new overlays fetched Null
04-13 01:19:51.802  3827  3827 W ResourcesManager: getTopLevelResources: /system/priv-app/SecGallery2015/SecGallery2015.apk / 1.0 running in com.att.myWireless rsrc of package com.sec.android.gallery3d
04-13 01:19:51.802  3806  3819 I native-activity: Frame 599 GL error is 0x0
04-13 01:19:51.802  3806  3819 I native-activity: Frame 599 time is 7.138ms
04-13 01:19:51.802  3806  3819 I native-activity: Swap 599 time is 7.501ms
04-13 01:19:51.802  3806  3819 I native-activity: Animating
04-13 01:19:51.802  3827  3827 D ResourcesManager: For user 0 new overlays fetched Null
04-13 01:19:51.812  3827  3827 W ResourcesManager: getTopLevelResources: /data/app/com.sec.android.app.samsungapps-1/base.apk / 1.0 running in com.att.myWireless rsrc of package com.sec.android.app.samsungapps
04-13 01:19:51.812  3827  3827 D ResourcesManager: For user 0 new overlays fetched Null
04-13 01:19:51.812  3806  3819 I native-activity: Frame 600 GL error is 0x0
04-13 01:19:51.812  3806  3819 I native-activity: Frame 600 time is 7.689ms
04-13 01:19:51.812  3806  3819 I native-activity: Swap 600 time is 8.014ms
04-13 01:19:51.812  3806  3819 I native-activity: Animating
04-13 01:19:51.812  3827  3827 W ResourcesManager: getTopLevelResources: /system/priv-app/SecEmail_M/SecEmail_M.apk / 1.0 running in com.att.myWireless rsrc of package com.samsung.android.email.provider
04-13 01:19:51.812  3827  3827 D ResourcesManager: For user 0 new overlays fetched Null
04-13 01:19:51.822  3806  3819 I native-activity: Frame 601 GL error is 0x0
04-13 01:19:51.822  3806  3819 I native-activity: Frame 601 time is 7.331ms
04-13 01:19:51.822  3806  3819 I native-activity: Swap 601 time is 7.790ms
04-13 01:19:51.822  3806  3819 I native-activity: Animating
04-13 01:19:51.822  3806  3819 I native-activity: Frame 602 GL error is 0x0
04-13 01:19:51.822  3806  3819 I native-activity: Frame 602 time is 6.616ms
04-13 01:19:51.822  3806  3819 I native-activity: Swap 602 time is 6.954ms
04-13 01:19:51.822  3806  3819 I native-activity: Animating
04-13 01:19:51.832  3827  3827 W ResourcesManager: getTopLevelResources: /data/app/com.google.android.apps.docs-2/base.apk / 1.0 running in com.att.myWireless rsrc of package com.google.android.apps.docs
04-13 01:19:51.832  3806  3819 I native-activity: Frame 603 GL error is 0x0
04-13 01:19:51.832  3806  3819 I native-activity: Frame 603 time is 7.027ms
04-13 01:19:51.832  3806  3819 I native-activity: Swap 603 time is 7.410ms
04-13 01:19:51.832  3827  3827 D ResourcesManager: For user 0 new overlays fetched Null
04-13 01:19:51.832  3806  3819 I native-activity: Animating
04-13 01:19:51.842  3827  3827 W ResourcesManager: getTopLevelResources: /system/app/DeviceHelp/DeviceHelp.apk / 1.0 running in com.att.myWireless rsrc of package com.sec.android.devicehelp
04-13 01:19:51.842  3827  3827 D ResourcesManager: For user 0 new overlays fetched Null
04-13 01:19:51.842  3806  3819 I native-activity: Frame 604 GL error is 0x0
04-13 01:19:51.842  3806  3819 I native-activity: Frame 604 time is 6.510ms
04-13 01:19:51.842  3806  3819 I native-activity: Swap 604 time is 6.897ms
04-13 01:19:51.842  3806  3819 I native-activity: Animating
04-13 01:19:51.842  3827  3827 W ResourcesManager: getTopLevelResources: /system/priv-app/SecContacts_M/SecContacts_M.apk / 1.0 running in com.att.myWireless rsrc of package com.android.contacts
04-13 01:19:51.842  3827  3827 W ResourcesManager: getTopLevelResources: /system/app/ClockPackage_M/ClockPackage_M.apk / 1.0 running in com.att.myWireless rsrc of package com.sec.android.app.clockpackage
04-13 01:19:51.852  3806  3819 I native-activity: Frame 605 GL error is 0x0
04-13 01:19:51.852  3827  3827 D ResourcesManager: For user 0 new overlays fetched Null
04-13 01:19:51.852  3806  3819 I native-activity: Frame 605 time is 6.182ms
04-13 01:19:51.852  3827  3827 W ResourcesManager: getTopLevelResources: /data/app/com.android.chrome-2/base.apk / 1.0 running in com.att.myWireless rsrc of package com.android.chrome
04-13 01:19:51.852  3806  3819 I native-activity: Swap 605 time is 6.634ms
04-13 01:19:51.852  3827  3827 D ResourcesManager: For user 0 new overlays fetched Null
04-13 01:19:51.852  3806  3819 I native-activity: Animating
04-13 01:19:51.852  3827  3827 W ResourcesManager: getTopLevelResources: /system/priv-app/SamsungCamera5/SamsungCamera5.apk / 1.0 running in com.att.myWireless rsrc of package com.sec.android.app.camera
04-13 01:19:51.852  3806  3819 I native-activity: Frame 606 GL error is 0x0
04-13 01:19:51.862  3827  3827 D ResourcesManager: For user 0 new overlays fetched Null
04-13 01:19:51.852  3806  3819 I native-activity: Frame 606 time is 5.986ms
04-13 01:19:51.852  3806  3819 I native-activity: Swap 606 time is 6.477ms
04-13 01:19:51.852  3806  3819 I native-activity: Animating
04-13 01:19:51.862  3806  3819 I native-activity: Frame 607 GL error is 0x0
04-13 01:19:51.862  3806  3819 I native-activity: Frame 607 time is 4.889ms
04-13 01:19:51.862  3806  3819 I native-activity: Swap 607 time is 5.466ms
04-13 01:19:51.862  3806  3819 I native-activity: Animating
04-13 01:19:51.862  3827  3827 W ResourcesManager: getTopLevelResources: /system/priv-app/ECID-release_ATT/ECID-release_ATT.apk / 1.0 running in com.att.myWireless rsrc of package com.cequint.ecid
04-13 01:19:51.862  3827  3827 D ResourcesManager: For user 0 new overlays fetched Null
04-13 01:19:51.862  3806  3819 I native-activity: Frame 608 GL error is 0x0
04-13 01:19:51.862  3806  3819 I native-activity: Frame 608 time is 5.510ms
04-13 01:19:51.862  3806  3819 I native-activity: Swap 608 time is 6.048ms
04-13 01:19:51.862  3806  3819 I native-activity: Animating
04-13 01:19:51.872  3827  3827 W ResourcesManager: getTopLevelResources: /system/csc/appresource/CSCAppResource.apk / 1.0 running in com.att.myWireless rsrc of package com.att.myWireless
04-13 01:19:51.872  3827  3827 D ResourcesManager: For user 0 new overlays fetched Null
04-13 01:19:51.872  3806  3819 I native-activity: Frame 609 GL error is 0x0
04-13 01:19:51.872  3806  3819 I native-activity: Frame 609 time is 5.956ms
04-13 01:19:51.872  3806  3819 I native-activity: Swap 609 time is 6.621ms
04-13 01:19:51.872  3806  3819 I native-activity: Animating
04-13 01:19:51.872  3827  3827 W ResourcesManager: getTopLevelResources: /system/priv-app/SecCalculator_M/SecCalculator_M.apk / 1.0 running in com.att.myWireless rsrc of package com.sec.android.app.popupcalculator
04-13 01:19:51.882  3827  3827 D ResourcesManager: For user 0 new overlays fetched Null
04-13 01:19:51.882  3806  3819 I native-activity: Frame 610 GL error is 0x0
04-13 01:19:51.882  3806  3819 I native-activity: Frame 610 time is 6.745ms
04-13 01:19:51.882  3806  3819 I native-activity: Swap 610 time is 7.166ms
04-13 01:19:51.882  3806  3819 I native-activity: Animating
04-13 01:19:51.882  3827  3827 W ResourcesManager: getTopLevelResources: /data/app/com.google.android.apps.walletnfcrel-1/base.apk / 1.0 running in com.att.myWireless rsrc of package com.google.android.apps.walletnfcrel
04-13 01:19:51.882  3827  3827 D ResourcesManager: For user 0 new overlays fetched Null
04-13 01:19:51.882  3806  3819 I native-activity: Frame 611 GL error is 0x0
04-13 01:19:51.882  3806  3819 I native-activity: Frame 611 time is 5.419ms
04-13 01:19:51.882  3806  3819 I native-activity: Swap 611 time is 5.938ms
04-13 01:19:51.882  3806  3819 I native-activity: Animating
04-13 01:19:51.892  3806  3819 I native-activity: Frame 612 GL error is 0x0
04-13 01:19:51.892  3806  3819 I native-activity: Frame 612 time is 5.505ms
04-13 01:19:51.892  3806  3819 I native-activity: Swap 612 time is 5.969ms
04-13 01:19:51.892  3827  3827 W ResourcesManager: getTopLevelResources: /data/app/com.amazon.kindle-2/base.apk / 1.0 running in com.att.myWireless rsrc of package com.amazon.kindle
04-13 01:19:51.892  3806  3819 I native-activity: Animating
04-13 01:19:51.902  3827  3827 D ResourcesManager: For user 0 new overlays fetched Null
04-13 01:19:51.912  3806  3819 I native-activity: Frame 613 GL error is 0x0
04-13 01:19:51.912  3806  3819 I native-activity: Frame 613 time is 15.789ms
04-13 01:19:51.912  3806  3819 I native-activity: Swap 613 time is 16.279ms
04-13 01:19:51.912  3806  3819 I native-activity: Animating
04-13 01:19:51.912  3806  3819 I native-activity: Frame 614 GL error is 0x0
04-13 01:19:51.912  3806  3819 I native-activity: Frame 614 time is 5.962ms
04-13 01:19:51.912  3806  3819 I native-activity: Swap 614 time is 6.394ms
04-13 01:19:51.912  3806  3819 I native-activity: Animating
04-13 01:19:51.922  3806  3819 I native-activity: Frame 615 GL error is 0x0
04-13 01:19:51.922  3806  3819 I native-activity: Frame 615 time is 4.904ms
04-13 01:19:51.922  3806  3819 I native-activity: Swap 615 time is 5.265ms
04-13 01:19:51.922  3806  3819 I native-activity: Animating
04-13 01:19:51.922  3806  3819 I native-activity: Frame 616 GL error is 0x0
04-13 01:19:51.922  3806  3819 I native-activity: Frame 616 time is 5.077ms
04-13 01:19:51.922  3806  3819 I native-activity: Swap 616 time is 5.504ms
04-13 01:19:51.922  3806  3819 I native-activity: Animating
04-13 01:19:51.932  3806  3819 I native-activity: Frame 617 GL error is 0x0
04-13 01:19:51.932  3806  3819 I native-activity: Frame 617 time is 4.712ms
04-13 01:19:51.932  3806  3819 I native-activity: Swap 617 time is 5.061ms
04-13 01:19:51.932  3806  3819 I native-activity: Animating
04-13 01:19:51.932  3806  3819 I native-activity: Frame 618 GL error is 0x0
04-13 01:19:51.932  3806  3819 I native-activity: Frame 618 time is 4.167ms
04-13 01:19:51.932  3806  3819 I native-activity: Swap 618 time is 4.700ms
04-13 01:19:51.932  3806  3819 I native-activity: Animating
04-13 01:19:51.942  3806  3819 I native-activity: Frame 619 GL error is 0x0
04-13 01:19:51.942  3806  3819 I native-activity: Frame 619 time is 4.700ms
04-13 01:19:51.942  3806  3819 I native-activity: Swap 619 time is 5.247ms
04-13 01:19:51.942  3806  3819 I native-activity: Animating
04-13 01:19:51.942  3806  3819 I native-activity: Frame 620 GL error is 0x0
04-13 01:19:51.942  3806  3819 I native-activity: Frame 620 time is 4.112ms
04-13 01:19:51.942  3806  3819 I native-activity: Swap 620 time is 4.590ms
04-13 01:19:51.942  3806  3819 I native-activity: Animating
04-13 01:19:51.952  3806  3819 I native-activity: Frame 621 GL error is 0x0
04-13 01:19:51.952  3806  3819 I native-activity: Frame 621 time is 4.864ms
04-13 01:19:51.952  3806  3819 I native-activity: Swap 621 time is 5.322ms
04-13 01:19:51.952  3806  3819 I native-activity: Animating
04-13 01:19:51.952  3806  3819 I native-activity: Frame 622 GL error is 0x0
04-13 01:19:51.952  3806  3819 I native-activity: Frame 622 time is 4.043ms
04-13 01:19:51.952  3806  3819 I native-activity: Swap 622 time is 4.488ms
04-13 01:19:51.952  3806  3819 I native-activity: Animating
04-13 01:19:51.962  3806  3819 I native-activity: Frame 623 GL error is 0x0
04-13 01:19:51.962  3806  3819 I native-activity: Frame 623 time is 4.353ms
04-13 01:19:51.962  3806  3819 I native-activity: Swap 623 time is 4.880ms
04-13 01:19:51.962  3806  3819 I native-activity: Animating
04-13 01:19:51.962  3806  3819 I native-activity: Frame 624 GL error is 0x0
04-13 01:19:51.962  3806  3819 I native-activity: Frame 624 time is 4.398ms
04-13 01:19:51.962  3806  3819 I native-activity: Swap 624 time is 4.886ms
04-13 01:19:51.962  3806  3819 I native-activity: Animating
04-13 01:19:51.972  3806  3819 I native-activity: Frame 625 GL error is 0x0
04-13 01:19:51.972  3806  3819 I native-activity: Frame 625 time is 4.141ms
04-13 01:19:51.972  3806  3819 I native-activity: Swap 625 time is 4.632ms
04-13 01:19:51.972  3806  3819 I native-activity: Animating
04-13 01:19:51.972  3806  3819 I native-activity: Frame 626 GL error is 0x0
04-13 01:19:51.972  3806  3819 I native-activity: Frame 626 time is 3.661ms
04-13 01:19:51.972  3806  3819 I native-activity: Swap 626 time is 4.091ms
04-13 01:19:51.972  3806  3819 I native-activity: Animating
04-13 01:19:51.982  3806  3819 I native-activity: Frame 627 GL error is 0x0
04-13 01:19:51.982  3806  3819 I native-activity: Frame 627 time is 4.503ms
04-13 01:19:51.982  3806  3819 I native-activity: Swap 627 time is 5.020ms
04-13 01:19:51.982  3806  3819 I native-activity: Animating
04-13 01:19:51.982  3806  3819 I native-activity: Frame 628 GL error is 0x0
04-13 01:19:51.982  3806  3819 I native-activity: Frame 628 time is 3.562ms
04-13 01:19:51.982  3806  3819 I native-activity: Swap 628 time is 4.040ms
04-13 01:19:51.982  3806  3819 I native-activity: Animating
04-13 01:19:51.982  3806  3819 I native-activity: Frame 629 GL error is 0x0
04-13 01:19:51.982  3806  3819 I native-activity: Frame 629 time is 3.387ms
04-13 01:19:51.992  3806  3819 I native-activity: Swap 629 time is 3.979ms
04-13 01:19:51.992  3806  3819 I native-activity: Animating
04-13 01:19:51.992  3806  3819 I native-activity: Frame 630 GL error is 0x0
04-13 01:19:51.992  3806  3819 I native-activity: Frame 630 time is 3.549ms
04-13 01:19:51.992  3806  3819 I native-activity: Swap 630 time is 4.022ms
04-13 01:19:51.992  3806  3819 I native-activity: Animating
04-13 01:19:51.992  3806  3819 I native-activity: Frame 631 GL error is 0x0
04-13 01:19:51.992  3806  3819 I native-activity: Frame 631 time is 4.234ms
04-13 01:19:51.992  3806  3819 I native-activity: Swap 631 time is 4.712ms
04-13 01:19:51.992  3806  3819 I native-activity: Animating
04-13 01:19:52.002  3806  3819 I native-activity: Frame 632 GL error is 0x0
04-13 01:19:52.002  3806  3819 I native-activity: Frame 632 time is 3.872ms
04-13 01:19:52.002  3806  3819 I native-activity: Swap 632 time is 4.375ms
04-13 01:19:52.002  3806  3819 I native-activity: Animating
04-13 01:19:52.002  3806  3819 I native-activity: Frame 633 GL error is 0x0
04-13 01:19:52.002  3806  3819 I native-activity: Frame 633 time is 3.929ms
04-13 01:19:52.002  3806  3819 I native-activity: Swap 633 time is 4.421ms
04-13 01:19:52.002  3806  3819 I native-activity: Animating
04-13 01:19:52.012  3806  3819 I native-activity: Frame 634 GL error is 0x0
04-13 01:19:52.012  3806  3819 I native-activity: Frame 634 time is 4.024ms
04-13 01:19:52.012  3806  3819 I native-activity: Swap 634 time is 4.506ms
04-13 01:19:52.012  3806  3819 I native-activity: Animating
04-13 01:19:52.012  3806  3819 I native-activity: Frame 635 GL error is 0x0
04-13 01:19:52.012  3806  3819 I native-activity: Frame 635 time is 3.829ms
04-13 01:19:52.012  3806  3819 I native-activity: Swap 635 time is 4.255ms
04-13 01:19:52.012  3806  3819 I native-activity: Animating
04-13 01:19:52.022  3806  3819 I native-activity: Frame 636 GL error is 0x0
04-13 01:19:52.022  3806  3819 I native-activity: Frame 636 time is 4.526ms
04-13 01:19:52.022  3806  3819 I native-activity: Swap 636 time is 5.078ms
04-13 01:19:52.022  3806  3819 I native-activity: Animating
04-13 01:19:52.022  3806  3819 I native-activity: Frame 637 GL error is 0x0
04-13 01:19:52.022  3806  3819 I native-activity: Frame 637 time is 4.401ms
04-13 01:19:52.022  3806  3819 I native-activity: Swap 637 time is 4.878ms
04-13 01:19:52.022  3806  3819 I native-activity: Animating
04-13 01:19:52.032  3806  3819 I native-activity: Frame 638 GL error is 0x0
04-13 01:19:52.032  3806  3819 I native-activity: Frame 638 time is 4.830ms
04-13 01:19:52.032  3806  3819 I native-activity: Swap 638 time is 5.279ms
04-13 01:19:52.032  3806  3819 I native-activity: Animating
04-13 01:19:52.032  3806  3819 I native-activity: Frame 639 GL error is 0x0
04-13 01:19:52.032  3806  3819 I native-activity: Frame 639 time is 4.835ms
04-13 01:19:52.032  3806  3819 I native-activity: Swap 639 time is 5.289ms
04-13 01:19:52.032  3806  3819 I native-activity: Animating
04-13 01:19:52.042  3806  3819 I native-activity: Frame 640 GL error is 0x0
04-13 01:19:52.042  3806  3819 I native-activity: Frame 640 time is 4.789ms
04-13 01:19:52.042  3806  3819 I native-activity: Swap 640 time is 5.277ms
04-13 01:19:52.042  3806  3819 I native-activity: Animating
04-13 01:19:52.042  3806  3819 I native-activity: Frame 641 GL error is 0x0
04-13 01:19:52.042  3806  3819 I native-activity: Frame 641 time is 4.513ms
04-13 01:19:52.042  3806  3819 I native-activity: Swap 641 time is 4.987ms
04-13 01:19:52.042  3806  3819 I native-activity: Animating
04-13 01:19:52.052  3806  3819 I native-activity: Frame 642 GL error is 0x0
04-13 01:19:52.052  3806  3819 I native-activity: Frame 642 time is 5.350ms
04-13 01:19:52.052  3806  3819 I native-activity: Swap 642 time is 5.784ms
04-13 01:19:52.052  3806  3819 I native-activity: Animating
04-13 01:19:52.052  3806  3819 I native-activity: Frame 643 GL error is 0x0
04-13 01:19:52.052  3806  3819 I native-activity: Frame 643 time is 5.102ms
04-13 01:19:52.052  3806  3819 I native-activity: Swap 643 time is 5.599ms
04-13 01:19:52.052  3806  3819 I native-activity: Animating
04-13 01:19:52.062  3806  3819 I native-activity: Frame 644 GL error is 0x0
04-13 01:19:52.062  3806  3819 I native-activity: Frame 644 time is 9.807ms
04-13 01:19:52.062  3806  3819 I native-activity: Swap 644 time is 10.210ms
04-13 01:19:52.062  3806  3819 I native-activity: Animating
04-13 01:19:52.072  3806  3819 I native-activity: Frame 645 GL error is 0x0
04-13 01:19:52.072  3806  3819 I native-activity: Frame 645 time is 5.567ms
04-13 01:19:52.072  3806  3819 I native-activity: Swap 645 time is 6.001ms
04-13 01:19:52.072  3806  3819 I native-activity: Animating
04-13 01:19:52.082  3806  3819 I native-activity: Frame 646 GL error is 0x0
04-13 01:19:52.082  3806  3819 I native-activity: Frame 646 time is 5.001ms
04-13 01:19:52.082  3806  3819 I native-activity: Swap 646 time is 5.464ms
04-13 01:19:52.082  3806  3819 I native-activity: Animating
04-13 01:19:52.082  3806  3819 I native-activity: Frame 647 GL error is 0x0
04-13 01:19:52.082  3806  3819 I native-activity: Frame 647 time is 5.100ms
04-13 01:19:52.082  3806  3819 I native-activity: Swap 647 time is 5.661ms
04-13 01:19:52.082  3806  3819 I native-activity: Animating
04-13 01:19:52.092  3806  3819 I native-activity: Frame 648 GL error is 0x0
04-13 01:19:52.092  3806  3819 I native-activity: Frame 648 time is 5.417ms
04-13 01:19:52.092  3806  3819 I native-activity: Swap 648 time is 5.851ms
04-13 01:19:52.092  3806  3819 I native-activity: Animating
04-13 01:19:52.092  3806  3819 I native-activity: Frame 649 GL error is 0x0
04-13 01:19:52.092  3806  3819 I native-activity: Frame 649 time is 5.107ms
04-13 01:19:52.092  3806  3819 I native-activity: Swap 649 time is 5.570ms
04-13 01:19:52.092  3806  3819 I native-activity: Animating
04-13 01:19:52.102  3806  3819 I native-activity: Frame 650 GL error is 0x0
04-13 01:19:52.102  3806  3819 I native-activity: Frame 650 time is 5.505ms
04-13 01:19:52.102  3806  3819 I native-activity: Swap 650 time is 5.931ms
04-13 01:19:52.102  3806  3819 I native-activity: Animating
04-13 01:19:52.102  3806  3819 I native-activity: Frame 651 GL error is 0x0
04-13 01:19:52.102  3806  3819 I native-activity: Frame 651 time is 5.211ms
04-13 01:19:52.112  3806  3819 I native-activity: Swap 651 time is 5.730ms
04-13 01:19:52.112  3806  3819 I native-activity: Animating
04-13 01:19:52.112  3806  3819 I native-activity: Frame 652 GL error is 0x0
04-13 01:19:52.112  3806  3819 I native-activity: Frame 652 time is 5.405ms
04-13 01:19:52.112  3806  3819 I native-activity: Swap 652 time is 5.823ms
04-13 01:19:52.112  3806  3819 I native-activity: Animating
04-13 01:19:52.122  3806  3819 I native-activity: Frame 653 GL error is 0x0
04-13 01:19:52.122  3806  3819 I native-activity: Frame 653 time is 5.230ms
04-13 01:19:52.122  3806  3819 I native-activity: Swap 653 time is 5.769ms
04-13 01:19:52.122  3806  3819 I native-activity: Animating
04-13 01:19:52.122  3806  3819 I native-activity: Frame 654 GL error is 0x0
04-13 01:19:52.122  3806  3819 I native-activity: Frame 654 time is 4.683ms
04-13 01:19:52.122  3806  3819 I native-activity: Swap 654 time is 5.111ms
04-13 01:19:52.122  3806  3819 I native-activity: Animating
04-13 01:19:52.132  3806  3819 I native-activity: Frame 655 GL error is 0x0
04-13 01:19:52.132  3806  3819 I native-activity: Frame 655 time is 4.912ms
04-13 01:19:52.132  3806  3819 I native-activity: Swap 655 time is 5.371ms
04-13 01:19:52.132  3806  3819 I native-activity: Animating
04-13 01:19:52.132  3806  3819 I native-activity: Frame 656 GL error is 0x0
04-13 01:19:52.132  3806  3819 I native-activity: Frame 656 time is 4.992ms
04-13 01:19:52.132  3806  3819 I native-activity: Swap 656 time is 5.401ms
04-13 01:19:52.132  3806  3819 I native-activity: Animating
04-13 01:19:52.142  3806  3819 I native-activity: Frame 657 GL error is 0x0
04-13 01:19:52.142  3806  3819 I native-activity: Frame 657 time is 5.297ms
04-13 01:19:52.142  3806  3819 I native-activity: Swap 657 time is 5.759ms
04-13 01:19:52.142  3806  3819 I native-activity: Animating
04-13 01:19:52.142  3806  3819 I native-activity: Frame 658 GL error is 0x0
04-13 01:19:52.142  3806  3819 I native-activity: Frame 658 time is 4.982ms
04-13 01:19:52.142  3806  3819 I native-activity: Swap 658 time is 5.373ms
04-13 01:19:52.142  3806  3819 I native-activity: Animating
04-13 01:19:52.152  3806  3819 I native-activity: Frame 659 GL error is 0x0
04-13 01:19:52.152  3806  3819 I native-activity: Frame 659 time is 5.240ms
04-13 01:19:52.152  3806  3819 I native-activity: Swap 659 time is 5.645ms
04-13 01:19:52.152  3806  3819 I native-activity: Animating
04-13 01:19:52.162  3806  3819 I native-activity: Frame 660 GL error is 0x0
04-13 01:19:52.162  3806  3819 I native-activity: Frame 660 time is 5.077ms
04-13 01:19:52.162  3806  3819 I native-activity: Swap 660 time is 5.600ms
04-13 01:19:52.162  3806  3819 I native-activity: Animating
04-13 01:19:52.162  3806  3819 I native-activity: Frame 661 GL error is 0x0
04-13 01:19:52.162  3806  3819 I native-activity: Frame 661 time is 4.776ms
04-13 01:19:52.162  3806  3819 I native-activity: Swap 661 time is 5.170ms
04-13 01:19:52.162  3806  3819 I native-activity: Animating
04-13 01:19:52.172  3806  3819 I native-activity: Frame 662 GL error is 0x0
04-13 01:19:52.172  3806  3819 I native-activity: Frame 662 time is 4.764ms
04-13 01:19:52.172  3806  3819 I native-activity: Swap 662 time is 5.165ms
04-13 01:19:52.172  3806  3819 I native-activity: Animating
04-13 01:19:52.172  3806  3819 I native-activity: Frame 663 GL error is 0x0
04-13 01:19:52.172  3806  3819 I native-activity: Frame 663 time is 4.409ms
04-13 01:19:52.172  3806  3819 I native-activity: Swap 663 time is 4.830ms
04-13 01:19:52.172  3806  3819 I native-activity: Animating
04-13 01:19:52.182  3806  3819 I native-activity: Frame 664 GL error is 0x0
04-13 01:19:52.182  3806  3819 I native-activity: Frame 664 time is 6.401ms
04-13 01:19:52.182  3806  3819 I native-activity: Swap 664 time is 6.837ms
04-13 01:19:52.182  3806  3819 I native-activity: Animating
04-13 01:19:52.182  3806  3819 I native-activity: Frame 665 GL error is 0x0
04-13 01:19:52.182  3806  3819 I native-activity: Frame 665 time is 4.861ms
04-13 01:19:52.182  3806  3819 I native-activity: Swap 665 time is 5.317ms
04-13 01:19:52.182  3806  3819 I native-activity: Animating
04-13 01:19:52.192  3806  3819 I native-activity: Frame 666 GL error is 0x0
04-13 01:19:52.192  3806  3819 I native-activity: Frame 666 time is 4.630ms
04-13 01:19:52.192  3806  3819 I native-activity: Swap 666 time is 5.052ms
04-13 01:19:52.192  3806  3819 I native-activity: Animating
04-13 01:19:52.192  3806  3819 I native-activity: Frame 667 GL error is 0x0
04-13 01:19:52.192  3806  3819 I native-activity: Frame 667 time is 4.345ms
04-13 01:19:52.192  3806  3819 I native-activity: Swap 667 time is 4.752ms
04-13 01:19:52.192  3806  3819 I native-activity: Animating
04-13 01:19:52.202  3806  3819 I native-activity: Frame 668 GL error is 0x0
04-13 01:19:52.202  3806  3819 I native-activity: Frame 668 time is 4.928ms
04-13 01:19:52.202  3806  3819 I native-activity: Swap 668 time is 5.395ms
04-13 01:19:52.202  3806  3819 I native-activity: Animating
04-13 01:19:52.202  3806  3819 I native-activity: Frame 669 GL error is 0x0
04-13 01:19:52.202  3806  3819 I native-activity: Frame 669 time is 4.746ms
04-13 01:19:52.202  3806  3819 I native-activity: Swap 669 time is 5.260ms
04-13 01:19:52.202  3806  3819 I native-activity: Animating
04-13 01:19:52.212  3806  3819 I native-activity: Frame 670 GL error is 0x0
04-13 01:19:52.212  3806  3819 I native-activity: Frame 670 time is 5.282ms
04-13 01:19:52.212  3806  3819 I native-activity: Swap 670 time is 5.679ms
04-13 01:19:52.212  3806  3819 I native-activity: Animating
04-13 01:19:52.212  3806  3819 I native-activity: Frame 671 GL error is 0x0
04-13 01:19:52.212  3806  3819 I native-activity: Frame 671 time is 5.159ms
04-13 01:19:52.222  3806  3819 I native-activity: Swap 671 time is 5.716ms
04-13 01:19:52.222  3806  3819 I native-activity: Animating
04-13 01:19:52.222  3806  3819 I native-activity: Frame 672 GL error is 0x0
04-13 01:19:52.222  3806  3819 I native-activity: Frame 672 time is 5.458ms
04-13 01:19:52.222  3806  3819 I native-activity: Swap 672 time is 5.830ms
04-13 01:19:52.222  3806  3819 I native-activity: Animating
04-13 01:19:52.232  3806  3819 I native-activity: Frame 673 GL error is 0x0
04-13 01:19:52.232  3806  3819 I native-activity: Frame 673 time is 7.463ms
04-13 01:19:52.232  3806  3819 I native-activity: Swap 673 time is 7.933ms
04-13 01:19:52.232  3806  3819 I native-activity: Animating
04-13 01:19:52.232  3806  3819 I native-activity: Frame 674 GL error is 0x0
04-13 01:19:52.232  3806  3819 I native-activity: Frame 674 time is 3.946ms
04-13 01:19:52.232  3806  3819 I native-activity: Swap 674 time is 4.333ms
