04-11 02:49:10.549  2849  2877 I native-activity: Frame 308 time is 13.445ms
04-11 02:49:10.559  2849  2877 I native-activity: Swap 308 time is 26.253ms
04-11 02:49:10.559  2849  2877 I native-activity: Animating
04-11 02:49:10.579  2849  2877 I native-activity: Frame 309 GL error is 0x0
04-11 02:49:10.579  2849  2877 I native-activity: Frame 309 time is 24.668ms
04-11 02:49:10.589  2849  2877 I native-activity: Swap 309 time is 35.511ms
04-11 02:49:10.599  2849  2877 I native-activity: Animating
04-11 02:49:10.599  2849  2877 I native-activity: Frame 310 GL error is 0x0
04-11 02:49:10.599  2849  2877 I native-activity: Frame 310 time is 7.473ms
04-11 02:49:10.609 30475 30525 D NetworkController.MobileSignalController(0/1): onSignalStrengthsChanged signalStrength=SignalStrength: 99 99 -120 -160 -120 -1 -1 13 -115 -8 60 -1 2147483647 0x1000 gsm|lte level=1
04-11 02:49:10.609  2849  2877 I native-activity: Swap 310 time is 17.479ms
04-11 02:49:10.609  2849  2877 I native-activity: Animating
04-11 02:49:10.609 30475 30525 D NetworkController.MobileSignalController(0/1): getMobileIconGroup(): 13
04-11 02:49:10.609 30475 30525 D NetworkController.MobileSignalController(0/1): updateATTMobileIconGroup(): 13
04-11 02:49:10.619  1434  2207 D EPDG -- [SMARTWIFI]: onSignalStrengthsChanged: Received signal strength change, phone type is: 1
04-11 02:49:10.619  1434  4692 D EPDG -- [SMARTWIFI]: lastLteRSRP is -113currentLteRSRP is -115
04-11 02:49:10.619  1434  4692 D EPDG -- [SMARTWIFI]: lastCdmaDb is -16currentCdmaDb is -16
04-11 02:49:10.619  1434  4692 V EPDG -- [SMARTWIFI]: Radio oldest entry removed
04-11 02:49:10.619  1434  4692 V EPDG -- [SMARTWIFI]: New entry : (SignalStrength: 99 99 -120 -160 -120 -1 -1 13 -115 -8 60 -1 2147483647 0x1000 gsm|lte : 0 )
04-11 02:49:10.619  1434  4692 V EPDG -- [SMARTWIFI]: Radio entry added
04-11 02:49:10.619  1434  4692 D EPDG -- [SMARTWIFI]: RSRP is -115 mLteThLow -113 posting mRunnableLteOff
04-11 02:49:10.629  1434  2207 D EPDG -- [EPDGService]: LTE NOT available
04-11 02:49:10.639  1434  2207 D EPDG -- [EPDGService]:  mWifiRssiA :-74 mWifiRssiB:-80 mWifiRssiC:0 mWifiRssiRoveInWifiOnly:0 mWifiRssiRoveOutWifiOnly:0 mLteRsrp1:-113 mLteRsrp2:0 mLteRsrp3:-108
04-11 02:49:10.639  1434  2207 D EPDG -- [EPDGService]:  mLteThGood:-108 mLteThLow:-113 mCdmaTh:0 mCdmaProfilingStarted : false Last reported Cdma Ec/Io : -16 mLteProfilingStarted : true Last reported Lte RSRP: -115 mWifiGoodDbValue: -74 mWifiBadDbValue: -80 Current Wifi RSSI Value: -49 Last Known Wifi RSSI Value: -48
04-11 02:49:10.639  1434  2207 D EPDG -- [EPDGService]: TimerStatus :
04-11 02:49:10.639  1434  2207 D EPDG -- [UTILS]:  getNetworkTypeByApnType() apnType: ims
04-11 02:49:10.639  1434  2207 D EPDG -- [EPDGService]: retryL2WHandoverIfRequired(): apnType: ims networkType: 11
04-11 02:49:10.639  1434  2207 I EPDG -- [UTILS]: isAlwaysOnApn(): result is: true
04-11 02:49:10.639  1434  2207 D EPDG -- [EPDGService]: getIsAirplaneMode: returning: false
04-11 02:49:10.639  1434  2207 D EPDG -- [MAPCON]: checkIsRuleforApn: appStr is: idle apnType is: ims
04-11 02:49:10.639  1434  2207 D EPDG -- [MAPCON]: apn :ims
04-11 02:49:10.639  1434  2207 D EPDG -- [SMARTWIFI]: LTE Available: false
04-11 02:49:10.649  2849  2877 I native-activity: Frame 311 GL error is 0x501
04-11 02:49:10.649  2849  2877 I native-activity: Frame 311 time is 34.219ms
04-11 02:49:10.659  2849  2877 I native-activity: Swap 311 time is 42.690ms
04-11 02:49:10.659  2849  2877 I native-activity: Animating
04-11 02:49:10.659  1434  2207 I EPDG -- [PolicyMgr]: isL2WRecommended: LTE (false) CS (false) VoWIFI (false) call (idle)
04-11 02:49:10.659  1434  2207 D EPDG -- [SMARTWIFI]: LTE Available: false
04-11 02:49:10.659  1434  2207 I EPDG -- [MAPCON]: isIwlanPreceedsCs - meet CS first
04-11 02:49:10.659  1434  2207 D EPDG -- [SMARTWIFI]: LTE Available: false
04-11 02:49:10.659  1434  2207 I EPDG -- [MAPCON]: isCsPreceedsIwlan - meet CS first
04-11 02:49:10.659  1434  2207 D EPDG -- [SMARTWIFI]: LTE Available: false
04-11 02:49:10.659  1434  2207 I EPDG -- [PolicyMgr]: isL2WRecommended(): result is: false
04-11 02:49:10.659  1434  2207 D EPDG -- [EPDGService]: L2W is not recommended
04-11 02:49:10.669  2849  2877 I native-activity: Frame 312 GL error is 0x0
04-11 02:49:10.669  2849  2877 I native-activity: Frame 312 time is 10.648ms
04-11 02:49:10.669  2849  2877 I native-activity: Swap 312 time is 18.089ms
04-11 02:49:10.669  2849  2877 I native-activity: Animating
04-11 02:49:10.679  2849  2877 I native-activity: Frame 313 GL error is 0x0
04-11 02:49:10.679  2849  2877 I native-activity: Frame 313 time is 10.137ms
04-11 02:49:10.689  2849  2877 I native-activity: Swap 313 time is 17.554ms
04-11 02:49:10.689  2849  2877 I native-activity: Animating
04-11 02:49:10.699  2849  2877 I native-activity: Frame 314 GL error is 0x0
04-11 02:49:10.699  2849  2877 I native-activity: Frame 314 time is 9.334ms
04-11 02:49:10.709  2849  2877 I native-activity: Swap 314 time is 16.926ms
04-11 02:49:10.709  2849  2877 I native-activity: Animating
04-11 02:49:10.729  2849  2877 I native-activity: Frame 315 GL error is 0x501
04-11 02:49:10.729  2849  2877 I native-activity: Frame 315 time is 16.547ms
04-11 02:49:10.729  2849  2877 I native-activity: Swap 315 time is 24.333ms
04-11 02:49:10.729  2849  2877 I native-activity: Animating
04-11 02:49:10.739  2849  2877 I native-activity: Frame 316 GL error is 0x0
04-11 02:49:10.749  2849  2877 I native-activity: Frame 316 time is 10.901ms
04-11 02:49:10.749  2849  2877 I native-activity: Swap 316 time is 19.089ms
04-11 02:49:10.749  2849  2877 I native-activity: Animating
04-11 02:49:10.769  2849  2877 I native-activity: Frame 317 GL error is 0x0
04-11 02:49:10.769  2849  2877 I native-activity: Frame 317 time is 12.660ms
04-11 02:49:10.779  2849  2877 I native-activity: Swap 317 time is 22.803ms
04-11 02:49:10.779  2849  2877 I native-activity: Animating
04-11 02:49:10.789  2849  2877 I native-activity: Frame 318 GL error is 0x0
04-11 02:49:10.789  2849  2877 I native-activity: Frame 318 time is 15.090ms
04-11 02:49:10.799  2849  2877 I native-activity: Swap 318 time is 25.291ms
04-11 02:49:10.799  2849  2877 I native-activity: Animating
04-11 02:49:10.819  2849  2877 I native-activity: Frame 319 GL error is 0x0
04-11 02:49:10.819  2849  2877 I native-activity: Frame 319 time is 20.756ms
04-11 02:49:10.839  2849  2877 I native-activity: Swap 319 time is 33.111ms
04-11 02:49:10.839  2849  2877 I native-activity: Animating
04-11 02:49:10.839  2849  2877 I native-activity: Frame 320 GL error is 0x0
04-11 02:49:10.839  2849  2877 I native-activity: Frame 320 time is 7.151ms
04-11 02:49:10.849  2849  2877 I native-activity: Swap 320 time is 14.970ms
04-11 02:49:10.849  2849  2877 I native-activity: Animating
04-11 02:49:10.859  2849  2877 I native-activity: Frame 321 GL error is 0x0
04-11 02:49:10.859  2849  2877 I native-activity: Frame 321 time is 9.646ms
04-11 02:49:10.869  2849  2877 I native-activity: Swap 321 time is 17.483ms
04-11 02:49:10.869  2849  2877 I native-activity: Animating
04-11 02:49:10.879  2849  2877 I native-activity: Frame 322 GL error is 0x0
04-11 02:49:10.879  2849  2877 I native-activity: Frame 322 time is 13.976ms
04-11 02:49:10.889  2849  2877 I native-activity: Swap 322 time is 23.166ms
04-11 02:49:10.889  2849  2877 I native-activity: Animating
04-11 02:49:10.909  2849  2877 I native-activity: Frame 323 GL error is 0x0
04-11 02:49:10.909  2849  2877 I native-activity: Frame 323 time is 15.183ms
04-11 02:49:10.919  2849  2877 I native-activity: Swap 323 time is 25.593ms
04-11 02:49:10.919  2849  2877 I native-activity: Animating
04-11 02:49:10.939  2849  2877 I native-activity: Frame 324 GL error is 0x0
04-11 02:49:10.939  2849  2877 I native-activity: Frame 324 time is 19.290ms
04-11 02:49:10.949  2849  2877 I native-activity: Swap 324 time is 29.733ms
04-11 02:49:10.949  2849  2877 I native-activity: Animating
04-11 02:49:10.969  2849  2877 I native-activity: Frame 325 GL error is 0x0
04-11 02:49:10.969  2849  2877 I native-activity: Frame 325 time is 21.427ms
04-11 02:49:10.979  2849  2877 I native-activity: Swap 325 time is 31.933ms
04-11 02:49:10.979  2849  2877 I native-activity: Animating
04-11 02:49:10.999  2849  2877 I native-activity: Frame 326 GL error is 0x0
04-11 02:49:10.999  2849  2877 I native-activity: Frame 326 time is 21.963ms
04-11 02:49:11.019  2849  2877 I native-activity: Swap 326 time is 34.354ms
04-11 02:49:11.019  2849  2877 I native-activity: Animating
04-11 02:49:11.019  2849  2877 I native-activity: Frame 327 GL error is 0x0
04-11 02:49:11.019  2849  2877 I native-activity: Frame 327 time is 7.053ms
04-11 02:49:11.029  1434  1672 D PackageManager: [MSG] WRITE_PACKAGE_RESTRICTIONS
04-11 02:49:11.029  2849  2877 I native-activity: Swap 327 time is 14.659ms
04-11 02:49:11.029  2849  2877 I native-activity: Animating
04-11 02:49:11.039  2849  2877 I native-activity: Frame 328 GL error is 0x0
04-11 02:49:11.039  2849  2877 I native-activity: Frame 328 time is 10.664ms
04-11 02:49:11.049  2849  2877 I native-activity: Swap 328 time is 18.439ms
04-11 02:49:11.049  2849  2877 I native-activity: Animating
04-11 02:49:11.059  1434  1672 W System.err: remove failed: ENOENT (No such file or directory) : /data/system/users/0/package-restrictions.xml.bak
04-11 02:49:11.059  2849  2877 I native-activity: Frame 329 GL error is 0x0
04-11 02:49:11.059  2849  2877 I native-activity: Frame 329 time is 10.641ms
04-11 02:49:11.069  2849  2877 I native-activity: Swap 329 time is 19.045ms
04-11 02:49:11.069  2849  2877 I native-activity: Animating
04-11 02:49:11.079  2849  2877 I native-activity: Frame 330 GL error is 0x0
04-11 02:49:11.079  2849  2877 I native-activity: Frame 330 time is 14.105ms
04-11 02:49:11.089  2849  2877 I native-activity: Swap 330 time is 22.736ms
04-11 02:49:11.089  2849  2877 I native-activity: Animating
04-11 02:49:11.109  2849  2877 I native-activity: Frame 331 GL error is 0x0
04-11 02:49:11.109  2849  2877 I native-activity: Frame 331 time is 14.543ms
04-11 02:49:11.119  2849  2877 I native-activity: Swap 331 time is 23.863ms
04-11 02:49:11.119  2849  2877 I native-activity: Animating
04-11 02:49:11.139  2849  2877 I native-activity: Frame 332 GL error is 0x0
04-11 02:49:11.139  2849  2877 I native-activity: Frame 332 time is 19.819ms
04-11 02:49:11.149  2849  2877 I native-activity: Swap 332 time is 32.413ms
04-11 02:49:11.149  2849  2877 I native-activity: Animating
04-11 02:49:11.169  2849  2877 I native-activity: Frame 333 GL error is 0x0
04-11 02:49:11.169  2849  2877 I native-activity: Frame 333 time is 21.979ms
04-11 02:49:11.179  2849  2877 I native-activity: Swap 333 time is 34.702ms
04-11 02:49:11.179  2849  2877 I native-activity: Animating
04-11 02:49:11.209  2849  2877 I native-activity: Frame 334 GL error is 0x0
04-11 02:49:11.209  2849  2877 I native-activity: Frame 334 time is 21.564ms
04-11 02:49:11.219  2849  2877 I native-activity: Swap 334 time is 33.563ms
04-11 02:49:11.219  2849  2877 I native-activity: Animating
04-11 02:49:11.229  2849  2877 I native-activity: Frame 335 GL error is 0x0
04-11 02:49:11.229  2849  2877 I native-activity: Frame 335 time is 7.715ms
04-11 02:49:11.229  2849  2877 I native-activity: Swap 335 time is 15.688ms
04-11 02:49:11.229  2849  2877 I native-activity: Animating
04-11 02:49:11.249  2849  2877 I native-activity: Frame 336 GL error is 0x0
04-11 02:49:11.249  2849  2877 I native-activity: Frame 336 time is 10.943ms
04-11 02:49:11.249  2849  2877 I native-activity: Swap 336 time is 18.959ms
04-11 02:49:11.249  2849  2877 I native-activity: Animating
04-11 02:49:11.259  2849  2877 I native-activity: Frame 337 GL error is 0x0
04-11 02:49:11.259  2849  2877 I native-activity: Frame 337 time is 10.616ms
04-11 02:49:11.269  2849  2877 I native-activity: Swap 337 time is 18.759ms
04-11 02:49:11.269  2849  2877 I native-activity: Animating
04-11 02:49:11.289  2849  2877 I native-activity: Frame 338 GL error is 0x0
04-11 02:49:11.289  2849  2877 I native-activity: Frame 338 time is 14.714ms
04-11 02:49:11.299  2849  2877 I native-activity: Swap 338 time is 25.072ms
04-11 02:49:11.299  2849  2877 I native-activity: Animating
04-11 02:49:11.309  2849  2877 I native-activity: Frame 339 GL error is 0x0
04-11 02:49:11.309  2849  2877 I native-activity: Frame 339 time is 15.605ms
04-11 02:49:11.319  2849  2877 I native-activity: Swap 339 time is 25.541ms
04-11 02:49:11.319  2849  2877 I native-activity: Animating
04-11 02:49:11.349  2849  2877 I native-activity: Frame 340 GL error is 0x0
04-11 02:49:11.349  2849  2877 I native-activity: Frame 340 time is 22.363ms
04-11 02:49:11.359  2849  2877 I native-activity: Swap 340 time is 34.319ms
04-11 02:49:11.359  2849  2877 I native-activity: Animating
04-11 02:49:11.369  2849  2877 I native-activity: Frame 341 GL error is 0x0
04-11 02:49:11.369  2849  2877 I native-activity: Frame 341 time is 6.968ms
04-11 02:49:11.369  2849  2877 I native-activity: Swap 341 time is 14.988ms
04-11 02:49:11.369  2849  2877 I native-activity: Animating
04-11 02:49:11.389  2849  2877 I native-activity: Frame 342 GL error is 0x0
04-11 02:49:11.389  2849  2877 I native-activity: Frame 342 time is 11.256ms
04-11 02:49:11.389  2849  2877 I native-activity: Swap 342 time is 19.273ms
04-11 02:49:11.389  2849  2877 I native-activity: Animating
04-11 02:49:11.409  2849  2877 I native-activity: Frame 343 GL error is 0x0
04-11 02:49:11.409  2849  2877 I native-activity: Frame 343 time is 12.878ms
04-11 02:49:11.419  2849  2877 I native-activity: Swap 343 time is 21.566ms
04-11 02:49:11.419  2849  2877 I native-activity: Animating
04-11 02:49:11.429  2849  2877 I native-activity: Frame 344 GL error is 0x0
04-11 02:49:11.429  2849  2877 I native-activity: Frame 344 time is 14.548ms
04-11 02:49:11.439  2849  2877 I native-activity: Swap 344 time is 23.455ms
04-11 02:49:11.439  2849  2877 I native-activity: Animating
04-11 02:49:11.459  2849  2877 I native-activity: Frame 345 GL error is 0x0
04-11 02:49:11.459  2849  2877 I native-activity: Frame 345 time is 20.135ms
04-11 02:49:11.469  2849  2877 I native-activity: Swap 345 time is 32.702ms
04-11 02:49:11.469  2849  2877 I native-activity: Animating
04-11 02:49:11.489  2849  2877 I native-activity: Frame 346 GL error is 0x0
04-11 02:49:11.489  2849  2877 I native-activity: Frame 346 time is 18.582ms
04-11 02:49:11.499  2849  2877 I native-activity: Swap 346 time is 30.992ms
04-11 02:49:11.499  2849  2877 I native-activity: Animating
04-11 02:49:11.529  2849  2877 I native-activity: Frame 347 GL error is 0x0
04-11 02:49:11.529  2849  2877 I native-activity: Frame 347 time is 21.854ms
04-11 02:49:11.539  2849  2877 I native-activity: Swap 347 time is 33.776ms
04-11 02:49:11.539  2849  2877 I native-activity: Animating
04-11 02:49:11.549  2849  2877 I native-activity: Frame 348 GL error is 0x0
04-11 02:49:11.549  2849  2877 I native-activity: Frame 348 time is 7.052ms
04-11 02:49:11.549  2849  2877 I native-activity: Swap 348 time is 14.735ms
04-11 02:49:11.549  2849  2877 I native-activity: Animating
04-11 02:49:11.559  2849  2877 I native-activity: Frame 349 GL error is 0x0
04-11 02:49:11.559  2849  2877 I native-activity: Frame 349 time is 10.432ms
04-11 02:49:11.569  2849  2877 I native-activity: Swap 349 time is 18.298ms
04-11 02:49:11.569  2849  2877 I native-activity: Animating
04-11 02:49:11.579  2849  2877 I native-activity: Frame 350 GL error is 0x0
04-11 02:49:11.579  2849  2877 I native-activity: Frame 350 time is 12.113ms
04-11 02:49:11.589  2849  2877 I native-activity: Swap 350 time is 20.443ms
04-11 02:49:11.589  2849  2877 I native-activity: Animating
04-11 02:49:11.609  2849  2877 I native-activity: Frame 351 GL error is 0x0
04-11 02:49:11.609  2849  2877 I native-activity: Frame 351 time is 14.713ms
04-11 02:49:11.619  2849  2877 I native-activity: Swap 351 time is 23.526ms
04-11 02:49:11.619  2849  2877 I native-activity: Animating
04-11 02:49:11.629  2849  2877 I native-activity: Frame 352 GL error is 0x0
04-11 02:49:11.629  2849  2877 I native-activity: Frame 352 time is 16.556ms
04-11 02:49:11.639  2849  2877 I native-activity: Swap 352 time is 27.527ms
04-11 02:49:11.639  2849  2877 I native-activity: Animating
04-11 02:49:11.659  2849  2877 I native-activity: Frame 353 GL error is 0x0
04-11 02:49:11.659  2849  2877 I native-activity: Frame 353 time is 18.207ms
04-11 02:49:11.679  2849  2877 I native-activity: Swap 353 time is 30.862ms
04-11 02:49:11.679  2849  2877 I native-activity: Animating
04-11 02:49:11.689  2849  2877 I native-activity: Frame 354 GL error is 0x0
04-11 02:49:11.689  2849  2877 I native-activity: Frame 354 time is 15.580ms
04-11 02:49:11.699  2849  2877 I native-activity: Swap 354 time is 25.602ms
04-11 02:49:11.699  2849  2877 I native-activity: Animating
04-11 02:49:11.709  2849  2877 I native-activity: Frame 355 GL error is 0x0
04-11 02:49:11.709  2849  2877 I native-activity: Frame 355 time is 10.147ms
04-11 02:49:11.719  2849  2877 I native-activity: Swap 355 time is 19.667ms
04-11 02:49:11.719  2849  2877 I native-activity: Animating
04-11 02:49:11.729  2849  2877 I native-activity: Frame 356 GL error is 0x0
04-11 02:49:11.729  2849  2877 I native-activity: Frame 356 time is 11.690ms
04-11 02:49:11.739  2849  2877 I native-activity: Swap 356 time is 23.151ms
04-11 02:49:11.749  2849  2877 I native-activity: Animating
04-11 02:49:11.759  2849  2877 I native-activity: Frame 357 GL error is 0x0
04-11 02:49:11.759  2849  2877 I native-activity: Frame 357 time is 13.365ms
04-11 02:49:11.769  2849  2877 I native-activity: Swap 357 time is 21.775ms
04-11 02:49:11.769  2849  2877 I native-activity: Animating
04-11 02:49:11.779  2849  2877 I native-activity: Frame 358 GL error is 0x0
04-11 02:49:11.779  2849  2877 I native-activity: Frame 358 time is 12.475ms
04-11 02:49:11.789  2849  2877 I native-activity: Swap 358 time is 21.411ms
04-11 02:49:11.789  2849  2877 I native-activity: Animating
04-11 02:49:11.799  2849  2877 I native-activity: Frame 359 GL error is 0x0
04-11 02:49:11.799  2849  2877 I native-activity: Frame 359 time is 12.428ms
04-11 02:49:11.809  2849  2877 I native-activity: Swap 359 time is 21.617ms
04-11 02:49:11.809  2849  2877 I native-activity: Animating
04-11 02:49:11.819  2849  2877 I native-activity: Frame 360 GL error is 0x0
04-11 02:49:11.819  2849  2877 I native-activity: Frame 360 time is 12.630ms
04-11 02:49:11.829  2849  2877 I native-activity: Swap 360 time is 22.672ms
04-11 02:49:11.829  2849  2877 I native-activity: Animating
04-11 02:49:11.849  2849  2877 I native-activity: Frame 361 GL error is 0x0
04-11 02:49:11.849  2849  2877 I native-activity: Frame 361 time is 15.256ms
04-11 02:49:11.859  2849  2877 I native-activity: Swap 361 time is 26.270ms
04-11 02:49:11.859  2849  2877 I native-activity: Animating
04-11 02:49:11.879  2849  2877 I native-activity: Frame 362 GL error is 0x0
04-11 02:49:11.879  2849  2877 I native-activity: Frame 362 time is 20.352ms
04-11 02:49:11.889  2849  2877 I native-activity: Swap 362 time is 31.719ms
04-11 02:49:11.889  2849  2877 I native-activity: Animating
04-11 02:49:11.899  2849  2877 I native-activity: Frame 363 GL error is 0x0
04-11 02:49:11.899  2849  2877 I native-activity: Frame 363 time is 6.819ms
04-11 02:49:11.909  2849  2877 I native-activity: Swap 363 time is 15.267ms
04-11 02:49:11.909  2849  2877 I native-activity: Animating
04-11 02:49:11.919  2849  2877 I native-activity: Frame 364 GL error is 0x0
04-11 02:49:11.919  2849  2877 I native-activity: Frame 364 time is 11.219ms
04-11 02:49:11.929  2849  2877 I native-activity: Swap 364 time is 19.778ms
04-11 02:49:11.929  2849  2877 I native-activity: Animating
04-11 02:49:11.939  2849  2877 I native-activity: Frame 365 GL error is 0x0
04-11 02:49:11.939  2849  2877 I native-activity: Frame 365 time is 12.341ms
04-11 02:49:11.949  2849  2877 I native-activity: Swap 365 time is 22.354ms
04-11 02:49:11.949  2849  2877 I native-activity: Animating
04-11 02:49:11.969  2849  2877 I native-activity: Frame 366 GL error is 0x0
04-11 02:49:11.969  2849  2877 I native-activity: Frame 366 time is 15.685ms
04-11 02:49:11.979  2849  2877 I native-activity: Swap 366 time is 28.398ms
04-11 02:49:11.979  2849  2877 I native-activity: Animating
04-11 02:49:11.999  2849  2877 I native-activity: Frame 367 GL error is 0x0
04-11 02:49:11.999  2849  2877 I native-activity: Frame 367 time is 20.840ms
04-11 02:49:12.009  2849  2877 I native-activity: Swap 367 time is 33.243ms
04-11 02:49:12.009  2849  2877 I native-activity: Animating
04-11 02:49:12.019  2849  2877 I native-activity: Frame 368 GL error is 0x0
04-11 02:49:12.019  2849  2877 I native-activity: Frame 368 time is 7.257ms
04-11 02:49:12.029  2849  2877 I native-activity: Swap 368 time is 15.512ms
04-11 02:49:12.029  2849  2877 I native-activity: Animating
04-11 02:49:12.039  2849  2877 I native-activity: Frame 369 GL error is 0x0
04-11 02:49:12.039  2849  2877 I native-activity: Frame 369 time is 11.003ms
04-11 02:49:12.049  2849  2877 I native-activity: Swap 369 time is 19.469ms
04-11 02:49:12.049  2849  2877 I native-activity: Animating
04-11 02:49:12.059  2849  2877 I native-activity: Frame 370 GL error is 0x0
04-11 02:49:12.059  2849  2877 I native-activity: Frame 370 time is 12.485ms
04-11 02:49:12.069  2849  2877 I native-activity: Swap 370 time is 21.950ms
04-11 02:49:12.069  2849  2877 I native-activity: Animating
04-11 02:49:12.089  2849  2877 I native-activity: Frame 371 GL error is 0x0
04-11 02:49:12.089  2849  2877 I native-activity: Frame 371 time is 14.542ms
04-11 02:49:12.099  2849  2877 I native-activity: Swap 371 time is 24.860ms
04-11 02:49:12.099  2849  2877 I native-activity: Animating
04-11 02:49:12.119  2849  2877 I native-activity: Frame 372 GL error is 0x0
04-11 02:49:12.119  2849  2877 I native-activity: Frame 372 time is 19.329ms
04-11 02:49:12.129  2849  2877 I native-activity: Swap 372 time is 31.660ms
04-11 02:49:12.129  2849  2877 I native-activity: Animating
04-11 02:49:12.149  2849  2877 I native-activity: Frame 373 GL error is 0x0
04-11 02:49:12.149  2849  2877 I native-activity: Frame 373 time is 21.919ms
04-11 02:49:12.159  2849  2877 I native-activity: Swap 373 time is 34.494ms
04-11 02:49:12.159  2849  2877 I native-activity: Animating
04-11 02:49:12.189  2849  2877 I native-activity: Frame 374 GL error is 0x0
04-11 02:49:12.189  2849  2877 I native-activity: Frame 374 time is 22.143ms
04-11 02:49:12.199  2849  2877 I native-activity: Swap 374 time is 33.887ms
04-11 02:49:12.199  2849  2877 I native-activity: Animating
04-11 02:49:12.209  2849  2877 I native-activity: Frame 375 GL error is 0x0
04-11 02:49:12.209  2849  2877 I native-activity: Frame 375 time is 7.609ms
04-11 02:49:12.209  2849  2877 I native-activity: Swap 375 time is 15.995ms
04-11 02:49:12.209  2849  2877 I native-activity: Animating
04-11 02:49:12.229  2849  2877 I native-activity: Frame 376 GL error is 0x0
04-11 02:49:12.229  2849  2877 I native-activity: Frame 376 time is 10.988ms
04-11 02:49:12.229  2849  2877 I native-activity: Swap 376 time is 20.139ms
04-11 02:49:12.239  2849  2877 I native-activity: Animating
04-11 02:49:12.249  2849  2877 I native-activity: Frame 377 GL error is 0x0
04-11 02:49:12.249  2849  2877 I native-activity: Frame 377 time is 12.859ms
04-11 02:49:12.259  2849  2877 I native-activity: Swap 377 time is 22.966ms
04-11 02:49:12.259  2849  2877 I native-activity: Animating
04-11 02:49:12.269  2849  2877 I native-activity: Frame 378 GL error is 0x0
04-11 02:49:12.269  2849  2877 I native-activity: Frame 378 time is 15.565ms
04-11 02:49:12.279  2849  2877 I native-activity: Swap 378 time is 25.977ms
04-11 02:49:12.289  2849  2877 I native-activity: Animating
04-11 02:49:12.309  2849  2877 I native-activity: Frame 379 GL error is 0x0
04-11 02:49:12.309  2849  2877 I native-activity: Frame 379 time is 21.353ms
04-11 02:49:12.319  2849  2877 I native-activity: Swap 379 time is 33.254ms
04-11 02:49:12.319  2849  2877 I native-activity: Animating
04-11 02:49:12.329  2849  2877 I native-activity: Frame 380 GL error is 0x0
04-11 02:49:12.329  2849  2877 I native-activity: Frame 380 time is 7.574ms
04-11 02:49:12.329  2849  2877 I native-activity: Swap 380 time is 16.168ms
04-11 02:49:12.339  2849  2877 I native-activity: Animating
04-11 02:49:12.349  2849  2877 I native-activity: Frame 381 GL error is 0x0
04-11 02:49:12.349  2849  2877 I native-activity: Frame 381 time is 11.067ms
04-11 02:49:12.359  2849  2877 I native-activity: Swap 381 time is 19.565ms
04-11 02:49:12.359  2849  2877 I native-activity: Animating
04-11 02:49:12.369  2849  2877 I native-activity: Frame 382 GL error is 0x0
04-11 02:49:12.369  2849  2877 I native-activity: Frame 382 time is 11.109ms
04-11 02:49:12.379  2849  2877 I native-activity: Swap 382 time is 21.714ms
04-11 02:49:12.379  2849  2877 I native-activity: Animating
04-11 02:49:12.389  2849  2877 I native-activity: Frame 383 GL error is 0x0
04-11 02:49:12.389  2849  2877 I native-activity: Frame 383 time is 14.653ms
04-11 02:49:12.399  2849  2877 I native-activity: Swap 383 time is 23.509ms
04-11 02:49:12.399  2849  2877 I native-activity: Animating
04-11 02:49:12.419  2849  2877 I native-activity: Frame 384 GL error is 0x0
04-11 02:49:12.419  2849  2877 I native-activity: Frame 384 time is 16.453ms
04-11 02:49:12.429  2849  2877 I native-activity: Swap 384 time is 24.928ms
04-11 02:49:12.429  2849  2877 I native-activity: Animating
04-11 02:49:12.439  2849  2877 I native-activity: Frame 385 GL error is 0x0
04-11 02:49:12.439  2849  2877 I native-activity: Frame 385 time is 16.580ms
04-11 02:49:12.449  2849  2877 I native-activity: Swap 385 time is 26.615ms
04-11 02:49:12.449  2849  2877 I native-activity: Animating
04-11 02:49:12.459  2849  2877 I native-activity: Frame 386 GL error is 0x0
04-11 02:49:12.459  2849  2877 I native-activity: Frame 386 time is 6.660ms
04-11 02:49:12.469  2849  2877 I native-activity: Swap 386 time is 16.373ms
04-11 02:49:12.469  2849  2877 I native-activity: Animating
04-11 02:49:12.479  2849  2877 I native-activity: Frame 387 GL error is 0x0
04-11 02:49:12.479  2849  2877 I native-activity: Frame 387 time is 11.073ms
04-11 02:49:12.489  2849  2877 I native-activity: Swap 387 time is 20.984ms
04-11 02:49:12.489  2849  2877 I native-activity: Animating
04-11 02:49:12.499  2849  2877 I native-activity: Frame 388 GL error is 0x0
04-11 02:49:12.499  2849  2877 I native-activity: Frame 388 time is 12.652ms
04-11 02:49:12.509  2849  2877 I native-activity: Swap 388 time is 23.188ms
04-11 02:49:12.519  2849  2877 I native-activity: Animating
04-11 02:49:12.529  2849  2877 I native-activity: Frame 389 GL error is 0x0
04-11 02:49:12.529  2849  2877 I native-activity: Frame 389 time is 18.478ms
04-11 02:49:12.549  2849  2877 I native-activity: Swap 389 time is 30.706ms
04-11 02:49:12.549  2849  2877 I native-activity: Animating
04-11 02:49:12.549  2849  2877 I native-activity: Frame 390 GL error is 0x0
04-11 02:49:12.549  2849  2877 I native-activity: Frame 390 time is 7.377ms
04-11 02:49:12.559  2849  2877 I native-activity: Swap 390 time is 15.684ms
04-11 02:49:12.559  2849  2877 I native-activity: Animating
04-11 02:49:12.569  2849  2877 I native-activity: Frame 391 GL error is 0x0
04-11 02:49:12.569  2849  2877 I native-activity: Frame 391 time is 7.186ms
04-11 02:49:12.579  2849  2877 I native-activity: Swap 391 time is 15.507ms
04-11 02:49:12.579  2849  2877 I native-activity: Animating
04-11 02:49:12.589  2849  2877 I native-activity: Frame 392 GL error is 0x0
04-11 02:49:12.589  2849  2877 I native-activity: Frame 392 time is 7.940ms
04-11 02:49:12.589  2849  2877 I native-activity: Swap 392 time is 16.288ms
04-11 02:49:12.589  2849  2877 I native-activity: Animating
04-11 02:49:12.599  2849  2877 I native-activity: Frame 393 GL error is 0x0
04-11 02:49:12.599  2849  2877 I native-activity: Frame 393 time is 9.766ms
04-11 02:49:12.609  2849  2877 I native-activity: Swap 393 time is 19.955ms
04-11 02:49:12.609  2849  2877 I native-activity: Animating
04-11 02:49:12.619  2849  2877 I native-activity: Frame 394 GL error is 0x0
04-11 02:49:12.619  2849  2877 I native-activity: Frame 394 time is 9.253ms
04-11 02:49:12.629  2849  2877 I native-activity: Swap 394 time is 19.080ms
04-11 02:49:12.629  2849  2877 I native-activity: Animating
04-11 02:49:12.649  2849  2877 I native-activity: Frame 395 GL error is 0x0
04-11 02:49:12.649  2849  2877 I native-activity: Frame 395 time is 14.121ms
04-11 02:49:12.659  2849  2877 I native-activity: Swap 395 time is 24.489ms
04-11 02:49:12.659  2849  2877 I native-activity: Animating
04-11 02:49:12.679  2849  2877 I native-activity: Frame 396 GL error is 0x0
04-11 02:49:12.679  2849  2877 I native-activity: Frame 396 time is 20.643ms
04-11 02:49:12.689  2849  2877 I native-activity: Swap 396 time is 31.164ms
04-11 02:49:12.689  2849  2877 I native-activity: Animating
04-11 02:49:12.709  2849  2877 I native-activity: Frame 397 GL error is 0x0
04-11 02:49:12.709  2849  2877 I native-activity: Frame 397 time is 17.627ms
04-11 02:49:12.719  2849  2877 I native-activity: Swap 397 time is 30.098ms
04-11 02:49:12.719  2849  2877 I native-activity: Animating
04-11 02:49:12.739  2849  2877 I native-activity: Frame 398 GL error is 0x0
04-11 02:49:12.739  2849  2877 I native-activity: Frame 398 time is 17.746ms
04-11 02:49:12.749  2849  2877 I native-activity: Swap 398 time is 30.232ms
04-11 02:49:12.749  2849  2877 I native-activity: Animating
04-11 02:49:12.769  2849  2877 I native-activity: Frame 399 GL error is 0x0
04-11 02:49:12.769  2849  2877 I native-activity: Frame 399 time is 17.330ms
04-11 02:49:12.779  2849  2877 I native-activity: Swap 399 time is 29.939ms
04-11 02:49:12.779  2849  2877 I native-activity: Animating
04-11 02:49:12.799  2849  2877 I native-activity: Frame 400 GL error is 0x0
04-11 02:49:12.799  2849  2877 I native-activity: Frame 400 time is 21.412ms
04-11 02:49:12.819  2849  2877 I native-activity: Swap 400 time is 34.069ms
04-11 02:49:12.819  2849  2877 I native-activity: Animating
04-11 02:49:12.819  2849  2877 I native-activity: Frame 401 GL error is 0x0
04-11 02:49:12.819  2849  2877 I native-activity: Frame 401 time is 6.871ms
04-11 02:49:12.829  2849  2877 I native-activity: Swap 401 time is 15.463ms
04-11 02:49:12.829  2849  2877 I native-activity: Animating
04-11 02:49:12.839  2849  2877 I native-activity: Frame 402 GL error is 0x0
04-11 02:49:12.839  2849  2877 I native-activity: Frame 402 time is 10.878ms
04-11 02:49:12.849  2849  2877 I native-activity: Swap 402 time is 19.339ms
04-11 02:49:12.849  2849  2877 I native-activity: Animating
04-11 02:49:12.869  2849  2877 I native-activity: Frame 403 GL error is 0x0
04-11 02:49:12.869  2849  2877 I native-activity: Frame 403 time is 14.892ms
04-11 02:49:12.879  2849  2877 I native-activity: Swap 403 time is 25.161ms
04-11 02:49:12.879  2849  2877 I native-activity: Animating
04-11 02:49:12.899  2849  2877 I native-activity: Frame 404 GL error is 0x0
04-11 02:49:12.899  2849  2877 I native-activity: Frame 404 time is 19.710ms
04-11 02:49:12.909  2849  2877 I native-activity: Swap 404 time is 30.379ms
04-11 02:49:12.909  2849  2877 I native-activity: Animating
04-11 02:49:12.929  2849  2877 I native-activity: Frame 405 GL error is 0x0
04-11 02:49:12.929  2849  2877 I native-activity: Frame 405 time is 18.744ms
04-11 02:49:12.939  2849  2877 I native-activity: Swap 405 time is 26.394ms
04-11 02:49:12.939  2849  2877 I native-activity: Animating
04-11 02:49:12.939  2849  2877 I native-activity: Frame 406 GL error is 0x0
04-11 02:49:12.939  2849  2877 I native-activity: Frame 406 time is 8.555ms
04-11 02:49:12.949  2849  2877 I native-activity: Swap 406 time is 16.271ms
04-11 02:49:12.949  2849  2877 I native-activity: Animating
04-11 02:49:12.959  2849  2877 I native-activity: Frame 407 GL error is 0x0
04-11 02:49:12.959  2849  2877 I native-activity: Frame 407 time is 7.510ms
04-11 02:49:12.969  2849  2877 I native-activity: Swap 407 time is 14.466ms
04-11 02:49:12.969  2849  2877 I native-activity: Animating
04-11 02:49:12.969  2849  2877 I native-activity: Frame 408 GL error is 0x0
04-11 02:49:12.969  2849  2877 I native-activity: Frame 408 time is 3.980ms
04-11 02:49:12.979  2849  2877 I native-activity: Swap 408 time is 10.842ms
04-11 02:49:12.979  2849  2877 I native-activity: Animating
04-11 02:49:12.979  2849  2877 I native-activity: Frame 409 GL error is 0x0
04-11 02:49:12.979  2849  2877 I native-activity: Frame 409 time is 4.724ms
04-11 02:49:12.989  2849  2877 I native-activity: Swap 409 time is 11.588ms
04-11 02:49:12.989  2849  2877 I native-activity: Animating
04-11 02:49:12.989  2849  2877 I native-activity: Frame 410 GL error is 0x0
04-11 02:49:12.989  2849  2877 I native-activity: Frame 410 time is 3.415ms
04-11 02:49:12.999  2849  2877 I native-activity: Swap 410 time is 10.237ms
04-11 02:49:12.999  2849  2877 I native-activity: Animating
04-11 02:49:12.999  2849  2877 I native-activity: Frame 411 GL error is 0x0
04-11 02:49:12.999  2849  2877 I native-activity: Frame 411 time is 3.264ms
04-11 02:49:13.009  2849  2877 I native-activity: Swap 411 time is 10.234ms
04-11 02:49:13.009  2849  2877 I native-activity: Animating
04-11 02:49:13.009  2849  2877 I native-activity: Frame 412 GL error is 0x0
04-11 02:49:13.009  2849  2877 I native-activity: Frame 412 time is 3.509ms
04-11 02:49:13.019  2849  2877 I native-activity: Swap 412 time is 10.299ms
04-11 02:49:13.019  2849  2877 I native-activity: Animating
04-11 02:49:13.079  2849  2877 I native-activity: Frame 413 GL error is 0x0
04-11 02:49:13.079  2849  2877 I native-activity: Frame 413 time is 54.705ms
04-11 02:49:13.079  2849  2877 I native-activity: Swap 413 time is 62.448ms
04-11 02:49:13.079  2849  2877 I native-activity: Animating
04-11 02:49:13.159  2849  2877 I native-activity: Frame 414 GL error is 0x0
04-11 02:49:13.159  2849  2877 I native-activity: Frame 414 time is 77.872ms
04-11 02:49:13.169  2849  2877 I native-activity: Swap 414 time is 86.648ms
04-11 02:49:13.169  2849  2877 I native-activity: Animating
04-11 02:49:13.169  2849  2877 I native-activity: Frame 415 GL error is 0x0
04-11 02:49:13.169  2849  2877 I native-activity: Frame 415 time is 4.557ms
04-11 02:49:13.179  2849  2877 I native-activity: Swap 415 time is 9.496ms
04-11 02:49:13.179  2849  2877 I native-activity: Animating
04-11 02:49:13.179  2849  2877 I native-activity: Frame 416 GL error is 0x0
04-11 02:49:13.179  2849  2877 I native-activity: Frame 416 time is 4.580ms
04-11 02:49:13.189  2849  2877 I native-activity: Swap 416 time is 10.162ms
04-11 02:49:13.189  2849  2877 I native-activity: Animating
04-11 02:49:13.199  2849  2877 I native-activity: Frame 417 GL error is 0x0
04-11 02:49:13.199  2849  2877 I native-activity: Frame 417 time is 7.323ms
04-11 02:49:13.199  2849  2877 I native-activity: Swap 417 time is 13.190ms
04-11 02:49:13.199  2849  2877 I native-activity: Animating
04-11 02:49:13.209  2849  2877 I native-activity: Frame 418 GL error is 0x0
04-11 02:49:13.209  2849  2877 I native-activity: Frame 418 time is 9.992ms
04-11 02:49:13.219  2849  2877 I native-activity: Swap 418 time is 18.315ms
04-11 02:49:13.219  2849  2877 I native-activity: Animating
04-11 02:49:13.229  2849  2877 I native-activity: Frame 419 GL error is 0x0
04-11 02:49:13.229  2849  2877 I native-activity: Frame 419 time is 8.154ms
04-11 02:49:13.239  2849  2877 I native-activity: Swap 419 time is 13.299ms
04-11 02:49:13.239  2849  2877 I native-activity: Animating
04-11 02:49:13.239  2849  2877 I native-activity: Frame 420 GL error is 0x0
04-11 02:49:13.239  2849  2877 I native-activity: Frame 420 time is 8.405ms
04-11 02:49:13.249  2849  2877 I native-activity: Swap 420 time is 14.558ms
04-11 02:49:13.249  2849  2877 I native-activity: Animating
04-11 02:49:13.259  2849  2877 I native-activity: Frame 421 GL error is 0x0
04-11 02:49:13.259  2849  2877 I native-activity: Frame 421 time is 8.516ms
04-11 02:49:13.269  2849  2877 I native-activity: Swap 421 time is 14.728ms
04-11 02:49:13.269  2849  2877 I native-activity: Animating
04-11 02:49:13.289  2849  2877 I native-activity: Frame 422 GL error is 0x0
04-11 02:49:13.289  2849  2877 I native-activity: Frame 422 time is 20.549ms
04-11 02:49:13.289  2849  2877 I native-activity: Swap 422 time is 27.132ms
04-11 02:49:13.289  2849  2877 I native-activity: Animating
04-11 02:49:13.299  2849  2877 I native-activity: Frame 423 GL error is 0x0
04-11 02:49:13.299  2849  2877 I native-activity: Frame 423 time is 8.227ms
04-11 02:49:13.309  2849  2877 I native-activity: Swap 423 time is 13.737ms
04-11 02:49:13.309  2849  2877 I native-activity: Animating
04-11 02:49:13.319  2849  2877 I native-activity: Frame 424 GL error is 0x0
04-11 02:49:13.319  2849  2877 I native-activity: Frame 424 time is 10.634ms
04-11 02:49:13.319  2849  2877 I native-activity: Swap 424 time is 16.105ms
04-11 02:49:13.319  2849  2877 I native-activity: Animating
04-11 02:49:13.329  2849  2877 I native-activity: Frame 425 GL error is 0x0
04-11 02:49:13.329  2849  2877 I native-activity: Frame 425 time is 10.841ms
04-11 02:49:13.339  2849  2877 I native-activity: Swap 425 time is 16.784ms
04-11 02:49:13.339  2849  2877 I native-activity: Animating
04-11 02:49:13.349  2849  2877 I native-activity: Frame 426 GL error is 0x0
04-11 02:49:13.349  2849  2877 I native-activity: Frame 426 time is 11.288ms
04-11 02:49:13.359  2849  2877 I native-activity: Swap 426 time is 18.118ms
04-11 02:49:13.359  2849  2877 I native-activity: Animating
04-11 02:49:13.369  2849  2877 I native-activity: Frame 427 GL error is 0x0
04-11 02:49:13.369  2849  2877 I native-activity: Frame 427 time is 12.127ms
04-11 02:49:13.379  2849  2877 I native-activity: Swap 427 time is 18.923ms
04-11 02:49:13.379  2849  2877 I native-activity: Animating
04-11 02:49:13.389  2849  2877 I native-activity: Frame 428 GL error is 0x0
04-11 02:49:13.389  2849  2877 I native-activity: Frame 428 time is 12.680ms
04-11 02:49:13.399  2849  2877 I native-activity: Swap 428 time is 19.544ms
04-11 02:49:13.399  2849  2877 I native-activity: Animating
04-11 02:49:13.409  2849  2877 I native-activity: Frame 429 GL error is 0x0
04-11 02:49:13.409  2849  2877 I native-activity: Frame 429 time is 12.780ms
04-11 02:49:13.419  2849  2877 I native-activity: Swap 429 time is 19.311ms
04-11 02:49:13.419  2849  2877 I native-activity: Animating
04-11 02:49:13.429  2849  2877 I native-activity: Frame 430 GL error is 0x0
04-11 02:49:13.429  2849  2877 I native-activity: Frame 430 time is 13.941ms
04-11 02:49:13.439  2849  2877 I native-activity: Swap 430 time is 20.707ms
04-11 02:49:13.439  2849  2877 I native-activity: Animating
04-11 02:49:13.449  2849  2877 I native-activity: Frame 431 GL error is 0x0
04-11 02:49:13.449  2849  2877 I native-activity: Frame 431 time is 14.983ms
04-11 02:49:13.459  2849  2877 I native-activity: Swap 431 time is 22.050ms
04-11 02:49:13.459  2849  2877 I native-activity: Animating
04-11 02:49:13.479  2849  2877 I native-activity: Frame 432 GL error is 0x0
04-11 02:49:13.479  2849  2877 I native-activity: Frame 432 time is 15.892ms
04-11 02:49:13.479  2849  2877 I native-activity: Swap 432 time is 23.042ms
04-11 02:49:13.479  2849  2877 I native-activity: Animating
04-11 02:49:13.499  2849  2877 I native-activity: Frame 433 GL error is 0x0
04-11 02:49:13.499  2849  2877 I native-activity: Frame 433 time is 18.560ms
04-11 02:49:13.509  2849  2877 I native-activity: Swap 433 time is 25.451ms
04-11 02:49:13.509  2849  2877 I native-activity: Animating
04-11 02:49:13.519  2849  2877 I native-activity: Frame 434 GL error is 0x0
04-11 02:49:13.519  2849  2877 I native-activity: Frame 434 time is 7.041ms
04-11 02:49:13.519  2849  2877 I native-activity: Swap 434 time is 12.119ms
04-11 02:49:13.519  2849  2877 I native-activity: Animating
04-11 02:49:13.529  2849  2877 I native-activity: Frame 435 GL error is 0x0
04-11 02:49:13.529  2849  2877 I native-activity: Frame 435 time is 8.443ms
04-11 02:49:13.539  2849  2877 I native-activity: Swap 435 time is 13.451ms
04-11 02:49:13.539  2849  2877 I native-activity: Animating
04-11 02:49:13.549  2849  2877 I native-activity: Frame 436 GL error is 0x0
04-11 02:49:13.549  2849  2877 I native-activity: Frame 436 time is 9.709ms
04-11 02:49:13.549  2849  2877 I native-activity: Swap 436 time is 14.592ms
04-11 02:49:13.549  2849  2877 I native-activity: Animating
04-11 02:49:13.559  2849  2877 I native-activity: Frame 437 GL error is 0x0
04-11 02:49:13.559  2849  2877 I native-activity: Frame 437 time is 12.307ms
04-11 02:49:13.569  2849  2877 I native-activity: Swap 437 time is 19.223ms
04-11 02:49:13.569  2849  2877 I native-activity: Animating
04-11 02:49:13.579  2849  2877 I native-activity: Frame 438 GL error is 0x0
04-11 02:49:13.579  2849  2877 I native-activity: Frame 438 time is 11.253ms
04-11 02:49:13.589  2849  2877 I native-activity: Swap 438 time is 18.792ms
04-11 02:49:13.589  2849  2877 I native-activity: Animating
04-11 02:49:13.599  2849  2877 I native-activity: Frame 439 GL error is 0x0
04-11 02:49:13.599  2849  2877 I native-activity: Frame 439 time is 9.662ms
04-11 02:49:13.599  2849  2877 I native-activity: Swap 439 time is 14.797ms
04-11 02:49:13.599  2849  2877 I native-activity: Animating
04-11 02:49:13.619  1434  6994 D ConnectivityService: returning getNetworkInfo for network type 1 : [type: WIFI[] - WIFI, state: CONNECTED/CONNECTED, reason: (unspecified), extra: "wildfredland_ext", roaming: false, failover: false, isAvailable: true]
04-11 02:49:13.619  2849  2877 I native-activity: Frame 440 GL error is 0x0
04-11 02:49:13.619  2849  2877 I native-activity: Frame 440 time is 17.156ms
04-11 02:49:13.629  2849  2877 I native-activity: Swap 440 time is 24.755ms
04-11 02:49:13.629  2849  2877 I native-activity: Animating
04-11 02:49:13.639  2849  2877 I native-activity: Frame 441 GL error is 0x0
04-11 02:49:13.639  2849  2877 I native-activity: Frame 441 time is 7.620ms
04-11 02:49:13.639  2849  2877 I native-activity: Swap 441 time is 14.189ms
04-11 02:49:13.639  2849  2877 I native-activity: Animating
04-11 02:49:13.649  2849  2877 I native-activity: Frame 442 GL error is 0x0
04-11 02:49:13.649  2849  2877 I native-activity: Frame 442 time is 10.281ms
04-11 02:49:13.659  2849  2877 I native-activity: Swap 442 time is 17.615ms
04-11 02:49:13.659  2849  2877 I native-activity: Animating
04-11 02:49:13.669  2849  2877 I native-activity: Frame 443 GL error is 0x0
04-11 02:49:13.669  2849  2877 I native-activity: Frame 443 time is 11.809ms
04-11 02:49:13.679  2849  2877 I native-activity: Swap 443 time is 19.147ms
04-11 02:49:13.679  2849  2877 I native-activity: Animating
04-11 02:49:13.689  2849  2877 I native-activity: Frame 444 GL error is 0x0
04-11 02:49:13.689  2849  2877 I native-activity: Frame 444 time is 13.005ms
04-11 02:49:13.699  2849  2877 I native-activity: Swap 444 time is 21.128ms
04-11 02:49:13.699  2849  2877 I native-activity: Animating
04-11 02:49:13.719  2849  2877 I native-activity: Frame 445 GL error is 0x0
04-11 02:49:13.719  2849  2877 I native-activity: Frame 445 time is 15.103ms
04-11 02:49:13.729  2849  2877 I native-activity: Swap 445 time is 23.599ms
04-11 02:49:13.729  2849  2877 I native-activity: Animating
04-11 02:49:13.739  2849  2877 I native-activity: Frame 446 GL error is 0x0
04-11 02:49:13.739  2849  2877 I native-activity: Frame 446 time is 17.305ms
04-11 02:49:13.749  2849  2877 I native-activity: Swap 446 time is 27.082ms
04-11 02:49:13.749  2849  2877 I native-activity: Animating
04-11 02:49:13.759  2849  2877 I native-activity: Frame 447 GL error is 0x0
04-11 02:49:13.759  2849  2877 I native-activity: Frame 447 time is 7.988ms
04-11 02:49:13.769  2849  2877 I native-activity: Swap 447 time is 14.624ms
04-11 02:49:13.769  2849  2877 I native-activity: Animating
04-11 02:49:13.779  2849  2877 I native-activity: Frame 448 GL error is 0x0
04-11 02:49:13.779  2849  2877 I native-activity: Frame 448 time is 10.895ms
04-11 02:49:13.789  2849  2877 I native-activity: Swap 448 time is 17.630ms
04-11 02:49:13.789  2849  2877 I native-activity: Animating
04-11 02:49:13.799  2849  2877 I native-activity: Frame 449 GL error is 0x0
04-11 02:49:13.799  2849  2877 I native-activity: Frame 449 time is 10.572ms
04-11 02:49:13.799  2849  2877 I native-activity: Swap 449 time is 17.601ms
04-11 02:49:13.799  2849  2877 I native-activity: Animating
04-11 02:49:13.819  2849  2877 I native-activity: Frame 450 GL error is 0x0
04-11 02:49:13.819  2849  2877 I native-activity: Frame 450 time is 13.282ms
04-11 02:49:13.829  2849  2877 I native-activity: Swap 450 time is 20.983ms
04-11 02:49:13.829  2849  2877 I native-activity: Animating
04-11 02:49:13.839  2849  2877 I native-activity: Frame 451 GL error is 0x0
04-11 02:49:13.839  2849  2877 I native-activity: Frame 451 time is 15.115ms
04-11 02:49:13.849  2849  2877 I native-activity: Swap 451 time is 22.634ms
04-11 02:49:13.849  2849  2877 I native-activity: Animating
04-11 02:49:13.859  2849  2877 I native-activity: Frame 452 GL error is 0x0
04-11 02:49:13.859  2849  2877 I native-activity: Frame 452 time is 15.730ms
04-11 02:49:13.879  2849  2877 I native-activity: Swap 452 time is 26.901ms
04-11 02:49:13.879  2849  2877 I native-activity: Animating
04-11 02:49:13.889  2849  2877 I native-activity: Frame 453 GL error is 0x0
04-11 02:49:13.889  2849  2877 I native-activity: Frame 453 time is 17.863ms
04-11 02:49:13.899  2849  2877 I native-activity: Swap 453 time is 28.069ms
04-11 02:49:13.899  2849  2877 I native-activity: Animating
04-11 02:49:13.929  2849  2877 I native-activity: Frame 454 GL error is 0x0
04-11 02:49:13.929  2849  2877 I native-activity: Frame 454 time is 23.092ms
04-11 02:49:13.939  2849  2877 I native-activity: Swap 454 time is 33.032ms
04-11 02:49:13.939  2849  2877 I native-activity: Animating
04-11 02:49:13.949  2849  2877 I native-activity: Frame 455 GL error is 0x0
04-11 02:49:13.949  2849  2877 I native-activity: Frame 455 time is 8.453ms
04-11 02:49:13.949  2849  2877 I native-activity: Swap 455 time is 15.332ms
04-11 02:49:13.949  2849  2877 I native-activity: Animating
04-11 02:49:13.959  2849  2877 I native-activity: Frame 456 GL error is 0x0
04-11 02:49:13.959  2849  2877 I native-activity: Frame 456 time is 10.475ms
04-11 02:49:13.969  2849  2877 I native-activity: Swap 456 time is 17.310ms
04-11 02:49:13.969  2849  2877 I native-activity: Animating
04-11 02:49:13.979  2849  2877 I native-activity: Frame 457 GL error is 0x0
04-11 02:49:13.979  2849  2877 I native-activity: Frame 457 time is 11.525ms
04-11 02:49:13.989  2849  2877 I native-activity: Swap 457 time is 19.390ms
04-11 02:49:13.989  2849  2877 I native-activity: Animating
04-11 02:49:13.999  2849  2877 I native-activity: Frame 458 GL error is 0x0
04-11 02:49:13.999  2849  2877 I native-activity: Frame 458 time is 13.240ms
04-11 02:49:14.009  2849  2877 I native-activity: Swap 458 time is 21.717ms
04-11 02:49:14.009  2849  2877 I native-activity: Animating
04-11 02:49:14.029  2849  2877 I native-activity: Frame 459 GL error is 0x0
04-11 02:49:14.029  2849  2877 I native-activity: Frame 459 time is 13.635ms
04-11 02:49:14.039  2849  2877 I native-activity: Swap 459 time is 22.246ms
04-11 02:49:14.039  2849  2877 I native-activity: Animating
04-11 02:49:14.049  2849  2877 I native-activity: Frame 460 GL error is 0x0
04-11 02:49:14.049  2849  2877 I native-activity: Frame 460 time is 16.624ms
04-11 02:49:14.059  2849  2877 I native-activity: Swap 460 time is 25.223ms
04-11 02:49:14.059  2849  2877 I native-activity: Animating
04-11 02:49:14.079  2849  2877 I native-activity: Frame 461 GL error is 0x0
04-11 02:49:14.079  2849  2877 I native-activity: Frame 461 time is 19.380ms
04-11 02:49:14.089  2849  2877 I native-activity: Swap 461 time is 28.567ms
04-11 02:49:14.089  2849  2877 I native-activity: Animating
04-11 02:49:14.129  2849  2877 I native-activity: Frame 462 GL error is 0x501
04-11 02:49:14.129  2849  2877 I native-activity: Frame 462 time is 39.141ms
04-11 02:49:14.139  2849  2877 I native-activity: Swap 462 time is 48.168ms
04-11 02:49:14.139  2849  2877 I native-activity: Animating
04-11 02:49:14.149  2849  2877 I native-activity: Frame 463 GL error is 0x0
04-11 02:49:14.149  2849  2877 I native-activity: Frame 463 time is 8.352ms
04-11 02:49:14.149  2849  2877 I native-activity: Swap 463 time is 16.256ms
04-11 02:49:14.149  2849  2877 I native-activity: Animating
04-11 02:49:14.159  2849  2877 I native-activity: Frame 464 GL error is 0x0
