04-13 01:19:33.852  3746  3759 I native-activity: Frame 150 GL error is 0x0
04-13 01:19:33.852  3746  3759 I native-activity: Frame 150 time is 3.013ms
04-13 01:19:33.862  1434  1531 V BroadcastQueue: [background] Process cur broadcast BroadcastRecord{1cb8380 u0 null qIdx=4}, state= (APP_RECEIVE) DELIVERED for app ProcessRecord{34bd655 3208:com.google.android.gms/u0a24}
04-13 01:19:33.872  3746  3759 I native-activity: Swap 150 time is 15.494ms
04-13 01:19:33.872  3746  3759 I native-activity: Animating
04-13 01:19:33.872  3746  3759 I native-activity: Frame 151 GL error is 0x0
04-13 01:19:33.872  3746  3759 I native-activity: Frame 151 time is 1.939ms
04-13 01:19:33.882  1434  2164 D NetworkPolicy: isUidForegroundLocked: 10024, mScreenOn: true, uidstate: 3, mProxSensorScreenOff: false
04-13 01:19:33.882  3746  3759 I native-activity: Swap 151 time is 16.544ms
04-13 01:19:33.882  3746  3759 I native-activity: Animating
04-13 01:19:33.882  3746  3759 I native-activity: Frame 152 GL error is 0x0
04-13 01:19:33.882  3746  3759 I native-activity: Frame 152 time is 1.259ms
04-13 01:19:33.902  3746  3759 I native-activity: Swap 152 time is 16.844ms
04-13 01:19:33.902  3746  3759 I native-activity: Animating
04-13 01:19:33.902  3746  3759 I native-activity: Frame 153 GL error is 0x0
04-13 01:19:33.902  3746  3759 I native-activity: Frame 153 time is 2.059ms
04-13 01:19:33.922  3746  3759 I native-activity: Swap 153 time is 14.679ms
04-13 01:19:33.922  3746  3759 I native-activity: Animating
04-13 01:19:33.922  3746  3759 I native-activity: Frame 154 GL error is 0x0
04-13 01:19:33.922  3746  3759 I native-activity: Frame 154 time is 1.340ms
04-13 01:19:33.932  3746  3759 I native-activity: Swap 154 time is 16.215ms
04-13 01:19:33.932  3746  3759 I native-activity: Animating
04-13 01:19:33.932  3746  3759 I native-activity: Frame 155 GL error is 0x0
04-13 01:19:33.932  3746  3759 I native-activity: Frame 155 time is 1.241ms
04-13 01:19:33.942  3208  3768 I EventLogChimeraService: Opted in for usage reporting
04-13 01:19:33.942  3208  3768 I EventLogChimeraService: Aggregate from 1492069773731 (log), 1492069773731 (data)
04-13 01:19:33.952  3746  3759 I native-activity: Swap 155 time is 16.088ms
04-13 01:19:33.952  3746  3759 I native-activity: Animating
04-13 01:19:33.952  3746  3759 I native-activity: Frame 156 GL error is 0x0
04-13 01:19:33.952  3746  3759 I native-activity: Frame 156 time is 1.137ms
04-13 01:19:33.972  3746  3759 I native-activity: Swap 156 time is 16.732ms
04-13 01:19:33.972  3746  3759 I native-activity: Animating
04-13 01:19:33.972  3746  3759 I native-activity: Frame 157 GL error is 0x0
04-13 01:19:33.972  3746  3759 I native-activity: Frame 157 time is 1.035ms
04-13 01:19:33.982  3746  3759 I native-activity: Swap 157 time is 16.496ms
04-13 01:19:33.982  3746  3759 I native-activity: Animating
04-13 01:19:33.982  3746  3759 I native-activity: Frame 158 GL error is 0x0
04-13 01:19:33.982  3746  3759 I native-activity: Frame 158 time is 1.685ms
04-13 01:19:34.002  3746  3759 I native-activity: Swap 158 time is 16.934ms
04-13 01:19:34.002  3746  3759 I native-activity: Animating
04-13 01:19:34.002  3746  3759 I native-activity: Frame 159 GL error is 0x0
04-13 01:19:34.002  3746  3759 I native-activity: Frame 159 time is 4.386ms
04-13 01:19:34.012  1434  1531 V BroadcastQueue: [background] Process cur broadcast BroadcastRecord{ba4ec75 u0 android.intent.action.DROPBOX_ENTRY_ADDED qIdx=4}, state= (APP_RECEIVE) DELIVERED for app ProcessRecord{82d12e6 3266:com.google.android.gms.persistent/u0a24}
04-13 01:19:34.022  3746  3759 I native-activity: Swap 159 time is 16.893ms
04-13 01:19:34.022  3746  3759 I native-activity: Animating
04-13 01:19:34.022  3746  3759 I native-activity: Frame 160 GL error is 0x0
04-13 01:19:34.022  3746  3759 I native-activity: Frame 160 time is 1.254ms
04-13 01:19:34.032  1434  2161 V BroadcastQueue: [background] Process cur broadcast BroadcastRecord{ba4ec75 u0 android.intent.action.DROPBOX_ENTRY_ADDED qIdx=4}, state= (APP_RECEIVE) DELIVERED for app ProcessRecord{34bd655 3208:com.google.android.gms/u0a24}
04-13 01:19:34.032  3746  3759 I native-activity: Swap 160 time is 16.504ms
04-13 01:19:34.032  3746  3759 I native-activity: Animating
04-13 01:19:34.032  3746  3759 I native-activity: Frame 161 GL error is 0x0
04-13 01:19:34.032  3746  3759 I native-activity: Frame 161 time is 1.473ms
04-13 01:19:34.052  3746  3759 I native-activity: Swap 161 time is 15.789ms
04-13 01:19:34.052  3746  3759 I native-activity: Animating
04-13 01:19:34.052  3746  3759 I native-activity: Frame 162 GL error is 0x0
04-13 01:19:34.052  3746  3759 I native-activity: Frame 162 time is 1.340ms
04-13 01:19:34.072  3746  3759 I native-activity: Swap 162 time is 17.445ms
04-13 01:19:34.072  3746  3759 I native-activity: Animating
04-13 01:19:34.072  3746  3759 I native-activity: Frame 163 GL error is 0x0
04-13 01:19:34.072  3746  3759 I native-activity: Frame 163 time is 1.397ms
04-13 01:19:34.082  3746  3759 I native-activity: Swap 163 time is 15.102ms
04-13 01:19:34.082  3746  3759 I native-activity: Animating
04-13 01:19:34.082  3746  3759 I native-activity: Frame 164 GL error is 0x0
04-13 01:19:34.082  3746  3759 I native-activity: Frame 164 time is 0.888ms
04-13 01:19:34.102  3746  3759 I native-activity: Swap 164 time is 16.435ms
04-13 01:19:34.102  3746  3759 I native-activity: Animating
04-13 01:19:34.102  3746  3759 I native-activity: Frame 165 GL error is 0x0
04-13 01:19:34.102  3746  3759 I native-activity: Frame 165 time is 1.062ms
04-13 01:19:34.122  3746  3759 I native-activity: Swap 165 time is 16.805ms
04-13 01:19:34.122  3746  3759 I native-activity: Animating
04-13 01:19:34.122  3746  3759 I native-activity: Frame 166 GL error is 0x0
04-13 01:19:34.122  3746  3759 I native-activity: Frame 166 time is 1.676ms
04-13 01:19:34.132  3746  3759 I native-activity: Swap 166 time is 17.821ms
04-13 01:19:34.132  3746  3759 I native-activity: Animating
04-13 01:19:34.142  3746  3759 I native-activity: Frame 167 GL error is 0x0
04-13 01:19:34.142  3746  3759 I native-activity: Frame 167 time is 2.215ms
04-13 01:19:34.152  3746  3759 I native-activity: Swap 167 time is 16.307ms
04-13 01:19:34.152  3746  3759 I native-activity: Animating
04-13 01:19:34.152  3746  3759 I native-activity: Frame 168 GL error is 0x0
04-13 01:19:34.152  3746  3759 I native-activity: Frame 168 time is 2.358ms
04-13 01:19:34.172  3746  3759 I native-activity: Swap 168 time is 16.018ms
04-13 01:19:34.172  3746  3759 I native-activity: Animating
04-13 01:19:34.172  3746  3759 I native-activity: Frame 169 GL error is 0x0
04-13 01:19:34.172  3746  3759 I native-activity: Frame 169 time is 2.368ms
04-13 01:19:34.182  3746  3759 I native-activity: Swap 169 time is 17.242ms
04-13 01:19:34.182  3746  3759 I native-activity: Animating
04-13 01:19:34.192  3746  3759 I native-activity: Frame 170 GL error is 0x0
04-13 01:19:34.192  3746  3759 I native-activity: Frame 170 time is 1.472ms
04-13 01:19:34.202  3746  3759 I native-activity: Swap 170 time is 15.420ms
04-13 01:19:34.202  3746  3759 I native-activity: Animating
04-13 01:19:34.202  3746  3759 I native-activity: Frame 171 GL error is 0x0
04-13 01:19:34.202  3746  3759 I native-activity: Frame 171 time is 2.168ms
04-13 01:19:34.222  3746  3759 I native-activity: Swap 171 time is 16.768ms
04-13 01:19:34.222  3746  3759 I native-activity: Animating
04-13 01:19:34.222  3746  3759 I native-activity: Frame 172 GL error is 0x0
04-13 01:19:34.222  3746  3759 I native-activity: Frame 172 time is 2.672ms
04-13 01:19:34.232  3746  3759 I native-activity: Swap 172 time is 15.911ms
04-13 01:19:34.232  3746  3759 I native-activity: Animating
04-13 01:19:34.242  3746  3759 I native-activity: Frame 173 GL error is 0x0
04-13 01:19:34.242  3746  3759 I native-activity: Frame 173 time is 1.842ms
04-13 01:19:34.252  3746  3759 I native-activity: Swap 173 time is 16.508ms
04-13 01:19:34.252  3746  3759 I native-activity: Animating
04-13 01:19:34.252  3746  3759 I native-activity: Frame 174 GL error is 0x0
04-13 01:19:34.252  3746  3759 I native-activity: Frame 174 time is 2.656ms
04-13 01:19:34.272  3746  3759 I native-activity: Swap 174 time is 17.926ms
04-13 01:19:34.272  3746  3759 I native-activity: Animating
04-13 01:19:34.272  3746  3759 I native-activity: Frame 175 GL error is 0x0
04-13 01:19:34.272  3746  3759 I native-activity: Frame 175 time is 2.558ms
04-13 01:19:34.292  3746  3759 I native-activity: Swap 175 time is 16.716ms
04-13 01:19:34.292  3746  3759 I native-activity: Animating
04-13 01:19:34.292  3746  3759 I native-activity: Frame 176 GL error is 0x0
04-13 01:19:34.292  3746  3759 I native-activity: Frame 176 time is 3.519ms
04-13 01:19:34.302  3746  3759 I native-activity: Swap 176 time is 17.159ms
04-13 01:19:34.302  3746  3759 I native-activity: Animating
04-13 01:19:34.312  3746  3759 I native-activity: Frame 177 GL error is 0x0
04-13 01:19:34.312  3746  3759 I native-activity: Frame 177 time is 2.869ms
04-13 01:19:34.322  3746  3759 I native-activity: Swap 177 time is 15.430ms
04-13 01:19:34.322  3746  3759 I native-activity: Animating
04-13 01:19:34.322  3746  3759 I native-activity: Frame 178 GL error is 0x0
04-13 01:19:34.322  3746  3759 I native-activity: Frame 178 time is 2.378ms
04-13 01:19:34.332  3746  3759 I native-activity: Swap 178 time is 14.852ms
04-13 01:19:34.342  3746  3759 I native-activity: Animating
04-13 01:19:34.342  3746  3759 I native-activity: Frame 179 GL error is 0x0
04-13 01:19:34.342  3746  3759 I native-activity: Frame 179 time is 3.590ms
04-13 01:19:34.352  3746  3759 I native-activity: Swap 179 time is 17.615ms
04-13 01:19:34.352  3746  3759 I native-activity: Animating
04-13 01:19:34.362  3746  3759 I native-activity: Frame 180 GL error is 0x0
04-13 01:19:34.362  3746  3759 I native-activity: Frame 180 time is 2.775ms
04-13 01:19:34.372  3746  3759 I native-activity: Swap 180 time is 15.474ms
04-13 01:19:34.372  3746  3759 I native-activity: Animating
04-13 01:19:34.372  3746  3759 I native-activity: Frame 181 GL error is 0x0
04-13 01:19:34.372  3746  3759 I native-activity: Frame 181 time is 2.891ms
04-13 01:19:34.392  3746  3759 I native-activity: Swap 181 time is 16.077ms
04-13 01:19:34.392  3746  3759 I native-activity: Animating
04-13 01:19:34.392  3746  3759 I native-activity: Frame 182 GL error is 0x0
04-13 01:19:34.392  3746  3759 I native-activity: Frame 182 time is 4.148ms
04-13 01:19:34.402  3746  3759 I native-activity: Swap 182 time is 15.372ms
04-13 01:19:34.402  3746  3759 I native-activity: Animating
04-13 01:19:34.402  3746  3759 I native-activity: Frame 183 GL error is 0x0
04-13 01:19:34.402  3746  3759 I native-activity: Frame 183 time is 1.946ms
04-13 01:19:34.422  3746  3759 I native-activity: Swap 183 time is 16.057ms
04-13 01:19:34.422  3746  3759 I native-activity: Animating
04-13 01:19:34.422  3746  3759 I native-activity: Frame 184 GL error is 0x0
04-13 01:19:34.422  3746  3759 I native-activity: Frame 184 time is 2.220ms
04-13 01:19:34.442  3746  3759 I native-activity: Swap 184 time is 16.583ms
04-13 01:19:34.442  3746  3759 I native-activity: Animating
04-13 01:19:34.442  3746  3759 I native-activity: Frame 185 GL error is 0x0
04-13 01:19:34.442  3746  3759 I native-activity: Frame 185 time is 2.821ms
04-13 01:19:34.452  3746  3759 I native-activity: Swap 185 time is 16.567ms
04-13 01:19:34.452  3746  3759 I native-activity: Animating
04-13 01:19:34.462  3746  3759 I native-activity: Frame 186 GL error is 0x0
04-13 01:19:34.462  3746  3759 I native-activity: Frame 186 time is 3.805ms
04-13 01:19:34.472  3746  3759 I native-activity: Swap 186 time is 16.056ms
04-13 01:19:34.472  3746  3759 I native-activity: Animating
04-13 01:19:34.472  3746  3759 I native-activity: Frame 187 GL error is 0x0
04-13 01:19:34.472  3746  3759 I native-activity: Frame 187 time is 2.477ms
04-13 01:19:34.482  3746  3759 I native-activity: Swap 187 time is 15.199ms
04-13 01:19:34.482  3746  3759 I native-activity: Animating
04-13 01:19:34.492  3746  3759 I native-activity: Frame 188 GL error is 0x0
04-13 01:19:34.492  3746  3759 I native-activity: Frame 188 time is 2.141ms
04-13 01:19:34.502  3746  3759 I native-activity: Swap 188 time is 16.575ms
04-13 01:19:34.502  3746  3759 I native-activity: Animating
04-13 01:19:34.502  3746  3759 I native-activity: Frame 189 GL error is 0x0
04-13 01:19:34.502  3746  3759 I native-activity: Frame 189 time is 2.081ms
04-13 01:19:34.522  3746  3759 I native-activity: Swap 189 time is 17.415ms
04-13 01:19:34.522  3746  3759 I native-activity: Animating
04-13 01:19:34.522  3746  3759 I native-activity: Frame 190 GL error is 0x0
04-13 01:19:34.522  3746  3759 I native-activity: Frame 190 time is 4.942ms
04-13 01:19:34.542  3746  3759 I native-activity: Swap 190 time is 17.285ms
04-13 01:19:34.542  3746  3759 I native-activity: Animating
04-13 01:19:34.542  3746  3759 I native-activity: Frame 191 GL error is 0x0
04-13 01:19:34.542  3746  3759 I native-activity: Frame 191 time is 2.697ms
04-13 01:19:34.552  3746  3759 I native-activity: Swap 191 time is 15.714ms
04-13 01:19:34.552  3746  3759 I native-activity: Animating
04-13 01:19:34.562  3746  3759 I native-activity: Frame 192 GL error is 0x0
04-13 01:19:34.562  3746  3759 I native-activity: Frame 192 time is 2.817ms
04-13 01:19:34.572  3746  3759 I native-activity: Swap 192 time is 15.555ms
04-13 01:19:34.572  3746  3759 I native-activity: Animating
04-13 01:19:34.572  3746  3759 I native-activity: Frame 193 GL error is 0x0
04-13 01:19:34.572  3746  3759 I native-activity: Frame 193 time is 1.890ms
04-13 01:19:34.592  3746  3759 I native-activity: Swap 193 time is 16.954ms
04-13 01:19:34.592  3746  3759 I native-activity: Animating
04-13 01:19:34.592  3746  3759 I native-activity: Frame 194 GL error is 0x0
04-13 01:19:34.592  3746  3759 I native-activity: Frame 194 time is 3.759ms
04-13 01:19:34.602  3746  3759 I native-activity: Swap 194 time is 15.754ms
04-13 01:19:34.602  3746  3759 I native-activity: Animating
04-13 01:19:34.602  3746  3759 I native-activity: Frame 195 GL error is 0x0
04-13 01:19:34.602  3746  3759 I native-activity: Frame 195 time is 1.826ms
04-13 01:19:34.612  1434  1672 D PackageManager: [MSG] WRITE_PACKAGE_RESTRICTIONS
04-13 01:19:34.622  3746  3759 I native-activity: Swap 195 time is 16.122ms
04-13 01:19:34.622  3746  3759 I native-activity: Animating
04-13 01:19:34.622  3746  3759 I native-activity: Frame 196 GL error is 0x0
04-13 01:19:34.622  3746  3759 I native-activity: Frame 196 time is 1.720ms
04-13 01:19:34.632  1434  6994 D SSRM:n  : SIOP:: AP = 350, PST = 321 (W:6), CP = 33, CUR = 494, LCD = 114
04-13 01:19:34.642  3746  3759 I native-activity: Swap 196 time is 16.362ms
04-13 01:19:34.642  3746  3759 I native-activity: Animating
04-13 01:19:34.642  3746  3759 I native-activity: Frame 197 GL error is 0x0
04-13 01:19:34.642  3746  3759 I native-activity: Frame 197 time is 1.789ms
04-13 01:19:34.642  1434  1672 W System.err: remove failed: ENOENT (No such file or directory) : /data/system/users/0/package-restrictions.xml.bak
04-13 01:19:34.652  3746  3759 I native-activity: Swap 197 time is 18.222ms
04-13 01:19:34.652  3746  3759 I native-activity: Animating
04-13 01:19:34.662  3746  3759 I native-activity: Frame 198 GL error is 0x0
04-13 01:19:34.662  3746  3759 I native-activity: Frame 198 time is 1.840ms
04-13 01:19:34.672  1434  6994 D ConnectivityService: returning getNetworkInfo for network type 1 : [type: WIFI[] - WIFI, state: CONNECTED/CONNECTED, reason: (unspecified), extra: "wildfredland_ext", roaming: false, failover: false, isAvailable: true]
04-13 01:19:34.672  3746  3759 I native-activity: Swap 198 time is 15.209ms
04-13 01:19:34.672  3746  3759 I native-activity: Animating
04-13 01:19:34.672  3746  3759 I native-activity: Frame 199 GL error is 0x0
04-13 01:19:34.672  3746  3759 I native-activity: Frame 199 time is 2.093ms
04-13 01:19:34.702  3746  3759 I native-activity: Swap 199 time is 32.724ms
04-13 01:19:34.702  3746  3759 I native-activity: Animating
04-13 01:19:34.712  3746  3759 I native-activity: Frame 200 GL error is 0x0
04-13 01:19:34.712  3746  3759 I native-activity: Frame 200 time is 2.580ms
04-13 01:19:34.722  3746  3759 I native-activity: Swap 200 time is 16.876ms
04-13 01:19:34.722  3746  3759 I native-activity: Animating
04-13 01:19:34.722  3746  3759 I native-activity: Frame 201 GL error is 0x0
04-13 01:19:34.722  3746  3759 I native-activity: Frame 201 time is 1.999ms
04-13 01:19:34.742  3746  3759 I native-activity: Swap 201 time is 16.301ms
04-13 01:19:34.742  3746  3759 I native-activity: Animating
04-13 01:19:34.742  3746  3759 I native-activity: Frame 202 GL error is 0x0
04-13 01:19:34.742  3746  3759 I native-activity: Frame 202 time is 2.560ms
04-13 01:19:34.752  3746  3759 I native-activity: Swap 202 time is 16.866ms
04-13 01:19:34.752  3746  3759 I native-activity: Animating
04-13 01:19:34.762  3746  3759 I native-activity: Frame 203 GL error is 0x0
04-13 01:19:34.762  3746  3759 I native-activity: Frame 203 time is 2.637ms
04-13 01:19:34.772  3746  3759 I native-activity: Swap 203 time is 16.823ms
04-13 01:19:34.772  3746  3759 I native-activity: Animating
04-13 01:19:34.772  3746  3759 I native-activity: Frame 204 GL error is 0x0
04-13 01:19:34.772  3746  3759 I native-activity: Frame 204 time is 3.206ms
04-13 01:19:34.792  3746  3759 I native-activity: Swap 204 time is 14.713ms
04-13 01:19:34.792  3746  3759 I native-activity: Animating
04-13 01:19:34.792  3746  3759 I native-activity: Frame 205 GL error is 0x0
04-13 01:19:34.792  3746  3759 I native-activity: Frame 205 time is 3.043ms
04-13 01:19:34.802  3746  3759 I native-activity: Swap 205 time is 16.030ms
04-13 01:19:34.802  3746  3759 I native-activity: Animating
04-13 01:19:34.802  3746  3759 I native-activity: Frame 206 GL error is 0x0
04-13 01:19:34.802  3746  3759 I native-activity: Frame 206 time is 1.505ms
04-13 01:19:34.822  3746  3759 I native-activity: Swap 206 time is 16.921ms
04-13 01:19:34.822  3746  3759 I native-activity: Animating
04-13 01:19:34.822  3746  3759 I native-activity: Frame 207 GL error is 0x0
04-13 01:19:34.822  3746  3759 I native-activity: Frame 207 time is 2.304ms
04-13 01:19:34.842  3746  3759 I native-activity: Swap 207 time is 16.211ms
04-13 01:19:34.842  3746  3759 I native-activity: Animating
04-13 01:19:34.842  3746  3759 I native-activity: Frame 208 GL error is 0x0
04-13 01:19:34.842  3746  3759 I native-activity: Frame 208 time is 2.519ms
04-13 01:19:34.852  3746  3759 I native-activity: Swap 208 time is 15.959ms
04-13 01:19:34.852  3746  3759 I native-activity: Animating
04-13 01:19:34.862  3746  3759 I native-activity: Frame 209 GL error is 0x0
04-13 01:19:34.862  3746  3759 I native-activity: Frame 209 time is 2.731ms
04-13 01:19:34.872  3746  3759 I native-activity: Swap 209 time is 17.574ms
04-13 01:19:34.872  3746  3759 I native-activity: Animating
04-13 01:19:34.872  3746  3759 I native-activity: Frame 210 GL error is 0x0
04-13 01:19:34.872  3746  3759 I native-activity: Frame 210 time is 2.721ms
04-13 01:19:34.892  3746  3759 I native-activity: Swap 210 time is 16.503ms
04-13 01:19:34.892  3746  3759 I native-activity: Animating
04-13 01:19:34.892  3746  3759 I native-activity: Frame 211 GL error is 0x0
04-13 01:19:34.892  3746  3759 I native-activity: Frame 211 time is 2.545ms
04-13 01:19:34.902  3746  3759 I native-activity: Swap 211 time is 16.325ms
04-13 01:19:34.902  3746  3759 I native-activity: Animating
04-13 01:19:34.912  3746  3759 I native-activity: Frame 212 GL error is 0x0
04-13 01:19:34.912  3746  3759 I native-activity: Frame 212 time is 3.561ms
04-13 01:19:34.922  3746  3759 I native-activity: Swap 212 time is 16.559ms
04-13 01:19:34.922  3746  3759 I native-activity: Animating
04-13 01:19:34.922  3746  3759 I native-activity: Frame 213 GL error is 0x0
04-13 01:19:34.922  3746  3759 I native-activity: Frame 213 time is 2.977ms
04-13 01:19:34.942  3746  3759 I native-activity: Swap 213 time is 16.860ms
04-13 01:19:34.942  3746  3759 I native-activity: Animating
04-13 01:19:34.942  3746  3759 I native-activity: Frame 214 GL error is 0x0
04-13 01:19:34.942  3746  3759 I native-activity: Frame 214 time is 2.314ms
04-13 01:19:34.962  3746  3759 I native-activity: Swap 214 time is 16.433ms
04-13 01:19:34.962  3746  3759 I native-activity: Animating
04-13 01:19:34.962  3746  3759 I native-activity: Frame 215 GL error is 0x0
04-13 01:19:34.962  3746  3759 I native-activity: Frame 215 time is 1.456ms
04-13 01:19:34.972  3746  3759 I native-activity: Swap 215 time is 14.923ms
04-13 01:19:34.972  3746  3759 I native-activity: Animating
04-13 01:19:34.972  3746  3759 I native-activity: Frame 216 GL error is 0x0
04-13 01:19:34.972  3746  3759 I native-activity: Frame 216 time is 2.610ms
04-13 01:19:34.992  3746  3759 I native-activity: Swap 216 time is 16.692ms
04-13 01:19:34.992  3746  3759 I native-activity: Animating
04-13 01:19:34.992  3746  3759 I native-activity: Frame 217 GL error is 0x0
04-13 01:19:34.992  3746  3759 I native-activity: Frame 217 time is 2.602ms
04-13 01:19:35.002  3746  3759 I native-activity: Swap 217 time is 16.123ms
04-13 01:19:35.002  3746  3759 I native-activity: Animating
04-13 01:19:35.012  3746  3759 I native-activity: Frame 218 GL error is 0x0
04-13 01:19:35.012  3746  3759 I native-activity: Frame 218 time is 3.320ms
04-13 01:19:35.022  3746  3759 I native-activity: Swap 218 time is 17.234ms
04-13 01:19:35.022  3746  3759 I native-activity: Animating
04-13 01:19:35.032  3746  3759 I native-activity: Frame 219 GL error is 0x0
04-13 01:19:35.032  3746  3759 I native-activity: Frame 219 time is 2.595ms
04-13 01:19:35.042  3746  3759 I native-activity: Swap 219 time is 16.094ms
04-13 01:19:35.042  3746  3759 I native-activity: Animating
04-13 01:19:35.042  3746  3759 I native-activity: Frame 220 GL error is 0x0
04-13 01:19:35.042  3746  3759 I native-activity: Frame 220 time is 2.454ms
04-13 01:19:35.062  3746  3759 I native-activity: Swap 220 time is 16.413ms
04-13 01:19:35.062  3746  3759 I native-activity: Animating
04-13 01:19:35.062  3746  3759 I native-activity: Frame 221 GL error is 0x0
04-13 01:19:35.062  3746  3759 I native-activity: Frame 221 time is 2.439ms
04-13 01:19:35.072  3746  3759 I native-activity: Swap 221 time is 16.276ms
04-13 01:19:35.072  3746  3759 I native-activity: Animating
04-13 01:19:35.082  3746  3759 I native-activity: Frame 222 GL error is 0x0
04-13 01:19:35.082  3746  3759 I native-activity: Frame 222 time is 4.351ms
04-13 01:19:35.092  3746  3759 I native-activity: Swap 222 time is 15.831ms
04-13 01:19:35.092  3746  3759 I native-activity: Animating
04-13 01:19:35.092  3746  3759 I native-activity: Frame 223 GL error is 0x0
04-13 01:19:35.092  3746  3759 I native-activity: Frame 223 time is 3.102ms
04-13 01:19:35.112  3746  3759 I native-activity: Swap 223 time is 16.495ms
04-13 01:19:35.112  3746  3759 I native-activity: Animating
04-13 01:19:35.112  3746  3759 I native-activity: Frame 224 GL error is 0x0
04-13 01:19:35.112  3746  3759 I native-activity: Frame 224 time is 2.914ms
04-13 01:19:35.122  3746  3759 I native-activity: Swap 224 time is 16.297ms
04-13 01:19:35.122  3746  3759 I native-activity: Animating
04-13 01:19:35.262  3746  3759 I native-activity: Frame 225 GL error is 0x501
04-13 01:19:35.262  3746  3759 I native-activity: Frame 225 time is 142.272ms
04-13 01:19:35.282  3746  3759 I native-activity: Swap 225 time is 154.513ms
04-13 01:19:35.282  3746  3759 I native-activity: Animating
04-13 01:19:35.282  3746  3759 I native-activity: Frame 226 GL error is 0x0
04-13 01:19:35.282  3746  3759 I native-activity: Frame 226 time is 2.021ms
04-13 01:19:35.292  3746  3759 I native-activity: Swap 226 time is 8.930ms
04-13 01:19:35.292  3746  3759 I native-activity: Animating
04-13 01:19:35.292  3746  3759 I native-activity: Frame 227 GL error is 0x0
04-13 01:19:35.292  3746  3759 I native-activity: Frame 227 time is 3.812ms
04-13 01:19:35.302  3746  3759 I native-activity: Swap 227 time is 9.957ms
04-13 01:19:35.302  3746  3759 I native-activity: Animating
04-13 01:19:35.302  3746  3759 I native-activity: Frame 228 GL error is 0x0
04-13 01:19:35.302  3746  3759 I native-activity: Frame 228 time is 2.886ms
04-13 01:19:35.312  3746  3759 I native-activity: Swap 228 time is 14.349ms
04-13 01:19:35.312  3746  3759 I native-activity: Animating
04-13 01:19:35.312  3746  3759 I native-activity: Frame 229 GL error is 0x0
04-13 01:19:35.312  3746  3759 I native-activity: Frame 229 time is 3.533ms
04-13 01:19:35.332  3746  3759 I native-activity: Swap 229 time is 16.131ms
04-13 01:19:35.332  3746  3759 I native-activity: Animating
04-13 01:19:35.332  3746  3759 I native-activity: Frame 230 GL error is 0x0
04-13 01:19:35.332  3746  3759 I native-activity: Frame 230 time is 4.014ms
04-13 01:19:35.342  3746  3759 I native-activity: Swap 230 time is 15.917ms
04-13 01:19:35.342  3746  3759 I native-activity: Animating
04-13 01:19:35.352  3746  3759 I native-activity: Frame 231 GL error is 0x0
04-13 01:19:35.352  3746  3759 I native-activity: Frame 231 time is 8.099ms
04-13 01:19:35.362  3746  3759 I native-activity: Swap 231 time is 12.099ms
04-13 01:19:35.362  3746  3759 I native-activity: Animating
04-13 01:19:35.392  3746  3759 I native-activity: Frame 232 GL error is 0x501
04-13 01:19:35.392  3746  3759 I native-activity: Frame 232 time is 30.178ms
04-13 01:19:35.392  3746  3759 I native-activity: Swap 232 time is 31.869ms
04-13 01:19:35.392  3746  3759 I native-activity: Animating
04-13 01:19:35.402  3746  3759 I native-activity: Frame 233 GL error is 0x501
04-13 01:19:35.402  3746  3759 I native-activity: Frame 233 time is 14.774ms
04-13 01:19:35.402  3746  3759 I native-activity: Swap 233 time is 16.236ms
04-13 01:19:35.402  3746  3759 I native-activity: Animating
04-13 01:19:35.412  3746  3759 I native-activity: Frame 234 GL error is 0x0
04-13 01:19:35.412  3746  3759 I native-activity: Frame 234 time is 3.889ms
04-13 01:19:35.412  3746  3759 I native-activity: Swap 234 time is 8.395ms
04-13 01:19:35.412  3746  3759 I native-activity: Animating
04-13 01:19:35.422  3746  3759 I native-activity: Frame 235 GL error is 0x0
04-13 01:19:35.422  3746  3759 I native-activity: Frame 235 time is 3.429ms
04-13 01:19:35.422  3746  3759 I native-activity: Swap 235 time is 8.628ms
04-13 01:19:35.422  3746  3759 I native-activity: Animating
04-13 01:19:35.432  3746  3759 I native-activity: Frame 236 GL error is 0x0
04-13 01:19:35.432  3746  3759 I native-activity: Frame 236 time is 11.104ms
04-13 01:19:35.442  3746  3759 I native-activity: Swap 236 time is 14.388ms
04-13 01:19:35.442  3746  3759 I native-activity: Animating
04-13 01:19:35.452  3746  3759 I native-activity: Frame 237 GL error is 0x0
04-13 01:19:35.452  3746  3759 I native-activity: Frame 237 time is 15.430ms
04-13 01:19:35.462  3746  3759 I native-activity: Swap 237 time is 20.047ms
04-13 01:19:35.462  3746  3759 I native-activity: Animating
04-13 01:19:35.472  3746  3759 I native-activity: Frame 238 GL error is 0x0
04-13 01:19:35.472  3746  3759 I native-activity: Frame 238 time is 12.168ms
04-13 01:19:35.472  3746  3759 I native-activity: Swap 238 time is 14.799ms
04-13 01:19:35.472  3746  3759 I native-activity: Animating
04-13 01:19:35.492  3746  3759 I native-activity: Frame 239 GL error is 0x0
04-13 01:19:35.492  3746  3759 I native-activity: Frame 239 time is 14.133ms
04-13 01:19:35.492  3746  3759 I native-activity: Swap 239 time is 16.893ms
04-13 01:19:35.492  3746  3759 I native-activity: Animating
04-13 01:19:35.592  3746  3759 I native-activity: Frame 240 GL error is 0x501
04-13 01:19:35.592  3746  3759 I native-activity: Frame 240 time is 101.493ms
04-13 01:19:35.602  3746  3759 I native-activity: Swap 240 time is 106.573ms
04-13 01:19:35.602  3746  3759 I native-activity: Animating
04-13 01:19:35.622  3746  3759 I native-activity: Frame 241 GL error is 0x501
04-13 01:19:35.622  3746  3759 I native-activity: Frame 241 time is 24.440ms
04-13 01:19:35.622  3746  3759 I native-activity: Swap 241 time is 26.043ms
04-13 01:19:35.622  3746  3759 I native-activity: Animating
04-13 01:19:35.632  3746  3759 I native-activity: Frame 242 GL error is 0x0
04-13 01:19:35.632  3746  3759 I native-activity: Frame 242 time is 12.136ms
04-13 01:19:35.642  3746  3759 I native-activity: Swap 242 time is 13.827ms
04-13 01:19:35.642  3746  3759 I native-activity: Animating
04-13 01:19:35.642  3746  3759 I native-activity: Frame 243 GL error is 0x0
04-13 01:19:35.642  3746  3759 I native-activity: Frame 243 time is 8.454ms
04-13 01:19:35.652  3746  3759 I native-activity: Swap 243 time is 11.884ms
04-13 01:19:35.652  3746  3759 I native-activity: Animating
04-13 01:19:35.662  3746  3759 I native-activity: Frame 244 GL error is 0x0
04-13 01:19:35.662  3746  3759 I native-activity: Frame 244 time is 9.104ms
04-13 01:19:35.662  3746  3759 I native-activity: Swap 244 time is 11.259ms
04-13 01:19:35.662  3746  3759 I native-activity: Animating
04-13 01:19:35.702  3746  3759 I native-activity: Frame 245 GL error is 0x0
04-13 01:19:35.702  3746  3759 I native-activity: Frame 245 time is 35.828ms
04-13 01:19:35.702  3746  3759 I native-activity: Swap 245 time is 37.891ms
04-13 01:19:35.702  3746  3759 I native-activity: Animating
04-13 01:19:35.722  3746  3759 I native-activity: Frame 246 GL error is 0x501
04-13 01:19:35.722  3746  3759 I native-activity: Frame 246 time is 19.380ms
04-13 01:19:35.722  3746  3759 I native-activity: Swap 246 time is 20.510ms
04-13 01:19:35.722  3746  3759 I native-activity: Animating
04-13 01:19:35.742  3746  3759 I native-activity: Frame 247 GL error is 0x501
04-13 01:19:35.742  3746  3759 I native-activity: Frame 247 time is 22.389ms
04-13 01:19:35.742  3746  3759 I native-activity: Swap 247 time is 23.842ms
04-13 01:19:35.742  3746  3759 I native-activity: Animating
04-13 01:19:35.752  3746  3759 I native-activity: Frame 248 GL error is 0x0
04-13 01:19:35.752  3746  3759 I native-activity: Frame 248 time is 7.141ms
04-13 01:19:35.762  3746  3759 I native-activity: Swap 248 time is 17.017ms
04-13 01:19:35.762  3746  3759 I native-activity: Animating
04-13 01:19:35.772  1434  2616 D BatteryService: !@BatteryListener : batteryPropertiesChanged!
04-13 01:19:35.772  1434  2616 D BatteryService: level:90, scale:100, status:2, health:2, present:true, voltage: 4288, temperature: 250, technology: Li-ion, AC powered:false, USB powered:true, POGO powered:false, Wireless powered:false, icon:17303420, invalid charger:0, maxChargingCurrent:0
04-13 01:19:35.772  1434  2616 D BatteryService: online:6, current avg:413, charge type:1, power sharing:false, high voltage charger:false, capacity:280000, batterySWSelfDischarging:false, current_now:-47
04-13 01:19:35.772  1434  1434 D BatteryService: Sending ACTION_BATTERY_CHANGED.
04-13 01:19:35.772  1434  1434 I MotionRecognitionService: Plugged
04-13 01:19:35.782  1434  2179 D WifiController: ApOrStaEnabledState  msg.what= 155652
04-13 01:19:35.782  1434  1434 D MotionRecognitionService:   cableConnection= 1
04-13 01:19:35.782  1434  1434 D MotionRecognitionService: setPowerConnected | current backoffstate  = 1024 , state =1024
04-13 01:19:35.782  1434  1434 D MotionRecognitionService: skip setTransmitPower. 
04-13 01:19:35.782  2724  2724 D BatteryMonitor: new battery level: 90
04-13 01:19:35.782  3746  3759 I native-activity: Frame 249 GL error is 0x501
04-13 01:19:35.782  3746  3759 I native-activity: Frame 249 time is 19.332ms
04-13 01:19:35.782  3746  3759 I native-activity: Swap 249 time is 21.220ms
04-13 01:19:35.782  3746  3759 I native-activity: Animating
04-13 01:19:35.792 30475 30475 D PowerUI : Cable  true --> true mBootCompleted : false
04-13 01:19:35.792 30475 30475 D KeyguardUpdateMonitor: received broadcast android.intent.action.BATTERY_CHANGED
04-13 01:19:35.792 30475 30475 D PowerUI : Sending cableIntent : Intent { act=com.samsung.systemui.power.action.ACTION_CABLE_CONNECTED VirtualScreenParam=Params{mDisplayId=-1, null, mFlags=0x00000000)} }
04-13 01:19:35.792 30475 30475 D KeyguardUpdateMonitor: handleBatteryUpdate
04-13 01:19:35.792 30475 30475 D PowerUI : priorPlugType = 2 mPlugType =  2
04-13 01:19:35.792 30475 30475 D PowerUI.Notification: showChargingNotice oldChargingType : 1 currentChargingType : 1 oldChargingTime : 1120000 mChargingTime : 1110000
04-13 01:19:35.792 30475 30475 D PowerUI.Notification: showChargingNotification()
04-13 01:19:35.792  3746  3759 I native-activity: Frame 250 GL error is 0x0
04-13 01:19:35.792  3746  3759 I native-activity: Frame 250 time is 12.096ms
04-13 01:19:35.802  1434  3658 D ApplicationPolicy: isStatusBarNotificationAllowedAsUser: packageName = com.android.systemui,userId = -1
04-13 01:19:35.802 30938 30938 I BatteryChangedReceiver: received action: android.intent.action.BATTERY_CHANGED
04-13 01:19:35.802 30475 30475 D BatteryMeterView: ACTION_BATTERY_CHANGED : level:90 status:2 health:2
04-13 01:19:35.802  3746  3759 I native-activity: Swap 250 time is 16.957ms
04-13 01:19:35.802 30475 30475 D BatteryMeterView: ACTION_BATTERY_CHANGED : level:90 status:2 health:2
04-13 01:19:35.802  3746  3759 I native-activity: Animating
04-13 01:19:35.812  3746  3759 I native-activity: Frame 251 GL error is 0x0
04-13 01:19:35.812  3746  3759 I native-activity: Frame 251 time is 9.918ms
04-13 01:19:35.822  3746  3759 I native-activity: Swap 251 time is 20.311ms
04-13 01:19:35.822  3746  3759 I native-activity: Animating
04-13 01:19:35.832 30475 30475 W ResourcesManager: getTopLevelResources: /system/priv-app/SystemUI/SystemUI.apk / 1.0 running in com.android.systemui rsrc of package com.android.systemui
04-13 01:19:35.832 30475 30475 D PhoneStatusBar: setAreThereNotifications: N=2 any=true clearable=false
04-13 01:19:35.832 30475 30475 D NotificationStackScrollLayout:  scroll range should be extended : 1600
04-13 01:19:35.842  3746  3759 I native-activity: Frame 252 GL error is 0x501
04-13 01:19:35.842  3746  3759 I native-activity: Frame 252 time is 15.582ms
04-13 01:19:35.842  3746  3759 I native-activity: Swap 252 time is 16.597ms
04-13 01:19:35.842  3746  3759 I native-activity: Animating
04-13 01:19:35.842  3746  3759 I native-activity: Frame 253 GL error is 0x0
04-13 01:19:35.842  3746  3759 I native-activity: Frame 253 time is 4.770ms
04-13 01:19:35.852  3746  3759 I native-activity: Swap 253 time is 16.748ms
04-13 01:19:35.852  3746  3759 I native-activity: Animating
04-13 01:19:35.862  3746  3759 I native-activity: Frame 254 GL error is 0x0
04-13 01:19:35.862  3746  3759 I native-activity: Frame 254 time is 6.230ms
04-13 01:19:35.872  3746  3759 I native-activity: Swap 254 time is 13.475ms
04-13 01:19:35.872  3746  3759 I native-activity: Animating
04-13 01:19:35.872  3746  3759 I native-activity: Frame 255 GL error is 0x0
04-13 01:19:35.872  3746  3759 I native-activity: Frame 255 time is 6.049ms
04-13 01:19:35.882  3746  3759 I native-activity: Swap 255 time is 13.730ms
04-13 01:19:35.882  3746  3759 I native-activity: Animating
04-13 01:19:35.892  3746  3759 I native-activity: Frame 256 GL error is 0x0
04-13 01:19:35.892  3746  3759 I native-activity: Frame 256 time is 7.953ms
04-13 01:19:35.892  3746  3759 I native-activity: Swap 256 time is 13.337ms
04-13 01:19:35.892  3746  3759 I native-activity: Animating
04-13 01:19:35.902  3746  3759 I native-activity: Frame 257 GL error is 0x0
04-13 01:19:35.902  3746  3759 I native-activity: Frame 257 time is 6.509ms
04-13 01:19:35.912  3746  3759 I native-activity: Swap 257 time is 14.936ms
04-13 01:19:35.912  3746  3759 I native-activity: Animating
04-13 01:19:35.922  3746  3759 I native-activity: Frame 258 GL error is 0x0
04-13 01:19:35.922  3746  3759 I native-activity: Frame 258 time is 7.974ms
04-13 01:19:35.922  3746  3759 I native-activity: Swap 258 time is 14.038ms
04-13 01:19:35.922  3746  3759 I native-activity: Animating
04-13 01:19:35.942  3746  3759 I native-activity: Context 0xee531680 made current on surface 0xee5296c0, error 0x3000
04-13 01:19:35.942  3746  3759 I native-activity: GL information
04-13 01:19:35.942  3746  3759 I native-activity: 	Renderer: Adreno (TM) 530
04-13 01:19:35.942  3746  3759 I native-activity: 	Vendor: Qualcomm
04-13 01:19:35.942  3746  3759 I native-activity: 	Version: OpenGL ES 3.2 V@145.0 (GIT@I5bc0f577f9)
04-13 01:19:35.942  3746  3759 I native-activity: 	Shading Language: OpenGL ES GLSL ES 3.20
04-13 01:19:35.942  3746  3759 I native-activity: 	Extensions: GL_OES_EGL_image GL_OES_EGL_image_external GL_OES_EGL_sync GL_OES_vertex_half_float GL_OES_framebuffer_object GL_OES_rgb8_rgba8 GL_OES_compressed_ETC1_RGB8_texture GL_AMD_compressed_ATC_texture GL_KHR_texture_compression_astc_ldr GL_KHR_texture_compression_astc_hdr GL_OES_texture_compression_astc GL_OES_texture_npot GL_EXT_texture_filter_anisotropic GL_EXT_texture_format_BGRA8888 GL_OES_texture_3D GL_EXT_color_buffer_float GL_EXT_color_buffer_half_float GL_QCOM_alpha_test GL_OES_depth24 GL_OES_packed_depth_stencil GL_OES_depth_texture GL_OES_depth_texture_cube_map GL_EXT_sRGB GL_OES_texture_float GL_OES_texture_float_linear GL_OES_texture_half_float GL_OES_texture_half_float_linear GL_EXT_texture_type_2_10_10_10_REV GL_EXT_texture_sRGB_decode GL_OES_element_index_uint GL_EXT_copy_image GL_EXT_geometry_shader GL_EXT_tessellation_shader GL_OES_texture_stencil8 GL_EXT_shader_io_blocks GL_OES_shader_image_atomic GL_OES_sample_variables GL_EXT_texture_border_clamp GL_EXT_multisampled_render_to_textur
04-13 01:19:35.942  3746  3759 I native-activity: Context 0xee531680 made current on surface 0xee5296c0, error 0x3000
04-13 01:19:35.942  3746  3759 I native-activity: GL information
04-13 01:19:35.942  3746  3759 I native-activity: 	Renderer: Adreno (TM) 530
04-13 01:19:35.942  3746  3759 I native-activity: 	Vendor: Qualcomm
04-13 01:19:35.942  3746  3759 I native-activity: 	Version: OpenGL ES 3.2 V@145.0 (GIT@I5bc0f577f9)
04-13 01:19:35.942  3746  3759 I native-activity: 	Shading Language: OpenGL ES GLSL ES 3.20
04-13 01:19:35.942  3746  3759 I native-activity: 	Extensions: GL_OES_EGL_image GL_OES_EGL_image_external GL_OES_EGL_sync GL_OES_vertex_half_float GL_OES_framebuffer_object GL_OES_rgb8_rgba8 GL_OES_compressed_ETC1_RGB8_texture GL_AMD_compressed_ATC_texture GL_KHR_texture_compression_astc_ldr GL_KHR_texture_compression_astc_hdr GL_OES_texture_compression_astc GL_OES_texture_npot GL_EXT_texture_filter_anisotropic GL_EXT_texture_format_BGRA8888 GL_OES_texture_3D GL_EXT_color_buffer_float GL_EXT_color_buffer_half_float GL_QCOM_alpha_test GL_OES_depth24 GL_OES_packed_depth_stencil GL_OES_depth_texture GL_OES_depth_texture_cube_map GL_EXT_sRGB GL_OES_texture_float GL_OES_texture_float_linear GL_OES_texture_half_float GL_OES_texture_half_float_linear GL_EXT_texture_type_2_10_10_10_REV GL_EXT_texture_sRGB_decode GL_OES_element_index_uint GL_EXT_copy_image GL_EXT_geometry_shader GL_EXT_tessellation_shader GL_OES_texture_stencil8 GL_EXT_shader_io_blocks GL_OES_shader_image_atomic GL_OES_sample_variables GL_EXT_texture_border_clamp GL_EXT_multisampled_render_to_textur
04-13 01:19:35.942  3746  3759 I native-activity: Frame 259 GL error is 0x0
04-13 01:19:35.942  3746  3759 I native-activity: Frame 259 time is 16.595ms
04-13 01:19:35.942  3746  3759 I native-activity: Swap 259 time is 17.241ms
04-13 01:19:35.942  3746  3759 I native-activity: Animating
04-13 01:19:35.952  3746  3759 I native-activity: Frame 260 GL error is 0x0
04-13 01:19:35.952  3746  3759 I native-activity: Frame 260 time is 11.363ms
04-13 01:19:35.962  3746  3759 I native-activity: Swap 260 time is 16.571ms
04-13 01:19:35.962  3746  3759 I native-activity: Animating
04-13 01:19:35.972  3746  3759 I native-activity: Frame 261 GL error is 0x0
04-13 01:19:35.972  3746  3759 I native-activity: Frame 261 time is 11.460ms
04-13 01:19:35.972  3746  3759 I native-activity: Swap 261 time is 16.296ms
04-13 01:19:35.972  3746  3759 I native-activity: Animating
04-13 01:19:35.992  3746  3759 I native-activity: Frame 262 GL error is 0x0
04-13 01:19:35.992  3746  3759 I native-activity: Frame 262 time is 11.515ms
04-13 01:19:35.992  3746  3759 I native-activity: Swap 262 time is 16.681ms
04-13 01:19:35.992  3746  3759 I native-activity: Animating
04-13 01:19:36.002  3746  3759 I native-activity: Frame 263 GL error is 0x0
04-13 01:19:36.002  3746  3759 I native-activity: Frame 263 time is 11.739ms
04-13 01:19:36.012  3746  3759 I native-activity: Swap 263 time is 16.209ms
04-13 01:19:36.012  3746  3759 I native-activity: Animating
04-13 01:19:36.022  3746  3759 I native-activity: Frame 264 GL error is 0x0
04-13 01:19:36.022  3746  3759 I native-activity: Frame 264 time is 14.218ms
04-13 01:19:36.022  3746  3759 I native-activity: Swap 264 time is 16.509ms
04-13 01:19:36.022  3746  3759 I native-activity: Animating
04-13 01:19:36.032  3746  3759 I native-activity: Frame 265 GL error is 0x0
04-13 01:19:36.032  3746  3759 I native-activity: Frame 265 time is 10.714ms
04-13 01:19:36.042  3746  3759 I native-activity: Swap 265 time is 18.192ms
04-13 01:19:36.042  3746  3759 I native-activity: Animating
04-13 01:19:36.062  3746  3759 I native-activity: Frame 266 GL error is 0x0
04-13 01:19:36.062  3746  3759 I native-activity: Frame 266 time is 13.889ms
04-13 01:19:36.062  3746  3759 I native-activity: Swap 266 time is 17.323ms
04-13 01:19:36.062  3746  3759 I native-activity: Animating
04-13 01:19:36.082  3746  3759 I native-activity: Frame 267 GL error is 0x0
04-13 01:19:36.082  3746  3759 I native-activity: Frame 267 time is 15.630ms
04-13 01:19:36.082  3746  3759 I native-activity: Swap 267 time is 17.327ms
04-13 01:19:36.082  3746  3759 I native-activity: Animating
04-13 01:19:36.092  3746  3759 I native-activity: Frame 268 GL error is 0x0
04-13 01:19:36.092  3746  3759 I native-activity: Frame 268 time is 9.972ms
04-13 01:19:36.092  3746  3759 I native-activity: Swap 268 time is 16.037ms
04-13 01:19:36.092  3746  3759 I native-activity: Animating
04-13 01:19:36.112  3746  3759 I native-activity: Frame 269 GL error is 0x0
04-13 01:19:36.112  3746  3759 I native-activity: Frame 269 time is 15.410ms
04-13 01:19:36.112  3746  3759 I native-activity: Swap 269 time is 17.264ms
04-13 01:19:36.112  3746  3759 I native-activity: Animating
04-13 01:19:36.122  3746  3759 I native-activity: Frame 270 GL error is 0x0
04-13 01:19:36.122  3746  3759 I native-activity: Frame 270 time is 12.767ms
04-13 01:19:36.132  3746  3759 I native-activity: Swap 270 time is 15.011ms
04-13 01:19:36.132  3746  3759 I native-activity: Animating
04-13 01:19:36.142  3746  3759 I native-activity: Frame 271 GL error is 0x0
04-13 01:19:36.142  3746  3759 I native-activity: Frame 271 time is 10.295ms
04-13 01:19:36.142  3746  3759 I native-activity: Swap 271 time is 16.300ms
04-13 01:19:36.142  3746  3759 I native-activity: Animating
04-13 01:19:36.152  3746  3759 I native-activity: Frame 272 GL error is 0x0
04-13 01:19:36.152  3746  3759 I native-activity: Frame 272 time is 11.073ms
04-13 01:19:36.162  3746  3759 I native-activity: Swap 272 time is 16.857ms
04-13 01:19:36.162  3746  3759 I native-activity: Animating
04-13 01:19:36.172  3746  3759 I native-activity: Frame 273 GL error is 0x0
04-13 01:19:36.172  3746  3759 I native-activity: Frame 273 time is 13.215ms
04-13 01:19:36.182  3746  3759 I native-activity: Swap 273 time is 17.433ms
04-13 01:19:36.182  3746  3759 I native-activity: Animating
04-13 01:19:36.192  3746  3759 I native-activity: Frame 274 GL error is 0x501
04-13 01:19:36.192  3746  3759 I native-activity: Frame 274 time is 16.858ms
04-13 01:19:36.202  3746  3759 I native-activity: Swap 274 time is 18.811ms
04-13 01:19:36.202  3746  3759 I native-activity: Animating
04-13 01:19:36.212  3746  3759 I native-activity: Frame 275 GL error is 0x0
04-13 01:19:36.212  3746  3759 I native-activity: Frame 275 time is 9.556ms
04-13 01:19:36.212  3746  3759 I native-activity: Swap 275 time is 15.136ms
04-13 01:19:36.212  3746  3759 I native-activity: Animating
04-13 01:19:36.222  3746  3759 I native-activity: Frame 276 GL error is 0x0
04-13 01:19:36.222  3746  3759 I native-activity: Frame 276 time is 12.177ms
04-13 01:19:36.232  3746  3759 I native-activity: Swap 276 time is 16.552ms
04-13 01:19:36.232  3746  3759 I native-activity: Animating
04-13 01:19:36.242  3746  3759 I native-activity: Frame 277 GL error is 0x0
04-13 01:19:36.242  3746  3759 I native-activity: Frame 277 time is 11.889ms
04-13 01:19:36.242  3746  3759 I native-activity: Swap 277 time is 15.471ms
04-13 01:19:36.242  3746  3759 I native-activity: Animating
04-13 01:19:36.252  3746  3759 I native-activity: Frame 278 GL error is 0x0
04-13 01:19:36.252  3746  3759 I native-activity: Frame 278 time is 10.708ms
04-13 01:19:36.262  3746  3759 I native-activity: Swap 278 time is 16.621ms
04-13 01:19:36.262  3746  3759 I native-activity: Animating
04-13 01:19:36.272  3746  3759 I native-activity: Frame 279 GL error is 0x0
04-13 01:19:36.272  3746  3759 I native-activity: Frame 279 time is 12.036ms
04-13 01:19:36.282  3746  3759 I native-activity: Swap 279 time is 16.709ms
04-13 01:19:36.282  3746  3759 I native-activity: Animating
04-13 01:19:36.292  3746  3759 I native-activity: Frame 280 GL error is 0x0
04-13 01:19:36.292  3746  3759 I native-activity: Frame 280 time is 9.649ms
04-13 01:19:36.292  3746  3759 I native-activity: Swap 280 time is 16.003ms
04-13 01:19:36.292  3746  3759 I native-activity: Animating
04-13 01:19:36.312  3746  3759 I native-activity: Frame 281 GL error is 0x0
04-13 01:19:36.312  3746  3759 I native-activity: Frame 281 time is 12.733ms
04-13 01:19:36.312  3746  3759 I native-activity: Swap 281 time is 15.968ms
04-13 01:19:36.312  3746  3759 I native-activity: Animating
04-13 01:19:36.322  3746  3759 I native-activity: Frame 282 GL error is 0x0
04-13 01:19:36.322  3746  3759 I native-activity: Frame 282 time is 10.333ms
04-13 01:19:36.332  3746  3759 I native-activity: Swap 282 time is 16.276ms
04-13 01:19:36.332  3746  3759 I native-activity: Animating
04-13 01:19:36.342  3746  3759 I native-activity: Frame 283 GL error is 0x0
04-13 01:19:36.342  3746  3759 I native-activity: Frame 283 time is 10.593ms
04-13 01:19:36.342  3746  3759 I native-activity: Swap 283 time is 15.139ms
04-13 01:19:36.342  3746  3759 I native-activity: Animating
04-13 01:19:36.362  3746  3759 I native-activity: Frame 284 GL error is 0x0
04-13 01:19:36.362  3746  3759 I native-activity: Frame 284 time is 14.866ms
04-13 01:19:36.362  3746  3759 I native-activity: Swap 284 time is 16.920ms
04-13 01:19:36.362  3746  3759 I native-activity: Animating
04-13 01:19:36.372  3746  3759 I native-activity: Frame 285 GL error is 0x0
04-13 01:19:36.372  3746  3759 I native-activity: Frame 285 time is 12.900ms
04-13 01:19:36.382  3746  3759 I native-activity: Swap 285 time is 16.867ms
04-13 01:19:36.382  3746  3759 I native-activity: Animating
04-13 01:19:36.392  3746  3759 I native-activity: Frame 286 GL error is 0x0
04-13 01:19:36.392  3746  3759 I native-activity: Frame 286 time is 10.053ms
04-13 01:19:36.392  3746  3759 I native-activity: Swap 286 time is 15.954ms
04-13 01:19:36.392  3746  3759 I native-activity: Animating
04-13 01:19:36.402  3746  3759 I native-activity: Frame 287 GL error is 0x0
04-13 01:19:36.402  3746  3759 I native-activity: Frame 287 time is 10.877ms
04-13 01:19:36.412  3746  3759 I native-activity: Swap 287 time is 16.957ms
04-13 01:19:36.412  3746  3759 I native-activity: Animating
04-13 01:19:36.422  3746  3759 I native-activity: Frame 288 GL error is 0x0
04-13 01:19:36.422  3746  3759 I native-activity: Frame 288 time is 10.620ms
04-13 01:19:36.432  3746  3759 I native-activity: Swap 288 time is 16.885ms
04-13 01:19:36.432  3746  3759 I native-activity: Animating
04-13 01:19:36.442  3746  3759 I native-activity: Frame 289 GL error is 0x0
04-13 01:19:36.442  3746  3759 I native-activity: Frame 289 time is 14.885ms
04-13 01:19:36.452  3746  3759 I native-activity: Swap 289 time is 18.851ms
04-13 01:19:36.452  3746  3759 I native-activity: Animating
04-13 01:19:36.462  3746  3759 I native-activity: Frame 290 GL error is 0x0
04-13 01:19:36.462  3746  3759 I native-activity: Frame 290 time is 13.417ms
04-13 01:19:36.462  3746  3759 I native-activity: Swap 290 time is 16.197ms
04-13 01:19:36.462  3746  3759 I native-activity: Animating
04-13 01:19:36.472  3746  3759 I native-activity: Frame 291 GL error is 0x0
04-13 01:19:36.472  3746  3759 I native-activity: Frame 291 time is 11.260ms
04-13 01:19:36.482  3746  3759 I native-activity: Swap 291 time is 16.147ms
04-13 01:19:36.482  3746  3759 I native-activity: Animating
04-13 01:19:36.492  3746  3759 I native-activity: Frame 292 GL error is 0x0
