04-13 01:19:44.932  3746  3759 I native-activity: Frame 787 time is 9.348ms
04-13 01:19:44.932  3746  3759 I native-activity: Swap 787 time is 11.777ms
04-13 01:19:44.932  3746  3759 I native-activity: Animating
04-13 01:19:44.952  3746  3759 I native-activity: Frame 788 GL error is 0x0
04-13 01:19:44.952  3746  3759 I native-activity: Frame 788 time is 18.164ms
04-13 01:19:44.952  3746  3759 I native-activity: Swap 788 time is 19.529ms
04-13 01:19:44.952  3746  3759 I native-activity: Animating
04-13 01:19:44.962  3746  3759 I native-activity: Frame 789 GL error is 0x0
04-13 01:19:44.962  3746  3759 I native-activity: Frame 789 time is 12.002ms
04-13 01:19:44.962  3746  3759 I native-activity: Swap 789 time is 14.453ms
04-13 01:19:44.962  3746  3759 I native-activity: Animating
04-13 01:19:44.982  3746  3759 I native-activity: Frame 790 GL error is 0x0
04-13 01:19:44.982  3746  3759 I native-activity: Frame 790 time is 15.968ms
04-13 01:19:44.982  3746  3759 I native-activity: Swap 790 time is 17.561ms
04-13 01:19:44.982  3746  3759 I native-activity: Animating
04-13 01:19:45.002  3746  3759 I native-activity: Frame 791 GL error is 0x0
04-13 01:19:45.002  3746  3759 I native-activity: Frame 791 time is 13.953ms
04-13 01:19:45.002  3746  3759 I native-activity: Swap 791 time is 15.612ms
04-13 01:19:45.002  3746  3759 I native-activity: Animating
04-13 01:19:45.012  3746  3759 I native-activity: Frame 792 GL error is 0x0
04-13 01:19:45.012  3746  3759 I native-activity: Frame 792 time is 15.784ms
04-13 01:19:45.022  3746  3759 I native-activity: Swap 792 time is 18.037ms
04-13 01:19:45.022  3746  3759 I native-activity: Animating
04-13 01:19:45.032  3746  3759 I native-activity: Frame 793 GL error is 0x0
04-13 01:19:45.032  3746  3759 I native-activity: Frame 793 time is 14.307ms
04-13 01:19:45.032  3746  3759 I native-activity: Swap 793 time is 16.012ms
04-13 01:19:45.032  3746  3759 I native-activity: Animating
04-13 01:19:45.052  3746  3759 I native-activity: Frame 794 GL error is 0x0
04-13 01:19:45.052  3746  3759 I native-activity: Frame 794 time is 14.014ms
04-13 01:19:45.052  3746  3759 I native-activity: Swap 794 time is 16.191ms
04-13 01:19:45.052  3746  3759 I native-activity: Animating
04-13 01:19:45.062  3746  3759 I native-activity: Frame 795 GL error is 0x0
04-13 01:19:45.062  3746  3759 I native-activity: Frame 795 time is 13.923ms
04-13 01:19:45.062  3746  3759 I native-activity: Swap 795 time is 15.986ms
04-13 01:19:45.062  3746  3759 I native-activity: Animating
04-13 01:19:45.082  3746  3759 I native-activity: Frame 796 GL error is 0x0
04-13 01:19:45.082  3746  3759 I native-activity: Frame 796 time is 15.329ms
04-13 01:19:45.082  3746  3759 I native-activity: Swap 796 time is 17.368ms
04-13 01:19:45.082  3746  3759 I native-activity: Animating
04-13 01:19:45.102  3746  3759 I native-activity: Frame 797 GL error is 0x0
04-13 01:19:45.102  3746  3759 I native-activity: Frame 797 time is 14.925ms
04-13 01:19:45.102  3746  3759 I native-activity: Swap 797 time is 16.466ms
04-13 01:19:45.102  3746  3759 I native-activity: Animating
04-13 01:19:45.112  3746  3759 I native-activity: Frame 798 GL error is 0x0
04-13 01:19:45.112  3746  3759 I native-activity: Frame 798 time is 15.797ms
04-13 01:19:45.122  3746  3759 I native-activity: Swap 798 time is 17.376ms
04-13 01:19:45.122  3746  3759 I native-activity: Animating
04-13 01:19:45.132  3746  3759 I native-activity: Frame 799 GL error is 0x0
04-13 01:19:45.132  3746  3759 I native-activity: Frame 799 time is 12.931ms
04-13 01:19:45.132  3746  3759 I native-activity: Swap 799 time is 14.910ms
04-13 01:19:45.132  3746  3759 I native-activity: Animating
04-13 01:19:45.152  3746  3759 I native-activity: Frame 800 GL error is 0x0
04-13 01:19:45.152  3746  3759 I native-activity: Frame 800 time is 14.547ms
04-13 01:19:45.152  3746  3759 I native-activity: Swap 800 time is 16.398ms
04-13 01:19:45.152  3746  3759 I native-activity: Animating
04-13 01:19:45.162  3746  3759 I native-activity: Frame 801 GL error is 0x0
04-13 01:19:45.162  3746  3759 I native-activity: Frame 801 time is 15.973ms
04-13 01:19:45.172  3746  3759 I native-activity: Swap 801 time is 18.193ms
04-13 01:19:45.172  3746  3759 I native-activity: Animating
04-13 01:19:45.182  3746  3759 I native-activity: Frame 802 GL error is 0x0
04-13 01:19:45.182  3746  3759 I native-activity: Frame 802 time is 15.091ms
04-13 01:19:45.182  3746  3759 I native-activity: Swap 802 time is 16.304ms
04-13 01:19:45.182  3746  3759 I native-activity: Animating
04-13 01:19:45.202  3746  3759 I native-activity: Frame 803 GL error is 0x0
04-13 01:19:45.202  3746  3759 I native-activity: Frame 803 time is 13.116ms
04-13 01:19:45.202  3746  3759 I native-activity: Swap 803 time is 15.707ms
04-13 01:19:45.202  3746  3759 I native-activity: Animating
04-13 01:19:45.212  3746  3759 I native-activity: Frame 804 GL error is 0x0
04-13 01:19:45.212  3746  3759 I native-activity: Frame 804 time is 12.622ms
04-13 01:19:45.222  3746  3759 I native-activity: Swap 804 time is 16.922ms
04-13 01:19:45.222  3746  3759 I native-activity: Animating
04-13 01:19:45.232  3746  3759 I native-activity: Frame 805 GL error is 0x0
04-13 01:19:45.232  3746  3759 I native-activity: Frame 805 time is 16.837ms
04-13 01:19:45.242  3746  3759 I native-activity: Swap 805 time is 18.796ms
04-13 01:19:45.242  3746  3759 I native-activity: Animating
04-13 01:19:45.252  3746  3759 I native-activity: Frame 806 GL error is 0x0
04-13 01:19:45.252  3746  3759 I native-activity: Frame 806 time is 14.655ms
04-13 01:19:45.252  3746  3759 I native-activity: Swap 806 time is 16.813ms
04-13 01:19:45.252  3746  3759 I native-activity: Animating
04-13 01:19:45.262  3746  3759 I native-activity: Frame 807 GL error is 0x0
04-13 01:19:45.262  3746  3759 I native-activity: Frame 807 time is 10.985ms
04-13 01:19:45.272  3746  3759 I native-activity: Swap 807 time is 14.696ms
04-13 01:19:45.272  3746  3759 I native-activity: Animating
04-13 01:19:45.282  3746  3759 I native-activity: Frame 808 GL error is 0x0
04-13 01:19:45.282  3746  3759 I native-activity: Frame 808 time is 15.537ms
04-13 01:19:45.282  3746  3759 I native-activity: Swap 808 time is 17.438ms
04-13 01:19:45.282  3746  3759 I native-activity: Animating
04-13 01:19:45.302  3746  3759 I native-activity: Frame 809 GL error is 0x0
04-13 01:19:45.302  3746  3759 I native-activity: Frame 809 time is 12.226ms
04-13 01:19:45.302  3746  3759 I native-activity: Swap 809 time is 14.774ms
04-13 01:19:45.302  3746  3759 I native-activity: Animating
04-13 01:19:45.312  3746  3759 I native-activity: Frame 810 GL error is 0x0
04-13 01:19:45.312  3746  3759 I native-activity: Frame 810 time is 14.974ms
04-13 01:19:45.322  3746  3759 I native-activity: Swap 810 time is 16.692ms
04-13 01:19:45.322  3746  3759 I native-activity: Animating
04-13 01:19:45.332  3746  3759 I native-activity: Frame 811 GL error is 0x0
04-13 01:19:45.332  3746  3759 I native-activity: Frame 811 time is 13.893ms
04-13 01:19:45.332  3746  3759 I native-activity: Swap 811 time is 16.316ms
04-13 01:19:45.332  3746  3759 I native-activity: Animating
04-13 01:19:45.352  3746  3759 I native-activity: Frame 812 GL error is 0x0
04-13 01:19:45.352  3746  3759 I native-activity: Frame 812 time is 17.293ms
04-13 01:19:45.352  3746  3759 I native-activity: Swap 812 time is 19.180ms
04-13 01:19:45.352  3746  3759 I native-activity: Animating
04-13 01:19:45.362  3746  3759 I native-activity: Frame 813 GL error is 0x0
04-13 01:19:45.362  3746  3759 I native-activity: Frame 813 time is 12.341ms
04-13 01:19:45.372  3746  3759 I native-activity: Swap 813 time is 14.283ms
04-13 01:19:45.372  3746  3759 I native-activity: Animating
04-13 01:19:45.382  3746  3759 I native-activity: Frame 814 GL error is 0x0
04-13 01:19:45.382  3746  3759 I native-activity: Frame 814 time is 13.858ms
04-13 01:19:45.382  3746  3759 I native-activity: Swap 814 time is 16.141ms
04-13 01:19:45.382  3746  3759 I native-activity: Animating
04-13 01:19:45.402  3746  3759 I native-activity: Frame 815 GL error is 0x0
04-13 01:19:45.402  3746  3759 I native-activity: Frame 815 time is 13.349ms
04-13 01:19:45.402  3746  3759 I native-activity: Swap 815 time is 15.776ms
04-13 01:19:45.402  3746  3759 I native-activity: Animating
04-13 01:19:45.412  3746  3759 I native-activity: Frame 816 GL error is 0x0
04-13 01:19:45.412  3746  3759 I native-activity: Frame 816 time is 12.277ms
04-13 01:19:45.422  3746  3759 I native-activity: Swap 816 time is 16.973ms
04-13 01:19:45.422  3746  3759 I native-activity: Animating
04-13 01:19:45.442  3746  3759 I native-activity: Frame 817 GL error is 0x0
04-13 01:19:45.442  3746  3759 I native-activity: Frame 817 time is 26.993ms
04-13 01:19:45.452  3746  3759 I native-activity: Swap 817 time is 29.874ms
04-13 01:19:45.452  3746  3759 I native-activity: Animating
04-13 01:19:45.462  3746  3759 I native-activity: Frame 818 GL error is 0x0
04-13 01:19:45.462  3746  3759 I native-activity: Frame 818 time is 11.830ms
04-13 01:19:45.462  3746  3759 I native-activity: Swap 818 time is 13.961ms
04-13 01:19:45.462  3746  3759 I native-activity: Animating
04-13 01:19:45.472  3746  3759 I native-activity: Frame 819 GL error is 0x0
04-13 01:19:45.472  3746  3759 I native-activity: Frame 819 time is 8.536ms
04-13 01:19:45.472  3746  3759 I native-activity: Swap 819 time is 11.379ms
04-13 01:19:45.472  3746  3759 I native-activity: Animating
04-13 01:19:45.482  3746  3759 I native-activity: Frame 820 GL error is 0x0
04-13 01:19:45.482  3746  3759 I native-activity: Frame 820 time is 8.222ms
04-13 01:19:45.482  3746  3759 I native-activity: Swap 820 time is 11.188ms
04-13 01:19:45.482  3746  3759 I native-activity: Animating
04-13 01:19:45.502  3746  3759 I native-activity: Frame 821 GL error is 0x0
04-13 01:19:45.502  3746  3759 I native-activity: Frame 821 time is 12.774ms
04-13 01:19:45.502  3746  3759 I native-activity: Swap 821 time is 15.738ms
04-13 01:19:45.502  3746  3759 I native-activity: Animating
04-13 01:19:45.522  3746  3759 I native-activity: Frame 822 GL error is 0x0
04-13 01:19:45.522  3746  3759 I native-activity: Frame 822 time is 20.214ms
04-13 01:19:45.522  3746  3759 I native-activity: Swap 822 time is 22.822ms
04-13 01:19:45.522  3746  3759 I native-activity: Animating
04-13 01:19:45.532  3746  3759 I native-activity: Frame 823 GL error is 0x0
04-13 01:19:45.532  3746  3759 I native-activity: Frame 823 time is 11.152ms
04-13 01:19:45.542  3746  3759 I native-activity: Swap 823 time is 13.385ms
04-13 01:19:45.542  3746  3759 I native-activity: Animating
04-13 01:19:45.552  3746  3759 I native-activity: Frame 824 GL error is 0x0
04-13 01:19:45.552  3746  3759 I native-activity: Frame 824 time is 12.378ms
04-13 01:19:45.552  3746  3759 I native-activity: Swap 824 time is 13.856ms
04-13 01:19:45.552  3746  3759 I native-activity: Animating
04-13 01:19:45.562  3746  3759 I native-activity: Frame 825 GL error is 0x0
04-13 01:19:45.562  3746  3759 I native-activity: Frame 825 time is 13.318ms
04-13 01:19:45.572  3746  3759 I native-activity: Swap 825 time is 15.819ms
04-13 01:19:45.572  3746  3759 I native-activity: Animating
04-13 01:19:45.582  3746  3759 I native-activity: Frame 826 GL error is 0x0
04-13 01:19:45.582  3746  3759 I native-activity: Frame 826 time is 12.656ms
04-13 01:19:45.582  3746  3759 I native-activity: Swap 826 time is 15.700ms
04-13 01:19:45.582  3746  3759 I native-activity: Animating
04-13 01:19:45.602  3746  3759 I native-activity: Frame 827 GL error is 0x0
04-13 01:19:45.602  3746  3759 I native-activity: Frame 827 time is 13.452ms
04-13 01:19:45.602  3746  3759 I native-activity: Swap 827 time is 16.781ms
04-13 01:19:45.602  3746  3759 I native-activity: Animating
04-13 01:19:45.612  3746  3759 I native-activity: Frame 828 GL error is 0x0
04-13 01:19:45.612  3746  3759 I native-activity: Frame 828 time is 13.831ms
04-13 01:19:45.622  3746  3759 I native-activity: Swap 828 time is 16.959ms
04-13 01:19:45.622  3746  3759 I native-activity: Animating
04-13 01:19:45.632  3746  3759 I native-activity: Frame 829 GL error is 0x0
04-13 01:19:45.632  3746  3759 I native-activity: Frame 829 time is 14.352ms
04-13 01:19:45.632  3746  3759 I native-activity: Swap 829 time is 16.235ms
04-13 01:19:45.632  3746  3759 I native-activity: Animating
04-13 01:19:45.652  3746  3759 I native-activity: Frame 830 GL error is 0x0
04-13 01:19:45.652  3746  3759 I native-activity: Frame 830 time is 15.633ms
04-13 01:19:45.652  3746  3759 I native-activity: Swap 830 time is 17.718ms
04-13 01:19:45.652  3746  3759 I native-activity: Animating
04-13 01:19:45.672  3746  3759 I native-activity: Frame 831 GL error is 0x0
04-13 01:19:45.672  3746  3759 I native-activity: Frame 831 time is 16.535ms
04-13 01:19:45.672  3746  3759 I native-activity: Swap 831 time is 19.049ms
04-13 01:19:45.672  3746  3759 I native-activity: Animating
04-13 01:19:45.682  3746  3759 I native-activity: Frame 832 GL error is 0x0
04-13 01:19:45.682  3746  3759 I native-activity: Frame 832 time is 13.642ms
04-13 01:19:45.692  3746  3759 I native-activity: Swap 832 time is 16.441ms
04-13 01:19:45.692  3746  3759 I native-activity: Animating
04-13 01:19:45.702  3746  3759 I native-activity: Frame 833 GL error is 0x0
04-13 01:19:45.702  3746  3759 I native-activity: Frame 833 time is 12.562ms
04-13 01:19:45.702  3746  3759 I native-activity: Swap 833 time is 14.111ms
04-13 01:19:45.702  3746  3759 I native-activity: Animating
04-13 01:19:45.712  3746  3759 I native-activity: Frame 834 GL error is 0x0
04-13 01:19:45.712  3746  3759 I native-activity: Frame 834 time is 12.848ms
04-13 01:19:45.722  3746  3759 I native-activity: Swap 834 time is 16.676ms
04-13 01:19:45.722  3746  3759 I native-activity: Animating
04-13 01:19:45.732  3746  3759 I native-activity: Frame 835 GL error is 0x0
04-13 01:19:45.732  3746  3759 I native-activity: Frame 835 time is 14.834ms
04-13 01:19:45.732  3746  3759 I native-activity: Swap 835 time is 17.291ms
04-13 01:19:45.732  3746  3759 I native-activity: Animating
04-13 01:19:45.752  3746  3759 I native-activity: Frame 836 GL error is 0x0
04-13 01:19:45.752  3746  3759 I native-activity: Frame 836 time is 13.470ms
04-13 01:19:45.752  3746  3759 I native-activity: Swap 836 time is 17.590ms
04-13 01:19:45.752  3746  3759 I native-activity: Animating
04-13 01:19:45.772  3746  3759 I native-activity: Frame 837 GL error is 0x0
04-13 01:19:45.772  3746  3759 I native-activity: Frame 837 time is 14.822ms
04-13 01:19:45.772  3746  3759 I native-activity: Swap 837 time is 16.673ms
04-13 01:19:45.772  3746  3759 I native-activity: Animating
04-13 01:19:45.782  3746  3759 I native-activity: Frame 838 GL error is 0x0
04-13 01:19:45.782  3746  3759 I native-activity: Frame 838 time is 13.157ms
04-13 01:19:45.782  3746  3759 I native-activity: Swap 838 time is 15.182ms
04-13 01:19:45.782  3746  3759 I native-activity: Animating
04-13 01:19:45.802  3746  3759 I native-activity: Frame 839 GL error is 0x0
04-13 01:19:45.802  3746  3759 I native-activity: Frame 839 time is 14.328ms
04-13 01:19:45.802  3746  3759 I native-activity: Swap 839 time is 16.481ms
04-13 01:19:45.802  3746  3759 I native-activity: Animating
04-13 01:19:45.812  3746  3759 I native-activity: Frame 840 GL error is 0x0
04-13 01:19:45.812  3746  3759 I native-activity: Frame 840 time is 13.329ms
04-13 01:19:45.822  3746  3759 I native-activity: Swap 840 time is 15.613ms
04-13 01:19:45.822  3746  3759 I native-activity: Animating
04-13 01:19:45.832  3746  3759 I native-activity: Frame 841 GL error is 0x0
04-13 01:19:45.832  3746  3759 I native-activity: Frame 841 time is 16.396ms
04-13 01:19:45.842  3746  3759 I native-activity: Swap 841 time is 17.936ms
04-13 01:19:45.842  3746  3759 I native-activity: Animating
04-13 01:19:45.852  3746  3759 I native-activity: Frame 842 GL error is 0x0
04-13 01:19:45.852  3746  3759 I native-activity: Frame 842 time is 12.722ms
04-13 01:19:45.852  3746  3759 I native-activity: Swap 842 time is 14.571ms
04-13 01:19:45.852  3746  3759 I native-activity: Animating
04-13 01:19:45.862  3746  3759 I native-activity: Frame 843 GL error is 0x0
04-13 01:19:45.862  3746  3759 I native-activity: Frame 843 time is 12.028ms
04-13 01:19:45.862  3746  3759 I native-activity: Swap 843 time is 13.235ms
04-13 01:19:45.862  3746  3759 I native-activity: Animating
04-13 01:19:45.882  3746  3759 I native-activity: Frame 844 GL error is 0x0
04-13 01:19:45.882  3746  3759 I native-activity: Frame 844 time is 15.231ms
04-13 01:19:45.882  3746  3759 I native-activity: Swap 844 time is 17.596ms
04-13 01:19:45.882  3746  3759 I native-activity: Animating
04-13 01:19:45.902  3746  3759 I native-activity: Frame 845 GL error is 0x0
04-13 01:19:45.902  3746  3759 I native-activity: Frame 845 time is 13.961ms
04-13 01:19:45.902  3746  3759 I native-activity: Swap 845 time is 16.980ms
04-13 01:19:45.902  3746  3759 I native-activity: Animating
04-13 01:19:45.912  3746  3759 I native-activity: Frame 846 GL error is 0x0
04-13 01:19:45.912  3746  3759 I native-activity: Frame 846 time is 13.516ms
04-13 01:19:45.912  3746  3759 I native-activity: Swap 846 time is 15.585ms
04-13 01:19:45.912  3746  3759 I native-activity: Animating
04-13 01:19:45.932  3746  3759 I native-activity: Frame 847 GL error is 0x0
04-13 01:19:45.932  3746  3759 I native-activity: Frame 847 time is 14.975ms
04-13 01:19:45.932  3746  3759 I native-activity: Swap 847 time is 16.526ms
04-13 01:19:45.932  3746  3759 I native-activity: Animating
04-13 01:19:45.952  3746  3759 I native-activity: Frame 848 GL error is 0x0
04-13 01:19:45.952  3746  3759 I native-activity: Frame 848 time is 15.107ms
04-13 01:19:45.952  3746  3759 I native-activity: Swap 848 time is 18.617ms
04-13 01:19:45.952  3746  3759 I native-activity: Animating
04-13 01:19:45.962 30475 30525 D NetworkController.MobileSignalController(0/1): onSignalStrengthsChanged signalStrength=SignalStrength: 99 99 -120 -160 -120 -1 -1 13 -115 -9 54 -1 2147483647 0x1000 gsm|lte level=1
04-13 01:19:45.962 30475 30525 D NetworkController.MobileSignalController(0/1): getMobileIconGroup(): 13
04-13 01:19:45.962 30475 30525 D NetworkController.MobileSignalController(0/1): updateATTMobileIconGroup(): 13
04-13 01:19:45.962  3746  3759 I native-activity: Frame 849 GL error is 0x0
04-13 01:19:45.962  3746  3759 I native-activity: Frame 849 time is 13.326ms
04-13 01:19:45.962  1434  2207 D EPDG -- [SMARTWIFI]: onSignalStrengthsChanged: Received signal strength change, phone type is: 1
04-13 01:19:45.962  1434  4692 D EPDG -- [SMARTWIFI]: lastLteRSRP is -116currentLteRSRP is -115
04-13 01:19:45.962  1434  4692 D EPDG -- [SMARTWIFI]: lastCdmaDb is -16currentCdmaDb is -16
04-13 01:19:45.962  1434  4692 V EPDG -- [SMARTWIFI]: Radio oldest entry removed
04-13 01:19:45.962  1434  4692 V EPDG -- [SMARTWIFI]: New entry : (SignalStrength: 99 99 -120 -160 -120 -1 -1 13 -115 -9 54 -1 2147483647 0x1000 gsm|lte : 0 )
04-13 01:19:45.962  1434  4692 V EPDG -- [SMARTWIFI]: Radio entry added
04-13 01:19:45.972  3746  3759 I native-activity: Swap 849 time is 15.755ms
04-13 01:19:45.972  3746  3759 I native-activity: Animating
04-13 01:19:45.982  3746  3759 I native-activity: Frame 850 GL error is 0x0
04-13 01:19:45.982  3746  3759 I native-activity: Frame 850 time is 15.971ms
04-13 01:19:45.982  3746  3759 I native-activity: Swap 850 time is 17.294ms
04-13 01:19:45.982  3746  3759 I native-activity: Animating
04-13 01:19:46.002  3746  3759 I native-activity: Frame 851 GL error is 0x0
04-13 01:19:46.002  3746  3759 I native-activity: Frame 851 time is 13.855ms
04-13 01:19:46.002  3746  3759 I native-activity: Swap 851 time is 15.186ms
04-13 01:19:46.002  3746  3759 I native-activity: Animating
04-13 01:19:46.002  1434  2460 D BatteryService: !@BatteryListener : batteryPropertiesChanged!
04-13 01:19:46.012  1434  2460 D BatteryService: level:90, scale:100, status:2, health:2, present:true, voltage: 4279, temperature: 250, technology: Li-ion, AC powered:false, USB powered:true, POGO powered:false, Wireless powered:false, icon:17303420, invalid charger:0, maxChargingCurrent:0
04-13 01:19:46.012  1434  2460 D BatteryService: online:6, current avg:422, charge type:1, power sharing:false, high voltage charger:false, capacity:280000, batterySWSelfDischarging:false, current_now:582
04-13 01:19:46.012  1434  1434 D BatteryService: Sending ACTION_BATTERY_CHANGED.
04-13 01:19:46.012  1434  1434 I MotionRecognitionService: Plugged
04-13 01:19:46.012  1434  1434 D MotionRecognitionService:   cableConnection= 1
04-13 01:19:46.012  1434  2179 D WifiController: ApOrStaEnabledState  msg.what= 155652
04-13 01:19:46.012  1434  1434 D MotionRecognitionService: setPowerConnected | current backoffstate  = 1024 , state =1024
04-13 01:19:46.012  2724  2724 D BatteryMonitor: new battery level: 90
04-13 01:19:46.012  1434  1434 D MotionRecognitionService: skip setTransmitPower. 
04-13 01:19:46.012  3746  3759 I native-activity: Frame 852 GL error is 0x0
04-13 01:19:46.012  3746  3759 I native-activity: Frame 852 time is 15.087ms
04-13 01:19:46.022 30475 30475 D PowerUI : Cable  true --> true mBootCompleted : false
04-13 01:19:46.012 30475 30475 D KeyguardUpdateMonitor: received broadcast android.intent.action.BATTERY_CHANGED
04-13 01:19:46.022 30475 30475 D PowerUI : Sending cableIntent : Intent { act=com.samsung.systemui.power.action.ACTION_CABLE_CONNECTED VirtualScreenParam=Params{mDisplayId=-1, null, mFlags=0x00000000)} }
04-13 01:19:46.012 30475 30475 D KeyguardUpdateMonitor: handleBatteryUpdate
04-13 01:19:46.022 30475 30475 D PowerUI : priorPlugType = 2 mPlugType =  2
04-13 01:19:46.022  3746  3759 I native-activity: Swap 852 time is 17.645ms
04-13 01:19:46.022 30475 30475 D PowerUI.Notification: showChargingNotice oldChargingType : 1 currentChargingType : 1 oldChargingTime : 1110000 mChargingTime : 1110000
04-13 01:19:46.022  3746  3759 I native-activity: Animating
04-13 01:19:46.022 30475 30475 D PowerUI.Notification: There is no change about charging status, so return!
04-13 01:19:46.022 30938 30938 I BatteryChangedReceiver: received action: android.intent.action.BATTERY_CHANGED
04-13 01:19:46.032  3746  3759 I native-activity: Frame 853 GL error is 0x0
04-13 01:19:46.032  3746  3759 I native-activity: Frame 853 time is 13.466ms
04-13 01:19:46.032  3746  3759 I native-activity: Swap 853 time is 16.145ms
04-13 01:19:46.032  3746  3759 I native-activity: Animating
04-13 01:19:46.042 30475 30475 D BatteryMeterView: ACTION_BATTERY_CHANGED : level:90 status:2 health:2
04-13 01:19:46.042 30475 30475 D BatteryMeterView: ACTION_BATTERY_CHANGED : level:90 status:2 health:2
04-13 01:19:46.052  3746  3759 I native-activity: Frame 854 GL error is 0x0
04-13 01:19:46.052  3746  3759 I native-activity: Frame 854 time is 14.907ms
04-13 01:19:46.052  3746  3759 I native-activity: Swap 854 time is 16.615ms
04-13 01:19:46.052  3746  3759 I native-activity: Animating
04-13 01:19:46.062  3746  3759 I native-activity: Frame 855 GL error is 0x0
04-13 01:19:46.062  3746  3759 I native-activity: Frame 855 time is 15.175ms
04-13 01:19:46.072  3746  3759 I native-activity: Swap 855 time is 16.835ms
04-13 01:19:46.072  3746  3759 I native-activity: Animating
04-13 01:19:46.082  3746  3759 I native-activity: Frame 856 GL error is 0x0
04-13 01:19:46.082  3746  3759 I native-activity: Frame 856 time is 15.777ms
04-13 01:19:46.082  3746  3759 I native-activity: Swap 856 time is 17.388ms
04-13 01:19:46.082  3746  3759 I native-activity: Animating
04-13 01:19:46.102  3746  3759 I native-activity: Frame 857 GL error is 0x0
04-13 01:19:46.102  3746  3759 I native-activity: Frame 857 time is 15.454ms
04-13 01:19:46.102  3746  3759 I native-activity: Swap 857 time is 17.551ms
04-13 01:19:46.102  3746  3759 I native-activity: Animating
04-13 01:19:46.122  3746  3759 I native-activity: Frame 858 GL error is 0x0
04-13 01:19:46.122  3746  3759 I native-activity: Frame 858 time is 17.084ms
04-13 01:19:46.122  3746  3759 I native-activity: Swap 858 time is 19.472ms
04-13 01:19:46.122  3746  3759 I native-activity: Animating
04-13 01:19:46.132  3746  3759 I native-activity: Frame 859 GL error is 0x0
04-13 01:19:46.132  3746  3759 I native-activity: Frame 859 time is 12.847ms
04-13 01:19:46.142  3746  3759 I native-activity: Swap 859 time is 15.741ms
04-13 01:19:46.142  3746  3759 I native-activity: Animating
04-13 01:19:46.152  3746  3759 I native-activity: Frame 860 GL error is 0x0
04-13 01:19:46.152  3746  3759 I native-activity: Frame 860 time is 14.326ms
04-13 01:19:46.152  3746  3759 I native-activity: Swap 860 time is 17.049ms
04-13 01:19:46.152  3746  3759 I native-activity: Animating
04-13 01:19:46.172  3746  3759 I native-activity: Frame 861 GL error is 0x0
04-13 01:19:46.172  3746  3759 I native-activity: Frame 861 time is 14.664ms
04-13 01:19:46.182  3746  3759 I native-activity: Swap 861 time is 21.160ms
04-13 01:19:46.182  3746  3759 I native-activity: Animating
04-13 01:19:46.192  3746  3759 I native-activity: Frame 862 GL error is 0x0
04-13 01:19:46.192  3746  3759 I native-activity: Frame 862 time is 12.349ms
04-13 01:19:46.192  3746  3759 I native-activity: Swap 862 time is 15.034ms
04-13 01:19:46.192  3746  3759 I native-activity: Animating
04-13 01:19:46.202  3746  3759 I native-activity: Frame 863 GL error is 0x0
04-13 01:19:46.202  3746  3759 I native-activity: Frame 863 time is 9.129ms
04-13 01:19:46.202  3746  3759 I native-activity: Swap 863 time is 11.093ms
04-13 01:19:46.202  3746  3759 I native-activity: Animating
04-13 01:19:46.222  3746  3759 I native-activity: Frame 864 GL error is 0x0
04-13 01:19:46.222  3746  3759 I native-activity: Frame 864 time is 13.702ms
04-13 01:19:46.222  3746  3759 I native-activity: Swap 864 time is 17.099ms
04-13 01:19:46.222  3746  3759 I native-activity: Animating
04-13 01:19:46.232  3746  3759 I native-activity: Frame 865 GL error is 0x0
04-13 01:19:46.232  3746  3759 I native-activity: Frame 865 time is 13.436ms
04-13 01:19:46.242  3746  3759 I native-activity: Swap 865 time is 17.564ms
04-13 01:19:46.242  3746  3759 I native-activity: Animating
04-13 01:19:46.252  3746  3759 I native-activity: Frame 866 GL error is 0x0
04-13 01:19:46.252  3746  3759 I native-activity: Frame 866 time is 12.638ms
04-13 01:19:46.252  3746  3759 I native-activity: Swap 866 time is 16.527ms
04-13 01:19:46.252  3746  3759 I native-activity: Animating
04-13 01:19:46.272  3746  3759 I native-activity: Frame 867 GL error is 0x0
04-13 01:19:46.272  3746  3759 I native-activity: Frame 867 time is 13.388ms
04-13 01:19:46.272  3746  3759 I native-activity: Swap 867 time is 16.487ms
04-13 01:19:46.272  3746  3759 I native-activity: Animating
04-13 01:19:46.292  3746  3759 I native-activity: Frame 868 GL error is 0x0
04-13 01:19:46.292  3746  3759 I native-activity: Frame 868 time is 14.612ms
04-13 01:19:46.292  3746  3759 I native-activity: Swap 868 time is 17.406ms
04-13 01:19:46.292  3746  3759 I native-activity: Animating
04-13 01:19:46.302  3746  3759 I native-activity: Frame 869 GL error is 0x0
04-13 01:19:46.302  3746  3759 I native-activity: Frame 869 time is 12.252ms
04-13 01:19:46.302  3746  3759 I native-activity: Swap 869 time is 15.312ms
04-13 01:19:46.302  3746  3759 I native-activity: Animating
04-13 01:19:46.322  3746  3759 I native-activity: Frame 870 GL error is 0x0
04-13 01:19:46.322  3746  3759 I native-activity: Frame 870 time is 15.986ms
04-13 01:19:46.322  3746  3759 I native-activity: Swap 870 time is 18.150ms
04-13 01:19:46.322  3746  3759 I native-activity: Animating
04-13 01:19:46.342  3746  3759 I native-activity: Frame 871 GL error is 0x0
04-13 01:19:46.342  3746  3759 I native-activity: Frame 871 time is 14.751ms
04-13 01:19:46.342  3746  3759 I native-activity: Swap 871 time is 16.789ms
04-13 01:19:46.342  3746  3759 I native-activity: Animating
04-13 01:19:46.352  3746  3759 I native-activity: Frame 872 GL error is 0x0
04-13 01:19:46.352  3746  3759 I native-activity: Frame 872 time is 13.292ms
04-13 01:19:46.362  3746  3759 I native-activity: Swap 872 time is 16.707ms
04-13 01:19:46.362  3746  3759 I native-activity: Animating
04-13 01:19:46.372  3746  3759 I native-activity: Frame 873 GL error is 0x0
04-13 01:19:46.372  3746  3759 I native-activity: Frame 873 time is 15.392ms
04-13 01:19:46.372  3746  3759 I native-activity: Swap 873 time is 17.396ms
04-13 01:19:46.372  3746  3759 I native-activity: Animating
04-13 01:19:46.392  3746  3759 I native-activity: Frame 874 GL error is 0x0
04-13 01:19:46.392  3746  3759 I native-activity: Frame 874 time is 16.881ms
04-13 01:19:46.392  3746  3759 I native-activity: Swap 874 time is 19.376ms
04-13 01:19:46.392  3746  3759 I native-activity: Animating
04-13 01:19:46.412  3746  3759 I native-activity: Frame 875 GL error is 0x0
04-13 01:19:46.412  3746  3759 I native-activity: Frame 875 time is 19.116ms
04-13 01:19:46.422  3746  3759 I native-activity: Swap 875 time is 22.028ms
04-13 01:19:46.422  3746  3759 I native-activity: Animating
04-13 01:19:46.432  3746  3759 I native-activity: Frame 876 GL error is 0x0
04-13 01:19:46.432  3746  3759 I native-activity: Frame 876 time is 11.597ms
04-13 01:19:46.432  3746  3759 I native-activity: Swap 876 time is 13.617ms
04-13 01:19:46.432  3746  3759 I native-activity: Animating
04-13 01:19:46.442  3746  3759 I native-activity: Frame 877 GL error is 0x0
04-13 01:19:46.442  3746  3759 I native-activity: Frame 877 time is 15.020ms
04-13 01:19:46.452  3746  3759 I native-activity: Swap 877 time is 16.660ms
04-13 01:19:46.452  3746  3759 I native-activity: Animating
04-13 01:19:46.462  3746  3759 I native-activity: Frame 878 GL error is 0x0
04-13 01:19:46.462  3746  3759 I native-activity: Frame 878 time is 12.400ms
04-13 01:19:46.462  3746  3759 I native-activity: Swap 878 time is 15.330ms
04-13 01:19:46.462  3746  3759 I native-activity: Animating
04-13 01:19:46.472  3746  3759 I native-activity: Frame 879 GL error is 0x0
04-13 01:19:46.472  3746  3759 I native-activity: Frame 879 time is 9.137ms
04-13 01:19:46.482  3746  3759 I native-activity: Swap 879 time is 14.564ms
04-13 01:19:46.482  3746  3759 I native-activity: Animating
04-13 01:19:46.492  3746  3759 I native-activity: Frame 880 GL error is 0x0
04-13 01:19:46.492  3746  3759 I native-activity: Frame 880 time is 9.912ms
04-13 01:19:46.492  3746  3759 I native-activity: Swap 880 time is 14.656ms
04-13 01:19:46.492  3746  3759 I native-activity: Animating
04-13 01:19:46.502  3746  3759 I native-activity: Frame 881 GL error is 0x0
04-13 01:19:46.502  3746  3759 I native-activity: Frame 881 time is 9.795ms
04-13 01:19:46.512  3746  3759 I native-activity: Swap 881 time is 15.378ms
04-13 01:19:46.512  3746  3759 I native-activity: Animating
04-13 01:19:46.522  3746  3759 I native-activity: Frame 882 GL error is 0x0
04-13 01:19:46.522  3746  3759 I native-activity: Frame 882 time is 10.143ms
04-13 01:19:46.522  3746  3759 I native-activity: Swap 882 time is 16.906ms
04-13 01:19:46.522  3746  3759 I native-activity: Animating
04-13 01:19:46.532  3746  3759 I native-activity: Frame 883 GL error is 0x0
04-13 01:19:46.532  3746  3759 I native-activity: Frame 883 time is 10.599ms
04-13 01:19:46.542  3746  3759 I native-activity: Swap 883 time is 17.561ms
04-13 01:19:46.542  3746  3759 I native-activity: Animating
04-13 01:19:46.552  3746  3759 I native-activity: Frame 884 GL error is 0x0
04-13 01:19:46.552  3746  3759 I native-activity: Frame 884 time is 10.108ms
04-13 01:19:46.562  3746  3759 I native-activity: Swap 884 time is 15.707ms
04-13 01:19:46.562  3746  3759 I native-activity: Animating
04-13 01:19:46.572  3746  3759 I native-activity: Frame 885 GL error is 0x0
04-13 01:19:46.572  3746  3759 I native-activity: Frame 885 time is 11.574ms
04-13 01:19:46.572  3746  3759 I native-activity: Swap 885 time is 15.092ms
04-13 01:19:46.572  3746  3759 I native-activity: Animating
04-13 01:19:46.572  3746  3759 I native-activity: Frame 886 GL error is 0x0
04-13 01:19:46.572  3746  3759 I native-activity: Frame 886 time is 0.036ms
04-13 01:19:46.592  3746  3759 I native-activity: Swap 886 time is 15.956ms
04-13 01:19:46.592  3746  3759 I native-activity: Animating
04-13 01:19:46.592  3746  3759 I native-activity: Reached frame 887 end of replay, exiting
