04-13 01:19:31.042  3746  3759 V native-activity: 		EGL_CONFORMANT: 69 EGL_OPENGL_ES_BIT, EGL_OPENGL_ES2_BIT,
04-13 01:19:31.042  3746  3759 V native-activity: 		EGL_CONFIG_CAVEAT: 12344 EGL_NONE,
04-13 01:19:31.042  3746  3759 V native-activity: 		EGL_RENDERABLE_TYPE: 69 EGL_OPENGL_ES_BIT, EGL_OPENGL_ES2_BIT,
04-13 01:19:31.042  3746  3759 V native-activity: 		EGL_SURFACE_TYPE: 1445 EGL_PBUFFER_BIT, EGL_SWAP_BEHAVIOR_PRESERVED_BIT, EGL_VG_COLORSPACE_LINEAR_BIT, EGL_WINDOW_BIT,
04-13 01:19:31.042  3746  3759 V native-activity: 		EGL_LEVEL: 0
04-13 01:19:31.042  3746  3759 V native-activity: 		EGL_COLOR_BUFFER_TYPE: 12430 EGL_RGB_BUFFER,
04-13 01:19:31.042  3746  3759 V native-activity: 		EGL_BUFFER_SIZE: 16
04-13 01:19:31.042  3746  3759 V native-activity: 		EGL_SAMPLES: 0
04-13 01:19:31.042  3746  3759 V native-activity: 		EGL_SAMPLE_BUFFERS: 0
04-13 01:19:31.042  3746  3759 V native-activity: 		EGL_RED_SIZE: 4
04-13 01:19:31.042  3746  3759 V native-activity: 		EGL_GREEN_SIZE: 4
04-13 01:19:31.042  3746  3759 V native-activity: 		EGL_BLUE_SIZE: 4
04-13 01:19:31.042  3746  3759 V native-activity: 		EGL_ALPHA_SIZE: 4
04-13 01:19:31.042  3746  3759 V native-activity: 		EGL_ALPHA_MASK_SIZE: 0
04-13 01:19:31.042  3746  3759 V native-activity: 		EGL_LUMINANCE_SIZE: 0
04-13 01:19:31.042  3746  3759 V native-activity: 		EGL_TRANSPARENT_TYPE: 12344 EGL_NONE,
04-13 01:19:31.042  3746  3759 V native-activity: 		EGL_TRANSPARENT_RED_VALUE: -1
04-13 01:19:31.042  3746  3759 V native-activity: 		EGL_TRANSPARENT_GREEN_VALUE: -1
04-13 01:19:31.042  3746  3759 V native-activity: 		EGL_TRANSPARENT_BLUE_VALUE: -1
04-13 01:19:31.042  3746  3759 V native-activity: 		EGL_STENCIL_SIZE: 8
04-13 01:19:31.042  3746  3759 V native-activity: 		EGL_DEPTH_SIZE: 24
04-13 01:19:31.042  3746  3759 V native-activity: 		EGL_BIND_TO_TEXTURE_RGB: 0
04-13 01:19:31.042  3746  3759 V native-activity: 		EGL_BIND_TO_TEXTURE_RGBA: 1
04-13 01:19:31.042  3746  3759 V native-activity: 		EGL_MIN_SWAP_INTERVAL: 0
04-13 01:19:31.042  3746  3759 V native-activity: 		EGL_MAX_SWAP_INTERVAL: 1
04-13 01:19:31.042  3746  3759 V native-activity: 		EGL_MAX_PBUFFER_WIDTH: 16384
04-13 01:19:31.042  3746  3759 V native-activity: 		EGL_MAX_PBUFFER_HEIGHT: 16384
04-13 01:19:31.042  3746  3759 D native-activity: 	Config 0xee50de18 index 12
04-13 01:19:31.042  3746  3759 V native-activity: 		EGL_CONFIG_ID: 13
04-13 01:19:31.042  3746  3759 V native-activity: 		EGL_CONFORMANT: 69 EGL_OPENGL_ES_BIT, EGL_OPENGL_ES2_BIT,
04-13 01:19:31.042  3746  3759 V native-activity: 		EGL_CONFIG_CAVEAT: 12344 EGL_NONE,
04-13 01:19:31.042  3746  3759 V native-activity: 		EGL_RENDERABLE_TYPE: 69 EGL_OPENGL_ES_BIT, EGL_OPENGL_ES2_BIT,
04-13 01:19:31.042  3746  3759 V native-activity: 		EGL_SURFACE_TYPE: 1445 EGL_PBUFFER_BIT, EGL_SWAP_BEHAVIOR_PRESERVED_BIT, EGL_VG_COLORSPACE_LINEAR_BIT, EGL_WINDOW_BIT,
04-13 01:19:31.042  3746  3759 V native-activity: 		EGL_LEVEL: 0
04-13 01:19:31.042  3746  3759 V native-activity: 		EGL_COLOR_BUFFER_TYPE: 12430 EGL_RGB_BUFFER,
04-13 01:19:31.042  3746  3759 V native-activity: 		EGL_BUFFER_SIZE: 16
04-13 01:19:31.042  3746  3759 V native-activity: 		EGL_SAMPLES: 2
04-13 01:19:31.042  3746  3759 V native-activity: 		EGL_SAMPLE_BUFFERS: 1
04-13 01:19:31.042  3746  3759 V native-activity: 		EGL_RED_SIZE: 5
04-13 01:19:31.042  3746  3759 V native-activity: 		EGL_GREEN_SIZE: 6
04-13 01:19:31.042  3746  3759 V native-activity: 		EGL_BLUE_SIZE: 5
04-13 01:19:31.042  3746  3759 V native-activity: 		EGL_ALPHA_SIZE: 0
04-13 01:19:31.042  3746  3759 V native-activity: 		EGL_ALPHA_MASK_SIZE: 0
04-13 01:19:31.042  3746  3759 V native-activity: 		EGL_LUMINANCE_SIZE: 0
04-13 01:19:31.042  3746  3759 V native-activity: 		EGL_TRANSPARENT_TYPE: 12344 EGL_NONE,
04-13 01:19:31.042  3746  3759 V native-activity: 		EGL_TRANSPARENT_RED_VALUE: -1
04-13 01:19:31.042  3746  3759 V native-activity: 		EGL_TRANSPARENT_GREEN_VALUE: -1
04-13 01:19:31.042  3746  3759 V native-activity: 		EGL_TRANSPARENT_BLUE_VALUE: -1
04-13 01:19:31.042  3746  3759 V native-activity: 		EGL_STENCIL_SIZE: 0
04-13 01:19:31.042  3746  3759 V native-activity: 		EGL_DEPTH_SIZE: 0
04-13 01:19:31.042  3746  3759 V native-activity: 		EGL_BIND_TO_TEXTURE_RGB: 1
04-13 01:19:31.042  3746  3759 V native-activity: 		EGL_BIND_TO_TEXTURE_RGBA: 0
04-13 01:19:31.042  3746  3759 V native-activity: 		EGL_MIN_SWAP_INTERVAL: 0
04-13 01:19:31.042  3746  3759 V native-activity: 		EGL_MAX_SWAP_INTERVAL: 1
04-13 01:19:31.042  3746  3759 V native-activity: 		EGL_MAX_PBUFFER_WIDTH: 16384
04-13 01:19:31.042  3746  3759 V native-activity: 		EGL_MAX_PBUFFER_HEIGHT: 16384
04-13 01:19:31.042  3746  3759 D native-activity: 	Config 0xee50de60 index 13
04-13 01:19:31.042  3746  3759 V native-activity: 		EGL_CONFIG_ID: 16
04-13 01:19:31.042  3746  3759 V native-activity: 		EGL_CONFORMANT: 69 EGL_OPENGL_ES_BIT, EGL_OPENGL_ES2_BIT,
04-13 01:19:31.042  3746  3759 V native-activity: 		EGL_CONFIG_CAVEAT: 12344 EGL_NONE,
04-13 01:19:31.042  3746  3759 V native-activity: 		EGL_RENDERABLE_TYPE: 69 EGL_OPENGL_ES_BIT, EGL_OPENGL_ES2_BIT,
04-13 01:19:31.042  3746  3759 V native-activity: 		EGL_SURFACE_TYPE: 1445 EGL_PBUFFER_BIT, EGL_SWAP_BEHAVIOR_PRESERVED_BIT, EGL_VG_COLORSPACE_LINEAR_BIT, EGL_WINDOW_BIT,
04-13 01:19:31.042  3746  3759 V native-activity: 		EGL_LEVEL: 0
04-13 01:19:31.042  3746  3759 V native-activity: 		EGL_COLOR_BUFFER_TYPE: 12430 EGL_RGB_BUFFER,
04-13 01:19:31.042  3746  3759 V native-activity: 		EGL_BUFFER_SIZE: 16
04-13 01:19:31.042  3746  3759 V native-activity: 		EGL_SAMPLES: 2
04-13 01:19:31.042  3746  3759 V native-activity: 		EGL_SAMPLE_BUFFERS: 1
04-13 01:19:31.042  3746  3759 V native-activity: 		EGL_RED_SIZE: 5
04-13 01:19:31.042  3746  3759 V native-activity: 		EGL_GREEN_SIZE: 6
04-13 01:19:31.042  3746  3759 V native-activity: 		EGL_BLUE_SIZE: 5
04-13 01:19:31.042  3746  3759 V native-activity: 		EGL_ALPHA_SIZE: 0
04-13 01:19:31.042  3746  3759 V native-activity: 		EGL_ALPHA_MASK_SIZE: 0
04-13 01:19:31.042  3746  3759 V native-activity: 		EGL_LUMINANCE_SIZE: 0
04-13 01:19:31.042  3746  3759 V native-activity: 		EGL_TRANSPARENT_TYPE: 12344 EGL_NONE,
04-13 01:19:31.042  3746  3759 V native-activity: 		EGL_TRANSPARENT_RED_VALUE: -1
04-13 01:19:31.042  3746  3759 V native-activity: 		EGL_TRANSPARENT_GREEN_VALUE: -1
04-13 01:19:31.042  3746  3759 V native-activity: 		EGL_TRANSPARENT_BLUE_VALUE: -1
04-13 01:19:31.042  3746  3759 V native-activity: 		EGL_STENCIL_SIZE: 8
04-13 01:19:31.042  3746  3759 V native-activity: 		EGL_DEPTH_SIZE: 0
04-13 01:19:31.042  3746  3759 V native-activity: 		EGL_BIND_TO_TEXTURE_RGB: 1
04-13 01:19:31.042  3746  3759 V native-activity: 		EGL_BIND_TO_TEXTURE_RGBA: 0
04-13 01:19:31.042  3746  3759 V native-activity: 		EGL_MIN_SWAP_INTERVAL: 0
04-13 01:19:31.042  3746  3759 V native-activity: 		EGL_MAX_SWAP_INTERVAL: 1
04-13 01:19:31.042  3746  3759 V native-activity: 		EGL_MAX_PBUFFER_WIDTH: 16384
04-13 01:19:31.042  3746  3759 V native-activity: 		EGL_MAX_PBUFFER_HEIGHT: 16384
04-13 01:19:31.042  3746  3759 D native-activity: 	Config 0xee50de30 index 14
04-13 01:19:31.042  3746  3759 V native-activity: 		EGL_CONFIG_ID: 14
04-13 01:19:31.042  3746  3759 V native-activity: 		EGL_CONFORMANT: 69 EGL_OPENGL_ES_BIT, EGL_OPENGL_ES2_BIT,
04-13 01:19:31.042  3746  3759 V native-activity: 		EGL_CONFIG_CAVEAT: 12344 EGL_NONE,
04-13 01:19:31.042  3746  3759 V native-activity: 		EGL_RENDERABLE_TYPE: 69 EGL_OPENGL_ES_BIT, EGL_OPENGL_ES2_BIT,
04-13 01:19:31.042  3746  3759 V native-activity: 		EGL_SURFACE_TYPE: 1445 EGL_PBUFFER_BIT, EGL_SWAP_BEHAVIOR_PRESERVED_BIT, EGL_VG_COLORSPACE_LINEAR_BIT, EGL_WINDOW_BIT,
04-13 01:19:31.042  3746  3759 V native-activity: 		EGL_LEVEL: 0
04-13 01:19:31.042  3746  3759 V native-activity: 		EGL_COLOR_BUFFER_TYPE: 12430 EGL_RGB_BUFFER,
04-13 01:19:31.042  3746  3759 V native-activity: 		EGL_BUFFER_SIZE: 16
04-13 01:19:31.042  3746  3759 V native-activity: 		EGL_SAMPLES: 2
04-13 01:19:31.042  3746  3759 V native-activity: 		EGL_SAMPLE_BUFFERS: 1
04-13 01:19:31.042  3746  3759 V native-activity: 		EGL_RED_SIZE: 5
04-13 01:19:31.042  3746  3759 V native-activity: 		EGL_GREEN_SIZE: 6
04-13 01:19:31.042  3746  3759 V native-activity: 		EGL_BLUE_SIZE: 5
04-13 01:19:31.042  3746  3759 V native-activity: 		EGL_ALPHA_SIZE: 0
04-13 01:19:31.042  3746  3759 V native-activity: 		EGL_ALPHA_MASK_SIZE: 0
04-13 01:19:31.052  3746  3759 V native-activity: 		EGL_LUMINANCE_SIZE: 0
04-13 01:19:31.052  3746  3759 V native-activity: 		EGL_TRANSPARENT_TYPE: 12344 EGL_NONE,
04-13 01:19:31.052  3746  3759 V native-activity: 		EGL_TRANSPARENT_RED_VALUE: -1
04-13 01:19:31.052  3746  3759 V native-activity: 		EGL_TRANSPARENT_GREEN_VALUE: -1
04-13 01:19:31.052  3746  3759 V native-activity: 		EGL_TRANSPARENT_BLUE_VALUE: -1
04-13 01:19:31.052  3746  3759 V native-activity: 		EGL_STENCIL_SIZE: 0
04-13 01:19:31.052  3746  3759 V native-activity: 		EGL_DEPTH_SIZE: 16
04-13 01:19:31.052  3746  3759 V native-activity: 		EGL_BIND_TO_TEXTURE_RGB: 1
04-13 01:19:31.052  3746  3759 V native-activity: 		EGL_BIND_TO_TEXTURE_RGBA: 0
04-13 01:19:31.052  3746  3759 V native-activity: 		EGL_MIN_SWAP_INTERVAL: 0
04-13 01:19:31.052  3746  3759 V native-activity: 		EGL_MAX_SWAP_INTERVAL: 1
04-13 01:19:31.052  3746  3759 V native-activity: 		EGL_MAX_PBUFFER_WIDTH: 16384
04-13 01:19:31.052  3746  3759 V native-activity: 		EGL_MAX_PBUFFER_HEIGHT: 16384
04-13 01:19:31.052  3746  3759 D native-activity: 	Config 0xee50de48 index 15
04-13 01:19:31.052  3746  3759 V native-activity: 		EGL_CONFIG_ID: 15
04-13 01:19:31.052  3746  3759 V native-activity: 		EGL_CONFORMANT: 69 EGL_OPENGL_ES_BIT, EGL_OPENGL_ES2_BIT,
04-13 01:19:31.052  3746  3759 V native-activity: 		EGL_CONFIG_CAVEAT: 12344 EGL_NONE,
04-13 01:19:31.052  3746  3759 V native-activity: 		EGL_RENDERABLE_TYPE: 69 EGL_OPENGL_ES_BIT, EGL_OPENGL_ES2_BIT,
04-13 01:19:31.052  3746  3759 V native-activity: 		EGL_SURFACE_TYPE: 1445 EGL_PBUFFER_BIT, EGL_SWAP_BEHAVIOR_PRESERVED_BIT, EGL_VG_COLORSPACE_LINEAR_BIT, EGL_WINDOW_BIT,
04-13 01:19:31.052  3746  3759 V native-activity: 		EGL_LEVEL: 0
04-13 01:19:31.052  3746  3759 V native-activity: 		EGL_COLOR_BUFFER_TYPE: 12430 EGL_RGB_BUFFER,
04-13 01:19:31.052  3746  3759 V native-activity: 		EGL_BUFFER_SIZE: 16
04-13 01:19:31.052  3746  3759 V native-activity: 		EGL_SAMPLES: 2
04-13 01:19:31.052  3746  3759 V native-activity: 		EGL_SAMPLE_BUFFERS: 1
04-13 01:19:31.052  3746  3759 V native-activity: 		EGL_RED_SIZE: 5
04-13 01:19:31.052  9560  9560 D SamsungIME: IMPL finishInput
04-13 01:19:31.052  3746  3759 V native-activity: 		EGL_GREEN_SIZE: 6
04-13 01:19:31.052  3746  3759 V native-activity: 		EGL_BLUE_SIZE: 5
04-13 01:19:31.052  3746  3759 V native-activity: 		EGL_ALPHA_SIZE: 0
04-13 01:19:31.052  3746  3759 V native-activity: 		EGL_ALPHA_MASK_SIZE: 0
04-13 01:19:31.052  3746  3759 V native-activity: 		EGL_LUMINANCE_SIZE: 0
04-13 01:19:31.052  3746  3759 V native-activity: 		EGL_TRANSPARENT_TYPE: 12344 EGL_NONE,
04-13 01:19:31.052  3746  3759 V native-activity: 		EGL_TRANSPARENT_RED_VALUE: -1
04-13 01:19:31.052  3746  3759 V native-activity: 		EGL_TRANSPARENT_GREEN_VALUE: -1
04-13 01:19:31.052  3746  3759 V native-activity: 		EGL_TRANSPARENT_BLUE_VALUE: -1
04-13 01:19:31.052  3746  3759 V native-activity: 		EGL_STENCIL_SIZE: 8
04-13 01:19:31.052  3746  3759 V native-activity: 		EGL_DEPTH_SIZE: 24
04-13 01:19:31.052  3746  3759 V native-activity: 		EGL_BIND_TO_TEXTURE_RGB: 1
04-13 01:19:31.052  3746  3759 V native-activity: 		EGL_BIND_TO_TEXTURE_RGBA: 0
04-13 01:19:31.052  3746  3759 V native-activity: 		EGL_MIN_SWAP_INTERVAL: 0
04-13 01:19:31.052  3746  3759 V native-activity: 		EGL_MAX_SWAP_INTERVAL: 1
04-13 01:19:31.052  3746  3759 V native-activity: 		EGL_MAX_PBUFFER_WIDTH: 16384
04-13 01:19:31.052  3746  3759 V native-activity: 		EGL_MAX_PBUFFER_HEIGHT: 16384
04-13 01:19:31.052  3746  3759 D native-activity: 	Config 0xee50df38 index 16
04-13 01:19:31.052  3746  3759 V native-activity: 		EGL_CONFIG_ID: 25
04-13 01:19:31.052  3746  3759 V native-activity: 		EGL_CONFORMANT: 69 EGL_OPENGL_ES_BIT, EGL_OPENGL_ES2_BIT,
04-13 01:19:31.052  3746  3759 V native-activity: 		EGL_CONFIG_CAVEAT: 12344 EGL_NONE,
04-13 01:19:31.052  3746  3759 V native-activity: 		EGL_RENDERABLE_TYPE: 69 EGL_OPENGL_ES_BIT, EGL_OPENGL_ES2_BIT,
04-13 01:19:31.052  3746  3759 V native-activity: 		EGL_SURFACE_TYPE: 1445 EGL_PBUFFER_BIT, EGL_SWAP_BEHAVIOR_PRESERVED_BIT, EGL_VG_COLORSPACE_LINEAR_BIT, EGL_WINDOW_BIT,
04-13 01:19:31.052  3746  3759 V native-activity: 		EGL_LEVEL: 0
04-13 01:19:31.052  3746  3759 V native-activity: 		EGL_COLOR_BUFFER_TYPE: 12430 EGL_RGB_BUFFER,
04-13 01:19:31.052  3746  3759 V native-activity: 		EGL_BUFFER_SIZE: 16
04-13 01:19:31.052  3746  3759 V native-activity: 		EGL_SAMPLES: 4
04-13 01:19:31.052  3746  3759 V native-activity: 		EGL_SAMPLE_BUFFERS: 1
04-13 01:19:31.052  3746  3759 V native-activity: 		EGL_RED_SIZE: 5
04-13 01:19:31.052  3746  3759 V native-activity: 		EGL_GREEN_SIZE: 6
04-13 01:19:31.052  3746  3759 V native-activity: 		EGL_BLUE_SIZE: 5
04-13 01:19:31.052  3746  3759 V native-activity: 		EGL_ALPHA_SIZE: 0
04-13 01:19:31.052  3746  3759 V native-activity: 		EGL_ALPHA_MASK_SIZE: 0
04-13 01:19:31.052  3746  3759 V native-activity: 		EGL_LUMINANCE_SIZE: 0
04-13 01:19:31.052  3746  3759 V native-activity: 		EGL_TRANSPARENT_TYPE: 12344 EGL_NONE,
04-13 01:19:31.052  3746  3759 V native-activity: 		EGL_TRANSPARENT_RED_VALUE: -1
04-13 01:19:31.052  3746  3759 V native-activity: 		EGL_TRANSPARENT_GREEN_VALUE: -1
04-13 01:19:31.052  3746  3759 V native-activity: 		EGL_TRANSPARENT_BLUE_VALUE: -1
04-13 01:19:31.052  3746  3759 V native-activity: 		EGL_STENCIL_SIZE: 0
04-13 01:19:31.052  3746  3759 V native-activity: 		EGL_DEPTH_SIZE: 0
04-13 01:19:31.052  3746  3759 V native-activity: 		EGL_BIND_TO_TEXTURE_RGB: 1
04-13 01:19:31.052  3746  3759 V native-activity: 		EGL_BIND_TO_TEXTURE_RGBA: 0
04-13 01:19:31.052  3746  3759 V native-activity: 		EGL_MIN_SWAP_INTERVAL: 0
04-13 01:19:31.052  3746  3759 V native-activity: 		EGL_MAX_SWAP_INTERVAL: 1
04-13 01:19:31.052  3746  3759 V native-activity: 		EGL_MAX_PBUFFER_WIDTH: 16384
04-13 01:19:31.052  3746  3759 V native-activity: 		EGL_MAX_PBUFFER_HEIGHT: 16384
04-13 01:19:31.052  3746  3759 D native-activity: 	Config 0xee50df80 index 17
04-13 01:19:31.052  3746  3759 V native-activity: 		EGL_CONFIG_ID: 28
04-13 01:19:31.052  9560  9560 D SamsungIME: SwiftKeyWrapper writeDBdataToFileOnFinishInput
04-13 01:19:31.052  3746  3759 V native-activity: 		EGL_CONFORMANT: 69 EGL_OPENGL_ES_BIT, EGL_OPENGL_ES2_BIT,
04-13 01:19:31.052  9560  9560 D SamsungIME: saveAndClear +
04-13 01:19:31.052  3746  3759 V native-activity: 		EGL_CONFIG_CAVEAT: 12344 EGL_NONE,
04-13 01:19:31.052  3746  3759 V native-activity: 		EGL_RENDERABLE_TYPE: 69 EGL_OPENGL_ES_BIT, EGL_OPENGL_ES2_BIT,
04-13 01:19:31.052  3746  3759 V native-activity: 		EGL_SURFACE_TYPE: 1445 EGL_PBUFFER_BIT, EGL_SWAP_BEHAVIOR_PRESERVED_BIT, EGL_VG_COLORSPACE_LINEAR_BIT, EGL_WINDOW_BIT,
04-13 01:19:31.052  3746  3759 V native-activity: 		EGL_LEVEL: 0
04-13 01:19:31.052  9560  9560 D SamsungIME: saveAndClear -
04-13 01:19:31.052  3746  3759 V native-activity: 		EGL_COLOR_BUFFER_TYPE: 12430 EGL_RGB_BUFFER,
04-13 01:19:31.052  3746  3759 V native-activity: 		EGL_BUFFER_SIZE: 16
04-13 01:19:31.052  3746  3759 V native-activity: 		EGL_SAMPLES: 4
04-13 01:19:31.052  3746  3759 V native-activity: 		EGL_SAMPLE_BUFFERS: 1
04-13 01:19:31.052  3746  3759 V native-activity: 		EGL_RED_SIZE: 5
04-13 01:19:31.052  3746  3759 V native-activity: 		EGL_GREEN_SIZE: 6
04-13 01:19:31.052  3746  3759 V native-activity: 		EGL_BLUE_SIZE: 5
04-13 01:19:31.052  3746  3759 V native-activity: 		EGL_ALPHA_SIZE: 0
04-13 01:19:31.052  3746  3759 V native-activity: 		EGL_ALPHA_MASK_SIZE: 0
04-13 01:19:31.052  3746  3759 V native-activity: 		EGL_LUMINANCE_SIZE: 0
04-13 01:19:31.052  3746  3759 V native-activity: 		EGL_TRANSPARENT_TYPE: 12344 EGL_NONE,
04-13 01:19:31.052  3746  3759 V native-activity: 		EGL_TRANSPARENT_RED_VALUE: -1
04-13 01:19:31.052  3746  3759 V native-activity: 		EGL_TRANSPARENT_GREEN_VALUE: -1
04-13 01:19:31.052  3746  3759 V native-activity: 		EGL_TRANSPARENT_BLUE_VALUE: -1
04-13 01:19:31.052  3746  3759 V native-activity: 		EGL_STENCIL_SIZE: 8
04-13 01:19:31.052  3746  3759 V native-activity: 		EGL_DEPTH_SIZE: 0
04-13 01:19:31.052  3746  3759 V native-activity: 		EGL_BIND_TO_TEXTURE_RGB: 1
04-13 01:19:31.052  3746  3759 V native-activity: 		EGL_BIND_TO_TEXTURE_RGBA: 0
04-13 01:19:31.052  3746  3759 V native-activity: 		EGL_MIN_SWAP_INTERVAL: 0
04-13 01:19:31.052  3746  3759 V native-activity: 		EGL_MAX_SWAP_INTERVAL: 1
04-13 01:19:31.052  3746  3759 V native-activity: 		EGL_MAX_PBUFFER_WIDTH: 16384
04-13 01:19:31.052  9560  9560 D SamsungIME: onStartInput: No inputType, No imeOption, isInputViewShown = false, isExtractViewShown = false, isShowInputRequested = false, isConfigChanged = false
04-13 01:19:31.052  3746  3759 V native-activity: 		EGL_MAX_PBUFFER_HEIGHT: 16384
04-13 01:19:31.052  3746  3759 D native-activity: 	Config 0xee50df50 index 18
04-13 01:19:31.052  3746  3759 V native-activity: 		EGL_CONFIG_ID: 26
04-13 01:19:31.052  3746  3759 V native-activity: 		EGL_CONFORMANT: 69 EGL_OPENGL_ES_BIT, EGL_OPENGL_ES2_BIT,
04-13 01:19:31.052  3746  3759 V native-activity: 		EGL_CONFIG_CAVEAT: 12344 EGL_NONE,
04-13 01:19:31.052  3746  3759 V native-activity: 		EGL_RENDERABLE_TYPE: 69 EGL_OPENGL_ES_BIT, EGL_OPENGL_ES2_BIT,
04-13 01:19:31.052  3746  3759 V native-activity: 		EGL_SURFACE_TYPE: 1445 EGL_PBUFFER_BIT, EGL_SWAP_BEHAVIOR_PRESERVED_BIT, EGL_VG_COLORSPACE_LINEAR_BIT, EGL_WINDOW_BIT,
04-13 01:19:31.052  3746  3759 V native-activity: 		EGL_LEVEL: 0
04-13 01:19:31.052  3746  3759 V native-activity: 		EGL_COLOR_BUFFER_TYPE: 12430 EGL_RGB_BUFFER,
04-13 01:19:31.052  3746  3759 V native-activity: 		EGL_BUFFER_SIZE: 16
04-13 01:19:31.052  3746  3759 V native-activity: 		EGL_SAMPLES: 4
04-13 01:19:31.052  3746  3759 V native-activity: 		EGL_SAMPLE_BUFFERS: 1
04-13 01:19:31.052  3746  3759 V native-activity: 		EGL_RED_SIZE: 5
04-13 01:19:31.052  3746  3759 V native-activity: 		EGL_GREEN_SIZE: 6
04-13 01:19:31.052  3746  3759 V native-activity: 		EGL_BLUE_SIZE: 5
04-13 01:19:31.052  3746  3759 V native-activity: 		EGL_ALPHA_SIZE: 0
04-13 01:19:31.052  3746  3759 V native-activity: 		EGL_ALPHA_MASK_SIZE: 0
04-13 01:19:31.052  3746  3759 V native-activity: 		EGL_LUMINANCE_SIZE: 0
04-13 01:19:31.052  3746  3759 V native-activity: 		EGL_TRANSPARENT_TYPE: 12344 EGL_NONE,
04-13 01:19:31.052  3746  3759 V native-activity: 		EGL_TRANSPARENT_RED_VALUE: -1
04-13 01:19:31.052  3746  3759 V native-activity: 		EGL_TRANSPARENT_GREEN_VALUE: -1
04-13 01:19:31.052  3746  3759 V native-activity: 		EGL_TRANSPARENT_BLUE_VALUE: -1
04-13 01:19:31.052  3746  3759 V native-activity: 		EGL_STENCIL_SIZE: 0
04-13 01:19:31.052  1434  1453 V WindowStateAnimator: Finishing drawing window Window{8781826 u0 d0 com.example.sonicdash_stage1/android.app.NativeActivity}: mDrawState=DRAW_PENDING
04-13 01:19:31.052  3746  3759 V native-activity: 		EGL_DEPTH_SIZE: 16
04-13 01:19:31.052  3746  3759 V native-activity: 		EGL_BIND_TO_TEXTURE_RGB: 1
04-13 01:19:31.052  3746  3759 V native-activity: 		EGL_BIND_TO_TEXTURE_RGBA: 0
04-13 01:19:31.052  3746  3759 V native-activity: 		EGL_MIN_SWAP_INTERVAL: 0
04-13 01:19:31.052  3746  3759 V native-activity: 		EGL_MAX_SWAP_INTERVAL: 1
04-13 01:19:31.052  3746  3759 V native-activity: 		EGL_MAX_PBUFFER_WIDTH: 16384
04-13 01:19:31.052  3746  3759 V native-activity: 		EGL_MAX_PBUFFER_HEIGHT: 16384
04-13 01:19:31.052  3746  3759 D native-activity: 	Config 0xee50df68 index 19
04-13 01:19:31.052  3746  3759 V native-activity: 		EGL_CONFIG_ID: 27
04-13 01:19:31.052  3746  3759 V native-activity: 		EGL_CONFORMANT: 69 EGL_OPENGL_ES_BIT, EGL_OPENGL_ES2_BIT,
04-13 01:19:31.052  3746  3759 V native-activity: 		EGL_CONFIG_CAVEAT: 12344 EGL_NONE,
04-13 01:19:31.052  3746  3759 V native-activity: 		EGL_RENDERABLE_TYPE: 69 EGL_OPENGL_ES_BIT, EGL_OPENGL_ES2_BIT,
04-13 01:19:31.052  3746  3759 V native-activity: 		EGL_SURFACE_TYPE: 1445 EGL_PBUFFER_BIT, EGL_SWAP_BEHAVIOR_PRESERVED_BIT, EGL_VG_COLORSPACE_LINEAR_BIT, EGL_WINDOW_BIT,
04-13 01:19:31.052  3746  3759 V native-activity: 		EGL_LEVEL: 0
04-13 01:19:31.052  3746  3759 V native-activity: 		EGL_COLOR_BUFFER_TYPE: 12430 EGL_RGB_BUFFER,
04-13 01:19:31.052  3746  3759 V native-activity: 		EGL_BUFFER_SIZE: 16
04-13 01:19:31.052  3746  3759 V native-activity: 		EGL_SAMPLES: 4
04-13 01:19:31.052  3746  3759 V native-activity: 		EGL_SAMPLE_BUFFERS: 1
04-13 01:19:31.052  3746  3759 V native-activity: 		EGL_RED_SIZE: 5
04-13 01:19:31.052  3746  3759 V native-activity: 		EGL_GREEN_SIZE: 6
04-13 01:19:31.052  3746  3759 V native-activity: 		EGL_BLUE_SIZE: 5
04-13 01:19:31.052  3746  3759 V native-activity: 		EGL_ALPHA_SIZE: 0
04-13 01:19:31.052  3746  3759 V native-activity: 		EGL_ALPHA_MASK_SIZE: 0
04-13 01:19:31.052  3746  3759 V native-activity: 		EGL_LUMINANCE_SIZE: 0
04-13 01:19:31.052  3746  3759 V native-activity: 		EGL_TRANSPARENT_TYPE: 12344 EGL_NONE,
04-13 01:19:31.052  3746  3759 V native-activity: 		EGL_TRANSPARENT_RED_VALUE: -1
04-13 01:19:31.052  3746  3759 V native-activity: 		EGL_TRANSPARENT_GREEN_VALUE: -1
04-13 01:19:31.052  3746  3759 V native-activity: 		EGL_TRANSPARENT_BLUE_VALUE: -1
04-13 01:19:31.052  3746  3759 V native-activity: 		EGL_STENCIL_SIZE: 8
04-13 01:19:31.052  3746  3759 V native-activity: 		EGL_DEPTH_SIZE: 24
04-13 01:19:31.052  3746  3759 V native-activity: 		EGL_BIND_TO_TEXTURE_RGB: 1
04-13 01:19:31.052  3746  3759 V native-activity: 		EGL_BIND_TO_TEXTURE_RGBA: 0
04-13 01:19:31.052  3746  3759 V native-activity: 		EGL_MIN_SWAP_INTERVAL: 0
04-13 01:19:31.052  3746  3759 V native-activity: 		EGL_MAX_SWAP_INTERVAL: 1
04-13 01:19:31.052  3746  3759 V native-activity: 		EGL_MAX_PBUFFER_WIDTH: 16384
04-13 01:19:31.052  3746  3759 V native-activity: 		EGL_MAX_PBUFFER_HEIGHT: 16384
04-13 01:19:31.052  3746  3759 D native-activity: 	Config 0xee50dd58 index 20
04-13 01:19:31.052  3746  3759 V native-activity: 		EGL_CONFIG_ID: 5
04-13 01:19:31.052  3746  3759 V native-activity: 		EGL_CONFORMANT: 69 EGL_OPENGL_ES_BIT, EGL_OPENGL_ES2_BIT,
04-13 01:19:31.052  3746  3759 V native-activity: 		EGL_CONFIG_CAVEAT: 12344 EGL_NONE,
04-13 01:19:31.052  3746  3759 V native-activity: 		EGL_RENDERABLE_TYPE: 69 EGL_OPENGL_ES_BIT, EGL_OPENGL_ES2_BIT,
04-13 01:19:31.052  3746  3759 V native-activity: 		EGL_SURFACE_TYPE: 1445 EGL_PBUFFER_BIT, EGL_SWAP_BEHAVIOR_PRESERVED_BIT, EGL_VG_COLORSPACE_LINEAR_BIT, EGL_WINDOW_BIT,
04-13 01:19:31.052  3746  3759 V native-activity: 		EGL_LEVEL: 0
04-13 01:19:31.052  3746  3759 V native-activity: 		EGL_COLOR_BUFFER_TYPE: 12430 EGL_RGB_BUFFER,
04-13 01:19:31.052  3746  3759 V native-activity: 		EGL_BUFFER_SIZE: 24
04-13 01:19:31.052  3746  3759 V native-activity: 		EGL_SAMPLES: 0
04-13 01:19:31.052  3746  3759 V native-activity: 		EGL_SAMPLE_BUFFERS: 0
04-13 01:19:31.052  3746  3759 V native-activity: 		EGL_RED_SIZE: 8
04-13 01:19:31.052  3746  3759 V native-activity: 		EGL_GREEN_SIZE: 8
04-13 01:19:31.052  3746  3759 V native-activity: 		EGL_BLUE_SIZE: 8
04-13 01:19:31.052  3746  3759 V native-activity: 		EGL_ALPHA_SIZE: 0
04-13 01:19:31.052  3746  3759 V native-activity: 		EGL_ALPHA_MASK_SIZE: 0
04-13 01:19:31.052  3746  3759 V native-activity: 		EGL_LUMINANCE_SIZE: 0
04-13 01:19:31.052  3746  3759 V native-activity: 		EGL_TRANSPARENT_TYPE: 12344 EGL_NONE,
04-13 01:19:31.052  3746  3759 V native-activity: 		EGL_TRANSPARENT_RED_VALUE: -1
04-13 01:19:31.052  3746  3759 V native-activity: 		EGL_TRANSPARENT_GREEN_VALUE: -1
04-13 01:19:31.052  3746  3759 V native-activity: 		EGL_TRANSPARENT_BLUE_VALUE: -1
04-13 01:19:31.052  3746  3759 V native-activity: 		EGL_STENCIL_SIZE: 0
04-13 01:19:31.052  3746  3759 V native-activity: 		EGL_DEPTH_SIZE: 0
04-13 01:19:31.052  3746  3759 V native-activity: 		EGL_BIND_TO_TEXTURE_RGB: 1
04-13 01:19:31.052  3746  3759 V native-activity: 		EGL_BIND_TO_TEXTURE_RGBA: 0
04-13 01:19:31.052  3746  3759 V native-activity: 		EGL_MIN_SWAP_INTERVAL: 0
04-13 01:19:31.052  3746  3759 V native-activity: 		EGL_MAX_SWAP_INTERVAL: 1
04-13 01:19:31.052  3746  3759 V native-activity: 		EGL_MAX_PBUFFER_WIDTH: 16384
04-13 01:19:31.052  3746  3759 V native-activity: 		EGL_MAX_PBUFFER_HEIGHT: 16384
04-13 01:19:31.052  3746  3759 D native-activity: 	Config 0xee50e058 index 21
04-13 01:19:31.052  3746  3759 V native-activity: 		EGL_CONFIG_ID: 37
04-13 01:19:31.052  3746  3759 V native-activity: 		EGL_CONFORMANT: 69 EGL_OPENGL_ES_BIT, EGL_OPENGL_ES2_BIT,
04-13 01:19:31.052  3746  3759 V native-activity: 		EGL_CONFIG_CAVEAT: 12344 EGL_NONE,
04-13 01:19:31.052  3746  3759 V native-activity: 		EGL_RENDERABLE_TYPE: 69 EGL_OPENGL_ES_BIT, EGL_OPENGL_ES2_BIT,
04-13 01:19:31.052  3746  3759 V native-activity: 		EGL_SURFACE_TYPE: 1445 EGL_PBUFFER_BIT, EGL_SWAP_BEHAVIOR_PRESERVED_BIT, EGL_VG_COLORSPACE_LINEAR_BIT, EGL_WINDOW_BIT,
04-13 01:19:31.052  3746  3759 V native-activity: 		EGL_LEVEL: 0
04-13 01:19:31.052  3746  3759 V native-activity: 		EGL_COLOR_BUFFER_TYPE: 12430 EGL_RGB_BUFFER,
04-13 01:19:31.052  3746  3759 V native-activity: 		EGL_BUFFER_SIZE: 24
04-13 01:19:31.052  3746  3759 V native-activity: 		EGL_SAMPLES: 0
04-13 01:19:31.052  3746  3759 V native-activity: 		EGL_SAMPLE_BUFFERS: 0
04-13 01:19:31.052  3746  3759 V native-activity: 		EGL_RED_SIZE: 8
04-13 01:19:31.052  3746  3759 V native-activity: 		EGL_GREEN_SIZE: 8
04-13 01:19:31.052  3746  3759 V native-activity: 		EGL_BLUE_SIZE: 8
04-13 01:19:31.052  3746  3759 V native-activity: 		EGL_ALPHA_SIZE: 0
04-13 01:19:31.052  3746  3759 V native-activity: 		EGL_ALPHA_MASK_SIZE: 0
04-13 01:19:31.052  3746  3759 V native-activity: 		EGL_LUMINANCE_SIZE: 0
04-13 01:19:31.052  3746  3759 V native-activity: 		EGL_TRANSPARENT_TYPE: 12344 EGL_NONE,
04-13 01:19:31.052  3746  3759 V native-activity: 		EGL_TRANSPARENT_RED_VALUE: -1
04-13 01:19:31.052  3746  3759 V native-activity: 		EGL_TRANSPARENT_GREEN_VALUE: -1
04-13 01:19:31.052  3746  3759 V native-activity: 		EGL_TRANSPARENT_BLUE_VALUE: -1
04-13 01:19:31.052  3746  3759 V native-activity: 		EGL_STENCIL_SIZE: 0
04-13 01:19:31.052  3746  3759 V native-activity: 		EGL_DEPTH_SIZE: 0
04-13 01:19:31.052  3746  3759 V native-activity: 		EGL_BIND_TO_TEXTURE_RGB: 1
04-13 01:19:31.052  3746  3759 V native-activity: 		EGL_BIND_TO_TEXTURE_RGBA: 0
04-13 01:19:31.052  3746  3759 V native-activity: 		EGL_MIN_SWAP_INTERVAL: 0
04-13 01:19:31.052  3746  3759 V native-activity: 		EGL_MAX_SWAP_INTERVAL: 1
04-13 01:19:31.052  3746  3759 V native-activity: 		EGL_MAX_PBUFFER_WIDTH: 16384
04-13 01:19:31.052  3746  3759 V native-activity: 		EGL_MAX_PBUFFER_HEIGHT: 16384
04-13 01:19:31.052  3746  3759 D native-activity: 	Config 0xee50dda0 index 22
04-13 01:19:31.052  3746  3759 V native-activity: 		EGL_CONFIG_ID: 8
04-13 01:19:31.052  3746  3759 V native-activity: 		EGL_CONFORMANT: 69 EGL_OPENGL_ES_BIT, EGL_OPENGL_ES2_BIT,
04-13 01:19:31.052  3746  3759 V native-activity: 		EGL_CONFIG_CAVEAT: 12344 EGL_NONE,
04-13 01:19:31.052  3746  3759 V native-activity: 		EGL_RENDERABLE_TYPE: 69 EGL_OPENGL_ES_BIT, EGL_OPENGL_ES2_BIT,
04-13 01:19:31.052  3746  3759 V native-activity: 		EGL_SURFACE_TYPE: 1445 EGL_PBUFFER_BIT, EGL_SWAP_BEHAVIOR_PRESERVED_BIT, EGL_VG_COLORSPACE_LINEAR_BIT, EGL_WINDOW_BIT,
04-13 01:19:31.052  3746  3759 V native-activity: 		EGL_LEVEL: 0
04-13 01:19:31.052  3746  3759 V native-activity: 		EGL_COLOR_BUFFER_TYPE: 12430 EGL_RGB_BUFFER,
04-13 01:19:31.052  3746  3759 V native-activity: 		EGL_BUFFER_SIZE: 24
04-13 01:19:31.052  3746  3759 V native-activity: 		EGL_SAMPLES: 0
04-13 01:19:31.052  3746  3759 V native-activity: 		EGL_SAMPLE_BUFFERS: 0
04-13 01:19:31.052  3746  3759 V native-activity: 		EGL_RED_SIZE: 8
04-13 01:19:31.052  3746  3759 V native-activity: 		EGL_GREEN_SIZE: 8
04-13 01:19:31.052  3746  3759 V native-activity: 		EGL_BLUE_SIZE: 8
04-13 01:19:31.052  3746  3759 V native-activity: 		EGL_ALPHA_SIZE: 0
04-13 01:19:31.052  3746  3759 V native-activity: 		EGL_ALPHA_MASK_SIZE: 0
04-13 01:19:31.052  3746  3759 V native-activity: 		EGL_LUMINANCE_SIZE: 0
04-13 01:19:31.052  3746  3759 V native-activity: 		EGL_TRANSPARENT_TYPE: 12344 EGL_NONE,
04-13 01:19:31.052  3746  3759 V native-activity: 		EGL_TRANSPARENT_RED_VALUE: -1
04-13 01:19:31.052  3746  3759 V native-activity: 		EGL_TRANSPARENT_GREEN_VALUE: -1
04-13 01:19:31.052  3746  3759 V native-activity: 		EGL_TRANSPARENT_BLUE_VALUE: -1
04-13 01:19:31.052  3746  3759 V native-activity: 		EGL_STENCIL_SIZE: 8
04-13 01:19:31.052  3746  3759 V native-activity: 		EGL_DEPTH_SIZE: 0
04-13 01:19:31.052  3746  3759 V native-activity: 		EGL_BIND_TO_TEXTURE_RGB: 1
04-13 01:19:31.052  3746  3759 V native-activity: 		EGL_BIND_TO_TEXTURE_RGBA: 0
04-13 01:19:31.052  3746  3759 V native-activity: 		EGL_MIN_SWAP_INTERVAL: 0
04-13 01:19:31.052  3746  3759 V native-activity: 		EGL_MAX_SWAP_INTERVAL: 1
04-13 01:19:31.052  3746  3759 V native-activity: 		EGL_MAX_PBUFFER_WIDTH: 16384
04-13 01:19:31.052  3746  3759 V native-activity: 		EGL_MAX_PBUFFER_HEIGHT: 16384
04-13 01:19:31.052  3746  3759 D native-activity: 	Config 0xee50e0a0 index 23
04-13 01:19:31.052  3746  3759 V native-activity: 		EGL_CONFIG_ID: 40
04-13 01:19:31.052  3746  3759 V native-activity: 		EGL_CONFORMANT: 69 EGL_OPENGL_ES_BIT, EGL_OPENGL_ES2_BIT,
04-13 01:19:31.052  3746  3759 V native-activity: 		EGL_CONFIG_CAVEAT: 12344 EGL_NONE,
04-13 01:19:31.052  3746  3759 V native-activity: 		EGL_RENDERABLE_TYPE: 69 EGL_OPENGL_ES_BIT, EGL_OPENGL_ES2_BIT,
04-13 01:19:31.052  3746  3759 V native-activity: 		EGL_SURFACE_TYPE: 1445 EGL_PBUFFER_BIT, EGL_SWAP_BEHAVIOR_PRESERVED_BIT, EGL_VG_COLORSPACE_LINEAR_BIT, EGL_WINDOW_BIT,
04-13 01:19:31.052  3746  3759 V native-activity: 		EGL_LEVEL: 0
04-13 01:19:31.052  3746  3759 V native-activity: 		EGL_COLOR_BUFFER_TYPE: 12430 EGL_RGB_BUFFER,
04-13 01:19:31.052  3746  3759 V native-activity: 		EGL_BUFFER_SIZE: 24
04-13 01:19:31.052  3746  3759 V native-activity: 		EGL_SAMPLES: 0
04-13 01:19:31.052  3746  3746 I Timeline: Timeline: Activity_idle id: android.os.BinderProxy@7d93c2c time:196051492
04-13 01:19:31.052  3746  3759 V native-activity: 		EGL_SAMPLE_BUFFERS: 0
04-13 01:19:31.052  3746  3759 V native-activity: 		EGL_RED_SIZE: 8
04-13 01:19:31.052  3746  3759 V native-activity: 		EGL_GREEN_SIZE: 8
04-13 01:19:31.052  3746  3759 V native-activity: 		EGL_BLUE_SIZE: 8
04-13 01:19:31.052  3746  3759 V native-activity: 		EGL_ALPHA_SIZE: 0
04-13 01:19:31.052  3746  3759 V native-activity: 		EGL_ALPHA_MASK_SIZE: 0
04-13 01:19:31.052  3746  3759 V native-activity: 		EGL_LUMINANCE_SIZE: 0
04-13 01:19:31.052  3746  3759 V native-activity: 		EGL_TRANSPARENT_TYPE: 12344 EGL_NONE,
04-13 01:19:31.052  3746  3759 V native-activity: 		EGL_TRANSPARENT_RED_VALUE: -1
04-13 01:19:31.052  3746  3759 V native-activity: 		EGL_TRANSPARENT_GREEN_VALUE: -1
04-13 01:19:31.052  3746  3759 V native-activity: 		EGL_TRANSPARENT_BLUE_VALUE: -1
04-13 01:19:31.052  3746  3759 V native-activity: 		EGL_STENCIL_SIZE: 8
04-13 01:19:31.052  3746  3759 V native-activity: 		EGL_DEPTH_SIZE: 0
04-13 01:19:31.052  3746  3759 V native-activity: 		EGL_BIND_TO_TEXTURE_RGB: 1
04-13 01:19:31.052  3746  3759 V native-activity: 		EGL_BIND_TO_TEXTURE_RGBA: 0
04-13 01:19:31.052  3746  3759 V native-activity: 		EGL_MIN_SWAP_INTERVAL: 0
04-13 01:19:31.052  3746  3759 V native-activity: 		EGL_MAX_SWAP_INTERVAL: 1
04-13 01:19:31.052  3746  3759 V native-activity: 		EGL_MAX_PBUFFER_WIDTH: 16384
04-13 01:19:31.052  3746  3759 V native-activity: 		EGL_MAX_PBUFFER_HEIGHT: 16384
04-13 01:19:31.052  3746  3759 D native-activity: 	Config 0xee50dd70 index 24
04-13 01:19:31.052  3746  3759 V native-activity: 		EGL_CONFIG_ID: 6
04-13 01:19:31.052  3746  3759 V native-activity: 		EGL_CONFORMANT: 69 EGL_OPENGL_ES_BIT, EGL_OPENGL_ES2_BIT,
04-13 01:19:31.052  3746  3759 V native-activity: 		EGL_CONFIG_CAVEAT: 12344 EGL_NONE,
04-13 01:19:31.052  3746  3759 V native-activity: 		EGL_RENDERABLE_TYPE: 69 EGL_OPENGL_ES_BIT, EGL_OPENGL_ES2_BIT,
04-13 01:19:31.052  3746  3759 V native-activity: 		EGL_SURFACE_TYPE: 1445 EGL_PBUFFER_BIT, EGL_SWAP_BEHAVIOR_PRESERVED_BIT, EGL_VG_COLORSPACE_LINEAR_BIT, EGL_WINDOW_BIT,
04-13 01:19:31.052  3746  3759 V native-activity: 		EGL_LEVEL: 0
04-13 01:19:31.052  3746  3759 V native-activity: 		EGL_COLOR_BUFFER_TYPE: 12430 EGL_RGB_BUFFER,
04-13 01:19:31.052  3746  3759 V native-activity: 		EGL_BUFFER_SIZE: 24
04-13 01:19:31.052  3746  3759 V native-activity: 		EGL_SAMPLES: 0
04-13 01:19:31.052  3746  3759 V native-activity: 		EGL_SAMPLE_BUFFERS: 0
04-13 01:19:31.052  3746  3759 V native-activity: 		EGL_RED_SIZE: 8
04-13 01:19:31.052  3746  3759 V native-activity: 		EGL_GREEN_SIZE: 8
04-13 01:19:31.052  3746  3759 V native-activity: 		EGL_BLUE_SIZE: 8
04-13 01:19:31.052  3746  3759 V native-activity: 		EGL_ALPHA_SIZE: 0
04-13 01:19:31.052  3746  3759 V native-activity: 		EGL_ALPHA_MASK_SIZE: 0
04-13 01:19:31.052  3746  3759 V native-activity: 		EGL_LUMINANCE_SIZE: 0
04-13 01:19:31.052  3746  3759 V native-activity: 		EGL_TRANSPARENT_TYPE: 12344 EGL_NONE,
04-13 01:19:31.052  3746  3759 V native-activity: 		EGL_TRANSPARENT_RED_VALUE: -1
04-13 01:19:31.052  3746  3759 V native-activity: 		EGL_TRANSPARENT_GREEN_VALUE: -1
04-13 01:19:31.052  3746  3759 V native-activity: 		EGL_TRANSPARENT_BLUE_VALUE: -1
04-13 01:19:31.052  3746  3759 V native-activity: 		EGL_STENCIL_SIZE: 0
04-13 01:19:31.052  3746  3759 V native-activity: 		EGL_DEPTH_SIZE: 16
04-13 01:19:31.052  3746  3759 V native-activity: 		EGL_BIND_TO_TEXTURE_RGB: 1
04-13 01:19:31.052  3746  3759 V native-activity: 		EGL_BIND_TO_TEXTURE_RGBA: 0
04-13 01:19:31.052  3746  3759 V native-activity: 		EGL_MIN_SWAP_INTERVAL: 0
04-13 01:19:31.052  3746  3759 V native-activity: 		EGL_MAX_SWAP_INTERVAL: 1
04-13 01:19:31.052  3746  3759 V native-activity: 		EGL_MAX_PBUFFER_WIDTH: 16384
04-13 01:19:31.052  3746  3759 V native-activity: 		EGL_MAX_PBUFFER_HEIGHT: 16384
04-13 01:19:31.052  3746  3759 D native-activity: 	Config 0xee50e070 index 25
04-13 01:19:31.052  3746  3759 V native-activity: 		EGL_CONFIG_ID: 38
04-13 01:19:31.052  3746  3759 V native-activity: 		EGL_CONFORMANT: 69 EGL_OPENGL_ES_BIT, EGL_OPENGL_ES2_BIT,
04-13 01:19:31.052  3746  3759 V native-activity: 		EGL_CONFIG_CAVEAT: 12344 EGL_NONE,
04-13 01:19:31.052  3746  3759 V native-activity: 		EGL_RENDERABLE_TYPE: 69 EGL_OPENGL_ES_BIT, EGL_OPENGL_ES2_BIT,
04-13 01:19:31.052  3746  3759 V native-activity: 		EGL_SURFACE_TYPE: 1445 EGL_PBUFFER_BIT, EGL_SWAP_BEHAVIOR_PRESERVED_BIT, EGL_VG_COLORSPACE_LINEAR_BIT, EGL_WINDOW_BIT,
04-13 01:19:31.052  3746  3759 V native-activity: 		EGL_LEVEL: 0
04-13 01:19:31.052  3746  3759 V native-activity: 		EGL_COLOR_BUFFER_TYPE: 12430 EGL_RGB_BUFFER,
04-13 01:19:31.052  3746  3759 V native-activity: 		EGL_BUFFER_SIZE: 24
04-13 01:19:31.052  3746  3759 V native-activity: 		EGL_SAMPLES: 0
04-13 01:19:31.052  3746  3759 V native-activity: 		EGL_SAMPLE_BUFFERS: 0
04-13 01:19:31.052  3746  3759 V native-activity: 		EGL_RED_SIZE: 8
04-13 01:19:31.052  3746  3759 V native-activity: 		EGL_GREEN_SIZE: 8
04-13 01:19:31.052  3746  3759 V native-activity: 		EGL_BLUE_SIZE: 8
04-13 01:19:31.052  3746  3759 V native-activity: 		EGL_ALPHA_SIZE: 0
04-13 01:19:31.052  3746  3759 V native-activity: 		EGL_ALPHA_MASK_SIZE: 0
04-13 01:19:31.052  3746  3759 V native-activity: 		EGL_LUMINANCE_SIZE: 0
04-13 01:19:31.052  3746  3759 V native-activity: 		EGL_TRANSPARENT_TYPE: 12344 EGL_NONE,
04-13 01:19:31.052  3746  3759 V native-activity: 		EGL_TRANSPARENT_RED_VALUE: -1
04-13 01:19:31.052  3746  3759 V native-activity: 		EGL_TRANSPARENT_GREEN_VALUE: -1
04-13 01:19:31.052  3746  3759 V native-activity: 		EGL_TRANSPARENT_BLUE_VALUE: -1
04-13 01:19:31.052  3746  3759 V native-activity: 		EGL_STENCIL_SIZE: 0
04-13 01:19:31.052  3746  3759 V native-activity: 		EGL_DEPTH_SIZE: 16
04-13 01:19:31.052  3746  3759 V native-activity: 		EGL_BIND_TO_TEXTURE_RGB: 1
04-13 01:19:31.052  3746  3759 V native-activity: 		EGL_BIND_TO_TEXTURE_RGBA: 0
04-13 01:19:31.052  3746  3759 V native-activity: 		EGL_MIN_SWAP_INTERVAL: 0
04-13 01:19:31.052  3746  3759 V native-activity: 		EGL_MAX_SWAP_INTERVAL: 1
04-13 01:19:31.052  3746  3759 V native-activity: 		EGL_MAX_PBUFFER_WIDTH: 16384
04-13 01:19:31.052  3746  3759 V native-activity: 		EGL_MAX_PBUFFER_HEIGHT: 16384
04-13 01:19:31.052  3746  3759 D native-activity: 	Config 0xee50dd88 index 26
04-13 01:19:31.052  3746  3759 V native-activity: 		EGL_CONFIG_ID: 7
04-13 01:19:31.052  3746  3759 V native-activity: 		EGL_CONFORMANT: 69 EGL_OPENGL_ES_BIT, EGL_OPENGL_ES2_BIT,
04-13 01:19:31.052  3746  3759 V native-activity: 		EGL_CONFIG_CAVEAT: 12344 EGL_NONE,
04-13 01:19:31.052  3746  3759 V native-activity: 		EGL_RENDERABLE_TYPE: 69 EGL_OPENGL_ES_BIT, EGL_OPENGL_ES2_BIT,
04-13 01:19:31.052  3746  3759 V native-activity: 		EGL_SURFACE_TYPE: 1445 EGL_PBUFFER_BIT, EGL_SWAP_BEHAVIOR_PRESERVED_BIT, EGL_VG_COLORSPACE_LINEAR_BIT, EGL_WINDOW_BIT,
04-13 01:19:31.052  3746  3759 V native-activity: 		EGL_LEVEL: 0
04-13 01:19:31.052  3746  3759 V native-activity: 		EGL_COLOR_BUFFER_TYPE: 12430 EGL_RGB_BUFFER,
04-13 01:19:31.052  3746  3759 V native-activity: 		EGL_BUFFER_SIZE: 24
04-13 01:19:31.052  3746  3759 V native-activity: 		EGL_SAMPLES: 0
04-13 01:19:31.052  3746  3759 V native-activity: 		EGL_SAMPLE_BUFFERS: 0
04-13 01:19:31.052  3746  3759 V native-activity: 		EGL_RED_SIZE: 8
04-13 01:19:31.052  3746  3759 V native-activity: 		EGL_GREEN_SIZE: 8
04-13 01:19:31.052  3746  3759 V native-activity: 		EGL_BLUE_SIZE: 8
04-13 01:19:31.052  3746  3759 V native-activity: 		EGL_ALPHA_SIZE: 0
04-13 01:19:31.052  3746  3759 V native-activity: 		EGL_ALPHA_MASK_SIZE: 0
04-13 01:19:31.052  3746  3759 V native-activity: 		EGL_LUMINANCE_SIZE: 0
04-13 01:19:31.052  3746  3759 V native-activity: 		EGL_TRANSPARENT_TYPE: 12344 EGL_NONE,
04-13 01:19:31.052  3746  3759 V native-activity: 		EGL_TRANSPARENT_RED_VALUE: -1
04-13 01:19:31.052  3746  3759 V native-activity: 		EGL_TRANSPARENT_GREEN_VALUE: -1
04-13 01:19:31.052  3746  3759 V native-activity: 		EGL_TRANSPARENT_BLUE_VALUE: -1
04-13 01:19:31.052  3746  3759 V native-activity: 		EGL_STENCIL_SIZE: 8
04-13 01:19:31.052  3746  3759 V native-activity: 		EGL_DEPTH_SIZE: 24
04-13 01:19:31.052  3746  3759 V native-activity: 		EGL_BIND_TO_TEXTURE_RGB: 1
04-13 01:19:31.052  3746  3759 V native-activity: 		EGL_BIND_TO_TEXTURE_RGBA: 0
04-13 01:19:31.052  3746  3759 V native-activity: 		EGL_MIN_SWAP_INTERVAL: 0
04-13 01:19:31.052  3746  3759 V native-activity: 		EGL_MAX_SWAP_INTERVAL: 1
04-13 01:19:31.052  3746  3759 V native-activity: 		EGL_MAX_PBUFFER_WIDTH: 16384
04-13 01:19:31.052  3746  3759 V native-activity: 		EGL_MAX_PBUFFER_HEIGHT: 16384
04-13 01:19:31.052  3746  3759 D native-activity: 	Config 0xee50e088 index 27
04-13 01:19:31.052  3746  3759 V native-activity: 		EGL_CONFIG_ID: 39
04-13 01:19:31.052  3746  3759 V native-activity: 		EGL_CONFORMANT: 69 EGL_OPENGL_ES_BIT, EGL_OPENGL_ES2_BIT,
04-13 01:19:31.052  3746  3759 V native-activity: 		EGL_CONFIG_CAVEAT: 12344 EGL_NONE,
04-13 01:19:31.052  3746  3759 V native-activity: 		EGL_RENDERABLE_TYPE: 69 EGL_OPENGL_ES_BIT, EGL_OPENGL_ES2_BIT,
04-13 01:19:31.052  3746  3759 V native-activity: 		EGL_SURFACE_TYPE: 1445 EGL_PBUFFER_BIT, EGL_SWAP_BEHAVIOR_PRESERVED_BIT, EGL_VG_COLORSPACE_LINEAR_BIT, EGL_WINDOW_BIT,
04-13 01:19:31.052  3746  3759 V native-activity: 		EGL_LEVEL: 0
04-13 01:19:31.052  3746  3759 V native-activity: 		EGL_COLOR_BUFFER_TYPE: 12430 EGL_RGB_BUFFER,
04-13 01:19:31.052  3746  3759 V native-activity: 		EGL_BUFFER_SIZE: 24
04-13 01:19:31.052  3746  3759 V native-activity: 		EGL_SAMPLES: 0
04-13 01:19:31.052  3746  3759 V native-activity: 		EGL_SAMPLE_BUFFERS: 0
04-13 01:19:31.052  3746  3759 V native-activity: 		EGL_RED_SIZE: 8
04-13 01:19:31.052  3746  3759 V native-activity: 		EGL_GREEN_SIZE: 8
04-13 01:19:31.052  3746  3759 V native-activity: 		EGL_BLUE_SIZE: 8
04-13 01:19:31.052  3746  3759 V native-activity: 		EGL_ALPHA_SIZE: 0
04-13 01:19:31.052  3746  3759 V native-activity: 		EGL_ALPHA_MASK_SIZE: 0
04-13 01:19:31.052  3746  3759 V native-activity: 		EGL_LUMINANCE_SIZE: 0
04-13 01:19:31.052  3746  3759 V native-activity: 		EGL_TRANSPARENT_TYPE: 12344 EGL_NONE,
04-13 01:19:31.052  3746  3759 V native-activity: 		EGL_TRANSPARENT_RED_VALUE: -1
04-13 01:19:31.052  3746  3759 V native-activity: 		EGL_TRANSPARENT_GREEN_VALUE: -1
04-13 01:19:31.052  3746  3759 V native-activity: 		EGL_TRANSPARENT_BLUE_VALUE: -1
04-13 01:19:31.052  3746  3759 V native-activity: 		EGL_STENCIL_SIZE: 8
04-13 01:19:31.052  3746  3759 V native-activity: 		EGL_DEPTH_SIZE: 24
04-13 01:19:31.052  3746  3759 V native-activity: 		EGL_BIND_TO_TEXTURE_RGB: 1
04-13 01:19:31.052  3746  3759 V native-activity: 		EGL_BIND_TO_TEXTURE_RGBA: 0
04-13 01:19:31.052  3746  3759 V native-activity: 		EGL_MIN_SWAP_INTERVAL: 0
04-13 01:19:31.052  3746  3759 V native-activity: 		EGL_MAX_SWAP_INTERVAL: 1
04-13 01:19:31.052  3746  3759 V native-activity: 		EGL_MAX_PBUFFER_WIDTH: 16384
04-13 01:19:31.052  3746  3759 V native-activity: 		EGL_MAX_PBUFFER_HEIGHT: 16384
04-13 01:19:31.052  3746  3759 D native-activity: 	Config 0xee50de78 index 28
04-13 01:19:31.052  3746  3759 V native-activity: 		EGL_CONFIG_ID: 17
04-13 01:19:31.052  3746  3759 V native-activity: 		EGL_CONFORMANT: 69 EGL_OPENGL_ES_BIT, EGL_OPENGL_ES2_BIT,
04-13 01:19:31.052  3746  3759 V native-activity: 		EGL_CONFIG_CAVEAT: 12344 EGL_NONE,
04-13 01:19:31.052  3746  3759 V native-activity: 		EGL_RENDERABLE_TYPE: 69 EGL_OPENGL_ES_BIT, EGL_OPENGL_ES2_BIT,
04-13 01:19:31.052  3746  3759 V native-activity: 		EGL_SURFACE_TYPE: 1445 EGL_PBUFFER_BIT, EGL_SWAP_BEHAVIOR_PRESERVED_BIT, EGL_VG_COLORSPACE_LINEAR_BIT, EGL_WINDOW_BIT,
04-13 01:19:31.052  3746  3759 V native-activity: 		EGL_LEVEL: 0
04-13 01:19:31.052  3746  3759 V native-activity: 		EGL_COLOR_BUFFER_TYPE: 12430 EGL_RGB_BUFFER,
04-13 01:19:31.052  3746  3759 V native-activity: 		EGL_BUFFER_SIZE: 24
04-13 01:19:31.052  3746  3759 V native-activity: 		EGL_SAMPLES: 2
04-13 01:19:31.052  3746  3759 V native-activity: 		EGL_SAMPLE_BUFFERS: 1
04-13 01:19:31.052  3746  3759 V native-activity: 		EGL_RED_SIZE: 8
04-13 01:19:31.052  3746  3759 V native-activity: 		EGL_GREEN_SIZE: 8
04-13 01:19:31.052  3746  3759 V native-activity: 		EGL_BLUE_SIZE: 8
04-13 01:19:31.052  3746  3759 V native-activity: 		EGL_ALPHA_SIZE: 0
04-13 01:19:31.052  3746  3759 V native-activity: 		EGL_ALPHA_MASK_SIZE: 0
04-13 01:19:31.052  3746  3759 V native-activity: 		EGL_LUMINANCE_SIZE: 0
04-13 01:19:31.052  3746  3759 V native-activity: 		EGL_TRANSPARENT_TYPE: 12344 EGL_NONE,
04-13 01:19:31.052  3746  3759 V native-activity: 		EGL_TRANSPARENT_RED_VALUE: -1
04-13 01:19:31.052  3746  3759 V native-activity: 		EGL_TRANSPARENT_GREEN_VALUE: -1
04-13 01:19:31.052  3746  3759 V native-activity: 		EGL_TRANSPARENT_BLUE_VALUE: -1
04-13 01:19:31.052  3746  3759 V native-activity: 		EGL_STENCIL_SIZE: 0
04-13 01:19:31.052  3746  3759 V native-activity: 		EGL_DEPTH_SIZE: 0
04-13 01:19:31.052  3746  3759 V native-activity: 		EGL_BIND_TO_TEXTURE_RGB: 1
04-13 01:19:31.052  3746  3759 V native-activity: 		EGL_BIND_TO_TEXTURE_RGBA: 0
04-13 01:19:31.052  3746  3759 V native-activity: 		EGL_MIN_SWAP_INTERVAL: 0
04-13 01:19:31.052  3746  3759 V native-activity: 		EGL_MAX_SWAP_INTERVAL: 1
04-13 01:19:31.052  3746  3759 V native-activity: 		EGL_MAX_PBUFFER_WIDTH: 16384
04-13 01:19:31.052  3746  3759 V native-activity: 		EGL_MAX_PBUFFER_HEIGHT: 16384
04-13 01:19:31.052  3746  3759 D native-activity: 	Config 0xee50dec0 index 29
04-13 01:19:31.052  3746  3759 V native-activity: 		EGL_CONFIG_ID: 20
04-13 01:19:31.052  3746  3759 V native-activity: 		EGL_CONFORMANT: 69 EGL_OPENGL_ES_BIT, EGL_OPENGL_ES2_BIT,
04-13 01:19:31.052  3746  3759 V native-activity: 		EGL_CONFIG_CAVEAT: 12344 EGL_NONE,
04-13 01:19:31.052  3746  3759 V native-activity: 		EGL_RENDERABLE_TYPE: 69 EGL_OPENGL_ES_BIT, EGL_OPENGL_ES2_BIT,
04-13 01:19:31.052  3746  3759 V native-activity: 		EGL_SURFACE_TYPE: 1445 EGL_PBUFFER_BIT, EGL_SWAP_BEHAVIOR_PRESERVED_BIT, EGL_VG_COLORSPACE_LINEAR_BIT, EGL_WINDOW_BIT,
04-13 01:19:31.052  3746  3759 V native-activity: 		EGL_LEVEL: 0
04-13 01:19:31.052  3746  3759 V native-activity: 		EGL_COLOR_BUFFER_TYPE: 12430 EGL_RGB_BUFFER,
04-13 01:19:31.052  3746  3759 V native-activity: 		EGL_BUFFER_SIZE: 24
04-13 01:19:31.052  3746  3759 V native-activity: 		EGL_SAMPLES: 2
04-13 01:19:31.052  3746  3759 V native-activity: 		EGL_SAMPLE_BUFFERS: 1
04-13 01:19:31.052  3746  3759 V native-activity: 		EGL_RED_SIZE: 8
04-13 01:19:31.052  3746  3759 V native-activity: 		EGL_GREEN_SIZE: 8
04-13 01:19:31.052  3746  3759 V native-activity: 		EGL_BLUE_SIZE: 8
04-13 01:19:31.052  3746  3759 V native-activity: 		EGL_ALPHA_SIZE: 0
04-13 01:19:31.052  3746  3759 V native-activity: 		EGL_ALPHA_MASK_SIZE: 0
04-13 01:19:31.052  3746  3759 V native-activity: 		EGL_LUMINANCE_SIZE: 0
04-13 01:19:31.052  3746  3759 V native-activity: 		EGL_TRANSPARENT_TYPE: 12344 EGL_NONE,
04-13 01:19:31.052  3746  3759 V native-activity: 		EGL_TRANSPARENT_RED_VALUE: -1
04-13 01:19:31.052  3746  3759 V native-activity: 		EGL_TRANSPARENT_GREEN_VALUE: -1
04-13 01:19:31.052  3746  3759 V native-activity: 		EGL_TRANSPARENT_BLUE_VALUE: -1
04-13 01:19:31.052  3746  3759 V native-activity: 		EGL_STENCIL_SIZE: 8
04-13 01:19:31.052  3746  3759 V native-activity: 		EGL_DEPTH_SIZE: 0
04-13 01:19:31.052  3746  3759 V native-activity: 		EGL_BIND_TO_TEXTURE_RGB: 1
04-13 01:19:31.052  3746  3759 V native-activity: 		EGL_BIND_TO_TEXTURE_RGBA: 0
04-13 01:19:31.052  3746  3759 V native-activity: 		EGL_MIN_SWAP_INTERVAL: 0
04-13 01:19:31.052  3746  3759 V native-activity: 		EGL_MAX_SWAP_INTERVAL: 1
04-13 01:19:31.052  3746  3759 V native-activity: 		EGL_MAX_PBUFFER_WIDTH: 16384
04-13 01:19:31.052  3746  3759 V native-activity: 		EGL_MAX_PBUFFER_HEIGHT: 16384
04-13 01:19:31.052  3746  3759 D native-activity: 	Config 0xee50de90 index 30
04-13 01:19:31.052  3746  3759 V native-activity: 		EGL_CONFIG_ID: 18
04-13 01:19:31.052  3746  3759 V native-activity: 		EGL_CONFORMANT: 69 EGL_OPENGL_ES_BIT, EGL_OPENGL_ES2_BIT,
04-13 01:19:31.052  3746  3759 V native-activity: 		EGL_CONFIG_CAVEAT: 12344 EGL_NONE,
04-13 01:19:31.052  3746  3759 V native-activity: 		EGL_RENDERABLE_TYPE: 69 EGL_OPENGL_ES_BIT, EGL_OPENGL_ES2_BIT,
04-13 01:19:31.052  3746  3759 V native-activity: 		EGL_SURFACE_TYPE: 1445 EGL_PBUFFER_BIT, EGL_SWAP_BEHAVIOR_PRESERVED_BIT, EGL_VG_COLORSPACE_LINEAR_BIT, EGL_WINDOW_BIT,
04-13 01:19:31.052  3746  3759 V native-activity: 		EGL_LEVEL: 0
04-13 01:19:31.052  3746  3759 V native-activity: 		EGL_COLOR_BUFFER_TYPE: 12430 EGL_RGB_BUFFER,
04-13 01:19:31.052  3746  3759 V native-activity: 		EGL_BUFFER_SIZE: 24
04-13 01:19:31.052  3746  3759 V native-activity: 		EGL_SAMPLES: 2
04-13 01:19:31.052  3746  3759 V native-activity: 		EGL_SAMPLE_BUFFERS: 1
04-13 01:19:31.052  3746  3759 V native-activity: 		EGL_RED_SIZE: 8
04-13 01:19:31.052  3746  3759 V native-activity: 		EGL_GREEN_SIZE: 8
04-13 01:19:31.052  3746  3759 V native-activity: 		EGL_BLUE_SIZE: 8
04-13 01:19:31.052  3746  3759 V native-activity: 		EGL_ALPHA_SIZE: 0
04-13 01:19:31.052  3746  3759 V native-activity: 		EGL_ALPHA_MASK_SIZE: 0
04-13 01:19:31.052  3746  3759 V native-activity: 		EGL_LUMINANCE_SIZE: 0
04-13 01:19:31.052  3746  3759 V native-activity: 		EGL_TRANSPARENT_TYPE: 12344 EGL_NONE,
04-13 01:19:31.052  3746  3759 V native-activity: 		EGL_TRANSPARENT_RED_VALUE: -1
04-13 01:19:31.052  3746  3759 V native-activity: 		EGL_TRANSPARENT_GREEN_VALUE: -1
04-13 01:19:31.052  3746  3759 V native-activity: 		EGL_TRANSPARENT_BLUE_VALUE: -1
04-13 01:19:31.052  3746  3759 V native-activity: 		EGL_STENCIL_SIZE: 0
04-13 01:19:31.052  3746  3759 V native-activity: 		EGL_DEPTH_SIZE: 16
04-13 01:19:31.052  3746  3759 V native-activity: 		EGL_BIND_TO_TEXTURE_RGB: 1
04-13 01:19:31.052  3746  3759 V native-activity: 		EGL_BIND_TO_TEXTURE_RGBA: 0
04-13 01:19:31.052  3746  3759 V native-activity: 		EGL_MIN_SWAP_INTERVAL: 0
04-13 01:19:31.052  3746  3759 V native-activity: 		EGL_MAX_SWAP_INTERVAL: 1
04-13 01:19:31.052  3746  3759 V native-activity: 		EGL_MAX_PBUFFER_WIDTH: 16384
04-13 01:19:31.052  3746  3759 V native-activity: 		EGL_MAX_PBUFFER_HEIGHT: 16384
04-13 01:19:31.052  3746  3759 D native-activity: 	Config 0xee50dea8 index 31
04-13 01:19:31.052  3746  3759 V native-activity: 		EGL_CONFIG_ID: 19
04-13 01:19:31.052  3746  3759 V native-activity: 		EGL_CONFORMANT: 69 EGL_OPENGL_ES_BIT, EGL_OPENGL_ES2_BIT,
04-13 01:19:31.052  3746  3759 V native-activity: 		EGL_CONFIG_CAVEAT: 12344 EGL_NONE,
