04-13 01:19:08.932  3597  3627 I native-activity: Context 0xee531680 made current on surface 0xee5296c0, error 0x3000
04-13 01:19:08.932  3597  3627 I native-activity: GL information
04-13 01:19:08.932  3597  3627 I native-activity: 	Renderer: Adreno (TM) 530
04-13 01:19:08.932  3597  3627 I native-activity: 	Vendor: Qualcomm
04-13 01:19:08.932  3597  3627 I native-activity: 	Version: OpenGL ES 3.2 V@145.0 (GIT@I5bc0f577f9)
04-13 01:19:08.932  3597  3627 I native-activity: 	Shading Language: OpenGL ES GLSL ES 3.20
04-13 01:19:08.932  3597  3627 I native-activity: 	Extensions: GL_OES_EGL_image GL_OES_EGL_image_external GL_OES_EGL_sync GL_OES_vertex_half_float GL_OES_framebuffer_object GL_OES_rgb8_rgba8 GL_OES_compressed_ETC1_RGB8_texture GL_AMD_compressed_ATC_texture GL_KHR_texture_compression_astc_ldr GL_KHR_texture_compression_astc_hdr GL_OES_texture_compression_astc GL_OES_texture_npot GL_EXT_texture_filter_anisotropic GL_EXT_texture_format_BGRA8888 GL_OES_texture_3D GL_EXT_color_buffer_float GL_EXT_color_buffer_half_float GL_QCOM_alpha_test GL_OES_depth24 GL_OES_packed_depth_stencil GL_OES_depth_texture GL_OES_depth_texture_cube_map GL_EXT_sRGB GL_OES_texture_float GL_OES_texture_float_linear GL_OES_texture_half_float GL_OES_texture_half_float_linear GL_EXT_texture_type_2_10_10_10_REV GL_EXT_texture_sRGB_decode GL_OES_element_index_uint GL_EXT_copy_image GL_EXT_geometry_shader GL_EXT_tessellation_shader GL_OES_texture_stencil8 GL_EXT_shader_io_blocks GL_OES_shader_image_atomic GL_OES_sample_variables GL_EXT_texture_border_clamp GL_EXT_multisampled_render_to_textur
04-13 01:19:08.932  3597  3627 I native-activity: Frame 3 GL error is 0x0
04-13 01:19:08.932  3597  3627 I native-activity: Frame 3 time is 0.080ms
04-13 01:19:08.932   648   648 D libEGL  : eglInitialize EGLDisplay = 0x7ff9c80178
04-13 01:19:08.932  3597  3627 I native-activity: Swap 3 time is 4.560ms
04-13 01:19:08.932  3597  3627 I native-activity: Animating
04-13 01:19:08.952   648   648 D libEGL  : eglInitialize EGLDisplay = 0x7ff9c80178
04-13 01:19:08.962  3597  3627 I native-activity: Frame 4 GL error is 0x501
04-13 01:19:08.962  3597  3627 I native-activity: Frame 4 time is 33.211ms
04-13 01:19:08.972  3597  3627 I native-activity: Swap 4 time is 35.114ms
04-13 01:19:08.972  3597  3627 I native-activity: Animating
04-13 01:19:08.972  3597  3627 I native-activity: Frame 5 GL error is 0x0
04-13 01:19:08.972  3597  3627 I native-activity: Frame 5 time is 0.797ms
04-13 01:19:08.972  3597  3627 I native-activity: Swap 5 time is 1.515ms
04-13 01:19:08.972  3597  3627 I native-activity: Animating
04-13 01:19:08.982  3597  3627 I native-activity: Frame 6 GL error is 0x0
04-13 01:19:08.982  3597  3627 I native-activity: Frame 6 time is 14.159ms
04-13 01:19:08.982  3597  3627 I native-activity: Swap 6 time is 14.682ms
04-13 01:19:08.982  3597  3627 I native-activity: Animating
04-13 01:19:08.982  1434  2219 D MdnieScenarioControlService:  packageName : com.example.sonicdash_stage1    className : android.app.NativeActivity
04-13 01:19:09.002  3597  3627 I native-activity: Frame 7 GL error is 0x0
04-13 01:19:09.002  3597  3627 I native-activity: Frame 7 time is 15.980ms
04-13 01:19:09.002  3597  3627 I native-activity: Swap 7 time is 16.504ms
04-13 01:19:09.002  3597  3627 I native-activity: Animating
04-13 01:19:09.002  1434  6994 D GameManagerService: identifyGamePackage. com.example.sonicdash_stage1
04-13 01:19:09.012  3597  3627 I native-activity: Frame 8 GL error is 0x0
04-13 01:19:09.012  3597  3627 I native-activity: Frame 8 time is 16.137ms
04-13 01:19:09.022  3597  3627 I native-activity: Swap 8 time is 16.726ms
04-13 01:19:09.022  3597  3627 I native-activity: Animating
04-13 01:19:09.032  3597  3627 I native-activity: Frame 9 GL error is 0x0
04-13 01:19:09.032  3597  3627 I native-activity: Frame 9 time is 14.261ms
04-13 01:19:09.032  3597  3627 I native-activity: Swap 9 time is 15.059ms
04-13 01:19:09.032  3597  3627 I native-activity: Animating
04-13 01:19:09.032   648  3737 I SurfaceFlinger: id=3858 Removed tonicdash_s (7/11)
04-13 01:19:09.032   648   670 I SurfaceFlinger: id=3858 Removed tonicdash_s (-2/11)
04-13 01:19:09.052   648   648 D libEGL  : eglTerminate EGLDisplay = 0x7ff9c80278
04-13 01:19:09.052  3597  3627 I native-activity: Frame 10 GL error is 0x0
04-13 01:19:09.052  3597  3627 I native-activity: Frame 10 time is 16.385ms
04-13 01:19:09.052  3597  3627 I native-activity: Swap 10 time is 17.152ms
04-13 01:19:09.052  3597  3627 I native-activity: Animating
04-13 01:19:09.052  1434  1612 I Timeline: Timeline: Activity_windows_visible id: ActivityRecord{9cfe45 u0 com.example.sonicdash_stage1/android.app.NativeActivity t1458} time:196029498
04-13 01:19:09.052  1434  1612 D CustomFrequencyManagerService: releaseDVFSLockLocked : Getting Lock type frm List : DVFS_MIN_LIMIT  frequency : 1555200  uid : 1000  pid : 1434  tag : ACTIVITY_RESUME_BOOSTER@14
04-13 01:19:09.052  1434  1612 D ActivityManager: mDVFSHelper.release()
04-13 01:19:09.062  3597  3627 I native-activity: Frame 11 GL error is 0x0
04-13 01:19:09.062  3597  3627 I native-activity: Frame 11 time is 15.527ms
04-13 01:19:09.072  2590  2590 D Launcher.HomeView: onStop
04-13 01:19:09.072  3597  3627 I native-activity: Swap 11 time is 17.994ms
04-13 01:19:09.072  3597  3627 I native-activity: Animating
04-13 01:19:09.072  2590  2590 D capture : ----destroy
04-13 01:19:09.072  1434  1612 D KnoxTimeoutHandler: notifyActivityDrawn [MsgParam] userId: 0 fullscreen is true showWhenlocked is false
04-13 01:19:09.072  1434  1434 D KnoxTimeoutHandler: activityDrawn [MsgParam] userId: 0 fullscreen is true showWhenlocked is false
04-13 01:19:09.082  1434  1434 I KnoxTimeoutHandler: SD activityfalse
04-13 01:19:09.082  3597  3627 I native-activity: Frame 12 GL error is 0x0
04-13 01:19:09.082  3597  3627 I native-activity: Frame 12 time is 13.925ms
04-13 01:19:09.082  3597  3627 I native-activity: Swap 12 time is 14.657ms
04-13 01:19:09.082  2590  2590 D Launcher: onTrimMemory. Level: 20
04-13 01:19:09.082  3597  3627 I native-activity: Animating
04-13 01:19:09.082  1434  2164 D NetworkPolicy: isUidForegroundLocked: 10078, mScreenOn: true, uidstate: 3, mProxSensorScreenOff: false
04-13 01:19:09.082  1434  1531 D CustomFrequencyManagerService: acquireDVFSLockLocked : type : DVFS_MIN_LIMIT  frequency : 1555200  uid : 1000  pid : 1434  pkgName : ACTIVITY_RESUME_BOOSTER@20
04-13 01:19:09.082  2590  2590 V ActivityThread: updateVisibility : ActivityRecord{46ba7e token=android.os.BinderProxy@15e180a {com.sec.android.app.launcher/com.sec.android.app.launcher.activities.LauncherActivity}} show : false
04-13 01:19:09.082  1434  2219 I MdnieScenarioControlService: mGameModeLauncher : false
04-13 01:19:09.092  1434  2219 I MdnieScenarioControlService: setUIMode
04-13 01:19:09.102  3597  3627 I native-activity: Frame 13 GL error is 0x0
04-13 01:19:09.102  3597  3627 I native-activity: Frame 13 time is 15.877ms
04-13 01:19:09.102  3597  3627 I native-activity: Swap 13 time is 16.791ms
04-13 01:19:09.102  3597  3627 I native-activity: Animating
04-13 01:19:09.112  3597  3627 I native-activity: Frame 14 GL error is 0x0
04-13 01:19:09.112  3597  3627 I native-activity: Frame 14 time is 15.532ms
04-13 01:19:09.112  3597  3627 I native-activity: Swap 14 time is 16.116ms
04-13 01:19:09.112  3597  3627 I native-activity: Animating
04-13 01:19:09.112   648  3139 I SurfaceFlinger: id=3857 Removed MauncherAct (3/10)
04-13 01:19:09.112   648   670 I SurfaceFlinger: id=3857 Removed MauncherAct (-2/10)
04-13 01:19:09.122 30475 30475 D ImageWallpaper: onVisibilityChanged:false
04-13 01:19:09.122 30475 30475 D ImageWallpaper: drawFrame
04-13 01:19:09.122 30475 30475 D ImageWallpaper: drawFrame:false rotation:0 mLastRotation:0
04-13 01:19:09.122 30475 30475 D ImageWallpaper: drawFrame:[frame.width()]2240[frame.height()]2560
04-13 01:19:09.122 30475 30475 D ImageWallpaper: Suppressed drawFrame since redraw is not needed and offsets have not changed.
04-13 01:19:09.132   648   648 D libEGL  : eglTerminate EGLDisplay = 0x7ff9c80278
04-13 01:19:09.132  3597  3627 I native-activity: Frame 15 GL error is 0x0
04-13 01:19:09.132  3597  3627 I native-activity: Frame 15 time is 18.074ms
04-13 01:19:09.132  3597  3627 I native-activity: Swap 15 time is 18.824ms
04-13 01:19:09.132  3597  3627 I native-activity: Animating
04-13 01:19:09.152  3597  3627 I native-activity: Frame 16 GL error is 0x0
04-13 01:19:09.152  3597  3627 I native-activity: Frame 16 time is 13.735ms
04-13 01:19:09.152  3597  3627 I native-activity: Swap 16 time is 14.391ms
04-13 01:19:09.152  3597  3627 I native-activity: Animating
04-13 01:19:09.162  3597  3627 I native-activity: Frame 17 GL error is 0x0
04-13 01:19:09.162  3597  3627 I native-activity: Frame 17 time is 15.906ms
04-13 01:19:09.162  3597  3627 I native-activity: Swap 17 time is 16.591ms
04-13 01:19:09.162  3597  3627 I native-activity: Animating
04-13 01:19:09.182  3597  3627 I native-activity: Frame 18 GL error is 0x0
04-13 01:19:09.182  3597  3627 I native-activity: Frame 18 time is 16.080ms
04-13 01:19:09.182  3597  3627 I native-activity: Swap 18 time is 16.692ms
04-13 01:19:09.182  3597  3627 I native-activity: Animating
04-13 01:19:09.202  3597  3627 I native-activity: Frame 19 GL error is 0x0
04-13 01:19:09.202  3597  3627 I native-activity: Frame 19 time is 16.205ms
04-13 01:19:09.202  3597  3627 I native-activity: Swap 19 time is 16.951ms
04-13 01:19:09.202  3597  3627 I native-activity: Animating
04-13 01:19:09.212  3597  3627 I native-activity: Frame 20 GL error is 0x0
04-13 01:19:09.212  3597  3627 I native-activity: Frame 20 time is 15.670ms
04-13 01:19:09.212  3597  3627 I native-activity: Swap 20 time is 16.228ms
04-13 01:19:09.212  3597  3627 I native-activity: Animating
04-13 01:19:09.232  3597  3627 I native-activity: Frame 21 GL error is 0x0
04-13 01:19:09.232  3597  3627 I native-activity: Frame 21 time is 16.336ms
04-13 01:19:09.232  3597  3627 I native-activity: Swap 21 time is 16.903ms
04-13 01:19:09.232  3597  3627 I native-activity: Animating
04-13 01:19:09.252  3597  3627 I native-activity: Frame 22 GL error is 0x0
04-13 01:19:09.252  3597  3627 I native-activity: Frame 22 time is 15.909ms
04-13 01:19:09.252  3597  3627 I native-activity: Swap 22 time is 16.557ms
04-13 01:19:09.252  3597  3627 I native-activity: Animating
04-13 01:19:09.262  3597  3627 I native-activity: Frame 23 GL error is 0x0
04-13 01:19:09.262  3597  3627 I native-activity: Frame 23 time is 15.908ms
04-13 01:19:09.262  3597  3627 I native-activity: Swap 23 time is 16.510ms
04-13 01:19:09.262  3597  3627 I native-activity: Animating
04-13 01:19:09.282  3597  3627 I native-activity: Frame 24 GL error is 0x0
04-13 01:19:09.282  3597  3627 I native-activity: Frame 24 time is 16.033ms
04-13 01:19:09.282  3597  3627 I native-activity: Swap 24 time is 16.685ms
04-13 01:19:09.282  3597  3627 I native-activity: Animating
04-13 01:19:09.302  3597  3627 I native-activity: Frame 25 GL error is 0x0
04-13 01:19:09.302  3597  3627 I native-activity: Frame 25 time is 16.021ms
04-13 01:19:09.302  3597  3627 I native-activity: Swap 25 time is 16.637ms
04-13 01:19:09.302  3597  3627 I native-activity: Animating
04-13 01:19:09.312  3597  3627 I native-activity: Frame 26 GL error is 0x0
04-13 01:19:09.312  3597  3627 I native-activity: Frame 26 time is 16.047ms
04-13 01:19:09.312  3597  3627 I native-activity: Swap 26 time is 16.594ms
04-13 01:19:09.312  3597  3627 I native-activity: Animating
04-13 01:19:09.332  3597  3627 I native-activity: Frame 27 GL error is 0x0
04-13 01:19:09.332  3597  3627 I native-activity: Frame 27 time is 16.175ms
04-13 01:19:09.332  3597  3627 I native-activity: Swap 27 time is 16.780ms
04-13 01:19:09.332  3597  3627 I native-activity: Animating
04-13 01:19:09.342  1434  2219 D MdnieScenarioControlService:  packageName : com.example.sonicdash_stage1    className : android.app.NativeActivity
04-13 01:19:09.352  3597  3627 I native-activity: Frame 28 GL error is 0x0
04-13 01:19:09.352  3597  3627 I native-activity: Frame 28 time is 16.001ms
04-13 01:19:09.352  3597  3627 I native-activity: Swap 28 time is 16.603ms
04-13 01:19:09.352  3597  3627 I native-activity: Animating
04-13 01:19:09.362  3597  3627 I native-activity: Frame 29 GL error is 0x0
04-13 01:19:09.362  3597  3627 I native-activity: Frame 29 time is 15.992ms
04-13 01:19:09.362  3597  3627 I native-activity: Swap 29 time is 16.661ms
04-13 01:19:09.372  3597  3627 I native-activity: Animating
04-13 01:19:09.382  1434  1434 D CustomFrequencyManagerService: releaseDVFSLockLocked : Getting Lock type frm List : DVFS_MIN_LIMIT  frequency : 1555200  uid : 1000  pid : 1434  tag : ACTIVITY_RESUME_BOOSTER@20
04-13 01:19:09.392  3597  3627 I native-activity: Frame 30 GL error is 0x0
04-13 01:19:09.392  3597  3627 I native-activity: Frame 30 time is 21.382ms
04-13 01:19:09.392  3597  3627 I native-activity: Swap 30 time is 24.821ms
04-13 01:19:09.392  3597  3627 I native-activity: Animating
04-13 01:19:09.402  3597  3627 I native-activity: Frame 31 GL error is 0x0
04-13 01:19:09.402  3597  3627 I native-activity: Frame 31 time is 12.545ms
04-13 01:19:09.402  3597  3627 I native-activity: Swap 31 time is 13.428ms
04-13 01:19:09.402  3597  3627 I native-activity: Animating
04-13 01:19:09.442  3597  3627 I native-activity: Frame 32 GL error is 0x0
04-13 01:19:09.442  3597  3627 I native-activity: Frame 32 time is 31.540ms
04-13 01:19:09.442  3597  3627 I native-activity: Swap 32 time is 33.200ms
04-13 01:19:09.442  1434  2219 I MdnieScenarioControlService: mGameModeLauncher : false
04-13 01:19:09.442  3597  3627 I native-activity: Animating
04-13 01:19:09.442  1434  2219 I MdnieScenarioControlService: setUIMode
04-13 01:19:09.462  3597  3627 I native-activity: Frame 33 GL error is 0x0
04-13 01:19:09.462  3597  3627 I native-activity: Frame 33 time is 20.656ms
04-13 01:19:09.462  3597  3627 I native-activity: Swap 33 time is 22.229ms
04-13 01:19:09.462  3597  3627 I native-activity: Animating
04-13 01:19:09.542  3597  3627 I native-activity: Frame 34 GL error is 0x0
04-13 01:19:09.542  3597  3627 I native-activity: Frame 34 time is 82.451ms
04-13 01:19:09.552  3597  3627 I native-activity: Swap 34 time is 86.925ms
04-13 01:19:09.552  3597  3627 I native-activity: Animating
04-13 01:19:09.572  3597  3627 I native-activity: Frame 35 GL error is 0x0
04-13 01:19:09.572  3597  3627 I native-activity: Frame 35 time is 18.561ms
04-13 01:19:09.572  3597  3627 I native-activity: Swap 35 time is 19.614ms
04-13 01:19:09.572  3597  3627 I native-activity: Animating
04-13 01:19:09.602  3597  3627 I native-activity: Frame 36 GL error is 0x501
04-13 01:19:09.602  3597  3627 I native-activity: Frame 36 time is 35.348ms
04-13 01:19:09.602  3597  3627 I native-activity: Swap 36 time is 36.408ms
04-13 01:19:09.602  3597  3627 I native-activity: Animating
04-13 01:19:09.612  3597  3627 I native-activity: Frame 37 GL error is 0x501
04-13 01:19:09.612  3597  3627 I native-activity: Frame 37 time is 7.458ms
04-13 01:19:09.612  3597  3627 I native-activity: Swap 37 time is 8.687ms
04-13 01:19:09.612  3597  3627 I native-activity: Animating
04-13 01:19:09.622  3597  3627 I native-activity: Frame 38 GL error is 0x501
04-13 01:19:09.622  3597  3627 I native-activity: Frame 38 time is 9.869ms
04-13 01:19:09.622  3597  3627 I native-activity: Swap 38 time is 12.215ms
04-13 01:19:09.622  3597  3627 I native-activity: Animating
04-13 01:19:09.632  3597  3627 I native-activity: Frame 39 GL error is 0x0
04-13 01:19:09.632  3597  3627 I native-activity: Frame 39 time is 9.334ms
04-13 01:19:09.632  3597  3627 I native-activity: Swap 39 time is 10.246ms
04-13 01:19:09.632  3597  3627 I native-activity: Animating
04-13 01:19:09.652  3597  3627 I native-activity: Frame 40 GL error is 0x0
04-13 01:19:09.652  3597  3627 I native-activity: Frame 40 time is 16.451ms
04-13 01:19:09.652  3597  3627 I native-activity: Swap 40 time is 18.135ms
04-13 01:19:09.652  3597  3627 I native-activity: Animating
04-13 01:19:09.672  3597  3627 I native-activity: Frame 41 GL error is 0x0
04-13 01:19:09.672  3597  3627 I native-activity: Frame 41 time is 14.595ms
04-13 01:19:09.672  3597  3627 I native-activity: Swap 41 time is 15.813ms
04-13 01:19:09.672  3597  3627 I native-activity: Animating
04-13 01:19:09.682  3597  3627 I native-activity: Frame 42 GL error is 0x0
04-13 01:19:09.682  3597  3627 I native-activity: Frame 42 time is 15.885ms
04-13 01:19:09.692  3597  3627 I native-activity: Swap 42 time is 17.008ms
04-13 01:19:09.692  3597  3627 I native-activity: Animating
04-13 01:19:09.702  3597  3627 I native-activity: Frame 43 GL error is 0x0
04-13 01:19:09.702  3597  3627 I native-activity: Frame 43 time is 15.811ms
04-13 01:19:09.702  3597  3627 I native-activity: Swap 43 time is 18.145ms
04-13 01:19:09.702  2381  2381 D Recents : onTaskStackChanged
04-13 01:19:09.702  3597  3627 I native-activity: Animating
04-13 01:19:09.722  3597  3627 I native-activity: Frame 44 GL error is 0x0
04-13 01:19:09.722  3597  3627 I native-activity: Frame 44 time is 14.936ms
04-13 01:19:09.722  3597  3627 I native-activity: Swap 44 time is 16.236ms
04-13 01:19:09.722  3597  3627 I native-activity: Animating
04-13 01:19:09.752  3597  3627 I native-activity: Frame 45 GL error is 0x501
04-13 01:19:09.752  3597  3627 I native-activity: Frame 45 time is 28.581ms
04-13 01:19:09.752  3597  3627 I native-activity: Swap 45 time is 30.649ms
04-13 01:19:09.752  3597  3627 I native-activity: Animating
04-13 01:19:09.772  3597  3627 I native-activity: Frame 46 GL error is 0x501
04-13 01:19:09.772  3597  3627 I native-activity: Frame 46 time is 14.938ms
04-13 01:19:09.772  3597  3627 I native-activity: Swap 46 time is 16.427ms
04-13 01:19:09.772  3597  3627 I native-activity: Animating
04-13 01:19:09.782  3597  3627 I native-activity: Frame 47 GL error is 0x501
04-13 01:19:09.782  3597  3627 I native-activity: Frame 47 time is 10.408ms
04-13 01:19:09.782  3597  3627 I native-activity: Swap 47 time is 11.726ms
04-13 01:19:09.782  3597  3627 I native-activity: Animating
04-13 01:19:09.782  3597  3627 I native-activity: Frame 48 GL error is 0x0
04-13 01:19:09.782  3597  3627 I native-activity: Frame 48 time is 3.493ms
04-13 01:19:09.782  3597  3627 I native-activity: Swap 48 time is 4.409ms
04-13 01:19:09.782  3597  3627 I native-activity: Animating
04-13 01:19:09.802  3597  3627 I native-activity: Frame 49 GL error is 0x0
04-13 01:19:09.802  3597  3627 I native-activity: Frame 49 time is 16.629ms
04-13 01:19:09.802  3597  3627 I native-activity: Swap 49 time is 18.033ms
04-13 01:19:09.802  3597  3627 I native-activity: Animating
04-13 01:19:09.822  3597  3627 I native-activity: Frame 50 GL error is 0x0
04-13 01:19:09.822  3597  3627 I native-activity: Frame 50 time is 15.596ms
04-13 01:19:09.822  3597  3627 I native-activity: Swap 50 time is 18.163ms
04-13 01:19:09.822  3597  3627 I native-activity: Animating
04-13 01:19:09.842  3597  3627 I native-activity: Frame 51 GL error is 0x0
04-13 01:19:09.842  3597  3627 I native-activity: Frame 51 time is 15.672ms
04-13 01:19:09.842  3597  3627 I native-activity: Swap 51 time is 17.783ms
04-13 01:19:09.842  3597  3627 I native-activity: Animating
04-13 01:19:09.852  3597  3627 I native-activity: Frame 52 GL error is 0x0
04-13 01:19:09.852  3597  3627 I native-activity: Frame 52 time is 12.376ms
04-13 01:19:09.852  3597  3627 I native-activity: Swap 52 time is 14.513ms
04-13 01:19:09.852  3597  3627 I native-activity: Animating
04-13 01:19:09.872  3597  3627 I native-activity: Frame 53 GL error is 0x0
04-13 01:19:09.872  3597  3627 I native-activity: Frame 53 time is 15.385ms
04-13 01:19:09.872  3597  3627 I native-activity: Swap 53 time is 17.891ms
04-13 01:19:09.872  3597  3627 I native-activity: Animating
04-13 01:19:09.892  3597  3627 I native-activity: Frame 54 GL error is 0x0
04-13 01:19:09.892  3597  3627 I native-activity: Frame 54 time is 14.120ms
04-13 01:19:09.892  3597  3627 I native-activity: Swap 54 time is 16.578ms
04-13 01:19:09.892  3597  3627 I native-activity: Animating
04-13 01:19:09.912  3597  3627 I native-activity: Frame 55 GL error is 0x0
04-13 01:19:09.912  3597  3627 I native-activity: Frame 55 time is 15.618ms
04-13 01:19:09.912  3597  3627 I native-activity: Swap 55 time is 18.683ms
04-13 01:19:09.912  3597  3627 I native-activity: Animating
04-13 01:19:09.922  3597  3627 I native-activity: Frame 56 GL error is 0x0
04-13 01:19:09.922  3597  3627 I native-activity: Frame 56 time is 9.418ms
04-13 01:19:09.922  3597  3627 I native-activity: Swap 56 time is 13.083ms
04-13 01:19:09.922  3597  3627 I native-activity: Animating
04-13 01:19:09.942  3597  3627 I native-activity: Frame 57 GL error is 0x0
04-13 01:19:09.942  3597  3627 I native-activity: Frame 57 time is 15.123ms
04-13 01:19:09.942  3597  3627 I native-activity: Swap 57 time is 18.007ms
04-13 01:19:09.942  3597  3627 I native-activity: Animating
04-13 01:19:09.952  3597  3627 I native-activity: Frame 58 GL error is 0x0
04-13 01:19:09.952  3597  3627 I native-activity: Frame 58 time is 13.403ms
04-13 01:19:09.962  3597  3627 I native-activity: Swap 58 time is 16.089ms
04-13 01:19:09.962  3597  3627 I native-activity: Animating
04-13 01:19:09.972  3597  3627 I native-activity: Frame 59 GL error is 0x0
04-13 01:19:09.972  3597  3627 I native-activity: Frame 59 time is 10.804ms
04-13 01:19:09.972  3597  3627 I native-activity: Swap 59 time is 12.822ms
04-13 01:19:09.972  3597  3627 I native-activity: Animating
04-13 01:19:09.992  3597  3627 I native-activity: Frame 60 GL error is 0x0
04-13 01:19:09.992  3597  3627 I native-activity: Frame 60 time is 15.540ms
04-13 01:19:09.992  3597  3627 I native-activity: Swap 60 time is 17.771ms
04-13 01:19:09.992  3597  3627 I native-activity: Animating
04-13 01:19:10.002  3597  3627 I native-activity: Frame 61 GL error is 0x0
04-13 01:19:10.002  3597  3627 I native-activity: Frame 61 time is 12.455ms
04-13 01:19:10.002  3597  3627 I native-activity: Swap 61 time is 14.225ms
04-13 01:19:10.002  3597  3627 I native-activity: Animating
04-13 01:19:10.022  3597  3627 I native-activity: Frame 62 GL error is 0x0
04-13 01:19:10.022  3597  3627 I native-activity: Frame 62 time is 16.164ms
04-13 01:19:10.022  3597  3627 I native-activity: Swap 62 time is 18.500ms
04-13 01:19:10.022  3597  3627 I native-activity: Animating
04-13 01:19:10.042  3597  3627 I native-activity: Frame 63 GL error is 0x0
04-13 01:19:10.042  3597  3627 I native-activity: Frame 63 time is 15.127ms
04-13 01:19:10.042  3597  3627 I native-activity: Swap 63 time is 17.860ms
04-13 01:19:10.042  3597  3627 I native-activity: Animating
04-13 01:19:10.052  3597  3627 I native-activity: Frame 64 GL error is 0x0
04-13 01:19:10.062  3597  3627 I native-activity: Frame 64 time is 14.030ms
04-13 01:19:10.062  3597  3627 I native-activity: Swap 64 time is 16.564ms
04-13 01:19:10.062  3597  3627 I native-activity: Animating
04-13 01:19:10.072  3597  3627 I native-activity: Frame 65 GL error is 0x0
04-13 01:19:10.072  3597  3627 I native-activity: Frame 65 time is 14.419ms
04-13 01:19:10.082  3597  3627 I native-activity: Swap 65 time is 18.083ms
04-13 01:19:10.082  3597  3627 I native-activity: Animating
04-13 01:19:10.092  3597  3627 I native-activity: Frame 66 GL error is 0x0
04-13 01:19:10.092  3597  3627 I native-activity: Frame 66 time is 11.500ms
04-13 01:19:10.092  3597  3627 I native-activity: Swap 66 time is 14.690ms
04-13 01:19:10.092  3597  3627 I native-activity: Animating
04-13 01:19:10.112  3597  3627 I native-activity: Frame 67 GL error is 0x0
04-13 01:19:10.112  3597  3627 I native-activity: Frame 67 time is 14.643ms
04-13 01:19:10.112  3597  3627 I native-activity: Swap 67 time is 17.299ms
04-13 01:19:10.112  3597  3627 I native-activity: Animating
04-13 01:19:10.122 30475 30525 D NetworkController.MobileSignalController(0/1): onSignalStrengthsChanged signalStrength=SignalStrength: 99 99 -120 -160 -120 -1 -1 15 -116 -12 44 -1 2147483647 0x1000 gsm|lte level=1
04-13 01:19:10.122 30475 30525 D NetworkController.MobileSignalController(0/1): getMobileIconGroup(): 13
04-13 01:19:10.122 30475 30525 D NetworkController.MobileSignalController(0/1): updateATTMobileIconGroup(): 13
04-13 01:19:10.122  3597  3627 I native-activity: Frame 68 GL error is 0x0
04-13 01:19:10.122  3597  3627 I native-activity: Frame 68 time is 14.042ms
04-13 01:19:10.132  3597  3627 I native-activity: Swap 68 time is 16.596ms
04-13 01:19:10.132  3597  3627 I native-activity: Animating
04-13 01:19:10.132  1434  2207 D EPDG -- [SMARTWIFI]: onSignalStrengthsChanged: Received signal strength change, phone type is: 1
04-13 01:19:10.132  1434  4692 D EPDG -- [SMARTWIFI]: lastLteRSRP is -115currentLteRSRP is -116
04-13 01:19:10.132  1434  4692 D EPDG -- [SMARTWIFI]: lastCdmaDb is -16currentCdmaDb is -16
04-13 01:19:10.132  1434  4692 V EPDG -- [SMARTWIFI]: Radio oldest entry removed
04-13 01:19:10.132  1434  4692 V EPDG -- [SMARTWIFI]: New entry : (SignalStrength: 99 99 -120 -160 -120 -1 -1 15 -116 -12 44 -1 2147483647 0x1000 gsm|lte : 0 )
04-13 01:19:10.132  1434  4692 V EPDG -- [SMARTWIFI]: Radio entry added
04-13 01:19:10.142  3597  3627 I native-activity: Frame 69 GL error is 0x0
04-13 01:19:10.142  3597  3627 I native-activity: Frame 69 time is 10.570ms
04-13 01:19:10.142  3597  3627 I native-activity: Swap 69 time is 11.943ms
04-13 01:19:10.142  3597  3627 I native-activity: Animating
04-13 01:19:10.152  3597  3627 I native-activity: Frame 70 GL error is 0x0
04-13 01:19:10.152  3597  3627 I native-activity: Frame 70 time is 13.759ms
04-13 01:19:10.152  3597  3627 I native-activity: Swap 70 time is 15.074ms
04-13 01:19:10.152  3597  3627 I native-activity: Animating
04-13 01:19:10.172  3597  3627 I native-activity: Frame 71 GL error is 0x0
04-13 01:19:10.172  3597  3627 I native-activity: Frame 71 time is 15.833ms
04-13 01:19:10.172  3597  3627 I native-activity: Swap 71 time is 17.495ms
04-13 01:19:10.172  3597  3627 I native-activity: Animating
04-13 01:19:10.192  3597  3627 I native-activity: Frame 72 GL error is 0x0
04-13 01:19:10.192  3597  3627 I native-activity: Frame 72 time is 16.856ms
04-13 01:19:10.192  3597  3627 I native-activity: Swap 72 time is 20.436ms
04-13 01:19:10.192  3597  3627 I native-activity: Animating
04-13 01:19:10.212  3597  3627 I native-activity: Frame 73 GL error is 0x0
04-13 01:19:10.212  3597  3627 I native-activity: Frame 73 time is 13.089ms
04-13 01:19:10.212  3597  3627 I native-activity: Swap 73 time is 16.247ms
04-13 01:19:10.212  3597  3627 I native-activity: Animating
04-13 01:19:10.222  3597  3627 I native-activity: Frame 74 GL error is 0x0
04-13 01:19:10.222  3597  3627 I native-activity: Frame 74 time is 13.045ms
04-13 01:19:10.232  3597  3627 I native-activity: Swap 74 time is 15.745ms
04-13 01:19:10.232  3597  3627 I native-activity: Animating
04-13 01:19:10.242  3597  3627 I native-activity: Frame 75 GL error is 0x0
04-13 01:19:10.242  3597  3627 I native-activity: Frame 75 time is 13.367ms
04-13 01:19:10.242  3597  3627 I native-activity: Swap 75 time is 16.149ms
04-13 01:19:10.242  3597  3627 I native-activity: Animating
04-13 01:19:10.262  3597  3627 I native-activity: Frame 76 GL error is 0x0
04-13 01:19:10.262  3597  3627 I native-activity: Frame 76 time is 13.842ms
04-13 01:19:10.262  3597  3627 I native-activity: Swap 76 time is 15.241ms
04-13 01:19:10.262  3597  3627 I native-activity: Animating
04-13 01:19:10.272  3597  3627 I native-activity: Frame 77 GL error is 0x0
04-13 01:19:10.272  3597  3627 I native-activity: Frame 77 time is 17.311ms
04-13 01:19:10.282  3597  3627 I native-activity: Swap 77 time is 20.127ms
04-13 01:19:10.282  3597  3627 I native-activity: Animating
04-13 01:19:10.292  3597  3627 I native-activity: Frame 78 GL error is 0x0
04-13 01:19:10.292  3597  3627 I native-activity: Frame 78 time is 9.930ms
04-13 01:19:10.292  3597  3627 I native-activity: Swap 78 time is 12.347ms
04-13 01:19:10.292  3597  3627 I native-activity: Animating
04-13 01:19:10.312  3597  3627 I native-activity: Frame 79 GL error is 0x0
04-13 01:19:10.312  3597  3627 I native-activity: Frame 79 time is 14.239ms
04-13 01:19:10.312  3597  3627 I native-activity: Swap 79 time is 16.773ms
04-13 01:19:10.312  3597  3627 I native-activity: Animating
04-13 01:19:10.322  3597  3627 I native-activity: Frame 80 GL error is 0x0
04-13 01:19:10.322  3597  3627 I native-activity: Frame 80 time is 12.862ms
04-13 01:19:10.322  3597  3627 I native-activity: Swap 80 time is 15.537ms
04-13 01:19:10.322  3597  3627 I native-activity: Animating
04-13 01:19:10.342  3597  3627 I native-activity: Frame 81 GL error is 0x0
04-13 01:19:10.342  3597  3627 I native-activity: Frame 81 time is 14.436ms
04-13 01:19:10.342  3597  3627 I native-activity: Swap 81 time is 17.366ms
04-13 01:19:10.342  3597  3627 I native-activity: Animating
04-13 01:19:10.362  3597  3627 I native-activity: Frame 82 GL error is 0x0
04-13 01:19:10.362  3597  3627 I native-activity: Frame 82 time is 15.755ms
04-13 01:19:10.362  3597  3627 I native-activity: Swap 82 time is 19.735ms
04-13 01:19:10.362  3597  3627 I native-activity: Animating
04-13 01:19:10.372  3597  3627 I native-activity: Frame 83 GL error is 0x0
04-13 01:19:10.372  3597  3627 I native-activity: Frame 83 time is 10.449ms
04-13 01:19:10.382  3597  3627 I native-activity: Swap 83 time is 13.278ms
04-13 01:19:10.382  3597  3627 I native-activity: Animating
04-13 01:19:10.392  3597  3627 I native-activity: Frame 84 GL error is 0x0
04-13 01:19:10.392  3597  3627 I native-activity: Frame 84 time is 11.501ms
04-13 01:19:10.392  3597  3627 I native-activity: Swap 84 time is 13.197ms
04-13 01:19:10.392  3597  3627 I native-activity: Animating
04-13 01:19:10.402  3597  3627 I native-activity: Frame 85 GL error is 0x0
04-13 01:19:10.402  3597  3627 I native-activity: Frame 85 time is 14.731ms
04-13 01:19:10.412  3597  3627 I native-activity: Swap 85 time is 16.671ms
04-13 01:19:10.412  3597  3627 I native-activity: Animating
04-13 01:19:10.422  3597  3627 I native-activity: Frame 86 GL error is 0x0
04-13 01:19:10.422  3597  3627 I native-activity: Frame 86 time is 14.534ms
04-13 01:19:10.422  3597  3627 I native-activity: Swap 86 time is 16.497ms
04-13 01:19:10.422  3597  3627 I native-activity: Animating
04-13 01:19:10.442  3597  3627 I native-activity: Frame 87 GL error is 0x0
04-13 01:19:10.442  3597  3627 I native-activity: Frame 87 time is 17.053ms
04-13 01:19:10.442  3597  3627 I native-activity: Swap 87 time is 19.228ms
04-13 01:19:10.442  3597  3627 I native-activity: Animating
04-13 01:19:10.462  3597  3627 I native-activity: Frame 88 GL error is 0x0
04-13 01:19:10.462  3597  3627 I native-activity: Frame 88 time is 12.554ms
04-13 01:19:10.462  3597  3627 I native-activity: Swap 88 time is 14.701ms
04-13 01:19:10.462  3597  3627 I native-activity: Animating
04-13 01:19:10.472  3597  3627 I native-activity: Frame 89 GL error is 0x0
04-13 01:19:10.472  3597  3627 I native-activity: Frame 89 time is 13.891ms
04-13 01:19:10.482  3597  3627 I native-activity: Swap 89 time is 17.275ms
04-13 01:19:10.482  3597  3627 I native-activity: Animating
04-13 01:19:10.492  3597  3627 I native-activity: Frame 90 GL error is 0x0
04-13 01:19:10.492  3597  3627 I native-activity: Frame 90 time is 12.880ms
04-13 01:19:10.492  3597  3627 I native-activity: Swap 90 time is 15.840ms
04-13 01:19:10.492  3597  3627 I native-activity: Animating
04-13 01:19:10.512  3597  3627 I native-activity: Frame 91 GL error is 0x0
04-13 01:19:10.512  3597  3627 I native-activity: Frame 91 time is 14.716ms
04-13 01:19:10.512  3597  3627 I native-activity: Swap 91 time is 16.980ms
04-13 01:19:10.512  3597  3627 I native-activity: Animating
04-13 01:19:10.522  3597  3627 I native-activity: Frame 92 GL error is 0x0
04-13 01:19:10.522  3597  3627 I native-activity: Frame 92 time is 13.852ms
04-13 01:19:10.532  3597  3627 I native-activity: Swap 92 time is 16.297ms
04-13 01:19:10.532  3597  3627 I native-activity: Animating
04-13 01:19:10.542  3597  3627 I native-activity: Frame 93 GL error is 0x0
04-13 01:19:10.542  3597  3627 I native-activity: Frame 93 time is 14.695ms
04-13 01:19:10.552  3597  3627 I native-activity: Swap 93 time is 18.776ms
04-13 01:19:10.552  3597  3627 I native-activity: Animating
04-13 01:19:10.562  3597  3627 I native-activity: Frame 94 GL error is 0x0
04-13 01:19:10.562  3597  3627 I native-activity: Frame 94 time is 10.624ms
04-13 01:19:10.562  3597  3627 I native-activity: Swap 94 time is 13.894ms
04-13 01:19:10.562  3597  3627 I native-activity: Animating
04-13 01:19:10.572  3597  3627 I native-activity: Frame 95 GL error is 0x0
04-13 01:19:10.572  3597  3627 I native-activity: Frame 95 time is 12.500ms
04-13 01:19:10.582  3597  3627 I native-activity: Swap 95 time is 14.822ms
04-13 01:19:10.582  3597  3627 I native-activity: Animating
04-13 01:19:10.592  3597  3627 I native-activity: Frame 96 GL error is 0x0
04-13 01:19:10.592  3597  3627 I native-activity: Frame 96 time is 14.499ms
04-13 01:19:10.592  3597  3627 I native-activity: Swap 96 time is 16.538ms
04-13 01:19:10.592  3597  3627 I native-activity: Animating
04-13 01:19:10.612  3597  3627 I native-activity: Frame 97 GL error is 0x0
04-13 01:19:10.612  3597  3627 I native-activity: Frame 97 time is 13.057ms
04-13 01:19:10.612  3597  3627 I native-activity: Swap 97 time is 15.574ms
04-13 01:19:10.612  3597  3627 I native-activity: Animating
04-13 01:19:10.622  3597  3627 I native-activity: Frame 98 GL error is 0x0
04-13 01:19:10.622  3597  3627 I native-activity: Frame 98 time is 14.600ms
04-13 01:19:10.632  3597  3627 I native-activity: Swap 98 time is 17.314ms
04-13 01:19:10.632  3597  3627 I native-activity: Animating
04-13 01:19:10.642  3597  3627 I native-activity: Frame 99 GL error is 0x0
04-13 01:19:10.642  3597  3627 I native-activity: Frame 99 time is 13.187ms
04-13 01:19:10.642  3597  3627 I native-activity: Swap 99 time is 15.756ms
04-13 01:19:10.642  3597  3627 I native-activity: Animating
04-13 01:19:10.662  3597  3627 I native-activity: Frame 100 GL error is 0x0
04-13 01:19:10.662  3597  3627 I native-activity: Frame 100 time is 14.560ms
04-13 01:19:10.662  3597  3627 I native-activity: Swap 100 time is 16.751ms
04-13 01:19:10.662  3597  3627 I native-activity: Animating
04-13 01:19:10.672  3597  3627 I native-activity: Frame 101 GL error is 0x0
04-13 01:19:10.672  3597  3627 I native-activity: Frame 101 time is 12.531ms
04-13 01:19:10.672  3597  3627 I native-activity: Swap 101 time is 14.515ms
04-13 01:19:10.672  3597  3627 I native-activity: Animating
04-13 01:19:10.692  3597  3627 I native-activity: Frame 102 GL error is 0x0
04-13 01:19:10.692  3597  3627 I native-activity: Frame 102 time is 16.282ms
04-13 01:19:10.692  3597  3627 I native-activity: Swap 102 time is 18.591ms
04-13 01:19:10.692  3597  3627 I native-activity: Animating
04-13 01:19:10.712  3597  3627 I native-activity: Frame 103 GL error is 0x0
04-13 01:19:10.712  3597  3627 I native-activity: Frame 103 time is 14.199ms
04-13 01:19:10.712  3597  3627 I native-activity: Swap 103 time is 17.070ms
04-13 01:19:10.712  3597  3627 I native-activity: Animating
04-13 01:19:10.722  3597  3627 I native-activity: Frame 104 GL error is 0x0
04-13 01:19:10.722  3597  3627 I native-activity: Frame 104 time is 13.134ms
04-13 01:19:10.732  3597  3627 I native-activity: Swap 104 time is 15.964ms
04-13 01:19:10.732  3597  3627 I native-activity: Animating
04-13 01:19:10.742  3597  3627 I native-activity: Frame 105 GL error is 0x0
04-13 01:19:10.742  3597  3627 I native-activity: Frame 105 time is 12.523ms
04-13 01:19:10.742  3597  3627 I native-activity: Swap 105 time is 14.739ms
04-13 01:19:10.742  3597  3627 I native-activity: Animating
04-13 01:19:10.762  3597  3627 I native-activity: Frame 106 GL error is 0x0
04-13 01:19:10.762  3597  3627 I native-activity: Frame 106 time is 13.687ms
04-13 01:19:10.762  3597  3627 I native-activity: Swap 106 time is 15.704ms
04-13 01:19:10.762  3597  3627 I native-activity: Animating
04-13 01:19:10.772  3597  3627 I native-activity: Frame 107 GL error is 0x0
04-13 01:19:10.772  3597  3627 I native-activity: Frame 107 time is 13.019ms
04-13 01:19:10.772  3597  3627 I native-activity: Swap 107 time is 14.175ms
04-13 01:19:10.772  3597  3627 I native-activity: Animating
04-13 01:19:10.792  3597  3627 I native-activity: Frame 108 GL error is 0x0
04-13 01:19:10.792  3597  3627 I native-activity: Frame 108 time is 16.350ms
04-13 01:19:10.792  3597  3627 I native-activity: Swap 108 time is 18.435ms
04-13 01:19:10.792  3597  3627 I native-activity: Animating
04-13 01:19:10.812  3597  3627 I native-activity: Frame 109 GL error is 0x0
04-13 01:19:10.812  3597  3627 I native-activity: Frame 109 time is 14.690ms
04-13 01:19:10.812  3597  3627 I native-activity: Swap 109 time is 16.845ms
04-13 01:19:10.812  3597  3627 I native-activity: Animating
04-13 01:19:10.822  3597  3627 I native-activity: Frame 110 GL error is 0x0
04-13 01:19:10.822  3597  3627 I native-activity: Frame 110 time is 14.635ms
04-13 01:19:10.832  3597  3627 I native-activity: Swap 110 time is 17.205ms
04-13 01:19:10.832  3597  3627 I native-activity: Animating
04-13 01:19:10.842  3597  3627 I native-activity: Frame 111 GL error is 0x0
04-13 01:19:10.842  3597  3627 I native-activity: Frame 111 time is 14.937ms
04-13 01:19:10.852  3597  3627 I native-activity: Swap 111 time is 18.456ms
04-13 01:19:10.852  3597  3627 I native-activity: Animating
04-13 01:19:10.862  3597  3627 I native-activity: Frame 112 GL error is 0x0
04-13 01:19:10.862  3597  3627 I native-activity: Frame 112 time is 13.220ms
04-13 01:19:10.862  3597  3627 I native-activity: Swap 112 time is 16.612ms
04-13 01:19:10.862  3597  3627 I native-activity: Animating
04-13 01:19:10.872  3597  3627 I native-activity: Frame 113 GL error is 0x0
04-13 01:19:10.872  3597  3627 I native-activity: Frame 113 time is 12.003ms
04-13 01:19:10.882  3597  3627 I native-activity: Swap 113 time is 14.464ms
04-13 01:19:10.882  3597  3627 I native-activity: Animating
04-13 01:19:10.892  3597  3627 I native-activity: Frame 114 GL error is 0x0
04-13 01:19:10.892  3597  3627 I native-activity: Frame 114 time is 15.594ms
04-13 01:19:10.902  3597  3627 I native-activity: Swap 114 time is 19.907ms
04-13 01:19:10.902  3597  3627 I native-activity: Animating
04-13 01:19:10.912  3597  3627 I native-activity: Frame 115 GL error is 0x0
04-13 01:19:10.912  3597  3627 I native-activity: Frame 115 time is 9.970ms
04-13 01:19:10.912  3597  3627 I native-activity: Swap 115 time is 12.513ms
04-13 01:19:10.912  3597  3627 I native-activity: Animating
04-13 01:19:10.922  3597  3627 I native-activity: Frame 116 GL error is 0x0
04-13 01:19:10.922  3597  3627 I native-activity: Frame 116 time is 13.745ms
04-13 01:19:10.932  3597  3627 I native-activity: Swap 116 time is 17.055ms
04-13 01:19:10.932  3597  3627 I native-activity: Animating
04-13 01:19:10.942  3597  3627 I native-activity: Frame 117 GL error is 0x0
04-13 01:19:10.942  3597  3627 I native-activity: Frame 117 time is 13.158ms
04-13 01:19:10.942  3597  3627 I native-activity: Swap 117 time is 15.838ms
04-13 01:19:10.942  3597  3627 I native-activity: Animating
04-13 01:19:10.962  3597  3627 I native-activity: Frame 118 GL error is 0x0
04-13 01:19:10.962  3597  3627 I native-activity: Frame 118 time is 14.053ms
04-13 01:19:10.962  3597  3627 I native-activity: Swap 118 time is 17.579ms
04-13 01:19:10.962  3597  3627 I native-activity: Animating
04-13 01:19:10.972  3597  3627 I native-activity: Frame 119 GL error is 0x0
04-13 01:19:10.972  3597  3627 I native-activity: Frame 119 time is 10.989ms
04-13 01:19:10.982  3597  3627 I native-activity: Swap 119 time is 13.657ms
04-13 01:19:10.982  3597  3627 I native-activity: Animating
04-13 01:19:10.992  3597  3627 I native-activity: Frame 120 GL error is 0x0
04-13 01:19:10.992  3597  3627 I native-activity: Frame 120 time is 13.854ms
04-13 01:19:10.992  3597  3627 I native-activity: Swap 120 time is 15.725ms
04-13 01:19:10.992  3597  3627 I native-activity: Animating
04-13 01:19:11.012  3597  3627 I native-activity: Frame 121 GL error is 0x0
04-13 01:19:11.012  3597  3627 I native-activity: Frame 121 time is 14.669ms
04-13 01:19:11.012  3597  3627 I native-activity: Swap 121 time is 16.738ms
04-13 01:19:11.012  3597  3627 I native-activity: Animating
04-13 01:19:11.032  3597  3627 I native-activity: Frame 122 GL error is 0x0
04-13 01:19:11.032  3597  3627 I native-activity: Frame 122 time is 15.294ms
04-13 01:19:11.032  3597  3627 I native-activity: Swap 122 time is 17.458ms
04-13 01:19:11.032  3597  3627 I native-activity: Animating
04-13 01:19:11.042  3597  3627 I native-activity: Frame 123 GL error is 0x0
04-13 01:19:11.042  3597  3627 I native-activity: Frame 123 time is 13.450ms
04-13 01:19:11.042  3597  3627 I native-activity: Swap 123 time is 15.670ms
04-13 01:19:11.042  3597  3627 I native-activity: Animating
04-13 01:19:11.062  3597  3627 I native-activity: Frame 124 GL error is 0x0
04-13 01:19:11.062  3597  3627 I native-activity: Frame 124 time is 14.927ms
04-13 01:19:11.062  3597  3627 I native-activity: Swap 124 time is 19.141ms
04-13 01:19:11.062  3597  3627 I native-activity: Animating
04-13 01:19:11.082  3597  3627 I native-activity: Frame 125 GL error is 0x0
04-13 01:19:11.082  3597  3627 I native-activity: Frame 125 time is 12.019ms
04-13 01:19:11.082  3597  3627 I native-activity: Swap 125 time is 13.412ms
04-13 01:19:11.082  3597  3627 I native-activity: Animating
04-13 01:19:11.092  3597  3627 I native-activity: Frame 126 GL error is 0x0
04-13 01:19:11.092  3597  3627 I native-activity: Frame 126 time is 13.105ms
04-13 01:19:11.092  3597  3627 I native-activity: Swap 126 time is 14.565ms
04-13 01:19:11.092  3597  3627 I native-activity: Animating
04-13 01:19:11.112  3597  3627 I native-activity: Frame 127 GL error is 0x0
04-13 01:19:11.112  3597  3627 I native-activity: Frame 127 time is 15.551ms
04-13 01:19:11.112  3597  3627 I native-activity: Swap 127 time is 17.929ms
04-13 01:19:11.112  3597  3627 I native-activity: Animating
04-13 01:19:11.122  3597  3627 I native-activity: Frame 128 GL error is 0x0
04-13 01:19:11.122  3597  3627 I native-activity: Frame 128 time is 13.098ms
04-13 01:19:11.132  3597  3627 I native-activity: Swap 128 time is 15.139ms
04-13 01:19:11.132  3597  3627 I native-activity: Animating
04-13 01:19:11.142  3597  3627 I native-activity: Frame 129 GL error is 0x0
04-13 01:19:11.142  3597  3627 I native-activity: Frame 129 time is 15.342ms
04-13 01:19:11.142  3597  3627 I native-activity: Swap 129 time is 17.892ms
04-13 01:19:11.142  3597  3627 I native-activity: Animating
04-13 01:19:11.162  3597  3627 I native-activity: Frame 130 GL error is 0x0
04-13 01:19:11.162  3597  3627 I native-activity: Frame 130 time is 14.395ms
04-13 01:19:11.162  3597  3627 I native-activity: Swap 130 time is 16.779ms
04-13 01:19:11.162  3597  3627 I native-activity: Animating
04-13 01:19:11.182  3597  3627 I native-activity: Frame 131 GL error is 0x0
04-13 01:19:11.182  3597  3627 I native-activity: Frame 131 time is 14.192ms
04-13 01:19:11.182  3597  3627 I native-activity: Swap 131 time is 15.898ms
04-13 01:19:11.182  3597  3627 I native-activity: Animating
04-13 01:19:11.192  3597  3627 I native-activity: Frame 132 GL error is 0x0
04-13 01:19:11.192  3597  3627 I native-activity: Frame 132 time is 12.142ms
04-13 01:19:11.192  3597  3627 I native-activity: Swap 132 time is 13.360ms
04-13 01:19:11.192  3597  3627 I native-activity: Animating
04-13 01:19:11.212  3597  3627 I native-activity: Frame 133 GL error is 0x0
04-13 01:19:11.212  3597  3627 I native-activity: Frame 133 time is 16.482ms
04-13 01:19:11.212  3597  3627 I native-activity: Swap 133 time is 18.600ms
04-13 01:19:11.212  3597  3627 I native-activity: Animating
04-13 01:19:11.232  3597  3627 I native-activity: Frame 134 GL error is 0x0
04-13 01:19:11.232  3597  3627 I native-activity: Frame 134 time is 15.831ms
04-13 01:19:11.232  3597  3627 I native-activity: Swap 134 time is 18.065ms
04-13 01:19:11.232  3597  3627 I native-activity: Animating
04-13 01:19:11.242  3597  3627 I native-activity: Frame 135 GL error is 0x0
04-13 01:19:11.242  3597  3627 I native-activity: Frame 135 time is 14.134ms
04-13 01:19:11.252  3597  3627 I native-activity: Swap 135 time is 17.052ms
04-13 01:19:11.252  3597  3627 I native-activity: Animating
04-13 01:19:11.262  3597  3627 I native-activity: Frame 136 GL error is 0x0
04-13 01:19:11.262  3597  3627 I native-activity: Frame 136 time is 11.846ms
04-13 01:19:11.262  3597  3627 I native-activity: Swap 136 time is 14.907ms
04-13 01:19:11.262  3597  3627 I native-activity: Animating
04-13 01:19:11.282  3597  3627 I native-activity: Frame 137 GL error is 0x0
04-13 01:19:11.282  3597  3627 I native-activity: Frame 137 time is 14.460ms
04-13 01:19:11.282  3597  3627 I native-activity: Swap 137 time is 17.001ms
04-13 01:19:11.282  3597  3627 I native-activity: Animating
04-13 01:19:11.292  3597  3627 I native-activity: Frame 138 GL error is 0x0
04-13 01:19:11.292  3597  3627 I native-activity: Frame 138 time is 13.883ms
04-13 01:19:11.302  3597  3627 I native-activity: Swap 138 time is 16.964ms
04-13 01:19:11.302  3597  3627 I native-activity: Animating
04-13 01:19:11.312  3597  3627 I native-activity: Frame 139 GL error is 0x0
04-13 01:19:11.312  3597  3627 I native-activity: Frame 139 time is 13.214ms
04-13 01:19:11.312  3597  3627 I native-activity: Swap 139 time is 16.038ms
04-13 01:19:11.312  3597  3627 I native-activity: Animating
04-13 01:19:11.332  3597  3627 I native-activity: Frame 140 GL error is 0x0
04-13 01:19:11.332  3597  3627 I native-activity: Frame 140 time is 13.169ms
04-13 01:19:11.332  3597  3627 I native-activity: Swap 140 time is 16.112ms
04-13 01:19:11.332  3597  3627 I native-activity: Animating
04-13 01:19:11.342  3597  3627 I native-activity: Frame 141 GL error is 0x0
04-13 01:19:11.342  3597  3627 I native-activity: Frame 141 time is 13.048ms
04-13 01:19:11.352  3597  3627 I native-activity: Swap 141 time is 16.031ms
04-13 01:19:11.352  3597  3627 I native-activity: Animating
04-13 01:19:11.362  3597  3627 I native-activity: Frame 142 GL error is 0x0
04-13 01:19:11.362  3597  3627 I native-activity: Frame 142 time is 12.319ms
04-13 01:19:11.362  3597  3627 I native-activity: Swap 142 time is 14.554ms
04-13 01:19:11.362  3597  3627 I native-activity: Animating
04-13 01:19:11.382  3597  3627 I native-activity: Frame 143 GL error is 0x0
04-13 01:19:11.382  3597  3627 I native-activity: Frame 143 time is 15.923ms
04-13 01:19:11.382  3597  3627 I native-activity: Swap 143 time is 18.384ms
04-13 01:19:11.382  3597  3627 I native-activity: Animating
04-13 01:19:11.392  3597  3627 I native-activity: Frame 144 GL error is 0x0
04-13 01:19:11.392  3597  3627 I native-activity: Frame 144 time is 12.975ms
04-13 01:19:11.402  3597  3627 I native-activity: Swap 144 time is 17.005ms
04-13 01:19:11.402  3597  3627 I native-activity: Animating
04-13 01:19:11.402 30475 30525 D NetworkController.MobileSignalController(0/1): onSignalStrengthsChanged signalStrength=SignalStrength: 99 99 -120 -160 -120 -1 -1 13 -116 -10 40 -1 2147483647 0x1000 gsm|lte level=1
04-13 01:19:11.402 30475 30525 D NetworkController.MobileSignalController(0/1): getMobileIconGroup(): 13
04-13 01:19:11.402 30475 30525 D NetworkController.MobileSignalController(0/1): updateATTMobileIconGroup(): 13
04-13 01:19:11.412  1434  2207 D EPDG -- [SMARTWIFI]: onSignalStrengthsChanged: Received signal strength change, phone type is: 1
04-13 01:19:11.412  1434  4692 D EPDG -- [SMARTWIFI]: lastLteRSRP is -116currentLteRSRP is -116
04-13 01:19:11.412  1434  4692 D EPDG -- [SMARTWIFI]: lastCdmaDb is -16currentCdmaDb is -16
04-13 01:19:11.412  1434  4692 V EPDG -- [SMARTWIFI]: Radio oldest entry removed
04-13 01:19:11.412  1434  4692 V EPDG -- [SMARTWIFI]: New entry : (SignalStrength: 99 99 -120 -160 -120 -1 -1 13 -116 -10 40 -1 2147483647 0x1000 gsm|lte : 0 )
04-13 01:19:11.412  1434  4692 V EPDG -- [SMARTWIFI]: Radio entry added
04-13 01:19:11.422  3597  3627 I native-activity: Frame 145 GL error is 0x0
04-13 01:19:11.422  3597  3627 I native-activity: Frame 145 time is 19.955ms
04-13 01:19:11.422  3597  3627 I native-activity: Swap 145 time is 21.541ms
04-13 01:19:11.422  3597  3627 I native-activity: Animating
04-13 01:19:11.422  3597  3627 I native-activity: Frame 146 GL error is 0x0
04-13 01:19:11.422  3597  3627 I native-activity: Frame 146 time is 5.360ms
04-13 01:19:11.432  3597  3627 I native-activity: Swap 146 time is 6.880ms
04-13 01:19:11.432  3597  3627 I native-activity: Animating
