04-13 01:19:48.032  3806  3819 I native-activity: 	Version: OpenGL ES 3.2 V@145.0 (GIT@I5bc0f577f9)
04-13 01:19:48.032  3806  3819 I native-activity: 	Shading Language: OpenGL ES GLSL ES 3.20
04-13 01:19:48.032  3806  3819 I native-activity: 	Extensions: GL_OES_EGL_image GL_OES_EGL_image_external GL_OES_EGL_sync GL_OES_vertex_half_float GL_OES_framebuffer_object GL_OES_rgb8_rgba8 GL_OES_compressed_ETC1_RGB8_texture GL_AMD_compressed_ATC_texture GL_KHR_texture_compression_astc_ldr GL_KHR_texture_compression_astc_hdr GL_OES_texture_compression_astc GL_OES_texture_npot GL_EXT_texture_filter_anisotropic GL_EXT_texture_format_BGRA8888 GL_OES_texture_3D GL_EXT_color_buffer_float GL_EXT_color_buffer_half_float GL_QCOM_alpha_test GL_OES_depth24 GL_OES_packed_depth_stencil GL_OES_depth_texture GL_OES_depth_texture_cube_map GL_EXT_sRGB GL_OES_texture_float GL_OES_texture_float_linear GL_OES_texture_half_float GL_OES_texture_half_float_linear GL_EXT_texture_type_2_10_10_10_REV GL_EXT_texture_sRGB_decode GL_OES_element_index_uint GL_EXT_copy_image GL_EXT_geometry_shader GL_EXT_tessellation_shader GL_OES_texture_stencil8 GL_EXT_shader_io_blocks GL_OES_shader_image_atomic GL_OES_sample_variables GL_EXT_texture_border_clamp GL_EXT_multisampled_render_to_textur
04-13 01:19:48.032  3806  3819 I native-activity: Frame 3 GL error is 0x0
04-13 01:19:48.032  3806  3819 I native-activity: Frame 3 time is 0.115ms
04-13 01:19:48.032  3806  3819 I native-activity: Swap 3 time is 0.509ms
04-13 01:19:48.032  3806  3819 I native-activity: Animating
04-13 01:19:48.062  3806  3819 I native-activity: Frame 4 GL error is 0x501
04-13 01:19:48.062  3806  3819 I native-activity: Frame 4 time is 33.910ms
04-13 01:19:48.062  3806  3819 I native-activity: Swap 4 time is 34.273ms
04-13 01:19:48.062  3806  3819 I native-activity: Animating
04-13 01:19:48.062  3806  3819 I native-activity: Frame 5 GL error is 0x0
04-13 01:19:48.062  3806  3819 I native-activity: Frame 5 time is 0.146ms
04-13 01:19:48.062  3806  3819 I native-activity: Swap 5 time is 0.309ms
04-13 01:19:48.062  3806  3819 I native-activity: Animating
04-13 01:19:48.062  3806  3819 I native-activity: Frame 6 GL error is 0x0
04-13 01:19:48.062  3806  3819 I native-activity: Frame 6 time is 0.149ms
04-13 01:19:48.062  3806  3819 I native-activity: Swap 6 time is 0.683ms
04-13 01:19:48.062  3806  3819 I native-activity: Animating
04-13 01:19:48.062  3806  3819 I native-activity: Frame 7 GL error is 0x0
04-13 01:19:48.062  3806  3819 I native-activity: Frame 7 time is 0.176ms
04-13 01:19:48.062  3806  3819 I native-activity: Swap 7 time is 0.781ms
04-13 01:19:48.062  3806  3819 I native-activity: Animating
04-13 01:19:48.062  3806  3819 I native-activity: Frame 8 GL error is 0x0
04-13 01:19:48.062  3806  3819 I native-activity: Frame 8 time is 0.261ms
04-13 01:19:48.072  3806  3819 I native-activity: Swap 8 time is 0.890ms
04-13 01:19:48.072  3806  3819 I native-activity: Animating
04-13 01:19:48.072  3806  3819 I native-activity: Frame 9 GL error is 0x0
04-13 01:19:48.072  3806  3819 I native-activity: Frame 9 time is 0.280ms
04-13 01:19:48.072  3806  3819 I native-activity: Swap 9 time is 0.879ms
04-13 01:19:48.072  3806  3819 I native-activity: Animating
04-13 01:19:48.072  3806  3819 I native-activity: Frame 10 GL error is 0x0
04-13 01:19:48.072  3806  3819 I native-activity: Frame 10 time is 0.272ms
04-13 01:19:48.072  3806  3819 I native-activity: Swap 10 time is 0.835ms
04-13 01:19:48.072  3806  3819 I native-activity: Animating
04-13 01:19:48.072  3806  3819 I native-activity: Frame 11 GL error is 0x0
04-13 01:19:48.072  3806  3819 I native-activity: Frame 11 time is 0.256ms
04-13 01:19:48.072  3806  3819 I native-activity: Swap 11 time is 0.847ms
04-13 01:19:48.072  3806  3819 I native-activity: Animating
04-13 01:19:48.072  3806  3819 I native-activity: Frame 12 GL error is 0x0
04-13 01:19:48.072  3806  3819 I native-activity: Frame 12 time is 0.270ms
04-13 01:19:48.072  3806  3819 I native-activity: Swap 12 time is 0.879ms
04-13 01:19:48.072  3806  3819 I native-activity: Animating
04-13 01:19:48.072  3806  3819 I native-activity: Frame 13 GL error is 0x0
04-13 01:19:48.072  3806  3819 I native-activity: Frame 13 time is 0.295ms
04-13 01:19:48.072  3806  3819 I native-activity: Swap 13 time is 0.502ms
04-13 01:19:48.072  3806  3819 I native-activity: Animating
04-13 01:19:48.072  3806  3819 I native-activity: Frame 14 GL error is 0x0
04-13 01:19:48.072  3806  3819 I native-activity: Frame 14 time is 0.180ms
04-13 01:19:48.072  3806  3819 I native-activity: Swap 14 time is 0.885ms
04-13 01:19:48.072  3806  3819 I native-activity: Animating
04-13 01:19:48.072  3806  3819 I native-activity: Frame 15 GL error is 0x0
04-13 01:19:48.072  3806  3819 I native-activity: Frame 15 time is 0.298ms
04-13 01:19:48.072  3806  3819 I native-activity: Swap 15 time is 0.829ms
04-13 01:19:48.072  3806  3819 I native-activity: Animating
04-13 01:19:48.072  3806  3819 I native-activity: Frame 16 GL error is 0x0
04-13 01:19:48.072  3806  3819 I native-activity: Frame 16 time is 0.247ms
04-13 01:19:48.072  3806  3819 I native-activity: Swap 16 time is 0.764ms
04-13 01:19:48.072  3806  3819 I native-activity: Animating
04-13 01:19:48.072  3806  3819 I native-activity: Frame 17 GL error is 0x0
04-13 01:19:48.072  3806  3819 I native-activity: Frame 17 time is 0.245ms
04-13 01:19:48.072  3806  3819 I native-activity: Swap 17 time is 0.804ms
04-13 01:19:48.072  3806  3819 I native-activity: Animating
04-13 01:19:48.072  3806  3819 I native-activity: Frame 18 GL error is 0x0
04-13 01:19:48.072  3806  3819 I native-activity: Frame 18 time is 0.264ms
04-13 01:19:48.072  3806  3819 I native-activity: Swap 18 time is 0.832ms
04-13 01:19:48.072  3806  3819 I native-activity: Animating
04-13 01:19:48.072  3806  3819 I native-activity: Frame 19 GL error is 0x0
04-13 01:19:48.072  3806  3819 I native-activity: Frame 19 time is 0.261ms
04-13 01:19:48.072  3806  3819 I native-activity: Swap 19 time is 0.868ms
04-13 01:19:48.072  3806  3819 I native-activity: Animating
04-13 01:19:48.072  3806  3819 I native-activity: Frame 20 GL error is 0x0
04-13 01:19:48.082  3806  3819 I native-activity: Frame 20 time is 0.265ms
04-13 01:19:48.082  3806  3819 I native-activity: Swap 20 time is 0.758ms
04-13 01:19:48.082  3806  3819 I native-activity: Animating
04-13 01:19:48.082  3806  3819 I native-activity: Frame 21 GL error is 0x0
04-13 01:19:48.082  3806  3819 I native-activity: Frame 21 time is 0.273ms
04-13 01:19:48.082  3806  3819 I native-activity: Swap 21 time is 0.631ms
04-13 01:19:48.082  3806  3819 I native-activity: Animating
04-13 01:19:48.082  3806  3819 I native-activity: Frame 22 GL error is 0x0
04-13 01:19:48.082  3806  3819 I native-activity: Frame 22 time is 0.205ms
04-13 01:19:48.082  3806  3819 I native-activity: Swap 22 time is 0.793ms
04-13 01:19:48.082  3806  3819 I native-activity: Animating
04-13 01:19:48.082  3806  3819 I native-activity: Frame 23 GL error is 0x0
04-13 01:19:48.082  3806  3819 I native-activity: Frame 23 time is 0.239ms
04-13 01:19:48.082  3806  3819 I native-activity: Swap 23 time is 0.815ms
04-13 01:19:48.082  3806  3819 I native-activity: Animating
04-13 01:19:48.082  3806  3819 I native-activity: Frame 24 GL error is 0x0
04-13 01:19:48.082  3806  3819 I native-activity: Frame 24 time is 0.244ms
04-13 01:19:48.082  3806  3819 I native-activity: Swap 24 time is 0.831ms
04-13 01:19:48.082  3806  3819 I native-activity: Animating
04-13 01:19:48.082  3806  3819 I native-activity: Frame 25 GL error is 0x0
04-13 01:19:48.082  3806  3819 I native-activity: Frame 25 time is 0.247ms
04-13 01:19:48.082  3806  3819 I native-activity: Swap 25 time is 0.810ms
04-13 01:19:48.082  3806  3819 I native-activity: Animating
04-13 01:19:48.082  3806  3819 I native-activity: Frame 26 GL error is 0x0
04-13 01:19:48.082  3806  3819 I native-activity: Frame 26 time is 0.230ms
04-13 01:19:48.082  3806  3819 I native-activity: Swap 26 time is 0.830ms
04-13 01:19:48.082  3806  3819 I native-activity: Animating
04-13 01:19:48.082  3806  3819 I native-activity: Frame 27 GL error is 0x0
04-13 01:19:48.082  3806  3819 I native-activity: Frame 27 time is 0.252ms
04-13 01:19:48.082  3806  3819 I native-activity: Swap 27 time is 0.816ms
04-13 01:19:48.082  3806  3819 I native-activity: Animating
04-13 01:19:48.082  3806  3819 I native-activity: Frame 28 GL error is 0x0
04-13 01:19:48.082  3806  3819 I native-activity: Frame 28 time is 0.223ms
04-13 01:19:48.082  3806  3819 I native-activity: Swap 28 time is 0.701ms
04-13 01:19:48.082  3806  3819 I native-activity: Animating
04-13 01:19:48.082  3806  3819 I native-activity: Frame 29 GL error is 0x0
04-13 01:19:48.082  3806  3819 I native-activity: Frame 29 time is 0.235ms
04-13 01:19:48.082  3806  3819 I native-activity: Swap 29 time is 0.532ms
04-13 01:19:48.082  3806  3819 I native-activity: Animating
04-13 01:19:48.082  3806  3819 I native-activity: Frame 30 GL error is 0x0
04-13 01:19:48.082  3806  3819 I native-activity: Frame 30 time is 0.191ms
04-13 01:19:48.082  3806  3819 I native-activity: Swap 30 time is 0.732ms
04-13 01:19:48.082  3806  3819 I native-activity: Animating
04-13 01:19:48.092  3806  3819 I native-activity: Frame 31 GL error is 0x0
04-13 01:19:48.092  3806  3819 I native-activity: Frame 31 time is 5.499ms
04-13 01:19:48.092  3806  3819 I native-activity: Swap 31 time is 5.751ms
04-13 01:19:48.092  3806  3819 I native-activity: Animating
04-13 01:19:48.112  3806  3819 I native-activity: Frame 32 GL error is 0x0
04-13 01:19:48.112  3806  3819 I native-activity: Frame 32 time is 21.566ms
04-13 01:19:48.112  3806  3819 I native-activity: Swap 32 time is 21.776ms
04-13 01:19:48.112  3806  3819 I native-activity: Animating
04-13 01:19:48.122  1434  2219 D MdnieScenarioControlService:  packageName : com.example.sonicdash_stage1    className : android.app.NativeActivity
04-13 01:19:48.132  3806  3819 I native-activity: Frame 33 GL error is 0x0
04-13 01:19:48.132  3806  3819 I native-activity: Frame 33 time is 17.094ms
04-13 01:19:48.132  3806  3819 I native-activity: Swap 33 time is 17.322ms
04-13 01:19:48.132  3806  3819 I native-activity: Animating
04-13 01:19:48.142   648   670 I SurfaceFlinger: id=3867 Removed tonicdash_s (7/11)
04-13 01:19:48.142   648  3737 I SurfaceFlinger: id=3867 Removed tonicdash_s (-2/11)
04-13 01:19:48.142  1434  6994 D GameManagerService: identifyGamePackage. com.example.sonicdash_stage1
04-13 01:19:48.152   648   648 D libEGL  : eglTerminate EGLDisplay = 0x7ff9c80278
04-13 01:19:48.192  1434  1612 I Timeline: Timeline: Activity_windows_visible id: ActivityRecord{a0adce5 u0 com.example.sonicdash_stage1/android.app.NativeActivity t1461} time:196068637
04-13 01:19:48.192  1434  1612 D CustomFrequencyManagerService: releaseDVFSLockLocked : Getting Lock type frm List : DVFS_MIN_LIMIT  frequency : 1555200  uid : 1000  pid : 1434  tag : ACTIVITY_RESUME_BOOSTER@14
04-13 01:19:48.192  1434  1612 D ActivityManager: mDVFSHelper.release()
04-13 01:19:48.202  2590  2590 D Launcher.HomeView: onStop
04-13 01:19:48.202  2590  2590 D capture : ----destroy
04-13 01:19:48.212  1434  1612 D KnoxTimeoutHandler: notifyActivityDrawn [MsgParam] userId: 0 fullscreen is true showWhenlocked is false
04-13 01:19:48.212  1434  1434 D KnoxTimeoutHandler: activityDrawn [MsgParam] userId: 0 fullscreen is true showWhenlocked is false
04-13 01:19:48.212  1434  1434 I KnoxTimeoutHandler: SD activityfalse
04-13 01:19:48.212  2590  2590 D Launcher: onTrimMemory. Level: 20
04-13 01:19:48.212  1434  2164 D NetworkPolicy: isUidForegroundLocked: 10078, mScreenOn: true, uidstate: 3, mProxSensorScreenOff: false
04-13 01:19:48.212  1434  1531 D CustomFrequencyManagerService: acquireDVFSLockLocked : type : DVFS_MIN_LIMIT  frequency : 1555200  uid : 1000  pid : 1434  pkgName : ACTIVITY_RESUME_BOOSTER@20
04-13 01:19:48.212  2590  2590 V ActivityThread: updateVisibility : ActivityRecord{46ba7e token=android.os.BinderProxy@15e180a {com.sec.android.app.launcher/com.sec.android.app.launcher.activities.LauncherActivity}} show : false
04-13 01:19:48.222  3806  3819 I native-activity: Frame 34 GL error is 0x0
04-13 01:19:48.222  3806  3819 I native-activity: Frame 34 time is 91.963ms
04-13 01:19:48.222  3806  3819 I native-activity: Swap 34 time is 92.259ms
04-13 01:19:48.222  3806  3819 I native-activity: Animating
04-13 01:19:48.222  1434  2588 I ActivityManager: Killing 31745:com.att.myWireless:ZdaService/u0a136 (adj 15): DHA:SPC_empty #33
04-13 01:19:48.222  1434  2219 I MdnieScenarioControlService: mGameModeLauncher : false
04-13 01:19:48.232  1434  2219 I MdnieScenarioControlService: setUIMode
04-13 01:19:48.242  3806  3819 I native-activity: Frame 35 GL error is 0x0
04-13 01:19:48.242  3806  3819 I native-activity: Frame 35 time is 17.536ms
04-13 01:19:48.242  3806  3819 I native-activity: Swap 35 time is 17.967ms
04-13 01:19:48.242  3806  3819 I native-activity: Animating
04-13 01:19:48.252   648  3139 I SurfaceFlinger: id=3866 Removed MauncherAct (3/10)
04-13 01:19:48.252   648   670 I SurfaceFlinger: id=3866 Removed MauncherAct (-2/10)
04-13 01:19:48.262 30475 30475 D ImageWallpaper: onVisibilityChanged:false
04-13 01:19:48.262 30475 30475 D ImageWallpaper: drawFrame
04-13 01:19:48.262 30475 30475 D ImageWallpaper: drawFrame:false rotation:0 mLastRotation:0
04-13 01:19:48.262 30475 30475 D ImageWallpaper: drawFrame:[frame.width()]2240[frame.height()]2560
04-13 01:19:48.262 30475 30475 D ImageWallpaper: Suppressed drawFrame since redraw is not needed and offsets have not changed.
04-13 01:19:48.262  1434  3658 D ActivityManager: cleanUpApplicationRecord -- 31745
04-13 01:19:48.262  1434  3658 D ActivityManager: isAutoRunBlockedApp:: com.att.myWireless, Auto Run ON
04-13 01:19:48.262  1434  3658 W ActivityManager: Scheduling restart of crashed service com.att.myWireless/com.zoscomm.zda.agent.ZdaService in 1000ms
04-13 01:19:48.272   648   648 D libEGL  : eglTerminate EGLDisplay = 0x7ff9c80278
04-13 01:19:48.282  3806  3819 I native-activity: Frame 36 GL error is 0x501
04-13 01:19:48.282  3806  3819 I native-activity: Frame 36 time is 39.553ms
04-13 01:19:48.282  3806  3819 I native-activity: Swap 36 time is 39.942ms
04-13 01:19:48.282  3806  3819 I native-activity: Animating
04-13 01:19:48.292  3806  3819 I native-activity: Frame 37 GL error is 0x501
04-13 01:19:48.292  3806  3819 I native-activity: Frame 37 time is 7.817ms
04-13 01:19:48.292  3806  3819 I native-activity: Swap 37 time is 8.261ms
04-13 01:19:48.292  3806  3819 I native-activity: Animating
04-13 01:19:48.302  3806  3819 I native-activity: Frame 38 GL error is 0x501
04-13 01:19:48.302  3806  3819 I native-activity: Frame 38 time is 9.375ms
04-13 01:19:48.302  3806  3819 I native-activity: Swap 38 time is 10.083ms
04-13 01:19:48.302  3806  3819 I native-activity: Animating
04-13 01:19:48.302  3806  3819 I native-activity: Frame 39 GL error is 0x0
04-13 01:19:48.302  3806  3819 I native-activity: Frame 39 time is 6.852ms
04-13 01:19:48.302  3806  3819 I native-activity: Swap 39 time is 7.214ms
04-13 01:19:48.302  3806  3819 I native-activity: Animating
04-13 01:19:48.312  3806  3819 I native-activity: Frame 40 GL error is 0x0
04-13 01:19:48.312  3806  3819 I native-activity: Frame 40 time is 6.606ms
04-13 01:19:48.312  3806  3819 I native-activity: Swap 40 time is 6.959ms
04-13 01:19:48.312  3806  3819 I native-activity: Animating
04-13 01:19:48.322  3806  3819 I native-activity: Frame 41 GL error is 0x0
04-13 01:19:48.322  3806  3819 I native-activity: Frame 41 time is 5.144ms
04-13 01:19:48.322  3806  3819 I native-activity: Swap 41 time is 5.488ms
04-13 01:19:48.322  3806  3819 I native-activity: Animating
04-13 01:19:48.322  3806  3819 I native-activity: Frame 42 GL error is 0x0
04-13 01:19:48.322  3806  3819 I native-activity: Frame 42 time is 4.792ms
04-13 01:19:48.322  3806  3819 I native-activity: Swap 42 time is 5.033ms
04-13 01:19:48.322  3806  3819 I native-activity: Animating
04-13 01:19:48.332  3806  3819 I native-activity: Frame 43 GL error is 0x0
04-13 01:19:48.332  3806  3819 I native-activity: Frame 43 time is 5.693ms
04-13 01:19:48.332  3806  3819 I native-activity: Swap 43 time is 6.050ms
04-13 01:19:48.332  3806  3819 I native-activity: Animating
04-13 01:19:48.332  3806  3819 I native-activity: Frame 44 GL error is 0x0
04-13 01:19:48.332  3806  3819 I native-activity: Frame 44 time is 5.412ms
04-13 01:19:48.332  3806  3819 I native-activity: Swap 44 time is 5.764ms
04-13 01:19:48.332  3806  3819 I native-activity: Animating
04-13 01:19:48.352  3806  3819 I native-activity: Frame 45 GL error is 0x501
04-13 01:19:48.352  3806  3819 I native-activity: Frame 45 time is 12.826ms
04-13 01:19:48.352  3806  3819 I native-activity: Swap 45 time is 13.199ms
04-13 01:19:48.352  3806  3819 I native-activity: Animating
04-13 01:19:48.362  3806  3819 I native-activity: Frame 46 GL error is 0x501
04-13 01:19:48.362  3806  3819 I native-activity: Frame 46 time is 8.029ms
04-13 01:19:48.362  3806  3819 I native-activity: Swap 46 time is 8.400ms
04-13 01:19:48.362  3806  3819 I native-activity: Animating
04-13 01:19:48.362  3806  3819 I native-activity: Frame 47 GL error is 0x501
04-13 01:19:48.362  3806  3819 I native-activity: Frame 47 time is 6.537ms
04-13 01:19:48.362  3806  3819 I native-activity: Swap 47 time is 6.901ms
04-13 01:19:48.362  3806  3819 I native-activity: Animating
04-13 01:19:48.362  3806  3819 I native-activity: Frame 48 GL error is 0x0
04-13 01:19:48.362  3806  3819 I native-activity: Frame 48 time is 0.291ms
04-13 01:19:48.362  3806  3819 I native-activity: Swap 48 time is 0.501ms
04-13 01:19:48.362  3806  3819 I native-activity: Animating
04-13 01:19:48.362  3806  3819 I native-activity: Frame 49 GL error is 0x0
04-13 01:19:48.362  3806  3819 I native-activity: Frame 49 time is 0.203ms
04-13 01:19:48.362  3806  3819 I native-activity: Swap 49 time is 0.408ms
04-13 01:19:48.362  3806  3819 I native-activity: Animating
04-13 01:19:48.362  3806  3819 I native-activity: Frame 50 GL error is 0x0
04-13 01:19:48.362  3806  3819 I native-activity: Frame 50 time is 0.221ms
04-13 01:19:48.362  3806  3819 I native-activity: Swap 50 time is 0.417ms
04-13 01:19:48.362  3806  3819 I native-activity: Animating
04-13 01:19:48.362  3806  3819 I native-activity: Frame 51 GL error is 0x0
04-13 01:19:48.362  3806  3819 I native-activity: Frame 51 time is 0.221ms
04-13 01:19:48.372  3806  3819 I native-activity: Swap 51 time is 0.376ms
04-13 01:19:48.372  3806  3819 I native-activity: Animating
04-13 01:19:48.372  3806  3819 I native-activity: Frame 52 GL error is 0x0
04-13 01:19:48.372  3806  3819 I native-activity: Frame 52 time is 0.221ms
04-13 01:19:48.372  3806  3819 I native-activity: Swap 52 time is 0.413ms
04-13 01:19:48.372  3806  3819 I native-activity: Animating
04-13 01:19:48.372  3806  3819 I native-activity: Frame 53 GL error is 0x0
04-13 01:19:48.372  3806  3819 I native-activity: Frame 53 time is 0.225ms
04-13 01:19:48.372  3806  3819 I native-activity: Swap 53 time is 0.400ms
04-13 01:19:48.372  3806  3819 I native-activity: Animating
04-13 01:19:48.372  3806  3819 I native-activity: Frame 54 GL error is 0x0
04-13 01:19:48.372  3806  3819 I native-activity: Frame 54 time is 0.199ms
04-13 01:19:48.372  3806  3819 I native-activity: Swap 54 time is 0.385ms
04-13 01:19:48.372  3806  3819 I native-activity: Animating
04-13 01:19:48.372  3806  3819 I native-activity: Frame 55 GL error is 0x0
04-13 01:19:48.372  3806  3819 I native-activity: Frame 55 time is 0.207ms
04-13 01:19:48.372  3806  3819 I native-activity: Swap 55 time is 0.361ms
04-13 01:19:48.372  3806  3819 I native-activity: Animating
04-13 01:19:48.372  3806  3819 I native-activity: Frame 56 GL error is 0x0
04-13 01:19:48.372  3806  3819 I native-activity: Frame 56 time is 0.208ms
04-13 01:19:48.372  3806  3819 I native-activity: Swap 56 time is 0.350ms
04-13 01:19:48.372  3806  3819 I native-activity: Animating
04-13 01:19:48.372  3806  3819 I native-activity: Frame 57 GL error is 0x0
04-13 01:19:48.372  3806  3819 I native-activity: Frame 57 time is 0.204ms
04-13 01:19:48.372  3806  3819 I native-activity: Swap 57 time is 0.349ms
04-13 01:19:48.372  3806  3819 I native-activity: Animating
04-13 01:19:48.372  3806  3819 I native-activity: Frame 58 GL error is 0x0
04-13 01:19:48.372  3806  3819 I native-activity: Frame 58 time is 0.209ms
04-13 01:19:48.372  3806  3819 I native-activity: Swap 58 time is 0.373ms
04-13 01:19:48.372  3806  3819 I native-activity: Animating
04-13 01:19:48.372  3806  3819 I native-activity: Frame 59 GL error is 0x0
04-13 01:19:48.372  3806  3819 I native-activity: Frame 59 time is 0.207ms
04-13 01:19:48.372  3806  3819 I native-activity: Swap 59 time is 0.347ms
04-13 01:19:48.372  3806  3819 I native-activity: Animating
04-13 01:19:48.372  3806  3819 I native-activity: Frame 60 GL error is 0x0
04-13 01:19:48.372  3806  3819 I native-activity: Frame 60 time is 0.205ms
04-13 01:19:48.372  3806  3819 I native-activity: Swap 60 time is 0.354ms
04-13 01:19:48.372  3806  3819 I native-activity: Animating
04-13 01:19:48.372  3806  3819 I native-activity: Frame 61 GL error is 0x0
04-13 01:19:48.372  3806  3819 I native-activity: Frame 61 time is 0.222ms
04-13 01:19:48.372  3806  3819 I native-activity: Swap 61 time is 0.389ms
04-13 01:19:48.372  3806  3819 I native-activity: Animating
04-13 01:19:48.372  3806  3819 I native-activity: Frame 62 GL error is 0x0
04-13 01:19:48.372  3806  3819 I native-activity: Frame 62 time is 0.205ms
04-13 01:19:48.372  3806  3819 I native-activity: Swap 62 time is 0.347ms
04-13 01:19:48.372  3806  3819 I native-activity: Animating
04-13 01:19:48.372  3806  3819 I native-activity: Frame 63 GL error is 0x0
04-13 01:19:48.372  3806  3819 I native-activity: Frame 63 time is 0.231ms
04-13 01:19:48.372  3806  3819 I native-activity: Swap 63 time is 0.378ms
04-13 01:19:48.372  3806  3819 I native-activity: Animating
04-13 01:19:48.372  3806  3819 I native-activity: Frame 64 GL error is 0x0
04-13 01:19:48.372  3806  3819 I native-activity: Frame 64 time is 0.195ms
04-13 01:19:48.372  3806  3819 I native-activity: Swap 64 time is 0.361ms
04-13 01:19:48.372  3806  3819 I native-activity: Animating
04-13 01:19:48.372  3806  3819 I native-activity: Frame 65 GL error is 0x0
04-13 01:19:48.372  3806  3819 I native-activity: Frame 65 time is 0.193ms
04-13 01:19:48.372  3806  3819 I native-activity: Swap 65 time is 0.328ms
04-13 01:19:48.372  3806  3819 I native-activity: Animating
04-13 01:19:48.372  3806  3819 I native-activity: Frame 66 GL error is 0x0
04-13 01:19:48.372  3806  3819 I native-activity: Frame 66 time is 0.190ms
04-13 01:19:48.372  3806  3819 I native-activity: Swap 66 time is 0.337ms
04-13 01:19:48.372  3806  3819 I native-activity: Animating
04-13 01:19:48.372  3806  3819 I native-activity: Frame 67 GL error is 0x0
04-13 01:19:48.372  3806  3819 I native-activity: Frame 67 time is 0.193ms
04-13 01:19:48.372  3806  3819 I native-activity: Swap 67 time is 0.351ms
04-13 01:19:48.372  3806  3819 I native-activity: Animating
04-13 01:19:48.372  3806  3819 I native-activity: Frame 68 GL error is 0x0
04-13 01:19:48.372  3806  3819 I native-activity: Frame 68 time is 0.187ms
04-13 01:19:48.372  3806  3819 I native-activity: Swap 68 time is 0.324ms
04-13 01:19:48.372  3806  3819 I native-activity: Animating
04-13 01:19:48.372  3806  3819 I native-activity: Frame 69 GL error is 0x0
04-13 01:19:48.372  3806  3819 I native-activity: Frame 69 time is 0.186ms
04-13 01:19:48.372  3806  3819 I native-activity: Swap 69 time is 0.362ms
04-13 01:19:48.372  3806  3819 I native-activity: Animating
04-13 01:19:48.372  3806  3819 I native-activity: Frame 70 GL error is 0x0
04-13 01:19:48.372  3806  3819 I native-activity: Frame 70 time is 0.198ms
04-13 01:19:48.372  3806  3819 I native-activity: Swap 70 time is 0.361ms
04-13 01:19:48.372  3806  3819 I native-activity: Animating
04-13 01:19:48.372  3806  3819 I native-activity: Frame 71 GL error is 0x0
04-13 01:19:48.372  3806  3819 I native-activity: Frame 71 time is 0.200ms
04-13 01:19:48.372  3806  3819 I native-activity: Swap 71 time is 0.384ms
04-13 01:19:48.372  3806  3819 I native-activity: Animating
04-13 01:19:48.372  3806  3819 I native-activity: Frame 72 GL error is 0x0
04-13 01:19:48.372  3806  3819 I native-activity: Frame 72 time is 0.199ms
04-13 01:19:48.372  3806  3819 I native-activity: Swap 72 time is 0.498ms
04-13 01:19:48.372  3806  3819 I native-activity: Animating
04-13 01:19:48.372  3806  3819 I native-activity: Frame 73 GL error is 0x0
04-13 01:19:48.372  3806  3819 I native-activity: Frame 73 time is 0.221ms
04-13 01:19:48.372  3806  3819 I native-activity: Swap 73 time is 0.871ms
04-13 01:19:48.372  3806  3819 I native-activity: Animating
04-13 01:19:48.372  3806  3819 I native-activity: Frame 74 GL error is 0x0
04-13 01:19:48.372  3806  3819 I native-activity: Frame 74 time is 0.287ms
04-13 01:19:48.382  3806  3819 I native-activity: Swap 74 time is 1.049ms
04-13 01:19:48.382  3806  3819 I native-activity: Animating
04-13 01:19:48.382  3806  3819 I native-activity: Frame 75 GL error is 0x0
04-13 01:19:48.382  3806  3819 I native-activity: Frame 75 time is 0.314ms
04-13 01:19:48.382  3806  3819 I native-activity: Swap 75 time is 0.906ms
04-13 01:19:48.382  3806  3819 I native-activity: Animating
04-13 01:19:48.382  3806  3819 I native-activity: Frame 76 GL error is 0x0
04-13 01:19:48.382  3806  3819 I native-activity: Frame 76 time is 0.279ms
04-13 01:19:48.382  3806  3819 I native-activity: Swap 76 time is 0.886ms
04-13 01:19:48.382  3806  3819 I native-activity: Animating
04-13 01:19:48.382  3806  3819 I native-activity: Frame 77 GL error is 0x0
04-13 01:19:48.382  3806  3819 I native-activity: Frame 77 time is 0.284ms
04-13 01:19:48.382  3806  3819 I native-activity: Swap 77 time is 0.959ms
04-13 01:19:48.382  3806  3819 I native-activity: Animating
04-13 01:19:48.382  3806  3819 I native-activity: Frame 78 GL error is 0x0
04-13 01:19:48.382  3806  3819 I native-activity: Frame 78 time is 0.304ms
04-13 01:19:48.382  3806  3819 I native-activity: Swap 78 time is 0.524ms
04-13 01:19:48.382  3806  3819 I native-activity: Animating
04-13 01:19:48.382  3806  3819 I native-activity: Frame 79 GL error is 0x0
04-13 01:19:48.382  3806  3819 I native-activity: Frame 79 time is 0.231ms
04-13 01:19:48.382  3806  3819 I native-activity: Swap 79 time is 0.839ms
04-13 01:19:48.382  3806  3819 I native-activity: Animating
04-13 01:19:48.382  3806  3819 I native-activity: Frame 80 GL error is 0x0
04-13 01:19:48.382  3806  3819 I native-activity: Frame 80 time is 0.279ms
04-13 01:19:48.382  3806  3819 I native-activity: Swap 80 time is 0.785ms
04-13 01:19:48.382  3806  3819 I native-activity: Animating
04-13 01:19:48.382  3806  3819 I native-activity: Frame 81 GL error is 0x0
04-13 01:19:48.382  3806  3819 I native-activity: Frame 81 time is 0.280ms
04-13 01:19:48.382  3806  3819 I native-activity: Swap 81 time is 3.344ms
04-13 01:19:48.382  3806  3819 I native-activity: Animating
04-13 01:19:48.382  3806  3819 I native-activity: Frame 82 GL error is 0x0
04-13 01:19:48.382  3806  3819 I native-activity: Frame 82 time is 0.310ms
04-13 01:19:48.392  3806  3819 I native-activity: Swap 82 time is 5.234ms
04-13 01:19:48.392  3806  3819 I native-activity: Animating
04-13 01:19:48.392  3806  3819 I native-activity: Frame 83 GL error is 0x0
04-13 01:19:48.392  3806  3819 I native-activity: Frame 83 time is 0.291ms
04-13 01:19:48.392  3806  3819 I native-activity: Swap 83 time is 5.150ms
04-13 01:19:48.392  3806  3819 I native-activity: Animating
04-13 01:19:48.402  3806  3819 I native-activity: Frame 84 GL error is 0x0
04-13 01:19:48.402  3806  3819 I native-activity: Frame 84 time is 0.465ms
04-13 01:19:48.402  3806  3819 I native-activity: Swap 84 time is 5.239ms
04-13 01:19:48.402  3806  3819 I native-activity: Animating
04-13 01:19:48.402  3806  3819 I native-activity: Frame 85 GL error is 0x0
04-13 01:19:48.402  3806  3819 I native-activity: Frame 85 time is 0.303ms
04-13 01:19:48.412  3806  3819 I native-activity: Swap 85 time is 5.149ms
04-13 01:19:48.412  3806  3819 I native-activity: Animating
04-13 01:19:48.412  3806  3819 I native-activity: Frame 86 GL error is 0x0
04-13 01:19:48.412  3806  3819 I native-activity: Frame 86 time is 0.324ms
04-13 01:19:48.412  3806  3819 I native-activity: Swap 86 time is 5.281ms
04-13 01:19:48.412  3806  3819 I native-activity: Animating
04-13 01:19:48.412  3806  3819 I native-activity: Frame 87 GL error is 0x0
04-13 01:19:48.412  3806  3819 I native-activity: Frame 87 time is 0.358ms
04-13 01:19:48.422  3806  3819 I native-activity: Swap 87 time is 4.662ms
04-13 01:19:48.422  3806  3819 I native-activity: Animating
04-13 01:19:48.422  3806  3819 I native-activity: Frame 88 GL error is 0x0
04-13 01:19:48.422  3806  3819 I native-activity: Frame 88 time is 0.416ms
04-13 01:19:48.422  3806  3819 I native-activity: Swap 88 time is 4.330ms
04-13 01:19:48.422  3806  3819 I native-activity: Animating
04-13 01:19:48.422  3806  3819 I native-activity: Frame 89 GL error is 0x0
04-13 01:19:48.422  3806  3819 I native-activity: Frame 89 time is 0.380ms
04-13 01:19:48.422  3806  3819 I native-activity: Swap 89 time is 4.341ms
04-13 01:19:48.422  3806  3819 I native-activity: Animating
04-13 01:19:48.422  3806  3819 I native-activity: Frame 90 GL error is 0x0
04-13 01:19:48.422  3806  3819 I native-activity: Frame 90 time is 0.335ms
04-13 01:19:48.432  3806  3819 I native-activity: Swap 90 time is 4.475ms
04-13 01:19:48.432  3806  3819 I native-activity: Animating
04-13 01:19:48.432  3806  3819 I native-activity: Frame 91 GL error is 0x0
04-13 01:19:48.432  3806  3819 I native-activity: Frame 91 time is 0.403ms
04-13 01:19:48.432  3806  3819 I native-activity: Swap 91 time is 4.321ms
04-13 01:19:48.432  3806  3819 I native-activity: Animating
04-13 01:19:48.432  3806  3819 I native-activity: Frame 92 GL error is 0x0
04-13 01:19:48.432  3806  3819 I native-activity: Frame 92 time is 0.286ms
04-13 01:19:48.442  3806  3819 I native-activity: Swap 92 time is 4.450ms
04-13 01:19:48.442  3806  3819 I native-activity: Animating
04-13 01:19:48.442  3806  3819 I native-activity: Frame 93 GL error is 0x0
04-13 01:19:48.442  3806  3819 I native-activity: Frame 93 time is 0.362ms
04-13 01:19:48.442  3806  3819 I native-activity: Swap 93 time is 4.359ms
04-13 01:19:48.442  3806  3819 I native-activity: Animating
04-13 01:19:48.442  3806  3819 I native-activity: Frame 94 GL error is 0x0
04-13 01:19:48.442  3806  3819 I native-activity: Frame 94 time is 0.259ms
04-13 01:19:48.452  3806  3819 I native-activity: Swap 94 time is 4.474ms
04-13 01:19:48.452  3806  3819 I native-activity: Animating
04-13 01:19:48.452  3806  3819 I native-activity: Frame 95 GL error is 0x0
04-13 01:19:48.452  3806  3819 I native-activity: Frame 95 time is 0.392ms
04-13 01:19:48.452  3806  3819 I native-activity: Swap 95 time is 4.334ms
04-13 01:19:48.452  3806  3819 I native-activity: Animating
04-13 01:19:48.452  3806  3819 I native-activity: Frame 96 GL error is 0x0
04-13 01:19:48.452  3806  3819 I native-activity: Frame 96 time is 0.345ms
04-13 01:19:48.462  3806  3819 I native-activity: Swap 96 time is 4.423ms
04-13 01:19:48.462  3806  3819 I native-activity: Animating
04-13 01:19:48.462  3806  3819 I native-activity: Frame 97 GL error is 0x0
04-13 01:19:48.462  3806  3819 I native-activity: Frame 97 time is 0.384ms
04-13 01:19:48.462  3806  3819 I native-activity: Swap 97 time is 4.355ms
04-13 01:19:48.462  3806  3819 I native-activity: Animating
04-13 01:19:48.462  3806  3819 I native-activity: Frame 98 GL error is 0x0
04-13 01:19:48.462  3806  3819 I native-activity: Frame 98 time is 0.394ms
04-13 01:19:48.462  3806  3819 I native-activity: Swap 98 time is 4.435ms
04-13 01:19:48.462  3806  3819 I native-activity: Animating
04-13 01:19:48.472  3806  3819 I native-activity: Frame 99 GL error is 0x0
04-13 01:19:48.472  3806  3819 I native-activity: Frame 99 time is 0.375ms
04-13 01:19:48.472  3806  3819 I native-activity: Swap 99 time is 4.411ms
04-13 01:19:48.472  3806  3819 I native-activity: Animating
04-13 01:19:48.472  3806  3819 I native-activity: Frame 100 GL error is 0x0
04-13 01:19:48.472  3806  3819 I native-activity: Frame 100 time is 0.393ms
04-13 01:19:48.472  1434  2219 D MdnieScenarioControlService:  packageName : com.example.sonicdash_stage1    className : android.app.NativeActivity
04-13 01:19:48.472  3806  3819 I native-activity: Swap 100 time is 4.259ms
04-13 01:19:48.472  3806  3819 I native-activity: Animating
04-13 01:19:48.472  3806  3819 I native-activity: Frame 101 GL error is 0x0
04-13 01:19:48.472  3806  3819 I native-activity: Frame 101 time is 0.424ms
04-13 01:19:48.482  3806  3819 I native-activity: Swap 101 time is 3.960ms
04-13 01:19:48.482  3806  3819 I native-activity: Animating
04-13 01:19:48.482  3806  3819 I native-activity: Frame 102 GL error is 0x0
04-13 01:19:48.482  3806  3819 I native-activity: Frame 102 time is 0.391ms
04-13 01:19:48.482  3806  3819 I native-activity: Swap 102 time is 4.198ms
04-13 01:19:48.482  3806  3819 I native-activity: Animating
04-13 01:19:48.482  3806  3819 I native-activity: Frame 103 GL error is 0x0
04-13 01:19:48.482  3806  3819 I native-activity: Frame 103 time is 0.429ms
04-13 01:19:48.492  3806  3819 I native-activity: Swap 103 time is 4.147ms
04-13 01:19:48.492  3806  3819 I native-activity: Animating
04-13 01:19:48.492  3806  3819 I native-activity: Frame 104 GL error is 0x0
04-13 01:19:48.492  3806  3819 I native-activity: Frame 104 time is 0.331ms
04-13 01:19:48.492  3806  3819 I native-activity: Swap 104 time is 4.156ms
04-13 01:19:48.492  3806  3819 I native-activity: Animating
04-13 01:19:48.492  3806  3819 I native-activity: Frame 105 GL error is 0x0
04-13 01:19:48.492  3806  3819 I native-activity: Frame 105 time is 0.390ms
04-13 01:19:48.502  3806  3819 I native-activity: Swap 105 time is 4.249ms
04-13 01:19:48.502  3806  3819 I native-activity: Animating
04-13 01:19:48.502  3806  3819 I native-activity: Frame 106 GL error is 0x0
04-13 01:19:48.502  3806  3819 I native-activity: Frame 106 time is 0.370ms
04-13 01:19:48.502  3806  3819 I native-activity: Swap 106 time is 3.833ms
04-13 01:19:48.502  3806  3819 I native-activity: Animating
04-13 01:19:48.502  3806  3819 I native-activity: Frame 107 GL error is 0x0
04-13 01:19:48.502  3806  3819 I native-activity: Frame 107 time is 0.331ms
04-13 01:19:48.502  3806  3819 I native-activity: Swap 107 time is 4.063ms
04-13 01:19:48.502  3806  3819 I native-activity: Animating
04-13 01:19:48.502  3806  3819 I native-activity: Frame 108 GL error is 0x0
04-13 01:19:48.502  3806  3819 I native-activity: Frame 108 time is 0.481ms
04-13 01:19:48.512  3806  3819 I native-activity: Swap 108 time is 3.959ms
04-13 01:19:48.512  3806  3819 I native-activity: Animating
04-13 01:19:48.512  3806  3819 I native-activity: Frame 109 GL error is 0x0
04-13 01:19:48.512  3806  3819 I native-activity: Frame 109 time is 0.454ms
04-13 01:19:48.512  3806  3819 I native-activity: Swap 109 time is 4.012ms
04-13 01:19:48.512  3806  3819 I native-activity: Animating
04-13 01:19:48.512  3806  3819 I native-activity: Frame 110 GL error is 0x0
04-13 01:19:48.512  3806  3819 I native-activity: Frame 110 time is 0.523ms
04-13 01:19:48.512  1434  1434 D CustomFrequencyManagerService: releaseDVFSLockLocked : Getting Lock type frm List : DVFS_MIN_LIMIT  frequency : 1555200  uid : 1000  pid : 1434  tag : ACTIVITY_RESUME_BOOSTER@20
04-13 01:19:48.522  3806  3819 I native-activity: Swap 110 time is 4.390ms
04-13 01:19:48.522  3806  3819 I native-activity: Animating
04-13 01:19:48.522  3806  3819 I native-activity: Frame 111 GL error is 0x0
04-13 01:19:48.522  3806  3819 I native-activity: Frame 111 time is 0.982ms
04-13 01:19:48.522  3806  3819 I native-activity: Swap 111 time is 4.369ms
04-13 01:19:48.522  3806  3819 I native-activity: Animating
04-13 01:19:48.522  3806  3819 I native-activity: Frame 112 GL error is 0x0
04-13 01:19:48.522  3806  3819 I native-activity: Frame 112 time is 0.804ms
04-13 01:19:48.522  3806  3819 I native-activity: Swap 112 time is 4.003ms
04-13 01:19:48.522  3806  3819 I native-activity: Animating
04-13 01:19:48.532  3806  3819 I native-activity: Frame 113 GL error is 0x0
04-13 01:19:48.532  3806  3819 I native-activity: Frame 113 time is 0.751ms
04-13 01:19:48.532  3806  3819 I native-activity: Swap 113 time is 3.844ms
04-13 01:19:48.532  3806  3819 I native-activity: Animating
04-13 01:19:48.532  3806  3819 I native-activity: Frame 114 GL error is 0x0
04-13 01:19:48.532  3806  3819 I native-activity: Frame 114 time is 0.623ms
04-13 01:19:48.542  3806  3819 I native-activity: Swap 114 time is 6.322ms
04-13 01:19:48.542  3806  3819 I native-activity: Animating
04-13 01:19:48.542  3806  3819 I native-activity: Frame 115 GL error is 0x0
04-13 01:19:48.542  3806  3819 I native-activity: Frame 115 time is 0.741ms
04-13 01:19:48.542  3806  3819 I native-activity: Swap 115 time is 1.270ms
04-13 01:19:48.542  3806  3819 I native-activity: Animating
04-13 01:19:48.542  3806  3819 I native-activity: Frame 116 GL error is 0x0
04-13 01:19:48.542  3806  3819 I native-activity: Frame 116 time is 0.466ms
04-13 01:19:48.542  3806  3819 I native-activity: Swap 116 time is 5.008ms
04-13 01:19:48.542  3806  3819 I native-activity: Animating
04-13 01:19:48.542  3806  3819 I native-activity: Frame 117 GL error is 0x0
04-13 01:19:48.542  3806  3819 I native-activity: Frame 117 time is 0.746ms
04-13 01:19:48.542  3806  3819 I native-activity: Swap 117 time is 2.749ms
04-13 01:19:48.542  3806  3819 I native-activity: Animating
04-13 01:19:48.552  3806  3819 I native-activity: Frame 118 GL error is 0x0
04-13 01:19:48.552  3806  3819 I native-activity: Frame 118 time is 0.708ms
04-13 01:19:48.552  3806  3819 I native-activity: Swap 118 time is 4.013ms
04-13 01:19:48.552  3806  3819 I native-activity: Animating
04-13 01:19:48.552  3806  3819 I native-activity: Frame 119 GL error is 0x0
04-13 01:19:48.552  3806  3819 I native-activity: Frame 119 time is 1.014ms
04-13 01:19:48.552  3806  3819 I native-activity: Swap 119 time is 4.324ms
04-13 01:19:48.552  3806  3819 I native-activity: Animating
04-13 01:19:48.552  3806  3819 I native-activity: Frame 120 GL error is 0x0
04-13 01:19:48.552  3806  3819 I native-activity: Frame 120 time is 0.679ms
04-13 01:19:48.562  3806  3819 I native-activity: Swap 120 time is 3.701ms
04-13 01:19:48.562  3806  3819 I native-activity: Animating
04-13 01:19:48.562  3806  3819 I native-activity: Frame 121 GL error is 0x0
04-13 01:19:48.562  3806  3819 I native-activity: Frame 121 time is 0.647ms
04-13 01:19:48.562  3806  3819 I native-activity: Swap 121 time is 4.239ms
04-13 01:19:48.562  3806  3819 I native-activity: Animating
04-13 01:19:48.562  3806  3819 I native-activity: Frame 122 GL error is 0x0
04-13 01:19:48.562  3806  3819 I native-activity: Frame 122 time is 0.682ms
04-13 01:19:48.572  3806  3819 I native-activity: Swap 122 time is 3.734ms
04-13 01:19:48.572  3806  3819 I native-activity: Animating
04-13 01:19:48.572  3806  3819 I native-activity: Frame 123 GL error is 0x0
04-13 01:19:48.572  3806  3819 I native-activity: Frame 123 time is 0.632ms
04-13 01:19:48.572  3806  3819 I native-activity: Swap 123 time is 3.767ms
04-13 01:19:48.572  3806  3819 I native-activity: Animating
04-13 01:19:48.572  3806  3819 I native-activity: Frame 124 GL error is 0x0
04-13 01:19:48.572  3806  3819 I native-activity: Frame 124 time is 0.811ms
04-13 01:19:48.572  3806  3819 I native-activity: Swap 124 time is 3.885ms
04-13 01:19:48.572  3806  3819 I native-activity: Animating
04-13 01:19:48.572  1434  2219 I MdnieScenarioControlService: mGameModeLauncher : false
04-13 01:19:48.572  3806  3819 I native-activity: Frame 125 GL error is 0x0
04-13 01:19:48.572  3806  3819 I native-activity: Frame 125 time is 0.639ms
04-13 01:19:48.582  3806  3819 I native-activity: Swap 125 time is 3.976ms
04-13 01:19:48.582  3806  3819 I native-activity: Animating
04-13 01:19:48.582  3806  3819 I native-activity: Frame 126 GL error is 0x0
04-13 01:19:48.582  3806  3819 I native-activity: Frame 126 time is 0.979ms
04-13 01:19:48.582  3806  3819 I native-activity: Swap 126 time is 4.560ms
04-13 01:19:48.582  1434  2219 I MdnieScenarioControlService: setUIMode
04-13 01:19:48.582  3806  3819 I native-activity: Animating
04-13 01:19:48.582  3806  3819 I native-activity: Frame 127 GL error is 0x0
04-13 01:19:48.582  3806  3819 I native-activity: Frame 127 time is 0.872ms
04-13 01:19:48.592  3806  3819 I native-activity: Swap 127 time is 3.124ms
04-13 01:19:48.592  3806  3819 I native-activity: Animating
04-13 01:19:48.592  3806  3819 I native-activity: Frame 128 GL error is 0x0
04-13 01:19:48.592  3806  3819 I native-activity: Frame 128 time is 0.792ms
04-13 01:19:48.592  3806  3819 I native-activity: Swap 128 time is 4.243ms
04-13 01:19:48.592  3806  3819 I native-activity: Animating
04-13 01:19:48.592  3806  3819 I native-activity: Frame 129 GL error is 0x0
04-13 01:19:48.592  3806  3819 I native-activity: Frame 129 time is 0.784ms
04-13 01:19:48.592  3806  3819 I native-activity: Swap 129 time is 3.905ms
04-13 01:19:48.592  3806  3819 I native-activity: Animating
04-13 01:19:48.602  3806  3819 I native-activity: Frame 130 GL error is 0x0
04-13 01:19:48.602  3806  3819 I native-activity: Frame 130 time is 0.780ms
04-13 01:19:48.602  3806  3819 I native-activity: Swap 130 time is 3.538ms
04-13 01:19:48.602  3806  3819 I native-activity: Animating
04-13 01:19:48.602  3806  3819 I native-activity: Frame 131 GL error is 0x0
04-13 01:19:48.602  3806  3819 I native-activity: Frame 131 time is 0.854ms
04-13 01:19:48.602  3806  3819 I native-activity: Swap 131 time is 3.899ms
04-13 01:19:48.602  3806  3819 I native-activity: Animating
04-13 01:19:48.602  3806  3819 I native-activity: Frame 132 GL error is 0x0
04-13 01:19:48.602  3806  3819 I native-activity: Frame 132 time is 0.760ms
04-13 01:19:48.612  3806  3819 I native-activity: Swap 132 time is 3.893ms
04-13 01:19:48.612  3806  3819 I native-activity: Animating
04-13 01:19:48.612  3806  3819 I native-activity: Frame 133 GL error is 0x0
04-13 01:19:48.612  3806  3819 I native-activity: Frame 133 time is 0.777ms
04-13 01:19:48.612  3806  3819 I native-activity: Swap 133 time is 4.271ms
04-13 01:19:48.612  3806  3819 I native-activity: Animating
04-13 01:19:48.612  3806  3819 I native-activity: Frame 134 GL error is 0x0
04-13 01:19:48.612  3806  3819 I native-activity: Frame 134 time is 1.135ms
04-13 01:19:48.612  3806  3819 I native-activity: Swap 134 time is 3.664ms
04-13 01:19:48.622  3806  3819 I native-activity: Animating
04-13 01:19:48.622  3806  3819 I native-activity: Frame 135 GL error is 0x0
04-13 01:19:48.622  3806  3819 I native-activity: Frame 135 time is 1.063ms
04-13 01:19:48.622  3806  3819 I native-activity: Swap 135 time is 3.641ms
04-13 01:19:48.622  3806  3819 I native-activity: Animating
04-13 01:19:48.622  3806  3819 I native-activity: Frame 136 GL error is 0x0
04-13 01:19:48.622  3806  3819 I native-activity: Frame 136 time is 1.108ms
04-13 01:19:48.622  3806  3819 I native-activity: Swap 136 time is 3.764ms
04-13 01:19:48.622  3806  3819 I native-activity: Animating
04-13 01:19:48.622  3806  3819 I native-activity: Frame 137 GL error is 0x0
04-13 01:19:48.622  3806  3819 I native-activity: Frame 137 time is 0.967ms
04-13 01:19:48.632  3806  3819 I native-activity: Swap 137 time is 3.740ms
04-13 01:19:48.632  3806  3819 I native-activity: Animating
04-13 01:19:48.632  3806  3819 I native-activity: Frame 138 GL error is 0x0
04-13 01:19:48.632  3806  3819 I native-activity: Frame 138 time is 1.047ms
04-13 01:19:48.632  3806  3819 I native-activity: Swap 138 time is 3.819ms
04-13 01:19:48.632  3806  3819 I native-activity: Animating
04-13 01:19:48.632  3806  3819 I native-activity: Frame 139 GL error is 0x0
04-13 01:19:48.632  3806  3819 I native-activity: Frame 139 time is 0.966ms
04-13 01:19:48.642  3806  3819 I native-activity: Swap 139 time is 3.980ms
04-13 01:19:48.642  3806  3819 I native-activity: Animating
04-13 01:19:48.642  3806  3819 I native-activity: Frame 140 GL error is 0x0
04-13 01:19:48.642  3806  3819 I native-activity: Frame 140 time is 0.755ms
04-13 01:19:48.642  3806  3819 I native-activity: Swap 140 time is 4.022ms
04-13 01:19:48.642  3806  3819 I native-activity: Animating
04-13 01:19:48.642  3806  3819 I native-activity: Frame 141 GL error is 0x0
04-13 01:19:48.642  3806  3819 I native-activity: Frame 141 time is 1.676ms
04-13 01:19:48.642  3806  3819 I native-activity: Swap 141 time is 3.242ms
04-13 01:19:48.642  3806  3819 I native-activity: Animating
04-13 01:19:48.652  3806  3819 I native-activity: Frame 142 GL error is 0x0
04-13 01:19:48.652  3806  3819 I native-activity: Frame 142 time is 1.522ms
04-13 01:19:48.652  3806  3819 I native-activity: Swap 142 time is 4.503ms
04-13 01:19:48.652  3806  3819 I native-activity: Animating
04-13 01:19:48.652  3806  3819 I native-activity: Frame 143 GL error is 0x0
04-13 01:19:48.652  3806  3819 I native-activity: Frame 143 time is 1.837ms
04-13 01:19:48.652  3806  3819 I native-activity: Swap 143 time is 3.122ms
04-13 01:19:48.652  3806  3819 I native-activity: Animating
04-13 01:19:48.652  3806  3819 I native-activity: Frame 144 GL error is 0x0
04-13 01:19:48.652  3806  3819 I native-activity: Frame 144 time is 1.482ms
04-13 01:19:48.662  3806  3819 I native-activity: Swap 144 time is 3.025ms
04-13 01:19:48.662  3806  3819 I native-activity: Animating
04-13 01:19:48.662  3806  3819 I native-activity: Frame 145 GL error is 0x0
04-13 01:19:48.662  3806  3819 I native-activity: Frame 145 time is 0.999ms
04-13 01:19:48.662  3806  3819 I native-activity: Swap 145 time is 4.080ms
04-13 01:19:48.662  3806  3819 I native-activity: Animating
04-13 01:19:48.662  3806  3819 I native-activity: Frame 146 GL error is 0x0
04-13 01:19:48.662  3806  3819 I native-activity: Frame 146 time is 0.590ms
04-13 01:19:48.662  3806  3819 I native-activity: Swap 146 time is 4.273ms
04-13 01:19:48.662  3806  3819 I native-activity: Animating
04-13 01:19:48.672  3806  3819 I native-activity: Frame 147 GL error is 0x0
04-13 01:19:48.672  3806  3819 I native-activity: Frame 147 time is 1.159ms
04-13 01:19:48.672  3806  3819 I native-activity: Swap 147 time is 3.264ms
04-13 01:19:48.672  3806  3819 I native-activity: Animating
04-13 01:19:48.672  3806  3819 I native-activity: Frame 148 GL error is 0x0
04-13 01:19:48.672  3806  3819 I native-activity: Frame 148 time is 1.268ms
04-13 01:19:48.672  3806  3819 I native-activity: Swap 148 time is 4.122ms
04-13 01:19:48.672  3806  3819 I native-activity: Animating
04-13 01:19:48.672  3806  3819 I native-activity: Frame 149 GL error is 0x0
04-13 01:19:48.672  3806  3819 I native-activity: Frame 149 time is 1.085ms
04-13 01:19:48.682  3806  3819 I native-activity: Swap 149 time is 3.908ms
04-13 01:19:48.682  3806  3819 I native-activity: Animating
04-13 01:19:48.682  3806  3819 I native-activity: Frame 150 GL error is 0x0
04-13 01:19:48.682  3806  3819 I native-activity: Frame 150 time is 1.032ms
04-13 01:19:48.682  3806  3819 I native-activity: Swap 150 time is 3.763ms
04-13 01:19:48.682  3806  3819 I native-activity: Animating
04-13 01:19:48.682  3806  3819 I native-activity: Frame 151 GL error is 0x0
04-13 01:19:48.682  3806  3819 I native-activity: Frame 151 time is 0.892ms
04-13 01:19:48.682  3806  3819 I native-activity: Swap 151 time is 4.022ms
04-13 01:19:48.692  3806  3819 I native-activity: Animating
04-13 01:19:48.692  3806  3819 I native-activity: Frame 152 GL error is 0x0
04-13 01:19:48.692  3806  3819 I native-activity: Frame 152 time is 0.899ms
04-13 01:19:48.692  3806  3819 I native-activity: Swap 152 time is 3.574ms
04-13 01:19:48.692  3806  3819 I native-activity: Animating
04-13 01:19:48.692  3806  3819 I native-activity: Frame 153 GL error is 0x0
04-13 01:19:48.692  3806  3819 I native-activity: Frame 153 time is 0.841ms
04-13 01:19:48.692  3806  3819 I native-activity: Swap 153 time is 3.925ms
04-13 01:19:48.692  3806  3819 I native-activity: Animating
04-13 01:19:48.692  3806  3819 I native-activity: Frame 154 GL error is 0x0
04-13 01:19:48.692  3806  3819 I native-activity: Frame 154 time is 0.882ms
04-13 01:19:48.702  3806  3819 I native-activity: Swap 154 time is 3.511ms
04-13 01:19:48.702  3806  3819 I native-activity: Animating
04-13 01:19:48.702  3806  3819 I native-activity: Frame 155 GL error is 0x0
04-13 01:19:48.702  3806  3819 I native-activity: Frame 155 time is 0.664ms
