04-13 01:19:03.282  3508  3522 I native-activity: Context 0xee531680 made current on surface 0xee5296c0, error 0x3000
04-13 01:19:03.282  3508  3522 I native-activity: GL information
04-13 01:19:03.282  3508  3522 I native-activity: 	Renderer: Adreno (TM) 530
04-13 01:19:03.282  3508  3522 I native-activity: 	Vendor: Qualcomm
04-13 01:19:03.282  3508  3522 I native-activity: 	Version: OpenGL ES 3.2 V@145.0 (GIT@I5bc0f577f9)
04-13 01:19:03.282  3508  3522 I native-activity: 	Shading Language: OpenGL ES GLSL ES 3.20
04-13 01:19:03.282  3508  3522 I native-activity: 	Extensions: GL_OES_EGL_image GL_OES_EGL_image_external GL_OES_EGL_sync GL_OES_vertex_half_float GL_OES_framebuffer_object GL_OES_rgb8_rgba8 GL_OES_compressed_ETC1_RGB8_texture GL_AMD_compressed_ATC_texture GL_KHR_texture_compression_astc_ldr GL_KHR_texture_compression_astc_hdr GL_OES_texture_compression_astc GL_OES_texture_npot GL_EXT_texture_filter_anisotropic GL_EXT_texture_format_BGRA8888 GL_OES_texture_3D GL_EXT_color_buffer_float GL_EXT_color_buffer_half_float GL_QCOM_alpha_test GL_OES_depth24 GL_OES_packed_depth_stencil GL_OES_depth_texture GL_OES_depth_texture_cube_map GL_EXT_sRGB GL_OES_texture_float GL_OES_texture_float_linear GL_OES_texture_half_float GL_OES_texture_half_float_linear GL_EXT_texture_type_2_10_10_10_REV GL_EXT_texture_sRGB_decode GL_OES_element_index_uint GL_EXT_copy_image GL_EXT_geometry_shader GL_EXT_tessellation_shader GL_OES_texture_stencil8 GL_EXT_shader_io_blocks GL_OES_shader_image_atomic GL_OES_sample_variables GL_EXT_texture_border_clamp GL_EXT_multisampled_render_to_textur
04-13 01:19:03.282  3508  3522 I native-activity: Frame 3 GL error is 0x0
04-13 01:19:03.282  3508  3522 I native-activity: Frame 3 time is 0.092ms
04-13 01:19:03.282  3508  3522 I native-activity: Swap 3 time is 0.513ms
04-13 01:19:03.282  3508  3522 I native-activity: Animating
04-13 01:19:03.322  3508  3522 I native-activity: Frame 4 GL error is 0x501
04-13 01:19:03.322  3508  3522 I native-activity: Frame 4 time is 41.627ms
04-13 01:19:03.322  3508  3522 I native-activity: Swap 4 time is 41.980ms
04-13 01:19:03.322  3508  3522 I native-activity: Animating
04-13 01:19:03.322  3508  3522 I native-activity: Frame 5 GL error is 0x0
04-13 01:19:03.322  3508  3522 I native-activity: Frame 5 time is 0.231ms
04-13 01:19:03.322  3508  3522 I native-activity: Swap 5 time is 0.411ms
04-13 01:19:03.322  3508  3522 I native-activity: Animating
04-13 01:19:03.322  3508  3522 I native-activity: Frame 6 GL error is 0x0
04-13 01:19:03.322  3508  3522 I native-activity: Frame 6 time is 0.195ms
04-13 01:19:03.322  3508  3522 I native-activity: Swap 6 time is 0.364ms
04-13 01:19:03.322  3508  3522 I native-activity: Animating
04-13 01:19:03.322  3508  3522 I native-activity: Frame 7 GL error is 0x0
04-13 01:19:03.322  3508  3522 I native-activity: Frame 7 time is 0.166ms
04-13 01:19:03.322  3508  3522 I native-activity: Swap 7 time is 0.477ms
04-13 01:19:03.322  3508  3522 I native-activity: Animating
04-13 01:19:03.322  3508  3522 I native-activity: Frame 8 GL error is 0x0
04-13 01:19:03.322  3508  3522 I native-activity: Frame 8 time is 0.575ms
04-13 01:19:03.322  3508  3522 I native-activity: Swap 8 time is 0.979ms
04-13 01:19:03.322  3508  3522 I native-activity: Animating
04-13 01:19:03.322  3508  3522 I native-activity: Frame 9 GL error is 0x0
04-13 01:19:03.322  3508  3522 I native-activity: Frame 9 time is 0.221ms
04-13 01:19:03.322  3508  3522 I native-activity: Swap 9 time is 0.431ms
04-13 01:19:03.322  3508  3522 I native-activity: Animating
04-13 01:19:03.322  3508  3522 I native-activity: Frame 10 GL error is 0x0
04-13 01:19:03.322  3508  3522 I native-activity: Frame 10 time is 0.254ms
04-13 01:19:03.322  3508  3522 I native-activity: Swap 10 time is 0.538ms
04-13 01:19:03.322  3508  3522 I native-activity: Animating
04-13 01:19:03.322  3508  3522 I native-activity: Frame 11 GL error is 0x0
04-13 01:19:03.322  3508  3522 I native-activity: Frame 11 time is 0.207ms
04-13 01:19:03.322  3508  3522 I native-activity: Swap 11 time is 0.369ms
04-13 01:19:03.322  3508  3522 I native-activity: Animating
04-13 01:19:03.322  3508  3522 I native-activity: Frame 12 GL error is 0x0
04-13 01:19:03.322  3508  3522 I native-activity: Frame 12 time is 0.170ms
04-13 01:19:03.322  3508  3522 I native-activity: Swap 12 time is 0.466ms
04-13 01:19:03.322  3508  3522 I native-activity: Animating
04-13 01:19:03.322  3508  3522 I native-activity: Frame 13 GL error is 0x0
04-13 01:19:03.322  3508  3522 I native-activity: Frame 13 time is 0.215ms
04-13 01:19:03.322  3508  3522 I native-activity: Swap 13 time is 0.500ms
04-13 01:19:03.322  3508  3522 I native-activity: Animating
04-13 01:19:03.332  3508  3522 I native-activity: Frame 14 GL error is 0x0
04-13 01:19:03.332  3508  3522 I native-activity: Frame 14 time is 0.247ms
04-13 01:19:03.332  3508  3522 I native-activity: Swap 14 time is 0.427ms
04-13 01:19:03.332  3508  3522 I native-activity: Animating
04-13 01:19:03.332  3508  3522 I native-activity: Frame 15 GL error is 0x0
04-13 01:19:03.332  3508  3522 I native-activity: Frame 15 time is 0.190ms
04-13 01:19:03.332  3508  3522 I native-activity: Swap 15 time is 0.329ms
04-13 01:19:03.332  3508  3522 I native-activity: Animating
04-13 01:19:03.332  3508  3522 I native-activity: Frame 16 GL error is 0x0
04-13 01:19:03.332  3508  3522 I native-activity: Frame 16 time is 0.153ms
04-13 01:19:03.332  3508  3522 I native-activity: Swap 16 time is 0.671ms
04-13 01:19:03.332  3508  3522 I native-activity: Animating
04-13 01:19:03.332  3508  3522 I native-activity: Frame 17 GL error is 0x0
04-13 01:19:03.332  3508  3522 I native-activity: Frame 17 time is 0.245ms
04-13 01:19:03.332  3508  3522 I native-activity: Swap 17 time is 0.431ms
04-13 01:19:03.332  3508  3522 I native-activity: Animating
04-13 01:19:03.332  3508  3522 I native-activity: Frame 18 GL error is 0x0
04-13 01:19:03.332  3508  3522 I native-activity: Frame 18 time is 0.170ms
04-13 01:19:03.332  3508  3522 I native-activity: Swap 18 time is 0.284ms
04-13 01:19:03.332  3508  3522 I native-activity: Animating
04-13 01:19:03.332  3508  3522 I native-activity: Frame 19 GL error is 0x0
04-13 01:19:03.332  3508  3522 I native-activity: Frame 19 time is 0.165ms
04-13 01:19:03.332  3508  3522 I native-activity: Swap 19 time is 0.585ms
04-13 01:19:03.332  3508  3522 I native-activity: Animating
04-13 01:19:03.332  3508  3522 I native-activity: Frame 20 GL error is 0x0
04-13 01:19:03.332  3508  3522 I native-activity: Frame 20 time is 0.230ms
04-13 01:19:03.332  3508  3522 I native-activity: Swap 20 time is 0.373ms
04-13 01:19:03.332  3508  3522 I native-activity: Animating
04-13 01:19:03.332  3508  3522 I native-activity: Frame 21 GL error is 0x0
04-13 01:19:03.332  3508  3522 I native-activity: Frame 21 time is 0.161ms
04-13 01:19:03.332  3508  3522 I native-activity: Swap 21 time is 0.415ms
04-13 01:19:03.332  3508  3522 I native-activity: Animating
04-13 01:19:03.332  3508  3522 I native-activity: Frame 22 GL error is 0x0
04-13 01:19:03.332  3508  3522 I native-activity: Frame 22 time is 0.190ms
04-13 01:19:03.332  3508  3522 I native-activity: Swap 22 time is 0.499ms
04-13 01:19:03.332  3508  3522 I native-activity: Animating
04-13 01:19:03.332  3508  3522 I native-activity: Frame 23 GL error is 0x0
04-13 01:19:03.332  3508  3522 I native-activity: Frame 23 time is 0.218ms
04-13 01:19:03.332  3508  3522 I native-activity: Swap 23 time is 0.344ms
04-13 01:19:03.332  3508  3522 I native-activity: Animating
04-13 01:19:03.332  3508  3522 I native-activity: Frame 24 GL error is 0x0
04-13 01:19:03.332  3508  3522 I native-activity: Frame 24 time is 0.151ms
04-13 01:19:03.332  3508  3522 I native-activity: Swap 24 time is 0.501ms
04-13 01:19:03.332  3508  3522 I native-activity: Animating
04-13 01:19:03.332  3508  3522 I native-activity: Frame 25 GL error is 0x0
04-13 01:19:03.332  3508  3522 I native-activity: Frame 25 time is 0.220ms
04-13 01:19:03.332  3508  3522 I native-activity: Swap 25 time is 0.442ms
04-13 01:19:03.332  3508  3522 I native-activity: Animating
04-13 01:19:03.332  3508  3522 I native-activity: Frame 26 GL error is 0x0
04-13 01:19:03.332  3508  3522 I native-activity: Frame 26 time is 0.175ms
04-13 01:19:03.332  3508  3522 I native-activity: Swap 26 time is 0.303ms
04-13 01:19:03.332  3508  3522 I native-activity: Animating
04-13 01:19:03.332  3508  3522 I native-activity: Frame 27 GL error is 0x0
04-13 01:19:03.332  3508  3522 I native-activity: Frame 27 time is 0.163ms
04-13 01:19:03.332  3508  3522 I native-activity: Swap 27 time is 0.558ms
04-13 01:19:03.332  3508  3522 I native-activity: Animating
04-13 01:19:03.332  3508  3522 I native-activity: Frame 28 GL error is 0x0
04-13 01:19:03.332  3508  3522 I native-activity: Frame 28 time is 0.243ms
04-13 01:19:03.332  3508  3522 I native-activity: Swap 28 time is 0.487ms
04-13 01:19:03.332  3508  3522 I native-activity: Animating
04-13 01:19:03.332  3508  3522 I native-activity: Frame 29 GL error is 0x0
04-13 01:19:03.332  3508  3522 I native-activity: Frame 29 time is 0.175ms
04-13 01:19:03.332  3508  3522 I native-activity: Swap 29 time is 0.306ms
04-13 01:19:03.332  3508  3522 I native-activity: Animating
04-13 01:19:03.332  3508  3522 I native-activity: Frame 30 GL error is 0x0
04-13 01:19:03.332  3508  3522 I native-activity: Frame 30 time is 0.165ms
04-13 01:19:03.332  3508  3522 I native-activity: Swap 30 time is 0.525ms
04-13 01:19:03.332  3508  3522 I native-activity: Animating
04-13 01:19:03.332  1434  2219 D MdnieScenarioControlService:  packageName : com.example.sonicdash_stage1    className : android.app.NativeActivity
04-13 01:19:03.342  3508  3522 I native-activity: Frame 31 GL error is 0x0
04-13 01:19:03.342  3508  3522 I native-activity: Frame 31 time is 5.365ms
04-13 01:19:03.342  3508  3522 I native-activity: Swap 31 time is 5.607ms
04-13 01:19:03.342  3508  3522 I native-activity: Animating
04-13 01:19:03.362  3508  3522 I native-activity: Frame 32 GL error is 0x0
04-13 01:19:03.362  3508  3522 I native-activity: Frame 32 time is 20.504ms
04-13 01:19:03.362  3508  3522 I native-activity: Swap 32 time is 20.822ms
04-13 01:19:03.362  3508  3522 I native-activity: Animating
04-13 01:19:03.372  3508  3522 I native-activity: Frame 33 GL error is 0x0
04-13 01:19:03.372  3508  3522 I native-activity: Frame 33 time is 14.998ms
04-13 01:19:03.372  3508  3522 I native-activity: Swap 33 time is 15.310ms
04-13 01:19:03.372  3508  3522 I native-activity: Animating
04-13 01:19:03.392  1434  1612 I Timeline: Timeline: Activity_windows_visible id: ActivityRecord{4e972c7 u0 com.example.sonicdash_stage1/android.app.NativeActivity t1457} time:196023837
04-13 01:19:03.392   648  2746 I SurfaceFlinger: id=3855 Removed tonicdash_s (7/11)
04-13 01:19:03.392   648   670 I SurfaceFlinger: id=3855 Removed tonicdash_s (-2/11)
04-13 01:19:03.392  1434  6994 D GameManagerService: identifyGamePackage. com.example.sonicdash_stage1
04-13 01:19:03.392  1434  1612 D CustomFrequencyManagerService: releaseDVFSLockLocked : Getting Lock type frm List : DVFS_MIN_LIMIT  frequency : 1555200  uid : 1000  pid : 1434  tag : ACTIVITY_RESUME_BOOSTER@14
04-13 01:19:03.392  1434  1612 D ActivityManager: mDVFSHelper.release()
04-13 01:19:03.402  2590  2590 D Launcher.HomeView: onStop
04-13 01:19:03.402  2590  2590 D capture : ----destroy
04-13 01:19:03.402   648   648 D libEGL  : eglTerminate EGLDisplay = 0x7ff9c80278
04-13 01:19:03.412  1434  1612 D KnoxTimeoutHandler: notifyActivityDrawn [MsgParam] userId: 0 fullscreen is true showWhenlocked is false
04-13 01:19:03.412  1434  1434 D KnoxTimeoutHandler: activityDrawn [MsgParam] userId: 0 fullscreen is true showWhenlocked is false
04-13 01:19:03.412  1434  1434 I KnoxTimeoutHandler: SD activityfalse
04-13 01:19:03.412  1434  2164 D NetworkPolicy: isUidForegroundLocked: 10078, mScreenOn: true, uidstate: 3, mProxSensorScreenOff: false
04-13 01:19:03.412  1434  1531 D CustomFrequencyManagerService: acquireDVFSLockLocked : type : DVFS_MIN_LIMIT  frequency : 1555200  uid : 1000  pid : 1434  pkgName : ACTIVITY_RESUME_BOOSTER@20
04-13 01:19:03.422  2590  2590 D Launcher: onTrimMemory. Level: 20
04-13 01:19:03.422  2590  2590 V ActivityThread: updateVisibility : ActivityRecord{46ba7e token=android.os.BinderProxy@15e180a {com.sec.android.app.launcher/com.sec.android.app.launcher.activities.LauncherActivity}} show : false
04-13 01:19:03.432  1434  2219 I MdnieScenarioControlService: mGameModeLauncher : false
04-13 01:19:03.432  1434  2219 I MdnieScenarioControlService: setUIMode
04-13 01:19:03.452  3508  3522 I native-activity: Frame 34 GL error is 0x0
04-13 01:19:03.452  3508  3522 I native-activity: Frame 34 time is 70.426ms
04-13 01:19:03.452  3508  3522 I native-activity: Swap 34 time is 70.750ms
04-13 01:19:03.452  3508  3522 I native-activity: Animating
04-13 01:19:03.462   648   670 I SurfaceFlinger: id=3854 Removed MauncherAct (3/10)
04-13 01:19:03.462   648  3737 I SurfaceFlinger: id=3854 Removed MauncherAct (-2/10)
04-13 01:19:03.462 30475 30475 D ImageWallpaper: onVisibilityChanged:false
04-13 01:19:03.462 30475 30475 D ImageWallpaper: drawFrame
04-13 01:19:03.462 30475 30475 D ImageWallpaper: drawFrame:false rotation:0 mLastRotation:0
04-13 01:19:03.462 30475 30475 D ImageWallpaper: drawFrame:[frame.width()]2240[frame.height()]2560
04-13 01:19:03.462 30475 30475 D ImageWallpaper: Suppressed drawFrame since redraw is not needed and offsets have not changed.
04-13 01:19:03.462  3508  3522 I native-activity: Frame 35 GL error is 0x0
04-13 01:19:03.462  3508  3522 I native-activity: Frame 35 time is 17.161ms
04-13 01:19:03.462  3508  3522 I native-activity: Swap 35 time is 17.466ms
04-13 01:19:03.462  3508  3522 I native-activity: Animating
04-13 01:19:03.472   648   648 D libEGL  : eglTerminate EGLDisplay = 0x7ff9c80278
04-13 01:19:03.502  3508  3522 I native-activity: Frame 36 GL error is 0x501
04-13 01:19:03.502  3508  3522 I native-activity: Frame 36 time is 35.001ms
04-13 01:19:03.502  3508  3522 I native-activity: Swap 36 time is 35.353ms
04-13 01:19:03.502  3508  3522 I native-activity: Animating
04-13 01:19:03.512  3508  3522 I native-activity: Frame 37 GL error is 0x501
04-13 01:19:03.512  3508  3522 I native-activity: Frame 37 time is 7.067ms
04-13 01:19:03.512  3508  3522 I native-activity: Swap 37 time is 7.377ms
04-13 01:19:03.512  3508  3522 I native-activity: Animating
04-13 01:19:03.512  3508  3522 I native-activity: Frame 38 GL error is 0x501
04-13 01:19:03.512  3508  3522 I native-activity: Frame 38 time is 8.361ms
04-13 01:19:03.522  3508  3522 I native-activity: Swap 38 time is 9.236ms
04-13 01:19:03.522  3508  3522 I native-activity: Animating
04-13 01:19:03.522  3508  3522 I native-activity: Frame 39 GL error is 0x0
04-13 01:19:03.522  3508  3522 I native-activity: Frame 39 time is 5.436ms
04-13 01:19:03.522  3508  3522 I native-activity: Swap 39 time is 5.767ms
04-13 01:19:03.522  3508  3522 I native-activity: Animating
04-13 01:19:03.532  3508  3522 I native-activity: Frame 40 GL error is 0x0
04-13 01:19:03.532  3508  3522 I native-activity: Frame 40 time is 6.144ms
04-13 01:19:03.532  3508  3522 I native-activity: Swap 40 time is 6.459ms
04-13 01:19:03.532  3508  3522 I native-activity: Animating
04-13 01:19:03.532  3508  3522 I native-activity: Frame 41 GL error is 0x0
04-13 01:19:03.532  3508  3522 I native-activity: Frame 41 time is 5.337ms
04-13 01:19:03.532  3508  3522 I native-activity: Swap 41 time is 5.654ms
04-13 01:19:03.532  3508  3522 I native-activity: Animating
04-13 01:19:03.542  3508  3522 I native-activity: Frame 42 GL error is 0x0
04-13 01:19:03.542  3508  3522 I native-activity: Frame 42 time is 4.906ms
04-13 01:19:03.542  3508  3522 I native-activity: Swap 42 time is 5.211ms
04-13 01:19:03.542  3508  3522 I native-activity: Animating
04-13 01:19:03.542  3508  3522 I native-activity: Frame 43 GL error is 0x0
04-13 01:19:03.542  3508  3522 I native-activity: Frame 43 time is 5.739ms
04-13 01:19:03.542  3508  3522 I native-activity: Swap 43 time is 6.051ms
04-13 01:19:03.552  3508  3522 I native-activity: Animating
04-13 01:19:03.552  3508  3522 I native-activity: Frame 44 GL error is 0x0
04-13 01:19:03.552  3508  3522 I native-activity: Frame 44 time is 5.532ms
04-13 01:19:03.552  3508  3522 I native-activity: Swap 44 time is 5.832ms
04-13 01:19:03.552  3508  3522 I native-activity: Animating
04-13 01:19:03.562  3508  3522 I native-activity: Frame 45 GL error is 0x501
04-13 01:19:03.562  3508  3522 I native-activity: Frame 45 time is 13.331ms
04-13 01:19:03.562  3508  3522 I native-activity: Swap 45 time is 13.644ms
04-13 01:19:03.562  3508  3522 I native-activity: Animating
04-13 01:19:03.572  3508  3522 I native-activity: Frame 46 GL error is 0x501
04-13 01:19:03.572  3508  3522 I native-activity: Frame 46 time is 7.736ms
04-13 01:19:03.572  3508  3522 I native-activity: Swap 46 time is 8.050ms
04-13 01:19:03.572  3508  3522 I native-activity: Animating
04-13 01:19:03.582  3508  3522 I native-activity: Frame 47 GL error is 0x501
04-13 01:19:03.582  3508  3522 I native-activity: Frame 47 time is 6.024ms
04-13 01:19:03.582  3508  3522 I native-activity: Swap 47 time is 6.357ms
04-13 01:19:03.582  3508  3522 I native-activity: Animating
04-13 01:19:03.582  3508  3522 I native-activity: Frame 48 GL error is 0x0
04-13 01:19:03.582  3508  3522 I native-activity: Frame 48 time is 0.200ms
04-13 01:19:03.582  3508  3522 I native-activity: Swap 48 time is 0.351ms
04-13 01:19:03.582  3508  3522 I native-activity: Animating
04-13 01:19:03.582  3508  3522 I native-activity: Frame 49 GL error is 0x0
04-13 01:19:03.582  3508  3522 I native-activity: Frame 49 time is 0.194ms
04-13 01:19:03.582  3508  3522 I native-activity: Swap 49 time is 0.344ms
04-13 01:19:03.582  3508  3522 I native-activity: Animating
04-13 01:19:03.582  3508  3522 I native-activity: Frame 50 GL error is 0x0
04-13 01:19:03.582  3508  3522 I native-activity: Frame 50 time is 0.203ms
04-13 01:19:03.582  3508  3522 I native-activity: Swap 50 time is 0.356ms
04-13 01:19:03.582  3508  3522 I native-activity: Animating
04-13 01:19:03.582  3508  3522 I native-activity: Frame 51 GL error is 0x0
04-13 01:19:03.582  3508  3522 I native-activity: Frame 51 time is 0.238ms
04-13 01:19:03.582  3508  3522 I native-activity: Swap 51 time is 0.403ms
04-13 01:19:03.582  3508  3522 I native-activity: Animating
04-13 01:19:03.582  3508  3522 I native-activity: Frame 52 GL error is 0x0
04-13 01:19:03.582  3508  3522 I native-activity: Frame 52 time is 0.226ms
04-13 01:19:03.582  3508  3522 I native-activity: Swap 52 time is 0.393ms
04-13 01:19:03.582  3508  3522 I native-activity: Animating
04-13 01:19:03.582  3508  3522 I native-activity: Frame 53 GL error is 0x0
04-13 01:19:03.582  3508  3522 I native-activity: Frame 53 time is 0.170ms
04-13 01:19:03.582  3508  3522 I native-activity: Swap 53 time is 0.260ms
04-13 01:19:03.582  3508  3522 I native-activity: Animating
04-13 01:19:03.582  3508  3522 I native-activity: Frame 54 GL error is 0x0
04-13 01:19:03.582  3508  3522 I native-activity: Frame 54 time is 0.122ms
04-13 01:19:03.582  3508  3522 I native-activity: Swap 54 time is 0.194ms
04-13 01:19:03.582  3508  3522 I native-activity: Animating
04-13 01:19:03.582  3508  3522 I native-activity: Frame 55 GL error is 0x0
04-13 01:19:03.582  3508  3522 I native-activity: Frame 55 time is 0.143ms
04-13 01:19:03.582  3508  3522 I native-activity: Swap 55 time is 0.247ms
04-13 01:19:03.582  3508  3522 I native-activity: Animating
04-13 01:19:03.582  3508  3522 I native-activity: Frame 56 GL error is 0x0
04-13 01:19:03.582  3508  3522 I native-activity: Frame 56 time is 0.188ms
04-13 01:19:03.582  3508  3522 I native-activity: Swap 56 time is 0.300ms
04-13 01:19:03.582  3508  3522 I native-activity: Animating
04-13 01:19:03.582  3508  3522 I native-activity: Frame 57 GL error is 0x0
04-13 01:19:03.582  3508  3522 I native-activity: Frame 57 time is 0.165ms
04-13 01:19:03.582  3508  3522 I native-activity: Swap 57 time is 0.272ms
04-13 01:19:03.582  3508  3522 I native-activity: Animating
04-13 01:19:03.582  3508  3522 I native-activity: Frame 58 GL error is 0x0
04-13 01:19:03.582  3508  3522 I native-activity: Frame 58 time is 0.166ms
04-13 01:19:03.582  3508  3522 I native-activity: Swap 58 time is 0.263ms
04-13 01:19:03.582  3508  3522 I native-activity: Animating
04-13 01:19:03.582  3508  3522 I native-activity: Frame 59 GL error is 0x0
04-13 01:19:03.582  3508  3522 I native-activity: Frame 59 time is 0.171ms
04-13 01:19:03.582  3508  3522 I native-activity: Swap 59 time is 0.266ms
04-13 01:19:03.582  3508  3522 I native-activity: Animating
04-13 01:19:03.582  3508  3522 I native-activity: Frame 60 GL error is 0x0
04-13 01:19:03.582  3508  3522 I native-activity: Frame 60 time is 0.175ms
04-13 01:19:03.582  3508  3522 I native-activity: Swap 60 time is 0.548ms
04-13 01:19:03.582  3508  3522 I native-activity: Animating
04-13 01:19:03.582  3508  3522 I native-activity: Frame 61 GL error is 0x0
04-13 01:19:03.582  3508  3522 I native-activity: Frame 61 time is 0.240ms
04-13 01:19:03.582  3508  3522 I native-activity: Swap 61 time is 0.395ms
04-13 01:19:03.582  3508  3522 I native-activity: Animating
04-13 01:19:03.582  3508  3522 I native-activity: Frame 62 GL error is 0x0
04-13 01:19:03.582  3508  3522 I native-activity: Frame 62 time is 0.198ms
04-13 01:19:03.592  3508  3522 I native-activity: Swap 62 time is 0.578ms
04-13 01:19:03.592  3508  3522 I native-activity: Animating
04-13 01:19:03.592  3508  3522 I native-activity: Frame 63 GL error is 0x0
04-13 01:19:03.592  3508  3522 I native-activity: Frame 63 time is 0.290ms
04-13 01:19:03.592  3508  3522 I native-activity: Swap 63 time is 0.575ms
04-13 01:19:03.592  3508  3522 I native-activity: Animating
04-13 01:19:03.592  3508  3522 I native-activity: Frame 64 GL error is 0x0
04-13 01:19:03.592  3508  3522 I native-activity: Frame 64 time is 0.243ms
04-13 01:19:03.592  3508  3522 I native-activity: Swap 64 time is 0.753ms
04-13 01:19:03.592  3508  3522 I native-activity: Animating
04-13 01:19:03.592  3508  3522 I native-activity: Frame 65 GL error is 0x0
04-13 01:19:03.592  3508  3522 I native-activity: Frame 65 time is 0.274ms
04-13 01:19:03.592  3508  3522 I native-activity: Swap 65 time is 0.423ms
04-13 01:19:03.592  3508  3522 I native-activity: Animating
04-13 01:19:03.592  3508  3522 I native-activity: Frame 66 GL error is 0x0
04-13 01:19:03.592  3508  3522 I native-activity: Frame 66 time is 0.183ms
04-13 01:19:03.592  3508  3522 I native-activity: Swap 66 time is 0.717ms
04-13 01:19:03.592  3508  3522 I native-activity: Animating
04-13 01:19:03.592  3508  3522 I native-activity: Frame 67 GL error is 0x0
04-13 01:19:03.592  3508  3522 I native-activity: Frame 67 time is 0.280ms
04-13 01:19:03.592  3508  3522 I native-activity: Swap 67 time is 0.593ms
04-13 01:19:03.592  3508  3522 I native-activity: Animating
04-13 01:19:03.592  3508  3522 I native-activity: Frame 68 GL error is 0x0
04-13 01:19:03.592  3508  3522 I native-activity: Frame 68 time is 0.230ms
04-13 01:19:03.592  3508  3522 I native-activity: Swap 68 time is 0.371ms
04-13 01:19:03.592  3508  3522 I native-activity: Animating
04-13 01:19:03.592  3508  3522 I native-activity: Frame 69 GL error is 0x0
04-13 01:19:03.592  3508  3522 I native-activity: Frame 69 time is 0.185ms
04-13 01:19:03.592  3508  3522 I native-activity: Swap 69 time is 0.690ms
04-13 01:19:03.592  3508  3522 I native-activity: Animating
04-13 01:19:03.592  3508  3522 I native-activity: Frame 70 GL error is 0x0
04-13 01:19:03.592  3508  3522 I native-activity: Frame 70 time is 0.292ms
04-13 01:19:03.592  3508  3522 I native-activity: Swap 70 time is 0.612ms
04-13 01:19:03.592  3508  3522 I native-activity: Animating
04-13 01:19:03.592  3508  3522 I native-activity: Frame 71 GL error is 0x0
04-13 01:19:03.592  3508  3522 I native-activity: Frame 71 time is 0.228ms
04-13 01:19:03.592  3508  3522 I native-activity: Swap 71 time is 0.362ms
04-13 01:19:03.592  3508  3522 I native-activity: Animating
04-13 01:19:03.592  3508  3522 I native-activity: Frame 72 GL error is 0x0
04-13 01:19:03.592  3508  3522 I native-activity: Frame 72 time is 0.210ms
04-13 01:19:03.592  3508  3522 I native-activity: Swap 72 time is 0.694ms
04-13 01:19:03.592  3508  3522 I native-activity: Animating
04-13 01:19:03.592  3508  3522 I native-activity: Frame 73 GL error is 0x0
04-13 01:19:03.592  3508  3522 I native-activity: Frame 73 time is 0.253ms
04-13 01:19:03.592  3508  3522 I native-activity: Swap 73 time is 0.561ms
04-13 01:19:03.592  3508  3522 I native-activity: Animating
04-13 01:19:03.592  3508  3522 I native-activity: Frame 74 GL error is 0x0
04-13 01:19:03.592  3508  3522 I native-activity: Frame 74 time is 0.241ms
04-13 01:19:03.592  3508  3522 I native-activity: Swap 74 time is 0.386ms
04-13 01:19:03.592  3508  3522 I native-activity: Animating
04-13 01:19:03.592  3508  3522 I native-activity: Frame 75 GL error is 0x0
04-13 01:19:03.592  3508  3522 I native-activity: Frame 75 time is 0.196ms
04-13 01:19:03.592  3508  3522 I native-activity: Swap 75 time is 0.727ms
04-13 01:19:03.592  3508  3522 I native-activity: Animating
04-13 01:19:03.592  3508  3522 I native-activity: Frame 76 GL error is 0x0
04-13 01:19:03.592  3508  3522 I native-activity: Frame 76 time is 0.292ms
04-13 01:19:03.592  3508  3522 I native-activity: Swap 76 time is 0.613ms
04-13 01:19:03.592  3508  3522 I native-activity: Animating
04-13 01:19:03.592  3508  3522 I native-activity: Frame 77 GL error is 0x0
04-13 01:19:03.592  3508  3522 I native-activity: Frame 77 time is 0.242ms
04-13 01:19:03.592  3508  3522 I native-activity: Swap 77 time is 0.372ms
04-13 01:19:03.592  3508  3522 I native-activity: Animating
04-13 01:19:03.592  3508  3522 I native-activity: Frame 78 GL error is 0x0
04-13 01:19:03.592  3508  3522 I native-activity: Frame 78 time is 0.188ms
04-13 01:19:03.602  3508  3522 I native-activity: Swap 78 time is 0.834ms
04-13 01:19:03.602  3508  3522 I native-activity: Animating
04-13 01:19:03.602  3508  3522 I native-activity: Frame 79 GL error is 0x0
04-13 01:19:03.602  3508  3522 I native-activity: Frame 79 time is 0.308ms
04-13 01:19:03.602  3508  3522 I native-activity: Swap 79 time is 0.463ms
04-13 01:19:03.602  3508  3522 I native-activity: Animating
04-13 01:19:03.602  3508  3522 I native-activity: Frame 80 GL error is 0x0
04-13 01:19:03.602  3508  3522 I native-activity: Frame 80 time is 0.193ms
04-13 01:19:03.602  3508  3522 I native-activity: Swap 80 time is 0.311ms
04-13 01:19:03.602  3508  3522 I native-activity: Animating
04-13 01:19:03.602  3508  3522 I native-activity: Frame 81 GL error is 0x0
04-13 01:19:03.602  3508  3522 I native-activity: Frame 81 time is 0.184ms
04-13 01:19:03.602  3508  3522 I native-activity: Swap 81 time is 0.744ms
04-13 01:19:03.602  3508  3522 I native-activity: Animating
04-13 01:19:03.602  3508  3522 I native-activity: Frame 82 GL error is 0x0
04-13 01:19:03.602  3508  3522 I native-activity: Frame 82 time is 0.270ms
04-13 01:19:03.602  3508  3522 I native-activity: Swap 82 time is 0.420ms
04-13 01:19:03.602  3508  3522 I native-activity: Animating
04-13 01:19:03.602  3508  3522 I native-activity: Frame 83 GL error is 0x0
04-13 01:19:03.602  3508  3522 I native-activity: Frame 83 time is 0.180ms
04-13 01:19:03.602  3508  3522 I native-activity: Swap 83 time is 0.667ms
04-13 01:19:03.602  3508  3522 I native-activity: Animating
04-13 01:19:03.602  3508  3522 I native-activity: Frame 84 GL error is 0x0
04-13 01:19:03.602  3508  3522 I native-activity: Frame 84 time is 0.268ms
04-13 01:19:03.602  3508  3522 I native-activity: Swap 84 time is 0.576ms
04-13 01:19:03.602  3508  3522 I native-activity: Animating
04-13 01:19:03.602  3508  3522 I native-activity: Frame 85 GL error is 0x0
04-13 01:19:03.602  3508  3522 I native-activity: Frame 85 time is 0.217ms
04-13 01:19:03.602  3508  3522 I native-activity: Swap 85 time is 0.360ms
04-13 01:19:03.602  3508  3522 I native-activity: Animating
04-13 01:19:03.602  3508  3522 I native-activity: Frame 86 GL error is 0x0
04-13 01:19:03.602  3508  3522 I native-activity: Frame 86 time is 0.201ms
04-13 01:19:03.602  3508  3522 I native-activity: Swap 86 time is 0.801ms
04-13 01:19:03.602  3508  3522 I native-activity: Animating
04-13 01:19:03.602  3508  3522 I native-activity: Frame 87 GL error is 0x0
04-13 01:19:03.602  3508  3522 I native-activity: Frame 87 time is 0.313ms
04-13 01:19:03.602  3508  3522 I native-activity: Swap 87 time is 0.741ms
04-13 01:19:03.602  3508  3522 I native-activity: Animating
04-13 01:19:03.602  3508  3522 I native-activity: Frame 88 GL error is 0x0
04-13 01:19:03.602  3508  3522 I native-activity: Frame 88 time is 0.265ms
04-13 01:19:03.602  3508  3522 I native-activity: Swap 88 time is 0.411ms
04-13 01:19:03.602  3508  3522 I native-activity: Animating
04-13 01:19:03.602  3508  3522 I native-activity: Frame 89 GL error is 0x0
04-13 01:19:03.602  3508  3522 I native-activity: Frame 89 time is 0.198ms
04-13 01:19:03.602  3508  3522 I native-activity: Swap 89 time is 0.524ms
04-13 01:19:03.602  3508  3522 I native-activity: Animating
04-13 01:19:03.602  3508  3522 I native-activity: Frame 90 GL error is 0x0
04-13 01:19:03.602  3508  3522 I native-activity: Frame 90 time is 0.237ms
04-13 01:19:03.602  3508  3522 I native-activity: Swap 90 time is 0.565ms
04-13 01:19:03.602  3508  3522 I native-activity: Animating
04-13 01:19:03.602  3508  3522 I native-activity: Frame 91 GL error is 0x0
04-13 01:19:03.602  3508  3522 I native-activity: Frame 91 time is 0.239ms
04-13 01:19:03.602  3508  3522 I native-activity: Swap 91 time is 0.375ms
04-13 01:19:03.602  3508  3522 I native-activity: Animating
04-13 01:19:03.602  3508  3522 I native-activity: Frame 92 GL error is 0x0
04-13 01:19:03.602  3508  3522 I native-activity: Frame 92 time is 0.174ms
04-13 01:19:03.602  3508  3522 I native-activity: Swap 92 time is 0.727ms
04-13 01:19:03.602  3508  3522 I native-activity: Animating
04-13 01:19:03.602  3508  3522 I native-activity: Frame 93 GL error is 0x0
04-13 01:19:03.602  3508  3522 I native-activity: Frame 93 time is 0.269ms
04-13 01:19:03.602  3508  3522 I native-activity: Swap 93 time is 0.557ms
04-13 01:19:03.602  3508  3522 I native-activity: Animating
04-13 01:19:03.602  3508  3522 I native-activity: Frame 94 GL error is 0x0
04-13 01:19:03.602  3508  3522 I native-activity: Frame 94 time is 0.221ms
04-13 01:19:03.602  3508  3522 I native-activity: Swap 94 time is 0.345ms
04-13 01:19:03.602  3508  3522 I native-activity: Animating
04-13 01:19:03.602  3508  3522 I native-activity: Frame 95 GL error is 0x0
04-13 01:19:03.602  3508  3522 I native-activity: Frame 95 time is 0.199ms
04-13 01:19:03.612  3508  3522 I native-activity: Swap 95 time is 0.791ms
04-13 01:19:03.612  3508  3522 I native-activity: Animating
04-13 01:19:03.612  3508  3522 I native-activity: Frame 96 GL error is 0x0
04-13 01:19:03.612  3508  3522 I native-activity: Frame 96 time is 0.287ms
04-13 01:19:03.612  3508  3522 I native-activity: Swap 96 time is 0.436ms
04-13 01:19:03.612  3508  3522 I native-activity: Animating
04-13 01:19:03.612  3508  3522 I native-activity: Frame 97 GL error is 0x0
04-13 01:19:03.612  3508  3522 I native-activity: Frame 97 time is 0.193ms
04-13 01:19:03.612  3508  3522 I native-activity: Swap 97 time is 0.526ms
04-13 01:19:03.612  3508  3522 I native-activity: Animating
04-13 01:19:03.612  3508  3522 I native-activity: Frame 98 GL error is 0x0
04-13 01:19:03.612  3508  3522 I native-activity: Frame 98 time is 0.240ms
04-13 01:19:03.612  3508  3522 I native-activity: Swap 98 time is 0.741ms
04-13 01:19:03.612  3508  3522 I native-activity: Animating
04-13 01:19:03.612  3508  3522 I native-activity: Frame 99 GL error is 0x0
04-13 01:19:03.612  3508  3522 I native-activity: Frame 99 time is 0.249ms
04-13 01:19:03.612  3508  3522 I native-activity: Swap 99 time is 0.398ms
04-13 01:19:03.612  3508  3522 I native-activity: Animating
04-13 01:19:03.612  3508  3522 I native-activity: Frame 100 GL error is 0x0
04-13 01:19:03.612  3508  3522 I native-activity: Frame 100 time is 0.188ms
04-13 01:19:03.612  3508  3522 I native-activity: Swap 100 time is 0.653ms
04-13 01:19:03.612  3508  3522 I native-activity: Animating
04-13 01:19:03.612  3508  3522 I native-activity: Frame 101 GL error is 0x0
04-13 01:19:03.612  3508  3522 I native-activity: Frame 101 time is 0.267ms
04-13 01:19:03.612  3508  3522 I native-activity: Swap 101 time is 0.666ms
04-13 01:19:03.612  3508  3522 I native-activity: Animating
04-13 01:19:03.612  3508  3522 I native-activity: Frame 102 GL error is 0x0
04-13 01:19:03.612  3508  3522 I native-activity: Frame 102 time is 0.287ms
04-13 01:19:03.612  3508  3522 I native-activity: Swap 102 time is 0.458ms
04-13 01:19:03.612  3508  3522 I native-activity: Animating
04-13 01:19:03.612  3508  3522 I native-activity: Frame 103 GL error is 0x0
04-13 01:19:03.612  3508  3522 I native-activity: Frame 103 time is 0.208ms
04-13 01:19:03.612  3508  3522 I native-activity: Swap 103 time is 0.564ms
04-13 01:19:03.612  3508  3522 I native-activity: Animating
04-13 01:19:03.612  3508  3522 I native-activity: Frame 104 GL error is 0x0
04-13 01:19:03.612  3508  3522 I native-activity: Frame 104 time is 0.236ms
04-13 01:19:03.612  3508  3522 I native-activity: Swap 104 time is 0.606ms
04-13 01:19:03.612  3508  3522 I native-activity: Animating
04-13 01:19:03.612  3508  3522 I native-activity: Frame 105 GL error is 0x0
04-13 01:19:03.612  3508  3522 I native-activity: Frame 105 time is 0.256ms
04-13 01:19:03.612  3508  3522 I native-activity: Swap 105 time is 0.399ms
04-13 01:19:03.612  3508  3522 I native-activity: Animating
04-13 01:19:03.612  3508  3522 I native-activity: Frame 106 GL error is 0x0
04-13 01:19:03.612  3508  3522 I native-activity: Frame 106 time is 0.182ms
04-13 01:19:03.612  3508  3522 I native-activity: Swap 106 time is 0.751ms
04-13 01:19:03.612  3508  3522 I native-activity: Animating
04-13 01:19:03.612  3508  3522 I native-activity: Frame 107 GL error is 0x0
04-13 01:19:03.612  3508  3522 I native-activity: Frame 107 time is 0.297ms
04-13 01:19:03.612  3508  3522 I native-activity: Swap 107 time is 0.630ms
04-13 01:19:03.612  3508  3522 I native-activity: Animating
04-13 01:19:03.612  3508  3522 I native-activity: Frame 108 GL error is 0x0
04-13 01:19:03.612  3508  3522 I native-activity: Frame 108 time is 0.241ms
04-13 01:19:03.612  3508  3522 I native-activity: Swap 108 time is 0.375ms
04-13 01:19:03.612  3508  3522 I native-activity: Animating
04-13 01:19:03.612  3508  3522 I native-activity: Frame 109 GL error is 0x0
04-13 01:19:03.612  3508  3522 I native-activity: Frame 109 time is 0.189ms
04-13 01:19:03.612  3508  3522 I native-activity: Swap 109 time is 0.726ms
04-13 01:19:03.612  3508  3522 I native-activity: Animating
04-13 01:19:03.612  3508  3522 I native-activity: Frame 110 GL error is 0x0
04-13 01:19:03.612  3508  3522 I native-activity: Frame 110 time is 0.268ms
04-13 01:19:03.612  3508  3522 I native-activity: Swap 110 time is 0.592ms
04-13 01:19:03.612  3508  3522 I native-activity: Animating
04-13 01:19:03.612  3508  3522 I native-activity: Frame 111 GL error is 0x0
04-13 01:19:03.612  3508  3522 I native-activity: Frame 111 time is 0.236ms
04-13 01:19:03.612  3508  3522 I native-activity: Swap 111 time is 0.383ms
04-13 01:19:03.612  3508  3522 I native-activity: Animating
04-13 01:19:03.622  3508  3522 I native-activity: Frame 112 GL error is 0x0
04-13 01:19:03.622  3508  3522 I native-activity: Frame 112 time is 0.309ms
04-13 01:19:03.622  3508  3522 I native-activity: Swap 112 time is 0.657ms
04-13 01:19:03.622  3508  3522 I native-activity: Animating
04-13 01:19:03.622  3508  3522 I native-activity: Frame 113 GL error is 0x0
04-13 01:19:03.622  3508  3522 I native-activity: Frame 113 time is 0.260ms
04-13 01:19:03.622  3508  3522 I native-activity: Swap 113 time is 0.801ms
04-13 01:19:03.622  3508  3522 I native-activity: Animating
04-13 01:19:03.622  3508  3522 I native-activity: Frame 114 GL error is 0x0
04-13 01:19:03.622  3508  3522 I native-activity: Frame 114 time is 0.256ms
04-13 01:19:03.622  3508  3522 I native-activity: Swap 114 time is 0.405ms
04-13 01:19:03.622  3508  3522 I native-activity: Animating
04-13 01:19:03.622  3508  3522 I native-activity: Frame 115 GL error is 0x0
04-13 01:19:03.622  3508  3522 I native-activity: Frame 115 time is 0.196ms
04-13 01:19:03.622  3508  3522 I native-activity: Swap 115 time is 0.507ms
04-13 01:19:03.622  3508  3522 I native-activity: Animating
04-13 01:19:03.622  3508  3522 I native-activity: Frame 116 GL error is 0x0
04-13 01:19:03.622  3508  3522 I native-activity: Frame 116 time is 0.260ms
04-13 01:19:03.622  3508  3522 I native-activity: Swap 116 time is 0.659ms
04-13 01:19:03.622  3508  3522 I native-activity: Animating
04-13 01:19:03.622  3508  3522 I native-activity: Frame 117 GL error is 0x0
04-13 01:19:03.622  3508  3522 I native-activity: Frame 117 time is 0.251ms
04-13 01:19:03.622  3508  3522 I native-activity: Swap 117 time is 0.589ms
04-13 01:19:03.622  3508  3522 I native-activity: Animating
04-13 01:19:03.622  3508  3522 I native-activity: Frame 118 GL error is 0x0
04-13 01:19:03.622  3508  3522 I native-activity: Frame 118 time is 0.246ms
04-13 01:19:03.622  3508  3522 I native-activity: Swap 118 time is 0.545ms
04-13 01:19:03.622  3508  3522 I native-activity: Animating
04-13 01:19:03.622  3508  3522 I native-activity: Frame 119 GL error is 0x0
04-13 01:19:03.622  3508  3522 I native-activity: Frame 119 time is 0.277ms
04-13 01:19:03.622  3508  3522 I native-activity: Swap 119 time is 0.793ms
04-13 01:19:03.622  3508  3522 I native-activity: Animating
04-13 01:19:03.622  3508  3522 I native-activity: Frame 120 GL error is 0x0
04-13 01:19:03.622  3508  3522 I native-activity: Frame 120 time is 0.281ms
04-13 01:19:03.622  3508  3522 I native-activity: Swap 120 time is 0.440ms
04-13 01:19:03.622  3508  3522 I native-activity: Animating
04-13 01:19:03.622  3508  3522 I native-activity: Frame 121 GL error is 0x0
04-13 01:19:03.622  3508  3522 I native-activity: Frame 121 time is 0.196ms
04-13 01:19:03.622  3508  3522 I native-activity: Swap 121 time is 0.523ms
04-13 01:19:03.622  3508  3522 I native-activity: Animating
04-13 01:19:03.622  3508  3522 I native-activity: Frame 122 GL error is 0x0
04-13 01:19:03.622  3508  3522 I native-activity: Frame 122 time is 0.261ms
04-13 01:19:03.622  3508  3522 I native-activity: Swap 122 time is 0.713ms
04-13 01:19:03.622  3508  3522 I native-activity: Animating
04-13 01:19:03.622  3508  3522 I native-activity: Frame 123 GL error is 0x0
04-13 01:19:03.622  3508  3522 I native-activity: Frame 123 time is 0.260ms
04-13 01:19:03.622  3508  3522 I native-activity: Swap 123 time is 0.641ms
04-13 01:19:03.622  3508  3522 I native-activity: Animating
04-13 01:19:03.622  3508  3522 I native-activity: Frame 124 GL error is 0x0
04-13 01:19:03.622  3508  3522 I native-activity: Frame 124 time is 0.240ms
04-13 01:19:03.622  3508  3522 I native-activity: Swap 124 time is 0.382ms
04-13 01:19:03.622  3508  3522 I native-activity: Animating
04-13 01:19:03.622  3508  3522 I native-activity: Frame 125 GL error is 0x0
04-13 01:19:03.622  3508  3522 I native-activity: Frame 125 time is 0.201ms
04-13 01:19:03.622  3508  3522 I native-activity: Swap 125 time is 0.718ms
04-13 01:19:03.622  3508  3522 I native-activity: Animating
04-13 01:19:03.622  3508  3522 I native-activity: Frame 126 GL error is 0x0
04-13 01:19:03.622  3508  3522 I native-activity: Frame 126 time is 0.285ms
04-13 01:19:03.632  3508  3522 I native-activity: Swap 126 time is 0.969ms
04-13 01:19:03.632  3508  3522 I native-activity: Animating
04-13 01:19:03.632  3508  3522 I native-activity: Frame 127 GL error is 0x0
04-13 01:19:03.632  3508  3522 I native-activity: Frame 127 time is 0.246ms
04-13 01:19:03.632  3508  3522 I native-activity: Swap 127 time is 0.838ms
04-13 01:19:03.632  3508  3522 I native-activity: Animating
04-13 01:19:03.632  3508  3522 I native-activity: Frame 128 GL error is 0x0
04-13 01:19:03.632  3508  3522 I native-activity: Frame 128 time is 0.222ms
04-13 01:19:03.632  3508  3522 I native-activity: Swap 128 time is 0.881ms
04-13 01:19:03.632  3508  3522 I native-activity: Animating
04-13 01:19:03.632  3508  3522 I native-activity: Frame 129 GL error is 0x0
04-13 01:19:03.632  3508  3522 I native-activity: Frame 129 time is 0.248ms
04-13 01:19:03.632  3508  3522 I native-activity: Swap 129 time is 0.823ms
04-13 01:19:03.632  3508  3522 I native-activity: Animating
04-13 01:19:03.632  3508  3522 I native-activity: Frame 130 GL error is 0x0
04-13 01:19:03.632  3508  3522 I native-activity: Frame 130 time is 0.221ms
04-13 01:19:03.632  3508  3522 I native-activity: Swap 130 time is 0.923ms
04-13 01:19:03.632  3508  3522 I native-activity: Animating
04-13 01:19:03.632  3508  3522 I native-activity: Frame 131 GL error is 0x0
04-13 01:19:03.632  3508  3522 I native-activity: Frame 131 time is 0.241ms
04-13 01:19:03.632  3508  3522 I native-activity: Swap 131 time is 0.833ms
04-13 01:19:03.632  3508  3522 I native-activity: Animating
04-13 01:19:03.632  3508  3522 I native-activity: Frame 132 GL error is 0x0
04-13 01:19:03.632  3508  3522 I native-activity: Frame 132 time is 0.234ms
04-13 01:19:03.632  3508  3522 I native-activity: Swap 132 time is 0.889ms
04-13 01:19:03.632  3508  3522 I native-activity: Animating
04-13 01:19:03.632  3508  3522 I native-activity: Frame 133 GL error is 0x0
04-13 01:19:03.632  3508  3522 I native-activity: Frame 133 time is 0.268ms
04-13 01:19:03.632  3508  3522 I native-activity: Swap 133 time is 0.848ms
04-13 01:19:03.632  3508  3522 I native-activity: Animating
04-13 01:19:03.632  3508  3522 I native-activity: Frame 134 GL error is 0x0
04-13 01:19:03.632  3508  3522 I native-activity: Frame 134 time is 0.230ms
04-13 01:19:03.632  3508  3522 I native-activity: Swap 134 time is 1.014ms
04-13 01:19:03.632  3508  3522 I native-activity: Animating
04-13 01:19:03.632  3508  3522 I native-activity: Frame 135 GL error is 0x0
04-13 01:19:03.632  3508  3522 I native-activity: Frame 135 time is 0.296ms
04-13 01:19:03.632  3508  3522 I native-activity: Swap 135 time is 0.598ms
04-13 01:19:03.632  3508  3522 I native-activity: Animating
04-13 01:19:03.632  3508  3522 I native-activity: Frame 136 GL error is 0x0
04-13 01:19:03.632  3508  3522 I native-activity: Frame 136 time is 0.242ms
04-13 01:19:03.632  3508  3522 I native-activity: Swap 136 time is 0.617ms
04-13 01:19:03.632  3508  3522 I native-activity: Animating
04-13 01:19:03.632  3508  3522 I native-activity: Frame 137 GL error is 0x0
04-13 01:19:03.632  3508  3522 I native-activity: Frame 137 time is 0.212ms
04-13 01:19:03.632  3508  3522 I native-activity: Swap 137 time is 0.643ms
04-13 01:19:03.632  3508  3522 I native-activity: Animating
04-13 01:19:03.632  3508  3522 I native-activity: Frame 138 GL error is 0x0
04-13 01:19:03.632  3508  3522 I native-activity: Frame 138 time is 0.225ms
04-13 01:19:03.642  3508  3522 I native-activity: Swap 138 time is 0.885ms
04-13 01:19:03.642  3508  3522 I native-activity: Animating
04-13 01:19:03.642  3508  3522 I native-activity: Frame 139 GL error is 0x0
04-13 01:19:03.642  3508  3522 I native-activity: Frame 139 time is 0.331ms
04-13 01:19:03.642  3508  3522 I native-activity: Swap 139 time is 0.482ms
04-13 01:19:03.642  3508  3522 I native-activity: Animating
04-13 01:19:03.642  3508  3522 I native-activity: Frame 140 GL error is 0x0
04-13 01:19:03.642  3508  3522 I native-activity: Frame 140 time is 0.207ms
04-13 01:19:03.642  3508  3522 I native-activity: Swap 140 time is 0.495ms
04-13 01:19:03.642  3508  3522 I native-activity: Animating
04-13 01:19:03.642  3508  3522 I native-activity: Frame 141 GL error is 0x0
04-13 01:19:03.642  3508  3522 I native-activity: Frame 141 time is 0.206ms
04-13 01:19:03.642  3508  3522 I native-activity: Swap 141 time is 0.747ms
04-13 01:19:03.642  3508  3522 I native-activity: Animating
04-13 01:19:03.642  3508  3522 I native-activity: Frame 142 GL error is 0x0
04-13 01:19:03.642  3508  3522 I native-activity: Frame 142 time is 0.275ms
04-13 01:19:03.642  3508  3522 I native-activity: Swap 142 time is 0.417ms
04-13 01:19:03.642  3508  3522 I native-activity: Animating
04-13 01:19:03.642  3508  3522 I native-activity: Frame 143 GL error is 0x0
04-13 01:19:03.642  3508  3522 I native-activity: Frame 143 time is 0.225ms
04-13 01:19:03.642  3508  3522 I native-activity: Swap 143 time is 0.736ms
04-13 01:19:03.642  3508  3522 I native-activity: Animating
04-13 01:19:03.642  3508  3522 I native-activity: Frame 144 GL error is 0x0
04-13 01:19:03.642  3508  3522 I native-activity: Frame 144 time is 0.209ms
04-13 01:19:03.642  3508  3522 I native-activity: Swap 144 time is 0.548ms
04-13 01:19:03.642  3508  3522 I native-activity: Animating
04-13 01:19:03.642  3508  3522 I native-activity: Frame 145 GL error is 0x0
04-13 01:19:03.642  3508  3522 I native-activity: Frame 145 time is 0.232ms
04-13 01:19:03.642  3508  3522 I native-activity: Swap 145 time is 0.622ms
04-13 01:19:03.642  3508  3522 I native-activity: Animating
04-13 01:19:03.642  3508  3522 I native-activity: Frame 146 GL error is 0x0
04-13 01:19:03.642  3508  3522 I native-activity: Frame 146 time is 0.222ms
04-13 01:19:03.642  3508  3522 I native-activity: Swap 146 time is 0.694ms
04-13 01:19:03.642  3508  3522 I native-activity: Animating
04-13 01:19:03.642  3508  3522 I native-activity: Frame 147 GL error is 0x0
04-13 01:19:03.642  3508  3522 I native-activity: Frame 147 time is 0.211ms
04-13 01:19:03.642  3508  3522 I native-activity: Swap 147 time is 0.546ms
04-13 01:19:03.642  3508  3522 I native-activity: Animating
04-13 01:19:03.642  3508  3522 I native-activity: Frame 148 GL error is 0x0
04-13 01:19:03.642  3508  3522 I native-activity: Frame 148 time is 0.225ms
04-13 01:19:03.642  3508  3522 I native-activity: Swap 148 time is 0.628ms
04-13 01:19:03.642  3508  3522 I native-activity: Animating
04-13 01:19:03.642  3508  3522 I native-activity: Frame 149 GL error is 0x0
04-13 01:19:03.642  3508  3522 I native-activity: Frame 149 time is 0.208ms
04-13 01:19:03.642  3508  3522 I native-activity: Swap 149 time is 0.698ms
04-13 01:19:03.642  3508  3522 I native-activity: Animating
04-13 01:19:03.642  3508  3522 I native-activity: Frame 150 GL error is 0x0
04-13 01:19:03.642  3508  3522 I native-activity: Frame 150 time is 0.214ms
04-13 01:19:03.642  3508  3522 I native-activity: Swap 150 time is 0.580ms
04-13 01:19:03.642  3508  3522 I native-activity: Animating
04-13 01:19:03.642  3508  3522 I native-activity: Frame 151 GL error is 0x0
04-13 01:19:03.642  3508  3522 I native-activity: Frame 151 time is 0.221ms
04-13 01:19:03.642  3508  3522 I native-activity: Swap 151 time is 0.591ms
04-13 01:19:03.642  3508  3522 I native-activity: Animating
04-13 01:19:03.642  3508  3522 I native-activity: Frame 152 GL error is 0x0
04-13 01:19:03.642  3508  3522 I native-activity: Frame 152 time is 0.211ms
04-13 01:19:03.642  3508  3522 I native-activity: Swap 152 time is 0.688ms
04-13 01:19:03.642  3508  3522 I native-activity: Animating
04-13 01:19:03.642  3508  3522 I native-activity: Frame 153 GL error is 0x0
04-13 01:19:03.642  3508  3522 I native-activity: Frame 153 time is 0.222ms
04-13 01:19:03.652  3508  3522 I native-activity: Swap 153 time is 0.560ms
04-13 01:19:03.652  3508  3522 I native-activity: Animating
04-13 01:19:03.652  3508  3522 I native-activity: Frame 154 GL error is 0x0
04-13 01:19:03.652  3508  3522 I native-activity: Frame 154 time is 0.217ms
04-13 01:19:03.652  3508  3522 I native-activity: Swap 154 time is 0.578ms
04-13 01:19:03.652  3508  3522 I native-activity: Animating
04-13 01:19:03.652  3508  3522 I native-activity: Frame 155 GL error is 0x0
04-13 01:19:03.652  3508  3522 I native-activity: Frame 155 time is 0.187ms
04-13 01:19:03.652  3508  3522 I native-activity: Swap 155 time is 0.722ms
04-13 01:19:03.652  3508  3522 I native-activity: Animating
04-13 01:19:03.652  3508  3522 I native-activity: Frame 156 GL error is 0x0
04-13 01:19:03.652  3508  3522 I native-activity: Frame 156 time is 0.218ms
04-13 01:19:03.652  3508  3522 I native-activity: Swap 156 time is 0.576ms
04-13 01:19:03.652  3508  3522 I native-activity: Animating
04-13 01:19:03.652  3508  3522 I native-activity: Frame 157 GL error is 0x0
04-13 01:19:03.652  3508  3522 I native-activity: Frame 157 time is 0.259ms
04-13 01:19:03.652  3508  3522 I native-activity: Swap 157 time is 0.558ms
