04-11 02:49:04.959  2792  2806 I native-activity: Frame 644 time is 10.921ms
04-11 02:49:04.959  2792  2806 I native-activity: Doing egl_swapbuffers_sync 2
04-11 02:49:04.959  2792  2806 I native-activity: Swap 644 time is 11.499ms
04-11 02:49:04.959  2792  2806 I native-activity: Animating
04-11 02:49:04.969  2792  2806 I native-activity: Frame 645 GL error is 0x0
04-11 02:49:04.969  2792  2806 I native-activity: Frame 645 time is 6.018ms
04-11 02:49:04.969  2792  2806 I native-activity: Doing egl_swapbuffers_sync 2
04-11 02:49:04.969  2792  2806 I native-activity: Swap 645 time is 6.584ms
04-11 02:49:04.969  2792  2806 I native-activity: Animating
04-11 02:49:04.969  2792  2806 I native-activity: Frame 646 GL error is 0x0
04-11 02:49:04.969  2792  2806 I native-activity: Frame 646 time is 5.401ms
04-11 02:49:04.969  2792  2806 I native-activity: Doing egl_swapbuffers_sync 2
04-11 02:49:04.969  2792  2806 I native-activity: Swap 646 time is 5.953ms
04-11 02:49:04.969  2792  2806 I native-activity: Animating
04-11 02:49:04.979  2792  2806 I native-activity: Frame 647 GL error is 0x0
04-11 02:49:04.979  2792  2806 I native-activity: Frame 647 time is 5.476ms
04-11 02:49:04.979  2792  2806 I native-activity: Doing egl_swapbuffers_sync 2
04-11 02:49:04.979  2792  2806 I native-activity: Swap 647 time is 6.051ms
04-11 02:49:04.979  2792  2806 I native-activity: Animating
04-11 02:49:04.979  2792  2806 I native-activity: Frame 648 GL error is 0x0
04-11 02:49:04.979  2792  2806 I native-activity: Frame 648 time is 5.185ms
04-11 02:49:04.979  2792  2806 I native-activity: Doing egl_swapbuffers_sync 2
04-11 02:49:04.989  2792  2806 I native-activity: Swap 648 time is 5.846ms
04-11 02:49:04.989  2792  2806 I native-activity: Animating
04-11 02:49:04.989  2792  2806 I native-activity: Frame 649 GL error is 0x0
04-11 02:49:04.989  2792  2806 I native-activity: Frame 649 time is 5.346ms
04-11 02:49:04.989  2792  2806 I native-activity: Doing egl_swapbuffers_sync 2
04-11 02:49:04.989  2792  2806 I native-activity: Swap 649 time is 5.903ms
04-11 02:49:04.989  2792  2806 I native-activity: Animating
04-11 02:49:04.999  2792  2806 I native-activity: Frame 650 GL error is 0x0
04-11 02:49:04.999  2792  2806 I native-activity: Frame 650 time is 5.399ms
04-11 02:49:04.999  2792  2806 I native-activity: Doing egl_swapbuffers_sync 2
04-11 02:49:04.999  2792  2806 I native-activity: Swap 650 time is 5.975ms
04-11 02:49:04.999  2792  2806 I native-activity: Animating
04-11 02:49:04.999  2792  2806 I native-activity: Frame 651 GL error is 0x0
04-11 02:49:04.999  2792  2806 I native-activity: Frame 651 time is 5.074ms
04-11 02:49:04.999  2792  2806 I native-activity: Doing egl_swapbuffers_sync 2
04-11 02:49:04.999  2792  2806 I native-activity: Swap 651 time is 5.624ms
04-11 02:49:04.999  2792  2806 I native-activity: Animating
04-11 02:49:05.009  2792  2806 I native-activity: Frame 652 GL error is 0x0
04-11 02:49:05.009  2792  2806 I native-activity: Frame 652 time is 5.230ms
04-11 02:49:05.009  2792  2806 I native-activity: Doing egl_swapbuffers_sync 2
04-11 02:49:05.009  2792  2806 I native-activity: Swap 652 time is 5.801ms
04-11 02:49:05.009  2792  2806 I native-activity: Animating
04-11 02:49:05.009  2792  2806 I native-activity: Frame 653 GL error is 0x0
04-11 02:49:05.009  2792  2806 I native-activity: Frame 653 time is 5.068ms
04-11 02:49:05.009  2792  2806 I native-activity: Doing egl_swapbuffers_sync 2
04-11 02:49:05.009  2792  2806 I native-activity: Swap 653 time is 5.623ms
04-11 02:49:05.009  2792  2806 I native-activity: Animating
04-11 02:49:05.019  2792  2806 I native-activity: Frame 654 GL error is 0x0
04-11 02:49:05.019  2792  2806 I native-activity: Frame 654 time is 4.899ms
04-11 02:49:05.019  2792  2806 I native-activity: Doing egl_swapbuffers_sync 2
04-11 02:49:05.019  2792  2806 I native-activity: Swap 654 time is 5.472ms
04-11 02:49:05.019  2792  2806 I native-activity: Animating
04-11 02:49:05.029  2792  2806 I native-activity: Frame 655 GL error is 0x0
04-11 02:49:05.029  2792  2806 I native-activity: Frame 655 time is 4.850ms
04-11 02:49:05.029  2792  2806 I native-activity: Doing egl_swapbuffers_sync 2
04-11 02:49:05.029  2792  2806 I native-activity: Swap 655 time is 5.418ms
04-11 02:49:05.029  2792  2806 I native-activity: Animating
04-11 02:49:05.029  2792  2806 I native-activity: Frame 656 GL error is 0x0
04-11 02:49:05.029  2792  2806 I native-activity: Frame 656 time is 4.873ms
04-11 02:49:05.029  2792  2806 I native-activity: Doing egl_swapbuffers_sync 2
04-11 02:49:05.029  2792  2806 I native-activity: Swap 656 time is 5.435ms
04-11 02:49:05.029  2792  2806 I native-activity: Animating
04-11 02:49:05.039  2792  2806 I native-activity: Frame 657 GL error is 0x0
04-11 02:49:05.039  2792  2806 I native-activity: Frame 657 time is 4.830ms
04-11 02:49:05.039  2792  2806 I native-activity: Doing egl_swapbuffers_sync 2
04-11 02:49:05.039  2792  2806 I native-activity: Swap 657 time is 5.397ms
04-11 02:49:05.039  2792  2806 I native-activity: Animating
04-11 02:49:05.039  2792  2806 I native-activity: Frame 658 GL error is 0x0
04-11 02:49:05.039  2792  2806 I native-activity: Frame 658 time is 4.775ms
04-11 02:49:05.039  2792  2806 I native-activity: Doing egl_swapbuffers_sync 2
04-11 02:49:05.039  2792  2806 I native-activity: Swap 658 time is 5.361ms
04-11 02:49:05.039  2792  2806 I native-activity: Animating
04-11 02:49:05.049  2792  2806 I native-activity: Frame 659 GL error is 0x0
04-11 02:49:05.049  2792  2806 I native-activity: Frame 659 time is 5.353ms
04-11 02:49:05.049  2792  2806 I native-activity: Doing egl_swapbuffers_sync 2
04-11 02:49:05.049  2792  2806 I native-activity: Swap 659 time is 5.962ms
04-11 02:49:05.049  2792  2806 I native-activity: Animating
04-11 02:49:05.049  2792  2806 I native-activity: Frame 660 GL error is 0x0
04-11 02:49:05.049  2792  2806 I native-activity: Frame 660 time is 4.971ms
04-11 02:49:05.049  2792  2806 I native-activity: Doing egl_swapbuffers_sync 2
04-11 02:49:05.049  2792  2806 I native-activity: Swap 660 time is 5.734ms
04-11 02:49:05.049  2792  2806 I native-activity: Animating
04-11 02:49:05.059  2792  2806 I native-activity: Frame 661 GL error is 0x0
04-11 02:49:05.059  2792  2806 I native-activity: Frame 661 time is 4.931ms
04-11 02:49:05.059  2792  2806 I native-activity: Doing egl_swapbuffers_sync 2
04-11 02:49:05.059  2792  2806 I native-activity: Swap 661 time is 5.608ms
04-11 02:49:05.059  2792  2806 I native-activity: Animating
04-11 02:49:05.059  2792  2806 I native-activity: Frame 662 GL error is 0x0
04-11 02:49:05.059  2792  2806 I native-activity: Frame 662 time is 4.741ms
04-11 02:49:05.059  2792  2806 I native-activity: Doing egl_swapbuffers_sync 2
04-11 02:49:05.069  2792  2806 I native-activity: Swap 662 time is 5.413ms
04-11 02:49:05.069  2792  2806 I native-activity: Animating
04-11 02:49:05.069  2792  2806 I native-activity: Frame 663 GL error is 0x0
04-11 02:49:05.069  2792  2806 I native-activity: Frame 663 time is 4.718ms
04-11 02:49:05.069  2792  2806 I native-activity: Doing egl_swapbuffers_sync 2
04-11 02:49:05.069  2792  2806 I native-activity: Swap 663 time is 5.449ms
04-11 02:49:05.069  2792  2806 I native-activity: Animating
04-11 02:49:05.079  2792  2806 I native-activity: Frame 664 GL error is 0x0
04-11 02:49:05.079  2792  2806 I native-activity: Frame 664 time is 6.178ms
04-11 02:49:05.079  2792  2806 I native-activity: Doing egl_swapbuffers_sync 2
04-11 02:49:05.079  2792  2806 I native-activity: Swap 664 time is 7.028ms
04-11 02:49:05.079  2792  2806 I native-activity: Animating
04-11 02:49:05.079  2792  2806 I native-activity: Frame 665 GL error is 0x0
04-11 02:49:05.079  2792  2806 I native-activity: Frame 665 time is 4.579ms
04-11 02:49:05.079  2792  2806 I native-activity: Doing egl_swapbuffers_sync 2
04-11 02:49:05.079  2792  2806 I native-activity: Swap 665 time is 5.077ms
04-11 02:49:05.079  2792  2806 I native-activity: Animating
04-11 02:49:05.089  2792  2806 I native-activity: Frame 666 GL error is 0x0
04-11 02:49:05.089  2792  2806 I native-activity: Frame 666 time is 5.205ms
04-11 02:49:05.089  2792  2806 I native-activity: Doing egl_swapbuffers_sync 2
04-11 02:49:05.089  2792  2806 I native-activity: Swap 666 time is 5.868ms
04-11 02:49:05.089  2792  2806 I native-activity: Animating
04-11 02:49:05.089  2792  2806 I native-activity: Frame 667 GL error is 0x0
04-11 02:49:05.089  2792  2806 I native-activity: Frame 667 time is 4.873ms
04-11 02:49:05.089  2792  2806 I native-activity: Doing egl_swapbuffers_sync 2
04-11 02:49:05.099  2792  2806 I native-activity: Swap 667 time is 5.630ms
04-11 02:49:05.099  2792  2806 I native-activity: Animating
04-11 02:49:05.099  2792  2806 I native-activity: Frame 668 GL error is 0x0
04-11 02:49:05.099  2792  2806 I native-activity: Frame 668 time is 4.786ms
04-11 02:49:05.099  2792  2806 I native-activity: Doing egl_swapbuffers_sync 2
04-11 02:49:05.099  2792  2806 I native-activity: Swap 668 time is 5.463ms
04-11 02:49:05.099  2792  2806 I native-activity: Animating
04-11 02:49:05.109  2792  2806 I native-activity: Frame 669 GL error is 0x0
04-11 02:49:05.109  2792  2806 I native-activity: Frame 669 time is 4.854ms
04-11 02:49:05.109  2792  2806 I native-activity: Doing egl_swapbuffers_sync 2
04-11 02:49:05.109  2792  2806 I native-activity: Swap 669 time is 5.510ms
04-11 02:49:05.109  2792  2806 I native-activity: Animating
04-11 02:49:05.109  2792  2806 I native-activity: Frame 670 GL error is 0x0
04-11 02:49:05.109  2792  2806 I native-activity: Frame 670 time is 4.801ms
04-11 02:49:05.109  2792  2806 I native-activity: Doing egl_swapbuffers_sync 2
04-11 02:49:05.109  2792  2806 I native-activity: Swap 670 time is 5.502ms
04-11 02:49:05.109  2792  2806 I native-activity: Animating
04-11 02:49:05.119  2792  2806 I native-activity: Frame 671 GL error is 0x0
04-11 02:49:05.119  2792  2806 I native-activity: Frame 671 time is 4.878ms
04-11 02:49:05.119  2792  2806 I native-activity: Doing egl_swapbuffers_sync 2
04-11 02:49:05.119  2792  2806 I native-activity: Swap 671 time is 5.534ms
04-11 02:49:05.119  2792  2806 I native-activity: Animating
04-11 02:49:05.119  2792  2806 I native-activity: Frame 672 GL error is 0x0
04-11 02:49:05.119  2792  2806 I native-activity: Frame 672 time is 4.890ms
04-11 02:49:05.119  2792  2806 I native-activity: Doing egl_swapbuffers_sync 2
04-11 02:49:05.119  2792  2806 I native-activity: Swap 672 time is 5.545ms
04-11 02:49:05.119  2792  2806 I native-activity: Animating
04-11 02:49:05.129  2792  2806 I native-activity: Frame 673 GL error is 0x0
04-11 02:49:05.129  2792  2806 I native-activity: Frame 673 time is 8.981ms
04-11 02:49:05.129  2792  2806 I native-activity: Doing egl_swapbuffers_sync 2
04-11 02:49:05.129  2792  2806 I native-activity: Swap 673 time is 9.540ms
04-11 02:49:05.129  2792  2806 I native-activity: Animating
04-11 02:49:05.139  2792  2806 I native-activity: Frame 674 GL error is 0x0
04-11 02:49:05.139  2792  2806 I native-activity: Frame 674 time is 4.355ms
04-11 02:49:05.139  2792  2806 I native-activity: Doing egl_swapbuffers_sync 2
04-11 02:49:05.139  2792  2806 I native-activity: Swap 674 time is 4.874ms
04-11 02:49:05.139  2792  2806 I native-activity: Animating
04-11 02:49:05.139  2792  2806 I native-activity: Frame 675 GL error is 0x0
04-11 02:49:05.139  2792  2806 I native-activity: Frame 675 time is 3.468ms
04-11 02:49:05.139  2792  2806 I native-activity: Doing egl_swapbuffers_sync 2
04-11 02:49:05.139  2792  2806 I native-activity: Swap 675 time is 3.902ms
04-11 02:49:05.139  2792  2806 I native-activity: Animating
04-11 02:49:05.149  2792  2806 I native-activity: Frame 676 GL error is 0x0
04-11 02:49:05.149  2792  2806 I native-activity: Frame 676 time is 3.522ms
04-11 02:49:05.149  2792  2806 I native-activity: Doing egl_swapbuffers_sync 2
04-11 02:49:05.149  2792  2806 I native-activity: Swap 676 time is 3.878ms
04-11 02:49:05.149  2792  2806 I native-activity: Animating
04-11 02:49:05.149  2792  2806 I native-activity: Frame 677 GL error is 0x0
04-11 02:49:05.149  2792  2806 I native-activity: Frame 677 time is 3.234ms
04-11 02:49:05.149  2792  2806 I native-activity: Doing egl_swapbuffers_sync 2
04-11 02:49:05.149  2792  2806 I native-activity: Swap 677 time is 3.700ms
04-11 02:49:05.149  2792  2806 I native-activity: Animating
04-11 02:49:05.149  2792  2806 I native-activity: Frame 678 GL error is 0x0
04-11 02:49:05.149  2792  2806 I native-activity: Frame 678 time is 2.868ms
04-11 02:49:05.149  2792  2806 I native-activity: Doing egl_swapbuffers_sync 2
04-11 02:49:05.149  2792  2806 I native-activity: Swap 678 time is 3.376ms
04-11 02:49:05.149  2792  2806 I native-activity: Animating
04-11 02:49:05.159  2792  2806 I native-activity: Frame 679 GL error is 0x0
04-11 02:49:05.159  2792  2806 I native-activity: Frame 679 time is 2.940ms
04-11 02:49:05.159  2792  2806 I native-activity: Doing egl_swapbuffers_sync 2
04-11 02:49:05.159  2792  2806 I native-activity: Swap 679 time is 3.389ms
04-11 02:49:05.159  2792  2806 I native-activity: Animating
04-11 02:49:05.159  2792  2806 I native-activity: Frame 680 GL error is 0x0
04-11 02:49:05.159  2792  2806 I native-activity: Frame 680 time is 3.989ms
04-11 02:49:05.159  2792  2806 I native-activity: Doing egl_swapbuffers_sync 2
04-11 02:49:05.159  2792  2806 I native-activity: Swap 680 time is 4.414ms
04-11 02:49:05.159  2792  2806 I native-activity: Animating
04-11 02:49:05.169  2792  2806 I native-activity: Frame 681 GL error is 0x0
04-11 02:49:05.169  2792  2806 I native-activity: Frame 681 time is 4.149ms
04-11 02:49:05.169  2792  2806 I native-activity: Doing egl_swapbuffers_sync 2
04-11 02:49:05.169  2792  2806 I native-activity: Swap 681 time is 4.736ms
04-11 02:49:05.169  2792  2806 I native-activity: Animating
04-11 02:49:05.169  2792  2806 I native-activity: Frame 682 GL error is 0x0
04-11 02:49:05.169  2792  2806 I native-activity: Frame 682 time is 4.733ms
04-11 02:49:05.169  2792  2806 I native-activity: Doing egl_swapbuffers_sync 2
04-11 02:49:05.169  2792  2806 I native-activity: Swap 682 time is 5.285ms
04-11 02:49:05.169  2792  2806 I native-activity: Animating
04-11 02:49:05.169  2792  2806 I native-activity: Frame 683 GL error is 0x0
04-11 02:49:05.169  2792  2806 I native-activity: Frame 683 time is 3.728ms
04-11 02:49:05.169  2792  2806 I native-activity: Doing egl_swapbuffers_sync 2
04-11 02:49:05.179  2792  2806 I native-activity: Swap 683 time is 4.205ms
04-11 02:49:05.179  2792  2806 I native-activity: Animating
04-11 02:49:05.179  2792  2806 I native-activity: Frame 684 GL error is 0x0
04-11 02:49:05.179  2792  2806 I native-activity: Frame 684 time is 3.783ms
04-11 02:49:05.179  2792  2806 I native-activity: Doing egl_swapbuffers_sync 2
04-11 02:49:05.179  2792  2806 I native-activity: Swap 684 time is 4.139ms
04-11 02:49:05.179  2792  2806 I native-activity: Animating
04-11 02:49:05.179  2792  2806 I native-activity: Frame 685 GL error is 0x0
04-11 02:49:05.179  2792  2806 I native-activity: Frame 685 time is 3.831ms
04-11 02:49:05.179  2792  2806 I native-activity: Doing egl_swapbuffers_sync 2
04-11 02:49:05.179  2792  2806 I native-activity: Swap 685 time is 4.264ms
04-11 02:49:05.179  2792  2806 I native-activity: Animating
04-11 02:49:05.189  2792  2806 I native-activity: Frame 686 GL error is 0x0
04-11 02:49:05.189  2792  2806 I native-activity: Frame 686 time is 4.104ms
04-11 02:49:05.189  2792  2806 I native-activity: Doing egl_swapbuffers_sync 2
04-11 02:49:05.189  2792  2806 I native-activity: Swap 686 time is 4.638ms
04-11 02:49:05.189  2792  2806 I native-activity: Animating
04-11 02:49:05.189  2792  2806 I native-activity: Frame 687 GL error is 0x0
04-11 02:49:05.189  2792  2806 I native-activity: Frame 687 time is 3.844ms
04-11 02:49:05.189  2792  2806 I native-activity: Doing egl_swapbuffers_sync 2
04-11 02:49:05.189  2792  2806 I native-activity: Swap 687 time is 4.360ms
04-11 02:49:05.189  2792  2806 I native-activity: Animating
04-11 02:49:05.199  2792  2806 I native-activity: Frame 688 GL error is 0x0
04-11 02:49:05.199  2792  2806 I native-activity: Frame 688 time is 3.949ms
04-11 02:49:05.199  2792  2806 I native-activity: Doing egl_swapbuffers_sync 2
04-11 02:49:05.199  2792  2806 I native-activity: Swap 688 time is 4.481ms
04-11 02:49:05.199  2792  2806 I native-activity: Animating
04-11 02:49:05.199  2792  2806 I native-activity: Frame 689 GL error is 0x0
04-11 02:49:05.199  2792  2806 I native-activity: Frame 689 time is 3.553ms
04-11 02:49:05.199  2792  2806 I native-activity: Doing egl_swapbuffers_sync 2
04-11 02:49:05.199  2792  2806 I native-activity: Swap 689 time is 3.992ms
04-11 02:49:05.199  2792  2806 I native-activity: Animating
04-11 02:49:05.209  2792  2806 I native-activity: Frame 690 GL error is 0x0
04-11 02:49:05.209  2792  2806 I native-activity: Frame 690 time is 4.685ms
04-11 02:49:05.209  2792  2806 I native-activity: Doing egl_swapbuffers_sync 2
04-11 02:49:05.209  2792  2806 I native-activity: Swap 690 time is 5.254ms
04-11 02:49:05.209  2792  2806 I native-activity: Animating
04-11 02:49:05.209  2792  2806 I native-activity: Frame 691 GL error is 0x0
04-11 02:49:05.209  2792  2806 I native-activity: Frame 691 time is 3.545ms
04-11 02:49:05.209  2792  2806 I native-activity: Doing egl_swapbuffers_sync 2
04-11 02:49:05.209  2792  2806 I native-activity: Swap 691 time is 4.094ms
04-11 02:49:05.209  2792  2806 I native-activity: Animating
04-11 02:49:05.209  2792  2806 I native-activity: Frame 692 GL error is 0x0
04-11 02:49:05.209  2792  2806 I native-activity: Frame 692 time is 3.502ms
04-11 02:49:05.209  2792  2806 I native-activity: Doing egl_swapbuffers_sync 2
04-11 02:49:05.219  2792  2806 I native-activity: Swap 692 time is 4.129ms
04-11 02:49:05.219  2792  2806 I native-activity: Animating
04-11 02:49:05.219  2792  2806 I native-activity: Frame 693 GL error is 0x0
04-11 02:49:05.219  2792  2806 I native-activity: Frame 693 time is 3.593ms
04-11 02:49:05.219  2792  2806 I native-activity: Doing egl_swapbuffers_sync 2
04-11 02:49:05.219  2792  2806 I native-activity: Swap 693 time is 4.151ms
04-11 02:49:05.219  2792  2806 I native-activity: Animating
04-11 02:49:05.219  2792  2806 I native-activity: Frame 694 GL error is 0x0
04-11 02:49:05.219  2792  2806 I native-activity: Frame 694 time is 3.512ms
04-11 02:49:05.219  2792  2806 I native-activity: Doing egl_swapbuffers_sync 2
04-11 02:49:05.219  2792  2806 I native-activity: Swap 694 time is 4.069ms
04-11 02:49:05.219  2792  2806 I native-activity: Animating
04-11 02:49:05.229  2792  2806 I native-activity: Frame 695 GL error is 0x0
04-11 02:49:05.229  2792  2806 I native-activity: Frame 695 time is 2.739ms
04-11 02:49:05.229  2792  2806 I native-activity: Doing egl_swapbuffers_sync 2
04-11 02:49:05.229  2792  2806 I native-activity: Swap 695 time is 3.197ms
04-11 02:49:05.229  2792  2806 I native-activity: Animating
04-11 02:49:05.229  2792  2806 I native-activity: Frame 696 GL error is 0x0
04-11 02:49:05.229  2792  2806 I native-activity: Frame 696 time is 2.401ms
04-11 02:49:05.229  2792  2806 I native-activity: Doing egl_swapbuffers_sync 2
04-11 02:49:05.229  2792  2806 I native-activity: Swap 696 time is 2.880ms
04-11 02:49:05.229  2792  2806 I native-activity: Animating
04-11 02:49:05.229  2792  2806 I native-activity: Frame 697 GL error is 0x0
04-11 02:49:05.229  2792  2806 I native-activity: Frame 697 time is 2.377ms
04-11 02:49:05.229  2792  2806 I native-activity: Doing egl_swapbuffers_sync 2
04-11 02:49:05.229  2792  2806 I native-activity: Swap 697 time is 2.829ms
04-11 02:49:05.229  2792  2806 I native-activity: Animating
04-11 02:49:05.239  2792  2806 I native-activity: Frame 698 GL error is 0x0
04-11 02:49:05.239  2792  2806 I native-activity: Frame 698 time is 2.759ms
04-11 02:49:05.239  2792  2806 I native-activity: Doing egl_swapbuffers_sync 2
04-11 02:49:05.239  2792  2806 I native-activity: Swap 698 time is 3.231ms
04-11 02:49:05.239  2792  2806 I native-activity: Animating
04-11 02:49:05.239  2792  2806 I native-activity: Frame 699 GL error is 0x0
04-11 02:49:05.239  2792  2806 I native-activity: Frame 699 time is 2.643ms
04-11 02:49:05.239  2792  2806 I native-activity: Doing egl_swapbuffers_sync 2
04-11 02:49:05.239  2792  2806 I native-activity: Swap 699 time is 3.112ms
04-11 02:49:05.239  2792  2806 I native-activity: Animating
04-11 02:49:05.239  2792  2806 I native-activity: Frame 700 GL error is 0x0
04-11 02:49:05.239  2792  2806 I native-activity: Frame 700 time is 2.777ms
04-11 02:49:05.239  2792  2806 I native-activity: Doing egl_swapbuffers_sync 2
04-11 02:49:05.239  2792  2806 I native-activity: Swap 700 time is 3.201ms
04-11 02:49:05.239  2792  2806 I native-activity: Animating
04-11 02:49:05.249  2792  2806 I native-activity: Frame 701 GL error is 0x0
04-11 02:49:05.249  2792  2806 I native-activity: Frame 701 time is 3.035ms
04-11 02:49:05.249  2792  2806 I native-activity: Doing egl_swapbuffers_sync 2
04-11 02:49:05.249  2792  2806 I native-activity: Swap 701 time is 3.420ms
04-11 02:49:05.249  2792  2806 I native-activity: Animating
04-11 02:49:05.249  2792  2806 I native-activity: Frame 702 GL error is 0x0
04-11 02:49:05.249  2792  2806 I native-activity: Frame 702 time is 2.848ms
04-11 02:49:05.249  2792  2806 I native-activity: Doing egl_swapbuffers_sync 2
04-11 02:49:05.249  2792  2806 I native-activity: Swap 702 time is 3.226ms
04-11 02:49:05.249  2792  2806 I native-activity: Animating
04-11 02:49:05.249  2792  2806 I native-activity: Frame 703 GL error is 0x0
04-11 02:49:05.249  2792  2806 I native-activity: Frame 703 time is 2.818ms
04-11 02:49:05.249  2792  2806 I native-activity: Doing egl_swapbuffers_sync 2
04-11 02:49:05.249  2792  2806 I native-activity: Swap 703 time is 3.247ms
04-11 02:49:05.249  2792  2806 I native-activity: Animating
04-11 02:49:05.259  2792  2806 I native-activity: Frame 704 GL error is 0x0
04-11 02:49:05.259  2792  2806 I native-activity: Frame 704 time is 2.989ms
04-11 02:49:05.259  2792  2806 I native-activity: Doing egl_swapbuffers_sync 2
04-11 02:49:05.259  2792  2806 I native-activity: Swap 704 time is 3.373ms
04-11 02:49:05.259  2792  2806 I native-activity: Animating
04-11 02:49:05.259  2792  2806 I native-activity: Frame 705 GL error is 0x0
04-11 02:49:05.259  2792  2806 I native-activity: Frame 705 time is 3.586ms
04-11 02:49:05.259  2792  2806 I native-activity: Doing egl_swapbuffers_sync 2
04-11 02:49:05.259  2792  2806 I native-activity: Swap 705 time is 4.132ms
04-11 02:49:05.259  2792  2806 I native-activity: Animating
04-11 02:49:05.259  2792  2806 I native-activity: Frame 706 GL error is 0x0
04-11 02:49:05.259  2792  2806 I native-activity: Frame 706 time is 3.001ms
04-11 02:49:05.259  2792  2806 I native-activity: Doing egl_swapbuffers_sync 2
04-11 02:49:05.259  2792  2806 I native-activity: Swap 706 time is 3.384ms
04-11 02:49:05.259  2792  2806 I native-activity: Animating
04-11 02:49:05.269  2792  2806 I native-activity: Frame 707 GL error is 0x0
04-11 02:49:05.269  2792  2806 I native-activity: Frame 707 time is 3.070ms
04-11 02:49:05.269  2792  2806 I native-activity: Doing egl_swapbuffers_sync 2
04-11 02:49:05.269  2792  2806 I native-activity: Swap 707 time is 3.457ms
04-11 02:49:05.269  2792  2806 I native-activity: Animating
04-11 02:49:05.269  2792  2806 I native-activity: Frame 708 GL error is 0x0
04-11 02:49:05.269  2792  2806 I native-activity: Frame 708 time is 2.996ms
04-11 02:49:05.269  2792  2806 I native-activity: Doing egl_swapbuffers_sync 2
04-11 02:49:05.269  2792  2806 I native-activity: Swap 708 time is 3.380ms
04-11 02:49:05.269  2792  2806 I native-activity: Animating
04-11 02:49:05.269  2792  2806 I native-activity: Frame 709 GL error is 0x0
04-11 02:49:05.269  2792  2806 I native-activity: Frame 709 time is 3.083ms
04-11 02:49:05.269  2792  2806 I native-activity: Doing egl_swapbuffers_sync 2
04-11 02:49:05.269  2792  2806 I native-activity: Swap 709 time is 3.473ms
04-11 02:49:05.269  2792  2806 I native-activity: Animating
04-11 02:49:05.279  2792  2806 I native-activity: Frame 710 GL error is 0x0
04-11 02:49:05.279  2792  2806 I native-activity: Frame 710 time is 3.276ms
04-11 02:49:05.279  2792  2806 I native-activity: Doing egl_swapbuffers_sync 2
04-11 02:49:05.279  2792  2806 I native-activity: Swap 710 time is 3.610ms
04-11 02:49:05.279  2792  2806 I native-activity: Animating
04-11 02:49:05.279  2792  2806 I native-activity: Frame 711 GL error is 0x0
04-11 02:49:05.279  2792  2806 I native-activity: Frame 711 time is 3.118ms
04-11 02:49:05.279  2792  2806 I native-activity: Doing egl_swapbuffers_sync 2
04-11 02:49:05.279  2792  2806 I native-activity: Swap 711 time is 3.525ms
04-11 02:49:05.279  2792  2806 I native-activity: Animating
04-11 02:49:05.289  2792  2806 I native-activity: Frame 712 GL error is 0x0
04-11 02:49:05.289  2792  2806 I native-activity: Frame 712 time is 4.540ms
04-11 02:49:05.289  2792  2806 I native-activity: Doing egl_swapbuffers_sync 2
04-11 02:49:05.289  2792  2806 I native-activity: Swap 712 time is 5.191ms
04-11 02:49:05.289  2792  2806 I native-activity: Animating
04-11 02:49:05.289  2792  2806 I native-activity: Frame 713 GL error is 0x0
04-11 02:49:05.289  2792  2806 I native-activity: Frame 713 time is 4.571ms
04-11 02:49:05.289  2792  2806 I native-activity: Doing egl_swapbuffers_sync 2
04-11 02:49:05.289  2792  2806 I native-activity: Swap 713 time is 5.140ms
04-11 02:49:05.289  2792  2806 I native-activity: Animating
04-11 02:49:05.299  2792  2806 I native-activity: Frame 714 GL error is 0x0
04-11 02:49:05.299  2792  2806 I native-activity: Frame 714 time is 4.930ms
04-11 02:49:05.299  2792  2806 I native-activity: Doing egl_swapbuffers_sync 2
04-11 02:49:05.299  2792  2806 I native-activity: Swap 714 time is 5.501ms
04-11 02:49:05.299  2792  2806 I native-activity: Animating
04-11 02:49:05.299  2792  2806 I native-activity: Frame 715 GL error is 0x0
04-11 02:49:05.299  2792  2806 I native-activity: Frame 715 time is 4.785ms
04-11 02:49:05.299  2792  2806 I native-activity: Doing egl_swapbuffers_sync 2
04-11 02:49:05.299  2792  2806 I native-activity: Swap 715 time is 5.349ms
04-11 02:49:05.299  2792  2806 I native-activity: Animating
04-11 02:49:05.309  2792  2806 I native-activity: Frame 716 GL error is 0x0
04-11 02:49:05.309  2792  2806 I native-activity: Frame 716 time is 5.040ms
04-11 02:49:05.309  2792  2806 I native-activity: Doing egl_swapbuffers_sync 2
04-11 02:49:05.309  2792  2806 I native-activity: Swap 716 time is 5.634ms
04-11 02:49:05.309  2792  2806 I native-activity: Animating
04-11 02:49:05.309  2792  2806 I native-activity: Frame 717 GL error is 0x0
04-11 02:49:05.309  2792  2806 I native-activity: Frame 717 time is 4.997ms
04-11 02:49:05.309  2792  2806 I native-activity: Doing egl_swapbuffers_sync 2
04-11 02:49:05.309  2792  2806 I native-activity: Swap 717 time is 5.560ms
04-11 02:49:05.309  2792  2806 I native-activity: Animating
04-11 02:49:05.319  2792  2806 I native-activity: Frame 718 GL error is 0x0
04-11 02:49:05.319  2792  2806 I native-activity: Frame 718 time is 4.783ms
04-11 02:49:05.319  2792  2806 I native-activity: Doing egl_swapbuffers_sync 2
04-11 02:49:05.319  2792  2806 I native-activity: Swap 718 time is 5.353ms
04-11 02:49:05.319  2792  2806 I native-activity: Animating
04-11 02:49:05.319  2792  2806 I native-activity: Frame 719 GL error is 0x0
04-11 02:49:05.319  2792  2806 I native-activity: Frame 719 time is 4.626ms
04-11 02:49:05.319  2792  2806 I native-activity: Doing egl_swapbuffers_sync 2
04-11 02:49:05.329  2792  2806 I native-activity: Swap 719 time is 5.292ms
04-11 02:49:05.329  2792  2806 I native-activity: Animating
04-11 02:49:05.329  2792  2806 I native-activity: Frame 720 GL error is 0x0
04-11 02:49:05.329  2792  2806 I native-activity: Frame 720 time is 4.680ms
04-11 02:49:05.329  2792  2806 I native-activity: Doing egl_swapbuffers_sync 2
04-11 02:49:05.329  2792  2806 I native-activity: Swap 720 time is 5.265ms
04-11 02:49:05.329  2792  2806 I native-activity: Animating
04-11 02:49:05.339  2792  2806 I native-activity: Frame 721 GL error is 0x0
04-11 02:49:05.339  2792  2806 I native-activity: Frame 721 time is 4.843ms
04-11 02:49:05.339  2792  2806 I native-activity: Doing egl_swapbuffers_sync 2
04-11 02:49:05.339  2792  2806 I native-activity: Swap 721 time is 5.424ms
04-11 02:49:05.339  2792  2806 I native-activity: Animating
04-11 02:49:05.339  2792  2806 I native-activity: Frame 722 GL error is 0x0
04-11 02:49:05.339  2792  2806 I native-activity: Frame 722 time is 4.433ms
04-11 02:49:05.339  2792  2806 I native-activity: Doing egl_swapbuffers_sync 2
04-11 02:49:05.339  2792  2806 I native-activity: Swap 722 time is 5.000ms
04-11 02:49:05.339  2792  2806 I native-activity: Animating
04-11 02:49:05.349  2792  2806 I native-activity: Frame 723 GL error is 0x0
04-11 02:49:05.349  2792  2806 I native-activity: Frame 723 time is 4.558ms
04-11 02:49:05.349  2792  2806 I native-activity: Doing egl_swapbuffers_sync 2
04-11 02:49:05.349  2792  2806 I native-activity: Swap 723 time is 5.122ms
04-11 02:49:05.349  2792  2806 I native-activity: Animating
04-11 02:49:05.349  2792  2806 I native-activity: Frame 724 GL error is 0x0
04-11 02:49:05.349  2792  2806 I native-activity: Frame 724 time is 4.345ms
04-11 02:49:05.349  2792  2806 I native-activity: Doing egl_swapbuffers_sync 2
04-11 02:49:05.349  2792  2806 I native-activity: Swap 724 time is 4.886ms
04-11 02:49:05.349  2792  2806 I native-activity: Animating
04-11 02:49:05.359  2792  2806 I native-activity: Frame 725 GL error is 0x0
04-11 02:49:05.359  2792  2806 I native-activity: Frame 725 time is 6.984ms
04-11 02:49:05.359  2792  2806 I native-activity: Doing egl_swapbuffers_sync 2
04-11 02:49:05.359  2792  2806 I native-activity: Swap 725 time is 7.537ms
04-11 02:49:05.359  2792  2806 I native-activity: Animating
04-11 02:49:05.359  2792  2806 I native-activity: Frame 726 GL error is 0x0
04-11 02:49:05.359  2792  2806 I native-activity: Frame 726 time is 4.652ms
04-11 02:49:05.359  2792  2806 I native-activity: Doing egl_swapbuffers_sync 2
04-11 02:49:05.359  2792  2806 I native-activity: Swap 726 time is 5.201ms
04-11 02:49:05.359  2792  2806 I native-activity: Animating
04-11 02:49:05.369  1434  2609 D BatteryService: !@BatteryListener : batteryPropertiesChanged!
04-11 02:49:05.369  1434  2609 D BatteryService: level:25, scale:100, status:3, health:9, present:true, voltage: 3674, temperature: 258, technology: Li-ion, AC powered:false, USB powered:false, POGO powered:false, Wireless powered:false, icon:17303406, invalid charger:0, maxChargingCurrent:0
04-11 02:49:05.369  1434  2609 D BatteryService: online:4, current avg:-658, charge type:0, power sharing:false, high voltage charger:false, capacity:280000, batterySWSelfDischarging:false, current_now:-992
04-11 02:49:05.369  1434  1434 D BatteryService: Sending ACTION_BATTERY_CHANGED.
04-11 02:49:05.369  2792  2806 I native-activity: Frame 727 GL error is 0x0
04-11 02:49:05.369  2792  2806 I native-activity: Frame 727 time is 5.383ms
04-11 02:49:05.369  2792  2806 I native-activity: Doing egl_swapbuffers_sync 2
04-11 02:49:05.369  2792  2806 I native-activity: Swap 727 time is 5.953ms
04-11 02:49:05.369  2792  2806 I native-activity: Animating
04-11 02:49:05.369  1434  1434 I MotionRecognitionService: On Battery, 0
04-11 02:49:05.369  1434  1434 D MotionRecognitionService:   cableConnection= 0
04-11 02:49:05.379  2792  2806 I native-activity: Frame 728 GL error is 0x0
04-11 02:49:05.379  2792  2806 I native-activity: Frame 728 time is 5.148ms
04-11 02:49:05.379  2792  2806 I native-activity: Doing egl_swapbuffers_sync 2
04-11 02:49:05.379  2792  2806 I native-activity: Swap 728 time is 5.821ms
04-11 02:49:05.379  2792  2806 I native-activity: Animating
04-11 02:49:05.379  2792  2806 I native-activity: Frame 729 GL error is 0x0
04-11 02:49:05.379  2792  2806 I native-activity: Frame 729 time is 4.866ms
04-11 02:49:05.379  2792  2806 I native-activity: Doing egl_swapbuffers_sync 2
04-11 02:49:05.379  2792  2806 I native-activity: Swap 729 time is 5.437ms
04-11 02:49:05.379  2792  2806 I native-activity: Animating
04-11 02:49:05.379  1434  2179 D WifiController: ApOrStaEnabledState  msg.what= 155652
04-11 02:49:05.389  2792  2806 I native-activity: Frame 730 GL error is 0x0
04-11 02:49:05.389  2792  2806 I native-activity: Frame 730 time is 5.591ms
04-11 02:49:05.389  2792  2806 I native-activity: Doing egl_swapbuffers_sync 2
04-11 02:49:05.389  2724  2724 D BatteryMonitor: new battery level: 25
04-11 02:49:05.389  2792  2806 I native-activity: Swap 730 time is 6.216ms
04-11 02:49:05.389  2792  2806 I native-activity: Animating
04-11 02:49:05.389 30475 30475 D KeyguardUpdateMonitor: received broadcast android.intent.action.BATTERY_CHANGED
04-11 02:49:05.389 30475 30475 D PowerUI : Cable  true --> true mBootCompleted : false
04-11 02:49:05.389 30475 30475 D PowerUI : Sending cableIntent : Intent { act=com.samsung.systemui.power.action.ACTION_CABLE_CONNECTED VirtualScreenParam=Params{mDisplayId=-1, null, mFlags=0x00000000)} }
04-11 02:49:05.389 30475 30475 D KeyguardUpdateMonitor: handleBatteryUpdate
04-11 02:49:05.389 30475 30475 D PowerUI : priorPlugType = 0 mPlugType =  0
04-11 02:49:05.389  2792  2806 I native-activity: Frame 731 GL error is 0x0
04-11 02:49:05.389  2792  2806 I native-activity: Frame 731 time is 4.868ms
04-11 02:49:05.389  2792  2806 I native-activity: Doing egl_swapbuffers_sync 2
04-11 02:49:05.389  2792  2806 I native-activity: Swap 731 time is 5.337ms
04-11 02:49:05.389  2792  2806 I native-activity: Animating
04-11 02:49:05.399 30475 30475 D BatteryMeterView: ACTION_BATTERY_CHANGED : level:25 status:3 health:9
04-11 02:49:05.399  2792  2806 I native-activity: Frame 732 GL error is 0x0
04-11 02:49:05.399  2792  2806 I native-activity: Frame 732 time is 5.792ms
04-11 02:49:05.399  2792  2806 I native-activity: Doing egl_swapbuffers_sync 2
04-11 02:49:05.399  2792  2806 I native-activity: Swap 732 time is 6.259ms
04-11 02:49:05.399  2792  2806 I native-activity: Animating
04-11 02:49:05.399 30938 30938 I BatteryChangedReceiver: received action: android.intent.action.BATTERY_CHANGED
04-11 02:49:05.399  2792  2806 I native-activity: Frame 733 GL error is 0x0
04-11 02:49:05.399  2792  2806 I native-activity: Frame 733 time is 4.502ms
04-11 02:49:05.399  2792  2806 I native-activity: Doing egl_swapbuffers_sync 2
04-11 02:49:05.409  2792  2806 I native-activity: Swap 733 time is 5.121ms
04-11 02:49:05.409  2792  2806 I native-activity: Animating
04-11 02:49:05.409  2792  2806 I native-activity: Frame 734 GL error is 0x0
04-11 02:49:05.409  2792  2806 I native-activity: Frame 734 time is 4.042ms
04-11 02:49:05.409  2792  2806 I native-activity: Doing egl_swapbuffers_sync 2
04-11 02:49:05.409  2792  2806 I native-activity: Swap 734 time is 4.527ms
04-11 02:49:05.409  2792  2806 I native-activity: Animating
04-11 02:49:05.409  2792  2806 I native-activity: Frame 735 GL error is 0x0
04-11 02:49:05.409  2792  2806 I native-activity: Frame 735 time is 4.358ms
04-11 02:49:05.409  2792  2806 I native-activity: Doing egl_swapbuffers_sync 2
04-11 02:49:05.409  2792  2806 I native-activity: Swap 735 time is 4.847ms
04-11 02:49:05.419  2792  2806 I native-activity: Animating
04-11 02:49:05.419 30475 30475 D BatteryMeterView: ACTION_BATTERY_CHANGED : level:25 status:3 health:9
04-11 02:49:05.419  2792  2806 I native-activity: Frame 736 GL error is 0x0
04-11 02:49:05.419  2792  2806 I native-activity: Frame 736 time is 4.259ms
04-11 02:49:05.419  2792  2806 I native-activity: Doing egl_swapbuffers_sync 2
04-11 02:49:05.419  2792  2806 I native-activity: Swap 736 time is 4.750ms
04-11 02:49:05.419  2792  2806 I native-activity: Animating
04-11 02:49:05.419  2792  2806 I native-activity: Frame 737 GL error is 0x0
04-11 02:49:05.419  2792  2806 I native-activity: Frame 737 time is 4.850ms
04-11 02:49:05.419  2792  2806 I native-activity: Doing egl_swapbuffers_sync 2
04-11 02:49:05.429  2792  2806 I native-activity: Swap 737 time is 5.397ms
04-11 02:49:05.429  2792  2806 I native-activity: Animating
04-11 02:49:05.429  2792  2806 I native-activity: Frame 738 GL error is 0x0
04-11 02:49:05.429  2792  2806 I native-activity: Frame 738 time is 4.459ms
04-11 02:49:05.429  2792  2806 I native-activity: Doing egl_swapbuffers_sync 2
04-11 02:49:05.429  2792  2806 I native-activity: Swap 738 time is 4.895ms
04-11 02:49:05.429  2792  2806 I native-activity: Animating
04-11 02:49:05.429  2792  2806 I native-activity: Frame 739 GL error is 0x0
04-11 02:49:05.429  2792  2806 I native-activity: Frame 739 time is 4.204ms
04-11 02:49:05.429  2792  2806 I native-activity: Doing egl_swapbuffers_sync 2
04-11 02:49:05.429  2792  2806 I native-activity: Swap 739 time is 4.634ms
04-11 02:49:05.439  2792  2806 I native-activity: Animating
04-11 02:49:05.439  2792  2806 I native-activity: Frame 740 GL error is 0x0
04-11 02:49:05.439  2792  2806 I native-activity: Frame 740 time is 4.191ms
04-11 02:49:05.439  2792  2806 I native-activity: Doing egl_swapbuffers_sync 2
04-11 02:49:05.439  2792  2806 I native-activity: Swap 740 time is 4.626ms
04-11 02:49:05.439  2792  2806 I native-activity: Animating
04-11 02:49:05.449  2792  2806 I native-activity: Frame 741 GL error is 0x0
04-11 02:49:05.449  2792  2806 I native-activity: Frame 741 time is 6.326ms
04-11 02:49:05.449  2792  2806 I native-activity: Doing egl_swapbuffers_sync 2
04-11 02:49:05.449  2792  2806 I native-activity: Swap 741 time is 6.767ms
04-11 02:49:05.449  2792  2806 I native-activity: Animating
04-11 02:49:05.449  2792  2806 I native-activity: Frame 742 GL error is 0x0
04-11 02:49:05.459  2792  2806 I native-activity: Frame 742 time is 8.491ms
04-11 02:49:05.459  2792  2806 I native-activity: Doing egl_swapbuffers_sync 2
04-11 02:49:05.459  2792  2806 I native-activity: Swap 742 time is 8.953ms
04-11 02:49:05.459  2792  2806 I native-activity: Animating
04-11 02:49:05.459  2792  2806 I native-activity: Frame 743 GL error is 0x0
04-11 02:49:05.459  2792  2806 I native-activity: Frame 743 time is 5.355ms
04-11 02:49:05.459  2792  2806 I native-activity: Doing egl_swapbuffers_sync 2
04-11 02:49:05.459  2792  2806 I native-activity: Swap 743 time is 5.802ms
04-11 02:49:05.459  2792  2806 I native-activity: Animating
04-11 02:49:05.469  2792  2806 I native-activity: Frame 744 GL error is 0x0
04-11 02:49:05.469  2792  2806 I native-activity: Frame 744 time is 4.764ms
04-11 02:49:05.469  2792  2806 I native-activity: Doing egl_swapbuffers_sync 2
04-11 02:49:05.469  2792  2806 I native-activity: Swap 744 time is 5.211ms
04-11 02:49:05.469  2792  2806 I native-activity: Animating
04-11 02:49:05.469  2792  2806 I native-activity: Frame 745 GL error is 0x0
04-11 02:49:05.469  2792  2806 I native-activity: Frame 745 time is 4.523ms
04-11 02:49:05.469  2792  2806 I native-activity: Doing egl_swapbuffers_sync 2
04-11 02:49:05.469  2792  2806 I native-activity: Swap 745 time is 4.954ms
04-11 02:49:05.469  2792  2806 I native-activity: Animating
04-11 02:49:05.479  2792  2806 I native-activity: Frame 746 GL error is 0x0
04-11 02:49:05.479  2792  2806 I native-activity: Frame 746 time is 4.643ms
04-11 02:49:05.479  2792  2806 I native-activity: Doing egl_swapbuffers_sync 2
04-11 02:49:05.479  2792  2806 I native-activity: Swap 746 time is 5.092ms
04-11 02:49:05.479  2792  2806 I native-activity: Animating
04-11 02:49:05.479  2792  2806 I native-activity: Frame 747 GL error is 0x0
04-11 02:49:05.479  2792  2806 I native-activity: Frame 747 time is 4.747ms
04-11 02:49:05.479  2792  2806 I native-activity: Doing egl_swapbuffers_sync 2
04-11 02:49:05.479  2792  2806 I native-activity: Swap 747 time is 5.193ms
04-11 02:49:05.479  2792  2806 I native-activity: Animating
04-11 02:49:05.489  2792  2806 I native-activity: Frame 748 GL error is 0x0
04-11 02:49:05.489  2792  2806 I native-activity: Frame 748 time is 4.761ms
04-11 02:49:05.489  2792  2806 I native-activity: Doing egl_swapbuffers_sync 2
04-11 02:49:05.489  2792  2806 I native-activity: Swap 748 time is 5.306ms
04-11 02:49:05.489  2792  2806 I native-activity: Animating
04-11 02:49:05.489  2792  2806 I native-activity: Frame 749 GL error is 0x0
04-11 02:49:05.489  2792  2806 I native-activity: Frame 749 time is 5.025ms
04-11 02:49:05.489  2792  2806 I native-activity: Doing egl_swapbuffers_sync 2
04-11 02:49:05.489  2792  2806 I native-activity: Swap 749 time is 5.565ms
04-11 02:49:05.489  2792  2806 I native-activity: Animating
04-11 02:49:05.499  2792  2806 I native-activity: Frame 750 GL error is 0x0
04-11 02:49:05.499  2792  2806 I native-activity: Frame 750 time is 5.189ms
04-11 02:49:05.499  2792  2806 I native-activity: Doing egl_swapbuffers_sync 2
04-11 02:49:05.499  2792  2806 I native-activity: Swap 750 time is 5.746ms
04-11 02:49:05.499  2792  2806 I native-activity: Animating
04-11 02:49:05.509  2792  2806 I native-activity: Frame 751 GL error is 0x0
04-11 02:49:05.509  2792  2806 I native-activity: Frame 751 time is 8.622ms
04-11 02:49:05.509  2792  2806 I native-activity: Doing egl_swapbuffers_sync 2
04-11 02:49:05.509  2792  2806 I native-activity: Swap 751 time is 9.173ms
04-11 02:49:05.509  2792  2806 I native-activity: Animating
04-11 02:49:05.509  2792  2806 I native-activity: Frame 752 GL error is 0x0
04-11 02:49:05.509  2792  2806 I native-activity: Frame 752 time is 5.087ms
04-11 02:49:05.509  2792  2806 I native-activity: Doing egl_swapbuffers_sync 2
04-11 02:49:05.509  2792  2806 I native-activity: Swap 752 time is 5.624ms
04-11 02:49:05.509  2792  2806 I native-activity: Animating
04-11 02:49:05.519  2792  2806 I native-activity: Frame 753 GL error is 0x0
04-11 02:49:05.519  2792  2806 I native-activity: Frame 753 time is 4.855ms
04-11 02:49:05.519  2792  2806 I native-activity: Doing egl_swapbuffers_sync 2
04-11 02:49:05.519  2792  2806 I native-activity: Swap 753 time is 5.415ms
04-11 02:49:05.519  2792  2806 I native-activity: Animating
04-11 02:49:05.519  2792  2806 I native-activity: Frame 754 GL error is 0x0
04-11 02:49:05.519  2792  2806 I native-activity: Frame 754 time is 4.507ms
04-11 02:49:05.519  2792  2806 I native-activity: Doing egl_swapbuffers_sync 2
04-11 02:49:05.529  2792  2806 I native-activity: Swap 754 time is 5.173ms
04-11 02:49:05.529  2792  2806 I native-activity: Animating
04-11 02:49:05.529  2792  2806 I native-activity: Frame 755 GL error is 0x0
04-11 02:49:05.529  2792  2806 I native-activity: Frame 755 time is 4.482ms
04-11 02:49:05.529  2792  2806 I native-activity: Doing egl_swapbuffers_sync 2
04-11 02:49:05.529  2792  2806 I native-activity: Swap 755 time is 5.024ms
04-11 02:49:05.529  2792  2806 I native-activity: Animating
04-11 02:49:05.529  2792  2806 I native-activity: Frame 756 GL error is 0x0
04-11 02:49:05.529  2792  2806 I native-activity: Frame 756 time is 4.313ms
04-11 02:49:05.529  2792  2806 I native-activity: Doing egl_swapbuffers_sync 2
04-11 02:49:05.539  2792  2806 I native-activity: Swap 756 time is 4.945ms
04-11 02:49:05.539  2792  2806 I native-activity: Animating