04-11 02:49:01.999  2792  2806 I native-activity: Animating
04-11 02:49:01.999  2792  2806 I native-activity: Frame 2 GL error is 0x0
04-11 02:49:01.999  2792  2806 I native-activity: Frame 2 time is 0.367ms
04-11 02:49:01.999  2792  2806 I native-activity: Doing egl_swapbuffers_sync 2
04-11 02:49:01.999  2792  2806 I native-activity: Swap 2 time is 0.739ms
04-11 02:49:01.999  2792  2806 I native-activity: Animating
04-11 02:49:01.999  2792  2806 I native-activity: Context 0xee52d680 made current on surface 0xee5256c0, error 0x3000
04-11 02:49:01.999  2792  2806 I native-activity: GL information
04-11 02:49:01.999  2792  2806 I native-activity: 	Renderer: Adreno (TM) 530
04-11 02:49:01.999  2792  2806 I native-activity: 	Vendor: Qualcomm
04-11 02:49:01.999  2792  2806 I native-activity: 	Version: OpenGL ES 3.2 V@145.0 (GIT@I5bc0f577f9)
04-11 02:49:01.999  2792  2806 I native-activity: 	Shading Language: OpenGL ES GLSL ES 3.20
04-11 02:49:01.999  2792  2806 I native-activity: 	Extensions: GL_OES_EGL_image GL_OES_EGL_image_external GL_OES_EGL_sync GL_OES_vertex_half_float GL_OES_framebuffer_object GL_OES_rgb8_rgba8 GL_OES_compressed_ETC1_RGB8_texture GL_AMD_compressed_ATC_texture GL_KHR_texture_compression_astc_ldr GL_KHR_texture_compression_astc_hdr GL_OES_texture_compression_astc GL_OES_texture_npot GL_EXT_texture_filter_anisotropic GL_EXT_texture_format_BGRA8888 GL_OES_texture_3D GL_EXT_color_buffer_float GL_EXT_color_buffer_half_float GL_QCOM_alpha_test GL_OES_depth24 GL_OES_packed_depth_stencil GL_OES_depth_texture GL_OES_depth_texture_cube_map GL_EXT_sRGB GL_OES_texture_float GL_OES_texture_float_linear GL_OES_texture_half_float GL_OES_texture_half_float_linear GL_EXT_texture_type_2_10_10_10_REV GL_EXT_texture_sRGB_decode GL_OES_element_index_uint GL_EXT_copy_image GL_EXT_geometry_shader GL_EXT_tessellation_shader GL_OES_texture_stencil8 GL_EXT_shader_io_blocks GL_OES_shader_image_atomic GL_OES_sample_variables GL_EXT_texture_border_clamp GL_EXT_multisampled_render_to_textur
04-11 02:49:01.999  2792  2806 I native-activity: Frame 3 GL error is 0x0
04-11 02:49:01.999  2792  2806 I native-activity: Frame 3 time is 0.129ms
04-11 02:49:01.999  2792  2806 I native-activity: Doing egl_swapbuffers_sync 2
04-11 02:49:01.999  2792  2806 I native-activity: Swap 3 time is 0.551ms
04-11 02:49:01.999  2792  2806 I native-activity: Animating
04-11 02:49:02.029  2792  2806 I native-activity: Frame 4 GL error is 0x501
04-11 02:49:02.029  2792  2806 I native-activity: Frame 4 time is 32.694ms
04-11 02:49:02.029  2792  2806 I native-activity: Doing egl_swapbuffers_sync 2
04-11 02:49:02.029  2792  2806 I native-activity: Swap 4 time is 33.223ms
04-11 02:49:02.029  2792  2806 I native-activity: Animating
04-11 02:49:02.029  2792  2806 I native-activity: Frame 5 GL error is 0x0
04-11 02:49:02.029  2792  2806 I native-activity: Frame 5 time is 0.337ms
04-11 02:49:02.029  2792  2806 I native-activity: Doing egl_swapbuffers_sync 2
04-11 02:49:02.029  2792  2806 I native-activity: Swap 5 time is 0.667ms
04-11 02:49:02.029  2792  2806 I native-activity: Animating
04-11 02:49:02.029  2792  2806 I native-activity: Frame 6 GL error is 0x0
04-11 02:49:02.029  2792  2806 I native-activity: Frame 6 time is 0.341ms
04-11 02:49:02.029  2792  2806 I native-activity: Doing egl_swapbuffers_sync 2
04-11 02:49:02.029  2792  2806 I native-activity: Swap 6 time is 0.776ms
04-11 02:49:02.029  2792  2806 I native-activity: Animating
04-11 02:49:02.039  2792  2806 I native-activity: Frame 7 GL error is 0x0
04-11 02:49:02.039  2792  2806 I native-activity: Frame 7 time is 0.360ms
04-11 02:49:02.039  2792  2806 I native-activity: Doing egl_swapbuffers_sync 2
04-11 02:49:02.039  2792  2806 I native-activity: Swap 7 time is 0.872ms
04-11 02:49:02.039  2792  2806 I native-activity: Animating
04-11 02:49:02.039  2792  2806 I native-activity: Frame 8 GL error is 0x0
04-11 02:49:02.039  2792  2806 I native-activity: Frame 8 time is 0.337ms
04-11 02:49:02.039  2792  2806 I native-activity: Doing egl_swapbuffers_sync 2
04-11 02:49:02.039  2792  2806 I native-activity: Swap 8 time is 0.725ms
04-11 02:49:02.039  2792  2806 I native-activity: Animating
04-11 02:49:02.039  2792  2806 I native-activity: Frame 9 GL error is 0x0
04-11 02:49:02.039  2792  2806 I native-activity: Frame 9 time is 0.282ms
04-11 02:49:02.039  2792  2806 I native-activity: Doing egl_swapbuffers_sync 2
04-11 02:49:02.039  2792  2806 I native-activity: Swap 9 time is 0.708ms
04-11 02:49:02.039  2792  2806 I native-activity: Animating
04-11 02:49:02.039  2792  2806 I native-activity: Frame 10 GL error is 0x0
04-11 02:49:02.039  2792  2806 I native-activity: Frame 10 time is 0.312ms
04-11 02:49:02.039  2792  2806 I native-activity: Doing egl_swapbuffers_sync 2
04-11 02:49:02.039  2792  2806 I native-activity: Swap 10 time is 0.594ms
04-11 02:49:02.039  2792  2806 I native-activity: Animating
04-11 02:49:02.039  2792  2806 I native-activity: Frame 11 GL error is 0x0
04-11 02:49:02.039  2792  2806 I native-activity: Frame 11 time is 0.296ms
04-11 02:49:02.039  2792  2806 I native-activity: Doing egl_swapbuffers_sync 2
04-11 02:49:02.039  2792  2806 I native-activity: Swap 11 time is 0.527ms
04-11 02:49:02.039  2792  2806 I native-activity: Animating
04-11 02:49:02.039  2792  2806 I native-activity: Frame 12 GL error is 0x0
04-11 02:49:02.039  2792  2806 I native-activity: Frame 12 time is 0.256ms
04-11 02:49:02.039  2792  2806 I native-activity: Doing egl_swapbuffers_sync 2
04-11 02:49:02.039  2792  2806 I native-activity: Swap 12 time is 0.510ms
04-11 02:49:02.039  2792  2806 I native-activity: Animating
04-11 02:49:02.039  2792  2806 I native-activity: Frame 13 GL error is 0x0
04-11 02:49:02.039  2792  2806 I native-activity: Frame 13 time is 0.263ms
04-11 02:49:02.039  2792  2806 I native-activity: Doing egl_swapbuffers_sync 2
04-11 02:49:02.039  2792  2806 I native-activity: Swap 13 time is 0.520ms
04-11 02:49:02.039  2792  2806 I native-activity: Animating
04-11 02:49:02.039  2792  2806 I native-activity: Frame 14 GL error is 0x0
04-11 02:49:02.039  2792  2806 I native-activity: Frame 14 time is 0.260ms
04-11 02:49:02.039  2792  2806 I native-activity: Doing egl_swapbuffers_sync 2
04-11 02:49:02.039  2792  2806 I native-activity: Swap 14 time is 0.788ms
04-11 02:49:02.039  2792  2806 I native-activity: Animating
04-11 02:49:02.039  2792  2806 I native-activity: Frame 15 GL error is 0x0
04-11 02:49:02.039  2792  2806 I native-activity: Frame 15 time is 0.310ms
04-11 02:49:02.039  2792  2806 I native-activity: Doing egl_swapbuffers_sync 2
04-11 02:49:02.039  2792  2806 I native-activity: Swap 15 time is 0.571ms
04-11 02:49:02.039  2792  2806 I native-activity: Animating
04-11 02:49:02.039  2792  2806 I native-activity: Frame 16 GL error is 0x0
04-11 02:49:02.039  2792  2806 I native-activity: Frame 16 time is 0.276ms
04-11 02:49:02.039  2792  2806 I native-activity: Doing egl_swapbuffers_sync 2
04-11 02:49:02.039  2792  2806 I native-activity: Swap 16 time is 0.641ms
04-11 02:49:02.039  2792  2806 I native-activity: Animating
04-11 02:49:02.039  2792  2806 I native-activity: Frame 17 GL error is 0x0
04-11 02:49:02.039  2792  2806 I native-activity: Frame 17 time is 0.272ms
04-11 02:49:02.039  2792  2806 I native-activity: Doing egl_swapbuffers_sync 2
04-11 02:49:02.039  2792  2806 I native-activity: Swap 17 time is 0.529ms
04-11 02:49:02.039  2792  2806 I native-activity: Animating
04-11 02:49:02.039  2792  2806 I native-activity: Frame 18 GL error is 0x0
04-11 02:49:02.039  2792  2806 I native-activity: Frame 18 time is 0.261ms
04-11 02:49:02.039  2792  2806 I native-activity: Doing egl_swapbuffers_sync 2
04-11 02:49:02.039  2792  2806 I native-activity: Swap 18 time is 0.508ms
04-11 02:49:02.039  2792  2806 I native-activity: Animating
04-11 02:49:02.039  2792  2806 I native-activity: Frame 19 GL error is 0x0
04-11 02:49:02.039  2792  2806 I native-activity: Frame 19 time is 0.261ms
04-11 02:49:02.039  2792  2806 I native-activity: Doing egl_swapbuffers_sync 2
04-11 02:49:02.039  2792  2806 I native-activity: Swap 19 time is 0.680ms
04-11 02:49:02.039  2792  2806 I native-activity: Animating
04-11 02:49:02.039  2792  2806 I native-activity: Frame 20 GL error is 0x0
04-11 02:49:02.039  2792  2806 I native-activity: Frame 20 time is 0.300ms
04-11 02:49:02.039  2792  2806 I native-activity: Doing egl_swapbuffers_sync 2
04-11 02:49:02.039  2792  2806 I native-activity: Swap 20 time is 0.723ms
04-11 02:49:02.039  2792  2806 I native-activity: Animating
04-11 02:49:02.039  2792  2806 I native-activity: Frame 21 GL error is 0x0
04-11 02:49:02.039  2792  2806 I native-activity: Frame 21 time is 0.304ms
04-11 02:49:02.039  2792  2806 I native-activity: Doing egl_swapbuffers_sync 2
04-11 02:49:02.049  2792  2806 I native-activity: Swap 21 time is 0.557ms
04-11 02:49:02.049  2792  2806 I native-activity: Animating
04-11 02:49:02.049  2792  2806 I native-activity: Frame 22 GL error is 0x0
04-11 02:49:02.049  2792  2806 I native-activity: Frame 22 time is 0.294ms
04-11 02:49:02.049  2792  2806 I native-activity: Doing egl_swapbuffers_sync 2
04-11 02:49:02.049  2792  2806 I native-activity: Swap 22 time is 0.553ms
04-11 02:49:02.049  2792  2806 I native-activity: Animating
04-11 02:49:02.049  2792  2806 I native-activity: Frame 23 GL error is 0x0
04-11 02:49:02.049  2792  2806 I native-activity: Frame 23 time is 0.287ms
04-11 02:49:02.049  2792  2806 I native-activity: Doing egl_swapbuffers_sync 2
04-11 02:49:02.049  2792  2806 I native-activity: Swap 23 time is 0.667ms
04-11 02:49:02.049  2792  2806 I native-activity: Animating
04-11 02:49:02.049  2792  2806 I native-activity: Frame 24 GL error is 0x0
04-11 02:49:02.049  2792  2806 I native-activity: Frame 24 time is 0.279ms
04-11 02:49:02.049  2792  2806 I native-activity: Doing egl_swapbuffers_sync 2
04-11 02:49:02.049  2792  2806 I native-activity: Swap 24 time is 0.535ms
04-11 02:49:02.049  2792  2806 I native-activity: Animating
04-11 02:49:02.049  2792  2806 I native-activity: Frame 25 GL error is 0x0
04-11 02:49:02.049  2792  2806 I native-activity: Frame 25 time is 0.288ms
04-11 02:49:02.049  2792  2806 I native-activity: Doing egl_swapbuffers_sync 2
04-11 02:49:02.049  2792  2806 I native-activity: Swap 25 time is 0.692ms
04-11 02:49:02.049  2792  2806 I native-activity: Animating
04-11 02:49:02.049  2792  2806 I native-activity: Frame 26 GL error is 0x0
04-11 02:49:02.049  2792  2806 I native-activity: Frame 26 time is 0.321ms
04-11 02:49:02.049  2792  2806 I native-activity: Doing egl_swapbuffers_sync 2
04-11 02:49:02.049  2792  2806 I native-activity: Swap 26 time is 0.597ms
04-11 02:49:02.049  2792  2806 I native-activity: Animating
04-11 02:49:02.049  2792  2806 I native-activity: Frame 27 GL error is 0x0
04-11 02:49:02.049  2792  2806 I native-activity: Frame 27 time is 0.260ms
04-11 02:49:02.049  2792  2806 I native-activity: Doing egl_swapbuffers_sync 2
04-11 02:49:02.049  2792  2806 I native-activity: Swap 27 time is 0.723ms
04-11 02:49:02.049  2792  2806 I native-activity: Animating
04-11 02:49:02.049  2792  2806 I native-activity: Frame 28 GL error is 0x0
04-11 02:49:02.049  2792  2806 I native-activity: Frame 28 time is 0.312ms
04-11 02:49:02.049  2792  2806 I native-activity: Doing egl_swapbuffers_sync 2
04-11 02:49:02.049  2792  2806 I native-activity: Swap 28 time is 0.712ms
04-11 02:49:02.049  2792  2806 I native-activity: Animating
04-11 02:49:02.049  2792  2806 I native-activity: Frame 29 GL error is 0x0
04-11 02:49:02.049  2792  2806 I native-activity: Frame 29 time is 0.286ms
04-11 02:49:02.049  2792  2806 I native-activity: Doing egl_swapbuffers_sync 2
04-11 02:49:02.049  2792  2806 I native-activity: Swap 29 time is 0.551ms
04-11 02:49:02.049  2792  2806 I native-activity: Animating
04-11 02:49:02.049  2792  2806 I native-activity: Frame 30 GL error is 0x0
04-11 02:49:02.049  2792  2806 I native-activity: Frame 30 time is 0.279ms
04-11 02:49:02.049  2792  2806 I native-activity: Doing egl_swapbuffers_sync 2
04-11 02:49:02.049  2792  2806 I native-activity: Swap 30 time is 0.549ms
04-11 02:49:02.049  2792  2806 I native-activity: Animating
04-11 02:49:02.059  2792  2806 I native-activity: Frame 31 GL error is 0x0
04-11 02:49:02.059  2792  2806 I native-activity: Frame 31 time is 5.136ms
04-11 02:49:02.059  2792  2806 I native-activity: Doing egl_swapbuffers_sync 2
04-11 02:49:02.059  2792  2806 I native-activity: Swap 31 time is 5.588ms
04-11 02:49:02.059  2792  2806 I native-activity: Animating
04-11 02:49:02.059  1434  2219 D MdnieScenarioControlService:  packageName : com.example.sonicdash_stage1    className : android.app.NativeActivity
04-11 02:49:02.079  2792  2806 I native-activity: Frame 32 GL error is 0x0
04-11 02:49:02.079  2792  2806 I native-activity: Frame 32 time is 20.027ms
04-11 02:49:02.079  2792  2806 I native-activity: Doing egl_swapbuffers_sync 2
04-11 02:49:02.079  2792  2806 I native-activity: Swap 32 time is 20.486ms
04-11 02:49:02.079  2792  2806 I native-activity: Animating
04-11 02:49:02.089  2792  2806 I native-activity: Frame 33 GL error is 0x0
04-11 02:49:02.089  2792  2806 I native-activity: Frame 33 time is 14.958ms
04-11 02:49:02.089  2792  2806 I native-activity: Doing egl_swapbuffers_sync 2
04-11 02:49:02.089  2792  2806 I native-activity: Swap 33 time is 15.390ms
04-11 02:49:02.089  2792  2806 I native-activity: Animating
04-11 02:49:02.099  1434  6994 D GameManagerService: identifyGamePackage. com.example.sonicdash_stage1
04-11 02:49:02.109   648  2746 I SurfaceFlinger: id=3044 Removed tonicdash_s (6/11)
04-11 02:49:02.109   648  3737 I SurfaceFlinger: id=3044 Removed tonicdash_s (-2/11)
04-11 02:49:02.129   648   648 D libEGL  : eglTerminate EGLDisplay = 0x7ff9c80278
04-11 02:49:02.129  1434  1612 I Timeline: Timeline: Activity_windows_visible id: ActivityRecord{156d856 u0 com.example.sonicdash_stage1/android.app.NativeActivity t1407} time:135887746
04-11 02:49:02.129  1434  1612 D CustomFrequencyManagerService: releaseDVFSLockLocked : Getting Lock type frm List : DVFS_MIN_LIMIT  frequency : 1555200  uid : 1000  pid : 1434  tag : ACTIVITY_RESUME_BOOSTER@14
04-11 02:49:02.129  1434  1612 D ActivityManager: mDVFSHelper.release()
04-11 02:49:02.139  2590  2590 D Launcher.HomeView: onStop
04-11 02:49:02.139  2590  2590 D capture : ----destroy
04-11 02:49:02.149  1434  1612 D KnoxTimeoutHandler: notifyActivityDrawn [MsgParam] userId: 0 fullscreen is true showWhenlocked is false
04-11 02:49:02.149  1434  1434 D KnoxTimeoutHandler: activityDrawn [MsgParam] userId: 0 fullscreen is true showWhenlocked is false
04-11 02:49:02.149  2590  2590 D Launcher: onTrimMemory. Level: 20
04-11 02:49:02.149  1434  1434 I KnoxTimeoutHandler: SD activityfalse
04-11 02:49:02.149  2590  2590 V ActivityThread: updateVisibility : ActivityRecord{46ba7e token=android.os.BinderProxy@15e180a {com.sec.android.app.launcher/com.sec.android.app.launcher.activities.LauncherActivity}} show : false
04-11 02:49:02.149  1434  2164 D NetworkPolicy: isUidForegroundLocked: 10078, mScreenOn: true, uidstate: 3, mProxSensorScreenOff: false
04-11 02:49:02.149  1434  1531 D CustomFrequencyManagerService: acquireDVFSLockLocked : type : DVFS_MIN_LIMIT  frequency : 1555200  uid : 1000  pid : 1434  pkgName : ACTIVITY_RESUME_BOOSTER@20
04-11 02:49:02.159  1434  2219 I MdnieScenarioControlService: mGameModeLauncher : false
04-11 02:49:02.159  2792  2806 I native-activity: Frame 34 GL error is 0x0
04-11 02:49:02.159  2792  2806 I native-activity: Frame 34 time is 72.069ms
04-11 02:49:02.159  2792  2806 I native-activity: Doing egl_swapbuffers_sync 2
04-11 02:49:02.169  1434  2219 I MdnieScenarioControlService: setUIMode
04-11 02:49:02.169  2792  2806 I native-activity: Swap 34 time is 79.198ms
04-11 02:49:02.169  2792  2806 I native-activity: Animating
04-11 02:49:02.189  2792  2806 I native-activity: Frame 35 GL error is 0x0
04-11 02:49:02.189  2792  2806 I native-activity: Frame 35 time is 17.270ms
04-11 02:49:02.189  2792  2806 I native-activity: Doing egl_swapbuffers_sync 2
04-11 02:49:02.189  2792  2806 I native-activity: Swap 35 time is 17.712ms
04-11 02:49:02.189  2792  2806 I native-activity: Animating
04-11 02:49:02.199   648  2746 I SurfaceFlinger: id=3043 Removed MauncherAct (3/10)
04-11 02:49:02.199   648   680 I SurfaceFlinger: id=3043 Removed MauncherAct (-2/10)
04-11 02:49:02.199 30475 30475 D ImageWallpaper: onVisibilityChanged:false
04-11 02:49:02.199 30475 30475 D ImageWallpaper: drawFrame
04-11 02:49:02.199 30475 30475 D ImageWallpaper: drawFrame:false rotation:0 mLastRotation:0
04-11 02:49:02.199 30475 30475 D ImageWallpaper: drawFrame:[frame.width()]2240[frame.height()]2560
04-11 02:49:02.199 30475 30475 D ImageWallpaper: Suppressed drawFrame since redraw is not needed and offsets have not changed.
04-11 02:49:02.209   648   648 D libEGL  : eglTerminate EGLDisplay = 0x7ff9c80278
04-11 02:49:02.229  2792  2806 I native-activity: Frame 36 GL error is 0x501
04-11 02:49:02.229  2792  2806 I native-activity: Frame 36 time is 35.429ms
04-11 02:49:02.229  2792  2806 I native-activity: Doing egl_swapbuffers_sync 2
04-11 02:49:02.229  2792  2806 I native-activity: Swap 36 time is 35.886ms
04-11 02:49:02.229  2792  2806 I native-activity: Animating
04-11 02:49:02.229  2792  2806 I native-activity: Frame 37 GL error is 0x501
04-11 02:49:02.229  2792  2806 I native-activity: Frame 37 time is 6.864ms
04-11 02:49:02.229  2792  2806 I native-activity: Doing egl_swapbuffers_sync 2
04-11 02:49:02.229  2792  2806 I native-activity: Swap 37 time is 7.294ms
04-11 02:49:02.229  2792  2806 I native-activity: Animating
04-11 02:49:02.239  2792  2806 I native-activity: Frame 38 GL error is 0x501
04-11 02:49:02.239  2792  2806 I native-activity: Frame 38 time is 8.283ms
04-11 02:49:02.239  2792  2806 I native-activity: Doing egl_swapbuffers_sync 2
04-11 02:49:02.239  2792  2806 I native-activity: Swap 38 time is 9.041ms
04-11 02:49:02.239  2792  2806 I native-activity: Animating
04-11 02:49:02.249  2792  2806 I native-activity: Frame 39 GL error is 0x0
04-11 02:49:02.249  2792  2806 I native-activity: Frame 39 time is 5.600ms
04-11 02:49:02.249  2792  2806 I native-activity: Doing egl_swapbuffers_sync 2
04-11 02:49:02.249  2792  2806 I native-activity: Swap 39 time is 6.003ms
04-11 02:49:02.249  2792  2806 I native-activity: Animating
04-11 02:49:02.249  2792  2806 I native-activity: Frame 40 GL error is 0x0
04-11 02:49:02.249  2792  2806 I native-activity: Frame 40 time is 5.930ms
04-11 02:49:02.249  2792  2806 I native-activity: Doing egl_swapbuffers_sync 2
04-11 02:49:02.249  2792  2806 I native-activity: Swap 40 time is 6.321ms
04-11 02:49:02.249  2792  2806 I native-activity: Animating
04-11 02:49:02.259  2792  2806 I native-activity: Frame 41 GL error is 0x0
04-11 02:49:02.259  2792  2806 I native-activity: Frame 41 time is 5.285ms
04-11 02:49:02.259  2792  2806 I native-activity: Doing egl_swapbuffers_sync 2
04-11 02:49:02.259  2792  2806 I native-activity: Swap 41 time is 5.677ms
04-11 02:49:02.259  2792  2806 I native-activity: Animating
04-11 02:49:02.269  2792  2806 I native-activity: Frame 42 GL error is 0x0
04-11 02:49:02.269  2792  2806 I native-activity: Frame 42 time is 4.735ms
04-11 02:49:02.269  2792  2806 I native-activity: Doing egl_swapbuffers_sync 2
04-11 02:49:02.269  2792  2806 I native-activity: Swap 42 time is 5.175ms
04-11 02:49:02.269  2792  2806 I native-activity: Animating
04-11 02:49:02.269  2792  2806 I native-activity: Frame 43 GL error is 0x0
04-11 02:49:02.269  2792  2806 I native-activity: Frame 43 time is 5.582ms
04-11 02:49:02.269  2792  2806 I native-activity: Doing egl_swapbuffers_sync 2
04-11 02:49:02.269  2792  2806 I native-activity: Swap 43 time is 6.012ms
04-11 02:49:02.269  2792  2806 I native-activity: Animating
04-11 02:49:02.279  2792  2806 I native-activity: Frame 44 GL error is 0x0
04-11 02:49:02.279  2792  2806 I native-activity: Frame 44 time is 5.655ms
04-11 02:49:02.279  2792  2806 I native-activity: Doing egl_swapbuffers_sync 2
04-11 02:49:02.279  2792  2806 I native-activity: Swap 44 time is 6.056ms
04-11 02:49:02.279  2792  2806 I native-activity: Animating
04-11 02:49:02.289  2792  2806 I native-activity: Frame 45 GL error is 0x501
04-11 02:49:02.289  2792  2806 I native-activity: Frame 45 time is 12.801ms
04-11 02:49:02.289  2792  2806 I native-activity: Doing egl_swapbuffers_sync 2
04-11 02:49:02.289  2792  2806 I native-activity: Swap 45 time is 13.206ms
04-11 02:49:02.289  2792  2806 I native-activity: Animating
04-11 02:49:02.299  2792  2806 I native-activity: Frame 46 GL error is 0x501
04-11 02:49:02.299  2792  2806 I native-activity: Frame 46 time is 7.861ms
04-11 02:49:02.299  2792  2806 I native-activity: Doing egl_swapbuffers_sync 2
04-11 02:49:02.299  2792  2806 I native-activity: Swap 46 time is 8.289ms
04-11 02:49:02.299  2792  2806 I native-activity: Animating
04-11 02:49:02.309  2792  2806 I native-activity: Frame 47 GL error is 0x501
04-11 02:49:02.309  2792  2806 I native-activity: Frame 47 time is 6.036ms
04-11 02:49:02.309  2792  2806 I native-activity: Doing egl_swapbuffers_sync 2
04-11 02:49:02.309  2792  2806 I native-activity: Swap 47 time is 6.457ms
04-11 02:49:02.309  2792  2806 I native-activity: Animating
04-11 02:49:02.309  2792  2806 I native-activity: Frame 48 GL error is 0x0
04-11 02:49:02.309  2792  2806 I native-activity: Frame 48 time is 0.321ms
04-11 02:49:02.309  2792  2806 I native-activity: Doing egl_swapbuffers_sync 2
04-11 02:49:02.309  2792  2806 I native-activity: Swap 48 time is 0.582ms
04-11 02:49:02.309  2792  2806 I native-activity: Animating
04-11 02:49:02.309  2792  2806 I native-activity: Frame 49 GL error is 0x0
04-11 02:49:02.309  2792  2806 I native-activity: Frame 49 time is 0.233ms
04-11 02:49:02.309  2792  2806 I native-activity: Doing egl_swapbuffers_sync 2
04-11 02:49:02.309  2792  2806 I native-activity: Swap 49 time is 0.453ms
04-11 02:49:02.309  2792  2806 I native-activity: Animating
04-11 02:49:02.309  2792  2806 I native-activity: Frame 50 GL error is 0x0
04-11 02:49:02.309  2792  2806 I native-activity: Frame 50 time is 0.272ms
04-11 02:49:02.309  2792  2806 I native-activity: Doing egl_swapbuffers_sync 2
04-11 02:49:02.309  2792  2806 I native-activity: Swap 50 time is 0.487ms
04-11 02:49:02.309  2792  2806 I native-activity: Animating
04-11 02:49:02.309  2792  2806 I native-activity: Frame 51 GL error is 0x0
04-11 02:49:02.309  2792  2806 I native-activity: Frame 51 time is 0.213ms
04-11 02:49:02.309  2792  2806 I native-activity: Doing egl_swapbuffers_sync 2
04-11 02:49:02.309  2792  2806 I native-activity: Swap 51 time is 0.426ms
04-11 02:49:02.309  2792  2806 I native-activity: Animating
04-11 02:49:02.309  2792  2806 I native-activity: Frame 52 GL error is 0x0
04-11 02:49:02.309  2792  2806 I native-activity: Frame 52 time is 0.233ms
04-11 02:49:02.309  2792  2806 I native-activity: Doing egl_swapbuffers_sync 2
04-11 02:49:02.309  2792  2806 I native-activity: Swap 52 time is 0.433ms
04-11 02:49:02.309  2792  2806 I native-activity: Animating
04-11 02:49:02.309  2792  2806 I native-activity: Frame 53 GL error is 0x0
04-11 02:49:02.309  2792  2806 I native-activity: Frame 53 time is 0.239ms
04-11 02:49:02.309  2792  2806 I native-activity: Doing egl_swapbuffers_sync 2
04-11 02:49:02.309  2792  2806 I native-activity: Swap 53 time is 0.469ms
04-11 02:49:02.309  2792  2806 I native-activity: Animating
04-11 02:49:02.309  2792  2806 I native-activity: Frame 54 GL error is 0x0
04-11 02:49:02.309  2792  2806 I native-activity: Frame 54 time is 0.254ms
04-11 02:49:02.309  2792  2806 I native-activity: Doing egl_swapbuffers_sync 2
04-11 02:49:02.309  2792  2806 I native-activity: Swap 54 time is 0.451ms
04-11 02:49:02.309  2792  2806 I native-activity: Animating
04-11 02:49:02.309  2792  2806 I native-activity: Frame 55 GL error is 0x0
04-11 02:49:02.309  2792  2806 I native-activity: Frame 55 time is 0.249ms
04-11 02:49:02.309  2792  2806 I native-activity: Doing egl_swapbuffers_sync 2
04-11 02:49:02.309  2792  2806 I native-activity: Swap 55 time is 0.443ms
04-11 02:49:02.309  2792  2806 I native-activity: Animating
04-11 02:49:02.309  2792  2806 I native-activity: Frame 56 GL error is 0x0
04-11 02:49:02.309  2792  2806 I native-activity: Frame 56 time is 0.264ms
04-11 02:49:02.309  2792  2806 I native-activity: Doing egl_swapbuffers_sync 2
04-11 02:49:02.309  2792  2806 I native-activity: Swap 56 time is 0.982ms
04-11 02:49:02.309  2792  2806 I native-activity: Animating
04-11 02:49:02.309  2792  2806 I native-activity: Frame 57 GL error is 0x0
04-11 02:49:02.309  2792  2806 I native-activity: Frame 57 time is 0.381ms
04-11 02:49:02.309  2792  2806 I native-activity: Doing egl_swapbuffers_sync 2
04-11 02:49:02.309  2792  2806 I native-activity: Swap 57 time is 0.861ms
04-11 02:49:02.309  2792  2806 I native-activity: Animating
04-11 02:49:02.309  2792  2806 I native-activity: Frame 58 GL error is 0x0
04-11 02:49:02.309  2792  2806 I native-activity: Frame 58 time is 0.363ms
04-11 02:49:02.309  2792  2806 I native-activity: Doing egl_swapbuffers_sync 2
04-11 02:49:02.309  2792  2806 I native-activity: Swap 58 time is 0.619ms
04-11 02:49:02.309  2792  2806 I native-activity: Animating
04-11 02:49:02.309  2792  2806 I native-activity: Frame 59 GL error is 0x0
04-11 02:49:02.309  2792  2806 I native-activity: Frame 59 time is 0.279ms
04-11 02:49:02.309  2792  2806 I native-activity: Doing egl_swapbuffers_sync 2
04-11 02:49:02.309  2792  2806 I native-activity: Swap 59 time is 0.529ms
04-11 02:49:02.309  2792  2806 I native-activity: Animating
04-11 02:49:02.309  2792  2806 I native-activity: Frame 60 GL error is 0x0
04-11 02:49:02.309  2792  2806 I native-activity: Frame 60 time is 0.277ms
04-11 02:49:02.309  2792  2806 I native-activity: Doing egl_swapbuffers_sync 2
04-11 02:49:02.309  2792  2806 I native-activity: Swap 60 time is 0.721ms
04-11 02:49:02.309  2792  2806 I native-activity: Animating
04-11 02:49:02.309  2792  2806 I native-activity: Frame 61 GL error is 0x0
04-11 02:49:02.309  2792  2806 I native-activity: Frame 61 time is 0.303ms
04-11 02:49:02.309  2792  2806 I native-activity: Doing egl_swapbuffers_sync 2
04-11 02:49:02.319  2792  2806 I native-activity: Swap 61 time is 1.048ms
04-11 02:49:02.319  2792  2806 I native-activity: Animating
04-11 02:49:02.319  2792  2806 I native-activity: Frame 62 GL error is 0x0
04-11 02:49:02.319  2792  2806 I native-activity: Frame 62 time is 0.338ms
04-11 02:49:02.319  2792  2806 I native-activity: Doing egl_swapbuffers_sync 2
04-11 02:49:02.319  2792  2806 I native-activity: Swap 62 time is 0.773ms
04-11 02:49:02.319  2792  2806 I native-activity: Animating
04-11 02:49:02.319  2792  2806 I native-activity: Frame 63 GL error is 0x0
04-11 02:49:02.319  2792  2806 I native-activity: Frame 63 time is 0.344ms
04-11 02:49:02.319  2792  2806 I native-activity: Doing egl_swapbuffers_sync 2
04-11 02:49:02.319  2792  2806 I native-activity: Swap 63 time is 0.572ms
04-11 02:49:02.319  2792  2806 I native-activity: Animating
04-11 02:49:02.319  2792  2806 I native-activity: Frame 64 GL error is 0x0
04-11 02:49:02.319  2792  2806 I native-activity: Frame 64 time is 0.235ms
04-11 02:49:02.319  2792  2806 I native-activity: Doing egl_swapbuffers_sync 2
04-11 02:49:02.319  2792  2806 I native-activity: Swap 64 time is 0.478ms
04-11 02:49:02.319  2792  2806 I native-activity: Animating
04-11 02:49:02.319  2792  2806 I native-activity: Frame 65 GL error is 0x0
04-11 02:49:02.319  2792  2806 I native-activity: Frame 65 time is 0.259ms
04-11 02:49:02.319  2792  2806 I native-activity: Doing egl_swapbuffers_sync 2
04-11 02:49:02.319  2792  2806 I native-activity: Swap 65 time is 0.728ms
04-11 02:49:02.319  2792  2806 I native-activity: Animating
04-11 02:49:02.319  2792  2806 I native-activity: Frame 66 GL error is 0x0
04-11 02:49:02.319  2792  2806 I native-activity: Frame 66 time is 0.328ms
04-11 02:49:02.319  2792  2806 I native-activity: Doing egl_swapbuffers_sync 2
04-11 02:49:02.319  2792  2806 I native-activity: Swap 66 time is 0.918ms
04-11 02:49:02.319  2792  2806 I native-activity: Animating
04-11 02:49:02.319  2792  2806 I native-activity: Frame 67 GL error is 0x0
04-11 02:49:02.319  2792  2806 I native-activity: Frame 67 time is 0.320ms
04-11 02:49:02.319  2792  2806 I native-activity: Doing egl_swapbuffers_sync 2
04-11 02:49:02.319  2792  2806 I native-activity: Swap 67 time is 0.522ms
04-11 02:49:02.319  2792  2806 I native-activity: Animating
04-11 02:49:02.319  2792  2806 I native-activity: Frame 68 GL error is 0x0
04-11 02:49:02.319  2792  2806 I native-activity: Frame 68 time is 0.223ms
04-11 02:49:02.319  2792  2806 I native-activity: Doing egl_swapbuffers_sync 2
04-11 02:49:02.319  2792  2806 I native-activity: Swap 68 time is 0.384ms
04-11 02:49:02.319  2792  2806 I native-activity: Animating
04-11 02:49:02.319  2792  2806 I native-activity: Frame 69 GL error is 0x0
04-11 02:49:02.319  2792  2806 I native-activity: Frame 69 time is 0.257ms
04-11 02:49:02.319  2792  2806 I native-activity: Doing egl_swapbuffers_sync 2
04-11 02:49:02.319  2792  2806 I native-activity: Swap 69 time is 0.951ms
04-11 02:49:02.319  2792  2806 I native-activity: Animating
04-11 02:49:02.319  2792  2806 I native-activity: Frame 70 GL error is 0x0
04-11 02:49:02.319  2792  2806 I native-activity: Frame 70 time is 0.349ms
04-11 02:49:02.319  2792  2806 I native-activity: Doing egl_swapbuffers_sync 2
04-11 02:49:02.319  2792  2806 I native-activity: Swap 70 time is 0.573ms
04-11 02:49:02.319  2792  2806 I native-activity: Animating
04-11 02:49:02.319  2792  2806 I native-activity: Frame 71 GL error is 0x0
04-11 02:49:02.319  2792  2806 I native-activity: Frame 71 time is 0.276ms
04-11 02:49:02.319  2792  2806 I native-activity: Doing egl_swapbuffers_sync 2
04-11 02:49:02.319  2792  2806 I native-activity: Swap 71 time is 0.495ms
04-11 02:49:02.319  2792  2806 I native-activity: Animating
04-11 02:49:02.319  2792  2806 I native-activity: Frame 72 GL error is 0x0
04-11 02:49:02.319  2792  2806 I native-activity: Frame 72 time is 0.300ms
04-11 02:49:02.319  2792  2806 I native-activity: Doing egl_swapbuffers_sync 2
04-11 02:49:02.319  2792  2806 I native-activity: Swap 72 time is 0.937ms
04-11 02:49:02.319  2792  2806 I native-activity: Animating
04-11 02:49:02.319  2792  2806 I native-activity: Frame 73 GL error is 0x0
04-11 02:49:02.319  2792  2806 I native-activity: Frame 73 time is 0.333ms
04-11 02:49:02.319  2792  2806 I native-activity: Doing egl_swapbuffers_sync 2
04-11 02:49:02.319  2792  2806 I native-activity: Swap 73 time is 0.552ms
04-11 02:49:02.319  2792  2806 I native-activity: Animating
04-11 02:49:02.319  2792  2806 I native-activity: Frame 74 GL error is 0x0
04-11 02:49:02.319  2792  2806 I native-activity: Frame 74 time is 0.245ms
04-11 02:49:02.319  2792  2806 I native-activity: Doing egl_swapbuffers_sync 2
04-11 02:49:02.319  2792  2806 I native-activity: Swap 74 time is 0.442ms
04-11 02:49:02.319  2792  2806 I native-activity: Animating
04-11 02:49:02.319  2792  2806 I native-activity: Frame 75 GL error is 0x0
04-11 02:49:02.319  2792  2806 I native-activity: Frame 75 time is 0.239ms
04-11 02:49:02.319  2792  2806 I native-activity: Doing egl_swapbuffers_sync 2
04-11 02:49:02.329  2792  2806 I native-activity: Swap 75 time is 0.925ms
04-11 02:49:02.329  2792  2806 I native-activity: Animating
04-11 02:49:02.329  2792  2806 I native-activity: Frame 76 GL error is 0x0
04-11 02:49:02.329  2792  2806 I native-activity: Frame 76 time is 0.334ms
04-11 02:49:02.329  2792  2806 I native-activity: Doing egl_swapbuffers_sync 2
04-11 02:49:02.329  2792  2806 I native-activity: Swap 76 time is 0.807ms
04-11 02:49:02.329  2792  2806 I native-activity: Animating
04-11 02:49:02.329  2792  2806 I native-activity: Frame 77 GL error is 0x0
04-11 02:49:02.329  2792  2806 I native-activity: Frame 77 time is 0.302ms
04-11 02:49:02.329  2792  2806 I native-activity: Doing egl_swapbuffers_sync 2
04-11 02:49:02.329  2792  2806 I native-activity: Swap 77 time is 0.515ms
04-11 02:49:02.329  2792  2806 I native-activity: Animating
04-11 02:49:02.329  2792  2806 I native-activity: Frame 78 GL error is 0x0
04-11 02:49:02.329  2792  2806 I native-activity: Frame 78 time is 0.258ms
04-11 02:49:02.329  2792  2806 I native-activity: Doing egl_swapbuffers_sync 2
04-11 02:49:02.329  2792  2806 I native-activity: Swap 78 time is 0.469ms
04-11 02:49:02.329  2792  2806 I native-activity: Animating
04-11 02:49:02.329  2792  2806 I native-activity: Frame 79 GL error is 0x0
04-11 02:49:02.329  2792  2806 I native-activity: Frame 79 time is 0.278ms
04-11 02:49:02.329  2792  2806 I native-activity: Doing egl_swapbuffers_sync 2
04-11 02:49:02.329  2792  2806 I native-activity: Swap 79 time is 0.970ms
04-11 02:49:02.329  2792  2806 I native-activity: Animating
04-11 02:49:02.329  2792  2806 I native-activity: Frame 80 GL error is 0x0
04-11 02:49:02.329  2792  2806 I native-activity: Frame 80 time is 0.331ms
04-11 02:49:02.329  2792  2806 I native-activity: Doing egl_swapbuffers_sync 2
04-11 02:49:02.329  2792  2806 I native-activity: Swap 80 time is 0.750ms
04-11 02:49:02.329  2792  2806 I native-activity: Animating
04-11 02:49:02.329  2792  2806 I native-activity: Frame 81 GL error is 0x0
04-11 02:49:02.329  2792  2806 I native-activity: Frame 81 time is 0.315ms
04-11 02:49:02.329  2792  2806 I native-activity: Doing egl_swapbuffers_sync 2
04-11 02:49:02.329  2792  2806 I native-activity: Swap 81 time is 0.509ms
04-11 02:49:02.329  2792  2806 I native-activity: Animating
04-11 02:49:02.329  2792  2806 I native-activity: Frame 82 GL error is 0x0
04-11 02:49:02.329  2792  2806 I native-activity: Frame 82 time is 0.239ms
04-11 02:49:02.329  2792  2806 I native-activity: Doing egl_swapbuffers_sync 2
04-11 02:49:02.329  2792  2806 I native-activity: Swap 82 time is 0.628ms
04-11 02:49:02.329  2792  2806 I native-activity: Animating
04-11 02:49:02.329  2792  2806 I native-activity: Frame 83 GL error is 0x0
04-11 02:49:02.329  2792  2806 I native-activity: Frame 83 time is 0.299ms
04-11 02:49:02.329  2792  2806 I native-activity: Doing egl_swapbuffers_sync 2
04-11 02:49:02.329  2792  2806 I native-activity: Swap 83 time is 0.758ms
04-11 02:49:02.329  2792  2806 I native-activity: Animating
04-11 02:49:02.329  2792  2806 I native-activity: Frame 84 GL error is 0x0
04-11 02:49:02.329  2792  2806 I native-activity: Frame 84 time is 0.378ms
04-11 02:49:02.329  2792  2806 I native-activity: Doing egl_swapbuffers_sync 2
04-11 02:49:02.329  2792  2806 I native-activity: Swap 84 time is 0.823ms
04-11 02:49:02.329  2792  2806 I native-activity: Animating
04-11 02:49:02.329  2792  2806 I native-activity: Frame 85 GL error is 0x0
04-11 02:49:02.329  2792  2806 I native-activity: Frame 85 time is 0.298ms
04-11 02:49:02.329  2792  2806 I native-activity: Doing egl_swapbuffers_sync 2
04-11 02:49:02.329  2792  2806 I native-activity: Swap 85 time is 0.506ms
04-11 02:49:02.329  2792  2806 I native-activity: Animating
04-11 02:49:02.329  2792  2806 I native-activity: Frame 86 GL error is 0x0
04-11 02:49:02.329  2792  2806 I native-activity: Frame 86 time is 0.243ms
04-11 02:49:02.329  2792  2806 I native-activity: Doing egl_swapbuffers_sync 2
04-11 02:49:02.329  2792  2806 I native-activity: Swap 86 time is 0.573ms
04-11 02:49:02.329  2792  2806 I native-activity: Animating
04-11 02:49:02.329  2792  2806 I native-activity: Frame 87 GL error is 0x0
04-11 02:49:02.329  2792  2806 I native-activity: Frame 87 time is 0.277ms
04-11 02:49:02.329  2792  2806 I native-activity: Doing egl_swapbuffers_sync 2
04-11 02:49:02.329  2792  2806 I native-activity: Swap 87 time is 0.853ms
04-11 02:49:02.329  2792  2806 I native-activity: Animating
04-11 02:49:02.329  2792  2806 I native-activity: Frame 88 GL error is 0x0
04-11 02:49:02.329  2792  2806 I native-activity: Frame 88 time is 0.343ms
04-11 02:49:02.329  2792  2806 I native-activity: Doing egl_swapbuffers_sync 2
04-11 02:49:02.339  2792  2806 I native-activity: Swap 88 time is 0.623ms
04-11 02:49:02.339  2792  2806 I native-activity: Animating
04-11 02:49:02.339  2792  2806 I native-activity: Frame 89 GL error is 0x0
04-11 02:49:02.339  2792  2806 I native-activity: Frame 89 time is 0.274ms
04-11 02:49:02.339  2792  2806 I native-activity: Doing egl_swapbuffers_sync 2
04-11 02:49:02.339  2792  2806 I native-activity: Swap 89 time is 0.455ms
04-11 02:49:02.339  2792  2806 I native-activity: Animating
04-11 02:49:02.339  2792  2806 I native-activity: Frame 90 GL error is 0x0
04-11 02:49:02.339  2792  2806 I native-activity: Frame 90 time is 0.218ms
04-11 02:49:02.339  2792  2806 I native-activity: Doing egl_swapbuffers_sync 2
04-11 02:49:02.339  2792  2806 I native-activity: Swap 90 time is 0.887ms
04-11 02:49:02.339  2792  2806 I native-activity: Animating
04-11 02:49:02.339  2792  2806 I native-activity: Frame 91 GL error is 0x0
04-11 02:49:02.339  2792  2806 I native-activity: Frame 91 time is 0.325ms
04-11 02:49:02.339  2792  2806 I native-activity: Doing egl_swapbuffers_sync 2
04-11 02:49:02.339  2792  2806 I native-activity: Swap 91 time is 0.707ms
04-11 02:49:02.339  2792  2806 I native-activity: Animating
04-11 02:49:02.339  2792  2806 I native-activity: Frame 92 GL error is 0x0
04-11 02:49:02.339  2792  2806 I native-activity: Frame 92 time is 0.265ms
04-11 02:49:02.339  2792  2806 I native-activity: Doing egl_swapbuffers_sync 2
04-11 02:49:02.339  2792  2806 I native-activity: Swap 92 time is 0.484ms
04-11 02:49:02.339  2792  2806 I native-activity: Animating
04-11 02:49:02.339  2792  2806 I native-activity: Frame 93 GL error is 0x0
04-11 02:49:02.339  2792  2806 I native-activity: Frame 93 time is 0.270ms
04-11 02:49:02.339  2792  2806 I native-activity: Doing egl_swapbuffers_sync 2
04-11 02:49:02.339  2792  2806 I native-activity: Swap 93 time is 0.701ms
04-11 02:49:02.339  2792  2806 I native-activity: Animating
04-11 02:49:02.339  2792  2806 I native-activity: Frame 94 GL error is 0x0
04-11 02:49:02.339  2792  2806 I native-activity: Frame 94 time is 0.285ms
04-11 02:49:02.339  2792  2806 I native-activity: Doing egl_swapbuffers_sync 2
04-11 02:49:02.339  2792  2806 I native-activity: Swap 94 time is 0.859ms
04-11 02:49:02.339  2792  2806 I native-activity: Animating
04-11 02:49:02.339  2792  2806 I native-activity: Frame 95 GL error is 0x0
04-11 02:49:02.339  2792  2806 I native-activity: Frame 95 time is 0.328ms
04-11 02:49:02.339  2792  2806 I native-activity: Doing egl_swapbuffers_sync 2
04-11 02:49:02.339  2792  2806 I native-activity: Swap 95 time is 0.539ms
04-11 02:49:02.339  2792  2806 I native-activity: Animating
04-11 02:49:02.339  2792  2806 I native-activity: Frame 96 GL error is 0x0
04-11 02:49:02.339  2792  2806 I native-activity: Frame 96 time is 0.217ms
04-11 02:49:02.339  2792  2806 I native-activity: Doing egl_swapbuffers_sync 2
04-11 02:49:02.339  2792  2806 I native-activity: Swap 96 time is 0.384ms
04-11 02:49:02.339  2792  2806 I native-activity: Animating
04-11 02:49:02.339  2792  2806 I native-activity: Frame 97 GL error is 0x0
04-11 02:49:02.339  2792  2806 I native-activity: Frame 97 time is 0.239ms
04-11 02:49:02.339  2792  2806 I native-activity: Doing egl_swapbuffers_sync 2
04-11 02:49:02.339  2792  2806 I native-activity: Swap 97 time is 1.013ms
04-11 02:49:02.339  2792  2806 I native-activity: Animating
04-11 02:49:02.339  2792  2806 I native-activity: Frame 98 GL error is 0x0
04-11 02:49:02.339  2792  2806 I native-activity: Frame 98 time is 0.374ms
04-11 02:49:02.339  2792  2806 I native-activity: Doing egl_swapbuffers_sync 2
04-11 02:49:02.339  2792  2806 I native-activity: Swap 98 time is 0.606ms
04-11 02:49:02.339  2792  2806 I native-activity: Animating
04-11 02:49:02.339  2792  2806 I native-activity: Frame 99 GL error is 0x0
04-11 02:49:02.339  2792  2806 I native-activity: Frame 99 time is 0.219ms
04-11 02:49:02.339  2792  2806 I native-activity: Doing egl_swapbuffers_sync 2
04-11 02:49:02.339  2792  2806 I native-activity: Swap 99 time is 0.597ms
04-11 02:49:02.339  2792  2806 I native-activity: Animating
04-11 02:49:02.339  2792  2806 I native-activity: Frame 100 GL error is 0x0
04-11 02:49:02.339  2792  2806 I native-activity: Frame 100 time is 0.273ms
04-11 02:49:02.339  2792  2806 I native-activity: Doing egl_swapbuffers_sync 2
04-11 02:49:02.339  2792  2806 I native-activity: Swap 100 time is 0.597ms
04-11 02:49:02.339  2792  2806 I native-activity: Animating
04-11 02:49:02.339  2792  2806 I native-activity: Frame 101 GL error is 0x0
04-11 02:49:02.339  2792  2806 I native-activity: Frame 101 time is 0.296ms
04-11 02:49:02.339  2792  2806 I native-activity: Doing egl_swapbuffers_sync 2
04-11 02:49:02.339  2792  2806 I native-activity: Swap 101 time is 0.872ms
04-11 02:49:02.339  2792  2806 I native-activity: Animating
04-11 02:49:02.339  2792  2806 I native-activity: Frame 102 GL error is 0x0
04-11 02:49:02.339  2792  2806 I native-activity: Frame 102 time is 0.344ms
04-11 02:49:02.339  2792  2806 I native-activity: Doing egl_swapbuffers_sync 2
04-11 02:49:02.349  2792  2806 I native-activity: Swap 102 time is 0.613ms
04-11 02:49:02.349  2792  2806 I native-activity: Animating
04-11 02:49:02.349  2792  2806 I native-activity: Frame 103 GL error is 0x0
04-11 02:49:02.349  2792  2806 I native-activity: Frame 103 time is 0.289ms
04-11 02:49:02.349  2792  2806 I native-activity: Doing egl_swapbuffers_sync 2
04-11 02:49:02.349  2792  2806 I native-activity: Swap 103 time is 0.494ms
04-11 02:49:02.349  2792  2806 I native-activity: Animating
04-11 02:49:02.349  2792  2806 I native-activity: Frame 104 GL error is 0x0
04-11 02:49:02.349  2792  2806 I native-activity: Frame 104 time is 0.267ms
04-11 02:49:02.349  2792  2806 I native-activity: Doing egl_swapbuffers_sync 2
04-11 02:49:02.349  2792  2806 I native-activity: Swap 104 time is 0.935ms
04-11 02:49:02.349  2792  2806 I native-activity: Animating
04-11 02:49:02.349  2792  2806 I native-activity: Frame 105 GL error is 0x0
04-11 02:49:02.349  2792  2806 I native-activity: Frame 105 time is 0.361ms
04-11 02:49:02.349  2792  2806 I native-activity: Doing egl_swapbuffers_sync 2
04-11 02:49:02.349  2792  2806 I native-activity: Swap 105 time is 0.592ms
04-11 02:49:02.349  2792  2806 I native-activity: Animating
04-11 02:49:02.349  2792  2806 I native-activity: Frame 106 GL error is 0x0
04-11 02:49:02.349  2792  2806 I native-activity: Frame 106 time is 0.270ms
04-11 02:49:02.349  2792  2806 I native-activity: Doing egl_swapbuffers_sync 2
04-11 02:49:02.349  2792  2806 I native-activity: Swap 106 time is 0.462ms
04-11 02:49:02.349  2792  2806 I native-activity: Animating
04-11 02:49:02.349  2792  2806 I native-activity: Frame 107 GL error is 0x0
04-11 02:49:02.349  2792  2806 I native-activity: Frame 107 time is 0.274ms
04-11 02:49:02.349  2792  2806 I native-activity: Doing egl_swapbuffers_sync 2
04-11 02:49:02.349  2792  2806 I native-activity: Swap 107 time is 0.692ms
04-11 02:49:02.349  2792  2806 I native-activity: Animating
04-11 02:49:02.349  2792  2806 I native-activity: Frame 108 GL error is 0x0
04-11 02:49:02.349  2792  2806 I native-activity: Frame 108 time is 0.310ms
04-11 02:49:02.349  2792  2806 I native-activity: Doing egl_swapbuffers_sync 2
04-11 02:49:02.349  2792  2806 I native-activity: Swap 108 time is 0.944ms
04-11 02:49:02.349  2792  2806 I native-activity: Animating
04-11 02:49:02.349  2792  2806 I native-activity: Frame 109 GL error is 0x0
04-11 02:49:02.349  2792  2806 I native-activity: Frame 109 time is 0.324ms
04-11 02:49:02.349  2792  2806 I native-activity: Doing egl_swapbuffers_sync 2
04-11 02:49:02.349  2792  2806 I native-activity: Swap 109 time is 0.785ms
04-11 02:49:02.349  2792  2806 I native-activity: Animating
04-11 02:49:02.349  2792  2806 I native-activity: Frame 110 GL error is 0x0
04-11 02:49:02.349  2792  2806 I native-activity: Frame 110 time is 0.346ms
04-11 02:49:02.349  2792  2806 I native-activity: Doing egl_swapbuffers_sync 2
04-11 02:49:02.349  2792  2806 I native-activity: Swap 110 time is 0.590ms
04-11 02:49:02.349  2792  2806 I native-activity: Animating
04-11 02:49:02.349  2792  2806 I native-activity: Frame 111 GL error is 0x0
04-11 02:49:02.349  2792  2806 I native-activity: Frame 111 time is 0.265ms
04-11 02:49:02.349  2792  2806 I native-activity: Doing egl_swapbuffers_sync 2
04-11 02:49:02.349  2792  2806 I native-activity: Swap 111 time is 0.485ms
04-11 02:49:02.349  2792  2806 I native-activity: Animating
04-11 02:49:02.349  2792  2806 I native-activity: Frame 112 GL error is 0x0
04-11 02:49:02.349  2792  2806 I native-activity: Frame 112 time is 0.267ms
04-11 02:49:02.349  2792  2806 I native-activity: Doing egl_swapbuffers_sync 2
04-11 02:49:02.349  2792  2806 I native-activity: Swap 112 time is 0.963ms
04-11 02:49:02.349  2792  2806 I native-activity: Animating
04-11 02:49:02.349  2792  2806 I native-activity: Frame 113 GL error is 0x0
04-11 02:49:02.349  2792  2806 I native-activity: Frame 113 time is 0.355ms
04-11 02:49:02.349  2792  2806 I native-activity: Doing egl_swapbuffers_sync 2
04-11 02:49:02.349  2792  2806 I native-activity: Swap 113 time is 0.804ms
04-11 02:49:02.349  2792  2806 I native-activity: Animating
04-11 02:49:02.349  2792  2806 I native-activity: Frame 114 GL error is 0x0
04-11 02:49:02.349  2792  2806 I native-activity: Frame 114 time is 0.331ms
04-11 02:49:02.349  2792  2806 I native-activity: Doing egl_swapbuffers_sync 2
04-11 02:49:02.349  2792  2806 I native-activity: Swap 114 time is 0.554ms
04-11 02:49:02.349  2792  2806 I native-activity: Animating
04-11 02:49:02.349  2792  2806 I native-activity: Frame 115 GL error is 0x0
04-11 02:49:02.349  2792  2806 I native-activity: Frame 115 time is 0.273ms
04-11 02:49:02.349  2792  2806 I native-activity: Doing egl_swapbuffers_sync 2
04-11 02:49:02.349  2792  2806 I native-activity: Swap 115 time is 0.485ms
04-11 02:49:02.349  2792  2806 I native-activity: Animating
04-11 02:49:02.359  2792  2806 I native-activity: Frame 116 GL error is 0x0
04-11 02:49:02.359  2792  2806 I native-activity: Frame 116 time is 0.318ms
04-11 02:49:02.359  2792  2806 I native-activity: Doing egl_swapbuffers_sync 2
04-11 02:49:02.359  2792  2806 I native-activity: Swap 116 time is 1.007ms
04-11 02:49:02.359  2792  2806 I native-activity: Animating
04-11 02:49:02.359  2792  2806 I native-activity: Frame 117 GL error is 0x0
04-11 02:49:02.359  2792  2806 I native-activity: Frame 117 time is 0.434ms
04-11 02:49:02.359  2792  2806 I native-activity: Doing egl_swapbuffers_sync 2
04-11 02:49:02.359  2792  2806 I native-activity: Swap 117 time is 0.880ms
04-11 02:49:02.359  2792  2806 I native-activity: Animating
04-11 02:49:02.359  2792  2806 I native-activity: Frame 118 GL error is 0x0
04-11 02:49:02.359  2792  2806 I native-activity: Frame 118 time is 0.291ms
04-11 02:49:02.359  2792  2806 I native-activity: Doing egl_swapbuffers_sync 2
04-11 02:49:02.359  2792  2806 I native-activity: Swap 118 time is 0.679ms
04-11 02:49:02.359  2792  2806 I native-activity: Animating
04-11 02:49:02.359  2792  2806 I native-activity: Frame 119 GL error is 0x0
04-11 02:49:02.359  2792  2806 I native-activity: Frame 119 time is 0.304ms
04-11 02:49:02.359  2792  2806 I native-activity: Doing egl_swapbuffers_sync 2
04-11 02:49:02.359  2792  2806 I native-activity: Swap 119 time is 0.511ms
04-11 02:49:02.359  2792  2806 I native-activity: Animating
04-11 02:49:02.359  2792  2806 I native-activity: Frame 120 GL error is 0x0
04-11 02:49:02.359  2792  2806 I native-activity: Frame 120 time is 0.288ms
04-11 02:49:02.359  2792  2806 I native-activity: Doing egl_swapbuffers_sync 2
04-11 02:49:02.359  2792  2806 I native-activity: Swap 120 time is 0.901ms
04-11 02:49:02.359  2792  2806 I native-activity: Animating
04-11 02:49:02.359  2792  2806 I native-activity: Frame 121 GL error is 0x0
04-11 02:49:02.359  2792  2806 I native-activity: Frame 121 time is 0.362ms
04-11 02:49:02.359  2792  2806 I native-activity: Doing egl_swapbuffers_sync 2
04-11 02:49:02.359  2792  2806 I native-activity: Swap 121 time is 0.595ms
04-11 02:49:02.359  2792  2806 I native-activity: Animating
04-11 02:49:02.359  2792  2806 I native-activity: Frame 122 GL error is 0x0
04-11 02:49:02.359  2792  2806 I native-activity: Frame 122 time is 0.299ms
04-11 02:49:02.359  2792  2806 I native-activity: Doing egl_swapbuffers_sync 2
04-11 02:49:02.359  2792  2806 I native-activity: Swap 122 time is 0.794ms
04-11 02:49:02.359  2792  2806 I native-activity: Animating
04-11 02:49:02.359  2792  2806 I native-activity: Frame 123 GL error is 0x0
04-11 02:49:02.359  2792  2806 I native-activity: Frame 123 time is 0.321ms
