04-13 01:19:14.172  3597  3627 I native-activity: Swap 299 time is 16.331ms
04-13 01:19:14.172  3597  3627 I native-activity: Animating
04-13 01:19:14.192  3597  3627 I native-activity: Frame 300 GL error is 0x0
04-13 01:19:14.192  3597  3627 I native-activity: Frame 300 time is 15.144ms
04-13 01:19:14.192  3597  3627 I native-activity: Swap 300 time is 17.311ms
04-13 01:19:14.192  3597  3627 I native-activity: Animating
04-13 01:19:14.212  3597  3627 I native-activity: Frame 301 GL error is 0x0
04-13 01:19:14.212  3597  3627 I native-activity: Frame 301 time is 15.397ms
04-13 01:19:14.212  3597  3627 I native-activity: Swap 301 time is 17.157ms
04-13 01:19:14.212  3597  3627 I native-activity: Animating
04-13 01:19:14.222  3597  3627 I native-activity: Frame 302 GL error is 0x0
04-13 01:19:14.222  3597  3627 I native-activity: Frame 302 time is 15.081ms
04-13 01:19:14.232  3597  3627 I native-activity: Swap 302 time is 16.860ms
04-13 01:19:14.232  3597  3627 I native-activity: Animating
04-13 01:19:14.242  3597  3627 I native-activity: Frame 303 GL error is 0x0
04-13 01:19:14.242  3597  3627 I native-activity: Frame 303 time is 16.840ms
04-13 01:19:14.252  3597  3627 I native-activity: Swap 303 time is 19.386ms
04-13 01:19:14.252  3597  3627 I native-activity: Animating
04-13 01:19:14.262  3597  3627 I native-activity: Frame 304 GL error is 0x0
04-13 01:19:14.262  3597  3627 I native-activity: Frame 304 time is 15.249ms
04-13 01:19:14.262  3597  3627 I native-activity: Swap 304 time is 17.585ms
04-13 01:19:14.262  3597  3627 I native-activity: Animating
04-13 01:19:14.282  3597  3627 I native-activity: Frame 305 GL error is 0x0
04-13 01:19:14.282  3597  3627 I native-activity: Frame 305 time is 14.059ms
04-13 01:19:14.282  3597  3627 I native-activity: Swap 305 time is 15.570ms
04-13 01:19:14.282  3597  3627 I native-activity: Animating
04-13 01:19:14.292  3597  3627 I native-activity: Frame 306 GL error is 0x0
04-13 01:19:14.292  3597  3627 I native-activity: Frame 306 time is 10.085ms
04-13 01:19:14.292  3597  3627 I native-activity: Swap 306 time is 13.053ms
04-13 01:19:14.292  3597  3627 I native-activity: Animating
04-13 01:19:14.312  3597  3627 I native-activity: Frame 307 GL error is 0x0
04-13 01:19:14.312  3597  3627 I native-activity: Frame 307 time is 15.227ms
04-13 01:19:14.312  3597  3627 I native-activity: Swap 307 time is 17.783ms
04-13 01:19:14.312  3597  3627 I native-activity: Animating
04-13 01:19:14.322  3597  3627 I native-activity: Frame 308 GL error is 0x0
04-13 01:19:14.322  3597  3627 I native-activity: Frame 308 time is 14.212ms
04-13 01:19:14.332  3597  3627 I native-activity: Swap 308 time is 16.179ms
04-13 01:19:14.332  3597  3627 I native-activity: Animating
04-13 01:19:14.342  3597  3627 I native-activity: Frame 309 GL error is 0x0
04-13 01:19:14.342  3597  3627 I native-activity: Frame 309 time is 15.925ms
04-13 01:19:14.352  3597  3627 I native-activity: Swap 309 time is 18.165ms
04-13 01:19:14.352  3597  3627 I native-activity: Animating
04-13 01:19:14.362  3597  3627 I native-activity: Frame 310 GL error is 0x0
04-13 01:19:14.362  3597  3627 I native-activity: Frame 310 time is 15.597ms
04-13 01:19:14.362  3597  3627 I native-activity: Swap 310 time is 17.319ms
04-13 01:19:14.362  3597  3627 I native-activity: Animating
04-13 01:19:14.392  3597  3627 I native-activity: Frame 311 GL error is 0x501
04-13 01:19:14.392  3597  3627 I native-activity: Frame 311 time is 23.885ms
04-13 01:19:14.392  3597  3627 I native-activity: Swap 311 time is 25.638ms
04-13 01:19:14.392  3597  3627 I native-activity: Animating
04-13 01:19:14.402  3597  3627 I native-activity: Frame 312 GL error is 0x0
04-13 01:19:14.402  3597  3627 I native-activity: Frame 312 time is 13.072ms
04-13 01:19:14.402  3597  3627 I native-activity: Swap 312 time is 15.675ms
04-13 01:19:14.402  3597  3627 I native-activity: Animating
04-13 01:19:14.412  3597  3627 I native-activity: Frame 313 GL error is 0x0
04-13 01:19:14.412  3597  3627 I native-activity: Frame 313 time is 9.446ms
04-13 01:19:14.422  3597  3627 I native-activity: Swap 313 time is 11.015ms
04-13 01:19:14.422  3597  3627 I native-activity: Animating
04-13 01:19:14.422  3597  3627 I native-activity: Frame 314 GL error is 0x0
04-13 01:19:14.422  3597  3627 I native-activity: Frame 314 time is 8.309ms
04-13 01:19:14.432  3597  3627 I native-activity: Swap 314 time is 10.837ms
04-13 01:19:14.432  3597  3627 I native-activity: Animating
04-13 01:19:14.442  3597  3627 I native-activity: Frame 315 GL error is 0x501
04-13 01:19:14.442  3597  3627 I native-activity: Frame 315 time is 13.514ms
04-13 01:19:14.442  3597  3627 I native-activity: Swap 315 time is 15.699ms
04-13 01:19:14.442  3597  3627 I native-activity: Animating
04-13 01:19:14.462  3597  3627 I native-activity: Frame 316 GL error is 0x0
04-13 01:19:14.462  3597  3627 I native-activity: Frame 316 time is 12.862ms
04-13 01:19:14.462  3597  3627 I native-activity: Swap 316 time is 16.860ms
04-13 01:19:14.462  3597  3627 I native-activity: Animating
04-13 01:19:14.472  3597  3627 I native-activity: Frame 317 GL error is 0x0
04-13 01:19:14.472  3597  3627 I native-activity: Frame 317 time is 12.410ms
04-13 01:19:14.482  3597  3627 I native-activity: Swap 317 time is 16.111ms
04-13 01:19:14.482  3597  3627 I native-activity: Animating
04-13 01:19:14.492  3597  3627 I native-activity: Frame 318 GL error is 0x0
04-13 01:19:14.492  3597  3627 I native-activity: Frame 318 time is 14.692ms
04-13 01:19:14.492  3597  3627 I native-activity: Swap 318 time is 16.819ms
04-13 01:19:14.492  3597  3627 I native-activity: Animating
04-13 01:19:14.512  3597  3627 I native-activity: Frame 319 GL error is 0x0
04-13 01:19:14.512  3597  3627 I native-activity: Frame 319 time is 16.016ms
04-13 01:19:14.512  3597  3627 I native-activity: Swap 319 time is 18.287ms
04-13 01:19:14.512  3597  3627 I native-activity: Animating
04-13 01:19:14.532  3597  3627 I native-activity: Frame 320 GL error is 0x0
04-13 01:19:14.532  3597  3627 I native-activity: Frame 320 time is 13.753ms
04-13 01:19:14.532  3597  3627 I native-activity: Swap 320 time is 15.830ms
04-13 01:19:14.532  3597  3627 I native-activity: Animating
04-13 01:19:14.532  1434  6994 D SSRM:n  : SIOP:: AP = 330, PST = 306 (W:6), CP = 32, CUR = 450, LCD = 114
04-13 01:19:14.542  3597  3627 I native-activity: Frame 321 GL error is 0x0
04-13 01:19:14.542  3597  3627 I native-activity: Frame 321 time is 14.608ms
04-13 01:19:14.542  3597  3627 I native-activity: Swap 321 time is 16.714ms
04-13 01:19:14.542  3597  3627 I native-activity: Animating
04-13 01:19:14.562  3597  3627 I native-activity: Frame 322 GL error is 0x0
04-13 01:19:14.562  3597  3627 I native-activity: Frame 322 time is 14.342ms
04-13 01:19:14.562  3597  3627 I native-activity: Swap 322 time is 16.554ms
04-13 01:19:14.562  3597  3627 I native-activity: Animating
04-13 01:19:14.572  3597  3627 I native-activity: Frame 323 GL error is 0x0
04-13 01:19:14.572  3597  3627 I native-activity: Frame 323 time is 12.845ms
04-13 01:19:14.582  3597  3627 I native-activity: Swap 323 time is 16.118ms
04-13 01:19:14.582  3597  3627 I native-activity: Animating
04-13 01:19:14.592  3597  3627 I native-activity: Frame 324 GL error is 0x0
04-13 01:19:14.592  3597  3627 I native-activity: Frame 324 time is 13.560ms
04-13 01:19:14.602  3597  3627 I native-activity: Swap 324 time is 18.067ms
04-13 01:19:14.602  3597  3627 I native-activity: Animating
04-13 01:19:14.612  3597  3627 I native-activity: Frame 325 GL error is 0x0
04-13 01:19:14.612  3597  3627 I native-activity: Frame 325 time is 12.877ms
04-13 01:19:14.612  3597  3627 I native-activity: Swap 325 time is 15.565ms
04-13 01:19:14.612  3597  3627 I native-activity: Animating
04-13 01:19:14.632  3597  3627 I native-activity: Frame 326 GL error is 0x0
04-13 01:19:14.632  3597  3627 I native-activity: Frame 326 time is 13.418ms
04-13 01:19:14.632  3597  3627 I native-activity: Swap 326 time is 16.630ms
04-13 01:19:14.632  3597  3627 I native-activity: Animating
04-13 01:19:14.642  3597  3627 I native-activity: Frame 327 GL error is 0x0
04-13 01:19:14.642  3597  3627 I native-activity: Frame 327 time is 14.478ms
04-13 01:19:14.652  3597  3627 I native-activity: Swap 327 time is 17.892ms
04-13 01:19:14.652  3597  3627 I native-activity: Animating
04-13 01:19:14.662  3597  3627 I native-activity: Frame 328 GL error is 0x0
04-13 01:19:14.662  3597  3627 I native-activity: Frame 328 time is 13.514ms
04-13 01:19:14.662  3597  3627 I native-activity: Swap 328 time is 16.045ms
04-13 01:19:14.662  3597  3627 I native-activity: Animating
04-13 01:19:14.682  3597  3627 I native-activity: Frame 329 GL error is 0x0
04-13 01:19:14.682  3597  3627 I native-activity: Frame 329 time is 14.044ms
04-13 01:19:14.682  3597  3627 I native-activity: Swap 329 time is 16.790ms
04-13 01:19:14.682  3597  3627 I native-activity: Animating
04-13 01:19:14.692  3597  3627 I native-activity: Frame 330 GL error is 0x0
04-13 01:19:14.692  3597  3627 I native-activity: Frame 330 time is 12.455ms
04-13 01:19:14.702  3597  3627 I native-activity: Swap 330 time is 16.097ms
04-13 01:19:14.702  3597  3627 I native-activity: Animating
04-13 01:19:14.712  3597  3627 I native-activity: Frame 331 GL error is 0x0
04-13 01:19:14.712  3597  3627 I native-activity: Frame 331 time is 12.946ms
04-13 01:19:14.712  3597  3627 I native-activity: Swap 331 time is 16.546ms
04-13 01:19:14.712  3597  3627 I native-activity: Animating
04-13 01:19:14.732  3597  3627 I native-activity: Frame 332 GL error is 0x0
04-13 01:19:14.732  3597  3627 I native-activity: Frame 332 time is 12.932ms
04-13 01:19:14.732  3597  3627 I native-activity: Swap 332 time is 14.796ms
04-13 01:19:14.732  3597  3627 I native-activity: Animating
04-13 01:19:14.742  3597  3627 I native-activity: Frame 333 GL error is 0x0
04-13 01:19:14.742  3597  3627 I native-activity: Frame 333 time is 14.661ms
04-13 01:19:14.752  3597  3627 I native-activity: Swap 333 time is 17.144ms
04-13 01:19:14.752  3597  3627 I native-activity: Animating
04-13 01:19:14.762  3597  3627 I native-activity: Frame 334 GL error is 0x0
04-13 01:19:14.762  3597  3627 I native-activity: Frame 334 time is 15.957ms
04-13 01:19:14.762  3597  3627 I native-activity: Swap 334 time is 17.973ms
04-13 01:19:14.762  3597  3627 I native-activity: Animating
04-13 01:19:14.782  3597  3627 I native-activity: Frame 335 GL error is 0x0
04-13 01:19:14.782  3597  3627 I native-activity: Frame 335 time is 12.712ms
04-13 01:19:14.782  1434  6994 D ConnectivityService: returning getNetworkInfo for network type 1 : [type: WIFI[] - WIFI, state: CONNECTED/CONNECTED, reason: (unspecified), extra: "wildfredland_ext", roaming: false, failover: false, isAvailable: true]
04-13 01:19:14.782  3597  3627 I native-activity: Swap 335 time is 14.526ms
04-13 01:19:14.782  3597  3627 I native-activity: Animating
04-13 01:19:14.792  3597  3627 I native-activity: Frame 336 GL error is 0x0
04-13 01:19:14.792  3597  3627 I native-activity: Frame 336 time is 13.938ms
04-13 01:19:14.792  3597  3627 I native-activity: Swap 336 time is 15.963ms
04-13 01:19:14.792  3597  3627 I native-activity: Animating
04-13 01:19:14.812  3597  3627 I native-activity: Frame 337 GL error is 0x0
04-13 01:19:14.812  3597  3627 I native-activity: Frame 337 time is 14.106ms
04-13 01:19:14.812  3597  3627 I native-activity: Swap 337 time is 16.970ms
04-13 01:19:14.812  3597  3627 I native-activity: Animating
04-13 01:19:14.832  3597  3627 I native-activity: Frame 338 GL error is 0x0
04-13 01:19:14.832  3597  3627 I native-activity: Frame 338 time is 13.876ms
04-13 01:19:14.832  3597  3627 I native-activity: Swap 338 time is 17.433ms
04-13 01:19:14.832  3597  3627 I native-activity: Animating
04-13 01:19:14.842  3597  3627 I native-activity: Frame 339 GL error is 0x0
04-13 01:19:14.842  3597  3627 I native-activity: Frame 339 time is 13.280ms
04-13 01:19:14.852  3597  3627 I native-activity: Swap 339 time is 15.565ms
04-13 01:19:14.852  3597  3627 I native-activity: Animating
04-13 01:19:14.862  3597  3627 I native-activity: Frame 340 GL error is 0x0
04-13 01:19:14.862  3597  3627 I native-activity: Frame 340 time is 14.829ms
04-13 01:19:14.862  3597  3627 I native-activity: Swap 340 time is 16.682ms
04-13 01:19:14.862  3597  3627 I native-activity: Animating
04-13 01:19:14.882  3597  3627 I native-activity: Frame 341 GL error is 0x0
04-13 01:19:14.882  3597  3627 I native-activity: Frame 341 time is 17.834ms
04-13 01:19:14.882  3597  3627 I native-activity: Swap 341 time is 20.015ms
04-13 01:19:14.882  3597  3627 I native-activity: Animating
04-13 01:19:14.902  3597  3627 I native-activity: Frame 342 GL error is 0x0
04-13 01:19:14.902  3597  3627 I native-activity: Frame 342 time is 14.277ms
04-13 01:19:14.902  3597  3627 I native-activity: Swap 342 time is 17.461ms
04-13 01:19:14.902  3597  3627 I native-activity: Animating
04-13 01:19:14.912  3597  3627 I native-activity: Frame 343 GL error is 0x0
04-13 01:19:14.912  3597  3627 I native-activity: Frame 343 time is 10.059ms
04-13 01:19:14.912  3597  3627 I native-activity: Swap 343 time is 14.012ms
04-13 01:19:14.912  3597  3627 I native-activity: Animating
04-13 01:19:14.932  3597  3627 I native-activity: Frame 344 GL error is 0x0
04-13 01:19:14.932  3597  3627 I native-activity: Frame 344 time is 14.735ms
04-13 01:19:14.932  3597  3627 I native-activity: Swap 344 time is 17.922ms
04-13 01:19:14.932  3597  3627 I native-activity: Animating
04-13 01:19:14.942  3597  3627 I native-activity: Frame 345 GL error is 0x0
04-13 01:19:14.942  3597  3627 I native-activity: Frame 345 time is 11.953ms
04-13 01:19:14.952  3597  3627 I native-activity: Swap 345 time is 13.953ms
04-13 01:19:14.952  3597  3627 I native-activity: Animating
04-13 01:19:14.962  3597  3627 I native-activity: Frame 346 GL error is 0x0
04-13 01:19:14.962  3597  3627 I native-activity: Frame 346 time is 14.389ms
04-13 01:19:14.962  3597  3627 I native-activity: Swap 346 time is 16.467ms
04-13 01:19:14.962  3597  3627 I native-activity: Animating
04-13 01:19:14.982  3597  3627 I native-activity: Frame 347 GL error is 0x0
04-13 01:19:14.982  3597  3627 I native-activity: Frame 347 time is 13.643ms
04-13 01:19:14.982  3597  3627 I native-activity: Swap 347 time is 16.286ms
04-13 01:19:14.982  3597  3627 I native-activity: Animating
04-13 01:19:14.992  3597  3627 I native-activity: Frame 348 GL error is 0x0
04-13 01:19:14.992  3597  3627 I native-activity: Frame 348 time is 12.654ms
04-13 01:19:15.002  3597  3627 I native-activity: Swap 348 time is 15.800ms
04-13 01:19:15.002  3597  3627 I native-activity: Animating
04-13 01:19:15.012  3597  3627 I native-activity: Frame 349 GL error is 0x0
04-13 01:19:15.012  3597  3627 I native-activity: Frame 349 time is 13.648ms
04-13 01:19:15.012  3597  3627 I native-activity: Swap 349 time is 16.460ms
04-13 01:19:15.012  3597  3627 I native-activity: Animating
04-13 01:19:15.032  3597  3627 I native-activity: Frame 350 GL error is 0x0
04-13 01:19:15.032  3597  3627 I native-activity: Frame 350 time is 14.169ms
04-13 01:19:15.032  3597  3627 I native-activity: Swap 350 time is 17.052ms
04-13 01:19:15.032  3597  3627 I native-activity: Animating
04-13 01:19:15.042  3597  3627 I native-activity: Frame 351 GL error is 0x0
04-13 01:19:15.042  3597  3627 I native-activity: Frame 351 time is 14.874ms
04-13 01:19:15.052  3597  3627 I native-activity: Swap 351 time is 17.633ms
04-13 01:19:15.052  3597  3627 I native-activity: Animating
04-13 01:19:15.062  3597  3627 I native-activity: Frame 352 GL error is 0x0
04-13 01:19:15.062  3597  3627 I native-activity: Frame 352 time is 14.839ms
04-13 01:19:15.062  3597  3627 I native-activity: Swap 352 time is 17.162ms
04-13 01:19:15.062  3597  3627 I native-activity: Animating
04-13 01:19:15.082  3597  3627 I native-activity: Frame 353 GL error is 0x0
04-13 01:19:15.082  3597  3627 I native-activity: Frame 353 time is 14.076ms
04-13 01:19:15.082  3597  3627 I native-activity: Swap 353 time is 16.316ms
04-13 01:19:15.082  3597  3627 I native-activity: Animating
04-13 01:19:15.102  3597  3627 I native-activity: Frame 354 GL error is 0x0
04-13 01:19:15.102  3597  3627 I native-activity: Frame 354 time is 15.149ms
04-13 01:19:15.102  3597  3627 I native-activity: Swap 354 time is 17.258ms
04-13 01:19:15.102  3597  3627 I native-activity: Animating
04-13 01:19:15.112  3597  3627 I native-activity: Frame 355 GL error is 0x0
04-13 01:19:15.112  3597  3627 I native-activity: Frame 355 time is 13.044ms
04-13 01:19:15.112  3597  3627 I native-activity: Swap 355 time is 15.514ms
04-13 01:19:15.112  3597  3627 I native-activity: Animating
04-13 01:19:15.132  3597  3627 I native-activity: Frame 356 GL error is 0x0
04-13 01:19:15.132  3597  3627 I native-activity: Frame 356 time is 12.702ms
04-13 01:19:15.132  3597  3627 I native-activity: Swap 356 time is 17.004ms
04-13 01:19:15.132  3597  3627 I native-activity: Animating
04-13 01:19:15.142  3597  3627 I native-activity: Frame 357 GL error is 0x0
04-13 01:19:15.142  3597  3627 I native-activity: Frame 357 time is 11.521ms
04-13 01:19:15.152  3597  3627 I native-activity: Swap 357 time is 15.565ms
04-13 01:19:15.152  3597  3627 I native-activity: Animating
04-13 01:19:15.162  3597  3627 I native-activity: Frame 358 GL error is 0x0
04-13 01:19:15.162  3597  3627 I native-activity: Frame 358 time is 12.136ms
04-13 01:19:15.162  3597  3627 I native-activity: Swap 358 time is 15.768ms
04-13 01:19:15.162  3597  3627 I native-activity: Animating
04-13 01:19:15.182  3597  3627 I native-activity: Frame 359 GL error is 0x0
04-13 01:19:15.182  3597  3627 I native-activity: Frame 359 time is 13.393ms
04-13 01:19:15.182  3597  3627 I native-activity: Swap 359 time is 16.684ms
04-13 01:19:15.182  3597  3627 I native-activity: Animating
04-13 01:19:15.192  3597  3627 I native-activity: Frame 360 GL error is 0x0
04-13 01:19:15.192  3597  3627 I native-activity: Frame 360 time is 13.018ms
04-13 01:19:15.202  3597  3627 I native-activity: Swap 360 time is 17.144ms
04-13 01:19:15.202  3597  3627 I native-activity: Animating
04-13 01:19:15.212  3597  3627 I native-activity: Frame 361 GL error is 0x0
04-13 01:19:15.212  3597  3627 I native-activity: Frame 361 time is 13.740ms
04-13 01:19:15.212  3597  3627 I native-activity: Swap 361 time is 16.146ms
04-13 01:19:15.212  3597  3627 I native-activity: Animating
04-13 01:19:15.232  3597  3627 I native-activity: Frame 362 GL error is 0x0
04-13 01:19:15.232  3597  3627 I native-activity: Frame 362 time is 11.633ms
04-13 01:19:15.232  3597  3627 I native-activity: Swap 362 time is 15.833ms
04-13 01:19:15.232  3597  3627 I native-activity: Animating
04-13 01:19:15.252  3597  3627 I native-activity: Frame 363 GL error is 0x0
04-13 01:19:15.252  3597  3627 I native-activity: Frame 363 time is 13.807ms
04-13 01:19:15.252  3597  3627 I native-activity: Swap 363 time is 18.637ms
04-13 01:19:15.252  3597  3627 I native-activity: Animating
04-13 01:19:15.262  3597  3627 I native-activity: Frame 364 GL error is 0x0
04-13 01:19:15.262  3597  3627 I native-activity: Frame 364 time is 11.279ms
04-13 01:19:15.262  3597  3627 I native-activity: Swap 364 time is 14.665ms
04-13 01:19:15.262  3597  3627 I native-activity: Animating
04-13 01:19:15.282  3597  3627 I native-activity: Frame 365 GL error is 0x0
04-13 01:19:15.282  3597  3627 I native-activity: Frame 365 time is 12.884ms
04-13 01:19:15.282  3597  3627 I native-activity: Swap 365 time is 16.845ms
04-13 01:19:15.282  3597  3627 I native-activity: Animating
04-13 01:19:15.292  3597  3627 I native-activity: Frame 366 GL error is 0x0
04-13 01:19:15.292  3597  3627 I native-activity: Frame 366 time is 13.634ms
04-13 01:19:15.302  3597  3627 I native-activity: Swap 366 time is 17.531ms
04-13 01:19:15.302  3597  3627 I native-activity: Animating
04-13 01:19:15.312  3597  3627 I native-activity: Frame 367 GL error is 0x0
04-13 01:19:15.312  3597  3627 I native-activity: Frame 367 time is 15.738ms
04-13 01:19:15.322  3597  3627 I native-activity: Swap 367 time is 18.051ms
04-13 01:19:15.322  3597  3627 I native-activity: Animating
04-13 01:19:15.332  1434  2607 D BatteryService: !@BatteryListener : batteryPropertiesChanged!
04-13 01:19:15.332  3597  3627 I native-activity: Frame 368 GL error is 0x0
04-13 01:19:15.332  1434  2607 D BatteryService: level:90, scale:100, status:2, health:2, present:true, voltage: 4287, temperature: 248, technology: Li-ion, AC powered:false, USB powered:true, POGO powered:false, Wireless powered:false, icon:17303420, invalid charger:0, maxChargingCurrent:0
04-13 01:19:15.332  3597  3627 I native-activity: Frame 368 time is 12.247ms
04-13 01:19:15.332  1434  2607 D BatteryService: online:6, current avg:470, charge type:1, power sharing:false, high voltage charger:false, capacity:280000, batterySWSelfDischarging:false, current_now:578
04-13 01:19:15.332  1434  1434 D BatteryService: Sending ACTION_BATTERY_CHANGED.
04-13 01:19:15.332  1434  1434 I MotionRecognitionService: Plugged
04-13 01:19:15.332  1434  1434 D MotionRecognitionService:   cableConnection= 1
04-13 01:19:15.332  1434  1434 D MotionRecognitionService: setPowerConnected | current backoffstate  = 1024 , state =1024
04-13 01:19:15.332  1434  1434 D MotionRecognitionService: skip setTransmitPower. 
04-13 01:19:15.332  3597  3627 I native-activity: Swap 368 time is 17.226ms
04-13 01:19:15.332  3597  3627 I native-activity: Animating
04-13 01:19:15.342  2724  2724 D BatteryMonitor: new battery level: 90
04-13 01:19:15.342  1434  2179 D WifiController: ApOrStaEnabledState  msg.what= 155652
04-13 01:19:15.342 30475 30475 D KeyguardUpdateMonitor: received broadcast android.intent.action.BATTERY_CHANGED
04-13 01:19:15.342 30475 30475 D KeyguardUpdateMonitor: handleBatteryUpdate
04-13 01:19:15.342  3597  3627 I native-activity: Frame 369 GL error is 0x0
04-13 01:19:15.342  3597  3627 I native-activity: Frame 369 time is 10.973ms
04-13 01:19:15.352 30475 30475 D PowerUI : Cable  true --> true mBootCompleted : false
04-13 01:19:15.352 30475 30475 D PowerUI : Sending cableIntent : Intent { act=com.samsung.systemui.power.action.ACTION_CABLE_CONNECTED VirtualScreenParam=Params{mDisplayId=-1, null, mFlags=0x00000000)} }
04-13 01:19:15.352 30475 30475 D PowerUI : priorPlugType = 2 mPlugType =  2
04-13 01:19:15.352 30475 30475 D PowerUI.Notification: showChargingNotice oldChargingType : 1 currentChargingType : 1 oldChargingTime : 1120000 mChargingTime : 1120000
04-13 01:19:15.352 30938 30938 I BatteryChangedReceiver: received action: android.intent.action.BATTERY_CHANGED
04-13 01:19:15.352 30475 30475 D PowerUI.Notification: There is no change about charging status, so return!
04-13 01:19:15.352  3597  3627 I native-activity: Swap 369 time is 17.941ms
04-13 01:19:15.352 30475 30475 D BatteryMeterView: ACTION_BATTERY_CHANGED : level:90 status:2 health:2
04-13 01:19:15.352  3597  3627 I native-activity: Animating
04-13 01:19:15.352 30475 30475 D BatteryMeterView: ACTION_BATTERY_CHANGED : level:90 status:2 health:2
04-13 01:19:15.362  3597  3627 I native-activity: Frame 370 GL error is 0x0
04-13 01:19:15.362  3597  3627 I native-activity: Frame 370 time is 8.541ms
04-13 01:19:15.372  3597  3627 I native-activity: Swap 370 time is 14.619ms
04-13 01:19:15.372  3597  3627 I native-activity: Animating
04-13 01:19:15.382  3597  3627 I native-activity: Frame 371 GL error is 0x0
04-13 01:19:15.382  3597  3627 I native-activity: Frame 371 time is 9.792ms
04-13 01:19:15.382  3597  3627 I native-activity: Swap 371 time is 13.705ms
04-13 01:19:15.382  3597  3627 I native-activity: Animating
04-13 01:19:15.392  3597  3627 I native-activity: Frame 372 GL error is 0x0
04-13 01:19:15.392  3597  3627 I native-activity: Frame 372 time is 12.720ms
04-13 01:19:15.402  3597  3627 I native-activity: Swap 372 time is 16.793ms
04-13 01:19:15.402  3597  3627 I native-activity: Animating
04-13 01:19:15.412  3597  3627 I native-activity: Frame 373 GL error is 0x0
04-13 01:19:15.412  3597  3627 I native-activity: Frame 373 time is 14.201ms
04-13 01:19:15.412  3597  3627 I native-activity: Swap 373 time is 16.476ms
04-13 01:19:15.412  3597  3627 I native-activity: Animating
04-13 01:19:15.432  3597  3627 I native-activity: Frame 374 GL error is 0x0
04-13 01:19:15.432  3597  3627 I native-activity: Frame 374 time is 15.306ms
04-13 01:19:15.432  3597  3627 I native-activity: Swap 374 time is 17.283ms
04-13 01:19:15.432  3597  3627 I native-activity: Animating
04-13 01:19:15.452  3597  3627 I native-activity: Frame 375 GL error is 0x0
04-13 01:19:15.452  3597  3627 I native-activity: Frame 375 time is 14.331ms
04-13 01:19:15.452  3597  3627 I native-activity: Swap 375 time is 17.039ms
04-13 01:19:15.452  3597  3627 I native-activity: Animating
04-13 01:19:15.462  3597  3627 I native-activity: Frame 376 GL error is 0x0
04-13 01:19:15.462  3597  3627 I native-activity: Frame 376 time is 13.511ms
04-13 01:19:15.462  3597  3627 I native-activity: Swap 376 time is 15.788ms
04-13 01:19:15.462  3597  3627 I native-activity: Animating
04-13 01:19:15.482  3597  3627 I native-activity: Frame 377 GL error is 0x0
04-13 01:19:15.482  3597  3627 I native-activity: Frame 377 time is 15.106ms
04-13 01:19:15.482  3597  3627 I native-activity: Swap 377 time is 16.785ms
04-13 01:19:15.482  3597  3627 I native-activity: Animating
04-13 01:19:15.492  3597  3627 I native-activity: Frame 378 GL error is 0x0
04-13 01:19:15.492  3597  3627 I native-activity: Frame 378 time is 13.278ms
04-13 01:19:15.502  3597  3627 I native-activity: Swap 378 time is 16.888ms
04-13 01:19:15.502  3597  3627 I native-activity: Animating
04-13 01:19:15.512  3597  3627 I native-activity: Frame 379 GL error is 0x0
04-13 01:19:15.512  3597  3627 I native-activity: Frame 379 time is 13.750ms
04-13 01:19:15.522  3597  3627 I native-activity: Swap 379 time is 18.351ms
04-13 01:19:15.522  3597  3627 I native-activity: Animating
04-13 01:19:15.532  3597  3627 I native-activity: Frame 380 GL error is 0x0
04-13 01:19:15.532  3597  3627 I native-activity: Frame 380 time is 12.593ms
04-13 01:19:15.532  3597  3627 I native-activity: Swap 380 time is 14.802ms
04-13 01:19:15.532  3597  3627 I native-activity: Animating
04-13 01:19:15.552  3597  3627 I native-activity: Frame 381 GL error is 0x0
04-13 01:19:15.552  3597  3627 I native-activity: Frame 381 time is 17.072ms
04-13 01:19:15.552  3597  3627 I native-activity: Swap 381 time is 20.272ms
04-13 01:19:15.552  3597  3627 I native-activity: Animating
04-13 01:19:15.572  3597  3627 I native-activity: Frame 382 GL error is 0x0
04-13 01:19:15.572  3597  3627 I native-activity: Frame 382 time is 12.392ms
04-13 01:19:15.572  3597  3627 I native-activity: Swap 382 time is 14.362ms
04-13 01:19:15.572  3597  3627 I native-activity: Animating
04-13 01:19:15.582  3597  3627 I native-activity: Frame 383 GL error is 0x0
04-13 01:19:15.582  3597  3627 I native-activity: Frame 383 time is 12.417ms
04-13 01:19:15.582  3597  3627 I native-activity: Swap 383 time is 14.777ms
04-13 01:19:15.582  3597  3627 I native-activity: Animating
04-13 01:19:15.602  3597  3627 I native-activity: Frame 384 GL error is 0x0
04-13 01:19:15.602  3597  3627 I native-activity: Frame 384 time is 14.687ms
04-13 01:19:15.602  3597  3627 I native-activity: Swap 384 time is 16.915ms
04-13 01:19:15.602  3597  3627 I native-activity: Animating
04-13 01:19:15.612  3597  3627 I native-activity: Frame 385 GL error is 0x0
04-13 01:19:15.612  3597  3627 I native-activity: Frame 385 time is 14.689ms
04-13 01:19:15.622  3597  3627 I native-activity: Swap 385 time is 17.096ms
04-13 01:19:15.622  3597  3627 I native-activity: Animating
04-13 01:19:15.632  3597  3627 I native-activity: Frame 386 GL error is 0x0
04-13 01:19:15.632  3597  3627 I native-activity: Frame 386 time is 14.773ms
04-13 01:19:15.632  3597  3627 I native-activity: Swap 386 time is 16.969ms
04-13 01:19:15.632  3597  3627 I native-activity: Animating
04-13 01:19:15.652  3597  3627 I native-activity: Frame 387 GL error is 0x0
04-13 01:19:15.652  3597  3627 I native-activity: Frame 387 time is 14.471ms
04-13 01:19:15.652  3597  3627 I native-activity: Swap 387 time is 16.301ms
04-13 01:19:15.652  3597  3627 I native-activity: Animating
04-13 01:19:15.662  3597  3627 I native-activity: Frame 388 GL error is 0x0
04-13 01:19:15.662  3597  3627 I native-activity: Frame 388 time is 13.598ms
04-13 01:19:15.672  3597  3627 I native-activity: Swap 388 time is 15.773ms
04-13 01:19:15.672  3597  3627 I native-activity: Animating
04-13 01:19:15.682  3597  3627 I native-activity: Frame 389 GL error is 0x0
04-13 01:19:15.682  3597  3627 I native-activity: Frame 389 time is 14.117ms
04-13 01:19:15.682  3597  3627 I native-activity: Swap 389 time is 16.021ms
04-13 01:19:15.682  3597  3627 I native-activity: Animating
04-13 01:19:15.702  3597  3627 I native-activity: Frame 390 GL error is 0x0
04-13 01:19:15.702  3597  3627 I native-activity: Frame 390 time is 17.337ms
04-13 01:19:15.702  3597  3627 I native-activity: Swap 390 time is 20.196ms
04-13 01:19:15.702  3597  3627 I native-activity: Animating
04-13 01:19:15.722  3597  3627 I native-activity: Frame 391 GL error is 0x0
04-13 01:19:15.722  3597  3627 I native-activity: Frame 391 time is 14.097ms
04-13 01:19:15.722  3597  3627 I native-activity: Swap 391 time is 15.920ms
04-13 01:19:15.722  3597  3627 I native-activity: Animating
04-13 01:19:15.732  3597  3627 I native-activity: Frame 392 GL error is 0x0
04-13 01:19:15.732  3597  3627 I native-activity: Frame 392 time is 11.499ms
04-13 01:19:15.732  3597  3627 I native-activity: Swap 392 time is 13.842ms
04-13 01:19:15.732  3597  3627 I native-activity: Animating
04-13 01:19:15.752  3597  3627 I native-activity: Frame 393 GL error is 0x0
04-13 01:19:15.752  3597  3627 I native-activity: Frame 393 time is 12.987ms
04-13 01:19:15.752  3597  3627 I native-activity: Swap 393 time is 15.983ms
04-13 01:19:15.752  3597  3627 I native-activity: Animating
04-13 01:19:15.762  3597  3627 I native-activity: Frame 394 GL error is 0x0
04-13 01:19:15.762  3597  3627 I native-activity: Frame 394 time is 14.159ms
04-13 01:19:15.772  3597  3627 I native-activity: Swap 394 time is 17.026ms
04-13 01:19:15.772  3597  3627 I native-activity: Animating
04-13 01:19:15.782  3597  3627 I native-activity: Frame 395 GL error is 0x0
04-13 01:19:15.782  3597  3627 I native-activity: Frame 395 time is 14.493ms
04-13 01:19:15.782  3597  3627 I native-activity: Swap 395 time is 16.423ms
04-13 01:19:15.782  3597  3627 I native-activity: Animating
04-13 01:19:15.802  3597  3627 I native-activity: Frame 396 GL error is 0x0
04-13 01:19:15.802  3597  3627 I native-activity: Frame 396 time is 14.925ms
04-13 01:19:15.802  3597  3627 I native-activity: Swap 396 time is 16.958ms
04-13 01:19:15.802  3597  3627 I native-activity: Animating
04-13 01:19:15.812  3597  3627 I native-activity: Frame 397 GL error is 0x0
04-13 01:19:15.812  3597  3627 I native-activity: Frame 397 time is 14.295ms
04-13 01:19:15.822  3597  3627 I native-activity: Swap 397 time is 16.650ms
04-13 01:19:15.822  3597  3627 I native-activity: Animating
04-13 01:19:15.832  3597  3627 I native-activity: Frame 398 GL error is 0x0
04-13 01:19:15.832  3597  3627 I native-activity: Frame 398 time is 14.688ms
04-13 01:19:15.842  3597  3627 I native-activity: Swap 398 time is 18.139ms
04-13 01:19:15.842  3597  3627 I native-activity: Animating
04-13 01:19:15.852  3597  3627 I native-activity: Frame 399 GL error is 0x0
04-13 01:19:15.852  3597  3627 I native-activity: Frame 399 time is 13.898ms
04-13 01:19:15.852  3597  3627 I native-activity: Swap 399 time is 16.291ms
04-13 01:19:15.852  3597  3627 I native-activity: Animating
04-13 01:19:15.862  3597  3627 I native-activity: Frame 400 GL error is 0x0
04-13 01:19:15.862  3597  3627 I native-activity: Frame 400 time is 11.102ms
04-13 01:19:15.872  3597  3627 I native-activity: Swap 400 time is 14.582ms
04-13 01:19:15.872  3597  3627 I native-activity: Animating
04-13 01:19:15.882  3597  3627 I native-activity: Frame 401 GL error is 0x0
04-13 01:19:15.882  3597  3627 I native-activity: Frame 401 time is 12.430ms
04-13 01:19:15.882  3597  3627 I native-activity: Swap 401 time is 15.897ms
04-13 01:19:15.882  3597  3627 I native-activity: Animating
04-13 01:19:15.902  3597  3627 I native-activity: Frame 402 GL error is 0x0
04-13 01:19:15.902  3597  3627 I native-activity: Frame 402 time is 13.358ms
04-13 01:19:15.902  3597  3627 I native-activity: Swap 402 time is 16.353ms
04-13 01:19:15.902  3597  3627 I native-activity: Animating
04-13 01:19:15.922  3597  3627 I native-activity: Frame 403 GL error is 0x0
04-13 01:19:15.922  3597  3627 I native-activity: Frame 403 time is 15.813ms
04-13 01:19:15.922  3597  3627 I native-activity: Swap 403 time is 17.911ms
04-13 01:19:15.922  3597  3627 I native-activity: Animating
04-13 01:19:15.932  3597  3627 I native-activity: Frame 404 GL error is 0x0
04-13 01:19:15.932  3597  3627 I native-activity: Frame 404 time is 13.468ms
04-13 01:19:15.932  3597  3627 I native-activity: Swap 404 time is 16.216ms
04-13 01:19:15.932  3597  3627 I native-activity: Animating
04-13 01:19:15.952  3597  3627 I native-activity: Frame 405 GL error is 0x0
04-13 01:19:15.952  3597  3627 I native-activity: Frame 405 time is 15.150ms
04-13 01:19:15.952  3597  3627 I native-activity: Swap 405 time is 17.877ms
04-13 01:19:15.952  3597  3627 I native-activity: Animating
04-13 01:19:15.972  3597  3627 I native-activity: Frame 406 GL error is 0x0
04-13 01:19:15.972  3597  3627 I native-activity: Frame 406 time is 15.018ms
04-13 01:19:15.972  3597  3627 I native-activity: Swap 406 time is 17.979ms
04-13 01:19:15.972  3597  3627 I native-activity: Animating
04-13 01:19:15.982  3597  3627 I native-activity: Frame 407 GL error is 0x0
04-13 01:19:15.982  3597  3627 I native-activity: Frame 407 time is 12.432ms
04-13 01:19:15.992  3597  3627 I native-activity: Swap 407 time is 14.447ms
04-13 01:19:15.992  3597  3627 I native-activity: Animating
04-13 01:19:16.002  3597  3627 I native-activity: Frame 408 GL error is 0x0
04-13 01:19:16.002  3597  3627 I native-activity: Frame 408 time is 12.090ms
04-13 01:19:16.002  3597  3627 I native-activity: Swap 408 time is 15.085ms
04-13 01:19:16.002  3597  3627 I native-activity: Animating
04-13 01:19:16.022  3597  3627 I native-activity: Frame 409 GL error is 0x0
04-13 01:19:16.022  3597  3627 I native-activity: Frame 409 time is 17.093ms
04-13 01:19:16.022  3597  3627 I native-activity: Swap 409 time is 18.676ms
04-13 01:19:16.022  3597  3627 I native-activity: Animating
04-13 01:19:16.032  3597  3627 I native-activity: Frame 410 GL error is 0x0
04-13 01:19:16.032  3597  3627 I native-activity: Frame 410 time is 10.604ms
04-13 01:19:16.032  3597  3627 I native-activity: Swap 410 time is 13.333ms
04-13 01:19:16.032  3597  3627 I native-activity: Animating
04-13 01:19:16.052  3597  3627 I native-activity: Frame 411 GL error is 0x0
04-13 01:19:16.052  3597  3627 I native-activity: Frame 411 time is 14.374ms
04-13 01:19:16.052  3597  3627 I native-activity: Swap 411 time is 17.509ms
04-13 01:19:16.052  3597  3627 I native-activity: Animating
04-13 01:19:16.072  3597  3627 I native-activity: Frame 412 GL error is 0x0
04-13 01:19:16.072  3597  3627 I native-activity: Frame 412 time is 14.263ms
04-13 01:19:16.072  3597  3627 I native-activity: Swap 412 time is 16.630ms
04-13 01:19:16.072  3597  3627 I native-activity: Animating
04-13 01:19:16.142  3597  3627 I native-activity: Frame 413 GL error is 0x0
04-13 01:19:16.142  3597  3627 I native-activity: Frame 413 time is 70.023ms
04-13 01:19:16.142  3597  3627 I native-activity: Swap 413 time is 72.954ms
04-13 01:19:16.142  3597  3627 I native-activity: Animating
04-13 01:19:16.202  3597  3627 I native-activity: Frame 414 GL error is 0x0
04-13 01:19:16.202  3597  3627 I native-activity: Frame 414 time is 58.259ms
04-13 01:19:16.202  3597  3627 I native-activity: Swap 414 time is 59.845ms
04-13 01:19:16.202  3597  3627 I native-activity: Animating
04-13 01:19:16.212  3597  3627 I native-activity: Frame 415 GL error is 0x0
04-13 01:19:16.212  3597  3627 I native-activity: Frame 415 time is 4.357ms
04-13 01:19:16.212  3597  3627 I native-activity: Swap 415 time is 8.688ms
04-13 01:19:16.212  3597  3627 I native-activity: Animating
04-13 01:19:16.212  3597  3627 I native-activity: Frame 416 GL error is 0x0
04-13 01:19:16.212  3597  3627 I native-activity: Frame 416 time is 4.158ms
04-13 01:19:16.222  3597  3627 I native-activity: Swap 416 time is 9.830ms
04-13 01:19:16.222  3597  3627 I native-activity: Animating
04-13 01:19:16.232  3597  3627 I native-activity: Frame 417 GL error is 0x0
04-13 01:19:16.232  3597  3627 I native-activity: Frame 417 time is 10.707ms
04-13 01:19:16.232  3597  3627 I native-activity: Swap 417 time is 11.656ms
04-13 01:19:16.232  3597  3627 I native-activity: Animating
04-13 01:19:16.252  3597  3627 I native-activity: Frame 418 GL error is 0x0
04-13 01:19:16.252  3597  3627 I native-activity: Frame 418 time is 17.293ms
04-13 01:19:16.252  3597  3627 I native-activity: Swap 418 time is 20.183ms
04-13 01:19:16.252  3597  3627 I native-activity: Animating
04-13 01:19:16.272  3597  3627 I native-activity: Frame 419 GL error is 0x0
04-13 01:19:16.272  3597  3627 I native-activity: Frame 419 time is 13.048ms
04-13 01:19:16.272  3597  3627 I native-activity: Swap 419 time is 15.396ms
04-13 01:19:16.272  3597  3627 I native-activity: Animating
04-13 01:19:16.282  3597  3627 I native-activity: Frame 420 GL error is 0x0
04-13 01:19:16.282  3597  3627 I native-activity: Frame 420 time is 12.958ms
04-13 01:19:16.282  3597  3627 I native-activity: Swap 420 time is 14.730ms
04-13 01:19:16.282  3597  3627 I native-activity: Animating
04-13 01:19:16.302  3597  3627 I native-activity: Frame 421 GL error is 0x0
04-13 01:19:16.302  3597  3627 I native-activity: Frame 421 time is 15.706ms
04-13 01:19:16.302  3597  3627 I native-activity: Swap 421 time is 18.792ms
04-13 01:19:16.302  3597  3627 I native-activity: Animating
04-13 01:19:16.322  3597  3627 I native-activity: Frame 422 GL error is 0x0
04-13 01:19:16.322  3597  3627 I native-activity: Frame 422 time is 22.000ms
04-13 01:19:16.332  3597  3627 I native-activity: Swap 422 time is 25.065ms
04-13 01:19:16.332  3597  3627 I native-activity: Animating
04-13 01:19:16.342  3597  3627 I native-activity: Frame 423 GL error is 0x0
04-13 01:19:16.342  3597  3627 I native-activity: Frame 423 time is 13.910ms
04-13 01:19:16.342  3597  3627 I native-activity: Swap 423 time is 15.926ms
04-13 01:19:16.342  3597  3627 I native-activity: Animating
04-13 01:19:16.352  3597  3627 I native-activity: Frame 424 GL error is 0x0
04-13 01:19:16.352  3597  3627 I native-activity: Frame 424 time is 9.559ms
04-13 01:19:16.352  3597  3627 I native-activity: Swap 424 time is 11.549ms
04-13 01:19:16.352  3597  3627 I native-activity: Animating
04-13 01:19:16.372  3597  3627 I native-activity: Frame 425 GL error is 0x0
04-13 01:19:16.372  3597  3627 I native-activity: Frame 425 time is 12.161ms
04-13 01:19:16.372  3597  3627 I native-activity: Swap 425 time is 13.831ms
04-13 01:19:16.372  3597  3627 I native-activity: Animating
04-13 01:19:16.382  3597  3627 I native-activity: Frame 426 GL error is 0x0
04-13 01:19:16.382  3597  3627 I native-activity: Frame 426 time is 15.925ms
04-13 01:19:16.392  3597  3627 I native-activity: Swap 426 time is 17.369ms
04-13 01:19:16.392  3597  3627 I native-activity: Animating
04-13 01:19:16.402  3597  3627 I native-activity: Frame 427 GL error is 0x0
04-13 01:19:16.402  3597  3627 I native-activity: Frame 427 time is 16.186ms
04-13 01:19:16.402  3597  3627 I native-activity: Swap 427 time is 18.357ms
04-13 01:19:16.402  3597  3627 I native-activity: Animating
04-13 01:19:16.422  3597  3627 I native-activity: Frame 428 GL error is 0x0
04-13 01:19:16.422  3597  3627 I native-activity: Frame 428 time is 14.420ms
04-13 01:19:16.422  3597  3627 I native-activity: Swap 428 time is 16.168ms
04-13 01:19:16.422  3597  3627 I native-activity: Animating
04-13 01:19:16.432  3597  3627 I native-activity: Frame 429 GL error is 0x0
04-13 01:19:16.432  3597  3627 I native-activity: Frame 429 time is 13.118ms
04-13 01:19:16.442  3597  3627 I native-activity: Swap 429 time is 14.933ms
04-13 01:19:16.442  3597  3627 I native-activity: Animating
04-13 01:19:16.452  3597  3627 I native-activity: Frame 430 GL error is 0x0
04-13 01:19:16.452  3597  3627 I native-activity: Frame 430 time is 17.221ms
04-13 01:19:16.452  3597  3627 I native-activity: Swap 430 time is 18.516ms
04-13 01:19:16.462  3597  3627 I native-activity: Animating
04-13 01:19:16.472  3597  3627 I native-activity: Frame 431 GL error is 0x0
04-13 01:19:16.472  3597  3627 I native-activity: Frame 431 time is 12.247ms
04-13 01:19:16.472  3597  3627 I native-activity: Swap 431 time is 13.668ms
04-13 01:19:16.472  3597  3627 I native-activity: Animating
04-13 01:19:16.482  3597  3627 I native-activity: Frame 432 GL error is 0x0
04-13 01:19:16.482  3597  3627 I native-activity: Frame 432 time is 14.448ms
04-13 01:19:16.492  3597  3627 I native-activity: Swap 432 time is 16.256ms
04-13 01:19:16.492  3597  3627 I native-activity: Animating
04-13 01:19:16.502  3597  3627 I native-activity: Frame 433 GL error is 0x0
04-13 01:19:16.502  3597  3627 I native-activity: Frame 433 time is 17.222ms
04-13 01:19:16.502  3597  3627 I native-activity: Swap 433 time is 19.160ms
04-13 01:19:16.502  3597  3627 I native-activity: Animating
04-13 01:19:16.522  3597  3627 I native-activity: Frame 434 GL error is 0x0
04-13 01:19:16.522  3597  3627 I native-activity: Frame 434 time is 14.498ms
04-13 01:19:16.522  3597  3627 I native-activity: Swap 434 time is 16.701ms
04-13 01:19:16.522  3597  3627 I native-activity: Animating
04-13 01:19:16.542  3597  3627 I native-activity: Frame 435 GL error is 0x0
04-13 01:19:16.542  3597  3627 I native-activity: Frame 435 time is 14.111ms
04-13 01:19:16.542  3597  3627 I native-activity: Swap 435 time is 15.978ms
04-13 01:19:16.542  3597  3627 I native-activity: Animating
04-13 01:19:16.552  3597  3627 I native-activity: Frame 436 GL error is 0x0
04-13 01:19:16.552  3597  3627 I native-activity: Frame 436 time is 14.333ms
04-13 01:19:16.552  3597  3627 I native-activity: Swap 436 time is 16.356ms
04-13 01:19:16.552  3597  3627 I native-activity: Animating
04-13 01:19:16.572  3597  3627 I native-activity: Frame 437 GL error is 0x0
04-13 01:19:16.572  3597  3627 I native-activity: Frame 437 time is 17.864ms
04-13 01:19:16.582  3597  3627 I native-activity: Swap 437 time is 21.561ms
04-13 01:19:16.582  3597  3627 I native-activity: Animating
04-13 01:19:16.592  3597  3627 I native-activity: Frame 438 GL error is 0x0
04-13 01:19:16.592  3597  3627 I native-activity: Frame 438 time is 12.373ms
04-13 01:19:16.592  3597  3627 I native-activity: Swap 438 time is 13.829ms
04-13 01:19:16.592  3597  3627 I native-activity: Animating
04-13 01:19:16.602  3597  3627 I native-activity: Frame 439 GL error is 0x0
04-13 01:19:16.602  3597  3627 I native-activity: Frame 439 time is 9.392ms
04-13 01:19:16.602  3597  3627 I native-activity: Swap 439 time is 10.904ms
04-13 01:19:16.602  3597  3627 I native-activity: Animating
04-13 01:19:16.622  3597  3627 I native-activity: Frame 440 GL error is 0x0
04-13 01:19:16.622  3597  3627 I native-activity: Frame 440 time is 17.483ms
04-13 01:19:16.622  3597  3627 I native-activity: Swap 440 time is 18.640ms
04-13 01:19:16.622  3597  3627 I native-activity: Animating
04-13 01:19:16.642  3597  3627 I native-activity: Frame 441 GL error is 0x0
04-13 01:19:16.642  3597  3627 I native-activity: Frame 441 time is 16.883ms
04-13 01:19:16.642  3597  3627 I native-activity: Swap 441 time is 19.220ms
04-13 01:19:16.642  3597  3627 I native-activity: Animating
04-13 01:19:16.652  3597  3627 I native-activity: Frame 442 GL error is 0x0
04-13 01:19:16.652  3597  3627 I native-activity: Frame 442 time is 12.059ms
04-13 01:19:16.652  3597  3627 I native-activity: Swap 442 time is 13.515ms
04-13 01:19:16.652  3597  3627 I native-activity: Animating
04-13 01:19:16.672  3597  3627 I native-activity: Frame 443 GL error is 0x0
04-13 01:19:16.672  3597  3627 I native-activity: Frame 443 time is 16.207ms
04-13 01:19:16.672  3597  3627 I native-activity: Swap 443 time is 18.150ms
04-13 01:19:16.672  3597  3627 I native-activity: Animating
04-13 01:19:16.692  3597  3627 I native-activity: Frame 444 GL error is 0x0
04-13 01:19:16.692  3597  3627 I native-activity: Frame 444 time is 17.936ms
04-13 01:19:16.692  3597  3627 I native-activity: Swap 444 time is 21.013ms
04-13 01:19:16.692  3597  3627 I native-activity: Animating
04-13 01:19:16.712  3597  3627 I native-activity: Frame 445 GL error is 0x0
04-13 01:19:16.712  3597  3627 I native-activity: Frame 445 time is 14.657ms
04-13 01:19:16.712  3597  3627 I native-activity: Swap 445 time is 16.612ms
04-13 01:19:16.712  3597  3627 I native-activity: Animating
04-13 01:19:16.722  3597  3627 I native-activity: Frame 446 GL error is 0x0
04-13 01:19:16.722  3597  3627 I native-activity: Frame 446 time is 11.435ms
04-13 01:19:16.722  3597  3627 I native-activity: Swap 446 time is 12.707ms
04-13 01:19:16.722  3597  3627 I native-activity: Animating
04-13 01:19:16.742  3597  3627 I native-activity: Frame 447 GL error is 0x0
04-13 01:19:16.742  3597  3627 I native-activity: Frame 447 time is 13.232ms
04-13 01:19:16.742  3597  3627 I native-activity: Swap 447 time is 14.807ms
04-13 01:19:16.742  3597  3627 I native-activity: Animating
04-13 01:19:16.752  3597  3627 I native-activity: Frame 448 GL error is 0x0
04-13 01:19:16.752  3597  3627 I native-activity: Frame 448 time is 15.508ms
04-13 01:19:16.762  3597  3627 I native-activity: Swap 448 time is 17.671ms
04-13 01:19:16.762  3597  3627 I native-activity: Animating
04-13 01:19:16.772  3597  3627 I native-activity: Frame 449 GL error is 0x0
04-13 01:19:16.772  3597  3627 I native-activity: Frame 449 time is 15.273ms
04-13 01:19:16.772  3597  3627 I native-activity: Swap 449 time is 16.652ms
04-13 01:19:16.772  3597  3627 I native-activity: Animating
04-13 01:19:16.792  3597  3627 I native-activity: Frame 450 GL error is 0x0
04-13 01:19:16.792  3597  3627 I native-activity: Frame 450 time is 13.598ms
04-13 01:19:16.792  3597  3627 I native-activity: Swap 450 time is 15.007ms
04-13 01:19:16.792  3597  3627 I native-activity: Animating
04-13 01:19:16.802  3597  3627 I native-activity: Frame 451 GL error is 0x0
04-13 01:19:16.802  3597  3627 I native-activity: Frame 451 time is 16.392ms
04-13 01:19:16.812  3597  3627 I native-activity: Swap 451 time is 18.270ms
04-13 01:19:16.812  3597  3627 I native-activity: Animating
04-13 01:19:16.822  3597  3627 I native-activity: Frame 452 GL error is 0x0
04-13 01:19:16.822  3597  3627 I native-activity: Frame 452 time is 15.380ms
04-13 01:19:16.822  3597  3627 I native-activity: Swap 452 time is 17.716ms
04-13 01:19:16.822  3597  3627 I native-activity: Animating
04-13 01:19:16.842  3597  3627 I native-activity: Frame 453 GL error is 0x0
04-13 01:19:16.842  3597  3627 I native-activity: Frame 453 time is 14.835ms
04-13 01:19:16.842  3597  3627 I native-activity: Swap 453 time is 16.660ms
04-13 01:19:16.842  3597  3627 I native-activity: Animating
04-13 01:19:16.852  3597  3627 I native-activity: Frame 454 GL error is 0x0
04-13 01:19:16.852  3597  3627 I native-activity: Frame 454 time is 12.815ms
04-13 01:19:16.862  3597  3627 I native-activity: Swap 454 time is 14.748ms
04-13 01:19:16.862  3597  3627 I native-activity: Animating
04-13 01:19:16.872  3597  3627 I native-activity: Frame 455 GL error is 0x0
04-13 01:19:16.872  3597  3627 I native-activity: Frame 455 time is 13.691ms
04-13 01:19:16.872  3597  3627 I native-activity: Swap 455 time is 15.281ms
04-13 01:19:16.872  3597  3627 I native-activity: Animating
04-13 01:19:16.892  3597  3627 I native-activity: Frame 456 GL error is 0x0
04-13 01:19:16.892  3597  3627 I native-activity: Frame 456 time is 16.250ms
04-13 01:19:16.892  3597  3627 I native-activity: Swap 456 time is 17.956ms
04-13 01:19:16.892  3597  3627 I native-activity: Animating
04-13 01:19:16.912  3597  3627 I native-activity: Frame 457 GL error is 0x0
04-13 01:19:16.912  3597  3627 I native-activity: Frame 457 time is 17.268ms
04-13 01:19:16.912  3597  3627 I native-activity: Swap 457 time is 19.856ms
04-13 01:19:16.912  3597  3627 I native-activity: Animating
04-13 01:19:16.922  3597  3627 I native-activity: Frame 458 GL error is 0x0
04-13 01:19:16.922  3597  3627 I native-activity: Frame 458 time is 14.652ms
