04-11 02:49:41.799  3038  3060 I native-activity: Swap 1 time is 3.216ms
04-11 02:49:41.799  3038  3060 I native-activity: Animating
04-11 02:49:41.799  3038  3060 I native-activity: Frame 2 GL error is 0x0
04-11 02:49:41.799  3038  3060 I native-activity: Frame 2 time is 0.801ms
04-11 02:49:41.799  3038  3060 I native-activity: Doing egl_swapbuffers_sync 1
04-11 02:49:41.799  3038  3060 D native-activity: Reading pixels format 0x1908 type 0x1401 bpp 4
04-11 02:49:41.799  3038  3060 I native-activity: Read pixels, GL error is 0x0
04-11 02:49:41.809  3038  3060 I native-activity: Swap 2 time is 3.678ms
04-11 02:49:41.809  3038  3060 I native-activity: Animating
04-11 02:49:41.809  3038  3060 I native-activity: Context 0xee52d680 made current on surface 0xee5256c0, error 0x3000
04-11 02:49:41.809  3038  3060 I native-activity: GL information
04-11 02:49:41.809  3038  3060 I native-activity: 	Renderer: Adreno (TM) 530
04-11 02:49:41.809  3038  3060 I native-activity: 	Vendor: Qualcomm
04-11 02:49:41.809  3038  3060 I native-activity: 	Version: OpenGL ES 3.2 V@145.0 (GIT@I5bc0f577f9)
04-11 02:49:41.809  3038  3060 I native-activity: 	Shading Language: OpenGL ES GLSL ES 3.20
04-11 02:49:41.809  3038  3060 I native-activity: 	Extensions: GL_OES_EGL_image GL_OES_EGL_image_external GL_OES_EGL_sync GL_OES_vertex_half_float GL_OES_framebuffer_object GL_OES_rgb8_rgba8 GL_OES_compressed_ETC1_RGB8_texture GL_AMD_compressed_ATC_texture GL_KHR_texture_compression_astc_ldr GL_KHR_texture_compression_astc_hdr GL_OES_texture_compression_astc GL_OES_texture_npot GL_EXT_texture_filter_anisotropic GL_EXT_texture_format_BGRA8888 GL_OES_texture_3D GL_EXT_color_buffer_float GL_EXT_color_buffer_half_float GL_QCOM_alpha_test GL_OES_depth24 GL_OES_packed_depth_stencil GL_OES_depth_texture GL_OES_depth_texture_cube_map GL_EXT_sRGB GL_OES_texture_float GL_OES_texture_float_linear GL_OES_texture_half_float GL_OES_texture_half_float_linear GL_EXT_texture_type_2_10_10_10_REV GL_EXT_texture_sRGB_decode GL_OES_element_index_uint GL_EXT_copy_image GL_EXT_geometry_shader GL_EXT_tessellation_shader GL_OES_texture_stencil8 GL_EXT_shader_io_blocks GL_OES_shader_image_atomic GL_OES_sample_variables GL_EXT_texture_border_clamp GL_EXT_multisampled_render_to_textur
04-11 02:49:41.809  3038  3060 I native-activity: Frame 3 GL error is 0x0
04-11 02:49:41.809  3038  3060 I native-activity: Frame 3 time is 0.101ms
04-11 02:49:41.809  3038  3060 I native-activity: Doing egl_swapbuffers_sync 1
04-11 02:49:41.809  3038  3060 D native-activity: Reading pixels format 0x1908 type 0x1401 bpp 4
04-11 02:49:41.809  3038  3060 I native-activity: Read pixels, GL error is 0x0
04-11 02:49:41.809  3038  3060 I native-activity: Swap 3 time is 0.870ms
04-11 02:49:41.809  3038  3060 I native-activity: Animating
04-11 02:49:41.839  3038  3060 I native-activity: Frame 4 GL error is 0x501
04-11 02:49:41.839  3038  3060 I native-activity: Frame 4 time is 34.790ms
04-11 02:49:41.839  3038  3060 I native-activity: Doing egl_swapbuffers_sync 1
04-11 02:49:41.839  3038  3060 D native-activity: Reading pixels format 0x1908 type 0x1401 bpp 4
04-11 02:49:41.839  3038  3060 I native-activity: Read pixels, GL error is 0x0
04-11 02:49:41.839  3038  3060 I native-activity: Swap 4 time is 37.282ms
04-11 02:49:41.839  3038  3060 I native-activity: Animating
04-11 02:49:41.839  3038  3060 I native-activity: Frame 5 GL error is 0x0
04-11 02:49:41.839  3038  3060 I native-activity: Frame 5 time is 0.463ms
04-11 02:49:41.839  3038  3060 I native-activity: Doing egl_swapbuffers_sync 1
04-11 02:49:41.839  3038  3060 D native-activity: Reading pixels format 0x1908 type 0x1401 bpp 4
04-11 02:49:41.839  1434  2219 D MdnieScenarioControlService:  packageName : com.example.sonicdash_stage1    className : android.app.NativeActivity
04-11 02:49:41.849  3038  3060 I native-activity: Read pixels, GL error is 0x0
04-11 02:49:41.849  3038  3060 I native-activity: Swap 5 time is 2.792ms
04-11 02:49:41.849  3038  3060 I native-activity: Animating
04-11 02:49:41.849  3038  3060 I native-activity: Frame 6 GL error is 0x0
04-11 02:49:41.849  3038  3060 I native-activity: Frame 6 time is 0.546ms
04-11 02:49:41.849  3038  3060 I native-activity: Doing egl_swapbuffers_sync 1
04-11 02:49:41.849  3038  3060 D native-activity: Reading pixels format 0x1908 type 0x1401 bpp 4
04-11 02:49:41.849  3038  3060 I native-activity: Read pixels, GL error is 0x0
04-11 02:49:41.849  3038  3060 I native-activity: Swap 6 time is 2.915ms
04-11 02:49:41.849  3038  3060 I native-activity: Animating
04-11 02:49:41.849  3038  3060 I native-activity: Frame 7 GL error is 0x0
04-11 02:49:41.849  3038  3060 I native-activity: Frame 7 time is 0.335ms
04-11 02:49:41.849  3038  3060 I native-activity: Doing egl_swapbuffers_sync 1
04-11 02:49:41.849  3038  3060 D native-activity: Reading pixels format 0x1908 type 0x1401 bpp 4
04-11 02:49:41.849  3038  3060 I native-activity: Read pixels, GL error is 0x0
04-11 02:49:41.849  3038  3060 I native-activity: Swap 7 time is 2.865ms
04-11 02:49:41.849  3038  3060 I native-activity: Animating
04-11 02:49:41.849  3038  3060 I native-activity: Frame 8 GL error is 0x0
04-11 02:49:41.849  3038  3060 I native-activity: Frame 8 time is 0.424ms
04-11 02:49:41.849  3038  3060 I native-activity: Doing egl_swapbuffers_sync 1
04-11 02:49:41.849  3038  3060 D native-activity: Reading pixels format 0x1908 type 0x1401 bpp 4
04-11 02:49:41.849  3038  3060 I native-activity: Read pixels, GL error is 0x0
04-11 02:49:41.859  3038  3060 I native-activity: Swap 8 time is 2.807ms
04-11 02:49:41.859  3038  3060 I native-activity: Animating
04-11 02:49:41.859  3038  3060 I native-activity: Frame 9 GL error is 0x0
04-11 02:49:41.859  3038  3060 I native-activity: Frame 9 time is 0.443ms
04-11 02:49:41.859  3038  3060 I native-activity: Doing egl_swapbuffers_sync 1
04-11 02:49:41.859  3038  3060 D native-activity: Reading pixels format 0x1908 type 0x1401 bpp 4
04-11 02:49:41.859  3038  3060 I native-activity: Read pixels, GL error is 0x0
04-11 02:49:41.859  3038  3060 I native-activity: Swap 9 time is 2.816ms
04-11 02:49:41.859  3038  3060 I native-activity: Animating
04-11 02:49:41.859  3038  3060 I native-activity: Frame 10 GL error is 0x0
04-11 02:49:41.859  3038  3060 I native-activity: Frame 10 time is 0.300ms
04-11 02:49:41.859  3038  3060 I native-activity: Doing egl_swapbuffers_sync 1
04-11 02:49:41.859  3038  3060 D native-activity: Reading pixels format 0x1908 type 0x1401 bpp 4
04-11 02:49:41.859  3038  3060 I native-activity: Read pixels, GL error is 0x0
04-11 02:49:41.859  3038  3060 I native-activity: Swap 10 time is 2.677ms
04-11 02:49:41.859  3038  3060 I native-activity: Animating
04-11 02:49:41.859  3038  3060 I native-activity: Frame 11 GL error is 0x0
04-11 02:49:41.859  3038  3060 I native-activity: Frame 11 time is 0.605ms
04-11 02:49:41.859  3038  3060 I native-activity: Doing egl_swapbuffers_sync 1
04-11 02:49:41.859  3038  3060 D native-activity: Reading pixels format 0x1908 type 0x1401 bpp 4
04-11 02:49:41.859  3038  3060 I native-activity: Read pixels, GL error is 0x0
04-11 02:49:41.859  3038  3060 I native-activity: Swap 11 time is 3.618ms
04-11 02:49:41.859  3038  3060 I native-activity: Animating
04-11 02:49:41.859  3038  3060 I native-activity: Frame 12 GL error is 0x0
04-11 02:49:41.859  3038  3060 I native-activity: Frame 12 time is 0.341ms
04-11 02:49:41.859  3038  3060 I native-activity: Doing egl_swapbuffers_sync 1
04-11 02:49:41.859  3038  3060 D native-activity: Reading pixels format 0x1908 type 0x1401 bpp 4
04-11 02:49:41.869  3038  3060 I native-activity: Read pixels, GL error is 0x0
04-11 02:49:41.869  3038  3060 I native-activity: Swap 12 time is 2.673ms
04-11 02:49:41.869  3038  3060 I native-activity: Animating
04-11 02:49:41.869  3038  3060 I native-activity: Frame 13 GL error is 0x0
04-11 02:49:41.869  3038  3060 I native-activity: Frame 13 time is 0.314ms
04-11 02:49:41.869  3038  3060 I native-activity: Doing egl_swapbuffers_sync 1
04-11 02:49:41.869  3038  3060 D native-activity: Reading pixels format 0x1908 type 0x1401 bpp 4
04-11 02:49:41.869  3038  3060 I native-activity: Read pixels, GL error is 0x0
04-11 02:49:41.869  3038  3060 I native-activity: Swap 13 time is 2.719ms
04-11 02:49:41.869  3038  3060 I native-activity: Animating
04-11 02:49:41.869  3038  3060 I native-activity: Frame 14 GL error is 0x0
04-11 02:49:41.869  3038  3060 I native-activity: Frame 14 time is 0.292ms
04-11 02:49:41.869  3038  3060 I native-activity: Doing egl_swapbuffers_sync 1
04-11 02:49:41.869  3038  3060 D native-activity: Reading pixels format 0x1908 type 0x1401 bpp 4
04-11 02:49:41.869  3038  3060 I native-activity: Read pixels, GL error is 0x0
04-11 02:49:41.869  3038  3060 I native-activity: Swap 14 time is 2.532ms
04-11 02:49:41.869  3038  3060 I native-activity: Animating
04-11 02:49:41.869  3038  3060 I native-activity: Frame 15 GL error is 0x0
04-11 02:49:41.869  3038  3060 I native-activity: Frame 15 time is 0.288ms
04-11 02:49:41.869  3038  3060 I native-activity: Doing egl_swapbuffers_sync 1
04-11 02:49:41.869  3038  3060 D native-activity: Reading pixels format 0x1908 type 0x1401 bpp 4
04-11 02:49:41.879  3038  3060 I native-activity: Read pixels, GL error is 0x0
04-11 02:49:41.879  3038  3060 I native-activity: Swap 15 time is 2.566ms
04-11 02:49:41.879  3038  3060 I native-activity: Animating
04-11 02:49:41.879  3038  3060 I native-activity: Frame 16 GL error is 0x0
04-11 02:49:41.879  3038  3060 I native-activity: Frame 16 time is 0.294ms
04-11 02:49:41.879  3038  3060 I native-activity: Doing egl_swapbuffers_sync 1
04-11 02:49:41.879  3038  3060 D native-activity: Reading pixels format 0x1908 type 0x1401 bpp 4
04-11 02:49:41.879  3038  3060 I native-activity: Read pixels, GL error is 0x0
04-11 02:49:41.879  3038  3060 I native-activity: Swap 16 time is 2.595ms
04-11 02:49:41.879  3038  3060 I native-activity: Animating
04-11 02:49:41.879  3038  3060 I native-activity: Frame 17 GL error is 0x0
04-11 02:49:41.879  3038  3060 I native-activity: Frame 17 time is 0.300ms
04-11 02:49:41.879  3038  3060 I native-activity: Doing egl_swapbuffers_sync 1
04-11 02:49:41.879  3038  3060 D native-activity: Reading pixels format 0x1908 type 0x1401 bpp 4
04-11 02:49:41.879  3038  3060 I native-activity: Read pixels, GL error is 0x0
04-11 02:49:41.879  3038  3060 I native-activity: Swap 17 time is 2.657ms
04-11 02:49:41.879  3038  3060 I native-activity: Animating
04-11 02:49:41.879  3038  3060 I native-activity: Frame 18 GL error is 0x0
04-11 02:49:41.879  3038  3060 I native-activity: Frame 18 time is 0.297ms
04-11 02:49:41.879  3038  3060 I native-activity: Doing egl_swapbuffers_sync 1
04-11 02:49:41.879  3038  3060 D native-activity: Reading pixels format 0x1908 type 0x1401 bpp 4
04-11 02:49:41.879  3038  3060 I native-activity: Read pixels, GL error is 0x0
04-11 02:49:41.879  3038  3060 I native-activity: Swap 18 time is 2.730ms
04-11 02:49:41.879  3038  3060 I native-activity: Animating
04-11 02:49:41.879  3038  3060 I native-activity: Frame 19 GL error is 0x0
04-11 02:49:41.879  3038  3060 I native-activity: Frame 19 time is 0.320ms
04-11 02:49:41.879  3038  3060 I native-activity: Doing egl_swapbuffers_sync 1
04-11 02:49:41.879  3038  3060 D native-activity: Reading pixels format 0x1908 type 0x1401 bpp 4
04-11 02:49:41.889  3038  3060 I native-activity: Read pixels, GL error is 0x0
04-11 02:49:41.889  3038  3060 I native-activity: Swap 19 time is 2.567ms
04-11 02:49:41.889  3038  3060 I native-activity: Animating
04-11 02:49:41.889  3038  3060 I native-activity: Frame 20 GL error is 0x0
04-11 02:49:41.889  3038  3060 I native-activity: Frame 20 time is 0.308ms
04-11 02:49:41.889  3038  3060 I native-activity: Doing egl_swapbuffers_sync 1
04-11 02:49:41.889  3038  3060 D native-activity: Reading pixels format 0x1908 type 0x1401 bpp 4
04-11 02:49:41.889  3038  3060 I native-activity: Read pixels, GL error is 0x0
04-11 02:49:41.889  3038  3060 I native-activity: Swap 20 time is 2.780ms
04-11 02:49:41.889  3038  3060 I native-activity: Animating
04-11 02:49:41.889  3038  3060 I native-activity: Frame 21 GL error is 0x0
04-11 02:49:41.889  3038  3060 I native-activity: Frame 21 time is 0.294ms
04-11 02:49:41.889  3038  3060 I native-activity: Doing egl_swapbuffers_sync 1
04-11 02:49:41.889  3038  3060 D native-activity: Reading pixels format 0x1908 type 0x1401 bpp 4
04-11 02:49:41.889  3038  3060 I native-activity: Read pixels, GL error is 0x0
04-11 02:49:41.889  3038  3060 I native-activity: Swap 21 time is 2.708ms
04-11 02:49:41.889  3038  3060 I native-activity: Animating
04-11 02:49:41.889  3038  3060 I native-activity: Frame 22 GL error is 0x0
04-11 02:49:41.889  3038  3060 I native-activity: Frame 22 time is 0.271ms
04-11 02:49:41.889  3038  3060 I native-activity: Doing egl_swapbuffers_sync 1
04-11 02:49:41.889  3038  3060 D native-activity: Reading pixels format 0x1908 type 0x1401 bpp 4
04-11 02:49:41.889  3038  3060 I native-activity: Read pixels, GL error is 0x0
04-11 02:49:41.889  3038  3060 I native-activity: Swap 22 time is 2.551ms
04-11 02:49:41.889  3038  3060 I native-activity: Animating
04-11 02:49:41.889  3038  3060 I native-activity: Frame 23 GL error is 0x0
04-11 02:49:41.889  3038  3060 I native-activity: Frame 23 time is 0.393ms
04-11 02:49:41.889  3038  3060 I native-activity: Doing egl_swapbuffers_sync 1
04-11 02:49:41.889  3038  3060 D native-activity: Reading pixels format 0x1908 type 0x1401 bpp 4
04-11 02:49:41.899  3038  3060 I native-activity: Read pixels, GL error is 0x0
04-11 02:49:41.899  3038  3060 I native-activity: Swap 23 time is 2.964ms
04-11 02:49:41.899  3038  3060 I native-activity: Animating
04-11 02:49:41.899  3038  3060 I native-activity: Frame 24 GL error is 0x0
04-11 02:49:41.899  3038  3060 I native-activity: Frame 24 time is 0.314ms
04-11 02:49:41.899  3038  3060 I native-activity: Doing egl_swapbuffers_sync 1
04-11 02:49:41.899  3038  3060 D native-activity: Reading pixels format 0x1908 type 0x1401 bpp 4
04-11 02:49:41.899  3038  3060 I native-activity: Read pixels, GL error is 0x0
04-11 02:49:41.899  3038  3060 I native-activity: Swap 24 time is 3.272ms
04-11 02:49:41.899  3038  3060 I native-activity: Animating
04-11 02:49:41.899  3038  3060 I native-activity: Frame 25 GL error is 0x0
04-11 02:49:41.899  3038  3060 I native-activity: Frame 25 time is 0.338ms
04-11 02:49:41.899  3038  3060 I native-activity: Doing egl_swapbuffers_sync 1
04-11 02:49:41.899  3038  3060 D native-activity: Reading pixels format 0x1908 type 0x1401 bpp 4
04-11 02:49:41.899  3038  3060 I native-activity: Read pixels, GL error is 0x0
04-11 02:49:41.899  3038  3060 I native-activity: Swap 25 time is 3.019ms
04-11 02:49:41.899  3038  3060 I native-activity: Animating
04-11 02:49:41.899  3038  3060 I native-activity: Frame 26 GL error is 0x0
04-11 02:49:41.899  3038  3060 I native-activity: Frame 26 time is 0.409ms
04-11 02:49:41.899  3038  3060 I native-activity: Doing egl_swapbuffers_sync 1
04-11 02:49:41.899  3038  3060 D native-activity: Reading pixels format 0x1908 type 0x1401 bpp 4
04-11 02:49:41.899  1434  1612 D CustomFrequencyManagerService: releaseDVFSLockLocked : Getting Lock type frm List : DVFS_MIN_LIMIT  frequency : 1555200  uid : 1000  pid : 1434  tag : ACTIVITY_RESUME_BOOSTER@14
04-11 02:49:41.909  1434  1612 I Timeline: Timeline: Activity_windows_visible id: ActivityRecord{6cb5738 u0 com.example.sonicdash_stage1/android.app.NativeActivity t1410} time:135927520
04-11 02:49:41.909  3038  3060 I native-activity: Read pixels, GL error is 0x0
04-11 02:49:41.909  3038  3060 I native-activity: Swap 26 time is 2.934ms
04-11 02:49:41.909  3038  3060 I native-activity: Animating
04-11 02:49:41.909  3038  3060 I native-activity: Frame 27 GL error is 0x0
04-11 02:49:41.909  3038  3060 I native-activity: Frame 27 time is 0.583ms
04-11 02:49:41.909  3038  3060 I native-activity: Doing egl_swapbuffers_sync 1
04-11 02:49:41.909  3038  3060 D native-activity: Reading pixels format 0x1908 type 0x1401 bpp 4
04-11 02:49:41.909  3038  3060 I native-activity: Read pixels, GL error is 0x0
04-11 02:49:41.909  3038  3060 I native-activity: Swap 27 time is 3.448ms
04-11 02:49:41.909  3038  3060 I native-activity: Animating
04-11 02:49:41.909  3038  3060 I native-activity: Frame 28 GL error is 0x0
04-11 02:49:41.909  3038  3060 I native-activity: Frame 28 time is 0.352ms
04-11 02:49:41.909  3038  3060 I native-activity: Doing egl_swapbuffers_sync 1
04-11 02:49:41.909  3038  3060 D native-activity: Reading pixels format 0x1908 type 0x1401 bpp 4
04-11 02:49:41.909  2590  2590 D Launcher.HomeView: onStop
04-11 02:49:41.909  2590  2590 D capture : ----destroy
04-11 02:49:41.909  3038  3060 I native-activity: Read pixels, GL error is 0x0
04-11 02:49:41.909  3038  3060 I native-activity: Swap 28 time is 3.535ms
04-11 02:49:41.909  3038  3060 I native-activity: Animating
04-11 02:49:41.909  3038  3060 I native-activity: Frame 29 GL error is 0x0
04-11 02:49:41.909  3038  3060 I native-activity: Frame 29 time is 0.475ms
04-11 02:49:41.909  3038  3060 I native-activity: Doing egl_swapbuffers_sync 1
04-11 02:49:41.909  3038  3060 D native-activity: Reading pixels format 0x1908 type 0x1401 bpp 4
04-11 02:49:41.909  1434  1612 D ActivityManager: mDVFSHelper.release()
04-11 02:49:41.919  3038  3060 I native-activity: Read pixels, GL error is 0x0
04-11 02:49:41.919  3038  3060 I native-activity: Swap 29 time is 2.872ms
04-11 02:49:41.919  3038  3060 I native-activity: Animating
04-11 02:49:41.919  3038  3060 I native-activity: Frame 30 GL error is 0x0
04-11 02:49:41.919  3038  3060 I native-activity: Frame 30 time is 0.465ms
04-11 02:49:41.919  3038  3060 I native-activity: Doing egl_swapbuffers_sync 1
04-11 02:49:41.919  3038  3060 D native-activity: Reading pixels format 0x1908 type 0x1401 bpp 4
04-11 02:49:41.919  1434  1612 D KnoxTimeoutHandler: notifyActivityDrawn [MsgParam] userId: 0 fullscreen is true showWhenlocked is false
04-11 02:49:41.919  1434  1434 D KnoxTimeoutHandler: activityDrawn [MsgParam] userId: 0 fullscreen is true showWhenlocked is false
04-11 02:49:41.919  1434  1434 I KnoxTimeoutHandler: SD activityfalse
04-11 02:49:41.919  3038  3060 I native-activity: Read pixels, GL error is 0x0
04-11 02:49:41.919  3038  3060 I native-activity: Swap 30 time is 3.114ms
04-11 02:49:41.919  3038  3060 I native-activity: Animating
04-11 02:49:41.919  3038  3060 I native-activity: Frame 31 GL error is 0x0
04-11 02:49:41.919  3038  3060 I native-activity: Frame 31 time is 5.154ms
04-11 02:49:41.919  3038  3060 I native-activity: Doing egl_swapbuffers_sync 1
04-11 02:49:41.919  3038  3060 D native-activity: Reading pixels format 0x1908 type 0x1401 bpp 4
04-11 02:49:41.919   648   680 I SurfaceFlinger: id=3053 Removed tonicdash_s (6/11)
04-11 02:49:41.919  2590  2590 V ActivityThread: updateVisibility : ActivityRecord{46ba7e token=android.os.BinderProxy@15e180a {com.sec.android.app.launcher/com.sec.android.app.launcher.activities.LauncherActivity}} show : false
04-11 02:49:41.919  1434  2164 D NetworkPolicy: isUidForegroundLocked: 10078, mScreenOn: true, uidstate: 3, mProxSensorScreenOff: false
04-11 02:49:41.919  1434  1531 D CustomFrequencyManagerService: acquireDVFSLockLocked : type : DVFS_MIN_LIMIT  frequency : 1555200  uid : 1000  pid : 1434  pkgName : ACTIVITY_RESUME_BOOSTER@20
04-11 02:49:41.929  2590  2590 D Launcher: onTrimMemory. Level: 20
04-11 02:49:41.929   648  3737 I SurfaceFlinger: id=3053 Removed tonicdash_s (-2/11)
04-11 02:49:41.929  3038  3060 I native-activity: Read pixels, GL error is 0x0
04-11 02:49:41.929  3038  3060 I native-activity: Swap 31 time is 7.519ms
04-11 02:49:41.929  3038  3060 I native-activity: Animating
04-11 02:49:41.929   648   648 D libEGL  : eglTerminate EGLDisplay = 0x7ff9c80278
04-11 02:49:41.939  1434  2219 I MdnieScenarioControlService: mGameModeLauncher : false
04-11 02:49:41.939  1434  2219 I MdnieScenarioControlService: setUIMode
04-11 02:49:41.949  3038  3060 I native-activity: Frame 32 GL error is 0x0
04-11 02:49:41.949  3038  3060 I native-activity: Frame 32 time is 25.678ms
04-11 02:49:41.949  3038  3060 I native-activity: Doing egl_swapbuffers_sync 1
04-11 02:49:41.949  3038  3060 D native-activity: Reading pixels format 0x1908 type 0x1401 bpp 4
04-11 02:49:41.959  3038  3060 I native-activity: Read pixels, GL error is 0x0
04-11 02:49:41.959  3038  3060 I native-activity: Swap 32 time is 28.015ms
04-11 02:49:41.959  3038  3060 I native-activity: Animating
04-11 02:49:41.969   648  3737 I SurfaceFlinger: id=3052 Removed MauncherAct (3/10)
04-11 02:49:41.969   648   670 I SurfaceFlinger: id=3052 Removed MauncherAct (-2/10)
04-11 02:49:41.969  3038  3060 I native-activity: Frame 33 GL error is 0x0
04-11 02:49:41.969  3038  3060 I native-activity: Frame 33 time is 15.829ms
04-11 02:49:41.969  3038  3060 I native-activity: Doing egl_swapbuffers_sync 1
04-11 02:49:41.969  3038  3060 D native-activity: Reading pixels format 0x1908 type 0x1401 bpp 4
04-11 02:49:41.969 30475 30475 D ImageWallpaper: onVisibilityChanged:false
04-11 02:49:41.969 30475 30475 D ImageWallpaper: drawFrame
04-11 02:49:41.969 30475 30475 D ImageWallpaper: drawFrame:false rotation:0 mLastRotation:0
04-11 02:49:41.969 30475 30475 D ImageWallpaper: drawFrame:[frame.width()]2240[frame.height()]2560
04-11 02:49:41.969 30475 30475 D ImageWallpaper: Suppressed drawFrame since redraw is not needed and offsets have not changed.
04-11 02:49:41.969  3038  3060 I native-activity: Read pixels, GL error is 0x0
04-11 02:49:41.969  3038  3060 I native-activity: Swap 33 time is 18.200ms
04-11 02:49:41.969  3038  3060 I native-activity: Animating
04-11 02:49:41.979   648   648 D libEGL  : eglTerminate EGLDisplay = 0x7ff9c80278
04-11 02:49:42.039  3038  3060 I native-activity: Frame 34 GL error is 0x0
04-11 02:49:42.039  3038  3060 I native-activity: Frame 34 time is 69.773ms
04-11 02:49:42.039  3038  3060 I native-activity: Doing egl_swapbuffers_sync 1
04-11 02:49:42.039  3038  3060 D native-activity: Reading pixels format 0x1908 type 0x1401 bpp 4
04-11 02:49:42.049  3038  3060 I native-activity: Read pixels, GL error is 0x0
04-11 02:49:42.049  3038  3060 I native-activity: Swap 34 time is 72.141ms
04-11 02:49:42.049  3038  3060 I native-activity: Animating
04-11 02:49:42.059  3038  3060 I native-activity: Frame 35 GL error is 0x0
04-11 02:49:42.059  3038  3060 I native-activity: Frame 35 time is 17.526ms
04-11 02:49:42.059  3038  3060 I native-activity: Doing egl_swapbuffers_sync 1
04-11 02:49:42.059  3038  3060 D native-activity: Reading pixels format 0x1908 type 0x1401 bpp 4
04-11 02:49:42.069  3038  3060 I native-activity: Read pixels, GL error is 0x0
04-11 02:49:42.069  3038  3060 I native-activity: Swap 35 time is 19.821ms
04-11 02:49:42.069  3038  3060 I native-activity: Animating
04-11 02:49:42.099  3038  3060 I native-activity: Frame 36 GL error is 0x501
04-11 02:49:42.099  3038  3060 I native-activity: Frame 36 time is 35.022ms
04-11 02:49:42.099  3038  3060 I native-activity: Doing egl_swapbuffers_sync 1
04-11 02:49:42.099  3038  3060 D native-activity: Reading pixels format 0x1908 type 0x1401 bpp 4
04-11 02:49:42.099  3038  3060 I native-activity: Read pixels, GL error is 0x0
04-11 02:49:42.099  3038  3060 I native-activity: Swap 36 time is 37.472ms
04-11 02:49:42.099  3038  3060 I native-activity: Animating
04-11 02:49:42.109  3038  3060 I native-activity: Frame 37 GL error is 0x501
04-11 02:49:42.109  3038  3060 I native-activity: Frame 37 time is 8.067ms
04-11 02:49:42.109  3038  3060 I native-activity: Doing egl_swapbuffers_sync 1
04-11 02:49:42.109  3038  3060 D native-activity: Reading pixels format 0x1908 type 0x1401 bpp 4
04-11 02:49:42.109  3038  3060 I native-activity: Read pixels, GL error is 0x0
04-11 02:49:42.109  3038  3060 I native-activity: Swap 37 time is 10.590ms
04-11 02:49:42.109  3038  3060 I native-activity: Animating
04-11 02:49:42.119  3038  3060 I native-activity: Frame 38 GL error is 0x501
04-11 02:49:42.119  3038  3060 I native-activity: Frame 38 time is 8.785ms
04-11 02:49:42.119  3038  3060 I native-activity: Doing egl_swapbuffers_sync 1
04-11 02:49:42.119  3038  3060 D native-activity: Reading pixels format 0x1908 type 0x1401 bpp 4
04-11 02:49:42.129  3038  3060 I native-activity: Read pixels, GL error is 0x0
04-11 02:49:42.129  3038  3060 I native-activity: Swap 38 time is 12.041ms
04-11 02:49:42.129  3038  3060 I native-activity: Animating
04-11 02:49:42.139  3038  3060 I native-activity: Frame 39 GL error is 0x0
04-11 02:49:42.139  3038  3060 I native-activity: Frame 39 time is 9.871ms
04-11 02:49:42.139  3038  3060 I native-activity: Doing egl_swapbuffers_sync 1
04-11 02:49:42.139  3038  3060 D native-activity: Reading pixels format 0x1908 type 0x1401 bpp 4
04-11 02:49:42.139  3038  3060 I native-activity: Read pixels, GL error is 0x0
04-11 02:49:42.139  3038  3060 I native-activity: Swap 39 time is 12.686ms
04-11 02:49:42.139  3038  3060 I native-activity: Animating
04-11 02:49:42.149  3038  3060 I native-activity: Frame 40 GL error is 0x0
04-11 02:49:42.149  3038  3060 I native-activity: Frame 40 time is 6.718ms
04-11 02:49:42.149  3038  3060 I native-activity: Doing egl_swapbuffers_sync 1
04-11 02:49:42.149  3038  3060 D native-activity: Reading pixels format 0x1908 type 0x1401 bpp 4
04-11 02:49:42.149  3038  3060 I native-activity: Read pixels, GL error is 0x0
04-11 02:49:42.149  3038  3060 I native-activity: Swap 40 time is 9.473ms
04-11 02:49:42.149  3038  3060 I native-activity: Animating
04-11 02:49:42.149  3038  3060 I native-activity: Frame 41 GL error is 0x0
04-11 02:49:42.149  3038  3060 I native-activity: Frame 41 time is 5.687ms
04-11 02:49:42.149  3038  3060 I native-activity: Doing egl_swapbuffers_sync 1
04-11 02:49:42.149  3038  3060 D native-activity: Reading pixels format 0x1908 type 0x1401 bpp 4
04-11 02:49:42.159  3038  3060 I native-activity: Read pixels, GL error is 0x0
04-11 02:49:42.159  3038  3060 I native-activity: Swap 41 time is 8.448ms
04-11 02:49:42.159  3038  3060 I native-activity: Animating
04-11 02:49:42.159  3038  3060 I native-activity: Frame 42 GL error is 0x0
04-11 02:49:42.159  3038  3060 I native-activity: Frame 42 time is 5.023ms
04-11 02:49:42.159  3038  3060 I native-activity: Doing egl_swapbuffers_sync 1
04-11 02:49:42.159  3038  3060 D native-activity: Reading pixels format 0x1908 type 0x1401 bpp 4
04-11 02:49:42.159  3038  3060 I native-activity: Read pixels, GL error is 0x0
04-11 02:49:42.159  3038  3060 I native-activity: Swap 42 time is 7.762ms
04-11 02:49:42.159  3038  3060 I native-activity: Animating
04-11 02:49:42.169  3038  3060 I native-activity: Frame 43 GL error is 0x0
04-11 02:49:42.169  3038  3060 I native-activity: Frame 43 time is 5.947ms
04-11 02:49:42.169  3038  3060 I native-activity: Doing egl_swapbuffers_sync 1
04-11 02:49:42.169  3038  3060 D native-activity: Reading pixels format 0x1908 type 0x1401 bpp 4
04-11 02:49:42.169  3038  3060 I native-activity: Read pixels, GL error is 0x0
04-11 02:49:42.169  3038  3060 I native-activity: Swap 43 time is 8.692ms
04-11 02:49:42.169  3038  3060 I native-activity: Animating
04-11 02:49:42.179  3038  3060 I native-activity: Frame 44 GL error is 0x0
04-11 02:49:42.179  3038  3060 I native-activity: Frame 44 time is 6.433ms
04-11 02:49:42.179  3038  3060 I native-activity: Doing egl_swapbuffers_sync 1
04-11 02:49:42.179  3038  3060 D native-activity: Reading pixels format 0x1908 type 0x1401 bpp 4
04-11 02:49:42.179  3038  3060 I native-activity: Read pixels, GL error is 0x0
04-11 02:49:42.179  3038  3060 I native-activity: Swap 44 time is 9.211ms
04-11 02:49:42.179  3038  3060 I native-activity: Animating
04-11 02:49:42.189  1434  2219 D MdnieScenarioControlService:  packageName : com.example.sonicdash_stage1    className : android.app.NativeActivity
04-11 02:49:42.199  3038  3060 I native-activity: Frame 45 GL error is 0x501
04-11 02:49:42.199  3038  3060 I native-activity: Frame 45 time is 14.117ms
04-11 02:49:42.199  3038  3060 I native-activity: Doing egl_swapbuffers_sync 1
04-11 02:49:42.199  3038  3060 D native-activity: Reading pixels format 0x1908 type 0x1401 bpp 4
04-11 02:49:42.199  3038  3060 I native-activity: Read pixels, GL error is 0x0
04-11 02:49:42.199  3038  3060 I native-activity: Swap 45 time is 18.174ms
04-11 02:49:42.199  3038  3060 I native-activity: Animating
04-11 02:49:42.209  3038  3060 I native-activity: Frame 46 GL error is 0x501
04-11 02:49:42.209  3038  3060 I native-activity: Frame 46 time is 7.916ms
04-11 02:49:42.209  3038  3060 I native-activity: Doing egl_swapbuffers_sync 1
04-11 02:49:42.209  3038  3060 D native-activity: Reading pixels format 0x1908 type 0x1401 bpp 4
04-11 02:49:42.209  3038  3060 I native-activity: Read pixels, GL error is 0x0
04-11 02:49:42.209  3038  3060 I native-activity: Swap 46 time is 10.666ms
04-11 02:49:42.209  3038  3060 I native-activity: Animating
04-11 02:49:42.219  3038  3060 I native-activity: Frame 47 GL error is 0x501
04-11 02:49:42.219  3038  3060 I native-activity: Frame 47 time is 6.196ms
04-11 02:49:42.219  3038  3060 I native-activity: Doing egl_swapbuffers_sync 1
04-11 02:49:42.219  3038  3060 D native-activity: Reading pixels format 0x1908 type 0x1401 bpp 4
04-11 02:49:42.219  3038  3060 I native-activity: Read pixels, GL error is 0x0
04-11 02:49:42.219  3038  3060 I native-activity: Swap 47 time is 8.953ms
04-11 02:49:42.219  1434  1434 D CustomFrequencyManagerService: releaseDVFSLockLocked : Getting Lock type frm List : DVFS_MIN_LIMIT  frequency : 1555200  uid : 1000  pid : 1434  tag : ACTIVITY_RESUME_BOOSTER@20
04-11 02:49:42.219  3038  3060 I native-activity: Animating
04-11 02:49:42.219  3038  3060 I native-activity: Frame 48 GL error is 0x0
04-11 02:49:42.219  3038  3060 I native-activity: Frame 48 time is 0.292ms
04-11 02:49:42.219  3038  3060 I native-activity: Doing egl_swapbuffers_sync 1
04-11 02:49:42.219  3038  3060 D native-activity: Reading pixels format 0x1908 type 0x1401 bpp 4
04-11 02:49:42.219  3038  3060 I native-activity: Read pixels, GL error is 0x0
04-11 02:49:42.219  3038  3060 I native-activity: Swap 48 time is 4.009ms
04-11 02:49:42.219  3038  3060 I native-activity: Animating
04-11 02:49:42.229  3038  3060 I native-activity: Frame 49 GL error is 0x0
04-11 02:49:42.229  3038  3060 I native-activity: Frame 49 time is 0.854ms
04-11 02:49:42.229  3038  3060 I native-activity: Doing egl_swapbuffers_sync 1
04-11 02:49:42.229  3038  3060 D native-activity: Reading pixels format 0x1908 type 0x1401 bpp 4
04-11 02:49:42.229  3038  3060 I native-activity: Read pixels, GL error is 0x0
04-11 02:49:42.229  3038  3060 I native-activity: Swap 49 time is 4.525ms
04-11 02:49:42.229  3038  3060 I native-activity: Animating
04-11 02:49:42.229  3038  3060 I native-activity: Frame 50 GL error is 0x0
04-11 02:49:42.229  3038  3060 I native-activity: Frame 50 time is 0.464ms
04-11 02:49:42.229  3038  3060 I native-activity: Doing egl_swapbuffers_sync 1
04-11 02:49:42.229  3038  3060 D native-activity: Reading pixels format 0x1908 type 0x1401 bpp 4
04-11 02:49:42.229  3038  3060 I native-activity: Read pixels, GL error is 0x0
04-11 02:49:42.229  3038  3060 I native-activity: Swap 50 time is 3.859ms
04-11 02:49:42.229  3038  3060 I native-activity: Animating
04-11 02:49:42.229  3038  3060 I native-activity: Frame 51 GL error is 0x0
04-11 02:49:42.229  3038  3060 I native-activity: Frame 51 time is 0.489ms
04-11 02:49:42.229  3038  3060 I native-activity: Doing egl_swapbuffers_sync 1
04-11 02:49:42.229  3038  3060 D native-activity: Reading pixels format 0x1908 type 0x1401 bpp 4
04-11 02:49:42.239  3038  3060 I native-activity: Read pixels, GL error is 0x0
04-11 02:49:42.239  3038  3060 I native-activity: Swap 51 time is 4.193ms
04-11 02:49:42.239  3038  3060 I native-activity: Animating
04-11 02:49:42.239  3038  3060 I native-activity: Frame 52 GL error is 0x0
04-11 02:49:42.239  3038  3060 I native-activity: Frame 52 time is 0.423ms
04-11 02:49:42.239  3038  3060 I native-activity: Doing egl_swapbuffers_sync 1
04-11 02:49:42.239  3038  3060 D native-activity: Reading pixels format 0x1908 type 0x1401 bpp 4
04-11 02:49:42.239  3038  3060 I native-activity: Read pixels, GL error is 0x0
04-11 02:49:42.239  3038  3060 I native-activity: Swap 52 time is 4.052ms
04-11 02:49:42.239  3038  3060 I native-activity: Animating
04-11 02:49:42.239  3038  3060 I native-activity: Frame 53 GL error is 0x0
04-11 02:49:42.239  3038  3060 I native-activity: Frame 53 time is 0.400ms
04-11 02:49:42.239  3038  3060 I native-activity: Doing egl_swapbuffers_sync 1
04-11 02:49:42.239  3038  3060 D native-activity: Reading pixels format 0x1908 type 0x1401 bpp 4
04-11 02:49:42.249  3038  3060 I native-activity: Read pixels, GL error is 0x0
04-11 02:49:42.249  3038  3060 I native-activity: Swap 53 time is 3.916ms
04-11 02:49:42.249  3038  3060 I native-activity: Animating
04-11 02:49:42.249  3038  3060 I native-activity: Frame 54 GL error is 0x0
04-11 02:49:42.249  3038  3060 I native-activity: Frame 54 time is 0.407ms
04-11 02:49:42.249  3038  3060 I native-activity: Doing egl_swapbuffers_sync 1
04-11 02:49:42.249  3038  3060 D native-activity: Reading pixels format 0x1908 type 0x1401 bpp 4
04-11 02:49:42.249  3038  3060 I native-activity: Read pixels, GL error is 0x0
04-11 02:49:42.249  3038  3060 I native-activity: Swap 54 time is 3.939ms
04-11 02:49:42.249  3038  3060 I native-activity: Animating
04-11 02:49:42.249  3038  3060 I native-activity: Frame 55 GL error is 0x0
04-11 02:49:42.249  3038  3060 I native-activity: Frame 55 time is 0.557ms
04-11 02:49:42.249  3038  3060 I native-activity: Doing egl_swapbuffers_sync 1
04-11 02:49:42.249  3038  3060 D native-activity: Reading pixels format 0x1908 type 0x1401 bpp 4
04-11 02:49:42.249  3038  3060 I native-activity: Read pixels, GL error is 0x0
04-11 02:49:42.249  3038  3060 I native-activity: Swap 55 time is 4.013ms
04-11 02:49:42.249  3038  3060 I native-activity: Animating
04-11 02:49:42.249  3038  3060 I native-activity: Frame 56 GL error is 0x0
04-11 02:49:42.249  3038  3060 I native-activity: Frame 56 time is 0.671ms
04-11 02:49:42.249  3038  3060 I native-activity: Doing egl_swapbuffers_sync 1
04-11 02:49:42.249  3038  3060 D native-activity: Reading pixels format 0x1908 type 0x1401 bpp 4
04-11 02:49:42.259  3038  3060 I native-activity: Read pixels, GL error is 0x0
04-11 02:49:42.259  3038  3060 I native-activity: Swap 56 time is 4.272ms
04-11 02:49:42.259  3038  3060 I native-activity: Animating
04-11 02:49:42.259  3038  3060 I native-activity: Frame 57 GL error is 0x0
04-11 02:49:42.259  3038  3060 I native-activity: Frame 57 time is 0.530ms
04-11 02:49:42.259  3038  3060 I native-activity: Doing egl_swapbuffers_sync 1
04-11 02:49:42.259  3038  3060 D native-activity: Reading pixels format 0x1908 type 0x1401 bpp 4
04-11 02:49:42.259  3038  3060 I native-activity: Read pixels, GL error is 0x0
04-11 02:49:42.259  3038  3060 I native-activity: Swap 57 time is 4.253ms
04-11 02:49:42.259  3038  3060 I native-activity: Animating
04-11 02:49:42.259  3038  3060 I native-activity: Frame 58 GL error is 0x0
04-11 02:49:42.259  3038  3060 I native-activity: Frame 58 time is 0.745ms
04-11 02:49:42.259  3038  3060 I native-activity: Doing egl_swapbuffers_sync 1
04-11 02:49:42.259  3038  3060 D native-activity: Reading pixels format 0x1908 type 0x1401 bpp 4
04-11 02:49:42.269  3038  3060 I native-activity: Read pixels, GL error is 0x0
04-11 02:49:42.269  3038  3060 I native-activity: Swap 58 time is 4.232ms
04-11 02:49:42.269  3038  3060 I native-activity: Animating
04-11 02:49:42.269  3038  3060 I native-activity: Frame 59 GL error is 0x0
04-11 02:49:42.269  3038  3060 I native-activity: Frame 59 time is 0.465ms
04-11 02:49:42.269  3038  3060 I native-activity: Doing egl_swapbuffers_sync 1
04-11 02:49:42.269  3038  3060 D native-activity: Reading pixels format 0x1908 type 0x1401 bpp 4
04-11 02:49:42.269  3038  3060 I native-activity: Read pixels, GL error is 0x0
04-11 02:49:42.269  3038  3060 I native-activity: Swap 59 time is 4.973ms
04-11 02:49:42.269  3038  3060 I native-activity: Animating
04-11 02:49:42.269  3038  3060 I native-activity: Frame 60 GL error is 0x0
04-11 02:49:42.269  3038  3060 I native-activity: Frame 60 time is 0.648ms
04-11 02:49:42.269  3038  3060 I native-activity: Doing egl_swapbuffers_sync 1
04-11 02:49:42.269  3038  3060 D native-activity: Reading pixels format 0x1908 type 0x1401 bpp 4
04-11 02:49:42.279  3038  3060 I native-activity: Read pixels, GL error is 0x0
04-11 02:49:42.279  3038  3060 I native-activity: Swap 60 time is 5.260ms
04-11 02:49:42.279  3038  3060 I native-activity: Animating
04-11 02:49:42.279  3038  3060 I native-activity: Frame 61 GL error is 0x0
04-11 02:49:42.279  3038  3060 I native-activity: Frame 61 time is 0.675ms
04-11 02:49:42.279  3038  3060 I native-activity: Doing egl_swapbuffers_sync 1
04-11 02:49:42.279  3038  3060 D native-activity: Reading pixels format 0x1908 type 0x1401 bpp 4
04-11 02:49:42.279  3038  3060 I native-activity: Read pixels, GL error is 0x0
04-11 02:49:42.279  3038  3060 I native-activity: Swap 61 time is 5.072ms
04-11 02:49:42.279  3038  3060 I native-activity: Animating
04-11 02:49:42.279  3038  3060 I native-activity: Frame 62 GL error is 0x0
04-11 02:49:42.279  3038  3060 I native-activity: Frame 62 time is 0.652ms
04-11 02:49:42.279  3038  3060 I native-activity: Doing egl_swapbuffers_sync 1
04-11 02:49:42.279  3038  3060 D native-activity: Reading pixels format 0x1908 type 0x1401 bpp 4
04-11 02:49:42.289  3038  3060 I native-activity: Read pixels, GL error is 0x0
04-11 02:49:42.289  3038  3060 I native-activity: Swap 62 time is 5.130ms
04-11 02:49:42.289  3038  3060 I native-activity: Animating
04-11 02:49:42.289  3038  3060 I native-activity: Frame 63 GL error is 0x0
04-11 02:49:42.289  3038  3060 I native-activity: Frame 63 time is 0.809ms
04-11 02:49:42.289  3038  3060 I native-activity: Doing egl_swapbuffers_sync 1
04-11 02:49:42.289  3038  3060 D native-activity: Reading pixels format 0x1908 type 0x1401 bpp 4
04-11 02:49:42.289  1434  2219 I MdnieScenarioControlService: mGameModeLauncher : false
04-11 02:49:42.289  3038  3060 I native-activity: Read pixels, GL error is 0x0
04-11 02:49:42.289  3038  3060 I native-activity: Swap 63 time is 5.625ms
04-11 02:49:42.289  3038  3060 I native-activity: Animating
04-11 02:49:42.289  3038  3060 I native-activity: Frame 64 GL error is 0x0
04-11 02:49:42.289  3038  3060 I native-activity: Frame 64 time is 0.874ms
04-11 02:49:42.289  3038  3060 I native-activity: Doing egl_swapbuffers_sync 1
04-11 02:49:42.289  3038  3060 D native-activity: Reading pixels format 0x1908 type 0x1401 bpp 4
04-11 02:49:42.299  1434  2219 I MdnieScenarioControlService: setUIMode
04-11 02:49:42.299  3038  3060 I native-activity: Read pixels, GL error is 0x0
04-11 02:49:42.299  3038  3060 I native-activity: Swap 64 time is 5.511ms
04-11 02:49:42.299  3038  3060 I native-activity: Animating
04-11 02:49:42.299  3038  3060 I native-activity: Frame 65 GL error is 0x0
04-11 02:49:42.299  3038  3060 I native-activity: Frame 65 time is 0.857ms
04-11 02:49:42.299  3038  3060 I native-activity: Doing egl_swapbuffers_sync 1
04-11 02:49:42.299  3038  3060 D native-activity: Reading pixels format 0x1908 type 0x1401 bpp 4
04-11 02:49:42.299  3038  3060 I native-activity: Read pixels, GL error is 0x0
04-11 02:49:42.299  3038  3060 I native-activity: Swap 65 time is 5.394ms
04-11 02:49:42.299  3038  3060 I native-activity: Animating
04-11 02:49:42.309  3038  3060 I native-activity: Frame 66 GL error is 0x0
04-11 02:49:42.309  3038  3060 I native-activity: Frame 66 time is 0.742ms
04-11 02:49:42.309  3038  3060 I native-activity: Doing egl_swapbuffers_sync 1
04-11 02:49:42.309  3038  3060 D native-activity: Reading pixels format 0x1908 type 0x1401 bpp 4
04-11 02:49:42.309  3038  3060 I native-activity: Read pixels, GL error is 0x0
04-11 02:49:42.309  3038  3060 I native-activity: Swap 66 time is 5.446ms
04-11 02:49:42.309  3038  3060 I native-activity: Animating
04-11 02:49:42.309  3038  3060 I native-activity: Frame 67 GL error is 0x0
04-11 02:49:42.309  3038  3060 I native-activity: Frame 67 time is 0.990ms
04-11 02:49:42.309  3038  3060 I native-activity: Doing egl_swapbuffers_sync 1
04-11 02:49:42.309  3038  3060 D native-activity: Reading pixels format 0x1908 type 0x1401 bpp 4
04-11 02:49:42.319  3038  3060 I native-activity: Read pixels, GL error is 0x0
04-11 02:49:42.319  3038  3060 I native-activity: Swap 67 time is 6.564ms
04-11 02:49:42.319  3038  3060 I native-activity: Animating
04-11 02:49:42.319  3038  3060 I native-activity: Frame 68 GL error is 0x0
04-11 02:49:42.319  3038  3060 I native-activity: Frame 68 time is 0.789ms
04-11 02:49:42.319  3038  3060 I native-activity: Doing egl_swapbuffers_sync 1
04-11 02:49:42.319  3038  3060 D native-activity: Reading pixels format 0x1908 type 0x1401 bpp 4
04-11 02:49:42.319  3038  3060 I native-activity: Read pixels, GL error is 0x0
04-11 02:49:42.319  3038  3060 I native-activity: Swap 68 time is 6.049ms
04-11 02:49:42.319  3038  3060 I native-activity: Animating
04-11 02:49:42.319  3038  3060 I native-activity: Frame 69 GL error is 0x0
04-11 02:49:42.319  3038  3060 I native-activity: Frame 69 time is 0.778ms
04-11 02:49:42.319  3038  3060 I native-activity: Doing egl_swapbuffers_sync 1
04-11 02:49:42.319  3038  3060 D native-activity: Reading pixels format 0x1908 type 0x1401 bpp 4
04-11 02:49:42.329  3038  3060 I native-activity: Read pixels, GL error is 0x0
04-11 02:49:42.329  3038  3060 I native-activity: Swap 69 time is 6.188ms
04-11 02:49:42.329  3038  3060 I native-activity: Animating
04-11 02:49:42.329  3038  3060 I native-activity: Frame 70 GL error is 0x0
04-11 02:49:42.329  3038  3060 I native-activity: Frame 70 time is 0.920ms
04-11 02:49:42.329  3038  3060 I native-activity: Doing egl_swapbuffers_sync 1
04-11 02:49:42.329  3038  3060 D native-activity: Reading pixels format 0x1908 type 0x1401 bpp 4
04-11 02:49:42.329  3038  3060 I native-activity: Read pixels, GL error is 0x0
04-11 02:49:42.339  3038  3060 I native-activity: Swap 70 time is 5.403ms
04-11 02:49:42.339  3038  3060 I native-activity: Animating
04-11 02:49:42.339  3038  3060 I native-activity: Frame 71 GL error is 0x0
04-11 02:49:42.339  3038  3060 I native-activity: Frame 71 time is 0.714ms
04-11 02:49:42.339  3038  3060 I native-activity: Doing egl_swapbuffers_sync 1
04-11 02:49:42.339  3038  3060 D native-activity: Reading pixels format 0x1908 type 0x1401 bpp 4
04-11 02:49:42.339  3038  3060 I native-activity: Read pixels, GL error is 0x0
04-11 02:49:42.339  3038  3060 I native-activity: Swap 71 time is 5.694ms
04-11 02:49:42.339  3038  3060 I native-activity: Animating
04-11 02:49:42.339  3038  3060 I native-activity: Frame 72 GL error is 0x0
04-11 02:49:42.339  3038  3060 I native-activity: Frame 72 time is 0.857ms
04-11 02:49:42.339  3038  3060 I native-activity: Doing egl_swapbuffers_sync 1
04-11 02:49:42.339  3038  3060 D native-activity: Reading pixels format 0x1908 type 0x1401 bpp 4
04-11 02:49:42.349  3038  3060 I native-activity: Read pixels, GL error is 0x0
04-11 02:49:42.349  3038  3060 I native-activity: Swap 72 time is 8.960ms
04-11 02:49:42.349  3038  3060 I native-activity: Animating
04-11 02:49:42.349  3038  3060 I native-activity: Frame 73 GL error is 0x0
04-11 02:49:42.349  3038  3060 I native-activity: Frame 73 time is 1.750ms
04-11 02:49:42.349  3038  3060 I native-activity: Doing egl_swapbuffers_sync 1
04-11 02:49:42.349  3038  3060 D native-activity: Reading pixels format 0x1908 type 0x1401 bpp 4
04-11 02:49:42.359  3038  3060 I native-activity: Read pixels, GL error is 0x0
04-11 02:49:42.359  3038  3060 I native-activity: Swap 73 time is 6.827ms
04-11 02:49:42.359  3038  3060 I native-activity: Animating
04-11 02:49:42.359  3038  3060 I native-activity: Frame 74 GL error is 0x0
04-11 02:49:42.359  3038  3060 I native-activity: Frame 74 time is 1.543ms
04-11 02:49:42.359  3038  3060 I native-activity: Doing egl_swapbuffers_sync 1
04-11 02:49:42.359  3038  3060 D native-activity: Reading pixels format 0x1908 type 0x1401 bpp 4
04-11 02:49:42.359  3038  3060 I native-activity: Read pixels, GL error is 0x0
04-11 02:49:42.359  3038  3060 I native-activity: Swap 74 time is 6.374ms
04-11 02:49:42.359  3038  3060 I native-activity: Animating
04-11 02:49:42.369  3038  3060 I native-activity: Frame 75 GL error is 0x0
04-11 02:49:42.369  3038  3060 I native-activity: Frame 75 time is 1.729ms
04-11 02:49:42.369  3038  3060 I native-activity: Doing egl_swapbuffers_sync 1
04-11 02:49:42.369  3038  3060 D native-activity: Reading pixels format 0x1908 type 0x1401 bpp 4
04-11 02:49:42.369  3038  3060 I native-activity: Read pixels, GL error is 0x0
04-11 02:49:42.369  3038  3060 I native-activity: Swap 75 time is 6.779ms
04-11 02:49:42.369  3038  3060 I native-activity: Animating
04-11 02:49:42.369  3038  3060 I native-activity: Frame 76 GL error is 0x0
04-11 02:49:42.369  3038  3060 I native-activity: Frame 76 time is 0.822ms
04-11 02:49:42.369  3038  3060 I native-activity: Doing egl_swapbuffers_sync 1
04-11 02:49:42.369  3038  3060 D native-activity: Reading pixels format 0x1908 type 0x1401 bpp 4
04-11 02:49:42.379  3038  3060 I native-activity: Read pixels, GL error is 0x0
04-11 02:49:42.379  3038  3060 I native-activity: Swap 76 time is 6.441ms
04-11 02:49:42.379  3038  3060 I native-activity: Animating
04-11 02:49:42.379  3038  3060 I native-activity: Frame 77 GL error is 0x0
04-11 02:49:42.379  3038  3060 I native-activity: Frame 77 time is 1.283ms
04-11 02:49:42.379  3038  3060 I native-activity: Doing egl_swapbuffers_sync 1
04-11 02:49:42.379  3038  3060 D native-activity: Reading pixels format 0x1908 type 0x1401 bpp 4
04-11 02:49:42.389  3038  3060 I native-activity: Read pixels, GL error is 0x0
04-11 02:49:42.389  3038  3060 I native-activity: Swap 77 time is 7.956ms
04-11 02:49:42.389  3038  3060 I native-activity: Animating
04-11 02:49:42.389  3038  3060 I native-activity: Frame 78 GL error is 0x0
04-11 02:49:42.389  3038  3060 I native-activity: Frame 78 time is 1.111ms
04-11 02:49:42.389  3038  3060 I native-activity: Doing egl_swapbuffers_sync 1
04-11 02:49:42.389  3038  3060 D native-activity: Reading pixels format 0x1908 type 0x1401 bpp 4
04-11 02:49:42.389  3038  3060 I native-activity: Read pixels, GL error is 0x0
04-11 02:49:42.389  3038  3060 I native-activity: Swap 78 time is 6.679ms
04-11 02:49:42.389  3038  3060 I native-activity: Animating
04-11 02:49:42.389  3038  3060 I native-activity: Frame 79 GL error is 0x0
04-11 02:49:42.389  3038  3060 I native-activity: Frame 79 time is 1.103ms
04-11 02:49:42.389  3038  3060 I native-activity: Doing egl_swapbuffers_sync 1
04-11 02:49:42.389  3038  3060 D native-activity: Reading pixels format 0x1908 type 0x1401 bpp 4
04-11 02:49:42.399  3038  3060 I native-activity: Read pixels, GL error is 0x0
04-11 02:49:42.399  3038  3060 I native-activity: Swap 79 time is 6.593ms
04-11 02:49:42.399  3038  3060 I native-activity: Animating
04-11 02:49:42.399  3038  3060 I native-activity: Frame 80 GL error is 0x0
04-11 02:49:42.399  3038  3060 I native-activity: Frame 80 time is 1.231ms
04-11 02:49:42.399  3038  3060 I native-activity: Doing egl_swapbuffers_sync 1
04-11 02:49:42.399  3038  3060 D native-activity: Reading pixels format 0x1908 type 0x1401 bpp 4
04-11 02:49:42.409  3038  3060 I native-activity: Read pixels, GL error is 0x0
04-11 02:49:42.409  3038  3060 I native-activity: Swap 80 time is 6.645ms
04-11 02:49:42.409  3038  3060 I native-activity: Animating
04-11 02:49:42.409  3038  3060 I native-activity: Frame 81 GL error is 0x0
04-11 02:49:42.409  3038  3060 I native-activity: Frame 81 time is 1.131ms
04-11 02:49:42.409  3038  3060 I native-activity: Doing egl_swapbuffers_sync 1
04-11 02:49:42.409  3038  3060 D native-activity: Reading pixels format 0x1908 type 0x1401 bpp 4
04-11 02:49:42.409  3038  3060 I native-activity: Read pixels, GL error is 0x0
04-11 02:49:42.409  3038  3060 I native-activity: Swap 81 time is 7.140ms
04-11 02:49:42.409  3038  3060 I native-activity: Animating
04-11 02:49:42.409  3038  3060 I native-activity: Frame 82 GL error is 0x0
04-11 02:49:42.409  3038  3060 I native-activity: Frame 82 time is 0.964ms
04-11 02:49:42.409  3038  3060 I native-activity: Doing egl_swapbuffers_sync 1
04-11 02:49:42.409  3038  3060 D native-activity: Reading pixels format 0x1908 type 0x1401 bpp 4
04-11 02:49:42.419  3038  3060 I native-activity: Read pixels, GL error is 0x0
04-11 02:49:42.419  3038  3060 I native-activity: Swap 82 time is 6.390ms
04-11 02:49:42.419  3038  3060 I native-activity: Animating
