04-11 02:50:23.299  3196  3211 I native-activity: Frame 630 time is 14.869ms
04-11 02:50:23.309  3196  3211 I native-activity: Swap 630 time is 25.832ms
04-11 02:50:23.309  3196  3211 I native-activity: Animating
04-11 02:50:23.329  3196  3211 I native-activity: Frame 631 GL error is 0x0
04-11 02:50:23.329  3196  3211 I native-activity: Frame 631 time is 15.785ms
04-11 02:50:23.339  3196  3211 I native-activity: Swap 631 time is 28.377ms
04-11 02:50:23.339  3196  3211 I native-activity: Animating
04-11 02:50:23.359  3196  3211 I native-activity: Frame 632 GL error is 0x0
04-11 02:50:23.359  3196  3211 I native-activity: Frame 632 time is 18.948ms
04-11 02:50:23.369  3196  3211 I native-activity: Swap 632 time is 31.893ms
04-11 02:50:23.369  3196  3211 I native-activity: Animating
04-11 02:50:23.389  3196  3211 I native-activity: Frame 633 GL error is 0x0
04-11 02:50:23.389  3196  3211 I native-activity: Frame 633 time is 21.515ms
04-11 02:50:23.409  3196  3211 I native-activity: Swap 633 time is 34.403ms
04-11 02:50:23.409  3196  3211 I native-activity: Animating
04-11 02:50:23.429  3196  3211 I native-activity: Frame 634 GL error is 0x0
04-11 02:50:23.429  3196  3211 I native-activity: Frame 634 time is 20.722ms
04-11 02:50:23.439  3196  3211 I native-activity: Swap 634 time is 32.895ms
04-11 02:50:23.439  3196  3211 I native-activity: Animating
04-11 02:50:23.449  3196  3211 I native-activity: Frame 635 GL error is 0x0
04-11 02:50:23.449  3196  3211 I native-activity: Frame 635 time is 7.241ms
04-11 02:50:23.459  3196  3211 I native-activity: Swap 635 time is 19.797ms
04-11 02:50:23.459  3196  3211 I native-activity: Animating
04-11 02:50:23.479  3196  3211 I native-activity: Frame 636 GL error is 0x0
04-11 02:50:23.479  3196  3211 I native-activity: Frame 636 time is 16.854ms
04-11 02:50:23.489  3196  3211 I native-activity: Swap 636 time is 32.355ms
04-11 02:50:23.489  3196  3211 I native-activity: Animating
04-11 02:50:23.509  3196  3211 I native-activity: Frame 637 GL error is 0x0
04-11 02:50:23.509  3196  3211 I native-activity: Frame 637 time is 19.464ms
04-11 02:50:23.529  3196  3211 I native-activity: Swap 637 time is 34.856ms
04-11 02:50:23.529  3196  3211 I native-activity: Animating
04-11 02:50:23.549  3196  3211 I native-activity: Frame 638 GL error is 0x0
04-11 02:50:23.549  3196  3211 I native-activity: Frame 638 time is 21.485ms
04-11 02:50:23.559  3196  3211 I native-activity: Swap 638 time is 33.647ms
04-11 02:50:23.559  3196  3211 I native-activity: Animating
04-11 02:50:23.569  3196  3211 I native-activity: Frame 639 GL error is 0x0
04-11 02:50:23.569  3196  3211 I native-activity: Frame 639 time is 12.351ms
04-11 02:50:23.589  3196  3211 I native-activity: Swap 639 time is 25.321ms
04-11 02:50:23.589  3196  3211 I native-activity: Animating
04-11 02:50:23.609  3196  3211 I native-activity: Frame 640 GL error is 0x0
04-11 02:50:23.609  3196  3211 I native-activity: Frame 640 time is 19.887ms
04-11 02:50:23.619  3196  3211 I native-activity: Swap 640 time is 33.079ms
04-11 02:50:23.619  3196  3211 I native-activity: Animating
04-11 02:50:23.629  3196  3211 I native-activity: Frame 641 GL error is 0x0
04-11 02:50:23.629  3196  3211 I native-activity: Frame 641 time is 13.280ms
04-11 02:50:23.649  3196  3211 I native-activity: Swap 641 time is 28.660ms
04-11 02:50:23.649  3196  3211 I native-activity: Animating
04-11 02:50:23.669  3196  3211 I native-activity: Frame 642 GL error is 0x0
04-11 02:50:23.669  3196  3211 I native-activity: Frame 642 time is 22.617ms
04-11 02:50:23.689  3196  3211 I native-activity: Swap 642 time is 38.316ms
04-11 02:50:23.689  3196  3211 I native-activity: Animating
04-11 02:50:23.709  3196  3211 I native-activity: Frame 643 GL error is 0x0
04-11 02:50:23.709  3196  3211 I native-activity: Frame 643 time is 22.624ms
04-11 02:50:23.729  3196  3211 I native-activity: Swap 643 time is 37.828ms
04-11 02:50:23.729  3196  3211 I native-activity: Animating
04-11 02:50:23.759  3196  3211 I native-activity: Frame 644 GL error is 0x0
04-11 02:50:23.759  3196  3211 I native-activity: Frame 644 time is 30.328ms
04-11 02:50:23.769  3196  3211 I native-activity: Swap 644 time is 45.251ms
04-11 02:50:23.769  3196  3211 I native-activity: Animating
04-11 02:50:23.779  3196  3211 I native-activity: Frame 645 GL error is 0x0
04-11 02:50:23.779  3196  3211 I native-activity: Frame 645 time is 12.122ms
04-11 02:50:23.799  3196  3211 I native-activity: Swap 645 time is 25.083ms
04-11 02:50:23.799  3196  3211 I native-activity: Animating
04-11 02:50:23.819  3196  3211 I native-activity: Frame 646 GL error is 0x0
04-11 02:50:23.819  3196  3211 I native-activity: Frame 646 time is 18.839ms
04-11 02:50:23.829  3196  3211 I native-activity: Swap 646 time is 34.802ms
04-11 02:50:23.829  3196  3211 I native-activity: Animating
04-11 02:50:23.859  3196  3211 I native-activity: Frame 647 GL error is 0x0
04-11 02:50:23.859  3196  3211 I native-activity: Frame 647 time is 27.249ms
04-11 02:50:23.879  3196  3211 I native-activity: Swap 647 time is 43.197ms
04-11 02:50:23.879  3196  3211 I native-activity: Animating
04-11 02:50:23.899  3196  3211 I native-activity: Frame 648 GL error is 0x0
04-11 02:50:23.899  3196  3211 I native-activity: Frame 648 time is 27.037ms
04-11 02:50:23.929  3196  3211 I native-activity: Swap 648 time is 43.081ms
04-11 02:50:23.929  3196  3211 I native-activity: Animating
04-11 02:50:23.929  3196  3211 I native-activity: Frame 649 GL error is 0x0
04-11 02:50:23.929  3196  3211 I native-activity: Frame 649 time is 14.042ms
04-11 02:50:23.949  3196  3211 I native-activity: Swap 649 time is 27.136ms
04-11 02:50:23.949  3196  3211 I native-activity: Animating
04-11 02:50:23.969  3196  3211 I native-activity: Frame 650 GL error is 0x0
04-11 02:50:23.969  3196  3211 I native-activity: Frame 650 time is 20.264ms
04-11 02:50:23.979  3196  3211 I native-activity: Swap 650 time is 33.223ms
04-11 02:50:23.979  3196  3211 I native-activity: Animating
04-11 02:50:23.989  3196  3211 I native-activity: Frame 651 GL error is 0x0
04-11 02:50:23.989  3196  3211 I native-activity: Frame 651 time is 12.079ms
04-11 02:50:24.009  3196  3211 I native-activity: Swap 651 time is 24.956ms
04-11 02:50:24.009  3196  3211 I native-activity: Animating
04-11 02:50:24.029  3196  3211 I native-activity: Frame 652 GL error is 0x0
04-11 02:50:24.029  3196  3211 I native-activity: Frame 652 time is 21.036ms
04-11 02:50:24.039  3196  3211 I native-activity: Swap 652 time is 36.262ms
04-11 02:50:24.039  3196  3211 I native-activity: Animating
04-11 02:50:24.059  3196  3211 I native-activity: Frame 653 GL error is 0x0
04-11 02:50:24.059  3196  3211 I native-activity: Frame 653 time is 18.965ms
04-11 02:50:24.079  3196  3211 I native-activity: Swap 653 time is 34.498ms
04-11 02:50:24.079  3196  3211 I native-activity: Animating
04-11 02:50:24.089  3196  3211 I native-activity: Frame 654 GL error is 0x0
04-11 02:50:24.089  3196  3211 I native-activity: Frame 654 time is 10.234ms
04-11 02:50:24.109  3196  3211 I native-activity: Swap 654 time is 23.327ms
04-11 02:50:24.109  3196  3211 I native-activity: Animating
04-11 02:50:24.119  3196  3211 I native-activity: Frame 655 GL error is 0x0
04-11 02:50:24.119  3196  3211 I native-activity: Frame 655 time is 18.932ms
04-11 02:50:24.129  3196  3211 I native-activity: Swap 655 time is 33.269ms
04-11 02:50:24.139  3196  3211 I native-activity: Animating
04-11 02:50:24.159  3196  3211 I native-activity: Frame 656 GL error is 0x0
04-11 02:50:24.159  3196  3211 I native-activity: Frame 656 time is 23.130ms
04-11 02:50:24.169  3196  3211 I native-activity: Swap 656 time is 37.215ms
04-11 02:50:24.169  3196  3211 I native-activity: Animating
04-11 02:50:24.179  3196  3211 I native-activity: Frame 657 GL error is 0x0
04-11 02:50:24.179  3196  3211 I native-activity: Frame 657 time is 8.048ms
04-11 02:50:24.189  3196  3211 I native-activity: Swap 657 time is 20.491ms
04-11 02:50:24.189  3196  3211 I native-activity: Animating
04-11 02:50:24.199  3196  3211 I native-activity: Frame 658 GL error is 0x0
04-11 02:50:24.199  3196  3211 I native-activity: Frame 658 time is 10.329ms
04-11 02:50:24.209  3196  3211 I native-activity: Swap 658 time is 19.802ms
04-11 02:50:24.209  3196  3211 I native-activity: Animating
04-11 02:50:24.229  3196  3211 I native-activity: Frame 659 GL error is 0x0
04-11 02:50:24.229  3196  3211 I native-activity: Frame 659 time is 11.653ms
04-11 02:50:24.239  3196  3211 I native-activity: Swap 659 time is 21.548ms
04-11 02:50:24.239  3196  3211 I native-activity: Animating
04-11 02:50:24.249  3196  3211 I native-activity: Frame 660 GL error is 0x0
04-11 02:50:24.249  3196  3211 I native-activity: Frame 660 time is 12.909ms
04-11 02:50:24.259  3196  3211 I native-activity: Swap 660 time is 24.242ms
04-11 02:50:24.259  3196  3211 I native-activity: Animating
04-11 02:50:24.279  3196  3211 I native-activity: Frame 661 GL error is 0x0
04-11 02:50:24.279  3196  3211 I native-activity: Frame 661 time is 18.560ms
04-11 02:50:24.289  3196  3211 I native-activity: Swap 661 time is 29.679ms
04-11 02:50:24.289  3196  3211 I native-activity: Animating
04-11 02:50:24.309  3196  3211 I native-activity: Frame 662 GL error is 0x0
04-11 02:50:24.309  3196  3211 I native-activity: Frame 662 time is 20.043ms
04-11 02:50:24.329  3196  3211 I native-activity: Swap 662 time is 35.245ms
04-11 02:50:24.329  3196  3211 I native-activity: Animating
04-11 02:50:24.349  3196  3211 I native-activity: Frame 663 GL error is 0x0
04-11 02:50:24.349  3196  3211 I native-activity: Frame 663 time is 22.541ms
04-11 02:50:24.359  3196  3211 I native-activity: Swap 663 time is 32.949ms
04-11 02:50:24.359  3196  3211 I native-activity: Animating
04-11 02:50:24.369  3196  3211 I native-activity: Frame 664 GL error is 0x0
04-11 02:50:24.369  3196  3211 I native-activity: Frame 664 time is 10.394ms
04-11 02:50:24.379  3196  3211 I native-activity: Swap 664 time is 20.733ms
04-11 02:50:24.379  3196  3211 I native-activity: Animating
04-11 02:50:24.389  3196  3211 I native-activity: Frame 665 GL error is 0x0
04-11 02:50:24.389  3196  3211 I native-activity: Frame 665 time is 12.300ms
04-11 02:50:24.399  3196  3211 I native-activity: Swap 665 time is 24.610ms
04-11 02:50:24.399  3196  3211 I native-activity: Animating
04-11 02:50:24.419  3196  3211 I native-activity: Frame 666 GL error is 0x0
04-11 02:50:24.429  3196  3211 I native-activity: Frame 666 time is 20.485ms
04-11 02:50:24.439  3196  3211 I native-activity: Swap 666 time is 33.228ms
04-11 02:50:24.439  3196  3211 I native-activity: Animating
04-11 02:50:24.449  3196  3211 I native-activity: Frame 667 GL error is 0x0
04-11 02:50:24.449  3196  3211 I native-activity: Frame 667 time is 8.173ms
04-11 02:50:24.459  3196  3211 I native-activity: Swap 667 time is 23.849ms
04-11 02:50:24.459  3196  3211 I native-activity: Animating
04-11 02:50:24.489  3196  3211 I native-activity: Frame 668 GL error is 0x0
04-11 02:50:24.489  3196  3211 I native-activity: Frame 668 time is 23.865ms
04-11 02:50:24.499  3196  3211 I native-activity: Swap 668 time is 38.514ms
04-11 02:50:24.499  3196  3211 I native-activity: Animating
04-11 02:50:24.509  3196  3211 I native-activity: Frame 669 GL error is 0x0
04-11 02:50:24.509  3196  3211 I native-activity: Frame 669 time is 12.321ms
04-11 02:50:24.529  3196  3211 I native-activity: Swap 669 time is 25.373ms
04-11 02:50:24.529  3196  3211 I native-activity: Animating
04-11 02:50:24.549  3196  3211 I native-activity: Frame 670 GL error is 0x0
04-11 02:50:24.549  3196  3211 I native-activity: Frame 670 time is 19.810ms
04-11 02:50:24.559  3196  3211 I native-activity: Swap 670 time is 35.071ms
04-11 02:50:24.559  3196  3211 I native-activity: Animating
04-11 02:50:24.579  3196  3211 I native-activity: Frame 671 GL error is 0x0
04-11 02:50:24.579  3196  3211 I native-activity: Frame 671 time is 15.760ms
04-11 02:50:24.589  3196  3211 I native-activity: Swap 671 time is 27.061ms
04-11 02:50:24.589  3196  3211 I native-activity: Animating
04-11 02:50:24.609  3196  3211 I native-activity: Frame 672 GL error is 0x0
04-11 02:50:24.609  3196  3211 I native-activity: Frame 672 time is 20.776ms
04-11 02:50:24.619  3196  3211 I native-activity: Swap 672 time is 35.006ms
04-11 02:50:24.629  3196  3211 I native-activity: Animating
04-11 02:50:24.659  3196  3211 I native-activity: Frame 673 GL error is 0x0
04-11 02:50:24.659  3196  3211 I native-activity: Frame 673 time is 30.023ms
04-11 02:50:24.669  3196  3211 I native-activity: Swap 673 time is 45.933ms
04-11 02:50:24.669  3196  3211 I native-activity: Animating
04-11 02:50:24.679  3196  3211 I native-activity: Frame 674 GL error is 0x0
04-11 02:50:24.679  3196  3211 I native-activity: Frame 674 time is 10.465ms
04-11 02:50:24.699  3196  3211 I native-activity: Swap 674 time is 25.937ms
04-11 02:50:24.699  3196  3211 I native-activity: Animating
04-11 02:50:24.709  3196  3211 I native-activity: Frame 675 GL error is 0x0
04-11 02:50:24.709  3196  3211 I native-activity: Frame 675 time is 8.817ms
04-11 02:50:24.719  3196  3211 I native-activity: Swap 675 time is 18.751ms
04-11 02:50:24.719  3196  3211 I native-activity: Animating
04-11 02:50:24.729  3196  3211 I native-activity: Frame 676 GL error is 0x0
04-11 02:50:24.739  3196  3211 I native-activity: Frame 676 time is 18.170ms
04-11 02:50:24.749  3196  3211 I native-activity: Swap 676 time is 30.126ms
04-11 02:50:24.749  3196  3211 I native-activity: Animating
04-11 02:50:24.759  3196  3211 I native-activity: Frame 677 GL error is 0x0
04-11 02:50:24.759  3196  3211 I native-activity: Frame 677 time is 13.119ms
04-11 02:50:24.769  3196  3211 I native-activity: Swap 677 time is 23.174ms
04-11 02:50:24.769  3196  3211 I native-activity: Animating
04-11 02:50:24.779  3196  3211 I native-activity: Frame 678 GL error is 0x0
04-11 02:50:24.779  3196  3211 I native-activity: Frame 678 time is 11.880ms
04-11 02:50:24.789  3196  3211 I native-activity: Swap 678 time is 22.065ms
04-11 02:50:24.789  3196  3211 I native-activity: Animating
04-11 02:50:24.799  3196  3211 I native-activity: Frame 679 GL error is 0x0
04-11 02:50:24.809  3196  3211 I native-activity: Frame 679 time is 11.638ms
04-11 02:50:24.819  3196  3211 I native-activity: Swap 679 time is 24.335ms
04-11 02:50:24.819  3196  3211 I native-activity: Animating
04-11 02:50:24.839  3196  3211 I native-activity: Frame 680 GL error is 0x0
04-11 02:50:24.839  3196  3211 I native-activity: Frame 680 time is 21.580ms
04-11 02:50:24.849  3196  3211 I native-activity: Swap 680 time is 33.695ms
04-11 02:50:24.849  3196  3211 I native-activity: Animating
04-11 02:50:24.869  3196  3211 I native-activity: Frame 681 GL error is 0x0
04-11 02:50:24.869  3196  3211 I native-activity: Frame 681 time is 21.444ms
04-11 02:50:24.889  3196  3211 I native-activity: Swap 681 time is 38.158ms
04-11 02:50:24.889  3196  3211 I native-activity: Animating
04-11 02:50:24.929  3196  3211 I native-activity: Frame 682 GL error is 0x0
04-11 02:50:24.929  3196  3211 I native-activity: Frame 682 time is 35.658ms
04-11 02:50:24.939  3196  3211 I native-activity: Swap 682 time is 46.281ms
04-11 02:50:24.939  3196  3211 I native-activity: Animating
04-11 02:50:24.959  3196  3211 I native-activity: Frame 683 GL error is 0x0
04-11 02:50:24.959  3196  3211 I native-activity: Frame 683 time is 16.941ms
04-11 02:50:24.969  3196  3211 I native-activity: Swap 683 time is 26.737ms
04-11 02:50:24.969  3196  3211 I native-activity: Animating
04-11 02:50:24.989  3196  3211 I native-activity: Frame 684 GL error is 0x0
04-11 02:50:24.989  3196  3211 I native-activity: Frame 684 time is 20.815ms
04-11 02:50:24.999  3196  3211 I native-activity: Swap 684 time is 35.180ms
04-11 02:50:24.999  3196  3211 I native-activity: Animating
04-11 02:50:25.009  3196  3211 I native-activity: Frame 685 GL error is 0x0
04-11 02:50:25.009  3196  3211 I native-activity: Frame 685 time is 10.251ms
04-11 02:50:25.019  3196  3211 I native-activity: Swap 685 time is 20.341ms
04-11 02:50:25.019  3196  3211 I native-activity: Animating
04-11 02:50:25.039  3196  3211 I native-activity: Frame 686 GL error is 0x0
04-11 02:50:25.039  3196  3211 I native-activity: Frame 686 time is 13.713ms
04-11 02:50:25.049  3196  3211 I native-activity: Swap 686 time is 23.554ms
04-11 02:50:25.049  3196  3211 I native-activity: Animating
04-11 02:50:25.059  3196  3211 I native-activity: Frame 687 GL error is 0x0
04-11 02:50:25.059  3196  3211 I native-activity: Frame 687 time is 16.150ms
04-11 02:50:25.079  3196  3211 I native-activity: Swap 687 time is 30.861ms
04-11 02:50:25.079  3196  3211 I native-activity: Animating
04-11 02:50:25.079  3196  3211 I native-activity: Frame 688 GL error is 0x0
04-11 02:50:25.079  3196  3211 I native-activity: Frame 688 time is 6.680ms
04-11 02:50:25.089  3196  3211 I native-activity: Swap 688 time is 16.226ms
04-11 02:50:25.089  3196  3211 I native-activity: Animating
04-11 02:50:25.099  3196  3211 I native-activity: Frame 689 GL error is 0x0
04-11 02:50:25.099  3196  3211 I native-activity: Frame 689 time is 9.725ms
04-11 02:50:25.109  3196  3211 I native-activity: Swap 689 time is 19.141ms
04-11 02:50:25.109  3196  3211 I native-activity: Animating
04-11 02:50:25.129  3196  3211 I native-activity: Frame 690 GL error is 0x0
04-11 02:50:25.129  3196  3211 I native-activity: Frame 690 time is 17.599ms
04-11 02:50:25.139  3196  3211 I native-activity: Swap 690 time is 29.756ms
04-11 02:50:25.139  3196  3211 I native-activity: Animating
04-11 02:50:25.159  3196  3211 I native-activity: Frame 691 GL error is 0x0
04-11 02:50:25.159  3196  3211 I native-activity: Frame 691 time is 21.137ms
04-11 02:50:25.179  3196  3211 I native-activity: Swap 691 time is 32.364ms
04-11 02:50:25.179  3196  3211 I native-activity: Animating
04-11 02:50:25.179  3196  3211 I native-activity: Frame 692 GL error is 0x0
04-11 02:50:25.179  3196  3211 I native-activity: Frame 692 time is 5.484ms
04-11 02:50:25.189  3196  3211 I native-activity: Swap 692 time is 16.793ms
04-11 02:50:25.189  3196  3211 I native-activity: Animating
04-11 02:50:25.199  3196  3211 I native-activity: Frame 693 GL error is 0x0
04-11 02:50:25.199  3196  3211 I native-activity: Frame 693 time is 6.452ms
04-11 02:50:25.209  3196  3211 I native-activity: Swap 693 time is 14.999ms
04-11 02:50:25.209  3196  3211 I native-activity: Animating
04-11 02:50:25.219  3196  3211 I native-activity: Frame 694 GL error is 0x0
04-11 02:50:25.219  3196  3211 I native-activity: Frame 694 time is 11.803ms
04-11 02:50:25.229  3196  3211 I native-activity: Swap 694 time is 20.595ms
04-11 02:50:25.229  3196  3211 I native-activity: Animating
04-11 02:50:25.239  3196  3211 I native-activity: Frame 695 GL error is 0x0
04-11 02:50:25.239  3196  3211 I native-activity: Frame 695 time is 9.710ms
04-11 02:50:25.249  3196  3211 I native-activity: Swap 695 time is 19.176ms
04-11 02:50:25.249  3196  3211 I native-activity: Animating
04-11 02:50:25.259  3196  3211 I native-activity: Frame 696 GL error is 0x0
04-11 02:50:25.259  3196  3211 I native-activity: Frame 696 time is 12.940ms
04-11 02:50:25.269  3196  3211 I native-activity: Swap 696 time is 22.921ms
04-11 02:50:25.269  3196  3211 I native-activity: Animating
04-11 02:50:25.279  3196  3211 I native-activity: Frame 697 GL error is 0x0
04-11 02:50:25.279  3196  3211 I native-activity: Frame 697 time is 12.698ms
04-11 02:50:25.289  3196  3211 I native-activity: Swap 697 time is 22.535ms
04-11 02:50:25.289  3196  3211 I native-activity: Animating
04-11 02:50:25.309  3196  3211 I native-activity: Frame 698 GL error is 0x0
04-11 02:50:25.309  3196  3211 I native-activity: Frame 698 time is 15.070ms
04-11 02:50:25.319  3196  3211 I native-activity: Swap 698 time is 29.369ms
04-11 02:50:25.319  3196  3211 I native-activity: Animating
04-11 02:50:25.339  3196  3211 I native-activity: Frame 699 GL error is 0x0
04-11 02:50:25.339  3196  3211 I native-activity: Frame 699 time is 15.240ms
04-11 02:50:25.349  3196  3211 I native-activity: Swap 699 time is 29.255ms
04-11 02:50:25.349  3196  3211 I native-activity: Animating
04-11 02:50:25.359  3196  3211 I native-activity: Frame 700 GL error is 0x0
04-11 02:50:25.359  3196  3211 I native-activity: Frame 700 time is 5.292ms
04-11 02:50:25.369  3196  3211 I native-activity: Swap 700 time is 19.149ms
04-11 02:50:25.369  3196  3211 I native-activity: Animating
04-11 02:50:25.379  3196  3211 I native-activity: Frame 701 GL error is 0x0
04-11 02:50:25.379  3196  3211 I native-activity: Frame 701 time is 9.786ms
04-11 02:50:25.399  3196  3211 I native-activity: Swap 701 time is 23.802ms
04-11 02:50:25.399  3196  3211 I native-activity: Animating
04-11 02:50:25.409  3196  3211 I native-activity: Frame 702 GL error is 0x0
04-11 02:50:25.409  3196  3211 I native-activity: Frame 702 time is 12.824ms
04-11 02:50:25.419  3196  3211 I native-activity: Swap 702 time is 22.551ms
04-11 02:50:25.419  3196  3211 I native-activity: Animating
04-11 02:50:25.439  3196  3211 I native-activity: Frame 703 GL error is 0x0
04-11 02:50:25.439  3196  3211 I native-activity: Frame 703 time is 15.098ms
04-11 02:50:25.449  3196  3211 I native-activity: Swap 703 time is 25.512ms
04-11 02:50:25.449  3196  3211 I native-activity: Animating
04-11 02:50:25.459  3196  3211 I native-activity: Frame 704 GL error is 0x0
04-11 02:50:25.459  3196  3211 I native-activity: Frame 704 time is 16.148ms
04-11 02:50:25.479  3196  3211 I native-activity: Swap 704 time is 30.353ms
04-11 02:50:25.479  3196  3211 I native-activity: Animating
04-11 02:50:25.479  3196  3211 I native-activity: Frame 705 GL error is 0x0
04-11 02:50:25.479  3196  3211 I native-activity: Frame 705 time is 6.707ms
04-11 02:50:25.499  3196  3211 I native-activity: Swap 705 time is 20.410ms
04-11 02:50:25.499  3196  3211 I native-activity: Animating
04-11 02:50:25.509  3196  3211 I native-activity: Frame 706 GL error is 0x0
04-11 02:50:25.509  3196  3211 I native-activity: Frame 706 time is 9.632ms
04-11 02:50:25.519  3196  3211 I native-activity: Swap 706 time is 21.551ms
04-11 02:50:25.519  3196  3211 I native-activity: Animating
04-11 02:50:25.529  3196  3211 I native-activity: Frame 707 GL error is 0x0
04-11 02:50:25.529  3196  3211 I native-activity: Frame 707 time is 14.582ms
04-11 02:50:25.549  3196  3211 I native-activity: Swap 707 time is 27.000ms
04-11 02:50:25.549  3196  3211 I native-activity: Animating
04-11 02:50:25.559  3196  3211 I native-activity: Frame 708 GL error is 0x0
04-11 02:50:25.559  3196  3211 I native-activity: Frame 708 time is 16.432ms
04-11 02:50:25.579  3196  3211 I native-activity: Swap 708 time is 30.967ms
04-11 02:50:25.579  3196  3211 I native-activity: Animating
04-11 02:50:25.579  3196  3211 I native-activity: Frame 709 GL error is 0x0
04-11 02:50:25.579  3196  3211 I native-activity: Frame 709 time is 5.388ms
04-11 02:50:25.589  3196  3211 I native-activity: Swap 709 time is 14.417ms
04-11 02:50:25.589  3196  3211 I native-activity: Animating
04-11 02:50:25.599  3196  3211 I native-activity: Frame 710 GL error is 0x0
04-11 02:50:25.599  3196  3211 I native-activity: Frame 710 time is 9.478ms
04-11 02:50:25.609  3196  3211 I native-activity: Swap 710 time is 18.960ms
04-11 02:50:25.609  3196  3211 I native-activity: Animating
04-11 02:50:25.629  3196  3211 I native-activity: Frame 711 GL error is 0x0
04-11 02:50:25.629  3196  3211 I native-activity: Frame 711 time is 13.012ms
04-11 02:50:25.639  3196  3211 I native-activity: Swap 711 time is 25.208ms
04-11 02:50:25.639  3196  3211 I native-activity: Animating
04-11 02:50:25.659  3196  3211 I native-activity: Frame 712 GL error is 0x0
04-11 02:50:25.659  3196  3211 I native-activity: Frame 712 time is 23.016ms
04-11 02:50:25.669  3196  3211 I native-activity: Swap 712 time is 35.268ms
04-11 02:50:25.669  3196  3211 I native-activity: Animating
04-11 02:50:25.679  3196  3211 I native-activity: Frame 713 GL error is 0x0
04-11 02:50:25.679  3196  3211 I native-activity: Frame 713 time is 8.258ms
04-11 02:50:25.699  3196  3211 I native-activity: Swap 713 time is 22.794ms
04-11 02:50:25.699  3196  3211 I native-activity: Animating
04-11 02:50:25.719  3196  3211 I native-activity: Frame 714 GL error is 0x0
04-11 02:50:25.719  3196  3211 I native-activity: Frame 714 time is 19.910ms
04-11 02:50:25.729  3196  3211 I native-activity: Swap 714 time is 35.171ms
04-11 02:50:25.729  3196  3211 I native-activity: Animating
04-11 02:50:25.759  3196  3211 I native-activity: Frame 715 GL error is 0x0
04-11 02:50:25.759  3196  3211 I native-activity: Frame 715 time is 23.909ms
04-11 02:50:25.769  3196  3211 I native-activity: Swap 715 time is 39.109ms
04-11 02:50:25.769  3196  3211 I native-activity: Animating
04-11 02:50:25.799  3196  3211 I native-activity: Frame 716 GL error is 0x0
04-11 02:50:25.799  3196  3211 I native-activity: Frame 716 time is 26.953ms
04-11 02:50:25.819  3196  3211 I native-activity: Swap 716 time is 42.690ms
04-11 02:50:25.819  3196  3211 I native-activity: Animating
04-11 02:50:25.839  3196  3211 I native-activity: Frame 717 GL error is 0x0
04-11 02:50:25.839  3196  3211 I native-activity: Frame 717 time is 27.668ms
04-11 02:50:25.859  3196  3211 I native-activity: Swap 717 time is 43.617ms
04-11 02:50:25.859  3196  3211 I native-activity: Animating
04-11 02:50:25.869  3196  3211 I native-activity: Frame 718 GL error is 0x0
04-11 02:50:25.869  3196  3211 I native-activity: Frame 718 time is 12.393ms
04-11 02:50:25.879  3196  3211 I native-activity: Swap 718 time is 23.198ms
04-11 02:50:25.879  3196  3211 I native-activity: Animating
04-11 02:50:25.899  3196  3211 I native-activity: Frame 719 GL error is 0x0
04-11 02:50:25.899  3196  3211 I native-activity: Frame 719 time is 18.820ms
04-11 02:50:25.909  3196  3211 I native-activity: Swap 719 time is 29.688ms
04-11 02:50:25.909  3196  3211 I native-activity: Animating
04-11 02:50:25.919  3196  3211 I native-activity: Frame 720 GL error is 0x0
04-11 02:50:25.919  3196  3211 I native-activity: Frame 720 time is 7.722ms
04-11 02:50:25.939  3196  3211 I native-activity: Swap 720 time is 23.320ms
04-11 02:50:25.939  3196  3211 I native-activity: Animating
04-11 02:50:25.949  3196  3211 I native-activity: Frame 721 GL error is 0x0
04-11 02:50:25.949  3196  3211 I native-activity: Frame 721 time is 12.981ms
04-11 02:50:25.959  3196  3211 I native-activity: Swap 721 time is 23.535ms
04-11 02:50:25.959  3196  3211 I native-activity: Animating
04-11 02:50:25.979  3196  3211 I native-activity: Frame 722 GL error is 0x0
04-11 02:50:25.979  3196  3211 I native-activity: Frame 722 time is 21.836ms
04-11 02:50:25.999  3196  3211 I native-activity: Swap 722 time is 36.210ms
04-11 02:50:25.999  3196  3211 I native-activity: Animating
04-11 02:50:26.009  3196  3211 I native-activity: Frame 723 GL error is 0x0
04-11 02:50:26.009  3196  3211 I native-activity: Frame 723 time is 7.679ms
04-11 02:50:26.019  3196  3211 I native-activity: Swap 723 time is 18.228ms
04-11 02:50:26.019  3196  3211 I native-activity: Animating
04-11 02:50:26.029  3196  3211 I native-activity: Frame 724 GL error is 0x0
04-11 02:50:26.029  3196  3211 I native-activity: Frame 724 time is 12.930ms
04-11 02:50:26.039  3196  3211 I native-activity: Swap 724 time is 23.545ms
04-11 02:50:26.039  3196  3211 I native-activity: Animating
04-11 02:50:26.069  3196  3211 I native-activity: Frame 725 GL error is 0x0
04-11 02:50:26.069  3196  3211 I native-activity: Frame 725 time is 27.367ms
04-11 02:50:26.089  3196  3211 I native-activity: Swap 725 time is 40.312ms
04-11 02:50:26.089  3196  3211 I native-activity: Animating
04-11 02:50:26.089  3196  3211 I native-activity: Frame 726 GL error is 0x0
04-11 02:50:26.089  3196  3211 I native-activity: Frame 726 time is 10.435ms
04-11 02:50:26.109  3196  3211 I native-activity: Swap 726 time is 25.261ms
04-11 02:50:26.109  3196  3211 I native-activity: Animating
04-11 02:50:26.129  3196  3211 I native-activity: Frame 727 GL error is 0x0
04-11 02:50:26.129  3196  3211 I native-activity: Frame 727 time is 21.753ms
04-11 02:50:26.139  3196  3211 I native-activity: Swap 727 time is 35.671ms
04-11 02:50:26.139  3196  3211 I native-activity: Animating
04-11 02:50:26.159  3196  3211 I native-activity: Frame 728 GL error is 0x0
04-11 02:50:26.159  3196  3211 I native-activity: Frame 728 time is 13.992ms
04-11 02:50:26.169  3196  3211 I native-activity: Swap 728 time is 27.720ms
04-11 02:50:26.169  3196  3211 I native-activity: Animating
04-11 02:50:26.189  3196  3211 I native-activity: Frame 729 GL error is 0x0
04-11 02:50:26.189  3196  3211 I native-activity: Frame 729 time is 20.577ms
04-11 02:50:26.199  3196  3211 I native-activity: Swap 729 time is 33.989ms
04-11 02:50:26.199  3196  3211 I native-activity: Animating
04-11 02:50:26.229  3196  3211 I native-activity: Frame 730 GL error is 0x0
04-11 02:50:26.229  3196  3211 I native-activity: Frame 730 time is 23.303ms
04-11 02:50:26.239  3196  3211 I native-activity: Swap 730 time is 35.324ms
04-11 02:50:26.239  3196  3211 I native-activity: Animating
04-11 02:50:26.249  3196  3211 I native-activity: Frame 731 GL error is 0x0
04-11 02:50:26.249  3196  3211 I native-activity: Frame 731 time is 10.033ms
04-11 02:50:26.259  3196  3211 I native-activity: Swap 731 time is 19.851ms
04-11 02:50:26.259  3196  3211 I native-activity: Animating
04-11 02:50:26.269  3196  3211 I native-activity: Frame 732 GL error is 0x0
04-11 02:50:26.269  3196  3211 I native-activity: Frame 732 time is 14.397ms
04-11 02:50:26.289  3196  3211 I native-activity: Swap 732 time is 27.038ms
04-11 02:50:26.289  3196  3211 I native-activity: Animating
04-11 02:50:26.299  3196  3211 I native-activity: Frame 733 GL error is 0x0
04-11 02:50:26.299  3196  3211 I native-activity: Frame 733 time is 15.981ms
04-11 02:50:26.319  3196  3211 I native-activity: Swap 733 time is 28.739ms
04-11 02:50:26.319  3196  3211 I native-activity: Animating
04-11 02:50:26.319  3196  3211 I native-activity: Frame 734 GL error is 0x0
04-11 02:50:26.319  3196  3211 I native-activity: Frame 734 time is 7.360ms
04-11 02:50:26.339  3196  3211 I native-activity: Swap 734 time is 20.236ms
04-11 02:50:26.339  3196  3211 I native-activity: Animating
04-11 02:50:26.349  3196  3211 I native-activity: Frame 735 GL error is 0x0
04-11 02:50:26.349  3196  3211 I native-activity: Frame 735 time is 15.920ms
04-11 02:50:26.369  3196  3211 I native-activity: Swap 735 time is 29.093ms
04-11 02:50:26.369  3196  3211 I native-activity: Animating
04-11 02:50:26.389  3196  3211 I native-activity: Frame 736 GL error is 0x0
04-11 02:50:26.389  3196  3211 I native-activity: Frame 736 time is 19.357ms
04-11 02:50:26.399  3196  3211 I native-activity: Swap 736 time is 30.430ms
04-11 02:50:26.399  3196  3211 I native-activity: Animating
04-11 02:50:26.409  3196  3211 I native-activity: Frame 737 GL error is 0x0
04-11 02:50:26.409  3196  3211 I native-activity: Frame 737 time is 8.578ms
04-11 02:50:26.419  3196  3211 I native-activity: Swap 737 time is 19.100ms
04-11 02:50:26.419  3196  3211 I native-activity: Animating
04-11 02:50:26.429  3196  3211 I native-activity: Frame 738 GL error is 0x0
04-11 02:50:26.429  3196  3211 I native-activity: Frame 738 time is 13.326ms
04-11 02:50:26.439  3196  3211 I native-activity: Swap 738 time is 25.152ms
04-11 02:50:26.439  3196  3211 I native-activity: Animating
04-11 02:50:26.469  3196  3211 I native-activity: Frame 739 GL error is 0x0
04-11 02:50:26.469  3196  3211 I native-activity: Frame 739 time is 24.110ms
04-11 02:50:26.479  3196  3211 I native-activity: Swap 739 time is 36.889ms
04-11 02:50:26.479  3196  3211 I native-activity: Animating
04-11 02:50:26.489  3196  3211 I native-activity: Frame 740 GL error is 0x0
04-11 02:50:26.489  3196  3211 I native-activity: Frame 740 time is 9.462ms
04-11 02:50:26.499  3196  3211 I native-activity: Swap 740 time is 25.330ms
04-11 02:50:26.499  3196  3211 I native-activity: Animating
04-11 02:50:26.529  3196  3211 I native-activity: Frame 741 GL error is 0x0
04-11 02:50:26.529  3196  3211 I native-activity: Frame 741 time is 27.615ms
04-11 02:50:26.549  3196  3211 I native-activity: Swap 741 time is 43.412ms
04-11 02:50:26.549  3196  3211 I native-activity: Animating
04-11 02:50:26.579  3196  3211 I native-activity: Frame 742 GL error is 0x0
04-11 02:50:26.579  3196  3211 I native-activity: Frame 742 time is 29.000ms
04-11 02:50:26.589  3196  3211 I native-activity: Swap 742 time is 44.379ms
04-11 02:50:26.589  3196  3211 I native-activity: Animating
04-11 02:50:26.619  3196  3211 I native-activity: Frame 743 GL error is 0x0
04-11 02:50:26.619  3196  3211 I native-activity: Frame 743 time is 24.261ms
04-11 02:50:26.629  3196  3211 I native-activity: Swap 743 time is 40.428ms
04-11 02:50:26.629  3196  3211 I native-activity: Animating
04-11 02:50:26.659  3196  3211 I native-activity: Frame 744 GL error is 0x0
04-11 02:50:26.659  3196  3211 I native-activity: Frame 744 time is 27.199ms
04-11 02:50:26.679  3196  3211 I native-activity: Swap 744 time is 42.631ms
04-11 02:50:26.679  3196  3211 I native-activity: Animating
04-11 02:50:26.689  3196  3211 I native-activity: Frame 745 GL error is 0x0
04-11 02:50:26.689  3196  3211 I native-activity: Frame 745 time is 10.442ms
04-11 02:50:26.699  3196  3211 I native-activity: Swap 745 time is 23.178ms
04-11 02:50:26.699  3196  3211 I native-activity: Animating
04-11 02:50:26.719  3196  3211 I native-activity: Frame 746 GL error is 0x0
04-11 02:50:26.719  3196  3211 I native-activity: Frame 746 time is 19.719ms
04-11 02:50:26.739  3196  3211 I native-activity: Swap 746 time is 34.411ms
04-11 02:50:26.739  3196  3211 I native-activity: Animating
04-11 02:50:26.759  3196  3211 I native-activity: Frame 747 GL error is 0x0
04-11 02:50:26.759  3196  3211 I native-activity: Frame 747 time is 24.783ms
04-11 02:50:26.779  3196  3211 I native-activity: Swap 747 time is 40.620ms
04-11 02:50:26.779  3196  3211 I native-activity: Animating
04-11 02:50:26.799  3196  3211 I native-activity: Frame 748 GL error is 0x0
04-11 02:50:26.799  3196  3211 I native-activity: Frame 748 time is 27.049ms
04-11 02:50:26.819  3196  3211 I native-activity: Swap 748 time is 42.557ms
04-11 02:50:26.819  3196  3211 I native-activity: Animating
04-11 02:50:26.829  3196  3211 I native-activity: Frame 749 GL error is 0x0
04-11 02:50:26.829  3196  3211 I native-activity: Frame 749 time is 12.369ms
04-11 02:50:26.839  3196  3211 I native-activity: Swap 749 time is 25.226ms
04-11 02:50:26.849  3196  3211 I native-activity: Animating
04-11 02:50:26.869  3196  3211 I native-activity: Frame 750 GL error is 0x0
04-11 02:50:26.869  3196  3211 I native-activity: Frame 750 time is 24.024ms
04-11 02:50:26.879  3196  3211 I native-activity: Swap 750 time is 39.476ms
04-11 02:50:26.889  3196  3211 I native-activity: Animating
04-11 02:50:26.909  3196  3211 I native-activity: Frame 751 GL error is 0x0
04-11 02:50:26.909  3196  3211 I native-activity: Frame 751 time is 28.781ms
04-11 02:50:26.929  3196  3211 I native-activity: Swap 751 time is 42.074ms
04-11 02:50:26.929  3196  3211 I native-activity: Animating
04-11 02:50:26.939  3196  3211 I native-activity: Frame 752 GL error is 0x0
04-11 02:50:26.939  3196  3211 I native-activity: Frame 752 time is 13.011ms
04-11 02:50:26.949  3196  3211 I native-activity: Swap 752 time is 25.725ms
04-11 02:50:26.949  3196  3211 I native-activity: Animating
04-11 02:50:26.969  3196  3211 I native-activity: Frame 753 GL error is 0x0
04-11 02:50:26.969  3196  3211 I native-activity: Frame 753 time is 13.169ms
04-11 02:50:26.979  3196  3211 I native-activity: Swap 753 time is 28.006ms
04-11 02:50:26.979  3196  3211 I native-activity: Animating
04-11 02:50:27.009  3196  3211 I native-activity: Frame 754 GL error is 0x0
04-11 02:50:27.009  3196  3211 I native-activity: Frame 754 time is 23.689ms
04-11 02:50:27.019  3196  3211 I native-activity: Swap 754 time is 38.802ms
04-11 02:50:27.019  3196  3211 I native-activity: Animating
04-11 02:50:27.029  3196  3211 I native-activity: Frame 755 GL error is 0x0
04-11 02:50:27.029  3196  3211 I native-activity: Frame 755 time is 12.033ms
04-11 02:50:27.049  3196  3211 I native-activity: Swap 755 time is 26.347ms
04-11 02:50:27.049  3196  3211 I native-activity: Animating
04-11 02:50:27.069  3196  3211 I native-activity: Frame 756 GL error is 0x0
04-11 02:50:27.069  3196  3211 I native-activity: Frame 756 time is 18.907ms
04-11 02:50:27.079  3196  3211 I native-activity: Swap 756 time is 30.652ms
04-11 02:50:27.079  3196  3211 I native-activity: Animating
04-11 02:50:27.089  3196  3211 I native-activity: Frame 757 GL error is 0x0
04-11 02:50:27.089  3196  3211 I native-activity: Frame 757 time is 6.296ms
04-11 02:50:27.099  3196  3211 I native-activity: Swap 757 time is 18.491ms
04-11 02:50:27.099  3196  3211 I native-activity: Animating
04-11 02:50:27.099  3196  3211 I native-activity: Frame 758 GL error is 0x0
04-11 02:50:27.099  3196  3211 I native-activity: Frame 758 time is 6.395ms
04-11 02:50:27.119  3196  3211 I native-activity: Swap 758 time is 18.089ms
04-11 02:50:27.119  3196  3211 I native-activity: Animating
04-11 02:50:27.119  3196  3211 I native-activity: Frame 759 GL error is 0x0
04-11 02:50:27.119  3196  3211 I native-activity: Frame 759 time is 5.630ms
04-11 02:50:27.129  3196  3211 I native-activity: Swap 759 time is 15.979ms
04-11 02:50:27.129  3196  3211 I native-activity: Animating
04-11 02:50:27.139  3196  3211 I native-activity: Frame 760 GL error is 0x0
04-11 02:50:27.139  3196  3211 I native-activity: Frame 760 time is 4.384ms
04-11 02:50:27.149  3196  3211 I native-activity: Swap 760 time is 13.078ms
04-11 02:50:27.149  3196  3211 I native-activity: Animating
04-11 02:50:27.149  3196  3211 I native-activity: Frame 761 GL error is 0x0
04-11 02:50:27.149  3196  3211 I native-activity: Frame 761 time is 7.402ms
04-11 02:50:27.159  3196  3211 I native-activity: Swap 761 time is 16.412ms
04-11 02:50:27.159  3196  3211 I native-activity: Animating
04-11 02:50:27.169  3196  3211 I native-activity: Frame 762 GL error is 0x0
04-11 02:50:27.169  3196  3211 I native-activity: Frame 762 time is 10.422ms
04-11 02:50:27.179  3196  3211 I native-activity: Swap 762 time is 19.278ms
04-11 02:50:27.179  3196  3211 I native-activity: Animating
04-11 02:50:27.189  3196  3211 I native-activity: Frame 763 GL error is 0x0
04-11 02:50:27.189  3196  3211 I native-activity: Frame 763 time is 4.773ms
04-11 02:50:27.189  3196  3211 I native-activity: Swap 763 time is 13.538ms
04-11 02:50:27.189  3196  3211 I native-activity: Animating
04-11 02:50:27.199  3196  3211 I native-activity: Frame 764 GL error is 0x0
04-11 02:50:27.199  3196  3211 I native-activity: Frame 764 time is 7.221ms
04-11 02:50:27.209  3196  3211 I native-activity: Swap 764 time is 15.830ms
04-11 02:50:27.209  3196  3211 I native-activity: Animating
04-11 02:50:27.219  3196  3211 I native-activity: Frame 765 GL error is 0x0
04-11 02:50:27.219  3196  3211 I native-activity: Frame 765 time is 8.263ms
04-11 02:50:27.229  3196  3211 I native-activity: Swap 765 time is 17.975ms
04-11 02:50:27.229  3196  3211 I native-activity: Animating
04-11 02:50:27.229  3196  3211 I native-activity: Frame 766 GL error is 0x0
04-11 02:50:27.229  3196  3211 I native-activity: Frame 766 time is 5.695ms
04-11 02:50:27.239  3196  3211 I native-activity: Swap 766 time is 15.768ms
04-11 02:50:27.239  3196  3211 I native-activity: Animating
04-11 02:50:27.249  3196  3211 I native-activity: Frame 767 GL error is 0x0
04-11 02:50:27.249  1434  2460 D BatteryService: !@BatteryListener : batteryPropertiesChanged!
04-11 02:50:27.249  3196  3211 I native-activity: Frame 767 time is 5.984ms
04-11 02:50:27.249  1434  2460 D BatteryService: level:25, scale:100, status:3, health:9, present:true, voltage: 3720, temperature: 261, technology: Li-ion, AC powered:false, USB powered:false, POGO powered:false, Wireless powered:false, icon:17303406, invalid charger:0, maxChargingCurrent:0
04-11 02:50:27.249  1434  2460 D BatteryService: online:4, current avg:-383, charge type:0, power sharing:false, high voltage charger:false, capacity:280000, batterySWSelfDischarging:false, current_now:-254
04-11 02:50:27.249  1434  1434 D BatteryService: Sending ACTION_BATTERY_CHANGED.
04-11 02:50:27.249  1434  1434 I MotionRecognitionService: On Battery, 0
04-11 02:50:27.249  1434  1434 D MotionRecognitionService:   cableConnection= 0
04-11 02:50:27.259  1434  2179 D WifiController: ApOrStaEnabledState  msg.what= 155652
04-11 02:50:27.259 30475 30475 D KeyguardUpdateMonitor: received broadcast android.intent.action.BATTERY_CHANGED
04-11 02:50:27.259 30475 30475 D KeyguardUpdateMonitor: handleBatteryUpdate
04-11 02:50:27.259  3196  3211 I native-activity: Swap 767 time is 16.008ms
04-11 02:50:27.259  3196  3211 I native-activity: Animating
04-11 02:50:27.259  2724  2724 D BatteryMonitor: new battery level: 25
04-11 02:50:27.269 30475 30475 D PowerUI : Cable  true --> true mBootCompleted : false
04-11 02:50:27.269  3196  3211 I native-activity: Frame 768 GL error is 0x0
04-11 02:50:27.269 30475 30475 D PowerUI : Sending cableIntent : Intent { act=com.samsung.systemui.power.action.ACTION_CABLE_CONNECTED VirtualScreenParam=Params{mDisplayId=-1, null, mFlags=0x00000000)} }
04-11 02:50:27.269  3196  3211 I native-activity: Frame 768 time is 5.883ms
04-11 02:50:27.269 30475 30475 D PowerUI : priorPlugType = 0 mPlugType =  0
04-11 02:50:27.269 30938 30938 I BatteryChangedReceiver: received action: android.intent.action.BATTERY_CHANGED
04-11 02:50:27.279  3196  3211 I native-activity: Swap 768 time is 15.903ms
04-11 02:50:27.279  3196  3211 I native-activity: Animating
04-11 02:50:27.279  3196  3211 I native-activity: Frame 769 GL error is 0x0
04-11 02:50:27.279  3196  3211 I native-activity: Frame 769 time is 6.790ms
04-11 02:50:27.289 30475 30475 D BatteryMeterView: ACTION_BATTERY_CHANGED : level:25 status:3 health:9
04-11 02:50:27.289 30475 30475 D BatteryMeterView: ACTION_BATTERY_CHANGED : level:25 status:3 health:9
04-11 02:50:27.289  3196  3211 I native-activity: Swap 769 time is 16.707ms
04-11 02:50:27.289  3196  3211 I native-activity: Animating
04-11 02:50:27.299  3196  3211 I native-activity: Frame 770 GL error is 0x0
04-11 02:50:27.299  3196  3211 I native-activity: Frame 770 time is 5.916ms
04-11 02:50:27.309  3196  3211 I native-activity: Swap 770 time is 15.826ms
04-11 02:50:27.309  3196  3211 I native-activity: Animating
04-11 02:50:27.319  3196  3211 I native-activity: Frame 771 GL error is 0x0
04-11 02:50:27.319  3196  3211 I native-activity: Frame 771 time is 6.337ms
04-11 02:50:27.329  3196  3211 I native-activity: Swap 771 time is 16.528ms
04-11 02:50:27.329  3196  3211 I native-activity: Animating
04-11 02:50:27.339  3196  3211 I native-activity: Frame 772 GL error is 0x0
04-11 02:50:27.339  3196  3211 I native-activity: Frame 772 time is 10.640ms
04-11 02:50:27.349  3196  3211 I native-activity: Swap 772 time is 20.524ms
04-11 02:50:27.349  3196  3211 I native-activity: Animating
04-11 02:50:27.359  3196  3211 I native-activity: Frame 773 GL error is 0x0
04-11 02:50:27.359  3196  3211 I native-activity: Frame 773 time is 10.519ms
04-11 02:50:27.369  3196  3211 I native-activity: Swap 773 time is 23.631ms
04-11 02:50:27.369  3196  3211 I native-activity: Animating
04-11 02:50:27.389  3196  3211 I native-activity: Frame 774 GL error is 0x0
04-11 02:50:27.389  3196  3211 I native-activity: Frame 774 time is 19.733ms
04-11 02:50:27.399  3196  3211 I native-activity: Swap 774 time is 31.003ms
04-11 02:50:27.399  3196  3211 I native-activity: Animating
04-11 02:50:27.419 30475 30525 D NetworkController.MobileSignalController(0/1): onSignalStrengthsChanged signalStrength=SignalStrength: 99 99 -120 -160 -120 -1 -1 14 -113 -9 78 -1 2147483647 0x2000 gsm|lte level=2
04-11 02:50:27.419 30475 30525 D NetworkController.MobileSignalController(0/1): getMobileIconGroup(): 13
04-11 02:50:27.419 30475 30525 D NetworkController.MobileSignalController(0/1): updateATTMobileIconGroup(): 13
04-11 02:50:27.429  3196  3211 I native-activity: Frame 775 GL error is 0x0
04-11 02:50:27.429  3196  3211 I native-activity: Frame 775 time is 26.386ms
04-11 02:50:27.429  1434  2207 D EPDG -- [SMARTWIFI]: onSignalStrengthsChanged: Received signal strength change, phone type is: 1
04-11 02:50:27.429  1434  4692 D EPDG -- [SMARTWIFI]: lastLteRSRP is -113currentLteRSRP is -113
04-11 02:50:27.429  1434  4692 D EPDG -- [SMARTWIFI]: lastCdmaDb is -16currentCdmaDb is -16
04-11 02:50:27.429  1434  4692 V EPDG -- [SMARTWIFI]: Radio oldest entry removed
04-11 02:50:27.429  1434  4692 V EPDG -- [SMARTWIFI]: New entry : (SignalStrength: 99 99 -120 -160 -120 -1 -1 14 -113 -9 78 -1 2147483647 0x2000 gsm|lte : 0 )
04-11 02:50:27.429  1434  4692 V EPDG -- [SMARTWIFI]: Radio entry added
04-11 02:50:27.439  3196  3211 I native-activity: Swap 775 time is 36.485ms
04-11 02:50:27.439  3196  3211 I native-activity: Animating
04-11 02:50:27.449  3196  3211 I native-activity: Frame 776 GL error is 0x0
04-11 02:50:27.449  3196  3211 I native-activity: Frame 776 time is 8.261ms
04-11 02:50:27.459  3196  3211 I native-activity: Swap 776 time is 17.899ms
04-11 02:50:27.459  3196  3211 I native-activity: Animating
04-11 02:50:27.469  3196  3211 I native-activity: Frame 777 GL error is 0x0
04-11 02:50:27.469  3196  3211 I native-activity: Frame 777 time is 9.448ms
04-11 02:50:27.479  3196  3211 I native-activity: Swap 777 time is 19.488ms
04-11 02:50:27.479  3196  3211 I native-activity: Animating
04-11 02:50:27.489  3196  3211 I native-activity: Frame 778 GL error is 0x0
04-11 02:50:27.489  3196  3211 I native-activity: Frame 778 time is 13.140ms
04-11 02:50:27.499  3196  3211 I native-activity: Swap 778 time is 23.304ms
04-11 02:50:27.499  3196  3211 I native-activity: Animating
04-11 02:50:27.519  3196  3211 I native-activity: Frame 779 GL error is 0x0
04-11 02:50:27.519  3196  3211 I native-activity: Frame 779 time is 18.063ms
04-11 02:50:27.529  3196  3211 I native-activity: Swap 779 time is 29.952ms
04-11 02:50:27.529  3196  3211 I native-activity: Animating
04-11 02:50:27.549  3196  3211 I native-activity: Frame 780 GL error is 0x0
04-11 02:50:27.549  3196  3211 I native-activity: Frame 780 time is 21.835ms
04-11 02:50:27.569  3196  3211 I native-activity: Swap 780 time is 37.643ms
04-11 02:50:27.569  3196  3211 I native-activity: Animating
04-11 02:50:27.629  3196  3211 I native-activity: Frame 781 GL error is 0x501
04-11 02:50:27.629  3196  3211 I native-activity: Frame 781 time is 59.938ms
04-11 02:50:27.639  3196  3211 I native-activity: Swap 781 time is 71.094ms
04-11 02:50:27.639  3196  3211 I native-activity: Animating
04-11 02:50:27.659  3196  3211 I native-activity: Frame 782 GL error is 0x0
04-11 02:50:27.659  3196  3211 I native-activity: Frame 782 time is 16.001ms
04-11 02:50:27.669  3196  3211 I native-activity: Swap 782 time is 27.044ms
04-11 02:50:27.669  3196  3211 I native-activity: Animating
04-11 02:50:27.679  3196  3211 I native-activity: Frame 783 GL error is 0x0
04-11 02:50:27.679  3196  3211 I native-activity: Frame 783 time is 14.059ms
04-11 02:50:27.699  3196  3211 I native-activity: Swap 783 time is 27.278ms
04-11 02:50:27.699  3196  3211 I native-activity: Animating
04-11 02:50:27.709  3196  3211 I native-activity: Frame 784 GL error is 0x0
04-11 02:50:27.709  3196  3211 I native-activity: Frame 784 time is 15.481ms
04-11 02:50:27.729  3196  3211 I native-activity: Swap 784 time is 29.718ms
04-11 02:50:27.729  3196  3211 I native-activity: Animating
04-11 02:50:27.749  3196  3211 I native-activity: Frame 785 GL error is 0x0
04-11 02:50:27.749  3196  3211 I native-activity: Frame 785 time is 26.564ms
04-11 02:50:27.769  3196  3211 I native-activity: Swap 785 time is 42.447ms
04-11 02:50:27.769  3196  3211 I native-activity: Animating
04-11 02:50:27.789  3196  3211 I native-activity: Frame 786 GL error is 0x0
04-11 02:50:27.789  3196  3211 I native-activity: Frame 786 time is 20.837ms
04-11 02:50:27.809  3196  3211 I native-activity: Swap 786 time is 36.175ms
04-11 02:50:27.809  3196  3211 I native-activity: Animating
04-11 02:50:27.829  3196  3211 I native-activity: Frame 787 GL error is 0x0
04-11 02:50:27.829  3196  3211 I native-activity: Frame 787 time is 22.848ms
04-11 02:50:27.839  3196  3211 I native-activity: Swap 787 time is 33.179ms
04-11 02:50:27.839  3196  3211 I native-activity: Animating
04-11 02:50:27.849  3196  3211 I native-activity: Frame 788 GL error is 0x0
04-11 02:50:27.849  3196  3211 I native-activity: Frame 788 time is 14.788ms
