04-11 02:49:44.429  3038  3060 I native-activity: 	Extensions: GL_OES_EGL_image GL_OES_EGL_image_external GL_OES_EGL_sync GL_OES_vertex_half_float GL_OES_framebuffer_object GL_OES_rgb8_rgba8 GL_OES_compressed_ETC1_RGB8_texture GL_AMD_compressed_ATC_texture GL_KHR_texture_compression_astc_ldr GL_KHR_texture_compression_astc_hdr GL_OES_texture_compression_astc GL_OES_texture_npot GL_EXT_texture_filter_anisotropic GL_EXT_texture_format_BGRA8888 GL_OES_texture_3D GL_EXT_color_buffer_float GL_EXT_color_buffer_half_float GL_QCOM_alpha_test GL_OES_depth24 GL_OES_packed_depth_stencil GL_OES_depth_texture GL_OES_depth_texture_cube_map GL_EXT_sRGB GL_OES_texture_float GL_OES_texture_float_linear GL_OES_texture_half_float GL_OES_texture_half_float_linear GL_EXT_texture_type_2_10_10_10_REV GL_EXT_texture_sRGB_decode GL_OES_element_index_uint GL_EXT_copy_image GL_EXT_geometry_shader GL_EXT_tessellation_shader GL_OES_texture_stencil8 GL_EXT_shader_io_blocks GL_OES_shader_image_atomic GL_OES_sample_variables GL_EXT_texture_border_clamp GL_EXT_multisampled_render_to_textur
04-11 02:49:44.429  3038  3060 I native-activity: Context 0xee52d680 made current on surface 0xee5256c0, error 0x3000
04-11 02:49:44.429  3038  3060 I native-activity: GL information
04-11 02:49:44.429  3038  3060 I native-activity: 	Renderer: Adreno (TM) 530
04-11 02:49:44.429  3038  3060 I native-activity: 	Vendor: Qualcomm
04-11 02:49:44.429  3038  3060 I native-activity: 	Version: OpenGL ES 3.2 V@145.0 (GIT@I5bc0f577f9)
04-11 02:49:44.429  3038  3060 I native-activity: 	Shading Language: OpenGL ES GLSL ES 3.20
04-11 02:49:44.429  3038  3060 I native-activity: 	Extensions: GL_OES_EGL_image GL_OES_EGL_image_external GL_OES_EGL_sync GL_OES_vertex_half_float GL_OES_framebuffer_object GL_OES_rgb8_rgba8 GL_OES_compressed_ETC1_RGB8_texture GL_AMD_compressed_ATC_texture GL_KHR_texture_compression_astc_ldr GL_KHR_texture_compression_astc_hdr GL_OES_texture_compression_astc GL_OES_texture_npot GL_EXT_texture_filter_anisotropic GL_EXT_texture_format_BGRA8888 GL_OES_texture_3D GL_EXT_color_buffer_float GL_EXT_color_buffer_half_float GL_QCOM_alpha_test GL_OES_depth24 GL_OES_packed_depth_stencil GL_OES_depth_texture GL_OES_depth_texture_cube_map GL_EXT_sRGB GL_OES_texture_float GL_OES_texture_float_linear GL_OES_texture_half_float GL_OES_texture_half_float_linear GL_EXT_texture_type_2_10_10_10_REV GL_EXT_texture_sRGB_decode GL_OES_element_index_uint GL_EXT_copy_image GL_EXT_geometry_shader GL_EXT_tessellation_shader GL_OES_texture_stencil8 GL_EXT_shader_io_blocks GL_OES_shader_image_atomic GL_OES_sample_variables GL_EXT_texture_border_clamp GL_EXT_multisampled_render_to_textur
04-11 02:49:44.429  3038  3060 I native-activity: Frame 259 GL error is 0x0
04-11 02:49:44.429  3038  3060 I native-activity: Frame 259 time is 8.869ms
04-11 02:49:44.429  3038  3060 I native-activity: Doing egl_swapbuffers_sync 1
04-11 02:49:44.429  3038  3060 D native-activity: Reading pixels format 0x1908 type 0x1401 bpp 4
04-11 02:49:44.429  3038  3060 I native-activity: Read pixels, GL error is 0x0
04-11 02:49:44.429  3038  3060 I native-activity: Swap 259 time is 17.349ms
04-11 02:49:44.429  3038  3060 I native-activity: Animating
04-11 02:49:44.439  3038  3060 I native-activity: Frame 260 GL error is 0x0
04-11 02:49:44.449  3038  3060 I native-activity: Frame 260 time is 11.079ms
04-11 02:49:44.449  3038  3060 I native-activity: Doing egl_swapbuffers_sync 1
04-11 02:49:44.449  3038  3060 D native-activity: Reading pixels format 0x1908 type 0x1401 bpp 4
04-11 02:49:44.459  3038  3060 I native-activity: Read pixels, GL error is 0x0
04-11 02:49:44.459  3038  3060 I native-activity: Swap 260 time is 21.618ms
04-11 02:49:44.459  3038  3060 I native-activity: Animating
04-11 02:49:44.479  3038  3060 I native-activity: Frame 261 GL error is 0x0
04-11 02:49:44.479  3038  3060 I native-activity: Frame 261 time is 20.238ms
04-11 02:49:44.479  3038  3060 I native-activity: Doing egl_swapbuffers_sync 1
04-11 02:49:44.479  3038  3060 D native-activity: Reading pixels format 0x1908 type 0x1401 bpp 4
04-11 02:49:44.489  3038  3060 I native-activity: Read pixels, GL error is 0x0
04-11 02:49:44.489  3038  3060 I native-activity: Swap 261 time is 33.131ms
04-11 02:49:44.489  3038  3060 I native-activity: Animating
04-11 02:49:44.509  3038  3060 I native-activity: Frame 262 GL error is 0x0
04-11 02:49:44.509  3038  3060 I native-activity: Frame 262 time is 18.398ms
04-11 02:49:44.509  3038  3060 I native-activity: Doing egl_swapbuffers_sync 1
04-11 02:49:44.509  3038  3060 D native-activity: Reading pixels format 0x1908 type 0x1401 bpp 4
04-11 02:49:44.519  3038  3060 I native-activity: Read pixels, GL error is 0x0
04-11 02:49:44.519  3038  3060 I native-activity: Swap 262 time is 31.260ms
04-11 02:49:44.519  3038  3060 I native-activity: Animating
04-11 02:49:44.549  3038  3060 I native-activity: Frame 263 GL error is 0x0
04-11 02:49:44.549  3038  3060 I native-activity: Frame 263 time is 28.445ms
04-11 02:49:44.549  3038  3060 I native-activity: Doing egl_swapbuffers_sync 1
04-11 02:49:44.549  3038  3060 D native-activity: Reading pixels format 0x1908 type 0x1401 bpp 4
04-11 02:49:44.559  3038  3060 I native-activity: Read pixels, GL error is 0x0
04-11 02:49:44.559  3038  3060 I native-activity: Swap 263 time is 40.674ms
04-11 02:49:44.559  3038  3060 I native-activity: Animating
04-11 02:49:44.579  3038  3060 I native-activity: Frame 264 GL error is 0x0
04-11 02:49:44.579  3038  3060 I native-activity: Frame 264 time is 14.075ms
04-11 02:49:44.579  3038  3060 I native-activity: Doing egl_swapbuffers_sync 1
04-11 02:49:44.579  3038  3060 D native-activity: Reading pixels format 0x1908 type 0x1401 bpp 4
04-11 02:49:44.589  3038  3060 I native-activity: Read pixels, GL error is 0x0
04-11 02:49:44.589  3038  3060 I native-activity: Swap 264 time is 26.806ms
04-11 02:49:44.589  3038  3060 I native-activity: Animating
04-11 02:49:44.599  3038  3060 I native-activity: Frame 265 GL error is 0x0
04-11 02:49:44.599  3038  3060 I native-activity: Frame 265 time is 14.031ms
04-11 02:49:44.599  3038  3060 I native-activity: Doing egl_swapbuffers_sync 1
04-11 02:49:44.599  3038  3060 D native-activity: Reading pixels format 0x1908 type 0x1401 bpp 4
04-11 02:49:44.619  3038  3060 I native-activity: Read pixels, GL error is 0x0
04-11 02:49:44.619  3038  3060 I native-activity: Swap 265 time is 26.639ms
04-11 02:49:44.619  3038  3060 I native-activity: Animating
04-11 02:49:44.639  3038  3060 I native-activity: Frame 266 GL error is 0x0
04-11 02:49:44.639  3038  3060 I native-activity: Frame 266 time is 22.925ms
04-11 02:49:44.639  3038  3060 I native-activity: Doing egl_swapbuffers_sync 1
04-11 02:49:44.639  3038  3060 D native-activity: Reading pixels format 0x1908 type 0x1401 bpp 4
04-11 02:49:44.649  3038  3060 I native-activity: Read pixels, GL error is 0x0
04-11 02:49:44.649  3038  3060 I native-activity: Swap 266 time is 33.629ms
04-11 02:49:44.649  3038  3060 I native-activity: Animating
04-11 02:49:44.669  3038  3060 I native-activity: Frame 267 GL error is 0x0
04-11 02:49:44.669  3038  3060 I native-activity: Frame 267 time is 23.369ms
04-11 02:49:44.669  3038  3060 I native-activity: Doing egl_swapbuffers_sync 1
04-11 02:49:44.669  3038  3060 D native-activity: Reading pixels format 0x1908 type 0x1401 bpp 4
04-11 02:49:44.689  3038  3060 I native-activity: Read pixels, GL error is 0x0
04-11 02:49:44.689  3038  3060 I native-activity: Swap 267 time is 43.148ms
04-11 02:49:44.689  3038  3060 I native-activity: Animating
04-11 02:49:44.719  3038  3060 I native-activity: Frame 268 GL error is 0x0
04-11 02:49:44.719  3038  3060 I native-activity: Frame 268 time is 30.635ms
04-11 02:49:44.719  3038  3060 I native-activity: Doing egl_swapbuffers_sync 1
04-11 02:49:44.719  3038  3060 D native-activity: Reading pixels format 0x1908 type 0x1401 bpp 4
04-11 02:49:44.739  3038  3060 I native-activity: Read pixels, GL error is 0x0
04-11 02:49:44.739  3038  3060 I native-activity: Swap 268 time is 50.004ms
04-11 02:49:44.739  3038  3060 I native-activity: Animating
04-11 02:49:44.769  3038  3060 I native-activity: Frame 269 GL error is 0x0
04-11 02:49:44.769  3038  3060 I native-activity: Frame 269 time is 28.764ms
04-11 02:49:44.769  3038  3060 I native-activity: Doing egl_swapbuffers_sync 1
04-11 02:49:44.769  3038  3060 D native-activity: Reading pixels format 0x1908 type 0x1401 bpp 4
04-11 02:49:44.789  3038  3060 I native-activity: Read pixels, GL error is 0x0
04-11 02:49:44.789  3038  3060 I native-activity: Swap 269 time is 42.578ms
04-11 02:49:44.789  3038  3060 I native-activity: Animating
04-11 02:49:44.809  3038  3060 I native-activity: Frame 270 GL error is 0x0
04-11 02:49:44.809  3038  3060 I native-activity: Frame 270 time is 18.761ms
04-11 02:49:44.809  3038  3060 I native-activity: Doing egl_swapbuffers_sync 1
04-11 02:49:44.809  3038  3060 D native-activity: Reading pixels format 0x1908 type 0x1401 bpp 4
04-11 02:49:44.819  3038  3060 I native-activity: Read pixels, GL error is 0x0
04-11 02:49:44.819  3038  3060 I native-activity: Swap 270 time is 33.175ms
04-11 02:49:44.819  3038  3060 I native-activity: Animating
04-11 02:49:44.829  3038  3060 I native-activity: Frame 271 GL error is 0x0
04-11 02:49:44.829  3038  3060 I native-activity: Frame 271 time is 9.694ms
04-11 02:49:44.829  3038  3060 I native-activity: Doing egl_swapbuffers_sync 1
04-11 02:49:44.829  3038  3060 D native-activity: Reading pixels format 0x1908 type 0x1401 bpp 4
04-11 02:49:44.839  3038  3060 I native-activity: Read pixels, GL error is 0x0
04-11 02:49:44.839  3038  3060 I native-activity: Swap 271 time is 22.370ms
04-11 02:49:44.839  3038  3060 I native-activity: Animating
04-11 02:49:44.859  3038  3060 I native-activity: Frame 272 GL error is 0x0
04-11 02:49:44.859  3038  3060 I native-activity: Frame 272 time is 20.846ms
04-11 02:49:44.859  3038  3060 I native-activity: Doing egl_swapbuffers_sync 1
04-11 02:49:44.859  3038  3060 D native-activity: Reading pixels format 0x1908 type 0x1401 bpp 4
04-11 02:49:44.879  3038  3060 I native-activity: Read pixels, GL error is 0x0
04-11 02:49:44.879  3038  3060 I native-activity: Swap 272 time is 33.769ms
04-11 02:49:44.879  3038  3060 I native-activity: Animating
04-11 02:49:44.889  3038  3060 I native-activity: Frame 273 GL error is 0x0
04-11 02:49:44.889  3038  3060 I native-activity: Frame 273 time is 9.672ms
04-11 02:49:44.889  3038  3060 I native-activity: Doing egl_swapbuffers_sync 1
04-11 02:49:44.889  3038  3060 D native-activity: Reading pixels format 0x1908 type 0x1401 bpp 4
04-11 02:49:44.899  3038  3060 I native-activity: Read pixels, GL error is 0x0
04-11 02:49:44.899  3038  3060 I native-activity: Swap 273 time is 22.548ms
04-11 02:49:44.899  3038  3060 I native-activity: Animating
04-11 02:49:44.919  3038  3060 I native-activity: Frame 274 GL error is 0x501
04-11 02:49:44.919  3038  3060 I native-activity: Frame 274 time is 25.326ms
04-11 02:49:44.919  3038  3060 I native-activity: Doing egl_swapbuffers_sync 1
04-11 02:49:44.919  3038  3060 D native-activity: Reading pixels format 0x1908 type 0x1401 bpp 4
04-11 02:49:44.939  3038  3060 I native-activity: Read pixels, GL error is 0x0
04-11 02:49:44.939  3038  3060 I native-activity: Swap 274 time is 44.170ms
04-11 02:49:44.939  3038  3060 I native-activity: Animating
04-11 02:49:44.969  3038  3060 I native-activity: Frame 275 GL error is 0x0
04-11 02:49:44.969  3038  3060 I native-activity: Frame 275 time is 26.973ms
04-11 02:49:44.969  3038  3060 I native-activity: Doing egl_swapbuffers_sync 1
04-11 02:49:44.969  3038  3060 D native-activity: Reading pixels format 0x1908 type 0x1401 bpp 4
04-11 02:49:44.979  3038  3060 I native-activity: Read pixels, GL error is 0x0
04-11 02:49:44.979  3038  3060 I native-activity: Swap 275 time is 39.684ms
04-11 02:49:44.979  3038  3060 I native-activity: Animating
04-11 02:49:44.989  3038  3060 I native-activity: Frame 276 GL error is 0x0
04-11 02:49:44.989  3038  3060 I native-activity: Frame 276 time is 11.267ms
04-11 02:49:44.989  3038  3060 I native-activity: Doing egl_swapbuffers_sync 1
04-11 02:49:44.989  3038  3060 D native-activity: Reading pixels format 0x1908 type 0x1401 bpp 4
04-11 02:49:45.009  3038  3060 I native-activity: Read pixels, GL error is 0x0
04-11 02:49:45.009  3038  3060 I native-activity: Swap 276 time is 23.964ms
04-11 02:49:45.009  3038  3060 I native-activity: Animating
04-11 02:49:45.029  3038  3060 I native-activity: Frame 277 GL error is 0x0
04-11 02:49:45.029  3038  3060 I native-activity: Frame 277 time is 18.875ms
04-11 02:49:45.029  3038  3060 I native-activity: Doing egl_swapbuffers_sync 1
04-11 02:49:45.029  3038  3060 D native-activity: Reading pixels format 0x1908 type 0x1401 bpp 4
04-11 02:49:45.039  3038  3060 I native-activity: Read pixels, GL error is 0x0
04-11 02:49:45.039  3038  3060 I native-activity: Swap 277 time is 31.129ms
04-11 02:49:45.039  3038  3060 I native-activity: Animating
04-11 02:49:45.049  3038  3060 I native-activity: Frame 278 GL error is 0x0
04-11 02:49:45.049  3038  3060 I native-activity: Frame 278 time is 6.338ms
04-11 02:49:45.049  3038  3060 I native-activity: Doing egl_swapbuffers_sync 1
04-11 02:49:45.049  3038  3060 D native-activity: Reading pixels format 0x1908 type 0x1401 bpp 4
04-11 02:49:45.059  3038  3060 I native-activity: Read pixels, GL error is 0x0
04-11 02:49:45.059  3038  3060 I native-activity: Swap 278 time is 18.978ms
04-11 02:49:45.059  3038  3060 I native-activity: Animating
04-11 02:49:45.079  3038  3060 I native-activity: Frame 279 GL error is 0x0
04-11 02:49:45.079  3038  3060 I native-activity: Frame 279 time is 17.646ms
04-11 02:49:45.079  3038  3060 I native-activity: Doing egl_swapbuffers_sync 1
04-11 02:49:45.079  3038  3060 D native-activity: Reading pixels format 0x1908 type 0x1401 bpp 4
04-11 02:49:45.099  3038  3060 I native-activity: Read pixels, GL error is 0x0
04-11 02:49:45.099  3038  3060 I native-activity: Swap 279 time is 33.629ms
04-11 02:49:45.099  3038  3060 I native-activity: Animating
04-11 02:49:45.109  3038  3060 I native-activity: Frame 280 GL error is 0x0
04-11 02:49:45.109  3038  3060 I native-activity: Frame 280 time is 18.797ms
04-11 02:49:45.109  3038  3060 I native-activity: Doing egl_swapbuffers_sync 1
04-11 02:49:45.109  3038  3060 D native-activity: Reading pixels format 0x1908 type 0x1401 bpp 4
04-11 02:49:45.129  3038  3060 I native-activity: Read pixels, GL error is 0x0
04-11 02:49:45.129  3038  3060 I native-activity: Swap 280 time is 36.985ms
04-11 02:49:45.129  3038  3060 I native-activity: Animating
04-11 02:49:45.159  3038  3060 I native-activity: Frame 281 GL error is 0x0
04-11 02:49:45.159  3038  3060 I native-activity: Frame 281 time is 27.587ms
04-11 02:49:45.159  3038  3060 I native-activity: Doing egl_swapbuffers_sync 1
04-11 02:49:45.159  3038  3060 D native-activity: Reading pixels format 0x1908 type 0x1401 bpp 4
04-11 02:49:45.169 30475 30525 D NetworkController.MobileSignalController(0/1): onSignalStrengthsChanged signalStrength=SignalStrength: 99 99 -120 -160 -120 -1 -1 16 -115 -12 64 -1 2147483647 0x1000 gsm|lte level=1
04-11 02:49:45.169 30475 30525 D NetworkController.MobileSignalController(0/1): getMobileIconGroup(): 13
04-11 02:49:45.169 30475 30525 D NetworkController.MobileSignalController(0/1): updateATTMobileIconGroup(): 13
04-11 02:49:45.169  3038  3060 I native-activity: Read pixels, GL error is 0x0
04-11 02:49:45.169  3038  3060 I native-activity: Swap 281 time is 43.410ms
04-11 02:49:45.169  3038  3060 I native-activity: Animating
04-11 02:49:45.189  3038  3060 I native-activity: Frame 282 GL error is 0x0
04-11 02:49:45.189  3038  3060 I native-activity: Frame 282 time is 17.918ms
04-11 02:49:45.189  3038  3060 I native-activity: Doing egl_swapbuffers_sync 1
04-11 02:49:45.189  3038  3060 D native-activity: Reading pixels format 0x1908 type 0x1401 bpp 4
04-11 02:49:45.189  1434  2207 D EPDG -- [SMARTWIFI]: onSignalStrengthsChanged: Received signal strength change, phone type is: 1
04-11 02:49:45.189  1434  4692 D EPDG -- [SMARTWIFI]: lastLteRSRP is -115currentLteRSRP is -115
04-11 02:49:45.189  1434  4692 D EPDG -- [SMARTWIFI]: lastCdmaDb is -16currentCdmaDb is -16
04-11 02:49:45.189  1434  4692 V EPDG -- [SMARTWIFI]: Radio oldest entry removed
04-11 02:49:45.189  1434  4692 V EPDG -- [SMARTWIFI]: New entry : (SignalStrength: 99 99 -120 -160 -120 -1 -1 16 -115 -12 64 -1 2147483647 0x1000 gsm|lte : 0 )
04-11 02:49:45.189  1434  4692 V EPDG -- [SMARTWIFI]: Radio entry added
04-11 02:49:45.199  3038  3060 I native-activity: Read pixels, GL error is 0x0
04-11 02:49:45.199  3038  3060 I native-activity: Swap 282 time is 30.716ms
04-11 02:49:45.199  3038  3060 I native-activity: Animating
04-11 02:49:45.219  3038  3060 I native-activity: Frame 283 GL error is 0x0
04-11 02:49:45.219  3038  3060 I native-activity: Frame 283 time is 10.731ms
04-11 02:49:45.219  3038  3060 I native-activity: Doing egl_swapbuffers_sync 1
04-11 02:49:45.219  3038  3060 D native-activity: Reading pixels format 0x1908 type 0x1401 bpp 4
04-11 02:49:45.229  3038  3060 I native-activity: Read pixels, GL error is 0x0
04-11 02:49:45.229  3038  3060 I native-activity: Swap 283 time is 23.098ms
04-11 02:49:45.229  3038  3060 I native-activity: Animating
04-11 02:49:45.229  3038  3060 I native-activity: Frame 284 GL error is 0x0
04-11 02:49:45.229  3038  3060 I native-activity: Frame 284 time is 6.326ms
04-11 02:49:45.229  3038  3060 I native-activity: Doing egl_swapbuffers_sync 1
04-11 02:49:45.229  3038  3060 D native-activity: Reading pixels format 0x1908 type 0x1401 bpp 4
04-11 02:49:45.259  3038  3060 I native-activity: Read pixels, GL error is 0x0
04-11 02:49:45.259  3038  3060 I native-activity: Swap 284 time is 20.918ms
04-11 02:49:45.259  3038  3060 I native-activity: Animating
04-11 02:49:45.259  3038  3060 I native-activity: Frame 285 GL error is 0x0
04-11 02:49:45.259  3038  3060 I native-activity: Frame 285 time is 12.705ms
04-11 02:49:45.259  3038  3060 I native-activity: Doing egl_swapbuffers_sync 1
04-11 02:49:45.259  3038  3060 D native-activity: Reading pixels format 0x1908 type 0x1401 bpp 4
04-11 02:49:45.279  3038  3060 I native-activity: Read pixels, GL error is 0x0
04-11 02:49:45.279  3038  3060 I native-activity: Swap 285 time is 28.471ms
04-11 02:49:45.279  3038  3060 I native-activity: Animating
04-11 02:49:45.299  3038  3060 I native-activity: Frame 286 GL error is 0x0
04-11 02:49:45.299  3038  3060 I native-activity: Frame 286 time is 18.246ms
04-11 02:49:45.299  3038  3060 I native-activity: Doing egl_swapbuffers_sync 1
04-11 02:49:45.299  3038  3060 D native-activity: Reading pixels format 0x1908 type 0x1401 bpp 4
04-11 02:49:45.309  3038  3060 I native-activity: Read pixels, GL error is 0x0
04-11 02:49:45.309  3038  3060 I native-activity: Swap 286 time is 34.754ms
04-11 02:49:45.309  3038  3060 I native-activity: Animating
04-11 02:49:45.339  3038  3060 I native-activity: Frame 287 GL error is 0x0
04-11 02:49:45.339  3038  3060 I native-activity: Frame 287 time is 26.980ms
04-11 02:49:45.339  3038  3060 I native-activity: Doing egl_swapbuffers_sync 1
04-11 02:49:45.339  3038  3060 D native-activity: Reading pixels format 0x1908 type 0x1401 bpp 4
04-11 02:49:45.359  3038  3060 I native-activity: Read pixels, GL error is 0x0
04-11 02:49:45.359  3038  3060 I native-activity: Swap 287 time is 45.604ms
04-11 02:49:45.359  3038  3060 I native-activity: Animating
04-11 02:49:45.379  3038  3060 I native-activity: Frame 288 GL error is 0x0
04-11 02:49:45.379  3038  3060 I native-activity: Frame 288 time is 22.129ms
04-11 02:49:45.379  3038  3060 I native-activity: Doing egl_swapbuffers_sync 1
04-11 02:49:45.379  3038  3060 D native-activity: Reading pixels format 0x1908 type 0x1401 bpp 4
04-11 02:49:45.399  3038  3060 I native-activity: Read pixels, GL error is 0x0
04-11 02:49:45.399  3038  3060 I native-activity: Swap 288 time is 41.542ms
04-11 02:49:45.399  3038  3060 I native-activity: Animating
04-11 02:49:45.409  3038  3060 I native-activity: Frame 289 GL error is 0x0
04-11 02:49:45.409  3038  3060 I native-activity: Frame 289 time is 11.088ms
04-11 02:49:45.409  3038  3060 I native-activity: Doing egl_swapbuffers_sync 1
04-11 02:49:45.409  3038  3060 D native-activity: Reading pixels format 0x1908 type 0x1401 bpp 4
04-11 02:49:45.419  3038  3060 I native-activity: Read pixels, GL error is 0x0
04-11 02:49:45.419  3038  3060 I native-activity: Swap 289 time is 23.491ms
04-11 02:49:45.419  3038  3060 I native-activity: Animating
04-11 02:49:45.449  3038  3060 I native-activity: Frame 290 GL error is 0x0
04-11 02:49:45.449  3038  3060 I native-activity: Frame 290 time is 21.627ms
04-11 02:49:45.449  3038  3060 I native-activity: Doing egl_swapbuffers_sync 1
04-11 02:49:45.449  3038  3060 D native-activity: Reading pixels format 0x1908 type 0x1401 bpp 4
04-11 02:49:45.459  3038  3060 I native-activity: Read pixels, GL error is 0x0
04-11 02:49:45.459  3038  3060 I native-activity: Swap 290 time is 34.503ms
04-11 02:49:45.459  3038  3060 I native-activity: Animating
04-11 02:49:45.469  3038  3060 I native-activity: Frame 291 GL error is 0x0
04-11 02:49:45.469  3038  3060 I native-activity: Frame 291 time is 9.502ms
04-11 02:49:45.469  3038  3060 I native-activity: Doing egl_swapbuffers_sync 1
04-11 02:49:45.469  3038  3060 D native-activity: Reading pixels format 0x1908 type 0x1401 bpp 4
04-11 02:49:45.479  3038  3060 I native-activity: Read pixels, GL error is 0x0
04-11 02:49:45.479  3038  3060 I native-activity: Swap 291 time is 22.256ms
04-11 02:49:45.479  3038  3060 I native-activity: Animating
04-11 02:49:45.489  3038  3060 I native-activity: Frame 292 GL error is 0x0
04-11 02:49:45.489  3038  3060 I native-activity: Frame 292 time is 12.009ms
04-11 02:49:45.489  3038  3060 I native-activity: Doing egl_swapbuffers_sync 1
04-11 02:49:45.489  3038  3060 D native-activity: Reading pixels format 0x1908 type 0x1401 bpp 4
04-11 02:49:45.509  3038  3060 I native-activity: Read pixels, GL error is 0x0
04-11 02:49:45.509  3038  3060 I native-activity: Swap 292 time is 24.742ms
04-11 02:49:45.509  3038  3060 I native-activity: Animating
04-11 02:49:45.529  3038  3060 I native-activity: Frame 293 GL error is 0x0
04-11 02:49:45.529  3038  3060 I native-activity: Frame 293 time is 20.624ms
04-11 02:49:45.529  3038  3060 I native-activity: Doing egl_swapbuffers_sync 1
04-11 02:49:45.529  3038  3060 D native-activity: Reading pixels format 0x1908 type 0x1401 bpp 4
04-11 02:49:45.539  3038  3060 I native-activity: Read pixels, GL error is 0x0
04-11 02:49:45.539  3038  3060 I native-activity: Swap 293 time is 35.969ms
04-11 02:49:45.539  3038  3060 I native-activity: Animating
04-11 02:49:45.559  3038  3060 I native-activity: Frame 294 GL error is 0x0
04-11 02:49:45.559  3038  3060 I native-activity: Frame 294 time is 13.824ms
04-11 02:49:45.559  3038  3060 I native-activity: Doing egl_swapbuffers_sync 1
04-11 02:49:45.559  3038  3060 D native-activity: Reading pixels format 0x1908 type 0x1401 bpp 4
04-11 02:49:45.579  3038  3060 I native-activity: Read pixels, GL error is 0x0
04-11 02:49:45.579  3038  3060 I native-activity: Swap 294 time is 32.941ms
04-11 02:49:45.579  3038  3060 I native-activity: Animating
04-11 02:49:45.599  3038  3060 I native-activity: Frame 295 GL error is 0x0
04-11 02:49:45.599  3038  3060 I native-activity: Frame 295 time is 25.850ms
04-11 02:49:45.599  3038  3060 I native-activity: Doing egl_swapbuffers_sync 1
04-11 02:49:45.599  3038  3060 D native-activity: Reading pixels format 0x1908 type 0x1401 bpp 4
04-11 02:49:45.619  3038  3060 I native-activity: Read pixels, GL error is 0x0
04-11 02:49:45.619  3038  3060 I native-activity: Swap 295 time is 44.949ms
04-11 02:49:45.619  3038  3060 I native-activity: Animating
04-11 02:49:45.629  3038  3060 I native-activity: Frame 296 GL error is 0x0
04-11 02:49:45.629  3038  3060 I native-activity: Frame 296 time is 12.564ms
04-11 02:49:45.629  3038  3060 I native-activity: Doing egl_swapbuffers_sync 1
04-11 02:49:45.629  3038  3060 D native-activity: Reading pixels format 0x1908 type 0x1401 bpp 4
04-11 02:49:45.649  3038  3060 I native-activity: Read pixels, GL error is 0x0
04-11 02:49:45.649  3038  3060 I native-activity: Swap 296 time is 26.230ms
04-11 02:49:45.649  3038  3060 I native-activity: Animating
04-11 02:49:45.669  3038  3060 I native-activity: Frame 297 GL error is 0x0
04-11 02:49:45.669  3038  3060 I native-activity: Frame 297 time is 23.067ms
04-11 02:49:45.669  3038  3060 I native-activity: Doing egl_swapbuffers_sync 1
04-11 02:49:45.669  3038  3060 D native-activity: Reading pixels format 0x1908 type 0x1401 bpp 4
04-11 02:49:45.689  3038  3060 I native-activity: Read pixels, GL error is 0x0
04-11 02:49:45.689  3038  3060 I native-activity: Swap 297 time is 39.591ms
04-11 02:49:45.689  3038  3060 I native-activity: Animating
04-11 02:49:45.709  3038  3060 I native-activity: Frame 298 GL error is 0x0
04-11 02:49:45.709  3038  3060 I native-activity: Frame 298 time is 23.341ms
04-11 02:49:45.709  3038  3060 I native-activity: Doing egl_swapbuffers_sync 1
04-11 02:49:45.709  3038  3060 D native-activity: Reading pixels format 0x1908 type 0x1401 bpp 4
04-11 02:49:45.729  3038  3060 I native-activity: Read pixels, GL error is 0x0
04-11 02:49:45.729  3038  3060 I native-activity: Swap 298 time is 42.535ms
04-11 02:49:45.729  3038  3060 I native-activity: Animating
04-11 02:49:45.759  3038  3060 I native-activity: Frame 299 GL error is 0x0
04-11 02:49:45.759  3038  3060 I native-activity: Frame 299 time is 29.449ms
04-11 02:49:45.759  3038  3060 I native-activity: Doing egl_swapbuffers_sync 1
04-11 02:49:45.759  3038  3060 D native-activity: Reading pixels format 0x1908 type 0x1401 bpp 4
04-11 02:49:45.779  3038  3060 I native-activity: Read pixels, GL error is 0x0
04-11 02:49:45.779  3038  3060 I native-activity: Swap 299 time is 48.643ms
04-11 02:49:45.779  3038  3060 I native-activity: Animating
04-11 02:49:45.789  3038  3060 I native-activity: Frame 300 GL error is 0x0
04-11 02:49:45.789  3038  3060 I native-activity: Frame 300 time is 8.709ms
04-11 02:49:45.789  3038  3060 I native-activity: Doing egl_swapbuffers_sync 1
04-11 02:49:45.789  3038  3060 D native-activity: Reading pixels format 0x1908 type 0x1401 bpp 4
04-11 02:49:45.799  3038  3060 I native-activity: Read pixels, GL error is 0x0
04-11 02:49:45.799  3038  3060 I native-activity: Swap 300 time is 21.659ms
04-11 02:49:45.799  3038  3060 I native-activity: Animating
04-11 02:49:45.819  3038  3060 I native-activity: Frame 301 GL error is 0x0
04-11 02:49:45.819  3038  3060 I native-activity: Frame 301 time is 20.463ms
04-11 02:49:45.819  3038  3060 I native-activity: Doing egl_swapbuffers_sync 1
04-11 02:49:45.819  3038  3060 D native-activity: Reading pixels format 0x1908 type 0x1401 bpp 4
04-11 02:49:45.839  3038  3060 I native-activity: Read pixels, GL error is 0x0
04-11 02:49:45.839  3038  3060 I native-activity: Swap 301 time is 33.786ms
04-11 02:49:45.839  3038  3060 I native-activity: Animating
04-11 02:49:45.839  3038  3060 I native-activity: Frame 302 GL error is 0x0
04-11 02:49:45.839  3038  3060 I native-activity: Frame 302 time is 6.072ms
04-11 02:49:45.839  3038  3060 I native-activity: Doing egl_swapbuffers_sync 1
04-11 02:49:45.839  3038  3060 D native-activity: Reading pixels format 0x1908 type 0x1401 bpp 4
04-11 02:49:45.849  3038  3060 I native-activity: Read pixels, GL error is 0x0
04-11 02:49:45.849  3038  3060 I native-activity: Swap 302 time is 18.515ms
04-11 02:49:45.849  3038  3060 I native-activity: Animating
04-11 02:49:45.869  3038  3060 I native-activity: Frame 303 GL error is 0x0
04-11 02:49:45.869  3038  3060 I native-activity: Frame 303 time is 12.612ms
04-11 02:49:45.869  3038  3060 I native-activity: Doing egl_swapbuffers_sync 1
04-11 02:49:45.869  3038  3060 D native-activity: Reading pixels format 0x1908 type 0x1401 bpp 4
04-11 02:49:45.879  3038  3060 I native-activity: Read pixels, GL error is 0x0
04-11 02:49:45.879  3038  3060 I native-activity: Swap 303 time is 26.373ms
04-11 02:49:45.879  3038  3060 I native-activity: Animating
04-11 02:49:45.899  3038  3060 I native-activity: Frame 304 GL error is 0x0
04-11 02:49:45.899  3038  3060 I native-activity: Frame 304 time is 19.764ms
04-11 02:49:45.899  3038  3060 I native-activity: Doing egl_swapbuffers_sync 1
04-11 02:49:45.899  3038  3060 D native-activity: Reading pixels format 0x1908 type 0x1401 bpp 4
04-11 02:49:45.919  3038  3060 I native-activity: Read pixels, GL error is 0x0
04-11 02:49:45.919  3038  3060 I native-activity: Swap 304 time is 35.599ms
04-11 02:49:45.919  3038  3060 I native-activity: Animating
04-11 02:49:45.919  3038  3060 I native-activity: Frame 305 GL error is 0x0
04-11 02:49:45.929  3038  3060 I native-activity: Frame 305 time is 7.848ms
04-11 02:49:45.929  3038  3060 I native-activity: Doing egl_swapbuffers_sync 1
04-11 02:49:45.929  3038  3060 D native-activity: Reading pixels format 0x1908 type 0x1401 bpp 4
04-11 02:49:45.939  3038  3060 I native-activity: Read pixels, GL error is 0x0
04-11 02:49:45.939  3038  3060 I native-activity: Swap 305 time is 21.586ms
04-11 02:49:45.939  3038  3060 I native-activity: Animating
04-11 02:49:45.949  3038  3060 I native-activity: Frame 306 GL error is 0x0
04-11 02:49:45.949  3038  3060 I native-activity: Frame 306 time is 12.767ms
04-11 02:49:45.949  3038  3060 I native-activity: Doing egl_swapbuffers_sync 1
04-11 02:49:45.949  3038  3060 D native-activity: Reading pixels format 0x1908 type 0x1401 bpp 4
04-11 02:49:45.969  3038  3060 I native-activity: Read pixels, GL error is 0x0
04-11 02:49:45.969  3038  3060 I native-activity: Swap 306 time is 26.855ms
04-11 02:49:45.969  3038  3060 I native-activity: Animating
04-11 02:49:45.989  3038  3060 I native-activity: Frame 307 GL error is 0x0
04-11 02:49:45.989  3038  3060 I native-activity: Frame 307 time is 21.631ms
04-11 02:49:45.989  3038  3060 I native-activity: Doing egl_swapbuffers_sync 1
04-11 02:49:45.989  3038  3060 D native-activity: Reading pixels format 0x1908 type 0x1401 bpp 4
04-11 02:49:46.009  3038  3060 I native-activity: Read pixels, GL error is 0x0
04-11 02:49:46.009  3038  3060 I native-activity: Swap 307 time is 40.342ms
04-11 02:49:46.009  3038  3060 I native-activity: Animating
04-11 02:49:46.029  3038  3060 I native-activity: Frame 308 GL error is 0x0
04-11 02:49:46.029  3038  3060 I native-activity: Frame 308 time is 20.199ms
04-11 02:49:46.029  3038  3060 I native-activity: Doing egl_swapbuffers_sync 1
04-11 02:49:46.029  3038  3060 D native-activity: Reading pixels format 0x1908 type 0x1401 bpp 4
04-11 02:49:46.039  3038  3060 I native-activity: Read pixels, GL error is 0x0
04-11 02:49:46.039  3038  3060 I native-activity: Swap 308 time is 33.908ms
04-11 02:49:46.039  3038  3060 I native-activity: Animating
04-11 02:49:46.049  3038  3060 I native-activity: Frame 309 GL error is 0x0
04-11 02:49:46.049  3038  3060 I native-activity: Frame 309 time is 11.683ms
04-11 02:49:46.049  3038  3060 I native-activity: Doing egl_swapbuffers_sync 1
04-11 02:49:46.049  3038  3060 D native-activity: Reading pixels format 0x1908 type 0x1401 bpp 4
04-11 02:49:46.069  3038  3060 I native-activity: Read pixels, GL error is 0x0
04-11 02:49:46.069  3038  3060 I native-activity: Swap 309 time is 24.842ms
04-11 02:49:46.069  3038  3060 I native-activity: Animating
04-11 02:49:46.089  3038  3060 I native-activity: Frame 310 GL error is 0x0
04-11 02:49:46.089  3038  3060 I native-activity: Frame 310 time is 19.054ms
04-11 02:49:46.089  3038  3060 I native-activity: Doing egl_swapbuffers_sync 1
04-11 02:49:46.089  3038  3060 D native-activity: Reading pixels format 0x1908 type 0x1401 bpp 4
04-11 02:49:46.099  3038  3060 I native-activity: Read pixels, GL error is 0x0
04-11 02:49:46.099  3038  3060 I native-activity: Swap 310 time is 34.514ms
04-11 02:49:46.099  3038  3060 I native-activity: Animating
04-11 02:49:46.129  3038  3060 I native-activity: Frame 311 GL error is 0x501
04-11 02:49:46.129  3038  3060 I native-activity: Frame 311 time is 32.010ms
04-11 02:49:46.129  3038  3060 I native-activity: Doing egl_swapbuffers_sync 1
04-11 02:49:46.129  3038  3060 D native-activity: Reading pixels format 0x1908 type 0x1401 bpp 4
04-11 02:49:46.149  3038  3060 I native-activity: Read pixels, GL error is 0x0
04-11 02:49:46.149  3038  3060 I native-activity: Swap 311 time is 44.641ms
04-11 02:49:46.149  3038  3060 I native-activity: Animating
04-11 02:49:46.159  3038  3060 I native-activity: Frame 312 GL error is 0x0
04-11 02:49:46.159  3038  3060 I native-activity: Frame 312 time is 18.509ms
04-11 02:49:46.159  3038  3060 I native-activity: Doing egl_swapbuffers_sync 1
04-11 02:49:46.159  3038  3060 D native-activity: Reading pixels format 0x1908 type 0x1401 bpp 4
04-11 02:49:46.179  3038  3060 I native-activity: Read pixels, GL error is 0x0
04-11 02:49:46.179  3038  3060 I native-activity: Swap 312 time is 30.693ms
04-11 02:49:46.179  3038  3060 I native-activity: Animating
04-11 02:49:46.179  3038  3060 I native-activity: Frame 313 GL error is 0x0
04-11 02:49:46.179  3038  3060 I native-activity: Frame 313 time is 6.244ms
04-11 02:49:46.179  3038  3060 I native-activity: Doing egl_swapbuffers_sync 1
04-11 02:49:46.179  3038  3060 D native-activity: Reading pixels format 0x1908 type 0x1401 bpp 4
04-11 02:49:46.189  3038  3060 I native-activity: Read pixels, GL error is 0x0
04-11 02:49:46.189  3038  3060 I native-activity: Swap 313 time is 18.237ms
04-11 02:49:46.199  3038  3060 I native-activity: Animating
04-11 02:49:46.199  3038  3060 I native-activity: Frame 314 GL error is 0x0
04-11 02:49:46.199  3038  3060 I native-activity: Frame 314 time is 4.653ms
04-11 02:49:46.199  3038  3060 I native-activity: Doing egl_swapbuffers_sync 1
04-11 02:49:46.199  3038  3060 D native-activity: Reading pixels format 0x1908 type 0x1401 bpp 4
04-11 02:49:46.209  3038  3060 I native-activity: Read pixels, GL error is 0x0
04-11 02:49:46.209  3038  3060 I native-activity: Swap 314 time is 16.757ms
04-11 02:49:46.209  3038  3060 I native-activity: Animating
04-11 02:49:46.219  3038  3060 I native-activity: Frame 315 GL error is 0x501
04-11 02:49:46.219  3038  3060 I native-activity: Frame 315 time is 5.805ms
04-11 02:49:46.219  3038  3060 I native-activity: Doing egl_swapbuffers_sync 1
04-11 02:49:46.219  3038  3060 D native-activity: Reading pixels format 0x1908 type 0x1401 bpp 4
04-11 02:49:46.229  3038  3060 I native-activity: Read pixels, GL error is 0x0
04-11 02:49:46.229  3038  3060 I native-activity: Swap 315 time is 18.036ms
04-11 02:49:46.229  3038  3060 I native-activity: Animating
04-11 02:49:46.229  3038  3060 I native-activity: Frame 316 GL error is 0x0
04-11 02:49:46.229  3038  3060 I native-activity: Frame 316 time is 3.687ms
04-11 02:49:46.229  3038  3060 I native-activity: Doing egl_swapbuffers_sync 1
04-11 02:49:46.229  3038  3060 D native-activity: Reading pixels format 0x1908 type 0x1401 bpp 4
04-11 02:49:46.249  3038  3060 I native-activity: Read pixels, GL error is 0x0
04-11 02:49:46.249  3038  3060 I native-activity: Swap 316 time is 15.701ms
04-11 02:49:46.249  3038  3060 I native-activity: Animating
04-11 02:49:46.249  3038  3060 I native-activity: Frame 317 GL error is 0x0
04-11 02:49:46.249  3038  3060 I native-activity: Frame 317 time is 3.939ms
04-11 02:49:46.249  3038  3060 I native-activity: Doing egl_swapbuffers_sync 1
04-11 02:49:46.249  3038  3060 D native-activity: Reading pixels format 0x1908 type 0x1401 bpp 4
04-11 02:49:46.259  3038  3060 I native-activity: Read pixels, GL error is 0x0
04-11 02:49:46.259  3038  3060 I native-activity: Swap 317 time is 16.220ms
04-11 02:49:46.259  3038  3060 I native-activity: Animating
04-11 02:49:46.269  3038  3060 I native-activity: Frame 318 GL error is 0x0
04-11 02:49:46.269  3038  3060 I native-activity: Frame 318 time is 4.673ms
04-11 02:49:46.269  3038  3060 I native-activity: Doing egl_swapbuffers_sync 1
04-11 02:49:46.269  3038  3060 D native-activity: Reading pixels format 0x1908 type 0x1401 bpp 4
04-11 02:49:46.279  3038  3060 I native-activity: Read pixels, GL error is 0x0
04-11 02:49:46.279  3038  3060 I native-activity: Swap 318 time is 18.755ms
04-11 02:49:46.279  3038  3060 I native-activity: Animating
04-11 02:49:46.289  3038  3060 I native-activity: Frame 319 GL error is 0x0
04-11 02:49:46.289  3038  3060 I native-activity: Frame 319 time is 6.866ms
04-11 02:49:46.289  3038  3060 I native-activity: Doing egl_swapbuffers_sync 1
04-11 02:49:46.289  3038  3060 D native-activity: Reading pixels format 0x1908 type 0x1401 bpp 4
04-11 02:49:46.299  3038  3060 I native-activity: Read pixels, GL error is 0x0
04-11 02:49:46.299  3038  3060 I native-activity: Swap 319 time is 19.595ms
04-11 02:49:46.299  3038  3060 I native-activity: Animating
04-11 02:49:46.299  1434  2354 D BatteryService: !@BatteryListener : batteryPropertiesChanged!
04-11 02:49:46.299  1434  2354 D BatteryService: level:25, scale:100, status:3, health:9, present:true, voltage: 3721, temperature: 260, technology: Li-ion, AC powered:false, USB powered:false, POGO powered:false, Wireless powered:false, icon:17303406, invalid charger:0, maxChargingCurrent:0
04-11 02:49:46.309  3038  3060 I native-activity: Frame 320 GL error is 0x0
04-11 02:49:46.299  1434  2354 D BatteryService: online:4, current avg:-538, charge type:0, power sharing:false, high voltage charger:false, capacity:280000, batterySWSelfDischarging:false, current_now:-464
04-11 02:49:46.309  3038  3060 I native-activity: Frame 320 time is 6.563ms
04-11 02:49:46.299  1434  1434 D BatteryService: Sending ACTION_BATTERY_CHANGED.
04-11 02:49:46.309  3038  3060 I native-activity: Doing egl_swapbuffers_sync 1
04-11 02:49:46.309  3038  3060 D native-activity: Reading pixels format 0x1908 type 0x1401 bpp 4
04-11 02:49:46.309  1434  1434 I MotionRecognitionService: On Battery, 0
04-11 02:49:46.309  1434  2179 D WifiController: ApOrStaEnabledState  msg.what= 155652
04-11 02:49:46.309  1434  1434 D MotionRecognitionService:   cableConnection= 0
04-11 02:49:46.309  2724  2724 D BatteryMonitor: new battery level: 25
04-11 02:49:46.319 30475 30475 D PowerUI : Cable  true --> true mBootCompleted : false
04-11 02:49:46.319 30475 30475 D KeyguardUpdateMonitor: received broadcast android.intent.action.BATTERY_CHANGED
04-11 02:49:46.319 30475 30475 D PowerUI : Sending cableIntent : Intent { act=com.samsung.systemui.power.action.ACTION_CABLE_CONNECTED VirtualScreenParam=Params{mDisplayId=-1, null, mFlags=0x00000000)} }
04-11 02:49:46.319 30475 30475 D KeyguardUpdateMonitor: handleBatteryUpdate
04-11 02:49:46.319 30475 30475 D PowerUI : priorPlugType = 0 mPlugType =  0
04-11 02:49:46.319  3038  3060 I native-activity: Read pixels, GL error is 0x0
04-11 02:49:46.319  3038  3060 I native-activity: Swap 320 time is 19.559ms
04-11 02:49:46.319  3038  3060 I native-activity: Animating
04-11 02:49:46.329 30938 30938 I BatteryChangedReceiver: received action: android.intent.action.BATTERY_CHANGED
04-11 02:49:46.329  3038  3060 I native-activity: Frame 321 GL error is 0x0
04-11 02:49:46.329  3038  3060 I native-activity: Frame 321 time is 10.844ms
04-11 02:49:46.329  3038  3060 I native-activity: Doing egl_swapbuffers_sync 1
04-11 02:49:46.329  3038  3060 D native-activity: Reading pixels format 0x1908 type 0x1401 bpp 4
04-11 02:49:46.339 30475 30475 D BatteryMeterView: ACTION_BATTERY_CHANGED : level:25 status:3 health:9
04-11 02:49:46.339 30475 30475 D BatteryMeterView: ACTION_BATTERY_CHANGED : level:25 status:3 health:9
04-11 02:49:46.339  3038  3060 I native-activity: Read pixels, GL error is 0x0
04-11 02:49:46.339  3038  3060 I native-activity: Swap 321 time is 23.115ms
04-11 02:49:46.339  3038  3060 I native-activity: Animating
04-11 02:49:46.349  3038  3060 I native-activity: Frame 322 GL error is 0x0
04-11 02:49:46.349  3038  3060 I native-activity: Frame 322 time is 9.478ms
04-11 02:49:46.349  3038  3060 I native-activity: Doing egl_swapbuffers_sync 1
04-11 02:49:46.349  3038  3060 D native-activity: Reading pixels format 0x1908 type 0x1401 bpp 4
04-11 02:49:46.369  3038  3060 I native-activity: Read pixels, GL error is 0x0
04-11 02:49:46.369  3038  3060 I native-activity: Swap 322 time is 21.840ms
04-11 02:49:46.369  3038  3060 I native-activity: Animating
04-11 02:49:46.369  3038  3060 I native-activity: Frame 323 GL error is 0x0
04-11 02:49:46.369  3038  3060 I native-activity: Frame 323 time is 8.654ms
04-11 02:49:46.369  3038  3060 I native-activity: Doing egl_swapbuffers_sync 1
04-11 02:49:46.369  3038  3060 D native-activity: Reading pixels format 0x1908 type 0x1401 bpp 4
04-11 02:49:46.389  3038  3060 I native-activity: Read pixels, GL error is 0x0
04-11 02:49:46.389  3038  3060 I native-activity: Swap 323 time is 21.825ms
04-11 02:49:46.389  3038  3060 I native-activity: Animating
04-11 02:49:46.399  3038  3060 I native-activity: Frame 324 GL error is 0x0
04-11 02:49:46.399  3038  3060 I native-activity: Frame 324 time is 11.621ms
04-11 02:49:46.399  3038  3060 I native-activity: Doing egl_swapbuffers_sync 1
04-11 02:49:46.399  3038  3060 D native-activity: Reading pixels format 0x1908 type 0x1401 bpp 4
04-11 02:49:46.409  3038  3060 I native-activity: Read pixels, GL error is 0x0
04-11 02:49:46.409  3038  3060 I native-activity: Swap 324 time is 24.888ms
04-11 02:49:46.409  3038  3060 I native-activity: Animating
04-11 02:49:46.429  3038  3060 I native-activity: Frame 325 GL error is 0x0
04-11 02:49:46.429  3038  3060 I native-activity: Frame 325 time is 12.119ms
04-11 02:49:46.429  3038  3060 I native-activity: Doing egl_swapbuffers_sync 1
04-11 02:49:46.429  3038  3060 D native-activity: Reading pixels format 0x1908 type 0x1401 bpp 4
04-11 02:49:46.439  3038  3060 I native-activity: Read pixels, GL error is 0x0
04-11 02:49:46.439  3038  3060 I native-activity: Swap 325 time is 27.081ms
04-11 02:49:46.439  3038  3060 I native-activity: Animating
04-11 02:49:46.459  3038  3060 I native-activity: Frame 326 GL error is 0x0
04-11 02:49:46.459  3038  3060 I native-activity: Frame 326 time is 19.673ms
04-11 02:49:46.459  3038  3060 I native-activity: Doing egl_swapbuffers_sync 1
04-11 02:49:46.459  3038  3060 D native-activity: Reading pixels format 0x1908 type 0x1401 bpp 4
04-11 02:49:46.479  3038  3060 I native-activity: Read pixels, GL error is 0x0
04-11 02:49:46.479  3038  3060 I native-activity: Swap 326 time is 36.018ms
04-11 02:49:46.479  3038  3060 I native-activity: Animating
04-11 02:49:46.479  3038  3060 I native-activity: Frame 327 GL error is 0x0
04-11 02:49:46.479  3038  3060 I native-activity: Frame 327 time is 7.225ms
04-11 02:49:46.479  3038  3060 I native-activity: Doing egl_swapbuffers_sync 1
04-11 02:49:46.479  3038  3060 D native-activity: Reading pixels format 0x1908 type 0x1401 bpp 4
04-11 02:49:46.499  3038  3060 I native-activity: Read pixels, GL error is 0x0
04-11 02:49:46.499  3038  3060 I native-activity: Swap 327 time is 21.517ms
04-11 02:49:46.499  3038  3060 I native-activity: Animating
04-11 02:49:46.509  3038  3060 I native-activity: Frame 328 GL error is 0x0
04-11 02:49:46.509  3038  3060 I native-activity: Frame 328 time is 12.485ms
04-11 02:49:46.509  3038  3060 I native-activity: Doing egl_swapbuffers_sync 1
04-11 02:49:46.509  3038  3060 D native-activity: Reading pixels format 0x1908 type 0x1401 bpp 4
04-11 02:49:46.519  3038  3060 I native-activity: Read pixels, GL error is 0x0
04-11 02:49:46.519  3038  3060 I native-activity: Swap 328 time is 26.161ms
04-11 02:49:46.529  3038  3060 I native-activity: Animating
04-11 02:49:46.549  3038  3060 I native-activity: Frame 329 GL error is 0x0
04-11 02:49:46.549  3038  3060 I native-activity: Frame 329 time is 20.954ms
04-11 02:49:46.549  3038  3060 I native-activity: Doing egl_swapbuffers_sync 1
04-11 02:49:46.549  3038  3060 D native-activity: Reading pixels format 0x1908 type 0x1401 bpp 4
04-11 02:49:46.559  3038  3060 I native-activity: Read pixels, GL error is 0x0
04-11 02:49:46.559  3038  3060 I native-activity: Swap 329 time is 36.389ms
04-11 02:49:46.559  3038  3060 I native-activity: Animating
04-11 02:49:46.569  3038  3060 I native-activity: Frame 330 GL error is 0x0
04-11 02:49:46.569  3038  3060 I native-activity: Frame 330 time is 10.114ms
04-11 02:49:46.569  3038  3060 I native-activity: Doing egl_swapbuffers_sync 1
04-11 02:49:46.569  3038  3060 D native-activity: Reading pixels format 0x1908 type 0x1401 bpp 4
04-11 02:49:46.589  3038  3060 I native-activity: Read pixels, GL error is 0x0
04-11 02:49:46.589  3038  3060 I native-activity: Swap 330 time is 23.576ms
04-11 02:49:46.589  3038  3060 I native-activity: Animating
04-11 02:49:46.609  3038  3060 I native-activity: Frame 331 GL error is 0x0
04-11 02:49:46.609  3038  3060 I native-activity: Frame 331 time is 20.440ms
04-11 02:49:46.609  3038  3060 I native-activity: Doing egl_swapbuffers_sync 1
04-11 02:49:46.609  3038  3060 D native-activity: Reading pixels format 0x1908 type 0x1401 bpp 4
04-11 02:49:46.619  3038  3060 I native-activity: Read pixels, GL error is 0x0
04-11 02:49:46.619  3038  3060 I native-activity: Swap 331 time is 34.585ms
04-11 02:49:46.619  3038  3060 I native-activity: Animating
04-11 02:49:46.629  3038  3060 I native-activity: Frame 332 GL error is 0x0
04-11 02:49:46.629  3038  3060 I native-activity: Frame 332 time is 9.232ms
04-11 02:49:46.629  3038  3060 I native-activity: Doing egl_swapbuffers_sync 1
04-11 02:49:46.629  3038  3060 D native-activity: Reading pixels format 0x1908 type 0x1401 bpp 4
04-11 02:49:46.639  3038  3060 I native-activity: Read pixels, GL error is 0x0
04-11 02:49:46.639  3038  3060 I native-activity: Swap 332 time is 22.781ms
04-11 02:49:46.639  3038  3060 I native-activity: Animating
04-11 02:49:46.659  3038  3060 I native-activity: Frame 333 GL error is 0x0
04-11 02:49:46.659  3038  3060 I native-activity: Frame 333 time is 20.079ms
04-11 02:49:46.659  3038  3060 I native-activity: Doing egl_swapbuffers_sync 1
04-11 02:49:46.659  3038  3060 D native-activity: Reading pixels format 0x1908 type 0x1401 bpp 4
04-11 02:49:46.679  3038  3060 I native-activity: Read pixels, GL error is 0x0
04-11 02:49:46.679  3038  3060 I native-activity: Swap 333 time is 33.690ms
04-11 02:49:46.679  3038  3060 I native-activity: Animating
04-11 02:49:46.679  3038  3060 I native-activity: Frame 334 GL error is 0x0
04-11 02:49:46.679  3038  3060 I native-activity: Frame 334 time is 6.533ms
04-11 02:49:46.679  3038  3060 I native-activity: Doing egl_swapbuffers_sync 1
04-11 02:49:46.679  3038  3060 D native-activity: Reading pixels format 0x1908 type 0x1401 bpp 4
04-11 02:49:46.699  3038  3060 I native-activity: Read pixels, GL error is 0x0
04-11 02:49:46.699  3038  3060 I native-activity: Swap 334 time is 19.569ms
04-11 02:49:46.699  3038  3060 I native-activity: Animating
04-11 02:49:46.709  3038  3060 I native-activity: Frame 335 GL error is 0x0
04-11 02:49:46.709  3038  3060 I native-activity: Frame 335 time is 10.766ms
04-11 02:49:46.709  3038  3060 I native-activity: Doing egl_swapbuffers_sync 1
04-11 02:49:46.709  3038  3060 D native-activity: Reading pixels format 0x1908 type 0x1401 bpp 4
04-11 02:49:46.719  3038  3060 I native-activity: Read pixels, GL error is 0x0
04-11 02:49:46.719  3038  3060 I native-activity: Swap 335 time is 23.942ms
04-11 02:49:46.719  3038  3060 I native-activity: Animating
04-11 02:49:46.739  3038  3060 I native-activity: Frame 336 GL error is 0x0
04-11 02:49:46.739  3038  3060 I native-activity: Frame 336 time is 14.606ms
04-11 02:49:46.739  3038  3060 I native-activity: Doing egl_swapbuffers_sync 1
04-11 02:49:46.739  3038  3060 D native-activity: Reading pixels format 0x1908 type 0x1401 bpp 4
04-11 02:49:46.749  3038  3060 I native-activity: Read pixels, GL error is 0x0
04-11 02:49:46.749  3038  3060 I native-activity: Swap 336 time is 31.057ms
04-11 02:49:46.749  3038  3060 I native-activity: Animating
04-11 02:49:46.769  3038  3060 I native-activity: Frame 337 GL error is 0x0
04-11 02:49:46.769  3038  3060 I native-activity: Frame 337 time is 16.726ms
04-11 02:49:46.769  3038  3060 I native-activity: Doing egl_swapbuffers_sync 1
04-11 02:49:46.769  3038  3060 D native-activity: Reading pixels format 0x1908 type 0x1401 bpp 4
04-11 02:49:46.789  3038  3060 I native-activity: Read pixels, GL error is 0x0
04-11 02:49:46.789  3038  3060 I native-activity: Swap 337 time is 34.644ms
04-11 02:49:46.789  3038  3060 I native-activity: Animating
04-11 02:49:46.809  3038  3060 I native-activity: Frame 338 GL error is 0x0
04-11 02:49:46.809  3038  3060 I native-activity: Frame 338 time is 22.168ms
04-11 02:49:46.809  3038  3060 I native-activity: Doing egl_swapbuffers_sync 1
