04-13 01:18:54.702  3443  3458 I native-activity: Frame 468 time is 17.561ms
04-13 01:18:54.712  3443  3458 I native-activity: Swap 468 time is 19.107ms
04-13 01:18:54.712  3443  3458 I native-activity: Animating
04-13 01:18:54.732  3443  3458 I native-activity: Frame 469 GL error is 0x501
04-13 01:18:54.732  3443  3458 I native-activity: Frame 469 time is 22.371ms
04-13 01:18:54.732  3443  3458 I native-activity: Swap 469 time is 24.395ms
04-13 01:18:54.732  3443  3458 I native-activity: Animating
04-13 01:18:54.742  3443  3458 I native-activity: Frame 470 GL error is 0x0
04-13 01:18:54.742  3443  3458 I native-activity: Frame 470 time is 12.777ms
04-13 01:18:54.752  3443  3458 I native-activity: Swap 470 time is 14.706ms
04-13 01:18:54.752  3443  3458 I native-activity: Animating
04-13 01:18:54.762  3443  3458 I native-activity: Frame 471 GL error is 0x0
04-13 01:18:54.762  3443  3458 I native-activity: Frame 471 time is 9.276ms
04-13 01:18:54.762  3443  3458 I native-activity: Swap 471 time is 10.681ms
04-13 01:18:54.762  3443  3458 I native-activity: Animating
04-13 01:18:54.772  3443  3458 I native-activity: Frame 472 GL error is 0x0
04-13 01:18:54.772  3443  3458 I native-activity: Frame 472 time is 13.380ms
04-13 01:18:54.772  3443  3458 I native-activity: Swap 472 time is 14.867ms
04-13 01:18:54.772  3443  3458 I native-activity: Animating
04-13 01:18:54.792  3443  3458 I native-activity: Frame 473 GL error is 0x0
04-13 01:18:54.792  3443  3458 I native-activity: Frame 473 time is 14.220ms
04-13 01:18:54.792  3443  3458 I native-activity: Swap 473 time is 15.132ms
04-13 01:18:54.792  3443  3458 I native-activity: Animating
04-13 01:18:54.812  3443  3458 I native-activity: Frame 474 GL error is 0x0
04-13 01:18:54.812  3443  3458 I native-activity: Frame 474 time is 18.017ms
04-13 01:18:54.812  3443  3458 I native-activity: Swap 474 time is 19.701ms
04-13 01:18:54.812  3443  3458 I native-activity: Animating
04-13 01:18:54.822  3443  3458 I native-activity: Frame 475 GL error is 0x0
04-13 01:18:54.822  3443  3458 I native-activity: Frame 475 time is 14.996ms
04-13 01:18:54.822  3443  3458 I native-activity: Swap 475 time is 16.763ms
04-13 01:18:54.822  3443  3458 I native-activity: Animating
04-13 01:18:54.842  3443  3458 I native-activity: Frame 476 GL error is 0x0
04-13 01:18:54.842  3443  3458 I native-activity: Frame 476 time is 15.917ms
04-13 01:18:54.842  3443  3458 I native-activity: Swap 476 time is 17.817ms
04-13 01:18:54.842  1434  2460 D BatteryService: !@BatteryListener : batteryPropertiesChanged!
04-13 01:18:54.842  3443  3458 I native-activity: Animating
04-13 01:18:54.842  1434  2460 D BatteryService: level:90, scale:100, status:2, health:2, present:true, voltage: 4292, temperature: 247, technology: Li-ion, AC powered:false, USB powered:true, POGO powered:false, Wireless powered:false, icon:17303420, invalid charger:0, maxChargingCurrent:0
04-13 01:18:54.842  1434  2460 D BatteryService: online:6, current avg:559, charge type:1, power sharing:false, high voltage charger:false, capacity:280000, batterySWSelfDischarging:false, current_now:455
04-13 01:18:54.842  1434  1434 D BatteryService: Sending ACTION_BATTERY_CHANGED.
04-13 01:18:54.852  1434  1434 I MotionRecognitionService: Plugged
04-13 01:18:54.852  1434  1434 D MotionRecognitionService:   cableConnection= 1
04-13 01:18:54.852  1434  1434 D MotionRecognitionService: setPowerConnected | current backoffstate  = 1024 , state =1024
04-13 01:18:54.852  1434  1434 D MotionRecognitionService: skip setTransmitPower. 
04-13 01:18:54.852  1434  2179 D WifiController: ApOrStaEnabledState  msg.what= 155652
04-13 01:18:54.852  2724  2724 D BatteryMonitor: new battery level: 90
04-13 01:18:54.862  3443  3458 I native-activity: Frame 477 GL error is 0x0
04-13 01:18:54.862  3443  3458 I native-activity: Frame 477 time is 15.151ms
04-13 01:18:54.862  3443  3458 I native-activity: Swap 477 time is 16.937ms
04-13 01:18:54.862  3443  3458 I native-activity: Animating
04-13 01:18:54.862 30475 30475 D KeyguardUpdateMonitor: received broadcast android.intent.action.BATTERY_CHANGED
04-13 01:18:54.862 30475 30475 D KeyguardUpdateMonitor: handleBatteryUpdate
04-13 01:18:54.862 30475 30475 D PowerUI : Cable  true --> true mBootCompleted : false
04-13 01:18:54.862 30475 30475 D PowerUI : Sending cableIntent : Intent { act=com.samsung.systemui.power.action.ACTION_CABLE_CONNECTED VirtualScreenParam=Params{mDisplayId=-1, null, mFlags=0x00000000)} }
04-13 01:18:54.862 30475 30475 D PowerUI : priorPlugType = 2 mPlugType =  2
04-13 01:18:54.872 30475 30475 D PowerUI.Notification: showChargingNotice oldChargingType : 1 currentChargingType : 1 oldChargingTime : 1131000 mChargingTime : 1131000
04-13 01:18:54.872 30475 30475 D PowerUI.Notification: There is no change about charging status, so return!
04-13 01:18:54.872 30475 30475 D BatteryMeterView: ACTION_BATTERY_CHANGED : level:90 status:2 health:2
04-13 01:18:54.872 30475 30475 D BatteryMeterView: ACTION_BATTERY_CHANGED : level:90 status:2 health:2
04-13 01:18:54.872  3443  3458 I native-activity: Frame 478 GL error is 0x0
04-13 01:18:54.872  3443  3458 I native-activity: Frame 478 time is 14.460ms
04-13 01:18:54.872 30938 30938 I BatteryChangedReceiver: received action: android.intent.action.BATTERY_CHANGED
04-13 01:18:54.882  3443  3458 I native-activity: Swap 478 time is 17.264ms
04-13 01:18:54.882  3443  3458 I native-activity: Animating
04-13 01:18:54.892  3443  3458 I native-activity: Frame 479 GL error is 0x0
04-13 01:18:54.892  3443  3458 I native-activity: Frame 479 time is 13.075ms
04-13 01:18:54.892  3443  3458 I native-activity: Swap 479 time is 14.729ms
04-13 01:18:54.892  3443  3458 I native-activity: Animating
04-13 01:18:54.902  3443  3458 I native-activity: Frame 480 GL error is 0x0
04-13 01:18:54.902  3443  3458 I native-activity: Frame 480 time is 13.213ms
04-13 01:18:54.912  3443  3458 I native-activity: Swap 480 time is 14.344ms
04-13 01:18:54.912  3443  3458 I native-activity: Animating
04-13 01:18:54.922  3443  3458 I native-activity: Frame 481 GL error is 0x0
04-13 01:18:54.922  3443  3458 I native-activity: Frame 481 time is 14.839ms
04-13 01:18:54.922  3443  3458 I native-activity: Swap 481 time is 15.962ms
04-13 01:18:54.922  3443  3458 I native-activity: Animating
04-13 01:18:54.942  3443  3458 I native-activity: Frame 482 GL error is 0x0
04-13 01:18:54.942  3443  3458 I native-activity: Frame 482 time is 16.088ms
04-13 01:18:54.942  3443  3458 I native-activity: Swap 482 time is 17.538ms
04-13 01:18:54.942  3443  3458 I native-activity: Animating
04-13 01:18:54.952  3443  3458 I native-activity: Frame 483 GL error is 0x0
04-13 01:18:54.952  3443  3458 I native-activity: Frame 483 time is 15.351ms
04-13 01:18:54.962  3443  3458 I native-activity: Swap 483 time is 16.991ms
04-13 01:18:54.962  3443  3458 I native-activity: Animating
04-13 01:18:54.972  3443  3458 I native-activity: Frame 484 GL error is 0x0
04-13 01:18:54.972  3443  3458 I native-activity: Frame 484 time is 15.847ms
04-13 01:18:54.972  3443  3458 I native-activity: Swap 484 time is 17.466ms
04-13 01:18:54.972  3443  3458 I native-activity: Animating
04-13 01:18:54.992  3443  3458 I native-activity: Frame 485 GL error is 0x0
04-13 01:18:54.992  3443  3458 I native-activity: Frame 485 time is 16.091ms
04-13 01:18:54.992  3443  3458 I native-activity: Swap 485 time is 17.913ms
04-13 01:18:54.992  3443  3458 I native-activity: Animating
04-13 01:18:55.012  3443  3458 I native-activity: Frame 486 GL error is 0x0
04-13 01:18:55.012  3443  3458 I native-activity: Frame 486 time is 16.539ms
04-13 01:18:55.012  3443  3458 I native-activity: Swap 486 time is 19.333ms
04-13 01:18:55.012  3443  3458 I native-activity: Animating
04-13 01:18:55.022  3443  3458 I native-activity: Frame 487 GL error is 0x0
04-13 01:18:55.022  3443  3458 I native-activity: Frame 487 time is 11.677ms
04-13 01:18:55.032  3443  3458 I native-activity: Swap 487 time is 13.955ms
04-13 01:18:55.032  3443  3458 I native-activity: Animating
04-13 01:18:55.042  3443  3458 I native-activity: Frame 488 GL error is 0x0
04-13 01:18:55.042  3443  3458 I native-activity: Frame 488 time is 14.961ms
04-13 01:18:55.042  3443  3458 I native-activity: Swap 488 time is 17.240ms
04-13 01:18:55.042  3443  3458 I native-activity: Animating
04-13 01:18:55.062  3443  3458 I native-activity: Frame 489 GL error is 0x0
04-13 01:18:55.062  3443  3458 I native-activity: Frame 489 time is 13.083ms
04-13 01:18:55.062  3443  3458 I native-activity: Swap 489 time is 15.171ms
04-13 01:18:55.062  3443  3458 I native-activity: Animating
04-13 01:18:55.072  3443  3458 I native-activity: Frame 490 GL error is 0x0
04-13 01:18:55.072  3443  3458 I native-activity: Frame 490 time is 15.018ms
04-13 01:18:55.082  3443  3458 I native-activity: Swap 490 time is 16.653ms
04-13 01:18:55.082  3443  3458 I native-activity: Animating
04-13 01:18:55.092  3443  3458 I native-activity: Frame 491 GL error is 0x0
04-13 01:18:55.092  3443  3458 I native-activity: Frame 491 time is 13.473ms
04-13 01:18:55.092  3443  3458 I native-activity: Swap 491 time is 15.104ms
04-13 01:18:55.092  3443  3458 I native-activity: Animating
04-13 01:18:55.112  3443  3458 I native-activity: Frame 492 GL error is 0x0
04-13 01:18:55.112  3443  3458 I native-activity: Frame 492 time is 15.512ms
04-13 01:18:55.112  3443  3458 I native-activity: Swap 492 time is 16.959ms
04-13 01:18:55.112  3443  3458 I native-activity: Animating
04-13 01:18:55.122  3443  3458 I native-activity: Frame 493 GL error is 0x0
04-13 01:18:55.122  3443  3458 I native-activity: Frame 493 time is 16.234ms
04-13 01:18:55.132  3443  3458 I native-activity: Swap 493 time is 19.050ms
04-13 01:18:55.132  3443  3458 I native-activity: Animating
04-13 01:18:55.142  3443  3458 I native-activity: Frame 494 GL error is 0x0
04-13 01:18:55.142  3443  3458 I native-activity: Frame 494 time is 14.463ms
04-13 01:18:55.142  3443  3458 I native-activity: Swap 494 time is 17.373ms
04-13 01:18:55.142  3443  3458 I native-activity: Animating
04-13 01:18:55.162  3443  3458 I native-activity: Frame 495 GL error is 0x0
04-13 01:18:55.162  3443  3458 I native-activity: Frame 495 time is 16.361ms
04-13 01:18:55.162  3443  3458 I native-activity: Swap 495 time is 18.990ms
04-13 01:18:55.162  3443  3458 I native-activity: Animating
04-13 01:18:55.172  3443  3458 I native-activity: Frame 496 GL error is 0x0
04-13 01:18:55.172  3443  3458 I native-activity: Frame 496 time is 9.688ms
04-13 01:18:55.182  3443  3458 I native-activity: Swap 496 time is 12.614ms
04-13 01:18:55.182  3443  3458 I native-activity: Animating
04-13 01:18:55.192  3443  3458 I native-activity: Frame 497 GL error is 0x0
04-13 01:18:55.192  3443  3458 I native-activity: Frame 497 time is 14.581ms
04-13 01:18:55.192  3443  3458 I native-activity: Swap 497 time is 16.172ms
04-13 01:18:55.192  3443  3458 I native-activity: Animating
04-13 01:18:55.202  3443  3458 I native-activity: Frame 498 GL error is 0x0
04-13 01:18:55.212  3443  3458 I native-activity: Frame 498 time is 11.797ms
04-13 01:18:55.212  3443  3458 I native-activity: Swap 498 time is 13.557ms
04-13 01:18:55.212  3443  3458 I native-activity: Animating
04-13 01:18:55.222  3443  3458 I native-activity: Frame 499 GL error is 0x0
04-13 01:18:55.222  3443  3458 I native-activity: Frame 499 time is 14.229ms
04-13 01:18:55.222  3443  3458 I native-activity: Swap 499 time is 15.906ms
04-13 01:18:55.222  3443  3458 I native-activity: Animating
04-13 01:18:55.242  3443  3458 I native-activity: Frame 500 GL error is 0x0
04-13 01:18:55.242  3443  3458 I native-activity: Frame 500 time is 17.571ms
04-13 01:18:55.242  3443  3458 I native-activity: Swap 500 time is 19.702ms
04-13 01:18:55.242  3443  3458 I native-activity: Animating
04-13 01:18:55.262  3443  3458 I native-activity: Frame 501 GL error is 0x0
04-13 01:18:55.262  3443  3458 I native-activity: Frame 501 time is 17.093ms
04-13 01:18:55.262  3443  3458 I native-activity: Swap 501 time is 18.904ms
04-13 01:18:55.262  3443  3458 I native-activity: Animating
04-13 01:18:55.272  3443  3458 I native-activity: Frame 502 GL error is 0x0
04-13 01:18:55.272  3443  3458 I native-activity: Frame 502 time is 11.264ms
04-13 01:18:55.272  3443  3458 I native-activity: Swap 502 time is 12.825ms
04-13 01:18:55.282  3443  3458 I native-activity: Animating
04-13 01:18:55.292  3443  3458 I native-activity: Frame 503 GL error is 0x0
04-13 01:18:55.292  3443  3458 I native-activity: Frame 503 time is 16.393ms
04-13 01:18:55.292  3443  3458 I native-activity: Swap 503 time is 18.653ms
04-13 01:18:55.292  3443  3458 I native-activity: Animating
04-13 01:18:55.312  3443  3458 I native-activity: Frame 504 GL error is 0x0
04-13 01:18:55.312  3443  3458 I native-activity: Frame 504 time is 15.378ms
04-13 01:18:55.312  3443  3458 I native-activity: Swap 504 time is 18.373ms
04-13 01:18:55.312  3443  3458 I native-activity: Animating
04-13 01:18:55.322  3443  3458 I native-activity: Frame 505 GL error is 0x0
04-13 01:18:55.322  3443  3458 I native-activity: Frame 505 time is 10.961ms
04-13 01:18:55.332  3443  3458 I native-activity: Swap 505 time is 12.998ms
04-13 01:18:55.332  3443  3458 I native-activity: Animating
04-13 01:18:55.342  3443  3458 I native-activity: Frame 506 GL error is 0x0
04-13 01:18:55.342  3443  3458 I native-activity: Frame 506 time is 17.062ms
04-13 01:18:55.342  3443  3458 I native-activity: Swap 506 time is 18.810ms
04-13 01:18:55.342  3443  3458 I native-activity: Animating
04-13 01:18:55.362  3443  3458 I native-activity: Frame 507 GL error is 0x0
04-13 01:18:55.362  3443  3458 I native-activity: Frame 507 time is 14.489ms
04-13 01:18:55.362  3443  3458 I native-activity: Swap 507 time is 16.201ms
04-13 01:18:55.362  3443  3458 I native-activity: Animating
04-13 01:18:55.372  1434  2122 V AlarmManager: Expired Alarm result :4
04-13 01:18:55.372  1434  2122 V AlarmManager: AppSync scheduleAlarms: changed --- PendingIntent{774ddc1: PendingIntentRecord{8b0e7bb com.facebook.work broadcastIntent}}
04-13 01:18:55.382  3443  3458 I native-activity: Frame 508 GL error is 0x0
04-13 01:18:55.382  3443  3458 I native-activity: Frame 508 time is 15.809ms
04-13 01:18:55.382  1434  2122 V AlarmManager: AppSync scheduleAlarms: changed --- PendingIntent{675a9ef: PendingIntentRecord{35b622d com.facebook.workchat broadcastIntent}}
04-13 01:18:55.382  3443  3458 I native-activity: Swap 508 time is 17.336ms
04-13 01:18:55.382  3443  3458 I native-activity: Animating
04-13 01:18:55.392  3443  3458 I native-activity: Frame 509 GL error is 0x0
04-13 01:18:55.392  3443  3458 I native-activity: Frame 509 time is 13.005ms
04-13 01:18:55.392  1434  1531 V BroadcastQueue: [background] Process cur broadcast BroadcastRecord{483ff3d u0 null qIdx=4}, state= (APP_RECEIVE) DELIVERED for app ProcessRecord{82d12e6 3266:com.google.android.gms.persistent/u0a24}
04-13 01:18:55.402  3443  3458 I native-activity: Swap 509 time is 16.835ms
04-13 01:18:55.402  3443  3458 I native-activity: Animating
04-13 01:18:55.422  1434  2584 V BroadcastQueue: [background] Process cur broadcast BroadcastRecord{365239 u0 com.google.android.gms.gcm.ACTION_CHECK_QUEUE qIdx=4}, state= (APP_RECEIVE) DELIVERED for app ProcessRecord{82d12e6 3266:com.google.android.gms.persistent/u0a24}
04-13 01:18:55.432  3443  3458 I native-activity: Frame 510 GL error is 0x0
04-13 01:18:55.432  3443  3458 I native-activity: Frame 510 time is 29.792ms
04-13 01:18:55.432  3443  3458 I native-activity: Swap 510 time is 31.464ms
04-13 01:18:55.432  3443  3458 I native-activity: Animating
04-13 01:18:55.442  3443  3458 I native-activity: Frame 511 GL error is 0x0
04-13 01:18:55.442  1434  2161 V AlarmManager:  remove PendingIntent] PendingIntent{a95368a: PendingIntentRecord{57c4497 com.facebook.work broadcastIntent}}
04-13 01:18:55.442  3443  3458 I native-activity: Frame 511 time is 9.755ms
04-13 01:18:55.442  3443  3458 I native-activity: Swap 511 time is 11.761ms
04-13 01:18:55.442  3443  3458 I native-activity: Animating
04-13 01:18:55.452  3443  3458 I native-activity: Frame 512 GL error is 0x0
04-13 01:18:55.452  3443  3458 I native-activity: Frame 512 time is 5.663ms
04-13 01:18:55.452  3443  3458 I native-activity: Swap 512 time is 6.820ms
04-13 01:18:55.452  3443  3458 I native-activity: Animating
04-13 01:18:55.452  1434  2575 V AlarmManager:  remove PendingIntent] PendingIntent{e274fb: PendingIntentRecord{da7af2f com.google.android.gms broadcastIntent}}
04-13 01:18:55.452  3443  3458 I native-activity: Frame 513 GL error is 0x0
04-13 01:18:55.452  3443  3458 I native-activity: Frame 513 time is 8.307ms
04-13 01:18:55.462  3443  3458 I native-activity: Swap 513 time is 9.270ms
04-13 01:18:55.462  3443  3458 I native-activity: Animating
04-13 01:18:55.472  3266  3461 E NetworkScheduler: Unable to resolve correct action against com.facebook.katana/com.facebook.api.feedcache.resync.NewsFeedCacheInvalidationGCMService for user #0 to instantiate callback. Not executing task.
04-13 01:18:55.472  3443  3458 I native-activity: Frame 514 GL error is 0x0
04-13 01:18:55.472  3443  3458 I native-activity: Frame 514 time is 16.283ms
04-13 01:18:55.472  1434  1453 V AlarmManager:  remove PendingIntent] PendingIntent{5327918: PendingIntentRecord{b5aa3ae com.facebook.workchat broadcastIntent}}
04-13 01:18:55.482  3443  3458 I native-activity: Swap 514 time is 19.753ms
04-13 01:18:55.482  3443  3458 I native-activity: Animating
04-13 01:18:55.492  3443  3458 I native-activity: Frame 515 GL error is 0x0
04-13 01:18:55.492  3443  3458 I native-activity: Frame 515 time is 13.635ms
04-13 01:18:55.492  3443  3458 I native-activity: Swap 515 time is 14.554ms
04-13 01:18:55.492  3443  3458 I native-activity: Animating
04-13 01:18:55.512  3443  3458 I native-activity: Frame 516 GL error is 0x0
04-13 01:18:55.512  3443  3458 I native-activity: Frame 516 time is 14.993ms
04-13 01:18:55.512  3443  3458 I native-activity: Swap 516 time is 15.809ms
04-13 01:18:55.512  3443  3458 I native-activity: Animating
04-13 01:18:55.522  3443  3458 I native-activity: Frame 517 GL error is 0x0
04-13 01:18:55.522  3443  3458 I native-activity: Frame 517 time is 15.438ms
04-13 01:18:55.522  3443  3458 I native-activity: Swap 517 time is 16.773ms
04-13 01:18:55.522  3443  3458 I native-activity: Animating
04-13 01:18:55.522  3266  3479 D SecWifiDisplayUtil: Metadata value : SecSettings2
04-13 01:18:55.542  3443  3458 I native-activity: Frame 518 GL error is 0x0
04-13 01:18:55.542  3443  3458 I native-activity: Frame 518 time is 15.093ms
04-13 01:18:55.542  3443  3458 I native-activity: Swap 518 time is 15.870ms
04-13 01:18:55.542  3443  3458 I native-activity: Animating
04-13 01:18:55.542  1434  2588 V AlarmManager:  remove PendingIntent] PendingIntent{fe48873: PendingIntentRecord{763ee4a com.facebook.workchat broadcastIntent}}
04-13 01:18:55.562  3443  3458 I native-activity: Frame 519 GL error is 0x0
04-13 01:18:55.562  3443  3458 I native-activity: Frame 519 time is 17.159ms
04-13 01:18:55.562  3443  3458 I native-activity: Swap 519 time is 18.445ms
04-13 01:18:55.562  3443  3458 I native-activity: Animating
04-13 01:18:55.562  1434  3657 V AlarmManager:  remove PendingIntent] PendingIntent{1d35330: PendingIntentRecord{1aac71d com.facebook.work broadcastIntent}}
04-13 01:18:55.572  3443  3458 I native-activity: Frame 520 GL error is 0x0
04-13 01:18:55.572  3443  3458 I native-activity: Frame 520 time is 14.924ms
04-13 01:18:55.572  3443  3458 I native-activity: Swap 520 time is 15.910ms
04-13 01:18:55.572  3443  3458 I native-activity: Animating
04-13 01:18:55.592  3443  3458 I native-activity: Frame 521 GL error is 0x0
04-13 01:18:55.592  3443  3458 I native-activity: Frame 521 time is 15.002ms
04-13 01:18:55.592  3443  3458 I native-activity: Swap 521 time is 15.745ms
04-13 01:18:55.592  3443  3458 I native-activity: Animating
04-13 01:18:55.612  3443  3458 I native-activity: Frame 522 GL error is 0x0
04-13 01:18:55.612  3443  3458 I native-activity: Frame 522 time is 17.250ms
04-13 01:18:55.612  3443  3458 I native-activity: Swap 522 time is 18.482ms
04-13 01:18:55.612  3443  3458 I native-activity: Animating
04-13 01:18:55.622  3443  3458 I native-activity: Frame 523 GL error is 0x0
04-13 01:18:55.622  3443  3458 I native-activity: Frame 523 time is 14.823ms
04-13 01:18:55.622  3443  3458 I native-activity: Swap 523 time is 15.795ms
04-13 01:18:55.622  3443  3458 I native-activity: Animating
04-13 01:18:55.652  3443  3458 I native-activity: Frame 524 GL error is 0x0
04-13 01:18:55.652  3443  3458 I native-activity: Frame 524 time is 21.357ms
04-13 01:18:55.652  3443  3458 I native-activity: Swap 524 time is 23.499ms
04-13 01:18:55.652  3443  3458 I native-activity: Animating
04-13 01:18:55.662  3443  3458 I native-activity: Frame 525 GL error is 0x0
04-13 01:18:55.662  3443  3458 I native-activity: Frame 525 time is 14.575ms
04-13 01:18:55.662  3443  3458 I native-activity: Swap 525 time is 17.007ms
04-13 01:18:55.662  3443  3458 I native-activity: Animating
04-13 01:18:55.692  3443  3458 I native-activity: Frame 526 GL error is 0x0
04-13 01:18:55.692  3443  3458 I native-activity: Frame 526 time is 29.313ms
04-13 01:18:55.702  3443  3458 I native-activity: Swap 526 time is 32.515ms
04-13 01:18:55.702  3443  3458 I native-activity: Animating
04-13 01:18:55.712  3443  3458 I native-activity: Frame 527 GL error is 0x0
04-13 01:18:55.712  3443  3458 I native-activity: Frame 527 time is 13.478ms
04-13 01:18:55.712  3443  3458 I native-activity: Swap 527 time is 15.674ms
04-13 01:18:55.712  3443  3458 I native-activity: Animating
04-13 01:18:55.722  3443  3458 I native-activity: Frame 528 GL error is 0x0
04-13 01:18:55.722  3443  3458 I native-activity: Frame 528 time is 10.089ms
04-13 01:18:55.732  3443  3458 I native-activity: Swap 528 time is 11.463ms
04-13 01:18:55.732  3443  3458 I native-activity: Animating
04-13 01:18:55.742  3443  3458 I native-activity: Frame 529 GL error is 0x0
04-13 01:18:55.742  3443  3458 I native-activity: Frame 529 time is 11.879ms
04-13 01:18:55.742  3443  3458 I native-activity: Swap 529 time is 13.501ms
04-13 01:18:55.742  3443  3458 I native-activity: Animating
04-13 01:18:55.752  3443  3458 I native-activity: Frame 530 GL error is 0x0
04-13 01:18:55.752  3443  3458 I native-activity: Frame 530 time is 10.558ms
04-13 01:18:55.752  3443  3458 I native-activity: Swap 530 time is 12.525ms
04-13 01:18:55.752  3443  3458 I native-activity: Animating
04-13 01:18:55.762  3443  3458 I native-activity: Frame 531 GL error is 0x0
04-13 01:18:55.762  3443  3458 I native-activity: Frame 531 time is 11.165ms
04-13 01:18:55.762  3443  3458 I native-activity: Swap 531 time is 12.335ms
04-13 01:18:55.762  3443  3458 I native-activity: Animating
04-13 01:18:55.782  3443  3458 I native-activity: Frame 532 GL error is 0x0
04-13 01:18:55.782  3443  3458 I native-activity: Frame 532 time is 11.238ms
04-13 01:18:55.782  3443  3458 I native-activity: Swap 532 time is 12.893ms
04-13 01:18:55.782  3443  3458 I native-activity: Animating
04-13 01:18:55.792  3443  3458 I native-activity: Frame 533 GL error is 0x0
04-13 01:18:55.792  3443  3458 I native-activity: Frame 533 time is 15.502ms
04-13 01:18:55.792  3443  3458 I native-activity: Swap 533 time is 17.113ms
04-13 01:18:55.792  3443  3458 I native-activity: Animating
04-13 01:18:55.822  3443  3458 I native-activity: Frame 534 GL error is 0x0
04-13 01:18:55.822  3443  3458 I native-activity: Frame 534 time is 21.804ms
04-13 01:18:55.822  3443  3458 I native-activity: Swap 534 time is 24.159ms
04-13 01:18:55.822  3443  3458 I native-activity: Animating
04-13 01:18:55.832  3443  3458 I native-activity: Frame 535 GL error is 0x0
04-13 01:18:55.832  3443  3458 I native-activity: Frame 535 time is 16.228ms
04-13 01:18:55.842  3443  3458 I native-activity: Swap 535 time is 18.828ms
04-13 01:18:55.842  3443  3458 I native-activity: Animating
04-13 01:18:55.852  3443  3458 I native-activity: Frame 536 GL error is 0x0
04-13 01:18:55.852  3443  3458 I native-activity: Frame 536 time is 10.235ms
04-13 01:18:55.852  3443  3458 I native-activity: Swap 536 time is 11.437ms
04-13 01:18:55.852  3443  3458 I native-activity: Animating
04-13 01:18:55.862  3443  3458 I native-activity: Frame 537 GL error is 0x0
04-13 01:18:55.862  3443  3458 I native-activity: Frame 537 time is 10.637ms
04-13 01:18:55.862  3443  3458 I native-activity: Swap 537 time is 12.448ms
04-13 01:18:55.862  3443  3458 I native-activity: Animating
04-13 01:18:55.882  3443  3458 I native-activity: Frame 538 GL error is 0x0
04-13 01:18:55.882  3443  3458 I native-activity: Frame 538 time is 15.693ms
04-13 01:18:55.882  3443  3458 I native-activity: Swap 538 time is 17.234ms
04-13 01:18:55.882  3443  3458 I native-activity: Animating
04-13 01:18:55.902  3443  3458 I native-activity: Frame 539 GL error is 0x0
04-13 01:18:55.902  3443  3458 I native-activity: Frame 539 time is 17.642ms
04-13 01:18:55.902  3443  3458 I native-activity: Swap 539 time is 19.266ms
04-13 01:18:55.902  3443  3458 I native-activity: Animating
04-13 01:18:55.912  3443  3458 I native-activity: Frame 540 GL error is 0x0
04-13 01:18:55.912  3443  3458 I native-activity: Frame 540 time is 10.152ms
04-13 01:18:55.912  3443  3458 I native-activity: Swap 540 time is 11.948ms
04-13 01:18:55.912  3443  3458 I native-activity: Animating
04-13 01:18:55.932  3443  3458 I native-activity: Frame 541 GL error is 0x0
04-13 01:18:55.932  3443  3458 I native-activity: Frame 541 time is 14.470ms
04-13 01:18:55.932  3443  3458 I native-activity: Swap 541 time is 16.594ms
04-13 01:18:55.932  3443  3458 I native-activity: Animating
04-13 01:18:55.942  3443  3458 I native-activity: Frame 542 GL error is 0x0
04-13 01:18:55.942  3443  3458 I native-activity: Frame 542 time is 16.914ms
04-13 01:18:55.952  3443  3458 I native-activity: Swap 542 time is 19.053ms
04-13 01:18:55.952  3443  3458 I native-activity: Animating
04-13 01:18:55.962  3443  3458 I native-activity: Frame 543 GL error is 0x0
04-13 01:18:55.962  3443  3458 I native-activity: Frame 543 time is 13.280ms
04-13 01:18:55.962  3443  3458 I native-activity: Swap 543 time is 14.751ms
04-13 01:18:55.962  3443  3458 I native-activity: Animating
04-13 01:18:55.982  3443  3458 I native-activity: Frame 544 GL error is 0x0
04-13 01:18:55.982  3443  3458 I native-activity: Frame 544 time is 16.641ms
04-13 01:18:55.982  3443  3458 I native-activity: Swap 544 time is 18.531ms
04-13 01:18:55.982  3443  3458 I native-activity: Animating
04-13 01:18:56.002  3443  3458 I native-activity: Frame 545 GL error is 0x0
04-13 01:18:56.002  3443  3458 I native-activity: Frame 545 time is 16.118ms
04-13 01:18:56.002  3443  3458 I native-activity: Swap 545 time is 17.821ms
04-13 01:18:56.002  3443  3458 I native-activity: Animating
04-13 01:18:56.032  3443  3458 I native-activity: Frame 546 GL error is 0x0
04-13 01:18:56.032  3443  3458 I native-activity: Frame 546 time is 28.482ms
04-13 01:18:56.032  3443  3458 I native-activity: Swap 546 time is 29.953ms
04-13 01:18:56.032  3443  3458 I native-activity: Animating
04-13 01:18:56.042  3443  3458 I native-activity: Frame 547 GL error is 0x0
04-13 01:18:56.042  3443  3458 I native-activity: Frame 547 time is 9.507ms
04-13 01:18:56.042  3443  3458 I native-activity: Swap 547 time is 11.319ms
04-13 01:18:56.042  3443  3458 I native-activity: Animating
04-13 01:18:56.052  3443  3458 I native-activity: Frame 548 GL error is 0x0
04-13 01:18:56.052  3443  3458 I native-activity: Frame 548 time is 7.491ms
04-13 01:18:56.052  3443  3458 I native-activity: Swap 548 time is 8.904ms
04-13 01:18:56.052  3443  3458 I native-activity: Animating
04-13 01:18:56.062  3443  3458 I native-activity: Frame 549 GL error is 0x0
04-13 01:18:56.062  3443  3458 I native-activity: Frame 549 time is 14.551ms
04-13 01:18:56.062  3443  3458 I native-activity: Swap 549 time is 15.829ms
04-13 01:18:56.072  3443  3458 I native-activity: Animating
04-13 01:18:56.082  3443  3458 I native-activity: Frame 550 GL error is 0x0
04-13 01:18:56.082  3443  3458 I native-activity: Frame 550 time is 12.549ms
04-13 01:18:56.082  3443  3458 I native-activity: Swap 550 time is 14.264ms
04-13 01:18:56.082  3443  3458 I native-activity: Animating
04-13 01:18:56.092  3443  3458 I native-activity: Frame 551 GL error is 0x0
04-13 01:18:56.092  3443  3458 I native-activity: Frame 551 time is 13.880ms
04-13 01:18:56.092  3443  3458 I native-activity: Swap 551 time is 15.131ms
04-13 01:18:56.092  3443  3458 I native-activity: Animating
04-13 01:18:56.112  3443  3458 I native-activity: Frame 552 GL error is 0x0
04-13 01:18:56.112  3443  3458 I native-activity: Frame 552 time is 16.089ms
04-13 01:18:56.112  3443  3458 I native-activity: Swap 552 time is 17.770ms
04-13 01:18:56.112  3443  3458 I native-activity: Animating
04-13 01:18:56.132  3443  3458 I native-activity: Frame 553 GL error is 0x0
04-13 01:18:56.132  3443  3458 I native-activity: Frame 553 time is 19.629ms
04-13 01:18:56.142  3443  3458 I native-activity: Swap 553 time is 23.100ms
04-13 01:18:56.142  3443  3458 I native-activity: Animating
04-13 01:18:56.152  3443  3458 I native-activity: Frame 554 GL error is 0x0
04-13 01:18:56.152  3443  3458 I native-activity: Frame 554 time is 10.269ms
04-13 01:18:56.152  3443  3458 I native-activity: Swap 554 time is 13.484ms
04-13 01:18:56.152  3443  3458 I native-activity: Animating
04-13 01:18:56.172  3443  3458 I native-activity: Frame 555 GL error is 0x0
04-13 01:18:56.172  3443  3458 I native-activity: Frame 555 time is 15.906ms
04-13 01:18:56.172  3443  3458 I native-activity: Swap 555 time is 18.211ms
04-13 01:18:56.172  3443  3458 I native-activity: Animating
04-13 01:18:56.182  3443  3458 I native-activity: Frame 556 GL error is 0x0
04-13 01:18:56.182  3443  3458 I native-activity: Frame 556 time is 9.695ms
04-13 01:18:56.182  3443  3458 I native-activity: Swap 556 time is 11.996ms
04-13 01:18:56.182  3443  3458 I native-activity: Animating
04-13 01:18:56.192  3443  3458 I native-activity: Frame 557 GL error is 0x0
04-13 01:18:56.192  3443  3458 I native-activity: Frame 557 time is 13.586ms
04-13 01:18:56.202  3443  3458 I native-activity: Swap 557 time is 15.272ms
04-13 01:18:56.202  3443  3458 I native-activity: Animating
04-13 01:18:56.212  3443  3458 I native-activity: Frame 558 GL error is 0x0
04-13 01:18:56.212  3443  3458 I native-activity: Frame 558 time is 16.649ms
04-13 01:18:56.222  3443  3458 I native-activity: Swap 558 time is 18.938ms
04-13 01:18:56.222  3443  3458 I native-activity: Animating
04-13 01:18:56.232  3443  3458 I native-activity: Frame 559 GL error is 0x0
04-13 01:18:56.232  3443  3458 I native-activity: Frame 559 time is 16.486ms
04-13 01:18:56.232  3443  3458 I native-activity: Swap 559 time is 18.614ms
04-13 01:18:56.232  3443  3458 I native-activity: Animating
04-13 01:18:56.252  3443  3458 I native-activity: Frame 560 GL error is 0x0
04-13 01:18:56.252  3443  3458 I native-activity: Frame 560 time is 12.611ms
04-13 01:18:56.252  3443  3458 I native-activity: Swap 560 time is 15.006ms
04-13 01:18:56.252  3443  3458 I native-activity: Animating
04-13 01:18:56.272  3443  3458 I native-activity: Frame 561 GL error is 0x0
04-13 01:18:56.272  3443  3458 I native-activity: Frame 561 time is 20.884ms
04-13 01:18:56.282  3443  3458 I native-activity: Swap 561 time is 25.621ms
04-13 01:18:56.282  3443  3458 I native-activity: Animating
04-13 01:18:56.282  3443  3458 I native-activity: Frame 562 GL error is 0x0
04-13 01:18:56.282  3443  3458 I native-activity: Frame 562 time is 6.282ms
04-13 01:18:56.282  3443  3458 I native-activity: Swap 562 time is 7.628ms
04-13 01:18:56.282  3443  3458 I native-activity: Animating
04-13 01:18:56.302  3443  3458 I native-activity: Frame 563 GL error is 0x0
04-13 01:18:56.302  3443  3458 I native-activity: Frame 563 time is 14.102ms
04-13 01:18:56.302  3443  3458 I native-activity: Swap 563 time is 15.461ms
04-13 01:18:56.302  3443  3458 I native-activity: Animating
04-13 01:18:56.312  3443  3458 I native-activity: Frame 564 GL error is 0x0
04-13 01:18:56.312  3443  3458 I native-activity: Frame 564 time is 11.328ms
04-13 01:18:56.312  3443  3458 I native-activity: Swap 564 time is 12.480ms
04-13 01:18:56.312  3443  3458 I native-activity: Animating
04-13 01:18:56.332  3443  3458 I native-activity: Frame 565 GL error is 0x0
04-13 01:18:56.332  3443  3458 I native-activity: Frame 565 time is 21.067ms
04-13 01:18:56.342  3443  3458 I native-activity: Swap 565 time is 23.452ms
04-13 01:18:56.342  3443  3458 I native-activity: Animating
04-13 01:18:56.352  3443  3458 I native-activity: Frame 566 GL error is 0x0
04-13 01:18:56.352  3443  3458 I native-activity: Frame 566 time is 12.869ms
04-13 01:18:56.352  3443  3458 I native-activity: Swap 566 time is 14.927ms
04-13 01:18:56.352  3443  3458 I native-activity: Animating
04-13 01:18:56.362  3443  3458 I native-activity: Frame 567 GL error is 0x0
04-13 01:18:56.362  3443  3458 I native-activity: Frame 567 time is 11.672ms
04-13 01:18:56.362  3443  3458 I native-activity: Swap 567 time is 13.206ms
04-13 01:18:56.362  3443  3458 I native-activity: Animating
04-13 01:18:56.382  3443  3458 I native-activity: Frame 568 GL error is 0x0
04-13 01:18:56.382  3443  3458 I native-activity: Frame 568 time is 14.313ms
04-13 01:18:56.382  3443  3458 I native-activity: Swap 568 time is 15.865ms
04-13 01:18:56.382  3443  3458 I native-activity: Animating
04-13 01:18:56.402  3443  3458 I native-activity: Frame 569 GL error is 0x0
04-13 01:18:56.402  3443  3458 I native-activity: Frame 569 time is 15.216ms
04-13 01:18:56.402  3443  3458 I native-activity: Swap 569 time is 17.157ms
04-13 01:18:56.402  3443  3458 I native-activity: Animating
04-13 01:18:56.412  3443  3458 I native-activity: Frame 570 GL error is 0x0
04-13 01:18:56.412  3443  3458 I native-activity: Frame 570 time is 15.557ms
04-13 01:18:56.422  3443  3458 I native-activity: Swap 570 time is 17.537ms
04-13 01:18:56.422  3443  3458 I native-activity: Animating
04-13 01:18:56.432  3443  3458 I native-activity: Frame 571 GL error is 0x0
04-13 01:18:56.432  3443  3458 I native-activity: Frame 571 time is 14.541ms
04-13 01:18:56.432  3443  3458 I native-activity: Swap 571 time is 16.645ms
04-13 01:18:56.432  3443  3458 I native-activity: Animating
04-13 01:18:56.452  3443  3458 I native-activity: Frame 572 GL error is 0x0
04-13 01:18:56.452  3443  3458 I native-activity: Frame 572 time is 16.248ms
04-13 01:18:56.452  3443  3458 I native-activity: Swap 572 time is 18.357ms
04-13 01:18:56.452  3443  3458 I native-activity: Animating
04-13 01:18:56.462  3443  3458 I native-activity: Frame 573 GL error is 0x0
04-13 01:18:56.472  3443  3458 I native-activity: Frame 573 time is 13.892ms
04-13 01:18:56.472  3443  3458 I native-activity: Swap 573 time is 16.392ms
04-13 01:18:56.472  3443  3458 I native-activity: Animating
04-13 01:18:56.482  3443  3458 I native-activity: Frame 574 GL error is 0x0
04-13 01:18:56.482  3443  3458 I native-activity: Frame 574 time is 15.488ms
04-13 01:18:56.492  3443  3458 I native-activity: Swap 574 time is 17.194ms
04-13 01:18:56.492  3443  3458 I native-activity: Animating
04-13 01:18:56.502  3443  3458 I native-activity: Frame 575 GL error is 0x0
04-13 01:18:56.502  3443  3458 I native-activity: Frame 575 time is 12.733ms
04-13 01:18:56.502  3443  3458 I native-activity: Swap 575 time is 14.059ms
04-13 01:18:56.502  3443  3458 I native-activity: Animating
04-13 01:18:56.522  3443  3458 I native-activity: Frame 576 GL error is 0x0
04-13 01:18:56.522  3443  3458 I native-activity: Frame 576 time is 15.830ms
04-13 01:18:56.522  3443  3458 I native-activity: Swap 576 time is 17.467ms
04-13 01:18:56.522  3443  3458 I native-activity: Animating
04-13 01:18:56.532  3443  3458 I native-activity: Frame 577 GL error is 0x0
04-13 01:18:56.532  3443  3458 I native-activity: Frame 577 time is 15.893ms
04-13 01:18:56.532  3443  3458 I native-activity: Swap 577 time is 17.426ms
04-13 01:18:56.542  3443  3458 I native-activity: Animating
04-13 01:18:56.552  3443  3458 I native-activity: Frame 578 GL error is 0x0
04-13 01:18:56.552  3443  3458 I native-activity: Frame 578 time is 11.920ms
04-13 01:18:56.552  3443  3458 I native-activity: Swap 578 time is 13.491ms
04-13 01:18:56.552  3443  3458 I native-activity: Animating
04-13 01:18:56.572  3443  3458 I native-activity: Frame 579 GL error is 0x0
04-13 01:18:56.572  3443  3458 I native-activity: Frame 579 time is 18.307ms
04-13 01:18:56.572  3443  3458 I native-activity: Swap 579 time is 19.276ms
04-13 01:18:56.572  3443  3458 I native-activity: Animating
04-13 01:18:56.592  3443  3458 I native-activity: Frame 580 GL error is 0x0
04-13 01:18:56.592  3443  3458 I native-activity: Frame 580 time is 18.309ms
04-13 01:18:56.592  3443  3458 I native-activity: Swap 580 time is 20.042ms
04-13 01:18:56.592  3443  3458 I native-activity: Animating
04-13 01:18:56.612  3443  3458 I native-activity: Frame 581 GL error is 0x0
04-13 01:18:56.612  3443  3458 I native-activity: Frame 581 time is 18.353ms
04-13 01:18:56.612  3443  3458 I native-activity: Swap 581 time is 20.053ms
04-13 01:18:56.612  3443  3458 I native-activity: Animating
04-13 01:18:56.622  3443  3458 I native-activity: Frame 582 GL error is 0x0
04-13 01:18:56.622  3443  3458 I native-activity: Frame 582 time is 8.509ms
04-13 01:18:56.622  3443  3458 I native-activity: Swap 582 time is 9.641ms
04-13 01:18:56.622  3443  3458 I native-activity: Animating
04-13 01:18:56.632  3443  3458 I native-activity: Frame 583 GL error is 0x0
04-13 01:18:56.632  3443  3458 I native-activity: Frame 583 time is 9.939ms
04-13 01:18:56.632  3443  3458 I native-activity: Swap 583 time is 11.092ms
04-13 01:18:56.632  3443  3458 I native-activity: Animating
04-13 01:18:56.652  3443  3458 I native-activity: Frame 584 GL error is 0x0
04-13 01:18:56.652  3443  3458 I native-activity: Frame 584 time is 15.273ms
04-13 01:18:56.652  3443  3458 I native-activity: Swap 584 time is 16.364ms
04-13 01:18:56.652  3443  3458 I native-activity: Animating
04-13 01:18:56.672  3443  3458 I native-activity: Frame 585 GL error is 0x0
04-13 01:18:56.672  3443  3458 I native-activity: Frame 585 time is 18.745ms
04-13 01:18:56.672  3443  3458 I native-activity: Swap 585 time is 20.498ms
04-13 01:18:56.672  3443  3458 I native-activity: Animating
04-13 01:18:56.692  3443  3458 I native-activity: Frame 586 GL error is 0x0
04-13 01:18:56.692  3443  3458 I native-activity: Frame 586 time is 19.946ms
04-13 01:18:56.692  3443  3458 I native-activity: Swap 586 time is 23.754ms
04-13 01:18:56.692  3443  3458 I native-activity: Animating
04-13 01:18:56.712  3443  3458 I native-activity: Frame 587 GL error is 0x0
04-13 01:18:56.712  3443  3458 I native-activity: Frame 587 time is 18.244ms
04-13 01:18:56.712  3443  3458 I native-activity: Swap 587 time is 20.296ms
04-13 01:18:56.712  3443  3458 I native-activity: Animating
04-13 01:18:56.722  3443  3458 I native-activity: Frame 588 GL error is 0x0
04-13 01:18:56.722  3443  3458 I native-activity: Frame 588 time is 11.858ms
04-13 01:18:56.732  3443  3458 I native-activity: Swap 588 time is 14.332ms
04-13 01:18:56.732  3443  3458 I native-activity: Animating
04-13 01:18:56.742  3443  3458 I native-activity: Frame 589 GL error is 0x0
04-13 01:18:56.742  3443  3458 I native-activity: Frame 589 time is 11.660ms
04-13 01:18:56.742  3443  3458 I native-activity: Swap 589 time is 13.303ms
04-13 01:18:56.742  3443  3458 I native-activity: Animating
04-13 01:18:56.752  3443  3458 I native-activity: Frame 590 GL error is 0x0
04-13 01:18:56.752  3443  3458 I native-activity: Frame 590 time is 8.289ms
04-13 01:18:56.752  3443  3458 I native-activity: Swap 590 time is 9.426ms
04-13 01:18:56.752  3443  3458 I native-activity: Animating
04-13 01:18:56.762  3443  3458 I native-activity: Frame 591 GL error is 0x0
04-13 01:18:56.762  3443  3458 I native-activity: Frame 591 time is 14.461ms
04-13 01:18:56.772  3443  3458 I native-activity: Swap 591 time is 16.100ms
04-13 01:18:56.772  3443  3458 I native-activity: Animating
04-13 01:18:56.792  3443  3458 I native-activity: Frame 592 GL error is 0x501
04-13 01:18:56.792  3443  3458 I native-activity: Frame 592 time is 22.136ms
04-13 01:18:56.792  3443  3458 I native-activity: Swap 592 time is 24.434ms
04-13 01:18:56.792  3443  3458 I native-activity: Animating
04-13 01:18:56.802  3443  3458 I native-activity: Frame 593 GL error is 0x0
04-13 01:18:56.802  3443  3458 I native-activity: Frame 593 time is 12.090ms
04-13 01:18:56.802  3443  3458 I native-activity: Swap 593 time is 13.810ms
04-13 01:18:56.802  3443  3458 I native-activity: Animating
04-13 01:18:56.812  3443  3458 I native-activity: Frame 594 GL error is 0x0
04-13 01:18:56.812  3443  3458 I native-activity: Frame 594 time is 9.047ms
04-13 01:18:56.822  3443  3458 I native-activity: Swap 594 time is 10.522ms
04-13 01:18:56.822  3443  3458 I native-activity: Animating
04-13 01:18:56.842  3443  3458 I native-activity: Frame 595 GL error is 0x0
04-13 01:18:56.842  3443  3458 I native-activity: Frame 595 time is 23.326ms
04-13 01:18:56.842  3443  3458 I native-activity: Swap 595 time is 24.856ms
04-13 01:18:56.842  3443  3458 I native-activity: Animating
04-13 01:18:56.852  3443  3458 I native-activity: Frame 596 GL error is 0x0
04-13 01:18:56.852  3443  3458 I native-activity: Frame 596 time is 11.225ms
04-13 01:18:56.852  3443  3458 I native-activity: Swap 596 time is 13.433ms
04-13 01:18:56.852  3443  3458 I native-activity: Animating
04-13 01:18:56.862  3443  3458 I native-activity: Frame 597 GL error is 0x0
04-13 01:18:56.862  3443  3458 I native-activity: Frame 597 time is 8.904ms
04-13 01:18:56.862  3443  3458 I native-activity: Swap 597 time is 10.115ms
04-13 01:18:56.862  3443  3458 I native-activity: Animating
04-13 01:18:56.892  3443  3458 I native-activity: Frame 598 GL error is 0x0
04-13 01:18:56.892  3443  3458 I native-activity: Frame 598 time is 23.772ms
04-13 01:18:56.892  3443  3458 I native-activity: Swap 598 time is 25.960ms
04-13 01:18:56.892  3443  3458 I native-activity: Animating
04-13 01:18:56.902  3443  3458 I native-activity: Frame 599 GL error is 0x0
04-13 01:18:56.902  3443  3458 I native-activity: Frame 599 time is 12.500ms
04-13 01:18:56.902  3443  3458 I native-activity: Swap 599 time is 14.170ms
04-13 01:18:56.902  3443  3458 I native-activity: Animating
04-13 01:18:56.922  3443  3458 I native-activity: Frame 600 GL error is 0x0
04-13 01:18:56.922  3443  3458 I native-activity: Frame 600 time is 12.074ms
04-13 01:18:56.922  3443  3458 I native-activity: Swap 600 time is 13.237ms
04-13 01:18:56.922  3443  3458 I native-activity: Animating
04-13 01:18:56.932  3443  3458 I native-activity: Frame 601 GL error is 0x0
04-13 01:18:56.932  3443  3458 I native-activity: Frame 601 time is 16.026ms
04-13 01:18:56.942  3443  3458 I native-activity: Swap 601 time is 17.657ms
04-13 01:18:56.942  3443  3458 I native-activity: Animating
04-13 01:18:56.952  3443  3458 I native-activity: Frame 602 GL error is 0x0
04-13 01:18:56.952  3443  3458 I native-activity: Frame 602 time is 12.116ms
04-13 01:18:56.952  3443  3458 I native-activity: Swap 602 time is 13.680ms
04-13 01:18:56.952  3443  3458 I native-activity: Animating
04-13 01:18:56.962  3443  3458 I native-activity: Frame 603 GL error is 0x0
04-13 01:18:56.962  3443  3458 I native-activity: Frame 603 time is 15.229ms
04-13 01:18:56.972  3443  3458 I native-activity: Swap 603 time is 16.767ms
04-13 01:18:56.972  3443  3458 I native-activity: Animating
04-13 01:18:56.982  3443  3458 I native-activity: Frame 604 GL error is 0x0
04-13 01:18:56.982  3443  3458 I native-activity: Frame 604 time is 17.101ms
04-13 01:18:56.992  3443  3458 I native-activity: Swap 604 time is 18.979ms
04-13 01:18:56.992  3443  3458 I native-activity: Animating
04-13 01:18:57.002  3443  3458 I native-activity: Frame 605 GL error is 0x0
04-13 01:18:57.002  3443  3458 I native-activity: Frame 605 time is 15.771ms
04-13 01:18:57.002  3443  3458 I native-activity: Swap 605 time is 17.320ms
04-13 01:18:57.002  3443  3458 I native-activity: Animating
04-13 01:18:57.022  3443  3458 I native-activity: Frame 606 GL error is 0x0
04-13 01:18:57.022  3443  3458 I native-activity: Frame 606 time is 14.973ms
04-13 01:18:57.022  3443  3458 I native-activity: Swap 606 time is 16.789ms
04-13 01:18:57.022  3443  3458 I native-activity: Animating
04-13 01:18:57.032  3443  3458 I native-activity: Frame 607 GL error is 0x0
04-13 01:18:57.032  3443  3458 I native-activity: Frame 607 time is 13.472ms
04-13 01:18:57.042  3443  3458 I native-activity: Swap 607 time is 15.269ms
04-13 01:18:57.042  3443  3458 I native-activity: Animating
04-13 01:18:57.052  3443  3458 I native-activity: Frame 608 GL error is 0x0
04-13 01:18:57.052  3443  3458 I native-activity: Frame 608 time is 17.638ms
04-13 01:18:57.062  3443  3458 I native-activity: Swap 608 time is 19.870ms
04-13 01:18:57.062  3443  3458 I native-activity: Animating
04-13 01:18:57.072  3443  3458 I native-activity: Frame 609 GL error is 0x0
04-13 01:18:57.072  3443  3458 I native-activity: Frame 609 time is 16.981ms
04-13 01:18:57.082  3443  3458 I native-activity: Swap 609 time is 20.042ms
04-13 01:18:57.082  3443  3458 I native-activity: Animating
04-13 01:18:57.092  3443  3458 I native-activity: Frame 610 GL error is 0x0
04-13 01:18:57.092  3443  3458 I native-activity: Frame 610 time is 14.375ms
04-13 01:18:57.092  3443  3458 I native-activity: Swap 610 time is 16.135ms
04-13 01:18:57.092  3443  3458 I native-activity: Animating
04-13 01:18:57.102  3443  3458 I native-activity: Frame 611 GL error is 0x0
04-13 01:18:57.102  3443  3458 I native-activity: Frame 611 time is 11.738ms
04-13 01:18:57.112  3443  3458 I native-activity: Swap 611 time is 13.543ms
04-13 01:18:57.112  3443  3458 I native-activity: Animating
04-13 01:18:57.122  3443  3458 I native-activity: Frame 612 GL error is 0x0
04-13 01:18:57.122  3443  3458 I native-activity: Frame 612 time is 9.465ms
04-13 01:18:57.122  3443  3458 I native-activity: Swap 612 time is 10.851ms
04-13 01:18:57.122  3443  3458 I native-activity: Animating
04-13 01:18:57.152  3443  3458 I native-activity: Frame 613 GL error is 0x0
04-13 01:18:57.152  3443  3458 I native-activity: Frame 613 time is 34.215ms
04-13 01:18:57.152  3443  3458 I native-activity: Swap 613 time is 35.415ms
04-13 01:18:57.152  3443  3458 I native-activity: Animating
04-13 01:18:57.162  3443  3458 I native-activity: Frame 614 GL error is 0x0
04-13 01:18:57.162  3443  3458 I native-activity: Frame 614 time is 8.863ms
04-13 01:18:57.162  3443  3458 I native-activity: Swap 614 time is 10.658ms
04-13 01:18:57.162  3443  3458 I native-activity: Animating
04-13 01:18:57.172  3443  3458 I native-activity: Frame 615 GL error is 0x0
04-13 01:18:57.172  3443  3458 I native-activity: Frame 615 time is 7.210ms
04-13 01:18:57.182  3443  3458 I native-activity: Swap 615 time is 15.517ms
04-13 01:18:57.182  3443  3458 I native-activity: Animating
04-13 01:18:57.192  3443  3458 I native-activity: Frame 616 GL error is 0x0
04-13 01:18:57.192  3443  3458 I native-activity: Frame 616 time is 8.424ms
04-13 01:18:57.192  3443  3458 I native-activity: Swap 616 time is 15.815ms
04-13 01:18:57.202  3443  3458 I native-activity: Animating
04-13 01:18:57.202  3443  3458 I native-activity: Frame 617 GL error is 0x0
04-13 01:18:57.202  3443  3458 I native-activity: Frame 617 time is 8.011ms
04-13 01:18:57.212  3443  3458 I native-activity: Swap 617 time is 16.680ms
04-13 01:18:57.212  3443  3458 I native-activity: Animating
04-13 01:18:57.222  3443  3458 I native-activity: Frame 618 GL error is 0x0
04-13 01:18:57.222  3443  3458 I native-activity: Frame 618 time is 8.025ms
04-13 01:18:57.232  3443  3458 I native-activity: Swap 618 time is 16.135ms
04-13 01:18:57.232  3443  3458 I native-activity: Animating
04-13 01:18:57.232  3443  3458 I native-activity: Frame 619 GL error is 0x0
04-13 01:18:57.232  3443  3458 I native-activity: Frame 619 time is 5.190ms
04-13 01:18:57.252  3443  3458 I native-activity: Swap 619 time is 16.931ms
04-13 01:18:57.252  3443  3458 I native-activity: Animating
04-13 01:18:57.252  3443  3458 I native-activity: Frame 620 GL error is 0x0
04-13 01:18:57.252  3443  3458 I native-activity: Frame 620 time is 7.402ms
04-13 01:18:57.262  3443  3458 I native-activity: Swap 620 time is 16.024ms
04-13 01:18:57.262  3443  3458 I native-activity: Animating
04-13 01:18:57.272  3443  3458 I native-activity: Frame 621 GL error is 0x0
04-13 01:18:57.272  3443  3458 I native-activity: Frame 621 time is 9.100ms
