04-13 01:19:50.602  3806  3819 I native-activity: Animating
04-13 01:19:50.612  3806  3819 I native-activity: Frame 422 GL error is 0x0
04-13 01:19:50.612  3806  3819 I native-activity: Frame 422 time is 7.415ms
04-13 01:19:50.612  3806  3819 I native-activity: Swap 422 time is 7.796ms
04-13 01:19:50.612  3806  3819 I native-activity: Animating
04-13 01:19:50.622  3806  3819 I native-activity: Frame 423 GL error is 0x0
04-13 01:19:50.622  3806  3819 I native-activity: Frame 423 time is 8.016ms
04-13 01:19:50.622  3806  3819 I native-activity: Swap 423 time is 8.441ms
04-13 01:19:50.622  3806  3819 I native-activity: Animating
04-13 01:19:50.622  1434  2251 W System.err: remove failed: ENOENT (No such file or directory) : /data/system/recent_tasks/1461_task.xml.bak
04-13 01:19:50.622  3806  3819 I native-activity: Frame 424 GL error is 0x0
04-13 01:19:50.622  3806  3819 I native-activity: Frame 424 time is 6.371ms
04-13 01:19:50.622  3806  3819 I native-activity: Swap 424 time is 6.774ms
04-13 01:19:50.622  3806  3819 I native-activity: Animating
04-13 01:19:50.632  3806  3819 I native-activity: Frame 425 GL error is 0x0
04-13 01:19:50.632  3806  3819 I native-activity: Frame 425 time is 5.178ms
04-13 01:19:50.632  3806  3819 I native-activity: Swap 425 time is 5.581ms
04-13 01:19:50.632  3806  3819 I native-activity: Animating
04-13 01:19:50.632  3806  3819 I native-activity: Frame 426 GL error is 0x0
04-13 01:19:50.632  3806  3819 I native-activity: Frame 426 time is 5.135ms
04-13 01:19:50.642  3806  3819 I native-activity: Swap 426 time is 5.730ms
04-13 01:19:50.642  3806  3819 I native-activity: Animating
04-13 01:19:50.642  3806  3819 I native-activity: Frame 427 GL error is 0x0
04-13 01:19:50.642  3806  3819 I native-activity: Frame 427 time is 5.131ms
04-13 01:19:50.642  3806  3819 I native-activity: Swap 427 time is 5.637ms
04-13 01:19:50.642  3806  3819 I native-activity: Animating
04-13 01:19:50.652  3806  3819 I native-activity: Frame 428 GL error is 0x0
04-13 01:19:50.652  3806  3819 I native-activity: Frame 428 time is 5.178ms
04-13 01:19:50.652  3806  3819 I native-activity: Swap 428 time is 5.567ms
04-13 01:19:50.652  3806  3819 I native-activity: Animating
04-13 01:19:50.652  3806  3819 I native-activity: Frame 429 GL error is 0x0
04-13 01:19:50.652  3806  3819 I native-activity: Frame 429 time is 4.954ms
04-13 01:19:50.652  3806  3819 I native-activity: Swap 429 time is 5.449ms
04-13 01:19:50.652  3806  3819 I native-activity: Animating
04-13 01:19:50.662  3806  3819 I native-activity: Frame 430 GL error is 0x0
04-13 01:19:50.662  3806  3819 I native-activity: Frame 430 time is 5.173ms
04-13 01:19:50.662  3806  3819 I native-activity: Swap 430 time is 5.832ms
04-13 01:19:50.662  3806  3819 I native-activity: Animating
04-13 01:19:50.662  3806  3819 I native-activity: Frame 431 GL error is 0x0
04-13 01:19:50.662  3806  3819 I native-activity: Frame 431 time is 4.813ms
04-13 01:19:50.662  3806  3819 I native-activity: Swap 431 time is 5.315ms
04-13 01:19:50.662  3806  3819 I native-activity: Animating
04-13 01:19:50.672  3806  3819 I native-activity: Frame 432 GL error is 0x0
04-13 01:19:50.672  3806  3819 I native-activity: Frame 432 time is 4.810ms
04-13 01:19:50.672  3806  3819 I native-activity: Swap 432 time is 5.306ms
04-13 01:19:50.672  3806  3819 I native-activity: Animating
04-13 01:19:50.672  3806  3819 I native-activity: Frame 433 GL error is 0x0
04-13 01:19:50.672  3806  3819 I native-activity: Frame 433 time is 5.033ms
04-13 01:19:50.672  3806  3819 I native-activity: Swap 433 time is 5.459ms
04-13 01:19:50.672  3806  3819 I native-activity: Animating
04-13 01:19:50.682  3806  3819 I native-activity: Frame 434 GL error is 0x0
04-13 01:19:50.682  3806  3819 I native-activity: Frame 434 time is 5.270ms
04-13 01:19:50.682  3806  3819 I native-activity: Swap 434 time is 5.734ms
04-13 01:19:50.682  3806  3819 I native-activity: Animating
04-13 01:19:50.692  3806  3819 I native-activity: Frame 435 GL error is 0x0
04-13 01:19:50.692  3806  3819 I native-activity: Frame 435 time is 4.939ms
04-13 01:19:50.692  3806  3819 I native-activity: Swap 435 time is 5.428ms
04-13 01:19:50.692  3806  3819 I native-activity: Animating
04-13 01:19:50.692  3806  3819 I native-activity: Frame 436 GL error is 0x0
04-13 01:19:50.692  3806  3819 I native-activity: Frame 436 time is 5.364ms
04-13 01:19:50.692  3806  3819 I native-activity: Swap 436 time is 5.834ms
04-13 01:19:50.692  3806  3819 I native-activity: Animating
04-13 01:19:50.702  3806  3819 I native-activity: Frame 437 GL error is 0x0
04-13 01:19:50.702  3806  3819 I native-activity: Frame 437 time is 7.931ms
04-13 01:19:50.702  3806  3819 I native-activity: Swap 437 time is 8.385ms
04-13 01:19:50.702  3806  3819 I native-activity: Animating
04-13 01:19:50.712  3827  3827 D ResourcesManager: For user 0 new overlays fetched Null
04-13 01:19:50.712  3806  3819 I native-activity: Frame 438 GL error is 0x0
04-13 01:19:50.712  3806  3819 I native-activity: Frame 438 time is 8.741ms
04-13 01:19:50.712  3806  3819 I native-activity: Swap 438 time is 9.138ms
04-13 01:19:50.712  3806  3819 I native-activity: Animating
04-13 01:19:50.712  3806  3819 I native-activity: Frame 439 GL error is 0x0
04-13 01:19:50.712  3806  3819 I native-activity: Frame 439 time is 3.539ms
04-13 01:19:50.712  3806  3819 I native-activity: Swap 439 time is 3.960ms
04-13 01:19:50.712  3806  3819 I native-activity: Animating
04-13 01:19:50.722  3806  3819 I native-activity: Frame 440 GL error is 0x0
04-13 01:19:50.722  3806  3819 I native-activity: Frame 440 time is 6.686ms
04-13 01:19:50.722  3806  3819 I native-activity: Swap 440 time is 7.083ms
04-13 01:19:50.722  3806  3819 I native-activity: Animating
04-13 01:19:50.732  3806  3819 I native-activity: Frame 441 GL error is 0x0
04-13 01:19:50.732  3806  3819 I native-activity: Frame 441 time is 5.529ms
04-13 01:19:50.732  3806  3819 I native-activity: Swap 441 time is 5.919ms
04-13 01:19:50.732  3806  3819 I native-activity: Animating
04-13 01:19:50.732  3806  3819 I native-activity: Frame 442 GL error is 0x0
04-13 01:19:50.732  3806  3819 I native-activity: Frame 442 time is 5.480ms
04-13 01:19:50.732  3806  3819 I native-activity: Swap 442 time is 5.957ms
04-13 01:19:50.732  3806  3819 I native-activity: Animating
04-13 01:19:50.742  3806  3819 I native-activity: Frame 443 GL error is 0x0
04-13 01:19:50.742  3806  3819 I native-activity: Frame 443 time is 5.438ms
04-13 01:19:50.742  3806  3819 I native-activity: Swap 443 time is 5.932ms
04-13 01:19:50.742  3806  3819 I native-activity: Animating
04-13 01:19:50.742  3806  3819 I native-activity: Frame 444 GL error is 0x0
04-13 01:19:50.742  3806  3819 I native-activity: Frame 444 time is 5.476ms
04-13 01:19:50.752  3806  3819 I native-activity: Swap 444 time is 8.158ms
04-13 01:19:50.752  3806  3819 I native-activity: Animating
04-13 01:19:50.752  3806  3819 I native-activity: Frame 445 GL error is 0x0
04-13 01:19:50.752  3806  3819 I native-activity: Frame 445 time is 4.846ms
04-13 01:19:50.762  3806  3819 I native-activity: Swap 445 time is 8.500ms
04-13 01:19:50.762  3806  3819 I native-activity: Animating
04-13 01:19:50.762  3806  3819 I native-activity: Frame 446 GL error is 0x0
04-13 01:19:50.762  3806  3819 I native-activity: Frame 446 time is 5.210ms
04-13 01:19:50.762  3806  3819 I native-activity: Swap 446 time is 8.126ms
04-13 01:19:50.762  3806  3819 I native-activity: Animating
04-13 01:19:50.772  3806  3819 I native-activity: Frame 447 GL error is 0x0
04-13 01:19:50.772  3827  3827 W ResourcesManager: getTopLevelResources: /data/app/com.directv.dvrscheduler-2/base.apk / 1.0 running in com.att.myWireless rsrc of package com.directv.dvrscheduler
04-13 01:19:50.772  3806  3819 I native-activity: Frame 447 time is 5.456ms
04-13 01:19:50.772  3827  3827 D ResourcesManager: For user 0 new overlays fetched Null
04-13 01:19:50.772  3806  3819 I native-activity: Swap 447 time is 9.805ms
04-13 01:19:50.772  3806  3819 I native-activity: Animating
04-13 01:19:50.772  3827  3827 W ResourcesManager: getTopLevelResources: /data/app/com.samsung.android.spay-1/base.apk / 1.0 running in com.att.myWireless rsrc of package com.samsung.android.spay
04-13 01:19:50.782  3806  3819 I native-activity: Frame 448 GL error is 0x0
04-13 01:19:50.782  3806  3819 I native-activity: Frame 448 time is 5.352ms
04-13 01:19:50.782  3806  3819 I native-activity: Swap 448 time is 6.971ms
04-13 01:19:50.782  3806  3819 I native-activity: Animating
04-13 01:19:50.782  3827  3827 D ResourcesManager: For user 0 new overlays fetched Null
04-13 01:19:50.792  3827  3827 W ResourcesManager: getTopLevelResources: /data/app/com.google.android.apps.maps-2/base.apk / 1.0 running in com.att.myWireless rsrc of package com.google.android.apps.maps
04-13 01:19:50.792  3806  3819 I native-activity: Frame 449 GL error is 0x0
04-13 01:19:50.792  3806  3819 I native-activity: Frame 449 time is 5.258ms
04-13 01:19:50.792  3806  3819 I native-activity: Swap 449 time is 8.231ms
04-13 01:19:50.792  3806  3819 I native-activity: Animating
04-13 01:19:50.792  3806  3819 I native-activity: Frame 450 GL error is 0x0
04-13 01:19:50.792  3806  3819 I native-activity: Frame 450 time is 5.669ms
04-13 01:19:50.802  3806  3819 I native-activity: Swap 450 time is 6.265ms
04-13 01:19:50.802  3806  3819 I native-activity: Animating
04-13 01:19:50.802  3806  3819 I native-activity: Frame 451 GL error is 0x0
04-13 01:19:50.802  3806  3819 I native-activity: Frame 451 time is 5.366ms
04-13 01:19:50.802  3806  3819 I native-activity: Swap 451 time is 5.924ms
04-13 01:19:50.802  3806  3819 I native-activity: Animating
04-13 01:19:50.812  3806  3819 I native-activity: Frame 452 GL error is 0x0
04-13 01:19:50.812  3806  3819 I native-activity: Frame 452 time is 5.279ms
04-13 01:19:50.812  3806  3819 I native-activity: Swap 452 time is 5.783ms
04-13 01:19:50.812  3806  3819 I native-activity: Animating
04-13 01:19:50.812  3806  3819 I native-activity: Frame 453 GL error is 0x0
04-13 01:19:50.812  3806  3819 I native-activity: Frame 453 time is 5.263ms
04-13 01:19:50.812  3806  3819 I native-activity: Swap 453 time is 5.775ms
04-13 01:19:50.812  3806  3819 I native-activity: Animating
04-13 01:19:50.822  3827  3827 D ResourcesManager: For user 0 new overlays fetched Null
04-13 01:19:50.822  3806  3819 I native-activity: Frame 454 GL error is 0x0
04-13 01:19:50.822  3806  3819 I native-activity: Frame 454 time is 5.442ms
04-13 01:19:50.822  3806  3819 I native-activity: Swap 454 time is 5.986ms
04-13 01:19:50.822  3806  3819 I native-activity: Animating
04-13 01:19:50.822  3806  3819 I native-activity: Frame 455 GL error is 0x0
04-13 01:19:50.822  3806  3819 I native-activity: Frame 455 time is 5.311ms
04-13 01:19:50.832  3806  3819 I native-activity: Swap 455 time is 7.277ms
04-13 01:19:50.832  3806  3819 I native-activity: Animating
04-13 01:19:50.832  3827  3827 W ResourcesManager: getTopLevelResources: /data/app/com.fullscreen.android-2/base.apk / 1.0 running in com.att.myWireless rsrc of package com.fullscreen.android
04-13 01:19:50.832  3806  3819 I native-activity: Frame 456 GL error is 0x0
04-13 01:19:50.832  3806  3819 I native-activity: Frame 456 time is 5.498ms
04-13 01:19:50.832  3806  3819 I native-activity: Swap 456 time is 7.281ms
04-13 01:19:50.832  3806  3819 I native-activity: Animating
04-13 01:19:50.842  3806  3819 I native-activity: Frame 457 GL error is 0x0
04-13 01:19:50.842  3827  3827 D ResourcesManager: For user 0 new overlays fetched Null
04-13 01:19:50.842  3806  3819 I native-activity: Frame 457 time is 5.571ms
04-13 01:19:50.842  3806  3819 I native-activity: Swap 457 time is 6.119ms
04-13 01:19:50.842  3806  3819 I native-activity: Animating
04-13 01:19:50.852  3806  3819 I native-activity: Frame 458 GL error is 0x0
04-13 01:19:50.852  3806  3819 I native-activity: Frame 458 time is 5.532ms
04-13 01:19:50.852  3827  3827 W ResourcesManager: getTopLevelResources: /data/app/com.samsung.android.app.watchmanager-1/base.apk / 1.0 running in com.att.myWireless rsrc of package com.samsung.android.app.watchmanager
04-13 01:19:50.852  3806  3819 I native-activity: Swap 458 time is 7.143ms
04-13 01:19:50.852  3806  3819 I native-activity: Animating
04-13 01:19:50.852  3827  3827 D ResourcesManager: For user 0 new overlays fetched Null
04-13 01:19:50.852  3806  3819 I native-activity: Frame 459 GL error is 0x0
04-13 01:19:50.852  3806  3819 I native-activity: Frame 459 time is 5.807ms
04-13 01:19:50.852  3806  3819 I native-activity: Swap 459 time is 6.911ms
04-13 01:19:50.852  3806  3819 I native-activity: Animating
04-13 01:19:50.862  3827  3827 W ResourcesManager: getTopLevelResources: /data/app/com.att.android.digitallocker-1/base.apk / 1.0 running in com.att.myWireless rsrc of package com.att.android.digitallocker
04-13 01:19:50.862  3827  3827 D ResourcesManager: For user 0 new overlays fetched Null
04-13 01:19:50.862  3806  3819 I native-activity: Frame 460 GL error is 0x0
04-13 01:19:50.862  3806  3819 I native-activity: Frame 460 time is 5.506ms
04-13 01:19:50.862  3806  3819 I native-activity: Swap 460 time is 7.236ms
04-13 01:19:50.862  3806  3819 I native-activity: Animating
04-13 01:19:50.872  3827  3827 W ResourcesManager: getTopLevelResources: /data/app/com.americanexpress.plenti-1/base.apk / 1.0 running in com.att.myWireless rsrc of package com.americanexpress.plenti
04-13 01:19:50.872  3806  3819 I native-activity: Frame 461 GL error is 0x0
04-13 01:19:50.872  3806  3819 I native-activity: Frame 461 time is 6.796ms
04-13 01:19:50.872  3806  3819 I native-activity: Swap 461 time is 7.343ms
04-13 01:19:50.872  3806  3819 I native-activity: Animating
04-13 01:19:50.872  3827  3827 D ResourcesManager: For user 0 new overlays fetched Null
04-13 01:19:50.882  3827  3827 W ResourcesManager: getTopLevelResources: /data/app/com.locationlabs.cni.att-1/base.apk / 1.0 running in com.att.myWireless rsrc of package com.locationlabs.cni.att
04-13 01:19:50.882  3806  3819 I native-activity: Frame 462 GL error is 0x501
04-13 01:19:50.882  3806  3819 I native-activity: Frame 462 time is 12.169ms
04-13 01:19:50.882  3806  3819 I native-activity: Swap 462 time is 12.959ms
04-13 01:19:50.882  3806  3819 I native-activity: Animating
04-13 01:19:50.882  3827  3827 D ResourcesManager: For user 0 new overlays fetched Null
04-13 01:19:50.892  3806  3819 I native-activity: Frame 463 GL error is 0x0
04-13 01:19:50.892  3806  3819 I native-activity: Frame 463 time is 4.541ms
04-13 01:19:50.892  3806  3819 I native-activity: Swap 463 time is 5.060ms
04-13 01:19:50.892  3806  3819 I native-activity: Animating
04-13 01:19:50.892  3806  3819 I native-activity: Frame 464 GL error is 0x0
04-13 01:19:50.892  3806  3819 I native-activity: Frame 464 time is 2.135ms
04-13 01:19:50.892  3806  3819 I native-activity: Swap 464 time is 2.664ms
04-13 01:19:50.892  3806  3819 I native-activity: Animating
04-13 01:19:50.892  3827  3827 W ResourcesManager: getTopLevelResources: /data/app/com.google.android.googlequicksearchbox-1/base.apk / 1.0 running in com.att.myWireless rsrc of package com.google.android.googlequicksearchbox
04-13 01:19:50.892  3806  3819 I native-activity: Frame 465 GL error is 0x0
04-13 01:19:50.892  3806  3819 I native-activity: Frame 465 time is 2.781ms
04-13 01:19:50.902  3806  3819 I native-activity: Swap 465 time is 6.631ms
04-13 01:19:50.902  3806  3819 I native-activity: Animating
04-13 01:19:50.902  3806  3819 I native-activity: Frame 466 GL error is 0x0
04-13 01:19:50.902  3806  3819 I native-activity: Frame 466 time is 5.585ms
04-13 01:19:50.902  3806  3819 I native-activity: Swap 466 time is 6.341ms
04-13 01:19:50.902  3806  3819 I native-activity: Animating
04-13 01:19:50.912  3806  3819 I native-activity: Frame 467 GL error is 0x0
04-13 01:19:50.912  3806  3819 I native-activity: Frame 467 time is 6.063ms
04-13 01:19:50.912  3806  3819 I native-activity: Swap 467 time is 7.322ms
04-13 01:19:50.912  3806  3819 I native-activity: Animating
04-13 01:19:50.922  3806  3819 I native-activity: Frame 468 GL error is 0x0
04-13 01:19:50.922  3806  3819 I native-activity: Frame 468 time is 6.090ms
04-13 01:19:50.922  3806  3819 I native-activity: Swap 468 time is 6.904ms
04-13 01:19:50.922  3806  3819 I native-activity: Animating
04-13 01:19:50.932  3806  3819 I native-activity: Frame 469 GL error is 0x501
04-13 01:19:50.932  3806  3819 I native-activity: Frame 469 time is 8.446ms
04-13 01:19:50.932  3806  3819 I native-activity: Swap 469 time is 9.732ms
04-13 01:19:50.932  3806  3819 I native-activity: Animating
04-13 01:19:50.932  3827  3827 D ResourcesManager: For user 0 new overlays fetched Null
04-13 01:19:50.932  3806  3819 I native-activity: Frame 470 GL error is 0x0
04-13 01:19:50.932  3806  3819 I native-activity: Frame 470 time is 5.170ms
04-13 01:19:50.932  3806  3819 I native-activity: Swap 470 time is 5.627ms
04-13 01:19:50.932  3806  3819 I native-activity: Animating
04-13 01:19:50.942  3806  3819 I native-activity: Frame 471 GL error is 0x0
04-13 01:19:50.942  3806  3819 I native-activity: Frame 471 time is 4.254ms
04-13 01:19:50.942  3806  3819 I native-activity: Swap 471 time is 4.777ms
04-13 01:19:50.942  3806  3819 I native-activity: Animating
04-13 01:19:50.942  3827  3827 W ResourcesManager: getTopLevelResources: /data/app/com.google.android.googlequicksearchbox-1/base.apk / 1.0 running in com.att.myWireless rsrc of package com.google.android.googlequicksearchbox
04-13 01:19:50.942  3806  3819 I native-activity: Frame 472 GL error is 0x0
04-13 01:19:50.942  3806  3819 I native-activity: Frame 472 time is 4.099ms
04-13 01:19:50.942  3806  3819 I native-activity: Swap 472 time is 6.039ms
04-13 01:19:50.942  3806  3819 I native-activity: Animating
04-13 01:19:50.952  3827  3827 W ResourcesManager: getTopLevelResources: /data/app/com.asurion.android.mobilerecovery.att-2/base.apk / 1.0 running in com.att.myWireless rsrc of package com.asurion.android.mobilerecovery.att
04-13 01:19:50.952  3806  3819 I native-activity: Frame 473 GL error is 0x0
04-13 01:19:50.952  3806  3819 I native-activity: Frame 473 time is 4.804ms
04-13 01:19:50.952  3806  3819 I native-activity: Swap 473 time is 7.917ms
04-13 01:19:50.952  3806  3819 I native-activity: Animating
04-13 01:19:50.952  3827  3827 D ResourcesManager: For user 0 new overlays fetched Null
04-13 01:19:50.962  3806  3819 I native-activity: Frame 474 GL error is 0x0
04-13 01:19:50.962  3806  3819 I native-activity: Frame 474 time is 5.031ms
04-13 01:19:50.962  3806  3819 I native-activity: Swap 474 time is 8.244ms
04-13 01:19:50.962  3806  3819 I native-activity: Animating
04-13 01:19:50.962  3827  3827 W ResourcesManager: getTopLevelResources: /data/app/com.mobileiron-1/base.apk / 1.0 running in com.att.myWireless rsrc of package com.mobileiron
04-13 01:19:50.962  3806  3819 I native-activity: Frame 475 GL error is 0x0
04-13 01:19:50.962  3806  3819 I native-activity: Frame 475 time is 4.689ms
04-13 01:19:50.972  3806  3819 I native-activity: Swap 475 time is 7.811ms
04-13 01:19:50.972  3806  3819 I native-activity: Animating
04-13 01:19:50.972  3827  3827 D ResourcesManager: For user 0 new overlays fetched Null
04-13 01:19:50.972  3806  3819 I native-activity: Frame 476 GL error is 0x0
04-13 01:19:50.972  3806  3819 I native-activity: Frame 476 time is 5.250ms
04-13 01:19:50.982  3827  3827 W ResourcesManager: getTopLevelResources: /data/app/com.duosecurity.duomobile-1/base.apk / 1.0 running in com.att.myWireless rsrc of package com.duosecurity.duomobile
04-13 01:19:50.982  3806  3819 I native-activity: Swap 476 time is 7.898ms
04-13 01:19:50.982  3806  3819 I native-activity: Animating
04-13 01:19:50.982  3806  3819 I native-activity: Frame 477 GL error is 0x0
04-13 01:19:50.982  3806  3819 I native-activity: Frame 477 time is 6.231ms
04-13 01:19:50.982  3827  3827 D ResourcesManager: For user 0 new overlays fetched Null
04-13 01:19:50.982  3806  3819 I native-activity: Swap 477 time is 8.416ms
04-13 01:19:50.982  3806  3819 I native-activity: Animating
04-13 01:19:50.992  3806  3819 I native-activity: Frame 478 GL error is 0x0
04-13 01:19:50.992  3806  3819 I native-activity: Frame 478 time is 6.819ms
04-13 01:19:50.992  3806  3819 I native-activity: Swap 478 time is 7.281ms
04-13 01:19:50.992  3806  3819 I native-activity: Animating
04-13 01:19:51.002  3806  3819 I native-activity: Frame 479 GL error is 0x0
04-13 01:19:51.002  3806  3819 I native-activity: Frame 479 time is 7.821ms
04-13 01:19:51.002  3806  3819 I native-activity: Swap 479 time is 8.289ms
04-13 01:19:51.002  3806  3819 I native-activity: Animating
04-13 01:19:51.002  3827  3827 W ResourcesManager: getTopLevelResources: /data/app/com.directv.dvrscheduler-2/base.apk / 1.0 running in com.att.myWireless rsrc of package com.directv.dvrscheduler
04-13 01:19:51.012  3806  3819 I native-activity: Frame 480 GL error is 0x0
04-13 01:19:51.012  3806  3819 I native-activity: Frame 480 time is 7.421ms
04-13 01:19:51.012  3806  3819 I native-activity: Swap 480 time is 7.887ms
04-13 01:19:51.012  3806  3819 I native-activity: Animating
04-13 01:19:51.012  3806  3819 I native-activity: Frame 481 GL error is 0x0
04-13 01:19:51.012  3806  3819 I native-activity: Frame 481 time is 6.477ms
04-13 01:19:51.022  3806  3819 I native-activity: Swap 481 time is 8.226ms
04-13 01:19:51.022  3806  3819 I native-activity: Animating
04-13 01:19:51.022  3806  3819 I native-activity: Frame 482 GL error is 0x0
04-13 01:19:51.022  3806  3819 I native-activity: Frame 482 time is 6.097ms
04-13 01:19:51.032  3806  3819 I native-activity: Swap 482 time is 8.569ms
04-13 01:19:51.032  3806  3819 I native-activity: Animating
04-13 01:19:51.032  3827  3827 D ResourcesManager: For user 0 new overlays fetched Null
04-13 01:19:51.032  3827  3827 W ResourcesManager: getTopLevelResources: /data/app/com.cisco.anyconnect.vpn.android.avf-1/base.apk / 1.0 running in com.att.myWireless rsrc of package com.cisco.anyconnect.vpn.android.avf
04-13 01:19:51.032  3806  3819 I native-activity: Frame 483 GL error is 0x0
04-13 01:19:51.032  3806  3819 I native-activity: Frame 483 time is 5.787ms
04-13 01:19:51.032  3806  3819 I native-activity: Swap 483 time is 7.537ms
04-13 01:19:51.032  3806  3819 I native-activity: Animating
04-13 01:19:51.032  3827  3827 D ResourcesManager: For user 0 new overlays fetched Null
04-13 01:19:51.032  3827  3827 W ResourcesManager: getTopLevelResources: /data/app/com.mobileiron-1/base.apk / 1.0 running in com.att.myWireless rsrc of package com.mobileiron
04-13 01:19:51.042  3827  3827 D ResourcesManager: For user 0 new overlays fetched Null
04-13 01:19:51.042  3197  3244 V MOR     : [3997149488]INFO  dtv_common.CLoggerHelper: 
04-13 01:19:51.042  3197  3244 V MOR     : <Tag> [[NATIVE]] <ErrorMessage> [[DongleCheckAvailTask] [ debug.heap =================================]
04-13 01:19:51.042  3197  3244 V MOR     : [3997149488]INFO  dtv_common.CLoggerHelper: 
04-13 01:19:51.042  3197  3244 V MOR     : <Tag> [[NATIVE]] <ErrorMessage> [[DongleCheckAvailTask]  [debug.heap native: allocated 5.47MB of 7.00MB (1.53MB free)]
04-13 01:19:51.042  3197  3244 V MOR     : [3997149488]INFO  dtv_common.CLoggerHelper: 
04-13 01:19:51.042  3197  3244 V MOR     : <Tag> [[NATIVE]] <ErrorMessage> [[DongleCheckAvailTask]  [debug.memory: allocated: 7.63MB of 512.00MB (1.93MB free)]
04-13 01:19:51.042  3806  3819 I native-activity: Frame 484 GL error is 0x0
04-13 01:19:51.042  3806  3819 I native-activity: Frame 484 time is 6.099ms
04-13 01:19:51.042  3197  3244 V MOR     : [3997149488]INFO  dtv_common.CLoggerHelper: 
04-13 01:19:51.042  3197  3244 V MOR     : <Tag> [[NATIVE]] <ErrorMessage> [[DongleCheckAvailTask] [ debug.heap =================================]
04-13 01:19:51.042  3197  3244 V MOR     : [3997149488]INFO  dtv_common.CLoggerHelper: 
04-13 01:19:51.042  3197  3244 V MOR     : <Tag> [[NATIVE]] <ErrorMessage> [[DongleCheckAvailTask]  [debug.heap native: allocated 5.47MB of 7.00MB (1.53MB free)]
04-13 01:19:51.042  3197  3244 V MOR     : [3997149488]INFO  dtv_common.CLoggerHelper: 
04-13 01:19:51.042  3197  3244 V MOR     : <Tag> [[NATIVE]] <ErrorMessage> [[DongleCheckAvailTask]  [debug.memory: allocated: 7.63MB of 512.00MB (1.92MB free)]
04-13 01:19:51.042  3806  3819 I native-activity: Swap 484 time is 8.532ms
04-13 01:19:51.042  3806  3819 I native-activity: Animating
04-13 01:19:51.042  3827  3827 W ResourcesManager: getTopLevelResources: /data/app/com.asurion.android.mobilerecovery.att-2/base.apk / 1.0 running in com.att.myWireless rsrc of package com.asurion.android.mobilerecovery.att
04-13 01:19:51.052  3827  3827 D ResourcesManager: For user 0 new overlays fetched Null
04-13 01:19:51.052  3806  3819 I native-activity: Frame 485 GL error is 0x0
04-13 01:19:51.052  3806  3819 I native-activity: Frame 485 time is 5.933ms
04-13 01:19:51.052  3827  3827 W ResourcesManager: getTopLevelResources: /data/app/com.att.android.digitallocker-1/base.apk / 1.0 running in com.att.myWireless rsrc of package com.att.android.digitallocker
04-13 01:19:51.052  3806  3819 I native-activity: Swap 485 time is 7.549ms
04-13 01:19:51.052  3806  3819 I native-activity: Animating
04-13 01:19:51.052  3827  3827 D ResourcesManager: For user 0 new overlays fetched Null
04-13 01:19:51.052  3827  3827 W ResourcesManager: getTopLevelResources: /data/app/com.amazon.dee.app-1/base.apk / 1.0 running in com.att.myWireless rsrc of package com.amazon.dee.app
04-13 01:19:51.052  3806  3819 I native-activity: Frame 486 GL error is 0x0
04-13 01:19:51.052  3806  3819 I native-activity: Frame 486 time is 5.705ms
04-13 01:19:51.062  3806  3819 I native-activity: Swap 486 time is 7.823ms
04-13 01:19:51.062  3827  3827 D ResourcesManager: For user 0 new overlays fetched Null
04-13 01:19:51.062  3806  3819 I native-activity: Animating
04-13 01:19:51.062  3827  3827 W ResourcesManager: getTopLevelResources: /data/app/com.google.android.apps.maps-2/base.apk / 1.0 running in com.att.myWireless rsrc of package com.google.android.apps.maps
04-13 01:19:51.062  3827  3827 D ResourcesManager: For user 0 new overlays fetched Null
04-13 01:19:51.062  3806  3819 I native-activity: Frame 487 GL error is 0x0
04-13 01:19:51.062  3806  3819 I native-activity: Frame 487 time is 6.208ms
04-13 01:19:51.072  3806  3819 I native-activity: Swap 487 time is 8.135ms
04-13 01:19:51.072  3806  3819 I native-activity: Animating
04-13 01:19:51.072  3827  3827 W ResourcesManager: getTopLevelResources: /data/app/com.kipoapp.reader-2/base.apk / 1.0 running in com.att.myWireless rsrc of package com.kipoapp.reader
04-13 01:19:51.072  3806  3819 I native-activity: Frame 488 GL error is 0x0
04-13 01:19:51.072  3827  3827 D ResourcesManager: For user 0 new overlays fetched Null
04-13 01:19:51.072  3806  3819 I native-activity: Frame 488 time is 6.269ms
04-13 01:19:51.072  3806  3819 I native-activity: Swap 488 time is 8.030ms
04-13 01:19:51.072  3806  3819 I native-activity: Animating
04-13 01:19:51.082  3827  3827 W ResourcesManager: getTopLevelResources: /data/app/com.fullscreen.android-2/base.apk / 1.0 running in com.att.myWireless rsrc of package com.fullscreen.android
04-13 01:19:51.082  3806  3819 I native-activity: Frame 489 GL error is 0x0
04-13 01:19:51.082  3806  3819 I native-activity: Frame 489 time is 5.711ms
04-13 01:19:51.082  3827  3827 D ResourcesManager: For user 0 new overlays fetched Null
04-13 01:19:51.082  3806  3819 I native-activity: Swap 489 time is 8.177ms
04-13 01:19:51.082  3806  3819 I native-activity: Animating
04-13 01:19:51.082  3827  3827 W ResourcesManager: getTopLevelResources: /data/app/com.google.android.googlequicksearchbox-1/base.apk / 1.0 running in com.att.myWireless rsrc of package com.google.android.googlequicksearchbox
04-13 01:19:51.092  3827  3827 D ResourcesManager: For user 0 new overlays fetched Null
04-13 01:19:51.092  3806  3819 I native-activity: Frame 490 GL error is 0x0
04-13 01:19:51.092  3806  3819 I native-activity: Frame 490 time is 6.564ms
04-13 01:19:51.092  3806  3819 I native-activity: Swap 490 time is 7.773ms
04-13 01:19:51.092  3827  3827 W ResourcesManager: getTopLevelResources: /data/app/com.MG.simply_slashdot-1/base.apk / 1.0 running in com.att.myWireless rsrc of package com.MG.simply_slashdot
04-13 01:19:51.092  3806  3819 I native-activity: Animating
04-13 01:19:51.092  3827  3827 D ResourcesManager: For user 0 new overlays fetched Null
04-13 01:19:51.092  3827  3827 W ResourcesManager: getTopLevelResources: /data/app/com.samsung.android.app.watchmanager-1/base.apk / 1.0 running in com.att.myWireless rsrc of package com.samsung.android.app.watchmanager
04-13 01:19:51.102  3827  3827 D ResourcesManager: For user 0 new overlays fetched Null
04-13 01:19:51.102  3806  3819 I native-activity: Frame 491 GL error is 0x0
04-13 01:19:51.102  3806  3819 I native-activity: Frame 491 time is 5.888ms
04-13 01:19:51.102  3806  3819 I native-activity: Swap 491 time is 8.623ms
04-13 01:19:51.102  3806  3819 I native-activity: Animating
04-13 01:19:51.102  3827  3827 W ResourcesManager: getTopLevelResources: /data/app/com.locationlabs.cni.att-1/base.apk / 1.0 running in com.att.myWireless rsrc of package com.locationlabs.cni.att
04-13 01:19:51.102  3827  3827 D ResourcesManager: For user 0 new overlays fetched Null
04-13 01:19:51.102  3827  3827 W ResourcesManager: getTopLevelResources: /data/app/com.samsung.android.spay-1/base.apk / 1.0 running in com.att.myWireless rsrc of package com.samsung.android.spay
04-13 01:19:51.102  3806  3819 I native-activity: Frame 492 GL error is 0x0
04-13 01:19:51.102  3806  3819 I native-activity: Frame 492 time is 6.653ms
04-13 01:19:51.112  3806  3819 I native-activity: Swap 492 time is 7.157ms
04-13 01:19:51.112  3806  3819 I native-activity: Animating
04-13 01:19:51.112  3827  3827 D ResourcesManager: For user 0 new overlays fetched Null
04-13 01:19:51.112  3827  3827 W ResourcesManager: getTopLevelResources: /data/app/com.facebook.ride-2/base.apk / 1.0 running in com.att.myWireless rsrc of package com.facebook.ride
04-13 01:19:51.112  3806  3819 I native-activity: Frame 493 GL error is 0x0
04-13 01:19:51.112  3806  3819 I native-activity: Frame 493 time is 6.575ms
04-13 01:19:51.112  3806  3819 I native-activity: Swap 493 time is 7.250ms
04-13 01:19:51.112  3806  3819 I native-activity: Animating
04-13 01:19:51.112  3827  3827 D ResourcesManager: For user 0 new overlays fetched Null
04-13 01:19:51.122  3806  3819 I native-activity: Frame 494 GL error is 0x0
04-13 01:19:51.122  3806  3819 I native-activity: Frame 494 time is 5.185ms
04-13 01:19:51.122  3806  3819 I native-activity: Swap 494 time is 5.712ms
04-13 01:19:51.122  3806  3819 I native-activity: Animating
04-13 01:19:51.122  3827  3827 W ResourcesManager: getTopLevelResources: /data/app/com.americanexpress.plenti-1/base.apk / 1.0 running in com.att.myWireless rsrc of package com.americanexpress.plenti
04-13 01:19:51.122  3827  3827 D ResourcesManager: For user 0 new overlays fetched Null
04-13 01:19:51.122  3806  3819 I native-activity: Frame 495 GL error is 0x0
04-13 01:19:51.122  3806  3819 I native-activity: Frame 495 time is 5.389ms
04-13 01:19:51.122  3806  3819 I native-activity: Swap 495 time is 5.872ms
04-13 01:19:51.122  3806  3819 I native-activity: Animating
04-13 01:19:51.132  3827  3827 W ResourcesManager: getTopLevelResources: /data/app/com.example.Replayer-1/base.apk / 1.0 running in com.att.myWireless rsrc of package com.example.Replayer
04-13 01:19:51.132  3806  3819 I native-activity: Frame 496 GL error is 0x0
04-13 01:19:51.132  3806  3819 I native-activity: Frame 496 time is 5.083ms
04-13 01:19:51.132  3806  3819 I native-activity: Swap 496 time is 5.500ms
04-13 01:19:51.132  3806  3819 I native-activity: Animating
04-13 01:19:51.132  3827  3827 D ResourcesManager: For user 0 new overlays fetched Null
04-13 01:19:51.142  3806  3819 I native-activity: Frame 497 GL error is 0x0
04-13 01:19:51.142  3806  3819 I native-activity: Frame 497 time is 5.937ms
04-13 01:19:51.142  3806  3819 I native-activity: Swap 497 time is 6.429ms
04-13 01:19:51.142  3806  3819 I native-activity: Animating
04-13 01:19:51.142  3827  3827 W ResourcesManager: getTopLevelResources: /data/app/com.fidelity.android-2/base.apk / 1.0 running in com.att.myWireless rsrc of package com.fidelity.android
04-13 01:19:51.142  3806  3819 I native-activity: Frame 498 GL error is 0x0
04-13 01:19:51.142  3806  3819 I native-activity: Frame 498 time is 5.862ms
04-13 01:19:51.142  3806  3819 I native-activity: Swap 498 time is 6.385ms
04-13 01:19:51.142  3806  3819 I native-activity: Animating
04-13 01:19:51.142  3827  3827 D ResourcesManager: For user 0 new overlays fetched Null
04-13 01:19:51.152  3827  3827 W ResourcesManager: getTopLevelResources: /data/app/com.kipoapp.reader.profile-1/base.apk / 1.0 running in com.att.myWireless rsrc of package com.kipoapp.reader.profile
04-13 01:19:51.152  3827  3827 D ResourcesManager: For user 0 new overlays fetched Null
04-13 01:19:51.152  3806  3819 I native-activity: Frame 499 GL error is 0x0
04-13 01:19:51.152  3806  3819 I native-activity: Frame 499 time is 5.866ms
04-13 01:19:51.152  3806  3819 I native-activity: Swap 499 time is 6.398ms
04-13 01:19:51.152  3806  3819 I native-activity: Animating
04-13 01:19:51.152  3806  3819 I native-activity: Frame 500 GL error is 0x0
04-13 01:19:51.152  3806  3819 I native-activity: Frame 500 time is 5.278ms
04-13 01:19:51.162  3827  3827 W ResourcesManager: getTopLevelResources: /data/app/com.example.kipoprofile-1/base.apk / 1.0 running in com.att.myWireless rsrc of package com.example.kipoprofile
04-13 01:19:51.162  3806  3819 I native-activity: Swap 500 time is 5.936ms
04-13 01:19:51.162  3806  3819 I native-activity: Animating
04-13 01:19:51.162  3806  3819 I native-activity: Frame 501 GL error is 0x0
04-13 01:19:51.162  3806  3819 I native-activity: Frame 501 time is 4.423ms
04-13 01:19:51.162  3806  3819 I native-activity: Swap 501 time is 4.983ms
04-13 01:19:51.162  3806  3819 I native-activity: Animating
04-13 01:19:51.172  3806  3819 I native-activity: Frame 502 GL error is 0x0
04-13 01:19:51.172  3806  3819 I native-activity: Frame 502 time is 4.892ms
04-13 01:19:51.172  3806  3819 I native-activity: Swap 502 time is 5.391ms
04-13 01:19:51.172  3806  3819 I native-activity: Animating
04-13 01:19:51.172  3827  3827 D ResourcesManager: For user 0 new overlays fetched Null
04-13 01:19:51.172  3806  3819 I native-activity: Frame 503 GL error is 0x0
04-13 01:19:51.172  3827  3827 W ResourcesManager: getTopLevelResources: /data/app/uk.co.aella_services.s2slashdot-1/base.apk / 1.0 running in com.att.myWireless rsrc of package uk.co.aella_services.s2slashdot
04-13 01:19:51.172  3806  3819 I native-activity: Frame 503 time is 4.800ms
04-13 01:19:51.172  3806  3819 I native-activity: Swap 503 time is 5.337ms
04-13 01:19:51.172  3806  3819 I native-activity: Animating
04-13 01:19:51.172  3827  3827 D ResourcesManager: For user 0 new overlays fetched Null
04-13 01:19:51.182  3806  3819 I native-activity: Frame 504 GL error is 0x0
04-13 01:19:51.182  3806  3819 I native-activity: Frame 504 time is 4.647ms
04-13 01:19:51.182  3806  3819 I native-activity: Swap 504 time is 5.930ms
04-13 01:19:51.182  3806  3819 I native-activity: Animating
04-13 01:19:51.182  3827  3827 W ResourcesManager: getTopLevelResources: /data/app/com.facebook.mobilehome-2/base.apk / 1.0 running in com.att.myWireless rsrc of package com.facebook.mobilehome
04-13 01:19:51.182  3806  3819 I native-activity: Frame 505 GL error is 0x0
04-13 01:19:51.182  3806  3819 I native-activity: Frame 505 time is 4.955ms
04-13 01:19:51.182  3827  3827 D ResourcesManager: For user 0 new overlays fetched Null
04-13 01:19:51.182  3806  3819 I native-activity: Swap 505 time is 5.515ms
04-13 01:19:51.182  3806  3819 I native-activity: Animating
04-13 01:19:51.192  3806  3819 I native-activity: Frame 506 GL error is 0x0
04-13 01:19:51.192  3806  3819 I native-activity: Frame 506 time is 4.834ms
04-13 01:19:51.192  3806  3819 I native-activity: Swap 506 time is 6.098ms
04-13 01:19:51.192  3806  3819 I native-activity: Animating
04-13 01:19:51.192  3827  3827 W ResourcesManager: getTopLevelResources: /data/app/com.facebook.workchat-1/base.apk / 1.0 running in com.att.myWireless rsrc of package com.facebook.workchat
04-13 01:19:51.192  3806  3819 I native-activity: Frame 507 GL error is 0x0
04-13 01:19:51.192  3806  3819 I native-activity: Frame 507 time is 4.742ms
04-13 01:19:51.202  3806  3819 I native-activity: Swap 507 time is 6.053ms
04-13 01:19:51.202  3806  3819 I native-activity: Animating
04-13 01:19:51.202  3806  3819 I native-activity: Frame 508 GL error is 0x0
04-13 01:19:51.202  3806  3819 I native-activity: Frame 508 time is 4.993ms
04-13 01:19:51.202  3806  3819 I native-activity: Swap 508 time is 5.572ms
04-13 01:19:51.202  3806  3819 I native-activity: Animating
04-13 01:19:51.202  3827  3827 D ResourcesManager: For user 0 new overlays fetched Null
04-13 01:19:51.212  3806  3819 I native-activity: Frame 509 GL error is 0x0
04-13 01:19:51.212  3806  3819 I native-activity: Frame 509 time is 4.621ms
04-13 01:19:51.212  3827  3827 W ResourcesManager: getTopLevelResources: /data/app/com.example.twocontexts-1/base.apk / 1.0 running in com.att.myWireless rsrc of package com.example.twocontexts
04-13 01:19:51.212  3806  3819 I native-activity: Swap 509 time is 7.027ms
04-13 01:19:51.212  3806  3819 I native-activity: Animating
04-13 01:19:51.212  3827  3827 D ResourcesManager: For user 0 new overlays fetched Null
04-13 01:19:51.212  3806  3819 I native-activity: Frame 510 GL error is 0x0
04-13 01:19:51.212  3806  3819 I native-activity: Frame 510 time is 4.635ms
04-13 01:19:51.212  3806  3819 I native-activity: Swap 510 time is 7.018ms
04-13 01:19:51.222  3806  3819 I native-activity: Animating
04-13 01:19:51.222  3827  3827 W ResourcesManager: getTopLevelResources: /data/app/com.facebook.fbeats-1/base.apk / 1.0 running in com.att.myWireless rsrc of package com.facebook.fbeats
04-13 01:19:51.222  3806  3819 I native-activity: Frame 511 GL error is 0x0
04-13 01:19:51.222  3806  3819 I native-activity: Frame 511 time is 4.762ms
04-13 01:19:51.222  3806  3819 I native-activity: Swap 511 time is 5.348ms
04-13 01:19:51.222  3806  3819 I native-activity: Animating
04-13 01:19:51.232  3806  3819 I native-activity: Frame 512 GL error is 0x0
04-13 01:19:51.232  3806  3819 I native-activity: Frame 512 time is 4.737ms
04-13 01:19:51.232  3827  3827 D ResourcesManager: For user 0 new overlays fetched Null
04-13 01:19:51.232  3806  3819 I native-activity: Swap 512 time is 6.466ms
04-13 01:19:51.232  3806  3819 I native-activity: Animating
04-13 01:19:51.232  3806  3819 I native-activity: Frame 513 GL error is 0x0
04-13 01:19:51.232  3806  3819 I native-activity: Frame 513 time is 4.315ms
04-13 01:19:51.232  3806  3819 I native-activity: Swap 513 time is 6.058ms
04-13 01:19:51.232  3806  3819 I native-activity: Animating
04-13 01:19:51.242  3806  3819 I native-activity: Frame 514 GL error is 0x0
04-13 01:19:51.242  3806  3819 I native-activity: Frame 514 time is 5.401ms
04-13 01:19:51.242  3806  3819 I native-activity: Swap 514 time is 5.970ms
04-13 01:19:51.242  3806  3819 I native-activity: Animating
04-13 01:19:51.242  3806  3819 I native-activity: Frame 515 GL error is 0x0
04-13 01:19:51.242  3806  3819 I native-activity: Frame 515 time is 4.489ms
04-13 01:19:51.252  3806  3819 I native-activity: Swap 515 time is 6.336ms
04-13 01:19:51.252  3806  3819 I native-activity: Animating
04-13 01:19:51.252  3827  3827 W ResourcesManager: getTopLevelResources: /data/app/com.example.vectorunit30s-1/base.apk / 1.0 running in com.att.myWireless rsrc of package com.example.vectorunit30s
04-13 01:19:51.252  3806  3819 I native-activity: Frame 516 GL error is 0x0
04-13 01:19:51.252  3806  3819 I native-activity: Frame 516 time is 4.406ms
04-13 01:19:51.252  3806  3819 I native-activity: Swap 516 time is 6.234ms
04-13 01:19:51.252  3806  3819 I native-activity: Animating
04-13 01:19:51.262  3827  3827 D ResourcesManager: For user 0 new overlays fetched Null
04-13 01:19:51.262  3806  3819 I native-activity: Frame 517 GL error is 0x0
04-13 01:19:51.262  3806  3819 I native-activity: Frame 517 time is 4.517ms
04-13 01:19:51.262  3806  3819 I native-activity: Swap 517 time is 6.137ms
04-13 01:19:51.262  3806  3819 I native-activity: Animating
04-13 01:19:51.262  3806  3819 I native-activity: Frame 518 GL error is 0x0
04-13 01:19:51.262  3806  3819 I native-activity: Frame 518 time is 4.285ms
04-13 01:19:51.262  3806  3819 I native-activity: Swap 518 time is 6.222ms
04-13 01:19:51.262  3806  3819 I native-activity: Animating
04-13 01:19:51.272  3827  3827 W ResourcesManager: getTopLevelResources: /data/app/com.zimperium.zips-1/base.apk / 1.0 running in com.att.myWireless rsrc of package com.zimperium.zips
04-13 01:19:51.272  3806  3819 I native-activity: Frame 519 GL error is 0x0
04-13 01:19:51.272  3806  3819 I native-activity: Frame 519 time is 4.482ms
04-13 01:19:51.272  3806  3819 I native-activity: Swap 519 time is 6.153ms
04-13 01:19:51.272  3806  3819 I native-activity: Animating
04-13 01:19:51.272  3827  3827 D ResourcesManager: For user 0 new overlays fetched Null
04-13 01:19:51.282  3806  3819 I native-activity: Frame 520 GL error is 0x0
04-13 01:19:51.282  3806  3819 I native-activity: Frame 520 time is 4.406ms
04-13 01:19:51.282  3806  3819 I native-activity: Swap 520 time is 6.141ms
04-13 01:19:51.282  3806  3819 I native-activity: Animating
04-13 01:19:51.282  3806  3819 I native-activity: Frame 521 GL error is 0x0
04-13 01:19:51.282  3806  3819 I native-activity: Frame 521 time is 4.642ms
04-13 01:19:51.282  3806  3819 I native-activity: Swap 521 time is 5.841ms
04-13 01:19:51.282  3806  3819 I native-activity: Animating
04-13 01:19:51.282  3827  3827 W ResourcesManager: getTopLevelResources: /data/app/com.skype.raider-1/base.apk / 1.0 running in com.att.myWireless rsrc of package com.skype.raider
04-13 01:19:51.292  3806  3819 I native-activity: Frame 522 GL error is 0x0
04-13 01:19:51.292  3806  3819 I native-activity: Frame 522 time is 4.425ms
04-13 01:19:51.292  3806  3819 I native-activity: Swap 522 time is 6.354ms
04-13 01:19:51.292  3806  3819 I native-activity: Animating
04-13 01:19:51.292  3827  3827 D ResourcesManager: For user 0 new overlays fetched Null
04-13 01:19:51.292  3806  3819 I native-activity: Frame 523 GL error is 0x0
04-13 01:19:51.292  3806  3819 I native-activity: Frame 523 time is 4.080ms
04-13 01:19:51.302  3806  3819 I native-activity: Swap 523 time is 6.250ms
04-13 01:19:51.302  3806  3819 I native-activity: Animating
04-13 01:19:51.302  3806  3819 I native-activity: Frame 524 GL error is 0x0
04-13 01:19:51.302  3806  3819 I native-activity: Frame 524 time is 4.440ms
04-13 01:19:51.302  3806  3819 I native-activity: Swap 524 time is 6.015ms
04-13 01:19:51.302  3806  3819 I native-activity: Animating
04-13 01:19:51.312  3806  3819 I native-activity: Frame 525 GL error is 0x0
04-13 01:19:51.312  3806  3819 I native-activity: Frame 525 time is 4.702ms
04-13 01:19:51.312  3806  3819 I native-activity: Swap 525 time is 6.325ms
04-13 01:19:51.312  3806  3819 I native-activity: Animating
04-13 01:19:51.312  3827  3827 W ResourcesManager: getTopLevelResources: /data/app/com.example.sonicdash_stage1-1/base.apk / 1.0 running in com.att.myWireless rsrc of package com.example.sonicdash_stage1
04-13 01:19:51.312  3827  3827 D ResourcesManager: For user 0 new overlays fetched Null
04-13 01:19:51.322  3806  3819 I native-activity: Frame 526 GL error is 0x0
04-13 01:19:51.322  3806  3819 I native-activity: Frame 526 time is 11.762ms
04-13 01:19:51.322  3806  3819 I native-activity: Swap 526 time is 12.407ms
04-13 01:19:51.322  3806  3819 I native-activity: Animating
04-13 01:19:51.332  3806  3819 I native-activity: Frame 527 GL error is 0x0
04-13 01:19:51.332  3806  3819 I native-activity: Frame 527 time is 5.956ms
04-13 01:19:51.332  3806  3819 I native-activity: Swap 527 time is 6.566ms
04-13 01:19:51.332  3806  3819 I native-activity: Animating
04-13 01:19:51.332  3827  3827 W ResourcesManager: getTopLevelResources: /data/app/com.facebook.work-1/base.apk / 1.0 running in com.att.myWireless rsrc of package com.facebook.work
04-13 01:19:51.332  3806  3819 I native-activity: Frame 528 GL error is 0x0
04-13 01:19:51.332  3806  3819 I native-activity: Frame 528 time is 7.548ms
04-13 01:19:51.342  3806  3819 I native-activity: Swap 528 time is 8.166ms
04-13 01:19:51.342  3806  3819 I native-activity: Animating
04-13 01:19:51.342  3806  3819 I native-activity: Frame 529 GL error is 0x0
04-13 01:19:51.342  3806  3819 I native-activity: Frame 529 time is 8.732ms
04-13 01:19:51.342  3806  3819 I native-activity: Swap 529 time is 9.164ms
04-13 01:19:51.342  3806  3819 I native-activity: Animating
04-13 01:19:51.352  3806  3819 I native-activity: Frame 530 GL error is 0x0
04-13 01:19:51.352  3806  3819 I native-activity: Frame 530 time is 6.670ms
04-13 01:19:51.352  3806  3819 I native-activity: Swap 530 time is 7.249ms
04-13 01:19:51.352  3806  3819 I native-activity: Animating
04-13 01:19:51.362  3806  3819 I native-activity: Frame 531 GL error is 0x0
04-13 01:19:51.362  3806  3819 I native-activity: Frame 531 time is 7.173ms
04-13 01:19:51.362  3806  3819 I native-activity: Swap 531 time is 7.665ms
04-13 01:19:51.362  3806  3819 I native-activity: Animating
04-13 01:19:51.372  3806  3819 I native-activity: Frame 532 GL error is 0x0
04-13 01:19:51.372  3806  3819 I native-activity: Frame 532 time is 6.613ms
04-13 01:19:51.372  3806  3819 I native-activity: Swap 532 time is 7.094ms
04-13 01:19:51.372  3806  3819 I native-activity: Animating
04-13 01:19:51.372  3806  3819 I native-activity: Frame 533 GL error is 0x0
04-13 01:19:51.372  3806  3819 I native-activity: Frame 533 time is 6.866ms
04-13 01:19:51.372  3806  3819 I native-activity: Swap 533 time is 7.317ms
04-13 01:19:51.372  3806  3819 I native-activity: Animating
04-13 01:19:51.382  3806  3819 I native-activity: Frame 534 GL error is 0x0
04-13 01:19:51.382  3806  3819 I native-activity: Frame 534 time is 7.238ms
04-13 01:19:51.382  3806  3819 I native-activity: Swap 534 time is 7.611ms
04-13 01:19:51.382  3806  3819 I native-activity: Animating
04-13 01:19:51.392  3806  3819 I native-activity: Frame 535 GL error is 0x0
04-13 01:19:51.392  3806  3819 I native-activity: Frame 535 time is 6.514ms
04-13 01:19:51.392  3806  3819 I native-activity: Swap 535 time is 7.116ms
04-13 01:19:51.392  3806  3819 I native-activity: Animating
04-13 01:19:51.392  3806  3819 I native-activity: Frame 536 GL error is 0x0
04-13 01:19:51.392  3806  3819 I native-activity: Frame 536 time is 5.758ms
04-13 01:19:51.402  3806  3819 I native-activity: Swap 536 time is 6.381ms
04-13 01:19:51.402  3806  3819 I native-activity: Animating
04-13 01:19:51.402  3806  3819 I native-activity: Frame 537 GL error is 0x0
04-13 01:19:51.402  3806  3819 I native-activity: Frame 537 time is 5.934ms
04-13 01:19:51.402  3806  3819 I native-activity: Swap 537 time is 6.448ms
04-13 01:19:51.402  3806  3819 I native-activity: Animating
04-13 01:19:51.412  3827  3827 D ResourcesManager: For user 0 new overlays fetched Null
04-13 01:19:51.412  3806  3819 I native-activity: Frame 538 GL error is 0x0
04-13 01:19:51.412  3806  3819 I native-activity: Frame 538 time is 6.023ms
04-13 01:19:51.422  3827  3827 W ResourcesManager: getTopLevelResources: /data/app/com.oculus.horizon-1/base.apk / 1.0 running in com.att.myWireless rsrc of package com.oculus.horizon
04-13 01:19:51.412  3806  3819 I native-activity: Swap 538 time is 6.485ms
04-13 01:19:51.412  3806  3819 I native-activity: Animating
04-13 01:19:51.422  3806  3819 I native-activity: Frame 539 GL error is 0x0
04-13 01:19:51.422  3806  3819 I native-activity: Frame 539 time is 7.409ms
04-13 01:19:51.422  3806  3819 I native-activity: Swap 539 time is 7.927ms
04-13 01:19:51.422  3806  3819 I native-activity: Animating
04-13 01:19:51.422  3806  3819 I native-activity: Frame 540 GL error is 0x0
04-13 01:19:51.422  3806  3819 I native-activity: Frame 540 time is 6.283ms
04-13 01:19:51.422  3806  3819 I native-activity: Swap 540 time is 6.790ms
04-13 01:19:51.422  3806  3819 I native-activity: Animating
04-13 01:19:51.432  3806  3819 I native-activity: Frame 541 GL error is 0x0
04-13 01:19:51.432  3806  3819 I native-activity: Frame 541 time is 6.317ms
04-13 01:19:51.432  3806  3819 I native-activity: Swap 541 time is 6.756ms
04-13 01:19:51.432  3806  3819 I native-activity: Animating
04-13 01:19:51.442  3806  3819 I native-activity: Frame 542 GL error is 0x0
04-13 01:19:51.442  3806  3819 I native-activity: Frame 542 time is 5.940ms
