04-11 02:50:10.129  3196  3211 I native-activity: Swap 156 time is 7.517ms
04-11 02:50:10.129  3196  3211 I native-activity: Animating
04-11 02:50:10.129  3196  3211 I native-activity: Frame 157 GL error is 0x0
04-11 02:50:10.129  3196  3211 I native-activity: Frame 157 time is 1.371ms
04-11 02:50:10.139  3196  3211 I native-activity: Swap 157 time is 7.697ms
04-11 02:50:10.139  3196  3211 I native-activity: Animating
04-11 02:50:10.139  3196  3211 I native-activity: Frame 158 GL error is 0x0
04-11 02:50:10.139  3196  3211 I native-activity: Frame 158 time is 1.707ms
04-11 02:50:10.139  3196  3211 I native-activity: Swap 158 time is 7.919ms
04-11 02:50:10.139  3196  3211 I native-activity: Animating
04-11 02:50:10.149  3196  3211 I native-activity: Frame 159 GL error is 0x0
04-11 02:50:10.149  3196  3211 I native-activity: Frame 159 time is 3.273ms
04-11 02:50:10.149  3196  3211 I native-activity: Swap 159 time is 9.407ms
04-11 02:50:10.149  3196  3211 I native-activity: Animating
04-11 02:50:10.159  3196  3211 I native-activity: Frame 160 GL error is 0x0
04-11 02:50:10.159  3196  3211 I native-activity: Frame 160 time is 1.779ms
04-11 02:50:10.159  3196  3211 I native-activity: Swap 160 time is 8.525ms
04-11 02:50:10.159  3196  3211 I native-activity: Animating
04-11 02:50:10.169  3196  3211 I native-activity: Frame 161 GL error is 0x0
04-11 02:50:10.169  3196  3211 I native-activity: Frame 161 time is 2.063ms
04-11 02:50:10.169  3196  3211 I native-activity: Swap 161 time is 8.022ms
04-11 02:50:10.169  3196  3211 I native-activity: Animating
04-11 02:50:10.169  3196  3211 I native-activity: Frame 162 GL error is 0x0
04-11 02:50:10.169  3196  3211 I native-activity: Frame 162 time is 1.858ms
04-11 02:50:10.179  3196  3211 I native-activity: Swap 162 time is 8.003ms
04-11 02:50:10.179  3196  3211 I native-activity: Animating
04-11 02:50:10.179  3196  3211 I native-activity: Frame 163 GL error is 0x0
04-11 02:50:10.179  3196  3211 I native-activity: Frame 163 time is 1.585ms
04-11 02:50:10.189  3196  3211 I native-activity: Swap 163 time is 7.605ms
04-11 02:50:10.189  3196  3211 I native-activity: Animating
04-11 02:50:10.189  3196  3211 I native-activity: Frame 164 GL error is 0x0
04-11 02:50:10.189  3196  3211 I native-activity: Frame 164 time is 1.456ms
04-11 02:50:10.199  3196  3211 I native-activity: Swap 164 time is 7.161ms
04-11 02:50:10.199  3196  3211 I native-activity: Animating
04-11 02:50:10.199  3196  3211 I native-activity: Frame 165 GL error is 0x0
04-11 02:50:10.199  3196  3211 I native-activity: Frame 165 time is 1.383ms
04-11 02:50:10.199  3196  3211 I native-activity: Swap 165 time is 7.479ms
04-11 02:50:10.199  3196  3211 I native-activity: Animating
04-11 02:50:10.209  3196  3211 I native-activity: Frame 166 GL error is 0x0
04-11 02:50:10.209  3196  3211 I native-activity: Frame 166 time is 1.622ms
04-11 02:50:10.209  3196  3211 I native-activity: Swap 166 time is 7.532ms
04-11 02:50:10.209  3196  3211 I native-activity: Animating
04-11 02:50:10.209  3196  3211 I native-activity: Frame 167 GL error is 0x0
04-11 02:50:10.209  3196  3211 I native-activity: Frame 167 time is 1.579ms
04-11 02:50:10.219  3196  3211 I native-activity: Swap 167 time is 6.676ms
04-11 02:50:10.219  3196  3211 I native-activity: Animating
04-11 02:50:10.219  3196  3211 I native-activity: Frame 168 GL error is 0x0
04-11 02:50:10.219  3196  3211 I native-activity: Frame 168 time is 0.965ms
04-11 02:50:10.219  3196  3211 I native-activity: Swap 168 time is 5.515ms
04-11 02:50:10.229  3196  3211 I native-activity: Animating
04-11 02:50:10.229  3196  3211 I native-activity: Frame 169 GL error is 0x0
04-11 02:50:10.229  3196  3211 I native-activity: Frame 169 time is 1.411ms
04-11 02:50:10.229  3196  3211 I native-activity: Swap 169 time is 6.541ms
04-11 02:50:10.229  3196  3211 I native-activity: Animating
04-11 02:50:10.229  3196  3211 I native-activity: Frame 170 GL error is 0x0
04-11 02:50:10.229  3196  3211 I native-activity: Frame 170 time is 1.347ms
04-11 02:50:10.239  3196  3211 I native-activity: Swap 170 time is 6.137ms
04-11 02:50:10.239  3196  3211 I native-activity: Animating
04-11 02:50:10.239  3196  3211 I native-activity: Frame 171 GL error is 0x0
04-11 02:50:10.239  3196  3211 I native-activity: Frame 171 time is 1.379ms
04-11 02:50:10.249  3196  3211 I native-activity: Swap 171 time is 6.704ms
04-11 02:50:10.249  3196  3211 I native-activity: Animating
04-11 02:50:10.249  3196  3211 I native-activity: Frame 172 GL error is 0x0
04-11 02:50:10.249  3196  3211 I native-activity: Frame 172 time is 1.419ms
04-11 02:50:10.249  3196  3211 I native-activity: Swap 172 time is 6.116ms
04-11 02:50:10.249  3196  3211 I native-activity: Animating
04-11 02:50:10.249  3196  3211 I native-activity: Frame 173 GL error is 0x0
04-11 02:50:10.249  3196  3211 I native-activity: Frame 173 time is 1.273ms
04-11 02:50:10.259  3196  3211 I native-activity: Swap 173 time is 5.828ms
04-11 02:50:10.259  3196  3211 I native-activity: Animating
04-11 02:50:10.259  3196  3211 I native-activity: Frame 174 GL error is 0x0
04-11 02:50:10.259  3196  3211 I native-activity: Frame 174 time is 1.431ms
04-11 02:50:10.259  3196  3211 I native-activity: Swap 174 time is 6.109ms
04-11 02:50:10.259  3196  3211 I native-activity: Animating
04-11 02:50:10.269  3196  3211 I native-activity: Frame 175 GL error is 0x0
04-11 02:50:10.269  3196  3211 I native-activity: Frame 175 time is 1.457ms
04-11 02:50:10.269  3196  3211 I native-activity: Swap 175 time is 7.732ms
04-11 02:50:10.269  3196  3211 I native-activity: Animating
04-11 02:50:10.279  3196  3211 I native-activity: Frame 176 GL error is 0x0
04-11 02:50:10.279  3196  3211 I native-activity: Frame 176 time is 2.437ms
04-11 02:50:10.279  3196  3211 I native-activity: Swap 176 time is 9.091ms
04-11 02:50:10.279  3196  3211 I native-activity: Animating
04-11 02:50:10.279  3196  3211 I native-activity: Frame 177 GL error is 0x0
04-11 02:50:10.279  3196  3211 I native-activity: Frame 177 time is 1.904ms
04-11 02:50:10.289  3196  3211 I native-activity: Swap 177 time is 8.020ms
04-11 02:50:10.289  3196  3211 I native-activity: Animating
04-11 02:50:10.289  3196  3211 I native-activity: Frame 178 GL error is 0x0
04-11 02:50:10.289  3196  3211 I native-activity: Frame 178 time is 1.623ms
04-11 02:50:10.299  3196  3211 I native-activity: Swap 178 time is 7.716ms
04-11 02:50:10.299  3196  3211 I native-activity: Animating
04-11 02:50:10.299  3196  3211 I native-activity: Frame 179 GL error is 0x0
04-11 02:50:10.299  3196  3211 I native-activity: Frame 179 time is 1.656ms
04-11 02:50:10.309  3196  3211 I native-activity: Swap 179 time is 7.686ms
04-11 02:50:10.309  3196  3211 I native-activity: Animating
04-11 02:50:10.309  3196  3211 I native-activity: Frame 180 GL error is 0x0
04-11 02:50:10.309  3196  3211 I native-activity: Frame 180 time is 1.518ms
04-11 02:50:10.319  3196  3211 I native-activity: Swap 180 time is 7.872ms
04-11 02:50:10.319  3196  3211 I native-activity: Animating
04-11 02:50:10.319  3196  3211 I native-activity: Frame 181 GL error is 0x0
04-11 02:50:10.319  3196  3211 I native-activity: Frame 181 time is 1.611ms
04-11 02:50:10.319  3196  3211 I native-activity: Swap 181 time is 5.896ms
04-11 02:50:10.319  3196  3211 I native-activity: Animating
04-11 02:50:10.319  1434  6994 D SSRM:n  : SIOP:: AP = 370, PST = 330 (W:6), CP = 35, CUR = -696, LCD = 255
04-11 02:50:10.319  3196  3211 I native-activity: Frame 182 GL error is 0x0
04-11 02:50:10.319  3196  3211 I native-activity: Frame 182 time is 1.698ms
04-11 02:50:10.329  3196  3211 I native-activity: Swap 182 time is 5.872ms
04-11 02:50:10.329  3196  3211 I native-activity: Animating
04-11 02:50:10.329  3196  3211 I native-activity: Frame 183 GL error is 0x0
04-11 02:50:10.329  3196  3211 I native-activity: Frame 183 time is 0.615ms
04-11 02:50:10.329  3196  3211 I native-activity: Swap 183 time is 5.065ms
04-11 02:50:10.329  3196  3211 I native-activity: Animating
04-11 02:50:10.329  3196  3211 I native-activity: Frame 184 GL error is 0x0
04-11 02:50:10.329  3196  3211 I native-activity: Frame 184 time is 0.842ms
04-11 02:50:10.339  3196  3211 I native-activity: Swap 184 time is 5.364ms
04-11 02:50:10.339  3196  3211 I native-activity: Animating
04-11 02:50:10.339  3196  3211 I native-activity: Frame 185 GL error is 0x0
04-11 02:50:10.339  3196  3211 I native-activity: Frame 185 time is 1.011ms
04-11 02:50:10.339  3196  3211 I native-activity: Swap 185 time is 5.183ms
04-11 02:50:10.339  3196  3211 I native-activity: Animating
04-11 02:50:10.349  3196  3211 I native-activity: Frame 186 GL error is 0x0
04-11 02:50:10.349  3196  3211 I native-activity: Frame 186 time is 1.982ms
04-11 02:50:10.349  3196  3211 I native-activity: Swap 186 time is 6.166ms
04-11 02:50:10.349  1434  6994 D ConnectivityService: returning getNetworkInfo for network type 1 : [type: WIFI[] - WIFI, state: CONNECTED/CONNECTED, reason: (unspecified), extra: "wildfredland_ext", roaming: false, failover: false, isAvailable: true]
04-11 02:50:10.349  3196  3211 I native-activity: Animating
04-11 02:50:10.349  3196  3211 I native-activity: Frame 187 GL error is 0x0
04-11 02:50:10.349  3196  3211 I native-activity: Frame 187 time is 0.878ms
04-11 02:50:10.359  3196  3211 I native-activity: Swap 187 time is 5.060ms
04-11 02:50:10.359  3196  3211 I native-activity: Animating
04-11 02:50:10.359  3196  3211 I native-activity: Frame 188 GL error is 0x0
04-11 02:50:10.359  3196  3211 I native-activity: Frame 188 time is 1.080ms
04-11 02:50:10.359  3196  3211 I native-activity: Swap 188 time is 5.139ms
04-11 02:50:10.359  3196  3211 I native-activity: Animating
04-11 02:50:10.359  3196  3211 I native-activity: Frame 189 GL error is 0x0
04-11 02:50:10.359  3196  3211 I native-activity: Frame 189 time is 1.648ms
04-11 02:50:10.369  3196  3211 I native-activity: Swap 189 time is 5.721ms
04-11 02:50:10.369  3196  3211 I native-activity: Animating
04-11 02:50:10.369  3196  3211 I native-activity: Frame 190 GL error is 0x0
04-11 02:50:10.369  3196  3211 I native-activity: Frame 190 time is 0.752ms
04-11 02:50:10.369  3196  3211 I native-activity: Swap 190 time is 5.133ms
04-11 02:50:10.369  3196  3211 I native-activity: Animating
04-11 02:50:10.369  3196  3211 I native-activity: Frame 191 GL error is 0x0
04-11 02:50:10.369  3196  3211 I native-activity: Frame 191 time is 0.905ms
04-11 02:50:10.379  3196  3211 I native-activity: Swap 191 time is 5.452ms
04-11 02:50:10.379  3196  3211 I native-activity: Animating
04-11 02:50:10.379  3196  3211 I native-activity: Frame 192 GL error is 0x0
04-11 02:50:10.379  3196  3211 I native-activity: Frame 192 time is 0.983ms
04-11 02:50:10.379  3196  3211 I native-activity: Swap 192 time is 5.365ms
04-11 02:50:10.379  3196  3211 I native-activity: Animating
04-11 02:50:10.379  3196  3211 I native-activity: Frame 193 GL error is 0x0
04-11 02:50:10.389  3196  3211 I native-activity: Frame 193 time is 0.790ms
04-11 02:50:10.389  3196  3211 I native-activity: Swap 193 time is 6.513ms
04-11 02:50:10.389  3196  3211 I native-activity: Animating
04-11 02:50:10.389  3196  3211 I native-activity: Frame 194 GL error is 0x0
04-11 02:50:10.389  3196  3211 I native-activity: Frame 194 time is 0.691ms
04-11 02:50:10.399  3196  3211 I native-activity: Swap 194 time is 6.576ms
04-11 02:50:10.399  3196  3211 I native-activity: Animating
04-11 02:50:10.399  3196  3211 I native-activity: Frame 195 GL error is 0x0
04-11 02:50:10.399  3196  3211 I native-activity: Frame 195 time is 0.724ms
04-11 02:50:10.399  3196  3211 I native-activity: Swap 195 time is 6.151ms
04-11 02:50:10.399  3196  3211 I native-activity: Animating
04-11 02:50:10.399  3196  3211 I native-activity: Frame 196 GL error is 0x0
04-11 02:50:10.399  3196  3211 I native-activity: Frame 196 time is 0.718ms
04-11 02:50:10.409  3196  3211 I native-activity: Swap 196 time is 7.198ms
04-11 02:50:10.409  3196  3211 I native-activity: Animating
04-11 02:50:10.409  3196  3211 I native-activity: Frame 197 GL error is 0x0
04-11 02:50:10.409  3196  3211 I native-activity: Frame 197 time is 0.969ms
04-11 02:50:10.419  3196  3211 I native-activity: Swap 197 time is 6.207ms
04-11 02:50:10.419  3196  3211 I native-activity: Animating
04-11 02:50:10.419  3196  3211 I native-activity: Frame 198 GL error is 0x0
04-11 02:50:10.419  3196  3211 I native-activity: Frame 198 time is 0.884ms
04-11 02:50:10.419  3196  3211 I native-activity: Swap 198 time is 6.050ms
04-11 02:50:10.419  3196  3211 I native-activity: Animating
04-11 02:50:10.429  3196  3211 I native-activity: Frame 199 GL error is 0x0
04-11 02:50:10.429  3196  3211 I native-activity: Frame 199 time is 1.006ms
04-11 02:50:10.429  3196  3211 I native-activity: Swap 199 time is 6.243ms
04-11 02:50:10.429  3196  3211 I native-activity: Animating
04-11 02:50:10.429  3196  3211 I native-activity: Frame 200 GL error is 0x0
04-11 02:50:10.429  3196  3211 I native-activity: Frame 200 time is 0.947ms
04-11 02:50:10.439  3196  3211 I native-activity: Swap 200 time is 6.483ms
04-11 02:50:10.439  3196  3211 I native-activity: Animating
04-11 02:50:10.439  3196  3211 I native-activity: Frame 201 GL error is 0x0
04-11 02:50:10.439  3196  3211 I native-activity: Frame 201 time is 1.113ms
04-11 02:50:10.439  3196  3211 I native-activity: Swap 201 time is 6.569ms
04-11 02:50:10.439  3196  3211 I native-activity: Animating
04-11 02:50:10.449  3196  3211 I native-activity: Frame 202 GL error is 0x0
04-11 02:50:10.449  3196  3211 I native-activity: Frame 202 time is 1.336ms
04-11 02:50:10.449  3196  3211 I native-activity: Swap 202 time is 7.036ms
04-11 02:50:10.449  3196  3211 I native-activity: Animating
04-11 02:50:10.449  3196  3211 I native-activity: Frame 203 GL error is 0x0
04-11 02:50:10.449  3196  3211 I native-activity: Frame 203 time is 1.409ms
04-11 02:50:10.459  3196  3211 I native-activity: Swap 203 time is 6.957ms
04-11 02:50:10.459  3196  3211 I native-activity: Animating
04-11 02:50:10.459  3196  3211 I native-activity: Frame 204 GL error is 0x0
04-11 02:50:10.459  3196  3211 I native-activity: Frame 204 time is 1.526ms
04-11 02:50:10.469  3196  3211 I native-activity: Swap 204 time is 7.366ms
04-11 02:50:10.469  3196  3211 I native-activity: Animating
04-11 02:50:10.469  3196  3211 I native-activity: Frame 205 GL error is 0x0
04-11 02:50:10.469  3196  3211 I native-activity: Frame 205 time is 1.900ms
04-11 02:50:10.479  3196  3211 I native-activity: Swap 205 time is 10.771ms
04-11 02:50:10.479  3196  3211 I native-activity: Animating
04-11 02:50:10.479  3196  3211 I native-activity: Frame 206 GL error is 0x0
04-11 02:50:10.479  3196  3211 I native-activity: Frame 206 time is 1.840ms
04-11 02:50:10.489  3196  3211 I native-activity: Swap 206 time is 10.264ms
04-11 02:50:10.489  3196  3211 I native-activity: Animating
04-11 02:50:10.489  3196  3211 I native-activity: Frame 207 GL error is 0x0
04-11 02:50:10.489  3196  3211 I native-activity: Frame 207 time is 1.767ms
04-11 02:50:10.499  3196  3211 I native-activity: Swap 207 time is 10.252ms
04-11 02:50:10.499  3196  3211 I native-activity: Animating
04-11 02:50:10.499  3196  3211 I native-activity: Frame 208 GL error is 0x0
04-11 02:50:10.499  3196  3211 I native-activity: Frame 208 time is 2.195ms
04-11 02:50:10.509  3196  3211 I native-activity: Swap 208 time is 10.895ms
04-11 02:50:10.509  3196  3211 I native-activity: Animating
04-11 02:50:10.509  3196  3211 I native-activity: Frame 209 GL error is 0x0
04-11 02:50:10.509  3196  3211 I native-activity: Frame 209 time is 1.788ms
04-11 02:50:10.519  3196  3211 I native-activity: Swap 209 time is 10.052ms
04-11 02:50:10.519  3196  3211 I native-activity: Animating
04-11 02:50:10.519  3196  3211 I native-activity: Frame 210 GL error is 0x0
04-11 02:50:10.519  3196  3211 I native-activity: Frame 210 time is 2.118ms
04-11 02:50:10.529  3196  3211 I native-activity: Swap 210 time is 9.082ms
04-11 02:50:10.529  3196  3211 I native-activity: Animating
04-11 02:50:10.529  3196  3211 I native-activity: Frame 211 GL error is 0x0
04-11 02:50:10.529  3196  3211 I native-activity: Frame 211 time is 1.595ms
04-11 02:50:10.539  3196  3211 I native-activity: Swap 211 time is 8.605ms
04-11 02:50:10.539  3196  3211 I native-activity: Animating
04-11 02:50:10.539  3196  3211 I native-activity: Frame 212 GL error is 0x0
04-11 02:50:10.539  3196  3211 I native-activity: Frame 212 time is 2.242ms
04-11 02:50:10.549  3196  3211 I native-activity: Swap 212 time is 9.419ms
04-11 02:50:10.549  3196  3211 I native-activity: Animating
04-11 02:50:10.549  3196  3211 I native-activity: Frame 213 GL error is 0x0
04-11 02:50:10.549  3196  3211 I native-activity: Frame 213 time is 1.810ms
04-11 02:50:10.559  3196  3211 I native-activity: Swap 213 time is 9.412ms
04-11 02:50:10.559  3196  3211 I native-activity: Animating
04-11 02:50:10.559  3196  3211 I native-activity: Frame 214 GL error is 0x0
04-11 02:50:10.559  3196  3211 I native-activity: Frame 214 time is 1.803ms
04-11 02:50:10.569  3196  3211 I native-activity: Swap 214 time is 9.530ms
04-11 02:50:10.569  3196  3211 I native-activity: Animating
04-11 02:50:10.569  3196  3211 I native-activity: Frame 215 GL error is 0x0
04-11 02:50:10.569  3196  3211 I native-activity: Frame 215 time is 2.359ms
04-11 02:50:10.579  3196  3211 I native-activity: Swap 215 time is 11.343ms
04-11 02:50:10.579  3196  3211 I native-activity: Animating
04-11 02:50:10.579  3196  3211 I native-activity: Frame 216 GL error is 0x0
04-11 02:50:10.579  3196  3211 I native-activity: Frame 216 time is 2.659ms
04-11 02:50:10.589  3196  3211 I native-activity: Swap 216 time is 11.777ms
04-11 02:50:10.589  3196  3211 I native-activity: Animating
04-11 02:50:10.599  3196  3211 I native-activity: Frame 217 GL error is 0x0
04-11 02:50:10.599  3196  3211 I native-activity: Frame 217 time is 2.115ms
04-11 02:50:10.609  3196  3211 I native-activity: Swap 217 time is 11.790ms
04-11 02:50:10.609  3196  3211 I native-activity: Animating
04-11 02:50:10.609  3196  3211 I native-activity: Frame 218 GL error is 0x0
04-11 02:50:10.609  3196  3211 I native-activity: Frame 218 time is 1.688ms
04-11 02:50:10.619  3196  3211 I native-activity: Swap 218 time is 10.680ms
04-11 02:50:10.619  3196  3211 I native-activity: Animating
04-11 02:50:10.619  3196  3211 I native-activity: Frame 219 GL error is 0x0
04-11 02:50:10.619  3196  3211 I native-activity: Frame 219 time is 1.657ms
04-11 02:50:10.629  3196  3211 I native-activity: Swap 219 time is 10.219ms
04-11 02:50:10.629  3196  3211 I native-activity: Animating
04-11 02:50:10.629  3196  3211 I native-activity: Frame 220 GL error is 0x0
04-11 02:50:10.629  3196  3211 I native-activity: Frame 220 time is 2.075ms
04-11 02:50:10.639  3196  3211 I native-activity: Swap 220 time is 10.666ms
04-11 02:50:10.639  3196  3211 I native-activity: Animating
04-11 02:50:10.639  3196  3211 I native-activity: Frame 221 GL error is 0x0
04-11 02:50:10.639  3196  3211 I native-activity: Frame 221 time is 1.995ms
04-11 02:50:10.649  3196  3211 I native-activity: Swap 221 time is 10.505ms
04-11 02:50:10.649  3196  3211 I native-activity: Animating
04-11 02:50:10.649  3196  3211 I native-activity: Frame 222 GL error is 0x0
04-11 02:50:10.649  3196  3211 I native-activity: Frame 222 time is 1.795ms
04-11 02:50:10.659  3196  3211 I native-activity: Swap 222 time is 10.483ms
04-11 02:50:10.659  3196  3211 I native-activity: Animating
04-11 02:50:10.659  3196  3211 I native-activity: Frame 223 GL error is 0x0
04-11 02:50:10.659  3196  3211 I native-activity: Frame 223 time is 2.054ms
04-11 02:50:10.669  3196  3211 I native-activity: Swap 223 time is 10.905ms
04-11 02:50:10.669  3196  3211 I native-activity: Animating
04-11 02:50:10.679  3196  3211 I native-activity: Frame 224 GL error is 0x0
04-11 02:50:10.679  3196  3211 I native-activity: Frame 224 time is 2.826ms
04-11 02:50:10.689  3196  3211 I native-activity: Swap 224 time is 13.378ms
04-11 02:50:10.689  3196  3211 I native-activity: Animating
04-11 02:50:10.819  3196  3211 I native-activity: Frame 225 GL error is 0x501
04-11 02:50:10.819  3196  3211 I native-activity: Frame 225 time is 130.852ms
04-11 02:50:10.829  3196  3211 I native-activity: Swap 225 time is 141.413ms
04-11 02:50:10.829  3196  3211 I native-activity: Animating
04-11 02:50:10.829  3196  3211 I native-activity: Frame 226 GL error is 0x0
04-11 02:50:10.829  3196  3211 I native-activity: Frame 226 time is 0.533ms
04-11 02:50:10.829  3196  3211 I native-activity: Swap 226 time is 4.579ms
04-11 02:50:10.829  3196  3211 I native-activity: Animating
04-11 02:50:10.839  3196  3211 I native-activity: Frame 227 GL error is 0x0
04-11 02:50:10.839  3196  3211 I native-activity: Frame 227 time is 3.255ms
04-11 02:50:10.839  3196  3211 I native-activity: Swap 227 time is 9.149ms
04-11 02:50:10.839  3196  3211 I native-activity: Animating
04-11 02:50:10.849  3196  3211 I native-activity: Frame 228 GL error is 0x0
04-11 02:50:10.849  3196  3211 I native-activity: Frame 228 time is 1.585ms
04-11 02:50:10.849  3196  3211 I native-activity: Swap 228 time is 7.953ms
04-11 02:50:10.849  3196  3211 I native-activity: Animating
04-11 02:50:10.849  3196  3211 I native-activity: Frame 229 GL error is 0x0
04-11 02:50:10.849  3196  3211 I native-activity: Frame 229 time is 2.312ms
04-11 02:50:10.859  3196  3211 I native-activity: Swap 229 time is 9.467ms
04-11 02:50:10.859  3196  3211 I native-activity: Animating
04-11 02:50:10.859  3196  3211 I native-activity: Frame 230 GL error is 0x0
04-11 02:50:10.859  3196  3211 I native-activity: Frame 230 time is 2.704ms
04-11 02:50:10.869  3196  3211 I native-activity: Swap 230 time is 10.078ms
04-11 02:50:10.869  3196  3211 I native-activity: Animating
04-11 02:50:10.879  3196  3211 I native-activity: Frame 231 GL error is 0x0
04-11 02:50:10.879  3196  3211 I native-activity: Frame 231 time is 3.896ms
04-11 02:50:10.879  3196  3211 I native-activity: Swap 231 time is 11.370ms
04-11 02:50:10.879  3196  3211 I native-activity: Animating
04-11 02:50:10.909  3196  3211 I native-activity: Frame 232 GL error is 0x501
04-11 02:50:10.909  3196  3211 I native-activity: Frame 232 time is 25.254ms
04-11 02:50:10.919  3196  3211 I native-activity: Swap 232 time is 31.449ms
04-11 02:50:10.919  3196  3211 I native-activity: Animating
04-11 02:50:10.929  3196  3211 I native-activity: Frame 233 GL error is 0x501
04-11 02:50:10.929  3196  3211 I native-activity: Frame 233 time is 15.104ms
04-11 02:50:10.939  3196  3211 I native-activity: Swap 233 time is 21.004ms
04-11 02:50:10.939  3196  3211 I native-activity: Animating
04-11 02:50:10.939  3196  3211 I native-activity: Frame 234 GL error is 0x0
04-11 02:50:10.939  3196  3211 I native-activity: Frame 234 time is 3.546ms
04-11 02:50:10.949  3196  3211 I native-activity: Swap 234 time is 9.324ms
04-11 02:50:10.949  3196  3211 I native-activity: Animating
04-11 02:50:10.949  3196  3211 I native-activity: Frame 235 GL error is 0x0
04-11 02:50:10.949  3196  3211 I native-activity: Frame 235 time is 1.883ms
04-11 02:50:10.949  3196  3211 I native-activity: Swap 235 time is 7.657ms
04-11 02:50:10.949  3196  3211 I native-activity: Animating
04-11 02:50:10.959  3196  3211 I native-activity: Frame 236 GL error is 0x0
04-11 02:50:10.959  3196  3211 I native-activity: Frame 236 time is 2.236ms
04-11 02:50:10.959  3196  3211 I native-activity: Swap 236 time is 9.635ms
04-11 02:50:10.959  3196  3211 I native-activity: Animating
04-11 02:50:10.969  3196  3211 I native-activity: Frame 237 GL error is 0x0
04-11 02:50:10.969  3196  3211 I native-activity: Frame 237 time is 2.402ms
04-11 02:50:10.969  3196  3211 I native-activity: Swap 237 time is 10.302ms
04-11 02:50:10.969  3196  3211 I native-activity: Animating
04-11 02:50:10.979  3196  3211 I native-activity: Frame 238 GL error is 0x0
04-11 02:50:10.979  3196  3211 I native-activity: Frame 238 time is 2.203ms
04-11 02:50:10.979  3196  3211 I native-activity: Swap 238 time is 9.688ms
04-11 02:50:10.979  3196  3211 I native-activity: Animating
04-11 02:50:10.989  3196  3211 I native-activity: Frame 239 GL error is 0x0
04-11 02:50:10.989  3196  3211 I native-activity: Frame 239 time is 3.058ms
04-11 02:50:10.989  3196  3211 I native-activity: Swap 239 time is 8.619ms
04-11 02:50:10.989  3196  3211 I native-activity: Animating
04-11 02:50:11.099  3196  3211 I native-activity: Frame 240 GL error is 0x501
04-11 02:50:11.099  3196  3211 I native-activity: Frame 240 time is 102.271ms
04-11 02:50:11.109  3196  3211 I native-activity: Swap 240 time is 116.531ms
04-11 02:50:11.109  3196  3211 I native-activity: Animating
04-11 02:50:11.139  3196  3211 I native-activity: Frame 241 GL error is 0x501
04-11 02:50:11.149  3196  3211 I native-activity: Frame 241 time is 34.762ms
04-11 02:50:11.149  3196  3211 I native-activity: Swap 241 time is 40.827ms
04-11 02:50:11.149  3196  3211 I native-activity: Animating
04-11 02:50:11.159  3196  3211 I native-activity: Frame 242 GL error is 0x0
04-11 02:50:11.159  3196  3211 I native-activity: Frame 242 time is 13.706ms
04-11 02:50:11.169  3196  3211 I native-activity: Swap 242 time is 19.764ms
04-11 02:50:11.169  3196  3211 I native-activity: Animating
04-11 02:50:11.179  3196  3211 I native-activity: Frame 243 GL error is 0x0
04-11 02:50:11.179  3196  3211 I native-activity: Frame 243 time is 8.797ms
04-11 02:50:11.189  3196  3211 I native-activity: Swap 243 time is 14.563ms
04-11 02:50:11.189  3196  3211 I native-activity: Animating
04-11 02:50:11.189  3196  3211 I native-activity: Frame 244 GL error is 0x0
04-11 02:50:11.189  3196  3211 I native-activity: Frame 244 time is 8.525ms
04-11 02:50:11.199  3196  3211 I native-activity: Swap 244 time is 14.452ms
04-11 02:50:11.199  3196  3211 I native-activity: Animating
04-11 02:50:11.229  3196  3211 I native-activity: Frame 245 GL error is 0x0
04-11 02:50:11.229  3196  3211 I native-activity: Frame 245 time is 28.955ms
04-11 02:50:11.239  3196  3211 I native-activity: Swap 245 time is 36.437ms
04-11 02:50:11.239  3196  3211 I native-activity: Animating
04-11 02:50:11.259  3196  3211 I native-activity: Frame 246 GL error is 0x501
04-11 02:50:11.259  3196  3211 I native-activity: Frame 246 time is 20.539ms
04-11 02:50:11.269  3196  3211 I native-activity: Swap 246 time is 29.719ms
04-11 02:50:11.269  3196  3211 I native-activity: Animating
04-11 02:50:11.299  3196  3211 I native-activity: Frame 247 GL error is 0x501
04-11 02:50:11.299  3196  3211 I native-activity: Frame 247 time is 32.077ms
04-11 02:50:11.309  3196  3211 I native-activity: Swap 247 time is 38.754ms
04-11 02:50:11.309  3196  3211 I native-activity: Animating
04-11 02:50:11.309  3196  3211 I native-activity: Frame 248 GL error is 0x0
04-11 02:50:11.309  3196  3211 I native-activity: Frame 248 time is 6.253ms
04-11 02:50:11.319  3196  3211 I native-activity: Swap 248 time is 15.044ms
04-11 02:50:11.319  3196  3211 I native-activity: Animating
04-11 02:50:11.339  3196  3211 I native-activity: Frame 249 GL error is 0x501
04-11 02:50:11.339  3196  3211 I native-activity: Frame 249 time is 20.022ms
04-11 02:50:11.349  3196  3211 I native-activity: Swap 249 time is 27.116ms
04-11 02:50:11.349  3196  3211 I native-activity: Animating
04-11 02:50:11.359  3196  3211 I native-activity: Frame 250 GL error is 0x0
04-11 02:50:11.359  3196  3211 I native-activity: Frame 250 time is 11.601ms
04-11 02:50:11.369  3196  3211 I native-activity: Swap 250 time is 18.686ms
04-11 02:50:11.369  3196  3211 I native-activity: Animating
04-11 02:50:11.379  3196  3211 I native-activity: Frame 251 GL error is 0x0
04-11 02:50:11.379  3196  3211 I native-activity: Frame 251 time is 15.241ms
04-11 02:50:11.389  3196  3211 I native-activity: Swap 251 time is 24.110ms
04-11 02:50:11.389  3196  3211 I native-activity: Animating
04-11 02:50:11.409  3196  3211 I native-activity: Frame 252 GL error is 0x501
04-11 02:50:11.409  3196  3211 I native-activity: Frame 252 time is 16.920ms
04-11 02:50:11.419  3196  3211 I native-activity: Swap 252 time is 25.876ms
04-11 02:50:11.419  3196  3211 I native-activity: Animating
04-11 02:50:11.429  3196  3211 I native-activity: Frame 253 GL error is 0x0
04-11 02:50:11.429  3196  3211 I native-activity: Frame 253 time is 10.222ms
04-11 02:50:11.439  3196  3211 I native-activity: Swap 253 time is 19.152ms
04-11 02:50:11.439  3196  3211 I native-activity: Animating
04-11 02:50:11.449  1434  2251 W System.err: remove failed: ENOENT (No such file or directory) : /data/system/recent_tasks/1412_task.xml.bak
04-11 02:50:11.449  3196  3211 I native-activity: Frame 254 GL error is 0x0
04-11 02:50:11.449  3196  3211 I native-activity: Frame 254 time is 14.694ms
04-11 02:50:11.469  3196  3211 I native-activity: Swap 254 time is 27.820ms
04-11 02:50:11.469  3196  3211 I native-activity: Animating
04-11 02:50:11.489  3196  3211 I native-activity: Frame 255 GL error is 0x0
04-11 02:50:11.489  3196  3211 I native-activity: Frame 255 time is 26.009ms
04-11 02:50:11.499  3196  3211 I native-activity: Swap 255 time is 36.150ms
04-11 02:50:11.499  3196  3211 I native-activity: Animating
04-11 02:50:11.519  3196  3211 I native-activity: Frame 256 GL error is 0x0
04-11 02:50:11.519  3196  3211 I native-activity: Frame 256 time is 19.165ms
04-11 02:50:11.529  3196  3211 I native-activity: Swap 256 time is 28.970ms
04-11 02:50:11.529  3196  3211 I native-activity: Animating
04-11 02:50:11.549  3196  3211 I native-activity: Frame 257 GL error is 0x0
04-11 02:50:11.549  3196  3211 I native-activity: Frame 257 time is 13.755ms
04-11 02:50:11.559  3196  3211 I native-activity: Swap 257 time is 26.333ms
04-11 02:50:11.559  3196  3211 I native-activity: Animating
04-11 02:50:11.569  3196  3211 I native-activity: Frame 258 GL error is 0x0
04-11 02:50:11.569  3196  3211 I native-activity: Frame 258 time is 14.560ms
04-11 02:50:11.589  3196  3211 I native-activity: Swap 258 time is 26.674ms
04-11 02:50:11.589  3196  3211 I native-activity: Animating
04-11 02:50:11.599  3196  3211 I native-activity: Context 0xee52d680 made current on surface 0xee525640, error 0x3000
04-11 02:50:11.599  3196  3211 I native-activity: GL information
04-11 02:50:11.599  3196  3211 I native-activity: 	Renderer: Adreno (TM) 530
04-11 02:50:11.599  3196  3211 I native-activity: 	Vendor: Qualcomm
04-11 02:50:11.599  3196  3211 I native-activity: 	Version: OpenGL ES 3.2 V@145.0 (GIT@I5bc0f577f9)
04-11 02:50:11.599  3196  3211 I native-activity: 	Shading Language: OpenGL ES GLSL ES 3.20
04-11 02:50:11.599  3196  3211 I native-activity: 	Extensions: GL_OES_EGL_image GL_OES_EGL_image_external GL_OES_EGL_sync GL_OES_vertex_half_float GL_OES_framebuffer_object GL_OES_rgb8_rgba8 GL_OES_compressed_ETC1_RGB8_texture GL_AMD_compressed_ATC_texture GL_KHR_texture_compression_astc_ldr GL_KHR_texture_compression_astc_hdr GL_OES_texture_compression_astc GL_OES_texture_npot GL_EXT_texture_filter_anisotropic GL_EXT_texture_format_BGRA8888 GL_OES_texture_3D GL_EXT_color_buffer_float GL_EXT_color_buffer_half_float GL_QCOM_alpha_test GL_OES_depth24 GL_OES_packed_depth_stencil GL_OES_depth_texture GL_OES_depth_texture_cube_map GL_EXT_sRGB GL_OES_texture_float GL_OES_texture_float_linear GL_OES_texture_half_float GL_OES_texture_half_float_linear GL_EXT_texture_type_2_10_10_10_REV GL_EXT_texture_sRGB_decode GL_OES_element_index_uint GL_EXT_copy_image GL_EXT_geometry_shader GL_EXT_tessellation_shader GL_OES_texture_stencil8 GL_EXT_shader_io_blocks GL_OES_shader_image_atomic GL_OES_sample_variables GL_EXT_texture_border_clamp GL_EXT_multisampled_render_to_textur
04-11 02:50:11.599  3196  3211 I native-activity: Context 0xee52d680 made current on surface 0xee525640, error 0x3000
04-11 02:50:11.599  3196  3211 I native-activity: GL information
04-11 02:50:11.599  3196  3211 I native-activity: 	Renderer: Adreno (TM) 530
04-11 02:50:11.599  3196  3211 I native-activity: 	Vendor: Qualcomm
04-11 02:50:11.599  3196  3211 I native-activity: 	Version: OpenGL ES 3.2 V@145.0 (GIT@I5bc0f577f9)
04-11 02:50:11.599  3196  3211 I native-activity: 	Shading Language: OpenGL ES GLSL ES 3.20
04-11 02:50:11.599  3196  3211 I native-activity: 	Extensions: GL_OES_EGL_image GL_OES_EGL_image_external GL_OES_EGL_sync GL_OES_vertex_half_float GL_OES_framebuffer_object GL_OES_rgb8_rgba8 GL_OES_compressed_ETC1_RGB8_texture GL_AMD_compressed_ATC_texture GL_KHR_texture_compression_astc_ldr GL_KHR_texture_compression_astc_hdr GL_OES_texture_compression_astc GL_OES_texture_npot GL_EXT_texture_filter_anisotropic GL_EXT_texture_format_BGRA8888 GL_OES_texture_3D GL_EXT_color_buffer_float GL_EXT_color_buffer_half_float GL_QCOM_alpha_test GL_OES_depth24 GL_OES_packed_depth_stencil GL_OES_depth_texture GL_OES_depth_texture_cube_map GL_EXT_sRGB GL_OES_texture_float GL_OES_texture_float_linear GL_OES_texture_half_float GL_OES_texture_half_float_linear GL_EXT_texture_type_2_10_10_10_REV GL_EXT_texture_sRGB_decode GL_OES_element_index_uint GL_EXT_copy_image GL_EXT_geometry_shader GL_EXT_tessellation_shader GL_OES_texture_stencil8 GL_EXT_shader_io_blocks GL_OES_shader_image_atomic GL_OES_sample_variables GL_EXT_texture_border_clamp GL_EXT_multisampled_render_to_textur
04-11 02:50:11.599  3196  3211 I native-activity: Frame 259 GL error is 0x0
04-11 02:50:11.599  3196  3211 I native-activity: Frame 259 time is 16.023ms
04-11 02:50:11.609  3196  3211 I native-activity: Swap 259 time is 26.722ms
04-11 02:50:11.609  3196  3211 I native-activity: Animating
04-11 02:50:11.629  3196  3211 I native-activity: Frame 260 GL error is 0x0
04-11 02:50:11.629  3196  3211 I native-activity: Frame 260 time is 13.677ms
04-11 02:50:11.639  3196  3211 I native-activity: Swap 260 time is 25.729ms
04-11 02:50:11.639  3196  3211 I native-activity: Animating
04-11 02:50:11.659  3196  3211 I native-activity: Frame 261 GL error is 0x0
04-11 02:50:11.659  3196  3211 I native-activity: Frame 261 time is 24.739ms
04-11 02:50:11.679  3196  3211 I native-activity: Swap 261 time is 37.592ms
04-11 02:50:11.679  3196  3211 I native-activity: Animating
04-11 02:50:11.679  3196  3211 I native-activity: Frame 262 GL error is 0x0
04-11 02:50:11.679  3196  3211 I native-activity: Frame 262 time is 7.002ms
04-11 02:50:11.689  3196  3211 I native-activity: Swap 262 time is 16.451ms
04-11 02:50:11.689  3196  3211 I native-activity: Animating
04-11 02:50:11.709  3196  3211 I native-activity: Frame 263 GL error is 0x0
04-11 02:50:11.709  3196  3211 I native-activity: Frame 263 time is 20.106ms
04-11 02:50:11.719  3196  3211 I native-activity: Swap 263 time is 29.681ms
04-11 02:50:11.719  3196  3211 I native-activity: Animating
04-11 02:50:11.749  3196  3211 I native-activity: Frame 264 GL error is 0x0
04-11 02:50:11.749  3196  3211 I native-activity: Frame 264 time is 22.338ms
04-11 02:50:11.759  3196  3211 I native-activity: Swap 264 time is 32.242ms
04-11 02:50:11.759  3196  3211 I native-activity: Animating
04-11 02:50:11.759  3196  3211 I native-activity: Frame 265 GL error is 0x0
04-11 02:50:11.759  3196  3211 I native-activity: Frame 265 time is 6.624ms
04-11 02:50:11.769  3196  3211 I native-activity: Swap 265 time is 16.402ms
04-11 02:50:11.769  3196  3211 I native-activity: Animating
04-11 02:50:11.789  3196  3211 I native-activity: Frame 266 GL error is 0x0
04-11 02:50:11.789  3196  3211 I native-activity: Frame 266 time is 15.146ms
04-11 02:50:11.799  3196  3211 I native-activity: Swap 266 time is 31.151ms
04-11 02:50:11.799  3196  3211 I native-activity: Animating
04-11 02:50:11.829  3196  3211 I native-activity: Frame 267 GL error is 0x0
04-11 02:50:11.829  3196  3211 I native-activity: Frame 267 time is 24.521ms
04-11 02:50:11.849  3196  3211 I native-activity: Swap 267 time is 42.714ms
04-11 02:50:11.849  3196  3211 I native-activity: Animating
04-11 02:50:11.869  3196  3211 I native-activity: Frame 268 GL error is 0x0
04-11 02:50:11.869  3196  3211 I native-activity: Frame 268 time is 23.213ms
04-11 02:50:11.889  3196  3211 I native-activity: Swap 268 time is 42.167ms
04-11 02:50:11.889  3196  3211 I native-activity: Animating
04-11 02:50:11.929  3196  3211 I native-activity: Frame 269 GL error is 0x0
04-11 02:50:11.929  3196  3211 I native-activity: Frame 269 time is 38.769ms
04-11 02:50:11.949  3196  3211 I native-activity: Swap 269 time is 57.067ms
04-11 02:50:11.949  3196  3211 I native-activity: Animating
04-11 02:50:11.979  3196  3211 I native-activity: Frame 270 GL error is 0x0
04-11 02:50:11.979  3196  3211 I native-activity: Frame 270 time is 29.462ms
04-11 02:50:11.999  3196  3211 I native-activity: Swap 270 time is 48.251ms
04-11 02:50:11.999  3196  3211 I native-activity: Animating
04-11 02:50:12.019  3196  3211 I native-activity: Frame 271 GL error is 0x0
04-11 02:50:12.019  3196  3211 I native-activity: Frame 271 time is 20.117ms
04-11 02:50:12.039  3196  3211 I native-activity: Swap 271 time is 37.983ms
04-11 02:50:12.039  3196  3211 I native-activity: Animating
04-11 02:50:12.049 30475 30525 D NetworkController.MobileSignalController(0/1): onSignalStrengthsChanged signalStrength=SignalStrength: 99 99 -120 -160 -120 -1 -1 17 -113 -12 66 -1 2147483647 0x2000 gsm|lte level=2
04-11 02:50:12.049 30475 30525 D NetworkController.MobileSignalController(0/1): getMobileIconGroup(): 13
04-11 02:50:12.049 30475 30525 D NetworkController.MobileSignalController(0/1): updateATTMobileIconGroup(): 13
04-11 02:50:12.069  3196  3211 I native-activity: Frame 272 GL error is 0x0
04-11 02:50:12.069  3196  3211 I native-activity: Frame 272 time is 31.668ms
04-11 02:50:12.079  1434  2207 D EPDG -- [SMARTWIFI]: onSignalStrengthsChanged: Received signal strength change, phone type is: 1
04-11 02:50:12.079  1434  4692 D EPDG -- [SMARTWIFI]: lastLteRSRP is -114currentLteRSRP is -113
04-11 02:50:12.079  1434  4692 D EPDG -- [SMARTWIFI]: lastCdmaDb is -16currentCdmaDb is -16
04-11 02:50:12.079  1434  4692 V EPDG -- [SMARTWIFI]: Radio oldest entry removed
04-11 02:50:12.079  1434  4692 V EPDG -- [SMARTWIFI]: New entry : (SignalStrength: 99 99 -120 -160 -120 -1 -1 17 -113 -12 66 -1 2147483647 0x2000 gsm|lte : 0 )
04-11 02:50:12.079  1434  4692 V EPDG -- [SMARTWIFI]: Radio entry added
04-11 02:50:12.079  3196  3211 I native-activity: Swap 272 time is 44.504ms
04-11 02:50:12.079  3196  3211 I native-activity: Animating
04-11 02:50:12.089  3196  3211 I native-activity: Frame 273 GL error is 0x0
04-11 02:50:12.089  3196  3211 I native-activity: Frame 273 time is 11.229ms
04-11 02:50:12.099  3196  3211 I native-activity: Swap 273 time is 23.524ms
04-11 02:50:12.099  3196  3211 I native-activity: Animating
04-11 02:50:12.119  3196  3211 I native-activity: Frame 274 GL error is 0x501
04-11 02:50:12.119  3196  3211 I native-activity: Frame 274 time is 18.599ms
04-11 02:50:12.139  3196  3211 I native-activity: Swap 274 time is 31.931ms
04-11 02:50:12.139  3196  3211 I native-activity: Animating
04-11 02:50:12.149  3196  3211 I native-activity: Frame 275 GL error is 0x0
04-11 02:50:12.149  3196  3211 I native-activity: Frame 275 time is 9.218ms
04-11 02:50:12.159  3196  3211 I native-activity: Swap 275 time is 22.700ms
04-11 02:50:12.159  3196  3211 I native-activity: Animating
04-11 02:50:12.179  3196  3211 I native-activity: Frame 276 GL error is 0x0
04-11 02:50:12.179  3196  3211 I native-activity: Frame 276 time is 17.795ms
04-11 02:50:12.189  3196  3211 I native-activity: Swap 276 time is 33.751ms
04-11 02:50:12.189  3196  3211 I native-activity: Animating
04-11 02:50:12.219  3196  3211 I native-activity: Frame 277 GL error is 0x0
04-11 02:50:12.219  3196  3211 I native-activity: Frame 277 time is 27.327ms
04-11 02:50:12.229  1434  1672 D PackageManager: [MSG] WRITE_PACKAGE_RESTRICTIONS
04-11 02:50:12.239  3196  3211 I native-activity: Swap 277 time is 46.595ms
04-11 02:50:12.239  3196  3211 I native-activity: Animating
04-11 02:50:12.249  1434  1672 W System.err: remove failed: ENOENT (No such file or directory) : /data/system/users/0/package-restrictions.xml.bak
04-11 02:50:12.249  3196  3211 I native-activity: Frame 278 GL error is 0x0
04-11 02:50:12.249  3196  3211 I native-activity: Frame 278 time is 9.371ms
04-11 02:50:12.259  3196  3211 I native-activity: Swap 278 time is 21.584ms
04-11 02:50:12.259  3196  3211 I native-activity: Animating
04-11 02:50:12.279  3196  3211 I native-activity: Frame 279 GL error is 0x0
04-11 02:50:12.279  3196  3211 I native-activity: Frame 279 time is 15.514ms
04-11 02:50:12.289  3196  3211 I native-activity: Swap 279 time is 27.985ms
04-11 02:50:12.289  3196  3211 I native-activity: Animating
04-11 02:50:12.309  3196  3211 I native-activity: Frame 280 GL error is 0x0
04-11 02:50:12.309  3196  3211 I native-activity: Frame 280 time is 15.752ms
04-11 02:50:12.319  3196  3211 I native-activity: Swap 280 time is 29.415ms
04-11 02:50:12.319  3196  3211 I native-activity: Animating
04-11 02:50:12.349  3196  3211 I native-activity: Frame 281 GL error is 0x0
04-11 02:50:12.349  3196  3211 I native-activity: Frame 281 time is 24.724ms
04-11 02:50:12.359  3196  3211 I native-activity: Swap 281 time is 43.039ms
04-11 02:50:12.359  3196  3211 I native-activity: Animating
04-11 02:50:12.389  3196  3211 I native-activity: Frame 282 GL error is 0x0
04-11 02:50:12.389  3196  3211 I native-activity: Frame 282 time is 23.724ms
04-11 02:50:12.399  3196  3211 I native-activity: Swap 282 time is 37.856ms
04-11 02:50:12.399  3196  3211 I native-activity: Animating
04-11 02:50:12.409  3196  3211 I native-activity: Frame 283 GL error is 0x0
04-11 02:50:12.409  3196  3211 I native-activity: Frame 283 time is 11.734ms
04-11 02:50:12.429  3196  3211 I native-activity: Swap 283 time is 25.332ms
04-11 02:50:12.429  3196  3211 I native-activity: Animating
04-11 02:50:12.449  3196  3211 I native-activity: Frame 284 GL error is 0x0
04-11 02:50:12.449  3196  3211 I native-activity: Frame 284 time is 18.026ms
04-11 02:50:12.459  3196  3211 I native-activity: Swap 284 time is 33.591ms
04-11 02:50:12.459  3196  3211 I native-activity: Animating
04-11 02:50:12.479  3196  3211 I native-activity: Frame 285 GL error is 0x0
04-11 02:50:12.479  3196  3211 I native-activity: Frame 285 time is 20.760ms
04-11 02:50:12.499  3196  3211 I native-activity: Swap 285 time is 38.810ms
04-11 02:50:12.499  3196  3211 I native-activity: Animating
04-11 02:50:12.509  3196  3211 I native-activity: Frame 286 GL error is 0x0
04-11 02:50:12.509  3196  3211 I native-activity: Frame 286 time is 12.539ms
04-11 02:50:12.529  3196  3211 I native-activity: Swap 286 time is 31.196ms
04-11 02:50:12.529  3196  3211 I native-activity: Animating
04-11 02:50:12.549  3196  3211 I native-activity: Frame 287 GL error is 0x0
04-11 02:50:12.549  3196  3211 I native-activity: Frame 287 time is 21.532ms
04-11 02:50:12.569  3196  3211 I native-activity: Swap 287 time is 40.151ms
04-11 02:50:12.569  3196  3211 I native-activity: Animating
04-11 02:50:12.599  3196  3211 I native-activity: Frame 288 GL error is 0x0
04-11 02:50:12.599  3196  3211 I native-activity: Frame 288 time is 24.086ms
04-11 02:50:12.619  3196  3211 I native-activity: Swap 288 time is 43.127ms
04-11 02:50:12.619  3196  3211 I native-activity: Animating
04-11 02:50:12.649  3196  3211 I native-activity: Frame 289 GL error is 0x0
04-11 02:50:12.649  3196  3211 I native-activity: Frame 289 time is 29.860ms
04-11 02:50:12.669  3196  3211 I native-activity: Swap 289 time is 48.670ms
04-11 02:50:12.669  3196  3211 I native-activity: Animating
04-11 02:50:12.679  1434  2122 V AlarmManager: Expired Alarm result :4
04-11 02:50:12.689  3196  3211 I native-activity: Frame 290 GL error is 0x0
04-11 02:50:12.689  3196  3211 I native-activity: Frame 290 time is 20.765ms
04-11 02:50:12.699  1434  1531 V BroadcastQueue: [background] Process cur broadcast BroadcastRecord{7c7b7e9 u0 null qIdx=4}, state= (APP_RECEIVE) DELIVERED for app ProcessRecord{a7b276b 30738:com.samsung.android.email.provider:service/u0a59}
04-11 02:50:12.699  3196  3211 I native-activity: Swap 290 time is 36.928ms
04-11 02:50:12.699  3196  3211 I native-activity: Animating
04-11 02:50:12.719  3196  3211 I native-activity: Frame 291 GL error is 0x0
04-11 02:50:12.719  3196  3211 I native-activity: Frame 291 time is 15.247ms
04-11 02:50:12.729  3196  3211 I native-activity: Swap 291 time is 28.570ms
04-11 02:50:12.729  3196  3211 I native-activity: Animating
04-11 02:50:12.739  3196  3211 I native-activity: Frame 292 GL error is 0x0
04-11 02:50:12.739  3196  3211 I native-activity: Frame 292 time is 9.038ms
04-11 02:50:12.759  3196  3211 I native-activity: Swap 292 time is 22.243ms
04-11 02:50:12.759  3196  3211 I native-activity: Animating
04-11 02:50:12.769  3196  3211 I native-activity: Frame 293 GL error is 0x0
04-11 02:50:12.769  3196  3211 I native-activity: Frame 293 time is 12.582ms
04-11 02:50:12.779  3196  3211 I native-activity: Swap 293 time is 25.769ms
04-11 02:50:12.779  3196  3211 I native-activity: Animating
04-11 02:50:12.789  3196  3211 I native-activity: Frame 294 GL error is 0x0
04-11 02:50:12.789  3196  3211 I native-activity: Frame 294 time is 12.553ms
04-11 02:50:12.809  3196  3211 I native-activity: Swap 294 time is 26.082ms
04-11 02:50:12.809  3196  3211 I native-activity: Animating
04-11 02:50:12.829  3196  3211 I native-activity: Frame 295 GL error is 0x0
04-11 02:50:12.829  3196  3211 I native-activity: Frame 295 time is 18.583ms
04-11 02:50:12.839  3196  3211 I native-activity: Swap 295 time is 31.808ms
04-11 02:50:12.839  3196  3211 I native-activity: Animating
04-11 02:50:12.849  3196  3211 I native-activity: Frame 296 GL error is 0x0
04-11 02:50:12.849  3196  3211 I native-activity: Frame 296 time is 6.970ms
04-11 02:50:12.859  3196  3211 I native-activity: Swap 296 time is 20.621ms
04-11 02:50:12.859  3196  3211 I native-activity: Animating
04-11 02:50:12.879  3196  3211 I native-activity: Frame 297 GL error is 0x0
04-11 02:50:12.879  3196  3211 I native-activity: Frame 297 time is 17.324ms
04-11 02:50:12.889  3196  3211 I native-activity: Swap 297 time is 31.278ms
04-11 02:50:12.889  3196  3211 I native-activity: Animating
04-11 02:50:12.909  3196  3211 I native-activity: Frame 298 GL error is 0x0
04-11 02:50:12.909  3196  3211 I native-activity: Frame 298 time is 16.300ms
04-11 02:50:12.919  3196  3211 I native-activity: Swap 298 time is 30.076ms
04-11 02:50:12.919  3196  3211 I native-activity: Animating
04-11 02:50:12.949  3196  3211 I native-activity: Frame 299 GL error is 0x0
04-11 02:50:12.949  3196  3211 I native-activity: Frame 299 time is 25.076ms
04-11 02:50:12.969  3196  3211 I native-activity: Swap 299 time is 43.490ms
04-11 02:50:12.969  3196  3211 I native-activity: Animating
04-11 02:50:12.989  3196  3211 I native-activity: Frame 300 GL error is 0x0
04-11 02:50:12.989  3196  3211 I native-activity: Frame 300 time is 20.022ms
04-11 02:50:13.009  3196  3211 I native-activity: Swap 300 time is 38.405ms
04-11 02:50:13.009  3196  3211 I native-activity: Animating
04-11 02:50:13.029  3196  3211 I native-activity: Frame 301 GL error is 0x0
04-11 02:50:13.029  3196  3211 I native-activity: Frame 301 time is 23.460ms
04-11 02:50:13.039  3196  3211 I native-activity: Swap 301 time is 37.663ms
04-11 02:50:13.039  3196  3211 I native-activity: Animating
04-11 02:50:13.059  3196  3211 I native-activity: Frame 302 GL error is 0x0
04-11 02:50:13.059  3196  3211 I native-activity: Frame 302 time is 12.897ms
04-11 02:50:13.079  3196  3211 I native-activity: Swap 302 time is 26.927ms
04-11 02:50:13.079  3196  3211 I native-activity: Animating
04-11 02:50:13.089  3196  3211 I native-activity: Frame 303 GL error is 0x0
04-11 02:50:13.089  3196  3211 I native-activity: Frame 303 time is 17.779ms
04-11 02:50:13.099  3196  3211 I native-activity: Swap 303 time is 31.159ms
04-11 02:50:13.099  3196  3211 I native-activity: Animating
04-11 02:50:13.119  3196  3211 I native-activity: Frame 304 GL error is 0x0
04-11 02:50:13.119  3196  3211 I native-activity: Frame 304 time is 16.713ms
04-11 02:50:13.129  3196  3211 I native-activity: Swap 304 time is 30.417ms
04-11 02:50:13.129  3196  3211 I native-activity: Animating
04-11 02:50:13.159  3196  3211 I native-activity: Frame 305 GL error is 0x0
04-11 02:50:13.159  3196  3211 I native-activity: Frame 305 time is 23.128ms
04-11 02:50:13.179  3196  3211 I native-activity: Swap 305 time is 42.194ms
04-11 02:50:13.179  3196  3211 I native-activity: Animating
04-11 02:50:13.199  3196  3211 I native-activity: Frame 306 GL error is 0x0
04-11 02:50:13.199  3196  3211 I native-activity: Frame 306 time is 21.854ms
04-11 02:50:13.219  3196  3211 I native-activity: Swap 306 time is 40.651ms
04-11 02:50:13.219  3196  3211 I native-activity: Animating
04-11 02:50:13.239  3196  3211 I native-activity: Frame 307 GL error is 0x0
