04-11 02:49:07.739  2849  2877 I native-activity: 	Renderer: Adreno (TM) 530
04-11 02:49:07.739  2849  2877 I native-activity: 	Vendor: Qualcomm
04-11 02:49:07.739  2849  2877 I native-activity: 	Version: OpenGL ES 3.2 V@145.0 (GIT@I5bc0f577f9)
04-11 02:49:07.739  2849  2877 I native-activity: 	Shading Language: OpenGL ES GLSL ES 3.20
04-11 02:49:07.739  2849  2877 I native-activity: 	Extensions: GL_OES_EGL_image GL_OES_EGL_image_external GL_OES_EGL_sync GL_OES_vertex_half_float GL_OES_framebuffer_object GL_OES_rgb8_rgba8 GL_OES_compressed_ETC1_RGB8_texture GL_AMD_compressed_ATC_texture GL_KHR_texture_compression_astc_ldr GL_KHR_texture_compression_astc_hdr GL_OES_texture_compression_astc GL_OES_texture_npot GL_EXT_texture_filter_anisotropic GL_EXT_texture_format_BGRA8888 GL_OES_texture_3D GL_EXT_color_buffer_float GL_EXT_color_buffer_half_float GL_QCOM_alpha_test GL_OES_depth24 GL_OES_packed_depth_stencil GL_OES_depth_texture GL_OES_depth_texture_cube_map GL_EXT_sRGB GL_OES_texture_float GL_OES_texture_float_linear GL_OES_texture_half_float GL_OES_texture_half_float_linear GL_EXT_texture_type_2_10_10_10_REV GL_EXT_texture_sRGB_decode GL_OES_element_index_uint GL_EXT_copy_image GL_EXT_geometry_shader GL_EXT_tessellation_shader GL_OES_texture_stencil8 GL_EXT_shader_io_blocks GL_OES_shader_image_atomic GL_OES_sample_variables GL_EXT_texture_border_clamp GL_EXT_multisampled_render_to_textur
04-11 02:49:07.739  2849  2877 I native-activity: Frame 3 GL error is 0x0
04-11 02:49:07.739  2849  2877 I native-activity: Frame 3 time is 0.101ms
04-11 02:49:07.739  2849  2877 I native-activity: Swap 3 time is 0.744ms
04-11 02:49:07.739  2849  2877 I native-activity: Animating
04-11 02:49:07.779  2849  2877 I native-activity: Frame 4 GL error is 0x501
04-11 02:49:07.779  2849  2877 I native-activity: Frame 4 time is 42.347ms
04-11 02:49:07.779  2849  2877 I native-activity: Swap 4 time is 44.061ms
04-11 02:49:07.779  2849  2877 I native-activity: Animating
04-11 02:49:07.789  2849  2877 I native-activity: Frame 5 GL error is 0x0
04-11 02:49:07.789  2849  2877 I native-activity: Frame 5 time is 1.091ms
04-11 02:49:07.789  2849  2877 I native-activity: Swap 5 time is 2.493ms
04-11 02:49:07.789  2849  2877 I native-activity: Animating
04-11 02:49:07.789  2849  2877 I native-activity: Frame 6 GL error is 0x0
04-11 02:49:07.789  2849  2877 I native-activity: Frame 6 time is 0.390ms
04-11 02:49:07.789  2849  2877 I native-activity: Swap 6 time is 1.550ms
04-11 02:49:07.789  2849  2877 I native-activity: Animating
04-11 02:49:07.789  2849  2877 I native-activity: Frame 7 GL error is 0x0
04-11 02:49:07.789  2849  2877 I native-activity: Frame 7 time is 0.295ms
04-11 02:49:07.789  2849  2877 I native-activity: Swap 7 time is 1.420ms
04-11 02:49:07.789  2849  2877 I native-activity: Animating
04-11 02:49:07.789  2849  2877 I native-activity: Frame 8 GL error is 0x0
04-11 02:49:07.789  2849  2877 I native-activity: Frame 8 time is 0.278ms
04-11 02:49:07.789  2849  2877 I native-activity: Swap 8 time is 1.422ms
04-11 02:49:07.789  2849  2877 I native-activity: Animating
04-11 02:49:07.789  2849  2877 I native-activity: Frame 9 GL error is 0x0
04-11 02:49:07.789  2849  2877 I native-activity: Frame 9 time is 0.278ms
04-11 02:49:07.789  2849  2877 I native-activity: Swap 9 time is 1.402ms
04-11 02:49:07.789  2849  2877 I native-activity: Animating
04-11 02:49:07.789  2849  2877 I native-activity: Frame 10 GL error is 0x0
04-11 02:49:07.789  2849  2877 I native-activity: Frame 10 time is 0.267ms
04-11 02:49:07.789  2849  2877 I native-activity: Swap 10 time is 1.403ms
04-11 02:49:07.789  2849  2877 I native-activity: Animating
04-11 02:49:07.789  2849  2877 I native-activity: Frame 11 GL error is 0x0
04-11 02:49:07.789  2849  2877 I native-activity: Frame 11 time is 0.268ms
04-11 02:49:07.789  1434  6994 D GameManagerService: identifyGamePackage. com.example.sonicdash_stage1
04-11 02:49:07.799  2849  2877 I native-activity: Swap 11 time is 1.645ms
04-11 02:49:07.799  2849  2877 I native-activity: Animating
04-11 02:49:07.799  2849  2877 I native-activity: Frame 12 GL error is 0x0
04-11 02:49:07.799  2849  2877 I native-activity: Frame 12 time is 0.308ms
04-11 02:49:07.799  2849  2877 I native-activity: Swap 12 time is 1.444ms
04-11 02:49:07.799  2849  2877 I native-activity: Animating
04-11 02:49:07.799  2849  2877 I native-activity: Frame 13 GL error is 0x0
04-11 02:49:07.799  2849  2877 I native-activity: Frame 13 time is 0.271ms
04-11 02:49:07.799  2849  2877 I native-activity: Swap 13 time is 1.388ms
04-11 02:49:07.799  2849  2877 I native-activity: Animating
04-11 02:49:07.799  2849  2877 I native-activity: Frame 14 GL error is 0x0
04-11 02:49:07.799  2849  2877 I native-activity: Frame 14 time is 0.257ms
04-11 02:49:07.799  2849  2877 I native-activity: Swap 14 time is 2.079ms
04-11 02:49:07.799  2849  2877 I native-activity: Animating
04-11 02:49:07.799  2849  2877 I native-activity: Frame 15 GL error is 0x0
04-11 02:49:07.799  2849  2877 I native-activity: Frame 15 time is 0.346ms
04-11 02:49:07.799  2849  2877 I native-activity: Swap 15 time is 1.710ms
04-11 02:49:07.799  2849  2877 I native-activity: Animating
04-11 02:49:07.799  2849  2877 I native-activity: Frame 16 GL error is 0x0
04-11 02:49:07.799  2849  2877 I native-activity: Frame 16 time is 0.307ms
04-11 02:49:07.799  2849  2877 I native-activity: Swap 16 time is 1.714ms
04-11 02:49:07.799  2849  2877 I native-activity: Animating
04-11 02:49:07.809  2849  2877 I native-activity: Frame 17 GL error is 0x0
04-11 02:49:07.809  2849  2877 I native-activity: Frame 17 time is 0.339ms
04-11 02:49:07.809  2849  2877 I native-activity: Swap 17 time is 1.475ms
04-11 02:49:07.809  2849  2877 I native-activity: Animating
04-11 02:49:07.809  2849  2877 I native-activity: Frame 18 GL error is 0x0
04-11 02:49:07.809  2849  2877 I native-activity: Frame 18 time is 0.286ms
04-11 02:49:07.809  2849  2877 I native-activity: Swap 18 time is 1.402ms
04-11 02:49:07.809  2849  2877 I native-activity: Animating
04-11 02:49:07.809  2849  2877 I native-activity: Frame 19 GL error is 0x0
04-11 02:49:07.809  2849  2877 I native-activity: Frame 19 time is 0.260ms
04-11 02:49:07.809  2849  2877 I native-activity: Swap 19 time is 1.372ms
04-11 02:49:07.809  2849  2877 I native-activity: Animating
04-11 02:49:07.809  2849  2877 I native-activity: Frame 20 GL error is 0x0
04-11 02:49:07.809  2849  2877 I native-activity: Frame 20 time is 0.262ms
04-11 02:49:07.809  2849  2877 I native-activity: Swap 20 time is 1.475ms
04-11 02:49:07.809  2849  2877 I native-activity: Animating
04-11 02:49:07.809  2849  2877 I native-activity: Frame 21 GL error is 0x0
04-11 02:49:07.809  2849  2877 I native-activity: Frame 21 time is 0.261ms
04-11 02:49:07.809  2849  2877 I native-activity: Swap 21 time is 1.490ms
04-11 02:49:07.809  2849  2877 I native-activity: Animating
04-11 02:49:07.809  2849  2877 I native-activity: Frame 22 GL error is 0x0
04-11 02:49:07.809  2849  2877 I native-activity: Frame 22 time is 0.263ms
04-11 02:49:07.809  2849  2877 I native-activity: Swap 22 time is 1.379ms
04-11 02:49:07.809  2849  2877 I native-activity: Animating
04-11 02:49:07.809  2849  2877 I native-activity: Frame 23 GL error is 0x0
04-11 02:49:07.809  2849  2877 I native-activity: Frame 23 time is 0.284ms
04-11 02:49:07.809  1434  2219 D MdnieScenarioControlService:  packageName : com.example.sonicdash_stage1    className : android.app.NativeActivity
04-11 02:49:07.819  2849  2877 I native-activity: Swap 23 time is 1.432ms
04-11 02:49:07.819  2849  2877 I native-activity: Animating
04-11 02:49:07.819  2849  2877 I native-activity: Frame 24 GL error is 0x0
04-11 02:49:07.819  2849  2877 I native-activity: Frame 24 time is 0.276ms
04-11 02:49:07.819  2849  2877 I native-activity: Swap 24 time is 1.394ms
04-11 02:49:07.819  2849  2877 I native-activity: Animating
04-11 02:49:07.819  2849  2877 I native-activity: Frame 25 GL error is 0x0
04-11 02:49:07.819  2849  2877 I native-activity: Frame 25 time is 0.272ms
04-11 02:49:07.819  2849  2877 I native-activity: Swap 25 time is 1.414ms
04-11 02:49:07.819  2849  2877 I native-activity: Animating
04-11 02:49:07.819  2849  2877 I native-activity: Frame 26 GL error is 0x0
04-11 02:49:07.819  2849  2877 I native-activity: Frame 26 time is 0.272ms
04-11 02:49:07.819  2849  2877 I native-activity: Swap 26 time is 1.392ms
04-11 02:49:07.819  2849  2877 I native-activity: Animating
04-11 02:49:07.819  2849  2877 I native-activity: Frame 27 GL error is 0x0
04-11 02:49:07.819  2849  2877 I native-activity: Frame 27 time is 0.239ms
04-11 02:49:07.819  2849  2877 I native-activity: Swap 27 time is 1.393ms
04-11 02:49:07.819  2849  2877 I native-activity: Animating
04-11 02:49:07.819  2849  2877 I native-activity: Frame 28 GL error is 0x0
04-11 02:49:07.819  2849  2877 I native-activity: Frame 28 time is 0.267ms
04-11 02:49:07.819  2849  2877 I native-activity: Swap 28 time is 1.394ms
04-11 02:49:07.819  2849  2877 I native-activity: Animating
04-11 02:49:07.819  2849  2877 I native-activity: Frame 29 GL error is 0x0
04-11 02:49:07.819  2849  2877 I native-activity: Frame 29 time is 0.242ms
04-11 02:49:07.819  2849  2877 I native-activity: Swap 29 time is 1.373ms
04-11 02:49:07.819  2849  2877 I native-activity: Animating
04-11 02:49:07.819  2849  2877 I native-activity: Frame 30 GL error is 0x0
04-11 02:49:07.819  2849  2877 I native-activity: Frame 30 time is 0.269ms
04-11 02:49:07.829  2849  2877 I native-activity: Swap 30 time is 1.432ms
04-11 02:49:07.829  2849  2877 I native-activity: Animating
04-11 02:49:07.829  2849  2877 I native-activity: Frame 31 GL error is 0x0
04-11 02:49:07.829  2849  2877 I native-activity: Frame 31 time is 4.942ms
04-11 02:49:07.829  2849  2877 I native-activity: Swap 31 time is 6.137ms
04-11 02:49:07.829  2849  2877 I native-activity: Animating
04-11 02:49:07.839   648   680 I SurfaceFlinger: id=3047 Removed tonicdash_s (6/11)
04-11 02:49:07.839   648  3139 I SurfaceFlinger: id=3047 Removed tonicdash_s (-2/11)
04-11 02:49:07.849   648   648 D libEGL  : eglTerminate EGLDisplay = 0x7ff9c80278
04-11 02:49:07.849  2849  2877 I native-activity: Frame 32 GL error is 0x0
04-11 02:49:07.849  2849  2877 I native-activity: Frame 32 time is 19.553ms
04-11 02:49:07.849  2849  2877 I native-activity: Swap 32 time is 21.125ms
04-11 02:49:07.849  2849  2877 I native-activity: Animating
04-11 02:49:07.869  2849  2877 I native-activity: Frame 33 GL error is 0x0
04-11 02:49:07.869  2849  2877 I native-activity: Frame 33 time is 16.005ms
04-11 02:49:07.869  2849  2877 I native-activity: Swap 33 time is 17.239ms
04-11 02:49:07.869  2849  2877 I native-activity: Animating
04-11 02:49:07.869  1434  1612 D CustomFrequencyManagerService: releaseDVFSLockLocked : Getting Lock type frm List : DVFS_MIN_LIMIT  frequency : 1555200  uid : 1000  pid : 1434  tag : ACTIVITY_RESUME_BOOSTER@14
04-11 02:49:07.879  1434  1612 I Timeline: Timeline: Activity_windows_visible id: ActivityRecord{134498c u0 com.example.sonicdash_stage1/android.app.NativeActivity t1408} time:135893490
04-11 02:49:07.879  1434  1612 D ActivityManager: mDVFSHelper.release()
04-11 02:49:07.889  1434  1612 D KnoxTimeoutHandler: notifyActivityDrawn [MsgParam] userId: 0 fullscreen is true showWhenlocked is false
04-11 02:49:07.889  1434  2164 D NetworkPolicy: isUidForegroundLocked: 10078, mScreenOn: true, uidstate: 3, mProxSensorScreenOff: false
04-11 02:49:07.899  1434  1434 D KnoxTimeoutHandler: activityDrawn [MsgParam] userId: 0 fullscreen is true showWhenlocked is false
04-11 02:49:07.899  1434  1434 I KnoxTimeoutHandler: SD activityfalse
04-11 02:49:07.899  2590  2590 D Launcher.HomeView: onStop
04-11 02:49:07.899  2590  2590 D capture : ----destroy
04-11 02:49:07.899  2590  2590 V ActivityThread: updateVisibility : ActivityRecord{46ba7e token=android.os.BinderProxy@15e180a {com.sec.android.app.launcher/com.sec.android.app.launcher.activities.LauncherActivity}} show : false
04-11 02:49:07.909  2590  2590 D Launcher: onTrimMemory. Level: 20
04-11 02:49:07.909  1434  1531 D CustomFrequencyManagerService: acquireDVFSLockLocked : type : DVFS_MIN_LIMIT  frequency : 1555200  uid : 1000  pid : 1434  pkgName : ACTIVITY_RESUME_BOOSTER@20
04-11 02:49:07.909  1434  2219 I MdnieScenarioControlService: mGameModeLauncher : false
04-11 02:49:07.909  1434  2219 I MdnieScenarioControlService: setUIMode
04-11 02:49:07.939   648  3139 I SurfaceFlinger: id=3046 Removed MauncherAct (3/10)
04-11 02:49:07.939   648   680 I SurfaceFlinger: id=3046 Removed MauncherAct (-2/10)
04-11 02:49:07.939  2849  2877 I native-activity: Frame 34 GL error is 0x0
04-11 02:49:07.939  2849  2877 I native-activity: Frame 34 time is 69.635ms
04-11 02:49:07.939 30475 30475 D ImageWallpaper: onVisibilityChanged:false
04-11 02:49:07.939 30475 30475 D ImageWallpaper: drawFrame
04-11 02:49:07.939  2849  2877 I native-activity: Swap 34 time is 70.963ms
04-11 02:49:07.939 30475 30475 D ImageWallpaper: drawFrame:false rotation:0 mLastRotation:0
04-11 02:49:07.939  2849  2877 I native-activity: Animating
04-11 02:49:07.939 30475 30475 D ImageWallpaper: drawFrame:[frame.width()]2240[frame.height()]2560
04-11 02:49:07.939 30475 30475 D ImageWallpaper: Suppressed drawFrame since redraw is not needed and offsets have not changed.
04-11 02:49:07.949   648   648 D libEGL  : eglTerminate EGLDisplay = 0x7ff9c80278
04-11 02:49:07.959  2849  2877 I native-activity: Frame 35 GL error is 0x0
04-11 02:49:07.959  2849  2877 I native-activity: Frame 35 time is 17.263ms
04-11 02:49:07.959  2849  2877 I native-activity: Swap 35 time is 18.446ms
04-11 02:49:07.959  2849  2877 I native-activity: Animating
04-11 02:49:07.989  2849  2877 I native-activity: Frame 36 GL error is 0x501
04-11 02:49:07.989  2849  2877 I native-activity: Frame 36 time is 34.867ms
04-11 02:49:07.999  2849  2877 I native-activity: Swap 36 time is 36.481ms
04-11 02:49:07.999  2849  2877 I native-activity: Animating
04-11 02:49:07.999  2849  2877 I native-activity: Frame 37 GL error is 0x501
04-11 02:49:07.999  2849  2877 I native-activity: Frame 37 time is 6.965ms
04-11 02:49:07.999  2849  2877 I native-activity: Swap 37 time is 8.156ms
04-11 02:49:07.999  2849  2877 I native-activity: Animating
04-11 02:49:08.009  2849  2877 I native-activity: Frame 38 GL error is 0x501
04-11 02:49:08.009  2849  2877 I native-activity: Frame 38 time is 8.180ms
04-11 02:49:08.009  2849  2877 I native-activity: Swap 38 time is 9.875ms
04-11 02:49:08.009  2849  2877 I native-activity: Animating
04-11 02:49:08.019  2849  2877 I native-activity: Frame 39 GL error is 0x0
04-11 02:49:08.019  2849  2877 I native-activity: Frame 39 time is 5.317ms
04-11 02:49:08.019  2849  2877 I native-activity: Swap 39 time is 6.734ms
04-11 02:49:08.019  2849  2877 I native-activity: Animating
04-11 02:49:08.029  2849  2877 I native-activity: Frame 40 GL error is 0x0
04-11 02:49:08.029  2849  2877 I native-activity: Frame 40 time is 5.952ms
04-11 02:49:08.029  2849  2877 I native-activity: Swap 40 time is 7.341ms
04-11 02:49:08.029  2849  2877 I native-activity: Animating
04-11 02:49:08.029  2849  2877 I native-activity: Frame 41 GL error is 0x0
04-11 02:49:08.029  2849  2877 I native-activity: Frame 41 time is 5.361ms
04-11 02:49:08.039  2849  2877 I native-activity: Swap 41 time is 6.803ms
04-11 02:49:08.039  2849  2877 I native-activity: Animating
04-11 02:49:08.039  2849  2877 I native-activity: Frame 42 GL error is 0x0
04-11 02:49:08.039  2849  2877 I native-activity: Frame 42 time is 4.513ms
04-11 02:49:08.039  2849  2877 I native-activity: Swap 42 time is 5.931ms
04-11 02:49:08.039  2849  2877 I native-activity: Animating
04-11 02:49:08.049  2849  2877 I native-activity: Frame 43 GL error is 0x0
04-11 02:49:08.049  2849  2877 I native-activity: Frame 43 time is 5.614ms
04-11 02:49:08.049  2849  2877 I native-activity: Swap 43 time is 7.008ms
04-11 02:49:08.049  2849  2877 I native-activity: Animating
04-11 02:49:08.049  2849  2877 I native-activity: Frame 44 GL error is 0x0
04-11 02:49:08.049  2849  2877 I native-activity: Frame 44 time is 5.656ms
04-11 02:49:08.059  2849  2877 I native-activity: Swap 44 time is 7.035ms
04-11 02:49:08.059  2849  2877 I native-activity: Animating
04-11 02:49:08.069  2849  2877 I native-activity: Frame 45 GL error is 0x501
04-11 02:49:08.069  2849  2877 I native-activity: Frame 45 time is 13.024ms
04-11 02:49:08.069  2849  2877 I native-activity: Swap 45 time is 14.501ms
04-11 02:49:08.069  2849  2877 I native-activity: Animating
04-11 02:49:08.079  2849  2877 I native-activity: Frame 46 GL error is 0x501
04-11 02:49:08.079  2849  2877 I native-activity: Frame 46 time is 7.611ms
04-11 02:49:08.079  2849  2877 I native-activity: Swap 46 time is 8.992ms
04-11 02:49:08.079  2849  2877 I native-activity: Animating
04-11 02:49:08.089  2849  2877 I native-activity: Frame 47 GL error is 0x501
04-11 02:49:08.089  2849  2877 I native-activity: Frame 47 time is 5.943ms
04-11 02:49:08.089  2849  2877 I native-activity: Swap 47 time is 7.323ms
04-11 02:49:08.089  2849  2877 I native-activity: Animating
04-11 02:49:08.089  2849  2877 I native-activity: Frame 48 GL error is 0x0
04-11 02:49:08.089  2849  2877 I native-activity: Frame 48 time is 0.301ms
04-11 02:49:08.089  2849  2877 I native-activity: Swap 48 time is 1.657ms
04-11 02:49:08.089  2849  2877 I native-activity: Animating
04-11 02:49:08.089  2849  2877 I native-activity: Frame 49 GL error is 0x0
04-11 02:49:08.089  2849  2877 I native-activity: Frame 49 time is 0.333ms
04-11 02:49:08.089  2849  2877 I native-activity: Swap 49 time is 1.746ms
04-11 02:49:08.089  2849  2877 I native-activity: Animating
04-11 02:49:08.089  2849  2877 I native-activity: Frame 50 GL error is 0x0
04-11 02:49:08.089  2849  2877 I native-activity: Frame 50 time is 0.300ms
04-11 02:49:08.089  2849  2877 I native-activity: Swap 50 time is 1.644ms
04-11 02:49:08.089  2849  2877 I native-activity: Animating
04-11 02:49:08.089  2849  2877 I native-activity: Frame 51 GL error is 0x0
04-11 02:49:08.089  2849  2877 I native-activity: Frame 51 time is 0.228ms
04-11 02:49:08.089  2849  2877 I native-activity: Swap 51 time is 1.571ms
04-11 02:49:08.089  2849  2877 I native-activity: Animating
04-11 02:49:08.089  2849  2877 I native-activity: Frame 52 GL error is 0x0
04-11 02:49:08.089  2849  2877 I native-activity: Frame 52 time is 0.249ms
04-11 02:49:08.099  2849  2877 I native-activity: Swap 52 time is 1.577ms
04-11 02:49:08.099  2849  2877 I native-activity: Animating
04-11 02:49:08.099  2849  2877 I native-activity: Frame 53 GL error is 0x0
04-11 02:49:08.099  2849  2877 I native-activity: Frame 53 time is 0.281ms
04-11 02:49:08.099  2849  2877 I native-activity: Swap 53 time is 1.620ms
04-11 02:49:08.099  2849  2877 I native-activity: Animating
04-11 02:49:08.099  2849  2877 I native-activity: Frame 54 GL error is 0x0
04-11 02:49:08.099  2849  2877 I native-activity: Frame 54 time is 0.241ms
04-11 02:49:08.099  2849  2877 I native-activity: Swap 54 time is 1.710ms
04-11 02:49:08.099  2849  2877 I native-activity: Animating
04-11 02:49:08.099  2849  2877 I native-activity: Frame 55 GL error is 0x0
04-11 02:49:08.099  2849  2877 I native-activity: Frame 55 time is 0.327ms
04-11 02:49:08.099  2849  2877 I native-activity: Swap 55 time is 1.716ms
04-11 02:49:08.099  2849  2877 I native-activity: Animating
04-11 02:49:08.099  2849  2877 I native-activity: Frame 56 GL error is 0x0
04-11 02:49:08.099  2849  2877 I native-activity: Frame 56 time is 0.278ms
04-11 02:49:08.099  2849  2877 I native-activity: Swap 56 time is 1.619ms
04-11 02:49:08.099  2849  2877 I native-activity: Animating
04-11 02:49:08.099  2849  2877 I native-activity: Frame 57 GL error is 0x0
04-11 02:49:08.099  2849  2877 I native-activity: Frame 57 time is 0.252ms
04-11 02:49:08.099  2849  2877 I native-activity: Swap 57 time is 1.570ms
04-11 02:49:08.099  2849  2877 I native-activity: Animating
04-11 02:49:08.099  2849  2877 I native-activity: Frame 58 GL error is 0x0
04-11 02:49:08.099  2849  2877 I native-activity: Frame 58 time is 0.253ms
04-11 02:49:08.109  2849  2877 I native-activity: Swap 58 time is 1.692ms
04-11 02:49:08.109  2849  2877 I native-activity: Animating
04-11 02:49:08.109  2849  2877 I native-activity: Frame 59 GL error is 0x0
04-11 02:49:08.109  2849  2877 I native-activity: Frame 59 time is 0.409ms
04-11 02:49:08.109  2849  2877 I native-activity: Swap 59 time is 1.795ms
04-11 02:49:08.109  2849  2877 I native-activity: Animating
04-11 02:49:08.109  2849  2877 I native-activity: Frame 60 GL error is 0x0
04-11 02:49:08.109  2849  2877 I native-activity: Frame 60 time is 0.326ms
04-11 02:49:08.109  2849  2877 I native-activity: Swap 60 time is 1.738ms
04-11 02:49:08.109  2849  2877 I native-activity: Animating
04-11 02:49:08.109  2849  2877 I native-activity: Frame 61 GL error is 0x0
04-11 02:49:08.109  2849  2877 I native-activity: Frame 61 time is 0.351ms
04-11 02:49:08.109  2849  2877 I native-activity: Swap 61 time is 1.733ms
04-11 02:49:08.109  2849  2877 I native-activity: Animating
04-11 02:49:08.109  2849  2877 I native-activity: Frame 62 GL error is 0x0
04-11 02:49:08.109  2849  2877 I native-activity: Frame 62 time is 0.324ms
04-11 02:49:08.109  2849  2877 I native-activity: Swap 62 time is 1.670ms
04-11 02:49:08.109  2849  2877 I native-activity: Animating
04-11 02:49:08.109  2849  2877 I native-activity: Frame 63 GL error is 0x0
04-11 02:49:08.109  2849  2877 I native-activity: Frame 63 time is 0.352ms
04-11 02:49:08.119  2849  2877 I native-activity: Swap 63 time is 1.772ms
04-11 02:49:08.119  2849  2877 I native-activity: Animating
04-11 02:49:08.119  2849  2877 I native-activity: Frame 64 GL error is 0x0
04-11 02:49:08.119  2849  2877 I native-activity: Frame 64 time is 0.294ms
04-11 02:49:08.119  2849  2877 I native-activity: Swap 64 time is 1.657ms
04-11 02:49:08.119  2849  2877 I native-activity: Animating
04-11 02:49:08.119  2849  2877 I native-activity: Frame 65 GL error is 0x0
04-11 02:49:08.119  2849  2877 I native-activity: Frame 65 time is 0.316ms
04-11 02:49:08.119  2849  2877 I native-activity: Swap 65 time is 1.695ms
04-11 02:49:08.119  2849  2877 I native-activity: Animating
04-11 02:49:08.119  2849  2877 I native-activity: Frame 66 GL error is 0x0
04-11 02:49:08.119  2849  2877 I native-activity: Frame 66 time is 0.301ms
04-11 02:49:08.119  2849  2877 I native-activity: Swap 66 time is 1.683ms
04-11 02:49:08.119  2849  2877 I native-activity: Animating
04-11 02:49:08.119  2849  2877 I native-activity: Frame 67 GL error is 0x0
04-11 02:49:08.119  2849  2877 I native-activity: Frame 67 time is 0.260ms
04-11 02:49:08.119  2849  2877 I native-activity: Swap 67 time is 1.629ms
04-11 02:49:08.119  2849  2877 I native-activity: Animating
04-11 02:49:08.119  2849  2877 I native-activity: Frame 68 GL error is 0x0
04-11 02:49:08.119  2849  2877 I native-activity: Frame 68 time is 0.237ms
04-11 02:49:08.119  2849  2877 I native-activity: Swap 68 time is 1.567ms
04-11 02:49:08.119  2849  2877 I native-activity: Animating
04-11 02:49:08.119  2849  2877 I native-activity: Frame 69 GL error is 0x0
04-11 02:49:08.119  2849  2877 I native-activity: Frame 69 time is 0.433ms
04-11 02:49:08.129  2849  2877 I native-activity: Swap 69 time is 1.824ms
04-11 02:49:08.129  2849  2877 I native-activity: Animating
04-11 02:49:08.129  2849  2877 I native-activity: Frame 70 GL error is 0x0
04-11 02:49:08.129  2849  2877 I native-activity: Frame 70 time is 0.375ms
04-11 02:49:08.129  2849  2877 I native-activity: Swap 70 time is 1.732ms
04-11 02:49:08.129  2849  2877 I native-activity: Animating
04-11 02:49:08.129  2849  2877 I native-activity: Frame 71 GL error is 0x0
04-11 02:49:08.129  2849  2877 I native-activity: Frame 71 time is 0.312ms
04-11 02:49:08.129  2849  2877 I native-activity: Swap 71 time is 1.688ms
04-11 02:49:08.129  2849  2877 I native-activity: Animating
04-11 02:49:08.129  2849  2877 I native-activity: Frame 72 GL error is 0x0
04-11 02:49:08.129  2849  2877 I native-activity: Frame 72 time is 0.349ms
04-11 02:49:08.129  2849  2877 I native-activity: Swap 72 time is 1.759ms
04-11 02:49:08.129  2849  2877 I native-activity: Animating
04-11 02:49:08.129  2849  2877 I native-activity: Frame 73 GL error is 0x0
04-11 02:49:08.129  2849  2877 I native-activity: Frame 73 time is 0.305ms
04-11 02:49:08.129  2849  2877 I native-activity: Swap 73 time is 1.657ms
04-11 02:49:08.129  2849  2877 I native-activity: Animating
04-11 02:49:08.129  2849  2877 I native-activity: Frame 74 GL error is 0x0
04-11 02:49:08.129  2849  2877 I native-activity: Frame 74 time is 0.311ms
04-11 02:49:08.129  2849  2877 I native-activity: Swap 74 time is 1.660ms
04-11 02:49:08.129  2849  2877 I native-activity: Animating
04-11 02:49:08.129  2849  2877 I native-activity: Frame 75 GL error is 0x0
04-11 02:49:08.129  2849  2877 I native-activity: Frame 75 time is 0.285ms
04-11 02:49:08.139  2849  2877 I native-activity: Swap 75 time is 1.653ms
04-11 02:49:08.139  2849  2877 I native-activity: Animating
04-11 02:49:08.139  2849  2877 I native-activity: Frame 76 GL error is 0x0
04-11 02:49:08.139  2849  2877 I native-activity: Frame 76 time is 0.382ms
04-11 02:49:08.139  2849  2877 I native-activity: Swap 76 time is 1.788ms
04-11 02:49:08.139  2849  2877 I native-activity: Animating
04-11 02:49:08.139  2849  2877 I native-activity: Frame 77 GL error is 0x0
04-11 02:49:08.139  2849  2877 I native-activity: Frame 77 time is 0.350ms
04-11 02:49:08.139  2849  2877 I native-activity: Swap 77 time is 1.708ms
04-11 02:49:08.139  2849  2877 I native-activity: Animating
04-11 02:49:08.139  2849  2877 I native-activity: Frame 78 GL error is 0x0
04-11 02:49:08.139  2849  2877 I native-activity: Frame 78 time is 0.301ms
04-11 02:49:08.139  2849  2877 I native-activity: Swap 78 time is 1.665ms
04-11 02:49:08.139  2849  2877 I native-activity: Animating
04-11 02:49:08.139  2849  2877 I native-activity: Frame 79 GL error is 0x0
04-11 02:49:08.139  2849  2877 I native-activity: Frame 79 time is 0.314ms
04-11 02:49:08.139  2849  2877 I native-activity: Swap 79 time is 1.658ms
04-11 02:49:08.139  2849  2877 I native-activity: Animating
04-11 02:49:08.139  2849  2877 I native-activity: Frame 80 GL error is 0x0
04-11 02:49:08.139  2849  2877 I native-activity: Frame 80 time is 0.261ms
04-11 02:49:08.139  2849  2877 I native-activity: Swap 80 time is 1.635ms
04-11 02:49:08.149  2849  2877 I native-activity: Animating
04-11 02:49:08.149  2849  2877 I native-activity: Frame 81 GL error is 0x0
04-11 02:49:08.149  2849  2877 I native-activity: Frame 81 time is 0.321ms
04-11 02:49:08.149  2849  2877 I native-activity: Swap 81 time is 1.668ms
04-11 02:49:08.149  2849  2877 I native-activity: Animating
04-11 02:49:08.149  2849  2877 I native-activity: Frame 82 GL error is 0x0
04-11 02:49:08.149  2849  2877 I native-activity: Frame 82 time is 0.291ms
04-11 02:49:08.149  2849  2877 I native-activity: Swap 82 time is 1.684ms
04-11 02:49:08.149  2849  2877 I native-activity: Animating
04-11 02:49:08.149  2849  2877 I native-activity: Frame 83 GL error is 0x0
04-11 02:49:08.149  2849  2877 I native-activity: Frame 83 time is 0.344ms
04-11 02:49:08.149  2849  2877 I native-activity: Swap 83 time is 1.750ms
04-11 02:49:08.149  2849  2877 I native-activity: Animating
04-11 02:49:08.149  2849  2877 I native-activity: Frame 84 GL error is 0x0
04-11 02:49:08.149  2849  2877 I native-activity: Frame 84 time is 0.331ms
04-11 02:49:08.149  2849  2877 I native-activity: Swap 84 time is 1.714ms
04-11 02:49:08.149  2849  2877 I native-activity: Animating
04-11 02:49:08.149  2849  2877 I native-activity: Frame 85 GL error is 0x0
04-11 02:49:08.149  2849  2877 I native-activity: Frame 85 time is 0.325ms
04-11 02:49:08.149  2849  2877 I native-activity: Swap 85 time is 1.717ms
04-11 02:49:08.149  2849  2877 I native-activity: Animating
04-11 02:49:08.149  2849  2877 I native-activity: Frame 86 GL error is 0x0
04-11 02:49:08.149  2849  2877 I native-activity: Frame 86 time is 0.336ms
04-11 02:49:08.159  2849  2877 I native-activity: Swap 86 time is 1.721ms
04-11 02:49:08.159  2849  2877 I native-activity: Animating
04-11 02:49:08.159  2849  2877 I native-activity: Frame 87 GL error is 0x0
04-11 02:49:08.159  2849  2877 I native-activity: Frame 87 time is 0.339ms
04-11 02:49:08.159  2849  2877 I native-activity: Swap 87 time is 1.704ms
04-11 02:49:08.159  2849  2877 I native-activity: Animating
04-11 02:49:08.159  2849  2877 I native-activity: Frame 88 GL error is 0x0
04-11 02:49:08.159  2849  2877 I native-activity: Frame 88 time is 0.338ms
04-11 02:49:08.159  2849  2877 I native-activity: Swap 88 time is 1.722ms
04-11 02:49:08.159  2849  2877 I native-activity: Animating
04-11 02:49:08.159  2849  2877 I native-activity: Frame 89 GL error is 0x0
04-11 02:49:08.159  2849  2877 I native-activity: Frame 89 time is 0.328ms
04-11 02:49:08.159  2849  2877 I native-activity: Swap 89 time is 1.689ms
04-11 02:49:08.159  2849  2877 I native-activity: Animating
04-11 02:49:08.159  2849  2877 I native-activity: Frame 90 GL error is 0x0
04-11 02:49:08.159  2849  2877 I native-activity: Frame 90 time is 0.313ms
04-11 02:49:08.159  2849  2877 I native-activity: Swap 90 time is 1.681ms
04-11 02:49:08.159  2849  2877 I native-activity: Animating
04-11 02:49:08.159  2849  2877 I native-activity: Frame 91 GL error is 0x0
04-11 02:49:08.159  2849  2877 I native-activity: Frame 91 time is 0.302ms
04-11 02:49:08.159  2849  2877 I native-activity: Swap 91 time is 1.640ms
04-11 02:49:08.159  2849  2877 I native-activity: Animating
04-11 02:49:08.159  2849  2877 I native-activity: Frame 92 GL error is 0x0
04-11 02:49:08.159  2849  2877 I native-activity: Frame 92 time is 0.291ms
04-11 02:49:08.169  2849  2877 I native-activity: Swap 92 time is 1.742ms
04-11 02:49:08.169  2849  2877 I native-activity: Animating
04-11 02:49:08.169  2849  2877 I native-activity: Frame 93 GL error is 0x0
04-11 02:49:08.169  2849  2877 I native-activity: Frame 93 time is 0.358ms
04-11 02:49:08.169  2849  2877 I native-activity: Swap 93 time is 1.745ms
04-11 02:49:08.169  2849  2877 I native-activity: Animating
04-11 02:49:08.169  2849  2877 I native-activity: Frame 94 GL error is 0x0
04-11 02:49:08.169  2849  2877 I native-activity: Frame 94 time is 0.325ms
04-11 02:49:08.169  2849  2877 I native-activity: Swap 94 time is 1.696ms
04-11 02:49:08.169  2849  2877 I native-activity: Animating
04-11 02:49:08.169  2849  2877 I native-activity: Frame 95 GL error is 0x0
04-11 02:49:08.169  2849  2877 I native-activity: Frame 95 time is 0.324ms
04-11 02:49:08.169  2849  2877 I native-activity: Swap 95 time is 1.768ms
04-11 02:49:08.169  2849  2877 I native-activity: Animating
04-11 02:49:08.169  2849  2877 I native-activity: Frame 96 GL error is 0x0
04-11 02:49:08.169  2849  2877 I native-activity: Frame 96 time is 0.367ms
04-11 02:49:08.169  2849  2877 I native-activity: Swap 96 time is 1.754ms
04-11 02:49:08.169  2849  2877 I native-activity: Animating
04-11 02:49:08.169  2849  2877 I native-activity: Frame 97 GL error is 0x0
04-11 02:49:08.169  2849  2877 I native-activity: Frame 97 time is 0.331ms
04-11 02:49:08.179  2849  2877 I native-activity: Swap 97 time is 1.816ms
04-11 02:49:08.179  2849  2877 I native-activity: Animating
04-11 02:49:08.179  2849  2877 I native-activity: Frame 98 GL error is 0x0
04-11 02:49:08.179  2849  2877 I native-activity: Frame 98 time is 0.424ms
04-11 02:49:08.179  2849  2877 I native-activity: Swap 98 time is 1.855ms
04-11 02:49:08.179  2849  2877 I native-activity: Animating
04-11 02:49:08.179  1434  2219 D MdnieScenarioControlService:  packageName : com.example.sonicdash_stage1    className : android.app.NativeActivity
04-11 02:49:08.179  2849  2877 I native-activity: Frame 99 GL error is 0x0
04-11 02:49:08.179  2849  2877 I native-activity: Frame 99 time is 0.396ms
04-11 02:49:08.179  2849  2877 I native-activity: Swap 99 time is 2.021ms
04-11 02:49:08.179  2849  2877 I native-activity: Animating
04-11 02:49:08.179   997  1214 D qti_sensorhub_hal: SNS_OEM_2_REPORT_IND index[1] number[1] total[10]
04-11 02:49:08.179   997  1214 D qti_sensorhub_hal: Activities: 1 ts: 3052496575
04-11 02:49:08.179  2849  2877 I native-activity: Frame 100 GL error is 0x0
04-11 02:49:08.179  2849  2877 I native-activity: Frame 100 time is 0.424ms
04-11 02:49:08.179  1434  2125 D SensorHubManager: onGetSensorHubDataLocked: library(10) = 1, 1, 26, 1, 2, 27, -125, 40, 1, 2
04-11 02:49:08.179  2849  2877 I native-activity: Swap 100 time is 1.909ms
04-11 02:49:08.179  2849  2877 I native-activity: Animating
04-11 02:49:08.179  2849  2877 I native-activity: Frame 101 GL error is 0x0
04-11 02:49:08.179  2849  2877 I native-activity: Frame 101 time is 0.533ms
04-11 02:49:08.179  2849  2877 I native-activity: Swap 101 time is 1.996ms
04-11 02:49:08.179  2849  2877 I native-activity: Animating
04-11 02:49:08.179  2849  2877 I native-activity: Frame 102 GL error is 0x0
04-11 02:49:08.179  2849  2877 I native-activity: Frame 102 time is 0.468ms
04-11 02:49:08.179  1434  2124 D CAE     : onGetSensorHubData(SensorHubParserProvider.java:92) - onGetSensorHubData Event [event buffer len :10], AP_WAKEUP
04-11 02:49:08.179  1434  2124 I CAE     : parse(SensorHubParserProvider.java:188) - buffer size = 10
04-11 02:49:08.189  1434  2124 I CAE     : parse(SensorHubParserProvider.java:199) - 1, 1, 26, 1, 2, 27, -125, 40, 1, 2,
04-11 02:49:08.189  2849  2877 I native-activity: Swap 102 time is 2.271ms
04-11 02:49:08.189  2849  2877 I native-activity: Animating
04-11 02:49:08.189  2849  2877 I native-activity: Frame 103 GL error is 0x0
04-11 02:49:08.189  2849  2877 I native-activity: Frame 103 time is 0.816ms
04-11 02:49:08.189  1434  2124 D CAE     : display(ContextProvider.java:375) - ================= ACTIVITY_TRACKER =================
04-11 02:49:08.189  1434  2124 I CAE     : display(ContextProvider.java:391) - Accuracy=[2], OperationMode=[0], ActivityType=[1], TimeStamp=[1491904148198]
04-11 02:49:08.189  2849  2877 I native-activity: Swap 103 time is 2.475ms
04-11 02:49:08.189  2849  2877 I native-activity: Animating
04-11 02:49:08.189  1434  2127 D SContextService: updateSContext() : event = Activity Tracker
04-11 02:49:08.189  2849  2877 I native-activity: Frame 104 GL error is 0x0
04-11 02:49:08.189  2849  2877 I native-activity: Frame 104 time is 0.533ms
04-11 02:49:08.189  1434  1434 D WifiService: mActivityTrackerListener: onSContextChanged(): 25
04-11 02:49:08.189  1434  1434 D WifiService: ACTIVITY_STATUS_STATIONARY 
04-11 02:49:08.189  2849  2877 I native-activity: Swap 104 time is 2.019ms
04-11 02:49:08.189  2849  2877 I native-activity: Animating
04-11 02:49:08.189  2849  2877 I native-activity: Frame 105 GL error is 0x0
04-11 02:49:08.189  2849  2877 I native-activity: Frame 105 time is 0.608ms
04-11 02:49:08.189  2849  2877 I native-activity: Swap 105 time is 2.151ms
04-11 02:49:08.189  2849  2877 I native-activity: Animating
04-11 02:49:08.189  2849  2877 I native-activity: Frame 106 GL error is 0x0
04-11 02:49:08.189  2849  2877 I native-activity: Frame 106 time is 0.393ms
04-11 02:49:08.199  2849  2877 I native-activity: Swap 106 time is 1.807ms
04-11 02:49:08.199  2849  2877 I native-activity: Animating
04-11 02:49:08.199  2849  2877 I native-activity: Frame 107 GL error is 0x0
04-11 02:49:08.199  2849  2877 I native-activity: Frame 107 time is 0.518ms
04-11 02:49:08.199  2849  2877 I native-activity: Swap 107 time is 1.993ms
04-11 02:49:08.199  2849  2877 I native-activity: Animating
04-11 02:49:08.199  2849  2877 I native-activity: Frame 108 GL error is 0x0
04-11 02:49:08.199  2849  2877 I native-activity: Frame 108 time is 0.546ms
04-11 02:49:08.199  2849  2877 I native-activity: Swap 108 time is 2.018ms
04-11 02:49:08.199  2849  2877 I native-activity: Animating
04-11 02:49:08.199  2849  2877 I native-activity: Frame 109 GL error is 0x0
04-11 02:49:08.199  2849  2877 I native-activity: Frame 109 time is 0.520ms
04-11 02:49:08.199  2849  2877 I native-activity: Swap 109 time is 2.038ms
04-11 02:49:08.199  2849  2877 I native-activity: Animating
04-11 02:49:08.199  2849  2877 I native-activity: Frame 110 GL error is 0x0
04-11 02:49:08.199  2849  2877 I native-activity: Frame 110 time is 0.589ms
04-11 02:49:08.199  2849  2877 I native-activity: Swap 110 time is 2.024ms
04-11 02:49:08.199  2849  2877 I native-activity: Animating
04-11 02:49:08.199  2849  2877 I native-activity: Frame 111 GL error is 0x0
04-11 02:49:08.209  2849  2877 I native-activity: Frame 111 time is 0.372ms
04-11 02:49:08.209  2849  2877 I native-activity: Swap 111 time is 1.799ms
04-11 02:49:08.209  2849  2877 I native-activity: Animating
04-11 02:49:08.209  2849  2877 I native-activity: Frame 112 GL error is 0x0
04-11 02:49:08.209  2849  2877 I native-activity: Frame 112 time is 0.376ms
04-11 02:49:08.209  2849  2877 I native-activity: Swap 112 time is 1.789ms
04-11 02:49:08.209  2849  2877 I native-activity: Animating
04-11 02:49:08.209  2849  2877 I native-activity: Frame 113 GL error is 0x0
04-11 02:49:08.209  2849  2877 I native-activity: Frame 113 time is 0.310ms
04-11 02:49:08.209  2849  2877 I native-activity: Swap 113 time is 1.664ms
04-11 02:49:08.209  2849  2877 I native-activity: Animating
04-11 02:49:08.209  2849  2877 I native-activity: Frame 114 GL error is 0x0
04-11 02:49:08.209  2849  2877 I native-activity: Frame 114 time is 0.306ms
04-11 02:49:08.209  1434  1434 D CustomFrequencyManagerService: releaseDVFSLockLocked : Getting Lock type frm List : DVFS_MIN_LIMIT  frequency : 1555200  uid : 1000  pid : 1434  tag : ACTIVITY_RESUME_BOOSTER@20
04-11 02:49:08.209  2849  2877 I native-activity: Swap 114 time is 3.539ms
04-11 02:49:08.209  2849  2877 I native-activity: Animating
04-11 02:49:08.209  2849  2877 I native-activity: Frame 115 GL error is 0x0
04-11 02:49:08.209  2849  2877 I native-activity: Frame 115 time is 0.573ms
04-11 02:49:08.219  2849  2877 I native-activity: Swap 115 time is 2.746ms
04-11 02:49:08.219  2849  2877 I native-activity: Animating
04-11 02:49:08.219  2849  2877 I native-activity: Frame 116 GL error is 0x0
04-11 02:49:08.219  2849  2877 I native-activity: Frame 116 time is 0.523ms
04-11 02:49:08.219  2849  2877 I native-activity: Swap 116 time is 3.356ms
04-11 02:49:08.219  2849  2877 I native-activity: Animating
04-11 02:49:08.219  2849  2877 I native-activity: Frame 117 GL error is 0x0
04-11 02:49:08.219  2849  2877 I native-activity: Frame 117 time is 0.570ms
04-11 02:49:08.219  2849  2877 I native-activity: Swap 117 time is 2.552ms
04-11 02:49:08.219  2849  2877 I native-activity: Animating
04-11 02:49:08.219  2849  2877 I native-activity: Frame 118 GL error is 0x0
04-11 02:49:08.219  2849  2877 I native-activity: Frame 118 time is 0.483ms
04-11 02:49:08.229  2849  2877 I native-activity: Swap 118 time is 2.520ms
04-11 02:49:08.229  2849  2877 I native-activity: Animating
04-11 02:49:08.229  2849  2877 I native-activity: Frame 119 GL error is 0x0
04-11 02:49:08.229  2849  2877 I native-activity: Frame 119 time is 0.523ms
04-11 02:49:08.229  2849  2877 I native-activity: Swap 119 time is 2.499ms
04-11 02:49:08.229  2849  2877 I native-activity: Animating
04-11 02:49:08.229  2849  2877 I native-activity: Frame 120 GL error is 0x0
04-11 02:49:08.229  2849  2877 I native-activity: Frame 120 time is 0.479ms
04-11 02:49:08.229  2849  2877 I native-activity: Swap 120 time is 2.397ms
04-11 02:49:08.229  2849  2877 I native-activity: Animating
04-11 02:49:08.229  2849  2877 I native-activity: Frame 121 GL error is 0x0
04-11 02:49:08.229  2849  2877 I native-activity: Frame 121 time is 0.473ms
04-11 02:49:08.229  2849  2877 I native-activity: Swap 121 time is 2.383ms
04-11 02:49:08.229  2849  2877 I native-activity: Animating
04-11 02:49:08.229  2849  2877 I native-activity: Frame 122 GL error is 0x0
04-11 02:49:08.229  2849  2877 I native-activity: Frame 122 time is 0.514ms
04-11 02:49:08.239  2849  2877 I native-activity: Swap 122 time is 2.637ms
04-11 02:49:08.239  2849  2877 I native-activity: Animating
04-11 02:49:08.239  2849  2877 I native-activity: Frame 123 GL error is 0x0
04-11 02:49:08.239  2849  2877 I native-activity: Frame 123 time is 0.748ms
04-11 02:49:08.239  2849  2877 I native-activity: Swap 123 time is 3.681ms
04-11 02:49:08.239  2849  2877 I native-activity: Animating
04-11 02:49:08.239  2849  2877 I native-activity: Frame 124 GL error is 0x0
04-11 02:49:08.239  2849  2877 I native-activity: Frame 124 time is 0.794ms
04-11 02:49:08.239  2849  2877 I native-activity: Swap 124 time is 3.373ms
04-11 02:49:08.239  2849  2877 I native-activity: Animating
04-11 02:49:08.239  2849  2877 I native-activity: Frame 125 GL error is 0x0
04-11 02:49:08.239  2849  2877 I native-activity: Frame 125 time is 0.910ms
04-11 02:49:08.249  2849  2877 I native-activity: Swap 125 time is 3.313ms
04-11 02:49:08.249  2849  2877 I native-activity: Animating
04-11 02:49:08.249  2849  2877 I native-activity: Frame 126 GL error is 0x0
04-11 02:49:08.249  2849  2877 I native-activity: Frame 126 time is 0.790ms
04-11 02:49:08.249  2849  2877 I native-activity: Swap 126 time is 2.890ms
04-11 02:49:08.249  2849  2877 I native-activity: Animating
04-11 02:49:08.249  2849  2877 I native-activity: Frame 127 GL error is 0x0
04-11 02:49:08.249  2849  2877 I native-activity: Frame 127 time is 0.538ms
04-11 02:49:08.249  2849  2877 I native-activity: Swap 127 time is 3.034ms
04-11 02:49:08.249  2849  2877 I native-activity: Animating
04-11 02:49:08.249  2849  2877 I native-activity: Frame 128 GL error is 0x0
04-11 02:49:08.249  2849  2877 I native-activity: Frame 128 time is 0.759ms
04-11 02:49:08.259  2849  2877 I native-activity: Swap 128 time is 2.962ms
04-11 02:49:08.259  2849  2877 I native-activity: Animating
04-11 02:49:08.259  2849  2877 I native-activity: Frame 129 GL error is 0x0
04-11 02:49:08.259  2849  2877 I native-activity: Frame 129 time is 0.721ms
04-11 02:49:08.259  2849  2877 I native-activity: Swap 129 time is 2.861ms
04-11 02:49:08.259  2849  2877 I native-activity: Animating
04-11 02:49:08.259  2849  2877 I native-activity: Frame 130 GL error is 0x0
04-11 02:49:08.259  2849  2877 I native-activity: Frame 130 time is 0.671ms
04-11 02:49:08.259  2849  2877 I native-activity: Swap 130 time is 2.960ms
04-11 02:49:08.259  2849  2877 I native-activity: Animating
04-11 02:49:08.259  2849  2877 I native-activity: Frame 131 GL error is 0x0
04-11 02:49:08.259  2849  2877 I native-activity: Frame 131 time is 0.739ms
04-11 02:49:08.269  2849  2877 I native-activity: Swap 131 time is 3.021ms
04-11 02:49:08.269  2849  2877 I native-activity: Animating
04-11 02:49:08.269  2849  2877 I native-activity: Frame 132 GL error is 0x0
04-11 02:49:08.269  2849  2877 I native-activity: Frame 132 time is 0.761ms
04-11 02:49:08.269  2849  2877 I native-activity: Swap 132 time is 3.051ms
04-11 02:49:08.269  2849  2877 I native-activity: Animating
04-11 02:49:08.269  2849  2877 I native-activity: Frame 133 GL error is 0x0
04-11 02:49:08.269  2849  2877 I native-activity: Frame 133 time is 1.906ms
04-11 02:49:08.269  2849  2877 I native-activity: Swap 133 time is 4.505ms
04-11 02:49:08.269  2849  2877 I native-activity: Animating
04-11 02:49:08.269  2849  2877 I native-activity: Frame 134 GL error is 0x0
04-11 02:49:08.269  2849  2877 I native-activity: Frame 134 time is 0.982ms
04-11 02:49:08.279  2849  2877 I native-activity: Swap 134 time is 3.844ms
04-11 02:49:08.279  2849  2877 I native-activity: Animating
04-11 02:49:08.279  1434  2219 I MdnieScenarioControlService: mGameModeLauncher : false
04-11 02:49:08.279  2849  2877 I native-activity: Frame 135 GL error is 0x0
04-11 02:49:08.279  2849  2877 I native-activity: Frame 135 time is 0.823ms
04-11 02:49:08.279  2849  2877 I native-activity: Swap 135 time is 4.974ms
04-11 02:49:08.279  2849  2877 I native-activity: Animating
04-11 02:49:08.279  2849  2877 I native-activity: Frame 136 GL error is 0x0
04-11 02:49:08.279  2849  2877 I native-activity: Frame 136 time is 0.883ms
04-11 02:49:08.289  2849  2877 I native-activity: Swap 136 time is 4.360ms
04-11 02:49:08.289  2849  2877 I native-activity: Animating
04-11 02:49:08.289  2849  2877 I native-activity: Frame 137 GL error is 0x0
04-11 02:49:08.289  2849  2877 I native-activity: Frame 137 time is 1.203ms
04-11 02:49:08.289  1434  2219 I MdnieScenarioControlService: setUIMode
04-11 02:49:08.289  2849  2877 I native-activity: Swap 137 time is 4.089ms
04-11 02:49:08.289  2849  2877 I native-activity: Animating
04-11 02:49:08.289  2849  2877 I native-activity: Frame 138 GL error is 0x0
04-11 02:49:08.289  2849  2877 I native-activity: Frame 138 time is 0.930ms
04-11 02:49:08.299  2849  2877 I native-activity: Swap 138 time is 3.714ms
04-11 02:49:08.299  2849  2877 I native-activity: Animating
04-11 02:49:08.299  2849  2877 I native-activity: Frame 139 GL error is 0x0
04-11 02:49:08.299  2849  2877 I native-activity: Frame 139 time is 0.951ms
04-11 02:49:08.299  2849  2877 I native-activity: Swap 139 time is 4.128ms
04-11 02:49:08.299  2849  2877 I native-activity: Animating
04-11 02:49:08.299  2849  2877 I native-activity: Frame 140 GL error is 0x0
04-11 02:49:08.299  2849  2877 I native-activity: Frame 140 time is 0.936ms
04-11 02:49:08.299  2849  2877 I native-activity: Swap 140 time is 3.359ms
04-11 02:49:08.299  2849  2877 I native-activity: Animating
04-11 02:49:08.299  2849  2877 I native-activity: Frame 141 GL error is 0x0
04-11 02:49:08.299  2849  2877 I native-activity: Frame 141 time is 1.023ms
04-11 02:49:08.309  2849  2877 I native-activity: Swap 141 time is 3.821ms
04-11 02:49:08.309  2849  2877 I native-activity: Animating
04-11 02:49:08.309  2849  2877 I native-activity: Frame 142 GL error is 0x0
04-11 02:49:08.309  2849  2877 I native-activity: Frame 142 time is 1.060ms
04-11 02:49:08.309  2849  2877 I native-activity: Swap 142 time is 3.547ms
04-11 02:49:08.309  2849  2877 I native-activity: Animating
04-11 02:49:08.309  2849  2877 I native-activity: Frame 143 GL error is 0x0
04-11 02:49:08.309  2849  2877 I native-activity: Frame 143 time is 1.054ms
04-11 02:49:08.319  2849  2877 I native-activity: Swap 143 time is 3.589ms
04-11 02:49:08.319  2849  2877 I native-activity: Animating
04-11 02:49:08.319  2849  2877 I native-activity: Frame 144 GL error is 0x0
04-11 02:49:08.319  2849  2877 I native-activity: Frame 144 time is 1.068ms
04-11 02:49:08.319  2849  2877 I native-activity: Swap 144 time is 4.225ms
04-11 02:49:08.319  2849  2877 I native-activity: Animating
04-11 02:49:08.319  2849  2877 I native-activity: Frame 145 GL error is 0x0
04-11 02:49:08.319  2849  2877 I native-activity: Frame 145 time is 1.174ms
04-11 02:49:08.319  2849  2877 I native-activity: Swap 145 time is 4.479ms
04-11 02:49:08.319  2849  2877 I native-activity: Animating
04-11 02:49:08.329  2849  2877 I native-activity: Frame 146 GL error is 0x0
04-11 02:49:08.329  2849  2877 I native-activity: Frame 146 time is 1.279ms
04-11 02:49:08.329  2849  2877 I native-activity: Swap 146 time is 5.446ms
04-11 02:49:08.329  2849  2877 I native-activity: Animating
04-11 02:49:08.329  2849  2877 I native-activity: Frame 147 GL error is 0x0
04-11 02:49:08.329  2849  2877 I native-activity: Frame 147 time is 1.184ms
04-11 02:49:08.329  2849  2877 I native-activity: Swap 147 time is 4.431ms
04-11 02:49:08.339  2849  2877 I native-activity: Animating
04-11 02:49:08.339  2849  2877 I native-activity: Frame 148 GL error is 0x0
04-11 02:49:08.339  2849  2877 I native-activity: Frame 148 time is 1.311ms
04-11 02:49:08.339  2849  2877 I native-activity: Swap 148 time is 4.780ms
04-11 02:49:08.339  2849  2877 I native-activity: Animating
04-11 02:49:08.339  2849  2877 I native-activity: Frame 149 GL error is 0x0
04-11 02:49:08.339  2849  2877 I native-activity: Frame 149 time is 1.172ms
04-11 02:49:08.349  2849  2877 I native-activity: Swap 149 time is 4.795ms
04-11 02:49:08.349  2849  2877 I native-activity: Animating
04-11 02:49:08.349  2849  2877 I native-activity: Frame 150 GL error is 0x0
04-11 02:49:08.349  2849  2877 I native-activity: Frame 150 time is 1.599ms
04-11 02:49:08.349  2849  2877 I native-activity: Swap 150 time is 5.373ms
04-11 02:49:08.349  2849  2877 I native-activity: Animating
04-11 02:49:08.349  2849  2877 I native-activity: Frame 151 GL error is 0x0
04-11 02:49:08.349  2849  2877 I native-activity: Frame 151 time is 1.578ms
04-11 02:49:08.359  2849  2877 I native-activity: Swap 151 time is 5.059ms
04-11 02:49:08.359  2849  2877 I native-activity: Animating
04-11 02:49:08.359  2849  2877 I native-activity: Frame 152 GL error is 0x0
