04-11 02:51:38.959  3450  3465 V native-activity: 		EGL_RED_SIZE: 8
04-11 02:51:38.959  3450  3465 V native-activity: 		EGL_GREEN_SIZE: 8
04-11 02:51:38.959  3450  3465 V native-activity: 		EGL_BLUE_SIZE: 8
04-11 02:51:38.959  3450  3465 V native-activity: 		EGL_ALPHA_SIZE: 0
04-11 02:51:38.959  3450  3465 V native-activity: 		EGL_ALPHA_MASK_SIZE: 0
04-11 02:51:38.959  3450  3465 V native-activity: 		EGL_LUMINANCE_SIZE: 0
04-11 02:51:38.959  3450  3465 V native-activity: 		EGL_TRANSPARENT_TYPE: 12344 EGL_NONE,
04-11 02:51:38.959  3450  3465 V native-activity: 		EGL_TRANSPARENT_RED_VALUE: -1
04-11 02:51:38.959  3450  3465 V native-activity: 		EGL_TRANSPARENT_GREEN_VALUE: -1
04-11 02:51:38.959  3450  3465 V native-activity: 		EGL_TRANSPARENT_BLUE_VALUE: -1
04-11 02:51:38.959  3450  3465 V native-activity: 		EGL_STENCIL_SIZE: 8
04-11 02:51:38.959  3450  3465 V native-activity: 		EGL_DEPTH_SIZE: 24
04-11 02:51:38.959  3450  3465 V native-activity: 		EGL_BIND_TO_TEXTURE_RGB: 1
04-11 02:51:38.959  3450  3465 V native-activity: 		EGL_BIND_TO_TEXTURE_RGBA: 0
04-11 02:51:38.959  3450  3465 V native-activity: 		EGL_MIN_SWAP_INTERVAL: 0
04-11 02:51:38.959  3450  3465 V native-activity: 		EGL_MAX_SWAP_INTERVAL: 1
04-11 02:51:38.959  3450  3465 V native-activity: 		EGL_MAX_PBUFFER_WIDTH: 16384
04-11 02:51:38.959  3450  3465 V native-activity: 		EGL_MAX_PBUFFER_HEIGHT: 16384
04-11 02:51:38.959  3450  3465 D native-activity: 	Config 0xee50df68 index 32
04-11 02:51:38.959  3450  3465 V native-activity: 		EGL_CONFIG_ID: 29
04-11 02:51:38.959  3450  3465 V native-activity: 		EGL_CONFORMANT: 69 EGL_OPENGL_ES_BIT, EGL_OPENGL_ES2_BIT,
04-11 02:51:38.959  3450  3465 V native-activity: 		EGL_CONFIG_CAVEAT: 12344 EGL_NONE,
04-11 02:51:38.959  3450  3465 V native-activity: 		EGL_RENDERABLE_TYPE: 69 EGL_OPENGL_ES_BIT, EGL_OPENGL_ES2_BIT,
04-11 02:51:38.959  3450  3465 V native-activity: 		EGL_SURFACE_TYPE: 1445 EGL_PBUFFER_BIT, EGL_SWAP_BEHAVIOR_PRESERVED_BIT, EGL_VG_COLORSPACE_LINEAR_BIT, EGL_WINDOW_BIT,
04-11 02:51:38.959  3450  3465 V native-activity: 		EGL_LEVEL: 0
04-11 02:51:38.959  3450  3465 V native-activity: 		EGL_COLOR_BUFFER_TYPE: 12430 EGL_RGB_BUFFER,
04-11 02:51:38.959  3450  3465 V native-activity: 		EGL_BUFFER_SIZE: 24
04-11 02:51:38.959  3450  3465 V native-activity: 		EGL_SAMPLES: 4
04-11 02:51:38.959  3450  3465 V native-activity: 		EGL_SAMPLE_BUFFERS: 1
04-11 02:51:38.959  3450  3465 V native-activity: 		EGL_RED_SIZE: 8
04-11 02:51:38.959  3450  3465 V native-activity: 		EGL_GREEN_SIZE: 8
04-11 02:51:38.959  3450  3465 V native-activity: 		EGL_BLUE_SIZE: 8
04-11 02:51:38.959  3450  3465 V native-activity: 		EGL_ALPHA_SIZE: 0
04-11 02:51:38.959  3450  3465 V native-activity: 		EGL_ALPHA_MASK_SIZE: 0
04-11 02:51:38.959  3450  3465 V native-activity: 		EGL_LUMINANCE_SIZE: 0
04-11 02:51:38.959  3450  3465 V native-activity: 		EGL_TRANSPARENT_TYPE: 12344 EGL_NONE,
04-11 02:51:38.959  3450  3465 V native-activity: 		EGL_TRANSPARENT_RED_VALUE: -1
04-11 02:51:38.959  3450  3465 V native-activity: 		EGL_TRANSPARENT_GREEN_VALUE: -1
04-11 02:51:38.959  3450  3465 V native-activity: 		EGL_TRANSPARENT_BLUE_VALUE: -1
04-11 02:51:38.959  3450  3465 V native-activity: 		EGL_STENCIL_SIZE: 0
04-11 02:51:38.959  3450  3465 V native-activity: 		EGL_DEPTH_SIZE: 0
04-11 02:51:38.959  3450  3465 V native-activity: 		EGL_BIND_TO_TEXTURE_RGB: 1
04-11 02:51:38.959  3450  3465 V native-activity: 		EGL_BIND_TO_TEXTURE_RGBA: 0
04-11 02:51:38.959  3450  3465 V native-activity: 		EGL_MIN_SWAP_INTERVAL: 0
04-11 02:51:38.959  3450  3465 V native-activity: 		EGL_MAX_SWAP_INTERVAL: 1
04-11 02:51:38.959  3450  3465 V native-activity: 		EGL_MAX_PBUFFER_WIDTH: 16384
04-11 02:51:38.959  3450  3465 V native-activity: 		EGL_MAX_PBUFFER_HEIGHT: 16384
04-11 02:51:38.959  3450  3465 D native-activity: 	Config 0xee50dfb0 index 33
04-11 02:51:38.959  3450  3465 V native-activity: 		EGL_CONFIG_ID: 32
04-11 02:51:38.959  3450  3465 V native-activity: 		EGL_CONFORMANT: 69 EGL_OPENGL_ES_BIT, EGL_OPENGL_ES2_BIT,
04-11 02:51:38.959  3450  3465 V native-activity: 		EGL_CONFIG_CAVEAT: 12344 EGL_NONE,
04-11 02:51:38.959  3450  3465 V native-activity: 		EGL_RENDERABLE_TYPE: 69 EGL_OPENGL_ES_BIT, EGL_OPENGL_ES2_BIT,
04-11 02:51:38.959  3450  3465 V native-activity: 		EGL_SURFACE_TYPE: 1445 EGL_PBUFFER_BIT, EGL_SWAP_BEHAVIOR_PRESERVED_BIT, EGL_VG_COLORSPACE_LINEAR_BIT, EGL_WINDOW_BIT,
04-11 02:51:38.959  3450  3465 V native-activity: 		EGL_LEVEL: 0
04-11 02:51:38.959  3450  3465 V native-activity: 		EGL_COLOR_BUFFER_TYPE: 12430 EGL_RGB_BUFFER,
04-11 02:51:38.959  3450  3465 V native-activity: 		EGL_BUFFER_SIZE: 24
04-11 02:51:38.959  3450  3465 V native-activity: 		EGL_SAMPLES: 4
04-11 02:51:38.959  3450  3465 V native-activity: 		EGL_SAMPLE_BUFFERS: 1
04-11 02:51:38.959  3450  3465 V native-activity: 		EGL_RED_SIZE: 8
04-11 02:51:38.959  3450  3465 V native-activity: 		EGL_GREEN_SIZE: 8
04-11 02:51:38.959  3450  3465 V native-activity: 		EGL_BLUE_SIZE: 8
04-11 02:51:38.959  3450  3465 V native-activity: 		EGL_ALPHA_SIZE: 0
04-11 02:51:38.959  3450  3465 V native-activity: 		EGL_ALPHA_MASK_SIZE: 0
04-11 02:51:38.959  3450  3465 V native-activity: 		EGL_LUMINANCE_SIZE: 0
04-11 02:51:38.959  3450  3465 V native-activity: 		EGL_TRANSPARENT_TYPE: 12344 EGL_NONE,
04-11 02:51:38.959  3450  3465 V native-activity: 		EGL_TRANSPARENT_RED_VALUE: -1
04-11 02:51:38.959  3450  3465 V native-activity: 		EGL_TRANSPARENT_GREEN_VALUE: -1
04-11 02:51:38.959  3450  3465 V native-activity: 		EGL_TRANSPARENT_BLUE_VALUE: -1
04-11 02:51:38.959  3450  3465 V native-activity: 		EGL_STENCIL_SIZE: 8
04-11 02:51:38.959  3450  3465 V native-activity: 		EGL_DEPTH_SIZE: 0
04-11 02:51:38.959  3450  3465 V native-activity: 		EGL_BIND_TO_TEXTURE_RGB: 1
04-11 02:51:38.959  3450  3465 V native-activity: 		EGL_BIND_TO_TEXTURE_RGBA: 0
04-11 02:51:38.959  3450  3465 V native-activity: 		EGL_MIN_SWAP_INTERVAL: 0
04-11 02:51:38.959  3450  3465 V native-activity: 		EGL_MAX_SWAP_INTERVAL: 1
04-11 02:51:38.959  3450  3465 V native-activity: 		EGL_MAX_PBUFFER_WIDTH: 16384
04-11 02:51:38.959  3450  3465 V native-activity: 		EGL_MAX_PBUFFER_HEIGHT: 16384
04-11 02:51:38.959  3450  3465 D native-activity: 	Config 0xee50df80 index 34
04-11 02:51:38.959  3450  3465 V native-activity: 		EGL_CONFIG_ID: 30
04-11 02:51:38.959  3450  3465 V native-activity: 		EGL_CONFORMANT: 69 EGL_OPENGL_ES_BIT, EGL_OPENGL_ES2_BIT,
04-11 02:51:38.959  3450  3465 V native-activity: 		EGL_CONFIG_CAVEAT: 12344 EGL_NONE,
04-11 02:51:38.959  3450  3465 V native-activity: 		EGL_RENDERABLE_TYPE: 69 EGL_OPENGL_ES_BIT, EGL_OPENGL_ES2_BIT,
04-11 02:51:38.959  3450  3465 V native-activity: 		EGL_SURFACE_TYPE: 1445 EGL_PBUFFER_BIT, EGL_SWAP_BEHAVIOR_PRESERVED_BIT, EGL_VG_COLORSPACE_LINEAR_BIT, EGL_WINDOW_BIT,
04-11 02:51:38.959  3450  3465 V native-activity: 		EGL_LEVEL: 0
04-11 02:51:38.959  3450  3465 V native-activity: 		EGL_COLOR_BUFFER_TYPE: 12430 EGL_RGB_BUFFER,
04-11 02:51:38.959  3450  3465 V native-activity: 		EGL_BUFFER_SIZE: 24
04-11 02:51:38.959  3450  3465 V native-activity: 		EGL_SAMPLES: 4
04-11 02:51:38.959  3450  3465 V native-activity: 		EGL_SAMPLE_BUFFERS: 1
04-11 02:51:38.959  3450  3465 V native-activity: 		EGL_RED_SIZE: 8
04-11 02:51:38.959  3450  3465 V native-activity: 		EGL_GREEN_SIZE: 8
04-11 02:51:38.959  3450  3465 V native-activity: 		EGL_BLUE_SIZE: 8
04-11 02:51:38.959  3450  3465 V native-activity: 		EGL_ALPHA_SIZE: 0
04-11 02:51:38.959  3450  3465 V native-activity: 		EGL_ALPHA_MASK_SIZE: 0
04-11 02:51:38.959  3450  3465 V native-activity: 		EGL_LUMINANCE_SIZE: 0
04-11 02:51:38.959  3450  3465 V native-activity: 		EGL_TRANSPARENT_TYPE: 12344 EGL_NONE,
04-11 02:51:38.959  3450  3465 V native-activity: 		EGL_TRANSPARENT_RED_VALUE: -1
04-11 02:51:38.959  3450  3465 V native-activity: 		EGL_TRANSPARENT_GREEN_VALUE: -1
04-11 02:51:38.959  3450  3465 V native-activity: 		EGL_TRANSPARENT_BLUE_VALUE: -1
04-11 02:51:38.959  3450  3465 V native-activity: 		EGL_STENCIL_SIZE: 0
04-11 02:51:38.959  3450  3465 V native-activity: 		EGL_DEPTH_SIZE: 16
04-11 02:51:38.959  3450  3465 V native-activity: 		EGL_BIND_TO_TEXTURE_RGB: 1
04-11 02:51:38.959  3450  3465 V native-activity: 		EGL_BIND_TO_TEXTURE_RGBA: 0
04-11 02:51:38.959  3450  3465 V native-activity: 		EGL_MIN_SWAP_INTERVAL: 0
04-11 02:51:38.959  3450  3465 V native-activity: 		EGL_MAX_SWAP_INTERVAL: 1
04-11 02:51:38.959  1434  2354 V WindowStateAnimator: Finishing drawing window Window{8983aaa u0 d0 com.example.sonicdash_stage1/android.app.NativeActivity}: mDrawState=DRAW_PENDING
04-11 02:51:38.959  3450  3465 V native-activity: 		EGL_MAX_PBUFFER_WIDTH: 16384
04-11 02:51:38.959  3450  3465 V native-activity: 		EGL_MAX_PBUFFER_HEIGHT: 16384
04-11 02:51:38.959  3450  3465 D native-activity: 	Config 0xee50df98 index 35
04-11 02:51:38.959  3450  3465 V native-activity: 		EGL_CONFIG_ID: 31
04-11 02:51:38.959  3450  3465 V native-activity: 		EGL_CONFORMANT: 69 EGL_OPENGL_ES_BIT, EGL_OPENGL_ES2_BIT,
04-11 02:51:38.959  3450  3465 V native-activity: 		EGL_CONFIG_CAVEAT: 12344 EGL_NONE,
04-11 02:51:38.959  3450  3465 V native-activity: 		EGL_RENDERABLE_TYPE: 69 EGL_OPENGL_ES_BIT, EGL_OPENGL_ES2_BIT,
04-11 02:51:38.959  3450  3465 V native-activity: 		EGL_SURFACE_TYPE: 1445 EGL_PBUFFER_BIT, EGL_SWAP_BEHAVIOR_PRESERVED_BIT, EGL_VG_COLORSPACE_LINEAR_BIT, EGL_WINDOW_BIT,
04-11 02:51:38.959  3450  3465 V native-activity: 		EGL_LEVEL: 0
04-11 02:51:38.959  3450  3465 V native-activity: 		EGL_COLOR_BUFFER_TYPE: 12430 EGL_RGB_BUFFER,
04-11 02:51:38.959  3450  3465 V native-activity: 		EGL_BUFFER_SIZE: 24
04-11 02:51:38.959  3450  3465 V native-activity: 		EGL_SAMPLES: 4
04-11 02:51:38.959  3450  3465 V native-activity: 		EGL_SAMPLE_BUFFERS: 1
04-11 02:51:38.959  3450  3465 V native-activity: 		EGL_RED_SIZE: 8
04-11 02:51:38.959  3450  3465 V native-activity: 		EGL_GREEN_SIZE: 8
04-11 02:51:38.959  3450  3465 V native-activity: 		EGL_BLUE_SIZE: 8
04-11 02:51:38.959  3450  3465 V native-activity: 		EGL_ALPHA_SIZE: 0
04-11 02:51:38.959  3450  3465 V native-activity: 		EGL_ALPHA_MASK_SIZE: 0
04-11 02:51:38.959  3450  3465 V native-activity: 		EGL_LUMINANCE_SIZE: 0
04-11 02:51:38.959  3450  3465 V native-activity: 		EGL_TRANSPARENT_TYPE: 12344 EGL_NONE,
04-11 02:51:38.959  3450  3465 V native-activity: 		EGL_TRANSPARENT_RED_VALUE: -1
04-11 02:51:38.959  3450  3465 V native-activity: 		EGL_TRANSPARENT_GREEN_VALUE: -1
04-11 02:51:38.959  3450  3465 V native-activity: 		EGL_TRANSPARENT_BLUE_VALUE: -1
04-11 02:51:38.959  3450  3465 V native-activity: 		EGL_STENCIL_SIZE: 8
04-11 02:51:38.959  3450  3465 V native-activity: 		EGL_DEPTH_SIZE: 24
04-11 02:51:38.959  3450  3465 V native-activity: 		EGL_BIND_TO_TEXTURE_RGB: 1
04-11 02:51:38.959  3450  3465 V native-activity: 		EGL_BIND_TO_TEXTURE_RGBA: 0
04-11 02:51:38.959  3450  3465 V native-activity: 		EGL_MIN_SWAP_INTERVAL: 0
04-11 02:51:38.959  3450  3465 V native-activity: 		EGL_MAX_SWAP_INTERVAL: 1
04-11 02:51:38.959  3450  3465 V native-activity: 		EGL_MAX_PBUFFER_WIDTH: 16384
04-11 02:51:38.959  3450  3465 V native-activity: 		EGL_MAX_PBUFFER_HEIGHT: 16384
04-11 02:51:38.959  3450  3465 D native-activity: 	Config 0xee50dd88 index 36
04-11 02:51:38.959  3450  3465 V native-activity: 		EGL_CONFIG_ID: 9
04-11 02:51:38.959  3450  3465 V native-activity: 		EGL_CONFORMANT: 69 EGL_OPENGL_ES_BIT, EGL_OPENGL_ES2_BIT,
04-11 02:51:38.959  3450  3465 V native-activity: 		EGL_CONFIG_CAVEAT: 12344 EGL_NONE,
04-11 02:51:38.959  3450  3465 V native-activity: 		EGL_RENDERABLE_TYPE: 69 EGL_OPENGL_ES_BIT, EGL_OPENGL_ES2_BIT,
04-11 02:51:38.959  3450  3465 V native-activity: 		EGL_SURFACE_TYPE: 1445 EGL_PBUFFER_BIT, EGL_SWAP_BEHAVIOR_PRESERVED_BIT, EGL_VG_COLORSPACE_LINEAR_BIT, EGL_WINDOW_BIT,
04-11 02:51:38.959  3450  3465 V native-activity: 		EGL_LEVEL: 0
04-11 02:51:38.959  3450  3450 I Timeline: Timeline: Activity_idle id: android.os.BinderProxy@7d93c2c time:136044578
04-11 02:51:38.959  3450  3465 V native-activity: 		EGL_COLOR_BUFFER_TYPE: 12430 EGL_RGB_BUFFER,
04-11 02:51:38.959  3450  3465 V native-activity: 		EGL_BUFFER_SIZE: 32
04-11 02:51:38.959  3450  3465 V native-activity: 		EGL_SAMPLES: 0
04-11 02:51:38.959  3450  3465 V native-activity: 		EGL_SAMPLE_BUFFERS: 0
04-11 02:51:38.959  3450  3465 V native-activity: 		EGL_RED_SIZE: 8
04-11 02:51:38.959  3450  3465 V native-activity: 		EGL_GREEN_SIZE: 8
04-11 02:51:38.959  3450  3465 V native-activity: 		EGL_BLUE_SIZE: 8
04-11 02:51:38.959  3450  3465 V native-activity: 		EGL_ALPHA_SIZE: 8
04-11 02:51:38.959  3450  3465 V native-activity: 		EGL_ALPHA_MASK_SIZE: 0
04-11 02:51:38.959  3450  3465 V native-activity: 		EGL_LUMINANCE_SIZE: 0
04-11 02:51:38.959  3450  3465 V native-activity: 		EGL_TRANSPARENT_TYPE: 12344 EGL_NONE,
04-11 02:51:38.959  3450  3465 V native-activity: 		EGL_TRANSPARENT_RED_VALUE: -1
04-11 02:51:38.959  3450  3465 V native-activity: 		EGL_TRANSPARENT_GREEN_VALUE: -1
04-11 02:51:38.959  3450  3465 V native-activity: 		EGL_TRANSPARENT_BLUE_VALUE: -1
04-11 02:51:38.959  3450  3465 V native-activity: 		EGL_STENCIL_SIZE: 0
04-11 02:51:38.959  3450  3465 V native-activity: 		EGL_DEPTH_SIZE: 0
04-11 02:51:38.959  3450  3465 V native-activity: 		EGL_BIND_TO_TEXTURE_RGB: 0
04-11 02:51:38.959  3450  3465 V native-activity: 		EGL_BIND_TO_TEXTURE_RGBA: 1
04-11 02:51:38.959  3450  3465 V native-activity: 		EGL_MIN_SWAP_INTERVAL: 0
04-11 02:51:38.959  3450  3465 V native-activity: 		EGL_MAX_SWAP_INTERVAL: 1
04-11 02:51:38.959  3450  3465 V native-activity: 		EGL_MAX_PBUFFER_WIDTH: 16384
04-11 02:51:38.959  3450  3465 V native-activity: 		EGL_MAX_PBUFFER_HEIGHT: 16384
04-11 02:51:38.959  3450  3465 D native-activity: 	Config 0xee50ddd0 index 37
04-11 02:51:38.959  3450  3465 V native-activity: 		EGL_CONFIG_ID: 12
04-11 02:51:38.959  3450  3465 V native-activity: 		EGL_CONFORMANT: 69 EGL_OPENGL_ES_BIT, EGL_OPENGL_ES2_BIT,
04-11 02:51:38.959  3450  3465 V native-activity: 		EGL_CONFIG_CAVEAT: 12344 EGL_NONE,
04-11 02:51:38.959  3450  3465 V native-activity: 		EGL_RENDERABLE_TYPE: 69 EGL_OPENGL_ES_BIT, EGL_OPENGL_ES2_BIT,
04-11 02:51:38.959  3450  3465 V native-activity: 		EGL_SURFACE_TYPE: 1445 EGL_PBUFFER_BIT, EGL_SWAP_BEHAVIOR_PRESERVED_BIT, EGL_VG_COLORSPACE_LINEAR_BIT, EGL_WINDOW_BIT,
04-11 02:51:38.959  3450  3465 V native-activity: 		EGL_LEVEL: 0
04-11 02:51:38.959  3450  3465 V native-activity: 		EGL_COLOR_BUFFER_TYPE: 12430 EGL_RGB_BUFFER,
04-11 02:51:38.959  3450  3465 V native-activity: 		EGL_BUFFER_SIZE: 32
04-11 02:51:38.959  3450  3465 V native-activity: 		EGL_SAMPLES: 0
04-11 02:51:38.959  3450  3465 V native-activity: 		EGL_SAMPLE_BUFFERS: 0
04-11 02:51:38.959  3450  3465 V native-activity: 		EGL_RED_SIZE: 8
04-11 02:51:38.959  3450  3465 V native-activity: 		EGL_GREEN_SIZE: 8
04-11 02:51:38.959  3450  3465 V native-activity: 		EGL_BLUE_SIZE: 8
04-11 02:51:38.959  3450  3465 V native-activity: 		EGL_ALPHA_SIZE: 8
04-11 02:51:38.959  3450  3465 V native-activity: 		EGL_ALPHA_MASK_SIZE: 0
04-11 02:51:38.959  3450  3465 V native-activity: 		EGL_LUMINANCE_SIZE: 0
04-11 02:51:38.959  3450  3465 V native-activity: 		EGL_TRANSPARENT_TYPE: 12344 EGL_NONE,
04-11 02:51:38.959  3450  3465 V native-activity: 		EGL_TRANSPARENT_RED_VALUE: -1
04-11 02:51:38.959  3450  3465 V native-activity: 		EGL_TRANSPARENT_GREEN_VALUE: -1
04-11 02:51:38.959  3450  3465 V native-activity: 		EGL_TRANSPARENT_BLUE_VALUE: -1
04-11 02:51:38.959  3450  3465 V native-activity: 		EGL_STENCIL_SIZE: 8
04-11 02:51:38.959  3450  3465 V native-activity: 		EGL_DEPTH_SIZE: 0
04-11 02:51:38.959  3450  3465 V native-activity: 		EGL_BIND_TO_TEXTURE_RGB: 0
04-11 02:51:38.959  3450  3465 V native-activity: 		EGL_BIND_TO_TEXTURE_RGBA: 1
04-11 02:51:38.959  3450  3465 V native-activity: 		EGL_MIN_SWAP_INTERVAL: 0
04-11 02:51:38.959  3450  3465 V native-activity: 		EGL_MAX_SWAP_INTERVAL: 1
04-11 02:51:38.959  1434  1612 D PointerIcon: setMouseIconStyle1 pointerType: 1001 iconType:101 flag:0 pid:1434 uid:1000
04-11 02:51:38.959  3450  3465 V native-activity: 		EGL_MAX_PBUFFER_WIDTH: 16384
04-11 02:51:38.959  3450  3465 V native-activity: 		EGL_MAX_PBUFFER_HEIGHT: 16384
04-11 02:51:38.959  1434  1612 D PointerIcon: setMouseCustomIcon IconType is same.101
04-11 02:51:38.959  3450  3465 D native-activity: 	Config 0xee50dda0 index 38
04-11 02:51:38.959  3450  3465 V native-activity: 		EGL_CONFIG_ID: 10
04-11 02:51:38.959  3450  3465 V native-activity: 		EGL_CONFORMANT: 69 EGL_OPENGL_ES_BIT, EGL_OPENGL_ES2_BIT,
04-11 02:51:38.959  3450  3465 V native-activity: 		EGL_CONFIG_CAVEAT: 12344 EGL_NONE,
04-11 02:51:38.959  3450  3465 V native-activity: 		EGL_RENDERABLE_TYPE: 69 EGL_OPENGL_ES_BIT, EGL_OPENGL_ES2_BIT,
04-11 02:51:38.959  3450  3465 V native-activity: 		EGL_SURFACE_TYPE: 1445 EGL_PBUFFER_BIT, EGL_SWAP_BEHAVIOR_PRESERVED_BIT, EGL_VG_COLORSPACE_LINEAR_BIT, EGL_WINDOW_BIT,
04-11 02:51:38.959  3450  3465 V native-activity: 		EGL_LEVEL: 0
04-11 02:51:38.959  3450  3465 V native-activity: 		EGL_COLOR_BUFFER_TYPE: 12430 EGL_RGB_BUFFER,
04-11 02:51:38.959  3450  3465 V native-activity: 		EGL_BUFFER_SIZE: 32
04-11 02:51:38.959  3450  3465 V native-activity: 		EGL_SAMPLES: 0
04-11 02:51:38.959  3450  3465 V native-activity: 		EGL_SAMPLE_BUFFERS: 0
04-11 02:51:38.959  3450  3465 V native-activity: 		EGL_RED_SIZE: 8
04-11 02:51:38.959  3450  3465 V native-activity: 		EGL_GREEN_SIZE: 8
04-11 02:51:38.959  3450  3465 V native-activity: 		EGL_BLUE_SIZE: 8
04-11 02:51:38.959  3450  3465 V native-activity: 		EGL_ALPHA_SIZE: 8
04-11 02:51:38.959  3450  3465 V native-activity: 		EGL_ALPHA_MASK_SIZE: 0
04-11 02:51:38.959  3450  3465 V native-activity: 		EGL_LUMINANCE_SIZE: 0
04-11 02:51:38.959  3450  3465 V native-activity: 		EGL_TRANSPARENT_TYPE: 12344 EGL_NONE,
04-11 02:51:38.959  3450  3465 V native-activity: 		EGL_TRANSPARENT_RED_VALUE: -1
04-11 02:51:38.959  3450  3465 V native-activity: 		EGL_TRANSPARENT_GREEN_VALUE: -1
04-11 02:51:38.959  3450  3465 V native-activity: 		EGL_TRANSPARENT_BLUE_VALUE: -1
04-11 02:51:38.959  3450  3465 V native-activity: 		EGL_STENCIL_SIZE: 0
04-11 02:51:38.959  3450  3465 V native-activity: 		EGL_DEPTH_SIZE: 16
04-11 02:51:38.959  3450  3465 V native-activity: 		EGL_BIND_TO_TEXTURE_RGB: 0
04-11 02:51:38.959  3450  3465 V native-activity: 		EGL_BIND_TO_TEXTURE_RGBA: 1
04-11 02:51:38.959  3450  3465 V native-activity: 		EGL_MIN_SWAP_INTERVAL: 0
04-11 02:51:38.959  3450  3465 V native-activity: 		EGL_MAX_SWAP_INTERVAL: 1
04-11 02:51:38.959  3450  3465 V native-activity: 		EGL_MAX_PBUFFER_WIDTH: 16384
04-11 02:51:38.959  3450  3465 V native-activity: 		EGL_MAX_PBUFFER_HEIGHT: 16384
04-11 02:51:38.959  3450  3465 D native-activity: 	Config 0xee50ddb8 index 39
04-11 02:51:38.959  3450  3465 V native-activity: 		EGL_CONFIG_ID: 11
04-11 02:51:38.959  3450  3465 V native-activity: 		EGL_CONFORMANT: 69 EGL_OPENGL_ES_BIT, EGL_OPENGL_ES2_BIT,
04-11 02:51:38.959  3450  3465 V native-activity: 		EGL_CONFIG_CAVEAT: 12344 EGL_NONE,
04-11 02:51:38.959  3450  3465 V native-activity: 		EGL_RENDERABLE_TYPE: 69 EGL_OPENGL_ES_BIT, EGL_OPENGL_ES2_BIT,
04-11 02:51:38.959  3450  3465 V native-activity: 		EGL_SURFACE_TYPE: 1445 EGL_PBUFFER_BIT, EGL_SWAP_BEHAVIOR_PRESERVED_BIT, EGL_VG_COLORSPACE_LINEAR_BIT, EGL_WINDOW_BIT,
04-11 02:51:38.959  3450  3465 V native-activity: 		EGL_LEVEL: 0
04-11 02:51:38.959  3450  3465 V native-activity: 		EGL_COLOR_BUFFER_TYPE: 12430 EGL_RGB_BUFFER,
04-11 02:51:38.959  3450  3465 V native-activity: 		EGL_BUFFER_SIZE: 32
04-11 02:51:38.959  3450  3465 V native-activity: 		EGL_SAMPLES: 0
04-11 02:51:38.959  3450  3465 V native-activity: 		EGL_SAMPLE_BUFFERS: 0
04-11 02:51:38.959  3450  3465 V native-activity: 		EGL_RED_SIZE: 8
04-11 02:51:38.959  3450  3465 V native-activity: 		EGL_GREEN_SIZE: 8
04-11 02:51:38.959  3450  3465 V native-activity: 		EGL_BLUE_SIZE: 8
04-11 02:51:38.959  3450  3465 V native-activity: 		EGL_ALPHA_SIZE: 8
04-11 02:51:38.959  3450  3465 V native-activity: 		EGL_ALPHA_MASK_SIZE: 0
04-11 02:51:38.959  3450  3465 V native-activity: 		EGL_LUMINANCE_SIZE: 0
04-11 02:51:38.959  3450  3465 V native-activity: 		EGL_TRANSPARENT_TYPE: 12344 EGL_NONE,
04-11 02:51:38.959  3450  3465 V native-activity: 		EGL_TRANSPARENT_RED_VALUE: -1
04-11 02:51:38.959  3450  3465 V native-activity: 		EGL_TRANSPARENT_GREEN_VALUE: -1
04-11 02:51:38.959  3450  3465 V native-activity: 		EGL_TRANSPARENT_BLUE_VALUE: -1
04-11 02:51:38.959  3450  3465 V native-activity: 		EGL_STENCIL_SIZE: 8
04-11 02:51:38.959  3450  3465 V native-activity: 		EGL_DEPTH_SIZE: 24
04-11 02:51:38.959  3450  3465 V native-activity: 		EGL_BIND_TO_TEXTURE_RGB: 0
04-11 02:51:38.959  3450  3465 V native-activity: 		EGL_BIND_TO_TEXTURE_RGBA: 1
04-11 02:51:38.959  3450  3465 V native-activity: 		EGL_MIN_SWAP_INTERVAL: 0
04-11 02:51:38.959  3450  3465 V native-activity: 		EGL_MAX_SWAP_INTERVAL: 1
04-11 02:51:38.959  1434  1622 D PowerManagerService: [PSM] lowPowerModeEnabled: false (mLowPowerModeSetting: false, mIsPowered: false, mAutoLowPowerModeConfigured: false, mBatteryLevel: 24, mLowBatteryTriggerLevel: 0)
04-11 02:51:38.969  3450  3465 V native-activity: 		EGL_MAX_PBUFFER_WIDTH: 16384
04-11 02:51:38.969  3450  3465 V native-activity: 		EGL_MAX_PBUFFER_HEIGHT: 16384
04-11 02:51:38.969  3450  3465 D native-activity: 	Config 0xee50dea8 index 40
04-11 02:51:38.969  3450  3465 V native-activity: 		EGL_CONFIG_ID: 21
04-11 02:51:38.969  3450  3465 V native-activity: 		EGL_CONFORMANT: 69 EGL_OPENGL_ES_BIT, EGL_OPENGL_ES2_BIT,
04-11 02:51:38.969  3450  3465 V native-activity: 		EGL_CONFIG_CAVEAT: 12344 EGL_NONE,
04-11 02:51:38.969  3450  3465 V native-activity: 		EGL_RENDERABLE_TYPE: 69 EGL_OPENGL_ES_BIT, EGL_OPENGL_ES2_BIT,
04-11 02:51:38.969  3450  3465 V native-activity: 		EGL_SURFACE_TYPE: 1445 EGL_PBUFFER_BIT, EGL_SWAP_BEHAVIOR_PRESERVED_BIT, EGL_VG_COLORSPACE_LINEAR_BIT, EGL_WINDOW_BIT,
04-11 02:51:38.969  3450  3465 V native-activity: 		EGL_LEVEL: 0
04-11 02:51:38.969  3450  3465 V native-activity: 		EGL_COLOR_BUFFER_TYPE: 12430 EGL_RGB_BUFFER,
04-11 02:51:38.969  3450  3465 V native-activity: 		EGL_BUFFER_SIZE: 32
04-11 02:51:38.969  3450  3465 V native-activity: 		EGL_SAMPLES: 2
04-11 02:51:38.969  3450  3465 V native-activity: 		EGL_SAMPLE_BUFFERS: 1
04-11 02:51:38.969  3450  3465 V native-activity: 		EGL_RED_SIZE: 8
04-11 02:51:38.969  3450  3465 V native-activity: 		EGL_GREEN_SIZE: 8
04-11 02:51:38.969  3450  3465 V native-activity: 		EGL_BLUE_SIZE: 8
04-11 02:51:38.969  3450  3465 V native-activity: 		EGL_ALPHA_SIZE: 8
04-11 02:51:38.969  3450  3465 V native-activity: 		EGL_ALPHA_MASK_SIZE: 0
04-11 02:51:38.969  3450  3465 V native-activity: 		EGL_LUMINANCE_SIZE: 0
04-11 02:51:38.969  3450  3465 V native-activity: 		EGL_TRANSPARENT_TYPE: 12344 EGL_NONE,
04-11 02:51:38.969  3450  3465 V native-activity: 		EGL_TRANSPARENT_RED_VALUE: -1
04-11 02:51:38.969  3450  3465 V native-activity: 		EGL_TRANSPARENT_GREEN_VALUE: -1
04-11 02:51:38.969  3450  3450 V threaded_app: WindowFocusChanged: 0xf4b382c0 -- 1
04-11 02:51:38.969  3450  3465 V native-activity: 		EGL_TRANSPARENT_BLUE_VALUE: -1
04-11 02:51:38.969  3450  3465 V native-activity: 		EGL_STENCIL_SIZE: 0
04-11 02:51:38.969  3450  3465 V native-activity: 		EGL_DEPTH_SIZE: 0
04-11 02:51:38.969  3450  3465 V native-activity: 		EGL_BIND_TO_TEXTURE_RGB: 0
04-11 02:51:38.969  3450  3465 V native-activity: 		EGL_BIND_TO_TEXTURE_RGBA: 1
04-11 02:51:38.969  3450  3465 V native-activity: 		EGL_MIN_SWAP_INTERVAL: 0
04-11 02:51:38.969  3450  3465 V native-activity: 		EGL_MAX_SWAP_INTERVAL: 1
04-11 02:51:38.969  3450  3465 V native-activity: 		EGL_MAX_PBUFFER_WIDTH: 16384
04-11 02:51:38.969  3450  3465 V native-activity: 		EGL_MAX_PBUFFER_HEIGHT: 16384
04-11 02:51:38.969  3450  3465 D native-activity: 	Config 0xee50def0 index 41
04-11 02:51:38.969  3450  3465 V native-activity: 		EGL_CONFIG_ID: 24
04-11 02:51:38.969  3450  3465 V native-activity: 		EGL_CONFORMANT: 69 EGL_OPENGL_ES_BIT, EGL_OPENGL_ES2_BIT,
04-11 02:51:38.969  3450  3465 V native-activity: 		EGL_CONFIG_CAVEAT: 12344 EGL_NONE,
04-11 02:51:38.969  3450  3465 V native-activity: 		EGL_RENDERABLE_TYPE: 69 EGL_OPENGL_ES_BIT, EGL_OPENGL_ES2_BIT,
04-11 02:51:38.969  3450  3465 V native-activity: 		EGL_SURFACE_TYPE: 1445 EGL_PBUFFER_BIT, EGL_SWAP_BEHAVIOR_PRESERVED_BIT, EGL_VG_COLORSPACE_LINEAR_BIT, EGL_WINDOW_BIT,
04-11 02:51:38.969  3450  3465 V native-activity: 		EGL_LEVEL: 0
04-11 02:51:38.969  3450  3465 V native-activity: 		EGL_COLOR_BUFFER_TYPE: 12430 EGL_RGB_BUFFER,
04-11 02:51:38.969  3450  3465 V native-activity: 		EGL_BUFFER_SIZE: 32
04-11 02:51:38.969  3450  3465 V native-activity: 		EGL_SAMPLES: 2
04-11 02:51:38.969  3450  3465 V native-activity: 		EGL_SAMPLE_BUFFERS: 1
04-11 02:51:38.969  3450  3465 V native-activity: 		EGL_RED_SIZE: 8
04-11 02:51:38.969  3450  3465 V native-activity: 		EGL_GREEN_SIZE: 8
04-11 02:51:38.969  3450  3465 V native-activity: 		EGL_BLUE_SIZE: 8
04-11 02:51:38.969  3450  3465 V native-activity: 		EGL_ALPHA_SIZE: 8
04-11 02:51:38.969  3450  3465 V native-activity: 		EGL_ALPHA_MASK_SIZE: 0
04-11 02:51:38.969  3450  3465 V native-activity: 		EGL_LUMINANCE_SIZE: 0
04-11 02:51:38.969  3450  3465 V native-activity: 		EGL_TRANSPARENT_TYPE: 12344 EGL_NONE,
04-11 02:51:38.969  3450  3465 V native-activity: 		EGL_TRANSPARENT_RED_VALUE: -1
04-11 02:51:38.969  3450  3465 V native-activity: 		EGL_TRANSPARENT_GREEN_VALUE: -1
04-11 02:51:38.969  3450  3465 V native-activity: 		EGL_TRANSPARENT_BLUE_VALUE: -1
04-11 02:51:38.969  3450  3465 V native-activity: 		EGL_STENCIL_SIZE: 8
04-11 02:51:38.969  3450  3465 V native-activity: 		EGL_DEPTH_SIZE: 0
04-11 02:51:38.969  3450  3465 V native-activity: 		EGL_BIND_TO_TEXTURE_RGB: 0
04-11 02:51:38.969  3450  3465 V native-activity: 		EGL_BIND_TO_TEXTURE_RGBA: 1
04-11 02:51:38.969  3450  3465 V native-activity: 		EGL_MIN_SWAP_INTERVAL: 0
04-11 02:51:38.969  3450  3465 V native-activity: 		EGL_MAX_SWAP_INTERVAL: 1
04-11 02:51:38.969  3450  3465 V native-activity: 		EGL_MAX_PBUFFER_WIDTH: 16384
04-11 02:51:38.969  3450  3465 V native-activity: 		EGL_MAX_PBUFFER_HEIGHT: 16384
04-11 02:51:38.969  3450  3465 D native-activity: 	Config 0xee50dec0 index 42
04-11 02:51:38.969  3450  3465 V native-activity: 		EGL_CONFIG_ID: 22
04-11 02:51:38.969  3450  3465 V native-activity: 		EGL_CONFORMANT: 69 EGL_OPENGL_ES_BIT, EGL_OPENGL_ES2_BIT,
04-11 02:51:38.969  3450  3465 V native-activity: 		EGL_CONFIG_CAVEAT: 12344 EGL_NONE,
04-11 02:51:38.969  3450  3465 V native-activity: 		EGL_RENDERABLE_TYPE: 69 EGL_OPENGL_ES_BIT, EGL_OPENGL_ES2_BIT,
04-11 02:51:38.969  3450  3465 V native-activity: 		EGL_SURFACE_TYPE: 1445 EGL_PBUFFER_BIT, EGL_SWAP_BEHAVIOR_PRESERVED_BIT, EGL_VG_COLORSPACE_LINEAR_BIT, EGL_WINDOW_BIT,
04-11 02:51:38.969  3450  3465 V native-activity: 		EGL_LEVEL: 0
04-11 02:51:38.969  3450  3465 V native-activity: 		EGL_COLOR_BUFFER_TYPE: 12430 EGL_RGB_BUFFER,
04-11 02:51:38.969  3450  3465 V native-activity: 		EGL_BUFFER_SIZE: 32
04-11 02:51:38.969  3450  3465 V native-activity: 		EGL_SAMPLES: 2
04-11 02:51:38.969  3450  3465 V native-activity: 		EGL_SAMPLE_BUFFERS: 1
04-11 02:51:38.969  3450  3465 V native-activity: 		EGL_RED_SIZE: 8
04-11 02:51:38.969  3450  3465 V native-activity: 		EGL_GREEN_SIZE: 8
04-11 02:51:38.969  3450  3465 V native-activity: 		EGL_BLUE_SIZE: 8
04-11 02:51:38.969  3450  3465 V native-activity: 		EGL_ALPHA_SIZE: 8
04-11 02:51:38.969  3450  3465 V native-activity: 		EGL_ALPHA_MASK_SIZE: 0
04-11 02:51:38.969  3450  3465 V native-activity: 		EGL_LUMINANCE_SIZE: 0
04-11 02:51:38.969  3450  3465 V native-activity: 		EGL_TRANSPARENT_TYPE: 12344 EGL_NONE,
04-11 02:51:38.969  3450  3465 V native-activity: 		EGL_TRANSPARENT_RED_VALUE: -1
04-11 02:51:38.969  3450  3465 V native-activity: 		EGL_TRANSPARENT_GREEN_VALUE: -1
04-11 02:51:38.969  3450  3465 V native-activity: 		EGL_TRANSPARENT_BLUE_VALUE: -1
04-11 02:51:38.969  3450  3465 V native-activity: 		EGL_STENCIL_SIZE: 0
04-11 02:51:38.969  3450  3465 V native-activity: 		EGL_DEPTH_SIZE: 16
04-11 02:51:38.969  1434  4880 D InputMethodManagerService: windowGainedFocus mCurrentFocusedUserId - 0 and mSecureKeypadEnabled-false
04-11 02:51:38.969  3450  3465 V native-activity: 		EGL_BIND_TO_TEXTURE_RGB: 0
04-11 02:51:38.969  3450  3465 V native-activity: 		EGL_BIND_TO_TEXTURE_RGBA: 1
04-11 02:51:38.969  3450  3465 V native-activity: 		EGL_MIN_SWAP_INTERVAL: 0
04-11 02:51:38.969  1434  2179 D WifiController: ApOrStaEnabledState  msg.what= 155652
04-11 02:51:38.969  3450  3465 V native-activity: 		EGL_MAX_SWAP_INTERVAL: 1
04-11 02:51:38.969  3450  3465 V native-activity: 		EGL_MAX_PBUFFER_WIDTH: 16384
04-11 02:51:38.969  3450  3465 V native-activity: 		EGL_MAX_PBUFFER_HEIGHT: 16384
04-11 02:51:38.969  3450  3465 D native-activity: 	Config 0xee50ded8 index 43
04-11 02:51:38.969  3450  3465 V native-activity: 		EGL_CONFIG_ID: 23
04-11 02:51:38.969  3450  3465 V native-activity: 		EGL_CONFORMANT: 69 EGL_OPENGL_ES_BIT, EGL_OPENGL_ES2_BIT,
04-11 02:51:38.969  3450  3465 V native-activity: 		EGL_CONFIG_CAVEAT: 12344 EGL_NONE,
04-11 02:51:38.969  3450  3465 V native-activity: 		EGL_RENDERABLE_TYPE: 69 EGL_OPENGL_ES_BIT, EGL_OPENGL_ES2_BIT,
04-11 02:51:38.969  3450  3465 V native-activity: 		EGL_SURFACE_TYPE: 1445 EGL_PBUFFER_BIT, EGL_SWAP_BEHAVIOR_PRESERVED_BIT, EGL_VG_COLORSPACE_LINEAR_BIT, EGL_WINDOW_BIT,
04-11 02:51:38.969  3450  3465 V native-activity: 		EGL_LEVEL: 0
04-11 02:51:38.969  3450  3465 V native-activity: 		EGL_COLOR_BUFFER_TYPE: 12430 EGL_RGB_BUFFER,
04-11 02:51:38.969  3450  3465 V native-activity: 		EGL_BUFFER_SIZE: 32
04-11 02:51:38.969  3450  3465 V native-activity: 		EGL_SAMPLES: 2
04-11 02:51:38.969  3450  3465 V native-activity: 		EGL_SAMPLE_BUFFERS: 1
04-11 02:51:38.969  3450  3465 V native-activity: 		EGL_RED_SIZE: 8
04-11 02:51:38.969  3450  3465 V native-activity: 		EGL_GREEN_SIZE: 8
04-11 02:51:38.969  3450  3465 V native-activity: 		EGL_BLUE_SIZE: 8
04-11 02:51:38.969  3450  3465 V native-activity: 		EGL_ALPHA_SIZE: 8
04-11 02:51:38.969  3450  3465 V native-activity: 		EGL_ALPHA_MASK_SIZE: 0
04-11 02:51:38.969  3450  3465 V native-activity: 		EGL_LUMINANCE_SIZE: 0
04-11 02:51:38.969  3450  3465 V native-activity: 		EGL_TRANSPARENT_TYPE: 12344 EGL_NONE,
04-11 02:51:38.969  3450  3465 V native-activity: 		EGL_TRANSPARENT_RED_VALUE: -1
04-11 02:51:38.969  3450  3465 V native-activity: 		EGL_TRANSPARENT_GREEN_VALUE: -1
04-11 02:51:38.969  3450  3465 V native-activity: 		EGL_TRANSPARENT_BLUE_VALUE: -1
04-11 02:51:38.969  3450  3465 V native-activity: 		EGL_STENCIL_SIZE: 8
04-11 02:51:38.969  3450  3465 V native-activity: 		EGL_DEPTH_SIZE: 24
04-11 02:51:38.969  3450  3465 V native-activity: 		EGL_BIND_TO_TEXTURE_RGB: 0
04-11 02:51:38.969  3450  3465 V native-activity: 		EGL_BIND_TO_TEXTURE_RGBA: 1
04-11 02:51:38.969  3450  3465 V native-activity: 		EGL_MIN_SWAP_INTERVAL: 0
04-11 02:51:38.969  3450  3465 V native-activity: 		EGL_MAX_SWAP_INTERVAL: 1
04-11 02:51:38.969  3450  3465 V native-activity: 		EGL_MAX_PBUFFER_WIDTH: 16384
04-11 02:51:38.969  3450  3465 V native-activity: 		EGL_MAX_PBUFFER_HEIGHT: 16384
04-11 02:51:38.969  3450  3465 D native-activity: 	Config 0xee50dfc8 index 44
04-11 02:51:38.969  3450  3465 V native-activity: 		EGL_CONFIG_ID: 33
04-11 02:51:38.969  3450  3465 V native-activity: 		EGL_CONFORMANT: 69 EGL_OPENGL_ES_BIT, EGL_OPENGL_ES2_BIT,
04-11 02:51:38.969  3450  3465 V native-activity: 		EGL_CONFIG_CAVEAT: 12344 EGL_NONE,
04-11 02:51:38.969  3450  3465 V native-activity: 		EGL_RENDERABLE_TYPE: 69 EGL_OPENGL_ES_BIT, EGL_OPENGL_ES2_BIT,
04-11 02:51:38.969  3450  3465 V native-activity: 		EGL_SURFACE_TYPE: 1445 EGL_PBUFFER_BIT, EGL_SWAP_BEHAVIOR_PRESERVED_BIT, EGL_VG_COLORSPACE_LINEAR_BIT, EGL_WINDOW_BIT,
04-11 02:51:38.969  3450  3465 V native-activity: 		EGL_LEVEL: 0
04-11 02:51:38.969  3450  3465 V native-activity: 		EGL_COLOR_BUFFER_TYPE: 12430 EGL_RGB_BUFFER,
04-11 02:51:38.969  3450  3465 V native-activity: 		EGL_BUFFER_SIZE: 32
04-11 02:51:38.969  3450  3465 V native-activity: 		EGL_SAMPLES: 4
04-11 02:51:38.969  3450  3465 V native-activity: 		EGL_SAMPLE_BUFFERS: 1
04-11 02:51:38.969  3450  3465 V native-activity: 		EGL_RED_SIZE: 8
04-11 02:51:38.969  3450  3465 V native-activity: 		EGL_GREEN_SIZE: 8
04-11 02:51:38.969  3450  3465 V native-activity: 		EGL_BLUE_SIZE: 8
04-11 02:51:38.969  3450  3465 V native-activity: 		EGL_ALPHA_SIZE: 8
04-11 02:51:38.969  3450  3465 V native-activity: 		EGL_ALPHA_MASK_SIZE: 0
04-11 02:51:38.969  3450  3465 V native-activity: 		EGL_LUMINANCE_SIZE: 0
04-11 02:51:38.969  3450  3465 V native-activity: 		EGL_TRANSPARENT_TYPE: 12344 EGL_NONE,
04-11 02:51:38.969  3450  3465 V native-activity: 		EGL_TRANSPARENT_RED_VALUE: -1
04-11 02:51:38.969  3450  3465 V native-activity: 		EGL_TRANSPARENT_GREEN_VALUE: -1
04-11 02:51:38.969  3450  3465 V native-activity: 		EGL_TRANSPARENT_BLUE_VALUE: -1
04-11 02:51:38.969  3450  3465 V native-activity: 		EGL_STENCIL_SIZE: 0
04-11 02:51:38.969  3450  3465 V native-activity: 		EGL_DEPTH_SIZE: 0
04-11 02:51:38.969  3450  3465 V native-activity: 		EGL_BIND_TO_TEXTURE_RGB: 0
04-11 02:51:38.969  3450  3465 V native-activity: 		EGL_BIND_TO_TEXTURE_RGBA: 1
04-11 02:51:38.969  3450  3465 V native-activity: 		EGL_MIN_SWAP_INTERVAL: 0
04-11 02:51:38.969  3450  3465 V native-activity: 		EGL_MAX_SWAP_INTERVAL: 1
04-11 02:51:38.969  3450  3465 V native-activity: 		EGL_MAX_PBUFFER_WIDTH: 16384
04-11 02:51:38.969  3450  3465 V native-activity: 		EGL_MAX_PBUFFER_HEIGHT: 16384
04-11 02:51:38.969  3450  3465 D native-activity: 	Config 0xee50e010 index 45
04-11 02:51:38.969  3450  3465 V native-activity: 		EGL_CONFIG_ID: 36
04-11 02:51:38.969  3450  3465 V native-activity: 		EGL_CONFORMANT: 69 EGL_OPENGL_ES_BIT, EGL_OPENGL_ES2_BIT,
04-11 02:51:38.969  3450  3465 V native-activity: 		EGL_CONFIG_CAVEAT: 12344 EGL_NONE,
04-11 02:51:38.969  3450  3465 V native-activity: 		EGL_RENDERABLE_TYPE: 69 EGL_OPENGL_ES_BIT, EGL_OPENGL_ES2_BIT,
04-11 02:51:38.969  3450  3465 V native-activity: 		EGL_SURFACE_TYPE: 1445 EGL_PBUFFER_BIT, EGL_SWAP_BEHAVIOR_PRESERVED_BIT, EGL_VG_COLORSPACE_LINEAR_BIT, EGL_WINDOW_BIT,
04-11 02:51:38.969  3450  3465 V native-activity: 		EGL_LEVEL: 0
04-11 02:51:38.969  3450  3465 V native-activity: 		EGL_COLOR_BUFFER_TYPE: 12430 EGL_RGB_BUFFER,
04-11 02:51:38.969  3450  3465 V native-activity: 		EGL_BUFFER_SIZE: 32
04-11 02:51:38.969  3450  3465 V native-activity: 		EGL_SAMPLES: 4
04-11 02:51:38.969  3450  3465 V native-activity: 		EGL_SAMPLE_BUFFERS: 1
04-11 02:51:38.969  3450  3465 V native-activity: 		EGL_RED_SIZE: 8
04-11 02:51:38.969  3450  3465 V native-activity: 		EGL_GREEN_SIZE: 8
04-11 02:51:38.969  3450  3465 V native-activity: 		EGL_BLUE_SIZE: 8
04-11 02:51:38.969  3450  3465 V native-activity: 		EGL_ALPHA_SIZE: 8
04-11 02:51:38.969  3450  3465 V native-activity: 		EGL_ALPHA_MASK_SIZE: 0
04-11 02:51:38.969  3450  3465 V native-activity: 		EGL_LUMINANCE_SIZE: 0
04-11 02:51:38.969  3450  3465 V native-activity: 		EGL_TRANSPARENT_TYPE: 12344 EGL_NONE,
04-11 02:51:38.969  3450  3465 V native-activity: 		EGL_TRANSPARENT_RED_VALUE: -1
04-11 02:51:38.969  3450  3465 V native-activity: 		EGL_TRANSPARENT_GREEN_VALUE: -1
04-11 02:51:38.969  3450  3465 V native-activity: 		EGL_TRANSPARENT_BLUE_VALUE: -1
04-11 02:51:38.969  3450  3465 V native-activity: 		EGL_STENCIL_SIZE: 8
04-11 02:51:38.969  3450  3465 V native-activity: 		EGL_DEPTH_SIZE: 0
04-11 02:51:38.969  3450  3465 V native-activity: 		EGL_BIND_TO_TEXTURE_RGB: 0
04-11 02:51:38.969  3450  3465 V native-activity: 		EGL_BIND_TO_TEXTURE_RGBA: 1
04-11 02:51:38.969  3450  3465 V native-activity: 		EGL_MIN_SWAP_INTERVAL: 0
04-11 02:51:38.969  3450  3465 V native-activity: 		EGL_MAX_SWAP_INTERVAL: 1
04-11 02:51:38.969  3450  3465 V native-activity: 		EGL_MAX_PBUFFER_WIDTH: 16384
04-11 02:51:38.969  3450  3465 V native-activity: 		EGL_MAX_PBUFFER_HEIGHT: 16384
04-11 02:51:38.969  3450  3465 D native-activity: 	Config 0xee50dfe0 index 46
04-11 02:51:38.969  3450  3465 V native-activity: 		EGL_CONFIG_ID: 34
04-11 02:51:38.969  3450  3465 V native-activity: 		EGL_CONFORMANT: 69 EGL_OPENGL_ES_BIT, EGL_OPENGL_ES2_BIT,
04-11 02:51:38.969  3450  3465 V native-activity: 		EGL_CONFIG_CAVEAT: 12344 EGL_NONE,
04-11 02:51:38.969  3450  3465 V native-activity: 		EGL_RENDERABLE_TYPE: 69 EGL_OPENGL_ES_BIT, EGL_OPENGL_ES2_BIT,
04-11 02:51:38.969  3450  3465 V native-activity: 		EGL_SURFACE_TYPE: 1445 EGL_PBUFFER_BIT, EGL_SWAP_BEHAVIOR_PRESERVED_BIT, EGL_VG_COLORSPACE_LINEAR_BIT, EGL_WINDOW_BIT,
04-11 02:51:38.969  3450  3465 V native-activity: 		EGL_LEVEL: 0
04-11 02:51:38.969  3450  3465 V native-activity: 		EGL_COLOR_BUFFER_TYPE: 12430 EGL_RGB_BUFFER,
04-11 02:51:38.969  3450  3465 V native-activity: 		EGL_BUFFER_SIZE: 32
04-11 02:51:38.969  3450  3465 V native-activity: 		EGL_SAMPLES: 4
04-11 02:51:38.969  3450  3465 V native-activity: 		EGL_SAMPLE_BUFFERS: 1
04-11 02:51:38.969  3450  3465 V native-activity: 		EGL_RED_SIZE: 8
04-11 02:51:38.969  3450  3465 V native-activity: 		EGL_GREEN_SIZE: 8
04-11 02:51:38.969  3450  3465 V native-activity: 		EGL_BLUE_SIZE: 8
04-11 02:51:38.969  3450  3465 V native-activity: 		EGL_ALPHA_SIZE: 8
04-11 02:51:38.969  3450  3465 V native-activity: 		EGL_ALPHA_MASK_SIZE: 0
04-11 02:51:38.969  3450  3465 V native-activity: 		EGL_LUMINANCE_SIZE: 0
04-11 02:51:38.969  3450  3465 V native-activity: 		EGL_TRANSPARENT_TYPE: 12344 EGL_NONE,
04-11 02:51:38.969  3450  3465 V native-activity: 		EGL_TRANSPARENT_RED_VALUE: -1
04-11 02:51:38.969  3450  3465 V native-activity: 		EGL_TRANSPARENT_GREEN_VALUE: -1
04-11 02:51:38.969  3450  3465 V native-activity: 		EGL_TRANSPARENT_BLUE_VALUE: -1
04-11 02:51:38.969  3450  3465 V native-activity: 		EGL_STENCIL_SIZE: 0
04-11 02:51:38.969  3450  3465 V native-activity: 		EGL_DEPTH_SIZE: 16
04-11 02:51:38.969  3450  3465 V native-activity: 		EGL_BIND_TO_TEXTURE_RGB: 0
04-11 02:51:38.969  3450  3465 V native-activity: 		EGL_BIND_TO_TEXTURE_RGBA: 1
04-11 02:51:38.969  3450  3465 V native-activity: 		EGL_MIN_SWAP_INTERVAL: 0
04-11 02:51:38.969  3450  3465 V native-activity: 		EGL_MAX_SWAP_INTERVAL: 1
04-11 02:51:38.969  3450  3465 V native-activity: 		EGL_MAX_PBUFFER_WIDTH: 16384
04-11 02:51:38.969  3450  3465 V native-activity: 		EGL_MAX_PBUFFER_HEIGHT: 16384
04-11 02:51:38.969  3450  3465 D native-activity: 	Config 0xee50dff8 index 47
04-11 02:51:38.969  3450  3465 V native-activity: 		EGL_CONFIG_ID: 35
04-11 02:51:38.969  3450  3465 V native-activity: 		EGL_CONFORMANT: 69 EGL_OPENGL_ES_BIT, EGL_OPENGL_ES2_BIT,
04-11 02:51:38.969  3450  3465 V native-activity: 		EGL_CONFIG_CAVEAT: 12344 EGL_NONE,
04-11 02:51:38.969  3450  3465 V native-activity: 		EGL_RENDERABLE_TYPE: 69 EGL_OPENGL_ES_BIT, EGL_OPENGL_ES2_BIT,
04-11 02:51:38.969  3450  3465 V native-activity: 		EGL_SURFACE_TYPE: 1445 EGL_PBUFFER_BIT, EGL_SWAP_BEHAVIOR_PRESERVED_BIT, EGL_VG_COLORSPACE_LINEAR_BIT, EGL_WINDOW_BIT,
04-11 02:51:38.969  3450  3465 V native-activity: 		EGL_LEVEL: 0
04-11 02:51:38.969  3450  3465 V native-activity: 		EGL_COLOR_BUFFER_TYPE: 12430 EGL_RGB_BUFFER,
04-11 02:51:38.969  3450  3465 V native-activity: 		EGL_BUFFER_SIZE: 32
04-11 02:51:38.969  3450  3465 V native-activity: 		EGL_SAMPLES: 4
04-11 02:51:38.969  3450  3465 V native-activity: 		EGL_SAMPLE_BUFFERS: 1
04-11 02:51:38.969  3450  3465 V native-activity: 		EGL_RED_SIZE: 8
04-11 02:51:38.969  3450  3465 V native-activity: 		EGL_GREEN_SIZE: 8
04-11 02:51:38.969  3450  3465 V native-activity: 		EGL_BLUE_SIZE: 8
04-11 02:51:38.969  3450  3465 V native-activity: 		EGL_ALPHA_SIZE: 8
04-11 02:51:38.969  3450  3465 V native-activity: 		EGL_ALPHA_MASK_SIZE: 0
04-11 02:51:38.969  3450  3465 V native-activity: 		EGL_LUMINANCE_SIZE: 0
04-11 02:51:38.969  3450  3465 V native-activity: 		EGL_TRANSPARENT_TYPE: 12344 EGL_NONE,
04-11 02:51:38.969  3450  3465 V native-activity: 		EGL_TRANSPARENT_RED_VALUE: -1
04-11 02:51:38.969  3450  3465 V native-activity: 		EGL_TRANSPARENT_GREEN_VALUE: -1
04-11 02:51:38.969  3450  3465 V native-activity: 		EGL_TRANSPARENT_BLUE_VALUE: -1
04-11 02:51:38.969  3450  3465 V native-activity: 		EGL_STENCIL_SIZE: 8
04-11 02:51:38.969  3450  3465 V native-activity: 		EGL_DEPTH_SIZE: 24
04-11 02:51:38.969  3450  3465 V native-activity: 		EGL_BIND_TO_TEXTURE_RGB: 0
04-11 02:51:38.969  3450  3465 V native-activity: 		EGL_BIND_TO_TEXTURE_RGBA: 1
04-11 02:51:38.969  3450  3465 V native-activity: 		EGL_MIN_SWAP_INTERVAL: 0
04-11 02:51:38.969  3450  3465 V native-activity: 		EGL_MAX_SWAP_INTERVAL: 1
04-11 02:51:38.969  3450  3465 V native-activity: 		EGL_MAX_PBUFFER_WIDTH: 16384
04-11 02:51:38.969  3450  3465 V native-activity: 		EGL_MAX_PBUFFER_HEIGHT: 16384
04-11 02:51:38.969  3450  3465 D native-activity: 	Config 0xee50e148 index 48
04-11 02:51:38.969  3450  3465 V native-activity: 		EGL_CONFIG_ID: 49
04-11 02:51:38.969  3450  3465 V native-activity: 		EGL_CONFORMANT: 0
04-11 02:51:38.969  3450  3465 V native-activity: 		EGL_CONFIG_CAVEAT: 12369 EGL_NON_CONFORMANT_CONFIG,
04-11 02:51:38.969  3450  3465 V native-activity: 		EGL_RENDERABLE_TYPE: 69 EGL_OPENGL_ES_BIT, EGL_OPENGL_ES2_BIT,
04-11 02:51:38.969  3450  3465 V native-activity: 		EGL_SURFACE_TYPE: 1445 EGL_PBUFFER_BIT, EGL_SWAP_BEHAVIOR_PRESERVED_BIT, EGL_VG_COLORSPACE_LINEAR_BIT, EGL_WINDOW_BIT,
04-11 02:51:38.969  3450  3465 V native-activity: 		EGL_LEVEL: 0
04-11 02:51:38.969  3450  3465 V native-activity: 		EGL_COLOR_BUFFER_TYPE: 13056
04-11 02:51:38.969  3450  3465 V native-activity: 		EGL_BUFFER_SIZE: 0
04-11 02:51:38.969  3450  3465 V native-activity: 		EGL_SAMPLES: 0
04-11 02:51:38.969  3450  3465 V native-activity: 		EGL_SAMPLE_BUFFERS: 0
04-11 02:51:38.969  3450  3465 V native-activity: 		EGL_RED_SIZE: 0
04-11 02:51:38.969  3450  3465 V native-activity: 		EGL_GREEN_SIZE: 0
04-11 02:51:38.969  3450  3465 V native-activity: 		EGL_BLUE_SIZE: 0
04-11 02:51:38.969  3450  3465 V native-activity: 		EGL_ALPHA_SIZE: 0
04-11 02:51:38.969  3450  3465 V native-activity: 		EGL_ALPHA_MASK_SIZE: 0
04-11 02:51:38.969  3450  3465 V native-activity: 		EGL_LUMINANCE_SIZE: 0
04-11 02:51:38.969  3450  3465 V native-activity: 		EGL_TRANSPARENT_TYPE: 12344 EGL_NONE,
04-11 02:51:38.969  3450  3465 V native-activity: 		EGL_TRANSPARENT_RED_VALUE: -1
04-11 02:51:38.969  3450  3465 V native-activity: 		EGL_TRANSPARENT_GREEN_VALUE: -1
04-11 02:51:38.969  3450  3465 V native-activity: 		EGL_TRANSPARENT_BLUE_VALUE: -1
04-11 02:51:38.969  3450  3465 V native-activity: 		EGL_STENCIL_SIZE: 0
04-11 02:51:38.969  3450  3465 V native-activity: 		EGL_DEPTH_SIZE: 0
04-11 02:51:38.969  3450  3465 V native-activity: 		EGL_BIND_TO_TEXTURE_RGB: 1
04-11 02:51:38.969  3450  3465 V native-activity: 		EGL_BIND_TO_TEXTURE_RGBA: 0
04-11 02:51:38.969  3450  3465 V native-activity: 		EGL_MIN_SWAP_INTERVAL: 0
04-11 02:51:38.969  3450  3465 V native-activity: 		EGL_MAX_SWAP_INTERVAL: 1
04-11 02:51:38.969  3450  3465 V native-activity: 		EGL_MAX_PBUFFER_WIDTH: 16384
04-11 02:51:38.969  3450  3465 V native-activity: 		EGL_MAX_PBUFFER_HEIGHT: 16384
04-11 02:51:38.969  3450  3465 D native-activity: 	Config 0xee50e1a8 index 49
04-11 02:51:38.969  3450  3465 V native-activity: 		EGL_CONFIG_ID: 53
04-11 02:51:38.969  3450  3465 V native-activity: 		EGL_CONFORMANT: 0
04-11 02:51:38.969  3450  3465 V native-activity: 		EGL_CONFIG_CAVEAT: 12369 EGL_NON_CONFORMANT_CONFIG,
04-11 02:51:38.969  3450  3465 V native-activity: 		EGL_RENDERABLE_TYPE: 69 EGL_OPENGL_ES_BIT, EGL_OPENGL_ES2_BIT,
04-11 02:51:38.969  3450  3465 V native-activity: 		EGL_SURFACE_TYPE: 1445 EGL_PBUFFER_BIT, EGL_SWAP_BEHAVIOR_PRESERVED_BIT, EGL_VG_COLORSPACE_LINEAR_BIT, EGL_WINDOW_BIT,
04-11 02:51:38.969  3450  3465 V native-activity: 		EGL_LEVEL: 0
04-11 02:51:38.969  3450  3465 V native-activity: 		EGL_COLOR_BUFFER_TYPE: 13056
04-11 02:51:38.969  3450  3465 V native-activity: 		EGL_BUFFER_SIZE: 0
04-11 02:51:38.969  3450  3465 V native-activity: 		EGL_SAMPLES: 0
04-11 02:51:38.969  3450  3465 V native-activity: 		EGL_SAMPLE_BUFFERS: 0
04-11 02:51:38.969  3450  3465 V native-activity: 		EGL_RED_SIZE: 0
04-11 02:51:38.969  3450  3465 V native-activity: 		EGL_GREEN_SIZE: 0
04-11 02:51:38.969  3450  3465 V native-activity: 		EGL_BLUE_SIZE: 0
04-11 02:51:38.969  3450  3465 V native-activity: 		EGL_ALPHA_SIZE: 0
04-11 02:51:38.969  3450  3465 V native-activity: 		EGL_ALPHA_MASK_SIZE: 0
04-11 02:51:38.969  3450  3465 V native-activity: 		EGL_LUMINANCE_SIZE: 0
04-11 02:51:38.969  3450  3465 V native-activity: 		EGL_TRANSPARENT_TYPE: 12344 EGL_NONE,
04-11 02:51:38.969  3450  3465 V native-activity: 		EGL_TRANSPARENT_RED_VALUE: -1
04-11 02:51:38.969  3450  3465 V native-activity: 		EGL_TRANSPARENT_GREEN_VALUE: -1
04-11 02:51:38.969  3450  3465 V native-activity: 		EGL_TRANSPARENT_BLUE_VALUE: -1
04-11 02:51:38.969  3450  3465 V native-activity: 		EGL_STENCIL_SIZE: 0
04-11 02:51:38.969  3450  3465 V native-activity: 		EGL_DEPTH_SIZE: 0
04-11 02:51:38.969  3450  3465 V native-activity: 		EGL_BIND_TO_TEXTURE_RGB: 1
04-11 02:51:38.969  3450  3465 V native-activity: 		EGL_BIND_TO_TEXTURE_RGBA: 0
04-11 02:51:38.969  3450  3465 V native-activity: 		EGL_MIN_SWAP_INTERVAL: 0
04-11 02:51:38.969  3450  3465 V native-activity: 		EGL_MAX_SWAP_INTERVAL: 1
04-11 02:51:38.969  3450  3465 V native-activity: 		EGL_MAX_PBUFFER_WIDTH: 16384
04-11 02:51:38.969  3450  3465 V native-activity: 		EGL_MAX_PBUFFER_HEIGHT: 16384
04-11 02:51:38.969  3450  3465 D native-activity: 	Config 0xee50e208 index 50
04-11 02:51:38.969  3450  3465 V native-activity: 		EGL_CONFIG_ID: 57
04-11 02:51:38.969  3450  3465 V native-activity: 		EGL_CONFORMANT: 0
04-11 02:51:38.969  3450  3465 V native-activity: 		EGL_CONFIG_CAVEAT: 12369 EGL_NON_CONFORMANT_CONFIG,
04-11 02:51:38.969  3450  3465 V native-activity: 		EGL_RENDERABLE_TYPE: 69 EGL_OPENGL_ES_BIT, EGL_OPENGL_ES2_BIT,
04-11 02:51:38.969  3450  3465 V native-activity: 		EGL_SURFACE_TYPE: 1445 EGL_PBUFFER_BIT, EGL_SWAP_BEHAVIOR_PRESERVED_BIT, EGL_VG_COLORSPACE_LINEAR_BIT, EGL_WINDOW_BIT,
04-11 02:51:38.969  3450  3465 V native-activity: 		EGL_LEVEL: 0
04-11 02:51:38.969  3450  3465 V native-activity: 		EGL_COLOR_BUFFER_TYPE: 13056
04-11 02:51:38.969  3450  3465 V native-activity: 		EGL_BUFFER_SIZE: 0
04-11 02:51:38.969  3450  3465 V native-activity: 		EGL_SAMPLES: 0
04-11 02:51:38.969  3450  3465 V native-activity: 		EGL_SAMPLE_BUFFERS: 0
04-11 02:51:38.969  3450  3465 V native-activity: 		EGL_RED_SIZE: 0
04-11 02:51:38.969  3450  3465 V native-activity: 		EGL_GREEN_SIZE: 0
04-11 02:51:38.969  3450  3465 V native-activity: 		EGL_BLUE_SIZE: 0
04-11 02:51:38.969  3450  3465 V native-activity: 		EGL_ALPHA_SIZE: 0
04-11 02:51:38.969  3450  3465 V native-activity: 		EGL_ALPHA_MASK_SIZE: 0
04-11 02:51:38.969  3450  3465 V native-activity: 		EGL_LUMINANCE_SIZE: 0
04-11 02:51:38.969  3450  3465 V native-activity: 		EGL_TRANSPARENT_TYPE: 12344 EGL_NONE,
04-11 02:51:38.969  3450  3465 V native-activity: 		EGL_TRANSPARENT_RED_VALUE: -1
04-11 02:51:38.969  3450  3465 V native-activity: 		EGL_TRANSPARENT_GREEN_VALUE: -1
04-11 02:51:38.969  3450  3465 V native-activity: 		EGL_TRANSPARENT_BLUE_VALUE: -1
04-11 02:51:38.969  3450  3465 V native-activity: 		EGL_STENCIL_SIZE: 0
04-11 02:51:38.969  3450  3465 V native-activity: 		EGL_DEPTH_SIZE: 0
04-11 02:51:38.969  3450  3465 V native-activity: 		EGL_BIND_TO_TEXTURE_RGB: 1
04-11 02:51:38.969  3450  3465 V native-activity: 		EGL_BIND_TO_TEXTURE_RGBA: 0
04-11 02:51:38.969  3450  3465 V native-activity: 		EGL_MIN_SWAP_INTERVAL: 0
04-11 02:51:38.969  3450  3465 V native-activity: 		EGL_MAX_SWAP_INTERVAL: 1
04-11 02:51:38.969  3450  3465 V native-activity: 		EGL_MAX_PBUFFER_WIDTH: 16384
04-11 02:51:38.969  3450  3465 V native-activity: 		EGL_MAX_PBUFFER_HEIGHT: 16384
04-11 02:51:38.969  3450  3465 D native-activity: 	Config 0xee50e190 index 51
04-11 02:51:38.969  3450  3465 V native-activity: 		EGL_CONFIG_ID: 52
04-11 02:51:38.969  3450  3465 V native-activity: 		EGL_CONFORMANT: 0
04-11 02:51:38.969  3450  3465 V native-activity: 		EGL_CONFIG_CAVEAT: 12369 EGL_NON_CONFORMANT_CONFIG,
04-11 02:51:38.969  3450  3465 V native-activity: 		EGL_RENDERABLE_TYPE: 69 EGL_OPENGL_ES_BIT, EGL_OPENGL_ES2_BIT,
04-11 02:51:38.969  3450  3465 V native-activity: 		EGL_SURFACE_TYPE: 1445 EGL_PBUFFER_BIT, EGL_SWAP_BEHAVIOR_PRESERVED_BIT, EGL_VG_COLORSPACE_LINEAR_BIT, EGL_WINDOW_BIT,
04-11 02:51:38.969  3450  3465 V native-activity: 		EGL_LEVEL: 0
04-11 02:51:38.969  3450  3465 V native-activity: 		EGL_COLOR_BUFFER_TYPE: 13056
04-11 02:51:38.969  3450  3465 V native-activity: 		EGL_BUFFER_SIZE: 0
04-11 02:51:38.969  3450  3465 V native-activity: 		EGL_SAMPLES: 0
04-11 02:51:38.969  3450  3465 V native-activity: 		EGL_SAMPLE_BUFFERS: 0
04-11 02:51:38.969  3450  3465 V native-activity: 		EGL_RED_SIZE: 0
04-11 02:51:38.969  3450  3465 V native-activity: 		EGL_GREEN_SIZE: 0
