04-13 01:19:48.702  3806  3819 I native-activity: Swap 155 time is 3.975ms
04-13 01:19:48.702  3806  3819 I native-activity: Animating
04-13 01:19:48.702  3806  3819 I native-activity: Frame 156 GL error is 0x0
04-13 01:19:48.702  3806  3819 I native-activity: Frame 156 time is 0.739ms
04-13 01:19:48.712  3806  3819 I native-activity: Swap 156 time is 4.469ms
04-13 01:19:48.712  3806  3819 I native-activity: Animating
04-13 01:19:48.712  3806  3819 I native-activity: Frame 157 GL error is 0x0
04-13 01:19:48.712  3806  3819 I native-activity: Frame 157 time is 0.794ms
04-13 01:19:48.712  3806  3819 I native-activity: Swap 157 time is 3.631ms
04-13 01:19:48.712  3806  3819 I native-activity: Animating
04-13 01:19:48.712  3806  3819 I native-activity: Frame 158 GL error is 0x0
04-13 01:19:48.712  3806  3819 I native-activity: Frame 158 time is 0.696ms
04-13 01:19:48.712  3806  3819 I native-activity: Swap 158 time is 3.821ms
04-13 01:19:48.712  3806  3819 I native-activity: Animating
04-13 01:19:48.712  3806  3819 I native-activity: Frame 159 GL error is 0x0
04-13 01:19:48.712  3806  3819 I native-activity: Frame 159 time is 0.820ms
04-13 01:19:48.722  3806  3819 I native-activity: Swap 159 time is 3.818ms
04-13 01:19:48.722  3806  3819 I native-activity: Animating
04-13 01:19:48.722  3806  3819 I native-activity: Frame 160 GL error is 0x0
04-13 01:19:48.722  3806  3819 I native-activity: Frame 160 time is 1.197ms
04-13 01:19:48.722  3806  3819 I native-activity: Swap 160 time is 3.961ms
04-13 01:19:48.722  3806  3819 I native-activity: Animating
04-13 01:19:48.722  3806  3819 I native-activity: Frame 161 GL error is 0x0
04-13 01:19:48.722  3806  3819 I native-activity: Frame 161 time is 1.030ms
04-13 01:19:48.732  3806  3819 I native-activity: Swap 161 time is 3.806ms
04-13 01:19:48.732  3806  3819 I native-activity: Animating
04-13 01:19:48.732  3806  3819 I native-activity: Frame 162 GL error is 0x0
04-13 01:19:48.732  3806  3819 I native-activity: Frame 162 time is 1.018ms
04-13 01:19:48.732  3806  3819 I native-activity: Swap 162 time is 4.436ms
04-13 01:19:48.732  3806  3819 I native-activity: Animating
04-13 01:19:48.732  3806  3819 I native-activity: Frame 163 GL error is 0x0
04-13 01:19:48.732  3806  3819 I native-activity: Frame 163 time is 1.024ms
04-13 01:19:48.732  3806  3819 I native-activity: Swap 163 time is 3.377ms
04-13 01:19:48.732  3806  3819 I native-activity: Animating
04-13 01:19:48.742  3806  3819 I native-activity: Frame 164 GL error is 0x0
04-13 01:19:48.742  3806  3819 I native-activity: Frame 164 time is 1.439ms
04-13 01:19:48.742  3806  3819 I native-activity: Swap 164 time is 3.670ms
04-13 01:19:48.742  3806  3819 I native-activity: Animating
04-13 01:19:48.742  3806  3819 I native-activity: Frame 165 GL error is 0x0
04-13 01:19:48.742  3806  3819 I native-activity: Frame 165 time is 1.036ms
04-13 01:19:48.742  3806  3819 I native-activity: Swap 165 time is 4.028ms
04-13 01:19:48.742  3806  3819 I native-activity: Animating
04-13 01:19:48.742  3806  3819 I native-activity: Frame 166 GL error is 0x0
04-13 01:19:48.742  3806  3819 I native-activity: Frame 166 time is 0.955ms
04-13 01:19:48.752  3806  3819 I native-activity: Swap 166 time is 3.829ms
04-13 01:19:48.752  3806  3819 I native-activity: Animating
04-13 01:19:48.752  3806  3819 I native-activity: Frame 167 GL error is 0x0
04-13 01:19:48.752  3806  3819 I native-activity: Frame 167 time is 1.007ms
04-13 01:19:48.752  3806  3819 I native-activity: Swap 167 time is 4.011ms
04-13 01:19:48.752  3806  3819 I native-activity: Animating
04-13 01:19:48.752  3806  3819 I native-activity: Frame 168 GL error is 0x0
04-13 01:19:48.752  3806  3819 I native-activity: Frame 168 time is 1.018ms
04-13 01:19:48.752  3806  3819 I native-activity: Swap 168 time is 3.722ms
04-13 01:19:48.762  3806  3819 I native-activity: Animating
04-13 01:19:48.762  3806  3819 I native-activity: Frame 169 GL error is 0x0
04-13 01:19:48.762  3806  3819 I native-activity: Frame 169 time is 1.096ms
04-13 01:19:48.762  3806  3819 I native-activity: Swap 169 time is 3.720ms
04-13 01:19:48.762  3806  3819 I native-activity: Animating
04-13 01:19:48.762  3806  3819 I native-activity: Frame 170 GL error is 0x0
04-13 01:19:48.762  3806  3819 I native-activity: Frame 170 time is 1.685ms
04-13 01:19:48.762  3806  3819 I native-activity: Swap 170 time is 3.886ms
04-13 01:19:48.762  3806  3819 I native-activity: Animating
04-13 01:19:48.762  3806  3819 I native-activity: Frame 171 GL error is 0x0
04-13 01:19:48.762  3806  3819 I native-activity: Frame 171 time is 1.014ms
04-13 01:19:48.772  3806  3819 I native-activity: Swap 171 time is 4.604ms
04-13 01:19:48.772  3806  3819 I native-activity: Animating
04-13 01:19:48.772  3806  3819 I native-activity: Frame 172 GL error is 0x0
04-13 01:19:48.772  3806  3819 I native-activity: Frame 172 time is 1.155ms
04-13 01:19:48.772  3806  3819 I native-activity: Swap 172 time is 2.916ms
04-13 01:19:48.772  3806  3819 I native-activity: Animating
04-13 01:19:48.772  3806  3819 I native-activity: Frame 173 GL error is 0x0
04-13 01:19:48.772  3806  3819 I native-activity: Frame 173 time is 1.031ms
04-13 01:19:48.782  3806  3819 I native-activity: Swap 173 time is 3.926ms
04-13 01:19:48.782  3806  3819 I native-activity: Animating
04-13 01:19:48.782  3806  3819 I native-activity: Frame 174 GL error is 0x0
04-13 01:19:48.782  3806  3819 I native-activity: Frame 174 time is 1.068ms
04-13 01:19:48.782  3806  3819 I native-activity: Swap 174 time is 3.944ms
04-13 01:19:48.782  3806  3819 I native-activity: Animating
04-13 01:19:48.782  3806  3819 I native-activity: Frame 175 GL error is 0x0
04-13 01:19:48.782  3806  3819 I native-activity: Frame 175 time is 1.064ms
04-13 01:19:48.782  3806  3819 I native-activity: Swap 175 time is 3.786ms
04-13 01:19:48.782  3806  3819 I native-activity: Animating
04-13 01:19:48.782  3806  3819 I native-activity: Frame 176 GL error is 0x0
04-13 01:19:48.792  3806  3819 I native-activity: Frame 176 time is 1.117ms
04-13 01:19:48.792  3806  3819 I native-activity: Swap 176 time is 3.744ms
04-13 01:19:48.792  3806  3819 I native-activity: Animating
04-13 01:19:48.792  3806  3819 I native-activity: Frame 177 GL error is 0x0
04-13 01:19:48.792  3806  3819 I native-activity: Frame 177 time is 1.074ms
04-13 01:19:48.792  3806  3819 I native-activity: Swap 177 time is 3.698ms
04-13 01:19:48.792  3806  3819 I native-activity: Animating
04-13 01:19:48.792  3806  3819 I native-activity: Frame 178 GL error is 0x0
04-13 01:19:48.792  3806  3819 I native-activity: Frame 178 time is 1.080ms
04-13 01:19:48.802  3806  3819 I native-activity: Swap 178 time is 4.173ms
04-13 01:19:48.802  3806  3819 I native-activity: Animating
04-13 01:19:48.802  3806  3819 I native-activity: Frame 179 GL error is 0x0
04-13 01:19:48.802  3806  3819 I native-activity: Frame 179 time is 1.480ms
04-13 01:19:48.802  3806  3819 I native-activity: Swap 179 time is 3.656ms
04-13 01:19:48.802  3806  3819 I native-activity: Animating
04-13 01:19:48.802  3806  3819 I native-activity: Frame 180 GL error is 0x0
04-13 01:19:48.802  3806  3819 I native-activity: Frame 180 time is 0.983ms
04-13 01:19:48.802  3806  3819 I native-activity: Swap 180 time is 3.759ms
04-13 01:19:48.802  3806  3819 I native-activity: Animating
04-13 01:19:48.812  3806  3819 I native-activity: Frame 181 GL error is 0x0
04-13 01:19:48.812  3806  3819 I native-activity: Frame 181 time is 1.323ms
04-13 01:19:48.812  3806  3819 I native-activity: Swap 181 time is 3.977ms
04-13 01:19:48.812  3806  3819 I native-activity: Animating
04-13 01:19:48.812  3806  3819 I native-activity: Frame 182 GL error is 0x0
04-13 01:19:48.812  3806  3819 I native-activity: Frame 182 time is 1.071ms
04-13 01:19:48.812  3806  3819 I native-activity: Swap 182 time is 3.673ms
04-13 01:19:48.812  3806  3819 I native-activity: Animating
04-13 01:19:48.812  3806  3819 I native-activity: Frame 183 GL error is 0x0
04-13 01:19:48.812  3806  3819 I native-activity: Frame 183 time is 1.014ms
04-13 01:19:48.822  3806  3819 I native-activity: Swap 183 time is 3.796ms
04-13 01:19:48.822  3806  3819 I native-activity: Animating
04-13 01:19:48.822  3806  3819 I native-activity: Frame 184 GL error is 0x0
04-13 01:19:48.822  3806  3819 I native-activity: Frame 184 time is 1.097ms
04-13 01:19:48.822  3806  3819 I native-activity: Swap 184 time is 3.934ms
04-13 01:19:48.822  3806  3819 I native-activity: Animating
04-13 01:19:48.822  3806  3819 I native-activity: Frame 185 GL error is 0x0
04-13 01:19:48.822  3806  3819 I native-activity: Frame 185 time is 1.008ms
04-13 01:19:48.822  3806  3819 I native-activity: Swap 185 time is 3.905ms
04-13 01:19:48.832  3806  3819 I native-activity: Animating
04-13 01:19:48.832  3806  3819 I native-activity: Frame 186 GL error is 0x0
04-13 01:19:48.832  3806  3819 I native-activity: Frame 186 time is 1.051ms
04-13 01:19:48.832  3806  3819 I native-activity: Swap 186 time is 3.691ms
04-13 01:19:48.832  3806  3819 I native-activity: Animating
04-13 01:19:48.832  3806  3819 I native-activity: Frame 187 GL error is 0x0
04-13 01:19:48.832  3806  3819 I native-activity: Frame 187 time is 1.015ms
04-13 01:19:48.832  2381  2381 D Recents : onTaskStackChanged
04-13 01:19:48.842  3806  3819 I native-activity: Swap 187 time is 6.869ms
04-13 01:19:48.842  3806  3819 I native-activity: Animating
04-13 01:19:48.842  3806  3819 I native-activity: Frame 188 GL error is 0x0
04-13 01:19:48.842  3806  3819 I native-activity: Frame 188 time is 0.543ms
04-13 01:19:48.842  3806  3819 I native-activity: Swap 188 time is 0.879ms
04-13 01:19:48.842  3806  3819 I native-activity: Animating
04-13 01:19:48.842  3806  3819 I native-activity: Frame 189 GL error is 0x0
04-13 01:19:48.842  3806  3819 I native-activity: Frame 189 time is 0.337ms
04-13 01:19:48.842  3806  3819 I native-activity: Swap 189 time is 3.245ms
04-13 01:19:48.842  3806  3819 I native-activity: Animating
04-13 01:19:48.842  3806  3819 I native-activity: Frame 190 GL error is 0x0
04-13 01:19:48.842  3806  3819 I native-activity: Frame 190 time is 0.417ms
04-13 01:19:48.852  3806  3819 I native-activity: Swap 190 time is 4.480ms
04-13 01:19:48.852  3806  3819 I native-activity: Animating
04-13 01:19:48.852  3806  3819 I native-activity: Frame 191 GL error is 0x0
04-13 01:19:48.852  3806  3819 I native-activity: Frame 191 time is 0.489ms
04-13 01:19:48.852  3806  3819 I native-activity: Swap 191 time is 3.657ms
04-13 01:19:48.852  3806  3819 I native-activity: Animating
04-13 01:19:48.852  3806  3819 I native-activity: Frame 192 GL error is 0x0
04-13 01:19:48.852  3806  3819 I native-activity: Frame 192 time is 0.382ms
04-13 01:19:48.852  3806  3819 I native-activity: Swap 192 time is 3.909ms
04-13 01:19:48.852  3806  3819 I native-activity: Animating
04-13 01:19:48.852  3806  3819 I native-activity: Frame 193 GL error is 0x0
04-13 01:19:48.852  3806  3819 I native-activity: Frame 193 time is 0.463ms
04-13 01:19:48.862  3806  3819 I native-activity: Swap 193 time is 4.102ms
04-13 01:19:48.862  3806  3819 I native-activity: Animating
04-13 01:19:48.862  3806  3819 I native-activity: Frame 194 GL error is 0x0
04-13 01:19:48.862  3806  3819 I native-activity: Frame 194 time is 0.503ms
04-13 01:19:48.862  3806  3819 I native-activity: Swap 194 time is 5.031ms
04-13 01:19:48.862  3806  3819 I native-activity: Animating
04-13 01:19:48.862  3806  3819 I native-activity: Frame 195 GL error is 0x0
04-13 01:19:48.862  3806  3819 I native-activity: Frame 195 time is 0.957ms
04-13 01:19:48.872  3806  3819 I native-activity: Swap 195 time is 4.428ms
04-13 01:19:48.872  3806  3819 I native-activity: Animating
04-13 01:19:48.872  3806  3819 I native-activity: Frame 196 GL error is 0x0
04-13 01:19:48.872  3806  3819 I native-activity: Frame 196 time is 1.019ms
04-13 01:19:48.872  3806  3819 I native-activity: Swap 196 time is 2.678ms
04-13 01:19:48.872  3806  3819 I native-activity: Animating
04-13 01:19:48.872  3806  3819 I native-activity: Frame 197 GL error is 0x0
04-13 01:19:48.872  3806  3819 I native-activity: Frame 197 time is 0.945ms
04-13 01:19:48.872  3806  3819 I native-activity: Swap 197 time is 3.957ms
04-13 01:19:48.882  3806  3819 I native-activity: Animating
04-13 01:19:48.882  3806  3819 I native-activity: Frame 198 GL error is 0x0
04-13 01:19:48.882  3806  3819 I native-activity: Frame 198 time is 0.802ms
04-13 01:19:48.882  3806  3819 I native-activity: Swap 198 time is 3.124ms
04-13 01:19:48.882  3806  3819 I native-activity: Animating
04-13 01:19:48.882  3806  3819 I native-activity: Frame 199 GL error is 0x0
04-13 01:19:48.882  3806  3819 I native-activity: Frame 199 time is 0.787ms
04-13 01:19:48.882  3806  3819 I native-activity: Swap 199 time is 4.157ms
04-13 01:19:48.882  3806  3819 I native-activity: Animating
04-13 01:19:48.882  3806  3819 I native-activity: Frame 200 GL error is 0x0
04-13 01:19:48.882  3806  3819 I native-activity: Frame 200 time is 0.721ms
04-13 01:19:48.892  3806  3819 I native-activity: Swap 200 time is 3.893ms
04-13 01:19:48.892  3806  3819 I native-activity: Animating
04-13 01:19:48.892  3806  3819 I native-activity: Frame 201 GL error is 0x0
04-13 01:19:48.892  3806  3819 I native-activity: Frame 201 time is 0.441ms
04-13 01:19:48.892  3806  3819 I native-activity: Swap 201 time is 4.024ms
04-13 01:19:48.892  3806  3819 I native-activity: Animating
04-13 01:19:48.892  3806  3819 I native-activity: Frame 202 GL error is 0x0
04-13 01:19:48.892  3806  3819 I native-activity: Frame 202 time is 0.493ms
04-13 01:19:48.902  3806  3819 I native-activity: Swap 202 time is 4.739ms
04-13 01:19:48.902  3806  3819 I native-activity: Animating
04-13 01:19:48.902  3806  3819 I native-activity: Frame 203 GL error is 0x0
04-13 01:19:48.902  3806  3819 I native-activity: Frame 203 time is 0.587ms
04-13 01:19:48.902  3806  3819 I native-activity: Swap 203 time is 3.404ms
04-13 01:19:48.902  3806  3819 I native-activity: Animating
04-13 01:19:48.902  3806  3819 I native-activity: Frame 204 GL error is 0x0
04-13 01:19:48.902  3806  3819 I native-activity: Frame 204 time is 0.642ms
04-13 01:19:48.902  3806  3819 I native-activity: Swap 204 time is 4.148ms
04-13 01:19:48.902  3806  3819 I native-activity: Animating
04-13 01:19:48.902  3806  3819 I native-activity: Frame 205 GL error is 0x0
04-13 01:19:48.912  3806  3819 I native-activity: Frame 205 time is 0.930ms
04-13 01:19:48.912  3806  3819 I native-activity: Swap 205 time is 4.091ms
04-13 01:19:48.912  3806  3819 I native-activity: Animating
04-13 01:19:48.912  3806  3819 I native-activity: Frame 206 GL error is 0x0
04-13 01:19:48.912  3806  3819 I native-activity: Frame 206 time is 0.424ms
04-13 01:19:48.912  3806  3819 I native-activity: Swap 206 time is 4.113ms
04-13 01:19:48.912  3806  3819 I native-activity: Animating
04-13 01:19:48.912  3806  3819 I native-activity: Frame 207 GL error is 0x0
04-13 01:19:48.912  3806  3819 I native-activity: Frame 207 time is 0.442ms
04-13 01:19:48.922  3806  3819 I native-activity: Swap 207 time is 3.947ms
04-13 01:19:48.922  3806  3819 I native-activity: Animating
04-13 01:19:48.922  3806  3819 I native-activity: Frame 208 GL error is 0x0
04-13 01:19:48.922  3806  3819 I native-activity: Frame 208 time is 0.632ms
04-13 01:19:48.922  3806  3819 I native-activity: Swap 208 time is 4.108ms
04-13 01:19:48.922  3806  3819 I native-activity: Animating
04-13 01:19:48.922  3806  3819 I native-activity: Frame 209 GL error is 0x0
04-13 01:19:48.922  3806  3819 I native-activity: Frame 209 time is 0.671ms
04-13 01:19:48.932  3806  3819 I native-activity: Swap 209 time is 4.136ms
04-13 01:19:48.932  3806  3819 I native-activity: Animating
04-13 01:19:48.932  3806  3819 I native-activity: Frame 210 GL error is 0x0
04-13 01:19:48.932  3806  3819 I native-activity: Frame 210 time is 0.486ms
04-13 01:19:48.932  3806  3819 I native-activity: Swap 210 time is 4.025ms
04-13 01:19:48.932  3806  3819 I native-activity: Animating
04-13 01:19:48.932  3806  3819 I native-activity: Frame 211 GL error is 0x0
04-13 01:19:48.932  3806  3819 I native-activity: Frame 211 time is 0.346ms
04-13 01:19:48.932  3806  3819 I native-activity: Swap 211 time is 3.898ms
04-13 01:19:48.932  3806  3819 I native-activity: Animating
04-13 01:19:48.932  3806  3819 I native-activity: Frame 212 GL error is 0x0
04-13 01:19:48.932  3806  3819 I native-activity: Frame 212 time is 0.502ms
04-13 01:19:48.942  3806  3819 I native-activity: Swap 212 time is 3.897ms
04-13 01:19:48.942  3806  3819 I native-activity: Animating
04-13 01:19:48.942  3806  3819 I native-activity: Frame 213 GL error is 0x0
04-13 01:19:48.942  3806  3819 I native-activity: Frame 213 time is 0.349ms
04-13 01:19:48.942  3806  3819 I native-activity: Swap 213 time is 4.018ms
04-13 01:19:48.942  3806  3819 I native-activity: Animating
04-13 01:19:48.942  3806  3819 I native-activity: Frame 214 GL error is 0x0
04-13 01:19:48.942  3806  3819 I native-activity: Frame 214 time is 0.275ms
04-13 01:19:48.952  3806  3819 I native-activity: Swap 214 time is 4.126ms
04-13 01:19:48.952  3806  3819 I native-activity: Animating
04-13 01:19:48.952  3806  3819 I native-activity: Frame 215 GL error is 0x0
04-13 01:19:48.952  3806  3819 I native-activity: Frame 215 time is 0.228ms
04-13 01:19:48.952  3806  3819 I native-activity: Swap 215 time is 3.947ms
04-13 01:19:48.952  3806  3819 I native-activity: Animating
04-13 01:19:48.952  3806  3819 I native-activity: Frame 216 GL error is 0x0
04-13 01:19:48.952  3806  3819 I native-activity: Frame 216 time is 0.305ms
04-13 01:19:48.952  3806  3819 I native-activity: Swap 216 time is 4.046ms
04-13 01:19:48.952  3806  3819 I native-activity: Animating
04-13 01:19:48.952  3806  3819 I native-activity: Frame 217 GL error is 0x0
04-13 01:19:48.952  3806  3819 I native-activity: Frame 217 time is 0.229ms
04-13 01:19:48.962  3806  3819 I native-activity: Swap 217 time is 4.091ms
04-13 01:19:48.962  3806  3819 I native-activity: Animating
04-13 01:19:48.962  3806  3819 I native-activity: Frame 218 GL error is 0x0
04-13 01:19:48.962  3806  3819 I native-activity: Frame 218 time is 0.374ms
04-13 01:19:48.962  3806  3819 I native-activity: Swap 218 time is 3.951ms
04-13 01:19:48.962  3806  3819 I native-activity: Animating
04-13 01:19:48.962  3806  3819 I native-activity: Frame 219 GL error is 0x0
04-13 01:19:48.962  3806  3819 I native-activity: Frame 219 time is 0.351ms
04-13 01:19:48.972  3806  3819 I native-activity: Swap 219 time is 4.163ms
04-13 01:19:48.972  3806  3819 I native-activity: Animating
04-13 01:19:48.972  3806  3819 I native-activity: Frame 220 GL error is 0x0
04-13 01:19:48.972  3806  3819 I native-activity: Frame 220 time is 0.369ms
04-13 01:19:48.972  3806  3819 I native-activity: Swap 220 time is 3.960ms
04-13 01:19:48.972  3806  3819 I native-activity: Animating
04-13 01:19:48.972  3806  3819 I native-activity: Frame 221 GL error is 0x0
04-13 01:19:48.972  3806  3819 I native-activity: Frame 221 time is 0.301ms
04-13 01:19:48.972  3806  3819 I native-activity: Swap 221 time is 4.208ms
04-13 01:19:48.972  3806  3819 I native-activity: Animating
04-13 01:19:48.982  3806  3819 I native-activity: Frame 222 GL error is 0x0
04-13 01:19:48.982  3806  3819 I native-activity: Frame 222 time is 0.472ms
04-13 01:19:48.982  3806  3819 I native-activity: Swap 222 time is 4.219ms
04-13 01:19:48.982  3806  3819 I native-activity: Animating
04-13 01:19:48.982  3806  3819 I native-activity: Frame 223 GL error is 0x0
04-13 01:19:48.982  3806  3819 I native-activity: Frame 223 time is 0.403ms
04-13 01:19:48.982  3806  3819 I native-activity: Swap 223 time is 3.873ms
04-13 01:19:48.982  3806  3819 I native-activity: Animating
04-13 01:19:48.982  3806  3819 I native-activity: Frame 224 GL error is 0x0
04-13 01:19:48.982  3806  3819 I native-activity: Frame 224 time is 0.384ms
04-13 01:19:48.992  3806  3819 I native-activity: Swap 224 time is 4.080ms
04-13 01:19:48.992  3806  3819 I native-activity: Animating
04-13 01:19:49.102  3806  3819 I native-activity: Frame 225 GL error is 0x501
04-13 01:19:49.102  3806  3819 I native-activity: Frame 225 time is 114.759ms
04-13 01:19:49.112  3806  3819 I native-activity: Swap 225 time is 119.584ms
04-13 01:19:49.112  3806  3819 I native-activity: Animating
04-13 01:19:49.112  3806  3819 I native-activity: Frame 226 GL error is 0x0
04-13 01:19:49.112  3806  3819 I native-activity: Frame 226 time is 0.647ms
04-13 01:19:49.112  3806  3819 I native-activity: Swap 226 time is 1.467ms
04-13 01:19:49.112  3806  3819 I native-activity: Animating
04-13 01:19:49.112  3806  3819 I native-activity: Frame 227 GL error is 0x0
04-13 01:19:49.112  3806  3819 I native-activity: Frame 227 time is 3.778ms
04-13 01:19:49.112  3806  3819 I native-activity: Swap 227 time is 4.956ms
04-13 01:19:49.112  3806  3819 I native-activity: Animating
04-13 01:19:49.122  3806  3819 I native-activity: Frame 228 GL error is 0x0
04-13 01:19:49.122  3806  3819 I native-activity: Frame 228 time is 2.027ms
04-13 01:19:49.122  3806  3819 I native-activity: Swap 228 time is 2.778ms
04-13 01:19:49.122  3806  3819 I native-activity: Animating
04-13 01:19:49.122  3806  3819 I native-activity: Frame 229 GL error is 0x0
04-13 01:19:49.122  3806  3819 I native-activity: Frame 229 time is 1.738ms
04-13 01:19:49.122  3806  3819 I native-activity: Swap 229 time is 2.426ms
04-13 01:19:49.122  3806  3819 I native-activity: Animating
04-13 01:19:49.122  3806  3819 I native-activity: Frame 230 GL error is 0x0
04-13 01:19:49.122  3806  3819 I native-activity: Frame 230 time is 1.771ms
04-13 01:19:49.122  3806  3819 I native-activity: Swap 230 time is 2.443ms
04-13 01:19:49.122  3806  3819 I native-activity: Animating
04-13 01:19:49.122  3806  3819 I native-activity: Frame 231 GL error is 0x0
04-13 01:19:49.122  3806  3819 I native-activity: Frame 231 time is 1.798ms
04-13 01:19:49.122  3806  3819 I native-activity: Swap 231 time is 2.108ms
04-13 01:19:49.122  3806  3819 I native-activity: Animating
04-13 01:19:49.132  3806  3819 I native-activity: Frame 232 GL error is 0x501
04-13 01:19:49.132  3806  3819 I native-activity: Frame 232 time is 9.173ms
04-13 01:19:49.132  3806  3819 I native-activity: Swap 232 time is 9.772ms
04-13 01:19:49.132  3806  3819 I native-activity: Animating
04-13 01:19:49.142  3806  3819 I native-activity: Frame 233 GL error is 0x501
04-13 01:19:49.142  3806  3819 I native-activity: Frame 233 time is 8.103ms
04-13 01:19:49.142  3806  3819 I native-activity: Swap 233 time is 8.361ms
04-13 01:19:49.142  3806  3819 I native-activity: Animating
04-13 01:19:49.142  3806  3819 I native-activity: Frame 234 GL error is 0x0
04-13 01:19:49.142  3806  3819 I native-activity: Frame 234 time is 1.640ms
04-13 01:19:49.142  3806  3819 I native-activity: Swap 234 time is 1.896ms
04-13 01:19:49.142  3806  3819 I native-activity: Animating
04-13 01:19:49.142  3806  3819 I native-activity: Frame 235 GL error is 0x0
04-13 01:19:49.142  3806  3819 I native-activity: Frame 235 time is 0.636ms
04-13 01:19:49.152  3806  3819 I native-activity: Swap 235 time is 1.170ms
04-13 01:19:49.152  3806  3819 I native-activity: Animating
04-13 01:19:49.152  3806  3819 I native-activity: Frame 236 GL error is 0x0
04-13 01:19:49.152  3806  3819 I native-activity: Frame 236 time is 0.888ms
04-13 01:19:49.152  3806  3819 I native-activity: Swap 236 time is 1.438ms
04-13 01:19:49.152  3806  3819 I native-activity: Animating
04-13 01:19:49.152  3806  3819 I native-activity: Frame 237 GL error is 0x0
04-13 01:19:49.152  3806  3819 I native-activity: Frame 237 time is 0.814ms
04-13 01:19:49.152  3806  3819 I native-activity: Swap 237 time is 1.300ms
04-13 01:19:49.152  3806  3819 I native-activity: Animating
04-13 01:19:49.152  3806  3819 I native-activity: Frame 238 GL error is 0x0
04-13 01:19:49.152  3806  3819 I native-activity: Frame 238 time is 0.798ms
04-13 01:19:49.152  3806  3819 I native-activity: Swap 238 time is 1.376ms
04-13 01:19:49.152  3806  3819 I native-activity: Animating
04-13 01:19:49.152  3806  3819 I native-activity: Frame 239 GL error is 0x0
04-13 01:19:49.152  3806  3819 I native-activity: Frame 239 time is 0.857ms
04-13 01:19:49.152  3806  3819 I native-activity: Swap 239 time is 1.325ms
04-13 01:19:49.152  3806  3819 I native-activity: Animating
04-13 01:19:49.212  3806  3819 I native-activity: Frame 240 GL error is 0x501
04-13 01:19:49.212  3806  3819 I native-activity: Frame 240 time is 59.692ms
04-13 01:19:49.212  3806  3819 I native-activity: Swap 240 time is 60.126ms
04-13 01:19:49.212  3806  3819 I native-activity: Animating
04-13 01:19:49.232  3806  3819 I native-activity: Frame 241 GL error is 0x501
04-13 01:19:49.232  3806  3819 I native-activity: Frame 241 time is 21.254ms
04-13 01:19:49.232  3806  3819 I native-activity: Swap 241 time is 21.649ms
04-13 01:19:49.232  3806  3819 I native-activity: Animating
04-13 01:19:49.242  3806  3819 I native-activity: Frame 242 GL error is 0x0
04-13 01:19:49.242  3806  3819 I native-activity: Frame 242 time is 9.447ms
04-13 01:19:49.242  3806  3819 I native-activity: Swap 242 time is 9.834ms
04-13 01:19:49.242  3806  3819 I native-activity: Animating
04-13 01:19:49.252  3806  3819 I native-activity: Frame 243 GL error is 0x0
04-13 01:19:49.252  3806  3819 I native-activity: Frame 243 time is 5.894ms
04-13 01:19:49.252  3806  3819 I native-activity: Swap 243 time is 6.271ms
04-13 01:19:49.252  3806  3819 I native-activity: Animating
04-13 01:19:49.252  3806  3819 I native-activity: Frame 244 GL error is 0x0
04-13 01:19:49.252  3806  3819 I native-activity: Frame 244 time is 3.842ms
04-13 01:19:49.252  3806  3819 I native-activity: Swap 244 time is 4.170ms
04-13 01:19:49.252  3806  3819 I native-activity: Animating
04-13 01:19:49.272  3806  3819 I native-activity: Frame 245 GL error is 0x0
04-13 01:19:49.272  3806  3819 I native-activity: Frame 245 time is 13.209ms
04-13 01:19:49.272  3806  3819 I native-activity: Swap 245 time is 13.625ms
04-13 01:19:49.272  3806  3819 I native-activity: Animating
04-13 01:19:49.282  3806  3819 I native-activity: Frame 246 GL error is 0x501
04-13 01:19:49.282  3806  3819 I native-activity: Frame 246 time is 11.196ms
04-13 01:19:49.282  3806  3819 I native-activity: Swap 246 time is 11.585ms
04-13 01:19:49.282  3806  3819 I native-activity: Animating
04-13 01:19:49.282  1434  1531 I ActivityManager: Start proc 3827:com.att.myWireless:ZdaService/u0a136 for service com.att.myWireless/com.zoscomm.zda.agent.ZdaService
04-13 01:19:49.282  1434  2164 D NetworkPolicy: isUidForegroundLocked: 10136, mScreenOn: true, uidstate: -1, mProxSensorScreenOff: false
04-13 01:19:49.282  3827  3827 E Zygote  : v2
04-13 01:19:49.282  3827  3827 I libpersona: KNOX_SDCARD checking this for 10136
04-13 01:19:49.282  3827  3827 W SELinux : Function: selinux_compare_spd_ram, index[1], priority [2], priority version is VE=SEPF_SECMOBILE_6.0.1_0030
04-13 01:19:49.282  3827  3827 I libpersona: KNOX_SDCARD not a persona
04-13 01:19:49.282  3827  3827 E Zygote  : accessInfo : 0
04-13 01:19:49.292  3827  3827 W SELinux : SELinux: seapp_context_lookup: seinfo=default, level=s0:c512,c768, pkgname=com.att.myWireless:ZdaService 
04-13 01:19:49.302  3806  3819 I native-activity: Frame 247 GL error is 0x501
04-13 01:19:49.302  3806  3819 I native-activity: Frame 247 time is 17.413ms
04-13 01:19:49.302  3806  3819 I native-activity: Swap 247 time is 17.976ms
04-13 01:19:49.302  3806  3819 I native-activity: Animating
04-13 01:19:49.302  3806  3819 I native-activity: Frame 248 GL error is 0x0
04-13 01:19:49.302  3806  3819 I native-activity: Frame 248 time is 4.178ms
04-13 01:19:49.302  3806  3819 I native-activity: Swap 248 time is 5.757ms
04-13 01:19:49.302  3806  3819 I native-activity: Animating
04-13 01:19:49.312  3806  3819 I native-activity: Frame 249 GL error is 0x501
04-13 01:19:49.312  3806  3819 I native-activity: Frame 249 time is 10.633ms
04-13 01:19:49.312  3806  3819 I native-activity: Swap 249 time is 11.155ms
04-13 01:19:49.312  3806  3819 I native-activity: Animating
04-13 01:19:49.322  3806  3819 I native-activity: Frame 250 GL error is 0x0
04-13 01:19:49.322  3806  3819 I native-activity: Frame 250 time is 7.080ms
04-13 01:19:49.322  3806  3819 I native-activity: Swap 250 time is 7.664ms
04-13 01:19:49.322  3806  3819 I native-activity: Animating
04-13 01:19:49.332  3806  3819 I native-activity: Frame 251 GL error is 0x0
04-13 01:19:49.332  3806  3819 I native-activity: Frame 251 time is 6.637ms
04-13 01:19:49.332  3806  3819 I native-activity: Swap 251 time is 7.075ms
04-13 01:19:49.332  3806  3819 I native-activity: Animating
04-13 01:19:49.342  3806  3819 I native-activity: Frame 252 GL error is 0x501
04-13 01:19:49.342  3806  3819 I native-activity: Frame 252 time is 6.665ms
04-13 01:19:49.342  3806  3819 I native-activity: Swap 252 time is 7.355ms
04-13 01:19:49.342  3806  3819 I native-activity: Animating
04-13 01:19:49.342  3806  3819 I native-activity: Frame 253 GL error is 0x0
04-13 01:19:49.342  3806  3819 I native-activity: Frame 253 time is 4.419ms
04-13 01:19:49.342  3806  3819 I native-activity: Swap 253 time is 4.934ms
04-13 01:19:49.342  3806  3819 I native-activity: Animating
04-13 01:19:49.342  3827  3827 D TimaKeyStoreProvider: TimaSignature is unavailable
04-13 01:19:49.342  3827  3827 D ActivityThread: Added TimaKeyStore provider
04-13 01:19:49.352  3806  3819 I native-activity: Frame 254 GL error is 0x0
04-13 01:19:49.352  3806  3819 I native-activity: Frame 254 time is 5.126ms
04-13 01:19:49.352  3806  3819 I native-activity: Swap 254 time is 5.531ms
04-13 01:19:49.352  3806  3819 I native-activity: Animating
04-13 01:19:49.352  1434  2164 D NetworkPolicy: isUidForegroundLocked: 10136, mScreenOn: true, uidstate: 10, mProxSensorScreenOff: false
04-13 01:19:49.352  3806  3819 I native-activity: Frame 255 GL error is 0x0
04-13 01:19:49.352  3806  3819 I native-activity: Frame 255 time is 4.994ms
04-13 01:19:49.352  3806  3819 I native-activity: Swap 255 time is 5.429ms
04-13 01:19:49.352  3806  3819 I native-activity: Animating
04-13 01:19:49.362  3806  3819 I native-activity: Frame 256 GL error is 0x0
04-13 01:19:49.362  3806  3819 I native-activity: Frame 256 time is 7.321ms
04-13 01:19:49.362  3806  3819 I native-activity: Swap 256 time is 7.836ms
04-13 01:19:49.362  3806  3819 I native-activity: Animating
04-13 01:19:49.362  3827  3827 W ResourcesManager: getTopLevelResources: /data/app/com.att.myWireless-1/base.apk / 1.0 running in com.att.myWireless rsrc of package com.att.myWireless
04-13 01:19:49.372  3806  3819 I native-activity: Frame 257 GL error is 0x0
04-13 01:19:49.372  3806  3819 I native-activity: Frame 257 time is 5.522ms
04-13 01:19:49.372  3806  3819 I native-activity: Swap 257 time is 6.040ms
04-13 01:19:49.372  3806  3819 I native-activity: Animating
04-13 01:19:49.372  1434  2161 I InjectionManagerService -AppFeature: getCoreFeaturePkgList :[]
04-13 01:19:49.372  3827  3827 I InjectionManager: Inside getClassLibPath + mLibMap{0=, 1=}
04-13 01:19:49.372  3806  3819 I native-activity: Frame 258 GL error is 0x0
04-13 01:19:49.372  3806  3819 I native-activity: Frame 258 time is 6.548ms
04-13 01:19:49.372  3806  3819 I native-activity: Swap 258 time is 7.192ms
04-13 01:19:49.372  3806  3819 I native-activity: Animating
04-13 01:19:49.382  3806  3819 I native-activity: Context 0xee531680 made current on surface 0xee529640, error 0x3000
04-13 01:19:49.382  3806  3819 I native-activity: GL information
04-13 01:19:49.382  3806  3819 I native-activity: 	Renderer: Adreno (TM) 530
04-13 01:19:49.382  3806  3819 I native-activity: 	Vendor: Qualcomm
04-13 01:19:49.382  3806  3819 I native-activity: 	Version: OpenGL ES 3.2 V@145.0 (GIT@I5bc0f577f9)
04-13 01:19:49.382  3806  3819 I native-activity: 	Shading Language: OpenGL ES GLSL ES 3.20
04-13 01:19:49.382  3806  3819 I native-activity: 	Extensions: GL_OES_EGL_image GL_OES_EGL_image_external GL_OES_EGL_sync GL_OES_vertex_half_float GL_OES_framebuffer_object GL_OES_rgb8_rgba8 GL_OES_compressed_ETC1_RGB8_texture GL_AMD_compressed_ATC_texture GL_KHR_texture_compression_astc_ldr GL_KHR_texture_compression_astc_hdr GL_OES_texture_compression_astc GL_OES_texture_npot GL_EXT_texture_filter_anisotropic GL_EXT_texture_format_BGRA8888 GL_OES_texture_3D GL_EXT_color_buffer_float GL_EXT_color_buffer_half_float GL_QCOM_alpha_test GL_OES_depth24 GL_OES_packed_depth_stencil GL_OES_depth_texture GL_OES_depth_texture_cube_map GL_EXT_sRGB GL_OES_texture_float GL_OES_texture_float_linear GL_OES_texture_half_float GL_OES_texture_half_float_linear GL_EXT_texture_type_2_10_10_10_REV GL_EXT_texture_sRGB_decode GL_OES_element_index_uint GL_EXT_copy_image GL_EXT_geometry_shader GL_EXT_tessellation_shader GL_OES_texture_stencil8 GL_EXT_shader_io_blocks GL_OES_shader_image_atomic GL_OES_sample_variables GL_EXT_texture_border_clamp GL_EXT_multisampled_render_to_textur
04-13 01:19:49.382  3806  3819 I native-activity: Context 0xee531680 made current on surface 0xee529640, error 0x3000
04-13 01:19:49.382  3806  3819 I native-activity: GL information
04-13 01:19:49.382  3806  3819 I native-activity: 	Renderer: Adreno (TM) 530
04-13 01:19:49.382  3806  3819 I native-activity: 	Vendor: Qualcomm
04-13 01:19:49.382  3806  3819 I native-activity: 	Version: OpenGL ES 3.2 V@145.0 (GIT@I5bc0f577f9)
04-13 01:19:49.382  3806  3819 I native-activity: 	Shading Language: OpenGL ES GLSL ES 3.20
04-13 01:19:49.382  3806  3819 I native-activity: 	Extensions: GL_OES_EGL_image GL_OES_EGL_image_external GL_OES_EGL_sync GL_OES_vertex_half_float GL_OES_framebuffer_object GL_OES_rgb8_rgba8 GL_OES_compressed_ETC1_RGB8_texture GL_AMD_compressed_ATC_texture GL_KHR_texture_compression_astc_ldr GL_KHR_texture_compression_astc_hdr GL_OES_texture_compression_astc GL_OES_texture_npot GL_EXT_texture_filter_anisotropic GL_EXT_texture_format_BGRA8888 GL_OES_texture_3D GL_EXT_color_buffer_float GL_EXT_color_buffer_half_float GL_QCOM_alpha_test GL_OES_depth24 GL_OES_packed_depth_stencil GL_OES_depth_texture GL_OES_depth_texture_cube_map GL_EXT_sRGB GL_OES_texture_float GL_OES_texture_float_linear GL_OES_texture_half_float GL_OES_texture_half_float_linear GL_EXT_texture_type_2_10_10_10_REV GL_EXT_texture_sRGB_decode GL_OES_element_index_uint GL_EXT_copy_image GL_EXT_geometry_shader GL_EXT_tessellation_shader GL_OES_texture_stencil8 GL_EXT_shader_io_blocks GL_OES_shader_image_atomic GL_OES_sample_variables GL_EXT_texture_border_clamp GL_EXT_multisampled_render_to_textur
04-13 01:19:49.382  3806  3819 I native-activity: Frame 259 GL error is 0x0
04-13 01:19:49.382  3806  3819 I native-activity: Frame 259 time is 5.955ms
04-13 01:19:49.382  3806  3819 I native-activity: Swap 259 time is 6.066ms
04-13 01:19:49.382  3806  3819 I native-activity: Animating
04-13 01:19:49.382  3827  3827 D ResourcesManager: For user 0 new overlays fetched Null
04-13 01:19:49.392  3806  3819 I native-activity: Frame 260 GL error is 0x0
04-13 01:19:49.392  3806  3819 I native-activity: Frame 260 time is 5.700ms
04-13 01:19:49.392  3806  3819 I native-activity: Swap 260 time is 6.277ms
04-13 01:19:49.392  3806  3819 I native-activity: Animating
04-13 01:19:49.392  3827  3827 I InjectionManager: Inside getClassLibPath caller 
04-13 01:19:49.392  3806  3819 I native-activity: Frame 261 GL error is 0x0
04-13 01:19:49.392  3806  3819 I native-activity: Frame 261 time is 7.128ms
04-13 01:19:49.392  3806  3819 I native-activity: Swap 261 time is 7.682ms
04-13 01:19:49.392  3806  3819 I native-activity: Animating
04-13 01:19:49.402  3806  3819 I native-activity: Frame 262 GL error is 0x0
04-13 01:19:49.402  3806  3819 I native-activity: Frame 262 time is 5.216ms
04-13 01:19:49.402  3806  3819 I native-activity: Swap 262 time is 5.825ms
04-13 01:19:49.402  3806  3819 I native-activity: Animating
04-13 01:19:49.412  3806  3819 I native-activity: Frame 263 GL error is 0x0
04-13 01:19:49.412  3806  3819 I native-activity: Frame 263 time is 7.542ms
04-13 01:19:49.412  3806  3819 I native-activity: Swap 263 time is 8.099ms
04-13 01:19:49.412  3806  3819 I native-activity: Animating
04-13 01:19:49.412  3806  3819 I native-activity: Frame 264 GL error is 0x0
04-13 01:19:49.412  3806  3819 I native-activity: Frame 264 time is 6.307ms
04-13 01:19:49.412  3806  3819 I native-activity: Swap 264 time is 6.905ms
04-13 01:19:49.412  3806  3819 I native-activity: Animating
04-13 01:19:49.422  3806  3819 I native-activity: Frame 265 GL error is 0x0
04-13 01:19:49.422  3806  3819 I native-activity: Frame 265 time is 5.014ms
04-13 01:19:49.422  3806  3819 I native-activity: Swap 265 time is 5.547ms
04-13 01:19:49.422  3806  3819 I native-activity: Animating
04-13 01:19:49.432  3806  3819 I native-activity: Frame 266 GL error is 0x0
04-13 01:19:49.432  3806  3819 I native-activity: Frame 266 time is 6.637ms
04-13 01:19:49.432  3806  3819 I native-activity: Swap 266 time is 7.191ms
04-13 01:19:49.432  3806  3819 I native-activity: Animating
04-13 01:19:49.432  3827  3840 W System.err: remove failed: ENOTEMPTY (Directory not empty) : /data/user/0/com.att.myWireless/files/.Fabric
04-13 01:19:49.432  3806  3819 I native-activity: Frame 267 GL error is 0x0
04-13 01:19:49.432  3806  3819 I native-activity: Frame 267 time is 6.308ms
04-13 01:19:49.432  3806  3819 I native-activity: Swap 267 time is 6.863ms
04-13 01:19:49.432  3806  3819 I native-activity: Animating
04-13 01:19:49.442  3806  3819 I native-activity: Frame 268 GL error is 0x0
04-13 01:19:49.442  3806  3819 I native-activity: Frame 268 time is 6.419ms
04-13 01:19:49.442  3806  3819 I native-activity: Swap 268 time is 6.939ms
04-13 01:19:49.442  3806  3819 I native-activity: Animating
04-13 01:19:49.452  3806  3819 I native-activity: Frame 269 GL error is 0x0
04-13 01:19:49.452  3806  3819 I native-activity: Frame 269 time is 8.554ms
04-13 01:19:49.452  3806  3819 I native-activity: Swap 269 time is 9.098ms
04-13 01:19:49.452  3806  3819 I native-activity: Animating
04-13 01:19:49.462  3806  3819 I native-activity: Frame 270 GL error is 0x0
04-13 01:19:49.462  3806  3819 I native-activity: Frame 270 time is 7.820ms
04-13 01:19:49.462  3806  3819 I native-activity: Swap 270 time is 8.328ms
04-13 01:19:49.462  3806  3819 I native-activity: Animating
04-13 01:19:49.462  3806  3819 I native-activity: Frame 271 GL error is 0x0
04-13 01:19:49.462  3806  3819 I native-activity: Frame 271 time is 4.857ms
04-13 01:19:49.462  3806  3819 I native-activity: Swap 271 time is 5.360ms
04-13 01:19:49.462  3806  3819 I native-activity: Animating
04-13 01:19:49.472  3806  3819 I native-activity: Frame 272 GL error is 0x0
04-13 01:19:49.472  3806  3819 I native-activity: Frame 272 time is 6.031ms
04-13 01:19:49.472  3806  3819 I native-activity: Swap 272 time is 6.718ms
04-13 01:19:49.472  3806  3819 I native-activity: Animating
04-13 01:19:49.482  3806  3819 I native-activity: Frame 273 GL error is 0x0
04-13 01:19:49.482  3806  3819 I native-activity: Frame 273 time is 6.130ms
04-13 01:19:49.482  3806  3819 I native-activity: Swap 273 time is 6.625ms
04-13 01:19:49.482  3806  3819 I native-activity: Animating
04-13 01:19:49.492  3806  3819 I native-activity: Frame 274 GL error is 0x501
04-13 01:19:49.492  3806  3819 I native-activity: Frame 274 time is 8.332ms
04-13 01:19:49.492  3806  3819 I native-activity: Swap 274 time is 8.850ms
04-13 01:19:49.492  3806  3819 I native-activity: Animating
04-13 01:19:49.492  3806  3819 I native-activity: Frame 275 GL error is 0x0
04-13 01:19:49.492  3806  3819 I native-activity: Frame 275 time is 6.457ms
04-13 01:19:49.492  3806  3819 I native-activity: Swap 275 time is 6.936ms
04-13 01:19:49.492  3806  3819 I native-activity: Animating
04-13 01:19:49.502  3806  3819 I native-activity: Frame 276 GL error is 0x0
04-13 01:19:49.502  3806  3819 I native-activity: Frame 276 time is 5.663ms
04-13 01:19:49.502  3806  3819 I native-activity: Swap 276 time is 6.101ms
04-13 01:19:49.502  3806  3819 I native-activity: Animating
04-13 01:19:49.512  3806  3819 I native-activity: Frame 277 GL error is 0x0
04-13 01:19:49.512  3806  3819 I native-activity: Frame 277 time is 6.072ms
04-13 01:19:49.512  3806  3819 I native-activity: Swap 277 time is 6.521ms
04-13 01:19:49.512  3806  3819 I native-activity: Animating
04-13 01:19:49.512  3806  3819 I native-activity: Frame 278 GL error is 0x0
04-13 01:19:49.512  3806  3819 I native-activity: Frame 278 time is 4.560ms
04-13 01:19:49.512  3806  3819 I native-activity: Swap 278 time is 5.013ms
04-13 01:19:49.512  3806  3819 I native-activity: Animating
04-13 01:19:49.522  3806  3819 I native-activity: Frame 279 GL error is 0x0
04-13 01:19:49.522  3806  3819 I native-activity: Frame 279 time is 5.773ms
04-13 01:19:49.522  3806  3819 I native-activity: Swap 279 time is 6.229ms
04-13 01:19:49.522  3806  3819 I native-activity: Animating
04-13 01:19:49.522  3806  3819 I native-activity: Frame 280 GL error is 0x0
04-13 01:19:49.522  3806  3819 I native-activity: Frame 280 time is 4.766ms
04-13 01:19:49.522  3806  3819 I native-activity: Swap 280 time is 5.236ms
04-13 01:19:49.522  3806  3819 I native-activity: Animating
04-13 01:19:49.532  3806  3819 I native-activity: Frame 281 GL error is 0x0
04-13 01:19:49.532  3806  3819 I native-activity: Frame 281 time is 5.065ms
04-13 01:19:49.532  3806  3819 I native-activity: Swap 281 time is 5.495ms
04-13 01:19:49.532  3806  3819 I native-activity: Animating
04-13 01:19:49.532  3806  3819 I native-activity: Frame 282 GL error is 0x0
04-13 01:19:49.532  3806  3819 I native-activity: Frame 282 time is 5.301ms
04-13 01:19:49.532  3806  3819 I native-activity: Swap 282 time is 5.771ms
04-13 01:19:49.532  3806  3819 I native-activity: Animating
04-13 01:19:49.542  3806  3819 I native-activity: Frame 283 GL error is 0x0
04-13 01:19:49.542  3806  3819 I native-activity: Frame 283 time is 5.316ms
04-13 01:19:49.542  3806  3819 I native-activity: Swap 283 time is 5.814ms
04-13 01:19:49.542  3806  3819 I native-activity: Animating
04-13 01:19:49.552  3806  3819 I native-activity: Frame 284 GL error is 0x0
04-13 01:19:49.552  3806  3819 I native-activity: Frame 284 time is 4.507ms
04-13 01:19:49.552  3806  3819 I native-activity: Swap 284 time is 4.992ms
04-13 01:19:49.552  3806  3819 I native-activity: Animating
04-13 01:19:49.552  3806  3819 I native-activity: Frame 285 GL error is 0x0
04-13 01:19:49.552  3806  3819 I native-activity: Frame 285 time is 4.520ms
04-13 01:19:49.552  3806  3819 I native-activity: Swap 285 time is 4.940ms
04-13 01:19:49.552  3806  3819 I native-activity: Animating
04-13 01:19:49.562  3806  3819 I native-activity: Frame 286 GL error is 0x0
04-13 01:19:49.562  3806  3819 I native-activity: Frame 286 time is 4.388ms
04-13 01:19:49.562  3806  3819 I native-activity: Swap 286 time is 4.856ms
04-13 01:19:49.562  3806  3819 I native-activity: Animating
04-13 01:19:49.562  3806  3819 I native-activity: Frame 287 GL error is 0x0
04-13 01:19:49.562  3806  3819 I native-activity: Frame 287 time is 5.536ms
04-13 01:19:49.562  3806  3819 I native-activity: Swap 287 time is 6.015ms
04-13 01:19:49.562  3806  3819 I native-activity: Animating
04-13 01:19:49.572  3806  3819 I native-activity: Frame 288 GL error is 0x0
04-13 01:19:49.572  3806  3819 I native-activity: Frame 288 time is 4.532ms
04-13 01:19:49.572  3806  3819 I native-activity: Swap 288 time is 5.021ms
04-13 01:19:49.572  3806  3819 I native-activity: Animating
04-13 01:19:49.572  3806  3819 I native-activity: Frame 289 GL error is 0x0
04-13 01:19:49.572  3806  3819 I native-activity: Frame 289 time is 4.429ms
04-13 01:19:49.572  3806  3819 I native-activity: Swap 289 time is 4.883ms
04-13 01:19:49.572  3806  3819 I native-activity: Animating
04-13 01:19:49.572  3827  3827 W ResourcesManager: getTopLevelResources: /data/app/com.att.myWireless-1/base.apk / 1.0 running in com.att.myWireless rsrc of package com.att.myWireless
04-13 01:19:49.582  3806  3819 I native-activity: Frame 290 GL error is 0x0
04-13 01:19:49.582  3806  3819 I native-activity: Frame 290 time is 5.061ms
04-13 01:19:49.582  3806  3819 I native-activity: Swap 290 time is 5.812ms
04-13 01:19:49.582  3806  3819 I native-activity: Animating
04-13 01:19:49.582  3806  3819 I native-activity: Frame 291 GL error is 0x0
04-13 01:19:49.582  3806  3819 I native-activity: Frame 291 time is 4.652ms
04-13 01:19:49.582  3806  3819 I native-activity: Swap 291 time is 5.118ms
04-13 01:19:49.582  3806  3819 I native-activity: Animating
04-13 01:19:49.592  3806  3819 I native-activity: Frame 292 GL error is 0x0
04-13 01:19:49.592  3806  3819 I native-activity: Frame 292 time is 4.397ms
04-13 01:19:49.592  3806  3819 I native-activity: Swap 292 time is 4.873ms
04-13 01:19:49.592  3806  3819 I native-activity: Animating
04-13 01:19:49.592  3827  3827 I CrashlyticsCore: Initializing Crashlytics 2.3.8.97
04-13 01:19:49.592  3806  3819 I native-activity: Frame 293 GL error is 0x0
04-13 01:19:49.592  3806  3819 I native-activity: Frame 293 time is 6.029ms
04-13 01:19:49.602  3806  3819 I native-activity: Swap 293 time is 7.180ms
04-13 01:19:49.602  3806  3819 I native-activity: Animating
04-13 01:19:49.602  3806  3819 I native-activity: Frame 294 GL error is 0x0
04-13 01:19:49.602  3806  3819 I native-activity: Frame 294 time is 4.711ms
04-13 01:19:49.602  3806  3819 I native-activity: Swap 294 time is 5.150ms
04-13 01:19:49.602  3806  3819 I native-activity: Animating
04-13 01:19:49.612  3806  3819 I native-activity: Frame 295 GL error is 0x0
04-13 01:19:49.612  3806  3819 I native-activity: Frame 295 time is 5.718ms
04-13 01:19:49.612  3806  3819 I native-activity: Swap 295 time is 6.202ms
04-13 01:19:49.612  3806  3819 I native-activity: Animating
04-13 01:19:49.612  3806  3819 I native-activity: Frame 296 GL error is 0x0
04-13 01:19:49.612  3806  3819 I native-activity: Frame 296 time is 4.412ms
04-13 01:19:49.612  3806  3819 I native-activity: Swap 296 time is 5.415ms
04-13 01:19:49.612  3806  3819 I native-activity: Animating
04-13 01:19:49.622  3827  3827 D InjectionManager: InjectionManager
04-13 01:19:49.622  3827  3827 D InjectionManager: fillFeatureStoreMap com.att.myWireless
04-13 01:19:49.622  3827  3901 V GoogleSignatureVerifier: com.google.android.gms signature not valid.  Found: 
04-13 01:19:49.622  3827  3901 V GoogleSignatureVerifier: MIIEQzCCAyugAwIBAgIJAMLgh0ZkSjCNMA0GCSqGSIb3DQEBBAUAMHQxCzAJBgNVBAYTAlVTMRMw
04-13 01:19:49.622  3827  3901 V GoogleSignatureVerifier: EQYDVQQIEwpDYWxpZm9ybmlhMRYwFAYDVQQHEw1Nb3VudGFpbiBWaWV3MRQwEgYDVQQKEwtHb29n
04-13 01:19:49.622  3827  3901 V GoogleSignatureVerifier: bGUgSW5jLjEQMA4GA1UECxMHQW5kcm9pZDEQMA4GA1UEAxMHQW5kcm9pZDAeFw0wODA4MjEyMzEz
04-13 01:19:49.622  3827  3901 V GoogleSignatureVerifier: MzRaFw0zNjAxMDcyMzEzMzRaMHQxCzAJBgNVBAYTAlVTMRMwEQYDVQQIEwpDYWxpZm9ybmlhMRYw
04-13 01:19:49.622  3827  3901 V GoogleSignatureVerifier: FAYDVQQHEw1Nb3VudGFpbiBWaWV3MRQwEgYDVQQKEwtHb29nbGUgSW5jLjEQMA4GA1UECxMHQW5k
04-13 01:19:49.622  3827  3901 V GoogleSignatureVerifier: cm9pZDEQMA4GA1UEAxMHQW5kcm9pZDCCASAwDQYJKoZIhvcNAQEBBQADggENADCCAQgCggEBAKtW
04-13 01:19:49.622  3827  3901 V GoogleSignatureVerifier: LgDYO6IIrgqWbxJOKdoR8qtW0I9Y4sypEwPpt1TTcvZApxsdyxMJZ2JORland2qSGT2y5b+3JKke
04-13 01:19:49.622  3827  3901 V GoogleSignatureVerifier: dxiLDmpHpDsz2WCbdxgxRczfey5YZnTJ4VZbH0xqWVW/8lGmPav5xVwnIiJS6HXk+BVKZF+JcWjA
04-13 01:19:49.622  3827  3901 V GoogleSignatureVerifier: sb/GEuq/eFdpuzSqeYTcfi6idkyugwfYwXFU1+5fZKUaRKYCwkkFQVfcAs1fXA5V+++FGfvjJ/Cx
04-13 01:19:49.622  3827  3901 V GoogleSignatureVerifier: URaSxaBvGdGDhfXE28LWuT9ozCl5xw4Yq5OGazvV24mZVSoOO0yZ31j7kYvtwYK6NeADwbSxDdJE
04-13 01:19:49.622  3827  3901 V GoogleSignatureVerifier: qO4k//0zOHKrUiGYXtqw/A0LFFtqoZKFjnkCAQOjgdkwgdYwHQYDVR0OBBYEFMd9jMIhF1Ylmn/T
04-13 01:19:49.622  3827  3901 V GoogleSignatureVerifier: gt9r45jk14alMIGmBgNVHSMEgZ4wgZuAFMd9jMIhF1Ylmn/Tgt9r45jk14aloXikdjB0MQswCQYD
04-13 01:19:49.622  3827  3901 V GoogleSignatureVerifier: VQQGEwJVUzETMBEGA1UECBMKQ2FsaWZvcm5pYTEWMBQGA1UEBxMNTW91bnRhaW4gVmlldzEUMBIG
04-13 01:19:49.622  3827  3901 V GoogleSignatureVerifier: A1UEChMLR29vZ2xlIEluYy4xEDAOBgNVBAsTB0FuZHJvaWQxEDAOBgNVBAMTB0FuZHJvaWSCCQDC
04-13 01:19:49.622  3827  3901 V GoogleSignatureVerifier: 4IdGZEowjTAMBgNVHRMEBTADAQH/MA0GCSqGSIb3DQEBBAUAA4IBAQBt0lLO74UwLDYKqs6Tm8/y
04-13 01:19:49.622  3827  3901 V GoogleSignatureVerifier: zKkEu116FmH4rkaymUIE0P9KaMftGlMexFlaYjzmB2OxZyl6euNXEsQH8gjwyxCUKRJNexBiGcCE
04-13 01:19:49.622  3827  3901 V GoogleSignatureVerifier: yj6z+a1fuHHvkiaai+KL8W1EyNmgjmyy8AW7P+LLlkR+ho5zEHatRbM/YAnqGcFh5iZBqpknHf1S
04-13 01:19:49.622  3827  3901 V GoogleSignatureVerifier: KMXFh4dd239FJ1jWYfbMDMy3NS5CTMQ2XFI1MvcyUTdZPErjQfTbQe3aDQsQcafEQPD+nqActifK
