04-13 01:19:26.022  3688  3702 I native-activity: Frame 144 time is 0.592ms
04-13 01:19:26.022  3688  3702 I native-activity: Swap 144 time is 1.260ms
04-13 01:19:26.022  3688  3702 I native-activity: Animating
04-13 01:19:26.022  3688  3702 I native-activity: Frame 145 GL error is 0x0
04-13 01:19:26.022  3688  3702 I native-activity: Frame 145 time is 0.462ms
04-13 01:19:26.022  3688  3702 I native-activity: Swap 145 time is 1.174ms
04-13 01:19:26.022  3688  3702 I native-activity: Animating
04-13 01:19:26.022  3688  3702 I native-activity: Frame 146 GL error is 0x0
04-13 01:19:26.022  3688  3702 I native-activity: Frame 146 time is 0.412ms
04-13 01:19:26.022  3688  3702 I native-activity: Swap 146 time is 1.216ms
04-13 01:19:26.022  3688  3702 I native-activity: Animating
04-13 01:19:26.022  3688  3702 I native-activity: Frame 147 GL error is 0x0
04-13 01:19:26.022  3688  3702 I native-activity: Frame 147 time is 0.263ms
04-13 01:19:26.022  3688  3702 I native-activity: Swap 147 time is 1.211ms
04-13 01:19:26.022  3688  3702 I native-activity: Animating
04-13 01:19:26.022  3688  3702 I native-activity: Frame 148 GL error is 0x0
04-13 01:19:26.022  3688  3702 I native-activity: Frame 148 time is 0.523ms
04-13 01:19:26.022  3688  3702 I native-activity: Swap 148 time is 1.258ms
04-13 01:19:26.022  3688  3702 I native-activity: Animating
04-13 01:19:26.022  3688  3702 I native-activity: Frame 149 GL error is 0x0
04-13 01:19:26.022  3688  3702 I native-activity: Frame 149 time is 0.360ms
04-13 01:19:26.022  3688  3702 I native-activity: Swap 149 time is 1.173ms
04-13 01:19:26.022  3688  3702 I native-activity: Animating
04-13 01:19:26.022  3688  3702 I native-activity: Frame 150 GL error is 0x0
04-13 01:19:26.022  3688  3702 I native-activity: Frame 150 time is 0.231ms
04-13 01:19:26.022  3688  3702 I native-activity: Swap 150 time is 1.177ms
04-13 01:19:26.022  3688  3702 I native-activity: Animating
04-13 01:19:26.022  3688  3702 I native-activity: Frame 151 GL error is 0x0
04-13 01:19:26.022  3688  3702 I native-activity: Frame 151 time is 0.204ms
04-13 01:19:26.032  3688  3702 I native-activity: Swap 151 time is 1.313ms
04-13 01:19:26.032  3688  3702 I native-activity: Animating
04-13 01:19:26.032  3688  3702 I native-activity: Frame 152 GL error is 0x0
04-13 01:19:26.032  3688  3702 I native-activity: Frame 152 time is 0.350ms
04-13 01:19:26.032  3688  3702 I native-activity: Swap 152 time is 1.172ms
04-13 01:19:26.032  3688  3702 I native-activity: Animating
04-13 01:19:26.032  3688  3702 I native-activity: Frame 153 GL error is 0x0
04-13 01:19:26.032  3688  3702 I native-activity: Frame 153 time is 0.221ms
04-13 01:19:26.032  3688  3702 I native-activity: Swap 153 time is 1.253ms
04-13 01:19:26.032  3688  3702 I native-activity: Animating
04-13 01:19:26.032  3688  3702 I native-activity: Frame 154 GL error is 0x0
04-13 01:19:26.032  3688  3702 I native-activity: Frame 154 time is 0.187ms
04-13 01:19:26.032  3688  3702 I native-activity: Swap 154 time is 1.258ms
04-13 01:19:26.032  3688  3702 I native-activity: Animating
04-13 01:19:26.032  3688  3702 I native-activity: Frame 155 GL error is 0x0
04-13 01:19:26.032  3688  3702 I native-activity: Frame 155 time is 0.205ms
04-13 01:19:26.032  3688  3702 I native-activity: Swap 155 time is 1.245ms
04-13 01:19:26.032  3688  3702 I native-activity: Animating
04-13 01:19:26.032  3688  3702 I native-activity: Frame 156 GL error is 0x0
04-13 01:19:26.032  3688  3702 I native-activity: Frame 156 time is 0.188ms
04-13 01:19:26.032  3688  3702 I native-activity: Swap 156 time is 1.279ms
04-13 01:19:26.032  3688  3702 I native-activity: Animating
04-13 01:19:26.032  3688  3702 I native-activity: Frame 157 GL error is 0x0
04-13 01:19:26.032  3688  3702 I native-activity: Frame 157 time is 0.200ms
04-13 01:19:26.032  3688  3702 I native-activity: Swap 157 time is 1.285ms
04-13 01:19:26.032  3688  3702 I native-activity: Animating
04-13 01:19:26.032  3688  3702 I native-activity: Frame 158 GL error is 0x0
04-13 01:19:26.032  3688  3702 I native-activity: Frame 158 time is 0.264ms
04-13 01:19:26.032  3197  3244 V MOR     : [3997149488]INFO  dtv_common.CLoggerHelper: 
04-13 01:19:26.032  3197  3244 V MOR     : <Tag> [[NATIVE]] <ErrorMessage> [[DongleCheckAvailTask] [ debug.heap =================================]
04-13 01:19:26.032  3688  3702 I native-activity: Swap 158 time is 1.391ms
04-13 01:19:26.032  3688  3702 I native-activity: Animating
04-13 01:19:26.042  3688  3702 I native-activity: Frame 159 GL error is 0x0
04-13 01:19:26.042  3688  3702 I native-activity: Frame 159 time is 0.585ms
04-13 01:19:26.042  3197  3244 V MOR     : [3997149488]INFO  dtv_common.CLoggerHelper: 
04-13 01:19:26.042  3197  3244 V MOR     : <Tag> [[NATIVE]] <ErrorMessage> [[DongleCheckAvailTask]  [debug.heap native: allocated 5.45MB of 7.00MB (1.55MB free)]
04-13 01:19:26.042  3688  3702 I native-activity: Swap 159 time is 1.279ms
04-13 01:19:26.042  3197  3244 V MOR     : [3997149488]INFO  dtv_common.CLoggerHelper: 
04-13 01:19:26.042  3197  3244 V MOR     : <Tag> [[NATIVE]] <ErrorMessage> [[DongleCheckAvailTask]  [debug.memory: allocated: 7.63MB of 512.00MB (1.93MB free)]
04-13 01:19:26.042  3688  3702 I native-activity: Animating
04-13 01:19:26.042  3197  3244 V MOR     : [3997149488]INFO  dtv_common.CLoggerHelper: 
04-13 01:19:26.042  3197  3244 V MOR     : <Tag> [[NATIVE]] <ErrorMessage> [[DongleCheckAvailTask] [ debug.heap =================================]
04-13 01:19:26.042  3688  3702 I native-activity: Frame 160 GL error is 0x0
04-13 01:19:26.042  3688  3702 I native-activity: Frame 160 time is 0.467ms
04-13 01:19:26.042  3197  3244 V MOR     : [3997149488]INFO  dtv_common.CLoggerHelper: 
04-13 01:19:26.042  3197  3244 V MOR     : <Tag> [[NATIVE]] <ErrorMessage> [[DongleCheckAvailTask]  [debug.heap native: allocated 5.47MB of 7.00MB (1.53MB free)]
04-13 01:19:26.042  3197  3244 V MOR     : [3997149488]INFO  dtv_common.CLoggerHelper: 
04-13 01:19:26.042  3197  3244 V MOR     : <Tag> [[NATIVE]] <ErrorMessage> [[DongleCheckAvailTask]  [debug.memory: allocated: 7.63MB of 512.00MB (1.93MB free)]
04-13 01:19:26.042  3688  3702 I native-activity: Swap 160 time is 1.250ms
04-13 01:19:26.042  3688  3702 I native-activity: Animating
04-13 01:19:26.042  3688  3702 I native-activity: Frame 161 GL error is 0x0
04-13 01:19:26.042  3688  3702 I native-activity: Frame 161 time is 0.756ms
04-13 01:19:26.042  3688  3702 I native-activity: Swap 161 time is 1.185ms
04-13 01:19:26.042  3688  3702 I native-activity: Animating
04-13 01:19:26.042  3688  3702 I native-activity: Frame 162 GL error is 0x0
04-13 01:19:26.042  3688  3702 I native-activity: Frame 162 time is 0.746ms
04-13 01:19:26.042  3688  3702 I native-activity: Swap 162 time is 1.198ms
04-13 01:19:26.042  3688  3702 I native-activity: Animating
04-13 01:19:26.042  3688  3702 I native-activity: Frame 163 GL error is 0x0
04-13 01:19:26.042  3688  3702 I native-activity: Frame 163 time is 0.733ms
04-13 01:19:26.042  3688  3702 I native-activity: Swap 163 time is 1.175ms
04-13 01:19:26.042  3688  3702 I native-activity: Animating
04-13 01:19:26.042  3688  3702 I native-activity: Frame 164 GL error is 0x0
04-13 01:19:26.042  3688  3702 I native-activity: Frame 164 time is 0.651ms
04-13 01:19:26.042  3688  3702 I native-activity: Swap 164 time is 1.803ms
04-13 01:19:26.042  3688  3702 I native-activity: Animating
04-13 01:19:26.042  3688  3702 I native-activity: Frame 165 GL error is 0x0
04-13 01:19:26.042  3688  3702 I native-activity: Frame 165 time is 0.443ms
04-13 01:19:26.042  3688  3702 I native-activity: Swap 165 time is 1.608ms
04-13 01:19:26.042  3688  3702 I native-activity: Animating
04-13 01:19:26.052  3688  3702 I native-activity: Frame 166 GL error is 0x0
04-13 01:19:26.052  3688  3702 I native-activity: Frame 166 time is 0.513ms
04-13 01:19:26.052  3688  3702 I native-activity: Swap 166 time is 1.044ms
04-13 01:19:26.052  3688  3702 I native-activity: Animating
04-13 01:19:26.052  3688  3702 I native-activity: Frame 167 GL error is 0x0
04-13 01:19:26.052  3688  3702 I native-activity: Frame 167 time is 0.339ms
04-13 01:19:26.052  1434  1434 D CustomFrequencyManagerService: releaseDVFSLockLocked : Getting Lock type frm List : DVFS_MIN_LIMIT  frequency : 1555200  uid : 1000  pid : 1434  tag : ACTIVITY_RESUME_BOOSTER@20
04-13 01:19:26.052  3688  3702 I native-activity: Swap 167 time is 0.994ms
04-13 01:19:26.052  3688  3702 I native-activity: Animating
04-13 01:19:26.052  3688  3702 I native-activity: Frame 168 GL error is 0x0
04-13 01:19:26.052  3688  3702 I native-activity: Frame 168 time is 0.299ms
04-13 01:19:26.052  3688  3702 I native-activity: Swap 168 time is 1.185ms
04-13 01:19:26.052  3688  3702 I native-activity: Animating
04-13 01:19:26.052  3688  3702 I native-activity: Frame 169 GL error is 0x0
04-13 01:19:26.052  3688  3702 I native-activity: Frame 169 time is 0.338ms
04-13 01:19:26.052  3688  3702 I native-activity: Swap 169 time is 1.234ms
04-13 01:19:26.052  3688  3702 I native-activity: Animating
04-13 01:19:26.052  3688  3702 I native-activity: Frame 170 GL error is 0x0
04-13 01:19:26.052  3688  3702 I native-activity: Frame 170 time is 0.388ms
04-13 01:19:26.052  3688  3702 I native-activity: Swap 170 time is 1.265ms
04-13 01:19:26.052  3688  3702 I native-activity: Animating
04-13 01:19:26.052  3688  3702 I native-activity: Frame 171 GL error is 0x0
04-13 01:19:26.052  3688  3702 I native-activity: Frame 171 time is 0.378ms
04-13 01:19:26.052  3688  3702 I native-activity: Swap 171 time is 1.759ms
04-13 01:19:26.052  3688  3702 I native-activity: Animating
04-13 01:19:26.052  3688  3702 I native-activity: Frame 172 GL error is 0x0
04-13 01:19:26.052  3688  3702 I native-activity: Frame 172 time is 0.846ms
04-13 01:19:26.052  3688  3702 I native-activity: Swap 172 time is 1.159ms
04-13 01:19:26.052  3688  3702 I native-activity: Animating
04-13 01:19:26.052  3688  3702 I native-activity: Frame 173 GL error is 0x0
04-13 01:19:26.052  3688  3702 I native-activity: Frame 173 time is 0.411ms
04-13 01:19:26.052  3688  3702 I native-activity: Swap 173 time is 0.846ms
04-13 01:19:26.052  3688  3702 I native-activity: Animating
04-13 01:19:26.062  3688  3702 I native-activity: Frame 174 GL error is 0x0
04-13 01:19:26.062  3688  3702 I native-activity: Frame 174 time is 0.736ms
04-13 01:19:26.062  3688  3702 I native-activity: Swap 174 time is 0.929ms
04-13 01:19:26.062  3688  3702 I native-activity: Animating
04-13 01:19:26.062  3688  3702 I native-activity: Frame 175 GL error is 0x0
04-13 01:19:26.062  3688  3702 I native-activity: Frame 175 time is 0.260ms
04-13 01:19:26.062  3688  3702 I native-activity: Swap 175 time is 1.086ms
04-13 01:19:26.062  3688  3702 I native-activity: Animating
04-13 01:19:26.062  3688  3702 I native-activity: Frame 176 GL error is 0x0
04-13 01:19:26.062  3688  3702 I native-activity: Frame 176 time is 0.337ms
04-13 01:19:26.062  3688  3702 I native-activity: Swap 176 time is 1.228ms
04-13 01:19:26.062  3688  3702 I native-activity: Animating
04-13 01:19:26.062  3688  3702 I native-activity: Frame 177 GL error is 0x0
04-13 01:19:26.062  3688  3702 I native-activity: Frame 177 time is 0.323ms
04-13 01:19:26.062  3688  3702 I native-activity: Swap 177 time is 1.336ms
04-13 01:19:26.062  3688  3702 I native-activity: Animating
04-13 01:19:26.062  3688  3702 I native-activity: Frame 178 GL error is 0x0
04-13 01:19:26.062  3688  3702 I native-activity: Frame 178 time is 0.342ms
04-13 01:19:26.062  3688  3702 I native-activity: Swap 178 time is 1.249ms
04-13 01:19:26.062  3688  3702 I native-activity: Animating
04-13 01:19:26.062  3688  3702 I native-activity: Frame 179 GL error is 0x0
04-13 01:19:26.062  3688  3702 I native-activity: Frame 179 time is 0.325ms
04-13 01:19:26.062  3688  3702 I native-activity: Swap 179 time is 1.572ms
04-13 01:19:26.062  3688  3702 I native-activity: Animating
04-13 01:19:26.062  3688  3702 I native-activity: Frame 180 GL error is 0x0
04-13 01:19:26.062  3688  3702 I native-activity: Frame 180 time is 0.347ms
04-13 01:19:26.062  3688  3702 I native-activity: Swap 180 time is 0.837ms
04-13 01:19:26.062  3688  3702 I native-activity: Animating
04-13 01:19:26.062  3688  3702 I native-activity: Frame 181 GL error is 0x0
04-13 01:19:26.062  3688  3702 I native-activity: Frame 181 time is 0.393ms
04-13 01:19:26.072  3688  3702 I native-activity: Swap 181 time is 1.273ms
04-13 01:19:26.072  3688  3702 I native-activity: Animating
04-13 01:19:26.072  3688  3702 I native-activity: Frame 182 GL error is 0x0
04-13 01:19:26.072  3688  3702 I native-activity: Frame 182 time is 0.345ms
04-13 01:19:26.072  3688  3702 I native-activity: Swap 182 time is 1.284ms
04-13 01:19:26.072  3688  3702 I native-activity: Animating
04-13 01:19:26.072  3688  3702 I native-activity: Frame 183 GL error is 0x0
04-13 01:19:26.072  3688  3702 I native-activity: Frame 183 time is 0.362ms
04-13 01:19:26.072  3688  3702 I native-activity: Swap 183 time is 1.281ms
04-13 01:19:26.072  3688  3702 I native-activity: Animating
04-13 01:19:26.072  3688  3702 I native-activity: Frame 184 GL error is 0x0
04-13 01:19:26.072  3688  3702 I native-activity: Frame 184 time is 0.336ms
04-13 01:19:26.072  3688  3702 I native-activity: Swap 184 time is 1.205ms
04-13 01:19:26.072  3688  3702 I native-activity: Animating
04-13 01:19:26.072  3688  3702 I native-activity: Frame 185 GL error is 0x0
04-13 01:19:26.072  3688  3702 I native-activity: Frame 185 time is 0.294ms
04-13 01:19:26.072  3688  3702 I native-activity: Swap 185 time is 1.265ms
04-13 01:19:26.072  3688  3702 I native-activity: Animating
04-13 01:19:26.072  3688  3702 I native-activity: Frame 186 GL error is 0x0
04-13 01:19:26.072  3688  3702 I native-activity: Frame 186 time is 0.322ms
04-13 01:19:26.072  3688  3702 I native-activity: Swap 186 time is 1.144ms
04-13 01:19:26.072  3688  3702 I native-activity: Animating
04-13 01:19:26.072  3688  3702 I native-activity: Frame 187 GL error is 0x0
04-13 01:19:26.072  3688  3702 I native-activity: Frame 187 time is 0.329ms
04-13 01:19:26.072  3688  3702 I native-activity: Swap 187 time is 1.240ms
04-13 01:19:26.072  3688  3702 I native-activity: Animating
04-13 01:19:26.072  3688  3702 I native-activity: Frame 188 GL error is 0x0
04-13 01:19:26.072  3688  3702 I native-activity: Frame 188 time is 0.449ms
04-13 01:19:26.072  3688  3702 I native-activity: Swap 188 time is 1.366ms
04-13 01:19:26.072  3688  3702 I native-activity: Animating
04-13 01:19:26.072  3688  3702 I native-activity: Frame 189 GL error is 0x0
04-13 01:19:26.082  3688  3702 I native-activity: Frame 189 time is 0.434ms
04-13 01:19:26.082  3688  3702 I native-activity: Swap 189 time is 1.260ms
04-13 01:19:26.082  3688  3702 I native-activity: Animating
04-13 01:19:26.082  3688  3702 I native-activity: Frame 190 GL error is 0x0
04-13 01:19:26.082  3688  3702 I native-activity: Frame 190 time is 0.426ms
04-13 01:19:26.082  3688  3702 I native-activity: Swap 190 time is 1.099ms
04-13 01:19:26.082  3688  3702 I native-activity: Animating
04-13 01:19:26.082  3688  3702 I native-activity: Frame 191 GL error is 0x0
04-13 01:19:26.082  3688  3702 I native-activity: Frame 191 time is 0.386ms
04-13 01:19:26.082  3688  3702 I native-activity: Swap 191 time is 1.232ms
04-13 01:19:26.082  3688  3702 I native-activity: Animating
04-13 01:19:26.082  3688  3702 I native-activity: Frame 192 GL error is 0x0
04-13 01:19:26.082  3688  3702 I native-activity: Frame 192 time is 0.364ms
04-13 01:19:26.082  3688  3702 I native-activity: Swap 192 time is 1.281ms
04-13 01:19:26.082  3688  3702 I native-activity: Animating
04-13 01:19:26.082  3688  3702 I native-activity: Frame 193 GL error is 0x0
04-13 01:19:26.082  3688  3702 I native-activity: Frame 193 time is 0.386ms
04-13 01:19:26.082  3688  3702 I native-activity: Swap 193 time is 1.296ms
04-13 01:19:26.082  3688  3702 I native-activity: Animating
04-13 01:19:26.082  3688  3702 I native-activity: Frame 194 GL error is 0x0
04-13 01:19:26.082  3688  3702 I native-activity: Frame 194 time is 0.393ms
04-13 01:19:26.082  3688  3702 I native-activity: Swap 194 time is 1.946ms
04-13 01:19:26.082  3688  3702 I native-activity: Animating
04-13 01:19:26.082  3688  3702 I native-activity: Frame 195 GL error is 0x0
04-13 01:19:26.082  3688  3702 I native-activity: Frame 195 time is 0.781ms
04-13 01:19:26.082  3688  3702 I native-activity: Swap 195 time is 1.159ms
04-13 01:19:26.082  3688  3702 I native-activity: Animating
04-13 01:19:26.092  3688  3702 I native-activity: Frame 196 GL error is 0x0
04-13 01:19:26.092  3688  3702 I native-activity: Frame 196 time is 0.533ms
04-13 01:19:26.092  3688  3702 I native-activity: Swap 196 time is 0.882ms
04-13 01:19:26.092  3688  3702 I native-activity: Animating
04-13 01:19:26.092  3688  3702 I native-activity: Frame 197 GL error is 0x0
04-13 01:19:26.092  3688  3702 I native-activity: Frame 197 time is 0.522ms
04-13 01:19:26.092  3688  3702 I native-activity: Swap 197 time is 0.827ms
04-13 01:19:26.092  3688  3702 I native-activity: Animating
04-13 01:19:26.092  3688  3702 I native-activity: Frame 198 GL error is 0x0
04-13 01:19:26.092  3688  3702 I native-activity: Frame 198 time is 0.476ms
04-13 01:19:26.092  3688  3702 I native-activity: Swap 198 time is 0.751ms
04-13 01:19:26.092  3688  3702 I native-activity: Animating
04-13 01:19:26.092  3688  3702 I native-activity: Frame 199 GL error is 0x0
04-13 01:19:26.092  3688  3702 I native-activity: Frame 199 time is 0.420ms
04-13 01:19:26.092  3688  3702 I native-activity: Swap 199 time is 1.403ms
04-13 01:19:26.092  3688  3702 I native-activity: Animating
04-13 01:19:26.092  3688  3702 I native-activity: Frame 200 GL error is 0x0
04-13 01:19:26.092  3688  3702 I native-activity: Frame 200 time is 0.356ms
04-13 01:19:26.092  3688  3702 I native-activity: Swap 200 time is 0.571ms
04-13 01:19:26.092  3688  3702 I native-activity: Animating
04-13 01:19:26.092  3688  3702 I native-activity: Frame 201 GL error is 0x0
04-13 01:19:26.092  3688  3702 I native-activity: Frame 201 time is 0.297ms
04-13 01:19:26.092  3688  3702 I native-activity: Swap 201 time is 1.516ms
04-13 01:19:26.092  3688  3702 I native-activity: Animating
04-13 01:19:26.092  3688  3702 I native-activity: Frame 202 GL error is 0x0
04-13 01:19:26.092  3688  3702 I native-activity: Frame 202 time is 0.377ms
04-13 01:19:26.092  3688  3702 I native-activity: Swap 202 time is 0.604ms
04-13 01:19:26.092  3688  3702 I native-activity: Animating
04-13 01:19:26.092  3688  3702 I native-activity: Frame 203 GL error is 0x0
04-13 01:19:26.092  3688  3702 I native-activity: Frame 203 time is 0.288ms
04-13 01:19:26.092  3688  3702 I native-activity: Swap 203 time is 1.300ms
04-13 01:19:26.092  3688  3702 I native-activity: Animating
04-13 01:19:26.092  3688  3702 I native-activity: Frame 204 GL error is 0x0
04-13 01:19:26.092  3688  3702 I native-activity: Frame 204 time is 0.415ms
04-13 01:19:26.092  3688  3702 I native-activity: Swap 204 time is 0.658ms
04-13 01:19:26.092  3688  3702 I native-activity: Animating
04-13 01:19:26.092  3688  3702 I native-activity: Frame 205 GL error is 0x0
04-13 01:19:26.092  3688  3702 I native-activity: Frame 205 time is 0.317ms
04-13 01:19:26.102  3688  3702 I native-activity: Swap 205 time is 1.825ms
04-13 01:19:26.102  3688  3702 I native-activity: Animating
04-13 01:19:26.102  3688  3702 I native-activity: Frame 206 GL error is 0x0
04-13 01:19:26.102  3688  3702 I native-activity: Frame 206 time is 0.406ms
04-13 01:19:26.102  3688  3702 I native-activity: Swap 206 time is 0.639ms
04-13 01:19:26.102  3688  3702 I native-activity: Animating
04-13 01:19:26.102  3688  3702 I native-activity: Frame 207 GL error is 0x0
04-13 01:19:26.102  3688  3702 I native-activity: Frame 207 time is 0.342ms
04-13 01:19:26.102  3688  3702 I native-activity: Swap 207 time is 0.565ms
04-13 01:19:26.102  3688  3702 I native-activity: Animating
04-13 01:19:26.102  3688  3702 I native-activity: Frame 208 GL error is 0x0
04-13 01:19:26.102  3688  3702 I native-activity: Frame 208 time is 0.316ms
04-13 01:19:26.102  3688  3702 I native-activity: Swap 208 time is 1.273ms
04-13 01:19:26.102  3688  3702 I native-activity: Animating
04-13 01:19:26.102  3688  3702 I native-activity: Frame 209 GL error is 0x0
04-13 01:19:26.102  3688  3702 I native-activity: Frame 209 time is 0.422ms
04-13 01:19:26.102  3688  3702 I native-activity: Swap 209 time is 0.675ms
04-13 01:19:26.102  3688  3702 I native-activity: Animating
04-13 01:19:26.102  3688  3702 I native-activity: Frame 210 GL error is 0x0
04-13 01:19:26.102  3688  3702 I native-activity: Frame 210 time is 0.352ms
04-13 01:19:26.102  3688  3702 I native-activity: Swap 210 time is 1.273ms
04-13 01:19:26.102  3688  3702 I native-activity: Animating
04-13 01:19:26.102  3688  3702 I native-activity: Frame 211 GL error is 0x0
04-13 01:19:26.102  3688  3702 I native-activity: Frame 211 time is 0.390ms
04-13 01:19:26.102  3688  3702 I native-activity: Swap 211 time is 0.654ms
04-13 01:19:26.102  3688  3702 I native-activity: Animating
04-13 01:19:26.102  3688  3702 I native-activity: Frame 212 GL error is 0x0
04-13 01:19:26.102  3688  3702 I native-activity: Frame 212 time is 0.368ms
04-13 01:19:26.102  3688  3702 I native-activity: Swap 212 time is 1.317ms
04-13 01:19:26.102  3688  3702 I native-activity: Animating
04-13 01:19:26.102  3688  3702 I native-activity: Frame 213 GL error is 0x0
04-13 01:19:26.102  3688  3702 I native-activity: Frame 213 time is 0.392ms
04-13 01:19:26.102  3688  3702 I native-activity: Swap 213 time is 0.642ms
04-13 01:19:26.102  3688  3702 I native-activity: Animating
04-13 01:19:26.102  3688  3702 I native-activity: Frame 214 GL error is 0x0
04-13 01:19:26.102  3688  3702 I native-activity: Frame 214 time is 0.355ms
04-13 01:19:26.102  3688  3702 I native-activity: Swap 214 time is 1.233ms
04-13 01:19:26.102  3688  3702 I native-activity: Animating
04-13 01:19:26.102  3688  3702 I native-activity: Frame 215 GL error is 0x0
04-13 01:19:26.102  3688  3702 I native-activity: Frame 215 time is 0.358ms
04-13 01:19:26.112  3688  3702 I native-activity: Swap 215 time is 0.675ms
04-13 01:19:26.112  3688  3702 I native-activity: Animating
04-13 01:19:26.112  3688  3702 I native-activity: Frame 216 GL error is 0x0
04-13 01:19:26.112  3688  3702 I native-activity: Frame 216 time is 0.368ms
04-13 01:19:26.112  3688  3702 I native-activity: Swap 216 time is 1.377ms
04-13 01:19:26.112  3688  3702 I native-activity: Animating
04-13 01:19:26.112  3688  3702 I native-activity: Frame 217 GL error is 0x0
04-13 01:19:26.112  3688  3702 I native-activity: Frame 217 time is 0.387ms
04-13 01:19:26.112  3688  3702 I native-activity: Swap 217 time is 0.614ms
04-13 01:19:26.112  3688  3702 I native-activity: Animating
04-13 01:19:26.112  3688  3702 I native-activity: Frame 218 GL error is 0x0
04-13 01:19:26.112  3688  3702 I native-activity: Frame 218 time is 0.332ms
04-13 01:19:26.112  3688  3702 I native-activity: Swap 218 time is 1.184ms
04-13 01:19:26.112  3688  3702 I native-activity: Animating
04-13 01:19:26.112  3688  3702 I native-activity: Frame 219 GL error is 0x0
04-13 01:19:26.112  3688  3702 I native-activity: Frame 219 time is 0.392ms
04-13 01:19:26.112  3688  3702 I native-activity: Swap 219 time is 0.624ms
04-13 01:19:26.112  3688  3702 I native-activity: Animating
04-13 01:19:26.112  3688  3702 I native-activity: Frame 220 GL error is 0x0
04-13 01:19:26.112  3688  3702 I native-activity: Frame 220 time is 0.387ms
04-13 01:19:26.112  3688  3702 I native-activity: Swap 220 time is 1.362ms
04-13 01:19:26.112  1434  2219 I MdnieScenarioControlService: mGameModeLauncher : false
04-13 01:19:26.112  3688  3702 I native-activity: Animating
04-13 01:19:26.112  3688  3702 I native-activity: Frame 221 GL error is 0x0
04-13 01:19:26.112  3688  3702 I native-activity: Frame 221 time is 0.296ms
04-13 01:19:26.112  3688  3702 I native-activity: Swap 221 time is 0.481ms
04-13 01:19:26.112  3688  3702 I native-activity: Animating
04-13 01:19:26.112  3688  3702 I native-activity: Frame 222 GL error is 0x0
04-13 01:19:26.112  3688  3702 I native-activity: Frame 222 time is 0.142ms
04-13 01:19:26.112  3688  3702 I native-activity: Swap 222 time is 1.199ms
04-13 01:19:26.112  3688  3702 I native-activity: Animating
04-13 01:19:26.112  3688  3702 I native-activity: Frame 223 GL error is 0x0
04-13 01:19:26.112  3688  3702 I native-activity: Frame 223 time is 0.285ms
04-13 01:19:26.112  3688  3702 I native-activity: Swap 223 time is 1.025ms
04-13 01:19:26.112  3688  3702 I native-activity: Animating
04-13 01:19:26.112  3688  3702 I native-activity: Frame 224 GL error is 0x0
04-13 01:19:26.112  3688  3702 I native-activity: Frame 224 time is 0.305ms
04-13 01:19:26.112  3688  3702 I native-activity: Swap 224 time is 1.009ms
04-13 01:19:26.112  3688  3702 I native-activity: Animating
04-13 01:19:26.122  1434  2219 I MdnieScenarioControlService: setUIMode
04-13 01:19:26.222  3688  3702 I native-activity: Frame 225 GL error is 0x501
04-13 01:19:26.222  3688  3702 I native-activity: Frame 225 time is 108.136ms
04-13 01:19:26.232  3688  3702 I native-activity: Swap 225 time is 110.734ms
04-13 01:19:26.232  3688  3702 I native-activity: Animating
04-13 01:19:26.232  3688  3702 I native-activity: Frame 226 GL error is 0x0
04-13 01:19:26.232  3688  3702 I native-activity: Frame 226 time is 0.794ms
04-13 01:19:26.232  3688  3702 I native-activity: Swap 226 time is 1.750ms
04-13 01:19:26.232  3688  3702 I native-activity: Animating
04-13 01:19:26.232  3688  3702 I native-activity: Frame 227 GL error is 0x0
04-13 01:19:26.232  3688  3702 I native-activity: Frame 227 time is 3.640ms
04-13 01:19:26.232  3688  3702 I native-activity: Swap 227 time is 4.548ms
04-13 01:19:26.232  3688  3702 I native-activity: Animating
04-13 01:19:26.232  3688  3702 I native-activity: Frame 228 GL error is 0x0
04-13 01:19:26.232  3688  3702 I native-activity: Frame 228 time is 1.932ms
04-13 01:19:26.232  3688  3702 I native-activity: Swap 228 time is 2.335ms
04-13 01:19:26.232  3688  3702 I native-activity: Animating
04-13 01:19:26.242  3688  3702 I native-activity: Frame 229 GL error is 0x0
04-13 01:19:26.242  3688  3702 I native-activity: Frame 229 time is 1.878ms
04-13 01:19:26.242  3688  3702 I native-activity: Swap 229 time is 2.131ms
04-13 01:19:26.242  3688  3702 I native-activity: Animating
04-13 01:19:26.242  3688  3702 I native-activity: Frame 230 GL error is 0x0
04-13 01:19:26.242  3688  3702 I native-activity: Frame 230 time is 1.355ms
04-13 01:19:26.242  3688  3702 I native-activity: Swap 230 time is 1.841ms
04-13 01:19:26.242  3688  3702 I native-activity: Animating
04-13 01:19:26.242  3688  3702 I native-activity: Frame 231 GL error is 0x0
04-13 01:19:26.242  3688  3702 I native-activity: Frame 231 time is 1.399ms
04-13 01:19:26.242  3688  3702 I native-activity: Swap 231 time is 1.672ms
04-13 01:19:26.242  3688  3702 I native-activity: Animating
04-13 01:19:26.252  3688  3702 I native-activity: Frame 232 GL error is 0x501
04-13 01:19:26.252  3688  3702 I native-activity: Frame 232 time is 8.333ms
04-13 01:19:26.252  3688  3702 I native-activity: Swap 232 time is 8.686ms
04-13 01:19:26.252  3688  3702 I native-activity: Animating
04-13 01:19:26.262  3688  3702 I native-activity: Frame 233 GL error is 0x501
04-13 01:19:26.262  3688  3702 I native-activity: Frame 233 time is 7.992ms
04-13 01:19:26.262  3688  3702 I native-activity: Swap 233 time is 8.349ms
04-13 01:19:26.262  3688  3702 I native-activity: Animating
04-13 01:19:26.262  3688  3702 I native-activity: Frame 234 GL error is 0x0
04-13 01:19:26.262  3688  3702 I native-activity: Frame 234 time is 1.616ms
04-13 01:19:26.262  3688  3702 I native-activity: Swap 234 time is 1.861ms
04-13 01:19:26.262  3688  3702 I native-activity: Animating
04-13 01:19:26.262  3688  3702 I native-activity: Frame 235 GL error is 0x0
04-13 01:19:26.262  3688  3702 I native-activity: Frame 235 time is 0.834ms
04-13 01:19:26.262  3688  3702 I native-activity: Swap 235 time is 1.074ms
04-13 01:19:26.262  3688  3702 I native-activity: Animating
04-13 01:19:26.262  3688  3702 I native-activity: Frame 236 GL error is 0x0
04-13 01:19:26.262  3688  3702 I native-activity: Frame 236 time is 0.796ms
04-13 01:19:26.262  3688  3702 I native-activity: Swap 236 time is 1.053ms
04-13 01:19:26.262  3688  3702 I native-activity: Animating
04-13 01:19:26.262  3688  3702 I native-activity: Frame 237 GL error is 0x0
04-13 01:19:26.262  3688  3702 I native-activity: Frame 237 time is 0.956ms
04-13 01:19:26.262  3688  3702 I native-activity: Swap 237 time is 1.186ms
04-13 01:19:26.262  3688  3702 I native-activity: Animating
04-13 01:19:26.262  3688  3702 I native-activity: Frame 238 GL error is 0x0
04-13 01:19:26.262  3688  3702 I native-activity: Frame 238 time is 0.782ms
04-13 01:19:26.262  3688  3702 I native-activity: Swap 238 time is 1.051ms
04-13 01:19:26.262  3688  3702 I native-activity: Animating
04-13 01:19:26.262  3688  3702 I native-activity: Frame 239 GL error is 0x0
04-13 01:19:26.262  3688  3702 I native-activity: Frame 239 time is 0.809ms
04-13 01:19:26.272  3688  3702 I native-activity: Swap 239 time is 1.619ms
04-13 01:19:26.272  3688  3702 I native-activity: Animating
04-13 01:19:26.322  3688  3702 I native-activity: Frame 240 GL error is 0x501
04-13 01:19:26.322  3688  3702 I native-activity: Frame 240 time is 54.741ms
04-13 01:19:26.322  3688  3702 I native-activity: Swap 240 time is 55.071ms
04-13 01:19:26.322  3688  3702 I native-activity: Animating
04-13 01:19:26.342  3688  3702 I native-activity: Frame 241 GL error is 0x501
04-13 01:19:26.342  3688  3702 I native-activity: Frame 241 time is 21.504ms
04-13 01:19:26.342  3688  3702 I native-activity: Swap 241 time is 21.853ms
04-13 01:19:26.342  3688  3702 I native-activity: Animating
04-13 01:19:26.352  3688  3702 I native-activity: Frame 242 GL error is 0x0
04-13 01:19:26.352  3688  3702 I native-activity: Frame 242 time is 8.949ms
04-13 01:19:26.352  3688  3702 I native-activity: Swap 242 time is 9.278ms
04-13 01:19:26.352  3688  3702 I native-activity: Animating
04-13 01:19:26.362  3688  3702 I native-activity: Frame 243 GL error is 0x0
04-13 01:19:26.362  3688  3702 I native-activity: Frame 243 time is 5.424ms
04-13 01:19:26.362  3688  3702 I native-activity: Swap 243 time is 5.749ms
04-13 01:19:26.362  3688  3702 I native-activity: Animating
04-13 01:19:26.362  3688  3702 I native-activity: Frame 244 GL error is 0x0
04-13 01:19:26.362  3688  3702 I native-activity: Frame 244 time is 3.417ms
04-13 01:19:26.362  3688  3702 I native-activity: Swap 244 time is 3.731ms
04-13 01:19:26.362  3688  3702 I native-activity: Animating
04-13 01:19:26.372  3688  3702 I native-activity: Frame 245 GL error is 0x0
04-13 01:19:26.372  3688  3702 I native-activity: Frame 245 time is 12.150ms
04-13 01:19:26.372  3688  3702 I native-activity: Swap 245 time is 12.483ms
04-13 01:19:26.372  3688  3702 I native-activity: Animating
04-13 01:19:26.382  2381  2381 D Recents : onTaskStackChanged
04-13 01:19:26.382  3688  3702 I native-activity: Frame 246 GL error is 0x501
04-13 01:19:26.382  3688  3702 I native-activity: Frame 246 time is 9.673ms
04-13 01:19:26.382  3688  3702 I native-activity: Swap 246 time is 10.016ms
04-13 01:19:26.382  3688  3702 I native-activity: Animating
04-13 01:19:26.402  3688  3702 I native-activity: Frame 247 GL error is 0x501
04-13 01:19:26.402  3688  3702 I native-activity: Frame 247 time is 13.964ms
04-13 01:19:26.402  3688  3702 I native-activity: Swap 247 time is 14.409ms
04-13 01:19:26.402  3688  3702 I native-activity: Animating
04-13 01:19:26.402  3688  3702 I native-activity: Frame 248 GL error is 0x0
04-13 01:19:26.402  3688  3702 I native-activity: Frame 248 time is 3.428ms
04-13 01:19:26.402  3688  3702 I native-activity: Swap 248 time is 4.983ms
04-13 01:19:26.402  3688  3702 I native-activity: Animating
04-13 01:19:26.412  3688  3702 I native-activity: Frame 249 GL error is 0x501
04-13 01:19:26.412  3688  3702 I native-activity: Frame 249 time is 9.718ms
04-13 01:19:26.412  3688  3702 I native-activity: Swap 249 time is 10.160ms
04-13 01:19:26.412  3688  3702 I native-activity: Animating
04-13 01:19:26.422  3688  3702 I native-activity: Frame 250 GL error is 0x0
04-13 01:19:26.422  3688  3702 I native-activity: Frame 250 time is 5.702ms
04-13 01:19:26.422  3688  3702 I native-activity: Swap 250 time is 6.270ms
04-13 01:19:26.422  3688  3702 I native-activity: Animating
04-13 01:19:26.432  3688  3702 I native-activity: Frame 251 GL error is 0x0
04-13 01:19:26.432  3688  3702 I native-activity: Frame 251 time is 5.722ms
04-13 01:19:26.432  3688  3702 I native-activity: Swap 251 time is 6.165ms
04-13 01:19:26.432  3688  3702 I native-activity: Animating
04-13 01:19:26.432  3688  3702 I native-activity: Frame 252 GL error is 0x501
04-13 01:19:26.432  3688  3702 I native-activity: Frame 252 time is 5.580ms
04-13 01:19:26.432  3688  3702 I native-activity: Swap 252 time is 6.129ms
04-13 01:19:26.432  3688  3702 I native-activity: Animating
04-13 01:19:26.442  3688  3702 I native-activity: Frame 253 GL error is 0x0
04-13 01:19:26.442  3688  3702 I native-activity: Frame 253 time is 3.598ms
04-13 01:19:26.442  3688  3702 I native-activity: Swap 253 time is 4.014ms
04-13 01:19:26.442  3688  3702 I native-activity: Animating
04-13 01:19:26.442  3688  3702 I native-activity: Frame 254 GL error is 0x0
04-13 01:19:26.442  3688  3702 I native-activity: Frame 254 time is 3.944ms
04-13 01:19:26.442  3688  3702 I native-activity: Swap 254 time is 4.368ms
04-13 01:19:26.442  3688  3702 I native-activity: Animating
04-13 01:19:26.452  3688  3702 I native-activity: Frame 255 GL error is 0x0
04-13 01:19:26.452  3688  3702 I native-activity: Frame 255 time is 4.205ms
04-13 01:19:26.452  3688  3702 I native-activity: Swap 255 time is 4.631ms
04-13 01:19:26.452  3688  3702 I native-activity: Animating
04-13 01:19:26.452  3688  3702 I native-activity: Frame 256 GL error is 0x0
04-13 01:19:26.452  3688  3702 I native-activity: Frame 256 time is 5.486ms
04-13 01:19:26.452  3688  3702 I native-activity: Swap 256 time is 5.924ms
04-13 01:19:26.452  3688  3702 I native-activity: Animating
04-13 01:19:26.462  3688  3702 I native-activity: Frame 257 GL error is 0x0
04-13 01:19:26.462  3688  3702 I native-activity: Frame 257 time is 4.497ms
04-13 01:19:26.462  3688  3702 I native-activity: Swap 257 time is 4.926ms
04-13 01:19:26.462  3688  3702 I native-activity: Animating
04-13 01:19:26.462  3688  3702 I native-activity: Frame 258 GL error is 0x0
04-13 01:19:26.462  3688  3702 I native-activity: Frame 258 time is 4.952ms
04-13 01:19:26.462  3688  3702 I native-activity: Swap 258 time is 5.381ms
04-13 01:19:26.462  3688  3702 I native-activity: Animating
04-13 01:19:26.472  3688  3702 I native-activity: Context 0xee531680 made current on surface 0xee529640, error 0x3000
04-13 01:19:26.472  3688  3702 I native-activity: GL information
04-13 01:19:26.472  3688  3702 I native-activity: 	Renderer: Adreno (TM) 530
04-13 01:19:26.472  3688  3702 I native-activity: 	Vendor: Qualcomm
04-13 01:19:26.472  3688  3702 I native-activity: 	Version: OpenGL ES 3.2 V@145.0 (GIT@I5bc0f577f9)
04-13 01:19:26.472  3688  3702 I native-activity: 	Shading Language: OpenGL ES GLSL ES 3.20
04-13 01:19:26.472  3688  3702 I native-activity: 	Extensions: GL_OES_EGL_image GL_OES_EGL_image_external GL_OES_EGL_sync GL_OES_vertex_half_float GL_OES_framebuffer_object GL_OES_rgb8_rgba8 GL_OES_compressed_ETC1_RGB8_texture GL_AMD_compressed_ATC_texture GL_KHR_texture_compression_astc_ldr GL_KHR_texture_compression_astc_hdr GL_OES_texture_compression_astc GL_OES_texture_npot GL_EXT_texture_filter_anisotropic GL_EXT_texture_format_BGRA8888 GL_OES_texture_3D GL_EXT_color_buffer_float GL_EXT_color_buffer_half_float GL_QCOM_alpha_test GL_OES_depth24 GL_OES_packed_depth_stencil GL_OES_depth_texture GL_OES_depth_texture_cube_map GL_EXT_sRGB GL_OES_texture_float GL_OES_texture_float_linear GL_OES_texture_half_float GL_OES_texture_half_float_linear GL_EXT_texture_type_2_10_10_10_REV GL_EXT_texture_sRGB_decode GL_OES_element_index_uint GL_EXT_copy_image GL_EXT_geometry_shader GL_EXT_tessellation_shader GL_OES_texture_stencil8 GL_EXT_shader_io_blocks GL_OES_shader_image_atomic GL_OES_sample_variables GL_EXT_texture_border_clamp GL_EXT_multisampled_render_to_textur
04-13 01:19:26.472  3688  3702 I native-activity: Context 0xee531680 made current on surface 0xee529640, error 0x3000
04-13 01:19:26.472  3688  3702 I native-activity: GL information
04-13 01:19:26.472  3688  3702 I native-activity: 	Renderer: Adreno (TM) 530
04-13 01:19:26.472  3688  3702 I native-activity: 	Vendor: Qualcomm
04-13 01:19:26.472  3688  3702 I native-activity: 	Version: OpenGL ES 3.2 V@145.0 (GIT@I5bc0f577f9)
04-13 01:19:26.472  3688  3702 I native-activity: 	Shading Language: OpenGL ES GLSL ES 3.20
04-13 01:19:26.472  3688  3702 I native-activity: 	Extensions: GL_OES_EGL_image GL_OES_EGL_image_external GL_OES_EGL_sync GL_OES_vertex_half_float GL_OES_framebuffer_object GL_OES_rgb8_rgba8 GL_OES_compressed_ETC1_RGB8_texture GL_AMD_compressed_ATC_texture GL_KHR_texture_compression_astc_ldr GL_KHR_texture_compression_astc_hdr GL_OES_texture_compression_astc GL_OES_texture_npot GL_EXT_texture_filter_anisotropic GL_EXT_texture_format_BGRA8888 GL_OES_texture_3D GL_EXT_color_buffer_float GL_EXT_color_buffer_half_float GL_QCOM_alpha_test GL_OES_depth24 GL_OES_packed_depth_stencil GL_OES_depth_texture GL_OES_depth_texture_cube_map GL_EXT_sRGB GL_OES_texture_float GL_OES_texture_float_linear GL_OES_texture_half_float GL_OES_texture_half_float_linear GL_EXT_texture_type_2_10_10_10_REV GL_EXT_texture_sRGB_decode GL_OES_element_index_uint GL_EXT_copy_image GL_EXT_geometry_shader GL_EXT_tessellation_shader GL_OES_texture_stencil8 GL_EXT_shader_io_blocks GL_OES_shader_image_atomic GL_OES_sample_variables GL_EXT_texture_border_clamp GL_EXT_multisampled_render_to_textur
04-13 01:19:26.472  3688  3702 I native-activity: Frame 259 GL error is 0x0
04-13 01:19:26.472  3688  3702 I native-activity: Frame 259 time is 4.398ms
04-13 01:19:26.472  3688  3702 I native-activity: Swap 259 time is 4.427ms
04-13 01:19:26.472  3688  3702 I native-activity: Animating
04-13 01:19:26.472  3688  3702 I native-activity: Frame 260 GL error is 0x0
04-13 01:19:26.472  3688  3702 I native-activity: Frame 260 time is 4.053ms
04-13 01:19:26.472  3688  3702 I native-activity: Swap 260 time is 4.476ms
04-13 01:19:26.472  3688  3702 I native-activity: Animating
04-13 01:19:26.482  3688  3702 I native-activity: Frame 261 GL error is 0x0
04-13 01:19:26.482  3688  3702 I native-activity: Frame 261 time is 5.313ms
04-13 01:19:26.482  3688  3702 I native-activity: Swap 261 time is 5.746ms
04-13 01:19:26.482  3688  3702 I native-activity: Animating
04-13 01:19:26.482  3688  3702 I native-activity: Frame 262 GL error is 0x0
04-13 01:19:26.482  3688  3702 I native-activity: Frame 262 time is 3.559ms
04-13 01:19:26.482  3688  3702 I native-activity: Swap 262 time is 3.986ms
04-13 01:19:26.482  3688  3702 I native-activity: Animating
04-13 01:19:26.492  3688  3702 I native-activity: Frame 263 GL error is 0x0
04-13 01:19:26.492  3688  3702 I native-activity: Frame 263 time is 5.620ms
04-13 01:19:26.492  3688  3702 I native-activity: Swap 263 time is 6.051ms
04-13 01:19:26.492  3688  3702 I native-activity: Animating
04-13 01:19:26.492  3688  3702 I native-activity: Frame 264 GL error is 0x0
04-13 01:19:26.492  3688  3702 I native-activity: Frame 264 time is 4.739ms
04-13 01:19:26.492  3688  3702 I native-activity: Swap 264 time is 5.160ms
04-13 01:19:26.492  3688  3702 I native-activity: Animating
04-13 01:19:26.502  3688  3702 I native-activity: Frame 265 GL error is 0x0
04-13 01:19:26.502  3688  3702 I native-activity: Frame 265 time is 3.872ms
04-13 01:19:26.502  3688  3702 I native-activity: Swap 265 time is 4.297ms
04-13 01:19:26.502  3688  3702 I native-activity: Animating
04-13 01:19:26.502  3688  3702 I native-activity: Frame 266 GL error is 0x0
04-13 01:19:26.502  3688  3702 I native-activity: Frame 266 time is 5.231ms
04-13 01:19:26.502  3688  3702 I native-activity: Swap 266 time is 5.656ms
04-13 01:19:26.502  3688  3702 I native-activity: Animating
04-13 01:19:26.512  3688  3702 I native-activity: Frame 267 GL error is 0x0
04-13 01:19:26.512  3688  3702 I native-activity: Frame 267 time is 4.767ms
04-13 01:19:26.512  3688  3702 I native-activity: Swap 267 time is 5.197ms
04-13 01:19:26.512  3688  3702 I native-activity: Animating
04-13 01:19:26.512  3688  3702 I native-activity: Frame 268 GL error is 0x0
04-13 01:19:26.512  3688  3702 I native-activity: Frame 268 time is 4.636ms
04-13 01:19:26.512  3688  3702 I native-activity: Swap 268 time is 5.066ms
04-13 01:19:26.512  3688  3702 I native-activity: Animating
04-13 01:19:26.522  3688  3702 I native-activity: Frame 269 GL error is 0x0
04-13 01:19:26.522  3688  3702 I native-activity: Frame 269 time is 6.933ms
04-13 01:19:26.522  3688  3702 I native-activity: Swap 269 time is 7.368ms
04-13 01:19:26.522  3688  3702 I native-activity: Animating
04-13 01:19:26.532  3688  3702 I native-activity: Frame 270 GL error is 0x0
04-13 01:19:26.532  3688  3702 I native-activity: Frame 270 time is 5.726ms
04-13 01:19:26.532  3688  3702 I native-activity: Swap 270 time is 6.152ms
04-13 01:19:26.532  3688  3702 I native-activity: Animating
04-13 01:19:26.532  3688  3702 I native-activity: Frame 271 GL error is 0x0
04-13 01:19:26.532  3688  3702 I native-activity: Frame 271 time is 3.878ms
04-13 01:19:26.532  3688  3702 I native-activity: Swap 271 time is 4.302ms
04-13 01:19:26.532  3688  3702 I native-activity: Animating
04-13 01:19:26.542  3688  3702 I native-activity: Frame 272 GL error is 0x0
04-13 01:19:26.542  3688  3702 I native-activity: Frame 272 time is 4.754ms
04-13 01:19:26.542  3688  3702 I native-activity: Swap 272 time is 5.196ms
04-13 01:19:26.542  3688  3702 I native-activity: Animating
04-13 01:19:26.542  3688  3702 I native-activity: Frame 273 GL error is 0x0
04-13 01:19:26.542  3688  3702 I native-activity: Frame 273 time is 4.575ms
04-13 01:19:26.542  3688  3702 I native-activity: Swap 273 time is 5.007ms
04-13 01:19:26.542  3688  3702 I native-activity: Animating
04-13 01:19:26.552  3688  3702 I native-activity: Frame 274 GL error is 0x501
04-13 01:19:26.552  3688  3702 I native-activity: Frame 274 time is 6.245ms
04-13 01:19:26.552  3688  3702 I native-activity: Swap 274 time is 6.679ms
04-13 01:19:26.552  3688  3702 I native-activity: Animating
04-13 01:19:26.552  3688  3702 I native-activity: Frame 275 GL error is 0x0
04-13 01:19:26.552  3688  3702 I native-activity: Frame 275 time is 4.651ms
04-13 01:19:26.552  3688  3702 I native-activity: Swap 275 time is 5.075ms
04-13 01:19:26.552  3688  3702 I native-activity: Animating
04-13 01:19:26.562  3688  3702 I native-activity: Frame 276 GL error is 0x0
04-13 01:19:26.562  3688  3702 I native-activity: Frame 276 time is 4.230ms
04-13 01:19:26.562  3688  3702 I native-activity: Swap 276 time is 4.649ms
04-13 01:19:26.562  3688  3702 I native-activity: Animating
04-13 01:19:26.562  3688  3702 I native-activity: Frame 277 GL error is 0x0
04-13 01:19:26.562  3688  3702 I native-activity: Frame 277 time is 4.860ms
04-13 01:19:26.562  3688  3702 I native-activity: Swap 277 time is 5.287ms
04-13 01:19:26.562  3688  3702 I native-activity: Animating
04-13 01:19:26.572  3688  3702 I native-activity: Frame 278 GL error is 0x0
04-13 01:19:26.572  3688  3702 I native-activity: Frame 278 time is 3.638ms
04-13 01:19:26.572  3688  3702 I native-activity: Swap 278 time is 4.047ms
04-13 01:19:26.572  3688  3702 I native-activity: Animating
04-13 01:19:26.572  3688  3702 I native-activity: Frame 279 GL error is 0x0
04-13 01:19:26.572  3688  3702 I native-activity: Frame 279 time is 4.283ms
04-13 01:19:26.572  3688  3702 I native-activity: Swap 279 time is 4.702ms
04-13 01:19:26.572  3688  3702 I native-activity: Animating
04-13 01:19:26.582  3688  3702 I native-activity: Frame 280 GL error is 0x0
04-13 01:19:26.582  3688  3702 I native-activity: Frame 280 time is 3.674ms
04-13 01:19:26.582  3688  3702 I native-activity: Swap 280 time is 4.094ms
04-13 01:19:26.582  3688  3702 I native-activity: Animating
04-13 01:19:26.582  3688  3702 I native-activity: Frame 281 GL error is 0x0
04-13 01:19:26.582  3688  3702 I native-activity: Frame 281 time is 4.212ms
04-13 01:19:26.582  3688  3702 I native-activity: Swap 281 time is 4.635ms
04-13 01:19:26.582  3688  3702 I native-activity: Animating
04-13 01:19:26.592  3688  3702 I native-activity: Frame 282 GL error is 0x0
04-13 01:19:26.592  3688  3702 I native-activity: Frame 282 time is 3.998ms
04-13 01:19:26.592  3688  3702 I native-activity: Swap 282 time is 4.433ms
04-13 01:19:26.592  3688  3702 I native-activity: Animating
04-13 01:19:26.592  3688  3702 I native-activity: Frame 283 GL error is 0x0
04-13 01:19:26.592  3688  3702 I native-activity: Frame 283 time is 4.021ms
04-13 01:19:26.592  3688  3702 I native-activity: Swap 283 time is 4.436ms
04-13 01:19:26.592  3688  3702 I native-activity: Animating
04-13 01:19:26.592  3688  3702 I native-activity: Frame 284 GL error is 0x0
04-13 01:19:26.592  3688  3702 I native-activity: Frame 284 time is 3.481ms
04-13 01:19:26.592  3688  3702 I native-activity: Swap 284 time is 3.895ms
04-13 01:19:26.592  3688  3702 I native-activity: Animating
04-13 01:19:26.602  3688  3702 I native-activity: Frame 285 GL error is 0x0
04-13 01:19:26.602  3688  3702 I native-activity: Frame 285 time is 3.697ms
04-13 01:19:26.602  3688  3702 I native-activity: Swap 285 time is 4.120ms
04-13 01:19:26.602  3688  3702 I native-activity: Animating
04-13 01:19:26.602  3688  3702 I native-activity: Frame 286 GL error is 0x0
04-13 01:19:26.602  3688  3702 I native-activity: Frame 286 time is 3.611ms
04-13 01:19:26.602  3688  3702 I native-activity: Swap 286 time is 4.028ms
04-13 01:19:26.602  3688  3702 I native-activity: Animating
04-13 01:19:26.612  3688  3702 I native-activity: Frame 287 GL error is 0x0
04-13 01:19:26.612  3688  3702 I native-activity: Frame 287 time is 4.334ms
04-13 01:19:26.612  3688  3702 I native-activity: Swap 287 time is 4.763ms
04-13 01:19:26.612  3688  3702 I native-activity: Animating
04-13 01:19:26.612  3688  3702 I native-activity: Frame 288 GL error is 0x0
04-13 01:19:26.612  3688  3702 I native-activity: Frame 288 time is 3.600ms
04-13 01:19:26.612  3688  3702 I native-activity: Swap 288 time is 4.036ms
04-13 01:19:26.612  3688  3702 I native-activity: Animating
04-13 01:19:26.612  3688  3702 I native-activity: Frame 289 GL error is 0x0
04-13 01:19:26.612  3688  3702 I native-activity: Frame 289 time is 3.567ms
04-13 01:19:26.622  3688  3702 I native-activity: Swap 289 time is 4.070ms
04-13 01:19:26.622  3688  3702 I native-activity: Animating
04-13 01:19:26.622  3688  3702 I native-activity: Frame 290 GL error is 0x0
04-13 01:19:26.622  3688  3702 I native-activity: Frame 290 time is 3.622ms
04-13 01:19:26.622  3688  3702 I native-activity: Swap 290 time is 4.882ms
04-13 01:19:26.622  3688  3702 I native-activity: Animating
04-13 01:19:26.622  3688  3702 I native-activity: Frame 291 GL error is 0x0
04-13 01:19:26.622  3688  3702 I native-activity: Frame 291 time is 4.054ms
04-13 01:19:26.622  3688  3702 I native-activity: Swap 291 time is 4.490ms
04-13 01:19:26.622  3688  3702 I native-activity: Animating
04-13 01:19:26.632  3688  3702 I native-activity: Frame 292 GL error is 0x0
04-13 01:19:26.632  3688  3702 I native-activity: Frame 292 time is 3.426ms
04-13 01:19:26.632  3688  3702 I native-activity: Swap 292 time is 3.863ms
04-13 01:19:26.632  3688  3702 I native-activity: Animating
04-13 01:19:26.632  3688  3702 I native-activity: Frame 293 GL error is 0x0
04-13 01:19:26.632  3688  3702 I native-activity: Frame 293 time is 4.563ms
04-13 01:19:26.632  3688  3702 I native-activity: Swap 293 time is 5.009ms
04-13 01:19:26.632  3688  3702 I native-activity: Animating
04-13 01:19:26.642  3688  3702 I native-activity: Frame 294 GL error is 0x0
04-13 01:19:26.642  3688  3702 I native-activity: Frame 294 time is 3.782ms
04-13 01:19:26.642  3688  3702 I native-activity: Swap 294 time is 4.223ms
04-13 01:19:26.642  3688  3702 I native-activity: Animating
04-13 01:19:26.642  3688  3702 I native-activity: Frame 295 GL error is 0x0
04-13 01:19:26.642  3688  3702 I native-activity: Frame 295 time is 4.511ms
04-13 01:19:26.642  3688  3702 I native-activity: Swap 295 time is 4.953ms
04-13 01:19:26.642  3688  3702 I native-activity: Animating
