04-13 01:19:25.542  1434  1434 I MotionRecognitionService: Plugged
04-13 01:19:25.542  1434  1434 D MotionRecognitionService:   cableConnection= 1
04-13 01:19:25.542  1434  1434 D MotionRecognitionService: setPowerConnected | current backoffstate  = 1024 , state =1024
04-13 01:19:25.542  1434  1434 D MotionRecognitionService: skip setTransmitPower. 
04-13 01:19:25.542 30475 30475 D PowerUI : Cable  true --> true mBootCompleted : false
04-13 01:19:25.542 30475 30475 D PowerUI : Sending cableIntent : Intent { act=com.samsung.systemui.power.action.ACTION_CABLE_CONNECTED VirtualScreenParam=Params{mDisplayId=-1, null, mFlags=0x00000000)} }
04-13 01:19:25.542 30475 30475 D PowerUI : priorPlugType = 2 mPlugType =  2
04-13 01:19:25.542 30475 30475 D PowerUI.Notification: showChargingNotice oldChargingType : 1 currentChargingType : 1 oldChargingTime : 1120000 mChargingTime : 1120000
04-13 01:19:25.542 30475 30475 D PowerUI.Notification: There is no change about charging status, so return!
04-13 01:19:25.552  3688  3702 I native-activity: Context 0xee531680 made current on surface 0xee529640, error 0x3000
04-13 01:19:25.552  3688  3702 I native-activity: GL information
04-13 01:19:25.552  3688  3702 I native-activity: 	Renderer: Adreno (TM) 530
04-13 01:19:25.552  3688  3702 I native-activity: 	Vendor: Qualcomm
04-13 01:19:25.552  3688  3702 I native-activity: 	Version: OpenGL ES 3.2 V@145.0 (GIT@I5bc0f577f9)
04-13 01:19:25.552  3688  3702 I native-activity: 	Shading Language: OpenGL ES GLSL ES 3.20
04-13 01:19:25.552  3688  3702 I native-activity: 	Extensions: GL_OES_EGL_image GL_OES_EGL_image_external GL_OES_EGL_sync GL_OES_vertex_half_float GL_OES_framebuffer_object GL_OES_rgb8_rgba8 GL_OES_compressed_ETC1_RGB8_texture GL_AMD_compressed_ATC_texture GL_KHR_texture_compression_astc_ldr GL_KHR_texture_compression_astc_hdr GL_OES_texture_compression_astc GL_OES_texture_npot GL_EXT_texture_filter_anisotropic GL_EXT_texture_format_BGRA8888 GL_OES_texture_3D GL_EXT_color_buffer_float GL_EXT_color_buffer_half_float GL_QCOM_alpha_test GL_OES_depth24 GL_OES_packed_depth_stencil GL_OES_depth_texture GL_OES_depth_texture_cube_map GL_EXT_sRGB GL_OES_texture_float GL_OES_texture_float_linear GL_OES_texture_half_float GL_OES_texture_half_float_linear GL_EXT_texture_type_2_10_10_10_REV GL_EXT_texture_sRGB_decode GL_OES_element_index_uint GL_EXT_copy_image GL_EXT_geometry_shader GL_EXT_tessellation_shader GL_OES_texture_stencil8 GL_EXT_shader_io_blocks GL_OES_shader_image_atomic GL_OES_sample_variables GL_EXT_texture_border_clamp GL_EXT_multisampled_render_to_textur
04-13 01:19:25.552 30938 30938 I BatteryChangedReceiver: received action: android.intent.action.BATTERY_CHANGED
04-13 01:19:25.562 30475 30475 D BatteryMeterView: ACTION_BATTERY_CHANGED : level:90 status:2 health:2
04-13 01:19:25.562 30475 30475 D BatteryMeterView: ACTION_BATTERY_CHANGED : level:90 status:2 health:2
04-13 01:19:25.572  3688  3702 I native-activity: Frame 0 GL error is 0x501
04-13 01:19:25.572  3688  3702 I native-activity: Frame 0 time is 58.433ms
04-13 01:19:25.582  3688  3702 I native-activity: Swap 0 time is 59.270ms
04-13 01:19:25.592  3688  3702 I native-activity: Animating
04-13 01:19:25.592  3688  3702 I native-activity: Frame 1 GL error is 0x0
04-13 01:19:25.592  3688  3702 I native-activity: Frame 1 time is 0.320ms
04-13 01:19:25.592  3688  3702 I native-activity: Swap 1 time is 0.756ms
04-13 01:19:25.592  3688  3702 I native-activity: Animating
04-13 01:19:25.592  3688  3702 I native-activity: Frame 2 GL error is 0x0
04-13 01:19:25.592  3688  3702 I native-activity: Frame 2 time is 0.292ms
04-13 01:19:25.592  3688  3702 I native-activity: Swap 2 time is 0.809ms
04-13 01:19:25.592  3688  3702 I native-activity: Animating
04-13 01:19:25.592  3688  3702 I native-activity: Context 0xee531680 made current on surface 0xee529640, error 0x3000
04-13 01:19:25.592  3688  3702 I native-activity: GL information
04-13 01:19:25.592  3688  3702 I native-activity: 	Renderer: Adreno (TM) 530
04-13 01:19:25.592  3688  3702 I native-activity: 	Vendor: Qualcomm
04-13 01:19:25.592  3688  3702 I native-activity: 	Version: OpenGL ES 3.2 V@145.0 (GIT@I5bc0f577f9)
04-13 01:19:25.592  3688  3702 I native-activity: 	Shading Language: OpenGL ES GLSL ES 3.20
04-13 01:19:25.592  3688  3702 I native-activity: 	Extensions: GL_OES_EGL_image GL_OES_EGL_image_external GL_OES_EGL_sync GL_OES_vertex_half_float GL_OES_framebuffer_object GL_OES_rgb8_rgba8 GL_OES_compressed_ETC1_RGB8_texture GL_AMD_compressed_ATC_texture GL_KHR_texture_compression_astc_ldr GL_KHR_texture_compression_astc_hdr GL_OES_texture_compression_astc GL_OES_texture_npot GL_EXT_texture_filter_anisotropic GL_EXT_texture_format_BGRA8888 GL_OES_texture_3D GL_EXT_color_buffer_float GL_EXT_color_buffer_half_float GL_QCOM_alpha_test GL_OES_depth24 GL_OES_packed_depth_stencil GL_OES_depth_texture GL_OES_depth_texture_cube_map GL_EXT_sRGB GL_OES_texture_float GL_OES_texture_float_linear GL_OES_texture_half_float GL_OES_texture_half_float_linear GL_EXT_texture_type_2_10_10_10_REV GL_EXT_texture_sRGB_decode GL_OES_element_index_uint GL_EXT_copy_image GL_EXT_geometry_shader GL_EXT_tessellation_shader GL_OES_texture_stencil8 GL_EXT_shader_io_blocks GL_OES_shader_image_atomic GL_OES_sample_variables GL_EXT_texture_border_clamp GL_EXT_multisampled_render_to_textur
04-13 01:19:25.592  3688  3702 I native-activity: Frame 3 GL error is 0x0
04-13 01:19:25.592  3688  3702 I native-activity: Frame 3 time is 0.080ms
04-13 01:19:25.592  3688  3702 I native-activity: Swap 3 time is 0.472ms
04-13 01:19:25.592  3688  3702 I native-activity: Animating
04-13 01:19:25.632  3688  3702 I native-activity: Frame 4 GL error is 0x501
04-13 01:19:25.632  3688  3702 I native-activity: Frame 4 time is 41.018ms
04-13 01:19:25.632  3688  3702 I native-activity: Swap 4 time is 41.519ms
04-13 01:19:25.632  3688  3702 I native-activity: Animating
04-13 01:19:25.632  3688  3702 I native-activity: Frame 5 GL error is 0x0
04-13 01:19:25.632  3688  3702 I native-activity: Frame 5 time is 0.259ms
04-13 01:19:25.632  3688  3702 I native-activity: Swap 5 time is 0.473ms
04-13 01:19:25.632  3688  3702 I native-activity: Animating
04-13 01:19:25.632  3688  3702 I native-activity: Frame 6 GL error is 0x0
04-13 01:19:25.632  3688  3702 I native-activity: Frame 6 time is 0.235ms
04-13 01:19:25.632  3688  3702 I native-activity: Swap 6 time is 0.789ms
04-13 01:19:25.632  3688  3702 I native-activity: Animating
04-13 01:19:25.632  3688  3702 I native-activity: Frame 7 GL error is 0x0
04-13 01:19:25.632  3688  3702 I native-activity: Frame 7 time is 0.243ms
04-13 01:19:25.632  3688  3702 I native-activity: Swap 7 time is 0.432ms
04-13 01:19:25.632  3688  3702 I native-activity: Animating
04-13 01:19:25.632  3688  3702 I native-activity: Frame 8 GL error is 0x0
04-13 01:19:25.632  3688  3702 I native-activity: Frame 8 time is 0.192ms
04-13 01:19:25.632  3688  3702 I native-activity: Swap 8 time is 0.819ms
04-13 01:19:25.632  3688  3702 I native-activity: Animating
04-13 01:19:25.632  3688  3702 I native-activity: Frame 9 GL error is 0x0
04-13 01:19:25.632  3688  3702 I native-activity: Frame 9 time is 0.259ms
04-13 01:19:25.632  3688  3702 I native-activity: Swap 9 time is 0.437ms
04-13 01:19:25.632  3688  3702 I native-activity: Animating
04-13 01:19:25.632  3688  3702 I native-activity: Frame 10 GL error is 0x0
04-13 01:19:25.632  3688  3702 I native-activity: Frame 10 time is 0.195ms
04-13 01:19:25.632  3688  3702 I native-activity: Swap 10 time is 0.664ms
04-13 01:19:25.632  3688  3702 I native-activity: Animating
04-13 01:19:25.632  3688  3702 I native-activity: Frame 11 GL error is 0x0
04-13 01:19:25.632  3688  3702 I native-activity: Frame 11 time is 0.244ms
04-13 01:19:25.642  3688  3702 I native-activity: Swap 11 time is 0.714ms
04-13 01:19:25.642  3688  3702 I native-activity: Animating
04-13 01:19:25.642  3688  3702 I native-activity: Frame 12 GL error is 0x0
04-13 01:19:25.642  3688  3702 I native-activity: Frame 12 time is 0.527ms
04-13 01:19:25.642  3688  3702 I native-activity: Swap 12 time is 4.143ms
04-13 01:19:25.642  3688  3702 I native-activity: Animating
04-13 01:19:25.642  3688  3702 I native-activity: Frame 13 GL error is 0x0
04-13 01:19:25.642  3688  3702 I native-activity: Frame 13 time is 0.279ms
04-13 01:19:25.642  3688  3702 I native-activity: Swap 13 time is 0.435ms
04-13 01:19:25.642  3688  3702 I native-activity: Animating
04-13 01:19:25.642  3688  3702 I native-activity: Frame 14 GL error is 0x0
04-13 01:19:25.642  3688  3702 I native-activity: Frame 14 time is 0.179ms
04-13 01:19:25.642  3688  3702 I native-activity: Swap 14 time is 0.297ms
04-13 01:19:25.642  3688  3702 I native-activity: Animating
04-13 01:19:25.642  3688  3702 I native-activity: Frame 15 GL error is 0x0
04-13 01:19:25.642  3688  3702 I native-activity: Frame 15 time is 0.171ms
04-13 01:19:25.642  3688  3702 I native-activity: Swap 15 time is 0.284ms
04-13 01:19:25.642  3688  3702 I native-activity: Animating
04-13 01:19:25.642  3688  3702 I native-activity: Frame 16 GL error is 0x0
04-13 01:19:25.642  3688  3702 I native-activity: Frame 16 time is 0.151ms
04-13 01:19:25.642  3688  3702 I native-activity: Swap 16 time is 0.655ms
04-13 01:19:25.642  3688  3702 I native-activity: Animating
04-13 01:19:25.642  3688  3702 I native-activity: Frame 17 GL error is 0x0
04-13 01:19:25.642  3688  3702 I native-activity: Frame 17 time is 0.232ms
04-13 01:19:25.642  3688  3702 I native-activity: Swap 17 time is 0.701ms
04-13 01:19:25.642  3688  3702 I native-activity: Animating
04-13 01:19:25.642  3688  3702 I native-activity: Frame 18 GL error is 0x0
04-13 01:19:25.642  3688  3702 I native-activity: Frame 18 time is 0.226ms
04-13 01:19:25.642  3688  3702 I native-activity: Swap 18 time is 0.513ms
04-13 01:19:25.642  3688  3702 I native-activity: Animating
04-13 01:19:25.642  3688  3702 I native-activity: Frame 19 GL error is 0x0
04-13 01:19:25.642  3688  3702 I native-activity: Frame 19 time is 0.199ms
04-13 01:19:25.642  3688  3702 I native-activity: Swap 19 time is 0.680ms
04-13 01:19:25.642  3688  3702 I native-activity: Animating
04-13 01:19:25.642  3688  3702 I native-activity: Frame 20 GL error is 0x0
04-13 01:19:25.642  3688  3702 I native-activity: Frame 20 time is 0.242ms
04-13 01:19:25.642  3688  3702 I native-activity: Swap 20 time is 0.405ms
04-13 01:19:25.642  3688  3702 I native-activity: Animating
04-13 01:19:25.642  3688  3702 I native-activity: Frame 21 GL error is 0x0
04-13 01:19:25.642  3688  3702 I native-activity: Frame 21 time is 0.163ms
04-13 01:19:25.642  3688  3702 I native-activity: Swap 21 time is 0.633ms
04-13 01:19:25.642  3688  3702 I native-activity: Animating
04-13 01:19:25.642  3688  3702 I native-activity: Frame 22 GL error is 0x0
04-13 01:19:25.642  3688  3702 I native-activity: Frame 22 time is 0.212ms
04-13 01:19:25.642  3688  3702 I native-activity: Swap 22 time is 0.635ms
04-13 01:19:25.642  3688  3702 I native-activity: Animating
04-13 01:19:25.652  3688  3702 I native-activity: Frame 23 GL error is 0x0
04-13 01:19:25.652  3688  3702 I native-activity: Frame 23 time is 0.250ms
04-13 01:19:25.652  3688  3702 I native-activity: Swap 23 time is 0.394ms
04-13 01:19:25.652  3688  3702 I native-activity: Animating
04-13 01:19:25.652  3688  3702 I native-activity: Frame 24 GL error is 0x0
04-13 01:19:25.652  3688  3702 I native-activity: Frame 24 time is 0.168ms
04-13 01:19:25.652  3688  3702 I native-activity: Swap 24 time is 0.707ms
04-13 01:19:25.652  3688  3702 I native-activity: Animating
04-13 01:19:25.652  3688  3702 I native-activity: Frame 25 GL error is 0x0
04-13 01:19:25.652  3688  3702 I native-activity: Frame 25 time is 0.255ms
04-13 01:19:25.652  3688  3702 I native-activity: Swap 25 time is 0.605ms
04-13 01:19:25.652  3688  3702 I native-activity: Animating
04-13 01:19:25.652  3688  3702 I native-activity: Frame 26 GL error is 0x0
04-13 01:19:25.652  3688  3702 I native-activity: Frame 26 time is 0.194ms
04-13 01:19:25.652  3688  3702 I native-activity: Swap 26 time is 0.468ms
04-13 01:19:25.652  3688  3702 I native-activity: Animating
04-13 01:19:25.652  3688  3702 I native-activity: Frame 27 GL error is 0x0
04-13 01:19:25.652  3688  3702 I native-activity: Frame 27 time is 0.187ms
04-13 01:19:25.652  3688  3702 I native-activity: Swap 27 time is 0.631ms
04-13 01:19:25.652  3688  3702 I native-activity: Animating
04-13 01:19:25.652  3688  3702 I native-activity: Frame 28 GL error is 0x0
04-13 01:19:25.652  3688  3702 I native-activity: Frame 28 time is 0.239ms
04-13 01:19:25.652  3688  3702 I native-activity: Swap 28 time is 0.384ms
04-13 01:19:25.652  3688  3702 I native-activity: Animating
04-13 01:19:25.652  3688  3702 I native-activity: Frame 29 GL error is 0x0
04-13 01:19:25.652  3688  3702 I native-activity: Frame 29 time is 0.146ms
04-13 01:19:25.652  3688  3702 I native-activity: Swap 29 time is 0.632ms
04-13 01:19:25.652  3688  3702 I native-activity: Animating
04-13 01:19:25.652  3688  3702 I native-activity: Frame 30 GL error is 0x0
04-13 01:19:25.652  3688  3702 I native-activity: Frame 30 time is 0.223ms
04-13 01:19:25.652  3688  3702 I native-activity: Swap 30 time is 0.676ms
04-13 01:19:25.652  3688  3702 I native-activity: Animating
04-13 01:19:25.662  3688  3702 I native-activity: Frame 31 GL error is 0x0
04-13 01:19:25.662  3688  3702 I native-activity: Frame 31 time is 5.818ms
04-13 01:19:25.662  3688  3702 I native-activity: Swap 31 time is 6.012ms
04-13 01:19:25.662  3688  3702 I native-activity: Animating
04-13 01:19:25.662  1434  2219 D MdnieScenarioControlService:  packageName : com.example.sonicdash_stage1    className : android.app.NativeActivity
04-13 01:19:25.682  3688  3702 I native-activity: Frame 32 GL error is 0x0
04-13 01:19:25.682  3688  3702 I native-activity: Frame 32 time is 21.341ms
04-13 01:19:25.682  3688  3702 I native-activity: Swap 32 time is 21.653ms
04-13 01:19:25.682  3688  3702 I native-activity: Animating
04-13 01:19:25.692  3688  3702 I native-activity: Frame 33 GL error is 0x0
04-13 01:19:25.692  3688  3702 I native-activity: Frame 33 time is 15.608ms
04-13 01:19:25.692  3688  3702 I native-activity: Swap 33 time is 15.933ms
04-13 01:19:25.692  3688  3702 I native-activity: Animating
04-13 01:19:25.702  1434  6994 D GameManagerService: identifyGamePackage. com.example.sonicdash_stage1
04-13 01:19:25.712   648   680 I SurfaceFlinger: id=3861 Removed tonicdash_s (7/11)
04-13 01:19:25.712   648  2746 I SurfaceFlinger: id=3861 Removed tonicdash_s (-2/11)
04-13 01:19:25.722   648   648 D libEGL  : eglTerminate EGLDisplay = 0x7ff9c80278
04-13 01:19:25.722  1434  1612 D CustomFrequencyManagerService: releaseDVFSLockLocked : Getting Lock type frm List : DVFS_MIN_LIMIT  frequency : 1555200  uid : 1000  pid : 1434  tag : ACTIVITY_RESUME_BOOSTER@14
04-13 01:19:25.732  1434  1612 I Timeline: Timeline: Activity_windows_visible id: ActivityRecord{4213969 u0 com.example.sonicdash_stage1/android.app.NativeActivity t1459} time:196046171
04-13 01:19:25.732  2590  2590 D Launcher.HomeView: onStop
04-13 01:19:25.732  1434  1612 D ActivityManager: mDVFSHelper.release()
04-13 01:19:25.742  2590  2590 D capture : ----destroy
04-13 01:19:25.742  1434  1612 D KnoxTimeoutHandler: notifyActivityDrawn [MsgParam] userId: 0 fullscreen is true showWhenlocked is false
04-13 01:19:25.742  1434  1434 D KnoxTimeoutHandler: activityDrawn [MsgParam] userId: 0 fullscreen is true showWhenlocked is false
04-13 01:19:25.742  1434  1434 I KnoxTimeoutHandler: SD activityfalse
04-13 01:19:25.742  1434  2164 D NetworkPolicy: isUidForegroundLocked: 10078, mScreenOn: true, uidstate: 3, mProxSensorScreenOff: false
04-13 01:19:25.742  1434  1531 D CustomFrequencyManagerService: acquireDVFSLockLocked : type : DVFS_MIN_LIMIT  frequency : 1555200  uid : 1000  pid : 1434  pkgName : ACTIVITY_RESUME_BOOSTER@20
04-13 01:19:25.752  2590  2590 D Launcher: onTrimMemory. Level: 20
04-13 01:19:25.752  2590  2590 V ActivityThread: updateVisibility : ActivityRecord{46ba7e token=android.os.BinderProxy@15e180a {com.sec.android.app.launcher/com.sec.android.app.launcher.activities.LauncherActivity}} show : false
04-13 01:19:25.762  3688  3702 I native-activity: Frame 34 GL error is 0x0
04-13 01:19:25.762  3688  3702 I native-activity: Frame 34 time is 70.728ms
04-13 01:19:25.762  3688  3702 I native-activity: Swap 34 time is 71.053ms
04-13 01:19:25.762  3688  3702 I native-activity: Animating
04-13 01:19:25.762  1434  2219 I MdnieScenarioControlService: mGameModeLauncher : false
04-13 01:19:25.772  1434  2219 I MdnieScenarioControlService: setUIMode
04-13 01:19:25.782  3688  3702 I native-activity: Frame 35 GL error is 0x0
04-13 01:19:25.782  3688  3702 I native-activity: Frame 35 time is 17.645ms
04-13 01:19:25.782  3688  3702 I native-activity: Swap 35 time is 17.964ms
04-13 01:19:25.782  3688  3702 I native-activity: Animating
04-13 01:19:25.792   648  3139 I SurfaceFlinger: id=3860 Removed MauncherAct (3/10)
04-13 01:19:25.792   648   680 I SurfaceFlinger: id=3860 Removed MauncherAct (-2/10)
04-13 01:19:25.792 30475 30475 D ImageWallpaper: onVisibilityChanged:false
04-13 01:19:25.792 30475 30475 D ImageWallpaper: drawFrame
04-13 01:19:25.792 30475 30475 D ImageWallpaper: drawFrame:false rotation:0 mLastRotation:0
04-13 01:19:25.792 30475 30475 D ImageWallpaper: drawFrame:[frame.width()]2240[frame.height()]2560
04-13 01:19:25.792 30475 30475 D ImageWallpaper: Suppressed drawFrame since redraw is not needed and offsets have not changed.
04-13 01:19:25.802   648   648 D libEGL  : eglTerminate EGLDisplay = 0x7ff9c80278
04-13 01:19:25.822  3688  3702 I native-activity: Frame 36 GL error is 0x501
04-13 01:19:25.822  3688  3702 I native-activity: Frame 36 time is 37.008ms
04-13 01:19:25.822  3688  3702 I native-activity: Swap 36 time is 37.358ms
04-13 01:19:25.822  3688  3702 I native-activity: Animating
04-13 01:19:25.832  3688  3702 I native-activity: Frame 37 GL error is 0x501
04-13 01:19:25.832  3688  3702 I native-activity: Frame 37 time is 7.004ms
04-13 01:19:25.832  3688  3702 I native-activity: Swap 37 time is 7.317ms
04-13 01:19:25.832  3688  3702 I native-activity: Animating
04-13 01:19:25.842  3688  3702 I native-activity: Frame 38 GL error is 0x501
04-13 01:19:25.842  3688  3702 I native-activity: Frame 38 time is 8.587ms
04-13 01:19:25.842  3688  3702 I native-activity: Swap 38 time is 9.324ms
04-13 01:19:25.842  3688  3702 I native-activity: Animating
04-13 01:19:25.842  3688  3702 I native-activity: Frame 39 GL error is 0x0
04-13 01:19:25.842  3688  3702 I native-activity: Frame 39 time is 5.613ms
04-13 01:19:25.842  3688  3702 I native-activity: Swap 39 time is 5.921ms
04-13 01:19:25.842  3688  3702 I native-activity: Animating
04-13 01:19:25.852  3688  3702 I native-activity: Frame 40 GL error is 0x0
04-13 01:19:25.852  3688  3702 I native-activity: Frame 40 time is 6.240ms
04-13 01:19:25.852  3688  3702 I native-activity: Swap 40 time is 6.548ms
04-13 01:19:25.852  3688  3702 I native-activity: Animating
04-13 01:19:25.862  3688  3702 I native-activity: Frame 41 GL error is 0x0
04-13 01:19:25.862  3688  3702 I native-activity: Frame 41 time is 5.568ms
04-13 01:19:25.862  3688  3702 I native-activity: Swap 41 time is 5.948ms
04-13 01:19:25.862  3688  3702 I native-activity: Animating
04-13 01:19:25.862  3688  3702 I native-activity: Frame 42 GL error is 0x0
04-13 01:19:25.862  3688  3702 I native-activity: Frame 42 time is 4.817ms
04-13 01:19:25.862  3688  3702 I native-activity: Swap 42 time is 5.117ms
04-13 01:19:25.862  3688  3702 I native-activity: Animating
04-13 01:19:25.872  3688  3702 I native-activity: Frame 43 GL error is 0x0
04-13 01:19:25.872  3688  3702 I native-activity: Frame 43 time is 5.695ms
04-13 01:19:25.872  3688  3702 I native-activity: Swap 43 time is 6.011ms
04-13 01:19:25.872  3688  3702 I native-activity: Animating
04-13 01:19:25.872  3688  3702 I native-activity: Frame 44 GL error is 0x0
04-13 01:19:25.872  3688  3702 I native-activity: Frame 44 time is 5.954ms
04-13 01:19:25.872  3688  3702 I native-activity: Swap 44 time is 6.270ms
04-13 01:19:25.872  3688  3702 I native-activity: Animating
04-13 01:19:25.892  3688  3702 I native-activity: Frame 45 GL error is 0x501
04-13 01:19:25.892  3688  3702 I native-activity: Frame 45 time is 13.252ms
04-13 01:19:25.892  3688  3702 I native-activity: Swap 45 time is 13.577ms
04-13 01:19:25.892  3688  3702 I native-activity: Animating
04-13 01:19:25.892  3688  3702 I native-activity: Frame 46 GL error is 0x501
04-13 01:19:25.892  3688  3702 I native-activity: Frame 46 time is 7.478ms
04-13 01:19:25.892  3688  3702 I native-activity: Swap 46 time is 7.798ms
04-13 01:19:25.892  3688  3702 I native-activity: Animating
04-13 01:19:25.902  3688  3702 I native-activity: Frame 47 GL error is 0x501
04-13 01:19:25.902  3688  3702 I native-activity: Frame 47 time is 6.110ms
04-13 01:19:25.902  3688  3702 I native-activity: Swap 47 time is 6.432ms
04-13 01:19:25.902  3688  3702 I native-activity: Animating
04-13 01:19:25.902  3688  3702 I native-activity: Frame 48 GL error is 0x0
04-13 01:19:25.902  3688  3702 I native-activity: Frame 48 time is 0.241ms
04-13 01:19:25.902  3688  3702 I native-activity: Swap 48 time is 0.429ms
04-13 01:19:25.902  3688  3702 I native-activity: Animating
04-13 01:19:25.902  3688  3702 I native-activity: Frame 49 GL error is 0x0
04-13 01:19:25.902  3688  3702 I native-activity: Frame 49 time is 0.197ms
04-13 01:19:25.902  3688  3702 I native-activity: Swap 49 time is 0.349ms
04-13 01:19:25.902  3688  3702 I native-activity: Animating
04-13 01:19:25.902  3688  3702 I native-activity: Frame 50 GL error is 0x0
04-13 01:19:25.902  3688  3702 I native-activity: Frame 50 time is 0.202ms
04-13 01:19:25.902  3688  3702 I native-activity: Swap 50 time is 0.350ms
04-13 01:19:25.902  3688  3702 I native-activity: Animating
04-13 01:19:25.902  3688  3702 I native-activity: Frame 51 GL error is 0x0
04-13 01:19:25.902  3688  3702 I native-activity: Frame 51 time is 0.196ms
04-13 01:19:25.902  3688  3702 I native-activity: Swap 51 time is 0.304ms
04-13 01:19:25.902  3688  3702 I native-activity: Animating
04-13 01:19:25.902  3688  3702 I native-activity: Frame 52 GL error is 0x0
04-13 01:19:25.902  3688  3702 I native-activity: Frame 52 time is 0.174ms
04-13 01:19:25.902  3688  3702 I native-activity: Swap 52 time is 0.285ms
04-13 01:19:25.902  3688  3702 I native-activity: Animating
04-13 01:19:25.902  3688  3702 I native-activity: Frame 53 GL error is 0x0
04-13 01:19:25.902  3688  3702 I native-activity: Frame 53 time is 0.179ms
04-13 01:19:25.902  3688  3702 I native-activity: Swap 53 time is 0.310ms
04-13 01:19:25.902  3688  3702 I native-activity: Animating
04-13 01:19:25.902  3688  3702 I native-activity: Frame 54 GL error is 0x0
04-13 01:19:25.902  3688  3702 I native-activity: Frame 54 time is 0.157ms
04-13 01:19:25.902  3688  3702 I native-activity: Swap 54 time is 0.259ms
04-13 01:19:25.902  3688  3702 I native-activity: Animating
04-13 01:19:25.902  3688  3702 I native-activity: Frame 55 GL error is 0x0
04-13 01:19:25.902  3688  3702 I native-activity: Frame 55 time is 0.167ms
04-13 01:19:25.902  3688  3702 I native-activity: Swap 55 time is 0.282ms
04-13 01:19:25.902  3688  3702 I native-activity: Animating
04-13 01:19:25.902  3688  3702 I native-activity: Frame 56 GL error is 0x0
04-13 01:19:25.902  3688  3702 I native-activity: Frame 56 time is 0.181ms
04-13 01:19:25.902  3688  3702 I native-activity: Swap 56 time is 0.286ms
04-13 01:19:25.902  3688  3702 I native-activity: Animating
04-13 01:19:25.902  3688  3702 I native-activity: Frame 57 GL error is 0x0
04-13 01:19:25.902  3688  3702 I native-activity: Frame 57 time is 0.160ms
04-13 01:19:25.902  3688  3702 I native-activity: Swap 57 time is 0.258ms
04-13 01:19:25.902  3688  3702 I native-activity: Animating
04-13 01:19:25.902  3688  3702 I native-activity: Frame 58 GL error is 0x0
04-13 01:19:25.902  3688  3702 I native-activity: Frame 58 time is 0.172ms
04-13 01:19:25.912  3688  3702 I native-activity: Swap 58 time is 0.282ms
04-13 01:19:25.912  3688  3702 I native-activity: Animating
04-13 01:19:25.912  3688  3702 I native-activity: Frame 59 GL error is 0x0
04-13 01:19:25.912  3688  3702 I native-activity: Frame 59 time is 0.200ms
04-13 01:19:25.912  3688  3702 I native-activity: Swap 59 time is 0.424ms
04-13 01:19:25.912  3688  3702 I native-activity: Animating
04-13 01:19:25.912  3688  3702 I native-activity: Frame 60 GL error is 0x0
04-13 01:19:25.912  3688  3702 I native-activity: Frame 60 time is 0.201ms
04-13 01:19:25.912  3688  3702 I native-activity: Swap 60 time is 0.308ms
04-13 01:19:25.912  3688  3702 I native-activity: Animating
04-13 01:19:25.912  3688  3702 I native-activity: Frame 61 GL error is 0x0
04-13 01:19:25.912  3688  3702 I native-activity: Frame 61 time is 0.158ms
04-13 01:19:25.912  3688  3702 I native-activity: Swap 61 time is 0.263ms
04-13 01:19:25.912  3688  3702 I native-activity: Animating
04-13 01:19:25.912  3688  3702 I native-activity: Frame 62 GL error is 0x0
04-13 01:19:25.912  3688  3702 I native-activity: Frame 62 time is 0.164ms
04-13 01:19:25.912  3688  3702 I native-activity: Swap 62 time is 0.265ms
04-13 01:19:25.912  3688  3702 I native-activity: Animating
04-13 01:19:25.912  3688  3702 I native-activity: Frame 63 GL error is 0x0
04-13 01:19:25.912  3688  3702 I native-activity: Frame 63 time is 0.176ms
04-13 01:19:25.912  3688  3702 I native-activity: Swap 63 time is 0.282ms
04-13 01:19:25.912  3688  3702 I native-activity: Animating
04-13 01:19:25.912  3688  3702 I native-activity: Frame 64 GL error is 0x0
04-13 01:19:25.912  3688  3702 I native-activity: Frame 64 time is 0.139ms
04-13 01:19:25.912  3688  3702 I native-activity: Swap 64 time is 0.230ms
04-13 01:19:25.912  3688  3702 I native-activity: Animating
04-13 01:19:25.912  3688  3702 I native-activity: Frame 65 GL error is 0x0
04-13 01:19:25.912  3688  3702 I native-activity: Frame 65 time is 0.162ms
04-13 01:19:25.912  3688  3702 I native-activity: Swap 65 time is 0.792ms
04-13 01:19:25.912  3688  3702 I native-activity: Animating
04-13 01:19:25.912  3688  3702 I native-activity: Frame 66 GL error is 0x0
04-13 01:19:25.912  3688  3702 I native-activity: Frame 66 time is 0.252ms
04-13 01:19:25.912  3688  3702 I native-activity: Swap 66 time is 0.562ms
04-13 01:19:25.912  3688  3702 I native-activity: Animating
04-13 01:19:25.912  3688  3702 I native-activity: Frame 67 GL error is 0x0
04-13 01:19:25.912  3688  3702 I native-activity: Frame 67 time is 0.208ms
04-13 01:19:25.912  3688  3702 I native-activity: Swap 67 time is 0.740ms
04-13 01:19:25.912  3688  3702 I native-activity: Animating
04-13 01:19:25.912  3688  3702 I native-activity: Frame 68 GL error is 0x0
04-13 01:19:25.912  3688  3702 I native-activity: Frame 68 time is 0.297ms
04-13 01:19:25.912  3688  3702 I native-activity: Swap 68 time is 0.443ms
04-13 01:19:25.912  3688  3702 I native-activity: Animating
04-13 01:19:25.912  3688  3702 I native-activity: Frame 69 GL error is 0x0
04-13 01:19:25.912  3688  3702 I native-activity: Frame 69 time is 0.172ms
04-13 01:19:25.912  3688  3702 I native-activity: Swap 69 time is 0.831ms
04-13 01:19:25.912  3688  3702 I native-activity: Animating
04-13 01:19:25.912  3688  3702 I native-activity: Frame 70 GL error is 0x0
04-13 01:19:25.912  3688  3702 I native-activity: Frame 70 time is 0.252ms
04-13 01:19:25.912  3688  3702 I native-activity: Swap 70 time is 0.982ms
04-13 01:19:25.912  3688  3702 I native-activity: Animating
04-13 01:19:25.912  3688  3702 I native-activity: Frame 71 GL error is 0x0
04-13 01:19:25.912  3688  3702 I native-activity: Frame 71 time is 0.269ms
04-13 01:19:25.912  3688  3702 I native-activity: Swap 71 time is 0.412ms
04-13 01:19:25.912  3688  3702 I native-activity: Animating
04-13 01:19:25.912  3688  3702 I native-activity: Frame 72 GL error is 0x0
04-13 01:19:25.912  3688  3702 I native-activity: Frame 72 time is 0.164ms
04-13 01:19:25.912  3688  3702 I native-activity: Swap 72 time is 0.667ms
04-13 01:19:25.912  3688  3702 I native-activity: Animating
04-13 01:19:25.912  3688  3702 I native-activity: Frame 73 GL error is 0x0
04-13 01:19:25.912  3688  3702 I native-activity: Frame 73 time is 0.228ms
04-13 01:19:25.912  3688  3702 I native-activity: Swap 73 time is 0.834ms
04-13 01:19:25.912  3688  3702 I native-activity: Animating
04-13 01:19:25.912  3688  3702 I native-activity: Frame 74 GL error is 0x0
04-13 01:19:25.912  3688  3702 I native-activity: Frame 74 time is 0.240ms
04-13 01:19:25.912  3688  3702 I native-activity: Swap 74 time is 0.377ms
04-13 01:19:25.912  3688  3702 I native-activity: Animating
04-13 01:19:25.912  3688  3702 I native-activity: Frame 75 GL error is 0x0
04-13 01:19:25.912  3688  3702 I native-activity: Frame 75 time is 0.136ms
04-13 01:19:25.912  3688  3702 I native-activity: Swap 75 time is 0.684ms
04-13 01:19:25.912  3688  3702 I native-activity: Animating
04-13 01:19:25.922  3688  3702 I native-activity: Frame 76 GL error is 0x0
04-13 01:19:25.922  3688  3702 I native-activity: Frame 76 time is 0.288ms
04-13 01:19:25.922  3688  3702 I native-activity: Swap 76 time is 0.996ms
04-13 01:19:25.922  3688  3702 I native-activity: Animating
04-13 01:19:25.922  3688  3702 I native-activity: Frame 77 GL error is 0x0
04-13 01:19:25.922  3688  3702 I native-activity: Frame 77 time is 0.277ms
04-13 01:19:25.922  3688  3702 I native-activity: Swap 77 time is 0.430ms
04-13 01:19:25.922  3688  3702 I native-activity: Animating
04-13 01:19:25.922  3688  3702 I native-activity: Frame 78 GL error is 0x0
04-13 01:19:25.922  3688  3702 I native-activity: Frame 78 time is 0.176ms
04-13 01:19:25.922  3688  3702 I native-activity: Swap 78 time is 0.746ms
04-13 01:19:25.922  3688  3702 I native-activity: Animating
04-13 01:19:25.922  3688  3702 I native-activity: Frame 79 GL error is 0x0
04-13 01:19:25.922  3688  3702 I native-activity: Frame 79 time is 0.263ms
04-13 01:19:25.922  3688  3702 I native-activity: Swap 79 time is 0.872ms
04-13 01:19:25.922  3688  3702 I native-activity: Animating
04-13 01:19:25.922  3688  3702 I native-activity: Frame 80 GL error is 0x0
04-13 01:19:25.922  3688  3702 I native-activity: Frame 80 time is 0.272ms
04-13 01:19:25.922  3688  3702 I native-activity: Swap 80 time is 0.425ms
04-13 01:19:25.922  3688  3702 I native-activity: Animating
04-13 01:19:25.922  3688  3702 I native-activity: Frame 81 GL error is 0x0
04-13 01:19:25.922  3688  3702 I native-activity: Frame 81 time is 0.190ms
04-13 01:19:25.922  3688  3702 I native-activity: Swap 81 time is 0.768ms
04-13 01:19:25.922  3688  3702 I native-activity: Animating
04-13 01:19:25.922  3688  3702 I native-activity: Frame 82 GL error is 0x0
04-13 01:19:25.922  3688  3702 I native-activity: Frame 82 time is 0.271ms
04-13 01:19:25.922  3688  3702 I native-activity: Swap 82 time is 0.900ms
04-13 01:19:25.922  3688  3702 I native-activity: Animating
04-13 01:19:25.922  3688  3702 I native-activity: Frame 83 GL error is 0x0
04-13 01:19:25.922  3688  3702 I native-activity: Frame 83 time is 0.268ms
04-13 01:19:25.922  3688  3702 I native-activity: Swap 83 time is 0.439ms
04-13 01:19:25.922  3688  3702 I native-activity: Animating
04-13 01:19:25.922  3688  3702 I native-activity: Frame 84 GL error is 0x0
04-13 01:19:25.922  3688  3702 I native-activity: Frame 84 time is 0.214ms
04-13 01:19:25.922  3688  3702 I native-activity: Swap 84 time is 0.784ms
04-13 01:19:25.922  3688  3702 I native-activity: Animating
04-13 01:19:25.922  3688  3702 I native-activity: Frame 85 GL error is 0x0
04-13 01:19:25.922  3688  3702 I native-activity: Frame 85 time is 0.280ms
04-13 01:19:25.922  3688  3702 I native-activity: Swap 85 time is 0.662ms
04-13 01:19:25.922  3688  3702 I native-activity: Animating
04-13 01:19:25.922  3688  3702 I native-activity: Frame 86 GL error is 0x0
04-13 01:19:25.922  3688  3702 I native-activity: Frame 86 time is 0.257ms
04-13 01:19:25.922  3688  3702 I native-activity: Swap 86 time is 0.773ms
04-13 01:19:25.922  3688  3702 I native-activity: Animating
04-13 01:19:25.922  3688  3702 I native-activity: Frame 87 GL error is 0x0
04-13 01:19:25.922  3688  3702 I native-activity: Frame 87 time is 0.251ms
04-13 01:19:25.922  3688  3702 I native-activity: Swap 87 time is 0.888ms
04-13 01:19:25.922  3688  3702 I native-activity: Animating
04-13 01:19:25.922  3688  3702 I native-activity: Frame 88 GL error is 0x0
04-13 01:19:25.922  3688  3702 I native-activity: Frame 88 time is 0.301ms
04-13 01:19:25.922  3688  3702 I native-activity: Swap 88 time is 0.459ms
04-13 01:19:25.922  3688  3702 I native-activity: Animating
04-13 01:19:25.922  3688  3702 I native-activity: Frame 89 GL error is 0x0
04-13 01:19:25.922  3688  3702 I native-activity: Frame 89 time is 0.191ms
04-13 01:19:25.932  3688  3702 I native-activity: Swap 89 time is 2.012ms
04-13 01:19:25.932  3688  3702 I native-activity: Animating
04-13 01:19:25.932  3688  3702 I native-activity: Frame 90 GL error is 0x0
04-13 01:19:25.932  3688  3702 I native-activity: Frame 90 time is 0.266ms
04-13 01:19:25.932  3688  3702 I native-activity: Swap 90 time is 2.071ms
04-13 01:19:25.932  3688  3702 I native-activity: Animating
04-13 01:19:25.932  3688  3702 I native-activity: Frame 91 GL error is 0x0
04-13 01:19:25.932  3688  3702 I native-activity: Frame 91 time is 0.273ms
04-13 01:19:25.932  3688  3702 I native-activity: Swap 91 time is 2.076ms
04-13 01:19:25.932  3688  3702 I native-activity: Animating
04-13 01:19:25.932  3688  3702 I native-activity: Frame 92 GL error is 0x0
04-13 01:19:25.932  3688  3702 I native-activity: Frame 92 time is 0.231ms
04-13 01:19:25.932  3688  3702 I native-activity: Swap 92 time is 1.992ms
04-13 01:19:25.932  3688  3702 I native-activity: Animating
04-13 01:19:25.932  3688  3702 I native-activity: Frame 93 GL error is 0x0
04-13 01:19:25.932  3688  3702 I native-activity: Frame 93 time is 0.208ms
04-13 01:19:25.942  3688  3702 I native-activity: Swap 93 time is 2.132ms
04-13 01:19:25.942  3688  3702 I native-activity: Animating
04-13 01:19:25.942  3688  3702 I native-activity: Frame 94 GL error is 0x0
04-13 01:19:25.942  3688  3702 I native-activity: Frame 94 time is 0.250ms
04-13 01:19:25.942  3688  3702 I native-activity: Swap 94 time is 2.049ms
04-13 01:19:25.942  3688  3702 I native-activity: Animating
04-13 01:19:25.942  3688  3702 I native-activity: Frame 95 GL error is 0x0
04-13 01:19:25.942  3688  3702 I native-activity: Frame 95 time is 0.258ms
04-13 01:19:25.942  3688  3702 I native-activity: Swap 95 time is 2.060ms
04-13 01:19:25.942  3688  3702 I native-activity: Animating
04-13 01:19:25.942  3688  3702 I native-activity: Frame 96 GL error is 0x0
04-13 01:19:25.942  3688  3702 I native-activity: Frame 96 time is 0.258ms
04-13 01:19:25.942  3688  3702 I native-activity: Swap 96 time is 2.042ms
04-13 01:19:25.942  3688  3702 I native-activity: Animating
04-13 01:19:25.942  3688  3702 I native-activity: Frame 97 GL error is 0x0
04-13 01:19:25.942  3688  3702 I native-activity: Frame 97 time is 0.267ms
04-13 01:19:25.942  3688  3702 I native-activity: Swap 97 time is 2.010ms
04-13 01:19:25.942  3688  3702 I native-activity: Animating
04-13 01:19:25.942  3688  3702 I native-activity: Frame 98 GL error is 0x0
04-13 01:19:25.942  3688  3702 I native-activity: Frame 98 time is 0.241ms
04-13 01:19:25.952  3688  3702 I native-activity: Swap 98 time is 2.068ms
04-13 01:19:25.952  3688  3702 I native-activity: Animating
04-13 01:19:25.952  3688  3702 I native-activity: Frame 99 GL error is 0x0
04-13 01:19:25.952  3688  3702 I native-activity: Frame 99 time is 0.225ms
04-13 01:19:25.952  3688  3702 I native-activity: Swap 99 time is 2.085ms
04-13 01:19:25.952  3688  3702 I native-activity: Animating
04-13 01:19:25.952  3688  3702 I native-activity: Frame 100 GL error is 0x0
04-13 01:19:25.952  3688  3702 I native-activity: Frame 100 time is 0.243ms
04-13 01:19:25.952  3688  3702 I native-activity: Swap 100 time is 2.097ms
04-13 01:19:25.952  3688  3702 I native-activity: Animating
04-13 01:19:25.952  3688  3702 I native-activity: Frame 101 GL error is 0x0
04-13 01:19:25.952  3688  3702 I native-activity: Frame 101 time is 0.274ms
04-13 01:19:25.952  3688  3702 I native-activity: Swap 101 time is 1.992ms
04-13 01:19:25.952  3688  3702 I native-activity: Animating
04-13 01:19:25.952  3688  3702 I native-activity: Frame 102 GL error is 0x0
04-13 01:19:25.952  3688  3702 I native-activity: Frame 102 time is 0.267ms
04-13 01:19:25.952  3688  3702 I native-activity: Swap 102 time is 2.075ms
04-13 01:19:25.952  3688  3702 I native-activity: Animating
04-13 01:19:25.952  3688  3702 I native-activity: Frame 103 GL error is 0x0
04-13 01:19:25.952  3688  3702 I native-activity: Frame 103 time is 0.225ms
04-13 01:19:25.962  3688  3702 I native-activity: Swap 103 time is 2.068ms
04-13 01:19:25.962  3688  3702 I native-activity: Animating
04-13 01:19:25.962  3688  3702 I native-activity: Frame 104 GL error is 0x0
04-13 01:19:25.962  3688  3702 I native-activity: Frame 104 time is 0.240ms
04-13 01:19:25.962  3688  3702 I native-activity: Swap 104 time is 1.883ms
04-13 01:19:25.962  3688  3702 I native-activity: Animating
04-13 01:19:25.962  3688  3702 I native-activity: Frame 105 GL error is 0x0
04-13 01:19:25.962  3688  3702 I native-activity: Frame 105 time is 0.409ms
04-13 01:19:25.962  3688  3702 I native-activity: Swap 105 time is 1.409ms
04-13 01:19:25.962  3688  3702 I native-activity: Animating
04-13 01:19:25.962  3688  3702 I native-activity: Frame 106 GL error is 0x0
04-13 01:19:25.962  3688  3702 I native-activity: Frame 106 time is 0.301ms
04-13 01:19:25.962  3688  3702 I native-activity: Swap 106 time is 1.405ms
04-13 01:19:25.962  3688  3702 I native-activity: Animating
04-13 01:19:25.962  3688  3702 I native-activity: Frame 107 GL error is 0x0
04-13 01:19:25.962  3688  3702 I native-activity: Frame 107 time is 0.306ms
04-13 01:19:25.962  3688  3702 I native-activity: Swap 107 time is 1.451ms
04-13 01:19:25.962  3688  3702 I native-activity: Animating
04-13 01:19:25.962  3688  3702 I native-activity: Frame 108 GL error is 0x0
04-13 01:19:25.962  3688  3702 I native-activity: Frame 108 time is 0.221ms
04-13 01:19:25.962  3688  3702 I native-activity: Swap 108 time is 1.444ms
04-13 01:19:25.962  3688  3702 I native-activity: Animating
04-13 01:19:25.962  3688  3702 I native-activity: Frame 109 GL error is 0x0
04-13 01:19:25.962  3688  3702 I native-activity: Frame 109 time is 0.211ms
04-13 01:19:25.972  3688  3702 I native-activity: Swap 109 time is 1.443ms
04-13 01:19:25.972  3688  3702 I native-activity: Animating
04-13 01:19:25.972  3688  3702 I native-activity: Frame 110 GL error is 0x0
04-13 01:19:25.972  3688  3702 I native-activity: Frame 110 time is 0.243ms
04-13 01:19:25.972  3688  3702 I native-activity: Swap 110 time is 1.475ms
04-13 01:19:25.972  3688  3702 I native-activity: Animating
04-13 01:19:25.972  3688  3702 I native-activity: Frame 111 GL error is 0x0
04-13 01:19:25.972  3688  3702 I native-activity: Frame 111 time is 0.258ms
04-13 01:19:25.972  3688  3702 I native-activity: Swap 111 time is 1.502ms
04-13 01:19:25.972  3688  3702 I native-activity: Animating
04-13 01:19:25.972  3688  3702 I native-activity: Frame 112 GL error is 0x0
04-13 01:19:25.972  3688  3702 I native-activity: Frame 112 time is 0.367ms
04-13 01:19:25.972  3688  3702 I native-activity: Swap 112 time is 1.372ms
04-13 01:19:25.972  3688  3702 I native-activity: Animating
04-13 01:19:25.972  3688  3702 I native-activity: Frame 113 GL error is 0x0
04-13 01:19:25.972  3688  3702 I native-activity: Frame 113 time is 0.229ms
04-13 01:19:25.972  3688  3702 I native-activity: Swap 113 time is 1.448ms
04-13 01:19:25.972  3688  3702 I native-activity: Animating
04-13 01:19:25.972  3688  3702 I native-activity: Frame 114 GL error is 0x0
04-13 01:19:25.972  3688  3702 I native-activity: Frame 114 time is 0.230ms
04-13 01:19:25.972  3688  3702 I native-activity: Swap 114 time is 1.472ms
04-13 01:19:25.972  3688  3702 I native-activity: Animating
04-13 01:19:25.972  3688  3702 I native-activity: Frame 115 GL error is 0x0
04-13 01:19:25.972  3688  3702 I native-activity: Frame 115 time is 0.257ms
04-13 01:19:25.972  3688  3702 I native-activity: Swap 115 time is 1.462ms
04-13 01:19:25.972  3688  3702 I native-activity: Animating
04-13 01:19:25.982  3688  3702 I native-activity: Frame 116 GL error is 0x0
04-13 01:19:25.982  3688  3702 I native-activity: Frame 116 time is 0.268ms
04-13 01:19:25.982  3688  3702 I native-activity: Swap 116 time is 1.471ms
04-13 01:19:25.982  3688  3702 I native-activity: Animating
04-13 01:19:25.982  3688  3702 I native-activity: Frame 117 GL error is 0x0
04-13 01:19:25.982  3688  3702 I native-activity: Frame 117 time is 0.258ms
04-13 01:19:25.982  3688  3702 I native-activity: Swap 117 time is 1.531ms
04-13 01:19:25.982  3688  3702 I native-activity: Animating
04-13 01:19:25.982  3688  3702 I native-activity: Frame 118 GL error is 0x0
04-13 01:19:25.982  3688  3702 I native-activity: Frame 118 time is 0.315ms
04-13 01:19:25.982  3688  3702 I native-activity: Swap 118 time is 1.330ms
04-13 01:19:25.982  3688  3702 I native-activity: Animating
04-13 01:19:25.982  3688  3702 I native-activity: Frame 119 GL error is 0x0
04-13 01:19:25.982  3688  3702 I native-activity: Frame 119 time is 0.234ms
04-13 01:19:25.982  3688  3702 I native-activity: Swap 119 time is 1.424ms
04-13 01:19:25.982  3688  3702 I native-activity: Animating
04-13 01:19:25.982  3688  3702 I native-activity: Frame 120 GL error is 0x0
04-13 01:19:25.982  3688  3702 I native-activity: Frame 120 time is 0.223ms
04-13 01:19:25.982  3688  3702 I native-activity: Swap 120 time is 1.452ms
04-13 01:19:25.982  3688  3702 I native-activity: Animating
04-13 01:19:25.982  3688  3702 I native-activity: Frame 121 GL error is 0x0
04-13 01:19:25.982  3688  3702 I native-activity: Frame 121 time is 0.207ms
04-13 01:19:25.982  3688  3702 I native-activity: Swap 121 time is 1.442ms
04-13 01:19:25.982  3688  3702 I native-activity: Animating
04-13 01:19:25.982  3688  3702 I native-activity: Frame 122 GL error is 0x0
04-13 01:19:25.982  3688  3702 I native-activity: Frame 122 time is 0.226ms
04-13 01:19:25.992  3688  3702 I native-activity: Swap 122 time is 1.552ms
04-13 01:19:25.992  3688  3702 I native-activity: Animating
04-13 01:19:25.992  3688  3702 I native-activity: Frame 123 GL error is 0x0
04-13 01:19:25.992  3688  3702 I native-activity: Frame 123 time is 0.307ms
04-13 01:19:25.992  3688  3702 I native-activity: Swap 123 time is 1.374ms
04-13 01:19:25.992  3688  3702 I native-activity: Animating
04-13 01:19:25.992  3688  3702 I native-activity: Frame 124 GL error is 0x0
04-13 01:19:25.992  3688  3702 I native-activity: Frame 124 time is 0.332ms
04-13 01:19:25.992  3688  3702 I native-activity: Swap 124 time is 1.463ms
04-13 01:19:25.992  3688  3702 I native-activity: Animating
04-13 01:19:25.992  3688  3702 I native-activity: Frame 125 GL error is 0x0
04-13 01:19:25.992  3688  3702 I native-activity: Frame 125 time is 0.266ms
04-13 01:19:25.992  3688  3702 I native-activity: Swap 125 time is 1.424ms
04-13 01:19:25.992  3688  3702 I native-activity: Animating
04-13 01:19:25.992  3688  3702 I native-activity: Frame 126 GL error is 0x0
04-13 01:19:25.992  3688  3702 I native-activity: Frame 126 time is 0.288ms
04-13 01:19:25.992  3688  3702 I native-activity: Swap 126 time is 1.451ms
04-13 01:19:25.992  3688  3702 I native-activity: Animating
04-13 01:19:25.992  3688  3702 I native-activity: Frame 127 GL error is 0x0
04-13 01:19:25.992  3688  3702 I native-activity: Frame 127 time is 0.338ms
04-13 01:19:25.992  3688  3702 I native-activity: Swap 127 time is 1.470ms
04-13 01:19:25.992  3688  3702 I native-activity: Animating
04-13 01:19:25.992  3688  3702 I native-activity: Frame 128 GL error is 0x0
04-13 01:19:25.992  3688  3702 I native-activity: Frame 128 time is 0.271ms
04-13 01:19:25.992  3688  3702 I native-activity: Swap 128 time is 1.342ms
04-13 01:19:25.992  3688  3702 I native-activity: Animating
04-13 01:19:25.992  3688  3702 I native-activity: Frame 129 GL error is 0x0
04-13 01:19:25.992  3688  3702 I native-activity: Frame 129 time is 0.261ms
04-13 01:19:26.002  3688  3702 I native-activity: Swap 129 time is 1.517ms
04-13 01:19:26.002  3688  3702 I native-activity: Animating
04-13 01:19:26.002  3688  3702 I native-activity: Frame 130 GL error is 0x0
04-13 01:19:26.002  3688  3702 I native-activity: Frame 130 time is 0.404ms
04-13 01:19:26.002  3688  3702 I native-activity: Swap 130 time is 1.416ms
04-13 01:19:26.002  3688  3702 I native-activity: Animating
04-13 01:19:26.002  3688  3702 I native-activity: Frame 131 GL error is 0x0
04-13 01:19:26.002  3688  3702 I native-activity: Frame 131 time is 0.363ms
04-13 01:19:26.002  3688  3702 I native-activity: Swap 131 time is 1.315ms
04-13 01:19:26.002  3688  3702 I native-activity: Animating
04-13 01:19:26.002  3688  3702 I native-activity: Frame 132 GL error is 0x0
04-13 01:19:26.002  3688  3702 I native-activity: Frame 132 time is 0.268ms
04-13 01:19:26.002  3688  3702 I native-activity: Swap 132 time is 1.561ms
04-13 01:19:26.002  3688  3702 I native-activity: Animating
04-13 01:19:26.002  3688  3702 I native-activity: Frame 133 GL error is 0x0
04-13 01:19:26.002  3688  3702 I native-activity: Frame 133 time is 0.299ms
04-13 01:19:26.002  3688  3702 I native-activity: Swap 133 time is 1.250ms
04-13 01:19:26.002  3688  3702 I native-activity: Animating
04-13 01:19:26.002  3688  3702 I native-activity: Frame 134 GL error is 0x0
04-13 01:19:26.002  3688  3702 I native-activity: Frame 134 time is 0.279ms
04-13 01:19:26.002  3688  3702 I native-activity: Swap 134 time is 1.273ms
04-13 01:19:26.002  3688  3702 I native-activity: Animating
04-13 01:19:26.002  3688  3702 I native-activity: Frame 135 GL error is 0x0
04-13 01:19:26.002  3688  3702 I native-activity: Frame 135 time is 0.270ms
04-13 01:19:26.002  3688  3702 I native-activity: Swap 135 time is 1.256ms
04-13 01:19:26.002  3688  3702 I native-activity: Animating
04-13 01:19:26.002  3688  3702 I native-activity: Frame 136 GL error is 0x0
04-13 01:19:26.002  3688  3702 I native-activity: Frame 136 time is 0.275ms
04-13 01:19:26.012  3688  3702 I native-activity: Swap 136 time is 1.388ms
04-13 01:19:26.012  3688  3702 I native-activity: Animating
04-13 01:19:26.012  3688  3702 I native-activity: Frame 137 GL error is 0x0
04-13 01:19:26.012  3688  3702 I native-activity: Frame 137 time is 0.335ms
04-13 01:19:26.012  3688  3702 I native-activity: Swap 137 time is 1.136ms
04-13 01:19:26.012  3688  3702 I native-activity: Animating
04-13 01:19:26.012  3688  3702 I native-activity: Frame 138 GL error is 0x0
04-13 01:19:26.012  3688  3702 I native-activity: Frame 138 time is 0.657ms
04-13 01:19:26.012  3688  3702 I native-activity: Swap 138 time is 1.186ms
04-13 01:19:26.012  3688  3702 I native-activity: Animating
04-13 01:19:26.012  3688  3702 I native-activity: Frame 139 GL error is 0x0
04-13 01:19:26.012  3688  3702 I native-activity: Frame 139 time is 0.630ms
04-13 01:19:26.012  3688  3702 I native-activity: Swap 139 time is 1.187ms
04-13 01:19:26.012  3688  3702 I native-activity: Animating
04-13 01:19:26.012  1434  2219 D MdnieScenarioControlService:  packageName : com.example.sonicdash_stage1    className : android.app.NativeActivity
04-13 01:19:26.012  3688  3702 I native-activity: Frame 140 GL error is 0x0
04-13 01:19:26.012  3688  3702 I native-activity: Frame 140 time is 0.723ms
04-13 01:19:26.012  3688  3702 I native-activity: Swap 140 time is 1.210ms
04-13 01:19:26.012  3688  3702 I native-activity: Animating
04-13 01:19:26.012  3688  3702 I native-activity: Frame 141 GL error is 0x0
04-13 01:19:26.012  3688  3702 I native-activity: Frame 141 time is 0.660ms
04-13 01:19:26.012  3688  3702 I native-activity: Swap 141 time is 1.279ms
04-13 01:19:26.012  3688  3702 I native-activity: Animating
04-13 01:19:26.012  3688  3702 I native-activity: Frame 142 GL error is 0x0
04-13 01:19:26.012  3688  3702 I native-activity: Frame 142 time is 0.421ms
04-13 01:19:26.012  3688  3702 I native-activity: Swap 142 time is 1.242ms
04-13 01:19:26.012  3688  3702 I native-activity: Animating
04-13 01:19:26.012  3688  3702 I native-activity: Frame 143 GL error is 0x0
04-13 01:19:26.012  3688  3702 I native-activity: Frame 143 time is 0.412ms
04-13 01:19:26.012  3688  3702 I native-activity: Swap 143 time is 1.161ms
04-13 01:19:26.012  3688  3702 I native-activity: Animating
04-13 01:19:26.022  3688  3702 I native-activity: Frame 144 GL error is 0x0
