04-11 02:51:31.809  3402  3416 I native-activity: Animating
04-11 02:51:31.809  3402  3416 I native-activity: Context 0xee52d680 made current on surface 0xee5256c0, error 0x3000
04-11 02:51:31.809  3402  3416 I native-activity: GL information
04-11 02:51:31.809  3402  3416 I native-activity: 	Renderer: Adreno (TM) 530
04-11 02:51:31.809  3402  3416 I native-activity: 	Vendor: Qualcomm
04-11 02:51:31.809  3402  3416 I native-activity: 	Version: OpenGL ES 3.2 V@145.0 (GIT@I5bc0f577f9)
04-11 02:51:31.809  3402  3416 I native-activity: 	Shading Language: OpenGL ES GLSL ES 3.20
04-11 02:51:31.809  3402  3416 I native-activity: 	Extensions: GL_OES_EGL_image GL_OES_EGL_image_external GL_OES_EGL_sync GL_OES_vertex_half_float GL_OES_framebuffer_object GL_OES_rgb8_rgba8 GL_OES_compressed_ETC1_RGB8_texture GL_AMD_compressed_ATC_texture GL_KHR_texture_compression_astc_ldr GL_KHR_texture_compression_astc_hdr GL_OES_texture_compression_astc GL_OES_texture_npot GL_EXT_texture_filter_anisotropic GL_EXT_texture_format_BGRA8888 GL_OES_texture_3D GL_EXT_color_buffer_float GL_EXT_color_buffer_half_float GL_QCOM_alpha_test GL_OES_depth24 GL_OES_packed_depth_stencil GL_OES_depth_texture GL_OES_depth_texture_cube_map GL_EXT_sRGB GL_OES_texture_float GL_OES_texture_float_linear GL_OES_texture_half_float GL_OES_texture_half_float_linear GL_EXT_texture_type_2_10_10_10_REV GL_EXT_texture_sRGB_decode GL_OES_element_index_uint GL_EXT_copy_image GL_EXT_geometry_shader GL_EXT_tessellation_shader GL_OES_texture_stencil8 GL_EXT_shader_io_blocks GL_OES_shader_image_atomic GL_OES_sample_variables GL_EXT_texture_border_clamp GL_EXT_multisampled_render_to_textur
04-11 02:51:31.809  3402  3416 I native-activity: Frame 3 GL error is 0x0
04-11 02:51:31.809  3402  3416 I native-activity: Frame 3 time is 0.139ms
04-11 02:51:31.809  3402  3416 I native-activity: Doing egl_swapbuffers_sync 2
04-11 02:51:31.809  3402  3416 I native-activity: Swap 3 time is 0.550ms
04-11 02:51:31.809  3402  3416 I native-activity: Animating
04-11 02:51:31.849  3402  3416 I native-activity: Frame 4 GL error is 0x501
04-11 02:51:31.849  3402  3416 I native-activity: Frame 4 time is 37.795ms
04-11 02:51:31.849  3402  3416 I native-activity: Doing egl_swapbuffers_sync 2
04-11 02:51:31.849  3402  3416 I native-activity: Swap 4 time is 38.310ms
04-11 02:51:31.849  3402  3416 I native-activity: Animating
04-11 02:51:31.849  3402  3416 I native-activity: Frame 5 GL error is 0x0
04-11 02:51:31.849  3402  3416 I native-activity: Frame 5 time is 0.324ms
04-11 02:51:31.849  3402  3416 I native-activity: Doing egl_swapbuffers_sync 2
04-11 02:51:31.849  3402  3416 I native-activity: Swap 5 time is 0.705ms
04-11 02:51:31.849  3402  3416 I native-activity: Animating
04-11 02:51:31.849  3402  3416 I native-activity: Frame 6 GL error is 0x0
04-11 02:51:31.849  3402  3416 I native-activity: Frame 6 time is 0.331ms
04-11 02:51:31.849  3402  3416 I native-activity: Doing egl_swapbuffers_sync 2
04-11 02:51:31.849  3402  3416 I native-activity: Swap 6 time is 1.066ms
04-11 02:51:31.849  3402  3416 I native-activity: Animating
04-11 02:51:31.849  3402  3416 I native-activity: Frame 7 GL error is 0x0
04-11 02:51:31.849  3402  3416 I native-activity: Frame 7 time is 0.341ms
04-11 02:51:31.849  3402  3416 I native-activity: Doing egl_swapbuffers_sync 2
04-11 02:51:31.849  3402  3416 I native-activity: Swap 7 time is 1.070ms
04-11 02:51:31.849  3402  3416 I native-activity: Animating
04-11 02:51:31.849  3402  3416 I native-activity: Frame 8 GL error is 0x0
04-11 02:51:31.849  3402  3416 I native-activity: Frame 8 time is 0.349ms
04-11 02:51:31.849  3402  3416 I native-activity: Doing egl_swapbuffers_sync 2
04-11 02:51:31.849  3402  3416 I native-activity: Swap 8 time is 0.971ms
04-11 02:51:31.849  3402  3416 I native-activity: Animating
04-11 02:51:31.849  3402  3416 I native-activity: Frame 9 GL error is 0x0
04-11 02:51:31.849  3402  3416 I native-activity: Frame 9 time is 0.328ms
04-11 02:51:31.849  3402  3416 I native-activity: Doing egl_swapbuffers_sync 2
04-11 02:51:31.849  3402  3416 I native-activity: Swap 9 time is 1.037ms
04-11 02:51:31.849  3402  3416 I native-activity: Animating
04-11 02:51:31.849  3402  3416 I native-activity: Frame 10 GL error is 0x0
04-11 02:51:31.849  3402  3416 I native-activity: Frame 10 time is 0.352ms
04-11 02:51:31.849  3402  3416 I native-activity: Doing egl_swapbuffers_sync 2
04-11 02:51:31.849  3402  3416 I native-activity: Swap 10 time is 1.050ms
04-11 02:51:31.849  3402  3416 I native-activity: Animating
04-11 02:51:31.849  3402  3416 I native-activity: Frame 11 GL error is 0x0
04-11 02:51:31.849  3402  3416 I native-activity: Frame 11 time is 0.345ms
04-11 02:51:31.849  3402  3416 I native-activity: Doing egl_swapbuffers_sync 2
04-11 02:51:31.849  3402  3416 I native-activity: Swap 11 time is 0.978ms
04-11 02:51:31.849  3402  3416 I native-activity: Animating
04-11 02:51:31.849  3402  3416 I native-activity: Frame 12 GL error is 0x0
04-11 02:51:31.849  3402  3416 I native-activity: Frame 12 time is 0.318ms
04-11 02:51:31.849  3402  3416 I native-activity: Doing egl_swapbuffers_sync 2
04-11 02:51:31.849  3402  3416 I native-activity: Swap 12 time is 0.757ms
04-11 02:51:31.849  3402  3416 I native-activity: Animating
04-11 02:51:31.849  1434  2219 D MdnieScenarioControlService:  packageName : com.example.sonicdash_stage1    className : android.app.NativeActivity
04-11 02:51:31.859  3402  3416 I native-activity: Frame 13 GL error is 0x0
04-11 02:51:31.859  3402  3416 I native-activity: Frame 13 time is 0.357ms
04-11 02:51:31.859  3402  3416 I native-activity: Doing egl_swapbuffers_sync 2
04-11 02:51:31.859  3402  3416 I native-activity: Swap 13 time is 1.125ms
04-11 02:51:31.859  3402  3416 I native-activity: Animating
04-11 02:51:31.859  3402  3416 I native-activity: Frame 14 GL error is 0x0
04-11 02:51:31.859  3402  3416 I native-activity: Frame 14 time is 0.370ms
04-11 02:51:31.859  3402  3416 I native-activity: Doing egl_swapbuffers_sync 2
04-11 02:51:31.859  3402  3416 I native-activity: Swap 14 time is 1.072ms
04-11 02:51:31.859  3402  3416 I native-activity: Animating
04-11 02:51:31.859  3402  3416 I native-activity: Frame 15 GL error is 0x0
04-11 02:51:31.859  3402  3416 I native-activity: Frame 15 time is 0.337ms
04-11 02:51:31.859  3402  3416 I native-activity: Doing egl_swapbuffers_sync 2
04-11 02:51:31.859  3402  3416 I native-activity: Swap 15 time is 0.968ms
04-11 02:51:31.859  3402  3416 I native-activity: Animating
04-11 02:51:31.859  3402  3416 I native-activity: Frame 16 GL error is 0x0
04-11 02:51:31.859  3402  3416 I native-activity: Frame 16 time is 0.332ms
04-11 02:51:31.859  3402  3416 I native-activity: Doing egl_swapbuffers_sync 2
04-11 02:51:31.859  3402  3416 I native-activity: Swap 16 time is 0.977ms
04-11 02:51:31.859  3402  3416 I native-activity: Animating
04-11 02:51:31.859  3402  3416 I native-activity: Frame 17 GL error is 0x0
04-11 02:51:31.859  3402  3416 I native-activity: Frame 17 time is 0.326ms
04-11 02:51:31.859  3402  3416 I native-activity: Doing egl_swapbuffers_sync 2
04-11 02:51:31.859  3402  3416 I native-activity: Swap 17 time is 0.989ms
04-11 02:51:31.859  3402  3416 I native-activity: Animating
04-11 02:51:31.859  3402  3416 I native-activity: Frame 18 GL error is 0x0
04-11 02:51:31.859  3402  3416 I native-activity: Frame 18 time is 0.328ms
04-11 02:51:31.859  3402  3416 I native-activity: Doing egl_swapbuffers_sync 2
04-11 02:51:31.859  3402  3416 I native-activity: Swap 18 time is 0.954ms
04-11 02:51:31.859  3402  3416 I native-activity: Animating
04-11 02:51:31.859  3402  3416 I native-activity: Frame 19 GL error is 0x0
04-11 02:51:31.859  3402  3416 I native-activity: Frame 19 time is 0.357ms
04-11 02:51:31.859  3402  3416 I native-activity: Doing egl_swapbuffers_sync 2
04-11 02:51:31.859  3402  3416 I native-activity: Swap 19 time is 0.790ms
04-11 02:51:31.859  3402  3416 I native-activity: Animating
04-11 02:51:31.859  3402  3416 I native-activity: Frame 20 GL error is 0x0
04-11 02:51:31.859  3402  3416 I native-activity: Frame 20 time is 0.335ms
04-11 02:51:31.859  3402  3416 I native-activity: Doing egl_swapbuffers_sync 2
04-11 02:51:31.859  3402  3416 I native-activity: Swap 20 time is 1.009ms
04-11 02:51:31.859  3402  3416 I native-activity: Animating
04-11 02:51:31.859  3402  3416 I native-activity: Frame 21 GL error is 0x0
04-11 02:51:31.859  3402  3416 I native-activity: Frame 21 time is 0.347ms
04-11 02:51:31.859  3402  3416 I native-activity: Doing egl_swapbuffers_sync 2
04-11 02:51:31.859  3402  3416 I native-activity: Swap 21 time is 0.958ms
04-11 02:51:31.859  3402  3416 I native-activity: Animating
04-11 02:51:31.859  3402  3416 I native-activity: Frame 22 GL error is 0x0
04-11 02:51:31.859  3402  3416 I native-activity: Frame 22 time is 0.324ms
04-11 02:51:31.859  3402  3416 I native-activity: Doing egl_swapbuffers_sync 2
04-11 02:51:31.869  3402  3416 I native-activity: Swap 22 time is 1.091ms
04-11 02:51:31.869  3402  3416 I native-activity: Animating
04-11 02:51:31.869  3402  3416 I native-activity: Frame 23 GL error is 0x0
04-11 02:51:31.869  3402  3416 I native-activity: Frame 23 time is 0.381ms
04-11 02:51:31.869  3402  3416 I native-activity: Doing egl_swapbuffers_sync 2
04-11 02:51:31.869  3402  3416 I native-activity: Swap 23 time is 1.060ms
04-11 02:51:31.869  3402  3416 I native-activity: Animating
04-11 02:51:31.869  3402  3416 I native-activity: Frame 24 GL error is 0x0
04-11 02:51:31.869  3402  3416 I native-activity: Frame 24 time is 0.337ms
04-11 02:51:31.869  3402  3416 I native-activity: Doing egl_swapbuffers_sync 2
04-11 02:51:31.869  3402  3416 I native-activity: Swap 24 time is 1.001ms
04-11 02:51:31.869  3402  3416 I native-activity: Animating
04-11 02:51:31.869  3402  3416 I native-activity: Frame 25 GL error is 0x0
04-11 02:51:31.869  3402  3416 I native-activity: Frame 25 time is 0.336ms
04-11 02:51:31.869  3402  3416 I native-activity: Doing egl_swapbuffers_sync 2
04-11 02:51:31.869  3402  3416 I native-activity: Swap 25 time is 0.989ms
04-11 02:51:31.869  3402  3416 I native-activity: Animating
04-11 02:51:31.869  3402  3416 I native-activity: Frame 26 GL error is 0x0
04-11 02:51:31.869  3402  3416 I native-activity: Frame 26 time is 0.351ms
04-11 02:51:31.869  3402  3416 I native-activity: Doing egl_swapbuffers_sync 2
04-11 02:51:31.869  3402  3416 I native-activity: Swap 26 time is 0.783ms
04-11 02:51:31.869  3402  3416 I native-activity: Animating
04-11 02:51:31.869  3402  3416 I native-activity: Frame 27 GL error is 0x0
04-11 02:51:31.869  3402  3416 I native-activity: Frame 27 time is 0.322ms
04-11 02:51:31.869  3402  3416 I native-activity: Doing egl_swapbuffers_sync 2
04-11 02:51:31.869  3402  3416 I native-activity: Swap 27 time is 1.000ms
04-11 02:51:31.869  3402  3416 I native-activity: Animating
04-11 02:51:31.869  3402  3416 I native-activity: Frame 28 GL error is 0x0
04-11 02:51:31.869  3402  3416 I native-activity: Frame 28 time is 0.357ms
04-11 02:51:31.869  3402  3416 I native-activity: Doing egl_swapbuffers_sync 2
04-11 02:51:31.869  3402  3416 I native-activity: Swap 28 time is 0.985ms
04-11 02:51:31.869  3402  3416 I native-activity: Animating
04-11 02:51:31.869  3402  3416 I native-activity: Frame 29 GL error is 0x0
04-11 02:51:31.869  3402  3416 I native-activity: Frame 29 time is 0.334ms
04-11 02:51:31.869  3402  3416 I native-activity: Doing egl_swapbuffers_sync 2
04-11 02:51:31.869  3402  3416 I native-activity: Swap 29 time is 1.039ms
04-11 02:51:31.869  3402  3416 I native-activity: Animating
04-11 02:51:31.869  3402  3416 I native-activity: Frame 30 GL error is 0x0
04-11 02:51:31.869  3402  3416 I native-activity: Frame 30 time is 0.358ms
04-11 02:51:31.869  3402  3416 I native-activity: Doing egl_swapbuffers_sync 2
04-11 02:51:31.869  3402  3416 I native-activity: Swap 30 time is 1.039ms
04-11 02:51:31.869  3402  3416 I native-activity: Animating
04-11 02:51:31.869  1434  6994 D GameManagerService: identifyGamePackage. com.example.sonicdash_stage1
04-11 02:51:31.879  3402  3416 I native-activity: Frame 31 GL error is 0x0
04-11 02:51:31.879  3402  3416 I native-activity: Frame 31 time is 5.498ms
04-11 02:51:31.879  3402  3416 I native-activity: Doing egl_swapbuffers_sync 2
04-11 02:51:31.879  3402  3416 I native-activity: Swap 31 time is 5.886ms
04-11 02:51:31.879  3402  3416 I native-activity: Animating
04-11 02:51:31.899  3402  3416 I native-activity: Frame 32 GL error is 0x0
04-11 02:51:31.899  3402  3416 I native-activity: Frame 32 time is 21.680ms
04-11 02:51:31.899  3402  3416 I native-activity: Doing egl_swapbuffers_sync 2
04-11 02:51:31.899  3402  3416 I native-activity: Swap 32 time is 22.064ms
04-11 02:51:31.899  3402  3416 I native-activity: Animating
04-11 02:51:31.909  1434  1612 I Timeline: Timeline: Activity_windows_visible id: ActivityRecord{ed933f2 u0 com.example.sonicdash_stage1/android.app.NativeActivity t1415} time:136037529
04-11 02:51:31.909  1434  1612 D CustomFrequencyManagerService: releaseDVFSLockLocked : Getting Lock type frm List : DVFS_MIN_LIMIT  frequency : 1555200  uid : 1000  pid : 1434  tag : ACTIVITY_RESUME_BOOSTER@14
04-11 02:51:31.909  1434  1612 D ActivityManager: mDVFSHelper.release()
04-11 02:51:31.919   648   670 I SurfaceFlinger: id=3068 Removed tonicdash_s (6/11)
04-11 02:51:31.919   648  3737 I SurfaceFlinger: id=3068 Removed tonicdash_s (-2/11)
04-11 02:51:31.919  3402  3416 I native-activity: Frame 33 GL error is 0x0
04-11 02:51:31.919  3402  3416 I native-activity: Frame 33 time is 16.584ms
04-11 02:51:31.919  3402  3416 I native-activity: Doing egl_swapbuffers_sync 2
04-11 02:51:31.919  3402  3416 I native-activity: Swap 33 time is 16.912ms
04-11 02:51:31.919  3402  3416 I native-activity: Animating
04-11 02:51:31.929   648   648 D libEGL  : eglTerminate EGLDisplay = 0x7ff9c80278
04-11 02:51:31.929  1434  1612 D KnoxTimeoutHandler: notifyActivityDrawn [MsgParam] userId: 0 fullscreen is true showWhenlocked is false
04-11 02:51:31.929  1434  1434 D KnoxTimeoutHandler: activityDrawn [MsgParam] userId: 0 fullscreen is true showWhenlocked is false
04-11 02:51:31.929  1434  1434 I KnoxTimeoutHandler: SD activityfalse
04-11 02:51:31.929  1434  2164 D NetworkPolicy: isUidForegroundLocked: 10078, mScreenOn: true, uidstate: 3, mProxSensorScreenOff: false
04-11 02:51:31.939  2590  2590 D Launcher.HomeView: onStop
04-11 02:51:31.939  2590  2590 D capture : ----destroy
04-11 02:51:31.939  1434  1531 D CustomFrequencyManagerService: acquireDVFSLockLocked : type : DVFS_MIN_LIMIT  frequency : 1555200  uid : 1000  pid : 1434  pkgName : ACTIVITY_RESUME_BOOSTER@20
04-11 02:51:31.949  2590  2590 D Launcher: onTrimMemory. Level: 20
04-11 02:51:31.949  2590  2590 V ActivityThread: updateVisibility : ActivityRecord{46ba7e token=android.os.BinderProxy@15e180a {com.sec.android.app.launcher/com.sec.android.app.launcher.activities.LauncherActivity}} show : false
04-11 02:51:31.949  1434  2219 I MdnieScenarioControlService: mGameModeLauncher : false
04-11 02:51:31.959  1434  2219 I MdnieScenarioControlService: setUIMode
04-11 02:51:31.979   648   670 I SurfaceFlinger: id=3067 Removed MauncherAct (3/10)
04-11 02:51:31.979   648  2746 I SurfaceFlinger: id=3067 Removed MauncherAct (-2/10)
04-11 02:51:31.979 30475 30475 D ImageWallpaper: onVisibilityChanged:false
04-11 02:51:31.979 30475 30475 D ImageWallpaper: drawFrame
04-11 02:51:31.979 30475 30475 D ImageWallpaper: drawFrame:false rotation:0 mLastRotation:0
04-11 02:51:31.979 30475 30475 D ImageWallpaper: drawFrame:[frame.width()]2240[frame.height()]2560
04-11 02:51:31.979 30475 30475 D ImageWallpaper: Suppressed drawFrame since redraw is not needed and offsets have not changed.
04-11 02:51:31.989   648   648 D libEGL  : eglTerminate EGLDisplay = 0x7ff9c80278
04-11 02:51:31.989  3402  3416 I native-activity: Frame 34 GL error is 0x0
04-11 02:51:31.989  3402  3416 I native-activity: Frame 34 time is 74.995ms
04-11 02:51:31.989  3402  3416 I native-activity: Doing egl_swapbuffers_sync 2
04-11 02:51:31.989  3402  3416 I native-activity: Swap 34 time is 75.415ms
04-11 02:51:31.989  3402  3416 I native-activity: Animating
04-11 02:51:32.009  3402  3416 I native-activity: Frame 35 GL error is 0x0
04-11 02:51:32.009  3402  3416 I native-activity: Frame 35 time is 19.511ms
04-11 02:51:32.009  3402  3416 I native-activity: Doing egl_swapbuffers_sync 2
04-11 02:51:32.009  3402  3416 I native-activity: Swap 35 time is 19.906ms
04-11 02:51:32.009  3402  3416 I native-activity: Animating
04-11 02:51:32.049  3402  3416 I native-activity: Frame 36 GL error is 0x501
04-11 02:51:32.049  3402  3416 I native-activity: Frame 36 time is 36.370ms
04-11 02:51:32.049  3402  3416 I native-activity: Doing egl_swapbuffers_sync 2
04-11 02:51:32.049  3402  3416 I native-activity: Swap 36 time is 36.950ms
04-11 02:51:32.049  3402  3416 I native-activity: Animating
04-11 02:51:32.059  3402  3416 I native-activity: Frame 37 GL error is 0x501
04-11 02:51:32.059  3402  3416 I native-activity: Frame 37 time is 7.357ms
04-11 02:51:32.059  3402  3416 I native-activity: Doing egl_swapbuffers_sync 2
04-11 02:51:32.059  3402  3416 I native-activity: Swap 37 time is 7.824ms
04-11 02:51:32.059  3402  3416 I native-activity: Animating
04-11 02:51:32.069  3402  3416 I native-activity: Frame 38 GL error is 0x501
04-11 02:51:32.069  3402  3416 I native-activity: Frame 38 time is 8.812ms
04-11 02:51:32.069  3402  3416 I native-activity: Doing egl_swapbuffers_sync 2
04-11 02:51:32.069  3402  3416 I native-activity: Swap 38 time is 9.720ms
04-11 02:51:32.069  3402  3416 I native-activity: Animating
04-11 02:51:32.079  3402  3416 I native-activity: Frame 39 GL error is 0x0
04-11 02:51:32.079  3402  3416 I native-activity: Frame 39 time is 6.564ms
04-11 02:51:32.079  3402  3416 I native-activity: Doing egl_swapbuffers_sync 2
04-11 02:51:32.079  3402  3416 I native-activity: Swap 39 time is 7.030ms
04-11 02:51:32.079  3402  3416 I native-activity: Animating
04-11 02:51:32.079  3402  3416 I native-activity: Frame 40 GL error is 0x0
04-11 02:51:32.079  3402  3416 I native-activity: Frame 40 time is 6.440ms
04-11 02:51:32.079  3402  3416 I native-activity: Doing egl_swapbuffers_sync 2
04-11 02:51:32.079  3402  3416 I native-activity: Swap 40 time is 6.919ms
04-11 02:51:32.079  3402  3416 I native-activity: Animating
04-11 02:51:32.089  3402  3416 I native-activity: Frame 41 GL error is 0x0
04-11 02:51:32.089  3402  3416 I native-activity: Frame 41 time is 5.761ms
04-11 02:51:32.089  3402  3416 I native-activity: Doing egl_swapbuffers_sync 2
04-11 02:51:32.089  3402  3416 I native-activity: Swap 41 time is 6.244ms
04-11 02:51:32.089  3402  3416 I native-activity: Animating
04-11 02:51:32.089  3402  3416 I native-activity: Frame 42 GL error is 0x0
04-11 02:51:32.089  3402  3416 I native-activity: Frame 42 time is 5.129ms
04-11 02:51:32.089  3402  3416 I native-activity: Doing egl_swapbuffers_sync 2
04-11 02:51:32.099  3402  3416 I native-activity: Swap 42 time is 5.663ms
04-11 02:51:32.099  3402  3416 I native-activity: Animating
04-11 02:51:32.099  3402  3416 I native-activity: Frame 43 GL error is 0x0
04-11 02:51:32.099  3402  3416 I native-activity: Frame 43 time is 5.949ms
04-11 02:51:32.099  3402  3416 I native-activity: Doing egl_swapbuffers_sync 2
04-11 02:51:32.099  3402  3416 I native-activity: Swap 43 time is 6.432ms
04-11 02:51:32.099  3402  3416 I native-activity: Animating
04-11 02:51:32.109  3402  3416 I native-activity: Frame 44 GL error is 0x0
04-11 02:51:32.109  3402  3416 I native-activity: Frame 44 time is 6.203ms
04-11 02:51:32.109  3402  3416 I native-activity: Doing egl_swapbuffers_sync 2
04-11 02:51:32.109  3402  3416 I native-activity: Swap 44 time is 6.692ms
04-11 02:51:32.109  3402  3416 I native-activity: Animating
04-11 02:51:32.119  3402  3416 I native-activity: Frame 45 GL error is 0x501
04-11 02:51:32.119  3402  3416 I native-activity: Frame 45 time is 13.585ms
04-11 02:51:32.119  3402  3416 I native-activity: Doing egl_swapbuffers_sync 2
04-11 02:51:32.119  3402  3416 I native-activity: Swap 45 time is 14.071ms
04-11 02:51:32.119  3402  3416 I native-activity: Animating
04-11 02:51:32.129  3402  3416 I native-activity: Frame 46 GL error is 0x501
04-11 02:51:32.129  3402  3416 I native-activity: Frame 46 time is 8.389ms
04-11 02:51:32.129  3402  3416 I native-activity: Doing egl_swapbuffers_sync 2
04-11 02:51:32.129  3402  3416 I native-activity: Swap 46 time is 8.863ms
04-11 02:51:32.129  3402  3416 I native-activity: Animating
04-11 02:51:32.139  3402  3416 I native-activity: Frame 47 GL error is 0x501
04-11 02:51:32.139  3402  3416 I native-activity: Frame 47 time is 6.526ms
04-11 02:51:32.139  3402  3416 I native-activity: Doing egl_swapbuffers_sync 2
04-11 02:51:32.139  3402  3416 I native-activity: Swap 47 time is 7.009ms
04-11 02:51:32.139  3402  3416 I native-activity: Animating
04-11 02:51:32.139  3402  3416 I native-activity: Frame 48 GL error is 0x0
04-11 02:51:32.139  3402  3416 I native-activity: Frame 48 time is 0.388ms
04-11 02:51:32.139  3402  3416 I native-activity: Doing egl_swapbuffers_sync 2
04-11 02:51:32.139  3402  3416 I native-activity: Swap 48 time is 0.745ms
04-11 02:51:32.139  3402  3416 I native-activity: Animating
04-11 02:51:32.139  3402  3416 I native-activity: Frame 49 GL error is 0x0
04-11 02:51:32.139  3402  3416 I native-activity: Frame 49 time is 0.300ms
04-11 02:51:32.139  3402  3416 I native-activity: Doing egl_swapbuffers_sync 2
04-11 02:51:32.139  3402  3416 I native-activity: Swap 49 time is 0.630ms
04-11 02:51:32.139  3402  3416 I native-activity: Animating
04-11 02:51:32.139  3402  3416 I native-activity: Frame 50 GL error is 0x0
04-11 02:51:32.139  3402  3416 I native-activity: Frame 50 time is 0.279ms
04-11 02:51:32.139  3402  3416 I native-activity: Doing egl_swapbuffers_sync 2
04-11 02:51:32.139  3402  3416 I native-activity: Swap 50 time is 0.558ms
04-11 02:51:32.139  3402  3416 I native-activity: Animating
04-11 02:51:32.139  3402  3416 I native-activity: Frame 51 GL error is 0x0
04-11 02:51:32.139  3402  3416 I native-activity: Frame 51 time is 0.305ms
04-11 02:51:32.139  3402  3416 I native-activity: Doing egl_swapbuffers_sync 2
04-11 02:51:32.139  3402  3416 I native-activity: Swap 51 time is 0.622ms
04-11 02:51:32.139  3402  3416 I native-activity: Animating
04-11 02:51:32.139  3402  3416 I native-activity: Frame 52 GL error is 0x0
04-11 02:51:32.139  3402  3416 I native-activity: Frame 52 time is 0.262ms
04-11 02:51:32.139  3402  3416 I native-activity: Doing egl_swapbuffers_sync 2
04-11 02:51:32.139  3402  3416 I native-activity: Swap 52 time is 0.524ms
04-11 02:51:32.139  3402  3416 I native-activity: Animating
04-11 02:51:32.139  3402  3416 I native-activity: Frame 53 GL error is 0x0
04-11 02:51:32.139  3402  3416 I native-activity: Frame 53 time is 0.278ms
04-11 02:51:32.139  3402  3416 I native-activity: Doing egl_swapbuffers_sync 2
04-11 02:51:32.139  3402  3416 I native-activity: Swap 53 time is 0.579ms
04-11 02:51:32.139  3402  3416 I native-activity: Animating
04-11 02:51:32.139  3402  3416 I native-activity: Frame 54 GL error is 0x0
04-11 02:51:32.139  3402  3416 I native-activity: Frame 54 time is 0.300ms
04-11 02:51:32.139  3402  3416 I native-activity: Doing egl_swapbuffers_sync 2
04-11 02:51:32.139  3402  3416 I native-activity: Swap 54 time is 0.566ms
04-11 02:51:32.139  3402  3416 I native-activity: Animating
04-11 02:51:32.139  3402  3416 I native-activity: Frame 55 GL error is 0x0
04-11 02:51:32.139  3402  3416 I native-activity: Frame 55 time is 0.300ms
04-11 02:51:32.139  3402  3416 I native-activity: Doing egl_swapbuffers_sync 2
04-11 02:51:32.139  3402  3416 I native-activity: Swap 55 time is 0.565ms
04-11 02:51:32.139  3402  3416 I native-activity: Animating
04-11 02:51:32.139  3402  3416 I native-activity: Frame 56 GL error is 0x0
04-11 02:51:32.139  3402  3416 I native-activity: Frame 56 time is 0.347ms
04-11 02:51:32.139  3402  3416 I native-activity: Doing egl_swapbuffers_sync 2
04-11 02:51:32.139  3402  3416 I native-activity: Swap 56 time is 0.597ms
04-11 02:51:32.139  3402  3416 I native-activity: Animating
04-11 02:51:32.149  3402  3416 I native-activity: Frame 57 GL error is 0x0
04-11 02:51:32.149  3402  3416 I native-activity: Frame 57 time is 0.365ms
04-11 02:51:32.149  3402  3416 I native-activity: Doing egl_swapbuffers_sync 2
04-11 02:51:32.149  3402  3416 I native-activity: Swap 57 time is 0.605ms
04-11 02:51:32.149  3402  3416 I native-activity: Animating
04-11 02:51:32.149  3402  3416 I native-activity: Frame 58 GL error is 0x0
04-11 02:51:32.149  3402  3416 I native-activity: Frame 58 time is 0.257ms
04-11 02:51:32.149  3402  3416 I native-activity: Doing egl_swapbuffers_sync 2
04-11 02:51:32.149  3402  3416 I native-activity: Swap 58 time is 0.537ms
04-11 02:51:32.149  3402  3416 I native-activity: Animating
04-11 02:51:32.149  3402  3416 I native-activity: Frame 59 GL error is 0x0
04-11 02:51:32.149  3402  3416 I native-activity: Frame 59 time is 0.244ms
04-11 02:51:32.149  3402  3416 I native-activity: Doing egl_swapbuffers_sync 2
04-11 02:51:32.149  3402  3416 I native-activity: Swap 59 time is 0.498ms
04-11 02:51:32.149  3402  3416 I native-activity: Animating
04-11 02:51:32.149  3402  3416 I native-activity: Frame 60 GL error is 0x0
04-11 02:51:32.149  3402  3416 I native-activity: Frame 60 time is 0.289ms
04-11 02:51:32.149  3402  3416 I native-activity: Doing egl_swapbuffers_sync 2
04-11 02:51:32.149  3402  3416 I native-activity: Swap 60 time is 0.543ms
04-11 02:51:32.149  3402  3416 I native-activity: Animating
04-11 02:51:32.149  3402  3416 I native-activity: Frame 61 GL error is 0x0
04-11 02:51:32.149  3402  3416 I native-activity: Frame 61 time is 0.348ms
04-11 02:51:32.149  3402  3416 I native-activity: Doing egl_swapbuffers_sync 2
04-11 02:51:32.149  3402  3416 I native-activity: Swap 61 time is 0.637ms
04-11 02:51:32.149  3402  3416 I native-activity: Animating
04-11 02:51:32.149  3402  3416 I native-activity: Frame 62 GL error is 0x0
04-11 02:51:32.149  3402  3416 I native-activity: Frame 62 time is 0.294ms
04-11 02:51:32.149  3402  3416 I native-activity: Doing egl_swapbuffers_sync 2
04-11 02:51:32.149  3402  3416 I native-activity: Swap 62 time is 0.532ms
04-11 02:51:32.149  3402  3416 I native-activity: Animating
04-11 02:51:32.149  3402  3416 I native-activity: Frame 63 GL error is 0x0
04-11 02:51:32.149  3402  3416 I native-activity: Frame 63 time is 0.317ms
04-11 02:51:32.149  3402  3416 I native-activity: Doing egl_swapbuffers_sync 2
04-11 02:51:32.149  3402  3416 I native-activity: Swap 63 time is 0.565ms
04-11 02:51:32.149  3402  3416 I native-activity: Animating
04-11 02:51:32.149  3402  3416 I native-activity: Frame 64 GL error is 0x0
04-11 02:51:32.149  3402  3416 I native-activity: Frame 64 time is 0.291ms
04-11 02:51:32.149  3402  3416 I native-activity: Doing egl_swapbuffers_sync 2
04-11 02:51:32.149  3402  3416 I native-activity: Swap 64 time is 0.533ms
04-11 02:51:32.149  3402  3416 I native-activity: Animating
04-11 02:51:32.149  3402  3416 I native-activity: Frame 65 GL error is 0x0
04-11 02:51:32.149  3402  3416 I native-activity: Frame 65 time is 0.238ms
04-11 02:51:32.149  3402  3416 I native-activity: Doing egl_swapbuffers_sync 2
04-11 02:51:32.149  3402  3416 I native-activity: Swap 65 time is 0.481ms
04-11 02:51:32.149  3402  3416 I native-activity: Animating
04-11 02:51:32.149  3402  3416 I native-activity: Frame 66 GL error is 0x0
04-11 02:51:32.149  3402  3416 I native-activity: Frame 66 time is 0.241ms
04-11 02:51:32.149  3402  3416 I native-activity: Doing egl_swapbuffers_sync 2
04-11 02:51:32.149  3402  3416 I native-activity: Swap 66 time is 0.455ms
04-11 02:51:32.149  3402  3416 I native-activity: Animating
04-11 02:51:32.149  3402  3416 I native-activity: Frame 67 GL error is 0x0
04-11 02:51:32.149  3402  3416 I native-activity: Frame 67 time is 0.281ms
04-11 02:51:32.149  3402  3416 I native-activity: Doing egl_swapbuffers_sync 2
04-11 02:51:32.149  3402  3416 I native-activity: Swap 67 time is 0.531ms
04-11 02:51:32.149  3402  3416 I native-activity: Animating
04-11 02:51:32.149  3402  3416 I native-activity: Frame 68 GL error is 0x0
04-11 02:51:32.149  3402  3416 I native-activity: Frame 68 time is 0.252ms
04-11 02:51:32.149  3402  3416 I native-activity: Doing egl_swapbuffers_sync 2
04-11 02:51:32.149  3402  3416 I native-activity: Swap 68 time is 0.477ms
04-11 02:51:32.149  3402  3416 I native-activity: Animating
04-11 02:51:32.149  3402  3416 I native-activity: Frame 69 GL error is 0x0
04-11 02:51:32.149  3402  3416 I native-activity: Frame 69 time is 0.235ms
04-11 02:51:32.149  3402  3416 I native-activity: Doing egl_swapbuffers_sync 2
04-11 02:51:32.149  3402  3416 I native-activity: Swap 69 time is 0.476ms
04-11 02:51:32.149  3402  3416 I native-activity: Animating
04-11 02:51:32.149  3402  3416 I native-activity: Frame 70 GL error is 0x0
04-11 02:51:32.149  3402  3416 I native-activity: Frame 70 time is 0.268ms
04-11 02:51:32.149  3402  3416 I native-activity: Doing egl_swapbuffers_sync 2
04-11 02:51:32.149  3402  3416 I native-activity: Swap 70 time is 0.516ms
04-11 02:51:32.149  3402  3416 I native-activity: Animating
04-11 02:51:32.149  3402  3416 I native-activity: Frame 71 GL error is 0x0
04-11 02:51:32.149  3402  3416 I native-activity: Frame 71 time is 0.265ms
04-11 02:51:32.149  3402  3416 I native-activity: Doing egl_swapbuffers_sync 2
04-11 02:51:32.149  3402  3416 I native-activity: Swap 71 time is 0.529ms
04-11 02:51:32.149  3402  3416 I native-activity: Animating
04-11 02:51:32.149  3402  3416 I native-activity: Frame 72 GL error is 0x0
04-11 02:51:32.149  3402  3416 I native-activity: Frame 72 time is 0.272ms
04-11 02:51:32.149  3402  3416 I native-activity: Doing egl_swapbuffers_sync 2
04-11 02:51:32.149  3402  3416 I native-activity: Swap 72 time is 0.537ms
04-11 02:51:32.149  3402  3416 I native-activity: Animating
04-11 02:51:32.149  3402  3416 I native-activity: Frame 73 GL error is 0x0
04-11 02:51:32.149  3402  3416 I native-activity: Frame 73 time is 0.306ms
04-11 02:51:32.149  3402  3416 I native-activity: Doing egl_swapbuffers_sync 2
04-11 02:51:32.149  3402  3416 I native-activity: Swap 73 time is 0.719ms
04-11 02:51:32.149  3402  3416 I native-activity: Animating
04-11 02:51:32.159  3402  3416 I native-activity: Frame 74 GL error is 0x0
04-11 02:51:32.159  3402  3416 I native-activity: Frame 74 time is 0.494ms
04-11 02:51:32.159  3402  3416 I native-activity: Doing egl_swapbuffers_sync 2
04-11 02:51:32.159  3402  3416 I native-activity: Swap 74 time is 1.459ms
04-11 02:51:32.159  3402  3416 I native-activity: Animating
04-11 02:51:32.159  3402  3416 I native-activity: Frame 75 GL error is 0x0
04-11 02:51:32.159  3402  3416 I native-activity: Frame 75 time is 0.399ms
04-11 02:51:32.159  3402  3416 I native-activity: Doing egl_swapbuffers_sync 2
04-11 02:51:32.159  3402  3416 I native-activity: Swap 75 time is 1.301ms
04-11 02:51:32.159  3402  3416 I native-activity: Animating
04-11 02:51:32.159  3402  3416 I native-activity: Frame 76 GL error is 0x0
04-11 02:51:32.159  3402  3416 I native-activity: Frame 76 time is 0.402ms
04-11 02:51:32.159  3402  3416 I native-activity: Doing egl_swapbuffers_sync 2
04-11 02:51:32.159  3402  3416 I native-activity: Swap 76 time is 1.031ms
04-11 02:51:32.159  3402  3416 I native-activity: Animating
04-11 02:51:32.159  3402  3416 I native-activity: Frame 77 GL error is 0x0
04-11 02:51:32.159  3402  3416 I native-activity: Frame 77 time is 0.397ms
04-11 02:51:32.159  3402  3416 I native-activity: Doing egl_swapbuffers_sync 2
04-11 02:51:32.159  3402  3416 I native-activity: Swap 77 time is 1.141ms
04-11 02:51:32.159  3402  3416 I native-activity: Animating
04-11 02:51:32.159  3402  3416 I native-activity: Frame 78 GL error is 0x0
04-11 02:51:32.159  3402  3416 I native-activity: Frame 78 time is 0.351ms
04-11 02:51:32.159  3402  3416 I native-activity: Doing egl_swapbuffers_sync 2
04-11 02:51:32.159  3402  3416 I native-activity: Swap 78 time is 1.222ms
04-11 02:51:32.159  3402  3416 I native-activity: Animating
04-11 02:51:32.159  3402  3416 I native-activity: Frame 79 GL error is 0x0
04-11 02:51:32.159  3402  3416 I native-activity: Frame 79 time is 0.364ms
04-11 02:51:32.159  3402  3416 I native-activity: Doing egl_swapbuffers_sync 2
04-11 02:51:32.159  3402  3416 I native-activity: Swap 79 time is 1.257ms
04-11 02:51:32.159  3402  3416 I native-activity: Animating
04-11 02:51:32.159  3402  3416 I native-activity: Frame 80 GL error is 0x0
04-11 02:51:32.159  3402  3416 I native-activity: Frame 80 time is 0.368ms
04-11 02:51:32.159  3402  3416 I native-activity: Doing egl_swapbuffers_sync 2
04-11 02:51:32.159  3402  3416 I native-activity: Swap 80 time is 1.005ms
04-11 02:51:32.159  3402  3416 I native-activity: Animating
04-11 02:51:32.159  3402  3416 I native-activity: Frame 81 GL error is 0x0
04-11 02:51:32.159  3402  3416 I native-activity: Frame 81 time is 0.384ms
04-11 02:51:32.159  3402  3416 I native-activity: Doing egl_swapbuffers_sync 2
04-11 02:51:32.169  3402  3416 I native-activity: Swap 81 time is 0.991ms
04-11 02:51:32.169  3402  3416 I native-activity: Animating
04-11 02:51:32.169  3402  3416 I native-activity: Frame 82 GL error is 0x0
04-11 02:51:32.169  3402  3416 I native-activity: Frame 82 time is 0.421ms
04-11 02:51:32.169  3402  3416 I native-activity: Doing egl_swapbuffers_sync 2
04-11 02:51:32.169  3402  3416 I native-activity: Swap 82 time is 1.491ms
04-11 02:51:32.169  3402  3416 I native-activity: Animating
04-11 02:51:32.169  3402  3416 I native-activity: Frame 83 GL error is 0x0
04-11 02:51:32.169  3402  3416 I native-activity: Frame 83 time is 0.413ms
04-11 02:51:32.169  3402  3416 I native-activity: Doing egl_swapbuffers_sync 2
04-11 02:51:32.169  3402  3416 I native-activity: Swap 83 time is 2.322ms
04-11 02:51:32.169  3402  3416 I native-activity: Animating
04-11 02:51:32.169  3402  3416 I native-activity: Frame 84 GL error is 0x0
04-11 02:51:32.169  3402  3416 I native-activity: Frame 84 time is 0.427ms
04-11 02:51:32.169  3402  3416 I native-activity: Doing egl_swapbuffers_sync 2
04-11 02:51:32.169  3402  3416 I native-activity: Swap 84 time is 4.819ms
04-11 02:51:32.169  3402  3416 I native-activity: Animating
04-11 02:51:32.169  3402  3416 I native-activity: Frame 85 GL error is 0x0
04-11 02:51:32.169  3402  3416 I native-activity: Frame 85 time is 0.331ms
04-11 02:51:32.169  3402  3416 I native-activity: Doing egl_swapbuffers_sync 2
04-11 02:51:32.179  3402  3416 I native-activity: Swap 85 time is 4.975ms
04-11 02:51:32.179  3402  3416 I native-activity: Animating
04-11 02:51:32.179  3402  3416 I native-activity: Frame 86 GL error is 0x0
04-11 02:51:32.179  3402  3416 I native-activity: Frame 86 time is 0.454ms
04-11 02:51:32.179  3402  3416 I native-activity: Doing egl_swapbuffers_sync 2
04-11 02:51:32.179  3402  3416 I native-activity: Swap 86 time is 4.792ms
04-11 02:51:32.179  3402  3416 I native-activity: Animating
04-11 02:51:32.179  3402  3416 I native-activity: Frame 87 GL error is 0x0
04-11 02:51:32.179  3402  3416 I native-activity: Frame 87 time is 0.402ms
04-11 02:51:32.179  3402  3416 I native-activity: Doing egl_swapbuffers_sync 2
04-11 02:51:32.189  3402  3416 I native-activity: Swap 87 time is 4.943ms
04-11 02:51:32.189  3402  3416 I native-activity: Animating
04-11 02:51:32.189  3402  3416 I native-activity: Frame 88 GL error is 0x0
04-11 02:51:32.189  3402  3416 I native-activity: Frame 88 time is 0.463ms
04-11 02:51:32.189  3402  3416 I native-activity: Doing egl_swapbuffers_sync 2
04-11 02:51:32.189  3402  3416 I native-activity: Swap 88 time is 4.798ms
04-11 02:51:32.189  3402  3416 I native-activity: Animating
04-11 02:51:32.189  3402  3416 I native-activity: Frame 89 GL error is 0x0
04-11 02:51:32.189  3402  3416 I native-activity: Frame 89 time is 0.494ms
04-11 02:51:32.189  3402  3416 I native-activity: Doing egl_swapbuffers_sync 2
04-11 02:51:32.199  3402  3416 I native-activity: Swap 89 time is 4.964ms
04-11 02:51:32.199  3402  3416 I native-activity: Animating
04-11 02:51:32.199  3402  3416 I native-activity: Frame 90 GL error is 0x0
04-11 02:51:32.199  3402  3416 I native-activity: Frame 90 time is 0.533ms
04-11 02:51:32.199  3402  3416 I native-activity: Doing egl_swapbuffers_sync 2
04-11 02:51:32.199  3402  3416 I native-activity: Swap 90 time is 5.011ms
04-11 02:51:32.199  3402  3416 I native-activity: Animating
04-11 02:51:32.199  3402  3416 I native-activity: Frame 91 GL error is 0x0
04-11 02:51:32.199  3402  3416 I native-activity: Frame 91 time is 0.482ms
04-11 02:51:32.199  3402  3416 I native-activity: Doing egl_swapbuffers_sync 2
04-11 02:51:32.209  3402  3416 I native-activity: Swap 91 time is 4.747ms
04-11 02:51:32.209  3402  3416 I native-activity: Animating
04-11 02:51:32.209  3402  3416 I native-activity: Frame 92 GL error is 0x0
04-11 02:51:32.209  3402  3416 I native-activity: Frame 92 time is 0.459ms
04-11 02:51:32.209  3402  3416 I native-activity: Doing egl_swapbuffers_sync 2
04-11 02:51:32.209  3402  3416 I native-activity: Swap 92 time is 4.599ms
04-11 02:51:32.209  3402  3416 I native-activity: Animating
04-11 02:51:32.209  3402  3416 I native-activity: Frame 93 GL error is 0x0
04-11 02:51:32.209  3402  3416 I native-activity: Frame 93 time is 0.504ms
04-11 02:51:32.209  3402  3416 I native-activity: Doing egl_swapbuffers_sync 2
04-11 02:51:32.209  1434  2219 D MdnieScenarioControlService:  packageName : com.example.sonicdash_stage1    className : android.app.NativeActivity
04-11 02:51:32.219  3402  3416 I native-activity: Swap 93 time is 4.711ms
04-11 02:51:32.219  3402  3416 I native-activity: Animating
04-11 02:51:32.219  3402  3416 I native-activity: Frame 94 GL error is 0x0
04-11 02:51:32.219  3402  3416 I native-activity: Frame 94 time is 0.511ms
04-11 02:51:32.219  3402  3416 I native-activity: Doing egl_swapbuffers_sync 2
04-11 02:51:32.219  3402  3416 I native-activity: Swap 94 time is 4.516ms
04-11 02:51:32.219  3402  3416 I native-activity: Animating
04-11 02:51:32.219  3402  3416 I native-activity: Frame 95 GL error is 0x0
04-11 02:51:32.219  3402  3416 I native-activity: Frame 95 time is 0.515ms
04-11 02:51:32.219  3402  3416 I native-activity: Doing egl_swapbuffers_sync 2
04-11 02:51:32.229  3402  3416 I native-activity: Swap 95 time is 4.616ms
04-11 02:51:32.229  3402  3416 I native-activity: Animating
04-11 02:51:32.229  3402  3416 I native-activity: Frame 96 GL error is 0x0
04-11 02:51:32.229  3402  3416 I native-activity: Frame 96 time is 0.480ms
04-11 02:51:32.229  3402  3416 I native-activity: Doing egl_swapbuffers_sync 2
04-11 02:51:32.229  3402  3416 I native-activity: Swap 96 time is 4.653ms
04-11 02:51:32.229  3402  3416 I native-activity: Animating
04-11 02:51:32.229  3402  3416 I native-activity: Frame 97 GL error is 0x0
04-11 02:51:32.229  3402  3416 I native-activity: Frame 97 time is 0.485ms
04-11 02:51:32.229  3402  3416 I native-activity: Doing egl_swapbuffers_sync 2
04-11 02:51:32.239  3402  3416 I native-activity: Swap 97 time is 4.574ms
04-11 02:51:32.239  3402  3416 I native-activity: Animating
04-11 02:51:32.239  3402  3416 I native-activity: Frame 98 GL error is 0x0
04-11 02:51:32.239  3402  3416 I native-activity: Frame 98 time is 0.498ms
04-11 02:51:32.239  3402  3416 I native-activity: Doing egl_swapbuffers_sync 2
04-11 02:51:32.239  1434  1434 D CustomFrequencyManagerService: releaseDVFSLockLocked : Getting Lock type frm List : DVFS_MIN_LIMIT  frequency : 1555200  uid : 1000  pid : 1434  tag : ACTIVITY_RESUME_BOOSTER@20
04-11 02:51:32.239  3402  3416 I native-activity: Swap 98 time is 5.316ms
04-11 02:51:32.239  3402  3416 I native-activity: Animating
04-11 02:51:32.239  3402  3416 I native-activity: Frame 99 GL error is 0x0
04-11 02:51:32.239  3402  3416 I native-activity: Frame 99 time is 1.098ms
04-11 02:51:32.239  3402  3416 I native-activity: Doing egl_swapbuffers_sync 2
04-11 02:51:32.249  3402  3416 I native-activity: Swap 99 time is 4.632ms
04-11 02:51:32.249  3402  3416 I native-activity: Animating
04-11 02:51:32.249  3402  3416 I native-activity: Frame 100 GL error is 0x0
04-11 02:51:32.249  3402  3416 I native-activity: Frame 100 time is 0.537ms
04-11 02:51:32.249  3402  3416 I native-activity: Doing egl_swapbuffers_sync 2
04-11 02:51:32.249  3402  3416 I native-activity: Swap 100 time is 4.760ms
04-11 02:51:32.249  3402  3416 I native-activity: Animating
04-11 02:51:32.249  3402  3416 I native-activity: Frame 101 GL error is 0x0
04-11 02:51:32.249  3402  3416 I native-activity: Frame 101 time is 0.516ms
04-11 02:51:32.249  3402  3416 I native-activity: Doing egl_swapbuffers_sync 2
04-11 02:51:32.259  3402  3416 I native-activity: Swap 101 time is 4.118ms
04-11 02:51:32.259  3402  3416 I native-activity: Animating
04-11 02:51:32.259  3402  3416 I native-activity: Frame 102 GL error is 0x0
04-11 02:51:32.259  3402  3416 I native-activity: Frame 102 time is 0.597ms
04-11 02:51:32.259  3402  3416 I native-activity: Doing egl_swapbuffers_sync 2
04-11 02:51:32.259  3402  3416 I native-activity: Swap 102 time is 5.154ms
04-11 02:51:32.259  3402  3416 I native-activity: Animating
04-11 02:51:32.259  3402  3416 I native-activity: Frame 103 GL error is 0x0
04-11 02:51:32.259  3402  3416 I native-activity: Frame 103 time is 0.771ms
04-11 02:51:32.259  3402  3416 I native-activity: Doing egl_swapbuffers_sync 2
04-11 02:51:32.269  3402  3416 I native-activity: Swap 103 time is 4.296ms
04-11 02:51:32.269  3402  3416 I native-activity: Animating
04-11 02:51:32.269  3402  3416 I native-activity: Frame 104 GL error is 0x0
04-11 02:51:32.269  3402  3416 I native-activity: Frame 104 time is 1.198ms
04-11 02:51:32.269  3402  3416 I native-activity: Doing egl_swapbuffers_sync 2
04-11 02:51:32.269  3402  3416 I native-activity: Swap 104 time is 3.757ms
04-11 02:51:32.269  3402  3416 I native-activity: Animating
04-11 02:51:32.269  3402  3416 I native-activity: Frame 105 GL error is 0x0
04-11 02:51:32.269  3402  3416 I native-activity: Frame 105 time is 0.955ms
04-11 02:51:32.269  3402  3416 I native-activity: Doing egl_swapbuffers_sync 2
04-11 02:51:32.269  3402  3416 I native-activity: Swap 105 time is 3.978ms
04-11 02:51:32.279  3402  3416 I native-activity: Animating
04-11 02:51:32.279  3402  3416 I native-activity: Frame 106 GL error is 0x0
04-11 02:51:32.279  3402  3416 I native-activity: Frame 106 time is 0.946ms
04-11 02:51:32.279  3402  3416 I native-activity: Doing egl_swapbuffers_sync 2
04-11 02:51:32.279  3402  3416 I native-activity: Swap 106 time is 4.242ms
04-11 02:51:32.279  3402  3416 I native-activity: Animating
04-11 02:51:32.279  3402  3416 I native-activity: Frame 107 GL error is 0x0
04-11 02:51:32.279  3402  3416 I native-activity: Frame 107 time is 0.930ms
04-11 02:51:32.279  3402  3416 I native-activity: Doing egl_swapbuffers_sync 2
04-11 02:51:32.279  3402  3416 I native-activity: Swap 107 time is 4.254ms
04-11 02:51:32.279  3402  3416 I native-activity: Animating
04-11 02:51:32.289  3402  3416 I native-activity: Frame 108 GL error is 0x0
04-11 02:51:32.289  3402  3416 I native-activity: Frame 108 time is 0.997ms
04-11 02:51:32.289  3402  3416 I native-activity: Doing egl_swapbuffers_sync 2
04-11 02:51:32.289  3402  3416 I native-activity: Swap 108 time is 4.722ms
04-11 02:51:32.289  3402  3416 I native-activity: Animating
04-11 02:51:32.289  3402  3416 I native-activity: Frame 109 GL error is 0x0
04-11 02:51:32.289  3402  3416 I native-activity: Frame 109 time is 1.045ms
04-11 02:51:32.289  3402  3416 I native-activity: Doing egl_swapbuffers_sync 2
04-11 02:51:32.289  3402  3416 I native-activity: Swap 109 time is 4.315ms
04-11 02:51:32.289  3402  3416 I native-activity: Animating
04-11 02:51:32.289  3402  3416 I native-activity: Frame 110 GL error is 0x0
04-11 02:51:32.289  3402  3416 I native-activity: Frame 110 time is 1.071ms
04-11 02:51:32.289  3402  3416 I native-activity: Doing egl_swapbuffers_sync 2
04-11 02:51:32.299  3402  3416 I native-activity: Swap 110 time is 4.194ms
04-11 02:51:32.299  3402  3416 I native-activity: Animating
04-11 02:51:32.299  3402  3416 I native-activity: Frame 111 GL error is 0x0
04-11 02:51:32.299  3402  3416 I native-activity: Frame 111 time is 1.335ms
04-11 02:51:32.299  3402  3416 I native-activity: Doing egl_swapbuffers_sync 2
04-11 02:51:32.299  3402  3416 I native-activity: Swap 111 time is 4.541ms
04-11 02:51:32.299  3402  3416 I native-activity: Animating
04-11 02:51:32.299  3402  3416 I native-activity: Frame 112 GL error is 0x0
04-11 02:51:32.299  3402  3416 I native-activity: Frame 112 time is 1.064ms
04-11 02:51:32.299  3402  3416 I native-activity: Doing egl_swapbuffers_sync 2
04-11 02:51:32.309  3402  3416 I native-activity: Swap 112 time is 3.697ms
04-11 02:51:32.309  3402  3416 I native-activity: Animating
04-11 02:51:32.309  3402  3416 I native-activity: Frame 113 GL error is 0x0
04-11 02:51:32.309  3402  3416 I native-activity: Frame 113 time is 1.094ms
04-11 02:51:32.309  3402  3416 I native-activity: Doing egl_swapbuffers_sync 2
04-11 02:51:32.309  3402  3416 I native-activity: Swap 113 time is 4.215ms
04-11 02:51:32.309  3402  3416 I native-activity: Animating
04-11 02:51:32.309  3402  3416 I native-activity: Frame 114 GL error is 0x0
04-11 02:51:32.309  3402  3416 I native-activity: Frame 114 time is 1.123ms
04-11 02:51:32.309  3402  3416 I native-activity: Doing egl_swapbuffers_sync 2
04-11 02:51:32.319  3402  3416 I native-activity: Swap 114 time is 4.085ms
04-11 02:51:32.319  1434  2219 I MdnieScenarioControlService: mGameModeLauncher : false
04-11 02:51:32.319  3402  3416 I native-activity: Animating
04-11 02:51:32.319  3402  3416 I native-activity: Frame 115 GL error is 0x0
04-11 02:51:32.319  3402  3416 I native-activity: Frame 115 time is 1.109ms
04-11 02:51:32.319  3402  3416 I native-activity: Doing egl_swapbuffers_sync 2
04-11 02:51:32.319  1434  2219 I MdnieScenarioControlService: setUIMode
04-11 02:51:32.319  3402  3416 I native-activity: Swap 115 time is 4.437ms
04-11 02:51:32.319  3402  3416 I native-activity: Animating
04-11 02:51:32.319  3402  3416 I native-activity: Frame 116 GL error is 0x0
04-11 02:51:32.319  3402  3416 I native-activity: Frame 116 time is 1.095ms
04-11 02:51:32.319  3402  3416 I native-activity: Doing egl_swapbuffers_sync 2
04-11 02:51:32.319  3402  3416 I native-activity: Swap 116 time is 4.018ms
04-11 02:51:32.319  3402  3416 I native-activity: Animating
04-11 02:51:32.329  3402  3416 I native-activity: Frame 117 GL error is 0x0
04-11 02:51:32.329  3402  3416 I native-activity: Frame 117 time is 1.556ms
04-11 02:51:32.329  3402  3416 I native-activity: Doing egl_swapbuffers_sync 2
04-11 02:51:32.329  3402  3416 I native-activity: Swap 117 time is 4.001ms
04-11 02:51:32.329  3402  3416 I native-activity: Animating
04-11 02:51:32.329  3402  3416 I native-activity: Frame 118 GL error is 0x0
04-11 02:51:32.329  3402  3416 I native-activity: Frame 118 time is 0.520ms
04-11 02:51:32.329  3402  3416 I native-activity: Doing egl_swapbuffers_sync 2
04-11 02:51:32.329  3402  3416 I native-activity: Swap 118 time is 4.355ms
04-11 02:51:32.329  3402  3416 I native-activity: Animating
04-11 02:51:32.329  3402  3416 I native-activity: Frame 119 GL error is 0x0
04-11 02:51:32.329  3402  3416 I native-activity: Frame 119 time is 0.515ms
04-11 02:51:32.329  3402  3416 I native-activity: Doing egl_swapbuffers_sync 2
04-11 02:51:32.339  3402  3416 I native-activity: Swap 119 time is 5.033ms
04-11 02:51:32.339  3402  3416 I native-activity: Animating
04-11 02:51:32.339  3402  3416 I native-activity: Frame 120 GL error is 0x0
04-11 02:51:32.339  3402  3416 I native-activity: Frame 120 time is 0.529ms
04-11 02:51:32.339  3402  3416 I native-activity: Doing egl_swapbuffers_sync 2
04-11 02:51:32.339  3402  3416 I native-activity: Swap 120 time is 4.597ms
04-11 02:51:32.339  3402  3416 I native-activity: Animating
04-11 02:51:32.339  3402  3416 I native-activity: Frame 121 GL error is 0x0
04-11 02:51:32.339  3402  3416 I native-activity: Frame 121 time is 1.424ms
04-11 02:51:32.339  3402  3416 I native-activity: Doing egl_swapbuffers_sync 2
04-11 02:51:32.349  3402  3416 I native-activity: Swap 121 time is 3.199ms
04-11 02:51:32.349  3402  3416 I native-activity: Animating
04-11 02:51:32.349  3402  3416 I native-activity: Frame 122 GL error is 0x0
04-11 02:51:32.349  3402  3416 I native-activity: Frame 122 time is 0.820ms
04-11 02:51:32.349  3402  3416 I native-activity: Doing egl_swapbuffers_sync 2
04-11 02:51:32.349  3402  3416 I native-activity: Swap 122 time is 4.749ms
04-11 02:51:32.349  3402  3416 I native-activity: Animating
