04-13 01:18:46.332  3443  3458 I native-activity: GL information
04-13 01:18:46.332  3443  3458 I native-activity: 	Renderer: Adreno (TM) 530
04-13 01:18:46.332  3443  3458 I native-activity: 	Vendor: Qualcomm
04-13 01:18:46.332  3443  3458 I native-activity: 	Version: OpenGL ES 3.2 V@145.0 (GIT@I5bc0f577f9)
04-13 01:18:46.332  3443  3458 I native-activity: 	Shading Language: OpenGL ES GLSL ES 3.20
04-13 01:18:46.332  3443  3458 I native-activity: 	Extensions: GL_OES_EGL_image GL_OES_EGL_image_external GL_OES_EGL_sync GL_OES_vertex_half_float GL_OES_framebuffer_object GL_OES_rgb8_rgba8 GL_OES_compressed_ETC1_RGB8_texture GL_AMD_compressed_ATC_texture GL_KHR_texture_compression_astc_ldr GL_KHR_texture_compression_astc_hdr GL_OES_texture_compression_astc GL_OES_texture_npot GL_EXT_texture_filter_anisotropic GL_EXT_texture_format_BGRA8888 GL_OES_texture_3D GL_EXT_color_buffer_float GL_EXT_color_buffer_half_float GL_QCOM_alpha_test GL_OES_depth24 GL_OES_packed_depth_stencil GL_OES_depth_texture GL_OES_depth_texture_cube_map GL_EXT_sRGB GL_OES_texture_float GL_OES_texture_float_linear GL_OES_texture_half_float GL_OES_texture_half_float_linear GL_EXT_texture_type_2_10_10_10_REV GL_EXT_texture_sRGB_decode GL_OES_element_index_uint GL_EXT_copy_image GL_EXT_geometry_shader GL_EXT_tessellation_shader GL_OES_texture_stencil8 GL_EXT_shader_io_blocks GL_OES_shader_image_atomic GL_OES_sample_variables GL_EXT_texture_border_clamp GL_EXT_multisampled_render_to_textur
04-13 01:18:46.332  3443  3458 I native-activity: Frame 3 GL error is 0x0
04-13 01:18:46.332  3443  3458 I native-activity: Frame 3 time is 0.180ms
04-13 01:18:46.332  1434  1612 D KnoxTimeoutHandler: notifyActivityDrawn [MsgParam] userId: 0 fullscreen is true showWhenlocked is false
04-13 01:18:46.332  1434  1434 D KnoxTimeoutHandler: activityDrawn [MsgParam] userId: 0 fullscreen is true showWhenlocked is false
04-13 01:18:46.342  3443  3458 I native-activity: Swap 3 time is 4.963ms
04-13 01:18:46.342  3443  3458 I native-activity: Animating
04-13 01:18:46.342   648   670 I SurfaceFlinger: id=3852 Removed tonicdash_s (7/11)
04-13 01:18:46.342  1434  1434 I KnoxTimeoutHandler: SD activityfalse
04-13 01:18:46.342   648  3139 I SurfaceFlinger: id=3852 Removed tonicdash_s (-2/11)
04-13 01:18:46.342  2590  2590 D Launcher.HomeView: onStop
04-13 01:18:46.342  2590  2590 D capture : ----destroy
04-13 01:18:46.342   648   648 D libEGL  : eglTerminate EGLDisplay = 0x7ff9c80278
04-13 01:18:46.342   648   648 D libEGL  : eglInitialize EGLDisplay = 0x7ff9c80178
04-13 01:18:46.342  1434  2164 D NetworkPolicy: isUidForegroundLocked: 10078, mScreenOn: true, uidstate: 3, mProxSensorScreenOff: false
04-13 01:18:46.342  1434  1531 D CustomFrequencyManagerService: acquireDVFSLockLocked : type : DVFS_MIN_LIMIT  frequency : 1555200  uid : 1000  pid : 1434  pkgName : ACTIVITY_RESUME_BOOSTER@20
04-13 01:18:46.352  2590  2590 D Launcher: onTrimMemory. Level: 20
04-13 01:18:46.352  2590  2590 V ActivityThread: updateVisibility : ActivityRecord{46ba7e token=android.os.BinderProxy@15e180a {com.sec.android.app.launcher/com.sec.android.app.launcher.activities.LauncherActivity}} show : false
04-13 01:18:46.362  1434  2219 I MdnieScenarioControlService: mGameModeLauncher : false
04-13 01:18:46.362  1434  2609 I ActivityManager: Killing 2399:com.android.providers.calendar/u0a57 (adj 15): DHA:empty #33
04-13 01:18:46.372  1434  2219 I MdnieScenarioControlService: setUIMode
04-13 01:18:46.382  3443  3458 I native-activity: Frame 4 GL error is 0x501
04-13 01:18:46.382  3443  3458 I native-activity: Frame 4 time is 43.064ms
04-13 01:18:46.382  3443  3458 I native-activity: Swap 4 time is 43.818ms
04-13 01:18:46.382  3443  3458 I native-activity: Animating
04-13 01:18:46.382  3443  3458 I native-activity: Frame 5 GL error is 0x0
04-13 01:18:46.382  3443  3458 I native-activity: Frame 5 time is 0.526ms
04-13 01:18:46.382   648  2746 I SurfaceFlinger: id=3851 Removed MauncherAct (3/10)
04-13 01:18:46.382   648   680 I SurfaceFlinger: id=3851 Removed MauncherAct (-2/10)
04-13 01:18:46.382  3443  3458 I native-activity: Swap 5 time is 2.027ms
04-13 01:18:46.382  3443  3458 I native-activity: Animating
04-13 01:18:46.382 30475 30475 D ImageWallpaper: onVisibilityChanged:false
04-13 01:18:46.382 30475 30475 D ImageWallpaper: drawFrame
04-13 01:18:46.382 30475 30475 D ImageWallpaper: drawFrame:false rotation:0 mLastRotation:0
04-13 01:18:46.382 30475 30475 D ImageWallpaper: drawFrame:[frame.width()]2240[frame.height()]2560
04-13 01:18:46.382 30475 30475 D ImageWallpaper: Suppressed drawFrame since redraw is not needed and offsets have not changed.
04-13 01:18:46.392  1434  2584 D ActivityManager: cleanUpApplicationRecord -- 2399
04-13 01:18:46.392  1434  2584 D ActivityManager: isAutoRunBlockedApp:: com.android.providers.calendar, Auto Run ON
04-13 01:18:46.392   648   648 D libEGL  : eglTerminate EGLDisplay = 0x7ff9c80278
04-13 01:18:46.402  3443  3458 I native-activity: Frame 6 GL error is 0x0
04-13 01:18:46.402  3443  3458 I native-activity: Frame 6 time is 14.809ms
04-13 01:18:46.402  3443  3458 I native-activity: Swap 6 time is 16.307ms
04-13 01:18:46.402  3443  3458 I native-activity: Animating
04-13 01:18:46.412  3443  3458 I native-activity: Frame 7 GL error is 0x0
04-13 01:18:46.412  3443  3458 I native-activity: Frame 7 time is 13.558ms
04-13 01:18:46.412  3443  3458 I native-activity: Swap 7 time is 14.166ms
04-13 01:18:46.412  3443  3458 I native-activity: Animating
04-13 01:18:46.432  3443  3458 I native-activity: Frame 8 GL error is 0x0
04-13 01:18:46.432  3443  3458 I native-activity: Frame 8 time is 16.009ms
04-13 01:18:46.432  3443  3458 I native-activity: Swap 8 time is 16.625ms
04-13 01:18:46.432  3443  3458 I native-activity: Animating
04-13 01:18:46.442  3443  3458 I native-activity: Frame 9 GL error is 0x0
04-13 01:18:46.442  3443  3458 I native-activity: Frame 9 time is 15.990ms
04-13 01:18:46.452  3443  3458 I native-activity: Swap 9 time is 16.680ms
04-13 01:18:46.452  3443  3458 I native-activity: Animating
04-13 01:18:46.462  3443  3458 I native-activity: Frame 10 GL error is 0x0
04-13 01:18:46.462  3443  3458 I native-activity: Frame 10 time is 16.108ms
04-13 01:18:46.462  3443  3458 I native-activity: Swap 10 time is 16.785ms
04-13 01:18:46.462  3443  3458 I native-activity: Animating
04-13 01:18:46.482  3443  3458 I native-activity: Frame 11 GL error is 0x0
04-13 01:18:46.482  3443  3458 I native-activity: Frame 11 time is 15.976ms
04-13 01:18:46.482  3443  3458 I native-activity: Swap 11 time is 16.697ms
04-13 01:18:46.482  3443  3458 I native-activity: Animating
04-13 01:18:46.502  3443  3458 I native-activity: Frame 12 GL error is 0x0
04-13 01:18:46.502  3443  3458 I native-activity: Frame 12 time is 15.985ms
04-13 01:18:46.502  3443  3458 I native-activity: Swap 12 time is 16.591ms
04-13 01:18:46.502  3443  3458 I native-activity: Animating
04-13 01:18:46.512  3443  3458 I native-activity: Frame 13 GL error is 0x0
04-13 01:18:46.512  3443  3458 I native-activity: Frame 13 time is 15.979ms
04-13 01:18:46.512  3443  3458 I native-activity: Swap 13 time is 16.486ms
04-13 01:18:46.512  3443  3458 I native-activity: Animating
04-13 01:18:46.532  3443  3458 I native-activity: Frame 14 GL error is 0x0
04-13 01:18:46.532  3443  3458 I native-activity: Frame 14 time is 16.145ms
04-13 01:18:46.532  3443  3458 I native-activity: Swap 14 time is 16.875ms
04-13 01:18:46.532  3443  3458 I native-activity: Animating
04-13 01:18:46.552  3443  3458 I native-activity: Frame 15 GL error is 0x0
04-13 01:18:46.552  3443  3458 I native-activity: Frame 15 time is 16.019ms
04-13 01:18:46.552  3443  3458 I native-activity: Swap 15 time is 16.529ms
04-13 01:18:46.552  3443  3458 I native-activity: Animating
04-13 01:18:46.562  3443  3458 I native-activity: Frame 16 GL error is 0x0
04-13 01:18:46.562  3443  3458 I native-activity: Frame 16 time is 16.018ms
04-13 01:18:46.562  3443  3458 I native-activity: Swap 16 time is 16.545ms
04-13 01:18:46.562  3443  3458 I native-activity: Animating
04-13 01:18:46.582  3443  3458 I native-activity: Frame 17 GL error is 0x0
04-13 01:18:46.582  3443  3458 I native-activity: Frame 17 time is 16.137ms
04-13 01:18:46.582  3443  3458 I native-activity: Swap 17 time is 16.680ms
04-13 01:18:46.582  3443  3458 I native-activity: Animating
04-13 01:18:46.602  3443  3458 I native-activity: Frame 18 GL error is 0x0
04-13 01:18:46.602  3443  3458 I native-activity: Frame 18 time is 16.183ms
04-13 01:18:46.602  3443  3458 I native-activity: Swap 18 time is 16.737ms
04-13 01:18:46.602  3443  3458 I native-activity: Animating
04-13 01:18:46.612  3443  3458 I native-activity: Frame 19 GL error is 0x0
04-13 01:18:46.612  3443  3458 I native-activity: Frame 19 time is 16.039ms
04-13 01:18:46.612  3443  3458 I native-activity: Swap 19 time is 16.629ms
04-13 01:18:46.612  3443  3458 I native-activity: Animating
04-13 01:18:46.622  1434  2219 D MdnieScenarioControlService:  packageName : com.example.sonicdash_stage1    className : android.app.NativeActivity
04-13 01:18:46.632  3443  3458 I native-activity: Frame 20 GL error is 0x0
04-13 01:18:46.632  3443  3458 I native-activity: Frame 20 time is 16.050ms
04-13 01:18:46.632  3443  3458 I native-activity: Swap 20 time is 16.626ms
04-13 01:18:46.632  3443  3458 I native-activity: Animating
04-13 01:18:46.642  1434  1434 D CustomFrequencyManagerService: releaseDVFSLockLocked : Getting Lock type frm List : DVFS_MIN_LIMIT  frequency : 1555200  uid : 1000  pid : 1434  tag : ACTIVITY_RESUME_BOOSTER@20
04-13 01:18:46.652  3443  3458 I native-activity: Frame 21 GL error is 0x0
04-13 01:18:46.652  3443  3458 I native-activity: Frame 21 time is 21.250ms
04-13 01:18:46.652  3443  3458 I native-activity: Swap 21 time is 24.133ms
04-13 01:18:46.652  3443  3458 I native-activity: Animating
04-13 01:18:46.672  3443  3458 I native-activity: Frame 22 GL error is 0x0
04-13 01:18:46.672  3443  3458 I native-activity: Frame 22 time is 11.861ms
04-13 01:18:46.672  3443  3458 I native-activity: Swap 22 time is 16.263ms
04-13 01:18:46.672  3443  3458 I native-activity: Animating
04-13 01:18:46.682  3443  3458 I native-activity: Frame 23 GL error is 0x0
04-13 01:18:46.682  3443  3458 I native-activity: Frame 23 time is 10.733ms
04-13 01:18:46.682  3443  3458 I native-activity: Swap 23 time is 12.822ms
04-13 01:18:46.682  3443  3458 I native-activity: Animating
04-13 01:18:46.702  3443  3458 I native-activity: Frame 24 GL error is 0x0
04-13 01:18:46.702  3443  3458 I native-activity: Frame 24 time is 15.000ms
04-13 01:18:46.702  3443  3458 I native-activity: Swap 24 time is 17.501ms
04-13 01:18:46.702  3443  3458 I native-activity: Animating
04-13 01:18:46.722  3443  3458 I native-activity: Frame 25 GL error is 0x0
04-13 01:18:46.722  3443  3458 I native-activity: Frame 25 time is 14.666ms
04-13 01:18:46.722  1434  2219 I MdnieScenarioControlService: mGameModeLauncher : false
04-13 01:18:46.722  3443  3458 I native-activity: Swap 25 time is 17.531ms
04-13 01:18:46.722  3443  3458 I native-activity: Animating
04-13 01:18:46.732  1434  2219 I MdnieScenarioControlService: setUIMode
04-13 01:18:46.732  3443  3458 I native-activity: Frame 26 GL error is 0x0
04-13 01:18:46.732  3443  3458 I native-activity: Frame 26 time is 14.359ms
04-13 01:18:46.742  3443  3458 I native-activity: Swap 26 time is 17.511ms
04-13 01:18:46.742  3443  3458 I native-activity: Animating
04-13 01:18:46.752  3443  3458 I native-activity: Frame 27 GL error is 0x0
04-13 01:18:46.752  3443  3458 I native-activity: Frame 27 time is 13.559ms
04-13 01:18:46.752  3443  3458 I native-activity: Swap 27 time is 15.996ms
04-13 01:18:46.752  3443  3458 I native-activity: Animating
04-13 01:18:46.772  3443  3458 I native-activity: Frame 28 GL error is 0x0
04-13 01:18:46.772  3443  3458 I native-activity: Frame 28 time is 12.787ms
04-13 01:18:46.772  3443  3458 I native-activity: Swap 28 time is 15.088ms
04-13 01:18:46.772  3443  3458 I native-activity: Animating
04-13 01:18:46.792  3443  3458 I native-activity: Frame 29 GL error is 0x0
04-13 01:18:46.792  3443  3458 I native-activity: Frame 29 time is 18.555ms
04-13 01:18:46.792  3443  3458 I native-activity: Swap 29 time is 20.894ms
04-13 01:18:46.792  3443  3458 I native-activity: Animating
04-13 01:18:46.802  3443  3458 I native-activity: Frame 30 GL error is 0x0
04-13 01:18:46.802  3443  3458 I native-activity: Frame 30 time is 10.573ms
04-13 01:18:46.812  3443  3458 I native-activity: Swap 30 time is 13.738ms
04-13 01:18:46.812  3443  3458 I native-activity: Animating
04-13 01:18:46.862  3443  3458 I native-activity: Frame 31 GL error is 0x0
04-13 01:18:46.862  3443  3458 I native-activity: Frame 31 time is 49.867ms
04-13 01:18:46.862  3443  3458 I native-activity: Swap 31 time is 52.873ms
04-13 01:18:46.862  3443  3458 I native-activity: Animating
04-13 01:18:46.902  3443  3458 I native-activity: Frame 32 GL error is 0x0
04-13 01:18:46.902  3443  3458 I native-activity: Frame 32 time is 44.214ms
04-13 01:18:46.902  3443  3458 I native-activity: Swap 32 time is 45.127ms
04-13 01:18:46.902  3443  3458 I native-activity: Animating
04-13 01:18:46.922  3443  3458 I native-activity: Frame 33 GL error is 0x0
04-13 01:18:46.922  3443  3458 I native-activity: Frame 33 time is 20.512ms
04-13 01:18:46.932  3443  3458 I native-activity: Swap 33 time is 21.652ms
04-13 01:18:46.932  3443  3458 I native-activity: Animating
04-13 01:18:46.952  2381  2381 D Recents : onTaskStackChanged
04-13 01:18:47.012  2381  2381 W ResourcesManager: getTopLevelResources: /data/app/com.example.sonicdash_stage1-1/base.apk / 1.0 running in com.android.systemui rsrc of package com.example.sonicdash_stage1
04-13 01:18:47.012  1434  6995 W ResourcesManager: getTopLevelResources: /data/app/com.example.sonicdash_stage1-1/base.apk / 1.0 running in null rsrc of package com.example.sonicdash_stage1
04-13 01:18:47.022  2381  2381 D ResourcesManager: For user 0 new overlays fetched Null
04-13 01:18:47.022  3443  3458 I native-activity: Frame 34 GL error is 0x0
04-13 01:18:47.022  3443  3458 I native-activity: Frame 34 time is 92.077ms
04-13 01:18:47.032  3443  3458 I native-activity: Swap 34 time is 99.766ms
04-13 01:18:47.032  3443  3458 I native-activity: Animating
04-13 01:18:47.052  3443  3458 I native-activity: Frame 35 GL error is 0x0
04-13 01:18:47.052  3443  3458 I native-activity: Frame 35 time is 20.313ms
04-13 01:18:47.052  3443  3458 I native-activity: Swap 35 time is 21.139ms
04-13 01:18:47.052  3443  3458 I native-activity: Animating
04-13 01:18:47.082 30475 30525 D NetworkController.MobileSignalController(0/1): onSignalStrengthsChanged signalStrength=SignalStrength: 99 99 -120 -160 -120 -1 -1 15 -116 -13 56 -1 2147483647 0x1000 gsm|lte level=1
04-13 01:18:47.082 30475 30525 D NetworkController.MobileSignalController(0/1): getMobileIconGroup(): 13
04-13 01:18:47.082 30475 30525 D NetworkController.MobileSignalController(0/1): updateATTMobileIconGroup(): 13
04-13 01:18:47.082  1434  2207 D EPDG -- [SMARTWIFI]: onSignalStrengthsChanged: Received signal strength change, phone type is: 1
04-13 01:18:47.082  1434  4692 D EPDG -- [SMARTWIFI]: lastLteRSRP is -115currentLteRSRP is -116
04-13 01:18:47.082  1434  4692 D EPDG -- [SMARTWIFI]: lastCdmaDb is -16currentCdmaDb is -16
04-13 01:18:47.082  1434  4692 V EPDG -- [SMARTWIFI]: Radio oldest entry removed
04-13 01:18:47.082  1434  4692 V EPDG -- [SMARTWIFI]: New entry : (SignalStrength: 99 99 -120 -160 -120 -1 -1 15 -116 -13 56 -1 2147483647 0x1000 gsm|lte : 0 )
04-13 01:18:47.082  1434  4692 V EPDG -- [SMARTWIFI]: Radio entry added
04-13 01:18:47.092  3443  3458 I native-activity: Frame 36 GL error is 0x501
04-13 01:18:47.092  3443  3458 I native-activity: Frame 36 time is 44.064ms
04-13 01:18:47.092  3443  3458 I native-activity: Swap 36 time is 45.581ms
04-13 01:18:47.092  3443  3458 I native-activity: Animating
04-13 01:18:47.102  3443  3458 I native-activity: Frame 37 GL error is 0x501
04-13 01:18:47.102  3443  3458 I native-activity: Frame 37 time is 9.118ms
04-13 01:18:47.102  3443  3458 I native-activity: Swap 37 time is 9.862ms
04-13 01:18:47.102  3443  3458 I native-activity: Animating
04-13 01:18:47.112  3443  3458 I native-activity: Frame 38 GL error is 0x501
04-13 01:18:47.112  3443  3458 I native-activity: Frame 38 time is 9.414ms
04-13 01:18:47.112  3443  3458 I native-activity: Swap 38 time is 10.580ms
04-13 01:18:47.112  3443  3458 I native-activity: Animating
04-13 01:18:47.122  3443  3458 I native-activity: Frame 39 GL error is 0x0
04-13 01:18:47.122  3443  3458 I native-activity: Frame 39 time is 7.967ms
04-13 01:18:47.122  3443  3458 I native-activity: Swap 39 time is 8.734ms
04-13 01:18:47.122  3443  3458 I native-activity: Animating
04-13 01:18:47.132  3443  3458 I native-activity: Frame 40 GL error is 0x0
04-13 01:18:47.132  3443  3458 I native-activity: Frame 40 time is 9.214ms
04-13 01:18:47.132  3443  3458 I native-activity: Swap 40 time is 9.970ms
04-13 01:18:47.132  3443  3458 I native-activity: Animating
04-13 01:18:47.152  3443  3458 I native-activity: Frame 41 GL error is 0x0
04-13 01:18:47.152  3443  3458 I native-activity: Frame 41 time is 16.649ms
04-13 01:18:47.152  3443  3458 I native-activity: Swap 41 time is 17.890ms
04-13 01:18:47.152  3443  3458 I native-activity: Animating
04-13 01:18:47.172  3443  3458 I native-activity: Frame 42 GL error is 0x0
04-13 01:18:47.172  3443  3458 I native-activity: Frame 42 time is 16.486ms
04-13 01:18:47.172  3443  3458 I native-activity: Swap 42 time is 17.345ms
04-13 01:18:47.172  3443  3458 I native-activity: Animating
04-13 01:18:47.192  3443  3458 I native-activity: Frame 43 GL error is 0x0
04-13 01:18:47.192  3443  3458 I native-activity: Frame 43 time is 18.333ms
04-13 01:18:47.192  3443  3458 I native-activity: Swap 43 time is 19.696ms
04-13 01:18:47.192  3443  3458 I native-activity: Animating
04-13 01:18:47.202  3443  3458 I native-activity: Frame 44 GL error is 0x0
04-13 01:18:47.202  3443  3458 I native-activity: Frame 44 time is 15.172ms
04-13 01:18:47.202  3443  3458 I native-activity: Swap 44 time is 16.887ms
04-13 01:18:47.202  3443  3458 I native-activity: Animating
04-13 01:18:47.232  3443  3458 I native-activity: Frame 45 GL error is 0x501
04-13 01:18:47.232  3443  3458 I native-activity: Frame 45 time is 28.083ms
04-13 01:18:47.232  3443  3458 I native-activity: Swap 45 time is 29.140ms
04-13 01:18:47.232  3443  3458 I native-activity: Animating
04-13 01:18:47.242  3443  3458 I native-activity: Frame 46 GL error is 0x501
04-13 01:18:47.242  3443  3458 I native-activity: Frame 46 time is 11.190ms
04-13 01:18:47.252  3443  3458 I native-activity: Swap 46 time is 12.158ms
04-13 01:18:47.252  3443  3458 I native-activity: Animating
04-13 01:18:47.252  3443  3458 I native-activity: Frame 47 GL error is 0x501
04-13 01:18:47.252  3443  3458 I native-activity: Frame 47 time is 7.257ms
04-13 01:18:47.252  3443  3458 I native-activity: Swap 47 time is 8.066ms
04-13 01:18:47.252  3443  3458 I native-activity: Animating
04-13 01:18:47.272  3443  3458 I native-activity: Frame 48 GL error is 0x0
04-13 01:18:47.272  3443  3458 I native-activity: Frame 48 time is 13.557ms
04-13 01:18:47.272  3443  3458 I native-activity: Swap 48 time is 14.517ms
04-13 01:18:47.272  3443  3458 I native-activity: Animating
04-13 01:18:47.292  3443  3458 I native-activity: Frame 49 GL error is 0x0
04-13 01:18:47.292  3443  3458 I native-activity: Frame 49 time is 17.092ms
04-13 01:18:47.292  3443  3458 I native-activity: Swap 49 time is 19.592ms
04-13 01:18:47.292  3443  3458 I native-activity: Animating
04-13 01:18:47.312  3443  3458 I native-activity: Frame 50 GL error is 0x0
04-13 01:18:47.312  3443  3458 I native-activity: Frame 50 time is 17.352ms
04-13 01:18:47.312  3443  3458 I native-activity: Swap 50 time is 19.795ms
04-13 01:18:47.312  3443  3458 I native-activity: Animating
04-13 01:18:47.322  3443  3458 I native-activity: Frame 51 GL error is 0x0
04-13 01:18:47.322  3443  3458 I native-activity: Frame 51 time is 10.200ms
04-13 01:18:47.322  3443  3458 I native-activity: Swap 51 time is 11.364ms
04-13 01:18:47.322  3443  3458 I native-activity: Animating
04-13 01:18:47.332  3443  3458 I native-activity: Frame 52 GL error is 0x0
04-13 01:18:47.332  3443  3458 I native-activity: Frame 52 time is 13.730ms
04-13 01:18:47.342  3443  3458 I native-activity: Swap 52 time is 14.905ms
04-13 01:18:47.342  3443  3458 I native-activity: Animating
04-13 01:18:47.352  3443  3458 I native-activity: Frame 53 GL error is 0x0
04-13 01:18:47.352  3443  3458 I native-activity: Frame 53 time is 14.819ms
04-13 01:18:47.352  3443  3458 I native-activity: Swap 53 time is 16.447ms
04-13 01:18:47.352  3443  3458 I native-activity: Animating
04-13 01:18:47.372  3443  3458 I native-activity: Frame 54 GL error is 0x0
04-13 01:18:47.372  3443  3458 I native-activity: Frame 54 time is 15.543ms
04-13 01:18:47.372  3443  3458 I native-activity: Swap 54 time is 18.419ms
04-13 01:18:47.372  3443  3458 I native-activity: Animating
04-13 01:18:47.392  3443  3458 I native-activity: Frame 55 GL error is 0x0
04-13 01:18:47.392  3443  3458 I native-activity: Frame 55 time is 16.373ms
04-13 01:18:47.392  3443  3458 I native-activity: Swap 55 time is 18.637ms
04-13 01:18:47.392  3443  3458 I native-activity: Animating
04-13 01:18:47.402  3443  3458 I native-activity: Frame 56 GL error is 0x0
04-13 01:18:47.402  3443  3458 I native-activity: Frame 56 time is 12.863ms
04-13 01:18:47.402  3443  3458 I native-activity: Swap 56 time is 15.035ms
04-13 01:18:47.412  3443  3458 I native-activity: Animating
04-13 01:18:47.422  3443  3458 I native-activity: Frame 57 GL error is 0x0
04-13 01:18:47.422  3443  3458 I native-activity: Frame 57 time is 13.158ms
04-13 01:18:47.422  3443  3458 I native-activity: Swap 57 time is 14.855ms
04-13 01:18:47.422  3443  3458 I native-activity: Animating
04-13 01:18:47.432  3443  3458 I native-activity: Frame 58 GL error is 0x0
04-13 01:18:47.432  3443  3458 I native-activity: Frame 58 time is 13.772ms
04-13 01:18:47.442  3443  3458 I native-activity: Swap 58 time is 15.717ms
04-13 01:18:47.442  3443  3458 I native-activity: Animating
04-13 01:18:47.452  3443  3458 I native-activity: Frame 59 GL error is 0x0
04-13 01:18:47.452  3443  3458 I native-activity: Frame 59 time is 15.620ms
04-13 01:18:47.452  3443  3458 I native-activity: Swap 59 time is 17.530ms
04-13 01:18:47.452  3443  3458 I native-activity: Animating
04-13 01:18:47.472  3443  3458 I native-activity: Frame 60 GL error is 0x0
04-13 01:18:47.472  3443  3458 I native-activity: Frame 60 time is 15.051ms
04-13 01:18:47.472  3443  3458 I native-activity: Swap 60 time is 17.506ms
04-13 01:18:47.472  3443  3458 I native-activity: Animating
04-13 01:18:47.492  3443  3458 I native-activity: Frame 61 GL error is 0x0
04-13 01:18:47.492  3443  3458 I native-activity: Frame 61 time is 14.793ms
04-13 01:18:47.492  3443  3458 I native-activity: Swap 61 time is 17.042ms
04-13 01:18:47.492  3443  3458 I native-activity: Animating
04-13 01:18:47.502  3443  3458 I native-activity: Frame 62 GL error is 0x0
04-13 01:18:47.502  3443  3458 I native-activity: Frame 62 time is 13.219ms
04-13 01:18:47.512  3443  3458 I native-activity: Swap 62 time is 16.085ms
04-13 01:18:47.512  3443  3458 I native-activity: Animating
04-13 01:18:47.522  3443  3458 I native-activity: Frame 63 GL error is 0x0
04-13 01:18:47.522  3443  3458 I native-activity: Frame 63 time is 15.040ms
04-13 01:18:47.532  3443  3458 I native-activity: Swap 63 time is 19.307ms
04-13 01:18:47.532  3443  3458 I native-activity: Animating
04-13 01:18:47.542  3443  3458 I native-activity: Frame 64 GL error is 0x0
04-13 01:18:47.542  3443  3458 I native-activity: Frame 64 time is 10.950ms
04-13 01:18:47.542  3443  3458 I native-activity: Swap 64 time is 13.164ms
04-13 01:18:47.542  3443  3458 I native-activity: Animating
04-13 01:18:47.552  3443  3458 I native-activity: Frame 65 GL error is 0x0
04-13 01:18:47.552  3443  3458 I native-activity: Frame 65 time is 14.683ms
04-13 01:18:47.562  3443  3458 I native-activity: Swap 65 time is 17.233ms
04-13 01:18:47.562  3443  3458 I native-activity: Animating
04-13 01:18:47.572  3443  3458 I native-activity: Frame 66 GL error is 0x0
04-13 01:18:47.572  3443  3458 I native-activity: Frame 66 time is 14.902ms
04-13 01:18:47.572  3443  3458 I native-activity: Swap 66 time is 17.134ms
04-13 01:18:47.572  3443  3458 I native-activity: Animating
04-13 01:18:47.592  3443  3458 I native-activity: Frame 67 GL error is 0x0
04-13 01:18:47.592  3443  3458 I native-activity: Frame 67 time is 12.447ms
04-13 01:18:47.592  3443  3458 I native-activity: Swap 67 time is 14.824ms
04-13 01:18:47.592  3443  3458 I native-activity: Animating
04-13 01:18:47.602  3443  3458 I native-activity: Frame 68 GL error is 0x0
04-13 01:18:47.602  3443  3458 I native-activity: Frame 68 time is 12.968ms
04-13 01:18:47.612  3443  3458 I native-activity: Swap 68 time is 16.066ms
04-13 01:18:47.612  3443  3458 I native-activity: Animating
04-13 01:18:47.622  3443  3458 I native-activity: Frame 69 GL error is 0x0
04-13 01:18:47.622  3443  3458 I native-activity: Frame 69 time is 13.226ms
04-13 01:18:47.622  3443  3458 I native-activity: Swap 69 time is 16.204ms
04-13 01:18:47.622  3443  3458 I native-activity: Animating
04-13 01:18:47.642  3443  3458 I native-activity: Frame 70 GL error is 0x0
04-13 01:18:47.642  3443  3458 I native-activity: Frame 70 time is 14.600ms
04-13 01:18:47.642  3443  3458 I native-activity: Swap 70 time is 16.968ms
04-13 01:18:47.642  3443  3458 I native-activity: Animating
04-13 01:18:47.652  3443  3458 I native-activity: Frame 71 GL error is 0x0
04-13 01:18:47.652  3443  3458 I native-activity: Frame 71 time is 12.974ms
04-13 01:18:47.662  3443  3458 I native-activity: Swap 71 time is 15.463ms
04-13 01:18:47.662  3443  3458 I native-activity: Animating
04-13 01:18:47.672  3443  3458 I native-activity: Frame 72 GL error is 0x0
04-13 01:18:47.672  3443  3458 I native-activity: Frame 72 time is 13.171ms
04-13 01:18:47.672  3443  3458 I native-activity: Swap 72 time is 15.527ms
04-13 01:18:47.672  3443  3458 I native-activity: Animating
04-13 01:18:47.692  3443  3458 I native-activity: Frame 73 GL error is 0x0
04-13 01:18:47.692  3443  3458 I native-activity: Frame 73 time is 13.767ms
04-13 01:18:47.692  3443  3458 I native-activity: Swap 73 time is 16.165ms
04-13 01:18:47.692  3443  3458 I native-activity: Animating
04-13 01:18:47.702  3443  3458 I native-activity: Frame 74 GL error is 0x0
04-13 01:18:47.702  3443  3458 I native-activity: Frame 74 time is 15.041ms
04-13 01:18:47.712  3443  3458 I native-activity: Swap 74 time is 17.483ms
04-13 01:18:47.712  3443  3458 I native-activity: Animating
04-13 01:18:47.722  3443  3458 I native-activity: Frame 75 GL error is 0x0
04-13 01:18:47.722  3443  3458 I native-activity: Frame 75 time is 16.057ms
04-13 01:18:47.732  3443  3458 I native-activity: Swap 75 time is 18.971ms
04-13 01:18:47.732  3443  3458 I native-activity: Animating
04-13 01:18:47.742  3443  3458 I native-activity: Frame 76 GL error is 0x0
04-13 01:18:47.742  3443  3458 I native-activity: Frame 76 time is 11.487ms
04-13 01:18:47.742  3443  3458 I native-activity: Swap 76 time is 14.309ms
04-13 01:18:47.742  3443  3458 I native-activity: Animating
04-13 01:18:47.752  3443  3458 I native-activity: Frame 77 GL error is 0x0
04-13 01:18:47.752  3443  3458 I native-activity: Frame 77 time is 13.635ms
04-13 01:18:47.762  3443  3458 I native-activity: Swap 77 time is 16.356ms
04-13 01:18:47.762  3443  3458 I native-activity: Animating
04-13 01:18:47.772  3443  3458 I native-activity: Frame 78 GL error is 0x0
04-13 01:18:47.772  3443  3458 I native-activity: Frame 78 time is 12.471ms
04-13 01:18:47.772  3443  3458 I native-activity: Swap 78 time is 15.474ms
04-13 01:18:47.772  3443  3458 I native-activity: Animating
04-13 01:18:47.792  3443  3458 I native-activity: Frame 79 GL error is 0x0
04-13 01:18:47.792  3443  3458 I native-activity: Frame 79 time is 15.201ms
04-13 01:18:47.792  3443  3458 I native-activity: Swap 79 time is 19.402ms
04-13 01:18:47.792  3443  3458 I native-activity: Animating
04-13 01:18:47.802  3443  3458 I native-activity: Frame 80 GL error is 0x0
04-13 01:18:47.802  3443  3458 I native-activity: Frame 80 time is 8.734ms
04-13 01:18:47.812  3443  3458 I native-activity: Swap 80 time is 11.767ms
04-13 01:18:47.812  3443  3458 I native-activity: Animating
04-13 01:18:47.822  3443  3458 I native-activity: Frame 81 GL error is 0x0
04-13 01:18:47.822  3443  3458 I native-activity: Frame 81 time is 14.197ms
04-13 01:18:47.822  3443  3458 I native-activity: Swap 81 time is 16.808ms
04-13 01:18:47.822  3443  3458 I native-activity: Animating
04-13 01:18:47.842  3443  3458 I native-activity: Frame 82 GL error is 0x0
04-13 01:18:47.842  3443  3458 I native-activity: Frame 82 time is 14.548ms
04-13 01:18:47.842  3443  3458 I native-activity: Swap 82 time is 16.958ms
04-13 01:18:47.842  3443  3458 I native-activity: Animating
04-13 01:18:47.862  3443  3458 I native-activity: Frame 83 GL error is 0x0
04-13 01:18:47.862  3443  3458 I native-activity: Frame 83 time is 15.175ms
04-13 01:18:47.862  3443  3458 I native-activity: Swap 83 time is 17.857ms
04-13 01:18:47.862  3443  3458 I native-activity: Animating
04-13 01:18:47.872  3443  3458 I native-activity: Frame 84 GL error is 0x0
04-13 01:18:47.872  3443  3458 I native-activity: Frame 84 time is 12.274ms
04-13 01:18:47.872  3443  3458 I native-activity: Swap 84 time is 14.720ms
04-13 01:18:47.882  3443  3458 I native-activity: Animating
04-13 01:18:47.892  3443  3458 I native-activity: Frame 85 GL error is 0x0
04-13 01:18:47.892  3443  3458 I native-activity: Frame 85 time is 12.288ms
04-13 01:18:47.892  3443  3458 I native-activity: Swap 85 time is 15.225ms
04-13 01:18:47.892  3443  3458 I native-activity: Animating
04-13 01:18:47.912  3443  3458 I native-activity: Frame 86 GL error is 0x0
04-13 01:18:47.912  3443  3458 I native-activity: Frame 86 time is 15.596ms
04-13 01:18:47.912  3443  3458 I native-activity: Swap 86 time is 18.168ms
04-13 01:18:47.912  3443  3458 I native-activity: Animating
04-13 01:18:47.922  3443  3458 I native-activity: Frame 87 GL error is 0x0
04-13 01:18:47.922  3443  3458 I native-activity: Frame 87 time is 11.282ms
04-13 01:18:47.922  3443  3458 I native-activity: Swap 87 time is 13.674ms
04-13 01:18:47.932  3443  3458 I native-activity: Animating
04-13 01:18:47.942  3443  3458 I native-activity: Frame 88 GL error is 0x0
04-13 01:18:47.942  3443  3458 I native-activity: Frame 88 time is 12.922ms
04-13 01:18:47.942  3443  3458 I native-activity: Swap 88 time is 15.187ms
04-13 01:18:47.942  3443  3458 I native-activity: Animating
04-13 01:18:47.962  3443  3458 I native-activity: Frame 89 GL error is 0x0
04-13 01:18:47.962  3443  3458 I native-activity: Frame 89 time is 15.294ms
04-13 01:18:47.962  3443  3458 I native-activity: Swap 89 time is 17.543ms
04-13 01:18:47.962  3443  3458 I native-activity: Animating
04-13 01:18:47.972  3443  3458 I native-activity: Frame 90 GL error is 0x0
04-13 01:18:47.972  3443  3458 I native-activity: Frame 90 time is 12.716ms
04-13 01:18:47.972  3443  3458 I native-activity: Swap 90 time is 14.910ms
04-13 01:18:47.972  3443  3458 I native-activity: Animating
04-13 01:18:47.992  3443  3458 I native-activity: Frame 91 GL error is 0x0
04-13 01:18:47.992  3443  3458 I native-activity: Frame 91 time is 14.761ms
04-13 01:18:47.992  3443  3458 I native-activity: Swap 91 time is 17.157ms
04-13 01:18:47.992  3443  3458 I native-activity: Animating
04-13 01:18:48.012  3443  3458 I native-activity: Frame 92 GL error is 0x0
04-13 01:18:48.012  3443  3458 I native-activity: Frame 92 time is 15.154ms
04-13 01:18:48.012  3443  3458 I native-activity: Swap 92 time is 17.489ms
04-13 01:18:48.012  3443  3458 I native-activity: Animating
04-13 01:18:48.022  3443  3458 I native-activity: Frame 93 GL error is 0x0
04-13 01:18:48.022  3443  3458 I native-activity: Frame 93 time is 13.067ms
04-13 01:18:48.032  3443  3458 I native-activity: Swap 93 time is 16.017ms
04-13 01:18:48.032  3443  3458 I native-activity: Animating
04-13 01:18:48.042  3443  3458 I native-activity: Frame 94 GL error is 0x0
04-13 01:18:48.042  3443  3458 I native-activity: Frame 94 time is 11.773ms
04-13 01:18:48.042  3443  3458 I native-activity: Swap 94 time is 14.313ms
04-13 01:18:48.042  3443  3458 I native-activity: Animating
04-13 01:18:48.062  3443  3458 I native-activity: Frame 95 GL error is 0x0
04-13 01:18:48.062  3443  3458 I native-activity: Frame 95 time is 18.866ms
04-13 01:18:48.062  3443  3458 I native-activity: Swap 95 time is 21.415ms
04-13 01:18:48.062  3443  3458 I native-activity: Animating
04-13 01:18:48.072  3443  3458 I native-activity: Frame 96 GL error is 0x0
04-13 01:18:48.072  3443  3458 I native-activity: Frame 96 time is 10.971ms
04-13 01:18:48.082  3443  3458 I native-activity: Swap 96 time is 13.466ms
04-13 01:18:48.082  3443  3458 I native-activity: Animating
04-13 01:18:48.092  3443  3458 I native-activity: Frame 97 GL error is 0x0
04-13 01:18:48.092  3443  3458 I native-activity: Frame 97 time is 11.783ms
04-13 01:18:48.092  3443  3458 I native-activity: Swap 97 time is 14.578ms
04-13 01:18:48.092  3443  3458 I native-activity: Animating
04-13 01:18:48.102  3443  3458 I native-activity: Frame 98 GL error is 0x0
04-13 01:18:48.102  3443  3458 I native-activity: Frame 98 time is 12.019ms
04-13 01:18:48.112  3443  3458 I native-activity: Swap 98 time is 14.987ms
04-13 01:18:48.112  3443  3458 I native-activity: Animating
04-13 01:18:48.122  3443  3458 I native-activity: Frame 99 GL error is 0x0
04-13 01:18:48.122  3443  3458 I native-activity: Frame 99 time is 13.481ms
04-13 01:18:48.122  3443  3458 I native-activity: Swap 99 time is 16.014ms
04-13 01:18:48.122  3443  3458 I native-activity: Animating
04-13 01:18:48.142  3443  3458 I native-activity: Frame 100 GL error is 0x0
04-13 01:18:48.142  3443  3458 I native-activity: Frame 100 time is 15.036ms
04-13 01:18:48.142  3443  3458 I native-activity: Swap 100 time is 18.479ms
04-13 01:18:48.142  3443  3458 I native-activity: Animating
04-13 01:18:48.152  3443  3458 I native-activity: Frame 101 GL error is 0x0
04-13 01:18:48.162  3443  3458 I native-activity: Frame 101 time is 11.983ms
04-13 01:18:48.162  3443  3458 I native-activity: Swap 101 time is 14.544ms
04-13 01:18:48.162  3443  3458 I native-activity: Animating
04-13 01:18:48.172  3443  3458 I native-activity: Frame 102 GL error is 0x0
04-13 01:18:48.172  3443  3458 I native-activity: Frame 102 time is 11.759ms
04-13 01:18:48.172  3443  3458 I native-activity: Swap 102 time is 14.122ms
04-13 01:18:48.172  3443  3458 I native-activity: Animating
04-13 01:18:48.192  3443  3458 I native-activity: Frame 103 GL error is 0x0
04-13 01:18:48.192  3443  3458 I native-activity: Frame 103 time is 14.502ms
04-13 01:18:48.192  3443  3458 I native-activity: Swap 103 time is 16.806ms
04-13 01:18:48.192  3443  3458 I native-activity: Animating
04-13 01:18:48.202  3443  3458 I native-activity: Frame 104 GL error is 0x0
04-13 01:18:48.202  3443  3458 I native-activity: Frame 104 time is 13.964ms
04-13 01:18:48.212  3443  3458 I native-activity: Swap 104 time is 16.065ms
04-13 01:18:48.212  3443  3458 I native-activity: Animating
04-13 01:18:48.222  3443  3458 I native-activity: Frame 105 GL error is 0x0
04-13 01:18:48.222  3443  3458 I native-activity: Frame 105 time is 16.849ms
04-13 01:18:48.232  3443  3458 I native-activity: Swap 105 time is 19.378ms
04-13 01:18:48.232  3443  3458 I native-activity: Animating
04-13 01:18:48.242  3443  3458 I native-activity: Frame 106 GL error is 0x0
04-13 01:18:48.242  3443  3458 I native-activity: Frame 106 time is 11.587ms
04-13 01:18:48.242  3443  3458 I native-activity: Swap 106 time is 14.388ms
04-13 01:18:48.242  3443  3458 I native-activity: Animating
04-13 01:18:48.262  3443  3458 I native-activity: Frame 107 GL error is 0x0
04-13 01:18:48.262  3443  3458 I native-activity: Frame 107 time is 15.275ms
04-13 01:18:48.262  3443  3458 I native-activity: Swap 107 time is 18.009ms
04-13 01:18:48.262  3443  3458 I native-activity: Animating
04-13 01:18:48.272  3443  3458 I native-activity: Frame 108 GL error is 0x0
04-13 01:18:48.272  3443  3458 I native-activity: Frame 108 time is 11.893ms
04-13 01:18:48.272  3443  3458 I native-activity: Swap 108 time is 14.361ms
04-13 01:18:48.272  3443  3458 I native-activity: Animating
04-13 01:18:48.292  3443  3458 I native-activity: Frame 109 GL error is 0x0
04-13 01:18:48.292  3443  3458 I native-activity: Frame 109 time is 14.037ms
04-13 01:18:48.292  3443  3458 I native-activity: Swap 109 time is 16.809ms
04-13 01:18:48.292  3443  3458 I native-activity: Animating
04-13 01:18:48.312  3443  3458 I native-activity: Frame 110 GL error is 0x0
04-13 01:18:48.312  3443  3458 I native-activity: Frame 110 time is 14.238ms
04-13 01:18:48.312  3443  3458 I native-activity: Swap 110 time is 16.930ms
04-13 01:18:48.312  3443  3458 I native-activity: Animating
04-13 01:18:48.322  3443  3458 I native-activity: Frame 111 GL error is 0x0
04-13 01:18:48.322  3443  3458 I native-activity: Frame 111 time is 14.217ms
04-13 01:18:48.332  3443  3458 I native-activity: Swap 111 time is 16.899ms
04-13 01:18:48.332  3443  3458 I native-activity: Animating
04-13 01:18:48.342  3443  3458 I native-activity: Frame 112 GL error is 0x0
04-13 01:18:48.342  3443  3458 I native-activity: Frame 112 time is 13.448ms
04-13 01:18:48.342  3443  3458 I native-activity: Swap 112 time is 17.005ms
04-13 01:18:48.342  3443  3458 I native-activity: Animating
04-13 01:18:48.362  3443  3458 I native-activity: Frame 113 GL error is 0x0
04-13 01:18:48.362  3443  3458 I native-activity: Frame 113 time is 12.525ms
04-13 01:18:48.362  3443  3458 I native-activity: Swap 113 time is 13.905ms
04-13 01:18:48.362  3443  3458 I native-activity: Animating
04-13 01:18:48.372  3443  3458 I native-activity: Frame 114 GL error is 0x0
04-13 01:18:48.372  3443  3458 I native-activity: Frame 114 time is 12.548ms
04-13 01:18:48.372  3443  3458 I native-activity: Swap 114 time is 14.082ms
04-13 01:18:48.372  3443  3458 I native-activity: Animating
04-13 01:18:48.392  3443  3458 I native-activity: Frame 115 GL error is 0x0
04-13 01:18:48.392  3443  3458 I native-activity: Frame 115 time is 16.773ms
04-13 01:18:48.392  3443  3458 I native-activity: Swap 115 time is 18.915ms
04-13 01:18:48.392  3443  3458 I native-activity: Animating
04-13 01:18:48.402  3443  3458 I native-activity: Frame 116 GL error is 0x0
04-13 01:18:48.402  3443  3458 I native-activity: Frame 116 time is 13.102ms
04-13 01:18:48.412  3443  3458 I native-activity: Swap 116 time is 15.530ms
04-13 01:18:48.412  3443  3458 I native-activity: Animating
04-13 01:18:48.422  3443  3458 I native-activity: Frame 117 GL error is 0x0
04-13 01:18:48.422  3443  3458 I native-activity: Frame 117 time is 15.072ms
04-13 01:18:48.432  3443  3458 I native-activity: Swap 117 time is 18.575ms
04-13 01:18:48.432  3443  3458 I native-activity: Animating
04-13 01:18:48.442  3443  3458 I native-activity: Frame 118 GL error is 0x0
04-13 01:18:48.442  3443  3458 I native-activity: Frame 118 time is 12.972ms
04-13 01:18:48.442  3443  3458 I native-activity: Swap 118 time is 15.652ms
04-13 01:18:48.442  3443  3458 I native-activity: Animating
04-13 01:18:48.462  3443  3458 I native-activity: Frame 119 GL error is 0x0
04-13 01:18:48.462  3443  3458 I native-activity: Frame 119 time is 14.837ms
04-13 01:18:48.462  3443  3458 I native-activity: Swap 119 time is 18.182ms
04-13 01:18:48.462  3443  3458 I native-activity: Animating
04-13 01:18:48.472  3443  3458 I native-activity: Frame 120 GL error is 0x0
04-13 01:18:48.472  3443  3458 I native-activity: Frame 120 time is 11.133ms
04-13 01:18:48.472  3443  3458 I native-activity: Swap 120 time is 13.592ms
04-13 01:18:48.482  3443  3458 I native-activity: Animating
04-13 01:18:48.492  3443  3458 I native-activity: Frame 121 GL error is 0x0
04-13 01:18:48.492  3443  3458 I native-activity: Frame 121 time is 15.670ms
04-13 01:18:48.492  3443  3458 I native-activity: Swap 121 time is 19.048ms
04-13 01:18:48.492  3443  3458 I native-activity: Animating
04-13 01:18:48.512  3443  3458 I native-activity: Frame 122 GL error is 0x0
04-13 01:18:48.512  3443  3458 I native-activity: Frame 122 time is 11.487ms
04-13 01:18:48.512  3443  3458 I native-activity: Swap 122 time is 13.623ms
04-13 01:18:48.512  3443  3458 I native-activity: Animating
04-13 01:18:48.522  3443  3458 I native-activity: Frame 123 GL error is 0x0
04-13 01:18:48.522  3443  3458 I native-activity: Frame 123 time is 14.922ms
04-13 01:18:48.532  3443  3458 I native-activity: Swap 123 time is 18.135ms
04-13 01:18:48.532  3443  3458 I native-activity: Animating
04-13 01:18:48.542  3443  3458 I native-activity: Frame 124 GL error is 0x0
04-13 01:18:48.542  3443  3458 I native-activity: Frame 124 time is 12.125ms
04-13 01:18:48.542  3443  3458 I native-activity: Swap 124 time is 15.381ms
04-13 01:18:48.542  3443  3458 I native-activity: Animating
04-13 01:18:48.562  3443  3458 I native-activity: Frame 125 GL error is 0x0
04-13 01:18:48.562  3443  3458 I native-activity: Frame 125 time is 14.379ms
04-13 01:18:48.562  3443  3458 I native-activity: Swap 125 time is 17.607ms
04-13 01:18:48.562  3443  3458 I native-activity: Animating
04-13 01:18:48.582  3443  3458 I native-activity: Frame 126 GL error is 0x0
04-13 01:18:48.582  3443  3458 I native-activity: Frame 126 time is 14.382ms
04-13 01:18:48.582  3443  3458 I native-activity: Swap 126 time is 17.542ms
04-13 01:18:48.582  3443  3458 I native-activity: Animating
04-13 01:18:48.592  3443  3458 I native-activity: Frame 127 GL error is 0x0
04-13 01:18:48.592  3443  3458 I native-activity: Frame 127 time is 9.958ms
04-13 01:18:48.592  3443  3458 I native-activity: Swap 127 time is 12.495ms
04-13 01:18:48.592  3443  3458 I native-activity: Animating
04-13 01:18:48.612  3443  3458 I native-activity: Frame 128 GL error is 0x0
04-13 01:18:48.612  3443  3458 I native-activity: Frame 128 time is 15.197ms
04-13 01:18:48.612  3443  3458 I native-activity: Swap 128 time is 17.447ms
04-13 01:18:48.612  3443  3458 I native-activity: Animating
04-13 01:18:48.632  3443  3458 I native-activity: Frame 129 GL error is 0x0
04-13 01:18:48.632  3443  3458 I native-activity: Frame 129 time is 14.940ms
04-13 01:18:48.632  3443  3458 I native-activity: Swap 129 time is 17.840ms
04-13 01:18:48.632  3443  3458 I native-activity: Animating
04-13 01:18:48.642  3443  3458 I native-activity: Frame 130 GL error is 0x0
04-13 01:18:48.642  3443  3458 I native-activity: Frame 130 time is 13.704ms
04-13 01:18:48.652  3443  3458 I native-activity: Swap 130 time is 16.395ms
04-13 01:18:48.652  3443  3458 I native-activity: Animating
04-13 01:18:48.662  3443  3458 I native-activity: Frame 131 GL error is 0x0
04-13 01:18:48.662  3443  3458 I native-activity: Frame 131 time is 13.238ms
04-13 01:18:48.662  3443  3458 I native-activity: Swap 131 time is 15.868ms
04-13 01:18:48.662  3443  3458 I native-activity: Animating
04-13 01:18:48.682  3443  3458 I native-activity: Frame 132 GL error is 0x0
04-13 01:18:48.682  3443  3458 I native-activity: Frame 132 time is 14.095ms
04-13 01:18:48.682  3443  3458 I native-activity: Swap 132 time is 16.456ms
04-13 01:18:48.682  3443  3458 I native-activity: Animating
04-13 01:18:48.692  3443  3458 I native-activity: Frame 133 GL error is 0x0
04-13 01:18:48.692  3443  3458 I native-activity: Frame 133 time is 13.480ms
04-13 01:18:48.692  3443  3458 I native-activity: Swap 133 time is 15.556ms
04-13 01:18:48.692  3443  3458 I native-activity: Animating
04-13 01:18:48.712  3443  3458 I native-activity: Frame 134 GL error is 0x0
04-13 01:18:48.712  3443  3458 I native-activity: Frame 134 time is 13.429ms
04-13 01:18:48.712  3443  3458 I native-activity: Swap 134 time is 15.857ms
04-13 01:18:48.712  3443  3458 I native-activity: Animating
04-13 01:18:48.722  3443  3458 I native-activity: Frame 135 GL error is 0x0
04-13 01:18:48.722  3443  3458 I native-activity: Frame 135 time is 13.429ms
04-13 01:18:48.732  3443  3458 I native-activity: Swap 135 time is 15.800ms
04-13 01:18:48.732  3443  3458 I native-activity: Animating
04-13 01:18:48.742  3443  3458 I native-activity: Frame 136 GL error is 0x0
04-13 01:18:48.742  3443  3458 I native-activity: Frame 136 time is 16.415ms
04-13 01:18:48.752  3443  3458 I native-activity: Swap 136 time is 19.159ms
04-13 01:18:48.752  3443  3458 I native-activity: Animating
04-13 01:18:48.762  3443  3458 I native-activity: Frame 137 GL error is 0x0
04-13 01:18:48.762  3443  3458 I native-activity: Frame 137 time is 12.584ms
04-13 01:18:48.762  3443  3458 I native-activity: Swap 137 time is 15.494ms
04-13 01:18:48.762  3443  3458 I native-activity: Animating
04-13 01:18:48.782  3443  3458 I native-activity: Frame 138 GL error is 0x0
04-13 01:18:48.782  3443  3458 I native-activity: Frame 138 time is 13.413ms
04-13 01:18:48.782  3443  3458 I native-activity: Swap 138 time is 16.331ms
04-13 01:18:48.782  3443  3458 I native-activity: Animating
04-13 01:18:48.792  3443  3458 I native-activity: Frame 139 GL error is 0x0
04-13 01:18:48.792  3443  3458 I native-activity: Frame 139 time is 13.913ms
04-13 01:18:48.802  3443  3458 I native-activity: Swap 139 time is 16.745ms
04-13 01:18:48.802  3443  3458 I native-activity: Animating
04-13 01:18:48.812  3443  3458 I native-activity: Frame 140 GL error is 0x0
04-13 01:18:48.812  3443  3458 I native-activity: Frame 140 time is 12.124ms
04-13 01:18:48.812  3443  3458 I native-activity: Swap 140 time is 14.969ms
04-13 01:18:48.812  3443  3458 I native-activity: Animating
04-13 01:18:48.832  3443  3458 I native-activity: Frame 141 GL error is 0x0
04-13 01:18:48.832  3443  3458 I native-activity: Frame 141 time is 14.369ms
04-13 01:18:48.832  3443  3458 I native-activity: Swap 141 time is 17.046ms
04-13 01:18:48.832  3443  3458 I native-activity: Animating
04-13 01:18:48.842  3443  3458 I native-activity: Frame 142 GL error is 0x0
04-13 01:18:48.852  3443  3458 I native-activity: Frame 142 time is 15.260ms
04-13 01:18:48.852  3443  3458 I native-activity: Swap 142 time is 17.742ms
04-13 01:18:48.852  3443  3458 I native-activity: Animating
04-13 01:18:48.862  3443  3458 I native-activity: Frame 143 GL error is 0x0
04-13 01:18:48.862  3443  3458 I native-activity: Frame 143 time is 12.397ms
04-13 01:18:48.862  3443  3458 I native-activity: Swap 143 time is 15.282ms
04-13 01:18:48.862  3443  3458 I native-activity: Animating
04-13 01:18:48.882  3443  3458 I native-activity: Frame 144 GL error is 0x0
04-13 01:18:48.882  3443  3458 I native-activity: Frame 144 time is 13.452ms
04-13 01:18:48.882  3443  3458 I native-activity: Swap 144 time is 16.695ms
04-13 01:18:48.882  3443  3458 I native-activity: Animating
04-13 01:18:48.892  3443  3458 I native-activity: Frame 145 GL error is 0x0
04-13 01:18:48.892  3443  3458 I native-activity: Frame 145 time is 12.582ms
04-13 01:18:48.902  3443  3458 I native-activity: Swap 145 time is 17.177ms
04-13 01:18:48.902  3443  3458 I native-activity: Animating
04-13 01:18:48.912  3443  3458 I native-activity: Frame 146 GL error is 0x0
04-13 01:18:48.912  3443  3458 I native-activity: Frame 146 time is 10.659ms
04-13 01:18:48.912  3443  3458 I native-activity: Swap 146 time is 13.160ms
04-13 01:18:48.912  3443  3458 I native-activity: Animating
04-13 01:18:48.932  3443  3458 I native-activity: Frame 147 GL error is 0x0
04-13 01:18:48.932  3443  3458 I native-activity: Frame 147 time is 15.753ms
04-13 01:18:48.932  3443  3458 I native-activity: Swap 147 time is 19.116ms
04-13 01:18:48.932  3443  3458 I native-activity: Animating
04-13 01:18:48.942  3443  3458 I native-activity: Frame 148 GL error is 0x0
04-13 01:18:48.942  3443  3458 I native-activity: Frame 148 time is 11.421ms
04-13 01:18:48.952  3443  3458 I native-activity: Swap 148 time is 15.024ms
04-13 01:18:48.952  3443  3458 I native-activity: Animating
04-13 01:18:48.952  1434  2251 W System.err: remove failed: ENOENT (No such file or directory) : /data/system/recent_tasks/1456_task.xml.bak
04-13 01:18:48.962  3443  3458 I native-activity: Frame 149 GL error is 0x0
04-13 01:18:48.962  3443  3458 I native-activity: Frame 149 time is 16.082ms
04-13 01:18:48.972  3443  3458 I native-activity: Swap 149 time is 20.646ms
04-13 01:18:48.972  3443  3458 I native-activity: Animating
04-13 01:18:48.982  3443  3458 I native-activity: Frame 150 GL error is 0x0
04-13 01:18:48.982  3443  3458 I native-activity: Frame 150 time is 8.178ms
