04-11 02:48:45.109  2742  2756 I native-activity: 		EGL_RENDER_BUFFER: 12344 EGL_NONE,
04-11 02:48:45.109  2742  2756 I native-activity: Context 0xee52d980 made current on surface 0xee5256c0, error 0x3000
04-11 02:48:45.109  2742  2756 I native-activity: GL information
04-11 02:48:45.109  2742  2756 I native-activity: 	Renderer: Adreno (TM) 530
04-11 02:48:45.109  2742  2756 I native-activity: 	Vendor: Qualcomm
04-11 02:48:45.109  2742  2756 I native-activity: 	Version: OpenGL ES 3.2 V@145.0 (GIT@I5bc0f577f9)
04-11 02:48:45.109  2742  2756 I native-activity: 	Shading Language: OpenGL ES GLSL ES 3.20
04-11 02:48:45.109  2742  2756 I native-activity: 	Extensions: GL_OES_EGL_image GL_OES_EGL_image_external GL_OES_EGL_sync GL_OES_vertex_half_float GL_OES_framebuffer_object GL_OES_rgb8_rgba8 GL_OES_compressed_ETC1_RGB8_texture GL_AMD_compressed_ATC_texture GL_KHR_texture_compression_astc_ldr GL_KHR_texture_compression_astc_hdr GL_OES_texture_compression_astc GL_OES_texture_npot GL_EXT_texture_filter_anisotropic GL_EXT_texture_format_BGRA8888 GL_OES_texture_3D GL_EXT_color_buffer_float GL_EXT_color_buffer_half_float GL_QCOM_alpha_test GL_OES_depth24 GL_OES_packed_depth_stencil GL_OES_depth_texture GL_OES_depth_texture_cube_map GL_EXT_sRGB GL_OES_texture_float GL_OES_texture_float_linear GL_OES_texture_half_float GL_OES_texture_half_float_linear GL_EXT_texture_type_2_10_10_10_REV GL_EXT_texture_sRGB_decode GL_OES_element_index_uint GL_EXT_copy_image GL_EXT_geometry_shader GL_EXT_tessellation_shader GL_OES_texture_stencil8 GL_EXT_shader_io_blocks GL_OES_shader_image_atomic GL_OES_sample_variables GL_EXT_texture_border_clamp GL_EXT_multisampled_render_to_textur
04-11 02:48:45.109  2742  2756 D libGLESv2: DTS_GLAPI : DTS is not allowed for Package : com.example.sonicdash_stage1
04-11 02:48:45.139  2742  2756 I native-activity: Context 0xee52d980 made current on surface 0xee5256c0, error 0x3000
04-11 02:48:45.139  2742  2756 I native-activity: GL information
04-11 02:48:45.139  2742  2756 I native-activity: 	Renderer: Adreno (TM) 530
04-11 02:48:45.139  2742  2756 I native-activity: 	Vendor: Qualcomm
04-11 02:48:45.139  2742  2756 I native-activity: 	Version: OpenGL ES 3.2 V@145.0 (GIT@I5bc0f577f9)
04-11 02:48:45.139  2742  2756 I native-activity: 	Shading Language: OpenGL ES GLSL ES 3.20
04-11 02:48:45.139  2742  2756 I native-activity: 	Extensions: GL_OES_EGL_image GL_OES_EGL_image_external GL_OES_EGL_sync GL_OES_vertex_half_float GL_OES_framebuffer_object GL_OES_rgb8_rgba8 GL_OES_compressed_ETC1_RGB8_texture GL_AMD_compressed_ATC_texture GL_KHR_texture_compression_astc_ldr GL_KHR_texture_compression_astc_hdr GL_OES_texture_compression_astc GL_OES_texture_npot GL_EXT_texture_filter_anisotropic GL_EXT_texture_format_BGRA8888 GL_OES_texture_3D GL_EXT_color_buffer_float GL_EXT_color_buffer_half_float GL_QCOM_alpha_test GL_OES_depth24 GL_OES_packed_depth_stencil GL_OES_depth_texture GL_OES_depth_texture_cube_map GL_EXT_sRGB GL_OES_texture_float GL_OES_texture_float_linear GL_OES_texture_half_float GL_OES_texture_half_float_linear GL_EXT_texture_type_2_10_10_10_REV GL_EXT_texture_sRGB_decode GL_OES_element_index_uint GL_EXT_copy_image GL_EXT_geometry_shader GL_EXT_tessellation_shader GL_OES_texture_stencil8 GL_EXT_shader_io_blocks GL_OES_shader_image_atomic GL_OES_sample_variables GL_EXT_texture_border_clamp GL_EXT_multisampled_render_to_textur
04-11 02:48:45.159  2742  2756 I native-activity: Frame 0 GL error is 0x501
04-11 02:48:45.159  2742  2756 I native-activity: Frame 0 time is 52.908ms
04-11 02:48:45.159  2742  2756 I native-activity: Doing egl_swapbuffers_sync 1
04-11 02:48:45.159  2742  2756 D native-activity: Reading pixels format 0x1908 type 0x1401 bpp 4
04-11 02:48:45.169  2742  2756 I native-activity: Read pixels, GL error is 0x0
04-11 02:48:45.169  2742  2756 I native-activity: Swap 0 time is 62.058ms
04-11 02:48:45.179  2742  2756 I native-activity: Animating
04-11 02:48:45.179  2742  2756 I native-activity: Frame 1 GL error is 0x0
04-11 02:48:45.179  2742  2756 I native-activity: Frame 1 time is 0.359ms
04-11 02:48:45.179  2742  2756 I native-activity: Doing egl_swapbuffers_sync 1
04-11 02:48:45.179  2742  2756 D native-activity: Reading pixels format 0x1908 type 0x1401 bpp 4
04-11 02:48:45.189  2742  2756 I native-activity: Read pixels, GL error is 0x0
04-11 02:48:45.189  2742  2756 I native-activity: Swap 1 time is 4.153ms
04-11 02:48:45.189  2742  2756 I native-activity: Animating
04-11 02:48:45.189  2742  2756 I native-activity: Frame 2 GL error is 0x0
04-11 02:48:45.189  2742  2756 I native-activity: Frame 2 time is 0.436ms
04-11 02:48:45.189  2742  2756 I native-activity: Doing egl_swapbuffers_sync 1
04-11 02:48:45.189  2742  2756 D native-activity: Reading pixels format 0x1908 type 0x1401 bpp 4
04-11 02:48:45.189  2742  2756 I native-activity: Read pixels, GL error is 0x0
04-11 02:48:45.189  2742  2756 I native-activity: Swap 2 time is 1.812ms
04-11 02:48:45.189  2742  2756 I native-activity: Animating
04-11 02:48:45.189  2742  2756 I native-activity: Context 0xee52d980 made current on surface 0xee5256c0, error 0x3000
04-11 02:48:45.189  2742  2756 I native-activity: GL information
04-11 02:48:45.189  2742  2756 I native-activity: 	Renderer: Adreno (TM) 530
04-11 02:48:45.189  2742  2756 I native-activity: 	Vendor: Qualcomm
04-11 02:48:45.189  2742  2756 I native-activity: 	Version: OpenGL ES 3.2 V@145.0 (GIT@I5bc0f577f9)
04-11 02:48:45.189  2742  2756 I native-activity: 	Shading Language: OpenGL ES GLSL ES 3.20
04-11 02:48:45.189  2742  2756 I native-activity: 	Extensions: GL_OES_EGL_image GL_OES_EGL_image_external GL_OES_EGL_sync GL_OES_vertex_half_float GL_OES_framebuffer_object GL_OES_rgb8_rgba8 GL_OES_compressed_ETC1_RGB8_texture GL_AMD_compressed_ATC_texture GL_KHR_texture_compression_astc_ldr GL_KHR_texture_compression_astc_hdr GL_OES_texture_compression_astc GL_OES_texture_npot GL_EXT_texture_filter_anisotropic GL_EXT_texture_format_BGRA8888 GL_OES_texture_3D GL_EXT_color_buffer_float GL_EXT_color_buffer_half_float GL_QCOM_alpha_test GL_OES_depth24 GL_OES_packed_depth_stencil GL_OES_depth_texture GL_OES_depth_texture_cube_map GL_EXT_sRGB GL_OES_texture_float GL_OES_texture_float_linear GL_OES_texture_half_float GL_OES_texture_half_float_linear GL_EXT_texture_type_2_10_10_10_REV GL_EXT_texture_sRGB_decode GL_OES_element_index_uint GL_EXT_copy_image GL_EXT_geometry_shader GL_EXT_tessellation_shader GL_OES_texture_stencil8 GL_EXT_shader_io_blocks GL_OES_shader_image_atomic GL_OES_sample_variables GL_EXT_texture_border_clamp GL_EXT_multisampled_render_to_textur
04-11 02:48:45.189  2742  2756 I native-activity: Frame 3 GL error is 0x0
04-11 02:48:45.189  2742  2756 I native-activity: Frame 3 time is 0.151ms
04-11 02:48:45.189  2742  2756 I native-activity: Doing egl_swapbuffers_sync 1
04-11 02:48:45.189  2742  2756 D native-activity: Reading pixels format 0x1908 type 0x1401 bpp 4
04-11 02:48:45.189  2742  2756 I native-activity: Read pixels, GL error is 0x0
04-11 02:48:45.189  2742  2756 I native-activity: Swap 3 time is 1.000ms
04-11 02:48:45.189  2742  2756 I native-activity: Animating
04-11 02:48:45.229  2742  2756 I native-activity: Frame 4 GL error is 0x501
04-11 02:48:45.229  2742  2756 I native-activity: Frame 4 time is 41.933ms
04-11 02:48:45.229  2742  2756 I native-activity: Doing egl_swapbuffers_sync 1
04-11 02:48:45.229  2742  2756 D native-activity: Reading pixels format 0x1908 type 0x1401 bpp 4
04-11 02:48:45.229  2742  2756 I native-activity: Read pixels, GL error is 0x0
04-11 02:48:45.229  2742  2756 I native-activity: Swap 4 time is 43.355ms
04-11 02:48:45.239  2742  2756 I native-activity: Animating
04-11 02:48:45.239  2742  2756 I native-activity: Frame 5 GL error is 0x0
04-11 02:48:45.239  2742  2756 I native-activity: Frame 5 time is 0.351ms
04-11 02:48:45.239  2742  2756 I native-activity: Doing egl_swapbuffers_sync 1
04-11 02:48:45.239  2742  2756 D native-activity: Reading pixels format 0x1908 type 0x1401 bpp 4
04-11 02:48:45.239  2742  2756 I native-activity: Read pixels, GL error is 0x0
04-11 02:48:45.239  2742  2756 I native-activity: Swap 5 time is 3.297ms
04-11 02:48:45.239  2742  2756 I native-activity: Animating
04-11 02:48:45.239  2742  2756 I native-activity: Frame 6 GL error is 0x0
04-11 02:48:45.239  2742  2756 I native-activity: Frame 6 time is 0.391ms
04-11 02:48:45.239  2742  2756 I native-activity: Doing egl_swapbuffers_sync 1
04-11 02:48:45.239  2742  2756 D native-activity: Reading pixels format 0x1908 type 0x1401 bpp 4
04-11 02:48:45.239  2742  2756 I native-activity: Read pixels, GL error is 0x0
04-11 02:48:45.239  2742  2756 I native-activity: Swap 6 time is 1.778ms
04-11 02:48:45.239  2742  2756 I native-activity: Animating
04-11 02:48:45.239  2742  2756 I native-activity: Frame 7 GL error is 0x0
04-11 02:48:45.239  2742  2756 I native-activity: Frame 7 time is 0.286ms
04-11 02:48:45.239  2742  2756 I native-activity: Doing egl_swapbuffers_sync 1
04-11 02:48:45.239  2742  2756 D native-activity: Reading pixels format 0x1908 type 0x1401 bpp 4
04-11 02:48:45.239  2742  2756 I native-activity: Read pixels, GL error is 0x0
04-11 02:48:45.239  2742  2756 I native-activity: Swap 7 time is 1.534ms
04-11 02:48:45.239  2742  2756 I native-activity: Animating
04-11 02:48:45.239  2742  2756 I native-activity: Frame 8 GL error is 0x0
04-11 02:48:45.239  2742  2756 I native-activity: Frame 8 time is 0.283ms
04-11 02:48:45.239  2742  2756 I native-activity: Doing egl_swapbuffers_sync 1
04-11 02:48:45.239  2742  2756 D native-activity: Reading pixels format 0x1908 type 0x1401 bpp 4
04-11 02:48:45.239  2742  2756 I native-activity: Read pixels, GL error is 0x0
04-11 02:48:45.239  2742  2756 I native-activity: Swap 8 time is 1.652ms
04-11 02:48:45.239  2742  2756 I native-activity: Animating
04-11 02:48:45.239  2742  2756 I native-activity: Frame 9 GL error is 0x0
04-11 02:48:45.239  2742  2756 I native-activity: Frame 9 time is 0.298ms
04-11 02:48:45.239  2742  2756 I native-activity: Doing egl_swapbuffers_sync 1
04-11 02:48:45.239  2742  2756 D native-activity: Reading pixels format 0x1908 type 0x1401 bpp 4
04-11 02:48:45.249  2742  2756 I native-activity: Read pixels, GL error is 0x0
04-11 02:48:45.249  2742  2756 I native-activity: Swap 9 time is 1.642ms
04-11 02:48:45.249  2742  2756 I native-activity: Animating
04-11 02:48:45.249  2742  2756 I native-activity: Frame 10 GL error is 0x0
04-11 02:48:45.249  2742  2756 I native-activity: Frame 10 time is 0.297ms
04-11 02:48:45.249  2742  2756 I native-activity: Doing egl_swapbuffers_sync 1
04-11 02:48:45.249  2742  2756 D native-activity: Reading pixels format 0x1908 type 0x1401 bpp 4
04-11 02:48:45.249  2742  2756 I native-activity: Read pixels, GL error is 0x0
04-11 02:48:45.249  2742  2756 I native-activity: Swap 10 time is 1.605ms
04-11 02:48:45.249  2742  2756 I native-activity: Animating
04-11 02:48:45.249  2742  2756 I native-activity: Frame 11 GL error is 0x0
04-11 02:48:45.249  2742  2756 I native-activity: Frame 11 time is 0.335ms
04-11 02:48:45.249  2742  2756 I native-activity: Doing egl_swapbuffers_sync 1
04-11 02:48:45.249  2742  2756 D native-activity: Reading pixels format 0x1908 type 0x1401 bpp 4
04-11 02:48:45.249  2742  2756 I native-activity: Read pixels, GL error is 0x0
04-11 02:48:45.249  2742  2756 I native-activity: Swap 11 time is 2.031ms
04-11 02:48:45.249  2742  2756 I native-activity: Animating
04-11 02:48:45.249  2742  2756 I native-activity: Frame 12 GL error is 0x0
04-11 02:48:45.249  2742  2756 I native-activity: Frame 12 time is 0.355ms
04-11 02:48:45.249  2742  2756 I native-activity: Doing egl_swapbuffers_sync 1
04-11 02:48:45.249  2742  2756 D native-activity: Reading pixels format 0x1908 type 0x1401 bpp 4
04-11 02:48:45.249  2742  2756 I native-activity: Read pixels, GL error is 0x0
04-11 02:48:45.249  2742  2756 I native-activity: Swap 12 time is 1.577ms
04-11 02:48:45.249  2742  2756 I native-activity: Animating
04-11 02:48:45.249  2742  2756 I native-activity: Frame 13 GL error is 0x0
04-11 02:48:45.249  2742  2756 I native-activity: Frame 13 time is 0.348ms
04-11 02:48:45.249  2742  2756 I native-activity: Doing egl_swapbuffers_sync 1
04-11 02:48:45.249  2742  2756 D native-activity: Reading pixels format 0x1908 type 0x1401 bpp 4
04-11 02:48:45.249  2742  2756 I native-activity: Read pixels, GL error is 0x0
04-11 02:48:45.249  2742  2756 I native-activity: Swap 13 time is 1.582ms
04-11 02:48:45.249  2742  2756 I native-activity: Animating
04-11 02:48:45.249  2742  2756 I native-activity: Frame 14 GL error is 0x0
04-11 02:48:45.249  2742  2756 I native-activity: Frame 14 time is 0.261ms
04-11 02:48:45.249  2742  2756 I native-activity: Doing egl_swapbuffers_sync 1
04-11 02:48:45.249  2742  2756 D native-activity: Reading pixels format 0x1908 type 0x1401 bpp 4
04-11 02:48:45.249  2742  2756 I native-activity: Read pixels, GL error is 0x0
04-11 02:48:45.249  2742  2756 I native-activity: Swap 14 time is 1.872ms
04-11 02:48:45.249  2742  2756 I native-activity: Animating
04-11 02:48:45.249  2742  2756 I native-activity: Frame 15 GL error is 0x0
04-11 02:48:45.249  2742  2756 I native-activity: Frame 15 time is 0.333ms
04-11 02:48:45.249  2742  2756 I native-activity: Doing egl_swapbuffers_sync 1
04-11 02:48:45.249  2742  2756 D native-activity: Reading pixels format 0x1908 type 0x1401 bpp 4
04-11 02:48:45.259  2742  2756 I native-activity: Read pixels, GL error is 0x0
04-11 02:48:45.259  2742  2756 I native-activity: Swap 15 time is 1.579ms
04-11 02:48:45.259  2742  2756 I native-activity: Animating
04-11 02:48:45.259  2742  2756 I native-activity: Frame 16 GL error is 0x0
04-11 02:48:45.259  2742  2756 I native-activity: Frame 16 time is 0.333ms
04-11 02:48:45.259  2742  2756 I native-activity: Doing egl_swapbuffers_sync 1
04-11 02:48:45.259  2742  2756 D native-activity: Reading pixels format 0x1908 type 0x1401 bpp 4
04-11 02:48:45.259  2742  2756 I native-activity: Read pixels, GL error is 0x0
04-11 02:48:45.259  2742  2756 I native-activity: Swap 16 time is 1.544ms
04-11 02:48:45.259  2742  2756 I native-activity: Animating
04-11 02:48:45.259  2742  2756 I native-activity: Frame 17 GL error is 0x0
04-11 02:48:45.259  2742  2756 I native-activity: Frame 17 time is 0.263ms
04-11 02:48:45.259  2742  2756 I native-activity: Doing egl_swapbuffers_sync 1
04-11 02:48:45.259  2742  2756 D native-activity: Reading pixels format 0x1908 type 0x1401 bpp 4
04-11 02:48:45.259  2742  2756 I native-activity: Read pixels, GL error is 0x0
04-11 02:48:45.259  2742  2756 I native-activity: Swap 17 time is 1.444ms
04-11 02:48:45.259  2742  2756 I native-activity: Animating
04-11 02:48:45.259  2742  2756 I native-activity: Frame 18 GL error is 0x0
04-11 02:48:45.259  2742  2756 I native-activity: Frame 18 time is 0.264ms
04-11 02:48:45.259  2742  2756 I native-activity: Doing egl_swapbuffers_sync 1
04-11 02:48:45.259  2742  2756 D native-activity: Reading pixels format 0x1908 type 0x1401 bpp 4
04-11 02:48:45.259  2742  2756 I native-activity: Read pixels, GL error is 0x0
04-11 02:48:45.259  2742  2756 I native-activity: Swap 18 time is 5.943ms
04-11 02:48:45.259  2742  2756 I native-activity: Animating
04-11 02:48:45.269  2742  2756 I native-activity: Frame 19 GL error is 0x0
04-11 02:48:45.269  2742  2756 I native-activity: Frame 19 time is 0.311ms
04-11 02:48:45.269  2742  2756 I native-activity: Doing egl_swapbuffers_sync 1
04-11 02:48:45.269  2742  2756 D native-activity: Reading pixels format 0x1908 type 0x1401 bpp 4
04-11 02:48:45.269  2742  2756 I native-activity: Read pixels, GL error is 0x0
04-11 02:48:45.269  2742  2756 I native-activity: Swap 19 time is 2.202ms
04-11 02:48:45.269  2742  2756 I native-activity: Animating
04-11 02:48:45.269  2742  2756 I native-activity: Frame 20 GL error is 0x0
04-11 02:48:45.269  2742  2756 I native-activity: Frame 20 time is 0.312ms
04-11 02:48:45.269  2742  2756 I native-activity: Doing egl_swapbuffers_sync 1
04-11 02:48:45.269  2742  2756 D native-activity: Reading pixels format 0x1908 type 0x1401 bpp 4
04-11 02:48:45.269  2742  2756 I native-activity: Read pixels, GL error is 0x0
04-11 02:48:45.269  2742  2756 I native-activity: Swap 20 time is 2.289ms
04-11 02:48:45.269  2742  2756 I native-activity: Animating
04-11 02:48:45.269  2742  2756 I native-activity: Frame 21 GL error is 0x0
04-11 02:48:45.269  2742  2756 I native-activity: Frame 21 time is 0.288ms
04-11 02:48:45.269  2742  2756 I native-activity: Doing egl_swapbuffers_sync 1
04-11 02:48:45.269  2742  2756 D native-activity: Reading pixels format 0x1908 type 0x1401 bpp 4
04-11 02:48:45.269  2742  2756 I native-activity: Read pixels, GL error is 0x0
04-11 02:48:45.269  2742  2756 I native-activity: Swap 21 time is 2.778ms
04-11 02:48:45.269  2742  2756 I native-activity: Animating
04-11 02:48:45.269  2742  2756 I native-activity: Frame 22 GL error is 0x0
04-11 02:48:45.269  2742  2756 I native-activity: Frame 22 time is 0.282ms
04-11 02:48:45.269  2742  2756 I native-activity: Doing egl_swapbuffers_sync 1
04-11 02:48:45.269  2742  2756 D native-activity: Reading pixels format 0x1908 type 0x1401 bpp 4
04-11 02:48:45.269  2742  2756 I native-activity: Read pixels, GL error is 0x0
04-11 02:48:45.269  2742  2756 I native-activity: Swap 22 time is 1.537ms
04-11 02:48:45.269  2742  2756 I native-activity: Animating
04-11 02:48:45.269  2742  2756 I native-activity: Frame 23 GL error is 0x0
04-11 02:48:45.269  2742  2756 I native-activity: Frame 23 time is 0.292ms
04-11 02:48:45.269  2742  2756 I native-activity: Doing egl_swapbuffers_sync 1
04-11 02:48:45.269  2742  2756 D native-activity: Reading pixels format 0x1908 type 0x1401 bpp 4
04-11 02:48:45.269  1434  2219 D MdnieScenarioControlService:  packageName : com.example.sonicdash_stage1    className : android.app.NativeActivity
04-11 02:48:45.279  2742  2756 I native-activity: Read pixels, GL error is 0x0
04-11 02:48:45.279  2742  2756 I native-activity: Swap 23 time is 1.634ms
04-11 02:48:45.279  2742  2756 I native-activity: Animating
04-11 02:48:45.279  2742  2756 I native-activity: Frame 24 GL error is 0x0
04-11 02:48:45.279  2742  2756 I native-activity: Frame 24 time is 0.277ms
04-11 02:48:45.279  2742  2756 I native-activity: Doing egl_swapbuffers_sync 1
04-11 02:48:45.279  2742  2756 D native-activity: Reading pixels format 0x1908 type 0x1401 bpp 4
04-11 02:48:45.279  2742  2756 I native-activity: Read pixels, GL error is 0x0
04-11 02:48:45.279  2742  2756 I native-activity: Swap 24 time is 1.498ms
04-11 02:48:45.279  2742  2756 I native-activity: Animating
04-11 02:48:45.279  2742  2756 I native-activity: Frame 25 GL error is 0x0
04-11 02:48:45.279  2742  2756 I native-activity: Frame 25 time is 0.411ms
04-11 02:48:45.279  2742  2756 I native-activity: Doing egl_swapbuffers_sync 1
04-11 02:48:45.279  2742  2756 D native-activity: Reading pixels format 0x1908 type 0x1401 bpp 4
04-11 02:48:45.279  2742  2756 I native-activity: Read pixels, GL error is 0x0
04-11 02:48:45.279  2742  2756 I native-activity: Swap 25 time is 1.701ms
04-11 02:48:45.279  2742  2756 I native-activity: Animating
04-11 02:48:45.279  2742  2756 I native-activity: Frame 26 GL error is 0x0
04-11 02:48:45.279  2742  2756 I native-activity: Frame 26 time is 0.546ms
04-11 02:48:45.279  2742  2756 I native-activity: Doing egl_swapbuffers_sync 1
04-11 02:48:45.279  2742  2756 D native-activity: Reading pixels format 0x1908 type 0x1401 bpp 4
04-11 02:48:45.279  2742  2756 I native-activity: Read pixels, GL error is 0x0
04-11 02:48:45.279  2742  2756 I native-activity: Swap 26 time is 2.032ms
04-11 02:48:45.279  2742  2756 I native-activity: Animating
04-11 02:48:45.279  2742  2756 I native-activity: Frame 27 GL error is 0x0
04-11 02:48:45.279  2742  2756 I native-activity: Frame 27 time is 0.358ms
04-11 02:48:45.279  2742  2756 I native-activity: Doing egl_swapbuffers_sync 1
04-11 02:48:45.279  2742  2756 D native-activity: Reading pixels format 0x1908 type 0x1401 bpp 4
04-11 02:48:45.279  2742  2756 I native-activity: Read pixels, GL error is 0x0
04-11 02:48:45.279  2742  2756 I native-activity: Swap 27 time is 1.789ms
04-11 02:48:45.279  2742  2756 I native-activity: Animating
04-11 02:48:45.279  2742  2756 I native-activity: Frame 28 GL error is 0x0
04-11 02:48:45.279  2742  2756 I native-activity: Frame 28 time is 0.497ms
04-11 02:48:45.279  2742  2756 I native-activity: Doing egl_swapbuffers_sync 1
04-11 02:48:45.279  2742  2756 D native-activity: Reading pixels format 0x1908 type 0x1401 bpp 4
04-11 02:48:45.279  2742  2756 I native-activity: Read pixels, GL error is 0x0
04-11 02:48:45.279  2742  2756 I native-activity: Swap 28 time is 1.890ms
04-11 02:48:45.279  2742  2756 I native-activity: Animating
04-11 02:48:45.279  1434  6994 D GameManagerService: identifyGamePackage. com.example.sonicdash_stage1
04-11 02:48:45.289  2742  2756 I native-activity: Frame 29 GL error is 0x0
04-11 02:48:45.289  2742  2756 I native-activity: Frame 29 time is 0.312ms
04-11 02:48:45.289  2742  2756 I native-activity: Doing egl_swapbuffers_sync 1
04-11 02:48:45.289  2742  2756 D native-activity: Reading pixels format 0x1908 type 0x1401 bpp 4
04-11 02:48:45.289  2742  2756 I native-activity: Read pixels, GL error is 0x0
04-11 02:48:45.289  2742  2756 I native-activity: Swap 29 time is 1.641ms
04-11 02:48:45.289  2742  2756 I native-activity: Animating
04-11 02:48:45.289  2742  2756 I native-activity: Frame 30 GL error is 0x0
04-11 02:48:45.289  2742  2756 I native-activity: Frame 30 time is 0.276ms
04-11 02:48:45.289  2742  2756 I native-activity: Doing egl_swapbuffers_sync 1
04-11 02:48:45.289  2742  2756 D native-activity: Reading pixels format 0x1908 type 0x1401 bpp 4
04-11 02:48:45.289  2742  2756 I native-activity: Read pixels, GL error is 0x0
04-11 02:48:45.289  2742  2756 I native-activity: Swap 30 time is 1.797ms
04-11 02:48:45.289  2742  2756 I native-activity: Animating
04-11 02:48:45.289   648  2746 I SurfaceFlinger: id=3041 Removed tonicdash_s (6/11)
04-11 02:48:45.289   648   670 I SurfaceFlinger: id=3041 Removed tonicdash_s (-2/11)
04-11 02:48:45.289  2742  2756 I native-activity: Frame 31 GL error is 0x0
04-11 02:48:45.289  2742  2756 I native-activity: Frame 31 time is 5.085ms
04-11 02:48:45.289  2742  2756 I native-activity: Doing egl_swapbuffers_sync 1
04-11 02:48:45.289  2742  2756 D native-activity: Reading pixels format 0x1908 type 0x1401 bpp 4
04-11 02:48:45.289  2742  2756 I native-activity: Read pixels, GL error is 0x0
04-11 02:48:45.289  2742  2756 I native-activity: Swap 31 time is 6.680ms
04-11 02:48:45.299  2742  2756 I native-activity: Animating
04-11 02:48:45.299   648   648 D libEGL  : eglTerminate EGLDisplay = 0x7ff9c80278
04-11 02:48:45.319  2742  2756 I native-activity: Frame 32 GL error is 0x0
04-11 02:48:45.319  2742  2756 I native-activity: Frame 32 time is 20.486ms
04-11 02:48:45.319  2742  2756 I native-activity: Doing egl_swapbuffers_sync 1
04-11 02:48:45.319  2742  2756 D native-activity: Reading pixels format 0x1908 type 0x1401 bpp 4
04-11 02:48:45.319  2742  2756 I native-activity: Read pixels, GL error is 0x0
04-11 02:48:45.319  2742  2756 I native-activity: Swap 32 time is 21.801ms
04-11 02:48:45.319  2742  2756 I native-activity: Animating
04-11 02:48:45.319  1434  1612 D CustomFrequencyManagerService: releaseDVFSLockLocked : Getting Lock type frm List : DVFS_MIN_LIMIT  frequency : 1555200  uid : 1000  pid : 1434  tag : ACTIVITY_RESUME_BOOSTER@14
04-11 02:48:45.329  1434  1612 I Timeline: Timeline: Activity_windows_visible id: ActivityRecord{a203c82 u0 com.example.sonicdash_stage1/android.app.NativeActivity t1406} time:135870940
04-11 02:48:45.329  2590  2590 D Launcher.HomeView: onStop
04-11 02:48:45.329  2590  2590 D capture : ----destroy
04-11 02:48:45.329  1434  1612 D ActivityManager: mDVFSHelper.release()
04-11 02:48:45.339  1434  1612 D KnoxTimeoutHandler: notifyActivityDrawn [MsgParam] userId: 0 fullscreen is true showWhenlocked is false
04-11 02:48:45.339  1434  1434 D KnoxTimeoutHandler: activityDrawn [MsgParam] userId: 0 fullscreen is true showWhenlocked is false
04-11 02:48:45.339  2590  2590 D Launcher: onTrimMemory. Level: 20
04-11 02:48:45.339  1434  1434 I KnoxTimeoutHandler: SD activityfalse
04-11 02:48:45.339  2742  2756 I native-activity: Frame 33 GL error is 0x0
04-11 02:48:45.339  2742  2756 I native-activity: Frame 33 time is 26.229ms
04-11 02:48:45.339  2742  2756 I native-activity: Doing egl_swapbuffers_sync 1
04-11 02:48:45.339  2742  2756 D native-activity: Reading pixels format 0x1908 type 0x1401 bpp 4
04-11 02:48:45.339  2742  2756 I native-activity: Read pixels, GL error is 0x0
04-11 02:48:45.339  2742  2756 I native-activity: Swap 33 time is 27.609ms
04-11 02:48:45.339  2742  2756 I native-activity: Animating
04-11 02:48:45.339  1434  2164 D NetworkPolicy: isUidForegroundLocked: 10078, mScreenOn: true, uidstate: 3, mProxSensorScreenOff: false
04-11 02:48:45.339  2590  2590 V ActivityThread: updateVisibility : ActivityRecord{46ba7e token=android.os.BinderProxy@15e180a {com.sec.android.app.launcher/com.sec.android.app.launcher.activities.LauncherActivity}} show : false
04-11 02:48:45.339  1434  1531 D CustomFrequencyManagerService: acquireDVFSLockLocked : type : DVFS_MIN_LIMIT  frequency : 1555200  uid : 1000  pid : 1434  pkgName : ACTIVITY_RESUME_BOOSTER@20
04-11 02:48:45.349  1434  2575 I ActivityManager: Killing 1906:com.oculus.horizon/u0a212 (adj 15): DHA:empty #33
04-11 02:48:45.369  1434  2219 I MdnieScenarioControlService: mGameModeLauncher : false
04-11 02:48:45.369  1434  2219 I MdnieScenarioControlService: setUIMode
04-11 02:48:45.389   648  3139 I SurfaceFlinger: id=3040 Removed MauncherAct (3/10)
04-11 02:48:45.389   648  3737 I SurfaceFlinger: id=3040 Removed MauncherAct (-2/10)
04-11 02:48:45.389 30475 30475 D ImageWallpaper: onVisibilityChanged:false
04-11 02:48:45.389 30475 30475 D ImageWallpaper: drawFrame
04-11 02:48:45.389 30475 30475 D ImageWallpaper: drawFrame:false rotation:0 mLastRotation:0
04-11 02:48:45.389 30475 30475 D ImageWallpaper: drawFrame:[frame.width()]2240[frame.height()]2560
04-11 02:48:45.389 30475 30475 D ImageWallpaper: Suppressed drawFrame since redraw is not needed and offsets have not changed.
04-11 02:48:45.399   648   648 D libEGL  : eglTerminate EGLDisplay = 0x7ff9c80278
04-11 02:48:45.399  1434  2616 D ActivityManager: cleanUpApplicationRecord -- 1906
04-11 02:48:45.399  1434  2616 D ActivityManager: isAutoRunBlockedApp:: com.oculus.horizon, Auto Run ON
04-11 02:48:45.409  2742  2756 I native-activity: Frame 34 GL error is 0x0
04-11 02:48:45.409  2742  2756 I native-activity: Frame 34 time is 68.140ms
04-11 02:48:45.409  2742  2756 I native-activity: Doing egl_swapbuffers_sync 1
04-11 02:48:45.409  2742  2756 D native-activity: Reading pixels format 0x1908 type 0x1401 bpp 4
04-11 02:48:45.409  2742  2756 I native-activity: Read pixels, GL error is 0x0
04-11 02:48:45.409  2742  2756 I native-activity: Swap 34 time is 69.442ms
04-11 02:48:45.409  2742  2756 I native-activity: Animating
04-11 02:48:45.429  2742  2756 I native-activity: Frame 35 GL error is 0x0
04-11 02:48:45.429  2742  2756 I native-activity: Frame 35 time is 16.933ms
04-11 02:48:45.429  2742  2756 I native-activity: Doing egl_swapbuffers_sync 1
04-11 02:48:45.429  2742  2756 D native-activity: Reading pixels format 0x1908 type 0x1401 bpp 4
04-11 02:48:45.429  2742  2756 I native-activity: Read pixels, GL error is 0x0
04-11 02:48:45.429  2742  2756 I native-activity: Swap 35 time is 18.263ms
04-11 02:48:45.429  2742  2756 I native-activity: Animating
04-11 02:48:45.469  2742  2756 I native-activity: Frame 36 GL error is 0x501
04-11 02:48:45.469  2742  2756 I native-activity: Frame 36 time is 34.014ms
04-11 02:48:45.469  2742  2756 I native-activity: Doing egl_swapbuffers_sync 1
04-11 02:48:45.469  2742  2756 D native-activity: Reading pixels format 0x1908 type 0x1401 bpp 4
04-11 02:48:45.469  2742  2756 I native-activity: Read pixels, GL error is 0x0
04-11 02:48:45.469  2742  2756 I native-activity: Swap 36 time is 35.272ms
04-11 02:48:45.469  2742  2756 I native-activity: Animating
04-11 02:48:45.469  2742  2756 I native-activity: Frame 37 GL error is 0x501
04-11 02:48:45.469  2742  2756 I native-activity: Frame 37 time is 6.899ms
04-11 02:48:45.469  2742  2756 I native-activity: Doing egl_swapbuffers_sync 1
04-11 02:48:45.469  2742  2756 D native-activity: Reading pixels format 0x1908 type 0x1401 bpp 4
04-11 02:48:45.479  2742  2756 I native-activity: Read pixels, GL error is 0x0
04-11 02:48:45.479  2742  2756 I native-activity: Swap 37 time is 8.196ms
04-11 02:48:45.479  2742  2756 I native-activity: Animating
04-11 02:48:45.479  2742  2756 I native-activity: Frame 38 GL error is 0x501
04-11 02:48:45.479  2742  2756 I native-activity: Frame 38 time is 8.243ms
04-11 02:48:45.479  2742  2756 I native-activity: Doing egl_swapbuffers_sync 1
04-11 02:48:45.479  2742  2756 D native-activity: Reading pixels format 0x1908 type 0x1401 bpp 4
04-11 02:48:45.489  2742  2756 I native-activity: Read pixels, GL error is 0x0
04-11 02:48:45.489  2742  2756 I native-activity: Swap 38 time is 10.351ms
04-11 02:48:45.489  2742  2756 I native-activity: Animating
04-11 02:48:45.489  2742  2756 I native-activity: Frame 39 GL error is 0x0
04-11 02:48:45.489  2742  2756 I native-activity: Frame 39 time is 5.491ms
04-11 02:48:45.489  2742  2756 I native-activity: Doing egl_swapbuffers_sync 1
04-11 02:48:45.489  2742  2756 D native-activity: Reading pixels format 0x1908 type 0x1401 bpp 4
04-11 02:48:45.489  2742  2756 I native-activity: Read pixels, GL error is 0x0
04-11 02:48:45.489  2742  2756 I native-activity: Swap 39 time is 6.993ms
04-11 02:48:45.489  2742  2756 I native-activity: Animating
04-11 02:48:45.499  2742  2756 I native-activity: Frame 40 GL error is 0x0
04-11 02:48:45.499  2742  2756 I native-activity: Frame 40 time is 5.907ms
04-11 02:48:45.499  2742  2756 I native-activity: Doing egl_swapbuffers_sync 1
04-11 02:48:45.499  2742  2756 D native-activity: Reading pixels format 0x1908 type 0x1401 bpp 4
04-11 02:48:45.499  2742  2756 I native-activity: Read pixels, GL error is 0x0
04-11 02:48:45.499  2742  2756 I native-activity: Swap 40 time is 7.478ms
04-11 02:48:45.499  2742  2756 I native-activity: Animating
04-11 02:48:45.509  2742  2756 I native-activity: Frame 41 GL error is 0x0
04-11 02:48:45.509  2742  2756 I native-activity: Frame 41 time is 5.142ms
04-11 02:48:45.509  2742  2756 I native-activity: Doing egl_swapbuffers_sync 1
04-11 02:48:45.509  2742  2756 D native-activity: Reading pixels format 0x1908 type 0x1401 bpp 4
04-11 02:48:45.509  2742  2756 I native-activity: Read pixels, GL error is 0x0
04-11 02:48:45.509  2742  2756 I native-activity: Swap 41 time is 6.611ms
04-11 02:48:45.509  2742  2756 I native-activity: Animating
04-11 02:48:45.509  2742  2756 I native-activity: Frame 42 GL error is 0x0
04-11 02:48:45.509  2742  2756 I native-activity: Frame 42 time is 4.707ms
04-11 02:48:45.509  2742  2756 I native-activity: Doing egl_swapbuffers_sync 1
04-11 02:48:45.509  2742  2756 D native-activity: Reading pixels format 0x1908 type 0x1401 bpp 4
04-11 02:48:45.509  2742  2756 I native-activity: Read pixels, GL error is 0x0
04-11 02:48:45.509  2742  2756 I native-activity: Swap 42 time is 6.149ms
04-11 02:48:45.509  2742  2756 I native-activity: Animating
04-11 02:48:45.519  2742  2756 I native-activity: Frame 43 GL error is 0x0
04-11 02:48:45.519  2742  2756 I native-activity: Frame 43 time is 5.743ms
04-11 02:48:45.519  2742  2756 I native-activity: Doing egl_swapbuffers_sync 1
04-11 02:48:45.519  2742  2756 D native-activity: Reading pixels format 0x1908 type 0x1401 bpp 4
04-11 02:48:45.519  2742  2756 I native-activity: Read pixels, GL error is 0x0
04-11 02:48:45.519  2742  2756 I native-activity: Swap 43 time is 7.219ms
04-11 02:48:45.519  2742  2756 I native-activity: Animating
04-11 02:48:45.529  2742  2756 I native-activity: Frame 44 GL error is 0x0
04-11 02:48:45.529  2742  2756 I native-activity: Frame 44 time is 5.478ms
04-11 02:48:45.529  2742  2756 I native-activity: Doing egl_swapbuffers_sync 1
04-11 02:48:45.529  2742  2756 D native-activity: Reading pixels format 0x1908 type 0x1401 bpp 4
04-11 02:48:45.529  2742  2756 I native-activity: Read pixels, GL error is 0x0
04-11 02:48:45.529  2742  2756 I native-activity: Swap 44 time is 6.956ms
04-11 02:48:45.529  2742  2756 I native-activity: Animating
04-11 02:48:45.539  2742  2756 I native-activity: Frame 45 GL error is 0x501
04-11 02:48:45.539  2742  2756 I native-activity: Frame 45 time is 13.129ms
04-11 02:48:45.539  2742  2756 I native-activity: Doing egl_swapbuffers_sync 1
04-11 02:48:45.539  2742  2756 D native-activity: Reading pixels format 0x1908 type 0x1401 bpp 4
04-11 02:48:45.539  2742  2756 I native-activity: Read pixels, GL error is 0x0
04-11 02:48:45.539  2742  2756 I native-activity: Swap 45 time is 14.613ms
04-11 02:48:45.539  2742  2756 I native-activity: Animating
04-11 02:48:45.549  2742  2756 I native-activity: Frame 46 GL error is 0x501
04-11 02:48:45.549  2742  2756 I native-activity: Frame 46 time is 7.662ms
04-11 02:48:45.549  2742  2756 I native-activity: Doing egl_swapbuffers_sync 1
04-11 02:48:45.549  2742  2756 D native-activity: Reading pixels format 0x1908 type 0x1401 bpp 4
04-11 02:48:45.549  2742  2756 I native-activity: Read pixels, GL error is 0x0
04-11 02:48:45.549  2742  2756 I native-activity: Swap 46 time is 9.144ms
04-11 02:48:45.549  2742  2756 I native-activity: Animating
04-11 02:48:45.559  2742  2756 I native-activity: Frame 47 GL error is 0x501
04-11 02:48:45.559  2742  2756 I native-activity: Frame 47 time is 6.025ms
04-11 02:48:45.559  2742  2756 I native-activity: Doing egl_swapbuffers_sync 1
04-11 02:48:45.559  2742  2756 D native-activity: Reading pixels format 0x1908 type 0x1401 bpp 4
04-11 02:48:45.559  2742  2756 I native-activity: Read pixels, GL error is 0x0
04-11 02:48:45.559  2742  2756 I native-activity: Swap 47 time is 7.515ms
04-11 02:48:45.559  2742  2756 I native-activity: Animating
04-11 02:48:45.559  2742  2756 I native-activity: Frame 48 GL error is 0x0
04-11 02:48:45.559  2742  2756 I native-activity: Frame 48 time is 0.289ms
04-11 02:48:45.559  2742  2756 I native-activity: Doing egl_swapbuffers_sync 1
04-11 02:48:45.559  2742  2756 D native-activity: Reading pixels format 0x1908 type 0x1401 bpp 4
04-11 02:48:45.559  2742  2756 I native-activity: Read pixels, GL error is 0x0
04-11 02:48:45.559  2742  2756 I native-activity: Swap 48 time is 1.730ms
04-11 02:48:45.559  2742  2756 I native-activity: Animating
04-11 02:48:45.559  2742  2756 I native-activity: Frame 49 GL error is 0x0
04-11 02:48:45.559  2742  2756 I native-activity: Frame 49 time is 0.264ms
04-11 02:48:45.559  2742  2756 I native-activity: Doing egl_swapbuffers_sync 1
04-11 02:48:45.559  2742  2756 D native-activity: Reading pixels format 0x1908 type 0x1401 bpp 4
04-11 02:48:45.559  2742  2756 I native-activity: Read pixels, GL error is 0x0
04-11 02:48:45.559  2742  2756 I native-activity: Swap 49 time is 1.696ms
04-11 02:48:45.559  2742  2756 I native-activity: Animating
04-11 02:48:45.559  2742  2756 I native-activity: Frame 50 GL error is 0x0
04-11 02:48:45.559  2742  2756 I native-activity: Frame 50 time is 0.276ms
04-11 02:48:45.559  2742  2756 I native-activity: Doing egl_swapbuffers_sync 1
04-11 02:48:45.559  2742  2756 D native-activity: Reading pixels format 0x1908 type 0x1401 bpp 4
04-11 02:48:45.569  2742  2756 I native-activity: Read pixels, GL error is 0x0
04-11 02:48:45.569  2742  2756 I native-activity: Swap 50 time is 1.753ms
04-11 02:48:45.569  2742  2756 I native-activity: Animating
04-11 02:48:45.569  2742  2756 I native-activity: Frame 51 GL error is 0x0
04-11 02:48:45.569  2742  2756 I native-activity: Frame 51 time is 0.303ms
04-11 02:48:45.569  2742  2756 I native-activity: Doing egl_swapbuffers_sync 1
04-11 02:48:45.569  2742  2756 D native-activity: Reading pixels format 0x1908 type 0x1401 bpp 4
04-11 02:48:45.569  2742  2756 I native-activity: Read pixels, GL error is 0x0
04-11 02:48:45.569  2742  2756 I native-activity: Swap 51 time is 1.820ms
04-11 02:48:45.569  2742  2756 I native-activity: Animating
04-11 02:48:45.569  2742  2756 I native-activity: Frame 52 GL error is 0x0
04-11 02:48:45.569  2742  2756 I native-activity: Frame 52 time is 0.313ms
04-11 02:48:45.569  2742  2756 I native-activity: Doing egl_swapbuffers_sync 1
04-11 02:48:45.569  2742  2756 D native-activity: Reading pixels format 0x1908 type 0x1401 bpp 4
04-11 02:48:45.569  2742  2756 I native-activity: Read pixels, GL error is 0x0
04-11 02:48:45.569  2742  2756 I native-activity: Swap 52 time is 1.738ms
04-11 02:48:45.569  2742  2756 I native-activity: Animating
04-11 02:48:45.569  2742  2756 I native-activity: Frame 53 GL error is 0x0
04-11 02:48:45.569  2742  2756 I native-activity: Frame 53 time is 0.275ms
04-11 02:48:45.569  2742  2756 I native-activity: Doing egl_swapbuffers_sync 1
04-11 02:48:45.569  2742  2756 D native-activity: Reading pixels format 0x1908 type 0x1401 bpp 4
04-11 02:48:45.569  2742  2756 I native-activity: Read pixels, GL error is 0x0
04-11 02:48:45.569  2742  2756 I native-activity: Swap 53 time is 1.699ms
04-11 02:48:45.569  2742  2756 I native-activity: Animating
04-11 02:48:45.569  2742  2756 I native-activity: Frame 54 GL error is 0x0
04-11 02:48:45.569  2742  2756 I native-activity: Frame 54 time is 0.252ms
04-11 02:48:45.569  2742  2756 I native-activity: Doing egl_swapbuffers_sync 1
04-11 02:48:45.569  2742  2756 D native-activity: Reading pixels format 0x1908 type 0x1401 bpp 4
04-11 02:48:45.569  2742  2756 I native-activity: Read pixels, GL error is 0x0
04-11 02:48:45.569  2742  2756 I native-activity: Swap 54 time is 1.671ms
04-11 02:48:45.569  2742  2756 I native-activity: Animating
04-11 02:48:45.569  2742  2756 I native-activity: Frame 55 GL error is 0x0
04-11 02:48:45.569  2742  2756 I native-activity: Frame 55 time is 0.263ms
04-11 02:48:45.569  2742  2756 I native-activity: Doing egl_swapbuffers_sync 1
04-11 02:48:45.569  2742  2756 D native-activity: Reading pixels format 0x1908 type 0x1401 bpp 4
04-11 02:48:45.569  2742  2756 I native-activity: Read pixels, GL error is 0x0
04-11 02:48:45.569  2742  2756 I native-activity: Swap 55 time is 1.673ms
04-11 02:48:45.569  2742  2756 I native-activity: Animating
04-11 02:48:45.569  2742  2756 I native-activity: Frame 56 GL error is 0x0
04-11 02:48:45.569  2742  2756 I native-activity: Frame 56 time is 0.252ms
04-11 02:48:45.569  2742  2756 I native-activity: Doing egl_swapbuffers_sync 1
04-11 02:48:45.569  2742  2756 D native-activity: Reading pixels format 0x1908 type 0x1401 bpp 4
04-11 02:48:45.579  2742  2756 I native-activity: Read pixels, GL error is 0x0
04-11 02:48:45.579  2742  2756 I native-activity: Swap 56 time is 1.737ms
04-11 02:48:45.579  2742  2756 I native-activity: Animating
04-11 02:48:45.579  2742  2756 I native-activity: Frame 57 GL error is 0x0
04-11 02:48:45.579  2742  2756 I native-activity: Frame 57 time is 0.301ms
04-11 02:48:45.579  2742  2756 I native-activity: Doing egl_swapbuffers_sync 1
04-11 02:48:45.579  2742  2756 D native-activity: Reading pixels format 0x1908 type 0x1401 bpp 4
04-11 02:48:45.579  2742  2756 I native-activity: Read pixels, GL error is 0x0
04-11 02:48:45.579  2742  2756 I native-activity: Swap 57 time is 1.699ms
04-11 02:48:45.579  2742  2756 I native-activity: Animating
04-11 02:48:45.579  2742  2756 I native-activity: Frame 58 GL error is 0x0
04-11 02:48:45.579  2742  2756 I native-activity: Frame 58 time is 0.246ms
04-11 02:48:45.579  2742  2756 I native-activity: Doing egl_swapbuffers_sync 1
04-11 02:48:45.579  2742  2756 D native-activity: Reading pixels format 0x1908 type 0x1401 bpp 4
04-11 02:48:45.579  2742  2756 I native-activity: Read pixels, GL error is 0x0
04-11 02:48:45.579  2742  2756 I native-activity: Swap 58 time is 1.655ms
04-11 02:48:45.579  2742  2756 I native-activity: Animating
04-11 02:48:45.579  2742  2756 I native-activity: Frame 59 GL error is 0x0
04-11 02:48:45.579  2742  2756 I native-activity: Frame 59 time is 0.290ms
04-11 02:48:45.579  2742  2756 I native-activity: Doing egl_swapbuffers_sync 1
04-11 02:48:45.579  2742  2756 D native-activity: Reading pixels format 0x1908 type 0x1401 bpp 4
04-11 02:48:45.579  2742  2756 I native-activity: Read pixels, GL error is 0x0
04-11 02:48:45.579  2742  2756 I native-activity: Swap 59 time is 1.735ms
04-11 02:48:45.579  2742  2756 I native-activity: Animating
04-11 02:48:45.579  2742  2756 I native-activity: Frame 60 GL error is 0x0
04-11 02:48:45.579  2742  2756 I native-activity: Frame 60 time is 0.274ms
04-11 02:48:45.579  2742  2756 I native-activity: Doing egl_swapbuffers_sync 1
04-11 02:48:45.579  2742  2756 D native-activity: Reading pixels format 0x1908 type 0x1401 bpp 4
04-11 02:48:45.579  2742  2756 I native-activity: Read pixels, GL error is 0x0
04-11 02:48:45.579  2742  2756 I native-activity: Swap 60 time is 1.763ms
04-11 02:48:45.579  2742  2756 I native-activity: Animating
04-11 02:48:45.579  2742  2756 I native-activity: Frame 61 GL error is 0x0
04-11 02:48:45.579  2742  2756 I native-activity: Frame 61 time is 0.281ms
04-11 02:48:45.579  2742  2756 I native-activity: Doing egl_swapbuffers_sync 1
04-11 02:48:45.579  2742  2756 D native-activity: Reading pixels format 0x1908 type 0x1401 bpp 4
04-11 02:48:45.579  2742  2756 I native-activity: Read pixels, GL error is 0x0
04-11 02:48:45.579  2742  2756 I native-activity: Swap 61 time is 1.764ms
04-11 02:48:45.579  2742  2756 I native-activity: Animating
04-11 02:48:45.589  2742  2756 I native-activity: Frame 62 GL error is 0x0
04-11 02:48:45.589  2742  2756 I native-activity: Frame 62 time is 0.432ms
04-11 02:48:45.589  2742  2756 I native-activity: Doing egl_swapbuffers_sync 1
04-11 02:48:45.589  2742  2756 D native-activity: Reading pixels format 0x1908 type 0x1401 bpp 4
04-11 02:48:45.589  2742  2756 I native-activity: Read pixels, GL error is 0x0
04-11 02:48:45.589  2742  2756 I native-activity: Swap 62 time is 2.002ms
04-11 02:48:45.589  2742  2756 I native-activity: Animating
04-11 02:48:45.589  2742  2756 I native-activity: Frame 63 GL error is 0x0
04-11 02:48:45.589  2742  2756 I native-activity: Frame 63 time is 0.412ms
04-11 02:48:45.589  2742  2756 I native-activity: Doing egl_swapbuffers_sync 1
04-11 02:48:45.589  2742  2756 D native-activity: Reading pixels format 0x1908 type 0x1401 bpp 4
04-11 02:48:45.589  2742  2756 I native-activity: Read pixels, GL error is 0x0
04-11 02:48:45.589  2742  2756 I native-activity: Swap 63 time is 1.896ms
04-11 02:48:45.589  2742  2756 I native-activity: Animating
04-11 02:48:45.589  2742  2756 I native-activity: Frame 64 GL error is 0x0
04-11 02:48:45.589  2742  2756 I native-activity: Frame 64 time is 0.316ms
04-11 02:48:45.589  2742  2756 I native-activity: Doing egl_swapbuffers_sync 1
04-11 02:48:45.589  2742  2756 D native-activity: Reading pixels format 0x1908 type 0x1401 bpp 4
04-11 02:48:45.589  2742  2756 I native-activity: Read pixels, GL error is 0x0
04-11 02:48:45.589  2742  2756 I native-activity: Swap 64 time is 1.833ms
04-11 02:48:45.589  2742  2756 I native-activity: Animating
04-11 02:48:45.589  2742  2756 I native-activity: Frame 65 GL error is 0x0
04-11 02:48:45.589  2742  2756 I native-activity: Frame 65 time is 0.338ms
04-11 02:48:45.589  2742  2756 I native-activity: Doing egl_swapbuffers_sync 1
04-11 02:48:45.589  2742  2756 D native-activity: Reading pixels format 0x1908 type 0x1401 bpp 4
04-11 02:48:45.589  2742  2756 I native-activity: Read pixels, GL error is 0x0
04-11 02:48:45.589  2742  2756 I native-activity: Swap 65 time is 1.823ms
04-11 02:48:45.589  2742  2756 I native-activity: Animating
04-11 02:48:45.589  2742  2756 I native-activity: Frame 66 GL error is 0x0
04-11 02:48:45.589  2742  2756 I native-activity: Frame 66 time is 0.322ms
04-11 02:48:45.589  2742  2756 I native-activity: Doing egl_swapbuffers_sync 1
04-11 02:48:45.589  2742  2756 D native-activity: Reading pixels format 0x1908 type 0x1401 bpp 4
04-11 02:48:45.589  2742  2756 I native-activity: Read pixels, GL error is 0x0
04-11 02:48:45.589  2742  2756 I native-activity: Swap 66 time is 1.886ms
04-11 02:48:45.589  2742  2756 I native-activity: Animating
04-11 02:48:45.589  2742  2756 I native-activity: Frame 67 GL error is 0x0
04-11 02:48:45.589  2742  2756 I native-activity: Frame 67 time is 0.403ms
04-11 02:48:45.589  2742  2756 I native-activity: Doing egl_swapbuffers_sync 1
04-11 02:48:45.589  2742  2756 D native-activity: Reading pixels format 0x1908 type 0x1401 bpp 4
04-11 02:48:45.599  2742  2756 I native-activity: Read pixels, GL error is 0x0
04-11 02:48:45.599  2742  2756 I native-activity: Swap 67 time is 1.970ms
04-11 02:48:45.599  2742  2756 I native-activity: Animating
04-11 02:48:45.599  2742  2756 I native-activity: Frame 68 GL error is 0x0
04-11 02:48:45.599  2742  2756 I native-activity: Frame 68 time is 0.332ms
04-11 02:48:45.599  2742  2756 I native-activity: Doing egl_swapbuffers_sync 1
04-11 02:48:45.599  2742  2756 D native-activity: Reading pixels format 0x1908 type 0x1401 bpp 4
04-11 02:48:45.599  2742  2756 I native-activity: Read pixels, GL error is 0x0
04-11 02:48:45.599  2742  2756 I native-activity: Swap 68 time is 1.971ms
04-11 02:48:45.599  2742  2756 I native-activity: Animating
04-11 02:48:45.599  2742  2756 I native-activity: Frame 69 GL error is 0x0
04-11 02:48:45.599  2742  2756 I native-activity: Frame 69 time is 0.443ms
04-11 02:48:45.599  2742  2756 I native-activity: Doing egl_swapbuffers_sync 1
04-11 02:48:45.599  2742  2756 D native-activity: Reading pixels format 0x1908 type 0x1401 bpp 4
04-11 02:48:45.599  2742  2756 I native-activity: Read pixels, GL error is 0x0
04-11 02:48:45.599  2742  2756 I native-activity: Swap 69 time is 1.911ms
04-11 02:48:45.599  2742  2756 I native-activity: Animating
04-11 02:48:45.599  2742  2756 I native-activity: Frame 70 GL error is 0x0
04-11 02:48:45.599  2742  2756 I native-activity: Frame 70 time is 0.372ms
04-11 02:48:45.599  2742  2756 I native-activity: Doing egl_swapbuffers_sync 1
04-11 02:48:45.599  2742  2756 D native-activity: Reading pixels format 0x1908 type 0x1401 bpp 4
04-11 02:48:45.599  2742  2756 I native-activity: Read pixels, GL error is 0x0
04-11 02:48:45.599  2742  2756 I native-activity: Swap 70 time is 1.903ms
04-11 02:48:45.599  2742  2756 I native-activity: Animating
04-11 02:48:45.599  2742  2756 I native-activity: Frame 71 GL error is 0x0
04-11 02:48:45.599  2742  2756 I native-activity: Frame 71 time is 0.305ms
04-11 02:48:45.599  2742  2756 I native-activity: Doing egl_swapbuffers_sync 1
04-11 02:48:45.599  2742  2756 D native-activity: Reading pixels format 0x1908 type 0x1401 bpp 4
04-11 02:48:45.599  2742  2756 I native-activity: Read pixels, GL error is 0x0
04-11 02:48:45.599  2742  2756 I native-activity: Swap 71 time is 2.099ms
04-11 02:48:45.599  2742  2756 I native-activity: Animating
04-11 02:48:45.599  2742  2756 I native-activity: Frame 72 GL error is 0x0
04-11 02:48:45.599  2742  2756 I native-activity: Frame 72 time is 0.366ms
04-11 02:48:45.599  2742  2756 I native-activity: Doing egl_swapbuffers_sync 1
04-11 02:48:45.609  2742  2756 D native-activity: Reading pixels format 0x1908 type 0x1401 bpp 4
04-11 02:48:45.609  2742  2756 I native-activity: Read pixels, GL error is 0x0
04-11 02:48:45.609  2742  2756 I native-activity: Swap 72 time is 1.990ms
04-11 02:48:45.609  2742  2756 I native-activity: Animating
04-11 02:48:45.609  2742  2756 I native-activity: Frame 73 GL error is 0x0
04-11 02:48:45.609  2742  2756 I native-activity: Frame 73 time is 0.378ms
04-11 02:48:45.609  2742  2756 I native-activity: Doing egl_swapbuffers_sync 1
04-11 02:48:45.609  2742  2756 D native-activity: Reading pixels format 0x1908 type 0x1401 bpp 4
04-11 02:48:45.609  1434  2219 D MdnieScenarioControlService:  packageName : com.example.sonicdash_stage1    className : android.app.NativeActivity
04-11 02:48:45.609  2742  2756 I native-activity: Read pixels, GL error is 0x0
04-11 02:48:45.609  2742  2756 I native-activity: Swap 73 time is 1.909ms
04-11 02:48:45.609  2742  2756 I native-activity: Animating
04-11 02:48:45.609  2742  2756 I native-activity: Frame 74 GL error is 0x0
04-11 02:48:45.609  2742  2756 I native-activity: Frame 74 time is 0.353ms
04-11 02:48:45.609  2742  2756 I native-activity: Doing egl_swapbuffers_sync 1
04-11 02:48:45.609  2742  2756 D native-activity: Reading pixels format 0x1908 type 0x1401 bpp 4
04-11 02:48:45.609  2742  2756 I native-activity: Read pixels, GL error is 0x0
04-11 02:48:45.609  2742  2756 I native-activity: Swap 74 time is 1.921ms
04-11 02:48:45.609  2742  2756 I native-activity: Animating
