04-11 02:50:58.709  3315  3333 I native-activity: Frame 335 time is 21.236ms
04-11 02:50:58.709  3315  3333 I native-activity: Doing egl_swapbuffers_sync 1
04-11 02:50:58.709  3315  3333 D native-activity: Reading pixels format 0x1908 type 0x1401 bpp 4
04-11 02:50:58.739  3315  3333 I native-activity: Read pixels, GL error is 0x0
04-11 02:50:58.739  3315  3333 I native-activity: Swap 335 time is 51.231ms
04-11 02:50:58.739  3315  3333 I native-activity: Animating
04-11 02:50:58.759  3315  3333 I native-activity: Frame 336 GL error is 0x0
04-11 02:50:58.759  3315  3333 I native-activity: Frame 336 time is 23.200ms
04-11 02:50:58.759  3315  3333 I native-activity: Doing egl_swapbuffers_sync 1
04-11 02:50:58.759  3315  3333 D native-activity: Reading pixels format 0x1908 type 0x1401 bpp 4
04-11 02:50:58.789  3315  3333 I native-activity: Read pixels, GL error is 0x0
04-11 02:50:58.789  3315  3333 I native-activity: Swap 336 time is 50.405ms
04-11 02:50:58.789  3315  3333 I native-activity: Animating
04-11 02:50:58.809  3315  3333 I native-activity: Frame 337 GL error is 0x0
04-11 02:50:58.809  3315  3333 I native-activity: Frame 337 time is 19.154ms
04-11 02:50:58.809  3315  3333 I native-activity: Doing egl_swapbuffers_sync 1
04-11 02:50:58.809  3315  3333 D native-activity: Reading pixels format 0x1908 type 0x1401 bpp 4
04-11 02:50:58.839  3315  3333 I native-activity: Read pixels, GL error is 0x0
04-11 02:50:58.839  3315  3333 I native-activity: Swap 337 time is 49.473ms
04-11 02:50:58.839  3315  3333 I native-activity: Animating
04-11 02:50:58.869  3315  3333 I native-activity: Frame 338 GL error is 0x0
04-11 02:50:58.869  3315  3333 I native-activity: Frame 338 time is 25.938ms
04-11 02:50:58.869  3315  3333 I native-activity: Doing egl_swapbuffers_sync 1
04-11 02:50:58.869  3315  3333 D native-activity: Reading pixels format 0x1908 type 0x1401 bpp 4
04-11 02:50:58.899  3315  3333 I native-activity: Read pixels, GL error is 0x0
04-11 02:50:58.899  3315  3333 I native-activity: Swap 338 time is 54.897ms
04-11 02:50:58.899  3315  3333 I native-activity: Animating
04-11 02:50:58.919  3315  3333 I native-activity: Frame 339 GL error is 0x0
04-11 02:50:58.919  3315  3333 I native-activity: Frame 339 time is 20.367ms
04-11 02:50:58.919  3315  3333 I native-activity: Doing egl_swapbuffers_sync 1
04-11 02:50:58.919  3315  3333 D native-activity: Reading pixels format 0x1908 type 0x1401 bpp 4
04-11 02:50:58.949  3315  3333 I native-activity: Read pixels, GL error is 0x0
04-11 02:50:58.949  3315  3333 I native-activity: Swap 339 time is 50.481ms
04-11 02:50:58.949  3315  3333 I native-activity: Animating
04-11 02:50:58.969  3315  3333 I native-activity: Frame 340 GL error is 0x0
04-11 02:50:58.969  3315  3333 I native-activity: Frame 340 time is 20.758ms
04-11 02:50:58.969  3315  3333 I native-activity: Doing egl_swapbuffers_sync 1
04-11 02:50:58.969  3315  3333 D native-activity: Reading pixels format 0x1908 type 0x1401 bpp 4
04-11 02:50:58.999  3315  3333 I native-activity: Read pixels, GL error is 0x0
04-11 02:50:58.999  3315  3333 I native-activity: Swap 340 time is 50.700ms
04-11 02:50:58.999  3315  3333 I native-activity: Animating
04-11 02:50:59.019  3315  3333 I native-activity: Frame 341 GL error is 0x0
04-11 02:50:59.019  3315  3333 I native-activity: Frame 341 time is 21.176ms
04-11 02:50:59.019  3315  3333 I native-activity: Doing egl_swapbuffers_sync 1
04-11 02:50:59.019  3315  3333 D native-activity: Reading pixels format 0x1908 type 0x1401 bpp 4
04-11 02:50:59.049  3315  3333 I native-activity: Read pixels, GL error is 0x0
04-11 02:50:59.049  3315  3333 I native-activity: Swap 341 time is 51.138ms
04-11 02:50:59.049  3315  3333 I native-activity: Animating
04-11 02:50:59.069  3315  3333 I native-activity: Frame 342 GL error is 0x0
04-11 02:50:59.069  3315  3333 I native-activity: Frame 342 time is 21.398ms
04-11 02:50:59.069  3315  3333 I native-activity: Doing egl_swapbuffers_sync 1
04-11 02:50:59.069  3315  3333 D native-activity: Reading pixels format 0x1908 type 0x1401 bpp 4
04-11 02:50:59.099  3315  3333 I native-activity: Read pixels, GL error is 0x0
04-11 02:50:59.099  3315  3333 I native-activity: Swap 342 time is 51.252ms
04-11 02:50:59.099  3315  3333 I native-activity: Animating
04-11 02:50:59.129  3315  3333 I native-activity: Frame 343 GL error is 0x0
04-11 02:50:59.129  3315  3333 I native-activity: Frame 343 time is 24.576ms
04-11 02:50:59.129  3315  3333 I native-activity: Doing egl_swapbuffers_sync 1
04-11 02:50:59.129  3315  3333 D native-activity: Reading pixels format 0x1908 type 0x1401 bpp 4
04-11 02:50:59.149  3315  3333 I native-activity: Read pixels, GL error is 0x0
04-11 02:50:59.149  3315  3333 I native-activity: Swap 343 time is 51.709ms
04-11 02:50:59.149  3315  3333 I native-activity: Animating
04-11 02:50:59.179  3315  3333 I native-activity: Frame 344 GL error is 0x0
04-11 02:50:59.179  3315  3333 I native-activity: Frame 344 time is 23.365ms
04-11 02:50:59.179  3315  3333 I native-activity: Doing egl_swapbuffers_sync 1
04-11 02:50:59.179  3315  3333 D native-activity: Reading pixels format 0x1908 type 0x1401 bpp 4
04-11 02:50:59.209  3315  3333 I native-activity: Read pixels, GL error is 0x0
04-11 02:50:59.209  3315  3333 I native-activity: Swap 344 time is 51.248ms
04-11 02:50:59.209  3315  3333 I native-activity: Animating
04-11 02:50:59.229  3315  3333 I native-activity: Frame 345 GL error is 0x0
04-11 02:50:59.229  3315  3333 I native-activity: Frame 345 time is 20.130ms
04-11 02:50:59.229  3315  3333 I native-activity: Doing egl_swapbuffers_sync 1
04-11 02:50:59.229  3315  3333 D native-activity: Reading pixels format 0x1908 type 0x1401 bpp 4
04-11 02:50:59.259  3315  3333 I native-activity: Read pixels, GL error is 0x0
04-11 02:50:59.259  3315  3333 I native-activity: Swap 345 time is 49.338ms
04-11 02:50:59.259  3315  3333 I native-activity: Animating
04-11 02:50:59.279  3315  3333 I native-activity: Frame 346 GL error is 0x0
04-11 02:50:59.279  3315  3333 I native-activity: Frame 346 time is 23.856ms
04-11 02:50:59.279  3315  3333 I native-activity: Doing egl_swapbuffers_sync 1
04-11 02:50:59.279  3315  3333 D native-activity: Reading pixels format 0x1908 type 0x1401 bpp 4
04-11 02:50:59.309  3315  3333 I native-activity: Read pixels, GL error is 0x0
04-11 02:50:59.309  3315  3333 I native-activity: Swap 346 time is 54.105ms
04-11 02:50:59.309  3315  3333 I native-activity: Animating
04-11 02:50:59.329  3315  3333 I native-activity: Frame 347 GL error is 0x0
04-11 02:50:59.329  3315  3333 I native-activity: Frame 347 time is 23.086ms
04-11 02:50:59.329  3315  3333 I native-activity: Doing egl_swapbuffers_sync 1
04-11 02:50:59.329  3315  3333 D native-activity: Reading pixels format 0x1908 type 0x1401 bpp 4
04-11 02:50:59.359  3315  3333 I native-activity: Read pixels, GL error is 0x0
04-11 02:50:59.359  3315  3333 I native-activity: Swap 347 time is 52.961ms
04-11 02:50:59.359  3315  3333 I native-activity: Animating
04-11 02:50:59.389  3315  3333 I native-activity: Frame 348 GL error is 0x0
04-11 02:50:59.389  3315  3333 I native-activity: Frame 348 time is 22.308ms
04-11 02:50:59.389  3315  3333 I native-activity: Doing egl_swapbuffers_sync 1
04-11 02:50:59.389  3315  3333 D native-activity: Reading pixels format 0x1908 type 0x1401 bpp 4
04-11 02:50:59.419  3315  3333 I native-activity: Read pixels, GL error is 0x0
04-11 02:50:59.419  3315  3333 I native-activity: Swap 348 time is 52.517ms
04-11 02:50:59.419  3315  3333 I native-activity: Animating
04-11 02:50:59.439  3315  3333 I native-activity: Frame 349 GL error is 0x0
04-11 02:50:59.439  3315  3333 I native-activity: Frame 349 time is 23.472ms
04-11 02:50:59.439  3315  3333 I native-activity: Doing egl_swapbuffers_sync 1
04-11 02:50:59.439  3315  3333 D native-activity: Reading pixels format 0x1908 type 0x1401 bpp 4
04-11 02:50:59.479  3315  3333 I native-activity: Read pixels, GL error is 0x0
04-11 02:50:59.479  3315  3333 I native-activity: Swap 349 time is 53.347ms
04-11 02:50:59.479  3315  3333 I native-activity: Animating
04-11 02:50:59.489  3315  3333 I native-activity: Frame 350 GL error is 0x0
04-11 02:50:59.489  3315  3333 I native-activity: Frame 350 time is 21.306ms
04-11 02:50:59.489  3315  3333 I native-activity: Doing egl_swapbuffers_sync 1
04-11 02:50:59.489  3315  3333 D native-activity: Reading pixels format 0x1908 type 0x1401 bpp 4
04-11 02:50:59.539  3315  3333 I native-activity: Read pixels, GL error is 0x0
04-11 02:50:59.539  3315  3333 I native-activity: Swap 350 time is 69.406ms
04-11 02:50:59.539  3315  3333 I native-activity: Animating
04-11 02:50:59.559  3315  3333 I native-activity: Frame 351 GL error is 0x0
04-11 02:50:59.559  3315  3333 I native-activity: Frame 351 time is 20.460ms
04-11 02:50:59.559  3315  3333 I native-activity: Doing egl_swapbuffers_sync 1
04-11 02:50:59.559  3315  3333 D native-activity: Reading pixels format 0x1908 type 0x1401 bpp 4
04-11 02:50:59.609  3315  3333 I native-activity: Read pixels, GL error is 0x0
04-11 02:50:59.609  3315  3333 I native-activity: Swap 351 time is 67.597ms
04-11 02:50:59.609  3315  3333 I native-activity: Animating
04-11 02:50:59.629  3315  3333 I native-activity: Frame 352 GL error is 0x0
04-11 02:50:59.629  3315  3333 I native-activity: Frame 352 time is 21.521ms
04-11 02:50:59.629  3315  3333 I native-activity: Doing egl_swapbuffers_sync 1
04-11 02:50:59.629  3315  3333 D native-activity: Reading pixels format 0x1908 type 0x1401 bpp 4
04-11 02:50:59.679  3315  3333 I native-activity: Read pixels, GL error is 0x0
04-11 02:50:59.679  3315  3333 I native-activity: Swap 352 time is 68.810ms
04-11 02:50:59.679  3315  3333 I native-activity: Animating
04-11 02:50:59.699  3315  3333 I native-activity: Frame 353 GL error is 0x0
04-11 02:50:59.699  3315  3333 I native-activity: Frame 353 time is 26.180ms
04-11 02:50:59.699  3315  3333 I native-activity: Doing egl_swapbuffers_sync 1
04-11 02:50:59.699  3315  3333 D native-activity: Reading pixels format 0x1908 type 0x1401 bpp 4
04-11 02:50:59.749  3315  3333 I native-activity: Read pixels, GL error is 0x0
04-11 02:50:59.749  3315  3333 I native-activity: Swap 353 time is 73.374ms
04-11 02:50:59.749  3315  3333 I native-activity: Animating
04-11 02:50:59.779  3315  3333 I native-activity: Frame 354 GL error is 0x0
04-11 02:50:59.779  3315  3333 I native-activity: Frame 354 time is 28.643ms
04-11 02:50:59.779  3315  3333 I native-activity: Doing egl_swapbuffers_sync 1
04-11 02:50:59.779  3315  3333 D native-activity: Reading pixels format 0x1908 type 0x1401 bpp 4
04-11 02:50:59.829  3315  3333 I native-activity: Read pixels, GL error is 0x0
04-11 02:50:59.829  3315  3333 I native-activity: Swap 354 time is 75.826ms
04-11 02:50:59.829  3315  3333 I native-activity: Animating
04-11 02:50:59.849  3315  3333 I native-activity: Frame 355 GL error is 0x0
04-11 02:50:59.849  3315  3333 I native-activity: Frame 355 time is 21.061ms
04-11 02:50:59.849  3315  3333 I native-activity: Doing egl_swapbuffers_sync 1
04-11 02:50:59.849  3315  3333 D native-activity: Reading pixels format 0x1908 type 0x1401 bpp 4
04-11 02:50:59.899  3315  3333 I native-activity: Read pixels, GL error is 0x0
04-11 02:50:59.899  3315  3333 I native-activity: Swap 355 time is 67.638ms
04-11 02:50:59.899  3315  3333 I native-activity: Animating
04-11 02:50:59.919  3315  3333 I native-activity: Frame 356 GL error is 0x0
04-11 02:50:59.919  3315  3333 I native-activity: Frame 356 time is 25.696ms
04-11 02:50:59.919  3315  3333 I native-activity: Doing egl_swapbuffers_sync 1
04-11 02:50:59.919  3315  3333 D native-activity: Reading pixels format 0x1908 type 0x1401 bpp 4
04-11 02:50:59.969  3315  3333 I native-activity: Read pixels, GL error is 0x0
04-11 02:50:59.969  3315  3333 I native-activity: Swap 356 time is 73.028ms
04-11 02:50:59.969  3315  3333 I native-activity: Animating
04-11 02:50:59.989  1434  2122 V AlarmManager: Expired Alarm result :8
04-11 02:50:59.999  3315  3333 I native-activity: Frame 357 GL error is 0x0
04-11 02:50:59.999  3315  3333 I native-activity: Frame 357 time is 24.929ms
04-11 02:50:59.999  3315  3333 I native-activity: Doing egl_swapbuffers_sync 1
04-11 02:50:59.999  3315  3333 D native-activity: Reading pixels format 0x1908 type 0x1401 bpp 4
04-11 02:51:00.009 30475 30475 D KeyguardUpdateMonitor: received broadcast android.intent.action.TIME_TICK
04-11 02:51:00.009 30475 30475 D KeyguardUpdateMonitor: handleTimeUpdate
04-11 02:51:00.019 30475 30475 D Clock   : received broadcast android.intent.action.TIME_TICK
04-11 02:51:00.039  3315  3333 I native-activity: Read pixels, GL error is 0x0
04-11 02:51:00.039  3315  3333 I native-activity: Swap 357 time is 67.277ms
04-11 02:51:00.039  3315  3333 I native-activity: Animating
04-11 02:51:00.049  3315  3333 I native-activity: Frame 358 GL error is 0x0
04-11 02:51:00.049  3315  3333 I native-activity: Frame 358 time is 12.266ms
04-11 02:51:00.049  3315  3333 I native-activity: Doing egl_swapbuffers_sync 1
04-11 02:51:00.049  3315  3333 D native-activity: Reading pixels format 0x1908 type 0x1401 bpp 4
04-11 02:51:00.069 30475 30475 D DateView: received broadcast android.intent.action.TIME_TICK
04-11 02:51:00.089  3315  3333 I native-activity: Read pixels, GL error is 0x0
04-11 02:51:00.089  3315  3333 I native-activity: Swap 358 time is 52.263ms
04-11 02:51:00.089  3315  3333 I native-activity: Animating
04-11 02:51:00.099  3315  3333 I native-activity: Frame 359 GL error is 0x0
04-11 02:51:00.099  3315  3333 I native-activity: Frame 359 time is 5.357ms
04-11 02:51:00.099  3315  3333 I native-activity: Doing egl_swapbuffers_sync 1
04-11 02:51:00.099  3315  3333 D native-activity: Reading pixels format 0x1908 type 0x1401 bpp 4
04-11 02:51:00.129  3315  3333 I native-activity: Read pixels, GL error is 0x0
04-11 02:51:00.129  3315  3333 I native-activity: Swap 359 time is 42.128ms
04-11 02:51:00.129  3315  3333 I native-activity: Animating
04-11 02:51:00.149 12787 12787 D [WeatherWidget(1219)]  WeatherService: {[EC3334F14841398C8B464A72D0E61AB7C564889C89112557F2146D56794659083956C77974A4825103AB5C5D4AC85EDAA24236388AC138058106446B92A35777]}
04-11 02:51:00.149 12787 12787 D [WeatherWidget(1219)]  : {[3AE6950019B083611567B0F9442DB03EEFA9050249635C043F7E254E316C2550]}
04-11 02:51:00.149  3315  3333 I native-activity: Frame 360 GL error is 0x0
04-11 02:51:00.149  3315  3333 I native-activity: Frame 360 time is 20.718ms
04-11 02:51:00.149  3315  3333 I native-activity: Doing egl_swapbuffers_sync 1
04-11 02:51:00.149  3315  3333 D native-activity: Reading pixels format 0x1908 type 0x1401 bpp 4
04-11 02:51:00.159 30475 30475 D NotificationStackScrollLayout:  scroll range should be extended : 1600
04-11 02:51:00.159 12787 12787 D [WeatherWidget(1219)]  : {[3AE6950019B083611567B0F9442DB03E5DDA24A68DD8F41CDE99F0ED3FBCA79D6E3672D13C47BC5ED8EFB051B507BC3564CBB9AA1ADECD10C93AB91E073BE127]}
04-11 02:51:00.159 12787 12787 D [WeatherWidget(1219)]  : {[A1AF0F6A1A65A89C43D705938923D0FEFB71880C4E84718DA0A3E1F383E54FB24509E0FBB917D66D2978C513F7383D4A055B6893A0437EE0927BB0F004427BEA0AB458C65D2C842FD91C89C438CD1509180D37E233FEE8B59E84B001781E3B40A92643785F2622E7DE071526B2102F3C]}
04-11 02:51:00.159 12787 12787 D [WeatherWidget(1219)]  : {[15C09394A4E9AFE55A5C62F22AB3FC5902EB2A2150B6646A86F2B3102D669614]}
04-11 02:51:00.189  3315  3333 I native-activity: Read pixels, GL error is 0x0
04-11 02:51:00.189  3315  3333 I native-activity: Swap 360 time is 58.171ms
04-11 02:51:00.189  3315  3333 I native-activity: Animating
04-11 02:51:00.199  3315  3333 I native-activity: Frame 361 GL error is 0x0
04-11 02:51:00.199  3315  3333 I native-activity: Frame 361 time is 3.708ms
04-11 02:51:00.199  3315  3333 I native-activity: Doing egl_swapbuffers_sync 1
04-11 02:51:00.199  3315  3333 D native-activity: Reading pixels format 0x1908 type 0x1401 bpp 4
04-11 02:51:00.229  3315  3333 I native-activity: Read pixels, GL error is 0x0
04-11 02:51:00.229  3315  3333 I native-activity: Swap 361 time is 40.686ms
04-11 02:51:00.229  3315  3333 I native-activity: Animating
04-11 02:51:00.239  3315  3333 I native-activity: Frame 362 GL error is 0x0
04-11 02:51:00.239  3315  3333 I native-activity: Frame 362 time is 3.969ms
04-11 02:51:00.239  3315  3333 I native-activity: Doing egl_swapbuffers_sync 1
04-11 02:51:00.239  3315  3333 D native-activity: Reading pixels format 0x1908 type 0x1401 bpp 4
04-11 02:51:00.279  3315  3333 I native-activity: Read pixels, GL error is 0x0
04-11 02:51:00.279  3315  3333 I native-activity: Swap 362 time is 43.876ms
04-11 02:51:00.279  3315  3333 I native-activity: Animating
04-11 02:51:00.299  3315  3333 I native-activity: Frame 363 GL error is 0x0
04-11 02:51:00.299  3315  3333 I native-activity: Frame 363 time is 21.464ms
04-11 02:51:00.299  3315  3333 I native-activity: Doing egl_swapbuffers_sync 1
04-11 02:51:00.299  3315  3333 D native-activity: Reading pixels format 0x1908 type 0x1401 bpp 4
04-11 02:51:00.349  3315  3333 I native-activity: Read pixels, GL error is 0x0
04-11 02:51:00.349  3315  3333 I native-activity: Swap 363 time is 68.769ms
04-11 02:51:00.349  3315  3333 I native-activity: Animating
04-11 02:51:00.369  3315  3333 I native-activity: Frame 364 GL error is 0x0
04-11 02:51:00.369  3315  3333 I native-activity: Frame 364 time is 20.547ms
04-11 02:51:00.369  3315  3333 I native-activity: Doing egl_swapbuffers_sync 1
04-11 02:51:00.369  3315  3333 D native-activity: Reading pixels format 0x1908 type 0x1401 bpp 4
04-11 02:51:00.409  3315  3333 I native-activity: Read pixels, GL error is 0x0
04-11 02:51:00.409  3315  3333 I native-activity: Swap 364 time is 67.415ms
04-11 02:51:00.409  3315  3333 I native-activity: Animating
04-11 02:51:00.439  3315  3333 I native-activity: Frame 365 GL error is 0x0
04-11 02:51:00.439  3315  3333 I native-activity: Frame 365 time is 24.391ms
04-11 02:51:00.439  3315  3333 I native-activity: Doing egl_swapbuffers_sync 1
04-11 02:51:00.439  3315  3333 D native-activity: Reading pixels format 0x1908 type 0x1401 bpp 4
04-11 02:51:00.489  3315  3333 I native-activity: Read pixels, GL error is 0x0
04-11 02:51:00.489  3315  3333 I native-activity: Swap 365 time is 71.394ms
04-11 02:51:00.489  3315  3333 I native-activity: Animating
04-11 02:51:00.509  3315  3333 I native-activity: Frame 366 GL error is 0x0
04-11 02:51:00.509  3315  3333 I native-activity: Frame 366 time is 20.678ms
04-11 02:51:00.509  3315  3333 I native-activity: Doing egl_swapbuffers_sync 1
04-11 02:51:00.509  3315  3333 D native-activity: Reading pixels format 0x1908 type 0x1401 bpp 4
04-11 02:51:00.559  3315  3333 I native-activity: Read pixels, GL error is 0x0
04-11 02:51:00.559  3315  3333 I native-activity: Swap 366 time is 67.600ms
04-11 02:51:00.559  3315  3333 I native-activity: Animating
04-11 02:51:00.579  3315  3333 I native-activity: Frame 367 GL error is 0x0
04-11 02:51:00.579  3315  3333 I native-activity: Frame 367 time is 25.691ms
04-11 02:51:00.579  3315  3333 I native-activity: Doing egl_swapbuffers_sync 1
04-11 02:51:00.579  3315  3333 D native-activity: Reading pixels format 0x1908 type 0x1401 bpp 4
04-11 02:51:00.629  3315  3333 I native-activity: Read pixels, GL error is 0x0
04-11 02:51:00.629  3315  3333 I native-activity: Swap 367 time is 73.129ms
04-11 02:51:00.629  3315  3333 I native-activity: Animating
04-11 02:51:00.649  3315  3333 I native-activity: Frame 368 GL error is 0x0
04-11 02:51:00.649  3315  3333 I native-activity: Frame 368 time is 19.534ms
04-11 02:51:00.649  3315  3333 I native-activity: Doing egl_swapbuffers_sync 1
04-11 02:51:00.649  3315  3333 D native-activity: Reading pixels format 0x1908 type 0x1401 bpp 4
04-11 02:51:00.689  3315  3333 I native-activity: Read pixels, GL error is 0x0
04-11 02:51:00.689  3315  3333 I native-activity: Swap 368 time is 58.087ms
04-11 02:51:00.689  3315  3333 I native-activity: Animating
04-11 02:51:00.709  3315  3333 I native-activity: Frame 369 GL error is 0x0
04-11 02:51:00.709  3315  3333 I native-activity: Frame 369 time is 20.045ms
04-11 02:51:00.709  3315  3333 I native-activity: Doing egl_swapbuffers_sync 1
04-11 02:51:00.709  3315  3333 D native-activity: Reading pixels format 0x1908 type 0x1401 bpp 4
04-11 02:51:00.719  1434  6994 D SSRM:n  : SIOP:: AP = 320, PST = 326 (W:14), CP = 32, CUR = -495, LCD = 255
04-11 02:51:00.739  3315  3333 I native-activity: Read pixels, GL error is 0x0
04-11 02:51:00.739  3315  3333 I native-activity: Swap 369 time is 58.614ms
04-11 02:51:00.749  3315  3333 I native-activity: Animating
04-11 02:51:00.759  1434  6994 D ConnectivityService: returning getNetworkInfo for network type 1 : [type: WIFI[] - WIFI, state: CONNECTED/CONNECTED, reason: (unspecified), extra: "wildfredland_ext", roaming: false, failover: false, isAvailable: true]
04-11 02:51:00.769  3315  3333 I native-activity: Frame 370 GL error is 0x0
04-11 02:51:00.769  3315  3333 I native-activity: Frame 370 time is 21.168ms
04-11 02:51:00.769  3315  3333 I native-activity: Doing egl_swapbuffers_sync 1
04-11 02:51:00.769  3315  3333 D native-activity: Reading pixels format 0x1908 type 0x1401 bpp 4
04-11 02:51:00.809  3315  3333 I native-activity: Read pixels, GL error is 0x0
04-11 02:51:00.809  3315  3333 I native-activity: Swap 370 time is 67.461ms
04-11 02:51:00.809  3315  3333 I native-activity: Animating
04-11 02:51:00.829  3315  3333 I native-activity: Frame 371 GL error is 0x0
04-11 02:51:00.829  3315  3333 I native-activity: Frame 371 time is 20.324ms
04-11 02:51:00.829  3315  3333 I native-activity: Doing egl_swapbuffers_sync 1
04-11 02:51:00.829  3315  3333 D native-activity: Reading pixels format 0x1908 type 0x1401 bpp 4
04-11 02:51:00.879  3315  3333 I native-activity: Read pixels, GL error is 0x0
04-11 02:51:00.879  3315  3333 I native-activity: Swap 371 time is 67.802ms
04-11 02:51:00.879  3315  3333 I native-activity: Animating
04-11 02:51:00.909  3315  3333 I native-activity: Frame 372 GL error is 0x0
04-11 02:51:00.909  3315  3333 I native-activity: Frame 372 time is 26.637ms
04-11 02:51:00.909  3315  3333 I native-activity: Doing egl_swapbuffers_sync 1
04-11 02:51:00.909  3315  3333 D native-activity: Reading pixels format 0x1908 type 0x1401 bpp 4
04-11 02:51:00.949  3315  3333 I native-activity: Read pixels, GL error is 0x0
04-11 02:51:00.949  3315  3333 I native-activity: Swap 372 time is 73.031ms
04-11 02:51:00.959  3315  3333 I native-activity: Animating
04-11 02:51:00.969  3315  3333 I native-activity: Frame 373 GL error is 0x0
04-11 02:51:00.969  3315  3333 I native-activity: Frame 373 time is 17.848ms
04-11 02:51:00.969  3315  3333 I native-activity: Doing egl_swapbuffers_sync 1
04-11 02:51:00.969  3315  3333 D native-activity: Reading pixels format 0x1908 type 0x1401 bpp 4
04-11 02:51:01.019  3315  3333 I native-activity: Read pixels, GL error is 0x0
04-11 02:51:01.019  3315  3333 I native-activity: Swap 373 time is 64.725ms
04-11 02:51:01.019  3315  3333 I native-activity: Animating
04-11 02:51:01.039  3315  3333 I native-activity: Frame 374 GL error is 0x0
04-11 02:51:01.039  3315  3333 I native-activity: Frame 374 time is 21.554ms
04-11 02:51:01.039  3315  3333 I native-activity: Doing egl_swapbuffers_sync 1
04-11 02:51:01.039  3315  3333 D native-activity: Reading pixels format 0x1908 type 0x1401 bpp 4
04-11 02:51:01.089  3315  3333 I native-activity: Read pixels, GL error is 0x0
04-11 02:51:01.089  3315  3333 I native-activity: Swap 374 time is 71.421ms
04-11 02:51:01.089  3315  3333 I native-activity: Animating
04-11 02:51:01.109  3315  3333 I native-activity: Frame 375 GL error is 0x0
04-11 02:51:01.109  3315  3333 I native-activity: Frame 375 time is 21.691ms
04-11 02:51:01.109  3315  3333 I native-activity: Doing egl_swapbuffers_sync 1
04-11 02:51:01.109  3315  3333 D native-activity: Reading pixels format 0x1908 type 0x1401 bpp 4
04-11 02:51:01.159  3315  3333 I native-activity: Read pixels, GL error is 0x0
04-11 02:51:01.159  3315  3333 I native-activity: Swap 375 time is 69.146ms
04-11 02:51:01.159  3315  3333 I native-activity: Animating
04-11 02:51:01.179  3315  3333 I native-activity: Frame 376 GL error is 0x0
04-11 02:51:01.179  3315  3333 I native-activity: Frame 376 time is 20.879ms
04-11 02:51:01.179  3315  3333 I native-activity: Doing egl_swapbuffers_sync 1
04-11 02:51:01.179  3315  3333 D native-activity: Reading pixels format 0x1908 type 0x1401 bpp 4
04-11 02:51:01.229  3315  3333 I native-activity: Read pixels, GL error is 0x0
04-11 02:51:01.229  3315  3333 I native-activity: Swap 376 time is 68.152ms
04-11 02:51:01.229  3315  3333 I native-activity: Animating
04-11 02:51:01.249  3315  3333 I native-activity: Frame 377 GL error is 0x0
04-11 02:51:01.249  3315  3333 I native-activity: Frame 377 time is 20.516ms
04-11 02:51:01.249  3315  3333 I native-activity: Doing egl_swapbuffers_sync 1
04-11 02:51:01.249  3315  3333 D native-activity: Reading pixels format 0x1908 type 0x1401 bpp 4
04-11 02:51:01.299  3315  3333 I native-activity: Read pixels, GL error is 0x0
04-11 02:51:01.299  3315  3333 I native-activity: Swap 377 time is 66.621ms
04-11 02:51:01.299  3315  3333 I native-activity: Animating
04-11 02:51:01.309  3315  3333 I native-activity: Frame 378 GL error is 0x0
04-11 02:51:01.309  3315  3333 I native-activity: Frame 378 time is 11.064ms
04-11 02:51:01.309  3315  3333 I native-activity: Doing egl_swapbuffers_sync 1
04-11 02:51:01.309  3315  3333 D native-activity: Reading pixels format 0x1908 type 0x1401 bpp 4
04-11 02:51:01.349  3315  3333 I native-activity: Read pixels, GL error is 0x0
04-11 02:51:01.349  3315  3333 I native-activity: Swap 378 time is 52.129ms
04-11 02:51:01.349  3315  3333 I native-activity: Animating
04-11 02:51:01.369  3315  3333 I native-activity: Frame 379 GL error is 0x0
04-11 02:51:01.369  3315  3333 I native-activity: Frame 379 time is 17.863ms
04-11 02:51:01.369  3315  3333 I native-activity: Doing egl_swapbuffers_sync 1
04-11 02:51:01.369  3315  3333 D native-activity: Reading pixels format 0x1908 type 0x1401 bpp 4
04-11 02:51:01.409  3315  3333 I native-activity: Read pixels, GL error is 0x0
04-11 02:51:01.409  3315  3333 I native-activity: Swap 379 time is 64.065ms
04-11 02:51:01.419  3315  3333 I native-activity: Animating
04-11 02:51:01.439  3315  3333 I native-activity: Frame 380 GL error is 0x0
04-11 02:51:01.439  3315  3333 I native-activity: Frame 380 time is 22.026ms
04-11 02:51:01.439  3315  3333 I native-activity: Doing egl_swapbuffers_sync 1
04-11 02:51:01.439  3315  3333 D native-activity: Reading pixels format 0x1908 type 0x1401 bpp 4
04-11 02:51:01.479  3315  3333 I native-activity: Read pixels, GL error is 0x0
04-11 02:51:01.479  3315  3333 I native-activity: Swap 380 time is 69.023ms
04-11 02:51:01.479  3315  3333 I native-activity: Animating
04-11 02:51:01.509  3315  3333 I native-activity: Frame 381 GL error is 0x0
04-11 02:51:01.509  3315  3333 I native-activity: Frame 381 time is 24.171ms
04-11 02:51:01.509  3315  3333 I native-activity: Doing egl_swapbuffers_sync 1
04-11 02:51:01.509  3315  3333 D native-activity: Reading pixels format 0x1908 type 0x1401 bpp 4
04-11 02:51:01.549  3315  3333 I native-activity: Read pixels, GL error is 0x0
04-11 02:51:01.549  3315  3333 I native-activity: Swap 381 time is 62.273ms
04-11 02:51:01.549  3315  3333 I native-activity: Animating
04-11 02:51:01.569  3315  3333 I native-activity: Frame 382 GL error is 0x0
04-11 02:51:01.569  3315  3333 I native-activity: Frame 382 time is 19.704ms
04-11 02:51:01.569  3315  3333 I native-activity: Doing egl_swapbuffers_sync 1
04-11 02:51:01.569  3315  3333 D native-activity: Reading pixels format 0x1908 type 0x1401 bpp 4
04-11 02:51:01.609  3315  3333 I native-activity: Read pixels, GL error is 0x0
04-11 02:51:01.609  3315  3333 I native-activity: Swap 382 time is 66.565ms
04-11 02:51:01.609  3315  3333 I native-activity: Animating
04-11 02:51:01.639  3315  3333 I native-activity: Frame 383 GL error is 0x0
04-11 02:51:01.639  3315  3333 I native-activity: Frame 383 time is 24.545ms
04-11 02:51:01.639  3315  3333 I native-activity: Doing egl_swapbuffers_sync 1
04-11 02:51:01.639  3315  3333 D native-activity: Reading pixels format 0x1908 type 0x1401 bpp 4
04-11 02:51:01.689  3315  3333 I native-activity: Read pixels, GL error is 0x0
04-11 02:51:01.689  3315  3333 I native-activity: Swap 383 time is 71.874ms
04-11 02:51:01.689  3315  3333 I native-activity: Animating
04-11 02:51:01.709  3315  3333 I native-activity: Frame 384 GL error is 0x0
04-11 02:51:01.709  3315  3333 I native-activity: Frame 384 time is 20.111ms
04-11 02:51:01.709  3315  3333 I native-activity: Doing egl_swapbuffers_sync 1
04-11 02:51:01.709  3315  3333 D native-activity: Reading pixels format 0x1908 type 0x1401 bpp 4
04-11 02:51:01.749  3315  3333 I native-activity: Read pixels, GL error is 0x0
04-11 02:51:01.749  3315  3333 I native-activity: Swap 384 time is 59.219ms
04-11 02:51:01.749  3315  3333 I native-activity: Animating
04-11 02:51:01.769  3315  3333 I native-activity: Frame 385 GL error is 0x0
04-11 02:51:01.769  3315  3333 I native-activity: Frame 385 time is 20.441ms
04-11 02:51:01.769  3315  3333 I native-activity: Doing egl_swapbuffers_sync 1
04-11 02:51:01.769  3315  3333 D native-activity: Reading pixels format 0x1908 type 0x1401 bpp 4
04-11 02:51:01.809  3315  3333 I native-activity: Read pixels, GL error is 0x0
04-11 02:51:01.809  3315  3333 I native-activity: Swap 385 time is 66.604ms
04-11 02:51:01.809  3315  3333 I native-activity: Animating
04-11 02:51:01.839  3315  3333 I native-activity: Frame 386 GL error is 0x0
04-11 02:51:01.839  3315  3333 I native-activity: Frame 386 time is 21.792ms
04-11 02:51:01.839  3315  3333 I native-activity: Doing egl_swapbuffers_sync 1
04-11 02:51:01.839  3315  3333 D native-activity: Reading pixels format 0x1908 type 0x1401 bpp 4
04-11 02:51:01.879  3315  3333 I native-activity: Read pixels, GL error is 0x0
04-11 02:51:01.879  3315  3333 I native-activity: Swap 386 time is 68.910ms
04-11 02:51:01.879  3315  3333 I native-activity: Animating
04-11 02:51:01.909  3315  3333 I native-activity: Frame 387 GL error is 0x0
04-11 02:51:01.909  3315  3333 I native-activity: Frame 387 time is 24.802ms
04-11 02:51:01.909  3315  3333 I native-activity: Doing egl_swapbuffers_sync 1
04-11 02:51:01.909  3315  3333 D native-activity: Reading pixels format 0x1908 type 0x1401 bpp 4
04-11 02:51:01.949  3315  3333 I native-activity: Read pixels, GL error is 0x0
04-11 02:51:01.949  3315  3333 I native-activity: Swap 387 time is 71.619ms
04-11 02:51:01.959  3315  3333 I native-activity: Animating
04-11 02:51:01.979  3315  3333 I native-activity: Frame 388 GL error is 0x0
04-11 02:51:01.979  3315  3333 I native-activity: Frame 388 time is 25.879ms
04-11 02:51:01.979  3315  3333 I native-activity: Doing egl_swapbuffers_sync 1
04-11 02:51:01.979  3315  3333 D native-activity: Reading pixels format 0x1908 type 0x1401 bpp 4
04-11 02:51:02.029  3315  3333 I native-activity: Read pixels, GL error is 0x0
04-11 02:51:02.029  3315  3333 I native-activity: Swap 388 time is 75.918ms
04-11 02:51:02.029  3315  3333 I native-activity: Animating
04-11 02:51:02.049  3315  3333 I native-activity: Frame 389 GL error is 0x0
04-11 02:51:02.049  3315  3333 I native-activity: Frame 389 time is 19.301ms
04-11 02:51:02.049  3315  3333 I native-activity: Doing egl_swapbuffers_sync 1
04-11 02:51:02.049  3315  3333 D native-activity: Reading pixels format 0x1908 type 0x1401 bpp 4
04-11 02:51:02.099  3315  3333 I native-activity: Read pixels, GL error is 0x0
04-11 02:51:02.099  3315  3333 I native-activity: Swap 389 time is 66.623ms
04-11 02:51:02.099  3315  3333 I native-activity: Animating
04-11 02:51:02.119  3315  3333 I native-activity: Frame 390 GL error is 0x0
04-11 02:51:02.119  3315  3333 I native-activity: Frame 390 time is 21.694ms
04-11 02:51:02.119  3315  3333 I native-activity: Doing egl_swapbuffers_sync 1
04-11 02:51:02.119  3315  3333 D native-activity: Reading pixels format 0x1908 type 0x1401 bpp 4
04-11 02:51:02.169  3315  3333 I native-activity: Read pixels, GL error is 0x0
04-11 02:51:02.169  3315  3333 I native-activity: Swap 390 time is 68.703ms
04-11 02:51:02.169  3315  3333 I native-activity: Animating
04-11 02:51:02.189  3315  3333 I native-activity: Frame 391 GL error is 0x0
04-11 02:51:02.189  3315  3333 I native-activity: Frame 391 time is 20.977ms
04-11 02:51:02.189  3315  3333 I native-activity: Doing egl_swapbuffers_sync 1
04-11 02:51:02.189  3315  3333 D native-activity: Reading pixels format 0x1908 type 0x1401 bpp 4
04-11 02:51:02.239  3315  3333 I native-activity: Read pixels, GL error is 0x0
04-11 02:51:02.239  3315  3333 I native-activity: Swap 391 time is 68.094ms
04-11 02:51:02.239  3315  3333 I native-activity: Animating
04-11 02:51:02.259  3315  3333 I native-activity: Frame 392 GL error is 0x0
04-11 02:51:02.259  3315  3333 I native-activity: Frame 392 time is 23.208ms
04-11 02:51:02.259  3315  3333 I native-activity: Doing egl_swapbuffers_sync 1
04-11 02:51:02.259  3315  3333 D native-activity: Reading pixels format 0x1908 type 0x1401 bpp 4
04-11 02:51:02.309  3315  3333 I native-activity: Read pixels, GL error is 0x0
04-11 02:51:02.309  3315  3333 I native-activity: Swap 392 time is 70.330ms
04-11 02:51:02.309  3315  3333 I native-activity: Animating
04-11 02:51:02.329  3315  3333 I native-activity: Frame 393 GL error is 0x0
04-11 02:51:02.329  3315  3333 I native-activity: Frame 393 time is 21.048ms
04-11 02:51:02.329  3315  3333 I native-activity: Doing egl_swapbuffers_sync 1
04-11 02:51:02.329  3315  3333 D native-activity: Reading pixels format 0x1908 type 0x1401 bpp 4
04-11 02:51:02.369  3315  3333 I native-activity: Read pixels, GL error is 0x0
04-11 02:51:02.379  3315  3333 I native-activity: Swap 393 time is 67.392ms
04-11 02:51:02.379  3315  3333 I native-activity: Animating
04-11 02:51:02.389  3315  3333 I native-activity: Frame 394 GL error is 0x0
04-11 02:51:02.389  3315  3333 I native-activity: Frame 394 time is 17.723ms
04-11 02:51:02.389  3315  3333 I native-activity: Doing egl_swapbuffers_sync 1
04-11 02:51:02.389  3315  3333 D native-activity: Reading pixels format 0x1908 type 0x1401 bpp 4
04-11 02:51:02.439  3315  3333 I native-activity: Read pixels, GL error is 0x0
04-11 02:51:02.439  3315  3333 I native-activity: Swap 394 time is 64.752ms
04-11 02:51:02.439  3315  3333 I native-activity: Animating
04-11 02:51:02.459  3315  3333 I native-activity: Frame 395 GL error is 0x0
04-11 02:51:02.459  3315  3333 I native-activity: Frame 395 time is 21.299ms
04-11 02:51:02.459  3315  3333 I native-activity: Doing egl_swapbuffers_sync 1
04-11 02:51:02.459  3315  3333 D native-activity: Reading pixels format 0x1908 type 0x1401 bpp 4
04-11 02:51:02.509  3315  3333 I native-activity: Read pixels, GL error is 0x0
04-11 02:51:02.509  3315  3333 I native-activity: Swap 395 time is 68.399ms
04-11 02:51:02.509  3315  3333 I native-activity: Animating
04-11 02:51:02.529  3315  3333 I native-activity: Frame 396 GL error is 0x0
04-11 02:51:02.529  3315  3333 I native-activity: Frame 396 time is 21.522ms
04-11 02:51:02.529  3315  3333 I native-activity: Doing egl_swapbuffers_sync 1
04-11 02:51:02.529  3315  3333 D native-activity: Reading pixels format 0x1908 type 0x1401 bpp 4
04-11 02:51:02.579  3315  3333 I native-activity: Read pixels, GL error is 0x0
04-11 02:51:02.579  3315  3333 I native-activity: Swap 396 time is 68.597ms
04-11 02:51:02.579  3315  3333 I native-activity: Animating
04-11 02:51:02.599  3315  3333 I native-activity: Frame 397 GL error is 0x0
04-11 02:51:02.599  3315  3333 I native-activity: Frame 397 time is 22.989ms
04-11 02:51:02.599  3315  3333 I native-activity: Doing egl_swapbuffers_sync 1
04-11 02:51:02.599  3315  3333 D native-activity: Reading pixels format 0x1908 type 0x1401 bpp 4
04-11 02:51:02.649  3315  3333 I native-activity: Read pixels, GL error is 0x0
04-11 02:51:02.649  3315  3333 I native-activity: Swap 397 time is 69.956ms
04-11 02:51:02.649  3315  3333 I native-activity: Animating
04-11 02:51:02.669  3315  3333 I native-activity: Frame 398 GL error is 0x0
04-11 02:51:02.669  3315  3333 I native-activity: Frame 398 time is 20.770ms
04-11 02:51:02.669  3315  3333 I native-activity: Doing egl_swapbuffers_sync 1
04-11 02:51:02.669  3315  3333 D native-activity: Reading pixels format 0x1908 type 0x1401 bpp 4
04-11 02:51:02.719  3315  3333 I native-activity: Read pixels, GL error is 0x0
04-11 02:51:02.719  3315  3333 I native-activity: Swap 398 time is 68.137ms
04-11 02:51:02.719  3315  3333 I native-activity: Animating
04-11 02:51:02.739  3315  3333 I native-activity: Frame 399 GL error is 0x0
04-11 02:51:02.739  3315  3333 I native-activity: Frame 399 time is 26.275ms
04-11 02:51:02.739  3315  3333 I native-activity: Doing egl_swapbuffers_sync 1
04-11 02:51:02.739  3315  3333 D native-activity: Reading pixels format 0x1908 type 0x1401 bpp 4
04-11 02:51:02.789  3315  3333 I native-activity: Read pixels, GL error is 0x0
04-11 02:51:02.789  3315  3333 I native-activity: Swap 399 time is 73.697ms
04-11 02:51:02.789  3315  3333 I native-activity: Animating
04-11 02:51:02.819  3315  3333 I native-activity: Frame 400 GL error is 0x0
04-11 02:51:02.819  3315  3333 I native-activity: Frame 400 time is 26.393ms
04-11 02:51:02.819  3315  3333 I native-activity: Doing egl_swapbuffers_sync 1
04-11 02:51:02.819  3315  3333 D native-activity: Reading pixels format 0x1908 type 0x1401 bpp 4
04-11 02:51:02.869  3315  3333 I native-activity: Read pixels, GL error is 0x0
04-11 02:51:02.869  3315  3333 I native-activity: Swap 400 time is 73.983ms
04-11 02:51:02.869  3315  3333 I native-activity: Animating
04-11 02:51:02.889  3315  3333 I native-activity: Frame 401 GL error is 0x0
04-11 02:51:02.889  3315  3333 I native-activity: Frame 401 time is 20.101ms
04-11 02:51:02.889  3315  3333 I native-activity: Doing egl_swapbuffers_sync 1
04-11 02:51:02.889  3315  3333 D native-activity: Reading pixels format 0x1908 type 0x1401 bpp 4
04-11 02:51:02.929  3315  3333 I native-activity: Read pixels, GL error is 0x0
04-11 02:51:02.929  3315  3333 I native-activity: Swap 401 time is 66.166ms
04-11 02:51:02.929  3315  3333 I native-activity: Animating
04-11 02:51:02.959  3315  3333 I native-activity: Frame 402 GL error is 0x0
04-11 02:51:02.959  3315  3333 I native-activity: Frame 402 time is 22.138ms
04-11 02:51:02.959  3315  3333 I native-activity: Doing egl_swapbuffers_sync 1
04-11 02:51:02.959  3315  3333 D native-activity: Reading pixels format 0x1908 type 0x1401 bpp 4
04-11 02:51:02.989  3315  3333 I native-activity: Read pixels, GL error is 0x0
04-11 02:51:02.989  3315  3333 I native-activity: Swap 402 time is 60.991ms
04-11 02:51:02.989  3315  3333 I native-activity: Animating
04-11 02:51:03.019  3315  3333 I native-activity: Frame 403 GL error is 0x0
04-11 02:51:03.019  3315  3333 I native-activity: Frame 403 time is 21.308ms
04-11 02:51:03.019  3315  3333 I native-activity: Doing egl_swapbuffers_sync 1
04-11 02:51:03.019  3315  3333 D native-activity: Reading pixels format 0x1908 type 0x1401 bpp 4
04-11 02:51:03.059  3315  3333 I native-activity: Read pixels, GL error is 0x0
04-11 02:51:03.059  3315  3333 I native-activity: Swap 403 time is 68.346ms
04-11 02:51:03.059  3315  3333 I native-activity: Animating
04-11 02:51:03.079  3315  3333 I native-activity: Frame 404 GL error is 0x0
04-11 02:51:03.079  3315  3333 I native-activity: Frame 404 time is 20.995ms
04-11 02:51:03.079  3315  3333 I native-activity: Doing egl_swapbuffers_sync 1
04-11 02:51:03.079  3315  3333 D native-activity: Reading pixels format 0x1908 type 0x1401 bpp 4
04-11 02:51:03.129  3315  3333 I native-activity: Read pixels, GL error is 0x0
04-11 02:51:03.129  3315  3333 I native-activity: Swap 404 time is 69.018ms
04-11 02:51:03.129  3315  3333 I native-activity: Animating
04-11 02:51:03.159  3315  3333 I native-activity: Frame 405 GL error is 0x0
04-11 02:51:03.159  3315  3333 I native-activity: Frame 405 time is 24.364ms
04-11 02:51:03.159  3315  3333 I native-activity: Doing egl_swapbuffers_sync 1
04-11 02:51:03.159  3315  3333 D native-activity: Reading pixels format 0x1908 type 0x1401 bpp 4
04-11 02:51:03.199  3315  3333 I native-activity: Read pixels, GL error is 0x0
04-11 02:51:03.199  3315  3333 I native-activity: Swap 405 time is 65.892ms
04-11 02:51:03.199  3315  3333 I native-activity: Animating
04-11 02:51:03.219  3315  3333 I native-activity: Frame 406 GL error is 0x0
04-11 02:51:03.219  3315  3333 I native-activity: Frame 406 time is 23.887ms
04-11 02:51:03.219  3315  3333 I native-activity: Doing egl_swapbuffers_sync 1
04-11 02:51:03.219  3315  3333 D native-activity: Reading pixels format 0x1908 type 0x1401 bpp 4
04-11 02:51:03.269  3315  3333 I native-activity: Read pixels, GL error is 0x0
04-11 02:51:03.269  3315  3333 I native-activity: Swap 406 time is 66.894ms
04-11 02:51:03.269  3315  3333 I native-activity: Animating
04-11 02:51:03.289  3315  3333 I native-activity: Frame 407 GL error is 0x0
04-11 02:51:03.289  3315  3333 I native-activity: Frame 407 time is 19.714ms
04-11 02:51:03.289  3315  3333 I native-activity: Doing egl_swapbuffers_sync 1
04-11 02:51:03.289  3315  3333 D native-activity: Reading pixels format 0x1908 type 0x1401 bpp 4
04-11 02:51:03.329  3315  3333 I native-activity: Read pixels, GL error is 0x0
04-11 02:51:03.329  3315  3333 I native-activity: Swap 407 time is 65.947ms
04-11 02:51:03.329  3315  3333 I native-activity: Animating
04-11 02:51:03.359  3315  3333 I native-activity: Frame 408 GL error is 0x0
04-11 02:51:03.359  3315  3333 I native-activity: Frame 408 time is 21.556ms
04-11 02:51:03.359  3315  3333 I native-activity: Doing egl_swapbuffers_sync 1
04-11 02:51:03.359  3315  3333 D native-activity: Reading pixels format 0x1908 type 0x1401 bpp 4
04-11 02:51:03.399  3315  3333 I native-activity: Read pixels, GL error is 0x0
04-11 02:51:03.399  3315  3333 I native-activity: Swap 408 time is 68.647ms
04-11 02:51:03.399  3315  3333 I native-activity: Animating
04-11 02:51:03.419  3315  3333 I native-activity: Frame 409 GL error is 0x0
04-11 02:51:03.419  3315  3333 I native-activity: Frame 409 time is 21.239ms
04-11 02:51:03.419  3315  3333 I native-activity: Doing egl_swapbuffers_sync 1
04-11 02:51:03.419  3315  3333 D native-activity: Reading pixels format 0x1908 type 0x1401 bpp 4
04-11 02:51:03.469  3315  3333 I native-activity: Read pixels, GL error is 0x0
04-11 02:51:03.469  3315  3333 I native-activity: Swap 409 time is 62.974ms
04-11 02:51:03.469  3315  3333 I native-activity: Animating
04-11 02:51:03.489  3315  3333 I native-activity: Frame 410 GL error is 0x0
04-11 02:51:03.489  3315  3333 I native-activity: Frame 410 time is 22.917ms
04-11 02:51:03.489  3315  3333 I native-activity: Doing egl_swapbuffers_sync 1
04-11 02:51:03.489  3315  3333 D native-activity: Reading pixels format 0x1908 type 0x1401 bpp 4
04-11 02:51:03.529  3315  3333 I native-activity: Read pixels, GL error is 0x0
04-11 02:51:03.529  3315  3333 I native-activity: Swap 410 time is 61.536ms
04-11 02:51:03.529  3315  3333 I native-activity: Animating
04-11 02:51:03.549  3315  3333 I native-activity: Frame 411 GL error is 0x0
04-11 02:51:03.549  3315  3333 I native-activity: Frame 411 time is 20.909ms
04-11 02:51:03.549  3315  3333 I native-activity: Doing egl_swapbuffers_sync 1
04-11 02:51:03.549  3315  3333 D native-activity: Reading pixels format 0x1908 type 0x1401 bpp 4
04-11 02:51:03.599  3315  3333 I native-activity: Read pixels, GL error is 0x0
04-11 02:51:03.599  3315  3333 I native-activity: Swap 411 time is 67.580ms
04-11 02:51:03.599  3315  3333 I native-activity: Animating
04-11 02:51:03.619  3315  3333 I native-activity: Frame 412 GL error is 0x0
04-11 02:51:03.619  3315  3333 I native-activity: Frame 412 time is 28.290ms
04-11 02:51:03.619  3315  3333 I native-activity: Doing egl_swapbuffers_sync 1
04-11 02:51:03.619  3315  3333 D native-activity: Reading pixels format 0x1908 type 0x1401 bpp 4
04-11 02:51:03.669  3315  3333 I native-activity: Read pixels, GL error is 0x0
04-11 02:51:03.669  3315  3333 I native-activity: Swap 412 time is 75.651ms
04-11 02:51:03.669  3315  3333 I native-activity: Animating
04-11 02:51:03.759  3315  3333 I native-activity: Frame 413 GL error is 0x0
04-11 02:51:03.759  3315  3333 I native-activity: Frame 413 time is 87.801ms
04-11 02:51:03.759  3315  3333 I native-activity: Doing egl_swapbuffers_sync 1
04-11 02:51:03.759  3315  3333 D native-activity: Reading pixels format 0x1908 type 0x1401 bpp 4
04-11 02:51:03.799  3315  3333 I native-activity: Read pixels, GL error is 0x0
04-11 02:51:03.799  3315  3333 I native-activity: Swap 413 time is 121.686ms
04-11 02:51:03.799  3315  3333 I native-activity: Animating
04-11 02:51:03.909  3315  3333 I native-activity: Frame 414 GL error is 0x0
04-11 02:51:03.909  3315  3333 I native-activity: Frame 414 time is 118.817ms
04-11 02:51:03.909  3315  3333 I native-activity: Doing egl_swapbuffers_sync 1
04-11 02:51:03.909  3315  3333 D native-activity: Reading pixels format 0x1908 type 0x1401 bpp 4
04-11 02:51:03.949  3315  3333 I native-activity: Read pixels, GL error is 0x0
04-11 02:51:03.949  3315  3333 I native-activity: Swap 414 time is 156.727ms
04-11 02:51:03.949  3315  3333 I native-activity: Animating
04-11 02:51:03.969  3315  3333 I native-activity: Frame 415 GL error is 0x0
04-11 02:51:03.969  3315  3333 I native-activity: Frame 415 time is 19.261ms
04-11 02:51:03.969  3315  3333 I native-activity: Doing egl_swapbuffers_sync 1
04-11 02:51:03.969  3315  3333 D native-activity: Reading pixels format 0x1908 type 0x1401 bpp 4
04-11 02:51:04.009  3315  3333 I native-activity: Read pixels, GL error is 0x0
04-11 02:51:04.009  3315  3333 I native-activity: Swap 415 time is 54.441ms
04-11 02:51:04.009  3315  3333 I native-activity: Animating
04-11 02:51:04.029  3315  3333 I native-activity: Frame 416 GL error is 0x0
04-11 02:51:04.029  3315  3333 I native-activity: Frame 416 time is 19.420ms
04-11 02:51:04.029  3315  3333 I native-activity: Doing egl_swapbuffers_sync 1
04-11 02:51:04.029  3315  3333 D native-activity: Reading pixels format 0x1908 type 0x1401 bpp 4
04-11 02:51:04.059  3315  3333 I native-activity: Read pixels, GL error is 0x0
04-11 02:51:04.059  3315  3333 I native-activity: Swap 416 time is 56.045ms
04-11 02:51:04.069  3315  3333 I native-activity: Animating
04-11 02:51:04.089  3315  3333 I native-activity: Frame 417 GL error is 0x0
04-11 02:51:04.089  3315  3333 I native-activity: Frame 417 time is 24.875ms
04-11 02:51:04.089  3315  3333 I native-activity: Doing egl_swapbuffers_sync 1
04-11 02:51:04.089  3315  3333 D native-activity: Reading pixels format 0x1908 type 0x1401 bpp 4
04-11 02:51:04.119  3315  3333 I native-activity: Read pixels, GL error is 0x0
04-11 02:51:04.119  3315  3333 I native-activity: Swap 417 time is 50.484ms
04-11 02:51:04.119  3315  3333 I native-activity: Animating
04-11 02:51:04.139  3315  3333 I native-activity: Frame 418 GL error is 0x0
04-11 02:51:04.139  3315  3333 I native-activity: Frame 418 time is 22.126ms
04-11 02:51:04.139  3315  3333 I native-activity: Doing egl_swapbuffers_sync 1
04-11 02:51:04.139  3315  3333 D native-activity: Reading pixels format 0x1908 type 0x1401 bpp 4
04-11 02:51:04.179  3315  3333 I native-activity: Read pixels, GL error is 0x0
04-11 02:51:04.179  3315  3333 I native-activity: Swap 418 time is 60.930ms
04-11 02:51:04.179  3315  3333 I native-activity: Animating
04-11 02:51:04.199  3315  3333 I native-activity: Frame 419 GL error is 0x0
04-11 02:51:04.199  3315  3333 I native-activity: Frame 419 time is 17.641ms
04-11 02:51:04.199  3315  3333 I native-activity: Doing egl_swapbuffers_sync 1
04-11 02:51:04.199  3315  3333 D native-activity: Reading pixels format 0x1908 type 0x1401 bpp 4
04-11 02:51:04.219  3315  3333 I native-activity: Read pixels, GL error is 0x0
04-11 02:51:04.219  3315  3333 I native-activity: Swap 419 time is 44.967ms
04-11 02:51:04.219  3315  3333 I native-activity: Animating
04-11 02:51:04.239  3315  3333 I native-activity: Frame 420 GL error is 0x0
04-11 02:51:04.239  3315  3333 I native-activity: Frame 420 time is 19.936ms
04-11 02:51:04.239  3315  3333 I native-activity: Doing egl_swapbuffers_sync 1
04-11 02:51:04.239  3315  3333 D native-activity: Reading pixels format 0x1908 type 0x1401 bpp 4
04-11 02:51:04.259  3315  3333 I native-activity: Read pixels, GL error is 0x0
04-11 02:51:04.259  3315  3333 I native-activity: Swap 420 time is 39.829ms
04-11 02:51:04.259  3315  3333 I native-activity: Animating
04-11 02:51:04.279  3315  3333 I native-activity: Frame 421 GL error is 0x0
04-11 02:51:04.279  3315  3333 I native-activity: Frame 421 time is 17.351ms
