04-13 01:19:31.202  3746  3759 I native-activity: Swap 2 time is 26.663ms
04-13 01:19:31.202  3746  3759 I native-activity: Animating
04-13 01:19:31.202  3746  3759 I native-activity: Context 0xee531680 made current on surface 0xee5296c0, error 0x3000
04-13 01:19:31.202  3746  3759 I native-activity: GL information
04-13 01:19:31.202  3746  3759 I native-activity: 	Renderer: Adreno (TM) 530
04-13 01:19:31.202  3746  3759 I native-activity: 	Vendor: Qualcomm
04-13 01:19:31.202  3746  3759 I native-activity: 	Version: OpenGL ES 3.2 V@145.0 (GIT@I5bc0f577f9)
04-13 01:19:31.202  3746  3759 I native-activity: 	Shading Language: OpenGL ES GLSL ES 3.20
04-13 01:19:31.202  3746  3759 I native-activity: 	Extensions: GL_OES_EGL_image GL_OES_EGL_image_external GL_OES_EGL_sync GL_OES_vertex_half_float GL_OES_framebuffer_object GL_OES_rgb8_rgba8 GL_OES_compressed_ETC1_RGB8_texture GL_AMD_compressed_ATC_texture GL_KHR_texture_compression_astc_ldr GL_KHR_texture_compression_astc_hdr GL_OES_texture_compression_astc GL_OES_texture_npot GL_EXT_texture_filter_anisotropic GL_EXT_texture_format_BGRA8888 GL_OES_texture_3D GL_EXT_color_buffer_float GL_EXT_color_buffer_half_float GL_QCOM_alpha_test GL_OES_depth24 GL_OES_packed_depth_stencil GL_OES_depth_texture GL_OES_depth_texture_cube_map GL_EXT_sRGB GL_OES_texture_float GL_OES_texture_float_linear GL_OES_texture_half_float GL_OES_texture_half_float_linear GL_EXT_texture_type_2_10_10_10_REV GL_EXT_texture_sRGB_decode GL_OES_element_index_uint GL_EXT_copy_image GL_EXT_geometry_shader GL_EXT_tessellation_shader GL_OES_texture_stencil8 GL_EXT_shader_io_blocks GL_OES_shader_image_atomic GL_OES_sample_variables GL_EXT_texture_border_clamp GL_EXT_multisampled_render_to_textur
04-13 01:19:31.202  3746  3759 I native-activity: Frame 3 GL error is 0x0
04-13 01:19:31.202  3746  3759 I native-activity: Frame 3 time is 0.124ms
04-13 01:19:31.202  3746  3759 I native-activity: Swap 3 time is 5.579ms
04-13 01:19:31.202  3746  3759 I native-activity: Animating
04-13 01:19:31.212   648   648 D libEGL  : eglInitialize EGLDisplay = 0x7ff9c80178
04-13 01:19:31.222  1434  2219 D MdnieScenarioControlService:  packageName : com.example.sonicdash_stage1    className : android.app.NativeActivity
04-13 01:19:31.242  3746  3759 I native-activity: Frame 4 GL error is 0x501
04-13 01:19:31.242  3746  3759 I native-activity: Frame 4 time is 34.620ms
04-13 01:19:31.242  3746  3759 I native-activity: Swap 4 time is 35.513ms
04-13 01:19:31.242  3746  3759 I native-activity: Animating
04-13 01:19:31.242  3746  3759 I native-activity: Frame 5 GL error is 0x0
04-13 01:19:31.242  3746  3759 I native-activity: Frame 5 time is 0.597ms
04-13 01:19:31.242  3746  3759 I native-activity: Swap 5 time is 4.817ms
04-13 01:19:31.242  3746  3759 I native-activity: Animating
04-13 01:19:31.242  1434  6994 D GameManagerService: identifyGamePackage. com.example.sonicdash_stage1
04-13 01:19:31.252  3746  3759 I native-activity: Frame 6 GL error is 0x0
04-13 01:19:31.252  3746  3759 I native-activity: Frame 6 time is 4.070ms
04-13 01:19:31.252  3746  3759 I native-activity: Swap 6 time is 5.632ms
04-13 01:19:31.252  3746  3759 I native-activity: Animating
04-13 01:19:31.252   648  3139 I SurfaceFlinger: id=3864 Removed tonicdash_s (7/11)
04-13 01:19:31.252   648  3737 I SurfaceFlinger: id=3864 Removed tonicdash_s (-2/11)
04-13 01:19:31.262   648   648 D libEGL  : eglTerminate EGLDisplay = 0x7ff9c80278
04-13 01:19:31.262  3746  3759 I native-activity: Frame 7 GL error is 0x0
04-13 01:19:31.262  3746  3759 I native-activity: Frame 7 time is 15.378ms
04-13 01:19:31.262  3746  3759 I native-activity: Swap 7 time is 16.329ms
04-13 01:19:31.262  3746  3759 I native-activity: Animating
04-13 01:19:31.282  3746  3759 I native-activity: Frame 8 GL error is 0x0
04-13 01:19:31.282  3746  3759 I native-activity: Frame 8 time is 15.398ms
04-13 01:19:31.282  3746  3759 I native-activity: Swap 8 time is 16.173ms
04-13 01:19:31.282  3746  3759 I native-activity: Animating
04-13 01:19:31.282  1434  1612 I Timeline: Timeline: Activity_windows_visible id: ActivityRecord{fafe4 u0 com.example.sonicdash_stage1/android.app.NativeActivity t1460} time:196051729
04-13 01:19:31.282  1434  1612 D CustomFrequencyManagerService: releaseDVFSLockLocked : Getting Lock type frm List : DVFS_MIN_LIMIT  frequency : 1555200  uid : 1000  pid : 1434  tag : ACTIVITY_RESUME_BOOSTER@14
04-13 01:19:31.282  1434  1612 D ActivityManager: mDVFSHelper.release()
04-13 01:19:31.292  1434  2164 D NetworkPolicy: isUidForegroundLocked: 10078, mScreenOn: true, uidstate: 3, mProxSensorScreenOff: false
04-13 01:19:31.292  1434  1531 D CustomFrequencyManagerService: acquireDVFSLockLocked : type : DVFS_MIN_LIMIT  frequency : 1555200  uid : 1000  pid : 1434  pkgName : ACTIVITY_RESUME_BOOSTER@20
04-13 01:19:31.302  3746  3759 I native-activity: Frame 9 GL error is 0x0
04-13 01:19:31.302  3746  3759 I native-activity: Frame 9 time is 15.299ms
04-13 01:19:31.302  1434  1612 D KnoxTimeoutHandler: notifyActivityDrawn [MsgParam] userId: 0 fullscreen is true showWhenlocked is false
04-13 01:19:31.302  1434  1434 D KnoxTimeoutHandler: activityDrawn [MsgParam] userId: 0 fullscreen is true showWhenlocked is false
04-13 01:19:31.302  3746  3759 I native-activity: Swap 9 time is 17.258ms
04-13 01:19:31.302  3746  3759 I native-activity: Animating
04-13 01:19:31.302  1434  1434 I KnoxTimeoutHandler: SD activityfalse
04-13 01:19:31.302  2590  2590 D Launcher.HomeView: onStop
04-13 01:19:31.302  2590  2590 D capture : ----destroy
04-13 01:19:31.302  2590  2590 D Launcher: onTrimMemory. Level: 20
04-13 01:19:31.302  2590  2590 V ActivityThread: updateVisibility : ActivityRecord{46ba7e token=android.os.BinderProxy@15e180a {com.sec.android.app.launcher/com.sec.android.app.launcher.activities.LauncherActivity}} show : false
04-13 01:19:31.312  3746  3759 I native-activity: Frame 10 GL error is 0x0
04-13 01:19:31.312  3746  3759 I native-activity: Frame 10 time is 17.540ms
04-13 01:19:31.322  3746  3759 I native-activity: Swap 10 time is 18.257ms
04-13 01:19:31.322  3746  3759 I native-activity: Animating
04-13 01:19:31.322  1434  2219 I MdnieScenarioControlService: mGameModeLauncher : false
04-13 01:19:31.322  1434  2219 I MdnieScenarioControlService: setUIMode
04-13 01:19:31.332  3746  3759 I native-activity: Frame 11 GL error is 0x0
04-13 01:19:31.332  3746  3759 I native-activity: Frame 11 time is 13.123ms
04-13 01:19:31.332  3746  3759 I native-activity: Swap 11 time is 14.386ms
04-13 01:19:31.332  3746  3759 I native-activity: Animating
04-13 01:19:31.352  3746  3759 I native-activity: Frame 12 GL error is 0x0
04-13 01:19:31.352  3746  3759 I native-activity: Frame 12 time is 15.234ms
04-13 01:19:31.352  3746  3759 I native-activity: Swap 12 time is 16.805ms
04-13 01:19:31.352  3746  3759 I native-activity: Animating
04-13 01:19:31.352   648  3737 I SurfaceFlinger: id=3863 Removed MauncherAct (3/10)
04-13 01:19:31.352   648  2746 I SurfaceFlinger: id=3863 Removed MauncherAct (-2/10)
04-13 01:19:31.352 30475 30475 D ImageWallpaper: onVisibilityChanged:false
04-13 01:19:31.352 30475 30475 D ImageWallpaper: drawFrame
04-13 01:19:31.352 30475 30475 D ImageWallpaper: drawFrame:false rotation:0 mLastRotation:0
04-13 01:19:31.352 30475 30475 D ImageWallpaper: drawFrame:[frame.width()]2240[frame.height()]2560
04-13 01:19:31.352 30475 30475 D ImageWallpaper: Suppressed drawFrame since redraw is not needed and offsets have not changed.
04-13 01:19:31.362   648   648 D libEGL  : eglTerminate EGLDisplay = 0x7ff9c80278
04-13 01:19:31.362  3746  3759 I native-activity: Frame 13 GL error is 0x0
04-13 01:19:31.362  3746  3759 I native-activity: Frame 13 time is 15.862ms
04-13 01:19:31.362  3746  3759 I native-activity: Swap 13 time is 17.053ms
04-13 01:19:31.362  3746  3759 I native-activity: Animating
04-13 01:19:31.382  3746  3759 I native-activity: Frame 14 GL error is 0x0
04-13 01:19:31.382  3746  3759 I native-activity: Frame 14 time is 14.375ms
04-13 01:19:31.382  3746  3759 I native-activity: Swap 14 time is 15.954ms
04-13 01:19:31.382  3746  3759 I native-activity: Animating
04-13 01:19:31.402  3746  3759 I native-activity: Frame 15 GL error is 0x0
04-13 01:19:31.402  3746  3759 I native-activity: Frame 15 time is 15.185ms
04-13 01:19:31.402  3746  3759 I native-activity: Swap 15 time is 16.644ms
04-13 01:19:31.402  3746  3759 I native-activity: Animating
04-13 01:19:31.412  3746  3759 I native-activity: Frame 16 GL error is 0x0
04-13 01:19:31.412  3746  3759 I native-activity: Frame 16 time is 15.100ms
04-13 01:19:31.412  3746  3759 I native-activity: Swap 16 time is 16.709ms
04-13 01:19:31.412  3746  3759 I native-activity: Animating
04-13 01:19:31.432  3746  3759 I native-activity: Frame 17 GL error is 0x0
04-13 01:19:31.432  3746  3759 I native-activity: Frame 17 time is 15.124ms
04-13 01:19:31.432  3746  3759 I native-activity: Swap 17 time is 16.526ms
04-13 01:19:31.432  3746  3759 I native-activity: Animating
04-13 01:19:31.452  3746  3759 I native-activity: Frame 18 GL error is 0x0
04-13 01:19:31.452  3746  3759 I native-activity: Frame 18 time is 15.205ms
04-13 01:19:31.452  3746  3759 I native-activity: Swap 18 time is 16.689ms
04-13 01:19:31.452  3746  3759 I native-activity: Animating
04-13 01:19:31.462  3746  3759 I native-activity: Frame 19 GL error is 0x0
04-13 01:19:31.462  3746  3759 I native-activity: Frame 19 time is 15.139ms
04-13 01:19:31.462  3746  3759 I native-activity: Swap 19 time is 16.654ms
04-13 01:19:31.462  3746  3759 I native-activity: Animating
04-13 01:19:31.482  3746  3759 I native-activity: Frame 20 GL error is 0x0
04-13 01:19:31.482  3746  3759 I native-activity: Frame 20 time is 15.035ms
04-13 01:19:31.482  3746  3759 I native-activity: Swap 20 time is 16.502ms
04-13 01:19:31.482  3746  3759 I native-activity: Animating
04-13 01:19:31.502  3746  3759 I native-activity: Frame 21 GL error is 0x0
04-13 01:19:31.502  3746  3759 I native-activity: Frame 21 time is 15.212ms
04-13 01:19:31.502  3746  3759 I native-activity: Swap 21 time is 16.686ms
04-13 01:19:31.502  3746  3759 I native-activity: Animating
04-13 01:19:31.512  3746  3759 I native-activity: Frame 22 GL error is 0x0
04-13 01:19:31.512  3746  3759 I native-activity: Frame 22 time is 15.124ms
04-13 01:19:31.512  3746  3759 I native-activity: Swap 22 time is 16.623ms
04-13 01:19:31.512  3746  3759 I native-activity: Animating
04-13 01:19:31.532  3746  3759 I native-activity: Frame 23 GL error is 0x0
04-13 01:19:31.532  3746  3759 I native-activity: Frame 23 time is 15.201ms
04-13 01:19:31.532  3746  3759 I native-activity: Swap 23 time is 16.582ms
04-13 01:19:31.532  3746  3759 I native-activity: Animating
04-13 01:19:31.552  3746  3759 I native-activity: Frame 24 GL error is 0x0
04-13 01:19:31.552  3746  3759 I native-activity: Frame 24 time is 15.226ms
04-13 01:19:31.552  3746  3759 I native-activity: Swap 24 time is 16.596ms
04-13 01:19:31.552  3746  3759 I native-activity: Animating
04-13 01:19:31.562  3746  3759 I native-activity: Frame 25 GL error is 0x0
04-13 01:19:31.562  3746  3759 I native-activity: Frame 25 time is 15.191ms
04-13 01:19:31.562  3746  3759 I native-activity: Swap 25 time is 16.663ms
04-13 01:19:31.562  3746  3759 I native-activity: Animating
04-13 01:19:31.572  1434  2219 D MdnieScenarioControlService:  packageName : com.example.sonicdash_stage1    className : android.app.NativeActivity
04-13 01:19:31.582  3746  3759 I native-activity: Frame 26 GL error is 0x0
04-13 01:19:31.582  3746  3759 I native-activity: Frame 26 time is 15.020ms
04-13 01:19:31.582  3746  3759 I native-activity: Swap 26 time is 16.523ms
04-13 01:19:31.582  3746  3759 I native-activity: Animating
04-13 01:19:31.592  1434  1434 D CustomFrequencyManagerService: releaseDVFSLockLocked : Getting Lock type frm List : DVFS_MIN_LIMIT  frequency : 1555200  uid : 1000  pid : 1434  tag : ACTIVITY_RESUME_BOOSTER@20
04-13 01:19:31.602  3746  3759 I native-activity: Frame 27 GL error is 0x0
04-13 01:19:31.602  3746  3759 I native-activity: Frame 27 time is 17.855ms
04-13 01:19:31.602  3746  3759 I native-activity: Swap 27 time is 21.104ms
04-13 01:19:31.602  3746  3759 I native-activity: Animating
04-13 01:19:31.622  3746  3759 I native-activity: Frame 28 GL error is 0x0
04-13 01:19:31.622  3746  3759 I native-activity: Frame 28 time is 14.708ms
04-13 01:19:31.622  3746  3759 I native-activity: Swap 28 time is 16.263ms
04-13 01:19:31.622  3746  3759 I native-activity: Animating
04-13 01:19:31.632  3746  3759 I native-activity: Frame 29 GL error is 0x0
04-13 01:19:31.632  3746  3759 I native-activity: Frame 29 time is 13.723ms
04-13 01:19:31.642  3746  3759 I native-activity: Swap 29 time is 17.485ms
04-13 01:19:31.642  3746  3759 I native-activity: Animating
04-13 01:19:31.652  3746  3759 I native-activity: Frame 30 GL error is 0x0
04-13 01:19:31.652  3746  3759 I native-activity: Frame 30 time is 13.951ms
04-13 01:19:31.662  3746  3759 I native-activity: Swap 30 time is 18.648ms
04-13 01:19:31.662  3746  3759 I native-activity: Animating
04-13 01:19:31.672  1434  2219 I MdnieScenarioControlService: mGameModeLauncher : false
04-13 01:19:31.682  1434  2219 I MdnieScenarioControlService: setUIMode
04-13 01:19:31.682  3746  3759 I native-activity: Frame 31 GL error is 0x0
04-13 01:19:31.682  3746  3759 I native-activity: Frame 31 time is 26.180ms
04-13 01:19:31.692  3746  3759 I native-activity: Swap 31 time is 29.250ms
04-13 01:19:31.692  3746  3759 I native-activity: Animating
04-13 01:19:31.742  3746  3759 I native-activity: Frame 32 GL error is 0x0
04-13 01:19:31.742  3746  3759 I native-activity: Frame 32 time is 53.007ms
04-13 01:19:31.742  3746  3759 I native-activity: Swap 32 time is 54.338ms
04-13 01:19:31.742  3746  3759 I native-activity: Animating
04-13 01:19:31.762  3746  3759 I native-activity: Frame 33 GL error is 0x0
04-13 01:19:31.762  3746  3759 I native-activity: Frame 33 time is 20.602ms
04-13 01:19:31.762  3746  3759 I native-activity: Swap 33 time is 21.971ms
04-13 01:19:31.762  3746  3759 I native-activity: Animating
04-13 01:19:31.872  3746  3759 I native-activity: Frame 34 GL error is 0x0
04-13 01:19:31.872  3746  3759 I native-activity: Frame 34 time is 108.997ms
04-13 01:19:31.882  3746  3759 I native-activity: Swap 34 time is 118.911ms
04-13 01:19:31.882  3746  3759 I native-activity: Animating
04-13 01:19:31.912  3746  3759 I native-activity: Frame 35 GL error is 0x0
04-13 01:19:31.912  3746  3759 I native-activity: Frame 35 time is 25.138ms
04-13 01:19:31.912  3746  3759 I native-activity: Swap 35 time is 26.720ms
04-13 01:19:31.912  3746  3759 I native-activity: Animating
04-13 01:19:31.942  2381  2381 D Recents : onTaskStackChanged
04-13 01:19:31.952  3746  3759 I native-activity: Frame 36 GL error is 0x501
04-13 01:19:31.952  3746  3759 I native-activity: Frame 36 time is 45.912ms
04-13 01:19:31.962  3746  3759 I native-activity: Swap 36 time is 47.760ms
04-13 01:19:31.962  3746  3759 I native-activity: Animating
04-13 01:19:31.972  3746  3759 I native-activity: Frame 37 GL error is 0x501
04-13 01:19:31.972  3746  3759 I native-activity: Frame 37 time is 12.866ms
04-13 01:19:31.972  3746  3759 I native-activity: Swap 37 time is 14.428ms
04-13 01:19:31.972  3746  3759 I native-activity: Animating
04-13 01:19:31.982  3746  3759 I native-activity: Frame 38 GL error is 0x501
04-13 01:19:31.982  3746  3759 I native-activity: Frame 38 time is 12.115ms
04-13 01:19:31.982  3746  3759 I native-activity: Swap 38 time is 13.717ms
04-13 01:19:31.992  3746  3759 I native-activity: Animating
04-13 01:19:31.992  3746  3759 I native-activity: Frame 39 GL error is 0x0
04-13 01:19:31.992  3746  3759 I native-activity: Frame 39 time is 7.980ms
04-13 01:19:31.992  3746  3759 I native-activity: Swap 39 time is 9.640ms
04-13 01:19:31.992  3746  3759 I native-activity: Animating
04-13 01:19:32.002  3746  3759 I native-activity: Frame 40 GL error is 0x0
04-13 01:19:32.002  3746  3759 I native-activity: Frame 40 time is 8.094ms
04-13 01:19:32.002  3746  3759 I native-activity: Swap 40 time is 8.787ms
04-13 01:19:32.002  3746  3759 I native-activity: Animating
04-13 01:19:32.022  3746  3759 I native-activity: Frame 41 GL error is 0x0
04-13 01:19:32.022  3746  3759 I native-activity: Frame 41 time is 12.168ms
04-13 01:19:32.022  3746  3759 I native-activity: Swap 41 time is 15.478ms
04-13 01:19:32.022  3746  3759 I native-activity: Animating
04-13 01:19:32.032  3746  3759 I native-activity: Frame 42 GL error is 0x0
04-13 01:19:32.032  3746  3759 I native-activity: Frame 42 time is 12.876ms
04-13 01:19:32.042  3746  3759 I native-activity: Swap 42 time is 16.265ms
04-13 01:19:32.042  3746  3759 I native-activity: Animating
04-13 01:19:32.052  3746  3759 I native-activity: Frame 43 GL error is 0x0
04-13 01:19:32.052  3746  3759 I native-activity: Frame 43 time is 13.582ms
04-13 01:19:32.052  3746  3759 I native-activity: Swap 43 time is 16.425ms
04-13 01:19:32.052  3746  3759 I native-activity: Animating
04-13 01:19:32.072  3746  3759 I native-activity: Frame 44 GL error is 0x0
04-13 01:19:32.072  3746  3759 I native-activity: Frame 44 time is 13.622ms
04-13 01:19:32.072  3746  3759 I native-activity: Swap 44 time is 18.049ms
04-13 01:19:32.072  3746  3759 I native-activity: Animating
04-13 01:19:32.102  3746  3759 I native-activity: Frame 45 GL error is 0x501
04-13 01:19:32.102  3746  3759 I native-activity: Frame 45 time is 30.282ms
04-13 01:19:32.112  3746  3759 I native-activity: Swap 45 time is 34.248ms
04-13 01:19:32.112  3746  3759 I native-activity: Animating
04-13 01:19:32.122  3746  3759 I native-activity: Frame 46 GL error is 0x501
04-13 01:19:32.122  3746  3759 I native-activity: Frame 46 time is 18.561ms
04-13 01:19:32.132  3746  3759 I native-activity: Swap 46 time is 20.268ms
04-13 01:19:32.132  3746  3759 I native-activity: Animating
04-13 01:19:32.142  3746  3759 I native-activity: Frame 47 GL error is 0x501
04-13 01:19:32.142  3746  3759 I native-activity: Frame 47 time is 12.825ms
04-13 01:19:32.142  3746  3759 I native-activity: Swap 47 time is 14.607ms
04-13 01:19:32.142  3746  3759 I native-activity: Animating
04-13 01:19:32.142  3746  3759 I native-activity: Frame 48 GL error is 0x0
04-13 01:19:32.142  3746  3759 I native-activity: Frame 48 time is 1.385ms
04-13 01:19:32.152  3746  3759 I native-activity: Swap 48 time is 6.810ms
04-13 01:19:32.152  3746  3759 I native-activity: Animating
04-13 01:19:32.152  3746  3759 I native-activity: Frame 49 GL error is 0x0
04-13 01:19:32.152  3746  3759 I native-activity: Frame 49 time is 4.018ms
04-13 01:19:32.152  3746  3759 I native-activity: Swap 49 time is 7.473ms
04-13 01:19:32.162  3746  3759 I native-activity: Animating
04-13 01:19:32.172  3746  3759 I native-activity: Frame 50 GL error is 0x0
04-13 01:19:32.172  3746  3759 I native-activity: Frame 50 time is 11.457ms
04-13 01:19:32.172  3746  3759 I native-activity: Swap 50 time is 15.283ms
04-13 01:19:32.172  3746  3759 I native-activity: Animating
04-13 01:19:32.182  3746  3759 I native-activity: Frame 51 GL error is 0x0
04-13 01:19:32.182  3746  3759 I native-activity: Frame 51 time is 13.875ms
04-13 01:19:32.192  3746  3759 I native-activity: Swap 51 time is 17.241ms
04-13 01:19:32.192  3746  3759 I native-activity: Animating
04-13 01:19:32.202  3746  3759 I native-activity: Frame 52 GL error is 0x0
04-13 01:19:32.202  3746  3759 I native-activity: Frame 52 time is 15.534ms
04-13 01:19:32.212  3746  3759 I native-activity: Swap 52 time is 18.445ms
04-13 01:19:32.212  3746  3759 I native-activity: Animating
04-13 01:19:32.222  3746  3759 I native-activity: Frame 53 GL error is 0x0
04-13 01:19:32.222  3746  3759 I native-activity: Frame 53 time is 12.199ms
04-13 01:19:32.222  3746  3759 I native-activity: Swap 53 time is 15.547ms
04-13 01:19:32.222  3746  3759 I native-activity: Animating
04-13 01:19:32.242  3746  3759 I native-activity: Frame 54 GL error is 0x0
04-13 01:19:32.242  3746  3759 I native-activity: Frame 54 time is 13.066ms
04-13 01:19:32.242  3746  3759 I native-activity: Swap 54 time is 17.563ms
04-13 01:19:32.242  3746  3759 I native-activity: Animating
04-13 01:19:32.262  3746  3759 I native-activity: Frame 55 GL error is 0x0
04-13 01:19:32.262  3746  3759 I native-activity: Frame 55 time is 15.397ms
04-13 01:19:32.262  3746  3759 I native-activity: Swap 55 time is 18.619ms
04-13 01:19:32.262  3746  3759 I native-activity: Animating
04-13 01:19:32.272  3746  3759 I native-activity: Frame 56 GL error is 0x0
04-13 01:19:32.272  3746  3759 I native-activity: Frame 56 time is 8.320ms
04-13 01:19:32.272  3746  3759 I native-activity: Swap 56 time is 11.936ms
04-13 01:19:32.272  3746  3759 I native-activity: Animating
04-13 01:19:32.292  3746  3759 I native-activity: Frame 57 GL error is 0x0
04-13 01:19:32.292  3746  3759 I native-activity: Frame 57 time is 14.934ms
04-13 01:19:32.292  3746  3759 I native-activity: Swap 57 time is 17.683ms
04-13 01:19:32.292  3746  3759 I native-activity: Animating
04-13 01:19:32.302  3746  3759 I native-activity: Frame 58 GL error is 0x0
04-13 01:19:32.302  3746  3759 I native-activity: Frame 58 time is 12.199ms
04-13 01:19:32.312  3746  3759 I native-activity: Swap 58 time is 15.325ms
04-13 01:19:32.312  3746  3759 I native-activity: Animating
04-13 01:19:32.322  3746  3759 I native-activity: Frame 59 GL error is 0x0
04-13 01:19:32.322  3746  3759 I native-activity: Frame 59 time is 12.859ms
04-13 01:19:32.322  3746  3759 I native-activity: Swap 59 time is 17.263ms
04-13 01:19:32.332  3746  3759 I native-activity: Animating
04-13 01:19:32.342  3746  3759 I native-activity: Frame 60 GL error is 0x0
04-13 01:19:32.342  3746  3759 I native-activity: Frame 60 time is 9.160ms
04-13 01:19:32.342  3746  3759 I native-activity: Swap 60 time is 11.459ms
04-13 01:19:32.342  3746  3759 I native-activity: Animating
04-13 01:19:32.352  3746  3759 I native-activity: Frame 61 GL error is 0x0
04-13 01:19:32.352  3746  3759 I native-activity: Frame 61 time is 12.278ms
04-13 01:19:32.362  3746  3759 I native-activity: Swap 61 time is 17.162ms
04-13 01:19:32.362  3746  3759 I native-activity: Animating
04-13 01:19:32.372  3746  3759 I native-activity: Frame 62 GL error is 0x0
04-13 01:19:32.372  3746  3759 I native-activity: Frame 62 time is 12.921ms
04-13 01:19:32.382  3746  3759 I native-activity: Swap 62 time is 19.276ms
04-13 01:19:32.382  3746  3759 I native-activity: Animating
04-13 01:19:32.392  3746  3759 I native-activity: Frame 63 GL error is 0x0
04-13 01:19:32.392  3746  3759 I native-activity: Frame 63 time is 10.152ms
04-13 01:19:32.392  3746  3759 I native-activity: Swap 63 time is 17.307ms
04-13 01:19:32.392  3746  3759 I native-activity: Animating
04-13 01:19:32.402  3746  3759 I native-activity: Frame 64 GL error is 0x0
04-13 01:19:32.402  3746  3759 I native-activity: Frame 64 time is 8.307ms
04-13 01:19:32.412  3746  3759 I native-activity: Swap 64 time is 15.803ms
04-13 01:19:32.412  3746  3759 I native-activity: Animating
04-13 01:19:32.422  3746  3759 I native-activity: Frame 65 GL error is 0x0
04-13 01:19:32.422  3746  3759 I native-activity: Frame 65 time is 10.891ms
04-13 01:19:32.432  3746  3759 I native-activity: Swap 65 time is 16.599ms
04-13 01:19:32.432  3746  3759 I native-activity: Animating
04-13 01:19:32.442  3746  3759 I native-activity: Frame 66 GL error is 0x0
04-13 01:19:32.442  3746  3759 I native-activity: Frame 66 time is 9.837ms
04-13 01:19:32.442  3746  3759 I native-activity: Swap 66 time is 16.828ms
04-13 01:19:32.442  3746  3759 I native-activity: Animating
04-13 01:19:32.452  3746  3759 I native-activity: Frame 67 GL error is 0x0
04-13 01:19:32.452  3746  3759 I native-activity: Frame 67 time is 9.552ms
04-13 01:19:32.462  3746  3759 I native-activity: Swap 67 time is 16.208ms
04-13 01:19:32.462  3746  3759 I native-activity: Animating
04-13 01:19:32.472  3746  3759 I native-activity: Frame 68 GL error is 0x0
04-13 01:19:32.472  3746  3759 I native-activity: Frame 68 time is 11.223ms
04-13 01:19:32.482  3746  3759 I native-activity: Swap 68 time is 15.581ms
04-13 01:19:32.482  3746  3759 I native-activity: Animating
04-13 01:19:32.492  3746  3759 I native-activity: Frame 69 GL error is 0x0
04-13 01:19:32.492  3746  3759 I native-activity: Frame 69 time is 10.392ms
04-13 01:19:32.492  3746  3759 I native-activity: Swap 69 time is 17.131ms
04-13 01:19:32.492  3746  3759 I native-activity: Animating
04-13 01:19:32.502  3746  3759 I native-activity: Frame 70 GL error is 0x0
04-13 01:19:32.502  3746  3759 I native-activity: Frame 70 time is 9.633ms
04-13 01:19:32.512  3746  3759 I native-activity: Swap 70 time is 16.008ms
04-13 01:19:32.512  3746  3759 I native-activity: Animating
04-13 01:19:32.522  3746  3759 I native-activity: Frame 71 GL error is 0x0
04-13 01:19:32.522  3746  3759 I native-activity: Frame 71 time is 9.650ms
04-13 01:19:32.532  3746  3759 I native-activity: Swap 71 time is 16.713ms
04-13 01:19:32.532  3746  3759 I native-activity: Animating
04-13 01:19:32.542  3746  3759 I native-activity: Frame 72 GL error is 0x0
04-13 01:19:32.542  3746  3759 I native-activity: Frame 72 time is 9.436ms
04-13 01:19:32.542  3746  3759 I native-activity: Swap 72 time is 16.372ms
04-13 01:19:32.552  3746  3759 I native-activity: Animating
04-13 01:19:32.552  3746  3759 I native-activity: Frame 73 GL error is 0x0
04-13 01:19:32.552  3746  3759 I native-activity: Frame 73 time is 9.453ms
04-13 01:19:32.562  3746  3759 I native-activity: Swap 73 time is 16.009ms
04-13 01:19:32.562  3746  3759 I native-activity: Animating
04-13 01:19:32.572  3746  3759 I native-activity: Frame 74 GL error is 0x0
04-13 01:19:32.572  3746  3759 I native-activity: Frame 74 time is 9.693ms
04-13 01:19:32.582  3746  3759 I native-activity: Swap 74 time is 15.521ms
04-13 01:19:32.582  3746  3759 I native-activity: Animating
04-13 01:19:32.592  3746  3759 I native-activity: Frame 75 GL error is 0x0
04-13 01:19:32.592  3746  3759 I native-activity: Frame 75 time is 10.039ms
04-13 01:19:32.592  3746  3759 I native-activity: Swap 75 time is 16.250ms
04-13 01:19:32.592  3746  3759 I native-activity: Animating
04-13 01:19:32.602  3746  3759 I native-activity: Frame 76 GL error is 0x0
04-13 01:19:32.602  3746  3759 I native-activity: Frame 76 time is 9.578ms
04-13 01:19:32.612  3746  3759 I native-activity: Swap 76 time is 17.437ms
04-13 01:19:32.612  3746  3759 I native-activity: Animating
04-13 01:19:32.622  3746  3759 I native-activity: Frame 77 GL error is 0x0
04-13 01:19:32.622  3746  3759 I native-activity: Frame 77 time is 8.474ms
04-13 01:19:32.632  3746  3759 I native-activity: Swap 77 time is 15.069ms
04-13 01:19:32.632  3746  3759 I native-activity: Animating
04-13 01:19:32.642  3746  3759 I native-activity: Frame 78 GL error is 0x0
04-13 01:19:32.642  3746  3759 I native-activity: Frame 78 time is 9.538ms
04-13 01:19:32.642  3746  3759 I native-activity: Swap 78 time is 16.499ms
04-13 01:19:32.642  3746  3759 I native-activity: Animating
04-13 01:19:32.652  3746  3759 I native-activity: Frame 79 GL error is 0x0
04-13 01:19:32.652  3746  3759 I native-activity: Frame 79 time is 9.776ms
04-13 01:19:32.662  3746  3759 I native-activity: Swap 79 time is 16.945ms
04-13 01:19:32.662  3746  3759 I native-activity: Animating
04-13 01:19:32.672  3746  3759 I native-activity: Frame 80 GL error is 0x0
04-13 01:19:32.672  3746  3759 I native-activity: Frame 80 time is 9.024ms
04-13 01:19:32.682  3746  3759 I native-activity: Swap 80 time is 16.025ms
04-13 01:19:32.682  3746  3759 I native-activity: Animating
04-13 01:19:32.692  3746  3759 I native-activity: Frame 81 GL error is 0x0
04-13 01:19:32.692  3746  3759 I native-activity: Frame 81 time is 10.643ms
04-13 01:19:32.692  3746  3759 I native-activity: Swap 81 time is 15.975ms
04-13 01:19:32.692  3746  3759 I native-activity: Animating
04-13 01:19:32.702  3746  3759 I native-activity: Frame 82 GL error is 0x0
04-13 01:19:32.702  3746  3759 I native-activity: Frame 82 time is 10.130ms
04-13 01:19:32.712  3746  3759 I native-activity: Swap 82 time is 17.348ms
04-13 01:19:32.712  3746  3759 I native-activity: Animating
04-13 01:19:32.722  3746  3759 I native-activity: Frame 83 GL error is 0x0
04-13 01:19:32.722  3746  3759 I native-activity: Frame 83 time is 7.599ms
04-13 01:19:32.732  3746  3759 I native-activity: Swap 83 time is 16.311ms
04-13 01:19:32.732  3746  3759 I native-activity: Animating
04-13 01:19:32.742  3746  3759 I native-activity: Frame 84 GL error is 0x0
04-13 01:19:32.742  3746  3759 I native-activity: Frame 84 time is 8.798ms
04-13 01:19:32.742  3746  3759 I native-activity: Swap 84 time is 14.842ms
04-13 01:19:32.742  3746  3759 I native-activity: Animating
04-13 01:19:32.752  3746  3759 I native-activity: Frame 85 GL error is 0x0
04-13 01:19:32.762  3746  3759 I native-activity: Frame 85 time is 10.718ms
04-13 01:19:32.762  3746  3759 I native-activity: Swap 85 time is 17.942ms
04-13 01:19:32.762  3746  3759 I native-activity: Animating
04-13 01:19:32.772  3746  3759 I native-activity: Frame 86 GL error is 0x0
04-13 01:19:32.772  3746  3759 I native-activity: Frame 86 time is 9.688ms
04-13 01:19:32.782  3746  3759 I native-activity: Swap 86 time is 16.552ms
04-13 01:19:32.782  3746  3759 I native-activity: Animating
04-13 01:19:32.792  3746  3759 I native-activity: Frame 87 GL error is 0x0
04-13 01:19:32.792  3746  3759 I native-activity: Frame 87 time is 8.232ms
04-13 01:19:32.802  3746  3759 I native-activity: Swap 87 time is 15.600ms
04-13 01:19:32.802  3746  3759 I native-activity: Animating
04-13 01:19:32.802  3746  3759 I native-activity: Frame 88 GL error is 0x0
04-13 01:19:32.802  3746  3759 I native-activity: Frame 88 time is 7.658ms
04-13 01:19:32.812  3746  3759 I native-activity: Swap 88 time is 15.362ms
04-13 01:19:32.812  3746  3759 I native-activity: Animating
04-13 01:19:32.822  3746  3759 I native-activity: Frame 89 GL error is 0x0
04-13 01:19:32.822  3746  3759 I native-activity: Frame 89 time is 9.526ms
04-13 01:19:32.832  3746  3759 I native-activity: Swap 89 time is 16.497ms
04-13 01:19:32.832  3746  3759 I native-activity: Animating
04-13 01:19:32.842  3746  3759 I native-activity: Frame 90 GL error is 0x0
04-13 01:19:32.842  3746  3759 I native-activity: Frame 90 time is 11.271ms
04-13 01:19:32.852  3746  3759 I native-activity: Swap 90 time is 17.186ms
04-13 01:19:32.852  3746  3759 I native-activity: Animating
04-13 01:19:32.862  3746  3759 I native-activity: Frame 91 GL error is 0x0
04-13 01:19:32.862  3746  3759 I native-activity: Frame 91 time is 10.382ms
04-13 01:19:32.862  3746  3759 I native-activity: Swap 91 time is 14.916ms
04-13 01:19:32.862  3746  3759 I native-activity: Animating
04-13 01:19:32.872  3746  3759 I native-activity: Frame 92 GL error is 0x0
04-13 01:19:32.872  3746  3759 I native-activity: Frame 92 time is 8.702ms
04-13 01:19:32.882  3746  3759 I native-activity: Swap 92 time is 16.322ms
04-13 01:19:32.882  3746  3759 I native-activity: Animating
04-13 01:19:32.892  3746  3759 I native-activity: Frame 93 GL error is 0x0
04-13 01:19:32.892  3746  3759 I native-activity: Frame 93 time is 9.747ms
04-13 01:19:32.902  3746  3759 I native-activity: Swap 93 time is 16.843ms
04-13 01:19:32.902  3746  3759 I native-activity: Animating
04-13 01:19:32.902  3746  3759 I native-activity: Frame 94 GL error is 0x0
04-13 01:19:32.902  3746  3759 I native-activity: Frame 94 time is 8.486ms
04-13 01:19:32.912  3746  3759 I native-activity: Swap 94 time is 15.946ms
04-13 01:19:32.912  3746  3759 I native-activity: Animating
04-13 01:19:32.922  3746  3759 I native-activity: Frame 95 GL error is 0x0
04-13 01:19:32.922  3746  3759 I native-activity: Frame 95 time is 9.531ms
04-13 01:19:32.932  3746  3759 I native-activity: Swap 95 time is 16.116ms
04-13 01:19:32.932  3746  3759 I native-activity: Animating
04-13 01:19:32.942  3746  3759 I native-activity: Frame 96 GL error is 0x0
04-13 01:19:32.942  3746  3759 I native-activity: Frame 96 time is 11.160ms
04-13 01:19:32.952  3746  3759 I native-activity: Swap 96 time is 17.451ms
04-13 01:19:32.952  3746  3759 I native-activity: Animating
04-13 01:19:32.962  3746  3759 I native-activity: Frame 97 GL error is 0x0
04-13 01:19:32.962  3746  3759 I native-activity: Frame 97 time is 9.896ms
04-13 01:19:32.962  3746  3759 I native-activity: Swap 97 time is 16.052ms
04-13 01:19:32.962  3746  3759 I native-activity: Animating
04-13 01:19:32.972  3746  3759 I native-activity: Frame 98 GL error is 0x0
04-13 01:19:32.972  3746  3759 I native-activity: Frame 98 time is 9.187ms
04-13 01:19:32.982  3746  3759 I native-activity: Swap 98 time is 15.589ms
04-13 01:19:32.982  3746  3759 I native-activity: Animating
04-13 01:19:32.992  3746  3759 I native-activity: Frame 99 GL error is 0x0
04-13 01:19:32.992  3746  3759 I native-activity: Frame 99 time is 10.453ms
04-13 01:19:32.992  3746  3759 I native-activity: Swap 99 time is 15.936ms
04-13 01:19:33.002  3746  3759 I native-activity: Animating
04-13 01:19:33.012  3746  3759 I native-activity: Frame 100 GL error is 0x0
04-13 01:19:33.012  3746  3759 I native-activity: Frame 100 time is 10.733ms
04-13 01:19:33.012  3746  3759 I native-activity: Swap 100 time is 16.599ms
04-13 01:19:33.012  3746  3759 I native-activity: Animating
04-13 01:19:33.022  3746  3759 I native-activity: Frame 101 GL error is 0x0
04-13 01:19:33.022  3746  3759 I native-activity: Frame 101 time is 10.693ms
04-13 01:19:33.032  3746  3759 I native-activity: Swap 101 time is 16.918ms
04-13 01:19:33.032  3746  3759 I native-activity: Animating
04-13 01:19:33.042  3746  3759 I native-activity: Frame 102 GL error is 0x0
04-13 01:19:33.042  3746  3759 I native-activity: Frame 102 time is 9.961ms
04-13 01:19:33.052  3746  3759 I native-activity: Swap 102 time is 16.083ms
04-13 01:19:33.052  3746  3759 I native-activity: Animating
04-13 01:19:33.062  3746  3759 I native-activity: Frame 103 GL error is 0x0
04-13 01:19:33.062  3746  3759 I native-activity: Frame 103 time is 10.559ms
04-13 01:19:33.062  3746  3759 I native-activity: Swap 103 time is 17.105ms
04-13 01:19:33.062  3746  3759 I native-activity: Animating
04-13 01:19:33.072  3746  3759 I native-activity: Frame 104 GL error is 0x0
04-13 01:19:33.072  3746  3759 I native-activity: Frame 104 time is 10.476ms
04-13 01:19:33.082  3746  3759 I native-activity: Swap 104 time is 15.076ms
04-13 01:19:33.082  3746  3759 I native-activity: Animating
04-13 01:19:33.092  3746  3759 I native-activity: Frame 105 GL error is 0x0
04-13 01:19:33.092  3746  3759 I native-activity: Frame 105 time is 9.087ms
04-13 01:19:33.092  3746  3759 I native-activity: Swap 105 time is 15.826ms
04-13 01:19:33.092  3746  3759 I native-activity: Animating
04-13 01:19:33.102  3746  3759 I native-activity: Frame 106 GL error is 0x0
04-13 01:19:33.102  3746  3759 I native-activity: Frame 106 time is 8.707ms
04-13 01:19:33.112  3746  3759 I native-activity: Swap 106 time is 15.955ms
04-13 01:19:33.112  3746  3759 I native-activity: Animating
04-13 01:19:33.122  3746  3759 I native-activity: Frame 107 GL error is 0x0
04-13 01:19:33.122  3746  3759 I native-activity: Frame 107 time is 10.957ms
04-13 01:19:33.132  3746  3759 I native-activity: Swap 107 time is 17.538ms
04-13 01:19:33.132  3746  3759 I native-activity: Animating
04-13 01:19:33.142  3746  3759 I native-activity: Frame 108 GL error is 0x0
04-13 01:19:33.142  3746  3759 I native-activity: Frame 108 time is 13.098ms
04-13 01:19:33.152  3746  3759 I native-activity: Swap 108 time is 16.354ms
04-13 01:19:33.152  3746  3759 I native-activity: Animating
04-13 01:19:33.162  3746  3759 I native-activity: Frame 109 GL error is 0x0
04-13 01:19:33.162  3746  3759 I native-activity: Frame 109 time is 10.039ms
04-13 01:19:33.162  3746  3759 I native-activity: Swap 109 time is 17.182ms
04-13 01:19:33.162  3746  3759 I native-activity: Animating
04-13 01:19:33.172 30475 30525 D NetworkController.MobileSignalController(0/1): onSignalStrengthsChanged signalStrength=SignalStrength: 99 99 -120 -160 -120 -1 -1 16 -116 -12 50 -1 2147483647 0x1000 gsm|lte level=1
04-13 01:19:33.172 30475 30525 D NetworkController.MobileSignalController(0/1): getMobileIconGroup(): 13
04-13 01:19:33.172 30475 30525 D NetworkController.MobileSignalController(0/1): updateATTMobileIconGroup(): 13
04-13 01:19:33.172  1434  2207 D EPDG -- [SMARTWIFI]: onSignalStrengthsChanged: Received signal strength change, phone type is: 1
04-13 01:19:33.172  1434  4692 D EPDG -- [SMARTWIFI]: lastLteRSRP is -116currentLteRSRP is -116
04-13 01:19:33.172  1434  4692 D EPDG -- [SMARTWIFI]: lastCdmaDb is -16currentCdmaDb is -16
04-13 01:19:33.172  1434  4692 V EPDG -- [SMARTWIFI]: Radio oldest entry removed
04-13 01:19:33.172  1434  4692 V EPDG -- [SMARTWIFI]: New entry : (SignalStrength: 99 99 -120 -160 -120 -1 -1 16 -116 -12 50 -1 2147483647 0x1000 gsm|lte : 0 )
04-13 01:19:33.172  1434  4692 V EPDG -- [SMARTWIFI]: Radio entry added
04-13 01:19:33.172  3746  3759 I native-activity: Frame 110 GL error is 0x0
04-13 01:19:33.172  3746  3759 I native-activity: Frame 110 time is 7.174ms
04-13 01:19:33.182  3746  3759 I native-activity: Swap 110 time is 15.379ms
04-13 01:19:33.182  3746  3759 I native-activity: Animating
04-13 01:19:33.192  3746  3759 I native-activity: Frame 111 GL error is 0x0
04-13 01:19:33.192  3746  3759 I native-activity: Frame 111 time is 8.491ms
04-13 01:19:33.202  3746  3759 I native-activity: Swap 111 time is 15.505ms
04-13 01:19:33.202  3746  3759 I native-activity: Animating
04-13 01:19:33.212  3746  3759 I native-activity: Frame 112 GL error is 0x0
04-13 01:19:33.212  3746  3759 I native-activity: Frame 112 time is 10.491ms
04-13 01:19:33.212  3746  3759 I native-activity: Swap 112 time is 17.261ms
04-13 01:19:33.212  3746  3759 I native-activity: Animating
04-13 01:19:33.222  3746  3759 I native-activity: Frame 113 GL error is 0x0
04-13 01:19:33.222  3746  3759 I native-activity: Frame 113 time is 9.450ms
04-13 01:19:33.232  3746  3759 I native-activity: Swap 113 time is 16.418ms
04-13 01:19:33.232  3746  3759 I native-activity: Animating
04-13 01:19:33.242  3746  3759 I native-activity: Frame 114 GL error is 0x0
04-13 01:19:33.242  3746  3759 I native-activity: Frame 114 time is 8.868ms
04-13 01:19:33.252  3746  3759 I native-activity: Swap 114 time is 17.152ms
04-13 01:19:33.252  3746  3759 I native-activity: Animating
04-13 01:19:33.262  3746  3759 I native-activity: Frame 115 GL error is 0x0
04-13 01:19:33.262  3746  3759 I native-activity: Frame 115 time is 9.516ms
04-13 01:19:33.262  3746  3759 I native-activity: Swap 115 time is 16.632ms
04-13 01:19:33.262  3746  3759 I native-activity: Animating
04-13 01:19:33.272  3746  3759 I native-activity: Frame 116 GL error is 0x0
04-13 01:19:33.272  3746  3759 I native-activity: Frame 116 time is 9.330ms
04-13 01:19:33.282  3746  3759 I native-activity: Swap 116 time is 16.077ms
04-13 01:19:33.282  3746  3759 I native-activity: Animating
04-13 01:19:33.292  3746  3759 I native-activity: Frame 117 GL error is 0x0
04-13 01:19:33.292  3746  3759 I native-activity: Frame 117 time is 9.642ms
04-13 01:19:33.302  3746  3759 I native-activity: Swap 117 time is 15.969ms
04-13 01:19:33.302  3746  3759 I native-activity: Animating
04-13 01:19:33.312  3746  3759 I native-activity: Frame 118 GL error is 0x0
04-13 01:19:33.312  3746  3759 I native-activity: Frame 118 time is 9.695ms
04-13 01:19:33.312  3746  3759 I native-activity: Swap 118 time is 16.128ms
04-13 01:19:33.312  3746  3759 I native-activity: Animating
04-13 01:19:33.322  3746  3759 I native-activity: Frame 119 GL error is 0x0
04-13 01:19:33.322  3746  3759 I native-activity: Frame 119 time is 10.361ms
04-13 01:19:33.332  3746  3759 I native-activity: Swap 119 time is 17.744ms
04-13 01:19:33.332  3746  3759 I native-activity: Animating
04-13 01:19:33.342  3746  3759 I native-activity: Frame 120 GL error is 0x0
04-13 01:19:33.342  3746  3759 I native-activity: Frame 120 time is 9.325ms
04-13 01:19:33.352  3746  3759 I native-activity: Swap 120 time is 15.778ms
04-13 01:19:33.352  3746  3759 I native-activity: Animating
04-13 01:19:33.362  3746  3759 I native-activity: Frame 121 GL error is 0x0
04-13 01:19:33.362  3746  3759 I native-activity: Frame 121 time is 10.517ms
04-13 01:19:33.372  3746  3759 I native-activity: Swap 121 time is 20.098ms
04-13 01:19:33.372  3746  3759 I native-activity: Animating
04-13 01:19:33.382  3746  3759 I native-activity: Frame 122 GL error is 0x0
04-13 01:19:33.382  3746  3759 I native-activity: Frame 122 time is 6.809ms
04-13 01:19:33.382  3746  3759 I native-activity: Swap 122 time is 12.021ms
04-13 01:19:33.382  3746  3759 I native-activity: Animating
04-13 01:19:33.392  3746  3759 I native-activity: Frame 123 GL error is 0x0
04-13 01:19:33.392  3746  3759 I native-activity: Frame 123 time is 8.789ms
04-13 01:19:33.402  3746  3759 I native-activity: Swap 123 time is 14.924ms
04-13 01:19:33.402  3746  3759 I native-activity: Animating
04-13 01:19:33.412  3746  3759 I native-activity: Frame 124 GL error is 0x0
04-13 01:19:33.412  3746  3759 I native-activity: Frame 124 time is 9.358ms
04-13 01:19:33.412  3746  3759 I native-activity: Swap 124 time is 16.540ms
04-13 01:19:33.412  3746  3759 I native-activity: Animating
04-13 01:19:33.422  3746  3759 I native-activity: Frame 125 GL error is 0x0
04-13 01:19:33.422  3746  3759 I native-activity: Frame 125 time is 10.789ms
04-13 01:19:33.432  3746  3759 I native-activity: Swap 125 time is 17.552ms
04-13 01:19:33.432  3746  3759 I native-activity: Animating
04-13 01:19:33.442  3746  3759 I native-activity: Frame 126 GL error is 0x0
04-13 01:19:33.442  3746  3759 I native-activity: Frame 126 time is 8.546ms
04-13 01:19:33.452  3746  3759 I native-activity: Swap 126 time is 17.001ms
04-13 01:19:33.452  3746  3759 I native-activity: Animating
04-13 01:19:33.462  3746  3759 I native-activity: Frame 127 GL error is 0x0
04-13 01:19:33.462  3746  3759 I native-activity: Frame 127 time is 8.701ms
04-13 01:19:33.462  3746  3759 I native-activity: Swap 127 time is 16.036ms
04-13 01:19:33.472  3746  3759 I native-activity: Animating
04-13 01:19:33.472  3746  3759 I native-activity: Frame 128 GL error is 0x0
04-13 01:19:33.472  3746  3759 I native-activity: Frame 128 time is 7.751ms
04-13 01:19:33.482  3746  3759 I native-activity: Swap 128 time is 14.534ms
04-13 01:19:33.482  3746  3759 I native-activity: Animating
04-13 01:19:33.492  3746  3759 I native-activity: Frame 129 GL error is 0x0
04-13 01:19:33.492  3746  3759 I native-activity: Frame 129 time is 10.768ms
04-13 01:19:33.502  3746  3759 I native-activity: Swap 129 time is 16.800ms
04-13 01:19:33.502  3746  3759 I native-activity: Animating
04-13 01:19:33.512  3746  3759 I native-activity: Frame 130 GL error is 0x0
04-13 01:19:33.512  3746  3759 I native-activity: Frame 130 time is 10.258ms
04-13 01:19:33.512  3746  3759 I native-activity: Swap 130 time is 16.814ms
04-13 01:19:33.512  3746  3759 I native-activity: Animating
04-13 01:19:33.522  3746  3759 I native-activity: Frame 131 GL error is 0x0
04-13 01:19:33.522  3746  3759 I native-activity: Frame 131 time is 10.138ms
04-13 01:19:33.532  3746  3759 I native-activity: Swap 131 time is 19.651ms
04-13 01:19:33.532  3746  3759 I native-activity: Animating
04-13 01:19:33.542  3746  3759 I native-activity: Frame 132 GL error is 0x0
04-13 01:19:33.542  3746  3759 I native-activity: Frame 132 time is 5.616ms
04-13 01:19:33.552  3746  3759 I native-activity: Swap 132 time is 13.423ms
04-13 01:19:33.552  3746  3759 I native-activity: Animating
04-13 01:19:33.562  3746  3759 I native-activity: Frame 133 GL error is 0x0
04-13 01:19:33.562  3746  3759 I native-activity: Frame 133 time is 8.753ms
04-13 01:19:33.562  3746  3759 I native-activity: Swap 133 time is 15.062ms
04-13 01:19:33.562  3746  3759 I native-activity: Animating
04-13 01:19:33.572  3746  3759 I native-activity: Frame 134 GL error is 0x0
04-13 01:19:33.572  3746  3759 I native-activity: Frame 134 time is 9.409ms
04-13 01:19:33.582  3746  3759 I native-activity: Swap 134 time is 16.331ms
04-13 01:19:33.582  3746  3759 I native-activity: Animating
04-13 01:19:33.592  3746  3759 I native-activity: Frame 135 GL error is 0x0
04-13 01:19:33.592  3746  3759 I native-activity: Frame 135 time is 10.538ms
04-13 01:19:33.602  3746  3759 I native-activity: Swap 135 time is 17.032ms
04-13 01:19:33.602  3746  3759 I native-activity: Animating
04-13 01:19:33.612  3746  3759 I native-activity: Frame 136 GL error is 0x0
04-13 01:19:33.612  3746  3759 I native-activity: Frame 136 time is 10.351ms
04-13 01:19:33.612  3746  3759 I native-activity: Swap 136 time is 16.595ms
04-13 01:19:33.612  3746  3759 I native-activity: Animating
04-13 01:19:33.622  3746  3759 I native-activity: Frame 137 GL error is 0x0
04-13 01:19:33.622  3746  3759 I native-activity: Frame 137 time is 9.911ms
04-13 01:19:33.632  3746  3759 I native-activity: Swap 137 time is 16.203ms
04-13 01:19:33.632  3746  3759 I native-activity: Animating
04-13 01:19:33.642  3746  3759 I native-activity: Frame 138 GL error is 0x0
04-13 01:19:33.642  3746  3759 I native-activity: Frame 138 time is 11.292ms
04-13 01:19:33.652  3746  3759 I native-activity: Swap 138 time is 18.866ms
04-13 01:19:33.652  3746  3759 I native-activity: Animating
04-13 01:19:33.662  3746  3759 I native-activity: Frame 139 GL error is 0x0
04-13 01:19:33.662  3746  3759 I native-activity: Frame 139 time is 7.112ms
04-13 01:19:33.672  3746  3759 I native-activity: Swap 139 time is 15.272ms
04-13 01:19:33.672  3746  3759 I native-activity: Animating
04-13 01:19:33.672  3746  3759 I native-activity: Frame 140 GL error is 0x0
04-13 01:19:33.672  3746  3759 I native-activity: Frame 140 time is 8.004ms
04-13 01:19:33.682  3746  3759 I native-activity: Swap 140 time is 14.892ms
04-13 01:19:33.682  3746  3759 I native-activity: Animating
04-13 01:19:33.692  3746  3759 I native-activity: Frame 141 GL error is 0x0
04-13 01:19:33.692  3746  3759 I native-activity: Frame 141 time is 10.517ms
04-13 01:19:33.702  3746  3759 I native-activity: Swap 141 time is 17.303ms
04-13 01:19:33.702  3746  3759 I native-activity: Animating
04-13 01:19:33.712  1434  2251 W System.err: remove failed: ENOENT (No such file or directory) : /data/system/recent_tasks/1460_task.xml.bak
04-13 01:19:33.712  3746  3759 I native-activity: Frame 142 GL error is 0x0
04-13 01:19:33.712  3746  3759 I native-activity: Frame 142 time is 9.756ms
04-13 01:19:33.722  3746  3759 I native-activity: Swap 142 time is 17.151ms
04-13 01:19:33.722  3746  3759 I native-activity: Animating
04-13 01:19:33.732  3746  3759 I native-activity: Frame 143 GL error is 0x0
04-13 01:19:33.732  3746  3759 I native-activity: Frame 143 time is 9.864ms
04-13 01:19:33.732  3746  3759 I native-activity: Swap 143 time is 15.470ms
04-13 01:19:33.732  3746  3759 I native-activity: Animating
04-13 01:19:33.742  3746  3759 I native-activity: Frame 144 GL error is 0x0
04-13 01:19:33.742  3746  3759 I native-activity: Frame 144 time is 10.270ms
04-13 01:19:33.772  3746  3759 I native-activity: Swap 144 time is 34.294ms
04-13 01:19:33.772  3746  3759 I native-activity: Animating
04-13 01:19:33.772  3746  3759 I native-activity: Frame 145 GL error is 0x0
04-13 01:19:33.772  3746  3759 I native-activity: Frame 145 time is 3.795ms
04-13 01:19:33.782  3746  3759 I native-activity: Swap 145 time is 16.249ms
04-13 01:19:33.782  3746  3759 I native-activity: Animating
04-13 01:19:33.792  3746  3759 I native-activity: Frame 146 GL error is 0x0
04-13 01:19:33.792  3746  3759 I native-activity: Frame 146 time is 5.953ms
04-13 01:19:33.802  3746  3759 I native-activity: Swap 146 time is 15.619ms
04-13 01:19:33.802  3746  3759 I native-activity: Animating
04-13 01:19:33.802  3746  3759 I native-activity: Frame 147 GL error is 0x0
04-13 01:19:33.802  3746  3759 I native-activity: Frame 147 time is 3.205ms
04-13 01:19:33.822  3746  3759 I native-activity: Swap 147 time is 16.802ms
04-13 01:19:33.822  3746  3759 I native-activity: Animating
04-13 01:19:33.822  3746  3759 I native-activity: Frame 148 GL error is 0x0
04-13 01:19:33.822  3746  3759 I native-activity: Frame 148 time is 2.600ms
04-13 01:19:33.832  1434  2122 V AlarmManager: Expired Alarm result :4
04-13 01:19:33.832  3746  3759 I native-activity: Swap 148 time is 16.769ms
04-13 01:19:33.832  3746  3759 I native-activity: Animating
04-13 01:19:33.842  3746  3759 I native-activity: Frame 149 GL error is 0x0
04-13 01:19:33.842  3746  3759 I native-activity: Frame 149 time is 4.059ms
04-13 01:19:33.852  3746  3759 I native-activity: Swap 149 time is 16.200ms
04-13 01:19:33.852  3746  3759 I native-activity: Animating
