04-13 01:19:04.352  3508  3522 I native-activity: Frame 314 GL error is 0x0
04-13 01:19:04.352  3508  3522 I native-activity: Frame 314 time is 5.120ms
04-13 01:19:04.352  3508  3522 I native-activity: Swap 314 time is 5.723ms
04-13 01:19:04.352  3508  3522 I native-activity: Animating
04-13 01:19:04.352  3508  3522 I native-activity: Frame 315 GL error is 0x501
04-13 01:19:04.352  3508  3522 I native-activity: Frame 315 time is 5.990ms
04-13 01:19:04.352  3508  3522 I native-activity: Swap 315 time is 6.575ms
04-13 01:19:04.352  3508  3522 I native-activity: Animating
04-13 01:19:04.362  3508  3522 I native-activity: Frame 316 GL error is 0x0
04-13 01:19:04.362  3508  3522 I native-activity: Frame 316 time is 4.194ms
04-13 01:19:04.362  3508  3522 I native-activity: Swap 316 time is 4.768ms
04-13 01:19:04.362  3508  3522 I native-activity: Animating
04-13 01:19:04.362  3508  3522 I native-activity: Frame 317 GL error is 0x0
04-13 01:19:04.362  3508  3522 I native-activity: Frame 317 time is 4.062ms
04-13 01:19:04.362  3508  3522 I native-activity: Swap 317 time is 4.640ms
04-13 01:19:04.362  3508  3522 I native-activity: Animating
04-13 01:19:04.372  3508  3522 I native-activity: Frame 318 GL error is 0x0
04-13 01:19:04.372  3508  3522 I native-activity: Frame 318 time is 4.347ms
04-13 01:19:04.372  3508  3522 I native-activity: Swap 318 time is 4.946ms
04-13 01:19:04.372  3508  3522 I native-activity: Animating
04-13 01:19:04.372  3508  3522 I native-activity: Frame 319 GL error is 0x0
04-13 01:19:04.372  3508  3522 I native-activity: Frame 319 time is 4.161ms
04-13 01:19:04.372  3508  3522 I native-activity: Swap 319 time is 4.688ms
04-13 01:19:04.372  3508  3522 I native-activity: Animating
04-13 01:19:04.382  3508  3522 I native-activity: Frame 320 GL error is 0x0
04-13 01:19:04.382  3508  3522 I native-activity: Frame 320 time is 4.222ms
04-13 01:19:04.382  3508  3522 I native-activity: Swap 320 time is 4.818ms
04-13 01:19:04.382  3508  3522 I native-activity: Animating
04-13 01:19:04.382  3508  3522 I native-activity: Frame 321 GL error is 0x0
04-13 01:19:04.382  3508  3522 I native-activity: Frame 321 time is 4.165ms
04-13 01:19:04.382  3508  3522 I native-activity: Swap 321 time is 4.761ms
04-13 01:19:04.382  3508  3522 I native-activity: Animating
04-13 01:19:04.392  3508  3522 I native-activity: Frame 322 GL error is 0x0
04-13 01:19:04.392  3508  3522 I native-activity: Frame 322 time is 4.200ms
04-13 01:19:04.392  3508  3522 I native-activity: Swap 322 time is 4.680ms
04-13 01:19:04.392  3508  3522 I native-activity: Animating
04-13 01:19:04.392  3508  3522 I native-activity: Frame 323 GL error is 0x0
04-13 01:19:04.392  3508  3522 I native-activity: Frame 323 time is 3.965ms
04-13 01:19:04.392  3508  3522 I native-activity: Swap 323 time is 4.562ms
04-13 01:19:04.392  3508  3522 I native-activity: Animating
04-13 01:19:04.402  3508  3522 I native-activity: Frame 324 GL error is 0x0
04-13 01:19:04.402  3508  3522 I native-activity: Frame 324 time is 4.112ms
04-13 01:19:04.402  3508  3522 I native-activity: Swap 324 time is 4.472ms
04-13 01:19:04.402  3508  3522 I native-activity: Animating
04-13 01:19:04.402  3508  3522 I native-activity: Frame 325 GL error is 0x0
04-13 01:19:04.402  3508  3522 I native-activity: Frame 325 time is 4.427ms
04-13 01:19:04.402  3508  3522 I native-activity: Swap 325 time is 4.874ms
04-13 01:19:04.402  3508  3522 I native-activity: Animating
04-13 01:19:04.412  3508  3522 I native-activity: Frame 326 GL error is 0x0
04-13 01:19:04.412  3508  3522 I native-activity: Frame 326 time is 4.040ms
04-13 01:19:04.412  3508  3522 I native-activity: Swap 326 time is 4.665ms
04-13 01:19:04.412  3508  3522 I native-activity: Animating
04-13 01:19:04.412  3508  3522 I native-activity: Frame 327 GL error is 0x0
04-13 01:19:04.412  3508  3522 I native-activity: Frame 327 time is 4.037ms
04-13 01:19:04.412  3508  3522 I native-activity: Swap 327 time is 4.644ms
04-13 01:19:04.412  3508  3522 I native-activity: Animating
04-13 01:19:04.422  3508  3522 I native-activity: Frame 328 GL error is 0x0
04-13 01:19:04.422  3508  3522 I native-activity: Frame 328 time is 4.204ms
04-13 01:19:04.422  3508  3522 I native-activity: Swap 328 time is 4.864ms
04-13 01:19:04.422  3508  3522 I native-activity: Animating
04-13 01:19:04.422  3508  3522 I native-activity: Frame 329 GL error is 0x0
04-13 01:19:04.422  3508  3522 I native-activity: Frame 329 time is 4.068ms
04-13 01:19:04.422  3508  3522 I native-activity: Swap 329 time is 4.624ms
04-13 01:19:04.422  3508  3522 I native-activity: Animating
04-13 01:19:04.432  3508  3522 I native-activity: Frame 330 GL error is 0x0
04-13 01:19:04.432  3508  3522 I native-activity: Frame 330 time is 4.104ms
04-13 01:19:04.432  3508  3522 I native-activity: Swap 330 time is 4.916ms
04-13 01:19:04.432  3508  3522 I native-activity: Animating
04-13 01:19:04.432  3508  3522 I native-activity: Frame 331 GL error is 0x0
04-13 01:19:04.432  3508  3522 I native-activity: Frame 331 time is 3.999ms
04-13 01:19:04.432  3508  3522 I native-activity: Swap 331 time is 4.594ms
04-13 01:19:04.432  3508  3522 I native-activity: Animating
04-13 01:19:04.432  3508  3522 I native-activity: Frame 332 GL error is 0x0
04-13 01:19:04.432  3508  3522 I native-activity: Frame 332 time is 4.135ms
04-13 01:19:04.442  3508  3522 I native-activity: Swap 332 time is 4.808ms
04-13 01:19:04.442  3508  3522 I native-activity: Animating
04-13 01:19:04.442  3508  3522 I native-activity: Frame 333 GL error is 0x0
04-13 01:19:04.442  3508  3522 I native-activity: Frame 333 time is 4.007ms
04-13 01:19:04.442  3508  3522 I native-activity: Swap 333 time is 4.608ms
04-13 01:19:04.442  3508  3522 I native-activity: Animating
04-13 01:19:04.442  3508  3522 I native-activity: Frame 334 GL error is 0x0
04-13 01:19:04.442  3508  3522 I native-activity: Frame 334 time is 4.189ms
04-13 01:19:04.452  3508  3522 I native-activity: Swap 334 time is 4.822ms
04-13 01:19:04.452  3508  3522 I native-activity: Animating
04-13 01:19:04.452  3508  3522 I native-activity: Frame 335 GL error is 0x0
04-13 01:19:04.452  3508  3522 I native-activity: Frame 335 time is 4.183ms
04-13 01:19:04.452  3508  3522 I native-activity: Swap 335 time is 4.769ms
04-13 01:19:04.452  3508  3522 I native-activity: Animating
04-13 01:19:04.452  3508  3522 I native-activity: Frame 336 GL error is 0x0
04-13 01:19:04.452  3508  3522 I native-activity: Frame 336 time is 4.225ms
04-13 01:19:04.462  3508  3522 I native-activity: Swap 336 time is 4.966ms
04-13 01:19:04.462  3508  3522 I native-activity: Animating
04-13 01:19:04.462  3508  3522 I native-activity: Frame 337 GL error is 0x0
04-13 01:19:04.462  3508  3522 I native-activity: Frame 337 time is 4.009ms
04-13 01:19:04.462  3508  3522 I native-activity: Swap 337 time is 4.595ms
04-13 01:19:04.462  3508  3522 I native-activity: Animating
04-13 01:19:04.462  3508  3522 I native-activity: Frame 338 GL error is 0x0
04-13 01:19:04.462  3508  3522 I native-activity: Frame 338 time is 4.887ms
04-13 01:19:04.462  1434  6994 D SSRM:n  : SIOP:: AP = 330, PST = 300 (W:6), CP = 31, CUR = 559, LCD = 114
04-13 01:19:04.472  3508  3522 I native-activity: Swap 338 time is 5.571ms
04-13 01:19:04.472  3508  3522 I native-activity: Animating
04-13 01:19:04.472  3508  3522 I native-activity: Frame 339 GL error is 0x0
04-13 01:19:04.472  3508  3522 I native-activity: Frame 339 time is 4.252ms
04-13 01:19:04.472  3508  3522 I native-activity: Swap 339 time is 4.856ms
04-13 01:19:04.472  3508  3522 I native-activity: Animating
04-13 01:19:04.472  3508  3522 I native-activity: Frame 340 GL error is 0x0
04-13 01:19:04.472  3508  3522 I native-activity: Frame 340 time is 4.295ms
04-13 01:19:04.482  3508  3522 I native-activity: Swap 340 time is 5.021ms
04-13 01:19:04.482  3508  3522 I native-activity: Animating
04-13 01:19:04.482  3508  3522 I native-activity: Frame 341 GL error is 0x0
04-13 01:19:04.482  3508  3522 I native-activity: Frame 341 time is 4.166ms
04-13 01:19:04.482  3508  3522 I native-activity: Swap 341 time is 4.540ms
04-13 01:19:04.482  3508  3522 I native-activity: Animating
04-13 01:19:04.482  3508  3522 I native-activity: Frame 342 GL error is 0x0
04-13 01:19:04.482  3508  3522 I native-activity: Frame 342 time is 4.332ms
04-13 01:19:04.492  3508  3522 I native-activity: Swap 342 time is 5.008ms
04-13 01:19:04.492  3508  3522 I native-activity: Animating
04-13 01:19:04.492  3508  3522 I native-activity: Frame 343 GL error is 0x0
04-13 01:19:04.492  3508  3522 I native-activity: Frame 343 time is 4.215ms
04-13 01:19:04.492  3508  3522 I native-activity: Swap 343 time is 4.836ms
04-13 01:19:04.492  1434  6994 D ConnectivityService: returning getNetworkInfo for network type 1 : [type: WIFI[] - WIFI, state: CONNECTED/CONNECTED, reason: (unspecified), extra: "wildfredland_ext", roaming: false, failover: false, isAvailable: true]
04-13 01:19:04.492  3508  3522 I native-activity: Animating
04-13 01:19:04.492  3508  3522 I native-activity: Frame 344 GL error is 0x0
04-13 01:19:04.492  3508  3522 I native-activity: Frame 344 time is 4.367ms
04-13 01:19:04.502  3508  3522 I native-activity: Swap 344 time is 5.121ms
04-13 01:19:04.502  3508  3522 I native-activity: Animating
04-13 01:19:04.502  3508  3522 I native-activity: Frame 345 GL error is 0x0
04-13 01:19:04.502  3508  3522 I native-activity: Frame 345 time is 4.350ms
04-13 01:19:04.502  3508  3522 I native-activity: Swap 345 time is 4.957ms
04-13 01:19:04.502  3508  3522 I native-activity: Animating
04-13 01:19:04.502  3508  3522 I native-activity: Frame 346 GL error is 0x0
04-13 01:19:04.502  3508  3522 I native-activity: Frame 346 time is 4.192ms
04-13 01:19:04.512  3508  3522 I native-activity: Swap 346 time is 4.812ms
04-13 01:19:04.512  3508  3522 I native-activity: Animating
04-13 01:19:04.512  3508  3522 I native-activity: Frame 347 GL error is 0x0
04-13 01:19:04.512  3508  3522 I native-activity: Frame 347 time is 4.104ms
04-13 01:19:04.512  3508  3522 I native-activity: Swap 347 time is 4.699ms
04-13 01:19:04.512  3508  3522 I native-activity: Animating
04-13 01:19:04.512  3508  3522 I native-activity: Frame 348 GL error is 0x0
04-13 01:19:04.512  3508  3522 I native-activity: Frame 348 time is 4.123ms
04-13 01:19:04.512  3508  3522 I native-activity: Swap 348 time is 4.699ms
04-13 01:19:04.522  3508  3522 I native-activity: Animating
04-13 01:19:04.522  3508  3522 I native-activity: Frame 349 GL error is 0x0
04-13 01:19:04.522  3508  3522 I native-activity: Frame 349 time is 4.022ms
04-13 01:19:04.522  3508  3522 I native-activity: Swap 349 time is 4.605ms
04-13 01:19:04.522  3508  3522 I native-activity: Animating
04-13 01:19:04.522  3508  3522 I native-activity: Frame 350 GL error is 0x0
04-13 01:19:04.522  3508  3522 I native-activity: Frame 350 time is 3.939ms
04-13 01:19:04.522  3508  3522 I native-activity: Swap 350 time is 4.491ms
04-13 01:19:04.522  3508  3522 I native-activity: Animating
04-13 01:19:04.532  3508  3522 I native-activity: Frame 351 GL error is 0x0
04-13 01:19:04.532  3508  3522 I native-activity: Frame 351 time is 4.108ms
04-13 01:19:04.532  3508  3522 I native-activity: Swap 351 time is 4.710ms
04-13 01:19:04.532  3508  3522 I native-activity: Animating
04-13 01:19:04.532  3508  3522 I native-activity: Frame 352 GL error is 0x0
04-13 01:19:04.532  3508  3522 I native-activity: Frame 352 time is 3.962ms
04-13 01:19:04.532  3508  3522 I native-activity: Swap 352 time is 4.531ms
04-13 01:19:04.532  3508  3522 I native-activity: Animating
04-13 01:19:04.542  3508  3522 I native-activity: Frame 353 GL error is 0x0
04-13 01:19:04.542  3508  3522 I native-activity: Frame 353 time is 4.474ms
04-13 01:19:04.542  3508  3522 I native-activity: Swap 353 time is 5.350ms
04-13 01:19:04.542  3508  3522 I native-activity: Animating
04-13 01:19:04.542  3508  3522 I native-activity: Frame 354 GL error is 0x0
04-13 01:19:04.542  3508  3522 I native-activity: Frame 354 time is 4.025ms
04-13 01:19:04.542  3508  3522 I native-activity: Swap 354 time is 4.594ms
04-13 01:19:04.542  3508  3522 I native-activity: Animating
04-13 01:19:04.552  3508  3522 I native-activity: Frame 355 GL error is 0x0
04-13 01:19:04.552  3508  3522 I native-activity: Frame 355 time is 4.083ms
04-13 01:19:04.552  3508  3522 I native-activity: Swap 355 time is 4.668ms
04-13 01:19:04.552  3508  3522 I native-activity: Animating
04-13 01:19:04.552  3508  3522 I native-activity: Frame 356 GL error is 0x0
04-13 01:19:04.552  3508  3522 I native-activity: Frame 356 time is 4.010ms
04-13 01:19:04.552  3508  3522 I native-activity: Swap 356 time is 4.586ms
04-13 01:19:04.552  3508  3522 I native-activity: Animating
04-13 01:19:04.562  3508  3522 I native-activity: Frame 357 GL error is 0x0
04-13 01:19:04.562  3508  3522 I native-activity: Frame 357 time is 4.188ms
04-13 01:19:04.562  3508  3522 I native-activity: Swap 357 time is 4.793ms
04-13 01:19:04.562  3508  3522 I native-activity: Animating
04-13 01:19:04.562  3508  3522 I native-activity: Frame 358 GL error is 0x0
04-13 01:19:04.562  3508  3522 I native-activity: Frame 358 time is 4.077ms
04-13 01:19:04.562  3508  3522 I native-activity: Swap 358 time is 4.653ms
04-13 01:19:04.562  3508  3522 I native-activity: Animating
04-13 01:19:04.572  3508  3522 I native-activity: Frame 359 GL error is 0x0
04-13 01:19:04.572  3508  3522 I native-activity: Frame 359 time is 4.074ms
04-13 01:19:04.572  3508  3522 I native-activity: Swap 359 time is 4.656ms
04-13 01:19:04.572  3508  3522 I native-activity: Animating
04-13 01:19:04.572  3508  3522 I native-activity: Frame 360 GL error is 0x0
04-13 01:19:04.572  3508  3522 I native-activity: Frame 360 time is 3.987ms
04-13 01:19:04.572  3508  3522 I native-activity: Swap 360 time is 4.573ms
04-13 01:19:04.572  3508  3522 I native-activity: Animating
04-13 01:19:04.582  3508  3522 I native-activity: Frame 361 GL error is 0x0
04-13 01:19:04.582  3508  3522 I native-activity: Frame 361 time is 4.216ms
04-13 01:19:04.582  3508  3522 I native-activity: Swap 361 time is 4.832ms
04-13 01:19:04.582  3508  3522 I native-activity: Animating
04-13 01:19:04.582  3508  3522 I native-activity: Frame 362 GL error is 0x0
04-13 01:19:04.582  3508  3522 I native-activity: Frame 362 time is 4.029ms
04-13 01:19:04.582  3508  3522 I native-activity: Swap 362 time is 4.617ms
04-13 01:19:04.582  3508  3522 I native-activity: Animating
04-13 01:19:04.592  3508  3522 I native-activity: Frame 363 GL error is 0x0
04-13 01:19:04.592  3508  3522 I native-activity: Frame 363 time is 4.257ms
04-13 01:19:04.592  3508  3522 I native-activity: Swap 363 time is 4.863ms
04-13 01:19:04.592  3508  3522 I native-activity: Animating
04-13 01:19:04.592  3508  3522 I native-activity: Frame 364 GL error is 0x0
04-13 01:19:04.592  3508  3522 I native-activity: Frame 364 time is 4.099ms
04-13 01:19:04.592  3508  3522 I native-activity: Swap 364 time is 4.647ms
04-13 01:19:04.592  3508  3522 I native-activity: Animating
04-13 01:19:04.602  3508  3522 I native-activity: Frame 365 GL error is 0x0
04-13 01:19:04.602  3508  3522 I native-activity: Frame 365 time is 4.220ms
04-13 01:19:04.602  3508  3522 I native-activity: Swap 365 time is 4.774ms
04-13 01:19:04.602  3508  3522 I native-activity: Animating
04-13 01:19:04.602  3508  3522 I native-activity: Frame 366 GL error is 0x0
04-13 01:19:04.602  3508  3522 I native-activity: Frame 366 time is 4.033ms
04-13 01:19:04.602  3508  3522 I native-activity: Swap 366 time is 4.566ms
04-13 01:19:04.602  3508  3522 I native-activity: Animating
04-13 01:19:04.612  3508  3522 I native-activity: Frame 367 GL error is 0x0
04-13 01:19:04.612  3508  3522 I native-activity: Frame 367 time is 4.105ms
04-13 01:19:04.612  3508  3522 I native-activity: Swap 367 time is 4.673ms
04-13 01:19:04.612  3508  3522 I native-activity: Animating
04-13 01:19:04.612  3508  3522 I native-activity: Frame 368 GL error is 0x0
04-13 01:19:04.612  3508  3522 I native-activity: Frame 368 time is 4.023ms
04-13 01:19:04.612  3508  3522 I native-activity: Swap 368 time is 4.564ms
04-13 01:19:04.612  3508  3522 I native-activity: Animating
04-13 01:19:04.612  3508  3522 I native-activity: Frame 369 GL error is 0x0
04-13 01:19:04.612  3508  3522 I native-activity: Frame 369 time is 3.984ms
04-13 01:19:04.622  3508  3522 I native-activity: Swap 369 time is 4.640ms
04-13 01:19:04.622  3508  3522 I native-activity: Animating
04-13 01:19:04.622  3508  3522 I native-activity: Frame 370 GL error is 0x0
04-13 01:19:04.622  3508  3522 I native-activity: Frame 370 time is 3.962ms
04-13 01:19:04.622  3508  3522 I native-activity: Swap 370 time is 4.517ms
04-13 01:19:04.622  3508  3522 I native-activity: Animating
04-13 01:19:04.622  3508  3522 I native-activity: Frame 371 GL error is 0x0
04-13 01:19:04.622  3508  3522 I native-activity: Frame 371 time is 3.958ms
04-13 01:19:04.622  3508  3522 I native-activity: Swap 371 time is 4.492ms
04-13 01:19:04.622  3508  3522 I native-activity: Animating
04-13 01:19:04.632  3508  3522 I native-activity: Frame 372 GL error is 0x0
04-13 01:19:04.632  3508  3522 I native-activity: Frame 372 time is 4.088ms
04-13 01:19:04.632  3508  3522 I native-activity: Swap 372 time is 4.622ms
04-13 01:19:04.632  3508  3522 I native-activity: Animating
04-13 01:19:04.632  3508  3522 I native-activity: Frame 373 GL error is 0x0
04-13 01:19:04.632  3508  3522 I native-activity: Frame 373 time is 3.997ms
04-13 01:19:04.632  3508  3522 I native-activity: Swap 373 time is 4.546ms
04-13 01:19:04.632  3508  3522 I native-activity: Animating
04-13 01:19:04.642  3508  3522 I native-activity: Frame 374 GL error is 0x0
04-13 01:19:04.642  3508  3522 I native-activity: Frame 374 time is 4.185ms
04-13 01:19:04.642  3508  3522 I native-activity: Swap 374 time is 4.744ms
04-13 01:19:04.642  3508  3522 I native-activity: Animating
04-13 01:19:04.642  3508  3522 I native-activity: Frame 375 GL error is 0x0
04-13 01:19:04.642  3508  3522 I native-activity: Frame 375 time is 3.976ms
04-13 01:19:04.642  3508  3522 I native-activity: Swap 375 time is 4.515ms
04-13 01:19:04.642  3508  3522 I native-activity: Animating
04-13 01:19:04.652  3508  3522 I native-activity: Frame 376 GL error is 0x0
04-13 01:19:04.652  3508  3522 I native-activity: Frame 376 time is 4.047ms
04-13 01:19:04.652  3508  3522 I native-activity: Swap 376 time is 4.581ms
04-13 01:19:04.652  3508  3522 I native-activity: Animating
04-13 01:19:04.652  3508  3522 I native-activity: Frame 377 GL error is 0x0
04-13 01:19:04.652  3508  3522 I native-activity: Frame 377 time is 4.021ms
04-13 01:19:04.652  3508  3522 I native-activity: Swap 377 time is 4.577ms
04-13 01:19:04.652  3508  3522 I native-activity: Animating
04-13 01:19:04.662  3508  3522 I native-activity: Frame 378 GL error is 0x0
04-13 01:19:04.662  3508  3522 I native-activity: Frame 378 time is 4.170ms
04-13 01:19:04.662  3508  3522 I native-activity: Swap 378 time is 4.704ms
04-13 01:19:04.662  3508  3522 I native-activity: Animating
04-13 01:19:04.662  3508  3522 I native-activity: Frame 379 GL error is 0x0
04-13 01:19:04.662  3508  3522 I native-activity: Frame 379 time is 3.949ms
04-13 01:19:04.662  3508  3522 I native-activity: Swap 379 time is 4.495ms
04-13 01:19:04.662  3508  3522 I native-activity: Animating
04-13 01:19:04.672  3508  3522 I native-activity: Frame 380 GL error is 0x0
04-13 01:19:04.672  3508  3522 I native-activity: Frame 380 time is 4.173ms
04-13 01:19:04.672  3508  3522 I native-activity: Swap 380 time is 4.728ms
04-13 01:19:04.672  3508  3522 I native-activity: Animating
04-13 01:19:04.672  3508  3522 I native-activity: Frame 381 GL error is 0x0
04-13 01:19:04.672  3508  3522 I native-activity: Frame 381 time is 3.969ms
04-13 01:19:04.672  3508  3522 I native-activity: Swap 381 time is 4.557ms
04-13 01:19:04.672  3508  3522 I native-activity: Animating
04-13 01:19:04.682  3508  3522 I native-activity: Frame 382 GL error is 0x0
04-13 01:19:04.682  3508  3522 I native-activity: Frame 382 time is 4.214ms
04-13 01:19:04.682  3508  3522 I native-activity: Swap 382 time is 4.759ms
04-13 01:19:04.682  3508  3522 I native-activity: Animating
04-13 01:19:04.682  3508  3522 I native-activity: Frame 383 GL error is 0x0
04-13 01:19:04.682  3508  3522 I native-activity: Frame 383 time is 4.052ms
04-13 01:19:04.682  3508  3522 I native-activity: Swap 383 time is 4.642ms
04-13 01:19:04.682  3508  3522 I native-activity: Animating
04-13 01:19:04.692  3508  3522 I native-activity: Frame 384 GL error is 0x0
04-13 01:19:04.692  3508  3522 I native-activity: Frame 384 time is 4.171ms
04-13 01:19:04.692  3508  3522 I native-activity: Swap 384 time is 4.757ms
04-13 01:19:04.692  3508  3522 I native-activity: Animating
04-13 01:19:04.692  3508  3522 I native-activity: Frame 385 GL error is 0x0
04-13 01:19:04.692  3508  3522 I native-activity: Frame 385 time is 4.117ms
04-13 01:19:04.692  3508  3522 I native-activity: Swap 385 time is 4.666ms
04-13 01:19:04.692  3508  3522 I native-activity: Animating
04-13 01:19:04.692  3508  3522 I native-activity: Frame 386 GL error is 0x0
04-13 01:19:04.692  3508  3522 I native-activity: Frame 386 time is 4.021ms
04-13 01:19:04.702  3508  3522 I native-activity: Swap 386 time is 4.713ms
04-13 01:19:04.702  3508  3522 I native-activity: Animating
04-13 01:19:04.702  3508  3522 I native-activity: Frame 387 GL error is 0x0
04-13 01:19:04.702  3508  3522 I native-activity: Frame 387 time is 4.076ms
04-13 01:19:04.702  3508  3522 I native-activity: Swap 387 time is 4.871ms
04-13 01:19:04.702  3508  3522 I native-activity: Animating
04-13 01:19:04.702  3508  3522 I native-activity: Frame 388 GL error is 0x0
04-13 01:19:04.702  3508  3522 I native-activity: Frame 388 time is 4.122ms
04-13 01:19:04.712  3508  3522 I native-activity: Swap 388 time is 4.780ms
04-13 01:19:04.712  3508  3522 I native-activity: Animating
04-13 01:19:04.712  3508  3522 I native-activity: Frame 389 GL error is 0x0
04-13 01:19:04.712  3508  3522 I native-activity: Frame 389 time is 4.064ms
04-13 01:19:04.712  3508  3522 I native-activity: Swap 389 time is 4.706ms
04-13 01:19:04.712  3508  3522 I native-activity: Animating
04-13 01:19:04.712  3508  3522 I native-activity: Frame 390 GL error is 0x0
04-13 01:19:04.712  3508  3522 I native-activity: Frame 390 time is 4.063ms
04-13 01:19:04.712  3508  3522 I native-activity: Swap 390 time is 4.641ms
04-13 01:19:04.712  3508  3522 I native-activity: Animating
04-13 01:19:04.722  3508  3522 I native-activity: Frame 391 GL error is 0x0
04-13 01:19:04.722  3508  3522 I native-activity: Frame 391 time is 4.264ms
04-13 01:19:04.722  3508  3522 I native-activity: Swap 391 time is 4.876ms
04-13 01:19:04.722  3508  3522 I native-activity: Animating
04-13 01:19:04.722  3508  3522 I native-activity: Frame 392 GL error is 0x0
04-13 01:19:04.722  3508  3522 I native-activity: Frame 392 time is 3.990ms
04-13 01:19:04.722  3508  3522 I native-activity: Swap 392 time is 4.572ms
04-13 01:19:04.722  3508  3522 I native-activity: Animating
04-13 01:19:04.732  3508  3522 I native-activity: Frame 393 GL error is 0x0
04-13 01:19:04.732  3508  3522 I native-activity: Frame 393 time is 4.122ms
04-13 01:19:04.732  3508  3522 I native-activity: Swap 393 time is 4.625ms
04-13 01:19:04.732  3508  3522 I native-activity: Animating
04-13 01:19:04.732  3508  3522 I native-activity: Frame 394 GL error is 0x0
04-13 01:19:04.732  3508  3522 I native-activity: Frame 394 time is 4.556ms
04-13 01:19:04.732  3508  3522 I native-activity: Swap 394 time is 5.131ms
04-13 01:19:04.732  3508  3522 I native-activity: Animating
04-13 01:19:04.742  3508  3522 I native-activity: Frame 395 GL error is 0x0
04-13 01:19:04.742  3508  3522 I native-activity: Frame 395 time is 4.190ms
04-13 01:19:04.742  3508  3522 I native-activity: Swap 395 time is 4.863ms
04-13 01:19:04.742  3508  3522 I native-activity: Animating
04-13 01:19:04.742  3508  3522 I native-activity: Frame 396 GL error is 0x0
04-13 01:19:04.742  3508  3522 I native-activity: Frame 396 time is 4.089ms
04-13 01:19:04.742  3508  3522 I native-activity: Swap 396 time is 4.675ms
04-13 01:19:04.742  3508  3522 I native-activity: Animating
04-13 01:19:04.752  3508  3522 I native-activity: Frame 397 GL error is 0x0
04-13 01:19:04.752  3508  3522 I native-activity: Frame 397 time is 4.126ms
04-13 01:19:04.752  3508  3522 I native-activity: Swap 397 time is 4.730ms
04-13 01:19:04.752  3508  3522 I native-activity: Animating
04-13 01:19:04.752  3508  3522 I native-activity: Frame 398 GL error is 0x0
04-13 01:19:04.752  3508  3522 I native-activity: Frame 398 time is 4.016ms
04-13 01:19:04.752  3508  3522 I native-activity: Swap 398 time is 4.597ms
04-13 01:19:04.752  3508  3522 I native-activity: Animating
04-13 01:19:04.762  3508  3522 I native-activity: Frame 399 GL error is 0x0
04-13 01:19:04.762  3508  3522 I native-activity: Frame 399 time is 4.228ms
04-13 01:19:04.762  3508  3522 I native-activity: Swap 399 time is 4.851ms
04-13 01:19:04.762  3508  3522 I native-activity: Animating
04-13 01:19:04.762  3508  3522 I native-activity: Frame 400 GL error is 0x0
04-13 01:19:04.762  3508  3522 I native-activity: Frame 400 time is 4.031ms
04-13 01:19:04.762  3508  3522 I native-activity: Swap 400 time is 4.661ms
04-13 01:19:04.762  3508  3522 I native-activity: Animating
04-13 01:19:04.772  3508  3522 I native-activity: Frame 401 GL error is 0x0
04-13 01:19:04.772  3508  3522 I native-activity: Frame 401 time is 4.110ms
04-13 01:19:04.772  3508  3522 I native-activity: Swap 401 time is 4.716ms
04-13 01:19:04.772  3508  3522 I native-activity: Animating
04-13 01:19:04.772  3508  3522 I native-activity: Frame 402 GL error is 0x0
04-13 01:19:04.772  3508  3522 I native-activity: Frame 402 time is 3.945ms
04-13 01:19:04.772  3508  3522 I native-activity: Swap 402 time is 4.514ms
04-13 01:19:04.772  3508  3522 I native-activity: Animating
04-13 01:19:04.782  3508  3522 I native-activity: Frame 403 GL error is 0x0
04-13 01:19:04.782  3508  3522 I native-activity: Frame 403 time is 4.336ms
04-13 01:19:04.782  3508  3522 I native-activity: Swap 403 time is 4.982ms
04-13 01:19:04.782  3508  3522 I native-activity: Animating
04-13 01:19:04.782  3508  3522 I native-activity: Frame 404 GL error is 0x0
04-13 01:19:04.782  3508  3522 I native-activity: Frame 404 time is 3.958ms
04-13 01:19:04.782  3508  3522 I native-activity: Swap 404 time is 4.542ms
04-13 01:19:04.782  3508  3522 I native-activity: Animating
04-13 01:19:04.792  3508  3522 I native-activity: Frame 405 GL error is 0x0
04-13 01:19:04.792  3508  3522 I native-activity: Frame 405 time is 4.188ms
04-13 01:19:04.792  3508  3522 I native-activity: Swap 405 time is 4.812ms
04-13 01:19:04.792  3508  3522 I native-activity: Animating
04-13 01:19:04.792  3508  3522 I native-activity: Frame 406 GL error is 0x0
04-13 01:19:04.792  3508  3522 I native-activity: Frame 406 time is 4.015ms
04-13 01:19:04.792  3508  3522 I native-activity: Swap 406 time is 4.591ms
04-13 01:19:04.792  3508  3522 I native-activity: Animating
04-13 01:19:04.802  3508  3522 I native-activity: Frame 407 GL error is 0x0
04-13 01:19:04.802  3508  3522 I native-activity: Frame 407 time is 4.151ms
04-13 01:19:04.802  3508  3522 I native-activity: Swap 407 time is 4.720ms
04-13 01:19:04.802  3508  3522 I native-activity: Animating
04-13 01:19:04.802  3508  3522 I native-activity: Frame 408 GL error is 0x0
04-13 01:19:04.802  3508  3522 I native-activity: Frame 408 time is 3.976ms
04-13 01:19:04.802  3508  3522 I native-activity: Swap 408 time is 4.552ms
04-13 01:19:04.802  3508  3522 I native-activity: Animating
04-13 01:19:04.812  3508  3522 I native-activity: Frame 409 GL error is 0x0
04-13 01:19:04.812  3508  3522 I native-activity: Frame 409 time is 4.110ms
04-13 01:19:04.812  3508  3522 I native-activity: Swap 409 time is 4.688ms
04-13 01:19:04.812  3508  3522 I native-activity: Animating
04-13 01:19:04.812  3508  3522 I native-activity: Frame 410 GL error is 0x0
04-13 01:19:04.812  3508  3522 I native-activity: Frame 410 time is 4.039ms
04-13 01:19:04.812  3508  3522 I native-activity: Swap 410 time is 4.621ms
04-13 01:19:04.812  3508  3522 I native-activity: Animating
04-13 01:19:04.822  3508  3522 I native-activity: Frame 411 GL error is 0x0
04-13 01:19:04.822  3508  3522 I native-activity: Frame 411 time is 4.056ms
04-13 01:19:04.822  3508  3522 I native-activity: Swap 411 time is 4.666ms
04-13 01:19:04.822  3508  3522 I native-activity: Animating
04-13 01:19:04.822  3508  3522 I native-activity: Frame 412 GL error is 0x0
04-13 01:19:04.822  3508  3522 I native-activity: Frame 412 time is 3.931ms
04-13 01:19:04.822  3508  3522 I native-activity: Swap 412 time is 4.512ms
04-13 01:19:04.822  3508  3522 I native-activity: Animating
04-13 01:19:04.862  3508  3522 I native-activity: Frame 413 GL error is 0x0
04-13 01:19:04.862  3508  3522 I native-activity: Frame 413 time is 38.443ms
04-13 01:19:04.862  3508  3522 I native-activity: Swap 413 time is 40.574ms
04-13 01:19:04.862  3508  3522 I native-activity: Animating
04-13 01:19:04.922  3508  3522 I native-activity: Frame 414 GL error is 0x0
04-13 01:19:04.922  3508  3522 I native-activity: Frame 414 time is 62.775ms
04-13 01:19:04.932  3508  3522 I native-activity: Swap 414 time is 64.046ms
04-13 01:19:04.932  3508  3522 I native-activity: Animating
04-13 01:19:04.932  3508  3522 I native-activity: Frame 415 GL error is 0x0
04-13 01:19:04.932  3508  3522 I native-activity: Frame 415 time is 4.246ms
04-13 01:19:04.932  3508  3522 I native-activity: Swap 415 time is 4.826ms
04-13 01:19:04.932  3508  3522 I native-activity: Animating
04-13 01:19:04.932  3508  3522 I native-activity: Frame 416 GL error is 0x0
04-13 01:19:04.932  3508  3522 I native-activity: Frame 416 time is 3.622ms
04-13 01:19:04.932  3508  3522 I native-activity: Swap 416 time is 4.156ms
04-13 01:19:04.932  3508  3522 I native-activity: Animating
04-13 01:19:04.942  3508  3522 I native-activity: Frame 417 GL error is 0x0
04-13 01:19:04.942  3508  3522 I native-activity: Frame 417 time is 4.388ms
04-13 01:19:04.942  3508  3522 I native-activity: Swap 417 time is 4.971ms
04-13 01:19:04.942  3508  3522 I native-activity: Animating
04-13 01:19:04.942  3508  3522 I native-activity: Frame 418 GL error is 0x0
04-13 01:19:04.942  3508  3522 I native-activity: Frame 418 time is 4.108ms
04-13 01:19:04.952  3508  3522 I native-activity: Swap 418 time is 5.720ms
04-13 01:19:04.952  3508  3522 I native-activity: Animating
04-13 01:19:04.952  3508  3522 I native-activity: Frame 419 GL error is 0x0
04-13 01:19:04.952  3508  3522 I native-activity: Frame 419 time is 2.949ms
04-13 01:19:04.952  3508  3522 I native-activity: Swap 419 time is 3.543ms
04-13 01:19:04.952  3508  3522 I native-activity: Animating
04-13 01:19:04.952  3508  3522 I native-activity: Frame 420 GL error is 0x0
04-13 01:19:04.952  3508  3522 I native-activity: Frame 420 time is 3.105ms
04-13 01:19:04.952  3508  3522 I native-activity: Swap 420 time is 3.671ms
04-13 01:19:04.952  3508  3522 I native-activity: Animating
04-13 01:19:04.962  3508  3522 I native-activity: Frame 421 GL error is 0x0
04-13 01:19:04.962  3508  3522 I native-activity: Frame 421 time is 3.231ms
04-13 01:19:04.962  3508  3522 I native-activity: Swap 421 time is 3.679ms
04-13 01:19:04.962  3508  3522 I native-activity: Animating
04-13 01:19:04.962  3508  3522 I native-activity: Frame 422 GL error is 0x0
04-13 01:19:04.962  3508  3522 I native-activity: Frame 422 time is 5.309ms
04-13 01:19:04.962  3508  3522 I native-activity: Swap 422 time is 5.864ms
04-13 01:19:04.962  3508  3522 I native-activity: Animating
04-13 01:19:04.972  3508  3522 I native-activity: Frame 423 GL error is 0x0
04-13 01:19:04.972  3508  3522 I native-activity: Frame 423 time is 4.971ms
04-13 01:19:04.972  3508  3522 I native-activity: Swap 423 time is 5.460ms
04-13 01:19:04.972  3508  3522 I native-activity: Animating
04-13 01:19:04.972  3508  3522 I native-activity: Frame 424 GL error is 0x0
04-13 01:19:04.972  3508  3522 I native-activity: Frame 424 time is 4.439ms
04-13 01:19:04.972  3508  3522 I native-activity: Swap 424 time is 4.887ms
04-13 01:19:04.972  3508  3522 I native-activity: Animating
04-13 01:19:04.982  3508  3522 I native-activity: Frame 425 GL error is 0x0
04-13 01:19:04.982  3508  3522 I native-activity: Frame 425 time is 4.184ms
04-13 01:19:04.982  3508  3522 I native-activity: Swap 425 time is 4.668ms
04-13 01:19:04.982  3508  3522 I native-activity: Animating
04-13 01:19:04.982  3508  3522 I native-activity: Frame 426 GL error is 0x0
04-13 01:19:04.982  3508  3522 I native-activity: Frame 426 time is 4.197ms
04-13 01:19:04.982  3508  3522 I native-activity: Swap 426 time is 4.640ms
04-13 01:19:04.982  3508  3522 I native-activity: Animating
04-13 01:19:04.992  3508  3522 I native-activity: Frame 427 GL error is 0x0
04-13 01:19:04.992  3508  3522 I native-activity: Frame 427 time is 4.316ms
04-13 01:19:04.992  3508  3522 I native-activity: Swap 427 time is 4.806ms
04-13 01:19:04.992  3508  3522 I native-activity: Animating
04-13 01:19:04.992  3508  3522 I native-activity: Frame 428 GL error is 0x0
04-13 01:19:04.992  3508  3522 I native-activity: Frame 428 time is 4.077ms
04-13 01:19:04.992  3508  3522 I native-activity: Swap 428 time is 4.530ms
04-13 01:19:04.992  3508  3522 I native-activity: Animating
04-13 01:19:05.002  3508  3522 I native-activity: Frame 429 GL error is 0x0
04-13 01:19:05.002  3508  3522 I native-activity: Frame 429 time is 4.115ms
04-13 01:19:05.002  3508  3522 I native-activity: Swap 429 time is 4.583ms
04-13 01:19:05.002  3508  3522 I native-activity: Animating
04-13 01:19:05.002  3508  3522 I native-activity: Frame 430 GL error is 0x0
04-13 01:19:05.002  3508  3522 I native-activity: Frame 430 time is 4.098ms
04-13 01:19:05.002  3508  3522 I native-activity: Swap 430 time is 4.539ms
04-13 01:19:05.002  3508  3522 I native-activity: Animating
04-13 01:19:05.012  3508  3522 I native-activity: Frame 431 GL error is 0x0
04-13 01:19:05.012  3508  3522 I native-activity: Frame 431 time is 4.198ms
04-13 01:19:05.012  3508  3522 I native-activity: Swap 431 time is 4.676ms
04-13 01:19:05.012  3508  3522 I native-activity: Animating
04-13 01:19:05.012  3508  3522 I native-activity: Frame 432 GL error is 0x0
04-13 01:19:05.012  3508  3522 I native-activity: Frame 432 time is 4.025ms
04-13 01:19:05.012  3508  3522 I native-activity: Swap 432 time is 4.458ms
04-13 01:19:05.012  3508  3522 I native-activity: Animating
04-13 01:19:05.012  3508  3522 I native-activity: Frame 433 GL error is 0x0
04-13 01:19:05.012  3508  3522 I native-activity: Frame 433 time is 4.122ms
04-13 01:19:05.022  3508  3522 I native-activity: Swap 433 time is 4.675ms
04-13 01:19:05.022  3508  3522 I native-activity: Animating
04-13 01:19:05.022  3508  3522 I native-activity: Frame 434 GL error is 0x0
04-13 01:19:05.022  3508  3522 I native-activity: Frame 434 time is 4.157ms
04-13 01:19:05.022  3508  3522 I native-activity: Swap 434 time is 4.607ms
04-13 01:19:05.022  3508  3522 I native-activity: Animating
04-13 01:19:05.022  3508  3522 I native-activity: Frame 435 GL error is 0x0
04-13 01:19:05.022  3508  3522 I native-activity: Frame 435 time is 4.279ms
04-13 01:19:05.022  3508  3522 I native-activity: Swap 435 time is 4.778ms
04-13 01:19:05.022  3508  3522 I native-activity: Animating
04-13 01:19:05.032  3508  3522 I native-activity: Frame 436 GL error is 0x0
04-13 01:19:05.032  3508  3522 I native-activity: Frame 436 time is 4.328ms
04-13 01:19:05.032  3508  3522 I native-activity: Swap 436 time is 4.897ms
04-13 01:19:05.032  3508  3522 I native-activity: Animating
04-13 01:19:05.032  3508  3522 I native-activity: Frame 437 GL error is 0x0
04-13 01:19:05.032  3508  3522 I native-activity: Frame 437 time is 5.172ms
04-13 01:19:05.042  3508  3522 I native-activity: Swap 437 time is 6.009ms
04-13 01:19:05.042  3508  3522 I native-activity: Animating
04-13 01:19:05.042  3508  3522 I native-activity: Frame 438 GL error is 0x0
04-13 01:19:05.042  3508  3522 I native-activity: Frame 438 time is 4.534ms
04-13 01:19:05.042  3508  3522 I native-activity: Swap 438 time is 5.141ms
04-13 01:19:05.042  3508  3522 I native-activity: Animating
04-13 01:19:05.042  3508  3522 I native-activity: Frame 439 GL error is 0x0
04-13 01:19:05.042  3508  3522 I native-activity: Frame 439 time is 3.223ms
04-13 01:19:05.052  3508  3522 I native-activity: Swap 439 time is 3.914ms
04-13 01:19:05.052  3508  3522 I native-activity: Animating
04-13 01:19:05.052  3508  3522 I native-activity: Frame 440 GL error is 0x0
04-13 01:19:05.052  3508  3522 I native-activity: Frame 440 time is 5.277ms
04-13 01:19:05.052  3508  3522 I native-activity: Swap 440 time is 5.839ms
04-13 01:19:05.052  3508  3522 I native-activity: Animating
04-13 01:19:05.062  3508  3522 I native-activity: Frame 441 GL error is 0x0
04-13 01:19:05.062  3508  3522 I native-activity: Frame 441 time is 4.729ms
04-13 01:19:05.062  3508  3522 I native-activity: Swap 441 time is 5.523ms
04-13 01:19:05.062  3508  3522 I native-activity: Animating
04-13 01:19:05.062  3508  3522 I native-activity: Frame 442 GL error is 0x0
04-13 01:19:05.062  3508  3522 I native-activity: Frame 442 time is 4.660ms
04-13 01:19:05.062  3508  3522 I native-activity: Swap 442 time is 5.238ms
04-13 01:19:05.062  3508  3522 I native-activity: Animating
04-13 01:19:05.072  3508  3522 I native-activity: Frame 443 GL error is 0x0
04-13 01:19:05.072  3508  3522 I native-activity: Frame 443 time is 4.614ms
04-13 01:19:05.072  3508  3522 I native-activity: Swap 443 time is 5.101ms
04-13 01:19:05.072  3508  3522 I native-activity: Animating
04-13 01:19:05.072  3508  3522 I native-activity: Frame 444 GL error is 0x0
04-13 01:19:05.072  3508  3522 I native-activity: Frame 444 time is 4.446ms
04-13 01:19:05.072  3508  3522 I native-activity: Swap 444 time is 4.876ms
04-13 01:19:05.072  3508  3522 I native-activity: Animating
04-13 01:19:05.082  3508  3522 I native-activity: Frame 445 GL error is 0x0
04-13 01:19:05.082  3508  3522 I native-activity: Frame 445 time is 4.635ms
04-13 01:19:05.082  3508  3522 I native-activity: Swap 445 time is 5.123ms
04-13 01:19:05.082  3508  3522 I native-activity: Animating
04-13 01:19:05.082  1434  2575 D BatteryService: !@BatteryListener : batteryPropertiesChanged!
04-13 01:19:05.082  1434  2575 D BatteryService: level:90, scale:100, status:2, health:2, present:true, voltage: 4269, temperature: 248, technology: Li-ion, AC powered:false, USB powered:true, POGO powered:false, Wireless powered:false, icon:17303420, invalid charger:0, maxChargingCurrent:0
04-13 01:19:05.082  1434  2575 D BatteryService: online:6, current avg:450, charge type:1, power sharing:false, high voltage charger:false, capacity:280000, batterySWSelfDischarging:false, current_now:117
04-13 01:19:05.082  1434  1434 D BatteryService: Sending ACTION_BATTERY_CHANGED.
04-13 01:19:05.082  3508  3522 I native-activity: Frame 446 GL error is 0x0
04-13 01:19:05.082  3508  3522 I native-activity: Frame 446 time is 5.055ms
04-13 01:19:05.082  3508  3522 I native-activity: Swap 446 time is 5.449ms
04-13 01:19:05.082  3508  3522 I native-activity: Animating
04-13 01:19:05.082  1434  1434 I MotionRecognitionService: Plugged
04-13 01:19:05.082  1434  1434 D MotionRecognitionService:   cableConnection= 1
04-13 01:19:05.082  1434  1434 D MotionRecognitionService: setPowerConnected | current backoffstate  = 1024 , state =1024
04-13 01:19:05.082  1434  1434 D MotionRecognitionService: skip setTransmitPower. 
04-13 01:19:05.082  1434  2179 D WifiController: ApOrStaEnabledState  msg.what= 155652
04-13 01:19:05.092  2724  2724 D BatteryMonitor: new battery level: 90
04-13 01:19:05.092  3508  3522 I native-activity: Frame 447 GL error is 0x0
04-13 01:19:05.092  3508  3522 I native-activity: Frame 447 time is 4.499ms
04-13 01:19:05.092  3508  3522 I native-activity: Swap 447 time is 4.937ms
04-13 01:19:05.092  3508  3522 I native-activity: Animating
04-13 01:19:05.092 30475 30475 D KeyguardUpdateMonitor: received broadcast android.intent.action.BATTERY_CHANGED
04-13 01:19:05.092 30475 30475 D KeyguardUpdateMonitor: handleBatteryUpdate
04-13 01:19:05.092  3508  3522 I native-activity: Frame 448 GL error is 0x0
04-13 01:19:05.092  3508  3522 I native-activity: Frame 448 time is 4.324ms
04-13 01:19:05.092  3508  3522 I native-activity: Swap 448 time is 4.714ms
04-13 01:19:05.092  3508  3522 I native-activity: Animating
04-13 01:19:05.092 30475 30475 D PowerUI : Cable  true --> true mBootCompleted : false
04-13 01:19:05.092 30475 30475 D PowerUI : Sending cableIntent : Intent { act=com.samsung.systemui.power.action.ACTION_CABLE_CONNECTED VirtualScreenParam=Params{mDisplayId=-1, null, mFlags=0x00000000)} }
04-13 01:19:05.092 30475 30475 D PowerUI : priorPlugType = 2 mPlugType =  2
04-13 01:19:05.102 30475 30475 D PowerUI.Notification: showChargingNotice oldChargingType : 1 currentChargingType : 1 oldChargingTime : 1131000 mChargingTime : 1120000
04-13 01:19:05.102  3508  3522 I native-activity: Frame 449 GL error is 0x0
04-13 01:19:05.102 30475 30475 D PowerUI.Notification: showChargingNotification()
04-13 01:19:05.102  3508  3522 I native-activity: Frame 449 time is 4.473ms
04-13 01:19:05.102  3508  3522 I native-activity: Swap 449 time is 4.901ms
04-13 01:19:05.102  3508  3522 I native-activity: Animating
04-13 01:19:05.102 30938 30938 I BatteryChangedReceiver: received action: android.intent.action.BATTERY_CHANGED
04-13 01:19:05.102  1434  2607 D ApplicationPolicy: isStatusBarNotificationAllowedAsUser: packageName = com.android.systemui,userId = -1
04-13 01:19:05.102  3508  3522 I native-activity: Frame 450 GL error is 0x0
04-13 01:19:05.102 30475 30475 D BatteryMeterView: ACTION_BATTERY_CHANGED : level:90 status:2 health:2
04-13 01:19:05.102  3508  3522 I native-activity: Frame 450 time is 4.597ms
04-13 01:19:05.102 30475 30475 D BatteryMeterView: ACTION_BATTERY_CHANGED : level:90 status:2 health:2
04-13 01:19:05.102  3508  3522 I native-activity: Swap 450 time is 5.009ms
04-13 01:19:05.102  3508  3522 I native-activity: Animating
04-13 01:19:05.112  3508  3522 I native-activity: Frame 451 GL error is 0x0
04-13 01:19:05.112  3508  3522 I native-activity: Frame 451 time is 4.696ms
04-13 01:19:05.112  3508  3522 I native-activity: Swap 451 time is 5.147ms
04-13 01:19:05.112  3508  3522 I native-activity: Animating
04-13 01:19:05.112  3508  3522 I native-activity: Frame 452 GL error is 0x0
04-13 01:19:05.112  3508  3522 I native-activity: Frame 452 time is 4.669ms
04-13 01:19:05.112  3508  3522 I native-activity: Swap 452 time is 4.967ms
04-13 01:19:05.112  3508  3522 I native-activity: Animating
04-13 01:19:05.122  3508  3522 I native-activity: Frame 453 GL error is 0x0
04-13 01:19:05.122  3508  3522 I native-activity: Frame 453 time is 4.580ms
04-13 01:19:05.122  3508  3522 I native-activity: Swap 453 time is 5.030ms
04-13 01:19:05.122  3508  3522 I native-activity: Animating
04-13 01:19:05.122 30475 30475 W ResourcesManager: getTopLevelResources: /system/priv-app/SystemUI/SystemUI.apk / 1.0 running in com.android.systemui rsrc of package com.android.systemui
04-13 01:19:05.122  3508  3522 I native-activity: Frame 454 GL error is 0x0
04-13 01:19:05.122  3508  3522 I native-activity: Frame 454 time is 4.323ms
04-13 01:19:05.122  3508  3522 I native-activity: Swap 454 time is 4.702ms
04-13 01:19:05.122  3508  3522 I native-activity: Animating
04-13 01:19:05.132  3508  3522 I native-activity: Frame 455 GL error is 0x0
04-13 01:19:05.132  3508  3522 I native-activity: Frame 455 time is 4.404ms
04-13 01:19:05.132 30475 30475 D PhoneStatusBar: setAreThereNotifications: N=2 any=true clearable=false
04-13 01:19:05.132  3508  3522 I native-activity: Swap 455 time is 4.844ms
04-13 01:19:05.132  3508  3522 I native-activity: Animating
04-13 01:19:05.132 30475 30475 D NotificationStackScrollLayout:  scroll range should be extended : 1600
04-13 01:19:05.132  3508  3522 I native-activity: Frame 456 GL error is 0x0
04-13 01:19:05.132  3508  3522 I native-activity: Frame 456 time is 4.277ms
04-13 01:19:05.132  3508  3522 I native-activity: Swap 456 time is 4.669ms
04-13 01:19:05.132  3508  3522 I native-activity: Animating
04-13 01:19:05.142  3508  3522 I native-activity: Frame 457 GL error is 0x0
04-13 01:19:05.142  3508  3522 I native-activity: Frame 457 time is 4.373ms
04-13 01:19:05.142  3508  3522 I native-activity: Swap 457 time is 4.862ms
04-13 01:19:05.142  3508  3522 I native-activity: Animating
04-13 01:19:05.142  3508  3522 I native-activity: Frame 458 GL error is 0x0
04-13 01:19:05.142  3508  3522 I native-activity: Frame 458 time is 4.308ms
04-13 01:19:05.142  3508  3522 I native-activity: Swap 458 time is 4.724ms
04-13 01:19:05.142  3508  3522 I native-activity: Animating
04-13 01:19:05.152  3508  3522 I native-activity: Frame 459 GL error is 0x0
04-13 01:19:05.152  3508  3522 I native-activity: Frame 459 time is 4.241ms
04-13 01:19:05.152  3508  3522 I native-activity: Swap 459 time is 4.661ms
04-13 01:19:05.152  3508  3522 I native-activity: Animating
04-13 01:19:05.152  3508  3522 I native-activity: Frame 460 GL error is 0x0
04-13 01:19:05.152  3508  3522 I native-activity: Frame 460 time is 4.163ms
04-13 01:19:05.152  3508  3522 I native-activity: Swap 460 time is 4.585ms
04-13 01:19:05.152  3508  3522 I native-activity: Animating
04-13 01:19:05.162  3508  3522 I native-activity: Frame 461 GL error is 0x0
04-13 01:19:05.162  3508  3522 I native-activity: Frame 461 time is 4.283ms
04-13 01:19:05.162  3508  3522 I native-activity: Swap 461 time is 4.719ms
04-13 01:19:05.162  3508  3522 I native-activity: Animating
04-13 01:19:05.172  3508  3522 I native-activity: Frame 462 GL error is 0x501
04-13 01:19:05.172  3508  3522 I native-activity: Frame 462 time is 9.799ms
04-13 01:19:05.172  3508  3522 I native-activity: Swap 462 time is 10.365ms
04-13 01:19:05.172  3508  3522 I native-activity: Animating
04-13 01:19:05.172  3508  3522 I native-activity: Frame 463 GL error is 0x0
04-13 01:19:05.172  3508  3522 I native-activity: Frame 463 time is 3.853ms
04-13 01:19:05.172  3508  3522 I native-activity: Swap 463 time is 4.446ms
04-13 01:19:05.172  3508  3522 I native-activity: Animating
04-13 01:19:05.172  3508  3522 I native-activity: Frame 464 GL error is 0x0
04-13 01:19:05.172  3508  3522 I native-activity: Frame 464 time is 2.098ms
04-13 01:19:05.172  3508  3522 I native-activity: Swap 464 time is 2.629ms
04-13 01:19:05.172  3508  3522 I native-activity: Animating
04-13 01:19:05.182  3508  3522 I native-activity: Frame 465 GL error is 0x0
04-13 01:19:05.182  3508  3522 I native-activity: Frame 465 time is 2.294ms
04-13 01:19:05.182  3508  3522 I native-activity: Swap 465 time is 2.873ms
04-13 01:19:05.182  3508  3522 I native-activity: Animating
04-13 01:19:05.182  3508  3522 I native-activity: Frame 466 GL error is 0x0
04-13 01:19:05.182  3508  3522 I native-activity: Frame 466 time is 3.010ms
04-13 01:19:05.182  3508  3522 I native-activity: Swap 466 time is 3.558ms
04-13 01:19:05.182  3508  3522 I native-activity: Animating
04-13 01:19:05.182  3508  3522 I native-activity: Frame 467 GL error is 0x0
04-13 01:19:05.182  3508  3522 I native-activity: Frame 467 time is 3.103ms
04-13 01:19:05.182  3508  3522 I native-activity: Swap 467 time is 3.637ms
04-13 01:19:05.182  3508  3522 I native-activity: Animating
04-13 01:19:05.192  3508  3522 I native-activity: Frame 468 GL error is 0x0
04-13 01:19:05.192  3508  3522 I native-activity: Frame 468 time is 3.872ms
04-13 01:19:05.192  3508  3522 I native-activity: Swap 468 time is 4.353ms
04-13 01:19:05.192  3508  3522 I native-activity: Animating
04-13 01:19:05.202  3508  3522 I native-activity: Frame 469 GL error is 0x501
04-13 01:19:05.202  3508  3522 I native-activity: Frame 469 time is 7.215ms
04-13 01:19:05.202  3508  3522 I native-activity: Swap 469 time is 7.926ms
04-13 01:19:05.202  3508  3522 I native-activity: Animating
04-13 01:19:05.202  3508  3522 I native-activity: Frame 470 GL error is 0x0
04-13 01:19:05.202  3508  3522 I native-activity: Frame 470 time is 3.971ms
04-13 01:19:05.202  3508  3522 I native-activity: Swap 470 time is 4.435ms
04-13 01:19:05.202  3508  3522 I native-activity: Animating
04-13 01:19:05.202  3508  3522 I native-activity: Frame 471 GL error is 0x0
04-13 01:19:05.202  3508  3522 I native-activity: Frame 471 time is 3.675ms
04-13 01:19:05.212  3508  3522 I native-activity: Swap 471 time is 4.198ms
04-13 01:19:05.212  3508  3522 I native-activity: Animating
04-13 01:19:05.212  3508  3522 I native-activity: Frame 472 GL error is 0x0
