04-11 02:51:46.869  3450  3465 I native-activity: Animating
04-11 02:51:46.889  3450  3465 I native-activity: Frame 303 GL error is 0x0
04-11 02:51:46.889  3450  3465 I native-activity: Frame 303 time is 20.752ms
04-11 02:51:46.939  3450  3465 I native-activity: Swap 303 time is 57.498ms
04-11 02:51:46.939  3450  3465 I native-activity: Animating
04-11 02:51:46.959  3450  3465 I native-activity: Frame 304 GL error is 0x0
04-11 02:51:46.959  3450  3465 I native-activity: Frame 304 time is 28.754ms
04-11 02:51:46.999  3450  3465 I native-activity: Swap 304 time is 64.006ms
04-11 02:51:46.999  3450  3465 I native-activity: Animating
04-11 02:51:47.029  3450  3465 I native-activity: Frame 305 GL error is 0x0
04-11 02:51:47.029  3450  3465 I native-activity: Frame 305 time is 30.469ms
04-11 02:51:47.059  3450  3465 I native-activity: Swap 305 time is 58.754ms
04-11 02:51:47.059  3450  3465 I native-activity: Animating
04-11 02:51:47.069  3450  3465 I native-activity: Frame 306 GL error is 0x0
04-11 02:51:47.069  3450  3465 I native-activity: Frame 306 time is 13.551ms
04-11 02:51:47.109  3450  3465 I native-activity: Swap 306 time is 48.838ms
04-11 02:51:47.109  3450  3465 I native-activity: Animating
04-11 02:51:47.129  3450  3465 I native-activity: Frame 307 GL error is 0x0
04-11 02:51:47.129  3450  3465 I native-activity: Frame 307 time is 22.507ms
04-11 02:51:47.159  3450  3465 I native-activity: Swap 307 time is 50.747ms
04-11 02:51:47.159  3450  3465 I native-activity: Animating
04-11 02:51:47.179  3450  3465 I native-activity: Frame 308 GL error is 0x0
04-11 02:51:47.179  3450  3465 I native-activity: Frame 308 time is 21.070ms
04-11 02:51:47.219  3450  3465 I native-activity: Swap 308 time is 56.546ms
04-11 02:51:47.219  3450  3465 I native-activity: Animating
04-11 02:51:47.239  3450  3465 I native-activity: Frame 309 GL error is 0x0
04-11 02:51:47.239  3450  3465 I native-activity: Frame 309 time is 27.846ms
04-11 02:51:47.279  3450  3465 I native-activity: Swap 309 time is 64.265ms
04-11 02:51:47.279  3450  3465 I native-activity: Animating
04-11 02:51:47.309  3450  3465 I native-activity: Frame 310 GL error is 0x0
04-11 02:51:47.309  3450  3465 I native-activity: Frame 310 time is 24.520ms
04-11 02:51:47.339  3450  3465 I native-activity: Swap 310 time is 59.224ms
04-11 02:51:47.339  3450  3465 I native-activity: Animating
04-11 02:51:47.389  3450  3465 I native-activity: Frame 311 GL error is 0x501
04-11 02:51:47.389  3450  3465 I native-activity: Frame 311 time is 47.803ms
04-11 02:51:47.429  3450  3465 I native-activity: Swap 311 time is 75.964ms
04-11 02:51:47.429  3450  3465 I native-activity: Animating
04-11 02:51:47.449  3450  3465 I native-activity: Frame 312 GL error is 0x0
04-11 02:51:47.449  3450  3465 I native-activity: Frame 312 time is 32.325ms
04-11 02:51:47.489  3450  3465 I native-activity: Swap 312 time is 67.306ms
04-11 02:51:47.489  3450  3465 I native-activity: Animating
04-11 02:51:47.519  3450  3465 I native-activity: Frame 313 GL error is 0x0
04-11 02:51:47.519  3450  3465 I native-activity: Frame 313 time is 34.823ms
04-11 02:51:47.559  3450  3465 I native-activity: Swap 313 time is 70.561ms
04-11 02:51:47.559  3450  3465 I native-activity: Animating
04-11 02:51:47.589  3450  3465 I native-activity: Frame 314 GL error is 0x0
04-11 02:51:47.589  3450  3465 I native-activity: Frame 314 time is 25.997ms
04-11 02:51:47.619  3450  3465 I native-activity: Swap 314 time is 61.282ms
04-11 02:51:47.619  3450  3465 I native-activity: Animating
04-11 02:51:47.649  3450  3465 I native-activity: Frame 315 GL error is 0x501
04-11 02:51:47.649  3450  3465 I native-activity: Frame 315 time is 27.472ms
04-11 02:51:47.679  3450  3465 I native-activity: Swap 315 time is 53.939ms
04-11 02:51:47.679  3450  3465 I native-activity: Animating
04-11 02:51:47.699  3450  3465 I native-activity: Frame 316 GL error is 0x0
04-11 02:51:47.699  3450  3465 I native-activity: Frame 316 time is 18.824ms
04-11 02:51:47.729  3450  3465 I native-activity: Swap 316 time is 54.391ms
04-11 02:51:47.729  3450  3465 I native-activity: Animating
04-11 02:51:47.749  3450  3465 I native-activity: Frame 317 GL error is 0x0
04-11 02:51:47.749  3450  3465 I native-activity: Frame 317 time is 20.568ms
04-11 02:51:47.789  3450  3465 I native-activity: Swap 317 time is 56.300ms
04-11 02:51:47.789  3450  3465 I native-activity: Animating
04-11 02:51:47.809  3450  3465 I native-activity: Frame 318 GL error is 0x0
04-11 02:51:47.809  3450  3465 I native-activity: Frame 318 time is 21.060ms
04-11 02:51:47.849  3450  3465 I native-activity: Swap 318 time is 56.928ms
04-11 02:51:47.849  3450  3465 I native-activity: Animating
04-11 02:51:47.869  3450  3465 I native-activity: Frame 319 GL error is 0x0
04-11 02:51:47.869  3450  3465 I native-activity: Frame 319 time is 20.520ms
04-11 02:51:47.899  3450  3465 I native-activity: Swap 319 time is 51.587ms
04-11 02:51:47.899  3450  3465 I native-activity: Animating
04-11 02:51:47.929  3450  3465 I native-activity: Frame 320 GL error is 0x0
04-11 02:51:47.929  3450  3465 I native-activity: Frame 320 time is 27.770ms
04-11 02:51:47.959  3450  3465 I native-activity: Swap 320 time is 62.787ms
04-11 02:51:47.959  3450  3465 I native-activity: Animating
04-11 02:51:47.979  3450  3465 I native-activity: Frame 321 GL error is 0x0
04-11 02:51:47.979  3450  3465 I native-activity: Frame 321 time is 21.568ms
04-11 02:51:48.029  3450  3465 I native-activity: Swap 321 time is 58.383ms
04-11 02:51:48.029  3450  3465 I native-activity: Animating
04-11 02:51:48.039  3450  3465 I native-activity: Frame 322 GL error is 0x0
04-11 02:51:48.039  3450  3465 I native-activity: Frame 322 time is 21.408ms
04-11 02:51:48.079  3450  3465 I native-activity: Swap 322 time is 59.171ms
04-11 02:51:48.079  3450  3465 I native-activity: Animating
04-11 02:51:48.109  3450  3465 I native-activity: Frame 323 GL error is 0x0
04-11 02:51:48.109  3450  3465 I native-activity: Frame 323 time is 22.982ms
04-11 02:51:48.139  3450  3465 I native-activity: Swap 323 time is 58.004ms
04-11 02:51:48.139  3450  3465 I native-activity: Animating
04-11 02:51:48.169  3450  3465 I native-activity: Frame 324 GL error is 0x0
04-11 02:51:48.169  3450  3465 I native-activity: Frame 324 time is 24.764ms
04-11 02:51:48.199  3450  3465 I native-activity: Swap 324 time is 59.763ms
04-11 02:51:48.199  3450  3465 I native-activity: Animating
04-11 02:51:48.219  3450  3465 I native-activity: Frame 325 GL error is 0x0
04-11 02:51:48.219  3450  3465 I native-activity: Frame 325 time is 18.525ms
04-11 02:51:48.259  3450  3465 I native-activity: Swap 325 time is 53.830ms
04-11 02:51:48.259  3450  3465 I native-activity: Animating
04-11 02:51:48.279  3450  3465 I native-activity: Frame 326 GL error is 0x0
04-11 02:51:48.279  3450  3465 I native-activity: Frame 326 time is 21.642ms
04-11 02:51:48.319  3450  3465 I native-activity: Swap 326 time is 58.078ms
04-11 02:51:48.319  3450  3465 I native-activity: Animating
04-11 02:51:48.339  3450  3465 I native-activity: Frame 327 GL error is 0x0
04-11 02:51:48.339  3450  3465 I native-activity: Frame 327 time is 21.188ms
04-11 02:51:48.369  3450  3465 I native-activity: Swap 327 time is 56.673ms
04-11 02:51:48.369  3450  3465 I native-activity: Animating
04-11 02:51:48.389  3450  3465 I native-activity: Frame 328 GL error is 0x0
04-11 02:51:48.389  3450  3465 I native-activity: Frame 328 time is 21.380ms
04-11 02:51:48.429  3450  3465 I native-activity: Swap 328 time is 57.354ms
04-11 02:51:48.429  3450  3465 I native-activity: Animating
04-11 02:51:48.459  3450  3465 I native-activity: Frame 329 GL error is 0x0
04-11 02:51:48.459  3450  3465 I native-activity: Frame 329 time is 25.864ms
04-11 02:51:48.489  3450  3465 I native-activity: Swap 329 time is 61.611ms
04-11 02:51:48.489  3450  3465 I native-activity: Animating
04-11 02:51:48.519  3450  3465 I native-activity: Frame 330 GL error is 0x0
04-11 02:51:48.519  3450  3465 I native-activity: Frame 330 time is 21.402ms
04-11 02:51:48.559  3450  3465 I native-activity: Swap 330 time is 57.175ms
04-11 02:51:48.559  3450  3465 I native-activity: Animating
04-11 02:51:48.569  3450  3465 I native-activity: Frame 331 GL error is 0x0
04-11 02:51:48.569  3450  3465 I native-activity: Frame 331 time is 21.506ms
04-11 02:51:48.609  3450  3465 I native-activity: Swap 331 time is 58.217ms
04-11 02:51:48.609  3450  3465 I native-activity: Animating
04-11 02:51:48.629  3450  3465 I native-activity: Frame 332 GL error is 0x0
04-11 02:51:48.639  3450  3465 I native-activity: Frame 332 time is 24.903ms
04-11 02:51:48.659  3450  3465 I native-activity: Swap 332 time is 52.236ms
04-11 02:51:48.659  3450  3465 I native-activity: Animating
04-11 02:51:48.679  3450  3465 I native-activity: Frame 333 GL error is 0x0
04-11 02:51:48.679  3450  3465 I native-activity: Frame 333 time is 20.409ms
04-11 02:51:48.719  3450  3465 I native-activity: Swap 333 time is 56.317ms
04-11 02:51:48.719  3450  3465 I native-activity: Animating
04-11 02:51:48.739  3450  3465 I native-activity: Frame 334 GL error is 0x0
04-11 02:51:48.739  3450  3465 I native-activity: Frame 334 time is 22.111ms
04-11 02:51:48.779  3450  3465 I native-activity: Swap 334 time is 59.440ms
04-11 02:51:48.779  3450  3465 I native-activity: Animating
04-11 02:51:48.799  3450  3465 I native-activity: Frame 335 GL error is 0x0
04-11 02:51:48.799  3450  3465 I native-activity: Frame 335 time is 21.859ms
04-11 02:51:48.839  3450  3465 I native-activity: Swap 335 time is 57.602ms
04-11 02:51:48.839  3450  3465 I native-activity: Animating
04-11 02:51:48.859  3450  3465 I native-activity: Frame 336 GL error is 0x0
04-11 02:51:48.859  3450  3465 I native-activity: Frame 336 time is 21.549ms
04-11 02:51:48.899  3450  3465 I native-activity: Swap 336 time is 57.340ms
04-11 02:51:48.899  3450  3465 I native-activity: Animating
04-11 02:51:48.929  3450  3465 I native-activity: Frame 337 GL error is 0x0
04-11 02:51:48.929  3450  3465 I native-activity: Frame 337 time is 31.476ms
04-11 02:51:48.959  3450  3465 I native-activity: Swap 337 time is 66.310ms
04-11 02:51:48.959  3450  3465 I native-activity: Animating
04-11 02:51:48.989  3450  3465 I native-activity: Frame 338 GL error is 0x0
04-11 02:51:48.989  3450  3465 I native-activity: Frame 338 time is 23.338ms
04-11 02:51:49.009  3450  3465 I native-activity: Swap 338 time is 49.990ms
04-11 02:51:49.009  3450  3465 I native-activity: Animating
04-11 02:51:49.019  3450  3465 I native-activity: Frame 339 GL error is 0x0
04-11 02:51:49.019  3450  3465 I native-activity: Frame 339 time is 6.012ms
04-11 02:51:49.049  3450  3465 I native-activity: Swap 339 time is 33.787ms
04-11 02:51:49.049  3450  3465 I native-activity: Animating
04-11 02:51:49.049  3450  3465 I native-activity: Frame 340 GL error is 0x0
04-11 02:51:49.049  3450  3465 I native-activity: Frame 340 time is 3.729ms
04-11 02:51:49.079  3450  3465 I native-activity: Swap 340 time is 29.033ms
04-11 02:51:49.079  3450  3465 I native-activity: Animating
04-11 02:51:49.079  3450  3465 I native-activity: Frame 341 GL error is 0x0
04-11 02:51:49.079  3450  3465 I native-activity: Frame 341 time is 3.602ms
04-11 02:51:49.109  3450  3465 I native-activity: Swap 341 time is 29.079ms
04-11 02:51:49.109  3450  3465 I native-activity: Animating
04-11 02:51:49.109  3450  3465 I native-activity: Frame 342 GL error is 0x0
04-11 02:51:49.109  3450  3465 I native-activity: Frame 342 time is 4.954ms
04-11 02:51:49.139  3450  3465 I native-activity: Swap 342 time is 31.259ms
04-11 02:51:49.139  3450  3465 I native-activity: Animating
04-11 02:51:49.139  3450  3465 I native-activity: Frame 343 GL error is 0x0
04-11 02:51:49.139  3450  3465 I native-activity: Frame 343 time is 4.207ms
04-11 02:51:49.149  1434  2161 D BatteryService: !@BatteryListener : batteryPropertiesChanged!
04-11 02:51:49.149  1434  2161 D BatteryService: level:24, scale:100, status:3, health:9, present:true, voltage: 3717, temperature: 263, technology: Li-ion, AC powered:false, USB powered:false, POGO powered:false, Wireless powered:false, icon:17303406, invalid charger:0, maxChargingCurrent:0
04-11 02:51:49.149  1434  2161 D BatteryService: online:4, current avg:-571, charge type:0, power sharing:false, high voltage charger:false, capacity:280000, batterySWSelfDischarging:false, current_now:-582
04-11 02:51:49.149  1434  1434 D BatteryService: Sending ACTION_BATTERY_CHANGED.
04-11 02:51:49.159  1434  1434 I MotionRecognitionService: On Battery, 0
04-11 02:51:49.159  1434  1434 D MotionRecognitionService:   cableConnection= 0
04-11 02:51:49.159  1434  2179 D WifiController: ApOrStaEnabledState  msg.what= 155652
04-11 02:51:49.159 30475 30475 D PowerUI : Cable  true --> true mBootCompleted : false
04-11 02:51:49.159 30475 30475 D KeyguardUpdateMonitor: received broadcast android.intent.action.BATTERY_CHANGED
04-11 02:51:49.159 30475 30475 D PowerUI : Sending cableIntent : Intent { act=com.samsung.systemui.power.action.ACTION_CABLE_CONNECTED VirtualScreenParam=Params{mDisplayId=-1, null, mFlags=0x00000000)} }
04-11 02:51:49.159 30475 30475 D KeyguardUpdateMonitor: handleBatteryUpdate
04-11 02:51:49.159 30475 30475 D PowerUI : priorPlugType = 0 mPlugType =  0
04-11 02:51:49.159  2724  2724 D BatteryMonitor: new battery level: 24
04-11 02:51:49.169  3450  3465 I native-activity: Swap 343 time is 35.801ms
04-11 02:51:49.169  3450  3465 I native-activity: Animating
04-11 02:51:49.169 30475 30475 D BatteryMeterView: ACTION_BATTERY_CHANGED : level:24 status:3 health:9
04-11 02:51:49.169 30475 30475 D BatteryMeterView: ACTION_BATTERY_CHANGED : level:24 status:3 health:9
04-11 02:51:49.179 30938 30938 I BatteryChangedReceiver: received action: android.intent.action.BATTERY_CHANGED
04-11 02:51:49.189  3450  3465 I native-activity: Frame 344 GL error is 0x0
04-11 02:51:49.189  3450  3465 I native-activity: Frame 344 time is 15.012ms
04-11 02:51:49.209  3450  3465 I native-activity: Swap 344 time is 38.996ms
04-11 02:51:49.209  3450  3465 I native-activity: Animating
04-11 02:51:49.229  3450  3465 I native-activity: Frame 345 GL error is 0x0
04-11 02:51:49.229  3450  3465 I native-activity: Frame 345 time is 15.172ms
04-11 02:51:49.259  3450  3465 I native-activity: Swap 345 time is 39.573ms
04-11 02:51:49.259  3450  3465 I native-activity: Animating
04-11 02:51:49.279  3450  3465 I native-activity: Frame 346 GL error is 0x0
04-11 02:51:49.279  3450  3465 I native-activity: Frame 346 time is 22.909ms
04-11 02:51:49.309  3450  3465 I native-activity: Swap 346 time is 52.902ms
04-11 02:51:49.309  3450  3465 I native-activity: Animating
04-11 02:51:49.329  3450  3465 I native-activity: Frame 347 GL error is 0x0
04-11 02:51:49.329  3450  3465 I native-activity: Frame 347 time is 20.193ms
04-11 02:51:49.359  3450  3465 I native-activity: Swap 347 time is 49.894ms
04-11 02:51:49.359  3450  3465 I native-activity: Animating
04-11 02:51:49.379  3450  3465 I native-activity: Frame 348 GL error is 0x0
04-11 02:51:49.379  3450  3465 I native-activity: Frame 348 time is 22.754ms
04-11 02:51:49.409  3450  3465 I native-activity: Swap 348 time is 52.214ms
04-11 02:51:49.409  3450  3465 I native-activity: Animating
04-11 02:51:49.429  3450  3465 I native-activity: Frame 349 GL error is 0x0
04-11 02:51:49.429  3450  3465 I native-activity: Frame 349 time is 21.147ms
04-11 02:51:49.459  3450  3465 I native-activity: Swap 349 time is 51.210ms
04-11 02:51:49.459  3450  3465 I native-activity: Animating
04-11 02:51:49.489  3450  3465 I native-activity: Frame 350 GL error is 0x0
04-11 02:51:49.489  3450  3465 I native-activity: Frame 350 time is 23.636ms
04-11 02:51:49.509  3450  3465 I native-activity: Swap 350 time is 50.035ms
04-11 02:51:49.509  3450  3465 I native-activity: Animating
04-11 02:51:49.529  3450  3465 I native-activity: Frame 351 GL error is 0x0
04-11 02:51:49.529  3450  3465 I native-activity: Frame 351 time is 19.429ms
04-11 02:51:49.559  3450  3465 I native-activity: Swap 351 time is 48.701ms
04-11 02:51:49.559  3450  3465 I native-activity: Animating
04-11 02:51:49.579  3450  3465 I native-activity: Frame 352 GL error is 0x0
04-11 02:51:49.579  3450  3465 I native-activity: Frame 352 time is 20.540ms
04-11 02:51:49.619  3450  3465 I native-activity: Swap 352 time is 50.274ms
04-11 02:51:49.619  3450  3465 I native-activity: Animating
04-11 02:51:49.639  3450  3465 I native-activity: Frame 353 GL error is 0x0
04-11 02:51:49.639  3450  3465 I native-activity: Frame 353 time is 26.850ms
04-11 02:51:49.669  3450  3465 I native-activity: Swap 353 time is 53.430ms
04-11 02:51:49.669  3450  3465 I native-activity: Animating
04-11 02:51:49.689  3450  3465 I native-activity: Frame 354 GL error is 0x0
04-11 02:51:49.689  3450  3465 I native-activity: Frame 354 time is 20.953ms
04-11 02:51:49.719  3450  3465 I native-activity: Swap 354 time is 48.388ms
04-11 02:51:49.719  3450  3465 I native-activity: Animating
04-11 02:51:49.729  3450  3465 I native-activity: Frame 355 GL error is 0x0
04-11 02:51:49.729  3450  3465 I native-activity: Frame 355 time is 17.698ms
04-11 02:51:49.759  3450  3465 I native-activity: Swap 355 time is 47.178ms
04-11 02:51:49.759  3450  3465 I native-activity: Animating
04-11 02:51:49.789  3450  3465 I native-activity: Frame 356 GL error is 0x0
04-11 02:51:49.789  3450  3465 I native-activity: Frame 356 time is 22.722ms
04-11 02:51:49.809  3450  3465 I native-activity: Swap 356 time is 49.166ms
04-11 02:51:49.809  3450  3465 I native-activity: Animating
04-11 02:51:49.839  3450  3465 I native-activity: Frame 357 GL error is 0x0
04-11 02:51:49.839  3450  3465 I native-activity: Frame 357 time is 25.525ms
04-11 02:51:49.869  3450  3465 I native-activity: Swap 357 time is 57.383ms
04-11 02:51:49.869  3450  3465 I native-activity: Animating
04-11 02:51:49.899  3450  3465 I native-activity: Frame 358 GL error is 0x0
04-11 02:51:49.899  3450  3465 I native-activity: Frame 358 time is 25.982ms
04-11 02:51:49.929  3450  3465 I native-activity: Swap 358 time is 55.786ms
04-11 02:51:49.929  3450  3465 I native-activity: Animating
04-11 02:51:49.949  3450  3465 I native-activity: Frame 359 GL error is 0x0
04-11 02:51:49.949  3450  3465 I native-activity: Frame 359 time is 21.756ms
04-11 02:51:49.989  3450  3465 I native-activity: Swap 359 time is 51.079ms
04-11 02:51:49.989  3450  3465 I native-activity: Animating
04-11 02:51:49.999  3450  3465 I native-activity: Frame 360 GL error is 0x0
04-11 02:51:49.999  3450  3465 I native-activity: Frame 360 time is 20.445ms
04-11 02:51:50.039  3450  3465 I native-activity: Swap 360 time is 49.883ms
04-11 02:51:50.039  3450  3465 I native-activity: Animating
04-11 02:51:50.049  3450  3465 I native-activity: Frame 361 GL error is 0x0
04-11 02:51:50.049  3450  3465 I native-activity: Frame 361 time is 21.466ms
04-11 02:51:50.079  3450  3465 I native-activity: Swap 361 time is 51.692ms
04-11 02:51:50.079  3450  3465 I native-activity: Animating
04-11 02:51:50.109  3450  3465 I native-activity: Frame 362 GL error is 0x0
04-11 02:51:50.109  3450  3465 I native-activity: Frame 362 time is 25.065ms
04-11 02:51:50.139  3450  3465 I native-activity: Swap 362 time is 51.202ms
04-11 02:51:50.139  3450  3465 I native-activity: Animating
04-11 02:51:50.159  3450  3465 I native-activity: Frame 363 GL error is 0x0
04-11 02:51:50.159  3450  3465 I native-activity: Frame 363 time is 21.255ms
04-11 02:51:50.189  3450  3465 I native-activity: Swap 363 time is 50.992ms
04-11 02:51:50.189  3450  3465 I native-activity: Animating
04-11 02:51:50.209  3450  3465 I native-activity: Frame 364 GL error is 0x0
04-11 02:51:50.209  3450  3465 I native-activity: Frame 364 time is 19.847ms
04-11 02:51:50.239  3450  3465 I native-activity: Swap 364 time is 48.848ms
04-11 02:51:50.239  3450  3465 I native-activity: Animating
04-11 02:51:50.259  3450  3465 I native-activity: Frame 365 GL error is 0x0
04-11 02:51:50.259  3450  3465 I native-activity: Frame 365 time is 22.789ms
04-11 02:51:50.289  3450  3465 I native-activity: Swap 365 time is 52.306ms
04-11 02:51:50.289  3450  3465 I native-activity: Animating
04-11 02:51:50.309  3450  3465 I native-activity: Frame 366 GL error is 0x0
04-11 02:51:50.309  3450  3465 I native-activity: Frame 366 time is 21.321ms
04-11 02:51:50.339  3450  3465 I native-activity: Swap 366 time is 50.687ms
04-11 02:51:50.339  3450  3465 I native-activity: Animating
04-11 02:51:50.359  3450  3465 I native-activity: Frame 367 GL error is 0x0
04-11 02:51:50.359  3450  3465 I native-activity: Frame 367 time is 21.119ms
04-11 02:51:50.389  3450  3465 I native-activity: Swap 367 time is 50.743ms
04-11 02:51:50.389  3450  3465 I native-activity: Animating
04-11 02:51:50.409  3450  3465 I native-activity: Frame 368 GL error is 0x0
04-11 02:51:50.409  3450  3465 I native-activity: Frame 368 time is 21.130ms
04-11 02:51:50.439  3450  3465 I native-activity: Swap 368 time is 48.863ms
04-11 02:51:50.439  3450  3465 I native-activity: Animating
04-11 02:51:50.459  3450  3465 I native-activity: Frame 369 GL error is 0x0
04-11 02:51:50.459  3450  3465 I native-activity: Frame 369 time is 23.390ms
04-11 02:51:50.489  3450  3465 I native-activity: Swap 369 time is 53.264ms
04-11 02:51:50.489  3450  3465 I native-activity: Animating
04-11 02:51:50.509  3450  3465 I native-activity: Frame 370 GL error is 0x0
04-11 02:51:50.519  3450  3465 I native-activity: Frame 370 time is 20.179ms
04-11 02:51:50.549  3450  3465 I native-activity: Swap 370 time is 49.660ms
04-11 02:51:50.549  3450  3465 I native-activity: Animating
04-11 02:51:50.569  3450  3465 I native-activity: Frame 371 GL error is 0x0
04-11 02:51:50.569  3450  3465 I native-activity: Frame 371 time is 22.626ms
04-11 02:51:50.599  3450  3465 I native-activity: Swap 371 time is 51.429ms
04-11 02:51:50.599  3450  3465 I native-activity: Animating
04-11 02:51:50.619  3450  3465 I native-activity: Frame 372 GL error is 0x0
04-11 02:51:50.619  3450  3465 I native-activity: Frame 372 time is 21.730ms
04-11 02:51:50.669  3450  3465 I native-activity: Swap 372 time is 68.720ms
04-11 02:51:50.669  3450  3465 I native-activity: Animating
04-11 02:51:50.689  3450  3465 I native-activity: Frame 373 GL error is 0x0
04-11 02:51:50.689  3450  3465 I native-activity: Frame 373 time is 19.352ms
04-11 02:51:50.729  3450  3465 I native-activity: Swap 373 time is 59.102ms
04-11 02:51:50.729  3450  3465 I native-activity: Animating
04-11 02:51:50.749  3450  3465 I native-activity: Frame 374 GL error is 0x0
04-11 02:51:50.749  3450  3465 I native-activity: Frame 374 time is 22.198ms
04-11 02:51:50.799  3450  3465 I native-activity: Swap 374 time is 68.370ms
04-11 02:51:50.799  3450  3465 I native-activity: Animating
04-11 02:51:50.819  3450  3465 I native-activity: Frame 375 GL error is 0x0
04-11 02:51:50.819  3450  3465 I native-activity: Frame 375 time is 21.956ms
04-11 02:51:50.859  3450  3465 I native-activity: Swap 375 time is 68.278ms
04-11 02:51:50.869  3450  3465 I native-activity: Animating
04-11 02:51:50.889  3450  3465 I native-activity: Frame 376 GL error is 0x0
04-11 02:51:50.889  3450  3465 I native-activity: Frame 376 time is 21.293ms
04-11 02:51:50.939  3450  3465 I native-activity: Swap 376 time is 67.199ms
04-11 02:51:50.939  3450  3465 I native-activity: Animating
04-11 02:51:50.959  3450  3465 I native-activity: Frame 377 GL error is 0x0
04-11 02:51:50.959  3450  3465 I native-activity: Frame 377 time is 23.737ms
04-11 02:51:50.979  1434  1622 D PowerManagerService: [s] UserActivityState : 1 -> 2
04-11 02:51:50.979  1434  1622 D PowerManagerService: mDisplayReady: false
04-11 02:51:50.989  1434  1622 D DisplayPowerController: animateScreenStateChange[0]: target=2
04-11 02:51:50.989  1434  1622 D DisplayPowerController: [Dual Screen Compatible] state[0] :2
04-11 02:51:50.989  1434  1622 D DisplayPowerController: getFinalBrightness : Summary is 57 -> 57
04-11 02:51:50.989  1434  1622 D DisplayPowerController: Animating brightness: target=57, rate=2000 (PSM:false, AB limit:(-1 ~ -1) MB Limit:(-1 ~ 255), mUsingVariableMaxManualBrightness)
04-11 02:51:50.999  1434  1622 D PowerManagerService: [s] DisplayPowerCallbacks : onStateChanged()
04-11 02:51:50.999  1434  1622 D PowerManagerService: mDisplayReady: true
04-11 02:51:51.009  3450  3465 I native-activity: Swap 377 time is 70.347ms
04-11 02:51:51.009  3450  3465 I native-activity: Animating
04-11 02:51:51.019  1434  2246 D lights  : lcd : 229 +
04-11 02:51:51.019  1434  2246 D lights  : lcd : 229 -
04-11 02:51:51.029  1434  2246 D lights  : lcd : 196 +
04-11 02:51:51.029  1434  1622 D DisplayPowerController: animateScreenStateChange[0]: target=2
04-11 02:51:51.029  1434  1622 D DisplayPowerController: [Dual Screen Compatible] state[0] :2
04-11 02:51:51.029  3450  3465 I native-activity: Frame 378 GL error is 0x0
04-11 02:51:51.029  1434  1622 D DisplayPowerController: getFinalBrightness : Summary is 57 -> 57
04-11 02:51:51.029  3450  3465 I native-activity: Frame 378 time is 23.995ms
04-11 02:51:51.029  1434  1622 D DisplayPowerController: Animating brightness: target=57, rate=2000 (PSM:false, AB limit:(-1 ~ -1) MB Limit:(-1 ~ 255), mUsingVariableMaxManualBrightness)
04-11 02:51:51.039  1434  2246 D lights  : lcd : 196 -
04-11 02:51:51.039  1434  1622 D DisplayPowerController: animateScreenStateChange[0]: target=2
04-11 02:51:51.039  1434  1622 D DisplayPowerController: [Dual Screen Compatible] state[0] :2
04-11 02:51:51.039  1434  1622 D DisplayPowerController: getFinalBrightness : Summary is 57 -> 57
04-11 02:51:51.039  1434  1622 D DisplayPowerController: Animating brightness: target=57, rate=2000 (PSM:false, AB limit:(-1 ~ -1) MB Limit:(-1 ~ 255), mUsingVariableMaxManualBrightness)
04-11 02:51:51.039  1434  2246 D lights  : lcd : 162 +
04-11 02:51:51.049  1434  2246 D lights  : lcd : 162 -
04-11 02:51:51.049  1434  1622 D DisplayPowerController: animateScreenStateChange[0]: target=2
04-11 02:51:51.049  1434  1622 D DisplayPowerController: [Dual Screen Compatible] state[0] :2
04-11 02:51:51.049  1434  1622 D DisplayPowerController: getFinalBrightness : Summary is 57 -> 57
04-11 02:51:51.049  1434  1622 D DisplayPowerController: Animating brightness: target=57, rate=2000 (PSM:false, AB limit:(-1 ~ -1) MB Limit:(-1 ~ 255), mUsingVariableMaxManualBrightness)
04-11 02:51:51.059  1434  2246 D lights  : lcd : 129 +
04-11 02:51:51.069  1434  2246 D lights  : lcd : 129 -
04-11 02:51:51.069  1434  1622 D DisplayPowerController: animateScreenStateChange[0]: target=2
04-11 02:51:51.069  1434  1622 D DisplayPowerController: [Dual Screen Compatible] state[0] :2
04-11 02:51:51.069  1434  1622 D DisplayPowerController: getFinalBrightness : Summary is 57 -> 57
04-11 02:51:51.069  1434  1622 D DisplayPowerController: Animating brightness: target=57, rate=2000 (PSM:false, AB limit:(-1 ~ -1) MB Limit:(-1 ~ 255), mUsingVariableMaxManualBrightness)
04-11 02:51:51.069  3450  3465 I native-activity: Swap 378 time is 62.216ms
04-11 02:51:51.069  3450  3465 I native-activity: Animating
04-11 02:51:51.079  1434  2246 D lights  : lcd : 96 +
04-11 02:51:51.089  1434  2246 D lights  : lcd : 96 -
04-11 02:51:51.089  1434  1622 D DisplayPowerController: animateScreenStateChange[0]: target=2
04-11 02:51:51.089  1434  1622 D DisplayPowerController: [Dual Screen Compatible] state[0] :2
04-11 02:51:51.089  1434  1622 D DisplayPowerController: getFinalBrightness : Summary is 57 -> 57
04-11 02:51:51.089  3450  3465 I native-activity: Frame 379 GL error is 0x0
04-11 02:51:51.089  1434  1622 D DisplayPowerController: Animating brightness: target=57, rate=2000 (PSM:false, AB limit:(-1 ~ -1) MB Limit:(-1 ~ 255), mUsingVariableMaxManualBrightness)
04-11 02:51:51.089  3450  3465 I native-activity: Frame 379 time is 20.985ms
04-11 02:51:51.089  1434  2472 E Watchdog: !@Sync 4531 [04-11 02:51:51.100]
04-11 02:51:51.089  1434  2246 D lights  : lcd : 62 +
04-11 02:51:51.099  1434  2246 D lights  : lcd : 62 -
04-11 02:51:51.099  1434  1622 D DisplayPowerController: animateScreenStateChange[0]: target=2
04-11 02:51:51.099  1434  1622 D DisplayPowerController: [Dual Screen Compatible] state[0] :2
04-11 02:51:51.099  1434  1622 D DisplayPowerController: getFinalBrightness : Summary is 57 -> 57
04-11 02:51:51.099  1434  1622 D DisplayPowerController: Animating brightness: target=57, rate=2000 (PSM:false, AB limit:(-1 ~ -1) MB Limit:(-1 ~ 255), mUsingVariableMaxManualBrightness)
04-11 02:51:51.109  1434  2246 D lights  : lcd : 57 +
04-11 02:51:51.109  1434  1622 D DisplayPowerController: animateScreenStateChange[0]: target=2
04-11 02:51:51.109  1434  1622 D DisplayPowerController: [Dual Screen Compatible] state[0] :2
04-11 02:51:51.109  1434  1622 D DisplayPowerController: getFinalBrightness : Summary is 57 -> 57
04-11 02:51:51.109  1434  1622 D DisplayPowerController: Animating brightness: target=57, rate=2000 (PSM:false, AB limit:(-1 ~ -1) MB Limit:(-1 ~ 255), mUsingVariableMaxManualBrightness)
04-11 02:51:51.109  1434  6994 D SSRM:n  : SIOP:: AP = 330, PST = 325 (W:14), CP = 33, CUR = -571, LCD = 57
04-11 02:51:51.109  1434  2246 D lights  : lcd : 57 -
04-11 02:51:51.119  1434  1622 D DisplayPowerController: animateScreenStateChange[0]: target=2
04-11 02:51:51.119  1434  1622 D DisplayPowerController: [Dual Screen Compatible] state[0] :2
04-11 02:51:51.119  1434  1622 D DisplayPowerController: getFinalBrightness : Summary is 57 -> 57
04-11 02:51:51.119  1434  1622 D DisplayPowerController: Animating brightness: target=57, rate=2000 (PSM:false, AB limit:(-1 ~ -1) MB Limit:(-1 ~ 255), mUsingVariableMaxManualBrightness)
04-11 02:51:51.129  3450  3465 I native-activity: Swap 379 time is 62.038ms
04-11 02:51:51.129  3450  3465 I native-activity: Animating
04-11 02:51:51.139  3450  3465 I native-activity: Frame 380 GL error is 0x0
04-11 02:51:51.139  3450  3465 I native-activity: Frame 380 time is 7.088ms
04-11 02:51:51.139  1434  6994 D ConnectivityService: returning getNetworkInfo for network type 1 : [type: WIFI[] - WIFI, state: CONNECTED/CONNECTED, reason: (unspecified), extra: "wildfredland_ext", roaming: false, failover: false, isAvailable: true]
04-11 02:51:51.179  3450  3465 I native-activity: Swap 380 time is 44.248ms
04-11 02:51:51.179  3450  3465 I native-activity: Animating
04-11 02:51:51.179  3450  3465 I native-activity: Frame 381 GL error is 0x0
04-11 02:51:51.179  3450  3465 I native-activity: Frame 381 time is 7.097ms
04-11 02:51:51.229  3450  3465 I native-activity: Swap 381 time is 52.241ms
04-11 02:51:51.229  3450  3465 I native-activity: Animating
04-11 02:51:51.249  3450  3465 I native-activity: Frame 382 GL error is 0x0
04-11 02:51:51.249  3450  3465 I native-activity: Frame 382 time is 21.333ms
04-11 02:51:51.299  3450  3465 I native-activity: Swap 382 time is 67.855ms
04-11 02:51:51.299  3450  3465 I native-activity: Animating
04-11 02:51:51.319  3450  3465 I native-activity: Frame 383 GL error is 0x0
04-11 02:51:51.319  3450  3465 I native-activity: Frame 383 time is 21.487ms
04-11 02:51:51.369  3450  3465 I native-activity: Swap 383 time is 68.314ms
04-11 02:51:51.369  3450  3465 I native-activity: Animating
04-11 02:51:51.389  3450  3465 I native-activity: Frame 384 GL error is 0x0
04-11 02:51:51.389  3450  3465 I native-activity: Frame 384 time is 19.627ms
04-11 02:51:51.429  3450  3465 I native-activity: Swap 384 time is 58.206ms
04-11 02:51:51.429  3450  3465 I native-activity: Animating
04-11 02:51:51.449  3450  3465 I native-activity: Frame 385 GL error is 0x0
04-11 02:51:51.449  3450  3465 I native-activity: Frame 385 time is 22.200ms
04-11 02:51:51.499  3450  3465 I native-activity: Swap 385 time is 68.198ms
04-11 02:51:51.499  3450  3465 I native-activity: Animating
04-11 02:51:51.519  3450  3465 I native-activity: Frame 386 GL error is 0x0
04-11 02:51:51.519  3450  3465 I native-activity: Frame 386 time is 21.471ms
04-11 02:51:51.559  3450  3465 I native-activity: Swap 386 time is 68.072ms
04-11 02:51:51.559  3450  3465 I native-activity: Animating
04-11 02:51:51.579  3450  3465 I native-activity: Frame 387 GL error is 0x0
04-11 02:51:51.579  3450  3465 I native-activity: Frame 387 time is 20.589ms
04-11 02:51:51.619  3450  3465 I native-activity: Swap 387 time is 60.000ms
04-11 02:51:51.619  3450  3465 I native-activity: Animating
04-11 02:51:51.649  3450  3465 I native-activity: Frame 388 GL error is 0x0
04-11 02:51:51.649  3450  3465 I native-activity: Frame 388 time is 23.906ms
04-11 02:51:51.689  3450  3465 I native-activity: Swap 388 time is 62.400ms
04-11 02:51:51.689  3450  3465 I native-activity: Animating
04-11 02:51:51.709  3450  3465 I native-activity: Frame 389 GL error is 0x0
04-11 02:51:51.709  3450  3465 I native-activity: Frame 389 time is 21.024ms
04-11 02:51:51.749  3450  3465 I native-activity: Swap 389 time is 59.737ms
04-11 02:51:51.749  3450  3465 I native-activity: Animating
04-11 02:51:51.769  3450  3465 I native-activity: Frame 390 GL error is 0x0
04-11 02:51:51.769  3450  3465 I native-activity: Frame 390 time is 24.189ms
04-11 02:51:51.819  3450  3465 I native-activity: Swap 390 time is 70.594ms
04-11 02:51:51.819  3450  3465 I native-activity: Animating
04-11 02:51:51.839  3450  3465 I native-activity: Frame 391 GL error is 0x0
04-11 02:51:51.839  3450  3465 I native-activity: Frame 391 time is 18.284ms
04-11 02:51:51.879  3450  3465 I native-activity: Swap 391 time is 62.941ms
04-11 02:51:51.879  3450  3465 I native-activity: Animating
04-11 02:51:51.909  3450  3465 I native-activity: Frame 392 GL error is 0x0
04-11 02:51:51.909  3450  3465 I native-activity: Frame 392 time is 23.252ms
04-11 02:51:51.949  3450  3465 I native-activity: Swap 392 time is 62.589ms
04-11 02:51:51.949  3450  3465 I native-activity: Animating
04-11 02:51:51.969  3450  3465 I native-activity: Frame 393 GL error is 0x0
04-11 02:51:51.969  3450  3465 I native-activity: Frame 393 time is 22.570ms
04-11 02:51:52.009  3450  3465 I native-activity: Swap 393 time is 68.452ms
04-11 02:51:52.019  3450  3465 I native-activity: Animating
04-11 02:51:52.039  3450  3465 I native-activity: Frame 394 GL error is 0x0
04-11 02:51:52.039  3450  3465 I native-activity: Frame 394 time is 21.574ms
04-11 02:51:52.079  3450  3465 I native-activity: Swap 394 time is 68.163ms
04-11 02:51:52.079  3450  3465 I native-activity: Animating
04-11 02:51:52.109  3450  3465 I native-activity: Frame 395 GL error is 0x0
04-11 02:51:52.109  3450  3465 I native-activity: Frame 395 time is 23.613ms
04-11 02:51:52.149  3450  3465 I native-activity: Swap 395 time is 69.817ms
04-11 02:51:52.149  3450  3465 I native-activity: Animating
04-11 02:51:52.179  3450  3465 I native-activity: Frame 396 GL error is 0x0
04-11 02:51:52.179  3450  3465 I native-activity: Frame 396 time is 21.072ms
04-11 02:51:52.219  3450  3465 I native-activity: Swap 396 time is 67.566ms
04-11 02:51:52.219  3450  3465 I native-activity: Animating
04-11 02:51:52.249  3450  3465 I native-activity: Frame 397 GL error is 0x0
04-11 02:51:52.249  3450  3465 I native-activity: Frame 397 time is 24.922ms
04-11 02:51:52.289  3450  3465 I native-activity: Swap 397 time is 63.529ms
04-11 02:51:52.289  3450  3465 I native-activity: Animating
04-11 02:51:52.309  3450  3465 I native-activity: Frame 398 GL error is 0x0
04-11 02:51:52.309  3450  3465 I native-activity: Frame 398 time is 19.708ms
04-11 02:51:52.349  3450  3465 I native-activity: Swap 398 time is 65.621ms
04-11 02:51:52.349  3450  3465 I native-activity: Animating
04-11 02:51:52.369  3450  3465 I native-activity: Frame 399 GL error is 0x0
04-11 02:51:52.369  3450  3465 I native-activity: Frame 399 time is 17.133ms
04-11 02:51:52.409  3450  3465 I native-activity: Swap 399 time is 55.230ms
04-11 02:51:52.409  3450  3465 I native-activity: Animating
04-11 02:51:52.419  3450  3465 I native-activity: Frame 400 GL error is 0x0
04-11 02:51:52.419  3450  3465 I native-activity: Frame 400 time is 10.374ms
04-11 02:51:52.439  1434  2122 V AlarmManager: Expired Alarm result :4
04-11 02:51:52.469  3450  3465 I native-activity: Swap 400 time is 56.621ms
04-11 02:51:52.469  3450  3465 I native-activity: Animating
04-11 02:51:52.489  3450  3465 I native-activity: Frame 401 GL error is 0x0
04-11 02:51:52.489  3450  3465 I native-activity: Frame 401 time is 19.101ms
04-11 02:51:52.509  1434  2578 V AlarmManager:  remove PendingIntent] PendingIntent{e997502: PendingIntentRecord{7dda64d com.android.bluetooth broadcastIntent}}
04-11 02:51:52.519  1434  2460 V AlarmManager:  remove PendingIntent] PendingIntent{a899e13: PendingIntentRecord{7dda64d com.android.bluetooth broadcastIntent}}
04-11 02:51:52.519  3450  3465 I native-activity: Swap 401 time is 56.930ms
04-11 02:51:52.529  3450  3465 I native-activity: Animating
04-11 02:51:52.529  3450  3465 I native-activity: Frame 402 GL error is 0x0
04-11 02:51:52.529  3450  3465 I native-activity: Frame 402 time is 6.736ms
04-11 02:51:52.539  1434  2354 V AlarmManager:  remove PendingIntent] PendingIntent{744850: PendingIntentRecord{7dda64d com.android.bluetooth broadcastIntent}}
04-11 02:51:52.539  1434  2588 V AlarmManager:  remove PendingIntent] PendingIntent{d6b5a49: PendingIntentRecord{7dda64d com.android.bluetooth broadcastIntent}}
04-11 02:51:52.549  1434  3657 V AlarmManager:  remove PendingIntent] PendingIntent{9addf4e: PendingIntentRecord{7dda64d com.android.bluetooth broadcastIntent}}
04-11 02:51:52.559  1434  2578 V AlarmManager:  remove PendingIntent] PendingIntent{d66086f: PendingIntentRecord{7dda64d com.android.bluetooth broadcastIntent}}
04-11 02:51:52.559  1434  2575 V AlarmManager:  remove PendingIntent] PendingIntent{fdd997c: PendingIntentRecord{7dda64d com.android.bluetooth broadcastIntent}}
04-11 02:51:52.569  3450  3465 I native-activity: Swap 402 time is 42.982ms
04-11 02:51:52.569  3450  3465 I native-activity: Animating
04-11 02:51:52.569  3450  3465 I native-activity: Frame 403 GL error is 0x0
04-11 02:51:52.569  3450  3465 I native-activity: Frame 403 time is 4.886ms
04-11 02:51:52.569  1434  1453 V AlarmManager:  remove PendingIntent] PendingIntent{8065205: PendingIntentRecord{7dda64d com.android.bluetooth broadcastIntent}}
04-11 02:51:52.579  1434  2609 V AlarmManager:  remove PendingIntent] PendingIntent{c8ca25a: PendingIntentRecord{7dda64d com.android.bluetooth broadcastIntent}}
04-11 02:51:52.579  1434  4880 V AlarmManager:  remove PendingIntent] PendingIntent{cf4bc8b: PendingIntentRecord{7dda64d com.android.bluetooth broadcastIntent}}
04-11 02:51:52.589  1434  2578 V AlarmManager:  remove PendingIntent] PendingIntent{428d168: PendingIntentRecord{7dda64d com.android.bluetooth broadcastIntent}}
04-11 02:51:52.589  1434  2460 V AlarmManager:  remove PendingIntent] PendingIntent{39f0981: PendingIntentRecord{7dda64d com.android.bluetooth broadcastIntent}}
04-11 02:51:52.599  1434  2354 V AlarmManager:  remove PendingIntent] PendingIntent{a628a26: PendingIntentRecord{7dda64d com.android.bluetooth broadcastIntent}}
04-11 02:51:52.599  1434  2588 V AlarmManager:  remove PendingIntent] PendingIntent{1709667: PendingIntentRecord{7dda64d com.android.bluetooth broadcastIntent}}
04-11 02:51:52.609  1434  3657 V AlarmManager:  remove PendingIntent] PendingIntent{56d9c14: PendingIntentRecord{7dda64d com.android.bluetooth broadcastIntent}}
04-11 02:51:52.609  3450  3465 I native-activity: Swap 403 time is 41.131ms
04-11 02:51:52.609  3450  3465 I native-activity: Animating
04-11 02:51:52.609  3450  3465 I native-activity: Frame 404 GL error is 0x0
04-11 02:51:52.609  3450  3465 I native-activity: Frame 404 time is 4.253ms
04-11 02:51:52.619  1434  2607 V AlarmManager:  remove PendingIntent] PendingIntent{b1bcbd: PendingIntentRecord{7dda64d com.android.bluetooth broadcastIntent}}
04-11 02:51:52.619  1434  2161 V AlarmManager:  remove PendingIntent] PendingIntent{a5d22b2: PendingIntentRecord{7dda64d com.android.bluetooth broadcastIntent}}
04-11 02:51:52.629  1434  3658 V AlarmManager:  remove PendingIntent] PendingIntent{1e63203: PendingIntentRecord{7dda64d com.android.bluetooth broadcastIntent}}
04-11 02:51:52.629  1434  2616 V AlarmManager:  remove PendingIntent] PendingIntent{3926580: PendingIntentRecord{7dda64d com.android.bluetooth broadcastIntent}}
04-11 02:51:52.639  1434  1454 V AlarmManager:  remove PendingIntent] PendingIntent{14267b9: PendingIntentRecord{7dda64d com.android.bluetooth broadcastIntent}}
04-11 02:51:52.649  1434  2581 V AlarmManager:  remove PendingIntent] PendingIntent{6f6b7fe: PendingIntentRecord{7dda64d com.android.bluetooth broadcastIntent}}
04-11 02:51:52.649  3450  3465 I native-activity: Swap 404 time is 40.794ms
04-11 02:51:52.649  3450  3465 I native-activity: Animating
04-11 02:51:52.649  3450  3465 I native-activity: Frame 405 GL error is 0x0
04-11 02:51:52.659  3450  3465 I native-activity: Frame 405 time is 4.223ms
04-11 02:51:52.659  1434  2161 V AlarmManager:  remove PendingIntent] PendingIntent{f8feb5f: PendingIntentRecord{7dda64d com.android.bluetooth broadcastIntent}}
04-11 02:51:52.659  1434  3658 V AlarmManager:  remove PendingIntent] PendingIntent{47859ac: PendingIntentRecord{7dda64d com.android.bluetooth broadcastIntent}}
04-11 02:51:52.669  1434  2616 V AlarmManager:  remove PendingIntent] PendingIntent{998c675: PendingIntentRecord{7dda64d com.android.bluetooth broadcastIntent}}
04-11 02:51:52.679  1434  1454 V AlarmManager:  remove PendingIntent] PendingIntent{602560a: PendingIntentRecord{7dda64d com.android.bluetooth broadcastIntent}}
04-11 02:51:52.689  1434  2607 V AlarmManager:  remove PendingIntent] PendingIntent{af1de7b: PendingIntentRecord{7dda64d com.android.bluetooth broadcastIntent}}
04-11 02:51:52.689  3450  3465 I native-activity: Swap 405 time is 40.672ms
04-11 02:51:52.689  3450  3465 I native-activity: Animating
04-11 02:51:52.689  1434  2581 V AlarmManager:  remove PendingIntent] PendingIntent{8e76498: PendingIntentRecord{7dda64d com.android.bluetooth broadcastIntent}}
04-11 02:51:52.699  3450  3465 I native-activity: Frame 406 GL error is 0x0
04-11 02:51:52.699  3450  3465 I native-activity: Frame 406 time is 4.289ms
04-11 02:51:52.699  1434  2575 V AlarmManager:  remove PendingIntent] PendingIntent{bc54f1: PendingIntentRecord{7dda64d com.android.bluetooth broadcastIntent}}
04-11 02:51:52.709  1434  1453 V AlarmManager:  remove PendingIntent] PendingIntent{577c8d6: PendingIntentRecord{7dda64d com.android.bluetooth broadcastIntent}}
04-11 02:51:52.709  1434  2609 V AlarmManager:  remove PendingIntent] PendingIntent{eb5e757: PendingIntentRecord{7dda64d com.android.bluetooth broadcastIntent}}
04-11 02:51:52.719  1434  4880 V AlarmManager:  remove PendingIntent] PendingIntent{43a3244: PendingIntentRecord{7dda64d com.android.bluetooth broadcastIntent}}
04-11 02:51:52.729  1434  2584 V AlarmManager:  remove PendingIntent] PendingIntent{cb04f2d: PendingIntentRecord{7dda64d com.android.bluetooth broadcastIntent}}
04-11 02:51:52.729  3450  3465 I native-activity: Swap 406 time is 40.388ms
04-11 02:51:52.729  3450  3465 I native-activity: Animating
04-11 02:51:52.729  1434  2460 V AlarmManager:  remove PendingIntent] PendingIntent{8ff9c62: PendingIntentRecord{7dda64d com.android.bluetooth broadcastIntent}}
04-11 02:51:52.739  3450  3465 I native-activity: Frame 407 GL error is 0x0
04-11 02:51:52.739  3450  3465 I native-activity: Frame 407 time is 4.023ms
04-11 02:51:52.739  1434  2354 V AlarmManager:  remove PendingIntent] PendingIntent{c47a1f3: PendingIntentRecord{7dda64d com.android.bluetooth broadcastIntent}}
04-11 02:51:52.749  1434  2588 V AlarmManager:  remove PendingIntent] PendingIntent{2ca2eb0: PendingIntentRecord{7dda64d com.android.bluetooth broadcastIntent}}
04-11 02:51:52.749  1434  3657 V AlarmManager:  remove PendingIntent] PendingIntent{66fb129: PendingIntentRecord{7dda64d com.android.bluetooth broadcastIntent}}
04-11 02:51:52.759  1434  2578 V AlarmManager:  remove PendingIntent] PendingIntent{43f1cae: PendingIntentRecord{7dda64d com.android.bluetooth broadcastIntent}}
04-11 02:51:52.769  1434  2161 V AlarmManager:  remove PendingIntent] PendingIntent{6306a4f: PendingIntentRecord{7dda64d com.android.bluetooth broadcastIntent}}
04-11 02:51:52.769  1434  3658 V AlarmManager:  remove PendingIntent] PendingIntent{b1b85dc: PendingIntentRecord{7dda64d com.android.bluetooth broadcastIntent}}
04-11 02:51:52.769  3450  3465 I native-activity: Swap 407 time is 40.092ms
04-11 02:51:52.769  3450  3465 I native-activity: Animating
04-11 02:51:52.779  3450  3465 I native-activity: Frame 408 GL error is 0x0
04-11 02:51:52.779  3450  3465 I native-activity: Frame 408 time is 4.062ms
04-11 02:51:52.779  1434  2616 V AlarmManager:  remove PendingIntent] PendingIntent{1a936e5: PendingIntentRecord{7dda64d com.android.bluetooth broadcastIntent}}
04-11 02:51:52.789  1434  1454 V AlarmManager:  remove PendingIntent] PendingIntent{de455ba: PendingIntentRecord{7dda64d com.android.bluetooth broadcastIntent}}
04-11 02:51:52.789  1434  2607 V AlarmManager:  remove PendingIntent] PendingIntent{4335c6b: PendingIntentRecord{7dda64d com.android.bluetooth broadcastIntent}}
04-11 02:51:52.799  1434  2581 V AlarmManager:  remove PendingIntent] PendingIntent{5c923c8: PendingIntentRecord{7dda64d com.android.bluetooth broadcastIntent}}
04-11 02:51:52.809  3450  3465 I native-activity: Swap 408 time is 41.374ms
04-11 02:51:52.809  1434  2354 V AlarmManager:  remove PendingIntent] PendingIntent{43b5c61: PendingIntentRecord{7dda64d com.android.bluetooth broadcastIntent}}
04-11 02:51:52.809  3450  3465 I native-activity: Animating
04-11 02:51:52.819  3450  3465 I native-activity: Frame 409 GL error is 0x0
04-11 02:51:52.819  3450  3465 I native-activity: Frame 409 time is 9.318ms
04-11 02:51:52.819  1434  2588 V AlarmManager:  remove PendingIntent] PendingIntent{7721386: PendingIntentRecord{7dda64d com.android.bluetooth broadcastIntent}}
04-11 02:51:52.829  1434  3657 V AlarmManager:  remove PendingIntent] PendingIntent{d295447: PendingIntentRecord{7dda64d com.android.bluetooth broadcastIntent}}
04-11 02:51:52.839  1434  2578 V AlarmManager:  remove PendingIntent] PendingIntent{830b474: PendingIntentRecord{7dda64d com.android.bluetooth broadcastIntent}}
04-11 02:51:52.839  1434  2581 V AlarmManager:  remove PendingIntent] PendingIntent{9705d9d: PendingIntentRecord{7dda64d com.android.bluetooth broadcastIntent}}
04-11 02:51:52.849  1434  3658 V AlarmManager:  remove PendingIntent] PendingIntent{5cbe212: PendingIntentRecord{7dda64d com.android.bluetooth broadcastIntent}}
04-11 02:51:52.849  1434  2616 V AlarmManager:  remove PendingIntent] PendingIntent{29cede3: PendingIntentRecord{7dda64d com.android.bluetooth broadcastIntent}}
04-11 02:51:52.859  1434  1454 V AlarmManager:  remove PendingIntent] PendingIntent{ddea3e0: PendingIntentRecord{7dda64d com.android.bluetooth broadcastIntent}}
04-11 02:51:52.859  3450  3465 I native-activity: Swap 409 time is 45.615ms
04-11 02:51:52.859  3450  3465 I native-activity: Animating
04-11 02:51:52.859  1434  2607 V AlarmManager:  remove PendingIntent] PendingIntent{cfa3699: PendingIntentRecord{7dda64d com.android.bluetooth broadcastIntent}}
04-11 02:51:52.869  3450  3465 I native-activity: Frame 410 GL error is 0x0
04-11 02:51:52.869  3450  3465 I native-activity: Frame 410 time is 5.524ms
04-11 02:51:52.869  1434  2161 V AlarmManager:  remove PendingIntent] PendingIntent{6820d5e: PendingIntentRecord{7dda64d com.android.bluetooth broadcastIntent}}
04-11 02:51:52.869  1434  2575 V AlarmManager:  remove PendingIntent] PendingIntent{a26853f: PendingIntentRecord{7dda64d com.android.bluetooth broadcastIntent}}
04-11 02:51:52.879  1434  1453 V AlarmManager:  remove PendingIntent] PendingIntent{cba1e0c: PendingIntentRecord{7dda64d com.android.bluetooth broadcastIntent}}
04-11 02:51:52.879  1434  2609 V AlarmManager:  remove PendingIntent] PendingIntent{9aea355: PendingIntentRecord{7dda64d com.android.bluetooth broadcastIntent}}
04-11 02:51:52.889  1434  4880 V AlarmManager:  remove PendingIntent] PendingIntent{ddda16a: PendingIntentRecord{7dda64d com.android.bluetooth broadcastIntent}}
04-11 02:51:52.889  1434  2584 V AlarmManager:  remove PendingIntent] PendingIntent{88365b: PendingIntentRecord{7dda64d com.android.bluetooth broadcastIntent}}
04-11 02:51:52.899  1434  2584 V AlarmManager:  remove PendingIntent] PendingIntent{ff10ef8: PendingIntentRecord{7dda64d com.android.bluetooth broadcastIntent}}
04-11 02:51:52.899  3450  3465 I native-activity: Swap 410 time is 41.669ms
04-11 02:51:52.899  3450  3465 I native-activity: Animating
04-11 02:51:52.909  1434  2609 V AlarmManager:  remove PendingIntent] PendingIntent{8031fd1: PendingIntentRecord{7dda64d com.android.bluetooth broadcastIntent}}
04-11 02:51:52.909  3450  3465 I native-activity: Frame 411 GL error is 0x0
04-11 02:51:52.909  3450  3465 I native-activity: Frame 411 time is 7.918ms
