04-11 03:16:38.015  9048  9064 I native-activity: Swap 254 time is 38.235ms
04-11 03:16:38.015  9048  9064 I native-activity: Animating
04-11 03:16:38.015  9048  9064 I native-activity: Frame 255 GL error is 0x0
04-11 03:16:38.015  9048  9064 I native-activity: Frame 255 time is 7.655ms
04-11 03:16:38.055  9048  9064 I native-activity: Swap 255 time is 39.319ms
04-11 03:16:38.055  9048  9064 I native-activity: Animating
04-11 03:16:38.065  9048  9064 I native-activity: Frame 256 GL error is 0x0
04-11 03:16:38.065  9048  9064 I native-activity: Frame 256 time is 14.978ms
04-11 03:16:38.095  9048  9064 I native-activity: Swap 256 time is 46.779ms
04-11 03:16:38.095  9048  9064 I native-activity: Animating
04-11 03:16:38.105  9048  9064 I native-activity: Frame 257 GL error is 0x0
04-11 03:16:38.105  9048  9064 I native-activity: Frame 257 time is 7.686ms
04-11 03:16:38.135  9048  9064 I native-activity: Swap 257 time is 39.290ms
04-11 03:16:38.135  9048  9064 I native-activity: Animating
04-11 03:16:38.145  9048  9064 I native-activity: Frame 258 GL error is 0x0
04-11 03:16:38.145  9048  9064 I native-activity: Frame 258 time is 8.627ms
04-11 03:16:38.175  9048  9064 I native-activity: Swap 258 time is 40.464ms
04-11 03:16:38.175  9048  9064 I native-activity: Animating
04-11 03:16:38.185  9048  9064 I native-activity: Context 0x6493c4e8 made current on surface 0x620f2cc0, error 0x3000
04-11 03:16:38.185  9048  9064 I native-activity: GL information
04-11 03:16:38.185  9048  9064 I native-activity: 	Renderer: Adreno (TM) 330
04-11 03:16:38.185  9048  9064 I native-activity: 	Vendor: Qualcomm
04-11 03:16:38.185  9048  9064 I native-activity: 	Version: OpenGL ES 3.0 V@66.0 AU@  (CL@)
04-11 03:16:38.185  9048  9064 I native-activity: 	Shading Language: OpenGL ES GLSL ES 3.00
04-11 03:16:38.185  9048  9064 I native-activity: 	Extensions: GL_AMD_compressed_ATC_texture GL_AMD_performance_monitor GL_AMD_program_binary_Z400 GL_EXT_debug_label GL_EXT_debug_marker GL_EXT_discard_framebuffer GL_EXT_robustness GL_EXT_texture_format_BGRA8888 GL_EXT_texture_type_2_10_10_10_REV GL_NV_fence GL_OES_compressed_ETC1_RGB8_texture GL_OES_depth_texture GL_OES_depth24 GL_OES_EGL_image GL_OES_EGL_image_external GL_OES_element_index_uint GL_OES_fbo_render_mipmap GL_OES_fragment_precision_high GL_OES_get_program_binary GL_OES_packed_depth_stencil GL_OES_depth_texture_cube_map GL_OES_rgb8_rgba8 GL_OES_standard_derivatives GL_OES_texture_3D GL_OES_texture_float GL_OES_texture_half_float GL_OES_texture_half_float_linear GL_OES_texture_npot GL_OES_vertex_half_float GL_OES_vertex_type_10_10_10_2 GL_OES_vertex_array_object GL_QCOM_alpha_test GL_QCOM_binning_control GL_QCOM_driver_control GL_QCOM_perfmon_global_mode GL_QCOM_extended_get GL_QCOM_extended_get2 GL_QCOM_tiled_rendering GL_QCOM_writeonly_rendering GL_EXT_sRGB GL_EXT_sRGB_write_control GL_EXT_tex
04-11 03:16:38.185  9048  9064 I native-activity: Context 0x6493c4e8 made current on surface 0x620f2cc0, error 0x3000
04-11 03:16:38.185  9048  9064 I native-activity: GL information
04-11 03:16:38.185  9048  9064 I native-activity: 	Renderer: Adreno (TM) 330
04-11 03:16:38.185  9048  9064 I native-activity: 	Vendor: Qualcomm
04-11 03:16:38.185  9048  9064 I native-activity: 	Version: OpenGL ES 3.0 V@66.0 AU@  (CL@)
04-11 03:16:38.185  9048  9064 I native-activity: 	Shading Language: OpenGL ES GLSL ES 3.00
04-11 03:16:38.185  9048  9064 I native-activity: 	Extensions: GL_AMD_compressed_ATC_texture GL_AMD_performance_monitor GL_AMD_program_binary_Z400 GL_EXT_debug_label GL_EXT_debug_marker GL_EXT_discard_framebuffer GL_EXT_robustness GL_EXT_texture_format_BGRA8888 GL_EXT_texture_type_2_10_10_10_REV GL_NV_fence GL_OES_compressed_ETC1_RGB8_texture GL_OES_depth_texture GL_OES_depth24 GL_OES_EGL_image GL_OES_EGL_image_external GL_OES_element_index_uint GL_OES_fbo_render_mipmap GL_OES_fragment_precision_high GL_OES_get_program_binary GL_OES_packed_depth_stencil GL_OES_depth_texture_cube_map GL_OES_rgb8_rgba8 GL_OES_standard_derivatives GL_OES_texture_3D GL_OES_texture_float GL_OES_texture_half_float GL_OES_texture_half_float_linear GL_OES_texture_npot GL_OES_vertex_half_float GL_OES_vertex_type_10_10_10_2 GL_OES_vertex_array_object GL_QCOM_alpha_test GL_QCOM_binning_control GL_QCOM_driver_control GL_QCOM_perfmon_global_mode GL_QCOM_extended_get GL_QCOM_extended_get2 GL_QCOM_tiled_rendering GL_QCOM_writeonly_rendering GL_EXT_sRGB GL_EXT_sRGB_write_control GL_EXT_tex
04-11 03:16:38.185  9048  9064 W Adreno-ES20: <core_glDisableVertexAttribArray:165>: GL_INVALID_VALUE
04-11 03:16:38.185  9048  9064 I native-activity: Frame 259 GL error is 0x501
04-11 03:16:38.185  9048  9064 I native-activity: Frame 259 time is 7.209ms
04-11 03:16:38.215  9048  9064 I native-activity: Swap 259 time is 39.001ms
04-11 03:16:38.215  9048  9064 I native-activity: Animating
04-11 03:16:38.225  9048  9064 I native-activity: Frame 260 GL error is 0x0
04-11 03:16:38.225  9048  9064 I native-activity: Frame 260 time is 7.466ms
04-11 03:16:38.255  9048  9064 I native-activity: Swap 260 time is 39.084ms
04-11 03:16:38.255  9048  9064 I native-activity: Animating
04-11 03:16:38.265  9048  9064 I native-activity: Frame 261 GL error is 0x0
04-11 03:16:38.265  9048  9064 I native-activity: Frame 261 time is 9.409ms
04-11 03:16:38.295  9048  9064 I native-activity: Swap 261 time is 41.068ms
04-11 03:16:38.295  9048  9064 I native-activity: Animating
04-11 03:16:38.305  9048  9064 I native-activity: Frame 262 GL error is 0x0
04-11 03:16:38.305  9048  9064 I native-activity: Frame 262 time is 6.503ms
04-11 03:16:38.335  9048  9064 I native-activity: Swap 262 time is 38.239ms
04-11 03:16:38.335  9048  9064 I native-activity: Animating
04-11 03:16:38.345  9048  9064 I native-activity: Frame 263 GL error is 0x0
04-11 03:16:38.345  9048  9064 I native-activity: Frame 263 time is 13.854ms
04-11 03:16:38.385  9048  9064 I native-activity: Swap 263 time is 45.526ms
04-11 03:16:38.385  9048  9064 I native-activity: Animating
04-11 03:16:38.385  9048  9064 I native-activity: Frame 264 GL error is 0x0
04-11 03:16:38.385  9048  9064 I native-activity: Frame 264 time is 8.511ms
04-11 03:16:38.425  9048  9064 I native-activity: Swap 264 time is 40.351ms
04-11 03:16:38.425  9048  9064 I native-activity: Animating
04-11 03:16:38.425  9048  9064 I native-activity: Frame 265 GL error is 0x0
04-11 03:16:38.425  9048  9064 I native-activity: Frame 265 time is 6.668ms
04-11 03:16:38.465  9048  9064 I native-activity: Swap 265 time is 38.376ms
04-11 03:16:38.465  9048  9064 I native-activity: Animating
04-11 03:16:38.465  9048  9064 I native-activity: Frame 266 GL error is 0x0
04-11 03:16:38.465  9048  9064 I native-activity: Frame 266 time is 9.356ms
04-11 03:16:38.505  9048  9064 I native-activity: Swap 266 time is 41.008ms
04-11 03:16:38.505  9048  9064 I native-activity: Animating
04-11 03:16:38.505  9048  9064 I native-activity: Frame 267 GL error is 0x0
04-11 03:16:38.505  9048  9064 I native-activity: Frame 267 time is 8.432ms
04-11 03:16:38.545  9048  9064 I native-activity: Swap 267 time is 40.078ms
04-11 03:16:38.545  9048  9064 I native-activity: Animating
04-11 03:16:38.545  9048  9064 I native-activity: Frame 268 GL error is 0x0
04-11 03:16:38.545  9048  9064 I native-activity: Frame 268 time is 7.844ms
04-11 03:16:38.585  9048  9064 I native-activity: Swap 268 time is 39.500ms
04-11 03:16:38.585  9048  9064 I native-activity: Animating
04-11 03:16:38.595  9048  9064 I native-activity: Frame 269 GL error is 0x0
04-11 03:16:38.595  9048  9064 I native-activity: Frame 269 time is 11.031ms
04-11 03:16:38.625  9048  9064 I native-activity: Swap 269 time is 42.687ms
04-11 03:16:38.625  9048  9064 I native-activity: Animating
04-11 03:16:38.635  9048  9064 I native-activity: Frame 270 GL error is 0x0
04-11 03:16:38.635  9048  9064 I native-activity: Frame 270 time is 9.570ms
04-11 03:16:38.665  9048  9064 I native-activity: Swap 270 time is 41.294ms
04-11 03:16:38.665  9048  9064 I native-activity: Animating
04-11 03:16:38.675  9048  9064 I native-activity: Frame 271 GL error is 0x0
04-11 03:16:38.675  9048  9064 I native-activity: Frame 271 time is 6.588ms
04-11 03:16:38.705  9048  9064 I native-activity: Swap 271 time is 38.180ms
04-11 03:16:38.705  9048  9064 I native-activity: Animating
04-11 03:16:38.715  9048  9064 I native-activity: Frame 272 GL error is 0x0
04-11 03:16:38.715  9048  9064 I native-activity: Frame 272 time is 7.856ms
04-11 03:16:38.745  9048  9064 I native-activity: Swap 272 time is 39.514ms
04-11 03:16:38.745  9048  9064 I native-activity: Animating
04-11 03:16:38.755  9048  9064 I native-activity: Frame 273 GL error is 0x0
04-11 03:16:38.755  9048  9064 I native-activity: Frame 273 time is 7.535ms
04-11 03:16:38.785  9048  9064 I native-activity: Swap 273 time is 39.190ms
04-11 03:16:38.785  9048  9064 I native-activity: Animating
04-11 03:16:38.785  9048  9064 W Adreno-ES20: <core_glGetActiveAttrib:534>: GL_INVALID_VALUE
04-11 03:16:38.795  9048  9064 I native-activity: Frame 274 GL error is 0x501
04-11 03:16:38.795  9048  9064 I native-activity: Frame 274 time is 12.863ms
04-11 03:16:38.825  9048  9064 I native-activity: Swap 274 time is 46.402ms
04-11 03:16:38.825  9048  9064 I native-activity: Animating
04-11 03:16:38.835  9048  9064 I native-activity: Frame 275 GL error is 0x0
04-11 03:16:38.835  9048  9064 I native-activity: Frame 275 time is 7.785ms
04-11 03:16:38.865  9048  9064 I native-activity: Swap 275 time is 39.316ms
04-11 03:16:38.865  9048  9064 I native-activity: Animating
04-11 03:16:38.875  9048  9064 I native-activity: Frame 276 GL error is 0x0
04-11 03:16:38.875  9048  9064 I native-activity: Frame 276 time is 7.359ms
04-11 03:16:38.905  9048  9064 I native-activity: Swap 276 time is 39.025ms
04-11 03:16:38.905  9048  9064 I native-activity: Animating
04-11 03:16:38.915  9048  9064 I native-activity: Frame 277 GL error is 0x0
04-11 03:16:38.915  9048  9064 I native-activity: Frame 277 time is 10.509ms
04-11 03:16:38.945  9048  9064 I native-activity: Swap 277 time is 42.231ms
04-11 03:16:38.945  9048  9064 I native-activity: Animating
04-11 03:16:38.965  9048  9064 I native-activity: Frame 278 GL error is 0x0
04-11 03:16:38.965  9048  9064 I native-activity: Frame 278 time is 11.795ms
04-11 03:16:38.995  9048  9064 I native-activity: Swap 278 time is 43.984ms
04-11 03:16:38.995  9048  9064 I native-activity: Animating
04-11 03:16:39.005  9048  9064 I native-activity: Frame 279 GL error is 0x0
04-11 03:16:39.005  9048  9064 I native-activity: Frame 279 time is 12.810ms
04-11 03:16:39.035  9048  9064 I native-activity: Swap 279 time is 44.462ms
04-11 03:16:39.035  9048  9064 I native-activity: Animating
04-11 03:16:39.055  9048  9064 I native-activity: Frame 280 GL error is 0x0
04-11 03:16:39.055  9048  9064 I native-activity: Frame 280 time is 12.913ms
04-11 03:16:39.085  9048  9064 I native-activity: Swap 280 time is 44.470ms
04-11 03:16:39.085  9048  9064 I native-activity: Animating
04-11 03:16:39.095  9048  9064 I native-activity: Frame 281 GL error is 0x0
04-11 03:16:39.095  9048  9064 I native-activity: Frame 281 time is 8.892ms
04-11 03:16:39.125  9048  9064 I native-activity: Swap 281 time is 40.567ms
04-11 03:16:39.125  9048  9064 I native-activity: Animating
04-11 03:16:39.135  9048  9064 I native-activity: Frame 282 GL error is 0x0
04-11 03:16:39.135  9048  9064 I native-activity: Frame 282 time is 9.428ms
04-11 03:16:39.135 27027 27027 D StatusBar.NetworkController: refreshViews: Data not connected!! Set no data type icon / Roaming
04-11 03:16:39.165  9048  9064 I native-activity: Swap 282 time is 41.252ms
04-11 03:16:39.165  9048  9064 I native-activity: Animating
04-11 03:16:39.175  9048  9064 I native-activity: Frame 283 GL error is 0x0
04-11 03:16:39.175  9048  9064 I native-activity: Frame 283 time is 9.331ms
04-11 03:16:39.205  9048  9064 I native-activity: Swap 283 time is 41.140ms
04-11 03:16:39.205  9048  9064 I native-activity: Animating
04-11 03:16:39.215  9048  9064 I native-activity: Frame 284 GL error is 0x0
04-11 03:16:39.215  9048  9064 I native-activity: Frame 284 time is 9.671ms
04-11 03:16:39.245  9048  9064 I native-activity: Swap 284 time is 41.432ms
04-11 03:16:39.245  9048  9064 I native-activity: Animating
04-11 03:16:39.255  9048  9064 I native-activity: Frame 285 GL error is 0x0
04-11 03:16:39.255  9048  9064 I native-activity: Frame 285 time is 10.119ms
04-11 03:16:39.275 26866 26922 D WifiStateMachine: RSSI dipped below -75 dB. Current RSSI: -89 dB
04-11 03:16:39.285  9048  9064 I native-activity: Swap 285 time is 41.839ms
04-11 03:16:39.295  9048  9064 I native-activity: Animating
04-11 03:16:39.305  9048  9064 I native-activity: Frame 286 GL error is 0x0
04-11 03:16:39.305  9048  9064 I native-activity: Frame 286 time is 10.392ms
04-11 03:16:39.335  9048  9064 I native-activity: Swap 286 time is 42.319ms
04-11 03:16:39.335  9048  9064 I native-activity: Animating
04-11 03:16:39.345  9048  9064 I native-activity: Frame 287 GL error is 0x0
04-11 03:16:39.345  9048  9064 I native-activity: Frame 287 time is 11.511ms
04-11 03:16:39.375  9048  9064 I native-activity: Swap 287 time is 43.502ms
04-11 03:16:39.375  9048  9064 I native-activity: Animating
04-11 03:16:39.385  9048  9064 I native-activity: Frame 288 GL error is 0x0
04-11 03:16:39.385  9048  9064 I native-activity: Frame 288 time is 10.553ms
04-11 03:16:39.415  9048  9064 I native-activity: Swap 288 time is 42.429ms
04-11 03:16:39.415  9048  9064 I native-activity: Animating
04-11 03:16:39.435  9048  9064 I native-activity: Frame 289 GL error is 0x0
04-11 03:16:39.435  9048  9064 I native-activity: Frame 289 time is 10.462ms
04-11 03:16:39.465  9048  9064 I native-activity: Swap 289 time is 42.230ms
04-11 03:16:39.465  9048  9064 I native-activity: Animating
04-11 03:16:39.475  9048  9064 I native-activity: Frame 290 GL error is 0x0
04-11 03:16:39.475  9048  9064 I native-activity: Frame 290 time is 9.739ms
04-11 03:16:39.505  9048  9064 I native-activity: Swap 290 time is 41.646ms
04-11 03:16:39.505  9048  9064 I native-activity: Animating
04-11 03:16:39.515  9048  9064 I native-activity: Frame 291 GL error is 0x0
04-11 03:16:39.515  9048  9064 I native-activity: Frame 291 time is 10.582ms
04-11 03:16:39.545  9048  9064 I native-activity: Swap 291 time is 42.403ms
04-11 03:16:39.545  9048  9064 I native-activity: Animating
04-11 03:16:39.555  9048  9064 I native-activity: Frame 292 GL error is 0x0
04-11 03:16:39.555  9048  9064 I native-activity: Frame 292 time is 9.479ms
04-11 03:16:39.585  9048  9064 I native-activity: Swap 292 time is 41.363ms
04-11 03:16:39.585  9048  9064 I native-activity: Animating
04-11 03:16:39.605  9048  9064 I native-activity: Frame 293 GL error is 0x0
04-11 03:16:39.605  9048  9064 I native-activity: Frame 293 time is 13.517ms
04-11 03:16:39.635  9048  9064 I native-activity: Swap 293 time is 45.248ms
04-11 03:16:39.635  9048  9064 I native-activity: Animating
04-11 03:16:39.645  9048  9064 I native-activity: Frame 294 GL error is 0x0
04-11 03:16:39.645  9048  9064 I native-activity: Frame 294 time is 9.957ms
04-11 03:16:39.675  9048  9064 I native-activity: Swap 294 time is 41.716ms
04-11 03:16:39.675  9048  9064 I native-activity: Animating
04-11 03:16:39.685  9048  9064 I native-activity: Frame 295 GL error is 0x0
04-11 03:16:39.685  9048  9064 I native-activity: Frame 295 time is 10.306ms
04-11 03:16:39.685 27027 27027 D StatusBar.NetworkController: refreshViews: Data not connected!! Set no data type icon / Roaming
04-11 03:16:39.715  9048  9064 I native-activity: Swap 295 time is 42.163ms
04-11 03:16:39.715  9048  9064 I native-activity: Animating
04-11 03:16:39.725  9048  9064 I native-activity: Frame 296 GL error is 0x0
04-11 03:16:39.725  9048  9064 I native-activity: Frame 296 time is 5.976ms
04-11 03:16:39.755  9048  9064 I native-activity: Swap 296 time is 37.670ms
04-11 03:16:39.755  9048  9064 I native-activity: Animating
04-11 03:16:39.765  9048  9064 I native-activity: Frame 297 GL error is 0x0
04-11 03:16:39.765  9048  9064 I native-activity: Frame 297 time is 7.781ms
04-11 03:16:39.795  9048  9064 I native-activity: Swap 297 time is 39.437ms
04-11 03:16:39.795  9048  9064 I native-activity: Animating
04-11 03:16:39.805  9048  9064 I native-activity: Frame 298 GL error is 0x0
04-11 03:16:39.805  9048  9064 I native-activity: Frame 298 time is 7.564ms
04-11 03:16:39.835  9048  9064 I native-activity: Swap 298 time is 39.681ms
04-11 03:16:39.835  9048  9064 I native-activity: Animating
04-11 03:16:39.845  9048  9064 I native-activity: Frame 299 GL error is 0x0
04-11 03:16:39.845  9048  9064 I native-activity: Frame 299 time is 8.270ms
04-11 03:16:39.875  9048  9064 I native-activity: Swap 299 time is 40.034ms
04-11 03:16:39.875  9048  9064 I native-activity: Animating
04-11 03:16:39.885  9048  9064 I native-activity: Frame 300 GL error is 0x0
04-11 03:16:39.885  9048  9064 I native-activity: Frame 300 time is 6.668ms
04-11 03:16:39.915  9048  9064 I native-activity: Swap 300 time is 38.469ms
04-11 03:16:39.915  9048  9064 I native-activity: Animating
04-11 03:16:39.925  9048  9064 I native-activity: Frame 301 GL error is 0x0
04-11 03:16:39.925  9048  9064 I native-activity: Frame 301 time is 8.888ms
04-11 03:16:39.955  9048  9064 I native-activity: Swap 301 time is 40.684ms
04-11 03:16:39.955  9048  9064 I native-activity: Animating
04-11 03:16:39.965  9048  9064 I native-activity: Frame 302 GL error is 0x0
04-11 03:16:39.965  9048  9064 I native-activity: Frame 302 time is 7.186ms
04-11 03:16:39.995  9048  9064 I native-activity: Swap 302 time is 39.026ms
04-11 03:16:39.995  9048  9064 I native-activity: Animating
04-11 03:16:40.005  9048  9064 I native-activity: Frame 303 GL error is 0x0
04-11 03:16:40.005  9048  9064 I native-activity: Frame 303 time is 6.746ms
04-11 03:16:40.035  9048  9064 I native-activity: Swap 303 time is 38.850ms
04-11 03:16:40.035  9048  9064 I native-activity: Animating
04-11 03:16:40.045  9048  9064 I native-activity: Frame 304 GL error is 0x0
04-11 03:16:40.045  9048  9064 I native-activity: Frame 304 time is 7.895ms
04-11 03:16:40.075  9048  9064 I native-activity: Swap 304 time is 39.607ms
04-11 03:16:40.075  9048  9064 I native-activity: Animating
04-11 03:16:40.085  9048  9064 I native-activity: Frame 305 GL error is 0x0
04-11 03:16:40.085  9048  9064 I native-activity: Frame 305 time is 10.763ms
04-11 03:16:40.115  9048  9064 I native-activity: Swap 305 time is 42.371ms
04-11 03:16:40.115  9048  9064 I native-activity: Animating
04-11 03:16:40.125  9048  9064 I native-activity: Frame 306 GL error is 0x0
04-11 03:16:40.125  9048  9064 I native-activity: Frame 306 time is 6.462ms
04-11 03:16:40.155  9048  9064 I native-activity: Swap 306 time is 38.049ms
04-11 03:16:40.155  9048  9064 I native-activity: Animating
04-11 03:16:40.165  9048  9064 I native-activity: Frame 307 GL error is 0x0
04-11 03:16:40.165  9048  9064 I native-activity: Frame 307 time is 6.765ms
04-11 03:16:40.195  9048  9064 I native-activity: Swap 307 time is 38.387ms
04-11 03:16:40.195  9048  9064 I native-activity: Animating
04-11 03:16:40.195  9048  9064 I native-activity: Frame 308 GL error is 0x0
04-11 03:16:40.195  9048  9064 I native-activity: Frame 308 time is 5.387ms
04-11 03:16:40.225  9048  9064 I native-activity: Swap 308 time is 37.278ms
04-11 03:16:40.225  9048  9064 I native-activity: Animating
04-11 03:16:40.235  9048  9064 I native-activity: Frame 309 GL error is 0x0
04-11 03:16:40.235  9048  9064 I native-activity: Frame 309 time is 7.087ms
04-11 03:16:40.265  9048  9064 I native-activity: Swap 309 time is 38.894ms
04-11 03:16:40.265  9048  9064 I native-activity: Animating
04-11 03:16:40.275  9048  9064 I native-activity: Frame 310 GL error is 0x0
04-11 03:16:40.275  9048  9064 I native-activity: Frame 310 time is 5.844ms
04-11 03:16:40.305  9048  9064 I native-activity: Swap 310 time is 37.759ms
04-11 03:16:40.305  9048  9064 I native-activity: Animating
04-11 03:16:40.315  9048  9064 W Adreno-ES20: <core_glGetActiveAttrib:534>: GL_INVALID_VALUE
04-11 03:16:40.345  9048  9064 I native-activity: Frame 311 GL error is 0x501
04-11 03:16:40.345  9048  9064 I native-activity: Frame 311 time is 38.215ms
04-11 03:16:40.375  9048  9064 I native-activity: Swap 311 time is 69.885ms
04-11 03:16:40.375  9048  9064 I native-activity: Animating
04-11 03:16:40.385  9048  9064 I native-activity: Frame 312 GL error is 0x0
04-11 03:16:40.385  9048  9064 I native-activity: Frame 312 time is 11.635ms
04-11 03:16:40.425  9048  9064 I native-activity: Swap 312 time is 43.568ms
04-11 03:16:40.425  9048  9064 I native-activity: Animating
04-11 03:16:40.435  9048  9064 I native-activity: Frame 313 GL error is 0x0
04-11 03:16:40.435  9048  9064 I native-activity: Frame 313 time is 12.430ms
04-11 03:16:40.465  9048  9064 I native-activity: Swap 313 time is 44.139ms
04-11 03:16:40.465  9048  9064 I native-activity: Animating
04-11 03:16:40.475  9048  9064 I native-activity: Frame 314 GL error is 0x0
04-11 03:16:40.475  9048  9064 I native-activity: Frame 314 time is 6.173ms
04-11 03:16:40.505  9048  9064 I native-activity: Swap 314 time is 38.119ms
04-11 03:16:40.505  9048  9064 I native-activity: Animating
04-11 03:16:40.515  9048  9064 W Adreno-ES20: <core_glGetActiveAttrib:534>: GL_INVALID_VALUE
04-11 03:16:40.515  9048  9064 I native-activity: Frame 315 GL error is 0x501
04-11 03:16:40.515  9048  9064 I native-activity: Frame 315 time is 12.418ms
04-11 03:16:40.545  9048  9064 I native-activity: Swap 315 time is 44.597ms
04-11 03:16:40.545  9048  9064 I native-activity: Animating
04-11 03:16:40.555  9048  9064 I native-activity: Frame 316 GL error is 0x0
04-11 03:16:40.555  9048  9064 I native-activity: Frame 316 time is 6.009ms
04-11 03:16:40.585  9048  9064 I native-activity: Swap 316 time is 38.360ms
04-11 03:16:40.585  9048  9064 I native-activity: Animating
04-11 03:16:40.595  9048  9064 I native-activity: Frame 317 GL error is 0x0
04-11 03:16:40.595  9048  9064 I native-activity: Frame 317 time is 7.813ms
04-11 03:16:40.625  9048  9064 I native-activity: Swap 317 time is 40.614ms
04-11 03:16:40.625  9048  9064 I native-activity: Animating
04-11 03:16:40.635  9048  9064 I native-activity: Frame 318 GL error is 0x0
04-11 03:16:40.635  9048  9064 I native-activity: Frame 318 time is 6.496ms
04-11 03:16:40.665  9048  9064 I native-activity: Swap 318 time is 39.237ms
04-11 03:16:40.665  9048  9064 I native-activity: Animating
04-11 03:16:40.675  9048  9064 I native-activity: Frame 319 GL error is 0x0
04-11 03:16:40.675  9048  9064 I native-activity: Frame 319 time is 6.788ms
04-11 03:16:40.705  9048  9064 I native-activity: Swap 319 time is 39.610ms
04-11 03:16:40.705  9048  9064 I native-activity: Animating
04-11 03:16:40.715  9048  9064 I native-activity: Frame 320 GL error is 0x0
04-11 03:16:40.715  9048  9064 I native-activity: Frame 320 time is 6.300ms
04-11 03:16:40.745  9048  9064 I native-activity: Swap 320 time is 39.026ms
04-11 03:16:40.745  9048  9064 I native-activity: Animating
04-11 03:16:40.755  9048  9064 I native-activity: Frame 321 GL error is 0x0
04-11 03:16:40.755  9048  9064 I native-activity: Frame 321 time is 6.292ms
04-11 03:16:40.785  9048  9064 I native-activity: Swap 321 time is 39.098ms
04-11 03:16:40.785  9048  9064 I native-activity: Animating
04-11 03:16:40.795  9048  9064 I native-activity: Frame 322 GL error is 0x0
04-11 03:16:40.795  9048  9064 I native-activity: Frame 322 time is 6.289ms
04-11 03:16:40.825  9048  9064 I native-activity: Swap 322 time is 39.196ms
04-11 03:16:40.825  9048  9064 I native-activity: Animating
04-11 03:16:40.835  9048  9064 I native-activity: Frame 323 GL error is 0x0
04-11 03:16:40.835  9048  9064 I native-activity: Frame 323 time is 6.934ms
04-11 03:16:40.865  9048  9064 I native-activity: Swap 323 time is 39.785ms
04-11 03:16:40.865  9048  9064 I native-activity: Animating
04-11 03:16:40.875  9048  9064 I native-activity: Frame 324 GL error is 0x0
04-11 03:16:40.875  9048  9064 I native-activity: Frame 324 time is 7.998ms
04-11 03:16:40.905  9048  9064 I native-activity: Swap 324 time is 40.774ms
04-11 03:16:40.905  9048  9064 I native-activity: Animating
04-11 03:16:40.915  9048  9064 I native-activity: Frame 325 GL error is 0x0
04-11 03:16:40.915  9048  9064 I native-activity: Frame 325 time is 6.270ms
04-11 03:16:40.945  9048  9064 I native-activity: Swap 325 time is 38.947ms
04-11 03:16:40.945  9048  9064 I native-activity: Animating
04-11 03:16:40.955  9048  9064 I native-activity: Frame 326 GL error is 0x0
04-11 03:16:40.955  9048  9064 I native-activity: Frame 326 time is 5.845ms
04-11 03:16:40.985  9048  9064 I native-activity: Swap 326 time is 38.500ms
04-11 03:16:40.985  9048  9064 I native-activity: Animating
04-11 03:16:40.985  9048  9064 I native-activity: Frame 327 GL error is 0x0
04-11 03:16:40.985  9048  9064 I native-activity: Frame 327 time is 6.265ms
04-11 03:16:41.025  9048  9064 I native-activity: Swap 327 time is 44.152ms
04-11 03:16:41.025  9048  9064 I native-activity: Animating
04-11 03:16:41.035  9048  9064 I native-activity: Frame 328 GL error is 0x0
04-11 03:16:41.035  9048  9064 I native-activity: Frame 328 time is 6.524ms
04-11 03:16:41.065  9048  9064 I native-activity: Swap 328 time is 39.229ms
04-11 03:16:41.065  9048  9064 I native-activity: Animating
04-11 03:16:41.075  9048  9064 I native-activity: Frame 329 GL error is 0x0
04-11 03:16:41.075  9048  9064 I native-activity: Frame 329 time is 5.502ms
04-11 03:16:41.105  9048  9064 I native-activity: Swap 329 time is 38.149ms
04-11 03:16:41.105  9048  9064 I native-activity: Animating
04-11 03:16:41.115  9048  9064 I native-activity: Frame 330 GL error is 0x0
04-11 03:16:41.115  9048  9064 I native-activity: Frame 330 time is 6.008ms
04-11 03:16:41.145  9048  9064 I native-activity: Swap 330 time is 38.672ms
04-11 03:16:41.145  9048  9064 I native-activity: Animating
04-11 03:16:41.155  9048  9064 I native-activity: Frame 331 GL error is 0x0
04-11 03:16:41.155  9048  9064 I native-activity: Frame 331 time is 5.656ms
04-11 03:16:41.185  9048  9064 I native-activity: Swap 331 time is 38.360ms
04-11 03:16:41.185  9048  9064 I native-activity: Animating
04-11 03:16:41.185 26866 27784 D Ulp_jni : Location CB invoked
04-11 03:16:41.195  9048  9064 I native-activity: Frame 332 GL error is 0x0
04-11 03:16:41.195  9048  9064 I native-activity: Frame 332 time is 7.565ms
04-11 03:16:41.225  9048  9064 I native-activity: Swap 332 time is 40.359ms
04-11 03:16:41.225  9048  9064 I native-activity: Animating
04-11 03:16:41.225  9048  9064 I native-activity: Frame 333 GL error is 0x0
04-11 03:16:41.225  9048  9064 I native-activity: Frame 333 time is 5.442ms
04-11 03:16:41.265  9048  9064 I native-activity: Swap 333 time is 38.215ms
04-11 03:16:41.265  9048  9064 I native-activity: Animating
04-11 03:16:41.265  9048  9064 I native-activity: Frame 334 GL error is 0x0
04-11 03:16:41.265  9048  9064 I native-activity: Frame 334 time is 6.069ms
04-11 03:16:41.305  9048  9064 I native-activity: Swap 334 time is 38.762ms
04-11 03:16:41.305  9048  9064 I native-activity: Animating
04-11 03:16:41.305  9048  9064 I native-activity: Frame 335 GL error is 0x0
04-11 03:16:41.305  9048  9064 I native-activity: Frame 335 time is 5.946ms
04-11 03:16:41.335  9048  9064 I native-activity: Swap 335 time is 38.546ms
04-11 03:16:41.335  9048  9064 I native-activity: Animating
04-11 03:16:41.345  9048  9064 I native-activity: Frame 336 GL error is 0x0
04-11 03:16:41.345  9048  9064 I native-activity: Frame 336 time is 5.258ms
04-11 03:16:41.375  9048  9064 I native-activity: Swap 336 time is 37.958ms
04-11 03:16:41.375  9048  9064 I native-activity: Animating
04-11 03:16:41.385  9048  9064 I native-activity: Frame 337 GL error is 0x0
04-11 03:16:41.385  9048  9064 I native-activity: Frame 337 time is 5.687ms
04-11 03:16:41.415  9048  9064 I native-activity: Swap 337 time is 38.374ms
04-11 03:16:41.415  9048  9064 I native-activity: Animating
04-11 03:16:41.425  9048  9064 I native-activity: Frame 338 GL error is 0x0
04-11 03:16:41.425  9048  9064 I native-activity: Frame 338 time is 5.686ms
04-11 03:16:41.455  9048  9064 I native-activity: Swap 338 time is 38.471ms
04-11 03:16:41.455  9048  9064 I native-activity: Animating
04-11 03:16:41.465  9048  9064 I native-activity: Frame 339 GL error is 0x0
04-11 03:16:41.465  9048  9064 I native-activity: Frame 339 time is 6.109ms
04-11 03:16:41.495  9048  9064 I native-activity: Swap 339 time is 38.905ms
04-11 03:16:41.495  9048  9064 I native-activity: Animating
04-11 03:16:41.495  9048  9064 I native-activity: Frame 340 GL error is 0x0
04-11 03:16:41.495  9048  9064 I native-activity: Frame 340 time is 5.331ms
04-11 03:16:41.535  9048  9064 I native-activity: Swap 340 time is 38.098ms
04-11 03:16:41.535  9048  9064 I native-activity: Animating
04-11 03:16:41.535  9048  9064 I native-activity: Frame 341 GL error is 0x0
04-11 03:16:41.535  9048  9064 I native-activity: Frame 341 time is 6.535ms
04-11 03:16:41.575  9048  9064 I native-activity: Swap 341 time is 39.290ms
04-11 03:16:41.575  9048  9064 I native-activity: Animating
04-11 03:16:41.575  9048  9064 I native-activity: Frame 342 GL error is 0x0
04-11 03:16:41.575  9048  9064 I native-activity: Frame 342 time is 6.716ms
04-11 03:16:41.615  9048  9064 I native-activity: Swap 342 time is 39.578ms
04-11 03:16:41.615  9048  9064 I native-activity: Animating
04-11 03:16:41.615  9048  9064 I native-activity: Frame 343 GL error is 0x0
04-11 03:16:41.615  9048  9064 I native-activity: Frame 343 time is 6.761ms
04-11 03:16:41.655  9048  9064 I native-activity: Swap 343 time is 39.776ms
04-11 03:16:41.655  9048  9064 I native-activity: Animating
04-11 03:16:41.655  9048  9064 I native-activity: Frame 344 GL error is 0x0
04-11 03:16:41.655  9048  9064 I native-activity: Frame 344 time is 6.567ms
04-11 03:16:41.695  9048  9064 I native-activity: Swap 344 time is 39.346ms
04-11 03:16:41.695  9048  9064 I native-activity: Animating
04-11 03:16:41.695  9048  9064 I native-activity: Frame 345 GL error is 0x0
04-11 03:16:41.695  9048  9064 I native-activity: Frame 345 time is 6.526ms
04-11 03:16:41.735  9048  9064 I native-activity: Swap 345 time is 39.300ms
04-11 03:16:41.735  9048  9064 I native-activity: Animating
04-11 03:16:41.745  9048  9064 I native-activity: Frame 346 GL error is 0x0
04-11 03:16:41.745  9048  9064 I native-activity: Frame 346 time is 8.928ms
04-11 03:16:41.775  9048  9064 I native-activity: Swap 346 time is 41.585ms
04-11 03:16:41.775  9048  9064 I native-activity: Animating
04-11 03:16:41.775  9048  9064 I native-activity: Frame 347 GL error is 0x0
04-11 03:16:41.775  9048  9064 I native-activity: Frame 347 time is 5.284ms
04-11 03:16:41.815  9048  9064 I native-activity: Swap 347 time is 37.990ms
04-11 03:16:41.815  9048  9064 I native-activity: Animating
04-11 03:16:41.815  9048  9064 I native-activity: Frame 348 GL error is 0x0
04-11 03:16:41.815  9048  9064 I native-activity: Frame 348 time is 5.190ms
04-11 03:16:41.845  9048  9064 I native-activity: Swap 348 time is 37.976ms
04-11 03:16:41.845  9048  9064 I native-activity: Animating
04-11 03:16:41.855  9048  9064 I native-activity: Frame 349 GL error is 0x0
04-11 03:16:41.855  9048  9064 I native-activity: Frame 349 time is 5.313ms
04-11 03:16:41.885  9048  9064 I native-activity: Swap 349 time is 38.038ms
04-11 03:16:41.885  9048  9064 I native-activity: Animating
04-11 03:16:41.895  9048  9064 I native-activity: Frame 350 GL error is 0x0
04-11 03:16:41.895  9048  9064 I native-activity: Frame 350 time is 5.516ms
04-11 03:16:41.925  9048  9064 I native-activity: Swap 350 time is 38.238ms
04-11 03:16:41.925  9048  9064 I native-activity: Animating
04-11 03:16:41.935  9048  9064 I native-activity: Frame 351 GL error is 0x0
04-11 03:16:41.935  9048  9064 I native-activity: Frame 351 time is 9.315ms
04-11 03:16:41.965  9048  9064 I native-activity: Swap 351 time is 43.461ms
04-11 03:16:41.975  9048  9064 I native-activity: Animating
04-11 03:16:41.975  9048  9064 I native-activity: Frame 352 GL error is 0x0
04-11 03:16:41.975  9048  9064 I native-activity: Frame 352 time is 6.105ms
04-11 03:16:42.005  9048  9064 I native-activity: Swap 352 time is 38.777ms
04-11 03:16:42.005  9048  9064 I native-activity: Animating
04-11 03:16:42.015  9048  9064 I native-activity: Frame 353 GL error is 0x0
04-11 03:16:42.015  9048  9064 I native-activity: Frame 353 time is 8.251ms
04-11 03:16:42.045  9048  9064 I native-activity: Swap 353 time is 40.989ms
04-11 03:16:42.045  9048  9064 I native-activity: Animating
04-11 03:16:42.055  9048  9064 I native-activity: Frame 354 GL error is 0x0
04-11 03:16:42.055  9048  9064 I native-activity: Frame 354 time is 8.544ms
04-11 03:16:42.095  9048  9064 I native-activity: Swap 354 time is 41.224ms
04-11 03:16:42.095  9048  9064 I native-activity: Animating
04-11 03:16:42.095  9048  9064 I native-activity: Frame 355 GL error is 0x0
04-11 03:16:42.095  9048  9064 I native-activity: Frame 355 time is 5.750ms
04-11 03:16:42.135  9048  9064 I native-activity: Swap 355 time is 38.435ms
04-11 03:16:42.135  9048  9064 I native-activity: Animating
04-11 03:16:42.135  9048  9064 I native-activity: Frame 356 GL error is 0x0
04-11 03:16:42.135  9048  9064 I native-activity: Frame 356 time is 6.016ms
04-11 03:16:42.135 27027 27027 D StatusBar.NetworkController: refreshViews: Data not connected!! Set no data type icon / Roaming
04-11 03:16:42.165  9048  9064 I native-activity: Swap 356 time is 38.636ms
04-11 03:16:42.165  9048  9064 I native-activity: Animating
04-11 03:16:42.175  9048  9064 I native-activity: Frame 357 GL error is 0x0
04-11 03:16:42.175  9048  9064 I native-activity: Frame 357 time is 6.109ms
04-11 03:16:42.205  9048  9064 I native-activity: Swap 357 time is 38.736ms
04-11 03:16:42.205  9048  9064 I native-activity: Animating
04-11 03:16:42.215  9048  9064 I native-activity: Frame 358 GL error is 0x0
04-11 03:16:42.215  9048  9064 I native-activity: Frame 358 time is 6.555ms
04-11 03:16:42.245  9048  9064 I native-activity: Swap 358 time is 39.258ms
04-11 03:16:42.245  9048  9064 I native-activity: Animating
04-11 03:16:42.245 27027 27027 D StatusBar.NetworkController: refreshViews: Data not connected!! Set no data type icon / Roaming
04-11 03:16:42.255  9048  9064 I native-activity: Frame 359 GL error is 0x0
04-11 03:16:42.255  9048  9064 I native-activity: Frame 359 time is 6.354ms
04-11 03:16:42.285 26866 26922 D WifiStateMachine: RSSI dipped below -75 dB. Current RSSI: -88 dB
04-11 03:16:42.285  9048  9064 I native-activity: Swap 359 time is 39.099ms
04-11 03:16:42.285  9048  9064 I native-activity: Animating
04-11 03:16:42.295  9048  9064 I native-activity: Frame 360 GL error is 0x0
04-11 03:16:42.295  9048  9064 I native-activity: Frame 360 time is 6.199ms
04-11 03:16:42.325  9048  9064 I native-activity: Swap 360 time is 38.937ms
04-11 03:16:42.325  9048  9064 I native-activity: Animating
04-11 03:16:42.335  9048  9064 I native-activity: Frame 361 GL error is 0x0
04-11 03:16:42.335  9048  9064 I native-activity: Frame 361 time is 7.887ms
04-11 03:16:42.375  9048  9064 I native-activity: Swap 361 time is 40.685ms
04-11 03:16:42.375  9048  9064 I native-activity: Animating
04-11 03:16:42.375  9048  9064 I native-activity: Frame 362 GL error is 0x0
04-11 03:16:42.375  9048  9064 I native-activity: Frame 362 time is 9.400ms
04-11 03:16:42.415  9048  9064 I native-activity: Swap 362 time is 42.007ms
04-11 03:16:42.415  9048  9064 I native-activity: Animating
04-11 03:16:42.415  9048  9064 I native-activity: Frame 363 GL error is 0x0
04-11 03:16:42.415  9048  9064 I native-activity: Frame 363 time is 9.341ms
04-11 03:16:42.455  9048  9064 I native-activity: Swap 363 time is 41.968ms
04-11 03:16:42.455  9048  9064 I native-activity: Animating
04-11 03:16:42.455  9048  9064 I native-activity: Frame 364 GL error is 0x0
04-11 03:16:42.455  9048  9064 I native-activity: Frame 364 time is 9.465ms
04-11 03:16:42.495  9048  9064 I native-activity: Swap 364 time is 42.061ms
04-11 03:16:42.495  9048  9064 I native-activity: Animating
04-11 03:16:42.495  9048  9064 I native-activity: Frame 365 GL error is 0x0
04-11 03:16:42.495  9048  9064 I native-activity: Frame 365 time is 5.241ms
04-11 03:16:42.535  9048  9064 I native-activity: Swap 365 time is 38.273ms
04-11 03:16:42.535  9048  9064 I native-activity: Animating
04-11 03:16:42.535  9048  9064 I native-activity: Frame 366 GL error is 0x0
04-11 03:16:42.535  9048  9064 I native-activity: Frame 366 time is 5.989ms
04-11 03:16:42.565  9048  9064 I native-activity: Swap 366 time is 38.869ms
04-11 03:16:42.565  9048  9064 I native-activity: Animating
04-11 03:16:42.575  9048  9064 I native-activity: Frame 367 GL error is 0x0
04-11 03:16:42.575  9048  9064 I native-activity: Frame 367 time is 5.631ms
04-11 03:16:42.615  9048  9064 I native-activity: Swap 367 time is 40.308ms
04-11 03:16:42.615  9048  9064 I native-activity: Animating
04-11 03:16:42.615  9048  9064 I native-activity: Frame 368 GL error is 0x0
04-11 03:16:42.615  9048  9064 I native-activity: Frame 368 time is 6.390ms
04-11 03:16:42.645  9048  9064 I native-activity: Swap 368 time is 39.466ms
04-11 03:16:42.645  9048  9064 I native-activity: Animating
04-11 03:16:42.655  9048  9064 I native-activity: Frame 369 GL error is 0x0
04-11 03:16:42.655  9048  9064 I native-activity: Frame 369 time is 5.778ms
04-11 03:16:42.685  9048  9064 I native-activity: Swap 369 time is 38.458ms
04-11 03:16:42.685  9048  9064 I native-activity: Animating
04-11 03:16:42.695  9048  9064 I native-activity: Frame 370 GL error is 0x0
04-11 03:16:42.695  9048  9064 I native-activity: Frame 370 time is 5.202ms
04-11 03:16:42.725  9048  9064 I native-activity: Swap 370 time is 38.165ms
04-11 03:16:42.725  9048  9064 I native-activity: Animating
04-11 03:16:42.735  9048  9064 I native-activity: Frame 371 GL error is 0x0
04-11 03:16:42.735  9048  9064 I native-activity: Frame 371 time is 5.902ms
04-11 03:16:42.765  9048  9064 I native-activity: Swap 371 time is 38.531ms
04-11 03:16:42.765  9048  9064 I native-activity: Animating
04-11 03:16:42.775  9048  9064 I native-activity: Frame 372 GL error is 0x0
04-11 03:16:42.775  9048  9064 I native-activity: Frame 372 time is 5.817ms
04-11 03:16:42.805  9048  9064 I native-activity: Swap 372 time is 38.398ms
04-11 03:16:42.805  9048  9064 I native-activity: Animating
04-11 03:16:42.805  9048  9064 I native-activity: Frame 373 GL error is 0x0
04-11 03:16:42.805  9048  9064 I native-activity: Frame 373 time is 5.684ms
04-11 03:16:42.845  9048  9064 I native-activity: Swap 373 time is 38.294ms
04-11 03:16:42.845  9048  9064 I native-activity: Animating
04-11 03:16:42.845  9048  9064 I native-activity: Frame 374 GL error is 0x0
04-11 03:16:42.845  9048  9064 I native-activity: Frame 374 time is 5.210ms
04-11 03:16:42.885  9048  9064 I native-activity: Swap 374 time is 38.106ms
04-11 03:16:42.885  9048  9064 I native-activity: Animating
04-11 03:16:42.885  9048  9064 I native-activity: Frame 375 GL error is 0x0
04-11 03:16:42.885  9048  9064 I native-activity: Frame 375 time is 8.226ms
04-11 03:16:42.925  9048  9064 I native-activity: Swap 375 time is 40.896ms
04-11 03:16:42.925  9048  9064 I native-activity: Animating
04-11 03:16:42.925  9048  9064 I native-activity: Frame 376 GL error is 0x0
04-11 03:16:42.925  9048  9064 I native-activity: Frame 376 time is 5.699ms
04-11 03:16:42.965  9048  9064 I native-activity: Swap 376 time is 38.394ms
04-11 03:16:42.965  9048  9064 I native-activity: Animating
04-11 03:16:42.975  9048  9064 I native-activity: Frame 377 GL error is 0x0
04-11 03:16:42.975  9048  9064 I native-activity: Frame 377 time is 9.768ms
04-11 03:16:43.005  9048  9064 I native-activity: Swap 377 time is 42.533ms
04-11 03:16:43.005  9048  9064 I native-activity: Animating
04-11 03:16:43.015  9048  9064 I native-activity: Frame 378 GL error is 0x0
04-11 03:16:43.015  9048  9064 I native-activity: Frame 378 time is 8.806ms
04-11 03:16:43.045  9048  9064 I native-activity: Swap 378 time is 41.634ms
04-11 03:16:43.045  9048  9064 I native-activity: Animating
04-11 03:16:43.055  9048  9064 I native-activity: Frame 379 GL error is 0x0
04-11 03:16:43.055  9048  9064 I native-activity: Frame 379 time is 9.299ms
04-11 03:16:43.085  9048  9064 I native-activity: Swap 379 time is 42.093ms
04-11 03:16:43.085  9048  9064 I native-activity: Animating
04-11 03:16:43.095  9048  9064 I native-activity: Frame 380 GL error is 0x0
04-11 03:16:43.095  9048  9064 I native-activity: Frame 380 time is 9.302ms
04-11 03:16:43.125  9048  9064 I native-activity: Swap 380 time is 42.069ms
04-11 03:16:43.125  9048  9064 I native-activity: Animating
04-11 03:16:43.135  9048  9064 I native-activity: Frame 381 GL error is 0x0
04-11 03:16:43.135  9048  9064 I native-activity: Frame 381 time is 10.046ms
04-11 03:16:43.175  9048  9064 I native-activity: Swap 381 time is 42.852ms
04-11 03:16:43.175  9048  9064 I native-activity: Animating
04-11 03:16:43.185  9048  9064 I native-activity: Frame 382 GL error is 0x0
04-11 03:16:43.185  9048  9064 I native-activity: Frame 382 time is 9.450ms
04-11 03:16:43.215  9048  9064 I native-activity: Swap 382 time is 42.178ms
04-11 03:16:43.215  9048  9064 I native-activity: Animating
04-11 03:16:43.225  9048  9064 I native-activity: Frame 383 GL error is 0x0
04-11 03:16:43.225  9048  9064 I native-activity: Frame 383 time is 9.557ms
04-11 03:16:43.255  9048  9064 I native-activity: Swap 383 time is 42.333ms
04-11 03:16:43.255  9048  9064 I native-activity: Animating
04-11 03:16:43.265  9048  9064 I native-activity: Frame 384 GL error is 0x0
04-11 03:16:43.265  9048  9064 I native-activity: Frame 384 time is 9.201ms
04-11 03:16:43.305  9048  9064 I native-activity: Swap 384 time is 42.190ms
04-11 03:16:43.305  9048  9064 I native-activity: Animating
04-11 03:16:43.305  9048  9064 I native-activity: Frame 385 GL error is 0x0
04-11 03:16:43.305  9048  9064 I native-activity: Frame 385 time is 8.775ms
04-11 03:16:43.345  9048  9064 I native-activity: Swap 385 time is 41.580ms
04-11 03:16:43.345  9048  9064 I native-activity: Animating
04-11 03:16:43.355  9048  9064 I native-activity: Frame 386 GL error is 0x0
04-11 03:16:43.355  9048  9064 I native-activity: Frame 386 time is 9.341ms
04-11 03:16:43.385  9048  9064 I native-activity: Swap 386 time is 42.121ms
04-11 03:16:43.385  9048  9064 I native-activity: Animating
04-11 03:16:43.395  9048  9064 I native-activity: Frame 387 GL error is 0x0
04-11 03:16:43.395  9048  9064 I native-activity: Frame 387 time is 8.600ms
04-11 03:16:43.425  9048  9064 I native-activity: Swap 387 time is 41.392ms
04-11 03:16:43.425  9048  9064 I native-activity: Animating
04-11 03:16:43.435  9048  9064 I native-activity: Frame 388 GL error is 0x0
04-11 03:16:43.435  9048  9064 I native-activity: Frame 388 time is 9.282ms
04-11 03:16:43.465  9048  9064 I native-activity: Swap 388 time is 42.027ms
04-11 03:16:43.465  9048  9064 I native-activity: Animating
04-11 03:16:43.475  9048  9064 I native-activity: Frame 389 GL error is 0x0
04-11 03:16:43.475  9048  9064 I native-activity: Frame 389 time is 9.516ms
04-11 03:16:43.515  9048  9064 I native-activity: Swap 389 time is 42.244ms
04-11 03:16:43.515  9048  9064 I native-activity: Animating
04-11 03:16:43.515  9048  9064 I native-activity: Frame 390 GL error is 0x0
04-11 03:16:43.515  9048  9064 I native-activity: Frame 390 time is 8.706ms
04-11 03:16:43.555  9048  9064 I native-activity: Swap 390 time is 41.493ms
04-11 03:16:43.555  9048  9064 I native-activity: Animating
04-11 03:16:43.565  9048  9064 I native-activity: Frame 391 GL error is 0x0
04-11 03:16:43.565  9048  9064 I native-activity: Frame 391 time is 9.838ms
04-11 03:16:43.595  9048  9064 I native-activity: Swap 391 time is 42.557ms
04-11 03:16:43.595  9048  9064 I native-activity: Animating
04-11 03:16:43.605  9048  9064 I native-activity: Frame 392 GL error is 0x0
04-11 03:16:43.605  9048  9064 I native-activity: Frame 392 time is 9.568ms
04-11 03:16:43.635  9048  9064 I native-activity: Swap 392 time is 42.369ms
04-11 03:16:43.635  9048  9064 I native-activity: Animating
04-11 03:16:43.645  9048  9064 I native-activity: Frame 393 GL error is 0x0
04-11 03:16:43.645  9048  9064 I native-activity: Frame 393 time is 9.291ms
04-11 03:16:43.685  9048  9064 I native-activity: Swap 393 time is 42.192ms
04-11 03:16:43.685  9048  9064 I native-activity: Animating
04-11 03:16:43.685  9048  9064 I native-activity: Frame 394 GL error is 0x0
04-11 03:16:43.695  9048  9064 I native-activity: Frame 394 time is 8.717ms
04-11 03:16:43.725  9048  9064 I native-activity: Swap 394 time is 41.666ms
04-11 03:16:43.725  9048  9064 I native-activity: Animating
04-11 03:16:43.735  9048  9064 I native-activity: Frame 395 GL error is 0x0
04-11 03:16:43.735  9048  9064 I native-activity: Frame 395 time is 7.199ms
04-11 03:16:43.765  9048  9064 I native-activity: Swap 395 time is 39.809ms
04-11 03:16:43.765  9048  9064 I native-activity: Animating
04-11 03:16:43.775  9048  9064 I native-activity: Frame 396 GL error is 0x0
04-11 03:16:43.775  9048  9064 I native-activity: Frame 396 time is 11.374ms
04-11 03:16:43.805  9048  9064 I native-activity: Swap 396 time is 44.049ms
04-11 03:16:43.805  9048  9064 I native-activity: Animating
04-11 03:16:43.815  9048  9064 I native-activity: Frame 397 GL error is 0x0
04-11 03:16:43.815  9048  9064 I native-activity: Frame 397 time is 6.164ms
04-11 03:16:43.845  9048  9064 I native-activity: Swap 397 time is 38.897ms
04-11 03:16:43.845  9048  9064 I native-activity: Animating
04-11 03:16:43.855  9048  9064 I native-activity: Frame 398 GL error is 0x0
04-11 03:16:43.855  9048  9064 I native-activity: Frame 398 time is 6.004ms
04-11 03:16:43.885  9048  9064 I native-activity: Swap 398 time is 38.729ms
04-11 03:16:43.885  9048  9064 I native-activity: Animating
04-11 03:16:43.895  9048  9064 I native-activity: Frame 399 GL error is 0x0
04-11 03:16:43.895  9048  9064 I native-activity: Frame 399 time is 6.595ms
04-11 03:16:43.925  9048  9064 I native-activity: Swap 399 time is 39.504ms
04-11 03:16:43.925  9048  9064 I native-activity: Animating
04-11 03:16:43.935  9048  9064 I native-activity: Frame 400 GL error is 0x0
04-11 03:16:43.935  9048  9064 I native-activity: Frame 400 time is 9.489ms
04-11 03:16:43.965  9048  9064 I native-activity: Swap 400 time is 42.397ms
04-11 03:16:43.965  9048  9064 I native-activity: Animating
04-11 03:16:43.975  9048  9064 I native-activity: Frame 401 GL error is 0x0
04-11 03:16:43.975  9048  9064 I native-activity: Frame 401 time is 10.409ms
04-11 03:16:44.015  9048  9064 I native-activity: Swap 401 time is 43.281ms
04-11 03:16:44.015  9048  9064 I native-activity: Animating
04-11 03:16:44.015  9048  9064 I native-activity: Frame 402 GL error is 0x0
04-11 03:16:44.015  9048  9064 I native-activity: Frame 402 time is 6.281ms
04-11 03:16:44.045  9048  9064 I native-activity: Swap 402 time is 39.153ms
04-11 03:16:44.045  9048  9064 I native-activity: Animating
04-11 03:16:44.055  9048  9064 I native-activity: Frame 403 GL error is 0x0
04-11 03:16:44.055  9048  9064 I native-activity: Frame 403 time is 5.918ms
04-11 03:16:44.085  9048  9064 I native-activity: Swap 403 time is 38.728ms
04-11 03:16:44.085  9048  9064 I native-activity: Animating
04-11 03:16:44.095  9048  9064 I native-activity: Frame 404 GL error is 0x0
04-11 03:16:44.095  9048  9064 I native-activity: Frame 404 time is 6.291ms
04-11 03:16:44.125  9048  9064 I native-activity: Swap 404 time is 39.061ms
04-11 03:16:44.125  9048  9064 I native-activity: Animating
04-11 03:16:44.135  9048  9064 I native-activity: Frame 405 GL error is 0x0
04-11 03:16:44.135  9048  9064 I native-activity: Frame 405 time is 8.694ms
04-11 03:16:44.145 27027 27027 D StatusBar.NetworkController: refreshViews: Data not connected!! Set no data type icon / Roaming
04-11 03:16:44.165  9048  9064 I native-activity: Swap 405 time is 41.599ms
04-11 03:16:44.175  9048  9064 I native-activity: Animating
04-11 03:16:44.175  9048  9064 I native-activity: Frame 406 GL error is 0x0
04-11 03:16:44.175  9048  9064 I native-activity: Frame 406 time is 9.176ms
04-11 03:16:44.215  9048  9064 I native-activity: Swap 406 time is 41.921ms
04-11 03:16:44.215  9048  9064 I native-activity: Animating
04-11 03:16:44.215  9048  9064 I native-activity: Frame 407 GL error is 0x0
04-11 03:16:44.215  9048  9064 I native-activity: Frame 407 time is 5.947ms
04-11 03:16:44.255  9048  9064 I native-activity: Swap 407 time is 38.645ms
04-11 03:16:44.255  9048  9064 I native-activity: Animating
