04-11 03:13:37.855  7500  7517 I native-activity: Frame 113 GL error is 0x0
04-11 03:13:37.855  7500  7517 I native-activity: Frame 113 time is 0.299ms
04-11 03:13:37.855 27027 27027 D StatusBar.NetworkController: refreshViews: Data not connected!! Set no data type icon / Roaming
04-11 03:13:37.875   354   354 E qdoverlay: Bad ov dump:  mdp_overlay z=0 fg=0 alpha=255 mask=-1 flags=0x40000 id=8
04-11 03:13:37.875   354   354 E qdoverlay: src msmfb_img w=1088 h=1920 format=13 MDP_RGBA_8888
04-11 03:13:37.875   354   354 E qdoverlay: src_rect mdp_rect x=0 y=0 w=1080 h=1920
04-11 03:13:37.875   354   354 E qdoverlay: dst_rect mdp_rect x=0 y=0 w=720 h=1280
04-11 03:13:37.875  7500  7517 I native-activity: Swap 113 time is 17.243ms
04-11 03:13:37.875  7500  7517 I native-activity: Animating
04-11 03:13:37.875  7500  7517 I native-activity: Frame 114 GL error is 0x0
04-11 03:13:37.875  7500  7517 I native-activity: Frame 114 time is 1.015ms
04-11 03:13:37.895   354   354 E qdoverlay: Bad ov dump:  mdp_overlay z=0 fg=0 alpha=255 mask=-1 flags=0x40000 id=8
04-11 03:13:37.895   354   354 E qdoverlay: src msmfb_img w=1088 h=1920 format=13 MDP_RGBA_8888
04-11 03:13:37.895   354   354 E qdoverlay: src_rect mdp_rect x=0 y=0 w=1080 h=1920
04-11 03:13:37.895   354   354 E qdoverlay: dst_rect mdp_rect x=0 y=0 w=720 h=1280
04-11 03:13:37.895  7500  7517 I native-activity: Swap 114 time is 23.881ms
04-11 03:13:37.895  7500  7517 I native-activity: Animating
04-11 03:13:37.895  7500  7517 I native-activity: Frame 115 GL error is 0x0
04-11 03:13:37.905  7500  7517 I native-activity: Frame 115 time is 1.825ms
04-11 03:13:37.905   354   354 E qdoverlay: Bad ov dump:  mdp_overlay z=0 fg=0 alpha=255 mask=-1 flags=0x40000 id=8
04-11 03:13:37.905   354   354 E qdoverlay: src msmfb_img w=1088 h=1920 format=13 MDP_RGBA_8888
04-11 03:13:37.915   354   354 E qdoverlay: src_rect mdp_rect x=0 y=0 w=1080 h=1920
04-11 03:13:37.915   354   354 E qdoverlay: dst_rect mdp_rect x=0 y=0 w=720 h=1280
04-11 03:13:37.915  7500  7517 I native-activity: Swap 115 time is 13.780ms
04-11 03:13:37.915  7500  7517 I native-activity: Animating
04-11 03:13:37.915  7500  7517 I native-activity: Frame 116 GL error is 0x0
04-11 03:13:37.915  7500  7517 I native-activity: Frame 116 time is 2.172ms
04-11 03:13:37.935   354   354 E qdoverlay: Bad ov dump:  mdp_overlay z=0 fg=0 alpha=255 mask=-1 flags=0x40000 id=8
04-11 03:13:37.935   354   354 E qdoverlay: src msmfb_img w=1088 h=1920 format=13 MDP_RGBA_8888
04-11 03:13:37.935   354   354 E qdoverlay: src_rect mdp_rect x=0 y=0 w=1080 h=1920
04-11 03:13:37.935   354   354 E qdoverlay: dst_rect mdp_rect x=0 y=0 w=720 h=1280
04-11 03:13:37.935  7500  7517 I native-activity: Swap 116 time is 26.865ms
04-11 03:13:37.945  7500  7517 I native-activity: Animating
04-11 03:13:37.945  7500  7517 I native-activity: Frame 117 GL error is 0x0
04-11 03:13:37.945  7500  7517 I native-activity: Frame 117 time is 0.341ms
04-11 03:13:37.945   354   354 E qdoverlay: Bad ov dump:  mdp_overlay z=0 fg=0 alpha=255 mask=-1 flags=0x40000 id=8
04-11 03:13:37.945   354   354 E qdoverlay: src msmfb_img w=1088 h=1920 format=13 MDP_RGBA_8888
04-11 03:13:37.945   354   354 E qdoverlay: src_rect mdp_rect x=0 y=0 w=1080 h=1920
04-11 03:13:37.945   354   354 E qdoverlay: dst_rect mdp_rect x=0 y=0 w=720 h=1280
04-11 03:13:37.955  7500  7517 I native-activity: Swap 117 time is 14.438ms
04-11 03:13:37.955  7500  7517 I native-activity: Animating
04-11 03:13:37.955  7500  7517 I native-activity: Frame 118 GL error is 0x0
04-11 03:13:37.955  7500  7517 I native-activity: Frame 118 time is 0.313ms
04-11 03:13:37.965   354   354 E qdoverlay: Bad ov dump:  mdp_overlay z=0 fg=0 alpha=255 mask=-1 flags=0x40000 id=8
04-11 03:13:37.965   354   354 E qdoverlay: src msmfb_img w=1088 h=1920 format=13 MDP_RGBA_8888
04-11 03:13:37.965   354   354 E qdoverlay: src_rect mdp_rect x=0 y=0 w=1080 h=1920
04-11 03:13:37.965   354   354 E qdoverlay: dst_rect mdp_rect x=0 y=0 w=720 h=1280
04-11 03:13:37.975  7500  7517 I native-activity: Swap 118 time is 16.424ms
04-11 03:13:37.975  7500  7517 I native-activity: Animating
04-11 03:13:37.975  7500  7517 I native-activity: Frame 119 GL error is 0x0
04-11 03:13:37.975  7500  7517 I native-activity: Frame 119 time is 0.965ms
04-11 03:13:37.985   354   354 E qdoverlay: Bad ov dump:  mdp_overlay z=0 fg=0 alpha=255 mask=-1 flags=0x40000 id=8
04-11 03:13:37.985   354   354 E qdoverlay: src msmfb_img w=1088 h=1920 format=13 MDP_RGBA_8888
04-11 03:13:37.985   354   354 E qdoverlay: src_rect mdp_rect x=0 y=0 w=1080 h=1920
04-11 03:13:37.985   354   354 E qdoverlay: dst_rect mdp_rect x=0 y=0 w=720 h=1280
04-11 03:13:37.985  7500  7517 I native-activity: Swap 119 time is 15.589ms
04-11 03:13:37.985  7500  7517 I native-activity: Animating
04-11 03:13:37.985  7500  7517 I native-activity: Frame 120 GL error is 0x0
04-11 03:13:37.985  7500  7517 I native-activity: Frame 120 time is 0.269ms
04-11 03:13:37.995   354   354 E qdoverlay: Bad ov dump:  mdp_overlay z=0 fg=0 alpha=255 mask=-1 flags=0x40000 id=8
04-11 03:13:37.995   354   354 E qdoverlay: src msmfb_img w=1088 h=1920 format=13 MDP_RGBA_8888
04-11 03:13:37.995   354   354 E qdoverlay: src_rect mdp_rect x=0 y=0 w=1080 h=1920
04-11 03:13:37.995   354   354 E qdoverlay: dst_rect mdp_rect x=0 y=0 w=720 h=1280
04-11 03:13:38.005  7500  7517 I native-activity: Swap 120 time is 16.704ms
04-11 03:13:38.005  7500  7517 I native-activity: Animating
04-11 03:13:38.005  7500  7517 I native-activity: Frame 121 GL error is 0x0
04-11 03:13:38.005  7500  7517 I native-activity: Frame 121 time is 0.929ms
04-11 03:13:38.015   354   354 E qdoverlay: Bad ov dump:  mdp_overlay z=0 fg=0 alpha=255 mask=-1 flags=0x40000 id=8
04-11 03:13:38.015   354   354 E qdoverlay: src msmfb_img w=1088 h=1920 format=13 MDP_RGBA_8888
04-11 03:13:38.015   354   354 E qdoverlay: src_rect mdp_rect x=0 y=0 w=1080 h=1920
04-11 03:13:38.015   354   354 E qdoverlay: dst_rect mdp_rect x=0 y=0 w=720 h=1280
04-11 03:13:38.025  7500  7517 I native-activity: Swap 121 time is 16.289ms
04-11 03:13:38.025  7500  7517 I native-activity: Animating
04-11 03:13:38.025  7500  7517 I native-activity: Frame 122 GL error is 0x0
04-11 03:13:38.025  7500  7517 I native-activity: Frame 122 time is 0.831ms
04-11 03:13:38.035   354   354 E qdoverlay: Bad ov dump:  mdp_overlay z=0 fg=0 alpha=255 mask=-1 flags=0x40000 id=8
04-11 03:13:38.035   354   354 E qdoverlay: src msmfb_img w=1088 h=1920 format=13 MDP_RGBA_8888
04-11 03:13:38.035   354   354 E qdoverlay: src_rect mdp_rect x=0 y=0 w=1080 h=1920
04-11 03:13:38.035   354   354 E qdoverlay: dst_rect mdp_rect x=0 y=0 w=720 h=1280
04-11 03:13:38.035  7500  7517 I native-activity: Swap 122 time is 16.830ms
04-11 03:13:38.035  7500  7517 I native-activity: Animating
04-11 03:13:38.035  7500  7517 I native-activity: Frame 123 GL error is 0x0
04-11 03:13:38.045  7500  7517 I native-activity: Frame 123 time is 0.966ms
04-11 03:13:38.045   354   354 E qdoverlay: Bad ov dump:  mdp_overlay z=0 fg=0 alpha=255 mask=-1 flags=0x40000 id=8
04-11 03:13:38.045   354   354 E qdoverlay: src msmfb_img w=1088 h=1920 format=13 MDP_RGBA_8888
04-11 03:13:38.045   354   354 E qdoverlay: src_rect mdp_rect x=0 y=0 w=1080 h=1920
04-11 03:13:38.045   354   354 E qdoverlay: dst_rect mdp_rect x=0 y=0 w=720 h=1280
04-11 03:13:38.055  7500  7517 I native-activity: Swap 123 time is 16.449ms
04-11 03:13:38.055  7500  7517 I native-activity: Animating
04-11 03:13:38.055  7500  7517 I native-activity: Frame 124 GL error is 0x0
04-11 03:13:38.055  7500  7517 I native-activity: Frame 124 time is 1.097ms
04-11 03:13:38.065   354   354 E qdoverlay: Bad ov dump:  mdp_overlay z=0 fg=0 alpha=255 mask=-1 flags=0x40000 id=8
04-11 03:13:38.065   354   354 E qdoverlay: src msmfb_img w=1088 h=1920 format=13 MDP_RGBA_8888
04-11 03:13:38.065   354   354 E qdoverlay: src_rect mdp_rect x=0 y=0 w=1080 h=1920
04-11 03:13:38.065   354   354 E qdoverlay: dst_rect mdp_rect x=0 y=0 w=720 h=1280
04-11 03:13:38.075  7500  7517 I native-activity: Swap 124 time is 14.919ms
04-11 03:13:38.075  7500  7517 I native-activity: Animating
04-11 03:13:38.075  7500  7517 I native-activity: Frame 125 GL error is 0x0
04-11 03:13:38.075  7500  7517 I native-activity: Frame 125 time is 1.112ms
04-11 03:13:38.085   354   354 E qdoverlay: Bad ov dump:  mdp_overlay z=0 fg=0 alpha=255 mask=-1 flags=0x40000 id=8
04-11 03:13:38.085   354   354 E qdoverlay: src msmfb_img w=1088 h=1920 format=13 MDP_RGBA_8888
04-11 03:13:38.085   354   354 E qdoverlay: src_rect mdp_rect x=0 y=0 w=1080 h=1920
04-11 03:13:38.085   354   354 E qdoverlay: dst_rect mdp_rect x=0 y=0 w=720 h=1280
04-11 03:13:38.085  7500  7517 I native-activity: Swap 125 time is 15.163ms
04-11 03:13:38.085  7500  7517 I native-activity: Animating
04-11 03:13:38.085  7500  7517 I native-activity: Frame 126 GL error is 0x0
04-11 03:13:38.095  7500  7517 I native-activity: Frame 126 time is 1.712ms
04-11 03:13:38.095   354   354 E qdoverlay: Bad ov dump:  mdp_overlay z=0 fg=0 alpha=255 mask=-1 flags=0x40000 id=8
04-11 03:13:38.095   354   354 E qdoverlay: src msmfb_img w=1088 h=1920 format=13 MDP_RGBA_8888
04-11 03:13:38.095   354   354 E qdoverlay: src_rect mdp_rect x=0 y=0 w=1080 h=1920
04-11 03:13:38.095   354   354 E qdoverlay: dst_rect mdp_rect x=0 y=0 w=720 h=1280
04-11 03:13:38.105  7500  7517 I native-activity: Swap 126 time is 14.822ms
04-11 03:13:38.105  7500  7517 I native-activity: Animating
04-11 03:13:38.105  7500  7517 I native-activity: Frame 127 GL error is 0x0
04-11 03:13:38.105  7500  7517 I native-activity: Frame 127 time is 0.181ms
04-11 03:13:38.115   354   354 E qdoverlay: Bad ov dump:  mdp_overlay z=0 fg=0 alpha=255 mask=-1 flags=0x40000 id=8
04-11 03:13:38.115   354   354 E qdoverlay: src msmfb_img w=1088 h=1920 format=13 MDP_RGBA_8888
04-11 03:13:38.115   354   354 E qdoverlay: src_rect mdp_rect x=0 y=0 w=1080 h=1920
04-11 03:13:38.115   354   354 E qdoverlay: dst_rect mdp_rect x=0 y=0 w=720 h=1280
04-11 03:13:38.115  7500  7517 I native-activity: Swap 127 time is 16.405ms
04-11 03:13:38.115  7500  7517 I native-activity: Animating
04-11 03:13:38.115  7500  7517 I native-activity: Frame 128 GL error is 0x0
04-11 03:13:38.115  7500  7517 I native-activity: Frame 128 time is 0.170ms
04-11 03:13:38.125   354   354 E qdoverlay: Bad ov dump:  mdp_overlay z=0 fg=0 alpha=255 mask=-1 flags=0x40000 id=8
04-11 03:13:38.125   354   354 E qdoverlay: src msmfb_img w=1088 h=1920 format=13 MDP_RGBA_8888
04-11 03:13:38.135   354   354 E qdoverlay: src_rect mdp_rect x=0 y=0 w=1080 h=1920
04-11 03:13:38.135   354   354 E qdoverlay: dst_rect mdp_rect x=0 y=0 w=720 h=1280
04-11 03:13:38.135  7500  7517 I native-activity: Swap 128 time is 16.289ms
04-11 03:13:38.135  7500  7517 I native-activity: Animating
04-11 03:13:38.135  7500  7517 I native-activity: Frame 129 GL error is 0x0
04-11 03:13:38.135  7500  7517 I native-activity: Frame 129 time is 0.433ms
04-11 03:13:38.145   354   354 E qdoverlay: Bad ov dump:  mdp_overlay z=0 fg=0 alpha=255 mask=-1 flags=0x40000 id=8
04-11 03:13:38.145   354   354 E qdoverlay: src msmfb_img w=1088 h=1920 format=13 MDP_RGBA_8888
04-11 03:13:38.145   354   354 E qdoverlay: src_rect mdp_rect x=0 y=0 w=1080 h=1920
04-11 03:13:38.145   354   354 E qdoverlay: dst_rect mdp_rect x=0 y=0 w=720 h=1280
04-11 03:13:38.155  7500  7517 I native-activity: Swap 129 time is 16.258ms
04-11 03:13:38.155  7500  7517 I native-activity: Animating
04-11 03:13:38.155  7500  7517 I native-activity: Frame 130 GL error is 0x0
04-11 03:13:38.155  7500  7517 I native-activity: Frame 130 time is 0.365ms
04-11 03:13:38.165   354   354 E qdoverlay: Bad ov dump:  mdp_overlay z=0 fg=0 alpha=255 mask=-1 flags=0x40000 id=8
04-11 03:13:38.165   354   354 E qdoverlay: src msmfb_img w=1088 h=1920 format=13 MDP_RGBA_8888
04-11 03:13:38.165   354   354 E qdoverlay: src_rect mdp_rect x=0 y=0 w=1080 h=1920
04-11 03:13:38.165   354   354 E qdoverlay: dst_rect mdp_rect x=0 y=0 w=720 h=1280
04-11 03:13:38.165  7500  7517 I native-activity: Swap 130 time is 16.107ms
04-11 03:13:38.165  7500  7517 I native-activity: Animating
04-11 03:13:38.165  7500  7517 I native-activity: Frame 131 GL error is 0x0
04-11 03:13:38.165  7500  7517 I native-activity: Frame 131 time is 0.365ms
04-11 03:13:38.175   354   354 E qdoverlay: Bad ov dump:  mdp_overlay z=0 fg=0 alpha=255 mask=-1 flags=0x40000 id=8
04-11 03:13:38.175   354   354 E qdoverlay: src msmfb_img w=1088 h=1920 format=13 MDP_RGBA_8888
04-11 03:13:38.175   354   354 E qdoverlay: src_rect mdp_rect x=0 y=0 w=1080 h=1920
04-11 03:13:38.175   354   354 E qdoverlay: dst_rect mdp_rect x=0 y=0 w=720 h=1280
04-11 03:13:38.185  7500  7517 I native-activity: Swap 131 time is 16.170ms
04-11 03:13:38.185  7500  7517 I native-activity: Animating
04-11 03:13:38.185  7500  7517 I native-activity: Frame 132 GL error is 0x0
04-11 03:13:38.185  7500  7517 I native-activity: Frame 132 time is 0.358ms
04-11 03:13:38.195   354   354 E qdoverlay: Bad ov dump:  mdp_overlay z=0 fg=0 alpha=255 mask=-1 flags=0x40000 id=8
04-11 03:13:38.195   354   354 E qdoverlay: src msmfb_img w=1088 h=1920 format=13 MDP_RGBA_8888
04-11 03:13:38.195   354   354 E qdoverlay: src_rect mdp_rect x=0 y=0 w=1080 h=1920
04-11 03:13:38.195   354   354 E qdoverlay: dst_rect mdp_rect x=0 y=0 w=720 h=1280
04-11 03:13:38.205  7500  7517 I native-activity: Swap 132 time is 16.315ms
04-11 03:13:38.205  7500  7517 I native-activity: Animating
04-11 03:13:38.205  7500  7517 I native-activity: Frame 133 GL error is 0x0
04-11 03:13:38.205  7500  7517 I native-activity: Frame 133 time is 0.341ms
04-11 03:13:38.215   354   354 E qdoverlay: Bad ov dump:  mdp_overlay z=0 fg=0 alpha=255 mask=-1 flags=0x40000 id=8
04-11 03:13:38.215   354   354 E qdoverlay: src msmfb_img w=1088 h=1920 format=13 MDP_RGBA_8888
04-11 03:13:38.215   354   354 E qdoverlay: src_rect mdp_rect x=0 y=0 w=1080 h=1920
04-11 03:13:38.215   354   354 E qdoverlay: dst_rect mdp_rect x=0 y=0 w=720 h=1280
04-11 03:13:38.215  7500  7517 I native-activity: Swap 133 time is 15.985ms
04-11 03:13:38.215  7500  7517 I native-activity: Animating
04-11 03:13:38.215  7500  7517 I native-activity: Frame 134 GL error is 0x0
04-11 03:13:38.215  7500  7517 I native-activity: Frame 134 time is 0.339ms
04-11 03:13:38.225   354   354 E qdoverlay: Bad ov dump:  mdp_overlay z=0 fg=0 alpha=255 mask=-1 flags=0x40000 id=8
04-11 03:13:38.225   354   354 E qdoverlay: src msmfb_img w=1088 h=1920 format=13 MDP_RGBA_8888
04-11 03:13:38.225   354   354 E qdoverlay: src_rect mdp_rect x=0 y=0 w=1080 h=1920
04-11 03:13:38.225   354   354 E qdoverlay: dst_rect mdp_rect x=0 y=0 w=720 h=1280
04-11 03:13:38.235  7500  7517 I native-activity: Swap 134 time is 16.232ms
04-11 03:13:38.235  7500  7517 I native-activity: Animating
04-11 03:13:38.235  7500  7517 I native-activity: Frame 135 GL error is 0x0
04-11 03:13:38.235  7500  7517 I native-activity: Frame 135 time is 0.342ms
04-11 03:13:38.245   354   354 E qdoverlay: Bad ov dump:  mdp_overlay z=0 fg=0 alpha=255 mask=-1 flags=0x40000 id=8
04-11 03:13:38.245   354   354 E qdoverlay: src msmfb_img w=1088 h=1920 format=13 MDP_RGBA_8888
04-11 03:13:38.245   354   354 E qdoverlay: src_rect mdp_rect x=0 y=0 w=1080 h=1920
04-11 03:13:38.245   354   354 E qdoverlay: dst_rect mdp_rect x=0 y=0 w=720 h=1280
04-11 03:13:38.255  7500  7517 I native-activity: Swap 135 time is 16.348ms
04-11 03:13:38.255  7500  7517 I native-activity: Animating
04-11 03:13:38.255  7500  7517 I native-activity: Frame 136 GL error is 0x0
04-11 03:13:38.255  7500  7517 I native-activity: Frame 136 time is 0.349ms
04-11 03:13:38.265   354   354 E qdoverlay: Bad ov dump:  mdp_overlay z=0 fg=0 alpha=255 mask=-1 flags=0x40000 id=8
04-11 03:13:38.265   354   354 E qdoverlay: src msmfb_img w=1088 h=1920 format=13 MDP_RGBA_8888
04-11 03:13:38.265   354   354 E qdoverlay: src_rect mdp_rect x=0 y=0 w=1080 h=1920
04-11 03:13:38.265   354   354 E qdoverlay: dst_rect mdp_rect x=0 y=0 w=720 h=1280
04-11 03:13:38.265  7500  7517 I native-activity: Swap 136 time is 16.043ms
04-11 03:13:38.265  7500  7517 I native-activity: Animating
04-11 03:13:38.265  7500  7517 I native-activity: Frame 137 GL error is 0x0
04-11 03:13:38.265  7500  7517 I native-activity: Frame 137 time is 0.371ms
04-11 03:13:38.275   354   354 E qdoverlay: Bad ov dump:  mdp_overlay z=0 fg=0 alpha=255 mask=-1 flags=0x40000 id=8
04-11 03:13:38.275   354   354 E qdoverlay: src msmfb_img w=1088 h=1920 format=13 MDP_RGBA_8888
04-11 03:13:38.275   354   354 E qdoverlay: src_rect mdp_rect x=0 y=0 w=1080 h=1920
04-11 03:13:38.275   354   354 E qdoverlay: dst_rect mdp_rect x=0 y=0 w=720 h=1280
04-11 03:13:38.285  7500  7517 I native-activity: Swap 137 time is 16.148ms
04-11 03:13:38.285  7500  7517 I native-activity: Animating
04-11 03:13:38.285  7500  7517 I native-activity: Frame 138 GL error is 0x0
04-11 03:13:38.285  7500  7517 I native-activity: Frame 138 time is 0.413ms
04-11 03:13:38.295   354   354 E qdoverlay: Bad ov dump:  mdp_overlay z=0 fg=0 alpha=255 mask=-1 flags=0x40000 id=8
04-11 03:13:38.295   354   354 E qdoverlay: src msmfb_img w=1088 h=1920 format=13 MDP_RGBA_8888
04-11 03:13:38.295   354   354 E qdoverlay: src_rect mdp_rect x=0 y=0 w=1080 h=1920
04-11 03:13:38.295   354   354 E qdoverlay: dst_rect mdp_rect x=0 y=0 w=720 h=1280
04-11 03:13:38.305  7500  7517 I native-activity: Swap 138 time is 16.174ms
04-11 03:13:38.305  7500  7517 I native-activity: Animating
04-11 03:13:38.305  7500  7517 I native-activity: Frame 139 GL error is 0x0
04-11 03:13:38.305  7500  7517 I native-activity: Frame 139 time is 0.348ms
04-11 03:13:38.315   354   354 E qdoverlay: Bad ov dump:  mdp_overlay z=0 fg=0 alpha=255 mask=-1 flags=0x40000 id=8
04-11 03:13:38.315   354   354 E qdoverlay: src msmfb_img w=1088 h=1920 format=13 MDP_RGBA_8888
04-11 03:13:38.315   354   354 E qdoverlay: src_rect mdp_rect x=0 y=0 w=1080 h=1920
04-11 03:13:38.315   354   354 E qdoverlay: dst_rect mdp_rect x=0 y=0 w=720 h=1280
04-11 03:13:38.315  7500  7517 I native-activity: Swap 139 time is 16.185ms
04-11 03:13:38.315  7500  7517 I native-activity: Animating
04-11 03:13:38.315  7500  7517 I native-activity: Frame 140 GL error is 0x0
04-11 03:13:38.315  7500  7517 I native-activity: Frame 140 time is 0.331ms
04-11 03:13:38.325   354   354 E qdoverlay: Bad ov dump:  mdp_overlay z=0 fg=0 alpha=255 mask=-1 flags=0x40000 id=8
04-11 03:13:38.325   354   354 E qdoverlay: src msmfb_img w=1088 h=1920 format=13 MDP_RGBA_8888
04-11 03:13:38.325   354   354 E qdoverlay: src_rect mdp_rect x=0 y=0 w=1080 h=1920
04-11 03:13:38.325   354   354 E qdoverlay: dst_rect mdp_rect x=0 y=0 w=720 h=1280
04-11 03:13:38.335  7500  7517 I native-activity: Swap 140 time is 16.200ms
04-11 03:13:38.335  7500  7517 I native-activity: Animating
04-11 03:13:38.335  7500  7517 I native-activity: Frame 141 GL error is 0x0
04-11 03:13:38.335  7500  7517 I native-activity: Frame 141 time is 0.427ms
04-11 03:13:38.345   354   354 E qdoverlay: Bad ov dump:  mdp_overlay z=0 fg=0 alpha=255 mask=-1 flags=0x40000 id=8
04-11 03:13:38.345   354   354 E qdoverlay: src msmfb_img w=1088 h=1920 format=13 MDP_RGBA_8888
04-11 03:13:38.345   354   354 E qdoverlay: src_rect mdp_rect x=0 y=0 w=1080 h=1920
04-11 03:13:38.345   354   354 E qdoverlay: dst_rect mdp_rect x=0 y=0 w=720 h=1280
04-11 03:13:38.345  7500  7517 I native-activity: Swap 141 time is 16.272ms
04-11 03:13:38.345  7500  7517 I native-activity: Animating
04-11 03:13:38.355  7500  7517 I native-activity: Frame 142 GL error is 0x0
04-11 03:13:38.355  7500  7517 I native-activity: Frame 142 time is 0.357ms
04-11 03:13:38.365   354   354 E qdoverlay: Bad ov dump:  mdp_overlay z=0 fg=0 alpha=255 mask=-1 flags=0x40000 id=8
04-11 03:13:38.365   354   354 E qdoverlay: src msmfb_img w=1088 h=1920 format=13 MDP_RGBA_8888
04-11 03:13:38.365   354   354 E qdoverlay: src_rect mdp_rect x=0 y=0 w=1080 h=1920
04-11 03:13:38.365   354   354 E qdoverlay: dst_rect mdp_rect x=0 y=0 w=720 h=1280
04-11 03:13:38.365  7500  7517 I native-activity: Swap 142 time is 16.049ms
04-11 03:13:38.365  7500  7517 I native-activity: Animating
04-11 03:13:38.365  7500  7517 I native-activity: Frame 143 GL error is 0x0
04-11 03:13:38.365  7500  7517 I native-activity: Frame 143 time is 0.409ms
04-11 03:13:38.375   354   354 E qdoverlay: Bad ov dump:  mdp_overlay z=0 fg=0 alpha=255 mask=-1 flags=0x40000 id=8
04-11 03:13:38.375   354   354 E qdoverlay: src msmfb_img w=1088 h=1920 format=13 MDP_RGBA_8888
04-11 03:13:38.375   354   354 E qdoverlay: src_rect mdp_rect x=0 y=0 w=1080 h=1920
04-11 03:13:38.375   354   354 E qdoverlay: dst_rect mdp_rect x=0 y=0 w=720 h=1280
04-11 03:13:38.385  7500  7517 I native-activity: Swap 143 time is 16.178ms
04-11 03:13:38.385  7500  7517 I native-activity: Animating
04-11 03:13:38.385  7500  7517 I native-activity: Frame 144 GL error is 0x0
04-11 03:13:38.385  7500  7517 I native-activity: Frame 144 time is 0.517ms
04-11 03:13:38.395   354   354 E qdoverlay: Bad ov dump:  mdp_overlay z=0 fg=0 alpha=255 mask=-1 flags=0x40000 id=8
04-11 03:13:38.395   354   354 E qdoverlay: src msmfb_img w=1088 h=1920 format=13 MDP_RGBA_8888
04-11 03:13:38.395   354   354 E qdoverlay: src_rect mdp_rect x=0 y=0 w=1080 h=1920
04-11 03:13:38.395   354   354 E qdoverlay: dst_rect mdp_rect x=0 y=0 w=720 h=1280
04-11 03:13:38.395  7500  7517 I native-activity: Swap 144 time is 16.222ms
04-11 03:13:38.395  7500  7517 I native-activity: Animating
04-11 03:13:38.405  7500  7517 I native-activity: Frame 145 GL error is 0x0
04-11 03:13:38.405  7500  7517 I native-activity: Frame 145 time is 0.999ms
04-11 03:13:38.405   354   354 E qdoverlay: Bad ov dump:  mdp_overlay z=0 fg=0 alpha=255 mask=-1 flags=0x40000 id=8
04-11 03:13:38.405   354   354 E qdoverlay: src msmfb_img w=1088 h=1920 format=13 MDP_RGBA_8888
04-11 03:13:38.405   354   354 E qdoverlay: src_rect mdp_rect x=0 y=0 w=1080 h=1920
04-11 03:13:38.405   354   354 E qdoverlay: dst_rect mdp_rect x=0 y=0 w=720 h=1280
04-11 03:13:38.415  7500  7517 I native-activity: Swap 145 time is 16.190ms
04-11 03:13:38.415  7500  7517 I native-activity: Animating
04-11 03:13:38.415  7500  7517 I native-activity: Frame 146 GL error is 0x0
04-11 03:13:38.415  7500  7517 I native-activity: Frame 146 time is 0.344ms
04-11 03:13:38.425   354   354 E qdoverlay: Bad ov dump:  mdp_overlay z=0 fg=0 alpha=255 mask=-1 flags=0x40000 id=8
04-11 03:13:38.425   354   354 E qdoverlay: src msmfb_img w=1088 h=1920 format=13 MDP_RGBA_8888
04-11 03:13:38.425   354   354 E qdoverlay: src_rect mdp_rect x=0 y=0 w=1080 h=1920
04-11 03:13:38.425   354   354 E qdoverlay: dst_rect mdp_rect x=0 y=0 w=720 h=1280
04-11 03:13:38.435  7500  7517 I native-activity: Swap 146 time is 16.245ms
04-11 03:13:38.435  7500  7517 I native-activity: Animating
04-11 03:13:38.435  7500  7517 I native-activity: Frame 147 GL error is 0x0
04-11 03:13:38.435  7500  7517 I native-activity: Frame 147 time is 0.342ms
04-11 03:13:38.445   354   354 E qdoverlay: Bad ov dump:  mdp_overlay z=0 fg=0 alpha=255 mask=-1 flags=0x40000 id=8
04-11 03:13:38.445   354   354 E qdoverlay: src msmfb_img w=1088 h=1920 format=13 MDP_RGBA_8888
04-11 03:13:38.445   354   354 E qdoverlay: src_rect mdp_rect x=0 y=0 w=1080 h=1920
04-11 03:13:38.445   354   354 E qdoverlay: dst_rect mdp_rect x=0 y=0 w=720 h=1280
04-11 03:13:38.445  7500  7517 I native-activity: Swap 147 time is 16.197ms
04-11 03:13:38.445  7500  7517 I native-activity: Animating
04-11 03:13:38.445  7500  7517 I native-activity: Frame 148 GL error is 0x0
04-11 03:13:38.445  7500  7517 I native-activity: Frame 148 time is 0.355ms
04-11 03:13:38.455   354   354 E qdoverlay: Bad ov dump:  mdp_overlay z=0 fg=0 alpha=255 mask=-1 flags=0x40000 id=8
04-11 03:13:38.455   354   354 E qdoverlay: src msmfb_img w=1088 h=1920 format=13 MDP_RGBA_8888
04-11 03:13:38.455   354   354 E qdoverlay: src_rect mdp_rect x=0 y=0 w=1080 h=1920
04-11 03:13:38.455   354   354 E qdoverlay: dst_rect mdp_rect x=0 y=0 w=720 h=1280
04-11 03:13:38.465  7500  7517 I native-activity: Swap 148 time is 16.202ms
04-11 03:13:38.465  7500  7517 I native-activity: Animating
04-11 03:13:38.465  7500  7517 I native-activity: Frame 149 GL error is 0x0
04-11 03:13:38.465  7500  7517 I native-activity: Frame 149 time is 0.379ms
04-11 03:13:38.475 26866 26922 D WifiStateMachine: RSSI dipped below -75 dB. Current RSSI: -90 dB
04-11 03:13:38.475   354   354 E qdoverlay: Bad ov dump:  mdp_overlay z=0 fg=0 alpha=255 mask=-1 flags=0x40000 id=8
04-11 03:13:38.475   354   354 E qdoverlay: src msmfb_img w=1088 h=1920 format=13 MDP_RGBA_8888
04-11 03:13:38.475   354   354 E qdoverlay: src_rect mdp_rect x=0 y=0 w=1080 h=1920
04-11 03:13:38.475   354   354 E qdoverlay: dst_rect mdp_rect x=0 y=0 w=720 h=1280
04-11 03:13:38.485  7500  7517 I native-activity: Swap 149 time is 16.275ms
04-11 03:13:38.485  7500  7517 I native-activity: Animating
04-11 03:13:38.485  7500  7517 I native-activity: Frame 150 GL error is 0x0
04-11 03:13:38.485  7500  7517 I native-activity: Frame 150 time is 0.361ms
04-11 03:13:38.495   354   354 E qdoverlay: Bad ov dump:  mdp_overlay z=0 fg=0 alpha=255 mask=-1 flags=0x40000 id=8
04-11 03:13:38.495   354   354 E qdoverlay: src msmfb_img w=1088 h=1920 format=13 MDP_RGBA_8888
04-11 03:13:38.495   354   354 E qdoverlay: src_rect mdp_rect x=0 y=0 w=1080 h=1920
04-11 03:13:38.495   354   354 E qdoverlay: dst_rect mdp_rect x=0 y=0 w=720 h=1280
04-11 03:13:38.495  7500  7517 I native-activity: Swap 150 time is 16.099ms
04-11 03:13:38.495  7500  7517 I native-activity: Animating
04-11 03:13:38.495  7500  7517 I native-activity: Frame 151 GL error is 0x0
04-11 03:13:38.495  7500  7517 I native-activity: Frame 151 time is 0.347ms
04-11 03:13:38.505   354   354 E qdoverlay: Bad ov dump:  mdp_overlay z=0 fg=0 alpha=255 mask=-1 flags=0x40000 id=8
04-11 03:13:38.505   354   354 E qdoverlay: src msmfb_img w=1088 h=1920 format=13 MDP_RGBA_8888
04-11 03:13:38.505   354   354 E qdoverlay: src_rect mdp_rect x=0 y=0 w=1080 h=1920
04-11 03:13:38.505   354   354 E qdoverlay: dst_rect mdp_rect x=0 y=0 w=720 h=1280
04-11 03:13:38.515  7500  7517 I native-activity: Swap 151 time is 16.013ms
04-11 03:13:38.515  7500  7517 I native-activity: Animating
04-11 03:13:38.515  7500  7517 I native-activity: Frame 152 GL error is 0x0
04-11 03:13:38.515  7500  7517 I native-activity: Frame 152 time is 0.346ms
04-11 03:13:38.525   354   354 E qdoverlay: Bad ov dump:  mdp_overlay z=0 fg=0 alpha=255 mask=-1 flags=0x40000 id=8
04-11 03:13:38.525   354   354 E qdoverlay: src msmfb_img w=1088 h=1920 format=13 MDP_RGBA_8888
04-11 03:13:38.525   354   354 E qdoverlay: src_rect mdp_rect x=0 y=0 w=1080 h=1920
04-11 03:13:38.525   354   354 E qdoverlay: dst_rect mdp_rect x=0 y=0 w=720 h=1280
04-11 03:13:38.535  7500  7517 I native-activity: Swap 152 time is 16.203ms
04-11 03:13:38.535  7500  7517 I native-activity: Animating
04-11 03:13:38.535  7500  7517 I native-activity: Frame 153 GL error is 0x0
04-11 03:13:38.535  7500  7517 I native-activity: Frame 153 time is 0.350ms
04-11 03:13:38.545   354   354 E qdoverlay: Bad ov dump:  mdp_overlay z=0 fg=0 alpha=255 mask=-1 flags=0x40000 id=8
04-11 03:13:38.545   354   354 E qdoverlay: src msmfb_img w=1088 h=1920 format=13 MDP_RGBA_8888
04-11 03:13:38.545   354   354 E qdoverlay: src_rect mdp_rect x=0 y=0 w=1080 h=1920
04-11 03:13:38.545   354   354 E qdoverlay: dst_rect mdp_rect x=0 y=0 w=720 h=1280
04-11 03:13:38.545  7500  7517 I native-activity: Swap 153 time is 16.364ms
04-11 03:13:38.545  7500  7517 I native-activity: Animating
04-11 03:13:38.545  7500  7517 I native-activity: Frame 154 GL error is 0x0
04-11 03:13:38.545  7500  7517 I native-activity: Frame 154 time is 0.358ms
04-11 03:13:38.555   354   354 E qdoverlay: Bad ov dump:  mdp_overlay z=0 fg=0 alpha=255 mask=-1 flags=0x40000 id=8
04-11 03:13:38.555   354   354 E qdoverlay: src msmfb_img w=1088 h=1920 format=13 MDP_RGBA_8888
04-11 03:13:38.555   354   354 E qdoverlay: src_rect mdp_rect x=0 y=0 w=1080 h=1920
04-11 03:13:38.555   354   354 E qdoverlay: dst_rect mdp_rect x=0 y=0 w=720 h=1280
04-11 03:13:38.565  7500  7517 I native-activity: Swap 154 time is 16.070ms
04-11 03:13:38.565  7500  7517 I native-activity: Animating
04-11 03:13:38.565  7500  7517 I native-activity: Frame 155 GL error is 0x0
04-11 03:13:38.565  7500  7517 I native-activity: Frame 155 time is 0.355ms
04-11 03:13:38.575   354   354 E qdoverlay: Bad ov dump:  mdp_overlay z=0 fg=0 alpha=255 mask=-1 flags=0x40000 id=8
04-11 03:13:38.575   354   354 E qdoverlay: src msmfb_img w=1088 h=1920 format=13 MDP_RGBA_8888
04-11 03:13:38.575   354   354 E qdoverlay: src_rect mdp_rect x=0 y=0 w=1080 h=1920
04-11 03:13:38.575   354   354 E qdoverlay: dst_rect mdp_rect x=0 y=0 w=720 h=1280
04-11 03:13:38.575  7500  7517 I native-activity: Swap 155 time is 16.061ms
04-11 03:13:38.585  7500  7517 I native-activity: Animating
04-11 03:13:38.585  7500  7517 I native-activity: Frame 156 GL error is 0x0
04-11 03:13:38.585  7500  7517 I native-activity: Frame 156 time is 0.365ms
04-11 03:13:38.595   354   354 E qdoverlay: Bad ov dump:  mdp_overlay z=0 fg=0 alpha=255 mask=-1 flags=0x40000 id=8
04-11 03:13:38.595   354   354 E qdoverlay: src msmfb_img w=1088 h=1920 format=13 MDP_RGBA_8888
04-11 03:13:38.595   354   354 E qdoverlay: src_rect mdp_rect x=0 y=0 w=1080 h=1920
04-11 03:13:38.595   354   354 E qdoverlay: dst_rect mdp_rect x=0 y=0 w=720 h=1280
04-11 03:13:38.595  7500  7517 I native-activity: Swap 156 time is 16.216ms
04-11 03:13:38.595  7500  7517 I native-activity: Animating
04-11 03:13:38.595  7500  7517 I native-activity: Frame 157 GL error is 0x0
04-11 03:13:38.595  7500  7517 I native-activity: Frame 157 time is 0.362ms
04-11 03:13:38.605   354   354 E qdoverlay: Bad ov dump:  mdp_overlay z=0 fg=0 alpha=255 mask=-1 flags=0x40000 id=8
04-11 03:13:38.605   354   354 E qdoverlay: src msmfb_img w=1088 h=1920 format=13 MDP_RGBA_8888
04-11 03:13:38.605   354   354 E qdoverlay: src_rect mdp_rect x=0 y=0 w=1080 h=1920
04-11 03:13:38.605   354   354 E qdoverlay: dst_rect mdp_rect x=0 y=0 w=720 h=1280
04-11 03:13:38.615  7500  7517 I native-activity: Swap 157 time is 16.320ms
04-11 03:13:38.615  7500  7517 I native-activity: Animating
04-11 03:13:38.615  7500  7517 I native-activity: Frame 158 GL error is 0x0
04-11 03:13:38.615  7500  7517 I native-activity: Frame 158 time is 0.377ms
04-11 03:13:38.625   354   354 E qdoverlay: Bad ov dump:  mdp_overlay z=0 fg=0 alpha=255 mask=-1 flags=0x40000 id=8
04-11 03:13:38.625   354   354 E qdoverlay: src msmfb_img w=1088 h=1920 format=13 MDP_RGBA_8888
04-11 03:13:38.625   354   354 E qdoverlay: src_rect mdp_rect x=0 y=0 w=1080 h=1920
04-11 03:13:38.625   354   354 E qdoverlay: dst_rect mdp_rect x=0 y=0 w=720 h=1280
04-11 03:13:38.625  7500  7517 I native-activity: Swap 158 time is 16.005ms
04-11 03:13:38.625  7500  7517 I native-activity: Animating
04-11 03:13:38.625  7500  7517 I native-activity: Frame 159 GL error is 0x0
04-11 03:13:38.635  7500  7517 I native-activity: Frame 159 time is 0.391ms
04-11 03:13:38.635   354   354 E qdoverlay: Bad ov dump:  mdp_overlay z=0 fg=0 alpha=255 mask=-1 flags=0x40000 id=8
04-11 03:13:38.635   354   354 E qdoverlay: src msmfb_img w=1088 h=1920 format=13 MDP_RGBA_8888
04-11 03:13:38.635   354   354 E qdoverlay: src_rect mdp_rect x=0 y=0 w=1080 h=1920
04-11 03:13:38.635   354   354 E qdoverlay: dst_rect mdp_rect x=0 y=0 w=720 h=1280
04-11 03:13:38.645  7500  7517 I native-activity: Swap 159 time is 16.328ms
04-11 03:13:38.645  7500  7517 I native-activity: Animating
04-11 03:13:38.645  7500  7517 I native-activity: Frame 160 GL error is 0x0
04-11 03:13:38.645  7500  7517 I native-activity: Frame 160 time is 0.496ms
04-11 03:13:38.655   354   354 E qdoverlay: Bad ov dump:  mdp_overlay z=0 fg=0 alpha=255 mask=-1 flags=0x40000 id=8
04-11 03:13:38.655   354   354 E qdoverlay: src msmfb_img w=1088 h=1920 format=13 MDP_RGBA_8888
04-11 03:13:38.655   354   354 E qdoverlay: src_rect mdp_rect x=0 y=0 w=1080 h=1920
04-11 03:13:38.655   354   354 E qdoverlay: dst_rect mdp_rect x=0 y=0 w=720 h=1280
04-11 03:13:38.665  7500  7517 I native-activity: Swap 160 time is 16.590ms
04-11 03:13:38.665  7500  7517 I native-activity: Animating
04-11 03:13:38.665  7500  7517 I native-activity: Frame 161 GL error is 0x0
04-11 03:13:38.665  7500  7517 I native-activity: Frame 161 time is 0.381ms
04-11 03:13:38.675   354   354 E qdoverlay: Bad ov dump:  mdp_overlay z=0 fg=0 alpha=255 mask=-1 flags=0x40000 id=8
04-11 03:13:38.675   354   354 E qdoverlay: src msmfb_img w=1088 h=1920 format=13 MDP_RGBA_8888
04-11 03:13:38.675   354   354 E qdoverlay: src_rect mdp_rect x=0 y=0 w=1080 h=1920
04-11 03:13:38.675   354   354 E qdoverlay: dst_rect mdp_rect x=0 y=0 w=720 h=1280
04-11 03:13:38.675  7500  7517 I native-activity: Swap 161 time is 15.169ms
04-11 03:13:38.675  7500  7517 I native-activity: Animating
04-11 03:13:38.675  7500  7517 I native-activity: Frame 162 GL error is 0x0
04-11 03:13:38.675  7500  7517 I native-activity: Frame 162 time is 0.584ms
04-11 03:13:38.685   354   354 E qdoverlay: Bad ov dump:  mdp_overlay z=0 fg=0 alpha=255 mask=-1 flags=0x40000 id=8
04-11 03:13:38.685   354   354 E qdoverlay: src msmfb_img w=1088 h=1920 format=13 MDP_RGBA_8888
04-11 03:13:38.685   354   354 E qdoverlay: src_rect mdp_rect x=0 y=0 w=1080 h=1920
04-11 03:13:38.685   354   354 E qdoverlay: dst_rect mdp_rect x=0 y=0 w=720 h=1280
04-11 03:13:38.695  7500  7517 I native-activity: Swap 162 time is 16.400ms
04-11 03:13:38.695  7500  7517 I native-activity: Animating
04-11 03:13:38.695  7500  7517 I native-activity: Frame 163 GL error is 0x0
04-11 03:13:38.695  7500  7517 I native-activity: Frame 163 time is 0.377ms
04-11 03:13:38.705   354   354 E qdoverlay: Bad ov dump:  mdp_overlay z=0 fg=0 alpha=255 mask=-1 flags=0x40000 id=8
04-11 03:13:38.705   354   354 E qdoverlay: src msmfb_img w=1088 h=1920 format=13 MDP_RGBA_8888
04-11 03:13:38.705   354   354 E qdoverlay: src_rect mdp_rect x=0 y=0 w=1080 h=1920
04-11 03:13:38.705   354   354 E qdoverlay: dst_rect mdp_rect x=0 y=0 w=720 h=1280
04-11 03:13:38.715  7500  7517 I native-activity: Swap 163 time is 15.912ms
04-11 03:13:38.715  7500  7517 I native-activity: Animating
04-11 03:13:38.715  7500  7517 I native-activity: Frame 164 GL error is 0x0
04-11 03:13:38.715  7500  7517 I native-activity: Frame 164 time is 0.383ms
04-11 03:13:38.725   354   354 E qdoverlay: Bad ov dump:  mdp_overlay z=0 fg=0 alpha=255 mask=-1 flags=0x40000 id=8
04-11 03:13:38.725   354   354 E qdoverlay: src msmfb_img w=1088 h=1920 format=13 MDP_RGBA_8888
04-11 03:13:38.725   354   354 E qdoverlay: src_rect mdp_rect x=0 y=0 w=1080 h=1920
04-11 03:13:38.725   354   354 E qdoverlay: dst_rect mdp_rect x=0 y=0 w=720 h=1280
04-11 03:13:38.725  7500  7517 I native-activity: Swap 164 time is 16.134ms
04-11 03:13:38.725  7500  7517 I native-activity: Animating
04-11 03:13:38.725  7500  7517 I native-activity: Frame 165 GL error is 0x0
04-11 03:13:38.725  7500  7517 I native-activity: Frame 165 time is 0.592ms
04-11 03:13:38.735   354   354 E qdoverlay: Bad ov dump:  mdp_overlay z=0 fg=0 alpha=255 mask=-1 flags=0x40000 id=8
04-11 03:13:38.735   354   354 E qdoverlay: src msmfb_img w=1088 h=1920 format=13 MDP_RGBA_8888
04-11 03:13:38.735   354   354 E qdoverlay: src_rect mdp_rect x=0 y=0 w=1080 h=1920
04-11 03:13:38.735   354   354 E qdoverlay: dst_rect mdp_rect x=0 y=0 w=720 h=1280
04-11 03:13:38.745  7500  7517 I native-activity: Swap 165 time is 16.175ms
04-11 03:13:38.745  7500  7517 I native-activity: Animating
04-11 03:13:38.745  7500  7517 I native-activity: Frame 166 GL error is 0x0
04-11 03:13:38.745  7500  7517 I native-activity: Frame 166 time is 0.509ms
04-11 03:13:38.755   354   354 E qdoverlay: Bad ov dump:  mdp_overlay z=0 fg=0 alpha=255 mask=-1 flags=0x40000 id=8
04-11 03:13:38.755   354   354 E qdoverlay: src msmfb_img w=1088 h=1920 format=13 MDP_RGBA_8888
04-11 03:13:38.755   354   354 E qdoverlay: src_rect mdp_rect x=0 y=0 w=1080 h=1920
04-11 03:13:38.755   354   354 E qdoverlay: dst_rect mdp_rect x=0 y=0 w=720 h=1280
04-11 03:13:38.765  7500  7517 I native-activity: Swap 166 time is 16.181ms
04-11 03:13:38.765  7500  7517 I native-activity: Animating
04-11 03:13:38.765  7500  7517 I native-activity: Frame 167 GL error is 0x0
04-11 03:13:38.765  7500  7517 I native-activity: Frame 167 time is 0.455ms
04-11 03:13:38.775   354   354 E qdoverlay: Bad ov dump:  mdp_overlay z=0 fg=0 alpha=255 mask=-1 flags=0x40000 id=8
04-11 03:13:38.775   354   354 E qdoverlay: src msmfb_img w=1088 h=1920 format=13 MDP_RGBA_8888
04-11 03:13:38.775   354   354 E qdoverlay: src_rect mdp_rect x=0 y=0 w=1080 h=1920
04-11 03:13:38.775   354   354 E qdoverlay: dst_rect mdp_rect x=0 y=0 w=720 h=1280
04-11 03:13:38.775  7500  7517 I native-activity: Swap 167 time is 16.210ms
04-11 03:13:38.775  7500  7517 I native-activity: Animating
04-11 03:13:38.775  7500  7517 I native-activity: Frame 168 GL error is 0x0
04-11 03:13:38.775  7500  7517 I native-activity: Frame 168 time is 0.387ms
04-11 03:13:38.785   354   354 E qdoverlay: Bad ov dump:  mdp_overlay z=0 fg=0 alpha=255 mask=-1 flags=0x40000 id=8
04-11 03:13:38.785   354   354 E qdoverlay: src msmfb_img w=1088 h=1920 format=13 MDP_RGBA_8888
04-11 03:13:38.785   354   354 E qdoverlay: src_rect mdp_rect x=0 y=0 w=1080 h=1920
04-11 03:13:38.785   354   354 E qdoverlay: dst_rect mdp_rect x=0 y=0 w=720 h=1280
04-11 03:13:38.795  7500  7517 I native-activity: Swap 168 time is 16.288ms
04-11 03:13:38.795  7500  7517 I native-activity: Animating
04-11 03:13:38.795  7500  7517 I native-activity: Frame 169 GL error is 0x0
04-11 03:13:38.795  7500  7517 I native-activity: Frame 169 time is 0.380ms
04-11 03:13:38.805   354   354 E qdoverlay: Bad ov dump:  mdp_overlay z=0 fg=0 alpha=255 mask=-1 flags=0x40000 id=8
04-11 03:13:38.805   354   354 E qdoverlay: src msmfb_img w=1088 h=1920 format=13 MDP_RGBA_8888
04-11 03:13:38.805   354   354 E qdoverlay: src_rect mdp_rect x=0 y=0 w=1080 h=1920
04-11 03:13:38.805   354   354 E qdoverlay: dst_rect mdp_rect x=0 y=0 w=720 h=1280
04-11 03:13:38.815  7500  7517 I native-activity: Swap 169 time is 16.027ms
04-11 03:13:38.815  7500  7517 I native-activity: Animating
04-11 03:13:38.815  7500  7517 I native-activity: Frame 170 GL error is 0x0
04-11 03:13:38.815  7500  7517 I native-activity: Frame 170 time is 0.720ms
04-11 03:13:38.825   354   354 E qdoverlay: Bad ov dump:  mdp_overlay z=0 fg=0 alpha=255 mask=-1 flags=0x40000 id=8
04-11 03:13:38.825   354   354 E qdoverlay: src msmfb_img w=1088 h=1920 format=13 MDP_RGBA_8888
04-11 03:13:38.825   354   354 E qdoverlay: src_rect mdp_rect x=0 y=0 w=1080 h=1920
04-11 03:13:38.825   354   354 E qdoverlay: dst_rect mdp_rect x=0 y=0 w=720 h=1280
04-11 03:13:38.825  7500  7517 I native-activity: Swap 170 time is 16.096ms
04-11 03:13:38.825  7500  7517 I native-activity: Animating
04-11 03:13:38.825  7500  7517 I native-activity: Frame 171 GL error is 0x0
04-11 03:13:38.825  7500  7517 I native-activity: Frame 171 time is 0.367ms
04-11 03:13:38.835   354   354 E qdoverlay: Bad ov dump:  mdp_overlay z=0 fg=0 alpha=255 mask=-1 flags=0x40000 id=8
04-11 03:13:38.835   354   354 E qdoverlay: src msmfb_img w=1088 h=1920 format=13 MDP_RGBA_8888
04-11 03:13:38.835   354   354 E qdoverlay: src_rect mdp_rect x=0 y=0 w=1080 h=1920
04-11 03:13:38.835   354   354 E qdoverlay: dst_rect mdp_rect x=0 y=0 w=720 h=1280
04-11 03:13:38.845  7500  7517 I native-activity: Swap 171 time is 16.189ms
04-11 03:13:38.845  7500  7517 I native-activity: Animating
04-11 03:13:38.845  7500  7517 I native-activity: Frame 172 GL error is 0x0
04-11 03:13:38.845  7500  7517 I native-activity: Frame 172 time is 0.427ms
04-11 03:13:38.855   354   354 E qdoverlay: Bad ov dump:  mdp_overlay z=0 fg=0 alpha=255 mask=-1 flags=0x40000 id=8
04-11 03:13:38.855   354   354 E qdoverlay: src msmfb_img w=1088 h=1920 format=13 MDP_RGBA_8888
04-11 03:13:38.855   354   354 E qdoverlay: src_rect mdp_rect x=0 y=0 w=1080 h=1920
04-11 03:13:38.855   354   354 E qdoverlay: dst_rect mdp_rect x=0 y=0 w=720 h=1280
04-11 03:13:38.855  7500  7517 I native-activity: Swap 172 time is 16.188ms
04-11 03:13:38.855  7500  7517 I native-activity: Animating
04-11 03:13:38.865  7500  7517 I native-activity: Frame 173 GL error is 0x0
04-11 03:13:38.865  7500  7517 I native-activity: Frame 173 time is 0.519ms
04-11 03:13:38.865   354   354 E qdoverlay: Bad ov dump:  mdp_overlay z=0 fg=0 alpha=255 mask=-1 flags=0x40000 id=8
04-11 03:13:38.865   354   354 E qdoverlay: src msmfb_img w=1088 h=1920 format=13 MDP_RGBA_8888
04-11 03:13:38.865   354   354 E qdoverlay: src_rect mdp_rect x=0 y=0 w=1080 h=1920
04-11 03:13:38.875   354   354 E qdoverlay: dst_rect mdp_rect x=0 y=0 w=720 h=1280
04-11 03:13:38.875  7500  7517 I native-activity: Swap 173 time is 16.138ms
04-11 03:13:38.875  7500  7517 I native-activity: Animating
04-11 03:13:38.875  7500  7517 I native-activity: Frame 174 GL error is 0x0
04-11 03:13:38.875  7500  7517 I native-activity: Frame 174 time is 0.352ms
04-11 03:13:38.885   354   354 E qdoverlay: Bad ov dump:  mdp_overlay z=0 fg=0 alpha=255 mask=-1 flags=0x40000 id=8
04-11 03:13:38.885   354   354 E qdoverlay: src msmfb_img w=1088 h=1920 format=13 MDP_RGBA_8888
04-11 03:13:38.885   354   354 E qdoverlay: src_rect mdp_rect x=0 y=0 w=1080 h=1920
04-11 03:13:38.885   354   354 E qdoverlay: dst_rect mdp_rect x=0 y=0 w=720 h=1280
04-11 03:13:38.895  7500  7517 I native-activity: Swap 174 time is 16.267ms
04-11 03:13:38.895  7500  7517 I native-activity: Animating
04-11 03:13:38.895  7500  7517 I native-activity: Frame 175 GL error is 0x0
04-11 03:13:38.895  7500  7517 I native-activity: Frame 175 time is 0.346ms
04-11 03:13:38.905   354   354 E qdoverlay: Bad ov dump:  mdp_overlay z=0 fg=0 alpha=255 mask=-1 flags=0x40000 id=8
04-11 03:13:38.905   354   354 E qdoverlay: src msmfb_img w=1088 h=1920 format=13 MDP_RGBA_8888
04-11 03:13:38.905   354   354 E qdoverlay: src_rect mdp_rect x=0 y=0 w=1080 h=1920
04-11 03:13:38.905   354   354 E qdoverlay: dst_rect mdp_rect x=0 y=0 w=720 h=1280
04-11 03:13:38.905  7500  7517 I native-activity: Swap 175 time is 16.112ms
04-11 03:13:38.905  7500  7517 I native-activity: Animating
04-11 03:13:38.905  7500  7517 I native-activity: Frame 176 GL error is 0x0
04-11 03:13:38.905  7500  7517 I native-activity: Frame 176 time is 0.347ms
04-11 03:13:38.915   354   354 E qdoverlay: Bad ov dump:  mdp_overlay z=0 fg=0 alpha=255 mask=-1 flags=0x40000 id=8
04-11 03:13:38.915   354   354 E qdoverlay: src msmfb_img w=1088 h=1920 format=13 MDP_RGBA_8888
04-11 03:13:38.915   354   354 E qdoverlay: src_rect mdp_rect x=0 y=0 w=1080 h=1920
04-11 03:13:38.915   354   354 E qdoverlay: dst_rect mdp_rect x=0 y=0 w=720 h=1280
04-11 03:13:38.925  7500  7517 I native-activity: Swap 176 time is 16.194ms
04-11 03:13:38.925  7500  7517 I native-activity: Animating
04-11 03:13:38.925  7500  7517 I native-activity: Frame 177 GL error is 0x0
04-11 03:13:38.925  7500  7517 I native-activity: Frame 177 time is 0.342ms
04-11 03:13:38.935   354   354 E qdoverlay: Bad ov dump:  mdp_overlay z=0 fg=0 alpha=255 mask=-1 flags=0x40000 id=8
04-11 03:13:38.935   354   354 E qdoverlay: src msmfb_img w=1088 h=1920 format=13 MDP_RGBA_8888
04-11 03:13:38.935   354   354 E qdoverlay: src_rect mdp_rect x=0 y=0 w=1080 h=1920
04-11 03:13:38.935   354   354 E qdoverlay: dst_rect mdp_rect x=0 y=0 w=720 h=1280
04-11 03:13:38.945  7500  7517 I native-activity: Swap 177 time is 16.335ms
04-11 03:13:38.945  7500  7517 I native-activity: Animating
04-11 03:13:38.945  7500  7517 I native-activity: Frame 178 GL error is 0x0
04-11 03:13:38.945  7500  7517 I native-activity: Frame 178 time is 0.368ms
04-11 03:13:38.955   354   354 E qdoverlay: Bad ov dump:  mdp_overlay z=0 fg=0 alpha=255 mask=-1 flags=0x40000 id=8
04-11 03:13:38.955   354   354 E qdoverlay: src msmfb_img w=1088 h=1920 format=13 MDP_RGBA_8888
04-11 03:13:38.955   354   354 E qdoverlay: src_rect mdp_rect x=0 y=0 w=1080 h=1920
04-11 03:13:38.955   354   354 E qdoverlay: dst_rect mdp_rect x=0 y=0 w=720 h=1280
04-11 03:13:38.955  7500  7517 I native-activity: Swap 178 time is 16.043ms
04-11 03:13:38.955  7500  7517 I native-activity: Animating
04-11 03:13:38.955  7500  7517 I native-activity: Frame 179 GL error is 0x0
04-11 03:13:38.955  7500  7517 I native-activity: Frame 179 time is 0.355ms
04-11 03:13:38.965   354   354 E qdoverlay: Bad ov dump:  mdp_overlay z=0 fg=0 alpha=255 mask=-1 flags=0x40000 id=8
04-11 03:13:38.965   354   354 E qdoverlay: src msmfb_img w=1088 h=1920 format=13 MDP_RGBA_8888
04-11 03:13:38.965   354   354 E qdoverlay: src_rect mdp_rect x=0 y=0 w=1080 h=1920
04-11 03:13:38.965   354   354 E qdoverlay: dst_rect mdp_rect x=0 y=0 w=720 h=1280
04-11 03:13:38.975  7500  7517 I native-activity: Swap 179 time is 16.447ms
04-11 03:13:38.975  7500  7517 I native-activity: Animating
04-11 03:13:38.975  7500  7517 I native-activity: Frame 180 GL error is 0x0
04-11 03:13:38.975  7500  7517 I native-activity: Frame 180 time is 0.344ms
04-11 03:13:38.985   354   354 E qdoverlay: Bad ov dump:  mdp_overlay z=0 fg=0 alpha=255 mask=-1 flags=0x40000 id=8
04-11 03:13:38.985   354   354 E qdoverlay: src msmfb_img w=1088 h=1920 format=13 MDP_RGBA_8888
04-11 03:13:38.985   354   354 E qdoverlay: src_rect mdp_rect x=0 y=0 w=1080 h=1920
04-11 03:13:38.985   354   354 E qdoverlay: dst_rect mdp_rect x=0 y=0 w=720 h=1280
04-11 03:13:38.995  7500  7517 I native-activity: Swap 180 time is 15.974ms
04-11 03:13:38.995  7500  7517 I native-activity: Animating
04-11 03:13:38.995  7500  7517 I native-activity: Frame 181 GL error is 0x0
04-11 03:13:38.995  7500  7517 I native-activity: Frame 181 time is 0.356ms
04-11 03:13:39.005   354   354 E qdoverlay: Bad ov dump:  mdp_overlay z=0 fg=0 alpha=255 mask=-1 flags=0x40000 id=8
04-11 03:13:39.005   354   354 E qdoverlay: src msmfb_img w=1088 h=1920 format=13 MDP_RGBA_8888
04-11 03:13:39.005   354   354 E qdoverlay: src_rect mdp_rect x=0 y=0 w=1080 h=1920
04-11 03:13:39.005   354   354 E qdoverlay: dst_rect mdp_rect x=0 y=0 w=720 h=1280
04-11 03:13:39.005  7500  7517 I native-activity: Swap 181 time is 16.194ms
04-11 03:13:39.005  7500  7517 I native-activity: Animating
04-11 03:13:39.005  7500  7517 I native-activity: Frame 182 GL error is 0x0
04-11 03:13:39.005  7500  7517 I native-activity: Frame 182 time is 0.343ms
04-11 03:13:39.015   354   354 E qdoverlay: Bad ov dump:  mdp_overlay z=0 fg=0 alpha=255 mask=-1 flags=0x40000 id=8
04-11 03:13:39.015   354   354 E qdoverlay: src msmfb_img w=1088 h=1920 format=13 MDP_RGBA_8888
04-11 03:13:39.015   354   354 E qdoverlay: src_rect mdp_rect x=0 y=0 w=1080 h=1920
04-11 03:13:39.015   354   354 E qdoverlay: dst_rect mdp_rect x=0 y=0 w=720 h=1280
04-11 03:13:39.025  7500  7517 I native-activity: Swap 182 time is 16.214ms
04-11 03:13:39.025  7500  7517 I native-activity: Animating
04-11 03:13:39.025  7500  7517 I native-activity: Frame 183 GL error is 0x0
04-11 03:13:39.025  7500  7517 I native-activity: Frame 183 time is 0.594ms
04-11 03:13:39.035   354   354 E qdoverlay: Bad ov dump:  mdp_overlay z=0 fg=0 alpha=255 mask=-1 flags=0x40000 id=8
04-11 03:13:39.035   354   354 E qdoverlay: src msmfb_img w=1088 h=1920 format=13 MDP_RGBA_8888
04-11 03:13:39.035   354   354 E qdoverlay: src_rect mdp_rect x=0 y=0 w=1080 h=1920
04-11 03:13:39.035   354   354 E qdoverlay: dst_rect mdp_rect x=0 y=0 w=720 h=1280
04-11 03:13:39.045  7500  7517 I native-activity: Swap 183 time is 16.315ms
04-11 03:13:39.045  7500  7517 I native-activity: Animating
04-11 03:13:39.045  7500  7517 I native-activity: Frame 184 GL error is 0x0
04-11 03:13:39.045  7500  7517 I native-activity: Frame 184 time is 0.352ms
04-11 03:13:39.055   354   354 E qdoverlay: Bad ov dump:  mdp_overlay z=0 fg=0 alpha=255 mask=-1 flags=0x40000 id=8
04-11 03:13:39.055   354   354 E qdoverlay: src msmfb_img w=1088 h=1920 format=13 MDP_RGBA_8888
04-11 03:13:39.055   354   354 E qdoverlay: src_rect mdp_rect x=0 y=0 w=1080 h=1920
04-11 03:13:39.055   354   354 E qdoverlay: dst_rect mdp_rect x=0 y=0 w=720 h=1280
04-11 03:13:39.055  7500  7517 I native-activity: Swap 184 time is 16.069ms
04-11 03:13:39.055  7500  7517 I native-activity: Animating
04-11 03:13:39.055  7500  7517 I native-activity: Frame 185 GL error is 0x0
04-11 03:13:39.055  7500  7517 I native-activity: Frame 185 time is 0.351ms
04-11 03:13:39.065   354   354 E qdoverlay: Bad ov dump:  mdp_overlay z=0 fg=0 alpha=255 mask=-1 flags=0x40000 id=8
04-11 03:13:39.065   354   354 E qdoverlay: src msmfb_img w=1088 h=1920 format=13 MDP_RGBA_8888
04-11 03:13:39.065   354   354 E qdoverlay: src_rect mdp_rect x=0 y=0 w=1080 h=1920
04-11 03:13:39.065   354   354 E qdoverlay: dst_rect mdp_rect x=0 y=0 w=720 h=1280
