04-11 03:13:35.565  7500  7517 V native-activity: 		EGL_SAMPLE_BUFFERS: 1
04-11 03:13:35.565  7500  7517 V native-activity: 		EGL_RED_SIZE: 8
04-11 03:13:35.565  7500  7517 V native-activity: 		EGL_GREEN_SIZE: 8
04-11 03:13:35.565  7500  7517 V native-activity: 		EGL_BLUE_SIZE: 8
04-11 03:13:35.565  7500  7517 V native-activity: 		EGL_ALPHA_SIZE: 0
04-11 03:13:35.565  7500  7517 V native-activity: 		EGL_ALPHA_MASK_SIZE: 0
04-11 03:13:35.565  7500  7517 V native-activity: 		EGL_LUMINANCE_SIZE: 0
04-11 03:13:35.565  7500  7517 V native-activity: 		EGL_TRANSPARENT_TYPE: 12344 EGL_NONE,
04-11 03:13:35.565  7500  7517 V native-activity: 		EGL_TRANSPARENT_RED_VALUE: -1
04-11 03:13:35.565  7500  7517 V native-activity: 		EGL_TRANSPARENT_GREEN_VALUE: -1
04-11 03:13:35.565  7500  7517 V native-activity: 		EGL_TRANSPARENT_BLUE_VALUE: -1
04-11 03:13:35.565  7500  7517 V native-activity: 		EGL_STENCIL_SIZE: 0
04-11 03:13:35.565  7500  7517 V native-activity: 		EGL_DEPTH_SIZE: 0
04-11 03:13:35.565  7500  7517 V native-activity: 		EGL_BIND_TO_TEXTURE_RGB: 0
04-11 03:13:35.565  7500  7517 V native-activity: 		EGL_BIND_TO_TEXTURE_RGBA: 0
04-11 03:13:35.565  7500  7517 V native-activity: 		EGL_MIN_SWAP_INTERVAL: 0
04-11 03:13:35.565  7500  7517 V native-activity: 		EGL_MAX_SWAP_INTERVAL: 1
04-11 03:13:35.565  7500  7517 V native-activity: 		EGL_MAX_PBUFFER_WIDTH: 4096
04-11 03:13:35.565  7500  7517 V native-activity: 		EGL_MAX_PBUFFER_HEIGHT: 4096
04-11 03:13:35.565  7500  7517 D native-activity: 	Config 0x22 index 33
04-11 03:13:35.565  7500  7517 V native-activity: 		EGL_CONFIG_ID: 34
04-11 03:13:35.565  7500  7517 V native-activity: 		EGL_CONFORMANT: 71 EGL_OPENGL_ES_BIT, EGL_OPENGL_ES2_BIT, EGL_OPENVG_BIT,
04-11 03:13:35.565  7500  7517 V native-activity: 		EGL_CONFIG_CAVEAT: 12344 EGL_NONE,
04-11 03:13:35.565  7500  7517 V native-activity: 		EGL_RENDERABLE_TYPE: 71 EGL_OPENGL_ES_BIT, EGL_OPENGL_ES2_BIT, EGL_OPENVG_BIT,
04-11 03:13:35.565  7500  7517 V native-activity: 		EGL_SURFACE_TYPE: 1413 EGL_PBUFFER_BIT, EGL_SWAP_BEHAVIOR_PRESERVED_BIT, EGL_WINDOW_BIT,
04-11 03:13:35.565  7500  7517 V native-activity: 		EGL_LEVEL: 0
04-11 03:13:35.565  7500  7517 V native-activity: 		EGL_COLOR_BUFFER_TYPE: 12430 EGL_RGB_BUFFER,
04-11 03:13:35.565  7500  7517 V native-activity: 		EGL_BUFFER_SIZE: 24
04-11 03:13:35.565  7500  7517 V native-activity: 		EGL_SAMPLES: 4
04-11 03:13:35.565  7500  7517 V native-activity: 		EGL_SAMPLE_BUFFERS: 1
04-11 03:13:35.565  7500  7517 V native-activity: 		EGL_RED_SIZE: 8
04-11 03:13:35.565  7500  7517 V native-activity: 		EGL_GREEN_SIZE: 8
04-11 03:13:35.565  7500  7517 V native-activity: 		EGL_BLUE_SIZE: 8
04-11 03:13:35.565  7500  7517 V native-activity: 		EGL_ALPHA_SIZE: 0
04-11 03:13:35.565  7500  7517 V native-activity: 		EGL_ALPHA_MASK_SIZE: 0
04-11 03:13:35.565  7500  7517 V native-activity: 		EGL_LUMINANCE_SIZE: 0
04-11 03:13:35.565  7500  7517 V native-activity: 		EGL_TRANSPARENT_TYPE: 12344 EGL_NONE,
04-11 03:13:35.565  7500  7517 V native-activity: 		EGL_TRANSPARENT_RED_VALUE: -1
04-11 03:13:35.565  7500  7517 V native-activity: 		EGL_TRANSPARENT_GREEN_VALUE: -1
04-11 03:13:35.565  7500  7517 V native-activity: 		EGL_TRANSPARENT_BLUE_VALUE: -1
04-11 03:13:35.565  7500  7517 V native-activity: 		EGL_STENCIL_SIZE: 0
04-11 03:13:35.565  7500  7517 V native-activity: 		EGL_DEPTH_SIZE: 16
04-11 03:13:35.565  7500  7517 V native-activity: 		EGL_BIND_TO_TEXTURE_RGB: 0
04-11 03:13:35.565  7500  7517 V native-activity: 		EGL_BIND_TO_TEXTURE_RGBA: 0
04-11 03:13:35.565  7500  7517 V native-activity: 		EGL_MIN_SWAP_INTERVAL: 0
04-11 03:13:35.565  7500  7517 V native-activity: 		EGL_MAX_SWAP_INTERVAL: 1
04-11 03:13:35.565  7500  7517 V native-activity: 		EGL_MAX_PBUFFER_WIDTH: 4096
04-11 03:13:35.565  7500  7517 V native-activity: 		EGL_MAX_PBUFFER_HEIGHT: 4096
04-11 03:13:35.565  7500  7517 D native-activity: 	Config 0x23 index 34
04-11 03:13:35.565  7500  7517 V native-activity: 		EGL_CONFIG_ID: 35
04-11 03:13:35.565  7500  7517 V native-activity: 		EGL_CONFORMANT: 71 EGL_OPENGL_ES_BIT, EGL_OPENGL_ES2_BIT, EGL_OPENVG_BIT,
04-11 03:13:35.565  7500  7517 V native-activity: 		EGL_CONFIG_CAVEAT: 12344 EGL_NONE,
04-11 03:13:35.565  7500  7517 V native-activity: 		EGL_RENDERABLE_TYPE: 71 EGL_OPENGL_ES_BIT, EGL_OPENGL_ES2_BIT, EGL_OPENVG_BIT,
04-11 03:13:35.565  7500  7517 V native-activity: 		EGL_SURFACE_TYPE: 1413 EGL_PBUFFER_BIT, EGL_SWAP_BEHAVIOR_PRESERVED_BIT, EGL_WINDOW_BIT,
04-11 03:13:35.565  7500  7517 V native-activity: 		EGL_LEVEL: 0
04-11 03:13:35.565  7500  7517 V native-activity: 		EGL_COLOR_BUFFER_TYPE: 12430 EGL_RGB_BUFFER,
04-11 03:13:35.565  7500  7517 V native-activity: 		EGL_BUFFER_SIZE: 24
04-11 03:13:35.565  7500  7517 V native-activity: 		EGL_SAMPLES: 4
04-11 03:13:35.565  7500  7517 V native-activity: 		EGL_SAMPLE_BUFFERS: 1
04-11 03:13:35.565  7500  7517 V native-activity: 		EGL_RED_SIZE: 8
04-11 03:13:35.565  7500  7517 V native-activity: 		EGL_GREEN_SIZE: 8
04-11 03:13:35.565  7500  7517 V native-activity: 		EGL_BLUE_SIZE: 8
04-11 03:13:35.565  7500  7517 V native-activity: 		EGL_ALPHA_SIZE: 0
04-11 03:13:35.565  7500  7517 V native-activity: 		EGL_ALPHA_MASK_SIZE: 0
04-11 03:13:35.565  7500  7517 V native-activity: 		EGL_LUMINANCE_SIZE: 0
04-11 03:13:35.565  7500  7517 V native-activity: 		EGL_TRANSPARENT_TYPE: 12344 EGL_NONE,
04-11 03:13:35.565  7500  7517 V native-activity: 		EGL_TRANSPARENT_RED_VALUE: -1
04-11 03:13:35.565  7500  7517 V native-activity: 		EGL_TRANSPARENT_GREEN_VALUE: -1
04-11 03:13:35.565  7500  7517 V native-activity: 		EGL_TRANSPARENT_BLUE_VALUE: -1
04-11 03:13:35.565  7500  7517 V native-activity: 		EGL_STENCIL_SIZE: 8
04-11 03:13:35.565  7500  7517 V native-activity: 		EGL_DEPTH_SIZE: 24
04-11 03:13:35.565  7500  7517 V native-activity: 		EGL_BIND_TO_TEXTURE_RGB: 0
04-11 03:13:35.565  7500  7517 V native-activity: 		EGL_BIND_TO_TEXTURE_RGBA: 0
04-11 03:13:35.565  7500  7517 V native-activity: 		EGL_MIN_SWAP_INTERVAL: 0
04-11 03:13:35.565  7500  7517 V native-activity: 		EGL_MAX_SWAP_INTERVAL: 1
04-11 03:13:35.565  7500  7517 V native-activity: 		EGL_MAX_PBUFFER_WIDTH: 4096
04-11 03:13:35.565  7500  7517 V native-activity: 		EGL_MAX_PBUFFER_HEIGHT: 4096
04-11 03:13:35.565  7500  7517 D native-activity: 	Config 0x24 index 35
04-11 03:13:35.565  7500  7517 V native-activity: 		EGL_CONFIG_ID: 36
04-11 03:13:35.565  7500  7517 V native-activity: 		EGL_CONFORMANT: 71 EGL_OPENGL_ES_BIT, EGL_OPENGL_ES2_BIT, EGL_OPENVG_BIT,
04-11 03:13:35.565  7500  7517 V native-activity: 		EGL_CONFIG_CAVEAT: 12344 EGL_NONE,
04-11 03:13:35.565  7500  7517 V native-activity: 		EGL_RENDERABLE_TYPE: 71 EGL_OPENGL_ES_BIT, EGL_OPENGL_ES2_BIT, EGL_OPENVG_BIT,
04-11 03:13:35.565  7500  7517 V native-activity: 		EGL_SURFACE_TYPE: 1413 EGL_PBUFFER_BIT, EGL_SWAP_BEHAVIOR_PRESERVED_BIT, EGL_WINDOW_BIT,
04-11 03:13:35.565  7500  7517 V native-activity: 		EGL_LEVEL: 0
04-11 03:13:35.565  7500  7517 V native-activity: 		EGL_COLOR_BUFFER_TYPE: 12430 EGL_RGB_BUFFER,
04-11 03:13:35.565  7500  7517 V native-activity: 		EGL_BUFFER_SIZE: 24
04-11 03:13:35.565  7500  7517 V native-activity: 		EGL_SAMPLES: 4
04-11 03:13:35.565  7500  7517 V native-activity: 		EGL_SAMPLE_BUFFERS: 1
04-11 03:13:35.565  7500  7517 V native-activity: 		EGL_RED_SIZE: 8
04-11 03:13:35.565  7500  7517 V native-activity: 		EGL_GREEN_SIZE: 8
04-11 03:13:35.565  7500  7517 V native-activity: 		EGL_BLUE_SIZE: 8
04-11 03:13:35.565  7500  7517 V native-activity: 		EGL_ALPHA_SIZE: 0
04-11 03:13:35.565  7500  7517 V native-activity: 		EGL_ALPHA_MASK_SIZE: 0
04-11 03:13:35.565  7500  7517 V native-activity: 		EGL_LUMINANCE_SIZE: 0
04-11 03:13:35.565  7500  7517 V native-activity: 		EGL_TRANSPARENT_TYPE: 12344 EGL_NONE,
04-11 03:13:35.565  7500  7517 V native-activity: 		EGL_TRANSPARENT_RED_VALUE: -1
04-11 03:13:35.565  7500  7517 V native-activity: 		EGL_TRANSPARENT_GREEN_VALUE: -1
04-11 03:13:35.565  7500  7517 V native-activity: 		EGL_TRANSPARENT_BLUE_VALUE: -1
04-11 03:13:35.565  7500  7517 V native-activity: 		EGL_STENCIL_SIZE: 8
04-11 03:13:35.565  7500  7517 V native-activity: 		EGL_DEPTH_SIZE: 0
04-11 03:13:35.565  7500  7517 V native-activity: 		EGL_BIND_TO_TEXTURE_RGB: 0
04-11 03:13:35.565  7500  7517 V native-activity: 		EGL_BIND_TO_TEXTURE_RGBA: 0
04-11 03:13:35.565  7500  7517 V native-activity: 		EGL_MIN_SWAP_INTERVAL: 0
04-11 03:13:35.565  7500  7517 V native-activity: 		EGL_MAX_SWAP_INTERVAL: 1
04-11 03:13:35.565  7500  7517 V native-activity: 		EGL_MAX_PBUFFER_WIDTH: 4096
04-11 03:13:35.565  7500  7517 V native-activity: 		EGL_MAX_PBUFFER_HEIGHT: 4096
04-11 03:13:35.565  7500  7517 D native-activity: Examining config 0x1
04-11 03:13:35.565  7500  7517 D native-activity: Comparing requested attrib 12339 value 4 to 1445
04-11 03:13:35.565  7500  7517 D native-activity: Comparing requested attrib 12352 value 4 to 71
04-11 03:13:35.565  7500  7517 D native-activity: Comparing requested attrib 12322 value 8 to 5
04-11 03:13:35.565  7500  7517 D native-activity: Examining config 0x2
04-11 03:13:35.565  7500  7517 D native-activity: Comparing requested attrib 12339 value 4 to 1445
04-11 03:13:35.565  7500  7517 D native-activity: Comparing requested attrib 12352 value 4 to 71
04-11 03:13:35.565  7500  7517 D native-activity: Comparing requested attrib 12322 value 8 to 5
04-11 03:13:35.565  7500  7517 D native-activity: Examining config 0x3
04-11 03:13:35.565  7500  7517 D native-activity: Comparing requested attrib 12339 value 4 to 1445
04-11 03:13:35.565  7500  7517 D native-activity: Comparing requested attrib 12352 value 4 to 71
04-11 03:13:35.565  7500  7517 D native-activity: Comparing requested attrib 12322 value 8 to 5
04-11 03:13:35.565  7500  7517 D native-activity: Examining config 0x4
04-11 03:13:35.565  7500  7517 D native-activity: Comparing requested attrib 12339 value 4 to 1445
04-11 03:13:35.565  7500  7517 D native-activity: Comparing requested attrib 12352 value 4 to 71
04-11 03:13:35.565  7500  7517 D native-activity: Comparing requested attrib 12322 value 8 to 5
04-11 03:13:35.565  7500  7517 D native-activity: Examining config 0x5
04-11 03:13:35.565  7500  7517 D native-activity: Comparing requested attrib 12339 value 4 to 1509
04-11 03:13:35.565  7500  7517 D native-activity: Comparing requested attrib 12352 value 4 to 71
04-11 03:13:35.565  7500  7517 D native-activity: Comparing requested attrib 12322 value 8 to 8
04-11 03:13:35.565  7500  7517 D native-activity: Comparing requested attrib 12323 value 8 to 8
04-11 03:13:35.565  7500  7517 D native-activity: Comparing requested attrib 12324 value 8 to 8
04-11 03:13:35.565  7500  7517 D native-activity: Comparing requested attrib 12321 value 8 to 8
04-11 03:13:35.565  7500  7517 D native-activity: Comparing requested attrib 12325 value 16 to 0
04-11 03:13:35.565  7500  7517 D native-activity: Examining config 0x6
04-11 03:13:35.565  7500  7517 D native-activity: Comparing requested attrib 12339 value 4 to 1509
04-11 03:13:35.565  7500  7517 D native-activity: Comparing requested attrib 12352 value 4 to 71
04-11 03:13:35.565  7500  7517 D native-activity: Comparing requested attrib 12322 value 8 to 8
04-11 03:13:35.565  7500  7517 D native-activity: Comparing requested attrib 12323 value 8 to 8
04-11 03:13:35.565  7500  7517 D native-activity: Comparing requested attrib 12324 value 8 to 8
04-11 03:13:35.565  7500  7517 D native-activity: Comparing requested attrib 12321 value 8 to 8
04-11 03:13:35.565  7500  7517 D native-activity: Comparing requested attrib 12325 value 16 to 16
04-11 03:13:35.565  7500  7517 D native-activity: Comparing requested attrib 12326 value -1 to 0
04-11 03:13:35.565  7500  7517 D native-activity: Comparing requested attrib 12337 value 0 to 0
04-11 03:13:35.565  7500  7517 I native-activity: Using config 0x6 of 36 configs
04-11 03:13:35.565  7500  7517 I native-activity: 		EGL_CONFIG_ID: 6
04-11 03:13:35.565  7500  7517 I native-activity: 		EGL_CONFORMANT: 71 EGL_OPENGL_ES_BIT, EGL_OPENGL_ES2_BIT, EGL_OPENVG_BIT,
04-11 03:13:35.565  7500  7517 I native-activity: 		EGL_CONFIG_CAVEAT: 12344 EGL_NONE,
04-11 03:13:35.565  7500  7517 I native-activity: 		EGL_RENDERABLE_TYPE: 71 EGL_OPENGL_ES_BIT, EGL_OPENGL_ES2_BIT, EGL_OPENVG_BIT,
04-11 03:13:35.565  7500  7517 I native-activity: 		EGL_SURFACE_TYPE: 1509 EGL_PBUFFER_BIT, EGL_SWAP_BEHAVIOR_PRESERVED_BIT, EGL_VG_ALPHA_FORMAT_PRE_BIT, EGL_VG_COLORSPACE_LINEAR_BIT, EGL_WINDOW_BIT,
04-11 03:13:35.565  7500  7517 I native-activity: 		EGL_LEVEL: 0
04-11 03:13:35.565  7500  7517 I native-activity: 		EGL_COLOR_BUFFER_TYPE: 12430 EGL_RGB_BUFFER,
04-11 03:13:35.565  7500  7517 I native-activity: 		EGL_BUFFER_SIZE: 32
04-11 03:13:35.565  7500  7517 I native-activity: 		EGL_SAMPLES: 0
04-11 03:13:35.565  7500  7517 I native-activity: 		EGL_SAMPLE_BUFFERS: 0
04-11 03:13:35.565  7500  7517 I native-activity: 		EGL_RED_SIZE: 8
04-11 03:13:35.565  7500  7517 I native-activity: 		EGL_GREEN_SIZE: 8
04-11 03:13:35.565  7500  7517 I native-activity: 		EGL_BLUE_SIZE: 8
04-11 03:13:35.565  7500  7517 I native-activity: 		EGL_ALPHA_SIZE: 8
04-11 03:13:35.565  7500  7517 I native-activity: 		EGL_ALPHA_MASK_SIZE: 0
04-11 03:13:35.565  7500  7517 I native-activity: 		EGL_LUMINANCE_SIZE: 0
04-11 03:13:35.565  7500  7517 I native-activity: 		EGL_TRANSPARENT_TYPE: 12344 EGL_NONE,
04-11 03:13:35.565  7500  7517 I native-activity: 		EGL_TRANSPARENT_RED_VALUE: -1
04-11 03:13:35.565  7500  7517 I native-activity: 		EGL_TRANSPARENT_GREEN_VALUE: -1
04-11 03:13:35.565  7500  7517 I native-activity: 		EGL_TRANSPARENT_BLUE_VALUE: -1
04-11 03:13:35.565  7500  7517 I native-activity: 		EGL_STENCIL_SIZE: 0
04-11 03:13:35.565  7500  7517 I native-activity: 		EGL_DEPTH_SIZE: 16
04-11 03:13:35.565  7500  7517 I native-activity: 		EGL_BIND_TO_TEXTURE_RGB: 0
04-11 03:13:35.565  7500  7517 I native-activity: 		EGL_BIND_TO_TEXTURE_RGBA: 1
04-11 03:13:35.565  7500  7517 I native-activity: 		EGL_MIN_SWAP_INTERVAL: 0
04-11 03:13:35.565  7500  7517 I native-activity: 		EGL_MAX_SWAP_INTERVAL: 1
04-11 03:13:35.565  7500  7517 I native-activity: 		EGL_MAX_PBUFFER_WIDTH: 4096
04-11 03:13:35.565  7500  7517 I native-activity: 		EGL_MAX_PBUFFER_HEIGHT: 4096
04-11 03:13:35.565  7500  7517 I native-activity: Creating window surface as pbuffer_bit is not set
04-11 03:13:35.575  7500  7517 I HAL     : hw module loaded: gralloc [/system/lib/hw/gralloc.msm8974.so]
04-11 03:13:35.575  7500  7517 I native-activity: EGL Surface 0x620f3e20 information
04-11 03:13:35.575  7500  7517 I native-activity: 		EGL_CONFIG_ID: 6
04-11 03:13:35.575  7500  7517 I native-activity: 		EGL_WIDTH: 1080
04-11 03:13:35.575  7500  7517 I native-activity: 		EGL_HEIGHT: 1920
04-11 03:13:35.575  7500  7517 I native-activity: 		EGL_HORIZONTAL_RESOLUTION: -1 EGL_UNKNOWN,
04-11 03:13:35.575  7500  7517 I native-activity: 		EGL_VERTICAL_RESOLUTION: -1 EGL_UNKNOWN,
04-11 03:13:35.575  7500  7517 I native-activity: 		EGL_PIXEL_ASPECT_RATIO: -1 EGL_UNKNOWN,
04-11 03:13:35.575  7500  7517 I native-activity: 		EGL_RENDER_BUFFER: 12420 EGL_BACK_BUFFER,
04-11 03:13:35.575  7500  7517 I native-activity: 		EGL_MIPMAP_TEXTURE: 12289 EGL_NOT_INITIALIZED,
04-11 03:13:35.575  7500  7517 I native-activity: 		EGL_TEXTURE_FORMAT: 12289 EGL_NOT_INITIALIZED,
04-11 03:13:35.575  7500  7517 I native-activity: 		EGL_TEXTURE_TARGET: 12289 EGL_NOT_INITIALIZED,
04-11 03:13:35.575  7500  7517 I native-activity: 		EGL_SWAP_BEHAVIOR: 12437 EGL_BUFFER_DESTROYED,
04-11 03:13:35.575  7500  7517 I native-activity: 		EGL_MULTISAMPLE_RESOLVE: 12442 EGL_MULTISAMPLE_RESOLVE_DEFAULT,
04-11 03:13:35.585 26866 26892 I ActivityManager: Displayed com.example.sonicdash_stage1/android.app.NativeActivity: +194ms
04-11 03:13:35.585  7500  7517 I native-activity: Created context 0x62c95640, error 0x3000
04-11 03:13:35.585  7500  7517 I native-activity: 		EGL_CONFIG_ID: 6
04-11 03:13:35.585  7500  7517 I native-activity: 		EGL_CONTEXT_CLIENT_TYPE: 12448 EGL_OPENGL_ES_API,
04-11 03:13:35.585  7500  7517 I native-activity: 		EGL_CONTEXT_CLIENT_VERSION: 2
04-11 03:13:35.585  7500  7517 I native-activity: 		EGL_RENDER_BUFFER: 12344 EGL_NONE,
04-11 03:13:35.595  7500  7517 I native-activity: Context 0x62c95640 made current on surface 0x620f3e20, error 0x3000
04-11 03:13:35.595  7500  7517 I native-activity: GL information
04-11 03:13:35.595  7500  7517 I native-activity: 	Renderer: Adreno (TM) 330
04-11 03:13:35.595  7500  7517 I native-activity: 	Vendor: Qualcomm
04-11 03:13:35.595  7500  7517 I native-activity: 	Version: OpenGL ES 3.0 V@66.0 AU@  (CL@)
04-11 03:13:35.595  7500  7517 I native-activity: 	Shading Language: OpenGL ES GLSL ES 3.00
04-11 03:13:35.595  7500  7517 I native-activity: 	Extensions: GL_AMD_compressed_ATC_texture GL_AMD_performance_monitor GL_AMD_program_binary_Z400 GL_EXT_debug_label GL_EXT_debug_marker GL_EXT_discard_framebuffer GL_EXT_robustness GL_EXT_texture_format_BGRA8888 GL_EXT_texture_type_2_10_10_10_REV GL_NV_fence GL_OES_compressed_ETC1_RGB8_texture GL_OES_depth_texture GL_OES_depth24 GL_OES_EGL_image GL_OES_EGL_image_external GL_OES_element_index_uint GL_OES_fbo_render_mipmap GL_OES_fragment_precision_high GL_OES_get_program_binary GL_OES_packed_depth_stencil GL_OES_depth_texture_cube_map GL_OES_rgb8_rgba8 GL_OES_standard_derivatives GL_OES_texture_3D GL_OES_texture_float GL_OES_texture_half_float GL_OES_texture_half_float_linear GL_OES_texture_npot GL_OES_vertex_half_float GL_OES_vertex_type_10_10_10_2 GL_OES_vertex_array_object GL_QCOM_alpha_test GL_QCOM_binning_control GL_QCOM_driver_control GL_QCOM_perfmon_global_mode GL_QCOM_extended_get GL_QCOM_extended_get2 GL_QCOM_tiled_rendering GL_QCOM_writeonly_rendering GL_EXT_sRGB GL_EXT_sRGB_write_control GL_EXT_tex
04-11 03:13:35.595  7500  7517 E Adreno-ES20: <check_framebuffer_attachment:789>: Invalid texture format! Returning error!
04-11 03:13:35.595  7500  7517 E Adreno-ES20: <check_framebuffer_object_status:1185>: Framebuffer color attachment incomplete. Returning GL_FRAMEBUFFER_INCOMPLETE_ATTACHMENT!
04-11 03:13:35.595  7500  7517 E Adreno-ES20: <check_framebuffer_attachment:789>: Invalid texture format! Returning error!
04-11 03:13:35.595  7500  7517 E Adreno-ES20: <check_framebuffer_object_status:1185>: Framebuffer color attachment incomplete. Returning GL_FRAMEBUFFER_INCOMPLETE_ATTACHMENT!
04-11 03:13:35.595  7500  7517 W Adreno-ES20: <core_glDisableVertexAttribArray:165>: GL_INVALID_VALUE
04-11 03:13:35.625  7500  7517 I native-activity: Context 0x62c95640 made current on surface 0x620f3e20, error 0x3000
04-11 03:13:35.625  7500  7517 I native-activity: GL information
04-11 03:13:35.625  7500  7517 I native-activity: 	Renderer: Adreno (TM) 330
04-11 03:13:35.625  7500  7517 I native-activity: 	Vendor: Qualcomm
04-11 03:13:35.625  7500  7517 I native-activity: 	Version: OpenGL ES 3.0 V@66.0 AU@  (CL@)
04-11 03:13:35.625  7500  7517 I native-activity: 	Shading Language: OpenGL ES GLSL ES 3.00
04-11 03:13:35.625  7500  7517 I native-activity: 	Extensions: GL_AMD_compressed_ATC_texture GL_AMD_performance_monitor GL_AMD_program_binary_Z400 GL_EXT_debug_label GL_EXT_debug_marker GL_EXT_discard_framebuffer GL_EXT_robustness GL_EXT_texture_format_BGRA8888 GL_EXT_texture_type_2_10_10_10_REV GL_NV_fence GL_OES_compressed_ETC1_RGB8_texture GL_OES_depth_texture GL_OES_depth24 GL_OES_EGL_image GL_OES_EGL_image_external GL_OES_element_index_uint GL_OES_fbo_render_mipmap GL_OES_fragment_precision_high GL_OES_get_program_binary GL_OES_packed_depth_stencil GL_OES_depth_texture_cube_map GL_OES_rgb8_rgba8 GL_OES_standard_derivatives GL_OES_texture_3D GL_OES_texture_float GL_OES_texture_half_float GL_OES_texture_half_float_linear GL_OES_texture_npot GL_OES_vertex_half_float GL_OES_vertex_type_10_10_10_2 GL_OES_vertex_array_object GL_QCOM_alpha_test GL_QCOM_binning_control GL_QCOM_driver_control GL_QCOM_perfmon_global_mode GL_QCOM_extended_get GL_QCOM_extended_get2 GL_QCOM_tiled_rendering GL_QCOM_writeonly_rendering GL_EXT_sRGB GL_EXT_sRGB_write_control GL_EXT_tex
04-11 03:13:35.655  7500  7517 I native-activity: Frame 0 GL error is 0x501
04-11 03:13:35.655  7500  7517 I native-activity: Frame 0 time is 86.414ms
04-11 03:13:35.665  7500  7517 I HAL     : hw module loaded: gralloc [/system/lib/hw/gralloc.msm8974.so]
04-11 03:13:35.665  7500  7517 I native-activity: Swap 0 time is 91.023ms
04-11 03:13:35.665  7500  7517 I native-activity: Animating
04-11 03:13:35.665  7500  7517 I native-activity: Frame 1 GL error is 0x0
04-11 03:13:35.665  7500  7517 I native-activity: Frame 1 time is 0.275ms
04-11 03:13:35.665   354   354 E qdoverlay: Bad ov dump:  mdp_overlay z=0 fg=0 alpha=255 mask=-1 flags=0x40000 id=8
04-11 03:13:35.665   354   354 E qdoverlay: src msmfb_img w=1088 h=1920 format=13 MDP_RGBA_8888
04-11 03:13:35.665   354   354 E qdoverlay: src_rect mdp_rect x=0 y=0 w=1080 h=1920
04-11 03:13:35.665   354   354 E qdoverlay: dst_rect mdp_rect x=0 y=0 w=720 h=1280
04-11 03:13:35.665  7500  7517 I native-activity: Swap 1 time is 4.676ms
04-11 03:13:35.665  7500  7517 I native-activity: Animating
04-11 03:13:35.665  7500  7517 I native-activity: Frame 2 GL error is 0x0
04-11 03:13:35.665  7500  7517 I native-activity: Frame 2 time is 0.139ms
04-11 03:13:35.665 26866 27305 D com.amazon.android.service.kinesispolicy.KinesisPolicyService: noteStartSensor pid=7500 type=0
04-11 03:13:35.665 26866 27305 D com.amazon.android.service.kinesispolicy.KinesisPolicyService: noteStart ===>
04-11 03:13:35.665 26866 27305 D com.amazon.android.service.kinesispolicy.KinesisPolicyService: noteStart 1.1
04-11 03:13:35.665 26866 27305 D com.amazon.android.service.kinesispolicy.KinesisPolicyService: noteStartSensor, need to create entry
04-11 03:13:35.665 26866 27305 D com.amazon.android.service.kinesispolicy.KinesisPolicyService: evaluateSensorUse, analysis: USING
04-11 03:13:35.665 26866 27305 D com.amazon.android.service.kinesispolicy.KinesisPolicyService: noteStart <===
04-11 03:13:35.665 26866 26968 I com.amazon.android.service.kinesispolicy.KinesisPolicyService: notifySensorUseToSysUI pid=7500 Using...
04-11 03:13:35.675  7500  7517 I native-activity: Swap 2 time is 3.803ms
04-11 03:13:35.675  7500  7517 I native-activity: Animating
04-11 03:13:35.675  7500  7517 I native-activity: Context 0x62c95640 made current on surface 0x620f3e20, error 0x3000
04-11 03:13:35.675  7500  7517 I native-activity: GL information
04-11 03:13:35.675  7500  7517 I native-activity: 	Renderer: Adreno (TM) 330
04-11 03:13:35.675  7500  7517 I native-activity: 	Vendor: Qualcomm
04-11 03:13:35.675  7500  7517 I native-activity: 	Version: OpenGL ES 3.0 V@66.0 AU@  (CL@)
04-11 03:13:35.675  7500  7517 I native-activity: 	Shading Language: OpenGL ES GLSL ES 3.00
04-11 03:13:35.675  7500  7517 I native-activity: 	Extensions: GL_AMD_compressed_ATC_texture GL_AMD_performance_monitor GL_AMD_program_binary_Z400 GL_EXT_debug_label GL_EXT_debug_marker GL_EXT_discard_framebuffer GL_EXT_robustness GL_EXT_texture_format_BGRA8888 GL_EXT_texture_type_2_10_10_10_REV GL_NV_fence GL_OES_compressed_ETC1_RGB8_texture GL_OES_depth_texture GL_OES_depth24 GL_OES_EGL_image GL_OES_EGL_image_external GL_OES_element_index_uint GL_OES_fbo_render_mipmap GL_OES_fragment_precision_high GL_OES_get_program_binary GL_OES_packed_depth_stencil GL_OES_depth_texture_cube_map GL_OES_rgb8_rgba8 GL_OES_standard_derivatives GL_OES_texture_3D GL_OES_texture_float GL_OES_texture_half_float GL_OES_texture_half_float_linear GL_OES_texture_npot GL_OES_vertex_half_float GL_OES_vertex_type_10_10_10_2 GL_OES_vertex_array_object GL_QCOM_alpha_test GL_QCOM_binning_control GL_QCOM_driver_control GL_QCOM_perfmon_global_mode GL_QCOM_extended_get GL_QCOM_extended_get2 GL_QCOM_tiled_rendering GL_QCOM_writeonly_rendering GL_EXT_sRGB GL_EXT_sRGB_write_control GL_EXT_tex
04-11 03:13:35.675  7500  7517 W Adreno-ES20: <core_glDisableVertexAttribArray:165>: GL_INVALID_VALUE
04-11 03:13:35.675  7500  7517 I native-activity: Frame 3 GL error is 0x501
04-11 03:13:35.675  7500  7517 I native-activity: Frame 3 time is 0.422ms
04-11 03:13:35.685   354   354 E qdoverlay: Bad ov dump:  mdp_overlay z=0 fg=0 alpha=255 mask=-1 flags=0x40000 id=8
04-11 03:13:35.685   354   354 E qdoverlay: src msmfb_img w=1088 h=1920 format=13 MDP_RGBA_8888
04-11 03:13:35.685   354   354 E qdoverlay: src_rect mdp_rect x=0 y=0 w=1080 h=1920
04-11 03:13:35.685   354   354 E qdoverlay: dst_rect mdp_rect x=0 y=0 w=720 h=1280
04-11 03:13:35.685  7500  7517 I native-activity: Swap 3 time is 13.474ms
04-11 03:13:35.685  7500  7517 I native-activity: Animating
04-11 03:13:35.705   354   354 E qdoverlay: Bad ov dump:  mdp_overlay z=0 fg=0 alpha=255 mask=-1 flags=0x40000 id=8
04-11 03:13:35.705   354   354 E qdoverlay: src msmfb_img w=1088 h=1920 format=13 MDP_RGBA_8888
04-11 03:13:35.705   354   354 E qdoverlay: src_rect mdp_rect x=0 y=0 w=1080 h=1920
04-11 03:13:35.705   354   354 E qdoverlay: dst_rect mdp_rect x=0 y=0 w=720 h=1280
04-11 03:13:35.715   354   354 E qdoverlay: Bad ov dump:  mdp_overlay z=0 fg=0 alpha=255 mask=-1 flags=0x40000 id=8
04-11 03:13:35.715   354   354 E qdoverlay: src msmfb_img w=1088 h=1920 format=13 MDP_RGBA_8888
04-11 03:13:35.715   354   354 E qdoverlay: src_rect mdp_rect x=0 y=0 w=1080 h=1920
04-11 03:13:35.715   354   354 E qdoverlay: dst_rect mdp_rect x=0 y=0 w=720 h=1280
04-11 03:13:35.725  7500  7517 W Adreno-ES20: <core_glGetActiveAttrib:534>: GL_INVALID_VALUE
04-11 03:13:35.725  7500  7517 I native-activity: Frame 4 GL error is 0x501
04-11 03:13:35.725  7500  7517 I native-activity: Frame 4 time is 42.505ms
04-11 03:13:35.735  7500  7517 I native-activity: Swap 4 time is 43.795ms
04-11 03:13:35.735  7500  7517 I native-activity: Animating
04-11 03:13:35.735  7500  7517 I native-activity: Frame 5 GL error is 0x0
04-11 03:13:35.735  7500  7517 I native-activity: Frame 5 time is 0.121ms
04-11 03:13:35.735  7500  7517 I native-activity: Swap 5 time is 2.815ms
04-11 03:13:35.735  7500  7517 I native-activity: Animating
04-11 03:13:35.735  7500  7517 I native-activity: Frame 6 GL error is 0x0
04-11 03:13:35.735  7500  7517 I native-activity: Frame 6 time is 0.152ms
04-11 03:13:35.735   354   354 E qdoverlay: Bad ov dump:  mdp_overlay z=0 fg=0 alpha=255 mask=-1 flags=0x40000 id=8
04-11 03:13:35.735   354   354 E qdoverlay: src msmfb_img w=1088 h=1920 format=13 MDP_RGBA_8888
04-11 03:13:35.735   354   354 E qdoverlay: src_rect mdp_rect x=0 y=0 w=1080 h=1920
04-11 03:13:35.735   354   354 E qdoverlay: dst_rect mdp_rect x=0 y=0 w=720 h=1280
04-11 03:13:35.735  7500  7517 I native-activity: Swap 6 time is 3.143ms
04-11 03:13:35.735  7500  7517 I native-activity: Animating
04-11 03:13:35.735  7500  7517 I native-activity: Frame 7 GL error is 0x0
04-11 03:13:35.735  7500  7517 I native-activity: Frame 7 time is 0.167ms
04-11 03:13:35.755   354   354 E qdoverlay: Bad ov dump:  mdp_overlay z=0 fg=0 alpha=255 mask=-1 flags=0x40000 id=8
04-11 03:13:35.755   354   354 E qdoverlay: src msmfb_img w=1088 h=1920 format=13 MDP_RGBA_8888
04-11 03:13:35.755   354   354 E qdoverlay: src_rect mdp_rect x=0 y=0 w=1080 h=1920
04-11 03:13:35.755   354   354 E qdoverlay: dst_rect mdp_rect x=0 y=0 w=720 h=1280
04-11 03:13:35.755  7500  7517 I native-activity: Swap 7 time is 15.211ms
04-11 03:13:35.755  7500  7517 I native-activity: Animating
04-11 03:13:35.755  7500  7517 I native-activity: Frame 8 GL error is 0x0
04-11 03:13:35.755  7500  7517 I native-activity: Frame 8 time is 0.120ms
04-11 03:13:35.765   354   354 E qdoverlay: Bad ov dump:  mdp_overlay z=0 fg=0 alpha=255 mask=-1 flags=0x40000 id=8
04-11 03:13:35.765   354   354 E qdoverlay: src msmfb_img w=1088 h=1920 format=13 MDP_RGBA_8888
04-11 03:13:35.765   354   354 E qdoverlay: src_rect mdp_rect x=0 y=0 w=1080 h=1920
04-11 03:13:35.765   354   354 E qdoverlay: dst_rect mdp_rect x=0 y=0 w=720 h=1280
04-11 03:13:35.765  7500  7517 I native-activity: Swap 8 time is 16.585ms
04-11 03:13:35.765  7500  7517 I native-activity: Animating
04-11 03:13:35.765  7500  7517 I native-activity: Frame 9 GL error is 0x0
04-11 03:13:35.765  7500  7517 I native-activity: Frame 9 time is 0.144ms
04-11 03:13:35.785   354   354 E qdoverlay: Bad ov dump:  mdp_overlay z=0 fg=0 alpha=255 mask=-1 flags=0x40000 id=8
04-11 03:13:35.785   354   354 E qdoverlay: src msmfb_img w=1088 h=1920 format=13 MDP_RGBA_8888
04-11 03:13:35.785   354   354 E qdoverlay: src_rect mdp_rect x=0 y=0 w=1080 h=1920
04-11 03:13:35.785   354   354 E qdoverlay: dst_rect mdp_rect x=0 y=0 w=720 h=1280
04-11 03:13:35.785  7500  7517 I native-activity: Swap 9 time is 17.065ms
04-11 03:13:35.785  7500  7517 I native-activity: Animating
04-11 03:13:35.785  7500  7517 I native-activity: Frame 10 GL error is 0x0
04-11 03:13:35.785  7500  7517 I native-activity: Frame 10 time is 3.235ms
04-11 03:13:35.805   354   354 E qdoverlay: Bad ov dump:  mdp_overlay z=0 fg=0 alpha=255 mask=-1 flags=0x40000 id=8
04-11 03:13:35.805   354   354 E qdoverlay: src msmfb_img w=1088 h=1920 format=13 MDP_RGBA_8888
04-11 03:13:35.805   354   354 E qdoverlay: src_rect mdp_rect x=0 y=0 w=1080 h=1920
04-11 03:13:35.805   354   354 E qdoverlay: dst_rect mdp_rect x=0 y=0 w=720 h=1280
04-11 03:13:35.805  7500  7517 I native-activity: Swap 10 time is 15.204ms
04-11 03:13:35.805  7500  7517 I native-activity: Animating
04-11 03:13:35.805  7500  7517 I native-activity: Frame 11 GL error is 0x0
04-11 03:13:35.805  7500  7517 I native-activity: Frame 11 time is 0.147ms
04-11 03:13:35.815   354   354 E qdoverlay: Bad ov dump:  mdp_overlay z=0 fg=0 alpha=255 mask=-1 flags=0x40000 id=8
04-11 03:13:35.815   354   354 E qdoverlay: src msmfb_img w=1088 h=1920 format=13 MDP_RGBA_8888
04-11 03:13:35.815   354   354 E qdoverlay: src_rect mdp_rect x=0 y=0 w=1080 h=1920
04-11 03:13:35.815   354   354 E qdoverlay: dst_rect mdp_rect x=0 y=0 w=720 h=1280
04-11 03:13:35.815  7500  7517 I native-activity: Swap 11 time is 16.154ms
04-11 03:13:35.815  7500  7517 I native-activity: Animating
04-11 03:13:35.815  7500  7517 I native-activity: Frame 12 GL error is 0x0
04-11 03:13:35.815  7500  7517 I native-activity: Frame 12 time is 0.205ms
04-11 03:13:35.835   354   354 E qdoverlay: Bad ov dump:  mdp_overlay z=0 fg=0 alpha=255 mask=-1 flags=0x40000 id=8
04-11 03:13:35.835   354   354 E qdoverlay: src msmfb_img w=1088 h=1920 format=13 MDP_RGBA_8888
04-11 03:13:35.835   354   354 E qdoverlay: src_rect mdp_rect x=0 y=0 w=1080 h=1920
04-11 03:13:35.835   354   354 E qdoverlay: dst_rect mdp_rect x=0 y=0 w=720 h=1280
04-11 03:13:35.835  7500  7517 I native-activity: Swap 12 time is 16.146ms
04-11 03:13:35.835  7500  7517 I native-activity: Animating
04-11 03:13:35.835  7500  7517 I native-activity: Frame 13 GL error is 0x0
04-11 03:13:35.835  7500  7517 I native-activity: Frame 13 time is 0.218ms
04-11 03:13:35.845   354   354 E qdoverlay: Bad ov dump:  mdp_overlay z=0 fg=0 alpha=255 mask=-1 flags=0x40000 id=8
04-11 03:13:35.845   354   354 E qdoverlay: src msmfb_img w=1088 h=1920 format=13 MDP_RGBA_8888
04-11 03:13:35.845   354   354 E qdoverlay: src_rect mdp_rect x=0 y=0 w=1080 h=1920
04-11 03:13:35.845   354   354 E qdoverlay: dst_rect mdp_rect x=0 y=0 w=720 h=1280
04-11 03:13:35.845  7500  7517 I native-activity: Swap 13 time is 16.469ms
04-11 03:13:35.845  7500  7517 I native-activity: Animating
04-11 03:13:35.855  7500  7517 I native-activity: Frame 14 GL error is 0x0
04-11 03:13:35.855  7500  7517 I native-activity: Frame 14 time is 0.241ms
04-11 03:13:35.865   354   354 E qdoverlay: Bad ov dump:  mdp_overlay z=0 fg=0 alpha=255 mask=-1 flags=0x40000 id=8
04-11 03:13:35.865   354   354 E qdoverlay: src msmfb_img w=1088 h=1920 format=13 MDP_RGBA_8888
04-11 03:13:35.865   354   354 E qdoverlay: src_rect mdp_rect x=0 y=0 w=1080 h=1920
04-11 03:13:35.865   354   354 E qdoverlay: dst_rect mdp_rect x=0 y=0 w=720 h=1280
04-11 03:13:35.865  7500  7517 I native-activity: Swap 14 time is 16.294ms
04-11 03:13:35.865  7500  7517 I native-activity: Animating
04-11 03:13:35.865  7500  7517 I native-activity: Frame 15 GL error is 0x0
04-11 03:13:35.865  7500  7517 I native-activity: Frame 15 time is 0.225ms
04-11 03:13:35.885   354   354 E qdoverlay: Bad ov dump:  mdp_overlay z=0 fg=0 alpha=255 mask=-1 flags=0x40000 id=8
04-11 03:13:35.885   354   354 E qdoverlay: src msmfb_img w=1088 h=1920 format=13 MDP_RGBA_8888
04-11 03:13:35.885   354   354 E qdoverlay: src_rect mdp_rect x=0 y=0 w=1080 h=1920
04-11 03:13:35.885   354   354 E qdoverlay: dst_rect mdp_rect x=0 y=0 w=720 h=1280
04-11 03:13:35.885  7500  7517 I native-activity: Swap 15 time is 16.360ms
04-11 03:13:35.885  7500  7517 I native-activity: Animating
04-11 03:13:35.885  7500  7517 I native-activity: Frame 16 GL error is 0x0
04-11 03:13:35.885  7500  7517 I native-activity: Frame 16 time is 0.212ms
04-11 03:13:35.895   354   354 E qdoverlay: Bad ov dump:  mdp_overlay z=0 fg=0 alpha=255 mask=-1 flags=0x40000 id=8
04-11 03:13:35.895   354   354 E qdoverlay: src msmfb_img w=1088 h=1920 format=13 MDP_RGBA_8888
04-11 03:13:35.895   354   354 E qdoverlay: src_rect mdp_rect x=0 y=0 w=1080 h=1920
04-11 03:13:35.895   354   354 E qdoverlay: dst_rect mdp_rect x=0 y=0 w=720 h=1280
04-11 03:13:35.895  7500  7517 I native-activity: Swap 16 time is 16.459ms
04-11 03:13:35.895  7500  7517 I native-activity: Animating
04-11 03:13:35.895  7500  7517 I native-activity: Frame 17 GL error is 0x0
04-11 03:13:35.895  7500  7517 I native-activity: Frame 17 time is 0.153ms
04-11 03:13:35.915   354   354 E qdoverlay: Bad ov dump:  mdp_overlay z=0 fg=0 alpha=255 mask=-1 flags=0x40000 id=8
04-11 03:13:35.915   354   354 E qdoverlay: src msmfb_img w=1088 h=1920 format=13 MDP_RGBA_8888
04-11 03:13:35.915   354   354 E qdoverlay: src_rect mdp_rect x=0 y=0 w=1080 h=1920
04-11 03:13:35.915   354   354 E qdoverlay: dst_rect mdp_rect x=0 y=0 w=720 h=1280
04-11 03:13:35.915  7500  7517 I native-activity: Swap 17 time is 16.364ms
04-11 03:13:35.915  7500  7517 I native-activity: Animating
04-11 03:13:35.915  7500  7517 I native-activity: Frame 18 GL error is 0x0
04-11 03:13:35.915  7500  7517 I native-activity: Frame 18 time is 0.160ms
04-11 03:13:35.935   354   354 E qdoverlay: Bad ov dump:  mdp_overlay z=0 fg=0 alpha=255 mask=-1 flags=0x40000 id=8
04-11 03:13:35.935   354   354 E qdoverlay: src msmfb_img w=1088 h=1920 format=13 MDP_RGBA_8888
04-11 03:13:35.935   354   354 E qdoverlay: src_rect mdp_rect x=0 y=0 w=1080 h=1920
04-11 03:13:35.935   354   354 E qdoverlay: dst_rect mdp_rect x=0 y=0 w=720 h=1280
04-11 03:13:35.935  7500  7517 I native-activity: Swap 18 time is 16.376ms
04-11 03:13:35.935  7500  7517 I native-activity: Animating
04-11 03:13:35.935  7500  7517 I native-activity: Frame 19 GL error is 0x0
04-11 03:13:35.935  7500  7517 I native-activity: Frame 19 time is 0.247ms
04-11 03:13:35.945   354   354 E qdoverlay: Bad ov dump:  mdp_overlay z=0 fg=0 alpha=255 mask=-1 flags=0x40000 id=8
04-11 03:13:35.945   354   354 E qdoverlay: src msmfb_img w=1088 h=1920 format=13 MDP_RGBA_8888
04-11 03:13:35.945   354   354 E qdoverlay: src_rect mdp_rect x=0 y=0 w=1080 h=1920
04-11 03:13:35.945   354   354 E qdoverlay: dst_rect mdp_rect x=0 y=0 w=720 h=1280
04-11 03:13:35.945  7500  7517 I native-activity: Swap 19 time is 16.768ms
04-11 03:13:35.945  7500  7517 I native-activity: Animating
04-11 03:13:35.945  7500  7517 I native-activity: Frame 20 GL error is 0x0
04-11 03:13:35.945  7500  7517 I native-activity: Frame 20 time is 0.144ms
04-11 03:13:35.965   354   354 E qdoverlay: Bad ov dump:  mdp_overlay z=0 fg=0 alpha=255 mask=-1 flags=0x40000 id=8
04-11 03:13:35.965   354   354 E qdoverlay: src msmfb_img w=1088 h=1920 format=13 MDP_RGBA_8888
04-11 03:13:35.965   354   354 E qdoverlay: src_rect mdp_rect x=0 y=0 w=1080 h=1920
04-11 03:13:35.965   354   354 E qdoverlay: dst_rect mdp_rect x=0 y=0 w=720 h=1280
04-11 03:13:35.965  7500  7517 I native-activity: Swap 20 time is 16.089ms
04-11 03:13:35.965  7500  7517 I native-activity: Animating
04-11 03:13:35.965  7500  7517 I native-activity: Frame 21 GL error is 0x0
04-11 03:13:35.965  7500  7517 I native-activity: Frame 21 time is 0.144ms
04-11 03:13:35.985   354   354 E qdoverlay: Bad ov dump:  mdp_overlay z=0 fg=0 alpha=255 mask=-1 flags=0x40000 id=8
04-11 03:13:35.985   354   354 E qdoverlay: src msmfb_img w=1088 h=1920 format=13 MDP_RGBA_8888
04-11 03:13:35.985   354   354 E qdoverlay: src_rect mdp_rect x=0 y=0 w=1080 h=1920
04-11 03:13:35.985   354   354 E qdoverlay: dst_rect mdp_rect x=0 y=0 w=720 h=1280
04-11 03:13:35.985  7500  7517 I native-activity: Swap 21 time is 16.297ms
04-11 03:13:35.985  7500  7517 I native-activity: Animating
04-11 03:13:35.985  7500  7517 I native-activity: Frame 22 GL error is 0x0
04-11 03:13:35.985  7500  7517 I native-activity: Frame 22 time is 0.205ms
04-11 03:13:35.995   354   354 E qdoverlay: Bad ov dump:  mdp_overlay z=0 fg=0 alpha=255 mask=-1 flags=0x40000 id=8
04-11 03:13:35.995   354   354 E qdoverlay: src msmfb_img w=1088 h=1920 format=13 MDP_RGBA_8888
04-11 03:13:35.995   354   354 E qdoverlay: src_rect mdp_rect x=0 y=0 w=1080 h=1920
04-11 03:13:35.995   354   354 E qdoverlay: dst_rect mdp_rect x=0 y=0 w=720 h=1280
04-11 03:13:35.995  7500  7517 I native-activity: Swap 22 time is 16.320ms
04-11 03:13:35.995  7500  7517 I native-activity: Animating
04-11 03:13:35.995  7500  7517 I native-activity: Frame 23 GL error is 0x0
04-11 03:13:35.995  7500  7517 I native-activity: Frame 23 time is 0.207ms
04-11 03:13:36.015   354   354 E qdoverlay: Bad ov dump:  mdp_overlay z=0 fg=0 alpha=255 mask=-1 flags=0x40000 id=8
04-11 03:13:36.015   354   354 E qdoverlay: src msmfb_img w=1088 h=1920 format=13 MDP_RGBA_8888
04-11 03:13:36.015   354   354 E qdoverlay: src_rect mdp_rect x=0 y=0 w=1080 h=1920
04-11 03:13:36.015   354   354 E qdoverlay: dst_rect mdp_rect x=0 y=0 w=720 h=1280
04-11 03:13:36.015  7500  7517 I native-activity: Swap 23 time is 17.434ms
04-11 03:13:36.015  7500  7517 I native-activity: Animating
04-11 03:13:36.015  7500  7517 I native-activity: Frame 24 GL error is 0x0
04-11 03:13:36.015  7500  7517 I native-activity: Frame 24 time is 0.281ms
04-11 03:13:36.035   354   354 E qdoverlay: Bad ov dump:  mdp_overlay z=0 fg=0 alpha=255 mask=-1 flags=0x40000 id=8
04-11 03:13:36.035   354   354 E qdoverlay: src msmfb_img w=1088 h=1920 format=13 MDP_RGBA_8888
04-11 03:13:36.035   354   354 E qdoverlay: src_rect mdp_rect x=0 y=0 w=1080 h=1920
04-11 03:13:36.035   354   354 E qdoverlay: dst_rect mdp_rect x=0 y=0 w=720 h=1280
04-11 03:13:36.035  7500  7517 I native-activity: Swap 24 time is 15.597ms
04-11 03:13:36.035  7500  7517 I native-activity: Animating
04-11 03:13:36.035  7500  7517 I native-activity: Frame 25 GL error is 0x0
04-11 03:13:36.035  7500  7517 I native-activity: Frame 25 time is 0.258ms
04-11 03:13:36.045   354   354 E qdoverlay: Bad ov dump:  mdp_overlay z=0 fg=0 alpha=255 mask=-1 flags=0x40000 id=8
04-11 03:13:36.045   354   354 E qdoverlay: src msmfb_img w=1088 h=1920 format=13 MDP_RGBA_8888
04-11 03:13:36.045   354   354 E qdoverlay: src_rect mdp_rect x=0 y=0 w=1080 h=1920
04-11 03:13:36.045   354   354 E qdoverlay: dst_rect mdp_rect x=0 y=0 w=720 h=1280
04-11 03:13:36.045  7500  7517 I native-activity: Swap 25 time is 16.220ms
04-11 03:13:36.045  7500  7517 I native-activity: Animating
04-11 03:13:36.045  7500  7517 I native-activity: Frame 26 GL error is 0x0
04-11 03:13:36.045  7500  7517 I native-activity: Frame 26 time is 0.363ms
04-11 03:13:36.065   354   354 E qdoverlay: Bad ov dump:  mdp_overlay z=0 fg=0 alpha=255 mask=-1 flags=0x40000 id=8
04-11 03:13:36.065   354   354 E qdoverlay: src msmfb_img w=1088 h=1920 format=13 MDP_RGBA_8888
04-11 03:13:36.065   354   354 E qdoverlay: src_rect mdp_rect x=0 y=0 w=1080 h=1920
04-11 03:13:36.065   354   354 E qdoverlay: dst_rect mdp_rect x=0 y=0 w=720 h=1280
04-11 03:13:36.065  7500  7517 I native-activity: Swap 26 time is 16.406ms
04-11 03:13:36.065  7500  7517 I native-activity: Animating
04-11 03:13:36.065  7500  7517 I native-activity: Frame 27 GL error is 0x0
04-11 03:13:36.065  7500  7517 I native-activity: Frame 27 time is 0.299ms
04-11 03:13:36.075   354   354 E qdoverlay: Bad ov dump:  mdp_overlay z=0 fg=0 alpha=255 mask=-1 flags=0x40000 id=8
04-11 03:13:36.075   354   354 E qdoverlay: src msmfb_img w=1088 h=1920 format=13 MDP_RGBA_8888
04-11 03:13:36.075   354   354 E qdoverlay: src_rect mdp_rect x=0 y=0 w=1080 h=1920
04-11 03:13:36.075   354   354 E qdoverlay: dst_rect mdp_rect x=0 y=0 w=720 h=1280
04-11 03:13:36.085  7500  7517 I native-activity: Swap 27 time is 16.132ms
04-11 03:13:36.085  7500  7517 I native-activity: Animating
04-11 03:13:36.085  7500  7517 I native-activity: Frame 28 GL error is 0x0
04-11 03:13:36.085  7500  7517 I native-activity: Frame 28 time is 0.228ms
04-11 03:13:36.095   354   354 E qdoverlay: Bad ov dump:  mdp_overlay z=0 fg=0 alpha=255 mask=-1 flags=0x40000 id=8
04-11 03:13:36.095   354   354 E qdoverlay: src msmfb_img w=1088 h=1920 format=13 MDP_RGBA_8888
04-11 03:13:36.095   354   354 E qdoverlay: src_rect mdp_rect x=0 y=0 w=1080 h=1920
04-11 03:13:36.095   354   354 E qdoverlay: dst_rect mdp_rect x=0 y=0 w=720 h=1280
04-11 03:13:36.095  7500  7517 I native-activity: Swap 28 time is 16.425ms
04-11 03:13:36.095  7500  7517 I native-activity: Animating
04-11 03:13:36.095  7500  7517 I native-activity: Frame 29 GL error is 0x0
04-11 03:13:36.095  7500  7517 I native-activity: Frame 29 time is 0.309ms
04-11 03:13:36.115   354   354 E qdoverlay: Bad ov dump:  mdp_overlay z=0 fg=0 alpha=255 mask=-1 flags=0x40000 id=8
04-11 03:13:36.115   354   354 E qdoverlay: src msmfb_img w=1088 h=1920 format=13 MDP_RGBA_8888
04-11 03:13:36.115   354   354 E qdoverlay: src_rect mdp_rect x=0 y=0 w=1080 h=1920
04-11 03:13:36.115   354   354 E qdoverlay: dst_rect mdp_rect x=0 y=0 w=720 h=1280
04-11 03:13:36.115  7500  7517 I native-activity: Swap 29 time is 16.196ms
04-11 03:13:36.115  7500  7517 I native-activity: Animating
04-11 03:13:36.115  7500  7517 I native-activity: Frame 30 GL error is 0x0
04-11 03:13:36.115  7500  7517 I native-activity: Frame 30 time is 0.290ms
04-11 03:13:36.125   354   354 E qdoverlay: Bad ov dump:  mdp_overlay z=0 fg=0 alpha=255 mask=-1 flags=0x40000 id=8
04-11 03:13:36.125   354   354 E qdoverlay: src msmfb_img w=1088 h=1920 format=13 MDP_RGBA_8888
04-11 03:13:36.125   354   354 E qdoverlay: src_rect mdp_rect x=0 y=0 w=1080 h=1920
04-11 03:13:36.125   354   354 E qdoverlay: dst_rect mdp_rect x=0 y=0 w=720 h=1280
04-11 03:13:36.125  7500  7517 I native-activity: Swap 30 time is 16.279ms
04-11 03:13:36.135  7500  7517 I native-activity: Animating
04-11 03:13:36.145  7500  7517 I native-activity: Frame 31 GL error is 0x0
04-11 03:13:36.145  7500  7517 I native-activity: Frame 31 time is 11.453ms
04-11 03:13:36.145   354   354 E qdoverlay: Bad ov dump:  mdp_overlay z=0 fg=0 alpha=255 mask=-1 flags=0x40000 id=8
04-11 03:13:36.145   354   354 E qdoverlay: src msmfb_img w=1088 h=1920 format=13 MDP_RGBA_8888
04-11 03:13:36.145   354   354 E qdoverlay: src_rect mdp_rect x=0 y=0 w=1080 h=1920
04-11 03:13:36.145   354   354 E qdoverlay: dst_rect mdp_rect x=0 y=0 w=720 h=1280
04-11 03:13:36.145  7500  7517 I native-activity: Swap 31 time is 16.090ms
04-11 03:13:36.145  7500  7517 I native-activity: Animating
04-11 03:13:36.165   354   354 E qdoverlay: Bad ov dump:  mdp_overlay z=0 fg=0 alpha=255 mask=-1 flags=0x40000 id=8
04-11 03:13:36.165   354   354 E qdoverlay: src msmfb_img w=1088 h=1920 format=13 MDP_RGBA_8888
04-11 03:13:36.165   354   354 E qdoverlay: src_rect mdp_rect x=0 y=0 w=1080 h=1920
04-11 03:13:36.165   354   354 E qdoverlay: dst_rect mdp_rect x=0 y=0 w=720 h=1280
04-11 03:13:36.175   354   354 E qdoverlay: Bad ov dump:  mdp_overlay z=0 fg=0 alpha=255 mask=-1 flags=0x40000 id=8
04-11 03:13:36.175   354   354 E qdoverlay: src msmfb_img w=1088 h=1920 format=13 MDP_RGBA_8888
04-11 03:13:36.175   354   354 E qdoverlay: src_rect mdp_rect x=0 y=0 w=1080 h=1920
04-11 03:13:36.175   354   354 E qdoverlay: dst_rect mdp_rect x=0 y=0 w=720 h=1280
04-11 03:13:36.195  7500  7517 I native-activity: Frame 32 GL error is 0x0
04-11 03:13:36.195  7500  7517 I native-activity: Frame 32 time is 44.622ms
04-11 03:13:36.195  7500  7517 I native-activity: Swap 32 time is 45.438ms
04-11 03:13:36.195  7500  7517 I native-activity: Animating
04-11 03:13:36.195   354   354 E qdoverlay: Bad ov dump:  mdp_overlay z=0 fg=0 alpha=255 mask=-1 flags=0x40000 id=8
04-11 03:13:36.195   354   354 E qdoverlay: src msmfb_img w=1088 h=1920 format=13 MDP_RGBA_8888
04-11 03:13:36.195   354   354 E qdoverlay: src_rect mdp_rect x=0 y=0 w=1080 h=1920
04-11 03:13:36.195   354   354 E qdoverlay: dst_rect mdp_rect x=0 y=0 w=720 h=1280
04-11 03:13:36.205  7500  7517 I native-activity: Frame 33 GL error is 0x0
04-11 03:13:36.205  7500  7517 I native-activity: Frame 33 time is 17.467ms
04-11 03:13:36.215  7500  7517 I native-activity: Swap 33 time is 18.548ms
04-11 03:13:36.215  7500  7517 I native-activity: Animating
04-11 03:13:36.225   354   354 E qdoverlay: Bad ov dump:  mdp_overlay z=0 fg=0 alpha=255 mask=-1 flags=0x40000 id=8
04-11 03:13:36.225   354   354 E qdoverlay: src msmfb_img w=1088 h=1920 format=13 MDP_RGBA_8888
04-11 03:13:36.225   354   354 E qdoverlay: src_rect mdp_rect x=0 y=0 w=1080 h=1920
04-11 03:13:36.225   354   354 E qdoverlay: dst_rect mdp_rect x=0 y=0 w=720 h=1280
04-11 03:13:36.325  7500  7517 I native-activity: Frame 34 GL error is 0x0
04-11 03:13:36.325  7500  7517 I native-activity: Frame 34 time is 109.757ms
04-11 03:13:36.325  7500  7517 I native-activity: Swap 34 time is 110.704ms
04-11 03:13:36.325  7500  7517 I native-activity: Animating
04-11 03:13:36.325   354   354 E qdoverlay: Bad ov dump:  mdp_overlay z=0 fg=0 alpha=255 mask=-1 flags=0x40000 id=8
04-11 03:13:36.325   354   354 E qdoverlay: src msmfb_img w=1088 h=1920 format=13 MDP_RGBA_8888
04-11 03:13:36.325   354   354 E qdoverlay: src_rect mdp_rect x=0 y=0 w=1080 h=1920
04-11 03:13:36.325   354   354 E qdoverlay: dst_rect mdp_rect x=0 y=0 w=720 h=1280
04-11 03:13:36.365  7500  7517 I native-activity: Frame 35 GL error is 0x0
04-11 03:13:36.365  7500  7517 I native-activity: Frame 35 time is 44.134ms
04-11 03:13:36.365  7500  7517 I native-activity: Swap 35 time is 45.348ms
04-11 03:13:36.365  7500  7517 I native-activity: Animating
04-11 03:13:36.375   354   354 E qdoverlay: Bad ov dump:  mdp_overlay z=0 fg=0 alpha=255 mask=-1 flags=0x40000 id=8
04-11 03:13:36.375   354   354 E qdoverlay: src msmfb_img w=1088 h=1920 format=13 MDP_RGBA_8888
04-11 03:13:36.375   354   354 E qdoverlay: src_rect mdp_rect x=0 y=0 w=1080 h=1920
04-11 03:13:36.375   354   354 E qdoverlay: dst_rect mdp_rect x=0 y=0 w=720 h=1280
04-11 03:13:36.375  7500  7517 W Adreno-ES20: <core_glGetActiveAttrib:534>: GL_INVALID_VALUE
04-11 03:13:36.545  7500  7517 I native-activity: Frame 36 GL error is 0x501
04-11 03:13:36.545  7500  7517 I native-activity: Frame 36 time is 173.005ms
04-11 03:13:36.545  7500  7517 I native-activity: Swap 36 time is 178.365ms
04-11 03:13:36.545  7500  7517 I native-activity: Animating
04-11 03:13:36.555  7500  7517 W Adreno-ES20: <core_glGetActiveAttrib:534>: GL_INVALID_VALUE
04-11 03:13:36.555   354   354 E qdoverlay: Bad ov dump:  mdp_overlay z=0 fg=0 alpha=255 mask=-1 flags=0x40000 id=8
04-11 03:13:36.555   354   354 E qdoverlay: src msmfb_img w=1088 h=1920 format=13 MDP_RGBA_8888
04-11 03:13:36.555   354   354 E qdoverlay: src_rect mdp_rect x=0 y=0 w=1080 h=1920
04-11 03:13:36.555   354   354 E qdoverlay: dst_rect mdp_rect x=0 y=0 w=720 h=1280
04-11 03:13:36.585  7500  7517 I native-activity: Frame 37 GL error is 0x501
04-11 03:13:36.585  7500  7517 I native-activity: Frame 37 time is 43.463ms
04-11 03:13:36.595  7500  7517 I native-activity: Swap 37 time is 44.589ms
04-11 03:13:36.595  7500  7517 I native-activity: Animating
04-11 03:13:36.595  7500  7517 W Adreno-ES20: <core_glGetActiveAttrib:534>: GL_INVALID_VALUE
04-11 03:13:36.605   354   354 E qdoverlay: Bad ov dump:  mdp_overlay z=0 fg=0 alpha=255 mask=-1 flags=0x40000 id=8
04-11 03:13:36.605   354   354 E qdoverlay: src msmfb_img w=1088 h=1920 format=13 MDP_RGBA_8888
04-11 03:13:36.605   354   354 E qdoverlay: src_rect mdp_rect x=0 y=0 w=1080 h=1920
04-11 03:13:36.605   354   354 E qdoverlay: dst_rect mdp_rect x=0 y=0 w=720 h=1280
04-11 03:13:36.615  7500  7517 I native-activity: Frame 38 GL error is 0x501
04-11 03:13:36.615  7500  7517 I native-activity: Frame 38 time is 27.234ms
04-11 03:13:36.615  7500  7517 I native-activity: Swap 38 time is 28.028ms
04-11 03:13:36.615  7500  7517 I native-activity: Animating
04-11 03:13:36.625   354   354 E qdoverlay: Bad ov dump:  mdp_overlay z=0 fg=0 alpha=255 mask=-1 flags=0x40000 id=8
04-11 03:13:36.625   354   354 E qdoverlay: src msmfb_img w=1088 h=1920 format=13 MDP_RGBA_8888
04-11 03:13:36.625   354   354 E qdoverlay: src_rect mdp_rect x=0 y=0 w=1080 h=1920
