04-11 03:14:57.885   354   354 E qdoverlay: Bad ov dump:  mdp_overlay z=0 fg=0 alpha=255 mask=-1 flags=0x40000 id=8
04-11 03:14:57.885   354   354 E qdoverlay: src msmfb_img w=2176 h=3840 format=13 MDP_RGBA_8888
04-11 03:14:57.885   354   354 E qdoverlay: src_rect mdp_rect x=0 y=0 w=2160 h=3840
04-11 03:14:57.885   354   354 E qdoverlay: dst_rect mdp_rect x=0 y=0 w=720 h=1280
04-11 03:14:57.885  8217  8233 I native-activity: Frame 467 GL error is 0x0
04-11 03:14:57.885  8217  8233 I native-activity: Frame 467 time is 7.618ms
04-11 03:14:57.905  8217  8233 I native-activity: Swap 467 time is 26.168ms
04-11 03:14:57.905   354   354 E qdoverlay: Bad ov dump:  mdp_overlay z=0 fg=0 alpha=255 mask=-1 flags=0x40000 id=8
04-11 03:14:57.905   354   354 E qdoverlay: src msmfb_img w=2176 h=3840 format=13 MDP_RGBA_8888
04-11 03:14:57.905   354   354 E qdoverlay: src_rect mdp_rect x=0 y=0 w=2160 h=3840
04-11 03:14:57.905   354   354 E qdoverlay: dst_rect mdp_rect x=0 y=0 w=720 h=1280
04-11 03:14:57.905  8217  8233 I native-activity: Animating
04-11 03:14:57.915  8217  8233 I native-activity: Frame 468 GL error is 0x0
04-11 03:14:57.915  8217  8233 I native-activity: Frame 468 time is 10.002ms
04-11 03:14:57.935  8217  8233 I native-activity: Swap 468 time is 26.123ms
04-11 03:14:57.935   354   354 E qdoverlay: Bad ov dump:  mdp_overlay z=0 fg=0 alpha=255 mask=-1 flags=0x40000 id=8
04-11 03:14:57.935   354   354 E qdoverlay: src msmfb_img w=2176 h=3840 format=13 MDP_RGBA_8888
04-11 03:14:57.935   354   354 E qdoverlay: src_rect mdp_rect x=0 y=0 w=2160 h=3840
04-11 03:14:57.935   354   354 E qdoverlay: dst_rect mdp_rect x=0 y=0 w=720 h=1280
04-11 03:14:57.935  8217  8233 I native-activity: Animating
04-11 03:14:57.945  8217  8233 W Adreno-ES20: <core_glGetActiveAttrib:534>: GL_INVALID_VALUE
04-11 03:14:57.945  8217  8233 I native-activity: Frame 469 GL error is 0x501
04-11 03:14:57.945  8217  8233 I native-activity: Frame 469 time is 11.122ms
04-11 03:14:57.965   354   354 E qdoverlay: Bad ov dump:  mdp_overlay z=0 fg=0 alpha=255 mask=-1 flags=0x40000 id=8
04-11 03:14:57.965  8217  8233 I native-activity: Swap 469 time is 26.656ms
04-11 03:14:57.965  8217  8233 I native-activity: Animating
04-11 03:14:57.965   354   354 E qdoverlay: src msmfb_img w=2176 h=3840 format=13 MDP_RGBA_8888
04-11 03:14:57.965   354   354 E qdoverlay: src_rect mdp_rect x=0 y=0 w=2160 h=3840
04-11 03:14:57.965   354   354 E qdoverlay: dst_rect mdp_rect x=0 y=0 w=720 h=1280
04-11 03:14:57.965  8217  8233 I native-activity: Frame 470 GL error is 0x0
04-11 03:14:57.965  8217  8233 I native-activity: Frame 470 time is 5.682ms
04-11 03:14:57.975 27027 27027 D StatusBar.NetworkController: refreshViews: Data not connected!! Set no data type icon / Roaming
04-11 03:14:57.985   354   354 E qdoverlay: Bad ov dump:  mdp_overlay z=0 fg=0 alpha=255 mask=-1 flags=0x40000 id=8
04-11 03:14:57.985   354   354 E qdoverlay: src msmfb_img w=2176 h=3840 format=13 MDP_RGBA_8888
04-11 03:14:57.985   354   354 E qdoverlay: src_rect mdp_rect x=0 y=0 w=2160 h=3840
04-11 03:14:57.985   354   354 E qdoverlay: dst_rect mdp_rect x=0 y=0 w=720 h=1280
04-11 03:14:57.985  8217  8233 I native-activity: Swap 470 time is 27.214ms
04-11 03:14:57.985  8217  8233 I native-activity: Animating
04-11 03:14:57.995  8217  8233 I native-activity: Frame 471 GL error is 0x0
04-11 03:14:58.005  8217  8233 I native-activity: Frame 471 time is 11.446ms
04-11 03:14:58.015  8217  8233 I native-activity: Swap 471 time is 26.348ms
04-11 03:14:58.015  8217  8233 I native-activity: Animating
04-11 03:14:58.015   354   354 E qdoverlay: Bad ov dump:  mdp_overlay z=0 fg=0 alpha=255 mask=-1 flags=0x40000 id=8
04-11 03:14:58.015   354   354 E qdoverlay: src msmfb_img w=2176 h=3840 format=13 MDP_RGBA_8888
04-11 03:14:58.015   354   354 E qdoverlay: src_rect mdp_rect x=0 y=0 w=2160 h=3840
04-11 03:14:58.015   354   354 E qdoverlay: dst_rect mdp_rect x=0 y=0 w=720 h=1280
04-11 03:14:58.025  8217  8233 I native-activity: Frame 472 GL error is 0x0
04-11 03:14:58.025  8217  8233 I native-activity: Frame 472 time is 9.567ms
04-11 03:14:58.045   354   354 E qdoverlay: Bad ov dump:  mdp_overlay z=0 fg=0 alpha=255 mask=-1 flags=0x40000 id=8
04-11 03:14:58.045   354   354 E qdoverlay: src msmfb_img w=2176 h=3840 format=13 MDP_RGBA_8888
04-11 03:14:58.045  8217  8233 I native-activity: Swap 472 time is 26.416ms
04-11 03:14:58.045  8217  8233 I native-activity: Animating
04-11 03:14:58.045   354   354 E qdoverlay: src_rect mdp_rect x=0 y=0 w=2160 h=3840
04-11 03:14:58.045   354   354 E qdoverlay: dst_rect mdp_rect x=0 y=0 w=720 h=1280
04-11 03:14:58.045  8217  8233 I native-activity: Frame 473 GL error is 0x0
04-11 03:14:58.045  8217  8233 I native-activity: Frame 473 time is 5.550ms
04-11 03:14:58.065   354   354 E qdoverlay: Bad ov dump:  mdp_overlay z=0 fg=0 alpha=255 mask=-1 flags=0x40000 id=8
04-11 03:14:58.065   354   354 E qdoverlay: src msmfb_img w=2176 h=3840 format=13 MDP_RGBA_8888
04-11 03:14:58.065  8217  8233 I native-activity: Swap 473 time is 26.912ms
04-11 03:14:58.065  8217  8233 I native-activity: Animating
04-11 03:14:58.065   354   354 E qdoverlay: src_rect mdp_rect x=0 y=0 w=2160 h=3840
04-11 03:14:58.065   354   354 E qdoverlay: dst_rect mdp_rect x=0 y=0 w=720 h=1280
04-11 03:14:58.075  8217  8233 I native-activity: Frame 474 GL error is 0x0
04-11 03:14:58.075  8217  8233 I native-activity: Frame 474 time is 5.684ms
04-11 03:14:58.095   354   354 E qdoverlay: Bad ov dump:  mdp_overlay z=0 fg=0 alpha=255 mask=-1 flags=0x40000 id=8
04-11 03:14:58.095   354   354 E qdoverlay: src msmfb_img w=2176 h=3840 format=13 MDP_RGBA_8888
04-11 03:14:58.095  8217  8233 I native-activity: Swap 474 time is 27.534ms
04-11 03:14:58.095   354   354 E qdoverlay: src_rect mdp_rect x=0 y=0 w=2160 h=3840
04-11 03:14:58.095  8217  8233 I native-activity: Animating
04-11 03:14:58.095   354   354 E qdoverlay: dst_rect mdp_rect x=0 y=0 w=720 h=1280
04-11 03:14:58.105  8217  8233 I native-activity: Frame 475 GL error is 0x0
04-11 03:14:58.105  8217  8233 I native-activity: Frame 475 time is 6.193ms
04-11 03:14:58.135   354   354 E qdoverlay: Bad ov dump:  mdp_overlay z=0 fg=0 alpha=255 mask=-1 flags=0x40000 id=8
04-11 03:14:58.135   354   354 E qdoverlay: src msmfb_img w=2176 h=3840 format=13 MDP_RGBA_8888
04-11 03:14:58.135  8217  8233 I native-activity: Swap 475 time is 27.832ms
04-11 03:14:58.135  8217  8233 I native-activity: Animating
04-11 03:14:58.135   354   354 E qdoverlay: src_rect mdp_rect x=0 y=0 w=2160 h=3840
04-11 03:14:58.135   354   354 E qdoverlay: dst_rect mdp_rect x=0 y=0 w=720 h=1280
04-11 03:14:58.135  8217  8233 I native-activity: Frame 476 GL error is 0x0
04-11 03:14:58.135  8217  8233 I native-activity: Frame 476 time is 5.324ms
04-11 03:14:58.155   354   354 E qdoverlay: Bad ov dump:  mdp_overlay z=0 fg=0 alpha=255 mask=-1 flags=0x40000 id=8
04-11 03:14:58.155   354   354 E qdoverlay: src msmfb_img w=2176 h=3840 format=13 MDP_RGBA_8888
04-11 03:14:58.155  8217  8233 I native-activity: Swap 476 time is 28.262ms
04-11 03:14:58.155   354   354 E qdoverlay: src_rect mdp_rect x=0 y=0 w=2160 h=3840
04-11 03:14:58.155  8217  8233 I native-activity: Animating
04-11 03:14:58.155   354   354 E qdoverlay: dst_rect mdp_rect x=0 y=0 w=720 h=1280
04-11 03:14:58.155  8217  8233 I native-activity: Frame 477 GL error is 0x0
04-11 03:14:58.155  8217  8233 I native-activity: Frame 477 time is 5.340ms
04-11 03:14:58.185   354   354 E qdoverlay: Bad ov dump:  mdp_overlay z=0 fg=0 alpha=255 mask=-1 flags=0x40000 id=8
04-11 03:14:58.185   354   354 E qdoverlay: src msmfb_img w=2176 h=3840 format=13 MDP_RGBA_8888
04-11 03:14:58.185   354   354 E qdoverlay: src_rect mdp_rect x=0 y=0 w=2160 h=3840
04-11 03:14:58.185   354   354 E qdoverlay: dst_rect mdp_rect x=0 y=0 w=720 h=1280
04-11 03:14:58.185  8217  8233 I native-activity: Swap 477 time is 29.455ms
04-11 03:14:58.185  8217  8233 I native-activity: Animating
04-11 03:14:58.185  8217  8233 I native-activity: Frame 478 GL error is 0x0
04-11 03:14:58.185  8217  8233 I native-activity: Frame 478 time is 6.826ms
04-11 03:14:58.215   354   354 E qdoverlay: Bad ov dump:  mdp_overlay z=0 fg=0 alpha=255 mask=-1 flags=0x40000 id=8
04-11 03:14:58.215   354   354 E qdoverlay: src msmfb_img w=2176 h=3840 format=13 MDP_RGBA_8888
04-11 03:14:58.215   354   354 E qdoverlay: src_rect mdp_rect x=0 y=0 w=2160 h=3840
04-11 03:14:58.215   354   354 E qdoverlay: dst_rect mdp_rect x=0 y=0 w=720 h=1280
04-11 03:14:58.215  8217  8233 I native-activity: Swap 478 time is 30.006ms
04-11 03:14:58.215  8217  8233 I native-activity: Animating
04-11 03:14:58.215  8217  8233 I native-activity: Frame 479 GL error is 0x0
04-11 03:14:58.215  8217  8233 I native-activity: Frame 479 time is 6.871ms
04-11 03:14:58.245   354   354 E qdoverlay: Bad ov dump:  mdp_overlay z=0 fg=0 alpha=255 mask=-1 flags=0x40000 id=8
04-11 03:14:58.245   354   354 E qdoverlay: src msmfb_img w=2176 h=3840 format=13 MDP_RGBA_8888
04-11 03:14:58.245  8217  8233 I native-activity: Swap 479 time is 31.292ms
04-11 03:14:58.245   354   354 E qdoverlay: src_rect mdp_rect x=0 y=0 w=2160 h=3840
04-11 03:14:58.245   354   354 E qdoverlay: dst_rect mdp_rect x=0 y=0 w=720 h=1280
04-11 03:14:58.245  8217  8233 I native-activity: Animating
04-11 03:14:58.255  8217  8233 I native-activity: Frame 480 GL error is 0x0
04-11 03:14:58.255  8217  8233 I native-activity: Frame 480 time is 6.478ms
04-11 03:14:58.275   354   354 E qdoverlay: Bad ov dump:  mdp_overlay z=0 fg=0 alpha=255 mask=-1 flags=0x40000 id=8
04-11 03:14:58.275   354   354 E qdoverlay: src msmfb_img w=2176 h=3840 format=13 MDP_RGBA_8888
04-11 03:14:58.275   354   354 E qdoverlay: src_rect mdp_rect x=0 y=0 w=2160 h=3840
04-11 03:14:58.275   354   354 E qdoverlay: dst_rect mdp_rect x=0 y=0 w=720 h=1280
04-11 03:14:58.275  8217  8233 I native-activity: Swap 480 time is 32.956ms
04-11 03:14:58.275  8217  8233 I native-activity: Animating
04-11 03:14:58.285  8217  8233 I native-activity: Frame 481 GL error is 0x0
04-11 03:14:58.285  8217  8233 I native-activity: Frame 481 time is 5.822ms
04-11 03:14:58.305   354   354 E qdoverlay: Bad ov dump:  mdp_overlay z=0 fg=0 alpha=255 mask=-1 flags=0x40000 id=8
04-11 03:14:58.305   354   354 E qdoverlay: src msmfb_img w=2176 h=3840 format=13 MDP_RGBA_8888
04-11 03:14:58.305   354   354 E qdoverlay: src_rect mdp_rect x=0 y=0 w=2160 h=3840
04-11 03:14:58.305   354   354 E qdoverlay: dst_rect mdp_rect x=0 y=0 w=720 h=1280
04-11 03:14:58.315  8217  8233 I native-activity: Swap 481 time is 33.402ms
04-11 03:14:58.315  8217  8233 I native-activity: Animating
04-11 03:14:58.315  8217  8233 I native-activity: Frame 482 GL error is 0x0
04-11 03:14:58.315  8217  8233 I native-activity: Frame 482 time is 5.828ms
04-11 03:14:58.345   354   354 E qdoverlay: Bad ov dump:  mdp_overlay z=0 fg=0 alpha=255 mask=-1 flags=0x40000 id=8
04-11 03:14:58.345   354   354 E qdoverlay: src msmfb_img w=2176 h=3840 format=13 MDP_RGBA_8888
04-11 03:14:58.345   354   354 E qdoverlay: src_rect mdp_rect x=0 y=0 w=2160 h=3840
04-11 03:14:58.345   354   354 E qdoverlay: dst_rect mdp_rect x=0 y=0 w=720 h=1280
04-11 03:14:58.345  8217  8233 I native-activity: Swap 482 time is 32.922ms
04-11 03:14:58.345  8217  8233 I native-activity: Animating
04-11 03:14:58.345  8217  8233 I native-activity: Frame 483 GL error is 0x0
04-11 03:14:58.345  8217  8233 I native-activity: Frame 483 time is 5.447ms
04-11 03:14:58.375   354   354 E qdoverlay: Bad ov dump:  mdp_overlay z=0 fg=0 alpha=255 mask=-1 flags=0x40000 id=8
04-11 03:14:58.375   354   354 E qdoverlay: src msmfb_img w=2176 h=3840 format=13 MDP_RGBA_8888
04-11 03:14:58.375   354   354 E qdoverlay: src_rect mdp_rect x=0 y=0 w=2160 h=3840
04-11 03:14:58.375   354   354 E qdoverlay: dst_rect mdp_rect x=0 y=0 w=720 h=1280
04-11 03:14:58.375  8217  8233 I native-activity: Swap 483 time is 33.388ms
04-11 03:14:58.375  8217  8233 I native-activity: Animating
04-11 03:14:58.385  8217  8233 I native-activity: Frame 484 GL error is 0x0
04-11 03:14:58.385  8217  8233 I native-activity: Frame 484 time is 5.782ms
04-11 03:14:58.405   354   354 E qdoverlay: Bad ov dump:  mdp_overlay z=0 fg=0 alpha=255 mask=-1 flags=0x40000 id=8
04-11 03:14:58.405   354   354 E qdoverlay: src msmfb_img w=2176 h=3840 format=13 MDP_RGBA_8888
04-11 03:14:58.405   354   354 E qdoverlay: src_rect mdp_rect x=0 y=0 w=2160 h=3840
04-11 03:14:58.405   354   354 E qdoverlay: dst_rect mdp_rect x=0 y=0 w=720 h=1280
04-11 03:14:58.405  8217  8233 I native-activity: Swap 484 time is 33.244ms
04-11 03:14:58.405  8217  8233 I native-activity: Animating
04-11 03:14:58.415  8217  8233 I native-activity: Frame 485 GL error is 0x0
04-11 03:14:58.415  8217  8233 I native-activity: Frame 485 time is 5.386ms
04-11 03:14:58.445   354   354 E qdoverlay: Bad ov dump:  mdp_overlay z=0 fg=0 alpha=255 mask=-1 flags=0x40000 id=8
04-11 03:14:58.445   354   354 E qdoverlay: src msmfb_img w=2176 h=3840 format=13 MDP_RGBA_8888
04-11 03:14:58.445   354   354 E qdoverlay: src_rect mdp_rect x=0 y=0 w=2160 h=3840
04-11 03:14:58.445   354   354 E qdoverlay: dst_rect mdp_rect x=0 y=0 w=720 h=1280
04-11 03:14:58.445  8217  8233 I native-activity: Swap 485 time is 33.126ms
04-11 03:14:58.445  8217  8233 I native-activity: Animating
04-11 03:14:58.445  8217  8233 I native-activity: Frame 486 GL error is 0x0
04-11 03:14:58.445  8217  8233 I native-activity: Frame 486 time is 5.273ms
04-11 03:14:58.475   354   354 E qdoverlay: Bad ov dump:  mdp_overlay z=0 fg=0 alpha=255 mask=-1 flags=0x40000 id=8
04-11 03:14:58.475   354   354 E qdoverlay: src msmfb_img w=2176 h=3840 format=13 MDP_RGBA_8888
04-11 03:14:58.475   354   354 E qdoverlay: src_rect mdp_rect x=0 y=0 w=2160 h=3840
04-11 03:14:58.475   354   354 E qdoverlay: dst_rect mdp_rect x=0 y=0 w=720 h=1280
04-11 03:14:58.475  8217  8233 I native-activity: Swap 486 time is 34.760ms
04-11 03:14:58.475  8217  8233 I native-activity: Animating
04-11 03:14:58.485  8217  8233 I native-activity: Frame 487 GL error is 0x0
04-11 03:14:58.485  8217  8233 I native-activity: Frame 487 time is 5.842ms
04-11 03:14:58.505   354   354 E qdoverlay: Bad ov dump:  mdp_overlay z=0 fg=0 alpha=255 mask=-1 flags=0x40000 id=8
04-11 03:14:58.505   354   354 E qdoverlay: src msmfb_img w=2176 h=3840 format=13 MDP_RGBA_8888
04-11 03:14:58.505   354   354 E qdoverlay: src_rect mdp_rect x=0 y=0 w=2160 h=3840
04-11 03:14:58.505   354   354 E qdoverlay: dst_rect mdp_rect x=0 y=0 w=720 h=1280
04-11 03:14:58.515  8217  8233 I native-activity: Swap 487 time is 32.928ms
04-11 03:14:58.515  8217  8233 I native-activity: Animating
04-11 03:14:58.515  8217  8233 I native-activity: Frame 488 GL error is 0x0
04-11 03:14:58.515  8217  8233 I native-activity: Frame 488 time is 6.161ms
04-11 03:14:58.545   354   354 E qdoverlay: Bad ov dump:  mdp_overlay z=0 fg=0 alpha=255 mask=-1 flags=0x40000 id=8
04-11 03:14:58.545   354   354 E qdoverlay: src msmfb_img w=2176 h=3840 format=13 MDP_RGBA_8888
04-11 03:14:58.545   354   354 E qdoverlay: src_rect mdp_rect x=0 y=0 w=2160 h=3840
04-11 03:14:58.545   354   354 E qdoverlay: dst_rect mdp_rect x=0 y=0 w=720 h=1280
04-11 03:14:58.545  8217  8233 I native-activity: Swap 488 time is 32.120ms
04-11 03:14:58.545  8217  8233 I native-activity: Animating
04-11 03:14:58.545  8217  8233 I native-activity: Frame 489 GL error is 0x0
04-11 03:14:58.545  8217  8233 I native-activity: Frame 489 time is 5.770ms
04-11 03:14:58.575  8217  8233 I native-activity: Swap 489 time is 32.974ms
04-11 03:14:58.575   354   354 E qdoverlay: Bad ov dump:  mdp_overlay z=0 fg=0 alpha=255 mask=-1 flags=0x40000 id=8
04-11 03:14:58.575   354   354 E qdoverlay: src msmfb_img w=2176 h=3840 format=13 MDP_RGBA_8888
04-11 03:14:58.575   354   354 E qdoverlay: src_rect mdp_rect x=0 y=0 w=2160 h=3840
04-11 03:14:58.575   354   354 E qdoverlay: dst_rect mdp_rect x=0 y=0 w=720 h=1280
04-11 03:14:58.575  8217  8233 I native-activity: Animating
04-11 03:14:58.585  8217  8233 I native-activity: Frame 490 GL error is 0x0
04-11 03:14:58.585  8217  8233 I native-activity: Frame 490 time is 5.254ms
04-11 03:14:58.605   354   354 E qdoverlay: Bad ov dump:  mdp_overlay z=0 fg=0 alpha=255 mask=-1 flags=0x40000 id=8
04-11 03:14:58.605   354   354 E qdoverlay: src msmfb_img w=2176 h=3840 format=13 MDP_RGBA_8888
04-11 03:14:58.605   354   354 E qdoverlay: src_rect mdp_rect x=0 y=0 w=2160 h=3840
04-11 03:14:58.605   354   354 E qdoverlay: dst_rect mdp_rect x=0 y=0 w=720 h=1280
04-11 03:14:58.615  8217  8233 I native-activity: Swap 490 time is 31.928ms
04-11 03:14:58.615  8217  8233 I native-activity: Animating
04-11 03:14:58.615  8217  8233 I native-activity: Frame 491 GL error is 0x0
04-11 03:14:58.615  8217  8233 I native-activity: Frame 491 time is 5.612ms
04-11 03:14:58.645   354   354 E qdoverlay: Bad ov dump:  mdp_overlay z=0 fg=0 alpha=255 mask=-1 flags=0x40000 id=8
04-11 03:14:58.645   354   354 E qdoverlay: src msmfb_img w=2176 h=3840 format=13 MDP_RGBA_8888
04-11 03:14:58.645   354   354 E qdoverlay: src_rect mdp_rect x=0 y=0 w=2160 h=3840
04-11 03:14:58.645   354   354 E qdoverlay: dst_rect mdp_rect x=0 y=0 w=720 h=1280
04-11 03:14:58.645  8217  8233 I native-activity: Swap 491 time is 33.395ms
04-11 03:14:58.645  8217  8233 I native-activity: Animating
04-11 03:14:58.655  8217  8233 I native-activity: Frame 492 GL error is 0x0
04-11 03:14:58.655  8217  8233 I native-activity: Frame 492 time is 7.173ms
04-11 03:14:58.675  8217  8233 I native-activity: Swap 492 time is 32.812ms
04-11 03:14:58.675  8217  8233 I native-activity: Animating
04-11 03:14:58.675   354   354 E qdoverlay: Bad ov dump:  mdp_overlay z=0 fg=0 alpha=255 mask=-1 flags=0x40000 id=8
04-11 03:14:58.675   354   354 E qdoverlay: src msmfb_img w=2176 h=3840 format=13 MDP_RGBA_8888
04-11 03:14:58.675   354   354 E qdoverlay: src_rect mdp_rect x=0 y=0 w=2160 h=3840
04-11 03:14:58.675   354   354 E qdoverlay: dst_rect mdp_rect x=0 y=0 w=720 h=1280
04-11 03:14:58.685  8217  8233 I native-activity: Frame 493 GL error is 0x0
04-11 03:14:58.685  8217  8233 I native-activity: Frame 493 time is 6.715ms
04-11 03:14:58.705   354   354 E qdoverlay: Bad ov dump:  mdp_overlay z=0 fg=0 alpha=255 mask=-1 flags=0x40000 id=8
04-11 03:14:58.705   354   354 E qdoverlay: src msmfb_img w=2176 h=3840 format=13 MDP_RGBA_8888
04-11 03:14:58.705   354   354 E qdoverlay: src_rect mdp_rect x=0 y=0 w=2160 h=3840
04-11 03:14:58.705   354   354 E qdoverlay: dst_rect mdp_rect x=0 y=0 w=720 h=1280
04-11 03:14:58.715  8217  8233 I native-activity: Swap 493 time is 34.285ms
04-11 03:14:58.715  8217  8233 I native-activity: Animating
04-11 03:14:58.715  8217  8233 I native-activity: Frame 494 GL error is 0x0
04-11 03:14:58.715  8217  8233 I native-activity: Frame 494 time is 5.358ms
04-11 03:14:58.745   354   354 E qdoverlay: Bad ov dump:  mdp_overlay z=0 fg=0 alpha=255 mask=-1 flags=0x40000 id=8
04-11 03:14:58.745   354   354 E qdoverlay: src msmfb_img w=2176 h=3840 format=13 MDP_RGBA_8888
04-11 03:14:58.745   354   354 E qdoverlay: src_rect mdp_rect x=0 y=0 w=2160 h=3840
04-11 03:14:58.745   354   354 E qdoverlay: dst_rect mdp_rect x=0 y=0 w=720 h=1280
04-11 03:14:58.745  8217  8233 I native-activity: Swap 494 time is 32.822ms
04-11 03:14:58.745  8217  8233 I native-activity: Animating
04-11 03:14:58.745  8217  8233 I native-activity: Frame 495 GL error is 0x0
04-11 03:14:58.745  8217  8233 I native-activity: Frame 495 time is 5.072ms
04-11 03:14:58.775   354   354 E qdoverlay: Bad ov dump:  mdp_overlay z=0 fg=0 alpha=255 mask=-1 flags=0x40000 id=8
04-11 03:14:58.775   354   354 E qdoverlay: src msmfb_img w=2176 h=3840 format=13 MDP_RGBA_8888
04-11 03:14:58.775   354   354 E qdoverlay: src_rect mdp_rect x=0 y=0 w=2160 h=3840
04-11 03:14:58.775   354   354 E qdoverlay: dst_rect mdp_rect x=0 y=0 w=720 h=1280
04-11 03:14:58.775  8217  8233 I native-activity: Swap 495 time is 33.097ms
04-11 03:14:58.775  8217  8233 I native-activity: Animating
04-11 03:14:58.785  8217  8233 I native-activity: Frame 496 GL error is 0x0
04-11 03:14:58.785  8217  8233 I native-activity: Frame 496 time is 5.407ms
04-11 03:14:58.805   354   354 E qdoverlay: Bad ov dump:  mdp_overlay z=0 fg=0 alpha=255 mask=-1 flags=0x40000 id=8
04-11 03:14:58.805   354   354 E qdoverlay: src msmfb_img w=2176 h=3840 format=13 MDP_RGBA_8888
04-11 03:14:58.805   354   354 E qdoverlay: src_rect mdp_rect x=0 y=0 w=2160 h=3840
04-11 03:14:58.805   354   354 E qdoverlay: dst_rect mdp_rect x=0 y=0 w=720 h=1280
04-11 03:14:58.815  8217  8233 I native-activity: Swap 496 time is 33.110ms
04-11 03:14:58.815  8217  8233 I native-activity: Animating
04-11 03:14:58.815  8217  8233 I native-activity: Frame 497 GL error is 0x0
04-11 03:14:58.815  8217  8233 I native-activity: Frame 497 time is 5.032ms
04-11 03:14:58.845   354   354 E qdoverlay: Bad ov dump:  mdp_overlay z=0 fg=0 alpha=255 mask=-1 flags=0x40000 id=8
04-11 03:14:58.845   354   354 E qdoverlay: src msmfb_img w=2176 h=3840 format=13 MDP_RGBA_8888
04-11 03:14:58.845   354   354 E qdoverlay: src_rect mdp_rect x=0 y=0 w=2160 h=3840
04-11 03:14:58.845   354   354 E qdoverlay: dst_rect mdp_rect x=0 y=0 w=720 h=1280
04-11 03:14:58.845  8217  8233 I native-activity: Swap 497 time is 33.225ms
04-11 03:14:58.845  8217  8233 I native-activity: Animating
04-11 03:14:58.845  8217  8233 I native-activity: Frame 498 GL error is 0x0
04-11 03:14:58.845  8217  8233 I native-activity: Frame 498 time is 5.629ms
04-11 03:14:58.875   354   354 E qdoverlay: Bad ov dump:  mdp_overlay z=0 fg=0 alpha=255 mask=-1 flags=0x40000 id=8
04-11 03:14:58.875   354   354 E qdoverlay: src msmfb_img w=2176 h=3840 format=13 MDP_RGBA_8888
04-11 03:14:58.875   354   354 E qdoverlay: src_rect mdp_rect x=0 y=0 w=2160 h=3840
04-11 03:14:58.875   354   354 E qdoverlay: dst_rect mdp_rect x=0 y=0 w=720 h=1280
04-11 03:14:58.875  8217  8233 I native-activity: Swap 498 time is 33.065ms
04-11 03:14:58.875  8217  8233 I native-activity: Animating
04-11 03:14:58.885  8217  8233 I native-activity: Frame 499 GL error is 0x0
04-11 03:14:58.885  8217  8233 I native-activity: Frame 499 time is 5.688ms
04-11 03:14:58.905  8217  8233 I native-activity: Swap 499 time is 31.774ms
04-11 03:14:58.905  8217  8233 I native-activity: Animating
04-11 03:14:58.905   354   354 E qdoverlay: Bad ov dump:  mdp_overlay z=0 fg=0 alpha=255 mask=-1 flags=0x40000 id=8
04-11 03:14:58.905   354   354 E qdoverlay: src msmfb_img w=2176 h=3840 format=13 MDP_RGBA_8888
04-11 03:14:58.905   354   354 E qdoverlay: src_rect mdp_rect x=0 y=0 w=2160 h=3840
04-11 03:14:58.905   354   354 E qdoverlay: dst_rect mdp_rect x=0 y=0 w=720 h=1280
04-11 03:14:58.915  8217  8233 I native-activity: Frame 500 GL error is 0x0
04-11 03:14:58.915  8217  8233 I native-activity: Frame 500 time is 7.031ms
04-11 03:14:58.945   354   354 E qdoverlay: Bad ov dump:  mdp_overlay z=0 fg=0 alpha=255 mask=-1 flags=0x40000 id=8
04-11 03:14:58.945   354   354 E qdoverlay: src msmfb_img w=2176 h=3840 format=13 MDP_RGBA_8888
04-11 03:14:58.945   354   354 E qdoverlay: src_rect mdp_rect x=0 y=0 w=2160 h=3840
04-11 03:14:58.945   354   354 E qdoverlay: dst_rect mdp_rect x=0 y=0 w=720 h=1280
04-11 03:14:58.945  8217  8233 I native-activity: Swap 500 time is 34.450ms
04-11 03:14:58.945  8217  8233 I native-activity: Animating
04-11 03:14:58.945  8217  8233 I native-activity: Frame 501 GL error is 0x0
04-11 03:14:58.945  8217  8233 I native-activity: Frame 501 time is 5.708ms
04-11 03:14:58.975   354   354 E qdoverlay: Bad ov dump:  mdp_overlay z=0 fg=0 alpha=255 mask=-1 flags=0x40000 id=8
04-11 03:14:58.975   354   354 E qdoverlay: src msmfb_img w=2176 h=3840 format=13 MDP_RGBA_8888
04-11 03:14:58.975   354   354 E qdoverlay: src_rect mdp_rect x=0 y=0 w=2160 h=3840
04-11 03:14:58.975   354   354 E qdoverlay: dst_rect mdp_rect x=0 y=0 w=720 h=1280
04-11 03:14:58.975  8217  8233 I native-activity: Swap 501 time is 33.852ms
04-11 03:14:58.975  8217  8233 I native-activity: Animating
04-11 03:14:58.985  8217  8233 I native-activity: Frame 502 GL error is 0x0
04-11 03:14:58.985  8217  8233 I native-activity: Frame 502 time is 4.880ms
04-11 03:14:59.005   354   354 E qdoverlay: Bad ov dump:  mdp_overlay z=0 fg=0 alpha=255 mask=-1 flags=0x40000 id=8
04-11 03:14:59.005   354   354 E qdoverlay: src msmfb_img w=2176 h=3840 format=13 MDP_RGBA_8888
04-11 03:14:59.005   354   354 E qdoverlay: src_rect mdp_rect x=0 y=0 w=2160 h=3840
04-11 03:14:59.005   354   354 E qdoverlay: dst_rect mdp_rect x=0 y=0 w=720 h=1280
04-11 03:14:59.005  8217  8233 I native-activity: Swap 502 time is 32.481ms
04-11 03:14:59.005  8217  8233 I native-activity: Animating
04-11 03:14:59.015  8217  8233 I native-activity: Frame 503 GL error is 0x0
04-11 03:14:59.015  8217  8233 I native-activity: Frame 503 time is 5.391ms
04-11 03:14:59.045   354   354 E qdoverlay: Bad ov dump:  mdp_overlay z=0 fg=0 alpha=255 mask=-1 flags=0x40000 id=8
04-11 03:14:59.045   354   354 E qdoverlay: src msmfb_img w=2176 h=3840 format=13 MDP_RGBA_8888
04-11 03:14:59.045   354   354 E qdoverlay: src_rect mdp_rect x=0 y=0 w=2160 h=3840
04-11 03:14:59.045   354   354 E qdoverlay: dst_rect mdp_rect x=0 y=0 w=720 h=1280
04-11 03:14:59.045  8217  8233 I native-activity: Swap 503 time is 33.534ms
04-11 03:14:59.045  8217  8233 I native-activity: Animating
04-11 03:14:59.045  8217  8233 I native-activity: Frame 504 GL error is 0x0
04-11 03:14:59.045  8217  8233 I native-activity: Frame 504 time is 5.387ms
04-11 03:14:59.075   354   354 E qdoverlay: Bad ov dump:  mdp_overlay z=0 fg=0 alpha=255 mask=-1 flags=0x40000 id=8
04-11 03:14:59.075   354   354 E qdoverlay: src msmfb_img w=2176 h=3840 format=13 MDP_RGBA_8888
04-11 03:14:59.075   354   354 E qdoverlay: src_rect mdp_rect x=0 y=0 w=2160 h=3840
04-11 03:14:59.075   354   354 E qdoverlay: dst_rect mdp_rect x=0 y=0 w=720 h=1280
04-11 03:14:59.075  8217  8233 I native-activity: Swap 504 time is 32.663ms
04-11 03:14:59.075  8217  8233 I native-activity: Animating
04-11 03:14:59.085  8217  8233 I native-activity: Frame 505 GL error is 0x0
04-11 03:14:59.085  8217  8233 I native-activity: Frame 505 time is 5.240ms
04-11 03:14:59.105   354   354 E qdoverlay: Bad ov dump:  mdp_overlay z=0 fg=0 alpha=255 mask=-1 flags=0x40000 id=8
04-11 03:14:59.105   354   354 E qdoverlay: src msmfb_img w=2176 h=3840 format=13 MDP_RGBA_8888
04-11 03:14:59.105   354   354 E qdoverlay: src_rect mdp_rect x=0 y=0 w=2160 h=3840
04-11 03:14:59.105   354   354 E qdoverlay: dst_rect mdp_rect x=0 y=0 w=720 h=1280
04-11 03:14:59.105  8217  8233 I native-activity: Swap 505 time is 32.561ms
04-11 03:14:59.105  8217  8233 I native-activity: Animating
04-11 03:14:59.115  8217  8233 I native-activity: Frame 506 GL error is 0x0
04-11 03:14:59.115  8217  8233 I native-activity: Frame 506 time is 5.064ms
04-11 03:14:59.135   354   354 E qdoverlay: Bad ov dump:  mdp_overlay z=0 fg=0 alpha=255 mask=-1 flags=0x40000 id=8
04-11 03:14:59.135   354   354 E qdoverlay: src msmfb_img w=2176 h=3840 format=13 MDP_RGBA_8888
04-11 03:14:59.135   354   354 E qdoverlay: src_rect mdp_rect x=0 y=0 w=2160 h=3840
04-11 03:14:59.135   354   354 E qdoverlay: dst_rect mdp_rect x=0 y=0 w=720 h=1280
04-11 03:14:59.145  8217  8233 I native-activity: Swap 506 time is 32.445ms
04-11 03:14:59.145  8217  8233 I native-activity: Animating
04-11 03:14:59.145  8217  8233 I native-activity: Frame 507 GL error is 0x0
04-11 03:14:59.145  8217  8233 I native-activity: Frame 507 time is 4.848ms
04-11 03:14:59.175   354   354 E qdoverlay: Bad ov dump:  mdp_overlay z=0 fg=0 alpha=255 mask=-1 flags=0x40000 id=8
04-11 03:14:59.175   354   354 E qdoverlay: src msmfb_img w=2176 h=3840 format=13 MDP_RGBA_8888
04-11 03:14:59.175   354   354 E qdoverlay: src_rect mdp_rect x=0 y=0 w=2160 h=3840
04-11 03:14:59.175   354   354 E qdoverlay: dst_rect mdp_rect x=0 y=0 w=720 h=1280
04-11 03:14:59.175  8217  8233 I native-activity: Swap 507 time is 32.185ms
04-11 03:14:59.175  8217  8233 I native-activity: Animating
04-11 03:14:59.175  8217  8233 I native-activity: Frame 508 GL error is 0x0
04-11 03:14:59.175  8217  8233 I native-activity: Frame 508 time is 5.276ms
04-11 03:14:59.205   354   354 E qdoverlay: Bad ov dump:  mdp_overlay z=0 fg=0 alpha=255 mask=-1 flags=0x40000 id=8
04-11 03:14:59.205   354   354 E qdoverlay: src msmfb_img w=2176 h=3840 format=13 MDP_RGBA_8888
04-11 03:14:59.205   354   354 E qdoverlay: src_rect mdp_rect x=0 y=0 w=2160 h=3840
04-11 03:14:59.205   354   354 E qdoverlay: dst_rect mdp_rect x=0 y=0 w=720 h=1280
04-11 03:14:59.205  8217  8233 I native-activity: Swap 508 time is 32.422ms
04-11 03:14:59.205  8217  8233 I native-activity: Animating
04-11 03:14:59.215  8217  8233 I native-activity: Frame 509 GL error is 0x0
04-11 03:14:59.215  8217  8233 I native-activity: Frame 509 time is 5.562ms
04-11 03:14:59.235   354   354 E qdoverlay: Bad ov dump:  mdp_overlay z=0 fg=0 alpha=255 mask=-1 flags=0x40000 id=8
04-11 03:14:59.235   354   354 E qdoverlay: src msmfb_img w=2176 h=3840 format=13 MDP_RGBA_8888
04-11 03:14:59.235   354   354 E qdoverlay: src_rect mdp_rect x=0 y=0 w=2160 h=3840
04-11 03:14:59.235   354   354 E qdoverlay: dst_rect mdp_rect x=0 y=0 w=720 h=1280
04-11 03:14:59.245  8217  8233 I native-activity: Swap 509 time is 33.435ms
04-11 03:14:59.245  8217  8233 I native-activity: Animating
04-11 03:14:59.245  8217  8233 I native-activity: Frame 510 GL error is 0x0
04-11 03:14:59.245  8217  8233 I native-activity: Frame 510 time is 5.538ms
04-11 03:14:59.275   354   354 E qdoverlay: Bad ov dump:  mdp_overlay z=0 fg=0 alpha=255 mask=-1 flags=0x40000 id=8
04-11 03:14:59.275   354   354 E qdoverlay: src msmfb_img w=2176 h=3840 format=13 MDP_RGBA_8888
04-11 03:14:59.275   354   354 E qdoverlay: src_rect mdp_rect x=0 y=0 w=2160 h=3840
04-11 03:14:59.275   354   354 E qdoverlay: dst_rect mdp_rect x=0 y=0 w=720 h=1280
04-11 03:14:59.275  8217  8233 I native-activity: Swap 510 time is 32.847ms
04-11 03:14:59.275  8217  8233 I native-activity: Animating
04-11 03:14:59.275  8217  8233 I native-activity: Frame 511 GL error is 0x0
04-11 03:14:59.275  8217  8233 I native-activity: Frame 511 time is 5.353ms
04-11 03:14:59.305   354   354 E qdoverlay: Bad ov dump:  mdp_overlay z=0 fg=0 alpha=255 mask=-1 flags=0x40000 id=8
04-11 03:14:59.305  8217  8233 I native-activity: Swap 511 time is 31.789ms
04-11 03:14:59.305   354   354 E qdoverlay: src msmfb_img w=2176 h=3840 format=13 MDP_RGBA_8888
04-11 03:14:59.305   354   354 E qdoverlay: src_rect mdp_rect x=0 y=0 w=2160 h=3840
04-11 03:14:59.305   354   354 E qdoverlay: dst_rect mdp_rect x=0 y=0 w=720 h=1280
04-11 03:14:59.305  8217  8233 I native-activity: Animating
04-11 03:14:59.315  8217  8233 I native-activity: Frame 512 GL error is 0x0
04-11 03:14:59.315  8217  8233 I native-activity: Frame 512 time is 6.091ms
04-11 03:14:59.335   354   354 E qdoverlay: Bad ov dump:  mdp_overlay z=0 fg=0 alpha=255 mask=-1 flags=0x40000 id=8
04-11 03:14:59.335   354   354 E qdoverlay: src msmfb_img w=2176 h=3840 format=13 MDP_RGBA_8888
04-11 03:14:59.335   354   354 E qdoverlay: src_rect mdp_rect x=0 y=0 w=2160 h=3840
04-11 03:14:59.335   354   354 E qdoverlay: dst_rect mdp_rect x=0 y=0 w=720 h=1280
04-11 03:14:59.345  8217  8233 I native-activity: Swap 512 time is 33.132ms
04-11 03:14:59.345  8217  8233 I native-activity: Animating
04-11 03:14:59.345  8217  8233 I native-activity: Frame 513 GL error is 0x0
04-11 03:14:59.345  8217  8233 I native-activity: Frame 513 time is 4.668ms
04-11 03:14:59.375   354   354 E qdoverlay: Bad ov dump:  mdp_overlay z=0 fg=0 alpha=255 mask=-1 flags=0x40000 id=8
04-11 03:14:59.375   354   354 E qdoverlay: src msmfb_img w=2176 h=3840 format=13 MDP_RGBA_8888
04-11 03:14:59.375   354   354 E qdoverlay: src_rect mdp_rect x=0 y=0 w=2160 h=3840
04-11 03:14:59.375   354   354 E qdoverlay: dst_rect mdp_rect x=0 y=0 w=720 h=1280
04-11 03:14:59.375  8217  8233 I native-activity: Swap 513 time is 33.686ms
04-11 03:14:59.375  8217  8233 I native-activity: Animating
04-11 03:14:59.375  8217  8233 I native-activity: Frame 514 GL error is 0x0
04-11 03:14:59.375  8217  8233 I native-activity: Frame 514 time is 4.893ms
04-11 03:14:59.405   354   354 E qdoverlay: Bad ov dump:  mdp_overlay z=0 fg=0 alpha=255 mask=-1 flags=0x40000 id=8
04-11 03:14:59.405   354   354 E qdoverlay: src msmfb_img w=2176 h=3840 format=13 MDP_RGBA_8888
04-11 03:14:59.405   354   354 E qdoverlay: src_rect mdp_rect x=0 y=0 w=2160 h=3840
04-11 03:14:59.405   354   354 E qdoverlay: dst_rect mdp_rect x=0 y=0 w=720 h=1280
04-11 03:14:59.405  8217  8233 I native-activity: Swap 514 time is 34.146ms
04-11 03:14:59.405  8217  8233 I native-activity: Animating
04-11 03:14:59.415  8217  8233 I native-activity: Frame 515 GL error is 0x0
04-11 03:14:59.415  8217  8233 I native-activity: Frame 515 time is 5.482ms
04-11 03:14:59.445   354   354 E qdoverlay: Bad ov dump:  mdp_overlay z=0 fg=0 alpha=255 mask=-1 flags=0x40000 id=8
04-11 03:14:59.445   354   354 E qdoverlay: src msmfb_img w=2176 h=3840 format=13 MDP_RGBA_8888
04-11 03:14:59.445   354   354 E qdoverlay: src_rect mdp_rect x=0 y=0 w=2160 h=3840
04-11 03:14:59.445   354   354 E qdoverlay: dst_rect mdp_rect x=0 y=0 w=720 h=1280
04-11 03:14:59.445  8217  8233 I native-activity: Swap 515 time is 33.871ms
04-11 03:14:59.445  8217  8233 I native-activity: Animating
04-11 03:14:59.445  8217  8233 I native-activity: Frame 516 GL error is 0x0
04-11 03:14:59.445  8217  8233 I native-activity: Frame 516 time is 4.778ms
04-11 03:14:59.475  8217  8233 I native-activity: Swap 516 time is 32.556ms
04-11 03:14:59.475   354   354 E qdoverlay: Bad ov dump:  mdp_overlay z=0 fg=0 alpha=255 mask=-1 flags=0x40000 id=8
04-11 03:14:59.475   354   354 E qdoverlay: src msmfb_img w=2176 h=3840 format=13 MDP_RGBA_8888
04-11 03:14:59.475   354   354 E qdoverlay: src_rect mdp_rect x=0 y=0 w=2160 h=3840
04-11 03:14:59.475   354   354 E qdoverlay: dst_rect mdp_rect x=0 y=0 w=720 h=1280
04-11 03:14:59.475  8217  8233 I native-activity: Animating
04-11 03:14:59.485  8217  8233 I native-activity: Frame 517 GL error is 0x0
04-11 03:14:59.485  8217  8233 I native-activity: Frame 517 time is 5.321ms
04-11 03:14:59.505   354   354 E qdoverlay: Bad ov dump:  mdp_overlay z=0 fg=0 alpha=255 mask=-1 flags=0x40000 id=8
04-11 03:14:59.505   354   354 E qdoverlay: src msmfb_img w=2176 h=3840 format=13 MDP_RGBA_8888
04-11 03:14:59.505   354   354 E qdoverlay: src_rect mdp_rect x=0 y=0 w=2160 h=3840
04-11 03:14:59.505   354   354 E qdoverlay: dst_rect mdp_rect x=0 y=0 w=720 h=1280
04-11 03:14:59.515  8217  8233 I native-activity: Swap 517 time is 34.741ms
04-11 03:14:59.515  8217  8233 I native-activity: Animating
04-11 03:14:59.515  8217  8233 I native-activity: Frame 518 GL error is 0x0
04-11 03:14:59.515  8217  8233 I native-activity: Frame 518 time is 5.879ms
04-11 03:14:59.545  8217  8233 I native-activity: Swap 518 time is 33.027ms
04-11 03:14:59.545   354   354 E qdoverlay: Bad ov dump:  mdp_overlay z=0 fg=0 alpha=255 mask=-1 flags=0x40000 id=8
04-11 03:14:59.545   354   354 E qdoverlay: src msmfb_img w=2176 h=3840 format=13 MDP_RGBA_8888
04-11 03:14:59.545   354   354 E qdoverlay: src_rect mdp_rect x=0 y=0 w=2160 h=3840
04-11 03:14:59.545   354   354 E qdoverlay: dst_rect mdp_rect x=0 y=0 w=720 h=1280
04-11 03:14:59.545  8217  8233 I native-activity: Animating
04-11 03:14:59.555  8217  8233 I native-activity: Frame 519 GL error is 0x0
04-11 03:14:59.555  8217  8233 I native-activity: Frame 519 time is 6.487ms
04-11 03:14:59.575   354   354 E qdoverlay: Bad ov dump:  mdp_overlay z=0 fg=0 alpha=255 mask=-1 flags=0x40000 id=8
04-11 03:14:59.575   354   354 E qdoverlay: src msmfb_img w=2176 h=3840 format=13 MDP_RGBA_8888
04-11 03:14:59.575  8217  8233 I native-activity: Swap 519 time is 34.439ms
04-11 03:14:59.575  8217  8233 I native-activity: Animating
04-11 03:14:59.575   354   354 E qdoverlay: src_rect mdp_rect x=0 y=0 w=2160 h=3840
04-11 03:14:59.575   354   354 E qdoverlay: dst_rect mdp_rect x=0 y=0 w=720 h=1280
04-11 03:14:59.585  8217  8233 I native-activity: Frame 520 GL error is 0x0
04-11 03:14:59.585  8217  8233 I native-activity: Frame 520 time is 7.742ms
04-11 03:14:59.615   354   354 E qdoverlay: Bad ov dump:  mdp_overlay z=0 fg=0 alpha=255 mask=-1 flags=0x40000 id=8
04-11 03:14:59.615   354   354 E qdoverlay: src msmfb_img w=2176 h=3840 format=13 MDP_RGBA_8888
04-11 03:14:59.615  8217  8233 I native-activity: Swap 520 time is 34.765ms
04-11 03:14:59.615   354   354 E qdoverlay: src_rect mdp_rect x=0 y=0 w=2160 h=3840
04-11 03:14:59.615   354   354 E qdoverlay: dst_rect mdp_rect x=0 y=0 w=720 h=1280
04-11 03:14:59.615  8217  8233 I native-activity: Animating
04-11 03:14:59.625  8217  8233 I native-activity: Frame 521 GL error is 0x0
04-11 03:14:59.625  8217  8233 I native-activity: Frame 521 time is 5.213ms
04-11 03:14:59.645   354   354 E qdoverlay: Bad ov dump:  mdp_overlay z=0 fg=0 alpha=255 mask=-1 flags=0x40000 id=8
04-11 03:14:59.645   354   354 E qdoverlay: src msmfb_img w=2176 h=3840 format=13 MDP_RGBA_8888
04-11 03:14:59.645  8217  8233 I native-activity: Swap 521 time is 33.690ms
04-11 03:14:59.645   354   354 E qdoverlay: src_rect mdp_rect x=0 y=0 w=2160 h=3840
04-11 03:14:59.645   354   354 E qdoverlay: dst_rect mdp_rect x=0 y=0 w=720 h=1280
04-11 03:14:59.655  8217  8233 I native-activity: Animating
04-11 03:14:59.655  8217  8233 I native-activity: Frame 522 GL error is 0x0
04-11 03:14:59.655  8217  8233 I native-activity: Frame 522 time is 5.577ms
04-11 03:14:59.685   354   354 E qdoverlay: Bad ov dump:  mdp_overlay z=0 fg=0 alpha=255 mask=-1 flags=0x40000 id=8
04-11 03:14:59.685  8217  8233 I native-activity: Swap 522 time is 33.187ms
04-11 03:14:59.685   354   354 E qdoverlay: src msmfb_img w=2176 h=3840 format=13 MDP_RGBA_8888
04-11 03:14:59.685   354   354 E qdoverlay: src_rect mdp_rect x=0 y=0 w=2160 h=3840
04-11 03:14:59.685   354   354 E qdoverlay: dst_rect mdp_rect x=0 y=0 w=720 h=1280
04-11 03:14:59.685  8217  8233 I native-activity: Animating
04-11 03:14:59.695  8217  8233 I native-activity: Frame 523 GL error is 0x0
04-11 03:14:59.695  8217  8233 I native-activity: Frame 523 time is 6.127ms
04-11 03:14:59.715   354   354 E qdoverlay: Bad ov dump:  mdp_overlay z=0 fg=0 alpha=255 mask=-1 flags=0x40000 id=8
04-11 03:14:59.715  8217  8233 I native-activity: Swap 523 time is 32.834ms
04-11 03:14:59.715   354   354 E qdoverlay: src msmfb_img w=2176 h=3840 format=13 MDP_RGBA_8888
04-11 03:14:59.715   354   354 E qdoverlay: src_rect mdp_rect x=0 y=0 w=2160 h=3840
04-11 03:14:59.715   354   354 E qdoverlay: dst_rect mdp_rect x=0 y=0 w=720 h=1280
04-11 03:14:59.715  8217  8233 I native-activity: Animating
04-11 03:14:59.725  8217  8233 I native-activity: Frame 524 GL error is 0x0
04-11 03:14:59.725  8217  8233 I native-activity: Frame 524 time is 5.776ms
04-11 03:14:59.755   354   354 E qdoverlay: Bad ov dump:  mdp_overlay z=0 fg=0 alpha=255 mask=-1 flags=0x40000 id=8
04-11 03:14:59.755   354   354 E qdoverlay: src msmfb_img w=2176 h=3840 format=13 MDP_RGBA_8888
04-11 03:14:59.755   354   354 E qdoverlay: src_rect mdp_rect x=0 y=0 w=2160 h=3840
04-11 03:14:59.755   354   354 E qdoverlay: dst_rect mdp_rect x=0 y=0 w=720 h=1280
04-11 03:14:59.755  8217  8233 I native-activity: Swap 524 time is 34.675ms
04-11 03:14:59.755  8217  8233 I native-activity: Animating
04-11 03:14:59.755  8217  8233 I native-activity: Frame 525 GL error is 0x0
04-11 03:14:59.755  8217  8233 I native-activity: Frame 525 time is 4.911ms
04-11 03:14:59.785   354   354 E qdoverlay: Bad ov dump:  mdp_overlay z=0 fg=0 alpha=255 mask=-1 flags=0x40000 id=8
04-11 03:14:59.785   354   354 E qdoverlay: src msmfb_img w=2176 h=3840 format=13 MDP_RGBA_8888
04-11 03:14:59.785   354   354 E qdoverlay: src_rect mdp_rect x=0 y=0 w=2160 h=3840
04-11 03:14:59.785   354   354 E qdoverlay: dst_rect mdp_rect x=0 y=0 w=720 h=1280
04-11 03:14:59.785  8217  8233 I native-activity: Swap 525 time is 33.640ms
04-11 03:14:59.785  8217  8233 I native-activity: Animating
04-11 03:14:59.805  8217  8233 I native-activity: Frame 526 GL error is 0x0
04-11 03:14:59.805  8217  8233 I native-activity: Frame 526 time is 15.397ms
04-11 03:14:59.825   354   354 E qdoverlay: Bad ov dump:  mdp_overlay z=0 fg=0 alpha=255 mask=-1 flags=0x40000 id=8
04-11 03:14:59.825   354   354 E qdoverlay: src msmfb_img w=2176 h=3840 format=13 MDP_RGBA_8888
04-11 03:14:59.825  8217  8233 I native-activity: Swap 526 time is 34.061ms
04-11 03:14:59.825   354   354 E qdoverlay: src_rect mdp_rect x=0 y=0 w=2160 h=3840
04-11 03:14:59.825   354   354 E qdoverlay: dst_rect mdp_rect x=0 y=0 w=720 h=1280
04-11 03:14:59.825  8217  8233 I native-activity: Animating
04-11 03:14:59.835  8217  8233 I native-activity: Frame 527 GL error is 0x0
04-11 03:14:59.835  8217  8233 I native-activity: Frame 527 time is 7.534ms
04-11 03:14:59.855   354   354 E qdoverlay: Bad ov dump:  mdp_overlay z=0 fg=0 alpha=255 mask=-1 flags=0x40000 id=8
04-11 03:14:59.855   354   354 E qdoverlay: src msmfb_img w=2176 h=3840 format=13 MDP_RGBA_8888
04-11 03:14:59.855  8217  8233 I native-activity: Swap 527 time is 33.797ms
04-11 03:14:59.855   354   354 E qdoverlay: src_rect mdp_rect x=0 y=0 w=2160 h=3840
04-11 03:14:59.855   354   354 E qdoverlay: dst_rect mdp_rect x=0 y=0 w=720 h=1280
04-11 03:14:59.855  8217  8233 I native-activity: Animating
04-11 03:14:59.865 26866 26922 D WifiStateMachine: RSSI dipped below -75 dB. Current RSSI: -89 dB
04-11 03:14:59.865  8217  8233 I native-activity: Frame 528 GL error is 0x0
04-11 03:14:59.865  8217  8233 I native-activity: Frame 528 time is 10.130ms
04-11 03:14:59.895   354   354 E qdoverlay: Bad ov dump:  mdp_overlay z=0 fg=0 alpha=255 mask=-1 flags=0x40000 id=8
04-11 03:14:59.895   354   354 E qdoverlay: src msmfb_img w=2176 h=3840 format=13 MDP_RGBA_8888
04-11 03:14:59.895   354   354 E qdoverlay: src_rect mdp_rect x=0 y=0 w=2160 h=3840
04-11 03:14:59.895   354   354 E qdoverlay: dst_rect mdp_rect x=0 y=0 w=720 h=1280
04-11 03:14:59.895  8217  8233 I native-activity: Swap 528 time is 34.191ms
04-11 03:14:59.895  8217  8233 I native-activity: Animating
04-11 03:14:59.905  8217  8233 I native-activity: Frame 529 GL error is 0x0
04-11 03:14:59.905  8217  8233 I native-activity: Frame 529 time is 10.898ms
04-11 03:14:59.925   354   354 E qdoverlay: Bad ov dump:  mdp_overlay z=0 fg=0 alpha=255 mask=-1 flags=0x40000 id=8
04-11 03:14:59.925   354   354 E qdoverlay: src msmfb_img w=2176 h=3840 format=13 MDP_RGBA_8888
04-11 03:14:59.925   354   354 E qdoverlay: src_rect mdp_rect x=0 y=0 w=2160 h=3840
04-11 03:14:59.925   354   354 E qdoverlay: dst_rect mdp_rect x=0 y=0 w=720 h=1280
04-11 03:14:59.925  8217  8233 I native-activity: Swap 529 time is 34.650ms
04-11 03:14:59.925  8217  8233 I native-activity: Animating
04-11 03:14:59.935  8217  8233 I native-activity: Frame 530 GL error is 0x0
04-11 03:14:59.935  8217  8233 I native-activity: Frame 530 time is 8.362ms
04-11 03:14:59.965   354   354 E qdoverlay: Bad ov dump:  mdp_overlay z=0 fg=0 alpha=255 mask=-1 flags=0x40000 id=8
04-11 03:14:59.965   354   354 E qdoverlay: src msmfb_img w=2176 h=3840 format=13 MDP_RGBA_8888
04-11 03:14:59.965  8217  8233 I native-activity: Swap 530 time is 33.422ms
04-11 03:14:59.965   354   354 E qdoverlay: src_rect mdp_rect x=0 y=0 w=2160 h=3840
04-11 03:14:59.965   354   354 E qdoverlay: dst_rect mdp_rect x=0 y=0 w=720 h=1280
04-11 03:14:59.965  8217  8233 I native-activity: Animating
04-11 03:14:59.975  8217  8233 I native-activity: Frame 531 GL error is 0x0
04-11 03:14:59.975  8217  8233 I native-activity: Frame 531 time is 8.633ms
04-11 03:14:59.975 27027 27027 D StatusBar.NetworkController: refreshViews: Data not connected!! Set no data type icon / Roaming
04-11 03:14:59.995   354   354 E qdoverlay: Bad ov dump:  mdp_overlay z=0 fg=0 alpha=255 mask=-1 flags=0x40000 id=8
04-11 03:14:59.995   354   354 E qdover