04-11 03:13:40.615   354   354 E qdoverlay: Bad ov dump:  mdp_overlay z=0 fg=0 alpha=255 mask=-1 flags=0x40000 id=8
04-11 03:13:40.615   354   354 E qdoverlay: src msmfb_img w=1088 h=1920 format=13 MDP_RGBA_8888
04-11 03:13:40.615   354   354 E qdoverlay: src_rect mdp_rect x=0 y=0 w=1080 h=1920
04-11 03:13:40.615   354   354 E qdoverlay: dst_rect mdp_rect x=0 y=0 w=720 h=1280
04-11 03:13:40.625  7500  7517 I native-activity: Swap 257 time is 16.333ms
04-11 03:13:40.625  7500  7517 I native-activity: Animating
04-11 03:13:40.635  7500  7517 I native-activity: Frame 258 GL error is 0x0
04-11 03:13:40.635  7500  7517 I native-activity: Frame 258 time is 8.675ms
04-11 03:13:40.635   354   354 E qdoverlay: Bad ov dump:  mdp_overlay z=0 fg=0 alpha=255 mask=-1 flags=0x40000 id=8
04-11 03:13:40.635   354   354 E qdoverlay: src msmfb_img w=1088 h=1920 format=13 MDP_RGBA_8888
04-11 03:13:40.635   354   354 E qdoverlay: src_rect mdp_rect x=0 y=0 w=1080 h=1920
04-11 03:13:40.635   354   354 E qdoverlay: dst_rect mdp_rect x=0 y=0 w=720 h=1280
04-11 03:13:40.645  7500  7517 I native-activity: Swap 258 time is 16.412ms
04-11 03:13:40.645  7500  7517 I native-activity: Animating
04-11 03:13:40.645  7500  7517 I native-activity: Context 0x62c95640 made current on surface 0x620f3e20, error 0x3000
04-11 03:13:40.645  7500  7517 I native-activity: GL information
04-11 03:13:40.645  7500  7517 I native-activity: 	Renderer: Adreno (TM) 330
04-11 03:13:40.645  7500  7517 I native-activity: 	Vendor: Qualcomm
04-11 03:13:40.645  7500  7517 I native-activity: 	Version: OpenGL ES 3.0 V@66.0 AU@  (CL@)
04-11 03:13:40.645  7500  7517 I native-activity: 	Shading Language: OpenGL ES GLSL ES 3.00
04-11 03:13:40.645  7500  7517 I native-activity: 	Extensions: GL_AMD_compressed_ATC_texture GL_AMD_performance_monitor GL_AMD_program_binary_Z400 GL_EXT_debug_label GL_EXT_debug_marker GL_EXT_discard_framebuffer GL_EXT_robustness GL_EXT_texture_format_BGRA8888 GL_EXT_texture_type_2_10_10_10_REV GL_NV_fence GL_OES_compressed_ETC1_RGB8_texture GL_OES_depth_texture GL_OES_depth24 GL_OES_EGL_image GL_OES_EGL_image_external GL_OES_element_index_uint GL_OES_fbo_render_mipmap GL_OES_fragment_precision_high GL_OES_get_program_binary GL_OES_packed_depth_stencil GL_OES_depth_texture_cube_map GL_OES_rgb8_rgba8 GL_OES_standard_derivatives GL_OES_texture_3D GL_OES_texture_float GL_OES_texture_half_float GL_OES_texture_half_float_linear GL_OES_texture_npot GL_OES_vertex_half_float GL_OES_vertex_type_10_10_10_2 GL_OES_vertex_array_object GL_QCOM_alpha_test GL_QCOM_binning_control GL_QCOM_driver_control GL_QCOM_perfmon_global_mode GL_QCOM_extended_get GL_QCOM_extended_get2 GL_QCOM_tiled_rendering GL_QCOM_writeonly_rendering GL_EXT_sRGB GL_EXT_sRGB_write_control GL_EXT_tex
04-11 03:13:40.645  7500  7517 I native-activity: Context 0x62c95640 made current on surface 0x620f3e20, error 0x3000
04-11 03:13:40.645  7500  7517 I native-activity: GL information
04-11 03:13:40.645  7500  7517 I native-activity: 	Renderer: Adreno (TM) 330
04-11 03:13:40.645  7500  7517 I native-activity: 	Vendor: Qualcomm
04-11 03:13:40.645  7500  7517 I native-activity: 	Version: OpenGL ES 3.0 V@66.0 AU@  (CL@)
04-11 03:13:40.645  7500  7517 I native-activity: 	Shading Language: OpenGL ES GLSL ES 3.00
04-11 03:13:40.645  7500  7517 I native-activity: 	Extensions: GL_AMD_compressed_ATC_texture GL_AMD_performance_monitor GL_AMD_program_binary_Z400 GL_EXT_debug_label GL_EXT_debug_marker GL_EXT_discard_framebuffer GL_EXT_robustness GL_EXT_texture_format_BGRA8888 GL_EXT_texture_type_2_10_10_10_REV GL_NV_fence GL_OES_compressed_ETC1_RGB8_texture GL_OES_depth_texture GL_OES_depth24 GL_OES_EGL_image GL_OES_EGL_image_external GL_OES_element_index_uint GL_OES_fbo_render_mipmap GL_OES_fragment_precision_high GL_OES_get_program_binary GL_OES_packed_depth_stencil GL_OES_depth_texture_cube_map GL_OES_rgb8_rgba8 GL_OES_standard_derivatives GL_OES_texture_3D GL_OES_texture_float GL_OES_texture_half_float GL_OES_texture_half_float_linear GL_OES_texture_npot GL_OES_vertex_half_float GL_OES_vertex_type_10_10_10_2 GL_OES_vertex_array_object GL_QCOM_alpha_test GL_QCOM_binning_control GL_QCOM_driver_control GL_QCOM_perfmon_global_mode GL_QCOM_extended_get GL_QCOM_extended_get2 GL_QCOM_tiled_rendering GL_QCOM_writeonly_rendering GL_EXT_sRGB GL_EXT_sRGB_write_control GL_EXT_tex
04-11 03:13:40.645  7500  7517 W Adreno-ES20: <core_glDisableVertexAttribArray:165>: GL_INVALID_VALUE
04-11 03:13:40.645  7500  7517 I native-activity: Frame 259 GL error is 0x501
04-11 03:13:40.645  7500  7517 I native-activity: Frame 259 time is 7.192ms
04-11 03:13:40.655   354   354 E qdoverlay: Bad ov dump:  mdp_overlay z=0 fg=0 alpha=255 mask=-1 flags=0x40000 id=8
04-11 03:13:40.655   354   354 E qdoverlay: src msmfb_img w=1088 h=1920 format=13 MDP_RGBA_8888
04-11 03:13:40.655   354   354 E qdoverlay: src_rect mdp_rect x=0 y=0 w=1080 h=1920
04-11 03:13:40.655   354   354 E qdoverlay: dst_rect mdp_rect x=0 y=0 w=720 h=1280
04-11 03:13:40.655  7500  7517 I native-activity: Swap 259 time is 16.207ms
04-11 03:13:40.655  7500  7517 I native-activity: Animating
04-11 03:13:40.665  7500  7517 I native-activity: Frame 260 GL error is 0x0
04-11 03:13:40.665  7500  7517 I native-activity: Frame 260 time is 7.600ms
04-11 03:13:40.665   354   354 E qdoverlay: Bad ov dump:  mdp_overlay z=0 fg=0 alpha=255 mask=-1 flags=0x40000 id=8
04-11 03:13:40.665   354   354 E qdoverlay: src msmfb_img w=1088 h=1920 format=13 MDP_RGBA_8888
04-11 03:13:40.665   354   354 E qdoverlay: src_rect mdp_rect x=0 y=0 w=1080 h=1920
04-11 03:13:40.665   354   354 E qdoverlay: dst_rect mdp_rect x=0 y=0 w=720 h=1280
04-11 03:13:40.675  7500  7517 I native-activity: Swap 260 time is 16.382ms
04-11 03:13:40.675  7500  7517 I native-activity: Animating
04-11 03:13:40.685  7500  7517 I native-activity: Frame 261 GL error is 0x0
04-11 03:13:40.685  7500  7517 I native-activity: Frame 261 time is 9.364ms
04-11 03:13:40.685   354   354 E qdoverlay: Bad ov dump:  mdp_overlay z=0 fg=0 alpha=255 mask=-1 flags=0x40000 id=8
04-11 03:13:40.685   354   354 E qdoverlay: src msmfb_img w=1088 h=1920 format=13 MDP_RGBA_8888
04-11 03:13:40.685   354   354 E qdoverlay: src_rect mdp_rect x=0 y=0 w=1080 h=1920
04-11 03:13:40.685   354   354 E qdoverlay: dst_rect mdp_rect x=0 y=0 w=720 h=1280
04-11 03:13:40.685  7500  7517 I native-activity: Swap 261 time is 16.366ms
04-11 03:13:40.685  7500  7517 I native-activity: Animating
04-11 03:13:40.695  7500  7517 I native-activity: Frame 262 GL error is 0x0
04-11 03:13:40.695  7500  7517 I native-activity: Frame 262 time is 7.259ms
04-11 03:13:40.705   354   354 E qdoverlay: Bad ov dump:  mdp_overlay z=0 fg=0 alpha=255 mask=-1 flags=0x40000 id=8
04-11 03:13:40.705   354   354 E qdoverlay: src msmfb_img w=1088 h=1920 format=13 MDP_RGBA_8888
04-11 03:13:40.705   354   354 E qdoverlay: src_rect mdp_rect x=0 y=0 w=1080 h=1920
04-11 03:13:40.705   354   354 E qdoverlay: dst_rect mdp_rect x=0 y=0 w=720 h=1280
04-11 03:13:40.705  7500  7517 I native-activity: Swap 262 time is 16.291ms
04-11 03:13:40.705  7500  7517 I native-activity: Animating
04-11 03:13:40.715  7500  7517 I native-activity: Frame 263 GL error is 0x0
04-11 03:13:40.715  7500  7517 I native-activity: Frame 263 time is 9.259ms
04-11 03:13:40.715   354   354 E qdoverlay: Bad ov dump:  mdp_overlay z=0 fg=0 alpha=255 mask=-1 flags=0x40000 id=8
04-11 03:13:40.715   354   354 E qdoverlay: src msmfb_img w=1088 h=1920 format=13 MDP_RGBA_8888
04-11 03:13:40.715   354   354 E qdoverlay: src_rect mdp_rect x=0 y=0 w=1080 h=1920
04-11 03:13:40.715   354   354 E qdoverlay: dst_rect mdp_rect x=0 y=0 w=720 h=1280
04-11 03:13:40.725  7500  7517 I native-activity: Swap 263 time is 16.259ms
04-11 03:13:40.725  7500  7517 I native-activity: Animating
04-11 03:13:40.735  7500  7517 I native-activity: Frame 264 GL error is 0x0
04-11 03:13:40.735  7500  7517 I native-activity: Frame 264 time is 7.960ms
04-11 03:13:40.735   354   354 E qdoverlay: Bad ov dump:  mdp_overlay z=0 fg=0 alpha=255 mask=-1 flags=0x40000 id=8
04-11 03:13:40.735   354   354 E qdoverlay: src msmfb_img w=1088 h=1920 format=13 MDP_RGBA_8888
04-11 03:13:40.735   354   354 E qdoverlay: src_rect mdp_rect x=0 y=0 w=1080 h=1920
04-11 03:13:40.735   354   354 E qdoverlay: dst_rect mdp_rect x=0 y=0 w=720 h=1280
04-11 03:13:40.735  7500  7517 I native-activity: Swap 264 time is 16.242ms
04-11 03:13:40.735  7500  7517 I native-activity: Animating
04-11 03:13:40.745  7500  7517 I native-activity: Frame 265 GL error is 0x0
04-11 03:13:40.745  7500  7517 I native-activity: Frame 265 time is 6.836ms
04-11 03:13:40.745   354   354 E qdoverlay: Bad ov dump:  mdp_overlay z=0 fg=0 alpha=255 mask=-1 flags=0x40000 id=8
04-11 03:13:40.745   354   354 E qdoverlay: src msmfb_img w=1088 h=1920 format=13 MDP_RGBA_8888
04-11 03:13:40.745   354   354 E qdoverlay: src_rect mdp_rect x=0 y=0 w=1080 h=1920
04-11 03:13:40.745   354   354 E qdoverlay: dst_rect mdp_rect x=0 y=0 w=720 h=1280
04-11 03:13:40.755  7500  7517 I native-activity: Swap 265 time is 16.163ms
04-11 03:13:40.755  7500  7517 I native-activity: Animating
04-11 03:13:40.765  7500  7517 I native-activity: Frame 266 GL error is 0x0
04-11 03:13:40.765  7500  7517 I native-activity: Frame 266 time is 8.329ms
04-11 03:13:40.765   354   354 E qdoverlay: Bad ov dump:  mdp_overlay z=0 fg=0 alpha=255 mask=-1 flags=0x40000 id=8
04-11 03:13:40.765   354   354 E qdoverlay: src msmfb_img w=1088 h=1920 format=13 MDP_RGBA_8888
04-11 03:13:40.765   354   354 E qdoverlay: src_rect mdp_rect x=0 y=0 w=1080 h=1920
04-11 03:13:40.765   354   354 E qdoverlay: dst_rect mdp_rect x=0 y=0 w=720 h=1280
04-11 03:13:40.775  7500  7517 I native-activity: Swap 266 time is 16.196ms
04-11 03:13:40.775  7500  7517 I native-activity: Animating
04-11 03:13:40.785  7500  7517 I native-activity: Frame 267 GL error is 0x0
04-11 03:13:40.785  7500  7517 I native-activity: Frame 267 time is 8.429ms
04-11 03:13:40.785   354   354 E qdoverlay: Bad ov dump:  mdp_overlay z=0 fg=0 alpha=255 mask=-1 flags=0x40000 id=8
04-11 03:13:40.785   354   354 E qdoverlay: src msmfb_img w=1088 h=1920 format=13 MDP_RGBA_8888
04-11 03:13:40.785   354   354 E qdoverlay: src_rect mdp_rect x=0 y=0 w=1080 h=1920
04-11 03:13:40.785   354   354 E qdoverlay: dst_rect mdp_rect x=0 y=0 w=720 h=1280
04-11 03:13:40.785  7500  7517 I native-activity: Swap 267 time is 16.244ms
04-11 03:13:40.785  7500  7517 I native-activity: Animating
04-11 03:13:40.795  7500  7517 I native-activity: Frame 268 GL error is 0x0
04-11 03:13:40.795  7500  7517 I native-activity: Frame 268 time is 8.667ms
04-11 03:13:40.795   354   354 E qdoverlay: Bad ov dump:  mdp_overlay z=0 fg=0 alpha=255 mask=-1 flags=0x40000 id=8
04-11 03:13:40.795   354   354 E qdoverlay: src msmfb_img w=1088 h=1920 format=13 MDP_RGBA_8888
04-11 03:13:40.795   354   354 E qdoverlay: src_rect mdp_rect x=0 y=0 w=1080 h=1920
04-11 03:13:40.795   354   354 E qdoverlay: dst_rect mdp_rect x=0 y=0 w=720 h=1280
04-11 03:13:40.805  7500  7517 I native-activity: Swap 268 time is 16.331ms
04-11 03:13:40.805  7500  7517 I native-activity: Animating
04-11 03:13:40.815   354   354 E qdoverlay: Bad ov dump:  mdp_overlay z=0 fg=0 alpha=255 mask=-1 flags=0x40000 id=8
04-11 03:13:40.815   354   354 E qdoverlay: src msmfb_img w=1088 h=1920 format=13 MDP_RGBA_8888
04-11 03:13:40.815   354   354 E qdoverlay: src_rect mdp_rect x=0 y=0 w=1080 h=1920
04-11 03:13:40.815   354   354 E qdoverlay: dst_rect mdp_rect x=0 y=0 w=720 h=1280
04-11 03:13:40.825  7500  7517 I native-activity: Frame 269 GL error is 0x0
04-11 03:13:40.825  7500  7517 I native-activity: Frame 269 time is 17.404ms
04-11 03:13:40.825  7500  7517 I native-activity: Swap 269 time is 18.229ms
04-11 03:13:40.825  7500  7517 I native-activity: Animating
04-11 03:13:40.835   354   354 E qdoverlay: Bad ov dump:  mdp_overlay z=0 fg=0 alpha=255 mask=-1 flags=0x40000 id=8
04-11 03:13:40.835   354   354 E qdoverlay: src msmfb_img w=1088 h=1920 format=13 MDP_RGBA_8888
04-11 03:13:40.835   354   354 E qdoverlay: src_rect mdp_rect x=0 y=0 w=1080 h=1920
04-11 03:13:40.835   354   354 E qdoverlay: dst_rect mdp_rect x=0 y=0 w=720 h=1280
04-11 03:13:40.835  7500  7517 I native-activity: Frame 270 GL error is 0x0
04-11 03:13:40.835  7500  7517 I native-activity: Frame 270 time is 11.118ms
04-11 03:13:40.835  7500  7517 I native-activity: Swap 270 time is 16.463ms
04-11 03:13:40.835  7500  7517 I native-activity: Animating
04-11 03:13:40.845  7500  7517 I native-activity: Frame 271 GL error is 0x0
04-11 03:13:40.845  7500  7517 I native-activity: Frame 271 time is 7.599ms
04-11 03:13:40.845   354   354 E qdoverlay: Bad ov dump:  mdp_overlay z=0 fg=0 alpha=255 mask=-1 flags=0x40000 id=8
04-11 03:13:40.845   354   354 E qdoverlay: src msmfb_img w=1088 h=1920 format=13 MDP_RGBA_8888
04-11 03:13:40.845   354   354 E qdoverlay: src_rect mdp_rect x=0 y=0 w=1080 h=1920
04-11 03:13:40.845   354   354 E qdoverlay: dst_rect mdp_rect x=0 y=0 w=720 h=1280
04-11 03:13:40.855  7500  7517 I native-activity: Swap 271 time is 14.055ms
04-11 03:13:40.855  7500  7517 I native-activity: Animating
04-11 03:13:40.865  7500  7517 I native-activity: Frame 272 GL error is 0x0
04-11 03:13:40.865  7500  7517 I native-activity: Frame 272 time is 7.705ms
04-11 03:13:40.865   354   354 E qdoverlay: Bad ov dump:  mdp_overlay z=0 fg=0 alpha=255 mask=-1 flags=0x40000 id=8
04-11 03:13:40.865   354   354 E qdoverlay: src msmfb_img w=1088 h=1920 format=13 MDP_RGBA_8888
04-11 03:13:40.865   354   354 E qdoverlay: src_rect mdp_rect x=0 y=0 w=1080 h=1920
04-11 03:13:40.865   354   354 E qdoverlay: dst_rect mdp_rect x=0 y=0 w=720 h=1280
04-11 03:13:40.875  7500  7517 I native-activity: Swap 272 time is 16.227ms
04-11 03:13:40.875  7500  7517 I native-activity: Animating
04-11 03:13:40.875  7500  7517 I native-activity: Frame 273 GL error is 0x0
04-11 03:13:40.875  7500  7517 I native-activity: Frame 273 time is 6.394ms
04-11 03:13:40.885   354   354 E qdoverlay: Bad ov dump:  mdp_overlay z=0 fg=0 alpha=255 mask=-1 flags=0x40000 id=8
04-11 03:13:40.885   354   354 E qdoverlay: src msmfb_img w=1088 h=1920 format=13 MDP_RGBA_8888
04-11 03:13:40.885   354   354 E qdoverlay: src_rect mdp_rect x=0 y=0 w=1080 h=1920
04-11 03:13:40.885   354   354 E qdoverlay: dst_rect mdp_rect x=0 y=0 w=720 h=1280
04-11 03:13:40.885  7500  7517 I native-activity: Swap 273 time is 16.245ms
04-11 03:13:40.885  7500  7517 I native-activity: Animating
04-11 03:13:40.895  7500  7517 W Adreno-ES20: <core_glGetActiveAttrib:534>: GL_INVALID_VALUE
04-11 03:13:40.895   354   354 E qdoverlay: Bad ov dump:  mdp_overlay z=0 fg=0 alpha=255 mask=-1 flags=0x40000 id=8
04-11 03:13:40.895   354   354 E qdoverlay: src msmfb_img w=1088 h=1920 format=13 MDP_RGBA_8888
04-11 03:13:40.895   354   354 E qdoverlay: src_rect mdp_rect x=0 y=0 w=1080 h=1920
04-11 03:13:40.895   354   354 E qdoverlay: dst_rect mdp_rect x=0 y=0 w=720 h=1280
04-11 03:13:40.905  7500  7517 I native-activity: Frame 274 GL error is 0x501
04-11 03:13:40.905  7500  7517 I native-activity: Frame 274 time is 14.547ms
04-11 03:13:40.905  7500  7517 I native-activity: Swap 274 time is 16.286ms
04-11 03:13:40.905  7500  7517 I native-activity: Animating
04-11 03:13:40.915  7500  7517 I native-activity: Frame 275 GL error is 0x0
04-11 03:13:40.915  7500  7517 I native-activity: Frame 275 time is 6.836ms
04-11 03:13:40.915   354   354 E qdoverlay: Bad ov dump:  mdp_overlay z=0 fg=0 alpha=255 mask=-1 flags=0x40000 id=8
04-11 03:13:40.915   354   354 E qdoverlay: src msmfb_img w=1088 h=1920 format=13 MDP_RGBA_8888
04-11 03:13:40.915   354   354 E qdoverlay: src_rect mdp_rect x=0 y=0 w=1080 h=1920
04-11 03:13:40.915   354   354 E qdoverlay: dst_rect mdp_rect x=0 y=0 w=720 h=1280
04-11 03:13:40.915  7500  7517 I native-activity: Swap 275 time is 16.141ms
04-11 03:13:40.915  7500  7517 I native-activity: Animating
04-11 03:13:40.925  7500  7517 I native-activity: Frame 276 GL error is 0x0
04-11 03:13:40.925  7500  7517 I native-activity: Frame 276 time is 5.743ms
04-11 03:13:40.935   354   354 E qdoverlay: Bad ov dump:  mdp_overlay z=0 fg=0 alpha=255 mask=-1 flags=0x40000 id=8
04-11 03:13:40.935   354   354 E qdoverlay: src msmfb_img w=1088 h=1920 format=13 MDP_RGBA_8888
04-11 03:13:40.935   354   354 E qdoverlay: src_rect mdp_rect x=0 y=0 w=1080 h=1920
04-11 03:13:40.935   354   354 E qdoverlay: dst_rect mdp_rect x=0 y=0 w=720 h=1280
04-11 03:13:40.935  7500  7517 I native-activity: Swap 276 time is 16.221ms
04-11 03:13:40.935  7500  7517 I native-activity: Animating
04-11 03:13:40.945  7500  7517 I native-activity: Frame 277 GL error is 0x0
04-11 03:13:40.945  7500  7517 I native-activity: Frame 277 time is 7.838ms
04-11 03:13:40.945   354   354 E qdoverlay: Bad ov dump:  mdp_overlay z=0 fg=0 alpha=255 mask=-1 flags=0x40000 id=8
04-11 03:13:40.945   354   354 E qdoverlay: src msmfb_img w=1088 h=1920 format=13 MDP_RGBA_8888
04-11 03:13:40.945   354   354 E qdoverlay: src_rect mdp_rect x=0 y=0 w=1080 h=1920
04-11 03:13:40.945   354   354 E qdoverlay: dst_rect mdp_rect x=0 y=0 w=720 h=1280
04-11 03:13:40.955  7500  7517 I native-activity: Swap 277 time is 16.260ms
04-11 03:13:40.955  7500  7517 I native-activity: Animating
04-11 03:13:40.965  7500  7517 I native-activity: Frame 278 GL error is 0x0
04-11 03:13:40.965  7500  7517 I native-activity: Frame 278 time is 8.192ms
04-11 03:13:40.965   354   354 E qdoverlay: Bad ov dump:  mdp_overlay z=0 fg=0 alpha=255 mask=-1 flags=0x40000 id=8
04-11 03:13:40.965   354   354 E qdoverlay: src msmfb_img w=1088 h=1920 format=13 MDP_RGBA_8888
04-11 03:13:40.965   354   354 E qdoverlay: src_rect mdp_rect x=0 y=0 w=1080 h=1920
04-11 03:13:40.965   354   354 E qdoverlay: dst_rect mdp_rect x=0 y=0 w=720 h=1280
04-11 03:13:40.965  7500  7517 I native-activity: Swap 278 time is 16.242ms
04-11 03:13:40.965  7500  7517 I native-activity: Animating
04-11 03:13:40.975  7500  7517 I native-activity: Frame 279 GL error is 0x0
04-11 03:13:40.975  7500  7517 I native-activity: Frame 279 time is 7.129ms
04-11 03:13:40.975   354   354 E qdoverlay: Bad ov dump:  mdp_overlay z=0 fg=0 alpha=255 mask=-1 flags=0x40000 id=8
04-11 03:13:40.975   354   354 E qdoverlay: src msmfb_img w=1088 h=1920 format=13 MDP_RGBA_8888
04-11 03:13:40.975   354   354 E qdoverlay: src_rect mdp_rect x=0 y=0 w=1080 h=1920
04-11 03:13:40.975   354   354 E qdoverlay: dst_rect mdp_rect x=0 y=0 w=720 h=1280
04-11 03:13:40.985  7500  7517 I native-activity: Swap 279 time is 16.313ms
04-11 03:13:40.985  7500  7517 I native-activity: Animating
04-11 03:13:40.995  7500  7517 I native-activity: Frame 280 GL error is 0x0
04-11 03:13:40.995  7500  7517 I native-activity: Frame 280 time is 9.106ms
04-11 03:13:40.995   354   354 E qdoverlay: Bad ov dump:  mdp_overlay z=0 fg=0 alpha=255 mask=-1 flags=0x40000 id=8
04-11 03:13:40.995   354   354 E qdoverlay: src msmfb_img w=1088 h=1920 format=13 MDP_RGBA_8888
04-11 03:13:40.995   354   354 E qdoverlay: src_rect mdp_rect x=0 y=0 w=1080 h=1920
04-11 03:13:40.995   354   354 E qdoverlay: dst_rect mdp_rect x=0 y=0 w=720 h=1280
04-11 03:13:41.005  7500  7517 I native-activity: Swap 280 time is 16.437ms
04-11 03:13:41.005  7500  7517 I native-activity: Animating
04-11 03:13:41.015  7500  7517 I native-activity: Frame 281 GL error is 0x0
04-11 03:13:41.015  7500  7517 I native-activity: Frame 281 time is 10.086ms
04-11 03:13:41.015   354   354 E qdoverlay: Bad ov dump:  mdp_overlay z=0 fg=0 alpha=255 mask=-1 flags=0x40000 id=8
04-11 03:13:41.015   354   354 E qdoverlay: src msmfb_img w=1088 h=1920 format=13 MDP_RGBA_8888
04-11 03:13:41.015   354   354 E qdoverlay: src_rect mdp_rect x=0 y=0 w=1080 h=1920
04-11 03:13:41.015   354   354 E qdoverlay: dst_rect mdp_rect x=0 y=0 w=720 h=1280
04-11 03:13:41.015  7500  7517 I native-activity: Swap 281 time is 16.108ms
04-11 03:13:41.015  7500  7517 I native-activity: Animating
04-11 03:13:41.025  7500  7517 I native-activity: Frame 282 GL error is 0x0
04-11 03:13:41.025  7500  7517 I native-activity: Frame 282 time is 9.973ms
04-11 03:13:41.025   354   354 E qdoverlay: Bad ov dump:  mdp_overlay z=0 fg=0 alpha=255 mask=-1 flags=0x40000 id=8
04-11 03:13:41.025   354   354 E qdoverlay: src msmfb_img w=1088 h=1920 format=13 MDP_RGBA_8888
04-11 03:13:41.025   354   354 E qdoverlay: src_rect mdp_rect x=0 y=0 w=1080 h=1920
04-11 03:13:41.025   354   354 E qdoverlay: dst_rect mdp_rect x=0 y=0 w=720 h=1280
04-11 03:13:41.035  7500  7517 I native-activity: Swap 282 time is 16.344ms
04-11 03:13:41.035  7500  7517 I native-activity: Animating
04-11 03:13:41.045  7500  7517 I native-activity: Frame 283 GL error is 0x0
04-11 03:13:41.045  7500  7517 I native-activity: Frame 283 time is 9.744ms
04-11 03:13:41.045   354   354 E qdoverlay: Bad ov dump:  mdp_overlay z=0 fg=0 alpha=255 mask=-1 flags=0x40000 id=8
04-11 03:13:41.045   354   354 E qdoverlay: src msmfb_img w=1088 h=1920 format=13 MDP_RGBA_8888
04-11 03:13:41.045   354   354 E qdoverlay: src_rect mdp_rect x=0 y=0 w=1080 h=1920
04-11 03:13:41.045   354   354 E qdoverlay: dst_rect mdp_rect x=0 y=0 w=720 h=1280
04-11 03:13:41.055  7500  7517 I native-activity: Swap 283 time is 16.241ms
04-11 03:13:41.055  7500  7517 I native-activity: Animating
04-11 03:13:41.065  7500  7517 I native-activity: Frame 284 GL error is 0x0
04-11 03:13:41.065  7500  7517 I native-activity: Frame 284 time is 9.105ms
04-11 03:13:41.065   354   354 E qdoverlay: Bad ov dump:  mdp_overlay z=0 fg=0 alpha=255 mask=-1 flags=0x40000 id=8
04-11 03:13:41.065   354   354 E qdoverlay: src msmfb_img w=1088 h=1920 format=13 MDP_RGBA_8888
04-11 03:13:41.065   354   354 E qdoverlay: src_rect mdp_rect x=0 y=0 w=1080 h=1920
04-11 03:13:41.065   354   354 E qdoverlay: dst_rect mdp_rect x=0 y=0 w=720 h=1280
04-11 03:13:41.065  7500  7517 I native-activity: Swap 284 time is 16.224ms
04-11 03:13:41.065  7500  7517 I native-activity: Animating
04-11 03:13:41.075  7500  7517 I native-activity: Frame 285 GL error is 0x0
04-11 03:13:41.075  7500  7517 I native-activity: Frame 285 time is 9.108ms
04-11 03:13:41.075   354   354 E qdoverlay: Bad ov dump:  mdp_overlay z=0 fg=0 alpha=255 mask=-1 flags=0x40000 id=8
04-11 03:13:41.075   354   354 E qdoverlay: src msmfb_img w=1088 h=1920 format=13 MDP_RGBA_8888
04-11 03:13:41.075   354   354 E qdoverlay: src_rect mdp_rect x=0 y=0 w=1080 h=1920
04-11 03:13:41.075   354   354 E qdoverlay: dst_rect mdp_rect x=0 y=0 w=720 h=1280
04-11 03:13:41.085  7500  7517 I native-activity: Swap 285 time is 16.611ms
04-11 03:13:41.085  7500  7517 I native-activity: Animating
04-11 03:13:41.095  7500  7517 I native-activity: Frame 286 GL error is 0x0
04-11 03:13:41.095  7500  7517 I native-activity: Frame 286 time is 9.051ms
04-11 03:13:41.095   354   354 E qdoverlay: Bad ov dump:  mdp_overlay z=0 fg=0 alpha=255 mask=-1 flags=0x40000 id=8
04-11 03:13:41.095   354   354 E qdoverlay: src msmfb_img w=1088 h=1920 format=13 MDP_RGBA_8888
04-11 03:13:41.095   354   354 E qdoverlay: src_rect mdp_rect x=0 y=0 w=1080 h=1920
04-11 03:13:41.095   354   354 E qdoverlay: dst_rect mdp_rect x=0 y=0 w=720 h=1280
04-11 03:13:41.105  7500  7517 I native-activity: Swap 286 time is 16.190ms
04-11 03:13:41.105  7500  7517 I native-activity: Animating
04-11 03:13:41.115   354   354 E qdoverlay: Bad ov dump:  mdp_overlay z=0 fg=0 alpha=255 mask=-1 flags=0x40000 id=8
04-11 03:13:41.115   354   354 E qdoverlay: src msmfb_img w=1088 h=1920 format=13 MDP_RGBA_8888
04-11 03:13:41.115   354   354 E qdoverlay: src_rect mdp_rect x=0 y=0 w=1080 h=1920
04-11 03:13:41.115   354   354 E qdoverlay: dst_rect mdp_rect x=0 y=0 w=720 h=1280
04-11 03:13:41.115  7500  7517 I native-activity: Frame 287 GL error is 0x0
04-11 03:13:41.115  7500  7517 I native-activity: Frame 287 time is 10.910ms
04-11 03:13:41.115  7500  7517 I native-activity: Swap 287 time is 15.984ms
04-11 03:13:41.115  7500  7517 I native-activity: Animating
04-11 03:13:41.125  7500  7517 I native-activity: Frame 288 GL error is 0x0
04-11 03:13:41.125  7500  7517 I native-activity: Frame 288 time is 9.045ms
04-11 03:13:41.125   354   354 E qdoverlay: Bad ov dump:  mdp_overlay z=0 fg=0 alpha=255 mask=-1 flags=0x40000 id=8
04-11 03:13:41.125   354   354 E qdoverlay: src msmfb_img w=1088 h=1920 format=13 MDP_RGBA_8888
04-11 03:13:41.125   354   354 E qdoverlay: src_rect mdp_rect x=0 y=0 w=1080 h=1920
04-11 03:13:41.125   354   354 E qdoverlay: dst_rect mdp_rect x=0 y=0 w=720 h=1280
04-11 03:13:41.135  7500  7517 I native-activity: Swap 288 time is 16.071ms
04-11 03:13:41.135  7500  7517 I native-activity: Animating
04-11 03:13:41.145  7500  7517 I native-activity: Frame 289 GL error is 0x0
04-11 03:13:41.145  7500  7517 I native-activity: Frame 289 time is 9.047ms
04-11 03:13:41.145   354   354 E qdoverlay: Bad ov dump:  mdp_overlay z=0 fg=0 alpha=255 mask=-1 flags=0x40000 id=8
04-11 03:13:41.145   354   354 E qdoverlay: src msmfb_img w=1088 h=1920 format=13 MDP_RGBA_8888
04-11 03:13:41.145   354   354 E qdoverlay: src_rect mdp_rect x=0 y=0 w=1080 h=1920
04-11 03:13:41.145   354   354 E qdoverlay: dst_rect mdp_rect x=0 y=0 w=720 h=1280
04-11 03:13:41.145  7500  7517 I native-activity: Swap 289 time is 16.192ms
04-11 03:13:41.145  7500  7517 I native-activity: Animating
04-11 03:13:41.155  7500  7517 I native-activity: Frame 290 GL error is 0x0
04-11 03:13:41.155  7500  7517 I native-activity: Frame 290 time is 8.112ms
04-11 03:13:41.165   354   354 E qdoverlay: Bad ov dump:  mdp_overlay z=0 fg=0 alpha=255 mask=-1 flags=0x40000 id=8
04-11 03:13:41.165   354   354 E qdoverlay: src msmfb_img w=1088 h=1920 format=13 MDP_RGBA_8888
04-11 03:13:41.165   354   354 E qdoverlay: src_rect mdp_rect x=0 y=0 w=1080 h=1920
04-11 03:13:41.165   354   354 E qdoverlay: dst_rect mdp_rect x=0 y=0 w=720 h=1280
04-11 03:13:41.165  7500  7517 I native-activity: Swap 290 time is 16.376ms
04-11 03:13:41.165  7500  7517 I native-activity: Animating
04-11 03:13:41.175  7500  7517 I native-activity: Frame 291 GL error is 0x0
04-11 03:13:41.175  7500  7517 I native-activity: Frame 291 time is 9.406ms
04-11 03:13:41.175   354   354 E qdoverlay: Bad ov dump:  mdp_overlay z=0 fg=0 alpha=255 mask=-1 flags=0x40000 id=8
04-11 03:13:41.175   354   354 E qdoverlay: src msmfb_img w=1088 h=1920 format=13 MDP_RGBA_8888
04-11 03:13:41.175   354   354 E qdoverlay: src_rect mdp_rect x=0 y=0 w=1080 h=1920
04-11 03:13:41.175   354   354 E qdoverlay: dst_rect mdp_rect x=0 y=0 w=720 h=1280
04-11 03:13:41.175 26866 27784 D Ulp_jni : Location CB invoked
04-11 03:13:41.185  7500  7517 I native-activity: Swap 291 time is 16.079ms
04-11 03:13:41.185  7500  7517 I native-activity: Animating
04-11 03:13:41.195  7500  7517 I native-activity: Frame 292 GL error is 0x0
04-11 03:13:41.195  7500  7517 I native-activity: Frame 292 time is 8.620ms
04-11 03:13:41.195   354   354 E qdoverlay: Bad ov dump:  mdp_overlay z=0 fg=0 alpha=255 mask=-1 flags=0x40000 id=8
04-11 03:13:41.195   354   354 E qdoverlay: src msmfb_img w=1088 h=1920 format=13 MDP_RGBA_8888
04-11 03:13:41.195   354   354 E qdoverlay: src_rect mdp_rect x=0 y=0 w=1080 h=1920
04-11 03:13:41.195   354   354 E qdoverlay: dst_rect mdp_rect x=0 y=0 w=720 h=1280
04-11 03:13:41.195  7500  7517 I native-activity: Swap 292 time is 16.022ms
04-11 03:13:41.195  7500  7517 I native-activity: Animating
04-11 03:13:41.205   354   354 E qdoverlay: Bad ov dump:  mdp_overlay z=0 fg=0 alpha=255 mask=-1 flags=0x40000 id=8
04-11 03:13:41.205   354   354 E qdoverlay: src msmfb_img w=1088 h=1920 format=13 MDP_RGBA_8888
04-11 03:13:41.205   354   354 E qdoverlay: src_rect mdp_rect x=0 y=0 w=1080 h=1920
04-11 03:13:41.205   354   354 E qdoverlay: dst_rect mdp_rect x=0 y=0 w=720 h=1280
04-11 03:13:41.215  7500  7517 I native-activity: Frame 293 GL error is 0x0
04-11 03:13:41.215  7500  7517 I native-activity: Frame 293 time is 12.029ms
04-11 03:13:41.215  7500  7517 I native-activity: Swap 293 time is 16.106ms
04-11 03:13:41.215  7500  7517 I native-activity: Animating
04-11 03:13:41.225  7500  7517 I native-activity: Frame 294 GL error is 0x0
04-11 03:13:41.225  7500  7517 I native-activity: Frame 294 time is 8.609ms
04-11 03:13:41.225   354   354 E qdoverlay: Bad ov dump:  mdp_overlay z=0 fg=0 alpha=255 mask=-1 flags=0x40000 id=8
04-11 03:13:41.225   354   354 E qdoverlay: src msmfb_img w=1088 h=1920 format=13 MDP_RGBA_8888
04-11 03:13:41.225   354   354 E qdoverlay: src_rect mdp_rect x=0 y=0 w=1080 h=1920
04-11 03:13:41.225   354   354 E qdoverlay: dst_rect mdp_rect x=0 y=0 w=720 h=1280
04-11 03:13:41.235  7500  7517 I native-activity: Swap 294 time is 16.000ms
04-11 03:13:41.235  7500  7517 I native-activity: Animating
04-11 03:13:41.245   354   354 E qdoverlay: Bad ov dump:  mdp_overlay z=0 fg=0 alpha=255 mask=-1 flags=0x40000 id=8
04-11 03:13:41.245   354   354 E qdoverlay: src msmfb_img w=1088 h=1920 format=13 MDP_RGBA_8888
04-11 03:13:41.245   354   354 E qdoverlay: src_rect mdp_rect x=0 y=0 w=1080 h=1920
04-11 03:13:41.245   354   354 E qdoverlay: dst_rect mdp_rect x=0 y=0 w=720 h=1280
04-11 03:13:41.245  7500  7517 I native-activity: Frame 295 GL error is 0x0
04-11 03:13:41.245  7500  7517 I native-activity: Frame 295 time is 12.215ms
04-11 03:13:41.245  7500  7517 I native-activity: Swap 295 time is 16.083ms
04-11 03:13:41.245  7500  7517 I native-activity: Animating
04-11 03:13:41.255  7500  7517 I native-activity: Frame 296 GL error is 0x0
04-11 03:13:41.255  7500  7517 I native-activity: Frame 296 time is 8.433ms
04-11 03:13:41.255   354   354 E qdoverlay: Bad ov dump:  mdp_overlay z=0 fg=0 alpha=255 mask=-1 flags=0x40000 id=8
04-11 03:13:41.255   354   354 E qdoverlay: src msmfb_img w=1088 h=1920 format=13 MDP_RGBA_8888
04-11 03:13:41.255   354   354 E qdoverlay: src_rect mdp_rect x=0 y=0 w=1080 h=1920
04-11 03:13:41.255   354   354 E qdoverlay: dst_rect mdp_rect x=0 y=0 w=720 h=1280
04-11 03:13:41.265  7500  7517 I native-activity: Swap 296 time is 16.287ms
04-11 03:13:41.265  7500  7517 I native-activity: Animating
04-11 03:13:41.275  7500  7517 I native-activity: Frame 297 GL error is 0x0
04-11 03:13:41.275  7500  7517 I native-activity: Frame 297 time is 9.954ms
04-11 03:13:41.275   354   354 E qdoverlay: Bad ov dump:  mdp_overlay z=0 fg=0 alpha=255 mask=-1 flags=0x40000 id=8
04-11 03:13:41.275   354   354 E qdoverlay: src msmfb_img w=1088 h=1920 format=13 MDP_RGBA_8888
04-11 03:13:41.275   354   354 E qdoverlay: src_rect mdp_rect x=0 y=0 w=1080 h=1920
04-11 03:13:41.275   354   354 E qdoverlay: dst_rect mdp_rect x=0 y=0 w=720 h=1280
04-11 03:13:41.285  7500  7517 I native-activity: Swap 297 time is 15.922ms
04-11 03:13:41.285  7500  7517 I native-activity: Animating
04-11 03:13:41.295  7500  7517 I native-activity: Frame 298 GL error is 0x0
04-11 03:13:41.295  7500  7517 I native-activity: Frame 298 time is 8.961ms
04-11 03:13:41.295   354   354 E qdoverlay: Bad ov dump:  mdp_overlay z=0 fg=0 alpha=255 mask=-1 flags=0x40000 id=8
04-11 03:13:41.295   354   354 E qdoverlay: src msmfb_img w=1088 h=1920 format=13 MDP_RGBA_8888
04-11 03:13:41.295   354   354 E qdoverlay: src_rect mdp_rect x=0 y=0 w=1080 h=1920
04-11 03:13:41.295   354   354 E qdoverlay: dst_rect mdp_rect x=0 y=0 w=720 h=1280
04-11 03:13:41.295  7500  7517 I native-activity: Swap 298 time is 16.220ms
04-11 03:13:41.295  7500  7517 I native-activity: Animating
04-11 03:13:41.315   354   354 E qdoverlay: Bad ov dump:  mdp_overlay z=0 fg=0 alpha=255 mask=-1 flags=0x40000 id=8
04-11 03:13:41.315   354   354 E qdoverlay: src msmfb_img w=1088 h=1920 format=13 MDP_RGBA_8888
04-11 03:13:41.315   354   354 E qdoverlay: src_rect mdp_rect x=0 y=0 w=1080 h=1920
04-11 03:13:41.315   354   354 E qdoverlay: dst_rect mdp_rect x=0 y=0 w=720 h=1280
04-11 03:13:41.315  7500  7517 I native-activity: Frame 299 GL error is 0x0
04-11 03:13:41.315  7500  7517 I native-activity: Frame 299 time is 16.152ms
04-11 03:13:41.315  7500  7517 I native-activity: Swap 299 time is 17.431ms
04-11 03:13:41.315  7500  7517 I native-activity: Animating
04-11 03:13:41.325  7500  7517 I native-activity: Frame 300 GL error is 0x0
04-11 03:13:41.325  7500  7517 I native-activity: Frame 300 time is 8.342ms
04-11 03:13:41.325   354   354 E qdoverlay: Bad ov dump:  mdp_overlay z=0 fg=0 alpha=255 mask=-1 flags=0x40000 id=8
04-11 03:13:41.325   354   354 E qdoverlay: src msmfb_img w=1088 h=1920 format=13 MDP_RGBA_8888
04-11 03:13:41.325   354   354 E qdoverlay: src_rect mdp_rect x=0 y=0 w=1080 h=1920
04-11 03:13:41.325   354   354 E qdoverlay: dst_rect mdp_rect x=0 y=0 w=720 h=1280
04-11 03:13:41.335  7500  7517 I native-activity: Swap 300 time is 14.860ms
04-11 03:13:41.335  7500  7517 I native-activity: Animating
04-11 03:13:41.345   354   354 E qdoverlay: Bad ov dump:  mdp_overlay z=0 fg=0 alpha=255 mask=-1 flags=0x40000 id=8
04-11 03:13:41.345   354   354 E qdoverlay: src msmfb_img w=1088 h=1920 format=13 MDP_RGBA_8888
04-11 03:13:41.345   354   354 E qdoverlay: src_rect mdp_rect x=0 y=0 w=1080 h=1920
04-11 03:13:41.345   354   354 E qdoverlay: dst_rect mdp_rect x=0 y=0 w=720 h=1280
04-11 03:13:41.345  7500  7517 I native-activity: Frame 301 GL error is 0x0
04-11 03:13:41.345  7500  7517 I native-activity: Frame 301 time is 11.202ms
04-11 03:13:41.345  7500  7517 I native-activity: Swap 301 time is 16.076ms
04-11 03:13:41.345  7500  7517 I native-activity: Animating
04-11 03:13:41.355  7500  7517 I native-activity: Frame 302 GL error is 0x0
04-11 03:13:41.355  7500  7517 I native-activity: Frame 302 time is 8.337ms
04-11 03:13:41.355   354   354 E qdoverlay: Bad ov dump:  mdp_overlay z=0 fg=0 alpha=255 mask=-1 flags=0x40000 id=8
04-11 03:13:41.355   354   354 E qdoverlay: src msmfb_img w=1088 h=1920 format=13 MDP_RGBA_8888
04-11 03:13:41.355   354   354 E qdoverlay: src_rect mdp_rect x=0 y=0 w=1080 h=1920
04-11 03:13:41.355   354   354 E qdoverlay: dst_rect mdp_rect x=0 y=0 w=720 h=1280
04-11 03:13:41.365  7500  7517 I native-activity: Swap 302 time is 16.010ms
04-11 03:13:41.365  7500  7517 I native-activity: Animating
04-11 03:13:41.375  7500  7517 I native-activity: Frame 303 GL error is 0x0
04-11 03:13:41.375  7500  7517 I native-activity: Frame 303 time is 8.446ms
04-11 03:13:41.375   354   354 E qdoverlay: Bad ov dump:  mdp_overlay z=0 fg=0 alpha=255 mask=-1 flags=0x40000 id=8
04-11 03:13:41.375   354   354 E qdoverlay: src msmfb_img w=1088 h=1920 format=13 MDP_RGBA_8888
04-11 03:13:41.375   354   354 E qdoverlay: src_rect mdp_rect x=0 y=0 w=1080 h=1920
04-11 03:13:41.375   354   354 E qdoverlay: dst_rect mdp_rect x=0 y=0 w=720 h=1280
04-11 03:13:41.375  7500  7517 I native-activity: Swap 303 time is 16.239ms
04-11 03:13:41.385  7500  7517 I native-activity: Animating
04-11 03:13:41.385  7500  7517 I native-activity: Frame 304 GL error is 0x0
04-11 03:13:41.385  7500  7517 I native-activity: Frame 304 time is 4.634ms
04-11 03:13:41.395   354   354 E qdoverlay: Bad ov dump:  mdp_overlay z=0 fg=0 alpha=255 mask=-1 flags=0x40000 id=8
04-11 03:13:41.395   354   354 E qdoverlay: src msmfb_img w=1088 h=1920 format=13 MDP_RGBA_8888
04-11 03:13:41.395   354   354 E qdoverlay: src_rect mdp_rect x=0 y=0 w=1080 h=1920
04-11 03:13:41.395   354   354 E qdoverlay: dst_rect mdp_rect x=0 y=0 w=720 h=1280
04-11 03:13:41.395  7500  7517 I native-activity: Swap 304 time is 15.692ms
04-11 03:13:41.395  7500  7517 I native-activity: Animating
04-11 03:13:41.405  7500  7517 I native-activity: Frame 305 GL error is 0x0
04-11 03:13:41.405  7500  7517 I native-activity: Frame 305 time is 5.828ms
04-11 03:13:41.405   354   354 E qdoverlay: Bad ov dump:  mdp_overlay z=0 fg=0 alpha=255 mask=-1 flags=0x40000 id=8
04-11 03:13:41.405   354   354 E qdoverlay: src msmfb_img w=1088 h=1920 format=13 MDP_RGBA_8888
04-11 03:13:41.405   354   354 E qdoverlay: src_rect mdp_rect x=0 y=0 w=1080 h=1920
04-11 03:13:41.405   354   354 E qdoverlay: dst_rect mdp_rect x=0 y=0 w=720 h=1280
04-11 03:13:41.415  7500  7517 I native-activity: Swap 305 time is 16.387ms
04-11 03:13:41.415  7500  7517 I native-activity: Animating
04-11 03:13:41.425  7500  7517 I native-activity: Frame 306 GL error is 0x0
04-11 03:13:41.425  7500  7517 I native-activity: Frame 306 time is 9.545ms
04-11 03:13:41.425   354   354 E qdoverlay: Bad ov dump:  mdp_overlay z=0 fg=0 alpha=255 mask=-1 flags=0x40000 id=8
04-11 03:13:41.425   354   354 E qdoverlay: src msmfb_img w=1088 h=1920 format=13 MDP_RGBA_8888
04-11 03:13:41.425   354   354 E qdoverlay: src_rect mdp_rect x=0 y=0 w=1080 h=1920
04-11 03:13:41.425   354   354 E qdoverlay: dst_rect mdp_rect x=0 y=0 w=720 h=1280
04-11 03:13:41.425  7500  7517 I native-activity: Swap 306 time is 15.984ms
04-11 03:13:41.425  7500  7517 I native-activity: Animating
04-11 03:13:41.435  7500  7517 I native-activity: Frame 307 GL error is 0x0
04-11 03:13:41.435  7500  7517 I native-activity: Frame 307 time is 9.717ms
04-11 03:13:41.435   354   354 E qdoverlay: Bad ov dump:  mdp_overlay z=0 fg=0 alpha=255 mask=-1 flags=0x40000 id=8
04-11 03:13:41.435   354   354 E qdoverlay: src msmfb_img w=1088 h=1920 format=13 MDP_RGBA_8888
04-11 03:13:41.435   354   354 E qdoverlay: src_rect mdp_rect x=0 y=0 w=1080 h=1920
04-11 03:13:41.435   354   354 E qdoverlay: dst_rect mdp_rect x=0 y=0 w=720 h=1280
04-11 03:13:41.445  7500  7517 I native-activity: Swap 307 time is 16.247ms
04-11 03:13:41.445  7500  7517 I native-activity: Animating
04-11 03:13:41.455  7500  7517 I native-activity: Frame 308 GL error is 0x0
04-11 03:13:41.455  7500  7517 I native-activity: Frame 308 time is 4.716ms
04-11 03:13:41.455   354   354 E qdoverlay: Bad ov dump:  mdp_overlay z=0 fg=0 alpha=255 mask=-1 flags=0x40000 id=8
04-11 03:13:41.455   354   354 E qdoverlay: src msmfb_img w=1088 h=1920 format=13 MDP_RGBA_8888
04-11 03:13:41.455   354   354 E qdoverlay: src_rect mdp_rect x=0 y=0 w=1080 h=1920
04-11 03:13:41.455   354   354 E qdoverlay: dst_rect mdp_rect x=0 y=0 w=720 h=1280
04-11 03:13:41.465  7500  7517 I native-activity: Swap 308 time is 16.255ms
04-11 03:13:41.465  7500  7517 I native-activity: Animating
04-11 03:13:41.465  7500  7517 I native-activity: Frame 309 GL error is 0x0
04-11 03:13:41.465  7500  7517 I native-activity: Frame 309 time is 7.115ms
04-11 03:13:41.475   354   354 E qdoverlay: Bad ov dump:  mdp_overlay z=0 fg=0 alpha=255 mask=-1 flags=0x40000 id=8
04-11 03:13:41.475   354   354 E qdoverlay: src msmfb_img w=1088 h=1920 format=13 MDP_RGBA_8888
04-11 03:13:41.475   354   354 E qdoverlay: src_rect mdp_rect x=0 y=0 w=1080 h=1920
04-11 03:13:41.475   354   354 E qdoverlay: dst_rect mdp_rect x=0 y=0 w=720 h=1280
04-11 03:13:41.475  7500  7517 I native-activity: Swap 309 time is 16.401ms
04-11 03:13:41.475  7500  7517 I native-activity: Animating
04-11 03:13:41.485  7500  7517 I native-activity: Frame 310 GL error is 0x0
04-11 03:13:41.485  7500  7517 I native-activity: Frame 310 time is 6.281ms
04-11 03:13:41.485   354   354 E qdoverlay: Bad ov dump:  mdp_overlay z=0 fg=0 alpha=255 mask=-1 flags=0x40000 id=8
04-11 03:13:41.485   354   354 E qdoverlay: src msmfb_img w=1088 h=1920 format=13 MDP_RGBA_8888
04-11 03:13:41.485   354   354 E qdoverlay: src_rect mdp_rect x=0 y=0 w=1080 h=1920
04-11 03:13:41.485   354   354 E qdoverlay: dst_rect mdp_rect x=0 y=0 w=720 h=1280
04-11 03:13:41.495 26866 26922 D WifiStateMachine: RSSI dipped below -75 dB. Current RSSI: -87 dB
04-11 03:13:41.495  7500  7517 I native-activity: Swap 310 time is 16.288ms
04-11 03:13:41.495  7500  7517 I native-activity: Animating
04-11 03:13:41.505  7500  7517 W Adreno-ES20: <core_glGetActiveAttrib:534>: GL_INVALID_VALUE
04-11 03:13:41.505   354   354 E qdoverlay: Bad ov dump:  mdp_overlay z=0 fg=0 alpha=255 mask=-1 flags=0x40000 id=8
04-11 03:13:41.505   354   354 E qdoverlay: src msmfb_img w=1088 h=1920 format=13 MDP_RGBA_8888
04-11 03:13:41.505   354   354 E qdoverlay: src_rect mdp_rect x=0 y=0 w=1080 h=1920
04-11 03:13:41.505   354   354 E qdoverlay: dst_rect mdp_rect x=0 y=0 w=720 h=1280
04-11 03:13:41.525   354   354 E qdoverlay: Bad ov dump:  mdp_overlay z=0 fg=0 alpha=255 mask=-1 flags=0x40000 id=8
04-11 03:13:41.525   354   354 E qdoverlay: src msmfb_img w=1088 h=1920 format=13 MDP_RGBA_8888
04-11 03:13:41.525   354   354 E qdoverlay: src_rect mdp_rect x=0 y=0 w=1080 h=1920
04-11 03:13:41.525   354   354 E qdoverlay: dst_rect mdp_rect x=0 y=0 w=720 h=1280
04-11 03:13:41.535  7500  7517 I native-activity: Frame 311 GL error is 0x501
04-11 03:13:41.535  7500  7517 I native-activity: Frame 311 time is 38.608ms
04-11 03:13:41.535  7500  7517 I native-activity: Swap 311 time is 39.966ms
04-11 03:13:41.535  7500  7517 I native-activity: Animating
04-11 03:13:41.535   354   354 E qdoverlay: Bad ov dump:  mdp_overlay z=0 fg=0 alpha=255 mask=-1 flags=0x40000 id=8
04-11 03:13:41.535   354   354 E qdoverlay: src msmfb_img w=1088 h=1920 format=13 MDP_RGBA_8888
04-11 03:13:41.535   354   354 E qdoverlay: src_rect mdp_rect x=0 y=0 w=1080 h=1920
04-11 03:13:41.535   354   354 E qdoverlay: dst_rect mdp_rect x=0 y=0 w=720 h=1280
04-11 03:13:41.545  7500  7517 I native-activity: Frame 312 GL error is 0x0
04-11 03:13:41.545  7500  7517 I native-activity: Frame 312 time is 10.734ms
04-11 03:13:41.545  7500  7517 I native-activity: Swap 312 time is 11.763ms
04-11 03:13:41.545  7500  7517 I native-activity: Animating
04-11 03:13:41.555   354   354 E qdoverlay: Bad ov dump:  mdp_overlay z=0 fg=0 alpha=255 mask=-1 flags=0x40000 id=8
04-11 03:13:41.555   354   354 E qdoverlay: src msmfb_img w=1088 h=1920 format=13 MDP_RGBA_8888
04-11 03:13:41.555   354   354 E qdoverlay: src_rect mdp_rect x=0 y=0 w=1080 h=1920
04-11 03:13:41.555   354   354 E qdoverlay: dst_rect mdp_rect x=0 y=0 w=720 h=1280
04-11 03:13:41.555  7500  7517 I native-activity: Frame 313 GL error is 0x0
04-11 03:13:41.555  7500  7517 I native-activity: Frame 313 time is 9.705ms
04-11 03:13:41.555  7500  7517 I native-activity: Swap 313 time is 12.999ms
04-11 03:13:41.555  7500  7517 I native-activity: Animating
04-11 03:13:41.565  7500  7517 I native-activity: Frame 314 GL error is 0x0
04-11 03:13:41.565  7500  7517 I native-activity: Frame 314 time is 7.120ms
04-11 03:13:41.575   354   354 E qdoverlay: Bad ov dump:  mdp_overlay z=0 fg=0 alpha=255 mask=-1 flags=0x40000 id=8
04-11 03:13:41.575   354   354 E qdoverlay: src msmfb_img w=1088 h=1920 format=13 MDP_RGBA_8888
04-11 03:13:41.575   354   354 E qdoverlay: src_rect mdp_rect x=0 y=0 w=1080 h=1920
04-11 03:13:41.575   354   354 E qdoverlay: dst_rect mdp_rect x=0 y=0 w=720 h=1280
04-11 03:13:41.575  7500  7517 I native-activity: Swap 314 time is 13.431ms
04-11 03:13:41.575  7500  7517 I native-activity: Animating
04-11 03:13:41.585   354   354 E qdoverlay: Bad ov dump:  mdp_overlay z=0 fg=0 alpha=255 mask=-1 flags=0x40000 id=8
04-11 03:13:41.585   354   354 E qdoverlay: src msmfb_img w=1088 h=1920 format=13 MDP_RGBA_8888
04-11 03:13:41.585   354   354 E qdoverlay: src_rect mdp_rect x=0 y=0 w=1080 h=1920
04-11 03:13:41.585   354   354 E qdoverlay: dst_rect mdp_rect x=0 y=0 w=720 h=1280
04-11 03:13:41.585  7500  7517 W Adreno-ES20: <core_glGetActiveAttrib:534>: GL_INVALID_VALUE
04-11 03:13:41.595  7500  7517 I native-activity: Frame 315 GL error is 0x501
04-11 03:13:41.595  7500  7517 I native-activity: Frame 315 time is 19.587ms
04-11 03:13:41.595  7500  7517 I native-activity: Swap 315 time is 20.505ms
04-11 03:13:41.595  7500  7517 I native-activity: Animating
04-11 03:13:41.595  7500  7517 I native-activity: Frame 316 GL error is 0x0
04-11 03:13:41.595  7500  7517 I native-activity: Frame 316 time is 5.454ms
04-11 03:13:41.605  7500  7517 I native-activity: Swap 316 time is 9.324ms
04-11 03:13:41.605  7500  7517 I native-activity: Animating
04-11 03:13:41.605   354   354 E qdoverlay: Bad ov dump:  mdp_overlay z=0 fg=0 alpha=255 mask=-1 flags=0x40000 id=8
04-11 03:13:41.605   354   354 E qdoverlay: src msmfb_img w=1088 h=1920 format=13 MDP_RGBA_8888
04-11 03:13:41.605   354   354 E qdoverlay: src_rect mdp_rect x=0 y=0 w=1080 h=1920
04-11 03:13:41.605   354   354 E qdoverlay: dst_rect mdp_rect x=0 y=0 w=720 h=1280
04-11 03:13:41.605  7500  7517 I native-activity: Frame 317 GL error is 0x0
04-11 03:13:41.605  7500  7517 I native-activity: Frame 317 time is 6.112ms
04-11 03:13:41.615  7500  7517 I native-activity: Swap 317 time is 11.945ms
04-11 03:13:41.615  7500  7517 I native-activity: Animating
04-11 03:13:41.625   354   354 E qdoverlay: Bad ov dump:  mdp_overlay z=0 fg=0 alpha=255 mask=-1 flags=0x40000 id=8
04-11 03:13:41.625   354   354 E qdoverlay: src msmfb_img w=1088 h=1920 format=13 MDP_RGBA_8888
04-11 03:13:41.625   354   354 E qdoverlay: src_rect mdp_rect x=0 y=0 w=1080 h=1920
04-11 03:13:41.625   354   354 E qdoverlay: dst_rect mdp_rect x=0 y=0 w=720 h=1280
04-11 03:13:41.625  7500  7517 I native-activity: Frame 318 GL error is 0x0
04-11 03:13:41.625  7500  7517 I native-activity: Frame 318 time is 5.557ms
04-11 03:13:41.625  7500  7517 I native-activity: Swap 318 time is 11.872ms
04-11 03:13:41.625  7500  7517 I native-activity: Animating
04-11 03:13:41.635  7500  7517 I native-activity: Frame 319 GL error is 0x0
04-11 03:13:41.635  7500  7517 I native-activity: Frame 319 time is 6.409ms
04-11 03:13:41.635   354   354 E qdoverlay: Bad ov dump:  mdp_overlay z=0 fg=0 alpha=255 mask=-1 flags=0x40000 id=8
04-11 03:13:41.635   354   354 E qdoverlay: src msmfb_img w=1088 h=1920 format=13 MDP_RGBA_8888
04-11 03:13:41.635   354   354 E qdoverlay: src_rect mdp_rect x=0 y=0 w=1080 h=1920
04-11 03:13:41.635   354   354 E qdoverlay: dst_rect mdp_rect x=0 y=0 w=720 h=1280
04-11 03:13:41.645  7500  7517 I native-activity: Swap 319 time is 12.328ms
04-11 03:13:41.645  7500  7517 I native-activity: Animating
04-11 03:13:41.655  7500  7517 I native-activity: Frame 320 GL error is 0x0
04-11 03:13:41.655  7500  7517 I native-activity: Frame 320 time is 9.199ms
04-11 03:13:41.655   354   354 E qdoverlay: Bad ov dump:  mdp_overlay z=0 fg=0 alpha=255 mask=-1 flags=0x40000 id=8
04-11 03:13:41.655   354   354 E qdoverlay: src msmfb_img w=1088 h=1920 format=13 MDP_RGBA_8888
04-11 03:13:41.655   354   354 E qdoverlay: src_rect mdp_rect x=0 y=0 w=1080 h=1920
04-11 03:13:41.655   354   354 E qdoverlay: dst_rect mdp_rect x=0 y=0 w=720 h=1280
04-11 03:13:41.655  7500  7517 I native-activity: Swap 320 time is 15.593ms
04-11 03:13:41.655  7500  7517 I native-activity: Animating
04-11 03:13:41.665  7500  7517 I native-activity: Frame 321 GL error is 0x0
04-11 03:13:41.665  7500  7517 I native-activity: Frame 321 time is 5.437ms
04-11 03:13:41.675   354   354 E qdoverlay: Bad ov dump:  mdp_overlay z=0 fg=0 alpha=255 mask=-1 flags=0x40000 id=8
04-11 03:13:41.675   354   354 E qdoverlay: src msmfb_img w=1088 h=1920 format=13 MDP_RGBA_8888
04-11 03:13:41.675   354   354 E qdoverlay: src_rect mdp_rect x=0 y=0 w=1080 h=1920
04-11 03:13:41.675   354   354 E qdoverlay: dst_rect mdp_rect x=0 y=0 w=720 h=1280
04-11 03:13:41.675  7500  7517 I native-activity: Swap 321 time is 16.374ms
04-11 03:13:41.675  7500  7517 I native-activity: Animating
04-11 03:13:41.675  7500  7517 I native-activity: Frame 322 GL error is 0x0
04-11 03:13:41.675  7500  7517 I native-activity: Frame 322 time is 4.783ms
04-11 03:13:41.685   354   354 E qdoverlay: Bad ov dump:  mdp_overlay z=0 fg=0 alpha=255 mask=-1 flags=0x40000 id=8
04-11 03:13:41.685   354   354 E qdoverlay: src msmfb_img w=1088 h=1920 format=13 MDP_RGBA_8888
04-11 03:13:41.685   354   354 E qdoverlay: src_rect mdp_rect x=0 y=0 w=1080 h=1920
04-11 03:13:41.685   354   354 E qdoverlay: dst_rect mdp_rect x=0 y=0 w=720 h=1280
04-11 03:13:41.685  7500  7517 I native-activity: Swap 322 time is 16.224ms
04-11 03:13:41.685  7500  7517 I native-activity: Animating
04-11 03:13:41.695  7500  7517 I native-activity: Frame 323 GL error is 0x0
04-11 03:13:41.695  7500  7517 I native-activity: Frame 323 time is 5.044ms
04-11 03:13:41.705   354   354 E qdoverlay: Bad ov dump:  mdp_overlay z=0 fg=0 alpha=255 mask=-1 flags=0x40000 id=8
04-11 03:13:41.705   354   354 E qdoverlay: src msmfb_img w=1088 h=1920 format=13 MDP_RGBA_8888
04-11 03:13:41.705   354   354 E qdoverlay: src_rect mdp_rect x=0 y=0 w=1080 h=1920
04-11 03:13:41.705   354   354 E qdoverlay: dst_rect mdp_rect x=0 y=0 w=720 h=1280
04-11 03:13:41.705  7500  7517 I native-activity: Swap 323 time is 16.370ms
04-11 03:13:41.705  7500  7517 I native-activity: Animating
04-11 03:13:41.715  7500  7517 I native-activity: Frame 324 GL error is 0x0
04-11 03:13:41.715  7500  7517 I native-activity: Frame 324 time is 5.091ms
04-11 03:13:41.715   354   354 E qdoverlay: Bad ov dump:  mdp_overlay z=0 fg=0 alpha=255 mask=-1 flags=0x40000 id=8
04-11 03:13:41.715   354   354 E qdoverlay: src msmfb_img w=1088 h=1920 format=13 MDP_RGBA_8888
04-11 03:13:41.715   354   354 E qdoverlay: src_rect mdp_rect x=0 y=0 w=1080 h=1920
04-11 03:13:41.715   354   354 E qdoverlay: dst_rect mdp_rect x=0 y=0 w=720 h=1280
04-11 03:13:41.725  7500  7517 I native-activity: Swap 324 time is 16.466ms
