04-11 03:14:55.575   354   354 E qdoverlay: dst_rect mdp_rect x=0 y=0 w=720 h=1280
04-11 03:14:55.575  8217  8233 I native-activity: Animating
04-11 03:14:55.585  8217  8233 I native-activity: Frame 394 GL error is 0x0
04-11 03:14:55.585  8217  8233 I native-activity: Frame 394 time is 5.490ms
04-11 03:14:55.605  8217  8233 I native-activity: Swap 394 time is 32.568ms
04-11 03:14:55.605   354   354 E qdoverlay: Bad ov dump:  mdp_overlay z=0 fg=0 alpha=255 mask=-1 flags=0x40000 id=8
04-11 03:14:55.605   354   354 E qdoverlay: src msmfb_img w=2176 h=3840 format=13 MDP_RGBA_8888
04-11 03:14:55.605   354   354 E qdoverlay: src_rect mdp_rect x=0 y=0 w=2160 h=3840
04-11 03:14:55.605   354   354 E qdoverlay: dst_rect mdp_rect x=0 y=0 w=720 h=1280
04-11 03:14:55.605  8217  8233 I native-activity: Animating
04-11 03:14:55.615  8217  8233 I native-activity: Frame 395 GL error is 0x0
04-11 03:14:55.615  8217  8233 I native-activity: Frame 395 time is 5.635ms
04-11 03:14:55.645  8217  8233 I native-activity: Swap 395 time is 32.519ms
04-11 03:14:55.645   354   354 E qdoverlay: Bad ov dump:  mdp_overlay z=0 fg=0 alpha=255 mask=-1 flags=0x40000 id=8
04-11 03:14:55.645   354   354 E qdoverlay: src msmfb_img w=2176 h=3840 format=13 MDP_RGBA_8888
04-11 03:14:55.645   354   354 E qdoverlay: src_rect mdp_rect x=0 y=0 w=2160 h=3840
04-11 03:14:55.645   354   354 E qdoverlay: dst_rect mdp_rect x=0 y=0 w=720 h=1280
04-11 03:14:55.645  8217  8233 I native-activity: Animating
04-11 03:14:55.645  8217  8233 I native-activity: Frame 396 GL error is 0x0
04-11 03:14:55.645  8217  8233 I native-activity: Frame 396 time is 5.679ms
04-11 03:14:55.675   354   354 E qdoverlay: Bad ov dump:  mdp_overlay z=0 fg=0 alpha=255 mask=-1 flags=0x40000 id=8
04-11 03:14:55.675   354   354 E qdoverlay: src msmfb_img w=2176 h=3840 format=13 MDP_RGBA_8888
04-11 03:14:55.675   354   354 E qdoverlay: src_rect mdp_rect x=0 y=0 w=2160 h=3840
04-11 03:14:55.675   354   354 E qdoverlay: dst_rect mdp_rect x=0 y=0 w=720 h=1280
04-11 03:14:55.675  8217  8233 I native-activity: Swap 396 time is 33.704ms
04-11 03:14:55.675  8217  8233 I native-activity: Animating
04-11 03:14:55.685  8217  8233 I native-activity: Frame 397 GL error is 0x0
04-11 03:14:55.685  8217  8233 I native-activity: Frame 397 time is 5.930ms
04-11 03:14:55.705   354   354 E qdoverlay: Bad ov dump:  mdp_overlay z=0 fg=0 alpha=255 mask=-1 flags=0x40000 id=8
04-11 03:14:55.705   354   354 E qdoverlay: src msmfb_img w=2176 h=3840 format=13 MDP_RGBA_8888
04-11 03:14:55.705   354   354 E qdoverlay: src_rect mdp_rect x=0 y=0 w=2160 h=3840
04-11 03:14:55.705   354   354 E qdoverlay: dst_rect mdp_rect x=0 y=0 w=720 h=1280
04-11 03:14:55.705  8217  8233 I native-activity: Swap 397 time is 32.650ms
04-11 03:14:55.705  8217  8233 I native-activity: Animating
04-11 03:14:55.715  8217  8233 I native-activity: Frame 398 GL error is 0x0
04-11 03:14:55.715  8217  8233 I native-activity: Frame 398 time is 5.202ms
04-11 03:14:55.745   354   354 E qdoverlay: Bad ov dump:  mdp_overlay z=0 fg=0 alpha=255 mask=-1 flags=0x40000 id=8
04-11 03:14:55.745   354   354 E qdoverlay: src msmfb_img w=2176 h=3840 format=13 MDP_RGBA_8888
04-11 03:14:55.745   354   354 E qdoverlay: src_rect mdp_rect x=0 y=0 w=2160 h=3840
04-11 03:14:55.745   354   354 E qdoverlay: dst_rect mdp_rect x=0 y=0 w=720 h=1280
04-11 03:14:55.745  8217  8233 I native-activity: Swap 398 time is 32.946ms
04-11 03:14:55.745  8217  8233 I native-activity: Animating
04-11 03:14:55.745  8217  8233 I native-activity: Frame 399 GL error is 0x0
04-11 03:14:55.745  8217  8233 I native-activity: Frame 399 time is 5.449ms
04-11 03:14:55.775   354   354 E qdoverlay: Bad ov dump:  mdp_overlay z=0 fg=0 alpha=255 mask=-1 flags=0x40000 id=8
04-11 03:14:55.775   354   354 E qdoverlay: src msmfb_img w=2176 h=3840 format=13 MDP_RGBA_8888
04-11 03:14:55.775   354   354 E qdoverlay: src_rect mdp_rect x=0 y=0 w=2160 h=3840
04-11 03:14:55.775   354   354 E qdoverlay: dst_rect mdp_rect x=0 y=0 w=720 h=1280
04-11 03:14:55.775  8217  8233 I native-activity: Swap 399 time is 33.336ms
04-11 03:14:55.775  8217  8233 I native-activity: Animating
04-11 03:14:55.785  8217  8233 I native-activity: Frame 400 GL error is 0x0
04-11 03:14:55.785  8217  8233 I native-activity: Frame 400 time is 6.433ms
04-11 03:14:55.805   354   354 E qdoverlay: Bad ov dump:  mdp_overlay z=0 fg=0 alpha=255 mask=-1 flags=0x40000 id=8
04-11 03:14:55.805   354   354 E qdoverlay: src msmfb_img w=2176 h=3840 format=13 MDP_RGBA_8888
04-11 03:14:55.805   354   354 E qdoverlay: src_rect mdp_rect x=0 y=0 w=2160 h=3840
04-11 03:14:55.805   354   354 E qdoverlay: dst_rect mdp_rect x=0 y=0 w=720 h=1280
04-11 03:14:55.805  8217  8233 I native-activity: Swap 400 time is 33.205ms
04-11 03:14:55.805  8217  8233 I native-activity: Animating
04-11 03:14:55.815  8217  8233 I native-activity: Frame 401 GL error is 0x0
04-11 03:14:55.815  8217  8233 I native-activity: Frame 401 time is 6.801ms
04-11 03:14:55.845   354   354 E qdoverlay: Bad ov dump:  mdp_overlay z=0 fg=0 alpha=255 mask=-1 flags=0x40000 id=8
04-11 03:14:55.845   354   354 E qdoverlay: src msmfb_img w=2176 h=3840 format=13 MDP_RGBA_8888
04-11 03:14:55.845   354   354 E qdoverlay: src_rect mdp_rect x=0 y=0 w=2160 h=3840
04-11 03:14:55.845   354   354 E qdoverlay: dst_rect mdp_rect x=0 y=0 w=720 h=1280
04-11 03:14:55.845  8217  8233 I native-activity: Swap 401 time is 33.734ms
04-11 03:14:55.845  8217  8233 I native-activity: Animating
04-11 03:14:55.845  8217  8233 I native-activity: Frame 402 GL error is 0x0
04-11 03:14:55.845  8217  8233 I native-activity: Frame 402 time is 6.253ms
04-11 03:14:55.875   354   354 E qdoverlay: Bad ov dump:  mdp_overlay z=0 fg=0 alpha=255 mask=-1 flags=0x40000 id=8
04-11 03:14:55.875   354   354 E qdoverlay: src msmfb_img w=2176 h=3840 format=13 MDP_RGBA_8888
04-11 03:14:55.875   354   354 E qdoverlay: src_rect mdp_rect x=0 y=0 w=2160 h=3840
04-11 03:14:55.875   354   354 E qdoverlay: dst_rect mdp_rect x=0 y=0 w=720 h=1280
04-11 03:14:55.875  8217  8233 I native-activity: Swap 402 time is 32.390ms
04-11 03:14:55.875  8217  8233 I native-activity: Animating
04-11 03:14:55.885  8217  8233 I native-activity: Frame 403 GL error is 0x0
04-11 03:14:55.885  8217  8233 I native-activity: Frame 403 time is 8.261ms
04-11 03:14:55.905   354   354 E qdoverlay: Bad ov dump:  mdp_overlay z=0 fg=0 alpha=255 mask=-1 flags=0x40000 id=8
04-11 03:14:55.905   354   354 E qdoverlay: src msmfb_img w=2176 h=3840 format=13 MDP_RGBA_8888
04-11 03:14:55.905   354   354 E qdoverlay: src_rect mdp_rect x=0 y=0 w=2160 h=3840
04-11 03:14:55.905   354   354 E qdoverlay: dst_rect mdp_rect x=0 y=0 w=720 h=1280
04-11 03:14:55.905  8217  8233 I native-activity: Swap 403 time is 33.324ms
04-11 03:14:55.905  8217  8233 I native-activity: Animating
04-11 03:14:55.915  8217  8233 I native-activity: Frame 404 GL error is 0x0
04-11 03:14:55.915  8217  8233 I native-activity: Frame 404 time is 6.359ms
04-11 03:14:55.945   354   354 E qdoverlay: Bad ov dump:  mdp_overlay z=0 fg=0 alpha=255 mask=-1 flags=0x40000 id=8
04-11 03:14:55.945   354   354 E qdoverlay: src msmfb_img w=2176 h=3840 format=13 MDP_RGBA_8888
04-11 03:14:55.945  8217  8233 I native-activity: Swap 404 time is 32.979ms
04-11 03:14:55.945  8217  8233 I native-activity: Animating
04-11 03:14:55.945   354   354 E qdoverlay: src_rect mdp_rect x=0 y=0 w=2160 h=3840
04-11 03:14:55.945   354   354 E qdoverlay: dst_rect mdp_rect x=0 y=0 w=720 h=1280
04-11 03:14:55.945  8217  8233 I native-activity: Frame 405 GL error is 0x0
04-11 03:14:55.945  8217  8233 I native-activity: Frame 405 time is 6.768ms
04-11 03:14:55.975   354   354 E qdoverlay: Bad ov dump:  mdp_overlay z=0 fg=0 alpha=255 mask=-1 flags=0x40000 id=8
04-11 03:14:55.975   354   354 E qdoverlay: src msmfb_img w=2176 h=3840 format=13 MDP_RGBA_8888
04-11 03:14:55.975   354   354 E qdoverlay: src_rect mdp_rect x=0 y=0 w=2160 h=3840
04-11 03:14:55.975   354   354 E qdoverlay: dst_rect mdp_rect x=0 y=0 w=720 h=1280
04-11 03:14:55.975  8217  8233 I native-activity: Swap 405 time is 33.249ms
04-11 03:14:55.975  8217  8233 I native-activity: Animating
04-11 03:14:55.985  8217  8233 I native-activity: Frame 406 GL error is 0x0
04-11 03:14:55.985  8217  8233 I native-activity: Frame 406 time is 6.355ms
04-11 03:14:56.005   354   354 E qdoverlay: Bad ov dump:  mdp_overlay z=0 fg=0 alpha=255 mask=-1 flags=0x40000 id=8
04-11 03:14:56.005   354   354 E qdoverlay: src msmfb_img w=2176 h=3840 format=13 MDP_RGBA_8888
04-11 03:14:56.005   354   354 E qdoverlay: src_rect mdp_rect x=0 y=0 w=2160 h=3840
04-11 03:14:56.005   354   354 E qdoverlay: dst_rect mdp_rect x=0 y=0 w=720 h=1280
04-11 03:14:56.005  8217  8233 I native-activity: Swap 406 time is 33.437ms
04-11 03:14:56.005  8217  8233 I native-activity: Animating
04-11 03:14:56.015  8217  8233 I native-activity: Frame 407 GL error is 0x0
04-11 03:14:56.015  8217  8233 I native-activity: Frame 407 time is 5.726ms
04-11 03:14:56.045   354   354 E qdoverlay: Bad ov dump:  mdp_overlay z=0 fg=0 alpha=255 mask=-1 flags=0x40000 id=8
04-11 03:14:56.045   354   354 E qdoverlay: src msmfb_img w=2176 h=3840 format=13 MDP_RGBA_8888
04-11 03:14:56.045   354   354 E qdoverlay: src_rect mdp_rect x=0 y=0 w=2160 h=3840
04-11 03:14:56.045   354   354 E qdoverlay: dst_rect mdp_rect x=0 y=0 w=720 h=1280
04-11 03:14:56.045  8217  8233 I native-activity: Swap 407 time is 32.890ms
04-11 03:14:56.045  8217  8233 I native-activity: Animating
04-11 03:14:56.045  8217  8233 I native-activity: Frame 408 GL error is 0x0
04-11 03:14:56.045  8217  8233 I native-activity: Frame 408 time is 6.388ms
04-11 03:14:56.075   354   354 E qdoverlay: Bad ov dump:  mdp_overlay z=0 fg=0 alpha=255 mask=-1 flags=0x40000 id=8
04-11 03:14:56.075   354   354 E qdoverlay: src msmfb_img w=2176 h=3840 format=13 MDP_RGBA_8888
04-11 03:14:56.075   354   354 E qdoverlay: src_rect mdp_rect x=0 y=0 w=2160 h=3840
04-11 03:14:56.075   354   354 E qdoverlay: dst_rect mdp_rect x=0 y=0 w=720 h=1280
04-11 03:14:56.075  8217  8233 I native-activity: Swap 408 time is 33.320ms
04-11 03:14:56.075  8217  8233 I native-activity: Animating
04-11 03:14:56.085  8217  8233 I native-activity: Frame 409 GL error is 0x0
04-11 03:14:56.085  8217  8233 I native-activity: Frame 409 time is 8.234ms
04-11 03:14:56.105   354   354 E qdoverlay: Bad ov dump:  mdp_overlay z=0 fg=0 alpha=255 mask=-1 flags=0x40000 id=8
04-11 03:14:56.105   354   354 E qdoverlay: src msmfb_img w=2176 h=3840 format=13 MDP_RGBA_8888
04-11 03:14:56.105  8217  8233 I native-activity: Swap 409 time is 33.088ms
04-11 03:14:56.105   354   354 E qdoverlay: src_rect mdp_rect x=0 y=0 w=2160 h=3840
04-11 03:14:56.105   354   354 E qdoverlay: dst_rect mdp_rect x=0 y=0 w=720 h=1280
04-11 03:14:56.105  8217  8233 I native-activity: Animating
04-11 03:14:56.115  8217  8233 I native-activity: Frame 410 GL error is 0x0
04-11 03:14:56.115  8217  8233 I native-activity: Frame 410 time is 6.030ms
04-11 03:14:56.145   354   354 E qdoverlay: Bad ov dump:  mdp_overlay z=0 fg=0 alpha=255 mask=-1 flags=0x40000 id=8
04-11 03:14:56.145   354   354 E qdoverlay: src msmfb_img w=2176 h=3840 format=13 MDP_RGBA_8888
04-11 03:14:56.145  8217  8233 I native-activity: Swap 410 time is 33.053ms
04-11 03:14:56.145  8217  8233 I native-activity: Animating
04-11 03:14:56.145   354   354 E qdoverlay: src_rect mdp_rect x=0 y=0 w=2160 h=3840
04-11 03:14:56.145   354   354 E qdoverlay: dst_rect mdp_rect x=0 y=0 w=720 h=1280
04-11 03:14:56.145  8217  8233 I native-activity: Frame 411 GL error is 0x0
04-11 03:14:56.145  8217  8233 I native-activity: Frame 411 time is 6.698ms
04-11 03:14:56.175   354   354 E qdoverlay: Bad ov dump:  mdp_overlay z=0 fg=0 alpha=255 mask=-1 flags=0x40000 id=8
04-11 03:14:56.175   354   354 E qdoverlay: src msmfb_img w=2176 h=3840 format=13 MDP_RGBA_8888
04-11 03:14:56.175   354   354 E qdoverlay: src_rect mdp_rect x=0 y=0 w=2160 h=3840
04-11 03:14:56.175   354   354 E qdoverlay: dst_rect mdp_rect x=0 y=0 w=720 h=1280
04-11 03:14:56.175  8217  8233 I native-activity: Swap 411 time is 33.791ms
04-11 03:14:56.175  8217  8233 I native-activity: Animating
04-11 03:14:56.185  8217  8233 I native-activity: Frame 412 GL error is 0x0
04-11 03:14:56.185  8217  8233 I native-activity: Frame 412 time is 5.290ms
04-11 03:14:56.205   354   354 E qdoverlay: Bad ov dump:  mdp_overlay z=0 fg=0 alpha=255 mask=-1 flags=0x40000 id=8
04-11 03:14:56.205  8217  8233 I native-activity: Swap 412 time is 32.619ms
04-11 03:14:56.215   354   354 E qdoverlay: src msmfb_img w=2176 h=3840 format=13 MDP_RGBA_8888
04-11 03:14:56.215   354   354 E qdoverlay: src_rect mdp_rect x=0 y=0 w=2160 h=3840
04-11 03:14:56.215   354   354 E qdoverlay: dst_rect mdp_rect x=0 y=0 w=720 h=1280
04-11 03:14:56.215  8217  8233 I native-activity: Animating
04-11 03:14:56.265  8217  8233 W Adreno-ES20: <core_glDisableVertexAttribArray:165>: GL_INVALID_VALUE
04-11 03:14:56.275  8217  8233 I native-activity: Frame 413 GL error is 0x501
04-11 03:14:56.275  8217  8233 I native-activity: Frame 413 time is 64.819ms
04-11 03:14:56.275  8217  8233 I native-activity: Swap 413 time is 66.409ms
04-11 03:14:56.275  8217  8233 I native-activity: Animating
04-11 03:14:56.295   354   354 E qdoverlay: Bad ov dump:  mdp_overlay z=0 fg=0 alpha=255 mask=-1 flags=0x40000 id=8
04-11 03:14:56.295   354   354 E qdoverlay: src msmfb_img w=2176 h=3840 format=13 MDP_RGBA_8888
04-11 03:14:56.295   354   354 E qdoverlay: src_rect mdp_rect x=0 y=0 w=2160 h=3840
04-11 03:14:56.295   354   354 E qdoverlay: dst_rect mdp_rect x=0 y=0 w=720 h=1280
04-11 03:14:56.355  8217  8233 I native-activity: Frame 414 GL error is 0x0
04-11 03:14:56.355  8217  8233 I native-activity: Frame 414 time is 75.222ms
04-11 03:14:56.355  8217  8233 I native-activity: Swap 414 time is 76.672ms
04-11 03:14:56.355  8217  8233 I native-activity: Animating
04-11 03:14:56.355   354   354 E qdoverlay: Bad ov dump:  mdp_overlay z=0 fg=0 alpha=255 mask=-1 flags=0x40000 id=8
04-11 03:14:56.355   354   354 E qdoverlay: src msmfb_img w=2176 h=3840 format=13 MDP_RGBA_8888
04-11 03:14:56.355   354   354 E qdoverlay: src_rect mdp_rect x=0 y=0 w=2160 h=3840
04-11 03:14:56.355   354   354 E qdoverlay: dst_rect mdp_rect x=0 y=0 w=720 h=1280
04-11 03:14:56.365  8217  8233 I native-activity: Frame 415 GL error is 0x0
04-11 03:14:56.365  8217  8233 I native-activity: Frame 415 time is 8.409ms
04-11 03:14:56.385   354   354 E qdoverlay: Bad ov dump:  mdp_overlay z=0 fg=0 alpha=255 mask=-1 flags=0x40000 id=8
04-11 03:14:56.385   354   354 E qdoverlay: src msmfb_img w=2176 h=3840 format=13 MDP_RGBA_8888
04-11 03:14:56.385   354   354 E qdoverlay: src_rect mdp_rect x=0 y=0 w=2160 h=3840
04-11 03:14:56.385   354   354 E qdoverlay: dst_rect mdp_rect x=0 y=0 w=720 h=1280
04-11 03:14:56.385  8217  8233 I native-activity: Swap 415 time is 31.282ms
04-11 03:14:56.385  8217  8233 I native-activity: Animating
04-11 03:14:56.395  8217  8233 I native-activity: Frame 416 GL error is 0x0
04-11 03:14:56.395  8217  8233 I native-activity: Frame 416 time is 5.998ms
04-11 03:14:56.415   354   354 E qdoverlay: Bad ov dump:  mdp_overlay z=0 fg=0 alpha=255 mask=-1 flags=0x40000 id=8
04-11 03:14:56.415   354   354 E qdoverlay: src msmfb_img w=2176 h=3840 format=13 MDP_RGBA_8888
04-11 03:14:56.415   354   354 E qdoverlay: src_rect mdp_rect x=0 y=0 w=2160 h=3840
04-11 03:14:56.415   354   354 E qdoverlay: dst_rect mdp_rect x=0 y=0 w=720 h=1280
04-11 03:14:56.415  8217  8233 I native-activity: Swap 416 time is 31.426ms
04-11 03:14:56.415  8217  8233 I native-activity: Animating
04-11 03:14:56.425  8217  8233 I native-activity: Frame 417 GL error is 0x0
04-11 03:14:56.425  8217  8233 I native-activity: Frame 417 time is 6.660ms
04-11 03:14:56.445   354   354 E qdoverlay: Bad ov dump:  mdp_overlay z=0 fg=0 alpha=255 mask=-1 flags=0x40000 id=8
04-11 03:14:56.445  8217  8233 I native-activity: Swap 417 time is 29.768ms
04-11 03:14:56.445   354   354 E qdoverlay: src msmfb_img w=2176 h=3840 format=13 MDP_RGBA_8888
04-11 03:14:56.445   354   354 E qdoverlay: src_rect mdp_rect x=0 y=0 w=2160 h=3840
04-11 03:14:56.445   354   354 E qdoverlay: dst_rect mdp_rect x=0 y=0 w=720 h=1280
04-11 03:14:56.455  8217  8233 I native-activity: Animating
04-11 03:14:56.455  8217  8233 I native-activity: Frame 418 GL error is 0x0
04-11 03:14:56.455  8217  8233 I native-activity: Frame 418 time is 7.198ms
04-11 03:14:56.485   354   354 E qdoverlay: Bad ov dump:  mdp_overlay z=0 fg=0 alpha=255 mask=-1 flags=0x40000 id=8
04-11 03:14:56.485  8217  8233 I native-activity: Swap 418 time is 30.215ms
04-11 03:14:56.485   354   354 E qdoverlay: src msmfb_img w=2176 h=3840 format=13 MDP_RGBA_8888
04-11 03:14:56.485   354   354 E qdoverlay: src_rect mdp_rect x=0 y=0 w=2160 h=3840
04-11 03:14:56.485   354   354 E qdoverlay: dst_rect mdp_rect x=0 y=0 w=720 h=1280
04-11 03:14:56.485  8217  8233 I native-activity: Animating
04-11 03:14:56.485  8217  8233 I native-activity: Frame 419 GL error is 0x0
04-11 03:14:56.485  8217  8233 I native-activity: Frame 419 time is 4.985ms
04-11 03:14:56.515   354   354 E qdoverlay: Bad ov dump:  mdp_overlay z=0 fg=0 alpha=255 mask=-1 flags=0x40000 id=8
04-11 03:14:56.515  8217  8233 I native-activity: Swap 419 time is 29.969ms
04-11 03:14:56.515   354   354 E qdoverlay: src msmfb_img w=2176 h=3840 format=13 MDP_RGBA_8888
04-11 03:14:56.515   354   354 E qdoverlay: src_rect mdp_rect x=0 y=0 w=2160 h=3840
04-11 03:14:56.515   354   354 E qdoverlay: dst_rect mdp_rect x=0 y=0 w=720 h=1280
04-11 03:14:56.515  8217  8233 I native-activity: Animating
04-11 03:14:56.515  8217  8233 I native-activity: Frame 420 GL error is 0x0
04-11 03:14:56.525  8217  8233 I native-activity: Frame 420 time is 4.876ms
04-11 03:14:56.535   354   354 E qdoverlay: Bad ov dump:  mdp_overlay z=0 fg=0 alpha=255 mask=-1 flags=0x40000 id=8
04-11 03:14:56.535   354   354 E qdoverlay: src msmfb_img w=2176 h=3840 format=13 MDP_RGBA_8888
04-11 03:14:56.535   354   354 E qdoverlay: src_rect mdp_rect x=0 y=0 w=2160 h=3840
04-11 03:14:56.535   354   354 E qdoverlay: dst_rect mdp_rect x=0 y=0 w=720 h=1280
04-11 03:14:56.545  8217  8233 I native-activity: Swap 420 time is 25.118ms
04-11 03:14:56.545  8217  8233 I native-activity: Animating
04-11 03:14:56.545  8217  8233 I native-activity: Frame 421 GL error is 0x0
04-11 03:14:56.545  8217  8233 I native-activity: Frame 421 time is 5.603ms
04-11 03:14:56.575  8217  8233 I native-activity: Swap 421 time is 22.709ms
04-11 03:14:56.575  8217  8233 I native-activity: Animating
04-11 03:14:56.575   354   354 E qdoverlay: Bad ov dump:  mdp_overlay z=0 fg=0 alpha=255 mask=-1 flags=0x40000 id=8
04-11 03:14:56.575   354   354 E qdoverlay: src msmfb_img w=2176 h=3840 format=13 MDP_RGBA_8888
04-11 03:14:56.575   354   354 E qdoverlay: src_rect mdp_rect x=0 y=0 w=2160 h=3840
04-11 03:14:56.575   354   354 E qdoverlay: dst_rect mdp_rect x=0 y=0 w=720 h=1280
04-11 03:14:56.575  8217  8233 I native-activity: Frame 422 GL error is 0x0
04-11 03:14:56.575  8217  8233 I native-activity: Frame 422 time is 7.305ms
04-11 03:14:56.585  8217  8233 I native-activity: Swap 422 time is 25.826ms
04-11 03:14:56.585  8217  8233 I native-activity: Animating
04-11 03:14:56.585   354   354 E qdoverlay: Bad ov dump:  mdp_overlay z=0 fg=0 alpha=255 mask=-1 flags=0x40000 id=8
04-11 03:14:56.585   354   354 E qdoverlay: src msmfb_img w=2176 h=3840 format=13 MDP_RGBA_8888
04-11 03:14:56.585   354   354 E qdoverlay: src_rect mdp_rect x=0 y=0 w=2160 h=3840
04-11 03:14:56.585   354   354 E qdoverlay: dst_rect mdp_rect x=0 y=0 w=720 h=1280
04-11 03:14:56.595  8217  8233 I native-activity: Frame 423 GL error is 0x0
04-11 03:14:56.595  8217  8233 I native-activity: Frame 423 time is 7.753ms
04-11 03:14:56.615   354   354 E qdoverlay: Bad ov dump:  mdp_overlay z=0 fg=0 alpha=255 mask=-1 flags=0x40000 id=8
04-11 03:14:56.615   354   354 E qdoverlay: src msmfb_img w=2176 h=3840 format=13 MDP_RGBA_8888
04-11 03:14:56.615   354   354 E qdoverlay: src_rect mdp_rect x=0 y=0 w=2160 h=3840
04-11 03:14:56.615   354   354 E qdoverlay: dst_rect mdp_rect x=0 y=0 w=720 h=1280
04-11 03:14:56.615  8217  8233 I native-activity: Swap 423 time is 27.036ms
04-11 03:14:56.615  8217  8233 I native-activity: Animating
04-11 03:14:56.625  8217  8233 I native-activity: Frame 424 GL error is 0x0
04-11 03:14:56.625  8217  8233 I native-activity: Frame 424 time is 5.909ms
04-11 03:14:56.645  8217  8233 I native-activity: Swap 424 time is 28.105ms
04-11 03:14:56.645   354   354 E qdoverlay: Bad ov dump:  mdp_overlay z=0 fg=0 alpha=255 mask=-1 flags=0x40000 id=8
04-11 03:14:56.645   354   354 E qdoverlay: src msmfb_img w=2176 h=3840 format=13 MDP_RGBA_8888
04-11 03:14:56.645   354   354 E qdoverlay: src_rect mdp_rect x=0 y=0 w=2160 h=3840
04-11 03:14:56.645   354   354 E qdoverlay: dst_rect mdp_rect x=0 y=0 w=720 h=1280
04-11 03:14:56.645  8217  8233 I native-activity: Animating
04-11 03:14:56.655  8217  8233 I native-activity: Frame 425 GL error is 0x0
04-11 03:14:56.655  8217  8233 I native-activity: Frame 425 time is 5.533ms
04-11 03:14:56.675   354   354 E qdoverlay: Bad ov dump:  mdp_overlay z=0 fg=0 alpha=255 mask=-1 flags=0x40000 id=8
04-11 03:14:56.675   354   354 E qdoverlay: src msmfb_img w=2176 h=3840 format=13 MDP_RGBA_8888
04-11 03:14:56.675   354   354 E qdoverlay: src_rect mdp_rect x=0 y=0 w=2160 h=3840
04-11 03:14:56.675   354   354 E qdoverlay: dst_rect mdp_rect x=0 y=0 w=720 h=1280
04-11 03:14:56.675  8217  8233 I native-activity: Swap 425 time is 28.581ms
04-11 03:14:56.675  8217  8233 I native-activity: Animating
04-11 03:14:56.675  8217  8233 I native-activity: Frame 426 GL error is 0x0
04-11 03:14:56.675  8217  8233 I native-activity: Frame 426 time is 5.365ms
04-11 03:14:56.705  8217  8233 I native-activity: Swap 426 time is 28.179ms
04-11 03:14:56.705   354   354 E qdoverlay: Bad ov dump:  mdp_overlay z=0 fg=0 alpha=255 mask=-1 flags=0x40000 id=8
04-11 03:14:56.705   354   354 E qdoverlay: src msmfb_img w=2176 h=3840 format=13 MDP_RGBA_8888
04-11 03:14:56.705   354   354 E qdoverlay: src_rect mdp_rect x=0 y=0 w=2160 h=3840
04-11 03:14:56.705   354   354 E qdoverlay: dst_rect mdp_rect x=0 y=0 w=720 h=1280
04-11 03:14:56.705  8217  8233 I native-activity: Animating
04-11 03:14:56.705  8217  8233 I native-activity: Frame 427 GL error is 0x0
04-11 03:14:56.705  8217  8233 I native-activity: Frame 427 time is 5.499ms
04-11 03:14:56.735   354   354 E qdoverlay: Bad ov dump:  mdp_overlay z=0 fg=0 alpha=255 mask=-1 flags=0x40000 id=8
04-11 03:14:56.735   354   354 E qdoverlay: src msmfb_img w=2176 h=3840 format=13 MDP_RGBA_8888
04-11 03:14:56.735   354   354 E qdoverlay: src_rect mdp_rect x=0 y=0 w=2160 h=3840
04-11 03:14:56.735   354   354 E qdoverlay: dst_rect mdp_rect x=0 y=0 w=720 h=1280
04-11 03:14:56.735  8217  8233 I native-activity: Swap 427 time is 28.591ms
04-11 03:14:56.735  8217  8233 I native-activity: Animating
04-11 03:14:56.735  8217  8233 I native-activity: Frame 428 GL error is 0x0
04-11 03:14:56.735  8217  8233 I native-activity: Frame 428 time is 5.189ms
04-11 03:14:56.765   354   354 E qdoverlay: Bad ov dump:  mdp_overlay z=0 fg=0 alpha=255 mask=-1 flags=0x40000 id=8
04-11 03:14:56.765   354   354 E qdoverlay: src msmfb_img w=2176 h=3840 format=13 MDP_RGBA_8888
04-11 03:14:56.765   354   354 E qdoverlay: src_rect mdp_rect x=0 y=0 w=2160 h=3840
04-11 03:14:56.765   354   354 E qdoverlay: dst_rect mdp_rect x=0 y=0 w=720 h=1280
04-11 03:14:56.765  8217  8233 I native-activity: Swap 428 time is 28.576ms
04-11 03:14:56.765  8217  8233 I native-activity: Animating
04-11 03:14:56.765  8217  8233 I native-activity: Frame 429 GL error is 0x0
04-11 03:14:56.765  8217  8233 I native-activity: Frame 429 time is 4.837ms
04-11 03:14:56.785   354   354 E qdoverlay: Bad ov dump:  mdp_overlay z=0 fg=0 alpha=255 mask=-1 flags=0x40000 id=8
04-11 03:14:56.785   354   354 E qdoverlay: src msmfb_img w=2176 h=3840 format=13 MDP_RGBA_8888
04-11 03:14:56.785   354   354 E qdoverlay: src_rect mdp_rect x=0 y=0 w=2160 h=3840
04-11 03:14:56.785   354   354 E qdoverlay: dst_rect mdp_rect x=0 y=0 w=720 h=1280
04-11 03:14:56.785  8217  8233 I native-activity: Swap 429 time is 28.410ms
04-11 03:14:56.785  8217  8233 I native-activity: Animating
04-11 03:14:56.795  8217  8233 I native-activity: Frame 430 GL error is 0x0
04-11 03:14:56.795  8217  8233 I native-activity: Frame 430 time is 5.382ms
04-11 03:14:56.815  8217  8233 I native-activity: Swap 430 time is 28.236ms
04-11 03:14:56.815  8217  8233 I native-activity: Animating
04-11 03:14:56.815   354   354 E qdoverlay: Bad ov dump:  mdp_overlay z=0 fg=0 alpha=255 mask=-1 flags=0x40000 id=8
04-11 03:14:56.815   354   354 E qdoverlay: src msmfb_img w=2176 h=3840 format=13 MDP_RGBA_8888
04-11 03:14:56.815   354   354 E qdoverlay: src_rect mdp_rect x=0 y=0 w=2160 h=3840
04-11 03:14:56.815   354   354 E qdoverlay: dst_rect mdp_rect x=0 y=0 w=720 h=1280
04-11 03:14:56.825  8217  8233 I native-activity: Frame 431 GL error is 0x0
04-11 03:14:56.825  8217  8233 I native-activity: Frame 431 time is 5.325ms
04-11 03:14:56.845   354   354 E qdoverlay: Bad ov dump:  mdp_overlay z=0 fg=0 alpha=255 mask=-1 flags=0x40000 id=8
04-11 03:14:56.845   354   354 E qdoverlay: src msmfb_img w=2176 h=3840 format=13 MDP_RGBA_8888
04-11 03:14:56.845   354   354 E qdoverlay: src_rect mdp_rect x=0 y=0 w=2160 h=3840
04-11 03:14:56.845   354   354 E qdoverlay: dst_rect mdp_rect x=0 y=0 w=720 h=1280
04-11 03:14:56.845  8217  8233 I native-activity: Swap 431 time is 28.624ms
04-11 03:14:56.845  8217  8233 I native-activity: Animating
04-11 03:14:56.845 26866 26922 D WifiStateMachine: RSSI dipped below -75 dB. Current RSSI: -88 dB
04-11 03:14:56.855  8217  8233 I native-activity: Frame 432 GL error is 0x0
04-11 03:14:56.855  8217  8233 I native-activity: Frame 432 time is 5.719ms
04-11 03:14:56.875   354   354 E qdoverlay: Bad ov dump:  mdp_overlay z=0 fg=0 alpha=255 mask=-1 flags=0x40000 id=8
04-11 03:14:56.875   354   354 E qdoverlay: src msmfb_img w=2176 h=3840 format=13 MDP_RGBA_8888
04-11 03:14:56.875   354   354 E qdoverlay: src_rect mdp_rect x=0 y=0 w=2160 h=3840
04-11 03:14:56.875   354   354 E qdoverlay: dst_rect mdp_rect x=0 y=0 w=720 h=1280
04-11 03:14:56.875  8217  8233 I native-activity: Swap 432 time is 28.617ms
04-11 03:14:56.875  8217  8233 I native-activity: Animating
04-11 03:14:56.885  8217  8233 I native-activity: Frame 433 GL error is 0x0
04-11 03:14:56.885  8217  8233 I native-activity: Frame 433 time is 5.983ms
04-11 03:14:56.915   354   354 E qdoverlay: Bad ov dump:  mdp_overlay z=0 fg=0 alpha=255 mask=-1 flags=0x40000 id=8
04-11 03:14:56.915   354   354 E qdoverlay: src msmfb_img w=2176 h=3840 format=13 MDP_RGBA_8888
04-11 03:14:56.915   354   354 E qdoverlay: src_rect mdp_rect x=0 y=0 w=2160 h=3840
04-11 03:14:56.915   354   354 E qdoverlay: dst_rect mdp_rect x=0 y=0 w=720 h=1280
04-11 03:14:56.915  8217  8233 I native-activity: Swap 433 time is 28.340ms
04-11 03:14:56.915  8217  8233 I native-activity: Animating
04-11 03:14:56.915  8217  8233 I native-activity: Frame 434 GL error is 0x0
04-11 03:14:56.915  8217  8233 I native-activity: Frame 434 time is 5.577ms
04-11 03:14:56.935   354   354 E qdoverlay: Bad ov dump:  mdp_overlay z=0 fg=0 alpha=255 mask=-1 flags=0x40000 id=8
04-11 03:14:56.935   354   354 E qdoverlay: src msmfb_img w=2176 h=3840 format=13 MDP_RGBA_8888
04-11 03:14:56.935   354   354 E qdoverlay: src_rect mdp_rect x=0 y=0 w=2160 h=3840
04-11 03:14:56.935   354   354 E qdoverlay: dst_rect mdp_rect x=0 y=0 w=720 h=1280
04-11 03:14:56.935  8217  8233 I native-activity: Swap 434 time is 28.530ms
04-11 03:14:56.935  8217  8233 I native-activity: Animating
04-11 03:14:56.935  8217  8233 I native-activity: Frame 435 GL error is 0x0
04-11 03:14:56.935  8217  8233 I native-activity: Frame 435 time is 6.594ms
04-11 03:14:56.965   354   354 E qdoverlay: Bad ov dump:  mdp_overlay z=0 fg=0 alpha=255 mask=-1 flags=0x40000 id=8
04-11 03:14:56.965   354   354 E qdoverlay: src msmfb_img w=2176 h=3840 format=13 MDP_RGBA_8888
04-11 03:14:56.965   354   354 E qdoverlay: src_rect mdp_rect x=0 y=0 w=2160 h=3840
04-11 03:14:56.965   354   354 E qdoverlay: dst_rect mdp_rect x=0 y=0 w=720 h=1280
04-11 03:14:56.965  8217  8233 I native-activity: Swap 435 time is 29.122ms
04-11 03:14:56.965  8217  8233 I native-activity: Animating
04-11 03:14:56.965  8217  8233 I native-activity: Frame 436 GL error is 0x0
04-11 03:14:56.965  8217  8233 I native-activity: Frame 436 time is 6.645ms
04-11 03:14:56.985   354   354 E qdoverlay: Bad ov dump:  mdp_overlay z=0 fg=0 alpha=255 mask=-1 flags=0x40000 id=8
04-11 03:14:56.985   354   354 E qdoverlay: src msmfb_img w=2176 h=3840 format=13 MDP_RGBA_8888
04-11 03:14:56.995  8217  8233 I native-activity: Swap 436 time is 28.620ms
04-11 03:14:56.995   354   354 E qdoverlay: src_rect mdp_rect x=0 y=0 w=2160 h=3840
04-11 03:14:56.995   354   354 E qdoverlay: dst_rect mdp_rect x=0 y=0 w=720 h=1280
04-11 03:14:56.995  8217  8233 I native-activity: Animating
04-11 03:14:56.995  8217  8233 I native-activity: Frame 437 GL error is 0x0
04-11 03:14:56.995  8217  8233 I native-activity: Frame 437 time is 7.706ms
04-11 03:14:57.015   354   354 E qdoverlay: Bad ov dump:  mdp_overlay z=0 fg=0 alpha=255 mask=-1 flags=0x40000 id=8
04-11 03:14:57.015   354   354 E qdoverlay: src msmfb_img w=2176 h=3840 format=13 MDP_RGBA_8888
04-11 03:14:57.015   354   354 E qdoverlay: src_rect mdp_rect x=0 y=0 w=2160 h=3840
04-11 03:14:57.015   354   354 E qdoverlay: dst_rect mdp_rect x=0 y=0 w=720 h=1280
04-11 03:14:57.015  8217  8233 I native-activity: Swap 437 time is 28.611ms
04-11 03:14:57.025  8217  8233 I native-activity: Animating
04-11 03:14:57.035  8217  8233 I native-activity: Frame 438 GL error is 0x0
04-11 03:14:57.035  8217  8233 I native-activity: Frame 438 time is 8.462ms
04-11 03:14:57.045  8217  8233 I native-activity: Swap 438 time is 23.753ms
04-11 03:14:57.045  8217  8233 I native-activity: Animating
04-11 03:14:57.045   354   354 E qdoverlay: Bad ov dump:  mdp_overlay z=0 fg=0 alpha=255 mask=-1 flags=0x40000 id=8
04-11 03:14:57.045   354   354 E qdoverlay: src msmfb_img w=2176 h=3840 format=13 MDP_RGBA_8888
04-11 03:14:57.045   354   354 E qdoverlay: src_rect mdp_rect x=0 y=0 w=2160 h=3840
04-11 03:14:57.045   354   354 E qdoverlay: dst_rect mdp_rect x=0 y=0 w=720 h=1280
04-11 03:14:57.055  8217  8233 I native-activity: Frame 439 GL error is 0x0
04-11 03:14:57.055  8217  8233 I native-activity: Frame 439 time is 6.060ms
04-11 03:14:57.075   354   354 E qdoverlay: Bad ov dump:  mdp_overlay z=0 fg=0 alpha=255 mask=-1 flags=0x40000 id=8
04-11 03:14:57.075   354   354 E qdoverlay: src msmfb_img w=2176 h=3840 format=13 MDP_RGBA_8888
04-11 03:14:57.075   354   354 E qdoverlay: src_rect mdp_rect x=0 y=0 w=2160 h=3840
04-11 03:14:57.075   354   354 E qdoverlay: dst_rect mdp_rect x=0 y=0 w=720 h=1280
04-11 03:14:57.075  8217  8233 I native-activity: Swap 439 time is 25.431ms
04-11 03:14:57.075  8217  8233 I native-activity: Animating
04-11 03:14:57.075  8217  8233 I native-activity: Frame 440 GL error is 0x0
04-11 03:14:57.075  8217  8233 I native-activity: Frame 440 time is 6.412ms
04-11 03:14:57.095   354   354 E qdoverlay: Bad ov dump:  mdp_overlay z=0 fg=0 alpha=255 mask=-1 flags=0x40000 id=8
04-11 03:14:57.095   354   354 E qdoverlay: src msmfb_img w=2176 h=3840 format=13 MDP_RGBA_8888
04-11 03:14:57.095   354   354 E qdoverlay: src_rect mdp_rect x=0 y=0 w=2160 h=3840
04-11 03:14:57.095   354   354 E qdoverlay: dst_rect mdp_rect x=0 y=0 w=720 h=1280
04-11 03:14:57.095  8217  8233 I native-activity: Swap 440 time is 25.234ms
04-11 03:14:57.095  8217  8233 I native-activity: Animating
04-11 03:14:57.105  8217  8233 I native-activity: Frame 441 GL error is 0x0
04-11 03:14:57.105  8217  8233 I native-activity: Frame 441 time is 6.382ms
04-11 03:14:57.125   354   354 E qdoverlay: Bad ov dump:  mdp_overlay z=0 fg=0 alpha=255 mask=-1 flags=0x40000 id=8
04-11 03:14:57.125   354   354 E qdoverlay: src msmfb_img w=2176 h=3840 format=13 MDP_RGBA_8888
04-11 03:14:57.125   354   354 E qdoverlay: src_rect mdp_rect x=0 y=0 w=2160 h=3840
04-11 03:14:57.125   354   354 E qdoverlay: dst_rect mdp_rect x=0 y=0 w=720 h=1280
04-11 03:14:57.125  8217  8233 I native-activity: Swap 441 time is 31.168ms
04-11 03:14:57.125  8217  8233 I native-activity: Animating
04-11 03:14:57.135  8217  8233 I native-activity: Frame 442 GL error is 0x0
04-11 03:14:57.135  8217  8233 I native-activity: Frame 442 time is 8.392ms
04-11 03:14:57.155   354   354 E qdoverlay: Bad ov dump:  mdp_overlay z=0 fg=0 alpha=255 mask=-1 flags=0x40000 id=8
04-11 03:14:57.155   354   354 E qdoverlay: src msmfb_img w=2176 h=3840 format=13 MDP_RGBA_8888
04-11 03:14:57.155   354   354 E qdoverlay: src_rect mdp_rect x=0 y=0 w=2160 h=3840
04-11 03:14:57.155   354   354 E qdoverlay: dst_rect mdp_rect x=0 y=0 w=720 h=1280
04-11 03:14:57.155  8217  8233 I native-activity: Swap 442 time is 30.518ms
04-11 03:14:57.165  8217  8233 I native-activity: Animating
04-11 03:14:57.165  8217  8233 I native-activity: Frame 443 GL error is 0x0
04-11 03:14:57.165  8217  8233 I native-activity: Frame 443 time is 6.075ms
04-11 03:14:57.185   354   354 E qdoverlay: Bad ov dump:  mdp_overlay z=0 fg=0 alpha=255 mask=-1 flags=0x40000 id=8
04-11 03:14:57.185   354   354 E qdoverlay: src msmfb_img w=2176 h=3840 format=13 MDP_RGBA_8888
04-11 03:14:57.195   354   354 E qdoverlay: src_rect mdp_rect x=0 y=0 w=2160 h=3840
04-11 03:14:57.195   354   354 E qdoverlay: dst_rect mdp_rect x=0 y=0 w=720 h=1280
04-11 03:14:57.195  8217  8233 I native-activity: Swap 443 time is 30.277ms
04-11 03:14:57.195  8217  8233 I native-activity: Animating
04-11 03:14:57.195  8217  8233 I native-activity: Frame 444 GL error is 0x0
04-11 03:14:57.195  8217  8233 I native-activity: Frame 444 time is 9.031ms
04-11 03:14:57.225   354   354 E qdoverlay: Bad ov dump:  mdp_overlay z=0 fg=0 alpha=255 mask=-1 flags=0x40000 id=8
04-11 03:14:57.225   354   354 E qdoverlay: src msmfb_img w=2176 h=3840 format=13 MDP_RGBA_8888
04-11 03:14:57.225   354   354 E qdoverlay: src_rect mdp_rect x=0 y=0 w=2160 h=3840
04-11 03:14:57.225   354   354 E qdoverlay: dst_rect mdp_rect x=0 y=0 w=720 h=1280
04-11 03:14:57.225  8217  8233 I native-activity: Swap 444 time is 31.017ms
04-11 03:14:57.225  8217  8233 I native-activity: Animating
04-11 03:14:57.225  8217  8233 I native-activity: Frame 445 GL error is 0x0
04-11 03:14:57.225  8217  8233 I native-activity: Frame 445 time is 7.845ms
04-11 03:14:57.255   354   354 E qdoverlay: Bad ov dump:  mdp_overlay z=0 fg=0 alpha=255 mask=-1 flags=0x40000 id=8
04-11 03:14:57.255   354   354 E qdoverlay: src msmfb_img w=2176 h=3840 format=13 MDP_RGBA_8888
04-11 03:14:57.255   354   354 E qdoverlay: src_rect mdp_rect x=0 y=0 w=2160 h=3840
04-11 03:14:57.255   354   354 E qdoverlay: dst_rect mdp_rect x=0 y=0 w=720 h=1280
04-11 03:14:57.255  8217  8233 I native-activity: Swap 445 time is 30.671ms
04-11 03:14:57.255  8217  8233 I native-activity: Animating
04-11 03:14:57.255  8217  8233 I native-activity: Frame 446 GL error is 0x0
04-11 03:14:57.255  8217  8233 I native-activity: Frame 446 time is 6.840ms
04-11 03:14:57.285   354   354 E qdoverlay: Bad ov dump:  mdp_overlay z=0 fg=0 alpha=255 mask=-1 flags=0x40000 id=8
04-11 03:14:57.285   354   354 E qdoverlay: src msmfb_img w=2176 h=3840 format=13 MDP_RGBA_8888
04-11 03:14:57.285   354   354 E qdoverlay: src_rect mdp_rect x=0 y=0 w=2160 h=3840
04-11 03:14:57.285   354   354 E qdoverlay: dst_rect mdp_rect x=0 y=0 w=720 h=1280
04-11 03:14:57.285  8217  8233 I native-activity: Swap 446 time is 30.463ms
04-11 03:14:57.285  8217  8233 I native-activity: Animating
04-11 03:14:57.295  8217  8233 I native-activity: Frame 447 GL error is 0x0
04-11 03:14:57.295  8217  8233 I native-activity: Frame 447 time is 9.616ms
04-11 03:14:57.315   354   354 E qdoverlay: Bad ov dump:  mdp_overlay z=0 fg=0 alpha=255 mask=-1 flags=0x40000 id=8
04-11 03:14:57.315   354   354 E qdoverlay: src msmfb_img w=2176 h=3840 format=13 MDP_RGBA_8888
04-11 03:14:57.315   354   354 E qdoverlay: src_rect mdp_rect x=0 y=0 w=2160 h=3840
04-11 03:14:57.315   354   354 E qdoverlay: dst_rect mdp_rect x=0 y=0 w=720 h=1280
04-11 03:14:57.315  8217  8233 I native-activity: Swap 447 time is 30.818ms
04-11 03:14:57.315  8217  8233 I native-activity: Animating
04-11 03:14:57.325  8217  8233 I native-activity: Frame 448 GL error is 0x0
04-11 03:14:57.325  8217  8233 I native-activity: Frame 448 time is 9.465ms
04-11 03:14:57.345   354   354 E qdoverlay: Bad ov dump:  mdp_overlay z=0 fg=0 alpha=255 mask=-1 flags=0x40000 id=8
04-11 03:14:57.345   354   354 E qdoverlay: src msmfb_img w=2176 h=3840 format=13 MDP_RGBA_8888
04-11 03:14:57.345   354   354 E qdoverlay: src_rect mdp_rect x=0 y=0 w=2160 h=3840
04-11 03:14:57.345   354   354 E qdoverlay: dst_rect mdp_rect x=0 y=0 w=720 h=1280
04-11 03:14:57.345  8217  8233 I native-activity: Swap 448 time is 30.620ms
04-11 03:14:57.345  8217  8233 I native-activity: Animating
04-11 03:14:57.355  8217  8233 I native-activity: Frame 449 GL error is 0x0
04-11 03:14:57.355  8217  8233 I native-activity: Frame 449 time is 10.096ms
04-11 03:14:57.375  8217  8233 I native-activity: Swap 449 time is 29.781ms
04-11 03:14:57.375   354   354 E qdoverlay: Bad ov dump:  mdp_overlay z=0 fg=0 alpha=255 mask=-1 flags=0x40000 id=8
04-11 03:14:57.375   354   354 E qdoverlay: src msmfb_img w=2176 h=3840 format=13 MDP_RGBA_8888
04-11 03:14:57.375   354   354 E qdoverlay: src_rect mdp_rect x=0 y=0 w=2160 h=3840
04-11 03:14:57.375  8217  8233 I native-activity: Animating
04-11 03:14:57.375   354   354 E qdoverlay: dst_rect mdp_rect x=0 y=0 w=720 h=1280
04-11 03:14:57.385  8217  8233 I native-activity: Frame 450 GL error is 0x0
04-11 03:14:57.385  8217  8233 I native-activity: Frame 450 time is 10.250ms
04-11 03:14:57.405  8217  8233 I native-activity: Swap 450 time is 31.053ms
04-11 03:14:57.405   354   354 E qdoverlay: Bad ov dump:  mdp_overlay z=0 fg=0 alpha=255 mask=-1 flags=0x40000 id=8
04-11 03:14:57.405   354   354 E qdoverlay: src msmfb_img w=2176 h=3840 format=13 MDP_RGBA_8888
04-11 03:14:57.405   354   354 E qdoverlay: src_rect mdp_rect x=0 y=0 w=2160 h=3840
04-11 03:14:57.405   354   354 E qdoverlay: dst_rect mdp_rect x=0 y=0 w=720 h=1280
04-11 03:14:57.405  8217  8233 I native-activity: Animating
04-11 03:14:57.415  8217  8233 I native-activity: Frame 451 GL error is 0x0
04-11 03:14:57.415  8217  8233 I native-activity: Frame 451 time is 9.755ms
04-11 03:14:57.435   354   354 E qdoverlay: Bad ov dump:  mdp_overlay z=0 fg=0 alpha=255 mask=-1 flags=0x40000 id=8
04-11 03:14:57.435   354   354 E qdoverlay: src msmfb_img w=2176 h=3840 format=13 MDP_RGBA_8888
04-11 03:14:57.435  8217  8233 I native-activity: Swap 451 time is 30.369ms
04-11 03:14:57.435  8217  8233 I native-activity: Animating
04-11 03:14:57.435   354   354 E qdoverlay: src_rect mdp_rect x=0 y=0 w=2160 h=3840
04-11 03:14:57.435   354   354 E qdoverlay: dst_rect mdp_rect x=0 y=0 w=720 h=1280
04-11 03:14:57.445  8217  8233 I native-activity: Frame 452 GL error is 0x0
04-11 03:14:57.445  8217  8233 I native-activity: Frame 452 time is 5.038ms
04-11 03:14:57.465   354   354 E qdoverlay: Bad ov dump:  mdp_overlay z=0 fg=0 alpha=255 mask=-1 flags=0x40000 id=8
04-11 03:14:57.465   354   354 E qdoverlay: src msmfb_img w=2176 h=3840 format=13 MDP_RGBA_8888
04-11 03:14:57.465   354   354 E qdoverlay: src_rect mdp_rect x=0 y=0 w=2160 h=3840
04-11 03:14:57.465  8217  8233 I native-activity: Swap 452 time is 30.689ms
04-11 03:14:57.465  8217  8233 I native-activity: Animating
04-11 03:14:57.465   354   354 E qdoverlay: dst_rect mdp_rect x=0 y=0 w=720 h=1280
04-11 03:14:57.475  8217  8233 I native-activity: Frame 453 GL error is 0x0
04-11 03:14:57.475  8217  8233 I native-activity: Frame 453 time is 5.128ms
04-11 03:14:57.495   354   354 E qdoverlay: Bad ov dump:  mdp_overlay z=0 fg=0 alpha=255 mask=-1 flags=0x40000 id=8
04-11 03:14:57.495   354   354 E qdoverlay: src msmfb_img w=2176 h=3840 format=13 MDP_RGBA_8888
04-11 03:14:57.495  8217  8233 I native-activity: Swap 453 time is 30.678ms
04-11 03:14:57.495  8217  8233 I native-activity: Animating
04-11 03:14:57.495   354   354 E qdoverlay: src_rect mdp_rect x=0 y=0 w=2160 h=3840
04-11 03:14:57.495   354   354 E qdoverlay: dst_rect mdp_rect x=0 y=0 w=720 h=1280
04-11 03:14:57.505  8217  8233 I native-activity: Frame 454 GL error is 0x0
04-11 03:14:57.505  8217  8233 I native-activity: Frame 454 time is 5.052ms
04-11 03:14:57.525   354   354 E qdoverlay: Bad ov dump:  mdp_overlay z=0 fg=0 alpha=255 mask=-1 flags=0x40000 id=8
04-11 03:14:57.525   354   354 E qdoverlay: src msmfb_img w=2176 h=3840 format=13 MDP_RGBA_8888
04-11 03:14:57.525  8217  8233 I native-activity: Swap 454 time is 30.590ms
04-11 03:14:57.525  8217  8233 I native-activity: Animating
04-11 03:14:57.535   354   354 E qdoverlay: src_rect mdp_rect x=0 y=0 w=2160 h=3840
04-11 03:14:57.535   354   354 E qdoverlay: dst_rect mdp_rect x=0 y=0 w=720 h=1280
04-11 03:14:57.535  8217  8233 I native-activity: Frame 455 GL error is 0x0
04-11 03:14:57.535  8217  8233 I native-activity: Frame 455 time is 5.684ms
04-11 03:14:57.565  8217  8233 I native-activity: Swap 455 time is 30.409ms
04-11 03:14:57.565  8217  8233 I native-activity: Animating
04-11 03:14:57.565   354   354 E qdoverlay: Bad ov dump:  mdp_overlay z=0 fg=0 alpha=255 mask=-1 flags=0x40000 id=8
04-11 03:14:57.565   354   354 E qdoverlay: src msmfb_img w=2176 h=3840 format=13 MDP_RGBA_8888
04-11 03:14:57.565   354   354 E qdoverlay: src_rect mdp_rect x=0 y=0 w=2160 h=3840
04-11 03:14:57.565   354   354 E qdoverlay: dst_rect mdp_rect x=0 y=0 w=720 h=1280
04-11 03:14:57.565  8217  8233 I native-activity: Frame 456 GL error is 0x0
04-11 03:14:57.565  8217  8233 I native-activity: Frame 456 time is 5.417ms
04-11 03:14:57.595  8217  8233 I native-activity: Swap 456 time is 30.640ms
04-11 03:14:57.595   354   354 E qdoverlay: Bad ov dump:  mdp_overlay z=0 fg=0 alpha=255 mask=-1 flags=0x40000 id=8
04-11 03:14:57.595  8217  8233 I native-activity: Animating
04-11 03:14:57.595   354   354 E qdoverlay: src msmfb_img w=2176 h=3840 format=13 MDP_RGBA_8888
04-11 03:14:57.595   354   354 E qdoverlay: src_rect mdp_rect x=0 y=0 w=2160 h=3840
04-11 03:14:57.595   354   354 E qdoverlay: dst_rect mdp_rect x=0 y=0 w=720 h=1280
04-11 03:14:57.605  8217  8233 I native-activity: Frame 457 GL error is 0x0
04-11 03:14:57.605  8217  8233 I native-activity: Frame 457 time is 9.976ms
04-11 03:14:57.625   354   354 E qdoverlay: Bad ov dump:  mdp_overlay z=0 fg=0 alpha=255 mask=-1 flags=0x40000 id=8
04-11 03:14:57.625  8217  8233 I native-activity: Swap 457 time is 30.659ms
04-11 03:14:57.625  8217  8233 I native-activity: Animating
04-11 03:14:57.625   354   354 E qdoverlay: src msmfb_img w=2176 h=3840 format=13 MDP_RGBA_8888
04-11 03:14:57.625   354   354 E qdoverlay: src_rect mdp_rect x=0 y=0 w=2160 h=3840
04-11 03:14:57.625   354   354 E qdoverlay: dst_rect mdp_rect x=0 y=0 w=720 h=1280
04-11 03:14:57.625  8217  8233 I native-activity: Frame 458 GL error is 0x0
04-11 03:14:57.625  8217  8233 I native-activity: Frame 458 time is 5.321ms
04-11 03:14:57.655  8217  8233 I native-activity: Swap 458 time is 30.641ms
04-11 03:14:57.655  8217  8233 I native-activity: Animating
04-11 03:14:57.655   354   354 E qdoverlay: Bad ov dump:  mdp_overlay z=0 fg=0 alpha=255 mask=-1 flags=0x40000 id=8
04-11 03:14:57.655   354   354 E qdoverlay: src msmfb_img w=2176 h=3840 format=13 MDP_RGBA_8888
04-11 03:14:57.655   354   354 E qdoverlay: src_rect mdp_rect x=0 y=0 w=2160 h=3840
04-11 03:14:57.655   354   354 E qdoverlay: dst_rect mdp_rect x=0 y=0 w=720 h=1280
04-11 03:14:57.655  8217  8233 I native-activity: Frame 459 GL error is 0x0
04-11 03:14:57.655  8217  8233 I native-activity: Frame 459 time is 6.054ms
04-11 03:14:57.685  8217  8233 I native-activity: Swap 459 time is 30.904ms
04-11 03:14:57.685   354   354 E qdoverlay: Bad ov dump:  mdp_overlay z=0 fg=0 alpha=255 mask=-1 flags=0x40000 id=8
04-11 03:14:57.685  8217  8233 I native-activity: Animating
04-11 03:14:57.685   354   354 E qdoverlay: src msmfb_img w=2176 h=3840 format=13 MDP_RGBA_8888
04-11 03:14:57.685   354   354 E qdoverlay: src_rect mdp_rect x=0 y=0 w=2160 h=3840
04-11 03:14:57.685   354   354 E qdoverlay: dst_rect mdp_rect x=0 y=0 w=720 h=1280
04-11 03:14:57.685  8217  8233 I native-activity: Frame 460 GL error is 0x0
04-11 03:14:57.685  8217  8233 I native-activity: Frame 460 time is 5.901ms
04-11 03:14:57.715  8217  8233 I native-activity: Swap 460 time is 30.522ms
04-11 03:14:57.715   354   354 E qdoverlay: Bad ov dump:  mdp_overlay z=0 fg=0 alpha=255 mask=-1 flags=0x40000 id=8
04-11 03:14:57.715  8217  8233 I native-activity: Animating
04-11 03:14:57.715   354   354 E qdoverlay: src msmfb_img w=2176 h=3840 format=13 MDP_RGBA_8888
04-11 03:14:57.715   354   354 E qdoverlay: src_rect mdp_rect x=0 y=0 w=2160 h=3840
04-11 03:14:57.715   354   354 E qdoverlay: dst_rect mdp_rect x=0 y=0 w=720 h=1280
04-11 03:14:57.725  8217  8233 I native-activity: Frame 461 GL error is 0x0
04-11 03:14:57.725  8217  8233 I native-activity: Frame 461 time is 9.719ms
04-11 03:14:57.745  8217  8233 I native-activity: Swap 461 time is 30.418ms
04-11 03:14:57.745   354   354 E qdoverlay: Bad ov dump:  mdp_overlay z=0 fg=0 alpha=255 mask=-1 flags=0x40000 id=8
04-11 03:14:57.745  8217  8233 I native-activity: Animating
04-11 03:14:57.745   354   354 E qdoverlay: src msmfb_img w=2176 h=3840 format=13 MDP_RGBA_8888
04-11 03:14:57.745   354   354 E qdoverlay: src_rect mdp_rect x=0 y=0 w=2160 h=3840
04-11 03:14:57.745   354   354 E qdoverlay: dst_rect mdp_rect x=0 y=0 w=720 h=1280
04-11 03:14:57.765  8217  8233 W Adreno-ES20: <core_glGetActiveAttrib:534>: GL_INVALID_VALUE
04-11 03:14:57.775  8217  8233 I native-activity: Frame 462 GL error is 0x501
04-11 03:14:57.775  8217  8233 I native-activity: Frame 462 time is 25.411ms
04-11 03:14:57.775  8217  8233 I native-activity: Swap 462 time is 30.733ms
04-11 03:14:57.775  8217  8233 I native-activity: Animating
04-11 03:14:57.785  8217  8233 I native-activity: Frame 463 GL error is 0x0
04-11 03:14:57.785  8217  8233 I native-activity: Frame 463 time is 10.956ms
04-11 03:14:57.785   354   354 E qdoverlay: Bad ov dump:  mdp_overlay z=0 fg=0 alpha=255 mask=-1 flags=0x40000 id=8
04-11 03:14:57.785   354   354 E qdoverlay: src msmfb_img w=2176 h=3840 format=13 MDP_RGBA_8888
04-11 03:14:57.785   354   354 E qdoverlay: src_rect mdp_rect x=0 y=0 w=2160 h=3840
04-11 03:14:57.785   354   354 E qdoverlay: dst_rect mdp_rect x=0 y=0 w=720 h=1280
04-11 03:14:57.805  8217  8233 I native-activity: Swap 463 time is 26.105ms
04-11 03:14:57.805  8217  8233 I native-activity: Animating
04-11 03:14:57.805   354   354 E qdoverlay: Bad ov dump:  mdp_overlay z=0 fg=0 alpha=255 mask=-1 flags=0x40000 id=8
04-11 03:14:57.805   354   354 E qdoverlay: src msmfb_img w=2176 h=3840 format=13 MDP_RGBA_8888
04-11 03:14:57.805   354   354 E qdoverlay: src_rect mdp_rect x=0 y=0 w=2160 h=3840
04-11 03:14:57.805   354   354 E qdoverlay: dst_rect mdp_rect x=0 y=0 w=720 h=1280
04-11 03:14:57.805  8217  8233 I native-activity: Frame 464 GL error is 0x0
04-11 03:14:57.805  8217  8233 I native-activity: Frame 464 time is 5.311ms
04-11 03:14:57.825   354   354 E qdoverlay: Bad ov dump:  mdp_overlay z=0 fg=0 alpha=255 mask=-1 flags=0x40000 id=8
04-11 03:14:57.825  8217  8233 I native-activity: Swap 464 time is 25.630ms
04-11 03:14:57.825  8217  8233 I native-activity: Animating
04-11 03:14:57.825   354   354 E qdoverlay: src msmfb_img w=2176 h=3840 format=13 MDP_RGBA_8888
04-11 03:14:57.825   354   354 E qdoverlay: src_rect mdp_rect x=0 y=0 w=2160 h=3840
04-11 03:14:57.825   354   354 E qdoverlay: dst_rect mdp_rect x=0 y=0 w=720 h=1280
04-11 03:14:57.835  8217  8233 I native-activity: Frame 465 GL error is 0x0
04-11 03:14:57.835  8217  8233 I native-activity: Frame 465 time is 5.859ms
04-11 03:14:57.855   354   354 E qdoverlay: Bad ov dump:  mdp_overlay z=0 fg=0 alpha=255 mask=-1 flags=0x40000 id=8
04-11 03:14:57.855   354   354 E qdoverlay: src msmfb_img w=2176 h=3840 format=13 MDP_RGBA_8888
04-11 03:14:57.855  8217  8233 I native-activity: Swap 465 time is 26.528ms
04-11 03:14:57.855   354   354 E qdoverlay: src_rect mdp_rect x=0 y=0 w=2160 h=3840
04-11 03:14:57.855   354   354 E qdoverlay: dst_rect mdp_rect x=0 y=0 w=720 h=1280
04-11 03:14:57.855  8217  8233 I native-activity: Animating
04-11 03:14:57.865  8217  8233 I native-activity: Frame 466 GL error is 0x0
04-11 03:14:57.865  8217  8233 I native-activity: Frame 466 time is 8.408ms
04-11 03:14:57.885  8217  8233 I native-activity: Swap 466 time is 26.325ms
04-11 03:14:57.885  8217  8233 I native-activity: Animating
