04-11 03:14:50.975  8217  8233 I native-activity: Animating
04-11 03:14:50.975  8217  8233 I native-activity: Frame 254 GL error is 0x0
04-11 03:14:50.975  8217  8233 I native-activity: Frame 254 time is 6.088ms
04-11 03:14:51.005   354   354 E qdoverlay: Bad ov dump:  mdp_overlay z=0 fg=0 alpha=255 mask=-1 flags=0x40000 id=8
04-11 03:14:51.005   354   354 E qdoverlay: src msmfb_img w=2176 h=3840 format=13 MDP_RGBA_8888
04-11 03:14:51.005   354   354 E qdoverlay: src_rect mdp_rect x=0 y=0 w=2160 h=3840
04-11 03:14:51.005   354   354 E qdoverlay: dst_rect mdp_rect x=0 y=0 w=720 h=1280
04-11 03:14:51.005  8217  8233 I native-activity: Swap 254 time is 32.037ms
04-11 03:14:51.005  8217  8233 I native-activity: Animating
04-11 03:14:51.015  8217  8233 I native-activity: Frame 255 GL error is 0x0
04-11 03:14:51.015  8217  8233 I native-activity: Frame 255 time is 6.450ms
04-11 03:14:51.035   354   354 E qdoverlay: Bad ov dump:  mdp_overlay z=0 fg=0 alpha=255 mask=-1 flags=0x40000 id=8
04-11 03:14:51.035   354   354 E qdoverlay: src msmfb_img w=2176 h=3840 format=13 MDP_RGBA_8888
04-11 03:14:51.035   354   354 E qdoverlay: src_rect mdp_rect x=0 y=0 w=2160 h=3840
04-11 03:14:51.035   354   354 E qdoverlay: dst_rect mdp_rect x=0 y=0 w=720 h=1280
04-11 03:14:51.035  8217  8233 I native-activity: Swap 255 time is 33.142ms
04-11 03:14:51.035  8217  8233 I native-activity: Animating
04-11 03:14:51.045  8217  8233 I native-activity: Frame 256 GL error is 0x0
04-11 03:14:51.045  8217  8233 I native-activity: Frame 256 time is 7.898ms
04-11 03:14:51.065   354   354 E qdoverlay: Bad ov dump:  mdp_overlay z=0 fg=0 alpha=255 mask=-1 flags=0x40000 id=8
04-11 03:14:51.065   354   354 E qdoverlay: src msmfb_img w=2176 h=3840 format=13 MDP_RGBA_8888
04-11 03:14:51.065   354   354 E qdoverlay: src_rect mdp_rect x=0 y=0 w=2160 h=3840
04-11 03:14:51.065   354   354 E qdoverlay: dst_rect mdp_rect x=0 y=0 w=720 h=1280
04-11 03:14:51.065  8217  8233 I native-activity: Swap 256 time is 31.309ms
04-11 03:14:51.065  8217  8233 I native-activity: Animating
04-11 03:14:51.075  8217  8233 I native-activity: Frame 257 GL error is 0x0
04-11 03:14:51.075  8217  8233 I native-activity: Frame 257 time is 8.090ms
04-11 03:14:51.105   354   354 E qdoverlay: Bad ov dump:  mdp_overlay z=0 fg=0 alpha=255 mask=-1 flags=0x40000 id=8
04-11 03:14:51.105   354   354 E qdoverlay: src msmfb_img w=2176 h=3840 format=13 MDP_RGBA_8888
04-11 03:14:51.105   354   354 E qdoverlay: src_rect mdp_rect x=0 y=0 w=2160 h=3840
04-11 03:14:51.105   354   354 E qdoverlay: dst_rect mdp_rect x=0 y=0 w=720 h=1280
04-11 03:14:51.105  8217  8233 I native-activity: Swap 257 time is 32.097ms
04-11 03:14:51.105  8217  8233 I native-activity: Animating
04-11 03:14:51.105  8217  8233 I native-activity: Frame 258 GL error is 0x0
04-11 03:14:51.105  8217  8233 I native-activity: Frame 258 time is 8.438ms
04-11 03:14:51.135   354   354 E qdoverlay: Bad ov dump:  mdp_overlay z=0 fg=0 alpha=255 mask=-1 flags=0x40000 id=8
04-11 03:14:51.135   354   354 E qdoverlay: src msmfb_img w=2176 h=3840 format=13 MDP_RGBA_8888
04-11 03:14:51.135   354   354 E qdoverlay: src_rect mdp_rect x=0 y=0 w=2160 h=3840
04-11 03:14:51.135   354   354 E qdoverlay: dst_rect mdp_rect x=0 y=0 w=720 h=1280
04-11 03:14:51.135  8217  8233 I native-activity: Swap 258 time is 32.195ms
04-11 03:14:51.135  8217  8233 I native-activity: Animating
04-11 03:14:51.145  8217  8233 I native-activity: Context 0x62b90730 made current on surface 0x612bc3c0, error 0x3000
04-11 03:14:51.145  8217  8233 I native-activity: GL information
04-11 03:14:51.145  8217  8233 I native-activity: 	Renderer: Adreno (TM) 330
04-11 03:14:51.145  8217  8233 I native-activity: 	Vendor: Qualcomm
04-11 03:14:51.145  8217  8233 I native-activity: 	Version: OpenGL ES 3.0 V@66.0 AU@  (CL@)
04-11 03:14:51.145  8217  8233 I native-activity: 	Shading Language: OpenGL ES GLSL ES 3.00
04-11 03:14:51.145  8217  8233 I native-activity: 	Extensions: GL_AMD_compressed_ATC_texture GL_AMD_performance_monitor GL_AMD_program_binary_Z400 GL_EXT_debug_label GL_EXT_debug_marker GL_EXT_discard_framebuffer GL_EXT_robustness GL_EXT_texture_format_BGRA8888 GL_EXT_texture_type_2_10_10_10_REV GL_NV_fence GL_OES_compressed_ETC1_RGB8_texture GL_OES_depth_texture GL_OES_depth24 GL_OES_EGL_image GL_OES_EGL_image_external GL_OES_element_index_uint GL_OES_fbo_render_mipmap GL_OES_fragment_precision_high GL_OES_get_program_binary GL_OES_packed_depth_stencil GL_OES_depth_texture_cube_map GL_OES_rgb8_rgba8 GL_OES_standard_derivatives GL_OES_texture_3D GL_OES_texture_float GL_OES_texture_half_float GL_OES_texture_half_float_linear GL_OES_texture_npot GL_OES_vertex_half_float GL_OES_vertex_type_10_10_10_2 GL_OES_vertex_array_object GL_QCOM_alpha_test GL_QCOM_binning_control GL_QCOM_driver_control GL_QCOM_perfmon_global_mode GL_QCOM_extended_get GL_QCOM_extended_get2 GL_QCOM_tiled_rendering GL_QCOM_writeonly_rendering GL_EXT_sRGB GL_EXT_sRGB_write_control GL_EXT_tex
04-11 03:14:51.145  8217  8233 I native-activity: Context 0x62b90730 made current on surface 0x612bc3c0, error 0x3000
04-11 03:14:51.145  8217  8233 I native-activity: GL information
04-11 03:14:51.145  8217  8233 I native-activity: 	Renderer: Adreno (TM) 330
04-11 03:14:51.145  8217  8233 I native-activity: 	Vendor: Qualcomm
04-11 03:14:51.145  8217  8233 I native-activity: 	Version: OpenGL ES 3.0 V@66.0 AU@  (CL@)
04-11 03:14:51.145  8217  8233 I native-activity: 	Shading Language: OpenGL ES GLSL ES 3.00
04-11 03:14:51.145  8217  8233 I native-activity: 	Extensions: GL_AMD_compressed_ATC_texture GL_AMD_performance_monitor GL_AMD_program_binary_Z400 GL_EXT_debug_label GL_EXT_debug_marker GL_EXT_discard_framebuffer GL_EXT_robustness GL_EXT_texture_format_BGRA8888 GL_EXT_texture_type_2_10_10_10_REV GL_NV_fence GL_OES_compressed_ETC1_RGB8_texture GL_OES_depth_texture GL_OES_depth24 GL_OES_EGL_image GL_OES_EGL_image_external GL_OES_element_index_uint GL_OES_fbo_render_mipmap GL_OES_fragment_precision_high GL_OES_get_program_binary GL_OES_packed_depth_stencil GL_OES_depth_texture_cube_map GL_OES_rgb8_rgba8 GL_OES_standard_derivatives GL_OES_texture_3D GL_OES_texture_float GL_OES_texture_half_float GL_OES_texture_half_float_linear GL_OES_texture_npot GL_OES_vertex_half_float GL_OES_vertex_type_10_10_10_2 GL_OES_vertex_array_object GL_QCOM_alpha_test GL_QCOM_binning_control GL_QCOM_driver_control GL_QCOM_perfmon_global_mode GL_QCOM_extended_get GL_QCOM_extended_get2 GL_QCOM_tiled_rendering GL_QCOM_writeonly_rendering GL_EXT_sRGB GL_EXT_sRGB_write_control GL_EXT_tex
04-11 03:14:51.145  8217  8233 W Adreno-ES20: <core_glDisableVertexAttribArray:165>: GL_INVALID_VALUE
04-11 03:14:51.145  8217  8233 I native-activity: Frame 259 GL error is 0x501
04-11 03:14:51.145  8217  8233 I native-activity: Frame 259 time is 7.991ms
04-11 03:14:51.165   354   354 E qdoverlay: Bad ov dump:  mdp_overlay z=0 fg=0 alpha=255 mask=-1 flags=0x40000 id=8
04-11 03:14:51.165   354   354 E qdoverlay: src msmfb_img w=2176 h=3840 format=13 MDP_RGBA_8888
04-11 03:14:51.165   354   354 E qdoverlay: src_rect mdp_rect x=0 y=0 w=2160 h=3840
04-11 03:14:51.165   354   354 E qdoverlay: dst_rect mdp_rect x=0 y=0 w=720 h=1280
04-11 03:14:51.165  8217  8233 I native-activity: Swap 259 time is 32.102ms
04-11 03:14:51.165  8217  8233 I native-activity: Animating
04-11 03:14:51.175  8217  8233 I native-activity: Frame 260 GL error is 0x0
04-11 03:14:51.175  8217  8233 I native-activity: Frame 260 time is 8.994ms
04-11 03:14:51.185 26866 27784 D Ulp_jni : Location CB invoked
04-11 03:14:51.195   354   354 E qdoverlay: Bad ov dump:  mdp_overlay z=0 fg=0 alpha=255 mask=-1 flags=0x40000 id=8
04-11 03:14:51.195   354   354 E qdoverlay: src msmfb_img w=2176 h=3840 format=13 MDP_RGBA_8888
04-11 03:14:51.195  8217  8233 I native-activity: Swap 260 time is 31.903ms
04-11 03:14:51.195   354   354 E qdoverlay: src_rect mdp_rect x=0 y=0 w=2160 h=3840
04-11 03:14:51.195   354   354 E qdoverlay: dst_rect mdp_rect x=0 y=0 w=720 h=1280
04-11 03:14:51.195  8217  8233 I native-activity: Animating
04-11 03:14:51.205  8217  8233 I native-activity: Frame 261 GL error is 0x0
04-11 03:14:51.205  8217  8233 I native-activity: Frame 261 time is 10.625ms
04-11 03:14:51.225   354   354 E qdoverlay: Bad ov dump:  mdp_overlay z=0 fg=0 alpha=255 mask=-1 flags=0x40000 id=8
04-11 03:14:51.225   354   354 E qdoverlay: src msmfb_img w=2176 h=3840 format=13 MDP_RGBA_8888
04-11 03:14:51.225   354   354 E qdoverlay: src_rect mdp_rect x=0 y=0 w=2160 h=3840
04-11 03:14:51.235   354   354 E qdoverlay: dst_rect mdp_rect x=0 y=0 w=720 h=1280
04-11 03:14:51.235  8217  8233 I native-activity: Swap 261 time is 32.090ms
04-11 03:14:51.235  8217  8233 I native-activity: Animating
04-11 03:14:51.235  8217  8233 I native-activity: Frame 262 GL error is 0x0
04-11 03:14:51.235  8217  8233 I native-activity: Frame 262 time is 6.103ms
04-11 03:14:51.265   354   354 E qdoverlay: Bad ov dump:  mdp_overlay z=0 fg=0 alpha=255 mask=-1 flags=0x40000 id=8
04-11 03:14:51.265   354   354 E qdoverlay: src msmfb_img w=2176 h=3840 format=13 MDP_RGBA_8888
04-11 03:14:51.265   354   354 E qdoverlay: src_rect mdp_rect x=0 y=0 w=2160 h=3840
04-11 03:14:51.265   354   354 E qdoverlay: dst_rect mdp_rect x=0 y=0 w=720 h=1280
04-11 03:14:51.265  8217  8233 I native-activity: Swap 262 time is 32.027ms
04-11 03:14:51.265  8217  8233 I native-activity: Animating
04-11 03:14:51.275  8217  8233 I native-activity: Frame 263 GL error is 0x0
04-11 03:14:51.275  8217  8233 I native-activity: Frame 263 time is 10.017ms
04-11 03:14:51.295   354   354 E qdoverlay: Bad ov dump:  mdp_overlay z=0 fg=0 alpha=255 mask=-1 flags=0x40000 id=8
04-11 03:14:51.295   354   354 E qdoverlay: src msmfb_img w=2176 h=3840 format=13 MDP_RGBA_8888
04-11 03:14:51.295  8217  8233 I native-activity: Swap 263 time is 31.915ms
04-11 03:14:51.295   354   354 E qdoverlay: src_rect mdp_rect x=0 y=0 w=2160 h=3840
04-11 03:14:51.295  8217  8233 I native-activity: Animating
04-11 03:14:51.295   354   354 E qdoverlay: dst_rect mdp_rect x=0 y=0 w=720 h=1280
04-11 03:14:51.305  8217  8233 I native-activity: Frame 264 GL error is 0x0
04-11 03:14:51.305  8217  8233 I native-activity: Frame 264 time is 8.205ms
04-11 03:14:51.325   354   354 E qdoverlay: Bad ov dump:  mdp_overlay z=0 fg=0 alpha=255 mask=-1 flags=0x40000 id=8
04-11 03:14:51.325   354   354 E qdoverlay: src msmfb_img w=2176 h=3840 format=13 MDP_RGBA_8888
04-11 03:14:51.325  8217  8233 I native-activity: Swap 264 time is 32.014ms
04-11 03:14:51.325  8217  8233 I native-activity: Animating
04-11 03:14:51.325   354   354 E qdoverlay: src_rect mdp_rect x=0 y=0 w=2160 h=3840
04-11 03:14:51.325   354   354 E qdoverlay: dst_rect mdp_rect x=0 y=0 w=720 h=1280
04-11 03:14:51.335  8217  8233 I native-activity: Frame 265 GL error is 0x0
04-11 03:14:51.335  8217  8233 I native-activity: Frame 265 time is 6.833ms
04-11 03:14:51.355   354   354 E qdoverlay: Bad ov dump:  mdp_overlay z=0 fg=0 alpha=255 mask=-1 flags=0x40000 id=8
04-11 03:14:51.355  8217  8233 I native-activity: Swap 265 time is 32.075ms
04-11 03:14:51.355   354   354 E qdoverlay: src msmfb_img w=2176 h=3840 format=13 MDP_RGBA_8888
04-11 03:14:51.355   354   354 E qdoverlay: src_rect mdp_rect x=0 y=0 w=2160 h=3840
04-11 03:14:51.355   354   354 E qdoverlay: dst_rect mdp_rect x=0 y=0 w=720 h=1280
04-11 03:14:51.355  8217  8233 I native-activity: Animating
04-11 03:14:51.365  8217  8233 I native-activity: Frame 266 GL error is 0x0
04-11 03:14:51.365  8217  8233 I native-activity: Frame 266 time is 8.033ms
04-11 03:14:51.395   354   354 E qdoverlay: Bad ov dump:  mdp_overlay z=0 fg=0 alpha=255 mask=-1 flags=0x40000 id=8
04-11 03:14:51.395   354   354 E qdoverlay: src msmfb_img w=2176 h=3840 format=13 MDP_RGBA_8888
04-11 03:14:51.395  8217  8233 I native-activity: Swap 266 time is 31.149ms
04-11 03:14:51.395   354   354 E qdoverlay: src_rect mdp_rect x=0 y=0 w=2160 h=3840
04-11 03:14:51.395  8217  8233 I native-activity: Animating
04-11 03:14:51.395   354   354 E qdoverlay: dst_rect mdp_rect x=0 y=0 w=720 h=1280
04-11 03:14:51.395  8217  8233 I native-activity: Frame 267 GL error is 0x0
04-11 03:14:51.395  8217  8233 I native-activity: Frame 267 time is 8.401ms
04-11 03:14:51.425   354   354 E qdoverlay: Bad ov dump:  mdp_overlay z=0 fg=0 alpha=255 mask=-1 flags=0x40000 id=8
04-11 03:14:51.425   354   354 E qdoverlay: src msmfb_img w=2176 h=3840 format=13 MDP_RGBA_8888
04-11 03:14:51.425   354   354 E qdoverlay: src_rect mdp_rect x=0 y=0 w=2160 h=3840
04-11 03:14:51.425   354   354 E qdoverlay: dst_rect mdp_rect x=0 y=0 w=720 h=1280
04-11 03:14:51.425  8217  8233 I native-activity: Swap 267 time is 32.308ms
04-11 03:14:51.425  8217  8233 I native-activity: Animating
04-11 03:14:51.435  8217  8233 I native-activity: Frame 268 GL error is 0x0
04-11 03:14:51.435  8217  8233 I native-activity: Frame 268 time is 8.027ms
04-11 03:14:51.455   354   354 E qdoverlay: Bad ov dump:  mdp_overlay z=0 fg=0 alpha=255 mask=-1 flags=0x40000 id=8
04-11 03:14:51.455   354   354 E qdoverlay: src msmfb_img w=2176 h=3840 format=13 MDP_RGBA_8888
04-11 03:14:51.455  8217  8233 I native-activity: Swap 268 time is 32.248ms
04-11 03:14:51.455  8217  8233 I native-activity: Animating
04-11 03:14:51.455   354   354 E qdoverlay: src_rect mdp_rect x=0 y=0 w=2160 h=3840
04-11 03:14:51.455   354   354 E qdoverlay: dst_rect mdp_rect x=0 y=0 w=720 h=1280
04-11 03:14:51.465  8217  8233 I native-activity: Frame 269 GL error is 0x0
04-11 03:14:51.465  8217  8233 I native-activity: Frame 269 time is 11.474ms
04-11 03:14:51.485   354   354 E qdoverlay: Bad ov dump:  mdp_overlay z=0 fg=0 alpha=255 mask=-1 flags=0x40000 id=8
04-11 03:14:51.485   354   354 E qdoverlay: src msmfb_img w=2176 h=3840 format=13 MDP_RGBA_8888
04-11 03:14:51.485   354   354 E qdoverlay: src_rect mdp_rect x=0 y=0 w=2160 h=3840
04-11 03:14:51.485   354   354 E qdoverlay: dst_rect mdp_rect x=0 y=0 w=720 h=1280
04-11 03:14:51.485  8217  8233 I native-activity: Swap 269 time is 32.139ms
04-11 03:14:51.485  8217  8233 I native-activity: Animating
04-11 03:14:51.495  8217  8233 I native-activity: Frame 270 GL error is 0x0
04-11 03:14:51.495  8217  8233 I native-activity: Frame 270 time is 10.155ms
04-11 03:14:51.525   354   354 E qdoverlay: Bad ov dump:  mdp_overlay z=0 fg=0 alpha=255 mask=-1 flags=0x40000 id=8
04-11 03:14:51.525   354   354 E qdoverlay: src msmfb_img w=2176 h=3840 format=13 MDP_RGBA_8888
04-11 03:14:51.525   354   354 E qdoverlay: src_rect mdp_rect x=0 y=0 w=2160 h=3840
04-11 03:14:51.525   354   354 E qdoverlay: dst_rect mdp_rect x=0 y=0 w=720 h=1280
04-11 03:14:51.525  8217  8233 I native-activity: Swap 270 time is 33.642ms
04-11 03:14:51.525  8217  8233 I native-activity: Animating
04-11 03:14:51.525  8217  8233 I native-activity: Frame 271 GL error is 0x0
04-11 03:14:51.525  8217  8233 I native-activity: Frame 271 time is 6.122ms
04-11 03:14:51.555   354   354 E qdoverlay: Bad ov dump:  mdp_overlay z=0 fg=0 alpha=255 mask=-1 flags=0x40000 id=8
04-11 03:14:51.555   354   354 E qdoverlay: src msmfb_img w=2176 h=3840 format=13 MDP_RGBA_8888
04-11 03:14:51.555   354   354 E qdoverlay: src_rect mdp_rect x=0 y=0 w=2160 h=3840
04-11 03:14:51.555   354   354 E qdoverlay: dst_rect mdp_rect x=0 y=0 w=720 h=1280
04-11 03:14:51.555  8217  8233 I native-activity: Swap 271 time is 31.293ms
04-11 03:14:51.555  8217  8233 I native-activity: Animating
04-11 03:14:51.565  8217  8233 I native-activity: Frame 272 GL error is 0x0
04-11 03:14:51.565  8217  8233 I native-activity: Frame 272 time is 7.938ms
04-11 03:14:51.585   354   354 E qdoverlay: Bad ov dump:  mdp_overlay z=0 fg=0 alpha=255 mask=-1 flags=0x40000 id=8
04-11 03:14:51.585   354   354 E qdoverlay: src msmfb_img w=2176 h=3840 format=13 MDP_RGBA_8888
04-11 03:14:51.585  8217  8233 I native-activity: Swap 272 time is 32.089ms
04-11 03:14:51.585   354   354 E qdoverlay: src_rect mdp_rect x=0 y=0 w=2160 h=3840
04-11 03:14:51.585  8217  8233 I native-activity: Animating
04-11 03:14:51.585   354   354 E qdoverlay: dst_rect mdp_rect x=0 y=0 w=720 h=1280
04-11 03:14:51.595  8217  8233 I native-activity: Frame 273 GL error is 0x0
04-11 03:14:51.595  8217  8233 I native-activity: Frame 273 time is 8.010ms
04-11 03:14:51.615   354   354 E qdoverlay: Bad ov dump:  mdp_overlay z=0 fg=0 alpha=255 mask=-1 flags=0x40000 id=8
04-11 03:14:51.615   354   354 E qdoverlay: src msmfb_img w=2176 h=3840 format=13 MDP_RGBA_8888
04-11 03:14:51.615   354   354 E qdoverlay: src_rect mdp_rect x=0 y=0 w=2160 h=3840
04-11 03:14:51.615   354   354 E qdoverlay: dst_rect mdp_rect x=0 y=0 w=720 h=1280
04-11 03:14:51.615  8217  8233 I native-activity: Swap 273 time is 32.257ms
04-11 03:14:51.615  8217  8233 I native-activity: Animating
04-11 03:14:51.625  8217  8233 W Adreno-ES20: <core_glGetActiveAttrib:534>: GL_INVALID_VALUE
04-11 03:14:51.635  8217  8233 I native-activity: Frame 274 GL error is 0x501
04-11 03:14:51.635  8217  8233 I native-activity: Frame 274 time is 14.937ms
04-11 03:14:51.655   354   354 E qdoverlay: Bad ov dump:  mdp_overlay z=0 fg=0 alpha=255 mask=-1 flags=0x40000 id=8
04-11 03:14:51.655   354   354 E qdoverlay: src msmfb_img w=2176 h=3840 format=13 MDP_RGBA_8888
04-11 03:14:51.655  8217  8233 I native-activity: Swap 274 time is 31.965ms
04-11 03:14:51.655  8217  8233 I native-activity: Animating
04-11 03:14:51.655   354   354 E qdoverlay: src_rect mdp_rect x=0 y=0 w=2160 h=3840
04-11 03:14:51.655   354   354 E qdoverlay: dst_rect mdp_rect x=0 y=0 w=720 h=1280
04-11 03:14:51.665  8217  8233 I native-activity: Frame 275 GL error is 0x0
04-11 03:14:51.665  8217  8233 I native-activity: Frame 275 time is 13.604ms
04-11 03:14:51.685   354   354 E qdoverlay: Bad ov dump:  mdp_overlay z=0 fg=0 alpha=255 mask=-1 flags=0x40000 id=8
04-11 03:14:51.685   354   354 E qdoverlay: src msmfb_img w=2176 h=3840 format=13 MDP_RGBA_8888
04-11 03:14:51.685   354   354 E qdoverlay: src_rect mdp_rect x=0 y=0 w=2160 h=3840
04-11 03:14:51.685   354   354 E qdoverlay: dst_rect mdp_rect x=0 y=0 w=720 h=1280
04-11 03:14:51.685  8217  8233 I native-activity: Swap 275 time is 33.556ms
04-11 03:14:51.685  8217  8233 I native-activity: Animating
04-11 03:14:51.695  8217  8233 I native-activity: Frame 276 GL error is 0x0
04-11 03:14:51.695  8217  8233 I native-activity: Frame 276 time is 7.424ms
04-11 03:14:51.715   354   354 E qdoverlay: Bad ov dump:  mdp_overlay z=0 fg=0 alpha=255 mask=-1 flags=0x40000 id=8
04-11 03:14:51.715   354   354 E qdoverlay: src msmfb_img w=2176 h=3840 format=13 MDP_RGBA_8888
04-11 03:14:51.715   354   354 E qdoverlay: src_rect mdp_rect x=0 y=0 w=2160 h=3840
04-11 03:14:51.715   354   354 E qdoverlay: dst_rect mdp_rect x=0 y=0 w=720 h=1280
04-11 03:14:51.715  8217  8233 I native-activity: Swap 276 time is 32.201ms
04-11 03:14:51.715  8217  8233 I native-activity: Animating
04-11 03:14:51.725  8217  8233 I native-activity: Frame 277 GL error is 0x0
04-11 03:14:51.725  8217  8233 I native-activity: Frame 277 time is 10.483ms
04-11 03:14:51.745  8217  8233 I native-activity: Swap 277 time is 30.946ms
04-11 03:14:51.745  8217  8233 I native-activity: Animating
04-11 03:14:51.745   354   354 E qdoverlay: Bad ov dump:  mdp_overlay z=0 fg=0 alpha=255 mask=-1 flags=0x40000 id=8
04-11 03:14:51.745   354   354 E qdoverlay: src msmfb_img w=2176 h=3840 format=13 MDP_RGBA_8888
04-11 03:14:51.745   354   354 E qdoverlay: src_rect mdp_rect x=0 y=0 w=2160 h=3840
04-11 03:14:51.745   354   354 E qdoverlay: dst_rect mdp_rect x=0 y=0 w=720 h=1280
04-11 03:14:51.755  8217  8233 I native-activity: Frame 278 GL error is 0x0
04-11 03:14:51.755  8217  8233 I native-activity: Frame 278 time is 8.138ms
04-11 03:14:51.785   354   354 E qdoverlay: Bad ov dump:  mdp_overlay z=0 fg=0 alpha=255 mask=-1 flags=0x40000 id=8
04-11 03:14:51.785   354   354 E qdoverlay: src msmfb_img w=2176 h=3840 format=13 MDP_RGBA_8888
04-11 03:14:51.785   354   354 E qdoverlay: src_rect mdp_rect x=0 y=0 w=2160 h=3840
04-11 03:14:51.785   354   354 E qdoverlay: dst_rect mdp_rect x=0 y=0 w=720 h=1280
04-11 03:14:51.785  8217  8233 I native-activity: Swap 278 time is 32.540ms
04-11 03:14:51.785  8217  8233 I native-activity: Animating
04-11 03:14:51.795  8217  8233 I native-activity: Frame 279 GL error is 0x0
04-11 03:14:51.795  8217  8233 I native-activity: Frame 279 time is 9.216ms
04-11 03:14:51.815   354   354 E qdoverlay: Bad ov dump:  mdp_overlay z=0 fg=0 alpha=255 mask=-1 flags=0x40000 id=8
04-11 03:14:51.815   354   354 E qdoverlay: src msmfb_img w=2176 h=3840 format=13 MDP_RGBA_8888
04-11 03:14:51.815   354   354 E qdoverlay: src_rect mdp_rect x=0 y=0 w=2160 h=3840
04-11 03:14:51.815   354   354 E qdoverlay: dst_rect mdp_rect x=0 y=0 w=720 h=1280
04-11 03:14:51.815  8217  8233 I native-activity: Swap 279 time is 32.278ms
04-11 03:14:51.815  8217  8233 I native-activity: Animating
04-11 03:14:51.825  8217  8233 I native-activity: Frame 280 GL error is 0x0
04-11 03:14:51.825  8217  8233 I native-activity: Frame 280 time is 8.931ms
04-11 03:14:51.845   354   354 E qdoverlay: Bad ov dump:  mdp_overlay z=0 fg=0 alpha=255 mask=-1 flags=0x40000 id=8
04-11 03:14:51.845   354   354 E qdoverlay: src msmfb_img w=2176 h=3840 format=13 MDP_RGBA_8888
04-11 03:14:51.845   354   354 E qdoverlay: src_rect mdp_rect x=0 y=0 w=2160 h=3840
04-11 03:14:51.845   354   354 E qdoverlay: dst_rect mdp_rect x=0 y=0 w=720 h=1280
04-11 03:14:51.845  8217  8233 I native-activity: Swap 280 time is 32.028ms
04-11 03:14:51.845  8217  8233 I native-activity: Animating
04-11 03:14:51.855  8217  8233 I native-activity: Frame 281 GL error is 0x0
04-11 03:14:51.855  8217  8233 I native-activity: Frame 281 time is 6.416ms
04-11 03:14:51.875   354   354 E qdoverlay: Bad ov dump:  mdp_overlay z=0 fg=0 alpha=255 mask=-1 flags=0x40000 id=8
04-11 03:14:51.875  8217  8233 I native-activity: Swap 281 time is 31.498ms
04-11 03:14:51.875   354   354 E qdoverlay: src msmfb_img w=2176 h=3840 format=13 MDP_RGBA_8888
04-11 03:14:51.875   354   354 E qdoverlay: src_rect mdp_rect x=0 y=0 w=2160 h=3840
04-11 03:14:51.875   354   354 E qdoverlay: dst_rect mdp_rect x=0 y=0 w=720 h=1280
04-11 03:14:51.875  8217  8233 I native-activity: Animating
04-11 03:14:51.885  8217  8233 I native-activity: Frame 282 GL error is 0x0
04-11 03:14:51.885  8217  8233 I native-activity: Frame 282 time is 6.759ms
04-11 03:14:51.905   354   354 E qdoverlay: Bad ov dump:  mdp_overlay z=0 fg=0 alpha=255 mask=-1 flags=0x40000 id=8
04-11 03:14:51.905   354   354 E qdoverlay: src msmfb_img w=2176 h=3840 format=13 MDP_RGBA_8888
04-11 03:14:51.905   354   354 E qdoverlay: src_rect mdp_rect x=0 y=0 w=2160 h=3840
04-11 03:14:51.905   354   354 E qdoverlay: dst_rect mdp_rect x=0 y=0 w=720 h=1280
04-11 03:14:51.905  8217  8233 I native-activity: Swap 282 time is 31.842ms
04-11 03:14:51.905  8217  8233 I native-activity: Animating
04-11 03:14:51.915  8217  8233 I native-activity: Frame 283 GL error is 0x0
04-11 03:14:51.915  8217  8233 I native-activity: Frame 283 time is 6.905ms
04-11 03:14:51.945   354   354 E qdoverlay: Bad ov dump:  mdp_overlay z=0 fg=0 alpha=255 mask=-1 flags=0x40000 id=8
04-11 03:14:51.945   354   354 E qdoverlay: src msmfb_img w=2176 h=3840 format=13 MDP_RGBA_8888
04-11 03:14:51.945   354   354 E qdoverlay: src_rect mdp_rect x=0 y=0 w=2160 h=3840
04-11 03:14:51.945   354   354 E qdoverlay: dst_rect mdp_rect x=0 y=0 w=720 h=1280
04-11 03:14:51.945  8217  8233 I native-activity: Swap 283 time is 31.970ms
04-11 03:14:51.945  8217  8233 I native-activity: Animating
04-11 03:14:51.945  8217  8233 I native-activity: Frame 284 GL error is 0x0
04-11 03:14:51.945  8217  8233 I native-activity: Frame 284 time is 5.703ms
04-11 03:14:51.975  8217  8233 I native-activity: Swap 284 time is 31.552ms
04-11 03:14:51.975   354   354 E qdoverlay: Bad ov dump:  mdp_overlay z=0 fg=0 alpha=255 mask=-1 flags=0x40000 id=8
04-11 03:14:51.975   354   354 E qdoverlay: src msmfb_img w=2176 h=3840 format=13 MDP_RGBA_8888
04-11 03:14:51.975   354   354 E qdoverlay: src_rect mdp_rect x=0 y=0 w=2160 h=3840
04-11 03:14:51.975   354   354 E qdoverlay: dst_rect mdp_rect x=0 y=0 w=720 h=1280
04-11 03:14:51.975  8217  8233 I native-activity: Animating
04-11 03:14:51.985  8217  8233 I native-activity: Frame 285 GL error is 0x0
04-11 03:14:51.985  8217  8233 I native-activity: Frame 285 time is 6.307ms
04-11 03:14:52.005   354   354 E qdoverlay: Bad ov dump:  mdp_overlay z=0 fg=0 alpha=255 mask=-1 flags=0x40000 id=8
04-11 03:14:52.005   354   354 E qdoverlay: src msmfb_img w=2176 h=3840 format=13 MDP_RGBA_8888
04-11 03:14:52.005   354   354 E qdoverlay: src_rect mdp_rect x=0 y=0 w=2160 h=3840
04-11 03:14:52.005   354   354 E qdoverlay: dst_rect mdp_rect x=0 y=0 w=720 h=1280
04-11 03:14:52.005  8217  8233 I native-activity: Swap 285 time is 32.230ms
04-11 03:14:52.005  8217  8233 I native-activity: Animating
04-11 03:14:52.015  8217  8233 I native-activity: Frame 286 GL error is 0x0
04-11 03:14:52.015  8217  8233 I native-activity: Frame 286 time is 5.934ms
04-11 03:14:52.035   354   354 E qdoverlay: Bad ov dump:  mdp_overlay z=0 fg=0 alpha=255 mask=-1 flags=0x40000 id=8
04-11 03:14:52.035   354   354 E qdoverlay: src msmfb_img w=2176 h=3840 format=13 MDP_RGBA_8888
04-11 03:14:52.035   354   354 E qdoverlay: src_rect mdp_rect x=0 y=0 w=2160 h=3840
04-11 03:14:52.035   354   354 E qdoverlay: dst_rect mdp_rect x=0 y=0 w=720 h=1280
04-11 03:14:52.035  8217  8233 I native-activity: Swap 286 time is 31.942ms
04-11 03:14:52.035  8217  8233 I native-activity: Animating
04-11 03:14:52.045  8217  8233 I native-activity: Frame 287 GL error is 0x0
04-11 03:14:52.045  8217  8233 I native-activity: Frame 287 time is 6.908ms
04-11 03:14:52.075   354   354 E qdoverlay: Bad ov dump:  mdp_overlay z=0 fg=0 alpha=255 mask=-1 flags=0x40000 id=8
04-11 03:14:52.075  8217  8233 I native-activity: Swap 287 time is 31.698ms
04-11 03:14:52.075   354   354 E qdoverlay: src msmfb_img w=2176 h=3840 format=13 MDP_RGBA_8888
04-11 03:14:52.075   354   354 E qdoverlay: src_rect mdp_rect x=0 y=0 w=2160 h=3840
04-11 03:14:52.075   354   354 E qdoverlay: dst_rect mdp_rect x=0 y=0 w=720 h=1280
04-11 03:14:52.075  8217  8233 I native-activity: Animating
04-11 03:14:52.075  8217  8233 I native-activity: Frame 288 GL error is 0x0
04-11 03:14:52.075  8217  8233 I native-activity: Frame 288 time is 5.303ms
04-11 03:14:52.105   354   354 E qdoverlay: Bad ov dump:  mdp_overlay z=0 fg=0 alpha=255 mask=-1 flags=0x40000 id=8
04-11 03:14:52.105   354   354 E qdoverlay: src msmfb_img w=2176 h=3840 format=13 MDP_RGBA_8888
04-11 03:14:52.105  8217  8233 I native-activity: Swap 288 time is 30.349ms
04-11 03:14:52.105   354   354 E qdoverlay: src_rect mdp_rect x=0 y=0 w=2160 h=3840
04-11 03:14:52.105   354   354 E qdoverlay: dst_rect mdp_rect x=0 y=0 w=720 h=1280
04-11 03:14:52.105  8217  8233 I native-activity: Animating
04-11 03:14:52.105  8217  8233 I native-activity: Frame 289 GL error is 0x0
04-11 03:14:52.105  8217  8233 I native-activity: Frame 289 time is 5.591ms
04-11 03:14:52.135   354   354 E qdoverlay: Bad ov dump:  mdp_overlay z=0 fg=0 alpha=255 mask=-1 flags=0x40000 id=8
04-11 03:14:52.135   354   354 E qdoverlay: src msmfb_img w=2176 h=3840 format=13 MDP_RGBA_8888
04-11 03:14:52.135  8217  8233 I native-activity: Swap 289 time is 30.924ms
04-11 03:14:52.135   354   354 E qdoverlay: src_rect mdp_rect x=0 y=0 w=2160 h=3840
04-11 03:14:52.135   354   354 E qdoverlay: dst_rect mdp_rect x=0 y=0 w=720 h=1280
04-11 03:14:52.135  8217  8233 I native-activity: Animating
04-11 03:14:52.145  8217  8233 I native-activity: Frame 290 GL error is 0x0
04-11 03:14:52.145  8217  8233 I native-activity: Frame 290 time is 6.118ms
04-11 03:14:52.165   354   354 E qdoverlay: Bad ov dump:  mdp_overlay z=0 fg=0 alpha=255 mask=-1 flags=0x40000 id=8
04-11 03:14:52.165   354   354 E qdoverlay: src msmfb_img w=2176 h=3840 format=13 MDP_RGBA_8888
04-11 03:14:52.165   354   354 E qdoverlay: src_rect mdp_rect x=0 y=0 w=2160 h=3840
04-11 03:14:52.165   354   354 E qdoverlay: dst_rect mdp_rect x=0 y=0 w=720 h=1280
04-11 03:14:52.165  8217  8233 I native-activity: Swap 290 time is 30.663ms
04-11 03:14:52.165  8217  8233 I native-activity: Animating
04-11 03:14:52.165 27027 27027 D StatusBar.NetworkController: refreshViews: Data not connected!! Set no data type icon / Roaming
04-11 03:14:52.175  8217  8233 I native-activity: Frame 291 GL error is 0x0
04-11 03:14:52.175  8217  8233 I native-activity: Frame 291 time is 6.879ms
04-11 03:14:52.195   354   354 E qdoverlay: Bad ov dump:  mdp_overlay z=0 fg=0 alpha=255 mask=-1 flags=0x40000 id=8
04-11 03:14:52.195  8217  8233 I native-activity: Swap 291 time is 31.926ms
04-11 03:14:52.195  8217  8233 I native-activity: Animating
04-11 03:14:52.195   354   354 E qdoverlay: src msmfb_img w=2176 h=3840 format=13 MDP_RGBA_8888
04-11 03:14:52.195   354   354 E qdoverlay: src_rect mdp_rect x=0 y=0 w=2160 h=3840
04-11 03:14:52.195   354   354 E qdoverlay: dst_rect mdp_rect x=0 y=0 w=720 h=1280
04-11 03:14:52.205  8217  8233 I native-activity: Frame 292 GL error is 0x0
04-11 03:14:52.205  8217  8233 I native-activity: Frame 292 time is 5.263ms
04-11 03:14:52.235   354   354 E qdoverlay: Bad ov dump:  mdp_overlay z=0 fg=0 alpha=255 mask=-1 flags=0x40000 id=8
04-11 03:14:52.235   354   354 E qdoverlay: src msmfb_img w=2176 h=3840 format=13 MDP_RGBA_8888
04-11 03:14:52.235  8217  8233 I native-activity: Swap 292 time is 31.908ms
04-11 03:14:52.235  8217  8233 I native-activity: Animating
04-11 03:14:52.235   354   354 E qdoverlay: src_rect mdp_rect x=0 y=0 w=2160 h=3840
04-11 03:14:52.235   354   354 E qdoverlay: dst_rect mdp_rect x=0 y=0 w=720 h=1280
04-11 03:14:52.235  8217  8233 I native-activity: Frame 293 GL error is 0x0
04-11 03:14:52.235  8217  8233 I native-activity: Frame 293 time is 7.093ms
04-11 03:14:52.265   354   354 E qdoverlay: Bad ov dump:  mdp_overlay z=0 fg=0 alpha=255 mask=-1 flags=0x40000 id=8
04-11 03:14:52.265   354   354 E qdoverlay: src msmfb_img w=2176 h=3840 format=13 MDP_RGBA_8888
04-11 03:14:52.265   354   354 E qdoverlay: src_rect mdp_rect x=0 y=0 w=2160 h=3840
04-11 03:14:52.265  8217  8233 I native-activity: Swap 293 time is 32.061ms
04-11 03:14:52.265  8217  8233 I native-activity: Animating
04-11 03:14:52.265   354   354 E qdoverlay: dst_rect mdp_rect x=0 y=0 w=720 h=1280
04-11 03:14:52.275  8217  8233 I native-activity: Frame 294 GL error is 0x0
04-11 03:14:52.275  8217  8233 I native-activity: Frame 294 time is 6.518ms
04-11 03:14:52.295   354   354 E qdoverlay: Bad ov dump:  mdp_overlay z=0 fg=0 alpha=255 mask=-1 flags=0x40000 id=8
04-11 03:14:52.295   354   354 E qdoverlay: src msmfb_img w=2176 h=3840 format=13 MDP_RGBA_8888
04-11 03:14:52.295  8217  8233 I native-activity: Swap 294 time is 31.879ms
04-11 03:14:52.295   354   354 E qdoverlay: src_rect mdp_rect x=0 y=0 w=2160 h=3840
04-11 03:14:52.295   354   354 E qdoverlay: dst_rect mdp_rect x=0 y=0 w=720 h=1280
04-11 03:14:52.295  8217  8233 I native-activity: Animating
04-11 03:14:52.305  8217  8233 I native-activity: Frame 295 GL error is 0x0
04-11 03:14:52.305  8217  8233 I native-activity: Frame 295 time is 11.236ms
04-11 03:14:52.325   354   354 E qdoverlay: Bad ov dump:  mdp_overlay z=0 fg=0 alpha=255 mask=-1 flags=0x40000 id=8
04-11 03:14:52.325   354   354 E qdoverlay: src msmfb_img w=2176 h=3840 format=13 MDP_RGBA_8888
04-11 03:14:52.325   354   354 E qdoverlay: src_rect mdp_rect x=0 y=0 w=2160 h=3840
04-11 03:14:52.325   354   354 E qdoverlay: dst_rect mdp_rect x=0 y=0 w=720 h=1280
04-11 03:14:52.325  8217  8233 I native-activity: Swap 295 time is 32.895ms
04-11 03:14:52.325  8217  8233 I native-activity: Animating
04-11 03:14:52.335  8217  8233 I native-activity: Frame 296 GL error is 0x0
04-11 03:14:52.335  8217  8233 I native-activity: Frame 296 time is 5.411ms
04-11 03:14:52.365   354   354 E qdoverlay: Bad ov dump:  mdp_overlay z=0 fg=0 alpha=255 mask=-1 flags=0x40000 id=8
04-11 03:14:52.365   354   354 E qdoverlay: src msmfb_img w=2176 h=3840 format=13 MDP_RGBA_8888
04-11 03:14:52.365   354   354 E qdoverlay: src_rect mdp_rect x=0 y=0 w=2160 h=3840
04-11 03:14:52.365   354   354 E qdoverlay: dst_rect mdp_rect x=0 y=0 w=720 h=1280
04-11 03:14:52.365  8217  8233 I native-activity: Swap 296 time is 32.231ms
04-11 03:14:52.365  8217  8233 I native-activity: Animating
04-11 03:14:52.365  8217  8233 I native-activity: Frame 297 GL error is 0x0
04-11 03:14:52.365  8217  8233 I native-activity: Frame 297 time is 6.347ms
04-11 03:14:52.395   354   354 E qdoverlay: Bad ov dump:  mdp_overlay z=0 fg=0 alpha=255 mask=-1 flags=0x40000 id=8
04-11 03:14:52.395   354   354 E qdoverlay: src msmfb_img w=2176 h=3840 format=13 MDP_RGBA_8888
04-11 03:14:52.395  8217  8233 I native-activity: Swap 297 time is 32.469ms
04-11 03:14:52.395  8217  8233 I native-activity: Animating
04-11 03:14:52.395   354   354 E qdoverlay: src_rect mdp_rect x=0 y=0 w=2160 h=3840
04-11 03:14:52.395   354   354 E qdoverlay: dst_rect mdp_rect x=0 y=0 w=720 h=1280
04-11 03:14:52.395  8217  8233 I native-activity: Frame 298 GL error is 0x0
04-11 03:14:52.395  8217  8233 I native-activity: Frame 298 time is 5.438ms
04-11 03:14:52.425   354   354 E qdoverlay: Bad ov dump:  mdp_overlay z=0 fg=0 alpha=255 mask=-1 flags=0x40000 id=8
04-11 03:14:52.425   354   354 E qdoverlay: src msmfb_img w=2176 h=3840 format=13 MDP_RGBA_8888
04-11 03:14:52.425  8217  8233 I native-activity: Swap 298 time is 32.688ms
04-11 03:14:52.425  8217  8233 I native-activity: Animating
04-11 03:14:52.425   354   354 E qdoverlay: src_rect mdp_rect x=0 y=0 w=2160 h=3840
04-11 03:14:52.425   354   354 E qdoverlay: dst_rect mdp_rect x=0 y=0 w=720 h=1280
04-11 03:14:52.435  8217  8233 I native-activity: Frame 299 GL error is 0x0
04-11 03:14:52.435  8217  8233 I native-activity: Frame 299 time is 7.778ms
04-11 03:14:52.455  8217  8233 I native-activity: Swap 299 time is 32.333ms
04-11 03:14:52.455   354   354 E qdoverlay: Bad ov dump:  mdp_overlay z=0 fg=0 alpha=255 mask=-1 flags=0x40000 id=8
04-11 03:14:52.455   354   354 E qdoverlay: src msmfb_img w=2176 h=3840 format=13 MDP_RGBA_8888
04-11 03:14:52.455   354   354 E qdoverlay: src_rect mdp_rect x=0 y=0 w=2160 h=3840
04-11 03:14:52.455   354   354 E qdoverlay: dst_rect mdp_rect x=0 y=0 w=720 h=1280
04-11 03:14:52.455  8217  8233 I native-activity: Animating
04-11 03:14:52.465  8217  8233 I native-activity: Frame 300 GL error is 0x0
04-11 03:14:52.465  8217  8233 I native-activity: Frame 300 time is 5.986ms
04-11 03:14:52.495   354   354 E qdoverlay: Bad ov dump:  mdp_overlay z=0 fg=0 alpha=255 mask=-1 flags=0x40000 id=8
04-11 03:14:52.495   354   354 E qdoverlay: src msmfb_img w=2176 h=3840 format=13 MDP_RGBA_8888
04-11 03:14:52.495   354   354 E qdoverlay: src_rect mdp_rect x=0 y=0 w=2160 h=3840
04-11 03:14:52.495   354   354 E qdoverlay: dst_rect mdp_rect x=0 y=0 w=720 h=1280
04-11 03:14:52.495  8217  8233 I native-activity: Swap 300 time is 32.872ms
04-11 03:14:52.495  8217  8233 I native-activity: Animating
04-11 03:14:52.505  8217  8233 I native-activity: Frame 301 GL error is 0x0
04-11 03:14:52.505  8217  8233 I native-activity: Frame 301 time is 7.539ms
04-11 03:14:52.525   354   354 E qdoverlay: Bad ov dump:  mdp_overlay z=0 fg=0 alpha=255 mask=-1 flags=0x40000 id=8
04-11 03:14:52.525   354   354 E qdoverlay: src msmfb_img w=2176 h=3840 format=13 MDP_RGBA_8888
04-11 03:14:52.525   354   354 E qdoverlay: src_rect mdp_rect x=0 y=0 w=2160 h=3840
04-11 03:14:52.525   354   354 E qdoverlay: dst_rect mdp_rect x=0 y=0 w=720 h=1280
04-11 03:14:52.525  8217  8233 I native-activity: Swap 301 time is 32.879ms
04-11 03:14:52.525  8217  8233 I native-activity: Animating
04-11 03:14:52.535  8217  8233 I native-activity: Frame 302 GL error is 0x0
04-11 03:14:52.535  8217  8233 I native-activity: Frame 302 time is 4.897ms
04-11 03:14:52.555   354   354 E qdoverlay: Bad ov dump:  mdp_overlay z=0 fg=0 alpha=255 mask=-1 flags=0x40000 id=8
04-11 03:14:52.555   354   354 E qdoverlay: src msmfb_img w=2176 h=3840 format=13 MDP_RGBA_8888
04-11 03:14:52.555   354   354 E qdoverlay: src_rect mdp_rect x=0 y=0 w=2160 h=3840
04-11 03:14:52.555   354   354 E qdoverlay: dst_rect mdp_rect x=0 y=0 w=720 h=1280
04-11 03:14:52.555  8217  8233 I native-activity: Swap 302 time is 32.796ms
04-11 03:14:52.555  8217  8233 I native-activity: Animating
04-11 03:14:52.565  8217  8233 I native-activity: Frame 303 GL error is 0x0
04-11 03:14:52.565  8217  8233 I native-activity: Frame 303 time is 5.350ms
04-11 03:14:52.595  8217  8233 I native-activity: Swap 303 time is 31.539ms
04-11 03:14:52.595   354   354 E qdoverlay: Bad ov dump:  mdp_overlay z=0 fg=0 alpha=255 mask=-1 flags=0x40000 id=8
04-11 03:14:52.595   354   354 E qdoverlay: src msmfb_img w=2176 h=3840 format=13 MDP_RGBA_8888
04-11 03:14:52.595   354   354 E qdoverlay: src_rect mdp_rect x=0 y=0 w=2160 h=3840
04-11 03:14:52.595   354   354 E qdoverlay: dst_rect mdp_rect x=0 y=0 w=720 h=1280
04-11 03:14:52.595  8217  8233 I native-activity: Animating
04-11 03:14:52.595  8217  8233 I native-activity: Frame 304 GL error is 0x0
04-11 03:14:52.595  8217  8233 I native-activity: Frame 304 time is 5.150ms
04-11 03:14:52.625  8217  8233 I native-activity: Swap 304 time is 31.977ms
04-11 03:14:52.625  8217  8233 I native-activity: Animating
04-11 03:14:52.625   354   354 E qdoverlay: Bad ov dump:  mdp_overlay z=0 fg=0 alpha=255 mask=-1 flags=0x40000 id=8
04-11 03:14:52.625   354   354 E qdoverlay: src msmfb_img w=2176 h=3840 format=13 MDP_RGBA_8888
04-11 03:14:52.625   354   354 E qdoverlay: src_rect mdp_rect x=0 y=0 w=2160 h=3840
04-11 03:14:52.625   354   354 E qdoverlay: dst_rect mdp_rect x=0 y=0 w=720 h=1280
04-11 03:14:52.635  8217  8233 I native-activity: Frame 305 GL error is 0x0
04-11 03:14:52.635  8217  8233 I native-activity: Frame 305 time is 8.392ms
04-11 03:14:52.655   354   354 E qdoverlay: Bad ov dump:  mdp_overlay z=0 fg=0 alpha=255 mask=-1 flags=0x40000 id=8
04-11 03:14:52.655   354   354 E qdoverlay: src msmfb_img w=2176 h=3840 format=13 MDP_RGBA_8888
04-11 03:14:52.655   354   354 E qdoverlay: src_rect mdp_rect x=0 y=0 w=2160 h=3840
04-11 03:14:52.655   354   354 E qdoverlay: dst_rect mdp_rect x=0 y=0 w=720 h=1280
04-11 03:14:52.655  8217  8233 I native-activity: Swap 305 time is 32.295ms
04-11 03:14:52.655  8217  8233 I native-activity: Animating
04-11 03:14:52.665  8217  8233 I native-activity: Frame 306 GL error is 0x0
04-11 03:14:52.665  8217  8233 I native-activity: Frame 306 time is 5.979ms
04-11 03:14:52.685   354   354 E qdoverlay: Bad ov dump:  mdp_overlay z=0 fg=0 alpha=255 mask=-1 flags=0x40000 id=8
04-11 03:14:52.685   354   354 E qdoverlay: src msmfb_img w=2176 h=3840 format=13 MDP_RGBA_8888
04-11 03:14:52.685   354   354 E qdoverlay: src_rect mdp_rect x=0 y=0 w=2160 h=3840
04-11 03:14:52.685   354   354 E qdoverlay: dst_rect mdp_rect x=0 y=0 w=720 h=1280
04-11 03:14:52.685  8217  8233 I native-activity: Swap 306 time is 32.188ms
04-11 03:14:52.685  8217  8233 I native-activity: Animating
04-11 03:14:52.695  8217  8233 I native-activity: Frame 307 GL error is 0x0
04-11 03:14:52.695  8217  8233 I native-activity: Frame 307 time is 5.873ms
04-11 03:14:52.715   354   354 E qdoverlay: Bad ov dump:  mdp_overlay z=0 fg=0 alpha=255 mask=-1 flags=0x40000 id=8
04-11 03:14:52.715   354   354 E qdoverlay: src msmfb_img w=2176 h=3840 format=13 MDP_RGBA_8888
04-11 03:14:52.715   354   354 E qdoverlay: src_rect mdp_rect x=0 y=0 w=2160 h=3840
04-11 03:14:52.715   354   354 E qdoverlay: dst_rect mdp_rect x=0 y=0 w=720 h=1280
04-11 03:14:52.725  8217  8233 I native-activity: Swap 307 time is 32.099ms
04-11 03:14:52.725  8217  8233 I native-activity: Animating
04-11 03:14:52.725  8217  8233 I native-activity: Frame 308 GL error is 0x0
04-11 03:14:52.725  8217  8233 I native-activity: Frame 308 time is 5.831ms
04-11 03:14:52.755   354   354 E qdoverlay: Bad ov dump:  mdp_overlay z=0 fg=0 alpha=255 mask=-1 flags=0x40000 id=8
04-11 03:14:52.755   354   354 E qdoverlay: src msmfb_img w=2176 h=3840 format=13 MDP_RGBA_8888
04-11 03:14:52.755   354   354 E qdoverlay: src_rect mdp_rect x=0 y=0 w=2160 h=3840
04-11 03:14:52.755   354   354 E qdoverlay: dst_rect mdp_rect x=0 y=0 w=720 h=1280
04-11 03:14:52.755  8217  8233 I native-activity: Swap 308 time is 32.285ms
04-11 03:14:52.755  8217  8233 I native-activity: Animating
04-11 03:14:52.765  8217  8233 I native-activity: Frame 309 GL error is 0x0
04-11 03:14:52.765  8217  8233 I native-activity: Frame 309 time is 10.295ms
04-11 03:14:52.785   354   354 E qdoverlay: Bad ov dump:  mdp_overlay z=0 fg=0 alpha=255 mask=-1 flags=0x40000 id=8
04-11 03:14:52.785   354   354 E qdoverlay: src msmfb_img w=2176 h=3840 format=13 MDP_RGBA_8888
04-11 03:14:52.785   354   354 E qdoverlay: src_rect mdp_rect x=0 y=0 w=2160 h=3840
04-11 03:14:52.785   354   354 E qdoverlay: dst_rect mdp_rect x=0 y=0 w=720 h=1280
04-11 03:14:52.785  8217  8233 I native-activity: Swap 309 time is 31.991ms
04-11 03:14:52.785  8217  8233 I native-activity: Animating
04-11 03:14:52.795  8217  8233 I native-activity: Frame 310 GL error is 0x0
04-11 03:14:52.795  8217  8233 I native-activity: Frame 310 time is 6.802ms
04-11 03:14:52.815   354   354 E qdoverlay: Bad ov dump:  mdp_overlay z=0 fg=0 alpha=255 mask=-1 flags=0x40000 id=8
04-11 03:14:52.815   354   354 E qdoverlay: src msmfb_img w=2176 h=3840 format=13 MDP_RGBA_8888
04-11 03:14:52.815   354   354 E qdoverlay: src_rect mdp_rect x=0 y=0 w=2160 h=3840
04-11 03:14:52.815   354   354 E qdoverlay: dst_rect mdp_rect x=0 y=0 w=720 h=1280
04-11 03:14:52.815  8217  8233 I native-activity: Swap 310 time is 32.125ms
04-11 03:14:52.815  8217  8233 I native-activity: Animating
04-11 03:14:52.825  8217  8233 W Adreno-ES20: <core_glGetActiveAttrib:534>: GL_INVALID_VALUE
04-11 03:14:52.855  8217  8233 I native-activity: Frame 311 GL error is 0x501
04-11 03:14:52.855  8217  8233 I native-activity: Frame 311 time is 40.493ms
04-11 03:14:52.855  8217  8233 I native-activity: Swap 311 time is 41.417ms
04-11 03:14:52.855  8217  8233 I native-activity: Animating
04-11 03:14:52.865  8217  8233 I native-activity: Frame 312 GL error is 0x0
04-11 03:14:52.865  8217  8233 I native-activity: Frame 312 time is 10.499ms
04-11 03:14:52.875   354   354 E qdoverlay: Bad ov dump:  mdp_overlay z=0 fg=0 alpha=255 mask=-1 flags=0x40000 id=8
04-11 03:14:52.875   354   354 E qdoverlay: src msmfb_img w=2176 h=3840 format=13 MDP_RGBA_8888
04-11 03:14:52.875   354   354 E qdoverlay: src_rect mdp_rect x=0 y=0 w=2160 h=3840
04-11 03:14:52.875   354   354 E qdoverlay: dst_rect mdp_rect x=0 y=0 w=720 h=1280
04-11 03:14:52.885   354   354 E qdoverlay: Bad ov dump:  mdp_overlay z=0 fg=0 alpha=255 mask=-1 flags=0x40000 id=8
04-11 03:14:52.885   354   354 E qdoverlay: src msmfb_img w=2176 h=3840 format=13 MDP_RGBA_8888
04-11 03:14:52.885   354   354 E qdoverlay: src_rect mdp_rect x=0 y=0 w=2160 h=3840
04-11 03:14:52.885   354   354 E qdoverlay: dst_rect mdp_rect x=0 y=0 w=720 h=1280
04-11 03:14:52.885  8217  8233 I native-activity: Swap 312 time is 29.837ms
04-11 03:14:52.885  8217  8233 I native-activity: Animating
04-11 03:14:52.895  8217  8233 I native-activity: Frame 313 GL error is 0x0
04-11 03:14:52.895  8217  8233 I native-activity: Frame 313 time is 9.434ms
04-11 03:14:52.925   354   354 E qdoverlay: Bad ov dump:  mdp_overlay z=0 fg=0 alpha=255 mask=-1 flags=0x40000 id=8
04-11 03:14:52.925   354   354 E qdoverlay: src msmfb_img w=2176 h=3840 format=13 MDP_RGBA_8888
04-11 03:14:52.925   354   354 E qdoverlay: src_rect mdp_rect x=0 y=0 w=2160 h=3840
04-11 03:14:52.925   354   354 E qdoverlay: dst_rect mdp_rect x=0 y=0 w=720 h=1280
04-11 03:14:52.925  8217  8233 I native-activity: Swap 313 time is 31.924ms
04-11 03:14:52.925  8217  8233 I native-activity: Animating
04-11 03:14:52.925  8217  8233 I native-activity: Frame 314 GL error is 0x0
04-11 03:14:52.925  8217  8233 I native-activity: Frame 314 time is 6.949ms
04-11 03:14:52.955   354   354 E qdoverlay: Bad ov dump:  mdp_overlay z=0 fg=0 alpha=255 mask=-1 flags=0x40000 id=8
04-11 03:14:52.955   354   354 E qdoverlay: src msmfb_img w=2176 h=3840 format=13 MDP_RGBA_8888
04-11 03:14:52.955   354   354 E qdoverlay: src_rect mdp_rect x=0 y=0 w=2160 h=3840
04-11 03:14:52.955   354   354 E qdoverlay: dst_rect mdp_rect x=0 y=0 w=720 h=1280
04-11 03:14:52.955  8217  8233 I native-activity: Swap 314 time is 32.075ms
04-11 03:14:52.955  8217  8233 I native-activity: Animating
04-11 03:14:52.965  8217  8233 W Adreno-ES20: <core_glGetActiveAttrib:534>: GL_INVALID_VALUE
04-11 03:14:52.965  8217  8233 I native-activity: Frame 315 GL error is 0x501
04-11 03:14:52.965  8217  8233 I native-activity: Frame 315 time is 12.101ms
04-11 03:14:52.965 27027 27027 D StatusBar.NetworkController: refreshViews: Data not connected!! Set no data type icon / Roaming
04-11 03:14:52.985   354   354 E qdoverlay: Bad ov dump:  mdp_overlay z=0 fg=0 alpha=255 mask=-1 flags=0x40000 id=8
04-11 03:14:52.985   354   354 E qdoverlay: src msmfb_img w=2176 h=3840 format=13 MDP_RGBA_8888
04-11 03:14:52.985   354   354 E qdoverlay: src_rect mdp_rect x=0 y=0 w=2160 h=3840
04-11 03:14:52.985   354   354 E qdoverlay: dst_rect mdp_rect x=0 y=0 w=720 h=1280
04-11 03:14:52.985  8217  8233 I native-activity: Swap 315 time is 32.847ms
04-11 03:14:52.985  8217  8233 I native-activity: Animating
04-11 03:14:52.995  8217  8233 I native-activity: Frame 316 GL error is 0x0
04-11 03:14:52.995  8217  8233 I native-activity: Frame 316 time is 4.766ms
04-11 03:14:53.015   354   354 E qdoverlay: Bad ov dump:  mdp_overlay z=0 fg=0 alpha=255 mask=-1 flags=0x40000 id=8
04-11 03:14:53.015   354   354 E qdoverlay: src msmfb_img w=2176 h=3840 format=13 MDP_RGBA_8888
04-11 03:14:53.015   354   354 E qdoverlay: src_rect mdp_rect x=0 y=0 w=2160 h=3840
04-11 03:14:53.015   354   354 E qdoverlay: dst_rect mdp_rect x=0 y=0 w=720 h=1280
04-11 03:14:53.015  8217  8233 I native-activity: Swap 316 time is 32.045ms
04-11 03:14:53.015  8217  8233 I native-activity: Animating
04-11 03:14:53.025  8217  8233 I native-activity: Frame 317 GL error is 0x0
04-11 03:14:53.025  8217  8233 I native-activity: Frame 317 time is 6.391ms
04-11 03:14:53.055  8217  8233 I native-activity: Swap 317 time is 33.033ms
04-11 03:14:53.055  8217  8233 I native-activity: Animating
04-11 03:14:53.055   354   354 E qdoverlay: Bad ov dump:  mdp_overlay z=0 fg=0 alpha=255 mask=-1 flags=0x40000 id=8
04-11 03:14:53.055   354   354 E qdoverlay: src msmfb_img w=2176 h=3840 format=13 MDP_RGBA_8888
04-11 03:14:53.055   354   354 E qdoverlay: src_rect mdp_rect x=0 y=0 w=2160 h=3840
04-11 03:14:53.055   354   354 E qdoverlay: dst_rect mdp_rect x=0 y=0 w=720 h=1280
04-11 03:14:53.055  8217  8233 I native-activity: Frame 318 GL error is 0x0
04-11 03:14:53.055  8217  8233 I native-activity: Frame 318 time is 6.276ms
04-11 03:14:53.085   354   354 E qdoverlay: Bad ov dump:  mdp_overlay z=0 fg=0 alpha=255 mask=-1 flags=0x40000 id=8
04-11 03:14:53.085   354   354 E qdoverlay: src msmfb_img w=2176 h=3840 format=13 MDP_RGBA_8888
04-11 03:14:53.085   354   354 E qdoverlay: src_rect mdp_rect x=0 y=0 w=2160 h=3840
04-11 03:14:53.085   354   354 E qdoverlay: dst_rect mdp_rect x=0 y=0 w=720 h=1280
04-11 03:14:53.085  8217  8233 I native-activity: Swap 318 time is 32.674ms
04-11 03:14:53.085  8217  8233 I native-activity: Animating
04-11 03:14:53.095  8217  8233 I native-activity: Frame 319 GL error is 0x0
04-11 03:14:53.095  8217  8233 I native-activity: Frame 319 time is 5.569ms
04-11 03:14:53.115   354   354 E qdoverlay: Bad ov dump:  mdp_overlay z=0 fg=0 alpha=255 mask=-1 flags=0x40000 id=8
04-11 03:14:53.115   354   354 E qdoverlay: src msmfb_img w=2176 h=3840 format=13 MDP_RGBA_8888
04-11 03:14:53.115   354   354 E qdoverlay: src_rect mdp_rect x=0 y=0 w=2160 h=3840
04-11 03:14:53.115   354   354 E qdoverlay: dst_rect mdp_rect x=0 y=0 w=720 h=1280
04-11 03:14:53.115  8217  8233 I native-activity: Swap 319 time is 32.608ms
04-11 03:14:53.115  8217  8233 I native-activity: Animating
04-11 03:14:53.125  8217  8233 I native-activity: Frame 320 GL error is 0x0
04-11 03:14:53.125  8217  8233 I native-activity: Frame 320 time is 5.632ms
04-11 03:14:53.155  8217  8233 I native-activity: Swap 320 time is 33.016ms
04-11 03:14:53.155  8217  8233 I native-activity: Animating
04-11 03:14:53.155   354   354 E qdoverlay: Bad ov dump:  mdp_overlay z=0 fg=0 alpha=255 mask=-1 flags=0x40000 id=8
04-11 03:14:53.155   354   354 E qdoverlay: src msmfb_img w=2176 h=3840 format=13 MDP_RGBA_8888
04-11 03:14:53.155   354   354 E qdoverlay: src_rect mdp_rect x=0 y=0 w=2160 h=3840
04-11 03:14:53.155   354   354 E qdoverlay: dst_rect mdp_rect x=0 y=0 w=720 h=1280
04-11 03:14:53.155  8217  8233 I native-activity: Frame 321 GL error is 0x0
04-11 03:14:53.155  8217  8233 I native-activity: Frame 321 time is 5.918ms
