04-11 03:15:14.715  8419  8435 I native-activity: Swap 254 time is 29.124ms
04-11 03:15:14.715  8419  8435 I native-activity: Animating
04-11 03:15:14.745  8419  8435 I native-activity: Frame 255 GL error is 0x0
04-11 03:15:14.745  8419  8435 I native-activity: Frame 255 time is 28.756ms
04-11 03:15:14.745  8419  8435 I native-activity: Swap 255 time is 28.802ms
04-11 03:15:14.745  8419  8435 I native-activity: Animating
04-11 03:15:14.775  8419  8435 I native-activity: Frame 256 GL error is 0x0
04-11 03:15:14.775  8419  8435 I native-activity: Frame 256 time is 30.608ms
04-11 03:15:14.775  8419  8435 I native-activity: Swap 256 time is 30.860ms
04-11 03:15:14.775  8419  8435 I native-activity: Animating
04-11 03:15:14.815  8419  8435 I native-activity: Frame 257 GL error is 0x0
04-11 03:15:14.815  8419  8435 I native-activity: Frame 257 time is 33.179ms
04-11 03:15:14.815  8419  8435 I native-activity: Swap 257 time is 34.490ms
04-11 03:15:14.815  8419  8435 I native-activity: Animating
04-11 03:15:14.845  8419  8435 I native-activity: Frame 258 GL error is 0x0
04-11 03:15:14.845  8419  8435 I native-activity: Frame 258 time is 32.981ms
04-11 03:15:14.845  8419  8435 I native-activity: Swap 258 time is 33.006ms
04-11 03:15:14.845  8419  8435 I native-activity: Animating
04-11 03:15:14.885  8419  8435 I native-activity: Context 0x6493c2f8 made current on surface 0x620f2c38, error 0x3000
04-11 03:15:14.885  8419  8435 I native-activity: GL information
04-11 03:15:14.885  8419  8435 I native-activity: 	Renderer: Adreno (TM) 330
04-11 03:15:14.885  8419  8435 I native-activity: 	Vendor: Qualcomm
04-11 03:15:14.885  8419  8435 I native-activity: 	Version: OpenGL ES 3.0 V@66.0 AU@  (CL@)
04-11 03:15:14.885  8419  8435 I native-activity: 	Shading Language: OpenGL ES GLSL ES 3.00
04-11 03:15:14.885  8419  8435 I native-activity: 	Extensions: GL_AMD_compressed_ATC_texture GL_AMD_performance_monitor GL_AMD_program_binary_Z400 GL_EXT_debug_label GL_EXT_debug_marker GL_EXT_discard_framebuffer GL_EXT_robustness GL_EXT_texture_format_BGRA8888 GL_EXT_texture_type_2_10_10_10_REV GL_NV_fence GL_OES_compressed_ETC1_RGB8_texture GL_OES_depth_texture GL_OES_depth24 GL_OES_EGL_image GL_OES_EGL_image_external GL_OES_element_index_uint GL_OES_fbo_render_mipmap GL_OES_fragment_precision_high GL_OES_get_program_binary GL_OES_packed_depth_stencil GL_OES_depth_texture_cube_map GL_OES_rgb8_rgba8 GL_OES_standard_derivatives GL_OES_texture_3D GL_OES_texture_float GL_OES_texture_half_float GL_OES_texture_half_float_linear GL_OES_texture_npot GL_OES_vertex_half_float GL_OES_vertex_type_10_10_10_2 GL_OES_vertex_array_object GL_QCOM_alpha_test GL_QCOM_binning_control GL_QCOM_driver_control GL_QCOM_perfmon_global_mode GL_QCOM_extended_get GL_QCOM_extended_get2 GL_QCOM_tiled_rendering GL_QCOM_writeonly_rendering GL_EXT_sRGB GL_EXT_sRGB_write_control GL_EXT_tex
04-11 03:15:14.885  8419  8435 I native-activity: Context 0x6493c2f8 made current on surface 0x620f2c38, error 0x3000
04-11 03:15:14.885  8419  8435 I native-activity: GL information
04-11 03:15:14.885  8419  8435 I native-activity: 	Renderer: Adreno (TM) 330
04-11 03:15:14.885  8419  8435 I native-activity: 	Vendor: Qualcomm
04-11 03:15:14.885  8419  8435 I native-activity: 	Version: OpenGL ES 3.0 V@66.0 AU@  (CL@)
04-11 03:15:14.885  8419  8435 I native-activity: 	Shading Language: OpenGL ES GLSL ES 3.00
04-11 03:15:14.885  8419  8435 I native-activity: 	Extensions: GL_AMD_compressed_ATC_texture GL_AMD_performance_monitor GL_AMD_program_binary_Z400 GL_EXT_debug_label GL_EXT_debug_marker GL_EXT_discard_framebuffer GL_EXT_robustness GL_EXT_texture_format_BGRA8888 GL_EXT_texture_type_2_10_10_10_REV GL_NV_fence GL_OES_compressed_ETC1_RGB8_texture GL_OES_depth_texture GL_OES_depth24 GL_OES_EGL_image GL_OES_EGL_image_external GL_OES_element_index_uint GL_OES_fbo_render_mipmap GL_OES_fragment_precision_high GL_OES_get_program_binary GL_OES_packed_depth_stencil GL_OES_depth_texture_cube_map GL_OES_rgb8_rgba8 GL_OES_standard_derivatives GL_OES_texture_3D GL_OES_texture_float GL_OES_texture_half_float GL_OES_texture_half_float_linear GL_OES_texture_npot GL_OES_vertex_half_float GL_OES_vertex_type_10_10_10_2 GL_OES_vertex_array_object GL_QCOM_alpha_test GL_QCOM_binning_control GL_QCOM_driver_control GL_QCOM_perfmon_global_mode GL_QCOM_extended_get GL_QCOM_extended_get2 GL_QCOM_tiled_rendering GL_QCOM_writeonly_rendering GL_EXT_sRGB GL_EXT_sRGB_write_control GL_EXT_tex
04-11 03:15:14.885  8419  8435 W Adreno-ES20: <core_glDisableVertexAttribArray:165>: GL_INVALID_VALUE
04-11 03:15:14.885  8419  8435 I native-activity: Frame 259 GL error is 0x501
04-11 03:15:14.885  8419  8435 I native-activity: Frame 259 time is 34.344ms
04-11 03:15:14.885  8419  8435 I native-activity: Swap 259 time is 34.362ms
04-11 03:15:14.885  8419  8435 I native-activity: Animating
04-11 03:15:14.915  8419  8435 I native-activity: Frame 260 GL error is 0x0
04-11 03:15:14.915  8419  8435 I native-activity: Frame 260 time is 34.618ms
04-11 03:15:14.915  8419  8435 I native-activity: Swap 260 time is 34.646ms
04-11 03:15:14.915  8419  8435 I native-activity: Animating
04-11 03:15:14.945 26866 26922 D WifiStateMachine: RSSI dipped below -75 dB. Current RSSI: -88 dB
04-11 03:15:14.945  6131  6131 D Event   : No subscribers registered for event class com.tplink.hellotp.shared.o
04-11 03:15:14.945  6131  6131 D Event   : No subscribers registered for event class de.greenrobot.event.f
04-11 03:15:14.945 27027 27027 D StatusBar.NetworkController: refreshViews: Data not connected!! Set no data type icon / Roaming
04-11 03:15:14.945 27027 27027 D StatusBar.NetworkController: refreshSignalCluster: mSimState:UNKNOWN
04-11 03:15:14.945 27027 27027 D SignalClusterView: setCarrierLabel:T-Mobile, iccCardExist:true, hasService:true
04-11 03:15:14.955  8419  8435 I native-activity: Frame 261 GL error is 0x0
04-11 03:15:14.955  8419  8435 I native-activity: Frame 261 time is 35.102ms
04-11 03:15:14.955  8419  8435 I native-activity: Swap 261 time is 35.131ms
04-11 03:15:14.955  8419  8435 I native-activity: Animating
04-11 03:15:14.985  8419  8435 I native-activity: Frame 262 GL error is 0x0
04-11 03:15:14.985  8419  8435 I native-activity: Frame 262 time is 30.385ms
04-11 03:15:14.985  8419  8435 I native-activity: Swap 262 time is 30.413ms
04-11 03:15:14.985  8419  8435 I native-activity: Animating
04-11 03:15:15.005 27027 27027 D StatusBar.NetworkController: refreshViews: Data not connected!! Set no data type icon / Roaming
04-11 03:15:15.015  8419  8435 I native-activity: Frame 263 GL error is 0x0
04-11 03:15:15.015  8419  8435 I native-activity: Frame 263 time is 33.817ms
04-11 03:15:15.015  8419  8435 I native-activity: Swap 263 time is 33.850ms
04-11 03:15:15.015  8419  8435 I native-activity: Animating
04-11 03:15:15.045  8419  8435 I native-activity: Frame 264 GL error is 0x0
04-11 03:15:15.045  8419  8435 I native-activity: Frame 264 time is 32.853ms
04-11 03:15:15.045  8419  8435 I native-activity: Swap 264 time is 33.086ms
04-11 03:15:15.045  8419  8435 I native-activity: Animating
04-11 03:15:15.085  8419  8435 I native-activity: Frame 265 GL error is 0x0
04-11 03:15:15.085  8419  8435 I native-activity: Frame 265 time is 33.413ms
04-11 03:15:15.085  8419  8435 I native-activity: Swap 265 time is 33.635ms
04-11 03:15:15.085  8419  8435 I native-activity: Animating
04-11 03:15:15.115  8419  8435 I native-activity: Frame 266 GL error is 0x0
04-11 03:15:15.115  8419  8435 I native-activity: Frame 266 time is 33.207ms
04-11 03:15:15.115  8419  8435 I native-activity: Swap 266 time is 33.431ms
04-11 03:15:15.115  8419  8435 I native-activity: Animating
04-11 03:15:15.145  8419  8435 I native-activity: Frame 267 GL error is 0x0
04-11 03:15:15.145  8419  8435 I native-activity: Frame 267 time is 33.138ms
04-11 03:15:15.145  8419  8435 I native-activity: Swap 267 time is 33.365ms
04-11 03:15:15.145  8419  8435 I native-activity: Animating
04-11 03:15:15.185  8419  8435 I native-activity: Frame 268 GL error is 0x0
04-11 03:15:15.185  8419  8435 I native-activity: Frame 268 time is 33.278ms
04-11 03:15:15.185  8419  8435 I native-activity: Swap 268 time is 33.507ms
04-11 03:15:15.185  8419  8435 I native-activity: Animating
04-11 03:15:15.215  8419  8435 I native-activity: Frame 269 GL error is 0x0
04-11 03:15:15.215  8419  8435 I native-activity: Frame 269 time is 33.302ms
04-11 03:15:15.215  8419  8435 I native-activity: Swap 269 time is 33.531ms
04-11 03:15:15.215  8419  8435 I native-activity: Animating
04-11 03:15:15.255  8419  8435 I native-activity: Frame 270 GL error is 0x0
04-11 03:15:15.255  8419  8435 I native-activity: Frame 270 time is 33.594ms
04-11 03:15:15.255  8419  8435 I native-activity: Swap 270 time is 33.822ms
04-11 03:15:15.255  8419  8435 I native-activity: Animating
04-11 03:15:15.285  8419  8435 I native-activity: Frame 271 GL error is 0x0
04-11 03:15:15.285  8419  8435 I native-activity: Frame 271 time is 33.083ms
04-11 03:15:15.285  8419  8435 I native-activity: Swap 271 time is 33.316ms
04-11 03:15:15.285  8419  8435 I native-activity: Animating
04-11 03:15:15.315  8419  8435 I native-activity: Frame 272 GL error is 0x0
04-11 03:15:15.315  8419  8435 I native-activity: Frame 272 time is 33.159ms
04-11 03:15:15.315  8419  8435 I native-activity: Swap 272 time is 33.388ms
04-11 03:15:15.315  8419  8435 I native-activity: Animating
04-11 03:15:15.355  8419  8435 I native-activity: Frame 273 GL error is 0x0
04-11 03:15:15.355  8419  8435 I native-activity: Frame 273 time is 33.219ms
04-11 03:15:15.355  8419  8435 I native-activity: Swap 273 time is 33.447ms
04-11 03:15:15.355  8419  8435 I native-activity: Animating
04-11 03:15:15.355  8419  8435 W Adreno-ES20: <core_glGetActiveAttrib:534>: GL_INVALID_VALUE
04-11 03:15:15.385  8419  8435 I native-activity: Frame 274 GL error is 0x501
04-11 03:15:15.385  8419  8435 I native-activity: Frame 274 time is 36.906ms
04-11 03:15:15.385  8419  8435 I native-activity: Swap 274 time is 37.158ms
04-11 03:15:15.385  8419  8435 I native-activity: Animating
04-11 03:15:15.415  8419  8435 I native-activity: Frame 275 GL error is 0x0
04-11 03:15:15.415  8419  8435 I native-activity: Frame 275 time is 30.660ms
04-11 03:15:15.415  8419  8435 I native-activity: Swap 275 time is 30.885ms
04-11 03:15:15.425  8419  8435 I native-activity: Animating
04-11 03:15:15.455  8419  8435 I native-activity: Frame 276 GL error is 0x0
04-11 03:15:15.455  8419  8435 I native-activity: Frame 276 time is 33.491ms
04-11 03:15:15.455  8419  8435 I native-activity: Swap 276 time is 33.745ms
04-11 03:15:15.455  8419  8435 I native-activity: Animating
04-11 03:15:15.485  8419  8435 I native-activity: Frame 277 GL error is 0x0
04-11 03:15:15.485  8419  8435 I native-activity: Frame 277 time is 33.041ms
04-11 03:15:15.485  8419  8435 I native-activity: Swap 277 time is 33.278ms
04-11 03:15:15.485  8419  8435 I native-activity: Animating
04-11 03:15:15.515  8419  8435 I native-activity: Frame 278 GL error is 0x0
04-11 03:15:15.515  8419  8435 I native-activity: Frame 278 time is 32.074ms
04-11 03:15:15.525  8419  8435 I native-activity: Swap 278 time is 32.350ms
04-11 03:15:15.525  8419  8435 I native-activity: Animating
04-11 03:15:15.555  8419  8435 I native-activity: Frame 279 GL error is 0x0
04-11 03:15:15.555  8419  8435 I native-activity: Frame 279 time is 33.069ms
04-11 03:15:15.555  8419  8435 I native-activity: Swap 279 time is 33.402ms
04-11 03:15:15.555  8419  8435 I native-activity: Animating
04-11 03:15:15.585  8419  8435 I native-activity: Frame 280 GL error is 0x0
04-11 03:15:15.585  8419  8435 I native-activity: Frame 280 time is 33.055ms
04-11 03:15:15.585  8419  8435 I native-activity: Swap 280 time is 33.283ms
04-11 03:15:15.585  8419  8435 I native-activity: Animating
04-11 03:15:15.625  8419  8435 I native-activity: Frame 281 GL error is 0x0
04-11 03:15:15.625  8419  8435 I native-activity: Frame 281 time is 33.382ms
04-11 03:15:15.625  8419  8435 I native-activity: Swap 281 time is 33.623ms
04-11 03:15:15.625  8419  8435 I native-activity: Animating
04-11 03:15:15.655  8419  8435 I native-activity: Frame 282 GL error is 0x0
04-11 03:15:15.655  8419  8435 I native-activity: Frame 282 time is 33.293ms
04-11 03:15:15.655  8419  8435 I native-activity: Swap 282 time is 33.663ms
04-11 03:15:15.655  8419  8435 I native-activity: Animating
04-11 03:15:15.685  8419  8435 I native-activity: Frame 283 GL error is 0x0
04-11 03:15:15.685  8419  8435 I native-activity: Frame 283 time is 32.792ms
04-11 03:15:15.685  8419  8435 I native-activity: Swap 283 time is 33.055ms
04-11 03:15:15.685  8419  8435 I native-activity: Animating
04-11 03:15:15.725  8419  8435 I native-activity: Frame 284 GL error is 0x0
04-11 03:15:15.725  8419  8435 I native-activity: Frame 284 time is 33.124ms
04-11 03:15:15.725  8419  8435 I native-activity: Swap 284 time is 33.375ms
04-11 03:15:15.725  8419  8435 I native-activity: Animating
04-11 03:15:15.755  8419  8435 I native-activity: Frame 285 GL error is 0x0
04-11 03:15:15.755  8419  8435 I native-activity: Frame 285 time is 33.359ms
04-11 03:15:15.755  8419  8435 I native-activity: Swap 285 time is 33.608ms
04-11 03:15:15.755  8419  8435 I native-activity: Animating
04-11 03:15:15.785  8419  8435 I native-activity: Frame 286 GL error is 0x0
04-11 03:15:15.785  8419  8435 I native-activity: Frame 286 time is 32.990ms
04-11 03:15:15.785  8419  8435 I native-activity: Swap 286 time is 33.243ms
04-11 03:15:15.785  8419  8435 I native-activity: Animating
04-11 03:15:15.825  8419  8435 I native-activity: Frame 287 GL error is 0x0
04-11 03:15:15.825  8419  8435 I native-activity: Frame 287 time is 33.337ms
04-11 03:15:15.825  8419  8435 I native-activity: Swap 287 time is 33.578ms
04-11 03:15:15.825  8419  8435 I native-activity: Animating
04-11 03:15:15.855  8419  8435 I native-activity: Frame 288 GL error is 0x0
04-11 03:15:15.855  8419  8435 I native-activity: Frame 288 time is 33.849ms
04-11 03:15:15.855  8419  8435 I native-activity: Swap 288 time is 34.114ms
04-11 03:15:15.855  8419  8435 I native-activity: Animating
04-11 03:15:15.895  8419  8435 I native-activity: Frame 289 GL error is 0x0
04-11 03:15:15.895  8419  8435 I native-activity: Frame 289 time is 32.771ms
04-11 03:15:15.895  8419  8435 I native-activity: Swap 289 time is 33.006ms
04-11 03:15:15.895  8419  8435 I native-activity: Animating
04-11 03:15:15.925  8419  8435 I native-activity: Frame 290 GL error is 0x0
04-11 03:15:15.925  8419  8435 I native-activity: Frame 290 time is 33.904ms
04-11 03:15:15.925  8419  8435 I native-activity: Swap 290 time is 34.132ms
04-11 03:15:15.925  8419  8435 I native-activity: Animating
04-11 03:15:15.955  8419  8435 I native-activity: Frame 291 GL error is 0x0
04-11 03:15:15.955  8419  8435 I native-activity: Frame 291 time is 32.984ms
04-11 03:15:15.955  8419  8435 I native-activity: Swap 291 time is 33.232ms
04-11 03:15:15.955  8419  8435 I native-activity: Animating
04-11 03:15:15.995  8419  8435 I native-activity: Frame 292 GL error is 0x0
04-11 03:15:15.995  8419  8435 I native-activity: Frame 292 time is 32.546ms
04-11 03:15:15.995  8419  8435 I native-activity: Swap 292 time is 32.841ms
04-11 03:15:15.995  8419  8435 I native-activity: Animating
04-11 03:15:16.025  8419  8435 I native-activity: Frame 293 GL error is 0x0
04-11 03:15:16.025  8419  8435 I native-activity: Frame 293 time is 33.084ms
04-11 03:15:16.025  8419  8435 I native-activity: Swap 293 time is 33.384ms
04-11 03:15:16.025  8419  8435 I native-activity: Animating
04-11 03:15:16.055  8419  8435 I native-activity: Frame 294 GL error is 0x0
04-11 03:15:16.055  8419  8435 I native-activity: Frame 294 time is 33.489ms
04-11 03:15:16.055  8419  8435 I native-activity: Swap 294 time is 33.739ms
04-11 03:15:16.055  8419  8435 I native-activity: Animating
04-11 03:15:16.095  8419  8435 I native-activity: Frame 295 GL error is 0x0
04-11 03:15:16.095  8419  8435 I native-activity: Frame 295 time is 32.870ms
04-11 03:15:16.095  8419  8435 I native-activity: Swap 295 time is 33.161ms
04-11 03:15:16.095  8419  8435 I native-activity: Animating
04-11 03:15:16.125  8419  8435 I native-activity: Frame 296 GL error is 0x0
04-11 03:15:16.125  8419  8435 I native-activity: Frame 296 time is 33.268ms
04-11 03:15:16.125  8419  8435 I native-activity: Swap 296 time is 33.624ms
04-11 03:15:16.125  8419  8435 I native-activity: Animating
04-11 03:15:16.155  8419  8435 I native-activity: Frame 297 GL error is 0x0
04-11 03:15:16.155  8419  8435 I native-activity: Frame 297 time is 32.611ms
04-11 03:15:16.165  8419  8435 I native-activity: Swap 297 time is 33.181ms
04-11 03:15:16.165  8419  8435 I native-activity: Animating
04-11 03:15:16.195  8419  8435 I native-activity: Frame 298 GL error is 0x0
04-11 03:15:16.195  8419  8435 I native-activity: Frame 298 time is 35.339ms
04-11 03:15:16.195  8419  8435 I native-activity: Swap 298 time is 35.598ms
04-11 03:15:16.195  8419  8435 I native-activity: Animating
04-11 03:15:16.225  8419  8435 I native-activity: Frame 299 GL error is 0x0
04-11 03:15:16.225  8419  8435 I native-activity: Frame 299 time is 30.671ms
04-11 03:15:16.225  8419  8435 I native-activity: Swap 299 time is 30.696ms
04-11 03:15:16.225  8419  8435 I native-activity: Animating
04-11 03:15:16.265  8419  8435 I native-activity: Frame 300 GL error is 0x0
04-11 03:15:16.265  8419  8435 I native-activity: Frame 300 time is 33.617ms
04-11 03:15:16.265  8419  8435 I native-activity: Swap 300 time is 33.642ms
04-11 03:15:16.265  8419  8435 I native-activity: Animating
04-11 03:15:16.295  8419  8435 I native-activity: Frame 301 GL error is 0x0
04-11 03:15:16.295  8419  8435 I native-activity: Frame 301 time is 33.716ms
04-11 03:15:16.295  8419  8435 I native-activity: Swap 301 time is 33.740ms
04-11 03:15:16.295  8419  8435 I native-activity: Animating
04-11 03:15:16.325  8419  8435 I native-activity: Frame 302 GL error is 0x0
04-11 03:15:16.325  8419  8435 I native-activity: Frame 302 time is 34.379ms
04-11 03:15:16.325  8419  8435 I native-activity: Swap 302 time is 34.423ms
04-11 03:15:16.325  8419  8435 I native-activity: Animating
04-11 03:15:16.365  8419  8435 I native-activity: Frame 303 GL error is 0x0
04-11 03:15:16.365  8419  8435 I native-activity: Frame 303 time is 33.525ms
04-11 03:15:16.365  8419  8435 I native-activity: Swap 303 time is 33.571ms
04-11 03:15:16.365  8419  8435 I native-activity: Animating
04-11 03:15:16.395  8419  8435 I native-activity: Frame 304 GL error is 0x0
04-11 03:15:16.395  8419  8435 I native-activity: Frame 304 time is 33.281ms
04-11 03:15:16.395  8419  8435 I native-activity: Swap 304 time is 33.318ms
04-11 03:15:16.395  8419  8435 I native-activity: Animating
04-11 03:15:16.425  8419  8435 I native-activity: Frame 305 GL error is 0x0
04-11 03:15:16.425  8419  8435 I native-activity: Frame 305 time is 33.382ms
04-11 03:15:16.425  8419  8435 I native-activity: Swap 305 time is 33.628ms
04-11 03:15:16.425  8419  8435 I native-activity: Animating
04-11 03:15:16.465  8419  8435 I native-activity: Frame 306 GL error is 0x0
04-11 03:15:16.465  8419  8435 I native-activity: Frame 306 time is 33.181ms
04-11 03:15:16.465  8419  8435 I native-activity: Swap 306 time is 33.493ms
04-11 03:15:16.465  8419  8435 I native-activity: Animating
04-11 03:15:16.495  8419  8435 I native-activity: Frame 307 GL error is 0x0
04-11 03:15:16.495  8419  8435 I native-activity: Frame 307 time is 32.701ms
04-11 03:15:16.495  8419  8435 I native-activity: Swap 307 time is 32.728ms
04-11 03:15:16.495  8419  8435 I native-activity: Animating
04-11 03:15:16.535  8419  8435 I native-activity: Frame 308 GL error is 0x0
04-11 03:15:16.535  8419  8435 I native-activity: Frame 308 time is 33.754ms
04-11 03:15:16.535  8419  8435 I native-activity: Swap 308 time is 33.779ms
04-11 03:15:16.535  8419  8435 I native-activity: Animating
04-11 03:15:16.565  8419  8435 I native-activity: Frame 309 GL error is 0x0
04-11 03:15:16.565  8419  8435 I native-activity: Frame 309 time is 33.529ms
04-11 03:15:16.565  8419  8435 I native-activity: Swap 309 time is 33.794ms
04-11 03:15:16.565  8419  8435 I native-activity: Animating
04-11 03:15:16.595  8419  8435 I native-activity: Frame 310 GL error is 0x0
04-11 03:15:16.595  8419  8435 I native-activity: Frame 310 time is 33.157ms
04-11 03:15:16.595  8419  8435 I native-activity: Swap 310 time is 33.376ms
04-11 03:15:16.595  8419  8435 I native-activity: Animating
04-11 03:15:16.605  8419  8435 W Adreno-ES20: <core_glGetActiveAttrib:534>: GL_INVALID_VALUE
04-11 03:15:16.635  8419  8435 I native-activity: Frame 311 GL error is 0x501
04-11 03:15:16.635  8419  8435 I native-activity: Frame 311 time is 40.072ms
04-11 03:15:16.635  8419  8435 I native-activity: Swap 311 time is 40.319ms
04-11 03:15:16.635  8419  8435 I native-activity: Animating
04-11 03:15:16.665  8419  8435 I native-activity: Frame 312 GL error is 0x0
04-11 03:15:16.665  8419  8435 I native-activity: Frame 312 time is 26.896ms
04-11 03:15:16.665  8419  8435 I native-activity: Swap 312 time is 27.093ms
04-11 03:15:16.665  8419  8435 I native-activity: Animating
04-11 03:15:16.695  8419  8435 I native-activity: Frame 313 GL error is 0x0
04-11 03:15:16.695  8419  8435 I native-activity: Frame 313 time is 33.239ms
04-11 03:15:16.695  8419  8435 I native-activity: Swap 313 time is 33.265ms
04-11 03:15:16.695  8419  8435 I native-activity: Animating
04-11 03:15:16.735  8419  8435 I native-activity: Frame 314 GL error is 0x0
04-11 03:15:16.735  8419  8435 I native-activity: Frame 314 time is 33.874ms
04-11 03:15:16.735  8419  8435 I native-activity: Swap 314 time is 34.099ms
04-11 03:15:16.735  8419  8435 I native-activity: Animating
04-11 03:15:16.775  8419  8435 W Adreno-ES20: <core_glGetActiveAttrib:534>: GL_INVALID_VALUE
04-11 03:15:16.775  8419  8435 I native-activity: Frame 315 GL error is 0x501
04-11 03:15:16.775  8419  8435 I native-activity: Frame 315 time is 39.758ms
04-11 03:15:16.775  8419  8435 I native-activity: Swap 315 time is 39.853ms
04-11 03:15:16.775  8419  8435 I native-activity: Animating
04-11 03:15:16.805  8419  8435 I native-activity: Frame 316 GL error is 0x0
04-11 03:15:16.805  8419  8435 I native-activity: Frame 316 time is 27.191ms
04-11 03:15:16.805  8419  8435 I native-activity: Swap 316 time is 27.454ms
04-11 03:15:16.805  8419  8435 I native-activity: Animating
04-11 03:15:16.835  8419  8435 I native-activity: Frame 317 GL error is 0x0
04-11 03:15:16.835  8419  8435 I native-activity: Frame 317 time is 33.415ms
04-11 03:15:16.835  8419  8435 I native-activity: Swap 317 time is 33.682ms
04-11 03:15:16.835  8419  8435 I native-activity: Animating
04-11 03:15:16.865  8419  8435 I native-activity: Frame 318 GL error is 0x0
04-11 03:15:16.865  8419  8435 I native-activity: Frame 318 time is 33.181ms
04-11 03:15:16.865  8419  8435 I native-activity: Swap 318 time is 33.458ms
04-11 03:15:16.865  8419  8435 I native-activity: Animating
04-11 03:15:16.905  8419  8435 I native-activity: Frame 319 GL error is 0x0
04-11 03:15:16.905  8419  8435 I native-activity: Frame 319 time is 33.558ms
04-11 03:15:16.905  8419  8435 I native-activity: Swap 319 time is 33.784ms
04-11 03:15:16.905  8419  8435 I native-activity: Animating
04-11 03:15:16.935  8419  8435 I native-activity: Frame 320 GL error is 0x0
04-11 03:15:16.935  8419  8435 I native-activity: Frame 320 time is 33.594ms
04-11 03:15:16.935  8419  8435 I native-activity: Swap 320 time is 33.840ms
04-11 03:15:16.935  8419  8435 I native-activity: Animating
04-11 03:15:16.975  8419  8435 I native-activity: Frame 321 GL error is 0x0
04-11 03:15:16.975  8419  8435 I native-activity: Frame 321 time is 34.754ms
04-11 03:15:16.975  8419  8435 I native-activity: Swap 321 time is 35.289ms
04-11 03:15:16.975  8419  8435 I native-activity: Animating
04-11 03:15:17.005  8419  8435 I native-activity: Frame 322 GL error is 0x0
04-11 03:15:17.005  8419  8435 I native-activity: Frame 322 time is 34.144ms
04-11 03:15:17.005  8419  8435 I native-activity: Swap 322 time is 34.518ms
04-11 03:15:17.005  8419  8435 I native-activity: Animating
04-11 03:15:17.045  8419  8435 I native-activity: Frame 323 GL error is 0x0
04-11 03:15:17.045  8419  8435 I native-activity: Frame 323 time is 34.110ms
04-11 03:15:17.045  8419  8435 I native-activity: Swap 323 time is 34.461ms
04-11 03:15:17.045  8419  8435 I native-activity: Animating
04-11 03:15:17.075  8419  8435 I native-activity: Frame 324 GL error is 0x0
04-11 03:15:17.075  8419  8435 I native-activity: Frame 324 time is 33.332ms
04-11 03:15:17.075  8419  8435 I native-activity: Swap 324 time is 33.357ms
04-11 03:15:17.075  8419  8435 I native-activity: Animating
04-11 03:15:17.105  8419  8435 I native-activity: Frame 325 GL error is 0x0
04-11 03:15:17.105  8419  8435 I native-activity: Frame 325 time is 34.326ms
04-11 03:15:17.105  8419  8435 I native-activity: Swap 325 time is 34.351ms
04-11 03:15:17.105  8419  8435 I native-activity: Animating
04-11 03:15:17.145  8419  8435 I native-activity: Frame 326 GL error is 0x0
04-11 03:15:17.145  8419  8435 I native-activity: Frame 326 time is 34.690ms
04-11 03:15:17.145  8419  8435 I native-activity: Swap 326 time is 34.715ms
04-11 03:15:17.145  8419  8435 I native-activity: Animating
04-11 03:15:17.175  8419  8435 I native-activity: Frame 327 GL error is 0x0
04-11 03:15:17.175  8419  8435 I native-activity: Frame 327 time is 34.745ms
04-11 03:15:17.175  8419  8435 I native-activity: Swap 327 time is 34.773ms
04-11 03:15:17.175  8419  8435 I native-activity: Animating
04-11 03:15:17.215  8419  8435 I native-activity: Frame 328 GL error is 0x0
04-11 03:15:17.215  8419  8435 I native-activity: Frame 328 time is 35.592ms
04-11 03:15:17.215  8419  8435 I native-activity: Swap 328 time is 35.628ms
04-11 03:15:17.215  8419  8435 I native-activity: Animating
04-11 03:15:17.245  8419  8435 I native-activity: Frame 329 GL error is 0x0
04-11 03:15:17.245  8419  8435 I native-activity: Frame 329 time is 34.615ms
04-11 03:15:17.245  8419  8435 I native-activity: Swap 329 time is 34.650ms
04-11 03:15:17.245  8419  8435 I native-activity: Animating
04-11 03:15:17.285  8419  8435 I native-activity: Frame 330 GL error is 0x0
04-11 03:15:17.285  8419  8435 I native-activity: Frame 330 time is 34.522ms
04-11 03:15:17.285  8419  8435 I native-activity: Swap 330 time is 34.558ms
04-11 03:15:17.285  8419  8435 I native-activity: Animating
04-11 03:15:17.325  8419  8435 I native-activity: Frame 331 GL error is 0x0
04-11 03:15:17.325  8419  8435 I native-activity: Frame 331 time is 34.618ms
04-11 03:15:17.325  8419  8435 I native-activity: Swap 331 time is 34.654ms
04-11 03:15:17.325  8419  8435 I native-activity: Animating
04-11 03:15:17.355  8419  8435 I native-activity: Frame 332 GL error is 0x0
04-11 03:15:17.355  8419  8435 I native-activity: Frame 332 time is 34.509ms
04-11 03:15:17.355  8419  8435 I native-activity: Swap 332 time is 34.544ms
04-11 03:15:17.355  8419  8435 I native-activity: Animating
04-11 03:15:17.395  8419  8435 I native-activity: Frame 333 GL error is 0x0
04-11 03:15:17.395  8419  8435 I native-activity: Frame 333 time is 34.714ms
04-11 03:15:17.395  8419  8435 I native-activity: Swap 333 time is 35.110ms
04-11 03:15:17.395  8419  8435 I native-activity: Animating
04-11 03:15:17.425  8419  8435 I native-activity: Frame 334 GL error is 0x0
04-11 03:15:17.425  8419  8435 I native-activity: Frame 334 time is 34.553ms
04-11 03:15:17.425  8419  8435 I native-activity: Swap 334 time is 34.914ms
04-11 03:15:17.425  8419  8435 I native-activity: Animating
04-11 03:15:17.465  8419  8435 I native-activity: Frame 335 GL error is 0x0
04-11 03:15:17.465  8419  8435 I native-activity: Frame 335 time is 33.445ms
04-11 03:15:17.465  8419  8435 I native-activity: Swap 335 time is 33.838ms
04-11 03:15:17.465  8419  8435 I native-activity: Animating
04-11 03:15:17.495  8419  8435 I native-activity: Frame 336 GL error is 0x0
04-11 03:15:17.495  8419  8435 I native-activity: Frame 336 time is 33.549ms
04-11 03:15:17.495  8419  8435 I native-activity: Swap 336 time is 33.583ms
04-11 03:15:17.495  8419  8435 I native-activity: Animating
04-11 03:15:17.525  8419  8435 I native-activity: Frame 337 GL error is 0x0
04-11 03:15:17.525  8419  8435 I native-activity: Frame 337 time is 33.756ms
04-11 03:15:17.525  8419  8435 I native-activity: Swap 337 time is 33.783ms
04-11 03:15:17.525  8419  8435 I native-activity: Animating
04-11 03:15:17.565  8419  8435 I native-activity: Frame 338 GL error is 0x0
04-11 03:15:17.565  8419  8435 I native-activity: Frame 338 time is 35.693ms
04-11 03:15:17.565  8419  8435 I native-activity: Swap 338 time is 36.075ms
04-11 03:15:17.565  8419  8435 I native-activity: Animating
04-11 03:15:17.595  8419  8435 I native-activity: Frame 339 GL error is 0x0
04-11 03:15:17.595  8419  8435 I native-activity: Frame 339 time is 33.770ms
04-11 03:15:17.595  8419  8435 I native-activity: Swap 339 time is 34.368ms
04-11 03:15:17.595  8419  8435 I native-activity: Animating
04-11 03:15:17.635  8419  8435 I native-activity: Frame 340 GL error is 0x0
04-11 03:15:17.635  8419  8435 I native-activity: Frame 340 time is 33.718ms
04-11 03:15:17.635  8419  8435 I native-activity: Swap 340 time is 34.086ms
04-11 03:15:17.635  8419  8435 I native-activity: Animating
04-11 03:15:17.665  8419  8435 I native-activity: Frame 341 GL error is 0x0
04-11 03:15:17.665  8419  8435 I native-activity: Frame 341 time is 33.903ms
04-11 03:15:17.665  8419  8435 I native-activity: Swap 341 time is 34.255ms
04-11 03:15:17.665  8419  8435 I native-activity: Animating
04-11 03:15:17.705  8419  8435 I native-activity: Frame 342 GL error is 0x0
04-11 03:15:17.705  8419  8435 I native-activity: Frame 342 time is 34.165ms
04-11 03:15:17.705  8419  8435 I native-activity: Swap 342 time is 34.524ms
04-11 03:15:17.705  8419  8435 I native-activity: Animating
04-11 03:15:17.735  8419  8435 I native-activity: Frame 343 GL error is 0x0
04-11 03:15:17.735  8419  8435 I native-activity: Frame 343 time is 33.932ms
04-11 03:15:17.735  8419  8435 I native-activity: Swap 343 time is 34.263ms
04-11 03:15:17.735  8419  8435 I native-activity: Animating
04-11 03:15:17.765 27027 27027 D StatusBar.NetworkController: refreshViews: Data not connected!! Set no data type icon / Roaming
04-11 03:15:17.775  8419  8435 I native-activity: Frame 344 GL error is 0x0
04-11 03:15:17.775  8419  8435 I native-activity: Frame 344 time is 35.073ms
04-11 03:15:17.775  8419  8435 I native-activity: Swap 344 time is 35.365ms
04-11 03:15:17.775  8419  8435 I native-activity: Animating
04-11 03:15:17.805  8419  8435 I native-activity: Frame 345 GL error is 0x0
04-11 03:15:17.805  8419  8435 I native-activity: Frame 345 time is 32.957ms
04-11 03:15:17.805  8419  8435 I native-activity: Swap 345 time is 33.304ms
04-11 03:15:17.805  8419  8435 I native-activity: Animating
04-11 03:15:17.835  8419  8435 I native-activity: Frame 346 GL error is 0x0
04-11 03:15:17.835  8419  8435 I native-activity: Frame 346 time is 34.428ms
04-11 03:15:17.835  8419  8435 I native-activity: Swap 346 time is 34.737ms
04-11 03:15:17.845  8419  8435 I native-activity: Animating
04-11 03:15:17.875  8419  8435 I native-activity: Frame 347 GL error is 0x0
04-11 03:15:17.875  8419  8435 I native-activity: Frame 347 time is 33.611ms
04-11 03:15:17.875  8419  8435 I native-activity: Swap 347 time is 33.967ms
04-11 03:15:17.875  8419  8435 I native-activity: Animating
04-11 03:15:17.905  8419  8435 I native-activity: Frame 348 GL error is 0x0
04-11 03:15:17.905  8419  8435 I native-activity: Frame 348 time is 34.154ms
04-11 03:15:17.905  8419  8435 I native-activity: Swap 348 time is 34.501ms
04-11 03:15:17.905  8419  8435 I native-activity: Animating
04-11 03:15:17.945  8419  8435 I native-activity: Frame 349 GL error is 0x0
04-11 03:15:17.945  8419  8435 I native-activity: Frame 349 time is 34.013ms
04-11 03:15:17.945  8419  8435 I native-activity: Swap 349 time is 34.356ms
04-11 03:15:17.945  8419  8435 I native-activity: Animating
04-11 03:15:17.955 26866 26922 D WifiStateMachine: RSSI dipped below -75 dB. Current RSSI: -89 dB
04-11 03:15:17.975  8419  8435 I native-activity: Frame 350 GL error is 0x0
04-11 03:15:17.975  8419  8435 I native-activity: Frame 350 time is 34.061ms
04-11 03:15:17.975  8419  8435 I native-activity: Swap 350 time is 34.410ms
04-11 03:15:17.975  8419  8435 I native-activity: Animating
04-11 03:15:18.005 27027 27027 D StatusBar.NetworkController: refreshViews: Data not connected!! Set no data type icon / Roaming
04-11 03:15:18.015  8419  8435 I native-activity: Frame 351 GL error is 0x0
04-11 03:15:18.015  8419  8435 I native-activity: Frame 351 time is 34.316ms
04-11 03:15:18.015  8419  8435 I native-activity: Swap 351 time is 34.608ms
04-11 03:15:18.015  8419  8435 I native-activity: Animating
04-11 03:15:18.045  8419  8435 I native-activity: Frame 352 GL error is 0x0
04-11 03:15:18.045  8419  8435 I native-activity: Frame 352 time is 33.388ms
04-11 03:15:18.045  8419  8435 I native-activity: Swap 352 time is 33.741ms
04-11 03:15:18.045  8419  8435 I native-activity: Animating
04-11 03:15:18.085  8419  8435 I native-activity: Frame 353 GL error is 0x0
04-11 03:15:18.085  8419  8435 I native-activity: Frame 353 time is 39.224ms
04-11 03:15:18.085  8419  8435 I native-activity: Swap 353 time is 39.607ms
04-11 03:15:18.085  8419  8435 I native-activity: Animating
04-11 03:15:18.115  8419  8435 I native-activity: Frame 354 GL error is 0x0
04-11 03:15:18.115  8419  8435 I native-activity: Frame 354 time is 30.115ms
04-11 03:15:18.115  8419  8435 I native-activity: Swap 354 time is 30.434ms
04-11 03:15:18.115  8419  8435 I native-activity: Animating
04-11 03:15:18.155  8419  8435 I native-activity: Frame 355 GL error is 0x0
04-11 03:15:18.155  8419  8435 I native-activity: Frame 355 time is 34.076ms
04-11 03:15:18.155  8419  8435 I native-activity: Swap 355 time is 34.402ms
04-11 03:15:18.155  8419  8435 I native-activity: Animating
04-11 03:15:18.185  8419  8435 I native-activity: Frame 356 GL error is 0x0
04-11 03:15:18.185  8419  8435 I native-activity: Frame 356 time is 34.009ms
04-11 03:15:18.185  8419  8435 I native-activity: Swap 356 time is 34.339ms
04-11 03:15:18.185  8419  8435 I native-activity: Animating
04-11 03:15:18.225  8419  8435 I native-activity: Frame 357 GL error is 0x0
04-11 03:15:18.225  8419  8435 I native-activity: Frame 357 time is 33.219ms
04-11 03:15:18.225  8419  8435 I native-activity: Swap 357 time is 33.783ms
04-11 03:15:18.225  8419  8435 I native-activity: Animating
04-11 03:15:18.255  8419  8435 I native-activity: Frame 358 GL error is 0x0
04-11 03:15:18.255  8419  8435 I native-activity: Frame 358 time is 33.542ms
04-11 03:15:18.255  8419  8435 I native-activity: Swap 358 time is 33.939ms
04-11 03:15:18.255  8419  8435 I native-activity: Animating
04-11 03:15:18.295  8419  8435 I native-activity: Frame 359 GL error is 0x0
04-11 03:15:18.295  8419  8435 I native-activity: Frame 359 time is 34.081ms
04-11 03:15:18.295  8419  8435 I native-activity: Swap 359 time is 34.457ms
04-11 03:15:18.295  8419  8435 I native-activity: Animating
04-11 03:15:18.325  8419  8435 I native-activity: Frame 360 GL error is 0x0
04-11 03:15:18.325  8419  8435 I native-activity: Frame 360 time is 33.544ms
04-11 03:15:18.325  8419  8435 I native-activity: Swap 360 time is 33.883ms
04-11 03:15:18.325  8419  8435 I native-activity: Animating
04-11 03:15:18.355  8419  8435 I native-activity: Frame 361 GL error is 0x0
04-11 03:15:18.355  8419  8435 I native-activity: Frame 361 time is 34.116ms
04-11 03:15:18.365  8419  8435 I native-activity: Swap 361 time is 34.545ms
04-11 03:15:18.365  8419  8435 I native-activity: Animating
04-11 03:15:18.395  8419  8435 I native-activity: Frame 362 GL error is 0x0
04-11 03:15:18.395  8419  8435 I native-activity: Frame 362 time is 33.827ms
04-11 03:15:18.395  8419  8435 I native-activity: Swap 362 time is 34.183ms
04-11 03:15:18.395  8419  8435 I native-activity: Animating
04-11 03:15:18.425  8419  8435 I native-activity: Frame 363 GL error is 0x0
04-11 03:15:18.425  8419  8435 I native-activity: Frame 363 time is 33.046ms
04-11 03:15:18.425  8419  8435 I native-activity: Swap 363 time is 33.289ms
04-11 03:15:18.425  8419  8435 I native-activity: Animating
04-11 03:15:18.465  8419  8435 I native-activity: Frame 364 GL error is 0x0
04-11 03:15:18.465  8419  8435 I native-activity: Frame 364 time is 34.245ms
04-11 03:15:18.465  8419  8435 I native-activity: Swap 364 time is 34.738ms
04-11 03:15:18.465  8419  8435 I native-activity: Animating
04-11 03:15:18.495  8419  8435 I native-activity: Frame 365 GL error is 0x0
04-11 03:15:18.495  8419  8435 I native-activity: Frame 365 time is 33.915ms
04-11 03:15:18.495  8419  8435 I native-activity: Swap 365 time is 34.193ms
04-11 03:15:18.495  8419  8435 I native-activity: Animating
04-11 03:15:18.535  8419  8435 I native-activity: Frame 366 GL error is 0x0
04-11 03:15:18.535  8419  8435 I native-activity: Frame 366 time is 34.195ms
04-11 03:15:18.535  8419  8435 I native-activity: Swap 366 time is 34.483ms
04-11 03:15:18.535  8419  8435 I native-activity: Animating
04-11 03:15:18.565  8419  8435 I native-activity: Frame 367 GL error is 0x0
04-11 03:15:18.565  8419  8435 I native-activity: Frame 367 time is 34.203ms
04-11 03:15:18.565  8419  8435 I native-activity: Swap 367 time is 34.471ms
04-11 03:15:18.565  8419  8435 I native-activity: Animating
04-11 03:15:18.605  8419  8435 I native-activity: Frame 368 GL error is 0x0
04-11 03:15:18.605  8419  8435 I native-activity: Frame 368 time is 34.250ms
04-11 03:15:18.605  8419  8435 I native-activity: Swap 368 time is 34.546ms
04-11 03:15:18.605  8419  8435 I native-activity: Animating
04-11 03:15:18.635  8419  8435 I native-activity: Frame 369 GL error is 0x0
04-11 03:15:18.635  8419  8435 I native-activity: Frame 369 time is 34.183ms
04-11 03:15:18.635  8419  8435 I native-activity: Swap 369 time is 34.451ms
04-11 03:15:18.635  8419  8435 I native-activity: Animating
04-11 03:15:18.675  8419  8435 I native-activity: Frame 370 GL error is 0x0
04-11 03:15:18.675  8419  8435 I native-activity: Frame 370 time is 34.361ms
04-11 03:15:18.675  8419  8435 I native-activity: Swap 370 time is 34.662ms
04-11 03:15:18.675  8419  8435 I native-activity: Animating
04-11 03:15:18.705  8419  8435 I native-activity: Frame 371 GL error is 0x0
04-11 03:15:18.705  8419  8435 I native-activity: Frame 371 time is 34.370ms
04-11 03:15:18.705  8419  8435 I native-activity: Swap 371 time is 34.774ms
04-11 03:15:18.705  8419  8435 I native-activity: Animating
04-11 03:15:18.745  8419  8435 I native-activity: Frame 372 GL error is 0x0
04-11 03:15:18.745  8419  8435 I native-activity: Frame 372 time is 34.369ms
04-11 03:15:18.745  8419  8435 I native-activity: Swap 372 time is 34.584ms
04-11 03:15:18.745  8419  8435 I native-activity: Animating
04-11 03:15:18.775  8419  8435 I native-activity: Frame 373 GL error is 0x0
04-11 03:15:18.775  8419  8435 I native-activity: Frame 373 time is 34.023ms
04-11 03:15:18.775  8419  8435 I native-activity: Swap 373 time is 34.264ms
04-11 03:15:18.775  8419  8435 I native-activity: Animating
04-11 03:15:18.815  8419  8435 I native-activity: Frame 374 GL error is 0x0
04-11 03:15:18.815  8419  8435 I native-activity: Frame 374 time is 34.167ms
04-11 03:15:18.815  8419  8435 I native-activity: Swap 374 time is 34.390ms
04-11 03:15:18.815  8419  8435 I native-activity: Animating
04-11 03:15:18.845  8419  8435 I native-activity: Frame 375 GL error is 0x0
04-11 03:15:18.845  8419  8435 I native-activity: Frame 375 time is 34.541ms
04-11 03:15:18.845  8419  8435 I native-activity: Swap 375 time is 34.798ms
04-11 03:15:18.845  8419  8435 I native-activity: Animating
04-11 03:15:18.875  8419  8435 I native-activity: Frame 376 GL error is 0x0
04-11 03:15:18.875  8419  8435 I native-activity: Frame 376 time is 33.982ms
04-11 03:15:18.875  8419  8435 I native-activity: Swap 376 time is 34.290ms
04-11 03:15:18.885  8419  8435 I native-activity: Animating
04-11 03:15:18.915  8419  8435 I native-activity: Frame 377 GL error is 0x0
04-11 03:15:18.915  8419  8435 I native-activity: Frame 377 time is 34.286ms
04-11 03:15:18.915  8419  8435 I native-activity: Swap 377 time is 34.553ms
04-11 03:15:18.915  8419  8435 I native-activity: Animating
04-11 03:15:18.945  8419  8435 I native-activity: Frame 378 GL error is 0x0
04-11 03:15:18.945  8419  8435 I native-activity: Frame 378 time is 34.077ms
04-11 03:15:18.945  8419  8435 I native-activity: Swap 378 time is 34.381ms
04-11 03:15:18.945  8419  8435 I native-activity: Animating
04-11 03:15:18.985  8419  8435 I native-activity: Frame 379 GL error is 0x0
04-11 03:15:18.985  8419  8435 I native-activity: Frame 379 time is 34.576ms
04-11 03:15:18.985  8419  8435 I native-activity: Swap 379 time is 34.838ms
04-11 03:15:18.985  8419  8435 I native-activity: Animating
04-11 03:15:19.005 27027 27027 D StatusBar.NetworkController: refreshViews: Data not connected!! Set no data type icon / Roaming
04-11 03:15:19.015  8419  8435 I native-activity: Frame 380 GL error is 0x0
04-11 03:15:19.015  8419  8435 I native-activity: Frame 380 time is 34.200ms
04-11 03:15:19.015  8419  8435 I native-activity: Swap 380 time is 34.448ms
04-11 03:15:19.015  8419  8435 I native-activity: Animating
04-11 03:15:19.055  8419  8435 I native-activity: Frame 381 GL error is 0x0
04-11 03:15:19.055  8419  8435 I native-activity: Frame 381 time is 35.120ms
04-11 03:15:19.055  8419  8435 I native-activity: Swap 381 time is 35.497ms
04-11 03:15:19.055  8419  8435 I native-activity: Animating
04-11 03:15:19.085  8419  8435 I native-activity: Frame 382 GL error is 0x0
04-11 03:15:19.085  8419  8435 I native-activity: Frame 382 time is 34.593ms
04-11 03:15:19.085  8419  8435 I native-activity: Swap 382 time is 34.967ms
04-11 03:15:19.095  8419  8435 I native-activity: Animating
04-11 03:15:19.125  8419  8435 I native-activity: Frame 383 GL error is 0x0
04-11 03:15:19.125  8419  8435 I native-activity: Frame 383 time is 33.640ms
04-11 03:15:19.125  8419  8435 I native-activity: Swap 383 time is 34.011ms
04-11 03:15:19.125  8419  8435 I native-activity: Animating
04-11 03:15:19.155  8419  8435 I native-activity: Frame 384 GL error is 0x0
04-11 03:15:19.155  8419  8435 I native-activity: Frame 384 time is 34.595ms
04-11 03:15:19.155  8419  8435 I native-activity: Swap 384 time is 34.936ms
04-11 03:15:19.155  8419  8435 I native-activity: Animating
04-11 03:15:19.195  8419  8435 I native-activity: Frame 385 GL error is 0x0
04-11 03:15:19.195  8419  8435 I native-activity: Frame 385 time is 33.292ms
04-11 03:15:19.195  8419  8435 I native-activity: Swap 385 time is 33.551ms
04-11 03:15:19.195  8419  8435 I native-activity: Animating
04-11 03:15:19.225  8419  8435 I native-activity: Frame 386 GL error is 0x0
04-11 03:15:19.225  8419  8435 I native-activity: Frame 386 time is 34.072ms
04-11 03:15:19.225  8419  8435 I native-activity: Swap 386 time is 34.300ms
04-11 03:15:19.225  8419  8435 I native-activity: Animating
04-11 03:15:19.265  8419  8435 I native-activity: Frame 387 GL error is 0x0
04-11 03:15:19.265  8419  8435 I native-activity: Frame 387 time is 34.251ms
04-11 03:15:19.265  8419  8435 I native-activity: Swap 387 time is 34.536ms
04-11 03:15:19.265  8419  8435 I native-activity: Animating
04-11 03:15:19.295  8419  8435 I native-activity: Frame 388 GL error is 0x0
04-11 03:15:19.295  8419  8435 I native-activity: Frame 388 time is 34.394ms
04-11 03:15:19.295  8419  8435 I native-activity: Swap 388 time is 34.643ms
04-11 03:15:19.295  8419  8435 I native-activity: Animating
04-11 03:15:19.335  8419  8435 I native-activity: Frame 389 GL error is 0x0
04-11 03:15:19.335  8419  8435 I native-activity: Frame 389 time is 34.325ms
04-11 03:15:19.335  8419  8435 I native-activity: Swap 389 time is 34.550ms
04-11 03:15:19.335  8419  8435 I native-activity: Animating
04-11 03:15:19.365  8419  8435 I native-activity: Frame 390 GL error is 0x0
04-11 03:15:19.365  8419  8435 I native-activity: Frame 390 time is 34.255ms
04-11 03:15:19.365  8419  8435 I native-activity: Swap 390 time is 34.479ms
04-11 03:15:19.365  8419  8435 I native-activity: Animating
04-11 03:15:19.405  8419  8435 I native-activity: Frame 391 GL error is 0x0
04-11 03:15:19.405  8419  8435 I native-activity: Frame 391 time is 38.399ms
04-11 03:15:19.405  8419  8435 I native-activity: Swap 391 time is 38.718ms
04-11 03:15:19.405  8419  8435 I native-activity: Animating
04-11 03:15:19.435  8419  8435 I native-activity: Frame 392 GL error is 0x0
04-11 03:15:19.435  8419  8435 I native-activity: Frame 392 time is 30.204ms
04-11 03:15:19.435  8419  8435 I native-activity: Swap 392 time is 30.440ms
04-11 03:15:19.435  8419  8435 I native-activity: Animating
04-11 03:15:19.475  8419  8435 I native-activity: Frame 393 GL error is 0x0
04-11 03:15:19.475  8419  8435 I native-activity: Frame 393 time is 34.657ms
04-11 03:15:19.475  8419  8435 I native-activity: Swap 393 time is 34.883ms
04-11 03:15:19.475  8419  8435 I native-activity: Animating
04-11 03:15:19.505  8419  8435 I native-activity: Frame 394 GL error is 0x0
04-11 03:15:19.505  8419  8435 I native-activity: Frame 394 time is 34.207ms
04-11 03:15:19.505  8419  8435 I native-activity: Swap 394 time is 34.232ms
04-11 03:15:19.505  8419  8435 I native-activity: Animating
04-11 03:15:19.545  8419  8435 I native-activity: Frame 395 GL error is 0x0
04-11 03:15:19.545  8419  8435 I native-activity: Frame 395 time is 34.743ms
04-11 03:15:19.545  8419  8435 I native-activity: Swap 395 time is 34.768ms
04-11 03:15:19.545  8419  8435 I native-activity: Animating
04-11 03:15:19.625  8419  8435 I native-activity: Frame 396 GL error is 0x0
04-11 03:15:19.625  8419  8435 I native-activity: Frame 396 time is 82.901ms
04-11 03:15:19.625  8419  8435 I native-activity: Swap 396 time is 82.926ms
04-11 03:15:19.625  8419  8435 I native-activity: Animating
04-11 03:15:19.625  8419  8435 I native-activity: Frame 397 GL error is 0x0
04-11 03:15:19.625  8419  8435 I native-activity: Frame 397 time is 4.727ms
04-11 03:15:19.625  8419  8435 I native-activity: Swap 397 time is 4.764ms
04-11 03:15:19.625  8419  8435 I native-activity: Animating
04-11 03:15:19.645  8419  8435 I native-activity: Frame 398 GL error is 0x0
04-11 03:15:19.645  8419  8435 I native-activity: Frame 398 time is 16.265ms
04-11 03:15:19.645  8419  8435 I native-activity: Swap 398 time is 16.289ms
04-11 03:15:19.645  8419  8435 I native-activity: Animating
04-11 03:15:19.675  8419  8435 I native-activity: Frame 399 GL error is 0x0
04-11 03:15:19.675  8419  8435 I native-activity: Frame 399 time is 34.717ms
04-11 03:15:19.675  8419  8435 I native-activity: Swap 399 time is 34.741ms
04-11 03:15:19.675  8419  8435 I native-activity: Animating
04-11 03:15:19.745  8419  8435 I native-activity: Frame 400 GL error is 0x0
04-11 03:15:19.745  8419  8435 I native-activity: Frame 400 time is 60.531ms
04-11 03:15:19.745  8419  8435 I native-activity: Swap 400 time is 60.557ms
04-11 03:15:19.745  8419  8435 I native-activity: Animating
04-11 03:15:19.745  8419  8435 I native-activity: Frame 401 GL error is 0x0
04-11 03:15:19.745  8419  8435 I native-activity: Frame 401 time is 9.245ms
04-11 03:15:19.745  8419  8435 I native-activity: Swap 401 time is 9.362ms
04-11 03:15:19.745  8419  8435 I native-activity: Animating
04-11 03:15:19.785  8419  8435 I native-activity: Frame 402 GL error is 0x0
04-11 03:15:19.785  8419  8435 I native-activity: Frame 402 time is 34.287ms
04-11 03:15:19.785  8419  8435 I native-activity: Swap 402 time is 34.549ms
04-11 03:15:19.785  8419  8435 I native-activity: Animating
04-11 03:15:19.815  8419  8435 I native-activity: Frame 403 GL error is 0x0
04-11 03:15:19.815  8419  8435 I native-activity: Frame 403 time is 34.173ms
04-11 03:15:19.815  8419  8435 I native-activity: Swap 403 time is 34.457ms
04-11 03:15:19.815  8419  8435 I native-activity: Animating
04-11 03:15:19.915  8419  8435 I native-activity: Frame 404 GL error is 0x0
04-11 03:15:19.915  8419  8435 I native-activity: Frame 404 time is 97.182ms
04-11 03:15:19.915  8419  8435 I native-activity: Swap 404 time is 97.468ms
04-11 03:15:19.915  8419  8435 I native-activity: Animating
04-11 03:15:19.925  8419  8435 I native-activity: Frame 405 GL error is 0x0
04-11 03:15:19.925  8419  8435 I native-activity: Frame 405 time is 6.807ms
04-11 03:15:19.925  8419  8435 I native-activity: Swap 405 time is 7.038ms
04-11 03:15:19.925  8419  8435 I native-activity: Animating
04-11 03:15:19.925  8419  8435 I native-activity: Frame 406 GL error is 0x0
