04-11 03:14:49.205   354   354 E qdoverlay: src_rect mdp_rect x=0 y=0 w=2160 h=3840
04-11 03:14:49.205   354   354 E qdoverlay: dst_rect mdp_rect x=0 y=0 w=720 h=1280
04-11 03:14:49.215  8217  8233 I native-activity: Swap 183 time is 16.149ms
04-11 03:14:49.215  8217  8233 I native-activity: Animating
04-11 03:14:49.215  8217  8233 I native-activity: Frame 184 GL error is 0x0
04-11 03:14:49.215  8217  8233 I native-activity: Frame 184 time is 0.209ms
04-11 03:14:49.225   354   354 E qdoverlay: Bad ov dump:  mdp_overlay z=0 fg=0 alpha=255 mask=-1 flags=0x40000 id=8
04-11 03:14:49.225   354   354 E qdoverlay: src msmfb_img w=2176 h=3840 format=13 MDP_RGBA_8888
04-11 03:14:49.225   354   354 E qdoverlay: src_rect mdp_rect x=0 y=0 w=2160 h=3840
04-11 03:14:49.225   354   354 E qdoverlay: dst_rect mdp_rect x=0 y=0 w=720 h=1280
04-11 03:14:49.225  8217  8233 I native-activity: Swap 184 time is 16.162ms
04-11 03:14:49.225  8217  8233 I native-activity: Animating
04-11 03:14:49.225  8217  8233 I native-activity: Frame 185 GL error is 0x0
04-11 03:14:49.225  8217  8233 I native-activity: Frame 185 time is 0.207ms
04-11 03:14:49.235   354   354 E qdoverlay: Bad ov dump:  mdp_overlay z=0 fg=0 alpha=255 mask=-1 flags=0x40000 id=8
04-11 03:14:49.235   354   354 E qdoverlay: src msmfb_img w=2176 h=3840 format=13 MDP_RGBA_8888
04-11 03:14:49.235   354   354 E qdoverlay: src_rect mdp_rect x=0 y=0 w=2160 h=3840
04-11 03:14:49.235   354   354 E qdoverlay: dst_rect mdp_rect x=0 y=0 w=720 h=1280
04-11 03:14:49.245  8217  8233 I native-activity: Swap 185 time is 16.330ms
04-11 03:14:49.245  8217  8233 I native-activity: Animating
04-11 03:14:49.245  8217  8233 I native-activity: Frame 186 GL error is 0x0
04-11 03:14:49.245  8217  8233 I native-activity: Frame 186 time is 0.230ms
04-11 03:14:49.255   354   354 E qdoverlay: Bad ov dump:  mdp_overlay z=0 fg=0 alpha=255 mask=-1 flags=0x40000 id=8
04-11 03:14:49.255   354   354 E qdoverlay: src msmfb_img w=2176 h=3840 format=13 MDP_RGBA_8888
04-11 03:14:49.255   354   354 E qdoverlay: src_rect mdp_rect x=0 y=0 w=2160 h=3840
04-11 03:14:49.255   354   354 E qdoverlay: dst_rect mdp_rect x=0 y=0 w=720 h=1280
04-11 03:14:49.265  8217  8233 I native-activity: Swap 186 time is 16.184ms
04-11 03:14:49.265  8217  8233 I native-activity: Animating
04-11 03:14:49.265  8217  8233 I native-activity: Frame 187 GL error is 0x0
04-11 03:14:49.265  8217  8233 I native-activity: Frame 187 time is 0.225ms
04-11 03:14:49.265   354   354 E qdoverlay: Bad ov dump:  mdp_overlay z=0 fg=0 alpha=255 mask=-1 flags=0x40000 id=8
04-11 03:14:49.265   354   354 E qdoverlay: src msmfb_img w=2176 h=3840 format=13 MDP_RGBA_8888
04-11 03:14:49.265   354   354 E qdoverlay: src_rect mdp_rect x=0 y=0 w=2160 h=3840
04-11 03:14:49.265   354   354 E qdoverlay: dst_rect mdp_rect x=0 y=0 w=720 h=1280
04-11 03:14:49.275  8217  8233 I native-activity: Swap 187 time is 16.156ms
04-11 03:14:49.275  8217  8233 I native-activity: Animating
04-11 03:14:49.275  8217  8233 I native-activity: Frame 188 GL error is 0x0
04-11 03:14:49.275  8217  8233 I native-activity: Frame 188 time is 0.221ms
04-11 03:14:49.285   354   354 E qdoverlay: Bad ov dump:  mdp_overlay z=0 fg=0 alpha=255 mask=-1 flags=0x40000 id=8
04-11 03:14:49.285   354   354 E qdoverlay: src msmfb_img w=2176 h=3840 format=13 MDP_RGBA_8888
04-11 03:14:49.285   354   354 E qdoverlay: src_rect mdp_rect x=0 y=0 w=2160 h=3840
04-11 03:14:49.285   354   354 E qdoverlay: dst_rect mdp_rect x=0 y=0 w=720 h=1280
04-11 03:14:49.295  8217  8233 I native-activity: Swap 188 time is 16.205ms
04-11 03:14:49.295  8217  8233 I native-activity: Animating
04-11 03:14:49.295  8217  8233 I native-activity: Frame 189 GL error is 0x0
04-11 03:14:49.295  8217  8233 I native-activity: Frame 189 time is 0.213ms
04-11 03:14:49.305   354   354 E qdoverlay: Bad ov dump:  mdp_overlay z=0 fg=0 alpha=255 mask=-1 flags=0x40000 id=8
04-11 03:14:49.305   354   354 E qdoverlay: src msmfb_img w=2176 h=3840 format=13 MDP_RGBA_8888
04-11 03:14:49.305   354   354 E qdoverlay: src_rect mdp_rect x=0 y=0 w=2160 h=3840
04-11 03:14:49.305   354   354 E qdoverlay: dst_rect mdp_rect x=0 y=0 w=720 h=1280
04-11 03:14:49.315  8217  8233 I native-activity: Swap 189 time is 16.474ms
04-11 03:14:49.315  8217  8233 I native-activity: Animating
04-11 03:14:49.315  8217  8233 I native-activity: Frame 190 GL error is 0x0
04-11 03:14:49.315  8217  8233 I native-activity: Frame 190 time is 0.229ms
04-11 03:14:49.315   354   354 E qdoverlay: Bad ov dump:  mdp_overlay z=0 fg=0 alpha=255 mask=-1 flags=0x40000 id=8
04-11 03:14:49.315   354   354 E qdoverlay: src msmfb_img w=2176 h=3840 format=13 MDP_RGBA_8888
04-11 03:14:49.315   354   354 E qdoverlay: src_rect mdp_rect x=0 y=0 w=2160 h=3840
04-11 03:14:49.315   354   354 E qdoverlay: dst_rect mdp_rect x=0 y=0 w=720 h=1280
04-11 03:14:49.325  8217  8233 I native-activity: Swap 190 time is 15.995ms
04-11 03:14:49.325  8217  8233 I native-activity: Animating
04-11 03:14:49.325  8217  8233 I native-activity: Frame 191 GL error is 0x0
04-11 03:14:49.325  8217  8233 I native-activity: Frame 191 time is 0.219ms
04-11 03:14:49.335   354   354 E qdoverlay: Bad ov dump:  mdp_overlay z=0 fg=0 alpha=255 mask=-1 flags=0x40000 id=8
04-11 03:14:49.335   354   354 E qdoverlay: src msmfb_img w=2176 h=3840 format=13 MDP_RGBA_8888
04-11 03:14:49.335   354   354 E qdoverlay: src_rect mdp_rect x=0 y=0 w=2160 h=3840
04-11 03:14:49.335   354   354 E qdoverlay: dst_rect mdp_rect x=0 y=0 w=720 h=1280
04-11 03:14:49.345  8217  8233 I native-activity: Swap 191 time is 16.194ms
04-11 03:14:49.345  8217  8233 I native-activity: Animating
04-11 03:14:49.345  8217  8233 I native-activity: Frame 192 GL error is 0x0
04-11 03:14:49.345  8217  8233 I native-activity: Frame 192 time is 0.212ms
04-11 03:14:49.355   354   354 E qdoverlay: Bad ov dump:  mdp_overlay z=0 fg=0 alpha=255 mask=-1 flags=0x40000 id=8
04-11 03:14:49.355   354   354 E qdoverlay: src msmfb_img w=2176 h=3840 format=13 MDP_RGBA_8888
04-11 03:14:49.355   354   354 E qdoverlay: src_rect mdp_rect x=0 y=0 w=2160 h=3840
04-11 03:14:49.355   354   354 E qdoverlay: dst_rect mdp_rect x=0 y=0 w=720 h=1280
04-11 03:14:49.355  8217  8233 I native-activity: Swap 192 time is 16.277ms
04-11 03:14:49.355  8217  8233 I native-activity: Animating
04-11 03:14:49.355  8217  8233 I native-activity: Frame 193 GL error is 0x0
04-11 03:14:49.365  8217  8233 I native-activity: Frame 193 time is 0.261ms
04-11 03:14:49.365   354   354 E qdoverlay: Bad ov dump:  mdp_overlay z=0 fg=0 alpha=255 mask=-1 flags=0x40000 id=8
04-11 03:14:49.365   354   354 E qdoverlay: src msmfb_img w=2176 h=3840 format=13 MDP_RGBA_8888
04-11 03:14:49.365   354   354 E qdoverlay: src_rect mdp_rect x=0 y=0 w=2160 h=3840
04-11 03:14:49.365   354   354 E qdoverlay: dst_rect mdp_rect x=0 y=0 w=720 h=1280
04-11 03:14:49.375  8217  8233 I native-activity: Swap 193 time is 16.195ms
04-11 03:14:49.375  8217  8233 I native-activity: Animating
04-11 03:14:49.375  8217  8233 I native-activity: Frame 194 GL error is 0x0
04-11 03:14:49.375  8217  8233 I native-activity: Frame 194 time is 0.214ms
04-11 03:14:49.385   354   354 E qdoverlay: Bad ov dump:  mdp_overlay z=0 fg=0 alpha=255 mask=-1 flags=0x40000 id=8
04-11 03:14:49.385   354   354 E qdoverlay: src msmfb_img w=2176 h=3840 format=13 MDP_RGBA_8888
04-11 03:14:49.385   354   354 E qdoverlay: src_rect mdp_rect x=0 y=0 w=2160 h=3840
04-11 03:14:49.385   354   354 E qdoverlay: dst_rect mdp_rect x=0 y=0 w=720 h=1280
04-11 03:14:49.395  8217  8233 I native-activity: Swap 194 time is 16.309ms
04-11 03:14:49.395  8217  8233 I native-activity: Animating
04-11 03:14:49.395  8217  8233 I native-activity: Frame 195 GL error is 0x0
04-11 03:14:49.395  8217  8233 I native-activity: Frame 195 time is 0.218ms
04-11 03:14:49.405   354   354 E qdoverlay: Bad ov dump:  mdp_overlay z=0 fg=0 alpha=255 mask=-1 flags=0x40000 id=8
04-11 03:14:49.405   354   354 E qdoverlay: src msmfb_img w=2176 h=3840 format=13 MDP_RGBA_8888
04-11 03:14:49.405   354   354 E qdoverlay: src_rect mdp_rect x=0 y=0 w=2160 h=3840
04-11 03:14:49.405   354   354 E qdoverlay: dst_rect mdp_rect x=0 y=0 w=720 h=1280
04-11 03:14:49.405  8217  8233 I native-activity: Swap 195 time is 16.203ms
04-11 03:14:49.405  8217  8233 I native-activity: Animating
04-11 03:14:49.405  8217  8233 I native-activity: Frame 196 GL error is 0x0
04-11 03:14:49.405  8217  8233 I native-activity: Frame 196 time is 0.222ms
04-11 03:14:49.415   354   354 E qdoverlay: Bad ov dump:  mdp_overlay z=0 fg=0 alpha=255 mask=-1 flags=0x40000 id=8
04-11 03:14:49.415   354   354 E qdoverlay: src msmfb_img w=2176 h=3840 format=13 MDP_RGBA_8888
04-11 03:14:49.415   354   354 E qdoverlay: src_rect mdp_rect x=0 y=0 w=2160 h=3840
04-11 03:14:49.415   354   354 E qdoverlay: dst_rect mdp_rect x=0 y=0 w=720 h=1280
04-11 03:14:49.425  8217  8233 I native-activity: Swap 196 time is 16.278ms
04-11 03:14:49.425  8217  8233 I native-activity: Animating
04-11 03:14:49.425  8217  8233 I native-activity: Frame 197 GL error is 0x0
04-11 03:14:49.425  8217  8233 I native-activity: Frame 197 time is 0.217ms
04-11 03:14:49.435   354   354 E qdoverlay: Bad ov dump:  mdp_overlay z=0 fg=0 alpha=255 mask=-1 flags=0x40000 id=8
04-11 03:14:49.435   354   354 E qdoverlay: src msmfb_img w=2176 h=3840 format=13 MDP_RGBA_8888
04-11 03:14:49.435   354   354 E qdoverlay: src_rect mdp_rect x=0 y=0 w=2160 h=3840
04-11 03:14:49.435   354   354 E qdoverlay: dst_rect mdp_rect x=0 y=0 w=720 h=1280
04-11 03:14:49.445  8217  8233 I native-activity: Swap 197 time is 16.329ms
04-11 03:14:49.445  8217  8233 I native-activity: Animating
04-11 03:14:49.445  8217  8233 I native-activity: Frame 198 GL error is 0x0
04-11 03:14:49.445  8217  8233 I native-activity: Frame 198 time is 0.227ms
04-11 03:14:49.455   354   354 E qdoverlay: Bad ov dump:  mdp_overlay z=0 fg=0 alpha=255 mask=-1 flags=0x40000 id=8
04-11 03:14:49.455   354   354 E qdoverlay: src msmfb_img w=2176 h=3840 format=13 MDP_RGBA_8888
04-11 03:14:49.455   354   354 E qdoverlay: src_rect mdp_rect x=0 y=0 w=2160 h=3840
04-11 03:14:49.455   354   354 E qdoverlay: dst_rect mdp_rect x=0 y=0 w=720 h=1280
04-11 03:14:49.455  8217  8233 I native-activity: Swap 198 time is 16.291ms
04-11 03:14:49.455  8217  8233 I native-activity: Animating
04-11 03:14:49.455  8217  8233 I native-activity: Frame 199 GL error is 0x0
04-11 03:14:49.455  8217  8233 I native-activity: Frame 199 time is 0.212ms
04-11 03:14:49.465   354   354 E qdoverlay: Bad ov dump:  mdp_overlay z=0 fg=0 alpha=255 mask=-1 flags=0x40000 id=8
04-11 03:14:49.465   354   354 E qdoverlay: src msmfb_img w=2176 h=3840 format=13 MDP_RGBA_8888
04-11 03:14:49.465   354   354 E qdoverlay: src_rect mdp_rect x=0 y=0 w=2160 h=3840
04-11 03:14:49.465   354   354 E qdoverlay: dst_rect mdp_rect x=0 y=0 w=720 h=1280
04-11 03:14:49.475  8217  8233 I native-activity: Swap 199 time is 16.381ms
04-11 03:14:49.475  8217  8233 I native-activity: Animating
04-11 03:14:49.475  8217  8233 I native-activity: Frame 200 GL error is 0x0
04-11 03:14:49.475  8217  8233 I native-activity: Frame 200 time is 0.224ms
04-11 03:14:49.485   354   354 E qdoverlay: Bad ov dump:  mdp_overlay z=0 fg=0 alpha=255 mask=-1 flags=0x40000 id=8
04-11 03:14:49.485   354   354 E qdoverlay: src msmfb_img w=2176 h=3840 format=13 MDP_RGBA_8888
04-11 03:14:49.485   354   354 E qdoverlay: src_rect mdp_rect x=0 y=0 w=2160 h=3840
04-11 03:14:49.485   354   354 E qdoverlay: dst_rect mdp_rect x=0 y=0 w=720 h=1280
04-11 03:14:49.495  8217  8233 I native-activity: Swap 200 time is 16.338ms
04-11 03:14:49.495  8217  8233 I native-activity: Animating
04-11 03:14:49.495  8217  8233 I native-activity: Frame 201 GL error is 0x0
04-11 03:14:49.495  8217  8233 I native-activity: Frame 201 time is 0.233ms
04-11 03:14:49.505   354   354 E qdoverlay: Bad ov dump:  mdp_overlay z=0 fg=0 alpha=255 mask=-1 flags=0x40000 id=8
04-11 03:14:49.505   354   354 E qdoverlay: src msmfb_img w=2176 h=3840 format=13 MDP_RGBA_8888
04-11 03:14:49.505   354   354 E qdoverlay: src_rect mdp_rect x=0 y=0 w=2160 h=3840
04-11 03:14:49.505   354   354 E qdoverlay: dst_rect mdp_rect x=0 y=0 w=720 h=1280
04-11 03:14:49.505  8217  8233 I native-activity: Swap 201 time is 16.259ms
04-11 03:14:49.505  8217  8233 I native-activity: Animating
04-11 03:14:49.505  8217  8233 I native-activity: Frame 202 GL error is 0x0
04-11 03:14:49.505  8217  8233 I native-activity: Frame 202 time is 0.216ms
04-11 03:14:49.515   354   354 E qdoverlay: Bad ov dump:  mdp_overlay z=0 fg=0 alpha=255 mask=-1 flags=0x40000 id=8
04-11 03:14:49.515   354   354 E qdoverlay: src msmfb_img w=2176 h=3840 format=13 MDP_RGBA_8888
04-11 03:14:49.515   354   354 E qdoverlay: src_rect mdp_rect x=0 y=0 w=2160 h=3840
04-11 03:14:49.515   354   354 E qdoverlay: dst_rect mdp_rect x=0 y=0 w=720 h=1280
04-11 03:14:49.525  8217  8233 I native-activity: Swap 202 time is 16.319ms
04-11 03:14:49.525  8217  8233 I native-activity: Animating
04-11 03:14:49.525  8217  8233 I native-activity: Frame 203 GL error is 0x0
04-11 03:14:49.525  8217  8233 I native-activity: Frame 203 time is 0.232ms
04-11 03:14:49.535   354   354 E qdoverlay: Bad ov dump:  mdp_overlay z=0 fg=0 alpha=255 mask=-1 flags=0x40000 id=8
04-11 03:14:49.535   354   354 E qdoverlay: src msmfb_img w=2176 h=3840 format=13 MDP_RGBA_8888
04-11 03:14:49.535   354   354 E qdoverlay: src_rect mdp_rect x=0 y=0 w=2160 h=3840
04-11 03:14:49.535   354   354 E qdoverlay: dst_rect mdp_rect x=0 y=0 w=720 h=1280
04-11 03:14:49.545  8217  8233 I native-activity: Swap 203 time is 16.341ms
04-11 03:14:49.545  8217  8233 I native-activity: Animating
04-11 03:14:49.545  8217  8233 I native-activity: Frame 204 GL error is 0x0
04-11 03:14:49.545  8217  8233 I native-activity: Frame 204 time is 0.224ms
04-11 03:14:49.545   354   354 E qdoverlay: Bad ov dump:  mdp_overlay z=0 fg=0 alpha=255 mask=-1 flags=0x40000 id=8
04-11 03:14:49.545   354   354 E qdoverlay: src msmfb_img w=2176 h=3840 format=13 MDP_RGBA_8888
04-11 03:14:49.545   354   354 E qdoverlay: src_rect mdp_rect x=0 y=0 w=2160 h=3840
04-11 03:14:49.545   354   354 E qdoverlay: dst_rect mdp_rect x=0 y=0 w=720 h=1280
04-11 03:14:49.555  8217  8233 I native-activity: Swap 204 time is 16.303ms
04-11 03:14:49.555  8217  8233 I native-activity: Animating
04-11 03:14:49.555  8217  8233 I native-activity: Frame 205 GL error is 0x0
04-11 03:14:49.555  8217  8233 I native-activity: Frame 205 time is 0.231ms
04-11 03:14:49.565   354   354 E qdoverlay: Bad ov dump:  mdp_overlay z=0 fg=0 alpha=255 mask=-1 flags=0x40000 id=8
04-11 03:14:49.565   354   354 E qdoverlay: src msmfb_img w=2176 h=3840 format=13 MDP_RGBA_8888
04-11 03:14:49.565   354   354 E qdoverlay: src_rect mdp_rect x=0 y=0 w=2160 h=3840
04-11 03:14:49.565   354   354 E qdoverlay: dst_rect mdp_rect x=0 y=0 w=720 h=1280
04-11 03:14:49.575  8217  8233 I native-activity: Swap 205 time is 16.231ms
04-11 03:14:49.575  8217  8233 I native-activity: Animating
04-11 03:14:49.575  8217  8233 I native-activity: Frame 206 GL error is 0x0
04-11 03:14:49.575  8217  8233 I native-activity: Frame 206 time is 0.219ms
04-11 03:14:49.585   354   354 E qdoverlay: Bad ov dump:  mdp_overlay z=0 fg=0 alpha=255 mask=-1 flags=0x40000 id=8
04-11 03:14:49.585   354   354 E qdoverlay: src msmfb_img w=2176 h=3840 format=13 MDP_RGBA_8888
04-11 03:14:49.585   354   354 E qdoverlay: src_rect mdp_rect x=0 y=0 w=2160 h=3840
04-11 03:14:49.585   354   354 E qdoverlay: dst_rect mdp_rect x=0 y=0 w=720 h=1280
04-11 03:14:49.595  8217  8233 I native-activity: Swap 206 time is 16.393ms
04-11 03:14:49.595  8217  8233 I native-activity: Animating
04-11 03:14:49.595  8217  8233 I native-activity: Frame 207 GL error is 0x0
04-11 03:14:49.595  8217  8233 I native-activity: Frame 207 time is 0.228ms
04-11 03:14:49.595   354   354 E qdoverlay: Bad ov dump:  mdp_overlay z=0 fg=0 alpha=255 mask=-1 flags=0x40000 id=8
04-11 03:14:49.595   354   354 E qdoverlay: src msmfb_img w=2176 h=3840 format=13 MDP_RGBA_8888
04-11 03:14:49.595   354   354 E qdoverlay: src_rect mdp_rect x=0 y=0 w=2160 h=3840
04-11 03:14:49.595   354   354 E qdoverlay: dst_rect mdp_rect x=0 y=0 w=720 h=1280
04-11 03:14:49.605  8217  8233 I native-activity: Swap 207 time is 16.147ms
04-11 03:14:49.605  8217  8233 I native-activity: Animating
04-11 03:14:49.605  8217  8233 I native-activity: Frame 208 GL error is 0x0
04-11 03:14:49.605  8217  8233 I native-activity: Frame 208 time is 0.224ms
04-11 03:14:49.615   354   354 E qdoverlay: Bad ov dump:  mdp_overlay z=0 fg=0 alpha=255 mask=-1 flags=0x40000 id=8
04-11 03:14:49.615   354   354 E qdoverlay: src msmfb_img w=2176 h=3840 format=13 MDP_RGBA_8888
04-11 03:14:49.615   354   354 E qdoverlay: src_rect mdp_rect x=0 y=0 w=2160 h=3840
04-11 03:14:49.615   354   354 E qdoverlay: dst_rect mdp_rect x=0 y=0 w=720 h=1280
04-11 03:14:49.625  8217  8233 I native-activity: Swap 208 time is 16.227ms
04-11 03:14:49.625  8217  8233 I native-activity: Animating
04-11 03:14:49.625  8217  8233 I native-activity: Frame 209 GL error is 0x0
04-11 03:14:49.625  8217  8233 I native-activity: Frame 209 time is 0.219ms
04-11 03:14:49.635   354   354 E qdoverlay: Bad ov dump:  mdp_overlay z=0 fg=0 alpha=255 mask=-1 flags=0x40000 id=8
04-11 03:14:49.635   354   354 E qdoverlay: src msmfb_img w=2176 h=3840 format=13 MDP_RGBA_8888
04-11 03:14:49.635   354   354 E qdoverlay: src_rect mdp_rect x=0 y=0 w=2160 h=3840
04-11 03:14:49.635   354   354 E qdoverlay: dst_rect mdp_rect x=0 y=0 w=720 h=1280
04-11 03:14:49.635  8217  8233 I native-activity: Swap 209 time is 16.261ms
04-11 03:14:49.635  8217  8233 I native-activity: Animating
04-11 03:14:49.635  8217  8233 I native-activity: Frame 210 GL error is 0x0
04-11 03:14:49.635  8217  8233 I native-activity: Frame 210 time is 0.221ms
04-11 03:14:49.645   354   354 E qdoverlay: Bad ov dump:  mdp_overlay z=0 fg=0 alpha=255 mask=-1 flags=0x40000 id=8
04-11 03:14:49.645   354   354 E qdoverlay: src msmfb_img w=2176 h=3840 format=13 MDP_RGBA_8888
04-11 03:14:49.645   354   354 E qdoverlay: src_rect mdp_rect x=0 y=0 w=2160 h=3840
04-11 03:14:49.645   354   354 E qdoverlay: dst_rect mdp_rect x=0 y=0 w=720 h=1280
04-11 03:14:49.655  8217  8233 I native-activity: Swap 210 time is 16.447ms
04-11 03:14:49.655  8217  8233 I native-activity: Animating
04-11 03:14:49.655  8217  8233 I native-activity: Frame 211 GL error is 0x0
04-11 03:14:49.655  8217  8233 I native-activity: Frame 211 time is 0.241ms
04-11 03:14:49.665   354   354 E qdoverlay: Bad ov dump:  mdp_overlay z=0 fg=0 alpha=255 mask=-1 flags=0x40000 id=8
04-11 03:14:49.665   354   354 E qdoverlay: src msmfb_img w=2176 h=3840 format=13 MDP_RGBA_8888
04-11 03:14:49.665   354   354 E qdoverlay: src_rect mdp_rect x=0 y=0 w=2160 h=3840
04-11 03:14:49.665   354   354 E qdoverlay: dst_rect mdp_rect x=0 y=0 w=720 h=1280
04-11 03:14:49.675  8217  8233 I native-activity: Swap 211 time is 16.717ms
04-11 03:14:49.675  8217  8233 I native-activity: Animating
04-11 03:14:49.675  8217  8233 I native-activity: Frame 212 GL error is 0x0
04-11 03:14:49.675  8217  8233 I native-activity: Frame 212 time is 0.264ms
04-11 03:14:49.685   354   354 E qdoverlay: Bad ov dump:  mdp_overlay z=0 fg=0 alpha=255 mask=-1 flags=0x40000 id=8
04-11 03:14:49.685   354   354 E qdoverlay: src msmfb_img w=2176 h=3840 format=13 MDP_RGBA_8888
04-11 03:14:49.685   354   354 E qdoverlay: src_rect mdp_rect x=0 y=0 w=2160 h=3840
04-11 03:14:49.685   354   354 E qdoverlay: dst_rect mdp_rect x=0 y=0 w=720 h=1280
04-11 03:14:49.685  8217  8233 I native-activity: Swap 212 time is 15.869ms
04-11 03:14:49.685  8217  8233 I native-activity: Animating
04-11 03:14:49.685  8217  8233 I native-activity: Frame 213 GL error is 0x0
04-11 03:14:49.685  8217  8233 I native-activity: Frame 213 time is 0.238ms
04-11 03:14:49.695   354   354 E qdoverlay: Bad ov dump:  mdp_overlay z=0 fg=0 alpha=255 mask=-1 flags=0x40000 id=8
04-11 03:14:49.695   354   354 E qdoverlay: src msmfb_img w=2176 h=3840 format=13 MDP_RGBA_8888
04-11 03:14:49.695   354   354 E qdoverlay: src_rect mdp_rect x=0 y=0 w=2160 h=3840
04-11 03:14:49.695   354   354 E qdoverlay: dst_rect mdp_rect x=0 y=0 w=720 h=1280
04-11 03:14:49.705  8217  8233 I native-activity: Swap 213 time is 16.198ms
04-11 03:14:49.705  8217  8233 I native-activity: Animating
04-11 03:14:49.705  8217  8233 I native-activity: Frame 214 GL error is 0x0
04-11 03:14:49.705  8217  8233 I native-activity: Frame 214 time is 0.233ms
04-11 03:14:49.715   354   354 E qdoverlay: Bad ov dump:  mdp_overlay z=0 fg=0 alpha=255 mask=-1 flags=0x40000 id=8
04-11 03:14:49.715   354   354 E qdoverlay: src msmfb_img w=2176 h=3840 format=13 MDP_RGBA_8888
04-11 03:14:49.715   354   354 E qdoverlay: src_rect mdp_rect x=0 y=0 w=2160 h=3840
04-11 03:14:49.715   354   354 E qdoverlay: dst_rect mdp_rect x=0 y=0 w=720 h=1280
04-11 03:14:49.725  8217  8233 I native-activity: Swap 214 time is 16.409ms
04-11 03:14:49.725  8217  8233 I native-activity: Animating
04-11 03:14:49.725  8217  8233 I native-activity: Frame 215 GL error is 0x0
04-11 03:14:49.725  8217  8233 I native-activity: Frame 215 time is 0.242ms
04-11 03:14:49.735   354   354 E qdoverlay: Bad ov dump:  mdp_overlay z=0 fg=0 alpha=255 mask=-1 flags=0x40000 id=8
04-11 03:14:49.735   354   354 E qdoverlay: src msmfb_img w=2176 h=3840 format=13 MDP_RGBA_8888
04-11 03:14:49.735   354   354 E qdoverlay: src_rect mdp_rect x=0 y=0 w=2160 h=3840
04-11 03:14:49.735   354   354 E qdoverlay: dst_rect mdp_rect x=0 y=0 w=720 h=1280
04-11 03:14:49.735  8217  8233 I native-activity: Swap 215 time is 16.114ms
04-11 03:14:49.735  8217  8233 I native-activity: Animating
04-11 03:14:49.735  8217  8233 I native-activity: Frame 216 GL error is 0x0
04-11 03:14:49.735  8217  8233 I native-activity: Frame 216 time is 0.227ms
04-11 03:14:49.745   354   354 E qdoverlay: Bad ov dump:  mdp_overlay z=0 fg=0 alpha=255 mask=-1 flags=0x40000 id=8
04-11 03:14:49.745   354   354 E qdoverlay: src msmfb_img w=2176 h=3840 format=13 MDP_RGBA_8888
04-11 03:14:49.745   354   354 E qdoverlay: src_rect mdp_rect x=0 y=0 w=2160 h=3840
04-11 03:14:49.745   354   354 E qdoverlay: dst_rect mdp_rect x=0 y=0 w=720 h=1280
04-11 03:14:49.755  8217  8233 I native-activity: Swap 216 time is 16.238ms
04-11 03:14:49.755  8217  8233 I native-activity: Animating
04-11 03:14:49.755  8217  8233 I native-activity: Frame 217 GL error is 0x0
04-11 03:14:49.755  8217  8233 I native-activity: Frame 217 time is 0.163ms
04-11 03:14:49.765   354   354 E qdoverlay: Bad ov dump:  mdp_overlay z=0 fg=0 alpha=255 mask=-1 flags=0x40000 id=8
04-11 03:14:49.765   354   354 E qdoverlay: src msmfb_img w=2176 h=3840 format=13 MDP_RGBA_8888
04-11 03:14:49.765   354   354 E qdoverlay: src_rect mdp_rect x=0 y=0 w=2160 h=3840
04-11 03:14:49.765   354   354 E qdoverlay: dst_rect mdp_rect x=0 y=0 w=720 h=1280
04-11 03:14:49.775  8217  8233 I native-activity: Swap 217 time is 16.345ms
04-11 03:14:49.775  8217  8233 I native-activity: Animating
04-11 03:14:49.775  8217  8233 I native-activity: Frame 218 GL error is 0x0
04-11 03:14:49.775  8217  8233 I native-activity: Frame 218 time is 0.233ms
04-11 03:14:49.775   354   354 E qdoverlay: Bad ov dump:  mdp_overlay z=0 fg=0 alpha=255 mask=-1 flags=0x40000 id=8
04-11 03:14:49.775   354   354 E qdoverlay: src msmfb_img w=2176 h=3840 format=13 MDP_RGBA_8888
04-11 03:14:49.775   354   354 E qdoverlay: src_rect mdp_rect x=0 y=0 w=2160 h=3840
04-11 03:14:49.775   354   354 E qdoverlay: dst_rect mdp_rect x=0 y=0 w=720 h=1280
04-11 03:14:49.785  8217  8233 I native-activity: Swap 218 time is 16.339ms
04-11 03:14:49.785  8217  8233 I native-activity: Animating
04-11 03:14:49.785  8217  8233 I native-activity: Frame 219 GL error is 0x0
04-11 03:14:49.785  8217  8233 I native-activity: Frame 219 time is 0.469ms
04-11 03:14:49.795   354   354 E qdoverlay: Bad ov dump:  mdp_overlay z=0 fg=0 alpha=255 mask=-1 flags=0x40000 id=8
04-11 03:14:49.795   354   354 E qdoverlay: src msmfb_img w=2176 h=3840 format=13 MDP_RGBA_8888
04-11 03:14:49.795   354   354 E qdoverlay: src_rect mdp_rect x=0 y=0 w=2160 h=3840
04-11 03:14:49.795   354   354 E qdoverlay: dst_rect mdp_rect x=0 y=0 w=720 h=1280
04-11 03:14:49.805  8217  8233 I native-activity: Swap 219 time is 16.270ms
04-11 03:14:49.805  8217  8233 I native-activity: Animating
04-11 03:14:49.805  8217  8233 I native-activity: Frame 220 GL error is 0x0
04-11 03:14:49.805  8217  8233 I native-activity: Frame 220 time is 0.242ms
04-11 03:14:49.815   354   354 E qdoverlay: Bad ov dump:  mdp_overlay z=0 fg=0 alpha=255 mask=-1 flags=0x40000 id=8
04-11 03:14:49.815   354   354 E qdoverlay: src msmfb_img w=2176 h=3840 format=13 MDP_RGBA_8888
04-11 03:14:49.815   354   354 E qdoverlay: src_rect mdp_rect x=0 y=0 w=2160 h=3840
04-11 03:14:49.815   354   354 E qdoverlay: dst_rect mdp_rect x=0 y=0 w=720 h=1280
04-11 03:14:49.825  8217  8233 I native-activity: Swap 220 time is 16.270ms
04-11 03:14:49.825  8217  8233 I native-activity: Animating
04-11 03:14:49.825  8217  8233 I native-activity: Frame 221 GL error is 0x0
04-11 03:14:49.825  8217  8233 I native-activity: Frame 221 time is 0.229ms
04-11 03:14:49.825   354   354 E qdoverlay: Bad ov dump:  mdp_overlay z=0 fg=0 alpha=255 mask=-1 flags=0x40000 id=8
04-11 03:14:49.825   354   354 E qdoverlay: src msmfb_img w=2176 h=3840 format=13 MDP_RGBA_8888
04-11 03:14:49.825   354   354 E qdoverlay: src_rect mdp_rect x=0 y=0 w=2160 h=3840
04-11 03:14:49.825   354   354 E qdoverlay: dst_rect mdp_rect x=0 y=0 w=720 h=1280
04-11 03:14:49.835  8217  8233 I native-activity: Swap 221 time is 16.210ms
04-11 03:14:49.835  8217  8233 I native-activity: Animating
04-11 03:14:49.835  8217  8233 I native-activity: Frame 222 GL error is 0x0
04-11 03:14:49.835  8217  8233 I native-activity: Frame 222 time is 0.221ms
04-11 03:14:49.845   354   354 E qdoverlay: Bad ov dump:  mdp_overlay z=0 fg=0 alpha=255 mask=-1 flags=0x40000 id=8
04-11 03:14:49.845   354   354 E qdoverlay: src msmfb_img w=2176 h=3840 format=13 MDP_RGBA_8888
04-11 03:14:49.845   354   354 E qdoverlay: src_rect mdp_rect x=0 y=0 w=2160 h=3840
04-11 03:14:49.845   354   354 E qdoverlay: dst_rect mdp_rect x=0 y=0 w=720 h=1280
04-11 03:14:49.855  8217  8233 I native-activity: Swap 222 time is 16.422ms
04-11 03:14:49.855  8217  8233 I native-activity: Animating
04-11 03:14:49.855  8217  8233 I native-activity: Frame 223 GL error is 0x0
04-11 03:14:49.855  8217  8233 I native-activity: Frame 223 time is 0.311ms
04-11 03:14:49.865   354   354 E qdoverlay: Bad ov dump:  mdp_overlay z=0 fg=0 alpha=255 mask=-1 flags=0x40000 id=8
04-11 03:14:49.865   354   354 E qdoverlay: src msmfb_img w=2176 h=3840 format=13 MDP_RGBA_8888
04-11 03:14:49.865   354   354 E qdoverlay: src_rect mdp_rect x=0 y=0 w=2160 h=3840
04-11 03:14:49.865   354   354 E qdoverlay: dst_rect mdp_rect x=0 y=0 w=720 h=1280
04-11 03:14:49.865  8217  8233 I native-activity: Swap 223 time is 16.280ms
04-11 03:14:49.865  8217  8233 I native-activity: Animating
04-11 03:14:49.865  8217  8233 I native-activity: Frame 224 GL error is 0x0
04-11 03:14:49.875  8217  8233 I native-activity: Frame 224 time is 0.298ms
04-11 03:14:49.875   354   354 E qdoverlay: Bad ov dump:  mdp_overlay z=0 fg=0 alpha=255 mask=-1 flags=0x40000 id=8
04-11 03:14:49.875   354   354 E qdoverlay: src msmfb_img w=2176 h=3840 format=13 MDP_RGBA_8888
04-11 03:14:49.875   354   354 E qdoverlay: src_rect mdp_rect x=0 y=0 w=2160 h=3840
04-11 03:14:49.875   354   354 E qdoverlay: dst_rect mdp_rect x=0 y=0 w=720 h=1280
04-11 03:14:49.885  8217  8233 I native-activity: Swap 224 time is 16.248ms
04-11 03:14:49.885  8217  8233 I native-activity: Animating
04-11 03:14:49.895   354   354 E qdoverlay: Bad ov dump:  mdp_overlay z=0 fg=0 alpha=255 mask=-1 flags=0x40000 id=8
04-11 03:14:49.895   354   354 E qdoverlay: src msmfb_img w=2176 h=3840 format=13 MDP_RGBA_8888
04-11 03:14:49.895   354   354 E qdoverlay: src_rect mdp_rect x=0 y=0 w=2160 h=3840
04-11 03:14:49.895   354   354 E qdoverlay: dst_rect mdp_rect x=0 y=0 w=720 h=1280
04-11 03:14:49.915   354   354 E qdoverlay: Bad ov dump:  mdp_overlay z=0 fg=0 alpha=255 mask=-1 flags=0x40000 id=8
04-11 03:14:49.915   354   354 E qdoverlay: src msmfb_img w=2176 h=3840 format=13 MDP_RGBA_8888
04-11 03:14:49.915   354   354 E qdoverlay: src_rect mdp_rect x=0 y=0 w=2160 h=3840
04-11 03:14:49.915   354   354 E qdoverlay: dst_rect mdp_rect x=0 y=0 w=720 h=1280
04-11 03:14:49.965 27027 27027 D StatusBar.NetworkController: refreshViews: Data not connected!! Set no data type icon / Roaming
04-11 03:14:49.975  8217  8233 W Adreno-ES20: <core_glGetActiveAttrib:534>: GL_INVALID_VALUE
04-11 03:14:50.015  8217  8233 I native-activity: Frame 225 GL error is 0x501
04-11 03:14:50.015  8217  8233 I native-activity: Frame 225 time is 132.682ms
04-11 03:14:50.025  8217  8233 I native-activity: Swap 225 time is 139.692ms
04-11 03:14:50.025  8217  8233 I native-activity: Animating
04-11 03:14:50.025  8217  8233 I native-activity: Frame 226 GL error is 0x0
04-11 03:14:50.025  8217  8233 I native-activity: Frame 226 time is 1.023ms
04-11 03:14:50.045   354   354 E qdoverlay: Bad ov dump:  mdp_overlay z=0 fg=0 alpha=255 mask=-1 flags=0x40000 id=8
04-11 03:14:50.045   354   354 E qdoverlay: src msmfb_img w=2176 h=3840 format=13 MDP_RGBA_8888
04-11 03:14:50.045   354   354 E qdoverlay: src_rect mdp_rect x=0 y=0 w=2160 h=3840
04-11 03:14:50.045   354   354 E qdoverlay: dst_rect mdp_rect x=0 y=0 w=720 h=1280
04-11 03:14:50.055  8217  8233 I native-activity: Swap 226 time is 29.304ms
04-11 03:14:50.055  8217  8233 I native-activity: Animating
04-11 03:14:50.055  8217  8233 I native-activity: Frame 227 GL error is 0x0
04-11 03:14:50.055  8217  8233 I native-activity: Frame 227 time is 3.230ms
04-11 03:14:50.055   354   354 E qdoverlay: Bad ov dump:  mdp_overlay z=0 fg=0 alpha=255 mask=-1 flags=0x40000 id=8
04-11 03:14:50.055   354   354 E qdoverlay: src msmfb_img w=2176 h=3840 format=13 MDP_RGBA_8888
04-11 03:14:50.055   354   354 E qdoverlay: src_rect mdp_rect x=0 y=0 w=2160 h=3840
04-11 03:14:50.055   354   354 E qdoverlay: dst_rect mdp_rect x=0 y=0 w=720 h=1280
04-11 03:14:50.075  8217  8233 I native-activity: Swap 227 time is 19.959ms
04-11 03:14:50.075  8217  8233 I native-activity: Animating
04-11 03:14:50.075   354   354 E qdoverlay: Bad ov dump:  mdp_overlay z=0 fg=0 alpha=255 mask=-1 flags=0x40000 id=8
04-11 03:14:50.075   354   354 E qdoverlay: src msmfb_img w=2176 h=3840 format=13 MDP_RGBA_8888
04-11 03:14:50.075   354   354 E qdoverlay: src_rect mdp_rect x=0 y=0 w=2160 h=3840
04-11 03:14:50.075   354   354 E qdoverlay: dst_rect mdp_rect x=0 y=0 w=720 h=1280
04-11 03:14:50.075  8217  8233 I native-activity: Frame 228 GL error is 0x0
04-11 03:14:50.075  8217  8233 I native-activity: Frame 228 time is 1.518ms
04-11 03:14:50.105  8217  8233 I native-activity: Swap 228 time is 25.354ms
04-11 03:14:50.105  8217  8233 I native-activity: Animating
04-11 03:14:50.105  8217  8233 I native-activity: Frame 229 GL error is 0x0
04-11 03:14:50.105  8217  8233 I native-activity: Frame 229 time is 1.485ms
04-11 03:14:50.105   354   354 E qdoverlay: Bad ov dump:  mdp_overlay z=0 fg=0 alpha=255 mask=-1 flags=0x40000 id=8
04-11 03:14:50.105   354   354 E qdoverlay: src msmfb_img w=2176 h=3840 format=13 MDP_RGBA_8888
04-11 03:14:50.105   354   354 E qdoverlay: src_rect mdp_rect x=0 y=0 w=2160 h=3840
04-11 03:14:50.105   354   354 E qdoverlay: dst_rect mdp_rect x=0 y=0 w=720 h=1280
04-11 03:14:50.125   354   354 E qdoverlay: Bad ov dump:  mdp_overlay z=0 fg=0 alpha=255 mask=-1 flags=0x40000 id=8
04-11 03:14:50.125   354   354 E qdoverlay: src msmfb_img w=2176 h=3840 format=13 MDP_RGBA_8888
04-11 03:14:50.125   354   354 E qdoverlay: src_rect mdp_rect x=0 y=0 w=2160 h=3840
04-11 03:14:50.125   354   354 E qdoverlay: dst_rect mdp_rect x=0 y=0 w=720 h=1280
04-11 03:14:50.125  8217  8233 I native-activity: Swap 229 time is 24.034ms
04-11 03:14:50.125  8217  8233 I native-activity: Animating
04-11 03:14:50.125  8217  8233 I native-activity: Frame 230 GL error is 0x0
04-11 03:14:50.125  8217  8233 I native-activity: Frame 230 time is 1.159ms
04-11 03:14:50.145  8217  8233 I native-activity: Swap 230 time is 23.433ms
04-11 03:14:50.145  8217  8233 I native-activity: Animating
04-11 03:14:50.155  8217  8233 I native-activity: Frame 231 GL error is 0x0
04-11 03:14:50.155  8217  8233 I native-activity: Frame 231 time is 1.216ms
04-11 03:14:50.155   354   354 E qdoverlay: Bad ov dump:  mdp_overlay z=0 fg=0 alpha=255 mask=-1 flags=0x40000 id=8
04-11 03:14:50.155   354   354 E qdoverlay: src msmfb_img w=2176 h=3840 format=13 MDP_RGBA_8888
04-11 03:14:50.155   354   354 E qdoverlay: src_rect mdp_rect x=0 y=0 w=2160 h=3840
04-11 03:14:50.155   354   354 E qdoverlay: dst_rect mdp_rect x=0 y=0 w=720 h=1280
04-11 03:14:50.175   354   354 E qdoverlay: Bad ov dump:  mdp_overlay z=0 fg=0 alpha=255 mask=-1 flags=0x40000 id=8
04-11 03:14:50.175   354   354 E qdoverlay: src msmfb_img w=2176 h=3840 format=13 MDP_RGBA_8888
04-11 03:14:50.175   354   354 E qdoverlay: src_rect mdp_rect x=0 y=0 w=2160 h=3840
04-11 03:14:50.175   354   354 E qdoverlay: dst_rect mdp_rect x=0 y=0 w=720 h=1280
04-11 03:14:50.175  8217  8233 I native-activity: Swap 231 time is 24.521ms
04-11 03:14:50.175  8217  8233 I native-activity: Animating
04-11 03:14:50.185  8217  8233 W Adreno-ES20: <core_glGetActiveAttrib:534>: GL_INVALID_VALUE
04-11 03:14:50.215  8217  8233 I native-activity: Frame 232 GL error is 0x501
04-11 03:14:50.215  8217  8233 I native-activity: Frame 232 time is 41.087ms
04-11 03:14:50.215  8217  8233 I native-activity: Swap 232 time is 42.488ms
04-11 03:14:50.215  8217  8233 I native-activity: Animating
04-11 03:14:50.225  8217  8233 W Adreno-ES20: <core_glGetActiveAttrib:534>: GL_INVALID_VALUE
04-11 03:14:50.225   354   354 E qdoverlay: Bad ov dump:  mdp_overlay z=0 fg=0 alpha=255 mask=-1 flags=0x40000 id=8
04-11 03:14:50.225   354   354 E qdoverlay: src msmfb_img w=2176 h=3840 format=13 MDP_RGBA_8888
04-11 03:14:50.225   354   354 E qdoverlay: src_rect mdp_rect x=0 y=0 w=2160 h=3840
04-11 03:14:50.225   354   354 E qdoverlay: dst_rect mdp_rect x=0 y=0 w=720 h=1280
04-11 03:14:50.265  8217  8233 I native-activity: Frame 233 GL error is 0x501
04-11 03:14:50.265  8217  8233 I native-activity: Frame 233 time is 44.872ms
04-11 03:14:50.265  8217  8233 I native-activity: Swap 233 time is 46.070ms
04-11 03:14:50.265  8217  8233 I native-activity: Animating
04-11 03:14:50.265  8217  8233 I native-activity: Frame 234 GL error is 0x0
04-11 03:14:50.265  8217  8233 I native-activity: Frame 234 time is 2.255ms
04-11 03:14:50.275   354   354 E qdoverlay: Bad ov dump:  mdp_overlay z=0 fg=0 alpha=255 mask=-1 flags=0x40000 id=8
04-11 03:14:50.275   354   354 E qdoverlay: src msmfb_img w=2176 h=3840 format=13 MDP_RGBA_8888
04-11 03:14:50.275   354   354 E qdoverlay: src_rect mdp_rect x=0 y=0 w=2160 h=3840
04-11 03:14:50.275   354   354 E qdoverlay: dst_rect mdp_rect x=0 y=0 w=720 h=1280
04-11 03:14:50.285  8217  8233 I native-activity: Swap 234 time is 17.294ms
04-11 03:14:50.285  8217  8233 I native-activity: Animating
04-11 03:14:50.285  8217  8233 I native-activity: Frame 235 GL error is 0x0
04-11 03:14:50.285  8217  8233 I native-activity: Frame 235 time is 0.983ms
04-11 03:14:50.285   354   354 E qdoverlay: Bad ov dump:  mdp_overlay z=0 fg=0 alpha=255 mask=-1 flags=0x40000 id=8
04-11 03:14:50.285   354   354 E qdoverlay: src msmfb_img w=2176 h=3840 format=13 MDP_RGBA_8888
04-11 03:14:50.285   354   354 E qdoverlay: src_rect mdp_rect x=0 y=0 w=2160 h=3840
04-11 03:14:50.285   354   354 E qdoverlay: dst_rect mdp_rect x=0 y=0 w=720 h=1280
04-11 03:14:50.295  8217  8233 I native-activity: Swap 235 time is 18.166ms
04-11 03:14:50.295  8217  8233 I native-activity: Animating
04-11 03:14:50.305  8217  8233 I native-activity: Frame 236 GL error is 0x0
04-11 03:14:50.305  8217  8233 I native-activity: Frame 236 time is 1.217ms
04-11 03:14:50.305   354   354 E qdoverlay: Bad ov dump:  mdp_overlay z=0 fg=0 alpha=255 mask=-1 flags=0x40000 id=8
04-11 03:14:50.305   354   354 E qdoverlay: src msmfb_img w=2176 h=3840 format=13 MDP_RGBA_8888
04-11 03:14:50.305   354   354 E qdoverlay: src_rect mdp_rect x=0 y=0 w=2160 h=3840
04-11 03:14:50.305   354   354 E qdoverlay: dst_rect mdp_rect x=0 y=0 w=720 h=1280
04-11 03:14:50.315  8217  8233 I native-activity: Swap 236 time is 18.654ms
04-11 03:14:50.315  8217  8233 I native-activity: Animating
04-11 03:14:50.315  8217  8233 I native-activity: Frame 237 GL error is 0x0
04-11 03:14:50.315  8217  8233 I native-activity: Frame 237 time is 0.705ms
04-11 03:14:50.325   354   354 E qdoverlay: Bad ov dump:  mdp_overlay z=0 fg=0 alpha=255 mask=-1 flags=0x40000 id=8
04-11 03:14:50.325   354   354 E qdoverlay: src msmfb_img w=2176 h=3840 format=13 MDP_RGBA_8888
04-11 03:14:50.325   354   354 E qdoverlay: src_rect mdp_rect x=0 y=0 w=2160 h=3840
04-11 03:14:50.325   354   354 E qdoverlay: dst_rect mdp_rect x=0 y=0 w=720 h=1280
04-11 03:14:50.335  8217  8233 I native-activity: Swap 237 time is 18.373ms
04-11 03:14:50.335  8217  8233 I native-activity: Animating
04-11 03:14:50.335  8217  8233 I native-activity: Frame 238 GL error is 0x0
04-11 03:14:50.335  8217  8233 I native-activity: Frame 238 time is 0.849ms
04-11 03:14:50.335   354   354 E qdoverlay: Bad ov dump:  mdp_overlay z=0 fg=0 alpha=255 mask=-1 flags=0x40000 id=8
04-11 03:14:50.335   354   354 E qdoverlay: src msmfb_img w=2176 h=3840 format=13 MDP_RGBA_8888
04-11 03:14:50.335   354   354 E qdoverlay: src_rect mdp_rect x=0 y=0 w=2160 h=3840
04-11 03:14:50.335   354   354 E qdoverlay: dst_rect mdp_rect x=0 y=0 w=720 h=1280
04-11 03:14:50.355   354   354 E qdoverlay: Bad ov dump:  mdp_overlay z=0 fg=0 alpha=255 mask=-1 flags=0x40000 id=8
04-11 03:14:50.355   354   354 E qdoverlay: src msmfb_img w=2176 h=3840 format=13 MDP_RGBA_8888
04-11 03:14:50.355   354   354 E qdoverlay: src_rect mdp_rect x=0 y=0 w=2160 h=3840
04-11 03:14:50.355   354   354 E qdoverlay: dst_rect mdp_rect x=0 y=0 w=720 h=1280
04-11 03:14:50.355  8217  8233 I native-activity: Swap 238 time is 18.586ms
04-11 03:14:50.355  8217  8233 I native-activity: Animating
04-11 03:14:50.355  8217  8233 I native-activity: Frame 239 GL error is 0x0
04-11 03:14:50.355  8217  8233 I native-activity: Frame 239 time is 0.746ms
04-11 03:14:50.375  8217  8233 I native-activity: Swap 239 time is 17.404ms
04-11 03:14:50.375  8217  8233 I native-activity: Animating
04-11 03:14:50.385   354   354 E qdoverlay: Bad ov dump:  mdp_overlay z=0 fg=0 alpha=255 mask=-1 flags=0x40000 id=8
04-11 03:14:50.385   354   354 E qdoverlay: src msmfb_img w=2176 h=3840 format=13 MDP_RGBA_8888
04-11 03:14:50.385   354   354 E qdoverlay: src_rect mdp_rect x=0 y=0 w=2160 h=3840
04-11 03:14:50.385   354   354 E qdoverlay: dst_rect mdp_rect x=0 y=0 w=720 h=1280
04-11 03:14:50.435  8217  8233 W Adreno-ES20: <core_glGetActiveAttrib:534>: GL_INVALID_VALUE
04-11 03:14:50.485  8217  8233 I native-activity: Frame 240 GL error is 0x501
04-11 03:14:50.485  8217  8233 I native-activity: Frame 240 time is 115.746ms
04-11 03:14:50.495  8217  8233 I native-activity: Swap 240 time is 123.406ms
04-11 03:14:50.495  8217  8233 I native-activity: Animating
04-11 03:14:50.505  8217  8233 W Adreno-ES20: <core_glGetActiveAttrib:534>: GL_INVALID_VALUE
04-11 03:14:50.505   354   354 E qdoverlay: Bad ov dump:  mdp_overlay z=0 fg=0 alpha=255 mask=-1 flags=0x40000 id=8
04-11 03:14:50.505   354   354 E qdoverlay: src msmfb_img w=2176 h=3840 format=13 MDP_RGBA_8888
04-11 03:14:50.505   354   354 E qdoverlay: src_rect mdp_rect x=0 y=0 w=2160 h=3840
04-11 03:14:50.505   354   354 E qdoverlay: dst_rect mdp_rect x=0 y=0 w=720 h=1280
04-11 03:14:50.615  8217  8233 I native-activity: Frame 241 GL error is 0x501
04-11 03:14:50.615  8217  8233 I native-activity: Frame 241 time is 117.933ms
04-11 03:14:50.625  8217  8233 I native-activity: Swap 241 time is 123.744ms
04-11 03:14:50.625  8217  8233 I native-activity: Animating
04-11 03:14:50.635   354   354 E qdoverlay: Bad ov dump:  mdp_overlay z=0 fg=0 alpha=255 mask=-1 flags=0x40000 id=8
04-11 03:14:50.635   354   354 E qdoverlay: src msmfb_img w=2176 h=3840 format=13 MDP_RGBA_8888
04-11 03:14:50.635   354   354 E qdoverlay: src_rect mdp_rect x=0 y=0 w=2160 h=3840
04-11 03:14:50.635   354   354 E qdoverlay: dst_rect mdp_rect x=0 y=0 w=720 h=1280
04-11 03:14:50.635  8217  8233 I native-activity: Frame 242 GL error is 0x0
04-11 03:14:50.635  8217  8233 I native-activity: Frame 242 time is 14.957ms
04-11 03:14:50.645  8217  8233 I native-activity: Swap 242 time is 23.663ms
04-11 03:14:50.645  8217  8233 I native-activity: Animating
04-11 03:14:50.655   354   354 E qdoverlay: Bad ov dump:  mdp_overlay z=0 fg=0 alpha=255 mask=-1 flags=0x40000 id=8
04-11 03:14:50.655   354   354 E qdoverlay: src msmfb_img w=2176 h=3840 format=13 MDP_RGBA_8888
04-11 03:14:50.655   354   354 E qdoverlay: src_rect mdp_rect x=0 y=0 w=2160 h=3840
04-11 03:14:50.655   354   354 E qdoverlay: dst_rect mdp_rect x=0 y=0 w=720 h=1280
04-11 03:14:50.655  8217  8233 I native-activity: Frame 243 GL error is 0x0
04-11 03:14:50.655  8217  8233 I native-activity: Frame 243 time is 11.791ms
04-11 03:14:50.665  8217  8233 I native-activity: Swap 243 time is 23.419ms
04-11 03:14:50.665   354   354 E qdoverlay: Bad ov dump:  mdp_overlay z=0 fg=0 alpha=255 mask=-1 flags=0x40000 id=8
04-11 03:14:50.665   354   354 E qdoverlay: src msmfb_img w=2176 h=3840 format=13 MDP_RGBA_8888
04-11 03:14:50.665   354   354 E qdoverlay: src_rect mdp_rect x=0 y=0 w=2160 h=3840
04-11 03:14:50.665   354   354 E qdoverlay: dst_rect mdp_rect x=0 y=0 w=720 h=1280
04-11 03:14:50.665  8217  8233 I native-activity: Animating
04-11 03:14:50.675  8217  8233 I native-activity: Frame 244 GL error is 0x0
04-11 03:14:50.675  8217  8233 I native-activity: Frame 244 time is 7.082ms
04-11 03:14:50.685  8217  8233 I native-activity: Swap 244 time is 19.619ms
04-11 03:14:50.685  8217  8233 I native-activity: Animating
04-11 03:14:50.695   354   354 E qdoverlay: Bad ov dump:  mdp_overlay z=0 fg=0 alpha=255 mask=-1 flags=0x40000 id=8
04-11 03:14:50.695   354   354 E qdoverlay: src msmfb_img w=2176 h=3840 format=13 MDP_RGBA_8888
04-11 03:14:50.695   354   354 E qdoverlay: src_rect mdp_rect x=0 y=0 w=2160 h=3840
04-11 03:14:50.695   354   354 E qdoverlay: dst_rect mdp_rect x=0 y=0 w=720 h=1280
04-11 03:14:50.725  8217  8233 I native-activity: Frame 245 GL error is 0x0
04-11 03:14:50.725  8217  8233 I native-activity: Frame 245 time is 35.166ms
04-11 03:14:50.725  8217  8233 I native-activity: Swap 245 time is 36.666ms
04-11 03:14:50.725  8217  8233 I native-activity: Animating
04-11 03:14:50.735   354   354 E qdoverlay: Bad ov dump:  mdp_overlay z=0 fg=0 alpha=255 mask=-1 flags=0x40000 id=8
04-11 03:14:50.735   354   354 E qdoverlay: src msmfb_img w=2176 h=3840 format=13 MDP_RGBA_8888
04-11 03:14:50.735   354   354 E qdoverlay: src_rect mdp_rect x=0 y=0 w=2160 h=3840
04-11 03:14:50.735   354   354 E qdoverlay: dst_rect mdp_rect x=0 y=0 w=720 h=1280
04-11 03:14:50.745  8217  8233 W Adreno-ES20: <core_glGetActiveAttrib:534>: GL_INVALID_VALUE
04-11 03:14:50.765  8217  8233 I native-activity: Frame 246 GL error is 0x501
04-11 03:14:50.765  8217  8233 I native-activity: Frame 246 time is 35.143ms
04-11 03:14:50.765  8217  8233 I native-activity: Swap 246 time is 36.122ms
04-11 03:14:50.765  8217  8233 I native-activity: Animating
04-11 03:14:50.765   354   354 E qdoverlay: Bad ov dump:  mdp_overlay z=0 fg=0 alpha=255 mask=-1 flags=0x40000 id=8
04-11 03:14:50.765   354   354 E qdoverlay: src msmfb_img w=2176 h=3840 format=13 MDP_RGBA_8888
04-11 03:14:50.765   354   354 E qdoverlay: src_rect mdp_rect x=0 y=0 w=2160 h=3840
04-11 03:14:50.765   354   354 E qdoverlay: dst_rect mdp_rect x=0 y=0 w=720 h=1280
04-11 03:14:50.775  8217  8233 W Adreno-ES20: <core_glGetActiveAttrib:534>: GL_INVALID_VALUE
04-11 03:14:50.795  8217  8233 I native-activity: Frame 247 GL error is 0x501
04-11 03:14:50.795  8217  8233 I native-activity: Frame 247 time is 35.723ms
04-11 03:14:50.795  8217  8233 I native-activity: Swap 247 time is 36.683ms
04-11 03:14:50.795  8217  8233 I native-activity: Animating
04-11 03:14:50.805  8217  8233 I native-activity: Frame 248 GL error is 0x0
04-11 03:14:50.805  8217  8233 I native-activity: Frame 248 time is 5.983ms
04-11 03:14:50.805 26866 26922 D WifiStateMachine: RSSI dipped below -75 dB. Current RSSI: -88 dB
04-11 03:14:50.815   354   354 E qdoverlay: Bad ov dump:  mdp_overlay z=0 fg=0 alpha=255 mask=-1 flags=0x40000 id=8
04-11 03:14:50.815   354   354 E qdoverlay: src msmfb_img w=2176 h=3840 format=13 MDP_RGBA_8888
04-11 03:14:50.815   354   354 E qdoverlay: src_rect mdp_rect x=0 y=0 w=2160 h=3840
04-11 03:14:50.815   354   354 E qdoverlay: dst_rect mdp_rect x=0 y=0 w=720 h=1280
04-11 03:14:50.825  8217  8233 I native-activity: Swap 248 time is 26.195ms
04-11 03:14:50.825  8217  8233 I native-activity: Animating
04-11 03:14:50.835   354   354 E qdoverlay: Bad ov dump:  mdp_overlay z=0 fg=0 alpha=255 mask=-1 flags=0x40000 id=8
04-11 03:14:50.835   354   354 E qdoverlay: src msmfb_img w=2176 h=3840 format=13 MDP_RGBA_8888
04-11 03:14:50.835   354   354 E qdoverlay: src_rect mdp_rect x=0 y=0 w=2160 h=3840
04-11 03:14:50.835   354   354 E qdoverlay: dst_rect mdp_rect x=0 y=0 w=720 h=1280
04-11 03:14:50.835  8217  8233 W Adreno-ES20: <core_glGetActiveAttrib:534>: GL_INVALID_VALUE
04-11 03:14:50.845  8217  8233 I native-activity: Frame 249 GL error is 0x501
04-11 03:14:50.845  8217  8233 I native-activity: Frame 249 time is 17.502ms
04-11 03:14:50.855   354   354 E qdoverlay: Bad ov dump:  mdp_overlay z=0 fg=0 alpha=255 mask=-1 flags=0x40000 id=8
04-11 03:14:50.855  8217  8233 I native-activity: Swap 249 time is 28.504ms
04-11 03:14:50.855   354   354 E qdoverlay: src msmfb_img w=2176 h=3840 format=13 MDP_RGBA_8888
04-11 03:14:50.855   354   354 E qdoverlay: src_rect mdp_rect x=0 y=0 w=2160 h=3840
04-11 03:14:50.855   354   354 E qdoverlay: dst_rect mdp_rect x=0 y=0 w=720 h=1280
04-11 03:14:50.855  8217  8233 I native-activity: Animating
04-11 03:14:50.865  8217  8233 I native-activity: Frame 250 GL error is 0x0
04-11 03:14:50.865  8217  8233 I native-activity: Frame 250 time is 8.110ms
04-11 03:14:50.885   354   354 E qdoverlay: Bad ov dump:  mdp_overlay z=0 fg=0 alpha=255 mask=-1 flags=0x40000 id=8
04-11 03:14:50.885   354   354 E qdoverlay: src msmfb_img w=2176 h=3840 format=13 MDP_RGBA_8888
04-11 03:14:50.885   354   354 E qdoverlay: src_rect mdp_rect x=0 y=0 w=2160 h=3840
04-11 03:14:50.885   354   354 E qdoverlay: dst_rect mdp_rect x=0 y=0 w=720 h=1280
04-11 03:14:50.885  8217  8233 I native-activity: Swap 250 time is 28.401ms
04-11 03:14:50.885  8217  8233 I native-activity: Animating
04-11 03:14:50.895  8217  8233 I native-activity: Frame 251 GL error is 0x0
04-11 03:14:50.895  8217  8233 I native-activity: Frame 251 time is 7.282ms
04-11 03:14:50.915   354   354 E qdoverlay: Bad ov dump:  mdp_overlay z=0 fg=0 alpha=255 mask=-1 flags=0x40000 id=8
04-11 03:14:50.915   354   354 E qdoverlay: src msmfb_img w=2176 h=3840 format=13 MDP_RGBA_8888
04-11 03:14:50.915   354   354 E qdoverlay: src_rect mdp_rect x=0 y=0 w=2160 h=3840
04-11 03:14:50.915   354   354 E qdoverlay: dst_rect mdp_rect x=0 y=0 w=720 h=1280
04-11 03:14:50.915  8217  8233 I native-activity: Swap 251 time is 27.804ms
04-11 03:14:50.915  8217  8233 I native-activity: Animating
04-11 03:14:50.915  8217  8233 W Adreno-ES20: <core_glGetActiveAttrib:534>: GL_INVALID_VALUE
04-11 03:14:50.925  8217  8233 I native-activity: Frame 252 GL error is 0x501
04-11 03:14:50.925  8217  8233 I native-activity: Frame 252 time is 10.092ms
04-11 03:14:50.935  8217  8233 I native-activity: Swap 252 time is 28.098ms
04-11 03:14:50.935  8217  8233 I native-activity: Animating
04-11 03:14:50.945  8217  8233 I native-activity: Frame 253 GL error is 0x0
04-11 03:14:50.945  8217  8233 I native-activity: Frame 253 time is 5.145ms
04-11 03:14:50.945   354   354 E qdoverlay: Bad ov dump:  mdp_overlay z=0 fg=0 alpha=255 mask=-1 flags=0x40000 id=8
04-11 03:14:50.945   354   354 E qdoverlay: src msmfb_img w=2176 h=3840 format=13 MDP_RGBA_8888
04-11 03:14:50.945   354   354 E qdoverlay: src_rect mdp_rect x=0 y=0 w=2160 h=3840
04-11 03:14:50.945   354   354 E qdoverlay: dst_rect mdp_rect x=0 y=0 w=720 h=1280
04-11 03:14:50.975   354   354 E qdoverlay: Bad ov dump:  mdp_overlay z=0 fg=0 alpha=255 mask=-1 flags=0x40000 id=8
04-11 03:14:50.975   354   354 E qdoverlay: src msmfb_img w=2176 h=3840 format=13 MDP_RGBA_8888
04-11 03:14:50.975   354   354 E qdoverlay: src_rect mdp_rect x=0 y=0 w=2160 h=3840
04-11 03:14:50.975   354   354 E qdoverlay: dst_rect mdp_rect x=0 y=0 w=720 h=1280
04-11 03:14:50.975  8217  8233 I native-activity: Swap 253 time is 32.364ms
