04-11 03:13:44.215   354   354 E qdoverlay: dst_rect mdp_rect x=0 y=0 w=720 h=1280
04-11 03:13:44.225  7500  7517 I native-activity: Frame 470 GL error is 0x0
04-11 03:13:44.225  7500  7517 I native-activity: Frame 470 time is 11.651ms
04-11 03:13:44.225  7500  7517 I native-activity: Swap 470 time is 13.037ms
04-11 03:13:44.225  7500  7517 I native-activity: Animating
04-11 03:13:44.235  7500  7517 I native-activity: Frame 471 GL error is 0x0
04-11 03:13:44.235  7500  7517 I native-activity: Frame 471 time is 8.633ms
04-11 03:13:44.235   354   354 E qdoverlay: Bad ov dump:  mdp_overlay z=0 fg=0 alpha=255 mask=-1 flags=0x40000 id=8
04-11 03:13:44.235   354   354 E qdoverlay: src msmfb_img w=1088 h=1920 format=13 MDP_RGBA_8888
04-11 03:13:44.235   354   354 E qdoverlay: src_rect mdp_rect x=0 y=0 w=1080 h=1920
04-11 03:13:44.235   354   354 E qdoverlay: dst_rect mdp_rect x=0 y=0 w=720 h=1280
04-11 03:13:44.235  7500  7517 I native-activity: Swap 471 time is 13.615ms
04-11 03:13:44.235  7500  7517 I native-activity: Animating
04-11 03:13:44.245  7500  7517 I native-activity: Frame 472 GL error is 0x0
04-11 03:13:44.245  7500  7517 I native-activity: Frame 472 time is 5.449ms
04-11 03:13:44.255   354   354 E qdoverlay: Bad ov dump:  mdp_overlay z=0 fg=0 alpha=255 mask=-1 flags=0x40000 id=8
04-11 03:13:44.255   354   354 E qdoverlay: src msmfb_img w=1088 h=1920 format=13 MDP_RGBA_8888
04-11 03:13:44.255   354   354 E qdoverlay: src_rect mdp_rect x=0 y=0 w=1080 h=1920
04-11 03:13:44.255   354   354 E qdoverlay: dst_rect mdp_rect x=0 y=0 w=720 h=1280
04-11 03:13:44.255  7500  7517 I native-activity: Swap 472 time is 15.921ms
04-11 03:13:44.255  7500  7517 I native-activity: Animating
04-11 03:13:44.255  7500  7517 I native-activity: Frame 473 GL error is 0x0
04-11 03:13:44.255  7500  7517 I native-activity: Frame 473 time is 4.730ms
04-11 03:13:44.265   354   354 E qdoverlay: Bad ov dump:  mdp_overlay z=0 fg=0 alpha=255 mask=-1 flags=0x40000 id=8
04-11 03:13:44.265   354   354 E qdoverlay: src msmfb_img w=1088 h=1920 format=13 MDP_RGBA_8888
04-11 03:13:44.265   354   354 E qdoverlay: src_rect mdp_rect x=0 y=0 w=1080 h=1920
04-11 03:13:44.265   354   354 E qdoverlay: dst_rect mdp_rect x=0 y=0 w=720 h=1280
04-11 03:13:44.275  7500  7517 I native-activity: Swap 473 time is 16.466ms
04-11 03:13:44.275  7500  7517 I native-activity: Animating
04-11 03:13:44.275  7500  7517 I native-activity: Frame 474 GL error is 0x0
04-11 03:13:44.275  7500  7517 I native-activity: Frame 474 time is 4.699ms
04-11 03:13:44.285   354   354 E qdoverlay: Bad ov dump:  mdp_overlay z=0 fg=0 alpha=255 mask=-1 flags=0x40000 id=8
04-11 03:13:44.285   354   354 E qdoverlay: src msmfb_img w=1088 h=1920 format=13 MDP_RGBA_8888
04-11 03:13:44.285   354   354 E qdoverlay: src_rect mdp_rect x=0 y=0 w=1080 h=1920
04-11 03:13:44.285   354   354 E qdoverlay: dst_rect mdp_rect x=0 y=0 w=720 h=1280
04-11 03:13:44.285  7500  7517 I native-activity: Swap 474 time is 16.555ms
04-11 03:13:44.285  7500  7517 I native-activity: Animating
04-11 03:13:44.295  7500  7517 I native-activity: Frame 475 GL error is 0x0
04-11 03:13:44.295  7500  7517 I native-activity: Frame 475 time is 4.763ms
04-11 03:13:44.295   354   354 E qdoverlay: Bad ov dump:  mdp_overlay z=0 fg=0 alpha=255 mask=-1 flags=0x40000 id=8
04-11 03:13:44.295   354   354 E qdoverlay: src msmfb_img w=1088 h=1920 format=13 MDP_RGBA_8888
04-11 03:13:44.295   354   354 E qdoverlay: src_rect mdp_rect x=0 y=0 w=1080 h=1920
04-11 03:13:44.295   354   354 E qdoverlay: dst_rect mdp_rect x=0 y=0 w=720 h=1280
04-11 03:13:44.305  7500  7517 I native-activity: Swap 475 time is 16.411ms
04-11 03:13:44.305  7500  7517 I native-activity: Animating
04-11 03:13:44.305  7500  7517 I native-activity: Frame 476 GL error is 0x0
04-11 03:13:44.305  7500  7517 I native-activity: Frame 476 time is 4.978ms
04-11 03:13:44.315   354   354 E qdoverlay: Bad ov dump:  mdp_overlay z=0 fg=0 alpha=255 mask=-1 flags=0x40000 id=8
04-11 03:13:44.315   354   354 E qdoverlay: src msmfb_img w=1088 h=1920 format=13 MDP_RGBA_8888
04-11 03:13:44.315   354   354 E qdoverlay: src_rect mdp_rect x=0 y=0 w=1080 h=1920
04-11 03:13:44.315   354   354 E qdoverlay: dst_rect mdp_rect x=0 y=0 w=720 h=1280
04-11 03:13:44.325  7500  7517 I native-activity: Swap 476 time is 16.719ms
04-11 03:13:44.325  7500  7517 I native-activity: Animating
04-11 03:13:44.325  7500  7517 I native-activity: Frame 477 GL error is 0x0
04-11 03:13:44.325  7500  7517 I native-activity: Frame 477 time is 5.215ms
04-11 03:13:44.335   354   354 E qdoverlay: Bad ov dump:  mdp_overlay z=0 fg=0 alpha=255 mask=-1 flags=0x40000 id=8
04-11 03:13:44.335   354   354 E qdoverlay: src msmfb_img w=1088 h=1920 format=13 MDP_RGBA_8888
04-11 03:13:44.335   354   354 E qdoverlay: src_rect mdp_rect x=0 y=0 w=1080 h=1920
04-11 03:13:44.335   354   354 E qdoverlay: dst_rect mdp_rect x=0 y=0 w=720 h=1280
04-11 03:13:44.335  7500  7517 I native-activity: Swap 477 time is 16.874ms
04-11 03:13:44.335  7500  7517 I native-activity: Animating
04-11 03:13:44.345  7500  7517 I native-activity: Frame 478 GL error is 0x0
04-11 03:13:44.345  7500  7517 I native-activity: Frame 478 time is 6.375ms
04-11 03:13:44.345   354   354 E qdoverlay: Bad ov dump:  mdp_overlay z=0 fg=0 alpha=255 mask=-1 flags=0x40000 id=8
04-11 03:13:44.345   354   354 E qdoverlay: src msmfb_img w=1088 h=1920 format=13 MDP_RGBA_8888
04-11 03:13:44.345   354   354 E qdoverlay: src_rect mdp_rect x=0 y=0 w=1080 h=1920
04-11 03:13:44.345   354   354 E qdoverlay: dst_rect mdp_rect x=0 y=0 w=720 h=1280
04-11 03:13:44.355  7500  7517 I native-activity: Swap 478 time is 16.260ms
04-11 03:13:44.355  7500  7517 I native-activity: Animating
04-11 03:13:44.365  7500  7517 I native-activity: Frame 479 GL error is 0x0
04-11 03:13:44.365  7500  7517 I native-activity: Frame 479 time is 6.075ms
04-11 03:13:44.365   354   354 E qdoverlay: Bad ov dump:  mdp_overlay z=0 fg=0 alpha=255 mask=-1 flags=0x40000 id=8
04-11 03:13:44.365   354   354 E qdoverlay: src msmfb_img w=1088 h=1920 format=13 MDP_RGBA_8888
04-11 03:13:44.365   354   354 E qdoverlay: src_rect mdp_rect x=0 y=0 w=1080 h=1920
04-11 03:13:44.365   354   354 E qdoverlay: dst_rect mdp_rect x=0 y=0 w=720 h=1280
04-11 03:13:44.375  7500  7517 I native-activity: Swap 479 time is 16.911ms
04-11 03:13:44.375  7500  7517 I native-activity: Animating
04-11 03:13:44.375  7500  7517 I native-activity: Frame 480 GL error is 0x0
04-11 03:13:44.375  7500  7517 I native-activity: Frame 480 time is 6.894ms
04-11 03:13:44.385   354   354 E qdoverlay: Bad ov dump:  mdp_overlay z=0 fg=0 alpha=255 mask=-1 flags=0x40000 id=8
04-11 03:13:44.385   354   354 E qdoverlay: src msmfb_img w=1088 h=1920 format=13 MDP_RGBA_8888
04-11 03:13:44.385   354   354 E qdoverlay: src_rect mdp_rect x=0 y=0 w=1080 h=1920
04-11 03:13:44.385   354   354 E qdoverlay: dst_rect mdp_rect x=0 y=0 w=720 h=1280
04-11 03:13:44.385  7500  7517 I native-activity: Swap 480 time is 16.653ms
04-11 03:13:44.385  7500  7517 I native-activity: Animating
04-11 03:13:44.395  7500  7517 I native-activity: Frame 481 GL error is 0x0
04-11 03:13:44.395  7500  7517 I native-activity: Frame 481 time is 6.509ms
04-11 03:13:44.395   354   354 E qdoverlay: Bad ov dump:  mdp_overlay z=0 fg=0 alpha=255 mask=-1 flags=0x40000 id=8
04-11 03:13:44.395   354   354 E qdoverlay: src msmfb_img w=1088 h=1920 format=13 MDP_RGBA_8888
04-11 03:13:44.395   354   354 E qdoverlay: src_rect mdp_rect x=0 y=0 w=1080 h=1920
04-11 03:13:44.395   354   354 E qdoverlay: dst_rect mdp_rect x=0 y=0 w=720 h=1280
04-11 03:13:44.405  7500  7517 I native-activity: Swap 481 time is 16.443ms
04-11 03:13:44.405  7500  7517 I native-activity: Animating
04-11 03:13:44.415  7500  7517 I native-activity: Frame 482 GL error is 0x0
04-11 03:13:44.415  7500  7517 I native-activity: Frame 482 time is 6.524ms
04-11 03:13:44.415   354   354 E qdoverlay: Bad ov dump:  mdp_overlay z=0 fg=0 alpha=255 mask=-1 flags=0x40000 id=8
04-11 03:13:44.415   354   354 E qdoverlay: src msmfb_img w=1088 h=1920 format=13 MDP_RGBA_8888
04-11 03:13:44.415   354   354 E qdoverlay: src_rect mdp_rect x=0 y=0 w=1080 h=1920
04-11 03:13:44.415   354   354 E qdoverlay: dst_rect mdp_rect x=0 y=0 w=720 h=1280
04-11 03:13:44.425  7500  7517 I native-activity: Swap 482 time is 17.039ms
04-11 03:13:44.425  7500  7517 I native-activity: Animating
04-11 03:13:44.435  7500  7517 I native-activity: Frame 483 GL error is 0x0
04-11 03:13:44.435  7500  7517 I native-activity: Frame 483 time is 7.675ms
04-11 03:13:44.435   354   354 E qdoverlay: Bad ov dump:  mdp_overlay z=0 fg=0 alpha=255 mask=-1 flags=0x40000 id=8
04-11 03:13:44.435   354   354 E qdoverlay: src msmfb_img w=1088 h=1920 format=13 MDP_RGBA_8888
04-11 03:13:44.435   354   354 E qdoverlay: src_rect mdp_rect x=0 y=0 w=1080 h=1920
04-11 03:13:44.435   354   354 E qdoverlay: dst_rect mdp_rect x=0 y=0 w=720 h=1280
04-11 03:13:44.435  7500  7517 I native-activity: Swap 483 time is 12.969ms
04-11 03:13:44.435  7500  7517 I native-activity: Animating
04-11 03:13:44.445  7500  7517 I native-activity: Frame 484 GL error is 0x0
04-11 03:13:44.445  7500  7517 I native-activity: Frame 484 time is 8.499ms
04-11 03:13:44.445   354   354 E qdoverlay: Bad ov dump:  mdp_overlay z=0 fg=0 alpha=255 mask=-1 flags=0x40000 id=8
04-11 03:13:44.445   354   354 E qdoverlay: src msmfb_img w=1088 h=1920 format=13 MDP_RGBA_8888
04-11 03:13:44.445   354   354 E qdoverlay: src_rect mdp_rect x=0 y=0 w=1080 h=1920
04-11 03:13:44.445   354   354 E qdoverlay: dst_rect mdp_rect x=0 y=0 w=720 h=1280
04-11 03:13:44.455  7500  7517 I native-activity: Swap 484 time is 16.025ms
04-11 03:13:44.455  7500  7517 I native-activity: Animating
04-11 03:13:44.465  7500  7517 I native-activity: Frame 485 GL error is 0x0
04-11 03:13:44.465  7500  7517 I native-activity: Frame 485 time is 8.260ms
04-11 03:13:44.465   354   354 E qdoverlay: Bad ov dump:  mdp_overlay z=0 fg=0 alpha=255 mask=-1 flags=0x40000 id=8
04-11 03:13:44.465   354   354 E qdoverlay: src msmfb_img w=1088 h=1920 format=13 MDP_RGBA_8888
04-11 03:13:44.465   354   354 E qdoverlay: src_rect mdp_rect x=0 y=0 w=1080 h=1920
04-11 03:13:44.465   354   354 E qdoverlay: dst_rect mdp_rect x=0 y=0 w=720 h=1280
04-11 03:13:44.465  7500  7517 I native-activity: Swap 485 time is 15.967ms
04-11 03:13:44.465  7500  7517 I native-activity: Animating
04-11 03:13:44.475  7500  7517 I native-activity: Frame 486 GL error is 0x0
04-11 03:13:44.475  7500  7517 I native-activity: Frame 486 time is 7.981ms
04-11 03:13:44.485   354   354 E qdoverlay: Bad ov dump:  mdp_overlay z=0 fg=0 alpha=255 mask=-1 flags=0x40000 id=8
04-11 03:13:44.485   354   354 E qdoverlay: src msmfb_img w=1088 h=1920 format=13 MDP_RGBA_8888
04-11 03:13:44.485   354   354 E qdoverlay: src_rect mdp_rect x=0 y=0 w=1080 h=1920
04-11 03:13:44.485   354   354 E qdoverlay: dst_rect mdp_rect x=0 y=0 w=720 h=1280
04-11 03:13:44.485  7500  7517 I native-activity: Swap 486 time is 16.334ms
04-11 03:13:44.485  7500  7517 I native-activity: Animating
04-11 03:13:44.495  7500  7517 I native-activity: Frame 487 GL error is 0x0
04-11 03:13:44.495  7500  7517 I native-activity: Frame 487 time is 7.892ms
04-11 03:13:44.495   354   354 E qdoverlay: Bad ov dump:  mdp_overlay z=0 fg=0 alpha=255 mask=-1 flags=0x40000 id=8
04-11 03:13:44.495   354   354 E qdoverlay: src msmfb_img w=1088 h=1920 format=13 MDP_RGBA_8888
04-11 03:13:44.495   354   354 E qdoverlay: src_rect mdp_rect x=0 y=0 w=1080 h=1920
04-11 03:13:44.495   354   354 E qdoverlay: dst_rect mdp_rect x=0 y=0 w=720 h=1280
04-11 03:13:44.505  7500  7517 I native-activity: Swap 487 time is 16.326ms
04-11 03:13:44.505  7500  7517 I native-activity: Animating
04-11 03:13:44.505 26866 26922 D WifiStateMachine: RSSI dipped below -75 dB. Current RSSI: -89 dB
04-11 03:13:44.515  7500  7517 I native-activity: Frame 488 GL error is 0x0
04-11 03:13:44.515  7500  7517 I native-activity: Frame 488 time is 10.234ms
04-11 03:13:44.515   354   354 E qdoverlay: Bad ov dump:  mdp_overlay z=0 fg=0 alpha=255 mask=-1 flags=0x40000 id=8
04-11 03:13:44.515   354   354 E qdoverlay: src msmfb_img w=1088 h=1920 format=13 MDP_RGBA_8888
04-11 03:13:44.515   354   354 E qdoverlay: src_rect mdp_rect x=0 y=0 w=1080 h=1920
04-11 03:13:44.515   354   354 E qdoverlay: dst_rect mdp_rect x=0 y=0 w=720 h=1280
04-11 03:13:44.515  7500  7517 I native-activity: Swap 488 time is 16.158ms
04-11 03:13:44.515  7500  7517 I native-activity: Animating
04-11 03:13:44.525  7500  7517 I native-activity: Frame 489 GL error is 0x0
04-11 03:13:44.525  7500  7517 I native-activity: Frame 489 time is 8.902ms
04-11 03:13:44.525   354   354 E qdoverlay: Bad ov dump:  mdp_overlay z=0 fg=0 alpha=255 mask=-1 flags=0x40000 id=8
04-11 03:13:44.525   354   354 E qdoverlay: src msmfb_img w=1088 h=1920 format=13 MDP_RGBA_8888
04-11 03:13:44.525   354   354 E qdoverlay: src_rect mdp_rect x=0 y=0 w=1080 h=1920
04-11 03:13:44.525   354   354 E qdoverlay: dst_rect mdp_rect x=0 y=0 w=720 h=1280
04-11 03:13:44.535  7500  7517 I native-activity: Swap 489 time is 16.008ms
04-11 03:13:44.535  7500  7517 I native-activity: Animating
04-11 03:13:44.545  7500  7517 I native-activity: Frame 490 GL error is 0x0
04-11 03:13:44.545  7500  7517 I native-activity: Frame 490 time is 9.699ms
04-11 03:13:44.545   354   354 E qdoverlay: Bad ov dump:  mdp_overlay z=0 fg=0 alpha=255 mask=-1 flags=0x40000 id=8
04-11 03:13:44.545   354   354 E qdoverlay: src msmfb_img w=1088 h=1920 format=13 MDP_RGBA_8888
04-11 03:13:44.545   354   354 E qdoverlay: src_rect mdp_rect x=0 y=0 w=1080 h=1920
04-11 03:13:44.545   354   354 E qdoverlay: dst_rect mdp_rect x=0 y=0 w=720 h=1280
04-11 03:13:44.555  7500  7517 I native-activity: Swap 490 time is 16.139ms
04-11 03:13:44.555  7500  7517 I native-activity: Animating
04-11 03:13:44.555  7500  7517 I native-activity: Frame 491 GL error is 0x0
04-11 03:13:44.555  7500  7517 I native-activity: Frame 491 time is 8.693ms
04-11 03:13:44.565   354   354 E qdoverlay: Bad ov dump:  mdp_overlay z=0 fg=0 alpha=255 mask=-1 flags=0x40000 id=8
04-11 03:13:44.565   354   354 E qdoverlay: src msmfb_img w=1088 h=1920 format=13 MDP_RGBA_8888
04-11 03:13:44.565   354   354 E qdoverlay: src_rect mdp_rect x=0 y=0 w=1080 h=1920
04-11 03:13:44.565   354   354 E qdoverlay: dst_rect mdp_rect x=0 y=0 w=720 h=1280
04-11 03:13:44.565  7500  7517 I native-activity: Swap 491 time is 16.136ms
04-11 03:13:44.565  7500  7517 I native-activity: Animating
04-11 03:13:44.575  7500  7517 I native-activity: Frame 492 GL error is 0x0
04-11 03:13:44.575  7500  7517 I native-activity: Frame 492 time is 8.515ms
04-11 03:13:44.575   354   354 E qdoverlay: Bad ov dump:  mdp_overlay z=0 fg=0 alpha=255 mask=-1 flags=0x40000 id=8
04-11 03:13:44.575   354   354 E qdoverlay: src msmfb_img w=1088 h=1920 format=13 MDP_RGBA_8888
04-11 03:13:44.575   354   354 E qdoverlay: src_rect mdp_rect x=0 y=0 w=1080 h=1920
04-11 03:13:44.575   354   354 E qdoverlay: dst_rect mdp_rect x=0 y=0 w=720 h=1280
04-11 03:13:44.585  7500  7517 I native-activity: Swap 492 time is 16.105ms
04-11 03:13:44.585  7500  7517 I native-activity: Animating
04-11 03:13:44.595  7500  7517 I native-activity: Frame 493 GL error is 0x0
04-11 03:13:44.595  7500  7517 I native-activity: Frame 493 time is 8.500ms
04-11 03:13:44.595   354   354 E qdoverlay: Bad ov dump:  mdp_overlay z=0 fg=0 alpha=255 mask=-1 flags=0x40000 id=8
04-11 03:13:44.595   354   354 E qdoverlay: src msmfb_img w=1088 h=1920 format=13 MDP_RGBA_8888
04-11 03:13:44.595   354   354 E qdoverlay: src_rect mdp_rect x=0 y=0 w=1080 h=1920
04-11 03:13:44.595   354   354 E qdoverlay: dst_rect mdp_rect x=0 y=0 w=720 h=1280
04-11 03:13:44.605  7500  7517 I native-activity: Swap 493 time is 16.166ms
04-11 03:13:44.605  7500  7517 I native-activity: Animating
04-11 03:13:44.605  7500  7517 I native-activity: Frame 494 GL error is 0x0
04-11 03:13:44.605  7500  7517 I native-activity: Frame 494 time is 9.090ms
04-11 03:13:44.615   354   354 E qdoverlay: Bad ov dump:  mdp_overlay z=0 fg=0 alpha=255 mask=-1 flags=0x40000 id=8
04-11 03:13:44.615   354   354 E qdoverlay: src msmfb_img w=1088 h=1920 format=13 MDP_RGBA_8888
04-11 03:13:44.615   354   354 E qdoverlay: src_rect mdp_rect x=0 y=0 w=1080 h=1920
04-11 03:13:44.615   354   354 E qdoverlay: dst_rect mdp_rect x=0 y=0 w=720 h=1280
04-11 03:13:44.615  7500  7517 I native-activity: Swap 494 time is 16.121ms
04-11 03:13:44.615  7500  7517 I native-activity: Animating
04-11 03:13:44.625  7500  7517 I native-activity: Frame 495 GL error is 0x0
04-11 03:13:44.625  7500  7517 I native-activity: Frame 495 time is 8.970ms
04-11 03:13:44.625   354   354 E qdoverlay: Bad ov dump:  mdp_overlay z=0 fg=0 alpha=255 mask=-1 flags=0x40000 id=8
04-11 03:13:44.625   354   354 E qdoverlay: src msmfb_img w=1088 h=1920 format=13 MDP_RGBA_8888
04-11 03:13:44.625   354   354 E qdoverlay: src_rect mdp_rect x=0 y=0 w=1080 h=1920
04-11 03:13:44.625   354   354 E qdoverlay: dst_rect mdp_rect x=0 y=0 w=720 h=1280
04-11 03:13:44.635  7500  7517 I native-activity: Swap 495 time is 16.063ms
04-11 03:13:44.635  7500  7517 I native-activity: Animating
04-11 03:13:44.645  7500  7517 I native-activity: Frame 496 GL error is 0x0
04-11 03:13:44.645  7500  7517 I native-activity: Frame 496 time is 8.634ms
04-11 03:13:44.645   354   354 E qdoverlay: Bad ov dump:  mdp_overlay z=0 fg=0 alpha=255 mask=-1 flags=0x40000 id=8
04-11 03:13:44.645   354   354 E qdoverlay: src msmfb_img w=1088 h=1920 format=13 MDP_RGBA_8888
04-11 03:13:44.645   354   354 E qdoverlay: src_rect mdp_rect x=0 y=0 w=1080 h=1920
04-11 03:13:44.645   354   354 E qdoverlay: dst_rect mdp_rect x=0 y=0 w=720 h=1280
04-11 03:13:44.645  7500  7517 I native-activity: Swap 496 time is 16.052ms
04-11 03:13:44.645  7500  7517 I native-activity: Animating
04-11 03:13:44.655  7500  7517 I native-activity: Frame 497 GL error is 0x0
04-11 03:13:44.655  7500  7517 I native-activity: Frame 497 time is 8.825ms
04-11 03:13:44.665   354   354 E qdoverlay: Bad ov dump:  mdp_overlay z=0 fg=0 alpha=255 mask=-1 flags=0x40000 id=8
04-11 03:13:44.665   354   354 E qdoverlay: src msmfb_img w=1088 h=1920 format=13 MDP_RGBA_8888
04-11 03:13:44.665   354   354 E qdoverlay: src_rect mdp_rect x=0 y=0 w=1080 h=1920
04-11 03:13:44.665   354   354 E qdoverlay: dst_rect mdp_rect x=0 y=0 w=720 h=1280
04-11 03:13:44.665  7500  7517 I native-activity: Swap 497 time is 16.131ms
04-11 03:13:44.665  7500  7517 I native-activity: Animating
04-11 03:13:44.675  7500  7517 I native-activity: Frame 498 GL error is 0x0
04-11 03:13:44.675  7500  7517 I native-activity: Frame 498 time is 6.888ms
04-11 03:13:44.675   354   354 E qdoverlay: Bad ov dump:  mdp_overlay z=0 fg=0 alpha=255 mask=-1 flags=0x40000 id=8
04-11 03:13:44.675   354   354 E qdoverlay: src msmfb_img w=1088 h=1920 format=13 MDP_RGBA_8888
04-11 03:13:44.675   354   354 E qdoverlay: src_rect mdp_rect x=0 y=0 w=1080 h=1920
04-11 03:13:44.675   354   354 E qdoverlay: dst_rect mdp_rect x=0 y=0 w=720 h=1280
04-11 03:13:44.685  7500  7517 I native-activity: Swap 498 time is 16.127ms
04-11 03:13:44.685  7500  7517 I native-activity: Animating
04-11 03:13:44.685  7500  7517 I native-activity: Frame 499 GL error is 0x0
04-11 03:13:44.685  7500  7517 I native-activity: Frame 499 time is 5.484ms
04-11 03:13:44.695   354   354 E qdoverlay: Bad ov dump:  mdp_overlay z=0 fg=0 alpha=255 mask=-1 flags=0x40000 id=8
04-11 03:13:44.695   354   354 E qdoverlay: src msmfb_img w=1088 h=1920 format=13 MDP_RGBA_8888
04-11 03:13:44.695   354   354 E qdoverlay: src_rect mdp_rect x=0 y=0 w=1080 h=1920
04-11 03:13:44.695   354   354 E qdoverlay: dst_rect mdp_rect x=0 y=0 w=720 h=1280
04-11 03:13:44.695  7500  7517 I native-activity: Swap 499 time is 16.188ms
04-11 03:13:44.695  7500  7517 I native-activity: Animating
04-11 03:13:44.705  7500  7517 I native-activity: Frame 500 GL error is 0x0
04-11 03:13:44.705  7500  7517 I native-activity: Frame 500 time is 5.497ms
04-11 03:13:44.715   354   354 E qdoverlay: Bad ov dump:  mdp_overlay z=0 fg=0 alpha=255 mask=-1 flags=0x40000 id=8
04-11 03:13:44.715   354   354 E qdoverlay: src msmfb_img w=1088 h=1920 format=13 MDP_RGBA_8888
04-11 03:13:44.715   354   354 E qdoverlay: src_rect mdp_rect x=0 y=0 w=1080 h=1920
04-11 03:13:44.715   354   354 E qdoverlay: dst_rect mdp_rect x=0 y=0 w=720 h=1280
04-11 03:13:44.715  7500  7517 I native-activity: Swap 500 time is 16.325ms
04-11 03:13:44.715  7500  7517 I native-activity: Animating
04-11 03:13:44.725  7500  7517 I native-activity: Frame 501 GL error is 0x0
04-11 03:13:44.725  7500  7517 I native-activity: Frame 501 time is 5.312ms
04-11 03:13:44.725   354   354 E qdoverlay: Bad ov dump:  mdp_overlay z=0 fg=0 alpha=255 mask=-1 flags=0x40000 id=8
04-11 03:13:44.725   354   354 E qdoverlay: src msmfb_img w=1088 h=1920 format=13 MDP_RGBA_8888
04-11 03:13:44.725   354   354 E qdoverlay: src_rect mdp_rect x=0 y=0 w=1080 h=1920
04-11 03:13:44.725   354   354 E qdoverlay: dst_rect mdp_rect x=0 y=0 w=720 h=1280
04-11 03:13:44.735  7500  7517 I native-activity: Swap 501 time is 16.276ms
04-11 03:13:44.735  7500  7517 I native-activity: Animating
04-11 03:13:44.735  7500  7517 I native-activity: Frame 502 GL error is 0x0
04-11 03:13:44.735  7500  7517 I native-activity: Frame 502 time is 5.407ms
04-11 03:13:44.745   354   354 E qdoverlay: Bad ov dump:  mdp_overlay z=0 fg=0 alpha=255 mask=-1 flags=0x40000 id=8
04-11 03:13:44.745   354   354 E qdoverlay: src msmfb_img w=1088 h=1920 format=13 MDP_RGBA_8888
04-11 03:13:44.745   354   354 E qdoverlay: src_rect mdp_rect x=0 y=0 w=1080 h=1920
04-11 03:13:44.745   354   354 E qdoverlay: dst_rect mdp_rect x=0 y=0 w=720 h=1280
04-11 03:13:44.745  7500  7517 I native-activity: Swap 502 time is 16.299ms
04-11 03:13:44.745  7500  7517 I native-activity: Animating
04-11 03:13:44.755  7500  7517 I native-activity: Frame 503 GL error is 0x0
04-11 03:13:44.755  7500  7517 I native-activity: Frame 503 time is 5.629ms
04-11 03:13:44.755   354   354 E qdoverlay: Bad ov dump:  mdp_overlay z=0 fg=0 alpha=255 mask=-1 flags=0x40000 id=8
04-11 03:13:44.755   354   354 E qdoverlay: src msmfb_img w=1088 h=1920 format=13 MDP_RGBA_8888
04-11 03:13:44.755   354   354 E qdoverlay: src_rect mdp_rect x=0 y=0 w=1080 h=1920
04-11 03:13:44.755   354   354 E qdoverlay: dst_rect mdp_rect x=0 y=0 w=720 h=1280
04-11 03:13:44.765  7500  7517 I native-activity: Swap 503 time is 16.261ms
04-11 03:13:44.765  7500  7517 I native-activity: Animating
04-11 03:13:44.765  7500  7517 I native-activity: Frame 504 GL error is 0x0
04-11 03:13:44.765  7500  7517 I native-activity: Frame 504 time is 4.751ms
04-11 03:13:44.775   354   354 E qdoverlay: Bad ov dump:  mdp_overlay z=0 fg=0 alpha=255 mask=-1 flags=0x40000 id=8
04-11 03:13:44.775   354   354 E qdoverlay: src msmfb_img w=1088 h=1920 format=13 MDP_RGBA_8888
04-11 03:13:44.775   354   354 E qdoverlay: src_rect mdp_rect x=0 y=0 w=1080 h=1920
04-11 03:13:44.775   354   354 E qdoverlay: dst_rect mdp_rect x=0 y=0 w=720 h=1280
04-11 03:13:44.785  7500  7517 I native-activity: Swap 504 time is 15.726ms
04-11 03:13:44.785  7500  7517 I native-activity: Animating
04-11 03:13:44.785  7500  7517 I native-activity: Frame 505 GL error is 0x0
04-11 03:13:44.785  7500  7517 I native-activity: Frame 505 time is 5.326ms
04-11 03:13:44.795   354   354 E qdoverlay: Bad ov dump:  mdp_overlay z=0 fg=0 alpha=255 mask=-1 flags=0x40000 id=8
04-11 03:13:44.795   354   354 E qdoverlay: src msmfb_img w=1088 h=1920 format=13 MDP_RGBA_8888
04-11 03:13:44.795   354   354 E qdoverlay: src_rect mdp_rect x=0 y=0 w=1080 h=1920
04-11 03:13:44.795   354   354 E qdoverlay: dst_rect mdp_rect x=0 y=0 w=720 h=1280
04-11 03:13:44.795  7500  7517 I native-activity: Swap 505 time is 16.201ms
04-11 03:13:44.795  7500  7517 I native-activity: Animating
04-11 03:13:44.805  7500  7517 I native-activity: Frame 506 GL error is 0x0
04-11 03:13:44.805  7500  7517 I native-activity: Frame 506 time is 5.151ms
04-11 03:13:44.805   354   354 E qdoverlay: Bad ov dump:  mdp_overlay z=0 fg=0 alpha=255 mask=-1 flags=0x40000 id=8
04-11 03:13:44.805   354   354 E qdoverlay: src msmfb_img w=1088 h=1920 format=13 MDP_RGBA_8888
04-11 03:13:44.805   354   354 E qdoverlay: src_rect mdp_rect x=0 y=0 w=1080 h=1920
04-11 03:13:44.805   354   354 E qdoverlay: dst_rect mdp_rect x=0 y=0 w=720 h=1280
04-11 03:13:44.815  7500  7517 I native-activity: Swap 506 time is 16.170ms
04-11 03:13:44.815  7500  7517 I native-activity: Animating
04-11 03:13:44.815  7500  7517 I native-activity: Frame 507 GL error is 0x0
04-11 03:13:44.815  7500  7517 I native-activity: Frame 507 time is 5.165ms
04-11 03:13:44.825   354   354 E qdoverlay: Bad ov dump:  mdp_overlay z=0 fg=0 alpha=255 mask=-1 flags=0x40000 id=8
04-11 03:13:44.825   354   354 E qdoverlay: src msmfb_img w=1088 h=1920 format=13 MDP_RGBA_8888
04-11 03:13:44.825   354   354 E qdoverlay: src_rect mdp_rect x=0 y=0 w=1080 h=1920
04-11 03:13:44.825   354   354 E qdoverlay: dst_rect mdp_rect x=0 y=0 w=720 h=1280
04-11 03:13:44.835  7500  7517 I native-activity: Swap 507 time is 16.319ms
04-11 03:13:44.835  7500  7517 I native-activity: Animating
04-11 03:13:44.835  7500  7517 I native-activity: Frame 508 GL error is 0x0
04-11 03:13:44.835  7500  7517 I native-activity: Frame 508 time is 5.654ms
04-11 03:13:44.845   354   354 E qdoverlay: Bad ov dump:  mdp_overlay z=0 fg=0 alpha=255 mask=-1 flags=0x40000 id=8
04-11 03:13:44.845   354   354 E qdoverlay: src msmfb_img w=1088 h=1920 format=13 MDP_RGBA_8888
04-11 03:13:44.845   354   354 E qdoverlay: src_rect mdp_rect x=0 y=0 w=1080 h=1920
04-11 03:13:44.845   354   354 E qdoverlay: dst_rect mdp_rect x=0 y=0 w=720 h=1280
04-11 03:13:44.845  7500  7517 I native-activity: Swap 508 time is 16.197ms
04-11 03:13:44.845  7500  7517 I native-activity: Animating
04-11 03:13:44.855  7500  7517 I native-activity: Frame 509 GL error is 0x0
04-11 03:13:44.855  7500  7517 I native-activity: Frame 509 time is 5.472ms
04-11 03:13:44.855   354   354 E qdoverlay: Bad ov dump:  mdp_overlay z=0 fg=0 alpha=255 mask=-1 flags=0x40000 id=8
04-11 03:13:44.855   354   354 E qdoverlay: src msmfb_img w=1088 h=1920 format=13 MDP_RGBA_8888
04-11 03:13:44.855   354   354 E qdoverlay: src_rect mdp_rect x=0 y=0 w=1080 h=1920
04-11 03:13:44.855   354   354 E qdoverlay: dst_rect mdp_rect x=0 y=0 w=720 h=1280
04-11 03:13:44.865  7500  7517 I native-activity: Swap 509 time is 16.488ms
04-11 03:13:44.865  7500  7517 I native-activity: Animating
04-11 03:13:44.865 27027 27027 D StatusBar.NetworkController: refreshViews: Data not connected!! Set no data type icon / Roaming
04-11 03:13:44.865  7500  7517 I native-activity: Frame 510 GL error is 0x0
04-11 03:13:44.865  7500  7517 I native-activity: Frame 510 time is 6.033ms
04-11 03:13:44.875   354   354 E qdoverlay: Bad ov dump:  mdp_overlay z=0 fg=0 alpha=255 mask=-1 flags=0x40000 id=8
04-11 03:13:44.875   354   354 E qdoverlay: src msmfb_img w=1088 h=1920 format=13 MDP_RGBA_8888
04-11 03:13:44.875   354   354 E qdoverlay: src_rect mdp_rect x=0 y=0 w=1080 h=1920
04-11 03:13:44.875   354   354 E qdoverlay: dst_rect mdp_rect x=0 y=0 w=720 h=1280
04-11 03:13:44.875  7500  7517 I native-activity: Swap 510 time is 16.382ms
04-11 03:13:44.875  7500  7517 I native-activity: Animating
04-11 03:13:44.885  7500  7517 I native-activity: Frame 511 GL error is 0x0
04-11 03:13:44.885  7500  7517 I native-activity: Frame 511 time is 5.857ms
04-11 03:13:44.895   354   354 E qdoverlay: Bad ov dump:  mdp_overlay z=0 fg=0 alpha=255 mask=-1 flags=0x40000 id=8
04-11 03:13:44.895   354   354 E qdoverlay: src msmfb_img w=1088 h=1920 format=13 MDP_RGBA_8888
04-11 03:13:44.895   354   354 E qdoverlay: src_rect mdp_rect x=0 y=0 w=1080 h=1920
04-11 03:13:44.895   354   354 E qdoverlay: dst_rect mdp_rect x=0 y=0 w=720 h=1280
04-11 03:13:44.895  7500  7517 I native-activity: Swap 511 time is 15.964ms
04-11 03:13:44.895  7500  7517 I native-activity: Animating
04-11 03:13:44.905  7500  7517 I native-activity: Frame 512 GL error is 0x0
04-11 03:13:44.905  7500  7517 I native-activity: Frame 512 time is 5.935ms
04-11 03:13:44.905   354   354 E qdoverlay: Bad ov dump:  mdp_overlay z=0 fg=0 alpha=255 mask=-1 flags=0x40000 id=8
04-11 03:13:44.905   354   354 E qdoverlay: src msmfb_img w=1088 h=1920 format=13 MDP_RGBA_8888
04-11 03:13:44.905   354   354 E qdoverlay: src_rect mdp_rect x=0 y=0 w=1080 h=1920
04-11 03:13:44.905   354   354 E qdoverlay: dst_rect mdp_rect x=0 y=0 w=720 h=1280
04-11 03:13:44.915  7500  7517 I native-activity: Swap 512 time is 16.202ms
04-11 03:13:44.915  7500  7517 I native-activity: Animating
04-11 03:13:44.925  7500  7517 I native-activity: Frame 513 GL error is 0x0
04-11 03:13:44.925  7500  7517 I native-activity: Frame 513 time is 7.759ms
04-11 03:13:44.925   354   354 E qdoverlay: Bad ov dump:  mdp_overlay z=0 fg=0 alpha=255 mask=-1 flags=0x40000 id=8
04-11 03:13:44.925   354   354 E qdoverlay: src msmfb_img w=1088 h=1920 format=13 MDP_RGBA_8888
04-11 03:13:44.925   354   354 E qdoverlay: src_rect mdp_rect x=0 y=0 w=1080 h=1920
04-11 03:13:44.925   354   354 E qdoverlay: dst_rect mdp_rect x=0 y=0 w=720 h=1280
04-11 03:13:44.925  7500  7517 I native-activity: Swap 513 time is 16.052ms
04-11 03:13:44.925  7500  7517 I native-activity: Animating
04-11 03:13:44.935  7500  7517 I native-activity: Frame 514 GL error is 0x0
04-11 03:13:44.935  7500  7517 I native-activity: Frame 514 time is 6.590ms
04-11 03:13:44.945   354   354 E qdoverlay: Bad ov dump:  mdp_overlay z=0 fg=0 alpha=255 mask=-1 flags=0x40000 id=8
04-11 03:13:44.945   354   354 E qdoverlay: src msmfb_img w=1088 h=1920 format=13 MDP_RGBA_8888
04-11 03:13:44.945   354   354 E qdoverlay: src_rect mdp_rect x=0 y=0 w=1080 h=1920
04-11 03:13:44.945   354   354 E qdoverlay: dst_rect mdp_rect x=0 y=0 w=720 h=1280
04-11 03:13:44.945  7500  7517 I native-activity: Swap 514 time is 15.991ms
04-11 03:13:44.945  7500  7517 I native-activity: Animating
04-11 03:13:44.955  7500  7517 I native-activity: Frame 515 GL error is 0x0
04-11 03:13:44.955  7500  7517 I native-activity: Frame 515 time is 6.553ms
04-11 03:13:44.955   354   354 E qdoverlay: Bad ov dump:  mdp_overlay z=0 fg=0 alpha=255 mask=-1 flags=0x40000 id=8
04-11 03:13:44.955   354   354 E qdoverlay: src msmfb_img w=1088 h=1920 format=13 MDP_RGBA_8888
04-11 03:13:44.955   354   354 E qdoverlay: src_rect mdp_rect x=0 y=0 w=1080 h=1920
04-11 03:13:44.955   354   354 E qdoverlay: dst_rect mdp_rect x=0 y=0 w=720 h=1280
04-11 03:13:44.965  7500  7517 I native-activity: Swap 515 time is 15.690ms
04-11 03:13:44.965  7500  7517 I native-activity: Animating
04-11 03:13:44.965  7500  7517 I native-activity: Frame 516 GL error is 0x0
04-11 03:13:44.965  7500  7517 I native-activity: Frame 516 time is 7.032ms
04-11 03:13:44.975   354   354 E qdoverlay: Bad ov dump:  mdp_overlay z=0 fg=0 alpha=255 mask=-1 flags=0x40000 id=8
04-11 03:13:44.975   354   354 E qdoverlay: src msmfb_img w=1088 h=1920 format=13 MDP_RGBA_8888
04-11 03:13:44.975   354   354 E qdoverlay: src_rect mdp_rect x=0 y=0 w=1080 h=1920
04-11 03:13:44.975   354   354 E qdoverlay: dst_rect mdp_rect x=0 y=0 w=720 h=1280
04-11 03:13:44.975  7500  7517 I native-activity: Swap 516 time is 15.936ms
04-11 03:13:44.975  7500  7517 I native-activity: Animating
04-11 03:13:44.985  7500  7517 I native-activity: Frame 517 GL error is 0x0
04-11 03:13:44.985  7500  7517 I native-activity: Frame 517 time is 7.274ms
04-11 03:13:44.985   354   354 E qdoverlay: Bad ov dump:  mdp_overlay z=0 fg=0 alpha=255 mask=-1 flags=0x40000 id=8
04-11 03:13:44.985   354   354 E qdoverlay: src msmfb_img w=1088 h=1920 format=13 MDP_RGBA_8888
04-11 03:13:44.985   354   354 E qdoverlay: src_rect mdp_rect x=0 y=0 w=1080 h=1920
04-11 03:13:44.985   354   354 E qdoverlay: dst_rect mdp_rect x=0 y=0 w=720 h=1280
04-11 03:13:44.995  7500  7517 I native-activity: Swap 517 time is 16.078ms
04-11 03:13:44.995  7500  7517 I native-activity: Animating
04-11 03:13:45.005  7500  7517 I native-activity: Frame 518 GL error is 0x0
04-11 03:13:45.005  7500  7517 I native-activity: Frame 518 time is 7.231ms
04-11 03:13:45.005   354   354 E qdoverlay: Bad ov dump:  mdp_overlay z=0 fg=0 alpha=255 mask=-1 flags=0x40000 id=8
04-11 03:13:45.005   354   354 E qdoverlay: src msmfb_img w=1088 h=1920 format=13 MDP_RGBA_8888
04-11 03:13:45.005   354   354 E qdoverlay: src_rect mdp_rect x=0 y=0 w=1080 h=1920
04-11 03:13:45.005   354   354 E qdoverlay: dst_rect mdp_rect x=0 y=0 w=720 h=1280
04-11 03:13:45.015  7500  7517 I native-activity: Swap 518 time is 15.609ms
04-11 03:13:45.015  7500  7517 I native-activity: Animating
04-11 03:13:45.015  7500  7517 I native-activity: Frame 519 GL error is 0x0
04-11 03:13:45.015  7500  7517 I native-activity: Frame 519 time is 7.486ms
04-11 03:13:45.025   354   354 E qdoverlay: Bad ov dump:  mdp_overlay z=0 fg=0 alpha=255 mask=-1 flags=0x40000 id=8
04-11 03:13:45.025   354   354 E qdoverlay: src msmfb_img w=1088 h=1920 format=13 MDP_RGBA_8888
04-11 03:13:45.025   354   354 E qdoverlay: src_rect mdp_rect x=0 y=0 w=1080 h=1920
04-11 03:13:45.025   354   354 E qdoverlay: dst_rect mdp_rect x=0 y=0 w=720 h=1280
04-11 03:13:45.025  7500  7517 I native-activity: Swap 519 time is 16.097ms
04-11 03:13:45.025  7500  7517 I native-activity: Animating
04-11 03:13:45.035  7500  7517 I native-activity: Frame 520 GL error is 0x0
04-11 03:13:45.035  7500  7517 I native-activity: Frame 520 time is 7.356ms
04-11 03:13:45.035   354   354 E qdoverlay: Bad ov dump:  mdp_overlay z=0 fg=0 alpha=255 mask=-1 flags=0x40000 id=8
04-11 03:13:45.035   354   354 E qdoverlay: src msmfb_img w=1088 h=1920 format=13 MDP_RGBA_8888
04-11 03:13:45.035   354   354 E qdoverlay: src_rect mdp_rect x=0 y=0 w=1080 h=1920
04-11 03:13:45.035   354   354 E qdoverlay: dst_rect mdp_rect x=0 y=0 w=720 h=1280
04-11 03:13:45.045  7500  7517 I native-activity: Swap 520 time is 16.345ms
04-11 03:13:45.045  7500  7517 I native-activity: Animating
04-11 03:13:45.055  7500  7517 I native-activity: Frame 521 GL error is 0x0
04-11 03:13:45.055  7500  7517 I native-activity: Frame 521 time is 7.786ms
04-11 03:13:45.055   354   354 E qdoverlay: Bad ov dump:  mdp_overlay z=0 fg=0 alpha=255 mask=-1 flags=0x40000 id=8
04-11 03:13:45.055   354   354 E qdoverlay: src msmfb_img w=1088 h=1920 format=13 MDP_RGBA_8888
04-11 03:13:45.055   354   354 E qdoverlay: src_rect mdp_rect x=0 y=0 w=1080 h=1920
04-11 03:13:45.055   354   354 E qdoverlay: dst_rect mdp_rect x=0 y=0 w=720 h=1280
04-11 03:13:45.065  7500  7517 I native-activity: Swap 521 time is 16.299ms
04-11 03:13:45.065  7500  7517 I native-activity: Animating
04-11 03:13:45.065  7500  7517 I native-activity: Frame 522 GL error is 0x0
04-11 03:13:45.065  7500  7517 I native-activity: Frame 522 time is 7.932ms
04-11 03:13:45.075   354   354 E qdoverlay: Bad ov dump:  mdp_overlay z=0 fg=0 alpha=255 mask=-1 flags=0x40000 id=8
04-11 03:13:45.075   354   354 E qdoverlay: src msmfb_img w=1088 h=1920 format=13 MDP_RGBA_8888
04-11 03:13:45.075   354   354 E qdoverlay: src_rect mdp_rect x=0 y=0 w=1080 h=1920
04-11 03:13:45.075   354   354 E qdoverlay: dst_rect mdp_rect x=0 y=0 w=720 h=1280
04-11 03:13:45.075  7500  7517 I native-activity: Swap 522 time is 16.032ms
04-11 03:13:45.075  7500  7517 I native-activity: Animating
04-11 03:13:45.085  7500  7517 I native-activity: Frame 523 GL error is 0x0
04-11 03:13:45.085  7500  7517 I native-activity: Frame 523 time is 6.527ms
04-11 03:13:45.085   354   354 E qdoverlay: Bad ov dump:  mdp_overlay z=0 fg=0 alpha=255 mask=-1 flags=0x40000 id=8
04-11 03:13:45.085   354   354 E qdoverlay: src msmfb_img w=1088 h=1920 format=13 MDP_RGBA_8888
04-11 03:13:45.085   354   354 E qdoverlay: src_rect mdp_rect x=0 y=0 w=1080 h=1920
04-11 03:13:45.085   354   354 E qdoverlay: dst_rect mdp_rect x=0 y=0 w=720 h=1280
04-11 03:13:45.095  7500  7517 I native-activity: Swap 523 time is 16.217ms
04-11 03:13:45.095  7500  7517 I native-activity: Animating
04-11 03:13:45.095  7500  7517 I native-activity: Frame 524 GL error is 0x0
04-11 03:13:45.095  7500  7517 I native-activity: Frame 524 time is 5.528ms
04-11 03:13:45.105   354   354 E qdoverlay: Bad ov dump:  mdp_overlay z=0 fg=0 alpha=255 mask=-1 flags=0x40000 id=8
04-11 03:13:45.105   354   354 E qdoverlay: src msmfb_img w=1088 h=1920 format=13 MDP_RGBA_8888
04-11 03:13:45.105   354   354 E qdoverlay: src_rect mdp_rect x=0 y=0 w=1080 h=1920
04-11 03:13:45.105   354   354 E qdoverlay: dst_rect mdp_rect x=0 y=0 w=720 h=1280
04-11 03:13:45.115  7500  7517 I native-activity: Swap 524 time is 16.301ms
04-11 03:13:45.115  7500  7517 I native-activity: Animating
04-11 03:13:45.115  7500  7517 I native-activity: Frame 525 GL error is 0x0
04-11 03:13:45.115  7500  7517 I native-activity: Frame 525 time is 5.570ms
04-11 03:13:45.125   354   354 E qdoverlay: Bad ov dump:  mdp_overlay z=0 fg=0 alpha=255 mask=-1 flags=0x40000 id=8
04-11 03:13:45.125   354   354 E qdoverlay: src msmfb_img w=1088 h=1920 format=13 MDP_RGBA_8888
04-11 03:13:45.125   354   354 E qdoverlay: src_rect mdp_rect x=0 y=0 w=1080 h=1920
04-11 03:13:45.125   354   354 E qdoverlay: dst_rect mdp_rect x=0 y=0 w=720 h=1280
04-11 03:13:45.125  7500  7517 I native-activity: Swap 525 time is 16.318ms
04-11 03:13:45.125  7500  7517 I native-activity: Animating
04-11 03:13:45.135   354   354 E qdoverlay: Bad ov dump:  mdp_overlay z=0 fg=0 alpha=255 mask=-1 flags=0x40000 id=8
04-11 03:13:45.135   354   354 E qdoverlay: src msmfb_img w=1088 h=1920 format=13 MDP_RGBA_8888
04-11 03:13:45.135   354   354 E qdoverlay: src_rect mdp_rect x=0 y=0 w=1080 h=1920
04-11 03:13:45.135   354   354 E qdoverlay: dst_rect mdp_rect x=0 y=0 w=720 h=1280
04-11 03:13:45.145  7500  7517 I native-activity: Frame 526 GL error is 0x0
04-11 03:13:45.145  7500  7517 I native-activity: Frame 526 time is 15.744ms
04-11 03:13:45.145  7500  7517 I native-activity: Swap 526 time is 16.549ms
04-11 03:13:45.145  7500  7517 I native-activity: Animating
04-11 03:13:45.155  7500  7517 I native-activity: Frame 527 GL error is 0x0
04-11 03:13:45.155  7500  7517 I native-activity: Frame 527 time is 8.482ms
04-11 03:13:45.155   354   354 E qdoverlay: Bad ov dump:  mdp_overlay z=0 fg=0 alpha=255 mask=-1 flags=0x40000 id=8
04-11 03:13:45.155   354   354 E qdoverlay: src msmfb_img w=1088 h=1920 format=13 MDP_RGBA_8888
04-11 03:13:45.155   354   354 E qdoverlay: src_rect mdp_rect x=0 y=0 w=1080 h=1920
04-11 03:13:45.155   354   354 E qdoverlay: dst_rect mdp_rect x=0 y=0 w=720 h=1280
04-11 03:13:45.155  7500  7517 I native-activity: Swap 527 time is 15.917ms
04-11 03:13:45.155  7500  7517 I native-activity: Animating
04-11 03:13:45.175   354   354 E qdoverlay: Bad ov dump:  mdp_overlay z=0 fg=0 alpha=255 mask=-1 flags=0x40000 id=8
04-11 03:13:45.175   354   354 E qdoverlay: src msmfb_img w=1088 h=1920 format=13 MDP_RGBA_8888
04-11 03:13:45.175   354   354 E qdoverlay: src_rect mdp_rect x=0 y=0 w=1080 h=1920
04-11 03:13:45.175   354   354 E qdoverlay: dst_rect mdp_rect x=0 y=0 w=720 h=1280
04-11 03:13:45.175  7500  7517 I native-activity: Frame 528 GL error is 0x0
04-11 03:13:45.175  7500  7517 I native-activity: Frame 528 time is 10.982ms
04-11 03:13:45.175  7500  7517 I native-activity: Swap 528 time is 16.251ms
04-11 03:13:45.175  7500  7517 I native-activity: Animating
04-11 03:13:45.185   354   354 E qdoverlay: Bad ov dump:  mdp_overlay z=0 fg=0 alpha=255 mask=-1 flags=0x40000 id=8
04-11 03:13:45.185   354   354 E qdoverlay: src msmfb_img w=1088 h=1920 format=13 MDP_RGBA_8888
04-11 03:13:45.185   354   354 E qdoverlay: src_rect mdp_rect x=0 y=0 w=1080 h=1920
04-11 03:13:45.185   354   354 E qdoverlay: dst_rect mdp_rect x=0 y=0 w=720 h=1280
04-11 03:13:45.195  7500  7517 I native-activity: Frame 529 GL error is 0x0
04-11 03:13:45.195  7500  7517 I native-activity: Frame 529 time is 17.242ms
04-11 03:13:45.195  7500  7517 I native-activity: Swap 529 time is 18.089ms
04-11 03:13:45.195  7500  7517 I native-activity: Animating
04-11 03:13:45.205   354   354 E qdoverlay: Bad ov dump:  mdp_overlay z=0 fg=0 alpha=255 mask=-1 flags=0x40000 id=8
04-11 03:13:45.205   354   354 E qdoverlay: src msmfb_img w=1088 h=1920 format=13 MDP_RGBA_8888
04-11 03:13:45.205   354   354 E qdoverlay: src_rect mdp_rect x=0 y=0 w=1080 h=1920
04-11 03:13:45.205   354   354 E qdoverlay: dst_rect mdp_rect x=0 y=0 w=720 h=1280
04-11 03:13:45.205  7500  7517 I native-activity: Frame 530 GL error is 0x0
04-11 03:13:45.205  7500  7517 I native-activity: Frame 530 time is 9.985ms
04-11 03:13:45.205  7500  7517 I native-activity: Swap 530 time is 14.004ms
04-11 03:13:45.205  7500  7517 I native-activity: Animating
04-11 03:13:45.215  7500  7517 I native-activity: Frame 531 GL error is 0x0
04-11 03:13:45.215  7500  7517 I native-activity: Frame 531 time is 10.450ms
04-11 03:13:45.225   354   354 E qdoverlay: Bad ov dump:  mdp_overlay z=0 fg=0 alpha=255 mask=-1 flags=0x40000 id=8
04-11 03:13:45.225   354   354 E qdoverlay: src msmfb_img w=1088 h=1920 format=13 MDP_RGBA_8888
04-11 03:13:45.225   354   354 E qdoverlay: src_rect mdp_rect x=0 y=0 w=1080 h=1920
04-11 03:13:45.225   354   354 E qdoverlay: dst_rect mdp_rect x=0 y=0 w=720 h=1280
04-11 03:13:45.225  7500  7517 I native-activity: Swap 531 time is 15.357ms
04-11 03:13:45.225  7500  7517 I native-activity: Animating
04-11 03:13:45.235  7500  7517 I native-activity: Frame 532 GL error is 0x0
04-11 03:13:45.235  7500  7517 I native-activity: Frame 532 time is 9.312ms
04-11 03:13:45.235   354   354 E qdoverlay: Bad ov dump:  mdp_overlay z=0 fg=0 alpha=255 mask=-1 flags=0x40000 id=8
04-11 03:13:45.235   354   354 E qdoverlay: src msmfb_img w=1088 h=1920 format=13 MDP_RGBA_8888
04-11 03:13:45.235   354   354 E qdoverlay: src_rect mdp_rect x=0 y=0 w=1080 h=1920
04-11 03:13:45.235   354   354 E qdoverlay: dst_rect mdp_rect x=0 y=0 w=720 h=1280
04-11 03:13:45.245  7500  7517 I native-activity: Swap 532 time is 15.882ms
04-11 03:13:45.245  7500  7517 I native-activity: Animating
04-11 03:13:45.255  7500  7517 I native-activity: Frame 533 GL error is 0x0
04-11 03:13:45.255  7500  7517 I native-activity: Frame 533 time is 10.679ms
04-11 03:13:45.255   354   354 E qdoverlay: Bad ov dump:  mdp_overlay z=0 fg=0 alpha=255 mask=-1 flags=0x40000 id=8
04-11 03:13:45.255   354   354 E qdoverlay: src msmfb_img w=1088 h=1920 format=13 MDP_RGBA_8888
04-11 03:13:45.255   354   354 E qdoverlay: src_rect mdp_rect x=0 y=0 w=1080 h=1920
04-11 03:13:45.255   354   354 E qdoverlay: dst_rect mdp_rect x=0 y=0 w=720 h=1280
04-11 03:13:45.255  7500  7517 I native-activity: Swap 533 time is 15.942ms
04-11 03:13:45.255  7500  7517 I native-activity: Animating
04-11 03:13:45.265  7500  7517 I native-activity: Frame 534 GL error is 0x0
04-11 03:13:45.265  7500  7517 I native-activity: Frame 534 time is 10.832ms
04-11 03:13:45.265   354   354 E qdoverlay: Bad ov dump:  mdp_overlay z=0 fg=0 alpha=255 mask=-1 flags=0x40000 id=8
04-11 03:13:45.265   354   354 E qdoverlay: src msmfb_img w=1088 h=1920 format=13 MDP_RGBA_8888
04-11 03:13:45.265   354   354 E qdoverlay: src_rect mdp_rect x=0 y=0 w=1080 h=1920
04-11 03:13:45.265   354   354 E qdoverlay: dst_rect mdp_rect x=0 y=0 w=720 h=1280
04-11 03:13:45.275  7500  7517 I native-activity: Swap 534 time is 16.135ms
04-11 03:13:45.275  7500  7517 I native-activity: Animating
04-11 03:13:45.285  7500  7517 I native-activity: Frame 535 GL error is 0x0
04-11 03:13:45.285  7500  7517 I native-activity: Frame 535 time is 9.238ms
04-11 03:13:45.285   354   354 E qdoverlay: Bad ov dump:  mdp_overlay z=0 fg=0 alpha=255 mask=-1 flags=0x40000 id=8
04-11 03:13:45.285   354   354 E qdoverlay: src msmfb_img w=1088 h=1920 format=13 MDP_RGBA_8888
04-11 03:13:45.285   354   354 E q