--------- beginning of system
04-11 03:37:41.183  3556  3556 W ContextImpl: Calling a method in the system process without a qualified user: android.app.ContextImpl.bindService:1756 android.content.ContextWrapper.bindService:539 com.nvidia.stats.StatsClient.connect:146 com.nvidia.stats.StatsClient.<init>:88 com.nvidia.ControllerMapper.mapper.h.<init>:-1 
04-11 03:37:41.183   573  4569 W ActivityManager: Unable to start service Intent { act=com.nvidia.stats.START_SERVICE cmp=com.nvidia.stats/.StatsService } U=0: not found
--------- beginning of main
04-11 03:37:41.317 13609 13609 D AndroidRuntime: >>>>>> START com.android.internal.os.RuntimeInit uid 2000 <<<<<<
04-11 03:37:41.320 13609 13609 D AndroidRuntime: CheckJNI is OFF
04-11 03:37:41.372 13609 13609 E memtrack: Couldn't load memtrack module (No such file or directory)
04-11 03:37:41.372 13609 13609 E android.os.Debug: failed to load memtrack module: -2
04-11 03:37:41.396 13609 13609 D AndroidRuntime: Calling main entry com.android.commands.am.Am
04-11 03:37:41.398   573  4569 I ActivityManager: START u0 {act=android.intent.action.MAIN cat=[android.intent.category.LAUNCHER] flg=0x10000000 cmp=com.example.sonicdash_stage1/android.app.NativeActivity (has extras)} from uid 2000 on display 0
04-11 03:37:41.400   573  4569 V WindowManager: addAppToken: AppWindowToken{159f64e5 token=Token{2575abdc ActivityRecord{2a3684f u0 com.example.sonicdash_stage1/android.app.NativeActivity t78}}} to stack=1 task=78 at 0
04-11 03:37:41.403  3448  3634 I MicrophoneInputStream: mic_close gzi@3e177503
04-11 03:37:41.406  3448 13591 I HotwordRecognitionRnr: Hotword detection finished
04-11 03:37:41.407  3448  3637 I HotwordRecognitionRnr: Stopping hotword detection.
04-11 03:37:41.412   573   652 V WindowManager: Adding window Window{37d83a6b u0 Starting com.example.sonicdash_stage1} at 4 of 8 (after Window{ae2fe74 u0 com.ghisler.android.TotalCommander/com.ghisler.android.TotalCommander.TotalCommander})
04-11 03:37:41.418 13609 13609 D AndroidRuntime: Shutting down VM
04-11 03:37:41.422 13609 13627 E art     : Thread attaching while runtime is shutting down: Binder_1
04-11 03:37:41.422 13609 13627 I AndroidRuntime: NOTE: attach of thread 'Binder_1' failed
04-11 03:37:41.425   573   640 I ActivityManager: Start proc 13631:com.example.sonicdash_stage1/u0a131 for activity com.example.sonicdash_stage1/android.app.NativeActivity
04-11 03:37:41.451 13631 13631 I art     : Late-enabling -Xcheck:jni
04-11 03:37:41.452  3394  3496 W OpenGLRenderer: Incorrectly called buildLayer on View: ShortcutAndWidgetContainer, destroying layer...
04-11 03:37:41.471 13631 13651 I art     : Debugger is no longer active
04-11 03:37:41.472  3004  3004 V PhoneStatusBar: setLightsOn(true)
04-11 03:37:41.500   573  3597 W ActivityManager: Unbind failed: could not find connection for android.os.BinderProxy@e3f8be3
04-11 03:37:41.507   150   164 E Vold    : Failed to find mounted volume for /storage/sdcard1/Android/obb/com.example.sonicdash_stage1/
04-11 03:37:41.507   150   164 W Vold    : Returning OperationFailed - no handler for errno 0
04-11 03:37:41.507 13631 13631 W ContextImpl: Failed to ensure directory: /storage/sdcard1/Android/obb/com.example.sonicdash_stage1
04-11 03:37:41.508   150   164 E Vold    : Failed to find mounted volume for /storage/sdcard1/Android/data/com.example.sonicdash_stage1/files/
04-11 03:37:41.508   150   164 W Vold    : Returning OperationFailed - no handler for errno 0
04-11 03:37:41.508 13631 13631 W ContextImpl: Failed to ensure directory: /storage/sdcard1/Android/data/com.example.sonicdash_stage1/files
04-11 03:37:41.510 13631 13631 V threaded_app: Creating: 0xb49c6840
04-11 03:37:41.510 13631 13663 V threaded_app: Config: mcc=0 mnc=0 lang=en cnt=US orien=2 touch=3 dens=320 keys=1 nav=1 keysHid=3 navHid=0 sdk=22 size=2 long=2 modetype=1 modenight=1
04-11 03:37:41.511 13631 13663 I native-activity: Starting android_main
04-11 03:37:41.511 13631 13663 I native-activity:   Activity 0xb49c6840
04-11 03:37:41.511 13631 13663 I native-activity:   VM 0xb489d200
04-11 03:37:41.511 13631 13663 I native-activity:   JNIEnv 0xb4878ac0
04-11 03:37:41.511 13631 13663 D native-activity: Changing permissions for the internal storage at /data/data/com.example.sonicdash_stage1/files
04-11 03:37:41.511 13631 13663 I native-activity: Attaching entry point thread to JNIEnv
04-11 03:37:41.512 13631 13631 V threaded_app: Start: 0xb49c6840
04-11 03:37:41.512 13631 13663 I native-activity: Loading activity configuration
04-11 03:37:41.512 13631 13663 V native-activity: get_boolean_extra for *env 0xb47f6d88 intent 0x100005 extra_name egl_swap_preserve_bit
04-11 03:37:41.512 13631 13663 V native-activity: get_boolean_extra for *env 0xb47f6d88 intent 0x100005 extra_name egl_window_bit
04-11 03:37:41.512 13631 13663 V native-activity: get_boolean_extra for *env 0xb47f6d88 intent 0x100005 extra_name egl_pbuffer_bit
04-11 03:37:41.513 13631 13663 V native-activity: get_boolean_extra for *env 0xb47f6d88 intent 0x100005 extra_name gl_enable_dither
04-11 03:37:41.513 13631 13663 V native-activity: get_boolean_extra for *env 0xb47f6d88 intent 0x100005 extra_name gl_disable_dither
04-11 03:37:41.513 13631 13663 V native-activity: get_boolean_extra for *env 0xb47f6d88 intent 0x100005 extra_name gl_log_context
04-11 03:37:41.513 13631 13663 V native-activity: get_boolean_extra for *env 0xb47f6d88 intent 0x100005 extra_name stop_motion
04-11 03:37:41.513 13631 13663 V native-activity: get_boolean_extra for *env 0xb47f6d88 intent 0x100005 extra_name capture_compressed
04-11 03:37:41.513 13631 13663 I native-activity: EGL configuration
04-11 03:37:41.513 13631 13663 I native-activity: 	egl_swap_preserve_bit: 0
04-11 03:37:41.513 13631 13663 I native-activity: 	egl_window_bit: 1
04-11 03:37:41.513 13631 13663 I native-activity: 	egl_pbuffer_bit: 1
04-11 03:37:41.513 13631 13663 I native-activity: 	egl_width: 720
04-11 03:37:41.513 13631 13663 I native-activity: 	egl_height: 1280
04-11 03:37:41.513 13631 13663 I native-activity: 	egl_red_size: 8
04-11 03:37:41.513 13631 13663 I native-activity: 	egl_green_size: 8
04-11 03:37:41.513 13631 13663 I native-activity: 	egl_blue_size: 8
04-11 03:37:41.513 13631 13663 I native-activity: 	egl_alpha_size: 8
04-11 03:37:41.513 13631 13663 I native-activity: 	egl_depth_size: 16
04-11 03:37:41.513 13631 13663 I native-activity: 	egl_stencil_size: -1
04-11 03:37:41.513 13631 13663 I native-activity: 	egl_swapbuffers_sync: 0
04-11 03:37:41.513 13631 13663 I native-activity: GL configuration
04-11 03:37:41.513 13631 13663 I native-activity: 	gl_enable_dither: 0
04-11 03:37:41.513 13631 13663 I native-activity: 	gl_disable_dither: 0
04-11 03:37:41.513 13631 13663 I native-activity: 	gl_get_error: 1
04-11 03:37:41.513 13631 13663 I native-activity: 	gl_log_context: 1
04-11 03:37:41.513 13631 13663 I native-activity: Runtime configuration
04-11 03:37:41.513 13631 13663 I native-activity: 	draw_limit:        0
04-11 03:37:41.513 13631 13663 I native-activity: 	frame_limit:       0
04-11 03:37:41.513 13631 13663 I native-activity: 	stop_motion:       0
04-11 03:37:41.513 13631 13663 I native-activity: 	capture_frequency: 0
04-11 03:37:41.513 13631 13663 I native-activity: 	capture_compressed: 1
04-11 03:37:41.514 13631 13663 V threaded_app: activityState=10
04-11 03:37:41.514 13631 13631 V threaded_app: Resume: 0xb49c6840
04-11 03:37:41.514 13631 13663 V threaded_app: activityState=11
04-11 03:37:41.519   573  2963 V WindowManager: Adding window Window{2ce9c40c u0 com.example.sonicdash_stage1/android.app.NativeActivity} at 4 of 8 (before Window{37d83a6b u0 Starting com.example.sonicdash_stage1})
04-11 03:37:41.519 13631 13631 V threaded_app: InputQueueCreated: 0xb49c6840 -- 0xb49c6fc0
04-11 03:37:41.519 13631 13663 V threaded_app: APP_CMD_INPUT_CHANGED
04-11 03:37:41.519 13631 13663 V threaded_app: Attaching input queue to looper
04-11 03:37:41.531 13631 13631 V threaded_app: NativeWindowCreated: 0xb49c6840 -- 0xb4948708
04-11 03:37:41.531 13631 13663 V threaded_app: APP_CMD_INIT_WINDOW
04-11 03:37:41.532 13631 13631 V threaded_app: WindowFocusChanged: 0xb49c6840 -- 1
04-11 03:37:41.533 13631 13663 D libEGL  : loaded /system/lib/egl/libEGL_tegra.so
04-11 03:37:41.533 13631 13663 I         : Attempting to load EGL implementation /system/lib/egl/libEGL_tegra_impl
04-11 03:37:41.536 13631 13663 I         : Loaded EGL implementation /system/lib/egl/libEGL_tegra_impl
04-11 03:37:41.537 13631 13663 D libEGL  : loaded /system/lib/egl/libGLESv1_CM_tegra.so
04-11 03:37:41.547   573   652 I ActivityManager: Displayed com.example.sonicdash_stage1/android.app.NativeActivity: +146ms
04-11 03:37:41.550 13631 13663 D libEGL  : loaded /system/lib/egl/libGLESv2_tegra.so
04-11 03:37:41.565 13631 13663 I native-activity: EGL information on display 0x1
04-11 03:37:41.565 13631 13663 I native-activity: 		EGL_VENDOR: Android
04-11 03:37:41.565 13631 13663 I native-activity: 		EGL_VERSION: 1.4 Android META-EGL
04-11 03:37:41.565 13631 13663 I native-activity: 		EGL_CLIENT_APIS: OpenGL_ES
04-11 03:37:41.565 13631 13663 I native-activity: 		EGL_EXTENSIONS: EGL_KHR_get_all_proc_addresses EGL_ANDROID_presentation_time EGL_KHR_image EGL_KHR_image_base EGL_KHR_image_pixmap EGL_KHR_lock_surface EGL_KHR_gl_texture_2D_image EGL_KHR_gl_texture_cubemap_image EGL_KHR_gl_renderbuffer_image EGL_KHR_reusable_sync EGL_KHR_fence_sync EGL_KHR_config_attribs EGL_KHR_create_context EGL_EXT_buffer_age EGL_EXT_create_context_robustness EGL_KHR_surfaceless_context EGL_KHR_gl_texture_cubemap_image EGL_KHR_lock_surface EGL_KHR_stream EGL_KHR_stream_fifo EGL_KHR_stream_producer_eglsurface EGL_KHR_stream_consumer_gltexture EGL_KHR_reusable_sync EGL_KHR_create_context EGL_KHR_stream_cross_process_fd EGL_NV_system_time EGL_NV_depth_nonlinear EGL_NV_native_query EGL_NV_post_convert_rounding EGL_NV_3dvision_surface EGL_NV_sync EGL_NV_perfmon EGL_NV_multiview_window EGL_NV_stream_sync EGL_IMG_context_priority EGL_ANDROID_image_native_buffer EGL_ANDROID_recordable 
04-11 03:37:41.566 13631 13663 D native-activity: EGL configurations 114
04-11 03:37:41.566 13631 13663 D native-activity: 	Config 0xcaf329 index 0
04-11 03:37:41.566 13631 13663 V native-activity: 		EGL_CONFIG_ID: 1
04-11 03:37:41.566 13631 13663 V native-activity: 		EGL_CONFORMANT: 5 EGL_OPENGL_ES_BIT, EGL_OPENGL_ES2_BIT,
04-11 03:37:41.566 13631 13663 V native-activity: 		EGL_CONFIG_CAVEAT: 12344 EGL_NONE,
04-11 03:37:41.566 13631 13663 V native-activity: 		EGL_RENDERABLE_TYPE: 5 EGL_OPENGL_ES_BIT, EGL_OPENGL_ES2_BIT,
04-11 03:37:41.566 13631 13663 V native-activity: 		EGL_SURFACE_TYPE: 3175 EGL_PBUFFER_BIT, EGL_PIXMAP_BIT, EGL_SWAP_BEHAVIOR_PRESERVED_BIT, EGL_VG_ALPHA_FORMAT_PRE_BIT, EGL_VG_COLORSPACE_LINEAR_BIT, EGL_WINDOW_BIT,
04-11 03:37:41.566 13631 13663 V native-activity: 		EGL_LEVEL: 0
04-11 03:37:41.566 13631 13663 V native-activity: 		EGL_COLOR_BUFFER_TYPE: 12430 EGL_RGB_BUFFER,
04-11 03:37:41.566 13631 13663 V native-activity: 		EGL_BUFFER_SIZE: 32
04-11 03:37:41.566 13631 13663 V native-activity: 		EGL_SAMPLES: 0
04-11 03:37:41.566 13631 13663 V native-activity: 		EGL_SAMPLE_BUFFERS: 0
04-11 03:37:41.566 13631 13663 V native-activity: 		EGL_RED_SIZE: 8
04-11 03:37:41.566 13631 13663 V native-activity: 		EGL_GREEN_SIZE: 8
04-11 03:37:41.566 13631 13663 V native-activity: 		EGL_BLUE_SIZE: 8
04-11 03:37:41.566 13631 13663 V native-activity: 		EGL_ALPHA_SIZE: 8
04-11 03:37:41.566 13631 13663 V native-activity: 		EGL_ALPHA_MASK_SIZE: 8
04-11 03:37:41.566 13631 13663 V native-activity: 		EGL_LUMINANCE_SIZE: 0
04-11 03:37:41.566 13631 13663 V native-activity: 		EGL_TRANSPARENT_TYPE: 12344 EGL_NONE,
04-11 03:37:41.566 13631 13663 V native-activity: 		EGL_TRANSPARENT_RED_VALUE: 0
04-11 03:37:41.566 13631 13663 V native-activity: 		EGL_TRANSPARENT_GREEN_VALUE: 0
04-11 03:37:41.566 13631 13663 V native-activity: 		EGL_TRANSPARENT_BLUE_VALUE: 0
04-11 03:37:41.566 13631 13663 V native-activity: 		EGL_STENCIL_SIZE: 8
04-11 03:37:41.566 13631 13663 V native-activity: 		EGL_DEPTH_SIZE: 16
04-11 03:37:41.566 13631 13663 V native-activity: 		EGL_BIND_TO_TEXTURE_RGB: 0
04-11 03:37:41.566 13631 13663 V native-activity: 		EGL_BIND_TO_TEXTURE_RGBA: 0
04-11 03:37:41.566 13631 13663 V native-activity: 		EGL_MIN_SWAP_INTERVAL: 0
04-11 03:37:41.566 13631 13663 V native-activity: 		EGL_MAX_SWAP_INTERVAL: 1
04-11 03:37:41.566 13631 13663 V native-activity: 		EGL_MAX_PBUFFER_WIDTH: 2048
04-11 03:37:41.566 13631 13663 V native-activity: 		EGL_MAX_PBUFFER_HEIGHT: 2048
04-11 03:37:41.566 13631 13663 D native-activity: 	Config 0xcaf32a index 1
04-11 03:37:41.566 13631 13663 V native-activity: 		EGL_CONFIG_ID: 2
04-11 03:37:41.566 13631 13663 V native-activity: 		EGL_CONFORMANT: 5 EGL_OPENGL_ES_BIT, EGL_OPENGL_ES2_BIT,
04-11 03:37:41.566 13631 13663 V native-activity: 		EGL_CONFIG_CAVEAT: 12344 EGL_NONE,
04-11 03:37:41.566 13631 13663 V native-activity: 		EGL_RENDERABLE_TYPE: 5 EGL_OPENGL_ES_BIT, EGL_OPENGL_ES2_BIT,
04-11 03:37:41.566 13631 13663 V native-activity: 		EGL_SURFACE_TYPE: 3175 EGL_PBUFFER_BIT, EGL_PIXMAP_BIT, EGL_SWAP_BEHAVIOR_PRESERVED_BIT, EGL_VG_ALPHA_FORMAT_PRE_BIT, EGL_VG_COLORSPACE_LINEAR_BIT, EGL_WINDOW_BIT,
04-11 03:37:41.566 13631 13663 V native-activity: 		EGL_LEVEL: 0
04-11 03:37:41.566 13631 13663 V native-activity: 		EGL_COLOR_BUFFER_TYPE: 12430 EGL_RGB_BUFFER,
04-11 03:37:41.566 13631 13663 V native-activity: 		EGL_BUFFER_SIZE: 32
04-11 03:37:41.566 13631 13663 V native-activity: 		EGL_SAMPLES: 0
04-11 03:37:41.566 13631 13663 V native-activity: 		EGL_SAMPLE_BUFFERS: 0
04-11 03:37:41.566 13631 13663 V native-activity: 		EGL_RED_SIZE: 8
04-11 03:37:41.566 13631 13663 V native-activity: 		EGL_GREEN_SIZE: 8
04-11 03:37:41.566 13631 13663 V native-activity: 		EGL_BLUE_SIZE: 8
04-11 03:37:41.566 13631 13663 V native-activity: 		EGL_ALPHA_SIZE: 8
04-11 03:37:41.566 13631 13663 V native-activity: 		EGL_ALPHA_MASK_SIZE: 8
04-11 03:37:41.566 13631 13663 V native-activity: 		EGL_LUMINANCE_SIZE: 0
04-11 03:37:41.566 13631 13663 V native-activity: 		EGL_TRANSPARENT_TYPE: 12344 EGL_NONE,
04-11 03:37:41.566 13631 13663 V native-activity: 		EGL_TRANSPARENT_RED_VALUE: 0
04-11 03:37:41.566 13631 13663 V native-activity: 		EGL_TRANSPARENT_GREEN_VALUE: 0
04-11 03:37:41.566 13631 13663 V native-activity: 		EGL_TRANSPARENT_BLUE_VALUE: 0
04-11 03:37:41.566 13631 13663 V native-activity: 		EGL_STENCIL_SIZE: 0
04-11 03:37:41.566 13631 13663 V native-activity: 		EGL_DEPTH_SIZE: 16
04-11 03:37:41.566 13631 13663 V native-activity: 		EGL_BIND_TO_TEXTURE_RGB: 0
04-11 03:37:41.566 13631 13663 V native-activity: 		EGL_BIND_TO_TEXTURE_RGBA: 0
04-11 03:37:41.566 13631 13663 V native-activity: 		EGL_MIN_SWAP_INTERVAL: 0
04-11 03:37:41.567 13631 13663 V native-activity: 		EGL_MAX_SWAP_INTERVAL: 1
04-11 03:37:41.567 13631 13663 V native-activity: 		EGL_MAX_PBUFFER_WIDTH: 2048
04-11 03:37:41.567 13631 13663 V native-activity: 		EGL_MAX_PBUFFER_HEIGHT: 2048
04-11 03:37:41.567 13631 13663 D native-activity: 	Config 0xcaf32b index 2
04-11 03:37:41.567 13631 13663 V native-activity: 		EGL_CONFIG_ID: 3
04-11 03:37:41.567 13631 13663 V native-activity: 		EGL_CONFORMANT: 5 EGL_OPENGL_ES_BIT, EGL_OPENGL_ES2_BIT,
04-11 03:37:41.567 13631 13663 V native-activity: 		EGL_CONFIG_CAVEAT: 12344 EGL_NONE,
04-11 03:37:41.567 13631 13663 V native-activity: 		EGL_RENDERABLE_TYPE: 5 EGL_OPENGL_ES_BIT, EGL_OPENGL_ES2_BIT,
04-11 03:37:41.567 13631 13663 V native-activity: 		EGL_SURFACE_TYPE: 3175 EGL_PBUFFER_BIT, EGL_PIXMAP_BIT, EGL_SWAP_BEHAVIOR_PRESERVED_BIT, EGL_VG_ALPHA_FORMAT_PRE_BIT, EGL_VG_COLORSPACE_LINEAR_BIT, EGL_WINDOW_BIT,
04-11 03:37:41.567 13631 13663 V native-activity: 		EGL_LEVEL: 0
04-11 03:37:41.567 13631 13663 V native-activity: 		EGL_COLOR_BUFFER_TYPE: 12430 EGL_RGB_BUFFER,
04-11 03:37:41.567 13631 13663 V native-activity: 		EGL_BUFFER_SIZE: 32
04-11 03:37:41.567 13631 13663 V native-activity: 		EGL_SAMPLES: 0
04-11 03:37:41.567 13631 13663 V native-activity: 		EGL_SAMPLE_BUFFERS: 0
04-11 03:37:41.567 13631 13663 V native-activity: 		EGL_RED_SIZE: 8
04-11 03:37:41.567 13631 13663 V native-activity: 		EGL_GREEN_SIZE: 8
04-11 03:37:41.567 13631 13663 V native-activity: 		EGL_BLUE_SIZE: 8
04-11 03:37:41.567 13631 13663 V native-activity: 		EGL_ALPHA_SIZE: 8
04-11 03:37:41.567 13631 13663 V native-activity: 		EGL_ALPHA_MASK_SIZE: 8
04-11 03:37:41.567 13631 13663 V native-activity: 		EGL_LUMINANCE_SIZE: 0
04-11 03:37:41.567 13631 13663 V native-activity: 		EGL_TRANSPARENT_TYPE: 12344 EGL_NONE,
04-11 03:37:41.567 13631 13663 V native-activity: 		EGL_TRANSPARENT_RED_VALUE: 0
04-11 03:37:41.567 13631 13663 V native-activity: 		EGL_TRANSPARENT_GREEN_VALUE: 0
04-11 03:37:41.567 13631 13663 V native-activity: 		EGL_TRANSPARENT_BLUE_VALUE: 0
04-11 03:37:41.567 13631 13663 V native-activity: 		EGL_STENCIL_SIZE: 8
04-11 03:37:41.567 13631 13663 V native-activity: 		EGL_DEPTH_SIZE: 0
04-11 03:37:41.567 13631 13663 V native-activity: 		EGL_BIND_TO_TEXTURE_RGB: 0
04-11 03:37:41.567 13631 13663 V native-activity: 		EGL_BIND_TO_TEXTURE_RGBA: 0
04-11 03:37:41.567 13631 13663 V native-activity: 		EGL_MIN_SWAP_INTERVAL: 0
04-11 03:37:41.567 13631 13663 V native-activity: 		EGL_MAX_SWAP_INTERVAL: 1
04-11 03:37:41.567 13631 13663 V native-activity: 		EGL_MAX_PBUFFER_WIDTH: 2048
04-11 03:37:41.567 13631 13663 V native-activity: 		EGL_MAX_PBUFFER_HEIGHT: 2048
04-11 03:37:41.567 13631 13663 D native-activity: 	Config 0xcaf32c index 3
04-11 03:37:41.567 13631 13663 V native-activity: 		EGL_CONFIG_ID: 4
04-11 03:37:41.567 13631 13663 V native-activity: 		EGL_CONFORMANT: 5 EGL_OPENGL_ES_BIT, EGL_OPENGL_ES2_BIT,
04-11 03:37:41.567 13631 13663 V native-activity: 		EGL_CONFIG_CAVEAT: 12344 EGL_NONE,
04-11 03:37:41.567 13631 13663 V native-activity: 		EGL_RENDERABLE_TYPE: 5 EGL_OPENGL_ES_BIT, EGL_OPENGL_ES2_BIT,
04-11 03:37:41.567 13631 13663 V native-activity: 		EGL_SURFACE_TYPE: 3175 EGL_PBUFFER_BIT, EGL_PIXMAP_BIT, EGL_SWAP_BEHAVIOR_PRESERVED_BIT, EGL_VG_ALPHA_FORMAT_PRE_BIT, EGL_VG_COLORSPACE_LINEAR_BIT, EGL_WINDOW_BIT,
04-11 03:37:41.567 13631 13663 V native-activity: 		EGL_LEVEL: 0
04-11 03:37:41.567 13631 13663 V native-activity: 		EGL_COLOR_BUFFER_TYPE: 12430 EGL_RGB_BUFFER,
04-11 03:37:41.567 13631 13663 V native-activity: 		EGL_BUFFER_SIZE: 32
04-11 03:37:41.567 13631 13663 V native-activity: 		EGL_SAMPLES: 0
04-11 03:37:41.567 13631 13663 V native-activity: 		EGL_SAMPLE_BUFFERS: 0
04-11 03:37:41.567 13631 13663 V native-activity: 		EGL_RED_SIZE: 8
04-11 03:37:41.567 13631 13663 V native-activity: 		EGL_GREEN_SIZE: 8
04-11 03:37:41.567 13631 13663 V native-activity: 		EGL_BLUE_SIZE: 8
04-11 03:37:41.567 13631 13663 V native-activity: 		EGL_ALPHA_SIZE: 8
04-11 03:37:41.567 13631 13663 V native-activity: 		EGL_ALPHA_MASK_SIZE: 8
04-11 03:37:41.567 13631 13663 V native-activity: 		EGL_LUMINANCE_SIZE: 0
04-11 03:37:41.567 13631 13663 V native-activity: 		EGL_TRANSPARENT_TYPE: 12344 EGL_NONE,
04-11 03:37:41.567 13631 13663 V native-activity: 		EGL_TRANSPARENT_RED_VALUE: 0
04-11 03:37:41.567 13631 13663 V native-activity: 		EGL_TRANSPARENT_GREEN_VALUE: 0
04-11 03:37:41.567 13631 13663 V native-activity: 		EGL_TRANSPARENT_BLUE_VALUE: 0
04-11 03:37:41.567 13631 13663 V native-activity: 		EGL_STENCIL_SIZE: 0
04-11 03:37:41.567 13631 13663 V native-activity: 		EGL_DEPTH_SIZE: 0
04-11 03:37:41.567 13631 13663 V native-activity: 		EGL_BIND_TO_TEXTURE_RGB: 0
04-11 03:37:41.567 13631 13663 V native-activity: 		EGL_BIND_TO_TEXTURE_RGBA: 0
04-11 03:37:41.567 13631 13663 V native-activity: 		EGL_MIN_SWAP_INTERVAL: 0
04-11 03:37:41.567 13631 13663 V native-activity: 		EGL_MAX_SWAP_INTERVAL: 1
04-11 03:37:41.567 13631 13663 V native-activity: 		EGL_MAX_PBUFFER_WIDTH: 2048
04-11 03:37:41.567 13631 13663 V native-activity: 		EGL_MAX_PBUFFER_HEIGHT: 2048
04-11 03:37:41.567 13631 13663 D native-activity: 	Config 0xcaf32d index 4
04-11 03:37:41.567 13631 13663 V native-activity: 		EGL_CONFIG_ID: 5
04-11 03:37:41.567 13631 13663 V native-activity: 		EGL_CONFORMANT: 5 EGL_OPENGL_ES_BIT, EGL_OPENGL_ES2_BIT,
04-11 03:37:41.567 13631 13663 V native-activity: 		EGL_CONFIG_CAVEAT: 12344 EGL_NONE,
04-11 03:37:41.567 13631 13663 V native-activity: 		EGL_RENDERABLE_TYPE: 5 EGL_OPENGL_ES_BIT, EGL_OPENGL_ES2_BIT,
04-11 03:37:41.567 13631 13663 V native-activity: 		EGL_SURFACE_TYPE: 3175 EGL_PBUFFER_BIT, EGL_PIXMAP_BIT, EGL_SWAP_BEHAVIOR_PRESERVED_BIT, EGL_VG_ALPHA_FORMAT_PRE_BIT, EGL_VG_COLORSPACE_LINEAR_BIT, EGL_WINDOW_BIT,
04-11 03:37:41.567 13631 13663 V native-activity: 		EGL_LEVEL: 0
04-11 03:37:41.567 13631 13663 V native-activity: 		EGL_COLOR_BUFFER_TYPE: 12430 EGL_RGB_BUFFER,
04-11 03:37:41.567 13631 13663 V native-activity: 		EGL_BUFFER_SIZE: 32
04-11 03:37:41.567 13631 13663 V native-activity: 		EGL_SAMPLES: 0
04-11 03:37:41.567 13631 13663 V native-activity: 		EGL_SAMPLE_BUFFERS: 0
04-11 03:37:41.567 13631 13663 V native-activity: 		EGL_RED_SIZE: 8
04-11 03:37:41.567 13631 13663 V native-activity: 		EGL_GREEN_SIZE: 8
04-11 03:37:41.567 13631 13663 V native-activity: 		EGL_BLUE_SIZE: 8
04-11 03:37:41.567 13631 13663 V native-activity: 		EGL_ALPHA_SIZE: 0
04-11 03:37:41.567 13631 13663 V native-activity: 		EGL_ALPHA_MASK_SIZE: 8
04-11 03:37:41.567 13631 13663 V native-activity: 		EGL_LUMINANCE_SIZE: 0
04-11 03:37:41.567 13631 13663 V native-activity: 		EGL_TRANSPARENT_TYPE: 12344 EGL_NONE,
04-11 03:37:41.567 13631 13663 V native-activity: 		EGL_TRANSPARENT_RED_VALUE: 0
04-11 03:37:41.567 13631 13663 V native-activity: 		EGL_TRANSPARENT_GREEN_VALUE: 0
04-11 03:37:41.567 13631 13663 V native-activity: 		EGL_TRANSPARENT_BLUE_VALUE: 0
04-11 03:37:41.567 13631 13663 V native-activity: 		EGL_STENCIL_SIZE: 0
04-11 03:37:41.567 13631 13663 V native-activity: 		EGL_DEPTH_SIZE: 0
04-11 03:37:41.567 13631 13663 V native-activity: 		EGL_BIND_TO_TEXTURE_RGB: 0
04-11 03:37:41.567 13631 13663 V native-activity: 		EGL_BIND_TO_TEXTURE_RGBA: 0
04-11 03:37:41.567 13631 13663 V native-activity: 		EGL_MIN_SWAP_INTERVAL: 0
04-11 03:37:41.567 13631 13663 V native-activity: 		EGL_MAX_SWAP_INTERVAL: 1
04-11 03:37:41.567 13631 13663 V native-activity: 		EGL_MAX_PBUFFER_WIDTH: 2048
04-11 03:37:41.567 13631 13663 V native-activity: 		EGL_MAX_PBUFFER_HEIGHT: 2048
04-11 03:37:41.567 13631 13663 D native-activity: 	Config 0xcaf32e index 5
04-11 03:37:41.567 13631 13663 V native-activity: 		EGL_CONFIG_ID: 8
04-11 03:37:41.567 13631 13663 V native-activity: 		EGL_CONFORMANT: 5 EGL_OPENGL_ES_BIT, EGL_OPENGL_ES2_BIT,
04-11 03:37:41.567 13631 13663 V native-activity: 		EGL_CONFIG_CAVEAT: 12344 EGL_NONE,
04-11 03:37:41.567 13631 13663 V native-activity: 		EGL_RENDERABLE_TYPE: 5 EGL_OPENGL_ES_BIT, EGL_OPENGL_ES2_BIT,
04-11 03:37:41.567 13631 13663 V native-activity: 		EGL_SURFACE_TYPE: 3175 EGL_PBUFFER_BIT, EGL_PIXMAP_BIT, EGL_SWAP_BEHAVIOR_PRESERVED_BIT, EGL_VG_ALPHA_FORMAT_PRE_BIT, EGL_VG_COLORSPACE_LINEAR_BIT, EGL_WINDOW_BIT,
04-11 03:37:41.567 13631 13663 V native-activity: 		EGL_LEVEL: 0
04-11 03:37:41.567 13631 13663 V native-activity: 		EGL_COLOR_BUFFER_TYPE: 12430 EGL_RGB_BUFFER,
04-11 03:37:41.567 13631 13663 V native-activity: 		EGL_BUFFER_SIZE: 16
04-11 03:37:41.567 13631 13663 V native-activity: 		EGL_SAMPLES: 0
04-11 03:37:41.567 13631 13663 V native-activity: 		EGL_SAMPLE_BUFFERS: 0
04-11 03:37:41.567 13631 13663 V native-activity: 		EGL_RED_SIZE: 5
04-11 03:37:41.567 13631 13663 V native-activity: 		EGL_GREEN_SIZE: 6
04-11 03:37:41.567 13631 13663 V native-activity: 		EGL_BLUE_SIZE: 5
04-11 03:37:41.567 13631 13663 V native-activity: 		EGL_ALPHA_SIZE: 0
04-11 03:37:41.567 13631 13663 V native-activity: 		EGL_ALPHA_MASK_SIZE: 8
04-11 03:37:41.567 13631 13663 V native-activity: 		EGL_LUMINANCE_SIZE: 0
04-11 03:37:41.567 13631 13663 V native-activity: 		EGL_TRANSPARENT_TYPE: 12344 EGL_NONE,
04-11 03:37:41.567 13631 13663 V native-activity: 		EGL_TRANSPARENT_RED_VALUE: 0
04-11 03:37:41.567 13631 13663 V native-activity: 		EGL_TRANSPARENT_GREEN_VALUE: 0
04-11 03:37:41.567 13631 13663 V native-activity: 		EGL_TRANSPARENT_BLUE_VALUE: 0
04-11 03:37:41.567 13631 13663 V native-activity: 		EGL_STENCIL_SIZE: 8
04-11 03:37:41.567 13631 13663 V native-activity: 		EGL_DEPTH_SIZE: 16
04-11 03:37:41.567 13631 13663 V native-activity: 		EGL_BIND_TO_TEXTURE_RGB: 0
04-11 03:37:41.567 13631 13663 V native-activity: 		EGL_BIND_TO_TEXTURE_RGBA: 0
04-11 03:37:41.567 13631 13663 V native-activity: 		EGL_MIN_SWAP_INTERVAL: 0
04-11 03:37:41.568 13631 13663 V native-activity: 		EGL_MAX_SWAP_INTERVAL: 1
04-11 03:37:41.568 13631 13663 V native-activity: 		EGL_MAX_PBUFFER_WIDTH: 2048
04-11 03:37:41.568 13631 13663 V native-activity: 		EGL_MAX_PBUFFER_HEIGHT: 2048
04-11 03:37:41.568 13631 13663 D native-activity: 	Config 0xcaf32f index 6
04-11 03:37:41.568 13631 13663 V native-activity: 		EGL_CONFIG_ID: 9
04-11 03:37:41.568 13631 13663 V native-activity: 		EGL_CONFORMANT: 5 EGL_OPENGL_ES_BIT, EGL_OPENGL_ES2_BIT,
04-11 03:37:41.568 13631 13663 V native-activity: 		EGL_CONFIG_CAVEAT: 12344 EGL_NONE,
04-11 03:37:41.568 13631 13663 V native-activity: 		EGL_RENDERABLE_TYPE: 5 EGL_OPENGL_ES_BIT, EGL_OPENGL_ES2_BIT,
04-11 03:37:41.568 13631 13663 V native-activity: 		EGL_SURFACE_TYPE: 3175 EGL_PBUFFER_BIT, EGL_PIXMAP_BIT, EGL_SWAP_BEHAVIOR_PRESERVED_BIT, EGL_VG_ALPHA_FORMAT_PRE_BIT, EGL_VG_COLORSPACE_LINEAR_BIT, EGL_WINDOW_BIT,
04-11 03:37:41.568 13631 13663 V native-activity: 		EGL_LEVEL: 0
04-11 03:37:41.568 13631 13663 V native-activity: 		EGL_COLOR_BUFFER_TYPE: 12430 EGL_RGB_BUFFER,
04-11 03:37:41.568 13631 13663 V native-activity: 		EGL_BUFFER_SIZE: 16
04-11 03:37:41.568 13631 13663 V native-activity: 		EGL_SAMPLES: 0
04-11 03:37:41.568 13631 13663 V native-activity: 		EGL_SAMPLE_BUFFERS: 0
04-11 03:37:41.568 13631 13663 V native-activity: 		EGL_RED_SIZE: 5
04-11 03:37:41.568 13631 13663 V native-activity: 		EGL_GREEN_SIZE: 6
04-11 03:37:41.568 13631 13663 V native-activity: 		EGL_BLUE_SIZE: 5
04-11 03:37:41.568 13631 13663 V native-activity: 		EGL_ALPHA_SIZE: 0
04-11 03:37:41.568 13631 13663 V native-activity: 		EGL_ALPHA_MASK_SIZE: 8
04-11 03:37:41.568 13631 13663 V native-activity: 		EGL_LUMINANCE_SIZE: 0
04-11 03:37:41.568 13631 13663 V native-activity: 		EGL_TRANSPARENT_TYPE: 12344 EGL_NONE,
04-11 03:37:41.568 13631 13663 V native-activity: 		EGL_TRANSPARENT_RED_VALUE: 0
04-11 03:37:41.568 13631 13663 V native-activity: 		EGL_TRANSPARENT_GREEN_VALUE: 0
04-11 03:37:41.568 13631 13663 V native-activity: 		EGL_TRANSPARENT_BLUE_VALUE: 0
04-11 03:37:41.568 13631 13663 V native-activity: 		EGL_STENCIL_SIZE: 0
04-11 03:37:41.568 13631 13663 V native-activity: 		EGL_DEPTH_SIZE: 16
04-11 03:37:41.568 13631 13663 V native-activity: 		EGL_BIND_TO_TEXTURE_RGB: 0
04-11 03:37:41.568 13631 13663 V native-activity: 		EGL_BIND_TO_TEXTURE_RGBA: 0
04-11 03:37:41.568 13631 13663 V native-activity: 		EGL_MIN_SWAP_INTERVAL: 0
04-11 03:37:41.568 13631 13663 V native-activity: 		EGL_MAX_SWAP_INTERVAL: 1
04-11 03:37:41.568 13631 13663 V native-activity: 		EGL_MAX_PBUFFER_WIDTH: 2048
04-11 03:37:41.568 13631 13663 V native-activity: 		EGL_MAX_PBUFFER_HEIGHT: 2048
04-11 03:37:41.568 13631 13663 D native-activity: 	Config 0xcaf330 index 7
04-11 03:37:41.568 13631 13663 V native-activity: 		EGL_CONFIG_ID: 10
04-11 03:37:41.568 13631 13663 V native-activity: 		EGL_CONFORMANT: 5 EGL_OPENGL_ES_BIT, EGL_OPENGL_ES2_BIT,
04-11 03:37:41.568 13631 13663 V native-activity: 		EGL_CONFIG_CAVEAT: 12344 EGL_NONE,
04-11 03:37:41.568 13631 13663 V native-activity: 		EGL_RENDERABLE_TYPE: 5 EGL_OPENGL_ES_BIT, EGL_OPENGL_ES2_BIT,
04-11 03:37:41.568 13631 13663 V native-activity: 		EGL_SURFACE_TYPE: 3175 EGL_PBUFFER_BIT, EGL_PIXMAP_BIT, EGL_SWAP_BEHAVIOR_PRESERVED_BIT, EGL_VG_ALPHA_FORMAT_PRE_BIT, EGL_VG_COLORSPACE_LINEAR_BIT, EGL_WINDOW_BIT,
04-11 03:37:41.568 13631 13663 V native-activity: 		EGL_LEVEL: 0
04-11 03:37:41.568 13631 13663 V native-activity: 		EGL_COLOR_BUFFER_TYPE: 12430 EGL_RGB_BUFFER,
04-11 03:37:41.568 13631 13663 V native-activity: 		EGL_BUFFER_SIZE: 16
04-11 03:37:41.568 13631 13663 V native-activity: 		EGL_SAMPLES: 0
04-11 03:37:41.568 13631 13663 V native-activity: 		EGL_SAMPLE_BUFFERS: 0
04-11 03:37:41.568 13631 13663 V native-activity: 		EGL_RED_SIZE: 5
04-11 03:37:41.568 13631 13663 V native-activity: 		EGL_GREEN_SIZE: 6
04-11 03:37:41.568 13631 13663 V native-activity: 		EGL_BLUE_SIZE: 5
04-11 03:37:41.568 13631 13663 V native-activity: 		EGL_ALPHA_SIZE: 0
04-11 03:37:41.568 13631 13663 V native-activity: 		EGL_ALPHA_MASK_SIZE: 8
04-11 03:37:41.568 13631 13663 V native-activity: 		EGL_LUMINANCE_SIZE: 0
04-11 03:37:41.568 13631 13663 V native-activity: 		EGL_TRANSPARENT_TYPE: 12344 EGL_NONE,
04-11 03:37:41.568 13631 13663 V native-activity: 		EGL_TRANSPARENT_RED_VALUE: 0
04-11 03:37:41.568 13631 13663 V native-activity: 		EGL_TRANSPARENT_GREEN_VALUE: 0
04-11 03:37:41.568 13631 13663 V native-activity: 		EGL_TRANSPARENT_BLUE_VALUE: 0
04-11 03:37:41.568 13631 13663 V native-activity: 		EGL_STENCIL_SIZE: 8
04-11 03:37:41.568 13631 13663 V native-activity: 		EGL_DEPTH_SIZE: 0
04-11 03:37:41.568 13631 13663 V native-activity: 		EGL_BIND_TO_TEXTURE_RGB: 0
04-11 03:37:41.568 13631 13663 V native-activity: 		EGL_BIND_TO_TEXTURE_RGBA: 0
04-11 03:37:41.568 13631 13663 V native-activity: 		EGL_MIN_SWAP_INTERVAL: 0
04-11 03:37:41.568 13631 13663 V native-activity: 		EGL_MAX_SWAP_INTERVAL: 1
04-11 03:37:41.568 13631 13663 V native-activity: 		EGL_MAX_PBUFFER_WIDTH: 2048
04-11 03:37:41.568 13631 13663 V native-activity: 		EGL_MAX_PBUFFER_HEIGHT: 2048
04-11 03:37:41.568 13631 13663 D native-activity: 	Config 0xcaf331 index 8
04-11 03:37:41.568 13631 13663 V native-activity: 		EGL_CONFIG_ID: 11
04-11 03:37:41.568 13631 13663 V native-activity: 		EGL_CONFORMANT: 5 EGL_OPENGL_ES_BIT, EGL_OPENGL_ES2_BIT,
04-11 03:37:41.568 13631 13663 V native-activity: 		EGL_CONFIG_CAVEAT: 12344 EGL_NONE,
04-11 03:37:41.568 13631 13663 V native-activity: 		EGL_RENDERABLE_TYPE: 5 EGL_OPENGL_ES_BIT, EGL_OPENGL_ES2_BIT,
04-11 03:37:41.568 13631 13663 V native-activity: 		EGL_SURFACE_TYPE: 3175 EGL_PBUFFER_BIT, EGL_PIXMAP_BIT, EGL_SWAP_BEHAVIOR_PRESERVED_BIT, EGL_VG_ALPHA_FORMAT_PRE_BIT, EGL_VG_COLORSPACE_LINEAR_BIT, EGL_WINDOW_BIT,
04-11 03:37:41.568 13631 13663 V native-activity: 		EGL_LEVEL: 0
04-11 03:37:41.568 13631 13663 V native-activity: 		EGL_COLOR_BUFFER_TYPE: 12430 EGL_RGB_BUFFER,
04-11 03:37:41.568 13631 13663 V native-activity: 		EGL_BUFFER_SIZE: 16
04-11 03:37:41.568 13631 13663 V native-activity: 		EGL_SAMPLES: 0
04-11 03:37:41.568 13631 13663 V native-activity: 		EGL_SAMPLE_BUFFERS: 0
04-11 03:37:41.568 13631 13663 V native-activity: 		EGL_RED_SIZE: 5
04-11 03:37:41.568 13631 13663 V native-activity: 		EGL_GREEN_SIZE: 6
04-11 03:37:41.568 13631 13663 V native-activity: 		EGL_BLUE_SIZE: 5
04-11 03:37:41.568 13631 13663 V native-activity: 		EGL_ALPHA_SIZE: 0
04-11 03:37:41.568 13631 13663 V native-activity: 		EGL_ALPHA_MASK_SIZE: 8
04-11 03:37:41.568 13631 13663 V native-activity: 		EGL_LUMINANCE_SIZE: 0
04-11 03:37:41.568 13631 13663 V native-activity: 		EGL_TRANSPARENT_TYPE: 12344 EGL_NONE,
04-11 03:37:41.568 13631 13663 V native-activity: 		EGL_TRANSPARENT_RED_VALUE: 0
04-11 03:37:41.568 13631 13663 V native-activity: 		EGL_TRANSPARENT_GREEN_VALUE: 0
04-11 03:37:41.568 13631 13663 V native-activity: 		EGL_TRANSPARENT_BLUE_VALUE: 0
04-11 03:37:41.568 13631 13663 V native-activity: 		EGL_STENCIL_SIZE: 0
04-11 03:37:41.568 13631 13663 V native-activity: 		EGL_DEPTH_SIZE: 0
04-11 03:37:41.568 13631 13663 V native-activity: 		EGL_BIND_TO_TEXTURE_RGB: 0
04-11 03:37:41.568 13631 13663 V native-activity: 		EGL_BIND_TO_TEXTURE_RGBA: 0
04-11 03:37:41.568 13631 13663 V native-activity: 		EGL_MIN_SWAP_INTERVAL: 0
04-11 03:37:41.568 13631 13663 V native-activity: 		EGL_MAX_SWAP_INTERVAL: 1
04-11 03:37:41.568 13631 13663 V native-activity: 		EGL_MAX_PBUFFER_WIDTH: 2048
04-11 03:37:41.568 13631 13663 V native-activity: 		EGL_MAX_PBUFFER_HEIGHT: 2048
04-11 03:37:41.568 13631 13663 D native-activity: 	Config 0xcaf332 index 9
04-11 03:37:41.568 13631 13663 V native-activity: 		EGL_CONFIG_ID: 12
04-11 03:37:41.568 13631 13663 V native-activity: 		EGL_CONFORMANT: 5 EGL_OPENGL_ES_BIT, EGL_OPENGL_ES2_BIT,
04-11 03:37:41.568 13631 13663 V native-activity: 		EGL_CONFIG_CAVEAT: 12344 EGL_NONE,
04-11 03:37:41.568 13631 13663 V native-activity: 		EGL_RENDERABLE_TYPE: 5 EGL_OPENGL_ES_BIT, EGL_OPENGL_ES2_BIT,
04-11 03:37:41.568 13631 13663 V native-activity: 		EGL_SURFACE_TYPE: 97 EGL_PBUFFER_BIT, EGL_VG_ALPHA_FORMAT_PRE_BIT, EGL_VG_COLORSPACE_LINEAR_BIT,
04-11 03:37:41.568 13631 13663 V native-activity: 		EGL_LEVEL: 0
04-11 03:37:41.568 13631 13663 V native-activity: 		EGL_COLOR_BUFFER_TYPE: 12430 EGL_RGB_BUFFER,
04-11 03:37:41.568 13631 13663 V native-activity: 		EGL_BUFFER_SIZE: 16
04-11 03:37:41.568 13631 13663 V native-activity: 		EGL_SAMPLES: 0
04-11 03:37:41.568 13631 13663 V native-activity: 		EGL_SAMPLE_BUFFERS: 0
04-11 03:37:41.568 13631 13663 V native-activity: 		EGL_RED_SIZE: 4
04-11 03:37:41.568 13631 13663 V native-activity: 		EGL_GREEN_SIZE: 4
04-11 03:37:41.568 13631 13663 V native-activity: 		EGL_BLUE_SIZE: 4
04-11 03:37:41.568 13631 13663 V native-activity: 		EGL_ALPHA_SIZE: 4
04-11 03:37:41.568 13631 13663 V native-activity: 		EGL_ALPHA_MASK_SIZE: 8
04-11 03:37:41.568 13631 13663 V native-activity: 		EGL_LUMINANCE_SIZE: 0
04-11 03:37:41.568 13631 13663 V native-activity: 		EGL_TRANSPARENT_TYPE: 12344 EGL_NONE,
04-11 03:37:41.568 13631 13663 V native-activity: 		EGL_TRANSPARENT_RED_VALUE: 0
04-11 03:37:41.568 13631 13663 V native-activity: 		EGL_TRANSPARENT_GREEN_VALUE: 0
04-11 03:37:41.568 13631 13663 V native-activity: 		EGL_TRANSPARENT_BLUE_VALUE: 0
04-11 03:37:41.568 13631 13663 V native-activity: 		EGL_STENCIL_SIZE: 8
04-11 03:37:41.568 13631 13663 V native-activity: 		EGL_DEPTH_SIZE: 16
04-11 03:37:41.568 13631 13663 V native-activity: 		EGL_BIND_TO_TEXTURE_RGB: 0
04-11 03:37:41.568 13631 13663 V native-activity: 		EGL_BIND_TO_TEXTURE_RGBA: 0
04-11 03:37:41.568 13631 13663 V native-activity: 		EGL_MIN_SWAP_INTERVAL: 0
04-11 03:37:41.568 13631 13663 V native-activity: 		EGL_MAX_SWAP_INTERVAL: 200
04-11 03:37:41.569 13631 13663 V native-activity: 		EGL_MAX_PBUFFER_WIDTH: 2048
04-11 03:37:41.569 13631 13663 V native-activity: 		EGL_MAX_PBUFFER_HEIGHT: 2048
04-11 03:37:41.569 13631 13663 D native-activity: 	Config 0xcaf333 index 10
04-11 03:37:41.569 13631 13663 V native-activity: 		EGL_CONFIG_ID: 13
04-11 03:37:41.569 13631 13663 V native-activity: 		EGL_CONFORMANT: 5 EGL_OPENGL_ES_BIT, EGL_OPENGL_ES2_BIT,
04-11 03:37:41.569 13631 13663 V native-activity: 		EGL_CONFIG_CAVEAT: 12344 EGL_NONE,
04-11 03:37:41.569 13631 13663 V native-activity: 		EGL_RENDERABLE_TYPE: 5 EGL_OPENGL_ES_BIT, EGL_OPENGL_ES2_BIT,
04-11 03:37:41.569 13631 13663 V native-activity: 		EGL_SURFACE_TYPE: 97 EGL_PBUFFER_BIT, EGL_VG_ALPHA_FORMAT_PRE_BIT, EGL_VG_COLORSPACE_LINEAR_BIT,
04-11 03:37:41.569 13631 13663 V native-activity: 		EGL_LEVEL: 0
04-11 03:37:41.569 13631 13663 V native-activity: 		EGL_COLOR_BUFFER_TYPE: 12430 EGL_RGB_BUFFER,
04-11 03:37:41.569 13631 13663 V native-activity: 		EGL_BUFFER_SIZE: 16
04-11 03:37:41.569 13631 13663 V native-activity: 		EGL_SAMPLES: 0
04-11 03:37:41.572 13631 13663 V native-activity: 		EGL_SAMPLES: 0
04-11 03:37:41.572 13631 13663 V native-activity: 		EGL_SAMPLE_BUFFERS: 0
04-11 03:37:41.572 13631 13663 V native-activity: 		EGL_RED_SIZE: 4
04-11 03:37:41.572 13631 13663 V native-activity: 		EGL_GREEN_SIZE: 4
04-11 03:37:41.572 13631 13663 V native-activity: 		EGL_BLUE_SIZE: 4
04-11 03:37:41.572 13631 13663 V native-activity: 		EGL_ALPHA_SIZE: 4
04-11 03:37:41.572 13631 13663 V native-activity: 		EGL_ALPHA_MASK_SIZE: 8
04-11 03:37:41.572 13631 13663 V native-activity: 		EGL_LUMINANCE_SIZE: 0
04-11 03:37:41.572 13631 13663 V native-activity: 		EGL_TRANSPARENT_TYPE: 12344 EGL_NONE,
04-11 03:37:41.572 13631 13663 V native-activity: 		EGL_TRANSPARENT_RED_VALUE: 0
04-11 03:37:41.572 13631 13663 V native-activity: 		EGL_TRANSPARENT_GREEN_VALUE: 0
04-11 03:37:41.572 13631 13663 V native-activity: 		EGL_TRANSPARENT_BLUE_VALUE: 0
04-11 03:37:41.572 13631 13663 V native-activity: 		EGL_STENCIL_SIZE: 0
04-11 03:37:41.572 13631 13663 V native-activity: 		EGL_DEPTH_SIZE: 0
04-11 03:37:41.572 13631 13663 V native-activity: 		EGL_BIND_TO_TEXTURE_RGB: 0
04-11 03:37:41.572 13631 13663 V native-activity: 		EGL_BIND_TO_TEXTURE_RGBA: 0
04-11 03:37:41.572 13631 13663 V native-activity: 		EGL_MIN_SWAP_INTERVAL: 0
04-11 03:37:41.572 13631 13663 V native-activity: 		EGL_MAX_SWAP_INTERVAL: 200
04-11 03:37:41.572 13631 13663 V native-activity: 		EGL_MAX_PBUFFER_WIDTH: 2048
04-11 03:37:41.572 13631 13663 V native-activity: 		EGL_MAX_PBUFFER_HEIGHT: 2048
04-11 03:37:41.572 13631 13663 D native-activity: 	Config 0xcaf336 index 13
04-11 03:37:41.572 13631 13663 V native-activity: 		EGL_CONFIG_ID: 16
04-11 03:37:41.572 13631 13663 V native-activity: 		EGL_CONFORMANT: 5 EGL_OPENGL_ES_BIT, EGL_OPENGL_ES2_BIT,
04-11 03:37:41.572 13631 13663 V native-activity: 		EGL_CONFIG_CAVEAT: 12344 EGL_NONE,
04-11 03:37:41.572 13631 13663 V native-activity: 		EGL_RENDERABLE_TYPE: 5 EGL_OPENGL_ES_BIT, EGL_OPENGL_ES2_BIT,
04-11 03:37:41.572 13631 13663 V native-activity: 		EGL_SURFACE_TYPE: 97 EGL_PBUFFER_BIT, EGL_VG_ALPHA_FORMAT_PRE_BIT, EGL_VG_COLORSPACE_LINEAR_BIT,
04-11 03:37:41.572 13631 13663 V native-activity: 		EGL_LEVEL: 0
04-11 03:37:41.572 13631 13663 V native-activity: 		EGL_COLOR_BUFFER_TYPE: 12430 EGL_RGB_BUFFER,
04-11 03:37:41.572 13631 13663 V native-activity: 		EGL_BUFFER_SIZE: 16
04-11 03:37:41.572 13631 13663 V native-activity: 		EGL_SAMPLES: 0
04-11 03:37:41.572 13631 13663 V native-activity: 		EGL_SAMPLE_BUFFERS: 0
04-11 03:37:41.572 13631 13663 V native-activity: 		EGL_RED_SIZE: 5
04-11 03:37:41.572 13631 13663 V native-activity: 		EGL_GREEN_SIZE: 5
04-11 03:37:41.572 13631 13663 V native-activity: 		EGL_BLUE_SIZE: 5
04-11 03:37:41.572 13631 13663 V native-activity: 		EGL_ALPHA_SIZE: 1
04-11 03:37:41.572 13631 13663 V native-activity: 		EGL_ALPHA_MASK_SIZE: 8
04-11 03:37:41.572 13631 13663 V native-activity: 		EGL_LUMINANCE_SIZE: 0
04-11 03:37:41.572 13631 13663 V native-activity: 		EGL_TRANSPARENT_TYPE: 12344 EGL_NONE,
04-11 03:37:41.572 13631 13663 V native-activity: 		EGL_TRANSPARENT_RED_VALUE: 0
04-11 03:37:41.572 13631 13663 V native-activity: 		EGL_TRANSPARENT_GREEN_VALUE: 0
04-11 03:37:41.572 13631 13663 V native-activity: 		EGL_TRANSPARENT_BLUE_VALUE: 0
04-11 03:37:41.572 13631 13663 V native-activity: 		EGL_STENCIL_SIZE: 8
04-11 03:37:41.572 13631 13663 V native-activity: 		EGL_DEPTH_SIZE: 16
04-11 03:37:41.573 13631 13663 V native-activity: 		EGL_BIND_TO_TEXTURE_RGB: 0
04-11 03:37:41.573 13631 13663 V native-activity: 		EGL_BIND_TO_TEXTURE_RGBA: 0
04-11 03:37:41.573 13631 13663 V native-activity: 		EGL_MIN_SWAP_INTERVAL: 0
04-11 03:37:41.573 13631 13663 V native-activity: 		EGL_MAX_SWAP_INTERVAL: 200
04-11 03:37:41.573 13631 13663 V native-activity: 		EGL_MAX_PBUFFER_WIDTH: 2048
04-11 03:37:41.573 13631 13663 V native-activity: 		EGL_MAX_PBUFFER_HEIGHT: 2048
04-11 03:37:41.573 13631 13663 D native-activity: 	Config 0xcaf337 index 14
04-11 03:37:41.573 13631 13663 V native-activity: 		EGL_CONFIG_ID: 17
04-11 03:37:41.573 13631 13663 V native-activity: 		EGL_CONFORMANT: 5 EGL_OPENGL_ES_BIT, EGL_OPENGL_ES2_BIT,
04-11 03:37:41.573 13631 13663 V native-activity: 		EGL_CONFIG_CAVEAT: 12344 EGL_NONE,
04-11 03:37:41.573 13631 13663 V native-activity: 		EGL_RENDERABLE_TYPE: 5 EGL_OPENGL_ES_BIT, EGL_OPENGL_ES2_BIT,
04-11 03:37:41.573 13631 13663 V native-activity: 		EGL_SURFACE_TYPE: 97 EGL_PBUFFER_BIT, EGL_VG_ALPHA_FORMAT_PRE_BIT, EGL_VG_COLORSPACE_LINEAR_BIT,
04-11 03:37:41.573 13631 13663 V native-activity: 		EGL_LEVEL: 0
04-11 03:37:41.573 13631 13663 V native-activity: 		EGL_COLOR_BUFFER_TYPE: 12430 EGL_RGB_BUFFER,
04-11 03:37:41.573 13631 13663 V native-activity: 		EGL_BUFFER_SIZE: 16
04-11 03:37:41.573 13631 13663 V native-activity: 		EGL_SAMPLES: 0
04-11 03:37:41.573 13631 13663 V native-activity: 		EGL_SAMPLE_BUFFERS: 0
04-11 03:37:41.573 13631 13663 V native-activity: 		EGL_RED_SIZE: 5
04-11 03:37:41.573 13631 13663 V native-activity: 		EGL_GREEN_SIZE: 5
04-11 03:37:41.573 13631 13663 V native-activity: 		EGL_BLUE_SIZE: 5
04-11 03:37:41.573 13631 13663 V native-activity: 		EGL_ALPHA_SIZE: 1
04-11 03:37:41.573 13631 13663 V native-activity: 		EGL_ALPHA_MASK_SIZE: 8
04-11 03:37:41.573 13631 13663 V native-activity: 		EGL_LUMINANCE_SIZE: 0
04-11 03:37:41.573 13631 13663 V native-activity: 		EGL_TRANSPARENT_TYPE: 12344 EGL_NONE,
04-11 03:37:41.573 13631 13663 V native-activity: 		EGL_TRANSPARENT_RED_VALUE: 0
04-11 03:37:41.573 13631 13663 V native-activity: 		EGL_TRANSPARENT_GREEN_VALUE: 0
04-11 03:37:41.573 13631 13663 V native-activity: 		EGL_TRANSPARENT_BLUE_VALUE: 0
04-11 03:37:41.573 13631 13663 V native-activity: 		EGL_STENCIL_SIZE: 0
04-11 03:37:41.573 13631 13663 V native-activity: 		EGL_DEPTH_SIZE: 16
04-11 03:37:41.573 13631 13663 V native-activity: 		EGL_BIND_TO_TEXTURE_RGB: 0
04-11 03:37:41.573 13631 13663 V native-activity: 		EGL_BIND_TO_TEXTURE_RGBA: 0
04-11 03:37:41.573 13631 13663 V native-activity: 		EGL_MIN_SWAP_INTERVAL: 0
04-11 03:37:41.573 13631 13663 V native-activity: 		EGL_MAX_SWAP_INTERVAL: 200
04-11 03:37:41.573 13631 13663 V native-activity: 		EGL_MAX_PBUFFER_WIDTH: 2048
04-11 03:37:41.573 13631 13663 V native-activity: 		EGL_MAX_PBUFFER_HEIGHT: 2048
04-11 03:37:41.573 13631 13663 D native-activity: 	Config 0xcaf338 index 15
04-11 03:37:41.573 13631 13663 V native-activity: 		EGL_CONFIG_ID: 18
04-11 03:37:41.573 13631 13663 V native-activity: 		EGL_CONFORMANT: 5 EGL_OPENGL_ES_BIT, EGL_OPENGL_ES2_BIT,
04-11 03:37:41.573 13631 13663 V native-activity: 		EGL_CONFIG_CAVEAT: 12344 EGL_NONE,
04-11 03:37:41.573 13631 13663 V native-activity: 		EGL_RENDERABLE_TYPE: 5 EGL_OPENGL_ES_BIT, EGL_OPENGL_ES2_BIT,
04-11 03:37:41.573 13631 13663 V native-activity: 		EGL_SURFACE_TYPE: 97 EGL_PBUFFER_BIT, EGL_VG_ALPHA_FORMAT_PRE_BIT, EGL_VG_COLORSPACE_LINEAR_BIT,
04-11 03:37:41.573 13631 13663 V native-activity: 		EGL_LEVEL: 0
04-11 03:37:41.573 13631 13663 V native-activity: 		EGL_COLOR_BUFFER_TYPE: 12430 EGL_RGB_BUFFER,
04-11 03:37:41.573 13631 13663 V native-activity: 		EGL_BUFFER_SIZE: 16
04-11 03:37:41.573 13631 13663 V native-activity: 		EGL_SAMPLES: 0
04-11 03:37:41.573 13631 13663 V native-activity: 		EGL_SAMPLE_BUFFERS: 0
04-11 03:37:41.573 13631 13663 V native-activity: 		EGL_RED_SIZE: 5
04-11 03:37:41.573 13631 13663 V native-activity: 		EGL_GREEN_SIZE: 5
04-11 03:37:41.573 13631 13663 V native-activity: 		EGL_BLUE_SIZE: 5
04-11 03:37:41.573 13631 13663 V native-activity: 		EGL_ALPHA_SIZE: 1
04-11 03:37:41.573 13631 13663 V native-activity: 		EGL_ALPHA_MASK_SIZE: 8
04-11 03:37:41.573 13631 13663 V native-activity: 		EGL_LUMINANCE_SIZE: 0
04-11 03:37:41.573 13631 13663 V native-activity: 		EGL_TRANSPARENT_TYPE: 12344 EGL_NONE,
04-11 03:37:41.573 13631 13663 V native-activity: 		EGL_TRANSPARENT_RED_VALUE: 0
04-11 03:37:41.573 13631 13663 V native-activity: 		EGL_TRANSPARENT_GREEN_VALUE: 0
04-11 03:37:41.573 13631 13663 V native-activity: 		EGL_TRANSPARENT_BLUE_VALUE: 0
04-11 03:37:41.573 13631 13663 V native-activity: 		EGL_STENCIL_SIZE: 8
04-11 03:37:41.573 13631 13663 V native-activity: 		EGL_DEPTH_SIZE: 0
04-11 03:37:41.573 13631 13663 V native-activity: 		EGL_BIND_TO_TEXTURE_RGB: 0
04-11 03:37:41.573 13631 13663 V native-activity: 		EGL_BIND_TO_TEXTURE_RGBA: 0
04-11 03:37:41.573 13631 13663 V native-activity: 		EGL_MIN_SWAP_INTERVAL: 0
04-11 03:37:41.573 13631 13663 V native-activity: 		EGL_MAX_SWAP_INTERVAL: 200
04-11 03:37:41.573 13631 13663 V native-activity: 		EGL_MAX_PBUFFER_WIDTH: 2048
04-11 03:37:41.573 13631 13663 V native-activity: 		EGL_MAX_PBUFFER_HEIGHT: 2048
04-11 03:37:41.573 13631 13663 D native-activity: 	Config 0xcaf339 index 16
04-11 03:37:41.573 13631 13663 V native-activity: 		EGL_CONFIG_ID: 19
04-11 03:37:41.573 13631 13663 V native-activity: 		EGL_CONFORMANT: 5 EGL_OPENGL_ES_BIT, EGL_OPENGL_ES2_BIT,
04-11 03:37:41.573 13631 13663 V native-activity: 		EGL_CONFIG_CAVEAT: 12344 EGL_NONE,
04-11 03:37:41.573 13631 13663 V native-activity: 		EGL_RENDERABLE_TYPE: 5 EGL_OPENGL_ES_BIT, EGL_OPENGL_ES2_BIT,
04-11 03:37:41.573 13631 13663 V native-activity: 		EGL_SURFACE_TYPE: 97 EGL_PBUFFER_BIT, EGL_VG_ALPHA_FORMAT_PRE_BIT, EGL_VG_COLORSPACE_LINEAR_BIT,
04-11 03:37:41.573 13631 13663 V native-activity: 		EGL_LEVEL: 0
04-11 03:37:41.573 13631 13663 V native-activity: 		EGL_COLOR_BUFFER_TYPE: 12430 EGL_RGB_BUFFER,
04-11 03:37:41.573 13631 13663 V native-activity: 		EGL_BUFFER_SIZE: 16
04-11 03:37:41.573 13631 13663 V native-activity: 		EGL_SAMPLES: 0
04-11 03:37:41.573 13631 13663 V native-activity: 		EGL_SAMPLE_BUFFERS: 0
04-11 03:37:41.573 13631 13663 V native-activity: 		EGL_RED_SIZE: 5
04-11 03:37:41.573 13631 13663 V native-activity: 		EGL_GREEN_SIZE: 5
04-11 03:37:41.573 13631 13663 V native-activity: 		EGL_BLUE_SIZE: 5
04-11 03:37:41.573 13631 13663 V native-activity: 		EGL_ALPHA_SIZE: 1
04-11 03:37:41.573 13631 13663 V native-activity: 		EGL_ALPHA_MASK_SIZE: 8
04-11 03:37:41.573 13631 13663 V native-activity: 		EGL_LUMINANCE_SIZE: 0
04-11 03:37:41.573 13631 13663 V native-activity: 		EGL_TRANSPARENT_TYPE: 12344 EGL_NONE,
04-11 03:37:41.573 13631 13663 V native-activity: 		EGL_TRANSPARENT_RED_VALUE: 0
04-11 03:37:41.573 13631 13663 V native-activity: 		EGL_TRANSPARENT_GREEN_VALUE: 0
04-11 03:37:41.573 13631 13663 V native-activity: 		EGL_TRANSPARENT_BLUE_VALUE: 0
04-11 03:37:41.573 13631 13663 V native-activity: 		EGL_STENCIL_SIZE: 0
04-11 03:37:41.573 13631 13663 V native-activity: 		EGL_DEPTH_SIZE: 0
04-11 03:37:41.573 13631 13663 V native-activity: 		EGL_BIND_TO_TEXTURE_RGB: 0
04-11 03:37:41.573 13631 13663 V native-activity: 		EGL_BIND_TO_TEXTURE_RGBA: 0
04-11 03:37:41.573 13631 13663 V native-activity: 		EGL_MIN_SWAP_INTERVAL: 0
04-11 03:37:41.573 13631 13663 V native-activity: 		EGL_MAX_SWAP_INTERVAL: 200
04-11 03:37:41.573 13631 13663 V native-activity: 		EGL_MAX_PBUFFER_WIDTH: 2048
04-11 03:37:41.573 13631 13663 V native-activity: 		EGL_MAX_PBUFFER_HEIGHT: 2048
04-11 03:37:41.573 13631 13663 D native-activity: 	Config 0xcaf33a index 17
04-11 03:37:41.573 13631 13663 V native-activity: 		EGL_CONFIG_ID: 20
04-11 03:37:41.573 13631 13663 V native-activity: 		EGL_CONFORMANT: 4 EGL_OPENGL_ES2_BIT,
04-11 03:37:41.573 13631 13663 V native-activity: 		EGL_CONFIG_CAVEAT: 12344 EGL_NONE,
04-11 03:37:41.573 13631 13663 V native-activity: 		EGL_RENDERABLE_TYPE: 4 EGL_OPENGL_ES2_BIT,
04-11 03:37:41.573 13631 13663 V native-activity: 		EGL_SURFACE_TYPE: 97 EGL_PBUFFER_BIT, EGL_VG_ALPHA_FORMAT_PRE_BIT, EGL_VG_COLORSPACE_LINEAR_BIT,
04-11 03:37:41.573 13631 13663 V native-activity: 		EGL_LEVEL: 0
04-11 03:37:41.573 13631 13663 V native-activity: 		EGL_COLOR_BUFFER_TYPE: 12430 EGL_RGB_BUFFER,
04-11 03:37:41.573 13631 13663 V native-activity: 		EGL_BUFFER_SIZE: 16
04-11 03:37:41.573 13631 13663 V native-activity: 		EGL_SAMPLES: 0
04-11 03:37:41.573 13631 13663 V native-activity: 		EGL_SAMPLE_BUFFERS: 0
04-11 03:37:41.573 13631 13663 V native-activity: 		EGL_RED_SIZE: 4
04-11 03:37:41.573 13631 13663 V native-activity: 		EGL_GREEN_SIZE: 4
04-11 03:37:41.573 13631 13663 V native-activity: 		EGL_BLUE_SIZE: 4
04-11 03:37:41.573 13631 13663 V native-activity: 		EGL_ALPHA_SIZE: 4
04-11 03:37:41.573 13631 13663 V native-activity: 		EGL_ALPHA_MASK_SIZE: 8
04-11 03:37:41.573 13631 13663 V native-activity: 		EGL_LUMINANCE_SIZE: 0
04-11 03:37:41.573 13631 13663 V native-activity: 		EGL_TRANSPARENT_TYPE: 12344 EGL_NONE,
04-11 03:37:41.573 13631 13663 V native-activity: 		EGL_TRANSPARENT_RED_VALUE: 0
04-11 03:37:41.573 13631 13663 V native-activity: 		EGL_TRANSPARENT_GREEN_VALUE: 0
04-11 03:37:41.573 13631 13663 V native-activity: 		EGL_TRANSPARENT_BLUE_VALUE: 0
04-11 03:37:41.573 13631 13663 V native-activity: 		EGL_STENCIL_SIZE: 8
04-11 03:37:41.573 13631 13663 V native-activity: 		EGL_DEPTH_SIZE: 16
04-11 03:37:41.573 13631 13663 V native-activity: 		EGL_BIND_TO_TEXTURE_RGB: 0
04-11 03:37:41.573 13631 13663 V native-activity: 		EGL_BIND_TO_TEXTURE_RGBA: 0
04-11 03:37:41.573 13631 13663 V native-activity: 		EGL_MIN_SWAP_INTERVAL: 0
04-11 03:37:41.574 13631 13663 V native-activity: 		EGL_MAX_SWAP_INTERVAL: 200
04-11 03:37:41.574 13631 13663 V native-activity: 		EGL_MAX_PBUFFER_WIDTH: 2048
04-11 03:37:41.574 13631 13663 V native-activity: 		EGL_MAX_PBUFFER_HEIGHT: 2048
04-11 03:37:41.574 13631 13663 D native-activity: 	Config 0xcaf33b index 18
04-11 03:37:41.574 13631 13663 V native-activity: 		EGL_CONFIG_ID: 21
04-11 03:37:41.574 13631 13663 V native-activity: 		EGL_CONFORMANT: 4 EGL_OPENGL_ES2_BIT,
04-11 03:37:41.574 13631 13663 V native-activity: 		EGL_CONFIG_CAVEAT: 12344 EGL_NONE,
