--------- beginning of main
04-11 03:38:12.251 15912 15912 D AndroidRuntime: >>>>>> START com.android.internal.os.RuntimeInit uid 2000 <<<<<<
04-11 03:38:12.253 15912 15912 D AndroidRuntime: CheckJNI is OFF
04-11 03:38:12.279  3394  3496 W OpenGLRenderer: Incorrectly called buildLayer on View: ShortcutAndWidgetContainer, destroying layer...
04-11 03:38:12.323 15912 15912 E memtrack: Couldn't load memtrack module (No such file or directory)
04-11 03:38:12.323 15912 15912 E android.os.Debug: failed to load memtrack module: -2
04-11 03:38:12.345 15912 15912 D AndroidRuntime: Calling main entry com.android.commands.am.Am
--------- beginning of system
04-11 03:38:12.348   573  3597 I ActivityManager: START u0 {act=android.intent.action.MAIN cat=[android.intent.category.LAUNCHER] flg=0x10000000 cmp=com.example.sonicdash_stage1/android.app.NativeActivity (has extras)} from uid 2000 on display 0
04-11 03:38:12.349   573  3597 V WindowManager: addAppToken: AppWindowToken{2efc29ab token=Token{16c70ffa ActivityRecord{2c557225 u0 com.example.sonicdash_stage1/android.app.NativeActivity t81}}} to stack=1 task=81 at 0
04-11 03:38:12.352  3448  3634 I MicrophoneInputStream: mic_close gzi@7837ad1
04-11 03:38:12.359   573   652 V WindowManager: Adding window Window{3e900ba1 u0 Starting com.example.sonicdash_stage1} at 4 of 8 (after Window{ae2fe74 u0 com.ghisler.android.TotalCommander/com.ghisler.android.TotalCommander.TotalCommander})
04-11 03:38:12.366  3448 15884 I HotwordRecognitionRnr: Hotword detection finished
04-11 03:38:12.367  3448  3637 I HotwordRecognitionRnr: Stopping hotword detection.
04-11 03:38:12.367 15912 15912 D AndroidRuntime: Shutting down VM
04-11 03:38:12.370 15912 15928 E art     : Thread attaching while runtime is shutting down: Binder_1
04-11 03:38:12.370 15912 15928 I AndroidRuntime: NOTE: attach of thread 'Binder_1' failed
04-11 03:38:12.377   573  2963 I ActivityManager: Start proc 15932:com.example.sonicdash_stage1/u0a131 for activity com.example.sonicdash_stage1/android.app.NativeActivity
04-11 03:38:12.379 15932 15932 I art     : Late-enabling -Xcheck:jni
04-11 03:38:12.413  3004  3004 V PhoneStatusBar: setLightsOn(true)
04-11 03:38:12.446   573  2962 W ActivityManager: Unbind failed: could not find connection for android.os.BinderProxy@1793b39e
04-11 03:38:12.450   150   164 E Vold    : Failed to find mounted volume for /storage/sdcard1/Android/obb/com.example.sonicdash_stage1/
04-11 03:38:12.450   150   164 W Vold    : Returning OperationFailed - no handler for errno 0
04-11 03:38:12.450 15932 15932 W ContextImpl: Failed to ensure directory: /storage/sdcard1/Android/obb/com.example.sonicdash_stage1
04-11 03:38:12.451   150   164 E Vold    : Failed to find mounted volume for /storage/sdcard1/Android/data/com.example.sonicdash_stage1/files/
04-11 03:38:12.451   150   164 W Vold    : Returning OperationFailed - no handler for errno 0
04-11 03:38:12.451 15932 15932 W ContextImpl: Failed to ensure directory: /storage/sdcard1/Android/data/com.example.sonicdash_stage1/files
04-11 03:38:12.452 15932 15932 V threaded_app: Creating: 0xb49c7060
04-11 03:38:12.452 15932 15965 V threaded_app: Config: mcc=0 mnc=0 lang=en cnt=US orien=2 touch=3 dens=320 keys=1 nav=1 keysHid=3 navHid=0 sdk=22 size=2 long=2 modetype=1 modenight=1
04-11 03:38:12.452 15932 15965 I native-activity: Starting android_main
04-11 03:38:12.452 15932 15965 I native-activity:   Activity 0xb49c7060
04-11 03:38:12.452 15932 15965 I native-activity:   VM 0xb489d200
04-11 03:38:12.452 15932 15965 I native-activity:   JNIEnv 0xb4878ac0
04-11 03:38:12.452 15932 15965 D native-activity: Changing permissions for the internal storage at /data/data/com.example.sonicdash_stage1/files
04-11 03:38:12.452 15932 15965 I native-activity: Attaching entry point thread to JNIEnv
04-11 03:38:12.452 15932 15932 V threaded_app: Start: 0xb49c7060
04-11 03:38:12.453 15932 15965 I native-activity: Loading activity configuration
04-11 03:38:12.453 15932 15965 V native-activity: get_boolean_extra for *env 0xb47f6d88 intent 0x100005 extra_name egl_swap_preserve_bit
04-11 03:38:12.453 15932 15965 V native-activity: get_boolean_extra for *env 0xb47f6d88 intent 0x100005 extra_name egl_window_bit
04-11 03:38:12.453 15932 15965 V native-activity: get_boolean_extra for *env 0xb47f6d88 intent 0x100005 extra_name egl_pbuffer_bit
04-11 03:38:12.453 15932 15965 V native-activity: get_boolean_extra for *env 0xb47f6d88 intent 0x100005 extra_name gl_enable_dither
04-11 03:38:12.453 15932 15965 V native-activity: get_boolean_extra for *env 0xb47f6d88 intent 0x100005 extra_name gl_disable_dither
04-11 03:38:12.453 15932 15965 V native-activity: get_boolean_extra for *env 0xb47f6d88 intent 0x100005 extra_name gl_log_context
04-11 03:38:12.453 15932 15965 V native-activity: get_boolean_extra for *env 0xb47f6d88 intent 0x100005 extra_name stop_motion
04-11 03:38:12.453 15932 15965 V native-activity: get_boolean_extra for *env 0xb47f6d88 intent 0x100005 extra_name capture_compressed
04-11 03:38:12.453 15932 15965 I native-activity: EGL configuration
04-11 03:38:12.453 15932 15965 I native-activity: 	egl_swap_preserve_bit: 0
04-11 03:38:12.453 15932 15965 I native-activity: 	egl_window_bit: 1
04-11 03:38:12.453 15932 15965 I native-activity: 	egl_pbuffer_bit: 1
04-11 03:38:12.453 15932 15965 I native-activity: 	egl_width: 720
04-11 03:38:12.453 15932 15965 I native-activity: 	egl_height: 1280
04-11 03:38:12.453 15932 15965 I native-activity: 	egl_red_size: 8
04-11 03:38:12.453 15932 15965 I native-activity: 	egl_green_size: 8
04-11 03:38:12.453 15932 15965 I native-activity: 	egl_blue_size: 8
04-11 03:38:12.453 15932 15965 I native-activity: 	egl_alpha_size: 8
04-11 03:38:12.453 15932 15965 I native-activity: 	egl_depth_size: 16
04-11 03:38:12.453 15932 15965 I native-activity: 	egl_stencil_size: -1
04-11 03:38:12.453 15932 15965 I native-activity: 	egl_swapbuffers_sync: 3
04-11 03:38:12.453 15932 15965 I native-activity: GL configuration
04-11 03:38:12.453 15932 15965 I native-activity: 	gl_enable_dither: 0
04-11 03:38:12.453 15932 15965 I native-activity: 	gl_disable_dither: 0
04-11 03:38:12.453 15932 15965 I native-activity: 	gl_get_error: 1
04-11 03:38:12.453 15932 15965 I native-activity: 	gl_log_context: 1
04-11 03:38:12.453 15932 15965 I native-activity: Runtime configuration
04-11 03:38:12.453 15932 15965 I native-activity: 	draw_limit:        0
04-11 03:38:12.453 15932 15965 I native-activity: 	frame_limit:       0
04-11 03:38:12.453 15932 15965 I native-activity: 	stop_motion:       0
04-11 03:38:12.453 15932 15965 I native-activity: 	capture_frequency: 0
04-11 03:38:12.453 15932 15965 I native-activity: 	capture_compressed: 1
04-11 03:38:12.454 15932 15965 V threaded_app: activityState=10
04-11 03:38:12.454 15932 15932 V threaded_app: Resume: 0xb49c7060
04-11 03:38:12.454 15932 15965 V threaded_app: activityState=11
04-11 03:38:12.458   573  2963 V WindowManager: Adding window Window{7036baa u0 com.example.sonicdash_stage1/android.app.NativeActivity} at 4 of 8 (before Window{3e900ba1 u0 Starting com.example.sonicdash_stage1})
04-11 03:38:12.459 15932 15932 V threaded_app: InputQueueCreated: 0xb49c7060 -- 0xb49c72e0
04-11 03:38:12.459 15932 15965 V threaded_app: APP_CMD_INPUT_CHANGED
04-11 03:38:12.459 15932 15965 V threaded_app: Attaching input queue to looper
04-11 03:38:12.464 15932 15932 V threaded_app: NativeWindowCreated: 0xb49c7060 -- 0xb4948708
04-11 03:38:12.464 15932 15965 V threaded_app: APP_CMD_INIT_WINDOW
04-11 03:38:12.464 15932 15932 V threaded_app: WindowFocusChanged: 0xb49c7060 -- 1
04-11 03:38:12.465 15932 15965 D libEGL  : loaded /system/lib/egl/libEGL_tegra.so
04-11 03:38:12.466 15932 15965 I         : Attempting to load EGL implementation /system/lib/egl/libEGL_tegra_impl
04-11 03:38:12.469 15932 15965 I         : Loaded EGL implementation /system/lib/egl/libEGL_tegra_impl
04-11 03:38:12.470 15932 15965 D libEGL  : loaded /system/lib/egl/libGLESv1_CM_tegra.so
04-11 03:38:12.480   573   652 I ActivityManager: Displayed com.example.sonicdash_stage1/android.app.NativeActivity: +128ms
04-11 03:38:12.484 15932 15965 D libEGL  : loaded /system/lib/egl/libGLESv2_tegra.so
04-11 03:38:12.502 15932 15965 I native-activity: EGL information on display 0x1
04-11 03:38:12.502 15932 15965 I native-activity: 		EGL_VENDOR: Android
04-11 03:38:12.502 15932 15965 I native-activity: 		EGL_VERSION: 1.4 Android META-EGL
04-11 03:38:12.502 15932 15965 I native-activity: 		EGL_CLIENT_APIS: OpenGL_ES
04-11 03:38:12.502 15932 15965 I native-activity: 		EGL_EXTENSIONS: EGL_KHR_get_all_proc_addresses EGL_ANDROID_presentation_time EGL_KHR_image EGL_KHR_image_base EGL_KHR_image_pixmap EGL_KHR_lock_surface EGL_KHR_gl_texture_2D_image EGL_KHR_gl_texture_cubemap_image EGL_KHR_gl_renderbuffer_image EGL_KHR_reusable_sync EGL_KHR_fence_sync EGL_KHR_config_attribs EGL_KHR_create_context EGL_EXT_buffer_age EGL_EXT_create_context_robustness EGL_KHR_surfaceless_context EGL_KHR_gl_texture_cubemap_image EGL_KHR_lock_surface EGL_KHR_stream EGL_KHR_stream_fifo EGL_KHR_stream_producer_eglsurface EGL_KHR_stream_consumer_gltexture EGL_KHR_reusable_sync EGL_KHR_create_context EGL_KHR_stream_cross_process_fd EGL_NV_system_time EGL_NV_depth_nonlinear EGL_NV_native_query EGL_NV_post_convert_rounding EGL_NV_3dvision_surface EGL_NV_sync EGL_NV_perfmon EGL_NV_multiview_window EGL_NV_stream_sync EGL_IMG_context_priority EGL_ANDROID_image_native_buffer EGL_ANDROID_recordable 
04-11 03:38:12.503 15932 15965 D native-activity: EGL configurations 114
04-11 03:38:12.503 15932 15965 D native-activity: 	Config 0xcaf329 index 0
04-11 03:38:12.503 15932 15965 V native-activity: 		EGL_CONFIG_ID: 1
04-11 03:38:12.503 15932 15965 V native-activity: 		EGL_CONFORMANT: 5 EGL_OPENGL_ES_BIT, EGL_OPENGL_ES2_BIT,
04-11 03:38:12.503 15932 15965 V native-activity: 		EGL_CONFIG_CAVEAT: 12344 EGL_NONE,
04-11 03:38:12.503 15932 15965 V native-activity: 		EGL_RENDERABLE_TYPE: 5 EGL_OPENGL_ES_BIT, EGL_OPENGL_ES2_BIT,
04-11 03:38:12.503 15932 15965 V native-activity: 		EGL_SURFACE_TYPE: 3175 EGL_PBUFFER_BIT, EGL_PIXMAP_BIT, EGL_SWAP_BEHAVIOR_PRESERVED_BIT, EGL_VG_ALPHA_FORMAT_PRE_BIT, EGL_VG_COLORSPACE_LINEAR_BIT, EGL_WINDOW_BIT,
04-11 03:38:12.503 15932 15965 V native-activity: 		EGL_LEVEL: 0
04-11 03:38:12.503 15932 15965 V native-activity: 		EGL_COLOR_BUFFER_TYPE: 12430 EGL_RGB_BUFFER,
04-11 03:38:12.503 15932 15965 V native-activity: 		EGL_BUFFER_SIZE: 32
04-11 03:38:12.503 15932 15965 V native-activity: 		EGL_SAMPLES: 0
04-11 03:38:12.503 15932 15965 V native-activity: 		EGL_SAMPLE_BUFFERS: 0
04-11 03:38:12.503 15932 15965 V native-activity: 		EGL_RED_SIZE: 8
04-11 03:38:12.503 15932 15965 V native-activity: 		EGL_GREEN_SIZE: 8
04-11 03:38:12.503 15932 15965 V native-activity: 		EGL_BLUE_SIZE: 8
04-11 03:38:12.503 15932 15965 V native-activity: 		EGL_ALPHA_SIZE: 8
04-11 03:38:12.503 15932 15965 V native-activity: 		EGL_ALPHA_MASK_SIZE: 8
04-11 03:38:12.503 15932 15965 V native-activity: 		EGL_LUMINANCE_SIZE: 0
04-11 03:38:12.503 15932 15965 V native-activity: 		EGL_TRANSPARENT_TYPE: 12344 EGL_NONE,
04-11 03:38:12.503 15932 15965 V native-activity: 		EGL_TRANSPARENT_RED_VALUE: 0
04-11 03:38:12.503 15932 15965 V native-activity: 		EGL_TRANSPARENT_GREEN_VALUE: 0
04-11 03:38:12.503 15932 15965 V native-activity: 		EGL_TRANSPARENT_BLUE_VALUE: 0
04-11 03:38:12.503 15932 15965 V native-activity: 		EGL_STENCIL_SIZE: 8
04-11 03:38:12.503 15932 15965 V native-activity: 		EGL_DEPTH_SIZE: 16
04-11 03:38:12.503 15932 15965 V native-activity: 		EGL_BIND_TO_TEXTURE_RGB: 0
04-11 03:38:12.503 15932 15965 V native-activity: 		EGL_BIND_TO_TEXTURE_RGBA: 0
04-11 03:38:12.503 15932 15965 V native-activity: 		EGL_MIN_SWAP_INTERVAL: 0
04-11 03:38:12.503 15932 15965 V native-activity: 		EGL_MAX_SWAP_INTERVAL: 1
04-11 03:38:12.503 15932 15965 V native-activity: 		EGL_MAX_PBUFFER_WIDTH: 2048
04-11 03:38:12.503 15932 15965 V native-activity: 		EGL_MAX_PBUFFER_HEIGHT: 2048
04-11 03:38:12.503 15932 15965 D native-activity: 	Config 0xcaf32a index 1
04-11 03:38:12.503 15932 15965 V native-activity: 		EGL_CONFIG_ID: 2
04-11 03:38:12.503 15932 15965 V native-activity: 		EGL_CONFORMANT: 5 EGL_OPENGL_ES_BIT, EGL_OPENGL_ES2_BIT,
04-11 03:38:12.503 15932 15965 V native-activity: 		EGL_CONFIG_CAVEAT: 12344 EGL_NONE,
04-11 03:38:12.503 15932 15965 V native-activity: 		EGL_RENDERABLE_TYPE: 5 EGL_OPENGL_ES_BIT, EGL_OPENGL_ES2_BIT,
04-11 03:38:12.503 15932 15965 V native-activity: 		EGL_SURFACE_TYPE: 3175 EGL_PBUFFER_BIT, EGL_PIXMAP_BIT, EGL_SWAP_BEHAVIOR_PRESERVED_BIT, EGL_VG_ALPHA_FORMAT_PRE_BIT, EGL_VG_COLORSPACE_LINEAR_BIT, EGL_WINDOW_BIT,
04-11 03:38:12.503 15932 15965 V native-activity: 		EGL_LEVEL: 0
04-11 03:38:12.503 15932 15965 V native-activity: 		EGL_COLOR_BUFFER_TYPE: 12430 EGL_RGB_BUFFER,
04-11 03:38:12.503 15932 15965 V native-activity: 		EGL_BUFFER_SIZE: 32
04-11 03:38:12.503 15932 15965 V native-activity: 		EGL_SAMPLES: 0
04-11 03:38:12.503 15932 15965 V native-activity: 		EGL_SAMPLE_BUFFERS: 0
04-11 03:38:12.503 15932 15965 V native-activity: 		EGL_RED_SIZE: 8
04-11 03:38:12.504 15932 15965 V native-activity: 		EGL_GREEN_SIZE: 8
04-11 03:38:12.504 15932 15965 V native-activity: 		EGL_BLUE_SIZE: 8
04-11 03:38:12.504 15932 15965 V native-activity: 		EGL_ALPHA_SIZE: 8
04-11 03:38:12.504 15932 15965 V native-activity: 		EGL_ALPHA_MASK_SIZE: 8
04-11 03:38:12.504 15932 15965 V native-activity: 		EGL_LUMINANCE_SIZE: 0
04-11 03:38:12.504 15932 15965 V native-activity: 		EGL_TRANSPARENT_TYPE: 12344 EGL_NONE,
04-11 03:38:12.504 15932 15965 V native-activity: 		EGL_TRANSPARENT_RED_VALUE: 0
04-11 03:38:12.504 15932 15965 V native-activity: 		EGL_TRANSPARENT_GREEN_VALUE: 0
04-11 03:38:12.504 15932 15965 V native-activity: 		EGL_TRANSPARENT_BLUE_VALUE: 0
04-11 03:38:12.504 15932 15965 V native-activity: 		EGL_STENCIL_SIZE: 0
04-11 03:38:12.504 15932 15965 V native-activity: 		EGL_DEPTH_SIZE: 16
04-11 03:38:12.504 15932 15965 V native-activity: 		EGL_BIND_TO_TEXTURE_RGB: 0
04-11 03:38:12.504 15932 15965 V native-activity: 		EGL_BIND_TO_TEXTURE_RGBA: 0
04-11 03:38:12.504 15932 15965 V native-activity: 		EGL_MIN_SWAP_INTERVAL: 0
04-11 03:38:12.504 15932 15965 V native-activity: 		EGL_MAX_SWAP_INTERVAL: 1
04-11 03:38:12.504 15932 15965 V native-activity: 		EGL_MAX_PBUFFER_WIDTH: 2048
04-11 03:38:12.504 15932 15965 V native-activity: 		EGL_MAX_PBUFFER_HEIGHT: 2048
04-11 03:38:12.504 15932 15965 D native-activity: 	Config 0xcaf32b index 2
04-11 03:38:12.504 15932 15965 V native-activity: 		EGL_CONFIG_ID: 3
04-11 03:38:12.504 15932 15965 V native-activity: 		EGL_CONFORMANT: 5 EGL_OPENGL_ES_BIT, EGL_OPENGL_ES2_BIT,
04-11 03:38:12.504 15932 15965 V native-activity: 		EGL_CONFIG_CAVEAT: 12344 EGL_NONE,
04-11 03:38:12.504 15932 15965 V native-activity: 		EGL_RENDERABLE_TYPE: 5 EGL_OPENGL_ES_BIT, EGL_OPENGL_ES2_BIT,
04-11 03:38:12.504 15932 15965 V native-activity: 		EGL_SURFACE_TYPE: 3175 EGL_PBUFFER_BIT, EGL_PIXMAP_BIT, EGL_SWAP_BEHAVIOR_PRESERVED_BIT, EGL_VG_ALPHA_FORMAT_PRE_BIT, EGL_VG_COLORSPACE_LINEAR_BIT, EGL_WINDOW_BIT,
04-11 03:38:12.504 15932 15965 V native-activity: 		EGL_LEVEL: 0
04-11 03:38:12.504 15932 15965 V native-activity: 		EGL_COLOR_BUFFER_TYPE: 12430 EGL_RGB_BUFFER,
04-11 03:38:12.504 15932 15965 V native-activity: 		EGL_BUFFER_SIZE: 32
04-11 03:38:12.504 15932 15965 V native-activity: 		EGL_SAMPLES: 0
04-11 03:38:12.504 15932 15965 V native-activity: 		EGL_SAMPLE_BUFFERS: 0
04-11 03:38:12.504 15932 15965 V native-activity: 		EGL_RED_SIZE: 8
04-11 03:38:12.504 15932 15965 V native-activity: 		EGL_GREEN_SIZE: 8
04-11 03:38:12.504 15932 15965 V native-activity: 		EGL_BLUE_SIZE: 8
04-11 03:38:12.504 15932 15965 V native-activity: 		EGL_ALPHA_SIZE: 8
04-11 03:38:12.504 15932 15965 V native-activity: 		EGL_ALPHA_MASK_SIZE: 8
04-11 03:38:12.504 15932 15965 V native-activity: 		EGL_LUMINANCE_SIZE: 0
04-11 03:38:12.504 15932 15965 V native-activity: 		EGL_TRANSPARENT_TYPE: 12344 EGL_NONE,
04-11 03:38:12.504 15932 15965 V native-activity: 		EGL_TRANSPARENT_RED_VALUE: 0
04-11 03:38:12.504 15932 15965 V native-activity: 		EGL_TRANSPARENT_GREEN_VALUE: 0
04-11 03:38:12.504 15932 15965 V native-activity: 		EGL_TRANSPARENT_BLUE_VALUE: 0
04-11 03:38:12.504 15932 15965 V native-activity: 		EGL_STENCIL_SIZE: 8
04-11 03:38:12.504 15932 15965 V native-activity: 		EGL_DEPTH_SIZE: 0
04-11 03:38:12.504 15932 15965 V native-activity: 		EGL_BIND_TO_TEXTURE_RGB: 0
04-11 03:38:12.504 15932 15965 V native-activity: 		EGL_BIND_TO_TEXTURE_RGBA: 0
04-11 03:38:12.504 15932 15965 V native-activity: 		EGL_MIN_SWAP_INTERVAL: 0
04-11 03:38:12.504 15932 15965 V native-activity: 		EGL_MAX_SWAP_INTERVAL: 1
04-11 03:38:12.504 15932 15965 V native-activity: 		EGL_MAX_PBUFFER_WIDTH: 2048
04-11 03:38:12.504 15932 15965 V native-activity: 		EGL_MAX_PBUFFER_HEIGHT: 2048
04-11 03:38:12.504 15932 15965 D native-activity: 	Config 0xcaf32c index 3
04-11 03:38:12.504 15932 15965 V native-activity: 		EGL_CONFIG_ID: 4
04-11 03:38:12.504 15932 15965 V native-activity: 		EGL_CONFORMANT: 5 EGL_OPENGL_ES_BIT, EGL_OPENGL_ES2_BIT,
04-11 03:38:12.504 15932 15965 V native-activity: 		EGL_CONFIG_CAVEAT: 12344 EGL_NONE,
04-11 03:38:12.504 15932 15965 V native-activity: 		EGL_RENDERABLE_TYPE: 5 EGL_OPENGL_ES_BIT, EGL_OPENGL_ES2_BIT,
04-11 03:38:12.504 15932 15965 V native-activity: 		EGL_SURFACE_TYPE: 3175 EGL_PBUFFER_BIT, EGL_PIXMAP_BIT, EGL_SWAP_BEHAVIOR_PRESERVED_BIT, EGL_VG_ALPHA_FORMAT_PRE_BIT, EGL_VG_COLORSPACE_LINEAR_BIT, EGL_WINDOW_BIT,
04-11 03:38:12.504 15932 15965 V native-activity: 		EGL_LEVEL: 0
04-11 03:38:12.504 15932 15965 V native-activity: 		EGL_COLOR_BUFFER_TYPE: 12430 EGL_RGB_BUFFER,
04-11 03:38:12.504 15932 15965 V native-activity: 		EGL_BUFFER_SIZE: 32
04-11 03:38:12.504 15932 15965 V native-activity: 		EGL_SAMPLES: 0
04-11 03:38:12.504 15932 15965 V native-activity: 		EGL_SAMPLE_BUFFERS: 0
04-11 03:38:12.504 15932 15965 V native-activity: 		EGL_RED_SIZE: 8
04-11 03:38:12.504 15932 15965 V native-activity: 		EGL_GREEN_SIZE: 8
04-11 03:38:12.504 15932 15965 V native-activity: 		EGL_BLUE_SIZE: 8
04-11 03:38:12.504 15932 15965 V native-activity: 		EGL_ALPHA_SIZE: 8
04-11 03:38:12.504 15932 15965 V native-activity: 		EGL_ALPHA_MASK_SIZE: 8
04-11 03:38:12.504 15932 15965 V native-activity: 		EGL_LUMINANCE_SIZE: 0
04-11 03:38:12.504 15932 15965 V native-activity: 		EGL_TRANSPARENT_TYPE: 12344 EGL_NONE,
04-11 03:38:12.504 15932 15965 V native-activity: 		EGL_TRANSPARENT_RED_VALUE: 0
04-11 03:38:12.504 15932 15965 V native-activity: 		EGL_TRANSPARENT_GREEN_VALUE: 0
04-11 03:38:12.504 15932 15965 V native-activity: 		EGL_TRANSPARENT_BLUE_VALUE: 0
04-11 03:38:12.504 15932 15965 V native-activity: 		EGL_STENCIL_SIZE: 0
04-11 03:38:12.504 15932 15965 V native-activity: 		EGL_DEPTH_SIZE: 0
04-11 03:38:12.504 15932 15965 V native-activity: 		EGL_BIND_TO_TEXTURE_RGB: 0
04-11 03:38:12.504 15932 15965 V native-activity: 		EGL_BIND_TO_TEXTURE_RGBA: 0
04-11 03:38:12.504 15932 15965 V native-activity: 		EGL_MIN_SWAP_INTERVAL: 0
04-11 03:38:12.504 15932 15965 V native-activity: 		EGL_MAX_SWAP_INTERVAL: 1
04-11 03:38:12.504 15932 15965 V native-activity: 		EGL_MAX_PBUFFER_WIDTH: 2048
04-11 03:38:12.504 15932 15965 V native-activity: 		EGL_MAX_PBUFFER_HEIGHT: 2048
04-11 03:38:12.504 15932 15965 D native-activity: 	Config 0xcaf32d index 4
04-11 03:38:12.504 15932 15965 V native-activity: 		EGL_CONFIG_ID: 5
04-11 03:38:12.504 15932 15965 V native-activity: 		EGL_CONFORMANT: 5 EGL_OPENGL_ES_BIT, EGL_OPENGL_ES2_BIT,
04-11 03:38:12.504 15932 15965 V native-activity: 		EGL_CONFIG_CAVEAT: 12344 EGL_NONE,
04-11 03:38:12.504 15932 15965 V native-activity: 		EGL_RENDERABLE_TYPE: 5 EGL_OPENGL_ES_BIT, EGL_OPENGL_ES2_BIT,
04-11 03:38:12.504 15932 15965 V native-activity: 		EGL_SURFACE_TYPE: 3175 EGL_PBUFFER_BIT, EGL_PIXMAP_BIT, EGL_SWAP_BEHAVIOR_PRESERVED_BIT, EGL_VG_ALPHA_FORMAT_PRE_BIT, EGL_VG_COLORSPACE_LINEAR_BIT, EGL_WINDOW_BIT,
04-11 03:38:12.504 15932 15965 V native-activity: 		EGL_LEVEL: 0
04-11 03:38:12.504 15932 15965 V native-activity: 		EGL_COLOR_BUFFER_TYPE: 12430 EGL_RGB_BUFFER,
04-11 03:38:12.504 15932 15965 V native-activity: 		EGL_BUFFER_SIZE: 32
04-11 03:38:12.504 15932 15965 V native-activity: 		EGL_SAMPLES: 0
04-11 03:38:12.504 15932 15965 V native-activity: 		EGL_SAMPLE_BUFFERS: 0
04-11 03:38:12.504 15932 15965 V native-activity: 		EGL_RED_SIZE: 8
04-11 03:38:12.504 15932 15965 V native-activity: 		EGL_GREEN_SIZE: 8
04-11 03:38:12.504 15932 15965 V native-activity: 		EGL_BLUE_SIZE: 8
04-11 03:38:12.504 15932 15965 V native-activity: 		EGL_ALPHA_SIZE: 0
04-11 03:38:12.504 15932 15965 V native-activity: 		EGL_ALPHA_MASK_SIZE: 8
04-11 03:38:12.504 15932 15965 V native-activity: 		EGL_LUMINANCE_SIZE: 0
04-11 03:38:12.504 15932 15965 V native-activity: 		EGL_TRANSPARENT_TYPE: 12344 EGL_NONE,
04-11 03:38:12.504 15932 15965 V native-activity: 		EGL_TRANSPARENT_RED_VALUE: 0
04-11 03:38:12.504 15932 15965 V native-activity: 		EGL_TRANSPARENT_GREEN_VALUE: 0
04-11 03:38:12.504 15932 15965 V native-activity: 		EGL_TRANSPARENT_BLUE_VALUE: 0
04-11 03:38:12.504 15932 15965 V native-activity: 		EGL_STENCIL_SIZE: 0
04-11 03:38:12.504 15932 15965 V native-activity: 		EGL_DEPTH_SIZE: 0
04-11 03:38:12.504 15932 15965 V native-activity: 		EGL_BIND_TO_TEXTURE_RGB: 0
04-11 03:38:12.504 15932 15965 V native-activity: 		EGL_BIND_TO_TEXTURE_RGBA: 0
04-11 03:38:12.504 15932 15965 V native-activity: 		EGL_MIN_SWAP_INTERVAL: 0
04-11 03:38:12.504 15932 15965 V native-activity: 		EGL_MAX_SWAP_INTERVAL: 1
04-11 03:38:12.504 15932 15965 V native-activity: 		EGL_MAX_PBUFFER_WIDTH: 2048
04-11 03:38:12.504 15932 15965 V native-activity: 		EGL_MAX_PBUFFER_HEIGHT: 2048
04-11 03:38:12.504 15932 15965 D native-activity: 	Config 0xcaf32e index 5
04-11 03:38:12.504 15932 15965 V native-activity: 		EGL_CONFIG_ID: 8
04-11 03:38:12.504 15932 15965 V native-activity: 		EGL_CONFORMANT: 5 EGL_OPENGL_ES_BIT, EGL_OPENGL_ES2_BIT,
04-11 03:38:12.504 15932 15965 V native-activity: 		EGL_CONFIG_CAVEAT: 12344 EGL_NONE,
04-11 03:38:12.504 15932 15965 V native-activity: 		EGL_RENDERABLE_TYPE: 5 EGL_OPENGL_ES_BIT, EGL_OPENGL_ES2_BIT,
04-11 03:38:12.504 15932 15965 V native-activity: 		EGL_SURFACE_TYPE: 3175 EGL_PBUFFER_BIT, EGL_PIXMAP_BIT, EGL_SWAP_BEHAVIOR_PRESERVED_BIT, EGL_VG_ALPHA_FORMAT_PRE_BIT, EGL_VG_COLORSPACE_LINEAR_BIT, EGL_WINDOW_BIT,
04-11 03:38:12.504 15932 15965 V native-activity: 		EGL_LEVEL: 0
04-11 03:38:12.504 15932 15965 V native-activity: 		EGL_COLOR_BUFFER_TYPE: 12430 EGL_RGB_BUFFER,
04-11 03:38:12.504 15932 15965 V native-activity: 		EGL_BUFFER_SIZE: 16
04-11 03:38:12.504 15932 15965 V native-activity: 		EGL_SAMPLES: 0
04-11 03:38:12.505 15932 15965 V native-activity: 		EGL_SAMPLE_BUFFERS: 0
04-11 03:38:12.505 15932 15965 V native-activity: 		EGL_RED_SIZE: 5
04-11 03:38:12.505 15932 15965 V native-activity: 		EGL_GREEN_SIZE: 6
04-11 03:38:12.505 15932 15965 V native-activity: 		EGL_BLUE_SIZE: 5
04-11 03:38:12.505 15932 15965 V native-activity: 		EGL_ALPHA_SIZE: 0
04-11 03:38:12.505 15932 15965 V native-activity: 		EGL_ALPHA_MASK_SIZE: 8
04-11 03:38:12.505 15932 15965 V native-activity: 		EGL_LUMINANCE_SIZE: 0
04-11 03:38:12.505 15932 15965 V native-activity: 		EGL_TRANSPARENT_TYPE: 12344 EGL_NONE,
04-11 03:38:12.505 15932 15965 V native-activity: 		EGL_TRANSPARENT_RED_VALUE: 0
04-11 03:38:12.505 15932 15965 V native-activity: 		EGL_TRANSPARENT_GREEN_VALUE: 0
04-11 03:38:12.505 15932 15965 V native-activity: 		EGL_TRANSPARENT_BLUE_VALUE: 0
04-11 03:38:12.505 15932 15965 V native-activity: 		EGL_STENCIL_SIZE: 8
04-11 03:38:12.505 15932 15965 V native-activity: 		EGL_DEPTH_SIZE: 16
04-11 03:38:12.505 15932 15965 V native-activity: 		EGL_BIND_TO_TEXTURE_RGB: 0
04-11 03:38:12.505 15932 15965 V native-activity: 		EGL_BIND_TO_TEXTURE_RGBA: 0
04-11 03:38:12.505 15932 15965 V native-activity: 		EGL_MIN_SWAP_INTERVAL: 0
04-11 03:38:12.505 15932 15965 V native-activity: 		EGL_MAX_SWAP_INTERVAL: 1
04-11 03:38:12.505 15932 15965 V native-activity: 		EGL_MAX_PBUFFER_WIDTH: 2048
04-11 03:38:12.505 15932 15965 V native-activity: 		EGL_MAX_PBUFFER_HEIGHT: 2048
04-11 03:38:12.505 15932 15965 D native-activity: 	Config 0xcaf32f index 6
04-11 03:38:12.505 15932 15965 V native-activity: 		EGL_CONFIG_ID: 9
04-11 03:38:12.505 15932 15965 V native-activity: 		EGL_CONFORMANT: 5 EGL_OPENGL_ES_BIT, EGL_OPENGL_ES2_BIT,
04-11 03:38:12.505 15932 15965 V native-activity: 		EGL_CONFIG_CAVEAT: 12344 EGL_NONE,
04-11 03:38:12.505 15932 15965 V native-activity: 		EGL_RENDERABLE_TYPE: 5 EGL_OPENGL_ES_BIT, EGL_OPENGL_ES2_BIT,
04-11 03:38:12.505 15932 15965 V native-activity: 		EGL_SURFACE_TYPE: 3175 EGL_PBUFFER_BIT, EGL_PIXMAP_BIT, EGL_SWAP_BEHAVIOR_PRESERVED_BIT, EGL_VG_ALPHA_FORMAT_PRE_BIT, EGL_VG_COLORSPACE_LINEAR_BIT, EGL_WINDOW_BIT,
04-11 03:38:12.505 15932 15965 V native-activity: 		EGL_LEVEL: 0
04-11 03:38:12.505 15932 15965 V native-activity: 		EGL_COLOR_BUFFER_TYPE: 12430 EGL_RGB_BUFFER,
04-11 03:38:12.505 15932 15965 V native-activity: 		EGL_BUFFER_SIZE: 16
04-11 03:38:12.505 15932 15965 V native-activity: 		EGL_SAMPLES: 0
04-11 03:38:12.505 15932 15965 V native-activity: 		EGL_SAMPLE_BUFFERS: 0
04-11 03:38:12.505 15932 15965 V native-activity: 		EGL_RED_SIZE: 5
04-11 03:38:12.505 15932 15965 V native-activity: 		EGL_GREEN_SIZE: 6
04-11 03:38:12.505 15932 15965 V native-activity: 		EGL_BLUE_SIZE: 5
04-11 03:38:12.505 15932 15965 V native-activity: 		EGL_ALPHA_SIZE: 0
04-11 03:38:12.505 15932 15965 V native-activity: 		EGL_ALPHA_MASK_SIZE: 8
04-11 03:38:12.505 15932 15965 V native-activity: 		EGL_LUMINANCE_SIZE: 0
04-11 03:38:12.505 15932 15965 V native-activity: 		EGL_TRANSPARENT_TYPE: 12344 EGL_NONE,
04-11 03:38:12.505 15932 15965 V native-activity: 		EGL_TRANSPARENT_RED_VALUE: 0
04-11 03:38:12.505 15932 15965 V native-activity: 		EGL_TRANSPARENT_GREEN_VALUE: 0
04-11 03:38:12.505 15932 15965 V native-activity: 		EGL_TRANSPARENT_BLUE_VALUE: 0
04-11 03:38:12.505 15932 15965 V native-activity: 		EGL_STENCIL_SIZE: 0
04-11 03:38:12.505 15932 15965 V native-activity: 		EGL_DEPTH_SIZE: 16
04-11 03:38:12.505 15932 15965 V native-activity: 		EGL_BIND_TO_TEXTURE_RGB: 0
04-11 03:38:12.505 15932 15965 V native-activity: 		EGL_BIND_TO_TEXTURE_RGBA: 0
04-11 03:38:12.505 15932 15965 V native-activity: 		EGL_MIN_SWAP_INTERVAL: 0
04-11 03:38:12.505 15932 15965 V native-activity: 		EGL_MAX_SWAP_INTERVAL: 1
04-11 03:38:12.505 15932 15965 V native-activity: 		EGL_MAX_PBUFFER_WIDTH: 2048
04-11 03:38:12.505 15932 15965 V native-activity: 		EGL_MAX_PBUFFER_HEIGHT: 2048
04-11 03:38:12.505 15932 15965 D native-activity: 	Config 0xcaf330 index 7
04-11 03:38:12.505 15932 15965 V native-activity: 		EGL_CONFIG_ID: 10
04-11 03:38:12.505 15932 15965 V native-activity: 		EGL_CONFORMANT: 5 EGL_OPENGL_ES_BIT, EGL_OPENGL_ES2_BIT,
04-11 03:38:12.505 15932 15965 V native-activity: 		EGL_CONFIG_CAVEAT: 12344 EGL_NONE,
04-11 03:38:12.505 15932 15965 V native-activity: 		EGL_RENDERABLE_TYPE: 5 EGL_OPENGL_ES_BIT, EGL_OPENGL_ES2_BIT,
04-11 03:38:12.505 15932 15965 V native-activity: 		EGL_SURFACE_TYPE: 3175 EGL_PBUFFER_BIT, EGL_PIXMAP_BIT, EGL_SWAP_BEHAVIOR_PRESERVED_BIT, EGL_VG_ALPHA_FORMAT_PRE_BIT, EGL_VG_COLORSPACE_LINEAR_BIT, EGL_WINDOW_BIT,
04-11 03:38:12.505 15932 15965 V native-activity: 		EGL_LEVEL: 0
04-11 03:38:12.505 15932 15965 V native-activity: 		EGL_COLOR_BUFFER_TYPE: 12430 EGL_RGB_BUFFER,
04-11 03:38:12.505 15932 15965 V native-activity: 		EGL_BUFFER_SIZE: 16
04-11 03:38:12.505 15932 15965 V native-activity: 		EGL_SAMPLES: 0
04-11 03:38:12.505 15932 15965 V native-activity: 		EGL_SAMPLE_BUFFERS: 0
04-11 03:38:12.505 15932 15965 V native-activity: 		EGL_RED_SIZE: 5
04-11 03:38:12.505 15932 15965 V native-activity: 		EGL_GREEN_SIZE: 6
04-11 03:38:12.505 15932 15965 V native-activity: 		EGL_BLUE_SIZE: 5
04-11 03:38:12.505 15932 15965 V native-activity: 		EGL_ALPHA_SIZE: 0
04-11 03:38:12.505 15932 15965 V native-activity: 		EGL_ALPHA_MASK_SIZE: 8
04-11 03:38:12.505 15932 15965 V native-activity: 		EGL_LUMINANCE_SIZE: 0
04-11 03:38:12.505 15932 15965 V native-activity: 		EGL_TRANSPARENT_TYPE: 12344 EGL_NONE,
04-11 03:38:12.505 15932 15965 V native-activity: 		EGL_TRANSPARENT_RED_VALUE: 0
04-11 03:38:12.505 15932 15965 V native-activity: 		EGL_TRANSPARENT_GREEN_VALUE: 0
04-11 03:38:12.505 15932 15965 V native-activity: 		EGL_TRANSPARENT_BLUE_VALUE: 0
04-11 03:38:12.505 15932 15965 V native-activity: 		EGL_STENCIL_SIZE: 8
04-11 03:38:12.505 15932 15965 V native-activity: 		EGL_DEPTH_SIZE: 0
04-11 03:38:12.505 15932 15965 V native-activity: 		EGL_BIND_TO_TEXTURE_RGB: 0
04-11 03:38:12.505 15932 15965 V native-activity: 		EGL_BIND_TO_TEXTURE_RGBA: 0
04-11 03:38:12.505 15932 15965 V native-activity: 		EGL_MIN_SWAP_INTERVAL: 0
04-11 03:38:12.505 15932 15965 V native-activity: 		EGL_MAX_SWAP_INTERVAL: 1
04-11 03:38:12.505 15932 15965 V native-activity: 		EGL_MAX_PBUFFER_WIDTH: 2048
04-11 03:38:12.505 15932 15965 V native-activity: 		EGL_MAX_PBUFFER_HEIGHT: 2048
04-11 03:38:12.505 15932 15965 D native-activity: 	Config 0xcaf331 index 8
04-11 03:38:12.505 15932 15965 V native-activity: 		EGL_CONFIG_ID: 11
04-11 03:38:12.505 15932 15965 V native-activity: 		EGL_CONFORMANT: 5 EGL_OPENGL_ES_BIT, EGL_OPENGL_ES2_BIT,
04-11 03:38:12.505 15932 15965 V native-activity: 		EGL_CONFIG_CAVEAT: 12344 EGL_NONE,
04-11 03:38:12.505 15932 15965 V native-activity: 		EGL_RENDERABLE_TYPE: 5 EGL_OPENGL_ES_BIT, EGL_OPENGL_ES2_BIT,
04-11 03:38:12.505 15932 15965 V native-activity: 		EGL_SURFACE_TYPE: 3175 EGL_PBUFFER_BIT, EGL_PIXMAP_BIT, EGL_SWAP_BEHAVIOR_PRESERVED_BIT, EGL_VG_ALPHA_FORMAT_PRE_BIT, EGL_VG_COLORSPACE_LINEAR_BIT, EGL_WINDOW_BIT,
04-11 03:38:12.505 15932 15965 V native-activity: 		EGL_LEVEL: 0
04-11 03:38:12.505 15932 15965 V native-activity: 		EGL_COLOR_BUFFER_TYPE: 12430 EGL_RGB_BUFFER,
04-11 03:38:12.505 15932 15965 V native-activity: 		EGL_BUFFER_SIZE: 16
04-11 03:38:12.505 15932 15965 V native-activity: 		EGL_SAMPLES: 0
04-11 03:38:12.505 15932 15965 V native-activity: 		EGL_SAMPLE_BUFFERS: 0
04-11 03:38:12.505 15932 15965 V native-activity: 		EGL_RED_SIZE: 5
04-11 03:38:12.505 15932 15965 V native-activity: 		EGL_GREEN_SIZE: 6
04-11 03:38:12.505 15932 15965 V native-activity: 		EGL_BLUE_SIZE: 5
04-11 03:38:12.505 15932 15965 V native-activity: 		EGL_ALPHA_SIZE: 0
04-11 03:38:12.505 15932 15965 V native-activity: 		EGL_ALPHA_MASK_SIZE: 8
04-11 03:38:12.505 15932 15965 V native-activity: 		EGL_LUMINANCE_SIZE: 0
04-11 03:38:12.505 15932 15965 V native-activity: 		EGL_TRANSPARENT_TYPE: 12344 EGL_NONE,
04-11 03:38:12.505 15932 15965 V native-activity: 		EGL_TRANSPARENT_RED_VALUE: 0
04-11 03:38:12.505 15932 15965 V native-activity: 		EGL_TRANSPARENT_GREEN_VALUE: 0
04-11 03:38:12.505 15932 15965 V native-activity: 		EGL_TRANSPARENT_BLUE_VALUE: 0
04-11 03:38:12.505 15932 15965 V native-activity: 		EGL_STENCIL_SIZE: 0
04-11 03:38:12.505 15932 15965 V native-activity: 		EGL_DEPTH_SIZE: 0
04-11 03:38:12.505 15932 15965 V native-activity: 		EGL_BIND_TO_TEXTURE_RGB: 0
04-11 03:38:12.505 15932 15965 V native-activity: 		EGL_BIND_TO_TEXTURE_RGBA: 0
04-11 03:38:12.505 15932 15965 V native-activity: 		EGL_MIN_SWAP_INTERVAL: 0
04-11 03:38:12.505 15932 15965 V native-activity: 		EGL_MAX_SWAP_INTERVAL: 1
04-11 03:38:12.505 15932 15965 V native-activity: 		EGL_MAX_PBUFFER_WIDTH: 2048
04-11 03:38:12.506 15932 15965 V native-activity: 		EGL_MAX_PBUFFER_HEIGHT: 2048
04-11 03:38:12.506 15932 15965 D native-activity: 	Config 0xcaf332 index 9
04-11 03:38:12.506 15932 15965 V native-activity: 		EGL_CONFIG_ID: 12
04-11 03:38:12.506 15932 15965 V native-activity: 		EGL_CONFORMANT: 5 EGL_OPENGL_ES_BIT, EGL_OPENGL_ES2_BIT,
04-11 03:38:12.506 15932 15965 V native-activity: 		EGL_CONFIG_CAVEAT: 12344 EGL_NONE,
04-11 03:38:12.506 15932 15965 V native-activity: 		EGL_RENDERABLE_TYPE: 5 EGL_OPENGL_ES_BIT, EGL_OPENGL_ES2_BIT,
04-11 03:38:12.506 15932 15965 V native-activity: 		EGL_SURFACE_TYPE: 97 EGL_PBUFFER_BIT, EGL_VG_ALPHA_FORMAT_PRE_BIT, EGL_VG_COLORSPACE_LINEAR_BIT,
04-11 03:38:12.506 15932 15965 V native-activity: 		EGL_LEVEL: 0
04-11 03:38:12.506 15932 15965 V native-activity: 		EGL_COLOR_BUFFER_TYPE: 12430 EGL_RGB_BUFFER,
04-11 03:38:12.506 15932 15965 V native-activity: 		EGL_BUFFER_SIZE: 16
04-11 03:38:12.506 15932 15965 V native-activity: 		EGL_SAMPLES: 0
04-11 03:38:12.506 15932 15965 V native-activity: 		EGL_SAMPLE_BUFFERS: 0
04-11 03:38:12.506 15932 15965 V native-activity: 		EGL_RED_SIZE: 4
04-11 03:38:12.506 15932 15965 V native-activity: 		EGL_GREEN_SIZE: 4
04-11 03:38:12.506 15932 15965 V native-activity: 		EGL_BLUE_SIZE: 4
04-11 03:38:12.506 15932 15965 V native-activity: 		EGL_ALPHA_SIZE: 4
04-11 03:38:12.506 15932 15965 V native-activity: 		EGL_ALPHA_MASK_SIZE: 8
04-11 03:38:12.506 15932 15965 V native-activity: 		EGL_LUMINANCE_SIZE: 0
04-11 03:38:12.506 15932 15965 V native-activity: 		EGL_TRANSPARENT_TYPE: 12344 EGL_NONE,
04-11 03:38:12.506 15932 15965 V native-activity: 		EGL_TRANSPARENT_RED_VALUE: 0
04-11 03:38:12.506 15932 15965 V native-activity: 		EGL_TRANSPARENT_GREEN_VALUE: 0
04-11 03:38:12.506 15932 15965 V native-activity: 		EGL_TRANSPARENT_BLUE_VALUE: 0
04-11 03:38:12.506 15932 15965 V native-activity: 		EGL_STENCIL_SIZE: 8
04-11 03:38:12.506 15932 15965 V native-activity: 		EGL_DEPTH_SIZE: 16
04-11 03:38:12.506 15932 15965 V native-activity: 		EGL_BIND_TO_TEXTURE_RGB: 0
04-11 03:38:12.506 15932 15965 V native-activity: 		EGL_BIND_TO_TEXTURE_RGBA: 0
04-11 03:38:12.506 15932 15965 V native-activity: 		EGL_MIN_SWAP_INTERVAL: 0
04-11 03:38:12.506 15932 15965 V native-activity: 		EGL_MAX_SWAP_INTERVAL: 200
04-11 03:38:12.506 15932 15965 V native-activity: 		EGL_MAX_PBUFFER_WIDTH: 2048
04-11 03:38:12.506 15932 15965 V native-activity: 		EGL_MAX_PBUFFER_HEIGHT: 2048
04-11 03:38:12.506 15932 15965 D native-activity: 	Config 0xcaf333 index 10
04-11 03:38:12.506 15932 15965 V native-activity: 		EGL_CONFIG_ID: 13
04-11 03:38:12.506 15932 15965 V native-activity: 		EGL_CONFORMANT: 5 EGL_OPENGL_ES_BIT, EGL_OPENGL_ES2_BIT,
04-11 03:38:12.506 15932 15965 V native-activity: 		EGL_CONFIG_CAVEAT: 12344 EGL_NONE,
04-11 03:38:12.506 15932 15965 V native-activity: 		EGL_RENDERABLE_TYPE: 5 EGL_OPENGL_ES_BIT, EGL_OPENGL_ES2_BIT,
04-11 03:38:12.506 15932 15965 V native-activity: 		EGL_SURFACE_TYPE: 97 EGL_PBUFFER_BIT, EGL_VG_ALPHA_FORMAT_PRE_BIT, EGL_VG_COLORSPACE_LINEAR_BIT,
04-11 03:38:12.506 15932 15965 V native-activity: 		EGL_LEVEL: 0
04-11 03:38:12.506 15932 15965 V native-activity: 		EGL_COLOR_BUFFER_TYPE: 12430 EGL_RGB_BUFFER,
04-11 03:38:12.506 15932 15965 V native-activity: 		EGL_BUFFER_SIZE: 16
04-11 03:38:12.506 15932 15965 V native-activity: 		EGL_SAMPLES: 0
04-11 03:38:12.506 15932 15965 V native-activity: 		EGL_SAMPLE_BUFFERS: 0
04-11 03:38:12.506 15932 15965 V native-activity: 		EGL_RED_SIZE: 4
04-11 03:38:12.506 15932 15965 V native-activity: 		EGL_GREEN_SIZE: 4
04-11 03:38:12.506 15932 15965 V native-activity: 		EGL_BLUE_SIZE: 4
04-11 03:38:12.506 15932 15965 V native-activity: 		EGL_ALPHA_SIZE: 4
04-11 03:38:12.506 15932 15965 V native-activity: 		EGL_ALPHA_MASK_SIZE: 8
04-11 03:38:12.506 15932 15965 V native-activity: 		EGL_LUMINANCE_SIZE: 0
04-11 03:38:12.506 15932 15965 V native-activity: 		EGL_TRANSPARENT_TYPE: 12344 EGL_NONE,
04-11 03:38:12.506 15932 15965 V native-activity: 		EGL_TRANSPARENT_RED_VALUE: 0
04-11 03:38:12.506 15932 15965 V native-activity: 		EGL_TRANSPARENT_GREEN_VALUE: 0
04-11 03:38:12.506 15932 15965 V native-activity: 		EGL_TRANSPARENT_BLUE_VALUE: 0
04-11 03:38:12.506 15932 15965 V native-activity: 		EGL_STENCIL_SIZE: 0
04-11 03:38:12.506 15932 15965 V native-activity: 		EGL_DEPTH_SIZE: 16
04-11 03:38:12.506 15932 15965 V native-activity: 		EGL_BIND_TO_TEXTURE_RGB: 0
04-11 03:38:12.506 15932 15965 V native-activity: 		EGL_BIND_TO_TEXTURE_RGBA: 0
04-11 03:38:12.506 15932 15965 V native-activity: 		EGL_MIN_SWAP_INTERVAL: 0
04-11 03:38:12.506 15932 15965 V native-activity: 		EGL_MAX_SWAP_INTERVAL: 200
04-11 03:38:12.506 15932 15965 V native-activity: 		EGL_MAX_PBUFFER_WIDTH: 2048
04-11 03:38:12.506 15932 15965 V native-activity: 		EGL_MAX_PBUFFER_HEIGHT: 2048
04-11 03:38:12.506 15932 15965 D native-activity: 	Config 0xcaf334 index 11
04-11 03:38:12.506 15932 15965 V native-activity: 		EGL_CONFIG_ID: 14
04-11 03:38:12.506 15932 15965 V native-activity: 		EGL_CONFORMANT: 5 EGL_OPENGL_ES_BIT, EGL_OPENGL_ES2_BIT,
04-11 03:38:12.506 15932 15965 V native-activity: 		EGL_CONFIG_CAVEAT: 12344 EGL_NONE,
04-11 03:38:12.506 15932 15965 V native-activity: 		EGL_RENDERABLE_TYPE: 5 EGL_OPENGL_ES_BIT, EGL_OPENGL_ES2_BIT,
04-11 03:38:12.506 15932 15965 V native-activity: 		EGL_SURFACE_TYPE: 97 EGL_PBUFFER_BIT, EGL_VG_ALPHA_FORMAT_PRE_BIT, EGL_VG_COLORSPACE_LINEAR_BIT,
04-11 03:38:12.506 15932 15965 V native-activity: 		EGL_LEVEL: 0
04-11 03:38:12.506 15932 15965 V native-activity: 		EGL_COLOR_BUFFER_TYPE: 12430 EGL_RGB_BUFFER,
04-11 03:38:12.506 15932 15965 V native-activity: 		EGL_BUFFER_SIZE: 16
04-11 03:38:12.506 15932 15965 V native-activity: 		EGL_SAMPLES: 0
04-11 03:38:12.506 15932 15965 V native-activity: 		EGL_SAMPLE_BUFFERS: 0
04-11 03:38:12.506 15932 15965 V native-activity: 		EGL_RED_SIZE: 4
04-11 03:38:12.506 15932 15965 V native-activity: 		EGL_GREEN_SIZE: 4
04-11 03:38:12.506 15932 15965 V native-activity: 		EGL_BLUE_SIZE: 4
04-11 03:38:12.506 15932 15965 V native-activity: 		EGL_ALPHA_SIZE: 4
04-11 03:38:12.506 15932 15965 V native-activity: 		EGL_ALPHA_MASK_SIZE: 8
04-11 03:38:12.506 15932 15965 V native-activity: 		EGL_LUMINANCE_SIZE: 0
04-11 03:38:12.506 15932 15965 V native-activity: 		EGL_TRANSPARENT_TYPE: 12344 EGL_NONE,
04-11 03:38:12.506 15932 15965 V native-activity: 		EGL_TRANSPARENT_RED_VALUE: 0
04-11 03:38:12.506 15932 15965 V native-activity: 		EGL_TRANSPARENT_GREEN_VALUE: 0
04-11 03:38:12.506 15932 15965 V native-activity: 		EGL_TRANSPARENT_BLUE_VALUE: 0
04-11 03:38:12.506 15932 15965 V native-activity: 		EGL_STENCIL_SIZE: 8
04-11 03:38:12.506 15932 15965 V native-activity: 		EGL_DEPTH_SIZE: 0
04-11 03:38:12.506 15932 15965 V native-activity: 		EGL_BIND_TO_TEXTURE_RGB: 0
04-11 03:38:12.506 15932 15965 V native-activity: 		EGL_BIND_TO_TEXTURE_RGBA: 0
04-11 03:38:12.506 15932 15965 V native-activity: 		EGL_MIN_SWAP_INTERVAL: 0
04-11 03:38:12.506 15932 15965 V native-activity: 		EGL_MAX_SWAP_INTERVAL: 200
04-11 03:38:12.506 15932 15965 V native-activity: 		EGL_MAX_PBUFFER_WIDTH: 2048
04-11 03:38:12.506 15932 15965 V native-activity: 		EGL_MAX_PBUFFER_HEIGHT: 2048
04-11 03:38:12.506 15932 15965 D native-activity: 	Config 0xcaf335 index 12
04-11 03:38:12.506 15932 15965 V native-activity: 		EGL_CONFIG_ID: 15
04-11 03:38:12.506 15932 15965 V native-activity: 		EGL_CONFORMANT: 5 EGL_OPENGL_ES_BIT, EGL_OPENGL_ES2_BIT,
04-11 03:38:12.506 15932 15965 V native-activity: 		EGL_CONFIG_CAVEAT: 12344 EGL_NONE,
04-11 03:38:12.506 15932 15965 V native-activity: 		EGL_RENDERABLE_TYPE: 5 EGL_OPENGL_ES_BIT, EGL_OPENGL_ES2_BIT,
04-11 03:38:12.506 15932 15965 V native-activity: 		EGL_SURFACE_TYPE: 97 EGL_PBUFFER_BIT, EGL_VG_ALPHA_FORMAT_PRE_BIT, EGL_VG_COLORSPACE_LINEAR_BIT,
04-11 03:38:12.506 15932 15965 V native-activity: 		EGL_LEVEL: 0
04-11 03:38:12.506 15932 15965 V native-activity: 		EGL_COLOR_BUFFER_TYPE: 12430 EGL_RGB_BUFFER,
04-11 03:38:12.506 15932 15965 V native-activity: 		EGL_BUFFER_SIZE: 16
04-11 03:38:12.506 15932 15965 V native-activity: 		EGL_SAMPLES: 0
04-11 03:38:12.506 15932 15965 V native-activity: 		EGL_SAMPLE_BUFFERS: 0
04-11 03:38:12.506 15932 15965 V native-activity: 		EGL_RED_SIZE: 4
04-11 03:38:12.506 15932 15965 V native-activity: 		EGL_GREEN_SIZE: 4
04-11 03:38:12.506 15932 15965 V native-activity: 		EGL_BLUE_SIZE: 4
04-11 03:38:12.506 15932 15965 V native-activity: 		EGL_ALPHA_SIZE: 4
04-11 03:38:12.506 15932 15965 V native-activity: 		EGL_ALPHA_MASK_SIZE: 8
04-11 03:38:12.506 15932 15965 V native-activity: 		EGL_LUMINANCE_SIZE: 0
04-11 03:38:12.506 15932 15965 V native-activity: 		EGL_TRANSPARENT_TYPE: 12344 EGL_NONE,
04-11 03:38:12.506 15932 15965 V native-activity: 		EGL_TRANSPARENT_RED_VALUE: 0
04-11 03:38:12.506 15932 15965 V native-activity: 		EGL_TRANSPARENT_GREEN_VALUE: 0
04-11 03:38:12.506 15932 15965 V native-activity: 		EGL_TRANSPARENT_BLUE_VALUE: 0
04-11 03:38:12.506 15932 15965 V native-activity: 		EGL_STENCIL_SIZE: 0
04-11 03:38:12.506 15932 15965 V native-activity: 		EGL_DEPTH_SIZE: 0
04-11 03:38:12.506 15932 15965 V native-activity: 		EGL_BIND_TO_TEXTURE_RGB: 0
04-11 03:38:12.506 15932 15965 V native-activity: 		EGL_BIND_TO_TEXTURE_RGBA: 0
04-11 03:38:12.506 15932 15965 V native-activity: 		EGL_MIN_SWAP_INTERVAL: 0
04-11 03:38:12.506 15932 15965 V native-activity: 		EGL_MAX_SWAP_INTERVAL: 200
04-11 03:38:12.506 15932 15965 V native-activity: 		EGL_MAX_PBUFFER_WIDTH: 2048
04-11 03:38:12.506 15932 15965 V native-activity: 		EGL_MAX_PBUFFER_HEIGHT: 2048
04-11 03:38:12.506 15932 15965 D native-activity: 	Config 0xcaf336 index 13
04-11 03:38:12.506 15932 15965 V native-activity: 		EGL_CONFIG_ID: 16
04-11 03:38:12.506 15932 15965 V native-activity: 		EGL_CONFORMANT: 5 EGL_OPENGL_ES_BIT, EGL_OPENGL_ES2_BIT,
04-11 03:38:12.507 15932 15965 V native-activity: 		EGL_CONFIG_CAVEAT: 12344 EGL_NONE,
04-11 03:38:12.507 15932 15965 V native-activity: 		EGL_RENDERABLE_TYPE: 5 EGL_OPENGL_ES_BIT, EGL_OPENGL_ES2_BIT,
04-11 03:38:12.507 15932 15965 V native-activity: 		EGL_SURFACE_TYPE: 97 EGL_PBUFFER_BIT, EGL_VG_ALPHA_FORMAT_PRE_BIT, EGL_VG_COLORSPACE_LINEAR_BIT,
04-11 03:38:12.507 15932 15965 V native-activity: 		EGL_LEVEL: 0
04-11 03:38:12.507 15932 15965 V native-activity: 		EGL_COLOR_BUFFER_TYPE: 12430 EGL_RGB_BUFFER,
04-11 03:38:12.507 15932 15965 V native-activity: 		EGL_BUFFER_SIZE: 16
04-11 03:38:12.507 15932 15965 V native-activity: 		EGL_SAMPLES: 0
04-11 03:38:12.507 15932 15965 V native-activity: 		EGL_SAMPLE_BUFFERS: 0
04-11 03:38:12.507 15932 15965 V native-activity: 		EGL_RED_SIZE: 5
04-11 03:38:12.507 15932 15965 V native-activity: 		EGL_GREEN_SIZE: 5
04-11 03:38:12.507 15932 15965 V native-activity: 		EGL_BLUE_SIZE: 5
04-11 03:38:12.507 15932 15965 V native-activity: 		EGL_ALPHA_SIZE: 1
04-11 03:38:12.507 15932 15965 V native-activity: 		EGL_ALPHA_MASK_SIZE: 8
04-11 03:38:12.507 15932 15965 V native-activity: 		EGL_LUMINANCE_SIZE: 0
04-11 03:38:12.507 15932 15965 V native-activity: 		EGL_TRANSPARENT_TYPE: 12344 EGL_NONE,
04-11 03:38:12.507 15932 15965 V native-activity: 		EGL_TRANSPARENT_RED_VALUE: 0
04-11 03:38:12.507 15932 15965 V native-activity: 		EGL_TRANSPARENT_GREEN_VALUE: 0
04-11 03:38:12.507 15932 15965 V native-activity: 		EGL_TRANSPARENT_BLUE_VALUE: 0
04-11 03:38:12.507 15932 15965 V native-activity: 		EGL_STENCIL_SIZE: 8
04-11 03:38:12.507 15932 15965 V native-activity: 		EGL_DEPTH_SIZE: 16
04-11 03:38:12.507 15932 15965 V native-activity: 		EGL_BIND_TO_TEXTURE_RGB: 0
04-11 03:38:12.507 15932 15965 V native-activity: 		EGL_BIND_TO_TEXTURE_RGBA: 0
04-11 03:38:12.507 15932 15965 V native-activity: 		EGL_MIN_SWAP_INTERVAL: 0
04-11 03:38:12.507 15932 15965 V native-activity: 		EGL_MAX_SWAP_INTERVAL: 200
04-11 03:38:12.507 15932 15965 V native-activity: 		EGL_MAX_PBUFFER_WIDTH: 2048
04-11 03:38:12.507 15932 15965 V native-activity: 		EGL_MAX_PBUFFER_HEIGHT: 2048
04-11 03:38:12.507 15932 15965 D native-activity: 	Config 0xcaf337 index 14
04-11 03:38:12.507 15932 15965 V native-activity: 		EGL_CONFIG_ID: 17
04-11 03:38:12.507 15932 15965 V native-activity: 		EGL_CONFORMANT: 5 EGL_OPENGL_ES_BIT, EGL_OPENGL_ES2_BIT,
04-11 03:38:12.507 15932 15965 V native-activity: 		EGL_CONFIG_CAVEAT: 12344 EGL_NONE,
04-11 03:38:12.507 15932 15965 V native-activity: 		EGL_RENDERABLE_TYPE: 5 EGL_OPENGL_ES_BIT, EGL_OPENGL_ES2_BIT,
04-11 03:38:12.507 15932 15965 V native-activity: 		EGL_SURFACE_TYPE: 97 EGL_PBUFFER_BIT, EGL_VG_ALPHA_FORMAT_PRE_BIT, EGL_VG_COLORSPACE_LINEAR_BIT,
04-11 03:38:12.507 15932 15965 V native-activity: 		EGL_LEVEL: 0
04-11 03:38:12.507 15932 15965 V native-activity: 		EGL_COLOR_BUFFER_TYPE: 12430 EGL_RGB_BUFFER,
04-11 03:38:12.507 15932 15965 V native-activity: 		EGL_BUFFER_SIZE: 16
04-11 03:38:12.507 15932 15965 V native-activity: 		EGL_SAMPLES: 0
04-11 03:38:12.507 15932 15965 V native-activity: 		EGL_SAMPLE_BUFFERS: 0
04-11 03:38:12.507 15932 15965 V native-activity: 		EGL_RED_SIZE: 5
04-11 03:38:12.507 15932 15965 V native-activity: 		EGL_GREEN_SIZE: 5
04-11 03:38:12.507 15932 15965 V native-activity: 		EGL_BLUE_SIZE: 5
04-11 03:38:12.507 15932 15965 V native-activity: 		EGL_ALPHA_SIZE: 1
04-11 03:38:12.507 15932 15965 V native-activity: 		EGL_ALPHA_MASK_SIZE: 8
04-11 03:38:12.507 15932 15965 V native-activity: 		EGL_LUMINANCE_SIZE: 0
04-11 03:38:12.507 15932 15965 V native-activity: 		EGL_TRANSPARENT_TYPE: 12344 EGL_NONE,
04-11 03:38:12.507 15932 15965 V native-activity: 		EGL_TRANSPARENT_RED_VALUE: 0
04-11 03:38:12.507 15932 15965 V native-activity: 		EGL_TRANSPARENT_GREEN_VALUE: 0
04-11 03:38:12.507 15932 15965 V native-activity: 		EGL_TRANSPARENT_BLUE_VALUE: 0
04-11 03:38:12.507 15932 15965 V native-activity: 		EGL_STENCIL_SIZE: 0
04-11 03:38:12.507 15932 15965 V native-activity: 		EGL_DEPTH_SIZE: 16
04-11 03:38:12.507 15932 15965 V native-activity: 		EGL_BIND_TO_TEXTURE_RGB: 0
04-11 03:38:12.507 15932 15965 V native-activity: 		EGL_BIND_TO_TEXTURE_RGBA: 0
04-11 03:38:12.507 15932 15965 V native-activity: 		EGL_MIN_SWAP_INTERVAL: 0
04-11 03:38:12.507 15932 15965 V native-activity: 		EGL_MAX_SWAP_INTERVAL: 200
04-11 03:38:12.507 15932 15965 V native-activity: 		EGL_MAX_PBUFFER_WIDTH: 2048
04-11 03:38:12.507 15932 15965 V native-activity: 		EGL_MAX_PBUFFER_HEIGHT: 2048
04-11 03:38:12.507 15932 15965 D native-activity: 	Config 0xcaf338 index 15
04-11 03:38:12.507 15932 15965 V native-activity: 		EGL_CONFIG_ID: 18
04-11 03:38:12.507 15932 15965 V native-activity: 		EGL_CONFORMANT: 5 EGL_OPENGL_ES_BIT, EGL_OPENGL_ES2_BIT,
04-11 03:38:12.507 15932 15965 V native-activity: 		EGL_CONFIG_CAVEAT: 12344 EGL_NONE,
04-11 03:38:12.507 15932 15965 V native-activity: 		EGL_RENDERABLE_TYPE: 5 EGL_OPENGL_ES_BIT, EGL_OPENGL_ES2_BIT,
04-11 03:38:12.507 15932 15965 V native-activity: 		EGL_SURFACE_TYPE: 97 EGL_PBUFFER_BIT, EGL_VG_ALPHA_FORMAT_PRE_BIT, EGL_VG_COLORSPACE_LINEAR_BIT,
04-11 03:38:12.507 15932 15965 V native-activity: 		EGL_LEVEL: 0
04-11 03:38:12.507 15932 15965 V native-activity: 		EGL_COLOR_BUFFER_TYPE: 12430 EGL_RGB_BUFFER,
04-11 03:38:12.507 15932 15965 V native-activity: 		EGL_BUFFER_SIZE: 16
04-11 03:38:12.507 15932 15965 V native-activity: 		EGL_SAMPLES: 0
04-11 03:38:12.507 15932 15965 V native-activity: 		EGL_SAMPLE_BUFFERS: 0
04-11 03:38:12.507 15932 15965 V native-activity: 		EGL_RED_SIZE: 5
04-11 03:38:12.507 15932 15965 V native-activity: 		EGL_GREEN_SIZE: 5
04-11 03:38:12.507 15932 15965 V native-activity: 		EGL_BLUE_SIZE: 5
04-11 03:38:12.507 15932 15965 V native-activity: 		EGL_ALPHA_SIZE: 1
04-11 03:38:12.507 15932 15965 V native-activity: 		EGL_ALPHA_MASK_SIZE: 8
04-11 03:38:12.507 15932 15965 V native-activity: 		EGL_LUMINANCE_SIZE: 0
04-11 03:38:12.507 15932 15965 V native-activity: 		EGL_TRANSPARENT_TYPE: 12344 EGL_NONE,
04-11 03:38:12.507 15932 15965 V native-activity: 		EGL_TRANSPARENT_RED_VALUE: 0
04-11 03:38:12.507 15932 15965 V native-activity: 		EGL_TRANSPARENT_GREEN_VALUE: 0
04-11 03:38:12.507 15932 15965 V native-activity: 		EGL_TRANSPARENT_BLUE_VALUE: 0
04-11 03:38:12.507 15932 15965 V native-activity: 		EGL_STENCIL_SIZE: 8
04-11 03:38:12.507 15932 15965 V native-activity: 		EGL_DEPTH_SIZE: 0
04-11 03:38:12.507 15932 15965 V native-activity: 		EGL_BIND_TO_TEXTURE_RGB: 0
04-11 03:38:12.507 15932 15965 V native-activity: 		EGL_BIND_TO_TEXTURE_RGBA: 0
04-11 03:38:12.507 15932 15965 V native-activity: 		EGL_MIN_SWAP_INTERVAL: 0
04-11 03:38:12.507 15932 15965 V native-activity: 		EGL_MAX_SWAP_INTERVAL: 200
04-11 03:38:12.507 15932 15965 V native-activity: 		EGL_MAX_PBUFFER_WIDTH: 2048
04-11 03:38:12.507 15932 15965 V native-activity: 		EGL_MAX_PBUFFER_HEIGHT: 2048
04-11 03:38:12.507 15932 15965 D native-activity: 	Config 0xcaf339 index 16
04-11 03:38:12.507 15932 15965 V native-activity: 		EGL_CONFIG_ID: 19
04-11 03:38:12.507 15932 15965 V native-activity: 		EGL_CONFORMANT: 5 EGL_OPENGL_ES_BIT, EGL_OPENGL_ES2_BIT,
04-11 03:38:12.507 15932 15965 V native-activity: 		EGL_CONFIG_CAVEAT: 12344 EGL_NONE,
04-11 03:38:12.507 15932 15965 V native-activity: 		EGL_RENDERABLE_TYPE: 5 EGL_OPENGL_ES_BIT, EGL_OPENGL_ES2_BIT,
04-11 03:38:12.507 15932 15965 V native-activity: 		EGL_SURFACE_TYPE: 97 EGL_PBUFFER_BIT, EGL_VG_ALPHA_FORMAT_PRE_BIT, EGL_VG_COLORSPACE_LINEAR_BIT,
04-11 03:38:12.507 15932 15965 V native-activity: 		EGL_LEVEL: 0
04-11 03:38:12.507 15932 15965 V native-activity: 		EGL_COLOR_BUFFER_TYPE: 12430 EGL_RGB_BUFFER,
04-11 03:38:12.507 15932 15965 V native-activity: 		EGL_BUFFER_SIZE: 16
04-11 03:38:12.507 15932 15965 V native-activity: 		EGL_SAMPLES: 0
04-11 03:38:12.507 15932 15965 V native-activity: 		EGL_SAMPLE_BUFFERS: 0
